Archive member included to satisfy reference by file (symbol)

/cygdrive/d/Users/Alex/Desktop/Toolchain/Output/bin/../lib/gcc/i386-banana/8.1.0/libkgcc.a(_divdi3.o)
                              krnl/resolve.32 (__divdi3)
/cygdrive/d/Users/Alex/Desktop/Toolchain/Output/bin/../lib/gcc/i386-banana/8.1.0/libkgcc.a(_moddi3.o)
                              krnl/resolve.32 (__moddi3)
/cygdrive/d/Users/Alex/Desktop/Toolchain/Output/bin/../lib/gcc/i386-banana/8.1.0/libkgcc.a(_udivdi3.o)
                              hal/clock.32 (__udivdi3)
/cygdrive/d/Users/Alex/Desktop/Toolchain/Output/bin/../lib/gcc/i386-banana/8.1.0/libkgcc.a(_umoddi3.o)
                              core/pipe.32 (__umoddi3)

Allocating common symbols
Common symbol       size              file

dcache              0x40              fs/iso9660/iso9660.32
cdDriveLetter       0x1               fs/iso9660/iso9660.32
icache              0x40              fs/iso9660/iso9660.32

Discarded input sections

 .comment       0x0000000000000000       0x12 /cygdrive/d/Users/Alex/Desktop/Toolchain/Output/bin/../lib/gcc/i386-banana/8.1.0/crtbegin.o
 .comment       0x0000000000000000       0x12 acpica/utclib.32
 .comment       0x0000000000000000       0x12 core/malloc.32
 .comment       0x0000000000000000       0x12 libk/ctype.32
 .comment       0x0000000000000000       0x12 libk/string.32
 .comment       0x0000000000000000       0x12 fs/fat/diskio.32
 .comment       0x0000000000000000       0x12 fs/fat/ff.32
 .comment       0x0000000000000000       0x12 fs/fat/ffsystem.32
 .comment       0x0000000000000000       0x12 fs/fat/ffunicode.32
 .comment       0x0000000000000000       0x12 fs/iso9660/iso9660.32
 .group         0x0000000000000000       0x14 core/computer.32
 .group         0x0000000000000000        0xc core/computer.32
 .comment       0x0000000000000000       0x12 core/computer.32
 .comment       0x0000000000000000       0x12 core/gdt.32
 .group         0x0000000000000000        0xc core/idle.32
 .comment       0x0000000000000000       0x12 core/idle.32
 .comment       0x0000000000000000       0x12 core/idt.32
 .comment       0x0000000000000000       0x12 core/kheap.32
 .comment       0x0000000000000000       0x12 core/main.32
 .comment       0x0000000000000000       0x12 core/physmgr.32
 .group         0x0000000000000000        0xc core/pipe.32
 .comment       0x0000000000000000       0x12 core/pipe.32
 .group         0x0000000000000000        0xc core/terminal.32
 .comment       0x0000000000000000       0x12 core/terminal.32
 .comment       0x0000000000000000       0x12 core/tss.32
 .group         0x0000000000000000        0x8 core/unixfile.32
 .group         0x0000000000000000        0x8 core/unixfile.32
 .group         0x0000000000000000        0xc core/unixfile.32
 .group         0x0000000000000000        0x8 core/unixfile.32
 .group         0x0000000000000000        0xc core/unixfile.32
 .group         0x0000000000000000        0x8 core/unixfile.32
 .group         0x0000000000000000        0xc core/unixfile.32
 .group         0x0000000000000000        0xc core/unixfile.32
 .comment       0x0000000000000000       0x12 core/unixfile.32
 .comment       0x0000000000000000       0x12 core/virtmgr.32
 .comment       0x0000000000000000       0x12 coreobjs/c++.32
 .comment       0x0000000000000000       0x12 dbg/kconsole.32
 .comment       0x0000000000000000       0x12 dbg/usban.32
 .comment       0x0000000000000000       0x12 fs/symlink.32
 .group         0x0000000000000000        0xc fs/vfs.32
 .group         0x0000000000000000        0xc fs/vfs.32
 .group         0x0000000000000000        0xc fs/vfs.32
 .comment       0x0000000000000000       0x12 fs/vfs.32
 .group         0x0000000000000000        0xc hal/bus.32
 .comment       0x0000000000000000       0x12 hal/bus.32
 .comment       0x0000000000000000       0x12 hal/buzzer.32
 .group         0x0000000000000000        0xc hal/clock.32
 .comment       0x0000000000000000       0x12 hal/clock.32
 .group         0x0000000000000000       0x14 hal/device.32
 .group         0x0000000000000000        0xc hal/device.32
 .group         0x0000000000000000        0x8 hal/device.32
 .group         0x0000000000000000        0xc hal/device.32
 .group         0x0000000000000000        0xc hal/device.32
 .comment       0x0000000000000000       0x12 hal/device.32
 .group         0x0000000000000000        0xc hal/diskctrl.32
 .comment       0x0000000000000000       0x12 hal/diskctrl.32
 .group         0x0000000000000000        0xc hal/diskphys.32
 .comment       0x0000000000000000       0x12 hal/diskphys.32
 .comment       0x0000000000000000       0x12 hal/fpu.32
 .comment       0x0000000000000000       0x12 hal/intctrl.32
 .group         0x0000000000000000        0xc hal/keybrd.32
 .comment       0x0000000000000000       0x12 hal/keybrd.32
 .group         0x0000000000000000        0xc hal/logidisk.32
 .comment       0x0000000000000000       0x12 hal/logidisk.32
[...]
Memory Configuration

Name             Origin             Length             Attributes
*default*        0x0000000000000000 0xffffffffffffffff

Linker script and memory map

LOAD D:/Users/Alex/Desktop/Banana/kernel/boot.32
LOAD crti.32
LOAD /cygdrive/d/Users/Alex/Desktop/Toolchain/Output/bin/../lib/gcc/i386-banana/8.1.0/crtbegin.o
LOAD D:/Users/Alex/Desktop/Banana/kernel/morenasm.32
LOAD acpica/utclib.32
LOAD core/malloc.32
LOAD libk/ctype.32
LOAD libk/string.32
LOAD fs/fat/diskio.32
LOAD fs/fat/ff.32
LOAD fs/fat/ffsystem.32
LOAD fs/fat/ffunicode.32
LOAD fs/iso9660/iso9660.32
LOAD core/computer.32
LOAD core/gdt.32
LOAD core/idle.32
LOAD core/idt.32
LOAD core/kheap.32
LOAD core/main.32
LOAD core/physmgr.32
LOAD core/pipe.32
LOAD core/terminal.32
LOAD core/tss.32
LOAD core/unixfile.32
LOAD core/virtmgr.32
LOAD coreobjs/c++.32
LOAD dbg/kconsole.32
LOAD dbg/usban.32
LOAD fs/symlink.32
LOAD fs/vfs.32
LOAD hal/bus.32
LOAD hal/buzzer.32
LOAD hal/clock.32
LOAD hal/device.32
LOAD hal/diskctrl.32
LOAD hal/diskphys.32
LOAD hal/fpu.32
LOAD hal/intctrl.32
LOAD hal/keybrd.32
LOAD hal/logidisk.32
LOAD hal/mouse.32
LOAD hal/nic.32
LOAD hal/partition.32
LOAD hal/serial.32
LOAD hal/timer.32
LOAD hal/vcache.32
LOAD hal/video.32
LOAD hw/acpi.32
LOAD hw/cpu.32
LOAD krnl/atexit.32
LOAD krnl/bootmsg.32
LOAD krnl/compat.32
LOAD krnl/env.32
LOAD krnl/inlines.32
LOAD krnl/panic.32
LOAD krnl/powctrl.32
LOAD krnl/random.32
LOAD krnl/resolve.32
LOAD krnl/signal.32
LOAD krnl/syscalls.32
LOAD net/ethernet.32
LOAD reg/cm.32
LOAD reg/registry.32
LOAD sys/eject.32
LOAD sys/exit.32
LOAD sys/getcwd.32
LOAD sys/getpid.32
LOAD sys/getramdata.32
LOAD sys/getvgaptr.32
LOAD sys/kill.32
LOAD sys/loaddll.32
LOAD sys/read.32
LOAD sys/registersignal.32
LOAD sys/registry.32
LOAD sys/sbrk.32
LOAD sys/setcwd.32
LOAD sys/settime.32
LOAD sys/symlink.32
LOAD sys/timezone.32
LOAD sys/truncate.32
LOAD sys/write.32
LOAD sys/wsbe.32
LOAD sys/yield.32
LOAD thr/elf.32
LOAD thr/prcssthr.32
LOAD vm86/vm8086.32
LOAD arch/i386/hal.32
LOAD arch/i386/pic.32
LOAD arch/i386/rtc.32
LOAD arch/i386/vga.32
LOAD fs/fat/vfslink.32
LOAD fs/iso9660/helper.32
LOAD fs/iso9660/vfslink.32
LOAD hal/sound/sndcard.32
LOAD hal/sound/sndport.32
LOAD hw/bus/isa.32
LOAD hw/bus/pci.32
LOAD hw/diskctrl/ide.32
LOAD hw/diskctrl/satabus.32
LOAD hw/diskphys/ata.32
LOAD hw/diskphys/atapi.32
LOAD hw/diskphys/sata.32
LOAD hw/diskphys/satapi.32
LOAD hw/intctrl/apic.32
LOAD hw/timer/apictimer.32
LOAD hw/timer/pit.32
LOAD arch/i386/avx.32
LOAD arch/i386/interrupt.32
LOAD arch/i386/rdrand.32
LOAD arch/i386/sse.32
LOAD arch/i386/x87.32
LOAD /cygdrive/d/Users/Alex/Desktop/Toolchain/Output/bin/../lib/gcc/i386-banana/8.1.0/crtend.o
LOAD crtn.32
LOAD /cygdrive/d/Users/Alex/Desktop/Toolchain/Output/bin/../lib/gcc/i386-banana/8.1.0/libkgcc.a
LOAD D:/Users/Alex/Desktop/Banana/kernel/libsoftfp.a
LOAD D:/Users/Alex/Desktop/Banana/kernel/libk/libm32.a
                0x00000000c0000000                . = 0xc0000000

.text           0x00000000c0000000    0x1f63a
 *(.text)
 .text          0x00000000c0000000       0x20 D:/Users/Alex/Desktop/Banana/kernel/boot.32
 .text          0x00000000c0000020        0x0 crti.32
 .text          0x00000000c0000020      0x101 /cygdrive/d/Users/Alex/Desktop/Toolchain/Output/bin/../lib/gcc/i386-banana/8.1.0/crtbegin.o
 *fill*         0x00000000c0000121        0xf 
 .text          0x00000000c0000130      0x24f D:/Users/Alex/Desktop/Banana/kernel/morenasm.32
                0x00000000c0000130                manualPCIProbe
                0x00000000c000017b                prepareTramp
                0x00000000c0000194                doTPAUSE
                0x00000000c000019e                hasLegacyFPU
                0x00000000c00001c3                is486
                0x00000000c00001f9                detectCPUID
                0x00000000c000020f                goToVM86
                0x00000000c000023f                goToUsermode
                0x00000000c0000269                switchToThreadASMFirstTime
                0x00000000c0000277                switchToThreadASM
                0x00000000c00002fc                asmQuickAcquireLock
                0x00000000c000031a                asmQuickReleaseLock
                0x00000000c0000326                asmAcquireLock
                0x00000000c0000347                asmReleaseLock
                0x00000000c000035a                loadGDT
                0x00000000c000037a                memcpy
 *fill*         0x00000000c000037f        0x1 
 .text          0x00000000c0000380      0x868 acpica/utclib.32
                0x00000000c0000380                memcmp
                0x00000000c00003d0                memmove
                0x00000000c00004f0                memset
                0x00000000c0000570                strlen
                0x00000000c00005a0                strpbrk
                0x00000000c00005f0                strtok
                0x00000000c0000640                strcpy
                0x00000000c0000680                strncpy
                0x00000000c0000750                strcmp
                0x00000000c00007a0                strchr
                0x00000000c00007e0                strncmp
                0x00000000c0000840                strcat
                0x00000000c0000870                strncat
                0x00000000c00008d0                strstr
                0x00000000c0000930                toupper
                0x00000000c0000950                tolower
                0x00000000c0000970                simple_strtoul
 .text          0x00000000c0000be8      0xfaa core/malloc.32
                0x00000000c0000d53                dlfree
                0x00000000c00010ab                dlmalloc
                0x00000000c00015e8                dlrealloc
                0x00000000c000178b                dlmemalign
                0x00000000c00018ae                dlcalloc
                0x00000000c0001948                dlcfree
                0x00000000c000194d                dlindependent_calloc
                0x00000000c0001972                dlindependent_comalloc
                0x00000000c0001989                dlvalloc
                0x00000000c00019b4                dlpvalloc
                0x00000000c00019ea                dlmalloc_trim
                0x00000000c00019f7                dlmalloc_usable_size
                0x00000000c0001a28                dlmallinfo
                0x00000000c0001af7                dlmalloc_stats
                0x00000000c0001b08                dlmallopt
 *fill*         0x00000000c0001b92        0x2 
 .text          0x00000000c0001b94      0x1f2 libk/ctype.32
                0x00000000c0001b94                isblank
                0x00000000c0001bb4                iscntrl
                0x00000000c0001bd4                isdigit
                0x00000000c0001bf0                islower
                0x00000000c0001c0c                isspace
                0x00000000c0001c34                isupper
                0x00000000c0001c50                isalpha
                0x00000000c0001c80                isalnum
                0x00000000c0001cb0                ispunct
                0x00000000c0001cf0                isgraph
                0x00000000c0001d20                isprint
                0x00000000c0001d48                isxdigit
 .text          0x00000000c0001d86        0x0 libk/string.32
 .text          0x00000000c0001d86       0x51 fs/fat/diskio.32
                0x00000000c0001d86                disk_status
                0x00000000c0001d89                disk_initialize
                0x00000000c0001d8c                disk_read
                0x00000000c0001da2                disk_write
                0x00000000c0001db8                disk_ioctl
 .text          0x00000000c0001dd7     0x3e46 fs/fat/ff.32
                0x00000000c0003bf8                f_mount
                0x00000000c0003c5a                f_open
                0x00000000c0003f1d                f_read
                0x00000000c000411c                f_write
                0x00000000c0004364                f_sync
                0x00000000c0004429                f_close
                0x00000000c0004458                f_lseek
                0x00000000c0004609                f_opendir
                0x00000000c00046d4                f_closedir
                0x00000000c00046f6                f_readdir
                0x00000000c0004788                f_stat
                0x00000000c0004807                f_getfree
                0x00000000c0004910                f_truncate
                0x00000000c00049fa                f_unlink
                0x00000000c0004b1c                f_mkdir
                0x00000000c0004cb7                f_rename
                0x00000000c0004e6f                f_chmod
                0x00000000c0004f1f                f_utime
                0x00000000c0004fcf                f_getlabel
                0x00000000c0005120                f_setlabel
                0x00000000c00052b0                f_expand
                0x00000000c000541d                f_mkfs
 *fill*         0x00000000c0005c1d        0x3 
 .text          0x00000000c0005c20       0x2f fs/fat/ffsystem.32
                0x00000000c0005c20                ff_memalloc
                0x00000000c0005c38                ff_memfree
 *fill*         0x00000000c0005c4f        0x1 
 .text          0x00000000c0005c50      0x2dc fs/fat/ffunicode.32
                0x00000000c0005c50                ff_uni2oem
                0x00000000c0005cf0                ff_oem2uni
                0x00000000c0005d68                ff_wtoupper
 .text          0x00000000c0005f2c      0xd32 fs/iso9660/iso9660.32
                0x00000000c0006177                isoReadDiscSector
                0x00000000c0006212                strnicmp
                0x00000000c00064c1                stricmp
                0x00000000c000650d                iso_open
                0x00000000c0006597                iso_close
                0x00000000c00065b5                iso_read
                0x00000000c00066cb                iso_seek
                0x00000000c000674f                iso_tell
                0x00000000c0006780                iso_total
                0x00000000c00067ab                fn_postprocess
                0x00000000c00067d2                iso_readdir
                0x00000000c0006a29                iso_reset
                0x00000000c0006a46                init_percd
                0x00000000c0006b40                iso_ioctl
                0x00000000c0006b58                fs_iso9660_init
                0x00000000c0006bee                fs_iso9660_shutdown
 .text          0x00000000c0006c5e      0x6c3 core/computer.32
                0x00000000c0006c5e                Computer::close(int, int, void*)
                0x00000000c0006ca8                Krnl::firstTask()
                0x00000000c0006de6                Computer::Computer()
                0x00000000c0006de6                Computer::Computer()
                0x00000000c0006e96                Computer::setBootMessage(char const*)
                0x00000000c0006e98                Computer::detectFeatures()
                0x00000000c00070be                Computer::displayFeatures()
                0x00000000c00070c0                Computer::rdmsr(unsigned int)
                0x00000000c00070ec                Computer::wrmsr(unsigned int, unsigned long long)
                0x00000000c0007128                Computer::shutdown()
                0x00000000c0007140                Computer::restart()
                0x00000000c0007158                Computer::sleep()
                0x00000000c000716c                Computer::nmiEnabled()
                0x00000000c0007178                Computer::readCMOS(unsigned char)
                0x00000000c0007196                Computer::enableNMI(bool)
                0x00000000c00071ae                Computer::open(int, int, void*)
                0x00000000c0007282                Computer::disableNMI()
                0x00000000c0007292                Computer::writeCMOS(unsigned char, unsigned char)
                0x00000000c00072b6                Computer::handleNMI()
 *fill*         0x00000000c0007321        0x1 
 .text          0x00000000c0007322      0x1db core/gdt.32
                0x00000000c0007322                GDTEntry::setBase(unsigned int)
                0x00000000c000733e                GDTEntry::setLimit(unsigned int)
                0x00000000c000735c                GDT::GDT()
                0x00000000c000735c                GDT::GDT()
                0x00000000c0007372                GDT::addEntry(GDTEntry)
                0x00000000c0007394                GDT::getNumberOfEntries()
                0x00000000c000739c                GDT::flush()
                0x00000000c00073be                GDT::setup()
 .text          0x00000000c00074fd       0x1d core/idle.32
                0x00000000c00074fd                idleFunction(void*)
 *fill*         0x00000000c000751a        0x2 
 .text          0x00000000c000751c      0x46c core/idt.32
                0x00000000c000751c                IDTEntry::IDTEntry(bool)
                0x00000000c000751c                IDTEntry::IDTEntry(bool)
                0x00000000c0007596                IDTEntry::setOffset(unsigned int)
                0x00000000c00075ac                IDT::IDT()
                0x00000000c00075ac                IDT::IDT()
                0x00000000c00075ae                IDT::getPointerToInvalidOpcodeEntryForF00F()
                0x00000000c00075b6                IDT::addEntry(IDTEntry, int)
                0x00000000c00075d0                IDT::addEntry(int, void (*)(), bool)
                0x00000000c0007608                IDT::flush()
                0x00000000c0007622                IDT::setup()
 .text          0x00000000c0007988      0x188 core/kheap.32
                0x00000000c0007988                sbrk
                0x00000000c0007a1f                mmap
                0x00000000c0007a35                munmap
                0x00000000c0007a4b                liballoc_lock()
                0x00000000c0007a59                liballoc_unlock()
                0x00000000c0007a6f                liballoc_alloc(int)
                0x00000000c0007a87                liballoc_free(void*, int)
                0x00000000c0007aa2                realloc
                0x00000000c0007ab6                malloc
                0x00000000c0007ac6                free
                0x00000000c0007ad6                rfree
                0x00000000c0007ae6                calloc
 .text          0x00000000c0007b10       0xc7 core/main.32
                0x00000000c0007b10                KeEntryPoint
 .text          0x00000000c0007bd7      0x644 core/physmgr.32
                0x00000000c0007bd7                Phys::allocateDMA(unsigned long)
                0x00000000c0007cbf                Phys::freeDMA(unsigned long, unsigned long)
                0x00000000c0007cfa                Phys::setPageState(unsigned long, bool)
                0x00000000c0007d3a                Phys::getPageState(unsigned long)
                0x00000000c0007d56                Phys::freePage(unsigned long)
                0x00000000c0007dbf                Phys::allocatePage()
                0x00000000c0007e8e                Phys::allocateContiguousPages(int)
                0x00000000c0007ef5                Phys::allowSegmentToBeUsed(unsigned long, unsigned long)
                0x00000000c0007f2d                Phys::physicalMemorySetup(unsigned int)
 *fill*         0x00000000c000821b        0x1 
 .text          0x00000000c000821c      0x273 core/pipe.32
                0x00000000c000821c                Pipe::isAtty()
                0x00000000c0008220                Pipe::~Pipe()
                0x00000000c0008220                Pipe::~Pipe()
                0x00000000c0008244                Pipe::~Pipe()
                0x00000000c000826c                Pipe::write(unsigned long long, void*, int*)
                0x00000000c000832c                Pipe::read(unsigned long long, void*, int*)
                0x00000000c0008428                Pipe::Pipe(int)
                0x00000000c0008428                Pipe::Pipe(int)
 *fill*         0x00000000c000848f        0x1 
 .text          0x00000000c0008490      0xab3 core/terminal.32
                0x00000000c0008490                VgaText::isAtty()
                0x00000000c0008494                VgaText::~VgaText()
                0x00000000c0008494                VgaText::~VgaText()
                0x00000000c00084b8                VgaText::~VgaText()
                0x00000000c00084e2                VgaText::read(unsigned long long, void*, int*)
                0x00000000c0008502                setTerminalScrollLock(bool)
                0x00000000c0008503                doTerminalCycle()
                0x00000000c0008504                addToTerminalCycle(VgaText*)
                0x00000000c0008505                scrollTerminalScrollLock(int)
                0x00000000c0008506                VgaText::updateTitle()
                0x00000000c0008508                VgaText::load()
                0x00000000c000850a                VgaText::updateCursor()
                0x00000000c0008520                VgaText::doANSI_SGR(int)
                0x00000000c0008594                VgaText::setDefaultBgColour(VgaColour)
                0x00000000c00085a4                VgaText::setDefaultFgColour(VgaColour)
                0x00000000c00085b4                VgaText::setDefaultColours(VgaColour, VgaColour)
                0x00000000c00085d4                VgaText::setTitleTextColour(VgaColour)
                0x00000000c00085e0                VgaText::setTitleColour(VgaColour)
                0x00000000c00085ec                VgaText::setTitle(char*)
                0x00000000c00085ee                VgaText::combineColours(unsigned char, unsigned char)
                0x00000000c0008600                VgaText::scrollScreen()
                0x00000000c0008692                VgaText::combineCharAndColour(char, unsigned char)
                0x00000000c00086a2                VgaText::writeCharacter(char, VgaColour, VgaColour, int, int)
                0x00000000c0008732                VgaText::getCursorX()
                0x00000000c000873a                VgaText::getCursorY()
                0x00000000c0008742                VgaText::setCursor(int, int)
                0x00000000c0008759                setActiveTerminal(VgaText*)
                0x00000000c00087a4                VgaText::clearScreen()
                0x00000000c00087f2                VgaText::setCursorX(int)
                0x00000000c000880a                VgaText::setCursorY(int)
                0x00000000c0008822                VgaText::incrementCursor(bool)
                0x00000000c0008876                VgaText::decrementCursor(bool)
                0x00000000c0008898                VgaText::putchar(char, VgaColour, VgaColour)
                0x00000000c0008968                VgaText::putchar(char)
                0x00000000c0008a60                VgaText::putx(unsigned int)
                0x00000000c0008aa6                VgaText::puts(char const*)
                0x00000000c0008acc                VgaText::write(unsigned long long, void*, int*)
                0x00000000c0008b18                VgaText::puts(char const*, VgaColour, VgaColour)
                0x00000000c0008c66                VgaText::VgaText(char const*)
                0x00000000c0008c66                VgaText::VgaText(char const*)
                0x00000000c0008db6                VgaText::receiveKey(unsigned char)
                0x00000000c0008f42                VgaText::doUpdate()
 *fill*         0x00000000c0008f43        0x1 
 .text          0x00000000c0008f44      0x1a1 core/tss.32
                0x00000000c0008f44                TSS::TSS()
                0x00000000c0008f44                TSS::TSS()
                0x00000000c0008f54                TSS::setESP(unsigned long)
                0x00000000c0008f68                TSS::flush()
                0x00000000c0008f88                TSS::setup(unsigned long, unsigned long)
 *fill*         0x00000000c00090e5        0x1 
 .text          0x00000000c00090e6      0x4ca core/unixfile.32
                0x00000000c00090e6                ReservedFilename::read(unsigned long long, void*, int*)
                0x00000000c000913c                ReservedFilename::isAtty()
                0x00000000c0009158                ReservedFilename::write(unsigned long long, void*, int*)
                0x00000000c00091b6                UnixFile::getFileDescriptor()
                0x00000000c00091be                UnixFile::UnixFile(int)
                0x00000000c00091be                UnixFile::UnixFile(int)
                0x00000000c0009372                ReservedFilename::ReservedFilename(int)
                0x00000000c0009372                ReservedFilename::ReservedFilename(int)
                0x00000000c00093a4                UnixFile::~UnixFile()
                0x00000000c00093a4                UnixFile::~UnixFile()
                0x00000000c0009440                UnixFile::~UnixFile()
                0x00000000c0009468                ReservedFilename::~ReservedFilename()
                0x00000000c0009468                ReservedFilename::~ReservedFilename()
                0x00000000c000948c                ReservedFilename::~ReservedFilename()
                0x00000000c00094b3                KeGetFileFromDescriptor(int)
 .text          0x00000000c00095b0     0x1218 core/virtmgr.32
                0x00000000c00095b0                Virt::setPageState(unsigned long, Virt::VirtPageState)
                0x00000000c00095ea                Virt::getPageState(unsigned long)
                0x00000000c000960d                Virt::allocateKernelVirtualPages(int)
                0x00000000c0009732                Virt::freeSwapfilePage(unsigned long)
                0x00000000c0009755                Virt::swapIDToSector(unsigned long)
                0x00000000c000976b                Virt::allocateSwapfilePage()
                0x00000000c00097eb                Virt::virtualMemorySetup()
                0x00000000c000983c                Virt::setupPageSwapping(int)
                0x00000000c00098ae                VAS::setCPUSpecific(unsigned long)
                0x00000000c00098b0                VAS::VAS(VAS*)
                0x00000000c00098b0                VAS::VAS(VAS*)
                0x00000000c00098de                VAS::getForeignPageTableEntry(bool, unsigned long)
                0x00000000c000990c                VAS::getPageTableEntry(unsigned long)
                0x00000000c000992b                Virt::freeKernelVirtualPages(unsigned long)
                0x00000000c0009a68                VAS::freeAllocatedPages(unsigned long)
                0x00000000c0009a8c                VAS::virtualToPhysical(unsigned long)
                0x00000000c0009aa6                VAS::reflagRange(unsigned long, int, unsigned long, unsigned long)
                0x00000000c0009ae8                VAS::VAS()
                0x00000000c0009ae8                VAS::VAS()
                0x00000000c0009b52                VAS::setToWriteCombining(unsigned long, int)
                0x00000000c0009b86                VAS::mapOtherVASIn(bool, VAS*)
                0x00000000c0009bb2                VAS::~VAS()
                0x00000000c0009bb2                VAS::~VAS()
                0x00000000c0009d20                VAS::mapPage(unsigned long, unsigned long, int)
                0x00000000c0009e24                VAS::allocatePages(int, int)
                0x00000000c0009f1a                VAS::mapRange(unsigned long, unsigned long, int, int)
                0x00000000c0009f72                VAS::mapForeignPage(bool, VAS*, unsigned long, unsigned long, int)
                0x00000000c000a068                VAS::VAS(bool)
                0x00000000c000a068                VAS::VAS(bool)
                0x00000000c000a2b2                VAS::evict(unsigned long)
                0x00000000c000a390                VAS::tryLoadBackOffDisk(unsigned long)
                0x00000000c000a52a                VAS::allocateSharedMemoryWithKernel(unsigned long, unsigned long*)
                0x00000000c000a59e                VAS::freeSharedMemoryWithKernel(unsigned long, unsigned long)
                0x00000000c000a5ca                VAS::scanForEviction()
                0x00000000c000a6cd                mapVASFirstTime
 .text          0x00000000c000a7c8       0x5f coreobjs/c++.32
                0x00000000c000a7c8                __cxa_atexit
                0x00000000c000a7cb                __cxa_finalize
                0x00000000c000a7cc                __stack_chk_fail
                0x00000000c000a802                __cxa_pure_virtual
                0x00000000c000a813                operator new[](unsigned long)
                0x00000000c000a818                operator delete(void*, unsigned long)
                0x00000000c000a81d                operator delete[](void*)
                0x00000000c000a822                operator delete[](void*, unsigned long)
 .text          0x00000000c000a827      0x254 dbg/kconsole.32
                0x00000000c000a827                Dbg::stringifyxWithBase(unsigned int, char*, int)
                0x00000000c000a8c7                Dbg::logc(char)
                0x00000000c000a8e7                Dbg::logs(char*)
                0x00000000c000a906                Dbg::logWriteInt(unsigned int)
                0x00000000c000a924                Dbg::logWriteIntBase(unsigned int, int)
                0x00000000c000a945                Dbg::kprintf(char const*, ...)
 *fill*         0x00000000c000aa7b        0x1 
 .text          0x00000000c000aa7c      0x2d4 dbg/usban.32
                0x00000000c000aa7c                KiUbsanPrintDetails(char const*, void*)
                0x00000000c000aae8                __ubsan_handle_type_mismatch_v1
                0x00000000c000abc4                __ubsan_handle_pointer_overflow
                0x00000000c000abf0                __ubsan_handle_out_of_bounds
                0x00000000c000ac1c                __ubsan_handle_add_overflow
                0x00000000c000ac48                __ubsan_handle_load_invalid_value
                0x00000000c000ac74                __ubsan_handle_divrem_overflow
                0x00000000c000aca0                __ubsan_handle_mul_overflow
                0x00000000c000accc                __ubsan_handle_sub_overflow
                0x00000000c000acf8                __ubsan_handle_shift_out_of_bounds
                0x00000000c000ad24                __ubsan_handle_negate_overflow
 .text          0x00000000c000ad50      0x608 fs/symlink.32
                0x00000000c000ad50                KiCreateSymlinkID()
                0x00000000c000adbd                KiFlushSymlinkChanges()
                0x00000000c000ae90                KiDeinitialiseSymlinks(void*)
                0x00000000c000ae95                KeRegisterSymlink(char const*, unsigned long long)
                0x00000000c000af04                KiIsSymlinkRegistered(char const*)
                0x00000000c000af4b                KeDereferenceSymlink(char const*, char*)
                0x00000000c000b166                KeCreateSymlink(char const*, char const*)
                0x00000000c000b2a2                KeInitialiseSymlinks()
 .text          0x00000000c000b358      0xd58 fs/vfs.32
                0x00000000c000b358                File::read(unsigned long long, void*, int*)
                0x00000000c000b3b0                File::write(unsigned long long, void*, int*)
                0x00000000c000b408                Directory::read(unsigned long long, void*, int*)
                0x00000000c000b460                Directory::write(unsigned long long, void*, int*)
                0x00000000c000b48e                File::isAtty()
                0x00000000c000b492                Directory::isAtty()
                0x00000000c000b496                Filesystem::getlabel(LogicalDisk*, int, char*, unsigned int*)
                0x00000000c000b49c                Filesystem::setlabel(LogicalDisk*, int, char*)
                0x00000000c000b4a2                Filesystem::allocateSwapfile(char const*, int)
                0x00000000c000b4a8                File::~File()
                0x00000000c000b4a8                File::~File()
                0x00000000c000b4cc                File::~File()
                0x00000000c000b4f6                Directory::~Directory()
                0x00000000c000b4f6                Directory::~Directory()
                0x00000000c000b51a                Directory::~Directory()
                0x00000000c000b544                Filesystem::Filesystem()
                0x00000000c000b544                Filesystem::Filesystem()
                0x00000000c000b568                Filesystem::~Filesystem()
                0x00000000c000b568                Filesystem::~Filesystem()
                0x00000000c000b576                Filesystem::~Filesystem()
                0x00000000c000b59a                Fs::getcwd(Process*, char*, int)
                0x00000000c000b5c4                Fs::initVFS()
                0x00000000c000b5ee                Fs::standardiseFiles(char*, char const*, char const*, bool)
                0x00000000c000b7f8                File::File(char const*, Process*, bool)
                0x00000000c000b7f8                File::File(char const*, Process*, bool)
                0x00000000c000b8d6                File::File(char const*, Process*)
                0x00000000c000b8d6                File::File(char const*, Process*)
                0x00000000c000b8f4                File::open(FileOpenMode)
                0x00000000c000b952                File::close()
                0x00000000c000b9b2                File::seek(unsigned long long)
                0x00000000c000ba08                File::truncate(unsigned long long)
                0x00000000c000ba5e                File::tell(unsigned long long*)
                0x00000000c000baae                File::rewind()
                0x00000000c000bac2                File::unlink()
                0x00000000c000bb0e                File::rename(char const*)
                0x00000000c000bb5c                File::chfatattr(unsigned char, unsigned char)
                0x00000000c000bbb8                File::exists()
                0x00000000c000bbf6                File::stat(unsigned long long*, bool*)
                0x00000000c000bc57                Fs::setcwd(Process*, char*)
                0x00000000c000bdb6                Directory::Directory(char const*, Process*)
                0x00000000c000bdb6                Directory::Directory(char const*, Process*)
                0x00000000c000be7e                Directory::open()
                0x00000000c000beda                Directory::close()
                0x00000000c000bf3a                Directory::unlink()
                0x00000000c000bf86                Directory::rename(char const*)
                0x00000000c000bfd4                Directory::exists()
                0x00000000c000c012                Directory::read(dirent*)
                0x00000000c000c05e                Directory::create()
                0x00000000c000c0aa                Filesystem::chfatattr(char const*, unsigned char, unsigned char)
 .text          0x00000000c000c0b0       0x86 hal/bus.32
                0x00000000c000c0b0                Bus::Bus(char const*)
                0x00000000c000c0b0                Bus::Bus(char const*)
                0x00000000c000c0e8                Bus::~Bus()
                0x00000000c000c0e8                Bus::~Bus()
                0x00000000c000c10c                Bus::~Bus()
 .text          0x00000000c000c136       0x96 hal/buzzer.32
                0x00000000c000c136                beepThread(void*)
                0x00000000c000c173                Krnl::beep(int, int, bool)
 .text          0x00000000c000c1cc      0x45f hal/clock.32
                0x00000000c000c1cc                User::loadClockSettings(int)
                0x00000000c000c21e                Clock::Clock(char const*)
                0x00000000c000c21e                Clock::Clock(char const*)
                0x00000000c000c254                Clock::~Clock()
                0x00000000c000c254                Clock::~Clock()
                0x00000000c000c278                Clock::~Clock()
                0x00000000c000c2a2                Clock::timeInSecondsLocal()
                0x00000000c000c2ea                Clock::setTimeInSecondsLocal(unsigned long long)
                0x00000000c000c343                datetimeToSeconds(datetime_t)
                0x00000000c000c462                Clock::setTimeInDatetimeLocal(datetime_t)
                0x00000000c000c4c2                secondsToDatetime(unsigned long long)
                0x00000000c000c606                Clock::timeInDatetimeLocal()
 *fill*         0x00000000c000c62b        0x1 
 .text          0x00000000c000c62c      0x464 hal/device.32
                0x00000000c000c62c                Device::hibernate()
                0x00000000c000c62e                Device::wake()
                0x00000000c000c630                Device::detect()
                0x00000000c000c632                Device::disableLegacy()
                0x00000000c000c634                Device::powerSaving(PowerSavingLevel)
                0x00000000c000c636                DriverlessDevice::close(int, int, void*)
                0x00000000c000c63a                DriverlessDevice::detect()
                0x00000000c000c63c                DriverlessDevice::open(int, int, void*)
                0x00000000c000c650                Device::~Device()
                0x00000000c000c650                Device::~Device()
                0x00000000c000c65e                Device::~Device()
                0x00000000c000c686                Device::findAndLoadDriver()
                0x00000000c000c694                Device::preOpenPCI(PCIDeviceInfo)
                0x00000000c000c6ba                Device::preOpenACPI(void*, char*, char*)
                0x00000000c000c6fa                Device::addIRQHandler(int, void (*)(regs*, void*), bool, void*)
                0x00000000c000c724                Device::getParent()
                0x00000000c000c730                Device::removeIRQHandler(int, void (*)(regs*, void*), bool)
                0x00000000c000c74e                Device::addChild(Device*)
                0x00000000c000c792                Device::removeAllChildren()
                0x00000000c000c7d8                Device::hibernateAll()
                0x00000000c000c808                Device::wakeAll()
                0x00000000c000c838                Device::detectAll()
                0x00000000c000c868                Device::disableLegacyAll()
                0x00000000c000c86a                Device::loadDriversForAll()
                0x00000000c000c86c                Device::closeAll()
                0x00000000c000c8a2                Device::powerSavingAll(PowerSavingLevel)
                0x00000000c000c8d8                Device::setName(char const*)
                0x00000000c000c8e6                Device::Device(char const*)
                0x00000000c000c8e6                Device::Device(char const*)
                0x00000000c000c9e2                Device::getName()
                0x00000000c000c9ec                DriverlessDevice::DriverlessDevice(char const*)
                0x00000000c000c9ec                DriverlessDevice::DriverlessDevice(char const*)
                0x00000000c000ca22                Device::addToLinkedList(LinkedList<Device>&, DeviceType)
                0x00000000c000ca66                getDevicesOfType(DeviceType)
 .text          0x00000000c000ca90       0x86 hal/diskctrl.32
                0x00000000c000ca90                HardDiskController::HardDiskController(char const*)
                0x00000000c000ca90                HardDiskController::HardDiskController(char const*)
                0x00000000c000cac8                HardDiskController::~HardDiskController()
                0x00000000c000cac8                HardDiskController::~HardDiskController()
                0x00000000c000caec                HardDiskController::~HardDiskController()
 .text          0x00000000c000cb16       0xe2 hal/diskphys.32
                0x00000000c000cb16                PhysicalDisk::eject()
                0x00000000c000cb1a                PhysicalDisk::PhysicalDisk(char const*, int)
                0x00000000c000cb1a                PhysicalDisk::PhysicalDisk(char const*, int)
                0x00000000c000cb82                PhysicalDisk::startCache()
                0x00000000c000cbaa                PhysicalDisk::~PhysicalDisk()
                0x00000000c000cbaa                PhysicalDisk::~PhysicalDisk()
                0x00000000c000cbce                PhysicalDisk::~PhysicalDisk()
 .text          0x00000000c000cbf8        0x0 hal/fpu.32
 .text          0x00000000c000cbf8      0x359 hal/intctrl.32
                0x00000000c000cbf8                int_handler
                0x00000000c000cc82                installISRHandler(int, void (*)(regs*, void*), void*)
                0x00000000c000cccc                installIRQHandler(int, void (*)(regs*, void*), bool, void*)
                0x00000000c000ce00                uninstallISRHandler(int, void (*)(regs*, void*))
                0x00000000c000ce34                uninstallIRQHandler(int, void (*)(regs*, void*), bool)
                0x00000000c000ceb2                setupINTS()
                0x00000000c000cf0f                convertLegacyIRQNumber(int)
 *fill*         0x00000000c000cf51        0x1 
 .text          0x00000000c000cf52      0x8be hal/keybrd.32
                0x00000000c000cf52                startGUI(void*)
                0x00000000c000cfc0                startGUIVESA(void*)
                0x00000000c000d02e                sendKeyToTerminal(unsigned char)
                0x00000000c000d109                sendKeyboardToken(KeyboardToken)
                0x00000000c000d5f3                clearInternalKeybuffer(VgaText*)
                0x00000000c000d628                readKeyboard(VgaText*, char*, unsigned long)
                0x00000000c000d786                Keyboard::Keyboard(char const*)
                0x00000000c000d786                Keyboard::Keyboard(char const*)
                0x00000000c000d7c2                Keyboard::~Keyboard()
                0x00000000c000d7c2                Keyboard::~Keyboard()
                0x00000000c000d7e6                Keyboard::~Keyboard()
 .text          0x00000000c000d810      0x3f8 hal/logidisk.32
                0x00000000c000d810                LogicalDisk::close(int, int, void*)
                0x00000000c000d814                LogicalDisk::~LogicalDisk()
                0x00000000c000d814                LogicalDisk::~LogicalDisk()
                0x00000000c000d838                LogicalDisk::~LogicalDisk()
                0x00000000c000d862                LogicalDisk::open(int, int, void*)
                0x00000000c000d876                LogicalDisk::absoluteToRelative(unsigned long long)
                0x00000000c000d8ae                LogicalDisk::relativeToAbsolute(unsigned long long)
                0x00000000c000d8f4                LogicalDisk::LogicalDisk(char const*, PhysicalDisk*, unsigned long long, unsigned long long)
                0x00000000c000d8f4                LogicalDisk::LogicalDisk(char const*, PhysicalDisk*, unsigned long long, unsigned long long)
                0x00000000c000d9b4                LogicalDisk::assignDriveLetter()
                0x00000000c000da6e                LogicalDisk::mount()
                0x00000000c000dab6                LogicalDisk::unmount()
                0x00000000c000dac6                LogicalDisk::eject()
                0x00000000c000dada                LogicalDisk::unassignDriveLetter()
                0x00000000c000db30                LogicalDisk::read(unsigned long long, int, void*)
                0x00000000c000db9c                LogicalDisk::write(unsigned long long, int, void*)
 .text          0x00000000c000dc08       0x86 hal/mouse.32
                0x00000000c000dc08                Mouse::Mouse(char const*)
                0x00000000c000dc08                Mouse::Mouse(char const*)
                0x00000000c000dc40                Mouse::~Mouse()
                0x00000000c000dc40                Mouse::~Mouse()
                0x00000000c000dc64                Mouse::~Mouse()
 .text          0x00000000c000dc8e       0x90 hal/nic.32
                0x00000000c000dc8e                NIC::getMAC()
                0x00000000c000dc94                NIC::write(int, unsigned char*, int*)
                0x00000000c000dc9a                NIC::NIC(char const*)
                0x00000000c000dc9a                NIC::NIC(char const*)
                0x00000000c000dcd0                NIC::~NIC()
                0x00000000c000dcd0                NIC::~NIC()
                0x00000000c000dcf4                NIC::~NIC()
 .text          0x00000000c000dd1e      0x33b hal/partition.32
                0x00000000c000dd1e                makePartition(PhysicalDisk*, unsigned long long, unsigned long long)
                0x00000000c000ddc6                createPartitionsForDisk(PhysicalDisk*)
 *fill*         0x00000000c000e059        0x3 
 .text          0x00000000c000e05c       0x86 hal/serial.32
                0x00000000c000e05c                Serial::Serial(char const*)
                0x00000000c000e05c                Serial::Serial(char const*)
                0x00000000c000e094                Serial::~Serial()
                0x00000000c000e094                Serial::~Serial()
                0x00000000c000e0b8                Serial::~Serial()
 *fill*         0x00000000c000e0e2        0x2 
 .text          0x00000000c000e0e4      0x234 hal/timer.32
                0x00000000c000e0e4                Timer::Timer(char const*)
                0x00000000c000e0e4                Timer::Timer(char const*)
                0x00000000c000e11c                Timer::~Timer()
                0x00000000c000e11c                Timer::~Timer()
                0x00000000c000e140                Timer::~Timer()
                0x00000000c000e16a                Timer::read()
                0x00000000c000e175                setupTimer(int)
                0x00000000c000e1b0                timerHandler(unsigned int)
 .text          0x00000000c000e318      0x444 hal/vcache.32
                0x00000000c000e318                VCache::VCache(PhysicalDisk*)
                0x00000000c000e318                VCache::VCache(PhysicalDisk*)
                0x00000000c000e488                VCache::invalidateReadBuffer()
                0x00000000c000e498                VCache::writeWriteBuffer()
                0x00000000c000e4e4                VCache::~VCache()
                0x00000000c000e4e4                VCache::~VCache()
                0x00000000c000e53c                VCache::~VCache()
                0x00000000c000e564                VCache::write(unsigned long long, int, void*)
                0x00000000c000e652                VCache::read(unsigned long long, int, void*)
 .text          0x00000000c000e75c      0x4c7 hal/video.32
                0x00000000c000e75c                Video::putrect(int, int, int, int, unsigned int)
                0x00000000c000e7a8                Video::bitblit(int, int, int, int, int, int, int, unsigned int*)
                0x00000000c000e818                Video::blit(unsigned int*, int, int, int, int)
                0x00000000c000e896                Video::clearScreen(unsigned int)
                0x00000000c000e8ca                Video::putpixel(int, int, unsigned int)
                0x00000000c000e8d8                Video::readPixelApprox(int, int)
                0x00000000c000e8ec                Video::Video(char const*)
                0x00000000c000e8ec                Video::Video(char const*)
                0x00000000c000e922                Video::~Video()
                0x00000000c000e922                Video::~Video()
                0x00000000c000e946                Video::~Video()
                0x00000000c000e970                Video::isMonochrome()
                0x00000000c000e97c                Video::getWidth()
                0x00000000c000e988                Video::getHeight()
                0x00000000c000e994                Video::drawCursor(int, int, unsigned int*, int)
                0x00000000c000ea50                Video::tgaParse(unsigned char*, int, int*, int*)
                0x00000000c000ebb8                Video::putTGA(int, int, unsigned char*, int)
 *fill*         0x00000000c000ec23        0x1 
 .text          0x00000000c000ec24     0x138b hw/acpi.32
                0x00000000c000ec24                ACPI::close(int, int, void*)
                0x00000000c000ecd8                findRSDP()
                0x00000000c000ed70                loadACPITables(unsigned char*)
                0x00000000c000efdc                findRSDT(unsigned char*)
                0x00000000c000f134                findDataTable(unsigned char*, char*)
                0x00000000c000f1b4                scanMADT()
                0x00000000c000f66c                ACPI::ACPI()
                0x00000000c000f66c                ACPI::ACPI()
                0x00000000c000f6c0                ACPI::getPCIIRQAssignment(unsigned char, unsigned short, unsigned char)
                0x00000000c000f7bc                ACPI::registerPCIIRQAssignment(void*, unsigned short, unsigned char, unsigned char)
                0x00000000c000f888                ACPI::setScreenBrightnessLevel(void*, int)
                0x00000000c000f890                ACPI::detectPCI()
                0x00000000c000fab0                ACPI::writeSimpleBootFlag(SimpleBootFlagTable*)
                0x00000000c000faf8                ACPI::sleep()
                0x00000000c000fb14                ACPI::open(int, int, void*)
 *fill*         0x00000000c000ffaf        0x1 
 .text          0x00000000c000ffb0      0xbc5 hw/cpu.32
                0x00000000c000ffb0                CPU::close(int, int, void*)
                0x00000000c000ffb4                CPU::AMD_K6_write_msr(unsigned int, unsigned int, unsigned int, CPU::REGS*)
                0x00000000c000ffd0                CPU::AMD_K6_read_msr(unsigned int, CPU::REGS*)
                0x00000000c000ffe8                CPU::AMD_K6_writeback(int, int, int)
                0x00000000c001005c                CPU::cpuid(int, unsigned long*, unsigned long*, unsigned long*, unsigned long*)
                0x00000000c00100e0                CPU::cpuidCheckEDX(unsigned int)
                0x00000000c001010e                CPU::cpuidCheckECX(unsigned int)
                0x00000000c001013c                CPU::cpuidCheckExtendedEBX(unsigned int)
                0x00000000c001016a                CPU::cpuidCheckExtendedECX(unsigned int)
                0x00000000c0010198                CPU::CPU()
                0x00000000c0010198                CPU::CPU()
                0x00000000c0010226                CPU::displayFeatures()
                0x00000000c0010228                CPU::detectFeatures()
                0x00000000c00108fc                CPU::setupSMEP()
                0x00000000c0010908                CPU::setupUMIP()
                0x00000000c0010912                CPU::setupTSC()
                0x00000000c001091c                CPU::setupLargePages()
                0x00000000c0010926                CPU::setupPAT()
                0x00000000c0010962                CPU::setupMTRR()
                0x00000000c0010964                CPU::setupGlobalPages()
                0x00000000c001096e                CPU::allowUsermodeDataAccess()
                0x00000000c0010980                CPU::prohibitUsermodeDataAccess()
                0x00000000c0010992                CPU::setupSMAP()
                0x00000000c00109a0                CPU::setupFeatures()
                0x00000000c0010a6c                CPU::open(int, int, void*)
 .text          0x00000000c0010b75       0xb6 krnl/atexit.32
                0x00000000c0010b75                KeInitialiseAtexit()
                0x00000000c0010b94                KeRegisterAtexit(void (*)(void*), void*)
                0x00000000c0010bc8                KeExecuteAtexit()
 .text          0x00000000c0010c2b       0xdf krnl/bootmsg.32
                0x00000000c0010c2b                KeDisplaySplashScreen()
                0x00000000c0010ca7                KeSetBootMessage(char const*)
 *fill*         0x00000000c0010d0a        0x2 
 .text          0x00000000c0010d0c       0x1d krnl/compat.32
                0x00000000c0010d0c                Krnl::handlePowerButton()
                0x00000000c0010d1c                Krnl::handleSleepButton()
 *fill*         0x00000000c0010d29        0x1 
 .text          0x00000000c0010d2a      0x5bf krnl/env.32
                0x00000000c0010d2a                EnvVarContainer::getEnv(char const*)
                0x00000000c0010d68                EnvVarContainer::setEnv(char const*, char const*)
                0x00000000c0010e2a                EnvVarContainer::deleteEnv(char const*)
                0x00000000c0010e2c                EnvVarContainer::loadFrom(char const*, char const*)
                0x00000000c0011050                EnvVarContainer::__loadSystem()
                0x00000000c001106a                EnvVarContainer::__loadUser()
                0x00000000c001106c                EnvVarContainer::EnvVarContainer(Process*)
                0x00000000c001106c                EnvVarContainer::EnvVarContainer(Process*)
                0x00000000c001108e                EnvVarContainer::~EnvVarContainer()
                0x00000000c001108e                EnvVarContainer::~EnvVarContainer()
                0x00000000c00110be                KeGetEnv(Process*, char const*)
                0x00000000c0011123                KeSetEnvSystem(char const*, char const*)
                0x00000000c001113d                KeSetEnvUser(char const*, char const*)
                0x00000000c001115c                KeSetEnvProcess(Process*, char const*, char const*)
                0x00000000c001116f                KeDeleteEnvSystem(char const*)
                0x00000000c0011170                KeDeleteEnvUser(char const*)
                0x00000000c0011171                KeDeleteEnvProcess(Process*, char const*)
                0x00000000c0011172                KeNewProcessEnv(Process*)
                0x00000000c0011194                KeCopyProcessEnv(Process*, Process*)
                0x00000000c00111e0                KeLoadSystemEnv()
                0x00000000c001120e                KeLoadUserEnv()
                0x00000000c0011234                KeFlushEnv()
                0x00000000c0011235                KeGetProcessTotalEnvCount(Process*)
                0x00000000c0011255                KeGetProcessEnvPair(Process*, int)
 .text          0x00000000c00112e9       0x94 krnl/inlines.32
                0x00000000c00112e9                CPU::current()
                0x00000000c00112f5                operator new(unsigned long)
                0x00000000c00112fa                operator delete(void*)
                0x00000000c00112ff                disableIRQs()
                0x00000000c0011301                enableIRQs()
                0x00000000c0011303                lockScheduler()
                0x00000000c001130b                unlockScheduler()
                0x00000000c001131a                lockStuff()
                0x00000000c0011328                unlockStuff()
                0x00000000c0011362                Virt::getAKernelVAS()
                0x00000000c0011368                __not_memcpy
 .text          0x00000000c001137d        0xc krnl/panic.32
                0x00000000c001137d                KePanic(char const*)
 .text          0x00000000c0011389      0x142 krnl/powctrl.32
                0x00000000c0011389                KePowerThread(void*)
                0x00000000c00113b7                KeChangePowerSettings(PowerSettings)
                0x00000000c00113cd                KeUserIOReceived()
                0x00000000c00113d8                KeHandlePowerButton()
                0x00000000c001140d                KeHandleSleepButton()
                0x00000000c0011442                KeSetupPowerManager()
 .text          0x00000000c00114cb       0x9d krnl/random.32
                0x00000000c00114cb                KeRand()
                0x00000000c001150d                KeSeedRand(unsigned int)
                0x00000000c0011536                KeInitRand()
 .text          0x00000000c0011568      0x1bc krnl/resolve.32
                0x00000000c0011568                KeResolveCompatibilitySymbol(char*)
 .text          0x00000000c0011724      0x322 krnl/signal.32
                0x00000000c0011724                KiSigKill(int)
                0x00000000c0011738                KiDefaultSignalHandlerIgnore(int)
                0x00000000c0011739                KiDefaultSignalHandlerPause(int)
                0x00000000c0011765                KiDefaultSignalHandlerResume(int)
                0x00000000c0011791                KeDeinitSignals(SigHandlerBlock*)
                0x00000000c0011796                KeInitSignals()
                0x00000000c00117e8                KeRegisterSignalHandler(SigHandlerBlock*, int, void (*)(int), unsigned int, int)
                0x00000000c001181e                KeRaiseSignal(SigHandlerBlock*, int)
                0x00000000c001189b                KeCheckSignal(SigHandlerBlock*, int*)
                0x00000000c0011992                KiCheckSignalZ
                0x00000000c00119d4                KeCompleteSignal(SigHandlerBlock*, int)
                0x00000000c0011a0f                KiFinishSignalZ
 .text          0x00000000c0011a46      0xd98 krnl/syscalls.32
                0x00000000c0011a46                SysSeekDir(regs*)
                0x00000000c0011a4b                SysTellDir(regs*)
                0x00000000c0011a50                SysVerify(regs*)
                0x00000000c0011a5a                SysGetArgc(regs*)
                0x00000000c0011a6e                SysTTYName(regs*)
                0x00000000c0011a76                SysFormatDisk(regs*)
                0x00000000c0011aed                SysSetDiskVolumeLabel(regs*)
                0x00000000c0011b41                SysGetDiskVolumeLabel(regs*)
                0x00000000c0011b9a                SysShutdown(regs*)
                0x00000000c0011bf8                SysRealpath(regs*)
                0x00000000c0011c3c                SysReadDir(regs*)
                0x00000000c0011cbc                SysIsATTY(regs*)
                0x00000000c0011d16                SysSeek(regs*)
                0x00000000c0011d6d                SysTell(regs*)
                0x00000000c0011dda                SysSize(regs*)
                0x00000000c0011e4d                SysSizeFromFilename(regs*)
                0x00000000c0011f42                SysSizeFromFilenameNoSymlink(regs*)
                0x00000000c0012037                SysClose(regs*)
                0x00000000c0012097                SysOpenDir(regs*)
                0x00000000c0012114                SysMakeDir(regs*)
                0x00000000c0012182                SysCloseDir(regs*)
                0x00000000c00121d6                SysWait(regs*)
                0x00000000c00121f7                SysNotImpl(regs*)
                0x00000000c0012212                SysPanic(regs*)
                0x00000000c001222d                SysRmdir(regs*)
                0x00000000c0012292                SysUnlink(regs*)
                0x00000000c00122f7                SysGetArgv(regs*)
                0x00000000c0012344                SysUSleep(regs*)
                0x00000000c001236d                SysSpawn(regs*)
                0x00000000c00123e0                SysGetEnv(regs*)
                0x00000000c0012491                SysSetFatAttrib(regs*)
                0x00000000c0012504                SysPipe(regs*)
                0x00000000c0012549                SysGetUnixTime(regs*)
                0x00000000c001255d                string_ends_with(char const*, char const*)
                0x00000000c00125a5                SysOpen(regs*)
                0x00000000c001279c                KeSystemCall(regs*, void*)
 *fill*         0x00000000c00127de        0x2 
 .text          0x00000000c00127e0      0x159 net/ethernet.32
                0x00000000c00127e0                KeSwitchEndian16(unsigned short)
                0x00000000c0012804                KeSwitchEndian32(unsigned int)
                0x00000000c0012834                EthernetCRC32(unsigned char*, int)
                0x00000000c00128d8                EthernetReceivedPacket(EthernetUnwrappedFrame*, unsigned short)
 .text          0x00000000c0012939      0xd56 reg/cm.32
                0x00000000c0012939                CmOpen(char const*)
                0x00000000c0012a57                CmClose(Reghive_Tag*)
                0x00000000c0012a6d                CmReadExtent(Reghive_Tag*, int, unsigned char*)
                0x00000000c0012aa9                CmGetString(Reghive_Tag*, int, char*)
                0x00000000c0012b20                CmEnterDirectory(Reghive_Tag*, int)
                0x00000000c0012b5f                CmGetNext(Reghive_Tag*, int)
                0x00000000c0012b91                CmWriteExtent(Reghive_Tag*, int, unsigned char*)
                0x00000000c0012bcd                CmFreeExtent(Reghive_Tag*, int)
                0x00000000c0012bf5                CmUpdateHeader(Reghive_Tag*)
                0x00000000c0012c16                CmExpand(Reghive_Tag*, int)
                0x00000000c0012c91                CmFindUnusedExtent(Reghive_Tag*)
                0x00000000c0012d17                CmCreateExtent(Reghive_Tag*, int, int, unsigned char*)
                0x00000000c0012e0b                CmSetString(Reghive_Tag*, int, char const*)
                0x00000000c0012f47                CmGetMatch(char*, char*, bool, bool*)
                0x00000000c0012fa8                CmAddShift(unsigned int*, int*, unsigned char, int)
                0x00000000c0012fd8                CmGetShift(unsigned int*, int*, int, bool*)
                0x00000000c001300f                CmGetInteger(Reghive_Tag*, int, unsigned long long*)
                0x00000000c0013039                CmSetInteger(Reghive_Tag*, int, unsigned long long)
                0x00000000c0013079                CmConvertFromInternalFilename(unsigned char const*, char*)
                0x00000000c001311d                CmGetNameAndTypeFromExtent(Reghive_Tag*, int, char*)
                0x00000000c001314b                CmConvertToInternalFilename(char const*, unsigned char*)
                0x00000000c00132e9                CmCreateString(Reghive_Tag*, int, char const*)
                0x00000000c0013336                CmFindInDirectory(Reghive_Tag*, int, char const*)
                0x00000000c00133b0                CmCreateInteger(Reghive_Tag*, int, char const*, unsigned long long, int)
                0x00000000c0013403                CmCreateDirectory(Reghive_Tag*, int, char const*)
                0x00000000c00134c7                zStrtok(char*, char const*)
                0x00000000c0013539                CmFindObjectFromPath(Reghive_Tag*, char const*)
                0x00000000c00135ba                CmDisplayTree(Reghive_Tag*, int, int)
                0x00000000c001365d                CmSplitFinalSlashInPlace(char*)
 .text          0x00000000c001368f      0x52a reg/registry.32
                0x00000000c001368f                Reg::findLineFromLoadedData(char*, char*, char*)
                0x00000000c0013800                Reg::getLineFromRegistry(char*, char*, char*, char*)
                0x00000000c0013955                Reg::getLine(char*, char*, char*)
                0x00000000c001398c                Reg::readInt(char*, char*, int*)
                0x00000000c0013a7a                Reg::readString(char*, char*, char*, int)
                0x00000000c0013afb                Reg::readBool(char*, char*, bool*)
                0x00000000c0013b20                Reg::readBoolWithDefault(char*, char*, bool)
                0x00000000c0013b4c                Reg::readIntWithDefault(char*, char*, int)
                0x00000000c0013b78                Reg::readStringWithDefault(char*, char*, char*, int, char*)
 .text          0x00000000c0013bb9       0x36 sys/eject.32
                0x00000000c0013bb9                SysEject(regs*)
 .text          0x00000000c0013bef       0x18 sys/exit.32
                0x00000000c0013bef                SysExit(regs*)
 .text          0x00000000c0013c07       0x1f sys/getcwd.32
                0x00000000c0013c07                SysGetCwd(regs*)
 .text          0x00000000c0013c26        0xc sys/getpid.32
                0x00000000c0013c26                SysGetPID(regs*)
 .text          0x00000000c0013c32       0x1a sys/getramdata.32
                0x00000000c0013c32                SysGetRAMData(regs*)
 .text          0x00000000c0013c4c       0x82 sys/getvgaptr.32
                0x00000000c0013c4c                SysGetVGAPtr(regs*)
 *fill*         0x00000000c0013cce        0x2 
 .text          0x00000000c0013cd0       0xb9 sys/kill.32
                0x00000000c0013cd0                SysKill(regs*)
 .text          0x00000000c0013d89       0xa8 sys/loaddll.32
                0x00000000c0013d89                SysLoadDLL(regs*)
 .text          0x00000000c0013e31       0x68 sys/read.32
                0x00000000c0013e31                SysRead(regs*)
 .text          0x00000000c0013e99       0x29 sys/registersignal.32
                0x00000000c0013e99                SysRegisterSignal(regs*)
 .text          0x00000000c0013ec2      0x19c sys/registry.32
                0x00000000c0013ec2                SysRegistryGetTypeFromPath(regs*)
                0x00000000c0013f39                SysRegistryReadExtent(regs*)
                0x00000000c0013f81                SysRegistryPathToExtentLookup(regs*)
                0x00000000c0013fa9                SysRegistryEnterDirectory(regs*)
                0x00000000c0013fd1                SysRegistryGetNext(regs*)
                0x00000000c0013ff9                SysRegistryGetNameAndTypeFromExtent(regs*)
                0x00000000c0014033                SysRegistryOpen(regs*)
                0x00000000c0014047                SysRegistryClose(regs*)
 .text          0x00000000c001405e       0x55 sys/sbrk.32
                0x00000000c001405e                SysSbrk(regs*)
 .text          0x00000000c00140b3       0x1c sys/setcwd.32
                0x00000000c00140b3                SysSetCwd(regs*)
 .text          0x00000000c00140cf       0x96 sys/settime.32
                0x00000000c00140cf                SysSetTime(regs*)
 .text          0x00000000c0014165       0x2d sys/symlink.32
                0x00000000c0014165                SysSymlink(regs*)
 .text          0x00000000c0014192       0x4a sys/timezone.32
                0x00000000c0014192                SysTimezone(regs*)
 .text          0x00000000c00141dc       0xfc sys/truncate.32
                0x00000000c00141dc                SysTruncate(regs*)
 .text          0x00000000c00142d8       0x68 sys/write.32
                0x00000000c00142d8                SysWrite(regs*)
 .text          0x00000000c0014340       0x62 sys/wsbe.32
                0x00000000c0014340                SysWsbe(regs*)
 .text          0x00000000c00143a2       0x25 sys/yield.32
                0x00000000c00143a2                SysYield(regs*)
 .text          0x00000000c00143c7     0x11e6 thr/elf.32
                0x00000000c00143c7                Thr::allocateMemoryForTask(Process*, File*, unsigned long, unsigned long, unsigned long)
                0x00000000c0014655                Thr::loadProgramIntoMemory(Process*, char const*)
                0x00000000c0014867                Thr::runtimeReferenceHelper()
                0x00000000c001487a                Thr::getAddressOfKernelSymbol(char const*)
                0x00000000c00148c9                Thr::loadKernelSymbolTable(char const*)
                0x00000000c0014b87                Thr::loadDriverIntoMemory(char const*, unsigned long, bool)
                0x00000000c00152c0                Thr::getDriverBaseFromAddress(unsigned long)
                0x00000000c00152f2                Thr::getDriverNameFromAddress(unsigned long)
                0x00000000c0015329                Thr::getDriverOffsetFromAddress(unsigned long)
                0x00000000c0015343                Thr::loadDLL(char const*, bool)
                0x00000000c0015574                Thr::executeDLL(unsigned long, void*)
 *fill*         0x00000000c00155ad        0x3 
 .text          0x00000000c00155b0     0x13d9 thr/prcssthr.32
                0x00000000c00155b0                userModeEntryPoint(void*)
                0x00000000c00155d8                changeTSS
                0x00000000c0015608                switchToThread(ThreadControlBlock*)
                0x00000000c00156b8                Process::addArgs(char**)
                0x00000000c0015724                Process::Process(char const*, Process*, char**)
                0x00000000c0015724                Process::Process(char const*, Process*, char**)
                0x00000000c0015930                Process::Process(bool, char const*, Process*, char**)
                0x00000000c0015930                Process::Process(bool, char const*, Process*, char**)
                0x00000000c0015b04                taskStartupFunction
                0x00000000c0015b10                Semaphore::Semaphore(int)
                0x00000000c0015b10                Semaphore::Semaphore(int)
                0x00000000c0015b40                Mutex::Mutex()
                0x00000000c0015b40                Mutex::Mutex()
                0x00000000c0015b54                Process::createThread(void (*)(void*), void*, int)
                0x00000000c0015c60                Process::createUserThread()
                0x00000000c0015c80                setupMultitasking(void (*)())
                0x00000000c0015da4                schedule()
                0x00000000c0015e38                Semaphore::tryAcquire()
                0x00000000c0015f0c                Semaphore::assertLocked(char const*)
                0x00000000c0015f90                blockTaskWithSchedulerLockAlreadyHeld(TaskState)
                0x00000000c0015fb8                blockTask(TaskState)
                0x00000000c0015ff0                waitTask(int, int*, int)
                0x00000000c0016034                milliTenthSleepUntil(unsigned int)
                0x00000000c00160d4                milliTenthSleep(unsigned int)
                0x00000000c00160e8                sleep(unsigned int)
                0x00000000c0016104                Semaphore::acquire()
                0x00000000c00161cc                taskReturned
                0x00000000c0016210                Thr::processFromPID(int)
                0x00000000c00162bc                unblockTask(ThreadControlBlock*)
                0x00000000c0016368                cleanupTerminatedTask(ThreadControlBlock*)
                0x00000000c001663c                cleanerTaskFunction(void*)
                0x00000000c0016744                terminateTask(int)
                0x00000000c0016830                Thr::terminateFromIRQ(int)
                0x00000000c0016840                Semaphore::release()
 .text          0x00000000c0016989      0xc27 vm86/vm8086.32
                0x00000000c0016989                Vm::inbv(unsigned short)
                0x00000000c001699c                Vm::outbv(unsigned short, unsigned char)
                0x00000000c00169d2                Vm::realToLinear(unsigned short, unsigned short)
                0x00000000c00169e2                Vm::getSegment(unsigned int)
                0x00000000c00169ea                Vm::getOffset(unsigned int)
                0x00000000c00169ef                Vm::mainloop2()
                0x00000000c0016a29                Vm::mainVm8086Loop(void*)
                0x00000000c0016a39                Vm::mainloop3(unsigned long)
                0x00000000c0016a5f                Vm::initialise8086()
                0x00000000c0016aa2                Vm::finish8086()
                0x00000000c0016b03                Vm::getOutput8086(unsigned char*)
                0x00000000c0016b28                Vm::start8086FromBuffer(unsigned char*, int, unsigned short, unsigned short, unsigned short, unsigned short)
                0x00000000c0016be1                Vm::start8086(char const*, unsigned short, unsigned short, unsigned short, unsigned short)
                0x00000000c0016d7f                Vm::doISR(regs*, int, unsigned char*, unsigned short, unsigned short)
                0x00000000c0016e18                Vm::readByteFromReal(unsigned short, unsigned short)
                0x00000000c0016e29                Vm::readWordFromReal(unsigned short, unsigned short)
                0x00000000c0016e3b                Vm::readDwordFromReal(unsigned short, unsigned short)
                0x00000000c0016e4c                Vm::writeByteFromReal(unsigned short, unsigned short, unsigned char)
                0x00000000c0016e61                Vm::writeWordFromReal(unsigned short, unsigned short, unsigned short)
                0x00000000c0016e77                Vm::writeDwordFromReal(unsigned short, unsigned short, unsigned int)
                0x00000000c0016e8c                Vm::faultHandler(regs*)
 .text          0x00000000c00175b0      0xaf0 arch/i386/hal.32
                0x00000000c00175b0                noCopro(unsigned long)
                0x00000000c00175b1                nmiHandler(regs*, void*)
                0x00000000c00175ca                doubleFault(regs*, void*)
                0x00000000c00175e3                displayDebugInfo(regs*)
                0x00000000c0017968                HalSystemIdle()
                0x00000000c00179e4                displayProgramFault(char const*)
                0x00000000c0017a30                gpFault(regs*, void*)
                0x00000000c0017a97                pgFault(regs*, void*)
                0x00000000c0017b20                otherISRHandler(regs*, void*)
                0x00000000c0017b54                opcodeFault(regs*, void*)
                0x00000000c0017bd7                i386SaveCoprocessor(void*)
                0x00000000c0017beb                i386LoadCoprocessor(void*)
                0x00000000c0017bff                x87EmulHandler(regs*, void*)
                0x00000000c0017c9c                HalInitialiseCoprocessor()
                0x00000000c0017d4a                HalPanic(char const*)
                0x00000000c0017e5e                HalQueryPerformanceCounter()
                0x00000000c0017e79                HalInitialise()
                0x00000000c001802f                HalMakeBeep(int)
                0x00000000c0018069                HalGetRand()
                0x00000000c001806c                HalEndOfInterrupt(int)
                0x00000000c001809d                HalRestart()
                0x00000000c001809e                HalShutdown()
                0x00000000c001809f                HalSleep()
 .text          0x00000000c00180a0      0x2dc arch/i386/pic.32
                0x00000000c00180a0                picIoWait()
                0x00000000c00180a8                picDisable()
                0x00000000c00180dc                picGetIRQReg(int)
                0x00000000c0018158                picOpen()
                0x00000000c00182dc                picEOI(int)
 .text          0x00000000c001837c      0x674 arch/i386/rtc.32
                0x00000000c001837c                RTC::open(int, int, void*)
                0x00000000c0018380                RTC::close(int, int, void*)
                0x00000000c0018384                RTC::timeInSecondsUTC()
                0x00000000c0018396                RTC::timeInDatetimeUTC()
                0x00000000c00183bc                RTC::setTimeInSecondsUTC(unsigned long long)
                0x00000000c00183fa                RTC::~RTC()
                0x00000000c00183fa                RTC::~RTC()
                0x00000000c001841e                RTC::~RTC()
                0x00000000c0018448                RTC::get_update_in_progress_flag()
                0x00000000c0018462                RTC::completeRTCRefresh()
                0x00000000c0018742                RTC::setTimeInDatetimeUTC(datetime_t)
                0x00000000c00188f0                rtcIRQHandler(regs*, void*)
                0x00000000c0018936                RTC::RTC()
                0x00000000c0018936                RTC::RTC()
 .text          0x00000000c00189f0      0x1f4 arch/i386/vga.32
                0x00000000c00189f0                HalConsoleScroll(int, int)
                0x00000000c0018af8                HalConsoleWriteCharacter(char, int, int, int, int)
                0x00000000c0018b5c                HalConsoleCursorUpdate(int, int)
 .text          0x00000000c0018be4     0x14cf fs/fat/vfslink.32
                0x00000000c0018be4                FAT::getName()
                0x00000000c0018bec                FAT::tell(void*, unsigned long long*)
                0x00000000c0018c28                FAT::stat(void*, unsigned long long*)
                0x00000000c0018c64                FAT::~FAT()
                0x00000000c0018c64                FAT::~FAT()
                0x00000000c0018c88                FAT::~FAT()
                0x00000000c0018cb0                FAT::getlabel(LogicalDisk*, int, char*, unsigned int*)
                0x00000000c0018d54                FAT::setlabel(LogicalDisk*, int, char*)
                0x00000000c0018e18                FAT::format(LogicalDisk*, int, char const*, int)
                0x00000000c0018ffc                FAT::tryMount(LogicalDisk*, int)
                0x00000000c0019218                FAT::allocateSwapfile(char const*, int)
                0x00000000c00193d8                FAT::readDir(void*, unsigned long, void*, int*)
                0x00000000c0019548                FAT::read(void*, unsigned long, void*, int*)
                0x00000000c00195a8                FAT::write(void*, unsigned long, void*, int*)
                0x00000000c0019608                FAT::close(void*)
                0x00000000c001965c                FAT::closeDir(void*)
                0x00000000c00196b0                FAT::truncate(void*, unsigned long long)
                0x00000000c001971c                FAT::seek(void*, unsigned long long)
                0x00000000c0019774                fatWrapperReadDisk
                0x00000000c00197b4                fatWrapperWriteDisk
                0x00000000c00197f4                fatWrapperIoctl
                0x00000000c0019910                FAT::FAT()
                0x00000000c0019910                FAT::FAT()
                0x00000000c0019968                FAT::fixFilepath(char*)
                0x00000000c00199a8                FAT::open(char const*, void**, FileOpenMode)
                0x00000000c0019b1c                FAT::openDir(char const*, void**)
                0x00000000c0019bcc                FAT::stat(char const*, unsigned long long*, bool*)
                0x00000000c0019cc4                FAT::unlink(char const*)
                0x00000000c0019d44                FAT::chfatattr(char const*, unsigned char, unsigned char)
                0x00000000c0019ef8                FAT::rename(char const*, char const*)
                0x00000000c0019fc4                FAT::mkdir(char const*)
                0x00000000c001a044                FAT::exists(char const*)
 *fill*         0x00000000c001a0b3        0x1 
 .text          0x00000000c001a0b4       0x94 fs/iso9660/helper.32
                0x00000000c001a0b4                isoReadDiscSectorHelper
                0x00000000c001a110                iso_kprintf
                0x00000000c001a12c                iso_kprintfd
 .text          0x00000000c001a148      0x71c fs/iso9660/vfslink.32
                0x00000000c001a148                ISO9660::format(LogicalDisk*, int, char const*, int)
                0x00000000c001a14e                ISO9660::truncate(void*, unsigned long long)
                0x00000000c001a154                ISO9660::getName()
                0x00000000c001a15a                ISO9660::closeDir(void*)
                0x00000000c001a164                ISO9660::chfatattr(char const*, unsigned char, unsigned char)
                0x00000000c001a16a                ISO9660::unlink(char const*)
                0x00000000c001a170                ISO9660::write(void*, unsigned long, void*, int*)
                0x00000000c001a176                ISO9660::rename(char const*, char const*)
                0x00000000c001a17c                ISO9660::mkdir(char const*)
                0x00000000c001a182                ISO9660::~ISO9660()
                0x00000000c001a182                ISO9660::~ISO9660()
                0x00000000c001a1a6                ISO9660::~ISO9660()
                0x00000000c001a1ce                ISO9660::exists(char const*)
                0x00000000c001a1e2                ISO9660::open(char const*, void**, FileOpenMode)
                0x00000000c001a2c8                ISO9660::read(void*, unsigned long, void*, int*)
                0x00000000c001a310                ISO9660::seek(void*, unsigned long long)
                0x00000000c001a352                ISO9660::tell(void*, unsigned long long*)
                0x00000000c001a390                ISO9660::stat(void*, unsigned long long*)
                0x00000000c001a3e2                ISO9660::stat(char const*, unsigned long long*, bool*)
                0x00000000c001a524                ISO9660::close(void*)
                0x00000000c001a554                ISO9660::openDir(char const*, void**)
                0x00000000c001a62e                ISO9660::readDir(void*, unsigned long, void*, int*)
                0x00000000c001a74b                readSectorFromCDROM(unsigned int, unsigned char*, char)
                0x00000000c001a7ca                ISO9660::tryMount(LogicalDisk*, int)
                0x00000000c001a83c                ISO9660::ISO9660()
                0x00000000c001a83c                ISO9660::ISO9660()
 .text          0x00000000c001a864      0x26c hal/sound/sndcard.32
                0x00000000c001a864                SoundCard::beginPlayback()
                0x00000000c001a872                SoundCard::stopPlayback()
                0x00000000c001a880                SoundCard::SoundCard(char const*)
                0x00000000c001a880                SoundCard::SoundCard(char const*)
                0x00000000c001a91e                SoundCard::~SoundCard()
                0x00000000c001a91e                SoundCard::~SoundCard()
                0x00000000c001a942                SoundCard::~SoundCard()
                0x00000000c001a96c                SoundCard::configureRates(int, int, int)
                0x00000000c001a99c                SoundCard::getSamples16(int, short*)
                0x00000000c001a9f8                SoundCard::getSamples32(int, int*)
                0x00000000c001aa7e                SoundCard::addChannel(SoundPort*)
                0x00000000c001aabc                SoundCard::removeChannel(int)
 .text          0x00000000c001aad0      0x38a hal/sound/sndport.32
                0x00000000c001aad0                SoundPort::SoundPort(int, int, int, int)
                0x00000000c001aad0                SoundPort::SoundPort(int, int, int, int)
                0x00000000c001ab5c                SoundPort::~SoundPort()
                0x00000000c001ab5c                SoundPort::~SoundPort()
                0x00000000c001ab90                SoundPort::unpause()
                0x00000000c001ab9c                SoundPort::pause()
                0x00000000c001aba8                SoundPort::getBufferUsed()
                0x00000000c001abb0                SoundPort::getBufferSize()
                0x00000000c001abb8                SoundPort::buffer16(short*, int)
                0x00000000c001ac44                SoundPort::buffer32(int*, int)
                0x00000000c001acd0                SoundPort::unbufferAndAdd16(int, short*, SoundCard*)
                0x00000000c001ad9c                SoundPort::unbufferAndAdd32(int, int*, SoundCard*)
 .text          0x00000000c001ae5a        0x0 hw/bus/isa.32
 .text          0x00000000c001ae5a      0xbb7 hw/bus/pci.32
                0x00000000c001ae5a                PCI::open(int, int, void*)
                0x00000000c001ae78                PCI::close(int, int, void*)
                0x00000000c001ae7c                PCI::PCI()
                0x00000000c001ae7c                PCI::PCI()
                0x00000000c001af14                PCI::readBAR8(unsigned int, int)
                0x00000000c001af30                PCI::readBAR16(unsigned int, int)
                0x00000000c001af4e                PCI::readBAR32(unsigned int, int)
                0x00000000c001af6a                PCI::writeBAR8(unsigned int, unsigned char, int)
                0x00000000c001af8a                PCI::writeBAR16(unsigned int, unsigned short, int)
                0x00000000c001afac                PCI::writeBAR32(unsigned int, unsigned int, int)
                0x00000000c001afcc                PCI::legacyMechanism(unsigned char, unsigned char, unsigned char, unsigned char)
                0x00000000c001b042                PCI::pciReadWord(unsigned char, unsigned char, unsigned char, unsigned char)
                0x00000000c001b0ec                PCI::getVendorID(unsigned char, unsigned char, unsigned char)
                0x00000000c001b110                PCI::getHeaderType(unsigned char, unsigned char, unsigned char)
                0x00000000c001b138                PCI::getClassCode(unsigned char, unsigned char, unsigned char)
                0x00000000c001b182                PCI::getProgIF(unsigned char, unsigned char, unsigned char)
                0x00000000c001b1aa                PCI::getRevisionID(unsigned char, unsigned char, unsigned char)
                0x00000000c001b1ce                PCI::getInterruptNumber(unsigned char, unsigned char, unsigned char)
                0x00000000c001b1f2                PCI::getSecondaryBus(unsigned char, unsigned char, unsigned char)
                0x00000000c001b21a                PCI::getBARAddress(unsigned char, unsigned char, unsigned char, unsigned char)
                0x00000000c001b27e                PCI::pciWriteWord(unsigned char, unsigned char, unsigned char, unsigned char, unsigned short)
                0x00000000c001b366                PCI::pciDetailsToFilepath(PCIDeviceInfo, char*)
                0x00000000c001b62c                PCI::checkBus(unsigned char)
                0x00000000c001b650                PCI::foundDevice(PCIDeviceInfo)
                0x00000000c001b7ca                PCI::getDeviceData(unsigned char, unsigned char, unsigned char)
                0x00000000c001b946                PCI::checkDevice(unsigned char, unsigned char)
                0x00000000c001b9b8                PCI::detect()
 *fill*         0x00000000c001ba11        0x1 
 .text          0x00000000c001ba12      0xb9a hw/diskctrl/ide.32
                0x00000000c001ba12                IDE::close(int, int, void*)
                0x00000000c001ba16                IDE::IDE()
                0x00000000c001ba16                IDE::IDE()
                0x00000000c001ba4a                IDE::prepareInterrupt(unsigned char)
                0x00000000c001ba5c                selectDrive(unsigned char, unsigned char)
                0x00000000c001ba5e                IDE::getBase(unsigned char)
                0x00000000c001ba70                IDE::write(unsigned char, unsigned char, unsigned char)
                0x00000000c001bb30                IDE::read(unsigned char, unsigned char)
                0x00000000c001bbde                IDE::waitInterrupt(unsigned char)
                0x00000000c001bc40                ideChannel0IRQHandler(regs*, void*)
                0x00000000c001bc5c                ideChannel1IRQHandler(regs*, void*)
                0x00000000c001bc78                IDE::enableIRQs(unsigned char, bool)
                0x00000000c001bcc2                IDE::open(int, int, void*)
                0x00000000c001c100                IDE::readBuffer(unsigned char, unsigned char, unsigned int, unsigned int)
                0x00000000c001c1d0                IDE::detect()
                0x00000000c001c49e                IDE::printError(unsigned char, unsigned char, unsigned char)
                0x00000000c001c558                IDE::polling(unsigned char, unsigned int)
 .text          0x00000000c001c5ac      0x32a hw/diskctrl/satabus.32
                0x00000000c001c5ac                SATABus::close(int, int, void*)
                0x00000000c001c5b0                SATABus::detect()
                0x00000000c001c5b2                SATABus::SATABus()
                0x00000000c001c5b2                SATABus::SATABus()
                0x00000000c001c638                SATABus::findCmdslot(SATABus::tagHBA_PORT volatile*)
                0x00000000c001c66a                SATABus::checkType(SATABus::tagHBA_PORT volatile*)
                0x00000000c001c6b2                SATABus::startCmd(SATABus::tagHBA_PORT volatile*)
                0x00000000c001c6d2                SATABus::stopCmd(SATABus::tagHBA_PORT volatile*)
                0x00000000c001c6fc                SATABus::portRebase(SATABus::tagHBA_PORT volatile*, int)
                0x00000000c001c80c                SATABus::probePort(SATABus::tagHBA_MEM volatile*)
                0x00000000c001c8b6                SATABus::open(int, int, void*)
 .text          0x00000000c001c8d6      0x93f hw/diskphys/ata.32
                0x00000000c001c8d6                ATA::close(int, int, void*)
                0x00000000c001c8fa                ATA::powerSaving(PowerSavingLevel)
                0x00000000c001c8fc                ATA::ATA()
                0x00000000c001c8fc                ATA::ATA()
                0x00000000c001c92a                ATA::flush(bool)
                0x00000000c001c978                ATA::readyForCommand()
                0x00000000c001c9c4                ATA::access(unsigned long long, int, void*, bool)
                0x00000000c001cd5a                ATA::detectCHS()
                0x00000000c001cd84                ATA::open(int, int, void*)
                0x00000000c001ce50                combineCharAndColour(char, unsigned char)
                0x00000000c001ce61                combineColours(unsigned char, unsigned char)
                0x00000000c001ce6e                ATA::read(unsigned long long, int, void*)
                0x00000000c001d044                ATA::write(unsigned long long, int, void*)
 *fill*         0x00000000c001d215        0x1 
 .text          0x00000000c001d216      0x618 hw/diskphys/atapi.32
                0x00000000c001d216                ATAPI::write(unsigned long long, int, void*)
                0x00000000c001d21c                ATAPI::close(int, int, void*)
                0x00000000c001d240                ATAPI::ATAPI()
                0x00000000c001d240                ATAPI::ATAPI()
                0x00000000c001d26e                ATAPI::readyForCommand()
                0x00000000c001d2c0                ATAPI::sendPacket(unsigned char*, int, bool, unsigned short*, int)
                0x00000000c001d588                ATAPI::diskRemoved()
                0x00000000c001d5c2                ATAPI::eject()
                0x00000000c001d60a                ATAPI::diskInserted()
                0x00000000c001d616                ATAPI::detectMedia()
                0x00000000c001d6d4                ATAPI::open(int, int, void*)
                0x00000000c001d7b4                ATAPI::read(unsigned long long, int, void*)
 .text          0x00000000c001d82e      0x807 hw/diskphys/sata.32
                0x00000000c001d82e                SATA::close(int, int, void*)
                0x00000000c001d852                SATA::powerSaving(PowerSavingLevel)
                0x00000000c001d854                SATA::open(int, int, void*)
                0x00000000c001d8fe                SATA::SATA()
                0x00000000c001d8fe                SATA::SATA()
                0x00000000c001d92c                SATA::access(unsigned long long, int, void*, bool)
                0x00000000c001db80                SATA::read(unsigned long long, int, void*)
                0x00000000c001ddd0                SATA::write(unsigned long long, int, void*)
 *fill*         0x00000000c001e035        0x1 
 .text          0x00000000c001e036      0x5d0 hw/diskphys/satapi.32
                0x00000000c001e036                SATAPI::write(unsigned long long, int, void*)
                0x00000000c001e03c                SATAPI::close(int, int, void*)
                0x00000000c001e060                SATAPI::SATAPI()
                0x00000000c001e060                SATAPI::SATAPI()
                0x00000000c001e08e                SATAPI::diskRemoved()
                0x00000000c001e090                SATAPI::diskInserted()
                0x00000000c001e0ac                SATAPI::sendPacket(unsigned char*, int, unsigned long long, unsigned short*, int)
                0x00000000c001e38a                SATAPI::eject()
                0x00000000c001e3c6                SATAPI::detectMedia()
                0x00000000c001e41c                SATAPI::open(int, int, void*)
                0x00000000c001e51c                SATAPI::read(unsigned long long, int, void*)
 .text          0x00000000c001e606      0x45b hw/intctrl/apic.32
                0x00000000c001e606                IOAPIC::close(int, int, void*)
                0x00000000c001e60c                apicGetBase()
                0x00000000c001e652                IOAPIC::IOAPIC()
                0x00000000c001e652                IOAPIC::IOAPIC()
                0x00000000c001e67a                apicOpen()
                0x00000000c001e7f6                IOAPIC::handlesGSIWithNumber(unsigned int)
                0x00000000c001e828                IOAPIC::read(int)
                0x00000000c001e850                IOAPIC::open(int, int, void*)
                0x00000000c001e936                IOAPIC::write(int, int)
                0x00000000c001e962                IOAPIC::redirect(unsigned char, unsigned long long, unsigned char, bool, bool)
 *fill*         0x00000000c001ea61        0x3 
 .text          0x00000000c001ea64       0xf0 hw/timer/apictimer.32
                0x00000000c001ea64                APICTimer::close(int, int, void*)
                0x00000000c001ea6c                apicTimerHandler(regs*, void*)
                0x00000000c001ea94                APICTimer::open(int, int, void*)
                0x00000000c001eb04                APICTimer::write(int)
                0x00000000c001eb2c                APICTimer::APICTimer()
                0x00000000c001eb2c                APICTimer::APICTimer()
 .text          0x00000000c001eb54      0x1ad hw/timer/pit.32
                0x00000000c001eb54                PIT::write(int)
                0x00000000c001ebd8                pitHandler(regs*, void*)
                0x00000000c001ec00                PIT::open(int, int, void*)
                0x00000000c001ec50                PIT::close(int, int, void*)
                0x00000000c001ec80                PIT::PIT()
                0x00000000c001ec80                PIT::PIT()
 *fill*         0x00000000c001ed01        0xf 
 .text          0x00000000c001ed10       0x83 arch/i386/avx.32
                0x00000000c001ed10                avxDetect
                0x00000000c001ed3a                avxSave
                0x00000000c001ed4b                avxLoad
                0x00000000c001ed5c                avxInit
                0x00000000c001ed7e                avxClose
                0x00000000c001ed7f                wouldSheSayYes
 *fill*         0x00000000c001ed93        0xd 
 .text          0x00000000c001eda0      0x2ec arch/i386/interrupt.32
                0x00000000c001eda0                isr0
                0x00000000c001edb0                isr1
                0x00000000c001edba                isr2
                0x00000000c001edc4                isr3
                0x00000000c001edce                isr4
                0x00000000c001edd8                isr5
                0x00000000c001ede2                isr6
                0x00000000c001edec                isr7
                0x00000000c001edf6                isr8
                0x00000000c001edfe                isr9
                0x00000000c001ee08                isr10
                0x00000000c001ee10                isr11
                0x00000000c001ee18                isr12
                0x00000000c001ee20                isr13
                0x00000000c001ee3a                isr14
                0x00000000c001ee42                isr15
                0x00000000c001ee4c                isr16
                0x00000000c001ee56                isr17
                0x00000000c001ee60                isr18
                0x00000000c001ee6a                irq3
                0x00000000c001ee74                irq4
                0x00000000c001ee7e                irq5
                0x00000000c001ee88                irq6
                0x00000000c001ee92                irq7
                0x00000000c001ee9c                irq8
                0x00000000c001eea6                irq9
                0x00000000c001eeb0                irq10
                0x00000000c001eeba                irq11
                0x00000000c001eec4                irq12
                0x00000000c001eece                irq13
                0x00000000c001eed8                irq14
                0x00000000c001eee2                irq15
                0x00000000c001eeec                irq1
                0x00000000c001eef3                irq2
                0x00000000c001eefa                isr96