Archive member included to satisfy reference by file (symbol)

/cygdrive/d/Users/Alex/Desktop/Toolchain/Output/bin/../lib/gcc/i386-banana/8.1.0/libkgcc.a(_divdi3.o)
                              compat/resolve.32 (__divdi3)
/cygdrive/d/Users/Alex/Desktop/Toolchain/Output/bin/../lib/gcc/i386-banana/8.1.0/libkgcc.a(_moddi3.o)
                              compat/resolve.32 (__moddi3)
/cygdrive/d/Users/Alex/Desktop/Toolchain/Output/bin/../lib/gcc/i386-banana/8.1.0/libkgcc.a(_udivdi3.o)
                              compat/resolve.32 (__udivdi3)
/cygdrive/d/Users/Alex/Desktop/Toolchain/Output/bin/../lib/gcc/i386-banana/8.1.0/libkgcc.a(_umoddi3.o)
                              compat/resolve.32 (__umoddi3)

Discarded input sections

 .comment       0x0000000000000000       0x12 /cygdrive/d/Users/Alex/Desktop/Toolchain/Output/bin/../lib/gcc/i386-banana/8.1.0/crtbegin.o
 .comment       0x0000000000000000       0x12 acpica/utclib.32
 .comment       0x0000000000000000       0x12 core/malloc.32
 .comment       0x0000000000000000       0x12 libk/string.32
 .comment       0x0000000000000000       0x12 fs/fat/diskio.32
 .comment       0x0000000000000000       0x12 fs/fat/ff.32
 .comment       0x0000000000000000       0x12 fs/fat/ffsystem.32
 .comment       0x0000000000000000       0x12 fs/fat/ffunicode.32
 .comment       0x0000000000000000       0x12 compat/inlines.32
 .comment       0x0000000000000000       0x12 compat/resolve.32
 .group         0x0000000000000000       0x14 core/computer.32
 .group         0x0000000000000000        0xc core/computer.32
 .comment       0x0000000000000000       0x12 core/computer.32
 .comment       0x0000000000000000       0x12 core/gdt.32
 .group         0x0000000000000000        0xc core/idle.32
 .comment       0x0000000000000000       0x12 core/idle.32
 .comment       0x0000000000000000       0x12 core/idt.32
 .comment       0x0000000000000000       0x12 core/kheap.32
 .comment       0x0000000000000000       0x12 core/main.32
 .comment       0x0000000000000000       0x12 core/physmgr.32
 .group         0x0000000000000000        0xc core/pipe.32
 .comment       0x0000000000000000       0x12 core/pipe.32
 .group         0x0000000000000000        0xc core/terminal.32
 .comment       0x0000000000000000       0x12 core/terminal.32
 .comment       0x0000000000000000       0x12 core/tss.32
 .group         0x0000000000000000        0x8 core/unixfile.32
 .group         0x0000000000000000        0x8 core/unixfile.32
 .group         0x0000000000000000        0xc core/unixfile.32
 .group         0x0000000000000000        0x8 core/unixfile.32
 .group         0x0000000000000000        0xc core/unixfile.32
 .group         0x0000000000000000        0x8 core/unixfile.32
 .group         0x0000000000000000        0xc core/unixfile.32
 .group         0x0000000000000000        0xc core/unixfile.32
 .comment       0x0000000000000000       0x12 core/unixfile.32
 .comment       0x0000000000000000       0x12 core/virtmgr.32
 .comment       0x0000000000000000       0x12 coreobjs/c++.32
 .comment       0x0000000000000000       0x12 dbg/kconsole.32
 .group         0x0000000000000000        0xc fs/vfs.32
 .group         0x0000000000000000        0xc fs/vfs.32
 .group         0x0000000000000000        0xc fs/vfs.32
 .comment       0x0000000000000000       0x12 fs/vfs.32
 .group         0x0000000000000000        0xc hal/bus.32
 .comment       0x0000000000000000       0x12 hal/bus.32
 .comment       0x0000000000000000       0x12 hal/buzzer.32
 .group         0x0000000000000000        0xc hal/clock.32
 .comment       0x0000000000000000       0x12 hal/clock.32
 .group         0x0000000000000000       0x14 hal/device.32
 .group         0x0000000000000000        0xc hal/device.32
 .group         0x0000000000000000        0x8 hal/device.32
 .group         0x0000000000000000        0xc hal/device.32
 .group         0x0000000000000000        0xc hal/device.32
 .comment       0x0000000000000000       0x12 hal/device.32
 .group         0x0000000000000000        0xc hal/diskctrl.32
 .comment       0x0000000000000000       0x12 hal/diskctrl.32
 .group         0x0000000000000000        0xc hal/diskphys.32
 .comment       0x0000000000000000       0x12 hal/diskphys.32
 .comment       0x0000000000000000       0x12 hal/fpu.32
 .comment       0x0000000000000000       0x12 hal/intctrl.32
 .group         0x0000000000000000        0xc hal/keybrd.32
 .comment       0x0000000000000000       0x12 hal/keybrd.32
 .group         0x0000000000000000        0xc hal/logidisk.32
 .comment       0x0000000000000000       0x12 hal/logidisk.32
 .group         0x0000000000000000        0xc hal/mouse.32
 .comment       0x0000000000000000       0x12 hal/mouse.32
 .comment       0x0000000000000000       0x12 hal/partition.32
 .group         0x0000000000000000        0xc hal/serial.32
 .comment       0x0000000000000000       0x12 hal/serial.32
 .group         0x0000000000000000        0x8 hal/timer.32
[...]
Memory Configuration

Name             Origin             Length             Attributes
*default*        0x0000000000000000 0xffffffffffffffff

Linker script and memory map

LOAD D:/Users/Alex/Desktop/Banana/kernel/boot.32
LOAD crti.32
LOAD /cygdrive/d/Users/Alex/Desktop/Toolchain/Output/bin/../lib/gcc/i386-banana/8.1.0/crtbegin.o
LOAD D:/Users/Alex/Desktop/Banana/kernel/morenasm.32
LOAD acpica/utclib.32
LOAD core/malloc.32
LOAD libk/string.32
LOAD fs/fat/diskio.32
LOAD fs/fat/ff.32
LOAD fs/fat/ffsystem.32
LOAD fs/fat/ffunicode.32
LOAD compat/inlines.32
LOAD compat/resolve.32
LOAD core/computer.32
LOAD core/gdt.32
LOAD core/idle.32
LOAD core/idt.32
LOAD core/kheap.32
LOAD core/main.32
LOAD core/physmgr.32
LOAD core/pipe.32
LOAD core/terminal.32
LOAD core/tss.32
LOAD core/unixfile.32
LOAD core/virtmgr.32
LOAD coreobjs/c++.32
LOAD dbg/kconsole.32
LOAD fs/vfs.32
LOAD hal/bus.32
LOAD hal/buzzer.32
LOAD hal/clock.32
LOAD hal/device.32
LOAD hal/diskctrl.32
LOAD hal/diskphys.32
LOAD hal/fpu.32
LOAD hal/intctrl.32
LOAD hal/keybrd.32
LOAD hal/logidisk.32
LOAD hal/mouse.32
LOAD hal/partition.32
LOAD hal/serial.32
LOAD hal/timer.32
LOAD hal/vcache.32
LOAD hal/video.32
LOAD hw/acpi.32
LOAD hw/cpu.32
LOAD hw/smp.32
LOAD krnl/env.32
LOAD krnl/panic.32
LOAD krnl/powctrl.32
LOAD reg/registry.32
LOAD sys/sc_eject.32
LOAD sys/sc_exit.32
LOAD sys/sc_getcwd.32
LOAD sys/sc_getpid.32
LOAD sys/sc_getramdata.32
LOAD sys/sc_getvgaptr.32
LOAD sys/sc_loaddll.32
LOAD sys/sc_read.32
LOAD sys/sc_sbrk.32
LOAD sys/sc_setcwd.32
LOAD sys/sc_settime.32
LOAD sys/sc_timezone.32
LOAD sys/sc_write.32
LOAD sys/sc_wsbe.32
LOAD sys/sc_yield.32
LOAD sys/syscalls.32
LOAD thr/elf.32
LOAD thr/prcssthr.32
LOAD vm86/vm8086.32
LOAD vm86/x87em.32
LOAD arch/i386/hal.32
LOAD arch/i386/pic.32
LOAD arch/i386/rtc.32
LOAD arch/i386/vga.32
LOAD fs/fat/vfslink.32
LOAD fs/iso9660/vfslink.32
LOAD hal/sound/sndcard.32
LOAD hal/sound/sndport.32
LOAD hw/bus/isa.32
LOAD hw/bus/pci.32
LOAD hw/diskctrl/ide.32
LOAD hw/diskctrl/satabus.32
LOAD hw/diskphys/ata.32
LOAD hw/diskphys/atapi.32
LOAD hw/diskphys/sata.32
LOAD hw/diskphys/satapi.32
LOAD hw/intctrl/apic.32
LOAD hw/timer/apictimer.32
LOAD hw/timer/pit.32
LOAD arch/i386/avx.32
LOAD arch/i386/interrupt.32
LOAD arch/i386/rdrand.32
LOAD arch/i386/sse.32
LOAD arch/i386/x87.32
LOAD /cygdrive/d/Users/Alex/Desktop/Toolchain/Output/bin/../lib/gcc/i386-banana/8.1.0/crtend.o
LOAD crtn.32
LOAD /cygdrive/d/Users/Alex/Desktop/Toolchain/Output/bin/../lib/gcc/i386-banana/8.1.0/libkgcc.a
LOAD D:/Users/Alex/Desktop/Banana/kernel/libsoftfp.a
LOAD D:/Users/Alex/Desktop/Banana/kernel/libk/libm32.a
                0x00000000c0000000                . = 0xc0000000

.text           0x00000000c0000000    0x1cb0a
 *(.text)
 .text          0x00000000c0000000       0x41 D:/Users/Alex/Desktop/Banana/kernel/boot.32
                0x00000000c0000020                callGlobalConstructors
 .text          0x00000000c0000041        0x0 crti.32
 *fill*         0x00000000c0000041        0x3 
 .text          0x00000000c0000044      0x101 /cygdrive/d/Users/Alex/Desktop/Toolchain/Output/bin/../lib/gcc/i386-banana/8.1.0/crtbegin.o
 *fill*         0x00000000c0000145        0xb 
 .text          0x00000000c0000150      0x252 D:/Users/Alex/Desktop/Banana/kernel/morenasm.32
                0x00000000c0000150                manualPCIProbe
                0x00000000c000019b                prepareTramp
                0x00000000c00001b4                doTPAUSE
                0x00000000c00001be                hasLegacyFPU
                0x00000000c00001e3                is486
                0x00000000c0000219                detectCPUID
                0x00000000c000022f                goToVM86
                0x00000000c000025f                goToUsermode
                0x00000000c0000289                switchToThreadASMFirstTime
                0x00000000c0000297                switchToThreadASM
                0x00000000c000031f                asmQuickAcquireLock
                0x00000000c000033d                asmQuickReleaseLock
                0x00000000c0000349                asmAcquireLock
                0x00000000c000036a                asmReleaseLock
                0x00000000c000037d                loadGDT
                0x00000000c000039d                memcpy
 *fill*         0x00000000c00003a2        0x2 
 .text          0x00000000c00003a4      0x5dd acpica/utclib.32
                0x00000000c00003a4                memcmp
                0x00000000c00003e0                memmove
                0x00000000c00004a8                memset
                0x00000000c00004c4                strlen
                0x00000000c00004dc                strpbrk
                0x00000000c0000518                strtok
                0x00000000c0000564                strcpy
                0x00000000c0000588                strncpy
                0x00000000c00005f0                strcmp
                0x00000000c0000630                strchr
                0x00000000c0000654                strncmp
                0x00000000c00006a4                strcat
                0x00000000c00006d4                strncat
                0x00000000c0000710                strstr
                0x00000000c0000758                toupper
                0x00000000c000076c                tolower
                0x00000000c0000780                simple_strtoul
 .text          0x00000000c0000981      0xfad core/malloc.32
                0x00000000c0000aec                dlfree
                0x00000000c0000e47                dlmalloc
                0x00000000c0001384                dlrealloc
                0x00000000c0001527                dlmemalign
                0x00000000c000164a                dlcalloc
                0x00000000c00016e4                dlcfree
                0x00000000c00016e9                dlindependent_calloc
                0x00000000c000170e                dlindependent_comalloc
                0x00000000c0001725                dlvalloc
                0x00000000c0001750                dlpvalloc
                0x00000000c0001786                dlmalloc_trim
                0x00000000c0001793                dlmalloc_usable_size
                0x00000000c00017c4                dlmallinfo
                0x00000000c0001893                dlmalloc_stats
                0x00000000c00018a4                dlmallopt
 .text          0x00000000c000192e        0x0 libk/string.32
 .text          0x00000000c000192e       0x51 fs/fat/diskio.32
                0x00000000c000192e                disk_status
                0x00000000c0001931                disk_initialize
                0x00000000c0001934                disk_read
                0x00000000c000194a                disk_write
                0x00000000c0001960                disk_ioctl
 .text          0x00000000c000197f     0x4074 fs/fat/ff.32
                0x00000000c000374e                f_mount
                0x00000000c00037b0                f_open
                0x00000000c0003a82                f_read
                0x00000000c0003c90                f_write
                0x00000000c0003ed3                f_sync
                0x00000000c0003f88                f_close
                0x00000000c0003fb7                f_lseek
                0x00000000c00042a1                f_opendir
                0x00000000c000436c                f_closedir
                0x00000000c000438e                f_readdir
                0x00000000c0004420                f_stat
                0x00000000c000449f                f_getfree
                0x00000000c00045a1                f_truncate
                0x00000000c0004685                f_unlink
                0x00000000c00047a7                f_mkdir
                0x00000000c0004942                f_rename
                0x00000000c0004af8                f_chmod
                0x00000000c0004ba1                f_utime
                0x00000000c0004c4f                f_getlabel
                0x00000000c0004da0                f_setlabel
                0x00000000c0004f30                f_expand
                0x00000000c0005090                f_forward
                0x00000000c000521e                f_mkfs
 *fill*         0x00000000c00059f3        0x1 
 .text          0x00000000c00059f4       0x2f fs/fat/ffsystem.32
                0x00000000c00059f4                ff_memalloc
                0x00000000c0005a0c                ff_memfree
 *fill*         0x00000000c0005a23        0x1 
 .text          0x00000000c0005a24      0x274 fs/fat/ffunicode.32
                0x00000000c0005a24                ff_uni2oem
                0x00000000c0005abc                ff_oem2uni
                0x00000000c0005b30                ff_wtoupper
 .text          0x00000000c0005c98       0xa7 compat/inlines.32
                0x00000000c0005c98                CPU::current()
                0x00000000c0005ca4                operator new(unsigned long)
                0x00000000c0005ca9                operator delete(void*)
                0x00000000c0005cae                disableIRQs()
                0x00000000c0005cb6                enableIRQs()
                0x00000000c0005cc5                lockScheduler()
                0x00000000c0005ccd                unlockScheduler()
                0x00000000c0005cdc                lockStuff()
                0x00000000c0005cea                unlockStuff()
                0x00000000c0005d24                Virt::getAKernelVAS()
                0x00000000c0005d2a                __not_memcpy
 *fill*         0x00000000c0005d3f        0x1 
 .text          0x00000000c0005d40      0x118 compat/resolve.32
                0x00000000c0005d40                Krnl::resolveCompatibilitySymbol(char*)
 .text          0x00000000c0005e58      0x76b core/computer.32
                0x00000000c0005e58                Computer::close(int, int, void*)
                0x00000000c0005e9c                Krnl::firstTask()
                0x00000000c0005fe4                Computer::Computer()
                0x00000000c0005fe4                Computer::Computer()
                0x00000000c0006140                Computer::setBootMessage(char const*)
                0x00000000c0006142                Computer::detectFeatures()
                0x00000000c000634c                Computer::displayFeatures()
                0x00000000c000634e                Computer::rdmsr(unsigned int)
                0x00000000c000637a                Computer::wrmsr(unsigned int, unsigned long long)
                0x00000000c00063b2                Computer::shutdown()
                0x00000000c00063ca                Computer::restart()
                0x00000000c00063e2                Computer::sleep()
                0x00000000c00063f6                Computer::nmiEnabled()
                0x00000000c0006402                Computer::readCMOS(unsigned char)
                0x00000000c000641c                Computer::enableNMI(bool)
                0x00000000c0006434                Computer::open(int, int, void*)
                0x00000000c0006506                Computer::disableNMI()
                0x00000000c0006514                Computer::writeCMOS(unsigned char, unsigned char)
                0x00000000c0006532                Computer::handleNMI()
                0x00000000c0006598                Computer::setDiskActivityLight(int, bool)
 *fill*         0x00000000c00065c3        0x1 
 .text          0x00000000c00065c4      0x211 core/gdt.32
                0x00000000c00065c4                GDTEntry::setBase(unsigned int)
                0x00000000c00065e0                GDTEntry::setLimit(unsigned int)
                0x00000000c00065fe                GDT::GDT()
                0x00000000c00065fe                GDT::GDT()
                0x00000000c0006614                GDT::addEntry(GDTEntry)
                0x00000000c0006636                GDT::getNumberOfEntries()
                0x00000000c000663e                GDT::flush()
                0x00000000c0006660                GDT::setup()
 .text          0x00000000c00067d5       0x19 core/idle.32
                0x00000000c00067d5                idleFunction(void*)
 *fill*         0x00000000c00067ee        0x2 
 .text          0x00000000c00067f0      0x464 core/idt.32
                0x00000000c00067f0                IDTEntry::IDTEntry(bool)
                0x00000000c00067f0                IDTEntry::IDTEntry(bool)
                0x00000000c0006862                IDTEntry::setOffset(unsigned int)
                0x00000000c0006878                IDT::IDT()
                0x00000000c0006878                IDT::IDT()
                0x00000000c000687a                IDT::getPointerToInvalidOpcodeEntryForF00F()
                0x00000000c0006882                IDT::addEntry(IDTEntry, int)
                0x00000000c000689c                IDT::addEntry(int, void (*)(), bool)
                0x00000000c00068d4                IDT::flush()
                0x00000000c00068ee                IDT::setup()
 .text          0x00000000c0006c54      0x183 core/kheap.32
                0x00000000c0006c54                sbrk
                0x00000000c0006ce9                mmap
                0x00000000c0006cff                munmap
                0x00000000c0006d15                liballoc_lock()
                0x00000000c0006d22                liballoc_unlock()
                0x00000000c0006d36                liballoc_alloc(int)
                0x00000000c0006d4e                liballoc_free(void*, int)
                0x00000000c0006d69                realloc
                0x00000000c0006d7d                malloc
                0x00000000c0006d8d                free
                0x00000000c0006d9d                rfree
                0x00000000c0006dad                calloc
 .text          0x00000000c0006dd7      0x1b3 core/main.32
                0x00000000c0006dd7                Krnl::setBootMessage(char const*)
                0x00000000c0006e43                kernel_main
 .text          0x00000000c0006f8a      0x5ce core/physmgr.32
                0x00000000c0006f8a                Phys::allocateDMA(unsigned long)
                0x00000000c0007061                Phys::freeDMA(unsigned long, unsigned long)
                0x00000000c0007094                Phys::setPageState(unsigned long, bool)
                0x00000000c00070c6                Phys::getPageState(unsigned long)
                0x00000000c00070e2                Phys::freePage(unsigned long)
                0x00000000c0007144                Phys::allocatePage()
                0x00000000c0007201                Phys::allocateContiguousPages(int)
                0x00000000c000725d                Phys::allowSegmentToBeUsed(unsigned long, unsigned long)
                0x00000000c0007295                Phys::physicalMemorySetup(unsigned int)
 .text          0x00000000c0007558      0x273 core/pipe.32
                0x00000000c0007558                Pipe::isAtty()
                0x00000000c000755c                Pipe::~Pipe()
                0x00000000c000755c                Pipe::~Pipe()
                0x00000000c0007580                Pipe::~Pipe()
                0x00000000c00075a8                Pipe::write(unsigned long long, void*, int*)
                0x00000000c0007668                Pipe::read(unsigned long long, void*, int*)
                0x00000000c0007764                Pipe::Pipe(int)
                0x00000000c0007764                Pipe::Pipe(int)
 *fill*         0x00000000c00077cb        0x1 
 .text          0x00000000c00077cc      0xa1a core/terminal.32
                0x00000000c00077cc                VgaText::isAtty()
                0x00000000c00077d0                VgaText::~VgaText()
                0x00000000c00077d0                VgaText::~VgaText()
                0x00000000c00077f4                VgaText::~VgaText()
                0x00000000c000781e                VgaText::read(unsigned long long, void*, int*)
                0x00000000c000783e                setTerminalScrollLock(bool)
                0x00000000c000783f                doTerminalCycle()
                0x00000000c0007840                addToTerminalCycle(VgaText*)
                0x00000000c0007841                scrollTerminalScrollLock(int)
                0x00000000c0007842                VgaText::updateTitle()
                0x00000000c0007844                VgaText::load()
                0x00000000c0007846                VgaText::updateCursor()
                0x00000000c000785c                VgaText::doANSI_SGR(int)
                0x00000000c00078d0                VgaText::setDefaultBgColour(VgaColour)
                0x00000000c00078e0                VgaText::setDefaultFgColour(VgaColour)
                0x00000000c00078f0                VgaText::setDefaultColours(VgaColour, VgaColour)
                0x00000000c0007910                VgaText::setTitleTextColour(VgaColour)
                0x00000000c000791c                VgaText::setTitleColour(VgaColour)
                0x00000000c0007928                VgaText::setTitle(char*)
                0x00000000c000792a                VgaText::combineColours(unsigned char, unsigned char)
                0x00000000c000793c                VgaText::scrollScreen()
                0x00000000c00079d4                VgaText::combineCharAndColour(char, unsigned char)
                0x00000000c00079e6                VgaText::writeCharacter(char, VgaColour, VgaColour, int, int)
                0x00000000c0007a76                VgaText::getCursorX()
                0x00000000c0007a7e                VgaText::getCursorY()
                0x00000000c0007a86                VgaText::setCursor(int, int)
                0x00000000c0007a9d                setActiveTerminal(VgaText*)
                0x00000000c0007ae8                VgaText::clearScreen()
                0x00000000c0007b36                VgaText::setCursorX(int)
                0x00000000c0007b4e                VgaText::setCursorY(int)
                0x00000000c0007b66                VgaText::incrementCursor(bool)
                0x00000000c0007bba                VgaText::decrementCursor(bool)
                0x00000000c0007bdc                VgaText::putchar(char, VgaColour, VgaColour)
                0x00000000c0007caa                VgaText::putchar(char)
                0x00000000c0007d96                VgaText::putx(unsigned int)
                0x00000000c0007ddc                VgaText::puts(char const*)
                0x00000000c0007e02                VgaText::write(unsigned long long, void*, int*)
                0x00000000c0007e4e                VgaText::puts(char const*, VgaColour, VgaColour)
                0x00000000c0007f9c                VgaText::VgaText(char const*)
                0x00000000c0007f9c                VgaText::VgaText(char const*)
                0x00000000c00080e8                VgaText::receiveKey(unsigned char)
                0x00000000c00081c0                VgaText::doUpdate()
                0x00000000c00081c1                newTerminal(char*)
 *fill*         0x00000000c00081e6        0x2 
 .text          0x00000000c00081e8      0x1a1 core/tss.32
                0x00000000c00081e8                TSS::TSS()
                0x00000000c00081e8                TSS::TSS()
                0x00000000c00081f8                TSS::setESP(unsigned long)
                0x00000000c000820c                TSS::flush()
                0x00000000c000822c                TSS::setup(unsigned long, unsigned long)
 *fill*         0x00000000c0008389        0x1 
 .text          0x00000000c000838a      0x4c2 core/unixfile.32
                0x00000000c000838a                ReservedFilename::read(unsigned long long, void*, int*)
                0x00000000c00083e0                ReservedFilename::isAtty()
                0x00000000c00083fc                ReservedFilename::write(unsigned long long, void*, int*)
                0x00000000c000845a                UnixFile::getFileDescriptor()
                0x00000000c0008462                UnixFile::UnixFile(int)
                0x00000000c0008462                UnixFile::UnixFile(int)
                0x00000000c0008612                ReservedFilename::ReservedFilename(int)
                0x00000000c0008612                ReservedFilename::ReservedFilename(int)
                0x00000000c0008644                UnixFile::~UnixFile()
                0x00000000c0008644                UnixFile::~UnixFile()
                0x00000000c00086dc                UnixFile::~UnixFile()
                0x00000000c0008704                ReservedFilename::~ReservedFilename()
                0x00000000c0008704                ReservedFilename::~ReservedFilename()
                0x00000000c0008728                ReservedFilename::~ReservedFilename()
                0x00000000c000874f                getFromFileDescriptor(int)
 .text          0x00000000c000884c     0x118a core/virtmgr.32
                0x00000000c000884c                Virt::setPageState(unsigned long, Virt::VirtPageState)
                0x00000000c0008881                Virt::getPageState(unsigned long)
                0x00000000c00088a5                Virt::allocateKernelVirtualPages(int)
                0x00000000c00089b6                Virt::freeSwapfilePage(unsigned long)
                0x00000000c00089d4                Virt::swapIDToSector(unsigned long)
                0x00000000c00089e6                Virt::allocateSwapfilePage()
                0x00000000c0008a64                Virt::virtualMemorySetup()
                0x00000000c0008aaf                Virt::setupPageSwapping(int)
                0x00000000c0008b20                VAS::VAS(VAS*)
                0x00000000c0008b20                VAS::VAS(VAS*)
                0x00000000c0008b4e                VAS::getForeignPageTableEntry(bool, unsigned long)
                0x00000000c0008b7a                VAS::getPageTableEntry(unsigned long)
                0x00000000c0008b99                Virt::freeKernelVirtualPages(unsigned long)
                0x00000000c0008cbc                VAS::freeAllocatedPages(unsigned long)
                0x00000000c0008ce0                VAS::virtualToPhysical(unsigned long)
                0x00000000c0008cf8                VAS::reflagRange(unsigned long, int, int, int)
                0x00000000c0008d38                VAS::setToWriteCombining(unsigned long, int)
                0x00000000c0008d6a                VAS::mapOtherVASIn(bool, VAS*)
                0x00000000c0008d94                VAS::~VAS()
                0x00000000c0008d94                VAS::~VAS()
                0x00000000c0008ef8                VAS::mapPage(unsigned long, unsigned long, int)
                0x00000000c0008ffc                VAS::allocatePages(int, int)
                0x00000000c00091d4                VAS::setCPUSpecific(unsigned long)
                0x00000000c00091f0                VAS::mapRange(unsigned long, unsigned long, int, int)
                0x00000000c00092b6                VAS::mapForeignPage(bool, VAS*, unsigned long, unsigned long, int)
                0x00000000c00093a4                VAS::VAS(bool)
                0x00000000c00093a4                VAS::VAS(bool)
                0x00000000c0009624                VAS::VAS()
                0x00000000c0009624                VAS::VAS()
                0x00000000c0009694                VAS::evict(unsigned long)
                0x00000000c0009752                VAS::tryLoadBackOffDisk(unsigned long)
                0x00000000c000983e                VAS::scanForEviction()
                0x00000000c000991c                mapVASFirstTime
 .text          0x00000000c00099d6       0x5f coreobjs/c++.32
                0x00000000c00099d6                __cxa_atexit
                0x00000000c00099d9                __cxa_finalize
                0x00000000c00099da                __stack_chk_fail
                0x00000000c0009a10                __cxa_pure_virtual
                0x00000000c0009a21                operator new[](unsigned long)
                0x00000000c0009a26                operator delete(void*, unsigned long)
                0x00000000c0009a2b                operator delete[](void*)
                0x00000000c0009a30                operator delete[](void*, unsigned long)
 .text          0x00000000c0009a35      0x1fc dbg/kconsole.32
                0x00000000c0009a35                Dbg::stringifyxWithBase(unsigned int, char*, int)
                0x00000000c0009a8e                Dbg::logc(char)
                0x00000000c0009aae                Dbg::logs(char*)
                0x00000000c0009acb                Dbg::logWriteInt(unsigned int)
                0x00000000c0009ae8                Dbg::logWriteIntBase(unsigned int, int)
                0x00000000c0009b07                Dbg::kprintf(char const*, ...)
 *fill*         0x00000000c0009c31        0x1 
 .text          0x00000000c0009c32      0xc50 fs/vfs.32
                0x00000000c0009c32                File::read(unsigned long long, void*, int*)
                0x00000000c0009c8a                File::write(unsigned long long, void*, int*)
                0x00000000c0009ce2                Directory::read(unsigned long long, void*, int*)
                0x00000000c0009d3a                Directory::write(unsigned long long, void*, int*)
                0x00000000c0009d68                File::isAtty()
                0x00000000c0009d6c                Directory::isAtty()
                0x00000000c0009d70                Filesystem::getlabel(LogicalDisk*, int, char*, unsigned int*)
                0x00000000c0009d76                Filesystem::setlabel(LogicalDisk*, int, char*)
                0x00000000c0009d7c                Filesystem::allocateSwapfile(char const*, int)
                0x00000000c0009d82                File::~File()
                0x00000000c0009d82                File::~File()
                0x00000000c0009da6                File::~File()
                0x00000000c0009dd0                Directory::~Directory()
                0x00000000c0009dd0                Directory::~Directory()
                0x00000000c0009df4                Directory::~Directory()
                0x00000000c0009e1e                Filesystem::Filesystem()
                0x00000000c0009e1e                Filesystem::Filesystem()
                0x00000000c0009e42                Filesystem::~Filesystem()
                0x00000000c0009e42                Filesystem::~Filesystem()
                0x00000000c0009e50                Filesystem::~Filesystem()
                0x00000000c0009e74                Fs::getcwd(Process*, char*, int)
                0x00000000c0009e9e                Fs::initVFS()
                0x00000000c0009ec8                Fs::standardiseFiles(char*, char const*, char const*)
                0x00000000c000a072                File::File(char const*, Process*)
                0x00000000c000a072                File::File(char const*, Process*)
                0x00000000c000a12c                File::open(FileOpenMode)
                0x00000000c000a18a                File::close()
                0x00000000c000a1ea                File::seek(unsigned long long)
                0x00000000c000a240                File::tell(unsigned long long*)
                0x00000000c000a290                File::rewind()
                0x00000000c000a2a4                File::unlink()
                0x00000000c000a2f0                File::rename(char const*)
                0x00000000c000a33e                File::chfatattr(unsigned char, unsigned char)
                0x00000000c000a39a                File::exists()
                0x00000000c000a3d8                File::stat(unsigned long long*, bool*)
                0x00000000c000a439                Fs::setcwd(Process*, char*)
                0x00000000c000a596                Directory::Directory(char const*, Process*)
                0x00000000c000a596                Directory::Directory(char const*, Process*)
                0x00000000c000a650                Directory::open()
                0x00000000c000a6ac                Directory::close()
                0x00000000c000a70c                Directory::unlink()
                0x00000000c000a758                Directory::rename(char const*)
                0x00000000c000a7a6                Directory::exists()
                0x00000000c000a7e4                Directory::read(dirent*)
                0x00000000c000a830                Directory::create()
                0x00000000c000a87c                Filesystem::chfatattr(char const*, unsigned char, unsigned char)
 *fill*         0x00000000c000a882        0x2 
 .text          0x00000000c000a884       0x86 hal/bus.32
                0x00000000c000a884                Bus::Bus(char const*)
                0x00000000c000a884                Bus::Bus(char const*)
                0x00000000c000a8bc                Bus::~Bus()
                0x00000000c000a8bc                Bus::~Bus()
                0x00000000c000a8e0                Bus::~Bus()
 .text          0x00000000c000a90a       0x96 hal/buzzer.32
                0x00000000c000a90a                beepThread(void*)
                0x00000000c000a947                Krnl::beep(int, int, bool)
 .text          0x00000000c000a9a0      0x467 hal/clock.32
                0x00000000c000a9a0                User::loadClockSettings(int)
                0x00000000c000a9f2                Clock::Clock(char const*)
                0x00000000c000a9f2                Clock::Clock(char const*)
                0x00000000c000aa28                Clock::~Clock()
                0x00000000c000aa28                Clock::~Clock()
                0x00000000c000aa4c                Clock::~Clock()
                0x00000000c000aa76                Clock::timeInSecondsLocal()
                0x00000000c000aabe                Clock::setTimeInSecondsLocal(unsigned long long)
                0x00000000c000ab17                datetimeToSeconds(datetime_t)
                0x00000000c000ac3e                Clock::setTimeInDatetimeLocal(datetime_t)
                0x00000000c000ac9e                secondsToDatetime(unsigned long long)
                0x00000000c000ade2                Clock::timeInDatetimeLocal()
 *fill*         0x00000000c000ae07        0x1 
 .text          0x00000000c000ae08      0x464 hal/device.32
                0x00000000c000ae08                Device::hibernate()
                0x00000000c000ae0a                Device::wake()
                0x00000000c000ae0c                Device::detect()
                0x00000000c000ae0e                Device::disableLegacy()
                0x00000000c000ae10                Device::powerSaving(PowerSavingLevel)
                0x00000000c000ae12                DriverlessDevice::close(int, int, void*)
                0x00000000c000ae16                DriverlessDevice::detect()
                0x00000000c000ae18                DriverlessDevice::open(int, int, void*)
                0x00000000c000ae2c                Device::~Device()
                0x00000000c000ae2c                Device::~Device()
                0x00000000c000ae3a                Device::~Device()
                0x00000000c000ae62                Device::findAndLoadDriver()
                0x00000000c000ae70                Device::preOpenPCI(PCIDeviceInfo)
                0x00000000c000ae96                Device::preOpenACPI(void*, char*, char*)
                0x00000000c000aed6                Device::addIRQHandler(int, void (*)(regs*, void*), bool, void*)
                0x00000000c000af00                Device::getParent()
                0x00000000c000af0c                Device::removeIRQHandler(int, void (*)(regs*, void*), bool)
                0x00000000c000af2a                Device::addChild(Device*)
                0x00000000c000af6e                Device::removeAllChildren()
                0x00000000c000afb4                Device::hibernateAll()
                0x00000000c000afe4                Device::wakeAll()
                0x00000000c000b014                Device::detectAll()
                0x00000000c000b044                Device::disableLegacyAll()
                0x00000000c000b046                Device::loadDriversForAll()
                0x00000000c000b048                Device::closeAll()
                0x00000000c000b07e                Device::powerSavingAll(PowerSavingLevel)
                0x00000000c000b0b4                Device::setName(char const*)
                0x00000000c000b0c2                Device::Device(char const*)
                0x00000000c000b0c2                Device::Device(char const*)
                0x00000000c000b1be                Device::getName()
                0x00000000c000b1c8                DriverlessDevice::DriverlessDevice(char const*)
                0x00000000c000b1c8                DriverlessDevice::DriverlessDevice(char const*)
                0x00000000c000b1fe                Device::addToLinkedList(LinkedList<Device>&, DeviceType)
                0x00000000c000b242                getDevicesOfType(DeviceType)
 .text          0x00000000c000b26c       0x86 hal/diskctrl.32
                0x00000000c000b26c                HardDiskController::HardDiskController(char const*)
                0x00000000c000b26c                HardDiskController::HardDiskController(char const*)
                0x00000000c000b2a4                HardDiskController::~HardDiskController()
                0x00000000c000b2a4                HardDiskController::~HardDiskController()
                0x00000000c000b2c8                HardDiskController::~HardDiskController()
 .text          0x00000000c000b2f2       0xe2 hal/diskphys.32
                0x00000000c000b2f2                PhysicalDisk::eject()
                0x00000000c000b2f6                PhysicalDisk::PhysicalDisk(char const*, int)
                0x00000000c000b2f6                PhysicalDisk::PhysicalDisk(char const*, int)
                0x00000000c000b35e                PhysicalDisk::startCache()
                0x00000000c000b386                PhysicalDisk::~PhysicalDisk()
                0x00000000c000b386                PhysicalDisk::~PhysicalDisk()
                0x00000000c000b3aa                PhysicalDisk::~PhysicalDisk()
 .text          0x00000000c000b3d4        0x0 hal/fpu.32
 .text          0x00000000c000b3d4      0x34c hal/intctrl.32
                0x00000000c000b3d4                int_handler
                0x00000000c000b45c                installISRHandler(int, void (*)(regs*, void*), void*)
                0x00000000c000b4a4                installIRQHandler(int, void (*)(regs*, void*), bool, void*)
                0x00000000c000b5cf                uninstallISRHandler(int, void (*)(regs*, void*))
                0x00000000c000b603                uninstallIRQHandler(int, void (*)(regs*, void*), bool)
                0x00000000c000b681                setupINTS()
                0x00000000c000b6de                convertLegacyIRQNumber(int)
 .text          0x00000000c000b720      0x778 hal/keybrd.32
                0x00000000c000b720                startGUI(void*)
                0x00000000c000b78c                startGUIVESA(void*)
                0x00000000c000b7f8                sendKeyToTerminal(unsigned char)
                0x00000000c000b8b6                sendKeyboardToken(KeyboardToken)
                0x00000000c000bce8                clearInternalKeybuffer(VgaText*)
                0x00000000c000bd1d                readKeyboard(VgaText*, char*, unsigned long)
                0x00000000c000be0e                Keyboard::Keyboard(char const*)
                0x00000000c000be0e                Keyboard::Keyboard(char const*)
                0x00000000c000be4a                Keyboard::~Keyboard()
                0x00000000c000be4a                Keyboard::~Keyboard()
                0x00000000c000be6e                Keyboard::~Keyboard()
 .text          0x00000000c000be98      0x3ea hal/logidisk.32
                0x00000000c000be98                LogicalDisk::close(int, int, void*)
                0x00000000c000be9c                LogicalDisk::~LogicalDisk()
                0x00000000c000be9c                LogicalDisk::~LogicalDisk()
                0x00000000c000bec0                LogicalDisk::~LogicalDisk()
                0x00000000c000beea                LogicalDisk::open(int, int, void*)
                0x00000000c000befe                LogicalDisk::absoluteToRelative(unsigned long long)
                0x00000000c000bf36                LogicalDisk::relativeToAbsolute(unsigned long long)
                0x00000000c000bf7c                LogicalDisk::LogicalDisk(char const*, PhysicalDisk*, unsigned long long, unsigned long long)
                0x00000000c000bf7c                LogicalDisk::LogicalDisk(char const*, PhysicalDisk*, unsigned long long, unsigned long long)
                0x00000000c000c032                LogicalDisk::assignDriveLetter()
                0x00000000c000c0e8                LogicalDisk::mount()
                0x00000000c000c130                LogicalDisk::unmount()
                0x00000000c000c140                LogicalDisk::eject()
                0x00000000c000c154                LogicalDisk::unassignDriveLetter()
                0x00000000c000c1aa                LogicalDisk::read(unsigned long long, int, void*)
                0x00000000c000c216                LogicalDisk::write(unsigned long long, int, void*)
 *fill*         0x00000000c000c282        0x2 
 .text          0x00000000c000c284       0x86 hal/mouse.32
                0x00000000c000c284                Mouse::Mouse(char const*)
                0x00000000c000c284                Mouse::Mouse(char const*)
                0x00000000c000c2bc                Mouse::~Mouse()
                0x00000000c000c2bc                Mouse::~Mouse()
                0x00000000c000c2e0                Mouse::~Mouse()
 .text          0x00000000c000c30a      0x339 hal/partition.32
                0x00000000c000c30a                makePartition(PhysicalDisk*, unsigned long long, unsigned long long)
                0x00000000c000c3b2                createPartitionsForDisk(PhysicalDisk*)
 *fill*         0x00000000c000c643        0x1 
 .text          0x00000000c000c644       0x86 hal/serial.32
                0x00000000c000c644                Serial::Serial(char const*)
                0x00000000c000c644                Serial::Serial(char const*)
                0x00000000c000c67c                Serial::~Serial()
                0x00000000c000c67c                Serial::~Serial()
                0x00000000c000c6a0                Serial::~Serial()
 *fill*         0x00000000c000c6ca        0x2 
 .text          0x00000000c000c6cc      0x234 hal/timer.32
                0x00000000c000c6cc                Timer::Timer(char const*)
                0x00000000c000c6cc                Timer::Timer(char const*)
                0x00000000c000c704                Timer::~Timer()
                0x00000000c000c704                Timer::~Timer()
                0x00000000c000c728                Timer::~Timer()
                0x00000000c000c752                Timer::read()
                0x00000000c000c75d                setupTimer(int)
                0x00000000c000c798                timerHandler(unsigned int)
 .text          0x00000000c000c900      0x43e hal/vcache.32
                0x00000000c000c900                VCache::VCache(PhysicalDisk*)
                0x00000000c000c900                VCache::VCache(PhysicalDisk*)
                0x00000000c000ca68                VCache::invalidateReadBuffer()
                0x00000000c000ca78                VCache::writeWriteBuffer()
                0x00000000c000cac4                VCache::~VCache()
                0x00000000c000cac4                VCache::~VCache()
                0x00000000c000cb18                VCache::~VCache()
                0x00000000c000cb40                VCache::write(unsigned long long, int, void*)
                0x00000000c000cc3a                VCache::read(unsigned long long, int, void*)
 .text          0x00000000c000cd3e      0x4b3 hal/video.32
                0x00000000c000cd3e                Video::putrect(int, int, int, int, unsigned int)
                0x00000000c000cd8a                Video::bitblit(int, int, int, int, int, int, int, unsigned int*)
                0x00000000c000cdfa                Video::blit(unsigned int*, int, int, int, int)
                0x00000000c000ce78                Video::clearScreen(unsigned int)
                0x00000000c000ceac                Video::putpixel(int, int, unsigned int)
                0x00000000c000ceba                Video::Video(char const*)
                0x00000000c000ceba                Video::Video(char const*)
                0x00000000c000cef0                Video::~Video()
                0x00000000c000cef0                Video::~Video()
                0x00000000c000cf14                Video::~Video()
                0x00000000c000cf3e                Video::isMonochrome()
                0x00000000c000cf4a                Video::getWidth()
                0x00000000c000cf56                Video::getHeight()
                0x00000000c000cf62                Video::drawCursor(int, int, unsigned char*, int)
                0x00000000c000d01e                Video::tgaParse(unsigned char*, int, int*, int*)
                0x00000000c000d186                Video::putTGA(int, int, unsigned char*, int)
 *fill*         0x00000000c000d1f1        0x3 
 .text          0x00000000c000d1f4     0x12bf hw/acpi.32
                0x00000000c000d1f4                ACPI::close(int, int, void*)
                0x00000000c000d2a8                findRSDP()
                0x00000000c000d338                loadACPITables(unsigned char*)
                0x00000000c000d59c                findRSDT(unsigned char*)
                0x00000000c000d6ec                findDataTable(unsigned char*, char*)
                0x00000000c000d764                scanMADT()
                0x00000000c000dc00                ACPI::ACPI()
                0x00000000c000dc00                ACPI::ACPI()
                0x00000000c000dc54                ACPI::getPCIIRQAssignment(unsigned char, unsigned short, unsigned char)
                0x00000000c000dd3c                ACPI::registerPCIIRQAssignment(void*, unsigned short, unsigned char, unsigned char)
                0x00000000c000de04                ACPI::setScreenBrightnessLevel(void*, int)
                0x00000000c000de0c                ACPI::detectPCI()
                0x00000000c000e014                ACPI::writeSimpleBootFlag(SimpleBootFlagTable*)
                0x00000000c000e05c                ACPI::sleep()
                0x00000000c000e078                ACPI::open(int, int, void*)
 *fill*         0x00000000c000e4b3        0x1 
 .text          0x00000000c000e4b4      0xda3 hw/cpu.32
                0x00000000c000e4b4                CPU::close(int, int, void*)
                0x00000000c000e4b8                CPU::AMD_K6_write_msr(unsigned int, unsigned int, unsigned int, CPU::REGS*)
                0x00000000c000e4d4                CPU::AMD_K6_read_msr(unsigned int, CPU::REGS*)
                0x00000000c000e4ec                CPU::AMD_K6_writeback(int, int, int)
                0x00000000c000e560                CPU::cpuid(int, unsigned long*, unsigned long*, unsigned long*, unsigned long*)
                0x00000000c000e5e4                CPU::cpuidCheckEDX(unsigned int)
                0x00000000c000e612                CPU::cpuidCheckECX(unsigned int)
                0x00000000c000e640                CPU::cpuidCheckExtendedEBX(unsigned int)
                0x00000000c000e66e                CPU::cpuidCheckExtendedECX(unsigned int)
                0x00000000c000e69c                CPU::CPU()
                0x00000000c000e69c                CPU::CPU()
                0x00000000c000e72a                CPU::displayFeatures()
                0x00000000c000e72c                CPU::detectFeatures()
                0x00000000c000ee02                CPU::setupSMEP()
                0x00000000c000ee0e                CPU::setupUMIP()
                0x00000000c000ee18                CPU::setupTSC()
                0x00000000c000ee22                CPU::setupLargePages()
                0x00000000c000ee2c                CPU::setupPAT()
                0x00000000c000ee68                CPU::setupMTRR()
                0x00000000c000ee6a                CPU::setupGlobalPages()
                0x00000000c000ee74                CPU::allowUsermodeDataAccess()
                0x00000000c000ee86                CPU::prohibitUsermodeDataAccess()
                0x00000000c000ee98                CPU::setupSMAP()
                0x00000000c000eea6                CPU::setupFeatures()
                0x00000000c000ef72                CPU::open(int, int, void*)
                0x00000000c000f05c                CPU::decodeAddress(regs*, int*, bool*, unsigned char*)
 .text          0x00000000c000f257        0x4 hw/smp.32
                0x00000000c000f257                Krnl::smpEntry()
                0x00000000c000f259                Krnl::startCPU(int)
                0x00000000c000f25a                Krnl::startCPUs()
 *fill*         0x00000000c000f25b        0x1 
 .text          0x00000000c000f25c      0x581 krnl/env.32
                0x00000000c000f25c                EnvVarContainer::getEnv(char const*)
                0x00000000c000f29a                EnvVarContainer::setEnv(char const*, char const*)
                0x00000000c000f35c                EnvVarContainer::deleteEnv(char const*)
                0x00000000c000f35e                EnvVarContainer::loadFrom(char const*, char const*)
                0x00000000c000f544                EnvVarContainer::__loadSystem()
                0x00000000c000f55e                EnvVarContainer::__loadUser()
                0x00000000c000f560                EnvVarContainer::EnvVarContainer(Process*)
                0x00000000c000f560                EnvVarContainer::EnvVarContainer(Process*)
                0x00000000c000f582                EnvVarContainer::~EnvVarContainer()
                0x00000000c000f582                EnvVarContainer::~EnvVarContainer()
                0x00000000c000f5b2                Krnl::getEnv(Process*, char const*)
                0x00000000c000f617                Krnl::setEnvSystem(char const*, char const*)
                0x00000000c000f631                Krnl::setEnvUser(char const*, char const*)
                0x00000000c000f650                Krnl::setEnvProcess(Process*, char const*, char const*)
                0x00000000c000f663                Krnl::deleteEnvSystem(char const*)
                0x00000000c000f664                Krnl::deleteEnvUser(char const*)
                0x00000000c000f665                Krnl::deleteEnvProcess(Process*, char const*)
                0x00000000c000f666                Krnl::newProcessEnv(Process*)
                0x00000000c000f688                Krnl::copyProcessEnv(Process*, Process*)
                0x00000000c000f6d4                Krnl::loadSystemEnv()
                0x00000000c000f702                Krnl::loadUserEnv()
                0x00000000c000f728                Krnl::flushEnv()
                0x00000000c000f729                Krnl::getProcessTotalEnvCount(Process*)
                0x00000000c000f749                Krnl::getProcessEnvPair(Process*, int)
 .text          0x00000000c000f7dd      0x25b krnl/panic.32
                0x00000000c000f7dd                Krnl::panic(char const*)
 .text          0x00000000c000fa38      0x168 krnl/powctrl.32
                0x00000000c000fa38                Krnl::powerThread(void*)
                0x00000000c000fa8c                Krnl::changePowerSettings(Krnl::PowerSettings)
                0x00000000c000faa2                Krnl::userIOReceived()
                0x00000000c000faad                Krnl::handlePowerButton()
                0x00000000c000fae2                Krnl::handleSleepButton()
                0x00000000c000fb17                Krnl::setupPowerManager()
 .text          0x00000000c000fba0      0x50e reg/registry.32
                0x00000000c000fba0                Reg::findLineFromLoadedData(char*, char*, char*)
                0x00000000c000fcf8                Reg::getLineFromRegistry(char*, char*, char*, char*)
                0x00000000c000fe4d                Reg::getLine(char*, char*, char*)
                0x00000000c000fe84                Reg::readInt(char*, char*, int*)
                0x00000000c000ff6f                Reg::readString(char*, char*, char*, int)
                0x00000000c000fff0                Reg::readBool(char*, char*, bool*)
                0x00000000c0010015                Reg::readBoolWithDefault(char*, char*, bool)
                0x00000000c0010041                Reg::readIntWithDefault(char*, char*, int)
                0x00000000c001006d                Reg::readStringWithDefault(char*, char*, char*, int, char*)
 .text          0x00000000c00100ae       0x36 sys/sc_eject.32
                0x00000000c00100ae                Sys::eject(regs*)
 .text          0x00000000c00100e4       0x18 sys/sc_exit.32
                0x00000000c00100e4                Sys::exit(regs*)
 .text          0x00000000c00100fc       0x1f sys/sc_getcwd.32
                0x00000000c00100fc                Sys::getCwd(regs*)
 .text          0x00000000c001011b        0xc sys/sc_getpid.32
                0x00000000c001011b                Sys::getPID(regs*)
 .text          0x00000000c0010127       0x1a sys/sc_getramdata.32
                0x00000000c0010127                Sys::getRAMData(regs*)
 .text          0x00000000c0010141       0x82 sys/sc_getvgaptr.32
                0x00000000c0010141                Sys::getVGAPtr(regs*)
 .text          0x00000000c00101c3       0xa8 sys/sc_loaddll.32
                0x00000000c00101c3                Sys::loadDLL(regs*)
 .text          0x00000000c001026b       0x68 sys/sc_read.32
                0x00000000c001026b                Sys::read(regs*)
 .text          0x00000000c00102d3       0x55 sys/sc_sbrk.32
                0x00000000c00102d3                Sys::sbrk(regs*)
 .text          0x00000000c0010328       0x1c sys/sc_setcwd.32
                0x00000000c0010328                Sys::setCwd(regs*)
 .text          0x00000000c0010344       0x95 sys/sc_settime.32
                0x00000000c0010344                Sys::setTime(regs*)
 .text          0x00000000c00103d9       0x4a sys/sc_timezone.32
                0x00000000c00103d9                Sys::timezone(regs*)
 .text          0x00000000c0010423       0x68 sys/sc_write.32
                0x00000000c0010423                Sys::write(regs*)
 .text          0x00000000c001048b       0x62 sys/sc_wsbe.32
                0x00000000c001048b                Sys::wsbe(regs*)
 .text          0x00000000c00104ed       0x25 sys/sc_yield.32
                0x00000000c00104ed                Sys::yield(regs*)
 .text          0x00000000c0010512      0xdf5 sys/syscalls.32
                0x00000000c0010512                sysCallSeekDir(regs*)
                0x00000000c0010517                sysCallTellDir(regs*)
                0x00000000c001051c                sysCallVerify(regs*)
                0x00000000c0010526                sysCallGetArgc(regs*)
                0x00000000c0010536                sysCallTTYName(regs*)
                0x00000000c001053e                sysFormatDisk(regs*)
                0x00000000c00105a8                sysSetDiskVolumeLabel(regs*)
                0x00000000c00105f2                sysGetDiskVolumeLabel(regs*)
                0x00000000c0010647                sysShutdown(regs*)
                0x00000000c00106a5                sysCallRealpath(regs*)
                0x00000000c00106e8                sysCallReadDir(regs*)
                0x00000000c0010767                sysCallIsATTY(regs*)
                0x00000000c00107c1                sysCallSeek(regs*)
                0x00000000c0010818                sysCallTell(regs*)
                0x00000000c0010884                sysCallSize(regs*)
                0x00000000c00108f6                sysCallSizeFromFilename(regs*)
                0x00000000c00109a5                sysCallClose(regs*)
                0x00000000c0010a05                sysCallOpenDir(regs*)
                0x00000000c0010a7a                sysCallCloseDir(regs*)
                0x00000000c0010ace                sysCallMakeDir(regs*)
                0x00000000c0010b3e                sysCallWait(regs*)
                0x00000000c0010b58                sysCallNotImpl(regs*)
                0x00000000c0010b73                sysPanic(regs*)
                0x00000000c0010b8d                sysCallRmdir(regs*)
                0x00000000c0010bf1                sysCallUnlink(regs*)
                0x00000000c0010c55                sysCallGetArgv(regs*)
                0x00000000c0010ca1                sysCallUSleep(regs*)
                0x00000000c0010cca                sysCallSpawn(regs*)
                0x00000000c0010d32                sysCallGetEnv(regs*)
                0x00000000c0010ddf                sysSetFatAttrib(regs*)
                0x00000000c0010e51                sysPipe(regs*)
                0x00000000c0010e96                sysGetUnixTime(regs*)
                0x00000000c0010eaa                string_ends_with(char const*, char const*)
                0x00000000c0010ef2                sysCallOpen(regs*)
                0x00000000c00110da                Sys::loadSyscalls()
                0x00000000c00112c5                Sys::systemCall(regs*, void*)
 .text          0x00000000c0011307     0x11e5 thr/elf.32
                0x00000000c0011307                Thr::allocateMemoryForTask(Process*, File*, unsigned long, unsigned long, unsigned long)
                0x00000000c0011593                Thr::loadProgramIntoMemory(Process*, char const*)
                0x00000000c00117a9                Thr::runtimeReferenceHelper()
                0x00000000c00117bc                Thr::getAddressOfKernelSymbol(char const*)
                0x00000000c001180b                Thr::loadKernelSymbolTable(char const*)
                0x00000000c0011ac9                Thr::loadDriverIntoMemory(char const*, unsigned long, bool)
                0x00000000c00121ff                Thr::getDriverBaseFromAddress(unsigned long)
                0x00000000c0012231                Thr::getDriverNameFromAddress(unsigned long)
                0x00000000c0012268                Thr::getDriverOffsetFromAddress(unsigned long)
                0x00000000c0012282                Thr::loadDLL(char const*, bool)
                0x00000000c00124b3                Thr::executeDLL(unsigned long, void*)
 .text          0x00000000c00124ec     0x12a1 thr/prcssthr.32
                0x00000000c00124ec                userModeEntryPoint(void*)
                0x00000000c0012514                changeTSS
                0x00000000c0012544                switchToThread(ThreadControlBlock*)
                0x00000000c00125f0                Process::addArgs(char**)
                0x00000000c0012650                Process::Process(char const*, Process*, char**)
                0x00000000c0012650                Process::Process(char const*, Process*, char**)
                0x00000000c001283c                Process::Process(bool, char const*, Process*, char**)
                0x00000000c001283c                Process::Process(bool, char const*, Process*, char**)
                0x00000000c00129f4                taskStartupFunction
                0x00000000c0012a00                Semaphore::Semaphore(int)
                0x00000000c0012a00                Semaphore::Semaphore(int)
                0x00000000c0012a30                Mutex::Mutex()
                0x00000000c0012a30                Mutex::Mutex()
                0x00000000c0012a44                Process::createThread(void (*)(void*), void*, int)
                0x00000000c0012b3c                Process::createUserThread()
                0x00000000c0012b58                setupMultitasking(void (*)())
                0x00000000c0012c60                schedule()
                0x00000000c0012cec                Semaphore::tryAcquire()
                0x00000000c0012db8                Semaphore::assertLocked(char const*)
                0x00000000c0012e30                blockTaskWithSchedulerLockAlreadyHeld(TaskState)
                0x00000000c0012e58                blockTask(TaskState)
                0x00000000c0012e88                waitTask(int, int*, int)
                0x00000000c0012ecc                milliTenthSleepUntil(unsigned int)
                0x00000000c0012f58                milliTenthSleep(unsigned int)
                0x00000000c0012f68                sleep(unsigned int)
                0x00000000c0012f84                Semaphore::acquire()
                0x00000000c0013040                taskReturned
                0x00000000c001307c                Thr::processFromPID(int)
                0x00000000c001311c                unblockTask(ThreadControlBlock*)
                0x00000000c00131c0                cleanupTerminatedTask(ThreadControlBlock*)
                0x00000000c0013488                cleanerTaskFunction(void*)
                0x00000000c0013578                terminateTask(int)
                0x00000000c0013644                Thr::terminateFromIRQ(int)
                0x00000000c0013650                Semaphore::release()
 .text          0x00000000c001378d      0xb93 vm86/vm8086.32
                0x00000000c001378d                Vm::inbv(unsigned short)
                0x00000000c00137a0                Vm::outbv(unsigned short, unsigned char)
                0x00000000c00137d6                Vm::realToLinear(unsigned short, unsigned short)
                0x00000000c00137e6                Vm::getSegment(unsigned int)
                0x00000000c00137ee                Vm::getOffset(unsigned int)
                0x00000000c00137f3                Vm::mainloop2()
                0x00000000c001382d                Vm::mainVm8086Loop(void*)
                0x00000000c001383d                Vm::mainloop3(unsigned long)
                0x00000000c0013863                Vm::initialise8086()
                0x00000000c00138a6                Vm::finish8086()
                0x00000000c0013907                Vm::getOutput8086(unsigned char*)
                0x00000000c001392c                Vm::start8086FromBuffer(unsigned char*, int, unsigned short, unsigned short, unsigned short, unsigned short)
                0x00000000c00139e5                Vm::start8086(char const*, unsigned short, unsigned short, unsigned short, unsigned short)
                0x00000000c0013b4d                Vm::doISR(regs*, int, unsigned char*, unsigned short, unsigned short)
                0x00000000c0013bd7                Vm::readByteFromReal(unsigned short, unsigned short)
                0x00000000c0013be8                Vm::readWordFromReal(unsigned short, unsigned short)
                0x00000000c0013bfa                Vm::readDwordFromReal(unsigned short, unsigned short)
                0x00000000c0013c0b                Vm::writeByteFromReal(unsigned short, unsigned short, unsigned char)
                0x00000000c0013c20                Vm::writeWordFromReal(unsigned short, unsigned short, unsigned short)
                0x00000000c0013c36                Vm::writeDwordFromReal(unsigned short, unsigned short, unsigned int)
                0x00000000c0013c4b                Vm::faultHandler(regs*)
 .text          0x00000000c0014320      0xfcd vm86/x87em.32
                0x00000000c0014320                Vm::fpuInternalTo32(unsigned long long)
                0x00000000c001437e                Vm::fpuInternalTo64(unsigned long long)
                0x00000000c0014387                Vm::fpu32ToInternal(unsigned int)
                0x00000000c00143cc                Vm::fpu64ToInternal(unsigned long long)
                0x00000000c00143d5                Vm::fpuFloatToLong(unsigned long long)
                0x00000000c0014434                Vm::fpuULongToFloat(unsigned long long)
                0x00000000c0014470                Vm::fpuLongToFloat(long long)
                0x00000000c00144cf                Vm::fpuGet0()
                0x00000000c00144d4                Vm::fpuGet1()
                0x00000000c00144dc                Vm::fpuGetPi()
                0x00000000c00144e4                Vm::fpuGetLog2E()
                0x00000000c00144fc                Vm::fpuGetLogE2()
                0x00000000c0014514                Vm::fpuGetLog210()
                0x00000000c001452c                Vm::fpuGetLog102()
                0x00000000c0014544                Vm::fpuIsSecondLarger(unsigned long long, unsigned long long)
                0x00000000c0014558                Vm::fpuAreEqual(unsigned long long, unsigned long long)
                0x00000000c001456e                Vm::fpuUnorderedCompare(unsigned long long, unsigned long long)
                0x00000000c00145c4                Vm::fpuAdd(unsigned long long, unsigned long long)
                0x00000000c00145d5                Vm::fpuAbs(unsigned long long)
                0x00000000c00145de                Vm::fpuChs(unsigned long long)
                0x00000000c00145ee                Vm::fpuSub(unsigned long long, unsigned long long)
                0x00000000c00145fd                Vm::fpuMultiply(unsigned long long, unsigned long long)
                0x00000000c001461c                Vm::fpuDivide(unsigned long long, unsigned long long)
                0x00000000c0014638                Vm::fpuSquare(unsigned long long)
                0x00000000c001464e                Vm::fpuGetReg(int)
                0x00000000c0014691                Vm::fpuSetReg(int, unsigned long long)
                0x00000000c00146dd                Vm::fpuPush(unsigned long long)
                0x00000000c001473b                Vm::fpuPop()
                0x00000000c001478e                Vm::x87Handler(regs*)
 .text          0x00000000c00152ed      0x8e8 arch/i386/hal.32
                0x00000000c00152ed                Hal::noCopro(unsigned long)
                0x00000000c00152ee                Hal::noTSC()
                0x00000000c00152f3                Hal::readTSC()
                0x00000000c00152f6                nmiHandler(regs*, void*)
                0x00000000c001530f                doubleFault(regs*, void*)
                0x00000000c0015328                displayDebugInfo(regs*)
                0x00000000c0015649                displayProgramFault(char const*)
                0x00000000c0015695                gpFault(regs*, void*)
                0x00000000c00156fa                pgFault(regs*, void*)
                0x00000000c001575c                otherISRHandler(regs*, void*)
                0x00000000c0015790                opcodeFault(regs*, void*)
                0x00000000c0015810                i386SaveCoprocessor(void*)
                0x00000000c0015824                i386LoadCoprocessor(void*)
                0x00000000c0015838                x87EmulHandler(regs*, void*)
                0x00000000c00158eb                Hal::initialiseCoprocessor()
                0x00000000c0015999                Hal::panic(char const*)
                0x00000000c001599e                Hal::initialise()
                0x00000000c0015b67                Hal::makeBeep(int)
                0x00000000c0015ba1                Hal::getRand()
                0x00000000c0015ba4                Hal::endOfInterrupt(int)
 *fill*         0x00000000c0015bd5        0x3 
 .text          0x00000000c0015bd8      0x2dc arch/i386/pic.32
                0x00000000c0015bd8                picIoWait()
                0x00000000c0015be0                picDisable()
                0x00000000c0015c14                picGetIRQReg(int)
                0x00000000c0015c90                picOpen()
                0x00000000c0015e14                picEOI(int)
 .text          0x00000000c0015eb4      0x64a arch/i386/rtc.32
                0x00000000c0015eb4                RTC::open(int, int, void*)
                0x00000000c0015eb8                RTC::close(int, int, void*)
                0x00000000c0015ebc                RTC::timeInSecondsUTC()
                0x00000000c0015ece                RTC::timeInDatetimeUTC()
                0x00000000c0015ef4                RTC::setTimeInSecondsUTC(unsigned long long)
                0x00000000c0015f32                RTC::~RTC()
                0x00000000c0015f32                RTC::~RTC()
                0x00000000c0015f56                RTC::~RTC()
                0x00000000c0015f80                RTC::get_update_in_progress_flag()
                0x00000000c0015f98                RTC::completeRTCRefresh()
                0x00000000c0016250                RTC::setTimeInDatetimeUTC(datetime_t)
                0x00000000c0016403                rtcIRQHandler(regs*, void*)
                0x00000000c0016448                RTC::RTC()
                0x00000000c0016448                RTC::RTC()
 *fill*         0x00000000c00164fe        0x2 
 .text          0x00000000c0016500      0x1f7 arch/i386/vga.32
                0x00000000c0016500                Hal::consoleScroll(int, int)
                0x00000000c0016608                Hal::consoleWriteCharacter(char, int, int, int, int)
                0x00000000c001666c                Hal::consoleCursorUpdate(int, int)
 *fill*         0x00000000c00166f7        0x1 
 .text          0x00000000c00166f8     0x13a7 fs/fat/vfslink.32
                0x00000000c00166f8                FAT::getName()
                0x00000000c0016700                FAT::tell(void*, unsigned long long*)
                0x00000000c001673c                FAT::stat(void*, unsigned long long*)
                0x00000000c0016778                FAT::~FAT()
                0x00000000c0016778                FAT::~FAT()
                0x00000000c001679c                FAT::~FAT()
                0x00000000c00167c4                FAT::getlabel(LogicalDisk*, int, char*, unsigned int*)
                0x00000000c0016868                FAT::setlabel(LogicalDisk*, int, char*)
                0x00000000c001692c                FAT::format(LogicalDisk*, int, char const*, int)
                0x00000000c0016b00                FAT::tryMount(LogicalDisk*, int)
                0x00000000c0016d18                FAT::allocateSwapfile(char const*, int)
                0x00000000c0016ed8                FAT::readDir(void*, unsigned long, void*, int*)
                0x00000000c0017044                FAT::read(void*, unsigned long, void*, int*)
                0x00000000c00170a4                FAT::write(void*, unsigned long, void*, int*)
                0x00000000c0017104                FAT::close(void*)
                0x00000000c0017158                FAT::closeDir(void*)
                0x00000000c00171ac                FAT::seek(void*, unsigned long long)
                0x00000000c0017204                fatWrapperReadDisk
                0x00000000c0017244                fatWrapperWriteDisk
                0x00000000c0017284                fatWrapperIoctl
                0x00000000c0017390                FAT::FAT()
                0x00000000c0017390                FAT::FAT()
                0x00000000c00173e4                FAT::fixFilepath(char*)
                0x00000000c0017420                FAT::open(char const*, void**, FileOpenMode)
                0x00000000c0017554                FAT::openDir(char const*, void**)
                0x00000000c0017604                FAT::stat(char const*, unsigned long long*, bool*)
                0x00000000c00176fc                FAT::unlink(char const*)
                0x00000000c001777c                FAT::chfatattr(char const*, unsigned char, unsigned char)
                0x00000000c00178e4                FAT::rename(char const*, char const*)
                0x00000000c00179b0                FAT::mkdir(char const*)
                0x00000000c0017a30                FAT::exists(char const*)
 *fill*         0x00000000c0017a9f        0x1 
 .text          0x00000000c0017aa0      0xba7 fs/iso9660/vfslink.32
                0x00000000c0017aa0                ISO9660::format(LogicalDisk*, int, char const*, int)
                0x00000000c0017aa6                ISO9660::seek(void*, unsigned long long)
                0x00000000c0017ad6                ISO9660::tell(void*, unsigned long long*)
                0x00000000c0017afa                ISO9660::getName()
                0x00000000c0017b00                ISO9660::stat(void*, unsigned long long*)
                0x00000000c0017b24                ISO9660::chfatattr(char const*, unsigned char, unsigned char)
                0x00000000c0017b2a                ISO9660::unlink(char const*)
                0x00000000c0017b30                ISO9660::write(void*, unsigned long, void*, int*)
                0x00000000c0017b36                ISO9660::rename(char const*, char const*)
                0x00000000c0017b3c                ISO9660::mkdir(char const*)
                0x00000000c0017b42                ISO9660::close(void*)
                0x00000000c0017b64                ISO9660::closeDir(void*)
                0x00000000c0017b86                ISO9660::~ISO9660()
                0x00000000c0017b86                ISO9660::~ISO9660()
                0x00000000c0017baa                ISO9660::~ISO9660()
                0x00000000c0017bd1                __memmem(unsigned char*, int, unsigned char*, int)
                0x00000000c0017c13                readSectorFromCDROM(unsigned int, unsigned char*, char)
                0x00000000c0017c8e                ISO9660::tryMount(LogicalDisk*, int)
                0x00000000c0017cee                ISO9660::read(void*, unsigned long, void*, int*)
                0x00000000c0017ef2                ISO9660::readDir(void*, unsigned long, void*, int*)
                0x00000000c001816c                readRoot(unsigned int*, unsigned int*, char)
                0x00000000c00181c0                readRecursively(char*, unsigned int, unsigned int, unsigned int*, unsigned int*, char, int*)
                0x00000000c0018396                getFileData(char*, unsigned int*, unsigned int*, char, int*)
                0x00000000c0018424                ISO9660::open(char const*, void**, FileOpenMode)
                0x00000000c00184d2                ISO9660::exists(char const*)
                0x00000000c00184f6                ISO9660::stat(char const*, unsigned long long*, bool*)
                0x00000000c001858a                ISO9660::openDir(char const*, void**)
                0x00000000c0018624                ISO9660::ISO9660()
                0x00000000c0018624                ISO9660::ISO9660()
 *fill*         0x00000000c0018647        0x1 
 .text          0x00000000c0018648      0x26c hal/sound/sndcard.32
                0x00000000c0018648                SoundCard::beginPlayback()
                0x00000000c0018656                SoundCard::stopPlayback()
                0x00000000c0018664                SoundCard::SoundCard(char const*)
                0x00000000c0018664                SoundCard::SoundCard(char const*)
                0x00000000c0018702                SoundCard::~SoundCard()
                0x00000000c0018702                SoundCard::~SoundCard()
                0x00000000c0018726                SoundCard::~SoundCard()
                0x00000000c0018750                SoundCard::configureRates(int, int, int)
                0x00000000c0018780                SoundCard::getSamples16(int, short*)
                0x00000000c00187dc                SoundCard::getSamples32(int, int*)
                0x00000000c0018862                SoundCard::addChannel(SoundPort*)
                0x00000000c00188a0                SoundCard::removeChannel(int)
 .text          0x00000000c00188b4      0x377 hal/sound/sndport.32
                0x00000000c00188b4                SoundPort::SoundPort(int, int, int, int)
                0x00000000c00188b4                SoundPort::SoundPort(int, int, int, int)
                0x00000000c0018940                SoundPort::~SoundPort()
                0x00000000c0018940                SoundPort::~SoundPort()
                0x00000000c0018974                SoundPort::unpause()
                0x00000000c0018980                SoundPort::pause()
                0x00000000c001898c                SoundPort::getBufferUsed()
                0x00000000c0018994                SoundPort::getBufferSize()
                0x00000000c001899c                SoundPort::buffer16(short*, int)
                0x00000000c0018a28                SoundPort::buffer32(int*, int)
                0x00000000c0018ab0                SoundPort::unbufferAndAdd16(int, short*, SoundCard*)
                0x00000000c0018b74                SoundPort::unbufferAndAdd32(int, int*, SoundCard*)
 .text          0x00000000c0018c2b        0x0 hw/bus/isa.32
 *fill*         0x00000000c0018c2b        0x1 
 .text          0x00000000c0018c2c      0xb43 hw/bus/pci.32
                0x00000000c0018c2c                PCI::open(int, int, void*)
                0x00000000c0018c4a                PCI::close(int, int, void*)
                0x00000000c0018c4e                PCI::PCI()
                0x00000000c0018c4e                PCI::PCI()
                0x00000000c0018ce4                PCI::readBAR8(unsigned int, int)
                0x00000000c0018d00                PCI::readBAR16(unsigned int, int)
                0x00000000c0018d1e                PCI::readBAR32(unsigned int, int)
                0x00000000c0018d3a                PCI::writeBAR8(unsigned int, unsigned char, int)
                0x00000000c0018d5a                PCI::writeBAR16(unsigned int, unsigned short, int)
                0x00000000c0018d7c                PCI::writeBAR32(unsigned int, unsigned int, int)
                0x00000000c0018d9c                PCI::legacyMechanism(unsigned char, unsigned char, unsigned char, unsigned char)
                0x00000000c0018e0a                PCI::pciReadWord(unsigned char, unsigned char, unsigned char, unsigned char)
                0x00000000c0018eb2                PCI::getVendorID(unsigned char, unsigned char, unsigned char)
                0x00000000c0018ed6                PCI::getHeaderType(unsigned char, unsigned char, unsigned char)
                0x00000000c0018efe                PCI::getClassCode(unsigned char, unsigned char, unsigned char)
                0x00000000c0018f48                PCI::getProgIF(unsigned char, unsigned char, unsigned char)
                0x00000000c0018f70                PCI::getRevisionID(unsigned char, unsigned char, unsigned char)
                0x00000000c0018f94                PCI::getInterruptNumber(unsigned char, unsigned char, unsigned char)
                0x00000000c0018fb8                PCI::getSecondaryBus(unsigned char, unsigned char, unsigned char)
                0x00000000c0018fe0                PCI::getBARAddress(unsigned char, unsigned char, unsigned char, unsigned char)
                0x00000000c0019044                PCI::pciWriteWord(unsigned char, unsigned char, unsigned char, unsigned char, unsigned short)
                0x00000000c001912c                PCI::pciDetailsToFilepath(PCIDeviceInfo, char*)
                0x00000000c00193a6                PCI::checkBus(unsigned char)
                0x00000000c00193ca                PCI::foundDevice(PCIDeviceInfo)
                0x00000000c001953c                PCI::getDeviceData(unsigned char, unsigned char, unsigned char)
                0x00000000c00196b0                PCI::checkDevice(unsigned char, unsigned char)
                0x00000000c001971c                PCI::detect()
 *fill*         0x00000000c001976f        0x1 
 .text          0x00000000c0019770      0xb4a hw/diskctrl/ide.32
                0x00000000c0019770                IDE::close(int, int, void*)
                0x00000000c0019774                IDE::IDE()
                0x00000000c0019774                IDE::IDE()
                0x00000000c00197a8                IDE::prepareInterrupt(unsigned char)
                0x00000000c00197ba                selectDrive(unsigned char, unsigned char)
                0x00000000c00197bc                IDE::getBase(unsigned char)
                0x00000000c00197ce                IDE::write(unsigned char, unsigned char, unsigned char)
                0x00000000c001988e                IDE::read(unsigned char, unsigned char)
                0x00000000c001993c                IDE::waitInterrupt(unsigned char)
                0x00000000c001999e                ideChannel0IRQHandler(regs*, void*)
                0x00000000c00199ba                ideChannel1IRQHandler(regs*, void*)
                0x00000000c00199d6                IDE::enableIRQs(unsigned char, bool)
                0x00000000c0019a1c                IDE::open(int, int, void*)
                0x00000000c0019e2a                IDE::readBuffer(unsigned char, unsigned char, unsigned int, unsigned int)
                0x00000000c0019ef6                IDE::detect()
                0x00000000c001a1b6                IDE::printError(unsigned char, unsigned char, unsigned char)
                0x00000000c001a266                IDE::polling(unsigned char, unsigned int)
 .text          0x00000000c001a2ba      0x320 hw/diskctrl/satabus.32
                0x00000000c001a2ba                SATABus::close(int, int, void*)
                0x00000000c001a2be                SATABus::detect()
                0x00000000c001a2c0                SATABus::SATABus()
                0x00000000c001a2c0                SATABus::SATABus()
                0x00000000c001a346                SATABus::findCmdslot(SATABus::tagHBA_PORT volatile*)
                0x00000000c001a378                SATABus::checkType(SATABus::tagHBA_PORT volatile*)
                0x00000000c001a3c0                SATABus::startCmd(SATABus::tagHBA_PORT volatile*)
                0x00000000c001a3e0                SATABus::stopCmd(SATABus::tagHBA_PORT volatile*)
                0x00000000c001a40a                SATABus::portRebase(SATABus::tagHBA_PORT volatile*, int)
                0x00000000c001a510                SATABus::probePort(SATABus::tagHBA_MEM volatile*)
                0x00000000c001a5ba                SATABus::open(int, int, void*)
 .text          0x00000000c001a5da      0x5f4 hw/diskphys/ata.32
                0x00000000c001a5da                ATA::close(int, int, void*)
                0x00000000c001a5fe                ATA::powerSaving(PowerSavingLevel)
                0x00000000c001a600                ATA::ATA()
                0x00000000c001a600                ATA::ATA()
                0x00000000c001a62e                ATA::flush(bool)
                0x00000000c001a678                ATA::readyForCommand()
                0x00000000c001a6c4                ATA::access(unsigned long long, int, void*, bool)
                0x00000000c001aa40                ATA::read(unsigned long long, int, void*)
                0x00000000c001aa8c                ATA::write(unsigned long long, int, void*)
                0x00000000c001aad8                ATA::detectCHS()
                0x00000000c001ab02                ATA::open(int, int, void*)
 .text          0x00000000c001abce      0x613 hw/diskphys/atapi.32
                0x00000000c001abce                ATAPI::write(unsigned long long, int, void*)
                0x00000000c001abd4                ATAPI::close(int, int, void*)
                0x00000000c001abf8                ATAPI::ATAPI()
                0x00000000c001abf8                ATAPI::ATAPI()
                0x00000000c001ac26                ATAPI::readyForCommand()
                0x00000000c001ac78                ATAPI::sendPacket(unsigned char*, int, bool, unsigned short*, int)
                0x00000000c001af38                ATAPI::diskRemoved()
                0x00000000c001af72                ATAPI::eject()
                0x00000000c001afba                ATAPI::diskInserted()
                0x00000000c001afc6                ATAPI::detectMedia()
                0x00000000c001b082                ATAPI::open(int, int, void*)
                0x00000000c001b162                ATAPI::read(unsigned long long, int, void*)
 *fill*         0x00000000c001b1e1        0x1 
 .text          0x00000000c001b1e2      0x402 hw/diskphys/sata.32
                0x00000000c001b1e2                SATA::close(int, int, void*)
                0x00000000c001b206                SATA::powerSaving(PowerSavingLevel)
                0x00000000c001b208                SATA::open(int, int, void*)
                0x00000000c001b2b2                SATA::SATA()
                0x00000000c001b2b2                SATA::SATA()
                0x00000000c001b2e0                SATA::access(unsigned long long, int, void*, bool)
                0x00000000c001b52c                SATA::read(unsigned long long, int, void*)
                0x00000000c001b578                SATA::write(unsigned long long, int, void*)
 .text          0x00000000c001b5e4      0x642 hw/diskphys/satapi.32
                0x00000000c001b5e4                SATAPI::write(unsigned long long, int, void*)
                0x00000000c001b5ea                SATAPI::close(int, int, void*)
                0x00000000c001b60e                SATAPI::SATAPI()
                0x00000000c001b60e                SATAPI::SATAPI()
                0x00000000c001b63c                SATAPI::diskRemoved()
                0x00000000c001b63e                SATAPI::diskInserted()
                0x00000000c001b65a                SATAPI::sendPacket(unsigned char*, int, unsigned long long, unsigned short*, int)
                0x00000000c001b8e8                SATAPI::eject()
                0x00000000c001b924                SATAPI::detectMedia()
                0x00000000c001ba4e                SATAPI::open(int, int, void*)
                0x00000000c001bb4e                SATAPI::read(unsigned long long, int, void*)
 .text          0x00000000c001bc26      0x42d hw/intctrl/apic.32
                0x00000000c001bc26                IOAPIC::close(int, int, void*)
                0x00000000c001bc2c                apicGetBase()
                0x00000000c001bc6e                IOAPIC::IOAPIC()
                0x00000000c001bc6e                IOAPIC::IOAPIC()
                0x00000000c001bc96                apicOpen()
                0x00000000c001bdf0                IOAPIC::handlesGSIWithNumber(unsigned int)
                0x00000000c001be22                IOAPIC::read(int)
                0x00000000c001be4a                IOAPIC::open(int, int, void*)
                0x00000000c001bf2e                IOAPIC::write(int, int)
                0x00000000c001bf5a                IOAPIC::redirect(unsigned char, unsigned long long, unsigned char, bool, bool)
 *fill*         0x00000000c001c053        0x1 
 .text          0x00000000c001c054       0xf0 hw/timer/apictimer.32
                0x00000000c001c054                APICTimer::close(int, int, void*)
                0x00000000c001c05c                apicTimerHandler(regs*, void*)
                0x00000000c001c084                APICTimer::open(int, int, void*)
                0x00000000c001c0f4                APICTimer::write(int)
                0x00000000c001c11c                APICTimer::APICTimer()
                0x00000000c001c11c                APICTimer::APICTimer()
 .text          0x00000000c001c144      0x1a3 hw/timer/pit.32
                0x00000000c001c144                PIT::write(int)
                0x00000000c001c1c4                pitHandler(regs*, void*)
                0x00000000c001c1e8                PIT::open(int, int, void*)
                0x00000000c001c238                PIT::close(int, int, void*)
                0x00000000c001c268                PIT::PIT()
                0x00000000c001c268                PIT::PIT()
 *fill*         0x00000000c001c2e7        0x9 
 .text          0x00000000c001c2f0       0x83 arch/i386/avx.32
                0x00000000c001c2f0                avxDetect
                0x00000000c001c31a                avxSave
                0x00000000c001c32b                avxLoad
                0x00000000c001c33c                avxInit
                0x00000000c001c35e                avxClose
                0x00000000c001c35f                wouldSheSayYes
 *fill*         0x00000000c001c373        0xd 
 .text          0x00000000c001c380      0x1d6 arch/i386/interrupt.32
                0x00000000c001c380                isr0
                0x00000000c001c390                isr1
                0x00000000c001c39a                isr2
                0x00000000c001c3a4                isr3
                0x00000000c001c3ae                isr4
                0x00000000c001c3b8                isr5
                0x00000000c001c3c2                isr6
                0x00000000c001c3cc                isr7
                0x00000000c001c3d6                isr8
                0x00000000c001c3de                isr9
                0x00000000c001c3e8                isr10
                0x00000000c001c3f0                isr11
                0x00000000c001c3f8                isr12
                0x00000000c001c400                isr13
                0x00000000c001c408                isr14
                0x00000000c001c410                isr15
                0x00000000c001c41a                isr16
                0x00000000c001c424                isr17
                0x00000000c001c42e                isr18
                0x00000000c001c438                irq3
                0x00000000c001c442                irq4
                0x00000000c001c44c                irq5
                0x00000000c001c456                irq6
                0x00000000c001c460                irq7
                0x00000000c001c46a                irq8
                0x00000000c001c474                irq9
                0x00000000c001c47e                irq10
                0x00000000c001c488                irq11
                0x00000000c001c492                irq12
                0x00000000c001c49c                irq13
                0x00000000c001c4a6                irq14
                0x00000000c001c4b0                irq15
                0x00000000c001c4ba                irq1
                0x00000000c001c4c1                irq2
                0x00000000c001c4c8                isr96
                0x00000000c001c4cf                irq0
                0x00000000c001c4d4                int_common_stub
                0x00000000c001c4d4                syscall_common_stub
                0x00000000c001c506                irq16
                0x00000000c001c510                irq17
                0x00000000c001c51a                irq18
                0x00000000c001c524                irq19
                0x00000000c001c52e                irq20
                0x00000000c001c538                irq21
                0x00000000c001c542                irq22
                0x00000000c001c54c                irq23
 *fill*         0x00000000c001c556        0xa 
 .text          0x00000000c001c560       0x10 arch/i386/rdrand.32
                0x00000000c001c560                i386GetRDRAND
 .text          0x00000000c001c570       0x39 arch/i386/sse.32
                0x00000000c001c570                absolutelyNoChanceInHell
                0x00000000c001c570                sseDetect
                0x00000000c001c588                sseSave
                0x00000000c001c590                sseLoad
                0x00000000c001c598                sseInit
                0x00000000c001c5a8                sseClose
 *fill*         0x00000000c001c5a9        0x7 
 .text          0x00000000c001c5b0       0x49 arch/i386/x87.32
                0x00000000c001c5b6                x87Detect
                0x00000000c001c5d1                x87Save
                0x00000000c001c5d8                x87Load
                0x00000000c001c5df                x87Init
                0x00000000c001c5f8                x87Close
 *fill*         0x00000000c001c5f9        0x3 
 .text          0x00000000c001c5fc       0x25 /cygdrive/d/Users/Alex/Desktop/Toolchain/Output/bin/../lib/gcc/i386-banana/8.1.0/crtend.o
 .text          0x00000000c001c621        0x0 crtn.32
 *fill*         0x00000000c001c621        0x3 
 .text          0x00000000c001c624      0x14b /cygdrive/d/Users/Alex/Desktop/Toolchain/Output/bin/../lib/gcc/i386-banana/8.1.0/libkgcc.a(_divdi3.o)
                0x00000000c001c624                __divdi3
 *fill*         0x00000000c001c76f        0x1 
 .text          0x00000000c001c770      0x17e /cygdrive/d/Users/Alex/Desktop/Toolchain/Output/bin/../lib/gcc/i386-banana/8.1.0/libkgcc.a(_moddi3.o)
                0x00000000c001c770                __moddi3
 *fill*         0x00000000c001c8ee        0x2 
 .text          0x00000000c001c8f0       0xff /cygdrive/d/Users/Alex/Desktop/Toolchain/Output/bin/../lib/gcc/i386-banana/8.1.0/libkgcc.a(_udivdi3.o)
                0x00000000c001c8f0                __udivdi3
 *fill*         0x00000000c001c9ef        0x1 
 .text          0x00000000c001c9f0      0x11a /cygdrive/d/Users/Alex/Desktop/Toolchain/Output/bin/../lib/gcc/i386-banana/8.1.0/libkgcc.a(_umoddi3.o)
                0x00000000c001c9f0                __umoddi3
 *(.gnu.linkonce.t*)

.iplt           0x00000000c001cb10        0x0
 .iplt          0x00000000c001cb10        0x0 D:/Users/Alex/Desktop/Banana/kernel/boot.32

.init           0x00000000c001cb0a        0xf
 .init          0x00000000c001cb0a        0x3 crti.32
                0x00000000c001cb0a                _init
 .init          0x00000000c001cb0d        0x5 /cygdrive/d/Users/Alex/Desktop/Toolchain/Output/bin/../lib/gcc/i386-banana/8.1.0/crtbegin.o
 .init          0x00000000c001cb12        0x5 /cygdrive/d/Users/Alex/Desktop/Toolchain/Output/bin/../lib/gcc/i386-banana/8.1.0/crtend.o
 .init          0x00000000c001cb17        0x2 crtn.32

.fini           0x00000000c001cb19        0xa
 .fini          0x00000000c001cb19        0x3 crti.32
                0x00000000c001cb19                _fini
 .fini          0x00000000c001cb1c        0x5 /cygdrive/d/Users/Alex/Desktop/Toolchain/Output/bin/../lib/gcc/i386-banana/8.1.0/crtbegin.o
 .fini          0x00000000c001cb21        0x2 crtn.32

.text._ZN8ComputerD2Ev
                0x00000000c001cb24       0x23
 .text._ZN8ComputerD2Ev
                0x00000000c001cb24       0x23 core/computer.32
                0x00000000c001cb24                Computer::~Computer()
                0x00000000c001cb24                Computer::~Computer()

.text._ZN8ComputerD0Ev
                0x00000000c001cb48       0x2a
 .text._ZN8ComputerD0Ev
                0x00000000c001cb48       0x2a core/computer.32
                0x00000000c001cb48                Computer::~Computer()

.text._Z10idleCommonv
                0x00000000c001cb72       0x21
 .text._Z10idleCommonv
                0x00000000c001cb72       0x21 core/idle.32
                0x00000000c001cb72                idleCommon()

.text._ZN10LinkedListI8UnixFileED2Ev
                0x00000000c001cb94        0x2
 .text._ZN10LinkedListI8UnixFileED2Ev
                0x00000000c001cb94        0x2 core/unixfile.32
                0x00000000c001cb94                LinkedList<UnixFile>::~LinkedList()
                0x00000000c001cb94                LinkedList<UnixFile>::~LinkedList()

.text._ZN10LinkedListI8UnixFileEC2Ev
                0x00000000c001cb96       0x42
 .text._ZN10LinkedListI8UnixFileEC2Ev
                0x00000000c001cb96       0x42 core/unixfile.32
                0x00000000c001cb96                LinkedList<UnixFile>::LinkedList()
                0x00000000c001cb96                LinkedList<UnixFile>::LinkedList()

.text._ZN10LinkedListI8UnixFileE10addElementEPS0_
                0x00000000c001cbd8       0xd3
 .text._ZN10LinkedListI8UnixFileE10addElementEPS0_
                0x00000000c001cbd8       0xd3 core/unixfile.32
                0x00000000c001cbd8                LinkedList<UnixFile>::addElement(UnixFile*)

.text._ZN10LinkedListI8UnixFileE15getFirstElementEv
                0x00000000c001ccac        0x7
 .text._ZN10LinkedListI8UnixFileE15getFirstElementEv
                0x00000000c001ccac        0x7 core/unixfile.32
                0x00000000c001ccac                LinkedList<UnixFile>::getFirstElement()

.text._ZN10LinkedListI8UnixFileE11removeFirstEv
                0x00000000c001ccb4       0xa1
 .text._ZN10LinkedListI8UnixFileE11removeFirstEv
                0x00000000c001ccb4       0xa1 core/unixfile.32
                0x00000000c001ccb4                LinkedList<UnixFile>::removeFirst()

.text._ZN10LinkedListI8UnixFileE7getNextEPS0_
                0x00000000c001cd56        0x8
 .text._ZN10LinkedListI8UnixFileE7getNextEPS0_
                0x00000000c001cd56        0x8 core/unixfile.32
                0x00000000c001cd56                LinkedList<UnixFile>::getNext(UnixFile*)

.text._ZN16DriverlessDeviceD2Ev
                0x00000000c001cd5e       0x1a
 .text._ZN16DriverlessDeviceD2Ev
                0x00000000c001cd5e       0x1a hal/device.32
                0x00000000c001cd5e                DriverlessDevice::~DriverlessDevice()
                0x00000000c001cd5e                DriverlessDevice::~DriverlessDevice()

.text._ZN16DriverlessDeviceD0Ev
                0x00000000c001cd78       0x2a
 .text._ZN16DriverlessDeviceD0Ev
                0x00000000c001cd78       0x2a hal/device.32
                0x00000000c001cd78                DriverlessDevice::~DriverlessDevice()

.text._ZN10LinkedListI6DeviceE10addElementEPS0_
                0x00000000c001cda2       0xdc
 .text._ZN10LinkedListI6DeviceE10addElementEPS0_
                0x00000000c001cda2       0xdc hal/device.32
                0x00000000c001cda2                LinkedList<Device>::addElement(Device*)

.text._ZN10LinkedListI6DeviceEC2Ev
                0x00000000c001ce7e       0x42
 .text._ZN10LinkedListI6DeviceEC2Ev
                0x00000000c001ce7e       0x42 hal/device.32
                0x00000000c001ce7e                LinkedList<Device>::LinkedList()
                0x00000000c001ce7e                LinkedList<Device>::LinkedList()

.text._ZN10LinkedListIV18ThreadControlBlockE7isEmptyEv
                0x00000000c001cec0       0x1c
 .text._ZN10LinkedListIV18ThreadControlBlockE7isEmptyEv
                0x00000000c001cec0       0x1c hal/timer.32
                0x00000000c001cec0                LinkedList<ThreadControlBlock volatile>::isEmpty()
