Archive member included to satisfy reference by file (symbol)

/cygdrive/d/Users/Alex/Desktop/Toolchain/Output/bin/../lib/gcc/i386-banana/8.1.0/libkgcc.a(_divdi3.o)
                              fs/fat/ff.32 (__divdi3)
/cygdrive/d/Users/Alex/Desktop/Toolchain/Output/bin/../lib/gcc/i386-banana/8.1.0/libkgcc.a(_moddi3.o)
                              compat/resolve.32 (__moddi3)
/cygdrive/d/Users/Alex/Desktop/Toolchain/Output/bin/../lib/gcc/i386-banana/8.1.0/libkgcc.a(_udivdi3.o)
                              fs/fat/ff.32 (__udivdi3)
/cygdrive/d/Users/Alex/Desktop/Toolchain/Output/bin/../lib/gcc/i386-banana/8.1.0/libkgcc.a(_umoddi3.o)
                              compat/resolve.32 (__umoddi3)
D:/Users/Alex/Desktop/Banana/kernel/libsoftfp.a(sfieeelib.o)
                              hal/sound/sndhw.32 (__addsf3)
D:/Users/Alex/Desktop/Banana/kernel/libsoftfp.a(dfieeelib.o)
                              hal/libresample/src_linear.32 (__adddf3)
D:/Users/Alex/Desktop/Banana/kernel/libsoftfp.a(sfdfcvt.o)
                              hal/libresample/samplerate.32 (__truncdfsf2)
D:/Users/Alex/Desktop/Banana/kernel/libk/libm32.a(s_fabs.c.o)
                              hal/libresample/samplerate.32 (fabs)
D:/Users/Alex/Desktop/Banana/kernel/libk/libm32.a(s_lrint.S.o)
                              hal/libresample/samplerate.32 (lrint)
D:/Users/Alex/Desktop/Banana/kernel/libk/libm32.a(s_lrintf.S.o)
                              hal/sound/sndhw.32 (lrintf)

Discarded input sections

 .comment       0x0000000000000000       0x12 /cygdrive/d/Users/Alex/Desktop/Toolchain/Output/bin/../lib/gcc/i386-banana/8.1.0/crtbegin.o
 .comment       0x0000000000000000       0x12 acpica/utclib.32
 .comment       0x0000000000000000       0x12 core/malloc.32
 .comment       0x0000000000000000       0x12 libk/string.32
 .comment       0x0000000000000000       0x12 fs/fat/diskio.32
 .comment       0x0000000000000000       0x12 fs/fat/ff.32
 .comment       0x0000000000000000       0x12 fs/fat/ffsystem.32
 .comment       0x0000000000000000       0x12 fs/fat/ffunicode.32
 .comment       0x0000000000000000       0x12 hal/libresample/samplerate.32
 .comment       0x0000000000000000       0x12 hal/libresample/src_linear.32
 .comment       0x0000000000000000       0x12 hal/libresample/src_sinc.32
 .comment       0x0000000000000000       0x12 hal/libresample/src_zoh.32
 .comment       0x0000000000000000       0x12 compat/inlines.32
 .comment       0x0000000000000000       0x12 compat/resolve.32
 .group         0x0000000000000000       0x14 core/computer.32
 .group         0x0000000000000000        0xc core/computer.32
 .comment       0x0000000000000000       0x12 core/computer.32
 .comment       0x0000000000000000       0x12 core/gdt.32
 .group         0x0000000000000000        0xc core/idle.32
 .comment       0x0000000000000000       0x12 core/idle.32
 .comment       0x0000000000000000       0x12 core/idt.32
 .comment       0x0000000000000000       0x12 core/kheap.32
 .comment       0x0000000000000000       0x12 core/main.32
 .comment       0x0000000000000000       0x12 core/physmgr.32
 .group         0x0000000000000000        0xc core/pipe.32
 .comment       0x0000000000000000       0x12 core/pipe.32
 .group         0x0000000000000000        0xc core/terminal.32
 .comment       0x0000000000000000       0x12 core/terminal.32
 .comment       0x0000000000000000       0x12 core/tss.32
 .group         0x0000000000000000        0x8 core/unixfile.32
 .group         0x0000000000000000        0xc core/unixfile.32
 .group         0x0000000000000000        0xc core/unixfile.32
 .group         0x0000000000000000        0x8 core/unixfile.32
 .group         0x0000000000000000        0xc core/unixfile.32
 .group         0x0000000000000000        0x8 core/unixfile.32
 .group         0x0000000000000000        0xc core/unixfile.32
 .group         0x0000000000000000        0xc core/unixfile.32
 .comment       0x0000000000000000       0x12 core/unixfile.32
 .comment       0x0000000000000000       0x12 core/virtmgr.32
 .comment       0x0000000000000000       0x12 coreobjs/c++.32
 .comment       0x0000000000000000       0x12 dbg/kconsole.32
 .group         0x0000000000000000        0xc fs/vfs.32
 .group         0x0000000000000000        0xc fs/vfs.32
 .group         0x0000000000000000        0xc fs/vfs.32
 .comment       0x0000000000000000       0x12 fs/vfs.32
 .group         0x0000000000000000        0xc hal/bus.32
 .comment       0x0000000000000000       0x12 hal/bus.32
 .group         0x0000000000000000        0xc hal/buzzer.32
 .comment       0x0000000000000000       0x12 hal/buzzer.32
 .group         0x0000000000000000        0xc hal/clock.32
 .comment       0x0000000000000000       0x12 hal/clock.32
 .group         0x0000000000000000       0x14 hal/device.32
 .group         0x0000000000000000        0xc hal/device.32
 .group         0x0000000000000000        0xc hal/device.32
 .group         0x0000000000000000        0xc hal/device.32
[...]
Memory Configuration

Name             Origin             Length             Attributes
*default*        0x0000000000000000 0xffffffffffffffff

Linker script and memory map

LOAD D:/Users/Alex/Desktop/Banana/kernel/boot.32
LOAD crti.32
LOAD /cygdrive/d/Users/Alex/Desktop/Toolchain/Output/bin/../lib/gcc/i386-banana/8.1.0/crtbegin.o
LOAD D:/Users/Alex/Desktop/Banana/kernel/morenasm.32
LOAD acpica/utclib.32
LOAD core/malloc.32
LOAD libk/string.32
LOAD fs/fat/diskio.32
LOAD fs/fat/ff.32
LOAD fs/fat/ffsystem.32
LOAD fs/fat/ffunicode.32
LOAD hal/libresample/samplerate.32
LOAD hal/libresample/src_linear.32
LOAD hal/libresample/src_sinc.32
LOAD hal/libresample/src_zoh.32
LOAD compat/inlines.32
LOAD compat/resolve.32
LOAD core/computer.32
LOAD core/gdt.32
LOAD core/idle.32
LOAD core/idt.32
LOAD core/kheap.32
LOAD core/main.32
LOAD core/physmgr.32
LOAD core/pipe.32
LOAD core/terminal.32
LOAD core/tss.32
LOAD core/unixfile.32
LOAD core/virtmgr.32
LOAD coreobjs/c++.32
LOAD dbg/kconsole.32
LOAD fs/vfs.32
LOAD hal/bus.32
LOAD hal/buzzer.32
LOAD hal/clock.32
LOAD hal/device.32
LOAD hal/diskctrl.32
LOAD hal/diskphys.32
LOAD hal/fpu.32
LOAD hal/intctrl.32
LOAD hal/keybrd.32
LOAD hal/logidisk.32
LOAD hal/mouse.32
LOAD hal/partition.32
LOAD hal/serial.32
LOAD hal/timer.32
LOAD hal/vcache.32
LOAD hal/video.32
LOAD hw/acpi.32
LOAD hw/cpu.32
LOAD hw/ports.32
LOAD krnl/env.32
LOAD krnl/panic.32
LOAD net/ethernet.32
LOAD reg/registry.32
LOAD sys/sc_eject.32
LOAD sys/sc_exit.32
LOAD sys/sc_getcwd.32
LOAD sys/sc_getpid.32
LOAD sys/sc_loaddll.32
LOAD sys/sc_read.32
LOAD sys/sc_sbrk.32
LOAD sys/sc_setcwd.32
LOAD sys/sc_settime.32
LOAD sys/sc_timezone.32
LOAD sys/sc_write.32
LOAD sys/sc_yield.32
LOAD sys/syscalls.32
LOAD thr/elf.32
LOAD thr/prcssthr.32
LOAD vm86/vm8086.32
LOAD vm86/x87em.32
LOAD fs/fat/vfslink.32
LOAD fs/iso9660/vfslink.32
LOAD hal/sound/sndchannel.32
LOAD hal/sound/sndhw.32
LOAD hw/bus/isa.32
LOAD hw/bus/pci.32
LOAD hw/diskctrl/ide.32
LOAD hw/diskctrl/satabus.32
LOAD hw/diskphys/ata.32
LOAD hw/diskphys/atapi.32
LOAD hw/diskphys/sata.32
LOAD hw/diskphys/satapi.32
LOAD hw/fpu/avx.32
LOAD hw/fpu/mmx.32
LOAD hw/fpu/sse.32
LOAD hw/fpu/x87.32
LOAD hw/intctrl/apic.32
LOAD hw/intctrl/pic.32
LOAD hw/timer/apictimer.32
LOAD hw/timer/pit.32
LOAD hw/fpu/x86/avx.32
LOAD hw/fpu/x86/sse.32
LOAD hw/fpu/x86/x87.32
LOAD /cygdrive/d/Users/Alex/Desktop/Toolchain/Output/bin/../lib/gcc/i386-banana/8.1.0/crtend.o
LOAD crtn.32
LOAD /cygdrive/d/Users/Alex/Desktop/Toolchain/Output/bin/../lib/gcc/i386-banana/8.1.0/libkgcc.a
LOAD D:/Users/Alex/Desktop/Banana/kernel/libsoftfp.a
LOAD D:/Users/Alex/Desktop/Banana/kernel/libk/libm32.a
                0x00000000c0000000                . = 0xc0000000

.text           0x00000000c0000000    0x27ef8
 *(.text)
 .text          0x00000000c0000000       0x41 D:/Users/Alex/Desktop/Banana/kernel/boot.32
                0x00000000c0000020                callGlobalConstructors
 .text          0x00000000c0000041        0x0 crti.32
 *fill*         0x00000000c0000041        0x3 
 .text          0x00000000c0000044      0x101 /cygdrive/d/Users/Alex/Desktop/Toolchain/Output/bin/../lib/gcc/i386-banana/8.1.0/crtbegin.o
 *fill*         0x00000000c0000145        0xb 
 .text          0x00000000c0000150      0x4ed D:/Users/Alex/Desktop/Banana/kernel/morenasm.32
                0x00000000c0000150                manualPCIProbe
                0x00000000c000019b                prepareTramp
                0x00000000c00001b4                voodooXADD
                0x00000000c000027f                doTPAUSE
                0x00000000c0000289                hasLegacyFPU
                0x00000000c00002ae                is486
                0x00000000c00002e4                detectCPUID
                0x00000000c00002fa                goToVM86
                0x00000000c000032a                goToUsermode
                0x00000000c0000354                switchToThreadASMFirstTime
                0x00000000c0000362                switchToThreadASM
                0x00000000c00003ea                asmQuickAcquireLock
                0x00000000c0000408                asmQuickReleaseLock
                0x00000000c0000414                asmAcquireLock
                0x00000000c0000435                asmReleaseLock
                0x00000000c0000448                loadGDT
                0x00000000c0000468                isr0
                0x00000000c0000478                isr1
                0x00000000c0000482                isr2
                0x00000000c000048c                isr3
                0x00000000c0000496                isr4
                0x00000000c00004a0                isr5
                0x00000000c00004aa                isr6
                0x00000000c00004b4                isr7
                0x00000000c00004be                isr8
                0x00000000c00004c6                isr9
                0x00000000c00004d0                isr10
                0x00000000c00004d8                isr11
                0x00000000c00004e0                isr12
                0x00000000c00004e8                isr13
                0x00000000c00004f0                isr14
                0x00000000c00004f8                isr15
                0x00000000c0000502                isr16
                0x00000000c000050c                isr17
                0x00000000c0000516                isr18
                0x00000000c0000520                irq3
                0x00000000c000052a                irq4
                0x00000000c0000534                irq5
                0x00000000c000053e                irq6
                0x00000000c0000548                irq7
                0x00000000c0000552                irq8
                0x00000000c000055c                irq9
                0x00000000c0000566                irq10
                0x00000000c0000570                irq11
                0x00000000c000057a                irq12
                0x00000000c0000584                irq13
                0x00000000c000058e                irq14
                0x00000000c0000598                irq15
                0x00000000c00005a2                irq1
                0x00000000c00005a9                irq2
                0x00000000c00005b0                isr96
                0x00000000c00005b7                irq0
                0x00000000c00005bc                int_common_stub
                0x00000000c00005bc                syscall_common_stub
                0x00000000c00005ed                irq16
                0x00000000c00005f7                irq17
                0x00000000c0000601                irq18
                0x00000000c000060b                irq19
                0x00000000c0000615                irq20
                0x00000000c000061f                irq21
                0x00000000c0000629                irq22
                0x00000000c0000633                irq23
 *fill*         0x00000000c000063d        0x3 
 .text          0x00000000c0000640      0x611 acpica/utclib.32
                0x00000000c0000640                memcmp
                0x00000000c000067c                memmove
                0x00000000c0000744                memcpy
                0x00000000c0000778                memset
                0x00000000c0000794                strlen
                0x00000000c00007ac                strpbrk
                0x00000000c00007e8                strtok
                0x00000000c0000834                strcpy
                0x00000000c0000858                strncpy
                0x00000000c00008c0                strcmp
                0x00000000c0000900                strchr
                0x00000000c0000924                strncmp
                0x00000000c0000974                strcat
                0x00000000c00009a4                strncat
                0x00000000c00009e0                strstr
                0x00000000c0000a28                toupper
                0x00000000c0000a3c                tolower
                0x00000000c0000a50                simple_strtoul
 .text          0x00000000c0000c51      0xfbf core/malloc.32
                0x00000000c0000dbc                dlfree
                0x00000000c0001117                dlmalloc
                0x00000000c0001654                dlrealloc
                0x00000000c0001809                dlmemalign
                0x00000000c000192c                dlcalloc
                0x00000000c00019c6                dlcfree
                0x00000000c00019cb                dlindependent_calloc
                0x00000000c00019f0                dlindependent_comalloc
                0x00000000c0001a07                dlvalloc
                0x00000000c0001a32                dlpvalloc
                0x00000000c0001a68                dlmalloc_trim
                0x00000000c0001a75                dlmalloc_usable_size
                0x00000000c0001aa6                dlmallinfo
                0x00000000c0001b75                dlmalloc_stats
                0x00000000c0001b86                dlmallopt
 .text          0x00000000c0001c10        0x0 libk/string.32
 .text          0x00000000c0001c10       0x51 fs/fat/diskio.32
                0x00000000c0001c10                disk_status
                0x00000000c0001c13                disk_initialize
                0x00000000c0001c16                disk_read
                0x00000000c0001c2c                disk_write
                0x00000000c0001c42                disk_ioctl
 .text          0x00000000c0001c61     0x6833 fs/fat/ff.32
                0x00000000c0004f2f                f_mount
                0x00000000c0004f91                f_open
                0x00000000c00053cd                f_read
                0x00000000c000564d                f_write
                0x00000000c0005907                f_sync
                0x00000000c0005ae3                f_close
                0x00000000c0005b12                f_lseek
                0x00000000c0005fc9                f_opendir
                0x00000000c00060cb                f_closedir
                0x00000000c00060ed                f_readdir
                0x00000000c0006188                f_stat
                0x00000000c0006217                f_getfree
                0x00000000c00063e2                f_truncate
                0x00000000c00064da                f_unlink
                0x00000000c000665d                f_mkdir
                0x00000000c0006889                f_rename
                0x00000000c0006b7c                f_chmod
                0x00000000c0006c5a                f_utime
                0x00000000c0006d38                f_getlabel
                0x00000000c0006f26                f_setlabel
                0x00000000c0007193                f_forward
                0x00000000c0007371                f_mkfs
 .text          0x00000000c0008494       0x2d fs/fat/ffsystem.32
                0x00000000c0008494                ff_memalloc
                0x00000000c00084aa                ff_memfree
 .text          0x00000000c00084c1      0x253 fs/fat/ffunicode.32
                0x00000000c00084c1                ff_uni2oem
                0x00000000c0008551                ff_oem2uni
                0x00000000c00085bd                ff_wtoupper
 .text          0x00000000c0008714      0x8fb hal/libresample/samplerate.32
                0x00000000c0008758                src_delete
                0x00000000c0008794                src_process
                0x00000000c000894a                src_callback_read
                0x00000000c0008ac7                src_set_ratio
                0x00000000c0008b31                src_get_channels
                0x00000000c0008b53                src_reset
                0x00000000c0008b9f                src_new
                0x00000000c0008c2d                src_callback_new
                0x00000000c0008c8f                src_get_name
                0x00000000c0008cc6                src_get_description
                0x00000000c0008cfd                src_get_version
                0x00000000c0008d03                src_is_valid_ratio
                0x00000000c0008d57                src_error
                0x00000000c0008d65                src_strerror
                0x00000000c0008d78                src_simple
                0x00000000c0008dcb                src_short_to_float_array
                0x00000000c0008e30                src_float_to_short_array
                0x00000000c0008eef                src_int_to_float_array
                0x00000000c0008f52                src_float_to_int_array
 .text          0x00000000c000900f      0x8cb hal/libresample/src_linear.32
                0x00000000c0009835                linear_get_name
                0x00000000c0009844                linear_get_description
                0x00000000c0009853                linear_set_converter
 .text          0x00000000c00098da     0x447c hal/libresample/src_sinc.32
                0x00000000c000dc6d                sinc_get_name
                0x00000000c000dc80                sinc_get_description
                0x00000000c000dc93                sinc_set_converter
 .text          0x00000000c000dd56      0x77c hal/libresample/src_zoh.32
                0x00000000c000e42d                zoh_get_name
                0x00000000c000e43c                zoh_get_description
                0x00000000c000e44b                zoh_set_converter
 .text          0x00000000c000e4d2       0x23 compat/inlines.32
                0x00000000c000e4d2                CPU::current()
                0x00000000c000e4df                operator new(unsigned long)
 .text          0x00000000c000e4f5      0x111 compat/resolve.32
                0x00000000c000e4f5                Krnl::resolveCompatibilitySymbol(char*)
 .text          0x00000000c000e606      0xa11 core/computer.32
                0x00000000c000e606                Computer::close(int, int, void*)
                0x00000000c000e64a                Krnl::firstTask()
                0x00000000c000e734                Computer::Computer()
                0x00000000c000e734                Computer::Computer()
                0x00000000c000e890                Computer::setBootMessage(char const*)
                0x00000000c000e892                Computer::detectFeatures()
                0x00000000c000ea9c                Computer::displayFeatures()
                0x00000000c000ede2                Computer::rdmsr(unsigned int)
                0x00000000c000ee0e                Computer::wrmsr(unsigned int, unsigned long long)
                0x00000000c000ee46                Computer::nmiEnabled()
                0x00000000c000ee52                Computer::readCMOS(unsigned char)
                0x00000000c000ee6c                Computer::enableNMI(bool)
                0x00000000c000ee84                Computer::open(int, int, void*)
                0x00000000c000ef5a                Computer::disableNMI()
                0x00000000c000ef68                Computer::writeCMOS(unsigned char, unsigned char)
                0x00000000c000ef86                Computer::handleNMI()
                0x00000000c000efec                Computer::setDiskActivityLight(int, bool)
 *fill*         0x00000000c000f017        0x1 
 .text          0x00000000c000f018      0x1b7 core/gdt.32
                0x00000000c000f018                GDTEntry::setBase(unsigned int)
                0x00000000c000f034                GDTEntry::setLimit(unsigned int)
                0x00000000c000f052                GDT::GDT()
                0x00000000c000f052                GDT::GDT()
                0x00000000c000f068                GDT::addEntry(GDTEntry)
                0x00000000c000f0a4                GDT::getNumberOfEntries()
                0x00000000c000f0ac                GDT::flush()
                0x00000000c000f0ce                GDT::setup()
 .text          0x00000000c000f1cf       0x62 core/idle.32
                0x00000000c000f1cf                idleFunction(void*)
 *fill*         0x00000000c000f231        0x1 
 .text          0x00000000c000f232      0x45f core/idt.32
                0x00000000c000f232                IDTEntry::IDTEntry(bool)
                0x00000000c000f232                IDTEntry::IDTEntry(bool)
                0x00000000c000f2a0                IDTEntry::setOffset(unsigned int)
                0x00000000c000f2b4                IDT::IDT()
                0x00000000c000f2b4                IDT::IDT()
                0x00000000c000f2b6                IDT::getPointerToInvalidOpcodeEntryForF00F()
                0x00000000c000f2be                IDT::addEntry(IDTEntry, int)
                0x00000000c000f2d8                IDT::addEntry(int, void (*)(), bool)
                0x00000000c000f310                IDT::flush()
                0x00000000c000f32a                IDT::setup()
 .text          0x00000000c000f691      0x203 core/kheap.32
                0x00000000c000f691                sbrk
                0x00000000c000f79f                mmap
                0x00000000c000f7b5                munmap
                0x00000000c000f7cb                liballoc_lock()
                0x00000000c000f7dc                liballoc_unlock()
                0x00000000c000f7ed                liballoc_alloc(int)
                0x00000000c000f808                liballoc_free(void*, int)
                0x00000000c000f826                realloc
                0x00000000c000f83a                malloc
                0x00000000c000f84a                free
                0x00000000c000f85a                rfree
                0x00000000c000f86a                calloc
 .text          0x00000000c000f894      0x480 core/main.32
                0x00000000c000f894                hwTextMode_loadInData(VgaText*)
                0x00000000c000f8df                hwTextMode_loadInTitle(VgaText*, char*)
                0x00000000c000f95d                hwTextMode_showCursor(VgaText*, bool)
                0x00000000c000f9bb                hwTextMode_update(VgaText*)
                0x00000000c000f9bc                hwTextMode_updateCursor(VgaText*)
                0x00000000c000fa0d                hwTextMode_disableBlink(VgaText*, bool)
                0x00000000c000fa53                hwTextMode_scrollScreen(VgaText*)
                0x00000000c000fb00                hwTextMode_writeCharacter(VgaText*, char, VgaColour, VgaColour, int, int)
                0x00000000c000fb82                setupTextMode()
                0x00000000c000fbf2                kernel_main
 .text          0x00000000c000fd14      0x54d core/physmgr.32
                0x00000000c000fd14                Phys::allocateDMA(unsigned long)
                0x00000000c000fdb7                Phys::freeDMA(unsigned long, unsigned long)
                0x00000000c000fdff                Phys::setPageState(unsigned long, bool)
                0x00000000c000fe31                Phys::getPageState(unsigned long)
                0x00000000c000fe4d                Phys::freePage(unsigned long)
                0x00000000c000fed7                Phys::allocatePage()
                0x00000000c000ff9f                Phys::allocateContiguousPages(int)
                0x00000000c000fff9                Phys::allowSegmentToBeUsed(unsigned long, unsigned long)
                0x00000000c0010031                Phys::physicalMemorySetup(unsigned int)
 *fill*         0x00000000c0010261        0x1 
 .text          0x00000000c0010262      0x273 core/pipe.32
                0x00000000c0010262                Pipe::isAtty()
                0x00000000c0010266                Pipe::~Pipe()
                0x00000000c0010266                Pipe::~Pipe()
                0x00000000c001028a                Pipe::~Pipe()
                0x00000000c00102b2                Pipe::read(unsigned long long, void*, int*)
                0x00000000c00103a6                Pipe::write(unsigned long long, void*, int*)
                0x00000000c001046e                Pipe::Pipe(int)
                0x00000000c001046e                Pipe::Pipe(int)
 *fill*         0x00000000c00104d5        0x1 
 .text          0x00000000c00104d6      0xf73 core/terminal.32
                0x00000000c00104d6                VgaText::isAtty()
                0x00000000c00104da                VgaText::~VgaText()
                0x00000000c00104da                VgaText::~VgaText()
                0x00000000c00104fe                VgaText::~VgaText()
                0x00000000c0010528                VgaText::read(unsigned long long, void*, int*)
                0x00000000c0010548                setTerminalScrollLock(bool)
                0x00000000c0010549                addToTerminalCycle(VgaText*)
                0x00000000c0010576                installVgaTextImplementation()
                0x00000000c001058b                scrollTerminalScrollLock(int)
                0x00000000c001058c                VgaText::load()
                0x00000000c00105e0                VgaText::updateCursor()
                0x00000000c00105fa                VgaText::showCursor(bool)
                0x00000000c001060a                VgaText::disableBlink(bool)
                0x00000000c0010644                VgaText::doANSI_SGR(int)
                0x00000000c00106d0                VgaText::setDefaultBgColour(VgaColour)
                0x00000000c00106e6                VgaText::setDefaultFgColour(VgaColour)
                0x00000000c00106fc                VgaText::setDefaultColours(VgaColour, VgaColour)
                0x00000000c001071c                VgaText::combineColours(unsigned char, unsigned char)
                0x00000000c001072e                VgaText::scrollScreen()
                0x00000000c00107c2                VgaText::combineCharAndColour(char, unsigned char)
                0x00000000c00107d4                VgaText::writeCharacter(char, VgaColour, VgaColour, int, int)
                0x00000000c0010834                VgaText::getCursorX()
                0x00000000c0010840                VgaText::getCursorY()
                0x00000000c001084c                VgaText::setCursor(int, int)
                0x00000000c001086a                VgaText::setCursorX(int)
                0x00000000c0010886                VgaText::setCursorY(int)
                0x00000000c00108a2                VgaText::incrementCursor(bool)
                0x00000000c001090a                VgaText::updateRAMUsageDisplay(int)
                0x00000000c001096e                VgaText::updateDiskUsage()
                0x00000000c0010ad8                VgaText::updateTitle()
                0x00000000c0010b1e                VgaText::setTitleTextColour(VgaColour)
                0x00000000c0010b2e                VgaText::setTitleColour(VgaColour)
                0x00000000c0010b3e                VgaText::setTitle(char*)
                0x00000000c0010b64                VgaText::decrementCursor(bool)
                0x00000000c0010b8c                VgaText::putchar(char, VgaColour, VgaColour)
                0x00000000c0010c88                VgaText::isShowingCursor()
                0x00000000c0010c94                VgaText::isBlinkDisabled()
                0x00000000c0010ca2                VgaText::setCursorHeight(int)
                0x00000000c0010cc0                VgaText::getCursorHeight()
                0x00000000c0010ccb                setActiveTerminal(VgaText*)
                0x00000000c0010d7d                doTerminalCycle()
                0x00000000c0010d9a                VgaText::doUpdate()
                0x00000000c0010dac                VgaText::puts(char const*, VgaColour, VgaColour)
                0x00000000c0010f6c                VgaText::clearScreen()
                0x00000000c0010fd0                VgaText::putchar(char)
                0x00000000c00110ea                VgaText::puts(char const*)
                0x00000000c0011110                VgaText::putx(unsigned int)
                0x00000000c0011156                VgaText::VgaText(char const*)
                0x00000000c0011156                VgaText::VgaText(char const*)
                0x00000000c00112e8                VgaText::receiveKey(unsigned char)
                0x00000000c00113d0                VgaText::write(unsigned long long, void*, int*)
                0x00000000c0011424                newTerminal(char*)
 *fill*         0x00000000c0011449        0x1 
 .text          0x00000000c001144a      0x1b3 core/tss.32
                0x00000000c001144a                TSS::TSS()
                0x00000000c001144a                TSS::TSS()
                0x00000000c0011458                TSS::setESP(unsigned long)
                0x00000000c001146a                TSS::flush()
                0x00000000c001148a                TSS::setup(unsigned long, unsigned long)
 *fill*         0x00000000c00115fd        0x1 
 .text          0x00000000c00115fe      0x4c2 core/unixfile.32
                0x00000000c00115fe                ReservedFilename::read(unsigned long long, void*, int*)
                0x00000000c0011654                ReservedFilename::isAtty()
                0x00000000c0011670                ReservedFilename::write(unsigned long long, void*, int*)
                0x00000000c00116ce                UnixFile::getFileDescriptor()
                0x00000000c00116d6                UnixFile::UnixFile(int)
                0x00000000c00116d6                UnixFile::UnixFile(int)
                0x00000000c0011886                ReservedFilename::ReservedFilename(int)
                0x00000000c0011886                ReservedFilename::ReservedFilename(int)
                0x00000000c00118b8                UnixFile::~UnixFile()
                0x00000000c00118b8                UnixFile::~UnixFile()
                0x00000000c0011950                UnixFile::~UnixFile()
                0x00000000c0011978                ReservedFilename::~ReservedFilename()
                0x00000000c0011978                ReservedFilename::~ReservedFilename()
                0x00000000c001199c                ReservedFilename::~ReservedFilename()
                0x00000000c00119c3                getFromFileDescriptor(int)
 .text          0x00000000c0011ac0      0xee3 core/virtmgr.32
                0x00000000c0011ac0                Virt::setPageState(unsigned long, Virt::VirtPageState)
                0x00000000c0011af5                Virt::getPageState(unsigned long)
                0x00000000c0011b19                Virt::allocateKernelVirtualPages(int)
                0x00000000c0011c2a                Virt::virtualMemorySetup()
                0x00000000c0011ca9                Virt::getAKernelVAS()
                0x00000000c0011caf                Virt::setupPageSwapping(int)
                0x00000000c0011dde                VAS::VAS()
                0x00000000c0011dde                VAS::VAS()
                0x00000000c0011e0e                VAS::VAS(VAS*)
                0x00000000c0011e0e                VAS::VAS(VAS*)
                0x00000000c0011e32                VAS::getForeignPageTableEntry(bool, unsigned long)
                0x00000000c0011e5e                VAS::getPageTableEntry(unsigned long)
                0x00000000c0011e7d                Virt::freeKernelVirtualPages(unsigned long)
                0x00000000c0011fa0                VAS::freeAllocatedPages(unsigned long)
                0x00000000c0011fc4                VAS::virtualToPhysical(unsigned long)
                0x00000000c0011fdc                VAS::reflagRange(unsigned long, int, int, int)
                0x00000000c001201c                VAS::setToWriteCombining(unsigned long, int)
                0x00000000c001204e                VAS::mapOtherVASIn(bool, VAS*)
                0x00000000c0012078                VAS::~VAS()
                0x00000000c0012078                VAS::~VAS()
                0x00000000c00121e4                VAS::mapPage(unsigned long, unsigned long, int)
                0x00000000c00122e4                VAS::allocatePages(int, int)
                0x00000000c00124bc                VAS::setCPUSpecific(unsigned long)
                0x00000000c00124d8                VAS::mapRange(unsigned long, unsigned long, int, int)
                0x00000000c001259e                VAS::mapForeignPage(bool, VAS*, unsigned long, unsigned long, int)
                0x00000000c001268c                VAS::VAS(bool)
                0x00000000c001268c                VAS::VAS(bool)
                0x00000000c00128e7                mapVASFirstTime
 .text          0x00000000c00129a3       0x95 coreobjs/c++.32
                0x00000000c00129a3                __cxa_atexit
                0x00000000c00129a6                __cxa_finalize
                0x00000000c00129a7                __stack_chk_fail
                0x00000000c0012a13                __cxa_pure_virtual
                0x00000000c0012a24                operator new[](unsigned long)
                0x00000000c0012a29                operator delete(void*, unsigned long)
                0x00000000c0012a2e                operator delete[](void*)
                0x00000000c0012a33                operator delete[](void*, unsigned long)
 .text          0x00000000c0012a38      0x1ef dbg/kconsole.32
                0x00000000c0012a38                Dbg::stringifyxWithBase(unsigned int, char*, int)
                0x00000000c0012a99                Dbg::logc(char)
                0x00000000c0012ab0                Dbg::logs(char*)
                0x00000000c0012acd                Dbg::logWriteInt(unsigned int)
                0x00000000c0012aea                Dbg::logWriteIntBase(unsigned int, int)
                0x00000000c0012b09                Dbg::kprintf(char const*, ...)
 *fill*         0x00000000c0012c27        0x1 
 .text          0x00000000c0012c28      0xb7c fs/vfs.32
                0x00000000c0012c28                File::read(unsigned long long, void*, int*)
                0x00000000c0012c80                File::write(unsigned long long, void*, int*)
                0x00000000c0012cd8                Directory::read(unsigned long long, void*, int*)
                0x00000000c0012d30                Directory::write(unsigned long long, void*, int*)
                0x00000000c0012d5e                File::isAtty()
                0x00000000c0012d62                Directory::isAtty()
                0x00000000c0012d66                Filesystem::getlabel(LogicalDisk*, int, char*, unsigned int*)
                0x00000000c0012d6c                Filesystem::setlabel(LogicalDisk*, int, char*)
                0x00000000c0012d72                File::~File()
                0x00000000c0012d72                File::~File()
                0x00000000c0012d96                File::~File()
                0x00000000c0012dc0                Directory::~Directory()
                0x00000000c0012dc0                Directory::~Directory()
                0x00000000c0012de4                Directory::~Directory()
                0x00000000c0012e0e                Filesystem::Filesystem()
                0x00000000c0012e0e                Filesystem::Filesystem()
                0x00000000c0012e32                Filesystem::~Filesystem()
                0x00000000c0012e32                Filesystem::~Filesystem()
                0x00000000c0012e40                Filesystem::~Filesystem()
                0x00000000c0012e64                Fs::getcwd(Process*, char*, int)
                0x00000000c0012e8e                Fs::initVFS()
                0x00000000c0012eb8                Fs::standardiseFiles(char*, char const*, char const*)
                0x00000000c0013062                File::File(char const*, Process*)
                0x00000000c0013062                File::File(char const*, Process*)
                0x00000000c00130c6                File::open(FileOpenMode)
                0x00000000c0013124                File::close()
                0x00000000c0013184                File::seek(unsigned long long)
                0x00000000c00131da                File::tell(unsigned long long*)
                0x00000000c001322a                File::rewind()
                0x00000000c001323e                File::unlink()
                0x00000000c001328a                File::rename(char const*)
                0x00000000c00132d8                File::chfatattr(unsigned char, unsigned char)
                0x00000000c0013334                File::exists()
                0x00000000c0013372                File::stat(unsigned long long*, bool*)
                0x00000000c00133d3                Fs::setcwd(Process*, char*)
                0x00000000c001350e                Directory::Directory(char const*, Process*)
                0x00000000c001350e                Directory::Directory(char const*, Process*)
                0x00000000c0013572                Directory::open()
                0x00000000c00135ce                Directory::close()
                0x00000000c001362e                Directory::unlink()
                0x00000000c001367a                Directory::rename(char const*)
                0x00000000c00136c8                Directory::exists()
                0x00000000c0013706                Directory::read(dirent*)
                0x00000000c0013752                Directory::create()
                0x00000000c001379e                Filesystem::chfatattr(char const*, unsigned char, unsigned char)
 .text          0x00000000c00137a4       0x84 hal/bus.32
                0x00000000c00137a4                Bus::Bus(char const*)
                0x00000000c00137a4                Bus::Bus(char const*)
                0x00000000c00137da                Bus::~Bus()
                0x00000000c00137da                Bus::~Bus()
                0x00000000c00137fe                Bus::~Bus()
 .text          0x00000000c0013828      0x14e hal/buzzer.32
                0x00000000c0013828                Buzzer::Buzzer(char const*)
                0x00000000c0013828                Buzzer::Buzzer(char const*)
                0x00000000c001386c                Buzzer::~Buzzer()
                0x00000000c001386c                Buzzer::~Buzzer()
                0x00000000c0013890                Buzzer::~Buzzer()
                0x00000000c00138ba                Buzzer::stop()
                0x00000000c00138cd                beepThread(void*)
                0x00000000c0013908                Buzzer::beep(int, int, bool)
 .text          0x00000000c0013976      0x467 hal/clock.32
                0x00000000c0013976                User::loadClockSettings(int)
                0x00000000c00139c8                Clock::Clock(char const*)
                0x00000000c00139c8                Clock::Clock(char const*)
                0x00000000c00139fe                Clock::~Clock()
                0x00000000c00139fe                Clock::~Clock()
                0x00000000c0013a22                Clock::~Clock()
                0x00000000c0013a4c                Clock::timeInSecondsLocal()
                0x00000000c0013a94                Clock::setTimeInSecondsLocal(unsigned long long)
                0x00000000c0013aed                datetimeToSeconds(datetime_t)
                0x00000000c0013c14                Clock::setTimeInDatetimeLocal(datetime_t)
                0x00000000c0013c74                secondsToDatetime(unsigned long long)
                0x00000000c0013db8                Clock::timeInDatetimeLocal()
 *fill*         0x00000000c0013ddd        0x1 
 .text          0x00000000c0013dde      0x4de hal/device.32
                0x00000000c0013dde                Device::hibernate()
                0x00000000c0013de0                Device::wake()
                0x00000000c0013de2                Device::detect()
                0x00000000c0013de4                Device::disableLegacy()
                0x00000000c0013de6                Device::powerSaving(PowerSavingLevel)
                0x00000000c0013de8                DriverlessDevice::close(int, int, void*)
                0x00000000c0013dec                DriverlessDevice::detect()
                0x00000000c0013dee                DriverlessDevice::open(int, int, void*)
                0x00000000c0013e02                Device::~Device()
                0x00000000c0013e02                Device::~Device()
                0x00000000c0013e10                Device::~Device()
                0x00000000c0013e38                Device::findAndLoadDriver()
                0x00000000c0013e3a                Device::preOpenPCI(PCIDeviceInfo)
                0x00000000c0013e60                Device::preOpenACPI(void*, char*, char*)
                0x00000000c0013eb4                Device::addIRQHandler(int, void (*)(regs*, void*), bool, void*)
                0x00000000c0013ef2                Device::removeIRQHandler(int, void (*)(regs*, void*), bool)
                0x00000000c0013f30                Device::addChild(Device*)
                0x00000000c0013f74                Device::removeAllChildren()
                0x00000000c0013fba                Device::hibernateAll()
                0x00000000c0013fea                Device::wakeAll()
                0x00000000c001401a                Device::detectAll()
                0x00000000c001404a                Device::disableLegacyAll()
                0x00000000c001407a                Device::loadDriversForAll()
                0x00000000c00140a6                Device::closeAll()
                0x00000000c00140dc                Device::powerSavingAll(PowerSavingLevel)
                0x00000000c0014112                Device::setName(char const*)
                0x00000000c0014120                Device::Device(char const*)
                0x00000000c0014120                Device::Device(char const*)
                0x00000000c001421c                Device::getName()
                0x00000000c0014226                DriverlessDevice::DriverlessDevice(char const*)
                0x00000000c0014226                DriverlessDevice::DriverlessDevice(char const*)
                0x00000000c001424e                Device::addToLinkedList(LinkedList<Device>&, DeviceType)
                0x00000000c0014292                getDevicesOfType(DeviceType)
 .text          0x00000000c00142bc       0x84 hal/diskctrl.32
                0x00000000c00142bc                HardDiskController::HardDiskController(char const*)
                0x00000000c00142bc                HardDiskController::HardDiskController(char const*)
                0x00000000c00142f2                HardDiskController::~HardDiskController()
                0x00000000c00142f2                HardDiskController::~HardDiskController()
                0x00000000c0014316                HardDiskController::~HardDiskController()
 .text          0x00000000c0014340       0xf2 hal/diskphys.32
                0x00000000c0014340                PhysicalDisk::eject()
                0x00000000c0014354                PhysicalDisk::PhysicalDisk(char const*, int)
                0x00000000c0014354                PhysicalDisk::PhysicalDisk(char const*, int)
                0x00000000c00143bc                PhysicalDisk::startCache()
                0x00000000c00143e4                PhysicalDisk::~PhysicalDisk()
                0x00000000c00143e4                PhysicalDisk::~PhysicalDisk()
                0x00000000c0014408                PhysicalDisk::~PhysicalDisk()
 .text          0x00000000c0014432      0x13b hal/fpu.32
                0x00000000c0014432                FPU::FPU(char const*)
                0x00000000c0014432                FPU::FPU(char const*)
                0x00000000c0014468                FPU::~FPU()
                0x00000000c0014468                FPU::~FPU()
                0x00000000c001448c                FPU::~FPU()
                0x00000000c00144b6                setupFPU()
 *fill*         0x00000000c001456d        0x1 
 .text          0x00000000c001456e     0x1381 hal/intctrl.32
                0x00000000c001456e                InterruptController::uninstallISRHandler(int, void (*)(regs*, void*))
                0x00000000c00145a6                InterruptController::installISRHandler(int, void (*)(regs*, void*), void*)
                0x00000000c00145f8                doubleFault(regs*, void*)
                0x00000000c0014612                InterruptController::installIRQHandler(int, void (*)(regs*, void*), bool, void*)
                0x00000000c00146ae                InterruptController::clearAllHandlers(int, bool)
                0x00000000c0014756                InterruptController::uninstallIRQHandler(int, void (*)(regs*, void*), bool)
                0x00000000c00147dd                nmiHandler(regs*, void*)
                0x00000000c00147eb                int_handler
                0x00000000c001488c                InterruptController::InterruptController(char const*)
                0x00000000c001488c                InterruptController::InterruptController(char const*)
                0x00000000c0014932                InterruptController::~InterruptController()
                0x00000000c0014932                InterruptController::~InterruptController()
                0x00000000c0014956                InterruptController::~InterruptController()
                0x00000000c0014980                displayDebugInfo(regs*)
                0x00000000c0014e0f                x87EmulHandler(regs*, void*)
                0x00000000c0014e3e                gpFault(regs*, void*)
                0x00000000c0014e77                pgFault(regs*, void*)
                0x00000000c0014e8e                otherISRHandler(regs*, void*)
                0x00000000c0014ead                opcodeFault(regs*, void*)
                0x00000000c00154b3                displayProgramFault(char const*)
                0x00000000c00154db                setupInterruptController()
                0x00000000c00158a2                InterruptController::convertLegacyIRQNumber(int)
 *fill*         0x00000000c00158ef        0x1 
 .text          0x00000000c00158f0      0x69a hal/keybrd.32
                0x00000000c00158f0                startGUI(void*)
                0x00000000c001594c                startGUIVESA(void*)
                0x00000000c00159a8                sendKeyToTerminal(unsigned char)
                0x00000000c0015a14                sendKeyboardToken(KeyboardToken)
                0x00000000c0015e24                clearInternalKeybuffer(VgaText*)
                0x00000000c0015e59                readKeyboard(VgaText*, char*, unsigned long)
                0x00000000c0015f00                Keyboard::Keyboard(char const*)
                0x00000000c0015f00                Keyboard::Keyboard(char const*)
                0x00000000c0015f3c                Keyboard::~Keyboard()
                0x00000000c0015f3c                Keyboard::~Keyboard()
                0x00000000c0015f60                Keyboard::~Keyboard()
 .text          0x00000000c0015f8a      0x414 hal/logidisk.32
                0x00000000c0015f8a                LogicalDisk::close(int, int, void*)
                0x00000000c0015f8e                LogicalDisk::~LogicalDisk()
                0x00000000c0015f8e                LogicalDisk::~LogicalDisk()
                0x00000000c0015fb2                LogicalDisk::~LogicalDisk()
                0x00000000c0015fdc                LogicalDisk::open(int, int, void*)
                0x00000000c0015ff0                LogicalDisk::absoluteToRelative(unsigned long long)
                0x00000000c0016028                LogicalDisk::relativeToAbsolute(unsigned long long)
                0x00000000c001606e                LogicalDisk::LogicalDisk(char const*, PhysicalDisk*, unsigned long long, unsigned long long)
                0x00000000c001606e                LogicalDisk::LogicalDisk(char const*, PhysicalDisk*, unsigned long long, unsigned long long)
                0x00000000c0016124                LogicalDisk::assignDriveLetter()
                0x00000000c00161da                LogicalDisk::mount()
                0x00000000c001624c                LogicalDisk::unmount()
                0x00000000c001625c                LogicalDisk::eject()
                0x00000000c0016270                LogicalDisk::unassignDriveLetter()
                0x00000000c00162c6                LogicalDisk::read(unsigned long long, int, void*)
                0x00000000c0016332                LogicalDisk::write(unsigned long long, int, void*)
 .text          0x00000000c001639e       0x84 hal/mouse.32
                0x00000000c001639e                Mouse::Mouse(char const*)
                0x00000000c001639e                Mouse::Mouse(char const*)
                0x00000000c00163d4                Mouse::~Mouse()
                0x00000000c00163d4                Mouse::~Mouse()
                0x00000000c00163f8                Mouse::~Mouse()
 .text          0x00000000c0016422      0x34d hal/partition.32
                0x00000000c0016422                makePartition(PhysicalDisk*, unsigned long long, unsigned long long)
                0x00000000c00164de                createPartitionsForDisk(PhysicalDisk*)
 *fill*         0x00000000c001676f        0x1 
 .text          0x00000000c0016770       0x84 hal/serial.32
                0x00000000c0016770                Serial::Serial(char const*)
                0x00000000c0016770                Serial::Serial(char const*)
                0x00000000c00167a6                Serial::~Serial()
                0x00000000c00167a6                Serial::~Serial()
                0x00000000c00167ca                Serial::~Serial()
 .text          0x00000000c00167f4      0x2b8 hal/timer.32
                0x00000000c00167f4                Timer::Timer(char const*)
                0x00000000c00167f4                Timer::Timer(char const*)
                0x00000000c001682a                Timer::~Timer()
                0x00000000c001682a                Timer::~Timer()
                0x00000000c001684e                Timer::~Timer()
                0x00000000c0016878                Timer::read()
                0x00000000c0016883                timerHandler(unsigned long long)
                0x00000000c00169ba                setupTimer(int)
 .text          0x00000000c0016aac      0x433 hal/vcache.32
                0x00000000c0016aac                VCache::VCache(PhysicalDisk*)
                0x00000000c0016aac                VCache::VCache(PhysicalDisk*)
                0x00000000c0016c14                VCache::invalidateReadBuffer()
                0x00000000c0016c24                VCache::writeWriteBuffer()
                0x00000000c0016c6e                VCache::~VCache()
                0x00000000c0016c6e                VCache::~VCache()
                0x00000000c0016cc2                VCache::~VCache()
                0x00000000c0016cea                VCache::write(unsigned long long, int, void*)
                0x00000000c0016de0                VCache::read(unsigned long long, int, void*)
 *fill*         0x00000000c0016edf        0x1 
 .text          0x00000000c0016ee0      0x4cd hal/video.32
                0x00000000c0016ee0                Video::putrect(int, int, int, int, unsigned int)
                0x00000000c0016f2c                Video::bitblit(int, int, int, int, int, int, int, unsigned int*)
                0x00000000c0016f9c                Video::blit(unsigned int*, int, int, int, int)
                0x00000000c001701a                Video::clearScreen(unsigned int)
                0x00000000c001704e                Video::putpixel(int, int, unsigned int)
                0x00000000c001705c                Video::Video(char const*)
                0x00000000c001705c                Video::Video(char const*)
                0x00000000c0017092                Video::~Video()
                0x00000000c0017092                Video::~Video()
                0x00000000c00170b6                Video::~Video()
                0x00000000c00170e0                Video::isMonochrome()
                0x00000000c00170ec                Video::getWidth()
                0x00000000c00170f8                Video::getHeight()
                0x00000000c0017104                Video::drawCursor(int, int, unsigned char*, int)
                0x00000000c00171c0                Video::tgaParse(unsigned char*, int, int*, int*)
                0x00000000c0017342                Video::putTGA(int, int, unsigned char*, int)
 *fill*         0x00000000c00173ad        0x1 
 .text          0x00000000c00173ae      0xf64 hw/acpi.32
                0x00000000c00173ae                ACPI::close(int, int, void*)
                0x00000000c0017463                findRSDP()
                0x00000000c00174ed                loadACPITables(unsigned char*)
                0x00000000c0017714                findRSDT(unsigned char*)
                0x00000000c0017832                findDataTable(unsigned char*, char*)
                0x00000000c00178ce                scanMADT()
                0x00000000c0017d54                ACPI::ACPI()
                0x00000000c0017d54                ACPI::ACPI()
                0x00000000c0017dbe                ACPI::getPCIIRQAssignment(unsigned char, unsigned short, unsigned char)
                0x00000000c0017ea0                ACPI::registerPCIIRQAssignment(void*, unsigned short, unsigned char, unsigned char)
                0x00000000c0017f66                ACPI::setScreenBrightnessLevel(void*, int)
                0x00000000c0017f6c                ACPI::writeSimpleBootFlag(SimpleBootFlagTable*)
                0x00000000c0017fb4                ACPI::open(int, int, void*)
                0x00000000c00182fa                ACPI::sleep()
 .text          0x00000000c0018312     0x1715 hw/cpu.32
                0x00000000c0018312                CPU::close(int, int, void*)
                0x00000000c0018316                CPU::lookupAMDName(unsigned char, unsigned char)
                0x00000000c00184aa                CPU::lookupIntelName(unsigned char, unsigned char)
                0x00000000c0018758                CPU::AMD_K6_write_msr(unsigned int, unsigned int, unsigned int, CPU::REGS*)
                0x00000000c0018774                CPU::AMD_K6_read_msr(unsigned int, CPU::REGS*)
                0x00000000c001878c                CPU::AMD_K6_writeback(int, int, int)
                0x00000000c0018800                CPU::cpuid(int, unsigned long*, unsigned long*, unsigned long*, unsigned long*)
                0x00000000c0018884                CPU::cpuidCheckEDX(unsigned int)
                0x00000000c00188b2                CPU::cpuidCheckECX(unsigned int)
                0x00000000c00188e0                CPU::cpuidCheckExtendedEBX(unsigned int)
                0x00000000c001890e                CPU::cpuidCheckExtendedECX(unsigned int)
                0x00000000c001893c                CPU::CPU()
                0x00000000c001893c                CPU::CPU()
                0x00000000c00189ca                CPU::displayFeatures()
                0x00000000c0018c46                CPU::detectFeatures()
                0x00000000c0019636                CPU::setupSMEP()
                0x00000000c0019642                CPU::setupUMIP()
                0x00000000c001964c                CPU::setupTSC()
                0x00000000c0019656                CPU::setupLargePages()
                0x00000000c0019660                CPU::setupPAT()
                0x00000000c001969c                CPU::setupMTRR()
                0x00000000c001969e                CPU::setupGlobalPages()
                0x00000000c00196a8                CPU::allowUsermodeDataAccess()
                0x00000000c00196ba                CPU::prohibitUsermodeDataAccess()
                0x00000000c00196cc                CPU::setupSMAP()
                0x00000000c00196da                CPU::setupFeatures()
                0x00000000c001975a                CPU::open(int, int, void*)
                0x00000000c001982c                CPU::decodeAddress(regs*, int*, bool*, unsigned char*)
 .text          0x00000000c0019a27        0x0 hw/ports.32
 *fill*         0x00000000c0019a27        0x1 
 .text          0x00000000c0019a28      0x5d3 krnl/env.32
                0x00000000c0019a28                EnvVarContainer::getEnv(char const*)
                0x00000000c0019a66                EnvVarContainer::setEnv(char const*, char const*)
                0x00000000c0019b32                EnvVarContainer::deleteEnv(char const*)
                0x00000000c0019b34                EnvVarContainer::loadFrom(char const*, char const*)
                0x00000000c0019d2a                EnvVarContainer::__loadSystem()
                0x00000000c0019d44                EnvVarContainer::__loadUser()
                0x00000000c0019d46                EnvVarContainer::EnvVarContainer(Process*)
                0x00000000c0019d46                EnvVarContainer::EnvVarContainer(Process*)
                0x00000000c0019d68                EnvVarContainer::~EnvVarContainer()
                0x00000000c0019d68                EnvVarContainer::~EnvVarContainer()
                0x00000000c0019d98                Krnl::getEnv(Process*, char const*)
                0x00000000c0019dfd                Krnl::setEnvSystem(char const*, char const*)
                0x00000000c0019e17                Krnl::setEnvUser(char const*, char const*)
                0x00000000c0019e36                Krnl::setEnvProcess(Process*, char const*, char const*)
                0x00000000c0019e49                Krnl::deleteEnvSystem(char const*)
                0x00000000c0019e4a                Krnl::deleteEnvUser(char const*)
                0x00000000c0019e4b                Krnl::deleteEnvProcess(Process*, char const*)
                0x00000000c0019e4c                Krnl::newProcessEnv(Process*)
                0x00000000c0019e6e                Krnl::copyProcessEnv(Process*, Process*)
                0x00000000c0019ec2                Krnl::loadSystemEnv()
                0x00000000c0019ef0                Krnl::loadUserEnv()
                0x00000000c0019f16                Krnl::flushEnv()
                0x00000000c0019f17                Krnl::getProcessTotalEnvCount(Process*)
                0x00000000c0019f37                Krnl::getProcessEnvPair(Process*, int)
 .text          0x00000000c0019ffb      0x396 krnl/panic.32
                0x00000000c0019ffb                Krnl::panic(char const*)
 .text          0x00000000c001a391      0x3b6 net/ethernet.32
                0x00000000c001a391                Net::switchEndian16(unsigned short)
                0x00000000c001a3b2                Net::switchEndian32(unsigned int)
                0x00000000c001a3e1                Net::crc32Calc(unsigned char*, int)
                0x00000000c001a472                Net::wrapEthernetFrame(Net::UnwrappedEthernetFrame, unsigned char*)
                0x00000000c001a5ae                Net::unwrapEthernetFrame(unsigned char*, int)
 .text          0x00000000c001a747      0x513 reg/registry.32
                0x00000000c001a747                Reg::findLineFromLoadedData(char*, char*, char*)
                0x00000000c001a89f                Reg::getLineFromRegistry(char*, char*, char*, char*)
                0x00000000c001a9f4                Reg::getLine(char*, char*, char*)
                0x00000000c001aa2b                Reg::readInt(char*, char*, int*)
                0x00000000c001ab16                Reg::readString(char*, char*, char*, int)
                0x00000000c001ab97                Reg::readBool(char*, char*, bool*)
                0x00000000c001abbc                Reg::readBoolWithDefault(char*, char*, bool)
                0x00000000c001abe8                Reg::readIntWithDefault(char*, char*, int)
                0x00000000c001ac14                Reg::readStringWithDefault(char*, char*, char*, int, char*)
 .text          0x00000000c001ac5a       0x36 sys/sc_eject.32
                0x00000000c001ac5a                Sys::eject(regs*)
 .text          0x00000000c001ac90       0x18 sys/sc_exit.32
                0x00000000c001ac90                Sys::exit(regs*)
 .text          0x00000000c001aca8       0x1f sys/sc_getcwd.32
                0x00000000c001aca8                Sys::getCwd(regs*)
 .text          0x00000000c001acc7        0xc sys/sc_getpid.32
                0x00000000c001acc7                Sys::getPID(regs*)
 .text          0x00000000c001acd3       0xa8 sys/sc_loaddll.32
                0x00000000c001acd3                Sys::loadDLL(regs*)
 .text          0x00000000c001ad7b       0x68 sys/sc_read.32
                0x00000000c001ad7b                Sys::read(regs*)
 .text          0x00000000c001ade3       0x55 sys/sc_sbrk.32
                0x00000000c001ade3                Sys::sbrk(regs*)
 .text          0x00000000c001ae38       0x1c sys/sc_setcwd.32
                0x00000000c001ae38                Sys::setCwd(regs*)
 .text          0x00000000c001ae54      0x128 sys/sc_settime.32
                0x00000000c001ae54                Sys::setTime(regs*)
 .text          0x00000000c001af7c       0x4a sys/sc_timezone.32
                0x00000000c001af7c                Sys::timezone(regs*)
 .text          0x00000000c001afc6       0x68 sys/sc_write.32
                0x00000000c001afc6                Sys::write(regs*)
 .text          0x00000000c001b02e       0x3b sys/sc_yield.32
                0x00000000c001b02e                Sys::yield(regs*)
 .text          0x00000000c001b069     0x1028 sys/syscalls.32
                0x00000000c001b069                sysCallSeekDir(regs*)
                0x00000000c001b06e                sysCallTellDir(regs*)
                0x00000000c001b073                sysCallVerify(regs*)
                0x00000000c001b07d                sysCallGetArgc(regs*)
                0x00000000c001b08d                sysFormatDisk(regs*)
                0x00000000c001b0f7                sysSetDiskVolumeLabel(regs*)
                0x00000000c001b13d                sysGetDiskVolumeLabel(regs*)
                0x00000000c001b18e                sysShutdown(regs*)
                0x00000000c001b1ec                sysCallRealpath(regs*)
                0x00000000c001b22f                sysCallReadDir(regs*)
                0x00000000c001b2bd                sysCallIsATTY(regs*)
                0x00000000c001b317                sysCallSeek(regs*)
                0x00000000c001b380                sysCallTell(regs*)
                0x00000000c001b3fd                sysCallSize(regs*)
                0x00000000c001b480                sysCallSizeFromFilename(regs*)
                0x00000000c001b540                sysCallClose(regs*)
                0x00000000c001b5c8                sysCallOpenDir(regs*)
                0x00000000c001b63d                sysCallCloseDir(regs*)
                0x00000000c001b6a3                sysCallMakeDir(regs*)
                0x00000000c001b713                sysCallWait(regs*)
                0x00000000c001b72d                sysCallNotImpl(regs*)
                0x00000000c001b748                sysPanic(regs*)
                0x00000000c001b76e                sysCallRmdir(regs*)
                0x00000000c001b7d2                sysCallUnlink(regs*)
                0x00000000c001b836                sysCallGetArgv(regs*)
                0x00000000c001b882                sysCallTTYName(regs*)
                0x00000000c001b905                sysCallUSleep(regs*)
                0x00000000c001b92c                sysCallSpawn(regs*)
                0x00000000c001b984                sysCallGetEnv(regs*)
                0x00000000c001ba31                sysAppSettings(regs*)
                0x00000000c001bb50                sysSetFatAttrib(regs*)
                0x00000000c001bbc2                sysPipe(regs*)
                0x00000000c001bc07                sysGetUnixTime(regs*)
                0x00000000c001bc1b                string_ends_with(char const*, char const*)
                0x00000000c001bc63                sysCallOpen(regs*)
                0x00000000c001be78                Sys::loadSyscalls()
                0x00000000c001c04f                Sys::systemCall(regs*, void*)
 .text          0x00000000c001c091     0x118b thr/elf.32
                0x00000000c001c091                Thr::allocateMemoryForTask(Process*, File*, unsigned long, unsigned long, unsigned long)
                0x00000000c001c30e                Thr::loadProgramIntoMemory(Process*, char const*)
                0x00000000c001c524                Thr::runtimeReferenceHelper()
                0x00000000c001c537                Thr::getAddressOfKernelSymbol(char const*)
                0x00000000c001c586                Thr::loadKernelSymbolTable(char const*)
                0x00000000c001c844                Thr::loadDriverIntoMemory(char const*, unsigned long, bool)
                0x00000000c001cf60                Thr::getDriverBaseFromAddress(unsigned long)
                0x00000000c001cf92                Thr::getDriverNameFromAddress(unsigned long)
                0x00000000c001cfc9                Thr::getDriverOffsetFromAddress(unsigned long)
                0x00000000c001cfe3                Thr::loadDLL(char const*, bool)
                0x00000000c001d1f2                Thr::executeDLL(unsigned long, void*)
 .text          0x00000000c001d21c     0x1056 thr/prcssthr.32
                0x00000000c001d21c                changeTSS
                0x00000000c001d24c                Process::addArgs(char**)
                0x00000000c001d2a6                Process::Process(char const*, Process*, char**)
                0x00000000c001d2a6                Process::Process(char const*, Process*, char**)
                0x00000000c001d48a                Process::Process(bool, char const*, Process*, char**)
                0x00000000c001d48a                Process::Process(bool, char const*, Process*, char**)
                0x00000000c001d639                disableIRQs()
                0x00000000c001d641                getIRQNestingLevel()
                0x00000000c001d647                enableIRQs()
                0x00000000c001d656                lockScheduler()
                0x00000000c001d658                unlockScheduler()
                0x00000000c001d65a                userModeEntryPoint(void*)
                0x00000000c001d67d                lockStuff()
                0x00000000c001d689                taskStartupFunction
                0x00000000c001d692                updateTimeUsed()
                0x00000000c001d6f7                switchToThread(ThreadControlBlock*)
                0x00000000c001d748                Semaphore::Semaphore(int)
                0x00000000c001d748                Semaphore::Semaphore(int)
                0x00000000c001d776                Mutex::Mutex()
                0x00000000c001d776                Mutex::Mutex()
                0x00000000c001d788                Process::createThread(void (*)(void*), void*, int)
                0x00000000c001d86c                Process::createUserThread()
                0x00000000c001d888                setupMultitasking(void (*)())
                0x00000000c001d992                schedule()
                0x00000000c001da17                unlockStuff()
                0x00000000c001da4c                Semaphore::tryAcquire()
                0x00000000c001da7a                Semaphore::assertLocked(char const*)
                0x00000000c001daaa                blockTaskWithSchedulerLockAlreadyHeld(TaskState)
                0x00000000c001daec                blockTask(TaskState)
                0x00000000c001db0d                waitTask(int, int*, int)
                0x00000000c001db4f                nanoSleepUntil(unsigned long long)
                0x00000000c001dba6                nanoSleep(unsigned long long)
                0x00000000c001dbbb                sleep(unsigned long long)
                0x00000000c001dbd8                Semaphore::acquire()
                0x00000000c001dc40                taskReturned
                0x00000000c001dc6e                unblockTask(ThreadControlBlock*)
                0x00000000c001dd1d                cleanupTerminatedTask(ThreadControlBlock*)
                0x00000000c001dfe6                cleanerTaskFunction(void*)
                0x00000000c001e099                terminateTask(int)
                0x00000000c001e179                Thr::terminateFromIRQ(int)
                0x00000000c001e186                Semaphore::release()
 .text          0x00000000c001e272      0xc26 vm86/vm8086.32
                0x00000000c001e272                Vm::inbv(unsigned short)
                0x00000000c001e285                Vm::outbv(unsigned short, unsigned char)
                0x00000000c001e2d8                Vm::realToLinear(unsigned short, unsigned short)
                0x00000000c001e2e8                Vm::getSegment(unsigned int)
                0x00000000c001e2f0                Vm::getOffset(unsigned int)
                0x00000000c001e2f5                Vm::mainloop2()
                0x00000000c001e330                Vm::mainVm8086Loop(void*)
                0x00000000c001e33d                Vm::mainloop3(unsigned long)
                0x00000000c001e367                Vm::initialise8086()
                0x00000000c001e3aa                Vm::finish8086()
                0x00000000c001e3ef                Vm::getOutput8086(unsigned char*)
                0x00000000c001e419                Vm::start8086(char const*, unsigned short, unsigned short, unsigned short, unsigned short)
                0x00000000c001e569                Vm::doISR(regs*, int, unsigned char*, unsigned short, unsigned short)
                0x00000000c001e5f3                Vm::readByteFromReal(unsigned short, unsigned short)
                0x00000000c001e604                Vm::readWordFromReal(unsigned short, unsigned short)
                0x00000000c001e616                Vm::readDwordFromReal(unsigned short, unsigned short)
                0x00000000c001e627                Vm::writeByteFromReal(unsigned short, unsigned short, unsigned char)
                0x00000000c001e63c                Vm::writeWordFromReal(unsigned short, unsigned short, unsigned short)
                0x00000000c001e652                Vm::writeDwordFromReal(unsigned short, unsigned short, unsigned int)
                0x00000000c001e667                Vm::faultHandler(regs*)
 .text          0x00000000c001ee98      0xefd vm86/x87em.32
                0x00000000c001ee98                Vm::fpuInternalTo32(unsigned long long)
                0x00000000c001eef3                Vm::fpuInternalTo64(unsigned long long)
                0x00000000c001eefc                Vm::fpu32ToInternal(unsigned int)
                0x00000000c001ef41                Vm::fpu64ToInternal(unsigned long long)
                0x00000000c001ef4a                Vm::fpuFloatToLong(unsigned long long)
                0x00000000c001efa5                Vm::fpuULongToFloat(unsigned long long)
                0x00000000c001efdb                Vm::fpuLongToFloat(long long)
                0x00000000c001f031                Vm::fpuGet0()
                0x00000000c001f036                Vm::fpuGet1()
                0x00000000c001f03e                Vm::fpuGetPi()
                0x00000000c001f046                Vm::fpuGetLog2E()
                0x00000000c001f05e                Vm::fpuGetLogE2()
                0x00000000c001f076                Vm::fpuGetLog210()
                0x00000000c001f08e                Vm::fpuGetLog102()
                0x00000000c001f0a6                Vm::fpuIsSecondLarger(unsigned long long, unsigned long long)
                0x00000000c001f0ba                Vm::fpuAreEqual(unsigned long long, unsigned long long)
                0x00000000c001f0d0                Vm::fpuUnorderedCompare(unsigned long long, unsigned long long)
                0x00000000c001f123                Vm::fpuAdd(unsigned long long, unsigned long long)
                0x00000000c001f134                Vm::fpuAbs(unsigned long long)
                0x00000000c001f13d                Vm::fpuChs(unsigned long long)
                0x00000000c001f14d                Vm::fpuSub(unsigned long long, unsigned long long)
                0x00000000c001f15c                Vm::fpuMultiply(unsigned long long, unsigned long long)
                0x00000000c001f17b                Vm::fpuDivide(unsigned long long, unsigned long long)
                0x00000000c001f197                Vm::fpuSquare(unsigned long long)
                0x00000000c001f1ad                Vm::fpuGetReg(int)
                0x00000000c001f1f0                Vm::fpuSetReg(int, unsigned long long)
                0x00000000c001f23b                Vm::fpuPush(unsigned long long)
                0x00000000c001f298                Vm::fpuPop()
                0x00000000c001f2ea                Vm::x87Handler(regs*)
 *fill*         0x00000000c001fd95        0x1 
 .text          0x00000000c001fd96     0x10ed fs/fat/vfslink.32
                0x00000000c001fd96                FAT::getName()
                0x00000000c001fd9c                FAT::tell(void*, unsigned long long*)
                0x00000000c001fdd0                FAT::stat(void*, unsigned long long*)
                0x00000000c001fe04                FAT::~FAT()
                0x00000000c001fe04                FAT::~FAT()
                0x00000000c001fe28                FAT::~FAT()
                0x00000000c001fe50                FAT::getlabel(LogicalDisk*, int, char*, unsigned int*)
                0x00000000c001feee                FAT::setlabel(LogicalDisk*, int, char*)
                0x00000000c001ffa8                FAT::format(LogicalDisk*, int, char const*, int)
                0x00000000c002018c                FAT::tryMount(LogicalDisk*, int)
                0x00000000c0020392                FAT::readDir(void*, unsigned long, void*, int*)
                0x00000000c0020498                FAT::read(void*, unsigned long, void*, int*)
                0x00000000c00204f2                FAT::write(void*, unsigned long, void*, int*)
                0x00000000c002054c                FAT::close(void*)
                0x00000000c0020598                FAT::closeDir(void*)
                0x00000000c00205e4                FAT::seek(void*, unsigned long long)
                0x00000000c0020638                fatWrapperReadDisk
                0x00000000c002067f                fatWrapperWriteDisk
                0x00000000c00206c6                fatWrapperIoctl
                0x00000000c00207ca                FAT::FAT()
                0x00000000c00207ca                FAT::FAT()
                0x00000000c002081c                FAT::fixFilepath(char*)
                0x00000000c0020854                FAT::open(char const*, void**, FileOpenMode)
                0x00000000c002097c                FAT::openDir(char const*, void**)
                0x00000000c0020a22                FAT::stat(char const*, unsigned long long*, bool*)
                0x00000000c0020b0c                FAT::unlink(char const*)
                0x00000000c0020b86                FAT::chfatattr(char const*, unsigned char, unsigned char)
                0x00000000c0020cda                FAT::rename(char const*, char const*)
                0x00000000c0020d9e                FAT::mkdir(char const*)
                0x00000000c0020e18                FAT::exists(char const*)
 *fill*         0x00000000c0020e83        0x1 
 .text          0x00000000c0020e84      0xbc1 fs/iso9660/vfslink.32
                0x00000000c0020e84                ISO9660::format(LogicalDisk*, int, char const*, int)
                0x00000000c0020e8a                ISO9660::seek(void*, unsigned long long)
                0x00000000c0020eba                ISO9660::tell(void*, unsigned long long*)
                0x00000000c0020ede                ISO9660::getName()
                0x00000000c0020ee4                ISO9660::stat(void*, unsigned long long*)
                0x00000000c0020f08                ISO9660::chfatattr(char const*, unsigned char, unsigned char)
                0x00000000c0020f0e                ISO9660::unlink(char const*)
                0x00000000c0020f14                ISO9660::write(void*, unsigned long, void*, int*)
                0x00000000c0020f1a                ISO9660::rename(char const*, char const*)
                0x00000000c0020f20                ISO9660::mkdir(char const*)
                0x00000000c0020f26                ISO9660::close(void*)
                0x00000000c0020f48                ISO9660::closeDir(void*)
                0x00000000c0020f6a                ISO9660::~ISO9660()
                0x00000000c0020f6a                ISO9660::~ISO9660()
                0x00000000c0020f8e                ISO9660::~ISO9660()
                0x00000000c0020fb5                __memmem(unsigned char*, int, unsigned char*, int)
                0x00000000c0020ff7                readSectorFromCDROM(unsigned int, unsigned char*, char)
                0x00000000c002105e                ISO9660::tryMount(LogicalDisk*, int)
                0x00000000c00210ae                ISO9660::read(void*, unsigned long, void*, int*)
                0x00000000c00212ae                ISO9660::readDir(void*, unsigned long, void*, int*)
                0x00000000c002153b                readRoot(unsigned int*, unsigned int*, char)
                0x00000000c0021590                readRecursively(char*, unsigned int, unsigned int, unsigned int*, unsigned int*, char, int*)
                0x00000000c0021763                getFileData(char*, unsigned int*, unsigned int*, char, int*)
                0x00000000c00217f2                ISO9660::open(char const*, void**, FileOpenMode)
                0x00000000c00218b2                ISO9660::exists(char const*)
                0x00000000c00218d6                ISO9660::stat(char const*, unsigned long long*, bool*)
                0x00000000c002196a                ISO9660::openDir(char const*, void**)
                0x00000000c0021a22                ISO9660::ISO9660()
                0x00000000c0021a22                ISO9660::ISO9660()
 *fill*         0x00000000c0021a45        0x1 
 .text          0x00000000c0021a46      0x326 hal/sound/sndchannel.32
                0x00000000c0021a46                SoundChannel::~SoundChannel()
                0x00000000c0021a46                SoundChannel::~SoundChannel()
                0x00000000c0021a62                SoundChannel::setSpeed(float)
                0x00000000c0021a6e                SoundChannel::getSpeed()
                0x00000000c0021a76                SoundChannel::setVolume(int)
                0x00000000c0021a92                SoundChannel::getVolume()
                0x00000000c0021a9a                SoundChannel::pause()
                0x00000000c0021aa4                SoundChannel::SoundChannel(int, int, int, int)
                0x00000000c0021aa4                SoundChannel::SoundChannel(int, int, int, int)
                0x00000000c0021bfa                SoundChannel::play()
                0x00000000c0021c04                SoundChannel::paused()
                0x00000000c0021c0c                SoundChannel::getSampleRate()
                0x00000000c0021c14                SoundChannel::getBits()
                0x00000000c0021c1c                SoundChannel::getBufferUsed()
                0x00000000c0021c24                SoundChannel::getBufferSize()
                0x00000000c0021c2c                SoundChannel::unbuffer(float*, int, int)
                0x00000000c0021ccc                SoundChannel::buffer8(unsigned char*, int)
 .text          0x00000000c0021d6c      0x3d5 hal/sound/sndhw.32
                0x00000000c0021d6c                SoundDevice::SoundDevice(char const*)
                0x00000000c0021d6c                SoundDevice::SoundDevice(char const*)
                0x00000000c0021dd8                SoundDevice::~SoundDevice()
                0x00000000c0021dd8                SoundDevice::~SoundDevice()
                0x00000000c0021e52                SoundDevice::~SoundDevice()
                0x00000000c0021e7c                SoundDevice::getFreeChannelNum()
                0x00000000c0021e96                SoundDevice::addChannel(SoundChannel*)
                0x00000000c0021f06                SoundDevice::removeChannel(int)
                0x00000000c0021f38                SoundDevice::floatTo8(float*, unsigned char*, int)
                0x00000000c0022020                SoundDevice::getAudio(int, float*, float*)
 .text          0x00000000c0022141        0x0 hw/bus/isa.32
 *fill*         0x00000000c0022141        0x1 
 .text          0x00000000c0022142      0x6c3 hw/bus/pci.32
                0x00000000c0022142                PCI::open(int, int, void*)
                0x00000000c0022156                PCI::close(int, int, void*)
                0x00000000c002215a                PCI::PCI()
                0x00000000c002215a                PCI::PCI()
                0x00000000c00221da                PCI::pciReadWord(unsigned char, unsigned char, unsigned char, unsigned char)
                0x00000000c0022222                PCI::getVendorID(unsigned char, unsigned char, unsigned char)
                0x00000000c0022244                PCI::getHeaderType(unsigned char, unsigned char, unsigned char)
                0x00000000c0022268                PCI::getClassCode(unsigned char, unsigned char, unsigned char)
                0x00000000c00222ac                PCI::getProgIF(unsigned char, unsigned char, unsigned char)
                0x00000000c00222d0                PCI::getRevisionID(unsigned char, unsigned char, unsigned char)
                0x00000000c00222f2                PCI::getInterruptNumber(unsigned char, unsigned char, unsigned char)
                0x00000000c0022314                PCI::getSecondaryBus(unsigned char, unsigned char, unsigned char)
                0x00000000c0022338                PCI::getBARAddress(unsigned char, unsigned char, unsigned char, unsigned char)
                0x00000000c0022398                PCI::pciWriteWord(unsigned char, unsigned char, unsigned char, unsigned char, unsigned short)
                0x00000000c0022404                PCI::checkBus(unsigned char)
                0x00000000c0022428                PCI::foundDevice(PCIDeviceInfo)
                0x00000000c002259a                PCI::getDeviceData(unsigned char, unsigned char, unsigned char)
                0x00000000c0022746                PCI::checkDevice(unsigned char, unsigned char)
                0x00000000c00227b2                PCI::detect()
 *fill*         0x00000000c0022805        0x1 
 .text          0x00000000c0022806      0xc70 hw/diskctrl/ide.32
                0x00000000c0022806                IDE::close(int, int, void*)
                0x00000000c002280a                IDE::IDE()
                0x00000000c002280a                IDE::IDE()
                0x00000000c002283e                IDE::prepareInterrupt(unsigned char)
                0x00000000c0022850                selectDrive(unsigned char, unsigned char)
                0x00000000c0022852                IDE::getBase(unsigned char)
                0x00000000c0022864                IDE::write(unsigned char, unsigned char, unsigned char)
                0x00000000c0022924                IDE::read(unsigned char, unsigned char)
                0x00000000c00229d2                IDE::waitInterrupt(unsigned char)
                0x00000000c0022a38                ideChannel0IRQHandler(regs*, void*)
                0x00000000c0022a54                ideChannel1IRQHandler(regs*, void*)
                0x00000000c0022a70                IDE::enableIRQs(unsigned char, bool)
                0x00000000c0022ab6                IDE::open(int, int, void*)
                0x00000000c0022ec6                IDE::readBuffer(unsigned char, unsigned char, unsigned int, unsigned int)
                0x00000000c0022f92                IDE::detect()
                0x00000000c002327a                IDE::printError(unsigned char, unsigned char, unsigned char)
                0x00000000c0023410                IDE::polling(unsigned char, unsigned int)
 .text          0x00000000c0023476      0x390 hw/diskctrl/satabus.32
                0x00000000c0023476                SATABus::close(int, int, void*)
                0x00000000c002347a                SATABus::detect()
                0x00000000c002347c                SATABus::SATABus()
                0x00000000c002347c                SATABus::SATABus()
                0x00000000c0023528                SATABus::findCmdslot(SATABus::tagHBA_PORT volatile*)
                0x00000000c0023570                SATABus::checkType(SATABus::tagHBA_PORT volatile*)
                0x00000000c00235b8                SATABus::startCmd(SATABus::tagHBA_PORT volatile*)
                0x00000000c00235d8                SATABus::stopCmd(SATABus::tagHBA_PORT volatile*)
                0x00000000c0023602                SATABus::portRebase(SATABus::tagHBA_PORT volatile*, int)
                0x00000000c0023708                SATABus::probePort(SATABus::tagHBA_MEM volatile*)
                0x00000000c00237e6                SATABus::open(int, int, void*)
 .text          0x00000000c0023806      0x63c hw/diskphys/ata.32
                0x00000000c0023806                ATA::close(int, int, void*)
                0x00000000c002382a                ATA::powerSaving(PowerSavingLevel)
                0x00000000c002382c                ATA::ATA()
                0x00000000c002382c                ATA::ATA()
                0x00000000c002385a                ATA::flush(bool)
                0x00000000c00238a4                ATA::readyForCommand()
                0x00000000c00238f4                ATA::access(unsigned long long, int, void*, bool)
                0x00000000c0023c7c                ATA::read(unsigned long long, int, void*)
                0x00000000c0023ce4                ATA::write(unsigned long long, int, void*)
                0x00000000c0023d4c                ATA::detectCHS()
                0x00000000c0023d76                ATA::open(int, int, void*)
 .text          0x00000000c0023e42      0x5bd hw/diskphys/atapi.32
                0x00000000c0023e42                ATAPI::write(unsigned long long, int, void*)
                0x00000000c0023e48                ATAPI::close(int, int, void*)
                0x00000000c0023e6c                ATAPI::ATAPI()
                0x00000000c0023e6c                ATAPI::ATAPI()
                0x00000000c0023e9a                ATAPI::readyForCommand()
                0x00000000c0023eea                ATAPI::sendPacket(unsigned char*, int, bool, unsigned short*, int)
                0x00000000c00241aa                ATAPI::diskRemoved()
                0x00000000c00241c6                ATAPI::eject()
                0x00000000c002420e                ATAPI::diskInserted()
                0x00000000c002423c                ATAPI::detectMedia()
                0x00000000c00242f8                ATAPI::open(int, int, void*)
                0x00000000c0024380                ATAPI::read(unsigned long long, int, void*)
 *fill*         0x00000000c00243ff        0x1 
 .text          0x00000000c0024400      0x482 hw/diskphys/sata.32
                0x00000000c0024400                SATA::close(int, int, void*)
                0x00000000c0024424                SATA::powerSaving(PowerSavingLevel)
                0x00000000c0024426                SATA::open(int, int, void*)
                0x00000000c00244d4                SATA::SATA()
                0x00000000c00244d4                SATA::SATA()
                0x00000000c0024502                SATA::access(unsigned long long, int, void*, bool)
                0x00000000c00247b2                SATA::read(unsigned long long, int, void*)
                0x00000000c002481a                SATA::write(unsigned long long, int, void*)
 .text          0x00000000c0024882      0x500 hw/diskphys/satapi.32
                0x00000000c0024882                SATAPI::write(unsigned long long, int, void*)
                0x00000000c0024888                SATAPI::close(int, int, void*)
                0x00000000c00248ac                SATAPI::SATAPI()
                0x00000000c00248ac                SATAPI::SATAPI()
                0x00000000c00248da                SATAPI::diskRemoved()
                0x00000000c00248f6                SATAPI::diskInserted()
                0x00000000c0024924                SATAPI::sendPacket(unsigned char*, int, unsigned long long, unsigned short*, int)
                0x00000000c0024b28                SATAPI::eject()
                0x00000000c0024b70                SATAPI::detectMedia()
                0x00000000c0024c32                SATAPI::open(int, int, void*)
                0x00000000c0024ce0                SATAPI::read(unsigned long long, int, void*)
 .text          0x00000000c0024d82       0x8e hw/fpu/avx.32
                0x00000000c0024d82                AVX::open(int, int, void*)
                0x00000000c0024d94                AVX::close(int, int, void*)
                0x00000000c0024da6                AVX::available()
                0x00000000c0024db8                AVX::save(void*)
                0x00000000c0024dd0                AVX::load(void*)
                0x00000000c0024de8                AVX::AVX()
                0x00000000c0024de8                AVX::AVX()
 .text          0x00000000c0024e10       0x90 hw/fpu/mmx.32
                0x00000000c0024e10                MMX::available()
                0x00000000c0024e24                MMX::open(int, int, void*)
                0x00000000c0024e36                MMX::close(int, int, void*)
                0x00000000c0024e48                MMX::save(void*)
                0x00000000c0024e60                MMX::load(void*)
                0x00000000c0024e78                MMX::MMX()
                0x00000000c0024e78                MMX::MMX()
 .text          0x00000000c0024ea0       0x96 hw/fpu/sse.32
                0x00000000c0024ea0                SSE::open(int, int, void*)
                0x00000000c0024eb2                SSE::close(int, int, void*)
                0x00000000c0024ec4                SSE::available()
                0x00000000c0024ede                SSE::save(void*)
                0x00000000c0024ef6                SSE::load(void*)
                0x00000000c0024f0e                SSE::SSE()
                0x00000000c0024f0e                SSE::SSE()
 .text          0x00000000c0024f36       0x8e hw/fpu/x87.32
                0x00000000c0024f36                x87::open(int, int, void*)
                0x00000000c0024f48                x87::close(int, int, void*)
                0x00000000c0024f5a                x87::available()
                0x00000000c0024f6c                x87::save(void*)
                0x00000000c0024f84                x87::load(void*)
                0x00000000c0024f9c                x87::x87()
                0x00000000c0024f9c                x87::x87()
 .text          0x00000000c0024fc4      0x71e hw/intctrl/apic.32
                0x00000000c0024fc4                APIC::disable()
                0x00000000c0024fc6                APIC::close(int, int, void*)
                0x00000000c0024fe8                IOAPIC::close(int, int, void*)
                0x00000000c0024fee                APIC::io_wait()
                0x00000000c0024ff4                APIC::getBase()
                0x00000000c0025036                APIC::eoi(unsigned char)
                0x00000000c0025064                APIC::open(int, int, void*)
                0x00000000c00251b2                IOAPIC::IOAPIC()
                0x00000000c00251b2                IOAPIC::IOAPIC()
                0x00000000c00251da                APIC::APIC()
                0x00000000c00251da                APIC::APIC()
                0x00000000c00252b6                IOAPIC::handlesGSIWithNumber(unsigned int)
                0x00000000c00252e8                IOAPIC::read(int)
                0x00000000c0025310                IOAPIC::open(int, int, void*)
                0x00000000c0025406                IOAPIC::write(int, int)
                0x00000000c0025432                IOAPIC::redirect(unsigned char, unsigned long long, unsigned char, bool, bool)
                0x00000000c002552c                APIC::installIRQHandler(int, void (*)(regs*, void*), bool, void*)
 .text          0x00000000c00256e2      0x3d3 hw/intctrl/pic.32
                0x00000000c00256e2                PIC::disable()
                0x00000000c0025710                PIC::close(int, int, void*)
                0x00000000c0025732                PIC::PIC()
                0x00000000c0025732                PIC::PIC()
                0x00000000c0025808                PIC::ioWait()
                0x00000000c002580e                PIC::getIRQReg(int)
                0x00000000c0025878                PIC::eoi(unsigned char)
                0x00000000c002590a                PIC::remap()
                0x00000000c0025a76                PIC::open(int, int, void*)
 *fill*         0x00000000c0025ab5        0x1 
 .text          0x00000000c0025ab6      0x25e hw/timer/apictimer.32
                0x00000000c0025ab6                APICTimer::close(int, int, void*)
                0x00000000c0025abc                apicTimerHandler(regs*, void*)
                0x00000000c0025aea                APICTimer::write(int)
                0x00000000c0025bee                APICTimer::open(int, int, void*)
                0x00000000c0025cec                APICTimer::APICTimer()
                0x00000000c0025cec                APICTimer::APICTimer()
 .text          0x00000000c0025d14      0x1a7 hw/timer/pit.32
                0x00000000c0025d14                PIT::write(int)
                0x00000000c0025d92                pitHandler(regs*, void*)
                0x00000000c0025dbe                PIT::open(int, int, void*)
                0x00000000c0025e0c                PIT::close(int, int, void*)
                0x00000000c0025e3c                PIT::PIT()
                0x00000000c0025e3c                PIT::PIT()
 *fill*         0x00000000c0025ebb        0x5 
 .text          0x00000000c0025ec0       0x1e hw/fpu/x86/avx.32
                0x00000000c0025ec0                avxDetect
                0x00000000c0025ec6                avxSave
                0x00000000c0025ec7                avxLoad
                0x00000000c0025ec8                avxInit
                0x00000000c0025ec9                avxClose
                0x00000000c0025eca                wouldSheSayYes
 *fill*         0x00000000c0025ede        0x2 
 .text          0x00000000c0025ee0       0x35 hw/fpu/x86/sse.32
                0x00000000c0025ee0                absolutelyNoChanceInHell
                0x00000000c0025ee0                sseDetect
                0x00000000c0025ef8                sseSave
                0x00000000c0025efe                sseLoad
                0x00000000c0025f04                sseInit
                0x00000000c0025f14                sseClose
 *fill*         0x00000000c0025f15        0xb 
 .text          0x00000000c0025f20       0x47 hw/fpu/x86/x87.32
                0x00000000c0025f26                x87Detect
                0x00000000c0025f41                x87Save
                0x00000000c0025f47                x87Load
                0x00000000c0025f4c                x87Init
                0x00000000c0025f66                x87Close
 *fill*         0x00000000c0025f67        0x1 
 .text          0x00000000c0025f68       0x25 /cygdrive/d/Users/Alex/Desktop/Toolchain/Output/bin/../lib/gcc/i386-banana/8.1.0/crtend.o
 .text          0x00000000c0025f8d        0x0 crtn.32
 *fill*         0x00000000c0025f8d        0x3 
 .text          0x00000000c0025f90      0x14b /cygdrive/d/Users/Alex/Desktop/Toolchain/Output/bin/../lib/gcc/i386-banana/8.1.0/libkgcc.a(_divdi3.o)
                0x00000000c0025f90                __divdi3
 *fill*         0x00000000c00260db        0x1 
 .text          0x00000000c00260dc      0x17e /cygdrive/d/Users/Alex/Desktop/Toolchain/Output/bin/../lib/gcc/i386-banana/8.1.0/libkgcc.a(_moddi3.o)
                0x00000000c00260dc                __moddi3
 *fill*         0x00000000c002625a        0x2 
 .text          0x00000000c002625c       0xff /cygdrive/d/Users/Alex/Desktop/Toolchain/Output/bin/../lib/gcc/i386-banana/8.1.0/libkgcc.a(_udivdi3.o)
                0x00000000c002625c                __udivdi3
 *fill*         0x00000000c002635b        0x1 
 .text          0x00000000c002635c      0x11a /cygdrive/d/Users/Alex/Desktop/Toolchain/Output/bin/../lib/gcc/i386-banana/8.1.0/libkgcc.a(_umoddi3.o)
                0x00000000c002635c                __umoddi3
 .text          0x00000000c0026476      0x96d D:/Users/Alex/Desktop/Banana/kernel/libsoftfp.a(sfieeelib.o)
                0x00000000c0026476                __addsf3
                0x00000000c0026778                __subsf3
                0x00000000c002678c                __negsf2
                0x00000000c0026799                __mulsf3
                0x00000000c002695c                __divsf3
                0x00000000c0026b87                __floatsisf
                0x00000000c0026bfb                __floatunsisf
                0x00000000c0026c3d                __fixsfsi
                0x00000000c0026c9f                __fixunssfsi
                0x00000000c0026cd0                __cmpsf2
                0x00000000c0026d65                __eqsf2
                0x00000000c0026da0                __nesf2
                0x00000000c0026da2                __gtsf2
                0x00000000c0026ddd                __gesf2
                0x00000000c0026ddf                __ltsf2
                0x00000000c0026de1                __lesf2
 .text          0x00000000c0026de3      0xf50 D:/Users/Alex/Desktop/Banana/kernel/libsoftfp.a(dfieeelib.o)
                0x00000000c0026de3                __adddf3
                0x00000000c0027434                __subdf3
                0x00000000c002744f                __negdf2
                0x00000000c0027460                __muldf3
                0x00000000c0027744                __divdf3
                0x00000000c0027ac3                __floatsidf
                0x00000000c0027b1e                __floatunsidf
                0x00000000c0027b5c                __fixdfsi
                0x00000000c0027bc9                __fixunsdfsi
                0x00000000c0027c05                __cmpdf2
                0x00000000c0027cf3                __eqdf2
                0x00000000c0027d0f                __nedf2
                0x00000000c0027d11                __gtdf2