Archive member included to satisfy reference by file (symbol)

/cygdrive/d/Users/Alex/Desktop/Toolchain/Output/bin/../lib/gcc/i386-banana/8.1.0/libkgcc.a(_divdi3.o)
                              fs/fat/ff.32 (__divdi3)
/cygdrive/d/Users/Alex/Desktop/Toolchain/Output/bin/../lib/gcc/i386-banana/8.1.0/libkgcc.a(_moddi3.o)
                              compat/resolve.32 (__moddi3)
/cygdrive/d/Users/Alex/Desktop/Toolchain/Output/bin/../lib/gcc/i386-banana/8.1.0/libkgcc.a(_udivdi3.o)
                              fs/fat/ff.32 (__udivdi3)
/cygdrive/d/Users/Alex/Desktop/Toolchain/Output/bin/../lib/gcc/i386-banana/8.1.0/libkgcc.a(_umoddi3.o)
                              compat/resolve.32 (__umoddi3)

Discarded input sections

 .comment       0x0000000000000000       0x12 /cygdrive/d/Users/Alex/Desktop/Toolchain/Output/bin/../lib/gcc/i386-banana/8.1.0/crtbegin.o
 .comment       0x0000000000000000       0x12 acpica/utclib.32
 .comment       0x0000000000000000       0x12 core/malloc.32
 .comment       0x0000000000000000       0x12 libk/string.32
 .comment       0x0000000000000000       0x12 fs/fat/diskio.32
 .comment       0x0000000000000000       0x12 fs/fat/ff.32
 .comment       0x0000000000000000       0x12 fs/fat/ffsystem.32
 .comment       0x0000000000000000       0x12 fs/fat/ffunicode.32
 .comment       0x0000000000000000       0x12 compat/inlines.32
 .comment       0x0000000000000000       0x12 compat/resolve.32
 .group         0x0000000000000000       0x14 core/computer.32
 .group         0x0000000000000000        0xc core/computer.32
 .comment       0x0000000000000000       0x12 core/computer.32
 .comment       0x0000000000000000       0x12 core/gdt.32
 .group         0x0000000000000000        0xc core/idle.32
 .comment       0x0000000000000000       0x12 core/idle.32
 .comment       0x0000000000000000       0x12 core/idt.32
 .comment       0x0000000000000000       0x12 core/kheap.32
 .comment       0x0000000000000000       0x12 core/main.32
 .comment       0x0000000000000000       0x12 core/physmgr.32
 .group         0x0000000000000000        0xc core/pipe.32
 .comment       0x0000000000000000       0x12 core/pipe.32
 .group         0x0000000000000000        0xc core/terminal.32
 .comment       0x0000000000000000       0x12 core/terminal.32
 .comment       0x0000000000000000       0x12 core/tss.32
 .group         0x0000000000000000        0x8 core/unixfile.32
 .group         0x0000000000000000        0x8 core/unixfile.32
 .group         0x0000000000000000        0xc core/unixfile.32
 .group         0x0000000000000000        0x8 core/unixfile.32
 .group         0x0000000000000000        0xc core/unixfile.32
 .group         0x0000000000000000        0x8 core/unixfile.32
 .group         0x0000000000000000        0xc core/unixfile.32
 .group         0x0000000000000000        0xc core/unixfile.32
 .comment       0x0000000000000000       0x12 core/unixfile.32
 .comment       0x0000000000000000       0x12 core/virtmgr.32
 .comment       0x0000000000000000       0x12 coreobjs/c++.32
 .comment       0x0000000000000000       0x12 dbg/kconsole.32
 .group         0x0000000000000000        0xc fs/vfs.32
 .group         0x0000000000000000        0xc fs/vfs.32
 .group         0x0000000000000000        0xc fs/vfs.32
 .comment       0x0000000000000000       0x12 fs/vfs.32
 .group         0x0000000000000000        0xc hal/bus.32
 .comment       0x0000000000000000       0x12 hal/bus.32
 .group         0x0000000000000000        0xc hal/buzzer.32
 .comment       0x0000000000000000       0x12 hal/buzzer.32
 .group         0x0000000000000000        0xc hal/clock.32
 .comment       0x0000000000000000       0x12 hal/clock.32
 .group         0x0000000000000000       0x14 hal/device.32
 .group         0x0000000000000000        0xc hal/device.32
 .group         0x0000000000000000        0x8 hal/device.32
 .group         0x0000000000000000        0xc hal/device.32
 .group         0x0000000000000000        0xc hal/device.32
 .comment       0x0000000000000000       0x12 hal/device.32
 .group         0x0000000000000000        0xc hal/diskctrl.32
 .comment       0x0000000000000000       0x12 hal/diskctrl.32
 .group         0x0000000000000000        0xc hal/diskphys.32
 .comment       0x0000000000000000       0x12 hal/diskphys.32
 .group         0x0000000000000000        0xc hal/fpu.32
 .comment       0x0000000000000000       0x12 hal/fpu.32
 .group         0x0000000000000000        0xc hal/intctrl.32
 .comment       0x0000000000000000       0x12 hal/intctrl.32
 .group         0x0000000000000000        0xc hal/keybrd.32
 .comment       0x0000000000000000       0x12 hal/keybrd.32
 .group         0x0000000000000000        0xc hal/logidisk.32
 .comment       0x0000000000000000       0x12 hal/logidisk.32
 .group         0x0000000000000000        0xc hal/mouse.32
 .comment       0x0000000000000000       0x12 hal/mouse.32
 .comment       0x0000000000000000       0x12 hal/partition.32
 .group         0x0000000000000000        0xc hal/serial.32
[...]
Memory Configuration

Name             Origin             Length             Attributes
*default*        0x0000000000000000 0xffffffffffffffff

Linker script and memory map

LOAD D:/Users/Alex/Desktop/Banana/kernel/boot.32
LOAD crti.32
LOAD /cygdrive/d/Users/Alex/Desktop/Toolchain/Output/bin/../lib/gcc/i386-banana/8.1.0/crtbegin.o
LOAD D:/Users/Alex/Desktop/Banana/kernel/morenasm.32
LOAD acpica/utclib.32
LOAD core/malloc.32
LOAD libk/string.32
LOAD fs/fat/diskio.32
LOAD fs/fat/ff.32
LOAD fs/fat/ffsystem.32
LOAD fs/fat/ffunicode.32
LOAD compat/inlines.32
LOAD compat/resolve.32
LOAD core/computer.32
LOAD core/gdt.32
LOAD core/idle.32
LOAD core/idt.32
LOAD core/kheap.32
LOAD core/main.32
LOAD core/physmgr.32
LOAD core/pipe.32
LOAD core/terminal.32
LOAD core/tss.32
LOAD core/unixfile.32
LOAD core/virtmgr.32
LOAD coreobjs/c++.32
LOAD dbg/kconsole.32
LOAD fs/vfs.32
LOAD hal/bus.32
LOAD hal/buzzer.32
LOAD hal/clock.32
LOAD hal/device.32
LOAD hal/diskctrl.32
LOAD hal/diskphys.32
LOAD hal/fpu.32
LOAD hal/intctrl.32
LOAD hal/keybrd.32
LOAD hal/logidisk.32
LOAD hal/mouse.32
LOAD hal/partition.32
LOAD hal/serial.32
LOAD hal/timer.32
LOAD hal/vcache.32
LOAD hal/video.32
LOAD hw/acpi.32
LOAD hw/cpu.32
LOAD hw/ports.32
LOAD hw/smp.32
LOAD krnl/env.32
LOAD krnl/panic.32
LOAD krnl/powctrl.32
LOAD net/ethernet.32
LOAD reg/registry.32
LOAD sys/sc_eject.32
LOAD sys/sc_exit.32
LOAD sys/sc_getcwd.32
LOAD sys/sc_getpid.32
LOAD sys/sc_getramdata.32
LOAD sys/sc_getvgaptr.32
LOAD sys/sc_loaddll.32
LOAD sys/sc_read.32
LOAD sys/sc_sbrk.32
LOAD sys/sc_setcwd.32
LOAD sys/sc_settime.32
LOAD sys/sc_timezone.32
LOAD sys/sc_write.32
LOAD sys/sc_wsbe.32
LOAD sys/sc_yield.32
LOAD sys/syscalls.32
LOAD thr/elf.32
LOAD thr/prcssthr.32
LOAD vm86/vm8086.32
LOAD vm86/x87em.32
LOAD fs/fat/vfslink.32
LOAD fs/iso9660/vfslink.32
LOAD hal/sound/sndcard.32
LOAD hal/sound/sndport.32
LOAD hw/bus/isa.32
LOAD hw/bus/pci.32
LOAD hw/diskctrl/ide.32
LOAD hw/diskctrl/satabus.32
LOAD hw/diskphys/ata.32
LOAD hw/diskphys/atapi.32
LOAD hw/diskphys/sata.32
LOAD hw/diskphys/satapi.32
LOAD hw/fpu/avx.32
LOAD hw/fpu/mmx.32
LOAD hw/fpu/sse.32
LOAD hw/fpu/x87.32
LOAD hw/intctrl/apic.32
LOAD hw/intctrl/pic.32
LOAD hw/timer/apictimer.32
LOAD hw/timer/pit.32
LOAD hw/fpu/x86/avx.32
LOAD hw/fpu/x86/sse.32
LOAD hw/fpu/x86/x87.32
LOAD /cygdrive/d/Users/Alex/Desktop/Toolchain/Output/bin/../lib/gcc/i386-banana/8.1.0/crtend.o
LOAD crtn.32
LOAD /cygdrive/d/Users/Alex/Desktop/Toolchain/Output/bin/../lib/gcc/i386-banana/8.1.0/libkgcc.a
LOAD D:/Users/Alex/Desktop/Banana/kernel/libsoftfp.a
LOAD D:/Users/Alex/Desktop/Banana/kernel/libk/libm32.a
                0x00000000c0000000                . = 0xc0000000

.text           0x00000000c0000000    0x2294e
 *(.text)
 .text          0x00000000c0000000       0x41 D:/Users/Alex/Desktop/Banana/kernel/boot.32
                0x00000000c0000020                callGlobalConstructors
 .text          0x00000000c0000041        0x0 crti.32
 *fill*         0x00000000c0000041        0x3 
 .text          0x00000000c0000044      0x101 /cygdrive/d/Users/Alex/Desktop/Toolchain/Output/bin/../lib/gcc/i386-banana/8.1.0/crtbegin.o
 *fill*         0x00000000c0000145        0xb 
 .text          0x00000000c0000150      0x430 D:/Users/Alex/Desktop/Banana/kernel/morenasm.32
                0x00000000c0000150                manualPCIProbe
                0x00000000c000019b                prepareTramp
                0x00000000c00001b4                doTPAUSE
                0x00000000c00001be                hasLegacyFPU
                0x00000000c00001e3                is486
                0x00000000c0000219                detectCPUID
                0x00000000c000022f                goToVM86
                0x00000000c000025f                goToUsermode
                0x00000000c0000289                switchToThreadASMFirstTime
                0x00000000c0000297                switchToThreadASM
                0x00000000c0000327                asmQuickAcquireLock
                0x00000000c0000345                asmQuickReleaseLock
                0x00000000c0000351                asmAcquireLock
                0x00000000c0000372                asmReleaseLock
                0x00000000c0000385                loadGDT
                0x00000000c00003a5                isr0
                0x00000000c00003b5                isr1
                0x00000000c00003bf                isr2
                0x00000000c00003c9                isr3
                0x00000000c00003d3                isr4
                0x00000000c00003dd                isr5
                0x00000000c00003e7                isr6
                0x00000000c00003f1                isr7
                0x00000000c00003fb                isr8
                0x00000000c0000403                isr9
                0x00000000c000040d                isr10
                0x00000000c0000415                isr11
                0x00000000c000041d                isr12
                0x00000000c0000425                isr13
                0x00000000c000042d                isr14
                0x00000000c0000435                isr15
                0x00000000c000043f                isr16
                0x00000000c0000449                isr17
                0x00000000c0000453                isr18
                0x00000000c000045d                irq3
                0x00000000c0000467                irq4
                0x00000000c0000471                irq5
                0x00000000c000047b                irq6
                0x00000000c0000485                irq7
                0x00000000c000048f                irq8
                0x00000000c0000499                irq9
                0x00000000c00004a3                irq10
                0x00000000c00004ad                irq11
                0x00000000c00004b7                irq12
                0x00000000c00004c1                irq13
                0x00000000c00004cb                irq14
                0x00000000c00004d5                irq15
                0x00000000c00004df                irq1
                0x00000000c00004e6                irq2
                0x00000000c00004ed                isr96
                0x00000000c00004f4                irq0
                0x00000000c00004f9                int_common_stub
                0x00000000c00004f9                syscall_common_stub
                0x00000000c000052b                irq16
                0x00000000c0000535                irq17
                0x00000000c000053f                irq18
                0x00000000c0000549                irq19
                0x00000000c0000553                irq20
                0x00000000c000055d                irq21
                0x00000000c0000567                irq22
                0x00000000c0000571                irq23
                0x00000000c000057b                memcpy
 .text          0x00000000c0000580      0x5dd acpica/utclib.32
                0x00000000c0000580                memcmp
                0x00000000c00005bc                memmove
                0x00000000c0000684                memset
                0x00000000c00006a0                strlen
                0x00000000c00006b8                strpbrk
                0x00000000c00006f4                strtok
                0x00000000c0000740                strcpy
                0x00000000c0000764                strncpy
                0x00000000c00007cc                strcmp
                0x00000000c000080c                strchr
                0x00000000c0000830                strncmp
                0x00000000c0000880                strcat
                0x00000000c00008b0                strncat
                0x00000000c00008ec                strstr
                0x00000000c0000934                toupper
                0x00000000c0000948                tolower
                0x00000000c000095c                simple_strtoul
 .text          0x00000000c0000b5d      0xfad core/malloc.32
                0x00000000c0000cc8                dlfree
                0x00000000c0001023                dlmalloc
                0x00000000c0001560                dlrealloc
                0x00000000c0001703                dlmemalign
                0x00000000c0001826                dlcalloc
                0x00000000c00018c0                dlcfree
                0x00000000c00018c5                dlindependent_calloc
                0x00000000c00018ea                dlindependent_comalloc
                0x00000000c0001901                dlvalloc
                0x00000000c000192c                dlpvalloc
                0x00000000c0001962                dlmalloc_trim
                0x00000000c000196f                dlmalloc_usable_size
                0x00000000c00019a0                dlmallinfo
                0x00000000c0001a6f                dlmalloc_stats
                0x00000000c0001a80                dlmallopt
 .text          0x00000000c0001b0a        0x0 libk/string.32
 .text          0x00000000c0001b0a       0x51 fs/fat/diskio.32
                0x00000000c0001b0a                disk_status
                0x00000000c0001b0d                disk_initialize
                0x00000000c0001b10                disk_read
                0x00000000c0001b26                disk_write
                0x00000000c0001b3c                disk_ioctl
 .text          0x00000000c0001b5b     0x6a69 fs/fat/ff.32
                0x00000000c0004e29                f_mount
                0x00000000c0004e8b                f_open
                0x00000000c00052c7                f_read
                0x00000000c0005547                f_write
                0x00000000c0005801                f_sync
                0x00000000c00059dd                f_close
                0x00000000c0005a0c                f_lseek
                0x00000000c0005ec3                f_opendir
                0x00000000c0005fc5                f_closedir
                0x00000000c0005fe7                f_readdir
                0x00000000c0006082                f_stat
                0x00000000c0006111                f_getfree
                0x00000000c00062dc                f_truncate
                0x00000000c00063d4                f_unlink
                0x00000000c0006557                f_mkdir
                0x00000000c0006783                f_rename
                0x00000000c0006a76                f_chmod
                0x00000000c0006b54                f_utime
                0x00000000c0006c32                f_getlabel
                0x00000000c0006e20                f_setlabel
                0x00000000c000708d                f_expand
                0x00000000c00072c3                f_forward
                0x00000000c00074a1                f_mkfs
 .text          0x00000000c00085c4       0x2f fs/fat/ffsystem.32
                0x00000000c00085c4                ff_memalloc
                0x00000000c00085dc                ff_memfree
 *fill*         0x00000000c00085f3        0x1 
 .text          0x00000000c00085f4      0x274 fs/fat/ffunicode.32
                0x00000000c00085f4                ff_uni2oem
                0x00000000c000868c                ff_oem2uni
                0x00000000c0008700                ff_wtoupper
 .text          0x00000000c0008868       0xa7 compat/inlines.32
                0x00000000c0008868                CPU::current()
                0x00000000c0008874                operator new(unsigned long)
                0x00000000c0008879                operator delete(void*)
                0x00000000c000887e                disableIRQs()
                0x00000000c0008886                enableIRQs()
                0x00000000c0008895                lockScheduler()
                0x00000000c000889d                unlockScheduler()
                0x00000000c00088ac                lockStuff()
                0x00000000c00088ba                unlockStuff()
                0x00000000c00088f4                Virt::getAKernelVAS()
                0x00000000c00088fa                __not_memcpy
 *fill*         0x00000000c000890f        0x1 
 .text          0x00000000c0008910      0x118 compat/resolve.32
                0x00000000c0008910                Krnl::resolveCompatibilitySymbol(char*)
 .text          0x00000000c0008a28      0x841 core/computer.32
                0x00000000c0008a28                Computer::close(int, int, void*)
                0x00000000c0008a6c                Krnl::firstTask()
                0x00000000c0008bc0                Computer::Computer()
                0x00000000c0008bc0                Computer::Computer()
                0x00000000c0008d1c                Computer::setBootMessage(char const*)
                0x00000000c0008d1e                Computer::detectFeatures()
                0x00000000c0008f28                Computer::displayFeatures()
                0x00000000c0008f2a                Computer::rdmsr(unsigned int)
                0x00000000c0008f56                Computer::wrmsr(unsigned int, unsigned long long)
                0x00000000c0008f8e                Computer::shutdown()
                0x00000000c0008fa6                Computer::restart()
                0x00000000c0008fbe                Computer::sleep()
                0x00000000c0008fd2                Computer::nmiEnabled()
                0x00000000c0008fde                Computer::readCMOS(unsigned char)
                0x00000000c0008ff8                Computer::enableNMI(bool)
                0x00000000c0009010                Computer::open(int, int, void*)
                0x00000000c00091ac                Computer::disableNMI()
                0x00000000c00091ba                Computer::writeCMOS(unsigned char, unsigned char)
                0x00000000c00091d8                Computer::handleNMI()
                0x00000000c000923e                Computer::setDiskActivityLight(int, bool)
 *fill*         0x00000000c0009269        0x1 
 .text          0x00000000c000926a      0x19d core/gdt.32
                0x00000000c000926a                GDTEntry::setBase(unsigned int)
                0x00000000c0009286                GDTEntry::setLimit(unsigned int)
                0x00000000c00092a4                GDT::GDT()
                0x00000000c00092a4                GDT::GDT()
                0x00000000c00092ba                GDT::addEntry(GDTEntry)
                0x00000000c00092dc                GDT::getNumberOfEntries()
                0x00000000c00092e4                GDT::flush()
                0x00000000c0009306                GDT::setup()
 .text          0x00000000c0009407       0x6b core/idle.32
                0x00000000c0009407                idleFunction(void*)
 *fill*         0x00000000c0009472        0x2 
 .text          0x00000000c0009474      0x464 core/idt.32
                0x00000000c0009474                IDTEntry::IDTEntry(bool)
                0x00000000c0009474                IDTEntry::IDTEntry(bool)
                0x00000000c00094e6                IDTEntry::setOffset(unsigned int)
                0x00000000c00094fc                IDT::IDT()
                0x00000000c00094fc                IDT::IDT()
                0x00000000c00094fe                IDT::getPointerToInvalidOpcodeEntryForF00F()
                0x00000000c0009506                IDT::addEntry(IDTEntry, int)
                0x00000000c0009520                IDT::addEntry(int, void (*)(), bool)
                0x00000000c0009558                IDT::flush()
                0x00000000c0009572                IDT::setup()
 .text          0x00000000c00098d8      0x191 core/kheap.32
                0x00000000c00098d8                sbrk
                0x00000000c000997b                mmap
                0x00000000c0009991                munmap
                0x00000000c00099a7                liballoc_lock()
                0x00000000c00099b4                liballoc_unlock()
                0x00000000c00099c8                liballoc_alloc(int)
                0x00000000c00099e0                liballoc_free(void*, int)
                0x00000000c00099fb                realloc
                0x00000000c0009a0f                malloc
                0x00000000c0009a1f                free
                0x00000000c0009a2f                rfree
                0x00000000c0009a3f                calloc
 .text          0x00000000c0009a69      0x437 core/main.32
                0x00000000c0009a69                Krnl::setBootMessage(char const*)
                0x00000000c0009ad5                kernel_main
 .text          0x00000000c0009ea0      0x673 core/physmgr.32
                0x00000000c0009ea0                Phys::allocateDMA(unsigned long)
                0x00000000c0009faf                Phys::freeDMA(unsigned long, unsigned long)
                0x00000000c0009ff5                Phys::setPageState(unsigned long, bool)
                0x00000000c000a027                Phys::getPageState(unsigned long)
                0x00000000c000a043                Phys::freePage(unsigned long)
                0x00000000c000a0c6                Phys::allocatePage()
                0x00000000c000a1b1                Phys::allocateContiguousPages(int)
                0x00000000c000a20d                Phys::allowSegmentToBeUsed(unsigned long, unsigned long)
                0x00000000c000a245                Phys::physicalMemorySetup(unsigned int)
 *fill*         0x00000000c000a513        0x1 
 .text          0x00000000c000a514      0x273 core/pipe.32
                0x00000000c000a514                Pipe::isAtty()
                0x00000000c000a518                Pipe::~Pipe()
                0x00000000c000a518                Pipe::~Pipe()
                0x00000000c000a53c                Pipe::~Pipe()
                0x00000000c000a564                Pipe::read(unsigned long long, void*, int*)
                0x00000000c000a660                Pipe::write(unsigned long long, void*, int*)
                0x00000000c000a720                Pipe::Pipe(int)
                0x00000000c000a720                Pipe::Pipe(int)
 *fill*         0x00000000c000a787        0x1 
 .text          0x00000000c000a788      0xb8f core/terminal.32
                0x00000000c000a788                VgaText::isAtty()
                0x00000000c000a78c                VgaText::~VgaText()
                0x00000000c000a78c                VgaText::~VgaText()
                0x00000000c000a7b0                VgaText::~VgaText()
                0x00000000c000a7da                VgaText::read(unsigned long long, void*, int*)
                0x00000000c000a7fa                setTerminalScrollLock(bool)
                0x00000000c000a7fb                addToTerminalCycle(VgaText*)
                0x00000000c000a81c                installVgaTextImplementation()
                0x00000000c000a831                scrollTerminalScrollLock(int)
                0x00000000c000a832                VgaText::updateTitle()
                0x00000000c000a870                VgaText::load()
                0x00000000c000a8be                VgaText::updateCursor()
                0x00000000c000a8d4                VgaText::doANSI_SGR(int)
                0x00000000c000a948                VgaText::setDefaultBgColour(VgaColour)
                0x00000000c000a958                VgaText::setDefaultFgColour(VgaColour)
                0x00000000c000a968                VgaText::setDefaultColours(VgaColour, VgaColour)
                0x00000000c000a988                VgaText::setTitleTextColour(VgaColour)
                0x00000000c000a998                VgaText::setTitleColour(VgaColour)
                0x00000000c000a9a8                VgaText::setTitle(char*)
                0x00000000c000a9ce                VgaText::combineColours(unsigned char, unsigned char)
                0x00000000c000a9e0                VgaText::scrollScreen()
                0x00000000c000aa74                VgaText::combineCharAndColour(char, unsigned char)
                0x00000000c000aa86                VgaText::writeCharacter(char, VgaColour, VgaColour, int, int)
                0x00000000c000aae2                VgaText::getCursorX()
                0x00000000c000aaea                VgaText::getCursorY()
                0x00000000c000aaf2                VgaText::setCursor(int, int)
                0x00000000c000ab09                setActiveTerminal(VgaText*)
                0x00000000c000ab6b                doTerminalCycle()
                0x00000000c000ab86                VgaText::setCursorX(int)
                0x00000000c000ab9e                VgaText::setCursorY(int)
                0x00000000c000abb6                VgaText::incrementCursor(bool)
                0x00000000c000ac0a                VgaText::decrementCursor(bool)
                0x00000000c000ac2c                VgaText::putchar(char, VgaColour, VgaColour)
                0x00000000c000ad04                VgaText::doUpdate()
                0x00000000c000ad12                VgaText::puts(char const*, VgaColour, VgaColour)
                0x00000000c000ae8a                VgaText::clearScreen()
                0x00000000c000aee4                VgaText::putchar(char)
                0x00000000c000afd0                VgaText::putx(unsigned int)
                0x00000000c000b016                VgaText::puts(char const*)
                0x00000000c000b03c                VgaText::VgaText(char const*)
                0x00000000c000b03c                VgaText::VgaText(char const*)
                0x00000000c000b1b8                VgaText::receiveKey(unsigned char)
                0x00000000c000b29e                VgaText::write(unsigned long long, void*, int*)
                0x00000000c000b2f2                newTerminal(char*)
 *fill*         0x00000000c000b317        0x1 
 .text          0x00000000c000b318      0x1a1 core/tss.32
                0x00000000c000b318                TSS::TSS()
                0x00000000c000b318                TSS::TSS()
                0x00000000c000b328                TSS::setESP(unsigned long)
                0x00000000c000b33c                TSS::flush()
                0x00000000c000b35c                TSS::setup(unsigned long, unsigned long)
 *fill*         0x00000000c000b4b9        0x1 
 .text          0x00000000c000b4ba      0x4c2 core/unixfile.32
                0x00000000c000b4ba                ReservedFilename::read(unsigned long long, void*, int*)
                0x00000000c000b510                ReservedFilename::isAtty()
                0x00000000c000b52c                ReservedFilename::write(unsigned long long, void*, int*)
                0x00000000c000b58a                UnixFile::getFileDescriptor()
                0x00000000c000b592                UnixFile::UnixFile(int)
                0x00000000c000b592                UnixFile::UnixFile(int)
                0x00000000c000b742                ReservedFilename::ReservedFilename(int)
                0x00000000c000b742                ReservedFilename::ReservedFilename(int)
                0x00000000c000b774                UnixFile::~UnixFile()
                0x00000000c000b774                UnixFile::~UnixFile()
                0x00000000c000b80c                UnixFile::~UnixFile()
                0x00000000c000b834                ReservedFilename::~ReservedFilename()
                0x00000000c000b834                ReservedFilename::~ReservedFilename()
                0x00000000c000b858                ReservedFilename::~ReservedFilename()
                0x00000000c000b87f                getFromFileDescriptor(int)
 .text          0x00000000c000b97c     0x1218 core/virtmgr.32
                0x00000000c000b97c                Virt::setPageState(unsigned long, Virt::VirtPageState)
                0x00000000c000b9b1                Virt::getPageState(unsigned long)
                0x00000000c000b9d5                Virt::allocateKernelVirtualPages(int)
                0x00000000c000bae6                Virt::freeSwapfilePage(unsigned long)
                0x00000000c000bb04                Virt::swapIDToSector(unsigned long)
                0x00000000c000bb16                Virt::allocateSwapfilePage()
                0x00000000c000bb94                Virt::virtualMemorySetup()
                0x00000000c000bbdf                Virt::setupPageSwapping(int)
                0x00000000c000bc50                VAS::VAS()
                0x00000000c000bc50                VAS::VAS()
                0x00000000c000bc8c                VAS::VAS(VAS*)
                0x00000000c000bc8c                VAS::VAS(VAS*)
                0x00000000c000bcba                VAS::getForeignPageTableEntry(bool, unsigned long)
                0x00000000c000bce6                VAS::getPageTableEntry(unsigned long)
                0x00000000c000bd05                Virt::freeKernelVirtualPages(unsigned long)
                0x00000000c000be28                VAS::freeAllocatedPages(unsigned long)
                0x00000000c000be4c                VAS::virtualToPhysical(unsigned long)
                0x00000000c000be64                VAS::reflagRange(unsigned long, int, int, int)
                0x00000000c000bea4                VAS::setToWriteCombining(unsigned long, int)
                0x00000000c000bed6                VAS::mapOtherVASIn(bool, VAS*)
                0x00000000c000bf00                VAS::~VAS()
                0x00000000c000bf00                VAS::~VAS()
                0x00000000c000c07c                VAS::mapPage(unsigned long, unsigned long, int)
                0x00000000c000c17e                VAS::allocatePages(int, int)
                0x00000000c000c356                VAS::setCPUSpecific(unsigned long)
                0x00000000c000c372                VAS::mapRange(unsigned long, unsigned long, int, int)
                0x00000000c000c438                VAS::mapForeignPage(bool, VAS*, unsigned long, unsigned long, int)
                0x00000000c000c526                VAS::VAS(bool)
                0x00000000c000c526                VAS::VAS(bool)
                0x00000000c000c7a6                VAS::evict(unsigned long)
                0x00000000c000c876                VAS::tryLoadBackOffDisk(unsigned long)
                0x00000000c000c98a                VAS::scanForEviction()
                0x00000000c000ca68                mapVASFirstTime
 .text          0x00000000c000cb94       0x95 coreobjs/c++.32
                0x00000000c000cb94                __cxa_atexit
                0x00000000c000cb97                __cxa_finalize
                0x00000000c000cb98                __stack_chk_fail
                0x00000000c000cc04                __cxa_pure_virtual
                0x00000000c000cc15                operator new[](unsigned long)
                0x00000000c000cc1a                operator delete(void*, unsigned long)
                0x00000000c000cc1f                operator delete[](void*)
                0x00000000c000cc24                operator delete[](void*, unsigned long)
 .text          0x00000000c000cc29      0x1fc dbg/kconsole.32
                0x00000000c000cc29                Dbg::stringifyxWithBase(unsigned int, char*, int)
                0x00000000c000cc82                Dbg::logc(char)
                0x00000000c000cca2                Dbg::logs(char*)
                0x00000000c000ccbf                Dbg::logWriteInt(unsigned int)
                0x00000000c000ccdc                Dbg::logWriteIntBase(unsigned int, int)
                0x00000000c000ccfb                Dbg::kprintf(char const*, ...)
 *fill*         0x00000000c000ce25        0x1 
 .text          0x00000000c000ce26      0xc78 fs/vfs.32
                0x00000000c000ce26                File::read(unsigned long long, void*, int*)
                0x00000000c000ce7e                File::write(unsigned long long, void*, int*)
                0x00000000c000ced6                Directory::read(unsigned long long, void*, int*)
                0x00000000c000cf2e                Directory::write(unsigned long long, void*, int*)
                0x00000000c000cf5c                File::isAtty()
                0x00000000c000cf60                Directory::isAtty()
                0x00000000c000cf64                Filesystem::getlabel(LogicalDisk*, int, char*, unsigned int*)
                0x00000000c000cf6a                Filesystem::setlabel(LogicalDisk*, int, char*)
                0x00000000c000cf70                Filesystem::allocateSwapfile(char const*, int)
                0x00000000c000cf76                File::~File()
                0x00000000c000cf76                File::~File()
                0x00000000c000cf9a                File::~File()
                0x00000000c000cfc4                Directory::~Directory()
                0x00000000c000cfc4                Directory::~Directory()
                0x00000000c000cfe8                Directory::~Directory()
                0x00000000c000d012                Filesystem::Filesystem()
                0x00000000c000d012                Filesystem::Filesystem()
                0x00000000c000d036                Filesystem::~Filesystem()
                0x00000000c000d036                Filesystem::~Filesystem()
                0x00000000c000d044                Filesystem::~Filesystem()
                0x00000000c000d068                Fs::getcwd(Process*, char*, int)
                0x00000000c000d092                Fs::initVFS()
                0x00000000c000d0bc                Fs::standardiseFiles(char*, char const*, char const*)
                0x00000000c000d266                File::File(char const*, Process*)
                0x00000000c000d266                File::File(char const*, Process*)
                0x00000000c000d328                File::open(FileOpenMode)
                0x00000000c000d386                File::close()
                0x00000000c000d3e6                File::seek(unsigned long long)
                0x00000000c000d43c                File::tell(unsigned long long*)
                0x00000000c000d48c                File::rewind()
                0x00000000c000d4a0                File::unlink()
                0x00000000c000d4ec                File::rename(char const*)
                0x00000000c000d53a                File::chfatattr(unsigned char, unsigned char)
                0x00000000c000d596                File::exists()
                0x00000000c000d5d4                File::stat(unsigned long long*, bool*)
                0x00000000c000d635                Fs::setcwd(Process*, char*)
                0x00000000c000d7aa                Directory::Directory(char const*, Process*)
                0x00000000c000d7aa                Directory::Directory(char const*, Process*)
                0x00000000c000d86c                Directory::open()
                0x00000000c000d8c8                Directory::close()
                0x00000000c000d928                Directory::unlink()
                0x00000000c000d974                Directory::rename(char const*)
                0x00000000c000d9c2                Directory::exists()
                0x00000000c000da00                Directory::read(dirent*)
                0x00000000c000da4c                Directory::create()
                0x00000000c000da98                Filesystem::chfatattr(char const*, unsigned char, unsigned char)
 *fill*         0x00000000c000da9e        0x2 
 .text          0x00000000c000daa0       0x86 hal/bus.32
                0x00000000c000daa0                Bus::Bus(char const*)
                0x00000000c000daa0                Bus::Bus(char const*)
                0x00000000c000dad8                Bus::~Bus()
                0x00000000c000dad8                Bus::~Bus()
                0x00000000c000dafc                Bus::~Bus()
 *fill*         0x00000000c000db26        0x2 
 .text          0x00000000c000db28      0x153 hal/buzzer.32
                0x00000000c000db28                Buzzer::Buzzer(char const*)
                0x00000000c000db28                Buzzer::Buzzer(char const*)
                0x00000000c000db6c                Buzzer::~Buzzer()
                0x00000000c000db6c                Buzzer::~Buzzer()
                0x00000000c000db90                Buzzer::~Buzzer()
                0x00000000c000dbba                Buzzer::stop()
                0x00000000c000dbcd                beepThread(void*)
                0x00000000c000dc0e                Buzzer::beep(int, int, bool)
 *fill*         0x00000000c000dc7b        0x1 
 .text          0x00000000c000dc7c      0x467 hal/clock.32
                0x00000000c000dc7c                User::loadClockSettings(int)
                0x00000000c000dcce                Clock::Clock(char const*)
                0x00000000c000dcce                Clock::Clock(char const*)
                0x00000000c000dd04                Clock::~Clock()
                0x00000000c000dd04                Clock::~Clock()
                0x00000000c000dd28                Clock::~Clock()
                0x00000000c000dd52                Clock::timeInSecondsLocal()
                0x00000000c000dd9a                Clock::setTimeInSecondsLocal(unsigned long long)
                0x00000000c000ddf3                datetimeToSeconds(datetime_t)
                0x00000000c000df1a                Clock::setTimeInDatetimeLocal(datetime_t)
                0x00000000c000df7a                secondsToDatetime(unsigned long long)
                0x00000000c000e0be                Clock::timeInDatetimeLocal()
 *fill*         0x00000000c000e0e3        0x1 
 .text          0x00000000c000e0e4      0x504 hal/device.32
                0x00000000c000e0e4                Device::hibernate()
                0x00000000c000e0e6                Device::wake()
                0x00000000c000e0e8                Device::detect()
                0x00000000c000e0ea                Device::disableLegacy()
                0x00000000c000e0ec                Device::powerSaving(PowerSavingLevel)
                0x00000000c000e0ee                DriverlessDevice::close(int, int, void*)
                0x00000000c000e0f2                DriverlessDevice::detect()
                0x00000000c000e0f4                DriverlessDevice::open(int, int, void*)
                0x00000000c000e108                Device::~Device()
                0x00000000c000e108                Device::~Device()
                0x00000000c000e116                Device::~Device()
                0x00000000c000e13e                Device::findAndLoadDriver()
                0x00000000c000e14c                Device::preOpenPCI(PCIDeviceInfo)
                0x00000000c000e172                Device::preOpenACPI(void*, char*, char*)
                0x00000000c000e1b2                Device::addIRQHandler(int, void (*)(regs*, void*), bool, void*)
                0x00000000c000e1f0                Device::getParent()
                0x00000000c000e1fc                Device::removeIRQHandler(int, void (*)(regs*, void*), bool)
                0x00000000c000e23a                Device::addChild(Device*)
                0x00000000c000e27e                Device::removeAllChildren()
                0x00000000c000e2c4                Device::hibernateAll()
                0x00000000c000e2f4                Device::wakeAll()
                0x00000000c000e324                Device::detectAll()
                0x00000000c000e354                Device::disableLegacyAll()
                0x00000000c000e384                Device::loadDriversForAll()
                0x00000000c000e3c4                Device::closeAll()
                0x00000000c000e3fa                Device::powerSavingAll(PowerSavingLevel)
                0x00000000c000e430                Device::setName(char const*)
                0x00000000c000e43e                Device::Device(char const*)
                0x00000000c000e43e                Device::Device(char const*)
                0x00000000c000e53a                Device::getName()
                0x00000000c000e544                DriverlessDevice::DriverlessDevice(char const*)
                0x00000000c000e544                DriverlessDevice::DriverlessDevice(char const*)
                0x00000000c000e57a                Device::addToLinkedList(LinkedList<Device>&, DeviceType)
                0x00000000c000e5be                getDevicesOfType(DeviceType)
 .text          0x00000000c000e5e8       0x86 hal/diskctrl.32
                0x00000000c000e5e8                HardDiskController::HardDiskController(char const*)
                0x00000000c000e5e8                HardDiskController::HardDiskController(char const*)
                0x00000000c000e620                HardDiskController::~HardDiskController()
                0x00000000c000e620                HardDiskController::~HardDiskController()
                0x00000000c000e644                HardDiskController::~HardDiskController()
 .text          0x00000000c000e66e       0xe2 hal/diskphys.32
                0x00000000c000e66e                PhysicalDisk::eject()
                0x00000000c000e672                PhysicalDisk::PhysicalDisk(char const*, int)
                0x00000000c000e672                PhysicalDisk::PhysicalDisk(char const*, int)
                0x00000000c000e6da                PhysicalDisk::startCache()
                0x00000000c000e702                PhysicalDisk::~PhysicalDisk()
                0x00000000c000e702                PhysicalDisk::~PhysicalDisk()
                0x00000000c000e726                PhysicalDisk::~PhysicalDisk()
 .text          0x00000000c000e750      0x147 hal/fpu.32
                0x00000000c000e750                FPU::FPU(char const*)
                0x00000000c000e750                FPU::FPU(char const*)
                0x00000000c000e788                FPU::~FPU()
                0x00000000c000e788                FPU::~FPU()
                0x00000000c000e7ac                FPU::~FPU()
                0x00000000c000e7d6                setupFPU()
 *fill*         0x00000000c000e897        0x1 
 .text          0x00000000c000e898     0x11e1 hal/intctrl.32
                0x00000000c000e898                InterruptController::uninstallISRHandler(int, void (*)(regs*, void*))
                0x00000000c000e8d0                InterruptController::installISRHandler(int, void (*)(regs*, void*), void*)
                0x00000000c000e922                doubleFault(regs*, void*)
                0x00000000c000e93c                InterruptController::installIRQHandler(int, void (*)(regs*, void*), bool, void*)
                0x00000000c000e9d8                InterruptController::clearAllHandlers(int, bool)
                0x00000000c000ea80                InterruptController::uninstallIRQHandler(int, void (*)(regs*, void*), bool)
                0x00000000c000eb07                nmiHandler(regs*, void*)
                0x00000000c000eb15                int_handler
                0x00000000c000ebb6                InterruptController::InterruptController(char const*)
                0x00000000c000ebb6                InterruptController::InterruptController(char const*)
                0x00000000c000ec5c                InterruptController::~InterruptController()
                0x00000000c000ec5c                InterruptController::~InterruptController()
                0x00000000c000ec80                InterruptController::~InterruptController()
                0x00000000c000ecaa                displayDebugInfo(regs*)
                0x00000000c000f139                x87EmulHandler(regs*, void*)
                0x00000000c000f1ac                gpFault(regs*, void*)
                0x00000000c000f1e5                pgFault(regs*, void*)
                0x00000000c000f234                otherISRHandler(regs*, void*)
                0x00000000c000f253                opcodeFault(regs*, void*)
                0x00000000c000f616                displayProgramFault(char const*)
                0x00000000c000f63e                setupInterruptController()
                0x00000000c000fa2c                InterruptController::convertLegacyIRQNumber(int)
 *fill*         0x00000000c000fa79        0x1 
 .text          0x00000000c000fa7a      0x788 hal/keybrd.32
                0x00000000c000fa7a                startGUI(void*)
                0x00000000c000fae6                startGUIVESA(void*)
                0x00000000c000fb52                sendKeyToTerminal(unsigned char)
                0x00000000c000fc10                sendKeyboardToken(KeyboardToken)
                0x00000000c0010052                clearInternalKeybuffer(VgaText*)
                0x00000000c0010087                readKeyboard(VgaText*, char*, unsigned long)
                0x00000000c0010178                Keyboard::Keyboard(char const*)
                0x00000000c0010178                Keyboard::Keyboard(char const*)
                0x00000000c00101b4                Keyboard::~Keyboard()
                0x00000000c00101b4                Keyboard::~Keyboard()
                0x00000000c00101d8                Keyboard::~Keyboard()
 .text          0x00000000c0010202      0x42a hal/logidisk.32
                0x00000000c0010202                LogicalDisk::close(int, int, void*)
                0x00000000c0010206                LogicalDisk::~LogicalDisk()
                0x00000000c0010206                LogicalDisk::~LogicalDisk()
                0x00000000c001022a                LogicalDisk::~LogicalDisk()
                0x00000000c0010254                LogicalDisk::open(int, int, void*)
                0x00000000c0010268                LogicalDisk::absoluteToRelative(unsigned long long)
                0x00000000c00102a0                LogicalDisk::relativeToAbsolute(unsigned long long)
                0x00000000c00102e6                LogicalDisk::LogicalDisk(char const*, PhysicalDisk*, unsigned long long, unsigned long long)
                0x00000000c00102e6                LogicalDisk::LogicalDisk(char const*, PhysicalDisk*, unsigned long long, unsigned long long)
                0x00000000c001039c                LogicalDisk::assignDriveLetter()
                0x00000000c0010452                LogicalDisk::mount()
                0x00000000c00104da                LogicalDisk::unmount()
                0x00000000c00104ea                LogicalDisk::eject()
                0x00000000c00104fe                LogicalDisk::unassignDriveLetter()
                0x00000000c0010554                LogicalDisk::read(unsigned long long, int, void*)
                0x00000000c00105c0                LogicalDisk::write(unsigned long long, int, void*)
 .text          0x00000000c001062c       0x86 hal/mouse.32
                0x00000000c001062c                Mouse::Mouse(char const*)
                0x00000000c001062c                Mouse::Mouse(char const*)
                0x00000000c0010664                Mouse::~Mouse()
                0x00000000c0010664                Mouse::~Mouse()
                0x00000000c0010688                Mouse::~Mouse()
 .text          0x00000000c00106b2      0x339 hal/partition.32
                0x00000000c00106b2                makePartition(PhysicalDisk*, unsigned long long, unsigned long long)
                0x00000000c001075a                createPartitionsForDisk(PhysicalDisk*)
 *fill*         0x00000000c00109eb        0x1 
 .text          0x00000000c00109ec       0x86 hal/serial.32
                0x00000000c00109ec                Serial::Serial(char const*)
                0x00000000c00109ec                Serial::Serial(char const*)
                0x00000000c0010a24                Serial::~Serial()
                0x00000000c0010a24                Serial::~Serial()
                0x00000000c0010a48                Serial::~Serial()
 *fill*         0x00000000c0010a72        0x2 
 .text          0x00000000c0010a74      0x2f2 hal/timer.32
                0x00000000c0010a74                Timer::Timer(char const*)
                0x00000000c0010a74                Timer::Timer(char const*)
                0x00000000c0010aac                Timer::~Timer()
                0x00000000c0010aac                Timer::~Timer()
                0x00000000c0010ad0                Timer::~Timer()
                0x00000000c0010afa                Timer::read()
                0x00000000c0010b05                timerHandler(unsigned int)
                0x00000000c0010c6c                setupTimer(int)
 *fill*         0x00000000c0010d66        0x2 
 .text          0x00000000c0010d68      0x43e hal/vcache.32
                0x00000000c0010d68                VCache::VCache(PhysicalDisk*)
                0x00000000c0010d68                VCache::VCache(PhysicalDisk*)
                0x00000000c0010ed0                VCache::invalidateReadBuffer()
                0x00000000c0010ee0                VCache::writeWriteBuffer()
                0x00000000c0010f2c                VCache::~VCache()
                0x00000000c0010f2c                VCache::~VCache()
                0x00000000c0010f80                VCache::~VCache()
                0x00000000c0010fa8                VCache::write(unsigned long long, int, void*)
                0x00000000c00110a2                VCache::read(unsigned long long, int, void*)
 .text          0x00000000c00111a6      0x4b3 hal/video.32
                0x00000000c00111a6                Video::putrect(int, int, int, int, unsigned int)
                0x00000000c00111f2                Video::bitblit(int, int, int, int, int, int, int, unsigned int*)
                0x00000000c0011262                Video::blit(unsigned int*, int, int, int, int)
                0x00000000c00112e0                Video::clearScreen(unsigned int)
                0x00000000c0011314                Video::putpixel(int, int, unsigned int)
                0x00000000c0011322                Video::Video(char const*)
                0x00000000c0011322                Video::Video(char const*)
                0x00000000c0011358                Video::~Video()
                0x00000000c0011358                Video::~Video()
                0x00000000c001137c                Video::~Video()
                0x00000000c00113a6                Video::isMonochrome()
                0x00000000c00113b2                Video::getWidth()
                0x00000000c00113be                Video::getHeight()
                0x00000000c00113ca                Video::drawCursor(int, int, unsigned char*, int)
                0x00000000c0011486                Video::tgaParse(unsigned char*, int, int*, int*)
                0x00000000c00115ee                Video::putTGA(int, int, unsigned char*, int)
 *fill*         0x00000000c0011659        0x3 
 .text          0x00000000c001165c     0x1707 hw/acpi.32
                0x00000000c001165c                ACPI::close(int, int, void*)
                0x00000000c0011710                findRSDP()
                0x00000000c00117e4                loadACPITables(unsigned char*)
                0x00000000c0011a48                findRSDT(unsigned char*)
                0x00000000c0011c08                findDataTable(unsigned char*, char*)
                0x00000000c0011c80                scanMADT()
                0x00000000c001215c                ACPI::ACPI()
                0x00000000c001215c                ACPI::ACPI()
                0x00000000c00121c0                ACPI::getPCIIRQAssignment(unsigned char, unsigned short, unsigned char)
                0x00000000c00122a8                ACPI::registerPCIIRQAssignment(void*, unsigned short, unsigned char, unsigned char)
                0x00000000c0012370                ACPI::setScreenBrightnessLevel(void*, int)
                0x00000000c0012378                ACPI::detectPCI()
                0x00000000c001285c                ACPI::writeSimpleBootFlag(SimpleBootFlagTable*)
                0x00000000c00128a4                ACPI::sleep()
                0x00000000c00128e0                ACPI::open(int, int, void*)
 *fill*         0x00000000c0012d63        0x1 
 .text          0x00000000c0012d64     0x1583 hw/cpu.32
                0x00000000c0012d64                CPU::close(int, int, void*)
                0x00000000c0012d68                CPU::lookupAMDName(unsigned char, unsigned char)
                0x00000000c0012efc                CPU::lookupIntelName(unsigned char, unsigned char)
                0x00000000c00131aa                CPU::AMD_K6_write_msr(unsigned int, unsigned int, unsigned int, CPU::REGS*)
                0x00000000c00131c6                CPU::AMD_K6_read_msr(unsigned int, CPU::REGS*)
                0x00000000c00131de                CPU::AMD_K6_writeback(int, int, int)
                0x00000000c0013252                CPU::cpuid(int, unsigned long*, unsigned long*, unsigned long*, unsigned long*)
                0x00000000c00132d6                CPU::cpuidCheckEDX(unsigned int)
                0x00000000c0013304                CPU::cpuidCheckECX(unsigned int)
                0x00000000c0013332                CPU::cpuidCheckExtendedEBX(unsigned int)
                0x00000000c0013360                CPU::cpuidCheckExtendedECX(unsigned int)
                0x00000000c001338e                CPU::CPU()
                0x00000000c001338e                CPU::CPU()
                0x00000000c001341c                CPU::displayFeatures()
                0x00000000c001341e                CPU::detectFeatures()
                0x00000000c0013e10                CPU::setupSMEP()
                0x00000000c0013e1c                CPU::setupUMIP()
                0x00000000c0013e26                CPU::setupTSC()
                0x00000000c0013e30                CPU::setupLargePages()
                0x00000000c0013e3a                CPU::setupPAT()
                0x00000000c0013e76                CPU::setupMTRR()
                0x00000000c0013e78                CPU::setupGlobalPages()
                0x00000000c0013e82                CPU::allowUsermodeDataAccess()
                0x00000000c0013e94                CPU::prohibitUsermodeDataAccess()
                0x00000000c0013ea6                CPU::setupSMAP()
                0x00000000c0013eb4                CPU::setupFeatures()
                0x00000000c0013f80                CPU::open(int, int, void*)
                0x00000000c00140ec                CPU::decodeAddress(regs*, int*, bool*, unsigned char*)
 .text          0x00000000c00142e7        0x0 hw/ports.32
 .text          0x00000000c00142e7      0x16a hw/smp.32
                0x00000000c00142e7                Krnl::smpEntry()
                0x00000000c00142e9                Krnl::startCPU(int)
                0x00000000c0014432                Krnl::startCPUs()
 *fill*         0x00000000c0014451        0x1 
 .text          0x00000000c0014452      0x581 krnl/env.32
                0x00000000c0014452                EnvVarContainer::getEnv(char const*)
                0x00000000c0014490                EnvVarContainer::setEnv(char const*, char const*)
                0x00000000c0014552                EnvVarContainer::deleteEnv(char const*)
                0x00000000c0014554                EnvVarContainer::loadFrom(char const*, char const*)
                0x00000000c001473a                EnvVarContainer::__loadSystem()
                0x00000000c0014754                EnvVarContainer::__loadUser()
                0x00000000c0014756                EnvVarContainer::EnvVarContainer(Process*)
                0x00000000c0014756                EnvVarContainer::EnvVarContainer(Process*)
                0x00000000c0014778                EnvVarContainer::~EnvVarContainer()
                0x00000000c0014778                EnvVarContainer::~EnvVarContainer()
                0x00000000c00147a8                Krnl::getEnv(Process*, char const*)
                0x00000000c001480d                Krnl::setEnvSystem(char const*, char const*)
                0x00000000c0014827                Krnl::setEnvUser(char const*, char const*)
                0x00000000c0014846                Krnl::setEnvProcess(Process*, char const*, char const*)
                0x00000000c0014859                Krnl::deleteEnvSystem(char const*)
                0x00000000c001485a                Krnl::deleteEnvUser(char const*)
                0x00000000c001485b                Krnl::deleteEnvProcess(Process*, char const*)
                0x00000000c001485c                Krnl::newProcessEnv(Process*)
                0x00000000c001487e                Krnl::copyProcessEnv(Process*, Process*)
                0x00000000c00148ca                Krnl::loadSystemEnv()
                0x00000000c00148f8                Krnl::loadUserEnv()
                0x00000000c001491e                Krnl::flushEnv()
                0x00000000c001491f                Krnl::getProcessTotalEnvCount(Process*)
                0x00000000c001493f                Krnl::getProcessEnvPair(Process*, int)
 .text          0x00000000c00149d3      0x39c krnl/panic.32
                0x00000000c00149d3                Krnl::panic(char const*)
 .text          0x00000000c0014d6f      0x194 krnl/powctrl.32
                0x00000000c0014d6f                Krnl::powerThread(void*)
                0x00000000c0014def                Krnl::changePowerSettings(Krnl::PowerSettings)
                0x00000000c0014e05                Krnl::userIOReceived()
                0x00000000c0014e10                Krnl::handlePowerButton()
                0x00000000c0014e45                Krnl::handleSleepButton()
                0x00000000c0014e7a                Krnl::setupPowerManager()
 *fill*         0x00000000c0014f03        0x1 
 .text          0x00000000c0014f04      0x5a0 net/ethernet.32
                0x00000000c0014f04                Net::switchEndian16(unsigned short)
                0x00000000c0014f28                Net::switchEndian32(unsigned int)
                0x00000000c0014f58                Net::crc32Calc(unsigned char*, int)
                0x00000000c0014ffc                Net::wrapEthernetFrame(Net::UnwrappedEthernetFrame, unsigned char*)
                0x00000000c0015218                Net::unwrapEthernetFrame(unsigned char*, int)
 .text          0x00000000c00154a4      0x50e reg/registry.32
                0x00000000c00154a4                Reg::findLineFromLoadedData(char*, char*, char*)
                0x00000000c00155fc                Reg::getLineFromRegistry(char*, char*, char*, char*)
                0x00000000c0015751                Reg::getLine(char*, char*, char*)
                0x00000000c0015788                Reg::readInt(char*, char*, int*)
                0x00000000c0015873                Reg::readString(char*, char*, char*, int)
                0x00000000c00158f4                Reg::readBool(char*, char*, bool*)
                0x00000000c0015919                Reg::readBoolWithDefault(char*, char*, bool)
                0x00000000c0015945                Reg::readIntWithDefault(char*, char*, int)
                0x00000000c0015971                Reg::readStringWithDefault(char*, char*, char*, int, char*)
 .text          0x00000000c00159b2       0x36 sys/sc_eject.32
                0x00000000c00159b2                Sys::eject(regs*)
 .text          0x00000000c00159e8       0x18 sys/sc_exit.32
                0x00000000c00159e8                Sys::exit(regs*)
 .text          0x00000000c0015a00       0x1f sys/sc_getcwd.32
                0x00000000c0015a00                Sys::getCwd(regs*)
 .text          0x00000000c0015a1f        0xc sys/sc_getpid.32
                0x00000000c0015a1f                Sys::getPID(regs*)
 .text          0x00000000c0015a2b       0x1a sys/sc_getramdata.32
                0x00000000c0015a2b                Sys::getRAMData(regs*)
 .text          0x00000000c0015a45       0x84 sys/sc_getvgaptr.32
                0x00000000c0015a45                Sys::getVGAPtr(regs*)
 .text          0x00000000c0015ac9       0xa8 sys/sc_loaddll.32
                0x00000000c0015ac9                Sys::loadDLL(regs*)
 .text          0x00000000c0015b71       0x68 sys/sc_read.32
                0x00000000c0015b71                Sys::read(regs*)
 .text          0x00000000c0015bd9       0x55 sys/sc_sbrk.32
                0x00000000c0015bd9                Sys::sbrk(regs*)
 .text          0x00000000c0015c2e       0x1c sys/sc_setcwd.32
                0x00000000c0015c2e                Sys::setCwd(regs*)
 .text          0x00000000c0015c4a       0x95 sys/sc_settime.32
                0x00000000c0015c4a                Sys::setTime(regs*)
 .text          0x00000000c0015cdf       0x4a sys/sc_timezone.32
                0x00000000c0015cdf                Sys::timezone(regs*)
 .text          0x00000000c0015d29       0x68 sys/sc_write.32
                0x00000000c0015d29                Sys::write(regs*)
 .text          0x00000000c0015d91       0x62 sys/sc_wsbe.32
                0x00000000c0015d91                Sys::wsbe(regs*)
 .text          0x00000000c0015df3       0x38 sys/sc_yield.32
                0x00000000c0015df3                Sys::yield(regs*)
 .text          0x00000000c0015e2b      0xf8e sys/syscalls.32
                0x00000000c0015e2b                sysCallSeekDir(regs*)
                0x00000000c0015e30                sysCallTellDir(regs*)
                0x00000000c0015e35                sysCallVerify(regs*)
                0x00000000c0015e3f                sysCallGetArgc(regs*)
                0x00000000c0015e4f                sysFormatDisk(regs*)
                0x00000000c0015eb9                sysSetDiskVolumeLabel(regs*)
                0x00000000c0015f03                sysGetDiskVolumeLabel(regs*)
                0x00000000c0015f58                sysShutdown(regs*)
                0x00000000c0015fb6                sysCallRealpath(regs*)
                0x00000000c0015ff9                sysCallReadDir(regs*)
                0x00000000c0016078                sysCallIsATTY(regs*)
                0x00000000c00160d2                sysCallSeek(regs*)
                0x00000000c0016129                sysCallTell(regs*)
                0x00000000c0016195                sysCallSize(regs*)
                0x00000000c0016207                sysCallSizeFromFilename(regs*)
                0x00000000c00162b6                sysCallClose(regs*)
                0x00000000c0016316                sysCallOpenDir(regs*)
                0x00000000c001638b                sysCallCloseDir(regs*)
                0x00000000c00163df                sysCallMakeDir(regs*)
                0x00000000c001644f                sysCallWait(regs*)
                0x00000000c0016469                sysCallNotImpl(regs*)
                0x00000000c0016484                sysPanic(regs*)
                0x00000000c001649e                sysCallRmdir(regs*)
                0x00000000c0016502                sysCallUnlink(regs*)
                0x00000000c0016566                sysCallGetArgv(regs*)
                0x00000000c00165b2                sysCallTTYName(regs*)
                0x00000000c0016635                sysCallUSleep(regs*)
                0x00000000c001665e                sysCallSpawn(regs*)
                0x00000000c00166c6                sysCallGetEnv(regs*)
                0x00000000c0016773                sysAppSettings(regs*)
                0x00000000c0016887                sysSetFatAttrib(regs*)
                0x00000000c00168f9                sysPipe(regs*)
                0x00000000c001693e                sysGetUnixTime(regs*)
                0x00000000c0016952                string_ends_with(char const*, char const*)
                0x00000000c001699a                sysCallOpen(regs*)
                0x00000000c0016b82                Sys::loadSyscalls()
                0x00000000c0016d77                Sys::systemCall(regs*, void*)
 .text          0x00000000c0016db9     0x1203 thr/elf.32
                0x00000000c0016db9                Thr::allocateMemoryForTask(Process*, File*, unsigned long, unsigned long, unsigned long)
                0x00000000c0017063                Thr::loadProgramIntoMemory(Process*, char const*)
                0x00000000c0017279                Thr::runtimeReferenceHelper()
                0x00000000c001728c                Thr::getAddressOfKernelSymbol(char const*)
                0x00000000c00172db                Thr::loadKernelSymbolTable(char const*)
                0x00000000c0017599                Thr::loadDriverIntoMemory(char const*, unsigned long, bool)
                0x00000000c0017ccf                Thr::getDriverBaseFromAddress(unsigned long)
                0x00000000c0017d01                Thr::getDriverNameFromAddress(unsigned long)
                0x00000000c0017d38                Thr::getDriverOffsetFromAddress(unsigned long)
                0x00000000c0017d52                Thr::loadDLL(char const*, bool)
                0x00000000c0017f83                Thr::executeDLL(unsigned long, void*)
 .text          0x00000000c0017fbc     0x12a9 thr/prcssthr.32
                0x00000000c0017fbc                userModeEntryPoint(void*)
                0x00000000c0017fe4                changeTSS
                0x00000000c0018014                switchToThread(ThreadControlBlock*)
                0x00000000c00180c8                Process::addArgs(char**)
                0x00000000c0018128                Process::Process(char const*, Process*, char**)
                0x00000000c0018128                Process::Process(char const*, Process*, char**)
                0x00000000c0018314                Process::Process(bool, char const*, Process*, char**)
                0x00000000c0018314                Process::Process(bool, char const*, Process*, char**)
                0x00000000c00184cc                taskStartupFunction
                0x00000000c00184d8                Semaphore::Semaphore(int)
                0x00000000c00184d8                Semaphore::Semaphore(int)
                0x00000000c0018508                Mutex::Mutex()
                0x00000000c0018508                Mutex::Mutex()
                0x00000000c001851c                Process::createThread(void (*)(void*), void*, int)
                0x00000000c0018614                Process::createUserThread()
                0x00000000c0018630                setupMultitasking(void (*)())
                0x00000000c0018738                schedule()
                0x00000000c00187c4                Semaphore::tryAcquire()
                0x00000000c0018890                Semaphore::assertLocked(char const*)
                0x00000000c0018908                blockTaskWithSchedulerLockAlreadyHeld(TaskState)
                0x00000000c0018930                blockTask(TaskState)
                0x00000000c0018960                waitTask(int, int*, int)
                0x00000000c00189a4                milliTenthSleepUntil(unsigned int)
                0x00000000c0018a30                milliTenthSleep(unsigned int)
                0x00000000c0018a40                sleep(unsigned int)
                0x00000000c0018a5c                Semaphore::acquire()
                0x00000000c0018b18                taskReturned
                0x00000000c0018b54                Thr::processFromPID(int)
                0x00000000c0018bf4                unblockTask(ThreadControlBlock*)
                0x00000000c0018c98                cleanupTerminatedTask(ThreadControlBlock*)
                0x00000000c0018f60                cleanerTaskFunction(void*)
                0x00000000c0019050                terminateTask(int)
                0x00000000c001911c                Thr::terminateFromIRQ(int)
                0x00000000c0019128                Semaphore::release()
 .text          0x00000000c0019265      0xada vm86/vm8086.32
                0x00000000c0019265                Vm::inbv(unsigned short)
                0x00000000c0019278                Vm::outbv(unsigned short, unsigned char)
                0x00000000c00192ae                Vm::realToLinear(unsigned short, unsigned short)
                0x00000000c00192be                Vm::getSegment(unsigned int)
                0x00000000c00192c6                Vm::getOffset(unsigned int)
                0x00000000c00192cb                Vm::mainloop2()
                0x00000000c0019305                Vm::mainVm8086Loop(void*)
                0x00000000c0019315                Vm::mainloop3(unsigned long)
                0x00000000c001933b                Vm::initialise8086()
                0x00000000c001937e                Vm::finish8086()
                0x00000000c00193df                Vm::getOutput8086(unsigned char*)
                0x00000000c0019404                Vm::start8086(char const*, unsigned short, unsigned short, unsigned short, unsigned short)
                0x00000000c001956c                Vm::doISR(regs*, int, unsigned char*, unsigned short, unsigned short)
                0x00000000c00195f6                Vm::readByteFromReal(unsigned short, unsigned short)
                0x00000000c0019607                Vm::readWordFromReal(unsigned short, unsigned short)
                0x00000000c0019619                Vm::readDwordFromReal(unsigned short, unsigned short)
                0x00000000c001962a                Vm::writeByteFromReal(unsigned short, unsigned short, unsigned char)
                0x00000000c001963f                Vm::writeWordFromReal(unsigned short, unsigned short, unsigned short)
                0x00000000c0019655                Vm::writeDwordFromReal(unsigned short, unsigned short, unsigned int)
                0x00000000c001966a                Vm::faultHandler(regs*)
 *fill*         0x00000000c0019d3f        0x1 
 .text          0x00000000c0019d40      0xfcd vm86/x87em.32
                0x00000000c0019d40                Vm::fpuInternalTo32(unsigned long long)
                0x00000000c0019d9e                Vm::fpuInternalTo64(unsigned long long)
                0x00000000c0019da7                Vm::fpu32ToInternal(unsigned int)
                0x00000000c0019dec                Vm::fpu64ToInternal(unsigned long long)
                0x00000000c0019df5                Vm::fpuFloatToLong(unsigned long long)
                0x00000000c0019e54                Vm::fpuULongToFloat(unsigned long long)
                0x00000000c0019e90                Vm::fpuLongToFloat(long long)
                0x00000000c0019eef                Vm::fpuGet0()
                0x00000000c0019ef4                Vm::fpuGet1()
                0x00000000c0019efc                Vm::fpuGetPi()
                0x00000000c0019f04                Vm::fpuGetLog2E()
                0x00000000c0019f1c                Vm::fpuGetLogE2()
                0x00000000c0019f34                Vm::fpuGetLog210()
                0x00000000c0019f4c                Vm::fpuGetLog102()
                0x00000000c0019f64                Vm::fpuIsSecondLarger(unsigned long long, unsigned long long)
                0x00000000c0019f78                Vm::fpuAreEqual(unsigned long long, unsigned long long)
                0x00000000c0019f8e                Vm::fpuUnorderedCompare(unsigned long long, unsigned long long)
                0x00000000c0019fe4                Vm::fpuAdd(unsigned long long, unsigned long long)
                0x00000000c0019ff5                Vm::fpuAbs(unsigned long long)
                0x00000000c0019ffe                Vm::fpuChs(unsigned long long)
                0x00000000c001a00e                Vm::fpuSub(unsigned long long, unsigned long long)
                0x00000000c001a01d                Vm::fpuMultiply(unsigned long long, unsigned long long)
                0x00000000c001a03c                Vm::fpuDivide(unsigned long long, unsigned long long)
                0x00000000c001a058                Vm::fpuSquare(unsigned long long)
                0x00000000c001a06e                Vm::fpuGetReg(int)
                0x00000000c001a0b1                Vm::fpuSetReg(int, unsigned long long)
                0x00000000c001a0fd                Vm::fpuPush(unsigned long long)
                0x00000000c001a15b                Vm::fpuPop()
                0x00000000c001a1ae                Vm::x87Handler(regs*)
 *fill*         0x00000000c001ad0d        0x3 
 .text          0x00000000c001ad10     0x13b7 fs/fat/vfslink.32
                0x00000000c001ad10                FAT::getName()
                0x00000000c001ad18                FAT::tell(void*, unsigned long long*)
                0x00000000c001ad54                FAT::stat(void*, unsigned long long*)
                0x00000000c001ad90                FAT::~FAT()
                0x00000000c001ad90                FAT::~FAT()
                0x00000000c001adb4                FAT::~FAT()
                0x00000000c001addc                FAT::getlabel(LogicalDisk*, int, char*, unsigned int*)
                0x00000000c001ae80                FAT::setlabel(LogicalDisk*, int, char*)
                0x00000000c001af44                FAT::format(LogicalDisk*, int, char const*, int)
                0x00000000c001b118                FAT::tryMount(LogicalDisk*, int)
                0x00000000c001b330                FAT::allocateSwapfile(char const*, int)
                0x00000000c001b4ec                FAT::readDir(void*, unsigned long, void*, int*)
                0x00000000c001b658                FAT::read(void*, unsigned long, void*, int*)
                0x00000000c001b6b8                FAT::write(void*, unsigned long, void*, int*)
                0x00000000c001b718                FAT::close(void*)
                0x00000000c001b76c                FAT::closeDir(void*)
                0x00000000c001b7c0                FAT::seek(void*, unsigned long long)
                0x00000000c001b81c                fatWrapperReadDisk
                0x00000000c001b864                fatWrapperWriteDisk
                0x00000000c001b8ac                fatWrapperIoctl
                0x00000000c001b9bc                FAT::FAT()
                0x00000000c001b9bc                FAT::FAT()
                0x00000000c001ba10                FAT::fixFilepath(char*)
                0x00000000c001ba4c                FAT::open(char const*, void**, FileOpenMode)
                0x00000000c001bb80                FAT::openDir(char const*, void**)
                0x00000000c001bc30                FAT::stat(char const*, unsigned long long*, bool*)
                0x00000000c001bd24                FAT::unlink(char const*)
                0x00000000c001bda4                FAT::chfatattr(char const*, unsigned char, unsigned char)
                0x00000000c001bf0c                FAT::rename(char const*, char const*)
                0x00000000c001bfd8                FAT::mkdir(char const*)
                0x00000000c001c058                FAT::exists(char const*)
 *fill*         0x00000000c001c0c7        0x1 
 .text          0x00000000c001c0c8      0xba7 fs/iso9660/vfslink.32
                0x00000000c001c0c8                ISO9660::format(LogicalDisk*, int, char const*, int)
                0x00000000c001c0ce                ISO9660::seek(void*, unsigned long long)
                0x00000000c001c0fe                ISO9660::tell(void*, unsigned long long*)
                0x00000000c001c122                ISO9660::getName()
                0x00000000c001c128                ISO9660::stat(void*, unsigned long long*)
                0x00000000c001c14c                ISO9660::chfatattr(char const*, unsigned char, unsigned char)
                0x00000000c001c152                ISO9660::unlink(char const*)
                0x00000000c001c158                ISO9660::write(void*, unsigned long, void*, int*)
                0x00000000c001c15e                ISO9660::rename(char const*, char const*)
                0x00000000c001c164                ISO9660::mkdir(char const*)
                0x00000000c001c16a                ISO9660::close(void*)
                0x00000000c001c18c                ISO9660::closeDir(void*)
                0x00000000c001c1ae                ISO9660::~ISO9660()
                0x00000000c001c1ae                ISO9660::~ISO9660()
                0x00000000c001c1d2                ISO9660::~ISO9660()
                0x00000000c001c1f9                __memmem(unsigned char*, int, unsigned char*, int)
                0x00000000c001c23b                readSectorFromCDROM(unsigned int, unsigned char*, char)
                0x00000000c001c2b6                ISO9660::tryMount(LogicalDisk*, int)
                0x00000000c001c316                ISO9660::read(void*, unsigned long, void*, int*)
                0x00000000c001c51a                ISO9660::readDir(void*, unsigned long, void*, int*)
                0x00000000c001c794                readRoot(unsigned int*, unsigned int*, char)
                0x00000000c001c7e8                readRecursively(char*, unsigned int, unsigned int, unsigned int*, unsigned int*, char, int*)
                0x00000000c001c9be                getFileData(char*, unsigned int*, unsigned int*, char, int*)
                0x00000000c001ca4c                ISO9660::open(char const*, void**, FileOpenMode)
                0x00000000c001cafa                ISO9660::exists(char const*)
                0x00000000c001cb1e                ISO9660::stat(char const*, unsigned long long*, bool*)
                0x00000000c001cbb2                ISO9660::openDir(char const*, void**)
                0x00000000c001cc4c                ISO9660::ISO9660()
                0x00000000c001cc4c                ISO9660::ISO9660()
 *fill*         0x00000000c001cc6f        0x1 
 .text          0x00000000c001cc70      0x298 hal/sound/sndcard.32
                0x00000000c001cc70                SoundCard::beginPlayback()
                0x00000000c001cc7e                SoundCard::stopPlayback()
                0x00000000c001cc8c                SoundCard::SoundCard(char const*)
                0x00000000c001cc8c                SoundCard::SoundCard(char const*)
                0x00000000c001cd2a                SoundCard::~SoundCard()
                0x00000000c001cd2a                SoundCard::~SoundCard()
                0x00000000c001cd4e                SoundCard::~SoundCard()
                0x00000000c001cd78                SoundCard::configureRates(int, int, int)
                0x00000000c001cda8                SoundCard::getSamples16(int, short*)
                0x00000000c001ce12                SoundCard::getSamples32(int, int*)
                0x00000000c001ce98                SoundCard::addChannel(SoundPort*)
                0x00000000c001cef4                SoundCard::removeChannel(int)
 .text          0x00000000c001cf08      0x3fb hal/sound/sndport.32
                0x00000000c001cf08                SoundPort::SoundPort(int, int, int, int)
                0x00000000c001cf08                SoundPort::SoundPort(int, int, int, int)
                0x00000000c001cf94                SoundPort::~SoundPort()
                0x00000000c001cf94                SoundPort::~SoundPort()
                0x00000000c001cfc8                SoundPort::unpause()
                0x00000000c001cfd4                SoundPort::pause()
                0x00000000c001cfe0                SoundPort::getBufferUsed()
                0x00000000c001cfe8                SoundPort::getBufferSize()
                0x00000000c001cff0                SoundPort::buffer16(short*, int)
                0x00000000c001d0a4                SoundPort::buffer32(int*, int)
                0x00000000c001d150                SoundPort::unbufferAndAdd16(int, short*, SoundCard*)
                0x00000000c001d24c                SoundPort::unbufferAndAdd32(int, int*, SoundCard*)
 .text          0x00000000c001d303        0x0 hw/bus/isa.32
 *fill*         0x00000000c001d303        0x1 
 .text          0x00000000c001d304     0x1187 hw/bus/pci.32
                0x00000000c001d304                PCI::open(int, int, void*)
                0x00000000c001d322                PCI::close(int, int, void*)
                0x00000000c001d326                PCI::PCI()
                0x00000000c001d326                PCI::PCI()
                0x00000000c001d3bc                PCI::readBAR8(unsigned int, int)
                0x00000000c001d3d8                PCI::readBAR16(unsigned int, int)
                0x00000000c001d3f6                PCI::readBAR32(unsigned int, int)
                0x00000000c001d412                PCI::writeBAR8(unsigned int, unsigned char, int)
                0x00000000c001d432                PCI::writeBAR16(unsigned int, unsigned short, int)
                0x00000000c001d454                PCI::writeBAR32(unsigned int, unsigned int, int)
                0x00000000c001d474                PCI::legacyMechanism(unsigned char, unsigned char, unsigned char, unsigned char)
                0x00000000c001d4e2                PCI::pciReadWord(unsigned char, unsigned char, unsigned char, unsigned char)
                0x00000000c001d58a                PCI::getVendorID(unsigned char, unsigned char, unsigned char)
                0x00000000c001d5ae                PCI::getHeaderType(unsigned char, unsigned char, unsigned char)
                0x00000000c001d5d6                PCI::getClassCode(unsigned char, unsigned char, unsigned char)
                0x00000000c001d620                PCI::getProgIF(unsigned char, unsigned char, unsigned char)
                0x00000000c001d648                PCI::getRevisionID(unsigned char, unsigned char, unsigned char)
                0x00000000c001d66c                PCI::getInterruptNumber(unsigned char, unsigned char, unsigned char)
                0x00000000c001d690                PCI::getSecondaryBus(unsigned char, unsigned char, unsigned char)
                0x00000000c001d6b8                PCI::getBARAddress(unsigned char, unsigned char, unsigned char, unsigned char)
                0x00000000c001d71c                PCI::pciWriteWord(unsigned char, unsigned char, unsigned char, unsigned char, unsigned short)
                0x00000000c001d804                PCI::pciDetailsToFilepath(PCIDeviceInfo, char*)
                0x00000000c001dbf6                PCI::checkBus(unsigned char)
                0x00000000c001dc1a                PCI::foundDevice(PCIDeviceInfo)
                0x00000000c001e05a                PCI::getDeviceData(unsigned char, unsigned char, unsigned char)
                0x00000000c001e3cc                PCI::checkDevice(unsigned char, unsigned char)
                0x00000000c001e438                PCI::detect()
 *fill*         0x00000000c001e48b        0x1 
 .text          0x00000000c001e48c      0xb4a hw/diskctrl/ide.32
                0x00000000c001e48c                IDE::close(int, int, void*)
                0x00000000c001e490                IDE::IDE()
                0x00000000c001e490                IDE::IDE()
                0x00000000c001e4c4                IDE::prepareInterrupt(unsigned char)
                0x00000000c001e4d6                selectDrive(unsigned char, unsigned char)
                0x00000000c001e4d8                IDE::getBase(unsigned char)
                0x00000000c001e4ea                IDE::write(unsigned char, unsigned char, unsigned char)
                0x00000000c001e5aa                IDE::read(unsigned char, unsigned char)
                0x00000000c001e658                IDE::waitInterrupt(unsigned char)
                0x00000000c001e6ba                ideChannel0IRQHandler(regs*, void*)
                0x00000000c001e6d6                ideChannel1IRQHandler(regs*, void*)
                0x00000000c001e6f2                IDE::enableIRQs(unsigned char, bool)
                0x00000000c001e738                IDE::open(int, int, void*)
                0x00000000c001eb46                IDE::readBuffer(unsigned char, unsigned char, unsigned int, unsigned int)
                0x00000000c001ec12                IDE::detect()
                0x00000000c001eed2                IDE::printError(unsigned char, unsigned char, unsigned char)
                0x00000000c001ef82                IDE::polling(unsigned char, unsigned int)
 .text          0x00000000c001efd6      0x458 hw/diskctrl/satabus.32
                0x00000000c001efd6                SATABus::close(int, int, void*)
                0x00000000c001efda                SATABus::detect()
                0x00000000c001efdc                SATABus::SATABus()
                0x00000000c001efdc                SATABus::SATABus()
                0x00000000c001f062                SATABus::findCmdslot(SATABus::tagHBA_PORT volatile*)
                0x00000000c001f094                SATABus::checkType(SATABus::tagHBA_PORT volatile*)
                0x00000000c001f0dc                SATABus::startCmd(SATABus::tagHBA_PORT volatile*)
                0x00000000c001f0fc                SATABus::stopCmd(SATABus::tagHBA_PORT volatile*)
                0x00000000c001f126                SATABus::portRebase(SATABus::tagHBA_PORT volatile*, int)
                0x00000000c001f22c                SATABus::probePort(SATABus::tagHBA_MEM volatile*)
                0x00000000c001f40e                SATABus::open(int, int, void*)
 .text          0x00000000c001f42e      0x684 hw/diskphys/ata.32
                0x00000000c001f42e                ATA::close(int, int, void*)
                0x00000000c001f452                ATA::powerSaving(PowerSavingLevel)
                0x00000000c001f454                ATA::ATA()
                0x00000000c001f454                ATA::ATA()
                0x00000000c001f482                ATA::flush(bool)
                0x00000000c001f4cc                ATA::readyForCommand()
                0x00000000c001f518                ATA::access(unsigned long long, int, void*, bool)
                0x00000000c001f90e                ATA::read(unsigned long long, int, void*)
                0x00000000c001f95a                ATA::write(unsigned long long, int, void*)
                0x00000000c001f9bc                ATA::detectCHS()
                0x00000000c001f9e6                ATA::open(int, int, void*)
 .text          0x00000000c001fab2      0x645 hw/diskphys/atapi.32
                0x00000000c001fab2                ATAPI::write(unsigned long long, int, void*)
                0x00000000c001fab8                ATAPI::close(int, int, void*)
                0x00000000c001fadc                ATAPI::ATAPI()
                0x00000000c001fadc                ATAPI::ATAPI()
                0x00000000c001fb0a                ATAPI::readyForCommand()
                0x00000000c001fb5c                ATAPI::sendPacket(unsigned char*, int, bool, unsigned short*, int)
                0x00000000c001fe1c                ATAPI::diskRemoved()
                0x00000000c001fe78                ATAPI::eject()
                0x00000000c001fec0                ATAPI::diskInserted()
                0x00000000c001fedc                ATAPI::detectMedia()
                0x00000000c001ff98                ATAPI::open(int, int, void*)
                0x00000000c0020078                ATAPI::read(unsigned long long, int, void*)
 *fill*         0x00000000c00200f7        0x1 
 .text          0x00000000c00200f8      0xa68 hw/diskphys/sata.32
                0x00000000c00200f8                SATA::close(int, int, void*)
                0x00000000c002011c                SATA::powerSaving(PowerSavingLevel)
                0x00000000c002011e                SATA::open(int, int, void*)
                0x00000000c0020314                SATA::SATA()
                0x00000000c0020314                SATA::SATA()
                0x00000000c0020342                SATA::access(unsigned long long, int, void*, bool)
                0x00000000c002093a                SATA::read(unsigned long long, int, void*)
                0x00000000c0020a3a                SATA::write(unsigned long long, int, void*)
 .text          0x00000000c0020b60      0x6fd hw/diskphys/satapi.32
                0x00000000c0020b60                SATAPI::write(unsigned long long, int, void*)
                0x00000000c0020b66                SATAPI::close(int, int, void*)
                0x00000000c0020b8a                SATAPI::SATAPI()
                0x00000000c0020b8a                SATAPI::SATAPI()
                0x00000000c0020bb8                SATAPI::diskRemoved()
                0x00000000c0020c36                SATAPI::diskInserted()
                0x00000000c0020c52                SATAPI::sendPacket(unsigned char*, int, unsigned long long, unsigned short*, int)
                0x00000000c0020ee6                SATAPI::eject()
                0x00000000c0020f3e                SATAPI::detectMedia()
                0x00000000c0021090                SATAPI::open(int, int, void*)
                0x00000000c0021190                SATAPI::read(unsigned long long, int, void*)
 *fill*         0x00000000c002125d        0x3 
 .text          0x00000000c0021260       0x94 hw/fpu/avx.32
                0x00000000c0021260                AVX::open(int, int, void*)
                0x00000000c0021274                AVX::close(int, int, void*)
                0x00000000c0021288                AVX::available()
                0x00000000c002129c                AVX::save(void*)
                0x00000000c00212b4                AVX::load(void*)
                0x00000000c00212cc                AVX::AVX()
                0x00000000c00212cc                AVX::AVX()
 .text          0x00000000c00212f4       0x94 hw/fpu/mmx.32
                0x00000000c00212f4                MMX::available()
                0x00000000c0021308                MMX::open(int, int, void*)
                0x00000000c002131c                MMX::close(int, int, void*)
                0x00000000c0021330                MMX::save(void*)
                0x00000000c0021348                MMX::load(void*)
                0x00000000c0021360                MMX::MMX()
                0x00000000c0021360                MMX::MMX()
 .text          0x00000000c0021388       0x9c hw/fpu/sse.32
                0x00000000c0021388                SSE::open(int, int, void*)
                0x00000000c002139c                SSE::close(int, int, void*)
                0x00000000c00213b0                SSE::available()
                0x00000000c00213cc                SSE::save(void*)
                0x00000000c00213e4                SSE::load(void*)
                0x00000000c00213fc                SSE::SSE()
                0x00000000c00213fc                SSE::SSE()
 .text          0x00000000c0021424       0x94 hw/fpu/x87.32
                0x00000000c0021424                x87::open(int, int, void*)
                0x00000000c0021438                x87::close(int, int, void*)
                0x00000000c002144c                x87::available()
                0x00000000c0021460                x87::save(void*)
                0x00000000c0021478                x87::load(void*)
                0x00000000c0021490                x87::x87()
                0x00000000c0021490                x87::x87()
 .text          0x00000000c00214b8      0x71e hw/intctrl/apic.32
                0x00000000c00214b8                APIC::disable()
                0x00000000c00214ba                APIC::close(int, int, void*)
                0x00000000c00214dc                IOAPIC::close(int, int, void*)
                0x00000000c00214e2                APIC::io_wait()
                0x00000000c00214e8                APIC::getBase()
                0x00000000c002152a                APIC::eoi(unsigned char)
                0x00000000c0021558                APIC::open(int, int, void*)
                0x00000000c00216a6                IOAPIC::IOAPIC()
                0x00000000c00216a6                IOAPIC::IOAPIC()
                0x00000000c00216ce                APIC::APIC()
                0x00000000c00216ce                APIC::APIC()
                0x00000000c00217aa                IOAPIC::handlesGSIWithNumber(unsigned int)
                0x00000000c00217dc                IOAPIC::read(int)
                0x00000000c0021804                IOAPIC::open(int, int, void*)
                0x00000000c00218fa                IOAPIC::write(int, int)
                0x00000000c0021926                IOAPIC::redirect(unsigned char, unsigned long long, unsigned char, bool, bool)
                0x00000000c0021a20                APIC::installIRQHandler(int, void (*)(regs*, void*), bool, void*)
 .text          0x00000000c0021bd6      0x3d3 hw/intctrl/pic.32
                0x00000000c0021bd6                PIC::disable()
                0x00000000c0021c04                PIC::close(int, int, void*)
                0x00000000c0021c26                PIC::PIC()
                0x00000000c0021c26                PIC::PIC()
                0x00000000c0021cfc                PIC::ioWait()
                0x00000000c0021d02                PIC::getIRQReg(int)
                0x00000000c0021d6c                PIC::eoi(unsigned char)
                0x00000000c0021dfe                PIC::remap()
                0x00000000c0021f6a                PIC::open(int, int, void*)
 *fill*         0x00000000c0021fa9        0x3 
 .text          0x00000000c0021fac      0x240 hw/timer/apictimer.32
                0x00000000c0021fac                APICTimer::close(int, int, void*)
                0x00000000c0021fb4                apicTimerHandler(regs*, void*)
                0x00000000c0021fdc                APICTimer::write(int)
                0x00000000c00220c4                APICTimer::open(int, int, void*)
                0x00000000c00221c4                APICTimer::APICTimer()
                0x00000000c00221c4                APICTimer::APICTimer()
 .text          0x00000000c00221ec      0x1a3 hw/timer/pit.32
                0x00000000c00221ec                PIT::write(int)
                0x00000000c002226c                pitHandler(regs*, void*)
                0x00000000c0022290                PIT::open(int, int, void*)
                0x00000000c00222e0                PIT::close(int, int, void*)
                0x00000000c0022310                PIT::PIT()
                0x00000000c0022310                PIT::PIT()
 *fill*         0x00000000c002238f        0x1 
 .text          0x00000000c0022390       0x1e hw/fpu/x86/avx.32
                0x00000000c0022390                avxDetect
                0x00000000c0022396                avxSave
                0x00000000c0022397                avxLoad
                0x00000000c0022398                avxInit
                0x00000000c0022399                avxClose
                0x00000000c002239a                wouldSheSayYes
 *fill*         0x00000000c00223ae        0x2 
 .text          0x00000000c00223b0       0x35 hw/fpu/x86/sse.32
                0x00000000c00223b0                absolutelyNoChanceInHell
                0x00000000c00223b0                sseDetect
                0x00000000c00223c8                sseSave
                0x00000000c00223ce                sseLoad
                0x00000000c00223d4                sseInit
                0x00000000c00223e4                sseClose
 *fill*         0x00000000c00223e5        0xb 
 .text          0x00000000c00223f0       0x4d hw/fpu/x86/x87.32
                0x00000000c00223f6                x87Detect
                0x00000000c0022411                x87Save
                0x00000000c002241a                x87Load
                0x00000000c0022422                x87Init
                0x00000000c002243c                x87Close
 *fill*         0x00000000c002243d        0x3 
 .text          0x00000000c0022440       0x25 /cygdrive/d/Users/Alex/Desktop/Toolchain/Output/bin/../lib/gcc/i386-banana/8.1.0/crtend.o
 .text          0x00000000c0022465        0x0 crtn.32
 *fill*         0x00000000c0022465        0x3 
 .text          0x00000000c0022468      0x14b /cygdrive/d/Users/Alex/Desktop/Toolchain/Output/bin/../lib/gcc/i386-banana/8.1.0/libkgcc.a(_divdi3.o)
                0x00000000c0022468                __divdi3
 *fill*         0x00000000c00225b3        0x1 
 .text          0x00000000c00225b4      0x17e /cygdrive/d/Users/Alex/Desktop/Toolchain/Output/bin/../lib/gcc/i386-banana/8.1.0/libkgcc.a(_moddi3.o)
                0x00000000c00225b4                __moddi3
 *fill*         0x00000000c0022732        0x2 
 .text          0x00000000c0022734       0xff /cygdrive/d/Users/Alex/Desktop/Toolchain/Output/bin/../lib/gcc/i386-banana/8.1.0/libkgcc.a(_udivdi3.o)
                0x00000000c0022734                __udivdi3
 *fill*         0x00000000c0022833        0x1 
 .text          0x00000000c0022834      0x11a /cygdrive/d/Users/Alex/Desktop/Toolchain/Output/bin/../lib/gcc/i386-banana/8.1.0/libkgcc.a(_umoddi3.o)
                0x00000000c0022834                __umoddi3
 *(.gnu.linkonce.t*)

.iplt           0x00000000c0022950        0x0
 .iplt          0x00000000c0022950        0x0 D:/Users/Alex/Desktop/Banana/kernel/boot.32

.init           0x00000000c002294e        0xf
 .init          0x00000000c002294e        0x3 crti.32
                0x00000000c002294e                _init
 .init          0x00000000c0022951        0x5 /cygdrive/d/Users/Alex/Desktop/Toolchain/Output/bin/../lib/gcc/i386-banana/8.1.0/crtbegin.o
 .init          0x00000000c0022956        0x5 /cygdrive/d/Users/Alex/Desktop/Toolchain/Output/bin/../lib/gcc/i386-banana/8.1.0/crtend.o
 .init          0x00000000c002295b        0x2 crtn.32

.fini           0x00000000c002295d        0xa
 .fini          0x00000000c002295d        0x3 crti.32
                0x00000000c002295d                _fini
 .fini          0x00000000c0022960        0x5 /cygdrive/d/Users/Alex/Desktop/Toolchain/Output/bin/../lib/gcc/i386-banana/8.1.0/crtbegin.o
 .fini          0x00000000c0022965        0x2 crtn.32

.text._ZN8ComputerD2Ev
                0x00000000c0022968       0x23
 .text._ZN8ComputerD2Ev
                0x00000000c0022968       0x23 core/computer.32
                0x00000000c0022968                Computer::~Computer()
                0x00000000c0022968                Computer::~Computer()

.text._ZN8ComputerD0Ev
                0x00000000c002298c       0x2a
 .text._ZN8ComputerD0Ev
                0x00000000c002298c       0x2a core/computer.32
                0x00000000c002298c                Computer::~Computer()

.text._Z10idleCommonv
                0x00000000c00229b6       0x21
 .text._Z10idleCommonv
                0x00000000c00229b6       0x21 core/idle.32
                0x00000000c00229b6                idleCommon()

.text._ZN10LinkedListI8UnixFileED2Ev
                0x00000000c00229d8        0x2
 .text._ZN10LinkedListI8UnixFileED2Ev
                0x00000000c00229d8        0x2 core/unixfile.32
                0x00000000c00229d8                LinkedList<UnixFile>::~LinkedList()
                0x00000000c00229d8                LinkedList<UnixFile>::~LinkedList()

.text._ZN10LinkedListI8UnixFileEC2Ev
                0x00000000c00229da       0x42
 .text._ZN10LinkedListI8UnixFileEC2Ev
                0x00000000c00229da       0x42 core/unixfile.32