Archive member included to satisfy reference by file (symbol)

/cygdrive/d/Users/Alex/Desktop/Toolchain/Output/bin/../lib/gcc/i386-banana/8.1.0/libgcc.a(_divdi3.o)
                              fs/fat/ff.32 (__divdi3)
/cygdrive/d/Users/Alex/Desktop/Toolchain/Output/bin/../lib/gcc/i386-banana/8.1.0/libgcc.a(_moddi3.o)
                              thr/elf.32 (__moddi3)
/cygdrive/d/Users/Alex/Desktop/Toolchain/Output/bin/../lib/gcc/i386-banana/8.1.0/libgcc.a(_udivdi3.o)
                              fs/fat/ff.32 (__udivdi3)
/cygdrive/d/Users/Alex/Desktop/Toolchain/Output/bin/../lib/gcc/i386-banana/8.1.0/libgcc.a(_umoddi3.o)
                              core/pipe.32 (__umoddi3)
D:/Users/Alex/Desktop/Banana/kernel/libk/libm32.a(s_fabs.c.o)
                              hal/libresample/samplerate.32 (fabs)
D:/Users/Alex/Desktop/Banana/kernel/libk/libm32.a(s_lrint.S.o)
                              hal/libresample/samplerate.32 (lrint)
D:/Users/Alex/Desktop/Banana/kernel/libk/libm32.a(s_lrintf.S.o)
                              hal/sound/sndhw.32 (lrintf)

Discarded input sections

 .comment       0x0000000000000000       0x12 /cygdrive/d/Users/Alex/Desktop/Toolchain/Output/bin/../lib/gcc/i386-banana/8.1.0/crtbegin.o
 .comment       0x0000000000000000       0x12 acpica/utclib.32
 .comment       0x0000000000000000       0x12 core/malloc.32
 .comment       0x0000000000000000       0x12 libk/string.32
 .comment       0x0000000000000000       0x12 fs/fat/diskio.32
 .comment       0x0000000000000000       0x12 fs/fat/ff.32
 .comment       0x0000000000000000       0x12 fs/fat/ffsystem.32
 .comment       0x0000000000000000       0x12 fs/fat/ffunicode.32
 .comment       0x0000000000000000       0x12 hal/libresample/samplerate.32
 .comment       0x0000000000000000       0x12 hal/libresample/src_linear.32
 .comment       0x0000000000000000       0x12 hal/libresample/src_sinc.32
 .comment       0x0000000000000000       0x12 hal/libresample/src_zoh.32
 .group         0x0000000000000000       0x14 core/computer.32
 .group         0x0000000000000000        0xc core/computer.32
 .comment       0x0000000000000000       0x12 core/computer.32
 .comment       0x0000000000000000       0x12 core/gdt.32
 .group         0x0000000000000000        0xc core/idle.32
 .comment       0x0000000000000000       0x12 core/idle.32
 .comment       0x0000000000000000       0x12 core/idt.32
 .group         0x0000000000000000        0x8 core/kheap.32
 .group         0x0000000000000000        0x8 core/kheap.32
 .comment       0x0000000000000000       0x12 core/kheap.32
 .comment       0x0000000000000000       0x12 core/main.32
 .comment       0x0000000000000000       0x12 core/physmgr.32
 .group         0x0000000000000000        0xc core/pipe.32
 .comment       0x0000000000000000       0x12 core/pipe.32
 .group         0x0000000000000000        0xc core/terminal.32
 .comment       0x0000000000000000       0x12 core/terminal.32
 .group         0x0000000000000000        0x8 core/tss.32
 .text._ZN3CPU7readCR3Ev
                0x0000000000000000       0x12 core/tss.32
 .comment       0x0000000000000000       0x12 core/tss.32
 .group         0x0000000000000000        0x8 core/unixfile.32
 .group         0x0000000000000000        0xc core/unixfile.32
 .group         0x0000000000000000        0xc core/unixfile.32
 .group         0x0000000000000000        0x8 core/unixfile.32
 .group         0x0000000000000000        0xc core/unixfile.32
 .group         0x0000000000000000        0x8 core/unixfile.32
 .group         0x0000000000000000        0xc core/unixfile.32
 .group         0x0000000000000000        0xc core/unixfile.32
 .comment       0x0000000000000000       0x12 core/unixfile.32
 .group         0x0000000000000000        0x8 core/virtmgr.32
 .group         0x0000000000000000        0x8 core/virtmgr.32
 .text._ZN3CPU7readCR3Ev
                0x0000000000000000       0x12 core/virtmgr.32
 .text._ZN3CPU8writeCR3Em
                0x0000000000000000        0x9 core/virtmgr.32
 .comment       0x0000000000000000       0x12 core/virtmgr.32
 .comment       0x0000000000000000       0x12 coreobjs/c++.32
 .comment       0x0000000000000000       0x12 dbg/kconsole.32
 .group         0x0000000000000000        0xc fs/vfs.32
 .group         0x0000000000000000        0xc fs/vfs.32
 .group         0x0000000000000000        0xc fs/vfs.32
 .comment       0x0000000000000000       0x12 fs/vfs.32
 .group         0x0000000000000000        0xc hal/bus.32
 .comment       0x0000000000000000       0x12 hal/bus.32
 .group         0x0000000000000000        0xc hal/buzzer.32
 .comment       0x0000000000000000       0x12 hal/buzzer.32
 .group         0x0000000000000000        0xc hal/clock.32
 .comment       0x0000000000000000       0x12 hal/clock.32
 .group         0x0000000000000000       0x14 hal/device.32
 .group         0x0000000000000000        0xc hal/device.32
 .group         0x0000000000000000        0xc hal/device.32
[...]
Memory Configuration

Name             Origin             Length             Attributes
*default*        0x0000000000000000 0xffffffffffffffff

Linker script and memory map

LOAD D:/Users/Alex/Desktop/Banana/kernel/boot.32
LOAD crti.32
LOAD /cygdrive/d/Users/Alex/Desktop/Toolchain/Output/bin/../lib/gcc/i386-banana/8.1.0/crtbegin.o
LOAD D:/Users/Alex/Desktop/Banana/kernel/morenasm.32
LOAD acpica/utclib.32
LOAD core/malloc.32
LOAD libk/string.32
LOAD fs/fat/diskio.32
LOAD fs/fat/ff.32
LOAD fs/fat/ffsystem.32
LOAD fs/fat/ffunicode.32
LOAD hal/libresample/samplerate.32
LOAD hal/libresample/src_linear.32
LOAD hal/libresample/src_sinc.32
LOAD hal/libresample/src_zoh.32
LOAD core/computer.32
LOAD core/gdt.32
LOAD core/idle.32
LOAD core/idt.32
LOAD core/kheap.32
LOAD core/main.32
LOAD core/physmgr.32
LOAD core/pipe.32
LOAD core/terminal.32
LOAD core/tss.32
LOAD core/unixfile.32
LOAD core/virtmgr.32
LOAD coreobjs/c++.32
LOAD dbg/kconsole.32
LOAD fs/vfs.32
LOAD hal/bus.32
LOAD hal/buzzer.32
LOAD hal/clock.32
LOAD hal/device.32
LOAD hal/diskctrl.32
LOAD hal/diskphys.32
LOAD hal/fpu.32
LOAD hal/intctrl.32
LOAD hal/keybrd.32
LOAD hal/logidisk.32
LOAD hal/mouse.32
LOAD hal/partition.32
LOAD hal/timer.32
LOAD hal/vcache.32
LOAD hal/video.32
LOAD hw/acpi.32
LOAD hw/cpu.32
LOAD hw/ports.32
LOAD krnl/panic.32
LOAD reg/registry.32
LOAD sys/sc_exit.32
LOAD sys/sc_loaddll.32
LOAD sys/sc_read.32
LOAD sys/sc_sbrk.32
LOAD sys/sc_write.32
LOAD sys/sc_yield.32
LOAD sys/syscalls.32
LOAD thr/elf.32
LOAD thr/prcssthr.32
LOAD vm86/vm8086.32
LOAD fs/fat/vfslink.32
LOAD fs/iso9660/vfslink.32
LOAD hal/sound/sndchannel.32
LOAD hal/sound/sndhw.32
LOAD hw/bus/isa.32
LOAD hw/bus/pci.32
LOAD hw/diskctrl/ide.32
LOAD hw/diskphys/ata.32
LOAD hw/diskphys/atapi.32
LOAD hw/fpu/avx.32
LOAD hw/fpu/mmx.32
LOAD hw/fpu/sse.32
LOAD hw/fpu/x87.32
LOAD hw/intctrl/apic.32
LOAD hw/intctrl/pic.32
LOAD hw/timer/apictimer.32
LOAD hw/timer/pit.32
LOAD hw/fpu/x86/avx.32
LOAD hw/fpu/x86/sse.32
LOAD hw/fpu/x86/x87.32
LOAD /cygdrive/d/Users/Alex/Desktop/Toolchain/Output/bin/../lib/gcc/i386-banana/8.1.0/crtend.o
LOAD crtn.32
LOAD /cygdrive/d/Users/Alex/Desktop/Toolchain/Output/bin/../lib/gcc/i386-banana/8.1.0/libgcc.a
LOAD D:/Users/Alex/Desktop/Banana/kernel/libk/libm32.a
                0x00000000c0000000                . = 0xc0000000

.text           0x00000000c0000000    0x1e9e8
 *(.text)
 .text          0x00000000c0000000       0x41 D:/Users/Alex/Desktop/Banana/kernel/boot.32
                0x00000000c0000020                callGlobalConstructors
 .text          0x00000000c0000041        0x0 crti.32
 *fill*         0x00000000c0000041        0x3 
 .text          0x00000000c0000044      0x101 /cygdrive/d/Users/Alex/Desktop/Toolchain/Output/bin/../lib/gcc/i386-banana/8.1.0/crtbegin.o
 *fill*         0x00000000c0000145        0xb 
 .text          0x00000000c0000150      0x41f D:/Users/Alex/Desktop/Banana/kernel/morenasm.32
                0x00000000c0000150                doTPAUSE
                0x00000000c000015a                hasLegacyFPU
                0x00000000c000017f                is486
                0x00000000c00001b5                goToVM86
                0x00000000c00001e6                goToUsermode
                0x00000000c0000211                switchToThreadASMFirstTime
                0x00000000c000021f                switchToThreadASM
                0x00000000c00002bf                detectCPUID
                0x00000000c00002d5                asmQuickAcquireLock
                0x00000000c00002f3                asmQuickReleaseLock
                0x00000000c00002ff                asmAcquireLock
                0x00000000c0000320                asmReleaseLock
                0x00000000c0000333                loadGDT
                0x00000000c0000353                isr0
                0x00000000c0000363                isr1
                0x00000000c000036d                isr2
                0x00000000c0000377                isr3
                0x00000000c0000381                isr4
                0x00000000c000038b                isr5
                0x00000000c0000395                isr6
                0x00000000c000039f                isr7
                0x00000000c00003a9                isr8
                0x00000000c00003b1                isr9
                0x00000000c00003bb                isr10
                0x00000000c00003c3                isr11
                0x00000000c00003cb                isr12
                0x00000000c00003d3                isr13
                0x00000000c00003db                isr14
                0x00000000c00003e3                isr15
                0x00000000c00003ed                isr16
                0x00000000c00003f7                isr17
                0x00000000c0000401                isr18
                0x00000000c000040b                isr96
                0x00000000c0000415                irq0
                0x00000000c000041f                irq1
                0x00000000c0000429                irq2
                0x00000000c0000433                irq3
                0x00000000c000043d                irq4
                0x00000000c0000447                irq5
                0x00000000c0000451                irq6
                0x00000000c000045b                irq7
                0x00000000c0000465                irq8
                0x00000000c000046f                irq9
                0x00000000c0000479                irq10
                0x00000000c0000483                irq11
                0x00000000c000048d                irq12
                0x00000000c0000497                irq13
                0x00000000c00004a1                irq14
                0x00000000c00004ab                irq15
                0x00000000c00004b5                irq16
                0x00000000c00004bf                irq17
                0x00000000c00004c9                irq18
                0x00000000c00004d3                irq19
                0x00000000c00004dd                irq20
                0x00000000c00004e7                irq21
                0x00000000c00004f1                irq22
                0x00000000c00004fb                irq23
                0x00000000c0000505                int_common_stub
                0x00000000c0000535                syscall_common_stub
 .text          0x00000000c000056f      0x40f acpica/utclib.32
                0x00000000c000056f                memcmp
                0x00000000c000059a                memmove
                0x00000000c00005d2                memcpy
                0x00000000c0000608                memset
                0x00000000c0000625                strlen
                0x00000000c0000635                strpbrk
                0x00000000c0000658                strtok
                0x00000000c00006a7                strcpy
                0x00000000c00006c7                strncpy
                0x00000000c00006f8                strcmp
                0x00000000c0000719                strchr
                0x00000000c000072f                strncmp
                0x00000000c000075e                strcat
                0x00000000c0000785                strncat
                0x00000000c00007bf                strstr
                0x00000000c00007fc                toupper
                0x00000000c0000810                tolower
                0x00000000c0000824                simple_strtoul
 .text          0x00000000c000097e      0xfbf core/malloc.32
                0x00000000c0000ae9                dlfree
                0x00000000c0000e44                dlmalloc
                0x00000000c0001381                dlrealloc
                0x00000000c0001536                dlmemalign
                0x00000000c0001659                dlcalloc
                0x00000000c00016f3                dlcfree
                0x00000000c00016f8                dlindependent_calloc
                0x00000000c000171d                dlindependent_comalloc
                0x00000000c0001734                dlvalloc
                0x00000000c000175f                dlpvalloc
                0x00000000c0001795                dlmalloc_trim
                0x00000000c00017a2                dlmalloc_usable_size
                0x00000000c00017d3                dlmallinfo
                0x00000000c00018a2                dlmalloc_stats
                0x00000000c00018b3                dlmallopt
 .text          0x00000000c000193d        0x0 libk/string.32
 .text          0x00000000c000193d       0x51 fs/fat/diskio.32
                0x00000000c000193d                disk_status
                0x00000000c0001940                disk_initialize
                0x00000000c0001943                disk_read
                0x00000000c0001959                disk_write
                0x00000000c000196f                disk_ioctl
 .text          0x00000000c000198e     0x6833 fs/fat/ff.32
                0x00000000c0004c5c                f_mount
                0x00000000c0004cbe                f_open
                0x00000000c00050fa                f_read
                0x00000000c000537a                f_write
                0x00000000c0005634                f_sync
                0x00000000c0005810                f_close
                0x00000000c000583f                f_lseek
                0x00000000c0005cf6                f_opendir
                0x00000000c0005df8                f_closedir
                0x00000000c0005e1a                f_readdir
                0x00000000c0005eb5                f_stat
                0x00000000c0005f44                f_getfree
                0x00000000c000610f                f_truncate
                0x00000000c0006207                f_unlink
                0x00000000c000638a                f_mkdir
                0x00000000c00065b6                f_rename
                0x00000000c00068a9                f_chmod
                0x00000000c0006987                f_utime
                0x00000000c0006a65                f_getlabel
                0x00000000c0006c53                f_setlabel
                0x00000000c0006ec0                f_forward
                0x00000000c000709e                f_mkfs
 .text          0x00000000c00081c1       0x2d fs/fat/ffsystem.32
                0x00000000c00081c1                ff_memalloc
                0x00000000c00081d7                ff_memfree
 .text          0x00000000c00081ee      0x253 fs/fat/ffunicode.32
                0x00000000c00081ee                ff_uni2oem
                0x00000000c000827e                ff_oem2uni
                0x00000000c00082ea                ff_wtoupper
 .text          0x00000000c0008441      0x70e hal/libresample/samplerate.32
                0x00000000c00084c9                src_delete
                0x00000000c0008505                src_process
                0x00000000c000862d                src_callback_read
                0x00000000c000878e                src_set_ratio
                0x00000000c00087e5                src_get_channels
                0x00000000c0008807                src_reset
                0x00000000c000884b                src_new
                0x00000000c00088d9                src_callback_new
                0x00000000c000893b                src_get_name
                0x00000000c0008972                src_get_description
                0x00000000c00089a9                src_get_version
                0x00000000c00089af                src_is_valid_ratio
                0x00000000c00089c9                src_error
                0x00000000c00089d7                src_strerror
                0x00000000c00089ea                src_simple
                0x00000000c0008a3d                src_short_to_float_array
                0x00000000c0008a63                src_float_to_short_array
                0x00000000c0008ac7                src_int_to_float_array
                0x00000000c0008aed                src_float_to_int_array
 .text          0x00000000c0008b4f      0x3fd hal/libresample/src_linear.32
                0x00000000c0008ea7                linear_get_name
                0x00000000c0008eb6                linear_get_description
                0x00000000c0008ec5                linear_set_converter
 .text          0x00000000c0008f4c     0x1a3f hal/libresample/src_sinc.32
                0x00000000c000a8a2                sinc_get_name
                0x00000000c000a8b5                sinc_get_description
                0x00000000c000a8c8                sinc_set_converter
 .text          0x00000000c000a98b      0x3d3 hal/libresample/src_zoh.32
                0x00000000c000acb9                zoh_get_name
                0x00000000c000acc8                zoh_get_description
                0x00000000c000acd7                zoh_set_converter
 .text          0x00000000c000ad5e      0x695 core/computer.32
                0x00000000c000ad5e                Computer::close(int, int, void*)
                0x00000000c000ada2                Computer::Computer()
                0x00000000c000ada2                Computer::Computer()
                0x00000000c000aefe                Computer::setBootMessage(char const*)
                0x00000000c000af00                Computer::start()
                0x00000000c000afdc                firstTask()
                0x00000000c000afea                Computer::detectFeatures()
                0x00000000c000b1c4                Computer::displayFeatures()
                0x00000000c000b1c6                Computer::rdmsr(unsigned int)
                0x00000000c000b1f2                Computer::wrmsr(unsigned int, unsigned long long)
                0x00000000c000b22a                Computer::nmiEnabled()
                0x00000000c000b236                Computer::readCMOS(unsigned char)
                0x00000000c000b250                Computer::enableNMI(bool)
                0x00000000c000b268                Computer::open(int, int, void*)
                0x00000000c000b336                Computer::disableNMI()
                0x00000000c000b344                Computer::writeCMOS(unsigned char, unsigned char)
                0x00000000c000b362                Computer::handleNMI()
                0x00000000c000b3c8                Computer::setDiskActivityLight(int, bool)
 *fill*         0x00000000c000b3f3        0x1 
 .text          0x00000000c000b3f4      0x1b7 core/gdt.32
                0x00000000c000b3f4                GDTEntry::setBase(unsigned int)
                0x00000000c000b410                GDTEntry::setLimit(unsigned int)
                0x00000000c000b42e                GDT::GDT()
                0x00000000c000b42e                GDT::GDT()
                0x00000000c000b444                GDT::addEntry(GDTEntry)
                0x00000000c000b480                GDT::getNumberOfEntries()
                0x00000000c000b488                GDT::flush()
                0x00000000c000b4aa                GDT::setup()
 .text          0x00000000c000b5ab       0x61 core/idle.32
                0x00000000c000b5ab                idleFunction(void*)
 .text          0x00000000c000b60c      0x45f core/idt.32
                0x00000000c000b60c                IDTEntry::IDTEntry(bool)
                0x00000000c000b60c                IDTEntry::IDTEntry(bool)
                0x00000000c000b67a                IDTEntry::setOffset(unsigned int)
                0x00000000c000b68e                IDT::IDT()
                0x00000000c000b68e                IDT::IDT()
                0x00000000c000b690                IDT::getPointerToInvalidOpcodeEntryForF00F()
                0x00000000c000b698                IDT::addEntry(IDTEntry, int)
                0x00000000c000b6b2                IDT::addEntry(int, void (*)(), bool)
                0x00000000c000b6ea                IDT::flush()
                0x00000000c000b704                IDT::setup()
 .text          0x00000000c000ba6b      0x20d core/kheap.32
                0x00000000c000ba6b                sbrk
                0x00000000c000bb83                mmap
                0x00000000c000bb99                munmap
                0x00000000c000bbaf                liballoc_lock()
                0x00000000c000bbc0                liballoc_unlock()
                0x00000000c000bbd1                liballoc_alloc(int)
                0x00000000c000bbec                liballoc_free(void*, int)
                0x00000000c000bc0a                realloc
                0x00000000c000bc1e                malloc
                0x00000000c000bc2e                free
                0x00000000c000bc3e                rfree
                0x00000000c000bc4e                calloc
 .text          0x00000000c000bc78      0x38d core/main.32
                0x00000000c000bc78                hwTextMode_loadInData(VgaText*)
                0x00000000c000bcbd                hwTextMode_loadInTitle(VgaText*, char*)
                0x00000000c000bcff                hwTextMode_showCursor(VgaText*, bool)
                0x00000000c000bd53                hwTextMode_update(VgaText*)
                0x00000000c000bd54                hwTextMode_updateCursor(VgaText*)
                0x00000000c000bd9c                hwTextMode_disableBlink(VgaText*, bool)
                0x00000000c000bdd8                hwTextMode_scrollScreen(VgaText*)
                0x00000000c000be5e                hwTextMode_writeCharacter(VgaText*, char, VgaColour, VgaColour, int, int)
                0x00000000c000bebc                setupTextMode()
                0x00000000c000bf0d                kernel_main
 .text          0x00000000c000c005      0x46c core/physmgr.32
                0x00000000c000c005                Phys::allocateDMA(unsigned long)
                0x00000000c000c0a8                Phys::freeDMA(unsigned long, unsigned long)
                0x00000000c000c0f0                Phys::setPageState(unsigned long, bool)
                0x00000000c000c122                Phys::getPageState(unsigned long)
                0x00000000c000c13e                Phys::freePage(unsigned long)
                0x00000000c000c1c8                Phys::allocatePage()
                0x00000000c000c284                Phys::allowSegmentToBeUsed(unsigned long, unsigned long)
                0x00000000c000c2bc                Phys::physicalMemorySetup(unsigned int)
 *fill*         0x00000000c000c471        0x1 
 .text          0x00000000c000c472      0x273 core/pipe.32
                0x00000000c000c472                Pipe::isAtty()
                0x00000000c000c476                Pipe::~Pipe()
                0x00000000c000c476                Pipe::~Pipe()
                0x00000000c000c49a                Pipe::~Pipe()
                0x00000000c000c4c2                Pipe::read(unsigned long long, void*, int*)
                0x00000000c000c5b6                Pipe::write(unsigned long long, void*, int*)
                0x00000000c000c67e                Pipe::Pipe(int)
                0x00000000c000c67e                Pipe::Pipe(int)
 *fill*         0x00000000c000c6e5        0x1 
 .text          0x00000000c000c6e6      0xf65 core/terminal.32
                0x00000000c000c6e6                VgaText::isAtty()
                0x00000000c000c6ea                VgaText::~VgaText()
                0x00000000c000c6ea                VgaText::~VgaText()
                0x00000000c000c70e                VgaText::~VgaText()
                0x00000000c000c738                VgaText::read(unsigned long long, void*, int*)
                0x00000000c000c758                setTerminalScrollLock(bool)
                0x00000000c000c759                addToTerminalCycle(VgaText*)
                0x00000000c000c786                installVgaTextImplementation()
                0x00000000c000c79b                scrollTerminalScrollLock(int)
                0x00000000c000c79c                VgaText::load()
                0x00000000c000c7f0                VgaText::updateCursor()
                0x00000000c000c80a                VgaText::showCursor(bool)
                0x00000000c000c81a                VgaText::disableBlink(bool)
                0x00000000c000c854                VgaText::doANSI_SGR(int)
                0x00000000c000c8e0                VgaText::setDefaultBgColour(VgaColour)
                0x00000000c000c8f6                VgaText::setDefaultFgColour(VgaColour)
                0x00000000c000c90c                VgaText::setDefaultColours(VgaColour, VgaColour)
                0x00000000c000c92c                VgaText::combineColours(unsigned char, unsigned char)
                0x00000000c000c93e                VgaText::scrollScreen()
                0x00000000c000c9d2                VgaText::combineCharAndColour(char, unsigned char)
                0x00000000c000c9e4                VgaText::writeCharacter(char, VgaColour, VgaColour, int, int)
                0x00000000c000ca44                VgaText::getCursorX()
                0x00000000c000ca50                VgaText::getCursorY()
                0x00000000c000ca5c                VgaText::setCursor(int, int)
                0x00000000c000ca7a                VgaText::setCursorX(int)
                0x00000000c000ca96                VgaText::setCursorY(int)
                0x00000000c000cab2                VgaText::incrementCursor(bool)
                0x00000000c000cb1a                VgaText::updateRAMUsageDisplay(int)
                0x00000000c000cb74                VgaText::updateDiskUsage()
                0x00000000c000ccda                VgaText::updateTitle()
                0x00000000c000cd20                VgaText::setTitleTextColour(VgaColour)
                0x00000000c000cd30                VgaText::setTitleColour(VgaColour)
                0x00000000c000cd40                VgaText::setTitle(char*)
                0x00000000c000cd66                VgaText::decrementCursor(bool)
                0x00000000c000cd8e                VgaText::putchar(char, VgaColour, VgaColour)
                0x00000000c000ce8a                VgaText::isShowingCursor()
                0x00000000c000ce96                VgaText::isBlinkDisabled()
                0x00000000c000cea4                VgaText::setCursorHeight(int)
                0x00000000c000cec2                VgaText::getCursorHeight()
                0x00000000c000cecd                setActiveTerminal(VgaText*)
                0x00000000c000cf7f                doTerminalCycle()
                0x00000000c000cf9c                VgaText::doUpdate()
                0x00000000c000cfae                VgaText::puts(char const*, VgaColour, VgaColour)
                0x00000000c000d16e                VgaText::clearScreen()
                0x00000000c000d1d2                VgaText::putchar(char)
                0x00000000c000d2ec                VgaText::puts(char const*)
                0x00000000c000d312                VgaText::putx(unsigned int)
                0x00000000c000d358                VgaText::VgaText(char const*)
                0x00000000c000d358                VgaText::VgaText(char const*)
                0x00000000c000d4ea                VgaText::receiveKey(unsigned char)
                0x00000000c000d5d2                VgaText::write(unsigned long long, void*, int*)
                0x00000000c000d626                newTerminal(char*)
 *fill*         0x00000000c000d64b        0x1 
 .text          0x00000000c000d64c      0x18f core/tss.32
                0x00000000c000d64c                TSS::TSS()
                0x00000000c000d64c                TSS::TSS()
                0x00000000c000d65a                TSS::setESP(unsigned long)
                0x00000000c000d66c                TSS::flush()
                0x00000000c000d68c                TSS::setup(unsigned long, unsigned long)
 *fill*         0x00000000c000d7db        0x1 
 .text          0x00000000c000d7dc      0x545 core/unixfile.32
                0x00000000c000d7dc                ReservedFilename::read(unsigned long long, void*, int*)
                0x00000000c000d872                ReservedFilename::isAtty()
                0x00000000c000d8a8                ReservedFilename::write(unsigned long long, void*, int*)
                0x00000000c000d942                UnixFile::getFileDescriptor()
                0x00000000c000d94a                UnixFile::UnixFile(int)
                0x00000000c000d94a                UnixFile::UnixFile(int)
                0x00000000c000daba                ReservedFilename::ReservedFilename(int)
                0x00000000c000daba                ReservedFilename::ReservedFilename(int)
                0x00000000c000daec                UnixFile::~UnixFile()
                0x00000000c000daec                UnixFile::~UnixFile()
                0x00000000c000db84                UnixFile::~UnixFile()
                0x00000000c000dbac                ReservedFilename::~ReservedFilename()
                0x00000000c000dbac                ReservedFilename::~ReservedFilename()
                0x00000000c000dbd0                ReservedFilename::~ReservedFilename()
                0x00000000c000dbf7                getFromFileDescriptor(int)
 *fill*         0x00000000c000dd21        0x1 
 .text          0x00000000c000dd22     0x1175 core/virtmgr.32
                0x00000000c000dd22                Virt::setPageState(unsigned long, Virt::VirtPageState)
                0x00000000c000dd57                Virt::getPageState(unsigned long)
                0x00000000c000dd7b                Virt::allocateKernelVirtualPages(int)
                0x00000000c000de8c                Virt::virtualMemorySetup()
                0x00000000c000df0b                Virt::getAKernelVAS()
                0x00000000c000df11                Virt::setupPageSwapping(int)
                0x00000000c000e036                VAS::VAS()
                0x00000000c000e036                VAS::VAS()
                0x00000000c000e066                VAS::getForeignPageTableEntry(bool, unsigned long)
                0x00000000c000e092                VAS::getPageTableEntry(unsigned long)
                0x00000000c000e0b1                Virt::freeKernelVirtualPages(unsigned long)
                0x00000000c000e1d4                VAS::freeAllocatedPages(unsigned long)
                0x00000000c000e1f8                VAS::virtualToPhysical(unsigned long)
                0x00000000c000e210                VAS::mapOtherVASIn(bool, VAS*)
                0x00000000c000e246                VAS::~VAS()
                0x00000000c000e246                VAS::~VAS()
                0x00000000c000e3b2                VAS::mapPage(unsigned long, unsigned long, int)
                0x00000000c000e4b2                VAS::allocatePages(int, int)
                0x00000000c000e682                VAS::setCPUSpecific(unsigned long)
                0x00000000c000e69e                VAS::mapRange(unsigned long, unsigned long, int, int)
                0x00000000c000e768                VAS::VAS(VAS*)
                0x00000000c000e768                VAS::VAS(VAS*)
                0x00000000c000eab2                VAS::mapForeignPage(bool, VAS*, unsigned long, unsigned long, int)
                0x00000000c000eba0                VAS::VAS(bool)
                0x00000000c000eba0                VAS::VAS(bool)
                0x00000000c000edd0                mapVASFirstTime
 .text          0x00000000c000ee97       0x93 coreobjs/c++.32
                0x00000000c000ee97                __cxa_atexit
                0x00000000c000ee9a                __cxa_finalize
                0x00000000c000ee9b                __stack_chk_fail
                0x00000000c000eefb                __cxa_pure_virtual
                0x00000000c000ef0c                operator new(unsigned long)
                0x00000000c000ef11                operator new[](unsigned long)
                0x00000000c000ef16                operator delete(void*)
                0x00000000c000ef1b                operator delete(void*, unsigned long)
                0x00000000c000ef20                operator delete[](void*)
                0x00000000c000ef25                operator delete[](void*, unsigned long)
 .text          0x00000000c000ef2a      0x1ef dbg/kconsole.32
                0x00000000c000ef2a                Dbg::stringifyxWithBase(unsigned int, char*, int)
                0x00000000c000ef8b                Dbg::logc(char)
                0x00000000c000efa2                Dbg::logs(char*)
                0x00000000c000efbf                Dbg::logWriteInt(unsigned int)
                0x00000000c000efdc                Dbg::logWriteIntBase(unsigned int, int)
                0x00000000c000effb                Dbg::kprintf(char const*, ...)
 *fill*         0x00000000c000f119        0x1 
 .text          0x00000000c000f11a      0xb68 fs/vfs.32
                0x00000000c000f11a                File::read(unsigned long long, void*, int*)
                0x00000000c000f172                File::write(unsigned long long, void*, int*)
                0x00000000c000f1ca                Directory::read(unsigned long long, void*, int*)
                0x00000000c000f222                Directory::write(unsigned long long, void*, int*)
                0x00000000c000f250                File::isAtty()
                0x00000000c000f254                Directory::isAtty()
                0x00000000c000f258                Filesystem::getlabel(LogicalDisk*, int, char*, unsigned int*)
                0x00000000c000f25e                Filesystem::setlabel(LogicalDisk*, int, char*)
                0x00000000c000f264                File::~File()
                0x00000000c000f264                File::~File()
                0x00000000c000f288                File::~File()
                0x00000000c000f2b2                Directory::~Directory()
                0x00000000c000f2b2                Directory::~Directory()
                0x00000000c000f2d6                Directory::~Directory()
                0x00000000c000f300                Filesystem::Filesystem()
                0x00000000c000f300                Filesystem::Filesystem()
                0x00000000c000f324                Filesystem::~Filesystem()
                0x00000000c000f324                Filesystem::~Filesystem()
                0x00000000c000f332                Filesystem::~Filesystem()
                0x00000000c000f356                initVFS()
                0x00000000c000f380                standardiseFiles(char*, char const*, char const*)
                0x00000000c000f52a                File::File(char const*, Process*)
                0x00000000c000f52a                File::File(char const*, Process*)
                0x00000000c000f58e                File::open(FileOpenMode)
                0x00000000c000f5ec                File::close()
                0x00000000c000f64c                File::seek(unsigned long long)
                0x00000000c000f6a2                File::tell(unsigned long long*)
                0x00000000c000f6f2                File::rewind()
                0x00000000c000f706                File::unlink()
                0x00000000c000f752                File::rename(char const*)
                0x00000000c000f7a0                File::chfatattr(unsigned char, unsigned char)
                0x00000000c000f7fc                File::exists()
                0x00000000c000f83a                File::stat(unsigned long long*, bool*)
                0x00000000c000f89b                getcwd(Process*, char*, int)
                0x00000000c000f8c5                setcwd(Process*, char*)
                0x00000000c000f9ec                Directory::Directory(char const*, Process*)
                0x00000000c000f9ec                Directory::Directory(char const*, Process*)
                0x00000000c000fa50                Directory::open()
                0x00000000c000faac                Directory::close()
                0x00000000c000fb0c                Directory::unlink()
                0x00000000c000fb58                Directory::rename(char const*)
                0x00000000c000fba6                Directory::exists()
                0x00000000c000fbe4                Directory::read(dirent*)
                0x00000000c000fc30                Directory::create()
                0x00000000c000fc7c                Filesystem::chfatattr(char const*, unsigned char, unsigned char)
 .text          0x00000000c000fc82       0x84 hal/bus.32
                0x00000000c000fc82                Bus::Bus(char const*)
                0x00000000c000fc82                Bus::Bus(char const*)
                0x00000000c000fcb8                Bus::~Bus()
                0x00000000c000fcb8                Bus::~Bus()
                0x00000000c000fcdc                Bus::~Bus()
 .text          0x00000000c000fd06      0x14e hal/buzzer.32
                0x00000000c000fd06                Buzzer::Buzzer(char const*)
                0x00000000c000fd06                Buzzer::Buzzer(char const*)
                0x00000000c000fd4a                Buzzer::~Buzzer()
                0x00000000c000fd4a                Buzzer::~Buzzer()
                0x00000000c000fd6e                Buzzer::~Buzzer()
                0x00000000c000fd98                Buzzer::stop()
                0x00000000c000fdab                beepThread(void*)
                0x00000000c000fde6                Buzzer::beep(int, int, bool)
 .text          0x00000000c000fe54      0x42f hal/clock.32
                0x00000000c000fe54                loadClockSettings()
                0x00000000c000fe6e                Clock::Clock(char const*)
                0x00000000c000fe6e                Clock::Clock(char const*)
                0x00000000c000fea4                Clock::~Clock()
                0x00000000c000fea4                Clock::~Clock()
                0x00000000c000fec8                Clock::~Clock()
                0x00000000c000fef2                Clock::timeInSecondsLocal()
                0x00000000c000ff3a                Clock::setTimeInSecondsLocal(unsigned long long)
                0x00000000c000ff93                datetimeToSeconds(datetime_t)
                0x00000000c00100ba                Clock::setTimeInDatetimeLocal(datetime_t)
                0x00000000c001011a                secondsToDatetime(unsigned long long)
                0x00000000c001025e                Clock::timeInDatetimeLocal()
 *fill*         0x00000000c0010283        0x1 
 .text          0x00000000c0010284      0x504 hal/device.32
                0x00000000c0010284                Device::hibernate()
                0x00000000c0010286                Device::wake()
                0x00000000c0010288                Device::detect()
                0x00000000c001028a                Device::disableLegacy()
                0x00000000c001028c                Device::powerSaving(PowerSavingLevel)
                0x00000000c001028e                DriverlessDevice::close(int, int, void*)
                0x00000000c0010292                DriverlessDevice::detect()
                0x00000000c0010294                DriverlessDevice::open(int, int, void*)
                0x00000000c00102a8                Device::~Device()
                0x00000000c00102a8                Device::~Device()
                0x00000000c00102b6                Device::~Device()
                0x00000000c00102de                Device::findAndLoadDriver()
                0x00000000c00102e0                Device::preOpenPCI(PCIDeviceInfo)
                0x00000000c0010306                Device::preOpenACPI(void*, char*, char*)
                0x00000000c001035a                Device::addIRQHandler(int, void (*)(regs*, void*), bool, void*)
                0x00000000c00103b8                Device::removeIRQHandler(int, void (*)(regs*, void*), bool)
                0x00000000c0010406                Device::addChild(Device*)
                0x00000000c001044a                Device::removeAllChildren()
                0x00000000c0010490                Device::hibernateAll()
                0x00000000c00104c0                Device::wakeAll()
                0x00000000c00104f0                Device::detectAll()
                0x00000000c0010520                Device::disableLegacyAll()
                0x00000000c0010550                Device::loadDriversForAll()
                0x00000000c001057c                Device::closeAll()
                0x00000000c00105b2                Device::powerSavingAll(PowerSavingLevel)
                0x00000000c00105e8                Device::setName(char const*)
                0x00000000c00105f6                Device::Device(char const*)
                0x00000000c00105f6                Device::Device(char const*)
                0x00000000c00106e8                Device::getName()
                0x00000000c00106f2                DriverlessDevice::DriverlessDevice(char const*)
                0x00000000c00106f2                DriverlessDevice::DriverlessDevice(char const*)
                0x00000000c001071a                Device::addToLinkedList(LinkedList<Device>&, DeviceType)
                0x00000000c001075e                getDevicesOfType(DeviceType)
 .text          0x00000000c0010788       0x84 hal/diskctrl.32
                0x00000000c0010788                HardDiskController::HardDiskController(char const*)
                0x00000000c0010788                HardDiskController::HardDiskController(char const*)
                0x00000000c00107be                HardDiskController::~HardDiskController()
                0x00000000c00107be                HardDiskController::~HardDiskController()
                0x00000000c00107e2                HardDiskController::~HardDiskController()
 .text          0x00000000c001080c       0xde hal/diskphys.32
                0x00000000c001080c                PhysicalDisk::PhysicalDisk(char const*, int)
                0x00000000c001080c                PhysicalDisk::PhysicalDisk(char const*, int)
                0x00000000c0010874                PhysicalDisk::startCache()
                0x00000000c001089c                PhysicalDisk::~PhysicalDisk()
                0x00000000c001089c                PhysicalDisk::~PhysicalDisk()
                0x00000000c00108c0                PhysicalDisk::~PhysicalDisk()
 .text          0x00000000c00108ea      0x142 hal/fpu.32
                0x00000000c00108ea                FPU::FPU(char const*)
                0x00000000c00108ea                FPU::FPU(char const*)
                0x00000000c0010920                FPU::~FPU()
                0x00000000c0010920                FPU::~FPU()
                0x00000000c0010944                FPU::~FPU()
                0x00000000c001096e                setupFPU()
 .text          0x00000000c0010a2c      0xc21 hal/intctrl.32
                0x00000000c0010a2c                InterruptController::uninstallISRHandler(int, void (*)(regs*, void*))
                0x00000000c0010a64                InterruptController::installISRHandler(int, void (*)(regs*, void*), void*)
                0x00000000c0010ab6                doubleFault(regs*, void*)
                0x00000000c0010ac4                InterruptController::installIRQHandler(int, void (*)(regs*, void*), bool, void*)
                0x00000000c0010b60                InterruptController::clearAllHandlers(int, bool)
                0x00000000c0010c08                InterruptController::uninstallIRQHandler(int, void (*)(regs*, void*), bool)
                0x00000000c0010c8f                nmiHandler(regs*, void*)
                0x00000000c0010c9d                int_handler
                0x00000000c0010d38                InterruptController::InterruptController(char const*)
                0x00000000c0010d38                InterruptController::InterruptController(char const*)
                0x00000000c0010dde                InterruptController::~InterruptController()
                0x00000000c0010dde                InterruptController::~InterruptController()
                0x00000000c0010e02                InterruptController::~InterruptController()
                0x00000000c0010e2c                displayDebugInfo(regs*)
                0x00000000c0011243                x87EmulHandler(regs*, void*)
                0x00000000c00112a6                gpFault(regs*, void*)
                0x00000000c00112df                pgFault(regs*, void*)
                0x00000000c00112f6                otherISRHandler(regs*, void*)
                0x00000000c0011315                opcodeFault(regs*, void*)
                0x00000000c001137f                displayProgramFault(char const*)
                0x00000000c00113a8                InterruptController::convertLegacyIRQNumber(int)
                0x00000000c00113f2                setupInterruptController()
 *fill*         0x00000000c001164d        0x1 
 .text          0x00000000c001164e      0x608 hal/keybrd.32
                0x00000000c001164e                startGUI(void*)
                0x00000000c00116c0                sendKeyToTerminal(unsigned char)
                0x00000000c001172c                sendKeyboardToken(KeyboardToken)
                0x00000000c0011b07                clearInternalKeybuffer(VgaText*)
                0x00000000c0011b3c                readKeyboard(VgaText*, char*, unsigned long)
                0x00000000c0011bcc                Keyboard::Keyboard(char const*)
                0x00000000c0011bcc                Keyboard::Keyboard(char const*)
                0x00000000c0011c08                Keyboard::~Keyboard()
                0x00000000c0011c08                Keyboard::~Keyboard()
                0x00000000c0011c2c                Keyboard::~Keyboard()
 .text          0x00000000c0011c56      0x400 hal/logidisk.32
                0x00000000c0011c56                LogicalDisk::close(int, int, void*)
                0x00000000c0011c5a                LogicalDisk::~LogicalDisk()
                0x00000000c0011c5a                LogicalDisk::~LogicalDisk()
                0x00000000c0011c7e                LogicalDisk::~LogicalDisk()
                0x00000000c0011ca8                LogicalDisk::open(int, int, void*)
                0x00000000c0011cbc                LogicalDisk::absoluteToRelative(unsigned long long)
                0x00000000c0011cf4                LogicalDisk::relativeToAbsolute(unsigned long long)
                0x00000000c0011d3a                LogicalDisk::LogicalDisk(char const*, PhysicalDisk*, unsigned long long, unsigned long long)
                0x00000000c0011d3a                LogicalDisk::LogicalDisk(char const*, PhysicalDisk*, unsigned long long, unsigned long long)
                0x00000000c0011df0                LogicalDisk::assignDriveLetter()
                0x00000000c0011ea6                LogicalDisk::mount()
                0x00000000c0011f18                LogicalDisk::unmount()
                0x00000000c0011f28                LogicalDisk::unassignDriveLetter()
                0x00000000c0011f7e                LogicalDisk::read(unsigned long long, int, void*)
                0x00000000c0011fea                LogicalDisk::write(unsigned long long, int, void*)
 .text          0x00000000c0012056       0x84 hal/mouse.32
                0x00000000c0012056                Mouse::Mouse(char const*)
                0x00000000c0012056                Mouse::Mouse(char const*)
                0x00000000c001208c                Mouse::~Mouse()
                0x00000000c001208c                Mouse::~Mouse()
                0x00000000c00120b0                Mouse::~Mouse()
 .text          0x00000000c00120da      0x339 hal/partition.32
                0x00000000c00120da                makePartition(PhysicalDisk*, unsigned long long, unsigned long long)
                0x00000000c0012182                createPartitionsForDisk(PhysicalDisk*)
 *fill*         0x00000000c0012413        0x1 
 .text          0x00000000c0012414      0x2e7 hal/timer.32
                0x00000000c0012414                Timer::Timer(char const*)
                0x00000000c0012414                Timer::Timer(char const*)
                0x00000000c001244a                Timer::~Timer()
                0x00000000c001244a                Timer::~Timer()
                0x00000000c001246e                Timer::~Timer()
                0x00000000c0012498                Timer::read()
                0x00000000c00124a3                timerHandler(unsigned long long)
                0x00000000c00125da                setupTimer(int)
 *fill*         0x00000000c00126fb        0x1 
 .text          0x00000000c00126fc      0x2d1 hal/vcache.32
                0x00000000c00126fc                VCache::VCache(PhysicalDisk*)
                0x00000000c00126fc                VCache::VCache(PhysicalDisk*)
                0x00000000c00127ec                VCache::writeWriteBuffer()
                0x00000000c0012828                VCache::~VCache()
                0x00000000c0012828                VCache::~VCache()
                0x00000000c0012868                VCache::~VCache()
                0x00000000c0012890                VCache::write(unsigned long long, int, void*)
                0x00000000c0012974                VCache::read(unsigned long long, int, void*)
 *fill*         0x00000000c00129cd        0x1 
 .text          0x00000000c00129ce      0x26d hal/video.32
                0x00000000c00129ce                Video::putrect(int, int, int, int, unsigned int)
                0x00000000c0012a18                Video::blit(unsigned int*, int, int, int, int)
                0x00000000c0012a96                Video::clearScreen(unsigned int)
                0x00000000c0012aca                Video::putpixel(int, int, unsigned int)
                0x00000000c0012ad8                Video::Video(char const*)
                0x00000000c0012ad8                Video::Video(char const*)
                0x00000000c0012b0e                Video::~Video()
                0x00000000c0012b0e                Video::~Video()
                0x00000000c0012b32                Video::~Video()
                0x00000000c0012b5c                Video::isMonochrome()
                0x00000000c0012b68                Video::getWidth()
                0x00000000c0012b74                Video::getHeight()
                0x00000000c0012b80                Video::drawCursor(int, int, unsigned char*, int)
 *fill*         0x00000000c0012c3b        0x1 
 .text          0x00000000c0012c3c      0xd28 hw/acpi.32
                0x00000000c0012c3c                ACPI::close(int, int, void*)
                0x00000000c0012cf1                findRSDP()
                0x00000000c0012d7b                loadACPITables(unsigned char*)
                0x00000000c0012fa2                findRSDT(unsigned char*)
                0x00000000c00130c0                findDataTable(unsigned char*, char*)
                0x00000000c001315c                scanMADT()
                0x00000000c00134f0                ACPI::ACPI()
                0x00000000c00134f0                ACPI::ACPI()
                0x00000000c0013550                ACPI::getPCIIRQAssignment(unsigned char, unsigned short, unsigned char)
                0x00000000c0013632                ACPI::registerPCIIRQAssignment(void*, unsigned short, unsigned char, unsigned char)
                0x00000000c0013738                ACPI::setScreenBrightnessLevel(void*, int)
                0x00000000c001373e                ACPI::writeSimpleBootFlag(SimpleBootFlagTable*)
                0x00000000c0013786                ACPI::open(int, int, void*)
                0x00000000c001394c                ACPI::sleep()
 .text          0x00000000c0013964     0x132c hw/cpu.32
                0x00000000c0013964                CPU::close(int, int, void*)
                0x00000000c0013967                lookupAMDCPUName(unsigned char, unsigned char)
                0x00000000c0013afb                lookupIntelCPUName(unsigned char, unsigned char)
                0x00000000c0013da9                AMD_K6_write_msr(unsigned int, unsigned int, unsigned int, REGS*)
                0x00000000c0013dc5                AMD_K6_read_msr(unsigned int, REGS*)
                0x00000000c0013ddd                AMD_K6_writeback(int, int, int)
                0x00000000c0013e50                cpuid(int, unsigned long*, unsigned long*, unsigned long*, unsigned long*)
                0x00000000c0013ed3                cpuidCheckEDX(unsigned int)
                0x00000000c0013f00                cpuidCheckECX(unsigned int)
                0x00000000c0013f2d                cpuidCheckExtendedEBX(unsigned int)
                0x00000000c0013f5a                cpuidCheckExtendedECX(unsigned int)
                0x00000000c0013f87                getCPUNumber()
                0x00000000c0013f8a                thisCPU()
                0x00000000c0013f9e                CPU::CPU()
                0x00000000c0013f9e                CPU::CPU()
                0x00000000c001402c                CPU::displayFeatures()
                0x00000000c001402e                CPU::detectFeatures()
                0x00000000c0014a20                CPU::setupSMEP()
                0x00000000c0014a3a                CPU::setupUMIP()
                0x00000000c0014a52                CPU::setupTSC()
                0x00000000c0014a6a                CPU::setupLargePages()
                0x00000000c0014a82                CPU::setupPAT()
                0x00000000c0014abe                CPU::setupMTRR()
                0x00000000c0014ac0                CPU::setupGlobalPages()
                0x00000000c0014ad6                CPU::allowUsermodeDataAccess()
                0x00000000c0014ae8                CPU::prohibitUsermodeDataAccess()
                0x00000000c0014afa                CPU::setupSMAP()
                0x00000000c0014b20                CPU::setupFeatures()
                0x00000000c0014bc2                CPU::open(int, int, void*)
 .text          0x00000000c0014c90        0x0 hw/ports.32
 .text          0x00000000c0014c90      0x32c krnl/panic.32
                0x00000000c0014c90                Krnl::panic(char const*)
 .text          0x00000000c0014fbc      0x503 reg/registry.32
                0x00000000c0014fbc                Reg::findLineFromLoadedData(char*, char*, char*)
                0x00000000c0015114                Reg::getLineFromRegistry(char*, char*, char*, char*)
                0x00000000c0015273                Reg::getLine(char*, char*, char*)
                0x00000000c00152aa                Reg::readInt(char*, char*, int*)
                0x00000000c0015395                Reg::readString(char*, char*, char*, int)
                0x00000000c0015416                Reg::readBool(char*, char*, bool*)
                0x00000000c001543b                Reg::readBoolWithDefault(char*, char*, bool)
                0x00000000c0015467                Reg::readIntWithDefault(char*, char*, int)
                0x00000000c0015493                Reg::readStringWithDefault(char*, char*, char*, int, char*)
 .text          0x00000000c00154bf       0x18 sys/sc_exit.32
                0x00000000c00154bf                Sys::exit(regs*)
 .text          0x00000000c00154d7       0x95 sys/sc_loaddll.32
                0x00000000c00154d7                Sys::loadDLL(regs*)
 .text          0x00000000c001556c       0x68 sys/sc_read.32
                0x00000000c001556c                Sys::read(regs*)
 .text          0x00000000c00155d4       0x55 sys/sc_sbrk.32
                0x00000000c00155d4                Sys::sbrk(regs*)
 .text          0x00000000c0015629       0x83 sys/sc_write.32
                0x00000000c0015629                Sys::write(regs*)
 .text          0x00000000c00156ac       0x1a sys/sc_yield.32
                0x00000000c00156ac                Sys::yield(regs*)
 .text          0x00000000c00156c6     0x1002 sys/syscalls.32
                0x00000000c00156c6                sysCallGetPID(regs*)
                0x00000000c00156d2                sysCallSeekDir(regs*)
                0x00000000c00156d7                sysCallTellDir(regs*)
                0x00000000c00156dc                sysCallVerify(regs*)
                0x00000000c00156e6                sysCallGetArgc(regs*)
                0x00000000c00156f6                sysFormatDisk(regs*)
                0x00000000c0015760                sysSetDiskVolumeLabel(regs*)
                0x00000000c00157a6                sysGetDiskVolumeLabel(regs*)
                0x00000000c00157f7                sysShutdown(regs*)
                0x00000000c0015855                sysCallGetCwd(regs*)
                0x00000000c0015874                sysCallSetCwd(regs*)
                0x00000000c0015890                sysCallRealpath(regs*)
                0x00000000c00158d3                sysCallReadDir(regs*)
                0x00000000c0015961                sysCallIsATTY(regs*)
                0x00000000c00159bb                sysCallSeek(regs*)
                0x00000000c0015a24                sysCallTell(regs*)
                0x00000000c0015aa1                sysCallSizeFromFilename(regs*)
                0x00000000c0015b52                sysCallSize(regs*)
                0x00000000c0015bd5                sysCallClose(regs*)
                0x00000000c0015c5d                sysCallOpenDir(regs*)
                0x00000000c0015cca                sysCallMakeDir(regs*)
                0x00000000c0015d23                sysCallCloseDir(regs*)
                0x00000000c0015d89                sysCallWait(regs*)
                0x00000000c0015da3                sysCallFork(regs*)
                0x00000000c0015dbf                sysCallExecve(regs*)
                0x00000000c0015e14                sysCallRmdir(regs*)
                0x00000000c0015e66                sysCallUnlink(regs*)
                0x00000000c0015eb8                sysCallGetArgv(regs*)
                0x00000000c0015f04                sysCallTTYName(regs*)
                0x00000000c0015f87                sysCallGetEnv(regs*)
                0x00000000c0015fd9                sysCallUSleep(regs*)
                0x00000000c0016000                sysCallSpawn(regs*)
                0x00000000c0016070                sysAppSettings(regs*)
                0x00000000c001618f                sysSetFatAttrib(regs*)
                0x00000000c00161ef                sysPanic(regs*)
                0x00000000c0016215                sysPipe(regs*)
                0x00000000c001625a                sysGetUnixTime(regs*)
                0x00000000c001626e                string_ends_with(char const*, char const*)
                0x00000000c00162b6                sysCallOpen(regs*)
                0x00000000c00164ba                setupSystemCalls()
                0x00000000c0016673                systemCall(regs*, void*)
 .text          0x00000000c00166c8     0x1137 thr/elf.32
                0x00000000c00166c8                Thr::allocateMemoryForTask(Process*, File*, unsigned long, unsigned long, unsigned long)
                0x00000000c0016945                Thr::loadProgramIntoMemory(Process*, char const*)
                0x00000000c0016b5b                Thr::runtimeReferenceHelper()
                0x00000000c0016b6e                Thr::getAddressOfKernelSymbol(char const*)
                0x00000000c0016bbd                Thr::loadKernelSymbolTable(char const*)
                0x00000000c0016e7e                Thr::loadDriverIntoMemory(char const*, unsigned long, bool)
                0x00000000c00175ff                Thr::getDriverBaseFromAddress(unsigned long)
                0x00000000c0017631                Thr::getDriverNameFromAddress(unsigned long)
                0x00000000c0017668                Thr::getDriverOffsetFromAddress(unsigned long)
                0x00000000c0017682                Thr::loadDLL(char const*, bool)
                0x00000000c00177d5                Thr::executeDLL(unsigned long, void*)
 *fill*         0x00000000c00177ff        0x1 
 .text          0x00000000c0017800     0x11ce thr/prcssthr.32
                0x00000000c0017800                changeTSS
                0x00000000c001782e                Process::addArgs(char**)
                0x00000000c0017888                Process::Process(char const*, Process*, char**)
                0x00000000c0017888                Process::Process(char const*, Process*, char**)
                0x00000000c0017a40                Process::Process(bool, char const*, Process*, char**)
                0x00000000c0017a40                Process::Process(bool, char const*, Process*, char**)
                0x00000000c0017bc3                disableIRQs()
                0x00000000c0017bcb                getIRQNestingLevel()
                0x00000000c0017bd1                enableIRQs()
                0x00000000c0017be0                lockScheduler()
                0x00000000c0017be2                unlockScheduler()
                0x00000000c0017be4                userModeEntryPoint(void*)
                0x00000000c0017c07                lockStuff()
                0x00000000c0017c13                taskStartupFunction
                0x00000000c0017c1c                updateTimeUsed()
                0x00000000c0017c7a                switchToThread(ThreadControlBlock*)
                0x00000000c0017cca                Semaphore::Semaphore(int)
                0x00000000c0017cca                Semaphore::Semaphore(int)
                0x00000000c0017cf8                Mutex::Mutex()
                0x00000000c0017cf8                Mutex::Mutex()
                0x00000000c0017d0a                Process::createThread(void (*)(void*), void*, int)
                0x00000000c0017dee                Process::createUserThread()
                0x00000000c0017e0a                setupMultitasking(void (*)())
                0x00000000c0017f14                schedule()
                0x00000000c0017f99                unlockStuff()
                0x00000000c0017fce                forkProcess(regs*)
                0x00000000c001813c                Semaphore::tryAcquire()
                0x00000000c001816a                Semaphore::assertLocked(char const*)
                0x00000000c001819d                blockTaskWithSchedulerLockAlreadyHeld(TaskState)
                0x00000000c00181df                blockTask(TaskState)
                0x00000000c0018200                waitTask(int, int*, int)
                0x00000000c0018242                nanoSleepUntil(unsigned long long)
                0x00000000c0018299                nanoSleep(unsigned long long)
                0x00000000c00182ae                sleep(unsigned long long)
                0x00000000c00182cc                Semaphore::acquire()
                0x00000000c0018334                execveProcess(char const*, char* const*, char* const*)
                0x00000000c00183c2                taskReturned
                0x00000000c00183f0                unblockTask(ThreadControlBlock*)
                0x00000000c001849f                cleanupTerminatedTask(ThreadControlBlock*)
                0x00000000c0018743                cleanerTaskFunction(void*)
                0x00000000c00187f6                terminateTask(int)
                0x00000000c00188d6                Thr::terminateFromIRQ(int)
                0x00000000c00188e2                Semaphore::release()
 .text          0x00000000c00189ce      0x8bf vm86/vm8086.32
                0x00000000c00189ce                Vm::vm8086EntryPoint(void*)
                0x00000000c00189f9                Vm::inbv(unsigned short)
                0x00000000c00189ff                Vm::outbv(unsigned short, unsigned char)
                0x00000000c0018a09                Vm::realToLinear(unsigned short, unsigned short)
                0x00000000c0018a19                Vm::getSegment(unsigned int)
                0x00000000c0018a21                Vm::getOffset(unsigned int)
                0x00000000c0018a26                Vm::loadFileAsThread(Process*, char const*, unsigned short, unsigned short, unsigned short, unsigned short)
                0x00000000c0018b55                Vm::doISR(regs*, int, unsigned char*, unsigned short, unsigned short)
                0x00000000c0018bdf                Vm::readByteFromReal(unsigned short, unsigned short)
                0x00000000c0018bf0                Vm::readWordFromReal(unsigned short, unsigned short)
                0x00000000c0018c02                Vm::readDwordFromReal(unsigned short, unsigned short)
                0x00000000c0018c13                Vm::writeByteFromReal(unsigned short, unsigned short, unsigned char)
                0x00000000c0018c28                Vm::writeWordFromReal(unsigned short, unsigned short, unsigned short)
                0x00000000c0018c3e                Vm::writeDwordFromReal(unsigned short, unsigned short, unsigned int)
                0x00000000c0018c53                Vm::faultHandler(regs*)
 *fill*         0x00000000c001928d        0x1 
 .text          0x00000000c001928e     0x10ed fs/fat/vfslink.32
                0x00000000c001928e                FAT::getName()
                0x00000000c0019294                FAT::tell(void*, unsigned long long*)
                0x00000000c00192c8                FAT::stat(void*, unsigned long long*)
                0x00000000c00192fc                FAT::~FAT()
                0x00000000c00192fc                FAT::~FAT()
                0x00000000c0019320                FAT::~FAT()
                0x00000000c0019348                FAT::getlabel(LogicalDisk*, int, char*, unsigned int*)
                0x00000000c00193e6                FAT::setlabel(LogicalDisk*, int, char*)
                0x00000000c00194a0                FAT::format(LogicalDisk*, int, char const*, int)
                0x00000000c0019684                FAT::tryMount(LogicalDisk*, int)
                0x00000000c001988a                FAT::readDir(void*, unsigned long, void*, int*)
                0x00000000c0019990                FAT::read(void*, unsigned long, void*, int*)
                0x00000000c00199ea                FAT::write(void*, unsigned long, void*, int*)
                0x00000000c0019a44                FAT::close(void*)
                0x00000000c0019a90                FAT::closeDir(void*)
                0x00000000c0019adc                FAT::seek(void*, unsigned long long)
                0x00000000c0019b30                fatWrapperReadDisk
                0x00000000c0019b77                fatWrapperWriteDisk
                0x00000000c0019bbe                fatWrapperIoctl
                0x00000000c0019cc2                FAT::FAT()
                0x00000000c0019cc2                FAT::FAT()
                0x00000000c0019d14                FAT::fixFilepath(char*)
                0x00000000c0019d4c                FAT::open(char const*, void**, FileOpenMode)
                0x00000000c0019e74                FAT::openDir(char const*, void**)
                0x00000000c0019f1a                FAT::stat(char const*, unsigned long long*, bool*)
                0x00000000c001a004                FAT::unlink(char const*)
                0x00000000c001a07e                FAT::chfatattr(char const*, unsigned char, unsigned char)
                0x00000000c001a1d2                FAT::rename(char const*, char const*)
                0x00000000c001a296                FAT::mkdir(char const*)
                0x00000000c001a310                FAT::exists(char const*)
 *fill*         0x00000000c001a37b        0x1 
 .text          0x00000000c001a37c      0xbdf fs/iso9660/vfslink.32
                0x00000000c001a37c                ISO9660::format(LogicalDisk*, int, char const*, int)
                0x00000000c001a382                ISO9660::seek(void*, unsigned long long)
                0x00000000c001a3b2                ISO9660::tell(void*, unsigned long long*)
                0x00000000c001a3d6                ISO9660::getName()
                0x00000000c001a3dc                ISO9660::stat(void*, unsigned long long*)
                0x00000000c001a400                ISO9660::chfatattr(char const*, unsigned char, unsigned char)
                0x00000000c001a406                ISO9660::unlink(char const*)
                0x00000000c001a40c                ISO9660::write(void*, unsigned long, void*, int*)
                0x00000000c001a412                ISO9660::rename(char const*, char const*)
                0x00000000c001a418                ISO9660::mkdir(char const*)
                0x00000000c001a41e                ISO9660::close(void*)
                0x00000000c001a440                ISO9660::closeDir(void*)
                0x00000000c001a462                ISO9660::~ISO9660()
                0x00000000c001a462                ISO9660::~ISO9660()
                0x00000000c001a486                ISO9660::~ISO9660()
                0x00000000c001a4ad                __memmem(unsigned char*, int, unsigned char*, int)
                0x00000000c001a4ef                readSectorFromCDROM(unsigned int, unsigned char*, char)
                0x00000000c001a556                ISO9660::tryMount(LogicalDisk*, int)
                0x00000000c001a5a6                ISO9660::read(void*, unsigned long, void*, int*)
                0x00000000c001a7ea                ISO9660::readDir(void*, unsigned long, void*, int*)
                0x00000000c001aa77                readRoot(unsigned int*, unsigned int*, char)
                0x00000000c001aacc                readRecursively(char*, unsigned int, unsigned int, unsigned int*, unsigned int*, char, int*)
                0x00000000c001ac9f                getFileData(char*, unsigned int*, unsigned int*, char, int*)
                0x00000000c001ad2e                ISO9660::open(char const*, void**, FileOpenMode)
                0x00000000c001adc8                ISO9660::exists(char const*)
                0x00000000c001adec                ISO9660::stat(char const*, unsigned long long*, bool*)
                0x00000000c001ae80                ISO9660::openDir(char const*, void**)
                0x00000000c001af38                ISO9660::ISO9660()
                0x00000000c001af38                ISO9660::ISO9660()
 *fill*         0x00000000c001af5b        0x1 
 .text          0x00000000c001af5c      0x244 hal/sound/sndchannel.32
                0x00000000c001af5c                SoundChannel::~SoundChannel()
                0x00000000c001af5c                SoundChannel::~SoundChannel()
                0x00000000c001af78                SoundChannel::setSpeed(float)
                0x00000000c001af84                SoundChannel::getSpeed()
                0x00000000c001af8c                SoundChannel::setVolume(int)
                0x00000000c001afa8                SoundChannel::getVolume()
                0x00000000c001afb0                SoundChannel::pause()
                0x00000000c001afba                SoundChannel::SoundChannel(int, int, int, int)
                0x00000000c001afba                SoundChannel::SoundChannel(int, int, int, int)
                0x00000000c001b0b0                SoundChannel::play()
                0x00000000c001b0ba                SoundChannel::paused()
                0x00000000c001b0c2                SoundChannel::getSampleRate()
                0x00000000c001b0ca                SoundChannel::getBits()
                0x00000000c001b0d2                SoundChannel::getBufferUsed()
                0x00000000c001b0da                SoundChannel::getBufferSize()
                0x00000000c001b0e2                SoundChannel::unbuffer(float*, int, int)
                0x00000000c001b154                SoundChannel::buffer8(unsigned char*, int)
 .text          0x00000000c001b1a0      0x317 hal/sound/sndhw.32
                0x00000000c001b1a0                SoundDevice::SoundDevice(char const*)
                0x00000000c001b1a0                SoundDevice::SoundDevice(char const*)
                0x00000000c001b20c                SoundDevice::~SoundDevice()
                0x00000000c001b20c                SoundDevice::~SoundDevice()
                0x00000000c001b286                SoundDevice::~SoundDevice()
                0x00000000c001b2b0                SoundDevice::getFreeChannelNum()
                0x00000000c001b2ca                SoundDevice::addChannel(SoundChannel*)
                0x00000000c001b33a                SoundDevice::removeChannel(int)
                0x00000000c001b36c                SoundDevice::floatTo8(float*, unsigned char*, int)
                0x00000000c001b3d8                SoundDevice::getAudio(int, float*, float*)
 .text          0x00000000c001b4b7        0x0 hw/bus/isa.32
 *fill*         0x00000000c001b4b7        0x1 
 .text          0x00000000c001b4b8      0x6e5 hw/bus/pci.32
                0x00000000c001b4b8                PCI::open(int, int, void*)
                0x00000000c001b4cc                PCI::close(int, int, void*)
                0x00000000c001b4d0                PCI::PCI()
                0x00000000c001b4d0                PCI::PCI()
                0x00000000c001b550                PCI::pciReadWord(unsigned char, unsigned char, unsigned char, unsigned char)
                0x00000000c001b598                PCI::getVendorID(unsigned char, unsigned char, unsigned char)
                0x00000000c001b5ba                PCI::getHeaderType(unsigned char, unsigned char, unsigned char)
                0x00000000c001b5de                PCI::getClassCode(unsigned char, unsigned char, unsigned char)
                0x00000000c001b622                PCI::getProgIF(unsigned char, unsigned char, unsigned char)
                0x00000000c001b646                PCI::getRevisionID(unsigned char, unsigned char, unsigned char)
                0x00000000c001b668                PCI::getInterruptNumber(unsigned char, unsigned char, unsigned char)
                0x00000000c001b68a                PCI::getSecondaryBus(unsigned char, unsigned char, unsigned char)
                0x00000000c001b6ae                PCI::getBARAddress(unsigned char, unsigned char, unsigned char, unsigned char)
                0x00000000c001b70e                PCI::pciWriteWord(unsigned char, unsigned char, unsigned char, unsigned char, unsigned short)
                0x00000000c001b77a                PCI::checkBus(unsigned char)
                0x00000000c001b79e                PCI::foundDevice(PCIDeviceInfo)
                0x00000000c001b90e                PCI::getDeviceData(unsigned char, unsigned char, unsigned char)
                0x00000000c001bade                PCI::checkDevice(unsigned char, unsigned char)
                0x00000000c001bb4a                PCI::detect()
 *fill*         0x00000000c001bb9d        0x1 
 .text          0x00000000c001bb9e      0xc70 hw/diskctrl/ide.32
                0x00000000c001bb9e                IDE::close(int, int, void*)
                0x00000000c001bba2                IDE::IDE()
                0x00000000c001bba2                IDE::IDE()
                0x00000000c001bbd6                IDE::prepareInterrupt(unsigned char)
                0x00000000c001bbe8                selectDrive(unsigned char, unsigned char)
                0x00000000c001bbea                IDE::getBase(unsigned char)
                0x00000000c001bbfc                IDE::write(unsigned char, unsigned char, unsigned char)
                0x00000000c001bcbc                IDE::read(unsigned char, unsigned char)
                0x00000000c001bd6a                IDE::waitInterrupt(unsigned char)
                0x00000000c001bdd0                ideChannel0IRQHandler(regs*, void*)
                0x00000000c001bdec                ideChannel1IRQHandler(regs*, void*)
                0x00000000c001be08                IDE::enableIRQs(unsigned char, bool)
                0x00000000c001be4e                IDE::open(int, int, void*)
                0x00000000c001c25e                IDE::readBuffer(unsigned char, unsigned char, unsigned int, unsigned int)
                0x00000000c001c32a                IDE::detect()
                0x00000000c001c612                IDE::printError(unsigned char, unsigned char, unsigned char)
                0x00000000c001c7a8                IDE::polling(unsigned char, unsigned int)
 .text          0x00000000c001c80e      0x62b hw/diskphys/ata.32
                0x00000000c001c80e                ATA::close(int, int, void*)
                0x00000000c001c832                ATA::powerSaving(PowerSavingLevel)
                0x00000000c001c834                ATA::ATA()
                0x00000000c001c834                ATA::ATA()
                0x00000000c001c862                ATA::flush(bool)
                0x00000000c001c8ac                ATA::readyForCommand()
                0x00000000c001c8fc                ATA::access(unsigned long long, int, void*, bool)
                0x00000000c001cc7a                ATA::read(unsigned long long, int, void*)
                0x00000000c001cce2                ATA::write(unsigned long long, int, void*)
                0x00000000c001cd4a                ATA::detectCHS()
                0x00000000c001cd74                ATA::open(int, int, void*)
 *fill*         0x00000000c001ce39        0x1 
 .text          0x00000000c001ce3a      0x5b3 hw/diskphys/atapi.32
                0x00000000c001ce3a                ATAPI::write(unsigned long long, int, void*)
                0x00000000c001ce40                ATAPI::close(int, int, void*)
                0x00000000c001ce64                ATAPI::ATAPI()
                0x00000000c001ce64                ATAPI::ATAPI()
                0x00000000c001ce92                ATAPI::readyForCommand()
                0x00000000c001cee2                ATAPI::sendPacket(unsigned char*, int, bool, unsigned short*, int)
                0x00000000c001d1a2                ATAPI::diskRemoved()
                0x00000000c001d1be                ATAPI::eject()
                0x00000000c001d204                ATAPI::diskInserted()
                0x00000000c001d232                ATAPI::detectMedia()
                0x00000000c001d2ee                ATAPI::open(int, int, void*)
                0x00000000c001d36e                ATAPI::read(unsigned long long, int, void*)
 *fill*         0x00000000c001d3ed        0x1 
 .text          0x00000000c001d3ee       0x8e hw/fpu/avx.32
                0x00000000c001d3ee                AVX::open(int, int, void*)
                0x00000000c001d400                AVX::close(int, int, void*)
                0x00000000c001d412                AVX::available()
                0x00000000c001d424                AVX::save(void*)
                0x00000000c001d43c                AVX::load(void*)
                0x00000000c001d454                AVX::AVX()
                0x00000000c001d454                AVX::AVX()
 .text          0x00000000c001d47c       0x90 hw/fpu/mmx.32
                0x00000000c001d47c                MMX::available()
                0x00000000c001d490                MMX::open(int, int, void*)
                0x00000000c001d4a2                MMX::close(int, int, void*)
                0x00000000c001d4b4                MMX::save(void*)
                0x00000000c001d4cc                MMX::load(void*)
                0x00000000c001d4e4                MMX::MMX()
                0x00000000c001d4e4                MMX::MMX()
 .text          0x00000000c001d50c       0x96 hw/fpu/sse.32
                0x00000000c001d50c                SSE::open(int, int, void*)
                0x00000000c001d51e                SSE::close(int, int, void*)
                0x00000000c001d530                SSE::available()
                0x00000000c001d54a                SSE::save(void*)
                0x00000000c001d562                SSE::load(void*)
                0x00000000c001d57a                SSE::SSE()
                0x00000000c001d57a                SSE::SSE()
 .text          0x00000000c001d5a2       0x8e hw/fpu/x87.32
                0x00000000c001d5a2                x87::open(int, int, void*)
                0x00000000c001d5b4                x87::close(int, int, void*)
                0x00000000c001d5c6                x87::available()
                0x00000000c001d5d8                x87::save(void*)
                0x00000000c001d5f0                x87::load(void*)
                0x00000000c001d608                x87::x87()
                0x00000000c001d608                x87::x87()
 .text          0x00000000c001d630      0x5f3 hw/intctrl/apic.32
                0x00000000c001d630                APIC::disable()
                0x00000000c001d632                APIC::close(int, int, void*)
                0x00000000c001d654                IOAPIC::close(int, int, void*)
                0x00000000c001d65a                APIC::io_wait()
                0x00000000c001d660                APIC::getBase()
                0x00000000c001d6a2                APIC::eoi(unsigned char)
                0x00000000c001d6d0                APIC::open(int, int, void*)
                0x00000000c001d78a                IOAPIC::IOAPIC()
                0x00000000c001d78a                IOAPIC::IOAPIC()
                0x00000000c001d7b2                APIC::APIC()
                0x00000000c001d7b2                APIC::APIC()
                0x00000000c001d882                IOAPIC::handlesGSIWithNumber(unsigned int)
                0x00000000c001d8b4                IOAPIC::read(int)
                0x00000000c001d8dc                IOAPIC::open(int, int, void*)
                0x00000000c001d9d2                IOAPIC::write(int, int)
                0x00000000c001d9fe                IOAPIC::redirect(unsigned char, unsigned long long, unsigned char)
                0x00000000c001dab8                APIC::installIRQHandler(int, void (*)(regs*, void*), bool, void*)
 *fill*         0x00000000c001dc23        0x1 
 .text          0x00000000c001dc24      0x3d3 hw/intctrl/pic.32
                0x00000000c001dc24                PIC::disable()
                0x00000000c001dc52                PIC::close(int, int, void*)
                0x00000000c001dc74                PIC::PIC()
                0x00000000c001dc74                PIC::PIC()
                0x00000000c001dd4a                PIC::ioWait()
                0x00000000c001dd50                PIC::getIRQReg(int)
                0x00000000c001ddba                PIC::eoi(unsigned char)
                0x00000000c001de4c                PIC::remap()
                0x00000000c001dfb8                PIC::open(int, int, void*)
 *fill*         0x00000000c001dff7        0x1 
 .text          0x00000000c001dff8      0x252 hw/timer/apictimer.32
                0x00000000c001dff8                APICTimer::close(int, int, void*)
                0x00000000c001dffe                apicTimerHandler(regs*, void*)
                0x00000000c001e02c                APICTimer::write(int)
                0x00000000c001e12a                APICTimer::open(int, int, void*)
                0x00000000c001e222                APICTimer::APICTimer()
                0x00000000c001e222                APICTimer::APICTimer()
 .text          0x00000000c001e24a      0x1a7 hw/timer/pit.32
                0x00000000c001e24a                PIT::write(int)
                0x00000000c001e2c8                pitHandler(regs*, void*)
                0x00000000c001e2f4                PIT::open(int, int, void*)
                0x00000000c001e342                PIT::close(int, int, void*)
                0x00000000c001e372                PIT::PIT()
                0x00000000c001e372                PIT::PIT()
 *fill*         0x00000000c001e3f1        0xf 
 .text          0x00000000c001e400        0xa hw/fpu/x86/avx.32
                0x00000000c001e400                avxDetect
                0x00000000c001e406                avxSave
                0x00000000c001e407                avxLoad
                0x00000000c001e408                avxInit
                0x00000000c001e409                avxClose
 *fill*         0x00000000c001e40a        0x6 
 .text          0x00000000c001e410       0x38 hw/fpu/x86/sse.32
                0x00000000c001e410                sseDetect
                0x00000000c001e42b                sseSave
                0x00000000c001e431                sseLoad
                0x00000000c001e437                sseInit
                0x00000000c001e447                sseClose
 *fill*         0x00000000c001e448        0x8 
 .text          0x00000000c001e450       0x47 hw/fpu/x86/x87.32
                0x00000000c001e456                x87Detect
                0x00000000c001e471                x87Save
                0x00000000c001e477                x87Load
                0x00000000c001e47c                x87Init
                0x00000000c001e496                x87Close
 *fill*         0x00000000c001e497        0x1 
 .text          0x00000000c001e498       0x25 /cygdrive/d/Users/Alex/Desktop/Toolchain/Output/bin/../lib/gcc/i386-banana/8.1.0/crtend.o
 .text          0x00000000c001e4bd        0x0 crtn.32
 *fill*         0x00000000c001e4bd        0x3 
 .text          0x00000000c001e4c0      0x14b /cygdrive/d/Users/Alex/Desktop/Toolchain/Output/bin/../lib/gcc/i386-banana/8.1.0/libgcc.a(_divdi3.o)
                0x00000000c001e4c0                __divdi3
 *fill*         0x00000000c001e60b        0x1 
 .text          0x00000000c001e60c      0x17e /cygdrive/d/Users/Alex/Desktop/Toolchain/Output/bin/../lib/gcc/i386-banana/8.1.0/libgcc.a(_moddi3.o)
                0x00000000c001e60c                __moddi3
 *fill*         0x00000000c001e78a        0x2 
 .text          0x00000000c001e78c       0xff /cygdrive/d/Users/Alex/Desktop/Toolchain/Output/bin/../lib/gcc/i386-banana/8.1.0/libgcc.a(_udivdi3.o)
                0x00000000c001e78c                __udivdi3
 *fill*         0x00000000c001e88b        0x1 
 .text          0x00000000c001e88c      0x11a /cygdrive/d/Users/Alex/Desktop/Toolchain/Output/bin/../lib/gcc/i386-banana/8.1.0/libgcc.a(_umoddi3.o)
                0x00000000c001e88c                __umoddi3
 *fill*         0x00000000c001e9a6        0xa 
 .text          0x00000000c001e9b0       0x1e D:/Users/Alex/Desktop/Banana/kernel/libk/libm32.a(s_fabs.c.o)
                0x00000000c001e9b0                fabs
 *fill*         0x00000000c001e9ce        0x2 
 .text          0x00000000c001e9d0        0xc D:/Users/Alex/Desktop/Banana/kernel/libk/libm32.a(s_lrint.S.o)
                0x00000000c001e9d0                lrint
 .text          0x00000000c001e9dc        0xc D:/Users/Alex/Desktop/Banana/kernel/libk/libm32.a(s_lrintf.S.o)
                0x00000000c001e9dc                lrintf
 *(.gnu.linkonce.t*)

.iplt           0x00000000c001e9e8        0x0
 .iplt          0x00000000c001e9e8        0x0 D:/Users/Alex/Desktop/Banana/kernel/boot.32

.init           0x00000000c001e9e8        0xf
 .init          0x00000000c001e9e8        0x3 crti.32
                0x00000000c001e9e8                _init
 .init          0x00000000c001e9eb        0x5 /cygdrive/d/Users/Alex/Desktop/Toolchain/Output/bin/../lib/gcc/i386-banana/8.1.0/crtbegin.o
 .init          0x00000000c001e9f0        0x5 /cygdrive/d/Users/Alex/Desktop/Toolchain/Output/bin/../lib/gcc/i386-banana/8.1.0/crtend.o
 .init          0x00000000c001e9f5        0x2 crtn.32

.fini           0x00000000c001e9f7        0xa
 .fini          0x00000000c001e9f7        0x3 crti.32
                0x00000000c001e9f7                _fini
 .fini          0x00000000c001e9fa        0x5 /cygdrive/d/Users/Alex/Desktop/Toolchain/Output/bin/../lib/gcc/i386-banana/8.1.0/crtbegin.o
 .fini          0x00000000c001e9ff        0x2 crtn.32

.text._ZN8ComputerD2Ev
                0x00000000c001ea02       0x23
 .text._ZN8ComputerD2Ev
                0x00000000c001ea02       0x23 core/computer.32
                0x00000000c001ea02                Computer::~Computer()
                0x00000000c001ea02                Computer::~Computer()

.text._ZN8ComputerD0Ev
                0x00000000c001ea26       0x2a
 .text._ZN8ComputerD0Ev
                0x00000000c001ea26       0x2a core/computer.32
                0x00000000c001ea26                Computer::~Computer()

.text._Z10idleCommonv
                0x00000000c001ea50       0x15
 .text._Z10idleCommonv
                0x00000000c001ea50       0x15 core/idle.32
                0x00000000c001ea50                idleCommon()

.text._ZN3CPU7readCR3Ev
                0x00000000c001ea65       0x12
 .text._ZN3CPU7readCR3Ev
                0x00000000c001ea65       0x12 core/kheap.32
                0x00000000c001ea65                CPU::readCR3()

.text._ZN3CPU8writeCR3Em
                0x00000000c001ea77        0x9
 .text._ZN3CPU8writeCR3Em
                0x00000000c001ea77        0x9 core/kheap.32
                0x00000000c001ea77                CPU::writeCR3(unsigned long)

.text._ZN10LinkedListI8UnixFileED2Ev
                0x00000000c001ea80        0x2
 .text._ZN10LinkedListI8UnixFileED2Ev
                0x00000000c001ea80        0x2 core/unixfile.32
                0x00000000c001ea80                LinkedList<UnixFile>::~LinkedList()
                0x00000000c001ea80                LinkedList<UnixFile>::~LinkedList()

.text._ZN10LinkedListI8UnixFileEC2Ev
                0x00000000c001ea82       0x58
 .text._ZN10LinkedListI8UnixFileEC2Ev
                0x00000000c001ea82       0x58 core/unixfile.32
                0x00000000c001ea82                LinkedList<UnixFile>::LinkedList()
                0x00000000c001ea82                LinkedList<UnixFile>::LinkedList()

.text._ZN10LinkedListI8UnixFileE10addElementEPS0_
                0x00000000c001eada       0xd3
 .text._ZN10LinkedListI8UnixFileE10addElementEPS0_
                0x00000000c001eada       0xd3 core/unixfile.32
                0x00000000c001eada                LinkedList<UnixFile>::addElement(UnixFile*)

.text._ZN10LinkedListI8UnixFileE15getFirstElementEv
                0x00000000c001ebae        0x7
 .text._ZN10LinkedListI8UnixFileE15getFirstElementEv
                0x00000000c001ebae        0x7 core/unixfile.32
                0x00000000c001ebae                LinkedList<UnixFile>::getFirstElement()

.text._ZN10LinkedListI8UnixFileE11removeFirstEv
                0x00000000c001ebb6       0xa1
 .text._ZN10LinkedListI8UnixFileE11removeFirstEv
                0x00000000c001ebb6       0xa1 core/unixfile.32
                0x00000000c001ebb6                LinkedList<UnixFile>::removeFirst()

.text._ZN10LinkedListI8UnixFileE7getNextEPS0_
                0x00000000c001ec58        0x8
 .text._ZN10LinkedListI8UnixFileE7getNextEPS0_
                0x00000000c001ec58        0x8 core/unixfile.32
                0x00000000c001ec58                LinkedList<UnixFile>::getNext(UnixFile*)

.text._ZN16DriverlessDeviceD2Ev
                0x00000000c001ec60       0x1a
 .text._ZN16DriverlessDeviceD2Ev
                0x00000000c001ec60       0x1a hal/device.32
                0x00000000c001ec60                DriverlessDevice::~DriverlessDevice()
                0x00000000c001ec60                DriverlessDevice::~DriverlessDevice()

.text._ZN16DriverlessDeviceD0Ev
                0x00000000c001ec7a       0x2a
 .text._ZN16DriverlessDeviceD0Ev
                0x00000000c001ec7a       0x2a hal/device.32
                0x00000000c001ec7a                DriverlessDevice::~DriverlessDevice()

.text._ZN10LinkedListI6DeviceE10addElementEPS0_
                0x00000000c001eca4       0xdc
 .text._ZN10LinkedListI6DeviceE10addElementEPS0_
                0x00000000c001eca4       0xdc hal/device.32
                0x00000000c001eca4                LinkedList<Device>::addElement(Device*)

.text._ZN10LinkedListI6DeviceEC2Ev
                0x00000000c001ed80       0x58
 .text._ZN10LinkedListI6DeviceEC2Ev
                0x00000000c001ed80       0x58 hal/device.32
                0x00000000c001ed80                LinkedList<Device>::LinkedList()
                0x00000000c001ed80                LinkedList<Device>::LinkedList()

.text._ZN3CPU7readCR0Ev
                0x00000000c001edd8       0x12
 .text._ZN3CPU7readCR0Ev
                0x00000000c001edd8       0x12 hal/fpu.32
                0x00000000c001edd8                CPU::readCR0()

.text._ZN3CPU8writeCR0Em
                0x00000000c001edea        0x9
 .text._ZN3CPU8writeCR0Em
                0x00000000c001edea        0x9 hal/fpu.32
                0x00000000c001edea                CPU::writeCR0(unsigned long)

.text._ZN3CPU7readDR0Ev
                0x00000000c001edf3       0x12
 .text._ZN3CPU7readDR0Ev
                0x00000000c001edf3       0x12 hal/intctrl.32
                0x00000000c001edf3                CPU::readDR0()

.text._ZN3CPU7readDR1Ev
                0x00000000c001ee05       0x12
 .text._ZN3CPU7readDR1Ev
                0x00000000c001ee05       0x12 hal/intctrl.32
                0x00000000c001ee05                CPU::readDR1()

.text._ZN3CPU7readDR2Ev
                0x00000000c001ee17       0x12
 .text._ZN3CPU7readDR2Ev
                0x00000000c001ee17       0x12 hal/intctrl.32
                0x00000000c001ee17                CPU::readDR2()

.text._ZN3CPU7readDR3Ev
                0x00000000c001ee29       0x12
 .text._ZN3CPU7readDR3Ev
                0x00000000c001ee29       0x12 hal/intctrl.32
                0x00000000c001ee29                CPU::readDR3()

.text._ZN3CPU7readDR6Ev
                0x00000000c001ee3b       0x12
 .text._ZN3CPU7readDR6Ev
                0x00000000c001ee3b       0x12 hal/intctrl.32
                0x00000000c001ee3b                CPU::readDR6()

.text._ZN3CPU7readDR7Ev
                0x00000000c001ee4d       0x12
 .text._ZN3CPU7readDR7Ev
                0x00000000c001ee4d       0x12 hal/intctrl.32
                0x00000000c001ee4d                CPU::readDR7()

.text._ZN10LinkedListIV18ThreadControlBlockE15getFirstElementEv
                0x00000000c001ee60        0x7
 .text._ZN10LinkedListIV18ThreadControlBlockE15getFirstElementEv
                0x00000000c001ee60        0x7 hal/timer.32
                0x00000000c001ee60                LinkedList<ThreadControlBlock volatile>::getFirstElement()

.text._ZN10LinkedListIV18ThreadControlBlockE7isEmptyEv
                0x00000000c001ee68       0x1c
 .text._ZN10LinkedListIV18ThreadControlBlockE7isEmptyEv
                0x00000000c001ee68       0x1c hal/timer.32
                0x00000000c001ee68                LinkedList<ThreadControlBlock volatile>::isEmpty()

.text._ZN10LinkedListIV18ThreadControlBlockE11removeFirstEv
                0x00000000c001ee84       0xae
 .text._ZN10LinkedListIV18ThreadControlBlockE11removeFirstEv
                0x00000000c001ee84       0xae hal/timer.32
                0x00000000c001ee84                LinkedList<ThreadControlBlock volatile>::removeFirst()

.text._ZN10LinkedListIV18ThreadControlBlockE10addElementEPS1_
                0x00000000c001ef32       0xd3
 .text._ZN10LinkedListIV18ThreadControlBlockE10addElementEPS1_
                0x00000000c001ef32       0xd3 hal/timer.32
                0x00000000c001ef32                LinkedList<ThreadControlBlock volatile>::addElement(ThreadControlBlock volatile*)

.text._ZN4ACPID2Ev
                0x00000000c001f006       0x23
 .text._ZN4ACPID2Ev
                0x00000000c001f006       0x23 hw/acpi.32
                0x00000000c001f006                ACPI::~ACPI()
                0x00000000c001f006                ACPI::~ACPI()

.text._ZN4ACPID0Ev
                0x00000000c001f02a       0x2a
 .text._ZN4ACPID0Ev
                0x00000000c001f02a       0x2a hw/acpi.32
                0x00000000c001f02a                ACPI::~ACPI()

.text._ZN3CPUD2Ev
                0x00000000c001f054       0x23
 .text._ZN3CPUD2Ev
                0x00000000c001f054       0x23 hw/cpu.32
                0x00000000c001f054                CPU::~CPU()
                0x00000000c001f054                CPU::~CPU()

.text._ZN3CPUD0Ev
                0x00000000c001f078       0x2a
 .text._ZN3CPUD0Ev
                0x00000000c001f078       0x2a hw/cpu.32
                0x00000000c001f078                CPU::~CPU()

.text._ZN3CPU7readCR4Ev
                0x00000000c001f0a2       0x12
 .text._ZN3CPU7readCR4Ev
                0x00000000c001f0a2       0x12 hw/cpu.32
                0x00000000c001f0a2                CPU::readCR4()

.text._ZN3CPU8writeDR7Em
                0x00000000c001f0b4        0x9
 .text._ZN3CPU8writeDR7Em
                0x00000000c001f0b4        0x9 hw/cpu.32
                0x00000000c001f0b4                CPU::writeDR7(unsigned long)

.text._ZN3CPU8writeCR4Em
                0x00000000c001f0bd        0x9
 .text._ZN3CPU8writeCR4Em
                0x00000000c001f0bd        0x9 hw/cpu.32
                0x00000000c001f0bd                CPU::writeCR4(unsigned long)

.text._ZN3CPU7readCR2Ev
                0x00000000c001f0c6       0x12
 .text._ZN3CPU7readCR2Ev
                0x00000000c001f0c6       0x12 krnl/panic.32
                0x00000000c001f0c6                CPU::readCR2()

.text._ZN10LinkedListIV18ThreadControlBlockED2Ev
                0x00000000c001f0d8        0x2
 .text._ZN10LinkedListIV18ThreadControlBlockED2Ev
                0x00000000c001f0d8        0x2 thr/prcssthr.32
                0x00000000c001f0d8                LinkedList<ThreadControlBlock volatile>::~LinkedList()
                0x00000000c001f0d8                LinkedList<ThreadControlBlock volatile>::~LinkedList()

.text._ZN18ThreadControlBlockC2Ev
                0x00000000c001f0da       0x3e
 .text._ZN18ThreadControlBlockC2Ev
                0x00000000c001f0da       0x3e thr/prcssthr.32
                0x00000000c001f0da                ThreadControlBlock::ThreadControlBlock()
                0x00000000c001f0da                ThreadControlBlock::ThreadControlBlock()

.text._ZN10LinkedListIV18ThreadControlBlockEC2Ev
                0x00000000c001f118       0x58
 .text._ZN10LinkedListIV18ThreadControlBlockEC2Ev
                0x00000000c001f118       0x58 thr/prcssthr.32
                0x00000000c001f118                LinkedList<ThreadControlBlock volatile>::LinkedList()
                0x00000000c001f118                LinkedList<ThreadControlBlock volatile>::LinkedList()

.text._ZN10LinkedListIV18ThreadControlBlockE7getNextEPS1_
                0x00000000c001f170        0x8
 .text._ZN10LinkedListIV18ThreadControlBlockE7getNextEPS1_
                0x00000000c001f170        0x8 thr/prcssthr.32
                0x00000000c001f170                LinkedList<ThreadControlBlock volatile>::getNext(ThreadControlBlock volatile*)

.text._ZN3PCID2Ev
                0x00000000c001f178       0x23
 .text._ZN3PCID2Ev
                0x00000000c001f178       0x23 hw/bus/pci.32
                0x00000000c001f178                PCI::~PCI()
                0x00000000c001f178                PCI::~PCI()

.text._ZN3PCID0Ev
                0x00000000c001f19c       0x2a