Archive member included to satisfy reference by file (symbol)

/cygdrive/d/Users/Alex/Desktop/Toolchain/Output/bin/../lib/gcc/i386-banana/8.1.0/libkgcc.a(_divdi3.o)
                              fs/fat/ff.32 (__divdi3)
/cygdrive/d/Users/Alex/Desktop/Toolchain/Output/bin/../lib/gcc/i386-banana/8.1.0/libkgcc.a(_moddi3.o)
                              compat/resolve.32 (__moddi3)
/cygdrive/d/Users/Alex/Desktop/Toolchain/Output/bin/../lib/gcc/i386-banana/8.1.0/libkgcc.a(_udivdi3.o)
                              fs/fat/ff.32 (__udivdi3)
/cygdrive/d/Users/Alex/Desktop/Toolchain/Output/bin/../lib/gcc/i386-banana/8.1.0/libkgcc.a(_umoddi3.o)
                              compat/resolve.32 (__umoddi3)
D:/Users/Alex/Desktop/Banana/kernel/libsoftfp.a(sfieeelib.o)
                              hal/sound/sndhw.32 (__addsf3)
D:/Users/Alex/Desktop/Banana/kernel/libsoftfp.a(dfieeelib.o)
                              hal/libresample/src_linear.32 (__adddf3)
D:/Users/Alex/Desktop/Banana/kernel/libsoftfp.a(sfdfcvt.o)
                              hal/libresample/samplerate.32 (__truncdfsf2)
D:/Users/Alex/Desktop/Banana/kernel/libk/libm32.a(s_fabs.c.o)
                              hal/libresample/samplerate.32 (fabs)
D:/Users/Alex/Desktop/Banana/kernel/libk/libm32.a(s_lrint.S.o)
                              hal/libresample/samplerate.32 (lrint)
D:/Users/Alex/Desktop/Banana/kernel/libk/libm32.a(s_lrintf.S.o)
                              hal/sound/sndhw.32 (lrintf)

Discarded input sections

 .comment       0x0000000000000000       0x12 /cygdrive/d/Users/Alex/Desktop/Toolchain/Output/bin/../lib/gcc/i386-banana/8.1.0/crtbegin.o
 .comment       0x0000000000000000       0x12 acpica/utclib.32
 .comment       0x0000000000000000       0x12 core/malloc.32
 .comment       0x0000000000000000       0x12 libk/string.32
 .comment       0x0000000000000000       0x12 fs/fat/diskio.32
 .comment       0x0000000000000000       0x12 fs/fat/ff.32
 .comment       0x0000000000000000       0x12 fs/fat/ffsystem.32
 .comment       0x0000000000000000       0x12 fs/fat/ffunicode.32
 .comment       0x0000000000000000       0x12 hal/libresample/samplerate.32
 .comment       0x0000000000000000       0x12 hal/libresample/src_linear.32
 .comment       0x0000000000000000       0x12 hal/libresample/src_sinc.32
 .comment       0x0000000000000000       0x12 hal/libresample/src_zoh.32
 .comment       0x0000000000000000       0x12 compat/inlines.32
 .comment       0x0000000000000000       0x12 compat/resolve.32
 .group         0x0000000000000000       0x14 core/computer.32
 .group         0x0000000000000000        0xc core/computer.32
 .comment       0x0000000000000000       0x12 core/computer.32
 .comment       0x0000000000000000       0x12 core/gdt.32
 .group         0x0000000000000000        0xc core/idle.32
 .comment       0x0000000000000000       0x12 core/idle.32
 .comment       0x0000000000000000       0x12 core/idt.32
 .comment       0x0000000000000000       0x12 core/kheap.32
 .comment       0x0000000000000000       0x12 core/main.32
 .comment       0x0000000000000000       0x12 core/physmgr.32
 .group         0x0000000000000000        0xc core/pipe.32
 .comment       0x0000000000000000       0x12 core/pipe.32
 .group         0x0000000000000000        0xc core/terminal.32
 .comment       0x0000000000000000       0x12 core/terminal.32
 .comment       0x0000000000000000       0x12 core/tss.32
 .group         0x0000000000000000        0x8 core/unixfile.32
 .group         0x0000000000000000        0xc core/unixfile.32
 .group         0x0000000000000000        0xc core/unixfile.32
 .group         0x0000000000000000        0x8 core/unixfile.32
 .group         0x0000000000000000        0xc core/unixfile.32
 .group         0x0000000000000000        0x8 core/unixfile.32
 .group         0x0000000000000000        0xc core/unixfile.32
 .group         0x0000000000000000        0xc core/unixfile.32
 .comment       0x0000000000000000       0x12 core/unixfile.32
 .comment       0x0000000000000000       0x12 core/virtmgr.32
 .comment       0x0000000000000000       0x12 coreobjs/c++.32
 .comment       0x0000000000000000       0x12 dbg/kconsole.32
 .group         0x0000000000000000        0xc fs/vfs.32
 .group         0x0000000000000000        0xc fs/vfs.32
 .group         0x0000000000000000        0xc fs/vfs.32
 .comment       0x0000000000000000       0x12 fs/vfs.32
 .group         0x0000000000000000        0xc hal/bus.32
 .comment       0x0000000000000000       0x12 hal/bus.32
 .group         0x0000000000000000        0xc hal/buzzer.32
 .comment       0x0000000000000000       0x12 hal/buzzer.32
 .group         0x0000000000000000        0xc hal/clock.32
 .comment       0x0000000000000000       0x12 hal/clock.32
 .group         0x0000000000000000       0x14 hal/device.32
 .group         0x0000000000000000        0xc hal/device.32
 .group         0x0000000000000000        0xc hal/device.32
 .group         0x0000000000000000        0xc hal/device.32
[...]
Memory Configuration

Name             Origin             Length             Attributes
*default*        0x0000000000000000 0xffffffffffffffff

Linker script and memory map

LOAD D:/Users/Alex/Desktop/Banana/kernel/boot.32
LOAD crti.32
LOAD /cygdrive/d/Users/Alex/Desktop/Toolchain/Output/bin/../lib/gcc/i386-banana/8.1.0/crtbegin.o
LOAD D:/Users/Alex/Desktop/Banana/kernel/morenasm.32
LOAD acpica/utclib.32
LOAD core/malloc.32
LOAD libk/string.32
LOAD fs/fat/diskio.32
LOAD fs/fat/ff.32
LOAD fs/fat/ffsystem.32
LOAD fs/fat/ffunicode.32
LOAD hal/libresample/samplerate.32
LOAD hal/libresample/src_linear.32
LOAD hal/libresample/src_sinc.32
LOAD hal/libresample/src_zoh.32
LOAD compat/inlines.32
LOAD compat/resolve.32
LOAD core/computer.32
LOAD core/gdt.32
LOAD core/idle.32
LOAD core/idt.32
LOAD core/kheap.32
LOAD core/main.32
LOAD core/physmgr.32
LOAD core/pipe.32
LOAD core/terminal.32
LOAD core/tss.32
LOAD core/unixfile.32
LOAD core/virtmgr.32
LOAD coreobjs/c++.32
LOAD dbg/kconsole.32
LOAD fs/vfs.32
LOAD hal/bus.32
LOAD hal/buzzer.32
LOAD hal/clock.32
LOAD hal/device.32
LOAD hal/diskctrl.32
LOAD hal/diskphys.32
LOAD hal/fpu.32
LOAD hal/intctrl.32
LOAD hal/keybrd.32
LOAD hal/logidisk.32
LOAD hal/mouse.32
LOAD hal/partition.32
LOAD hal/serial.32
LOAD hal/timer.32
LOAD hal/vcache.32
LOAD hal/video.32
LOAD hw/acpi.32
LOAD hw/cpu.32
LOAD hw/ports.32
LOAD hw/smp.32
LOAD krnl/env.32
LOAD krnl/panic.32
LOAD net/ethernet.32
LOAD reg/registry.32
LOAD sys/sc_eject.32
LOAD sys/sc_exit.32
LOAD sys/sc_getcwd.32
LOAD sys/sc_getpid.32
LOAD sys/sc_getramdata.32
LOAD sys/sc_loaddll.32
LOAD sys/sc_read.32
LOAD sys/sc_sbrk.32
LOAD sys/sc_setcwd.32
LOAD sys/sc_settime.32
LOAD sys/sc_timezone.32
LOAD sys/sc_write.32
LOAD sys/sc_wsbe.32
LOAD sys/sc_yield.32
LOAD sys/syscalls.32
LOAD thr/elf.32
LOAD thr/prcssthr.32
LOAD vm86/vm8086.32
LOAD vm86/x87em.32
LOAD fs/fat/vfslink.32
LOAD fs/iso9660/vfslink.32
LOAD hal/sound/sndchannel.32
LOAD hal/sound/sndhw.32
LOAD hw/bus/isa.32
LOAD hw/bus/pci.32
LOAD hw/diskctrl/ide.32
LOAD hw/diskctrl/satabus.32
LOAD hw/diskphys/ata.32
LOAD hw/diskphys/atapi.32
LOAD hw/diskphys/sata.32
LOAD hw/diskphys/satapi.32
LOAD hw/fpu/avx.32
LOAD hw/fpu/mmx.32
LOAD hw/fpu/sse.32
LOAD hw/fpu/x87.32
LOAD hw/intctrl/apic.32
LOAD hw/intctrl/pic.32
LOAD hw/timer/apictimer.32
LOAD hw/timer/pit.32
LOAD hw/fpu/x86/avx.32
LOAD hw/fpu/x86/sse.32
LOAD hw/fpu/x86/x87.32
LOAD /cygdrive/d/Users/Alex/Desktop/Toolchain/Output/bin/../lib/gcc/i386-banana/8.1.0/crtend.o
LOAD crtn.32
LOAD /cygdrive/d/Users/Alex/Desktop/Toolchain/Output/bin/../lib/gcc/i386-banana/8.1.0/libkgcc.a
LOAD D:/Users/Alex/Desktop/Banana/kernel/libsoftfp.a
LOAD D:/Users/Alex/Desktop/Banana/kernel/libk/libm32.a
                0x00000000c0000000                . = 0xc0000000

.text           0x00000000c0000000    0x28798
 *(.text)
 .text          0x00000000c0000000       0x41 D:/Users/Alex/Desktop/Banana/kernel/boot.32
                0x00000000c0000020                callGlobalConstructors
 .text          0x00000000c0000041        0x0 crti.32
 *fill*         0x00000000c0000041        0x3 
 .text          0x00000000c0000044      0x101 /cygdrive/d/Users/Alex/Desktop/Toolchain/Output/bin/../lib/gcc/i386-banana/8.1.0/crtbegin.o
 *fill*         0x00000000c0000145        0xb 
 .text          0x00000000c0000150      0x4f5 D:/Users/Alex/Desktop/Banana/kernel/morenasm.32
                0x00000000c0000150                manualPCIProbe
                0x00000000c000019b                prepareTramp
                0x00000000c00001b4                voodooXADD
                0x00000000c000027f                doTPAUSE
                0x00000000c0000289                hasLegacyFPU
                0x00000000c00002ae                is486
                0x00000000c00002e4                detectCPUID
                0x00000000c00002fa                goToVM86
                0x00000000c000032a                goToUsermode
                0x00000000c0000354                switchToThreadASMFirstTime
                0x00000000c0000362                switchToThreadASM
                0x00000000c00003f2                asmQuickAcquireLock
                0x00000000c0000410                asmQuickReleaseLock
                0x00000000c000041c                asmAcquireLock
                0x00000000c000043d                asmReleaseLock
                0x00000000c0000450                loadGDT
                0x00000000c0000470                isr0
                0x00000000c0000480                isr1
                0x00000000c000048a                isr2
                0x00000000c0000494                isr3
                0x00000000c000049e                isr4
                0x00000000c00004a8                isr5
                0x00000000c00004b2                isr6
                0x00000000c00004bc                isr7
                0x00000000c00004c6                isr8
                0x00000000c00004ce                isr9
                0x00000000c00004d8                isr10
                0x00000000c00004e0                isr11
                0x00000000c00004e8                isr12
                0x00000000c00004f0                isr13
                0x00000000c00004f8                isr14
                0x00000000c0000500                isr15
                0x00000000c000050a                isr16
                0x00000000c0000514                isr17
                0x00000000c000051e                isr18
                0x00000000c0000528                irq3
                0x00000000c0000532                irq4
                0x00000000c000053c                irq5
                0x00000000c0000546                irq6
                0x00000000c0000550                irq7
                0x00000000c000055a                irq8
                0x00000000c0000564                irq9
                0x00000000c000056e                irq10
                0x00000000c0000578                irq11
                0x00000000c0000582                irq12
                0x00000000c000058c                irq13
                0x00000000c0000596                irq14
                0x00000000c00005a0                irq15
                0x00000000c00005aa                irq1
                0x00000000c00005b1                irq2
                0x00000000c00005b8                isr96
                0x00000000c00005bf                irq0
                0x00000000c00005c4                int_common_stub
                0x00000000c00005c4                syscall_common_stub
                0x00000000c00005f5                irq16
                0x00000000c00005ff                irq17
                0x00000000c0000609                irq18
                0x00000000c0000613                irq19
                0x00000000c000061d                irq20
                0x00000000c0000627                irq21
                0x00000000c0000631                irq22
                0x00000000c000063b                irq23
 *fill*         0x00000000c0000645        0x3 
 .text          0x00000000c0000648      0x611 acpica/utclib.32
                0x00000000c0000648                memcmp
                0x00000000c0000684                memmove
                0x00000000c000074c                memcpy
                0x00000000c0000780                memset
                0x00000000c000079c                strlen
                0x00000000c00007b4                strpbrk
                0x00000000c00007f0                strtok
                0x00000000c000083c                strcpy
                0x00000000c0000860                strncpy
                0x00000000c00008c8                strcmp
                0x00000000c0000908                strchr
                0x00000000c000092c                strncmp
                0x00000000c000097c                strcat
                0x00000000c00009ac                strncat
                0x00000000c00009e8                strstr
                0x00000000c0000a30                toupper
                0x00000000c0000a44                tolower
                0x00000000c0000a58                simple_strtoul
 .text          0x00000000c0000c59      0xfbf core/malloc.32
                0x00000000c0000dc4                dlfree
                0x00000000c000111f                dlmalloc
                0x00000000c000165c                dlrealloc
                0x00000000c0001811                dlmemalign
                0x00000000c0001934                dlcalloc
                0x00000000c00019ce                dlcfree
                0x00000000c00019d3                dlindependent_calloc
                0x00000000c00019f8                dlindependent_comalloc
                0x00000000c0001a0f                dlvalloc
                0x00000000c0001a3a                dlpvalloc
                0x00000000c0001a70                dlmalloc_trim
                0x00000000c0001a7d                dlmalloc_usable_size
                0x00000000c0001aae                dlmallinfo
                0x00000000c0001b7d                dlmalloc_stats
                0x00000000c0001b8e                dlmallopt
 .text          0x00000000c0001c18        0x0 libk/string.32
 .text          0x00000000c0001c18       0x51 fs/fat/diskio.32
                0x00000000c0001c18                disk_status
                0x00000000c0001c1b                disk_initialize
                0x00000000c0001c1e                disk_read
                0x00000000c0001c34                disk_write
                0x00000000c0001c4a                disk_ioctl
 .text          0x00000000c0001c69     0x6833 fs/fat/ff.32
                0x00000000c0004f37                f_mount
                0x00000000c0004f99                f_open
                0x00000000c00053d5                f_read
                0x00000000c0005655                f_write
                0x00000000c000590f                f_sync
                0x00000000c0005aeb                f_close
                0x00000000c0005b1a                f_lseek
                0x00000000c0005fd1                f_opendir
                0x00000000c00060d3                f_closedir
                0x00000000c00060f5                f_readdir
                0x00000000c0006190                f_stat
                0x00000000c000621f                f_getfree
                0x00000000c00063ea                f_truncate
                0x00000000c00064e2                f_unlink
                0x00000000c0006665                f_mkdir
                0x00000000c0006891                f_rename
                0x00000000c0006b84                f_chmod
                0x00000000c0006c62                f_utime
                0x00000000c0006d40                f_getlabel
                0x00000000c0006f2e                f_setlabel
                0x00000000c000719b                f_forward
                0x00000000c0007379                f_mkfs
 .text          0x00000000c000849c       0x2d fs/fat/ffsystem.32
                0x00000000c000849c                ff_memalloc
                0x00000000c00084b2                ff_memfree
 .text          0x00000000c00084c9      0x253 fs/fat/ffunicode.32
                0x00000000c00084c9                ff_uni2oem
                0x00000000c0008559                ff_oem2uni
                0x00000000c00085c5                ff_wtoupper
 .text          0x00000000c000871c      0x8fb hal/libresample/samplerate.32
                0x00000000c0008760                src_delete
                0x00000000c000879c                src_process
                0x00000000c0008952                src_callback_read
                0x00000000c0008acf                src_set_ratio
                0x00000000c0008b39                src_get_channels
                0x00000000c0008b5b                src_reset
                0x00000000c0008ba7                src_new
                0x00000000c0008c35                src_callback_new
                0x00000000c0008c97                src_get_name
                0x00000000c0008cce                src_get_description
                0x00000000c0008d05                src_get_version
                0x00000000c0008d0b                src_is_valid_ratio
                0x00000000c0008d5f                src_error
                0x00000000c0008d6d                src_strerror
                0x00000000c0008d80                src_simple
                0x00000000c0008dd3                src_short_to_float_array
                0x00000000c0008e38                src_float_to_short_array
                0x00000000c0008ef7                src_int_to_float_array
                0x00000000c0008f5a                src_float_to_int_array
 .text          0x00000000c0009017      0x8cb hal/libresample/src_linear.32
                0x00000000c000983d                linear_get_name
                0x00000000c000984c                linear_get_description
                0x00000000c000985b                linear_set_converter
 .text          0x00000000c00098e2     0x447c hal/libresample/src_sinc.32
                0x00000000c000dc75                sinc_get_name
                0x00000000c000dc88                sinc_get_description
                0x00000000c000dc9b                sinc_set_converter
 .text          0x00000000c000dd5e      0x77c hal/libresample/src_zoh.32
                0x00000000c000e435                zoh_get_name
                0x00000000c000e444                zoh_get_description
                0x00000000c000e453                zoh_set_converter
 .text          0x00000000c000e4da       0x23 compat/inlines.32
                0x00000000c000e4da                CPU::current()
                0x00000000c000e4e7                operator new(unsigned long)
 .text          0x00000000c000e4fd      0x111 compat/resolve.32
                0x00000000c000e4fd                Krnl::resolveCompatibilitySymbol(char*)
 .text          0x00000000c000e60e      0xa17 core/computer.32
                0x00000000c000e60e                Computer::close(int, int, void*)
                0x00000000c000e652                Krnl::firstTask()
                0x00000000c000e742                Computer::Computer()
                0x00000000c000e742                Computer::Computer()
                0x00000000c000e89e                Computer::setBootMessage(char const*)
                0x00000000c000e8a0                Computer::detectFeatures()
                0x00000000c000eaaa                Computer::displayFeatures()
                0x00000000c000edf0                Computer::rdmsr(unsigned int)
                0x00000000c000ee1c                Computer::wrmsr(unsigned int, unsigned long long)
                0x00000000c000ee54                Computer::nmiEnabled()
                0x00000000c000ee60                Computer::readCMOS(unsigned char)
                0x00000000c000ee7a                Computer::enableNMI(bool)
                0x00000000c000ee92                Computer::open(int, int, void*)
                0x00000000c000ef68                Computer::disableNMI()
                0x00000000c000ef76                Computer::writeCMOS(unsigned char, unsigned char)
                0x00000000c000ef94                Computer::handleNMI()
                0x00000000c000effa                Computer::setDiskActivityLight(int, bool)
 *fill*         0x00000000c000f025        0x1 
 .text          0x00000000c000f026      0x1b7 core/gdt.32
                0x00000000c000f026                GDTEntry::setBase(unsigned int)
                0x00000000c000f042                GDTEntry::setLimit(unsigned int)
                0x00000000c000f060                GDT::GDT()
                0x00000000c000f060                GDT::GDT()
                0x00000000c000f076                GDT::addEntry(GDTEntry)
                0x00000000c000f0b2                GDT::getNumberOfEntries()
                0x00000000c000f0ba                GDT::flush()
                0x00000000c000f0dc                GDT::setup()
 .text          0x00000000c000f1dd       0x62 core/idle.32
                0x00000000c000f1dd                idleFunction(void*)
 *fill*         0x00000000c000f23f        0x1 
 .text          0x00000000c000f240      0x45f core/idt.32
                0x00000000c000f240                IDTEntry::IDTEntry(bool)
                0x00000000c000f240                IDTEntry::IDTEntry(bool)
                0x00000000c000f2ae                IDTEntry::setOffset(unsigned int)
                0x00000000c000f2c2                IDT::IDT()
                0x00000000c000f2c2                IDT::IDT()
                0x00000000c000f2c4                IDT::getPointerToInvalidOpcodeEntryForF00F()
                0x00000000c000f2cc                IDT::addEntry(IDTEntry, int)
                0x00000000c000f2e6                IDT::addEntry(int, void (*)(), bool)
                0x00000000c000f31e                IDT::flush()
                0x00000000c000f338                IDT::setup()
 .text          0x00000000c000f69f      0x206 core/kheap.32
                0x00000000c000f69f                sbrk
                0x00000000c000f7ad                mmap
                0x00000000c000f7c3                munmap
                0x00000000c000f7d9                liballoc_lock()
                0x00000000c000f7ea                liballoc_unlock()
                0x00000000c000f7fb                liballoc_alloc(int)
                0x00000000c000f819                liballoc_free(void*, int)
                0x00000000c000f837                realloc
                0x00000000c000f84b                malloc
                0x00000000c000f85b                free
                0x00000000c000f86b                rfree
                0x00000000c000f87b                calloc
 .text          0x00000000c000f8a5      0x485 core/main.32
                0x00000000c000f8a5                hwTextMode_loadInData(VgaText*)
                0x00000000c000f8f0                hwTextMode_loadInTitle(VgaText*, char*)
                0x00000000c000f96e                hwTextMode_showCursor(VgaText*, bool)
                0x00000000c000f9cc                hwTextMode_update(VgaText*)
                0x00000000c000f9cd                hwTextMode_updateCursor(VgaText*)
                0x00000000c000fa1e                hwTextMode_disableBlink(VgaText*, bool)
                0x00000000c000fa64                hwTextMode_scrollScreen(VgaText*)
                0x00000000c000fb11                hwTextMode_writeCharacter(VgaText*, char, VgaColour, VgaColour, int, int)
                0x00000000c000fb93                setupTextMode()
                0x00000000c000fc03                kernel_main
 .text          0x00000000c000fd2a      0x56a core/physmgr.32
                0x00000000c000fd2a                Phys::allocateDMA(unsigned long)
                0x00000000c000fdcd                Phys::freeDMA(unsigned long, unsigned long)
                0x00000000c000fe15                Phys::setPageState(unsigned long, bool)
                0x00000000c000fe47                Phys::getPageState(unsigned long)
                0x00000000c000fe63                Phys::freePage(unsigned long)
                0x00000000c000feed                Phys::allocatePage()
                0x00000000c000ffd2                Phys::allocateContiguousPages(int)
                0x00000000c001002c                Phys::allowSegmentToBeUsed(unsigned long, unsigned long)
                0x00000000c0010064                Phys::physicalMemorySetup(unsigned int)
 .text          0x00000000c0010294      0x273 core/pipe.32
                0x00000000c0010294                Pipe::isAtty()
                0x00000000c0010298                Pipe::~Pipe()
                0x00000000c0010298                Pipe::~Pipe()
                0x00000000c00102bc                Pipe::~Pipe()
                0x00000000c00102e4                Pipe::read(unsigned long long, void*, int*)
                0x00000000c00103d8                Pipe::write(unsigned long long, void*, int*)
                0x00000000c00104a0                Pipe::Pipe(int)
                0x00000000c00104a0                Pipe::Pipe(int)
 *fill*         0x00000000c0010507        0x1 
 .text          0x00000000c0010508      0xf73 core/terminal.32
                0x00000000c0010508                VgaText::isAtty()
                0x00000000c001050c                VgaText::~VgaText()
                0x00000000c001050c                VgaText::~VgaText()
                0x00000000c0010530                VgaText::~VgaText()
                0x00000000c001055a                VgaText::read(unsigned long long, void*, int*)
                0x00000000c001057a                setTerminalScrollLock(bool)
                0x00000000c001057b                addToTerminalCycle(VgaText*)
                0x00000000c00105a8                installVgaTextImplementation()
                0x00000000c00105bd                scrollTerminalScrollLock(int)
                0x00000000c00105be                VgaText::load()
                0x00000000c0010612                VgaText::updateCursor()
                0x00000000c001062c                VgaText::showCursor(bool)
                0x00000000c001063c                VgaText::disableBlink(bool)
                0x00000000c0010676                VgaText::doANSI_SGR(int)
                0x00000000c0010702                VgaText::setDefaultBgColour(VgaColour)
                0x00000000c0010718                VgaText::setDefaultFgColour(VgaColour)
                0x00000000c001072e                VgaText::setDefaultColours(VgaColour, VgaColour)
                0x00000000c001074e                VgaText::combineColours(unsigned char, unsigned char)
                0x00000000c0010760                VgaText::scrollScreen()
                0x00000000c00107f4                VgaText::combineCharAndColour(char, unsigned char)
                0x00000000c0010806                VgaText::writeCharacter(char, VgaColour, VgaColour, int, int)
                0x00000000c0010866                VgaText::getCursorX()
                0x00000000c0010872                VgaText::getCursorY()
                0x00000000c001087e                VgaText::setCursor(int, int)
                0x00000000c001089c                VgaText::setCursorX(int)
                0x00000000c00108b8                VgaText::setCursorY(int)
                0x00000000c00108d4                VgaText::incrementCursor(bool)
                0x00000000c001093c                VgaText::updateRAMUsageDisplay(int)
                0x00000000c00109a0                VgaText::updateDiskUsage()
                0x00000000c0010b0a                VgaText::updateTitle()
                0x00000000c0010b50                VgaText::setTitleTextColour(VgaColour)
                0x00000000c0010b60                VgaText::setTitleColour(VgaColour)
                0x00000000c0010b70                VgaText::setTitle(char*)
                0x00000000c0010b96                VgaText::decrementCursor(bool)
                0x00000000c0010bbe                VgaText::putchar(char, VgaColour, VgaColour)
                0x00000000c0010cba                VgaText::isShowingCursor()
                0x00000000c0010cc6                VgaText::isBlinkDisabled()
                0x00000000c0010cd4                VgaText::setCursorHeight(int)
                0x00000000c0010cf2                VgaText::getCursorHeight()
                0x00000000c0010cfd                setActiveTerminal(VgaText*)
                0x00000000c0010daf                doTerminalCycle()
                0x00000000c0010dcc                VgaText::doUpdate()
                0x00000000c0010dde                VgaText::puts(char const*, VgaColour, VgaColour)
                0x00000000c0010f9e                VgaText::clearScreen()
                0x00000000c0011002                VgaText::putchar(char)
                0x00000000c001111c                VgaText::puts(char const*)
                0x00000000c0011142                VgaText::putx(unsigned int)
                0x00000000c0011188                VgaText::VgaText(char const*)
                0x00000000c0011188                VgaText::VgaText(char const*)
                0x00000000c001131a                VgaText::receiveKey(unsigned char)
                0x00000000c0011402                VgaText::write(unsigned long long, void*, int*)
                0x00000000c0011456                newTerminal(char*)
 *fill*         0x00000000c001147b        0x1 
 .text          0x00000000c001147c      0x1b3 core/tss.32
                0x00000000c001147c                TSS::TSS()
                0x00000000c001147c                TSS::TSS()
                0x00000000c001148a                TSS::setESP(unsigned long)
                0x00000000c001149c                TSS::flush()
                0x00000000c00114bc                TSS::setup(unsigned long, unsigned long)
 *fill*         0x00000000c001162f        0x1 
 .text          0x00000000c0011630      0x4c2 core/unixfile.32
                0x00000000c0011630                ReservedFilename::read(unsigned long long, void*, int*)
                0x00000000c0011686                ReservedFilename::isAtty()
                0x00000000c00116a2                ReservedFilename::write(unsigned long long, void*, int*)
                0x00000000c0011700                UnixFile::getFileDescriptor()
                0x00000000c0011708                UnixFile::UnixFile(int)
                0x00000000c0011708                UnixFile::UnixFile(int)
                0x00000000c00118b8                ReservedFilename::ReservedFilename(int)
                0x00000000c00118b8                ReservedFilename::ReservedFilename(int)
                0x00000000c00118ea                UnixFile::~UnixFile()
                0x00000000c00118ea                UnixFile::~UnixFile()
                0x00000000c0011982                UnixFile::~UnixFile()
                0x00000000c00119aa                ReservedFilename::~ReservedFilename()
                0x00000000c00119aa                ReservedFilename::~ReservedFilename()
                0x00000000c00119ce                ReservedFilename::~ReservedFilename()
                0x00000000c00119f5                getFromFileDescriptor(int)
 .text          0x00000000c0011af2     0x12a3 core/virtmgr.32
                0x00000000c0011af2                Virt::setPageState(unsigned long, Virt::VirtPageState)
                0x00000000c0011b27                Virt::getPageState(unsigned long)
                0x00000000c0011b4b                Virt::allocateKernelVirtualPages(int)
                0x00000000c0011c5c                Virt::freeSwapfilePage(unsigned long)
                0x00000000c0011c7a                Virt::swapIDToSector(unsigned long)
                0x00000000c0011c8c                Virt::allocateSwapfilePage()
                0x00000000c0011d0a                Virt::virtualMemorySetup()
                0x00000000c0011d89                Virt::swappingSetup()
                0x00000000c0011de6                Virt::getAKernelVAS()
                0x00000000c0011dec                Virt::setupPageSwapping(int)
                0x00000000c0011f38                VAS::VAS()
                0x00000000c0011f38                VAS::VAS()
                0x00000000c0011f74                VAS::VAS(VAS*)
                0x00000000c0011f74                VAS::VAS(VAS*)
                0x00000000c0011fa2                VAS::getForeignPageTableEntry(bool, unsigned long)
                0x00000000c0011fce                VAS::getPageTableEntry(unsigned long)
                0x00000000c0011fed                Virt::freeKernelVirtualPages(unsigned long)
                0x00000000c0012110                VAS::freeAllocatedPages(unsigned long)
                0x00000000c0012134                VAS::virtualToPhysical(unsigned long)
                0x00000000c001214c                VAS::reflagRange(unsigned long, int, int, int)
                0x00000000c001218c                VAS::setToWriteCombining(unsigned long, int)
                0x00000000c00121be                VAS::mapOtherVASIn(bool, VAS*)
                0x00000000c00121e8                VAS::~VAS()
                0x00000000c00121e8                VAS::~VAS()
                0x00000000c0012354                VAS::mapPage(unsigned long, unsigned long, int)
                0x00000000c0012454                VAS::allocatePages(int, int)
                0x00000000c001262c                VAS::setCPUSpecific(unsigned long)
                0x00000000c0012648                VAS::mapRange(unsigned long, unsigned long, int, int)
                0x00000000c001270e                VAS::mapForeignPage(bool, VAS*, unsigned long, unsigned long, int)
                0x00000000c00127fc                VAS::VAS(bool)
                0x00000000c00127fc                VAS::VAS(bool)
                0x00000000c0012a62                VAS::evict(unsigned long)
                0x00000000c0012b24                VAS::tryLoadBackOffDisk(unsigned long)
                0x00000000c0012c28                VAS::scanForEviction()
                0x00000000c0012cd9                mapVASFirstTime
 .text          0x00000000c0012d95       0x95 coreobjs/c++.32
                0x00000000c0012d95                __cxa_atexit
                0x00000000c0012d98                __cxa_finalize
                0x00000000c0012d99                __stack_chk_fail
                0x00000000c0012e05                __cxa_pure_virtual
                0x00000000c0012e16                operator new[](unsigned long)
                0x00000000c0012e1b                operator delete(void*, unsigned long)
                0x00000000c0012e20                operator delete[](void*)
                0x00000000c0012e25                operator delete[](void*, unsigned long)
 .text          0x00000000c0012e2a      0x1ef dbg/kconsole.32
                0x00000000c0012e2a                Dbg::stringifyxWithBase(unsigned int, char*, int)
                0x00000000c0012e8b                Dbg::logc(char)
                0x00000000c0012ea2                Dbg::logs(char*)
                0x00000000c0012ebf                Dbg::logWriteInt(unsigned int)
                0x00000000c0012edc                Dbg::logWriteIntBase(unsigned int, int)
                0x00000000c0012efb                Dbg::kprintf(char const*, ...)
 *fill*         0x00000000c0013019        0x1 
 .text          0x00000000c001301a      0xb82 fs/vfs.32
                0x00000000c001301a                File::read(unsigned long long, void*, int*)
                0x00000000c0013072                File::write(unsigned long long, void*, int*)
                0x00000000c00130ca                Directory::read(unsigned long long, void*, int*)
                0x00000000c0013122                Directory::write(unsigned long long, void*, int*)
                0x00000000c0013150                File::isAtty()
                0x00000000c0013154                Directory::isAtty()
                0x00000000c0013158                Filesystem::getlabel(LogicalDisk*, int, char*, unsigned int*)
                0x00000000c001315e                Filesystem::setlabel(LogicalDisk*, int, char*)
                0x00000000c0013164                Filesystem::getFileFirstSector(char const*)
                0x00000000c001316a                File::~File()
                0x00000000c001316a                File::~File()
                0x00000000c001318e                File::~File()
                0x00000000c00131b8                Directory::~Directory()
                0x00000000c00131b8                Directory::~Directory()
                0x00000000c00131dc                Directory::~Directory()
                0x00000000c0013206                Filesystem::Filesystem()
                0x00000000c0013206                Filesystem::Filesystem()
                0x00000000c001322a                Filesystem::~Filesystem()
                0x00000000c001322a                Filesystem::~Filesystem()
                0x00000000c0013238                Filesystem::~Filesystem()
                0x00000000c001325c                Fs::getcwd(Process*, char*, int)
                0x00000000c0013286                Fs::initVFS()
                0x00000000c00132b0                Fs::standardiseFiles(char*, char const*, char const*)
                0x00000000c001345a                File::File(char const*, Process*)
                0x00000000c001345a                File::File(char const*, Process*)
                0x00000000c00134be                File::open(FileOpenMode)
                0x00000000c001351c                File::close()
                0x00000000c001357c                File::seek(unsigned long long)
                0x00000000c00135d2                File::tell(unsigned long long*)
                0x00000000c0013622                File::rewind()
                0x00000000c0013636                File::unlink()
                0x00000000c0013682                File::rename(char const*)
                0x00000000c00136d0                File::chfatattr(unsigned char, unsigned char)
                0x00000000c001372c                File::exists()
                0x00000000c001376a                File::stat(unsigned long long*, bool*)
                0x00000000c00137cb                Fs::setcwd(Process*, char*)
                0x00000000c0013906                Directory::Directory(char const*, Process*)
                0x00000000c0013906                Directory::Directory(char const*, Process*)
                0x00000000c001396a                Directory::open()
                0x00000000c00139c6                Directory::close()
                0x00000000c0013a26                Directory::unlink()
                0x00000000c0013a72                Directory::rename(char const*)
                0x00000000c0013ac0                Directory::exists()
                0x00000000c0013afe                Directory::read(dirent*)
                0x00000000c0013b4a                Directory::create()
                0x00000000c0013b96                Filesystem::chfatattr(char const*, unsigned char, unsigned char)
 .text          0x00000000c0013b9c       0x84 hal/bus.32
                0x00000000c0013b9c                Bus::Bus(char const*)
                0x00000000c0013b9c                Bus::Bus(char const*)
                0x00000000c0013bd2                Bus::~Bus()
                0x00000000c0013bd2                Bus::~Bus()
                0x00000000c0013bf6                Bus::~Bus()
 .text          0x00000000c0013c20      0x14e hal/buzzer.32
                0x00000000c0013c20                Buzzer::Buzzer(char const*)
                0x00000000c0013c20                Buzzer::Buzzer(char const*)
                0x00000000c0013c64                Buzzer::~Buzzer()
                0x00000000c0013c64                Buzzer::~Buzzer()
                0x00000000c0013c88                Buzzer::~Buzzer()
                0x00000000c0013cb2                Buzzer::stop()
                0x00000000c0013cc5                beepThread(void*)
                0x00000000c0013d00                Buzzer::beep(int, int, bool)
 .text          0x00000000c0013d6e      0x467 hal/clock.32
                0x00000000c0013d6e                User::loadClockSettings(int)
                0x00000000c0013dc0                Clock::Clock(char const*)
                0x00000000c0013dc0                Clock::Clock(char const*)
                0x00000000c0013df6                Clock::~Clock()
                0x00000000c0013df6                Clock::~Clock()
                0x00000000c0013e1a                Clock::~Clock()
                0x00000000c0013e44                Clock::timeInSecondsLocal()
                0x00000000c0013e8c                Clock::setTimeInSecondsLocal(unsigned long long)
                0x00000000c0013ee5                datetimeToSeconds(datetime_t)
                0x00000000c001400c                Clock::setTimeInDatetimeLocal(datetime_t)
                0x00000000c001406c                secondsToDatetime(unsigned long long)
                0x00000000c00141b0                Clock::timeInDatetimeLocal()
 *fill*         0x00000000c00141d5        0x1 
 .text          0x00000000c00141d6      0x4de hal/device.32
                0x00000000c00141d6                Device::hibernate()
                0x00000000c00141d8                Device::wake()
                0x00000000c00141da                Device::detect()
                0x00000000c00141dc                Device::disableLegacy()
                0x00000000c00141de                Device::powerSaving(PowerSavingLevel)
                0x00000000c00141e0                DriverlessDevice::close(int, int, void*)
                0x00000000c00141e4                DriverlessDevice::detect()
                0x00000000c00141e6                DriverlessDevice::open(int, int, void*)
                0x00000000c00141fa                Device::~Device()
                0x00000000c00141fa                Device::~Device()
                0x00000000c0014208                Device::~Device()
                0x00000000c0014230                Device::findAndLoadDriver()
                0x00000000c0014232                Device::preOpenPCI(PCIDeviceInfo)
                0x00000000c0014258                Device::preOpenACPI(void*, char*, char*)
                0x00000000c00142ac                Device::addIRQHandler(int, void (*)(regs*, void*), bool, void*)
                0x00000000c00142ea                Device::removeIRQHandler(int, void (*)(regs*, void*), bool)
                0x00000000c0014328                Device::addChild(Device*)
                0x00000000c001436c                Device::removeAllChildren()
                0x00000000c00143b2                Device::hibernateAll()
                0x00000000c00143e2                Device::wakeAll()
                0x00000000c0014412                Device::detectAll()
                0x00000000c0014442                Device::disableLegacyAll()
                0x00000000c0014472                Device::loadDriversForAll()
                0x00000000c001449e                Device::closeAll()
                0x00000000c00144d4                Device::powerSavingAll(PowerSavingLevel)
                0x00000000c001450a                Device::setName(char const*)
                0x00000000c0014518                Device::Device(char const*)
                0x00000000c0014518                Device::Device(char const*)
                0x00000000c0014614                Device::getName()
                0x00000000c001461e                DriverlessDevice::DriverlessDevice(char const*)
                0x00000000c001461e                DriverlessDevice::DriverlessDevice(char const*)
                0x00000000c0014646                Device::addToLinkedList(LinkedList<Device>&, DeviceType)
                0x00000000c001468a                getDevicesOfType(DeviceType)
 .text          0x00000000c00146b4       0x84 hal/diskctrl.32
                0x00000000c00146b4                HardDiskController::HardDiskController(char const*)
                0x00000000c00146b4                HardDiskController::HardDiskController(char const*)
                0x00000000c00146ea                HardDiskController::~HardDiskController()
                0x00000000c00146ea                HardDiskController::~HardDiskController()
                0x00000000c001470e                HardDiskController::~HardDiskController()
 .text          0x00000000c0014738       0xf2 hal/diskphys.32
                0x00000000c0014738                PhysicalDisk::eject()
                0x00000000c001474c                PhysicalDisk::PhysicalDisk(char const*, int)
                0x00000000c001474c                PhysicalDisk::PhysicalDisk(char const*, int)
                0x00000000c00147b4                PhysicalDisk::startCache()
                0x00000000c00147dc                PhysicalDisk::~PhysicalDisk()
                0x00000000c00147dc                PhysicalDisk::~PhysicalDisk()
                0x00000000c0014800                PhysicalDisk::~PhysicalDisk()
 .text          0x00000000c001482a      0x13b hal/fpu.32
                0x00000000c001482a                FPU::FPU(char const*)
                0x00000000c001482a                FPU::FPU(char const*)
                0x00000000c0014860                FPU::~FPU()
                0x00000000c0014860                FPU::~FPU()
                0x00000000c0014884                FPU::~FPU()
                0x00000000c00148ae                setupFPU()
 *fill*         0x00000000c0014965        0x1 
 .text          0x00000000c0014966     0x1421 hal/intctrl.32
                0x00000000c0014966                InterruptController::uninstallISRHandler(int, void (*)(regs*, void*))
                0x00000000c001499e                InterruptController::installISRHandler(int, void (*)(regs*, void*), void*)
                0x00000000c00149f0                doubleFault(regs*, void*)
                0x00000000c0014a0a                InterruptController::installIRQHandler(int, void (*)(regs*, void*), bool, void*)
                0x00000000c0014aa6                InterruptController::clearAllHandlers(int, bool)
                0x00000000c0014b4e                InterruptController::uninstallIRQHandler(int, void (*)(regs*, void*), bool)
                0x00000000c0014bd5                nmiHandler(regs*, void*)
                0x00000000c0014be3                int_handler
                0x00000000c0014c84                InterruptController::InterruptController(char const*)
                0x00000000c0014c84                InterruptController::InterruptController(char const*)
                0x00000000c0014d2a                InterruptController::~InterruptController()
                0x00000000c0014d2a                InterruptController::~InterruptController()
                0x00000000c0014d4e                InterruptController::~InterruptController()
                0x00000000c0014d78                displayDebugInfo(regs*)
                0x00000000c0015207                x87EmulHandler(regs*, void*)
                0x00000000c001527a                gpFault(regs*, void*)
                0x00000000c00152b3                pgFault(regs*, void*)
                0x00000000c00152ef                otherISRHandler(regs*, void*)
                0x00000000c001530e                opcodeFault(regs*, void*)
                0x00000000c0015914                displayProgramFault(char const*)
                0x00000000c001593c                setupInterruptController()
                0x00000000c0015d3a                InterruptController::convertLegacyIRQNumber(int)
 *fill*         0x00000000c0015d87        0x1 
 .text          0x00000000c0015d88      0x6c8 hal/keybrd.32
                0x00000000c0015d88                startGUI(void*)
                0x00000000c0015de4                startGUIVESA(void*)
                0x00000000c0015e40                sendKeyToTerminal(unsigned char)
                0x00000000c0015eac                sendKeyboardToken(KeyboardToken)
                0x00000000c00162e9                clearInternalKeybuffer(VgaText*)
                0x00000000c001631e                readKeyboard(VgaText*, char*, unsigned long)
                0x00000000c00163c6                Keyboard::Keyboard(char const*)
                0x00000000c00163c6                Keyboard::Keyboard(char const*)
                0x00000000c0016402                Keyboard::~Keyboard()
                0x00000000c0016402                Keyboard::~Keyboard()
                0x00000000c0016426                Keyboard::~Keyboard()
 .text          0x00000000c0016450      0x414 hal/logidisk.32
                0x00000000c0016450                LogicalDisk::close(int, int, void*)
                0x00000000c0016454                LogicalDisk::~LogicalDisk()
                0x00000000c0016454                LogicalDisk::~LogicalDisk()
                0x00000000c0016478                LogicalDisk::~LogicalDisk()
                0x00000000c00164a2                LogicalDisk::open(int, int, void*)
                0x00000000c00164b6                LogicalDisk::absoluteToRelative(unsigned long long)
                0x00000000c00164ee                LogicalDisk::relativeToAbsolute(unsigned long long)
                0x00000000c0016534                LogicalDisk::LogicalDisk(char const*, PhysicalDisk*, unsigned long long, unsigned long long)
                0x00000000c0016534                LogicalDisk::LogicalDisk(char const*, PhysicalDisk*, unsigned long long, unsigned long long)
                0x00000000c00165ea                LogicalDisk::assignDriveLetter()
                0x00000000c00166a0                LogicalDisk::mount()
                0x00000000c0016712                LogicalDisk::unmount()
                0x00000000c0016722                LogicalDisk::eject()
                0x00000000c0016736                LogicalDisk::unassignDriveLetter()
                0x00000000c001678c                LogicalDisk::read(unsigned long long, int, void*)
                0x00000000c00167f8                LogicalDisk::write(unsigned long long, int, void*)
 .text          0x00000000c0016864       0x84 hal/mouse.32
                0x00000000c0016864                Mouse::Mouse(char const*)
                0x00000000c0016864                Mouse::Mouse(char const*)
                0x00000000c001689a                Mouse::~Mouse()
                0x00000000c001689a                Mouse::~Mouse()
                0x00000000c00168be                Mouse::~Mouse()
 .text          0x00000000c00168e8      0x34d hal/partition.32
                0x00000000c00168e8                makePartition(PhysicalDisk*, unsigned long long, unsigned long long)
                0x00000000c00169a4                createPartitionsForDisk(PhysicalDisk*)
 *fill*         0x00000000c0016c35        0x1 
 .text          0x00000000c0016c36       0x84 hal/serial.32
                0x00000000c0016c36                Serial::Serial(char const*)
                0x00000000c0016c36                Serial::Serial(char const*)
                0x00000000c0016c6c                Serial::~Serial()
                0x00000000c0016c6c                Serial::~Serial()
                0x00000000c0016c90                Serial::~Serial()
 .text          0x00000000c0016cba      0x2b8 hal/timer.32
                0x00000000c0016cba                Timer::Timer(char const*)
                0x00000000c0016cba                Timer::Timer(char const*)
                0x00000000c0016cf0                Timer::~Timer()
                0x00000000c0016cf0                Timer::~Timer()
                0x00000000c0016d14                Timer::~Timer()
                0x00000000c0016d3e                Timer::read()
                0x00000000c0016d49                timerHandler(unsigned long long)
                0x00000000c0016e80                setupTimer(int)
 .text          0x00000000c0016f72      0x425 hal/vcache.32
                0x00000000c0016f72                VCache::VCache(PhysicalDisk*)
                0x00000000c0016f72                VCache::VCache(PhysicalDisk*)
                0x00000000c00170da                VCache::invalidateReadBuffer()
                0x00000000c00170ea                VCache::writeWriteBuffer()
                0x00000000c0017126                VCache::~VCache()
                0x00000000c0017126                VCache::~VCache()
                0x00000000c001717a                VCache::~VCache()
                0x00000000c00171a2                VCache::write(unsigned long long, int, void*)
                0x00000000c0017298                VCache::read(unsigned long long, int, void*)
 *fill*         0x00000000c0017397        0x1 
 .text          0x00000000c0017398      0x4cd hal/video.32
                0x00000000c0017398                Video::putrect(int, int, int, int, unsigned int)
                0x00000000c00173e4                Video::bitblit(int, int, int, int, int, int, int, unsigned int*)
                0x00000000c0017454                Video::blit(unsigned int*, int, int, int, int)
                0x00000000c00174d2                Video::clearScreen(unsigned int)
                0x00000000c0017506                Video::putpixel(int, int, unsigned int)
                0x00000000c0017514                Video::Video(char const*)
                0x00000000c0017514                Video::Video(char const*)
                0x00000000c001754a                Video::~Video()
                0x00000000c001754a                Video::~Video()
                0x00000000c001756e                Video::~Video()
                0x00000000c0017598                Video::isMonochrome()
                0x00000000c00175a4                Video::getWidth()
                0x00000000c00175b0                Video::getHeight()
                0x00000000c00175bc                Video::drawCursor(int, int, unsigned char*, int)
                0x00000000c0017678                Video::tgaParse(unsigned char*, int, int*, int*)
                0x00000000c00177fa                Video::putTGA(int, int, unsigned char*, int)
 *fill*         0x00000000c0017865        0x1 
 .text          0x00000000c0017866      0xf74 hw/acpi.32
                0x00000000c0017866                ACPI::close(int, int, void*)
                0x00000000c001791b                findRSDP()
                0x00000000c00179b5                loadACPITables(unsigned char*)
                0x00000000c0017bdc                findRSDT(unsigned char*)
                0x00000000c0017cfa                findDataTable(unsigned char*, char*)
                0x00000000c0017d96                scanMADT()
                0x00000000c001821c                ACPI::ACPI()
                0x00000000c001821c                ACPI::ACPI()
                0x00000000c0018286                ACPI::getPCIIRQAssignment(unsigned char, unsigned short, unsigned char)
                0x00000000c0018368                ACPI::registerPCIIRQAssignment(void*, unsigned short, unsigned char, unsigned char)
                0x00000000c001842e                ACPI::setScreenBrightnessLevel(void*, int)
                0x00000000c0018434                ACPI::writeSimpleBootFlag(SimpleBootFlagTable*)
                0x00000000c001847c                ACPI::open(int, int, void*)
                0x00000000c00187c2                ACPI::sleep()
 .text          0x00000000c00187da     0x1715 hw/cpu.32
                0x00000000c00187da                CPU::close(int, int, void*)
                0x00000000c00187de                CPU::lookupAMDName(unsigned char, unsigned char)
                0x00000000c0018972                CPU::lookupIntelName(unsigned char, unsigned char)
                0x00000000c0018c20                CPU::AMD_K6_write_msr(unsigned int, unsigned int, unsigned int, CPU::REGS*)
                0x00000000c0018c3c                CPU::AMD_K6_read_msr(unsigned int, CPU::REGS*)
                0x00000000c0018c54                CPU::AMD_K6_writeback(int, int, int)
                0x00000000c0018cc8                CPU::cpuid(int, unsigned long*, unsigned long*, unsigned long*, unsigned long*)
                0x00000000c0018d4c                CPU::cpuidCheckEDX(unsigned int)
                0x00000000c0018d7a                CPU::cpuidCheckECX(unsigned int)
                0x00000000c0018da8                CPU::cpuidCheckExtendedEBX(unsigned int)
                0x00000000c0018dd6                CPU::cpuidCheckExtendedECX(unsigned int)
                0x00000000c0018e04                CPU::CPU()
                0x00000000c0018e04                CPU::CPU()
                0x00000000c0018e92                CPU::displayFeatures()
                0x00000000c001910e                CPU::detectFeatures()
                0x00000000c0019afe                CPU::setupSMEP()
                0x00000000c0019b0a                CPU::setupUMIP()
                0x00000000c0019b14                CPU::setupTSC()
                0x00000000c0019b1e                CPU::setupLargePages()
                0x00000000c0019b28                CPU::setupPAT()
                0x00000000c0019b64                CPU::setupMTRR()
                0x00000000c0019b66                CPU::setupGlobalPages()
                0x00000000c0019b70                CPU::allowUsermodeDataAccess()
                0x00000000c0019b82                CPU::prohibitUsermodeDataAccess()
                0x00000000c0019b94                CPU::setupSMAP()
                0x00000000c0019ba2                CPU::setupFeatures()
                0x00000000c0019c22                CPU::open(int, int, void*)
                0x00000000c0019cf4                CPU::decodeAddress(regs*, int*, bool*, unsigned char*)
 .text          0x00000000c0019eef        0x0 hw/ports.32
 .text          0x00000000c0019eef      0x16a hw/smp.32
                0x00000000c0019eef                Krnl::smpEntry()
                0x00000000c0019ef1                Krnl::startCPU(int)
                0x00000000c001a03a                Krnl::startCPUs()
 *fill*         0x00000000c001a059        0x1 
 .text          0x00000000c001a05a      0x5d3 krnl/env.32
                0x00000000c001a05a                EnvVarContainer::getEnv(char const*)
                0x00000000c001a098                EnvVarContainer::setEnv(char const*, char const*)
                0x00000000c001a164                EnvVarContainer::deleteEnv(char const*)
                0x00000000c001a166                EnvVarContainer::loadFrom(char const*, char const*)
                0x00000000c001a35c                EnvVarContainer::__loadSystem()
                0x00000000c001a376                EnvVarContainer::__loadUser()
                0x00000000c001a378                EnvVarContainer::EnvVarContainer(Process*)
                0x00000000c001a378                EnvVarContainer::EnvVarContainer(Process*)
                0x00000000c001a39a                EnvVarContainer::~EnvVarContainer()
                0x00000000c001a39a                EnvVarContainer::~EnvVarContainer()
                0x00000000c001a3ca                Krnl::getEnv(Process*, char const*)
                0x00000000c001a42f                Krnl::setEnvSystem(char const*, char const*)
                0x00000000c001a449                Krnl::setEnvUser(char const*, char const*)
                0x00000000c001a468                Krnl::setEnvProcess(Process*, char const*, char const*)
                0x00000000c001a47b                Krnl::deleteEnvSystem(char const*)
                0x00000000c001a47c                Krnl::deleteEnvUser(char const*)
                0x00000000c001a47d                Krnl::deleteEnvProcess(Process*, char const*)
                0x00000000c001a47e                Krnl::newProcessEnv(Process*)
                0x00000000c001a4a0                Krnl::copyProcessEnv(Process*, Process*)
                0x00000000c001a4f4                Krnl::loadSystemEnv()
                0x00000000c001a522                Krnl::loadUserEnv()
                0x00000000c001a548                Krnl::flushEnv()
                0x00000000c001a549                Krnl::getProcessTotalEnvCount(Process*)
                0x00000000c001a569                Krnl::getProcessEnvPair(Process*, int)
 .text          0x00000000c001a62d      0x396 krnl/panic.32
                0x00000000c001a62d                Krnl::panic(char const*)
 .text          0x00000000c001a9c3      0x3b6 net/ethernet.32
                0x00000000c001a9c3                Net::switchEndian16(unsigned short)
                0x00000000c001a9e4                Net::switchEndian32(unsigned int)
                0x00000000c001aa13                Net::crc32Calc(unsigned char*, int)
                0x00000000c001aaa4                Net::wrapEthernetFrame(Net::UnwrappedEthernetFrame, unsigned char*)
                0x00000000c001abe0                Net::unwrapEthernetFrame(unsigned char*, int)
 .text          0x00000000c001ad79      0x513 reg/registry.32
                0x00000000c001ad79                Reg::findLineFromLoadedData(char*, char*, char*)
                0x00000000c001aed1                Reg::getLineFromRegistry(char*, char*, char*, char*)
                0x00000000c001b026                Reg::getLine(char*, char*, char*)
                0x00000000c001b05d                Reg::readInt(char*, char*, int*)
                0x00000000c001b148                Reg::readString(char*, char*, char*, int)
                0x00000000c001b1c9                Reg::readBool(char*, char*, bool*)
                0x00000000c001b1ee                Reg::readBoolWithDefault(char*, char*, bool)
                0x00000000c001b21a                Reg::readIntWithDefault(char*, char*, int)
                0x00000000c001b246                Reg::readStringWithDefault(char*, char*, char*, int, char*)
 .text          0x00000000c001b28c       0x36 sys/sc_eject.32
                0x00000000c001b28c                Sys::eject(regs*)
 .text          0x00000000c001b2c2       0x18 sys/sc_exit.32
                0x00000000c001b2c2                Sys::exit(regs*)
 .text          0x00000000c001b2da       0x1f sys/sc_getcwd.32
                0x00000000c001b2da                Sys::getCwd(regs*)
 .text          0x00000000c001b2f9        0xc sys/sc_getpid.32
                0x00000000c001b2f9                Sys::getPID(regs*)
 .text          0x00000000c001b305       0x17 sys/sc_getramdata.32
                0x00000000c001b305                Sys::getRAMData(regs*)
 .text          0x00000000c001b31c       0xa8 sys/sc_loaddll.32
                0x00000000c001b31c                Sys::loadDLL(regs*)
 .text          0x00000000c001b3c4       0x68 sys/sc_read.32
                0x00000000c001b3c4                Sys::read(regs*)
 .text          0x00000000c001b42c       0x55 sys/sc_sbrk.32
                0x00000000c001b42c                Sys::sbrk(regs*)
 .text          0x00000000c001b481       0x1c sys/sc_setcwd.32
                0x00000000c001b481                Sys::setCwd(regs*)
 .text          0x00000000c001b49d      0x128 sys/sc_settime.32
                0x00000000c001b49d                Sys::setTime(regs*)
 .text          0x00000000c001b5c5       0x4a sys/sc_timezone.32
                0x00000000c001b5c5                Sys::timezone(regs*)
 .text          0x00000000c001b60f       0x68 sys/sc_write.32
                0x00000000c001b60f                Sys::write(regs*)
 .text          0x00000000c001b677       0x62 sys/sc_wsbe.32
                0x00000000c001b677                Sys::wsbe(regs*)
 .text          0x00000000c001b6d9       0x3b sys/sc_yield.32
                0x00000000c001b6d9                Sys::yield(regs*)
 .text          0x00000000c001b714     0x10e5 sys/syscalls.32
                0x00000000c001b714                sysCallSeekDir(regs*)
                0x00000000c001b719                sysCallTellDir(regs*)
                0x00000000c001b71e                sysCallVerify(regs*)
                0x00000000c001b728                sysFormatDisk(regs*)
                0x00000000c001b792                sysSetDiskVolumeLabel(regs*)
                0x00000000c001b7d8                sysGetDiskVolumeLabel(regs*)
                0x00000000c001b829                sysShutdown(regs*)
                0x00000000c001b887                sysCallRealpath(regs*)
                0x00000000c001b8ca                sysCallGetArgc(regs*)
                0x00000000c001b8f8                sysCallReadDir(regs*)
                0x00000000c001b986                sysCallIsATTY(regs*)
                0x00000000c001b9e0                sysCallSeek(regs*)
                0x00000000c001ba49                sysCallTell(regs*)
                0x00000000c001bac6                sysCallSize(regs*)
                0x00000000c001bb49                sysCallSizeFromFilename(regs*)
                0x00000000c001bc09                sysCallClose(regs*)
                0x00000000c001bc91                sysCallOpenDir(regs*)
                0x00000000c001bd06                sysCallCloseDir(regs*)
                0x00000000c001bd6c                sysCallMakeDir(regs*)
                0x00000000c001bddc                sysCallWait(regs*)
                0x00000000c001bdf6                sysCallNotImpl(regs*)
                0x00000000c001be11                sysPanic(regs*)
                0x00000000c001be37                sysCallRmdir(regs*)
                0x00000000c001be9b                sysCallUnlink(regs*)
                0x00000000c001beff                sysCallGetArgv(regs*)
                0x00000000c001bf4b                sysCallTTYName(regs*)
                0x00000000c001bfce                sysCallUSleep(regs*)
                0x00000000c001bff5                sysCallSpawn(regs*)
                0x00000000c001c04d                sysCallGetEnv(regs*)
                0x00000000c001c185                sysAppSettings(regs*)
                0x00000000c001c2a4                sysSetFatAttrib(regs*)
                0x00000000c001c316                sysPipe(regs*)
                0x00000000c001c35b                sysGetUnixTime(regs*)
                0x00000000c001c36f                string_ends_with(char const*, char const*)
                0x00000000c001c3b7                sysCallOpen(regs*)
                0x00000000c001c5cc                Sys::loadSyscalls()
                0x00000000c001c7b7                Sys::systemCall(regs*, void*)
 .text          0x00000000c001c7f9     0x11d4 thr/elf.32
                0x00000000c001c7f9                Thr::allocateMemoryForTask(Process*, File*, unsigned long, unsigned long, unsigned long)
                0x00000000c001ca8b                Thr::loadProgramIntoMemory(Process*, char const*)
                0x00000000c001cca1                Thr::runtimeReferenceHelper()
                0x00000000c001ccb4                Thr::getAddressOfKernelSymbol(char const*)
                0x00000000c001cd03                Thr::loadKernelSymbolTable(char const*)
                0x00000000c001cfc1                Thr::loadDriverIntoMemory(char const*, unsigned long, bool)
                0x00000000c001d6dd                Thr::getDriverBaseFromAddress(unsigned long)
                0x00000000c001d70f                Thr::getDriverNameFromAddress(unsigned long)
                0x00000000c001d746                Thr::getDriverOffsetFromAddress(unsigned long)
                0x00000000c001d760                Thr::loadDLL(char const*, bool)
                0x00000000c001d994                Thr::executeDLL(unsigned long, void*)
 *fill*         0x00000000c001d9cd        0x1 
 .text          0x00000000c001d9ce     0x1090 thr/prcssthr.32
                0x00000000c001d9ce                changeTSS
                0x00000000c001d9fe                Process::addArgs(char**)
                0x00000000c001da58                Process::Process(char const*, Process*, char**)
                0x00000000c001da58                Process::Process(char const*, Process*, char**)
                0x00000000c001dc3c                Process::Process(bool, char const*, Process*, char**)
                0x00000000c001dc3c                Process::Process(bool, char const*, Process*, char**)
                0x00000000c001ddeb                disableIRQs()
                0x00000000c001ddf3                getIRQNestingLevel()
                0x00000000c001ddf9                enableIRQs()
                0x00000000c001de08                lockScheduler()
                0x00000000c001de0a                unlockScheduler()
                0x00000000c001de0c                userModeEntryPoint(void*)
                0x00000000c001de2f                lockStuff()
                0x00000000c001de3b                taskStartupFunction
                0x00000000c001de44                updateTimeUsed()
                0x00000000c001dea9                switchToThread(ThreadControlBlock*)
                0x00000000c001defa                Semaphore::Semaphore(int)
                0x00000000c001defa                Semaphore::Semaphore(int)
                0x00000000c001df28                Mutex::Mutex()
                0x00000000c001df28                Mutex::Mutex()
                0x00000000c001df3a                Process::createThread(void (*)(void*), void*, int)
                0x00000000c001e040                Process::createUserThread()
                0x00000000c001e05c                setupMultitasking(void (*)())
                0x00000000c001e17e                schedule()
                0x00000000c001e203                unlockStuff()
                0x00000000c001e238                Semaphore::tryAcquire()
                0x00000000c001e266                Semaphore::assertLocked(char const*)
                0x00000000c001e296                blockTaskWithSchedulerLockAlreadyHeld(TaskState)
                0x00000000c001e2d8                blockTask(TaskState)
                0x00000000c001e2f9                waitTask(int, int*, int)
                0x00000000c001e33b                nanoSleepUntil(unsigned long long)
                0x00000000c001e392                nanoSleep(unsigned long long)
                0x00000000c001e3a7                sleep(unsigned long long)
                0x00000000c001e3c4                Semaphore::acquire()
                0x00000000c001e42c                taskReturned
                0x00000000c001e45a                unblockTask(ThreadControlBlock*)
                0x00000000c001e509                cleanupTerminatedTask(ThreadControlBlock*)
                0x00000000c001e7d2                cleanerTaskFunction(void*)
                0x00000000c001e885                terminateTask(int)
                0x00000000c001e965                Thr::terminateFromIRQ(int)
                0x00000000c001e972                Semaphore::release()
 .text          0x00000000c001ea5e      0xc26 vm86/vm8086.32
                0x00000000c001ea5e                Vm::inbv(unsigned short)
                0x00000000c001ea71                Vm::outbv(unsigned short, unsigned char)
                0x00000000c001eac4                Vm::realToLinear(unsigned short, unsigned short)
                0x00000000c001ead4                Vm::getSegment(unsigned int)
                0x00000000c001eadc                Vm::getOffset(unsigned int)
                0x00000000c001eae1                Vm::mainloop2()
                0x00000000c001eb1c                Vm::mainVm8086Loop(void*)
                0x00000000c001eb29                Vm::mainloop3(unsigned long)
                0x00000000c001eb53                Vm::initialise8086()
                0x00000000c001eb96                Vm::finish8086()
                0x00000000c001ebdb                Vm::getOutput8086(unsigned char*)
                0x00000000c001ec05                Vm::start8086(char const*, unsigned short, unsigned short, unsigned short, unsigned short)
                0x00000000c001ed55                Vm::doISR(regs*, int, unsigned char*, unsigned short, unsigned short)
                0x00000000c001eddf                Vm::readByteFromReal(unsigned short, unsigned short)
                0x00000000c001edf0                Vm::readWordFromReal(unsigned short, unsigned short)
                0x00000000c001ee02                Vm::readDwordFromReal(unsigned short, unsigned short)
                0x00000000c001ee13                Vm::writeByteFromReal(unsigned short, unsigned short, unsigned char)
                0x00000000c001ee28                Vm::writeWordFromReal(unsigned short, unsigned short, unsigned short)
                0x00000000c001ee3e                Vm::writeDwordFromReal(unsigned short, unsigned short, unsigned int)
                0x00000000c001ee53                Vm::faultHandler(regs*)
 .text          0x00000000c001f684      0xefd vm86/x87em.32
                0x00000000c001f684                Vm::fpuInternalTo32(unsigned long long)
                0x00000000c001f6df                Vm::fpuInternalTo64(unsigned long long)
                0x00000000c001f6e8                Vm::fpu32ToInternal(unsigned int)
                0x00000000c001f72d                Vm::fpu64ToInternal(unsigned long long)
                0x00000000c001f736                Vm::fpuFloatToLong(unsigned long long)
                0x00000000c001f791                Vm::fpuULongToFloat(unsigned long long)
                0x00000000c001f7c7                Vm::fpuLongToFloat(long long)
                0x00000000c001f81d                Vm::fpuGet0()
                0x00000000c001f822                Vm::fpuGet1()
                0x00000000c001f82a                Vm::fpuGetPi()
                0x00000000c001f832                Vm::fpuGetLog2E()
                0x00000000c001f84a                Vm::fpuGetLogE2()
                0x00000000c001f862                Vm::fpuGetLog210()
                0x00000000c001f87a                Vm::fpuGetLog102()
                0x00000000c001f892                Vm::fpuIsSecondLarger(unsigned long long, unsigned long long)
                0x00000000c001f8a6                Vm::fpuAreEqual(unsigned long long, unsigned long long)
                0x00000000c001f8bc                Vm::fpuUnorderedCompare(unsigned long long, unsigned long long)
                0x00000000c001f90f                Vm::fpuAdd(unsigned long long, unsigned long long)
                0x00000000c001f920                Vm::fpuAbs(unsigned long long)
                0x00000000c001f929                Vm::fpuChs(unsigned long long)
                0x00000000c001f939                Vm::fpuSub(unsigned long long, unsigned long long)
                0x00000000c001f948                Vm::fpuMultiply(unsigned long long, unsigned long long)
                0x00000000c001f967                Vm::fpuDivide(unsigned long long, unsigned long long)
                0x00000000c001f983                Vm::fpuSquare(unsigned long long)
                0x00000000c001f999                Vm::fpuGetReg(int)
                0x00000000c001f9dc                Vm::fpuSetReg(int, unsigned long long)
                0x00000000c001fa27                Vm::fpuPush(unsigned long long)
                0x00000000c001fa84                Vm::fpuPop()
                0x00000000c001fad6                Vm::x87Handler(regs*)
 *fill*         0x00000000c0020581        0x1 
 .text          0x00000000c0020582     0x11b7 fs/fat/vfslink.32
                0x00000000c0020582                FAT::getName()
                0x00000000c0020588                FAT::tell(void*, unsigned long long*)
                0x00000000c00205bc                FAT::stat(void*, unsigned long long*)
                0x00000000c00205f0                FAT::~FAT()
                0x00000000c00205f0                FAT::~FAT()
                0x00000000c0020614                FAT::~FAT()
                0x00000000c002063c                FAT::getlabel(LogicalDisk*, int, char*, unsigned int*)
                0x00000000c00206da                FAT::setlabel(LogicalDisk*, int, char*)
                0x00000000c0020794                FAT::format(LogicalDisk*, int, char const*, int)
                0x00000000c0020978                FAT::tryMount(LogicalDisk*, int)
                0x00000000c0020b7e                FAT::getFileFirstSector(char const*)
                0x00000000c0020c48                FAT::readDir(void*, unsigned long, void*, int*)
                0x00000000c0020d4e                FAT::read(void*, unsigned long, void*, int*)
                0x00000000c0020da8                FAT::write(void*, unsigned long, void*, int*)
                0x00000000c0020e02                FAT::close(void*)
                0x00000000c0020e4e                FAT::closeDir(void*)
                0x00000000c0020e9a                FAT::seek(void*, unsigned long long)
                0x00000000c0020eee                fatWrapperReadDisk
                0x00000000c0020f35                fatWrapperWriteDisk
                0x00000000c0020f7c                fatWrapperIoctl
                0x00000000c0021080                FAT::FAT()
                0x00000000c0021080                FAT::FAT()
                0x00000000c00210d2                FAT::fixFilepath(char*)
                0x00000000c002110a                FAT::open(char const*, void**, FileOpenMode)
                0x00000000c0021232                FAT::openDir(char const*, void**)
                0x00000000c00212d8                FAT::stat(char const*, unsigned long long*, bool*)
                0x00000000c00213c2                FAT::unlink(char const*)
                0x00000000c002143c                FAT::chfatattr(char const*, unsigned char, unsigned char)
                0x00000000c0021590                FAT::rename(char const*, char const*)
                0x00000000c0021654                FAT::mkdir(char const*)
                0x00000000c00216ce                FAT::exists(char const*)
 *fill*         0x00000000c0021739        0x1 
 .text          0x00000000c002173a      0xbc1 fs/iso9660/vfslink.32
                0x00000000c002173a                ISO9660::format(LogicalDisk*, int, char const*, int)
                0x00000000c0021740                ISO9660::seek(void*, unsigned long long)
                0x00000000c0021770                ISO9660::tell(void*, unsigned long long*)
                0x00000000c0021794                ISO9660::getName()
                0x00000000c002179a                ISO9660::stat(void*, unsigned long long*)
                0x00000000c00217be                ISO9660::chfatattr(char const*, unsigned char, unsigned char)
                0x00000000c00217c4                ISO9660::unlink(char const*)
                0x00000000c00217ca                ISO9660::write(void*, unsigned long, void*, int*)
                0x00000000c00217d0                ISO9660::rename(char const*, char const*)
                0x00000000c00217d6                ISO9660::mkdir(char const*)
                0x00000000c00217dc                ISO9660::close(void*)
                0x00000000c00217fe                ISO9660::closeDir(void*)
                0x00000000c0021820                ISO9660::~ISO9660()
                0x00000000c0021820                ISO9660::~ISO9660()
                0x00000000c0021844                ISO9660::~ISO9660()
                0x00000000c002186b                __memmem(unsigned char*, int, unsigned char*, int)
                0x00000000c00218ad                readSectorFromCDROM(unsigned int, unsigned char*, char)
                0x00000000c0021914                ISO9660::tryMount(LogicalDisk*, int)
                0x00000000c0021964                ISO9660::read(void*, unsigned long, void*, int*)
                0x00000000c0021b64                ISO9660::readDir(void*, unsigned long, void*, int*)
                0x00000000c0021df1                readRoot(unsigned int*, unsigned int*, char)
                0x00000000c0021e46                readRecursively(char*, unsigned int, unsigned int, unsigned int*, unsigned int*, char, int*)
                0x00000000c0022019                getFileData(char*, unsigned int*, unsigned int*, char, int*)
                0x00000000c00220a8                ISO9660::open(char const*, void**, FileOpenMode)
                0x00000000c0022168                ISO9660::exists(char const*)
                0x00000000c002218c                ISO9660::stat(char const*, unsigned long long*, bool*)
                0x00000000c0022220                ISO9660::openDir(char const*, void**)
                0x00000000c00222d8                ISO9660::ISO9660()
                0x00000000c00222d8                ISO9660::ISO9660()
 *fill*         0x00000000c00222fb        0x1 
 .text          0x00000000c00222fc      0x326 hal/sound/sndchannel.32
                0x00000000c00222fc                SoundChannel::~SoundChannel()
                0x00000000c00222fc                SoundChannel::~SoundChannel()
                0x00000000c0022318                SoundChannel::setSpeed(float)
                0x00000000c0022324                SoundChannel::getSpeed()
                0x00000000c002232c                SoundChannel::setVolume(int)
                0x00000000c0022348                SoundChannel::getVolume()
                0x00000000c0022350                SoundChannel::pause()
                0x00000000c002235a                SoundChannel::SoundChannel(int, int, int, int)
                0x00000000c002235a                SoundChannel::SoundChannel(int, int, int, int)
                0x00000000c00224b0                SoundChannel::play()
                0x00000000c00224ba                SoundChannel::paused()
                0x00000000c00224c2                SoundChannel::getSampleRate()
                0x00000000c00224ca                SoundChannel::getBits()
                0x00000000c00224d2                SoundChannel::getBufferUsed()
                0x00000000c00224da                SoundChannel::getBufferSize()
                0x00000000c00224e2                SoundChannel::unbuffer(float*, int, int)
                0x00000000c0022582                SoundChannel::buffer8(unsigned char*, int)
 .text          0x00000000c0022622      0x3d5 hal/sound/sndhw.32
                0x00000000c0022622                SoundDevice::SoundDevice(char const*)
                0x00000000c0022622                SoundDevice::SoundDevice(char const*)
                0x00000000c002268e                SoundDevice::~SoundDevice()
                0x00000000c002268e                SoundDevice::~SoundDevice()
                0x00000000c0022708                SoundDevice::~SoundDevice()
                0x00000000c0022732                SoundDevice::getFreeChannelNum()
                0x00000000c002274c                SoundDevice::addChannel(SoundChannel*)
                0x00000000c00227bc                SoundDevice::removeChannel(int)
                0x00000000c00227ee                SoundDevice::floatTo8(float*, unsigned char*, int)
                0x00000000c00228d6                SoundDevice::getAudio(int, float*, float*)
 .text          0x00000000c00229f7        0x0 hw/bus/isa.32
 *fill*         0x00000000c00229f7        0x1 
 .text          0x00000000c00229f8      0x6c3 hw/bus/pci.32
                0x00000000c00229f8                PCI::open(int, int, void*)
                0x00000000c0022a0c                PCI::close(int, int, void*)
                0x00000000c0022a10                PCI::PCI()
                0x00000000c0022a10                PCI::PCI()
                0x00000000c0022a90                PCI::pciReadWord(unsigned char, unsigned char, unsigned char, unsigned char)
                0x00000000c0022ad8                PCI::getVendorID(unsigned char, unsigned char, unsigned char)
                0x00000000c0022afa                PCI::getHeaderType(unsigned char, unsigned char, unsigned char)
                0x00000000c0022b1e                PCI::getClassCode(unsigned char, unsigned char, unsigned char)
                0x00000000c0022b62                PCI::getProgIF(unsigned char, unsigned char, unsigned char)
                0x00000000c0022b86                PCI::getRevisionID(unsigned char, unsigned char, unsigned char)
                0x00000000c0022ba8                PCI::getInterruptNumber(unsigned char, unsigned char, unsigned char)
                0x00000000c0022bca                PCI::getSecondaryBus(unsigned char, unsigned char, unsigned char)
                0x00000000c0022bee                PCI::getBARAddress(unsigned char, unsigned char, unsigned char, unsigned char)
                0x00000000c0022c4e                PCI::pciWriteWord(unsigned char, unsigned char, unsigned char, unsigned char, unsigned short)
                0x00000000c0022cba                PCI::checkBus(unsigned char)
                0x00000000c0022cde                PCI::foundDevice(PCIDeviceInfo)
                0x00000000c0022e50                PCI::getDeviceData(unsigned char, unsigned char, unsigned char)
                0x00000000c0022ffc                PCI::checkDevice(unsigned char, unsigned char)
                0x00000000c0023068                PCI::detect()
 *fill*         0x00000000c00230bb        0x1 
 .text          0x00000000c00230bc      0xc70 hw/diskctrl/ide.32
                0x00000000c00230bc                IDE::close(int, int, void*)
                0x00000000c00230c0                IDE::IDE()
                0x00000000c00230c0                IDE::IDE()
                0x00000000c00230f4                IDE::prepareInterrupt(unsigned char)
                0x00000000c0023106                selectDrive(unsigned char, unsigned char)
                0x00000000c0023108                IDE::getBase(unsigned char)
                0x00000000c002311a                IDE::write(unsigned char, unsigned char, unsigned char)
                0x00000000c00231da                IDE::read(unsigned char, unsigned char)
                0x00000000c0023288                IDE::waitInterrupt(unsigned char)
                0x00000000c00232ee                ideChannel0IRQHandler(regs*, void*)
                0x00000000c002330a                ideChannel1IRQHandler(regs*, void*)
                0x00000000c0023326                IDE::enableIRQs(unsigned char, bool)
                0x00000000c002336c                IDE::open(int, int, void*)
                0x00000000c002377c                IDE::readBuffer(unsigned char, unsigned char, unsigned int, unsigned int)
                0x00000000c0023848                IDE::detect()
                0x00000000c0023b30                IDE::printError(unsigned char, unsigned char, unsigned char)
                0x00000000c0023cc6                IDE::polling(unsigned char, unsigned int)
 .text          0x00000000c0023d2c      0x390 hw/diskctrl/satabus.32
                0x00000000c0023d2c                SATABus::close(int, int, void*)
                0x00000000c0023d30                SATABus::detect()
                0x00000000c0023d32                SATABus::SATABus()
                0x00000000c0023d32                SATABus::SATABus()
                0x00000000c0023dde                SATABus::findCmdslot(SATABus::tagHBA_PORT volatile*)
                0x00000000c0023e26                SATABus::checkType(SATABus::tagHBA_PORT volatile*)
                0x00000000c0023e6e                SATABus::startCmd(SATABus::tagHBA_PORT volatile*)
                0x00000000c0023e8e                SATABus::stopCmd(SATABus::tagHBA_PORT volatile*)
                0x00000000c0023eb8                SATABus::portRebase(SATABus::tagHBA_PORT volatile*, int)
                0x00000000c0023fbe                SATABus::probePort(SATABus::tagHBA_MEM volatile*)
                0x00000000c002409c                SATABus::open(int, int, void*)
 .text          0x00000000c00240bc      0x63c hw/diskphys/ata.32
                0x00000000c00240bc                ATA::close(int, int, void*)
                0x00000000c00240e0                ATA::powerSaving(PowerSavingLevel)
                0x00000000c00240e2                ATA::ATA()
                0x00000000c00240e2                ATA::ATA()
                0x00000000c0024110                ATA::flush(bool)
                0x00000000c002415a                ATA::readyForCommand()
                0x00000000c00241aa                ATA::access(unsigned long long, int, void*, bool)
                0x00000000c0024532                ATA::read(unsigned long long, int, void*)
                0x00000000c002459a                ATA::write(unsigned long long, int, void*)
                0x00000000c0024602                ATA::detectCHS()
                0x00000000c002462c                ATA::open(int, int, void*)
 .text          0x00000000c00246f8      0x5bd hw/diskphys/atapi.32
                0x00000000c00246f8                ATAPI::write(unsigned long long, int, void*)
                0x00000000c00246fe                ATAPI::close(int, int, void*)
                0x00000000c0024722                ATAPI::ATAPI()
                0x00000000c0024722                ATAPI::ATAPI()
                0x00000000c0024750                ATAPI::readyForCommand()
                0x00000000c00247a0                ATAPI::sendPacket(unsigned char*, int, bool, unsigned short*, int)
                0x00000000c0024a60                ATAPI::diskRemoved()
                0x00000000c0024a7c                ATAPI::eject()
                0x00000000c0024ac4                ATAPI::diskInserted()
                0x00000000c0024af2                ATAPI::detectMedia()
                0x00000000c0024bae                ATAPI::open(int, int, void*)
                0x00000000c0024c36                ATAPI::read(unsigned long long, int, void*)
 *fill*         0x00000000c0024cb5        0x1 
 .text          0x00000000c0024cb6      0x455 hw/diskphys/sata.32
                0x00000000c0024cb6                SATA::close(int, int, void*)
                0x00000000c0024cda                SATA::powerSaving(PowerSavingLevel)
                0x00000000c0024cdc                SATA::open(int, int, void*)
                0x00000000c0024d8a                SATA::SATA()
                0x00000000c0024d8a                SATA::SATA()
                0x00000000c0024db8                SATA::access(unsigned long long, int, void*, bool)
                0x00000000c002501e                SATA::read(unsigned long long, int, void*)
                0x00000000c0025086                SATA::write(unsigned long long, int, void*)
 *fill*         0x00000000c002510b        0x1 
 .text          0x00000000c002510c      0x500 hw/diskphys/satapi.32
                0x00000000c002510c                SATAPI::write(unsigned long long, int, void*)
                0x00000000c0025112                SATAPI::close(int, int, void*)
                0x00000000c0025136                SATAPI::SATAPI()
                0x00000000c0025136                SATAPI::SATAPI()
                0x00000000c0025164                SATAPI::diskRemoved()
                0x00000000c0025180                SATAPI::diskInserted()
                0x00000000c00251ae                SATAPI::sendPacket(unsigned char*, int, unsigned long long, unsigned short*, int)
                0x00000000c00253b2                SATAPI::eject()
                0x00000000c00253fa                SATAPI::detectMedia()
                0x00000000c00254bc                SATAPI::open(int, int, void*)
                0x00000000c002556a                SATAPI::read(unsigned long long, int, void*)
 .text          0x00000000c002560c       0x8e hw/fpu/avx.32
                0x00000000c002560c                AVX::open(int, int, void*)
                0x00000000c002561e                AVX::close(int, int, void*)
                0x00000000c0025630                AVX::available()
                0x00000000c0025642                AVX::save(void*)
                0x00000000c002565a                AVX::load(void*)
                0x00000000c0025672                AVX::AVX()
                0x00000000c0025672                AVX::AVX()
 .text          0x00000000c002569a       0x90 hw/fpu/mmx.32
                0x00000000c002569a                MMX::available()
                0x00000000c00256ae                MMX::open(int, int, void*)
                0x00000000c00256c0                MMX::close(int, int, void*)
                0x00000000c00256d2                MMX::save(void*)
                0x00000000c00256ea                MMX::load(void*)
                0x00000000c0025702                MMX::MMX()
                0x00000000c0025702                MMX::MMX()
 .text          0x00000000c002572a       0x96 hw/fpu/sse.32
                0x00000000c002572a                SSE::open(int, int, void*)
                0x00000000c002573c                SSE::close(int, int, void*)
                0x00000000c002574e                SSE::available()
                0x00000000c0025768                SSE::save(void*)
                0x00000000c0025780                SSE::load(void*)
                0x00000000c0025798                SSE::SSE()
                0x00000000c0025798                SSE::SSE()
 .text          0x00000000c00257c0       0x8e hw/fpu/x87.32
                0x00000000c00257c0                x87::open(int, int, void*)
                0x00000000c00257d2                x87::close(int, int, void*)
                0x00000000c00257e4                x87::available()
                0x00000000c00257f6                x87::save(void*)
                0x00000000c002580e                x87::load(void*)
                0x00000000c0025826                x87::x87()
                0x00000000c0025826                x87::x87()
 .text          0x00000000c002584e      0x71e hw/intctrl/apic.32
                0x00000000c002584e                APIC::disable()
                0x00000000c0025850                APIC::close(int, int, void*)
                0x00000000c0025872                IOAPIC::close(int, int, void*)
                0x00000000c0025878                APIC::io_wait()
                0x00000000c002587e                APIC::getBase()
                0x00000000c00258c0                APIC::eoi(unsigned char)
                0x00000000c00258ee                APIC::open(int, int, void*)
                0x00000000c0025a3c                IOAPIC::IOAPIC()
                0x00000000c0025a3c                IOAPIC::IOAPIC()
                0x00000000c0025a64                APIC::APIC()
                0x00000000c0025a64                APIC::APIC()
                0x00000000c0025b40                IOAPIC::handlesGSIWithNumber(unsigned int)
                0x00000000c0025b72                IOAPIC::read(int)
                0x00000000c0025b9a                IOAPIC::open(int, int, void*)
                0x00000000c0025c90                IOAPIC::write(int, int)
                0x00000000c0025cbc                IOAPIC::redirect(unsigned char, unsigned long long, unsigned char, bool, bool)
                0x00000000c0025db6                APIC::installIRQHandler(int, void (*)(regs*, void*), bool, void*)
 .text          0x00000000c0025f6c      0x3d3 hw/intctrl/pic.32
                0x00000000c0025f6c                PIC::disable()
                0x00000000c0025f9a                PIC::close(int, int, void*)
                0x00000000c0025fbc                PIC::PIC()
                0x00000000c0025fbc                PIC::PIC()
                0x00000000c0026092                PIC::ioWait()
                0x00000000c0026098                PIC::getIRQReg(int)
                0x00000000c0026102                PIC::eoi(unsigned char)
                0x00000000c0026194                PIC::remap()
                0x00000000c0026300                PIC::open(int, int, void*)
 *fill*         0x00000000c002633f        0x1 
 .text          0x00000000c0026340      0x25e hw/timer/apictimer.32
                0x00000000c0026340                APICTimer::close(int, int, void*)
                0x00000000c0026346                apicTimerHandler(regs*, void*)
                0x00000000c0026374                APICTimer::write(int)
                0x00000000c0026478                APICTimer::open(int, int, void*)
                0x00000000c0026576                APICTimer::APICTimer()
                0x00000000c0026576                APICTimer::APICTimer()
 .text          0x00000000c002659e      0x1a7 hw/timer/pit.32
                0x00000000c002659e                PIT::write(int)
                0x00000000c002661c                pitHandler(regs*, void*)
                0x00000000c0026648                PIT::open(int, int, void*)
                0x00000000c0026696                PIT::close(int, int, void*)
                0x00000000c00266c6                PIT::PIT()
                0x00000000c00266c6                PIT::PIT()
 *fill*         0x00000000c0026745        0xb 
 .text          0x00000000c0026750       0x1e hw/fpu/x86/avx.32
                0x00000000c0026750                avxDetect
                0x00000000c0026756                avxSave
                0x00000000c0026757                avxLoad
                0x00000000c0026758                avxInit
                0x00000000c0026759                avxClose
                0x00000000c002675a                wouldSheSayYes
 *fill*         0x00000000c002676e        0x2 
 .text          0x00000000c0026770       0x35 hw/fpu/x86/sse.32
                0x00000000c0026770                absolutelyNoChanceInHell
                0x00000000c0026770                sseDetect
                0x00000000c0026788                sseSave
                0x00000000c002678e                sseLoad
                0x00000000c0026794                sseInit
                0x00000000c00267a4                sseClose
 *fill*         0x00000000c00267a5        0xb 
 .text          0x00000000c00267b0       0x4d hw/fpu/x86/x87.32
                0x00000000c00267b6                x87Detect
                0x00000000c00267d1                x87Save
                0x00000000c00267da                x87Load
                0x00000000c00267e2                x87Init
                0x00000000c00267fc                x87Close
 *fill*         0x00000000c00267fd        0x3 
 .text          0x00000000c0026800       0x25 /cygdrive/d/Users/Alex/Desktop/Toolchain/Output/bin/../lib/gcc/i386-banana/8.1.0/crtend.o
 .text          0x00000000c0026825        0x0 crtn.32
 *fill*         0x00000000c0026825        0x3 
 .text          0x00000000c0026828      0x14b /cygdrive/d/Users/Alex/Desktop/Toolchain/Output/bin/../lib/gcc/i386-banana/8.1.0/libkgcc.a(_divdi3.o)
                0x00000000c0026828                __divdi3
 *fill*         0x00000000c0026973        0x1 
 .text          0x00000000c0026974      0x17e /cygdrive/d/Users/Alex/Desktop/Toolchain/Output/bin/../lib/gcc/i386-banana/8.1.0/libkgcc.a(_moddi3.o)
                0x00000000c0026974                __moddi3
 *fill*         0x00000000c0026af2        0x2 
 .text          0x00000000c0026af4       0xff /cygdrive/d/Users/Alex/Desktop/Toolchain/Output/bin/../lib/gcc/i386-banana/8.1.0/libkgcc.a(_udivdi3.o)
                0x00000000c0026af4                __udivdi3
 *fill*         0x00000000c0026bf3        0x1 
 .text          0x00000000c0026bf4      0x11a /cygdrive/d/Users/Alex/Desktop/Toolchain/Output/bin/../lib/gcc/i386-banana/8.1.0/libkgcc.a(_umoddi3.o)
                0x00000000c0026bf4                __umoddi3
 .text          0x00000000c0026d0e      0x96d D:/Users/Alex/Desktop/Banana/kernel/libsoftfp.a(sfieeelib.o)
                0x00000000c0026d0e                __addsf3
                0x00000000c0027010                __subsf3
                0x00000000c0027024                __negsf2
                0x00000000c0027031                __mulsf3
                0x00000000c00271f4                __divsf3
                0x00000000c002741f                __floatsisf
                0x00000000c0027493                __floatunsisf
                0x00000000c00274d5                __fixsfsi