Archive member included to satisfy reference by file (symbol)

/cygdrive/d/Users/Alex/Desktop/Toolchain/Output/bin/../lib/gcc/i386-banana/8.1.0/libkgcc.a(_divdi3.o)
                              fs/fat/ff.32 (__divdi3)
/cygdrive/d/Users/Alex/Desktop/Toolchain/Output/bin/../lib/gcc/i386-banana/8.1.0/libkgcc.a(_moddi3.o)
                              compat/resolve.32 (__moddi3)
/cygdrive/d/Users/Alex/Desktop/Toolchain/Output/bin/../lib/gcc/i386-banana/8.1.0/libkgcc.a(_udivdi3.o)
                              fs/fat/ff.32 (__udivdi3)
/cygdrive/d/Users/Alex/Desktop/Toolchain/Output/bin/../lib/gcc/i386-banana/8.1.0/libkgcc.a(_umoddi3.o)
                              compat/resolve.32 (__umoddi3)
D:/Users/Alex/Desktop/Banana/kernel/libsoftfp.a(sfieeelib.o)
                              hal/sound/sndhw.32 (__addsf3)
D:/Users/Alex/Desktop/Banana/kernel/libsoftfp.a(dfieeelib.o)
                              hal/libresample/src_linear.32 (__adddf3)
D:/Users/Alex/Desktop/Banana/kernel/libsoftfp.a(sfdfcvt.o)
                              hal/libresample/samplerate.32 (__truncdfsf2)
D:/Users/Alex/Desktop/Banana/kernel/libk/libm32.a(s_fabs.c.o)
                              hal/libresample/samplerate.32 (fabs)
D:/Users/Alex/Desktop/Banana/kernel/libk/libm32.a(s_lrint.S.o)
                              hal/libresample/samplerate.32 (lrint)
D:/Users/Alex/Desktop/Banana/kernel/libk/libm32.a(s_lrintf.S.o)
                              hal/sound/sndhw.32 (lrintf)

Discarded input sections

 .comment       0x0000000000000000       0x12 /cygdrive/d/Users/Alex/Desktop/Toolchain/Output/bin/../lib/gcc/i386-banana/8.1.0/crtbegin.o
 .comment       0x0000000000000000       0x12 acpica/utclib.32
 .comment       0x0000000000000000       0x12 core/malloc.32
 .comment       0x0000000000000000       0x12 libk/string.32
 .comment       0x0000000000000000       0x12 fs/fat/diskio.32
 .comment       0x0000000000000000       0x12 fs/fat/ff.32
 .comment       0x0000000000000000       0x12 fs/fat/ffsystem.32
 .comment       0x0000000000000000       0x12 fs/fat/ffunicode.32
 .comment       0x0000000000000000       0x12 hal/libresample/samplerate.32
 .comment       0x0000000000000000       0x12 hal/libresample/src_linear.32
 .comment       0x0000000000000000       0x12 hal/libresample/src_sinc.32
 .comment       0x0000000000000000       0x12 hal/libresample/src_zoh.32
 .comment       0x0000000000000000       0x12 compat/inlines.32
 .comment       0x0000000000000000       0x12 compat/resolve.32
 .group         0x0000000000000000       0x14 core/computer.32
 .group         0x0000000000000000        0xc core/computer.32
 .comment       0x0000000000000000       0x12 core/computer.32
 .comment       0x0000000000000000       0x12 core/gdt.32
 .group         0x0000000000000000        0xc core/idle.32
 .comment       0x0000000000000000       0x12 core/idle.32
 .comment       0x0000000000000000       0x12 core/idt.32
 .comment       0x0000000000000000       0x12 core/kheap.32
 .comment       0x0000000000000000       0x12 core/main.32
 .comment       0x0000000000000000       0x12 core/physmgr.32
 .group         0x0000000000000000        0xc core/pipe.32
 .comment       0x0000000000000000       0x12 core/pipe.32
 .group         0x0000000000000000        0xc core/terminal.32
 .comment       0x0000000000000000       0x12 core/terminal.32
 .comment       0x0000000000000000       0x12 core/tss.32
 .group         0x0000000000000000        0x8 core/unixfile.32
 .group         0x0000000000000000        0xc core/unixfile.32
 .group         0x0000000000000000        0xc core/unixfile.32
 .group         0x0000000000000000        0x8 core/unixfile.32
 .group         0x0000000000000000        0xc core/unixfile.32
 .group         0x0000000000000000        0x8 core/unixfile.32
 .group         0x0000000000000000        0xc core/unixfile.32
 .group         0x0000000000000000        0xc core/unixfile.32
 .comment       0x0000000000000000       0x12 core/unixfile.32
 .comment       0x0000000000000000       0x12 core/virtmgr.32
 .comment       0x0000000000000000       0x12 coreobjs/c++.32
 .comment       0x0000000000000000       0x12 dbg/kconsole.32
 .group         0x0000000000000000        0xc fs/vfs.32
 .group         0x0000000000000000        0xc fs/vfs.32
 .group         0x0000000000000000        0xc fs/vfs.32
 .comment       0x0000000000000000       0x12 fs/vfs.32
 .group         0x0000000000000000        0xc hal/bus.32
 .comment       0x0000000000000000       0x12 hal/bus.32
 .group         0x0000000000000000        0xc hal/buzzer.32
 .comment       0x0000000000000000       0x12 hal/buzzer.32
 .group         0x0000000000000000        0xc hal/clock.32
 .comment       0x0000000000000000       0x12 hal/clock.32
 .group         0x0000000000000000       0x14 hal/device.32
 .group         0x0000000000000000        0xc hal/device.32
 .group         0x0000000000000000        0xc hal/device.32
 .group         0x0000000000000000        0xc hal/device.32
[...]
Memory Configuration

Name             Origin             Length             Attributes
*default*        0x0000000000000000 0xffffffffffffffff

Linker script and memory map

LOAD D:/Users/Alex/Desktop/Banana/kernel/boot.32
LOAD crti.32
LOAD /cygdrive/d/Users/Alex/Desktop/Toolchain/Output/bin/../lib/gcc/i386-banana/8.1.0/crtbegin.o
LOAD D:/Users/Alex/Desktop/Banana/kernel/morenasm.32
LOAD acpica/utclib.32
LOAD core/malloc.32
LOAD libk/string.32
LOAD fs/fat/diskio.32
LOAD fs/fat/ff.32
LOAD fs/fat/ffsystem.32
LOAD fs/fat/ffunicode.32
LOAD hal/libresample/samplerate.32
LOAD hal/libresample/src_linear.32
LOAD hal/libresample/src_sinc.32
LOAD hal/libresample/src_zoh.32
LOAD compat/inlines.32
LOAD compat/resolve.32
LOAD core/computer.32
LOAD core/gdt.32
LOAD core/idle.32
LOAD core/idt.32
LOAD core/kheap.32
LOAD core/main.32
LOAD core/physmgr.32
LOAD core/pipe.32
LOAD core/terminal.32
LOAD core/tss.32
LOAD core/unixfile.32
LOAD core/virtmgr.32
LOAD coreobjs/c++.32
LOAD dbg/kconsole.32
LOAD fs/vfs.32
LOAD hal/bus.32
LOAD hal/buzzer.32
LOAD hal/clock.32
LOAD hal/device.32
LOAD hal/diskctrl.32
LOAD hal/diskphys.32
LOAD hal/fpu.32
LOAD hal/intctrl.32
LOAD hal/keybrd.32
LOAD hal/logidisk.32
LOAD hal/mouse.32
LOAD hal/partition.32
LOAD hal/serial.32
LOAD hal/timer.32
LOAD hal/vcache.32
LOAD hal/video.32
LOAD hw/acpi.32
LOAD hw/cpu.32
LOAD hw/ports.32
LOAD hw/smp.32
LOAD krnl/env.32
LOAD krnl/panic.32
LOAD net/ethernet.32
LOAD reg/registry.32
LOAD sys/sc_eject.32
LOAD sys/sc_exit.32
LOAD sys/sc_getcwd.32
LOAD sys/sc_getpid.32
LOAD sys/sc_getramdata.32
LOAD sys/sc_getvgaptr.32
LOAD sys/sc_loaddll.32
LOAD sys/sc_read.32
LOAD sys/sc_sbrk.32
LOAD sys/sc_setcwd.32
LOAD sys/sc_settime.32
LOAD sys/sc_timezone.32
LOAD sys/sc_write.32
LOAD sys/sc_wsbe.32
LOAD sys/sc_yield.32
LOAD sys/syscalls.32
LOAD thr/elf.32
LOAD thr/prcssthr.32
LOAD vm86/vm8086.32
LOAD vm86/x87em.32
LOAD fs/fat/vfslink.32
LOAD fs/iso9660/vfslink.32
LOAD hal/sound/sndchannel.32
LOAD hal/sound/sndhw.32
LOAD hw/bus/isa.32
LOAD hw/bus/pci.32
LOAD hw/diskctrl/ide.32
LOAD hw/diskctrl/satabus.32
LOAD hw/diskphys/ata.32
LOAD hw/diskphys/atapi.32
LOAD hw/diskphys/sata.32
LOAD hw/diskphys/satapi.32
LOAD hw/fpu/avx.32
LOAD hw/fpu/mmx.32
LOAD hw/fpu/sse.32
LOAD hw/fpu/x87.32
LOAD hw/intctrl/apic.32
LOAD hw/intctrl/pic.32
LOAD hw/timer/apictimer.32
LOAD hw/timer/pit.32
LOAD hw/fpu/x86/avx.32
LOAD hw/fpu/x86/sse.32
LOAD hw/fpu/x86/x87.32
LOAD /cygdrive/d/Users/Alex/Desktop/Toolchain/Output/bin/../lib/gcc/i386-banana/8.1.0/crtend.o
LOAD crtn.32
LOAD /cygdrive/d/Users/Alex/Desktop/Toolchain/Output/bin/../lib/gcc/i386-banana/8.1.0/libkgcc.a
LOAD D:/Users/Alex/Desktop/Banana/kernel/libsoftfp.a
LOAD D:/Users/Alex/Desktop/Banana/kernel/libk/libm32.a
                0x00000000c0000000                . = 0xc0000000

.text           0x00000000c0000000    0x294f8
 *(.text)
 .text          0x00000000c0000000       0x41 D:/Users/Alex/Desktop/Banana/kernel/boot.32
                0x00000000c0000020                callGlobalConstructors
 .text          0x00000000c0000041        0x0 crti.32
 *fill*         0x00000000c0000041        0x3 
 .text          0x00000000c0000044      0x101 /cygdrive/d/Users/Alex/Desktop/Toolchain/Output/bin/../lib/gcc/i386-banana/8.1.0/crtbegin.o
 *fill*         0x00000000c0000145        0xb 
 .text          0x00000000c0000150      0x4fb D:/Users/Alex/Desktop/Banana/kernel/morenasm.32
                0x00000000c0000150                manualPCIProbe
                0x00000000c000019b                prepareTramp
                0x00000000c00001b4                voodooXADD
                0x00000000c000027f                doTPAUSE
                0x00000000c0000289                hasLegacyFPU
                0x00000000c00002ae                is486
                0x00000000c00002e4                detectCPUID
                0x00000000c00002fa                goToVM86
                0x00000000c000032a                goToUsermode
                0x00000000c0000354                switchToThreadASMFirstTime
                0x00000000c0000362                switchToThreadASM
                0x00000000c00003f2                asmQuickAcquireLock
                0x00000000c0000410                asmQuickReleaseLock
                0x00000000c000041c                asmAcquireLock
                0x00000000c000043d                asmReleaseLock
                0x00000000c0000450                loadGDT
                0x00000000c0000470                isr0
                0x00000000c0000480                isr1
                0x00000000c000048a                isr2
                0x00000000c0000494                isr3
                0x00000000c000049e                isr4
                0x00000000c00004a8                isr5
                0x00000000c00004b2                isr6
                0x00000000c00004bc                isr7
                0x00000000c00004c6                isr8
                0x00000000c00004ce                isr9
                0x00000000c00004d8                isr10
                0x00000000c00004e0                isr11
                0x00000000c00004e8                isr12
                0x00000000c00004f0                isr13
                0x00000000c00004f8                isr14
                0x00000000c0000500                isr15
                0x00000000c000050a                isr16
                0x00000000c0000514                isr17
                0x00000000c000051e                isr18
                0x00000000c0000528                irq3
                0x00000000c0000532                irq4
                0x00000000c000053c                irq5
                0x00000000c0000546                irq6
                0x00000000c0000550                irq7
                0x00000000c000055a                irq8
                0x00000000c0000564                irq9
                0x00000000c000056e                irq10
                0x00000000c0000578                irq11
                0x00000000c0000582                irq12
                0x00000000c000058c                irq13
                0x00000000c0000596                irq14
                0x00000000c00005a0                irq15
                0x00000000c00005aa                irq1
                0x00000000c00005b1                irq2
                0x00000000c00005b8                isr96
                0x00000000c00005bf                irq0
                0x00000000c00005c4                syscall_common_stub
                0x00000000c00005c4                int_common_stub
                0x00000000c00005f6                irq16
                0x00000000c0000600                irq17
                0x00000000c000060a                irq18
                0x00000000c0000614                irq19
                0x00000000c000061e                irq20
                0x00000000c0000628                irq21
                0x00000000c0000632                irq22
                0x00000000c000063c                irq23
                0x00000000c0000646                memcpy
 *fill*         0x00000000c000064b        0x1 
 .text          0x00000000c000064c      0x5dd acpica/utclib.32
                0x00000000c000064c                memcmp
                0x00000000c0000688                memmove
                0x00000000c0000750                memset
                0x00000000c000076c                strlen
                0x00000000c0000784                strpbrk
                0x00000000c00007c0                strtok
                0x00000000c000080c                strcpy
                0x00000000c0000830                strncpy
                0x00000000c0000898                strcmp
                0x00000000c00008d8                strchr
                0x00000000c00008fc                strncmp
                0x00000000c000094c                strcat
                0x00000000c000097c                strncat
                0x00000000c00009b8                strstr
                0x00000000c0000a00                toupper
                0x00000000c0000a14                tolower
                0x00000000c0000a28                simple_strtoul
 .text          0x00000000c0000c29      0xfad core/malloc.32
                0x00000000c0000d94                dlfree
                0x00000000c00010ef                dlmalloc
                0x00000000c000162c                dlrealloc
                0x00000000c00017cf                dlmemalign
                0x00000000c00018f2                dlcalloc
                0x00000000c000198c                dlcfree
                0x00000000c0001991                dlindependent_calloc
                0x00000000c00019b6                dlindependent_comalloc
                0x00000000c00019cd                dlvalloc
                0x00000000c00019f8                dlpvalloc
                0x00000000c0001a2e                dlmalloc_trim
                0x00000000c0001a3b                dlmalloc_usable_size
                0x00000000c0001a6c                dlmallinfo
                0x00000000c0001b3b                dlmalloc_stats
                0x00000000c0001b4c                dlmallopt
 .text          0x00000000c0001bd6        0x0 libk/string.32
 .text          0x00000000c0001bd6       0x51 fs/fat/diskio.32
                0x00000000c0001bd6                disk_status
                0x00000000c0001bd9                disk_initialize
                0x00000000c0001bdc                disk_read
                0x00000000c0001bf2                disk_write
                0x00000000c0001c08                disk_ioctl
 .text          0x00000000c0001c27     0x6833 fs/fat/ff.32
                0x00000000c0004ef5                f_mount
                0x00000000c0004f57                f_open
                0x00000000c0005393                f_read
                0x00000000c0005613                f_write
                0x00000000c00058cd                f_sync
                0x00000000c0005aa9                f_close
                0x00000000c0005ad8                f_lseek
                0x00000000c0005f8f                f_opendir
                0x00000000c0006091                f_closedir
                0x00000000c00060b3                f_readdir
                0x00000000c000614e                f_stat
                0x00000000c00061dd                f_getfree
                0x00000000c00063a8                f_truncate
                0x00000000c00064a0                f_unlink
                0x00000000c0006623                f_mkdir
                0x00000000c000684f                f_rename
                0x00000000c0006b42                f_chmod
                0x00000000c0006c20                f_utime
                0x00000000c0006cfe                f_getlabel
                0x00000000c0006eec                f_setlabel
                0x00000000c0007159                f_forward
                0x00000000c0007337                f_mkfs
 .text          0x00000000c000845a       0x2d fs/fat/ffsystem.32
                0x00000000c000845a                ff_memalloc
                0x00000000c0008470                ff_memfree
 .text          0x00000000c0008487      0x253 fs/fat/ffunicode.32
                0x00000000c0008487                ff_uni2oem
                0x00000000c0008517                ff_oem2uni
                0x00000000c0008583                ff_wtoupper
 .text          0x00000000c00086da      0x8fb hal/libresample/samplerate.32
                0x00000000c000871e                src_delete
                0x00000000c000875a                src_process
                0x00000000c0008910                src_callback_read
                0x00000000c0008a8d                src_set_ratio
                0x00000000c0008af7                src_get_channels
                0x00000000c0008b19                src_reset
                0x00000000c0008b65                src_new
                0x00000000c0008bf3                src_callback_new
                0x00000000c0008c55                src_get_name
                0x00000000c0008c8c                src_get_description
                0x00000000c0008cc3                src_get_version
                0x00000000c0008cc9                src_is_valid_ratio
                0x00000000c0008d1d                src_error
                0x00000000c0008d2b                src_strerror
                0x00000000c0008d3e                src_simple
                0x00000000c0008d91                src_short_to_float_array
                0x00000000c0008df6                src_float_to_short_array
                0x00000000c0008eb5                src_int_to_float_array
                0x00000000c0008f18                src_float_to_int_array
 .text          0x00000000c0008fd5      0x8cb hal/libresample/src_linear.32
                0x00000000c00097fb                linear_get_name
                0x00000000c000980a                linear_get_description
                0x00000000c0009819                linear_set_converter
 .text          0x00000000c00098a0     0x447c hal/libresample/src_sinc.32
                0x00000000c000dc33                sinc_get_name
                0x00000000c000dc46                sinc_get_description
                0x00000000c000dc59                sinc_set_converter
 .text          0x00000000c000dd1c      0x77c hal/libresample/src_zoh.32
                0x00000000c000e3f3                zoh_get_name
                0x00000000c000e402                zoh_get_description
                0x00000000c000e411                zoh_set_converter
 .text          0x00000000c000e498       0xa7 compat/inlines.32
                0x00000000c000e498                CPU::current()
                0x00000000c000e4a4                operator new(unsigned long)
                0x00000000c000e4a9                operator delete(void*)
                0x00000000c000e4ae                disableIRQs()
                0x00000000c000e4b6                enableIRQs()
                0x00000000c000e4c5                lockScheduler()
                0x00000000c000e4cd                unlockScheduler()
                0x00000000c000e4dc                lockStuff()
                0x00000000c000e4ea                unlockStuff()
                0x00000000c000e524                Virt::getAKernelVAS()
                0x00000000c000e52a                __not_memcpy
 .text          0x00000000c000e53f      0x111 compat/resolve.32
                0x00000000c000e53f                Krnl::resolveCompatibilitySymbol(char*)
 .text          0x00000000c000e650      0xa17 core/computer.32
                0x00000000c000e650                Computer::close(int, int, void*)
                0x00000000c000e694                Krnl::firstTask()
                0x00000000c000e784                Computer::Computer()
                0x00000000c000e784                Computer::Computer()
                0x00000000c000e8e0                Computer::setBootMessage(char const*)
                0x00000000c000e8e2                Computer::detectFeatures()
                0x00000000c000eaec                Computer::displayFeatures()
                0x00000000c000ee32                Computer::rdmsr(unsigned int)
                0x00000000c000ee5e                Computer::wrmsr(unsigned int, unsigned long long)
                0x00000000c000ee96                Computer::nmiEnabled()
                0x00000000c000eea2                Computer::readCMOS(unsigned char)
                0x00000000c000eebc                Computer::enableNMI(bool)
                0x00000000c000eed4                Computer::open(int, int, void*)
                0x00000000c000efaa                Computer::disableNMI()
                0x00000000c000efb8                Computer::writeCMOS(unsigned char, unsigned char)
                0x00000000c000efd6                Computer::handleNMI()
                0x00000000c000f03c                Computer::setDiskActivityLight(int, bool)
 *fill*         0x00000000c000f067        0x1 
 .text          0x00000000c000f068      0x1b7 core/gdt.32
                0x00000000c000f068                GDTEntry::setBase(unsigned int)
                0x00000000c000f084                GDTEntry::setLimit(unsigned int)
                0x00000000c000f0a2                GDT::GDT()
                0x00000000c000f0a2                GDT::GDT()
                0x00000000c000f0b8                GDT::addEntry(GDTEntry)
                0x00000000c000f0f4                GDT::getNumberOfEntries()
                0x00000000c000f0fc                GDT::flush()
                0x00000000c000f11e                GDT::setup()
 .text          0x00000000c000f21f       0x6b core/idle.32
                0x00000000c000f21f                idleFunction(void*)
 .text          0x00000000c000f28a      0x45e core/idt.32
                0x00000000c000f28a                IDTEntry::IDTEntry(bool)
                0x00000000c000f28a                IDTEntry::IDTEntry(bool)
                0x00000000c000f2f8                IDTEntry::setOffset(unsigned int)
                0x00000000c000f30c                IDT::IDT()
                0x00000000c000f30c                IDT::IDT()
                0x00000000c000f30e                IDT::getPointerToInvalidOpcodeEntryForF00F()
                0x00000000c000f316                IDT::addEntry(IDTEntry, int)
                0x00000000c000f330                IDT::addEntry(int, void (*)(), bool)
                0x00000000c000f368                IDT::flush()
                0x00000000c000f382                IDT::setup()
 .text          0x00000000c000f6e8      0x1fe core/kheap.32
                0x00000000c000f6e8                sbrk
                0x00000000c000f7f5                mmap
                0x00000000c000f80b                munmap
                0x00000000c000f821                liballoc_lock()
                0x00000000c000f82e                liballoc_unlock()
                0x00000000c000f842                liballoc_alloc(int)
                0x00000000c000f85d                liballoc_free(void*, int)
                0x00000000c000f878                realloc
                0x00000000c000f88c                malloc
                0x00000000c000f89c                free
                0x00000000c000f8ac                rfree
                0x00000000c000f8bc                calloc
 .text          0x00000000c000f8e6      0x44f core/main.32
                0x00000000c000f8e6                hwTextMode_loadInData(VgaText*)
                0x00000000c000f92b                hwTextMode_loadInTitle(VgaText*, char*)
                0x00000000c000f997                hwTextMode_showCursor(VgaText*, bool)
                0x00000000c000f9f2                hwTextMode_update(VgaText*)
                0x00000000c000f9f3                hwTextMode_updateCursor(VgaText*)
                0x00000000c000fa3b                hwTextMode_disableBlink(VgaText*, bool)
                0x00000000c000fa81                hwTextMode_scrollScreen(VgaText*)
                0x00000000c000fb22                hwTextMode_writeCharacter(VgaText*, char, VgaColour, VgaColour, int, int)
                0x00000000c000fba1                setupTextMode()
                0x00000000c000fc11                kernel_main
 .text          0x00000000c000fd35      0x56c core/physmgr.32
                0x00000000c000fd35                Phys::allocateDMA(unsigned long)
                0x00000000c000fdd8                Phys::freeDMA(unsigned long, unsigned long)
                0x00000000c000fe20                Phys::setPageState(unsigned long, bool)
                0x00000000c000fe52                Phys::getPageState(unsigned long)
                0x00000000c000fe6e                Phys::freePage(unsigned long)
                0x00000000c000fef8                Phys::allocatePage()
                0x00000000c000ffdd                Phys::allocateContiguousPages(int)
                0x00000000c0010039                Phys::allowSegmentToBeUsed(unsigned long, unsigned long)
                0x00000000c0010071                Phys::physicalMemorySetup(unsigned int)
 *fill*         0x00000000c00102a1        0x1 
 .text          0x00000000c00102a2      0x273 core/pipe.32
                0x00000000c00102a2                Pipe::isAtty()
                0x00000000c00102a6                Pipe::~Pipe()
                0x00000000c00102a6                Pipe::~Pipe()
                0x00000000c00102ca                Pipe::~Pipe()
                0x00000000c00102f2                Pipe::read(unsigned long long, void*, int*)
                0x00000000c00103ee                Pipe::write(unsigned long long, void*, int*)
                0x00000000c00104ae                Pipe::Pipe(int)
                0x00000000c00104ae                Pipe::Pipe(int)
 *fill*         0x00000000c0010515        0x1 
 .text          0x00000000c0010516      0xe4b core/terminal.32
                0x00000000c0010516                VgaText::isAtty()
                0x00000000c001051a                VgaText::~VgaText()
                0x00000000c001051a                VgaText::~VgaText()
                0x00000000c001053e                VgaText::~VgaText()
                0x00000000c0010568                VgaText::read(unsigned long long, void*, int*)
                0x00000000c0010588                setTerminalScrollLock(bool)
                0x00000000c0010589                addToTerminalCycle(VgaText*)
                0x00000000c00105aa                installVgaTextImplementation()
                0x00000000c00105bf                scrollTerminalScrollLock(int)
                0x00000000c00105c0                VgaText::load()
                0x00000000c001060e                VgaText::updateCursor()
                0x00000000c0010624                VgaText::showCursor(bool)
                0x00000000c0010630                VgaText::disableBlink(bool)
                0x00000000c0010664                VgaText::doANSI_SGR(int)
                0x00000000c00106d8                VgaText::setDefaultBgColour(VgaColour)
                0x00000000c00106e8                VgaText::setDefaultFgColour(VgaColour)
                0x00000000c00106f8                VgaText::setDefaultColours(VgaColour, VgaColour)
                0x00000000c0010718                VgaText::combineColours(unsigned char, unsigned char)
                0x00000000c001072a                VgaText::scrollScreen()
                0x00000000c00107be                VgaText::combineCharAndColour(char, unsigned char)
                0x00000000c00107d0                VgaText::writeCharacter(char, VgaColour, VgaColour, int, int)
                0x00000000c001082c                VgaText::getCursorX()
                0x00000000c0010834                VgaText::getCursorY()
                0x00000000c001083c                VgaText::setCursor(int, int)
                0x00000000c0010854                VgaText::setCursorX(int)
                0x00000000c001086c                VgaText::setCursorY(int)
                0x00000000c0010884                VgaText::incrementCursor(bool)
                0x00000000c00108d8                VgaText::updateRAMUsageDisplay(int)
                0x00000000c001093c                VgaText::updateDiskUsage()
                0x00000000c0010aa6                VgaText::updateTitle()
                0x00000000c0010aea                VgaText::setTitleTextColour(VgaColour)
                0x00000000c0010af8                VgaText::setTitleColour(VgaColour)
                0x00000000c0010b06                VgaText::setTitle(char*)
                0x00000000c0010b2c                VgaText::decrementCursor(bool)
                0x00000000c0010b4e                VgaText::putchar(char, VgaColour, VgaColour)
                0x00000000c0010c26                VgaText::isShowingCursor()
                0x00000000c0010c2e                VgaText::isBlinkDisabled()
                0x00000000c0010c3a                VgaText::setCursorHeight(int)
                0x00000000c0010c52                VgaText::getCursorHeight()
                0x00000000c0010c5a                setActiveTerminal(VgaText*)
                0x00000000c0010d00                doTerminalCycle()
                0x00000000c0010d1a                VgaText::doUpdate()
                0x00000000c0010d28                VgaText::puts(char const*, VgaColour, VgaColour)
                0x00000000c0010ea0                VgaText::clearScreen()
                0x00000000c0010efa                VgaText::putchar(char)
                0x00000000c0010fe6                VgaText::puts(char const*)
                0x00000000c001100c                VgaText::putx(unsigned int)
                0x00000000c0011052                VgaText::VgaText(char const*)
                0x00000000c0011052                VgaText::VgaText(char const*)
                0x00000000c0011200                VgaText::receiveKey(unsigned char)
                0x00000000c00112e8                VgaText::write(unsigned long long, void*, int*)
                0x00000000c001133c                newTerminal(char*)
 *fill*         0x00000000c0011361        0x1 
 .text          0x00000000c0011362      0x1b3 core/tss.32
                0x00000000c0011362                TSS::TSS()
                0x00000000c0011362                TSS::TSS()
                0x00000000c0011370                TSS::setESP(unsigned long)
                0x00000000c0011382                TSS::flush()
                0x00000000c00113a2                TSS::setup(unsigned long, unsigned long)
 *fill*         0x00000000c0011515        0x1 
 .text          0x00000000c0011516      0x4c2 core/unixfile.32
                0x00000000c0011516                ReservedFilename::read(unsigned long long, void*, int*)
                0x00000000c001156c                ReservedFilename::isAtty()
                0x00000000c0011588                ReservedFilename::write(unsigned long long, void*, int*)
                0x00000000c00115e6                UnixFile::getFileDescriptor()
                0x00000000c00115ee                UnixFile::UnixFile(int)
                0x00000000c00115ee                UnixFile::UnixFile(int)
                0x00000000c001179e                ReservedFilename::ReservedFilename(int)
                0x00000000c001179e                ReservedFilename::ReservedFilename(int)
                0x00000000c00117d0                UnixFile::~UnixFile()
                0x00000000c00117d0                UnixFile::~UnixFile()
                0x00000000c0011868                UnixFile::~UnixFile()
                0x00000000c0011890                ReservedFilename::~ReservedFilename()
                0x00000000c0011890                ReservedFilename::~ReservedFilename()
                0x00000000c00118b4                ReservedFilename::~ReservedFilename()
                0x00000000c00118db                getFromFileDescriptor(int)
 .text          0x00000000c00119d8     0x12f9 core/virtmgr.32
                0x00000000c00119d8                Virt::setPageState(unsigned long, Virt::VirtPageState)
                0x00000000c0011a0d                Virt::getPageState(unsigned long)
                0x00000000c0011a31                Virt::allocateKernelVirtualPages(int)
                0x00000000c0011b42                Virt::freeSwapfilePage(unsigned long)
                0x00000000c0011b60                Virt::swapIDToSector(unsigned long)
                0x00000000c0011b72                Virt::allocateSwapfilePage()
                0x00000000c0011bf0                Virt::virtualMemorySetup()
                0x00000000c0011c6f                Virt::swappingSetup()
                0x00000000c0011c70                Virt::setupPageSwapping(int)
                0x00000000c0011e3c                VAS::VAS()
                0x00000000c0011e3c                VAS::VAS()
                0x00000000c0011e78                VAS::VAS(VAS*)
                0x00000000c0011e78                VAS::VAS(VAS*)
                0x00000000c0011ea6                VAS::getForeignPageTableEntry(bool, unsigned long)
                0x00000000c0011ed2                VAS::getPageTableEntry(unsigned long)
                0x00000000c0011ef1                Virt::freeKernelVirtualPages(unsigned long)
                0x00000000c0012014                VAS::freeAllocatedPages(unsigned long)
                0x00000000c0012038                VAS::virtualToPhysical(unsigned long)
                0x00000000c0012050                VAS::reflagRange(unsigned long, int, int, int)
                0x00000000c0012090                VAS::setToWriteCombining(unsigned long, int)
                0x00000000c00120c2                VAS::mapOtherVASIn(bool, VAS*)
                0x00000000c00120ec                VAS::~VAS()
                0x00000000c00120ec                VAS::~VAS()
                0x00000000c0012268                VAS::mapPage(unsigned long, unsigned long, int)
                0x00000000c001236a                VAS::allocatePages(int, int)
                0x00000000c0012542                VAS::setCPUSpecific(unsigned long)
                0x00000000c001255e                VAS::mapRange(unsigned long, unsigned long, int, int)
                0x00000000c0012624                VAS::mapForeignPage(bool, VAS*, unsigned long, unsigned long, int)
                0x00000000c0012712                VAS::VAS(bool)
                0x00000000c0012712                VAS::VAS(bool)
                0x00000000c0012992                VAS::evict(unsigned long)
                0x00000000c0012a54                VAS::tryLoadBackOffDisk(unsigned long)
                0x00000000c0012b64                VAS::scanForEviction()
                0x00000000c0012c15                mapVASFirstTime
 .text          0x00000000c0012cd1       0x95 coreobjs/c++.32
                0x00000000c0012cd1                __cxa_atexit
                0x00000000c0012cd4                __cxa_finalize
                0x00000000c0012cd5                __stack_chk_fail
                0x00000000c0012d41                __cxa_pure_virtual
                0x00000000c0012d52                operator new[](unsigned long)
                0x00000000c0012d57                operator delete(void*, unsigned long)
                0x00000000c0012d5c                operator delete[](void*)
                0x00000000c0012d61                operator delete[](void*, unsigned long)
 .text          0x00000000c0012d66      0x1ef dbg/kconsole.32
                0x00000000c0012d66                Dbg::stringifyxWithBase(unsigned int, char*, int)
                0x00000000c0012dc7                Dbg::logc(char)
                0x00000000c0012dde                Dbg::logs(char*)
                0x00000000c0012dfb                Dbg::logWriteInt(unsigned int)
                0x00000000c0012e18                Dbg::logWriteIntBase(unsigned int, int)
                0x00000000c0012e37                Dbg::kprintf(char const*, ...)
 *fill*         0x00000000c0012f55        0x1 
 .text          0x00000000c0012f56      0xb82 fs/vfs.32
                0x00000000c0012f56                File::read(unsigned long long, void*, int*)
                0x00000000c0012fae                File::write(unsigned long long, void*, int*)
                0x00000000c0013006                Directory::read(unsigned long long, void*, int*)
                0x00000000c001305e                Directory::write(unsigned long long, void*, int*)
                0x00000000c001308c                File::isAtty()
                0x00000000c0013090                Directory::isAtty()
                0x00000000c0013094                Filesystem::getlabel(LogicalDisk*, int, char*, unsigned int*)
                0x00000000c001309a                Filesystem::setlabel(LogicalDisk*, int, char*)
                0x00000000c00130a0                Filesystem::getFileFirstSector(char const*)
                0x00000000c00130a6                File::~File()
                0x00000000c00130a6                File::~File()
                0x00000000c00130ca                File::~File()
                0x00000000c00130f4                Directory::~Directory()
                0x00000000c00130f4                Directory::~Directory()
                0x00000000c0013118                Directory::~Directory()
                0x00000000c0013142                Filesystem::Filesystem()
                0x00000000c0013142                Filesystem::Filesystem()
                0x00000000c0013166                Filesystem::~Filesystem()
                0x00000000c0013166                Filesystem::~Filesystem()
                0x00000000c0013174                Filesystem::~Filesystem()
                0x00000000c0013198                Fs::getcwd(Process*, char*, int)
                0x00000000c00131c2                Fs::initVFS()
                0x00000000c00131ec                Fs::standardiseFiles(char*, char const*, char const*)
                0x00000000c0013396                File::File(char const*, Process*)
                0x00000000c0013396                File::File(char const*, Process*)
                0x00000000c00133fa                File::open(FileOpenMode)
                0x00000000c0013458                File::close()
                0x00000000c00134b8                File::seek(unsigned long long)
                0x00000000c001350e                File::tell(unsigned long long*)
                0x00000000c001355e                File::rewind()
                0x00000000c0013572                File::unlink()
                0x00000000c00135be                File::rename(char const*)
                0x00000000c001360c                File::chfatattr(unsigned char, unsigned char)
                0x00000000c0013668                File::exists()
                0x00000000c00136a6                File::stat(unsigned long long*, bool*)
                0x00000000c0013707                Fs::setcwd(Process*, char*)
                0x00000000c0013842                Directory::Directory(char const*, Process*)
                0x00000000c0013842                Directory::Directory(char const*, Process*)
                0x00000000c00138a6                Directory::open()
                0x00000000c0013902                Directory::close()
                0x00000000c0013962                Directory::unlink()
                0x00000000c00139ae                Directory::rename(char const*)
                0x00000000c00139fc                Directory::exists()
                0x00000000c0013a3a                Directory::read(dirent*)
                0x00000000c0013a86                Directory::create()
                0x00000000c0013ad2                Filesystem::chfatattr(char const*, unsigned char, unsigned char)
 .text          0x00000000c0013ad8       0x84 hal/bus.32
                0x00000000c0013ad8                Bus::Bus(char const*)
                0x00000000c0013ad8                Bus::Bus(char const*)
                0x00000000c0013b0e                Bus::~Bus()
                0x00000000c0013b0e                Bus::~Bus()
                0x00000000c0013b32                Bus::~Bus()
 .text          0x00000000c0013b5c      0x156 hal/buzzer.32
                0x00000000c0013b5c                Buzzer::Buzzer(char const*)
                0x00000000c0013b5c                Buzzer::Buzzer(char const*)
                0x00000000c0013ba0                Buzzer::~Buzzer()
                0x00000000c0013ba0                Buzzer::~Buzzer()
                0x00000000c0013bc4                Buzzer::~Buzzer()
                0x00000000c0013bee                Buzzer::stop()
                0x00000000c0013c01                beepThread(void*)
                0x00000000c0013c44                Buzzer::beep(int, int, bool)
 .text          0x00000000c0013cb2      0x467 hal/clock.32
                0x00000000c0013cb2                User::loadClockSettings(int)
                0x00000000c0013d04                Clock::Clock(char const*)
                0x00000000c0013d04                Clock::Clock(char const*)
                0x00000000c0013d3a                Clock::~Clock()
                0x00000000c0013d3a                Clock::~Clock()
                0x00000000c0013d5e                Clock::~Clock()
                0x00000000c0013d88                Clock::timeInSecondsLocal()
                0x00000000c0013dd0                Clock::setTimeInSecondsLocal(unsigned long long)
                0x00000000c0013e29                datetimeToSeconds(datetime_t)
                0x00000000c0013f50                Clock::setTimeInDatetimeLocal(datetime_t)
                0x00000000c0013fb0                secondsToDatetime(unsigned long long)
                0x00000000c00140f4                Clock::timeInDatetimeLocal()
 *fill*         0x00000000c0014119        0x1 
 .text          0x00000000c001411a      0x504 hal/device.32
                0x00000000c001411a                Device::hibernate()
                0x00000000c001411c                Device::wake()
                0x00000000c001411e                Device::detect()
                0x00000000c0014120                Device::disableLegacy()
                0x00000000c0014122                Device::powerSaving(PowerSavingLevel)
                0x00000000c0014124                DriverlessDevice::close(int, int, void*)
                0x00000000c0014128                DriverlessDevice::detect()
                0x00000000c001412a                DriverlessDevice::open(int, int, void*)
                0x00000000c001413e                Device::~Device()
                0x00000000c001413e                Device::~Device()
                0x00000000c001414c                Device::~Device()
                0x00000000c0014174                Device::findAndLoadDriver()
                0x00000000c0014182                Device::preOpenPCI(PCIDeviceInfo)
                0x00000000c00141a8                Device::preOpenACPI(void*, char*, char*)
                0x00000000c00141e8                Device::addIRQHandler(int, void (*)(regs*, void*), bool, void*)
                0x00000000c0014226                Device::getParent()
                0x00000000c0014232                Device::removeIRQHandler(int, void (*)(regs*, void*), bool)
                0x00000000c0014270                Device::addChild(Device*)
                0x00000000c00142b4                Device::removeAllChildren()
                0x00000000c00142fa                Device::hibernateAll()
                0x00000000c001432a                Device::wakeAll()
                0x00000000c001435a                Device::detectAll()
                0x00000000c001438a                Device::disableLegacyAll()
                0x00000000c00143ba                Device::loadDriversForAll()
                0x00000000c00143fa                Device::closeAll()
                0x00000000c0014430                Device::powerSavingAll(PowerSavingLevel)
                0x00000000c0014466                Device::setName(char const*)
                0x00000000c0014474                Device::Device(char const*)
                0x00000000c0014474                Device::Device(char const*)
                0x00000000c0014570                Device::getName()
                0x00000000c001457a                DriverlessDevice::DriverlessDevice(char const*)
                0x00000000c001457a                DriverlessDevice::DriverlessDevice(char const*)
                0x00000000c00145b0                Device::addToLinkedList(LinkedList<Device>&, DeviceType)
                0x00000000c00145f4                getDevicesOfType(DeviceType)
 .text          0x00000000c001461e       0x84 hal/diskctrl.32
                0x00000000c001461e                HardDiskController::HardDiskController(char const*)
                0x00000000c001461e                HardDiskController::HardDiskController(char const*)
                0x00000000c0014654                HardDiskController::~HardDiskController()
                0x00000000c0014654                HardDiskController::~HardDiskController()
                0x00000000c0014678                HardDiskController::~HardDiskController()
 .text          0x00000000c00146a2       0xf2 hal/diskphys.32
                0x00000000c00146a2                PhysicalDisk::eject()
                0x00000000c00146b6                PhysicalDisk::PhysicalDisk(char const*, int)
                0x00000000c00146b6                PhysicalDisk::PhysicalDisk(char const*, int)
                0x00000000c001471e                PhysicalDisk::startCache()
                0x00000000c0014746                PhysicalDisk::~PhysicalDisk()
                0x00000000c0014746                PhysicalDisk::~PhysicalDisk()
                0x00000000c001476a                PhysicalDisk::~PhysicalDisk()
 .text          0x00000000c0014794      0x13b hal/fpu.32
                0x00000000c0014794                FPU::FPU(char const*)
                0x00000000c0014794                FPU::FPU(char const*)
                0x00000000c00147ca                FPU::~FPU()
                0x00000000c00147ca                FPU::~FPU()
                0x00000000c00147ee                FPU::~FPU()
                0x00000000c0014818                setupFPU()
 *fill*         0x00000000c00148cf        0x1 
 .text          0x00000000c00148d0     0x1439 hal/intctrl.32
                0x00000000c00148d0                InterruptController::uninstallISRHandler(int, void (*)(regs*, void*))
                0x00000000c0014908                InterruptController::installISRHandler(int, void (*)(regs*, void*), void*)
                0x00000000c001495a                doubleFault(regs*, void*)
                0x00000000c0014974                InterruptController::installIRQHandler(int, void (*)(regs*, void*), bool, void*)
                0x00000000c0014a10                InterruptController::clearAllHandlers(int, bool)
                0x00000000c0014ab8                InterruptController::uninstallIRQHandler(int, void (*)(regs*, void*), bool)
                0x00000000c0014b3f                nmiHandler(regs*, void*)
                0x00000000c0014b4d                int_handler
                0x00000000c0014bee                InterruptController::InterruptController(char const*)
                0x00000000c0014bee                InterruptController::InterruptController(char const*)
                0x00000000c0014c94                InterruptController::~InterruptController()
                0x00000000c0014c94                InterruptController::~InterruptController()
                0x00000000c0014cb8                InterruptController::~InterruptController()
                0x00000000c0014ce2                displayDebugInfo(regs*)
                0x00000000c0015171                x87EmulHandler(regs*, void*)
                0x00000000c00151e4                gpFault(regs*, void*)
                0x00000000c001521d                pgFault(regs*, void*)
                0x00000000c0015259                otherISRHandler(regs*, void*)
                0x00000000c0015278                opcodeFault(regs*, void*)
                0x00000000c0015895                displayProgramFault(char const*)
                0x00000000c00158bd                setupInterruptController()
                0x00000000c0015cbc                InterruptController::convertLegacyIRQNumber(int)
 *fill*         0x00000000c0015d09        0x1 
 .text          0x00000000c0015d0a      0x794 hal/keybrd.32
                0x00000000c0015d0a                startGUI(void*)
                0x00000000c0015d76                startGUIVESA(void*)
                0x00000000c0015de2                sendKeyToTerminal(unsigned char)
                0x00000000c0015ea0                sendKeyboardToken(KeyboardToken)
                0x00000000c00162dd                clearInternalKeybuffer(VgaText*)
                0x00000000c0016312                readKeyboard(VgaText*, char*, unsigned long)
                0x00000000c0016414                Keyboard::Keyboard(char const*)
                0x00000000c0016414                Keyboard::Keyboard(char const*)
                0x00000000c0016450                Keyboard::~Keyboard()
                0x00000000c0016450                Keyboard::~Keyboard()
                0x00000000c0016474                Keyboard::~Keyboard()
 .text          0x00000000c001649e      0x414 hal/logidisk.32
                0x00000000c001649e                LogicalDisk::close(int, int, void*)
                0x00000000c00164a2                LogicalDisk::~LogicalDisk()
                0x00000000c00164a2                LogicalDisk::~LogicalDisk()
                0x00000000c00164c6                LogicalDisk::~LogicalDisk()
                0x00000000c00164f0                LogicalDisk::open(int, int, void*)
                0x00000000c0016504                LogicalDisk::absoluteToRelative(unsigned long long)
                0x00000000c001653c                LogicalDisk::relativeToAbsolute(unsigned long long)
                0x00000000c0016582                LogicalDisk::LogicalDisk(char const*, PhysicalDisk*, unsigned long long, unsigned long long)
                0x00000000c0016582                LogicalDisk::LogicalDisk(char const*, PhysicalDisk*, unsigned long long, unsigned long long)
                0x00000000c0016638                LogicalDisk::assignDriveLetter()
                0x00000000c00166ee                LogicalDisk::mount()
                0x00000000c0016760                LogicalDisk::unmount()
                0x00000000c0016770                LogicalDisk::eject()
                0x00000000c0016784                LogicalDisk::unassignDriveLetter()
                0x00000000c00167da                LogicalDisk::read(unsigned long long, int, void*)
                0x00000000c0016846                LogicalDisk::write(unsigned long long, int, void*)
 .text          0x00000000c00168b2       0x84 hal/mouse.32
                0x00000000c00168b2                Mouse::Mouse(char const*)
                0x00000000c00168b2                Mouse::Mouse(char const*)
                0x00000000c00168e8                Mouse::~Mouse()
                0x00000000c00168e8                Mouse::~Mouse()
                0x00000000c001690c                Mouse::~Mouse()
 .text          0x00000000c0016936      0x359 hal/partition.32
                0x00000000c0016936                makePartition(PhysicalDisk*, unsigned long long, unsigned long long)
                0x00000000c00169fe                createPartitionsForDisk(PhysicalDisk*)
 *fill*         0x00000000c0016c8f        0x1 
 .text          0x00000000c0016c90       0x84 hal/serial.32
                0x00000000c0016c90                Serial::Serial(char const*)
                0x00000000c0016c90                Serial::Serial(char const*)
                0x00000000c0016cc6                Serial::~Serial()
                0x00000000c0016cc6                Serial::~Serial()
                0x00000000c0016cea                Serial::~Serial()
 .text          0x00000000c0016d14      0x2f3 hal/timer.32
                0x00000000c0016d14                Timer::Timer(char const*)
                0x00000000c0016d14                Timer::Timer(char const*)
                0x00000000c0016d4a                Timer::~Timer()
                0x00000000c0016d4a                Timer::~Timer()
                0x00000000c0016d6e                Timer::~Timer()
                0x00000000c0016d98                Timer::read()
                0x00000000c0016da3                timerHandler(unsigned long long)
                0x00000000c0016f15                setupTimer(int)
 *fill*         0x00000000c0017007        0x1 
 .text          0x00000000c0017008      0x409 hal/vcache.32
                0x00000000c0017008                VCache::VCache(PhysicalDisk*)
                0x00000000c0017008                VCache::VCache(PhysicalDisk*)
                0x00000000c0017170                VCache::invalidateReadBuffer()
                0x00000000c0017180                VCache::writeWriteBuffer()
                0x00000000c00171bc                VCache::~VCache()
                0x00000000c00171bc                VCache::~VCache()
                0x00000000c0017210                VCache::~VCache()
                0x00000000c0017238                VCache::write(unsigned long long, int, void*)
                0x00000000c0017322                VCache::read(unsigned long long, int, void*)
 *fill*         0x00000000c0017411        0x1 
 .text          0x00000000c0017412      0x4cd hal/video.32
                0x00000000c0017412                Video::putrect(int, int, int, int, unsigned int)
                0x00000000c001745e                Video::bitblit(int, int, int, int, int, int, int, unsigned int*)
                0x00000000c00174ce                Video::blit(unsigned int*, int, int, int, int)
                0x00000000c001754c                Video::clearScreen(unsigned int)
                0x00000000c0017580                Video::putpixel(int, int, unsigned int)
                0x00000000c001758e                Video::Video(char const*)
                0x00000000c001758e                Video::Video(char const*)
                0x00000000c00175c4                Video::~Video()
                0x00000000c00175c4                Video::~Video()
                0x00000000c00175e8                Video::~Video()
                0x00000000c0017612                Video::isMonochrome()
                0x00000000c001761e                Video::getWidth()
                0x00000000c001762a                Video::getHeight()
                0x00000000c0017636                Video::drawCursor(int, int, unsigned char*, int)
                0x00000000c00176f2                Video::tgaParse(unsigned char*, int, int*, int*)
                0x00000000c0017874                Video::putTGA(int, int, unsigned char*, int)
 *fill*         0x00000000c00178df        0x1 
 .text          0x00000000c00178e0     0x1275 hw/acpi.32
                0x00000000c00178e0                ACPI::close(int, int, void*)
                0x00000000c0017995                findRSDP()
                0x00000000c0017a2f                loadACPITables(unsigned char*)
                0x00000000c0017c86                findRSDT(unsigned char*)
                0x00000000c0017dd0                findDataTable(unsigned char*, char*)
                0x00000000c0017e6c                scanMADT()
                0x00000000c00182f2                ACPI::ACPI()
                0x00000000c00182f2                ACPI::ACPI()
                0x00000000c001835c                ACPI::getPCIIRQAssignment(unsigned char, unsigned short, unsigned char)
                0x00000000c001843e                ACPI::registerPCIIRQAssignment(void*, unsigned short, unsigned char, unsigned char)
                0x00000000c0018504                ACPI::setScreenBrightnessLevel(void*, int)
                0x00000000c001850a                ACPI::writeSimpleBootFlag(SimpleBootFlagTable*)
                0x00000000c0018552                ACPI::sleep()
                0x00000000c001856a                ACPI::open(int, int, void*)
 *fill*         0x00000000c0018b55        0x1 
 .text          0x00000000c0018b56     0x1717 hw/cpu.32
                0x00000000c0018b56                CPU::close(int, int, void*)
                0x00000000c0018b5a                CPU::lookupAMDName(unsigned char, unsigned char)
                0x00000000c0018cee                CPU::lookupIntelName(unsigned char, unsigned char)
                0x00000000c0018f9c                CPU::AMD_K6_write_msr(unsigned int, unsigned int, unsigned int, CPU::REGS*)
                0x00000000c0018fb8                CPU::AMD_K6_read_msr(unsigned int, CPU::REGS*)
                0x00000000c0018fd0                CPU::AMD_K6_writeback(int, int, int)
                0x00000000c0019044                CPU::cpuid(int, unsigned long*, unsigned long*, unsigned long*, unsigned long*)
                0x00000000c00190c8                CPU::cpuidCheckEDX(unsigned int)
                0x00000000c00190f6                CPU::cpuidCheckECX(unsigned int)
                0x00000000c0019124                CPU::cpuidCheckExtendedEBX(unsigned int)
                0x00000000c0019152                CPU::cpuidCheckExtendedECX(unsigned int)
                0x00000000c0019180                CPU::CPU()
                0x00000000c0019180                CPU::CPU()
                0x00000000c001920e                CPU::displayFeatures()
                0x00000000c001948a                CPU::detectFeatures()
                0x00000000c0019e7c                CPU::setupSMEP()
                0x00000000c0019e88                CPU::setupUMIP()
                0x00000000c0019e92                CPU::setupTSC()
                0x00000000c0019e9c                CPU::setupLargePages()
                0x00000000c0019ea6                CPU::setupPAT()
                0x00000000c0019ee2                CPU::setupMTRR()
                0x00000000c0019ee4                CPU::setupGlobalPages()
                0x00000000c0019eee                CPU::allowUsermodeDataAccess()
                0x00000000c0019f00                CPU::prohibitUsermodeDataAccess()
                0x00000000c0019f12                CPU::setupSMAP()
                0x00000000c0019f20                CPU::setupFeatures()
                0x00000000c0019fa0                CPU::open(int, int, void*)
                0x00000000c001a072                CPU::decodeAddress(regs*, int*, bool*, unsigned char*)
 .text          0x00000000c001a26d        0x0 hw/ports.32
 .text          0x00000000c001a26d      0x16a hw/smp.32
                0x00000000c001a26d                Krnl::smpEntry()
                0x00000000c001a26f                Krnl::startCPU(int)
                0x00000000c001a3b8                Krnl::startCPUs()
 *fill*         0x00000000c001a3d7        0x1 
 .text          0x00000000c001a3d8      0x5cd krnl/env.32
                0x00000000c001a3d8                EnvVarContainer::getEnv(char const*)
                0x00000000c001a416                EnvVarContainer::setEnv(char const*, char const*)
                0x00000000c001a4d8                EnvVarContainer::deleteEnv(char const*)
                0x00000000c001a4da                EnvVarContainer::loadFrom(char const*, char const*)
                0x00000000c001a6dc                EnvVarContainer::__loadSystem()
                0x00000000c001a6f6                EnvVarContainer::__loadUser()
                0x00000000c001a6f8                EnvVarContainer::EnvVarContainer(Process*)
                0x00000000c001a6f8                EnvVarContainer::EnvVarContainer(Process*)
                0x00000000c001a71a                EnvVarContainer::~EnvVarContainer()
                0x00000000c001a71a                EnvVarContainer::~EnvVarContainer()
                0x00000000c001a74a                Krnl::getEnv(Process*, char const*)
                0x00000000c001a7af                Krnl::setEnvSystem(char const*, char const*)
                0x00000000c001a7c9                Krnl::setEnvUser(char const*, char const*)
                0x00000000c001a7e8                Krnl::setEnvProcess(Process*, char const*, char const*)
                0x00000000c001a7fb                Krnl::deleteEnvSystem(char const*)
                0x00000000c001a7fc                Krnl::deleteEnvUser(char const*)
                0x00000000c001a7fd                Krnl::deleteEnvProcess(Process*, char const*)
                0x00000000c001a7fe                Krnl::newProcessEnv(Process*)
                0x00000000c001a820                Krnl::copyProcessEnv(Process*, Process*)
                0x00000000c001a86c                Krnl::loadSystemEnv()
                0x00000000c001a89a                Krnl::loadUserEnv()
                0x00000000c001a8c0                Krnl::flushEnv()
                0x00000000c001a8c1                Krnl::getProcessTotalEnvCount(Process*)
                0x00000000c001a8e1                Krnl::getProcessEnvPair(Process*, int)
 .text          0x00000000c001a9a5      0x396 krnl/panic.32
                0x00000000c001a9a5                Krnl::panic(char const*)
 .text          0x00000000c001ad3b      0x57f net/ethernet.32
                0x00000000c001ad3b                Net::switchEndian16(unsigned short)
                0x00000000c001ad5c                Net::switchEndian32(unsigned int)
                0x00000000c001ad8b                Net::crc32Calc(unsigned char*, int)
                0x00000000c001ae1c                Net::wrapEthernetFrame(Net::UnwrappedEthernetFrame, unsigned char*)
                0x00000000c001b02f                Net::unwrapEthernetFrame(unsigned char*, int)
 .text          0x00000000c001b2ba      0x50e reg/registry.32
                0x00000000c001b2ba                Reg::findLineFromLoadedData(char*, char*, char*)
                0x00000000c001b412                Reg::getLineFromRegistry(char*, char*, char*, char*)
                0x00000000c001b567                Reg::getLine(char*, char*, char*)
                0x00000000c001b59e                Reg::readInt(char*, char*, int*)
                0x00000000c001b689                Reg::readString(char*, char*, char*, int)
                0x00000000c001b70a                Reg::readBool(char*, char*, bool*)
                0x00000000c001b72f                Reg::readBoolWithDefault(char*, char*, bool)
                0x00000000c001b75b                Reg::readIntWithDefault(char*, char*, int)
                0x00000000c001b787                Reg::readStringWithDefault(char*, char*, char*, int, char*)
 .text          0x00000000c001b7c8       0x36 sys/sc_eject.32
                0x00000000c001b7c8                Sys::eject(regs*)
 .text          0x00000000c001b7fe       0x18 sys/sc_exit.32
                0x00000000c001b7fe                Sys::exit(regs*)
 .text          0x00000000c001b816       0x1f sys/sc_getcwd.32
                0x00000000c001b816                Sys::getCwd(regs*)
 .text          0x00000000c001b835        0xc sys/sc_getpid.32
                0x00000000c001b835                Sys::getPID(regs*)
 .text          0x00000000c001b841       0x17 sys/sc_getramdata.32
                0x00000000c001b841                Sys::getRAMData(regs*)
 .text          0x00000000c001b858       0x84 sys/sc_getvgaptr.32
                0x00000000c001b858                Sys::getVGAPtr(regs*)
 .text          0x00000000c001b8dc       0xa8 sys/sc_loaddll.32
                0x00000000c001b8dc                Sys::loadDLL(regs*)
 .text          0x00000000c001b984       0x68 sys/sc_read.32
                0x00000000c001b984                Sys::read(regs*)
 .text          0x00000000c001b9ec       0x55 sys/sc_sbrk.32
                0x00000000c001b9ec                Sys::sbrk(regs*)
 .text          0x00000000c001ba41       0x1c sys/sc_setcwd.32
                0x00000000c001ba41                Sys::setCwd(regs*)
 .text          0x00000000c001ba5d      0x128 sys/sc_settime.32
                0x00000000c001ba5d                Sys::setTime(regs*)
 .text          0x00000000c001bb85       0x4a sys/sc_timezone.32
                0x00000000c001bb85                Sys::timezone(regs*)
 .text          0x00000000c001bbcf       0x68 sys/sc_write.32
                0x00000000c001bbcf                Sys::write(regs*)
 .text          0x00000000c001bc37       0x62 sys/sc_wsbe.32
                0x00000000c001bc37                Sys::wsbe(regs*)
 .text          0x00000000c001bc99       0x46 sys/sc_yield.32
                0x00000000c001bc99                Sys::yield(regs*)
 .text          0x00000000c001bcdf     0x1101 sys/syscalls.32
                0x00000000c001bcdf                sysCallSeekDir(regs*)
                0x00000000c001bce4                sysCallTellDir(regs*)
                0x00000000c001bce9                sysCallVerify(regs*)
                0x00000000c001bcf3                sysFormatDisk(regs*)
                0x00000000c001bd5d                sysSetDiskVolumeLabel(regs*)
                0x00000000c001bda3                sysGetDiskVolumeLabel(regs*)
                0x00000000c001bdf4                sysShutdown(regs*)
                0x00000000c001be52                sysCallRealpath(regs*)
                0x00000000c001be95                sysCallGetArgc(regs*)
                0x00000000c001bec3                sysCallReadDir(regs*)
                0x00000000c001bf51                sysCallIsATTY(regs*)
                0x00000000c001bfab                sysCallSeek(regs*)
                0x00000000c001c014                sysCallTell(regs*)
                0x00000000c001c091                sysCallSize(regs*)
                0x00000000c001c114                sysCallSizeFromFilename(regs*)
                0x00000000c001c1d4                sysCallClose(regs*)
                0x00000000c001c25c                sysCallOpenDir(regs*)
                0x00000000c001c2d1                sysCallCloseDir(regs*)
                0x00000000c001c337                sysCallMakeDir(regs*)
                0x00000000c001c3a7                sysCallWait(regs*)
                0x00000000c001c3c1                sysCallNotImpl(regs*)
                0x00000000c001c3dc                sysPanic(regs*)
                0x00000000c001c402                sysCallRmdir(regs*)
                0x00000000c001c466                sysCallUnlink(regs*)
                0x00000000c001c4ca                sysCallGetArgv(regs*)
                0x00000000c001c516                sysCallTTYName(regs*)
                0x00000000c001c599                sysCallUSleep(regs*)
                0x00000000c001c5c0                sysCallSpawn(regs*)
                0x00000000c001c635                sysCallGetEnv(regs*)
                0x00000000c001c76d                sysAppSettings(regs*)
                0x00000000c001c881                sysSetFatAttrib(regs*)
                0x00000000c001c8f3                sysPipe(regs*)
                0x00000000c001c938                sysGetUnixTime(regs*)
                0x00000000c001c94c                string_ends_with(char const*, char const*)
                0x00000000c001c994                sysCallOpen(regs*)
                0x00000000c001cba9                Sys::loadSyscalls()
                0x00000000c001cd9e                Sys::systemCall(regs*, void*)
 .text          0x00000000c001cde0     0x11fd thr/elf.32
                0x00000000c001cde0                Thr::allocateMemoryForTask(Process*, File*, unsigned long, unsigned long, unsigned long)
                0x00000000c001d08a                Thr::loadProgramIntoMemory(Process*, char const*)
                0x00000000c001d2a0                Thr::runtimeReferenceHelper()
                0x00000000c001d2b3                Thr::getAddressOfKernelSymbol(char const*)
                0x00000000c001d302                Thr::loadKernelSymbolTable(char const*)
                0x00000000c001d5c0                Thr::loadDriverIntoMemory(char const*, unsigned long, bool)
                0x00000000c001dcf6                Thr::getDriverBaseFromAddress(unsigned long)
                0x00000000c001dd28                Thr::getDriverNameFromAddress(unsigned long)
                0x00000000c001dd5f                Thr::getDriverOffsetFromAddress(unsigned long)
                0x00000000c001dd79                Thr::loadDLL(char const*, bool)
                0x00000000c001dfa4                Thr::executeDLL(unsigned long, void*)
 *fill*         0x00000000c001dfdd        0x1 
 .text          0x00000000c001dfde     0x1315 thr/prcssthr.32
                0x00000000c001dfde                userModeEntryPoint(void*)
                0x00000000c001e004                changeTSS
                0x00000000c001e034                switchToThread(ThreadControlBlock*)
                0x00000000c001e0de                Process::addArgs(char**)
                0x00000000c001e138                Process::Process(char const*, Process*, char**)
                0x00000000c001e138                Process::Process(char const*, Process*, char**)
                0x00000000c001e31c                Process::Process(bool, char const*, Process*, char**)
                0x00000000c001e31c                Process::Process(bool, char const*, Process*, char**)
                0x00000000c001e4cb                taskStartupFunction
                0x00000000c001e4d4                Semaphore::Semaphore(int)
                0x00000000c001e4d4                Semaphore::Semaphore(int)
                0x00000000c001e502                Mutex::Mutex()
                0x00000000c001e502                Mutex::Mutex()
                0x00000000c001e514                Process::createThread(void (*)(void*), void*, int)
                0x00000000c001e61a                Process::createUserThread()
                0x00000000c001e636                setupMultitasking(void (*)())
                0x00000000c001e758                schedule()
                0x00000000c001e7de                Semaphore::tryAcquire()
                0x00000000c001e89a                Semaphore::assertLocked(char const*)
                0x00000000c001e909                blockTaskWithSchedulerLockAlreadyHeld(TaskState)
                0x00000000c001e957                blockTask(TaskState)
                0x00000000c001e984                waitTask(int, int*, int)
                0x00000000c001e9c6                nanoSleepUntil(unsigned long long)
                0x00000000c001ea5b                nanoSleep(unsigned long long)
                0x00000000c001ea73                sleep(unsigned long long)
                0x00000000c001ea90                Semaphore::acquire()
                0x00000000c001eb32                taskReturned
                0x00000000c001eb6d                Thr::processFromPID(int)
                0x00000000c001ec1c                unblockTask(ThreadControlBlock*)
                0x00000000c001ecc9                cleanupTerminatedTask(ThreadControlBlock*)
                0x00000000c001ef92                cleanerTaskFunction(void*)
                0x00000000c001f08b                terminateTask(int)
                0x00000000c001f1bd                Thr::terminateFromIRQ(int)
                0x00000000c001f1ca                Semaphore::release()
 .text          0x00000000c001f2f3      0xc53 vm86/vm8086.32
                0x00000000c001f2f3                Vm::inbv(unsigned short)
                0x00000000c001f306                Vm::outbv(unsigned short, unsigned char)
                0x00000000c001f359                Vm::realToLinear(unsigned short, unsigned short)
                0x00000000c001f369                Vm::getSegment(unsigned int)
                0x00000000c001f371                Vm::getOffset(unsigned int)
                0x00000000c001f376                Vm::mainloop2()
                0x00000000c001f3b0                Vm::mainVm8086Loop(void*)
                0x00000000c001f3c0                Vm::mainloop3(unsigned long)
                0x00000000c001f3e6                Vm::initialise8086()
                0x00000000c001f429                Vm::finish8086()
                0x00000000c001f48a                Vm::getOutput8086(unsigned char*)
                0x00000000c001f4af                Vm::start8086(char const*, unsigned short, unsigned short, unsigned short, unsigned short)
                0x00000000c001f617                Vm::doISR(regs*, int, unsigned char*, unsigned short, unsigned short)
                0x00000000c001f6a1                Vm::readByteFromReal(unsigned short, unsigned short)
                0x00000000c001f6b2                Vm::readWordFromReal(unsigned short, unsigned short)
                0x00000000c001f6c4                Vm::readDwordFromReal(unsigned short, unsigned short)
                0x00000000c001f6d5                Vm::writeByteFromReal(unsigned short, unsigned short, unsigned char)
                0x00000000c001f6ea                Vm::writeWordFromReal(unsigned short, unsigned short, unsigned short)
                0x00000000c001f700                Vm::writeDwordFromReal(unsigned short, unsigned short, unsigned int)
                0x00000000c001f715                Vm::faultHandler(regs*)
 .text          0x00000000c001ff46      0xefd vm86/x87em.32
                0x00000000c001ff46                Vm::fpuInternalTo32(unsigned long long)
                0x00000000c001ffa1                Vm::fpuInternalTo64(unsigned long long)
                0x00000000c001ffaa                Vm::fpu32ToInternal(unsigned int)
                0x00000000c001ffef                Vm::fpu64ToInternal(unsigned long long)
                0x00000000c001fff8                Vm::fpuFloatToLong(unsigned long long)
                0x00000000c0020053                Vm::fpuULongToFloat(unsigned long long)
                0x00000000c0020089                Vm::fpuLongToFloat(long long)
                0x00000000c00200df                Vm::fpuGet0()
                0x00000000c00200e4                Vm::fpuGet1()
                0x00000000c00200ec                Vm::fpuGetPi()
                0x00000000c00200f4                Vm::fpuGetLog2E()
                0x00000000c002010c                Vm::fpuGetLogE2()
                0x00000000c0020124                Vm::fpuGetLog210()
                0x00000000c002013c                Vm::fpuGetLog102()
                0x00000000c0020154                Vm::fpuIsSecondLarger(unsigned long long, unsigned long long)
                0x00000000c0020168                Vm::fpuAreEqual(unsigned long long, unsigned long long)
                0x00000000c002017e                Vm::fpuUnorderedCompare(unsigned long long, unsigned long long)
                0x00000000c00201d1                Vm::fpuAdd(unsigned long long, unsigned long long)
                0x00000000c00201e2                Vm::fpuAbs(unsigned long long)
                0x00000000c00201eb                Vm::fpuChs(unsigned long long)
                0x00000000c00201fb                Vm::fpuSub(unsigned long long, unsigned long long)
                0x00000000c002020a                Vm::fpuMultiply(unsigned long long, unsigned long long)
                0x00000000c0020229                Vm::fpuDivide(unsigned long long, unsigned long long)
                0x00000000c0020245                Vm::fpuSquare(unsigned long long)
                0x00000000c002025b                Vm::fpuGetReg(int)
                0x00000000c002029e                Vm::fpuSetReg(int, unsigned long long)
                0x00000000c00202e9                Vm::fpuPush(unsigned long long)
                0x00000000c0020346                Vm::fpuPop()
                0x00000000c0020398                Vm::x87Handler(regs*)
 *fill*         0x00000000c0020e43        0x1 
 .text          0x00000000c0020e44     0x1203 fs/fat/vfslink.32
                0x00000000c0020e44                FAT::getName()
                0x00000000c0020e4a                FAT::tell(void*, unsigned long long*)
                0x00000000c0020e7e                FAT::stat(void*, unsigned long long*)
                0x00000000c0020eb2                FAT::~FAT()
                0x00000000c0020eb2                FAT::~FAT()
                0x00000000c0020ed6                FAT::~FAT()
                0x00000000c0020efe                FAT::getlabel(LogicalDisk*, int, char*, unsigned int*)
                0x00000000c0020f9c                FAT::setlabel(LogicalDisk*, int, char*)
                0x00000000c0021056                FAT::format(LogicalDisk*, int, char const*, int)
                0x00000000c002123a                FAT::tryMount(LogicalDisk*, int)
                0x00000000c0021440                FAT::getFileFirstSector(char const*)
                0x00000000c0021502                FAT::readDir(void*, unsigned long, void*, int*)
                0x00000000c002165c                FAT::read(void*, unsigned long, void*, int*)
                0x00000000c00216b6                FAT::write(void*, unsigned long, void*, int*)
                0x00000000c0021710                FAT::close(void*)
                0x00000000c002175c                FAT::closeDir(void*)
                0x00000000c00217a8                FAT::seek(void*, unsigned long long)
                0x00000000c00217fc                fatWrapperReadDisk
                0x00000000c0021843                fatWrapperWriteDisk
                0x00000000c002188a                fatWrapperIoctl
                0x00000000c002198e                FAT::FAT()
                0x00000000c002198e                FAT::FAT()
                0x00000000c00219e0                FAT::fixFilepath(char*)
                0x00000000c0021a18                FAT::open(char const*, void**, FileOpenMode)
                0x00000000c0021b40                FAT::openDir(char const*, void**)
                0x00000000c0021be6                FAT::stat(char const*, unsigned long long*, bool*)
                0x00000000c0021cd0                FAT::unlink(char const*)
                0x00000000c0021d4a                FAT::chfatattr(char const*, unsigned char, unsigned char)
                0x00000000c0021e9e                FAT::rename(char const*, char const*)
                0x00000000c0021f62                FAT::mkdir(char const*)
                0x00000000c0021fdc                FAT::exists(char const*)
 *fill*         0x00000000c0022047        0x1 
 .text          0x00000000c0022048      0xba5 fs/iso9660/vfslink.32
                0x00000000c0022048                ISO9660::format(LogicalDisk*, int, char const*, int)
                0x00000000c002204e                ISO9660::seek(void*, unsigned long long)
                0x00000000c002207e                ISO9660::tell(void*, unsigned long long*)
                0x00000000c00220a2                ISO9660::getName()
                0x00000000c00220a8                ISO9660::stat(void*, unsigned long long*)
                0x00000000c00220cc                ISO9660::chfatattr(char const*, unsigned char, unsigned char)
                0x00000000c00220d2                ISO9660::unlink(char const*)
                0x00000000c00220d8                ISO9660::write(void*, unsigned long, void*, int*)
                0x00000000c00220de                ISO9660::rename(char const*, char const*)
                0x00000000c00220e4                ISO9660::mkdir(char const*)
                0x00000000c00220ea                ISO9660::close(void*)
                0x00000000c002210c                ISO9660::closeDir(void*)
                0x00000000c002212e                ISO9660::~ISO9660()
                0x00000000c002212e                ISO9660::~ISO9660()
                0x00000000c0022152                ISO9660::~ISO9660()
                0x00000000c0022179                __memmem(unsigned char*, int, unsigned char*, int)
                0x00000000c00221bb                readSectorFromCDROM(unsigned int, unsigned char*, char)
                0x00000000c0022216                ISO9660::tryMount(LogicalDisk*, int)
                0x00000000c0022266                ISO9660::read(void*, unsigned long, void*, int*)
                0x00000000c002246a                ISO9660::readDir(void*, unsigned long, void*, int*)
                0x00000000c00226e4                readRoot(unsigned int*, unsigned int*, char)
                0x00000000c0022738                readRecursively(char*, unsigned int, unsigned int, unsigned int*, unsigned int*, char, int*)
                0x00000000c002290b                getFileData(char*, unsigned int*, unsigned int*, char, int*)
                0x00000000c002299a                ISO9660::open(char const*, void**, FileOpenMode)
                0x00000000c0022a5a                ISO9660::exists(char const*)
                0x00000000c0022a7e                ISO9660::stat(char const*, unsigned long long*, bool*)
                0x00000000c0022b12                ISO9660::openDir(char const*, void**)
                0x00000000c0022bca                ISO9660::ISO9660()
                0x00000000c0022bca                ISO9660::ISO9660()
 *fill*         0x00000000c0022bed        0x1 
 .text          0x00000000c0022bee      0x33a hal/sound/sndchannel.32
                0x00000000c0022bee                SoundChannel::~SoundChannel()
                0x00000000c0022bee                SoundChannel::~SoundChannel()
                0x00000000c0022c0a                SoundChannel::setSpeed(float)
                0x00000000c0022c16                SoundChannel::getSpeed()
                0x00000000c0022c1e                SoundChannel::setVolume(int)
                0x00000000c0022c3a                SoundChannel::getVolume()
                0x00000000c0022c42                SoundChannel::pause()
                0x00000000c0022c4c                SoundChannel::SoundChannel(int, int, int, int)
                0x00000000c0022c4c                SoundChannel::SoundChannel(int, int, int, int)
                0x00000000c0022da2                SoundChannel::play()
                0x00000000c0022dac                SoundChannel::paused()
                0x00000000c0022db4                SoundChannel::getSampleRate()
                0x00000000c0022dbc                SoundChannel::getBits()
                0x00000000c0022dc4                SoundChannel::getBufferUsed()
                0x00000000c0022dcc                SoundChannel::getBufferSize()
                0x00000000c0022dd4                SoundChannel::unbuffer(float*, int, int)
                0x00000000c0022e74                SoundChannel::buffer16(unsigned short*, int)
                0x00000000c0022e88                SoundChannel::buffer8(unsigned char*, int)
 .text          0x00000000c0022f28      0x4c3 hal/sound/sndhw.32
                0x00000000c0022f28                SoundDevice::SoundDevice(char const*)
                0x00000000c0022f28                SoundDevice::SoundDevice(char const*)
                0x00000000c0022f94                SoundDevice::~SoundDevice()
                0x00000000c0022f94                SoundDevice::~SoundDevice()
                0x00000000c002300e                SoundDevice::~SoundDevice()
                0x00000000c0023038                SoundDevice::getFreeChannelNum()
                0x00000000c0023052                SoundDevice::addChannel(SoundChannel*)
                0x00000000c00230c2                SoundDevice::removeChannel(int)
                0x00000000c00230f4                SoundDevice::floatTo16(float*, unsigned short*, int)
                0x00000000c00231e2                SoundDevice::floatTo8(float*, unsigned char*, int)
                0x00000000c00232ca                SoundDevice::getAudio(int, float*, float*)
 .text          0x00000000c00233eb        0x0 hw/bus/isa.32
 *fill*         0x00000000c00233eb        0x1 
 .text          0x00000000c00233ec      0xa31 hw/bus/pci.32
                0x00000000c00233ec                PCI::open(int, int, void*)
                0x00000000c0023400                PCI::close(int, int, void*)
                0x00000000c0023404                PCI::PCI()
                0x00000000c0023404                PCI::PCI()
                0x00000000c002348c                PCI::readBAR8(unsigned int, int)
                0x00000000c00234a8                PCI::readBAR16(unsigned int, int)
                0x00000000c00234c6                PCI::readBAR32(unsigned int, int)
                0x00000000c00234e2                PCI::writeBAR8(unsigned int, unsigned char, int)
                0x00000000c0023502                PCI::writeBAR16(unsigned int, unsigned short, int)
                0x00000000c0023546                PCI::writeBAR32(unsigned int, unsigned int, int)
                0x00000000c0023566                PCI::pciReadWord(unsigned char, unsigned char, unsigned char, unsigned char)
                0x00000000c00235ae                PCI::getVendorID(unsigned char, unsigned char, unsigned char)
                0x00000000c00235d0                PCI::getHeaderType(unsigned char, unsigned char, unsigned char)
                0x00000000c00235f4                PCI::getClassCode(unsigned char, unsigned char, unsigned char)
                0x00000000c0023638                PCI::getProgIF(unsigned char, unsigned char, unsigned char)
                0x00000000c002365c                PCI::getRevisionID(unsigned char, unsigned char, unsigned char)
                0x00000000c002367e                PCI::getInterruptNumber(unsigned char, unsigned char, unsigned char)
                0x00000000c00236a0                PCI::getSecondaryBus(unsigned char, unsigned char, unsigned char)
                0x00000000c00236c4                PCI::getBARAddress(unsigned char, unsigned char, unsigned char, unsigned char)
                0x00000000c0023724                PCI::pciWriteWord(unsigned char, unsigned char, unsigned char, unsigned char, unsigned short)
                0x00000000c0023790                PCI::pciDetailsToFilepath(PCIDeviceInfo, char*)
                0x00000000c0023a1c                PCI::checkBus(unsigned char)
                0x00000000c0023a40                PCI::foundDevice(PCIDeviceInfo)
                0x00000000c0023bb2                PCI::getDeviceData(unsigned char, unsigned char, unsigned char)
                0x00000000c0023d5e                PCI::checkDevice(unsigned char, unsigned char)
                0x00000000c0023dca                PCI::detect()
 *fill*         0x00000000c0023e1d        0x1 
 .text          0x00000000c0023e1e      0xc70 hw/diskctrl/ide.32
                0x00000000c0023e1e                IDE::close(int, int, void*)
                0x00000000c0023e22                IDE::IDE()
                0x00000000c0023e22                IDE::IDE()
                0x00000000c0023e56                IDE::prepareInterrupt(unsigned char)
                0x00000000c0023e68                selectDrive(unsigned char, unsigned char)
                0x00000000c0023e6a                IDE::getBase(unsigned char)
                0x00000000c0023e7c                IDE::write(unsigned char, unsigned char, unsigned char)
                0x00000000c0023f3c                IDE::read(unsigned char, unsigned char)
                0x00000000c0023fea                IDE::waitInterrupt(unsigned char)
                0x00000000c0024050                ideChannel0IRQHandler(regs*, void*)
                0x00000000c002406c                ideChannel1IRQHandler(regs*, void*)
                0x00000000c0024088                IDE::enableIRQs(unsigned char, bool)
                0x00000000c00240ce                IDE::open(int, int, void*)
                0x00000000c00244de                IDE::readBuffer(unsigned char, unsigned char, unsigned int, unsigned int)
                0x00000000c00245aa                IDE::detect()
                0x00000000c0024892                IDE::printError(unsigned char, unsigned char, unsigned char)
                0x00000000c0024a28                IDE::polling(unsigned char, unsigned int)
 .text          0x00000000c0024a8e      0x390 hw/diskctrl/satabus.32
                0x00000000c0024a8e                SATABus::close(int, int, void*)
                0x00000000c0024a92                SATABus::detect()
                0x00000000c0024a94                SATABus::SATABus()
                0x00000000c0024a94                SATABus::SATABus()
                0x00000000c0024b40                SATABus::findCmdslot(SATABus::tagHBA_PORT volatile*)
                0x00000000c0024b88                SATABus::checkType(SATABus::tagHBA_PORT volatile*)
                0x00000000c0024bd0                SATABus::startCmd(SATABus::tagHBA_PORT volatile*)
                0x00000000c0024bf0                SATABus::stopCmd(SATABus::tagHBA_PORT volatile*)
                0x00000000c0024c1a                SATABus::portRebase(SATABus::tagHBA_PORT volatile*, int)
                0x00000000c0024d20                SATABus::probePort(SATABus::tagHBA_MEM volatile*)
                0x00000000c0024dfe                SATABus::open(int, int, void*)
 .text          0x00000000c0024e1e      0x63c hw/diskphys/ata.32
                0x00000000c0024e1e                ATA::close(int, int, void*)
                0x00000000c0024e42                ATA::powerSaving(PowerSavingLevel)
                0x00000000c0024e44                ATA::ATA()
                0x00000000c0024e44                ATA::ATA()
                0x00000000c0024e72                ATA::flush(bool)
                0x00000000c0024ebc                ATA::readyForCommand()
                0x00000000c0024f0c                ATA::access(unsigned long long, int, void*, bool)
                0x00000000c0025294                ATA::read(unsigned long long, int, void*)
                0x00000000c00252fc                ATA::write(unsigned long long, int, void*)
                0x00000000c0025364                ATA::detectCHS()
                0x00000000c002538e                ATA::open(int, int, void*)
 .text          0x00000000c002545a      0x5bd hw/diskphys/atapi.32
                0x00000000c002545a                ATAPI::write(unsigned long long, int, void*)
                0x00000000c0025460                ATAPI::close(int, int, void*)
                0x00000000c0025484                ATAPI::ATAPI()
                0x00000000c0025484                ATAPI::ATAPI()
                0x00000000c00254b2                ATAPI::readyForCommand()
                0x00000000c0025502                ATAPI::sendPacket(unsigned char*, int, bool, unsigned short*, int)
                0x00000000c00257c2                ATAPI::diskRemoved()
                0x00000000c00257de                ATAPI::eject()
                0x00000000c0025826                ATAPI::diskInserted()
                0x00000000c0025854                ATAPI::detectMedia()
                0x00000000c0025910                ATAPI::open(int, int, void*)
                0x00000000c0025998                ATAPI::read(unsigned long long, int, void*)
 *fill*         0x00000000c0025a17        0x1 
 .text          0x00000000c0025a18      0x451 hw/diskphys/sata.32
                0x00000000c0025a18                SATA::close(int, int, void*)
                0x00000000c0025a3c                SATA::powerSaving(PowerSavingLevel)
                0x00000000c0025a3e                SATA::open(int, int, void*)
                0x00000000c0025ae8                SATA::SATA()
                0x00000000c0025ae8                SATA::SATA()
                0x00000000c0025b16                SATA::access(unsigned long long, int, void*, bool)
                0x00000000c0025d7c                SATA::read(unsigned long long, int, void*)
                0x00000000c0025de4                SATA::write(unsigned long long, int, void*)
 *fill*         0x00000000c0025e69        0x1 
 .text          0x00000000c0025e6a      0x4fe hw/diskphys/satapi.32
                0x00000000c0025e6a                SATAPI::write(unsigned long long, int, void*)
                0x00000000c0025e70                SATAPI::close(int, int, void*)
                0x00000000c0025e94                SATAPI::SATAPI()
                0x00000000c0025e94                SATAPI::SATAPI()
                0x00000000c0025ec2                SATAPI::diskRemoved()
                0x00000000c0025ede                SATAPI::diskInserted()
                0x00000000c0025f0c                SATAPI::sendPacket(unsigned char*, int, unsigned long long, unsigned short*, int)
                0x00000000c0026114                SATAPI::eject()
                0x00000000c002615c                SATAPI::detectMedia()
                0x00000000c002621e                SATAPI::open(int, int, void*)
                0x00000000c00262c6                SATAPI::read(unsigned long long, int, void*)
 .text          0x00000000c0026368       0x8e hw/fpu/avx.32
                0x00000000c0026368                AVX::open(int, int, void*)
                0x00000000c002637a                AVX::close(int, int, void*)
                0x00000000c002638c                AVX::available()
                0x00000000c002639e                AVX::save(void*)
                0x00000000c00263b6                AVX::load(void*)
                0x00000000c00263ce                AVX::AVX()
                0x00000000c00263ce                AVX::AVX()
 .text          0x00000000c00263f6       0x90 hw/fpu/mmx.32
                0x00000000c00263f6                MMX::available()
                0x00000000c002640a                MMX::open(int, int, void*)
                0x00000000c002641c                MMX::close(int, int, void*)
                0x00000000c002642e                MMX::save(void*)
                0x00000000c0026446                MMX::load(void*)
                0x00000000c002645e                MMX::MMX()
                0x00000000c002645e                MMX::MMX()
 .text          0x00000000c0026486       0x96 hw/fpu/sse.32
                0x00000000c0026486                SSE::open(int, int, void*)
                0x00000000c0026498                SSE::close(int, int, void*)
                0x00000000c00264aa                SSE::available()
                0x00000000c00264c4                SSE::save(void*)
                0x00000000c00264dc                SSE::load(void*)
                0x00000000c00264f4                SSE::SSE()
                0x00000000c00264f4                SSE::SSE()
 .text          0x00000000c002651c       0x8e hw/fpu/x87.32
                0x00000000c002651c                x87::open(int, int, void*)
                0x00000000c002652e                x87::close(int, int, void*)
                0x00000000c0026540                x87::available()
                0x00000000c0026552                x87::save(void*)
                0x00000000c002656a                x87::load(void*)
                0x00000000c0026582                x87::x87()
                0x00000000c0026582                x87::x87()
 .text          0x00000000c00265aa      0x71e hw/intctrl/apic.32
                0x00000000c00265aa                APIC::disable()
                0x00000000c00265ac                APIC::close(int, int, void*)
                0x00000000c00265ce                IOAPIC::close(int, int, void*)
                0x00000000c00265d4                APIC::io_wait()
                0x00000000c00265da                APIC::getBase()
                0x00000000c002661c                APIC::eoi(unsigned char)
                0x00000000c002664a                APIC::open(int, int, void*)
                0x00000000c0026798                IOAPIC::IOAPIC()
                0x00000000c0026798                IOAPIC::IOAPIC()
                0x00000000c00267c0                APIC::APIC()
                0x00000000c00267c0                APIC::APIC()
                0x00000000c002689c                IOAPIC::handlesGSIWithNumber(unsigned int)
                0x00000000c00268ce                IOAPIC::read(int)
                0x00000000c00268f6                IOAPIC::open(int, int, void*)
                0x00000000c00269ec                IOAPIC::write(int, int)
                0x00000000c0026a18                IOAPIC::redirect(unsigned char, unsigned long long, unsigned char, bool, bool)
                0x00000000c0026b12                APIC::installIRQHandler(int, void (*)(regs*, void*), bool, void*)
 .text          0x00000000c0026cc8      0x3d3 hw/intctrl/pic.32
                0x00000000c0026cc8                PIC::disable()
                0x00000000c0026cf6                PIC::close(int, int, void*)
                0x00000000c0026d18                PIC::PIC()
                0x00000000c0026d18                PIC::PIC()
                0x00000000c0026dee                PIC::ioWait()
                0x00000000c0026df4                PIC::getIRQReg(int)
                0x00000000c0026e5e                PIC::eoi(unsigned char)
                0x00000000c0026ef0                PIC::remap()
                0x00000000c002705c                PIC::open(int, int, void*)
 *fill*         0x00000000c002709b        0x1 
 .text          0x00000000c002709c      0x25e hw/timer/apictimer.32
                0x00000000c002709c                APICTimer::close(int, int, void*)
                0x00000000c00270a2                apicTimerHandler(regs*, void*)
                0x00000000c00270d0                APICTimer::write(int)
                0x00000000c00271d4                APICTimer::open(int, int, void*)
                0x00000000c00272d2                APICTimer::APICTimer()
                0x00000000c00272d2                APICTimer::APICTimer()
 .text          0x00000000c00272fa      0x1a7 hw/timer/pit.32
                0x00000000c00272fa                PIT::write(int)
                0x00000000c0027378                pitHandler(regs*, void*)
                0x00000000c00273a4                PIT::open(int, int, void*)
                0x00000000c00273f2                PIT::close(int, int, void*)
                0x00000000c0027422                PIT::PIT()
                0x00000000c0027422                PIT::PIT()
 *fill*         0x00000000c00274a1        0xf 
 .text          0x00000000c00274b0       0x1e hw/fpu/x86/avx.32
                0x00000000c00274b0                avxDetect
                0x00000000c00274b6                avxSave
                0x00000000c00274b7                avxLoad
                0x00000000c00274b8                avxInit
                0x00000000c00274b9                avxClose
                0x00000000c00274ba                wouldSheSayYes
 *fill*         0x00000000c00274ce        0x2 
 .text          0x00000000c00274d0       0x35 hw/fpu/x86/sse.32
                0x00000000c00274d0                absolutelyNoChanceInHell
                0x00000000c00274d0                sseDetect
                0x00000000c00274e8                sseSave
                0x00000000c00274ee                sseLoad
                0x00000000c00274f4                sseInit
                0x00000000c0027504                sseClose
 *fill*         0x00000000c0027505        0xb 
 .text          0x00000000c0027510       0x4d hw/fpu/x86/x87.32
                0x00000000c0027516                x87Detect
                0x00000000c0027531                x87Save
                0x00000000c002753a                x87Load
                0x00000000c0027542                x87Init
                0x00000000c002755c                x87Close
 *fill*         0x00000000c002755d        0x3 
 .text          0x00000000c0027560       0x25 /cygdrive/d/Users/Alex/Desktop/Toolchain/Output/bin/../lib/gcc/i386-banana/8.1.0/crtend.o
 .text          0x00000000c0027585        0x0 crtn.32
 *fill*         0x00000000c0027585        0x3 
 .text          0x00000000c0027588      0x14b /cygdrive/d/Users/Alex/Desktop/Toolchain/Output/bin/../lib/gcc/i386-banana/8.1.0/libkgcc.a(_divdi3.o)
                0x00000000c0027588                __divdi3
 *fill*         0x00000000c00276d3        0x1 