Archive member included to satisfy reference by file (symbol)

/cygdrive/d/Users/Alex/Desktop/Toolchain/Output/bin/../lib/gcc/i386-banana/8.1.0/libkgcc.a(_divdi3.o)
                              fs/fat/ff.32 (__divdi3)
/cygdrive/d/Users/Alex/Desktop/Toolchain/Output/bin/../lib/gcc/i386-banana/8.1.0/libkgcc.a(_moddi3.o)
                              compat/resolve.32 (__moddi3)
/cygdrive/d/Users/Alex/Desktop/Toolchain/Output/bin/../lib/gcc/i386-banana/8.1.0/libkgcc.a(_udivdi3.o)
                              fs/fat/ff.32 (__udivdi3)
/cygdrive/d/Users/Alex/Desktop/Toolchain/Output/bin/../lib/gcc/i386-banana/8.1.0/libkgcc.a(_umoddi3.o)
                              compat/resolve.32 (__umoddi3)

Discarded input sections

 .comment       0x0000000000000000       0x12 /cygdrive/d/Users/Alex/Desktop/Toolchain/Output/bin/../lib/gcc/i386-banana/8.1.0/crtbegin.o
 .comment       0x0000000000000000       0x12 acpica/utclib.32
 .comment       0x0000000000000000       0x12 core/malloc.32
 .comment       0x0000000000000000       0x12 libk/string.32
 .comment       0x0000000000000000       0x12 fs/fat/diskio.32
 .comment       0x0000000000000000       0x12 fs/fat/ff.32
 .comment       0x0000000000000000       0x12 fs/fat/ffsystem.32
 .comment       0x0000000000000000       0x12 fs/fat/ffunicode.32
 .comment       0x0000000000000000       0x12 compat/inlines.32
 .comment       0x0000000000000000       0x12 compat/resolve.32
 .group         0x0000000000000000       0x14 core/computer.32
 .group         0x0000000000000000        0xc core/computer.32
 .comment       0x0000000000000000       0x12 core/computer.32
 .comment       0x0000000000000000       0x12 core/gdt.32
 .group         0x0000000000000000        0xc core/idle.32
 .comment       0x0000000000000000       0x12 core/idle.32
 .comment       0x0000000000000000       0x12 core/idt.32
 .comment       0x0000000000000000       0x12 core/kheap.32
 .comment       0x0000000000000000       0x12 core/main.32
 .comment       0x0000000000000000       0x12 core/physmgr.32
 .group         0x0000000000000000        0xc core/pipe.32
 .comment       0x0000000000000000       0x12 core/pipe.32
 .group         0x0000000000000000        0xc core/terminal.32
 .comment       0x0000000000000000       0x12 core/terminal.32
 .comment       0x0000000000000000       0x12 core/tss.32
 .group         0x0000000000000000        0x8 core/unixfile.32
 .group         0x0000000000000000        0x8 core/unixfile.32
 .group         0x0000000000000000        0xc core/unixfile.32
 .group         0x0000000000000000        0x8 core/unixfile.32
 .group         0x0000000000000000        0xc core/unixfile.32
 .group         0x0000000000000000        0x8 core/unixfile.32
 .group         0x0000000000000000        0xc core/unixfile.32
 .group         0x0000000000000000        0xc core/unixfile.32
 .comment       0x0000000000000000       0x12 core/unixfile.32
 .comment       0x0000000000000000       0x12 core/virtmgr.32
 .comment       0x0000000000000000       0x12 coreobjs/c++.32
 .comment       0x0000000000000000       0x12 dbg/kconsole.32
 .group         0x0000000000000000        0xc fs/vfs.32
 .group         0x0000000000000000        0xc fs/vfs.32
 .group         0x0000000000000000        0xc fs/vfs.32
 .comment       0x0000000000000000       0x12 fs/vfs.32
 .group         0x0000000000000000        0xc hal/bus.32
 .comment       0x0000000000000000       0x12 hal/bus.32
 .group         0x0000000000000000        0xc hal/buzzer.32
 .comment       0x0000000000000000       0x12 hal/buzzer.32
 .group         0x0000000000000000        0xc hal/clock.32
 .comment       0x0000000000000000       0x12 hal/clock.32
 .group         0x0000000000000000       0x14 hal/device.32
 .group         0x0000000000000000        0xc hal/device.32
 .group         0x0000000000000000        0x8 hal/device.32
 .group         0x0000000000000000        0xc hal/device.32
 .group         0x0000000000000000        0xc hal/device.32
 .comment       0x0000000000000000       0x12 hal/device.32
 .group         0x0000000000000000        0xc hal/diskctrl.32
 .comment       0x0000000000000000       0x12 hal/diskctrl.32
 .group         0x0000000000000000        0xc hal/diskphys.32
 .comment       0x0000000000000000       0x12 hal/diskphys.32
 .group         0x0000000000000000        0xc hal/fpu.32
 .comment       0x0000000000000000       0x12 hal/fpu.32
 .group         0x0000000000000000        0xc hal/intctrl.32
 .comment       0x0000000000000000       0x12 hal/intctrl.32
 .group         0x0000000000000000        0xc hal/keybrd.32
 .comment       0x0000000000000000       0x12 hal/keybrd.32
 .group         0x0000000000000000        0xc hal/logidisk.32
 .comment       0x0000000000000000       0x12 hal/logidisk.32
 .group         0x0000000000000000        0xc hal/mouse.32
 .comment       0x0000000000000000       0x12 hal/mouse.32
 .comment       0x0000000000000000       0x12 hal/partition.32
 .group         0x0000000000000000        0xc hal/serial.32
[...]
Memory Configuration

Name             Origin             Length             Attributes
*default*        0x0000000000000000 0xffffffffffffffff

Linker script and memory map

LOAD D:/Users/Alex/Desktop/Banana/kernel/boot.32
LOAD crti.32
LOAD /cygdrive/d/Users/Alex/Desktop/Toolchain/Output/bin/../lib/gcc/i386-banana/8.1.0/crtbegin.o
LOAD D:/Users/Alex/Desktop/Banana/kernel/morenasm.32
LOAD acpica/utclib.32
LOAD core/malloc.32
LOAD libk/string.32
LOAD fs/fat/diskio.32
LOAD fs/fat/ff.32
LOAD fs/fat/ffsystem.32
LOAD fs/fat/ffunicode.32
LOAD compat/inlines.32
LOAD compat/resolve.32
LOAD core/computer.32
LOAD core/gdt.32
LOAD core/idle.32
LOAD core/idt.32
LOAD core/kheap.32
LOAD core/main.32
LOAD core/physmgr.32
LOAD core/pipe.32
LOAD core/terminal.32
LOAD core/tss.32
LOAD core/unixfile.32
LOAD core/virtmgr.32
LOAD coreobjs/c++.32
LOAD dbg/kconsole.32
LOAD fs/vfs.32
LOAD hal/bus.32
LOAD hal/buzzer.32
LOAD hal/clock.32
LOAD hal/device.32
LOAD hal/diskctrl.32
LOAD hal/diskphys.32
LOAD hal/fpu.32
LOAD hal/intctrl.32
LOAD hal/keybrd.32
LOAD hal/logidisk.32
LOAD hal/mouse.32
LOAD hal/partition.32
LOAD hal/serial.32
LOAD hal/timer.32
LOAD hal/vcache.32
LOAD hal/video.32
LOAD hw/acpi.32
LOAD hw/cpu.32
LOAD hw/ports.32
LOAD hw/smp.32
LOAD krnl/env.32
LOAD krnl/panic.32
LOAD net/ethernet.32
LOAD reg/registry.32
LOAD sys/sc_eject.32
LOAD sys/sc_exit.32
LOAD sys/sc_getcwd.32
LOAD sys/sc_getpid.32
LOAD sys/sc_getramdata.32
LOAD sys/sc_getvgaptr.32
LOAD sys/sc_loaddll.32
LOAD sys/sc_read.32
LOAD sys/sc_sbrk.32
LOAD sys/sc_setcwd.32
LOAD sys/sc_settime.32
LOAD sys/sc_timezone.32
LOAD sys/sc_write.32
LOAD sys/sc_wsbe.32
LOAD sys/sc_yield.32
LOAD sys/syscalls.32
LOAD thr/elf.32
LOAD thr/prcssthr.32
LOAD vm86/vm8086.32
LOAD vm86/x87em.32
LOAD fs/fat/vfslink.32
LOAD fs/iso9660/vfslink.32
LOAD hal/sound/sndcard.32
LOAD hal/sound/sndport.32
LOAD hw/bus/isa.32
LOAD hw/bus/pci.32
LOAD hw/diskctrl/ide.32
LOAD hw/diskctrl/satabus.32
LOAD hw/diskphys/ata.32
LOAD hw/diskphys/atapi.32
LOAD hw/diskphys/sata.32
LOAD hw/diskphys/satapi.32
LOAD hw/fpu/avx.32
LOAD hw/fpu/mmx.32
LOAD hw/fpu/sse.32
LOAD hw/fpu/x87.32
LOAD hw/intctrl/apic.32
LOAD hw/intctrl/pic.32
LOAD hw/timer/apictimer.32
LOAD hw/timer/pit.32
LOAD hw/fpu/x86/avx.32
LOAD hw/fpu/x86/sse.32
LOAD hw/fpu/x86/x87.32
LOAD /cygdrive/d/Users/Alex/Desktop/Toolchain/Output/bin/../lib/gcc/i386-banana/8.1.0/crtend.o
LOAD crtn.32
LOAD /cygdrive/d/Users/Alex/Desktop/Toolchain/Output/bin/../lib/gcc/i386-banana/8.1.0/libkgcc.a
LOAD D:/Users/Alex/Desktop/Banana/kernel/libsoftfp.a
LOAD D:/Users/Alex/Desktop/Banana/kernel/libk/libm32.a
                0x00000000c0000000                . = 0xc0000000

.text           0x00000000c0000000    0x225fe
 *(.text)
 .text          0x00000000c0000000       0x41 D:/Users/Alex/Desktop/Banana/kernel/boot.32
                0x00000000c0000020                callGlobalConstructors
 .text          0x00000000c0000041        0x0 crti.32
 *fill*         0x00000000c0000041        0x3 
 .text          0x00000000c0000044      0x101 /cygdrive/d/Users/Alex/Desktop/Toolchain/Output/bin/../lib/gcc/i386-banana/8.1.0/crtbegin.o
 *fill*         0x00000000c0000145        0xb 
 .text          0x00000000c0000150      0x430 D:/Users/Alex/Desktop/Banana/kernel/morenasm.32
                0x00000000c0000150                manualPCIProbe
                0x00000000c000019b                prepareTramp
                0x00000000c00001b4                doTPAUSE
                0x00000000c00001be                hasLegacyFPU
                0x00000000c00001e3                is486
                0x00000000c0000219                detectCPUID
                0x00000000c000022f                goToVM86
                0x00000000c000025f                goToUsermode
                0x00000000c0000289                switchToThreadASMFirstTime
                0x00000000c0000297                switchToThreadASM
                0x00000000c0000327                asmQuickAcquireLock
                0x00000000c0000345                asmQuickReleaseLock
                0x00000000c0000351                asmAcquireLock
                0x00000000c0000372                asmReleaseLock
                0x00000000c0000385                loadGDT
                0x00000000c00003a5                isr0
                0x00000000c00003b5                isr1
                0x00000000c00003bf                isr2
                0x00000000c00003c9                isr3
                0x00000000c00003d3                isr4
                0x00000000c00003dd                isr5
                0x00000000c00003e7                isr6
                0x00000000c00003f1                isr7
                0x00000000c00003fb                isr8
                0x00000000c0000403                isr9
                0x00000000c000040d                isr10
                0x00000000c0000415                isr11
                0x00000000c000041d                isr12
                0x00000000c0000425                isr13
                0x00000000c000042d                isr14
                0x00000000c0000435                isr15
                0x00000000c000043f                isr16
                0x00000000c0000449                isr17
                0x00000000c0000453                isr18
                0x00000000c000045d                irq3
                0x00000000c0000467                irq4
                0x00000000c0000471                irq5
                0x00000000c000047b                irq6
                0x00000000c0000485                irq7
                0x00000000c000048f                irq8
                0x00000000c0000499                irq9
                0x00000000c00004a3                irq10
                0x00000000c00004ad                irq11
                0x00000000c00004b7                irq12
                0x00000000c00004c1                irq13
                0x00000000c00004cb                irq14
                0x00000000c00004d5                irq15
                0x00000000c00004df                irq1
                0x00000000c00004e6                irq2
                0x00000000c00004ed                isr96
                0x00000000c00004f4                irq0
                0x00000000c00004f9                int_common_stub
                0x00000000c00004f9                syscall_common_stub
                0x00000000c000052b                irq16
                0x00000000c0000535                irq17
                0x00000000c000053f                irq18
                0x00000000c0000549                irq19
                0x00000000c0000553                irq20
                0x00000000c000055d                irq21
                0x00000000c0000567                irq22
                0x00000000c0000571                irq23
                0x00000000c000057b                memcpy
 .text          0x00000000c0000580      0x5dd acpica/utclib.32
                0x00000000c0000580                memcmp
                0x00000000c00005bc                memmove
                0x00000000c0000684                memset
                0x00000000c00006a0                strlen
                0x00000000c00006b8                strpbrk
                0x00000000c00006f4                strtok
                0x00000000c0000740                strcpy
                0x00000000c0000764                strncpy
                0x00000000c00007cc                strcmp
                0x00000000c000080c                strchr
                0x00000000c0000830                strncmp
                0x00000000c0000880                strcat
                0x00000000c00008b0                strncat
                0x00000000c00008ec                strstr
                0x00000000c0000934                toupper
                0x00000000c0000948                tolower
                0x00000000c000095c                simple_strtoul
 .text          0x00000000c0000b5d      0xfad core/malloc.32
                0x00000000c0000cc8                dlfree
                0x00000000c0001023                dlmalloc
                0x00000000c0001560                dlrealloc
                0x00000000c0001703                dlmemalign
                0x00000000c0001826                dlcalloc
                0x00000000c00018c0                dlcfree
                0x00000000c00018c5                dlindependent_calloc
                0x00000000c00018ea                dlindependent_comalloc
                0x00000000c0001901                dlvalloc
                0x00000000c000192c                dlpvalloc
                0x00000000c0001962                dlmalloc_trim
                0x00000000c000196f                dlmalloc_usable_size
                0x00000000c00019a0                dlmallinfo
                0x00000000c0001a6f                dlmalloc_stats
                0x00000000c0001a80                dlmallopt
 .text          0x00000000c0001b0a        0x0 libk/string.32
 .text          0x00000000c0001b0a       0x51 fs/fat/diskio.32
                0x00000000c0001b0a                disk_status
                0x00000000c0001b0d                disk_initialize
                0x00000000c0001b10                disk_read
                0x00000000c0001b26                disk_write
                0x00000000c0001b3c                disk_ioctl
 .text          0x00000000c0001b5b     0x6a69 fs/fat/ff.32
                0x00000000c0004e29                f_mount
                0x00000000c0004e8b                f_open
                0x00000000c00052c7                f_read
                0x00000000c0005547                f_write
                0x00000000c0005801                f_sync
                0x00000000c00059dd                f_close
                0x00000000c0005a0c                f_lseek
                0x00000000c0005ec3                f_opendir
                0x00000000c0005fc5                f_closedir
                0x00000000c0005fe7                f_readdir
                0x00000000c0006082                f_stat
                0x00000000c0006111                f_getfree
                0x00000000c00062dc                f_truncate
                0x00000000c00063d4                f_unlink
                0x00000000c0006557                f_mkdir
                0x00000000c0006783                f_rename
                0x00000000c0006a76                f_chmod
                0x00000000c0006b54                f_utime
                0x00000000c0006c32                f_getlabel
                0x00000000c0006e20                f_setlabel
                0x00000000c000708d                f_expand
                0x00000000c00072c3                f_forward
                0x00000000c00074a1                f_mkfs
 .text          0x00000000c00085c4       0x2f fs/fat/ffsystem.32
                0x00000000c00085c4                ff_memalloc
                0x00000000c00085dc                ff_memfree
 *fill*         0x00000000c00085f3        0x1 
 .text          0x00000000c00085f4      0x274 fs/fat/ffunicode.32
                0x00000000c00085f4                ff_uni2oem
                0x00000000c000868c                ff_oem2uni
                0x00000000c0008700                ff_wtoupper
 .text          0x00000000c0008868       0xa7 compat/inlines.32
                0x00000000c0008868                CPU::current()
                0x00000000c0008874                operator new(unsigned long)
                0x00000000c0008879                operator delete(void*)
                0x00000000c000887e                disableIRQs()
                0x00000000c0008886                enableIRQs()
                0x00000000c0008895                lockScheduler()
                0x00000000c000889d                unlockScheduler()
                0x00000000c00088ac                lockStuff()
                0x00000000c00088ba                unlockStuff()
                0x00000000c00088f4                Virt::getAKernelVAS()
                0x00000000c00088fa                __not_memcpy
 *fill*         0x00000000c000890f        0x1 
 .text          0x00000000c0008910      0x118 compat/resolve.32
                0x00000000c0008910                Krnl::resolveCompatibilitySymbol(char*)
 .text          0x00000000c0008a28      0x7f7 core/computer.32
                0x00000000c0008a28                Computer::close(int, int, void*)
                0x00000000c0008a6c                Krnl::firstTask()
                0x00000000c0008bba                Computer::Computer()
                0x00000000c0008bba                Computer::Computer()
                0x00000000c0008d16                Computer::setBootMessage(char const*)
                0x00000000c0008d18                Computer::detectFeatures()
                0x00000000c0008f22                Computer::displayFeatures()
                0x00000000c0008f24                Computer::rdmsr(unsigned int)
                0x00000000c0008f50                Computer::wrmsr(unsigned int, unsigned long long)
                0x00000000c0008f88                Computer::nmiEnabled()
                0x00000000c0008f94                Computer::readCMOS(unsigned char)
                0x00000000c0008fae                Computer::enableNMI(bool)
                0x00000000c0008fc6                Computer::open(int, int, void*)
                0x00000000c0009162                Computer::disableNMI()
                0x00000000c0009170                Computer::writeCMOS(unsigned char, unsigned char)
                0x00000000c000918e                Computer::handleNMI()
                0x00000000c00091f4                Computer::setDiskActivityLight(int, bool)
 *fill*         0x00000000c000921f        0x1 
 .text          0x00000000c0009220      0x19d core/gdt.32
                0x00000000c0009220                GDTEntry::setBase(unsigned int)
                0x00000000c000923c                GDTEntry::setLimit(unsigned int)
                0x00000000c000925a                GDT::GDT()
                0x00000000c000925a                GDT::GDT()
                0x00000000c0009270                GDT::addEntry(GDTEntry)
                0x00000000c0009292                GDT::getNumberOfEntries()
                0x00000000c000929a                GDT::flush()
                0x00000000c00092bc                GDT::setup()
 .text          0x00000000c00093bd       0x6b core/idle.32
                0x00000000c00093bd                idleFunction(void*)
 .text          0x00000000c0009428      0x464 core/idt.32
                0x00000000c0009428                IDTEntry::IDTEntry(bool)
                0x00000000c0009428                IDTEntry::IDTEntry(bool)
                0x00000000c000949a                IDTEntry::setOffset(unsigned int)
                0x00000000c00094b0                IDT::IDT()
                0x00000000c00094b0                IDT::IDT()
                0x00000000c00094b2                IDT::getPointerToInvalidOpcodeEntryForF00F()
                0x00000000c00094ba                IDT::addEntry(IDTEntry, int)
                0x00000000c00094d4                IDT::addEntry(int, void (*)(), bool)
                0x00000000c000950c                IDT::flush()
                0x00000000c0009526                IDT::setup()
 .text          0x00000000c000988c      0x191 core/kheap.32
                0x00000000c000988c                sbrk
                0x00000000c000992f                mmap
                0x00000000c0009945                munmap
                0x00000000c000995b                liballoc_lock()
                0x00000000c0009968                liballoc_unlock()
                0x00000000c000997c                liballoc_alloc(int)
                0x00000000c0009994                liballoc_free(void*, int)
                0x00000000c00099af                realloc
                0x00000000c00099c3                malloc
                0x00000000c00099d3                free
                0x00000000c00099e3                rfree
                0x00000000c00099f3                calloc
 .text          0x00000000c0009a1d      0x437 core/main.32
                0x00000000c0009a1d                Krnl::setBootMessage(char const*)
                0x00000000c0009a89                kernel_main
 .text          0x00000000c0009e54      0x673 core/physmgr.32
                0x00000000c0009e54                Phys::allocateDMA(unsigned long)
                0x00000000c0009f63                Phys::freeDMA(unsigned long, unsigned long)
                0x00000000c0009fa9                Phys::setPageState(unsigned long, bool)
                0x00000000c0009fdb                Phys::getPageState(unsigned long)
                0x00000000c0009ff7                Phys::freePage(unsigned long)
                0x00000000c000a07a                Phys::allocatePage()
                0x00000000c000a165                Phys::allocateContiguousPages(int)
                0x00000000c000a1c1                Phys::allowSegmentToBeUsed(unsigned long, unsigned long)
                0x00000000c000a1f9                Phys::physicalMemorySetup(unsigned int)
 *fill*         0x00000000c000a4c7        0x1 
 .text          0x00000000c000a4c8      0x273 core/pipe.32
                0x00000000c000a4c8                Pipe::isAtty()
                0x00000000c000a4cc                Pipe::~Pipe()
                0x00000000c000a4cc                Pipe::~Pipe()
                0x00000000c000a4f0                Pipe::~Pipe()
                0x00000000c000a518                Pipe::read(unsigned long long, void*, int*)
                0x00000000c000a614                Pipe::write(unsigned long long, void*, int*)
                0x00000000c000a6d4                Pipe::Pipe(int)
                0x00000000c000a6d4                Pipe::Pipe(int)
 *fill*         0x00000000c000a73b        0x1 
 .text          0x00000000c000a73c      0xb93 core/terminal.32
                0x00000000c000a73c                VgaText::isAtty()
                0x00000000c000a740                VgaText::~VgaText()
                0x00000000c000a740                VgaText::~VgaText()
                0x00000000c000a764                VgaText::~VgaText()
                0x00000000c000a78e                VgaText::read(unsigned long long, void*, int*)
                0x00000000c000a7ae                setTerminalScrollLock(bool)
                0x00000000c000a7af                addToTerminalCycle(VgaText*)
                0x00000000c000a7d0                installVgaTextImplementation()
                0x00000000c000a7e5                scrollTerminalScrollLock(int)
                0x00000000c000a7e6                VgaText::updateTitle()
                0x00000000c000a824                VgaText::load()
                0x00000000c000a872                VgaText::updateCursor()
                0x00000000c000a888                VgaText::doANSI_SGR(int)
                0x00000000c000a8fc                VgaText::setDefaultBgColour(VgaColour)
                0x00000000c000a90c                VgaText::setDefaultFgColour(VgaColour)
                0x00000000c000a91c                VgaText::setDefaultColours(VgaColour, VgaColour)
                0x00000000c000a93c                VgaText::setTitleTextColour(VgaColour)
                0x00000000c000a94c                VgaText::setTitleColour(VgaColour)
                0x00000000c000a95c                VgaText::setTitle(char*)
                0x00000000c000a982                VgaText::combineColours(unsigned char, unsigned char)
                0x00000000c000a994                VgaText::scrollScreen()
                0x00000000c000aa28                VgaText::combineCharAndColour(char, unsigned char)
                0x00000000c000aa3a                VgaText::writeCharacter(char, VgaColour, VgaColour, int, int)
                0x00000000c000aa96                VgaText::getCursorX()
                0x00000000c000aa9e                VgaText::getCursorY()
                0x00000000c000aaa6                VgaText::setCursor(int, int)
                0x00000000c000aabd                setActiveTerminal(VgaText*)
                0x00000000c000ab1f                doTerminalCycle()
                0x00000000c000ab3a                VgaText::setCursorX(int)
                0x00000000c000ab52                VgaText::setCursorY(int)
                0x00000000c000ab6a                VgaText::incrementCursor(bool)
                0x00000000c000abbe                VgaText::decrementCursor(bool)
                0x00000000c000abe0                VgaText::putchar(char, VgaColour, VgaColour)
                0x00000000c000acb8                VgaText::doUpdate()
                0x00000000c000acc6                VgaText::puts(char const*, VgaColour, VgaColour)
                0x00000000c000ae3e                VgaText::clearScreen()
                0x00000000c000ae98                VgaText::putchar(char)
                0x00000000c000af84                VgaText::putx(unsigned int)
                0x00000000c000afca                VgaText::puts(char const*)
                0x00000000c000aff0                VgaText::VgaText(char const*)
                0x00000000c000aff0                VgaText::VgaText(char const*)
                0x00000000c000b16e                VgaText::receiveKey(unsigned char)
                0x00000000c000b256                VgaText::write(unsigned long long, void*, int*)
                0x00000000c000b2aa                newTerminal(char*)
 *fill*         0x00000000c000b2cf        0x1 
 .text          0x00000000c000b2d0      0x1a1 core/tss.32
                0x00000000c000b2d0                TSS::TSS()
                0x00000000c000b2d0                TSS::TSS()
                0x00000000c000b2e0                TSS::setESP(unsigned long)
                0x00000000c000b2f4                TSS::flush()
                0x00000000c000b314                TSS::setup(unsigned long, unsigned long)
 *fill*         0x00000000c000b471        0x1 
 .text          0x00000000c000b472      0x4c2 core/unixfile.32
                0x00000000c000b472                ReservedFilename::read(unsigned long long, void*, int*)
                0x00000000c000b4c8                ReservedFilename::isAtty()
                0x00000000c000b4e4                ReservedFilename::write(unsigned long long, void*, int*)
                0x00000000c000b542                UnixFile::getFileDescriptor()
                0x00000000c000b54a                UnixFile::UnixFile(int)
                0x00000000c000b54a                UnixFile::UnixFile(int)
                0x00000000c000b6fa                ReservedFilename::ReservedFilename(int)
                0x00000000c000b6fa                ReservedFilename::ReservedFilename(int)
                0x00000000c000b72c                UnixFile::~UnixFile()
                0x00000000c000b72c                UnixFile::~UnixFile()
                0x00000000c000b7c4                UnixFile::~UnixFile()
                0x00000000c000b7ec                ReservedFilename::~ReservedFilename()
                0x00000000c000b7ec                ReservedFilename::~ReservedFilename()
                0x00000000c000b810                ReservedFilename::~ReservedFilename()
                0x00000000c000b837                getFromFileDescriptor(int)
 .text          0x00000000c000b934     0x1218 core/virtmgr.32
                0x00000000c000b934                Virt::setPageState(unsigned long, Virt::VirtPageState)
                0x00000000c000b969                Virt::getPageState(unsigned long)
                0x00000000c000b98d                Virt::allocateKernelVirtualPages(int)
                0x00000000c000ba9e                Virt::freeSwapfilePage(unsigned long)
                0x00000000c000babc                Virt::swapIDToSector(unsigned long)
                0x00000000c000bace                Virt::allocateSwapfilePage()
                0x00000000c000bb4c                Virt::virtualMemorySetup()
                0x00000000c000bb97                Virt::setupPageSwapping(int)
                0x00000000c000bc08                VAS::VAS()
                0x00000000c000bc08                VAS::VAS()
                0x00000000c000bc44                VAS::VAS(VAS*)
                0x00000000c000bc44                VAS::VAS(VAS*)
                0x00000000c000bc72                VAS::getForeignPageTableEntry(bool, unsigned long)
                0x00000000c000bc9e                VAS::getPageTableEntry(unsigned long)
                0x00000000c000bcbd                Virt::freeKernelVirtualPages(unsigned long)
                0x00000000c000bde0                VAS::freeAllocatedPages(unsigned long)
                0x00000000c000be04                VAS::virtualToPhysical(unsigned long)
                0x00000000c000be1c                VAS::reflagRange(unsigned long, int, int, int)
                0x00000000c000be5c                VAS::setToWriteCombining(unsigned long, int)
                0x00000000c000be8e                VAS::mapOtherVASIn(bool, VAS*)
                0x00000000c000beb8                VAS::~VAS()
                0x00000000c000beb8                VAS::~VAS()
                0x00000000c000c034                VAS::mapPage(unsigned long, unsigned long, int)
                0x00000000c000c136                VAS::allocatePages(int, int)
                0x00000000c000c30e                VAS::setCPUSpecific(unsigned long)
                0x00000000c000c32a                VAS::mapRange(unsigned long, unsigned long, int, int)
                0x00000000c000c3f0                VAS::mapForeignPage(bool, VAS*, unsigned long, unsigned long, int)
                0x00000000c000c4de                VAS::VAS(bool)
                0x00000000c000c4de                VAS::VAS(bool)
                0x00000000c000c75e                VAS::evict(unsigned long)
                0x00000000c000c82e                VAS::tryLoadBackOffDisk(unsigned long)
                0x00000000c000c942                VAS::scanForEviction()
                0x00000000c000ca20                mapVASFirstTime
 .text          0x00000000c000cb4c       0x95 coreobjs/c++.32
                0x00000000c000cb4c                __cxa_atexit
                0x00000000c000cb4f                __cxa_finalize
                0x00000000c000cb50                __stack_chk_fail
                0x00000000c000cbbc                __cxa_pure_virtual
                0x00000000c000cbcd                operator new[](unsigned long)
                0x00000000c000cbd2                operator delete(void*, unsigned long)
                0x00000000c000cbd7                operator delete[](void*)
                0x00000000c000cbdc                operator delete[](void*, unsigned long)
 .text          0x00000000c000cbe1      0x1fc dbg/kconsole.32
                0x00000000c000cbe1                Dbg::stringifyxWithBase(unsigned int, char*, int)
                0x00000000c000cc3a                Dbg::logc(char)
                0x00000000c000cc5a                Dbg::logs(char*)
                0x00000000c000cc77                Dbg::logWriteInt(unsigned int)
                0x00000000c000cc94                Dbg::logWriteIntBase(unsigned int, int)
                0x00000000c000ccb3                Dbg::kprintf(char const*, ...)
 *fill*         0x00000000c000cddd        0x1 
 .text          0x00000000c000cdde      0xbc0 fs/vfs.32
                0x00000000c000cdde                File::read(unsigned long long, void*, int*)
                0x00000000c000ce36                File::write(unsigned long long, void*, int*)
                0x00000000c000ce8e                Directory::read(unsigned long long, void*, int*)
                0x00000000c000cee6                Directory::write(unsigned long long, void*, int*)
                0x00000000c000cf14                File::isAtty()
                0x00000000c000cf18                Directory::isAtty()
                0x00000000c000cf1c                Filesystem::getlabel(LogicalDisk*, int, char*, unsigned int*)
                0x00000000c000cf22                Filesystem::setlabel(LogicalDisk*, int, char*)
                0x00000000c000cf28                Filesystem::allocateSwapfile(char const*, int)
                0x00000000c000cf2e                File::~File()
                0x00000000c000cf2e                File::~File()
                0x00000000c000cf52                File::~File()
                0x00000000c000cf7c                Directory::~Directory()
                0x00000000c000cf7c                Directory::~Directory()
                0x00000000c000cfa0                Directory::~Directory()
                0x00000000c000cfca                Filesystem::Filesystem()
                0x00000000c000cfca                Filesystem::Filesystem()
                0x00000000c000cfee                Filesystem::~Filesystem()
                0x00000000c000cfee                Filesystem::~Filesystem()
                0x00000000c000cffc                Filesystem::~Filesystem()
                0x00000000c000d020                Fs::getcwd(Process*, char*, int)
                0x00000000c000d04a                Fs::initVFS()
                0x00000000c000d074                Fs::standardiseFiles(char*, char const*, char const*)
                0x00000000c000d21e                File::File(char const*, Process*)
                0x00000000c000d21e                File::File(char const*, Process*)
                0x00000000c000d2c0                File::open(FileOpenMode)
                0x00000000c000d31e                File::close()
                0x00000000c000d37e                File::seek(unsigned long long)
                0x00000000c000d3d4                File::tell(unsigned long long*)
                0x00000000c000d424                File::rewind()
                0x00000000c000d438                File::unlink()
                0x00000000c000d484                File::rename(char const*)
                0x00000000c000d4d2                File::chfatattr(unsigned char, unsigned char)
                0x00000000c000d52e                File::exists()
                0x00000000c000d56c                File::stat(unsigned long long*, bool*)
                0x00000000c000d5cd                Fs::setcwd(Process*, char*)
                0x00000000c000d708                Directory::Directory(char const*, Process*)
                0x00000000c000d708                Directory::Directory(char const*, Process*)
                0x00000000c000d76c                Directory::open()
                0x00000000c000d7c8                Directory::close()
                0x00000000c000d828                Directory::unlink()
                0x00000000c000d874                Directory::rename(char const*)
                0x00000000c000d8c2                Directory::exists()
                0x00000000c000d900                Directory::read(dirent*)
                0x00000000c000d94c                Directory::create()
                0x00000000c000d998                Filesystem::chfatattr(char const*, unsigned char, unsigned char)
 *fill*         0x00000000c000d99e        0x2 
 .text          0x00000000c000d9a0       0x86 hal/bus.32
                0x00000000c000d9a0                Bus::Bus(char const*)
                0x00000000c000d9a0                Bus::Bus(char const*)
                0x00000000c000d9d8                Bus::~Bus()
                0x00000000c000d9d8                Bus::~Bus()
                0x00000000c000d9fc                Bus::~Bus()
 *fill*         0x00000000c000da26        0x2 
 .text          0x00000000c000da28      0x153 hal/buzzer.32
                0x00000000c000da28                Buzzer::Buzzer(char const*)
                0x00000000c000da28                Buzzer::Buzzer(char const*)
                0x00000000c000da6c                Buzzer::~Buzzer()
                0x00000000c000da6c                Buzzer::~Buzzer()
                0x00000000c000da90                Buzzer::~Buzzer()
                0x00000000c000daba                Buzzer::stop()
                0x00000000c000dacd                beepThread(void*)
                0x00000000c000db0e                Buzzer::beep(int, int, bool)
 *fill*         0x00000000c000db7b        0x1 
 .text          0x00000000c000db7c      0x467 hal/clock.32
                0x00000000c000db7c                User::loadClockSettings(int)
                0x00000000c000dbce                Clock::Clock(char const*)
                0x00000000c000dbce                Clock::Clock(char const*)
                0x00000000c000dc04                Clock::~Clock()
                0x00000000c000dc04                Clock::~Clock()
                0x00000000c000dc28                Clock::~Clock()
                0x00000000c000dc52                Clock::timeInSecondsLocal()
                0x00000000c000dc9a                Clock::setTimeInSecondsLocal(unsigned long long)
                0x00000000c000dcf3                datetimeToSeconds(datetime_t)
                0x00000000c000de1a                Clock::setTimeInDatetimeLocal(datetime_t)
                0x00000000c000de7a                secondsToDatetime(unsigned long long)
                0x00000000c000dfbe                Clock::timeInDatetimeLocal()
 *fill*         0x00000000c000dfe3        0x1 
 .text          0x00000000c000dfe4      0x504 hal/device.32
                0x00000000c000dfe4                Device::hibernate()
                0x00000000c000dfe6                Device::wake()
                0x00000000c000dfe8                Device::detect()
                0x00000000c000dfea                Device::disableLegacy()
                0x00000000c000dfec                Device::powerSaving(PowerSavingLevel)
                0x00000000c000dfee                DriverlessDevice::close(int, int, void*)
                0x00000000c000dff2                DriverlessDevice::detect()
                0x00000000c000dff4                DriverlessDevice::open(int, int, void*)
                0x00000000c000e008                Device::~Device()
                0x00000000c000e008                Device::~Device()
                0x00000000c000e016                Device::~Device()
                0x00000000c000e03e                Device::findAndLoadDriver()
                0x00000000c000e04c                Device::preOpenPCI(PCIDeviceInfo)
                0x00000000c000e072                Device::preOpenACPI(void*, char*, char*)
                0x00000000c000e0b2                Device::addIRQHandler(int, void (*)(regs*, void*), bool, void*)
                0x00000000c000e0f0                Device::getParent()
                0x00000000c000e0fc                Device::removeIRQHandler(int, void (*)(regs*, void*), bool)
                0x00000000c000e13a                Device::addChild(Device*)
                0x00000000c000e17e                Device::removeAllChildren()
                0x00000000c000e1c4                Device::hibernateAll()
                0x00000000c000e1f4                Device::wakeAll()
                0x00000000c000e224                Device::detectAll()
                0x00000000c000e254                Device::disableLegacyAll()
                0x00000000c000e284                Device::loadDriversForAll()
                0x00000000c000e2c4                Device::closeAll()
                0x00000000c000e2fa                Device::powerSavingAll(PowerSavingLevel)
                0x00000000c000e330                Device::setName(char const*)
                0x00000000c000e33e                Device::Device(char const*)
                0x00000000c000e33e                Device::Device(char const*)
                0x00000000c000e43a                Device::getName()
                0x00000000c000e444                DriverlessDevice::DriverlessDevice(char const*)
                0x00000000c000e444                DriverlessDevice::DriverlessDevice(char const*)
                0x00000000c000e47a                Device::addToLinkedList(LinkedList<Device>&, DeviceType)
                0x00000000c000e4be                getDevicesOfType(DeviceType)
 .text          0x00000000c000e4e8       0x86 hal/diskctrl.32
                0x00000000c000e4e8                HardDiskController::HardDiskController(char const*)
                0x00000000c000e4e8                HardDiskController::HardDiskController(char const*)
                0x00000000c000e520                HardDiskController::~HardDiskController()
                0x00000000c000e520                HardDiskController::~HardDiskController()
                0x00000000c000e544                HardDiskController::~HardDiskController()
 .text          0x00000000c000e56e       0xe2 hal/diskphys.32
                0x00000000c000e56e                PhysicalDisk::eject()
                0x00000000c000e572                PhysicalDisk::PhysicalDisk(char const*, int)
                0x00000000c000e572                PhysicalDisk::PhysicalDisk(char const*, int)
                0x00000000c000e5da                PhysicalDisk::startCache()
                0x00000000c000e602                PhysicalDisk::~PhysicalDisk()
                0x00000000c000e602                PhysicalDisk::~PhysicalDisk()
                0x00000000c000e626                PhysicalDisk::~PhysicalDisk()
 .text          0x00000000c000e650      0x147 hal/fpu.32
                0x00000000c000e650                FPU::FPU(char const*)
                0x00000000c000e650                FPU::FPU(char const*)
                0x00000000c000e688                FPU::~FPU()
                0x00000000c000e688                FPU::~FPU()
                0x00000000c000e6ac                FPU::~FPU()
                0x00000000c000e6d6                setupFPU()
 *fill*         0x00000000c000e797        0x1 
 .text          0x00000000c000e798     0x11e1 hal/intctrl.32
                0x00000000c000e798                InterruptController::uninstallISRHandler(int, void (*)(regs*, void*))
                0x00000000c000e7d0                InterruptController::installISRHandler(int, void (*)(regs*, void*), void*)
                0x00000000c000e822                doubleFault(regs*, void*)
                0x00000000c000e83c                InterruptController::installIRQHandler(int, void (*)(regs*, void*), bool, void*)
                0x00000000c000e8d8                InterruptController::clearAllHandlers(int, bool)
                0x00000000c000e980                InterruptController::uninstallIRQHandler(int, void (*)(regs*, void*), bool)
                0x00000000c000ea07                nmiHandler(regs*, void*)
                0x00000000c000ea15                int_handler
                0x00000000c000eab6                InterruptController::InterruptController(char const*)
                0x00000000c000eab6                InterruptController::InterruptController(char const*)
                0x00000000c000eb5c                InterruptController::~InterruptController()
                0x00000000c000eb5c                InterruptController::~InterruptController()
                0x00000000c000eb80                InterruptController::~InterruptController()
                0x00000000c000ebaa                displayDebugInfo(regs*)
                0x00000000c000f039                x87EmulHandler(regs*, void*)
                0x00000000c000f0ac                gpFault(regs*, void*)
                0x00000000c000f0e5                pgFault(regs*, void*)
                0x00000000c000f134                otherISRHandler(regs*, void*)
                0x00000000c000f153                opcodeFault(regs*, void*)
                0x00000000c000f516                displayProgramFault(char const*)
                0x00000000c000f53e                setupInterruptController()
                0x00000000c000f92c                InterruptController::convertLegacyIRQNumber(int)
 *fill*         0x00000000c000f979        0x1 
 .text          0x00000000c000f97a      0x784 hal/keybrd.32
                0x00000000c000f97a                startGUI(void*)
                0x00000000c000f9e6                startGUIVESA(void*)
                0x00000000c000fa52                sendKeyToTerminal(unsigned char)
                0x00000000c000fb10                sendKeyboardToken(KeyboardToken)
                0x00000000c000ff4d                clearInternalKeybuffer(VgaText*)
                0x00000000c000ff82                readKeyboard(VgaText*, char*, unsigned long)
                0x00000000c0010074                Keyboard::Keyboard(char const*)
                0x00000000c0010074                Keyboard::Keyboard(char const*)
                0x00000000c00100b0                Keyboard::~Keyboard()
                0x00000000c00100b0                Keyboard::~Keyboard()
                0x00000000c00100d4                Keyboard::~Keyboard()
 .text          0x00000000c00100fe      0x3ea hal/logidisk.32
                0x00000000c00100fe                LogicalDisk::close(int, int, void*)
                0x00000000c0010102                LogicalDisk::~LogicalDisk()
                0x00000000c0010102                LogicalDisk::~LogicalDisk()
                0x00000000c0010126                LogicalDisk::~LogicalDisk()
                0x00000000c0010150                LogicalDisk::open(int, int, void*)
                0x00000000c0010164                LogicalDisk::absoluteToRelative(unsigned long long)
                0x00000000c001019c                LogicalDisk::relativeToAbsolute(unsigned long long)
                0x00000000c00101e2                LogicalDisk::LogicalDisk(char const*, PhysicalDisk*, unsigned long long, unsigned long long)
                0x00000000c00101e2                LogicalDisk::LogicalDisk(char const*, PhysicalDisk*, unsigned long long, unsigned long long)
                0x00000000c0010298                LogicalDisk::assignDriveLetter()
                0x00000000c001034e                LogicalDisk::mount()
                0x00000000c0010396                LogicalDisk::unmount()
                0x00000000c00103a6                LogicalDisk::eject()
                0x00000000c00103ba                LogicalDisk::unassignDriveLetter()
                0x00000000c0010410                LogicalDisk::read(unsigned long long, int, void*)
                0x00000000c001047c                LogicalDisk::write(unsigned long long, int, void*)
 .text          0x00000000c00104e8       0x86 hal/mouse.32
                0x00000000c00104e8                Mouse::Mouse(char const*)
                0x00000000c00104e8                Mouse::Mouse(char const*)
                0x00000000c0010520                Mouse::~Mouse()
                0x00000000c0010520                Mouse::~Mouse()
                0x00000000c0010544                Mouse::~Mouse()
 .text          0x00000000c001056e      0x339 hal/partition.32
                0x00000000c001056e                makePartition(PhysicalDisk*, unsigned long long, unsigned long long)
                0x00000000c0010616                createPartitionsForDisk(PhysicalDisk*)
 *fill*         0x00000000c00108a7        0x1 
 .text          0x00000000c00108a8       0x86 hal/serial.32
                0x00000000c00108a8                Serial::Serial(char const*)
                0x00000000c00108a8                Serial::Serial(char const*)
                0x00000000c00108e0                Serial::~Serial()
                0x00000000c00108e0                Serial::~Serial()
                0x00000000c0010904                Serial::~Serial()
 *fill*         0x00000000c001092e        0x2 
 .text          0x00000000c0010930      0x2f2 hal/timer.32
                0x00000000c0010930                Timer::Timer(char const*)
                0x00000000c0010930                Timer::Timer(char const*)
                0x00000000c0010968                Timer::~Timer()
                0x00000000c0010968                Timer::~Timer()
                0x00000000c001098c                Timer::~Timer()
                0x00000000c00109b6                Timer::read()
                0x00000000c00109c1                timerHandler(unsigned int)
                0x00000000c0010b28                setupTimer(int)
 *fill*         0x00000000c0010c22        0x2 
 .text          0x00000000c0010c24      0x42e hal/vcache.32
                0x00000000c0010c24                VCache::VCache(PhysicalDisk*)
                0x00000000c0010c24                VCache::VCache(PhysicalDisk*)
                0x00000000c0010d8c                VCache::invalidateReadBuffer()
                0x00000000c0010d9c                VCache::writeWriteBuffer()
                0x00000000c0010dd8                VCache::~VCache()
                0x00000000c0010dd8                VCache::~VCache()
                0x00000000c0010e2c                VCache::~VCache()
                0x00000000c0010e54                VCache::write(unsigned long long, int, void*)
                0x00000000c0010f4e                VCache::read(unsigned long long, int, void*)
 .text          0x00000000c0011052      0x4b3 hal/video.32
                0x00000000c0011052                Video::putrect(int, int, int, int, unsigned int)
                0x00000000c001109e                Video::bitblit(int, int, int, int, int, int, int, unsigned int*)
                0x00000000c001110e                Video::blit(unsigned int*, int, int, int, int)
                0x00000000c001118c                Video::clearScreen(unsigned int)
                0x00000000c00111c0                Video::putpixel(int, int, unsigned int)
                0x00000000c00111ce                Video::Video(char const*)
                0x00000000c00111ce                Video::Video(char const*)
                0x00000000c0011204                Video::~Video()
                0x00000000c0011204                Video::~Video()
                0x00000000c0011228                Video::~Video()
                0x00000000c0011252                Video::isMonochrome()
                0x00000000c001125e                Video::getWidth()
                0x00000000c001126a                Video::getHeight()
                0x00000000c0011276                Video::drawCursor(int, int, unsigned char*, int)
                0x00000000c0011332                Video::tgaParse(unsigned char*, int, int*, int*)
                0x00000000c001149a                Video::putTGA(int, int, unsigned char*, int)
 *fill*         0x00000000c0011505        0x3 
 .text          0x00000000c0011508     0x16e7 hw/acpi.32
                0x00000000c0011508                ACPI::close(int, int, void*)
                0x00000000c00115bc                findRSDP()
                0x00000000c0011690                loadACPITables(unsigned char*)
                0x00000000c00118f4                findRSDT(unsigned char*)
                0x00000000c0011ab4                findDataTable(unsigned char*, char*)
                0x00000000c0011b2c                scanMADT()
                0x00000000c0012008                ACPI::ACPI()
                0x00000000c0012008                ACPI::ACPI()
                0x00000000c001206c                ACPI::getPCIIRQAssignment(unsigned char, unsigned short, unsigned char)
                0x00000000c0012154                ACPI::registerPCIIRQAssignment(void*, unsigned short, unsigned char, unsigned char)
                0x00000000c001221c                ACPI::setScreenBrightnessLevel(void*, int)
                0x00000000c0012224                ACPI::detectPCI()
                0x00000000c0012708                ACPI::writeSimpleBootFlag(SimpleBootFlagTable*)
                0x00000000c0012750                ACPI::sleep()
                0x00000000c001276c                ACPI::open(int, int, void*)
 *fill*         0x00000000c0012bef        0x1 
 .text          0x00000000c0012bf0     0x1583 hw/cpu.32
                0x00000000c0012bf0                CPU::close(int, int, void*)
                0x00000000c0012bf4                CPU::lookupAMDName(unsigned char, unsigned char)
                0x00000000c0012d88                CPU::lookupIntelName(unsigned char, unsigned char)
                0x00000000c0013036                CPU::AMD_K6_write_msr(unsigned int, unsigned int, unsigned int, CPU::REGS*)
                0x00000000c0013052                CPU::AMD_K6_read_msr(unsigned int, CPU::REGS*)
                0x00000000c001306a                CPU::AMD_K6_writeback(int, int, int)
                0x00000000c00130de                CPU::cpuid(int, unsigned long*, unsigned long*, unsigned long*, unsigned long*)
                0x00000000c0013162                CPU::cpuidCheckEDX(unsigned int)
                0x00000000c0013190                CPU::cpuidCheckECX(unsigned int)
                0x00000000c00131be                CPU::cpuidCheckExtendedEBX(unsigned int)
                0x00000000c00131ec                CPU::cpuidCheckExtendedECX(unsigned int)
                0x00000000c001321a                CPU::CPU()
                0x00000000c001321a                CPU::CPU()
                0x00000000c00132a8                CPU::displayFeatures()
                0x00000000c00132aa                CPU::detectFeatures()
                0x00000000c0013c9c                CPU::setupSMEP()
                0x00000000c0013ca8                CPU::setupUMIP()
                0x00000000c0013cb2                CPU::setupTSC()
                0x00000000c0013cbc                CPU::setupLargePages()
                0x00000000c0013cc6                CPU::setupPAT()
                0x00000000c0013d02                CPU::setupMTRR()
                0x00000000c0013d04                CPU::setupGlobalPages()
                0x00000000c0013d0e                CPU::allowUsermodeDataAccess()
                0x00000000c0013d20                CPU::prohibitUsermodeDataAccess()
                0x00000000c0013d32                CPU::setupSMAP()
                0x00000000c0013d40                CPU::setupFeatures()
                0x00000000c0013e0c                CPU::open(int, int, void*)
                0x00000000c0013f78                CPU::decodeAddress(regs*, int*, bool*, unsigned char*)
 .text          0x00000000c0014173        0x0 hw/ports.32
 .text          0x00000000c0014173      0x16a hw/smp.32
                0x00000000c0014173                Krnl::smpEntry()
                0x00000000c0014175                Krnl::startCPU(int)
                0x00000000c00142be                Krnl::startCPUs()
 *fill*         0x00000000c00142dd        0x1 
 .text          0x00000000c00142de      0x581 krnl/env.32
                0x00000000c00142de                EnvVarContainer::getEnv(char const*)
                0x00000000c001431c                EnvVarContainer::setEnv(char const*, char const*)
                0x00000000c00143de                EnvVarContainer::deleteEnv(char const*)
                0x00000000c00143e0                EnvVarContainer::loadFrom(char const*, char const*)
                0x00000000c00145c6                EnvVarContainer::__loadSystem()
                0x00000000c00145e0                EnvVarContainer::__loadUser()
                0x00000000c00145e2                EnvVarContainer::EnvVarContainer(Process*)
                0x00000000c00145e2                EnvVarContainer::EnvVarContainer(Process*)
                0x00000000c0014604                EnvVarContainer::~EnvVarContainer()
                0x00000000c0014604                EnvVarContainer::~EnvVarContainer()
                0x00000000c0014634                Krnl::getEnv(Process*, char const*)
                0x00000000c0014699                Krnl::setEnvSystem(char const*, char const*)
                0x00000000c00146b3                Krnl::setEnvUser(char const*, char const*)
                0x00000000c00146d2                Krnl::setEnvProcess(Process*, char const*, char const*)
                0x00000000c00146e5                Krnl::deleteEnvSystem(char const*)
                0x00000000c00146e6                Krnl::deleteEnvUser(char const*)
                0x00000000c00146e7                Krnl::deleteEnvProcess(Process*, char const*)
                0x00000000c00146e8                Krnl::newProcessEnv(Process*)
                0x00000000c001470a                Krnl::copyProcessEnv(Process*, Process*)
                0x00000000c0014756                Krnl::loadSystemEnv()
                0x00000000c0014784                Krnl::loadUserEnv()
                0x00000000c00147aa                Krnl::flushEnv()
                0x00000000c00147ab                Krnl::getProcessTotalEnvCount(Process*)
                0x00000000c00147cb                Krnl::getProcessEnvPair(Process*, int)
 .text          0x00000000c001485f      0x39c krnl/panic.32
                0x00000000c001485f                Krnl::panic(char const*)
 *fill*         0x00000000c0014bfb        0x1 
 .text          0x00000000c0014bfc      0x5a0 net/ethernet.32
                0x00000000c0014bfc                Net::switchEndian16(unsigned short)
                0x00000000c0014c20                Net::switchEndian32(unsigned int)
                0x00000000c0014c50                Net::crc32Calc(unsigned char*, int)
                0x00000000c0014cf4                Net::wrapEthernetFrame(Net::UnwrappedEthernetFrame, unsigned char*)
                0x00000000c0014f10                Net::unwrapEthernetFrame(unsigned char*, int)
 .text          0x00000000c001519c      0x50e reg/registry.32
                0x00000000c001519c                Reg::findLineFromLoadedData(char*, char*, char*)
                0x00000000c00152f4                Reg::getLineFromRegistry(char*, char*, char*, char*)
                0x00000000c0015449                Reg::getLine(char*, char*, char*)
                0x00000000c0015480                Reg::readInt(char*, char*, int*)
                0x00000000c001556b                Reg::readString(char*, char*, char*, int)
                0x00000000c00155ec                Reg::readBool(char*, char*, bool*)
                0x00000000c0015611                Reg::readBoolWithDefault(char*, char*, bool)
                0x00000000c001563d                Reg::readIntWithDefault(char*, char*, int)
                0x00000000c0015669                Reg::readStringWithDefault(char*, char*, char*, int, char*)
 .text          0x00000000c00156aa       0x36 sys/sc_eject.32
                0x00000000c00156aa                Sys::eject(regs*)
 .text          0x00000000c00156e0       0x18 sys/sc_exit.32
                0x00000000c00156e0                Sys::exit(regs*)
 .text          0x00000000c00156f8       0x1f sys/sc_getcwd.32
                0x00000000c00156f8                Sys::getCwd(regs*)
 .text          0x00000000c0015717        0xc sys/sc_getpid.32
                0x00000000c0015717                Sys::getPID(regs*)
 .text          0x00000000c0015723       0x1a sys/sc_getramdata.32
                0x00000000c0015723                Sys::getRAMData(regs*)
 .text          0x00000000c001573d       0x84 sys/sc_getvgaptr.32
                0x00000000c001573d                Sys::getVGAPtr(regs*)
 .text          0x00000000c00157c1       0xa8 sys/sc_loaddll.32
                0x00000000c00157c1                Sys::loadDLL(regs*)
 .text          0x00000000c0015869       0x68 sys/sc_read.32
                0x00000000c0015869                Sys::read(regs*)
 .text          0x00000000c00158d1       0x55 sys/sc_sbrk.32
                0x00000000c00158d1                Sys::sbrk(regs*)
 .text          0x00000000c0015926       0x1c sys/sc_setcwd.32
                0x00000000c0015926                Sys::setCwd(regs*)
 .text          0x00000000c0015942       0x95 sys/sc_settime.32
                0x00000000c0015942                Sys::setTime(regs*)
 .text          0x00000000c00159d7       0x4a sys/sc_timezone.32
                0x00000000c00159d7                Sys::timezone(regs*)
 .text          0x00000000c0015a21       0x68 sys/sc_write.32
                0x00000000c0015a21                Sys::write(regs*)
 .text          0x00000000c0015a89       0x62 sys/sc_wsbe.32
                0x00000000c0015a89                Sys::wsbe(regs*)
 .text          0x00000000c0015aeb       0x38 sys/sc_yield.32
                0x00000000c0015aeb                Sys::yield(regs*)
 .text          0x00000000c0015b23      0xf8e sys/syscalls.32
                0x00000000c0015b23                sysCallSeekDir(regs*)
                0x00000000c0015b28                sysCallTellDir(regs*)
                0x00000000c0015b2d                sysCallVerify(regs*)
                0x00000000c0015b37                sysCallGetArgc(regs*)
                0x00000000c0015b47                sysFormatDisk(regs*)
                0x00000000c0015bb1                sysSetDiskVolumeLabel(regs*)
                0x00000000c0015bfb                sysGetDiskVolumeLabel(regs*)
                0x00000000c0015c50                sysShutdown(regs*)
                0x00000000c0015cae                sysCallRealpath(regs*)
                0x00000000c0015cf1                sysCallReadDir(regs*)
                0x00000000c0015d70                sysCallIsATTY(regs*)
                0x00000000c0015dca                sysCallSeek(regs*)
                0x00000000c0015e21                sysCallTell(regs*)
                0x00000000c0015e8d                sysCallSize(regs*)
                0x00000000c0015eff                sysCallSizeFromFilename(regs*)
                0x00000000c0015fae                sysCallClose(regs*)
                0x00000000c001600e                sysCallOpenDir(regs*)
                0x00000000c0016083                sysCallCloseDir(regs*)
                0x00000000c00160d7                sysCallMakeDir(regs*)
                0x00000000c0016147                sysCallWait(regs*)
                0x00000000c0016161                sysCallNotImpl(regs*)
                0x00000000c001617c                sysPanic(regs*)
                0x00000000c0016196                sysCallRmdir(regs*)
                0x00000000c00161fa                sysCallUnlink(regs*)
                0x00000000c001625e                sysCallGetArgv(regs*)
                0x00000000c00162aa                sysCallTTYName(regs*)
                0x00000000c001632d                sysCallUSleep(regs*)
                0x00000000c0016356                sysCallSpawn(regs*)
                0x00000000c00163be                sysCallGetEnv(regs*)
                0x00000000c001646b                sysAppSettings(regs*)
                0x00000000c001657f                sysSetFatAttrib(regs*)
                0x00000000c00165f1                sysPipe(regs*)
                0x00000000c0016636                sysGetUnixTime(regs*)
                0x00000000c001664a                string_ends_with(char const*, char const*)
                0x00000000c0016692                sysCallOpen(regs*)
                0x00000000c001687a                Sys::loadSyscalls()
                0x00000000c0016a6f                Sys::systemCall(regs*, void*)
 .text          0x00000000c0016ab1     0x1203 thr/elf.32
                0x00000000c0016ab1                Thr::allocateMemoryForTask(Process*, File*, unsigned long, unsigned long, unsigned long)
                0x00000000c0016d5b                Thr::loadProgramIntoMemory(Process*, char const*)
                0x00000000c0016f71                Thr::runtimeReferenceHelper()
                0x00000000c0016f84                Thr::getAddressOfKernelSymbol(char const*)
                0x00000000c0016fd3                Thr::loadKernelSymbolTable(char const*)
                0x00000000c0017291                Thr::loadDriverIntoMemory(char const*, unsigned long, bool)
                0x00000000c00179c7                Thr::getDriverBaseFromAddress(unsigned long)
                0x00000000c00179f9                Thr::getDriverNameFromAddress(unsigned long)
                0x00000000c0017a30                Thr::getDriverOffsetFromAddress(unsigned long)
                0x00000000c0017a4a                Thr::loadDLL(char const*, bool)
                0x00000000c0017c7b                Thr::executeDLL(unsigned long, void*)
 .text          0x00000000c0017cb4     0x12a9 thr/prcssthr.32
                0x00000000c0017cb4                userModeEntryPoint(void*)
                0x00000000c0017cdc                changeTSS
                0x00000000c0017d0c                switchToThread(ThreadControlBlock*)
                0x00000000c0017dc0                Process::addArgs(char**)
                0x00000000c0017e20                Process::Process(char const*, Process*, char**)
                0x00000000c0017e20                Process::Process(char const*, Process*, char**)
                0x00000000c001800c                Process::Process(bool, char const*, Process*, char**)
                0x00000000c001800c                Process::Process(bool, char const*, Process*, char**)
                0x00000000c00181c4                taskStartupFunction
                0x00000000c00181d0                Semaphore::Semaphore(int)
                0x00000000c00181d0                Semaphore::Semaphore(int)
                0x00000000c0018200                Mutex::Mutex()
                0x00000000c0018200                Mutex::Mutex()
                0x00000000c0018214                Process::createThread(void (*)(void*), void*, int)
                0x00000000c001830c                Process::createUserThread()
                0x00000000c0018328                setupMultitasking(void (*)())
                0x00000000c0018430                schedule()
                0x00000000c00184bc                Semaphore::tryAcquire()
                0x00000000c0018588                Semaphore::assertLocked(char const*)
                0x00000000c0018600                blockTaskWithSchedulerLockAlreadyHeld(TaskState)
                0x00000000c0018628                blockTask(TaskState)
                0x00000000c0018658                waitTask(int, int*, int)
                0x00000000c001869c                milliTenthSleepUntil(unsigned int)
                0x00000000c0018728                milliTenthSleep(unsigned int)
                0x00000000c0018738                sleep(unsigned int)
                0x00000000c0018754                Semaphore::acquire()
                0x00000000c0018810                taskReturned
                0x00000000c001884c                Thr::processFromPID(int)
                0x00000000c00188ec                unblockTask(ThreadControlBlock*)
                0x00000000c0018990                cleanupTerminatedTask(ThreadControlBlock*)
                0x00000000c0018c58                cleanerTaskFunction(void*)
                0x00000000c0018d48                terminateTask(int)
                0x00000000c0018e14                Thr::terminateFromIRQ(int)
                0x00000000c0018e20                Semaphore::release()
 .text          0x00000000c0018f5d      0xada vm86/vm8086.32
                0x00000000c0018f5d                Vm::inbv(unsigned short)
                0x00000000c0018f70                Vm::outbv(unsigned short, unsigned char)
                0x00000000c0018fa6                Vm::realToLinear(unsigned short, unsigned short)
                0x00000000c0018fb6                Vm::getSegment(unsigned int)
                0x00000000c0018fbe                Vm::getOffset(unsigned int)
                0x00000000c0018fc3                Vm::mainloop2()
                0x00000000c0018ffd                Vm::mainVm8086Loop(void*)
                0x00000000c001900d                Vm::mainloop3(unsigned long)
                0x00000000c0019033                Vm::initialise8086()
                0x00000000c0019076                Vm::finish8086()
                0x00000000c00190d7                Vm::getOutput8086(unsigned char*)
                0x00000000c00190fc                Vm::start8086(char const*, unsigned short, unsigned short, unsigned short, unsigned short)
                0x00000000c0019264                Vm::doISR(regs*, int, unsigned char*, unsigned short, unsigned short)
                0x00000000c00192ee                Vm::readByteFromReal(unsigned short, unsigned short)
                0x00000000c00192ff                Vm::readWordFromReal(unsigned short, unsigned short)
                0x00000000c0019311                Vm::readDwordFromReal(unsigned short, unsigned short)
                0x00000000c0019322                Vm::writeByteFromReal(unsigned short, unsigned short, unsigned char)
                0x00000000c0019337                Vm::writeWordFromReal(unsigned short, unsigned short, unsigned short)
                0x00000000c001934d                Vm::writeDwordFromReal(unsigned short, unsigned short, unsigned int)
                0x00000000c0019362                Vm::faultHandler(regs*)
 *fill*         0x00000000c0019a37        0x1 
 .text          0x00000000c0019a38      0xfcd vm86/x87em.32
                0x00000000c0019a38                Vm::fpuInternalTo32(unsigned long long)
                0x00000000c0019a96                Vm::fpuInternalTo64(unsigned long long)
                0x00000000c0019a9f                Vm::fpu32ToInternal(unsigned int)
                0x00000000c0019ae4                Vm::fpu64ToInternal(unsigned long long)
                0x00000000c0019aed                Vm::fpuFloatToLong(unsigned long long)
                0x00000000c0019b4c                Vm::fpuULongToFloat(unsigned long long)
                0x00000000c0019b88                Vm::fpuLongToFloat(long long)
                0x00000000c0019be7                Vm::fpuGet0()
                0x00000000c0019bec                Vm::fpuGet1()
                0x00000000c0019bf4                Vm::fpuGetPi()
                0x00000000c0019bfc                Vm::fpuGetLog2E()
                0x00000000c0019c14                Vm::fpuGetLogE2()
                0x00000000c0019c2c                Vm::fpuGetLog210()
                0x00000000c0019c44                Vm::fpuGetLog102()
                0x00000000c0019c5c                Vm::fpuIsSecondLarger(unsigned long long, unsigned long long)
                0x00000000c0019c70                Vm::fpuAreEqual(unsigned long long, unsigned long long)
                0x00000000c0019c86                Vm::fpuUnorderedCompare(unsigned long long, unsigned long long)
                0x00000000c0019cdc                Vm::fpuAdd(unsigned long long, unsigned long long)
                0x00000000c0019ced                Vm::fpuAbs(unsigned long long)
                0x00000000c0019cf6                Vm::fpuChs(unsigned long long)
                0x00000000c0019d06                Vm::fpuSub(unsigned long long, unsigned long long)
                0x00000000c0019d15                Vm::fpuMultiply(unsigned long long, unsigned long long)
                0x00000000c0019d34                Vm::fpuDivide(unsigned long long, unsigned long long)
                0x00000000c0019d50                Vm::fpuSquare(unsigned long long)
                0x00000000c0019d66                Vm::fpuGetReg(int)
                0x00000000c0019da9                Vm::fpuSetReg(int, unsigned long long)
                0x00000000c0019df5                Vm::fpuPush(unsigned long long)
                0x00000000c0019e53                Vm::fpuPop()
                0x00000000c0019ea6                Vm::x87Handler(regs*)
 *fill*         0x00000000c001aa05        0x3 
 .text          0x00000000c001aa08     0x13b7 fs/fat/vfslink.32
                0x00000000c001aa08                FAT::getName()
                0x00000000c001aa10                FAT::tell(void*, unsigned long long*)
                0x00000000c001aa4c                FAT::stat(void*, unsigned long long*)
                0x00000000c001aa88                FAT::~FAT()
                0x00000000c001aa88                FAT::~FAT()
                0x00000000c001aaac                FAT::~FAT()
                0x00000000c001aad4                FAT::getlabel(LogicalDisk*, int, char*, unsigned int*)
                0x00000000c001ab78                FAT::setlabel(LogicalDisk*, int, char*)
                0x00000000c001ac3c                FAT::format(LogicalDisk*, int, char const*, int)
                0x00000000c001ae10                FAT::tryMount(LogicalDisk*, int)
                0x00000000c001b028                FAT::allocateSwapfile(char const*, int)
                0x00000000c001b1e4                FAT::readDir(void*, unsigned long, void*, int*)
                0x00000000c001b350                FAT::read(void*, unsigned long, void*, int*)
                0x00000000c001b3b0                FAT::write(void*, unsigned long, void*, int*)
                0x00000000c001b410                FAT::close(void*)
                0x00000000c001b464                FAT::closeDir(void*)
                0x00000000c001b4b8                FAT::seek(void*, unsigned long long)
                0x00000000c001b514                fatWrapperReadDisk
                0x00000000c001b55c                fatWrapperWriteDisk
                0x00000000c001b5a4                fatWrapperIoctl
                0x00000000c001b6b4                FAT::FAT()
                0x00000000c001b6b4                FAT::FAT()
                0x00000000c001b708                FAT::fixFilepath(char*)
                0x00000000c001b744                FAT::open(char const*, void**, FileOpenMode)
                0x00000000c001b878                FAT::openDir(char const*, void**)
                0x00000000c001b928                FAT::stat(char const*, unsigned long long*, bool*)
                0x00000000c001ba1c                FAT::unlink(char const*)
                0x00000000c001ba9c                FAT::chfatattr(char const*, unsigned char, unsigned char)
                0x00000000c001bc04                FAT::rename(char const*, char const*)
                0x00000000c001bcd0                FAT::mkdir(char const*)
                0x00000000c001bd50                FAT::exists(char const*)
 *fill*         0x00000000c001bdbf        0x1 
 .text          0x00000000c001bdc0      0xb75 fs/iso9660/vfslink.32
                0x00000000c001bdc0                ISO9660::format(LogicalDisk*, int, char const*, int)
                0x00000000c001bdc6                ISO9660::seek(void*, unsigned long long)
                0x00000000c001bdf6                ISO9660::tell(void*, unsigned long long*)
                0x00000000c001be1a                ISO9660::getName()
                0x00000000c001be20                ISO9660::stat(void*, unsigned long long*)
                0x00000000c001be44                ISO9660::chfatattr(char const*, unsigned char, unsigned char)
                0x00000000c001be4a                ISO9660::unlink(char const*)
                0x00000000c001be50                ISO9660::write(void*, unsigned long, void*, int*)
                0x00000000c001be56                ISO9660::rename(char const*, char const*)
                0x00000000c001be5c                ISO9660::mkdir(char const*)
                0x00000000c001be62                ISO9660::close(void*)
                0x00000000c001be84                ISO9660::closeDir(void*)
                0x00000000c001bea6                ISO9660::~ISO9660()
                0x00000000c001bea6                ISO9660::~ISO9660()
                0x00000000c001beca                ISO9660::~ISO9660()
                0x00000000c001bef1                __memmem(unsigned char*, int, unsigned char*, int)
                0x00000000c001bf33                readSectorFromCDROM(unsigned int, unsigned char*, char)
                0x00000000c001bf8e                ISO9660::tryMount(LogicalDisk*, int)
                0x00000000c001bfde                ISO9660::read(void*, unsigned long, void*, int*)
                0x00000000c001c1e2                ISO9660::readDir(void*, unsigned long, void*, int*)
                0x00000000c001c45c                readRoot(unsigned int*, unsigned int*, char)
                0x00000000c001c4b0                readRecursively(char*, unsigned int, unsigned int, unsigned int*, unsigned int*, char, int*)
                0x00000000c001c683                getFileData(char*, unsigned int*, unsigned int*, char, int*)
                0x00000000c001c712                ISO9660::open(char const*, void**, FileOpenMode)
                0x00000000c001c7c0                ISO9660::exists(char const*)
                0x00000000c001c7e4                ISO9660::stat(char const*, unsigned long long*, bool*)
                0x00000000c001c878                ISO9660::openDir(char const*, void**)
                0x00000000c001c912                ISO9660::ISO9660()
                0x00000000c001c912                ISO9660::ISO9660()
 *fill*         0x00000000c001c935        0x1 
 .text          0x00000000c001c936      0x298 hal/sound/sndcard.32
                0x00000000c001c936                SoundCard::beginPlayback()
                0x00000000c001c944                SoundCard::stopPlayback()
                0x00000000c001c952                SoundCard::SoundCard(char const*)
                0x00000000c001c952                SoundCard::SoundCard(char const*)
                0x00000000c001c9f0                SoundCard::~SoundCard()
                0x00000000c001c9f0                SoundCard::~SoundCard()
                0x00000000c001ca14                SoundCard::~SoundCard()
                0x00000000c001ca3e                SoundCard::configureRates(int, int, int)
                0x00000000c001ca6e                SoundCard::getSamples16(int, short*)
                0x00000000c001cad8                SoundCard::getSamples32(int, int*)
                0x00000000c001cb5e                SoundCard::addChannel(SoundPort*)
                0x00000000c001cbba                SoundCard::removeChannel(int)
 *fill*         0x00000000c001cbce        0x2 
 .text          0x00000000c001cbd0      0x3fb hal/sound/sndport.32
                0x00000000c001cbd0                SoundPort::SoundPort(int, int, int, int)
                0x00000000c001cbd0                SoundPort::SoundPort(int, int, int, int)
                0x00000000c001cc5c                SoundPort::~SoundPort()
                0x00000000c001cc5c                SoundPort::~SoundPort()
                0x00000000c001cc90                SoundPort::unpause()
                0x00000000c001cc9c                SoundPort::pause()
                0x00000000c001cca8                SoundPort::getBufferUsed()
                0x00000000c001ccb0                SoundPort::getBufferSize()
                0x00000000c001ccb8                SoundPort::buffer16(short*, int)
                0x00000000c001cd6c                SoundPort::buffer32(int*, int)
                0x00000000c001ce18                SoundPort::unbufferAndAdd16(int, short*, SoundCard*)
                0x00000000c001cf14                SoundPort::unbufferAndAdd32(int, int*, SoundCard*)
 .text          0x00000000c001cfcb        0x0 hw/bus/isa.32
 *fill*         0x00000000c001cfcb        0x1 
 .text          0x00000000c001cfcc     0x1187 hw/bus/pci.32
                0x00000000c001cfcc                PCI::open(int, int, void*)
                0x00000000c001cfea                PCI::close(int, int, void*)
                0x00000000c001cfee                PCI::PCI()
                0x00000000c001cfee                PCI::PCI()
                0x00000000c001d084                PCI::readBAR8(unsigned int, int)
                0x00000000c001d0a0                PCI::readBAR16(unsigned int, int)
                0x00000000c001d0be                PCI::readBAR32(unsigned int, int)
                0x00000000c001d0da                PCI::writeBAR8(unsigned int, unsigned char, int)
                0x00000000c001d0fa                PCI::writeBAR16(unsigned int, unsigned short, int)
                0x00000000c001d11c                PCI::writeBAR32(unsigned int, unsigned int, int)
                0x00000000c001d13c                PCI::legacyMechanism(unsigned char, unsigned char, unsigned char, unsigned char)
                0x00000000c001d1aa                PCI::pciReadWord(unsigned char, unsigned char, unsigned char, unsigned char)
                0x00000000c001d252                PCI::getVendorID(unsigned char, unsigned char, unsigned char)
                0x00000000c001d276                PCI::getHeaderType(unsigned char, unsigned char, unsigned char)
                0x00000000c001d29e                PCI::getClassCode(unsigned char, unsigned char, unsigned char)
                0x00000000c001d2e8                PCI::getProgIF(unsigned char, unsigned char, unsigned char)
                0x00000000c001d310                PCI::getRevisionID(unsigned char, unsigned char, unsigned char)
                0x00000000c001d334                PCI::getInterruptNumber(unsigned char, unsigned char, unsigned char)
                0x00000000c001d358                PCI::getSecondaryBus(unsigned char, unsigned char, unsigned char)
                0x00000000c001d380                PCI::getBARAddress(unsigned char, unsigned char, unsigned char, unsigned char)
                0x00000000c001d3e4                PCI::pciWriteWord(unsigned char, unsigned char, unsigned char, unsigned char, unsigned short)
                0x00000000c001d4cc                PCI::pciDetailsToFilepath(PCIDeviceInfo, char*)
                0x00000000c001d8be                PCI::checkBus(unsigned char)
                0x00000000c001d8e2                PCI::foundDevice(PCIDeviceInfo)
                0x00000000c001dd22                PCI::getDeviceData(unsigned char, unsigned char, unsigned char)
                0x00000000c001e094                PCI::checkDevice(unsigned char, unsigned char)
                0x00000000c001e100                PCI::detect()
 *fill*         0x00000000c001e153        0x1 
 .text          0x00000000c001e154      0xb4a hw/diskctrl/ide.32
                0x00000000c001e154                IDE::close(int, int, void*)
                0x00000000c001e158                IDE::IDE()
                0x00000000c001e158                IDE::IDE()
                0x00000000c001e18c                IDE::prepareInterrupt(unsigned char)
                0x00000000c001e19e                selectDrive(unsigned char, unsigned char)
                0x00000000c001e1a0                IDE::getBase(unsigned char)
                0x00000000c001e1b2                IDE::write(unsigned char, unsigned char, unsigned char)
                0x00000000c001e272                IDE::read(unsigned char, unsigned char)
                0x00000000c001e320                IDE::waitInterrupt(unsigned char)
                0x00000000c001e382                ideChannel0IRQHandler(regs*, void*)
                0x00000000c001e39e                ideChannel1IRQHandler(regs*, void*)
                0x00000000c001e3ba                IDE::enableIRQs(unsigned char, bool)
                0x00000000c001e400                IDE::open(int, int, void*)
                0x00000000c001e80e                IDE::readBuffer(unsigned char, unsigned char, unsigned int, unsigned int)
                0x00000000c001e8da                IDE::detect()
                0x00000000c001eb9a                IDE::printError(unsigned char, unsigned char, unsigned char)
                0x00000000c001ec4a                IDE::polling(unsigned char, unsigned int)
 .text          0x00000000c001ec9e      0x5ba hw/diskctrl/satabus.32
                0x00000000c001ec9e                SATABus::close(int, int, void*)
                0x00000000c001eca2                SATABus::detect()
                0x00000000c001eca4                SATABus::SATABus()
                0x00000000c001eca4                SATABus::SATABus()
                0x00000000c001ed2a                SATABus::findCmdslot(SATABus::tagHBA_PORT volatile*)
                0x00000000c001eebe                SATABus::checkType(SATABus::tagHBA_PORT volatile*)
                0x00000000c001ef06                SATABus::startCmd(SATABus::tagHBA_PORT volatile*)
                0x00000000c001ef26                SATABus::stopCmd(SATABus::tagHBA_PORT volatile*)
                0x00000000c001ef50                SATABus::portRebase(SATABus::tagHBA_PORT volatile*, int)
                0x00000000c001f056                SATABus::probePort(SATABus::tagHBA_MEM volatile*)
                0x00000000c001f238                SATABus::open(int, int, void*)
 .text          0x00000000c001f258      0x684 hw/diskphys/ata.32
                0x00000000c001f258                ATA::close(int, int, void*)
                0x00000000c001f27c                ATA::powerSaving(PowerSavingLevel)
                0x00000000c001f27e                ATA::ATA()
                0x00000000c001f27e                ATA::ATA()
                0x00000000c001f2ac                ATA::flush(bool)
                0x00000000c001f2f6                ATA::readyForCommand()
                0x00000000c001f342                ATA::access(unsigned long long, int, void*, bool)
                0x00000000c001f738                ATA::read(unsigned long long, int, void*)
                0x00000000c001f784                ATA::write(unsigned long long, int, void*)
                0x00000000c001f7e6                ATA::detectCHS()
                0x00000000c001f810                ATA::open(int, int, void*)
 .text          0x00000000c001f8dc      0x5bf hw/diskphys/atapi.32
                0x00000000c001f8dc                ATAPI::write(unsigned long long, int, void*)
                0x00000000c001f8e2                ATAPI::close(int, int, void*)
                0x00000000c001f906                ATAPI::ATAPI()
                0x00000000c001f906                ATAPI::ATAPI()
                0x00000000c001f934                ATAPI::readyForCommand()
                0x00000000c001f986                ATAPI::sendPacket(unsigned char*, int, bool, unsigned short*, int)
                0x00000000c001fc46                ATAPI::diskRemoved()
                0x00000000c001fc62                ATAPI::eject()
                0x00000000c001fcaa                ATAPI::diskInserted()
                0x00000000c001fcd8                ATAPI::detectMedia()
                0x00000000c001fd94                ATAPI::open(int, int, void*)
                0x00000000c001fe1c                ATAPI::read(unsigned long long, int, void*)
 *fill*         0x00000000c001fe9b        0x1 
 .text          0x00000000c001fe9c      0xa68 hw/diskphys/sata.32
                0x00000000c001fe9c                SATA::close(int, int, void*)
                0x00000000c001fec0                SATA::powerSaving(PowerSavingLevel)
                0x00000000c001fec2                SATA::open(int, int, void*)
                0x00000000c00200b8                SATA::SATA()
                0x00000000c00200b8                SATA::SATA()
                0x00000000c00200e6                SATA::access(unsigned long long, int, void*, bool)
                0x00000000c00206de                SATA::read(unsigned long long, int, void*)
                0x00000000c00207de                SATA::write(unsigned long long, int, void*)
 .text          0x00000000c0020904      0x604 hw/diskphys/satapi.32
                0x00000000c0020904                SATAPI::write(unsigned long long, int, void*)
                0x00000000c002090a                SATAPI::close(int, int, void*)
                0x00000000c002092e                SATAPI::SATAPI()
                0x00000000c002092e                SATAPI::SATAPI()
                0x00000000c002095c                SATAPI::diskRemoved()
                0x00000000c0020988                SATAPI::diskInserted()
                0x00000000c00209b4                SATAPI::sendPacket(unsigned char*, int, unsigned long long, unsigned short*, int)
                0x00000000c0020c3c                SATAPI::eject()
                0x00000000c0020c94                SATAPI::detectMedia()
                0x00000000c0020d76                SATAPI::open(int, int, void*)
                0x00000000c0020e66                SATAPI::read(unsigned long long, int, void*)
 .text          0x00000000c0020f08       0x94 hw/fpu/avx.32
                0x00000000c0020f08                AVX::open(int, int, void*)
                0x00000000c0020f1c                AVX::close(int, int, void*)
                0x00000000c0020f30                AVX::available()
                0x00000000c0020f44                AVX::save(void*)
                0x00000000c0020f5c                AVX::load(void*)
                0x00000000c0020f74                AVX::AVX()
                0x00000000c0020f74                AVX::AVX()
 .text          0x00000000c0020f9c       0x94 hw/fpu/mmx.32
                0x00000000c0020f9c                MMX::available()
                0x00000000c0020fb0                MMX::open(int, int, void*)
                0x00000000c0020fc4                MMX::close(int, int, void*)
                0x00000000c0020fd8                MMX::save(void*)
                0x00000000c0020ff0                MMX::load(void*)
                0x00000000c0021008                MMX::MMX()
                0x00000000c0021008                MMX::MMX()
 .text          0x00000000c0021030       0x9c hw/fpu/sse.32
                0x00000000c0021030                SSE::open(int, int, void*)
                0x00000000c0021044                SSE::close(int, int, void*)
                0x00000000c0021058                SSE::available()
                0x00000000c0021074                SSE::save(void*)
                0x00000000c002108c                SSE::load(void*)
                0x00000000c00210a4                SSE::SSE()
                0x00000000c00210a4                SSE::SSE()
 .text          0x00000000c00210cc       0x94 hw/fpu/x87.32
                0x00000000c00210cc                x87::open(int, int, void*)
                0x00000000c00210e0                x87::close(int, int, void*)
                0x00000000c00210f4                x87::available()
                0x00000000c0021108                x87::save(void*)
                0x00000000c0021120                x87::load(void*)
                0x00000000c0021138                x87::x87()
                0x00000000c0021138                x87::x87()
 .text          0x00000000c0021160      0x71e hw/intctrl/apic.32
                0x00000000c0021160                APIC::disable()
                0x00000000c0021162                APIC::close(int, int, void*)
                0x00000000c0021184                IOAPIC::close(int, int, void*)
                0x00000000c002118a                APIC::io_wait()
                0x00000000c0021190                APIC::getBase()
                0x00000000c00211d2                APIC::eoi(unsigned char)
                0x00000000c0021200                APIC::open(int, int, void*)
                0x00000000c002134e                IOAPIC::IOAPIC()
                0x00000000c002134e                IOAPIC::IOAPIC()
                0x00000000c0021376                APIC::APIC()
                0x00000000c0021376                APIC::APIC()
                0x00000000c0021452                IOAPIC::handlesGSIWithNumber(unsigned int)
                0x00000000c0021484                IOAPIC::read(int)
                0x00000000c00214ac                IOAPIC::open(int, int, void*)
                0x00000000c00215a2                IOAPIC::write(int, int)
                0x00000000c00215ce                IOAPIC::redirect(unsigned char, unsigned long long, unsigned char, bool, bool)
                0x00000000c00216c8                APIC::installIRQHandler(int, void (*)(regs*, void*), bool, void*)
 .text          0x00000000c002187e      0x3d3 hw/intctrl/pic.32
                0x00000000c002187e                PIC::disable()
                0x00000000c00218ac                PIC::close(int, int, void*)
                0x00000000c00218ce                PIC::PIC()
                0x00000000c00218ce                PIC::PIC()
                0x00000000c00219a4                PIC::ioWait()
                0x00000000c00219aa                PIC::getIRQReg(int)
                0x00000000c0021a14                PIC::eoi(unsigned char)
                0x00000000c0021aa6                PIC::remap()
                0x00000000c0021c12                PIC::open(int, int, void*)
 *fill*         0x00000000c0021c51        0x3 
 .text          0x00000000c0021c54      0x240 hw/timer/apictimer.32
                0x00000000c0021c54                APICTimer::close(int, int, void*)
                0x00000000c0021c5c                apicTimerHandler(regs*, void*)
                0x00000000c0021c84                APICTimer::write(int)
                0x00000000c0021d6c                APICTimer::open(int, int, void*)
                0x00000000c0021e6c                APICTimer::APICTimer()
                0x00000000c0021e6c                APICTimer::APICTimer()
 .text          0x00000000c0021e94      0x1a3 hw/timer/pit.32
                0x00000000c0021e94                PIT::write(int)
                0x00000000c0021f14                pitHandler(regs*, void*)
                0x00000000c0021f38                PIT::open(int, int, void*)
                0x00000000c0021f88                PIT::close(int, int, void*)
                0x00000000c0021fb8                PIT::PIT()
                0x00000000c0021fb8                PIT::PIT()
 *fill*         0x00000000c0022037        0x9 
 .text          0x00000000c0022040       0x1e hw/fpu/x86/avx.32
                0x00000000c0022040                avxDetect
                0x00000000c0022046                avxSave
                0x00000000c0022047                avxLoad
                0x00000000c0022048                avxInit
                0x00000000c0022049                avxClose
                0x00000000c002204a                wouldSheSayYes
 *fill*         0x00000000c002205e        0x2 
 .text          0x00000000c0022060       0x35 hw/fpu/x86/sse.32
                0x00000000c0022060                absolutelyNoChanceInHell
                0x00000000c0022060                sseDetect
                0x00000000c0022078                sseSave
                0x00000000c002207e                sseLoad
                0x00000000c0022084                sseInit
                0x00000000c0022094                sseClose
 *fill*         0x00000000c0022095        0xb 
 .text          0x00000000c00220a0       0x4d hw/fpu/x86/x87.32
                0x00000000c00220a6                x87Detect
                0x00000000c00220c1                x87Save
                0x00000000c00220ca                x87Load
                0x00000000c00220d2                x87Init
                0x00000000c00220ec                x87Close
 *fill*         0x00000000c00220ed        0x3 
 .text          0x00000000c00220f0       0x25 /cygdrive/d/Users/Alex/Desktop/Toolchain/Output/bin/../lib/gcc/i386-banana/8.1.0/crtend.o
 .text          0x00000000c0022115        0x0 crtn.32
 *fill*         0x00000000c0022115        0x3 
 .text          0x00000000c0022118      0x14b /cygdrive/d/Users/Alex/Desktop/Toolchain/Output/bin/../lib/gcc/i386-banana/8.1.0/libkgcc.a(_divdi3.o)
                0x00000000c0022118                __divdi3
 *fill*         0x00000000c0022263        0x1 
 .text          0x00000000c0022264      0x17e /cygdrive/d/Users/Alex/Desktop/Toolchain/Output/bin/../lib/gcc/i386-banana/8.1.0/libkgcc.a(_moddi3.o)
                0x00000000c0022264                __moddi3
 *fill*         0x00000000c00223e2        0x2 
 .text          0x00000000c00223e4       0xff /cygdrive/d/Users/Alex/Desktop/Toolchain/Output/bin/../lib/gcc/i386-banana/8.1.0/libkgcc.a(_udivdi3.o)
                0x00000000c00223e4                __udivdi3
 *fill*         0x00000000c00224e3        0x1 
 .text          0x00000000c00224e4      0x11a /cygdrive/d/Users/Alex/Desktop/Toolchain/Output/bin/../lib/gcc/i386-banana/8.1.0/libkgcc.a(_umoddi3.o)
                0x00000000c00224e4                __umoddi3
 *(.gnu.linkonce.t*)

.iplt           0x00000000c0022600        0x0
 .iplt          0x00000000c0022600        0x0 D:/Users/Alex/Desktop/Banana/kernel/boot.32

.init           0x00000000c00225fe        0xf
 .init          0x00000000c00225fe        0x3 crti.32
                0x00000000c00225fe                _init
 .init          0x00000000c0022601        0x5 /cygdrive/d/Users/Alex/Desktop/Toolchain/Output/bin/../lib/gcc/i386-banana/8.1.0/crtbegin.o
 .init          0x00000000c0022606        0x5 /cygdrive/d/Users/Alex/Desktop/Toolchain/Output/bin/../lib/gcc/i386-banana/8.1.0/crtend.o
 .init          0x00000000c002260b        0x2 crtn.32

.fini           0x00000000c002260d        0xa
 .fini          0x00000000c002260d        0x3 crti.32
                0x00000000c002260d                _fini
 .fini          0x00000000c0022610        0x5 /cygdrive/d/Users/Alex/Desktop/Toolchain/Output/bin/../lib/gcc/i386-banana/8.1.0/crtbegin.o
 .fini          0x00000000c0022615        0x2 crtn.32

.text._ZN8ComputerD2Ev
                0x00000000c0022618       0x23
 .text._ZN8ComputerD2Ev
                0x00000000c0022618       0x23 core/computer.32
                0x00000000c0022618                Computer::~Computer()
                0x00000000c0022618                Computer::~Computer()

.text._ZN8ComputerD0Ev
                0x00000000c002263c       0x2a
 .text._ZN8ComputerD0Ev
                0x00000000c002263c       0x2a core/computer.32
                0x00000000c002263c                Computer::~Computer()

.text._Z10idleCommonv
                0x00000000c0022666       0x21
 .text._Z10idleCommonv
                0x00000000c0022666       0x21 core/idle.32
                0x00000000c0022666                idleCommon()

.text._ZN10LinkedListI8UnixFileED2Ev
                0x00000000c0022688        0x2
 .text._ZN10LinkedListI8UnixFileED2Ev
                0x00000000c0022688        0x2 core/unixfile.32
                0x00000000c0022688                LinkedList<UnixFile>::~LinkedList()
                0x00000000c0022688                LinkedList<UnixFile>::~LinkedList()

.text._ZN10LinkedListI8UnixFileEC2Ev
                0x00000000c002268a       0x42
 .text._ZN10LinkedListI8UnixFileEC2Ev
                0x00000000c002268a       0x42 core/unixfile.32
                0x00000000c002268a                LinkedList<UnixFile>::LinkedList()
                0x00000000c002268a                LinkedList<UnixFile>::LinkedList()

.text._ZN10LinkedListI8UnixFileE10addElementEPS0_
                0x00000000c00226cc       0xd3
 .text._ZN10LinkedListI8UnixFileE10addElementEPS0_
                0x00000000c00226cc       0xd3 core/unixfile.32
                0x00000000c00226cc                LinkedList<UnixFile>::addElement(UnixFile*)

.text._ZN10LinkedListI8UnixFileE15getFirstElementEv
                0x00000000c00227a0        0x7
 .text._ZN10LinkedListI8UnixFileE15getFirstElementEv
                0x00000000c00227a0        0x7 core/unixfile.32
                0x00000000c00227a0                LinkedList<UnixFile>::getFirstElement()

.text._ZN10LinkedListI8UnixFileE11removeFirstEv