Archive member included to satisfy reference by file (symbol)

/cygdrive/d/Users/Alex/Desktop/Toolchain/Output/bin/../lib/gcc/i386-banana/8.1.0/libkgcc.a(_divdi3.o)
                              fs/fat/ff.32 (__divdi3)
/cygdrive/d/Users/Alex/Desktop/Toolchain/Output/bin/../lib/gcc/i386-banana/8.1.0/libkgcc.a(_moddi3.o)
                              compat/resolve.32 (__moddi3)
/cygdrive/d/Users/Alex/Desktop/Toolchain/Output/bin/../lib/gcc/i386-banana/8.1.0/libkgcc.a(_udivdi3.o)
                              fs/fat/ff.32 (__udivdi3)
/cygdrive/d/Users/Alex/Desktop/Toolchain/Output/bin/../lib/gcc/i386-banana/8.1.0/libkgcc.a(_umoddi3.o)
                              compat/resolve.32 (__umoddi3)
D:/Users/Alex/Desktop/Banana/kernel/libsoftfp.a(sfieeelib.o)
                              hal/sound/sndhw.32 (__addsf3)
D:/Users/Alex/Desktop/Banana/kernel/libsoftfp.a(dfieeelib.o)
                              hal/libresample/src_linear.32 (__adddf3)
D:/Users/Alex/Desktop/Banana/kernel/libsoftfp.a(sfdfcvt.o)
                              hal/libresample/samplerate.32 (__truncdfsf2)
D:/Users/Alex/Desktop/Banana/kernel/libk/libm32.a(s_fabs.c.o)
                              hal/libresample/samplerate.32 (fabs)
D:/Users/Alex/Desktop/Banana/kernel/libk/libm32.a(s_lrint.S.o)
                              hal/libresample/samplerate.32 (lrint)
D:/Users/Alex/Desktop/Banana/kernel/libk/libm32.a(s_lrintf.S.o)
                              hal/sound/sndhw.32 (lrintf)

Discarded input sections

 .comment       0x0000000000000000       0x12 /cygdrive/d/Users/Alex/Desktop/Toolchain/Output/bin/../lib/gcc/i386-banana/8.1.0/crtbegin.o
 .comment       0x0000000000000000       0x12 acpica/utclib.32
 .comment       0x0000000000000000       0x12 core/malloc.32
 .comment       0x0000000000000000       0x12 libk/string.32
 .comment       0x0000000000000000       0x12 fs/fat/diskio.32
 .comment       0x0000000000000000       0x12 fs/fat/ff.32
 .comment       0x0000000000000000       0x12 fs/fat/ffsystem.32
 .comment       0x0000000000000000       0x12 fs/fat/ffunicode.32
 .comment       0x0000000000000000       0x12 hal/libresample/samplerate.32
 .comment       0x0000000000000000       0x12 hal/libresample/src_linear.32
 .comment       0x0000000000000000       0x12 hal/libresample/src_sinc.32
 .comment       0x0000000000000000       0x12 hal/libresample/src_zoh.32
 .comment       0x0000000000000000       0x12 compat/inlines.32
 .comment       0x0000000000000000       0x12 compat/resolve.32
 .group         0x0000000000000000       0x14 core/computer.32
 .group         0x0000000000000000        0xc core/computer.32
 .comment       0x0000000000000000       0x12 core/computer.32
 .comment       0x0000000000000000       0x12 core/gdt.32
 .group         0x0000000000000000        0xc core/idle.32
 .comment       0x0000000000000000       0x12 core/idle.32
 .comment       0x0000000000000000       0x12 core/idt.32
 .comment       0x0000000000000000       0x12 core/kheap.32
 .comment       0x0000000000000000       0x12 core/main.32
 .comment       0x0000000000000000       0x12 core/physmgr.32
 .group         0x0000000000000000        0xc core/pipe.32
 .comment       0x0000000000000000       0x12 core/pipe.32
 .group         0x0000000000000000        0xc core/terminal.32
 .comment       0x0000000000000000       0x12 core/terminal.32
 .comment       0x0000000000000000       0x12 core/tss.32
 .group         0x0000000000000000        0x8 core/unixfile.32
 .group         0x0000000000000000        0xc core/unixfile.32
 .group         0x0000000000000000        0xc core/unixfile.32
 .group         0x0000000000000000        0x8 core/unixfile.32
 .group         0x0000000000000000        0xc core/unixfile.32
 .group         0x0000000000000000        0x8 core/unixfile.32
 .group         0x0000000000000000        0xc core/unixfile.32
 .group         0x0000000000000000        0xc core/unixfile.32
 .comment       0x0000000000000000       0x12 core/unixfile.32
 .comment       0x0000000000000000       0x12 core/virtmgr.32
 .comment       0x0000000000000000       0x12 coreobjs/c++.32
 .comment       0x0000000000000000       0x12 dbg/kconsole.32
 .group         0x0000000000000000        0xc fs/vfs.32
 .group         0x0000000000000000        0xc fs/vfs.32
 .group         0x0000000000000000        0xc fs/vfs.32
 .comment       0x0000000000000000       0x12 fs/vfs.32
 .group         0x0000000000000000        0xc hal/bus.32
 .comment       0x0000000000000000       0x12 hal/bus.32
 .group         0x0000000000000000        0xc hal/buzzer.32
 .comment       0x0000000000000000       0x12 hal/buzzer.32
 .group         0x0000000000000000        0xc hal/clock.32
 .comment       0x0000000000000000       0x12 hal/clock.32
 .group         0x0000000000000000       0x14 hal/device.32
 .group         0x0000000000000000        0xc hal/device.32
 .group         0x0000000000000000        0xc hal/device.32
 .group         0x0000000000000000        0xc hal/device.32
[...]
Memory Configuration

Name             Origin             Length             Attributes
*default*        0x0000000000000000 0xffffffffffffffff

Linker script and memory map

LOAD D:/Users/Alex/Desktop/Banana/kernel/boot.32
LOAD crti.32
LOAD /cygdrive/d/Users/Alex/Desktop/Toolchain/Output/bin/../lib/gcc/i386-banana/8.1.0/crtbegin.o
LOAD D:/Users/Alex/Desktop/Banana/kernel/morenasm.32
LOAD acpica/utclib.32
LOAD core/malloc.32
LOAD libk/string.32
LOAD fs/fat/diskio.32
LOAD fs/fat/ff.32
LOAD fs/fat/ffsystem.32
LOAD fs/fat/ffunicode.32
LOAD hal/libresample/samplerate.32
LOAD hal/libresample/src_linear.32
LOAD hal/libresample/src_sinc.32
LOAD hal/libresample/src_zoh.32
LOAD compat/inlines.32
LOAD compat/resolve.32
LOAD core/computer.32
LOAD core/gdt.32
LOAD core/idle.32
LOAD core/idt.32
LOAD core/kheap.32
LOAD core/main.32
LOAD core/physmgr.32
LOAD core/pipe.32
LOAD core/terminal.32
LOAD core/tss.32
LOAD core/unixfile.32
LOAD core/virtmgr.32
LOAD coreobjs/c++.32
LOAD dbg/kconsole.32
LOAD fs/vfs.32
LOAD hal/bus.32
LOAD hal/buzzer.32
LOAD hal/clock.32
LOAD hal/device.32
LOAD hal/diskctrl.32
LOAD hal/diskphys.32
LOAD hal/fpu.32
LOAD hal/intctrl.32
LOAD hal/keybrd.32
LOAD hal/logidisk.32
LOAD hal/mouse.32
LOAD hal/partition.32
LOAD hal/serial.32
LOAD hal/timer.32
LOAD hal/vcache.32
LOAD hal/video.32
LOAD hw/acpi.32
LOAD hw/cpu.32
LOAD hw/ports.32
LOAD hw/smp.32
LOAD krnl/env.32
LOAD krnl/panic.32
LOAD net/ethernet.32
LOAD reg/registry.32
LOAD sys/sc_eject.32
LOAD sys/sc_exit.32
LOAD sys/sc_getcwd.32
LOAD sys/sc_getpid.32
LOAD sys/sc_getramdata.32
LOAD sys/sc_getvgaptr.32
LOAD sys/sc_loaddll.32
LOAD sys/sc_read.32
LOAD sys/sc_sbrk.32
LOAD sys/sc_setcwd.32
LOAD sys/sc_settime.32
LOAD sys/sc_timezone.32
LOAD sys/sc_write.32
LOAD sys/sc_wsbe.32
LOAD sys/sc_yield.32
LOAD sys/syscalls.32
LOAD thr/elf.32
LOAD thr/prcssthr.32
LOAD vm86/vm8086.32
LOAD vm86/x87em.32
LOAD fs/fat/vfslink.32
LOAD fs/iso9660/vfslink.32
LOAD hal/sound/sndchannel.32
LOAD hal/sound/sndhw.32
LOAD hw/bus/isa.32
LOAD hw/bus/pci.32
LOAD hw/diskctrl/ide.32
LOAD hw/diskctrl/satabus.32
LOAD hw/diskphys/ata.32
LOAD hw/diskphys/atapi.32
LOAD hw/diskphys/sata.32
LOAD hw/diskphys/satapi.32
LOAD hw/fpu/avx.32
LOAD hw/fpu/mmx.32
LOAD hw/fpu/sse.32
LOAD hw/fpu/x87.32
LOAD hw/intctrl/apic.32
LOAD hw/intctrl/pic.32
LOAD hw/timer/apictimer.32
LOAD hw/timer/pit.32
LOAD hw/fpu/x86/avx.32
LOAD hw/fpu/x86/sse.32
LOAD hw/fpu/x86/x87.32
LOAD /cygdrive/d/Users/Alex/Desktop/Toolchain/Output/bin/../lib/gcc/i386-banana/8.1.0/crtend.o
LOAD crtn.32
LOAD /cygdrive/d/Users/Alex/Desktop/Toolchain/Output/bin/../lib/gcc/i386-banana/8.1.0/libkgcc.a
LOAD D:/Users/Alex/Desktop/Banana/kernel/libsoftfp.a
LOAD D:/Users/Alex/Desktop/Banana/kernel/libk/libm32.a
                0x00000000c0000000                . = 0xc0000000

.text           0x00000000c0000000    0x28e68
 *(.text)
 .text          0x00000000c0000000       0x41 D:/Users/Alex/Desktop/Banana/kernel/boot.32
                0x00000000c0000020                callGlobalConstructors
 .text          0x00000000c0000041        0x0 crti.32
 *fill*         0x00000000c0000041        0x3 
 .text          0x00000000c0000044      0x101 /cygdrive/d/Users/Alex/Desktop/Toolchain/Output/bin/../lib/gcc/i386-banana/8.1.0/crtbegin.o
 *fill*         0x00000000c0000145        0xb 
 .text          0x00000000c0000150      0x517 D:/Users/Alex/Desktop/Banana/kernel/morenasm.32
                0x00000000c0000150                manualPCIProbe
                0x00000000c000019b                prepareTramp
                0x00000000c00001b4                voodooXADD
                0x00000000c000027f                doTPAUSE
                0x00000000c0000289                hasLegacyFPU
                0x00000000c00002ae                is486
                0x00000000c00002e4                detectCPUID
                0x00000000c00002fa                goToVM86
                0x00000000c000032a                goToUsermode
                0x00000000c0000354                switchToThreadASMFirstTime
                0x00000000c0000362                switchToThreadASM
                0x00000000c00003f2                asmQuickAcquireLock
                0x00000000c0000410                asmQuickReleaseLock
                0x00000000c000041c                asmAcquireLock
                0x00000000c000043d                asmReleaseLock
                0x00000000c0000450                loadGDT
                0x00000000c0000470                isr0
                0x00000000c0000480                isr1
                0x00000000c000048a                isr2
                0x00000000c0000494                isr3
                0x00000000c000049e                isr4
                0x00000000c00004a8                isr5
                0x00000000c00004b2                isr6
                0x00000000c00004bc                isr7
                0x00000000c00004c6                isr8
                0x00000000c00004ce                isr9
                0x00000000c00004d8                isr10
                0x00000000c00004e0                isr11
                0x00000000c00004e8                isr12
                0x00000000c00004f0                isr13
                0x00000000c00004f8                isr14
                0x00000000c0000500                isr15
                0x00000000c000050a                isr16
                0x00000000c0000514                isr17
                0x00000000c000051e                isr18
                0x00000000c0000528                irq3
                0x00000000c0000532                irq4
                0x00000000c000053c                irq5
                0x00000000c0000546                irq6
                0x00000000c0000550                irq7
                0x00000000c000055a                irq8
                0x00000000c0000564                irq9
                0x00000000c000056e                irq10
                0x00000000c0000578                irq11
                0x00000000c0000582                irq12
                0x00000000c000058c                irq13
                0x00000000c0000596                irq14
                0x00000000c00005a0                irq15
                0x00000000c00005aa                irq1
                0x00000000c00005b1                irq2
                0x00000000c00005b8                isr96
                0x00000000c00005bf                irq0
                0x00000000c00005c4                int_common_stub
                0x00000000c00005c4                syscall_common_stub
                0x00000000c00005f5                irq16
                0x00000000c00005ff                irq17
                0x00000000c0000609                irq18
                0x00000000c0000613                irq19
                0x00000000c000061d                irq20
                0x00000000c0000627                irq21
                0x00000000c0000631                irq22
                0x00000000c000063b                irq23
                0x00000000c0000645                hexStrToInt
                0x00000000c0000662                memcpy
 *fill*         0x00000000c0000667        0x1 
 .text          0x00000000c0000668      0x5dd acpica/utclib.32
                0x00000000c0000668                memcmp
                0x00000000c00006a4                memmove
                0x00000000c000076c                memset
                0x00000000c0000788                strlen
                0x00000000c00007a0                strpbrk
                0x00000000c00007dc                strtok
                0x00000000c0000828                strcpy
                0x00000000c000084c                strncpy
                0x00000000c00008b4                strcmp
                0x00000000c00008f4                strchr
                0x00000000c0000918                strncmp
                0x00000000c0000968                strcat
                0x00000000c0000998                strncat
                0x00000000c00009d4                strstr
                0x00000000c0000a1c                toupper
                0x00000000c0000a30                tolower
                0x00000000c0000a44                simple_strtoul
 .text          0x00000000c0000c45      0xfac core/malloc.32
                0x00000000c0000db0                dlfree
                0x00000000c000110b                dlmalloc
                0x00000000c0001648                dlrealloc
                0x00000000c00017ea                dlmemalign
                0x00000000c000190d                dlcalloc
                0x00000000c00019a7                dlcfree
                0x00000000c00019ac                dlindependent_calloc
                0x00000000c00019d1                dlindependent_comalloc
                0x00000000c00019e8                dlvalloc
                0x00000000c0001a13                dlpvalloc
                0x00000000c0001a49                dlmalloc_trim
                0x00000000c0001a56                dlmalloc_usable_size
                0x00000000c0001a87                dlmallinfo
                0x00000000c0001b56                dlmalloc_stats
                0x00000000c0001b67                dlmallopt
 .text          0x00000000c0001bf1        0x0 libk/string.32
 .text          0x00000000c0001bf1       0x51 fs/fat/diskio.32
                0x00000000c0001bf1                disk_status
                0x00000000c0001bf4                disk_initialize
                0x00000000c0001bf7                disk_read
                0x00000000c0001c0d                disk_write
                0x00000000c0001c23                disk_ioctl
 .text          0x00000000c0001c42     0x6833 fs/fat/ff.32
                0x00000000c0004f10                f_mount
                0x00000000c0004f72                f_open
                0x00000000c00053ae                f_read
                0x00000000c000562e                f_write
                0x00000000c00058e8                f_sync
                0x00000000c0005ac4                f_close
                0x00000000c0005af3                f_lseek
                0x00000000c0005faa                f_opendir
                0x00000000c00060ac                f_closedir
                0x00000000c00060ce                f_readdir
                0x00000000c0006169                f_stat
                0x00000000c00061f8                f_getfree
                0x00000000c00063c3                f_truncate
                0x00000000c00064bb                f_unlink
                0x00000000c000663e                f_mkdir
                0x00000000c000686a                f_rename
                0x00000000c0006b5d                f_chmod
                0x00000000c0006c3b                f_utime
                0x00000000c0006d19                f_getlabel
                0x00000000c0006f07                f_setlabel
                0x00000000c0007174                f_forward
                0x00000000c0007352                f_mkfs
 .text          0x00000000c0008475       0x2d fs/fat/ffsystem.32
                0x00000000c0008475                ff_memalloc
                0x00000000c000848b                ff_memfree
 .text          0x00000000c00084a2      0x253 fs/fat/ffunicode.32
                0x00000000c00084a2                ff_uni2oem
                0x00000000c0008532                ff_oem2uni
                0x00000000c000859e                ff_wtoupper
 .text          0x00000000c00086f5      0x8fb hal/libresample/samplerate.32
                0x00000000c0008739                src_delete
                0x00000000c0008775                src_process
                0x00000000c000892b                src_callback_read
                0x00000000c0008aa8                src_set_ratio
                0x00000000c0008b12                src_get_channels
                0x00000000c0008b34                src_reset
                0x00000000c0008b80                src_new
                0x00000000c0008c0e                src_callback_new
                0x00000000c0008c70                src_get_name
                0x00000000c0008ca7                src_get_description
                0x00000000c0008cde                src_get_version
                0x00000000c0008ce4                src_is_valid_ratio
                0x00000000c0008d38                src_error
                0x00000000c0008d46                src_strerror
                0x00000000c0008d59                src_simple
                0x00000000c0008dac                src_short_to_float_array
                0x00000000c0008e11                src_float_to_short_array
                0x00000000c0008ed0                src_int_to_float_array
                0x00000000c0008f33                src_float_to_int_array
 .text          0x00000000c0008ff0      0x8cb hal/libresample/src_linear.32
                0x00000000c0009816                linear_get_name
                0x00000000c0009825                linear_get_description
                0x00000000c0009834                linear_set_converter
 .text          0x00000000c00098bb     0x447c hal/libresample/src_sinc.32
                0x00000000c000dc4e                sinc_get_name
                0x00000000c000dc61                sinc_get_description
                0x00000000c000dc74                sinc_set_converter
 .text          0x00000000c000dd37      0x77c hal/libresample/src_zoh.32
                0x00000000c000e40e                zoh_get_name
                0x00000000c000e41d                zoh_get_description
                0x00000000c000e42c                zoh_set_converter
 .text          0x00000000c000e4b3       0xa8 compat/inlines.32
                0x00000000c000e4b3                CPU::current()
                0x00000000c000e4bf                operator new(unsigned long)
                0x00000000c000e4c4                operator delete(void*)
                0x00000000c000e4c9                disableIRQs()
                0x00000000c000e4d1                enableIRQs()
                0x00000000c000e4e0                lockScheduler()
                0x00000000c000e4e8                unlockScheduler()
                0x00000000c000e4f7                lockStuff()
                0x00000000c000e505                unlockStuff()
                0x00000000c000e53f                Virt::getAKernelVAS()
                0x00000000c000e545                __not_memcpy
 .text          0x00000000c000e55b      0x111 compat/resolve.32
                0x00000000c000e55b                Krnl::resolveCompatibilitySymbol(char*)
 .text          0x00000000c000e66c      0xa17 core/computer.32
                0x00000000c000e66c                Computer::close(int, int, void*)
                0x00000000c000e6b0                Krnl::firstTask()
                0x00000000c000e7a0                Computer::Computer()
                0x00000000c000e7a0                Computer::Computer()
                0x00000000c000e8fc                Computer::setBootMessage(char const*)
                0x00000000c000e8fe                Computer::detectFeatures()
                0x00000000c000eb08                Computer::displayFeatures()
                0x00000000c000ee4e                Computer::rdmsr(unsigned int)
                0x00000000c000ee7a                Computer::wrmsr(unsigned int, unsigned long long)
                0x00000000c000eeb2                Computer::nmiEnabled()
                0x00000000c000eebe                Computer::readCMOS(unsigned char)
                0x00000000c000eed8                Computer::enableNMI(bool)
                0x00000000c000eef0                Computer::open(int, int, void*)
                0x00000000c000efc6                Computer::disableNMI()
                0x00000000c000efd4                Computer::writeCMOS(unsigned char, unsigned char)
                0x00000000c000eff2                Computer::handleNMI()
                0x00000000c000f058                Computer::setDiskActivityLight(int, bool)
 *fill*         0x00000000c000f083        0x1 
 .text          0x00000000c000f084      0x1b7 core/gdt.32
                0x00000000c000f084                GDTEntry::setBase(unsigned int)
                0x00000000c000f0a0                GDTEntry::setLimit(unsigned int)
                0x00000000c000f0be                GDT::GDT()
                0x00000000c000f0be                GDT::GDT()
                0x00000000c000f0d4                GDT::addEntry(GDTEntry)
                0x00000000c000f110                GDT::getNumberOfEntries()
                0x00000000c000f118                GDT::flush()
                0x00000000c000f13a                GDT::setup()
 .text          0x00000000c000f23b       0x6b core/idle.32
                0x00000000c000f23b                idleFunction(void*)
 .text          0x00000000c000f2a6      0x45e core/idt.32
                0x00000000c000f2a6                IDTEntry::IDTEntry(bool)
                0x00000000c000f2a6                IDTEntry::IDTEntry(bool)
                0x00000000c000f314                IDTEntry::setOffset(unsigned int)
                0x00000000c000f328                IDT::IDT()
                0x00000000c000f328                IDT::IDT()
                0x00000000c000f32a                IDT::getPointerToInvalidOpcodeEntryForF00F()
                0x00000000c000f332                IDT::addEntry(IDTEntry, int)
                0x00000000c000f34c                IDT::addEntry(int, void (*)(), bool)
                0x00000000c000f384                IDT::flush()
                0x00000000c000f39e                IDT::setup()
 .text          0x00000000c000f704      0x1fe core/kheap.32
                0x00000000c000f704                sbrk
                0x00000000c000f811                mmap
                0x00000000c000f827                munmap
                0x00000000c000f83d                liballoc_lock()
                0x00000000c000f84a                liballoc_unlock()
                0x00000000c000f85e                liballoc_alloc(int)
                0x00000000c000f879                liballoc_free(void*, int)
                0x00000000c000f894                realloc
                0x00000000c000f8a8                malloc
                0x00000000c000f8b8                free
                0x00000000c000f8c8                rfree
                0x00000000c000f8d8                calloc
 .text          0x00000000c000f902      0x44f core/main.32
                0x00000000c000f902                hwTextMode_loadInData(VgaText*)
                0x00000000c000f947                hwTextMode_loadInTitle(VgaText*, char*)
                0x00000000c000f9b3                hwTextMode_showCursor(VgaText*, bool)
                0x00000000c000fa0e                hwTextMode_update(VgaText*)
                0x00000000c000fa0f                hwTextMode_updateCursor(VgaText*)
                0x00000000c000fa57                hwTextMode_disableBlink(VgaText*, bool)
                0x00000000c000fa9d                hwTextMode_scrollScreen(VgaText*)
                0x00000000c000fb3e                hwTextMode_writeCharacter(VgaText*, char, VgaColour, VgaColour, int, int)
                0x00000000c000fbbd                setupTextMode()
                0x00000000c000fc2d                kernel_main
 .text          0x00000000c000fd51      0x56c core/physmgr.32
                0x00000000c000fd51                Phys::allocateDMA(unsigned long)
                0x00000000c000fdf4                Phys::freeDMA(unsigned long, unsigned long)
                0x00000000c000fe3c                Phys::setPageState(unsigned long, bool)
                0x00000000c000fe6e                Phys::getPageState(unsigned long)
                0x00000000c000fe8a                Phys::freePage(unsigned long)
                0x00000000c000ff14                Phys::allocatePage()
                0x00000000c000fff9                Phys::allocateContiguousPages(int)
                0x00000000c0010055                Phys::allowSegmentToBeUsed(unsigned long, unsigned long)
                0x00000000c001008d                Phys::physicalMemorySetup(unsigned int)
 *fill*         0x00000000c00102bd        0x1 
 .text          0x00000000c00102be      0x267 core/pipe.32
                0x00000000c00102be                Pipe::isAtty()
                0x00000000c00102c2                Pipe::~Pipe()
                0x00000000c00102c2                Pipe::~Pipe()
                0x00000000c00102e6                Pipe::~Pipe()
                0x00000000c001030e                Pipe::read(unsigned long long, void*, int*)
                0x00000000c00103fe                Pipe::write(unsigned long long, void*, int*)
                0x00000000c00104be                Pipe::Pipe(int)
                0x00000000c00104be                Pipe::Pipe(int)
 *fill*         0x00000000c0010525        0x1 
 .text          0x00000000c0010526      0xe4b core/terminal.32
                0x00000000c0010526                VgaText::isAtty()
                0x00000000c001052a                VgaText::~VgaText()
                0x00000000c001052a                VgaText::~VgaText()
                0x00000000c001054e                VgaText::~VgaText()
                0x00000000c0010578                VgaText::read(unsigned long long, void*, int*)
                0x00000000c0010598                setTerminalScrollLock(bool)
                0x00000000c0010599                addToTerminalCycle(VgaText*)
                0x00000000c00105ba                installVgaTextImplementation()
                0x00000000c00105cf                scrollTerminalScrollLock(int)
                0x00000000c00105d0                VgaText::load()
                0x00000000c001061e                VgaText::updateCursor()
                0x00000000c0010634                VgaText::showCursor(bool)
                0x00000000c0010640                VgaText::disableBlink(bool)
                0x00000000c0010674                VgaText::doANSI_SGR(int)
                0x00000000c00106e8                VgaText::setDefaultBgColour(VgaColour)
                0x00000000c00106f8                VgaText::setDefaultFgColour(VgaColour)
                0x00000000c0010708                VgaText::setDefaultColours(VgaColour, VgaColour)
                0x00000000c0010728                VgaText::combineColours(unsigned char, unsigned char)
                0x00000000c001073a                VgaText::scrollScreen()
                0x00000000c00107ce                VgaText::combineCharAndColour(char, unsigned char)
                0x00000000c00107e0                VgaText::writeCharacter(char, VgaColour, VgaColour, int, int)
                0x00000000c001083c                VgaText::getCursorX()
                0x00000000c0010844                VgaText::getCursorY()
                0x00000000c001084c                VgaText::setCursor(int, int)
                0x00000000c0010864                VgaText::setCursorX(int)
                0x00000000c001087c                VgaText::setCursorY(int)
                0x00000000c0010894                VgaText::incrementCursor(bool)
                0x00000000c00108e8                VgaText::updateRAMUsageDisplay(int)
                0x00000000c001094c                VgaText::updateDiskUsage()
                0x00000000c0010ab6                VgaText::updateTitle()
                0x00000000c0010afa                VgaText::setTitleTextColour(VgaColour)
                0x00000000c0010b08                VgaText::setTitleColour(VgaColour)
                0x00000000c0010b16                VgaText::setTitle(char*)
                0x00000000c0010b3c                VgaText::decrementCursor(bool)
                0x00000000c0010b5e                VgaText::putchar(char, VgaColour, VgaColour)
                0x00000000c0010c36                VgaText::isShowingCursor()
                0x00000000c0010c3e                VgaText::isBlinkDisabled()
                0x00000000c0010c4a                VgaText::setCursorHeight(int)
                0x00000000c0010c62                VgaText::getCursorHeight()
                0x00000000c0010c6a                setActiveTerminal(VgaText*)
                0x00000000c0010d10                doTerminalCycle()
                0x00000000c0010d2a                VgaText::doUpdate()
                0x00000000c0010d38                VgaText::puts(char const*, VgaColour, VgaColour)
                0x00000000c0010eb0                VgaText::clearScreen()
                0x00000000c0010f0a                VgaText::putchar(char)
                0x00000000c0010ff6                VgaText::puts(char const*)
                0x00000000c001101c                VgaText::putx(unsigned int)
                0x00000000c0011062                VgaText::VgaText(char const*)
                0x00000000c0011062                VgaText::VgaText(char const*)
                0x00000000c0011210                VgaText::receiveKey(unsigned char)
                0x00000000c00112f8                VgaText::write(unsigned long long, void*, int*)
                0x00000000c001134c                newTerminal(char*)
 *fill*         0x00000000c0011371        0x1 
 .text          0x00000000c0011372      0x1b3 core/tss.32
                0x00000000c0011372                TSS::TSS()
                0x00000000c0011372                TSS::TSS()
                0x00000000c0011380                TSS::setESP(unsigned long)
                0x00000000c0011392                TSS::flush()
                0x00000000c00113b2                TSS::setup(unsigned long, unsigned long)
 *fill*         0x00000000c0011525        0x1 
 .text          0x00000000c0011526      0x4c2 core/unixfile.32
                0x00000000c0011526                ReservedFilename::read(unsigned long long, void*, int*)
                0x00000000c001157c                ReservedFilename::isAtty()
                0x00000000c0011598                ReservedFilename::write(unsigned long long, void*, int*)
                0x00000000c00115f6                UnixFile::getFileDescriptor()
                0x00000000c00115fe                UnixFile::UnixFile(int)
                0x00000000c00115fe                UnixFile::UnixFile(int)
                0x00000000c00117ae                ReservedFilename::ReservedFilename(int)
                0x00000000c00117ae                ReservedFilename::ReservedFilename(int)
                0x00000000c00117e0                UnixFile::~UnixFile()
                0x00000000c00117e0                UnixFile::~UnixFile()
                0x00000000c0011878                UnixFile::~UnixFile()
                0x00000000c00118a0                ReservedFilename::~ReservedFilename()
                0x00000000c00118a0                ReservedFilename::~ReservedFilename()
                0x00000000c00118c4                ReservedFilename::~ReservedFilename()
                0x00000000c00118eb                getFromFileDescriptor(int)
 .text          0x00000000c00119e8     0x12f9 core/virtmgr.32
                0x00000000c00119e8                Virt::setPageState(unsigned long, Virt::VirtPageState)
                0x00000000c0011a1d                Virt::getPageState(unsigned long)
                0x00000000c0011a41                Virt::allocateKernelVirtualPages(int)
                0x00000000c0011b52                Virt::freeSwapfilePage(unsigned long)
                0x00000000c0011b70                Virt::swapIDToSector(unsigned long)
                0x00000000c0011b82                Virt::allocateSwapfilePage()
                0x00000000c0011c00                Virt::virtualMemorySetup()
                0x00000000c0011c7f                Virt::swappingSetup()
                0x00000000c0011c80                Virt::setupPageSwapping(int)
                0x00000000c0011e4c                VAS::VAS()
                0x00000000c0011e4c                VAS::VAS()
                0x00000000c0011e88                VAS::VAS(VAS*)
                0x00000000c0011e88                VAS::VAS(VAS*)
                0x00000000c0011eb6                VAS::getForeignPageTableEntry(bool, unsigned long)
                0x00000000c0011ee2                VAS::getPageTableEntry(unsigned long)
                0x00000000c0011f01                Virt::freeKernelVirtualPages(unsigned long)
                0x00000000c0012024                VAS::freeAllocatedPages(unsigned long)
                0x00000000c0012048                VAS::virtualToPhysical(unsigned long)
                0x00000000c0012060                VAS::reflagRange(unsigned long, int, int, int)
                0x00000000c00120a0                VAS::setToWriteCombining(unsigned long, int)
                0x00000000c00120d2                VAS::mapOtherVASIn(bool, VAS*)
                0x00000000c00120fc                VAS::~VAS()
                0x00000000c00120fc                VAS::~VAS()
                0x00000000c0012278                VAS::mapPage(unsigned long, unsigned long, int)
                0x00000000c001237a                VAS::allocatePages(int, int)
                0x00000000c0012552                VAS::setCPUSpecific(unsigned long)
                0x00000000c001256e                VAS::mapRange(unsigned long, unsigned long, int, int)
                0x00000000c0012634                VAS::mapForeignPage(bool, VAS*, unsigned long, unsigned long, int)
                0x00000000c0012722                VAS::VAS(bool)
                0x00000000c0012722                VAS::VAS(bool)
                0x00000000c00129a2                VAS::evict(unsigned long)
                0x00000000c0012a64                VAS::tryLoadBackOffDisk(unsigned long)
                0x00000000c0012b74                VAS::scanForEviction()
                0x00000000c0012c25                mapVASFirstTime
 .text          0x00000000c0012ce1       0x95 coreobjs/c++.32
                0x00000000c0012ce1                __cxa_atexit
                0x00000000c0012ce4                __cxa_finalize
                0x00000000c0012ce5                __stack_chk_fail
                0x00000000c0012d51                __cxa_pure_virtual
                0x00000000c0012d62                operator new[](unsigned long)
                0x00000000c0012d67                operator delete(void*, unsigned long)
                0x00000000c0012d6c                operator delete[](void*)
                0x00000000c0012d71                operator delete[](void*, unsigned long)
 .text          0x00000000c0012d76      0x1ef dbg/kconsole.32
                0x00000000c0012d76                Dbg::stringifyxWithBase(unsigned int, char*, int)
                0x00000000c0012dd7                Dbg::logc(char)
                0x00000000c0012dee                Dbg::logs(char*)
                0x00000000c0012e0b                Dbg::logWriteInt(unsigned int)
                0x00000000c0012e28                Dbg::logWriteIntBase(unsigned int, int)
                0x00000000c0012e47                Dbg::kprintf(char const*, ...)
 *fill*         0x00000000c0012f65        0x1 
 .text          0x00000000c0012f66      0xb82 fs/vfs.32
                0x00000000c0012f66                File::read(unsigned long long, void*, int*)
                0x00000000c0012fbe                File::write(unsigned long long, void*, int*)
                0x00000000c0013016                Directory::read(unsigned long long, void*, int*)
                0x00000000c001306e                Directory::write(unsigned long long, void*, int*)
                0x00000000c001309c                File::isAtty()
                0x00000000c00130a0                Directory::isAtty()
                0x00000000c00130a4                Filesystem::getlabel(LogicalDisk*, int, char*, unsigned int*)
                0x00000000c00130aa                Filesystem::setlabel(LogicalDisk*, int, char*)
                0x00000000c00130b0                Filesystem::getFileFirstSector(char const*)
                0x00000000c00130b6                File::~File()
                0x00000000c00130b6                File::~File()
                0x00000000c00130da                File::~File()
                0x00000000c0013104                Directory::~Directory()
                0x00000000c0013104                Directory::~Directory()
                0x00000000c0013128                Directory::~Directory()
                0x00000000c0013152                Filesystem::Filesystem()
                0x00000000c0013152                Filesystem::Filesystem()
                0x00000000c0013176                Filesystem::~Filesystem()
                0x00000000c0013176                Filesystem::~Filesystem()
                0x00000000c0013184                Filesystem::~Filesystem()
                0x00000000c00131a8                Fs::getcwd(Process*, char*, int)
                0x00000000c00131d2                Fs::initVFS()
                0x00000000c00131fc                Fs::standardiseFiles(char*, char const*, char const*)
                0x00000000c00133a6                File::File(char const*, Process*)
                0x00000000c00133a6                File::File(char const*, Process*)
                0x00000000c001340a                File::open(FileOpenMode)
                0x00000000c0013468                File::close()
                0x00000000c00134c8                File::seek(unsigned long long)
                0x00000000c001351e                File::tell(unsigned long long*)
                0x00000000c001356e                File::rewind()
                0x00000000c0013582                File::unlink()
                0x00000000c00135ce                File::rename(char const*)
                0x00000000c001361c                File::chfatattr(unsigned char, unsigned char)
                0x00000000c0013678                File::exists()
                0x00000000c00136b6                File::stat(unsigned long long*, bool*)
                0x00000000c0013717                Fs::setcwd(Process*, char*)
                0x00000000c0013852                Directory::Directory(char const*, Process*)
                0x00000000c0013852                Directory::Directory(char const*, Process*)
                0x00000000c00138b6                Directory::open()
                0x00000000c0013912                Directory::close()
                0x00000000c0013972                Directory::unlink()
                0x00000000c00139be                Directory::rename(char const*)
                0x00000000c0013a0c                Directory::exists()
                0x00000000c0013a4a                Directory::read(dirent*)
                0x00000000c0013a96                Directory::create()
                0x00000000c0013ae2                Filesystem::chfatattr(char const*, unsigned char, unsigned char)
 .text          0x00000000c0013ae8       0x84 hal/bus.32
                0x00000000c0013ae8                Bus::Bus(char const*)
                0x00000000c0013ae8                Bus::Bus(char const*)
                0x00000000c0013b1e                Bus::~Bus()
                0x00000000c0013b1e                Bus::~Bus()
                0x00000000c0013b42                Bus::~Bus()
 .text          0x00000000c0013b6c      0x156 hal/buzzer.32
                0x00000000c0013b6c                Buzzer::Buzzer(char const*)
                0x00000000c0013b6c                Buzzer::Buzzer(char const*)
                0x00000000c0013bb0                Buzzer::~Buzzer()
                0x00000000c0013bb0                Buzzer::~Buzzer()
                0x00000000c0013bd4                Buzzer::~Buzzer()
                0x00000000c0013bfe                Buzzer::stop()
                0x00000000c0013c11                beepThread(void*)
                0x00000000c0013c54                Buzzer::beep(int, int, bool)
 .text          0x00000000c0013cc2      0x467 hal/clock.32
                0x00000000c0013cc2                User::loadClockSettings(int)
                0x00000000c0013d14                Clock::Clock(char const*)
                0x00000000c0013d14                Clock::Clock(char const*)
                0x00000000c0013d4a                Clock::~Clock()
                0x00000000c0013d4a                Clock::~Clock()
                0x00000000c0013d6e                Clock::~Clock()
                0x00000000c0013d98                Clock::timeInSecondsLocal()
                0x00000000c0013de0                Clock::setTimeInSecondsLocal(unsigned long long)
                0x00000000c0013e39                datetimeToSeconds(datetime_t)
                0x00000000c0013f60                Clock::setTimeInDatetimeLocal(datetime_t)
                0x00000000c0013fc0                secondsToDatetime(unsigned long long)
                0x00000000c0014104                Clock::timeInDatetimeLocal()
 *fill*         0x00000000c0014129        0x1 
 .text          0x00000000c001412a      0x4da hal/device.32
                0x00000000c001412a                Device::hibernate()
                0x00000000c001412c                Device::wake()
                0x00000000c001412e                Device::detect()
                0x00000000c0014130                Device::disableLegacy()
                0x00000000c0014132                Device::powerSaving(PowerSavingLevel)
                0x00000000c0014134                DriverlessDevice::close(int, int, void*)
                0x00000000c0014138                DriverlessDevice::detect()
                0x00000000c001413a                DriverlessDevice::open(int, int, void*)
                0x00000000c001414e                Device::~Device()
                0x00000000c001414e                Device::~Device()
                0x00000000c001415c                Device::~Device()
                0x00000000c0014184                Device::findAndLoadDriver()
                0x00000000c0014186                Device::preOpenPCI(PCIDeviceInfo)
                0x00000000c00141ac                Device::preOpenACPI(void*, char*, char*)
                0x00000000c00141ee                Device::addIRQHandler(int, void (*)(regs*, void*), bool, void*)
                0x00000000c001422c                Device::removeIRQHandler(int, void (*)(regs*, void*), bool)
                0x00000000c001426a                Device::addChild(Device*)
                0x00000000c00142ae                Device::removeAllChildren()
                0x00000000c00142f4                Device::hibernateAll()
                0x00000000c0014324                Device::wakeAll()
                0x00000000c0014354                Device::detectAll()
                0x00000000c0014384                Device::disableLegacyAll()
                0x00000000c00143b4                Device::loadDriversForAll()
                0x00000000c00143e0                Device::closeAll()
                0x00000000c0014416                Device::powerSavingAll(PowerSavingLevel)
                0x00000000c001444c                Device::setName(char const*)
                0x00000000c001445a                Device::Device(char const*)
                0x00000000c001445a                Device::Device(char const*)
                0x00000000c0014556                Device::getName()
                0x00000000c0014560                DriverlessDevice::DriverlessDevice(char const*)
                0x00000000c0014560                DriverlessDevice::DriverlessDevice(char const*)
                0x00000000c0014596                Device::addToLinkedList(LinkedList<Device>&, DeviceType)
                0x00000000c00145da                getDevicesOfType(DeviceType)
 .text          0x00000000c0014604       0x84 hal/diskctrl.32
                0x00000000c0014604                HardDiskController::HardDiskController(char const*)
                0x00000000c0014604                HardDiskController::HardDiskController(char const*)
                0x00000000c001463a                HardDiskController::~HardDiskController()
                0x00000000c001463a                HardDiskController::~HardDiskController()
                0x00000000c001465e                HardDiskController::~HardDiskController()
 .text          0x00000000c0014688       0xf2 hal/diskphys.32
                0x00000000c0014688                PhysicalDisk::eject()
                0x00000000c001469c                PhysicalDisk::PhysicalDisk(char const*, int)
                0x00000000c001469c                PhysicalDisk::PhysicalDisk(char const*, int)
                0x00000000c0014704                PhysicalDisk::startCache()
                0x00000000c001472c                PhysicalDisk::~PhysicalDisk()
                0x00000000c001472c                PhysicalDisk::~PhysicalDisk()
                0x00000000c0014750                PhysicalDisk::~PhysicalDisk()
 .text          0x00000000c001477a      0x13b hal/fpu.32
                0x00000000c001477a                FPU::FPU(char const*)
                0x00000000c001477a                FPU::FPU(char const*)
                0x00000000c00147b0                FPU::~FPU()
                0x00000000c00147b0                FPU::~FPU()
                0x00000000c00147d4                FPU::~FPU()
                0x00000000c00147fe                setupFPU()
 *fill*         0x00000000c00148b5        0x1 
 .text          0x00000000c00148b6     0x1439 hal/intctrl.32
                0x00000000c00148b6                InterruptController::uninstallISRHandler(int, void (*)(regs*, void*))
                0x00000000c00148ee                InterruptController::installISRHandler(int, void (*)(regs*, void*), void*)
                0x00000000c0014940                doubleFault(regs*, void*)
                0x00000000c001495a                InterruptController::installIRQHandler(int, void (*)(regs*, void*), bool, void*)
                0x00000000c00149f6                InterruptController::clearAllHandlers(int, bool)
                0x00000000c0014a9e                InterruptController::uninstallIRQHandler(int, void (*)(regs*, void*), bool)
                0x00000000c0014b25                nmiHandler(regs*, void*)
                0x00000000c0014b33                int_handler
                0x00000000c0014bd4                InterruptController::InterruptController(char const*)
                0x00000000c0014bd4                InterruptController::InterruptController(char const*)
                0x00000000c0014c7a                InterruptController::~InterruptController()
                0x00000000c0014c7a                InterruptController::~InterruptController()
                0x00000000c0014c9e                InterruptController::~InterruptController()
                0x00000000c0014cc8                displayDebugInfo(regs*)
                0x00000000c0015157                x87EmulHandler(regs*, void*)
                0x00000000c00151ca                gpFault(regs*, void*)
                0x00000000c0015203                pgFault(regs*, void*)
                0x00000000c001523f                otherISRHandler(regs*, void*)
                0x00000000c001525e                opcodeFault(regs*, void*)
                0x00000000c001587b                displayProgramFault(char const*)
                0x00000000c00158a3                setupInterruptController()
                0x00000000c0015ca2                InterruptController::convertLegacyIRQNumber(int)
 *fill*         0x00000000c0015cef        0x1 
 .text          0x00000000c0015cf0      0x794 hal/keybrd.32
                0x00000000c0015cf0                startGUI(void*)
                0x00000000c0015d5c                startGUIVESA(void*)
                0x00000000c0015dc8                sendKeyToTerminal(unsigned char)
                0x00000000c0015e86                sendKeyboardToken(KeyboardToken)
                0x00000000c00162c3                clearInternalKeybuffer(VgaText*)
                0x00000000c00162f8                readKeyboard(VgaText*, char*, unsigned long)
                0x00000000c00163fa                Keyboard::Keyboard(char const*)
                0x00000000c00163fa                Keyboard::Keyboard(char const*)
                0x00000000c0016436                Keyboard::~Keyboard()
                0x00000000c0016436                Keyboard::~Keyboard()
                0x00000000c001645a                Keyboard::~Keyboard()
 .text          0x00000000c0016484      0x414 hal/logidisk.32
                0x00000000c0016484                LogicalDisk::close(int, int, void*)
                0x00000000c0016488                LogicalDisk::~LogicalDisk()
                0x00000000c0016488                LogicalDisk::~LogicalDisk()
                0x00000000c00164ac                LogicalDisk::~LogicalDisk()
                0x00000000c00164d6                LogicalDisk::open(int, int, void*)
                0x00000000c00164ea                LogicalDisk::absoluteToRelative(unsigned long long)
                0x00000000c0016522                LogicalDisk::relativeToAbsolute(unsigned long long)
                0x00000000c0016568                LogicalDisk::LogicalDisk(char const*, PhysicalDisk*, unsigned long long, unsigned long long)
                0x00000000c0016568                LogicalDisk::LogicalDisk(char const*, PhysicalDisk*, unsigned long long, unsigned long long)
                0x00000000c001661e                LogicalDisk::assignDriveLetter()
                0x00000000c00166d4                LogicalDisk::mount()
                0x00000000c0016746                LogicalDisk::unmount()
                0x00000000c0016756                LogicalDisk::eject()
                0x00000000c001676a                LogicalDisk::unassignDriveLetter()
                0x00000000c00167c0                LogicalDisk::read(unsigned long long, int, void*)
                0x00000000c001682c                LogicalDisk::write(unsigned long long, int, void*)
 .text          0x00000000c0016898       0x84 hal/mouse.32
                0x00000000c0016898                Mouse::Mouse(char const*)
                0x00000000c0016898                Mouse::Mouse(char const*)
                0x00000000c00168ce                Mouse::~Mouse()
                0x00000000c00168ce                Mouse::~Mouse()
                0x00000000c00168f2                Mouse::~Mouse()
 .text          0x00000000c001691c      0x359 hal/partition.32
                0x00000000c001691c                makePartition(PhysicalDisk*, unsigned long long, unsigned long long)
                0x00000000c00169e4                createPartitionsForDisk(PhysicalDisk*)
 *fill*         0x00000000c0016c75        0x1 
 .text          0x00000000c0016c76       0x84 hal/serial.32
                0x00000000c0016c76                Serial::Serial(char const*)
                0x00000000c0016c76                Serial::Serial(char const*)
                0x00000000c0016cac                Serial::~Serial()
                0x00000000c0016cac                Serial::~Serial()
                0x00000000c0016cd0                Serial::~Serial()
 .text          0x00000000c0016cfa      0x2f3 hal/timer.32
                0x00000000c0016cfa                Timer::Timer(char const*)
                0x00000000c0016cfa                Timer::Timer(char const*)
                0x00000000c0016d30                Timer::~Timer()
                0x00000000c0016d30                Timer::~Timer()
                0x00000000c0016d54                Timer::~Timer()
                0x00000000c0016d7e                Timer::read()
                0x00000000c0016d89                timerHandler(unsigned long long)
                0x00000000c0016efb                setupTimer(int)
 *fill*         0x00000000c0016fed        0x1 
 .text          0x00000000c0016fee      0x40c hal/vcache.32
                0x00000000c0016fee                VCache::VCache(PhysicalDisk*)
                0x00000000c0016fee                VCache::VCache(PhysicalDisk*)
                0x00000000c0017156                VCache::invalidateReadBuffer()
                0x00000000c0017166                VCache::writeWriteBuffer()
                0x00000000c00171a2                VCache::~VCache()
                0x00000000c00171a2                VCache::~VCache()
                0x00000000c00171f6                VCache::~VCache()
                0x00000000c001721e                VCache::write(unsigned long long, int, void*)
                0x00000000c001730a                VCache::read(unsigned long long, int, void*)
 .text          0x00000000c00173fa      0x4cd hal/video.32
                0x00000000c00173fa                Video::putrect(int, int, int, int, unsigned int)
                0x00000000c0017446                Video::bitblit(int, int, int, int, int, int, int, unsigned int*)
                0x00000000c00174b6                Video::blit(unsigned int*, int, int, int, int)
                0x00000000c0017534                Video::clearScreen(unsigned int)
                0x00000000c0017568                Video::putpixel(int, int, unsigned int)
                0x00000000c0017576                Video::Video(char const*)
                0x00000000c0017576                Video::Video(char const*)
                0x00000000c00175ac                Video::~Video()
                0x00000000c00175ac                Video::~Video()
                0x00000000c00175d0                Video::~Video()
                0x00000000c00175fa                Video::isMonochrome()
                0x00000000c0017606                Video::getWidth()
                0x00000000c0017612                Video::getHeight()
                0x00000000c001761e                Video::drawCursor(int, int, unsigned char*, int)
                0x00000000c00176da                Video::tgaParse(unsigned char*, int, int*, int*)
                0x00000000c001785c                Video::putTGA(int, int, unsigned char*, int)
 *fill*         0x00000000c00178c7        0x1 
 .text          0x00000000c00178c8     0x10fb hw/acpi.32
                0x00000000c00178c8                ACPI::close(int, int, void*)
                0x00000000c001797d                findRSDP()
                0x00000000c0017a17                loadACPITables(unsigned char*)
                0x00000000c0017c5c                findRSDT(unsigned char*)
                0x00000000c0017d97                findDataTable(unsigned char*, char*)
                0x00000000c0017e33                scanMADT()
                0x00000000c00182ba                ACPI::ACPI()
                0x00000000c00182ba                ACPI::ACPI()
                0x00000000c0018324                ACPI::getPCIIRQAssignment(unsigned char, unsigned short, unsigned char)
                0x00000000c0018406                ACPI::registerPCIIRQAssignment(void*, unsigned short, unsigned char, unsigned char)
                0x00000000c00184cc                ACPI::setScreenBrightnessLevel(void*, int)
                0x00000000c00184d2                ACPI::writeSimpleBootFlag(SimpleBootFlagTable*)
                0x00000000c001851a                ACPI::sleep()
                0x00000000c0018532                ACPI::open(int, int, void*)
 *fill*         0x00000000c00189c3        0x1 
 .text          0x00000000c00189c4     0x1709 hw/cpu.32
                0x00000000c00189c4                CPU::close(int, int, void*)
                0x00000000c00189c8                CPU::lookupAMDName(unsigned char, unsigned char)
                0x00000000c0018b5c                CPU::lookupIntelName(unsigned char, unsigned char)
                0x00000000c0018e0a                CPU::AMD_K6_write_msr(unsigned int, unsigned int, unsigned int, CPU::REGS*)
                0x00000000c0018e26                CPU::AMD_K6_read_msr(unsigned int, CPU::REGS*)
                0x00000000c0018e3e                CPU::AMD_K6_writeback(int, int, int)
                0x00000000c0018eb2                CPU::cpuid(int, unsigned long*, unsigned long*, unsigned long*, unsigned long*)
                0x00000000c0018f36                CPU::cpuidCheckEDX(unsigned int)
                0x00000000c0018f64                CPU::cpuidCheckECX(unsigned int)
                0x00000000c0018f92                CPU::cpuidCheckExtendedEBX(unsigned int)
                0x00000000c0018fc0                CPU::cpuidCheckExtendedECX(unsigned int)
                0x00000000c0018fee                CPU::CPU()
                0x00000000c0018fee                CPU::CPU()
                0x00000000c001907c                CPU::displayFeatures()
                0x00000000c00192f8                CPU::detectFeatures()
                0x00000000c0019cdc                CPU::setupSMEP()
                0x00000000c0019ce8                CPU::setupUMIP()
                0x00000000c0019cf2                CPU::setupTSC()
                0x00000000c0019cfc                CPU::setupLargePages()
                0x00000000c0019d06                CPU::setupPAT()
                0x00000000c0019d42                CPU::setupMTRR()
                0x00000000c0019d44                CPU::setupGlobalPages()
                0x00000000c0019d4e                CPU::allowUsermodeDataAccess()
                0x00000000c0019d60                CPU::prohibitUsermodeDataAccess()
                0x00000000c0019d72                CPU::setupSMAP()
                0x00000000c0019d80                CPU::setupFeatures()
                0x00000000c0019e00                CPU::open(int, int, void*)
                0x00000000c0019ed2                CPU::decodeAddress(regs*, int*, bool*, unsigned char*)
 .text          0x00000000c001a0cd        0x0 hw/ports.32
 .text          0x00000000c001a0cd      0x16a hw/smp.32
                0x00000000c001a0cd                Krnl::smpEntry()
                0x00000000c001a0cf                Krnl::startCPU(int)
                0x00000000c001a218                Krnl::startCPUs()
 *fill*         0x00000000c001a237        0x1 
 .text          0x00000000c001a238      0x5c9 krnl/env.32
                0x00000000c001a238                EnvVarContainer::getEnv(char const*)
                0x00000000c001a276                EnvVarContainer::setEnv(char const*, char const*)
                0x00000000c001a334                EnvVarContainer::deleteEnv(char const*)
                0x00000000c001a336                EnvVarContainer::loadFrom(char const*, char const*)
                0x00000000c001a538                EnvVarContainer::__loadSystem()
                0x00000000c001a552                EnvVarContainer::__loadUser()
                0x00000000c001a554                EnvVarContainer::EnvVarContainer(Process*)
                0x00000000c001a554                EnvVarContainer::EnvVarContainer(Process*)
                0x00000000c001a576                EnvVarContainer::~EnvVarContainer()
                0x00000000c001a576                EnvVarContainer::~EnvVarContainer()
                0x00000000c001a5a6                Krnl::getEnv(Process*, char const*)
                0x00000000c001a60b                Krnl::setEnvSystem(char const*, char const*)
                0x00000000c001a625                Krnl::setEnvUser(char const*, char const*)
                0x00000000c001a644                Krnl::setEnvProcess(Process*, char const*, char const*)
                0x00000000c001a657                Krnl::deleteEnvSystem(char const*)
                0x00000000c001a658                Krnl::deleteEnvUser(char const*)
                0x00000000c001a659                Krnl::deleteEnvProcess(Process*, char const*)
                0x00000000c001a65a                Krnl::newProcessEnv(Process*)
                0x00000000c001a67c                Krnl::copyProcessEnv(Process*, Process*)
                0x00000000c001a6c8                Krnl::loadSystemEnv()
                0x00000000c001a6f6                Krnl::loadUserEnv()
                0x00000000c001a71c                Krnl::flushEnv()
                0x00000000c001a71d                Krnl::getProcessTotalEnvCount(Process*)
                0x00000000c001a73d                Krnl::getProcessEnvPair(Process*, int)
 .text          0x00000000c001a801      0x396 krnl/panic.32
                0x00000000c001a801                Krnl::panic(char const*)
 .text          0x00000000c001ab97      0x45d net/ethernet.32
                0x00000000c001ab97                Net::switchEndian16(unsigned short)
                0x00000000c001abb8                Net::switchEndian32(unsigned int)
                0x00000000c001abe7                Net::crc32Calc(unsigned char*, int)
                0x00000000c001ac78                Net::wrapEthernetFrame(Net::UnwrappedEthernetFrame, unsigned char*)
                0x00000000c001ae06                Net::unwrapEthernetFrame(unsigned char*, int)
 .text          0x00000000c001aff4      0x50c reg/registry.32
                0x00000000c001aff4                Reg::findLineFromLoadedData(char*, char*, char*)
                0x00000000c001b14c                Reg::getLineFromRegistry(char*, char*, char*, char*)
                0x00000000c001b2a1                Reg::getLine(char*, char*, char*)
                0x00000000c001b2d8                Reg::readInt(char*, char*, int*)
                0x00000000c001b3c3                Reg::readString(char*, char*, char*, int)
                0x00000000c001b444                Reg::readBool(char*, char*, bool*)
                0x00000000c001b469                Reg::readBoolWithDefault(char*, char*, bool)
                0x00000000c001b495                Reg::readIntWithDefault(char*, char*, int)
                0x00000000c001b4c1                Reg::readStringWithDefault(char*, char*, char*, int, char*)
 .text          0x00000000c001b500       0x36 sys/sc_eject.32
                0x00000000c001b500                Sys::eject(regs*)
 .text          0x00000000c001b536       0x18 sys/sc_exit.32
                0x00000000c001b536                Sys::exit(regs*)
 .text          0x00000000c001b54e       0x1f sys/sc_getcwd.32
                0x00000000c001b54e                Sys::getCwd(regs*)
 .text          0x00000000c001b56d        0xc sys/sc_getpid.32
                0x00000000c001b56d                Sys::getPID(regs*)
 .text          0x00000000c001b579       0x17 sys/sc_getramdata.32
                0x00000000c001b579                Sys::getRAMData(regs*)
 .text          0x00000000c001b590       0x84 sys/sc_getvgaptr.32
                0x00000000c001b590                Sys::getVGAPtr(regs*)
 .text          0x00000000c001b614       0xa8 sys/sc_loaddll.32
                0x00000000c001b614                Sys::loadDLL(regs*)
 .text          0x00000000c001b6bc       0x68 sys/sc_read.32
                0x00000000c001b6bc                Sys::read(regs*)
 .text          0x00000000c001b724       0x55 sys/sc_sbrk.32
                0x00000000c001b724                Sys::sbrk(regs*)
 .text          0x00000000c001b779       0x1c sys/sc_setcwd.32
                0x00000000c001b779                Sys::setCwd(regs*)
 .text          0x00000000c001b795      0x128 sys/sc_settime.32
                0x00000000c001b795                Sys::setTime(regs*)
 .text          0x00000000c001b8bd       0x4a sys/sc_timezone.32
                0x00000000c001b8bd                Sys::timezone(regs*)
 .text          0x00000000c001b907       0x68 sys/sc_write.32
                0x00000000c001b907                Sys::write(regs*)
 .text          0x00000000c001b96f       0x62 sys/sc_wsbe.32
                0x00000000c001b96f                Sys::wsbe(regs*)
 .text          0x00000000c001b9d1       0x46 sys/sc_yield.32
                0x00000000c001b9d1                Sys::yield(regs*)
 .text          0x00000000c001ba17     0x1102 sys/syscalls.32
                0x00000000c001ba17                sysCallSeekDir(regs*)
                0x00000000c001ba1c                sysCallTellDir(regs*)
                0x00000000c001ba21                sysCallVerify(regs*)
                0x00000000c001ba2b                sysFormatDisk(regs*)
                0x00000000c001ba95                sysSetDiskVolumeLabel(regs*)
                0x00000000c001badb                sysGetDiskVolumeLabel(regs*)
                0x00000000c001bb2c                sysShutdown(regs*)
                0x00000000c001bb8a                sysCallRealpath(regs*)
                0x00000000c001bbcd                sysCallGetArgc(regs*)
                0x00000000c001bbfb                sysCallReadDir(regs*)
                0x00000000c001bc89                sysCallIsATTY(regs*)
                0x00000000c001bce3                sysCallSeek(regs*)
                0x00000000c001bd4c                sysCallTell(regs*)
                0x00000000c001bdc9                sysCallSize(regs*)
                0x00000000c001be4c                sysCallSizeFromFilename(regs*)
                0x00000000c001bf0c                sysCallClose(regs*)
                0x00000000c001bf94                sysCallOpenDir(regs*)
                0x00000000c001c009                sysCallCloseDir(regs*)
                0x00000000c001c06f                sysCallMakeDir(regs*)
                0x00000000c001c0df                sysCallWait(regs*)
                0x00000000c001c0f9                sysCallNotImpl(regs*)
                0x00000000c001c114                sysPanic(regs*)
                0x00000000c001c13a                sysCallRmdir(regs*)
                0x00000000c001c19e                sysCallUnlink(regs*)
                0x00000000c001c202                sysCallGetArgv(regs*)
                0x00000000c001c24e                sysCallTTYName(regs*)
                0x00000000c001c2d1                sysCallUSleep(regs*)
                0x00000000c001c2f8                sysCallSpawn(regs*)
                0x00000000c001c36d                sysCallGetEnv(regs*)
                0x00000000c001c4a5                sysAppSettings(regs*)
                0x00000000c001c5ba                sysSetFatAttrib(regs*)
                0x00000000c001c62c                sysPipe(regs*)
                0x00000000c001c671                sysGetUnixTime(regs*)
                0x00000000c001c685                string_ends_with(char const*, char const*)
                0x00000000c001c6cd                sysCallOpen(regs*)
                0x00000000c001c8e2                Sys::loadSyscalls()
                0x00000000c001cad7                Sys::systemCall(regs*, void*)
 .text          0x00000000c001cb19     0x11fc thr/elf.32
                0x00000000c001cb19                Thr::allocateMemoryForTask(Process*, File*, unsigned long, unsigned long, unsigned long)
                0x00000000c001cdc2                Thr::loadProgramIntoMemory(Process*, char const*)
                0x00000000c001cfd8                Thr::runtimeReferenceHelper()
                0x00000000c001cfeb                Thr::getAddressOfKernelSymbol(char const*)
                0x00000000c001d03a                Thr::loadKernelSymbolTable(char const*)
                0x00000000c001d2f8                Thr::loadDriverIntoMemory(char const*, unsigned long, bool)
                0x00000000c001da2e                Thr::getDriverBaseFromAddress(unsigned long)
                0x00000000c001da60                Thr::getDriverNameFromAddress(unsigned long)
                0x00000000c001da97                Thr::getDriverOffsetFromAddress(unsigned long)
                0x00000000c001dab1                Thr::loadDLL(char const*, bool)
                0x00000000c001dcdc                Thr::executeDLL(unsigned long, void*)
 *fill*         0x00000000c001dd15        0x1 
 .text          0x00000000c001dd16     0x1315 thr/prcssthr.32
                0x00000000c001dd16                userModeEntryPoint(void*)
                0x00000000c001dd3c                changeTSS
                0x00000000c001dd6c                switchToThread(ThreadControlBlock*)
                0x00000000c001de16                Process::addArgs(char**)
                0x00000000c001de70                Process::Process(char const*, Process*, char**)
                0x00000000c001de70                Process::Process(char const*, Process*, char**)
                0x00000000c001e054                Process::Process(bool, char const*, Process*, char**)
                0x00000000c001e054                Process::Process(bool, char const*, Process*, char**)
                0x00000000c001e203                taskStartupFunction
                0x00000000c001e20c                Semaphore::Semaphore(int)
                0x00000000c001e20c                Semaphore::Semaphore(int)
                0x00000000c001e23a                Mutex::Mutex()
                0x00000000c001e23a                Mutex::Mutex()
                0x00000000c001e24c                Process::createThread(void (*)(void*), void*, int)
                0x00000000c001e352                Process::createUserThread()
                0x00000000c001e36e                setupMultitasking(void (*)())
                0x00000000c001e490                schedule()
                0x00000000c001e516                Semaphore::tryAcquire()
                0x00000000c001e5d2                Semaphore::assertLocked(char const*)
                0x00000000c001e641                blockTaskWithSchedulerLockAlreadyHeld(TaskState)
                0x00000000c001e68f                blockTask(TaskState)
                0x00000000c001e6bc                waitTask(int, int*, int)
                0x00000000c001e6fe                nanoSleepUntil(unsigned long long)
                0x00000000c001e793                nanoSleep(unsigned long long)
                0x00000000c001e7ab                sleep(unsigned long long)
                0x00000000c001e7c8                Semaphore::acquire()
                0x00000000c001e86a                taskReturned
                0x00000000c001e8a5                Thr::processFromPID(int)
                0x00000000c001e954                unblockTask(ThreadControlBlock*)
                0x00000000c001ea01                cleanupTerminatedTask(ThreadControlBlock*)
                0x00000000c001ecca                cleanerTaskFunction(void*)
                0x00000000c001edc3                terminateTask(int)
                0x00000000c001eef5                Thr::terminateFromIRQ(int)
                0x00000000c001ef02                Semaphore::release()
 .text          0x00000000c001f02b      0xc54 vm86/vm8086.32
                0x00000000c001f02b                Vm::inbv(unsigned short)
                0x00000000c001f03e                Vm::outbv(unsigned short, unsigned char)
                0x00000000c001f091                Vm::realToLinear(unsigned short, unsigned short)
                0x00000000c001f0a1                Vm::getSegment(unsigned int)
                0x00000000c001f0a9                Vm::getOffset(unsigned int)
                0x00000000c001f0ae                Vm::mainloop2()
                0x00000000c001f0e8                Vm::mainVm8086Loop(void*)
                0x00000000c001f0f8                Vm::mainloop3(unsigned long)
                0x00000000c001f11e                Vm::initialise8086()
                0x00000000c001f161                Vm::finish8086()
                0x00000000c001f1c2                Vm::getOutput8086(unsigned char*)
                0x00000000c001f1e8                Vm::start8086(char const*, unsigned short, unsigned short, unsigned short, unsigned short)
                0x00000000c001f350                Vm::doISR(regs*, int, unsigned char*, unsigned short, unsigned short)
                0x00000000c001f3da                Vm::readByteFromReal(unsigned short, unsigned short)
                0x00000000c001f3eb                Vm::readWordFromReal(unsigned short, unsigned short)
                0x00000000c001f3fd                Vm::readDwordFromReal(unsigned short, unsigned short)
                0x00000000c001f40e                Vm::writeByteFromReal(unsigned short, unsigned short, unsigned char)
                0x00000000c001f423                Vm::writeWordFromReal(unsigned short, unsigned short, unsigned short)
                0x00000000c001f439                Vm::writeDwordFromReal(unsigned short, unsigned short, unsigned int)
                0x00000000c001f44e                Vm::faultHandler(regs*)
 .text          0x00000000c001fc7f      0xefd vm86/x87em.32
                0x00000000c001fc7f                Vm::fpuInternalTo32(unsigned long long)
                0x00000000c001fcda                Vm::fpuInternalTo64(unsigned long long)
                0x00000000c001fce3                Vm::fpu32ToInternal(unsigned int)
                0x00000000c001fd28                Vm::fpu64ToInternal(unsigned long long)
                0x00000000c001fd31                Vm::fpuFloatToLong(unsigned long long)
                0x00000000c001fd8c                Vm::fpuULongToFloat(unsigned long long)
                0x00000000c001fdc2                Vm::fpuLongToFloat(long long)
                0x00000000c001fe18                Vm::fpuGet0()
                0x00000000c001fe1d                Vm::fpuGet1()
                0x00000000c001fe25                Vm::fpuGetPi()
                0x00000000c001fe2d                Vm::fpuGetLog2E()
                0x00000000c001fe45                Vm::fpuGetLogE2()
                0x00000000c001fe5d                Vm::fpuGetLog210()
                0x00000000c001fe75                Vm::fpuGetLog102()
                0x00000000c001fe8d                Vm::fpuIsSecondLarger(unsigned long long, unsigned long long)
                0x00000000c001fea1                Vm::fpuAreEqual(unsigned long long, unsigned long long)
                0x00000000c001feb7                Vm::fpuUnorderedCompare(unsigned long long, unsigned long long)
                0x00000000c001ff0a                Vm::fpuAdd(unsigned long long, unsigned long long)
                0x00000000c001ff1b                Vm::fpuAbs(unsigned long long)
                0x00000000c001ff24                Vm::fpuChs(unsigned long long)
                0x00000000c001ff34                Vm::fpuSub(unsigned long long, unsigned long long)
                0x00000000c001ff43                Vm::fpuMultiply(unsigned long long, unsigned long long)
                0x00000000c001ff62                Vm::fpuDivide(unsigned long long, unsigned long long)
                0x00000000c001ff7e                Vm::fpuSquare(unsigned long long)
                0x00000000c001ff94                Vm::fpuGetReg(int)
                0x00000000c001ffd7                Vm::fpuSetReg(int, unsigned long long)
                0x00000000c0020022                Vm::fpuPush(unsigned long long)
                0x00000000c002007f                Vm::fpuPop()
                0x00000000c00200d1                Vm::x87Handler(regs*)
 .text          0x00000000c0020b7c     0x11e5 fs/fat/vfslink.32
                0x00000000c0020b7c                FAT::getName()
                0x00000000c0020b82                FAT::tell(void*, unsigned long long*)
                0x00000000c0020bb6                FAT::stat(void*, unsigned long long*)
                0x00000000c0020bea                FAT::~FAT()
                0x00000000c0020bea                FAT::~FAT()
                0x00000000c0020c0e                FAT::~FAT()
                0x00000000c0020c36                FAT::getlabel(LogicalDisk*, int, char*, unsigned int*)
                0x00000000c0020cd4                FAT::setlabel(LogicalDisk*, int, char*)
                0x00000000c0020d8e                FAT::format(LogicalDisk*, int, char const*, int)
                0x00000000c0020f72                FAT::tryMount(LogicalDisk*, int)
                0x00000000c0021178                FAT::getFileFirstSector(char const*)
                0x00000000c002123a                FAT::readDir(void*, unsigned long, void*, int*)
                0x00000000c0021376                FAT::read(void*, unsigned long, void*, int*)
                0x00000000c00213d0                FAT::write(void*, unsigned long, void*, int*)
                0x00000000c002142a                FAT::close(void*)
                0x00000000c0021476                FAT::closeDir(void*)
                0x00000000c00214c2                FAT::seek(void*, unsigned long long)
                0x00000000c0021516                fatWrapperReadDisk
                0x00000000c002155d                fatWrapperWriteDisk
                0x00000000c00215a4                fatWrapperIoctl
                0x00000000c00216a8                FAT::FAT()
                0x00000000c00216a8                FAT::FAT()
                0x00000000c00216fa                FAT::fixFilepath(char*)
                0x00000000c0021732                FAT::open(char const*, void**, FileOpenMode)
                0x00000000c002185a                FAT::openDir(char const*, void**)
                0x00000000c0021900                FAT::stat(char const*, unsigned long long*, bool*)
                0x00000000c00219ea                FAT::unlink(char const*)
                0x00000000c0021a64                FAT::chfatattr(char const*, unsigned char, unsigned char)
                0x00000000c0021bb8                FAT::rename(char const*, char const*)
                0x00000000c0021c7c                FAT::mkdir(char const*)
                0x00000000c0021cf6                FAT::exists(char const*)
 *fill*         0x00000000c0021d61        0x1 
 .text          0x00000000c0021d62      0xba3 fs/iso9660/vfslink.32
                0x00000000c0021d62                ISO9660::format(LogicalDisk*, int, char const*, int)
                0x00000000c0021d68                ISO9660::seek(void*, unsigned long long)
                0x00000000c0021d98                ISO9660::tell(void*, unsigned long long*)
                0x00000000c0021dbc                ISO9660::getName()
                0x00000000c0021dc2                ISO9660::stat(void*, unsigned long long*)
                0x00000000c0021de6                ISO9660::chfatattr(char const*, unsigned char, unsigned char)
                0x00000000c0021dec                ISO9660::unlink(char const*)
                0x00000000c0021df2                ISO9660::write(void*, unsigned long, void*, int*)
                0x00000000c0021df8                ISO9660::rename(char const*, char const*)
                0x00000000c0021dfe                ISO9660::mkdir(char const*)
                0x00000000c0021e04                ISO9660::close(void*)
                0x00000000c0021e26                ISO9660::closeDir(void*)
                0x00000000c0021e48                ISO9660::~ISO9660()
                0x00000000c0021e48                ISO9660::~ISO9660()
                0x00000000c0021e6c                ISO9660::~ISO9660()
                0x00000000c0021e93                __memmem(unsigned char*, int, unsigned char*, int)
                0x00000000c0021ed5                readSectorFromCDROM(unsigned int, unsigned char*, char)
                0x00000000c0021f30                ISO9660::tryMount(LogicalDisk*, int)
                0x00000000c0021f80                ISO9660::read(void*, unsigned long, void*, int*)
                0x00000000c0022180                ISO9660::readDir(void*, unsigned long, void*, int*)
                0x00000000c00223fb                readRoot(unsigned int*, unsigned int*, char)
                0x00000000c0022450                readRecursively(char*, unsigned int, unsigned int, unsigned int*, unsigned int*, char, int*)
                0x00000000c0022623                getFileData(char*, unsigned int*, unsigned int*, char, int*)
                0x00000000c00226b2                ISO9660::open(char const*, void**, FileOpenMode)
                0x00000000c0022772                ISO9660::exists(char const*)
                0x00000000c0022796                ISO9660::stat(char const*, unsigned long long*, bool*)
                0x00000000c002282a                ISO9660::openDir(char const*, void**)
                0x00000000c00228e2                ISO9660::ISO9660()
                0x00000000c00228e2                ISO9660::ISO9660()
 *fill*         0x00000000c0022905        0x1 
 .text          0x00000000c0022906      0x326 hal/sound/sndchannel.32
                0x00000000c0022906                SoundChannel::~SoundChannel()
                0x00000000c0022906                SoundChannel::~SoundChannel()
                0x00000000c0022922                SoundChannel::setSpeed(float)
                0x00000000c002292e                SoundChannel::getSpeed()
                0x00000000c0022936                SoundChannel::setVolume(int)
                0x00000000c0022952                SoundChannel::getVolume()
                0x00000000c002295a                SoundChannel::pause()
                0x00000000c0022964                SoundChannel::SoundChannel(int, int, int, int)
                0x00000000c0022964                SoundChannel::SoundChannel(int, int, int, int)
                0x00000000c0022aba                SoundChannel::play()
                0x00000000c0022ac4                SoundChannel::paused()
                0x00000000c0022acc                SoundChannel::getSampleRate()
                0x00000000c0022ad4                SoundChannel::getBits()
                0x00000000c0022adc                SoundChannel::getBufferUsed()
                0x00000000c0022ae4                SoundChannel::getBufferSize()
                0x00000000c0022aec                SoundChannel::unbuffer(float*, int, int)
                0x00000000c0022b8c                SoundChannel::buffer8(unsigned char*, int)
 .text          0x00000000c0022c2c      0x3d5 hal/sound/sndhw.32
                0x00000000c0022c2c                SoundDevice::SoundDevice(char const*)
                0x00000000c0022c2c                SoundDevice::SoundDevice(char const*)
                0x00000000c0022c98                SoundDevice::~SoundDevice()
                0x00000000c0022c98                SoundDevice::~SoundDevice()
                0x00000000c0022d12                SoundDevice::~SoundDevice()
                0x00000000c0022d3c                SoundDevice::getFreeChannelNum()
                0x00000000c0022d56                SoundDevice::addChannel(SoundChannel*)
                0x00000000c0022dc6                SoundDevice::removeChannel(int)
                0x00000000c0022df8                SoundDevice::floatTo8(float*, unsigned char*, int)
                0x00000000c0022ee0                SoundDevice::getAudio(int, float*, float*)
 .text          0x00000000c0023001        0x0 hw/bus/isa.32
 *fill*         0x00000000c0023001        0x1 
 .text          0x00000000c0023002      0x795 hw/bus/pci.32
                0x00000000c0023002                PCI::open(int, int, void*)
                0x00000000c0023016                PCI::close(int, int, void*)
                0x00000000c002301a                PCI::PCI()
                0x00000000c002301a                PCI::PCI()
                0x00000000c002309a                PCI::readBAR8(unsigned int, int)
                0x00000000c00230b6                PCI::readBAR16(unsigned int, int)
                0x00000000c00230d4                PCI::readBAR32(unsigned int, int)
                0x00000000c00230f0                PCI::writeBAR8(unsigned int, unsigned char, int)
                0x00000000c0023110                PCI::writeBAR16(unsigned int, unsigned short, int)
                0x00000000c0023132                PCI::writeBAR32(unsigned int, unsigned int, int)
                0x00000000c0023152                PCI::pciReadWord(unsigned char, unsigned char, unsigned char, unsigned char)
                0x00000000c002319a                PCI::getVendorID(unsigned char, unsigned char, unsigned char)
                0x00000000c00231bc                PCI::getHeaderType(unsigned char, unsigned char, unsigned char)
                0x00000000c00231e0                PCI::getClassCode(unsigned char, unsigned char, unsigned char)
                0x00000000c0023224                PCI::getProgIF(unsigned char, unsigned char, unsigned char)
                0x00000000c0023248                PCI::getRevisionID(unsigned char, unsigned char, unsigned char)
                0x00000000c002326a                PCI::getInterruptNumber(unsigned char, unsigned char, unsigned char)
                0x00000000c002328c                PCI::getSecondaryBus(unsigned char, unsigned char, unsigned char)
                0x00000000c00232b0                PCI::getBARAddress(unsigned char, unsigned char, unsigned char, unsigned char)
                0x00000000c0023310                PCI::pciWriteWord(unsigned char, unsigned char, unsigned char, unsigned char, unsigned short)
                0x00000000c002337c                PCI::pciDetailsToFilepath(PCIDeviceInfo)
                0x00000000c0023380                PCI::checkBus(unsigned char)
                0x00000000c00233a4                PCI::foundDevice(PCIDeviceInfo)
                0x00000000c002352c                PCI::getDeviceData(unsigned char, unsigned char, unsigned char)
                0x00000000c00236d8                PCI::checkDevice(unsigned char, unsigned char)
                0x00000000c0023744                PCI::detect()
 *fill*         0x00000000c0023797        0x1 
 .text          0x00000000c0023798      0xc70 hw/diskctrl/ide.32
                0x00000000c0023798                IDE::close(int, int, void*)
                0x00000000c002379c                IDE::IDE()
                0x00000000c002379c                IDE::IDE()
                0x00000000c00237d0                IDE::prepareInterrupt(unsigned char)
                0x00000000c00237e2                selectDrive(unsigned char, unsigned char)
                0x00000000c00237e4                IDE::getBase(unsigned char)
                0x00000000c00237f6                IDE::write(unsigned char, unsigned char, unsigned char)
                0x00000000c00238b6                IDE::read(unsigned char, unsigned char)
                0x00000000c0023964                IDE::waitInterrupt(unsigned char)
                0x00000000c00239ca                ideChannel0IRQHandler(regs*, void*)
                0x00000000c00239e6                ideChannel1IRQHandler(regs*, void*)
                0x00000000c0023a02                IDE::enableIRQs(unsigned char, bool)
                0x00000000c0023a48                IDE::open(int, int, void*)
                0x00000000c0023e58                IDE::readBuffer(unsigned char, unsigned char, unsigned int, unsigned int)
                0x00000000c0023f24                IDE::detect()
                0x00000000c002420c                IDE::printError(unsigned char, unsigned char, unsigned char)
                0x00000000c00243a2                IDE::polling(unsigned char, unsigned int)
 .text          0x00000000c0024408      0x390 hw/diskctrl/satabus.32
                0x00000000c0024408                SATABus::close(int, int, void*)
                0x00000000c002440c                SATABus::detect()
                0x00000000c002440e                SATABus::SATABus()
                0x00000000c002440e                SATABus::SATABus()
                0x00000000c00244ba                SATABus::findCmdslot(SATABus::tagHBA_PORT volatile*)
                0x00000000c0024502                SATABus::checkType(SATABus::tagHBA_PORT volatile*)
                0x00000000c002454a                SATABus::startCmd(SATABus::tagHBA_PORT volatile*)
                0x00000000c002456a                SATABus::stopCmd(SATABus::tagHBA_PORT volatile*)
                0x00000000c0024594                SATABus::portRebase(SATABus::tagHBA_PORT volatile*, int)
                0x00000000c002469a                SATABus::probePort(SATABus::tagHBA_MEM volatile*)
                0x00000000c0024778                SATABus::open(int, int, void*)
 .text          0x00000000c0024798      0x63c hw/diskphys/ata.32
                0x00000000c0024798                ATA::close(int, int, void*)
                0x00000000c00247bc                ATA::powerSaving(PowerSavingLevel)
                0x00000000c00247be                ATA::ATA()
                0x00000000c00247be                ATA::ATA()
                0x00000000c00247ec                ATA::flush(bool)
                0x00000000c0024836                ATA::readyForCommand()
                0x00000000c0024886                ATA::access(unsigned long long, int, void*, bool)
                0x00000000c0024c0e                ATA::read(unsigned long long, int, void*)
                0x00000000c0024c76                ATA::write(unsigned long long, int, void*)
                0x00000000c0024cde                ATA::detectCHS()
                0x00000000c0024d08                ATA::open(int, int, void*)
 .text          0x00000000c0024dd4      0x5bd hw/diskphys/atapi.32
                0x00000000c0024dd4                ATAPI::write(unsigned long long, int, void*)
                0x00000000c0024dda                ATAPI::close(int, int, void*)
                0x00000000c0024dfe                ATAPI::ATAPI()
                0x00000000c0024dfe                ATAPI::ATAPI()
                0x00000000c0024e2c                ATAPI::readyForCommand()
                0x00000000c0024e7c                ATAPI::sendPacket(unsigned char*, int, bool, unsigned short*, int)
                0x00000000c002513c                ATAPI::diskRemoved()
                0x00000000c0025158                ATAPI::eject()
                0x00000000c00251a0                ATAPI::diskInserted()
                0x00000000c00251ce                ATAPI::detectMedia()
                0x00000000c002528a                ATAPI::open(int, int, void*)
                0x00000000c0025312                ATAPI::read(unsigned long long, int, void*)
 *fill*         0x00000000c0025391        0x1 
 .text          0x00000000c0025392      0x451 hw/diskphys/sata.32
                0x00000000c0025392                SATA::close(int, int, void*)
                0x00000000c00253b6                SATA::powerSaving(PowerSavingLevel)
                0x00000000c00253b8                SATA::open(int, int, void*)
                0x00000000c0025462                SATA::SATA()
                0x00000000c0025462                SATA::SATA()
                0x00000000c0025490                SATA::access(unsigned long long, int, void*, bool)
                0x00000000c00256f6                SATA::read(unsigned long long, int, void*)
                0x00000000c002575e                SATA::write(unsigned long long, int, void*)
 *fill*         0x00000000c00257e3        0x1 
 .text          0x00000000c00257e4      0x4fe hw/diskphys/satapi.32
                0x00000000c00257e4                SATAPI::write(unsigned long long, int, void*)
                0x00000000c00257ea                SATAPI::close(int, int, void*)
                0x00000000c002580e                SATAPI::SATAPI()
                0x00000000c002580e                SATAPI::SATAPI()
                0x00000000c002583c                SATAPI::diskRemoved()
                0x00000000c0025858                SATAPI::diskInserted()
                0x00000000c0025886                SATAPI::sendPacket(unsigned char*, int, unsigned long long, unsigned short*, int)
                0x00000000c0025a8e                SATAPI::eject()
                0x00000000c0025ad6                SATAPI::detectMedia()
                0x00000000c0025b98                SATAPI::open(int, int, void*)
                0x00000000c0025c40                SATAPI::read(unsigned long long, int, void*)
 .text          0x00000000c0025ce2       0x8e hw/fpu/avx.32
                0x00000000c0025ce2                AVX::open(int, int, void*)
                0x00000000c0025cf4                AVX::close(int, int, void*)
                0x00000000c0025d06                AVX::available()
                0x00000000c0025d18                AVX::save(void*)
                0x00000000c0025d30                AVX::load(void*)
                0x00000000c0025d48                AVX::AVX()
                0x00000000c0025d48                AVX::AVX()
 .text          0x00000000c0025d70       0x90 hw/fpu/mmx.32
                0x00000000c0025d70                MMX::available()
                0x00000000c0025d84                MMX::open(int, int, void*)
                0x00000000c0025d96                MMX::close(int, int, void*)
                0x00000000c0025da8                MMX::save(void*)
                0x00000000c0025dc0                MMX::load(void*)
                0x00000000c0025dd8                MMX::MMX()
                0x00000000c0025dd8                MMX::MMX()
 .text          0x00000000c0025e00       0x96 hw/fpu/sse.32
                0x00000000c0025e00                SSE::open(int, int, void*)
                0x00000000c0025e12                SSE::close(int, int, void*)
                0x00000000c0025e24                SSE::available()
                0x00000000c0025e3e                SSE::save(void*)
                0x00000000c0025e56                SSE::load(void*)
                0x00000000c0025e6e                SSE::SSE()
                0x00000000c0025e6e                SSE::SSE()
 .text          0x00000000c0025e96       0x8e hw/fpu/x87.32
                0x00000000c0025e96                x87::open(int, int, void*)
                0x00000000c0025ea8                x87::close(int, int, void*)
                0x00000000c0025eba                x87::available()
                0x00000000c0025ecc                x87::save(void*)
                0x00000000c0025ee4                x87::load(void*)
                0x00000000c0025efc                x87::x87()
                0x00000000c0025efc                x87::x87()
 .text          0x00000000c0025f24      0x71e hw/intctrl/apic.32
                0x00000000c0025f24                APIC::disable()
                0x00000000c0025f26                APIC::close(int, int, void*)
                0x00000000c0025f48                IOAPIC::close(int, int, void*)
                0x00000000c0025f4e                APIC::io_wait()
                0x00000000c0025f54                APIC::getBase()
                0x00000000c0025f96                APIC::eoi(unsigned char)
                0x00000000c0025fc4                APIC::open(int, int, void*)
                0x00000000c0026112                IOAPIC::IOAPIC()
                0x00000000c0026112                IOAPIC::IOAPIC()
                0x00000000c002613a                APIC::APIC()
                0x00000000c002613a                APIC::APIC()
                0x00000000c0026216                IOAPIC::handlesGSIWithNumber(unsigned int)
                0x00000000c0026248                IOAPIC::read(int)
                0x00000000c0026270                IOAPIC::open(int, int, void*)
                0x00000000c0026366                IOAPIC::write(int, int)
                0x00000000c0026392                IOAPIC::redirect(unsigned char, unsigned long long, unsigned char, bool, bool)
                0x00000000c002648c                APIC::installIRQHandler(int, void (*)(regs*, void*), bool, void*)
 .text          0x00000000c0026642      0x3d3 hw/intctrl/pic.32
                0x00000000c0026642                PIC::disable()
                0x00000000c0026670                PIC::close(int, int, void*)
                0x00000000c0026692                PIC::PIC()
                0x00000000c0026692                PIC::PIC()
                0x00000000c0026768                PIC::ioWait()
                0x00000000c002676e                PIC::getIRQReg(int)
                0x00000000c00267d8                PIC::eoi(unsigned char)
                0x00000000c002686a                PIC::remap()
                0x00000000c00269d6                PIC::open(int, int, void*)
 *fill*         0x00000000c0026a15        0x1 
 .text          0x00000000c0026a16      0x25e hw/timer/apictimer.32
                0x00000000c0026a16                APICTimer::close(int, int, void*)
                0x00000000c0026a1c                apicTimerHandler(regs*, void*)
                0x00000000c0026a4a                APICTimer::write(int)
                0x00000000c0026b4e                APICTimer::open(int, int, void*)
                0x00000000c0026c4c                APICTimer::APICTimer()
                0x00000000c0026c4c                APICTimer::APICTimer()
 .text          0x00000000c0026c74      0x1a7 hw/timer/pit.32
                0x00000000c0026c74                PIT::write(int)
                0x00000000c0026cf2                pitHandler(regs*, void*)
                0x00000000c0026d1e                PIT::open(int, int, void*)
                0x00000000c0026d6c                PIT::close(int, int, void*)
                0x00000000c0026d9c                PIT::PIT()
                0x00000000c0026d9c                PIT::PIT()
 *fill*         0x00000000c0026e1b        0x5 
 .text          0x00000000c0026e20       0x1e hw/fpu/x86/avx.32
                0x00000000c0026e20                avxDetect
                0x00000000c0026e26                avxSave
                0x00000000c0026e27                avxLoad
                0x00000000c0026e28                avxInit
                0x00000000c0026e29                avxClose
                0x00000000c0026e2a                wouldSheSayYes
 *fill*         0x00000000c0026e3e        0x2 
 .text          0x00000000c0026e40       0x35 hw/fpu/x86/sse.32
                0x00000000c0026e40                absolutelyNoChanceInHell
                0x00000000c0026e40                sseDetect
                0x00000000c0026e58                sseSave
                0x00000000c0026e5e                sseLoad
                0x00000000c0026e64                sseInit
                0x00000000c0026e74                sseClose
 *fill*         0x00000000c0026e75        0xb 
 .text          0x00000000c0026e80       0x4d hw/fpu/x86/x87.32
                0x00000000c0026e86                x87Detect
                0x00000000c0026ea1                x87Save
                0x00000000c0026eaa                x87Load
                0x00000000c0026eb2                x87Init
                0x00000000c0026ecc                x87Close
 *fill*         0x00000000c0026ecd        0x3 
 .text          0x00000000c0026ed0       0x25 /cygdrive/d/Users/Alex/Desktop/Toolchain/Output/bin/../lib/gcc/i386-banana/8.1.0/crtend.o
 .text          0x00000000c0026ef5        0x0 crtn.32
 *fill*         0x00000000c0026ef5        0x3 
 .text          0x00000000c0026ef8      0x14b /cygdrive/d/Users/Alex/Desktop/Toolchain/Output/bin/../lib/gcc/i386-banana/8.1.0/libkgcc.a(_divdi3.o)
                0x00000000c0026ef8                __divdi3
 *fill*         0x00000000c0027043        0x1 
 .text          0x00000000c0027044      0x17e /cygdrive/d/Users/Alex/Desktop/Toolchain/Output/bin/../lib/gcc/i386-banana/8.1.0/libkgcc.a(_moddi3.o)
                0x00000000c0027044                __moddi3
 *fill*         0x00000000c00271c2        0x2 