Archive member included to satisfy reference by file (symbol)

/cygdrive/d/Users/Alex/Desktop/Toolchain/Output/bin/../lib/gcc/i386-banana/8.1.0/libkgcc.a(_divdi3.o)
                              fs/fat/ff.32 (__divdi3)
/cygdrive/d/Users/Alex/Desktop/Toolchain/Output/bin/../lib/gcc/i386-banana/8.1.0/libkgcc.a(_moddi3.o)
                              thr/elf.32 (__moddi3)
/cygdrive/d/Users/Alex/Desktop/Toolchain/Output/bin/../lib/gcc/i386-banana/8.1.0/libkgcc.a(_udivdi3.o)
                              fs/fat/ff.32 (__udivdi3)
/cygdrive/d/Users/Alex/Desktop/Toolchain/Output/bin/../lib/gcc/i386-banana/8.1.0/libkgcc.a(_umoddi3.o)
                              core/pipe.32 (__umoddi3)
D:/Users/Alex/Desktop/Banana/kernel/libsoftfp.a(sfieeelib.o)
                              hal/sound/sndhw.32 (__addsf3)
D:/Users/Alex/Desktop/Banana/kernel/libsoftfp.a(dfieeelib.o)
                              hal/libresample/src_linear.32 (__adddf3)
D:/Users/Alex/Desktop/Banana/kernel/libsoftfp.a(sfdfcvt.o)
                              hal/libresample/samplerate.32 (__truncdfsf2)
D:/Users/Alex/Desktop/Banana/kernel/libk/libm32.a(s_fabs.c.o)
                              hal/libresample/samplerate.32 (fabs)
D:/Users/Alex/Desktop/Banana/kernel/libk/libm32.a(s_lrint.S.o)
                              hal/libresample/samplerate.32 (lrint)
D:/Users/Alex/Desktop/Banana/kernel/libk/libm32.a(s_lrintf.S.o)
                              hal/sound/sndhw.32 (lrintf)

Discarded input sections

 .comment       0x0000000000000000       0x12 /cygdrive/d/Users/Alex/Desktop/Toolchain/Output/bin/../lib/gcc/i386-banana/8.1.0/crtbegin.o
 .comment       0x0000000000000000       0x12 acpica/utclib.32
 .comment       0x0000000000000000       0x12 core/malloc.32
 .comment       0x0000000000000000       0x12 libk/string.32
 .comment       0x0000000000000000       0x12 fs/fat/diskio.32
 .comment       0x0000000000000000       0x12 fs/fat/ff.32
 .comment       0x0000000000000000       0x12 fs/fat/ffsystem.32
 .comment       0x0000000000000000       0x12 fs/fat/ffunicode.32
 .comment       0x0000000000000000       0x12 hal/libresample/samplerate.32
 .comment       0x0000000000000000       0x12 hal/libresample/src_linear.32
 .comment       0x0000000000000000       0x12 hal/libresample/src_sinc.32
 .comment       0x0000000000000000       0x12 hal/libresample/src_zoh.32
 .comment       0x0000000000000000       0x12 compat/inlines.32
 .group         0x0000000000000000       0x14 core/computer.32
 .group         0x0000000000000000        0xc core/computer.32
 .comment       0x0000000000000000       0x12 core/computer.32
 .comment       0x0000000000000000       0x12 core/gdt.32
 .group         0x0000000000000000        0xc core/idle.32
 .comment       0x0000000000000000       0x12 core/idle.32
 .comment       0x0000000000000000       0x12 core/idt.32
 .comment       0x0000000000000000       0x12 core/kheap.32
 .comment       0x0000000000000000       0x12 core/main.32
 .comment       0x0000000000000000       0x12 core/physmgr.32
 .group         0x0000000000000000        0xc core/pipe.32
 .comment       0x0000000000000000       0x12 core/pipe.32
 .group         0x0000000000000000        0xc core/terminal.32
 .comment       0x0000000000000000       0x12 core/terminal.32
 .comment       0x0000000000000000       0x12 core/tss.32
 .group         0x0000000000000000        0x8 core/unixfile.32
 .group         0x0000000000000000        0xc core/unixfile.32
 .group         0x0000000000000000        0xc core/unixfile.32
 .group         0x0000000000000000        0x8 core/unixfile.32
 .group         0x0000000000000000        0xc core/unixfile.32
 .group         0x0000000000000000        0x8 core/unixfile.32
 .group         0x0000000000000000        0xc core/unixfile.32
 .group         0x0000000000000000        0xc core/unixfile.32
 .comment       0x0000000000000000       0x12 core/unixfile.32
 .comment       0x0000000000000000       0x12 core/virtmgr.32
 .comment       0x0000000000000000       0x12 coreobjs/c++.32
 .comment       0x0000000000000000       0x12 dbg/kconsole.32
 .group         0x0000000000000000        0xc fs/vfs.32
 .group         0x0000000000000000        0xc fs/vfs.32
 .group         0x0000000000000000        0xc fs/vfs.32
 .comment       0x0000000000000000       0x12 fs/vfs.32
 .group         0x0000000000000000        0xc hal/bus.32
 .comment       0x0000000000000000       0x12 hal/bus.32
 .group         0x0000000000000000        0xc hal/buzzer.32
 .comment       0x0000000000000000       0x12 hal/buzzer.32
 .group         0x0000000000000000        0xc hal/clock.32
 .comment       0x0000000000000000       0x12 hal/clock.32
 .group         0x0000000000000000       0x14 hal/device.32
 .group         0x0000000000000000        0xc hal/device.32
 .group         0x0000000000000000        0xc hal/device.32
 .group         0x0000000000000000        0xc hal/device.32
 .group         0x0000000000000000        0xc hal/device.32
[...]
Memory Configuration

Name             Origin             Length             Attributes
*default*        0x0000000000000000 0xffffffffffffffff

Linker script and memory map

LOAD D:/Users/Alex/Desktop/Banana/kernel/boot.32
LOAD crti.32
LOAD /cygdrive/d/Users/Alex/Desktop/Toolchain/Output/bin/../lib/gcc/i386-banana/8.1.0/crtbegin.o
LOAD D:/Users/Alex/Desktop/Banana/kernel/morenasm.32
LOAD acpica/utclib.32
LOAD core/malloc.32
LOAD libk/string.32
LOAD fs/fat/diskio.32
LOAD fs/fat/ff.32
LOAD fs/fat/ffsystem.32
LOAD fs/fat/ffunicode.32
LOAD hal/libresample/samplerate.32
LOAD hal/libresample/src_linear.32
LOAD hal/libresample/src_sinc.32
LOAD hal/libresample/src_zoh.32
LOAD compat/inlines.32
LOAD core/computer.32
LOAD core/gdt.32
LOAD core/idle.32
LOAD core/idt.32
LOAD core/kheap.32
LOAD core/main.32
LOAD core/physmgr.32
LOAD core/pipe.32
LOAD core/terminal.32
LOAD core/tss.32
LOAD core/unixfile.32
LOAD core/virtmgr.32
LOAD coreobjs/c++.32
LOAD dbg/kconsole.32
LOAD fs/vfs.32
LOAD hal/bus.32
LOAD hal/buzzer.32
LOAD hal/clock.32
LOAD hal/device.32
LOAD hal/diskctrl.32
LOAD hal/diskphys.32
LOAD hal/fpu.32
LOAD hal/intctrl.32
LOAD hal/keybrd.32
LOAD hal/logidisk.32
LOAD hal/mouse.32
LOAD hal/partition.32
LOAD hal/serial.32
LOAD hal/timer.32
LOAD hal/vcache.32
LOAD hal/video.32
LOAD hw/acpi.32
LOAD hw/cpu.32
LOAD hw/ports.32
LOAD krnl/panic.32
LOAD reg/registry.32
LOAD sys/sc_exit.32
LOAD sys/sc_getcwd.32
LOAD sys/sc_getpid.32
LOAD sys/sc_loaddll.32
LOAD sys/sc_read.32
LOAD sys/sc_sbrk.32
LOAD sys/sc_setcwd.32
LOAD sys/sc_write.32
LOAD sys/sc_yield.32
LOAD sys/syscalls.32
LOAD thr/elf.32
LOAD thr/prcssthr.32
LOAD vm86/vm8086.32
LOAD vm86/x87em.32
LOAD fs/fat/vfslink.32
LOAD fs/iso9660/vfslink.32
LOAD hal/sound/sndchannel.32
LOAD hal/sound/sndhw.32
LOAD hw/bus/isa.32
LOAD hw/bus/pci.32
LOAD hw/diskctrl/ide.32
LOAD hw/diskctrl/satabus.32
LOAD hw/diskphys/ata.32
LOAD hw/diskphys/atapi.32
LOAD hw/diskphys/sata.32
LOAD hw/fpu/avx.32
LOAD hw/fpu/mmx.32
LOAD hw/fpu/sse.32
LOAD hw/fpu/x87.32
LOAD hw/intctrl/apic.32
LOAD hw/intctrl/pic.32
LOAD hw/timer/apictimer.32
LOAD hw/timer/pit.32
LOAD hw/fpu/x86/avx.32
LOAD hw/fpu/x86/sse.32
LOAD hw/fpu/x86/x87.32
LOAD /cygdrive/d/Users/Alex/Desktop/Toolchain/Output/bin/../lib/gcc/i386-banana/8.1.0/crtend.o
LOAD crtn.32
LOAD /cygdrive/d/Users/Alex/Desktop/Toolchain/Output/bin/../lib/gcc/i386-banana/8.1.0/libkgcc.a
LOAD D:/Users/Alex/Desktop/Banana/kernel/libsoftfp.a
LOAD D:/Users/Alex/Desktop/Banana/kernel/libk/libm32.a
                0x00000000c0000000                . = 0xc0000000

.text           0x00000000c0000000    0x26328
 *(.text)
 .text          0x00000000c0000000       0x41 D:/Users/Alex/Desktop/Banana/kernel/boot.32
                0x00000000c0000020                callGlobalConstructors
 .text          0x00000000c0000041        0x0 crti.32
 *fill*         0x00000000c0000041        0x3 
 .text          0x00000000c0000044      0x101 /cygdrive/d/Users/Alex/Desktop/Toolchain/Output/bin/../lib/gcc/i386-banana/8.1.0/crtbegin.o
 *fill*         0x00000000c0000145        0xb 
 .text          0x00000000c0000150      0x4a2 D:/Users/Alex/Desktop/Banana/kernel/morenasm.32
                0x00000000c0000150                prepareTramp
                0x00000000c0000169                voodooXADD
                0x00000000c0000234                doTPAUSE
                0x00000000c000023e                hasLegacyFPU
                0x00000000c0000263                is486
                0x00000000c0000299                detectCPUID
                0x00000000c00002af                goToVM86
                0x00000000c00002df                goToUsermode
                0x00000000c0000309                switchToThreadASMFirstTime
                0x00000000c0000317                switchToThreadASM
                0x00000000c000039f                asmQuickAcquireLock
                0x00000000c00003bd                asmQuickReleaseLock
                0x00000000c00003c9                asmAcquireLock
                0x00000000c00003ea                asmReleaseLock
                0x00000000c00003fd                loadGDT
                0x00000000c000041d                isr0
                0x00000000c000042d                isr1
                0x00000000c0000437                isr2
                0x00000000c0000441                isr3
                0x00000000c000044b                isr4
                0x00000000c0000455                isr5
                0x00000000c000045f                isr6
                0x00000000c0000469                isr7
                0x00000000c0000473                isr8
                0x00000000c000047b                isr9
                0x00000000c0000485                isr10
                0x00000000c000048d                isr11
                0x00000000c0000495                isr12
                0x00000000c000049d                isr13
                0x00000000c00004a5                isr14
                0x00000000c00004ad                isr15
                0x00000000c00004b7                isr16
                0x00000000c00004c1                isr17
                0x00000000c00004cb                isr18
                0x00000000c00004d5                irq3
                0x00000000c00004df                irq4
                0x00000000c00004e9                irq5
                0x00000000c00004f3                irq6
                0x00000000c00004fd                irq7
                0x00000000c0000507                irq8
                0x00000000c0000511                irq9
                0x00000000c000051b                irq10
                0x00000000c0000525                irq11
                0x00000000c000052f                irq12
                0x00000000c0000539                irq13
                0x00000000c0000543                irq14
                0x00000000c000054d                irq15
                0x00000000c0000557                irq1
                0x00000000c000055e                irq2
                0x00000000c0000565                isr96
                0x00000000c000056c                irq0
                0x00000000c0000571                syscall_common_stub
                0x00000000c0000571                int_common_stub
                0x00000000c00005a2                irq16
                0x00000000c00005ac                irq17
                0x00000000c00005b6                irq18
                0x00000000c00005c0                irq19
                0x00000000c00005ca                irq20
                0x00000000c00005d4                irq21
                0x00000000c00005de                irq22
                0x00000000c00005e8                irq23
 .text          0x00000000c00005f2      0x40f acpica/utclib.32
                0x00000000c00005f2                memcmp
                0x00000000c000061d                memmove
                0x00000000c0000655                memcpy
                0x00000000c000068b                memset
                0x00000000c00006a8                strlen
                0x00000000c00006b8                strpbrk
                0x00000000c00006db                strtok
                0x00000000c000072a                strcpy
                0x00000000c000074a                strncpy
                0x00000000c000077b                strcmp
                0x00000000c000079c                strchr
                0x00000000c00007b2                strncmp
                0x00000000c00007e1                strcat
                0x00000000c0000808                strncat
                0x00000000c0000842                strstr
                0x00000000c000087f                toupper
                0x00000000c0000893                tolower
                0x00000000c00008a7                simple_strtoul
 .text          0x00000000c0000a01      0xfbf core/malloc.32
                0x00000000c0000b6c                dlfree
                0x00000000c0000ec7                dlmalloc
                0x00000000c0001404                dlrealloc
                0x00000000c00015b9                dlmemalign
                0x00000000c00016dc                dlcalloc
                0x00000000c0001776                dlcfree
                0x00000000c000177b                dlindependent_calloc
                0x00000000c00017a0                dlindependent_comalloc
                0x00000000c00017b7                dlvalloc
                0x00000000c00017e2                dlpvalloc
                0x00000000c0001818                dlmalloc_trim
                0x00000000c0001825                dlmalloc_usable_size
                0x00000000c0001856                dlmallinfo
                0x00000000c0001925                dlmalloc_stats
                0x00000000c0001936                dlmallopt
 .text          0x00000000c00019c0        0x0 libk/string.32
 .text          0x00000000c00019c0       0x51 fs/fat/diskio.32
                0x00000000c00019c0                disk_status
                0x00000000c00019c3                disk_initialize
                0x00000000c00019c6                disk_read
                0x00000000c00019dc                disk_write
                0x00000000c00019f2                disk_ioctl
 .text          0x00000000c0001a11     0x6833 fs/fat/ff.32
                0x00000000c0004cdf                f_mount
                0x00000000c0004d41                f_open
                0x00000000c000517d                f_read
                0x00000000c00053fd                f_write
                0x00000000c00056b7                f_sync
                0x00000000c0005893                f_close
                0x00000000c00058c2                f_lseek
                0x00000000c0005d79                f_opendir
                0x00000000c0005e7b                f_closedir
                0x00000000c0005e9d                f_readdir
                0x00000000c0005f38                f_stat
                0x00000000c0005fc7                f_getfree
                0x00000000c0006192                f_truncate
                0x00000000c000628a                f_unlink
                0x00000000c000640d                f_mkdir
                0x00000000c0006639                f_rename
                0x00000000c000692c                f_chmod
                0x00000000c0006a0a                f_utime
                0x00000000c0006ae8                f_getlabel
                0x00000000c0006cd6                f_setlabel
                0x00000000c0006f43                f_forward
                0x00000000c0007121                f_mkfs
 .text          0x00000000c0008244       0x2d fs/fat/ffsystem.32
                0x00000000c0008244                ff_memalloc
                0x00000000c000825a                ff_memfree
 .text          0x00000000c0008271      0x253 fs/fat/ffunicode.32
                0x00000000c0008271                ff_uni2oem
                0x00000000c0008301                ff_oem2uni
                0x00000000c000836d                ff_wtoupper
 .text          0x00000000c00084c4      0x8fb hal/libresample/samplerate.32
                0x00000000c0008508                src_delete
                0x00000000c0008544                src_process
                0x00000000c00086fa                src_callback_read
                0x00000000c0008877                src_set_ratio
                0x00000000c00088e1                src_get_channels
                0x00000000c0008903                src_reset
                0x00000000c000894f                src_new
                0x00000000c00089dd                src_callback_new
                0x00000000c0008a3f                src_get_name
                0x00000000c0008a76                src_get_description
                0x00000000c0008aad                src_get_version
                0x00000000c0008ab3                src_is_valid_ratio
                0x00000000c0008b07                src_error
                0x00000000c0008b15                src_strerror
                0x00000000c0008b28                src_simple
                0x00000000c0008b7b                src_short_to_float_array
                0x00000000c0008be0                src_float_to_short_array
                0x00000000c0008c9f                src_int_to_float_array
                0x00000000c0008d02                src_float_to_int_array
 .text          0x00000000c0008dbf      0x8cb hal/libresample/src_linear.32
                0x00000000c00095e5                linear_get_name
                0x00000000c00095f4                linear_get_description
                0x00000000c0009603                linear_set_converter
 .text          0x00000000c000968a     0x447c hal/libresample/src_sinc.32
                0x00000000c000da1d                sinc_get_name
                0x00000000c000da30                sinc_get_description
                0x00000000c000da43                sinc_set_converter
 .text          0x00000000c000db06      0x77c hal/libresample/src_zoh.32
                0x00000000c000e1dd                zoh_get_name
                0x00000000c000e1ec                zoh_get_description
                0x00000000c000e1fb                zoh_set_converter
 .text          0x00000000c000e282       0x23 compat/inlines.32
                0x00000000c000e282                CPU::current()
                0x00000000c000e28f                operator new(unsigned long)
 *fill*         0x00000000c000e2a5        0x1 
 .text          0x00000000c000e2a6      0xa07 core/computer.32
                0x00000000c000e2a6                Computer::close(int, int, void*)
                0x00000000c000e2ea                Computer::Computer()
                0x00000000c000e2ea                Computer::Computer()
                0x00000000c000e446                Computer::setBootMessage(char const*)
                0x00000000c000e448                Computer::start()
                0x00000000c000e519                firstTask()
                0x00000000c000e528                Computer::detectFeatures()
                0x00000000c000e732                Computer::displayFeatures()
                0x00000000c000ea78                Computer::rdmsr(unsigned int)
                0x00000000c000eaa4                Computer::wrmsr(unsigned int, unsigned long long)
                0x00000000c000eadc                Computer::nmiEnabled()
                0x00000000c000eae8                Computer::readCMOS(unsigned char)
                0x00000000c000eb02                Computer::enableNMI(bool)
                0x00000000c000eb1a                Computer::open(int, int, void*)
                0x00000000c000ebf0                Computer::disableNMI()
                0x00000000c000ebfe                Computer::writeCMOS(unsigned char, unsigned char)
                0x00000000c000ec1c                Computer::handleNMI()
                0x00000000c000ec82                Computer::setDiskActivityLight(int, bool)
 *fill*         0x00000000c000ecad        0x1 
 .text          0x00000000c000ecae      0x1b7 core/gdt.32
                0x00000000c000ecae                GDTEntry::setBase(unsigned int)
                0x00000000c000ecca                GDTEntry::setLimit(unsigned int)
                0x00000000c000ece8                GDT::GDT()
                0x00000000c000ece8                GDT::GDT()
                0x00000000c000ecfe                GDT::addEntry(GDTEntry)
                0x00000000c000ed3a                GDT::getNumberOfEntries()
                0x00000000c000ed42                GDT::flush()
                0x00000000c000ed64                GDT::setup()
 .text          0x00000000c000ee65       0x62 core/idle.32
                0x00000000c000ee65                idleFunction(void*)
 *fill*         0x00000000c000eec7        0x1 
 .text          0x00000000c000eec8      0x45f core/idt.32
                0x00000000c000eec8                IDTEntry::IDTEntry(bool)
                0x00000000c000eec8                IDTEntry::IDTEntry(bool)
                0x00000000c000ef36                IDTEntry::setOffset(unsigned int)
                0x00000000c000ef4a                IDT::IDT()
                0x00000000c000ef4a                IDT::IDT()
                0x00000000c000ef4c                IDT::getPointerToInvalidOpcodeEntryForF00F()
                0x00000000c000ef54                IDT::addEntry(IDTEntry, int)
                0x00000000c000ef6e                IDT::addEntry(int, void (*)(), bool)
                0x00000000c000efa6                IDT::flush()
                0x00000000c000efc0                IDT::setup()
 .text          0x00000000c000f327      0x203 core/kheap.32
                0x00000000c000f327                sbrk
                0x00000000c000f435                mmap
                0x00000000c000f44b                munmap
                0x00000000c000f461                liballoc_lock()
                0x00000000c000f472                liballoc_unlock()
                0x00000000c000f483                liballoc_alloc(int)
                0x00000000c000f49e                liballoc_free(void*, int)
                0x00000000c000f4bc                realloc
                0x00000000c000f4d0                malloc
                0x00000000c000f4e0                free
                0x00000000c000f4f0                rfree
                0x00000000c000f500                calloc
 .text          0x00000000c000f52a      0x38d core/main.32
                0x00000000c000f52a                hwTextMode_loadInData(VgaText*)
                0x00000000c000f56f                hwTextMode_loadInTitle(VgaText*, char*)
                0x00000000c000f5b1                hwTextMode_showCursor(VgaText*, bool)
                0x00000000c000f605                hwTextMode_update(VgaText*)
                0x00000000c000f606                hwTextMode_updateCursor(VgaText*)
                0x00000000c000f64e                hwTextMode_disableBlink(VgaText*, bool)
                0x00000000c000f68a                hwTextMode_scrollScreen(VgaText*)
                0x00000000c000f710                hwTextMode_writeCharacter(VgaText*, char, VgaColour, VgaColour, int, int)
                0x00000000c000f76e                setupTextMode()
                0x00000000c000f7bf                kernel_main
 .text          0x00000000c000f8b7      0x54d core/physmgr.32
                0x00000000c000f8b7                Phys::allocateDMA(unsigned long)
                0x00000000c000f95a                Phys::freeDMA(unsigned long, unsigned long)
                0x00000000c000f9a2                Phys::setPageState(unsigned long, bool)
                0x00000000c000f9d4                Phys::getPageState(unsigned long)
                0x00000000c000f9f0                Phys::freePage(unsigned long)
                0x00000000c000fa7a                Phys::allocatePage()
                0x00000000c000fb42                Phys::allocateContiguousPages(int)
                0x00000000c000fb9c                Phys::allowSegmentToBeUsed(unsigned long, unsigned long)
                0x00000000c000fbd4                Phys::physicalMemorySetup(unsigned int)
 .text          0x00000000c000fe04      0x273 core/pipe.32
                0x00000000c000fe04                Pipe::isAtty()
                0x00000000c000fe08                Pipe::~Pipe()
                0x00000000c000fe08                Pipe::~Pipe()
                0x00000000c000fe2c                Pipe::~Pipe()
                0x00000000c000fe54                Pipe::read(unsigned long long, void*, int*)
                0x00000000c000ff48                Pipe::write(unsigned long long, void*, int*)
                0x00000000c0010010                Pipe::Pipe(int)
                0x00000000c0010010                Pipe::Pipe(int)
 *fill*         0x00000000c0010077        0x1 
 .text          0x00000000c0010078      0xf65 core/terminal.32
                0x00000000c0010078                VgaText::isAtty()
                0x00000000c001007c                VgaText::~VgaText()
                0x00000000c001007c                VgaText::~VgaText()
                0x00000000c00100a0                VgaText::~VgaText()
                0x00000000c00100ca                VgaText::read(unsigned long long, void*, int*)
                0x00000000c00100ea                setTerminalScrollLock(bool)
                0x00000000c00100eb                addToTerminalCycle(VgaText*)
                0x00000000c0010118                installVgaTextImplementation()
                0x00000000c001012d                scrollTerminalScrollLock(int)
                0x00000000c001012e                VgaText::load()
                0x00000000c0010182                VgaText::updateCursor()
                0x00000000c001019c                VgaText::showCursor(bool)
                0x00000000c00101ac                VgaText::disableBlink(bool)
                0x00000000c00101e6                VgaText::doANSI_SGR(int)
                0x00000000c0010272                VgaText::setDefaultBgColour(VgaColour)
                0x00000000c0010288                VgaText::setDefaultFgColour(VgaColour)
                0x00000000c001029e                VgaText::setDefaultColours(VgaColour, VgaColour)
                0x00000000c00102be                VgaText::combineColours(unsigned char, unsigned char)
                0x00000000c00102d0                VgaText::scrollScreen()
                0x00000000c0010364                VgaText::combineCharAndColour(char, unsigned char)
                0x00000000c0010376                VgaText::writeCharacter(char, VgaColour, VgaColour, int, int)
                0x00000000c00103d6                VgaText::getCursorX()
                0x00000000c00103e2                VgaText::getCursorY()
                0x00000000c00103ee                VgaText::setCursor(int, int)
                0x00000000c001040c                VgaText::setCursorX(int)
                0x00000000c0010428                VgaText::setCursorY(int)
                0x00000000c0010444                VgaText::incrementCursor(bool)
                0x00000000c00104ac                VgaText::updateRAMUsageDisplay(int)
                0x00000000c0010506                VgaText::updateDiskUsage()
                0x00000000c001066c                VgaText::updateTitle()
                0x00000000c00106b2                VgaText::setTitleTextColour(VgaColour)
                0x00000000c00106c2                VgaText::setTitleColour(VgaColour)
                0x00000000c00106d2                VgaText::setTitle(char*)
                0x00000000c00106f8                VgaText::decrementCursor(bool)
                0x00000000c0010720                VgaText::putchar(char, VgaColour, VgaColour)
                0x00000000c001081c                VgaText::isShowingCursor()
                0x00000000c0010828                VgaText::isBlinkDisabled()
                0x00000000c0010836                VgaText::setCursorHeight(int)
                0x00000000c0010854                VgaText::getCursorHeight()
                0x00000000c001085f                setActiveTerminal(VgaText*)
                0x00000000c0010911                doTerminalCycle()
                0x00000000c001092e                VgaText::doUpdate()
                0x00000000c0010940                VgaText::puts(char const*, VgaColour, VgaColour)
                0x00000000c0010b00                VgaText::clearScreen()
                0x00000000c0010b64                VgaText::putchar(char)
                0x00000000c0010c7e                VgaText::puts(char const*)
                0x00000000c0010ca4                VgaText::putx(unsigned int)
                0x00000000c0010cea                VgaText::VgaText(char const*)
                0x00000000c0010cea                VgaText::VgaText(char const*)
                0x00000000c0010e7c                VgaText::receiveKey(unsigned char)
                0x00000000c0010f64                VgaText::write(unsigned long long, void*, int*)
                0x00000000c0010fb8                newTerminal(char*)
 *fill*         0x00000000c0010fdd        0x1 
 .text          0x00000000c0010fde      0x1b3 core/tss.32
                0x00000000c0010fde                TSS::TSS()
                0x00000000c0010fde                TSS::TSS()
                0x00000000c0010fec                TSS::setESP(unsigned long)
                0x00000000c0010ffe                TSS::flush()
                0x00000000c001101e                TSS::setup(unsigned long, unsigned long)
 *fill*         0x00000000c0011191        0x1 
 .text          0x00000000c0011192      0x4c2 core/unixfile.32
                0x00000000c0011192                ReservedFilename::read(unsigned long long, void*, int*)
                0x00000000c00111e8                ReservedFilename::isAtty()
                0x00000000c0011204                ReservedFilename::write(unsigned long long, void*, int*)
                0x00000000c0011262                UnixFile::getFileDescriptor()
                0x00000000c001126a                UnixFile::UnixFile(int)
                0x00000000c001126a                UnixFile::UnixFile(int)
                0x00000000c001141a                ReservedFilename::ReservedFilename(int)
                0x00000000c001141a                ReservedFilename::ReservedFilename(int)
                0x00000000c001144c                UnixFile::~UnixFile()
                0x00000000c001144c                UnixFile::~UnixFile()
                0x00000000c00114e4                UnixFile::~UnixFile()
                0x00000000c001150c                ReservedFilename::~ReservedFilename()
                0x00000000c001150c                ReservedFilename::~ReservedFilename()
                0x00000000c0011530                ReservedFilename::~ReservedFilename()
                0x00000000c0011557                getFromFileDescriptor(int)
 .text          0x00000000c0011654      0xee3 core/virtmgr.32
                0x00000000c0011654                Virt::setPageState(unsigned long, Virt::VirtPageState)
                0x00000000c0011689                Virt::getPageState(unsigned long)
                0x00000000c00116ad                Virt::allocateKernelVirtualPages(int)
                0x00000000c00117be                Virt::virtualMemorySetup()
                0x00000000c001183d                Virt::getAKernelVAS()
                0x00000000c0011843                Virt::setupPageSwapping(int)
                0x00000000c0011972                VAS::VAS()
                0x00000000c0011972                VAS::VAS()
                0x00000000c00119a2                VAS::VAS(VAS*)
                0x00000000c00119a2                VAS::VAS(VAS*)
                0x00000000c00119c6                VAS::getForeignPageTableEntry(bool, unsigned long)
                0x00000000c00119f2                VAS::getPageTableEntry(unsigned long)
                0x00000000c0011a11                Virt::freeKernelVirtualPages(unsigned long)
                0x00000000c0011b34                VAS::freeAllocatedPages(unsigned long)
                0x00000000c0011b58                VAS::virtualToPhysical(unsigned long)
                0x00000000c0011b70                VAS::reflagRange(unsigned long, int, int, int)
                0x00000000c0011bb0                VAS::setToWriteCombining(unsigned long, int)
                0x00000000c0011be2                VAS::mapOtherVASIn(bool, VAS*)
                0x00000000c0011c0c                VAS::~VAS()
                0x00000000c0011c0c                VAS::~VAS()
                0x00000000c0011d78                VAS::mapPage(unsigned long, unsigned long, int)
                0x00000000c0011e78                VAS::allocatePages(int, int)
                0x00000000c0012050                VAS::setCPUSpecific(unsigned long)
                0x00000000c001206c                VAS::mapRange(unsigned long, unsigned long, int, int)
                0x00000000c0012132                VAS::mapForeignPage(bool, VAS*, unsigned long, unsigned long, int)
                0x00000000c0012220                VAS::VAS(bool)
                0x00000000c0012220                VAS::VAS(bool)
                0x00000000c001247b                mapVASFirstTime
 .text          0x00000000c0012537       0x95 coreobjs/c++.32
                0x00000000c0012537                __cxa_atexit
                0x00000000c001253a                __cxa_finalize
                0x00000000c001253b                __stack_chk_fail
                0x00000000c00125a7                __cxa_pure_virtual
                0x00000000c00125b8                operator new[](unsigned long)
                0x00000000c00125bd                operator delete(void*, unsigned long)
                0x00000000c00125c2                operator delete[](void*)
                0x00000000c00125c7                operator delete[](void*, unsigned long)
 .text          0x00000000c00125cc      0x1ef dbg/kconsole.32
                0x00000000c00125cc                Dbg::stringifyxWithBase(unsigned int, char*, int)
                0x00000000c001262d                Dbg::logc(char)
                0x00000000c0012644                Dbg::logs(char*)
                0x00000000c0012661                Dbg::logWriteInt(unsigned int)
                0x00000000c001267e                Dbg::logWriteIntBase(unsigned int, int)
                0x00000000c001269d                Dbg::kprintf(char const*, ...)
 *fill*         0x00000000c00127bb        0x1 
 .text          0x00000000c00127bc      0xb7c fs/vfs.32
                0x00000000c00127bc                File::read(unsigned long long, void*, int*)
                0x00000000c0012814                File::write(unsigned long long, void*, int*)
                0x00000000c001286c                Directory::read(unsigned long long, void*, int*)
                0x00000000c00128c4                Directory::write(unsigned long long, void*, int*)
                0x00000000c00128f2                File::isAtty()
                0x00000000c00128f6                Directory::isAtty()
                0x00000000c00128fa                Filesystem::getlabel(LogicalDisk*, int, char*, unsigned int*)
                0x00000000c0012900                Filesystem::setlabel(LogicalDisk*, int, char*)
                0x00000000c0012906                File::~File()
                0x00000000c0012906                File::~File()
                0x00000000c001292a                File::~File()
                0x00000000c0012954                Directory::~Directory()
                0x00000000c0012954                Directory::~Directory()
                0x00000000c0012978                Directory::~Directory()
                0x00000000c00129a2                Filesystem::Filesystem()
                0x00000000c00129a2                Filesystem::Filesystem()
                0x00000000c00129c6                Filesystem::~Filesystem()
                0x00000000c00129c6                Filesystem::~Filesystem()
                0x00000000c00129d4                Filesystem::~Filesystem()
                0x00000000c00129f8                initVFS()
                0x00000000c0012a22                standardiseFiles(char*, char const*, char const*)
                0x00000000c0012bcc                File::File(char const*, Process*)
                0x00000000c0012bcc                File::File(char const*, Process*)
                0x00000000c0012c30                File::open(FileOpenMode)
                0x00000000c0012c8e                File::close()
                0x00000000c0012cee                File::seek(unsigned long long)
                0x00000000c0012d44                File::tell(unsigned long long*)
                0x00000000c0012d94                File::rewind()
                0x00000000c0012da8                File::unlink()
                0x00000000c0012df4                File::rename(char const*)
                0x00000000c0012e42                File::chfatattr(unsigned char, unsigned char)
                0x00000000c0012e9e                File::exists()
                0x00000000c0012edc                File::stat(unsigned long long*, bool*)
                0x00000000c0012f3d                getcwd(Process*, char*, int)
                0x00000000c0012f67                setcwd(Process*, char*)
                0x00000000c00130a2                Directory::Directory(char const*, Process*)
                0x00000000c00130a2                Directory::Directory(char const*, Process*)
                0x00000000c0013106                Directory::open()
                0x00000000c0013162                Directory::close()
                0x00000000c00131c2                Directory::unlink()
                0x00000000c001320e                Directory::rename(char const*)
                0x00000000c001325c                Directory::exists()
                0x00000000c001329a                Directory::read(dirent*)
                0x00000000c00132e6                Directory::create()
                0x00000000c0013332                Filesystem::chfatattr(char const*, unsigned char, unsigned char)
 .text          0x00000000c0013338       0x84 hal/bus.32
                0x00000000c0013338                Bus::Bus(char const*)
                0x00000000c0013338                Bus::Bus(char const*)
                0x00000000c001336e                Bus::~Bus()
                0x00000000c001336e                Bus::~Bus()
                0x00000000c0013392                Bus::~Bus()
 .text          0x00000000c00133bc      0x14e hal/buzzer.32
                0x00000000c00133bc                Buzzer::Buzzer(char const*)
                0x00000000c00133bc                Buzzer::Buzzer(char const*)
                0x00000000c0013400                Buzzer::~Buzzer()
                0x00000000c0013400                Buzzer::~Buzzer()
                0x00000000c0013424                Buzzer::~Buzzer()
                0x00000000c001344e                Buzzer::stop()
                0x00000000c0013461                beepThread(void*)
                0x00000000c001349c                Buzzer::beep(int, int, bool)
 .text          0x00000000c001350a      0x42f hal/clock.32
                0x00000000c001350a                loadClockSettings()
                0x00000000c0013524                Clock::Clock(char const*)
                0x00000000c0013524                Clock::Clock(char const*)
                0x00000000c001355a                Clock::~Clock()
                0x00000000c001355a                Clock::~Clock()
                0x00000000c001357e                Clock::~Clock()
                0x00000000c00135a8                Clock::timeInSecondsLocal()
                0x00000000c00135f0                Clock::setTimeInSecondsLocal(unsigned long long)
                0x00000000c0013649                datetimeToSeconds(datetime_t)
                0x00000000c0013770                Clock::setTimeInDatetimeLocal(datetime_t)
                0x00000000c00137d0                secondsToDatetime(unsigned long long)
                0x00000000c0013914                Clock::timeInDatetimeLocal()
 *fill*         0x00000000c0013939        0x1 
 .text          0x00000000c001393a      0x4de hal/device.32
                0x00000000c001393a                Device::hibernate()
                0x00000000c001393c                Device::wake()
                0x00000000c001393e                Device::detect()
                0x00000000c0013940                Device::disableLegacy()
                0x00000000c0013942                Device::powerSaving(PowerSavingLevel)
                0x00000000c0013944                DriverlessDevice::close(int, int, void*)
                0x00000000c0013948                DriverlessDevice::detect()
                0x00000000c001394a                DriverlessDevice::open(int, int, void*)
                0x00000000c001395e                Device::~Device()
                0x00000000c001395e                Device::~Device()
                0x00000000c001396c                Device::~Device()
                0x00000000c0013994                Device::findAndLoadDriver()
                0x00000000c0013996                Device::preOpenPCI(PCIDeviceInfo)
                0x00000000c00139bc                Device::preOpenACPI(void*, char*, char*)
                0x00000000c0013a10                Device::addIRQHandler(int, void (*)(regs*, void*), bool, void*)
                0x00000000c0013a4e                Device::removeIRQHandler(int, void (*)(regs*, void*), bool)
                0x00000000c0013a8c                Device::addChild(Device*)
                0x00000000c0013ad0                Device::removeAllChildren()
                0x00000000c0013b16                Device::hibernateAll()
                0x00000000c0013b46                Device::wakeAll()
                0x00000000c0013b76                Device::detectAll()
                0x00000000c0013ba6                Device::disableLegacyAll()
                0x00000000c0013bd6                Device::loadDriversForAll()
                0x00000000c0013c02                Device::closeAll()
                0x00000000c0013c38                Device::powerSavingAll(PowerSavingLevel)
                0x00000000c0013c6e                Device::setName(char const*)
                0x00000000c0013c7c                Device::Device(char const*)
                0x00000000c0013c7c                Device::Device(char const*)
                0x00000000c0013d78                Device::getName()
                0x00000000c0013d82                DriverlessDevice::DriverlessDevice(char const*)
                0x00000000c0013d82                DriverlessDevice::DriverlessDevice(char const*)
                0x00000000c0013daa                Device::addToLinkedList(LinkedList<Device>&, DeviceType)
                0x00000000c0013dee                getDevicesOfType(DeviceType)
 .text          0x00000000c0013e18       0x84 hal/diskctrl.32
                0x00000000c0013e18                HardDiskController::HardDiskController(char const*)
                0x00000000c0013e18                HardDiskController::HardDiskController(char const*)
                0x00000000c0013e4e                HardDiskController::~HardDiskController()
                0x00000000c0013e4e                HardDiskController::~HardDiskController()
                0x00000000c0013e72                HardDiskController::~HardDiskController()
 .text          0x00000000c0013e9c       0xde hal/diskphys.32
                0x00000000c0013e9c                PhysicalDisk::PhysicalDisk(char const*, int)
                0x00000000c0013e9c                PhysicalDisk::PhysicalDisk(char const*, int)
                0x00000000c0013f04                PhysicalDisk::startCache()
                0x00000000c0013f2c                PhysicalDisk::~PhysicalDisk()
                0x00000000c0013f2c                PhysicalDisk::~PhysicalDisk()
                0x00000000c0013f50                PhysicalDisk::~PhysicalDisk()
 .text          0x00000000c0013f7a      0x13b hal/fpu.32
                0x00000000c0013f7a                FPU::FPU(char const*)
                0x00000000c0013f7a                FPU::FPU(char const*)
                0x00000000c0013fb0                FPU::~FPU()
                0x00000000c0013fb0                FPU::~FPU()
                0x00000000c0013fd4                FPU::~FPU()
                0x00000000c0013ffe                setupFPU()
 *fill*         0x00000000c00140b5        0x1 
 .text          0x00000000c00140b6     0x12b1 hal/intctrl.32
                0x00000000c00140b6                InterruptController::uninstallISRHandler(int, void (*)(regs*, void*))
                0x00000000c00140ee                InterruptController::installISRHandler(int, void (*)(regs*, void*), void*)
                0x00000000c0014140                doubleFault(regs*, void*)
                0x00000000c001415a                InterruptController::installIRQHandler(int, void (*)(regs*, void*), bool, void*)
                0x00000000c00141f6                InterruptController::clearAllHandlers(int, bool)
                0x00000000c001429e                InterruptController::uninstallIRQHandler(int, void (*)(regs*, void*), bool)
                0x00000000c0014325                nmiHandler(regs*, void*)
                0x00000000c0014333                int_handler
                0x00000000c00143d4                InterruptController::InterruptController(char const*)
                0x00000000c00143d4                InterruptController::InterruptController(char const*)
                0x00000000c001447a                InterruptController::~InterruptController()
                0x00000000c001447a                InterruptController::~InterruptController()
                0x00000000c001449e                InterruptController::~InterruptController()
                0x00000000c00144c8                displayDebugInfo(regs*)
                0x00000000c00148cd                x87EmulHandler(regs*, void*)
                0x00000000c00148fc                gpFault(regs*, void*)
                0x00000000c0014935                pgFault(regs*, void*)
                0x00000000c001494c                otherISRHandler(regs*, void*)
                0x00000000c001496b                opcodeFault(regs*, void*)
                0x00000000c0014f2a                displayProgramFault(char const*)
                0x00000000c0014f52                setupInterruptController()
                0x00000000c001531a                InterruptController::convertLegacyIRQNumber(int)
 *fill*         0x00000000c0015367        0x1 
 .text          0x00000000c0015368      0x69a hal/keybrd.32
                0x00000000c0015368                startGUI(void*)
                0x00000000c00153c4                startGUIVESA(void*)
                0x00000000c0015420                sendKeyToTerminal(unsigned char)
                0x00000000c001548c                sendKeyboardToken(KeyboardToken)
                0x00000000c001589c                clearInternalKeybuffer(VgaText*)
                0x00000000c00158d1                readKeyboard(VgaText*, char*, unsigned long)
                0x00000000c0015978                Keyboard::Keyboard(char const*)
                0x00000000c0015978                Keyboard::Keyboard(char const*)
                0x00000000c00159b4                Keyboard::~Keyboard()
                0x00000000c00159b4                Keyboard::~Keyboard()
                0x00000000c00159d8                Keyboard::~Keyboard()
 .text          0x00000000c0015a02      0x400 hal/logidisk.32
                0x00000000c0015a02                LogicalDisk::close(int, int, void*)
                0x00000000c0015a06                LogicalDisk::~LogicalDisk()
                0x00000000c0015a06                LogicalDisk::~LogicalDisk()
                0x00000000c0015a2a                LogicalDisk::~LogicalDisk()
                0x00000000c0015a54                LogicalDisk::open(int, int, void*)
                0x00000000c0015a68                LogicalDisk::absoluteToRelative(unsigned long long)
                0x00000000c0015aa0                LogicalDisk::relativeToAbsolute(unsigned long long)
                0x00000000c0015ae6                LogicalDisk::LogicalDisk(char const*, PhysicalDisk*, unsigned long long, unsigned long long)
                0x00000000c0015ae6                LogicalDisk::LogicalDisk(char const*, PhysicalDisk*, unsigned long long, unsigned long long)
                0x00000000c0015b9c                LogicalDisk::assignDriveLetter()
                0x00000000c0015c52                LogicalDisk::mount()
                0x00000000c0015cc4                LogicalDisk::unmount()
                0x00000000c0015cd4                LogicalDisk::unassignDriveLetter()
                0x00000000c0015d2a                LogicalDisk::read(unsigned long long, int, void*)
                0x00000000c0015d96                LogicalDisk::write(unsigned long long, int, void*)
 .text          0x00000000c0015e02       0x84 hal/mouse.32
                0x00000000c0015e02                Mouse::Mouse(char const*)
                0x00000000c0015e02                Mouse::Mouse(char const*)
                0x00000000c0015e38                Mouse::~Mouse()
                0x00000000c0015e38                Mouse::~Mouse()
                0x00000000c0015e5c                Mouse::~Mouse()
 .text          0x00000000c0015e86      0x339 hal/partition.32
                0x00000000c0015e86                makePartition(PhysicalDisk*, unsigned long long, unsigned long long)
                0x00000000c0015f2e                createPartitionsForDisk(PhysicalDisk*)
 *fill*         0x00000000c00161bf        0x1 
 .text          0x00000000c00161c0       0x84 hal/serial.32
                0x00000000c00161c0                Serial::Serial(char const*)
                0x00000000c00161c0                Serial::Serial(char const*)
                0x00000000c00161f6                Serial::~Serial()
                0x00000000c00161f6                Serial::~Serial()
                0x00000000c001621a                Serial::~Serial()
 .text          0x00000000c0016244      0x2b8 hal/timer.32
                0x00000000c0016244                Timer::Timer(char const*)
                0x00000000c0016244                Timer::Timer(char const*)
                0x00000000c001627a                Timer::~Timer()
                0x00000000c001627a                Timer::~Timer()
                0x00000000c001629e                Timer::~Timer()
                0x00000000c00162c8                Timer::read()
                0x00000000c00162d3                timerHandler(unsigned long long)
                0x00000000c001640a                setupTimer(int)
 .text          0x00000000c00164fc      0x2db hal/vcache.32
                0x00000000c00164fc                VCache::VCache(PhysicalDisk*)
                0x00000000c00164fc                VCache::VCache(PhysicalDisk*)
                0x00000000c00165f6                VCache::writeWriteBuffer()
                0x00000000c0016632                VCache::~VCache()
                0x00000000c0016632                VCache::~VCache()
                0x00000000c0016672                VCache::~VCache()
                0x00000000c001669a                VCache::write(unsigned long long, int, void*)
                0x00000000c001677e                VCache::read(unsigned long long, int, void*)
 *fill*         0x00000000c00167d7        0x1 
 .text          0x00000000c00167d8      0x4cb hal/video.32
                0x00000000c00167d8                Video::putrect(int, int, int, int, unsigned int)
                0x00000000c0016822                Video::bitblit(int, int, int, int, int, int, int, unsigned int*)
                0x00000000c0016892                Video::blit(unsigned int*, int, int, int, int)
                0x00000000c0016910                Video::clearScreen(unsigned int)
                0x00000000c0016944                Video::putpixel(int, int, unsigned int)
                0x00000000c0016952                Video::Video(char const*)
                0x00000000c0016952                Video::Video(char const*)
                0x00000000c0016988                Video::~Video()
                0x00000000c0016988                Video::~Video()
                0x00000000c00169ac                Video::~Video()
                0x00000000c00169d6                Video::isMonochrome()
                0x00000000c00169e2                Video::getWidth()
                0x00000000c00169ee                Video::getHeight()
                0x00000000c00169fa                Video::drawCursor(int, int, unsigned char*, int)
                0x00000000c0016ab6                Video::tgaParse(unsigned char*, int, int*, int*)
                0x00000000c0016c38                Video::putTGA(int, int, unsigned char*, int)
 *fill*         0x00000000c0016ca3        0x1 
 .text          0x00000000c0016ca4      0xe28 hw/acpi.32
                0x00000000c0016ca4                ACPI::close(int, int, void*)
                0x00000000c0016d59                findRSDP()
                0x00000000c0016de3                loadACPITables(unsigned char*)
                0x00000000c001700a                findRSDT(unsigned char*)
                0x00000000c0017128                findDataTable(unsigned char*, char*)
                0x00000000c00171c4                scanMADT()
                0x00000000c001764a                ACPI::ACPI()
                0x00000000c001764a                ACPI::ACPI()
                0x00000000c00176aa                ACPI::getPCIIRQAssignment(unsigned char, unsigned short, unsigned char)
                0x00000000c001778c                ACPI::registerPCIIRQAssignment(void*, unsigned short, unsigned char, unsigned char)
                0x00000000c0017892                ACPI::setScreenBrightnessLevel(void*, int)
                0x00000000c0017898                ACPI::writeSimpleBootFlag(SimpleBootFlagTable*)
                0x00000000c00178e0                ACPI::open(int, int, void*)
                0x00000000c0017ab4                ACPI::sleep()
 .text          0x00000000c0017acc     0x1715 hw/cpu.32
                0x00000000c0017acc                CPU::close(int, int, void*)
                0x00000000c0017ad0                CPU::lookupAMDName(unsigned char, unsigned char)
                0x00000000c0017c64                CPU::lookupIntelName(unsigned char, unsigned char)
                0x00000000c0017f12                CPU::AMD_K6_write_msr(unsigned int, unsigned int, unsigned int, CPU::REGS*)
                0x00000000c0017f2e                CPU::AMD_K6_read_msr(unsigned int, CPU::REGS*)
                0x00000000c0017f46                CPU::AMD_K6_writeback(int, int, int)
                0x00000000c0017fba                CPU::cpuid(int, unsigned long*, unsigned long*, unsigned long*, unsigned long*)
                0x00000000c001803e                CPU::cpuidCheckEDX(unsigned int)
                0x00000000c001806c                CPU::cpuidCheckECX(unsigned int)
                0x00000000c001809a                CPU::cpuidCheckExtendedEBX(unsigned int)
                0x00000000c00180c8                CPU::cpuidCheckExtendedECX(unsigned int)
                0x00000000c00180f6                CPU::CPU()
                0x00000000c00180f6                CPU::CPU()
                0x00000000c0018184                CPU::displayFeatures()
                0x00000000c0018400                CPU::detectFeatures()
                0x00000000c0018df0                CPU::setupSMEP()
                0x00000000c0018dfc                CPU::setupUMIP()
                0x00000000c0018e06                CPU::setupTSC()
                0x00000000c0018e10                CPU::setupLargePages()
                0x00000000c0018e1a                CPU::setupPAT()
                0x00000000c0018e56                CPU::setupMTRR()
                0x00000000c0018e58                CPU::setupGlobalPages()
                0x00000000c0018e62                CPU::allowUsermodeDataAccess()
                0x00000000c0018e74                CPU::prohibitUsermodeDataAccess()
                0x00000000c0018e86                CPU::setupSMAP()
                0x00000000c0018e94                CPU::setupFeatures()
                0x00000000c0018f14                CPU::open(int, int, void*)
                0x00000000c0018fe6                CPU::decodeAddress(regs*, int*, bool*, unsigned char*)
 .text          0x00000000c00191e1        0x0 hw/ports.32
 .text          0x00000000c00191e1      0x32c krnl/panic.32
                0x00000000c00191e1                Krnl::panic(char const*)
 .text          0x00000000c001950d      0x513 reg/registry.32
                0x00000000c001950d                Reg::findLineFromLoadedData(char*, char*, char*)
                0x00000000c0019665                Reg::getLineFromRegistry(char*, char*, char*, char*)
                0x00000000c00197ba                Reg::getLine(char*, char*, char*)
                0x00000000c00197f1                Reg::readInt(char*, char*, int*)
                0x00000000c00198dc                Reg::readString(char*, char*, char*, int)
                0x00000000c001995d                Reg::readBool(char*, char*, bool*)
                0x00000000c0019982                Reg::readBoolWithDefault(char*, char*, bool)
                0x00000000c00199ae                Reg::readIntWithDefault(char*, char*, int)
                0x00000000c00199da                Reg::readStringWithDefault(char*, char*, char*, int, char*)
 .text          0x00000000c0019a20       0x18 sys/sc_exit.32
                0x00000000c0019a20                Sys::exit(regs*)
 .text          0x00000000c0019a38       0x1f sys/sc_getcwd.32
                0x00000000c0019a38                Sys::getCwd(regs*)
 .text          0x00000000c0019a57        0xc sys/sc_getpid.32
                0x00000000c0019a57                Sys::getPID(regs*)
 .text          0x00000000c0019a63       0xa8 sys/sc_loaddll.32
                0x00000000c0019a63                Sys::loadDLL(regs*)
 .text          0x00000000c0019b0b       0x68 sys/sc_read.32
                0x00000000c0019b0b                Sys::read(regs*)
 .text          0x00000000c0019b73       0x55 sys/sc_sbrk.32
                0x00000000c0019b73                Sys::sbrk(regs*)
 .text          0x00000000c0019bc8       0x1c sys/sc_setcwd.32
                0x00000000c0019bc8                Sys::setCwd(regs*)
 .text          0x00000000c0019be4       0x68 sys/sc_write.32
                0x00000000c0019be4                Sys::write(regs*)
 .text          0x00000000c0019c4c       0x3b sys/sc_yield.32
                0x00000000c0019c4c                Sys::yield(regs*)
 .text          0x00000000c0019c87      0xfaf sys/syscalls.32
                0x00000000c0019c87                sysCallSeekDir(regs*)
                0x00000000c0019c8c                sysCallTellDir(regs*)
                0x00000000c0019c91                sysCallVerify(regs*)
                0x00000000c0019c9b                sysCallGetArgc(regs*)
                0x00000000c0019cab                sysFormatDisk(regs*)
                0x00000000c0019d15                sysSetDiskVolumeLabel(regs*)
                0x00000000c0019d5b                sysGetDiskVolumeLabel(regs*)
                0x00000000c0019dac                sysShutdown(regs*)
                0x00000000c0019e0a                sysCallRealpath(regs*)
                0x00000000c0019e4d                sysCallReadDir(regs*)
                0x00000000c0019edb                sysCallIsATTY(regs*)
                0x00000000c0019f35                sysCallSeek(regs*)
                0x00000000c0019f9e                sysCallTell(regs*)
                0x00000000c001a01b                sysCallSize(regs*)
                0x00000000c001a09e                sysCallSizeFromFilename(regs*)
                0x00000000c001a15e                sysCallClose(regs*)
                0x00000000c001a1e6                sysCallOpenDir(regs*)
                0x00000000c001a25b                sysCallCloseDir(regs*)
                0x00000000c001a2c1                sysCallMakeDir(regs*)
                0x00000000c001a331                sysCallWait(regs*)
                0x00000000c001a34b                sysCallNotImpl(regs*)
                0x00000000c001a366                sysPanic(regs*)
                0x00000000c001a38c                sysCallRmdir(regs*)
                0x00000000c001a3f0                sysCallUnlink(regs*)
                0x00000000c001a454                sysCallGetArgv(regs*)
                0x00000000c001a4a0                sysCallTTYName(regs*)
                0x00000000c001a523                sysCallGetEnv(regs*)
                0x00000000c001a575                sysCallUSleep(regs*)
                0x00000000c001a59c                sysCallSpawn(regs*)
                0x00000000c001a5f4                sysAppSettings(regs*)
                0x00000000c001a713                sysSetFatAttrib(regs*)
                0x00000000c001a785                sysPipe(regs*)
                0x00000000c001a7ca                sysGetUnixTime(regs*)
                0x00000000c001a7de                string_ends_with(char const*, char const*)
                0x00000000c001a826                sysCallOpen(regs*)
                0x00000000c001aa3b                setupSystemCalls()
                0x00000000c001abf4                systemCall(regs*, void*)
 .text          0x00000000c001ac36     0x11ee thr/elf.32
                0x00000000c001ac36                Thr::allocateMemoryForTask(Process*, File*, unsigned long, unsigned long, unsigned long)
                0x00000000c001aeb3                Thr::loadProgramIntoMemory(Process*, char const*)
                0x00000000c001b0c9                Thr::runtimeReferenceHelper()
                0x00000000c001b0dc                Thr::getAddressOfKernelSymbol(char const*)
                0x00000000c001b12b                Thr::loadKernelSymbolTable(char const*)
                0x00000000c001b3e7                Thr::loadDriverIntoMemory(char const*, unsigned long, bool)
                0x00000000c001bb68                Thr::getDriverBaseFromAddress(unsigned long)
                0x00000000c001bb9a                Thr::getDriverNameFromAddress(unsigned long)
                0x00000000c001bbd1                Thr::getDriverOffsetFromAddress(unsigned long)
                0x00000000c001bbeb                Thr::loadDLL(char const*, bool)
                0x00000000c001bdfa                Thr::executeDLL(unsigned long, void*)
 .text          0x00000000c001be24      0xff8 thr/prcssthr.32
                0x00000000c001be24                changeTSS
                0x00000000c001be54                Process::addArgs(char**)
                0x00000000c001beae                Process::Process(char const*, Process*, char**)
                0x00000000c001beae                Process::Process(char const*, Process*, char**)
                0x00000000c001c076                Process::Process(bool, char const*, Process*, char**)
                0x00000000c001c076                Process::Process(bool, char const*, Process*, char**)
                0x00000000c001c20a                disableIRQs()
                0x00000000c001c212                getIRQNestingLevel()
                0x00000000c001c218                enableIRQs()
                0x00000000c001c227                lockScheduler()
                0x00000000c001c229                unlockScheduler()
                0x00000000c001c22b                userModeEntryPoint(void*)
                0x00000000c001c24e                lockStuff()
                0x00000000c001c25a                taskStartupFunction
                0x00000000c001c263                updateTimeUsed()
                0x00000000c001c2c8                switchToThread(ThreadControlBlock*)
                0x00000000c001c318                Semaphore::Semaphore(int)
                0x00000000c001c318                Semaphore::Semaphore(int)
                0x00000000c001c346                Mutex::Mutex()
                0x00000000c001c346                Mutex::Mutex()
                0x00000000c001c358                Process::createThread(void (*)(void*), void*, int)
                0x00000000c001c43c                Process::createUserThread()
                0x00000000c001c458                setupMultitasking(void (*)())
                0x00000000c001c562                schedule()
                0x00000000c001c5e7                unlockStuff()
                0x00000000c001c61c                Semaphore::tryAcquire()
                0x00000000c001c64a                Semaphore::assertLocked(char const*)
                0x00000000c001c67a                blockTaskWithSchedulerLockAlreadyHeld(TaskState)
                0x00000000c001c6bc                blockTask(TaskState)
                0x00000000c001c6dd                waitTask(int, int*, int)
                0x00000000c001c71f                nanoSleepUntil(unsigned long long)
                0x00000000c001c776                nanoSleep(unsigned long long)
                0x00000000c001c78b                sleep(unsigned long long)
                0x00000000c001c7a8                Semaphore::acquire()
                0x00000000c001c810                taskReturned
                0x00000000c001c83e                unblockTask(ThreadControlBlock*)
                0x00000000c001c8ed                cleanupTerminatedTask(ThreadControlBlock*)
                0x00000000c001cb91                cleanerTaskFunction(void*)
                0x00000000c001cc44                terminateTask(int)
                0x00000000c001cd24                Thr::terminateFromIRQ(int)
                0x00000000c001cd30                Semaphore::release()
 .text          0x00000000c001ce1c      0xa31 vm86/vm8086.32
                0x00000000c001ce1c                Vm::inbv(unsigned short)
                0x00000000c001ce22                Vm::outbv(unsigned short, unsigned char)
                0x00000000c001ce2c                Vm::realToLinear(unsigned short, unsigned short)
                0x00000000c001ce3c                Vm::getSegment(unsigned int)
                0x00000000c001ce44                Vm::getOffset(unsigned int)
                0x00000000c001ce49                Vm::mainloop2()
                0x00000000c001ce84                Vm::mainVm8086Loop(void*)
                0x00000000c001ce91                Vm::mainloop3(unsigned long)
                0x00000000c001cebb                Vm::initialise8086()
                0x00000000c001cefe                Vm::finish8086()
                0x00000000c001cf43                Vm::start8086(char const*, unsigned short, unsigned short, unsigned short, unsigned short)
                0x00000000c001d07b                Vm::doISR(regs*, int, unsigned char*, unsigned short, unsigned short)
                0x00000000c001d105                Vm::readByteFromReal(unsigned short, unsigned short)
                0x00000000c001d116                Vm::readWordFromReal(unsigned short, unsigned short)
                0x00000000c001d128                Vm::readDwordFromReal(unsigned short, unsigned short)
                0x00000000c001d139                Vm::writeByteFromReal(unsigned short, unsigned short, unsigned char)
                0x00000000c001d14e                Vm::writeWordFromReal(unsigned short, unsigned short, unsigned short)
                0x00000000c001d164                Vm::writeDwordFromReal(unsigned short, unsigned short, unsigned int)
                0x00000000c001d179                Vm::faultHandler(regs*)
 .text          0x00000000c001d84d      0xefd vm86/x87em.32
                0x00000000c001d84d                Vm::fpuInternalTo32(unsigned long long)
                0x00000000c001d8a8                Vm::fpuInternalTo64(unsigned long long)
                0x00000000c001d8b1                Vm::fpu32ToInternal(unsigned int)
                0x00000000c001d8f6                Vm::fpu64ToInternal(unsigned long long)
                0x00000000c001d8ff                Vm::fpuFloatToLong(unsigned long long)
                0x00000000c001d95a                Vm::fpuULongToFloat(unsigned long long)
                0x00000000c001d990                Vm::fpuLongToFloat(long long)
                0x00000000c001d9e6                Vm::fpuGet0()
                0x00000000c001d9eb                Vm::fpuGet1()
                0x00000000c001d9f3                Vm::fpuGetPi()
                0x00000000c001d9fb                Vm::fpuGetLog2E()
                0x00000000c001da13                Vm::fpuGetLogE2()
                0x00000000c001da2b                Vm::fpuGetLog210()
                0x00000000c001da43                Vm::fpuGetLog102()
                0x00000000c001da5b                Vm::fpuIsSecondLarger(unsigned long long, unsigned long long)
                0x00000000c001da6f                Vm::fpuAreEqual(unsigned long long, unsigned long long)
                0x00000000c001da85                Vm::fpuUnorderedCompare(unsigned long long, unsigned long long)
                0x00000000c001dad8                Vm::fpuAdd(unsigned long long, unsigned long long)
                0x00000000c001dae9                Vm::fpuAbs(unsigned long long)
                0x00000000c001daf2                Vm::fpuChs(unsigned long long)
                0x00000000c001db02                Vm::fpuSub(unsigned long long, unsigned long long)
                0x00000000c001db11                Vm::fpuMultiply(unsigned long long, unsigned long long)
                0x00000000c001db30                Vm::fpuDivide(unsigned long long, unsigned long long)
                0x00000000c001db4c                Vm::fpuSquare(unsigned long long)
                0x00000000c001db62                Vm::fpuGetReg(int)
                0x00000000c001dba5                Vm::fpuSetReg(int, unsigned long long)
                0x00000000c001dbf0                Vm::fpuPush(unsigned long long)
                0x00000000c001dc4d                Vm::fpuPop()
                0x00000000c001dc9f                Vm::x87Handler(regs*)
 .text          0x00000000c001e74a     0x10ed fs/fat/vfslink.32
                0x00000000c001e74a                FAT::getName()
                0x00000000c001e750                FAT::tell(void*, unsigned long long*)
                0x00000000c001e784                FAT::stat(void*, unsigned long long*)
                0x00000000c001e7b8                FAT::~FAT()
                0x00000000c001e7b8                FAT::~FAT()
                0x00000000c001e7dc                FAT::~FAT()
                0x00000000c001e804                FAT::getlabel(LogicalDisk*, int, char*, unsigned int*)
                0x00000000c001e8a2                FAT::setlabel(LogicalDisk*, int, char*)
                0x00000000c001e95c                FAT::format(LogicalDisk*, int, char const*, int)
                0x00000000c001eb40                FAT::tryMount(LogicalDisk*, int)
                0x00000000c001ed46                FAT::readDir(void*, unsigned long, void*, int*)
                0x00000000c001ee4c                FAT::read(void*, unsigned long, void*, int*)
                0x00000000c001eea6                FAT::write(void*, unsigned long, void*, int*)
                0x00000000c001ef00                FAT::close(void*)
                0x00000000c001ef4c                FAT::closeDir(void*)
                0x00000000c001ef98                FAT::seek(void*, unsigned long long)
                0x00000000c001efec                fatWrapperReadDisk
                0x00000000c001f033                fatWrapperWriteDisk
                0x00000000c001f07a                fatWrapperIoctl
                0x00000000c001f17e                FAT::FAT()
                0x00000000c001f17e                FAT::FAT()
                0x00000000c001f1d0                FAT::fixFilepath(char*)
                0x00000000c001f208                FAT::open(char const*, void**, FileOpenMode)
                0x00000000c001f330                FAT::openDir(char const*, void**)
                0x00000000c001f3d6                FAT::stat(char const*, unsigned long long*, bool*)
                0x00000000c001f4c0                FAT::unlink(char const*)
                0x00000000c001f53a                FAT::chfatattr(char const*, unsigned char, unsigned char)
                0x00000000c001f68e                FAT::rename(char const*, char const*)
                0x00000000c001f752                FAT::mkdir(char const*)
                0x00000000c001f7cc                FAT::exists(char const*)
 *fill*         0x00000000c001f837        0x1 
 .text          0x00000000c001f838      0xbdf fs/iso9660/vfslink.32
                0x00000000c001f838                ISO9660::format(LogicalDisk*, int, char const*, int)
                0x00000000c001f83e                ISO9660::seek(void*, unsigned long long)
                0x00000000c001f86e                ISO9660::tell(void*, unsigned long long*)
                0x00000000c001f892                ISO9660::getName()
                0x00000000c001f898                ISO9660::stat(void*, unsigned long long*)
                0x00000000c001f8bc                ISO9660::chfatattr(char const*, unsigned char, unsigned char)
                0x00000000c001f8c2                ISO9660::unlink(char const*)
                0x00000000c001f8c8                ISO9660::write(void*, unsigned long, void*, int*)
                0x00000000c001f8ce                ISO9660::rename(char const*, char const*)
                0x00000000c001f8d4                ISO9660::mkdir(char const*)
                0x00000000c001f8da                ISO9660::close(void*)
                0x00000000c001f8fc                ISO9660::closeDir(void*)
                0x00000000c001f91e                ISO9660::~ISO9660()
                0x00000000c001f91e                ISO9660::~ISO9660()
                0x00000000c001f942                ISO9660::~ISO9660()
                0x00000000c001f969                __memmem(unsigned char*, int, unsigned char*, int)
                0x00000000c001f9ab                readSectorFromCDROM(unsigned int, unsigned char*, char)
                0x00000000c001fa12                ISO9660::tryMount(LogicalDisk*, int)
                0x00000000c001fa62                ISO9660::read(void*, unsigned long, void*, int*)
                0x00000000c001fca6                ISO9660::readDir(void*, unsigned long, void*, int*)
                0x00000000c001ff33                readRoot(unsigned int*, unsigned int*, char)
                0x00000000c001ff88                readRecursively(char*, unsigned int, unsigned int, unsigned int*, unsigned int*, char, int*)
                0x00000000c002015b                getFileData(char*, unsigned int*, unsigned int*, char, int*)
                0x00000000c00201ea                ISO9660::open(char const*, void**, FileOpenMode)
                0x00000000c0020284                ISO9660::exists(char const*)
                0x00000000c00202a8                ISO9660::stat(char const*, unsigned long long*, bool*)
                0x00000000c002033c                ISO9660::openDir(char const*, void**)
                0x00000000c00203f4                ISO9660::ISO9660()
                0x00000000c00203f4                ISO9660::ISO9660()
 *fill*         0x00000000c0020417        0x1 
 .text          0x00000000c0020418      0x326 hal/sound/sndchannel.32
                0x00000000c0020418                SoundChannel::~SoundChannel()
                0x00000000c0020418                SoundChannel::~SoundChannel()
                0x00000000c0020434                SoundChannel::setSpeed(float)
                0x00000000c0020440                SoundChannel::getSpeed()
                0x00000000c0020448                SoundChannel::setVolume(int)
                0x00000000c0020464                SoundChannel::getVolume()
                0x00000000c002046c                SoundChannel::pause()
                0x00000000c0020476                SoundChannel::SoundChannel(int, int, int, int)
                0x00000000c0020476                SoundChannel::SoundChannel(int, int, int, int)
                0x00000000c00205cc                SoundChannel::play()
                0x00000000c00205d6                SoundChannel::paused()
                0x00000000c00205de                SoundChannel::getSampleRate()
                0x00000000c00205e6                SoundChannel::getBits()
                0x00000000c00205ee                SoundChannel::getBufferUsed()
                0x00000000c00205f6                SoundChannel::getBufferSize()
                0x00000000c00205fe                SoundChannel::unbuffer(float*, int, int)
                0x00000000c002069e                SoundChannel::buffer8(unsigned char*, int)
 .text          0x00000000c002073e      0x3d5 hal/sound/sndhw.32
                0x00000000c002073e                SoundDevice::SoundDevice(char const*)
                0x00000000c002073e                SoundDevice::SoundDevice(char const*)
                0x00000000c00207aa                SoundDevice::~SoundDevice()
                0x00000000c00207aa                SoundDevice::~SoundDevice()
                0x00000000c0020824                SoundDevice::~SoundDevice()
                0x00000000c002084e                SoundDevice::getFreeChannelNum()
                0x00000000c0020868                SoundDevice::addChannel(SoundChannel*)
                0x00000000c00208d8                SoundDevice::removeChannel(int)
                0x00000000c002090a                SoundDevice::floatTo8(float*, unsigned char*, int)
                0x00000000c00209f2                SoundDevice::getAudio(int, float*, float*)
 .text          0x00000000c0020b13        0x0 hw/bus/isa.32
 *fill*         0x00000000c0020b13        0x1 
 .text          0x00000000c0020b14      0x6c3 hw/bus/pci.32
                0x00000000c0020b14                PCI::open(int, int, void*)
                0x00000000c0020b28                PCI::close(int, int, void*)
                0x00000000c0020b2c                PCI::PCI()
                0x00000000c0020b2c                PCI::PCI()
                0x00000000c0020bac                PCI::pciReadWord(unsigned char, unsigned char, unsigned char, unsigned char)
                0x00000000c0020bf4                PCI::getVendorID(unsigned char, unsigned char, unsigned char)
                0x00000000c0020c16                PCI::getHeaderType(unsigned char, unsigned char, unsigned char)
                0x00000000c0020c3a                PCI::getClassCode(unsigned char, unsigned char, unsigned char)
                0x00000000c0020c7e                PCI::getProgIF(unsigned char, unsigned char, unsigned char)
                0x00000000c0020ca2                PCI::getRevisionID(unsigned char, unsigned char, unsigned char)
                0x00000000c0020cc4                PCI::getInterruptNumber(unsigned char, unsigned char, unsigned char)
                0x00000000c0020ce6                PCI::getSecondaryBus(unsigned char, unsigned char, unsigned char)
                0x00000000c0020d0a                PCI::getBARAddress(unsigned char, unsigned char, unsigned char, unsigned char)
                0x00000000c0020d6a                PCI::pciWriteWord(unsigned char, unsigned char, unsigned char, unsigned char, unsigned short)
                0x00000000c0020dd6                PCI::checkBus(unsigned char)
                0x00000000c0020dfa                PCI::foundDevice(PCIDeviceInfo)
                0x00000000c0020f6c                PCI::getDeviceData(unsigned char, unsigned char, unsigned char)
                0x00000000c0021118                PCI::checkDevice(unsigned char, unsigned char)
                0x00000000c0021184                PCI::detect()
 *fill*         0x00000000c00211d7        0x1 
 .text          0x00000000c00211d8      0xc70 hw/diskctrl/ide.32
                0x00000000c00211d8                IDE::close(int, int, void*)
                0x00000000c00211dc                IDE::IDE()
                0x00000000c00211dc                IDE::IDE()
                0x00000000c0021210                IDE::prepareInterrupt(unsigned char)
                0x00000000c0021222                selectDrive(unsigned char, unsigned char)
                0x00000000c0021224                IDE::getBase(unsigned char)
                0x00000000c0021236                IDE::write(unsigned char, unsigned char, unsigned char)
                0x00000000c00212f6                IDE::read(unsigned char, unsigned char)
                0x00000000c00213a4                IDE::waitInterrupt(unsigned char)
                0x00000000c002140a                ideChannel0IRQHandler(regs*, void*)
                0x00000000c0021426                ideChannel1IRQHandler(regs*, void*)
                0x00000000c0021442                IDE::enableIRQs(unsigned char, bool)
                0x00000000c0021488                IDE::open(int, int, void*)
                0x00000000c0021898                IDE::readBuffer(unsigned char, unsigned char, unsigned int, unsigned int)
                0x00000000c0021964                IDE::detect()
                0x00000000c0021c4c                IDE::printError(unsigned char, unsigned char, unsigned char)
                0x00000000c0021de2                IDE::polling(unsigned char, unsigned int)
 .text          0x00000000c0021e48      0x37a hw/diskctrl/satabus.32
                0x00000000c0021e48                SATABus::close(int, int, void*)
                0x00000000c0021e4c                SATABus::detect()
                0x00000000c0021e4e                SATABus::SATABus()
                0x00000000c0021e4e                SATABus::SATABus()
                0x00000000c0021efa                SATABus::findCmdslot(SATABus::tagHBA_PORT volatile*)
                0x00000000c0021f42                SATABus::checkType(SATABus::tagHBA_PORT volatile*)
                0x00000000c0021f8a                SATABus::startCmd(SATABus::tagHBA_PORT volatile*)
                0x00000000c0021faa                SATABus::stopCmd(SATABus::tagHBA_PORT volatile*)
                0x00000000c0021fd4                SATABus::portRebase(SATABus::tagHBA_PORT volatile*, int)
                0x00000000c00220da                SATABus::probePort(SATABus::tagHBA_MEM volatile*)
                0x00000000c00221a2                SATABus::open(int, int, void*)
 .text          0x00000000c00221c2      0x62b hw/diskphys/ata.32
                0x00000000c00221c2                ATA::close(int, int, void*)
                0x00000000c00221e6                ATA::powerSaving(PowerSavingLevel)
                0x00000000c00221e8                ATA::ATA()
                0x00000000c00221e8                ATA::ATA()
                0x00000000c0022216                ATA::flush(bool)
                0x00000000c0022260                ATA::readyForCommand()
                0x00000000c00222b0                ATA::access(unsigned long long, int, void*, bool)
                0x00000000c002262e                ATA::read(unsigned long long, int, void*)
                0x00000000c0022696                ATA::write(unsigned long long, int, void*)
                0x00000000c00226fe                ATA::detectCHS()
                0x00000000c0022728                ATA::open(int, int, void*)
 *fill*         0x00000000c00227ed        0x1 
 .text          0x00000000c00227ee      0x5b3 hw/diskphys/atapi.32
                0x00000000c00227ee                ATAPI::write(unsigned long long, int, void*)
                0x00000000c00227f4                ATAPI::close(int, int, void*)
                0x00000000c0022818                ATAPI::ATAPI()
                0x00000000c0022818                ATAPI::ATAPI()
                0x00000000c0022846                ATAPI::readyForCommand()
                0x00000000c0022896                ATAPI::sendPacket(unsigned char*, int, bool, unsigned short*, int)
                0x00000000c0022b56                ATAPI::diskRemoved()
                0x00000000c0022b72                ATAPI::eject()
                0x00000000c0022bb8                ATAPI::diskInserted()
                0x00000000c0022be6                ATAPI::detectMedia()
                0x00000000c0022ca2                ATAPI::open(int, int, void*)
                0x00000000c0022d22                ATAPI::read(unsigned long long, int, void*)
 *fill*         0x00000000c0022da1        0x1 
 .text          0x00000000c0022da2      0x414 hw/diskphys/sata.32
                0x00000000c0022da2                SATA::close(int, int, void*)
                0x00000000c0022dc6                SATA::powerSaving(PowerSavingLevel)
                0x00000000c0022dc8                SATA::open(int, int, void*)
                0x00000000c0022e24                SATA::SATA()
                0x00000000c0022e24                SATA::SATA()
                0x00000000c0022e52                SATA::access(unsigned long long, int, void*, bool)
                0x00000000c00230e6                SATA::read(unsigned long long, int, void*)
                0x00000000c002314e                SATA::write(unsigned long long, int, void*)
 .text          0x00000000c00231b6       0x8e hw/fpu/avx.32
                0x00000000c00231b6                AVX::open(int, int, void*)
                0x00000000c00231c8                AVX::close(int, int, void*)
                0x00000000c00231da                AVX::available()
                0x00000000c00231ec                AVX::save(void*)
                0x00000000c0023204                AVX::load(void*)
                0x00000000c002321c                AVX::AVX()
                0x00000000c002321c                AVX::AVX()
 .text          0x00000000c0023244       0x90 hw/fpu/mmx.32
                0x00000000c0023244                MMX::available()
                0x00000000c0023258                MMX::open(int, int, void*)
                0x00000000c002326a                MMX::close(int, int, void*)
                0x00000000c002327c                MMX::save(void*)
                0x00000000c0023294                MMX::load(void*)
                0x00000000c00232ac                MMX::MMX()
                0x00000000c00232ac                MMX::MMX()
 .text          0x00000000c00232d4       0x96 hw/fpu/sse.32
                0x00000000c00232d4                SSE::open(int, int, void*)
                0x00000000c00232e6                SSE::close(int, int, void*)
                0x00000000c00232f8                SSE::available()
                0x00000000c0023312                SSE::save(void*)
                0x00000000c002332a                SSE::load(void*)
                0x00000000c0023342                SSE::SSE()
                0x00000000c0023342                SSE::SSE()
 .text          0x00000000c002336a       0x8e hw/fpu/x87.32
                0x00000000c002336a                x87::open(int, int, void*)
                0x00000000c002337c                x87::close(int, int, void*)
                0x00000000c002338e                x87::available()
                0x00000000c00233a0                x87::save(void*)
                0x00000000c00233b8                x87::load(void*)
                0x00000000c00233d0                x87::x87()
                0x00000000c00233d0                x87::x87()
 .text          0x00000000c00233f8      0x71e hw/intctrl/apic.32
                0x00000000c00233f8                APIC::disable()
                0x00000000c00233fa                APIC::close(int, int, void*)
                0x00000000c002341c                IOAPIC::close(int, int, void*)
                0x00000000c0023422                APIC::io_wait()
                0x00000000c0023428                APIC::getBase()
                0x00000000c002346a                APIC::eoi(unsigned char)
                0x00000000c0023498                APIC::open(int, int, void*)
                0x00000000c00235e6                IOAPIC::IOAPIC()
                0x00000000c00235e6                IOAPIC::IOAPIC()
                0x00000000c002360e                APIC::APIC()
                0x00000000c002360e                APIC::APIC()
                0x00000000c00236ea                IOAPIC::handlesGSIWithNumber(unsigned int)
                0x00000000c002371c                IOAPIC::read(int)
                0x00000000c0023744                IOAPIC::open(int, int, void*)
                0x00000000c002383a                IOAPIC::write(int, int)
                0x00000000c0023866                IOAPIC::redirect(unsigned char, unsigned long long, unsigned char, bool, bool)
                0x00000000c0023960                APIC::installIRQHandler(int, void (*)(regs*, void*), bool, void*)
 .text          0x00000000c0023b16      0x3d3 hw/intctrl/pic.32
                0x00000000c0023b16                PIC::disable()
                0x00000000c0023b44                PIC::close(int, int, void*)
                0x00000000c0023b66                PIC::PIC()
                0x00000000c0023b66                PIC::PIC()
                0x00000000c0023c3c                PIC::ioWait()
                0x00000000c0023c42                PIC::getIRQReg(int)
                0x00000000c0023cac                PIC::eoi(unsigned char)
                0x00000000c0023d3e                PIC::remap()
                0x00000000c0023eaa                PIC::open(int, int, void*)
 *fill*         0x00000000c0023ee9        0x1 
 .text          0x00000000c0023eea      0x25e hw/timer/apictimer.32
                0x00000000c0023eea                APICTimer::close(int, int, void*)
                0x00000000c0023ef0                apicTimerHandler(regs*, void*)
                0x00000000c0023f1e                APICTimer::write(int)
                0x00000000c0024022                APICTimer::open(int, int, void*)
                0x00000000c0024120                APICTimer::APICTimer()
                0x00000000c0024120                APICTimer::APICTimer()
 .text          0x00000000c0024148      0x1a7 hw/timer/pit.32
                0x00000000c0024148                PIT::write(int)
                0x00000000c00241c6                pitHandler(regs*, void*)
                0x00000000c00241f2                PIT::open(int, int, void*)
                0x00000000c0024240                PIT::close(int, int, void*)
                0x00000000c0024270                PIT::PIT()
                0x00000000c0024270                PIT::PIT()
 *fill*         0x00000000c00242ef        0x1 
 .text          0x00000000c00242f0       0x1e hw/fpu/x86/avx.32
                0x00000000c00242f0                avxDetect
                0x00000000c00242f6                avxSave
                0x00000000c00242f7                avxLoad
                0x00000000c00242f8                avxInit
                0x00000000c00242f9                avxClose
                0x00000000c00242fa                wouldSheSayYes
 *fill*         0x00000000c002430e        0x2 
 .text          0x00000000c0024310       0x35 hw/fpu/x86/sse.32
                0x00000000c0024310                absolutelyNoChanceInHell
                0x00000000c0024310                sseDetect
                0x00000000c0024328                sseSave
                0x00000000c002432e                sseLoad
                0x00000000c0024334                sseInit
                0x00000000c0024344                sseClose
 *fill*         0x00000000c0024345        0xb 
 .text          0x00000000c0024350       0x47 hw/fpu/x86/x87.32
                0x00000000c0024356                x87Detect
                0x00000000c0024371                x87Save
                0x00000000c0024377                x87Load
                0x00000000c002437c                x87Init
                0x00000000c0024396                x87Close
 *fill*         0x00000000c0024397        0x1 
 .text          0x00000000c0024398       0x25 /cygdrive/d/Users/Alex/Desktop/Toolchain/Output/bin/../lib/gcc/i386-banana/8.1.0/crtend.o
 .text          0x00000000c00243bd        0x0 crtn.32
 *fill*         0x00000000c00243bd        0x3 
 .text          0x00000000c00243c0      0x14b /cygdrive/d/Users/Alex/Desktop/Toolchain/Output/bin/../lib/gcc/i386-banana/8.1.0/libkgcc.a(_divdi3.o)
                0x00000000c00243c0                __divdi3
 *fill*         0x00000000c002450b        0x1 
 .text          0x00000000c002450c      0x17e /cygdrive/d/Users/Alex/Desktop/Toolchain/Output/bin/../lib/gcc/i386-banana/8.1.0/libkgcc.a(_moddi3.o)
                0x00000000c002450c                __moddi3
 *fill*         0x00000000c002468a        0x2 
 .text          0x00000000c002468c       0xff /cygdrive/d/Users/Alex/Desktop/Toolchain/Output/bin/../lib/gcc/i386-banana/8.1.0/libkgcc.a(_udivdi3.o)
                0x00000000c002468c                __udivdi3
 *fill*         0x00000000c002478b        0x1 
 .text          0x00000000c002478c      0x11a /cygdrive/d/Users/Alex/Desktop/Toolchain/Output/bin/../lib/gcc/i386-banana/8.1.0/libkgcc.a(_umoddi3.o)
                0x00000000c002478c                __umoddi3
 .text          0x00000000c00248a6      0x96d D:/Users/Alex/Desktop/Banana/kernel/libsoftfp.a(sfieeelib.o)
                0x00000000c00248a6                __addsf3
                0x00000000c0024ba8                __subsf3
                0x00000000c0024bbc                __negsf2
                0x00000000c0024bc9                __mulsf3
                0x00000000c0024d8c                __divsf3
                0x00000000c0024fb7                __floatsisf
                0x00000000c002502b                __floatunsisf
                0x00000000c002506d                __fixsfsi
                0x00000000c00250cf                __fixunssfsi
                0x00000000c0025100                __cmpsf2
                0x00000000c0025195                __eqsf2
                0x00000000c00251d0                __nesf2
                0x00000000c00251d2                __gtsf2
                0x00000000c002520d                __gesf2
                0x00000000c002520f                __ltsf2
                0x00000000c0025211                __lesf2
 .text          0x00000000c0025213      0xf50 D:/Users/Alex/Desktop/Banana/kernel/libsoftfp.a(dfieeelib.o)
                0x00000000c0025213                __adddf3
                0x00000000c0025864                __subdf3
                0x00000000c002587f                __negdf2
                0x00000000c0025890                __muldf3
                0x00000000c0025b74                __divdf3
                0x00000000c0025ef3                __floatsidf
                0x00000000c0025f4e                __floatunsidf
                0x00000000c0025f8c                __fixdfsi
                0x00000000c0025ff9                __fixunsdfsi
                0x00000000c0026035                __cmpdf2
                0x00000000c0026123                __eqdf2
                0x00000000c002613f                __nedf2
                0x00000000c0026141                __gtdf2
                0x00000000c002615d                __gedf2
                0x00000000c002615f                __ltdf2
                0x00000000c0026161                __ledf2
 .text          0x00000000c0026163      0x18d D:/Users/Alex/Desktop/Banana/kernel/libsoftfp.a(sfdfcvt.o)
                0x00000000c0026163                __truncdfsf2
                0x00000000c0026287                __extendsfdf2
 .text          0x00000000c00262f0       0x1e D:/Users/Alex/Desktop/Banana/kernel/libk/libm32.a(s_fabs.c.o)
                0x00000000c00262f0                fabs
 *fill*         0x00000000c002630e        0x2 
 .text          0x00000000c0026310        0xc D:/Users/Alex/Desktop/Banana/kernel/libk/libm32.a(s_lrint.S.o)
                0x00000000c0026310                lrint
 .text          0x00000000c002631c        0xc D:/Users/Alex/Desktop/Banana/kernel/libk/libm32.a(s_lrintf.S.o)
                0x00000000c002631c                lrintf
 *(.gnu.linkonce.t*)

.iplt           0x00000000c0026328        0x0
 .iplt          0x00000000c0026328        0x0 D:/Users/Alex/Desktop/Banana/kernel/boot.32

.init           0x00000000c0026328        0xf
 .init          0x00000000c0026328        0x3 crti.32
                0x00000000c0026328                _init
 .init          0x00000000c002632b        0x5 /cygdrive/d/Users/Alex/Desktop/Toolchain/Output/bin/../lib/gcc/i386-banana/8.1.0/crtbegin.o
 .init          0x00000000c0026330        0x5 /cygdrive/d/Users/Alex/Desktop/Toolchain/Output/bin/../lib/gcc/i386-banana/8.1.0/crtend.o
 .init          0x00000000c0026335        0x2 crtn.32

.fini           0x00000000c0026337        0xa
 .fini          0x00000000c0026337        0x3 crti.32
                0x00000000c0026337                _fini
 .fini          0x00000000c002633a        0x5 /cygdrive/d/Users/Alex/Desktop/Toolchain/Output/bin/../lib/gcc/i386-banana/8.1.0/crtbegin.o
 .fini          0x00000000c002633f        0x2 crtn.32

.text._ZN8ComputerD2Ev
                0x00000000c0026342       0x23
 .text._ZN8ComputerD2Ev
                0x00000000c0026342       0x23 core/computer.32
                0x00000000c0026342                Computer::~Computer()
                0x00000000c0026342                Computer::~Computer()

.text._ZN8ComputerD0Ev
                0x00000000c0026366       0x2a
 .text._ZN8ComputerD0Ev
                0x00000000c0026366       0x2a core/computer.32
                0x00000000c0026366                Computer::~Computer()

.text._Z10idleCommonv
                0x00000000c0026390       0x15
 .text._Z10idleCommonv
                0x00000000c0026390       0x15 core/idle.32
                0x00000000c0026390                idleCommon()

.text._ZN10LinkedListI8UnixFileED2Ev
                0x00000000c00263a6        0x2
 .text._ZN10LinkedListI8UnixFileED2Ev
                0x00000000c00263a6        0x2 core/unixfile.32
                0x00000000c00263a6                LinkedList<UnixFile>::~LinkedList()
                0x00000000c00263a6                LinkedList<UnixFile>::~LinkedList()

.text._ZN10LinkedListI8UnixFileEC2Ev
                0x00000000c00263a8       0x58
 .text._ZN10LinkedListI8UnixFileEC2Ev
                0x00000000c00263a8       0x58 core/unixfile.32
                0x00000000c00263a8                LinkedList<UnixFile>::LinkedList()
                0x00000000c00263a8                LinkedList<UnixFile>::LinkedList()

.text._ZN10LinkedListI8UnixFileE10addElementEPS0_
                0x00000000c0026400       0xd3
 .text._ZN10LinkedListI8UnixFileE10addElementEPS0_
                0x00000000c0026400       0xd3 core/unixfile.32
                0x00000000c0026400                LinkedList<UnixFile>::addElement(UnixFile*)

.text._ZN10LinkedListI8UnixFileE15getFirstElementEv
                0x00000000c00264d4        0x7
 .text._ZN10LinkedListI8UnixFileE15getFirstElementEv
                0x00000000c00264d4        0x7 core/unixfile.32
                0x00000000c00264d4                LinkedList<UnixFile>::getFirstElement()

.text._ZN10LinkedListI8UnixFileE11removeFirstEv
                0x00000000c00264dc       0xa1
 .text._ZN10LinkedListI8UnixFileE11removeFirstEv
                0x00000000c00264dc       0xa1 core/unixfile.32
                0x00000000c00264dc                LinkedList<UnixFile>::removeFirst()

.text._ZN10LinkedListI8UnixFileE7getNextEPS0_
                0x00000000c002657e        0x8
 .text._ZN10LinkedListI8UnixFileE7getNextEPS0_
                0x00000000c002657e        0x8 core/unixfile.32
                0x00000000c002657e                LinkedList<UnixFile>::getNext(UnixFile*)

.text._ZN16DriverlessDeviceD2Ev
                0x00000000c0026586       0x1a
 .text._ZN16DriverlessDeviceD2Ev
                0x00000000c0026586       0x1a hal/device.32