Archive member included to satisfy reference by file (symbol)

/cygdrive/d/Users/Alex/Desktop/Toolchain/Output/bin/../lib/gcc/i386-banana/8.1.0/libkgcc.a(_divdi3.o)
                              fs/fat/ff.32 (__divdi3)
/cygdrive/d/Users/Alex/Desktop/Toolchain/Output/bin/../lib/gcc/i386-banana/8.1.0/libkgcc.a(_moddi3.o)
                              compat/resolve.32 (__moddi3)
/cygdrive/d/Users/Alex/Desktop/Toolchain/Output/bin/../lib/gcc/i386-banana/8.1.0/libkgcc.a(_udivdi3.o)
                              fs/fat/ff.32 (__udivdi3)
/cygdrive/d/Users/Alex/Desktop/Toolchain/Output/bin/../lib/gcc/i386-banana/8.1.0/libkgcc.a(_umoddi3.o)
                              compat/resolve.32 (__umoddi3)
D:/Users/Alex/Desktop/Banana/kernel/libsoftfp.a(sfieeelib.o)
                              hal/sound/sndhw.32 (__addsf3)
D:/Users/Alex/Desktop/Banana/kernel/libsoftfp.a(dfieeelib.o)
                              hal/libresample/src_linear.32 (__adddf3)
D:/Users/Alex/Desktop/Banana/kernel/libsoftfp.a(sfdfcvt.o)
                              hal/libresample/samplerate.32 (__truncdfsf2)
D:/Users/Alex/Desktop/Banana/kernel/libk/libm32.a(s_fabs.c.o)
                              hal/libresample/samplerate.32 (fabs)
D:/Users/Alex/Desktop/Banana/kernel/libk/libm32.a(s_lrint.S.o)
                              hal/libresample/samplerate.32 (lrint)
D:/Users/Alex/Desktop/Banana/kernel/libk/libm32.a(s_lrintf.S.o)
                              hal/sound/sndhw.32 (lrintf)

Discarded input sections

 .comment       0x0000000000000000       0x12 /cygdrive/d/Users/Alex/Desktop/Toolchain/Output/bin/../lib/gcc/i386-banana/8.1.0/crtbegin.o
 .comment       0x0000000000000000       0x12 acpica/utclib.32
 .comment       0x0000000000000000       0x12 core/malloc.32
 .comment       0x0000000000000000       0x12 libk/string.32
 .comment       0x0000000000000000       0x12 fs/fat/diskio.32
 .comment       0x0000000000000000       0x12 fs/fat/ff.32
 .comment       0x0000000000000000       0x12 fs/fat/ffsystem.32
 .comment       0x0000000000000000       0x12 fs/fat/ffunicode.32
 .comment       0x0000000000000000       0x12 hal/libresample/samplerate.32
 .comment       0x0000000000000000       0x12 hal/libresample/src_linear.32
 .comment       0x0000000000000000       0x12 hal/libresample/src_sinc.32
 .comment       0x0000000000000000       0x12 hal/libresample/src_zoh.32
 .comment       0x0000000000000000       0x12 compat/inlines.32
 .comment       0x0000000000000000       0x12 compat/resolve.32
 .group         0x0000000000000000       0x14 core/computer.32
 .group         0x0000000000000000        0xc core/computer.32
 .comment       0x0000000000000000       0x12 core/computer.32
 .comment       0x0000000000000000       0x12 core/gdt.32
 .group         0x0000000000000000        0xc core/idle.32
 .comment       0x0000000000000000       0x12 core/idle.32
 .comment       0x0000000000000000       0x12 core/idt.32
 .comment       0x0000000000000000       0x12 core/kheap.32
 .comment       0x0000000000000000       0x12 core/main.32
 .comment       0x0000000000000000       0x12 core/physmgr.32
 .group         0x0000000000000000        0xc core/pipe.32
 .comment       0x0000000000000000       0x12 core/pipe.32
 .group         0x0000000000000000        0xc core/terminal.32
 .comment       0x0000000000000000       0x12 core/terminal.32
 .comment       0x0000000000000000       0x12 core/tss.32
 .group         0x0000000000000000        0x8 core/unixfile.32
 .group         0x0000000000000000        0xc core/unixfile.32
 .group         0x0000000000000000        0xc core/unixfile.32
 .group         0x0000000000000000        0x8 core/unixfile.32
 .group         0x0000000000000000        0xc core/unixfile.32
 .group         0x0000000000000000        0x8 core/unixfile.32
 .group         0x0000000000000000        0xc core/unixfile.32
 .group         0x0000000000000000        0xc core/unixfile.32
 .comment       0x0000000000000000       0x12 core/unixfile.32
 .comment       0x0000000000000000       0x12 core/virtmgr.32
 .comment       0x0000000000000000       0x12 coreobjs/c++.32
 .comment       0x0000000000000000       0x12 dbg/kconsole.32
 .group         0x0000000000000000        0xc fs/vfs.32
 .group         0x0000000000000000        0xc fs/vfs.32
 .group         0x0000000000000000        0xc fs/vfs.32
 .comment       0x0000000000000000       0x12 fs/vfs.32
 .group         0x0000000000000000        0xc hal/bus.32
 .comment       0x0000000000000000       0x12 hal/bus.32
 .group         0x0000000000000000        0xc hal/buzzer.32
 .comment       0x0000000000000000       0x12 hal/buzzer.32
 .group         0x0000000000000000        0xc hal/clock.32
 .comment       0x0000000000000000       0x12 hal/clock.32
 .group         0x0000000000000000       0x14 hal/device.32
 .group         0x0000000000000000        0xc hal/device.32
 .group         0x0000000000000000        0xc hal/device.32
 .group         0x0000000000000000        0xc hal/device.32
[...]
Memory Configuration

Name             Origin             Length             Attributes
*default*        0x0000000000000000 0xffffffffffffffff

Linker script and memory map

LOAD D:/Users/Alex/Desktop/Banana/kernel/boot.32
LOAD crti.32
LOAD /cygdrive/d/Users/Alex/Desktop/Toolchain/Output/bin/../lib/gcc/i386-banana/8.1.0/crtbegin.o
LOAD D:/Users/Alex/Desktop/Banana/kernel/morenasm.32
LOAD acpica/utclib.32
LOAD core/malloc.32
LOAD libk/string.32
LOAD fs/fat/diskio.32
LOAD fs/fat/ff.32
LOAD fs/fat/ffsystem.32
LOAD fs/fat/ffunicode.32
LOAD hal/libresample/samplerate.32
LOAD hal/libresample/src_linear.32
LOAD hal/libresample/src_sinc.32
LOAD hal/libresample/src_zoh.32
LOAD compat/inlines.32
LOAD compat/resolve.32
LOAD core/computer.32
LOAD core/gdt.32
LOAD core/idle.32
LOAD core/idt.32
LOAD core/kheap.32
LOAD core/main.32
LOAD core/physmgr.32
LOAD core/pipe.32
LOAD core/terminal.32
LOAD core/tss.32
LOAD core/unixfile.32
LOAD core/virtmgr.32
LOAD coreobjs/c++.32
LOAD dbg/kconsole.32
LOAD fs/vfs.32
LOAD hal/bus.32
LOAD hal/buzzer.32
LOAD hal/clock.32
LOAD hal/device.32
LOAD hal/diskctrl.32
LOAD hal/diskphys.32
LOAD hal/fpu.32
LOAD hal/intctrl.32
LOAD hal/keybrd.32
LOAD hal/logidisk.32
LOAD hal/mouse.32
LOAD hal/partition.32
LOAD hal/serial.32
LOAD hal/timer.32
LOAD hal/vcache.32
LOAD hal/video.32
LOAD hw/acpi.32
LOAD hw/cpu.32
LOAD hw/ports.32
LOAD krnl/env.32
LOAD krnl/panic.32
LOAD net/ethernet.32
LOAD reg/registry.32
LOAD sys/sc_exit.32
LOAD sys/sc_getcwd.32
LOAD sys/sc_getpid.32
LOAD sys/sc_loaddll.32
LOAD sys/sc_read.32
LOAD sys/sc_sbrk.32
LOAD sys/sc_setcwd.32
LOAD sys/sc_settime.32
LOAD sys/sc_timezone.32
LOAD sys/sc_write.32
LOAD sys/sc_yield.32
LOAD sys/syscalls.32
LOAD thr/elf.32
LOAD thr/prcssthr.32
LOAD vm86/vm8086.32
LOAD vm86/x87em.32
LOAD fs/fat/vfslink.32
LOAD fs/iso9660/vfslink.32
LOAD hal/sound/sndchannel.32
LOAD hal/sound/sndhw.32
LOAD hw/bus/isa.32
LOAD hw/bus/pci.32
LOAD hw/diskctrl/ide.32
LOAD hw/diskctrl/satabus.32
LOAD hw/diskphys/ata.32
LOAD hw/diskphys/atapi.32
LOAD hw/diskphys/sata.32
LOAD hw/fpu/avx.32
LOAD hw/fpu/mmx.32
LOAD hw/fpu/sse.32
LOAD hw/fpu/x87.32
LOAD hw/intctrl/apic.32
LOAD hw/intctrl/pic.32
LOAD hw/timer/apictimer.32
LOAD hw/timer/pit.32
LOAD hw/fpu/x86/avx.32
LOAD hw/fpu/x86/sse.32
LOAD hw/fpu/x86/x87.32
LOAD /cygdrive/d/Users/Alex/Desktop/Toolchain/Output/bin/../lib/gcc/i386-banana/8.1.0/crtend.o
LOAD crtn.32
LOAD /cygdrive/d/Users/Alex/Desktop/Toolchain/Output/bin/../lib/gcc/i386-banana/8.1.0/libkgcc.a
LOAD D:/Users/Alex/Desktop/Banana/kernel/libsoftfp.a
LOAD D:/Users/Alex/Desktop/Banana/kernel/libk/libm32.a
                0x00000000c0000000                . = 0xc0000000

.text           0x00000000c0000000    0x275c8
 *(.text)
 .text          0x00000000c0000000       0x41 D:/Users/Alex/Desktop/Banana/kernel/boot.32
                0x00000000c0000020                callGlobalConstructors
 .text          0x00000000c0000041        0x0 crti.32
 *fill*         0x00000000c0000041        0x3 
 .text          0x00000000c0000044      0x101 /cygdrive/d/Users/Alex/Desktop/Toolchain/Output/bin/../lib/gcc/i386-banana/8.1.0/crtbegin.o
 *fill*         0x00000000c0000145        0xb 
 .text          0x00000000c0000150      0x4ed D:/Users/Alex/Desktop/Banana/kernel/morenasm.32
                0x00000000c0000150                manualPCIProbe
                0x00000000c000019b                prepareTramp
                0x00000000c00001b4                voodooXADD
                0x00000000c000027f                doTPAUSE
                0x00000000c0000289                hasLegacyFPU
                0x00000000c00002ae                is486
                0x00000000c00002e4                detectCPUID
                0x00000000c00002fa                goToVM86
                0x00000000c000032a                goToUsermode
                0x00000000c0000354                switchToThreadASMFirstTime
                0x00000000c0000362                switchToThreadASM
                0x00000000c00003ea                asmQuickAcquireLock
                0x00000000c0000408                asmQuickReleaseLock
                0x00000000c0000414                asmAcquireLock
                0x00000000c0000435                asmReleaseLock
                0x00000000c0000448                loadGDT
                0x00000000c0000468                isr0
                0x00000000c0000478                isr1
                0x00000000c0000482                isr2
                0x00000000c000048c                isr3
                0x00000000c0000496                isr4
                0x00000000c00004a0                isr5
                0x00000000c00004aa                isr6
                0x00000000c00004b4                isr7
                0x00000000c00004be                isr8
                0x00000000c00004c6                isr9
                0x00000000c00004d0                isr10
                0x00000000c00004d8                isr11
                0x00000000c00004e0                isr12
                0x00000000c00004e8                isr13
                0x00000000c00004f0                isr14
                0x00000000c00004f8                isr15
                0x00000000c0000502                isr16
                0x00000000c000050c                isr17
                0x00000000c0000516                isr18
                0x00000000c0000520                irq3
                0x00000000c000052a                irq4
                0x00000000c0000534                irq5
                0x00000000c000053e                irq6
                0x00000000c0000548                irq7
                0x00000000c0000552                irq8
                0x00000000c000055c                irq9
                0x00000000c0000566                irq10
                0x00000000c0000570                irq11
                0x00000000c000057a                irq12
                0x00000000c0000584                irq13
                0x00000000c000058e                irq14
                0x00000000c0000598                irq15
                0x00000000c00005a2                irq1
                0x00000000c00005a9                irq2
                0x00000000c00005b0                isr96
                0x00000000c00005b7                irq0
                0x00000000c00005bc                int_common_stub
                0x00000000c00005bc                syscall_common_stub
                0x00000000c00005ed                irq16
                0x00000000c00005f7                irq17
                0x00000000c0000601                irq18
                0x00000000c000060b                irq19
                0x00000000c0000615                irq20
                0x00000000c000061f                irq21
                0x00000000c0000629                irq22
                0x00000000c0000633                irq23
 .text          0x00000000c000063d      0x3fd acpica/utclib.32
                0x00000000c000063d                memcmp
                0x00000000c0000668                memmove
                0x00000000c00006a0                memcpy
                0x00000000c00006c4                memset
                0x00000000c00006e1                strlen
                0x00000000c00006f1                strpbrk
                0x00000000c0000714                strtok
                0x00000000c0000763                strcpy
                0x00000000c0000783                strncpy
                0x00000000c00007b4                strcmp
                0x00000000c00007d5                strchr
                0x00000000c00007eb                strncmp
                0x00000000c000081a                strcat
                0x00000000c0000841                strncat
                0x00000000c000087b                strstr
                0x00000000c00008b8                toupper
                0x00000000c00008cc                tolower
                0x00000000c00008e0                simple_strtoul
 .text          0x00000000c0000a3a      0xfbf core/malloc.32
                0x00000000c0000ba5                dlfree
                0x00000000c0000f00                dlmalloc
                0x00000000c000143d                dlrealloc
                0x00000000c00015f2                dlmemalign
                0x00000000c0001715                dlcalloc
                0x00000000c00017af                dlcfree
                0x00000000c00017b4                dlindependent_calloc
                0x00000000c00017d9                dlindependent_comalloc
                0x00000000c00017f0                dlvalloc
                0x00000000c000181b                dlpvalloc
                0x00000000c0001851                dlmalloc_trim
                0x00000000c000185e                dlmalloc_usable_size
                0x00000000c000188f                dlmallinfo
                0x00000000c000195e                dlmalloc_stats
                0x00000000c000196f                dlmallopt
 .text          0x00000000c00019f9        0x0 libk/string.32
 .text          0x00000000c00019f9       0x51 fs/fat/diskio.32
                0x00000000c00019f9                disk_status
                0x00000000c00019fc                disk_initialize
                0x00000000c00019ff                disk_read
                0x00000000c0001a15                disk_write
                0x00000000c0001a2b                disk_ioctl
 .text          0x00000000c0001a4a     0x6833 fs/fat/ff.32
                0x00000000c0004d18                f_mount
                0x00000000c0004d7a                f_open
                0x00000000c00051b6                f_read
                0x00000000c0005436                f_write
                0x00000000c00056f0                f_sync
                0x00000000c00058cc                f_close
                0x00000000c00058fb                f_lseek
                0x00000000c0005db2                f_opendir
                0x00000000c0005eb4                f_closedir
                0x00000000c0005ed6                f_readdir
                0x00000000c0005f71                f_stat
                0x00000000c0006000                f_getfree
                0x00000000c00061cb                f_truncate
                0x00000000c00062c3                f_unlink
                0x00000000c0006446                f_mkdir
                0x00000000c0006672                f_rename
                0x00000000c0006965                f_chmod
                0x00000000c0006a43                f_utime
                0x00000000c0006b21                f_getlabel
                0x00000000c0006d0f                f_setlabel
                0x00000000c0006f7c                f_forward
                0x00000000c000715a                f_mkfs
 .text          0x00000000c000827d       0x2d fs/fat/ffsystem.32
                0x00000000c000827d                ff_memalloc
                0x00000000c0008293                ff_memfree
 .text          0x00000000c00082aa      0x253 fs/fat/ffunicode.32
                0x00000000c00082aa                ff_uni2oem
                0x00000000c000833a                ff_oem2uni
                0x00000000c00083a6                ff_wtoupper
 .text          0x00000000c00084fd      0x8fb hal/libresample/samplerate.32
                0x00000000c0008541                src_delete
                0x00000000c000857d                src_process
                0x00000000c0008733                src_callback_read
                0x00000000c00088b0                src_set_ratio
                0x00000000c000891a                src_get_channels
                0x00000000c000893c                src_reset
                0x00000000c0008988                src_new
                0x00000000c0008a16                src_callback_new
                0x00000000c0008a78                src_get_name
                0x00000000c0008aaf                src_get_description
                0x00000000c0008ae6                src_get_version
                0x00000000c0008aec                src_is_valid_ratio
                0x00000000c0008b40                src_error
                0x00000000c0008b4e                src_strerror
                0x00000000c0008b61                src_simple
                0x00000000c0008bb4                src_short_to_float_array
                0x00000000c0008c19                src_float_to_short_array
                0x00000000c0008cd8                src_int_to_float_array
                0x00000000c0008d3b                src_float_to_int_array
 .text          0x00000000c0008df8      0x8cb hal/libresample/src_linear.32
                0x00000000c000961e                linear_get_name
                0x00000000c000962d                linear_get_description
                0x00000000c000963c                linear_set_converter
 .text          0x00000000c00096c3     0x447c hal/libresample/src_sinc.32
                0x00000000c000da56                sinc_get_name
                0x00000000c000da69                sinc_get_description
                0x00000000c000da7c                sinc_set_converter
 .text          0x00000000c000db3f      0x77c hal/libresample/src_zoh.32
                0x00000000c000e216                zoh_get_name
                0x00000000c000e225                zoh_get_description
                0x00000000c000e234                zoh_set_converter
 .text          0x00000000c000e2bb       0x23 compat/inlines.32
                0x00000000c000e2bb                CPU::current()
                0x00000000c000e2c8                operator new(unsigned long)
 .text          0x00000000c000e2de      0x111 compat/resolve.32
                0x00000000c000e2de                Krnl::resolveCompatibilitySymbol(char*)
 *fill*         0x00000000c000e3ef        0x1 
 .text          0x00000000c000e3f0      0xa11 core/computer.32
                0x00000000c000e3f0                Computer::close(int, int, void*)
                0x00000000c000e434                Krnl::firstTask()
                0x00000000c000e51e                Computer::Computer()
                0x00000000c000e51e                Computer::Computer()
                0x00000000c000e67a                Computer::setBootMessage(char const*)
                0x00000000c000e67c                Computer::detectFeatures()
                0x00000000c000e886                Computer::displayFeatures()
                0x00000000c000ebcc                Computer::rdmsr(unsigned int)
                0x00000000c000ebf8                Computer::wrmsr(unsigned int, unsigned long long)
                0x00000000c000ec30                Computer::nmiEnabled()
                0x00000000c000ec3c                Computer::readCMOS(unsigned char)
                0x00000000c000ec56                Computer::enableNMI(bool)
                0x00000000c000ec6e                Computer::open(int, int, void*)
                0x00000000c000ed44                Computer::disableNMI()
                0x00000000c000ed52                Computer::writeCMOS(unsigned char, unsigned char)
                0x00000000c000ed70                Computer::handleNMI()
                0x00000000c000edd6                Computer::setDiskActivityLight(int, bool)
 *fill*         0x00000000c000ee01        0x1 
 .text          0x00000000c000ee02      0x1b7 core/gdt.32
                0x00000000c000ee02                GDTEntry::setBase(unsigned int)
                0x00000000c000ee1e                GDTEntry::setLimit(unsigned int)
                0x00000000c000ee3c                GDT::GDT()
                0x00000000c000ee3c                GDT::GDT()
                0x00000000c000ee52                GDT::addEntry(GDTEntry)
                0x00000000c000ee8e                GDT::getNumberOfEntries()
                0x00000000c000ee96                GDT::flush()
                0x00000000c000eeb8                GDT::setup()
 .text          0x00000000c000efb9       0x62 core/idle.32
                0x00000000c000efb9                idleFunction(void*)
 *fill*         0x00000000c000f01b        0x1 
 .text          0x00000000c000f01c      0x45f core/idt.32
                0x00000000c000f01c                IDTEntry::IDTEntry(bool)
                0x00000000c000f01c                IDTEntry::IDTEntry(bool)
                0x00000000c000f08a                IDTEntry::setOffset(unsigned int)
                0x00000000c000f09e                IDT::IDT()
                0x00000000c000f09e                IDT::IDT()
                0x00000000c000f0a0                IDT::getPointerToInvalidOpcodeEntryForF00F()
                0x00000000c000f0a8                IDT::addEntry(IDTEntry, int)
                0x00000000c000f0c2                IDT::addEntry(int, void (*)(), bool)
                0x00000000c000f0fa                IDT::flush()
                0x00000000c000f114                IDT::setup()
 .text          0x00000000c000f47b      0x203 core/kheap.32
                0x00000000c000f47b                sbrk
                0x00000000c000f589                mmap
                0x00000000c000f59f                munmap
                0x00000000c000f5b5                liballoc_lock()
                0x00000000c000f5c6                liballoc_unlock()
                0x00000000c000f5d7                liballoc_alloc(int)
                0x00000000c000f5f2                liballoc_free(void*, int)
                0x00000000c000f610                realloc
                0x00000000c000f624                malloc
                0x00000000c000f634                free
                0x00000000c000f644                rfree
                0x00000000c000f654                calloc
 .text          0x00000000c000f67e      0x480 core/main.32
                0x00000000c000f67e                hwTextMode_loadInData(VgaText*)
                0x00000000c000f6c9                hwTextMode_loadInTitle(VgaText*, char*)
                0x00000000c000f747                hwTextMode_showCursor(VgaText*, bool)
                0x00000000c000f7a5                hwTextMode_update(VgaText*)
                0x00000000c000f7a6                hwTextMode_updateCursor(VgaText*)
                0x00000000c000f7f7                hwTextMode_disableBlink(VgaText*, bool)
                0x00000000c000f83d                hwTextMode_scrollScreen(VgaText*)
                0x00000000c000f8ea                hwTextMode_writeCharacter(VgaText*, char, VgaColour, VgaColour, int, int)
                0x00000000c000f96c                setupTextMode()
                0x00000000c000f9dc                kernel_main
 .text          0x00000000c000fafe      0x54d core/physmgr.32
                0x00000000c000fafe                Phys::allocateDMA(unsigned long)
                0x00000000c000fba1                Phys::freeDMA(unsigned long, unsigned long)
                0x00000000c000fbe9                Phys::setPageState(unsigned long, bool)
                0x00000000c000fc1b                Phys::getPageState(unsigned long)
                0x00000000c000fc37                Phys::freePage(unsigned long)
                0x00000000c000fcc1                Phys::allocatePage()
                0x00000000c000fd89                Phys::allocateContiguousPages(int)
                0x00000000c000fde3                Phys::allowSegmentToBeUsed(unsigned long, unsigned long)
                0x00000000c000fe1b                Phys::physicalMemorySetup(unsigned int)
 *fill*         0x00000000c001004b        0x1 
 .text          0x00000000c001004c      0x273 core/pipe.32
                0x00000000c001004c                Pipe::isAtty()
                0x00000000c0010050                Pipe::~Pipe()
                0x00000000c0010050                Pipe::~Pipe()
                0x00000000c0010074                Pipe::~Pipe()
                0x00000000c001009c                Pipe::read(unsigned long long, void*, int*)
                0x00000000c0010190                Pipe::write(unsigned long long, void*, int*)
                0x00000000c0010258                Pipe::Pipe(int)
                0x00000000c0010258                Pipe::Pipe(int)
 *fill*         0x00000000c00102bf        0x1 
 .text          0x00000000c00102c0      0xf73 core/terminal.32
                0x00000000c00102c0                VgaText::isAtty()
                0x00000000c00102c4                VgaText::~VgaText()
                0x00000000c00102c4                VgaText::~VgaText()
                0x00000000c00102e8                VgaText::~VgaText()
                0x00000000c0010312                VgaText::read(unsigned long long, void*, int*)
                0x00000000c0010332                setTerminalScrollLock(bool)
                0x00000000c0010333                addToTerminalCycle(VgaText*)
                0x00000000c0010360                installVgaTextImplementation()
                0x00000000c0010375                scrollTerminalScrollLock(int)
                0x00000000c0010376                VgaText::load()
                0x00000000c00103ca                VgaText::updateCursor()
                0x00000000c00103e4                VgaText::showCursor(bool)
                0x00000000c00103f4                VgaText::disableBlink(bool)
                0x00000000c001042e                VgaText::doANSI_SGR(int)
                0x00000000c00104ba                VgaText::setDefaultBgColour(VgaColour)
                0x00000000c00104d0                VgaText::setDefaultFgColour(VgaColour)
                0x00000000c00104e6                VgaText::setDefaultColours(VgaColour, VgaColour)
                0x00000000c0010506                VgaText::combineColours(unsigned char, unsigned char)
                0x00000000c0010518                VgaText::scrollScreen()
                0x00000000c00105ac                VgaText::combineCharAndColour(char, unsigned char)
                0x00000000c00105be                VgaText::writeCharacter(char, VgaColour, VgaColour, int, int)
                0x00000000c001061e                VgaText::getCursorX()
                0x00000000c001062a                VgaText::getCursorY()
                0x00000000c0010636                VgaText::setCursor(int, int)
                0x00000000c0010654                VgaText::setCursorX(int)
                0x00000000c0010670                VgaText::setCursorY(int)
                0x00000000c001068c                VgaText::incrementCursor(bool)
                0x00000000c00106f4                VgaText::updateRAMUsageDisplay(int)
                0x00000000c0010758                VgaText::updateDiskUsage()
                0x00000000c00108c2                VgaText::updateTitle()
                0x00000000c0010908                VgaText::setTitleTextColour(VgaColour)
                0x00000000c0010918                VgaText::setTitleColour(VgaColour)
                0x00000000c0010928                VgaText::setTitle(char*)
                0x00000000c001094e                VgaText::decrementCursor(bool)
                0x00000000c0010976                VgaText::putchar(char, VgaColour, VgaColour)
                0x00000000c0010a72                VgaText::isShowingCursor()
                0x00000000c0010a7e                VgaText::isBlinkDisabled()
                0x00000000c0010a8c                VgaText::setCursorHeight(int)
                0x00000000c0010aaa                VgaText::getCursorHeight()
                0x00000000c0010ab5                setActiveTerminal(VgaText*)
                0x00000000c0010b67                doTerminalCycle()
                0x00000000c0010b84                VgaText::doUpdate()
                0x00000000c0010b96                VgaText::puts(char const*, VgaColour, VgaColour)
                0x00000000c0010d56                VgaText::clearScreen()
                0x00000000c0010dba                VgaText::putchar(char)
                0x00000000c0010ed4                VgaText::puts(char const*)
                0x00000000c0010efa                VgaText::putx(unsigned int)
                0x00000000c0010f40                VgaText::VgaText(char const*)
                0x00000000c0010f40                VgaText::VgaText(char const*)
                0x00000000c00110d2                VgaText::receiveKey(unsigned char)
                0x00000000c00111ba                VgaText::write(unsigned long long, void*, int*)
                0x00000000c001120e                newTerminal(char*)
 *fill*         0x00000000c0011233        0x1 
 .text          0x00000000c0011234      0x1b3 core/tss.32
                0x00000000c0011234                TSS::TSS()
                0x00000000c0011234                TSS::TSS()
                0x00000000c0011242                TSS::setESP(unsigned long)
                0x00000000c0011254                TSS::flush()
                0x00000000c0011274                TSS::setup(unsigned long, unsigned long)
 *fill*         0x00000000c00113e7        0x1 
 .text          0x00000000c00113e8      0x4c2 core/unixfile.32
                0x00000000c00113e8                ReservedFilename::read(unsigned long long, void*, int*)
                0x00000000c001143e                ReservedFilename::isAtty()
                0x00000000c001145a                ReservedFilename::write(unsigned long long, void*, int*)
                0x00000000c00114b8                UnixFile::getFileDescriptor()
                0x00000000c00114c0                UnixFile::UnixFile(int)
                0x00000000c00114c0                UnixFile::UnixFile(int)
                0x00000000c0011670                ReservedFilename::ReservedFilename(int)
                0x00000000c0011670                ReservedFilename::ReservedFilename(int)
                0x00000000c00116a2                UnixFile::~UnixFile()
                0x00000000c00116a2                UnixFile::~UnixFile()
                0x00000000c001173a                UnixFile::~UnixFile()
                0x00000000c0011762                ReservedFilename::~ReservedFilename()
                0x00000000c0011762                ReservedFilename::~ReservedFilename()
                0x00000000c0011786                ReservedFilename::~ReservedFilename()
                0x00000000c00117ad                getFromFileDescriptor(int)
 .text          0x00000000c00118aa      0xee3 core/virtmgr.32
                0x00000000c00118aa                Virt::setPageState(unsigned long, Virt::VirtPageState)
                0x00000000c00118df                Virt::getPageState(unsigned long)
                0x00000000c0011903                Virt::allocateKernelVirtualPages(int)
                0x00000000c0011a14                Virt::virtualMemorySetup()
                0x00000000c0011a93                Virt::getAKernelVAS()
                0x00000000c0011a99                Virt::setupPageSwapping(int)
                0x00000000c0011bc8                VAS::VAS()
                0x00000000c0011bc8                VAS::VAS()
                0x00000000c0011bf8                VAS::VAS(VAS*)
                0x00000000c0011bf8                VAS::VAS(VAS*)
                0x00000000c0011c1c                VAS::getForeignPageTableEntry(bool, unsigned long)
                0x00000000c0011c48                VAS::getPageTableEntry(unsigned long)
                0x00000000c0011c67                Virt::freeKernelVirtualPages(unsigned long)
                0x00000000c0011d8a                VAS::freeAllocatedPages(unsigned long)
                0x00000000c0011dae                VAS::virtualToPhysical(unsigned long)
                0x00000000c0011dc6                VAS::reflagRange(unsigned long, int, int, int)
                0x00000000c0011e06                VAS::setToWriteCombining(unsigned long, int)
                0x00000000c0011e38                VAS::mapOtherVASIn(bool, VAS*)
                0x00000000c0011e62                VAS::~VAS()
                0x00000000c0011e62                VAS::~VAS()
                0x00000000c0011fce                VAS::mapPage(unsigned long, unsigned long, int)
                0x00000000c00120ce                VAS::allocatePages(int, int)
                0x00000000c00122a6                VAS::setCPUSpecific(unsigned long)
                0x00000000c00122c2                VAS::mapRange(unsigned long, unsigned long, int, int)
                0x00000000c0012388                VAS::mapForeignPage(bool, VAS*, unsigned long, unsigned long, int)
                0x00000000c0012476                VAS::VAS(bool)
                0x00000000c0012476                VAS::VAS(bool)
                0x00000000c00126d1                mapVASFirstTime
 .text          0x00000000c001278d       0x95 coreobjs/c++.32
                0x00000000c001278d                __cxa_atexit
                0x00000000c0012790                __cxa_finalize
                0x00000000c0012791                __stack_chk_fail
                0x00000000c00127fd                __cxa_pure_virtual
                0x00000000c001280e                operator new[](unsigned long)
                0x00000000c0012813                operator delete(void*, unsigned long)
                0x00000000c0012818                operator delete[](void*)
                0x00000000c001281d                operator delete[](void*, unsigned long)
 .text          0x00000000c0012822      0x1ef dbg/kconsole.32
                0x00000000c0012822                Dbg::stringifyxWithBase(unsigned int, char*, int)
                0x00000000c0012883                Dbg::logc(char)
                0x00000000c001289a                Dbg::logs(char*)
                0x00000000c00128b7                Dbg::logWriteInt(unsigned int)
                0x00000000c00128d4                Dbg::logWriteIntBase(unsigned int, int)
                0x00000000c00128f3                Dbg::kprintf(char const*, ...)
 *fill*         0x00000000c0012a11        0x1 
 .text          0x00000000c0012a12      0xb7c fs/vfs.32
                0x00000000c0012a12                File::read(unsigned long long, void*, int*)
                0x00000000c0012a6a                File::write(unsigned long long, void*, int*)
                0x00000000c0012ac2                Directory::read(unsigned long long, void*, int*)
                0x00000000c0012b1a                Directory::write(unsigned long long, void*, int*)
                0x00000000c0012b48                File::isAtty()
                0x00000000c0012b4c                Directory::isAtty()
                0x00000000c0012b50                Filesystem::getlabel(LogicalDisk*, int, char*, unsigned int*)
                0x00000000c0012b56                Filesystem::setlabel(LogicalDisk*, int, char*)
                0x00000000c0012b5c                File::~File()
                0x00000000c0012b5c                File::~File()
                0x00000000c0012b80                File::~File()
                0x00000000c0012baa                Directory::~Directory()
                0x00000000c0012baa                Directory::~Directory()
                0x00000000c0012bce                Directory::~Directory()
                0x00000000c0012bf8                Filesystem::Filesystem()
                0x00000000c0012bf8                Filesystem::Filesystem()
                0x00000000c0012c1c                Filesystem::~Filesystem()
                0x00000000c0012c1c                Filesystem::~Filesystem()
                0x00000000c0012c2a                Filesystem::~Filesystem()
                0x00000000c0012c4e                Fs::getcwd(Process*, char*, int)
                0x00000000c0012c78                Fs::initVFS()
                0x00000000c0012ca2                Fs::standardiseFiles(char*, char const*, char const*)
                0x00000000c0012e4c                File::File(char const*, Process*)
                0x00000000c0012e4c                File::File(char const*, Process*)
                0x00000000c0012eb0                File::open(FileOpenMode)
                0x00000000c0012f0e                File::close()
                0x00000000c0012f6e                File::seek(unsigned long long)
                0x00000000c0012fc4                File::tell(unsigned long long*)
                0x00000000c0013014                File::rewind()
                0x00000000c0013028                File::unlink()
                0x00000000c0013074                File::rename(char const*)
                0x00000000c00130c2                File::chfatattr(unsigned char, unsigned char)
                0x00000000c001311e                File::exists()
                0x00000000c001315c                File::stat(unsigned long long*, bool*)
                0x00000000c00131bd                Fs::setcwd(Process*, char*)
                0x00000000c00132f8                Directory::Directory(char const*, Process*)
                0x00000000c00132f8                Directory::Directory(char const*, Process*)
                0x00000000c001335c                Directory::open()
                0x00000000c00133b8                Directory::close()
                0x00000000c0013418                Directory::unlink()
                0x00000000c0013464                Directory::rename(char const*)
                0x00000000c00134b2                Directory::exists()
                0x00000000c00134f0                Directory::read(dirent*)
                0x00000000c001353c                Directory::create()
                0x00000000c0013588                Filesystem::chfatattr(char const*, unsigned char, unsigned char)
 .text          0x00000000c001358e       0x84 hal/bus.32
                0x00000000c001358e                Bus::Bus(char const*)
                0x00000000c001358e                Bus::Bus(char const*)
                0x00000000c00135c4                Bus::~Bus()
                0x00000000c00135c4                Bus::~Bus()
                0x00000000c00135e8                Bus::~Bus()
 .text          0x00000000c0013612      0x14e hal/buzzer.32
                0x00000000c0013612                Buzzer::Buzzer(char const*)
                0x00000000c0013612                Buzzer::Buzzer(char const*)
                0x00000000c0013656                Buzzer::~Buzzer()
                0x00000000c0013656                Buzzer::~Buzzer()
                0x00000000c001367a                Buzzer::~Buzzer()
                0x00000000c00136a4                Buzzer::stop()
                0x00000000c00136b7                beepThread(void*)
                0x00000000c00136f2                Buzzer::beep(int, int, bool)
 .text          0x00000000c0013760      0x467 hal/clock.32
                0x00000000c0013760                User::loadClockSettings(int)
                0x00000000c00137b2                Clock::Clock(char const*)
                0x00000000c00137b2                Clock::Clock(char const*)
                0x00000000c00137e8                Clock::~Clock()
                0x00000000c00137e8                Clock::~Clock()
                0x00000000c001380c                Clock::~Clock()
                0x00000000c0013836                Clock::timeInSecondsLocal()
                0x00000000c001387e                Clock::setTimeInSecondsLocal(unsigned long long)
                0x00000000c00138d7                datetimeToSeconds(datetime_t)
                0x00000000c00139fe                Clock::setTimeInDatetimeLocal(datetime_t)
                0x00000000c0013a5e                secondsToDatetime(unsigned long long)
                0x00000000c0013ba2                Clock::timeInDatetimeLocal()
 *fill*         0x00000000c0013bc7        0x1 
 .text          0x00000000c0013bc8      0x4de hal/device.32
                0x00000000c0013bc8                Device::hibernate()
                0x00000000c0013bca                Device::wake()
                0x00000000c0013bcc                Device::detect()
                0x00000000c0013bce                Device::disableLegacy()
                0x00000000c0013bd0                Device::powerSaving(PowerSavingLevel)
                0x00000000c0013bd2                DriverlessDevice::close(int, int, void*)
                0x00000000c0013bd6                DriverlessDevice::detect()
                0x00000000c0013bd8                DriverlessDevice::open(int, int, void*)
                0x00000000c0013bec                Device::~Device()
                0x00000000c0013bec                Device::~Device()
                0x00000000c0013bfa                Device::~Device()
                0x00000000c0013c22                Device::findAndLoadDriver()
                0x00000000c0013c24                Device::preOpenPCI(PCIDeviceInfo)
                0x00000000c0013c4a                Device::preOpenACPI(void*, char*, char*)
                0x00000000c0013c9e                Device::addIRQHandler(int, void (*)(regs*, void*), bool, void*)
                0x00000000c0013cdc                Device::removeIRQHandler(int, void (*)(regs*, void*), bool)
                0x00000000c0013d1a                Device::addChild(Device*)
                0x00000000c0013d5e                Device::removeAllChildren()
                0x00000000c0013da4                Device::hibernateAll()
                0x00000000c0013dd4                Device::wakeAll()
                0x00000000c0013e04                Device::detectAll()
                0x00000000c0013e34                Device::disableLegacyAll()
                0x00000000c0013e64                Device::loadDriversForAll()
                0x00000000c0013e90                Device::closeAll()
                0x00000000c0013ec6                Device::powerSavingAll(PowerSavingLevel)
                0x00000000c0013efc                Device::setName(char const*)
                0x00000000c0013f0a                Device::Device(char const*)
                0x00000000c0013f0a                Device::Device(char const*)
                0x00000000c0014006                Device::getName()
                0x00000000c0014010                DriverlessDevice::DriverlessDevice(char const*)
                0x00000000c0014010                DriverlessDevice::DriverlessDevice(char const*)
                0x00000000c0014038                Device::addToLinkedList(LinkedList<Device>&, DeviceType)
                0x00000000c001407c                getDevicesOfType(DeviceType)
 .text          0x00000000c00140a6       0x84 hal/diskctrl.32
                0x00000000c00140a6                HardDiskController::HardDiskController(char const*)
                0x00000000c00140a6                HardDiskController::HardDiskController(char const*)
                0x00000000c00140dc                HardDiskController::~HardDiskController()
                0x00000000c00140dc                HardDiskController::~HardDiskController()
                0x00000000c0014100                HardDiskController::~HardDiskController()
 .text          0x00000000c001412a       0xde hal/diskphys.32
                0x00000000c001412a                PhysicalDisk::PhysicalDisk(char const*, int)
                0x00000000c001412a                PhysicalDisk::PhysicalDisk(char const*, int)
                0x00000000c0014192                PhysicalDisk::startCache()
                0x00000000c00141ba                PhysicalDisk::~PhysicalDisk()
                0x00000000c00141ba                PhysicalDisk::~PhysicalDisk()
                0x00000000c00141de                PhysicalDisk::~PhysicalDisk()
 .text          0x00000000c0014208      0x13b hal/fpu.32
                0x00000000c0014208                FPU::FPU(char const*)
                0x00000000c0014208                FPU::FPU(char const*)
                0x00000000c001423e                FPU::~FPU()
                0x00000000c001423e                FPU::~FPU()
                0x00000000c0014262                FPU::~FPU()
                0x00000000c001428c                setupFPU()
 *fill*         0x00000000c0014343        0x1 
 .text          0x00000000c0014344     0x12f7 hal/intctrl.32
                0x00000000c0014344                InterruptController::uninstallISRHandler(int, void (*)(regs*, void*))
                0x00000000c001437c                InterruptController::installISRHandler(int, void (*)(regs*, void*), void*)
                0x00000000c00143ce                doubleFault(regs*, void*)
                0x00000000c00143e8                InterruptController::installIRQHandler(int, void (*)(regs*, void*), bool, void*)
                0x00000000c0014484                InterruptController::clearAllHandlers(int, bool)
                0x00000000c001452c                InterruptController::uninstallIRQHandler(int, void (*)(regs*, void*), bool)
                0x00000000c00145b3                nmiHandler(regs*, void*)
                0x00000000c00145c1                int_handler
                0x00000000c0014662                InterruptController::InterruptController(char const*)
                0x00000000c0014662                InterruptController::InterruptController(char const*)
                0x00000000c0014708                InterruptController::~InterruptController()
                0x00000000c0014708                InterruptController::~InterruptController()
                0x00000000c001472c                InterruptController::~InterruptController()
                0x00000000c0014756                displayDebugInfo(regs*)
                0x00000000c0014b5b                x87EmulHandler(regs*, void*)
                0x00000000c0014b8a                gpFault(regs*, void*)
                0x00000000c0014bc3                pgFault(regs*, void*)
                0x00000000c0014bda                otherISRHandler(regs*, void*)
                0x00000000c0014bf9                opcodeFault(regs*, void*)
                0x00000000c00151ff                displayProgramFault(char const*)
                0x00000000c0015227                setupInterruptController()
                0x00000000c00155ee                InterruptController::convertLegacyIRQNumber(int)
 *fill*         0x00000000c001563b        0x1 
 .text          0x00000000c001563c      0x69a hal/keybrd.32
                0x00000000c001563c                startGUI(void*)
                0x00000000c0015698                startGUIVESA(void*)
                0x00000000c00156f4                sendKeyToTerminal(unsigned char)
                0x00000000c0015760                sendKeyboardToken(KeyboardToken)
                0x00000000c0015b70                clearInternalKeybuffer(VgaText*)
                0x00000000c0015ba5                readKeyboard(VgaText*, char*, unsigned long)
                0x00000000c0015c4c                Keyboard::Keyboard(char const*)
                0x00000000c0015c4c                Keyboard::Keyboard(char const*)
                0x00000000c0015c88                Keyboard::~Keyboard()
                0x00000000c0015c88                Keyboard::~Keyboard()
                0x00000000c0015cac                Keyboard::~Keyboard()
 .text          0x00000000c0015cd6      0x400 hal/logidisk.32
                0x00000000c0015cd6                LogicalDisk::close(int, int, void*)
                0x00000000c0015cda                LogicalDisk::~LogicalDisk()
                0x00000000c0015cda                LogicalDisk::~LogicalDisk()
                0x00000000c0015cfe                LogicalDisk::~LogicalDisk()
                0x00000000c0015d28                LogicalDisk::open(int, int, void*)
                0x00000000c0015d3c                LogicalDisk::absoluteToRelative(unsigned long long)
                0x00000000c0015d74                LogicalDisk::relativeToAbsolute(unsigned long long)
                0x00000000c0015dba                LogicalDisk::LogicalDisk(char const*, PhysicalDisk*, unsigned long long, unsigned long long)
                0x00000000c0015dba                LogicalDisk::LogicalDisk(char const*, PhysicalDisk*, unsigned long long, unsigned long long)
                0x00000000c0015e70                LogicalDisk::assignDriveLetter()
                0x00000000c0015f26                LogicalDisk::mount()
                0x00000000c0015f98                LogicalDisk::unmount()
                0x00000000c0015fa8                LogicalDisk::unassignDriveLetter()
                0x00000000c0015ffe                LogicalDisk::read(unsigned long long, int, void*)
                0x00000000c001606a                LogicalDisk::write(unsigned long long, int, void*)
 .text          0x00000000c00160d6       0x84 hal/mouse.32
                0x00000000c00160d6                Mouse::Mouse(char const*)
                0x00000000c00160d6                Mouse::Mouse(char const*)
                0x00000000c001610c                Mouse::~Mouse()
                0x00000000c001610c                Mouse::~Mouse()
                0x00000000c0016130                Mouse::~Mouse()
 .text          0x00000000c001615a      0x34d hal/partition.32
                0x00000000c001615a                makePartition(PhysicalDisk*, unsigned long long, unsigned long long)
                0x00000000c0016216                createPartitionsForDisk(PhysicalDisk*)
 *fill*         0x00000000c00164a7        0x1 
 .text          0x00000000c00164a8       0x84 hal/serial.32
                0x00000000c00164a8                Serial::Serial(char const*)
                0x00000000c00164a8                Serial::Serial(char const*)
                0x00000000c00164de                Serial::~Serial()
                0x00000000c00164de                Serial::~Serial()
                0x00000000c0016502                Serial::~Serial()
 .text          0x00000000c001652c      0x2b8 hal/timer.32
                0x00000000c001652c                Timer::Timer(char const*)
                0x00000000c001652c                Timer::Timer(char const*)
                0x00000000c0016562                Timer::~Timer()
                0x00000000c0016562                Timer::~Timer()
                0x00000000c0016586                Timer::~Timer()
                0x00000000c00165b0                Timer::read()
                0x00000000c00165bb                timerHandler(unsigned long long)
                0x00000000c00166f2                setupTimer(int)
 .text          0x00000000c00167e4      0x2db hal/vcache.32
                0x00000000c00167e4                VCache::VCache(PhysicalDisk*)
                0x00000000c00167e4                VCache::VCache(PhysicalDisk*)
                0x00000000c00168de                VCache::writeWriteBuffer()
                0x00000000c001691a                VCache::~VCache()
                0x00000000c001691a                VCache::~VCache()
                0x00000000c001695a                VCache::~VCache()
                0x00000000c0016982                VCache::write(unsigned long long, int, void*)
                0x00000000c0016a66                VCache::read(unsigned long long, int, void*)
 *fill*         0x00000000c0016abf        0x1 
 .text          0x00000000c0016ac0      0x4cd hal/video.32
                0x00000000c0016ac0                Video::putrect(int, int, int, int, unsigned int)
                0x00000000c0016b0c                Video::bitblit(int, int, int, int, int, int, int, unsigned int*)
                0x00000000c0016b7c                Video::blit(unsigned int*, int, int, int, int)
                0x00000000c0016bfa                Video::clearScreen(unsigned int)
                0x00000000c0016c2e                Video::putpixel(int, int, unsigned int)
                0x00000000c0016c3c                Video::Video(char const*)
                0x00000000c0016c3c                Video::Video(char const*)
                0x00000000c0016c72                Video::~Video()
                0x00000000c0016c72                Video::~Video()
                0x00000000c0016c96                Video::~Video()
                0x00000000c0016cc0                Video::isMonochrome()
                0x00000000c0016ccc                Video::getWidth()
                0x00000000c0016cd8                Video::getHeight()
                0x00000000c0016ce4                Video::drawCursor(int, int, unsigned char*, int)
                0x00000000c0016da0                Video::tgaParse(unsigned char*, int, int*, int*)
                0x00000000c0016f22                Video::putTGA(int, int, unsigned char*, int)
 *fill*         0x00000000c0016f8d        0x1 
 .text          0x00000000c0016f8e      0xf64 hw/acpi.32
                0x00000000c0016f8e                ACPI::close(int, int, void*)
                0x00000000c0017043                findRSDP()
                0x00000000c00170cd                loadACPITables(unsigned char*)
                0x00000000c00172f4                findRSDT(unsigned char*)
                0x00000000c0017412                findDataTable(unsigned char*, char*)
                0x00000000c00174ae                scanMADT()
                0x00000000c0017934                ACPI::ACPI()
                0x00000000c0017934                ACPI::ACPI()
                0x00000000c001799e                ACPI::getPCIIRQAssignment(unsigned char, unsigned short, unsigned char)
                0x00000000c0017a80                ACPI::registerPCIIRQAssignment(void*, unsigned short, unsigned char, unsigned char)
                0x00000000c0017b46                ACPI::setScreenBrightnessLevel(void*, int)
                0x00000000c0017b4c                ACPI::writeSimpleBootFlag(SimpleBootFlagTable*)
                0x00000000c0017b94                ACPI::open(int, int, void*)
                0x00000000c0017eda                ACPI::sleep()
 .text          0x00000000c0017ef2     0x1715 hw/cpu.32
                0x00000000c0017ef2                CPU::close(int, int, void*)
                0x00000000c0017ef6                CPU::lookupAMDName(unsigned char, unsigned char)
                0x00000000c001808a                CPU::lookupIntelName(unsigned char, unsigned char)
                0x00000000c0018338                CPU::AMD_K6_write_msr(unsigned int, unsigned int, unsigned int, CPU::REGS*)
                0x00000000c0018354                CPU::AMD_K6_read_msr(unsigned int, CPU::REGS*)
                0x00000000c001836c                CPU::AMD_K6_writeback(int, int, int)
                0x00000000c00183e0                CPU::cpuid(int, unsigned long*, unsigned long*, unsigned long*, unsigned long*)
                0x00000000c0018464                CPU::cpuidCheckEDX(unsigned int)
                0x00000000c0018492                CPU::cpuidCheckECX(unsigned int)
                0x00000000c00184c0                CPU::cpuidCheckExtendedEBX(unsigned int)
                0x00000000c00184ee                CPU::cpuidCheckExtendedECX(unsigned int)
                0x00000000c001851c                CPU::CPU()
                0x00000000c001851c                CPU::CPU()
                0x00000000c00185aa                CPU::displayFeatures()
                0x00000000c0018826                CPU::detectFeatures()
                0x00000000c0019216                CPU::setupSMEP()
                0x00000000c0019222                CPU::setupUMIP()
                0x00000000c001922c                CPU::setupTSC()
                0x00000000c0019236                CPU::setupLargePages()
                0x00000000c0019240                CPU::setupPAT()
                0x00000000c001927c                CPU::setupMTRR()
                0x00000000c001927e                CPU::setupGlobalPages()
                0x00000000c0019288                CPU::allowUsermodeDataAccess()
                0x00000000c001929a                CPU::prohibitUsermodeDataAccess()
                0x00000000c00192ac                CPU::setupSMAP()
                0x00000000c00192ba                CPU::setupFeatures()
                0x00000000c001933a                CPU::open(int, int, void*)
                0x00000000c001940c                CPU::decodeAddress(regs*, int*, bool*, unsigned char*)
 .text          0x00000000c0019607        0x0 hw/ports.32
 *fill*         0x00000000c0019607        0x1 
 .text          0x00000000c0019608      0x5d3 krnl/env.32
                0x00000000c0019608                EnvVarContainer::getEnv(char const*)
                0x00000000c0019646                EnvVarContainer::setEnv(char const*, char const*)
                0x00000000c0019712                EnvVarContainer::deleteEnv(char const*)
                0x00000000c0019714                EnvVarContainer::loadFrom(char const*, char const*)
                0x00000000c001990a                EnvVarContainer::__loadSystem()
                0x00000000c0019924                EnvVarContainer::__loadUser()
                0x00000000c0019926                EnvVarContainer::EnvVarContainer(Process*)
                0x00000000c0019926                EnvVarContainer::EnvVarContainer(Process*)
                0x00000000c0019948                EnvVarContainer::~EnvVarContainer()
                0x00000000c0019948                EnvVarContainer::~EnvVarContainer()
                0x00000000c0019978                Krnl::getEnv(Process*, char const*)
                0x00000000c00199dd                Krnl::setEnvSystem(char const*, char const*)
                0x00000000c00199f7                Krnl::setEnvUser(char const*, char const*)
                0x00000000c0019a16                Krnl::setEnvProcess(Process*, char const*, char const*)
                0x00000000c0019a29                Krnl::deleteEnvSystem(char const*)
                0x00000000c0019a2a                Krnl::deleteEnvUser(char const*)
                0x00000000c0019a2b                Krnl::deleteEnvProcess(Process*, char const*)
                0x00000000c0019a2c                Krnl::newProcessEnv(Process*)
                0x00000000c0019a4e                Krnl::copyProcessEnv(Process*, Process*)
                0x00000000c0019aa2                Krnl::loadSystemEnv()
                0x00000000c0019ad0                Krnl::loadUserEnv()
                0x00000000c0019af6                Krnl::flushEnv()
                0x00000000c0019af7                Krnl::getProcessTotalEnvCount(Process*)
                0x00000000c0019b17                Krnl::getProcessEnvPair(Process*, int)
 .text          0x00000000c0019bdb      0x396 krnl/panic.32
                0x00000000c0019bdb                Krnl::panic(char const*)
 .text          0x00000000c0019f71      0x3b6 net/ethernet.32
                0x00000000c0019f71                Net::switchEndian16(unsigned short)
                0x00000000c0019f92                Net::switchEndian32(unsigned int)
                0x00000000c0019fc1                Net::crc32Calc(unsigned char*, int)
                0x00000000c001a052                Net::wrapEthernetFrame(Net::UnwrappedEthernetFrame, unsigned char*)
                0x00000000c001a18e                Net::unwrapEthernetFrame(unsigned char*, int)
 .text          0x00000000c001a327      0x513 reg/registry.32
                0x00000000c001a327                Reg::findLineFromLoadedData(char*, char*, char*)
                0x00000000c001a47f                Reg::getLineFromRegistry(char*, char*, char*, char*)
                0x00000000c001a5d4                Reg::getLine(char*, char*, char*)
                0x00000000c001a60b                Reg::readInt(char*, char*, int*)
                0x00000000c001a6f6                Reg::readString(char*, char*, char*, int)
                0x00000000c001a777                Reg::readBool(char*, char*, bool*)
                0x00000000c001a79c                Reg::readBoolWithDefault(char*, char*, bool)
                0x00000000c001a7c8                Reg::readIntWithDefault(char*, char*, int)
                0x00000000c001a7f4                Reg::readStringWithDefault(char*, char*, char*, int, char*)
 .text          0x00000000c001a83a       0x18 sys/sc_exit.32
                0x00000000c001a83a                Sys::exit(regs*)
 .text          0x00000000c001a852       0x1f sys/sc_getcwd.32
                0x00000000c001a852                Sys::getCwd(regs*)
 .text          0x00000000c001a871        0xc sys/sc_getpid.32
                0x00000000c001a871                Sys::getPID(regs*)
 .text          0x00000000c001a87d       0xa8 sys/sc_loaddll.32
                0x00000000c001a87d                Sys::loadDLL(regs*)
 .text          0x00000000c001a925       0x68 sys/sc_read.32
                0x00000000c001a925                Sys::read(regs*)
 .text          0x00000000c001a98d       0x55 sys/sc_sbrk.32
                0x00000000c001a98d                Sys::sbrk(regs*)
 .text          0x00000000c001a9e2       0x1c sys/sc_setcwd.32
                0x00000000c001a9e2                Sys::setCwd(regs*)
 .text          0x00000000c001a9fe      0x128 sys/sc_settime.32
                0x00000000c001a9fe                Sys::setTime(regs*)
 .text          0x00000000c001ab26       0x4a sys/sc_timezone.32
                0x00000000c001ab26                Sys::timezone(regs*)
 .text          0x00000000c001ab70       0x68 sys/sc_write.32
                0x00000000c001ab70                Sys::write(regs*)
 .text          0x00000000c001abd8       0x3b sys/sc_yield.32
                0x00000000c001abd8                Sys::yield(regs*)
 .text          0x00000000c001ac13     0x101e sys/syscalls.32
                0x00000000c001ac13                sysCallSeekDir(regs*)
                0x00000000c001ac18                sysCallTellDir(regs*)
                0x00000000c001ac1d                sysCallVerify(regs*)
                0x00000000c001ac27                sysCallGetArgc(regs*)
                0x00000000c001ac37                sysFormatDisk(regs*)
                0x00000000c001aca1                sysSetDiskVolumeLabel(regs*)
                0x00000000c001ace7                sysGetDiskVolumeLabel(regs*)
                0x00000000c001ad38                sysShutdown(regs*)
                0x00000000c001ad96                sysCallRealpath(regs*)
                0x00000000c001add9                sysCallReadDir(regs*)
                0x00000000c001ae67                sysCallIsATTY(regs*)
                0x00000000c001aec1                sysCallSeek(regs*)
                0x00000000c001af2a                sysCallTell(regs*)
                0x00000000c001afa7                sysCallSize(regs*)
                0x00000000c001b02a                sysCallSizeFromFilename(regs*)
                0x00000000c001b0ea                sysCallClose(regs*)
                0x00000000c001b172                sysCallOpenDir(regs*)
                0x00000000c001b1e7                sysCallCloseDir(regs*)
                0x00000000c001b24d                sysCallMakeDir(regs*)
                0x00000000c001b2bd                sysCallWait(regs*)
                0x00000000c001b2d7                sysCallNotImpl(regs*)
                0x00000000c001b2f2                sysPanic(regs*)
                0x00000000c001b318                sysCallRmdir(regs*)
                0x00000000c001b37c                sysCallUnlink(regs*)
                0x00000000c001b3e0                sysCallGetArgv(regs*)
                0x00000000c001b42c                sysCallTTYName(regs*)
                0x00000000c001b4af                sysCallUSleep(regs*)
                0x00000000c001b4d6                sysCallSpawn(regs*)
                0x00000000c001b52e                sysCallGetEnv(regs*)
                0x00000000c001b5db                sysAppSettings(regs*)
                0x00000000c001b6fa                sysSetFatAttrib(regs*)
                0x00000000c001b76c                sysPipe(regs*)
                0x00000000c001b7b1                sysGetUnixTime(regs*)
                0x00000000c001b7c5                string_ends_with(char const*, char const*)
                0x00000000c001b80d                sysCallOpen(regs*)
                0x00000000c001ba22                Sys::loadSyscalls()
                0x00000000c001bbef                Sys::systemCall(regs*, void*)
 .text          0x00000000c001bc31     0x1181 thr/elf.32
                0x00000000c001bc31                Thr::allocateMemoryForTask(Process*, File*, unsigned long, unsigned long, unsigned long)
                0x00000000c001beae                Thr::loadProgramIntoMemory(Process*, char const*)
                0x00000000c001c0c4                Thr::runtimeReferenceHelper()
                0x00000000c001c0d7                Thr::getAddressOfKernelSymbol(char const*)
                0x00000000c001c126                Thr::loadKernelSymbolTable(char const*)
                0x00000000c001c3da                Thr::loadDriverIntoMemory(char const*, unsigned long, bool)
                0x00000000c001caf6                Thr::getDriverBaseFromAddress(unsigned long)
                0x00000000c001cb28                Thr::getDriverNameFromAddress(unsigned long)
                0x00000000c001cb5f                Thr::getDriverOffsetFromAddress(unsigned long)
                0x00000000c001cb79                Thr::loadDLL(char const*, bool)
                0x00000000c001cd88                Thr::executeDLL(unsigned long, void*)
 .text          0x00000000c001cdb2     0x1056 thr/prcssthr.32
                0x00000000c001cdb2                changeTSS
                0x00000000c001cde2                Process::addArgs(char**)
                0x00000000c001ce3c                Process::Process(char const*, Process*, char**)
                0x00000000c001ce3c                Process::Process(char const*, Process*, char**)
                0x00000000c001d020                Process::Process(bool, char const*, Process*, char**)
                0x00000000c001d020                Process::Process(bool, char const*, Process*, char**)
                0x00000000c001d1cf                disableIRQs()
                0x00000000c001d1d7                getIRQNestingLevel()
                0x00000000c001d1dd                enableIRQs()
                0x00000000c001d1ec                lockScheduler()
                0x00000000c001d1ee                unlockScheduler()
                0x00000000c001d1f0                userModeEntryPoint(void*)
                0x00000000c001d213                lockStuff()
                0x00000000c001d21f                taskStartupFunction
                0x00000000c001d228                updateTimeUsed()
                0x00000000c001d28d                switchToThread(ThreadControlBlock*)
                0x00000000c001d2de                Semaphore::Semaphore(int)
                0x00000000c001d2de                Semaphore::Semaphore(int)
                0x00000000c001d30c                Mutex::Mutex()
                0x00000000c001d30c                Mutex::Mutex()
                0x00000000c001d31e                Process::createThread(void (*)(void*), void*, int)
                0x00000000c001d402                Process::createUserThread()
                0x00000000c001d41e                setupMultitasking(void (*)())
                0x00000000c001d528                schedule()
                0x00000000c001d5ad                unlockStuff()
                0x00000000c001d5e2                Semaphore::tryAcquire()
                0x00000000c001d610                Semaphore::assertLocked(char const*)
                0x00000000c001d640                blockTaskWithSchedulerLockAlreadyHeld(TaskState)
                0x00000000c001d682                blockTask(TaskState)
                0x00000000c001d6a3                waitTask(int, int*, int)
                0x00000000c001d6e5                nanoSleepUntil(unsigned long long)
                0x00000000c001d73c                nanoSleep(unsigned long long)
                0x00000000c001d751                sleep(unsigned long long)
                0x00000000c001d76e                Semaphore::acquire()
                0x00000000c001d7d6                taskReturned
                0x00000000c001d804                unblockTask(ThreadControlBlock*)
                0x00000000c001d8b3                cleanupTerminatedTask(ThreadControlBlock*)
                0x00000000c001db7c                cleanerTaskFunction(void*)
                0x00000000c001dc2f                terminateTask(int)
                0x00000000c001dd0f                Thr::terminateFromIRQ(int)
                0x00000000c001dd1c                Semaphore::release()
 .text          0x00000000c001de08      0xc26 vm86/vm8086.32
                0x00000000c001de08                Vm::inbv(unsigned short)
                0x00000000c001de1b                Vm::outbv(unsigned short, unsigned char)
                0x00000000c001de6e                Vm::realToLinear(unsigned short, unsigned short)
                0x00000000c001de7e                Vm::getSegment(unsigned int)
                0x00000000c001de86                Vm::getOffset(unsigned int)
                0x00000000c001de8b                Vm::mainloop2()
                0x00000000c001dec6                Vm::mainVm8086Loop(void*)
                0x00000000c001ded3                Vm::mainloop3(unsigned long)
                0x00000000c001defd                Vm::initialise8086()
                0x00000000c001df40                Vm::finish8086()
                0x00000000c001df85                Vm::getOutput8086(unsigned char*)
                0x00000000c001dfaf                Vm::start8086(char const*, unsigned short, unsigned short, unsigned short, unsigned short)
                0x00000000c001e0ff                Vm::doISR(regs*, int, unsigned char*, unsigned short, unsigned short)
                0x00000000c001e189                Vm::readByteFromReal(unsigned short, unsigned short)
                0x00000000c001e19a                Vm::readWordFromReal(unsigned short, unsigned short)
                0x00000000c001e1ac                Vm::readDwordFromReal(unsigned short, unsigned short)
                0x00000000c001e1bd                Vm::writeByteFromReal(unsigned short, unsigned short, unsigned char)
                0x00000000c001e1d2                Vm::writeWordFromReal(unsigned short, unsigned short, unsigned short)
                0x00000000c001e1e8                Vm::writeDwordFromReal(unsigned short, unsigned short, unsigned int)
                0x00000000c001e1fd                Vm::faultHandler(regs*)
 .text          0x00000000c001ea2e      0xefd vm86/x87em.32
                0x00000000c001ea2e                Vm::fpuInternalTo32(unsigned long long)
                0x00000000c001ea89                Vm::fpuInternalTo64(unsigned long long)
                0x00000000c001ea92                Vm::fpu32ToInternal(unsigned int)
                0x00000000c001ead7                Vm::fpu64ToInternal(unsigned long long)
                0x00000000c001eae0                Vm::fpuFloatToLong(unsigned long long)
                0x00000000c001eb3b                Vm::fpuULongToFloat(unsigned long long)
                0x00000000c001eb71                Vm::fpuLongToFloat(long long)
                0x00000000c001ebc7                Vm::fpuGet0()
                0x00000000c001ebcc                Vm::fpuGet1()
                0x00000000c001ebd4                Vm::fpuGetPi()
                0x00000000c001ebdc                Vm::fpuGetLog2E()
                0x00000000c001ebf4                Vm::fpuGetLogE2()
                0x00000000c001ec0c                Vm::fpuGetLog210()
                0x00000000c001ec24                Vm::fpuGetLog102()
                0x00000000c001ec3c                Vm::fpuIsSecondLarger(unsigned long long, unsigned long long)
                0x00000000c001ec50                Vm::fpuAreEqual(unsigned long long, unsigned long long)
                0x00000000c001ec66                Vm::fpuUnorderedCompare(unsigned long long, unsigned long long)
                0x00000000c001ecb9                Vm::fpuAdd(unsigned long long, unsigned long long)
                0x00000000c001ecca                Vm::fpuAbs(unsigned long long)
                0x00000000c001ecd3                Vm::fpuChs(unsigned long long)
                0x00000000c001ece3                Vm::fpuSub(unsigned long long, unsigned long long)
                0x00000000c001ecf2                Vm::fpuMultiply(unsigned long long, unsigned long long)
                0x00000000c001ed11                Vm::fpuDivide(unsigned long long, unsigned long long)
                0x00000000c001ed2d                Vm::fpuSquare(unsigned long long)
                0x00000000c001ed43                Vm::fpuGetReg(int)
                0x00000000c001ed86                Vm::fpuSetReg(int, unsigned long long)
                0x00000000c001edd1                Vm::fpuPush(unsigned long long)
                0x00000000c001ee2e                Vm::fpuPop()
                0x00000000c001ee80                Vm::x87Handler(regs*)
 *fill*         0x00000000c001f92b        0x1 
 .text          0x00000000c001f92c     0x10ed fs/fat/vfslink.32
                0x00000000c001f92c                FAT::getName()
                0x00000000c001f932                FAT::tell(void*, unsigned long long*)
                0x00000000c001f966                FAT::stat(void*, unsigned long long*)
                0x00000000c001f99a                FAT::~FAT()
                0x00000000c001f99a                FAT::~FAT()
                0x00000000c001f9be                FAT::~FAT()
                0x00000000c001f9e6                FAT::getlabel(LogicalDisk*, int, char*, unsigned int*)
                0x00000000c001fa84                FAT::setlabel(LogicalDisk*, int, char*)
                0x00000000c001fb3e                FAT::format(LogicalDisk*, int, char const*, int)
                0x00000000c001fd22                FAT::tryMount(LogicalDisk*, int)
                0x00000000c001ff28                FAT::readDir(void*, unsigned long, void*, int*)
                0x00000000c002002e                FAT::read(void*, unsigned long, void*, int*)
                0x00000000c0020088                FAT::write(void*, unsigned long, void*, int*)
                0x00000000c00200e2                FAT::close(void*)
                0x00000000c002012e                FAT::closeDir(void*)
                0x00000000c002017a                FAT::seek(void*, unsigned long long)
                0x00000000c00201ce                fatWrapperReadDisk
                0x00000000c0020215                fatWrapperWriteDisk
                0x00000000c002025c                fatWrapperIoctl
                0x00000000c0020360                FAT::FAT()
                0x00000000c0020360                FAT::FAT()
                0x00000000c00203b2                FAT::fixFilepath(char*)
                0x00000000c00203ea                FAT::open(char const*, void**, FileOpenMode)
                0x00000000c0020512                FAT::openDir(char const*, void**)
                0x00000000c00205b8                FAT::stat(char const*, unsigned long long*, bool*)
                0x00000000c00206a2                FAT::unlink(char const*)
                0x00000000c002071c                FAT::chfatattr(char const*, unsigned char, unsigned char)
                0x00000000c0020870                FAT::rename(char const*, char const*)
                0x00000000c0020934                FAT::mkdir(char const*)
                0x00000000c00209ae                FAT::exists(char const*)
 *fill*         0x00000000c0020a19        0x1 
 .text          0x00000000c0020a1a      0xbc1 fs/iso9660/vfslink.32
                0x00000000c0020a1a                ISO9660::format(LogicalDisk*, int, char const*, int)
                0x00000000c0020a20                ISO9660::seek(void*, unsigned long long)
                0x00000000c0020a50                ISO9660::tell(void*, unsigned long long*)
                0x00000000c0020a74                ISO9660::getName()
                0x00000000c0020a7a                ISO9660::stat(void*, unsigned long long*)
                0x00000000c0020a9e                ISO9660::chfatattr(char const*, unsigned char, unsigned char)
                0x00000000c0020aa4                ISO9660::unlink(char const*)
                0x00000000c0020aaa                ISO9660::write(void*, unsigned long, void*, int*)
                0x00000000c0020ab0                ISO9660::rename(char const*, char const*)
                0x00000000c0020ab6                ISO9660::mkdir(char const*)
                0x00000000c0020abc                ISO9660::close(void*)
                0x00000000c0020ade                ISO9660::closeDir(void*)
                0x00000000c0020b00                ISO9660::~ISO9660()
                0x00000000c0020b00                ISO9660::~ISO9660()
                0x00000000c0020b24                ISO9660::~ISO9660()
                0x00000000c0020b4b                __memmem(unsigned char*, int, unsigned char*, int)
                0x00000000c0020b8d                readSectorFromCDROM(unsigned int, unsigned char*, char)
                0x00000000c0020bf4                ISO9660::tryMount(LogicalDisk*, int)
                0x00000000c0020c44                ISO9660::read(void*, unsigned long, void*, int*)
                0x00000000c0020e44                ISO9660::readDir(void*, unsigned long, void*, int*)
                0x00000000c00210d1                readRoot(unsigned int*, unsigned int*, char)
                0x00000000c0021126                readRecursively(char*, unsigned int, unsigned int, unsigned int*, unsigned int*, char, int*)
                0x00000000c00212f9                getFileData(char*, unsigned int*, unsigned int*, char, int*)
                0x00000000c0021388                ISO9660::open(char const*, void**, FileOpenMode)
                0x00000000c0021448                ISO9660::exists(char const*)
                0x00000000c002146c                ISO9660::stat(char const*, unsigned long long*, bool*)
                0x00000000c0021500                ISO9660::openDir(char const*, void**)
                0x00000000c00215b8                ISO9660::ISO9660()
                0x00000000c00215b8                ISO9660::ISO9660()
 *fill*         0x00000000c00215db        0x1 
 .text          0x00000000c00215dc      0x326 hal/sound/sndchannel.32
                0x00000000c00215dc                SoundChannel::~SoundChannel()
                0x00000000c00215dc                SoundChannel::~SoundChannel()
                0x00000000c00215f8                SoundChannel::setSpeed(float)
                0x00000000c0021604                SoundChannel::getSpeed()
                0x00000000c002160c                SoundChannel::setVolume(int)
                0x00000000c0021628                SoundChannel::getVolume()
                0x00000000c0021630                SoundChannel::pause()
                0x00000000c002163a                SoundChannel::SoundChannel(int, int, int, int)
                0x00000000c002163a                SoundChannel::SoundChannel(int, int, int, int)
                0x00000000c0021790                SoundChannel::play()
                0x00000000c002179a                SoundChannel::paused()
                0x00000000c00217a2                SoundChannel::getSampleRate()
                0x00000000c00217aa                SoundChannel::getBits()
                0x00000000c00217b2                SoundChannel::getBufferUsed()
                0x00000000c00217ba                SoundChannel::getBufferSize()
                0x00000000c00217c2                SoundChannel::unbuffer(float*, int, int)
                0x00000000c0021862                SoundChannel::buffer8(unsigned char*, int)
 .text          0x00000000c0021902      0x3d5 hal/sound/sndhw.32
                0x00000000c0021902                SoundDevice::SoundDevice(char const*)
                0x00000000c0021902                SoundDevice::SoundDevice(char const*)
                0x00000000c002196e                SoundDevice::~SoundDevice()
                0x00000000c002196e                SoundDevice::~SoundDevice()
                0x00000000c00219e8                SoundDevice::~SoundDevice()
                0x00000000c0021a12                SoundDevice::getFreeChannelNum()
                0x00000000c0021a2c                SoundDevice::addChannel(SoundChannel*)
                0x00000000c0021a9c                SoundDevice::removeChannel(int)
                0x00000000c0021ace                SoundDevice::floatTo8(float*, unsigned char*, int)
                0x00000000c0021bb6                SoundDevice::getAudio(int, float*, float*)
 .text          0x00000000c0021cd7        0x0 hw/bus/isa.32
 *fill*         0x00000000c0021cd7        0x1 
 .text          0x00000000c0021cd8      0x6c3 hw/bus/pci.32
                0x00000000c0021cd8                PCI::open(int, int, void*)
                0x00000000c0021cec                PCI::close(int, int, void*)
                0x00000000c0021cf0                PCI::PCI()
                0x00000000c0021cf0                PCI::PCI()
                0x00000000c0021d70                PCI::pciReadWord(unsigned char, unsigned char, unsigned char, unsigned char)
                0x00000000c0021db8                PCI::getVendorID(unsigned char, unsigned char, unsigned char)
                0x00000000c0021dda                PCI::getHeaderType(unsigned char, unsigned char, unsigned char)
                0x00000000c0021dfe                PCI::getClassCode(unsigned char, unsigned char, unsigned char)
                0x00000000c0021e42                PCI::getProgIF(unsigned char, unsigned char, unsigned char)
                0x00000000c0021e66                PCI::getRevisionID(unsigned char, unsigned char, unsigned char)
                0x00000000c0021e88                PCI::getInterruptNumber(unsigned char, unsigned char, unsigned char)
                0x00000000c0021eaa                PCI::getSecondaryBus(unsigned char, unsigned char, unsigned char)
                0x00000000c0021ece                PCI::getBARAddress(unsigned char, unsigned char, unsigned char, unsigned char)
                0x00000000c0021f2e                PCI::pciWriteWord(unsigned char, unsigned char, unsigned char, unsigned char, unsigned short)
                0x00000000c0021f9a                PCI::checkBus(unsigned char)
                0x00000000c0021fbe                PCI::foundDevice(PCIDeviceInfo)
                0x00000000c0022130                PCI::getDeviceData(unsigned char, unsigned char, unsigned char)
                0x00000000c00222dc                PCI::checkDevice(unsigned char, unsigned char)
                0x00000000c0022348                PCI::detect()
 *fill*         0x00000000c002239b        0x1 
 .text          0x00000000c002239c      0xc70 hw/diskctrl/ide.32
                0x00000000c002239c                IDE::close(int, int, void*)
                0x00000000c00223a0                IDE::IDE()
                0x00000000c00223a0                IDE::IDE()
                0x00000000c00223d4                IDE::prepareInterrupt(unsigned char)
                0x00000000c00223e6                selectDrive(unsigned char, unsigned char)
                0x00000000c00223e8                IDE::getBase(unsigned char)
                0x00000000c00223fa                IDE::write(unsigned char, unsigned char, unsigned char)
                0x00000000c00224ba                IDE::read(unsigned char, unsigned char)
                0x00000000c0022568                IDE::waitInterrupt(unsigned char)
                0x00000000c00225ce                ideChannel0IRQHandler(regs*, void*)
                0x00000000c00225ea                ideChannel1IRQHandler(regs*, void*)
                0x00000000c0022606                IDE::enableIRQs(unsigned char, bool)
                0x00000000c002264c                IDE::open(int, int, void*)
                0x00000000c0022a5c                IDE::readBuffer(unsigned char, unsigned char, unsigned int, unsigned int)
                0x00000000c0022b28                IDE::detect()
                0x00000000c0022e10                IDE::printError(unsigned char, unsigned char, unsigned char)
                0x00000000c0022fa6                IDE::polling(unsigned char, unsigned int)
 .text          0x00000000c002300c      0x37a hw/diskctrl/satabus.32
                0x00000000c002300c                SATABus::close(int, int, void*)
                0x00000000c0023010                SATABus::detect()
                0x00000000c0023012                SATABus::SATABus()
                0x00000000c0023012                SATABus::SATABus()
                0x00000000c00230be                SATABus::findCmdslot(SATABus::tagHBA_PORT volatile*)
                0x00000000c0023106                SATABus::checkType(SATABus::tagHBA_PORT volatile*)
                0x00000000c002314e                SATABus::startCmd(SATABus::tagHBA_PORT volatile*)
                0x00000000c002316e                SATABus::stopCmd(SATABus::tagHBA_PORT volatile*)
                0x00000000c0023198                SATABus::portRebase(SATABus::tagHBA_PORT volatile*, int)
                0x00000000c002329e                SATABus::probePort(SATABus::tagHBA_MEM volatile*)
                0x00000000c0023366                SATABus::open(int, int, void*)
 .text          0x00000000c0023386      0x632 hw/diskphys/ata.32
                0x00000000c0023386                ATA::close(int, int, void*)
                0x00000000c00233aa                ATA::powerSaving(PowerSavingLevel)
                0x00000000c00233ac                ATA::ATA()
                0x00000000c00233ac                ATA::ATA()
                0x00000000c00233da                ATA::flush(bool)
                0x00000000c0023424                ATA::readyForCommand()
                0x00000000c0023474                ATA::access(unsigned long long, int, void*, bool)
                0x00000000c00237f2                ATA::read(unsigned long long, int, void*)
                0x00000000c002385a                ATA::write(unsigned long long, int, void*)
                0x00000000c00238c2                ATA::detectCHS()
                0x00000000c00238ec                ATA::open(int, int, void*)
 .text          0x00000000c00239b8      0x5bb hw/diskphys/atapi.32
                0x00000000c00239b8                ATAPI::write(unsigned long long, int, void*)
                0x00000000c00239be                ATAPI::close(int, int, void*)
                0x00000000c00239e2                ATAPI::ATAPI()
                0x00000000c00239e2                ATAPI::ATAPI()
                0x00000000c0023a10                ATAPI::readyForCommand()
                0x00000000c0023a60                ATAPI::sendPacket(unsigned char*, int, bool, unsigned short*, int)
                0x00000000c0023d20                ATAPI::diskRemoved()
                0x00000000c0023d3c                ATAPI::eject()
                0x00000000c0023d82                ATAPI::diskInserted()
                0x00000000c0023db0                ATAPI::detectMedia()
                0x00000000c0023e6c                ATAPI::open(int, int, void*)
                0x00000000c0023ef4                ATAPI::read(unsigned long long, int, void*)
 *fill*         0x00000000c0023f73        0x1 
 .text          0x00000000c0023f74      0x4de hw/diskphys/sata.32
                0x00000000c0023f74                SATA::close(int, int, void*)
                0x00000000c0023f98                SATA::powerSaving(PowerSavingLevel)
                0x00000000c0023f9a                SATA::open(int, int, void*)
                0x00000000c0024054                SATA::SATA()
                0x00000000c0024054                SATA::SATA()
                0x00000000c0024082                SATA::access(unsigned long long, int, void*, bool)
                0x00000000c0024370                SATA::read(unsigned long long, int, void*)
                0x00000000c00243ea                SATA::write(unsigned long long, int, void*)
 .text          0x00000000c0024452       0x8e hw/fpu/avx.32
                0x00000000c0024452                AVX::open(int, int, void*)
                0x00000000c0024464                AVX::close(int, int, void*)
                0x00000000c0024476                AVX::available()
                0x00000000c0024488                AVX::save(void*)
                0x00000000c00244a0                AVX::load(void*)
                0x00000000c00244b8                AVX::AVX()
                0x00000000c00244b8                AVX::AVX()
 .text          0x00000000c00244e0       0x90 hw/fpu/mmx.32
                0x00000000c00244e0                MMX::available()
                0x00000000c00244f4                MMX::open(int, int, void*)
                0x00000000c0024506                MMX::close(int, int, void*)
                0x00000000c0024518                MMX::save(void*)
                0x00000000c0024530                MMX::load(void*)
                0x00000000c0024548                MMX::MMX()
                0x00000000c0024548                MMX::MMX()
 .text          0x00000000c0024570       0x96 hw/fpu/sse.32
                0x00000000c0024570                SSE::open(int, int, void*)
                0x00000000c0024582                SSE::close(int, int, void*)
                0x00000000c0024594                SSE::available()
                0x00000000c00245ae                SSE::save(void*)
                0x00000000c00245c6                SSE::load(void*)
                0x00000000c00245de                SSE::SSE()
                0x00000000c00245de                SSE::SSE()
 .text          0x00000000c0024606       0x8e hw/fpu/x87.32
                0x00000000c0024606                x87::open(int, int, void*)
                0x00000000c0024618                x87::close(int, int, void*)
                0x00000000c002462a                x87::available()
                0x00000000c002463c                x87::save(void*)
                0x00000000c0024654                x87::load(void*)
                0x00000000c002466c                x87::x87()
                0x00000000c002466c                x87::x87()
 .text          0x00000000c0024694      0x71e hw/intctrl/apic.32
                0x00000000c0024694                APIC::disable()
                0x00000000c0024696                APIC::close(int, int, void*)
                0x00000000c00246b8                IOAPIC::close(int, int, void*)
                0x00000000c00246be                APIC::io_wait()
                0x00000000c00246c4                APIC::getBase()
                0x00000000c0024706                APIC::eoi(unsigned char)
                0x00000000c0024734                APIC::open(int, int, void*)
                0x00000000c0024882                IOAPIC::IOAPIC()
                0x00000000c0024882                IOAPIC::IOAPIC()
                0x00000000c00248aa                APIC::APIC()
                0x00000000c00248aa                APIC::APIC()
                0x00000000c0024986                IOAPIC::handlesGSIWithNumber(unsigned int)
                0x00000000c00249b8                IOAPIC::read(int)
                0x00000000c00249e0                IOAPIC::open(int, int, void*)
                0x00000000c0024ad6                IOAPIC::write(int, int)
                0x00000000c0024b02                IOAPIC::redirect(unsigned char, unsigned long long, unsigned char, bool, bool)
                0x00000000c0024bfc                APIC::installIRQHandler(int, void (*)(regs*, void*), bool, void*)
 .text          0x00000000c0024db2      0x3d3 hw/intctrl/pic.32
                0x00000000c0024db2                PIC::disable()
                0x00000000c0024de0                PIC::close(int, int, void*)
                0x00000000c0024e02                PIC::PIC()
                0x00000000c0024e02                PIC::PIC()
                0x00000000c0024ed8                PIC::ioWait()
                0x00000000c0024ede                PIC::getIRQReg(int)
                0x00000000c0024f48                PIC::eoi(unsigned char)
                0x00000000c0024fda                PIC::remap()
                0x00000000c0025146                PIC::open(int, int, void*)
 *fill*         0x00000000c0025185        0x1 
 .text          0x00000000c0025186      0x25e hw/timer/apictimer.32
                0x00000000c0025186                APICTimer::close(int, int, void*)
                0x00000000c002518c                apicTimerHandler(regs*, void*)
                0x00000000c00251ba                APICTimer::write(int)
                0x00000000c00252be                APICTimer::open(int, int, void*)
                0x00000000c00253bc                APICTimer::APICTimer()
                0x00000000c00253bc                APICTimer::APICTimer()
 .text          0x00000000c00253e4      0x1a7 hw/timer/pit.32
                0x00000000c00253e4                PIT::write(int)
                0x00000000c0025462                pitHandler(regs*, void*)
                0x00000000c002548e                PIT::open(int, int, void*)
                0x00000000c00254dc                PIT::close(int, int, void*)
                0x00000000c002550c                PIT::PIT()
                0x00000000c002550c                PIT::PIT()
 *fill*         0x00000000c002558b        0x5 
 .text          0x00000000c0025590       0x1e hw/fpu/x86/avx.32
                0x00000000c0025590                avxDetect
                0x00000000c0025596                avxSave
                0x00000000c0025597                avxLoad
                0x00000000c0025598                avxInit
                0x00000000c0025599                avxClose
                0x00000000c002559a                wouldSheSayYes
 *fill*         0x00000000c00255ae        0x2 
 .text          0x00000000c00255b0       0x35 hw/fpu/x86/sse.32
                0x00000000c00255b0                absolutelyNoChanceInHell
                0x00000000c00255b0                sseDetect
                0x00000000c00255c8                sseSave
                0x00000000c00255ce                sseLoad
                0x00000000c00255d4                sseInit
                0x00000000c00255e4                sseClose
 *fill*         0x00000000c00255e5        0xb 
 .text          0x00000000c00255f0       0x47 hw/fpu/x86/x87.32
                0x00000000c00255f6                x87Detect
                0x00000000c0025611                x87Save
                0x00000000c0025617                x87Load
                0x00000000c002561c                x87Init
                0x00000000c0025636                x87Close
 *fill*         0x00000000c0025637        0x1 
 .text          0x00000000c0025638       0x25 /cygdrive/d/Users/Alex/Desktop/Toolchain/Output/bin/../lib/gcc/i386-banana/8.1.0/crtend.o
 .text          0x00000000c002565d        0x0 crtn.32
 *fill*         0x00000000c002565d        0x3 
 .text          0x00000000c0025660      0x14b /cygdrive/d/Users/Alex/Desktop/Toolchain/Output/bin/../lib/gcc/i386-banana/8.1.0/libkgcc.a(_divdi3.o)
                0x00000000c0025660                __divdi3
 *fill*         0x00000000c00257ab        0x1 
 .text          0x00000000c00257ac      0x17e /cygdrive/d/Users/Alex/Desktop/Toolchain/Output/bin/../lib/gcc/i386-banana/8.1.0/libkgcc.a(_moddi3.o)
                0x00000000c00257ac                __moddi3
 *fill*         0x00000000c002592a        0x2 
 .text          0x00000000c002592c       0xff /cygdrive/d/Users/Alex/Desktop/Toolchain/Output/bin/../lib/gcc/i386-banana/8.1.0/libkgcc.a(_udivdi3.o)
                0x00000000c002592c                __udivdi3
 *fill*         0x00000000c0025a2b        0x1 
 .text          0x00000000c0025a2c      0x11a /cygdrive/d/Users/Alex/Desktop/Toolchain/Output/bin/../lib/gcc/i386-banana/8.1.0/libkgcc.a(_umoddi3.o)
                0x00000000c0025a2c                __umoddi3
 .text          0x00000000c0025b46      0x96d D:/Users/Alex/Desktop/Banana/kernel/libsoftfp.a(sfieeelib.o)
                0x00000000c0025b46                __addsf3
                0x00000000c0025e48                __subsf3
                0x00000000c0025e5c                __negsf2
                0x00000000c0025e69                __mulsf3
                0x00000000c002602c                __divsf3
                0x00000000c0026257                __floatsisf
                0x00000000c00262cb                __floatunsisf
                0x00000000c002630d                __fixsfsi
                0x00000000c002636f                __fixunssfsi
                0x00000000c00263a0                __cmpsf2
                0x00000000c0026435                __eqsf2
                0x00000000c0026470                __nesf2
                0x00000000c0026472                __gtsf2
                0x00000000c00264ad                __gesf2
                0x00000000c00264af                __ltsf2
                0x00000000c00264b1                __lesf2
 .text          0x00000000c00264b3      0xf50 D:/Users/Alex/Desktop/Banana/kernel/libsoftfp.a(dfieeelib.o)
                0x00000000c00264b3                __adddf3
                0x00000000c0026b04                __subdf3
                0x00000000c0026b1f                __negdf2
                0x00000000c0026b30                __muldf3
                0x00000000c0026e14                __divdf3
                0x00000000c0027193                __floatsidf
                0x00000000c00271ee                __floatunsidf
                0x00000000c002722c                __fixdfsi
                0x00000000c0027299                __fixunsdfsi
                0x00000000c00272d5                __cmpdf2
                0x00000000c00273c3                __eqdf2
                0x00000000c00273df                __nedf2
                0x00000000c00273e1                __gtdf2
                0x00000000c00273fd                __gedf2
                0x00000000c00273ff                __ltdf2
                0x00000000c0027401                __ledf2
 .text          0x00000000c0027403      0x18d D:/Users/Alex/Desktop/Banana/kernel/libsoftfp.a(sfdfcvt.o)
                0x00000000c0027403                __truncdfsf2
                0x00000000c0027527                __extendsfdf2
 .text          0x00000000c0027590       0x1e D:/Users/Alex/Desktop/Banana/kernel/libk/libm32.a(s_fabs.c.o)
                0x00000000c0027590                fabs
 *fill*         0x00000000c00275ae        0x2 
 .text          0x00000000c00275b0        0xc D:/Users/Alex/Desktop/Banana/kernel/libk/libm32.a(s_lrint.S.o)
                0x00000000c00275b0                lrint
 .text          0x00000000c00275bc        0xc D:/Users/Alex/Desktop/Banana/kernel/libk/libm32.a(s_lrintf.S.o)
                0x00000000c00275bc                lrintf
 *(.gnu.linkonce.t*)

.iplt           0x00000000c00275c8        0x0
 .iplt          0x00000000c00275c8        0x0 D:/Users/Alex/Desktop/Banana/kernel/boot.32

.init           0x00000000c00275c8        0xf
 .init          0x00000000c00275c8        0x3 crti.32
                0x00000000c00275c8                _init
 .init          0x00000000c00275cb        0x5 /cygdrive/d/Users/Alex/Desktop/Toolchain/Output/bin/../lib/gcc/i386-banana/8.1.0/crtbegin.o