Archive member included to satisfy reference by file (symbol)

/cygdrive/d/Users/Alex/Desktop/Toolchain/Output/bin/../lib/gcc/i386-banana/8.1.0/libkgcc.a(_divdi3.o)
                              fs/fat/ff.32 (__divdi3)
/cygdrive/d/Users/Alex/Desktop/Toolchain/Output/bin/../lib/gcc/i386-banana/8.1.0/libkgcc.a(_moddi3.o)
                              compat/resolve.32 (__moddi3)
/cygdrive/d/Users/Alex/Desktop/Toolchain/Output/bin/../lib/gcc/i386-banana/8.1.0/libkgcc.a(_udivdi3.o)
                              fs/fat/ff.32 (__udivdi3)
/cygdrive/d/Users/Alex/Desktop/Toolchain/Output/bin/../lib/gcc/i386-banana/8.1.0/libkgcc.a(_umoddi3.o)
                              compat/resolve.32 (__umoddi3)
D:/Users/Alex/Desktop/Banana/kernel/libsoftfp.a(sfieeelib.o)
                              hal/libresample/src_linear.32 (__subsf3)
D:/Users/Alex/Desktop/Banana/kernel/libsoftfp.a(dfieeelib.o)
                              hal/libresample/src_linear.32 (__adddf3)
D:/Users/Alex/Desktop/Banana/kernel/libsoftfp.a(sfdfcvt.o)
                              hal/libresample/samplerate.32 (__truncdfsf2)
D:/Users/Alex/Desktop/Banana/kernel/libk/libm32.a(s_fabs.c.o)
                              hal/libresample/samplerate.32 (fabs)
D:/Users/Alex/Desktop/Banana/kernel/libk/libm32.a(s_lrint.S.o)
                              hal/libresample/samplerate.32 (lrint)
D:/Users/Alex/Desktop/Banana/kernel/libk/libm32.a(s_lrintf.S.o)
                              hal/sound/sndhw.32 (lrintf)

Discarded input sections

 .comment       0x0000000000000000       0x12 /cygdrive/d/Users/Alex/Desktop/Toolchain/Output/bin/../lib/gcc/i386-banana/8.1.0/crtbegin.o
 .comment       0x0000000000000000       0x12 acpica/utclib.32
 .comment       0x0000000000000000       0x12 core/malloc.32
 .comment       0x0000000000000000       0x12 libk/string.32
 .comment       0x0000000000000000       0x12 fs/fat/diskio.32
 .comment       0x0000000000000000       0x12 fs/fat/ff.32
 .comment       0x0000000000000000       0x12 fs/fat/ffsystem.32
 .comment       0x0000000000000000       0x12 fs/fat/ffunicode.32
 .comment       0x0000000000000000       0x12 hal/libresample/samplerate.32
 .comment       0x0000000000000000       0x12 hal/libresample/src_linear.32
 .comment       0x0000000000000000       0x12 hal/libresample/src_sinc.32
 .comment       0x0000000000000000       0x12 hal/libresample/src_zoh.32
 .comment       0x0000000000000000       0x12 compat/inlines.32
 .comment       0x0000000000000000       0x12 compat/resolve.32
 .group         0x0000000000000000       0x14 core/computer.32
 .group         0x0000000000000000        0xc core/computer.32
 .comment       0x0000000000000000       0x12 core/computer.32
 .comment       0x0000000000000000       0x12 core/gdt.32
 .group         0x0000000000000000        0xc core/idle.32
 .comment       0x0000000000000000       0x12 core/idle.32
 .comment       0x0000000000000000       0x12 core/idt.32
 .comment       0x0000000000000000       0x12 core/kheap.32
 .comment       0x0000000000000000       0x12 core/main.32
 .comment       0x0000000000000000       0x12 core/physmgr.32
 .group         0x0000000000000000        0xc core/pipe.32
 .comment       0x0000000000000000       0x12 core/pipe.32
 .group         0x0000000000000000        0xc core/terminal.32
 .comment       0x0000000000000000       0x12 core/terminal.32
 .comment       0x0000000000000000       0x12 core/tss.32
 .group         0x0000000000000000        0x8 core/unixfile.32
 .group         0x0000000000000000        0x8 core/unixfile.32
 .group         0x0000000000000000        0xc core/unixfile.32
 .group         0x0000000000000000        0x8 core/unixfile.32
 .group         0x0000000000000000        0xc core/unixfile.32
 .group         0x0000000000000000        0x8 core/unixfile.32
 .group         0x0000000000000000        0xc core/unixfile.32
 .group         0x0000000000000000        0xc core/unixfile.32
 .comment       0x0000000000000000       0x12 core/unixfile.32
 .comment       0x0000000000000000       0x12 core/virtmgr.32
 .comment       0x0000000000000000       0x12 coreobjs/c++.32
 .comment       0x0000000000000000       0x12 dbg/kconsole.32
 .group         0x0000000000000000        0xc fs/vfs.32
 .group         0x0000000000000000        0xc fs/vfs.32
 .group         0x0000000000000000        0xc fs/vfs.32
 .comment       0x0000000000000000       0x12 fs/vfs.32
 .group         0x0000000000000000        0xc hal/bus.32
 .comment       0x0000000000000000       0x12 hal/bus.32
 .group         0x0000000000000000        0xc hal/buzzer.32
 .comment       0x0000000000000000       0x12 hal/buzzer.32
 .group         0x0000000000000000        0xc hal/clock.32
 .comment       0x0000000000000000       0x12 hal/clock.32
 .group         0x0000000000000000       0x14 hal/device.32
 .group         0x0000000000000000        0xc hal/device.32
 .group         0x0000000000000000        0x8 hal/device.32
 .group         0x0000000000000000        0xc hal/device.32
[...]
Memory Configuration

Name             Origin             Length             Attributes
*default*        0x0000000000000000 0xffffffffffffffff

Linker script and memory map

LOAD D:/Users/Alex/Desktop/Banana/kernel/boot.32
LOAD crti.32
LOAD /cygdrive/d/Users/Alex/Desktop/Toolchain/Output/bin/../lib/gcc/i386-banana/8.1.0/crtbegin.o
LOAD D:/Users/Alex/Desktop/Banana/kernel/morenasm.32
LOAD acpica/utclib.32
LOAD core/malloc.32
LOAD libk/string.32
LOAD fs/fat/diskio.32
LOAD fs/fat/ff.32
LOAD fs/fat/ffsystem.32
LOAD fs/fat/ffunicode.32
LOAD hal/libresample/samplerate.32
LOAD hal/libresample/src_linear.32
LOAD hal/libresample/src_sinc.32
LOAD hal/libresample/src_zoh.32
LOAD compat/inlines.32
LOAD compat/resolve.32
LOAD core/computer.32
LOAD core/gdt.32
LOAD core/idle.32
LOAD core/idt.32
LOAD core/kheap.32
LOAD core/main.32
LOAD core/physmgr.32
LOAD core/pipe.32
LOAD core/terminal.32
LOAD core/tss.32
LOAD core/unixfile.32
LOAD core/virtmgr.32
LOAD coreobjs/c++.32
LOAD dbg/kconsole.32
LOAD fs/vfs.32
LOAD hal/bus.32
LOAD hal/buzzer.32
LOAD hal/clock.32
LOAD hal/device.32
LOAD hal/diskctrl.32
LOAD hal/diskphys.32
LOAD hal/fpu.32
LOAD hal/intctrl.32
LOAD hal/keybrd.32
LOAD hal/logidisk.32
LOAD hal/mouse.32
LOAD hal/partition.32
LOAD hal/serial.32
LOAD hal/timer.32
LOAD hal/vcache.32
LOAD hal/video.32
LOAD hw/acpi.32
LOAD hw/cpu.32
LOAD hw/ports.32
LOAD hw/smp.32
LOAD krnl/env.32
LOAD krnl/panic.32
LOAD net/ethernet.32
LOAD reg/registry.32
LOAD sys/sc_eject.32
LOAD sys/sc_exit.32
LOAD sys/sc_getcwd.32
LOAD sys/sc_getpid.32
LOAD sys/sc_getramdata.32
LOAD sys/sc_getvgaptr.32
LOAD sys/sc_loaddll.32
LOAD sys/sc_read.32
LOAD sys/sc_sbrk.32
LOAD sys/sc_setcwd.32
LOAD sys/sc_settime.32
LOAD sys/sc_timezone.32
LOAD sys/sc_write.32
LOAD sys/sc_wsbe.32
LOAD sys/sc_yield.32
LOAD sys/syscalls.32
LOAD thr/elf.32
LOAD thr/prcssthr.32
LOAD vm86/vm8086.32
LOAD vm86/x87em.32
LOAD fs/fat/vfslink.32
LOAD fs/iso9660/vfslink.32
LOAD hal/sound/sndchannel.32
LOAD hal/sound/sndhw.32
LOAD hw/bus/isa.32
LOAD hw/bus/pci.32
LOAD hw/diskctrl/ide.32
LOAD hw/diskctrl/satabus.32
LOAD hw/diskphys/ata.32
LOAD hw/diskphys/atapi.32
LOAD hw/diskphys/sata.32
LOAD hw/diskphys/satapi.32
LOAD hw/fpu/avx.32
LOAD hw/fpu/mmx.32
LOAD hw/fpu/sse.32
LOAD hw/fpu/x87.32
LOAD hw/intctrl/apic.32
LOAD hw/intctrl/pic.32
LOAD hw/timer/apictimer.32
LOAD hw/timer/pit.32
LOAD hw/fpu/x86/avx.32
LOAD hw/fpu/x86/sse.32
LOAD hw/fpu/x86/x87.32
LOAD /cygdrive/d/Users/Alex/Desktop/Toolchain/Output/bin/../lib/gcc/i386-banana/8.1.0/crtend.o
LOAD crtn.32
LOAD /cygdrive/d/Users/Alex/Desktop/Toolchain/Output/bin/../lib/gcc/i386-banana/8.1.0/libkgcc.a
LOAD D:/Users/Alex/Desktop/Banana/kernel/libsoftfp.a
LOAD D:/Users/Alex/Desktop/Banana/kernel/libk/libm32.a
                0x00000000c0000000                . = 0xc0000000

.text           0x00000000c0000000    0x28368
 *(.text)
 .text          0x00000000c0000000       0x41 D:/Users/Alex/Desktop/Banana/kernel/boot.32
                0x00000000c0000020                callGlobalConstructors
 .text          0x00000000c0000041        0x0 crti.32
 *fill*         0x00000000c0000041        0x3 
 .text          0x00000000c0000044      0x101 /cygdrive/d/Users/Alex/Desktop/Toolchain/Output/bin/../lib/gcc/i386-banana/8.1.0/crtbegin.o
 *fill*         0x00000000c0000145        0xb 
 .text          0x00000000c0000150      0x4fb D:/Users/Alex/Desktop/Banana/kernel/morenasm.32
                0x00000000c0000150                manualPCIProbe
                0x00000000c000019b                prepareTramp
                0x00000000c00001b4                voodooXADD
                0x00000000c000027f                doTPAUSE
                0x00000000c0000289                hasLegacyFPU
                0x00000000c00002ae                is486
                0x00000000c00002e4                detectCPUID
                0x00000000c00002fa                goToVM86
                0x00000000c000032a                goToUsermode
                0x00000000c0000354                switchToThreadASMFirstTime
                0x00000000c0000362                switchToThreadASM
                0x00000000c00003f2                asmQuickAcquireLock
                0x00000000c0000410                asmQuickReleaseLock
                0x00000000c000041c                asmAcquireLock
                0x00000000c000043d                asmReleaseLock
                0x00000000c0000450                loadGDT
                0x00000000c0000470                isr0
                0x00000000c0000480                isr1
                0x00000000c000048a                isr2
                0x00000000c0000494                isr3
                0x00000000c000049e                isr4
                0x00000000c00004a8                isr5
                0x00000000c00004b2                isr6
                0x00000000c00004bc                isr7
                0x00000000c00004c6                isr8
                0x00000000c00004ce                isr9
                0x00000000c00004d8                isr10
                0x00000000c00004e0                isr11
                0x00000000c00004e8                isr12
                0x00000000c00004f0                isr13
                0x00000000c00004f8                isr14
                0x00000000c0000500                isr15
                0x00000000c000050a                isr16
                0x00000000c0000514                isr17
                0x00000000c000051e                isr18
                0x00000000c0000528                irq3
                0x00000000c0000532                irq4
                0x00000000c000053c                irq5
                0x00000000c0000546                irq6
                0x00000000c0000550                irq7
                0x00000000c000055a                irq8
                0x00000000c0000564                irq9
                0x00000000c000056e                irq10
                0x00000000c0000578                irq11
                0x00000000c0000582                irq12
                0x00000000c000058c                irq13
                0x00000000c0000596                irq14
                0x00000000c00005a0                irq15
                0x00000000c00005aa                irq1
                0x00000000c00005b1                irq2
                0x00000000c00005b8                isr96
                0x00000000c00005bf                irq0
                0x00000000c00005c4                syscall_common_stub
                0x00000000c00005c4                int_common_stub
                0x00000000c00005f6                irq16
                0x00000000c0000600                irq17
                0x00000000c000060a                irq18
                0x00000000c0000614                irq19
                0x00000000c000061e                irq20
                0x00000000c0000628                irq21
                0x00000000c0000632                irq22
                0x00000000c000063c                irq23
                0x00000000c0000646                memcpy
 *fill*         0x00000000c000064b        0x1 
 .text          0x00000000c000064c      0x5dd acpica/utclib.32
                0x00000000c000064c                memcmp
                0x00000000c0000688                memmove
                0x00000000c0000750                memset
                0x00000000c000076c                strlen
                0x00000000c0000784                strpbrk
                0x00000000c00007c0                strtok
                0x00000000c000080c                strcpy
                0x00000000c0000830                strncpy
                0x00000000c0000898                strcmp
                0x00000000c00008d8                strchr
                0x00000000c00008fc                strncmp
                0x00000000c000094c                strcat
                0x00000000c000097c                strncat
                0x00000000c00009b8                strstr
                0x00000000c0000a00                toupper
                0x00000000c0000a14                tolower
                0x00000000c0000a28                simple_strtoul
 .text          0x00000000c0000c29      0xfad core/malloc.32
                0x00000000c0000d94                dlfree
                0x00000000c00010ef                dlmalloc
                0x00000000c000162c                dlrealloc
                0x00000000c00017cf                dlmemalign
                0x00000000c00018f2                dlcalloc
                0x00000000c000198c                dlcfree
                0x00000000c0001991                dlindependent_calloc
                0x00000000c00019b6                dlindependent_comalloc
                0x00000000c00019cd                dlvalloc
                0x00000000c00019f8                dlpvalloc
                0x00000000c0001a2e                dlmalloc_trim
                0x00000000c0001a3b                dlmalloc_usable_size
                0x00000000c0001a6c                dlmallinfo
                0x00000000c0001b3b                dlmalloc_stats
                0x00000000c0001b4c                dlmallopt
 .text          0x00000000c0001bd6        0x0 libk/string.32
 .text          0x00000000c0001bd6       0x51 fs/fat/diskio.32
                0x00000000c0001bd6                disk_status
                0x00000000c0001bd9                disk_initialize
                0x00000000c0001bdc                disk_read
                0x00000000c0001bf2                disk_write
                0x00000000c0001c08                disk_ioctl
 .text          0x00000000c0001c27     0x6833 fs/fat/ff.32
                0x00000000c0004ef5                f_mount
                0x00000000c0004f57                f_open
                0x00000000c0005393                f_read
                0x00000000c0005613                f_write
                0x00000000c00058cd                f_sync
                0x00000000c0005aa9                f_close
                0x00000000c0005ad8                f_lseek
                0x00000000c0005f8f                f_opendir
                0x00000000c0006091                f_closedir
                0x00000000c00060b3                f_readdir
                0x00000000c000614e                f_stat
                0x00000000c00061dd                f_getfree
                0x00000000c00063a8                f_truncate
                0x00000000c00064a0                f_unlink
                0x00000000c0006623                f_mkdir
                0x00000000c000684f                f_rename
                0x00000000c0006b42                f_chmod
                0x00000000c0006c20                f_utime
                0x00000000c0006cfe                f_getlabel
                0x00000000c0006eec                f_setlabel
                0x00000000c0007159                f_forward
                0x00000000c0007337                f_mkfs
 .text          0x00000000c000845a       0x2d fs/fat/ffsystem.32
                0x00000000c000845a                ff_memalloc
                0x00000000c0008470                ff_memfree
 .text          0x00000000c0008487      0x253 fs/fat/ffunicode.32
                0x00000000c0008487                ff_uni2oem
                0x00000000c0008517                ff_oem2uni
                0x00000000c0008583                ff_wtoupper
 .text          0x00000000c00086da      0x8fb hal/libresample/samplerate.32
                0x00000000c000871e                src_delete
                0x00000000c000875a                src_process
                0x00000000c0008910                src_callback_read
                0x00000000c0008a8d                src_set_ratio
                0x00000000c0008af7                src_get_channels
                0x00000000c0008b19                src_reset
                0x00000000c0008b65                src_new
                0x00000000c0008bf3                src_callback_new
                0x00000000c0008c55                src_get_name
                0x00000000c0008c8c                src_get_description
                0x00000000c0008cc3                src_get_version
                0x00000000c0008cc9                src_is_valid_ratio
                0x00000000c0008d1d                src_error
                0x00000000c0008d2b                src_strerror
                0x00000000c0008d3e                src_simple
                0x00000000c0008d91                src_short_to_float_array
                0x00000000c0008df6                src_float_to_short_array
                0x00000000c0008eb5                src_int_to_float_array
                0x00000000c0008f18                src_float_to_int_array
 .text          0x00000000c0008fd5      0x8cb hal/libresample/src_linear.32
                0x00000000c00097fb                linear_get_name
                0x00000000c000980a                linear_get_description
                0x00000000c0009819                linear_set_converter
 .text          0x00000000c00098a0     0x447c hal/libresample/src_sinc.32
                0x00000000c000dc33                sinc_get_name
                0x00000000c000dc46                sinc_get_description
                0x00000000c000dc59                sinc_set_converter
 .text          0x00000000c000dd1c      0x77c hal/libresample/src_zoh.32
                0x00000000c000e3f3                zoh_get_name
                0x00000000c000e402                zoh_get_description
                0x00000000c000e411                zoh_set_converter
 .text          0x00000000c000e498       0xa7 compat/inlines.32
                0x00000000c000e498                CPU::current()
                0x00000000c000e4a4                operator new(unsigned long)
                0x00000000c000e4a9                operator delete(void*)
                0x00000000c000e4ae                disableIRQs()
                0x00000000c000e4b6                enableIRQs()
                0x00000000c000e4c5                lockScheduler()
                0x00000000c000e4cd                unlockScheduler()
                0x00000000c000e4dc                lockStuff()
                0x00000000c000e4ea                unlockStuff()
                0x00000000c000e524                Virt::getAKernelVAS()
                0x00000000c000e52a                __not_memcpy
 .text          0x00000000c000e53f      0x111 compat/resolve.32
                0x00000000c000e53f                Krnl::resolveCompatibilitySymbol(char*)
 .text          0x00000000c000e650      0x741 core/computer.32
                0x00000000c000e650                Computer::close(int, int, void*)
                0x00000000c000e694                Krnl::firstTask()
                0x00000000c000e7d6                Computer::Computer()
                0x00000000c000e7d6                Computer::Computer()
                0x00000000c000e932                Computer::setBootMessage(char const*)
                0x00000000c000e934                Computer::detectFeatures()
                0x00000000c000eb3e                Computer::displayFeatures()
                0x00000000c000eb40                Computer::rdmsr(unsigned int)
                0x00000000c000eb6c                Computer::wrmsr(unsigned int, unsigned long long)
                0x00000000c000eba4                Computer::nmiEnabled()
                0x00000000c000ebb0                Computer::readCMOS(unsigned char)
                0x00000000c000ebca                Computer::enableNMI(bool)
                0x00000000c000ebe2                Computer::open(int, int, void*)
                0x00000000c000ecd4                Computer::disableNMI()
                0x00000000c000ece2                Computer::writeCMOS(unsigned char, unsigned char)
                0x00000000c000ed00                Computer::handleNMI()
                0x00000000c000ed66                Computer::setDiskActivityLight(int, bool)
 *fill*         0x00000000c000ed91        0x1 
 .text          0x00000000c000ed92      0x19d core/gdt.32
                0x00000000c000ed92                GDTEntry::setBase(unsigned int)
                0x00000000c000edae                GDTEntry::setLimit(unsigned int)
                0x00000000c000edcc                GDT::GDT()
                0x00000000c000edcc                GDT::GDT()
                0x00000000c000ede2                GDT::addEntry(GDTEntry)
                0x00000000c000ee04                GDT::getNumberOfEntries()
                0x00000000c000ee0c                GDT::flush()
                0x00000000c000ee2e                GDT::setup()
 .text          0x00000000c000ef2f       0x6b core/idle.32
                0x00000000c000ef2f                idleFunction(void*)
 .text          0x00000000c000ef9a      0x45e core/idt.32
                0x00000000c000ef9a                IDTEntry::IDTEntry(bool)
                0x00000000c000ef9a                IDTEntry::IDTEntry(bool)
                0x00000000c000f008                IDTEntry::setOffset(unsigned int)
                0x00000000c000f01c                IDT::IDT()
                0x00000000c000f01c                IDT::IDT()
                0x00000000c000f01e                IDT::getPointerToInvalidOpcodeEntryForF00F()
                0x00000000c000f026                IDT::addEntry(IDTEntry, int)
                0x00000000c000f040                IDT::addEntry(int, void (*)(), bool)
                0x00000000c000f078                IDT::flush()
                0x00000000c000f092                IDT::setup()
 .text          0x00000000c000f3f8      0x1fb core/kheap.32
                0x00000000c000f3f8                sbrk
                0x00000000c000f505                mmap
                0x00000000c000f51b                munmap
                0x00000000c000f531                liballoc_lock()
                0x00000000c000f53e                liballoc_unlock()
                0x00000000c000f552                liballoc_alloc(int)
                0x00000000c000f56a                liballoc_free(void*, int)
                0x00000000c000f585                realloc
                0x00000000c000f599                malloc
                0x00000000c000f5a9                free
                0x00000000c000f5b9                rfree
                0x00000000c000f5c9                calloc
 .text          0x00000000c000f5f3      0x1b6 core/main.32
                0x00000000c000f5f3                Krnl::setBootMessage(char const*)
                0x00000000c000f65f                kernel_main
 .text          0x00000000c000f7a9      0x597 core/physmgr.32
                0x00000000c000f7a9                Phys::allocateDMA(unsigned long)
                0x00000000c000f86a                Phys::freeDMA(unsigned long, unsigned long)
                0x00000000c000f8b2                Phys::setPageState(unsigned long, bool)
                0x00000000c000f8e4                Phys::getPageState(unsigned long)
                0x00000000c000f900                Phys::freePage(unsigned long)
                0x00000000c000f971                Phys::allocatePage()
                0x00000000c000fa48                Phys::allocateContiguousPages(int)
                0x00000000c000faa4                Phys::allowSegmentToBeUsed(unsigned long, unsigned long)
                0x00000000c000fadc                Phys::physicalMemorySetup(unsigned int)
 .text          0x00000000c000fd40      0x273 core/pipe.32
                0x00000000c000fd40                Pipe::isAtty()
                0x00000000c000fd44                Pipe::~Pipe()
                0x00000000c000fd44                Pipe::~Pipe()
                0x00000000c000fd68                Pipe::~Pipe()
                0x00000000c000fd90                Pipe::read(unsigned long long, void*, int*)
                0x00000000c000fe8c                Pipe::write(unsigned long long, void*, int*)
                0x00000000c000ff4c                Pipe::Pipe(int)
                0x00000000c000ff4c                Pipe::Pipe(int)
 *fill*         0x00000000c000ffb3        0x1 
 .text          0x00000000c000ffb4      0xb91 core/terminal.32
                0x00000000c000ffb4                VgaText::isAtty()
                0x00000000c000ffb8                VgaText::~VgaText()
                0x00000000c000ffb8                VgaText::~VgaText()
                0x00000000c000ffdc                VgaText::~VgaText()
                0x00000000c0010006                VgaText::read(unsigned long long, void*, int*)
                0x00000000c0010026                setTerminalScrollLock(bool)
                0x00000000c0010027                addToTerminalCycle(VgaText*)
                0x00000000c0010048                installVgaTextImplementation()
                0x00000000c001005d                scrollTerminalScrollLock(int)
                0x00000000c001005e                VgaText::updateTitle()
                0x00000000c001009c                VgaText::load()
                0x00000000c00100ea                VgaText::updateCursor()
                0x00000000c0010100                VgaText::doANSI_SGR(int)
                0x00000000c0010174                VgaText::setDefaultBgColour(VgaColour)
                0x00000000c0010184                VgaText::setDefaultFgColour(VgaColour)
                0x00000000c0010194                VgaText::setDefaultColours(VgaColour, VgaColour)
                0x00000000c00101b4                VgaText::setTitleTextColour(VgaColour)
                0x00000000c00101c4                VgaText::setTitleColour(VgaColour)
                0x00000000c00101d4                VgaText::setTitle(char*)
                0x00000000c00101fa                VgaText::combineColours(unsigned char, unsigned char)
                0x00000000c001020c                VgaText::scrollScreen()
                0x00000000c00102a0                VgaText::combineCharAndColour(char, unsigned char)
                0x00000000c00102b2                VgaText::writeCharacter(char, VgaColour, VgaColour, int, int)
                0x00000000c001030e                VgaText::getCursorX()
                0x00000000c0010316                VgaText::getCursorY()
                0x00000000c001031e                VgaText::setCursor(int, int)
                0x00000000c0010335                setActiveTerminal(VgaText*)
                0x00000000c0010397                doTerminalCycle()
                0x00000000c00103b2                VgaText::setCursorX(int)
                0x00000000c00103ca                VgaText::setCursorY(int)
                0x00000000c00103e2                VgaText::incrementCursor(bool)
                0x00000000c0010436                VgaText::decrementCursor(bool)
                0x00000000c0010458                VgaText::putchar(char, VgaColour, VgaColour)
                0x00000000c0010530                VgaText::doUpdate()
                0x00000000c001053e                VgaText::puts(char const*, VgaColour, VgaColour)
                0x00000000c00106b6                VgaText::clearScreen()
                0x00000000c0010710                VgaText::putchar(char)
                0x00000000c00107fc                VgaText::putx(unsigned int)
                0x00000000c0010842                VgaText::puts(char const*)
                0x00000000c0010868                VgaText::VgaText(char const*)
                0x00000000c0010868                VgaText::VgaText(char const*)
                0x00000000c00109e4                VgaText::receiveKey(unsigned char)
                0x00000000c0010acc                VgaText::write(unsigned long long, void*, int*)
                0x00000000c0010b20                newTerminal(char*)
 *fill*         0x00000000c0010b45        0x1 
 .text          0x00000000c0010b46      0x19d core/tss.32
                0x00000000c0010b46                TSS::TSS()
                0x00000000c0010b46                TSS::TSS()
                0x00000000c0010b54                TSS::setESP(unsigned long)
                0x00000000c0010b66                TSS::flush()
                0x00000000c0010b86                TSS::setup(unsigned long, unsigned long)
 *fill*         0x00000000c0010ce3        0x1 
 .text          0x00000000c0010ce4      0x4c2 core/unixfile.32
                0x00000000c0010ce4                ReservedFilename::read(unsigned long long, void*, int*)
                0x00000000c0010d3a                ReservedFilename::isAtty()
                0x00000000c0010d56                ReservedFilename::write(unsigned long long, void*, int*)
                0x00000000c0010db4                UnixFile::getFileDescriptor()
                0x00000000c0010dbc                UnixFile::UnixFile(int)
                0x00000000c0010dbc                UnixFile::UnixFile(int)
                0x00000000c0010f6c                ReservedFilename::ReservedFilename(int)
                0x00000000c0010f6c                ReservedFilename::ReservedFilename(int)
                0x00000000c0010f9e                UnixFile::~UnixFile()
                0x00000000c0010f9e                UnixFile::~UnixFile()
                0x00000000c0011036                UnixFile::~UnixFile()
                0x00000000c001105e                ReservedFilename::~ReservedFilename()
                0x00000000c001105e                ReservedFilename::~ReservedFilename()
                0x00000000c0011082                ReservedFilename::~ReservedFilename()
                0x00000000c00110a9                getFromFileDescriptor(int)
 .text          0x00000000c00111a6     0x137d core/virtmgr.32
                0x00000000c00111a6                Virt::setPageState(unsigned long, Virt::VirtPageState)
                0x00000000c00111db                Virt::getPageState(unsigned long)
                0x00000000c00111ff                Virt::allocateKernelVirtualPages(int)
                0x00000000c0011310                Virt::freeSwapfilePage(unsigned long)
                0x00000000c001132e                Virt::swapIDToSector(unsigned long)
                0x00000000c0011340                Virt::allocateSwapfilePage()
                0x00000000c00113be                Virt::virtualMemorySetup()
                0x00000000c0011409                Virt::setupPageSwapping(int)
                0x00000000c0011590                VAS::VAS()
                0x00000000c0011590                VAS::VAS()
                0x00000000c00115cc                VAS::VAS(VAS*)
                0x00000000c00115cc                VAS::VAS(VAS*)
                0x00000000c00115fa                VAS::getForeignPageTableEntry(bool, unsigned long)
                0x00000000c0011626                VAS::getPageTableEntry(unsigned long)
                0x00000000c0011645                Virt::freeKernelVirtualPages(unsigned long)
                0x00000000c0011768                VAS::freeAllocatedPages(unsigned long)
                0x00000000c001178c                VAS::virtualToPhysical(unsigned long)
                0x00000000c00117a4                VAS::reflagRange(unsigned long, int, int, int)
                0x00000000c00117e4                VAS::setToWriteCombining(unsigned long, int)
                0x00000000c0011816                VAS::mapOtherVASIn(bool, VAS*)
                0x00000000c0011840                VAS::~VAS()
                0x00000000c0011840                VAS::~VAS()
                0x00000000c00119bc                VAS::mapPage(unsigned long, unsigned long, int)
                0x00000000c0011abe                VAS::allocatePages(int, int)
                0x00000000c0011c96                VAS::setCPUSpecific(unsigned long)
                0x00000000c0011cb2                VAS::mapRange(unsigned long, unsigned long, int, int)
                0x00000000c0011d78                VAS::mapForeignPage(bool, VAS*, unsigned long, unsigned long, int)
                0x00000000c0011e66                VAS::VAS(bool)
                0x00000000c0011e66                VAS::VAS(bool)
                0x00000000c00120e6                VAS::evict(unsigned long)
                0x00000000c00121d4                VAS::tryLoadBackOffDisk(unsigned long)
                0x00000000c001235c                VAS::scanForEviction()
                0x00000000c001240d                mapVASFirstTime
 .text          0x00000000c0012523       0x95 coreobjs/c++.32
                0x00000000c0012523                __cxa_atexit
                0x00000000c0012526                __cxa_finalize
                0x00000000c0012527                __stack_chk_fail
                0x00000000c0012593                __cxa_pure_virtual
                0x00000000c00125a4                operator new[](unsigned long)
                0x00000000c00125a9                operator delete(void*, unsigned long)
                0x00000000c00125ae                operator delete[](void*)
                0x00000000c00125b3                operator delete[](void*, unsigned long)
 .text          0x00000000c00125b8      0x1e7 dbg/kconsole.32
                0x00000000c00125b8                Dbg::stringifyxWithBase(unsigned int, char*, int)
                0x00000000c0012611                Dbg::logc(char)
                0x00000000c0012628                Dbg::logs(char*)
                0x00000000c0012645                Dbg::logWriteInt(unsigned int)
                0x00000000c0012662                Dbg::logWriteIntBase(unsigned int, int)
                0x00000000c0012681                Dbg::kprintf(char const*, ...)
 *fill*         0x00000000c001279f        0x1 
 .text          0x00000000c00127a0      0xb82 fs/vfs.32
                0x00000000c00127a0                File::read(unsigned long long, void*, int*)
                0x00000000c00127f8                File::write(unsigned long long, void*, int*)
                0x00000000c0012850                Directory::read(unsigned long long, void*, int*)
                0x00000000c00128a8                Directory::write(unsigned long long, void*, int*)
                0x00000000c00128d6                File::isAtty()
                0x00000000c00128da                Directory::isAtty()
                0x00000000c00128de                Filesystem::getlabel(LogicalDisk*, int, char*, unsigned int*)
                0x00000000c00128e4                Filesystem::setlabel(LogicalDisk*, int, char*)
                0x00000000c00128ea                Filesystem::getFileFirstSector(char const*)
                0x00000000c00128f0                File::~File()
                0x00000000c00128f0                File::~File()
                0x00000000c0012914                File::~File()
                0x00000000c001293e                Directory::~Directory()
                0x00000000c001293e                Directory::~Directory()
                0x00000000c0012962                Directory::~Directory()
                0x00000000c001298c                Filesystem::Filesystem()
                0x00000000c001298c                Filesystem::Filesystem()
                0x00000000c00129b0                Filesystem::~Filesystem()
                0x00000000c00129b0                Filesystem::~Filesystem()
                0x00000000c00129be                Filesystem::~Filesystem()
                0x00000000c00129e2                Fs::getcwd(Process*, char*, int)
                0x00000000c0012a0c                Fs::initVFS()
                0x00000000c0012a36                Fs::standardiseFiles(char*, char const*, char const*)
                0x00000000c0012be0                File::File(char const*, Process*)
                0x00000000c0012be0                File::File(char const*, Process*)
                0x00000000c0012c44                File::open(FileOpenMode)
                0x00000000c0012ca2                File::close()
                0x00000000c0012d02                File::seek(unsigned long long)
                0x00000000c0012d58                File::tell(unsigned long long*)
                0x00000000c0012da8                File::rewind()
                0x00000000c0012dbc                File::unlink()
                0x00000000c0012e08                File::rename(char const*)
                0x00000000c0012e56                File::chfatattr(unsigned char, unsigned char)
                0x00000000c0012eb2                File::exists()
                0x00000000c0012ef0                File::stat(unsigned long long*, bool*)
                0x00000000c0012f51                Fs::setcwd(Process*, char*)
                0x00000000c001308c                Directory::Directory(char const*, Process*)
                0x00000000c001308c                Directory::Directory(char const*, Process*)
                0x00000000c00130f0                Directory::open()
                0x00000000c001314c                Directory::close()
                0x00000000c00131ac                Directory::unlink()
                0x00000000c00131f8                Directory::rename(char const*)
                0x00000000c0013246                Directory::exists()
                0x00000000c0013284                Directory::read(dirent*)
                0x00000000c00132d0                Directory::create()
                0x00000000c001331c                Filesystem::chfatattr(char const*, unsigned char, unsigned char)
 .text          0x00000000c0013322       0x84 hal/bus.32
                0x00000000c0013322                Bus::Bus(char const*)
                0x00000000c0013322                Bus::Bus(char const*)
                0x00000000c0013358                Bus::~Bus()
                0x00000000c0013358                Bus::~Bus()
                0x00000000c001337c                Bus::~Bus()
 .text          0x00000000c00133a6      0x156 hal/buzzer.32
                0x00000000c00133a6                Buzzer::Buzzer(char const*)
                0x00000000c00133a6                Buzzer::Buzzer(char const*)
                0x00000000c00133ea                Buzzer::~Buzzer()
                0x00000000c00133ea                Buzzer::~Buzzer()
                0x00000000c001340e                Buzzer::~Buzzer()
                0x00000000c0013438                Buzzer::stop()
                0x00000000c001344b                beepThread(void*)
                0x00000000c001348e                Buzzer::beep(int, int, bool)
 .text          0x00000000c00134fc      0x467 hal/clock.32
                0x00000000c00134fc                User::loadClockSettings(int)
                0x00000000c001354e                Clock::Clock(char const*)
                0x00000000c001354e                Clock::Clock(char const*)
                0x00000000c0013584                Clock::~Clock()
                0x00000000c0013584                Clock::~Clock()
                0x00000000c00135a8                Clock::~Clock()
                0x00000000c00135d2                Clock::timeInSecondsLocal()
                0x00000000c001361a                Clock::setTimeInSecondsLocal(unsigned long long)
                0x00000000c0013673                datetimeToSeconds(datetime_t)
                0x00000000c001379a                Clock::setTimeInDatetimeLocal(datetime_t)
                0x00000000c00137fa                secondsToDatetime(unsigned long long)
                0x00000000c001393e                Clock::timeInDatetimeLocal()
 *fill*         0x00000000c0013963        0x1 
 .text          0x00000000c0013964      0x504 hal/device.32
                0x00000000c0013964                Device::hibernate()
                0x00000000c0013966                Device::wake()
                0x00000000c0013968                Device::detect()
                0x00000000c001396a                Device::disableLegacy()
                0x00000000c001396c                Device::powerSaving(PowerSavingLevel)
                0x00000000c001396e                DriverlessDevice::close(int, int, void*)
                0x00000000c0013972                DriverlessDevice::detect()
                0x00000000c0013974                DriverlessDevice::open(int, int, void*)
                0x00000000c0013988                Device::~Device()
                0x00000000c0013988                Device::~Device()
                0x00000000c0013996                Device::~Device()
                0x00000000c00139be                Device::findAndLoadDriver()
                0x00000000c00139cc                Device::preOpenPCI(PCIDeviceInfo)
                0x00000000c00139f2                Device::preOpenACPI(void*, char*, char*)
                0x00000000c0013a32                Device::addIRQHandler(int, void (*)(regs*, void*), bool, void*)
                0x00000000c0013a70                Device::getParent()
                0x00000000c0013a7c                Device::removeIRQHandler(int, void (*)(regs*, void*), bool)
                0x00000000c0013aba                Device::addChild(Device*)
                0x00000000c0013afe                Device::removeAllChildren()
                0x00000000c0013b44                Device::hibernateAll()
                0x00000000c0013b74                Device::wakeAll()
                0x00000000c0013ba4                Device::detectAll()
                0x00000000c0013bd4                Device::disableLegacyAll()
                0x00000000c0013c04                Device::loadDriversForAll()
                0x00000000c0013c44                Device::closeAll()
                0x00000000c0013c7a                Device::powerSavingAll(PowerSavingLevel)
                0x00000000c0013cb0                Device::setName(char const*)
                0x00000000c0013cbe                Device::Device(char const*)
                0x00000000c0013cbe                Device::Device(char const*)
                0x00000000c0013dba                Device::getName()
                0x00000000c0013dc4                DriverlessDevice::DriverlessDevice(char const*)
                0x00000000c0013dc4                DriverlessDevice::DriverlessDevice(char const*)
                0x00000000c0013dfa                Device::addToLinkedList(LinkedList<Device>&, DeviceType)
                0x00000000c0013e3e                getDevicesOfType(DeviceType)
 .text          0x00000000c0013e68       0x84 hal/diskctrl.32
                0x00000000c0013e68                HardDiskController::HardDiskController(char const*)
                0x00000000c0013e68                HardDiskController::HardDiskController(char const*)
                0x00000000c0013e9e                HardDiskController::~HardDiskController()
                0x00000000c0013e9e                HardDiskController::~HardDiskController()
                0x00000000c0013ec2                HardDiskController::~HardDiskController()
 .text          0x00000000c0013eec       0xe2 hal/diskphys.32
                0x00000000c0013eec                PhysicalDisk::eject()
                0x00000000c0013ef0                PhysicalDisk::PhysicalDisk(char const*, int)
                0x00000000c0013ef0                PhysicalDisk::PhysicalDisk(char const*, int)
                0x00000000c0013f58                PhysicalDisk::startCache()
                0x00000000c0013f80                PhysicalDisk::~PhysicalDisk()
                0x00000000c0013f80                PhysicalDisk::~PhysicalDisk()
                0x00000000c0013fa4                PhysicalDisk::~PhysicalDisk()
 .text          0x00000000c0013fce      0x13b hal/fpu.32
                0x00000000c0013fce                FPU::FPU(char const*)
                0x00000000c0013fce                FPU::FPU(char const*)
                0x00000000c0014004                FPU::~FPU()
                0x00000000c0014004                FPU::~FPU()
                0x00000000c0014028                FPU::~FPU()
                0x00000000c0014052                setupFPU()
 *fill*         0x00000000c0014109        0x1 
 .text          0x00000000c001410a     0x1435 hal/intctrl.32
                0x00000000c001410a                InterruptController::uninstallISRHandler(int, void (*)(regs*, void*))
                0x00000000c0014142                InterruptController::installISRHandler(int, void (*)(regs*, void*), void*)
                0x00000000c0014194                doubleFault(regs*, void*)
                0x00000000c00141ae                InterruptController::installIRQHandler(int, void (*)(regs*, void*), bool, void*)
                0x00000000c001424a                InterruptController::clearAllHandlers(int, bool)
                0x00000000c00142f2                InterruptController::uninstallIRQHandler(int, void (*)(regs*, void*), bool)
                0x00000000c0014379                nmiHandler(regs*, void*)
                0x00000000c0014387                int_handler
                0x00000000c0014428                InterruptController::InterruptController(char const*)
                0x00000000c0014428                InterruptController::InterruptController(char const*)
                0x00000000c00144ce                InterruptController::~InterruptController()
                0x00000000c00144ce                InterruptController::~InterruptController()
                0x00000000c00144f2                InterruptController::~InterruptController()
                0x00000000c001451c                displayDebugInfo(regs*)
                0x00000000c00149ab                x87EmulHandler(regs*, void*)
                0x00000000c0014a1e                gpFault(regs*, void*)
                0x00000000c0014a57                pgFault(regs*, void*)
                0x00000000c0014a9f                otherISRHandler(regs*, void*)
                0x00000000c0014abe                opcodeFault(regs*, void*)
                0x00000000c00150db                displayProgramFault(char const*)
                0x00000000c0015103                setupInterruptController()
                0x00000000c00154f2                InterruptController::convertLegacyIRQNumber(int)
 *fill*         0x00000000c001553f        0x1 
 .text          0x00000000c0015540      0x784 hal/keybrd.32
                0x00000000c0015540                startGUI(void*)
                0x00000000c00155ac                startGUIVESA(void*)
                0x00000000c0015618                sendKeyToTerminal(unsigned char)
                0x00000000c00156d6                sendKeyboardToken(KeyboardToken)
                0x00000000c0015b13                clearInternalKeybuffer(VgaText*)
                0x00000000c0015b48                readKeyboard(VgaText*, char*, unsigned long)
                0x00000000c0015c3a                Keyboard::Keyboard(char const*)
                0x00000000c0015c3a                Keyboard::Keyboard(char const*)
                0x00000000c0015c76                Keyboard::~Keyboard()
                0x00000000c0015c76                Keyboard::~Keyboard()
                0x00000000c0015c9a                Keyboard::~Keyboard()
 .text          0x00000000c0015cc4      0x3ea hal/logidisk.32
                0x00000000c0015cc4                LogicalDisk::close(int, int, void*)
                0x00000000c0015cc8                LogicalDisk::~LogicalDisk()
                0x00000000c0015cc8                LogicalDisk::~LogicalDisk()
                0x00000000c0015cec                LogicalDisk::~LogicalDisk()
                0x00000000c0015d16                LogicalDisk::open(int, int, void*)
                0x00000000c0015d2a                LogicalDisk::absoluteToRelative(unsigned long long)
                0x00000000c0015d62                LogicalDisk::relativeToAbsolute(unsigned long long)
                0x00000000c0015da8                LogicalDisk::LogicalDisk(char const*, PhysicalDisk*, unsigned long long, unsigned long long)
                0x00000000c0015da8                LogicalDisk::LogicalDisk(char const*, PhysicalDisk*, unsigned long long, unsigned long long)
                0x00000000c0015e5e                LogicalDisk::assignDriveLetter()
                0x00000000c0015f14                LogicalDisk::mount()
                0x00000000c0015f5c                LogicalDisk::unmount()
                0x00000000c0015f6c                LogicalDisk::eject()
                0x00000000c0015f80                LogicalDisk::unassignDriveLetter()
                0x00000000c0015fd6                LogicalDisk::read(unsigned long long, int, void*)
                0x00000000c0016042                LogicalDisk::write(unsigned long long, int, void*)
 .text          0x00000000c00160ae       0x84 hal/mouse.32
                0x00000000c00160ae                Mouse::Mouse(char const*)
                0x00000000c00160ae                Mouse::Mouse(char const*)
                0x00000000c00160e4                Mouse::~Mouse()
                0x00000000c00160e4                Mouse::~Mouse()
                0x00000000c0016108                Mouse::~Mouse()
 .text          0x00000000c0016132      0x339 hal/partition.32
                0x00000000c0016132                makePartition(PhysicalDisk*, unsigned long long, unsigned long long)
                0x00000000c00161da                createPartitionsForDisk(PhysicalDisk*)
 *fill*         0x00000000c001646b        0x1 
 .text          0x00000000c001646c       0x84 hal/serial.32
                0x00000000c001646c                Serial::Serial(char const*)
                0x00000000c001646c                Serial::Serial(char const*)
                0x00000000c00164a2                Serial::~Serial()
                0x00000000c00164a2                Serial::~Serial()
                0x00000000c00164c6                Serial::~Serial()
 .text          0x00000000c00164f0      0x2f3 hal/timer.32
                0x00000000c00164f0                Timer::Timer(char const*)
                0x00000000c00164f0                Timer::Timer(char const*)
                0x00000000c0016526                Timer::~Timer()
                0x00000000c0016526                Timer::~Timer()
                0x00000000c001654a                Timer::~Timer()
                0x00000000c0016574                Timer::read()
                0x00000000c001657f                timerHandler(unsigned long long)
                0x00000000c00166f1                setupTimer(int)
 *fill*         0x00000000c00167e3        0x1 
 .text          0x00000000c00167e4      0x409 hal/vcache.32
                0x00000000c00167e4                VCache::VCache(PhysicalDisk*)
                0x00000000c00167e4                VCache::VCache(PhysicalDisk*)
                0x00000000c001694c                VCache::invalidateReadBuffer()
                0x00000000c001695c                VCache::writeWriteBuffer()
                0x00000000c0016998                VCache::~VCache()
                0x00000000c0016998                VCache::~VCache()
                0x00000000c00169ec                VCache::~VCache()
                0x00000000c0016a14                VCache::write(unsigned long long, int, void*)
                0x00000000c0016afe                VCache::read(unsigned long long, int, void*)
 *fill*         0x00000000c0016bed        0x1 
 .text          0x00000000c0016bee      0x4b3 hal/video.32
                0x00000000c0016bee                Video::putrect(int, int, int, int, unsigned int)
                0x00000000c0016c3a                Video::bitblit(int, int, int, int, int, int, int, unsigned int*)
                0x00000000c0016caa                Video::blit(unsigned int*, int, int, int, int)
                0x00000000c0016d28                Video::clearScreen(unsigned int)
                0x00000000c0016d5c                Video::putpixel(int, int, unsigned int)
                0x00000000c0016d6a                Video::Video(char const*)
                0x00000000c0016d6a                Video::Video(char const*)
                0x00000000c0016da0                Video::~Video()
                0x00000000c0016da0                Video::~Video()
                0x00000000c0016dc4                Video::~Video()
                0x00000000c0016dee                Video::isMonochrome()
                0x00000000c0016dfa                Video::getWidth()
                0x00000000c0016e06                Video::getHeight()
                0x00000000c0016e12                Video::drawCursor(int, int, unsigned char*, int)
                0x00000000c0016ece                Video::tgaParse(unsigned char*, int, int*, int*)
                0x00000000c0017036                Video::putTGA(int, int, unsigned char*, int)
 *fill*         0x00000000c00170a1        0x1 
 .text          0x00000000c00170a2     0x11c9 hw/acpi.32
                0x00000000c00170a2                ACPI::close(int, int, void*)
                0x00000000c0017147                findRSDP()
                0x00000000c00171d1                loadACPITables(unsigned char*)
                0x00000000c0017428                findRSDT(unsigned char*)
                0x00000000c0017572                findDataTable(unsigned char*, char*)
                0x00000000c00175e4                scanMADT()
                0x00000000c0017a52                ACPI::ACPI()
                0x00000000c0017a52                ACPI::ACPI()
                0x00000000c0017aa6                ACPI::getPCIIRQAssignment(unsigned char, unsigned short, unsigned char)
                0x00000000c0017b88                ACPI::registerPCIIRQAssignment(void*, unsigned short, unsigned char, unsigned char)
                0x00000000c0017c4e                ACPI::setScreenBrightnessLevel(void*, int)
                0x00000000c0017c54                ACPI::detectPCI()
                0x00000000c0017e56                ACPI::writeSimpleBootFlag(SimpleBootFlagTable*)
                0x00000000c0017e9e                ACPI::sleep()
                0x00000000c0017eb6                ACPI::open(int, int, void*)
 *fill*         0x00000000c001826b        0x1 
 .text          0x00000000c001826c     0x1495 hw/cpu.32
                0x00000000c001826c                CPU::close(int, int, void*)
                0x00000000c0018270                CPU::lookupAMDName(unsigned char, unsigned char)
                0x00000000c0018404                CPU::lookupIntelName(unsigned char, unsigned char)
                0x00000000c00186b2                CPU::AMD_K6_write_msr(unsigned int, unsigned int, unsigned int, CPU::REGS*)
                0x00000000c00186ce                CPU::AMD_K6_read_msr(unsigned int, CPU::REGS*)
                0x00000000c00186e6                CPU::AMD_K6_writeback(int, int, int)
                0x00000000c001875a                CPU::cpuid(int, unsigned long*, unsigned long*, unsigned long*, unsigned long*)
                0x00000000c00187de                CPU::cpuidCheckEDX(unsigned int)
                0x00000000c001880c                CPU::cpuidCheckECX(unsigned int)
                0x00000000c001883a                CPU::cpuidCheckExtendedEBX(unsigned int)
                0x00000000c0018868                CPU::cpuidCheckExtendedECX(unsigned int)
                0x00000000c0018896                CPU::CPU()
                0x00000000c0018896                CPU::CPU()
                0x00000000c0018924                CPU::displayFeatures()
                0x00000000c0018926                CPU::detectFeatures()
                0x00000000c0019318                CPU::setupSMEP()
                0x00000000c0019324                CPU::setupUMIP()
                0x00000000c001932e                CPU::setupTSC()
                0x00000000c0019338                CPU::setupLargePages()
                0x00000000c0019342                CPU::setupPAT()
                0x00000000c001937e                CPU::setupMTRR()
                0x00000000c0019380                CPU::setupGlobalPages()
                0x00000000c001938a                CPU::allowUsermodeDataAccess()
                0x00000000c001939c                CPU::prohibitUsermodeDataAccess()
                0x00000000c00193ae                CPU::setupSMAP()
                0x00000000c00193bc                CPU::setupFeatures()
                0x00000000c001943c                CPU::open(int, int, void*)
                0x00000000c0019506                CPU::decodeAddress(regs*, int*, bool*, unsigned char*)
 .text          0x00000000c0019701        0x0 hw/ports.32
 .text          0x00000000c0019701      0x16a hw/smp.32
                0x00000000c0019701                Krnl::smpEntry()
                0x00000000c0019703                Krnl::startCPU(int)
                0x00000000c001984c                Krnl::startCPUs()
 *fill*         0x00000000c001986b        0x1 
 .text          0x00000000c001986c      0x581 krnl/env.32
                0x00000000c001986c                EnvVarContainer::getEnv(char const*)
                0x00000000c00198aa                EnvVarContainer::setEnv(char const*, char const*)
                0x00000000c001996c                EnvVarContainer::deleteEnv(char const*)
                0x00000000c001996e                EnvVarContainer::loadFrom(char const*, char const*)
                0x00000000c0019b54                EnvVarContainer::__loadSystem()
                0x00000000c0019b6e                EnvVarContainer::__loadUser()
                0x00000000c0019b70                EnvVarContainer::EnvVarContainer(Process*)
                0x00000000c0019b70                EnvVarContainer::EnvVarContainer(Process*)
                0x00000000c0019b92                EnvVarContainer::~EnvVarContainer()
                0x00000000c0019b92                EnvVarContainer::~EnvVarContainer()
                0x00000000c0019bc2                Krnl::getEnv(Process*, char const*)
                0x00000000c0019c27                Krnl::setEnvSystem(char const*, char const*)
                0x00000000c0019c41                Krnl::setEnvUser(char const*, char const*)
                0x00000000c0019c60                Krnl::setEnvProcess(Process*, char const*, char const*)
                0x00000000c0019c73                Krnl::deleteEnvSystem(char const*)
                0x00000000c0019c74                Krnl::deleteEnvUser(char const*)
                0x00000000c0019c75                Krnl::deleteEnvProcess(Process*, char const*)
                0x00000000c0019c76                Krnl::newProcessEnv(Process*)
                0x00000000c0019c98                Krnl::copyProcessEnv(Process*, Process*)
                0x00000000c0019ce4                Krnl::loadSystemEnv()
                0x00000000c0019d12                Krnl::loadUserEnv()
                0x00000000c0019d38                Krnl::flushEnv()
                0x00000000c0019d39                Krnl::getProcessTotalEnvCount(Process*)
                0x00000000c0019d59                Krnl::getProcessEnvPair(Process*, int)
 .text          0x00000000c0019ded      0x39c krnl/panic.32
                0x00000000c0019ded                Krnl::panic(char const*)
 .text          0x00000000c001a189      0x57f net/ethernet.32
                0x00000000c001a189                Net::switchEndian16(unsigned short)
                0x00000000c001a1aa                Net::switchEndian32(unsigned int)
                0x00000000c001a1d9                Net::crc32Calc(unsigned char*, int)
                0x00000000c001a26a                Net::wrapEthernetFrame(Net::UnwrappedEthernetFrame, unsigned char*)
                0x00000000c001a47d                Net::unwrapEthernetFrame(unsigned char*, int)
 .text          0x00000000c001a708      0x50e reg/registry.32
                0x00000000c001a708                Reg::findLineFromLoadedData(char*, char*, char*)
                0x00000000c001a860                Reg::getLineFromRegistry(char*, char*, char*, char*)
                0x00000000c001a9b5                Reg::getLine(char*, char*, char*)
                0x00000000c001a9ec                Reg::readInt(char*, char*, int*)
                0x00000000c001aad7                Reg::readString(char*, char*, char*, int)
                0x00000000c001ab58                Reg::readBool(char*, char*, bool*)
                0x00000000c001ab7d                Reg::readBoolWithDefault(char*, char*, bool)
                0x00000000c001aba9                Reg::readIntWithDefault(char*, char*, int)
                0x00000000c001abd5                Reg::readStringWithDefault(char*, char*, char*, int, char*)
 .text          0x00000000c001ac16       0x36 sys/sc_eject.32
                0x00000000c001ac16                Sys::eject(regs*)
 .text          0x00000000c001ac4c       0x18 sys/sc_exit.32
                0x00000000c001ac4c                Sys::exit(regs*)
 .text          0x00000000c001ac64       0x1f sys/sc_getcwd.32
                0x00000000c001ac64                Sys::getCwd(regs*)
 .text          0x00000000c001ac83        0xc sys/sc_getpid.32
                0x00000000c001ac83                Sys::getPID(regs*)
 .text          0x00000000c001ac8f       0x17 sys/sc_getramdata.32
                0x00000000c001ac8f                Sys::getRAMData(regs*)
 .text          0x00000000c001aca6       0x84 sys/sc_getvgaptr.32
                0x00000000c001aca6                Sys::getVGAPtr(regs*)
 .text          0x00000000c001ad2a       0xa8 sys/sc_loaddll.32
                0x00000000c001ad2a                Sys::loadDLL(regs*)
 .text          0x00000000c001add2       0x68 sys/sc_read.32
                0x00000000c001add2                Sys::read(regs*)
 .text          0x00000000c001ae3a       0x55 sys/sc_sbrk.32
                0x00000000c001ae3a                Sys::sbrk(regs*)
 .text          0x00000000c001ae8f       0x1c sys/sc_setcwd.32
                0x00000000c001ae8f                Sys::setCwd(regs*)
 .text          0x00000000c001aeab       0x95 sys/sc_settime.32
                0x00000000c001aeab                Sys::setTime(regs*)
 .text          0x00000000c001af40       0x4a sys/sc_timezone.32
                0x00000000c001af40                Sys::timezone(regs*)
 .text          0x00000000c001af8a       0x68 sys/sc_write.32
                0x00000000c001af8a                Sys::write(regs*)
 .text          0x00000000c001aff2       0x62 sys/sc_wsbe.32
                0x00000000c001aff2                Sys::wsbe(regs*)
 .text          0x00000000c001b054       0x46 sys/sc_yield.32
                0x00000000c001b054                Sys::yield(regs*)
 .text          0x00000000c001b09a      0xf84 sys/syscalls.32
                0x00000000c001b09a                sysCallSeekDir(regs*)
                0x00000000c001b09f                sysCallTellDir(regs*)
                0x00000000c001b0a4                sysCallVerify(regs*)
                0x00000000c001b0ae                sysCallGetArgc(regs*)
                0x00000000c001b0be                sysFormatDisk(regs*)
                0x00000000c001b128                sysSetDiskVolumeLabel(regs*)
                0x00000000c001b16e                sysGetDiskVolumeLabel(regs*)
                0x00000000c001b1bf                sysShutdown(regs*)
                0x00000000c001b21d                sysCallRealpath(regs*)
                0x00000000c001b260                sysCallReadDir(regs*)
                0x00000000c001b2df                sysCallIsATTY(regs*)
                0x00000000c001b339                sysCallSeek(regs*)
                0x00000000c001b390                sysCallTell(regs*)
                0x00000000c001b3fc                sysCallSize(regs*)
                0x00000000c001b46e                sysCallSizeFromFilename(regs*)
                0x00000000c001b51d                sysCallClose(regs*)
                0x00000000c001b57d                sysCallOpenDir(regs*)
                0x00000000c001b5f2                sysCallCloseDir(regs*)
                0x00000000c001b646                sysCallMakeDir(regs*)
                0x00000000c001b6b6                sysCallWait(regs*)
                0x00000000c001b6d0                sysCallNotImpl(regs*)
                0x00000000c001b6eb                sysPanic(regs*)
                0x00000000c001b705                sysCallRmdir(regs*)
                0x00000000c001b769                sysCallUnlink(regs*)
                0x00000000c001b7cd                sysCallGetArgv(regs*)
                0x00000000c001b819                sysCallTTYName(regs*)
                0x00000000c001b89c                sysCallUSleep(regs*)
                0x00000000c001b8c3                sysCallSpawn(regs*)
                0x00000000c001b92b                sysCallGetEnv(regs*)
                0x00000000c001b9d8                sysAppSettings(regs*)
                0x00000000c001baec                sysSetFatAttrib(regs*)
                0x00000000c001bb5e                sysPipe(regs*)
                0x00000000c001bba3                sysGetUnixTime(regs*)
                0x00000000c001bbb7                string_ends_with(char const*, char const*)
                0x00000000c001bbff                sysCallOpen(regs*)
                0x00000000c001bde7                Sys::loadSyscalls()
                0x00000000c001bfdc                Sys::systemCall(regs*, void*)
 .text          0x00000000c001c01e     0x11fd thr/elf.32
                0x00000000c001c01e                Thr::allocateMemoryForTask(Process*, File*, unsigned long, unsigned long, unsigned long)
                0x00000000c001c2c8                Thr::loadProgramIntoMemory(Process*, char const*)
                0x00000000c001c4de                Thr::runtimeReferenceHelper()
                0x00000000c001c4f1                Thr::getAddressOfKernelSymbol(char const*)
                0x00000000c001c540                Thr::loadKernelSymbolTable(char const*)
                0x00000000c001c7fe                Thr::loadDriverIntoMemory(char const*, unsigned long, bool)
                0x00000000c001cf34                Thr::getDriverBaseFromAddress(unsigned long)
                0x00000000c001cf66                Thr::getDriverNameFromAddress(unsigned long)
                0x00000000c001cf9d                Thr::getDriverOffsetFromAddress(unsigned long)
                0x00000000c001cfb7                Thr::loadDLL(char const*, bool)
                0x00000000c001d1e2                Thr::executeDLL(unsigned long, void*)
 *fill*         0x00000000c001d21b        0x1 
 .text          0x00000000c001d21c     0x11ef thr/prcssthr.32
                0x00000000c001d21c                userModeEntryPoint(void*)
                0x00000000c001d242                changeTSS
                0x00000000c001d272                switchToThread(ThreadControlBlock*)
                0x00000000c001d31c                Process::addArgs(char**)
                0x00000000c001d376                Process::Process(char const*, Process*, char**)
                0x00000000c001d376                Process::Process(char const*, Process*, char**)
                0x00000000c001d55a                Process::Process(bool, char const*, Process*, char**)
                0x00000000c001d55a                Process::Process(bool, char const*, Process*, char**)
                0x00000000c001d709                taskStartupFunction
                0x00000000c001d712                Semaphore::Semaphore(int)
                0x00000000c001d712                Semaphore::Semaphore(int)
                0x00000000c001d740                Mutex::Mutex()
                0x00000000c001d740                Mutex::Mutex()
                0x00000000c001d752                Process::createThread(void (*)(void*), void*, int)
                0x00000000c001d858                Process::createUserThread()
                0x00000000c001d874                setupMultitasking(void (*)())
                0x00000000c001d977                schedule()
                0x00000000c001d9fc                Semaphore::tryAcquire()
                0x00000000c001dab8                Semaphore::assertLocked(char const*)
                0x00000000c001db27                blockTaskWithSchedulerLockAlreadyHeld(TaskState)
                0x00000000c001db4d                blockTask(TaskState)
                0x00000000c001db7a                waitTask(int, int*, int)
                0x00000000c001dbbc                nanoSleepUntil(unsigned long long)
                0x00000000c001dc51                nanoSleep(unsigned long long)
                0x00000000c001dc69                sleep(unsigned long long)
                0x00000000c001dc86                Semaphore::acquire()
                0x00000000c001dd28                taskReturned
                0x00000000c001dd63                Thr::processFromPID(int)
                0x00000000c001ddfa                unblockTask(ThreadControlBlock*)
                0x00000000c001de8f                cleanupTerminatedTask(ThreadControlBlock*)
                0x00000000c001e136                cleanerTaskFunction(void*)
                0x00000000c001e217                terminateTask(int)
                0x00000000c001e2d6                Thr::terminateFromIRQ(int)
                0x00000000c001e2e2                Semaphore::release()
 .text          0x00000000c001e40b      0xada vm86/vm8086.32
                0x00000000c001e40b                Vm::inbv(unsigned short)
                0x00000000c001e41e                Vm::outbv(unsigned short, unsigned char)
                0x00000000c001e454                Vm::realToLinear(unsigned short, unsigned short)
                0x00000000c001e464                Vm::getSegment(unsigned int)
                0x00000000c001e46c                Vm::getOffset(unsigned int)
                0x00000000c001e471                Vm::mainloop2()
                0x00000000c001e4ab                Vm::mainVm8086Loop(void*)
                0x00000000c001e4bb                Vm::mainloop3(unsigned long)
                0x00000000c001e4e1                Vm::initialise8086()
                0x00000000c001e524                Vm::finish8086()
                0x00000000c001e585                Vm::getOutput8086(unsigned char*)
                0x00000000c001e5aa                Vm::start8086(char const*, unsigned short, unsigned short, unsigned short, unsigned short)
                0x00000000c001e712                Vm::doISR(regs*, int, unsigned char*, unsigned short, unsigned short)
                0x00000000c001e79c                Vm::readByteFromReal(unsigned short, unsigned short)
                0x00000000c001e7ad                Vm::readWordFromReal(unsigned short, unsigned short)
                0x00000000c001e7bf                Vm::readDwordFromReal(unsigned short, unsigned short)
                0x00000000c001e7d0                Vm::writeByteFromReal(unsigned short, unsigned short, unsigned char)
                0x00000000c001e7e5                Vm::writeWordFromReal(unsigned short, unsigned short, unsigned short)
                0x00000000c001e7fb                Vm::writeDwordFromReal(unsigned short, unsigned short, unsigned int)
                0x00000000c001e810                Vm::faultHandler(regs*)
 .text          0x00000000c001eee5      0xefd vm86/x87em.32
                0x00000000c001eee5                Vm::fpuInternalTo32(unsigned long long)
                0x00000000c001ef40                Vm::fpuInternalTo64(unsigned long long)
                0x00000000c001ef49                Vm::fpu32ToInternal(unsigned int)
                0x00000000c001ef8e                Vm::fpu64ToInternal(unsigned long long)
                0x00000000c001ef97                Vm::fpuFloatToLong(unsigned long long)
                0x00000000c001eff2                Vm::fpuULongToFloat(unsigned long long)
                0x00000000c001f028                Vm::fpuLongToFloat(long long)
                0x00000000c001f07e                Vm::fpuGet0()
                0x00000000c001f083                Vm::fpuGet1()
                0x00000000c001f08b                Vm::fpuGetPi()
                0x00000000c001f093                Vm::fpuGetLog2E()
                0x00000000c001f0ab                Vm::fpuGetLogE2()
                0x00000000c001f0c3                Vm::fpuGetLog210()
                0x00000000c001f0db                Vm::fpuGetLog102()
                0x00000000c001f0f3                Vm::fpuIsSecondLarger(unsigned long long, unsigned long long)
                0x00000000c001f107                Vm::fpuAreEqual(unsigned long long, unsigned long long)
                0x00000000c001f11d                Vm::fpuUnorderedCompare(unsigned long long, unsigned long long)
                0x00000000c001f170                Vm::fpuAdd(unsigned long long, unsigned long long)
                0x00000000c001f181                Vm::fpuAbs(unsigned long long)
                0x00000000c001f18a                Vm::fpuChs(unsigned long long)
                0x00000000c001f19a                Vm::fpuSub(unsigned long long, unsigned long long)
                0x00000000c001f1a9                Vm::fpuMultiply(unsigned long long, unsigned long long)
                0x00000000c001f1c8                Vm::fpuDivide(unsigned long long, unsigned long long)
                0x00000000c001f1e4                Vm::fpuSquare(unsigned long long)
                0x00000000c001f1fa                Vm::fpuGetReg(int)
                0x00000000c001f23d                Vm::fpuSetReg(int, unsigned long long)
                0x00000000c001f288                Vm::fpuPush(unsigned long long)
                0x00000000c001f2e5                Vm::fpuPop()
                0x00000000c001f337                Vm::x87Handler(regs*)
 .text          0x00000000c001fde2     0x11c1 fs/fat/vfslink.32
                0x00000000c001fde2                FAT::getName()
                0x00000000c001fde8                FAT::tell(void*, unsigned long long*)
                0x00000000c001fe1c                FAT::stat(void*, unsigned long long*)
                0x00000000c001fe50                FAT::~FAT()
                0x00000000c001fe50                FAT::~FAT()
                0x00000000c001fe74                FAT::~FAT()
                0x00000000c001fe9c                FAT::getlabel(LogicalDisk*, int, char*, unsigned int*)
                0x00000000c001ff3a                FAT::setlabel(LogicalDisk*, int, char*)
                0x00000000c001fff4                FAT::format(LogicalDisk*, int, char const*, int)
                0x00000000c00201b2                FAT::tryMount(LogicalDisk*, int)
                0x00000000c00203b8                FAT::getFileFirstSector(char const*)
                0x00000000c002045e                FAT::readDir(void*, unsigned long, void*, int*)
                0x00000000c00205b8                FAT::read(void*, unsigned long, void*, int*)
                0x00000000c0020612                FAT::write(void*, unsigned long, void*, int*)
                0x00000000c002066c                FAT::close(void*)
                0x00000000c00206b8                FAT::closeDir(void*)
                0x00000000c0020704                FAT::seek(void*, unsigned long long)
                0x00000000c0020758                fatWrapperReadDisk
                0x00000000c002079f                fatWrapperWriteDisk
                0x00000000c00207e6                fatWrapperIoctl
                0x00000000c00208ea                FAT::FAT()
                0x00000000c00208ea                FAT::FAT()
                0x00000000c002093c                FAT::fixFilepath(char*)
                0x00000000c0020974                FAT::open(char const*, void**, FileOpenMode)
                0x00000000c0020a9c                FAT::openDir(char const*, void**)
                0x00000000c0020b42                FAT::stat(char const*, unsigned long long*, bool*)
                0x00000000c0020c2c                FAT::unlink(char const*)
                0x00000000c0020ca6                FAT::chfatattr(char const*, unsigned char, unsigned char)
                0x00000000c0020dfa                FAT::rename(char const*, char const*)
                0x00000000c0020ebe                FAT::mkdir(char const*)
                0x00000000c0020f38                FAT::exists(char const*)
 *fill*         0x00000000c0020fa3        0x1 
 .text          0x00000000c0020fa4      0xb75 fs/iso9660/vfslink.32
                0x00000000c0020fa4                ISO9660::format(LogicalDisk*, int, char const*, int)
                0x00000000c0020faa                ISO9660::seek(void*, unsigned long long)
                0x00000000c0020fda                ISO9660::tell(void*, unsigned long long*)
                0x00000000c0020ffe                ISO9660::getName()
                0x00000000c0021004                ISO9660::stat(void*, unsigned long long*)
                0x00000000c0021028                ISO9660::chfatattr(char const*, unsigned char, unsigned char)
                0x00000000c002102e                ISO9660::unlink(char const*)
                0x00000000c0021034                ISO9660::write(void*, unsigned long, void*, int*)
                0x00000000c002103a                ISO9660::rename(char const*, char const*)
                0x00000000c0021040                ISO9660::mkdir(char const*)
                0x00000000c0021046                ISO9660::close(void*)
                0x00000000c0021068                ISO9660::closeDir(void*)
                0x00000000c002108a                ISO9660::~ISO9660()
                0x00000000c002108a                ISO9660::~ISO9660()
                0x00000000c00210ae                ISO9660::~ISO9660()
                0x00000000c00210d5                __memmem(unsigned char*, int, unsigned char*, int)
                0x00000000c0021117                readSectorFromCDROM(unsigned int, unsigned char*, char)
                0x00000000c0021172                ISO9660::tryMount(LogicalDisk*, int)
                0x00000000c00211c2                ISO9660::read(void*, unsigned long, void*, int*)
                0x00000000c00213c6                ISO9660::readDir(void*, unsigned long, void*, int*)
                0x00000000c0021640                readRoot(unsigned int*, unsigned int*, char)
                0x00000000c0021694                readRecursively(char*, unsigned int, unsigned int, unsigned int*, unsigned int*, char, int*)
                0x00000000c0021867                getFileData(char*, unsigned int*, unsigned int*, char, int*)
                0x00000000c00218f6                ISO9660::open(char const*, void**, FileOpenMode)
                0x00000000c00219a4                ISO9660::exists(char const*)
                0x00000000c00219c8                ISO9660::stat(char const*, unsigned long long*, bool*)
                0x00000000c0021a5c                ISO9660::openDir(char const*, void**)
                0x00000000c0021af6                ISO9660::ISO9660()
                0x00000000c0021af6                ISO9660::ISO9660()
 *fill*         0x00000000c0021b19        0x1 
 .text          0x00000000c0021b1a      0x396 hal/sound/sndchannel.32
                0x00000000c0021b1a                SoundChannel::SoundChannel(int, int, int, int)
                0x00000000c0021b1a                SoundChannel::SoundChannel(int, int, int, int)
                0x00000000c0021c44                SoundChannel::~SoundChannel()
                0x00000000c0021c44                SoundChannel::~SoundChannel()
                0x00000000c0021c60                SoundChannel::getSampleRate()
                0x00000000c0021c68                SoundChannel::getBits()
                0x00000000c0021c70                SoundChannel::getBufferUsed()
                0x00000000c0021c78                SoundChannel::getBufferSize()
                0x00000000c0021c80                SoundChannel::unbuffer(float*, int, int)
                0x00000000c0021d14                SoundChannel::buffer16(short*, int)
                0x00000000c0021e10                SoundChannel::buffer8(unsigned char*, int)
 .text          0x00000000c0021eb0      0x43e hal/sound/sndhw.32
                0x00000000c0021eb0                SoundDevice::SoundDevice(char const*)
                0x00000000c0021eb0                SoundDevice::SoundDevice(char const*)
                0x00000000c0021f1c                SoundDevice::~SoundDevice()
                0x00000000c0021f1c                SoundDevice::~SoundDevice()
                0x00000000c0021f96                SoundDevice::~SoundDevice()
                0x00000000c0021fc0                SoundDevice::getFreeChannelNum()
                0x00000000c0021fda                SoundDevice::addChannel(SoundChannel*)
                0x00000000c002204a                SoundDevice::removeChannel(int)
                0x00000000c002207c                SoundDevice::floatTo16(float*, short*, int)
                0x00000000c002216a                SoundDevice::floatTo8(float*, unsigned char*, int)
                0x00000000c0022252                SoundDevice::getAudio(int, float*, float*)
 .text          0x00000000c00222ee        0x0 hw/bus/isa.32
 .text          0x00000000c00222ee      0xb87 hw/bus/pci.32
                0x00000000c00222ee                PCI::open(int, int, void*)
                0x00000000c002230c                PCI::close(int, int, void*)
                0x00000000c0022310                PCI::PCI()
                0x00000000c0022310                PCI::PCI()
                0x00000000c00223a6                PCI::readBAR8(unsigned int, int)
                0x00000000c00223c2                PCI::readBAR16(unsigned int, int)
                0x00000000c00223e0                PCI::readBAR32(unsigned int, int)
                0x00000000c00223fc                PCI::writeBAR8(unsigned int, unsigned char, int)
                0x00000000c002241c                PCI::writeBAR16(unsigned int, unsigned short, int)
                0x00000000c002243e                PCI::writeBAR32(unsigned int, unsigned int, int)
                0x00000000c002245e                PCI::legacyMechanism(unsigned char, unsigned char, unsigned char, unsigned char)
                0x00000000c00224cc                PCI::pciReadWord(unsigned char, unsigned char, unsigned char, unsigned char)
                0x00000000c0022574                PCI::getVendorID(unsigned char, unsigned char, unsigned char)
                0x00000000c0022598                PCI::getHeaderType(unsigned char, unsigned char, unsigned char)
                0x00000000c00225c0                PCI::getClassCode(unsigned char, unsigned char, unsigned char)
                0x00000000c002260a                PCI::getProgIF(unsigned char, unsigned char, unsigned char)
                0x00000000c0022632                PCI::getRevisionID(unsigned char, unsigned char, unsigned char)
                0x00000000c0022656                PCI::getInterruptNumber(unsigned char, unsigned char, unsigned char)
                0x00000000c002267a                PCI::getSecondaryBus(unsigned char, unsigned char, unsigned char)
                0x00000000c00226a2                PCI::getBARAddress(unsigned char, unsigned char, unsigned char, unsigned char)
                0x00000000c0022706                PCI::pciWriteWord(unsigned char, unsigned char, unsigned char, unsigned char, unsigned short)
                0x00000000c00227ee                PCI::pciDetailsToFilepath(PCIDeviceInfo, char*)
                0x00000000c0022a68                PCI::checkBus(unsigned char)
                0x00000000c0022a8c                PCI::foundDevice(PCIDeviceInfo)
                0x00000000c0022bfe                PCI::getDeviceData(unsigned char, unsigned char, unsigned char)
                0x00000000c0022db6                PCI::checkDevice(unsigned char, unsigned char)
                0x00000000c0022e22                PCI::detect()
 *fill*         0x00000000c0022e75        0x1 
 .text          0x00000000c0022e76      0xb54 hw/diskctrl/ide.32
                0x00000000c0022e76                IDE::close(int, int, void*)
                0x00000000c0022e7a                IDE::IDE()
                0x00000000c0022e7a                IDE::IDE()
                0x00000000c0022eae                IDE::prepareInterrupt(unsigned char)
                0x00000000c0022ec0                selectDrive(unsigned char, unsigned char)
                0x00000000c0022ec2                IDE::getBase(unsigned char)
                0x00000000c0022ed4                IDE::write(unsigned char, unsigned char, unsigned char)
                0x00000000c0022f94                IDE::read(unsigned char, unsigned char)
                0x00000000c0023042                IDE::waitInterrupt(unsigned char)
                0x00000000c00230a8                ideChannel0IRQHandler(regs*, void*)
                0x00000000c00230c4                ideChannel1IRQHandler(regs*, void*)
                0x00000000c00230e0                IDE::enableIRQs(unsigned char, bool)
                0x00000000c0023126                IDE::open(int, int, void*)
                0x00000000c0023534                IDE::readBuffer(unsigned char, unsigned char, unsigned int, unsigned int)
                0x00000000c0023600                IDE::detect()
                0x00000000c00238c6                IDE::printError(unsigned char, unsigned char, unsigned char)
                0x00000000c0023976                IDE::polling(unsigned char, unsigned int)
 .text          0x00000000c00239ca      0x336 hw/diskctrl/satabus.32
                0x00000000c00239ca                SATABus::close(int, int, void*)
                0x00000000c00239ce                SATABus::detect()
                0x00000000c00239d0                SATABus::SATABus()
                0x00000000c00239d0                SATABus::SATABus()
                0x00000000c0023a56                SATABus::findCmdslot(SATABus::tagHBA_PORT volatile*)
                0x00000000c0023a9e                SATABus::checkType(SATABus::tagHBA_PORT volatile*)
                0x00000000c0023ae6                SATABus::startCmd(SATABus::tagHBA_PORT volatile*)
                0x00000000c0023b06                SATABus::stopCmd(SATABus::tagHBA_PORT volatile*)
                0x00000000c0023b30                SATABus::portRebase(SATABus::tagHBA_PORT volatile*, int)
                0x00000000c0023c36                SATABus::probePort(SATABus::tagHBA_MEM volatile*)
                0x00000000c0023ce0                SATABus::open(int, int, void*)
 .text          0x00000000c0023d00      0x604 hw/diskphys/ata.32
                0x00000000c0023d00                ATA::close(int, int, void*)
                0x00000000c0023d24                ATA::powerSaving(PowerSavingLevel)
                0x00000000c0023d26                ATA::ATA()
                0x00000000c0023d26                ATA::ATA()
                0x00000000c0023d54                ATA::flush(bool)
                0x00000000c0023d9e                ATA::readyForCommand()
                0x00000000c0023dee                ATA::access(unsigned long long, int, void*, bool)
                0x00000000c0024176                ATA::read(unsigned long long, int, void*)
                0x00000000c00241c2                ATA::write(unsigned long long, int, void*)
                0x00000000c002420e                ATA::detectCHS()
                0x00000000c0024238                ATA::open(int, int, void*)
 .text          0x00000000c0024304      0x5bd hw/diskphys/atapi.32
                0x00000000c0024304                ATAPI::write(unsigned long long, int, void*)
                0x00000000c002430a                ATAPI::close(int, int, void*)
                0x00000000c002432e                ATAPI::ATAPI()
                0x00000000c002432e                ATAPI::ATAPI()
                0x00000000c002435c                ATAPI::readyForCommand()
                0x00000000c00243ac                ATAPI::sendPacket(unsigned char*, int, bool, unsigned short*, int)
                0x00000000c002466c                ATAPI::diskRemoved()
                0x00000000c0024688                ATAPI::eject()
                0x00000000c00246d0                ATAPI::diskInserted()
                0x00000000c00246fe                ATAPI::detectMedia()
                0x00000000c00247ba                ATAPI::open(int, int, void*)
                0x00000000c0024842                ATAPI::read(unsigned long long, int, void*)
 *fill*         0x00000000c00248c1        0x1 
 .text          0x00000000c00248c2      0x41c hw/diskphys/sata.32
                0x00000000c00248c2                SATA::close(int, int, void*)
                0x00000000c00248e6                SATA::powerSaving(PowerSavingLevel)
                0x00000000c00248e8                SATA::open(int, int, void*)
                0x00000000c0024992                SATA::SATA()
                0x00000000c0024992                SATA::SATA()
                0x00000000c00249c0                SATA::access(unsigned long long, int, void*, bool)
                0x00000000c0024c26                SATA::read(unsigned long long, int, void*)
                0x00000000c0024c72                SATA::write(unsigned long long, int, void*)
 .text          0x00000000c0024cde      0x4fe hw/diskphys/satapi.32
                0x00000000c0024cde                SATAPI::write(unsigned long long, int, void*)
                0x00000000c0024ce4                SATAPI::close(int, int, void*)
                0x00000000c0024d08                SATAPI::SATAPI()
                0x00000000c0024d08                SATAPI::SATAPI()
                0x00000000c0024d36                SATAPI::diskRemoved()
                0x00000000c0024d52                SATAPI::diskInserted()
                0x00000000c0024d80                SATAPI::sendPacket(unsigned char*, int, unsigned long long, unsigned short*, int)
                0x00000000c0024f88                SATAPI::eject()
                0x00000000c0024fd0                SATAPI::detectMedia()
                0x00000000c0025092                SATAPI::open(int, int, void*)
                0x00000000c002513a                SATAPI::read(unsigned long long, int, void*)
 .text          0x00000000c00251dc       0x8e hw/fpu/avx.32
                0x00000000c00251dc                AVX::open(int, int, void*)
                0x00000000c00251ee                AVX::close(int, int, void*)
                0x00000000c0025200                AVX::available()
                0x00000000c0025212                AVX::save(void*)
                0x00000000c002522a                AVX::load(void*)
                0x00000000c0025242                AVX::AVX()
                0x00000000c0025242                AVX::AVX()
 .text          0x00000000c002526a       0x90 hw/fpu/mmx.32
                0x00000000c002526a                MMX::available()
                0x00000000c002527e                MMX::open(int, int, void*)
                0x00000000c0025290                MMX::close(int, int, void*)
                0x00000000c00252a2                MMX::save(void*)
                0x00000000c00252ba                MMX::load(void*)
                0x00000000c00252d2                MMX::MMX()
                0x00000000c00252d2                MMX::MMX()
 .text          0x00000000c00252fa       0x96 hw/fpu/sse.32
                0x00000000c00252fa                SSE::open(int, int, void*)
                0x00000000c002530c                SSE::close(int, int, void*)
                0x00000000c002531e                SSE::available()
                0x00000000c0025338                SSE::save(void*)
                0x00000000c0025350                SSE::load(void*)
                0x00000000c0025368                SSE::SSE()
                0x00000000c0025368                SSE::SSE()
 .text          0x00000000c0025390       0x8e hw/fpu/x87.32
                0x00000000c0025390                x87::open(int, int, void*)
                0x00000000c00253a2                x87::close(int, int, void*)
                0x00000000c00253b4                x87::available()
                0x00000000c00253c6                x87::save(void*)
                0x00000000c00253de                x87::load(void*)
                0x00000000c00253f6                x87::x87()
                0x00000000c00253f6                x87::x87()
 .text          0x00000000c002541e      0x71e hw/intctrl/apic.32
                0x00000000c002541e                APIC::disable()
                0x00000000c0025420                APIC::close(int, int, void*)
                0x00000000c0025442                IOAPIC::close(int, int, void*)
                0x00000000c0025448                APIC::io_wait()
                0x00000000c002544e                APIC::getBase()
                0x00000000c0025490                APIC::eoi(unsigned char)
                0x00000000c00254be                APIC::open(int, int, void*)
                0x00000000c002560c                IOAPIC::IOAPIC()
                0x00000000c002560c                IOAPIC::IOAPIC()
                0x00000000c0025634                APIC::APIC()
                0x00000000c0025634                APIC::APIC()
                0x00000000c0025710                IOAPIC::handlesGSIWithNumber(unsigned int)
                0x00000000c0025742                IOAPIC::read(int)
                0x00000000c002576a                IOAPIC::open(int, int, void*)
                0x00000000c0025860                IOAPIC::write(int, int)
                0x00000000c002588c                IOAPIC::redirect(unsigned char, unsigned long long, unsigned char, bool, bool)
                0x00000000c0025986                APIC::installIRQHandler(int, void (*)(regs*, void*), bool, void*)
 .text          0x00000000c0025b3c      0x3d3 hw/intctrl/pic.32
                0x00000000c0025b3c                PIC::disable()
                0x00000000c0025b6a                PIC::close(int, int, void*)
                0x00000000c0025b8c                PIC::PIC()
                0x00000000c0025b8c                PIC::PIC()
                0x00000000c0025c62                PIC::ioWait()
                0x00000000c0025c68                PIC::getIRQReg(int)
                0x00000000c0025cd2                PIC::eoi(unsigned char)
                0x00000000c0025d64                PIC::remap()
                0x00000000c0025ed0                PIC::open(int, int, void*)
 *fill*         0x00000000c0025f0f        0x1 
 .text          0x00000000c0025f10      0x25e hw/timer/apictimer.32
                0x00000000c0025f10                APICTimer::close(int, int, void*)
                0x00000000c0025f16                apicTimerHandler(regs*, void*)
                0x00000000c0025f44                APICTimer::write(int)
                0x00000000c0026048                APICTimer::open(int, int, void*)
                0x00000000c0026146                APICTimer::APICTimer()
                0x00000000c0026146                APICTimer::APICTimer()
 .text          0x00000000c002616e      0x1a7 hw/timer/pit.32
                0x00000000c002616e                PIT::write(int)
                0x00000000c00261ec                pitHandler(regs*, void*)
                0x00000000c0026218                PIT::open(int, int, void*)
                0x00000000c0026266                PIT::close(int, int, void*)
                0x00000000c0026296                PIT::PIT()
                0x00000000c0026296                PIT::PIT()
 *fill*         0x00000000c0026315        0xb 
 .text          0x00000000c0026320       0x1e hw/fpu/x86/avx.32
                0x00000000c0026320                avxDetect
                0x00000000c0026326                avxSave
                0x00000000c0026327                avxLoad
                0x00000000c0026328                avxInit
                0x00000000c0026329                avxClose
                0x00000000c002632a                wouldSheSayYes
 *fill*         0x00000000c002633e        0x2 
 .text          0x00000000c0026340       0x35 hw/fpu/x86/sse.32
                0x00000000c0026340                absolutelyNoChanceInHell
                0x00000000c0026340                sseDetect
                0x00000000c0026358                sseSave
                0x00000000c002635e                sseLoad
                0x00000000c0026364                sseInit
                0x00000000c0026374                sseClose
 *fill*         0x00000000c0026375        0xb 
 .text          0x00000000c0026380       0x4d hw/fpu/x86/x87.32
                0x00000000c0026386                x87Detect
                0x00000000c00263a1                x87Save
                0x00000000c00263aa                x87Load
                0x00000000c00263b2                x87Init
                0x00000000c00263cc                x87Close
 *fill*         0x00000000c00263cd        0x3 
 .text          0x00000000c00263d0       0x25 /cygdrive/d/Users/Alex/Desktop/Toolchain/Output/bin/../lib/gcc/i386-banana/8.1.0/crtend.o
 .text          0x00000000c00263f5        0x0 crtn.32
 *fill*         0x00000000c00263f5        0x3 
 .text          0x00000000c00263f8      0x14b /cygdrive/d/Users/Alex/Desktop/Toolchain/Output/bin/../lib/gcc/i386-banana/8.1.0/libkgcc.a(_divdi3.o)
                0x00000000c00263f8                __divdi3
 *fill*         0x00000000c0026543        0x1 
 .text          0x00000000c0026544      0x17e /cygdrive/d/Users/Alex/Desktop/Toolchain/Output/bin/../lib/gcc/i386-banana/8.1.0/libkgcc.a(_moddi3.o)
                0x00000000c0026544                __moddi3
 *fill*         0x00000000c00266c2        0x2 
 .text          0x00000000c00266c4       0xff /cygdrive/d/Users/Alex/Desktop/Toolchain/Output/bin/../lib/gcc/i386-banana/8.1.0/libkgcc.a(_udivdi3.o)
                0x00000000c00266c4                __udivdi3
 *fill*         0x00000000c00267c3        0x1 
 .text          0x00000000c00267c4      0x11a /cygdrive/d/Users/Alex/Desktop/Toolchain/Output/bin/../lib/gcc/i386-banana/8.1.0/libkgcc.a(_umoddi3.o)
                0x00000000c00267c4                __umoddi3
 .text          0x00000000c00268de      0x96d D:/Users/Alex/Desktop/Banana/kernel/libsoftfp.a(sfieeelib.o)
                0x00000000c00268de                __addsf3
                0x00000000c0026be0                __subsf3
                0x00000000c0026bf4                __negsf2
                0x00000000c0026c01                __mulsf3
                0x00000000c0026dc4                __divsf3
                0x00000000c0026fef                __floatsisf
                0x00000000c0027063                __floatunsisf
                0x00000000c00270a5                __fixsfsi
                0x00000000c0027107                __fixunssfsi
                0x00000000c0027138                __cmpsf2
                0x00000000c00271cd                __eqsf2
                0x00000000c0027208                __nesf2
                0x00000000c002720a                __gtsf2
                0x00000000c0027245                __gesf2
                0x00000000c0027247                __ltsf2
                0x00000000c0027249                __lesf2
 .text          0x00000000c002724b      0xf50 D:/Users/Alex/Desktop/Banana/kernel/libsoftfp.a(dfieeelib.o)
                0x00000000c002724b                __adddf3
                0x00000000c002789c                __subdf3