Archive member included to satisfy reference by file (symbol)

/cygdrive/d/Users/Alex/Desktop/Toolchain/Output/bin/../lib/gcc/i386-banana/8.1.0/libkgcc.a(_divdi3.o)
                              krnl/resolve.32 (__divdi3)
/cygdrive/d/Users/Alex/Desktop/Toolchain/Output/bin/../lib/gcc/i386-banana/8.1.0/libkgcc.a(_moddi3.o)
                              krnl/resolve.32 (__moddi3)
/cygdrive/d/Users/Alex/Desktop/Toolchain/Output/bin/../lib/gcc/i386-banana/8.1.0/libkgcc.a(_udivdi3.o)
                              hal/clock.32 (__udivdi3)
/cygdrive/d/Users/Alex/Desktop/Toolchain/Output/bin/../lib/gcc/i386-banana/8.1.0/libkgcc.a(_umoddi3.o)
                              core/pipe.32 (__umoddi3)

Allocating common symbols
Common symbol       size              file

dcache              0x40              fs/iso9660/iso9660.32
cdDriveLetter       0x1               fs/iso9660/iso9660.32
icache              0x40              fs/iso9660/iso9660.32

Discarded input sections

 .comment       0x0000000000000000       0x12 /cygdrive/d/Users/Alex/Desktop/Toolchain/Output/bin/../lib/gcc/i386-banana/8.1.0/crtbegin.o
 .comment       0x0000000000000000       0x12 acpica/utclib.32
 .comment       0x0000000000000000       0x12 core/malloc.32
 .comment       0x0000000000000000       0x12 libk/ctype.32
 .comment       0x0000000000000000       0x12 libk/string.32
 .comment       0x0000000000000000       0x12 fs/fat/diskio.32
 .comment       0x0000000000000000       0x12 fs/fat/ff.32
 .comment       0x0000000000000000       0x12 fs/fat/ffsystem.32
 .comment       0x0000000000000000       0x12 fs/fat/ffunicode.32
 .comment       0x0000000000000000       0x12 fs/iso9660/iso9660.32
 .group         0x0000000000000000       0x14 core/computer.32
 .group         0x0000000000000000        0xc core/computer.32
 .comment       0x0000000000000000       0x12 core/computer.32
 .comment       0x0000000000000000       0x12 core/gdt.32
 .group         0x0000000000000000        0xc core/idle.32
 .comment       0x0000000000000000       0x12 core/idle.32
 .comment       0x0000000000000000       0x12 core/idt.32
 .comment       0x0000000000000000       0x12 core/kheap.32
 .comment       0x0000000000000000       0x12 core/main.32
 .comment       0x0000000000000000       0x12 core/physmgr.32
 .group         0x0000000000000000        0xc core/pipe.32
 .comment       0x0000000000000000       0x12 core/pipe.32
 .group         0x0000000000000000        0xc core/terminal.32
 .comment       0x0000000000000000       0x12 core/terminal.32
 .comment       0x0000000000000000       0x12 core/tss.32
 .group         0x0000000000000000        0x8 core/unixfile.32
 .group         0x0000000000000000        0x8 core/unixfile.32
 .group         0x0000000000000000        0xc core/unixfile.32
 .group         0x0000000000000000        0x8 core/unixfile.32
 .group         0x0000000000000000        0xc core/unixfile.32
 .group         0x0000000000000000        0x8 core/unixfile.32
 .group         0x0000000000000000        0xc core/unixfile.32
 .group         0x0000000000000000        0xc core/unixfile.32
 .comment       0x0000000000000000       0x12 core/unixfile.32
 .comment       0x0000000000000000       0x12 core/virtmgr.32
 .comment       0x0000000000000000       0x12 coreobjs/c++.32
 .comment       0x0000000000000000       0x12 dbg/kconsole.32
 .group         0x0000000000000000        0xc fs/vfs.32
 .group         0x0000000000000000        0xc fs/vfs.32
 .group         0x0000000000000000        0xc fs/vfs.32
 .comment       0x0000000000000000       0x12 fs/vfs.32
 .group         0x0000000000000000        0xc hal/bus.32
 .comment       0x0000000000000000       0x12 hal/bus.32
 .comment       0x0000000000000000       0x12 hal/buzzer.32
 .group         0x0000000000000000        0xc hal/clock.32
 .comment       0x0000000000000000       0x12 hal/clock.32
 .group         0x0000000000000000       0x14 hal/device.32
 .group         0x0000000000000000        0xc hal/device.32
 .group         0x0000000000000000        0x8 hal/device.32
 .group         0x0000000000000000        0xc hal/device.32
 .group         0x0000000000000000        0xc hal/device.32
 .comment       0x0000000000000000       0x12 hal/device.32
 .group         0x0000000000000000        0xc hal/diskctrl.32
 .comment       0x0000000000000000       0x12 hal/diskctrl.32
 .group         0x0000000000000000        0xc hal/diskphys.32
 .comment       0x0000000000000000       0x12 hal/diskphys.32
 .comment       0x0000000000000000       0x12 hal/fpu.32
 .comment       0x0000000000000000       0x12 hal/intctrl.32
 .group         0x0000000000000000        0xc hal/keybrd.32
 .comment       0x0000000000000000       0x12 hal/keybrd.32
 .group         0x0000000000000000        0xc hal/logidisk.32
 .comment       0x0000000000000000       0x12 hal/logidisk.32
 .group         0x0000000000000000        0xc hal/mouse.32
 .comment       0x0000000000000000       0x12 hal/mouse.32
[...]
Memory Configuration

Name             Origin             Length             Attributes
*default*        0x0000000000000000 0xffffffffffffffff

Linker script and memory map

LOAD D:/Users/Alex/Desktop/Banana/kernel/boot.32
LOAD crti.32
LOAD /cygdrive/d/Users/Alex/Desktop/Toolchain/Output/bin/../lib/gcc/i386-banana/8.1.0/crtbegin.o
LOAD D:/Users/Alex/Desktop/Banana/kernel/morenasm.32
LOAD acpica/utclib.32
LOAD core/malloc.32
LOAD libk/ctype.32
LOAD libk/string.32
LOAD fs/fat/diskio.32
LOAD fs/fat/ff.32
LOAD fs/fat/ffsystem.32
LOAD fs/fat/ffunicode.32
LOAD fs/iso9660/iso9660.32
LOAD core/computer.32
LOAD core/gdt.32
LOAD core/idle.32
LOAD core/idt.32
LOAD core/kheap.32
LOAD core/main.32
LOAD core/physmgr.32
LOAD core/pipe.32
LOAD core/terminal.32
LOAD core/tss.32
LOAD core/unixfile.32
LOAD core/virtmgr.32
LOAD coreobjs/c++.32
LOAD dbg/kconsole.32
LOAD fs/vfs.32
LOAD hal/bus.32
LOAD hal/buzzer.32
LOAD hal/clock.32
LOAD hal/device.32
LOAD hal/diskctrl.32
LOAD hal/diskphys.32
LOAD hal/fpu.32
LOAD hal/intctrl.32
LOAD hal/keybrd.32
LOAD hal/logidisk.32
LOAD hal/mouse.32
LOAD hal/partition.32
LOAD hal/serial.32
LOAD hal/timer.32
LOAD hal/vcache.32
LOAD hal/video.32
LOAD hw/acpi.32
LOAD hw/cpu.32
LOAD krnl/bootmsg.32
LOAD krnl/env.32
LOAD krnl/inlines.32
LOAD krnl/panic.32
LOAD krnl/powctrl.32
LOAD krnl/resolve.32
LOAD krnl/signal.32
LOAD krnl/syscalls.32
LOAD reg/registry.32
LOAD sys/eject.32
LOAD sys/exit.32
LOAD sys/getcwd.32
LOAD sys/getpid.32
LOAD sys/getramdata.32
LOAD sys/getvgaptr.32
LOAD sys/loaddll.32
LOAD sys/read.32
LOAD sys/registersignal.32
LOAD sys/sbrk.32
LOAD sys/setcwd.32
LOAD sys/settime.32
LOAD sys/timezone.32
LOAD sys/write.32
LOAD sys/wsbe.32
LOAD sys/yield.32
LOAD thr/elf.32
LOAD thr/prcssthr.32
LOAD vm86/vm8086.32
LOAD arch/i386/hal.32
LOAD arch/i386/pic.32
LOAD arch/i386/rtc.32
LOAD arch/i386/vga.32
LOAD fs/fat/vfslink.32
LOAD fs/iso9660/helper.32
LOAD fs/iso9660/vfslink.32
LOAD hal/sound/sndcard.32
LOAD hal/sound/sndport.32
LOAD hw/bus/isa.32
LOAD hw/bus/pci.32
LOAD hw/diskctrl/ide.32
LOAD hw/diskctrl/satabus.32
LOAD hw/diskphys/ata.32
LOAD hw/diskphys/atapi.32
LOAD hw/diskphys/sata.32
LOAD hw/diskphys/satapi.32
LOAD hw/intctrl/apic.32
LOAD hw/timer/apictimer.32
LOAD hw/timer/pit.32
LOAD arch/i386/avx.32
LOAD arch/i386/interrupt.32
LOAD arch/i386/rdrand.32
LOAD arch/i386/sse.32
LOAD arch/i386/x87.32
LOAD /cygdrive/d/Users/Alex/Desktop/Toolchain/Output/bin/../lib/gcc/i386-banana/8.1.0/crtend.o
LOAD crtn.32
LOAD /cygdrive/d/Users/Alex/Desktop/Toolchain/Output/bin/../lib/gcc/i386-banana/8.1.0/libkgcc.a
LOAD D:/Users/Alex/Desktop/Banana/kernel/libsoftfp.a
LOAD D:/Users/Alex/Desktop/Banana/kernel/libk/libm32.a
                0x00000000c0000000                . = 0xc0000000

.text           0x00000000c0000000    0x1c2fa
 *(.text)
 .text          0x00000000c0000000       0x20 D:/Users/Alex/Desktop/Banana/kernel/boot.32
 .text          0x00000000c0000020        0x0 crti.32
 .text          0x00000000c0000020      0x101 /cygdrive/d/Users/Alex/Desktop/Toolchain/Output/bin/../lib/gcc/i386-banana/8.1.0/crtbegin.o
 *fill*         0x00000000c0000121        0xf 
 .text          0x00000000c0000130      0x252 D:/Users/Alex/Desktop/Banana/kernel/morenasm.32
                0x00000000c0000130                manualPCIProbe
                0x00000000c000017b                prepareTramp
                0x00000000c0000194                doTPAUSE
                0x00000000c000019e                hasLegacyFPU
                0x00000000c00001c3                is486
                0x00000000c00001f9                detectCPUID
                0x00000000c000020f                goToVM86
                0x00000000c000023f                goToUsermode
                0x00000000c0000269                switchToThreadASMFirstTime
                0x00000000c0000277                switchToThreadASM
                0x00000000c00002ff                asmQuickAcquireLock
                0x00000000c000031d                asmQuickReleaseLock
                0x00000000c0000329                asmAcquireLock
                0x00000000c000034a                asmReleaseLock
                0x00000000c000035d                loadGDT
                0x00000000c000037d                memcpy
 *fill*         0x00000000c0000382        0xe 
 .text          0x00000000c0000390      0x79e acpica/utclib.32
                0x00000000c0000390                memcmp
                0x00000000c00003e0                memmove
                0x00000000c00004d0                memset
                0x00000000c0000540                strlen
                0x00000000c0000570                strpbrk
                0x00000000c00005b0                strtok
                0x00000000c0000600                strcpy
                0x00000000c0000630                strncpy
                0x00000000c00006e0                strcmp
                0x00000000c0000730                strchr
                0x00000000c0000760                strncmp
                0x00000000c00007c0                strcat
                0x00000000c00007f0                strncat
                0x00000000c0000850                strstr
                0x00000000c00008b0                toupper
                0x00000000c00008d0                tolower
                0x00000000c00008f0                simple_strtoul
 .text          0x00000000c0000b2e      0xfad core/malloc.32
                0x00000000c0000c99                dlfree
                0x00000000c0000ff4                dlmalloc
                0x00000000c0001531                dlrealloc
                0x00000000c00016d4                dlmemalign
                0x00000000c00017f7                dlcalloc
                0x00000000c0001891                dlcfree
                0x00000000c0001896                dlindependent_calloc
                0x00000000c00018bb                dlindependent_comalloc
                0x00000000c00018d2                dlvalloc
                0x00000000c00018fd                dlpvalloc
                0x00000000c0001933                dlmalloc_trim
                0x00000000c0001940                dlmalloc_usable_size
                0x00000000c0001971                dlmallinfo
                0x00000000c0001a40                dlmalloc_stats
                0x00000000c0001a51                dlmallopt
 *fill*         0x00000000c0001adb        0x1 
 .text          0x00000000c0001adc      0x1f2 libk/ctype.32
                0x00000000c0001adc                isblank
                0x00000000c0001afc                iscntrl
                0x00000000c0001b1c                isdigit
                0x00000000c0001b38                islower
                0x00000000c0001b54                isspace
                0x00000000c0001b7c                isupper
                0x00000000c0001b98                isalpha
                0x00000000c0001bc8                isalnum
                0x00000000c0001bf8                ispunct
                0x00000000c0001c38                isgraph
                0x00000000c0001c68                isprint
                0x00000000c0001c90                isxdigit
 .text          0x00000000c0001cce        0x0 libk/string.32
 .text          0x00000000c0001cce       0x51 fs/fat/diskio.32
                0x00000000c0001cce                disk_status
                0x00000000c0001cd1                disk_initialize
                0x00000000c0001cd4                disk_read
                0x00000000c0001cea                disk_write
                0x00000000c0001d00                disk_ioctl
 .text          0x00000000c0001d1f     0x3d4b fs/fat/ff.32
                0x00000000c0003abb                f_mount
                0x00000000c0003b1d                f_open
                0x00000000c0003de8                f_read
                0x00000000c0003fe7                f_write
                0x00000000c000421b                f_sync
                0x00000000c00042d0                f_close
                0x00000000c00042ff                f_lseek
                0x00000000c00044a6                f_opendir
                0x00000000c0004571                f_closedir
                0x00000000c0004593                f_readdir
                0x00000000c0004625                f_stat
                0x00000000c00046a4                f_getfree
                0x00000000c00047a6                f_truncate
                0x00000000c000488a                f_unlink
                0x00000000c00049ac                f_mkdir
                0x00000000c0004b47                f_rename
                0x00000000c0004cfd                f_chmod
                0x00000000c0004da6                f_utime
                0x00000000c0004e54                f_getlabel
                0x00000000c0004fa5                f_setlabel
                0x00000000c0005135                f_expand
                0x00000000c0005295                f_mkfs
 *fill*         0x00000000c0005a6a        0x2 
 .text          0x00000000c0005a6c       0x2f fs/fat/ffsystem.32
                0x00000000c0005a6c                ff_memalloc
                0x00000000c0005a84                ff_memfree
 *fill*         0x00000000c0005a9b        0x1 
 .text          0x00000000c0005a9c      0x2a8 fs/fat/ffunicode.32
                0x00000000c0005a9c                ff_uni2oem
                0x00000000c0005b3c                ff_oem2uni
                0x00000000c0005bb4                ff_wtoupper
 .text          0x00000000c0005d44      0xc76 fs/iso9660/iso9660.32
                0x00000000c0005f63                isoReadDiscSector
                0x00000000c0005ffe                strnicmp
                0x00000000c00062b1                stricmp
                0x00000000c00062fd                iso_open
                0x00000000c0006387                iso_close
                0x00000000c00063a5                iso_read
                0x00000000c00064bb                iso_seek
                0x00000000c000653f                iso_tell
                0x00000000c0006570                iso_total
                0x00000000c000659b                fn_postprocess
                0x00000000c00065c1                iso_readdir
                0x00000000c00067b2                iso_reset
                0x00000000c00067bf                init_percd
                0x00000000c00068b9                iso_ioctl
                0x00000000c00068c1                fs_iso9660_init
                0x00000000c000694a                fs_iso9660_shutdown
 .text          0x00000000c00069ba      0x685 core/computer.32
                0x00000000c00069ba                Computer::close(int, int, void*)
                0x00000000c00069ff                Krnl::firstTask()
                0x00000000c0006b32                Computer::Computer()
                0x00000000c0006b32                Computer::Computer()
                0x00000000c0006be4                Computer::setBootMessage(char const*)
                0x00000000c0006be6                Computer::detectFeatures()
                0x00000000c0006df0                Computer::displayFeatures()
                0x00000000c0006df2                Computer::rdmsr(unsigned int)
                0x00000000c0006e1e                Computer::wrmsr(unsigned int, unsigned long long)
                0x00000000c0006e56                Computer::shutdown()
                0x00000000c0006e6e                Computer::restart()
                0x00000000c0006e86                Computer::sleep()
                0x00000000c0006e9a                Computer::nmiEnabled()
                0x00000000c0006ea6                Computer::readCMOS(unsigned char)
                0x00000000c0006ec0                Computer::enableNMI(bool)
                0x00000000c0006ed8                Computer::open(int, int, void*)
                0x00000000c0006fac                Computer::disableNMI()
                0x00000000c0006fbc                Computer::writeCMOS(unsigned char, unsigned char)
                0x00000000c0006fda                Computer::handleNMI()
 *fill*         0x00000000c000703f        0x1 
 .text          0x00000000c0007040      0x1cf core/gdt.32
                0x00000000c0007040                GDTEntry::setBase(unsigned int)
                0x00000000c000705c                GDTEntry::setLimit(unsigned int)
                0x00000000c000707a                GDT::GDT()
                0x00000000c000707a                GDT::GDT()
                0x00000000c0007090                GDT::addEntry(GDTEntry)
                0x00000000c00070b2                GDT::getNumberOfEntries()
                0x00000000c00070ba                GDT::flush()
                0x00000000c00070dc                GDT::setup()
 .text          0x00000000c000720f       0x1d core/idle.32
                0x00000000c000720f                idleFunction(void*)
 .text          0x00000000c000722c      0x464 core/idt.32
                0x00000000c000722c                IDTEntry::IDTEntry(bool)
                0x00000000c000722c                IDTEntry::IDTEntry(bool)
                0x00000000c000729e                IDTEntry::setOffset(unsigned int)
                0x00000000c00072b4                IDT::IDT()
                0x00000000c00072b4                IDT::IDT()
                0x00000000c00072b6                IDT::getPointerToInvalidOpcodeEntryForF00F()
                0x00000000c00072be                IDT::addEntry(IDTEntry, int)
                0x00000000c00072d8                IDT::addEntry(int, void (*)(), bool)
                0x00000000c0007310                IDT::flush()
                0x00000000c000732a                IDT::setup()
 .text          0x00000000c0007690      0x183 core/kheap.32
                0x00000000c0007690                sbrk
                0x00000000c0007725                mmap
                0x00000000c000773b                munmap
                0x00000000c0007751                liballoc_lock()
                0x00000000c000775e                liballoc_unlock()
                0x00000000c0007772                liballoc_alloc(int)
                0x00000000c000778a                liballoc_free(void*, int)
                0x00000000c00077a5                realloc
                0x00000000c00077b9                malloc
                0x00000000c00077c9                free
                0x00000000c00077d9                rfree
                0x00000000c00077e9                calloc
 .text          0x00000000c0007813       0xc3 core/main.32
                0x00000000c0007813                KeEntryPoint
 .text          0x00000000c00078d6      0x5dc core/physmgr.32
                0x00000000c00078d6                Phys::allocateDMA(unsigned long)
                0x00000000c00079ad                Phys::freeDMA(unsigned long, unsigned long)
                0x00000000c00079e0                Phys::setPageState(unsigned long, bool)
                0x00000000c0007a12                Phys::getPageState(unsigned long)
                0x00000000c0007a33                Phys::freePage(unsigned long)
                0x00000000c0007a95                Phys::allocatePage()
                0x00000000c0007b53                Phys::allocateContiguousPages(int)
                0x00000000c0007baf                Phys::allowSegmentToBeUsed(unsigned long, unsigned long)
                0x00000000c0007be7                Phys::physicalMemorySetup(unsigned int)
 .text          0x00000000c0007eb2      0x273 core/pipe.32
                0x00000000c0007eb2                Pipe::isAtty()
                0x00000000c0007eb6                Pipe::~Pipe()
                0x00000000c0007eb6                Pipe::~Pipe()
                0x00000000c0007eda                Pipe::~Pipe()
                0x00000000c0007f02                Pipe::write(unsigned long long, void*, int*)
                0x00000000c0007fc2                Pipe::read(unsigned long long, void*, int*)
                0x00000000c00080be                Pipe::Pipe(int)
                0x00000000c00080be                Pipe::Pipe(int)
 *fill*         0x00000000c0008125        0x1 
 .text          0x00000000c0008126      0xaa0 core/terminal.32
                0x00000000c0008126                VgaText::isAtty()
                0x00000000c000812a                VgaText::~VgaText()
                0x00000000c000812a                VgaText::~VgaText()
                0x00000000c000814e                VgaText::~VgaText()
                0x00000000c0008178                VgaText::read(unsigned long long, void*, int*)
                0x00000000c0008198                setTerminalScrollLock(bool)
                0x00000000c0008199                doTerminalCycle()
                0x00000000c000819a                addToTerminalCycle(VgaText*)
                0x00000000c000819b                scrollTerminalScrollLock(int)
                0x00000000c000819c                VgaText::updateTitle()
                0x00000000c000819e                VgaText::load()
                0x00000000c00081a0                VgaText::updateCursor()
                0x00000000c00081b6                VgaText::doANSI_SGR(int)
                0x00000000c000822a                VgaText::setDefaultBgColour(VgaColour)
                0x00000000c000823a                VgaText::setDefaultFgColour(VgaColour)
                0x00000000c000824a                VgaText::setDefaultColours(VgaColour, VgaColour)
                0x00000000c000826a                VgaText::setTitleTextColour(VgaColour)
                0x00000000c0008276                VgaText::setTitleColour(VgaColour)
                0x00000000c0008282                VgaText::setTitle(char*)
                0x00000000c0008284                VgaText::combineColours(unsigned char, unsigned char)
                0x00000000c0008296                VgaText::scrollScreen()
                0x00000000c000832e                VgaText::combineCharAndColour(char, unsigned char)
                0x00000000c0008340                VgaText::writeCharacter(char, VgaColour, VgaColour, int, int)
                0x00000000c00083d0                VgaText::getCursorX()
                0x00000000c00083d8                VgaText::getCursorY()
                0x00000000c00083e0                VgaText::setCursor(int, int)
                0x00000000c00083f7                setActiveTerminal(VgaText*)
                0x00000000c0008442                VgaText::clearScreen()
                0x00000000c0008490                VgaText::setCursorX(int)
                0x00000000c00084a8                VgaText::setCursorY(int)
                0x00000000c00084c0                VgaText::incrementCursor(bool)
                0x00000000c0008514                VgaText::decrementCursor(bool)
                0x00000000c0008536                VgaText::putchar(char, VgaColour, VgaColour)
                0x00000000c0008604                VgaText::putchar(char)
                0x00000000c00086f0                VgaText::putx(unsigned int)
                0x00000000c0008736                VgaText::puts(char const*)
                0x00000000c000875c                VgaText::write(unsigned long long, void*, int*)
                0x00000000c00087a8                VgaText::puts(char const*, VgaColour, VgaColour)
                0x00000000c00088fa                VgaText::VgaText(char const*)
                0x00000000c00088fa                VgaText::VgaText(char const*)
                0x00000000c0008a46                VgaText::receiveKey(unsigned char)
                0x00000000c0008ba0                VgaText::doUpdate()
                0x00000000c0008ba1                newTerminal(char*)
 *fill*         0x00000000c0008bc6        0x2 
 .text          0x00000000c0008bc8      0x1a1 core/tss.32
                0x00000000c0008bc8                TSS::TSS()
                0x00000000c0008bc8                TSS::TSS()
                0x00000000c0008bd8                TSS::setESP(unsigned long)
                0x00000000c0008bec                TSS::flush()
                0x00000000c0008c0c                TSS::setup(unsigned long, unsigned long)
 *fill*         0x00000000c0008d69        0x1 
 .text          0x00000000c0008d6a      0x4c2 core/unixfile.32
                0x00000000c0008d6a                ReservedFilename::read(unsigned long long, void*, int*)
                0x00000000c0008dc0                ReservedFilename::isAtty()
                0x00000000c0008ddc                ReservedFilename::write(unsigned long long, void*, int*)
                0x00000000c0008e3a                UnixFile::getFileDescriptor()
                0x00000000c0008e42                UnixFile::UnixFile(int)
                0x00000000c0008e42                UnixFile::UnixFile(int)
                0x00000000c0008ff2                ReservedFilename::ReservedFilename(int)
                0x00000000c0008ff2                ReservedFilename::ReservedFilename(int)
                0x00000000c0009024                UnixFile::~UnixFile()
                0x00000000c0009024                UnixFile::~UnixFile()
                0x00000000c00090bc                UnixFile::~UnixFile()
                0x00000000c00090e4                ReservedFilename::~ReservedFilename()
                0x00000000c00090e4                ReservedFilename::~ReservedFilename()
                0x00000000c0009108                ReservedFilename::~ReservedFilename()
                0x00000000c000912f                getFromFileDescriptor(int)
 .text          0x00000000c000922c     0x119d core/virtmgr.32
                0x00000000c000922c                Virt::setPageState(unsigned long, Virt::VirtPageState)
                0x00000000c0009261                Virt::getPageState(unsigned long)
                0x00000000c0009285                Virt::allocateKernelVirtualPages(int)
                0x00000000c0009396                Virt::freeSwapfilePage(unsigned long)
                0x00000000c00093b4                Virt::swapIDToSector(unsigned long)
                0x00000000c00093c6                Virt::allocateSwapfilePage()
                0x00000000c0009444                Virt::virtualMemorySetup()
                0x00000000c000948f                Virt::setupPageSwapping(int)
                0x00000000c0009500                VAS::VAS()
                0x00000000c0009500                VAS::VAS()
                0x00000000c000953c                VAS::VAS(VAS*)
                0x00000000c000953c                VAS::VAS(VAS*)
                0x00000000c000956a                VAS::getForeignPageTableEntry(bool, unsigned long)
                0x00000000c0009596                VAS::getPageTableEntry(unsigned long)
                0x00000000c00095b5                Virt::freeKernelVirtualPages(unsigned long)
                0x00000000c00096da                VAS::freeAllocatedPages(unsigned long)
                0x00000000c00096fe                VAS::virtualToPhysical(unsigned long)
                0x00000000c0009718                VAS::reflagRange(unsigned long, int, int, int)
                0x00000000c0009758                VAS::setToWriteCombining(unsigned long, int)
                0x00000000c000978c                VAS::mapOtherVASIn(bool, VAS*)
                0x00000000c00097b6                VAS::~VAS()
                0x00000000c00097b6                VAS::~VAS()
                0x00000000c000991a                VAS::mapPage(unsigned long, unsigned long, int)
                0x00000000c0009a1e                VAS::allocatePages(int, int)
                0x00000000c0009bf6                VAS::setCPUSpecific(unsigned long)
                0x00000000c0009c14                VAS::mapRange(unsigned long, unsigned long, int, int)
                0x00000000c0009cda                VAS::mapForeignPage(bool, VAS*, unsigned long, unsigned long, int)
                0x00000000c0009dc8                VAS::VAS(bool)
                0x00000000c0009dc8                VAS::VAS(bool)
                0x00000000c000a048                VAS::evict(unsigned long)
                0x00000000c000a10a                VAS::tryLoadBackOffDisk(unsigned long)
                0x00000000c000a1f8                VAS::scanForEviction()
                0x00000000c000a2d8                mapVASFirstTime
 .text          0x00000000c000a3c9       0x5f coreobjs/c++.32
                0x00000000c000a3c9                __cxa_atexit
                0x00000000c000a3cc                __cxa_finalize
                0x00000000c000a3cd                __stack_chk_fail
                0x00000000c000a403                __cxa_pure_virtual
                0x00000000c000a414                operator new[](unsigned long)
                0x00000000c000a419                operator delete(void*, unsigned long)
                0x00000000c000a41e                operator delete[](void*)
                0x00000000c000a423                operator delete[](void*, unsigned long)
 .text          0x00000000c000a428      0x21c dbg/kconsole.32
                0x00000000c000a428                Dbg::stringifyxWithBase(unsigned int, char*, int)
                0x00000000c000a493                Dbg::logc(char)
                0x00000000c000a4b3                Dbg::logs(char*)
                0x00000000c000a4d0                Dbg::logWriteInt(unsigned int)
                0x00000000c000a4ee                Dbg::logWriteIntBase(unsigned int, int)
                0x00000000c000a50f                Dbg::kprintf(char const*, ...)
 .text          0x00000000c000a644      0xc5c fs/vfs.32
                0x00000000c000a644                File::read(unsigned long long, void*, int*)
                0x00000000c000a69c                File::write(unsigned long long, void*, int*)
                0x00000000c000a6f4                Directory::read(unsigned long long, void*, int*)
                0x00000000c000a74c                Directory::write(unsigned long long, void*, int*)
                0x00000000c000a77a                File::isAtty()
                0x00000000c000a77e                Directory::isAtty()
                0x00000000c000a782                Filesystem::getlabel(LogicalDisk*, int, char*, unsigned int*)
                0x00000000c000a788                Filesystem::setlabel(LogicalDisk*, int, char*)
                0x00000000c000a78e                Filesystem::allocateSwapfile(char const*, int)
                0x00000000c000a794                File::~File()
                0x00000000c000a794                File::~File()
                0x00000000c000a7b8                File::~File()
                0x00000000c000a7e2                Directory::~Directory()
                0x00000000c000a7e2                Directory::~Directory()
                0x00000000c000a806                Directory::~Directory()
                0x00000000c000a830                Filesystem::Filesystem()
                0x00000000c000a830                Filesystem::Filesystem()
                0x00000000c000a854                Filesystem::~Filesystem()
                0x00000000c000a854                Filesystem::~Filesystem()
                0x00000000c000a862                Filesystem::~Filesystem()
                0x00000000c000a886                Fs::getcwd(Process*, char*, int)
                0x00000000c000a8b0                Fs::initVFS()
                0x00000000c000a8da                Fs::standardiseFiles(char*, char const*, char const*)
                0x00000000c000aa84                File::File(char const*, Process*)
                0x00000000c000aa84                File::File(char const*, Process*)
                0x00000000c000ab44                File::open(FileOpenMode)
                0x00000000c000aba2                File::close()
                0x00000000c000ac02                File::seek(unsigned long long)
                0x00000000c000ac58                File::tell(unsigned long long*)
                0x00000000c000aca8                File::rewind()
                0x00000000c000acbc                File::unlink()
                0x00000000c000ad08                File::rename(char const*)
                0x00000000c000ad56                File::chfatattr(unsigned char, unsigned char)
                0x00000000c000adb2                File::exists()
                0x00000000c000adf0                File::stat(unsigned long long*, bool*)
                0x00000000c000ae51                Fs::setcwd(Process*, char*)
                0x00000000c000afae                Directory::Directory(char const*, Process*)
                0x00000000c000afae                Directory::Directory(char const*, Process*)
                0x00000000c000b06e                Directory::open()
                0x00000000c000b0ca                Directory::close()
                0x00000000c000b12a                Directory::unlink()
                0x00000000c000b176                Directory::rename(char const*)
                0x00000000c000b1c4                Directory::exists()
                0x00000000c000b202                Directory::read(dirent*)
                0x00000000c000b24e                Directory::create()
                0x00000000c000b29a                Filesystem::chfatattr(char const*, unsigned char, unsigned char)
 .text          0x00000000c000b2a0       0x86 hal/bus.32
                0x00000000c000b2a0                Bus::Bus(char const*)
                0x00000000c000b2a0                Bus::Bus(char const*)
                0x00000000c000b2d8                Bus::~Bus()
                0x00000000c000b2d8                Bus::~Bus()
                0x00000000c000b2fc                Bus::~Bus()
 .text          0x00000000c000b326       0x96 hal/buzzer.32
                0x00000000c000b326                beepThread(void*)
                0x00000000c000b363                Krnl::beep(int, int, bool)
 .text          0x00000000c000b3bc      0x46d hal/clock.32
                0x00000000c000b3bc                User::loadClockSettings(int)
                0x00000000c000b40e                Clock::Clock(char const*)
                0x00000000c000b40e                Clock::Clock(char const*)
                0x00000000c000b444                Clock::~Clock()
                0x00000000c000b444                Clock::~Clock()
                0x00000000c000b468                Clock::~Clock()
                0x00000000c000b492                Clock::timeInSecondsLocal()
                0x00000000c000b4da                Clock::setTimeInSecondsLocal(unsigned long long)
                0x00000000c000b533                datetimeToSeconds(datetime_t)
                0x00000000c000b660                Clock::setTimeInDatetimeLocal(datetime_t)
                0x00000000c000b6c0                secondsToDatetime(unsigned long long)
                0x00000000c000b804                Clock::timeInDatetimeLocal()
 *fill*         0x00000000c000b829        0x1 
 .text          0x00000000c000b82a      0x464 hal/device.32
                0x00000000c000b82a                Device::hibernate()
                0x00000000c000b82c                Device::wake()
                0x00000000c000b82e                Device::detect()
                0x00000000c000b830                Device::disableLegacy()
                0x00000000c000b832                Device::powerSaving(PowerSavingLevel)
                0x00000000c000b834                DriverlessDevice::close(int, int, void*)
                0x00000000c000b838                DriverlessDevice::detect()
                0x00000000c000b83a                DriverlessDevice::open(int, int, void*)
                0x00000000c000b84e                Device::~Device()
                0x00000000c000b84e                Device::~Device()
                0x00000000c000b85c                Device::~Device()
                0x00000000c000b884                Device::findAndLoadDriver()
                0x00000000c000b892                Device::preOpenPCI(PCIDeviceInfo)
                0x00000000c000b8b8                Device::preOpenACPI(void*, char*, char*)
                0x00000000c000b8f8                Device::addIRQHandler(int, void (*)(regs*, void*), bool, void*)
                0x00000000c000b922                Device::getParent()
                0x00000000c000b92e                Device::removeIRQHandler(int, void (*)(regs*, void*), bool)
                0x00000000c000b94c                Device::addChild(Device*)
                0x00000000c000b990                Device::removeAllChildren()
                0x00000000c000b9d6                Device::hibernateAll()
                0x00000000c000ba06                Device::wakeAll()
                0x00000000c000ba36                Device::detectAll()
                0x00000000c000ba66                Device::disableLegacyAll()
                0x00000000c000ba68                Device::loadDriversForAll()
                0x00000000c000ba6a                Device::closeAll()
                0x00000000c000baa0                Device::powerSavingAll(PowerSavingLevel)
                0x00000000c000bad6                Device::setName(char const*)
                0x00000000c000bae4                Device::Device(char const*)
                0x00000000c000bae4                Device::Device(char const*)
                0x00000000c000bbe0                Device::getName()
                0x00000000c000bbea                DriverlessDevice::DriverlessDevice(char const*)
                0x00000000c000bbea                DriverlessDevice::DriverlessDevice(char const*)
                0x00000000c000bc20                Device::addToLinkedList(LinkedList<Device>&, DeviceType)
                0x00000000c000bc64                getDevicesOfType(DeviceType)
 *fill*         0x00000000c000bc8e        0x2 
 .text          0x00000000c000bc90       0x86 hal/diskctrl.32
                0x00000000c000bc90                HardDiskController::HardDiskController(char const*)
                0x00000000c000bc90                HardDiskController::HardDiskController(char const*)
                0x00000000c000bcc8                HardDiskController::~HardDiskController()
                0x00000000c000bcc8                HardDiskController::~HardDiskController()
                0x00000000c000bcec                HardDiskController::~HardDiskController()
 .text          0x00000000c000bd16       0xe2 hal/diskphys.32
                0x00000000c000bd16                PhysicalDisk::eject()
                0x00000000c000bd1a                PhysicalDisk::PhysicalDisk(char const*, int)
                0x00000000c000bd1a                PhysicalDisk::PhysicalDisk(char const*, int)
                0x00000000c000bd82                PhysicalDisk::startCache()
                0x00000000c000bdaa                PhysicalDisk::~PhysicalDisk()
                0x00000000c000bdaa                PhysicalDisk::~PhysicalDisk()
                0x00000000c000bdce                PhysicalDisk::~PhysicalDisk()
 .text          0x00000000c000bdf8        0x0 hal/fpu.32
 .text          0x00000000c000bdf8      0x35d hal/intctrl.32
                0x00000000c000bdf8                int_handler
                0x00000000c000be80                installISRHandler(int, void (*)(regs*, void*), void*)
                0x00000000c000bec8                installIRQHandler(int, void (*)(regs*, void*), bool, void*)
                0x00000000c000c000                uninstallISRHandler(int, void (*)(regs*, void*))
                0x00000000c000c034                uninstallIRQHandler(int, void (*)(regs*, void*), bool)
                0x00000000c000c0b3                setupINTS()
                0x00000000c000c110                convertLegacyIRQNumber(int)
 *fill*         0x00000000c000c155        0x1 
 .text          0x00000000c000c156      0x7cc hal/keybrd.32
                0x00000000c000c156                startGUI(void*)
                0x00000000c000c1c2                startGUIVESA(void*)
                0x00000000c000c22e                sendKeyToTerminal(unsigned char)
                0x00000000c000c2f7                sendKeyboardToken(KeyboardToken)
                0x00000000c000c737                clearInternalKeybuffer(VgaText*)
                0x00000000c000c76c                readKeyboard(VgaText*, char*, unsigned long)
                0x00000000c000c898                Keyboard::Keyboard(char const*)
                0x00000000c000c898                Keyboard::Keyboard(char const*)
                0x00000000c000c8d4                Keyboard::~Keyboard()
                0x00000000c000c8d4                Keyboard::~Keyboard()
                0x00000000c000c8f8                Keyboard::~Keyboard()
 .text          0x00000000c000c922      0x3ea hal/logidisk.32
                0x00000000c000c922                LogicalDisk::close(int, int, void*)
                0x00000000c000c926                LogicalDisk::~LogicalDisk()
                0x00000000c000c926                LogicalDisk::~LogicalDisk()
                0x00000000c000c94a                LogicalDisk::~LogicalDisk()
                0x00000000c000c974                LogicalDisk::open(int, int, void*)
                0x00000000c000c988                LogicalDisk::absoluteToRelative(unsigned long long)
                0x00000000c000c9c0                LogicalDisk::relativeToAbsolute(unsigned long long)
                0x00000000c000ca06                LogicalDisk::LogicalDisk(char const*, PhysicalDisk*, unsigned long long, unsigned long long)
                0x00000000c000ca06                LogicalDisk::LogicalDisk(char const*, PhysicalDisk*, unsigned long long, unsigned long long)
                0x00000000c000cabc                LogicalDisk::assignDriveLetter()
                0x00000000c000cb72                LogicalDisk::mount()
                0x00000000c000cbba                LogicalDisk::unmount()
                0x00000000c000cbca                LogicalDisk::eject()
                0x00000000c000cbde                LogicalDisk::unassignDriveLetter()
                0x00000000c000cc34                LogicalDisk::read(unsigned long long, int, void*)
                0x00000000c000cca0                LogicalDisk::write(unsigned long long, int, void*)
 .text          0x00000000c000cd0c       0x86 hal/mouse.32
                0x00000000c000cd0c                Mouse::Mouse(char const*)
                0x00000000c000cd0c                Mouse::Mouse(char const*)
                0x00000000c000cd44                Mouse::~Mouse()
                0x00000000c000cd44                Mouse::~Mouse()
                0x00000000c000cd68                Mouse::~Mouse()
 .text          0x00000000c000cd92      0x339 hal/partition.32
                0x00000000c000cd92                makePartition(PhysicalDisk*, unsigned long long, unsigned long long)
                0x00000000c000ce3a                createPartitionsForDisk(PhysicalDisk*)
 *fill*         0x00000000c000d0cb        0x1 
 .text          0x00000000c000d0cc       0x86 hal/serial.32
                0x00000000c000d0cc                Serial::Serial(char const*)
                0x00000000c000d0cc                Serial::Serial(char const*)
                0x00000000c000d104                Serial::~Serial()
                0x00000000c000d104                Serial::~Serial()
                0x00000000c000d128                Serial::~Serial()
 *fill*         0x00000000c000d152        0x2 
 .text          0x00000000c000d154      0x234 hal/timer.32
                0x00000000c000d154                Timer::Timer(char const*)
                0x00000000c000d154                Timer::Timer(char const*)
                0x00000000c000d18c                Timer::~Timer()
                0x00000000c000d18c                Timer::~Timer()
                0x00000000c000d1b0                Timer::~Timer()
                0x00000000c000d1da                Timer::read()
                0x00000000c000d1e5                setupTimer(int)
                0x00000000c000d220                timerHandler(unsigned int)
 .text          0x00000000c000d388      0x3ce hal/vcache.32
                0x00000000c000d388                VCache::VCache(PhysicalDisk*)
                0x00000000c000d388                VCache::VCache(PhysicalDisk*)
                0x00000000c000d4f0                VCache::invalidateReadBuffer()
                0x00000000c000d500                VCache::writeWriteBuffer()
                0x00000000c000d54c                VCache::~VCache()
                0x00000000c000d54c                VCache::~VCache()
                0x00000000c000d5a0                VCache::~VCache()
                0x00000000c000d5c8                VCache::write(unsigned long long, int, void*)
                0x00000000c000d6de                VCache::read(unsigned long long, int, void*)
 .text          0x00000000c000d756      0x4b3 hal/video.32
                0x00000000c000d756                Video::putrect(int, int, int, int, unsigned int)
                0x00000000c000d7a2                Video::bitblit(int, int, int, int, int, int, int, unsigned int*)
                0x00000000c000d812                Video::blit(unsigned int*, int, int, int, int)
                0x00000000c000d890                Video::clearScreen(unsigned int)
                0x00000000c000d8c4                Video::putpixel(int, int, unsigned int)
                0x00000000c000d8d2                Video::Video(char const*)
                0x00000000c000d8d2                Video::Video(char const*)
                0x00000000c000d908                Video::~Video()
                0x00000000c000d908                Video::~Video()
                0x00000000c000d92c                Video::~Video()
                0x00000000c000d956                Video::isMonochrome()
                0x00000000c000d962                Video::getWidth()
                0x00000000c000d96e                Video::getHeight()
                0x00000000c000d97a                Video::drawCursor(int, int, unsigned char*, int)
                0x00000000c000da36                Video::tgaParse(unsigned char*, int, int*, int*)
                0x00000000c000db9e                Video::putTGA(int, int, unsigned char*, int)
 *fill*         0x00000000c000dc09        0x3 
 .text          0x00000000c000dc0c     0x1307 hw/acpi.32
                0x00000000c000dc0c                ACPI::close(int, int, void*)
                0x00000000c000dcc4                findRSDP()
                0x00000000c000dd54                loadACPITables(unsigned char*)
                0x00000000c000dfb8                findRSDT(unsigned char*)
                0x00000000c000e108                findDataTable(unsigned char*, char*)
                0x00000000c000e180                scanMADT()
                0x00000000c000e654                ACPI::ACPI()
                0x00000000c000e654                ACPI::ACPI()
                0x00000000c000e6a8                ACPI::getPCIIRQAssignment(unsigned char, unsigned short, unsigned char)
                0x00000000c000e790                ACPI::registerPCIIRQAssignment(void*, unsigned short, unsigned char, unsigned char)
                0x00000000c000e858                ACPI::setScreenBrightnessLevel(void*, int)
                0x00000000c000e860                ACPI::detectPCI()
                0x00000000c000ea68                ACPI::writeSimpleBootFlag(SimpleBootFlagTable*)
                0x00000000c000eabc                ACPI::sleep()
                0x00000000c000ead8                ACPI::open(int, int, void*)
 *fill*         0x00000000c000ef13        0x1 
 .text          0x00000000c000ef14      0xb95 hw/cpu.32
                0x00000000c000ef14                CPU::close(int, int, void*)
                0x00000000c000ef18                CPU::AMD_K6_write_msr(unsigned int, unsigned int, unsigned int, CPU::REGS*)
                0x00000000c000ef34                CPU::AMD_K6_read_msr(unsigned int, CPU::REGS*)
                0x00000000c000ef4c                CPU::AMD_K6_writeback(int, int, int)
                0x00000000c000efc0                CPU::cpuid(int, unsigned long*, unsigned long*, unsigned long*, unsigned long*)
                0x00000000c000f044                CPU::cpuidCheckEDX(unsigned int)
                0x00000000c000f072                CPU::cpuidCheckECX(unsigned int)
                0x00000000c000f0a0                CPU::cpuidCheckExtendedEBX(unsigned int)
                0x00000000c000f0ce                CPU::cpuidCheckExtendedECX(unsigned int)
                0x00000000c000f0fc                CPU::CPU()
                0x00000000c000f0fc                CPU::CPU()
                0x00000000c000f18a                CPU::displayFeatures()
                0x00000000c000f18c                CPU::detectFeatures()
                0x00000000c000f850                CPU::setupSMEP()
                0x00000000c000f85c                CPU::setupUMIP()
                0x00000000c000f866                CPU::setupTSC()
                0x00000000c000f870                CPU::setupLargePages()
                0x00000000c000f87a                CPU::setupPAT()
                0x00000000c000f8b6                CPU::setupMTRR()
                0x00000000c000f8b8                CPU::setupGlobalPages()
                0x00000000c000f8c2                CPU::allowUsermodeDataAccess()
                0x00000000c000f8d4                CPU::prohibitUsermodeDataAccess()
                0x00000000c000f8e6                CPU::setupSMAP()
                0x00000000c000f8f4                CPU::setupFeatures()
                0x00000000c000f9c0                CPU::open(int, int, void*)
 .text          0x00000000c000faa9       0xd1 krnl/bootmsg.32
                0x00000000c000faa9                KeDisplaySplashScreen()
                0x00000000c000fb17                KeSetBootMessage(char const*)
 .text          0x00000000c000fb7a      0x581 krnl/env.32
                0x00000000c000fb7a                EnvVarContainer::getEnv(char const*)
                0x00000000c000fbb8                EnvVarContainer::setEnv(char const*, char const*)
                0x00000000c000fc7a                EnvVarContainer::deleteEnv(char const*)
                0x00000000c000fc7c                EnvVarContainer::loadFrom(char const*, char const*)
                0x00000000c000fe62                EnvVarContainer::__loadSystem()
                0x00000000c000fe7c                EnvVarContainer::__loadUser()
                0x00000000c000fe7e                EnvVarContainer::EnvVarContainer(Process*)
                0x00000000c000fe7e                EnvVarContainer::EnvVarContainer(Process*)
                0x00000000c000fea0                EnvVarContainer::~EnvVarContainer()
                0x00000000c000fea0                EnvVarContainer::~EnvVarContainer()
                0x00000000c000fed0                Krnl::getEnv(Process*, char const*)
                0x00000000c000ff35                Krnl::setEnvSystem(char const*, char const*)
                0x00000000c000ff4f                Krnl::setEnvUser(char const*, char const*)
                0x00000000c000ff6e                Krnl::setEnvProcess(Process*, char const*, char const*)
                0x00000000c000ff81                Krnl::deleteEnvSystem(char const*)
                0x00000000c000ff82                Krnl::deleteEnvUser(char const*)
                0x00000000c000ff83                Krnl::deleteEnvProcess(Process*, char const*)
                0x00000000c000ff84                Krnl::newProcessEnv(Process*)
                0x00000000c000ffa6                Krnl::copyProcessEnv(Process*, Process*)
                0x00000000c000fff2                Krnl::loadSystemEnv()
                0x00000000c0010020                Krnl::loadUserEnv()
                0x00000000c0010046                Krnl::flushEnv()
                0x00000000c0010047                Krnl::getProcessTotalEnvCount(Process*)
                0x00000000c0010067                Krnl::getProcessEnvPair(Process*, int)
 .text          0x00000000c00100fb       0x94 krnl/inlines.32
                0x00000000c00100fb                CPU::current()
                0x00000000c0010107                operator new(unsigned long)
                0x00000000c001010c                operator delete(void*)
                0x00000000c0010111                disableIRQs()
                0x00000000c0010113                enableIRQs()
                0x00000000c0010115                lockScheduler()
                0x00000000c001011d                unlockScheduler()
                0x00000000c001012c                lockStuff()
                0x00000000c001013a                unlockStuff()
                0x00000000c0010174                Virt::getAKernelVAS()
                0x00000000c001017a                __not_memcpy
 .text          0x00000000c001018f        0xc krnl/panic.32
                0x00000000c001018f                KePanic(char const*)
 .text          0x00000000c001019b      0x142 krnl/powctrl.32
                0x00000000c001019b                Krnl::powerThread(void*)
                0x00000000c00101c9                Krnl::changePowerSettings(Krnl::PowerSettings)
                0x00000000c00101df                Krnl::userIOReceived()
                0x00000000c00101ea                Krnl::handlePowerButton()
                0x00000000c001021f                Krnl::handleSleepButton()
                0x00000000c0010254                Krnl::setupPowerManager()
 *fill*         0x00000000c00102dd        0x3 
 .text          0x00000000c00102e0      0x190 krnl/resolve.32
                0x00000000c00102e0                KeResolveCompatibilitySymbol(char*)
 .text          0x00000000c0010470      0x2c3 krnl/signal.32
                0x00000000c0010470                KiSigKill(int)
                0x00000000c001049c                KiDefaultSignalHandlerIgnore(int)
                0x00000000c001049d                KiDefaultSignalHandlerPause(int)
                0x00000000c00104c9                KiDefaultSignalHandlerResume(int)
                0x00000000c00104f5                KeDeinitSignals(SigHandlerBlock*)
                0x00000000c00104fa                KeInitSignals()
                0x00000000c0010545                KeRegisterSignalHandler(SigHandlerBlock*, int, void (*)(int), unsigned int, int)
                0x00000000c001057b                KeRaiseSignal(SigHandlerBlock*, int)
                0x00000000c00105f8                KeCheckSignal(SigHandlerBlock*)
                0x00000000c00106e3                KiCheckSignalZ
                0x00000000c00106f8                KeCompleteSignal(SigHandlerBlock*, int)
 .text          0x00000000c0010733      0xcfe krnl/syscalls.32
                0x00000000c0010733                SysSeekDir(regs*)
                0x00000000c0010738                SysTellDir(regs*)
                0x00000000c001073d                SysVerify(regs*)
                0x00000000c0010747                SysGetArgc(regs*)
                0x00000000c0010757                SysTTYName(regs*)
                0x00000000c001075f                SysFormatDisk(regs*)
                0x00000000c00107cc                SysSetDiskVolumeLabel(regs*)
                0x00000000c0010816                SysGetDiskVolumeLabel(regs*)
                0x00000000c001086b                SysShutdown(regs*)
                0x00000000c00108c9                SysRealpath(regs*)
                0x00000000c001090c                SysReadDir(regs*)
                0x00000000c001098c                SysIsATTY(regs*)
                0x00000000c00109e8                SysSeek(regs*)
                0x00000000c0010a41                SysTell(regs*)
                0x00000000c0010ab0                SysSize(regs*)
                0x00000000c0010b25                SysSizeFromFilename(regs*)
                0x00000000c0010bd8                SysClose(regs*)
                0x00000000c0010c38                SysOpenDir(regs*)
                0x00000000c0010d49                SysCloseDir(regs*)
                0x00000000c0010d9d                SysMakeDir(regs*)
                0x00000000c0010e0f                SysWait(regs*)
                0x00000000c0010e2c                SysNotImpl(regs*)
                0x00000000c0010e47                SysPanic(regs*)
                0x00000000c0010e62                SysRmdir(regs*)
                0x00000000c0010ec9                SysUnlink(regs*)
                0x00000000c0010f30                SysGetArgv(regs*)
                0x00000000c0010f7d                SysUSleep(regs*)
                0x00000000c0010fa6                SysSpawn(regs*)
                0x00000000c001100f                SysGetEnv(regs*)
                0x00000000c00110be                SysSetFatAttrib(regs*)
                0x00000000c0011135                SysPipe(regs*)
                0x00000000c001117a                SysGetUnixTime(regs*)
                0x00000000c001118e                string_ends_with(char const*, char const*)
                0x00000000c00111d8                SysOpen(regs*)
                0x00000000c00113df                KeSystemCall(regs*, void*)
 .text          0x00000000c0011431      0x50e reg/registry.32
                0x00000000c0011431                Reg::findLineFromLoadedData(char*, char*, char*)
                0x00000000c0011589                Reg::getLineFromRegistry(char*, char*, char*, char*)
                0x00000000c00116de                Reg::getLine(char*, char*, char*)
                0x00000000c0011715                Reg::readInt(char*, char*, int*)
                0x00000000c0011800                Reg::readString(char*, char*, char*, int)
                0x00000000c0011881                Reg::readBool(char*, char*, bool*)
                0x00000000c00118a6                Reg::readBoolWithDefault(char*, char*, bool)
                0x00000000c00118d2                Reg::readIntWithDefault(char*, char*, int)
                0x00000000c00118fe                Reg::readStringWithDefault(char*, char*, char*, int, char*)
 .text          0x00000000c001193f       0x36 sys/eject.32
                0x00000000c001193f                SysEject(regs*)
 .text          0x00000000c0011975       0x18 sys/exit.32
                0x00000000c0011975                SysExit(regs*)
 .text          0x00000000c001198d       0x1f sys/getcwd.32
                0x00000000c001198d                SysGetCwd(regs*)
 .text          0x00000000c00119ac        0xc sys/getpid.32
                0x00000000c00119ac                SysGetPID(regs*)
 .text          0x00000000c00119b8       0x1a sys/getramdata.32
                0x00000000c00119b8                SysGetRAMData(regs*)
 .text          0x00000000c00119d2       0x82 sys/getvgaptr.32
                0x00000000c00119d2                SysGetVGAPtr(regs*)
 .text          0x00000000c0011a54       0xa8 sys/loaddll.32
                0x00000000c0011a54                SysLoadDLL(regs*)
 .text          0x00000000c0011afc       0x68 sys/read.32
                0x00000000c0011afc                SysRead(regs*)
 .text          0x00000000c0011b64       0x29 sys/registersignal.32
                0x00000000c0011b64                SysRegisterSignal(regs*)
 .text          0x00000000c0011b8d       0x67 sys/sbrk.32
                0x00000000c0011b8d                SysSbrk(regs*)
 .text          0x00000000c0011bf4       0x1c sys/setcwd.32
                0x00000000c0011bf4                SysSetCwd(regs*)
 .text          0x00000000c0011c10       0x95 sys/settime.32
                0x00000000c0011c10                SysSetTime(regs*)
 .text          0x00000000c0011ca5       0x4a sys/timezone.32
                0x00000000c0011ca5                SysTimezone(regs*)
 .text          0x00000000c0011cef       0x68 sys/write.32
                0x00000000c0011cef                SysWrite(regs*)
 .text          0x00000000c0011d57       0x62 sys/wsbe.32
                0x00000000c0011d57                SysWsbe(regs*)
 .text          0x00000000c0011db9       0x25 sys/yield.32
                0x00000000c0011db9                SysYield(regs*)
 .text          0x00000000c0011dde     0x11e5 thr/elf.32
                0x00000000c0011dde                Thr::allocateMemoryForTask(Process*, File*, unsigned long, unsigned long, unsigned long)
                0x00000000c001206a                Thr::loadProgramIntoMemory(Process*, char const*)
                0x00000000c0012280                Thr::runtimeReferenceHelper()
                0x00000000c0012293                Thr::getAddressOfKernelSymbol(char const*)
                0x00000000c00122e2                Thr::loadKernelSymbolTable(char const*)
                0x00000000c00125a0                Thr::loadDriverIntoMemory(char const*, unsigned long, bool)
                0x00000000c0012cd6                Thr::getDriverBaseFromAddress(unsigned long)
                0x00000000c0012d08                Thr::getDriverNameFromAddress(unsigned long)
                0x00000000c0012d3f                Thr::getDriverOffsetFromAddress(unsigned long)
                0x00000000c0012d59                Thr::loadDLL(char const*, bool)
                0x00000000c0012f8a                Thr::executeDLL(unsigned long, void*)
 *fill*         0x00000000c0012fc3        0x1 
 .text          0x00000000c0012fc4     0x12fd thr/prcssthr.32
                0x00000000c0012fc4                userModeEntryPoint(void*)
                0x00000000c0012fec                changeTSS
                0x00000000c001301c                switchToThread(ThreadControlBlock*)
                0x00000000c00130d0                Process::addArgs(char**)
                0x00000000c0013130                Process::Process(char const*, Process*, char**)
                0x00000000c0013130                Process::Process(char const*, Process*, char**)
                0x00000000c001333c                Process::Process(bool, char const*, Process*, char**)
                0x00000000c001333c                Process::Process(bool, char const*, Process*, char**)
                0x00000000c0013514                taskStartupFunction
                0x00000000c0013520                Semaphore::Semaphore(int)
                0x00000000c0013520                Semaphore::Semaphore(int)
                0x00000000c0013550                Mutex::Mutex()
                0x00000000c0013550                Mutex::Mutex()
                0x00000000c0013564                Process::createThread(void (*)(void*), void*, int)
                0x00000000c001365c                Process::createUserThread()
                0x00000000c001367c                setupMultitasking(void (*)())
                0x00000000c0013784                schedule()
                0x00000000c0013814                Semaphore::tryAcquire()
                0x00000000c00138e0                Semaphore::assertLocked(char const*)
                0x00000000c0013958                blockTaskWithSchedulerLockAlreadyHeld(TaskState)
                0x00000000c0013980                blockTask(TaskState)
                0x00000000c00139b0                waitTask(int, int*, int)
                0x00000000c00139f4                milliTenthSleepUntil(unsigned int)
                0x00000000c0013a84                milliTenthSleep(unsigned int)
                0x00000000c0013a94                sleep(unsigned int)
                0x00000000c0013ab0                Semaphore::acquire()
                0x00000000c0013b6c                taskReturned
                0x00000000c0013ba8                Thr::processFromPID(int)
                0x00000000c0013c48                unblockTask(ThreadControlBlock*)
                0x00000000c0013cec                cleanupTerminatedTask(ThreadControlBlock*)
                0x00000000c0013fb8                cleanerTaskFunction(void*)
                0x00000000c00140a8                terminateTask(int)
                0x00000000c0014174                Thr::terminateFromIRQ(int)
                0x00000000c0014184                Semaphore::release()
 .text          0x00000000c00142c1      0xb93 vm86/vm8086.32
                0x00000000c00142c1                Vm::inbv(unsigned short)
                0x00000000c00142d4                Vm::outbv(unsigned short, unsigned char)
                0x00000000c001430a                Vm::realToLinear(unsigned short, unsigned short)
                0x00000000c001431a                Vm::getSegment(unsigned int)
                0x00000000c0014322                Vm::getOffset(unsigned int)
                0x00000000c0014327                Vm::mainloop2()
                0x00000000c0014361                Vm::mainVm8086Loop(void*)
                0x00000000c0014371                Vm::mainloop3(unsigned long)
                0x00000000c0014397                Vm::initialise8086()
                0x00000000c00143da                Vm::finish8086()
                0x00000000c001443b                Vm::getOutput8086(unsigned char*)
                0x00000000c0014460                Vm::start8086FromBuffer(unsigned char*, int, unsigned short, unsigned short, unsigned short, unsigned short)
                0x00000000c0014519                Vm::start8086(char const*, unsigned short, unsigned short, unsigned short, unsigned short)
                0x00000000c0014681                Vm::doISR(regs*, int, unsigned char*, unsigned short, unsigned short)
                0x00000000c001470b                Vm::readByteFromReal(unsigned short, unsigned short)
                0x00000000c001471c                Vm::readWordFromReal(unsigned short, unsigned short)
                0x00000000c001472e                Vm::readDwordFromReal(unsigned short, unsigned short)
                0x00000000c001473f                Vm::writeByteFromReal(unsigned short, unsigned short, unsigned char)
                0x00000000c0014754                Vm::writeWordFromReal(unsigned short, unsigned short, unsigned short)
                0x00000000c001476a                Vm::writeDwordFromReal(unsigned short, unsigned short, unsigned int)
                0x00000000c001477f                Vm::faultHandler(regs*)
 .text          0x00000000c0014e54      0xa53 arch/i386/hal.32
                0x00000000c0014e54                noCopro(unsigned long)
                0x00000000c0014e55                nmiHandler(regs*, void*)
                0x00000000c0014e6e                doubleFault(regs*, void*)
                0x00000000c0014e87                displayDebugInfo(regs*)
                0x00000000c00151a8                HalSystemIdle()
                0x00000000c001521e                displayProgramFault(char const*)
                0x00000000c001526a                gpFault(regs*, void*)
                0x00000000c00152cf                pgFault(regs*, void*)
                0x00000000c0015355                otherISRHandler(regs*, void*)
                0x00000000c0015389                opcodeFault(regs*, void*)
                0x00000000c0015409                i386SaveCoprocessor(void*)
                0x00000000c001541d                i386LoadCoprocessor(void*)
                0x00000000c0015431                x87EmulHandler(regs*, void*)
                0x00000000c00154ce                HalInitialiseCoprocessor()
                0x00000000c001557c                HalPanic(char const*)
                0x00000000c0015675                HalQueryPerformanceCounter()
                0x00000000c0015690                HalInitialise()
                0x00000000c0015836                HalMakeBeep(int)
                0x00000000c0015870                HalGetRand()
                0x00000000c0015873                HalEndOfInterrupt(int)
                0x00000000c00158a4                HalRestart()
                0x00000000c00158a5                HalShutdown()
                0x00000000c00158a6                HalSleep()
 *fill*         0x00000000c00158a7        0x1 
 .text          0x00000000c00158a8      0x2f4 arch/i386/pic.32
                0x00000000c00158a8                picIoWait()
                0x00000000c00158b0                picDisable()
                0x00000000c00158e4                picGetIRQReg(int)
                0x00000000c0015968                picOpen()
                0x00000000c0015af8                picEOI(int)
 .text          0x00000000c0015b9c      0x64d arch/i386/rtc.32
                0x00000000c0015b9c                RTC::open(int, int, void*)
                0x00000000c0015ba0                RTC::close(int, int, void*)
                0x00000000c0015ba4                RTC::timeInSecondsUTC()
                0x00000000c0015bb6                RTC::timeInDatetimeUTC()
                0x00000000c0015bdc                RTC::setTimeInSecondsUTC(unsigned long long)
                0x00000000c0015c1a                RTC::~RTC()
                0x00000000c0015c1a                RTC::~RTC()
                0x00000000c0015c3e                RTC::~RTC()
                0x00000000c0015c68                RTC::get_update_in_progress_flag()
                0x00000000c0015c80                RTC::completeRTCRefresh()
                0x00000000c0015f38                RTC::setTimeInDatetimeUTC(datetime_t)
                0x00000000c00160eb                rtcIRQHandler(regs*, void*)
                0x00000000c0016130                RTC::RTC()
                0x00000000c0016130                RTC::RTC()
 *fill*         0x00000000c00161e9        0x3 
 .text          0x00000000c00161ec      0x203 arch/i386/vga.32
                0x00000000c00161ec                HalConsoleScroll(int, int)
                0x00000000c00162f4                HalConsoleWriteCharacter(char, int, int, int, int)
                0x00000000c0016360                HalConsoleCursorUpdate(int, int)
 *fill*         0x00000000c00163ef        0x1 
 .text          0x00000000c00163f0     0x13e7 fs/fat/vfslink.32
                0x00000000c00163f0                FAT::getName()
                0x00000000c00163f8                FAT::tell(void*, unsigned long long*)
                0x00000000c0016434                FAT::stat(void*, unsigned long long*)
                0x00000000c0016470                FAT::~FAT()
                0x00000000c0016470                FAT::~FAT()
                0x00000000c0016494                FAT::~FAT()
                0x00000000c00164bc                FAT::getlabel(LogicalDisk*, int, char*, unsigned int*)
                0x00000000c0016560                FAT::setlabel(LogicalDisk*, int, char*)
                0x00000000c0016624                FAT::format(LogicalDisk*, int, char const*, int)
                0x00000000c00167f8                FAT::tryMount(LogicalDisk*, int)
                0x00000000c0016a10                FAT::allocateSwapfile(char const*, int)
                0x00000000c0016bd0                FAT::readDir(void*, unsigned long, void*, int*)
                0x00000000c0016d3c                FAT::read(void*, unsigned long, void*, int*)
                0x00000000c0016d9c                FAT::write(void*, unsigned long, void*, int*)
                0x00000000c0016dfc                FAT::close(void*)
                0x00000000c0016e50                FAT::closeDir(void*)
                0x00000000c0016ea4                FAT::seek(void*, unsigned long long)
                0x00000000c0016efc                fatWrapperReadDisk
                0x00000000c0016f40                fatWrapperWriteDisk
                0x00000000c0016f84                fatWrapperIoctl
                0x00000000c00170a0                FAT::FAT()
                0x00000000c00170a0                FAT::FAT()
                0x00000000c00170f4                FAT::fixFilepath(char*)
                0x00000000c0017130                FAT::open(char const*, void**, FileOpenMode)
                0x00000000c0017268                FAT::openDir(char const*, void**)
                0x00000000c0017318                FAT::stat(char const*, unsigned long long*, bool*)
                0x00000000c0017410                FAT::unlink(char const*)
                0x00000000c0017490                FAT::chfatattr(char const*, unsigned char, unsigned char)
                0x00000000c001761c                FAT::rename(char const*, char const*)
                0x00000000c00176e8                FAT::mkdir(char const*)
                0x00000000c0017768                FAT::exists(char const*)
 *fill*         0x00000000c00177d7        0x1 
 .text          0x00000000c00177d8       0xc6 fs/iso9660/helper.32
                0x00000000c00177d8                isoReadDiscSectorHelper
                0x00000000c0017834                iso_kprintf
                0x00000000c0017854                iso_kprintfd
 .text          0x00000000c001789e      0x586 fs/iso9660/vfslink.32
                0x00000000c001789e                ISO9660::format(LogicalDisk*, int, char const*, int)
                0x00000000c00178a4                ISO9660::getName()
                0x00000000c00178aa                ISO9660::closeDir(void*)
                0x00000000c00178b4                ISO9660::chfatattr(char const*, unsigned char, unsigned char)
                0x00000000c00178ba                ISO9660::unlink(char const*)
                0x00000000c00178c0                ISO9660::write(void*, unsigned long, void*, int*)
                0x00000000c00178c6                ISO9660::rename(char const*, char const*)
                0x00000000c00178cc                ISO9660::mkdir(char const*)
                0x00000000c00178d2                ISO9660::~ISO9660()
                0x00000000c00178d2                ISO9660::~ISO9660()
                0x00000000c00178f6                ISO9660::~ISO9660()
                0x00000000c001791e                ISO9660::exists(char const*)
                0x00000000c0017932                ISO9660::open(char const*, void**, FileOpenMode)
                0x00000000c00179d2                ISO9660::openDir(char const*, void**)
                0x00000000c0017a62                ISO9660::read(void*, unsigned long, void*, int*)
                0x00000000c0017aa2                ISO9660::seek(void*, unsigned long long)
                0x00000000c0017ada                ISO9660::tell(void*, unsigned long long*)
                0x00000000c0017b10                ISO9660::stat(void*, unsigned long long*)
                0x00000000c0017b4a                ISO9660::stat(char const*, unsigned long long*, bool*)
                0x00000000c0017c1c                ISO9660::close(void*)
                0x00000000c0017c42                ISO9660::readDir(void*, unsigned long, void*, int*)
                0x00000000c0017d0f                readSectorFromCDROM(unsigned int, unsigned char*, char)
                0x00000000c0017d8a                ISO9660::tryMount(LogicalDisk*, int)
                0x00000000c0017dfc                ISO9660::ISO9660()
                0x00000000c0017dfc                ISO9660::ISO9660()
 .text          0x00000000c0017e24      0x26c hal/sound/sndcard.32
                0x00000000c0017e24                SoundCard::beginPlayback()
                0x00000000c0017e32                SoundCard::stopPlayback()
                0x00000000c0017e40                SoundCard::SoundCard(char const*)
                0x00000000c0017e40                SoundCard::SoundCard(char const*)
                0x00000000c0017ede                SoundCard::~SoundCard()
                0x00000000c0017ede                SoundCard::~SoundCard()
                0x00000000c0017f02                SoundCard::~SoundCard()
                0x00000000c0017f2c                SoundCard::configureRates(int, int, int)
                0x00000000c0017f5c                SoundCard::getSamples16(int, short*)
                0x00000000c0017fb8                SoundCard::getSamples32(int, int*)
                0x00000000c001803e                SoundCard::addChannel(SoundPort*)
                0x00000000c001807c                SoundCard::removeChannel(int)
 .text          0x00000000c0018090      0x377 hal/sound/sndport.32
                0x00000000c0018090                SoundPort::SoundPort(int, int, int, int)
                0x00000000c0018090                SoundPort::SoundPort(int, int, int, int)
                0x00000000c001811c                SoundPort::~SoundPort()
                0x00000000c001811c                SoundPort::~SoundPort()
                0x00000000c0018150                SoundPort::unpause()
                0x00000000c001815c                SoundPort::pause()
                0x00000000c0018168                SoundPort::getBufferUsed()
                0x00000000c0018170                SoundPort::getBufferSize()
                0x00000000c0018178                SoundPort::buffer16(short*, int)
                0x00000000c0018204                SoundPort::buffer32(int*, int)
                0x00000000c001828c                SoundPort::unbufferAndAdd16(int, short*, SoundCard*)
                0x00000000c0018350                SoundPort::unbufferAndAdd32(int, int*, SoundCard*)
 .text          0x00000000c0018407        0x0 hw/bus/isa.32
 *fill*         0x00000000c0018407        0x1 
 .text          0x00000000c0018408      0xb49 hw/bus/pci.32
                0x00000000c0018408                PCI::open(int, int, void*)
                0x00000000c0018426                PCI::close(int, int, void*)
                0x00000000c001842a                PCI::PCI()
                0x00000000c001842a                PCI::PCI()
                0x00000000c00184c4                PCI::readBAR8(unsigned int, int)
                0x00000000c00184e0                PCI::readBAR16(unsigned int, int)
                0x00000000c00184fe                PCI::readBAR32(unsigned int, int)
                0x00000000c001851a                PCI::writeBAR8(unsigned int, unsigned char, int)
                0x00000000c001853a                PCI::writeBAR16(unsigned int, unsigned short, int)
                0x00000000c001855c                PCI::writeBAR32(unsigned int, unsigned int, int)
                0x00000000c001857c                PCI::legacyMechanism(unsigned char, unsigned char, unsigned char, unsigned char)
                0x00000000c00185ea                PCI::pciReadWord(unsigned char, unsigned char, unsigned char, unsigned char)
                0x00000000c0018692                PCI::getVendorID(unsigned char, unsigned char, unsigned char)
                0x00000000c00186b6                PCI::getHeaderType(unsigned char, unsigned char, unsigned char)
                0x00000000c00186de                PCI::getClassCode(unsigned char, unsigned char, unsigned char)
                0x00000000c0018728                PCI::getProgIF(unsigned char, unsigned char, unsigned char)
                0x00000000c0018750                PCI::getRevisionID(unsigned char, unsigned char, unsigned char)
                0x00000000c0018774                PCI::getInterruptNumber(unsigned char, unsigned char, unsigned char)
                0x00000000c0018798                PCI::getSecondaryBus(unsigned char, unsigned char, unsigned char)
                0x00000000c00187c0                PCI::getBARAddress(unsigned char, unsigned char, unsigned char, unsigned char)
                0x00000000c0018824                PCI::pciWriteWord(unsigned char, unsigned char, unsigned char, unsigned char, unsigned short)
                0x00000000c001890c                PCI::pciDetailsToFilepath(PCIDeviceInfo, char*)
                0x00000000c0018b86                PCI::checkBus(unsigned char)
                0x00000000c0018bac                PCI::foundDevice(PCIDeviceInfo)
                0x00000000c0018d1e                PCI::getDeviceData(unsigned char, unsigned char, unsigned char)
                0x00000000c0018e92                PCI::checkDevice(unsigned char, unsigned char)
                0x00000000c0018efe                PCI::detect()
 *fill*         0x00000000c0018f51        0x1 
 .text          0x00000000c0018f52      0xb5a hw/diskctrl/ide.32
                0x00000000c0018f52                IDE::close(int, int, void*)
                0x00000000c0018f56                IDE::IDE()
                0x00000000c0018f56                IDE::IDE()
                0x00000000c0018f8a                IDE::prepareInterrupt(unsigned char)
                0x00000000c0018f9c                selectDrive(unsigned char, unsigned char)
                0x00000000c0018f9e                IDE::getBase(unsigned char)
                0x00000000c0018fb0                IDE::write(unsigned char, unsigned char, unsigned char)
                0x00000000c0019070                IDE::read(unsigned char, unsigned char)
                0x00000000c001911e                IDE::waitInterrupt(unsigned char)
                0x00000000c0019186                ideChannel0IRQHandler(regs*, void*)
                0x00000000c00191a2                ideChannel1IRQHandler(regs*, void*)
                0x00000000c00191be                IDE::enableIRQs(unsigned char, bool)
                0x00000000c0019204                IDE::open(int, int, void*)
                0x00000000c0019612                IDE::readBuffer(unsigned char, unsigned char, unsigned int, unsigned int)
                0x00000000c00196de                IDE::detect()
                0x00000000c001999e                IDE::printError(unsigned char, unsigned char, unsigned char)
                0x00000000c0019a4e                IDE::polling(unsigned char, unsigned int)
 .text          0x00000000c0019aac      0x32a hw/diskctrl/satabus.32
                0x00000000c0019aac                SATABus::close(int, int, void*)
                0x00000000c0019ab0                SATABus::detect()
                0x00000000c0019ab2                SATABus::SATABus()
                0x00000000c0019ab2                SATABus::SATABus()
                0x00000000c0019b38                SATABus::findCmdslot(SATABus::tagHBA_PORT volatile*)
                0x00000000c0019b6a                SATABus::checkType(SATABus::tagHBA_PORT volatile*)
                0x00000000c0019bb2                SATABus::startCmd(SATABus::tagHBA_PORT volatile*)
                0x00000000c0019bd2                SATABus::stopCmd(SATABus::tagHBA_PORT volatile*)
                0x00000000c0019bfc                SATABus::portRebase(SATABus::tagHBA_PORT volatile*, int)
                0x00000000c0019d0c                SATABus::probePort(SATABus::tagHBA_MEM volatile*)
                0x00000000c0019db6                SATABus::open(int, int, void*)
 .text          0x00000000c0019dd6      0x5f4 hw/diskphys/ata.32
                0x00000000c0019dd6                ATA::close(int, int, void*)
                0x00000000c0019dfa                ATA::powerSaving(PowerSavingLevel)
                0x00000000c0019dfc                ATA::ATA()
                0x00000000c0019dfc                ATA::ATA()
                0x00000000c0019e2a                ATA::flush(bool)
                0x00000000c0019e74                ATA::readyForCommand()
                0x00000000c0019ec0                ATA::access(unsigned long long, int, void*, bool)
                0x00000000c001a23c                ATA::read(unsigned long long, int, void*)
                0x00000000c001a288                ATA::write(unsigned long long, int, void*)
                0x00000000c001a2d4                ATA::detectCHS()
                0x00000000c001a2fe                ATA::open(int, int, void*)
 .text          0x00000000c001a3ca      0x60e hw/diskphys/atapi.32
                0x00000000c001a3ca                ATAPI::write(unsigned long long, int, void*)
                0x00000000c001a3d0                ATAPI::close(int, int, void*)
                0x00000000c001a3f4                ATAPI::ATAPI()
                0x00000000c001a3f4                ATAPI::ATAPI()
                0x00000000c001a422                ATAPI::readyForCommand()
                0x00000000c001a474                ATAPI::sendPacket(unsigned char*, int, bool, unsigned short*, int)
                0x00000000c001a734                ATAPI::diskRemoved()
                0x00000000c001a76e                ATAPI::eject()
                0x00000000c001a7b6                ATAPI::diskInserted()
                0x00000000c001a7c2                ATAPI::detectMedia()
                0x00000000c001a87e                ATAPI::open(int, int, void*)
                0x00000000c001a95e                ATAPI::read(unsigned long long, int, void*)
 .text          0x00000000c001a9d8      0x402 hw/diskphys/sata.32
                0x00000000c001a9d8                SATA::close(int, int, void*)
                0x00000000c001a9fc                SATA::powerSaving(PowerSavingLevel)
                0x00000000c001a9fe                SATA::open(int, int, void*)
                0x00000000c001aaa8                SATA::SATA()
                0x00000000c001aaa8                SATA::SATA()
                0x00000000c001aad6                SATA::access(unsigned long long, int, void*, bool)
                0x00000000c001ad22                SATA::read(unsigned long long, int, void*)
                0x00000000c001ad6e                SATA::write(unsigned long long, int, void*)
 .text          0x00000000c001adda      0x5af hw/diskphys/satapi.32
                0x00000000c001adda                SATAPI::write(unsigned long long, int, void*)
                0x00000000c001ade0                SATAPI::close(int, int, void*)
                0x00000000c001ae04                SATAPI::SATAPI()
                0x00000000c001ae04                SATAPI::SATAPI()
                0x00000000c001ae32                SATAPI::diskRemoved()
                0x00000000c001ae34                SATAPI::diskInserted()
                0x00000000c001ae50                SATAPI::sendPacket(unsigned char*, int, unsigned long long, unsigned short*, int)
                0x00000000c001b130                SATAPI::eject()
                0x00000000c001b16c                SATAPI::detectMedia()
                0x00000000c001b192                SATAPI::open(int, int, void*)
                0x00000000c001b292                SATAPI::read(unsigned long long, int, void*)
 *fill*         0x00000000c001b389        0x1 
 .text          0x00000000c001b38a      0x455 hw/intctrl/apic.32
                0x00000000c001b38a                IOAPIC::close(int, int, void*)
                0x00000000c001b390                apicGetBase()
                0x00000000c001b3d2                IOAPIC::IOAPIC()
                0x00000000c001b3d2                IOAPIC::IOAPIC()
                0x00000000c001b3fa                apicOpen()
                0x00000000c001b560                IOAPIC::handlesGSIWithNumber(unsigned int)
                0x00000000c001b592                IOAPIC::read(int)
                0x00000000c001b5ba                IOAPIC::open(int, int, void*)
                0x00000000c001b6ae                IOAPIC::write(int, int)
                0x00000000c001b6da                IOAPIC::redirect(unsigned char, unsigned long long, unsigned char, bool, bool)
 *fill*         0x00000000c001b7df        0x1 
 .text          0x00000000c001b7e0       0xf0 hw/timer/apictimer.32
                0x00000000c001b7e0                APICTimer::close(int, int, void*)
                0x00000000c001b7e8                apicTimerHandler(regs*, void*)
                0x00000000c001b810                APICTimer::open(int, int, void*)
                0x00000000c001b880                APICTimer::write(int)
                0x00000000c001b8a8                APICTimer::APICTimer()
                0x00000000c001b8a8                APICTimer::APICTimer()
 .text          0x00000000c001b8d0      0x1aa hw/timer/pit.32
                0x00000000c001b8d0                PIT::write(int)
                0x00000000c001b954                pitHandler(regs*, void*)
                0x00000000c001b978                PIT::open(int, int, void*)
                0x00000000c001b9c8                PIT::close(int, int, void*)
                0x00000000c001b9f8                PIT::PIT()
                0x00000000c001b9f8                PIT::PIT()
 *fill*         0x00000000c001ba7a        0x6 
 .text          0x00000000c001ba80       0x83 arch/i386/avx.32
                0x00000000c001ba80                avxDetect
                0x00000000c001baaa                avxSave
                0x00000000c001babb                avxLoad
                0x00000000c001bacc                avxInit
                0x00000000c001baee                avxClose
                0x00000000c001baef                wouldSheSayYes
 *fill*         0x00000000c001bb03        0xd 
 .text          0x00000000c001bb10      0x231 arch/i386/interrupt.32
                0x00000000c001bb10                isr0
                0x00000000c001bb20                isr1
                0x00000000c001bb2a                isr2
                0x00000000c001bb34                isr3
                0x00000000c001bb3e                isr4
                0x00000000c001bb48                isr5
                0x00000000c001bb52                isr6
                0x00000000c001bb5c                isr7
                0x00000000c001bb66                isr8
                0x00000000c001bb6e                isr9
                0x00000000c001bb78                isr10
                0x00000000c001bb80                isr11
                0x00000000c001bb88                isr12
                0x00000000c001bb90                isr13
                0x00000000c001bb98                isr14
                0x00000000c001bba0                isr15
                0x00000000c001bbaa                isr16
                0x00000000c001bbb4                isr17
                0x00000000c001bbbe                isr18
                0x00000000c001bbc8                irq3
                0x00000000c001bbd2                irq4
                0x00000000c001bbdc                irq5
                0x00000000c001bbe6                irq6
                0x00000000c001bbf0                irq7
                0x00000000c001bbfa                irq8
                0x00000000c001bc04                irq9
                0x00000000c001bc0e                irq10
                0x00000000c001bc18                irq11
                0x00000000c001bc22                irq12
                0x00000000c001bc2c                irq13
                0x00000000c001bc36                irq14
                0x00000000c001bc40                irq15
                0x00000000c001bc4a                irq1
                0x00000000c001bc51                irq2
                0x00000000c001bc58                isr96
                0x00000000c001bc5f                irq0
                0x00000000c001bc64                int_common_stub
                0x00000000c001bc96                syscall_common_stub
                0x00000000c001bcf1                irq16
                0x00000000c001bcfb                irq17
                0x00000000c001bd05                irq18
                0x00000000c001bd0f                irq19
                0x00000000c001bd19                irq20
                0x00000000c001bd23                irq21
                0x00000000c001bd2d                irq22
                0x00000000c001bd37                irq23
 *fill*         0x00000000c001bd41        0xf 
 .text          0x00000000c001bd50       0x10 arch/i386/rdrand.32
                0x00000000c001bd50                i386GetRDRAND
 .text          0x00000000c001bd60       0x39 arch/i386/sse.32
                0x00000000c001bd60                absolutelyNoChanceInHell
                0x00000000c001bd60                sseDetect
                0x00000000c001bd78                sseSave
                0x00000000c001bd80                sseLoad
                0x00000000c001bd88                sseInit
                0x00000000c001bd98                sseClose
 *fill*         0x00000000c001bd99        0x7 
 .text          0x00000000c001bda0       0x49 arch/i386/x87.32
                0x00000000c001bda6                x87Detect
                0x00000000c001bdc1                x87Save
                0x00000000c001bdc8                x87Load
                0x00000000c001bdcf                x87Init
                0x00000000c001bde8                x87Close
 *fill*         0x00000000c001bde9        0x3 
 .text          0x00000000c001bdec       0x25 /cygdrive/d/Users/Alex/Desktop/Toolchain/Output/bin/../lib/gcc/i386-banana/8.1.0/crtend.o
 .text          0x00000000c001be11        0x0 crtn.32
 *fill*         0x00000000c001be11        0x3 
 .text          0x00000000c001be14      0x14b /cygdrive/d/Users/Alex/Desktop/Toolchain/Output/bin/../lib/gcc/i386-banana/8.1.0/libkgcc.a(_divdi3.o)
                0x00000000c001be14                __divdi3
 *fill*         0x00000000c001bf5f        0x1 
 .text          0x00000000c001bf60      0x17e /cygdrive/d/Users/Alex/Desktop/Toolchain/Output/bin/../lib/gcc/i386-banana/8.1.0/libkgcc.a(_moddi3.o)
                0x00000000c001bf60                __moddi3
 *fill*         0x00000000c001c0de        0x2 
 .text          0x00000000c001c0e0       0xff /cygdrive/d/Users/Alex/Desktop/Toolchain/Output/bin/../lib/gcc/i386-banana/8.1.0/libkgcc.a(_udivdi3.o)
                0x00000000c001c0e0                __udivdi3
 *fill*         0x00000000c001c1df        0x1 
 .text          0x00000000c001c1e0      0x11a /cygdrive/d/Users/Alex/Desktop/Toolchain/Output/bin/../lib/gcc/i386-banana/8.1.0/libkgcc.a(_umoddi3.o)
                0x00000000c001c1e0                __umoddi3
 *(.gnu.linkonce.t*)

.iplt           0x00000000c001c300        0x0
 .iplt          0x00000000c001c300        0x0 D:/Users/Alex/Desktop/Banana/kernel/boot.32

.init           0x00000000c001c2fa        0xf
 .init          0x00000000c001c2fa        0x3 crti.32
                0x00000000c001c2fa                _init
 .init          0x00000000c001c2fd        0x5 /cygdrive/d/Users/Alex/Desktop/Toolchain/Output/bin/../lib/gcc/i386-banana/8.1.0/crtbegin.o
 .init          0x00000000c001c302        0x5 /cygdrive/d/Users/Alex/Desktop/Toolchain/Output/bin/../lib/gcc/i386-banana/8.1.0/crtend.o
 .init          0x00000000c001c307        0x2 crtn.32

.fini           0x00000000c001c309        0xa
 .fini          0x00000000c001c309        0x3 crti.32
                0x00000000c001c309                _fini
 .fini          0x00000000c001c30c        0x5 /cygdrive/d/Users/Alex/Desktop/Toolchain/Output/bin/../lib/gcc/i386-banana/8.1.0/crtbegin.o
 .fini          0x00000000c001c311        0x2 crtn.32

.text._ZN8ComputerD2Ev
                0x00000000c001c314       0x23
 .text._ZN8ComputerD2Ev
                0x00000000c001c314       0x23 core/computer.32
                0x00000000c001c314                Computer::~Computer()
                0x00000000c001c314                Computer::~Computer()

.text._ZN8ComputerD0Ev
                0x00000000c001c338       0x2a
 .text._ZN8ComputerD0Ev
                0x00000000c001c338       0x2a core/computer.32
                0x00000000c001c338                Computer::~Computer()

.text._Z10idleCommonv
                0x00000000c001c362       0x21
 .text._Z10idleCommonv
                0x00000000c001c362       0x21 core/idle.32
                0x00000000c001c362                idleCommon()

.text._ZN10LinkedListI8UnixFileED2Ev
                0x00000000c001c384        0x2
 .text._ZN10LinkedListI8UnixFileED2Ev
                0x00000000c001c384        0x2 core/unixfile.32
                0x00000000c001c384                LinkedList<UnixFile>::~LinkedList()
                0x00000000c001c384                LinkedList<UnixFile>::~LinkedList()

.text._ZN10LinkedListI8UnixFileEC2Ev
                0x00000000c001c386       0x42
 .text._ZN10LinkedListI8UnixFileEC2Ev
                0x00000000c001c386       0x42 core/unixfile.32
                0x00000000c001c386                LinkedList<UnixFile>::LinkedList()
                0x00000000c001c386                LinkedList<UnixFile>::LinkedList()

.text._ZN10LinkedListI8UnixFileE10addElementEPS0_
                0x00000000c001c3c8       0xd3
 .text._ZN10LinkedListI8UnixFileE10addElementEPS0_
                0x00000000c001c3c8       0xd3 core/unixfile.32
                0x00000000c001c3c8                LinkedList<UnixFile>::addElement(UnixFile*)

.text._ZN10LinkedListI8UnixFileE15getFirstElementEv
                0x00000000c001c49c        0x7
 .text._ZN10LinkedListI8UnixFileE15getFirstElementEv
                0x00000000c001c49c        0x7 core/unixfile.32
                0x00000000c001c49c                LinkedList<UnixFile>::getFirstElement()

.text._ZN10LinkedListI8UnixFileE11removeFirstEv
                0x00000000c001c4a4       0xa1
 .text._ZN10LinkedListI8UnixFileE11removeFirstEv
                0x00000000c001c4a4       0xa1 core/unixfile.32
                0x00000000c001c4a4                LinkedList<UnixFile>::removeFirst()

.text._ZN10LinkedListI8UnixFileE7getNextEPS0_
                0x00000000c001c546        0x8
 .text._ZN10LinkedListI8UnixFileE7getNextEPS0_
                0x00000000c001c546        0x8 core/unixfile.32
                0x00000000c001c546                LinkedList<UnixFile>::getNext(UnixFile*)

.text._ZN16DriverlessDeviceD2Ev
                0x00000000c001c54e       0x1a
 .text._ZN16DriverlessDeviceD2Ev
                0x00000000c001c54e       0x1a hal/device.32
                0x00000000c001c54e                DriverlessDevice::~DriverlessDevice()
                0x00000000c001c54e                DriverlessDevice::~DriverlessDevice()

.text._ZN16DriverlessDeviceD0Ev
                0x00000000c001c568       0x2a
 .text._ZN16DriverlessDeviceD0Ev
                0x00000000c001c568       0x2a hal/device.32
                0x00000000c001c568                DriverlessDevice::~DriverlessDevice()

.text._ZN10LinkedListI6DeviceE10addElementEPS0_
                0x00000000c001c592       0xdc
 .text._ZN10LinkedListI6DeviceE10addElementEPS0_
                0x00000000c001c592       0xdc hal/device.32
                0x00000000c001c592                LinkedList<Device>::addElement(Device*)

.text._ZN10LinkedListI6DeviceEC2Ev
                0x00000000c001c66e       0x42
 .text._ZN10LinkedListI6DeviceEC2Ev
                0x00000000c001c66e       0x42 hal/device.32
                0x00000000c001c66e                LinkedList<Device>::LinkedList()
                0x00000000c001c66e                LinkedList<Device>::LinkedList()

.text._ZN10LinkedListIV18ThreadControlBlockE7isEmptyEv
                0x00000000c001c6b0       0x1c
 .text._ZN10LinkedListIV18ThreadControlBlockE7isEmptyEv
                0x00000000c001c6b0       0x1c hal/timer.32
                0x00000000c001c6b0                LinkedList<ThreadControlBlock volatile>::isEmpty()

.text._ZN10LinkedListIV18ThreadControlBlockE15getFirstElementEv
                0x00000000c001c6cc        0x7
 .text._ZN10LinkedListIV18ThreadControlBlockE15getFirstElementEv
                0x00000000c001c6cc        0x7 hal/timer.32
                0x00000000c001c6cc                LinkedList<ThreadControlBlock volatile>::getFirstElement()

.text._ZN10LinkedListIV18ThreadControlBlockE11removeFirstEv