Archive member included to satisfy reference by file (symbol)

/cygdrive/d/Users/Alex/Desktop/Toolchain/Output/bin/../lib/gcc/i386-banana/8.1.0/libkgcc.a(_divdi3.o)
                              fs/fat/ff.32 (__divdi3)
/cygdrive/d/Users/Alex/Desktop/Toolchain/Output/bin/../lib/gcc/i386-banana/8.1.0/libkgcc.a(_moddi3.o)
                              thr/elf.32 (__moddi3)
/cygdrive/d/Users/Alex/Desktop/Toolchain/Output/bin/../lib/gcc/i386-banana/8.1.0/libkgcc.a(_udivdi3.o)
                              fs/fat/ff.32 (__udivdi3)
/cygdrive/d/Users/Alex/Desktop/Toolchain/Output/bin/../lib/gcc/i386-banana/8.1.0/libkgcc.a(_umoddi3.o)
                              core/pipe.32 (__umoddi3)
D:/Users/Alex/Desktop/Banana/kernel/libsoftfp.a(sfieeelib.o)
                              hal/sound/sndhw.32 (__addsf3)
D:/Users/Alex/Desktop/Banana/kernel/libsoftfp.a(dfieeelib.o)
                              hal/libresample/src_linear.32 (__adddf3)
D:/Users/Alex/Desktop/Banana/kernel/libsoftfp.a(sfdfcvt.o)
                              hal/libresample/samplerate.32 (__truncdfsf2)
D:/Users/Alex/Desktop/Banana/kernel/libk/libm32.a(s_fabs.c.o)
                              hal/libresample/samplerate.32 (fabs)
D:/Users/Alex/Desktop/Banana/kernel/libk/libm32.a(s_lrint.S.o)
                              hal/libresample/samplerate.32 (lrint)
D:/Users/Alex/Desktop/Banana/kernel/libk/libm32.a(s_lrintf.S.o)
                              hal/sound/sndhw.32 (lrintf)

Discarded input sections

 .comment       0x0000000000000000       0x12 /cygdrive/d/Users/Alex/Desktop/Toolchain/Output/bin/../lib/gcc/i386-banana/8.1.0/crtbegin.o
 .comment       0x0000000000000000       0x12 acpica/utclib.32
 .comment       0x0000000000000000       0x12 core/malloc.32
 .comment       0x0000000000000000       0x12 libk/string.32
 .comment       0x0000000000000000       0x12 fs/fat/diskio.32
 .comment       0x0000000000000000       0x12 fs/fat/ff.32
 .comment       0x0000000000000000       0x12 fs/fat/ffsystem.32
 .comment       0x0000000000000000       0x12 fs/fat/ffunicode.32
 .comment       0x0000000000000000       0x12 hal/libresample/samplerate.32
 .comment       0x0000000000000000       0x12 hal/libresample/src_linear.32
 .comment       0x0000000000000000       0x12 hal/libresample/src_sinc.32
 .comment       0x0000000000000000       0x12 hal/libresample/src_zoh.32
 .comment       0x0000000000000000       0x12 compat/inlines.32
 .group         0x0000000000000000       0x14 core/computer.32
 .group         0x0000000000000000        0xc core/computer.32
 .comment       0x0000000000000000       0x12 core/computer.32
 .comment       0x0000000000000000       0x12 core/gdt.32
 .group         0x0000000000000000        0xc core/idle.32
 .comment       0x0000000000000000       0x12 core/idle.32
 .comment       0x0000000000000000       0x12 core/idt.32
 .comment       0x0000000000000000       0x12 core/kheap.32
 .comment       0x0000000000000000       0x12 core/main.32
 .comment       0x0000000000000000       0x12 core/physmgr.32
 .group         0x0000000000000000        0xc core/pipe.32
 .comment       0x0000000000000000       0x12 core/pipe.32
 .group         0x0000000000000000        0xc core/terminal.32
 .comment       0x0000000000000000       0x12 core/terminal.32
 .comment       0x0000000000000000       0x12 core/tss.32
 .group         0x0000000000000000        0x8 core/unixfile.32
 .group         0x0000000000000000        0xc core/unixfile.32
 .group         0x0000000000000000        0xc core/unixfile.32
 .group         0x0000000000000000        0x8 core/unixfile.32
 .group         0x0000000000000000        0xc core/unixfile.32
 .group         0x0000000000000000        0x8 core/unixfile.32
 .group         0x0000000000000000        0xc core/unixfile.32
 .group         0x0000000000000000        0xc core/unixfile.32
 .comment       0x0000000000000000       0x12 core/unixfile.32
 .comment       0x0000000000000000       0x12 core/virtmgr.32
 .comment       0x0000000000000000       0x12 coreobjs/c++.32
 .comment       0x0000000000000000       0x12 dbg/kconsole.32
 .group         0x0000000000000000        0xc fs/vfs.32
 .group         0x0000000000000000        0xc fs/vfs.32
 .group         0x0000000000000000        0xc fs/vfs.32
 .comment       0x0000000000000000       0x12 fs/vfs.32
 .group         0x0000000000000000        0xc hal/bus.32
 .comment       0x0000000000000000       0x12 hal/bus.32
 .group         0x0000000000000000        0xc hal/buzzer.32
 .comment       0x0000000000000000       0x12 hal/buzzer.32
 .group         0x0000000000000000        0xc hal/clock.32
 .comment       0x0000000000000000       0x12 hal/clock.32
 .group         0x0000000000000000       0x14 hal/device.32
 .group         0x0000000000000000        0xc hal/device.32
 .group         0x0000000000000000        0xc hal/device.32
 .group         0x0000000000000000        0xc hal/device.32
 .group         0x0000000000000000        0xc hal/device.32
[...]
Memory Configuration

Name             Origin             Length             Attributes
*default*        0x0000000000000000 0xffffffffffffffff

Linker script and memory map

LOAD D:/Users/Alex/Desktop/Banana/kernel/boot.32
LOAD crti.32
LOAD /cygdrive/d/Users/Alex/Desktop/Toolchain/Output/bin/../lib/gcc/i386-banana/8.1.0/crtbegin.o
LOAD D:/Users/Alex/Desktop/Banana/kernel/morenasm.32
LOAD acpica/utclib.32
LOAD core/malloc.32
LOAD libk/string.32
LOAD fs/fat/diskio.32
LOAD fs/fat/ff.32
LOAD fs/fat/ffsystem.32
LOAD fs/fat/ffunicode.32
LOAD hal/libresample/samplerate.32
LOAD hal/libresample/src_linear.32
LOAD hal/libresample/src_sinc.32
LOAD hal/libresample/src_zoh.32
LOAD compat/inlines.32
LOAD core/computer.32
LOAD core/gdt.32
LOAD core/idle.32
LOAD core/idt.32
LOAD core/kheap.32
LOAD core/main.32
LOAD core/physmgr.32
LOAD core/pipe.32
LOAD core/terminal.32
LOAD core/tss.32
LOAD core/unixfile.32
LOAD core/virtmgr.32
LOAD coreobjs/c++.32
LOAD dbg/kconsole.32
LOAD fs/vfs.32
LOAD hal/bus.32
LOAD hal/buzzer.32
LOAD hal/clock.32
LOAD hal/device.32
LOAD hal/diskctrl.32
LOAD hal/diskphys.32
LOAD hal/fpu.32
LOAD hal/intctrl.32
LOAD hal/keybrd.32
LOAD hal/logidisk.32
LOAD hal/mouse.32
LOAD hal/partition.32
LOAD hal/timer.32
LOAD hal/vcache.32
LOAD hal/video.32
LOAD hw/acpi.32
LOAD hw/cpu.32
LOAD hw/ports.32
LOAD krnl/panic.32
LOAD reg/registry.32
LOAD sys/sc_exit.32
LOAD sys/sc_loaddll.32
LOAD sys/sc_read.32
LOAD sys/sc_sbrk.32
LOAD sys/sc_write.32
LOAD sys/sc_yield.32
LOAD sys/syscalls.32
LOAD thr/elf.32
LOAD thr/prcssthr.32
LOAD vm86/vm8086.32
LOAD vm86/x87em.32
LOAD fs/fat/vfslink.32
LOAD fs/iso9660/vfslink.32
LOAD hal/sound/sndchannel.32
LOAD hal/sound/sndhw.32
LOAD hw/bus/isa.32
LOAD hw/bus/pci.32
LOAD hw/diskctrl/ide.32
LOAD hw/diskphys/ata.32
LOAD hw/diskphys/atapi.32
LOAD hw/fpu/avx.32
LOAD hw/fpu/mmx.32
LOAD hw/fpu/sse.32
LOAD hw/fpu/x87.32
LOAD hw/intctrl/apic.32
LOAD hw/intctrl/pic.32
LOAD hw/timer/apictimer.32
LOAD hw/timer/pit.32
LOAD hw/fpu/x86/avx.32
LOAD hw/fpu/x86/sse.32
LOAD hw/fpu/x86/x87.32
LOAD /cygdrive/d/Users/Alex/Desktop/Toolchain/Output/bin/../lib/gcc/i386-banana/8.1.0/crtend.o
LOAD crtn.32
LOAD /cygdrive/d/Users/Alex/Desktop/Toolchain/Output/bin/../lib/gcc/i386-banana/8.1.0/libkgcc.a
LOAD D:/Users/Alex/Desktop/Banana/kernel/libsoftfp.a
LOAD D:/Users/Alex/Desktop/Banana/kernel/libk/libm32.a
                0x00000000c0000000                . = 0xc0000000

.text           0x00000000c0000000    0x25618
 *(.text)
 .text          0x00000000c0000000       0x41 D:/Users/Alex/Desktop/Banana/kernel/boot.32
                0x00000000c0000020                callGlobalConstructors
 .text          0x00000000c0000041        0x0 crti.32
 *fill*         0x00000000c0000041        0x3 
 .text          0x00000000c0000044      0x101 /cygdrive/d/Users/Alex/Desktop/Toolchain/Output/bin/../lib/gcc/i386-banana/8.1.0/crtbegin.o
 *fill*         0x00000000c0000145        0xb 
 .text          0x00000000c0000150      0x494 D:/Users/Alex/Desktop/Banana/kernel/morenasm.32
                0x00000000c0000150                prepareTramp
                0x00000000c0000169                voodooXADD
                0x00000000c0000234                doTPAUSE
                0x00000000c000023e                hasLegacyFPU
                0x00000000c0000263                is486
                0x00000000c0000299                detectCPUID
                0x00000000c00002af                goToVM86
                0x00000000c00002e0                goToUsermode
                0x00000000c000030b                switchToThreadASMFirstTime
                0x00000000c0000319                switchToThreadASM
                0x00000000c00003a1                asmQuickAcquireLock
                0x00000000c00003bf                asmQuickReleaseLock
                0x00000000c00003cb                asmAcquireLock
                0x00000000c00003ec                asmReleaseLock
                0x00000000c00003ff                loadGDT
                0x00000000c000041f                isr0
                0x00000000c000042f                isr1
                0x00000000c0000439                isr2
                0x00000000c0000443                isr3
                0x00000000c000044d                isr4
                0x00000000c0000457                isr5
                0x00000000c0000461                isr6
                0x00000000c000046b                isr7
                0x00000000c0000475                isr8
                0x00000000c000047d                isr9
                0x00000000c0000487                isr10
                0x00000000c000048f                isr11
                0x00000000c0000497                isr12
                0x00000000c000049f                isr13
                0x00000000c00004a7                isr14
                0x00000000c00004af                isr15
                0x00000000c00004b9                isr16
                0x00000000c00004c3                isr17
                0x00000000c00004cd                isr18
                0x00000000c00004d7                irq3
                0x00000000c00004e1                irq4
                0x00000000c00004eb                irq5
                0x00000000c00004f5                irq6
                0x00000000c00004ff                irq7
                0x00000000c0000509                irq8
                0x00000000c0000513                irq9
                0x00000000c000051d                irq10
                0x00000000c0000527                irq11
                0x00000000c0000531                irq12
                0x00000000c000053b                irq13
                0x00000000c0000545                irq14
                0x00000000c000054f                irq15
                0x00000000c0000559                irq1
                0x00000000c0000560                irq2
                0x00000000c0000567                isr96
                0x00000000c000056e                irq0
                0x00000000c0000573                syscall_common_stub
                0x00000000c0000573                int_common_stub
                0x00000000c0000594                irq16
                0x00000000c000059e                irq17
                0x00000000c00005a8                irq18
                0x00000000c00005b2                irq19
                0x00000000c00005bc                irq20
                0x00000000c00005c6                irq21
                0x00000000c00005d0                irq22
                0x00000000c00005da                irq23
 .text          0x00000000c00005e4      0x40f acpica/utclib.32
                0x00000000c00005e4                memcmp
                0x00000000c000060f                memmove
                0x00000000c0000647                memcpy
                0x00000000c000067d                memset
                0x00000000c000069a                strlen
                0x00000000c00006aa                strpbrk
                0x00000000c00006cd                strtok
                0x00000000c000071c                strcpy
                0x00000000c000073c                strncpy
                0x00000000c000076d                strcmp
                0x00000000c000078e                strchr
                0x00000000c00007a4                strncmp
                0x00000000c00007d3                strcat
                0x00000000c00007fa                strncat
                0x00000000c0000834                strstr
                0x00000000c0000871                toupper
                0x00000000c0000885                tolower
                0x00000000c0000899                simple_strtoul
 .text          0x00000000c00009f3      0xfbf core/malloc.32
                0x00000000c0000b5e                dlfree
                0x00000000c0000eb9                dlmalloc
                0x00000000c00013f6                dlrealloc
                0x00000000c00015ab                dlmemalign
                0x00000000c00016ce                dlcalloc
                0x00000000c0001768                dlcfree
                0x00000000c000176d                dlindependent_calloc
                0x00000000c0001792                dlindependent_comalloc
                0x00000000c00017a9                dlvalloc
                0x00000000c00017d4                dlpvalloc
                0x00000000c000180a                dlmalloc_trim
                0x00000000c0001817                dlmalloc_usable_size
                0x00000000c0001848                dlmallinfo
                0x00000000c0001917                dlmalloc_stats
                0x00000000c0001928                dlmallopt
 .text          0x00000000c00019b2        0x0 libk/string.32
 .text          0x00000000c00019b2       0x51 fs/fat/diskio.32
                0x00000000c00019b2                disk_status
                0x00000000c00019b5                disk_initialize
                0x00000000c00019b8                disk_read
                0x00000000c00019ce                disk_write
                0x00000000c00019e4                disk_ioctl
 .text          0x00000000c0001a03     0x6833 fs/fat/ff.32
                0x00000000c0004cd1                f_mount
                0x00000000c0004d33                f_open
                0x00000000c000516f                f_read
                0x00000000c00053ef                f_write
                0x00000000c00056a9                f_sync
                0x00000000c0005885                f_close
                0x00000000c00058b4                f_lseek
                0x00000000c0005d6b                f_opendir
                0x00000000c0005e6d                f_closedir
                0x00000000c0005e8f                f_readdir
                0x00000000c0005f2a                f_stat
                0x00000000c0005fb9                f_getfree
                0x00000000c0006184                f_truncate
                0x00000000c000627c                f_unlink
                0x00000000c00063ff                f_mkdir
                0x00000000c000662b                f_rename
                0x00000000c000691e                f_chmod
                0x00000000c00069fc                f_utime
                0x00000000c0006ada                f_getlabel
                0x00000000c0006cc8                f_setlabel
                0x00000000c0006f35                f_forward
                0x00000000c0007113                f_mkfs
 .text          0x00000000c0008236       0x2d fs/fat/ffsystem.32
                0x00000000c0008236                ff_memalloc
                0x00000000c000824c                ff_memfree
 .text          0x00000000c0008263      0x253 fs/fat/ffunicode.32
                0x00000000c0008263                ff_uni2oem
                0x00000000c00082f3                ff_oem2uni
                0x00000000c000835f                ff_wtoupper
 .text          0x00000000c00084b6      0x8fb hal/libresample/samplerate.32
                0x00000000c00084fa                src_delete
                0x00000000c0008536                src_process
                0x00000000c00086ec                src_callback_read
                0x00000000c0008869                src_set_ratio
                0x00000000c00088d3                src_get_channels
                0x00000000c00088f5                src_reset
                0x00000000c0008941                src_new
                0x00000000c00089cf                src_callback_new
                0x00000000c0008a31                src_get_name
                0x00000000c0008a68                src_get_description
                0x00000000c0008a9f                src_get_version
                0x00000000c0008aa5                src_is_valid_ratio
                0x00000000c0008af9                src_error
                0x00000000c0008b07                src_strerror
                0x00000000c0008b1a                src_simple
                0x00000000c0008b6d                src_short_to_float_array
                0x00000000c0008bd2                src_float_to_short_array
                0x00000000c0008c91                src_int_to_float_array
                0x00000000c0008cf4                src_float_to_int_array
 .text          0x00000000c0008db1      0x8cb hal/libresample/src_linear.32
                0x00000000c00095d7                linear_get_name
                0x00000000c00095e6                linear_get_description
                0x00000000c00095f5                linear_set_converter
 .text          0x00000000c000967c     0x447c hal/libresample/src_sinc.32
                0x00000000c000da0f                sinc_get_name
                0x00000000c000da22                sinc_get_description
                0x00000000c000da35                sinc_set_converter
 .text          0x00000000c000daf8      0x77c hal/libresample/src_zoh.32
                0x00000000c000e1cf                zoh_get_name
                0x00000000c000e1de                zoh_get_description
                0x00000000c000e1ed                zoh_set_converter
 .text          0x00000000c000e274       0x23 compat/inlines.32
                0x00000000c000e274                CPU::current()
                0x00000000c000e281                operator new(unsigned long)
 *fill*         0x00000000c000e297        0x1 
 .text          0x00000000c000e298      0xa11 core/computer.32
                0x00000000c000e298                Computer::close(int, int, void*)
                0x00000000c000e2dc                Computer::Computer()
                0x00000000c000e2dc                Computer::Computer()
                0x00000000c000e438                Computer::setBootMessage(char const*)
                0x00000000c000e43a                Computer::start()
                0x00000000c000e516                firstTask()
                0x00000000c000e524                Computer::detectFeatures()
                0x00000000c000e72e                Computer::displayFeatures()
                0x00000000c000ea74                Computer::rdmsr(unsigned int)
                0x00000000c000eaa0                Computer::wrmsr(unsigned int, unsigned long long)
                0x00000000c000ead8                Computer::nmiEnabled()
                0x00000000c000eae4                Computer::readCMOS(unsigned char)
                0x00000000c000eafe                Computer::enableNMI(bool)
                0x00000000c000eb16                Computer::open(int, int, void*)
                0x00000000c000ebec                Computer::disableNMI()
                0x00000000c000ebfa                Computer::writeCMOS(unsigned char, unsigned char)
                0x00000000c000ec18                Computer::handleNMI()
                0x00000000c000ec7e                Computer::setDiskActivityLight(int, bool)
 *fill*         0x00000000c000eca9        0x1 
 .text          0x00000000c000ecaa      0x1b7 core/gdt.32
                0x00000000c000ecaa                GDTEntry::setBase(unsigned int)
                0x00000000c000ecc6                GDTEntry::setLimit(unsigned int)
                0x00000000c000ece4                GDT::GDT()
                0x00000000c000ece4                GDT::GDT()
                0x00000000c000ecfa                GDT::addEntry(GDTEntry)
                0x00000000c000ed36                GDT::getNumberOfEntries()
                0x00000000c000ed3e                GDT::flush()
                0x00000000c000ed60                GDT::setup()
 .text          0x00000000c000ee61       0x62 core/idle.32
                0x00000000c000ee61                idleFunction(void*)
 *fill*         0x00000000c000eec3        0x1 
 .text          0x00000000c000eec4      0x45f core/idt.32
                0x00000000c000eec4                IDTEntry::IDTEntry(bool)
                0x00000000c000eec4                IDTEntry::IDTEntry(bool)
                0x00000000c000ef32                IDTEntry::setOffset(unsigned int)
                0x00000000c000ef46                IDT::IDT()
                0x00000000c000ef46                IDT::IDT()
                0x00000000c000ef48                IDT::getPointerToInvalidOpcodeEntryForF00F()
                0x00000000c000ef50                IDT::addEntry(IDTEntry, int)
                0x00000000c000ef6a                IDT::addEntry(int, void (*)(), bool)
                0x00000000c000efa2                IDT::flush()
                0x00000000c000efbc                IDT::setup()
 .text          0x00000000c000f323      0x203 core/kheap.32
                0x00000000c000f323                sbrk
                0x00000000c000f431                mmap
                0x00000000c000f447                munmap
                0x00000000c000f45d                liballoc_lock()
                0x00000000c000f46e                liballoc_unlock()
                0x00000000c000f47f                liballoc_alloc(int)
                0x00000000c000f49a                liballoc_free(void*, int)
                0x00000000c000f4b8                realloc
                0x00000000c000f4cc                malloc
                0x00000000c000f4dc                free
                0x00000000c000f4ec                rfree
                0x00000000c000f4fc                calloc
 .text          0x00000000c000f526      0x38d core/main.32
                0x00000000c000f526                hwTextMode_loadInData(VgaText*)
                0x00000000c000f56b                hwTextMode_loadInTitle(VgaText*, char*)
                0x00000000c000f5ad                hwTextMode_showCursor(VgaText*, bool)
                0x00000000c000f601                hwTextMode_update(VgaText*)
                0x00000000c000f602                hwTextMode_updateCursor(VgaText*)
                0x00000000c000f64a                hwTextMode_disableBlink(VgaText*, bool)
                0x00000000c000f686                hwTextMode_scrollScreen(VgaText*)
                0x00000000c000f70c                hwTextMode_writeCharacter(VgaText*, char, VgaColour, VgaColour, int, int)
                0x00000000c000f76a                setupTextMode()
                0x00000000c000f7bb                kernel_main
 .text          0x00000000c000f8b3      0x4f3 core/physmgr.32
                0x00000000c000f8b3                Phys::allocateDMA(unsigned long)
                0x00000000c000f956                Phys::freeDMA(unsigned long, unsigned long)
                0x00000000c000f99e                Phys::setPageState(unsigned long, bool)
                0x00000000c000f9d0                Phys::getPageState(unsigned long)
                0x00000000c000f9ec                Phys::freePage(unsigned long)
                0x00000000c000fa76                Phys::allocatePage()
                0x00000000c000fb3e                Phys::allowSegmentToBeUsed(unsigned long, unsigned long)
                0x00000000c000fb76                Phys::physicalMemorySetup(unsigned int)
 .text          0x00000000c000fda6      0x273 core/pipe.32
                0x00000000c000fda6                Pipe::isAtty()
                0x00000000c000fdaa                Pipe::~Pipe()
                0x00000000c000fdaa                Pipe::~Pipe()
                0x00000000c000fdce                Pipe::~Pipe()
                0x00000000c000fdf6                Pipe::read(unsigned long long, void*, int*)
                0x00000000c000feea                Pipe::write(unsigned long long, void*, int*)
                0x00000000c000ffb2                Pipe::Pipe(int)
                0x00000000c000ffb2                Pipe::Pipe(int)
 *fill*         0x00000000c0010019        0x1 
 .text          0x00000000c001001a      0xf65 core/terminal.32
                0x00000000c001001a                VgaText::isAtty()
                0x00000000c001001e                VgaText::~VgaText()
                0x00000000c001001e                VgaText::~VgaText()
                0x00000000c0010042                VgaText::~VgaText()
                0x00000000c001006c                VgaText::read(unsigned long long, void*, int*)
                0x00000000c001008c                setTerminalScrollLock(bool)
                0x00000000c001008d                addToTerminalCycle(VgaText*)
                0x00000000c00100ba                installVgaTextImplementation()
                0x00000000c00100cf                scrollTerminalScrollLock(int)
                0x00000000c00100d0                VgaText::load()
                0x00000000c0010124                VgaText::updateCursor()
                0x00000000c001013e                VgaText::showCursor(bool)
                0x00000000c001014e                VgaText::disableBlink(bool)
                0x00000000c0010188                VgaText::doANSI_SGR(int)
                0x00000000c0010214                VgaText::setDefaultBgColour(VgaColour)
                0x00000000c001022a                VgaText::setDefaultFgColour(VgaColour)
                0x00000000c0010240                VgaText::setDefaultColours(VgaColour, VgaColour)
                0x00000000c0010260                VgaText::combineColours(unsigned char, unsigned char)
                0x00000000c0010272                VgaText::scrollScreen()
                0x00000000c0010306                VgaText::combineCharAndColour(char, unsigned char)
                0x00000000c0010318                VgaText::writeCharacter(char, VgaColour, VgaColour, int, int)
                0x00000000c0010378                VgaText::getCursorX()
                0x00000000c0010384                VgaText::getCursorY()
                0x00000000c0010390                VgaText::setCursor(int, int)
                0x00000000c00103ae                VgaText::setCursorX(int)
                0x00000000c00103ca                VgaText::setCursorY(int)
                0x00000000c00103e6                VgaText::incrementCursor(bool)
                0x00000000c001044e                VgaText::updateRAMUsageDisplay(int)
                0x00000000c00104a8                VgaText::updateDiskUsage()
                0x00000000c001060e                VgaText::updateTitle()
                0x00000000c0010654                VgaText::setTitleTextColour(VgaColour)
                0x00000000c0010664                VgaText::setTitleColour(VgaColour)
                0x00000000c0010674                VgaText::setTitle(char*)
                0x00000000c001069a                VgaText::decrementCursor(bool)
                0x00000000c00106c2                VgaText::putchar(char, VgaColour, VgaColour)
                0x00000000c00107be                VgaText::isShowingCursor()
                0x00000000c00107ca                VgaText::isBlinkDisabled()
                0x00000000c00107d8                VgaText::setCursorHeight(int)
                0x00000000c00107f6                VgaText::getCursorHeight()
                0x00000000c0010801                setActiveTerminal(VgaText*)
                0x00000000c00108b3                doTerminalCycle()
                0x00000000c00108d0                VgaText::doUpdate()
                0x00000000c00108e2                VgaText::puts(char const*, VgaColour, VgaColour)
                0x00000000c0010aa2                VgaText::clearScreen()
                0x00000000c0010b06                VgaText::putchar(char)
                0x00000000c0010c20                VgaText::puts(char const*)
                0x00000000c0010c46                VgaText::putx(unsigned int)
                0x00000000c0010c8c                VgaText::VgaText(char const*)
                0x00000000c0010c8c                VgaText::VgaText(char const*)
                0x00000000c0010e1e                VgaText::receiveKey(unsigned char)
                0x00000000c0010f06                VgaText::write(unsigned long long, void*, int*)
                0x00000000c0010f5a                newTerminal(char*)
 *fill*         0x00000000c0010f7f        0x1 
 .text          0x00000000c0010f80      0x1b3 core/tss.32
                0x00000000c0010f80                TSS::TSS()
                0x00000000c0010f80                TSS::TSS()
                0x00000000c0010f8e                TSS::setESP(unsigned long)
                0x00000000c0010fa0                TSS::flush()
                0x00000000c0010fc0                TSS::setup(unsigned long, unsigned long)
 *fill*         0x00000000c0011133        0x1 
 .text          0x00000000c0011134      0x4c2 core/unixfile.32
                0x00000000c0011134                ReservedFilename::read(unsigned long long, void*, int*)
                0x00000000c001118a                ReservedFilename::isAtty()
                0x00000000c00111a6                ReservedFilename::write(unsigned long long, void*, int*)
                0x00000000c0011204                UnixFile::getFileDescriptor()
                0x00000000c001120c                UnixFile::UnixFile(int)
                0x00000000c001120c                UnixFile::UnixFile(int)
                0x00000000c00113bc                ReservedFilename::ReservedFilename(int)
                0x00000000c00113bc                ReservedFilename::ReservedFilename(int)
                0x00000000c00113ee                UnixFile::~UnixFile()
                0x00000000c00113ee                UnixFile::~UnixFile()
                0x00000000c0011486                UnixFile::~UnixFile()
                0x00000000c00114ae                ReservedFilename::~ReservedFilename()
                0x00000000c00114ae                ReservedFilename::~ReservedFilename()
                0x00000000c00114d2                ReservedFilename::~ReservedFilename()
                0x00000000c00114f9                getFromFileDescriptor(int)
 .text          0x00000000c00115f6      0xee3 core/virtmgr.32
                0x00000000c00115f6                Virt::setPageState(unsigned long, Virt::VirtPageState)
                0x00000000c001162b                Virt::getPageState(unsigned long)
                0x00000000c001164f                Virt::allocateKernelVirtualPages(int)
                0x00000000c0011760                Virt::virtualMemorySetup()
                0x00000000c00117df                Virt::getAKernelVAS()
                0x00000000c00117e5                Virt::setupPageSwapping(int)
                0x00000000c0011914                VAS::VAS()
                0x00000000c0011914                VAS::VAS()
                0x00000000c0011944                VAS::VAS(VAS*)
                0x00000000c0011944                VAS::VAS(VAS*)
                0x00000000c0011968                VAS::getForeignPageTableEntry(bool, unsigned long)
                0x00000000c0011994                VAS::getPageTableEntry(unsigned long)
                0x00000000c00119b3                Virt::freeKernelVirtualPages(unsigned long)
                0x00000000c0011ad6                VAS::freeAllocatedPages(unsigned long)
                0x00000000c0011afa                VAS::virtualToPhysical(unsigned long)
                0x00000000c0011b12                VAS::reflagRange(unsigned long, int, int, int)
                0x00000000c0011b52                VAS::setToWriteCombining(unsigned long, int)
                0x00000000c0011b84                VAS::mapOtherVASIn(bool, VAS*)
                0x00000000c0011bae                VAS::~VAS()
                0x00000000c0011bae                VAS::~VAS()
                0x00000000c0011d1a                VAS::mapPage(unsigned long, unsigned long, int)
                0x00000000c0011e1a                VAS::allocatePages(int, int)
                0x00000000c0011ff2                VAS::setCPUSpecific(unsigned long)
                0x00000000c001200e                VAS::mapRange(unsigned long, unsigned long, int, int)
                0x00000000c00120d4                VAS::mapForeignPage(bool, VAS*, unsigned long, unsigned long, int)
                0x00000000c00121c2                VAS::VAS(bool)
                0x00000000c00121c2                VAS::VAS(bool)
                0x00000000c001241d                mapVASFirstTime
 .text          0x00000000c00124d9       0x95 coreobjs/c++.32
                0x00000000c00124d9                __cxa_atexit
                0x00000000c00124dc                __cxa_finalize
                0x00000000c00124dd                __stack_chk_fail
                0x00000000c0012549                __cxa_pure_virtual
                0x00000000c001255a                operator new[](unsigned long)
                0x00000000c001255f                operator delete(void*, unsigned long)
                0x00000000c0012564                operator delete[](void*)
                0x00000000c0012569                operator delete[](void*, unsigned long)
 .text          0x00000000c001256e      0x1ef dbg/kconsole.32
                0x00000000c001256e                Dbg::stringifyxWithBase(unsigned int, char*, int)
                0x00000000c00125cf                Dbg::logc(char)
                0x00000000c00125e6                Dbg::logs(char*)
                0x00000000c0012603                Dbg::logWriteInt(unsigned int)
                0x00000000c0012620                Dbg::logWriteIntBase(unsigned int, int)
                0x00000000c001263f                Dbg::kprintf(char const*, ...)
 *fill*         0x00000000c001275d        0x1 
 .text          0x00000000c001275e      0xb7c fs/vfs.32
                0x00000000c001275e                File::read(unsigned long long, void*, int*)
                0x00000000c00127b6                File::write(unsigned long long, void*, int*)
                0x00000000c001280e                Directory::read(unsigned long long, void*, int*)
                0x00000000c0012866                Directory::write(unsigned long long, void*, int*)
                0x00000000c0012894                File::isAtty()
                0x00000000c0012898                Directory::isAtty()
                0x00000000c001289c                Filesystem::getlabel(LogicalDisk*, int, char*, unsigned int*)
                0x00000000c00128a2                Filesystem::setlabel(LogicalDisk*, int, char*)
                0x00000000c00128a8                File::~File()
                0x00000000c00128a8                File::~File()
                0x00000000c00128cc                File::~File()
                0x00000000c00128f6                Directory::~Directory()
                0x00000000c00128f6                Directory::~Directory()
                0x00000000c001291a                Directory::~Directory()
                0x00000000c0012944                Filesystem::Filesystem()
                0x00000000c0012944                Filesystem::Filesystem()
                0x00000000c0012968                Filesystem::~Filesystem()
                0x00000000c0012968                Filesystem::~Filesystem()
                0x00000000c0012976                Filesystem::~Filesystem()
                0x00000000c001299a                initVFS()
                0x00000000c00129c4                standardiseFiles(char*, char const*, char const*)
                0x00000000c0012b6e                File::File(char const*, Process*)
                0x00000000c0012b6e                File::File(char const*, Process*)
                0x00000000c0012bd2                File::open(FileOpenMode)
                0x00000000c0012c30                File::close()
                0x00000000c0012c90                File::seek(unsigned long long)
                0x00000000c0012ce6                File::tell(unsigned long long*)
                0x00000000c0012d36                File::rewind()
                0x00000000c0012d4a                File::unlink()
                0x00000000c0012d96                File::rename(char const*)
                0x00000000c0012de4                File::chfatattr(unsigned char, unsigned char)
                0x00000000c0012e40                File::exists()
                0x00000000c0012e7e                File::stat(unsigned long long*, bool*)
                0x00000000c0012edf                getcwd(Process*, char*, int)
                0x00000000c0012f09                setcwd(Process*, char*)
                0x00000000c0013044                Directory::Directory(char const*, Process*)
                0x00000000c0013044                Directory::Directory(char const*, Process*)
                0x00000000c00130a8                Directory::open()
                0x00000000c0013104                Directory::close()
                0x00000000c0013164                Directory::unlink()
                0x00000000c00131b0                Directory::rename(char const*)
                0x00000000c00131fe                Directory::exists()
                0x00000000c001323c                Directory::read(dirent*)
                0x00000000c0013288                Directory::create()
                0x00000000c00132d4                Filesystem::chfatattr(char const*, unsigned char, unsigned char)
 .text          0x00000000c00132da       0x84 hal/bus.32
                0x00000000c00132da                Bus::Bus(char const*)
                0x00000000c00132da                Bus::Bus(char const*)
                0x00000000c0013310                Bus::~Bus()
                0x00000000c0013310                Bus::~Bus()
                0x00000000c0013334                Bus::~Bus()
 .text          0x00000000c001335e      0x14e hal/buzzer.32
                0x00000000c001335e                Buzzer::Buzzer(char const*)
                0x00000000c001335e                Buzzer::Buzzer(char const*)
                0x00000000c00133a2                Buzzer::~Buzzer()
                0x00000000c00133a2                Buzzer::~Buzzer()
                0x00000000c00133c6                Buzzer::~Buzzer()
                0x00000000c00133f0                Buzzer::stop()
                0x00000000c0013403                beepThread(void*)
                0x00000000c001343e                Buzzer::beep(int, int, bool)
 .text          0x00000000c00134ac      0x42f hal/clock.32
                0x00000000c00134ac                loadClockSettings()
                0x00000000c00134c6                Clock::Clock(char const*)
                0x00000000c00134c6                Clock::Clock(char const*)
                0x00000000c00134fc                Clock::~Clock()
                0x00000000c00134fc                Clock::~Clock()
                0x00000000c0013520                Clock::~Clock()
                0x00000000c001354a                Clock::timeInSecondsLocal()
                0x00000000c0013592                Clock::setTimeInSecondsLocal(unsigned long long)
                0x00000000c00135eb                datetimeToSeconds(datetime_t)
                0x00000000c0013712                Clock::setTimeInDatetimeLocal(datetime_t)
                0x00000000c0013772                secondsToDatetime(unsigned long long)
                0x00000000c00138b6                Clock::timeInDatetimeLocal()
 *fill*         0x00000000c00138db        0x1 
 .text          0x00000000c00138dc      0x4de hal/device.32
                0x00000000c00138dc                Device::hibernate()
                0x00000000c00138de                Device::wake()
                0x00000000c00138e0                Device::detect()
                0x00000000c00138e2                Device::disableLegacy()
                0x00000000c00138e4                Device::powerSaving(PowerSavingLevel)
                0x00000000c00138e6                DriverlessDevice::close(int, int, void*)
                0x00000000c00138ea                DriverlessDevice::detect()
                0x00000000c00138ec                DriverlessDevice::open(int, int, void*)
                0x00000000c0013900                Device::~Device()
                0x00000000c0013900                Device::~Device()
                0x00000000c001390e                Device::~Device()
                0x00000000c0013936                Device::findAndLoadDriver()
                0x00000000c0013938                Device::preOpenPCI(PCIDeviceInfo)
                0x00000000c001395e                Device::preOpenACPI(void*, char*, char*)
                0x00000000c00139b2                Device::addIRQHandler(int, void (*)(regs*, void*), bool, void*)
                0x00000000c00139f0                Device::removeIRQHandler(int, void (*)(regs*, void*), bool)
                0x00000000c0013a2e                Device::addChild(Device*)
                0x00000000c0013a72                Device::removeAllChildren()
                0x00000000c0013ab8                Device::hibernateAll()
                0x00000000c0013ae8                Device::wakeAll()
                0x00000000c0013b18                Device::detectAll()
                0x00000000c0013b48                Device::disableLegacyAll()
                0x00000000c0013b78                Device::loadDriversForAll()
                0x00000000c0013ba4                Device::closeAll()
                0x00000000c0013bda                Device::powerSavingAll(PowerSavingLevel)
                0x00000000c0013c10                Device::setName(char const*)
                0x00000000c0013c1e                Device::Device(char const*)
                0x00000000c0013c1e                Device::Device(char const*)
                0x00000000c0013d1a                Device::getName()
                0x00000000c0013d24                DriverlessDevice::DriverlessDevice(char const*)
                0x00000000c0013d24                DriverlessDevice::DriverlessDevice(char const*)
                0x00000000c0013d4c                Device::addToLinkedList(LinkedList<Device>&, DeviceType)
                0x00000000c0013d90                getDevicesOfType(DeviceType)
 .text          0x00000000c0013dba       0x84 hal/diskctrl.32
                0x00000000c0013dba                HardDiskController::HardDiskController(char const*)
                0x00000000c0013dba                HardDiskController::HardDiskController(char const*)
                0x00000000c0013df0                HardDiskController::~HardDiskController()
                0x00000000c0013df0                HardDiskController::~HardDiskController()
                0x00000000c0013e14                HardDiskController::~HardDiskController()
 .text          0x00000000c0013e3e       0xde hal/diskphys.32
                0x00000000c0013e3e                PhysicalDisk::PhysicalDisk(char const*, int)
                0x00000000c0013e3e                PhysicalDisk::PhysicalDisk(char const*, int)
                0x00000000c0013ea6                PhysicalDisk::startCache()
                0x00000000c0013ece                PhysicalDisk::~PhysicalDisk()
                0x00000000c0013ece                PhysicalDisk::~PhysicalDisk()
                0x00000000c0013ef2                PhysicalDisk::~PhysicalDisk()
 .text          0x00000000c0013f1c      0x13b hal/fpu.32
                0x00000000c0013f1c                FPU::FPU(char const*)
                0x00000000c0013f1c                FPU::FPU(char const*)
                0x00000000c0013f52                FPU::~FPU()
                0x00000000c0013f52                FPU::~FPU()
                0x00000000c0013f76                FPU::~FPU()
                0x00000000c0013fa0                setupFPU()
 *fill*         0x00000000c0014057        0x1 
 .text          0x00000000c0014058     0x12b1 hal/intctrl.32
                0x00000000c0014058                InterruptController::uninstallISRHandler(int, void (*)(regs*, void*))
                0x00000000c0014090                InterruptController::installISRHandler(int, void (*)(regs*, void*), void*)
                0x00000000c00140e2                doubleFault(regs*, void*)
                0x00000000c00140fc                InterruptController::installIRQHandler(int, void (*)(regs*, void*), bool, void*)
                0x00000000c0014198                InterruptController::clearAllHandlers(int, bool)
                0x00000000c0014240                InterruptController::uninstallIRQHandler(int, void (*)(regs*, void*), bool)
                0x00000000c00142c7                nmiHandler(regs*, void*)
                0x00000000c00142d5                int_handler
                0x00000000c0014376                InterruptController::InterruptController(char const*)
                0x00000000c0014376                InterruptController::InterruptController(char const*)
                0x00000000c001441c                InterruptController::~InterruptController()
                0x00000000c001441c                InterruptController::~InterruptController()
                0x00000000c0014440                InterruptController::~InterruptController()
                0x00000000c001446a                displayDebugInfo(regs*)
                0x00000000c001486f                x87EmulHandler(regs*, void*)
                0x00000000c001489e                gpFault(regs*, void*)
                0x00000000c00148d7                pgFault(regs*, void*)
                0x00000000c00148ee                otherISRHandler(regs*, void*)
                0x00000000c001490d                opcodeFault(regs*, void*)
                0x00000000c0014ecc                displayProgramFault(char const*)
                0x00000000c0014ef4                setupInterruptController()
                0x00000000c00152bc                InterruptController::convertLegacyIRQNumber(int)
 *fill*         0x00000000c0015309        0x1 
 .text          0x00000000c001530a      0x620 hal/keybrd.32
                0x00000000c001530a                startGUI(void*)
                0x00000000c001537c                sendKeyToTerminal(unsigned char)
                0x00000000c00153e8                sendKeyboardToken(KeyboardToken)
                0x00000000c00157c3                clearInternalKeybuffer(VgaText*)
                0x00000000c00157f8                readKeyboard(VgaText*, char*, unsigned long)
                0x00000000c00158a0                Keyboard::Keyboard(char const*)
                0x00000000c00158a0                Keyboard::Keyboard(char const*)
                0x00000000c00158dc                Keyboard::~Keyboard()
                0x00000000c00158dc                Keyboard::~Keyboard()
                0x00000000c0015900                Keyboard::~Keyboard()
 .text          0x00000000c001592a      0x400 hal/logidisk.32
                0x00000000c001592a                LogicalDisk::close(int, int, void*)
                0x00000000c001592e                LogicalDisk::~LogicalDisk()
                0x00000000c001592e                LogicalDisk::~LogicalDisk()
                0x00000000c0015952                LogicalDisk::~LogicalDisk()
                0x00000000c001597c                LogicalDisk::open(int, int, void*)
                0x00000000c0015990                LogicalDisk::absoluteToRelative(unsigned long long)
                0x00000000c00159c8                LogicalDisk::relativeToAbsolute(unsigned long long)
                0x00000000c0015a0e                LogicalDisk::LogicalDisk(char const*, PhysicalDisk*, unsigned long long, unsigned long long)
                0x00000000c0015a0e                LogicalDisk::LogicalDisk(char const*, PhysicalDisk*, unsigned long long, unsigned long long)
                0x00000000c0015ac4                LogicalDisk::assignDriveLetter()
                0x00000000c0015b7a                LogicalDisk::mount()
                0x00000000c0015bec                LogicalDisk::unmount()
                0x00000000c0015bfc                LogicalDisk::unassignDriveLetter()
                0x00000000c0015c52                LogicalDisk::read(unsigned long long, int, void*)
                0x00000000c0015cbe                LogicalDisk::write(unsigned long long, int, void*)
 .text          0x00000000c0015d2a       0x84 hal/mouse.32
                0x00000000c0015d2a                Mouse::Mouse(char const*)
                0x00000000c0015d2a                Mouse::Mouse(char const*)
                0x00000000c0015d60                Mouse::~Mouse()
                0x00000000c0015d60                Mouse::~Mouse()
                0x00000000c0015d84                Mouse::~Mouse()
 .text          0x00000000c0015dae      0x339 hal/partition.32
                0x00000000c0015dae                makePartition(PhysicalDisk*, unsigned long long, unsigned long long)
                0x00000000c0015e56                createPartitionsForDisk(PhysicalDisk*)
 *fill*         0x00000000c00160e7        0x1 
 .text          0x00000000c00160e8      0x2b8 hal/timer.32
                0x00000000c00160e8                Timer::Timer(char const*)
                0x00000000c00160e8                Timer::Timer(char const*)
                0x00000000c001611e                Timer::~Timer()
                0x00000000c001611e                Timer::~Timer()
                0x00000000c0016142                Timer::~Timer()
                0x00000000c001616c                Timer::read()
                0x00000000c0016177                timerHandler(unsigned long long)
                0x00000000c00162ae                setupTimer(int)
 .text          0x00000000c00163a0      0x2db hal/vcache.32
                0x00000000c00163a0                VCache::VCache(PhysicalDisk*)
                0x00000000c00163a0                VCache::VCache(PhysicalDisk*)
                0x00000000c001649a                VCache::writeWriteBuffer()
                0x00000000c00164d6                VCache::~VCache()
                0x00000000c00164d6                VCache::~VCache()
                0x00000000c0016516                VCache::~VCache()
                0x00000000c001653e                VCache::write(unsigned long long, int, void*)
                0x00000000c0016622                VCache::read(unsigned long long, int, void*)
 *fill*         0x00000000c001667b        0x1 
 .text          0x00000000c001667c      0x26d hal/video.32
                0x00000000c001667c                Video::putrect(int, int, int, int, unsigned int)
                0x00000000c00166c6                Video::blit(unsigned int*, int, int, int, int)
                0x00000000c0016744                Video::clearScreen(unsigned int)
                0x00000000c0016778                Video::putpixel(int, int, unsigned int)
                0x00000000c0016786                Video::Video(char const*)
                0x00000000c0016786                Video::Video(char const*)
                0x00000000c00167bc                Video::~Video()
                0x00000000c00167bc                Video::~Video()
                0x00000000c00167e0                Video::~Video()
                0x00000000c001680a                Video::isMonochrome()
                0x00000000c0016816                Video::getWidth()
                0x00000000c0016822                Video::getHeight()
                0x00000000c001682e                Video::drawCursor(int, int, unsigned char*, int)
 *fill*         0x00000000c00168e9        0x1 
 .text          0x00000000c00168ea      0xe04 hw/acpi.32
                0x00000000c00168ea                ACPI::close(int, int, void*)
                0x00000000c001699f                findRSDP()
                0x00000000c0016a29                loadACPITables(unsigned char*)
                0x00000000c0016c50                findRSDT(unsigned char*)
                0x00000000c0016d6e                findDataTable(unsigned char*, char*)
                0x00000000c0016e0a                scanMADT()
                0x00000000c0017290                ACPI::ACPI()
                0x00000000c0017290                ACPI::ACPI()
                0x00000000c00172f0                ACPI::getPCIIRQAssignment(unsigned char, unsigned short, unsigned char)
                0x00000000c00173d2                ACPI::registerPCIIRQAssignment(void*, unsigned short, unsigned char, unsigned char)
                0x00000000c00174d8                ACPI::setScreenBrightnessLevel(void*, int)
                0x00000000c00174de                ACPI::writeSimpleBootFlag(SimpleBootFlagTable*)
                0x00000000c0017526                ACPI::open(int, int, void*)
                0x00000000c00176d6                ACPI::sleep()
 .text          0x00000000c00176ee     0x1715 hw/cpu.32
                0x00000000c00176ee                CPU::close(int, int, void*)
                0x00000000c00176f2                CPU::lookupAMDName(unsigned char, unsigned char)
                0x00000000c0017886                CPU::lookupIntelName(unsigned char, unsigned char)
                0x00000000c0017b34                CPU::AMD_K6_write_msr(unsigned int, unsigned int, unsigned int, CPU::REGS*)
                0x00000000c0017b50                CPU::AMD_K6_read_msr(unsigned int, CPU::REGS*)
                0x00000000c0017b68                CPU::AMD_K6_writeback(int, int, int)
                0x00000000c0017bdc                CPU::cpuid(int, unsigned long*, unsigned long*, unsigned long*, unsigned long*)
                0x00000000c0017c60                CPU::cpuidCheckEDX(unsigned int)
                0x00000000c0017c8e                CPU::cpuidCheckECX(unsigned int)
                0x00000000c0017cbc                CPU::cpuidCheckExtendedEBX(unsigned int)
                0x00000000c0017cea                CPU::cpuidCheckExtendedECX(unsigned int)
                0x00000000c0017d18                CPU::CPU()
                0x00000000c0017d18                CPU::CPU()
                0x00000000c0017da6                CPU::displayFeatures()
                0x00000000c0018022                CPU::detectFeatures()
                0x00000000c0018a12                CPU::setupSMEP()
                0x00000000c0018a1e                CPU::setupUMIP()
                0x00000000c0018a28                CPU::setupTSC()
                0x00000000c0018a32                CPU::setupLargePages()
                0x00000000c0018a3c                CPU::setupPAT()
                0x00000000c0018a78                CPU::setupMTRR()
                0x00000000c0018a7a                CPU::setupGlobalPages()
                0x00000000c0018a84                CPU::allowUsermodeDataAccess()
                0x00000000c0018a96                CPU::prohibitUsermodeDataAccess()
                0x00000000c0018aa8                CPU::setupSMAP()
                0x00000000c0018ab6                CPU::setupFeatures()
                0x00000000c0018b36                CPU::open(int, int, void*)
                0x00000000c0018c08                CPU::decodeAddress(regs*, int*, bool*, unsigned char*)
 .text          0x00000000c0018e03        0x0 hw/ports.32
 .text          0x00000000c0018e03      0x32c krnl/panic.32
                0x00000000c0018e03                Krnl::panic(char const*)
 .text          0x00000000c001912f      0x4f9 reg/registry.32
                0x00000000c001912f                Reg::findLineFromLoadedData(char*, char*, char*)
                0x00000000c0019287                Reg::getLineFromRegistry(char*, char*, char*, char*)
                0x00000000c00193dc                Reg::getLine(char*, char*, char*)
                0x00000000c0019413                Reg::readInt(char*, char*, int*)
                0x00000000c00194fe                Reg::readString(char*, char*, char*, int)
                0x00000000c001957f                Reg::readBool(char*, char*, bool*)
                0x00000000c00195a4                Reg::readBoolWithDefault(char*, char*, bool)
                0x00000000c00195d0                Reg::readIntWithDefault(char*, char*, int)
                0x00000000c00195fc                Reg::readStringWithDefault(char*, char*, char*, int, char*)
 .text          0x00000000c0019628       0x18 sys/sc_exit.32
                0x00000000c0019628                Sys::exit(regs*)
 .text          0x00000000c0019640       0xa8 sys/sc_loaddll.32
                0x00000000c0019640                Sys::loadDLL(regs*)
 .text          0x00000000c00196e8       0x68 sys/sc_read.32
                0x00000000c00196e8                Sys::read(regs*)
 .text          0x00000000c0019750       0x55 sys/sc_sbrk.32
                0x00000000c0019750                Sys::sbrk(regs*)
 .text          0x00000000c00197a5       0x68 sys/sc_write.32
                0x00000000c00197a5                Sys::write(regs*)
 .text          0x00000000c001980d       0x1a sys/sc_yield.32
                0x00000000c001980d                Sys::yield(regs*)
 .text          0x00000000c0019827      0xff6 sys/syscalls.32
                0x00000000c0019827                sysCallGetPID(regs*)
                0x00000000c0019833                sysCallSeekDir(regs*)
                0x00000000c0019838                sysCallTellDir(regs*)
                0x00000000c001983d                sysCallVerify(regs*)
                0x00000000c0019847                sysCallGetArgc(regs*)
                0x00000000c0019857                sysFormatDisk(regs*)
                0x00000000c00198c1                sysSetDiskVolumeLabel(regs*)
                0x00000000c0019907                sysGetDiskVolumeLabel(regs*)
                0x00000000c0019958                sysShutdown(regs*)
                0x00000000c00199b6                sysCallGetCwd(regs*)
                0x00000000c00199d5                sysCallSetCwd(regs*)
                0x00000000c00199f1                sysCallRealpath(regs*)
                0x00000000c0019a34                sysCallReadDir(regs*)
                0x00000000c0019ac2                sysCallIsATTY(regs*)
                0x00000000c0019b1c                sysCallSeek(regs*)
                0x00000000c0019b85                sysCallTell(regs*)
                0x00000000c0019c02                sysCallSize(regs*)
                0x00000000c0019c85                sysCallSizeFromFilename(regs*)
                0x00000000c0019d45                sysCallClose(regs*)
                0x00000000c0019dcd                sysCallOpenDir(regs*)
                0x00000000c0019e42                sysCallCloseDir(regs*)
                0x00000000c0019ea8                sysCallMakeDir(regs*)
                0x00000000c0019f18                sysCallWait(regs*)
                0x00000000c0019f32                sysCallNotImpl(regs*)
                0x00000000c0019f4d                sysPanic(regs*)
                0x00000000c0019f73                sysCallRmdir(regs*)
                0x00000000c0019fd7                sysCallUnlink(regs*)
                0x00000000c001a03b                sysCallGetArgv(regs*)
                0x00000000c001a087                sysCallTTYName(regs*)
                0x00000000c001a10a                sysCallGetEnv(regs*)
                0x00000000c001a15c                sysCallUSleep(regs*)
                0x00000000c001a183                sysCallSpawn(regs*)
                0x00000000c001a1db                sysAppSettings(regs*)
                0x00000000c001a2fa                sysSetFatAttrib(regs*)
                0x00000000c001a36c                sysPipe(regs*)
                0x00000000c001a3b1                sysGetUnixTime(regs*)
                0x00000000c001a3c5                string_ends_with(char const*, char const*)
                0x00000000c001a40d                sysCallOpen(regs*)
                0x00000000c001a622                setupSystemCalls()
                0x00000000c001a7db                systemCall(regs*, void*)
 .text          0x00000000c001a81d     0x11ee thr/elf.32
                0x00000000c001a81d                Thr::allocateMemoryForTask(Process*, File*, unsigned long, unsigned long, unsigned long)
                0x00000000c001aa9a                Thr::loadProgramIntoMemory(Process*, char const*)
                0x00000000c001acb0                Thr::runtimeReferenceHelper()
                0x00000000c001acc3                Thr::getAddressOfKernelSymbol(char const*)
                0x00000000c001ad12                Thr::loadKernelSymbolTable(char const*)
                0x00000000c001afce                Thr::loadDriverIntoMemory(char const*, unsigned long, bool)
                0x00000000c001b74f                Thr::getDriverBaseFromAddress(unsigned long)
                0x00000000c001b781                Thr::getDriverNameFromAddress(unsigned long)
                0x00000000c001b7b8                Thr::getDriverOffsetFromAddress(unsigned long)
                0x00000000c001b7d2                Thr::loadDLL(char const*, bool)
                0x00000000c001b9e1                Thr::executeDLL(unsigned long, void*)
 *fill*         0x00000000c001ba0b        0x1 
 .text          0x00000000c001ba0c      0xff8 thr/prcssthr.32
                0x00000000c001ba0c                changeTSS
                0x00000000c001ba3c                Process::addArgs(char**)
                0x00000000c001ba96                Process::Process(char const*, Process*, char**)
                0x00000000c001ba96                Process::Process(char const*, Process*, char**)
                0x00000000c001bc5e                Process::Process(bool, char const*, Process*, char**)
                0x00000000c001bc5e                Process::Process(bool, char const*, Process*, char**)
                0x00000000c001bdf2                disableIRQs()
                0x00000000c001bdfa                getIRQNestingLevel()
                0x00000000c001be00                enableIRQs()
                0x00000000c001be0f                lockScheduler()
                0x00000000c001be11                unlockScheduler()
                0x00000000c001be13                userModeEntryPoint(void*)
                0x00000000c001be36                lockStuff()
                0x00000000c001be42                taskStartupFunction
                0x00000000c001be4b                updateTimeUsed()
                0x00000000c001beb0                switchToThread(ThreadControlBlock*)
                0x00000000c001bf00                Semaphore::Semaphore(int)
                0x00000000c001bf00                Semaphore::Semaphore(int)
                0x00000000c001bf2e                Mutex::Mutex()
                0x00000000c001bf2e                Mutex::Mutex()
                0x00000000c001bf40                Process::createThread(void (*)(void*), void*, int)
                0x00000000c001c024                Process::createUserThread()
                0x00000000c001c040                setupMultitasking(void (*)())
                0x00000000c001c14a                schedule()
                0x00000000c001c1cf                unlockStuff()
                0x00000000c001c204                Semaphore::tryAcquire()
                0x00000000c001c232                Semaphore::assertLocked(char const*)
                0x00000000c001c262                blockTaskWithSchedulerLockAlreadyHeld(TaskState)
                0x00000000c001c2a4                blockTask(TaskState)
                0x00000000c001c2c5                waitTask(int, int*, int)
                0x00000000c001c307                nanoSleepUntil(unsigned long long)
                0x00000000c001c35e                nanoSleep(unsigned long long)
                0x00000000c001c373                sleep(unsigned long long)
                0x00000000c001c390                Semaphore::acquire()
                0x00000000c001c3f8                taskReturned
                0x00000000c001c426                unblockTask(ThreadControlBlock*)
                0x00000000c001c4d5                cleanupTerminatedTask(ThreadControlBlock*)
                0x00000000c001c779                cleanerTaskFunction(void*)
                0x00000000c001c82c                terminateTask(int)
                0x00000000c001c90c                Thr::terminateFromIRQ(int)
                0x00000000c001c918                Semaphore::release()
 .text          0x00000000c001ca04      0x8ce vm86/vm8086.32
                0x00000000c001ca04                Vm::vm8086EntryPoint(void*)
                0x00000000c001ca2f                Vm::inbv(unsigned short)
                0x00000000c001ca35                Vm::outbv(unsigned short, unsigned char)
                0x00000000c001ca3f                Vm::realToLinear(unsigned short, unsigned short)
                0x00000000c001ca4f                Vm::getSegment(unsigned int)
                0x00000000c001ca57                Vm::getOffset(unsigned int)
                0x00000000c001ca5c                Vm::loadFileAsThread(Process*, char const*, unsigned short, unsigned short, unsigned short, unsigned short)
                0x00000000c001cb9a                Vm::doISR(regs*, int, unsigned char*, unsigned short, unsigned short)
                0x00000000c001cc24                Vm::readByteFromReal(unsigned short, unsigned short)
                0x00000000c001cc35                Vm::readWordFromReal(unsigned short, unsigned short)
                0x00000000c001cc47                Vm::readDwordFromReal(unsigned short, unsigned short)
                0x00000000c001cc58                Vm::writeByteFromReal(unsigned short, unsigned short, unsigned char)
                0x00000000c001cc6d                Vm::writeWordFromReal(unsigned short, unsigned short, unsigned short)
                0x00000000c001cc83                Vm::writeDwordFromReal(unsigned short, unsigned short, unsigned int)
                0x00000000c001cc98                Vm::faultHandler(regs*)
 .text          0x00000000c001d2d2      0xefd vm86/x87em.32
                0x00000000c001d2d2                Vm::fpuInternalTo32(unsigned long long)
                0x00000000c001d32d                Vm::fpuInternalTo64(unsigned long long)
                0x00000000c001d336                Vm::fpu32ToInternal(unsigned int)
                0x00000000c001d37b                Vm::fpu64ToInternal(unsigned long long)
                0x00000000c001d384                Vm::fpuFloatToLong(unsigned long long)
                0x00000000c001d3df                Vm::fpuULongToFloat(unsigned long long)
                0x00000000c001d415                Vm::fpuLongToFloat(long long)
                0x00000000c001d46b                Vm::fpuGet0()
                0x00000000c001d470                Vm::fpuGet1()
                0x00000000c001d478                Vm::fpuGetPi()
                0x00000000c001d480                Vm::fpuGetLog2E()
                0x00000000c001d498                Vm::fpuGetLogE2()
                0x00000000c001d4b0                Vm::fpuGetLog210()
                0x00000000c001d4c8                Vm::fpuGetLog102()
                0x00000000c001d4e0                Vm::fpuIsSecondLarger(unsigned long long, unsigned long long)
                0x00000000c001d4f4                Vm::fpuAreEqual(unsigned long long, unsigned long long)
                0x00000000c001d50a                Vm::fpuUnorderedCompare(unsigned long long, unsigned long long)
                0x00000000c001d55d                Vm::fpuAdd(unsigned long long, unsigned long long)
                0x00000000c001d56e                Vm::fpuAbs(unsigned long long)
                0x00000000c001d577                Vm::fpuChs(unsigned long long)
                0x00000000c001d587                Vm::fpuSub(unsigned long long, unsigned long long)
                0x00000000c001d596                Vm::fpuMultiply(unsigned long long, unsigned long long)
                0x00000000c001d5b5                Vm::fpuDivide(unsigned long long, unsigned long long)
                0x00000000c001d5d1                Vm::fpuSquare(unsigned long long)
                0x00000000c001d5e7                Vm::fpuGetReg(int)
                0x00000000c001d62a                Vm::fpuSetReg(int, unsigned long long)
                0x00000000c001d675                Vm::fpuPush(unsigned long long)
                0x00000000c001d6d2                Vm::fpuPop()
                0x00000000c001d724                Vm::x87Handler(regs*)
 *fill*         0x00000000c001e1cf        0x1 
 .text          0x00000000c001e1d0     0x10ed fs/fat/vfslink.32
                0x00000000c001e1d0                FAT::getName()
                0x00000000c001e1d6                FAT::tell(void*, unsigned long long*)
                0x00000000c001e20a                FAT::stat(void*, unsigned long long*)
                0x00000000c001e23e                FAT::~FAT()
                0x00000000c001e23e                FAT::~FAT()
                0x00000000c001e262                FAT::~FAT()
                0x00000000c001e28a                FAT::getlabel(LogicalDisk*, int, char*, unsigned int*)
                0x00000000c001e328                FAT::setlabel(LogicalDisk*, int, char*)
                0x00000000c001e3e2                FAT::format(LogicalDisk*, int, char const*, int)
                0x00000000c001e5c6                FAT::tryMount(LogicalDisk*, int)
                0x00000000c001e7cc                FAT::readDir(void*, unsigned long, void*, int*)
                0x00000000c001e8d2                FAT::read(void*, unsigned long, void*, int*)
                0x00000000c001e92c                FAT::write(void*, unsigned long, void*, int*)
                0x00000000c001e986                FAT::close(void*)
                0x00000000c001e9d2                FAT::closeDir(void*)
                0x00000000c001ea1e                FAT::seek(void*, unsigned long long)
                0x00000000c001ea72                fatWrapperReadDisk
                0x00000000c001eab9                fatWrapperWriteDisk
                0x00000000c001eb00                fatWrapperIoctl
                0x00000000c001ec04                FAT::FAT()
                0x00000000c001ec04                FAT::FAT()
                0x00000000c001ec56                FAT::fixFilepath(char*)
                0x00000000c001ec8e                FAT::open(char const*, void**, FileOpenMode)
                0x00000000c001edb6                FAT::openDir(char const*, void**)
                0x00000000c001ee5c                FAT::stat(char const*, unsigned long long*, bool*)
                0x00000000c001ef46                FAT::unlink(char const*)
                0x00000000c001efc0                FAT::chfatattr(char const*, unsigned char, unsigned char)
                0x00000000c001f114                FAT::rename(char const*, char const*)
                0x00000000c001f1d8                FAT::mkdir(char const*)
                0x00000000c001f252                FAT::exists(char const*)
 *fill*         0x00000000c001f2bd        0x1 
 .text          0x00000000c001f2be      0xbdf fs/iso9660/vfslink.32
                0x00000000c001f2be                ISO9660::format(LogicalDisk*, int, char const*, int)
                0x00000000c001f2c4                ISO9660::seek(void*, unsigned long long)
                0x00000000c001f2f4                ISO9660::tell(void*, unsigned long long*)
                0x00000000c001f318                ISO9660::getName()
                0x00000000c001f31e                ISO9660::stat(void*, unsigned long long*)
                0x00000000c001f342                ISO9660::chfatattr(char const*, unsigned char, unsigned char)
                0x00000000c001f348                ISO9660::unlink(char const*)
                0x00000000c001f34e                ISO9660::write(void*, unsigned long, void*, int*)
                0x00000000c001f354                ISO9660::rename(char const*, char const*)
                0x00000000c001f35a                ISO9660::mkdir(char const*)
                0x00000000c001f360                ISO9660::close(void*)
                0x00000000c001f382                ISO9660::closeDir(void*)
                0x00000000c001f3a4                ISO9660::~ISO9660()
                0x00000000c001f3a4                ISO9660::~ISO9660()
                0x00000000c001f3c8                ISO9660::~ISO9660()
                0x00000000c001f3ef                __memmem(unsigned char*, int, unsigned char*, int)
                0x00000000c001f431                readSectorFromCDROM(unsigned int, unsigned char*, char)
                0x00000000c001f498                ISO9660::tryMount(LogicalDisk*, int)
                0x00000000c001f4e8                ISO9660::read(void*, unsigned long, void*, int*)
                0x00000000c001f72c                ISO9660::readDir(void*, unsigned long, void*, int*)
                0x00000000c001f9b9                readRoot(unsigned int*, unsigned int*, char)
                0x00000000c001fa0e                readRecursively(char*, unsigned int, unsigned int, unsigned int*, unsigned int*, char, int*)
                0x00000000c001fbe1                getFileData(char*, unsigned int*, unsigned int*, char, int*)
                0x00000000c001fc70                ISO9660::open(char const*, void**, FileOpenMode)
                0x00000000c001fd0a                ISO9660::exists(char const*)
                0x00000000c001fd2e                ISO9660::stat(char const*, unsigned long long*, bool*)
                0x00000000c001fdc2                ISO9660::openDir(char const*, void**)
                0x00000000c001fe7a                ISO9660::ISO9660()
                0x00000000c001fe7a                ISO9660::ISO9660()
 *fill*         0x00000000c001fe9d        0x1 
 .text          0x00000000c001fe9e      0x326 hal/sound/sndchannel.32
                0x00000000c001fe9e                SoundChannel::~SoundChannel()
                0x00000000c001fe9e                SoundChannel::~SoundChannel()
                0x00000000c001feba                SoundChannel::setSpeed(float)
                0x00000000c001fec6                SoundChannel::getSpeed()
                0x00000000c001fece                SoundChannel::setVolume(int)
                0x00000000c001feea                SoundChannel::getVolume()
                0x00000000c001fef2                SoundChannel::pause()
                0x00000000c001fefc                SoundChannel::SoundChannel(int, int, int, int)
                0x00000000c001fefc                SoundChannel::SoundChannel(int, int, int, int)
                0x00000000c0020052                SoundChannel::play()
                0x00000000c002005c                SoundChannel::paused()
                0x00000000c0020064                SoundChannel::getSampleRate()
                0x00000000c002006c                SoundChannel::getBits()
                0x00000000c0020074                SoundChannel::getBufferUsed()
                0x00000000c002007c                SoundChannel::getBufferSize()
                0x00000000c0020084                SoundChannel::unbuffer(float*, int, int)
                0x00000000c0020124                SoundChannel::buffer8(unsigned char*, int)
 .text          0x00000000c00201c4      0x3d5 hal/sound/sndhw.32
                0x00000000c00201c4                SoundDevice::SoundDevice(char const*)
                0x00000000c00201c4                SoundDevice::SoundDevice(char const*)
                0x00000000c0020230                SoundDevice::~SoundDevice()
                0x00000000c0020230                SoundDevice::~SoundDevice()
                0x00000000c00202aa                SoundDevice::~SoundDevice()
                0x00000000c00202d4                SoundDevice::getFreeChannelNum()
                0x00000000c00202ee                SoundDevice::addChannel(SoundChannel*)
                0x00000000c002035e                SoundDevice::removeChannel(int)
                0x00000000c0020390                SoundDevice::floatTo8(float*, unsigned char*, int)
                0x00000000c0020478                SoundDevice::getAudio(int, float*, float*)
 .text          0x00000000c0020599        0x0 hw/bus/isa.32
 *fill*         0x00000000c0020599        0x1 
 .text          0x00000000c002059a      0x6c1 hw/bus/pci.32
                0x00000000c002059a                PCI::open(int, int, void*)
                0x00000000c00205ae                PCI::close(int, int, void*)
                0x00000000c00205b2                PCI::PCI()
                0x00000000c00205b2                PCI::PCI()
                0x00000000c0020632                PCI::pciReadWord(unsigned char, unsigned char, unsigned char, unsigned char)
                0x00000000c002067a                PCI::getVendorID(unsigned char, unsigned char, unsigned char)
                0x00000000c002069c                PCI::getHeaderType(unsigned char, unsigned char, unsigned char)
                0x00000000c00206c0                PCI::getClassCode(unsigned char, unsigned char, unsigned char)
                0x00000000c0020704                PCI::getProgIF(unsigned char, unsigned char, unsigned char)
                0x00000000c0020728                PCI::getRevisionID(unsigned char, unsigned char, unsigned char)
                0x00000000c002074a                PCI::getInterruptNumber(unsigned char, unsigned char, unsigned char)
                0x00000000c002076c                PCI::getSecondaryBus(unsigned char, unsigned char, unsigned char)
                0x00000000c0020790                PCI::getBARAddress(unsigned char, unsigned char, unsigned char, unsigned char)
                0x00000000c00207f0                PCI::pciWriteWord(unsigned char, unsigned char, unsigned char, unsigned char, unsigned short)
                0x00000000c002085c                PCI::checkBus(unsigned char)
                0x00000000c0020880                PCI::foundDevice(PCIDeviceInfo)
                0x00000000c00209f0                PCI::getDeviceData(unsigned char, unsigned char, unsigned char)
                0x00000000c0020b9c                PCI::checkDevice(unsigned char, unsigned char)
                0x00000000c0020c08                PCI::detect()
 *fill*         0x00000000c0020c5b        0x1 
 .text          0x00000000c0020c5c      0xc70 hw/diskctrl/ide.32
                0x00000000c0020c5c                IDE::close(int, int, void*)
                0x00000000c0020c60                IDE::IDE()
                0x00000000c0020c60                IDE::IDE()
                0x00000000c0020c94                IDE::prepareInterrupt(unsigned char)
                0x00000000c0020ca6                selectDrive(unsigned char, unsigned char)
                0x00000000c0020ca8                IDE::getBase(unsigned char)
                0x00000000c0020cba                IDE::write(unsigned char, unsigned char, unsigned char)
                0x00000000c0020d7a                IDE::read(unsigned char, unsigned char)
                0x00000000c0020e28                IDE::waitInterrupt(unsigned char)
                0x00000000c0020e8e                ideChannel0IRQHandler(regs*, void*)
                0x00000000c0020eaa                ideChannel1IRQHandler(regs*, void*)
                0x00000000c0020ec6                IDE::enableIRQs(unsigned char, bool)
                0x00000000c0020f0c                IDE::open(int, int, void*)
                0x00000000c002131c                IDE::readBuffer(unsigned char, unsigned char, unsigned int, unsigned int)
                0x00000000c00213e8                IDE::detect()
                0x00000000c00216d0                IDE::printError(unsigned char, unsigned char, unsigned char)
                0x00000000c0021866                IDE::polling(unsigned char, unsigned int)
 .text          0x00000000c00218cc      0x62b hw/diskphys/ata.32
                0x00000000c00218cc                ATA::close(int, int, void*)
                0x00000000c00218f0                ATA::powerSaving(PowerSavingLevel)
                0x00000000c00218f2                ATA::ATA()
                0x00000000c00218f2                ATA::ATA()
                0x00000000c0021920                ATA::flush(bool)
                0x00000000c002196a                ATA::readyForCommand()
                0x00000000c00219ba                ATA::access(unsigned long long, int, void*, bool)
                0x00000000c0021d38                ATA::read(unsigned long long, int, void*)
                0x00000000c0021da0                ATA::write(unsigned long long, int, void*)
                0x00000000c0021e08                ATA::detectCHS()
                0x00000000c0021e32                ATA::open(int, int, void*)
 *fill*         0x00000000c0021ef7        0x1 
 .text          0x00000000c0021ef8      0x5b3 hw/diskphys/atapi.32
                0x00000000c0021ef8                ATAPI::write(unsigned long long, int, void*)
                0x00000000c0021efe                ATAPI::close(int, int, void*)
                0x00000000c0021f22                ATAPI::ATAPI()
                0x00000000c0021f22                ATAPI::ATAPI()
                0x00000000c0021f50                ATAPI::readyForCommand()
                0x00000000c0021fa0                ATAPI::sendPacket(unsigned char*, int, bool, unsigned short*, int)
                0x00000000c0022260                ATAPI::diskRemoved()
                0x00000000c002227c                ATAPI::eject()
                0x00000000c00222c2                ATAPI::diskInserted()
                0x00000000c00222f0                ATAPI::detectMedia()
                0x00000000c00223ac                ATAPI::open(int, int, void*)
                0x00000000c002242c                ATAPI::read(unsigned long long, int, void*)
 *fill*         0x00000000c00224ab        0x1 
 .text          0x00000000c00224ac       0x8e hw/fpu/avx.32
                0x00000000c00224ac                AVX::open(int, int, void*)
                0x00000000c00224be                AVX::close(int, int, void*)
                0x00000000c00224d0                AVX::available()
                0x00000000c00224e2                AVX::save(void*)
                0x00000000c00224fa                AVX::load(void*)
                0x00000000c0022512                AVX::AVX()
                0x00000000c0022512                AVX::AVX()
 .text          0x00000000c002253a       0x90 hw/fpu/mmx.32
                0x00000000c002253a                MMX::available()
                0x00000000c002254e                MMX::open(int, int, void*)
                0x00000000c0022560                MMX::close(int, int, void*)
                0x00000000c0022572                MMX::save(void*)
                0x00000000c002258a                MMX::load(void*)
                0x00000000c00225a2                MMX::MMX()
                0x00000000c00225a2                MMX::MMX()
 .text          0x00000000c00225ca       0x96 hw/fpu/sse.32
                0x00000000c00225ca                SSE::open(int, int, void*)
                0x00000000c00225dc                SSE::close(int, int, void*)
                0x00000000c00225ee                SSE::available()
                0x00000000c0022608                SSE::save(void*)
                0x00000000c0022620                SSE::load(void*)
                0x00000000c0022638                SSE::SSE()
                0x00000000c0022638                SSE::SSE()
 .text          0x00000000c0022660       0x8e hw/fpu/x87.32
                0x00000000c0022660                x87::open(int, int, void*)
                0x00000000c0022672                x87::close(int, int, void*)
                0x00000000c0022684                x87::available()
                0x00000000c0022696                x87::save(void*)
                0x00000000c00226ae                x87::load(void*)
                0x00000000c00226c6                x87::x87()
                0x00000000c00226c6                x87::x87()
 .text          0x00000000c00226ee      0x71e hw/intctrl/apic.32
                0x00000000c00226ee                APIC::disable()
                0x00000000c00226f0                APIC::close(int, int, void*)
                0x00000000c0022712                IOAPIC::close(int, int, void*)
                0x00000000c0022718                APIC::io_wait()
                0x00000000c002271e                APIC::getBase()
                0x00000000c0022760                APIC::eoi(unsigned char)
                0x00000000c002278e                APIC::open(int, int, void*)
                0x00000000c00228dc                IOAPIC::IOAPIC()
                0x00000000c00228dc                IOAPIC::IOAPIC()
                0x00000000c0022904                APIC::APIC()
                0x00000000c0022904                APIC::APIC()
                0x00000000c00229e0                IOAPIC::handlesGSIWithNumber(unsigned int)
                0x00000000c0022a12                IOAPIC::read(int)
                0x00000000c0022a3a                IOAPIC::open(int, int, void*)
                0x00000000c0022b30                IOAPIC::write(int, int)
                0x00000000c0022b5c                IOAPIC::redirect(unsigned char, unsigned long long, unsigned char, bool, bool)
                0x00000000c0022c56                APIC::installIRQHandler(int, void (*)(regs*, void*), bool, void*)
 .text          0x00000000c0022e0c      0x3d3 hw/intctrl/pic.32
                0x00000000c0022e0c                PIC::disable()
                0x00000000c0022e3a                PIC::close(int, int, void*)
                0x00000000c0022e5c                PIC::PIC()
                0x00000000c0022e5c                PIC::PIC()
                0x00000000c0022f32                PIC::ioWait()
                0x00000000c0022f38                PIC::getIRQReg(int)
                0x00000000c0022fa2                PIC::eoi(unsigned char)
                0x00000000c0023034                PIC::remap()
                0x00000000c00231a0                PIC::open(int, int, void*)
 *fill*         0x00000000c00231df        0x1 
 .text          0x00000000c00231e0      0x25e hw/timer/apictimer.32
                0x00000000c00231e0                APICTimer::close(int, int, void*)
                0x00000000c00231e6                apicTimerHandler(regs*, void*)
                0x00000000c0023214                APICTimer::write(int)
                0x00000000c0023318                APICTimer::open(int, int, void*)
                0x00000000c0023416                APICTimer::APICTimer()
                0x00000000c0023416                APICTimer::APICTimer()
 .text          0x00000000c002343e      0x1a7 hw/timer/pit.32
                0x00000000c002343e                PIT::write(int)
                0x00000000c00234bc                pitHandler(regs*, void*)
                0x00000000c00234e8                PIT::open(int, int, void*)
                0x00000000c0023536                PIT::close(int, int, void*)
                0x00000000c0023566                PIT::PIT()
                0x00000000c0023566                PIT::PIT()
 *fill*         0x00000000c00235e5        0xb 
 .text          0x00000000c00235f0        0xa hw/fpu/x86/avx.32
                0x00000000c00235f0                avxDetect
                0x00000000c00235f6                avxSave
                0x00000000c00235f7                avxLoad
                0x00000000c00235f8                avxInit
                0x00000000c00235f9                avxClose
 *fill*         0x00000000c00235fa        0x6 
 .text          0x00000000c0023600       0x38 hw/fpu/x86/sse.32
                0x00000000c0023600                sseDetect
                0x00000000c002361b                sseSave
                0x00000000c0023621                sseLoad
                0x00000000c0023627                sseInit
                0x00000000c0023637                sseClose
 *fill*         0x00000000c0023638        0x8 
 .text          0x00000000c0023640       0x47 hw/fpu/x86/x87.32
                0x00000000c0023646                x87Detect
                0x00000000c0023661                x87Save
                0x00000000c0023667                x87Load
                0x00000000c002366c                x87Init
                0x00000000c0023686                x87Close
 *fill*         0x00000000c0023687        0x1 
 .text          0x00000000c0023688       0x25 /cygdrive/d/Users/Alex/Desktop/Toolchain/Output/bin/../lib/gcc/i386-banana/8.1.0/crtend.o
 .text          0x00000000c00236ad        0x0 crtn.32
 *fill*         0x00000000c00236ad        0x3 
 .text          0x00000000c00236b0      0x14b /cygdrive/d/Users/Alex/Desktop/Toolchain/Output/bin/../lib/gcc/i386-banana/8.1.0/libkgcc.a(_divdi3.o)
                0x00000000c00236b0                __divdi3
 *fill*         0x00000000c00237fb        0x1 
 .text          0x00000000c00237fc      0x17e /cygdrive/d/Users/Alex/Desktop/Toolchain/Output/bin/../lib/gcc/i386-banana/8.1.0/libkgcc.a(_moddi3.o)
                0x00000000c00237fc                __moddi3
 *fill*         0x00000000c002397a        0x2 
 .text          0x00000000c002397c       0xff /cygdrive/d/Users/Alex/Desktop/Toolchain/Output/bin/../lib/gcc/i386-banana/8.1.0/libkgcc.a(_udivdi3.o)
                0x00000000c002397c                __udivdi3
 *fill*         0x00000000c0023a7b        0x1 
 .text          0x00000000c0023a7c      0x11a /cygdrive/d/Users/Alex/Desktop/Toolchain/Output/bin/../lib/gcc/i386-banana/8.1.0/libkgcc.a(_umoddi3.o)
                0x00000000c0023a7c                __umoddi3
 .text          0x00000000c0023b96      0x96d D:/Users/Alex/Desktop/Banana/kernel/libsoftfp.a(sfieeelib.o)
                0x00000000c0023b96                __addsf3
                0x00000000c0023e98                __subsf3
                0x00000000c0023eac                __negsf2
                0x00000000c0023eb9                __mulsf3
                0x00000000c002407c                __divsf3
                0x00000000c00242a7                __floatsisf
                0x00000000c002431b                __floatunsisf
                0x00000000c002435d                __fixsfsi
                0x00000000c00243bf                __fixunssfsi
                0x00000000c00243f0                __cmpsf2
                0x00000000c0024485                __eqsf2
                0x00000000c00244c0                __nesf2
                0x00000000c00244c2                __gtsf2
                0x00000000c00244fd                __gesf2
                0x00000000c00244ff                __ltsf2
                0x00000000c0024501                __lesf2
 .text          0x00000000c0024503      0xf50 D:/Users/Alex/Desktop/Banana/kernel/libsoftfp.a(dfieeelib.o)
                0x00000000c0024503                __adddf3
                0x00000000c0024b54                __subdf3
                0x00000000c0024b6f                __negdf2
                0x00000000c0024b80                __muldf3
                0x00000000c0024e64                __divdf3
                0x00000000c00251e3                __floatsidf
                0x00000000c002523e                __floatunsidf
                0x00000000c002527c                __fixdfsi
                0x00000000c00252e9                __fixunsdfsi
                0x00000000c0025325                __cmpdf2
                0x00000000c0025413                __eqdf2
                0x00000000c002542f                __nedf2
                0x00000000c0025431                __gtdf2
                0x00000000c002544d                __gedf2
                0x00000000c002544f                __ltdf2
                0x00000000c0025451                __ledf2
 .text          0x00000000c0025453      0x18d D:/Users/Alex/Desktop/Banana/kernel/libsoftfp.a(sfdfcvt.o)
                0x00000000c0025453                __truncdfsf2
                0x00000000c0025577                __extendsfdf2
 .text          0x00000000c00255e0       0x1e D:/Users/Alex/Desktop/Banana/kernel/libk/libm32.a(s_fabs.c.o)
                0x00000000c00255e0                fabs
 *fill*         0x00000000c00255fe        0x2 
 .text          0x00000000c0025600        0xc D:/Users/Alex/Desktop/Banana/kernel/libk/libm32.a(s_lrint.S.o)
                0x00000000c0025600                lrint
 .text          0x00000000c002560c        0xc D:/Users/Alex/Desktop/Banana/kernel/libk/libm32.a(s_lrintf.S.o)
                0x00000000c002560c                lrintf
 *(.gnu.linkonce.t*)

.iplt           0x00000000c0025618        0x0
 .iplt          0x00000000c0025618        0x0 D:/Users/Alex/Desktop/Banana/kernel/boot.32

.init           0x00000000c0025618        0xf
 .init          0x00000000c0025618        0x3 crti.32
                0x00000000c0025618                _init
 .init          0x00000000c002561b        0x5 /cygdrive/d/Users/Alex/Desktop/Toolchain/Output/bin/../lib/gcc/i386-banana/8.1.0/crtbegin.o
 .init          0x00000000c0025620        0x5 /cygdrive/d/Users/Alex/Desktop/Toolchain/Output/bin/../lib/gcc/i386-banana/8.1.0/crtend.o
 .init          0x00000000c0025625        0x2 crtn.32

.fini           0x00000000c0025627        0xa
 .fini          0x00000000c0025627        0x3 crti.32
                0x00000000c0025627                _fini
 .fini          0x00000000c002562a        0x5 /cygdrive/d/Users/Alex/Desktop/Toolchain/Output/bin/../lib/gcc/i386-banana/8.1.0/crtbegin.o
 .fini          0x00000000c002562f        0x2 crtn.32

.text._ZN8ComputerD2Ev
                0x00000000c0025632       0x23
 .text._ZN8ComputerD2Ev
                0x00000000c0025632       0x23 core/computer.32
                0x00000000c0025632                Computer::~Computer()
                0x00000000c0025632                Computer::~Computer()

.text._ZN8ComputerD0Ev
                0x00000000c0025656       0x2a
 .text._ZN8ComputerD0Ev
                0x00000000c0025656       0x2a core/computer.32
                0x00000000c0025656                Computer::~Computer()

.text._Z10idleCommonv
                0x00000000c0025680       0x15
 .text._Z10idleCommonv
                0x00000000c0025680       0x15 core/idle.32
                0x00000000c0025680                idleCommon()

.text._ZN10LinkedListI8UnixFileED2Ev
                0x00000000c0025696        0x2
 .text._ZN10LinkedListI8UnixFileED2Ev
                0x00000000c0025696        0x2 core/unixfile.32
                0x00000000c0025696                LinkedList<UnixFile>::~LinkedList()
                0x00000000c0025696                LinkedList<UnixFile>::~LinkedList()

.text._ZN10LinkedListI8UnixFileEC2Ev
                0x00000000c0025698       0x58
 .text._ZN10LinkedListI8UnixFileEC2Ev
                0x00000000c0025698       0x58 core/unixfile.32
                0x00000000c0025698                LinkedList<UnixFile>::LinkedList()
                0x00000000c0025698                LinkedList<UnixFile>::LinkedList()

.text._ZN10LinkedListI8UnixFileE10addElementEPS0_
                0x00000000c00256f0       0xd3
 .text._ZN10LinkedListI8UnixFileE10addElementEPS0_
                0x00000000c00256f0       0xd3 core/unixfile.32
                0x00000000c00256f0                LinkedList<UnixFile>::addElement(UnixFile*)

.text._ZN10LinkedListI8UnixFileE15getFirstElementEv
                0x00000000c00257c4        0x7
 .text._ZN10LinkedListI8UnixFileE15getFirstElementEv
                0x00000000c00257c4        0x7 core/unixfile.32
                0x00000000c00257c4                LinkedList<UnixFile>::getFirstElement()

.text._ZN10LinkedListI8UnixFileE11removeFirstEv
                0x00000000c00257cc       0xa1
 .text._ZN10LinkedListI8UnixFileE11removeFirstEv
                0x00000000c00257cc       0xa1 core/unixfile.32
                0x00000000c00257cc                LinkedList<UnixFile>::removeFirst()

.text._ZN10LinkedListI8UnixFileE7getNextEPS0_
                0x00000000c002586e        0x8
 .text._ZN10LinkedListI8UnixFileE7getNextEPS0_
                0x00000000c002586e        0x8 core/unixfile.32
                0x00000000c002586e                LinkedList<UnixFile>::getNext(UnixFile*)

.text._ZN16DriverlessDeviceD2Ev
                0x00000000c0025876       0x1a
 .text._ZN16DriverlessDeviceD2Ev
                0x00000000c0025876       0x1a hal/device.32
                0x00000000c0025876                DriverlessDevice::~DriverlessDevice()
                0x00000000c0025876                DriverlessDevice::~DriverlessDevice()

.text._ZN16DriverlessDeviceD0Ev
                0x00000000c0025890       0x2a
 .text._ZN16DriverlessDeviceD0Ev
                0x00000000c0025890       0x2a hal/device.32
                0x00000000c0025890                DriverlessDevice::~DriverlessDevice()

.text._ZN10LinkedListI6DeviceE10addElementEPS0_
                0x00000000c00258ba       0xdc
 .text._ZN10LinkedListI6DeviceE10addElementEPS0_
                0x00000000c00258ba       0xdc hal/device.32
                0x00000000c00258ba                LinkedList<Device>::addElement(Device*)

.text._ZN10LinkedListI6DeviceEC2Ev
                0x00000000c0025996       0x58
 .text._ZN10LinkedListI6DeviceEC2Ev
                0x00000000c0025996       0x58 hal/device.32
                0x00000000c0025996                LinkedList<Device>::LinkedList()
                0x00000000c0025996                LinkedList<Device>::LinkedList()

.text._ZN10LinkedListIV18ThreadControlBlockE15getFirstElementEv
                0x00000000c00259ee        0x7
 .text._ZN10LinkedListIV18ThreadControlBlockE15getFirstElementEv
                0x00000000c00259ee        0x7 hal/timer.32
                0x00000000c00259ee                LinkedList<ThreadControlBlock volatile>::getFirstElement()

.text._ZN10LinkedListIV18ThreadControlBlockE7isEmptyEv
                0x00000000c00259f6       0x1c
 .text._ZN10LinkedListIV18ThreadControlBlockE7isEmptyEv
                0x00000000c00259f6       0x1c hal/timer.32
                0x00000000c00259f6                LinkedList<ThreadControlBlock volatile>::isEmpty()

.text._ZN10LinkedListIV18ThreadControlBlockE11removeFirstEv
                0x00000000c0025a12       0xae
 .text._ZN10LinkedListIV18ThreadControlBlockE11removeFirstEv
                0x00000000c0025a12       0xae hal/timer.32
                0x00000000c0025a12                LinkedList<ThreadControlBlock volatile>::removeFirst()

.text._ZN10LinkedListIV18ThreadControlBlockE10addElementEPS1_
                0x00000000c0025ac0       0xd3
 .text._ZN10LinkedListIV18ThreadControlBlockE10addElementEPS1_
                0x00000000c0025ac0       0xd3 hal/timer.32
                0x00000000c0025ac0                LinkedList<ThreadControlBlock volatile>::addElement(ThreadControlBlock volatile*)

.text._ZN4ACPID2Ev
                0x00000000c0025b94       0x23
 .text._ZN4ACPID2Ev
                0x00000000c0025b94       0x23 hw/acpi.32
                0x00000000c0025b94                ACPI::~ACPI()
                0x00000000c0025b94                ACPI::~ACPI()

.text._ZN4ACPID0Ev
                0x00000000c0025bb8       0x2a
 .text._ZN4ACPID0Ev
                0x00000000c0025bb8       0x2a hw/acpi.32
                0x00000000c0025bb8                ACPI::~ACPI()

.text._ZN3CPUD2Ev
                0x00000000c0025be2       0x23
 .text._ZN3CPUD2Ev
                0x00000000c0025be2       0x23 hw/cpu.32
                0x00000000c0025be2                CPU::~CPU()
                0x00000000c0025be2                CPU::~CPU()

.text._ZN3CPUD0Ev
                0x00000000c0025c06       0x2a
 .text._ZN3CPUD0Ev
                0x00000000c0025c06       0x2a hw/cpu.32