Archive member included to satisfy reference by file (symbol)

/cygdrive/d/Users/Alex/Desktop/Toolchain/Output/bin/../lib/gcc/i386-banana/8.1.0/libkgcc.a(_divdi3.o)
                              krnl/resolve.32 (__divdi3)
/cygdrive/d/Users/Alex/Desktop/Toolchain/Output/bin/../lib/gcc/i386-banana/8.1.0/libkgcc.a(_moddi3.o)
                              krnl/resolve.32 (__moddi3)
/cygdrive/d/Users/Alex/Desktop/Toolchain/Output/bin/../lib/gcc/i386-banana/8.1.0/libkgcc.a(_udivdi3.o)
                              hal/clock.32 (__udivdi3)
/cygdrive/d/Users/Alex/Desktop/Toolchain/Output/bin/../lib/gcc/i386-banana/8.1.0/libkgcc.a(_umoddi3.o)
                              core/pipe.32 (__umoddi3)

Allocating common symbols
Common symbol       size              file

dcache              0x40              fs/iso9660/iso9660.32
cdDriveLetter       0x1               fs/iso9660/iso9660.32
icache              0x40              fs/iso9660/iso9660.32

Discarded input sections

 .comment       0x0000000000000000       0x12 /cygdrive/d/Users/Alex/Desktop/Toolchain/Output/bin/../lib/gcc/i386-banana/8.1.0/crtbegin.o
 .comment       0x0000000000000000       0x12 acpica/utclib.32
 .comment       0x0000000000000000       0x12 core/malloc.32
 .comment       0x0000000000000000       0x12 libk/ctype.32
 .comment       0x0000000000000000       0x12 libk/string.32
 .comment       0x0000000000000000       0x12 fs/fat/diskio.32
 .comment       0x0000000000000000       0x12 fs/fat/ff.32
 .comment       0x0000000000000000       0x12 fs/fat/ffsystem.32
 .comment       0x0000000000000000       0x12 fs/fat/ffunicode.32
 .comment       0x0000000000000000       0x12 fs/iso9660/iso9660.32
 .group         0x0000000000000000       0x14 core/computer.32
 .group         0x0000000000000000        0xc core/computer.32
 .comment       0x0000000000000000       0x12 core/computer.32
 .comment       0x0000000000000000       0x12 core/gdt.32
 .group         0x0000000000000000        0xc core/idle.32
 .comment       0x0000000000000000       0x12 core/idle.32
 .comment       0x0000000000000000       0x12 core/idt.32
 .comment       0x0000000000000000       0x12 core/kheap.32
 .comment       0x0000000000000000       0x12 core/main.32
 .comment       0x0000000000000000       0x12 core/physmgr.32
 .group         0x0000000000000000        0xc core/pipe.32
 .comment       0x0000000000000000       0x12 core/pipe.32
 .group         0x0000000000000000        0xc core/terminal.32
 .comment       0x0000000000000000       0x12 core/terminal.32
 .comment       0x0000000000000000       0x12 core/tss.32
 .group         0x0000000000000000        0x8 core/unixfile.32
 .group         0x0000000000000000        0x8 core/unixfile.32
 .group         0x0000000000000000        0xc core/unixfile.32
 .group         0x0000000000000000        0x8 core/unixfile.32
 .group         0x0000000000000000        0xc core/unixfile.32
 .group         0x0000000000000000        0x8 core/unixfile.32
 .group         0x0000000000000000        0xc core/unixfile.32
 .group         0x0000000000000000        0xc core/unixfile.32
 .comment       0x0000000000000000       0x12 core/unixfile.32
 .comment       0x0000000000000000       0x12 core/virtmgr.32
 .comment       0x0000000000000000       0x12 coreobjs/c++.32
 .comment       0x0000000000000000       0x12 dbg/kconsole.32
 .group         0x0000000000000000        0xc fs/vfs.32
 .group         0x0000000000000000        0xc fs/vfs.32
 .group         0x0000000000000000        0xc fs/vfs.32
 .comment       0x0000000000000000       0x12 fs/vfs.32
 .group         0x0000000000000000        0xc hal/bus.32
 .comment       0x0000000000000000       0x12 hal/bus.32
 .comment       0x0000000000000000       0x12 hal/buzzer.32
 .group         0x0000000000000000        0xc hal/clock.32
 .comment       0x0000000000000000       0x12 hal/clock.32
 .group         0x0000000000000000       0x14 hal/device.32
 .group         0x0000000000000000        0xc hal/device.32
 .group         0x0000000000000000        0x8 hal/device.32
 .group         0x0000000000000000        0xc hal/device.32
 .group         0x0000000000000000        0xc hal/device.32
 .comment       0x0000000000000000       0x12 hal/device.32
 .group         0x0000000000000000        0xc hal/diskctrl.32
 .comment       0x0000000000000000       0x12 hal/diskctrl.32
 .group         0x0000000000000000        0xc hal/diskphys.32
 .comment       0x0000000000000000       0x12 hal/diskphys.32
 .comment       0x0000000000000000       0x12 hal/fpu.32
 .comment       0x0000000000000000       0x12 hal/intctrl.32
 .group         0x0000000000000000        0xc hal/keybrd.32
 .comment       0x0000000000000000       0x12 hal/keybrd.32
 .group         0x0000000000000000        0xc hal/logidisk.32
 .comment       0x0000000000000000       0x12 hal/logidisk.32
 .group         0x0000000000000000        0xc hal/mouse.32
 .comment       0x0000000000000000       0x12 hal/mouse.32
[...]
Memory Configuration

Name             Origin             Length             Attributes
*default*        0x0000000000000000 0xffffffffffffffff

Linker script and memory map

LOAD D:/Users/Alex/Desktop/Banana/kernel/boot.32
LOAD crti.32
LOAD /cygdrive/d/Users/Alex/Desktop/Toolchain/Output/bin/../lib/gcc/i386-banana/8.1.0/crtbegin.o
LOAD D:/Users/Alex/Desktop/Banana/kernel/morenasm.32
LOAD acpica/utclib.32
LOAD core/malloc.32
LOAD libk/ctype.32
LOAD libk/string.32
LOAD fs/fat/diskio.32
LOAD fs/fat/ff.32
LOAD fs/fat/ffsystem.32
LOAD fs/fat/ffunicode.32
LOAD fs/iso9660/iso9660.32
LOAD core/computer.32
LOAD core/gdt.32
LOAD core/idle.32
LOAD core/idt.32
LOAD core/kheap.32
LOAD core/main.32
LOAD core/physmgr.32
LOAD core/pipe.32
LOAD core/terminal.32
LOAD core/tss.32
LOAD core/unixfile.32
LOAD core/virtmgr.32
LOAD coreobjs/c++.32
LOAD dbg/kconsole.32
LOAD fs/vfs.32
LOAD hal/bus.32
LOAD hal/buzzer.32
LOAD hal/clock.32
LOAD hal/device.32
LOAD hal/diskctrl.32
LOAD hal/diskphys.32
LOAD hal/fpu.32
LOAD hal/intctrl.32
LOAD hal/keybrd.32
LOAD hal/logidisk.32
LOAD hal/mouse.32
LOAD hal/partition.32
LOAD hal/serial.32
LOAD hal/timer.32
LOAD hal/vcache.32
LOAD hal/video.32
LOAD hw/acpi.32
LOAD hw/cpu.32
LOAD krnl/bootmsg.32
LOAD krnl/env.32
LOAD krnl/inlines.32
LOAD krnl/panic.32
LOAD krnl/powctrl.32
LOAD krnl/resolve.32
LOAD krnl/signal.32
LOAD krnl/syscalls.32
LOAD reg/registry.32
LOAD sys/eject.32
LOAD sys/exit.32
LOAD sys/getcwd.32
LOAD sys/getpid.32
LOAD sys/getramdata.32
LOAD sys/getvgaptr.32
LOAD sys/loaddll.32
LOAD sys/read.32
LOAD sys/registersignal.32
LOAD sys/sbrk.32
LOAD sys/setcwd.32
LOAD sys/settime.32
LOAD sys/timezone.32
LOAD sys/write.32
LOAD sys/wsbe.32
LOAD sys/yield.32
LOAD thr/elf.32
LOAD thr/prcssthr.32
LOAD vm86/vm8086.32
LOAD arch/i386/hal.32
LOAD arch/i386/pic.32
LOAD arch/i386/rtc.32
LOAD arch/i386/vga.32
LOAD fs/fat/vfslink.32
LOAD fs/iso9660/helper.32
LOAD fs/iso9660/vfslink.32
LOAD hal/sound/sndcard.32
LOAD hal/sound/sndport.32
LOAD hw/bus/isa.32
LOAD hw/bus/pci.32
LOAD hw/diskctrl/ide.32
LOAD hw/diskctrl/satabus.32
LOAD hw/diskphys/ata.32
LOAD hw/diskphys/atapi.32
LOAD hw/diskphys/sata.32
LOAD hw/diskphys/satapi.32
LOAD hw/intctrl/apic.32
LOAD hw/timer/apictimer.32
LOAD hw/timer/pit.32
LOAD arch/i386/avx.32
LOAD arch/i386/interrupt.32
LOAD arch/i386/rdrand.32
LOAD arch/i386/sse.32
LOAD arch/i386/x87.32
LOAD /cygdrive/d/Users/Alex/Desktop/Toolchain/Output/bin/../lib/gcc/i386-banana/8.1.0/crtend.o
LOAD crtn.32
LOAD /cygdrive/d/Users/Alex/Desktop/Toolchain/Output/bin/../lib/gcc/i386-banana/8.1.0/libkgcc.a
LOAD D:/Users/Alex/Desktop/Banana/kernel/libsoftfp.a
LOAD D:/Users/Alex/Desktop/Banana/kernel/libk/libm32.a
                0x00000000c0000000                . = 0xc0000000

.text           0x00000000c0000000    0x1cada
 *(.text)
 .text          0x00000000c0000000       0x20 D:/Users/Alex/Desktop/Banana/kernel/boot.32
 .text          0x00000000c0000020        0x0 crti.32
 .text          0x00000000c0000020      0x101 /cygdrive/d/Users/Alex/Desktop/Toolchain/Output/bin/../lib/gcc/i386-banana/8.1.0/crtbegin.o
 *fill*         0x00000000c0000121        0xf 
 .text          0x00000000c0000130      0x252 D:/Users/Alex/Desktop/Banana/kernel/morenasm.32
                0x00000000c0000130                manualPCIProbe
                0x00000000c000017b                prepareTramp
                0x00000000c0000194                doTPAUSE
                0x00000000c000019e                hasLegacyFPU
                0x00000000c00001c3                is486
                0x00000000c00001f9                detectCPUID
                0x00000000c000020f                goToVM86
                0x00000000c000023f                goToUsermode
                0x00000000c0000269                switchToThreadASMFirstTime
                0x00000000c0000277                switchToThreadASM
                0x00000000c00002ff                asmQuickAcquireLock
                0x00000000c000031d                asmQuickReleaseLock
                0x00000000c0000329                asmAcquireLock
                0x00000000c000034a                asmReleaseLock
                0x00000000c000035d                loadGDT
                0x00000000c000037d                memcpy
 *fill*         0x00000000c0000382        0xe 
 .text          0x00000000c0000390      0x79e acpica/utclib.32
                0x00000000c0000390                memcmp
                0x00000000c00003e0                memmove
                0x00000000c00004d0                memset
                0x00000000c0000540                strlen
                0x00000000c0000570                strpbrk
                0x00000000c00005b0                strtok
                0x00000000c0000600                strcpy
                0x00000000c0000630                strncpy
                0x00000000c00006e0                strcmp
                0x00000000c0000730                strchr
                0x00000000c0000760                strncmp
                0x00000000c00007c0                strcat
                0x00000000c00007f0                strncat
                0x00000000c0000850                strstr
                0x00000000c00008b0                toupper
                0x00000000c00008d0                tolower
                0x00000000c00008f0                simple_strtoul
 .text          0x00000000c0000b2e      0xfad core/malloc.32
                0x00000000c0000c99                dlfree
                0x00000000c0000ff4                dlmalloc
                0x00000000c0001531                dlrealloc
                0x00000000c00016d4                dlmemalign
                0x00000000c00017f7                dlcalloc
                0x00000000c0001891                dlcfree
                0x00000000c0001896                dlindependent_calloc
                0x00000000c00018bb                dlindependent_comalloc
                0x00000000c00018d2                dlvalloc
                0x00000000c00018fd                dlpvalloc
                0x00000000c0001933                dlmalloc_trim
                0x00000000c0001940                dlmalloc_usable_size
                0x00000000c0001971                dlmallinfo
                0x00000000c0001a40                dlmalloc_stats
                0x00000000c0001a51                dlmallopt
 *fill*         0x00000000c0001adb        0x1 
 .text          0x00000000c0001adc      0x1f2 libk/ctype.32
                0x00000000c0001adc                isblank
                0x00000000c0001afc                iscntrl
                0x00000000c0001b1c                isdigit
                0x00000000c0001b38                islower
                0x00000000c0001b54                isspace
                0x00000000c0001b7c                isupper
                0x00000000c0001b98                isalpha
                0x00000000c0001bc8                isalnum
                0x00000000c0001bf8                ispunct
                0x00000000c0001c38                isgraph
                0x00000000c0001c68                isprint
                0x00000000c0001c90                isxdigit
 .text          0x00000000c0001cce        0x0 libk/string.32
 .text          0x00000000c0001cce       0x51 fs/fat/diskio.32
                0x00000000c0001cce                disk_status
                0x00000000c0001cd1                disk_initialize
                0x00000000c0001cd4                disk_read
                0x00000000c0001cea                disk_write
                0x00000000c0001d00                disk_ioctl
 .text          0x00000000c0001d1f     0x3d4b fs/fat/ff.32
                0x00000000c0003abb                f_mount
                0x00000000c0003b1d                f_open
                0x00000000c0003de8                f_read
                0x00000000c0003fe7                f_write
                0x00000000c000421b                f_sync
                0x00000000c00042d0                f_close
                0x00000000c00042ff                f_lseek
                0x00000000c00044a6                f_opendir
                0x00000000c0004571                f_closedir
                0x00000000c0004593                f_readdir
                0x00000000c0004625                f_stat
                0x00000000c00046a4                f_getfree
                0x00000000c00047a6                f_truncate
                0x00000000c000488a                f_unlink
                0x00000000c00049ac                f_mkdir
                0x00000000c0004b47                f_rename
                0x00000000c0004cfd                f_chmod
                0x00000000c0004da6                f_utime
                0x00000000c0004e54                f_getlabel
                0x00000000c0004fa5                f_setlabel
                0x00000000c0005135                f_expand
                0x00000000c0005295                f_mkfs
 *fill*         0x00000000c0005a6a        0x2 
 .text          0x00000000c0005a6c       0x2f fs/fat/ffsystem.32
                0x00000000c0005a6c                ff_memalloc
                0x00000000c0005a84                ff_memfree
 *fill*         0x00000000c0005a9b        0x1 
 .text          0x00000000c0005a9c      0x2a8 fs/fat/ffunicode.32
                0x00000000c0005a9c                ff_uni2oem
                0x00000000c0005b3c                ff_oem2uni
                0x00000000c0005bb4                ff_wtoupper
 .text          0x00000000c0005d44      0xc76 fs/iso9660/iso9660.32
                0x00000000c0005f63                isoReadDiscSector
                0x00000000c0005ffe                strnicmp
                0x00000000c00062b1                stricmp
                0x00000000c00062fd                iso_open
                0x00000000c0006387                iso_close
                0x00000000c00063a5                iso_read
                0x00000000c00064bb                iso_seek
                0x00000000c000653f                iso_tell
                0x00000000c0006570                iso_total
                0x00000000c000659b                fn_postprocess
                0x00000000c00065c1                iso_readdir
                0x00000000c00067b2                iso_reset
                0x00000000c00067bf                init_percd
                0x00000000c00068b9                iso_ioctl
                0x00000000c00068c1                fs_iso9660_init
                0x00000000c000694a                fs_iso9660_shutdown
 .text          0x00000000c00069ba      0x685 core/computer.32
                0x00000000c00069ba                Computer::close(int, int, void*)
                0x00000000c00069ff                Krnl::firstTask()
                0x00000000c0006b32                Computer::Computer()
                0x00000000c0006b32                Computer::Computer()
                0x00000000c0006be4                Computer::setBootMessage(char const*)
                0x00000000c0006be6                Computer::detectFeatures()
                0x00000000c0006df0                Computer::displayFeatures()
                0x00000000c0006df2                Computer::rdmsr(unsigned int)
                0x00000000c0006e1e                Computer::wrmsr(unsigned int, unsigned long long)
                0x00000000c0006e56                Computer::shutdown()
                0x00000000c0006e6e                Computer::restart()
                0x00000000c0006e86                Computer::sleep()
                0x00000000c0006e9a                Computer::nmiEnabled()
                0x00000000c0006ea6                Computer::readCMOS(unsigned char)
                0x00000000c0006ec0                Computer::enableNMI(bool)
                0x00000000c0006ed8                Computer::open(int, int, void*)
                0x00000000c0006fac                Computer::disableNMI()
                0x00000000c0006fbc                Computer::writeCMOS(unsigned char, unsigned char)
                0x00000000c0006fda                Computer::handleNMI()
 *fill*         0x00000000c000703f        0x1 
 .text          0x00000000c0007040      0x1cf core/gdt.32
                0x00000000c0007040                GDTEntry::setBase(unsigned int)
                0x00000000c000705c                GDTEntry::setLimit(unsigned int)
                0x00000000c000707a                GDT::GDT()
                0x00000000c000707a                GDT::GDT()
                0x00000000c0007090                GDT::addEntry(GDTEntry)
                0x00000000c00070b2                GDT::getNumberOfEntries()
                0x00000000c00070ba                GDT::flush()
                0x00000000c00070dc                GDT::setup()
 .text          0x00000000c000720f       0x1d core/idle.32
                0x00000000c000720f                idleFunction(void*)
 .text          0x00000000c000722c      0x464 core/idt.32
                0x00000000c000722c                IDTEntry::IDTEntry(bool)
                0x00000000c000722c                IDTEntry::IDTEntry(bool)
                0x00000000c000729e                IDTEntry::setOffset(unsigned int)
                0x00000000c00072b4                IDT::IDT()
                0x00000000c00072b4                IDT::IDT()
                0x00000000c00072b6                IDT::getPointerToInvalidOpcodeEntryForF00F()
                0x00000000c00072be                IDT::addEntry(IDTEntry, int)
                0x00000000c00072d8                IDT::addEntry(int, void (*)(), bool)
                0x00000000c0007310                IDT::flush()
                0x00000000c000732a                IDT::setup()
 .text          0x00000000c0007690      0x183 core/kheap.32
                0x00000000c0007690                sbrk
                0x00000000c0007725                mmap
                0x00000000c000773b                munmap
                0x00000000c0007751                liballoc_lock()
                0x00000000c000775e                liballoc_unlock()
                0x00000000c0007772                liballoc_alloc(int)
                0x00000000c000778a                liballoc_free(void*, int)
                0x00000000c00077a5                realloc
                0x00000000c00077b9                malloc
                0x00000000c00077c9                free
                0x00000000c00077d9                rfree
                0x00000000c00077e9                calloc
 .text          0x00000000c0007813       0xc3 core/main.32
                0x00000000c0007813                KeEntryPoint
 .text          0x00000000c00078d6      0x5dc core/physmgr.32
                0x00000000c00078d6                Phys::allocateDMA(unsigned long)
                0x00000000c00079ad                Phys::freeDMA(unsigned long, unsigned long)
                0x00000000c00079e0                Phys::setPageState(unsigned long, bool)
                0x00000000c0007a12                Phys::getPageState(unsigned long)
                0x00000000c0007a33                Phys::freePage(unsigned long)
                0x00000000c0007a95                Phys::allocatePage()
                0x00000000c0007b53                Phys::allocateContiguousPages(int)
                0x00000000c0007baf                Phys::allowSegmentToBeUsed(unsigned long, unsigned long)
                0x00000000c0007be7                Phys::physicalMemorySetup(unsigned int)
 .text          0x00000000c0007eb2      0x273 core/pipe.32
                0x00000000c0007eb2                Pipe::isAtty()
                0x00000000c0007eb6                Pipe::~Pipe()
                0x00000000c0007eb6                Pipe::~Pipe()
                0x00000000c0007eda                Pipe::~Pipe()
                0x00000000c0007f02                Pipe::write(unsigned long long, void*, int*)
                0x00000000c0007fc2                Pipe::read(unsigned long long, void*, int*)
                0x00000000c00080be                Pipe::Pipe(int)
                0x00000000c00080be                Pipe::Pipe(int)
 *fill*         0x00000000c0008125        0x1 
 .text          0x00000000c0008126      0xab2 core/terminal.32
                0x00000000c0008126                VgaText::isAtty()
                0x00000000c000812a                VgaText::~VgaText()
                0x00000000c000812a                VgaText::~VgaText()
                0x00000000c000814e                VgaText::~VgaText()
                0x00000000c0008178                VgaText::read(unsigned long long, void*, int*)
                0x00000000c0008198                setTerminalScrollLock(bool)
                0x00000000c0008199                doTerminalCycle()
                0x00000000c000819a                addToTerminalCycle(VgaText*)
                0x00000000c000819b                scrollTerminalScrollLock(int)
                0x00000000c000819c                VgaText::updateTitle()
                0x00000000c000819e                VgaText::load()
                0x00000000c00081a0                VgaText::updateCursor()
                0x00000000c00081b6                VgaText::doANSI_SGR(int)
                0x00000000c000822a                VgaText::setDefaultBgColour(VgaColour)
                0x00000000c000823a                VgaText::setDefaultFgColour(VgaColour)
                0x00000000c000824a                VgaText::setDefaultColours(VgaColour, VgaColour)
                0x00000000c000826a                VgaText::setTitleTextColour(VgaColour)
                0x00000000c0008276                VgaText::setTitleColour(VgaColour)
                0x00000000c0008282                VgaText::setTitle(char*)
                0x00000000c0008284                VgaText::combineColours(unsigned char, unsigned char)
                0x00000000c0008296                VgaText::scrollScreen()
                0x00000000c000832e                VgaText::combineCharAndColour(char, unsigned char)
                0x00000000c0008340                VgaText::writeCharacter(char, VgaColour, VgaColour, int, int)
                0x00000000c00083d0                VgaText::getCursorX()
                0x00000000c00083d8                VgaText::getCursorY()
                0x00000000c00083e0                VgaText::setCursor(int, int)
                0x00000000c00083f7                setActiveTerminal(VgaText*)
                0x00000000c0008442                VgaText::clearScreen()
                0x00000000c0008490                VgaText::setCursorX(int)
                0x00000000c00084a8                VgaText::setCursorY(int)
                0x00000000c00084c0                VgaText::incrementCursor(bool)
                0x00000000c0008514                VgaText::decrementCursor(bool)
                0x00000000c0008536                VgaText::putchar(char, VgaColour, VgaColour)
                0x00000000c0008604                VgaText::putchar(char)
                0x00000000c00086f0                VgaText::putx(unsigned int)
                0x00000000c0008736                VgaText::puts(char const*)
                0x00000000c000875c                VgaText::write(unsigned long long, void*, int*)
                0x00000000c00087a8                VgaText::puts(char const*, VgaColour, VgaColour)
                0x00000000c00088fa                VgaText::VgaText(char const*)
                0x00000000c00088fa                VgaText::VgaText(char const*)
                0x00000000c0008a4a                VgaText::receiveKey(unsigned char)
                0x00000000c0008bb2                VgaText::doUpdate()
                0x00000000c0008bb3                newTerminal(char*)
 .text          0x00000000c0008bd8      0x1a1 core/tss.32
                0x00000000c0008bd8                TSS::TSS()
                0x00000000c0008bd8                TSS::TSS()
                0x00000000c0008be8                TSS::setESP(unsigned long)
                0x00000000c0008bfc                TSS::flush()
                0x00000000c0008c1c                TSS::setup(unsigned long, unsigned long)
 *fill*         0x00000000c0008d79        0x1 
 .text          0x00000000c0008d7a      0x4c2 core/unixfile.32
                0x00000000c0008d7a                ReservedFilename::read(unsigned long long, void*, int*)
                0x00000000c0008dd0                ReservedFilename::isAtty()
                0x00000000c0008dec                ReservedFilename::write(unsigned long long, void*, int*)
                0x00000000c0008e4a                UnixFile::getFileDescriptor()
                0x00000000c0008e52                UnixFile::UnixFile(int)
                0x00000000c0008e52                UnixFile::UnixFile(int)
                0x00000000c0009002                ReservedFilename::ReservedFilename(int)
                0x00000000c0009002                ReservedFilename::ReservedFilename(int)
                0x00000000c0009034                UnixFile::~UnixFile()
                0x00000000c0009034                UnixFile::~UnixFile()
                0x00000000c00090cc                UnixFile::~UnixFile()
                0x00000000c00090f4                ReservedFilename::~ReservedFilename()
                0x00000000c00090f4                ReservedFilename::~ReservedFilename()
                0x00000000c0009118                ReservedFilename::~ReservedFilename()
                0x00000000c000913f                getFromFileDescriptor(int)
 .text          0x00000000c000923c     0x11d0 core/virtmgr.32
                0x00000000c000923c                Virt::setPageState(unsigned long, Virt::VirtPageState)
                0x00000000c0009271                Virt::getPageState(unsigned long)
                0x00000000c0009295                Virt::allocateKernelVirtualPages(int)
                0x00000000c00093a6                Virt::freeSwapfilePage(unsigned long)
                0x00000000c00093c4                Virt::swapIDToSector(unsigned long)
                0x00000000c00093d6                Virt::allocateSwapfilePage()
                0x00000000c0009454                Virt::virtualMemorySetup()
                0x00000000c000949f                Virt::setupPageSwapping(int)
                0x00000000c0009510                VAS::VAS(VAS*)
                0x00000000c0009510                VAS::VAS(VAS*)
                0x00000000c000953e                VAS::getForeignPageTableEntry(bool, unsigned long)
                0x00000000c000956a                VAS::getPageTableEntry(unsigned long)
                0x00000000c0009589                Virt::freeKernelVirtualPages(unsigned long)
                0x00000000c00096ae                VAS::freeAllocatedPages(unsigned long)
                0x00000000c00096d2                VAS::virtualToPhysical(unsigned long)
                0x00000000c00096ec                VAS::reflagRange(unsigned long, int, int, int)
                0x00000000c000972c                VAS::VAS()
                0x00000000c000972c                VAS::VAS()
                0x00000000c0009796                VAS::setToWriteCombining(unsigned long, int)
                0x00000000c00097ca                VAS::mapOtherVASIn(bool, VAS*)
                0x00000000c00097f4                VAS::~VAS()
                0x00000000c00097f4                VAS::~VAS()
                0x00000000c0009958                VAS::mapPage(unsigned long, unsigned long, int)
                0x00000000c0009a5c                VAS::allocatePages(int, int)
                0x00000000c0009c34                VAS::setCPUSpecific(unsigned long)
                0x00000000c0009c52                VAS::mapRange(unsigned long, unsigned long, int, int)
                0x00000000c0009d18                VAS::mapForeignPage(bool, VAS*, unsigned long, unsigned long, int)
                0x00000000c0009e06                VAS::VAS(bool)
                0x00000000c0009e06                VAS::VAS(bool)
                0x00000000c000a086                VAS::evict(unsigned long)
                0x00000000c000a148                VAS::tryLoadBackOffDisk(unsigned long)
                0x00000000c000a236                VAS::scanForEviction()
                0x00000000c000a316                mapVASFirstTime
 .text          0x00000000c000a40c       0x5f coreobjs/c++.32
                0x00000000c000a40c                __cxa_atexit
                0x00000000c000a40f                __cxa_finalize
                0x00000000c000a410                __stack_chk_fail
                0x00000000c000a446                __cxa_pure_virtual
                0x00000000c000a457                operator new[](unsigned long)
                0x00000000c000a45c                operator delete(void*, unsigned long)
                0x00000000c000a461                operator delete[](void*)
                0x00000000c000a466                operator delete[](void*, unsigned long)
 .text          0x00000000c000a46b      0x21c dbg/kconsole.32
                0x00000000c000a46b                Dbg::stringifyxWithBase(unsigned int, char*, int)
                0x00000000c000a4d6                Dbg::logc(char)
                0x00000000c000a4f6                Dbg::logs(char*)
                0x00000000c000a513                Dbg::logWriteInt(unsigned int)
                0x00000000c000a531                Dbg::logWriteIntBase(unsigned int, int)
                0x00000000c000a552                Dbg::kprintf(char const*, ...)
 *fill*         0x00000000c000a687        0x1 
 .text          0x00000000c000a688      0xc5c fs/vfs.32
                0x00000000c000a688                File::read(unsigned long long, void*, int*)
                0x00000000c000a6e0                File::write(unsigned long long, void*, int*)
                0x00000000c000a738                Directory::read(unsigned long long, void*, int*)
                0x00000000c000a790                Directory::write(unsigned long long, void*, int*)
                0x00000000c000a7be                File::isAtty()
                0x00000000c000a7c2                Directory::isAtty()
                0x00000000c000a7c6                Filesystem::getlabel(LogicalDisk*, int, char*, unsigned int*)
                0x00000000c000a7cc                Filesystem::setlabel(LogicalDisk*, int, char*)
                0x00000000c000a7d2                Filesystem::allocateSwapfile(char const*, int)
                0x00000000c000a7d8                File::~File()
                0x00000000c000a7d8                File::~File()
                0x00000000c000a7fc                File::~File()
                0x00000000c000a826                Directory::~Directory()
                0x00000000c000a826                Directory::~Directory()
                0x00000000c000a84a                Directory::~Directory()
                0x00000000c000a874                Filesystem::Filesystem()
                0x00000000c000a874                Filesystem::Filesystem()
                0x00000000c000a898                Filesystem::~Filesystem()
                0x00000000c000a898                Filesystem::~Filesystem()
                0x00000000c000a8a6                Filesystem::~Filesystem()
                0x00000000c000a8ca                Fs::getcwd(Process*, char*, int)
                0x00000000c000a8f4                Fs::initVFS()
                0x00000000c000a91e                Fs::standardiseFiles(char*, char const*, char const*)
                0x00000000c000aac8                File::File(char const*, Process*)
                0x00000000c000aac8                File::File(char const*, Process*)
                0x00000000c000ab88                File::open(FileOpenMode)
                0x00000000c000abe6                File::close()
                0x00000000c000ac46                File::seek(unsigned long long)
                0x00000000c000ac9c                File::tell(unsigned long long*)
                0x00000000c000acec                File::rewind()
                0x00000000c000ad00                File::unlink()
                0x00000000c000ad4c                File::rename(char const*)
                0x00000000c000ad9a                File::chfatattr(unsigned char, unsigned char)
                0x00000000c000adf6                File::exists()
                0x00000000c000ae34                File::stat(unsigned long long*, bool*)
                0x00000000c000ae95                Fs::setcwd(Process*, char*)
                0x00000000c000aff2                Directory::Directory(char const*, Process*)
                0x00000000c000aff2                Directory::Directory(char const*, Process*)
                0x00000000c000b0b2                Directory::open()
                0x00000000c000b10e                Directory::close()
                0x00000000c000b16e                Directory::unlink()
                0x00000000c000b1ba                Directory::rename(char const*)
                0x00000000c000b208                Directory::exists()
                0x00000000c000b246                Directory::read(dirent*)
                0x00000000c000b292                Directory::create()
                0x00000000c000b2de                Filesystem::chfatattr(char const*, unsigned char, unsigned char)
 .text          0x00000000c000b2e4       0x86 hal/bus.32
                0x00000000c000b2e4                Bus::Bus(char const*)
                0x00000000c000b2e4                Bus::Bus(char const*)
                0x00000000c000b31c                Bus::~Bus()
                0x00000000c000b31c                Bus::~Bus()
                0x00000000c000b340                Bus::~Bus()
 .text          0x00000000c000b36a       0x96 hal/buzzer.32
                0x00000000c000b36a                beepThread(void*)
                0x00000000c000b3a7                Krnl::beep(int, int, bool)
 .text          0x00000000c000b400      0x46d hal/clock.32
                0x00000000c000b400                User::loadClockSettings(int)
                0x00000000c000b452                Clock::Clock(char const*)
                0x00000000c000b452                Clock::Clock(char const*)
                0x00000000c000b488                Clock::~Clock()
                0x00000000c000b488                Clock::~Clock()
                0x00000000c000b4ac                Clock::~Clock()
                0x00000000c000b4d6                Clock::timeInSecondsLocal()
                0x00000000c000b51e                Clock::setTimeInSecondsLocal(unsigned long long)
                0x00000000c000b577                datetimeToSeconds(datetime_t)
                0x00000000c000b6a4                Clock::setTimeInDatetimeLocal(datetime_t)
                0x00000000c000b704                secondsToDatetime(unsigned long long)
                0x00000000c000b848                Clock::timeInDatetimeLocal()
 *fill*         0x00000000c000b86d        0x1 
 .text          0x00000000c000b86e      0x464 hal/device.32
                0x00000000c000b86e                Device::hibernate()
                0x00000000c000b870                Device::wake()
                0x00000000c000b872                Device::detect()
                0x00000000c000b874                Device::disableLegacy()
                0x00000000c000b876                Device::powerSaving(PowerSavingLevel)
                0x00000000c000b878                DriverlessDevice::close(int, int, void*)
                0x00000000c000b87c                DriverlessDevice::detect()
                0x00000000c000b87e                DriverlessDevice::open(int, int, void*)
                0x00000000c000b892                Device::~Device()
                0x00000000c000b892                Device::~Device()
                0x00000000c000b8a0                Device::~Device()
                0x00000000c000b8c8                Device::findAndLoadDriver()
                0x00000000c000b8d6                Device::preOpenPCI(PCIDeviceInfo)
                0x00000000c000b8fc                Device::preOpenACPI(void*, char*, char*)
                0x00000000c000b93c                Device::addIRQHandler(int, void (*)(regs*, void*), bool, void*)
                0x00000000c000b966                Device::getParent()
                0x00000000c000b972                Device::removeIRQHandler(int, void (*)(regs*, void*), bool)
                0x00000000c000b990                Device::addChild(Device*)
                0x00000000c000b9d4                Device::removeAllChildren()
                0x00000000c000ba1a                Device::hibernateAll()
                0x00000000c000ba4a                Device::wakeAll()
                0x00000000c000ba7a                Device::detectAll()
                0x00000000c000baaa                Device::disableLegacyAll()
                0x00000000c000baac                Device::loadDriversForAll()
                0x00000000c000baae                Device::closeAll()
                0x00000000c000bae4                Device::powerSavingAll(PowerSavingLevel)
                0x00000000c000bb1a                Device::setName(char const*)
                0x00000000c000bb28                Device::Device(char const*)
                0x00000000c000bb28                Device::Device(char const*)
                0x00000000c000bc24                Device::getName()
                0x00000000c000bc2e                DriverlessDevice::DriverlessDevice(char const*)
                0x00000000c000bc2e                DriverlessDevice::DriverlessDevice(char const*)
                0x00000000c000bc64                Device::addToLinkedList(LinkedList<Device>&, DeviceType)
                0x00000000c000bca8                getDevicesOfType(DeviceType)
 *fill*         0x00000000c000bcd2        0x2 
 .text          0x00000000c000bcd4       0x86 hal/diskctrl.32
                0x00000000c000bcd4                HardDiskController::HardDiskController(char const*)
                0x00000000c000bcd4                HardDiskController::HardDiskController(char const*)
                0x00000000c000bd0c                HardDiskController::~HardDiskController()
                0x00000000c000bd0c                HardDiskController::~HardDiskController()
                0x00000000c000bd30                HardDiskController::~HardDiskController()
 .text          0x00000000c000bd5a       0xe2 hal/diskphys.32
                0x00000000c000bd5a                PhysicalDisk::eject()
                0x00000000c000bd5e                PhysicalDisk::PhysicalDisk(char const*, int)
                0x00000000c000bd5e                PhysicalDisk::PhysicalDisk(char const*, int)
                0x00000000c000bdc6                PhysicalDisk::startCache()
                0x00000000c000bdee                PhysicalDisk::~PhysicalDisk()
                0x00000000c000bdee                PhysicalDisk::~PhysicalDisk()
                0x00000000c000be12                PhysicalDisk::~PhysicalDisk()
 .text          0x00000000c000be3c        0x0 hal/fpu.32
 .text          0x00000000c000be3c      0x35d hal/intctrl.32
                0x00000000c000be3c                int_handler
                0x00000000c000bec4                installISRHandler(int, void (*)(regs*, void*), void*)
                0x00000000c000bf0c                installIRQHandler(int, void (*)(regs*, void*), bool, void*)
                0x00000000c000c044                uninstallISRHandler(int, void (*)(regs*, void*))
                0x00000000c000c078                uninstallIRQHandler(int, void (*)(regs*, void*), bool)
                0x00000000c000c0f7                setupINTS()
                0x00000000c000c154                convertLegacyIRQNumber(int)
 *fill*         0x00000000c000c199        0x1 
 .text          0x00000000c000c19a      0x7bc hal/keybrd.32
                0x00000000c000c19a                startGUI(void*)
                0x00000000c000c206                startGUIVESA(void*)
                0x00000000c000c272                sendKeyToTerminal(unsigned char)
                0x00000000c000c33b                sendKeyboardToken(KeyboardToken)
                0x00000000c000c77b                clearInternalKeybuffer(VgaText*)
                0x00000000c000c7b0                readKeyboard(VgaText*, char*, unsigned long)
                0x00000000c000c8cc                Keyboard::Keyboard(char const*)
                0x00000000c000c8cc                Keyboard::Keyboard(char const*)
                0x00000000c000c908                Keyboard::~Keyboard()
                0x00000000c000c908                Keyboard::~Keyboard()
                0x00000000c000c92c                Keyboard::~Keyboard()
 .text          0x00000000c000c956      0x3ea hal/logidisk.32
                0x00000000c000c956                LogicalDisk::close(int, int, void*)
                0x00000000c000c95a                LogicalDisk::~LogicalDisk()
                0x00000000c000c95a                LogicalDisk::~LogicalDisk()
                0x00000000c000c97e                LogicalDisk::~LogicalDisk()
                0x00000000c000c9a8                LogicalDisk::open(int, int, void*)
                0x00000000c000c9bc                LogicalDisk::absoluteToRelative(unsigned long long)
                0x00000000c000c9f4                LogicalDisk::relativeToAbsolute(unsigned long long)
                0x00000000c000ca3a                LogicalDisk::LogicalDisk(char const*, PhysicalDisk*, unsigned long long, unsigned long long)
                0x00000000c000ca3a                LogicalDisk::LogicalDisk(char const*, PhysicalDisk*, unsigned long long, unsigned long long)
                0x00000000c000caf0                LogicalDisk::assignDriveLetter()
                0x00000000c000cba6                LogicalDisk::mount()
                0x00000000c000cbee                LogicalDisk::unmount()
                0x00000000c000cbfe                LogicalDisk::eject()
                0x00000000c000cc12                LogicalDisk::unassignDriveLetter()
                0x00000000c000cc68                LogicalDisk::read(unsigned long long, int, void*)
                0x00000000c000ccd4                LogicalDisk::write(unsigned long long, int, void*)
 .text          0x00000000c000cd40       0x86 hal/mouse.32
                0x00000000c000cd40                Mouse::Mouse(char const*)
                0x00000000c000cd40                Mouse::Mouse(char const*)
                0x00000000c000cd78                Mouse::~Mouse()
                0x00000000c000cd78                Mouse::~Mouse()
                0x00000000c000cd9c                Mouse::~Mouse()
 .text          0x00000000c000cdc6      0x339 hal/partition.32
                0x00000000c000cdc6                makePartition(PhysicalDisk*, unsigned long long, unsigned long long)
                0x00000000c000ce6e                createPartitionsForDisk(PhysicalDisk*)
 *fill*         0x00000000c000d0ff        0x1 
 .text          0x00000000c000d100       0x86 hal/serial.32
                0x00000000c000d100                Serial::Serial(char const*)
                0x00000000c000d100                Serial::Serial(char const*)
                0x00000000c000d138                Serial::~Serial()
                0x00000000c000d138                Serial::~Serial()
                0x00000000c000d15c                Serial::~Serial()
 *fill*         0x00000000c000d186        0x2 
 .text          0x00000000c000d188      0x234 hal/timer.32
                0x00000000c000d188                Timer::Timer(char const*)
                0x00000000c000d188                Timer::Timer(char const*)
                0x00000000c000d1c0                Timer::~Timer()
                0x00000000c000d1c0                Timer::~Timer()
                0x00000000c000d1e4                Timer::~Timer()
                0x00000000c000d20e                Timer::read()
                0x00000000c000d219                setupTimer(int)
                0x00000000c000d254                timerHandler(unsigned int)
 .text          0x00000000c000d3bc      0x468 hal/vcache.32
                0x00000000c000d3bc                VCache::VCache(PhysicalDisk*)
                0x00000000c000d3bc                VCache::VCache(PhysicalDisk*)
                0x00000000c000d52c                VCache::invalidateReadBuffer()
                0x00000000c000d53c                VCache::writeWriteBuffer()
                0x00000000c000d588                VCache::~VCache()
                0x00000000c000d588                VCache::~VCache()
                0x00000000c000d5dc                VCache::~VCache()
                0x00000000c000d604                VCache::write(unsigned long long, int, void*)
                0x00000000c000d71a                VCache::read(unsigned long long, int, void*)
 .text          0x00000000c000d824      0x4b3 hal/video.32
                0x00000000c000d824                Video::putrect(int, int, int, int, unsigned int)
                0x00000000c000d870                Video::bitblit(int, int, int, int, int, int, int, unsigned int*)
                0x00000000c000d8e0                Video::blit(unsigned int*, int, int, int, int)
                0x00000000c000d95e                Video::clearScreen(unsigned int)
                0x00000000c000d992                Video::putpixel(int, int, unsigned int)
                0x00000000c000d9a0                Video::Video(char const*)
                0x00000000c000d9a0                Video::Video(char const*)
                0x00000000c000d9d6                Video::~Video()
                0x00000000c000d9d6                Video::~Video()
                0x00000000c000d9fa                Video::~Video()
                0x00000000c000da24                Video::isMonochrome()
                0x00000000c000da30                Video::getWidth()
                0x00000000c000da3c                Video::getHeight()
                0x00000000c000da48                Video::drawCursor(int, int, unsigned char*, int)
                0x00000000c000db04                Video::tgaParse(unsigned char*, int, int*, int*)
                0x00000000c000dc6c                Video::putTGA(int, int, unsigned char*, int)
 *fill*         0x00000000c000dcd7        0x1 
 .text          0x00000000c000dcd8     0x1307 hw/acpi.32
                0x00000000c000dcd8                ACPI::close(int, int, void*)
                0x00000000c000dd90                findRSDP()
                0x00000000c000de20                loadACPITables(unsigned char*)
                0x00000000c000e084                findRSDT(unsigned char*)
                0x00000000c000e1d4                findDataTable(unsigned char*, char*)
                0x00000000c000e24c                scanMADT()
                0x00000000c000e720                ACPI::ACPI()
                0x00000000c000e720                ACPI::ACPI()
                0x00000000c000e774                ACPI::getPCIIRQAssignment(unsigned char, unsigned short, unsigned char)
                0x00000000c000e85c                ACPI::registerPCIIRQAssignment(void*, unsigned short, unsigned char, unsigned char)
                0x00000000c000e924                ACPI::setScreenBrightnessLevel(void*, int)
                0x00000000c000e92c                ACPI::detectPCI()
                0x00000000c000eb34                ACPI::writeSimpleBootFlag(SimpleBootFlagTable*)
                0x00000000c000eb88                ACPI::sleep()
                0x00000000c000eba4                ACPI::open(int, int, void*)
 *fill*         0x00000000c000efdf        0x1 
 .text          0x00000000c000efe0      0xb95 hw/cpu.32
                0x00000000c000efe0                CPU::close(int, int, void*)
                0x00000000c000efe4                CPU::AMD_K6_write_msr(unsigned int, unsigned int, unsigned int, CPU::REGS*)
                0x00000000c000f000                CPU::AMD_K6_read_msr(unsigned int, CPU::REGS*)
                0x00000000c000f018                CPU::AMD_K6_writeback(int, int, int)
                0x00000000c000f08c                CPU::cpuid(int, unsigned long*, unsigned long*, unsigned long*, unsigned long*)
                0x00000000c000f110                CPU::cpuidCheckEDX(unsigned int)
                0x00000000c000f13e                CPU::cpuidCheckECX(unsigned int)
                0x00000000c000f16c                CPU::cpuidCheckExtendedEBX(unsigned int)
                0x00000000c000f19a                CPU::cpuidCheckExtendedECX(unsigned int)
                0x00000000c000f1c8                CPU::CPU()
                0x00000000c000f1c8                CPU::CPU()
                0x00000000c000f256                CPU::displayFeatures()
                0x00000000c000f258                CPU::detectFeatures()
                0x00000000c000f91c                CPU::setupSMEP()
                0x00000000c000f928                CPU::setupUMIP()
                0x00000000c000f932                CPU::setupTSC()
                0x00000000c000f93c                CPU::setupLargePages()
                0x00000000c000f946                CPU::setupPAT()
                0x00000000c000f982                CPU::setupMTRR()
                0x00000000c000f984                CPU::setupGlobalPages()
                0x00000000c000f98e                CPU::allowUsermodeDataAccess()
                0x00000000c000f9a0                CPU::prohibitUsermodeDataAccess()
                0x00000000c000f9b2                CPU::setupSMAP()
                0x00000000c000f9c0                CPU::setupFeatures()
                0x00000000c000fa8c                CPU::open(int, int, void*)
 .text          0x00000000c000fb75       0xd1 krnl/bootmsg.32
                0x00000000c000fb75                KeDisplaySplashScreen()
                0x00000000c000fbe3                KeSetBootMessage(char const*)
 .text          0x00000000c000fc46      0x581 krnl/env.32
                0x00000000c000fc46                EnvVarContainer::getEnv(char const*)
                0x00000000c000fc84                EnvVarContainer::setEnv(char const*, char const*)
                0x00000000c000fd46                EnvVarContainer::deleteEnv(char const*)
                0x00000000c000fd48                EnvVarContainer::loadFrom(char const*, char const*)
                0x00000000c000ff2e                EnvVarContainer::__loadSystem()
                0x00000000c000ff48                EnvVarContainer::__loadUser()
                0x00000000c000ff4a                EnvVarContainer::EnvVarContainer(Process*)
                0x00000000c000ff4a                EnvVarContainer::EnvVarContainer(Process*)
                0x00000000c000ff6c                EnvVarContainer::~EnvVarContainer()
                0x00000000c000ff6c                EnvVarContainer::~EnvVarContainer()
                0x00000000c000ff9c                Krnl::getEnv(Process*, char const*)
                0x00000000c0010001                Krnl::setEnvSystem(char const*, char const*)
                0x00000000c001001b                Krnl::setEnvUser(char const*, char const*)
                0x00000000c001003a                Krnl::setEnvProcess(Process*, char const*, char const*)
                0x00000000c001004d                Krnl::deleteEnvSystem(char const*)
                0x00000000c001004e                Krnl::deleteEnvUser(char const*)
                0x00000000c001004f                Krnl::deleteEnvProcess(Process*, char const*)
                0x00000000c0010050                Krnl::newProcessEnv(Process*)
                0x00000000c0010072                Krnl::copyProcessEnv(Process*, Process*)
                0x00000000c00100be                Krnl::loadSystemEnv()
                0x00000000c00100ec                Krnl::loadUserEnv()
                0x00000000c0010112                Krnl::flushEnv()
                0x00000000c0010113                Krnl::getProcessTotalEnvCount(Process*)
                0x00000000c0010133                Krnl::getProcessEnvPair(Process*, int)
 .text          0x00000000c00101c7       0x94 krnl/inlines.32
                0x00000000c00101c7                CPU::current()
                0x00000000c00101d3                operator new(unsigned long)
                0x00000000c00101d8                operator delete(void*)
                0x00000000c00101dd                disableIRQs()
                0x00000000c00101df                enableIRQs()
                0x00000000c00101e1                lockScheduler()
                0x00000000c00101e9                unlockScheduler()
                0x00000000c00101f8                lockStuff()
                0x00000000c0010206                unlockStuff()
                0x00000000c0010240                Virt::getAKernelVAS()
                0x00000000c0010246                __not_memcpy
 .text          0x00000000c001025b        0xc krnl/panic.32
                0x00000000c001025b                KePanic(char const*)
 .text          0x00000000c0010267      0x142 krnl/powctrl.32
                0x00000000c0010267                Krnl::powerThread(void*)
                0x00000000c0010295                Krnl::changePowerSettings(Krnl::PowerSettings)
                0x00000000c00102ab                Krnl::userIOReceived()
                0x00000000c00102b6                Krnl::handlePowerButton()
                0x00000000c00102eb                Krnl::handleSleepButton()
                0x00000000c0010320                Krnl::setupPowerManager()
 *fill*         0x00000000c00103a9        0x3 
 .text          0x00000000c00103ac      0x190 krnl/resolve.32
                0x00000000c00103ac                KeResolveCompatibilitySymbol(char*)
 .text          0x00000000c001053c      0x2c3 krnl/signal.32
                0x00000000c001053c                KiSigKill(int)
                0x00000000c0010568                KiDefaultSignalHandlerIgnore(int)
                0x00000000c0010569                KiDefaultSignalHandlerPause(int)
                0x00000000c0010595                KiDefaultSignalHandlerResume(int)
                0x00000000c00105c1                KeDeinitSignals(SigHandlerBlock*)
                0x00000000c00105c6                KeInitSignals()
                0x00000000c0010611                KeRegisterSignalHandler(SigHandlerBlock*, int, void (*)(int), unsigned int, int)
                0x00000000c0010647                KeRaiseSignal(SigHandlerBlock*, int)
                0x00000000c00106c4                KeCheckSignal(SigHandlerBlock*)
                0x00000000c00107af                KiCheckSignalZ
                0x00000000c00107c4                KeCompleteSignal(SigHandlerBlock*, int)
 .text          0x00000000c00107ff      0xc39 krnl/syscalls.32
                0x00000000c00107ff                SysSeekDir(regs*)
                0x00000000c0010804                SysTellDir(regs*)
                0x00000000c0010809                SysVerify(regs*)
                0x00000000c0010813                SysGetArgc(regs*)
                0x00000000c0010823                SysTTYName(regs*)
                0x00000000c001082b                SysFormatDisk(regs*)
                0x00000000c0010898                SysSetDiskVolumeLabel(regs*)
                0x00000000c00108e2                SysGetDiskVolumeLabel(regs*)
                0x00000000c0010937                SysShutdown(regs*)
                0x00000000c0010995                SysRealpath(regs*)
                0x00000000c00109d8                SysReadDir(regs*)
                0x00000000c0010a58                SysIsATTY(regs*)
                0x00000000c0010ab4                SysSeek(regs*)
                0x00000000c0010b0d                SysTell(regs*)
                0x00000000c0010b7c                SysSize(regs*)
                0x00000000c0010bf1                SysSizeFromFilename(regs*)
                0x00000000c0010ca4                SysClose(regs*)
                0x00000000c0010d04                SysOpenDir(regs*)
                0x00000000c0010d7b                SysMakeDir(regs*)
                0x00000000c0010de5                SysCloseDir(regs*)
                0x00000000c0010e39                SysWait(regs*)
                0x00000000c0010e56                SysNotImpl(regs*)
                0x00000000c0010e71                SysPanic(regs*)
                0x00000000c0010e8c                SysRmdir(regs*)
                0x00000000c0010ef3                SysUnlink(regs*)
                0x00000000c0010f5a                SysGetArgv(regs*)
                0x00000000c0010fa7                SysUSleep(regs*)
                0x00000000c0010fd0                SysSpawn(regs*)
                0x00000000c0011039                SysGetEnv(regs*)
                0x00000000c00110e8                SysSetFatAttrib(regs*)
                0x00000000c001115f                SysPipe(regs*)
                0x00000000c00111a4                SysGetUnixTime(regs*)
                0x00000000c00111b8                string_ends_with(char const*, char const*)
                0x00000000c0011202                SysOpen(regs*)
                0x00000000c00113f6                KeSystemCall(regs*, void*)
 .text          0x00000000c0011438      0x50e reg/registry.32
                0x00000000c0011438                Reg::findLineFromLoadedData(char*, char*, char*)
                0x00000000c0011590                Reg::getLineFromRegistry(char*, char*, char*, char*)
                0x00000000c00116e5                Reg::getLine(char*, char*, char*)
                0x00000000c001171c                Reg::readInt(char*, char*, int*)
                0x00000000c0011807                Reg::readString(char*, char*, char*, int)
                0x00000000c0011888                Reg::readBool(char*, char*, bool*)
                0x00000000c00118ad                Reg::readBoolWithDefault(char*, char*, bool)
                0x00000000c00118d9                Reg::readIntWithDefault(char*, char*, int)
                0x00000000c0011905                Reg::readStringWithDefault(char*, char*, char*, int, char*)
 .text          0x00000000c0011946       0x36 sys/eject.32
                0x00000000c0011946                SysEject(regs*)
 .text          0x00000000c001197c       0x18 sys/exit.32
                0x00000000c001197c                SysExit(regs*)
 .text          0x00000000c0011994       0x1f sys/getcwd.32
                0x00000000c0011994                SysGetCwd(regs*)
 .text          0x00000000c00119b3        0xc sys/getpid.32
                0x00000000c00119b3                SysGetPID(regs*)
 .text          0x00000000c00119bf       0x1a sys/getramdata.32
                0x00000000c00119bf                SysGetRAMData(regs*)
 .text          0x00000000c00119d9       0x82 sys/getvgaptr.32
                0x00000000c00119d9                SysGetVGAPtr(regs*)
 .text          0x00000000c0011a5b       0xa8 sys/loaddll.32
                0x00000000c0011a5b                SysLoadDLL(regs*)
 .text          0x00000000c0011b03       0x68 sys/read.32
                0x00000000c0011b03                SysRead(regs*)
 .text          0x00000000c0011b6b       0x29 sys/registersignal.32
                0x00000000c0011b6b                SysRegisterSignal(regs*)
 .text          0x00000000c0011b94       0x55 sys/sbrk.32
                0x00000000c0011b94                SysSbrk(regs*)
 .text          0x00000000c0011be9       0x1c sys/setcwd.32
                0x00000000c0011be9                SysSetCwd(regs*)
 .text          0x00000000c0011c05       0x95 sys/settime.32
                0x00000000c0011c05                SysSetTime(regs*)
 .text          0x00000000c0011c9a       0x4a sys/timezone.32
                0x00000000c0011c9a                SysTimezone(regs*)
 .text          0x00000000c0011ce4       0x68 sys/write.32
                0x00000000c0011ce4                SysWrite(regs*)
 .text          0x00000000c0011d4c       0x62 sys/wsbe.32
                0x00000000c0011d4c                SysWsbe(regs*)
 .text          0x00000000c0011dae       0x25 sys/yield.32
                0x00000000c0011dae                SysYield(regs*)
 .text          0x00000000c0011dd3     0x11e5 thr/elf.32
                0x00000000c0011dd3                Thr::allocateMemoryForTask(Process*, File*, unsigned long, unsigned long, unsigned long)
                0x00000000c001205f                Thr::loadProgramIntoMemory(Process*, char const*)
                0x00000000c0012275                Thr::runtimeReferenceHelper()
                0x00000000c0012288                Thr::getAddressOfKernelSymbol(char const*)
                0x00000000c00122d7                Thr::loadKernelSymbolTable(char const*)
                0x00000000c0012595                Thr::loadDriverIntoMemory(char const*, unsigned long, bool)
                0x00000000c0012ccb                Thr::getDriverBaseFromAddress(unsigned long)
                0x00000000c0012cfd                Thr::getDriverNameFromAddress(unsigned long)
                0x00000000c0012d34                Thr::getDriverOffsetFromAddress(unsigned long)
                0x00000000c0012d4e                Thr::loadDLL(char const*, bool)
                0x00000000c0012f7f                Thr::executeDLL(unsigned long, void*)
 .text          0x00000000c0012fb8     0x12fd thr/prcssthr.32
                0x00000000c0012fb8                userModeEntryPoint(void*)
                0x00000000c0012fe0                changeTSS
                0x00000000c0013010                switchToThread(ThreadControlBlock*)
                0x00000000c00130c4                Process::addArgs(char**)
                0x00000000c0013124                Process::Process(char const*, Process*, char**)
                0x00000000c0013124                Process::Process(char const*, Process*, char**)
                0x00000000c0013330                Process::Process(bool, char const*, Process*, char**)
                0x00000000c0013330                Process::Process(bool, char const*, Process*, char**)
                0x00000000c0013508                taskStartupFunction
                0x00000000c0013514                Semaphore::Semaphore(int)
                0x00000000c0013514                Semaphore::Semaphore(int)
                0x00000000c0013544                Mutex::Mutex()
                0x00000000c0013544                Mutex::Mutex()
                0x00000000c0013558                Process::createThread(void (*)(void*), void*, int)
                0x00000000c0013650                Process::createUserThread()
                0x00000000c0013670                setupMultitasking(void (*)())
                0x00000000c0013778                schedule()
                0x00000000c0013808                Semaphore::tryAcquire()
                0x00000000c00138d4                Semaphore::assertLocked(char const*)
                0x00000000c001394c                blockTaskWithSchedulerLockAlreadyHeld(TaskState)
                0x00000000c0013974                blockTask(TaskState)
                0x00000000c00139a4                waitTask(int, int*, int)
                0x00000000c00139e8                milliTenthSleepUntil(unsigned int)
                0x00000000c0013a78                milliTenthSleep(unsigned int)
                0x00000000c0013a88                sleep(unsigned int)
                0x00000000c0013aa4                Semaphore::acquire()
                0x00000000c0013b60                taskReturned
                0x00000000c0013b9c                Thr::processFromPID(int)
                0x00000000c0013c3c                unblockTask(ThreadControlBlock*)
                0x00000000c0013ce0                cleanupTerminatedTask(ThreadControlBlock*)
                0x00000000c0013fac                cleanerTaskFunction(void*)
                0x00000000c001409c                terminateTask(int)
                0x00000000c0014168                Thr::terminateFromIRQ(int)
                0x00000000c0014178                Semaphore::release()
 .text          0x00000000c00142b5      0xb93 vm86/vm8086.32
                0x00000000c00142b5                Vm::inbv(unsigned short)
                0x00000000c00142c8                Vm::outbv(unsigned short, unsigned char)
                0x00000000c00142fe                Vm::realToLinear(unsigned short, unsigned short)
                0x00000000c001430e                Vm::getSegment(unsigned int)
                0x00000000c0014316                Vm::getOffset(unsigned int)
                0x00000000c001431b                Vm::mainloop2()
                0x00000000c0014355                Vm::mainVm8086Loop(void*)
                0x00000000c0014365                Vm::mainloop3(unsigned long)
                0x00000000c001438b                Vm::initialise8086()
                0x00000000c00143ce                Vm::finish8086()
                0x00000000c001442f                Vm::getOutput8086(unsigned char*)
                0x00000000c0014454                Vm::start8086FromBuffer(unsigned char*, int, unsigned short, unsigned short, unsigned short, unsigned short)
                0x00000000c001450d                Vm::start8086(char const*, unsigned short, unsigned short, unsigned short, unsigned short)
                0x00000000c0014675                Vm::doISR(regs*, int, unsigned char*, unsigned short, unsigned short)
                0x00000000c00146ff                Vm::readByteFromReal(unsigned short, unsigned short)
                0x00000000c0014710                Vm::readWordFromReal(unsigned short, unsigned short)
                0x00000000c0014722                Vm::readDwordFromReal(unsigned short, unsigned short)
                0x00000000c0014733                Vm::writeByteFromReal(unsigned short, unsigned short, unsigned char)
                0x00000000c0014748                Vm::writeWordFromReal(unsigned short, unsigned short, unsigned short)
                0x00000000c001475e                Vm::writeDwordFromReal(unsigned short, unsigned short, unsigned int)
                0x00000000c0014773                Vm::faultHandler(regs*)
 .text          0x00000000c0014e48      0xa53 arch/i386/hal.32
                0x00000000c0014e48                noCopro(unsigned long)
                0x00000000c0014e49                nmiHandler(regs*, void*)
                0x00000000c0014e62                doubleFault(regs*, void*)
                0x00000000c0014e7b                displayDebugInfo(regs*)
                0x00000000c001519c                HalSystemIdle()
                0x00000000c0015212                displayProgramFault(char const*)
                0x00000000c001525e                gpFault(regs*, void*)
                0x00000000c00152c3                pgFault(regs*, void*)
                0x00000000c0015349                otherISRHandler(regs*, void*)
                0x00000000c001537d                opcodeFault(regs*, void*)
                0x00000000c00153fd                i386SaveCoprocessor(void*)
                0x00000000c0015411                i386LoadCoprocessor(void*)
                0x00000000c0015425                x87EmulHandler(regs*, void*)
                0x00000000c00154c2                HalInitialiseCoprocessor()
                0x00000000c0015570                HalPanic(char const*)
                0x00000000c0015669                HalQueryPerformanceCounter()
                0x00000000c0015684                HalInitialise()
                0x00000000c001582a                HalMakeBeep(int)
                0x00000000c0015864                HalGetRand()
                0x00000000c0015867                HalEndOfInterrupt(int)
                0x00000000c0015898                HalRestart()
                0x00000000c0015899                HalShutdown()
                0x00000000c001589a                HalSleep()
 *fill*         0x00000000c001589b        0x1 
 .text          0x00000000c001589c      0x2f4 arch/i386/pic.32
                0x00000000c001589c                picIoWait()
                0x00000000c00158a4                picDisable()
                0x00000000c00158d8                picGetIRQReg(int)
                0x00000000c001595c                picOpen()
                0x00000000c0015aec                picEOI(int)
 .text          0x00000000c0015b90      0x64d arch/i386/rtc.32
                0x00000000c0015b90                RTC::open(int, int, void*)
                0x00000000c0015b94                RTC::close(int, int, void*)
                0x00000000c0015b98                RTC::timeInSecondsUTC()
                0x00000000c0015baa                RTC::timeInDatetimeUTC()
                0x00000000c0015bd0                RTC::setTimeInSecondsUTC(unsigned long long)
                0x00000000c0015c0e                RTC::~RTC()
                0x00000000c0015c0e                RTC::~RTC()
                0x00000000c0015c32                RTC::~RTC()
                0x00000000c0015c5c                RTC::get_update_in_progress_flag()
                0x00000000c0015c74                RTC::completeRTCRefresh()
                0x00000000c0015f2c                RTC::setTimeInDatetimeUTC(datetime_t)
                0x00000000c00160df                rtcIRQHandler(regs*, void*)
                0x00000000c0016124                RTC::RTC()
                0x00000000c0016124                RTC::RTC()
 *fill*         0x00000000c00161dd        0x3 
 .text          0x00000000c00161e0      0x203 arch/i386/vga.32
                0x00000000c00161e0                HalConsoleScroll(int, int)
                0x00000000c00162e8                HalConsoleWriteCharacter(char, int, int, int, int)
                0x00000000c0016354                HalConsoleCursorUpdate(int, int)
 *fill*         0x00000000c00163e3        0x1 
 .text          0x00000000c00163e4     0x13e7 fs/fat/vfslink.32
                0x00000000c00163e4                FAT::getName()
                0x00000000c00163ec                FAT::tell(void*, unsigned long long*)
                0x00000000c0016428                FAT::stat(void*, unsigned long long*)
                0x00000000c0016464                FAT::~FAT()
                0x00000000c0016464                FAT::~FAT()
                0x00000000c0016488                FAT::~FAT()
                0x00000000c00164b0                FAT::getlabel(LogicalDisk*, int, char*, unsigned int*)
                0x00000000c0016554                FAT::setlabel(LogicalDisk*, int, char*)
                0x00000000c0016618                FAT::format(LogicalDisk*, int, char const*, int)
                0x00000000c00167ec                FAT::tryMount(LogicalDisk*, int)
                0x00000000c0016a04                FAT::allocateSwapfile(char const*, int)
                0x00000000c0016bc4                FAT::readDir(void*, unsigned long, void*, int*)
                0x00000000c0016d30                FAT::read(void*, unsigned long, void*, int*)
                0x00000000c0016d90                FAT::write(void*, unsigned long, void*, int*)
                0x00000000c0016df0                FAT::close(void*)
                0x00000000c0016e44                FAT::closeDir(void*)
                0x00000000c0016e98                FAT::seek(void*, unsigned long long)
                0x00000000c0016ef0                fatWrapperReadDisk
                0x00000000c0016f34                fatWrapperWriteDisk
                0x00000000c0016f78                fatWrapperIoctl
                0x00000000c0017094                FAT::FAT()
                0x00000000c0017094                FAT::FAT()
                0x00000000c00170e8                FAT::fixFilepath(char*)
                0x00000000c0017124                FAT::open(char const*, void**, FileOpenMode)
                0x00000000c001725c                FAT::openDir(char const*, void**)
                0x00000000c001730c                FAT::stat(char const*, unsigned long long*, bool*)
                0x00000000c0017404                FAT::unlink(char const*)
                0x00000000c0017484                FAT::chfatattr(char const*, unsigned char, unsigned char)
                0x00000000c0017610                FAT::rename(char const*, char const*)
                0x00000000c00176dc                FAT::mkdir(char const*)
                0x00000000c001775c                FAT::exists(char const*)
 *fill*         0x00000000c00177cb        0x1 
 .text          0x00000000c00177cc       0xc6 fs/iso9660/helper.32
                0x00000000c00177cc                isoReadDiscSectorHelper
                0x00000000c0017828                iso_kprintf
                0x00000000c0017848                iso_kprintfd
 .text          0x00000000c0017892      0x656 fs/iso9660/vfslink.32
                0x00000000c0017892                ISO9660::format(LogicalDisk*, int, char const*, int)
                0x00000000c0017898                ISO9660::getName()
                0x00000000c001789e                ISO9660::closeDir(void*)
                0x00000000c00178a8                ISO9660::chfatattr(char const*, unsigned char, unsigned char)
                0x00000000c00178ae                ISO9660::unlink(char const*)
                0x00000000c00178b4                ISO9660::write(void*, unsigned long, void*, int*)
                0x00000000c00178ba                ISO9660::rename(char const*, char const*)
                0x00000000c00178c0                ISO9660::mkdir(char const*)
                0x00000000c00178c6                ISO9660::~ISO9660()
                0x00000000c00178c6                ISO9660::~ISO9660()
                0x00000000c00178ea                ISO9660::~ISO9660()
                0x00000000c0017912                ISO9660::exists(char const*)
                0x00000000c0017926                ISO9660::open(char const*, void**, FileOpenMode)
                0x00000000c00179cc                ISO9660::read(void*, unsigned long, void*, int*)
                0x00000000c0017a14                ISO9660::seek(void*, unsigned long long)
                0x00000000c0017a56                ISO9660::tell(void*, unsigned long long*)
                0x00000000c0017a94                ISO9660::openDir(char const*, void**)
                0x00000000c0017b62                ISO9660::stat(void*, unsigned long long*)
                0x00000000c0017bb4                ISO9660::stat(char const*, unsigned long long*, bool*)
                0x00000000c0017c9e                ISO9660::close(void*)
                0x00000000c0017cce                ISO9660::readDir(void*, unsigned long, void*, int*)
                0x00000000c0017dd3                readSectorFromCDROM(unsigned int, unsigned char*, char)
                0x00000000c0017e4e                ISO9660::tryMount(LogicalDisk*, int)
                0x00000000c0017ec0                ISO9660::ISO9660()
                0x00000000c0017ec0                ISO9660::ISO9660()
 .text          0x00000000c0017ee8      0x26c hal/sound/sndcard.32
                0x00000000c0017ee8                SoundCard::beginPlayback()
                0x00000000c0017ef6                SoundCard::stopPlayback()
                0x00000000c0017f04                SoundCard::SoundCard(char const*)
                0x00000000c0017f04                SoundCard::SoundCard(char const*)
                0x00000000c0017fa2                SoundCard::~SoundCard()
                0x00000000c0017fa2                SoundCard::~SoundCard()
                0x00000000c0017fc6                SoundCard::~SoundCard()
                0x00000000c0017ff0                SoundCard::configureRates(int, int, int)
                0x00000000c0018020                SoundCard::getSamples16(int, short*)
                0x00000000c001807c                SoundCard::getSamples32(int, int*)
                0x00000000c0018102                SoundCard::addChannel(SoundPort*)
                0x00000000c0018140                SoundCard::removeChannel(int)
 .text          0x00000000c0018154      0x377 hal/sound/sndport.32
                0x00000000c0018154                SoundPort::SoundPort(int, int, int, int)
                0x00000000c0018154                SoundPort::SoundPort(int, int, int, int)
                0x00000000c00181e0                SoundPort::~SoundPort()
                0x00000000c00181e0                SoundPort::~SoundPort()
                0x00000000c0018214                SoundPort::unpause()
                0x00000000c0018220                SoundPort::pause()
                0x00000000c001822c                SoundPort::getBufferUsed()
                0x00000000c0018234                SoundPort::getBufferSize()
                0x00000000c001823c                SoundPort::buffer16(short*, int)
                0x00000000c00182c8                SoundPort::buffer32(int*, int)
                0x00000000c0018350                SoundPort::unbufferAndAdd16(int, short*, SoundCard*)
                0x00000000c0018414                SoundPort::unbufferAndAdd32(int, int*, SoundCard*)
 .text          0x00000000c00184cb        0x0 hw/bus/isa.32
 *fill*         0x00000000c00184cb        0x1 
 .text          0x00000000c00184cc      0xb49 hw/bus/pci.32
                0x00000000c00184cc                PCI::open(int, int, void*)
                0x00000000c00184ea                PCI::close(int, int, void*)
                0x00000000c00184ee                PCI::PCI()
                0x00000000c00184ee                PCI::PCI()
                0x00000000c0018588                PCI::readBAR8(unsigned int, int)
                0x00000000c00185a4                PCI::readBAR16(unsigned int, int)
                0x00000000c00185c2                PCI::readBAR32(unsigned int, int)
                0x00000000c00185de                PCI::writeBAR8(unsigned int, unsigned char, int)
                0x00000000c00185fe                PCI::writeBAR16(unsigned int, unsigned short, int)
                0x00000000c0018620                PCI::writeBAR32(unsigned int, unsigned int, int)
                0x00000000c0018640                PCI::legacyMechanism(unsigned char, unsigned char, unsigned char, unsigned char)
                0x00000000c00186ae                PCI::pciReadWord(unsigned char, unsigned char, unsigned char, unsigned char)
                0x00000000c0018756                PCI::getVendorID(unsigned char, unsigned char, unsigned char)
                0x00000000c001877a                PCI::getHeaderType(unsigned char, unsigned char, unsigned char)
                0x00000000c00187a2                PCI::getClassCode(unsigned char, unsigned char, unsigned char)
                0x00000000c00187ec                PCI::getProgIF(unsigned char, unsigned char, unsigned char)
                0x00000000c0018814                PCI::getRevisionID(unsigned char, unsigned char, unsigned char)
                0x00000000c0018838                PCI::getInterruptNumber(unsigned char, unsigned char, unsigned char)
                0x00000000c001885c                PCI::getSecondaryBus(unsigned char, unsigned char, unsigned char)
                0x00000000c0018884                PCI::getBARAddress(unsigned char, unsigned char, unsigned char, unsigned char)
                0x00000000c00188e8                PCI::pciWriteWord(unsigned char, unsigned char, unsigned char, unsigned char, unsigned short)
                0x00000000c00189d0                PCI::pciDetailsToFilepath(PCIDeviceInfo, char*)
                0x00000000c0018c4a                PCI::checkBus(unsigned char)
                0x00000000c0018c70                PCI::foundDevice(PCIDeviceInfo)
                0x00000000c0018de2                PCI::getDeviceData(unsigned char, unsigned char, unsigned char)
                0x00000000c0018f56                PCI::checkDevice(unsigned char, unsigned char)
                0x00000000c0018fc2                PCI::detect()
 *fill*         0x00000000c0019015        0x1 
 .text          0x00000000c0019016      0xb5a hw/diskctrl/ide.32
                0x00000000c0019016                IDE::close(int, int, void*)
                0x00000000c001901a                IDE::IDE()
                0x00000000c001901a                IDE::IDE()
                0x00000000c001904e                IDE::prepareInterrupt(unsigned char)
                0x00000000c0019060                selectDrive(unsigned char, unsigned char)
                0x00000000c0019062                IDE::getBase(unsigned char)
                0x00000000c0019074                IDE::write(unsigned char, unsigned char, unsigned char)
                0x00000000c0019134                IDE::read(unsigned char, unsigned char)
                0x00000000c00191e2                IDE::waitInterrupt(unsigned char)
                0x00000000c001924a                ideChannel0IRQHandler(regs*, void*)
                0x00000000c0019266                ideChannel1IRQHandler(regs*, void*)
                0x00000000c0019282                IDE::enableIRQs(unsigned char, bool)
                0x00000000c00192c8                IDE::open(int, int, void*)
                0x00000000c00196d6                IDE::readBuffer(unsigned char, unsigned char, unsigned int, unsigned int)
                0x00000000c00197a2                IDE::detect()
                0x00000000c0019a62                IDE::printError(unsigned char, unsigned char, unsigned char)
                0x00000000c0019b12                IDE::polling(unsigned char, unsigned int)
 .text          0x00000000c0019b70      0x32a hw/diskctrl/satabus.32
                0x00000000c0019b70                SATABus::close(int, int, void*)
                0x00000000c0019b74                SATABus::detect()
                0x00000000c0019b76                SATABus::SATABus()
                0x00000000c0019b76                SATABus::SATABus()
                0x00000000c0019bfc                SATABus::findCmdslot(SATABus::tagHBA_PORT volatile*)
                0x00000000c0019c2e                SATABus::checkType(SATABus::tagHBA_PORT volatile*)
                0x00000000c0019c76                SATABus::startCmd(SATABus::tagHBA_PORT volatile*)
                0x00000000c0019c96                SATABus::stopCmd(SATABus::tagHBA_PORT volatile*)
                0x00000000c0019cc0                SATABus::portRebase(SATABus::tagHBA_PORT volatile*, int)
                0x00000000c0019dd0                SATABus::probePort(SATABus::tagHBA_MEM volatile*)
                0x00000000c0019e7a                SATABus::open(int, int, void*)
 .text          0x00000000c0019e9a      0x921 hw/diskphys/ata.32
                0x00000000c0019e9a                ATA::close(int, int, void*)
                0x00000000c0019ebe                ATA::powerSaving(PowerSavingLevel)
                0x00000000c0019ec0                ATA::ATA()
                0x00000000c0019ec0                ATA::ATA()
                0x00000000c0019eee                ATA::flush(bool)
                0x00000000c0019f38                ATA::readyForCommand()
                0x00000000c0019f84                ATA::access(unsigned long long, int, void*, bool)
                0x00000000c001a300                ATA::detectCHS()
                0x00000000c001a32a                ATA::open(int, int, void*)
                0x00000000c001a3f6                combineCharAndColour(char, unsigned char)
                0x00000000c001a407                combineColours(unsigned char, unsigned char)
                0x00000000c001a414                ATA::read(unsigned long long, int, void*)
                0x00000000c001a5ea                ATA::write(unsigned long long, int, void*)
 *fill*         0x00000000c001a7bb        0x1 
 .text          0x00000000c001a7bc      0x60e hw/diskphys/atapi.32
                0x00000000c001a7bc                ATAPI::write(unsigned long long, int, void*)
                0x00000000c001a7c2                ATAPI::close(int, int, void*)
                0x00000000c001a7e6                ATAPI::ATAPI()
                0x00000000c001a7e6                ATAPI::ATAPI()
                0x00000000c001a814                ATAPI::readyForCommand()
                0x00000000c001a866                ATAPI::sendPacket(unsigned char*, int, bool, unsigned short*, int)
                0x00000000c001ab26                ATAPI::diskRemoved()
                0x00000000c001ab60                ATAPI::eject()
                0x00000000c001aba8                ATAPI::diskInserted()
                0x00000000c001abb4                ATAPI::detectMedia()
                0x00000000c001ac70                ATAPI::open(int, int, void*)
                0x00000000c001ad50                ATAPI::read(unsigned long long, int, void*)
 .text          0x00000000c001adca      0x7ff hw/diskphys/sata.32
                0x00000000c001adca                SATA::close(int, int, void*)
                0x00000000c001adee                SATA::powerSaving(PowerSavingLevel)
                0x00000000c001adf0                SATA::open(int, int, void*)
                0x00000000c001ae9a                SATA::SATA()
                0x00000000c001ae9a                SATA::SATA()
                0x00000000c001aec8                SATA::access(unsigned long long, int, void*, bool)
                0x00000000c001b114                SATA::read(unsigned long long, int, void*)
                0x00000000c001b364                SATA::write(unsigned long long, int, void*)
 *fill*         0x00000000c001b5c9        0x1 
 .text          0x00000000c001b5ca      0x596 hw/diskphys/satapi.32
                0x00000000c001b5ca                SATAPI::write(unsigned long long, int, void*)
                0x00000000c001b5d0                SATAPI::close(int, int, void*)
                0x00000000c001b5f4                SATAPI::SATAPI()
                0x00000000c001b5f4                SATAPI::SATAPI()
                0x00000000c001b622                SATAPI::diskRemoved()
                0x00000000c001b624                SATAPI::diskInserted()
                0x00000000c001b640                SATAPI::sendPacket(unsigned char*, int, unsigned long long, unsigned short*, int)
                0x00000000c001b914                SATAPI::eject()
                0x00000000c001b950                SATAPI::detectMedia()
                0x00000000c001b976                SATAPI::open(int, int, void*)
                0x00000000c001ba76                SATAPI::read(unsigned long long, int, void*)
 .text          0x00000000c001bb60      0x455 hw/intctrl/apic.32
                0x00000000c001bb60                IOAPIC::close(int, int, void*)
                0x00000000c001bb66                apicGetBase()
                0x00000000c001bba8                IOAPIC::IOAPIC()
                0x00000000c001bba8                IOAPIC::IOAPIC()
                0x00000000c001bbd0                apicOpen()
                0x00000000c001bd36                IOAPIC::handlesGSIWithNumber(unsigned int)
                0x00000000c001bd68                IOAPIC::read(int)
                0x00000000c001bd90                IOAPIC::open(int, int, void*)
                0x00000000c001be84                IOAPIC::write(int, int)
                0x00000000c001beb0                IOAPIC::redirect(unsigned char, unsigned long long, unsigned char, bool, bool)
 *fill*         0x00000000c001bfb5        0x3 
 .text          0x00000000c001bfb8       0xf0 hw/timer/apictimer.32
                0x00000000c001bfb8                APICTimer::close(int, int, void*)
                0x00000000c001bfc0                apicTimerHandler(regs*, void*)
                0x00000000c001bfe8                APICTimer::open(int, int, void*)
                0x00000000c001c058                APICTimer::write(int)
                0x00000000c001c080                APICTimer::APICTimer()
                0x00000000c001c080                APICTimer::APICTimer()
 .text          0x00000000c001c0a8      0x1aa hw/timer/pit.32
                0x00000000c001c0a8                PIT::write(int)
                0x00000000c001c12c                pitHandler(regs*, void*)
                0x00000000c001c150                PIT::open(int, int, void*)
                0x00000000c001c1a0                PIT::close(int, int, void*)
                0x00000000c001c1d0                PIT::PIT()
                0x00000000c001c1d0                PIT::PIT()
 *fill*         0x00000000c001c252        0xe 
 .text          0x00000000c001c260       0x83 arch/i386/avx.32
                0x00000000c001c260                avxDetect
                0x00000000c001c28a                avxSave
                0x00000000c001c29b                avxLoad
                0x00000000c001c2ac                avxInit
                0x00000000c001c2ce                avxClose
                0x00000000c001c2cf                wouldSheSayYes
 *fill*         0x00000000c001c2e3        0xd 
 .text          0x00000000c001c2f0      0x231 arch/i386/interrupt.32
                0x00000000c001c2f0                isr0
                0x00000000c001c300                isr1
                0x00000000c001c30a                isr2
                0x00000000c001c314                isr3
                0x00000000c001c31e                isr4
                0x00000000c001c328                isr5
                0x00000000c001c332                isr6
                0x00000000c001c33c                isr7
                0x00000000c001c346                isr8
                0x00000000c001c34e                isr9
                0x00000000c001c358                isr10
                0x00000000c001c360                isr11
                0x00000000c001c368                isr12
                0x00000000c001c370                isr13
                0x00000000c001c378                isr14
                0x00000000c001c380                isr15
                0x00000000c001c38a                isr16
                0x00000000c001c394                isr17
                0x00000000c001c39e                isr18
                0x00000000c001c3a8                irq3
                0x00000000c001c3b2                irq4
                0x00000000c001c3bc                irq5
                0x00000000c001c3c6                irq6
                0x00000000c001c3d0                irq7
                0x00000000c001c3da                irq8
                0x00000000c001c3e4                irq9
                0x00000000c001c3ee                irq10
                0x00000000c001c3f8                irq11
                0x00000000c001c402                irq12
                0x00000000c001c40c                irq13
                0x00000000c001c416                irq14
                0x00000000c001c420                irq15
                0x00000000c001c42a                irq1
                0x00000000c001c431                irq2
                0x00000000c001c438                isr96
                0x00000000c001c43f                irq0
                0x00000000c001c444                int_common_stub
                0x00000000c001c476                syscall_common_stub
                0x00000000c001c4d1                irq16
                0x00000000c001c4db                irq17
                0x00000000c001c4e5                irq18
                0x00000000c001c4ef                irq19
                0x00000000c001c4f9                irq20
                0x00000000c001c503                irq21
                0x00000000c001c50d                irq22
                0x00000000c001c517                irq23
 *fill*         0x00000000c001c521        0xf 
 .text          0x00000000c001c530       0x10 arch/i386/rdrand.32
                0x00000000c001c530                i386GetRDRAND
 .text          0x00000000c001c540       0x39 arch/i386/sse.32
                0x00000000c001c540                absolutelyNoChanceInHell
                0x00000000c001c540                sseDetect
                0x00000000c001c558                sseSave
                0x00000000c001c560                sseLoad
                0x00000000c001c568                sseInit
                0x00000000c001c578                sseClose
 *fill*         0x00000000c001c579        0x7 
 .text          0x00000000c001c580       0x49 arch/i386/x87.32
                0x00000000c001c586                x87Detect
                0x00000000c001c5a1                x87Save
                0x00000000c001c5a8                x87Load
                0x00000000c001c5af                x87Init
                0x00000000c001c5c8                x87Close
 *fill*         0x00000000c001c5c9        0x3 
 .text          0x00000000c001c5cc       0x25 /cygdrive/d/Users/Alex/Desktop/Toolchain/Output/bin/../lib/gcc/i386-banana/8.1.0/crtend.o
 .text          0x00000000c001c5f1        0x0 crtn.32
 *fill*         0x00000000c001c5f1        0x3 
 .text          0x00000000c001c5f4      0x14b /cygdrive/d/Users/Alex/Desktop/Toolchain/Output/bin/../lib/gcc/i386-banana/8.1.0/libkgcc.a(_divdi3.o)
                0x00000000c001c5f4                __divdi3
 *fill*         0x00000000c001c73f        0x1 
 .text          0x00000000c001c740      0x17e /cygdrive/d/Users/Alex/Desktop/Toolchain/Output/bin/../lib/gcc/i386-banana/8.1.0/libkgcc.a(_moddi3.o)
                0x00000000c001c740                __moddi3
 *fill*         0x00000000c001c8be        0x2 
 .text          0x00000000c001c8c0       0xff /cygdrive/d/Users/Alex/Desktop/Toolchain/Output/bin/../lib/gcc/i386-banana/8.1.0/libkgcc.a(_udivdi3.o)
                0x00000000c001c8c0                __udivdi3
 *fill*         0x00000000c001c9bf        0x1 
 .text          0x00000000c001c9c0      0x11a /cygdrive/d/Users/Alex/Desktop/Toolchain/Output/bin/../lib/gcc/i386-banana/8.1.0/libkgcc.a(_umoddi3.o)
                0x00000000c001c9c0                __umoddi3
 *(.gnu.linkonce.t*)

.iplt           0x00000000c001cae0        0x0
 .iplt          0x00000000c001cae0        0x0 D:/Users/Alex/Desktop/Banana/kernel/boot.32

.init           0x00000000c001cada        0xf
 .init          0x00000000c001cada        0x3 crti.32
                0x00000000c001cada                _init
 .init          0x00000000c001cadd        0x5 /cygdrive/d/Users/Alex/Desktop/Toolchain/Output/bin/../lib/gcc/i386-banana/8.1.0/crtbegin.o
 .init          0x00000000c001cae2        0x5 /cygdrive/d/Users/Alex/Desktop/Toolchain/Output/bin/../lib/gcc/i386-banana/8.1.0/crtend.o
 .init          0x00000000c001cae7        0x2 crtn.32

.fini           0x00000000c001cae9        0xa
 .fini          0x00000000c001cae9        0x3 crti.32
                0x00000000c001cae9                _fini
 .fini          0x00000000c001caec        0x5 /cygdrive/d/Users/Alex/Desktop/Toolchain/Output/bin/../lib/gcc/i386-banana/8.1.0/crtbegin.o
 .fini          0x00000000c001caf1        0x2 crtn.32

.text._ZN8ComputerD2Ev
                0x00000000c001caf4       0x23
 .text._ZN8ComputerD2Ev
                0x00000000c001caf4       0x23 core/computer.32
                0x00000000c001caf4                Computer::~Computer()
                0x00000000c001caf4                Computer::~Computer()

.text._ZN8ComputerD0Ev
                0x00000000c001cb18       0x2a
 .text._ZN8ComputerD0Ev
                0x00000000c001cb18       0x2a core/computer.32
                0x00000000c001cb18                Computer::~Computer()

.text._Z10idleCommonv
                0x00000000c001cb42       0x21
 .text._Z10idleCommonv
                0x00000000c001cb42       0x21 core/idle.32
                0x00000000c001cb42                idleCommon()

.text._ZN10LinkedListI8UnixFileED2Ev
                0x00000000c001cb64        0x2
 .text._ZN10LinkedListI8UnixFileED2Ev
                0x00000000c001cb64        0x2 core/unixfile.32
                0x00000000c001cb64                LinkedList<UnixFile>::~LinkedList()
                0x00000000c001cb64                LinkedList<UnixFile>::~LinkedList()

.text._ZN10LinkedListI8UnixFileEC2Ev
                0x00000000c001cb66       0x42
 .text._ZN10LinkedListI8UnixFileEC2Ev
                0x00000000c001cb66       0x42 core/unixfile.32
                0x00000000c001cb66                LinkedList<UnixFile>::LinkedList()
                0x00000000c001cb66                LinkedList<UnixFile>::LinkedList()

.text._ZN10LinkedListI8UnixFileE10addElementEPS0_
                0x00000000c001cba8       0xd3
 .text._ZN10LinkedListI8UnixFileE10addElementEPS0_
                0x00000000c001cba8       0xd3 core/unixfile.32
                0x00000000c001cba8                LinkedList<UnixFile>::addElement(UnixFile*)

.text._ZN10LinkedListI8UnixFileE15getFirstElementEv
                0x00000000c001cc7c        0x7
 .text._ZN10LinkedListI8UnixFileE15getFirstElementEv
                0x00000000c001cc7c        0x7 core/unixfile.32
                0x00000000c001cc7c                LinkedList<UnixFile>::getFirstElement()

.text._ZN10LinkedListI8UnixFileE11removeFirstEv
                0x00000000c001cc84       0xa1
 .text._ZN10LinkedListI8UnixFileE11removeFirstEv
                0x00000000c001cc84       0xa1 core/unixfile.32
                0x00000000c001cc84                LinkedList<UnixFile>::removeFirst()

.text._ZN10LinkedListI8UnixFileE7getNextEPS0_
                0x00000000c001cd26        0x8
 .text._ZN10LinkedListI8UnixFileE7getNextEPS0_
                0x00000000c001cd26        0x8 core/unixfile.32
                0x00000000c001cd26                LinkedList<UnixFile>::getNext(UnixFile*)

.text._ZN16DriverlessDeviceD2Ev
                0x00000000c001cd2e       0x1a
 .text._ZN16DriverlessDeviceD2Ev
                0x00000000c001cd2e       0x1a hal/device.32
                0x00000000c001cd2e                DriverlessDevice::~DriverlessDevice()
                0x00000000c001cd2e                DriverlessDevice::~DriverlessDevice()

.text._ZN16DriverlessDeviceD0Ev
                0x00000000c001cd48       0x2a
 .text._ZN16DriverlessDeviceD0Ev
                0x00000000c001cd48       0x2a hal/device.32
                0x00000000c001cd48                DriverlessDevice::~DriverlessDevice()

.text._ZN10LinkedListI6DeviceE10addElementEPS0_
                0x00000000c001cd72       0xdc
 .text._ZN10LinkedListI6DeviceE10addElementEPS0_
                0x00000000c001cd72       0xdc hal/device.32
                0x00000000c001cd72                LinkedList<Device>::addElement(Device*)

.text._ZN10LinkedListI6DeviceEC2Ev
                0x00000000c001ce4e       0x42
 .text._ZN10LinkedListI6DeviceEC2Ev
                0x00000000c001ce4e       0x42 hal/device.32
                0x00000000c001ce4e                LinkedList<Device>::LinkedList()
                0x00000000c001ce4e                LinkedList<Device>::LinkedList()

.text._ZN10LinkedListIV18ThreadControlBlockE7isEmptyEv
                0x00000000c001ce90       0x1c
 .text._ZN10LinkedListIV18ThreadControlBlockE7isEmptyEv
                0x00000000c001ce90       0x1c hal/timer.32
                0x00000000c001ce90                LinkedList<ThreadControlBlock volatile>::isEmpty()

.text._ZN10LinkedListIV18ThreadControlBlockE15getFirstElementEv
                0x00000000c001ceac        0x7
 .text._ZN10LinkedListIV18ThreadControlBlockE15getFirstElementEv
                0x00000000c001ceac        0x7 hal/timer.32