Archive member included to satisfy reference by file (symbol)

/cygdrive/d/Users/Alex/Desktop/Toolchain/Output/bin/../lib/gcc/i386-banana/8.1.0/libkgcc.a(_divdi3.o)
                              fs/fat/ff.32 (__divdi3)
/cygdrive/d/Users/Alex/Desktop/Toolchain/Output/bin/../lib/gcc/i386-banana/8.1.0/libkgcc.a(_moddi3.o)
                              compat/resolve.32 (__moddi3)
/cygdrive/d/Users/Alex/Desktop/Toolchain/Output/bin/../lib/gcc/i386-banana/8.1.0/libkgcc.a(_udivdi3.o)
                              fs/fat/ff.32 (__udivdi3)
/cygdrive/d/Users/Alex/Desktop/Toolchain/Output/bin/../lib/gcc/i386-banana/8.1.0/libkgcc.a(_umoddi3.o)
                              compat/resolve.32 (__umoddi3)
D:/Users/Alex/Desktop/Banana/kernel/libsoftfp.a(sfieeelib.o)
                              hal/libresample/src_linear.32 (__subsf3)
D:/Users/Alex/Desktop/Banana/kernel/libsoftfp.a(dfieeelib.o)
                              hal/libresample/src_linear.32 (__adddf3)
D:/Users/Alex/Desktop/Banana/kernel/libsoftfp.a(sfdfcvt.o)
                              hal/libresample/samplerate.32 (__truncdfsf2)
D:/Users/Alex/Desktop/Banana/kernel/libk/libm32.a(s_fabs.c.o)
                              hal/libresample/samplerate.32 (fabs)
D:/Users/Alex/Desktop/Banana/kernel/libk/libm32.a(s_lrint.S.o)
                              hal/libresample/samplerate.32 (lrint)
D:/Users/Alex/Desktop/Banana/kernel/libk/libm32.a(s_lrintf.S.o)
                              hal/sound/sndhw.32 (lrintf)

Discarded input sections

 .comment       0x0000000000000000       0x12 /cygdrive/d/Users/Alex/Desktop/Toolchain/Output/bin/../lib/gcc/i386-banana/8.1.0/crtbegin.o
 .comment       0x0000000000000000       0x12 acpica/utclib.32
 .comment       0x0000000000000000       0x12 core/malloc.32
 .comment       0x0000000000000000       0x12 libk/string.32
 .comment       0x0000000000000000       0x12 fs/fat/diskio.32
 .comment       0x0000000000000000       0x12 fs/fat/ff.32
 .comment       0x0000000000000000       0x12 fs/fat/ffsystem.32
 .comment       0x0000000000000000       0x12 fs/fat/ffunicode.32
 .comment       0x0000000000000000       0x12 hal/libresample/samplerate.32
 .comment       0x0000000000000000       0x12 hal/libresample/src_linear.32
 .comment       0x0000000000000000       0x12 hal/libresample/src_sinc.32
 .comment       0x0000000000000000       0x12 hal/libresample/src_zoh.32
 .comment       0x0000000000000000       0x12 compat/inlines.32
 .comment       0x0000000000000000       0x12 compat/resolve.32
 .group         0x0000000000000000       0x14 core/computer.32
 .group         0x0000000000000000        0xc core/computer.32
 .comment       0x0000000000000000       0x12 core/computer.32
 .comment       0x0000000000000000       0x12 core/gdt.32
 .group         0x0000000000000000        0xc core/idle.32
 .comment       0x0000000000000000       0x12 core/idle.32
 .comment       0x0000000000000000       0x12 core/idt.32
 .comment       0x0000000000000000       0x12 core/kheap.32
 .comment       0x0000000000000000       0x12 core/main.32
 .comment       0x0000000000000000       0x12 core/physmgr.32
 .group         0x0000000000000000        0xc core/pipe.32
 .comment       0x0000000000000000       0x12 core/pipe.32
 .group         0x0000000000000000        0xc core/terminal.32
 .comment       0x0000000000000000       0x12 core/terminal.32
 .comment       0x0000000000000000       0x12 core/tss.32
 .group         0x0000000000000000        0x8 core/unixfile.32
 .group         0x0000000000000000        0x8 core/unixfile.32
 .group         0x0000000000000000        0xc core/unixfile.32
 .group         0x0000000000000000        0x8 core/unixfile.32
 .group         0x0000000000000000        0xc core/unixfile.32
 .group         0x0000000000000000        0x8 core/unixfile.32
 .group         0x0000000000000000        0xc core/unixfile.32
 .group         0x0000000000000000        0xc core/unixfile.32
 .comment       0x0000000000000000       0x12 core/unixfile.32
 .comment       0x0000000000000000       0x12 core/virtmgr.32
 .comment       0x0000000000000000       0x12 coreobjs/c++.32
 .comment       0x0000000000000000       0x12 dbg/kconsole.32
 .group         0x0000000000000000        0xc fs/vfs.32
 .group         0x0000000000000000        0xc fs/vfs.32
 .group         0x0000000000000000        0xc fs/vfs.32
 .comment       0x0000000000000000       0x12 fs/vfs.32
 .group         0x0000000000000000        0xc hal/bus.32
 .comment       0x0000000000000000       0x12 hal/bus.32
 .group         0x0000000000000000        0xc hal/buzzer.32
 .comment       0x0000000000000000       0x12 hal/buzzer.32
 .group         0x0000000000000000        0xc hal/clock.32
 .comment       0x0000000000000000       0x12 hal/clock.32
 .group         0x0000000000000000       0x14 hal/device.32
 .group         0x0000000000000000        0xc hal/device.32
 .group         0x0000000000000000        0x8 hal/device.32
 .group         0x0000000000000000        0xc hal/device.32
[...]
Memory Configuration

Name             Origin             Length             Attributes
*default*        0x0000000000000000 0xffffffffffffffff

Linker script and memory map

LOAD D:/Users/Alex/Desktop/Banana/kernel/boot.32
LOAD crti.32
LOAD /cygdrive/d/Users/Alex/Desktop/Toolchain/Output/bin/../lib/gcc/i386-banana/8.1.0/crtbegin.o
LOAD D:/Users/Alex/Desktop/Banana/kernel/morenasm.32
LOAD acpica/utclib.32
LOAD core/malloc.32
LOAD libk/string.32
LOAD fs/fat/diskio.32
LOAD fs/fat/ff.32
LOAD fs/fat/ffsystem.32
LOAD fs/fat/ffunicode.32
LOAD hal/libresample/samplerate.32
LOAD hal/libresample/src_linear.32
LOAD hal/libresample/src_sinc.32
LOAD hal/libresample/src_zoh.32
LOAD compat/inlines.32
LOAD compat/resolve.32
LOAD core/computer.32
LOAD core/gdt.32
LOAD core/idle.32
LOAD core/idt.32
LOAD core/kheap.32
LOAD core/main.32
LOAD core/physmgr.32
LOAD core/pipe.32
LOAD core/terminal.32
LOAD core/tss.32
LOAD core/unixfile.32
LOAD core/virtmgr.32
LOAD coreobjs/c++.32
LOAD dbg/kconsole.32
LOAD fs/vfs.32
LOAD hal/bus.32
LOAD hal/buzzer.32
LOAD hal/clock.32
LOAD hal/device.32
LOAD hal/diskctrl.32
LOAD hal/diskphys.32
LOAD hal/fpu.32
LOAD hal/intctrl.32
LOAD hal/keybrd.32
LOAD hal/logidisk.32
LOAD hal/mouse.32
LOAD hal/partition.32
LOAD hal/serial.32
LOAD hal/timer.32
LOAD hal/vcache.32
LOAD hal/video.32
LOAD hw/acpi.32
LOAD hw/cpu.32
LOAD hw/ports.32
LOAD hw/smp.32
LOAD krnl/env.32
LOAD krnl/panic.32
LOAD net/ethernet.32
LOAD reg/registry.32
LOAD sys/sc_eject.32
LOAD sys/sc_exit.32
LOAD sys/sc_getcwd.32
LOAD sys/sc_getpid.32
LOAD sys/sc_getramdata.32
LOAD sys/sc_getvgaptr.32
LOAD sys/sc_loaddll.32
LOAD sys/sc_read.32
LOAD sys/sc_sbrk.32
LOAD sys/sc_setcwd.32
LOAD sys/sc_settime.32
LOAD sys/sc_timezone.32
LOAD sys/sc_write.32
LOAD sys/sc_wsbe.32
LOAD sys/sc_yield.32
LOAD sys/syscalls.32
LOAD thr/elf.32
LOAD thr/prcssthr.32
LOAD vm86/vm8086.32
LOAD vm86/x87em.32
LOAD fs/fat/vfslink.32
LOAD fs/iso9660/vfslink.32
LOAD hal/sound/sndchannel.32
LOAD hal/sound/sndhw.32
LOAD hw/bus/isa.32
LOAD hw/bus/pci.32
LOAD hw/diskctrl/ide.32
LOAD hw/diskctrl/satabus.32
LOAD hw/diskphys/ata.32
LOAD hw/diskphys/atapi.32
LOAD hw/diskphys/sata.32
LOAD hw/diskphys/satapi.32
LOAD hw/fpu/avx.32
LOAD hw/fpu/mmx.32
LOAD hw/fpu/sse.32
LOAD hw/fpu/x87.32
LOAD hw/intctrl/apic.32
LOAD hw/intctrl/pic.32
LOAD hw/timer/apictimer.32
LOAD hw/timer/pit.32
LOAD hw/fpu/x86/avx.32
LOAD hw/fpu/x86/sse.32
LOAD hw/fpu/x86/x87.32
LOAD /cygdrive/d/Users/Alex/Desktop/Toolchain/Output/bin/../lib/gcc/i386-banana/8.1.0/crtend.o
LOAD crtn.32
LOAD /cygdrive/d/Users/Alex/Desktop/Toolchain/Output/bin/../lib/gcc/i386-banana/8.1.0/libkgcc.a
LOAD D:/Users/Alex/Desktop/Banana/kernel/libsoftfp.a
LOAD D:/Users/Alex/Desktop/Banana/kernel/libk/libm32.a
                0x00000000c0000000                . = 0xc0000000

.text           0x00000000c0000000    0x283b8
 *(.text)
 .text          0x00000000c0000000       0x41 D:/Users/Alex/Desktop/Banana/kernel/boot.32
                0x00000000c0000020                callGlobalConstructors
 .text          0x00000000c0000041        0x0 crti.32
 *fill*         0x00000000c0000041        0x3 
 .text          0x00000000c0000044      0x101 /cygdrive/d/Users/Alex/Desktop/Toolchain/Output/bin/../lib/gcc/i386-banana/8.1.0/crtbegin.o
 *fill*         0x00000000c0000145        0xb 
 .text          0x00000000c0000150      0x4fb D:/Users/Alex/Desktop/Banana/kernel/morenasm.32
                0x00000000c0000150                manualPCIProbe
                0x00000000c000019b                prepareTramp
                0x00000000c00001b4                voodooXADD
                0x00000000c000027f                doTPAUSE
                0x00000000c0000289                hasLegacyFPU
                0x00000000c00002ae                is486
                0x00000000c00002e4                detectCPUID
                0x00000000c00002fa                goToVM86
                0x00000000c000032a                goToUsermode
                0x00000000c0000354                switchToThreadASMFirstTime
                0x00000000c0000362                switchToThreadASM
                0x00000000c00003f2                asmQuickAcquireLock
                0x00000000c0000410                asmQuickReleaseLock
                0x00000000c000041c                asmAcquireLock
                0x00000000c000043d                asmReleaseLock
                0x00000000c0000450                loadGDT
                0x00000000c0000470                isr0
                0x00000000c0000480                isr1
                0x00000000c000048a                isr2
                0x00000000c0000494                isr3
                0x00000000c000049e                isr4
                0x00000000c00004a8                isr5
                0x00000000c00004b2                isr6
                0x00000000c00004bc                isr7
                0x00000000c00004c6                isr8
                0x00000000c00004ce                isr9
                0x00000000c00004d8                isr10
                0x00000000c00004e0                isr11
                0x00000000c00004e8                isr12
                0x00000000c00004f0                isr13
                0x00000000c00004f8                isr14
                0x00000000c0000500                isr15
                0x00000000c000050a                isr16
                0x00000000c0000514                isr17
                0x00000000c000051e                isr18
                0x00000000c0000528                irq3
                0x00000000c0000532                irq4
                0x00000000c000053c                irq5
                0x00000000c0000546                irq6
                0x00000000c0000550                irq7
                0x00000000c000055a                irq8
                0x00000000c0000564                irq9
                0x00000000c000056e                irq10
                0x00000000c0000578                irq11
                0x00000000c0000582                irq12
                0x00000000c000058c                irq13
                0x00000000c0000596                irq14
                0x00000000c00005a0                irq15
                0x00000000c00005aa                irq1
                0x00000000c00005b1                irq2
                0x00000000c00005b8                isr96
                0x00000000c00005bf                irq0
                0x00000000c00005c4                syscall_common_stub
                0x00000000c00005c4                int_common_stub
                0x00000000c00005f6                irq16
                0x00000000c0000600                irq17
                0x00000000c000060a                irq18
                0x00000000c0000614                irq19
                0x00000000c000061e                irq20
                0x00000000c0000628                irq21
                0x00000000c0000632                irq22
                0x00000000c000063c                irq23
                0x00000000c0000646                memcpy
 *fill*         0x00000000c000064b        0x1 
 .text          0x00000000c000064c      0x5dd acpica/utclib.32
                0x00000000c000064c                memcmp
                0x00000000c0000688                memmove
                0x00000000c0000750                memset
                0x00000000c000076c                strlen
                0x00000000c0000784                strpbrk
                0x00000000c00007c0                strtok
                0x00000000c000080c                strcpy
                0x00000000c0000830                strncpy
                0x00000000c0000898                strcmp
                0x00000000c00008d8                strchr
                0x00000000c00008fc                strncmp
                0x00000000c000094c                strcat
                0x00000000c000097c                strncat
                0x00000000c00009b8                strstr
                0x00000000c0000a00                toupper
                0x00000000c0000a14                tolower
                0x00000000c0000a28                simple_strtoul
 .text          0x00000000c0000c29      0xfad core/malloc.32
                0x00000000c0000d94                dlfree
                0x00000000c00010ef                dlmalloc
                0x00000000c000162c                dlrealloc
                0x00000000c00017cf                dlmemalign
                0x00000000c00018f2                dlcalloc
                0x00000000c000198c                dlcfree
                0x00000000c0001991                dlindependent_calloc
                0x00000000c00019b6                dlindependent_comalloc
                0x00000000c00019cd                dlvalloc
                0x00000000c00019f8                dlpvalloc
                0x00000000c0001a2e                dlmalloc_trim
                0x00000000c0001a3b                dlmalloc_usable_size
                0x00000000c0001a6c                dlmallinfo
                0x00000000c0001b3b                dlmalloc_stats
                0x00000000c0001b4c                dlmallopt
 .text          0x00000000c0001bd6        0x0 libk/string.32
 .text          0x00000000c0001bd6       0x51 fs/fat/diskio.32
                0x00000000c0001bd6                disk_status
                0x00000000c0001bd9                disk_initialize
                0x00000000c0001bdc                disk_read
                0x00000000c0001bf2                disk_write
                0x00000000c0001c08                disk_ioctl
 .text          0x00000000c0001c27     0x6833 fs/fat/ff.32
                0x00000000c0004ef5                f_mount
                0x00000000c0004f57                f_open
                0x00000000c0005393                f_read
                0x00000000c0005613                f_write
                0x00000000c00058cd                f_sync
                0x00000000c0005aa9                f_close
                0x00000000c0005ad8                f_lseek
                0x00000000c0005f8f                f_opendir
                0x00000000c0006091                f_closedir
                0x00000000c00060b3                f_readdir
                0x00000000c000614e                f_stat
                0x00000000c00061dd                f_getfree
                0x00000000c00063a8                f_truncate
                0x00000000c00064a0                f_unlink
                0x00000000c0006623                f_mkdir
                0x00000000c000684f                f_rename
                0x00000000c0006b42                f_chmod
                0x00000000c0006c20                f_utime
                0x00000000c0006cfe                f_getlabel
                0x00000000c0006eec                f_setlabel
                0x00000000c0007159                f_forward
                0x00000000c0007337                f_mkfs
 .text          0x00000000c000845a       0x2d fs/fat/ffsystem.32
                0x00000000c000845a                ff_memalloc
                0x00000000c0008470                ff_memfree
 .text          0x00000000c0008487      0x253 fs/fat/ffunicode.32
                0x00000000c0008487                ff_uni2oem
                0x00000000c0008517                ff_oem2uni
                0x00000000c0008583                ff_wtoupper
 .text          0x00000000c00086da      0x8fb hal/libresample/samplerate.32
                0x00000000c000871e                src_delete
                0x00000000c000875a                src_process
                0x00000000c0008910                src_callback_read
                0x00000000c0008a8d                src_set_ratio
                0x00000000c0008af7                src_get_channels
                0x00000000c0008b19                src_reset
                0x00000000c0008b65                src_new
                0x00000000c0008bf3                src_callback_new
                0x00000000c0008c55                src_get_name
                0x00000000c0008c8c                src_get_description
                0x00000000c0008cc3                src_get_version
                0x00000000c0008cc9                src_is_valid_ratio
                0x00000000c0008d1d                src_error
                0x00000000c0008d2b                src_strerror
                0x00000000c0008d3e                src_simple
                0x00000000c0008d91                src_short_to_float_array
                0x00000000c0008df6                src_float_to_short_array
                0x00000000c0008eb5                src_int_to_float_array
                0x00000000c0008f18                src_float_to_int_array
 .text          0x00000000c0008fd5      0x8cb hal/libresample/src_linear.32
                0x00000000c00097fb                linear_get_name
                0x00000000c000980a                linear_get_description
                0x00000000c0009819                linear_set_converter
 .text          0x00000000c00098a0     0x447c hal/libresample/src_sinc.32
                0x00000000c000dc33                sinc_get_name
                0x00000000c000dc46                sinc_get_description
                0x00000000c000dc59                sinc_set_converter
 .text          0x00000000c000dd1c      0x77c hal/libresample/src_zoh.32
                0x00000000c000e3f3                zoh_get_name
                0x00000000c000e402                zoh_get_description
                0x00000000c000e411                zoh_set_converter
 .text          0x00000000c000e498       0xa7 compat/inlines.32
                0x00000000c000e498                CPU::current()
                0x00000000c000e4a4                operator new(unsigned long)
                0x00000000c000e4a9                operator delete(void*)
                0x00000000c000e4ae                disableIRQs()
                0x00000000c000e4b6                enableIRQs()
                0x00000000c000e4c5                lockScheduler()
                0x00000000c000e4cd                unlockScheduler()
                0x00000000c000e4dc                lockStuff()
                0x00000000c000e4ea                unlockStuff()
                0x00000000c000e524                Virt::getAKernelVAS()
                0x00000000c000e52a                __not_memcpy
 .text          0x00000000c000e53f      0x111 compat/resolve.32
                0x00000000c000e53f                Krnl::resolveCompatibilitySymbol(char*)
 .text          0x00000000c000e650      0x741 core/computer.32
                0x00000000c000e650                Computer::close(int, int, void*)
                0x00000000c000e694                Krnl::firstTask()
                0x00000000c000e7d6                Computer::Computer()
                0x00000000c000e7d6                Computer::Computer()
                0x00000000c000e932                Computer::setBootMessage(char const*)
                0x00000000c000e934                Computer::detectFeatures()
                0x00000000c000eb3e                Computer::displayFeatures()
                0x00000000c000eb40                Computer::rdmsr(unsigned int)
                0x00000000c000eb6c                Computer::wrmsr(unsigned int, unsigned long long)
                0x00000000c000eba4                Computer::nmiEnabled()
                0x00000000c000ebb0                Computer::readCMOS(unsigned char)
                0x00000000c000ebca                Computer::enableNMI(bool)
                0x00000000c000ebe2                Computer::open(int, int, void*)
                0x00000000c000ecd4                Computer::disableNMI()
                0x00000000c000ece2                Computer::writeCMOS(unsigned char, unsigned char)
                0x00000000c000ed00                Computer::handleNMI()
                0x00000000c000ed66                Computer::setDiskActivityLight(int, bool)
 *fill*         0x00000000c000ed91        0x1 
 .text          0x00000000c000ed92      0x19d core/gdt.32
                0x00000000c000ed92                GDTEntry::setBase(unsigned int)
                0x00000000c000edae                GDTEntry::setLimit(unsigned int)
                0x00000000c000edcc                GDT::GDT()
                0x00000000c000edcc                GDT::GDT()
                0x00000000c000ede2                GDT::addEntry(GDTEntry)
                0x00000000c000ee04                GDT::getNumberOfEntries()
                0x00000000c000ee0c                GDT::flush()
                0x00000000c000ee2e                GDT::setup()
 .text          0x00000000c000ef2f       0x6b core/idle.32
                0x00000000c000ef2f                idleFunction(void*)
 .text          0x00000000c000ef9a      0x45e core/idt.32
                0x00000000c000ef9a                IDTEntry::IDTEntry(bool)
                0x00000000c000ef9a                IDTEntry::IDTEntry(bool)
                0x00000000c000f008                IDTEntry::setOffset(unsigned int)
                0x00000000c000f01c                IDT::IDT()
                0x00000000c000f01c                IDT::IDT()
                0x00000000c000f01e                IDT::getPointerToInvalidOpcodeEntryForF00F()
                0x00000000c000f026                IDT::addEntry(IDTEntry, int)
                0x00000000c000f040                IDT::addEntry(int, void (*)(), bool)
                0x00000000c000f078                IDT::flush()
                0x00000000c000f092                IDT::setup()
 .text          0x00000000c000f3f8      0x1fb core/kheap.32
                0x00000000c000f3f8                sbrk
                0x00000000c000f505                mmap
                0x00000000c000f51b                munmap
                0x00000000c000f531                liballoc_lock()
                0x00000000c000f53e                liballoc_unlock()
                0x00000000c000f552                liballoc_alloc(int)
                0x00000000c000f56a                liballoc_free(void*, int)
                0x00000000c000f585                realloc
                0x00000000c000f599                malloc
                0x00000000c000f5a9                free
                0x00000000c000f5b9                rfree
                0x00000000c000f5c9                calloc
 .text          0x00000000c000f5f3      0x1b6 core/main.32
                0x00000000c000f5f3                Krnl::setBootMessage(char const*)
                0x00000000c000f65f                kernel_main
 .text          0x00000000c000f7a9      0x5b8 core/physmgr.32
                0x00000000c000f7a9                Phys::allocateDMA(unsigned long)
                0x00000000c000f86a                Phys::freeDMA(unsigned long, unsigned long)
                0x00000000c000f8b2                Phys::setPageState(unsigned long, bool)
                0x00000000c000f8e4                Phys::getPageState(unsigned long)
                0x00000000c000f900                Phys::freePage(unsigned long)
                0x00000000c000f971                Phys::allocatePage()
                0x00000000c000fa69                Phys::allocateContiguousPages(int)
                0x00000000c000fac5                Phys::allowSegmentToBeUsed(unsigned long, unsigned long)
                0x00000000c000fafd                Phys::physicalMemorySetup(unsigned int)
 *fill*         0x00000000c000fd61        0x1 
 .text          0x00000000c000fd62      0x273 core/pipe.32
                0x00000000c000fd62                Pipe::isAtty()
                0x00000000c000fd66                Pipe::~Pipe()
                0x00000000c000fd66                Pipe::~Pipe()
                0x00000000c000fd8a                Pipe::~Pipe()
                0x00000000c000fdb2                Pipe::read(unsigned long long, void*, int*)
                0x00000000c000feae                Pipe::write(unsigned long long, void*, int*)
                0x00000000c000ff6e                Pipe::Pipe(int)
                0x00000000c000ff6e                Pipe::Pipe(int)
 *fill*         0x00000000c000ffd5        0x1 
 .text          0x00000000c000ffd6      0xb91 core/terminal.32
                0x00000000c000ffd6                VgaText::isAtty()
                0x00000000c000ffda                VgaText::~VgaText()
                0x00000000c000ffda                VgaText::~VgaText()
                0x00000000c000fffe                VgaText::~VgaText()
                0x00000000c0010028                VgaText::read(unsigned long long, void*, int*)
                0x00000000c0010048                setTerminalScrollLock(bool)
                0x00000000c0010049                addToTerminalCycle(VgaText*)
                0x00000000c001006a                installVgaTextImplementation()
                0x00000000c001007f                scrollTerminalScrollLock(int)
                0x00000000c0010080                VgaText::updateTitle()
                0x00000000c00100be                VgaText::load()
                0x00000000c001010c                VgaText::updateCursor()
                0x00000000c0010122                VgaText::doANSI_SGR(int)
                0x00000000c0010196                VgaText::setDefaultBgColour(VgaColour)
                0x00000000c00101a6                VgaText::setDefaultFgColour(VgaColour)
                0x00000000c00101b6                VgaText::setDefaultColours(VgaColour, VgaColour)
                0x00000000c00101d6                VgaText::setTitleTextColour(VgaColour)
                0x00000000c00101e6                VgaText::setTitleColour(VgaColour)
                0x00000000c00101f6                VgaText::setTitle(char*)
                0x00000000c001021c                VgaText::combineColours(unsigned char, unsigned char)
                0x00000000c001022e                VgaText::scrollScreen()
                0x00000000c00102c2                VgaText::combineCharAndColour(char, unsigned char)
                0x00000000c00102d4                VgaText::writeCharacter(char, VgaColour, VgaColour, int, int)
                0x00000000c0010330                VgaText::getCursorX()
                0x00000000c0010338                VgaText::getCursorY()
                0x00000000c0010340                VgaText::setCursor(int, int)
                0x00000000c0010357                setActiveTerminal(VgaText*)
                0x00000000c00103b9                doTerminalCycle()
                0x00000000c00103d4                VgaText::setCursorX(int)
                0x00000000c00103ec                VgaText::setCursorY(int)
                0x00000000c0010404                VgaText::incrementCursor(bool)
                0x00000000c0010458                VgaText::decrementCursor(bool)
                0x00000000c001047a                VgaText::putchar(char, VgaColour, VgaColour)
                0x00000000c0010552                VgaText::doUpdate()
                0x00000000c0010560                VgaText::puts(char const*, VgaColour, VgaColour)
                0x00000000c00106d8                VgaText::clearScreen()
                0x00000000c0010732                VgaText::putchar(char)
                0x00000000c001081e                VgaText::putx(unsigned int)
                0x00000000c0010864                VgaText::puts(char const*)
                0x00000000c001088a                VgaText::VgaText(char const*)
                0x00000000c001088a                VgaText::VgaText(char const*)
                0x00000000c0010a06                VgaText::receiveKey(unsigned char)
                0x00000000c0010aee                VgaText::write(unsigned long long, void*, int*)
                0x00000000c0010b42                newTerminal(char*)
 *fill*         0x00000000c0010b67        0x1 
 .text          0x00000000c0010b68      0x19d core/tss.32
                0x00000000c0010b68                TSS::TSS()
                0x00000000c0010b68                TSS::TSS()
                0x00000000c0010b76                TSS::setESP(unsigned long)
                0x00000000c0010b88                TSS::flush()
                0x00000000c0010ba8                TSS::setup(unsigned long, unsigned long)
 *fill*         0x00000000c0010d05        0x1 
 .text          0x00000000c0010d06      0x4c2 core/unixfile.32
                0x00000000c0010d06                ReservedFilename::read(unsigned long long, void*, int*)
                0x00000000c0010d5c                ReservedFilename::isAtty()
                0x00000000c0010d78                ReservedFilename::write(unsigned long long, void*, int*)
                0x00000000c0010dd6                UnixFile::getFileDescriptor()
                0x00000000c0010dde                UnixFile::UnixFile(int)
                0x00000000c0010dde                UnixFile::UnixFile(int)
                0x00000000c0010f8e                ReservedFilename::ReservedFilename(int)
                0x00000000c0010f8e                ReservedFilename::ReservedFilename(int)
                0x00000000c0010fc0                UnixFile::~UnixFile()
                0x00000000c0010fc0                UnixFile::~UnixFile()
                0x00000000c0011058                UnixFile::~UnixFile()
                0x00000000c0011080                ReservedFilename::~ReservedFilename()
                0x00000000c0011080                ReservedFilename::~ReservedFilename()
                0x00000000c00110a4                ReservedFilename::~ReservedFilename()
                0x00000000c00110cb                getFromFileDescriptor(int)
 .text          0x00000000c00111c8     0x13a7 core/virtmgr.32
                0x00000000c00111c8                Virt::setPageState(unsigned long, Virt::VirtPageState)
                0x00000000c00111fd                Virt::getPageState(unsigned long)
                0x00000000c0011221                Virt::allocateKernelVirtualPages(int)
                0x00000000c0011332                Virt::freeSwapfilePage(unsigned long)
                0x00000000c0011350                Virt::swapIDToSector(unsigned long)
                0x00000000c0011362                Virt::allocateSwapfilePage()
                0x00000000c00113e0                Virt::virtualMemorySetup()
                0x00000000c001142b                Virt::setupPageSwapping(int)
                0x00000000c00115b2                VAS::VAS()
                0x00000000c00115b2                VAS::VAS()
                0x00000000c00115ee                VAS::VAS(VAS*)
                0x00000000c00115ee                VAS::VAS(VAS*)
                0x00000000c001161c                VAS::getForeignPageTableEntry(bool, unsigned long)
                0x00000000c0011648                VAS::getPageTableEntry(unsigned long)
                0x00000000c0011667                Virt::freeKernelVirtualPages(unsigned long)
                0x00000000c001178a                VAS::freeAllocatedPages(unsigned long)
                0x00000000c00117ae                VAS::virtualToPhysical(unsigned long)
                0x00000000c00117c6                VAS::reflagRange(unsigned long, int, int, int)
                0x00000000c0011806                VAS::setToWriteCombining(unsigned long, int)
                0x00000000c0011838                VAS::mapOtherVASIn(bool, VAS*)
                0x00000000c0011862                VAS::~VAS()
                0x00000000c0011862                VAS::~VAS()
                0x00000000c00119de                VAS::mapPage(unsigned long, unsigned long, int)
                0x00000000c0011ae0                VAS::allocatePages(int, int)
                0x00000000c0011cb8                VAS::setCPUSpecific(unsigned long)
                0x00000000c0011cd4                VAS::mapRange(unsigned long, unsigned long, int, int)
                0x00000000c0011d9a                VAS::mapForeignPage(bool, VAS*, unsigned long, unsigned long, int)
                0x00000000c0011e88                VAS::VAS(bool)
                0x00000000c0011e88                VAS::VAS(bool)
                0x00000000c0012108                VAS::evict(unsigned long)
                0x00000000c00121f6                VAS::tryLoadBackOffDisk(unsigned long)
                0x00000000c0012392                VAS::scanForEviction()
                0x00000000c0012443                mapVASFirstTime
 .text          0x00000000c001256f       0x95 coreobjs/c++.32
                0x00000000c001256f                __cxa_atexit
                0x00000000c0012572                __cxa_finalize
                0x00000000c0012573                __stack_chk_fail
                0x00000000c00125df                __cxa_pure_virtual
                0x00000000c00125f0                operator new[](unsigned long)
                0x00000000c00125f5                operator delete(void*, unsigned long)
                0x00000000c00125fa                operator delete[](void*)
                0x00000000c00125ff                operator delete[](void*, unsigned long)
 .text          0x00000000c0012604      0x1e7 dbg/kconsole.32
                0x00000000c0012604                Dbg::stringifyxWithBase(unsigned int, char*, int)
                0x00000000c001265d                Dbg::logc(char)
                0x00000000c0012674                Dbg::logs(char*)
                0x00000000c0012691                Dbg::logWriteInt(unsigned int)
                0x00000000c00126ae                Dbg::logWriteIntBase(unsigned int, int)
                0x00000000c00126cd                Dbg::kprintf(char const*, ...)
 *fill*         0x00000000c00127eb        0x1 
 .text          0x00000000c00127ec      0xb82 fs/vfs.32
                0x00000000c00127ec                File::read(unsigned long long, void*, int*)
                0x00000000c0012844                File::write(unsigned long long, void*, int*)
                0x00000000c001289c                Directory::read(unsigned long long, void*, int*)
                0x00000000c00128f4                Directory::write(unsigned long long, void*, int*)
                0x00000000c0012922                File::isAtty()
                0x00000000c0012926                Directory::isAtty()
                0x00000000c001292a                Filesystem::getlabel(LogicalDisk*, int, char*, unsigned int*)
                0x00000000c0012930                Filesystem::setlabel(LogicalDisk*, int, char*)
                0x00000000c0012936                Filesystem::getFileFirstSector(char const*)
                0x00000000c001293c                File::~File()
                0x00000000c001293c                File::~File()
                0x00000000c0012960                File::~File()
                0x00000000c001298a                Directory::~Directory()
                0x00000000c001298a                Directory::~Directory()
                0x00000000c00129ae                Directory::~Directory()
                0x00000000c00129d8                Filesystem::Filesystem()
                0x00000000c00129d8                Filesystem::Filesystem()
                0x00000000c00129fc                Filesystem::~Filesystem()
                0x00000000c00129fc                Filesystem::~Filesystem()
                0x00000000c0012a0a                Filesystem::~Filesystem()
                0x00000000c0012a2e                Fs::getcwd(Process*, char*, int)
                0x00000000c0012a58                Fs::initVFS()
                0x00000000c0012a82                Fs::standardiseFiles(char*, char const*, char const*)
                0x00000000c0012c2c                File::File(char const*, Process*)
                0x00000000c0012c2c                File::File(char const*, Process*)
                0x00000000c0012c90                File::open(FileOpenMode)
                0x00000000c0012cee                File::close()
                0x00000000c0012d4e                File::seek(unsigned long long)
                0x00000000c0012da4                File::tell(unsigned long long*)
                0x00000000c0012df4                File::rewind()
                0x00000000c0012e08                File::unlink()
                0x00000000c0012e54                File::rename(char const*)
                0x00000000c0012ea2                File::chfatattr(unsigned char, unsigned char)
                0x00000000c0012efe                File::exists()
                0x00000000c0012f3c                File::stat(unsigned long long*, bool*)
                0x00000000c0012f9d                Fs::setcwd(Process*, char*)
                0x00000000c00130d8                Directory::Directory(char const*, Process*)
                0x00000000c00130d8                Directory::Directory(char const*, Process*)
                0x00000000c001313c                Directory::open()
                0x00000000c0013198                Directory::close()
                0x00000000c00131f8                Directory::unlink()
                0x00000000c0013244                Directory::rename(char const*)
                0x00000000c0013292                Directory::exists()
                0x00000000c00132d0                Directory::read(dirent*)
                0x00000000c001331c                Directory::create()
                0x00000000c0013368                Filesystem::chfatattr(char const*, unsigned char, unsigned char)
 .text          0x00000000c001336e       0x84 hal/bus.32
                0x00000000c001336e                Bus::Bus(char const*)
                0x00000000c001336e                Bus::Bus(char const*)
                0x00000000c00133a4                Bus::~Bus()
                0x00000000c00133a4                Bus::~Bus()
                0x00000000c00133c8                Bus::~Bus()
 .text          0x00000000c00133f2      0x156 hal/buzzer.32
                0x00000000c00133f2                Buzzer::Buzzer(char const*)
                0x00000000c00133f2                Buzzer::Buzzer(char const*)
                0x00000000c0013436                Buzzer::~Buzzer()
                0x00000000c0013436                Buzzer::~Buzzer()
                0x00000000c001345a                Buzzer::~Buzzer()
                0x00000000c0013484                Buzzer::stop()
                0x00000000c0013497                beepThread(void*)
                0x00000000c00134da                Buzzer::beep(int, int, bool)
 .text          0x00000000c0013548      0x467 hal/clock.32
                0x00000000c0013548                User::loadClockSettings(int)
                0x00000000c001359a                Clock::Clock(char const*)
                0x00000000c001359a                Clock::Clock(char const*)
                0x00000000c00135d0                Clock::~Clock()
                0x00000000c00135d0                Clock::~Clock()
                0x00000000c00135f4                Clock::~Clock()
                0x00000000c001361e                Clock::timeInSecondsLocal()
                0x00000000c0013666                Clock::setTimeInSecondsLocal(unsigned long long)
                0x00000000c00136bf                datetimeToSeconds(datetime_t)
                0x00000000c00137e6                Clock::setTimeInDatetimeLocal(datetime_t)
                0x00000000c0013846                secondsToDatetime(unsigned long long)
                0x00000000c001398a                Clock::timeInDatetimeLocal()
 *fill*         0x00000000c00139af        0x1 
 .text          0x00000000c00139b0      0x504 hal/device.32
                0x00000000c00139b0                Device::hibernate()
                0x00000000c00139b2                Device::wake()
                0x00000000c00139b4                Device::detect()
                0x00000000c00139b6                Device::disableLegacy()
                0x00000000c00139b8                Device::powerSaving(PowerSavingLevel)
                0x00000000c00139ba                DriverlessDevice::close(int, int, void*)
                0x00000000c00139be                DriverlessDevice::detect()
                0x00000000c00139c0                DriverlessDevice::open(int, int, void*)
                0x00000000c00139d4                Device::~Device()
                0x00000000c00139d4                Device::~Device()
                0x00000000c00139e2                Device::~Device()
                0x00000000c0013a0a                Device::findAndLoadDriver()
                0x00000000c0013a18                Device::preOpenPCI(PCIDeviceInfo)
                0x00000000c0013a3e                Device::preOpenACPI(void*, char*, char*)
                0x00000000c0013a7e                Device::addIRQHandler(int, void (*)(regs*, void*), bool, void*)
                0x00000000c0013abc                Device::getParent()
                0x00000000c0013ac8                Device::removeIRQHandler(int, void (*)(regs*, void*), bool)
                0x00000000c0013b06                Device::addChild(Device*)
                0x00000000c0013b4a                Device::removeAllChildren()
                0x00000000c0013b90                Device::hibernateAll()
                0x00000000c0013bc0                Device::wakeAll()
                0x00000000c0013bf0                Device::detectAll()
                0x00000000c0013c20                Device::disableLegacyAll()
                0x00000000c0013c50                Device::loadDriversForAll()
                0x00000000c0013c90                Device::closeAll()
                0x00000000c0013cc6                Device::powerSavingAll(PowerSavingLevel)
                0x00000000c0013cfc                Device::setName(char const*)
                0x00000000c0013d0a                Device::Device(char const*)
                0x00000000c0013d0a                Device::Device(char const*)
                0x00000000c0013e06                Device::getName()
                0x00000000c0013e10                DriverlessDevice::DriverlessDevice(char const*)
                0x00000000c0013e10                DriverlessDevice::DriverlessDevice(char const*)
                0x00000000c0013e46                Device::addToLinkedList(LinkedList<Device>&, DeviceType)
                0x00000000c0013e8a                getDevicesOfType(DeviceType)
 .text          0x00000000c0013eb4       0x84 hal/diskctrl.32
                0x00000000c0013eb4                HardDiskController::HardDiskController(char const*)
                0x00000000c0013eb4                HardDiskController::HardDiskController(char const*)
                0x00000000c0013eea                HardDiskController::~HardDiskController()
                0x00000000c0013eea                HardDiskController::~HardDiskController()
                0x00000000c0013f0e                HardDiskController::~HardDiskController()
 .text          0x00000000c0013f38       0xe2 hal/diskphys.32
                0x00000000c0013f38                PhysicalDisk::eject()
                0x00000000c0013f3c                PhysicalDisk::PhysicalDisk(char const*, int)
                0x00000000c0013f3c                PhysicalDisk::PhysicalDisk(char const*, int)
                0x00000000c0013fa4                PhysicalDisk::startCache()
                0x00000000c0013fcc                PhysicalDisk::~PhysicalDisk()
                0x00000000c0013fcc                PhysicalDisk::~PhysicalDisk()
                0x00000000c0013ff0                PhysicalDisk::~PhysicalDisk()
 .text          0x00000000c001401a      0x13b hal/fpu.32
                0x00000000c001401a                FPU::FPU(char const*)
                0x00000000c001401a                FPU::FPU(char const*)
                0x00000000c0014050                FPU::~FPU()
                0x00000000c0014050                FPU::~FPU()
                0x00000000c0014074                FPU::~FPU()
                0x00000000c001409e                setupFPU()
 *fill*         0x00000000c0014155        0x1 
 .text          0x00000000c0014156     0x1435 hal/intctrl.32
                0x00000000c0014156                InterruptController::uninstallISRHandler(int, void (*)(regs*, void*))
                0x00000000c001418e                InterruptController::installISRHandler(int, void (*)(regs*, void*), void*)
                0x00000000c00141e0                doubleFault(regs*, void*)
                0x00000000c00141fa                InterruptController::installIRQHandler(int, void (*)(regs*, void*), bool, void*)
                0x00000000c0014296                InterruptController::clearAllHandlers(int, bool)
                0x00000000c001433e                InterruptController::uninstallIRQHandler(int, void (*)(regs*, void*), bool)
                0x00000000c00143c5                nmiHandler(regs*, void*)
                0x00000000c00143d3                int_handler
                0x00000000c0014474                InterruptController::InterruptController(char const*)
                0x00000000c0014474                InterruptController::InterruptController(char const*)
                0x00000000c001451a                InterruptController::~InterruptController()
                0x00000000c001451a                InterruptController::~InterruptController()
                0x00000000c001453e                InterruptController::~InterruptController()
                0x00000000c0014568                displayDebugInfo(regs*)
                0x00000000c00149f7                x87EmulHandler(regs*, void*)
                0x00000000c0014a6a                gpFault(regs*, void*)
                0x00000000c0014aa3                pgFault(regs*, void*)
                0x00000000c0014aeb                otherISRHandler(regs*, void*)
                0x00000000c0014b0a                opcodeFault(regs*, void*)
                0x00000000c0015127                displayProgramFault(char const*)
                0x00000000c001514f                setupInterruptController()
                0x00000000c001553e                InterruptController::convertLegacyIRQNumber(int)
 *fill*         0x00000000c001558b        0x1 
 .text          0x00000000c001558c      0x784 hal/keybrd.32
                0x00000000c001558c                startGUI(void*)
                0x00000000c00155f8                startGUIVESA(void*)
                0x00000000c0015664                sendKeyToTerminal(unsigned char)
                0x00000000c0015722                sendKeyboardToken(KeyboardToken)
                0x00000000c0015b5f                clearInternalKeybuffer(VgaText*)
                0x00000000c0015b94                readKeyboard(VgaText*, char*, unsigned long)
                0x00000000c0015c86                Keyboard::Keyboard(char const*)
                0x00000000c0015c86                Keyboard::Keyboard(char const*)
                0x00000000c0015cc2                Keyboard::~Keyboard()
                0x00000000c0015cc2                Keyboard::~Keyboard()
                0x00000000c0015ce6                Keyboard::~Keyboard()
 .text          0x00000000c0015d10      0x3ea hal/logidisk.32
                0x00000000c0015d10                LogicalDisk::close(int, int, void*)
                0x00000000c0015d14                LogicalDisk::~LogicalDisk()
                0x00000000c0015d14                LogicalDisk::~LogicalDisk()
                0x00000000c0015d38                LogicalDisk::~LogicalDisk()
                0x00000000c0015d62                LogicalDisk::open(int, int, void*)
                0x00000000c0015d76                LogicalDisk::absoluteToRelative(unsigned long long)
                0x00000000c0015dae                LogicalDisk::relativeToAbsolute(unsigned long long)
                0x00000000c0015df4                LogicalDisk::LogicalDisk(char const*, PhysicalDisk*, unsigned long long, unsigned long long)
                0x00000000c0015df4                LogicalDisk::LogicalDisk(char const*, PhysicalDisk*, unsigned long long, unsigned long long)
                0x00000000c0015eaa                LogicalDisk::assignDriveLetter()
                0x00000000c0015f60                LogicalDisk::mount()
                0x00000000c0015fa8                LogicalDisk::unmount()
                0x00000000c0015fb8                LogicalDisk::eject()
                0x00000000c0015fcc                LogicalDisk::unassignDriveLetter()
                0x00000000c0016022                LogicalDisk::read(unsigned long long, int, void*)
                0x00000000c001608e                LogicalDisk::write(unsigned long long, int, void*)
 .text          0x00000000c00160fa       0x84 hal/mouse.32
                0x00000000c00160fa                Mouse::Mouse(char const*)
                0x00000000c00160fa                Mouse::Mouse(char const*)
                0x00000000c0016130                Mouse::~Mouse()
                0x00000000c0016130                Mouse::~Mouse()
                0x00000000c0016154                Mouse::~Mouse()
 .text          0x00000000c001617e      0x339 hal/partition.32
                0x00000000c001617e                makePartition(PhysicalDisk*, unsigned long long, unsigned long long)
                0x00000000c0016226                createPartitionsForDisk(PhysicalDisk*)
 *fill*         0x00000000c00164b7        0x1 
 .text          0x00000000c00164b8       0x84 hal/serial.32
                0x00000000c00164b8                Serial::Serial(char const*)
                0x00000000c00164b8                Serial::Serial(char const*)
                0x00000000c00164ee                Serial::~Serial()
                0x00000000c00164ee                Serial::~Serial()
                0x00000000c0016512                Serial::~Serial()
 .text          0x00000000c001653c      0x2f3 hal/timer.32
                0x00000000c001653c                Timer::Timer(char const*)
                0x00000000c001653c                Timer::Timer(char const*)
                0x00000000c0016572                Timer::~Timer()
                0x00000000c0016572                Timer::~Timer()
                0x00000000c0016596                Timer::~Timer()
                0x00000000c00165c0                Timer::read()
                0x00000000c00165cb                timerHandler(unsigned long long)
                0x00000000c001673d                setupTimer(int)
 *fill*         0x00000000c001682f        0x1 
 .text          0x00000000c0016830      0x409 hal/vcache.32
                0x00000000c0016830                VCache::VCache(PhysicalDisk*)
                0x00000000c0016830                VCache::VCache(PhysicalDisk*)
                0x00000000c0016998                VCache::invalidateReadBuffer()
                0x00000000c00169a8                VCache::writeWriteBuffer()
                0x00000000c00169e4                VCache::~VCache()
                0x00000000c00169e4                VCache::~VCache()
                0x00000000c0016a38                VCache::~VCache()
                0x00000000c0016a60                VCache::write(unsigned long long, int, void*)
                0x00000000c0016b4a                VCache::read(unsigned long long, int, void*)
 *fill*         0x00000000c0016c39        0x1 
 .text          0x00000000c0016c3a      0x4b3 hal/video.32
                0x00000000c0016c3a                Video::putrect(int, int, int, int, unsigned int)
                0x00000000c0016c86                Video::bitblit(int, int, int, int, int, int, int, unsigned int*)
                0x00000000c0016cf6                Video::blit(unsigned int*, int, int, int, int)
                0x00000000c0016d74                Video::clearScreen(unsigned int)
                0x00000000c0016da8                Video::putpixel(int, int, unsigned int)
                0x00000000c0016db6                Video::Video(char const*)
                0x00000000c0016db6                Video::Video(char const*)
                0x00000000c0016dec                Video::~Video()
                0x00000000c0016dec                Video::~Video()
                0x00000000c0016e10                Video::~Video()
                0x00000000c0016e3a                Video::isMonochrome()
                0x00000000c0016e46                Video::getWidth()
                0x00000000c0016e52                Video::getHeight()
                0x00000000c0016e5e                Video::drawCursor(int, int, unsigned char*, int)
                0x00000000c0016f1a                Video::tgaParse(unsigned char*, int, int*, int*)
                0x00000000c0017082                Video::putTGA(int, int, unsigned char*, int)
 *fill*         0x00000000c00170ed        0x1 
 .text          0x00000000c00170ee     0x11c9 hw/acpi.32
                0x00000000c00170ee                ACPI::close(int, int, void*)
                0x00000000c0017193                findRSDP()
                0x00000000c001721d                loadACPITables(unsigned char*)
                0x00000000c0017474                findRSDT(unsigned char*)
                0x00000000c00175be                findDataTable(unsigned char*, char*)
                0x00000000c0017630                scanMADT()
                0x00000000c0017a9e                ACPI::ACPI()
                0x00000000c0017a9e                ACPI::ACPI()
                0x00000000c0017af2                ACPI::getPCIIRQAssignment(unsigned char, unsigned short, unsigned char)
                0x00000000c0017bd4                ACPI::registerPCIIRQAssignment(void*, unsigned short, unsigned char, unsigned char)
                0x00000000c0017c9a                ACPI::setScreenBrightnessLevel(void*, int)
                0x00000000c0017ca0                ACPI::detectPCI()
                0x00000000c0017ea2                ACPI::writeSimpleBootFlag(SimpleBootFlagTable*)
                0x00000000c0017eea                ACPI::sleep()
                0x00000000c0017f02                ACPI::open(int, int, void*)
 *fill*         0x00000000c00182b7        0x1 
 .text          0x00000000c00182b8     0x1495 hw/cpu.32
                0x00000000c00182b8                CPU::close(int, int, void*)
                0x00000000c00182bc                CPU::lookupAMDName(unsigned char, unsigned char)
                0x00000000c0018450                CPU::lookupIntelName(unsigned char, unsigned char)
                0x00000000c00186fe                CPU::AMD_K6_write_msr(unsigned int, unsigned int, unsigned int, CPU::REGS*)
                0x00000000c001871a                CPU::AMD_K6_read_msr(unsigned int, CPU::REGS*)
                0x00000000c0018732                CPU::AMD_K6_writeback(int, int, int)
                0x00000000c00187a6                CPU::cpuid(int, unsigned long*, unsigned long*, unsigned long*, unsigned long*)
                0x00000000c001882a                CPU::cpuidCheckEDX(unsigned int)
                0x00000000c0018858                CPU::cpuidCheckECX(unsigned int)
                0x00000000c0018886                CPU::cpuidCheckExtendedEBX(unsigned int)
                0x00000000c00188b4                CPU::cpuidCheckExtendedECX(unsigned int)
                0x00000000c00188e2                CPU::CPU()
                0x00000000c00188e2                CPU::CPU()
                0x00000000c0018970                CPU::displayFeatures()
                0x00000000c0018972                CPU::detectFeatures()
                0x00000000c0019364                CPU::setupSMEP()
                0x00000000c0019370                CPU::setupUMIP()
                0x00000000c001937a                CPU::setupTSC()
                0x00000000c0019384                CPU::setupLargePages()
                0x00000000c001938e                CPU::setupPAT()
                0x00000000c00193ca                CPU::setupMTRR()
                0x00000000c00193cc                CPU::setupGlobalPages()
                0x00000000c00193d6                CPU::allowUsermodeDataAccess()
                0x00000000c00193e8                CPU::prohibitUsermodeDataAccess()
                0x00000000c00193fa                CPU::setupSMAP()
                0x00000000c0019408                CPU::setupFeatures()
                0x00000000c0019488                CPU::open(int, int, void*)
                0x00000000c0019552                CPU::decodeAddress(regs*, int*, bool*, unsigned char*)
 .text          0x00000000c001974d        0x0 hw/ports.32
 .text          0x00000000c001974d      0x16a hw/smp.32
                0x00000000c001974d                Krnl::smpEntry()
                0x00000000c001974f                Krnl::startCPU(int)
                0x00000000c0019898                Krnl::startCPUs()
 *fill*         0x00000000c00198b7        0x1 
 .text          0x00000000c00198b8      0x581 krnl/env.32
                0x00000000c00198b8                EnvVarContainer::getEnv(char const*)
                0x00000000c00198f6                EnvVarContainer::setEnv(char const*, char const*)
                0x00000000c00199b8                EnvVarContainer::deleteEnv(char const*)
                0x00000000c00199ba                EnvVarContainer::loadFrom(char const*, char const*)
                0x00000000c0019ba0                EnvVarContainer::__loadSystem()
                0x00000000c0019bba                EnvVarContainer::__loadUser()
                0x00000000c0019bbc                EnvVarContainer::EnvVarContainer(Process*)
                0x00000000c0019bbc                EnvVarContainer::EnvVarContainer(Process*)
                0x00000000c0019bde                EnvVarContainer::~EnvVarContainer()
                0x00000000c0019bde                EnvVarContainer::~EnvVarContainer()
                0x00000000c0019c0e                Krnl::getEnv(Process*, char const*)
                0x00000000c0019c73                Krnl::setEnvSystem(char const*, char const*)
                0x00000000c0019c8d                Krnl::setEnvUser(char const*, char const*)
                0x00000000c0019cac                Krnl::setEnvProcess(Process*, char const*, char const*)
                0x00000000c0019cbf                Krnl::deleteEnvSystem(char const*)
                0x00000000c0019cc0                Krnl::deleteEnvUser(char const*)
                0x00000000c0019cc1                Krnl::deleteEnvProcess(Process*, char const*)
                0x00000000c0019cc2                Krnl::newProcessEnv(Process*)
                0x00000000c0019ce4                Krnl::copyProcessEnv(Process*, Process*)
                0x00000000c0019d30                Krnl::loadSystemEnv()
                0x00000000c0019d5e                Krnl::loadUserEnv()
                0x00000000c0019d84                Krnl::flushEnv()
                0x00000000c0019d85                Krnl::getProcessTotalEnvCount(Process*)
                0x00000000c0019da5                Krnl::getProcessEnvPair(Process*, int)
 .text          0x00000000c0019e39      0x39c krnl/panic.32
                0x00000000c0019e39                Krnl::panic(char const*)
 .text          0x00000000c001a1d5      0x57f net/ethernet.32
                0x00000000c001a1d5                Net::switchEndian16(unsigned short)
                0x00000000c001a1f6                Net::switchEndian32(unsigned int)
                0x00000000c001a225                Net::crc32Calc(unsigned char*, int)
                0x00000000c001a2b6                Net::wrapEthernetFrame(Net::UnwrappedEthernetFrame, unsigned char*)
                0x00000000c001a4c9                Net::unwrapEthernetFrame(unsigned char*, int)
 .text          0x00000000c001a754      0x50e reg/registry.32
                0x00000000c001a754                Reg::findLineFromLoadedData(char*, char*, char*)
                0x00000000c001a8ac                Reg::getLineFromRegistry(char*, char*, char*, char*)
                0x00000000c001aa01                Reg::getLine(char*, char*, char*)
                0x00000000c001aa38                Reg::readInt(char*, char*, int*)
                0x00000000c001ab23                Reg::readString(char*, char*, char*, int)
                0x00000000c001aba4                Reg::readBool(char*, char*, bool*)
                0x00000000c001abc9                Reg::readBoolWithDefault(char*, char*, bool)
                0x00000000c001abf5                Reg::readIntWithDefault(char*, char*, int)
                0x00000000c001ac21                Reg::readStringWithDefault(char*, char*, char*, int, char*)
 .text          0x00000000c001ac62       0x36 sys/sc_eject.32
                0x00000000c001ac62                Sys::eject(regs*)
 .text          0x00000000c001ac98       0x18 sys/sc_exit.32
                0x00000000c001ac98                Sys::exit(regs*)
 .text          0x00000000c001acb0       0x1f sys/sc_getcwd.32
                0x00000000c001acb0                Sys::getCwd(regs*)
 .text          0x00000000c001accf        0xc sys/sc_getpid.32
                0x00000000c001accf                Sys::getPID(regs*)
 .text          0x00000000c001acdb       0x17 sys/sc_getramdata.32
                0x00000000c001acdb                Sys::getRAMData(regs*)
 .text          0x00000000c001acf2       0x84 sys/sc_getvgaptr.32
                0x00000000c001acf2                Sys::getVGAPtr(regs*)
 .text          0x00000000c001ad76       0xa8 sys/sc_loaddll.32
                0x00000000c001ad76                Sys::loadDLL(regs*)
 .text          0x00000000c001ae1e       0x68 sys/sc_read.32
                0x00000000c001ae1e                Sys::read(regs*)
 .text          0x00000000c001ae86       0x55 sys/sc_sbrk.32
                0x00000000c001ae86                Sys::sbrk(regs*)
 .text          0x00000000c001aedb       0x1c sys/sc_setcwd.32
                0x00000000c001aedb                Sys::setCwd(regs*)
 .text          0x00000000c001aef7       0x95 sys/sc_settime.32
                0x00000000c001aef7                Sys::setTime(regs*)
 .text          0x00000000c001af8c       0x4a sys/sc_timezone.32
                0x00000000c001af8c                Sys::timezone(regs*)
 .text          0x00000000c001afd6       0x68 sys/sc_write.32
                0x00000000c001afd6                Sys::write(regs*)
 .text          0x00000000c001b03e       0x62 sys/sc_wsbe.32
                0x00000000c001b03e                Sys::wsbe(regs*)
 .text          0x00000000c001b0a0       0x46 sys/sc_yield.32
                0x00000000c001b0a0                Sys::yield(regs*)
 .text          0x00000000c001b0e6      0xf84 sys/syscalls.32
                0x00000000c001b0e6                sysCallSeekDir(regs*)
                0x00000000c001b0eb                sysCallTellDir(regs*)
                0x00000000c001b0f0                sysCallVerify(regs*)
                0x00000000c001b0fa                sysCallGetArgc(regs*)
                0x00000000c001b10a                sysFormatDisk(regs*)
                0x00000000c001b174                sysSetDiskVolumeLabel(regs*)
                0x00000000c001b1ba                sysGetDiskVolumeLabel(regs*)
                0x00000000c001b20b                sysShutdown(regs*)
                0x00000000c001b269                sysCallRealpath(regs*)
                0x00000000c001b2ac                sysCallReadDir(regs*)
                0x00000000c001b32b                sysCallIsATTY(regs*)
                0x00000000c001b385                sysCallSeek(regs*)
                0x00000000c001b3dc                sysCallTell(regs*)
                0x00000000c001b448                sysCallSize(regs*)
                0x00000000c001b4ba                sysCallSizeFromFilename(regs*)
                0x00000000c001b569                sysCallClose(regs*)
                0x00000000c001b5c9                sysCallOpenDir(regs*)
                0x00000000c001b63e                sysCallCloseDir(regs*)
                0x00000000c001b692                sysCallMakeDir(regs*)
                0x00000000c001b702                sysCallWait(regs*)
                0x00000000c001b71c                sysCallNotImpl(regs*)
                0x00000000c001b737                sysPanic(regs*)
                0x00000000c001b751                sysCallRmdir(regs*)
                0x00000000c001b7b5                sysCallUnlink(regs*)
                0x00000000c001b819                sysCallGetArgv(regs*)
                0x00000000c001b865                sysCallTTYName(regs*)
                0x00000000c001b8e8                sysCallUSleep(regs*)
                0x00000000c001b90f                sysCallSpawn(regs*)
                0x00000000c001b977                sysCallGetEnv(regs*)
                0x00000000c001ba24                sysAppSettings(regs*)
                0x00000000c001bb38                sysSetFatAttrib(regs*)
                0x00000000c001bbaa                sysPipe(regs*)
                0x00000000c001bbef                sysGetUnixTime(regs*)
                0x00000000c001bc03                string_ends_with(char const*, char const*)
                0x00000000c001bc4b                sysCallOpen(regs*)
                0x00000000c001be33                Sys::loadSyscalls()
                0x00000000c001c028                Sys::systemCall(regs*, void*)
 .text          0x00000000c001c06a     0x11fd thr/elf.32
                0x00000000c001c06a                Thr::allocateMemoryForTask(Process*, File*, unsigned long, unsigned long, unsigned long)
                0x00000000c001c314                Thr::loadProgramIntoMemory(Process*, char const*)
                0x00000000c001c52a                Thr::runtimeReferenceHelper()
                0x00000000c001c53d                Thr::getAddressOfKernelSymbol(char const*)
                0x00000000c001c58c                Thr::loadKernelSymbolTable(char const*)
                0x00000000c001c84a                Thr::loadDriverIntoMemory(char const*, unsigned long, bool)
                0x00000000c001cf80                Thr::getDriverBaseFromAddress(unsigned long)
                0x00000000c001cfb2                Thr::getDriverNameFromAddress(unsigned long)
                0x00000000c001cfe9                Thr::getDriverOffsetFromAddress(unsigned long)
                0x00000000c001d003                Thr::loadDLL(char const*, bool)
                0x00000000c001d22e                Thr::executeDLL(unsigned long, void*)
 *fill*         0x00000000c001d267        0x1 
 .text          0x00000000c001d268     0x11ef thr/prcssthr.32
                0x00000000c001d268                userModeEntryPoint(void*)
                0x00000000c001d28e                changeTSS
                0x00000000c001d2be                switchToThread(ThreadControlBlock*)
                0x00000000c001d368                Process::addArgs(char**)
                0x00000000c001d3c2                Process::Process(char const*, Process*, char**)
                0x00000000c001d3c2                Process::Process(char const*, Process*, char**)
                0x00000000c001d5a6                Process::Process(bool, char const*, Process*, char**)
                0x00000000c001d5a6                Process::Process(bool, char const*, Process*, char**)
                0x00000000c001d755                taskStartupFunction
                0x00000000c001d75e                Semaphore::Semaphore(int)
                0x00000000c001d75e                Semaphore::Semaphore(int)
                0x00000000c001d78c                Mutex::Mutex()
                0x00000000c001d78c                Mutex::Mutex()
                0x00000000c001d79e                Process::createThread(void (*)(void*), void*, int)
                0x00000000c001d8a4                Process::createUserThread()
                0x00000000c001d8c0                setupMultitasking(void (*)())
                0x00000000c001d9c3                schedule()
                0x00000000c001da48                Semaphore::tryAcquire()
                0x00000000c001db04                Semaphore::assertLocked(char const*)
                0x00000000c001db73                blockTaskWithSchedulerLockAlreadyHeld(TaskState)
                0x00000000c001db99                blockTask(TaskState)
                0x00000000c001dbc6                waitTask(int, int*, int)
                0x00000000c001dc08                nanoSleepUntil(unsigned long long)
                0x00000000c001dc9d                nanoSleep(unsigned long long)
                0x00000000c001dcb5                sleep(unsigned long long)
                0x00000000c001dcd2                Semaphore::acquire()
                0x00000000c001dd74                taskReturned
                0x00000000c001ddaf                Thr::processFromPID(int)
                0x00000000c001de46                unblockTask(ThreadControlBlock*)
                0x00000000c001dedb                cleanupTerminatedTask(ThreadControlBlock*)
                0x00000000c001e182                cleanerTaskFunction(void*)
                0x00000000c001e263                terminateTask(int)
                0x00000000c001e322                Thr::terminateFromIRQ(int)
                0x00000000c001e32e                Semaphore::release()
 .text          0x00000000c001e457      0xada vm86/vm8086.32
                0x00000000c001e457                Vm::inbv(unsigned short)
                0x00000000c001e46a                Vm::outbv(unsigned short, unsigned char)
                0x00000000c001e4a0                Vm::realToLinear(unsigned short, unsigned short)
                0x00000000c001e4b0                Vm::getSegment(unsigned int)
                0x00000000c001e4b8                Vm::getOffset(unsigned int)
                0x00000000c001e4bd                Vm::mainloop2()
                0x00000000c001e4f7                Vm::mainVm8086Loop(void*)
                0x00000000c001e507                Vm::mainloop3(unsigned long)
                0x00000000c001e52d                Vm::initialise8086()
                0x00000000c001e570                Vm::finish8086()
                0x00000000c001e5d1                Vm::getOutput8086(unsigned char*)
                0x00000000c001e5f6                Vm::start8086(char const*, unsigned short, unsigned short, unsigned short, unsigned short)
                0x00000000c001e75e                Vm::doISR(regs*, int, unsigned char*, unsigned short, unsigned short)
                0x00000000c001e7e8                Vm::readByteFromReal(unsigned short, unsigned short)
                0x00000000c001e7f9                Vm::readWordFromReal(unsigned short, unsigned short)
                0x00000000c001e80b                Vm::readDwordFromReal(unsigned short, unsigned short)
                0x00000000c001e81c                Vm::writeByteFromReal(unsigned short, unsigned short, unsigned char)
                0x00000000c001e831                Vm::writeWordFromReal(unsigned short, unsigned short, unsigned short)
                0x00000000c001e847                Vm::writeDwordFromReal(unsigned short, unsigned short, unsigned int)
                0x00000000c001e85c                Vm::faultHandler(regs*)
 .text          0x00000000c001ef31      0xefd vm86/x87em.32
                0x00000000c001ef31                Vm::fpuInternalTo32(unsigned long long)
                0x00000000c001ef8c                Vm::fpuInternalTo64(unsigned long long)
                0x00000000c001ef95                Vm::fpu32ToInternal(unsigned int)
                0x00000000c001efda                Vm::fpu64ToInternal(unsigned long long)
                0x00000000c001efe3                Vm::fpuFloatToLong(unsigned long long)
                0x00000000c001f03e                Vm::fpuULongToFloat(unsigned long long)
                0x00000000c001f074                Vm::fpuLongToFloat(long long)
                0x00000000c001f0ca                Vm::fpuGet0()
                0x00000000c001f0cf                Vm::fpuGet1()
                0x00000000c001f0d7                Vm::fpuGetPi()
                0x00000000c001f0df                Vm::fpuGetLog2E()
                0x00000000c001f0f7                Vm::fpuGetLogE2()
                0x00000000c001f10f                Vm::fpuGetLog210()
                0x00000000c001f127                Vm::fpuGetLog102()
                0x00000000c001f13f                Vm::fpuIsSecondLarger(unsigned long long, unsigned long long)
                0x00000000c001f153                Vm::fpuAreEqual(unsigned long long, unsigned long long)
                0x00000000c001f169                Vm::fpuUnorderedCompare(unsigned long long, unsigned long long)
                0x00000000c001f1bc                Vm::fpuAdd(unsigned long long, unsigned long long)
                0x00000000c001f1cd                Vm::fpuAbs(unsigned long long)
                0x00000000c001f1d6                Vm::fpuChs(unsigned long long)
                0x00000000c001f1e6                Vm::fpuSub(unsigned long long, unsigned long long)
                0x00000000c001f1f5                Vm::fpuMultiply(unsigned long long, unsigned long long)
                0x00000000c001f214                Vm::fpuDivide(unsigned long long, unsigned long long)
                0x00000000c001f230                Vm::fpuSquare(unsigned long long)
                0x00000000c001f246                Vm::fpuGetReg(int)
                0x00000000c001f289                Vm::fpuSetReg(int, unsigned long long)
                0x00000000c001f2d4                Vm::fpuPush(unsigned long long)
                0x00000000c001f331                Vm::fpuPop()
                0x00000000c001f383                Vm::x87Handler(regs*)
 .text          0x00000000c001fe2e     0x11c1 fs/fat/vfslink.32
                0x00000000c001fe2e                FAT::getName()
                0x00000000c001fe34                FAT::tell(void*, unsigned long long*)
                0x00000000c001fe68                FAT::stat(void*, unsigned long long*)
                0x00000000c001fe9c                FAT::~FAT()
                0x00000000c001fe9c                FAT::~FAT()
                0x00000000c001fec0                FAT::~FAT()
                0x00000000c001fee8                FAT::getlabel(LogicalDisk*, int, char*, unsigned int*)
                0x00000000c001ff86                FAT::setlabel(LogicalDisk*, int, char*)
                0x00000000c0020040                FAT::format(LogicalDisk*, int, char const*, int)
                0x00000000c00201fe                FAT::tryMount(LogicalDisk*, int)
                0x00000000c0020404                FAT::getFileFirstSector(char const*)
                0x00000000c00204aa                FAT::readDir(void*, unsigned long, void*, int*)
                0x00000000c0020604                FAT::read(void*, unsigned long, void*, int*)
                0x00000000c002065e                FAT::write(void*, unsigned long, void*, int*)
                0x00000000c00206b8                FAT::close(void*)
                0x00000000c0020704                FAT::closeDir(void*)
                0x00000000c0020750                FAT::seek(void*, unsigned long long)
                0x00000000c00207a4                fatWrapperReadDisk
                0x00000000c00207eb                fatWrapperWriteDisk
                0x00000000c0020832                fatWrapperIoctl
                0x00000000c0020936                FAT::FAT()
                0x00000000c0020936                FAT::FAT()
                0x00000000c0020988                FAT::fixFilepath(char*)
                0x00000000c00209c0                FAT::open(char const*, void**, FileOpenMode)
                0x00000000c0020ae8                FAT::openDir(char const*, void**)
                0x00000000c0020b8e                FAT::stat(char const*, unsigned long long*, bool*)
                0x00000000c0020c78                FAT::unlink(char const*)
                0x00000000c0020cf2                FAT::chfatattr(char const*, unsigned char, unsigned char)
                0x00000000c0020e46                FAT::rename(char const*, char const*)
                0x00000000c0020f0a                FAT::mkdir(char const*)
                0x00000000c0020f84                FAT::exists(char const*)
 *fill*         0x00000000c0020fef        0x1 
 .text          0x00000000c0020ff0      0xb75 fs/iso9660/vfslink.32
                0x00000000c0020ff0                ISO9660::format(LogicalDisk*, int, char const*, int)
                0x00000000c0020ff6                ISO9660::seek(void*, unsigned long long)
                0x00000000c0021026                ISO9660::tell(void*, unsigned long long*)
                0x00000000c002104a                ISO9660::getName()
                0x00000000c0021050                ISO9660::stat(void*, unsigned long long*)
                0x00000000c0021074                ISO9660::chfatattr(char const*, unsigned char, unsigned char)
                0x00000000c002107a                ISO9660::unlink(char const*)
                0x00000000c0021080                ISO9660::write(void*, unsigned long, void*, int*)
                0x00000000c0021086                ISO9660::rename(char const*, char const*)
                0x00000000c002108c                ISO9660::mkdir(char const*)
                0x00000000c0021092                ISO9660::close(void*)
                0x00000000c00210b4                ISO9660::closeDir(void*)
                0x00000000c00210d6                ISO9660::~ISO9660()
                0x00000000c00210d6                ISO9660::~ISO9660()
                0x00000000c00210fa                ISO9660::~ISO9660()
                0x00000000c0021121                __memmem(unsigned char*, int, unsigned char*, int)
                0x00000000c0021163                readSectorFromCDROM(unsigned int, unsigned char*, char)
                0x00000000c00211be                ISO9660::tryMount(LogicalDisk*, int)
                0x00000000c002120e                ISO9660::read(void*, unsigned long, void*, int*)
                0x00000000c0021412                ISO9660::readDir(void*, unsigned long, void*, int*)
                0x00000000c002168c                readRoot(unsigned int*, unsigned int*, char)
                0x00000000c00216e0                readRecursively(char*, unsigned int, unsigned int, unsigned int*, unsigned int*, char, int*)
                0x00000000c00218b3                getFileData(char*, unsigned int*, unsigned int*, char, int*)
                0x00000000c0021942                ISO9660::open(char const*, void**, FileOpenMode)
                0x00000000c00219f0                ISO9660::exists(char const*)
                0x00000000c0021a14                ISO9660::stat(char const*, unsigned long long*, bool*)
                0x00000000c0021aa8                ISO9660::openDir(char const*, void**)
                0x00000000c0021b42                ISO9660::ISO9660()
                0x00000000c0021b42                ISO9660::ISO9660()
 *fill*         0x00000000c0021b65        0x1 
 .text          0x00000000c0021b66      0x396 hal/sound/sndchannel.32
                0x00000000c0021b66                SoundChannel::SoundChannel(int, int, int, int)
                0x00000000c0021b66                SoundChannel::SoundChannel(int, int, int, int)
                0x00000000c0021c90                SoundChannel::~SoundChannel()
                0x00000000c0021c90                SoundChannel::~SoundChannel()
                0x00000000c0021cac                SoundChannel::getSampleRate()
                0x00000000c0021cb4                SoundChannel::getBits()
                0x00000000c0021cbc                SoundChannel::getBufferUsed()
                0x00000000c0021cc4                SoundChannel::getBufferSize()
                0x00000000c0021ccc                SoundChannel::unbuffer(float*, int, int)
                0x00000000c0021d60                SoundChannel::buffer16(short*, int)
                0x00000000c0021e5c                SoundChannel::buffer8(unsigned char*, int)
 .text          0x00000000c0021efc      0x43e hal/sound/sndhw.32
                0x00000000c0021efc                SoundDevice::SoundDevice(char const*)
                0x00000000c0021efc                SoundDevice::SoundDevice(char const*)
                0x00000000c0021f68                SoundDevice::~SoundDevice()
                0x00000000c0021f68                SoundDevice::~SoundDevice()
                0x00000000c0021fe2                SoundDevice::~SoundDevice()
                0x00000000c002200c                SoundDevice::getFreeChannelNum()
                0x00000000c0022026                SoundDevice::addChannel(SoundChannel*)
                0x00000000c0022096                SoundDevice::removeChannel(int)
                0x00000000c00220c8                SoundDevice::floatTo16(float*, short*, int)
                0x00000000c00221b6                SoundDevice::floatTo8(float*, unsigned char*, int)
                0x00000000c002229e                SoundDevice::getAudio(int, float*, float*)
 .text          0x00000000c002233a        0x0 hw/bus/isa.32
 .text          0x00000000c002233a      0xb87 hw/bus/pci.32
                0x00000000c002233a                PCI::open(int, int, void*)
                0x00000000c0022358                PCI::close(int, int, void*)
                0x00000000c002235c                PCI::PCI()
                0x00000000c002235c                PCI::PCI()
                0x00000000c00223f2                PCI::readBAR8(unsigned int, int)
                0x00000000c002240e                PCI::readBAR16(unsigned int, int)
                0x00000000c002242c                PCI::readBAR32(unsigned int, int)
                0x00000000c0022448                PCI::writeBAR8(unsigned int, unsigned char, int)
                0x00000000c0022468                PCI::writeBAR16(unsigned int, unsigned short, int)
                0x00000000c002248a                PCI::writeBAR32(unsigned int, unsigned int, int)
                0x00000000c00224aa                PCI::legacyMechanism(unsigned char, unsigned char, unsigned char, unsigned char)
                0x00000000c0022518                PCI::pciReadWord(unsigned char, unsigned char, unsigned char, unsigned char)
                0x00000000c00225c0                PCI::getVendorID(unsigned char, unsigned char, unsigned char)
                0x00000000c00225e4                PCI::getHeaderType(unsigned char, unsigned char, unsigned char)
                0x00000000c002260c                PCI::getClassCode(unsigned char, unsigned char, unsigned char)
                0x00000000c0022656                PCI::getProgIF(unsigned char, unsigned char, unsigned char)
                0x00000000c002267e                PCI::getRevisionID(unsigned char, unsigned char, unsigned char)
                0x00000000c00226a2                PCI::getInterruptNumber(unsigned char, unsigned char, unsigned char)
                0x00000000c00226c6                PCI::getSecondaryBus(unsigned char, unsigned char, unsigned char)
                0x00000000c00226ee                PCI::getBARAddress(unsigned char, unsigned char, unsigned char, unsigned char)
                0x00000000c0022752                PCI::pciWriteWord(unsigned char, unsigned char, unsigned char, unsigned char, unsigned short)
                0x00000000c002283a                PCI::pciDetailsToFilepath(PCIDeviceInfo, char*)
                0x00000000c0022ab4                PCI::checkBus(unsigned char)
                0x00000000c0022ad8                PCI::foundDevice(PCIDeviceInfo)
                0x00000000c0022c4a                PCI::getDeviceData(unsigned char, unsigned char, unsigned char)
                0x00000000c0022e02                PCI::checkDevice(unsigned char, unsigned char)
                0x00000000c0022e6e                PCI::detect()
 *fill*         0x00000000c0022ec1        0x1 
 .text          0x00000000c0022ec2      0xb54 hw/diskctrl/ide.32
                0x00000000c0022ec2                IDE::close(int, int, void*)
                0x00000000c0022ec6                IDE::IDE()
                0x00000000c0022ec6                IDE::IDE()
                0x00000000c0022efa                IDE::prepareInterrupt(unsigned char)
                0x00000000c0022f0c                selectDrive(unsigned char, unsigned char)
                0x00000000c0022f0e                IDE::getBase(unsigned char)
                0x00000000c0022f20                IDE::write(unsigned char, unsigned char, unsigned char)
                0x00000000c0022fe0                IDE::read(unsigned char, unsigned char)
                0x00000000c002308e                IDE::waitInterrupt(unsigned char)
                0x00000000c00230f4                ideChannel0IRQHandler(regs*, void*)
                0x00000000c0023110                ideChannel1IRQHandler(regs*, void*)
                0x00000000c002312c                IDE::enableIRQs(unsigned char, bool)
                0x00000000c0023172                IDE::open(int, int, void*)
                0x00000000c0023580                IDE::readBuffer(unsigned char, unsigned char, unsigned int, unsigned int)
                0x00000000c002364c                IDE::detect()
                0x00000000c0023912                IDE::printError(unsigned char, unsigned char, unsigned char)
                0x00000000c00239c2                IDE::polling(unsigned char, unsigned int)
 .text          0x00000000c0023a16      0x336 hw/diskctrl/satabus.32
                0x00000000c0023a16                SATABus::close(int, int, void*)
                0x00000000c0023a1a                SATABus::detect()
                0x00000000c0023a1c                SATABus::SATABus()
                0x00000000c0023a1c                SATABus::SATABus()
                0x00000000c0023aa2                SATABus::findCmdslot(SATABus::tagHBA_PORT volatile*)
                0x00000000c0023aea                SATABus::checkType(SATABus::tagHBA_PORT volatile*)
                0x00000000c0023b32                SATABus::startCmd(SATABus::tagHBA_PORT volatile*)
                0x00000000c0023b52                SATABus::stopCmd(SATABus::tagHBA_PORT volatile*)
                0x00000000c0023b7c                SATABus::portRebase(SATABus::tagHBA_PORT volatile*, int)
                0x00000000c0023c82                SATABus::probePort(SATABus::tagHBA_MEM volatile*)
                0x00000000c0023d2c                SATABus::open(int, int, void*)
 .text          0x00000000c0023d4c      0x604 hw/diskphys/ata.32
                0x00000000c0023d4c                ATA::close(int, int, void*)
                0x00000000c0023d70                ATA::powerSaving(PowerSavingLevel)
                0x00000000c0023d72                ATA::ATA()
                0x00000000c0023d72                ATA::ATA()
                0x00000000c0023da0                ATA::flush(bool)
                0x00000000c0023dea                ATA::readyForCommand()
                0x00000000c0023e3a                ATA::access(unsigned long long, int, void*, bool)
                0x00000000c00241c2                ATA::read(unsigned long long, int, void*)
                0x00000000c002420e                ATA::write(unsigned long long, int, void*)
                0x00000000c002425a                ATA::detectCHS()
                0x00000000c0024284                ATA::open(int, int, void*)
 .text          0x00000000c0024350      0x5bd hw/diskphys/atapi.32
                0x00000000c0024350                ATAPI::write(unsigned long long, int, void*)
                0x00000000c0024356                ATAPI::close(int, int, void*)
                0x00000000c002437a                ATAPI::ATAPI()
                0x00000000c002437a                ATAPI::ATAPI()
                0x00000000c00243a8                ATAPI::readyForCommand()
                0x00000000c00243f8                ATAPI::sendPacket(unsigned char*, int, bool, unsigned short*, int)
                0x00000000c00246b8                ATAPI::diskRemoved()
                0x00000000c00246d4                ATAPI::eject()
                0x00000000c002471c                ATAPI::diskInserted()
                0x00000000c002474a                ATAPI::detectMedia()
                0x00000000c0024806                ATAPI::open(int, int, void*)
                0x00000000c002488e                ATAPI::read(unsigned long long, int, void*)
 *fill*         0x00000000c002490d        0x1 
 .text          0x00000000c002490e      0x41c hw/diskphys/sata.32
                0x00000000c002490e                SATA::close(int, int, void*)
                0x00000000c0024932                SATA::powerSaving(PowerSavingLevel)
                0x00000000c0024934                SATA::open(int, int, void*)
                0x00000000c00249de                SATA::SATA()
                0x00000000c00249de                SATA::SATA()
                0x00000000c0024a0c                SATA::access(unsigned long long, int, void*, bool)
                0x00000000c0024c72                SATA::read(unsigned long long, int, void*)
                0x00000000c0024cbe                SATA::write(unsigned long long, int, void*)
 .text          0x00000000c0024d2a      0x4fe hw/diskphys/satapi.32
                0x00000000c0024d2a                SATAPI::write(unsigned long long, int, void*)
                0x00000000c0024d30                SATAPI::close(int, int, void*)
                0x00000000c0024d54                SATAPI::SATAPI()
                0x00000000c0024d54                SATAPI::SATAPI()
                0x00000000c0024d82                SATAPI::diskRemoved()
                0x00000000c0024d9e                SATAPI::diskInserted()
                0x00000000c0024dcc                SATAPI::sendPacket(unsigned char*, int, unsigned long long, unsigned short*, int)
                0x00000000c0024fd4                SATAPI::eject()
                0x00000000c002501c                SATAPI::detectMedia()
                0x00000000c00250de                SATAPI::open(int, int, void*)
                0x00000000c0025186                SATAPI::read(unsigned long long, int, void*)
 .text          0x00000000c0025228       0x8e hw/fpu/avx.32
                0x00000000c0025228                AVX::open(int, int, void*)
                0x00000000c002523a                AVX::close(int, int, void*)
                0x00000000c002524c                AVX::available()
                0x00000000c002525e                AVX::save(void*)
                0x00000000c0025276                AVX::load(void*)
                0x00000000c002528e                AVX::AVX()
                0x00000000c002528e                AVX::AVX()
 .text          0x00000000c00252b6       0x90 hw/fpu/mmx.32
                0x00000000c00252b6                MMX::available()
                0x00000000c00252ca                MMX::open(int, int, void*)
                0x00000000c00252dc                MMX::close(int, int, void*)
                0x00000000c00252ee                MMX::save(void*)
                0x00000000c0025306                MMX::load(void*)
                0x00000000c002531e                MMX::MMX()
                0x00000000c002531e                MMX::MMX()
 .text          0x00000000c0025346       0x96 hw/fpu/sse.32
                0x00000000c0025346                SSE::open(int, int, void*)
                0x00000000c0025358                SSE::close(int, int, void*)
                0x00000000c002536a                SSE::available()
                0x00000000c0025384                SSE::save(void*)
                0x00000000c002539c                SSE::load(void*)
                0x00000000c00253b4                SSE::SSE()
                0x00000000c00253b4                SSE::SSE()
 .text          0x00000000c00253dc       0x8e hw/fpu/x87.32
                0x00000000c00253dc                x87::open(int, int, void*)
                0x00000000c00253ee                x87::close(int, int, void*)
                0x00000000c0025400                x87::available()
                0x00000000c0025412                x87::save(void*)
                0x00000000c002542a                x87::load(void*)
                0x00000000c0025442                x87::x87()
                0x00000000c0025442                x87::x87()
 .text          0x00000000c002546a      0x71e hw/intctrl/apic.32
                0x00000000c002546a                APIC::disable()
                0x00000000c002546c                APIC::close(int, int, void*)
                0x00000000c002548e                IOAPIC::close(int, int, void*)
                0x00000000c0025494                APIC::io_wait()
                0x00000000c002549a                APIC::getBase()
                0x00000000c00254dc                APIC::eoi(unsigned char)
                0x00000000c002550a                APIC::open(int, int, void*)
                0x00000000c0025658                IOAPIC::IOAPIC()
                0x00000000c0025658                IOAPIC::IOAPIC()
                0x00000000c0025680                APIC::APIC()
                0x00000000c0025680                APIC::APIC()
                0x00000000c002575c                IOAPIC::handlesGSIWithNumber(unsigned int)
                0x00000000c002578e                IOAPIC::read(int)
                0x00000000c00257b6                IOAPIC::open(int, int, void*)
                0x00000000c00258ac                IOAPIC::write(int, int)
                0x00000000c00258d8                IOAPIC::redirect(unsigned char, unsigned long long, unsigned char, bool, bool)
                0x00000000c00259d2                APIC::installIRQHandler(int, void (*)(regs*, void*), bool, void*)
 .text          0x00000000c0025b88      0x3d3 hw/intctrl/pic.32
                0x00000000c0025b88                PIC::disable()
                0x00000000c0025bb6                PIC::close(int, int, void*)
                0x00000000c0025bd8                PIC::PIC()
                0x00000000c0025bd8                PIC::PIC()
                0x00000000c0025cae                PIC::ioWait()
                0x00000000c0025cb4                PIC::getIRQReg(int)
                0x00000000c0025d1e                PIC::eoi(unsigned char)
                0x00000000c0025db0                PIC::remap()
                0x00000000c0025f1c                PIC::open(int, int, void*)
 *fill*         0x00000000c0025f5b        0x1 
 .text          0x00000000c0025f5c      0x25e hw/timer/apictimer.32
                0x00000000c0025f5c                APICTimer::close(int, int, void*)
                0x00000000c0025f62                apicTimerHandler(regs*, void*)
                0x00000000c0025f90                APICTimer::write(int)
                0x00000000c0026094                APICTimer::open(int, int, void*)
                0x00000000c0026192                APICTimer::APICTimer()
                0x00000000c0026192                APICTimer::APICTimer()
 .text          0x00000000c00261ba      0x1a7 hw/timer/pit.32
                0x00000000c00261ba                PIT::write(int)
                0x00000000c0026238                pitHandler(regs*, void*)
                0x00000000c0026264                PIT::open(int, int, void*)
                0x00000000c00262b2                PIT::close(int, int, void*)
                0x00000000c00262e2                PIT::PIT()
                0x00000000c00262e2                PIT::PIT()
 *fill*         0x00000000c0026361        0xf 
 .text          0x00000000c0026370       0x1e hw/fpu/x86/avx.32
                0x00000000c0026370                avxDetect
                0x00000000c0026376                avxSave
                0x00000000c0026377                avxLoad
                0x00000000c0026378                avxInit
                0x00000000c0026379                avxClose
                0x00000000c002637a                wouldSheSayYes
 *fill*         0x00000000c002638e        0x2 
 .text          0x00000000c0026390       0x35 hw/fpu/x86/sse.32
                0x00000000c0026390                absolutelyNoChanceInHell
                0x00000000c0026390                sseDetect
                0x00000000c00263a8                sseSave
                0x00000000c00263ae                sseLoad
                0x00000000c00263b4                sseInit
                0x00000000c00263c4                sseClose
 *fill*         0x00000000c00263c5        0xb 
 .text          0x00000000c00263d0       0x4d hw/fpu/x86/x87.32
                0x00000000c00263d6                x87Detect
                0x00000000c00263f1                x87Save
                0x00000000c00263fa                x87Load
                0x00000000c0026402                x87Init
                0x00000000c002641c                x87Close
 *fill*         0x00000000c002641d        0x3 
 .text          0x00000000c0026420       0x25 /cygdrive/d/Users/Alex/Desktop/Toolchain/Output/bin/../lib/gcc/i386-banana/8.1.0/crtend.o
 .text          0x00000000c0026445        0x0 crtn.32
 *fill*         0x00000000c0026445        0x3 
 .text          0x00000000c0026448      0x14b /cygdrive/d/Users/Alex/Desktop/Toolchain/Output/bin/../lib/gcc/i386-banana/8.1.0/libkgcc.a(_divdi3.o)
                0x00000000c0026448                __divdi3
 *fill*         0x00000000c0026593        0x1 
 .text          0x00000000c0026594      0x17e /cygdrive/d/Users/Alex/Desktop/Toolchain/Output/bin/../lib/gcc/i386-banana/8.1.0/libkgcc.a(_moddi3.o)
                0x00000000c0026594                __moddi3
 *fill*         0x00000000c0026712        0x2 
 .text          0x00000000c0026714       0xff /cygdrive/d/Users/Alex/Desktop/Toolchain/Output/bin/../lib/gcc/i386-banana/8.1.0/libkgcc.a(_udivdi3.o)
                0x00000000c0026714                __udivdi3
 *fill*         0x00000000c0026813        0x1 
 .text          0x00000000c0026814      0x11a /cygdrive/d/Users/Alex/Desktop/Toolchain/Output/bin/../lib/gcc/i386-banana/8.1.0/libkgcc.a(_umoddi3.o)
                0x00000000c0026814                __umoddi3
 .text          0x00000000c002692e      0x96d D:/Users/Alex/Desktop/Banana/kernel/libsoftfp.a(sfieeelib.o)
                0x00000000c002692e                __addsf3
                0x00000000c0026c30                __subsf3
                0x00000000c0026c44                __negsf2
                0x00000000c0026c51                __mulsf3
                0x00000000c0026e14                __divsf3
                0x00000000c002703f                __floatsisf
                0x00000000c00270b3                __floatunsisf
                0x00000000c00270f5                __fixsfsi
                0x00000000c0027157                __fixunssfsi
                0x00000000c0027188                __cmpsf2
                0x00000000c002721d                __eqsf2
                0x00000000c0027258                __nesf2
                0x00000000c002725a                __gtsf2
                0x00000000c0027295                __gesf2
                0x00000000c0027297                __ltsf2
                0x00000000c0027299                __lesf2
 .text          0x00000000c002729b      0xf50 D:/Users/Alex/Desktop/Banana/kernel/libsoftfp.a(dfieeelib.o)
                0x00000000c002729b                __adddf3