Archive member included to satisfy reference by file (symbol)

/cygdrive/d/Users/Alex/Desktop/Toolchain/Output/bin/../lib/gcc/i386-banana/8.1.0/libkgcc.a(_divdi3.o)
                              fs/fat/ff.32 (__divdi3)
/cygdrive/d/Users/Alex/Desktop/Toolchain/Output/bin/../lib/gcc/i386-banana/8.1.0/libkgcc.a(_moddi3.o)
                              compat/resolve.32 (__moddi3)
/cygdrive/d/Users/Alex/Desktop/Toolchain/Output/bin/../lib/gcc/i386-banana/8.1.0/libkgcc.a(_udivdi3.o)
                              fs/fat/ff.32 (__udivdi3)
/cygdrive/d/Users/Alex/Desktop/Toolchain/Output/bin/../lib/gcc/i386-banana/8.1.0/libkgcc.a(_umoddi3.o)
                              compat/resolve.32 (__umoddi3)
D:/Users/Alex/Desktop/Banana/kernel/libsoftfp.a(sfieeelib.o)
                              hal/sound/sndhw.32 (__addsf3)
D:/Users/Alex/Desktop/Banana/kernel/libsoftfp.a(dfieeelib.o)
                              hal/libresample/src_linear.32 (__adddf3)
D:/Users/Alex/Desktop/Banana/kernel/libsoftfp.a(sfdfcvt.o)
                              hal/libresample/samplerate.32 (__truncdfsf2)
D:/Users/Alex/Desktop/Banana/kernel/libk/libm32.a(s_fabs.c.o)
                              hal/libresample/samplerate.32 (fabs)
D:/Users/Alex/Desktop/Banana/kernel/libk/libm32.a(s_lrint.S.o)
                              hal/libresample/samplerate.32 (lrint)
D:/Users/Alex/Desktop/Banana/kernel/libk/libm32.a(s_lrintf.S.o)
                              hal/sound/sndhw.32 (lrintf)

Discarded input sections

 .comment       0x0000000000000000       0x12 /cygdrive/d/Users/Alex/Desktop/Toolchain/Output/bin/../lib/gcc/i386-banana/8.1.0/crtbegin.o
 .comment       0x0000000000000000       0x12 acpica/utclib.32
 .comment       0x0000000000000000       0x12 core/malloc.32
 .comment       0x0000000000000000       0x12 libk/string.32
 .comment       0x0000000000000000       0x12 fs/fat/diskio.32
 .comment       0x0000000000000000       0x12 fs/fat/ff.32
 .comment       0x0000000000000000       0x12 fs/fat/ffsystem.32
 .comment       0x0000000000000000       0x12 fs/fat/ffunicode.32
 .comment       0x0000000000000000       0x12 hal/libresample/samplerate.32
 .comment       0x0000000000000000       0x12 hal/libresample/src_linear.32
 .comment       0x0000000000000000       0x12 hal/libresample/src_sinc.32
 .comment       0x0000000000000000       0x12 hal/libresample/src_zoh.32
 .comment       0x0000000000000000       0x12 compat/inlines.32
 .comment       0x0000000000000000       0x12 compat/resolve.32
 .group         0x0000000000000000       0x14 core/computer.32
 .group         0x0000000000000000        0xc core/computer.32
 .comment       0x0000000000000000       0x12 core/computer.32
 .comment       0x0000000000000000       0x12 core/gdt.32
 .group         0x0000000000000000        0xc core/idle.32
 .comment       0x0000000000000000       0x12 core/idle.32
 .comment       0x0000000000000000       0x12 core/idt.32
 .comment       0x0000000000000000       0x12 core/kheap.32
 .comment       0x0000000000000000       0x12 core/main.32
 .comment       0x0000000000000000       0x12 core/physmgr.32
 .group         0x0000000000000000        0xc core/pipe.32
 .comment       0x0000000000000000       0x12 core/pipe.32
 .group         0x0000000000000000        0xc core/terminal.32
 .comment       0x0000000000000000       0x12 core/terminal.32
 .comment       0x0000000000000000       0x12 core/tss.32
 .group         0x0000000000000000        0x8 core/unixfile.32
 .group         0x0000000000000000        0xc core/unixfile.32
 .group         0x0000000000000000        0xc core/unixfile.32
 .group         0x0000000000000000        0x8 core/unixfile.32
 .group         0x0000000000000000        0xc core/unixfile.32
 .group         0x0000000000000000        0x8 core/unixfile.32
 .group         0x0000000000000000        0xc core/unixfile.32
 .group         0x0000000000000000        0xc core/unixfile.32
 .comment       0x0000000000000000       0x12 core/unixfile.32
 .comment       0x0000000000000000       0x12 core/virtmgr.32
 .comment       0x0000000000000000       0x12 coreobjs/c++.32
 .comment       0x0000000000000000       0x12 dbg/kconsole.32
 .group         0x0000000000000000        0xc fs/vfs.32
 .group         0x0000000000000000        0xc fs/vfs.32
 .group         0x0000000000000000        0xc fs/vfs.32
 .comment       0x0000000000000000       0x12 fs/vfs.32
 .group         0x0000000000000000        0xc hal/bus.32
 .comment       0x0000000000000000       0x12 hal/bus.32
 .group         0x0000000000000000        0xc hal/buzzer.32
 .comment       0x0000000000000000       0x12 hal/buzzer.32
 .group         0x0000000000000000        0xc hal/clock.32
 .comment       0x0000000000000000       0x12 hal/clock.32
 .group         0x0000000000000000       0x14 hal/device.32
 .group         0x0000000000000000        0xc hal/device.32
 .group         0x0000000000000000        0xc hal/device.32
 .group         0x0000000000000000        0xc hal/device.32
[...]
Memory Configuration

Name             Origin             Length             Attributes
*default*        0x0000000000000000 0xffffffffffffffff

Linker script and memory map

LOAD D:/Users/Alex/Desktop/Banana/kernel/boot.32
LOAD crti.32
LOAD /cygdrive/d/Users/Alex/Desktop/Toolchain/Output/bin/../lib/gcc/i386-banana/8.1.0/crtbegin.o
LOAD D:/Users/Alex/Desktop/Banana/kernel/morenasm.32
LOAD acpica/utclib.32
LOAD core/malloc.32
LOAD libk/string.32
LOAD fs/fat/diskio.32
LOAD fs/fat/ff.32
LOAD fs/fat/ffsystem.32
LOAD fs/fat/ffunicode.32
LOAD hal/libresample/samplerate.32
LOAD hal/libresample/src_linear.32
LOAD hal/libresample/src_sinc.32
LOAD hal/libresample/src_zoh.32
LOAD compat/inlines.32
LOAD compat/resolve.32
LOAD core/computer.32
LOAD core/gdt.32
LOAD core/idle.32
LOAD core/idt.32
LOAD core/kheap.32
LOAD core/main.32
LOAD core/physmgr.32
LOAD core/pipe.32
LOAD core/terminal.32
LOAD core/tss.32
LOAD core/unixfile.32
LOAD core/virtmgr.32
LOAD coreobjs/c++.32
LOAD dbg/kconsole.32
LOAD fs/vfs.32
LOAD hal/bus.32
LOAD hal/buzzer.32
LOAD hal/clock.32
LOAD hal/device.32
LOAD hal/diskctrl.32
LOAD hal/diskphys.32
LOAD hal/fpu.32
LOAD hal/intctrl.32
LOAD hal/keybrd.32
LOAD hal/logidisk.32
LOAD hal/mouse.32
LOAD hal/partition.32
LOAD hal/serial.32
LOAD hal/timer.32
LOAD hal/vcache.32
LOAD hal/video.32
LOAD hw/acpi.32
LOAD hw/cpu.32
LOAD hw/ports.32
LOAD krnl/env.32
LOAD krnl/panic.32
LOAD net/ethernet.32
LOAD reg/registry.32
LOAD sys/sc_exit.32
LOAD sys/sc_getcwd.32
LOAD sys/sc_getpid.32
LOAD sys/sc_loaddll.32
LOAD sys/sc_read.32
LOAD sys/sc_sbrk.32
LOAD sys/sc_setcwd.32
LOAD sys/sc_settime.32
LOAD sys/sc_timezone.32
LOAD sys/sc_write.32
LOAD sys/sc_yield.32
LOAD sys/syscalls.32
LOAD thr/elf.32
LOAD thr/prcssthr.32
LOAD vm86/vm8086.32
LOAD vm86/x87em.32
LOAD fs/fat/vfslink.32
LOAD fs/iso9660/vfslink.32
LOAD hal/sound/sndchannel.32
LOAD hal/sound/sndhw.32
LOAD hw/bus/isa.32
LOAD hw/bus/pci.32
LOAD hw/diskctrl/ide.32
LOAD hw/diskctrl/satabus.32
LOAD hw/diskphys/ata.32
LOAD hw/diskphys/atapi.32
LOAD hw/diskphys/sata.32
LOAD hw/fpu/avx.32
LOAD hw/fpu/mmx.32
LOAD hw/fpu/sse.32
LOAD hw/fpu/x87.32
LOAD hw/intctrl/apic.32
LOAD hw/intctrl/pic.32
LOAD hw/timer/apictimer.32
LOAD hw/timer/pit.32
LOAD hw/fpu/x86/avx.32
LOAD hw/fpu/x86/sse.32
LOAD hw/fpu/x86/x87.32
LOAD /cygdrive/d/Users/Alex/Desktop/Toolchain/Output/bin/../lib/gcc/i386-banana/8.1.0/crtend.o
LOAD crtn.32
LOAD /cygdrive/d/Users/Alex/Desktop/Toolchain/Output/bin/../lib/gcc/i386-banana/8.1.0/libkgcc.a
LOAD D:/Users/Alex/Desktop/Banana/kernel/libsoftfp.a
LOAD D:/Users/Alex/Desktop/Banana/kernel/libk/libm32.a
                0x00000000c0000000                . = 0xc0000000

.text           0x00000000c0000000    0x27418
 *(.text)
 .text          0x00000000c0000000       0x41 D:/Users/Alex/Desktop/Banana/kernel/boot.32
                0x00000000c0000020                callGlobalConstructors
 .text          0x00000000c0000041        0x0 crti.32
 *fill*         0x00000000c0000041        0x3 
 .text          0x00000000c0000044      0x101 /cygdrive/d/Users/Alex/Desktop/Toolchain/Output/bin/../lib/gcc/i386-banana/8.1.0/crtbegin.o
 *fill*         0x00000000c0000145        0xb 
 .text          0x00000000c0000150      0x4ed D:/Users/Alex/Desktop/Banana/kernel/morenasm.32
                0x00000000c0000150                manualPCIProbe
                0x00000000c000019b                prepareTramp
                0x00000000c00001b4                voodooXADD
                0x00000000c000027f                doTPAUSE
                0x00000000c0000289                hasLegacyFPU
                0x00000000c00002ae                is486
                0x00000000c00002e4                detectCPUID
                0x00000000c00002fa                goToVM86
                0x00000000c000032a                goToUsermode
                0x00000000c0000354                switchToThreadASMFirstTime
                0x00000000c0000362                switchToThreadASM
                0x00000000c00003ea                asmQuickAcquireLock
                0x00000000c0000408                asmQuickReleaseLock
                0x00000000c0000414                asmAcquireLock
                0x00000000c0000435                asmReleaseLock
                0x00000000c0000448                loadGDT
                0x00000000c0000468                isr0
                0x00000000c0000478                isr1
                0x00000000c0000482                isr2
                0x00000000c000048c                isr3
                0x00000000c0000496                isr4
                0x00000000c00004a0                isr5
                0x00000000c00004aa                isr6
                0x00000000c00004b4                isr7
                0x00000000c00004be                isr8
                0x00000000c00004c6                isr9
                0x00000000c00004d0                isr10
                0x00000000c00004d8                isr11
                0x00000000c00004e0                isr12
                0x00000000c00004e8                isr13
                0x00000000c00004f0                isr14
                0x00000000c00004f8                isr15
                0x00000000c0000502                isr16
                0x00000000c000050c                isr17
                0x00000000c0000516                isr18
                0x00000000c0000520                irq3
                0x00000000c000052a                irq4
                0x00000000c0000534                irq5
                0x00000000c000053e                irq6
                0x00000000c0000548                irq7
                0x00000000c0000552                irq8
                0x00000000c000055c                irq9
                0x00000000c0000566                irq10
                0x00000000c0000570                irq11
                0x00000000c000057a                irq12
                0x00000000c0000584                irq13
                0x00000000c000058e                irq14
                0x00000000c0000598                irq15
                0x00000000c00005a2                irq1
                0x00000000c00005a9                irq2
                0x00000000c00005b0                isr96
                0x00000000c00005b7                irq0
                0x00000000c00005bc                int_common_stub
                0x00000000c00005bc                syscall_common_stub
                0x00000000c00005ed                irq16
                0x00000000c00005f7                irq17
                0x00000000c0000601                irq18
                0x00000000c000060b                irq19
                0x00000000c0000615                irq20
                0x00000000c000061f                irq21
                0x00000000c0000629                irq22
                0x00000000c0000633                irq23
 .text          0x00000000c000063d      0x40f acpica/utclib.32
                0x00000000c000063d                memcmp
                0x00000000c0000668                memmove
                0x00000000c00006a0                memcpy
                0x00000000c00006d6                memset
                0x00000000c00006f3                strlen
                0x00000000c0000703                strpbrk
                0x00000000c0000726                strtok
                0x00000000c0000775                strcpy
                0x00000000c0000795                strncpy
                0x00000000c00007c6                strcmp
                0x00000000c00007e7                strchr
                0x00000000c00007fd                strncmp
                0x00000000c000082c                strcat
                0x00000000c0000853                strncat
                0x00000000c000088d                strstr
                0x00000000c00008ca                toupper
                0x00000000c00008de                tolower
                0x00000000c00008f2                simple_strtoul
 .text          0x00000000c0000a4c      0xfbf core/malloc.32
                0x00000000c0000bb7                dlfree
                0x00000000c0000f12                dlmalloc
                0x00000000c000144f                dlrealloc
                0x00000000c0001604                dlmemalign
                0x00000000c0001727                dlcalloc
                0x00000000c00017c1                dlcfree
                0x00000000c00017c6                dlindependent_calloc
                0x00000000c00017eb                dlindependent_comalloc
                0x00000000c0001802                dlvalloc
                0x00000000c000182d                dlpvalloc
                0x00000000c0001863                dlmalloc_trim
                0x00000000c0001870                dlmalloc_usable_size
                0x00000000c00018a1                dlmallinfo
                0x00000000c0001970                dlmalloc_stats
                0x00000000c0001981                dlmallopt
 .text          0x00000000c0001a0b        0x0 libk/string.32
 .text          0x00000000c0001a0b       0x51 fs/fat/diskio.32
                0x00000000c0001a0b                disk_status
                0x00000000c0001a0e                disk_initialize
                0x00000000c0001a11                disk_read
                0x00000000c0001a27                disk_write
                0x00000000c0001a3d                disk_ioctl
 .text          0x00000000c0001a5c     0x6833 fs/fat/ff.32
                0x00000000c0004d2a                f_mount
                0x00000000c0004d8c                f_open
                0x00000000c00051c8                f_read
                0x00000000c0005448                f_write
                0x00000000c0005702                f_sync
                0x00000000c00058de                f_close
                0x00000000c000590d                f_lseek
                0x00000000c0005dc4                f_opendir
                0x00000000c0005ec6                f_closedir
                0x00000000c0005ee8                f_readdir
                0x00000000c0005f83                f_stat
                0x00000000c0006012                f_getfree
                0x00000000c00061dd                f_truncate
                0x00000000c00062d5                f_unlink
                0x00000000c0006458                f_mkdir
                0x00000000c0006684                f_rename
                0x00000000c0006977                f_chmod
                0x00000000c0006a55                f_utime
                0x00000000c0006b33                f_getlabel
                0x00000000c0006d21                f_setlabel
                0x00000000c0006f8e                f_forward
                0x00000000c000716c                f_mkfs
 .text          0x00000000c000828f       0x2d fs/fat/ffsystem.32
                0x00000000c000828f                ff_memalloc
                0x00000000c00082a5                ff_memfree
 .text          0x00000000c00082bc      0x253 fs/fat/ffunicode.32
                0x00000000c00082bc                ff_uni2oem
                0x00000000c000834c                ff_oem2uni
                0x00000000c00083b8                ff_wtoupper
 .text          0x00000000c000850f      0x8fb hal/libresample/samplerate.32
                0x00000000c0008553                src_delete
                0x00000000c000858f                src_process
                0x00000000c0008745                src_callback_read
                0x00000000c00088c2                src_set_ratio
                0x00000000c000892c                src_get_channels
                0x00000000c000894e                src_reset
                0x00000000c000899a                src_new
                0x00000000c0008a28                src_callback_new
                0x00000000c0008a8a                src_get_name
                0x00000000c0008ac1                src_get_description
                0x00000000c0008af8                src_get_version
                0x00000000c0008afe                src_is_valid_ratio
                0x00000000c0008b52                src_error
                0x00000000c0008b60                src_strerror
                0x00000000c0008b73                src_simple
                0x00000000c0008bc6                src_short_to_float_array
                0x00000000c0008c2b                src_float_to_short_array
                0x00000000c0008cea                src_int_to_float_array
                0x00000000c0008d4d                src_float_to_int_array
 .text          0x00000000c0008e0a      0x8cb hal/libresample/src_linear.32
                0x00000000c0009630                linear_get_name
                0x00000000c000963f                linear_get_description
                0x00000000c000964e                linear_set_converter
 .text          0x00000000c00096d5     0x447c hal/libresample/src_sinc.32
                0x00000000c000da68                sinc_get_name
                0x00000000c000da7b                sinc_get_description
                0x00000000c000da8e                sinc_set_converter
 .text          0x00000000c000db51      0x77c hal/libresample/src_zoh.32
                0x00000000c000e228                zoh_get_name
                0x00000000c000e237                zoh_get_description
                0x00000000c000e246                zoh_set_converter
 .text          0x00000000c000e2cd       0x23 compat/inlines.32
                0x00000000c000e2cd                CPU::current()
                0x00000000c000e2da                operator new(unsigned long)
 .text          0x00000000c000e2f0      0x111 compat/resolve.32
                0x00000000c000e2f0                Krnl::resolveCompatibilitySymbol(char*)
 *fill*         0x00000000c000e401        0x1 
 .text          0x00000000c000e402      0xa11 core/computer.32
                0x00000000c000e402                Computer::close(int, int, void*)
                0x00000000c000e446                Krnl::firstTask()
                0x00000000c000e530                Computer::Computer()
                0x00000000c000e530                Computer::Computer()
                0x00000000c000e68c                Computer::setBootMessage(char const*)
                0x00000000c000e68e                Computer::detectFeatures()
                0x00000000c000e898                Computer::displayFeatures()
                0x00000000c000ebde                Computer::rdmsr(unsigned int)
                0x00000000c000ec0a                Computer::wrmsr(unsigned int, unsigned long long)
                0x00000000c000ec42                Computer::nmiEnabled()
                0x00000000c000ec4e                Computer::readCMOS(unsigned char)
                0x00000000c000ec68                Computer::enableNMI(bool)
                0x00000000c000ec80                Computer::open(int, int, void*)
                0x00000000c000ed56                Computer::disableNMI()
                0x00000000c000ed64                Computer::writeCMOS(unsigned char, unsigned char)
                0x00000000c000ed82                Computer::handleNMI()
                0x00000000c000ede8                Computer::setDiskActivityLight(int, bool)
 *fill*         0x00000000c000ee13        0x1 
 .text          0x00000000c000ee14      0x1b7 core/gdt.32
                0x00000000c000ee14                GDTEntry::setBase(unsigned int)
                0x00000000c000ee30                GDTEntry::setLimit(unsigned int)
                0x00000000c000ee4e                GDT::GDT()
                0x00000000c000ee4e                GDT::GDT()
                0x00000000c000ee64                GDT::addEntry(GDTEntry)
                0x00000000c000eea0                GDT::getNumberOfEntries()
                0x00000000c000eea8                GDT::flush()
                0x00000000c000eeca                GDT::setup()
 .text          0x00000000c000efcb       0x62 core/idle.32
                0x00000000c000efcb                idleFunction(void*)
 *fill*         0x00000000c000f02d        0x1 
 .text          0x00000000c000f02e      0x45f core/idt.32
                0x00000000c000f02e                IDTEntry::IDTEntry(bool)
                0x00000000c000f02e                IDTEntry::IDTEntry(bool)
                0x00000000c000f09c                IDTEntry::setOffset(unsigned int)
                0x00000000c000f0b0                IDT::IDT()
                0x00000000c000f0b0                IDT::IDT()
                0x00000000c000f0b2                IDT::getPointerToInvalidOpcodeEntryForF00F()
                0x00000000c000f0ba                IDT::addEntry(IDTEntry, int)
                0x00000000c000f0d4                IDT::addEntry(int, void (*)(), bool)
                0x00000000c000f10c                IDT::flush()
                0x00000000c000f126                IDT::setup()
 .text          0x00000000c000f48d      0x203 core/kheap.32
                0x00000000c000f48d                sbrk
                0x00000000c000f59b                mmap
                0x00000000c000f5b1                munmap
                0x00000000c000f5c7                liballoc_lock()
                0x00000000c000f5d8                liballoc_unlock()
                0x00000000c000f5e9                liballoc_alloc(int)
                0x00000000c000f604                liballoc_free(void*, int)
                0x00000000c000f622                realloc
                0x00000000c000f636                malloc
                0x00000000c000f646                free
                0x00000000c000f656                rfree
                0x00000000c000f666                calloc
 .text          0x00000000c000f690      0x456 core/main.32
                0x00000000c000f690                hwTextMode_loadInData(VgaText*)
                0x00000000c000f6db                hwTextMode_loadInTitle(VgaText*, char*)
                0x00000000c000f759                hwTextMode_showCursor(VgaText*, bool)
                0x00000000c000f7b7                hwTextMode_update(VgaText*)
                0x00000000c000f7b8                hwTextMode_updateCursor(VgaText*)
                0x00000000c000f809                hwTextMode_disableBlink(VgaText*, bool)
                0x00000000c000f84f                hwTextMode_scrollScreen(VgaText*)
                0x00000000c000f8fc                hwTextMode_writeCharacter(VgaText*, char, VgaColour, VgaColour, int, int)
                0x00000000c000f97e                setupTextMode()
                0x00000000c000f9ee                kernel_main
 .text          0x00000000c000fae6      0x54d core/physmgr.32
                0x00000000c000fae6                Phys::allocateDMA(unsigned long)
                0x00000000c000fb89                Phys::freeDMA(unsigned long, unsigned long)
                0x00000000c000fbd1                Phys::setPageState(unsigned long, bool)
                0x00000000c000fc03                Phys::getPageState(unsigned long)
                0x00000000c000fc1f                Phys::freePage(unsigned long)
                0x00000000c000fca9                Phys::allocatePage()
                0x00000000c000fd71                Phys::allocateContiguousPages(int)
                0x00000000c000fdcb                Phys::allowSegmentToBeUsed(unsigned long, unsigned long)
                0x00000000c000fe03                Phys::physicalMemorySetup(unsigned int)
 *fill*         0x00000000c0010033        0x1 
 .text          0x00000000c0010034      0x273 core/pipe.32
                0x00000000c0010034                Pipe::isAtty()
                0x00000000c0010038                Pipe::~Pipe()
                0x00000000c0010038                Pipe::~Pipe()
                0x00000000c001005c                Pipe::~Pipe()
                0x00000000c0010084                Pipe::read(unsigned long long, void*, int*)
                0x00000000c0010178                Pipe::write(unsigned long long, void*, int*)
                0x00000000c0010240                Pipe::Pipe(int)
                0x00000000c0010240                Pipe::Pipe(int)
 *fill*         0x00000000c00102a7        0x1 
 .text          0x00000000c00102a8      0xf73 core/terminal.32
                0x00000000c00102a8                VgaText::isAtty()
                0x00000000c00102ac                VgaText::~VgaText()
                0x00000000c00102ac                VgaText::~VgaText()
                0x00000000c00102d0                VgaText::~VgaText()
                0x00000000c00102fa                VgaText::read(unsigned long long, void*, int*)
                0x00000000c001031a                setTerminalScrollLock(bool)
                0x00000000c001031b                addToTerminalCycle(VgaText*)
                0x00000000c0010348                installVgaTextImplementation()
                0x00000000c001035d                scrollTerminalScrollLock(int)
                0x00000000c001035e                VgaText::load()
                0x00000000c00103b2                VgaText::updateCursor()
                0x00000000c00103cc                VgaText::showCursor(bool)
                0x00000000c00103dc                VgaText::disableBlink(bool)
                0x00000000c0010416                VgaText::doANSI_SGR(int)
                0x00000000c00104a2                VgaText::setDefaultBgColour(VgaColour)
                0x00000000c00104b8                VgaText::setDefaultFgColour(VgaColour)
                0x00000000c00104ce                VgaText::setDefaultColours(VgaColour, VgaColour)
                0x00000000c00104ee                VgaText::combineColours(unsigned char, unsigned char)
                0x00000000c0010500                VgaText::scrollScreen()
                0x00000000c0010594                VgaText::combineCharAndColour(char, unsigned char)
                0x00000000c00105a6                VgaText::writeCharacter(char, VgaColour, VgaColour, int, int)
                0x00000000c0010606                VgaText::getCursorX()
                0x00000000c0010612                VgaText::getCursorY()
                0x00000000c001061e                VgaText::setCursor(int, int)
                0x00000000c001063c                VgaText::setCursorX(int)
                0x00000000c0010658                VgaText::setCursorY(int)
                0x00000000c0010674                VgaText::incrementCursor(bool)
                0x00000000c00106dc                VgaText::updateRAMUsageDisplay(int)
                0x00000000c0010740                VgaText::updateDiskUsage()
                0x00000000c00108aa                VgaText::updateTitle()
                0x00000000c00108f0                VgaText::setTitleTextColour(VgaColour)
                0x00000000c0010900                VgaText::setTitleColour(VgaColour)
                0x00000000c0010910                VgaText::setTitle(char*)
                0x00000000c0010936                VgaText::decrementCursor(bool)
                0x00000000c001095e                VgaText::putchar(char, VgaColour, VgaColour)
                0x00000000c0010a5a                VgaText::isShowingCursor()
                0x00000000c0010a66                VgaText::isBlinkDisabled()
                0x00000000c0010a74                VgaText::setCursorHeight(int)
                0x00000000c0010a92                VgaText::getCursorHeight()
                0x00000000c0010a9d                setActiveTerminal(VgaText*)
                0x00000000c0010b4f                doTerminalCycle()
                0x00000000c0010b6c                VgaText::doUpdate()
                0x00000000c0010b7e                VgaText::puts(char const*, VgaColour, VgaColour)
                0x00000000c0010d3e                VgaText::clearScreen()
                0x00000000c0010da2                VgaText::putchar(char)
                0x00000000c0010ebc                VgaText::puts(char const*)
                0x00000000c0010ee2                VgaText::putx(unsigned int)
                0x00000000c0010f28                VgaText::VgaText(char const*)
                0x00000000c0010f28                VgaText::VgaText(char const*)
                0x00000000c00110ba                VgaText::receiveKey(unsigned char)
                0x00000000c00111a2                VgaText::write(unsigned long long, void*, int*)
                0x00000000c00111f6                newTerminal(char*)
 *fill*         0x00000000c001121b        0x1 
 .text          0x00000000c001121c      0x1b3 core/tss.32
                0x00000000c001121c                TSS::TSS()
                0x00000000c001121c                TSS::TSS()
                0x00000000c001122a                TSS::setESP(unsigned long)
                0x00000000c001123c                TSS::flush()
                0x00000000c001125c                TSS::setup(unsigned long, unsigned long)
 *fill*         0x00000000c00113cf        0x1 
 .text          0x00000000c00113d0      0x4c2 core/unixfile.32
                0x00000000c00113d0                ReservedFilename::read(unsigned long long, void*, int*)
                0x00000000c0011426                ReservedFilename::isAtty()
                0x00000000c0011442                ReservedFilename::write(unsigned long long, void*, int*)
                0x00000000c00114a0                UnixFile::getFileDescriptor()
                0x00000000c00114a8                UnixFile::UnixFile(int)
                0x00000000c00114a8                UnixFile::UnixFile(int)
                0x00000000c0011658                ReservedFilename::ReservedFilename(int)
                0x00000000c0011658                ReservedFilename::ReservedFilename(int)
                0x00000000c001168a                UnixFile::~UnixFile()
                0x00000000c001168a                UnixFile::~UnixFile()
                0x00000000c0011722                UnixFile::~UnixFile()
                0x00000000c001174a                ReservedFilename::~ReservedFilename()
                0x00000000c001174a                ReservedFilename::~ReservedFilename()
                0x00000000c001176e                ReservedFilename::~ReservedFilename()
                0x00000000c0011795                getFromFileDescriptor(int)
 .text          0x00000000c0011892      0xee3 core/virtmgr.32
                0x00000000c0011892                Virt::setPageState(unsigned long, Virt::VirtPageState)
                0x00000000c00118c7                Virt::getPageState(unsigned long)
                0x00000000c00118eb                Virt::allocateKernelVirtualPages(int)
                0x00000000c00119fc                Virt::virtualMemorySetup()
                0x00000000c0011a7b                Virt::getAKernelVAS()
                0x00000000c0011a81                Virt::setupPageSwapping(int)
                0x00000000c0011bb0                VAS::VAS()
                0x00000000c0011bb0                VAS::VAS()
                0x00000000c0011be0                VAS::VAS(VAS*)
                0x00000000c0011be0                VAS::VAS(VAS*)
                0x00000000c0011c04                VAS::getForeignPageTableEntry(bool, unsigned long)
                0x00000000c0011c30                VAS::getPageTableEntry(unsigned long)
                0x00000000c0011c4f                Virt::freeKernelVirtualPages(unsigned long)
                0x00000000c0011d72                VAS::freeAllocatedPages(unsigned long)
                0x00000000c0011d96                VAS::virtualToPhysical(unsigned long)
                0x00000000c0011dae                VAS::reflagRange(unsigned long, int, int, int)
                0x00000000c0011dee                VAS::setToWriteCombining(unsigned long, int)
                0x00000000c0011e20                VAS::mapOtherVASIn(bool, VAS*)
                0x00000000c0011e4a                VAS::~VAS()
                0x00000000c0011e4a                VAS::~VAS()
                0x00000000c0011fb6                VAS::mapPage(unsigned long, unsigned long, int)
                0x00000000c00120b6                VAS::allocatePages(int, int)
                0x00000000c001228e                VAS::setCPUSpecific(unsigned long)
                0x00000000c00122aa                VAS::mapRange(unsigned long, unsigned long, int, int)
                0x00000000c0012370                VAS::mapForeignPage(bool, VAS*, unsigned long, unsigned long, int)
                0x00000000c001245e                VAS::VAS(bool)
                0x00000000c001245e                VAS::VAS(bool)
                0x00000000c00126b9                mapVASFirstTime
 .text          0x00000000c0012775       0x95 coreobjs/c++.32
                0x00000000c0012775                __cxa_atexit
                0x00000000c0012778                __cxa_finalize
                0x00000000c0012779                __stack_chk_fail
                0x00000000c00127e5                __cxa_pure_virtual
                0x00000000c00127f6                operator new[](unsigned long)
                0x00000000c00127fb                operator delete(void*, unsigned long)
                0x00000000c0012800                operator delete[](void*)
                0x00000000c0012805                operator delete[](void*, unsigned long)
 .text          0x00000000c001280a      0x1ef dbg/kconsole.32
                0x00000000c001280a                Dbg::stringifyxWithBase(unsigned int, char*, int)
                0x00000000c001286b                Dbg::logc(char)
                0x00000000c0012882                Dbg::logs(char*)
                0x00000000c001289f                Dbg::logWriteInt(unsigned int)
                0x00000000c00128bc                Dbg::logWriteIntBase(unsigned int, int)
                0x00000000c00128db                Dbg::kprintf(char const*, ...)
 *fill*         0x00000000c00129f9        0x1 
 .text          0x00000000c00129fa      0xb7c fs/vfs.32
                0x00000000c00129fa                File::read(unsigned long long, void*, int*)
                0x00000000c0012a52                File::write(unsigned long long, void*, int*)
                0x00000000c0012aaa                Directory::read(unsigned long long, void*, int*)
                0x00000000c0012b02                Directory::write(unsigned long long, void*, int*)
                0x00000000c0012b30                File::isAtty()
                0x00000000c0012b34                Directory::isAtty()
                0x00000000c0012b38                Filesystem::getlabel(LogicalDisk*, int, char*, unsigned int*)
                0x00000000c0012b3e                Filesystem::setlabel(LogicalDisk*, int, char*)
                0x00000000c0012b44                File::~File()
                0x00000000c0012b44                File::~File()
                0x00000000c0012b68                File::~File()
                0x00000000c0012b92                Directory::~Directory()
                0x00000000c0012b92                Directory::~Directory()
                0x00000000c0012bb6                Directory::~Directory()
                0x00000000c0012be0                Filesystem::Filesystem()
                0x00000000c0012be0                Filesystem::Filesystem()
                0x00000000c0012c04                Filesystem::~Filesystem()
                0x00000000c0012c04                Filesystem::~Filesystem()
                0x00000000c0012c12                Filesystem::~Filesystem()
                0x00000000c0012c36                Fs::getcwd(Process*, char*, int)
                0x00000000c0012c60                Fs::initVFS()
                0x00000000c0012c8a                Fs::standardiseFiles(char*, char const*, char const*)
                0x00000000c0012e34                File::File(char const*, Process*)
                0x00000000c0012e34                File::File(char const*, Process*)
                0x00000000c0012e98                File::open(FileOpenMode)
                0x00000000c0012ef6                File::close()
                0x00000000c0012f56                File::seek(unsigned long long)
                0x00000000c0012fac                File::tell(unsigned long long*)
                0x00000000c0012ffc                File::rewind()
                0x00000000c0013010                File::unlink()
                0x00000000c001305c                File::rename(char const*)
                0x00000000c00130aa                File::chfatattr(unsigned char, unsigned char)
                0x00000000c0013106                File::exists()
                0x00000000c0013144                File::stat(unsigned long long*, bool*)
                0x00000000c00131a5                Fs::setcwd(Process*, char*)
                0x00000000c00132e0                Directory::Directory(char const*, Process*)
                0x00000000c00132e0                Directory::Directory(char const*, Process*)
                0x00000000c0013344                Directory::open()
                0x00000000c00133a0                Directory::close()
                0x00000000c0013400                Directory::unlink()
                0x00000000c001344c                Directory::rename(char const*)
                0x00000000c001349a                Directory::exists()
                0x00000000c00134d8                Directory::read(dirent*)
                0x00000000c0013524                Directory::create()
                0x00000000c0013570                Filesystem::chfatattr(char const*, unsigned char, unsigned char)
 .text          0x00000000c0013576       0x84 hal/bus.32
                0x00000000c0013576                Bus::Bus(char const*)
                0x00000000c0013576                Bus::Bus(char const*)
                0x00000000c00135ac                Bus::~Bus()
                0x00000000c00135ac                Bus::~Bus()
                0x00000000c00135d0                Bus::~Bus()
 .text          0x00000000c00135fa      0x14e hal/buzzer.32
                0x00000000c00135fa                Buzzer::Buzzer(char const*)
                0x00000000c00135fa                Buzzer::Buzzer(char const*)
                0x00000000c001363e                Buzzer::~Buzzer()
                0x00000000c001363e                Buzzer::~Buzzer()
                0x00000000c0013662                Buzzer::~Buzzer()
                0x00000000c001368c                Buzzer::stop()
                0x00000000c001369f                beepThread(void*)
                0x00000000c00136da                Buzzer::beep(int, int, bool)
 .text          0x00000000c0013748      0x467 hal/clock.32
                0x00000000c0013748                User::loadClockSettings(int)
                0x00000000c001379a                Clock::Clock(char const*)
                0x00000000c001379a                Clock::Clock(char const*)
                0x00000000c00137d0                Clock::~Clock()
                0x00000000c00137d0                Clock::~Clock()
                0x00000000c00137f4                Clock::~Clock()
                0x00000000c001381e                Clock::timeInSecondsLocal()
                0x00000000c0013866                Clock::setTimeInSecondsLocal(unsigned long long)
                0x00000000c00138bf                datetimeToSeconds(datetime_t)
                0x00000000c00139e6                Clock::setTimeInDatetimeLocal(datetime_t)
                0x00000000c0013a46                secondsToDatetime(unsigned long long)
                0x00000000c0013b8a                Clock::timeInDatetimeLocal()
 *fill*         0x00000000c0013baf        0x1 
 .text          0x00000000c0013bb0      0x4de hal/device.32
                0x00000000c0013bb0                Device::hibernate()
                0x00000000c0013bb2                Device::wake()
                0x00000000c0013bb4                Device::detect()
                0x00000000c0013bb6                Device::disableLegacy()
                0x00000000c0013bb8                Device::powerSaving(PowerSavingLevel)
                0x00000000c0013bba                DriverlessDevice::close(int, int, void*)
                0x00000000c0013bbe                DriverlessDevice::detect()
                0x00000000c0013bc0                DriverlessDevice::open(int, int, void*)
                0x00000000c0013bd4                Device::~Device()
                0x00000000c0013bd4                Device::~Device()
                0x00000000c0013be2                Device::~Device()
                0x00000000c0013c0a                Device::findAndLoadDriver()
                0x00000000c0013c0c                Device::preOpenPCI(PCIDeviceInfo)
                0x00000000c0013c32                Device::preOpenACPI(void*, char*, char*)
                0x00000000c0013c86                Device::addIRQHandler(int, void (*)(regs*, void*), bool, void*)
                0x00000000c0013cc4                Device::removeIRQHandler(int, void (*)(regs*, void*), bool)
                0x00000000c0013d02                Device::addChild(Device*)
                0x00000000c0013d46                Device::removeAllChildren()
                0x00000000c0013d8c                Device::hibernateAll()
                0x00000000c0013dbc                Device::wakeAll()
                0x00000000c0013dec                Device::detectAll()
                0x00000000c0013e1c                Device::disableLegacyAll()
                0x00000000c0013e4c                Device::loadDriversForAll()
                0x00000000c0013e78                Device::closeAll()
                0x00000000c0013eae                Device::powerSavingAll(PowerSavingLevel)
                0x00000000c0013ee4                Device::setName(char const*)
                0x00000000c0013ef2                Device::Device(char const*)
                0x00000000c0013ef2                Device::Device(char const*)
                0x00000000c0013fee                Device::getName()
                0x00000000c0013ff8                DriverlessDevice::DriverlessDevice(char const*)
                0x00000000c0013ff8                DriverlessDevice::DriverlessDevice(char const*)
                0x00000000c0014020                Device::addToLinkedList(LinkedList<Device>&, DeviceType)
                0x00000000c0014064                getDevicesOfType(DeviceType)
 .text          0x00000000c001408e       0x84 hal/diskctrl.32
                0x00000000c001408e                HardDiskController::HardDiskController(char const*)
                0x00000000c001408e                HardDiskController::HardDiskController(char const*)
                0x00000000c00140c4                HardDiskController::~HardDiskController()
                0x00000000c00140c4                HardDiskController::~HardDiskController()
                0x00000000c00140e8                HardDiskController::~HardDiskController()
 .text          0x00000000c0014112       0xde hal/diskphys.32
                0x00000000c0014112                PhysicalDisk::PhysicalDisk(char const*, int)
                0x00000000c0014112                PhysicalDisk::PhysicalDisk(char const*, int)
                0x00000000c001417a                PhysicalDisk::startCache()
                0x00000000c00141a2                PhysicalDisk::~PhysicalDisk()
                0x00000000c00141a2                PhysicalDisk::~PhysicalDisk()
                0x00000000c00141c6                PhysicalDisk::~PhysicalDisk()
 .text          0x00000000c00141f0      0x13b hal/fpu.32
                0x00000000c00141f0                FPU::FPU(char const*)
                0x00000000c00141f0                FPU::FPU(char const*)
                0x00000000c0014226                FPU::~FPU()
                0x00000000c0014226                FPU::~FPU()
                0x00000000c001424a                FPU::~FPU()
                0x00000000c0014274                setupFPU()
 *fill*         0x00000000c001432b        0x1 
 .text          0x00000000c001432c     0x12b1 hal/intctrl.32
                0x00000000c001432c                InterruptController::uninstallISRHandler(int, void (*)(regs*, void*))
                0x00000000c0014364                InterruptController::installISRHandler(int, void (*)(regs*, void*), void*)
                0x00000000c00143b6                doubleFault(regs*, void*)
                0x00000000c00143d0                InterruptController::installIRQHandler(int, void (*)(regs*, void*), bool, void*)
                0x00000000c001446c                InterruptController::clearAllHandlers(int, bool)
                0x00000000c0014514                InterruptController::uninstallIRQHandler(int, void (*)(regs*, void*), bool)
                0x00000000c001459b                nmiHandler(regs*, void*)
                0x00000000c00145a9                int_handler
                0x00000000c001464a                InterruptController::InterruptController(char const*)
                0x00000000c001464a                InterruptController::InterruptController(char const*)
                0x00000000c00146f0                InterruptController::~InterruptController()
                0x00000000c00146f0                InterruptController::~InterruptController()
                0x00000000c0014714                InterruptController::~InterruptController()
                0x00000000c001473e                displayDebugInfo(regs*)
                0x00000000c0014b43                x87EmulHandler(regs*, void*)
                0x00000000c0014b72                gpFault(regs*, void*)
                0x00000000c0014bab                pgFault(regs*, void*)
                0x00000000c0014bc2                otherISRHandler(regs*, void*)
                0x00000000c0014be1                opcodeFault(regs*, void*)
                0x00000000c00151a0                displayProgramFault(char const*)
                0x00000000c00151c8                setupInterruptController()
                0x00000000c0015590                InterruptController::convertLegacyIRQNumber(int)
 *fill*         0x00000000c00155dd        0x1 
 .text          0x00000000c00155de      0x69a hal/keybrd.32
                0x00000000c00155de                startGUI(void*)
                0x00000000c001563a                startGUIVESA(void*)
                0x00000000c0015696                sendKeyToTerminal(unsigned char)
                0x00000000c0015702                sendKeyboardToken(KeyboardToken)
                0x00000000c0015b12                clearInternalKeybuffer(VgaText*)
                0x00000000c0015b47                readKeyboard(VgaText*, char*, unsigned long)
                0x00000000c0015bee                Keyboard::Keyboard(char const*)
                0x00000000c0015bee                Keyboard::Keyboard(char const*)
                0x00000000c0015c2a                Keyboard::~Keyboard()
                0x00000000c0015c2a                Keyboard::~Keyboard()
                0x00000000c0015c4e                Keyboard::~Keyboard()
 .text          0x00000000c0015c78      0x400 hal/logidisk.32
                0x00000000c0015c78                LogicalDisk::close(int, int, void*)
                0x00000000c0015c7c                LogicalDisk::~LogicalDisk()
                0x00000000c0015c7c                LogicalDisk::~LogicalDisk()
                0x00000000c0015ca0                LogicalDisk::~LogicalDisk()
                0x00000000c0015cca                LogicalDisk::open(int, int, void*)
                0x00000000c0015cde                LogicalDisk::absoluteToRelative(unsigned long long)
                0x00000000c0015d16                LogicalDisk::relativeToAbsolute(unsigned long long)
                0x00000000c0015d5c                LogicalDisk::LogicalDisk(char const*, PhysicalDisk*, unsigned long long, unsigned long long)
                0x00000000c0015d5c                LogicalDisk::LogicalDisk(char const*, PhysicalDisk*, unsigned long long, unsigned long long)
                0x00000000c0015e12                LogicalDisk::assignDriveLetter()
                0x00000000c0015ec8                LogicalDisk::mount()
                0x00000000c0015f3a                LogicalDisk::unmount()
                0x00000000c0015f4a                LogicalDisk::unassignDriveLetter()
                0x00000000c0015fa0                LogicalDisk::read(unsigned long long, int, void*)
                0x00000000c001600c                LogicalDisk::write(unsigned long long, int, void*)
 .text          0x00000000c0016078       0x84 hal/mouse.32
                0x00000000c0016078                Mouse::Mouse(char const*)
                0x00000000c0016078                Mouse::Mouse(char const*)
                0x00000000c00160ae                Mouse::~Mouse()
                0x00000000c00160ae                Mouse::~Mouse()
                0x00000000c00160d2                Mouse::~Mouse()
 .text          0x00000000c00160fc      0x339 hal/partition.32
                0x00000000c00160fc                makePartition(PhysicalDisk*, unsigned long long, unsigned long long)
                0x00000000c00161a4                createPartitionsForDisk(PhysicalDisk*)
 *fill*         0x00000000c0016435        0x1 
 .text          0x00000000c0016436       0x84 hal/serial.32
                0x00000000c0016436                Serial::Serial(char const*)
                0x00000000c0016436                Serial::Serial(char const*)
                0x00000000c001646c                Serial::~Serial()
                0x00000000c001646c                Serial::~Serial()
                0x00000000c0016490                Serial::~Serial()
 .text          0x00000000c00164ba      0x2b8 hal/timer.32
                0x00000000c00164ba                Timer::Timer(char const*)
                0x00000000c00164ba                Timer::Timer(char const*)
                0x00000000c00164f0                Timer::~Timer()
                0x00000000c00164f0                Timer::~Timer()
                0x00000000c0016514                Timer::~Timer()
                0x00000000c001653e                Timer::read()
                0x00000000c0016549                timerHandler(unsigned long long)
                0x00000000c0016680                setupTimer(int)
 .text          0x00000000c0016772      0x2db hal/vcache.32
                0x00000000c0016772                VCache::VCache(PhysicalDisk*)
                0x00000000c0016772                VCache::VCache(PhysicalDisk*)
                0x00000000c001686c                VCache::writeWriteBuffer()
                0x00000000c00168a8                VCache::~VCache()
                0x00000000c00168a8                VCache::~VCache()
                0x00000000c00168e8                VCache::~VCache()
                0x00000000c0016910                VCache::write(unsigned long long, int, void*)
                0x00000000c00169f4                VCache::read(unsigned long long, int, void*)
 *fill*         0x00000000c0016a4d        0x1 
 .text          0x00000000c0016a4e      0x4cd hal/video.32
                0x00000000c0016a4e                Video::putrect(int, int, int, int, unsigned int)
                0x00000000c0016a9a                Video::bitblit(int, int, int, int, int, int, int, unsigned int*)
                0x00000000c0016b0a                Video::blit(unsigned int*, int, int, int, int)
                0x00000000c0016b88                Video::clearScreen(unsigned int)
                0x00000000c0016bbc                Video::putpixel(int, int, unsigned int)
                0x00000000c0016bca                Video::Video(char const*)
                0x00000000c0016bca                Video::Video(char const*)
                0x00000000c0016c00                Video::~Video()
                0x00000000c0016c00                Video::~Video()
                0x00000000c0016c24                Video::~Video()
                0x00000000c0016c4e                Video::isMonochrome()
                0x00000000c0016c5a                Video::getWidth()
                0x00000000c0016c66                Video::getHeight()
                0x00000000c0016c72                Video::drawCursor(int, int, unsigned char*, int)
                0x00000000c0016d2e                Video::tgaParse(unsigned char*, int, int*, int*)
                0x00000000c0016eb0                Video::putTGA(int, int, unsigned char*, int)
 *fill*         0x00000000c0016f1b        0x1 
 .text          0x00000000c0016f1c      0xf5a hw/acpi.32
                0x00000000c0016f1c                ACPI::close(int, int, void*)
                0x00000000c0016fd1                findRSDP()
                0x00000000c001705b                loadACPITables(unsigned char*)
                0x00000000c0017282                findRSDT(unsigned char*)
                0x00000000c00173a0                findDataTable(unsigned char*, char*)
                0x00000000c001743c                scanMADT()
                0x00000000c00178c2                ACPI::ACPI()
                0x00000000c00178c2                ACPI::ACPI()
                0x00000000c001792c                ACPI::getPCIIRQAssignment(unsigned char, unsigned short, unsigned char)
                0x00000000c0017a0e                ACPI::registerPCIIRQAssignment(void*, unsigned short, unsigned char, unsigned char)
                0x00000000c0017b14                ACPI::setScreenBrightnessLevel(void*, int)
                0x00000000c0017b1a                ACPI::writeSimpleBootFlag(SimpleBootFlagTable*)
                0x00000000c0017b62                ACPI::open(int, int, void*)
                0x00000000c0017e5e                ACPI::sleep()
 .text          0x00000000c0017e76     0x1715 hw/cpu.32
                0x00000000c0017e76                CPU::close(int, int, void*)
                0x00000000c0017e7a                CPU::lookupAMDName(unsigned char, unsigned char)
                0x00000000c001800e                CPU::lookupIntelName(unsigned char, unsigned char)
                0x00000000c00182bc                CPU::AMD_K6_write_msr(unsigned int, unsigned int, unsigned int, CPU::REGS*)
                0x00000000c00182d8                CPU::AMD_K6_read_msr(unsigned int, CPU::REGS*)
                0x00000000c00182f0                CPU::AMD_K6_writeback(int, int, int)
                0x00000000c0018364                CPU::cpuid(int, unsigned long*, unsigned long*, unsigned long*, unsigned long*)
                0x00000000c00183e8                CPU::cpuidCheckEDX(unsigned int)
                0x00000000c0018416                CPU::cpuidCheckECX(unsigned int)
                0x00000000c0018444                CPU::cpuidCheckExtendedEBX(unsigned int)
                0x00000000c0018472                CPU::cpuidCheckExtendedECX(unsigned int)
                0x00000000c00184a0                CPU::CPU()
                0x00000000c00184a0                CPU::CPU()
                0x00000000c001852e                CPU::displayFeatures()
                0x00000000c00187aa                CPU::detectFeatures()
                0x00000000c001919a                CPU::setupSMEP()
                0x00000000c00191a6                CPU::setupUMIP()
                0x00000000c00191b0                CPU::setupTSC()
                0x00000000c00191ba                CPU::setupLargePages()
                0x00000000c00191c4                CPU::setupPAT()
                0x00000000c0019200                CPU::setupMTRR()
                0x00000000c0019202                CPU::setupGlobalPages()
                0x00000000c001920c                CPU::allowUsermodeDataAccess()
                0x00000000c001921e                CPU::prohibitUsermodeDataAccess()
                0x00000000c0019230                CPU::setupSMAP()
                0x00000000c001923e                CPU::setupFeatures()
                0x00000000c00192be                CPU::open(int, int, void*)
                0x00000000c0019390                CPU::decodeAddress(regs*, int*, bool*, unsigned char*)
 .text          0x00000000c001958b        0x0 hw/ports.32
 *fill*         0x00000000c001958b        0x1 
 .text          0x00000000c001958c      0x5d3 krnl/env.32
                0x00000000c001958c                EnvVarContainer::getEnv(char const*)
                0x00000000c00195ca                EnvVarContainer::setEnv(char const*, char const*)
                0x00000000c0019696                EnvVarContainer::deleteEnv(char const*)
                0x00000000c0019698                EnvVarContainer::loadFrom(char const*, char const*)
                0x00000000c001988e                EnvVarContainer::__loadSystem()
                0x00000000c00198a8                EnvVarContainer::__loadUser()
                0x00000000c00198aa                EnvVarContainer::EnvVarContainer(Process*)
                0x00000000c00198aa                EnvVarContainer::EnvVarContainer(Process*)
                0x00000000c00198cc                EnvVarContainer::~EnvVarContainer()
                0x00000000c00198cc                EnvVarContainer::~EnvVarContainer()
                0x00000000c00198fc                Krnl::getEnv(Process*, char const*)
                0x00000000c0019961                Krnl::setEnvSystem(char const*, char const*)
                0x00000000c001997b                Krnl::setEnvUser(char const*, char const*)
                0x00000000c001999a                Krnl::setEnvProcess(Process*, char const*, char const*)
                0x00000000c00199ad                Krnl::deleteEnvSystem(char const*)
                0x00000000c00199ae                Krnl::deleteEnvUser(char const*)
                0x00000000c00199af                Krnl::deleteEnvProcess(Process*, char const*)
                0x00000000c00199b0                Krnl::newProcessEnv(Process*)
                0x00000000c00199d2                Krnl::copyProcessEnv(Process*, Process*)
                0x00000000c0019a26                Krnl::loadSystemEnv()
                0x00000000c0019a54                Krnl::loadUserEnv()
                0x00000000c0019a7a                Krnl::flushEnv()
                0x00000000c0019a7b                Krnl::getProcessTotalEnvCount(Process*)
                0x00000000c0019a9b                Krnl::getProcessEnvPair(Process*, int)
 .text          0x00000000c0019b5f      0x32c krnl/panic.32
                0x00000000c0019b5f                Krnl::panic(char const*)
 .text          0x00000000c0019e8b      0x3b6 net/ethernet.32
                0x00000000c0019e8b                Net::switchEndian16(unsigned short)
                0x00000000c0019eac                Net::switchEndian32(unsigned int)
                0x00000000c0019edb                Net::crc32Calc(unsigned char*, int)
                0x00000000c0019f6c                Net::wrapEthernetFrame(Net::UnwrappedEthernetFrame, unsigned char*)
                0x00000000c001a0a8                Net::unwrapEthernetFrame(unsigned char*, int)
 .text          0x00000000c001a241      0x513 reg/registry.32
                0x00000000c001a241                Reg::findLineFromLoadedData(char*, char*, char*)
                0x00000000c001a399                Reg::getLineFromRegistry(char*, char*, char*, char*)
                0x00000000c001a4ee                Reg::getLine(char*, char*, char*)
                0x00000000c001a525                Reg::readInt(char*, char*, int*)
                0x00000000c001a610                Reg::readString(char*, char*, char*, int)
                0x00000000c001a691                Reg::readBool(char*, char*, bool*)
                0x00000000c001a6b6                Reg::readBoolWithDefault(char*, char*, bool)
                0x00000000c001a6e2                Reg::readIntWithDefault(char*, char*, int)
                0x00000000c001a70e                Reg::readStringWithDefault(char*, char*, char*, int, char*)
 .text          0x00000000c001a754       0x18 sys/sc_exit.32
                0x00000000c001a754                Sys::exit(regs*)
 .text          0x00000000c001a76c       0x1f sys/sc_getcwd.32
                0x00000000c001a76c                Sys::getCwd(regs*)
 .text          0x00000000c001a78b        0xc sys/sc_getpid.32
                0x00000000c001a78b                Sys::getPID(regs*)
 .text          0x00000000c001a797       0xa8 sys/sc_loaddll.32
                0x00000000c001a797                Sys::loadDLL(regs*)
 .text          0x00000000c001a83f       0x68 sys/sc_read.32
                0x00000000c001a83f                Sys::read(regs*)
 .text          0x00000000c001a8a7       0x55 sys/sc_sbrk.32
                0x00000000c001a8a7                Sys::sbrk(regs*)
 .text          0x00000000c001a8fc       0x1c sys/sc_setcwd.32
                0x00000000c001a8fc                Sys::setCwd(regs*)
 .text          0x00000000c001a918      0x128 sys/sc_settime.32
                0x00000000c001a918                Sys::setTime(regs*)
 .text          0x00000000c001aa40       0x4a sys/sc_timezone.32
                0x00000000c001aa40                Sys::timezone(regs*)
 .text          0x00000000c001aa8a       0x68 sys/sc_write.32
                0x00000000c001aa8a                Sys::write(regs*)
 .text          0x00000000c001aaf2       0x3b sys/sc_yield.32
                0x00000000c001aaf2                Sys::yield(regs*)
 .text          0x00000000c001ab2d     0x101e sys/syscalls.32
                0x00000000c001ab2d                sysCallSeekDir(regs*)
                0x00000000c001ab32                sysCallTellDir(regs*)
                0x00000000c001ab37                sysCallVerify(regs*)
                0x00000000c001ab41                sysCallGetArgc(regs*)
                0x00000000c001ab51                sysFormatDisk(regs*)
                0x00000000c001abbb                sysSetDiskVolumeLabel(regs*)
                0x00000000c001ac01                sysGetDiskVolumeLabel(regs*)
                0x00000000c001ac52                sysShutdown(regs*)
                0x00000000c001acb0                sysCallRealpath(regs*)
                0x00000000c001acf3                sysCallReadDir(regs*)
                0x00000000c001ad81                sysCallIsATTY(regs*)
                0x00000000c001addb                sysCallSeek(regs*)
                0x00000000c001ae44                sysCallTell(regs*)
                0x00000000c001aec1                sysCallSize(regs*)
                0x00000000c001af44                sysCallSizeFromFilename(regs*)
                0x00000000c001b004                sysCallClose(regs*)
                0x00000000c001b08c                sysCallOpenDir(regs*)
                0x00000000c001b101                sysCallCloseDir(regs*)
                0x00000000c001b167                sysCallMakeDir(regs*)
                0x00000000c001b1d7                sysCallWait(regs*)
                0x00000000c001b1f1                sysCallNotImpl(regs*)
                0x00000000c001b20c                sysPanic(regs*)
                0x00000000c001b232                sysCallRmdir(regs*)
                0x00000000c001b296                sysCallUnlink(regs*)
                0x00000000c001b2fa                sysCallGetArgv(regs*)
                0x00000000c001b346                sysCallTTYName(regs*)
                0x00000000c001b3c9                sysCallUSleep(regs*)
                0x00000000c001b3f0                sysCallSpawn(regs*)
                0x00000000c001b448                sysCallGetEnv(regs*)
                0x00000000c001b4f5                sysAppSettings(regs*)
                0x00000000c001b614                sysSetFatAttrib(regs*)
                0x00000000c001b686                sysPipe(regs*)
                0x00000000c001b6cb                sysGetUnixTime(regs*)
                0x00000000c001b6df                string_ends_with(char const*, char const*)
                0x00000000c001b727                sysCallOpen(regs*)
                0x00000000c001b93c                Sys::loadSyscalls()
                0x00000000c001bb09                Sys::systemCall(regs*, void*)
 .text          0x00000000c001bb4b     0x1189 thr/elf.32
                0x00000000c001bb4b                Thr::allocateMemoryForTask(Process*, File*, unsigned long, unsigned long, unsigned long)
                0x00000000c001bdc8                Thr::loadProgramIntoMemory(Process*, char const*)
                0x00000000c001bfde                Thr::runtimeReferenceHelper()
                0x00000000c001bff1                Thr::getAddressOfKernelSymbol(char const*)
                0x00000000c001c040                Thr::loadKernelSymbolTable(char const*)
                0x00000000c001c2fc                Thr::loadDriverIntoMemory(char const*, unsigned long, bool)
                0x00000000c001ca18                Thr::getDriverBaseFromAddress(unsigned long)
                0x00000000c001ca4a                Thr::getDriverNameFromAddress(unsigned long)
                0x00000000c001ca81                Thr::getDriverOffsetFromAddress(unsigned long)
                0x00000000c001ca9b                Thr::loadDLL(char const*, bool)
                0x00000000c001ccaa                Thr::executeDLL(unsigned long, void*)
 .text          0x00000000c001ccd4     0x1056 thr/prcssthr.32
                0x00000000c001ccd4                changeTSS
                0x00000000c001cd04                Process::addArgs(char**)
                0x00000000c001cd5e                Process::Process(char const*, Process*, char**)
                0x00000000c001cd5e                Process::Process(char const*, Process*, char**)
                0x00000000c001cf42                Process::Process(bool, char const*, Process*, char**)
                0x00000000c001cf42                Process::Process(bool, char const*, Process*, char**)
                0x00000000c001d0f1                disableIRQs()
                0x00000000c001d0f9                getIRQNestingLevel()
                0x00000000c001d0ff                enableIRQs()
                0x00000000c001d10e                lockScheduler()
                0x00000000c001d110                unlockScheduler()
                0x00000000c001d112                userModeEntryPoint(void*)
                0x00000000c001d135                lockStuff()
                0x00000000c001d141                taskStartupFunction
                0x00000000c001d14a                updateTimeUsed()
                0x00000000c001d1af                switchToThread(ThreadControlBlock*)
                0x00000000c001d200                Semaphore::Semaphore(int)
                0x00000000c001d200                Semaphore::Semaphore(int)
                0x00000000c001d22e                Mutex::Mutex()
                0x00000000c001d22e                Mutex::Mutex()
                0x00000000c001d240                Process::createThread(void (*)(void*), void*, int)
                0x00000000c001d324                Process::createUserThread()
                0x00000000c001d340                setupMultitasking(void (*)())
                0x00000000c001d44a                schedule()
                0x00000000c001d4cf                unlockStuff()
                0x00000000c001d504                Semaphore::tryAcquire()
                0x00000000c001d532                Semaphore::assertLocked(char const*)
                0x00000000c001d562                blockTaskWithSchedulerLockAlreadyHeld(TaskState)
                0x00000000c001d5a4                blockTask(TaskState)
                0x00000000c001d5c5                waitTask(int, int*, int)
                0x00000000c001d607                nanoSleepUntil(unsigned long long)
                0x00000000c001d65e                nanoSleep(unsigned long long)
                0x00000000c001d673                sleep(unsigned long long)
                0x00000000c001d690                Semaphore::acquire()
                0x00000000c001d6f8                taskReturned
                0x00000000c001d726                unblockTask(ThreadControlBlock*)
                0x00000000c001d7d5                cleanupTerminatedTask(ThreadControlBlock*)
                0x00000000c001da9e                cleanerTaskFunction(void*)
                0x00000000c001db51                terminateTask(int)
                0x00000000c001dc31                Thr::terminateFromIRQ(int)
                0x00000000c001dc3e                Semaphore::release()
 .text          0x00000000c001dd2a      0xc26 vm86/vm8086.32
                0x00000000c001dd2a                Vm::inbv(unsigned short)
                0x00000000c001dd3d                Vm::outbv(unsigned short, unsigned char)
                0x00000000c001dd90                Vm::realToLinear(unsigned short, unsigned short)
                0x00000000c001dda0                Vm::getSegment(unsigned int)
                0x00000000c001dda8                Vm::getOffset(unsigned int)
                0x00000000c001ddad                Vm::mainloop2()
                0x00000000c001dde8                Vm::mainVm8086Loop(void*)
                0x00000000c001ddf5                Vm::mainloop3(unsigned long)
                0x00000000c001de1f                Vm::initialise8086()
                0x00000000c001de62                Vm::finish8086()
                0x00000000c001dea7                Vm::getOutput8086(unsigned char*)
                0x00000000c001ded1                Vm::start8086(char const*, unsigned short, unsigned short, unsigned short, unsigned short)
                0x00000000c001e021                Vm::doISR(regs*, int, unsigned char*, unsigned short, unsigned short)
                0x00000000c001e0ab                Vm::readByteFromReal(unsigned short, unsigned short)
                0x00000000c001e0bc                Vm::readWordFromReal(unsigned short, unsigned short)
                0x00000000c001e0ce                Vm::readDwordFromReal(unsigned short, unsigned short)
                0x00000000c001e0df                Vm::writeByteFromReal(unsigned short, unsigned short, unsigned char)
                0x00000000c001e0f4                Vm::writeWordFromReal(unsigned short, unsigned short, unsigned short)
                0x00000000c001e10a                Vm::writeDwordFromReal(unsigned short, unsigned short, unsigned int)
                0x00000000c001e11f                Vm::faultHandler(regs*)
 .text          0x00000000c001e950      0xefd vm86/x87em.32
                0x00000000c001e950                Vm::fpuInternalTo32(unsigned long long)
                0x00000000c001e9ab                Vm::fpuInternalTo64(unsigned long long)
                0x00000000c001e9b4                Vm::fpu32ToInternal(unsigned int)
                0x00000000c001e9f9                Vm::fpu64ToInternal(unsigned long long)
                0x00000000c001ea02                Vm::fpuFloatToLong(unsigned long long)
                0x00000000c001ea5d                Vm::fpuULongToFloat(unsigned long long)
                0x00000000c001ea93                Vm::fpuLongToFloat(long long)
                0x00000000c001eae9                Vm::fpuGet0()
                0x00000000c001eaee                Vm::fpuGet1()
                0x00000000c001eaf6                Vm::fpuGetPi()
                0x00000000c001eafe                Vm::fpuGetLog2E()
                0x00000000c001eb16                Vm::fpuGetLogE2()
                0x00000000c001eb2e                Vm::fpuGetLog210()
                0x00000000c001eb46                Vm::fpuGetLog102()
                0x00000000c001eb5e                Vm::fpuIsSecondLarger(unsigned long long, unsigned long long)
                0x00000000c001eb72                Vm::fpuAreEqual(unsigned long long, unsigned long long)
                0x00000000c001eb88                Vm::fpuUnorderedCompare(unsigned long long, unsigned long long)
                0x00000000c001ebdb                Vm::fpuAdd(unsigned long long, unsigned long long)
                0x00000000c001ebec                Vm::fpuAbs(unsigned long long)
                0x00000000c001ebf5                Vm::fpuChs(unsigned long long)
                0x00000000c001ec05                Vm::fpuSub(unsigned long long, unsigned long long)
                0x00000000c001ec14                Vm::fpuMultiply(unsigned long long, unsigned long long)
                0x00000000c001ec33                Vm::fpuDivide(unsigned long long, unsigned long long)
                0x00000000c001ec4f                Vm::fpuSquare(unsigned long long)
                0x00000000c001ec65                Vm::fpuGetReg(int)
                0x00000000c001eca8                Vm::fpuSetReg(int, unsigned long long)
                0x00000000c001ecf3                Vm::fpuPush(unsigned long long)
                0x00000000c001ed50                Vm::fpuPop()
                0x00000000c001eda2                Vm::x87Handler(regs*)
 *fill*         0x00000000c001f84d        0x1 
 .text          0x00000000c001f84e     0x10ed fs/fat/vfslink.32
                0x00000000c001f84e                FAT::getName()
                0x00000000c001f854                FAT::tell(void*, unsigned long long*)
                0x00000000c001f888                FAT::stat(void*, unsigned long long*)
                0x00000000c001f8bc                FAT::~FAT()
                0x00000000c001f8bc                FAT::~FAT()
                0x00000000c001f8e0                FAT::~FAT()
                0x00000000c001f908                FAT::getlabel(LogicalDisk*, int, char*, unsigned int*)
                0x00000000c001f9a6                FAT::setlabel(LogicalDisk*, int, char*)
                0x00000000c001fa60                FAT::format(LogicalDisk*, int, char const*, int)
                0x00000000c001fc44                FAT::tryMount(LogicalDisk*, int)
                0x00000000c001fe4a                FAT::readDir(void*, unsigned long, void*, int*)
                0x00000000c001ff50                FAT::read(void*, unsigned long, void*, int*)
                0x00000000c001ffaa                FAT::write(void*, unsigned long, void*, int*)
                0x00000000c0020004                FAT::close(void*)
                0x00000000c0020050                FAT::closeDir(void*)
                0x00000000c002009c                FAT::seek(void*, unsigned long long)
                0x00000000c00200f0                fatWrapperReadDisk
                0x00000000c0020137                fatWrapperWriteDisk
                0x00000000c002017e                fatWrapperIoctl
                0x00000000c0020282                FAT::FAT()
                0x00000000c0020282                FAT::FAT()
                0x00000000c00202d4                FAT::fixFilepath(char*)
                0x00000000c002030c                FAT::open(char const*, void**, FileOpenMode)
                0x00000000c0020434                FAT::openDir(char const*, void**)
                0x00000000c00204da                FAT::stat(char const*, unsigned long long*, bool*)
                0x00000000c00205c4                FAT::unlink(char const*)
                0x00000000c002063e                FAT::chfatattr(char const*, unsigned char, unsigned char)
                0x00000000c0020792                FAT::rename(char const*, char const*)
                0x00000000c0020856                FAT::mkdir(char const*)
                0x00000000c00208d0                FAT::exists(char const*)
 *fill*         0x00000000c002093b        0x1 
 .text          0x00000000c002093c      0xbc1 fs/iso9660/vfslink.32
                0x00000000c002093c                ISO9660::format(LogicalDisk*, int, char const*, int)
                0x00000000c0020942                ISO9660::seek(void*, unsigned long long)
                0x00000000c0020972                ISO9660::tell(void*, unsigned long long*)
                0x00000000c0020996                ISO9660::getName()
                0x00000000c002099c                ISO9660::stat(void*, unsigned long long*)
                0x00000000c00209c0                ISO9660::chfatattr(char const*, unsigned char, unsigned char)
                0x00000000c00209c6                ISO9660::unlink(char const*)
                0x00000000c00209cc                ISO9660::write(void*, unsigned long, void*, int*)
                0x00000000c00209d2                ISO9660::rename(char const*, char const*)
                0x00000000c00209d8                ISO9660::mkdir(char const*)
                0x00000000c00209de                ISO9660::close(void*)
                0x00000000c0020a00                ISO9660::closeDir(void*)
                0x00000000c0020a22                ISO9660::~ISO9660()
                0x00000000c0020a22                ISO9660::~ISO9660()
                0x00000000c0020a46                ISO9660::~ISO9660()
                0x00000000c0020a6d                __memmem(unsigned char*, int, unsigned char*, int)
                0x00000000c0020aaf                readSectorFromCDROM(unsigned int, unsigned char*, char)
                0x00000000c0020b16                ISO9660::tryMount(LogicalDisk*, int)
                0x00000000c0020b66                ISO9660::read(void*, unsigned long, void*, int*)
                0x00000000c0020d66                ISO9660::readDir(void*, unsigned long, void*, int*)
                0x00000000c0020ff3                readRoot(unsigned int*, unsigned int*, char)
                0x00000000c0021048                readRecursively(char*, unsigned int, unsigned int, unsigned int*, unsigned int*, char, int*)
                0x00000000c002121b                getFileData(char*, unsigned int*, unsigned int*, char, int*)
                0x00000000c00212aa                ISO9660::open(char const*, void**, FileOpenMode)
                0x00000000c002136a                ISO9660::exists(char const*)
                0x00000000c002138e                ISO9660::stat(char const*, unsigned long long*, bool*)
                0x00000000c0021422                ISO9660::openDir(char const*, void**)
                0x00000000c00214da                ISO9660::ISO9660()
                0x00000000c00214da                ISO9660::ISO9660()
 *fill*         0x00000000c00214fd        0x1 
 .text          0x00000000c00214fe      0x326 hal/sound/sndchannel.32
                0x00000000c00214fe                SoundChannel::~SoundChannel()
                0x00000000c00214fe                SoundChannel::~SoundChannel()
                0x00000000c002151a                SoundChannel::setSpeed(float)
                0x00000000c0021526                SoundChannel::getSpeed()
                0x00000000c002152e                SoundChannel::setVolume(int)
                0x00000000c002154a                SoundChannel::getVolume()
                0x00000000c0021552                SoundChannel::pause()
                0x00000000c002155c                SoundChannel::SoundChannel(int, int, int, int)
                0x00000000c002155c                SoundChannel::SoundChannel(int, int, int, int)
                0x00000000c00216b2                SoundChannel::play()
                0x00000000c00216bc                SoundChannel::paused()
                0x00000000c00216c4                SoundChannel::getSampleRate()
                0x00000000c00216cc                SoundChannel::getBits()
                0x00000000c00216d4                SoundChannel::getBufferUsed()
                0x00000000c00216dc                SoundChannel::getBufferSize()
                0x00000000c00216e4                SoundChannel::unbuffer(float*, int, int)
                0x00000000c0021784                SoundChannel::buffer8(unsigned char*, int)
 .text          0x00000000c0021824      0x3d5 hal/sound/sndhw.32
                0x00000000c0021824                SoundDevice::SoundDevice(char const*)
                0x00000000c0021824                SoundDevice::SoundDevice(char const*)
                0x00000000c0021890                SoundDevice::~SoundDevice()
                0x00000000c0021890                SoundDevice::~SoundDevice()
                0x00000000c002190a                SoundDevice::~SoundDevice()
                0x00000000c0021934                SoundDevice::getFreeChannelNum()
                0x00000000c002194e                SoundDevice::addChannel(SoundChannel*)
                0x00000000c00219be                SoundDevice::removeChannel(int)
                0x00000000c00219f0                SoundDevice::floatTo8(float*, unsigned char*, int)
                0x00000000c0021ad8                SoundDevice::getAudio(int, float*, float*)
 .text          0x00000000c0021bf9        0x0 hw/bus/isa.32
 *fill*         0x00000000c0021bf9        0x1 
 .text          0x00000000c0021bfa      0x6c3 hw/bus/pci.32
                0x00000000c0021bfa                PCI::open(int, int, void*)
                0x00000000c0021c0e                PCI::close(int, int, void*)
                0x00000000c0021c12                PCI::PCI()
                0x00000000c0021c12                PCI::PCI()
                0x00000000c0021c92                PCI::pciReadWord(unsigned char, unsigned char, unsigned char, unsigned char)
                0x00000000c0021cda                PCI::getVendorID(unsigned char, unsigned char, unsigned char)
                0x00000000c0021cfc                PCI::getHeaderType(unsigned char, unsigned char, unsigned char)
                0x00000000c0021d20                PCI::getClassCode(unsigned char, unsigned char, unsigned char)
                0x00000000c0021d64                PCI::getProgIF(unsigned char, unsigned char, unsigned char)
                0x00000000c0021d88                PCI::getRevisionID(unsigned char, unsigned char, unsigned char)
                0x00000000c0021daa                PCI::getInterruptNumber(unsigned char, unsigned char, unsigned char)
                0x00000000c0021dcc                PCI::getSecondaryBus(unsigned char, unsigned char, unsigned char)
                0x00000000c0021df0                PCI::getBARAddress(unsigned char, unsigned char, unsigned char, unsigned char)
                0x00000000c0021e50                PCI::pciWriteWord(unsigned char, unsigned char, unsigned char, unsigned char, unsigned short)
                0x00000000c0021ebc                PCI::checkBus(unsigned char)
                0x00000000c0021ee0                PCI::foundDevice(PCIDeviceInfo)
                0x00000000c0022052                PCI::getDeviceData(unsigned char, unsigned char, unsigned char)
                0x00000000c00221fe                PCI::checkDevice(unsigned char, unsigned char)
                0x00000000c002226a                PCI::detect()
 *fill*         0x00000000c00222bd        0x1 
 .text          0x00000000c00222be      0xc70 hw/diskctrl/ide.32
                0x00000000c00222be                IDE::close(int, int, void*)
                0x00000000c00222c2                IDE::IDE()
                0x00000000c00222c2                IDE::IDE()
                0x00000000c00222f6                IDE::prepareInterrupt(unsigned char)
                0x00000000c0022308                selectDrive(unsigned char, unsigned char)
                0x00000000c002230a                IDE::getBase(unsigned char)
                0x00000000c002231c                IDE::write(unsigned char, unsigned char, unsigned char)
                0x00000000c00223dc                IDE::read(unsigned char, unsigned char)
                0x00000000c002248a                IDE::waitInterrupt(unsigned char)
                0x00000000c00224f0                ideChannel0IRQHandler(regs*, void*)
                0x00000000c002250c                ideChannel1IRQHandler(regs*, void*)
                0x00000000c0022528                IDE::enableIRQs(unsigned char, bool)
                0x00000000c002256e                IDE::open(int, int, void*)
                0x00000000c002297e                IDE::readBuffer(unsigned char, unsigned char, unsigned int, unsigned int)
                0x00000000c0022a4a                IDE::detect()
                0x00000000c0022d32                IDE::printError(unsigned char, unsigned char, unsigned char)
                0x00000000c0022ec8                IDE::polling(unsigned char, unsigned int)
 .text          0x00000000c0022f2e      0x37a hw/diskctrl/satabus.32
                0x00000000c0022f2e                SATABus::close(int, int, void*)
                0x00000000c0022f32                SATABus::detect()
                0x00000000c0022f34                SATABus::SATABus()
                0x00000000c0022f34                SATABus::SATABus()
                0x00000000c0022fe0                SATABus::findCmdslot(SATABus::tagHBA_PORT volatile*)
                0x00000000c0023028                SATABus::checkType(SATABus::tagHBA_PORT volatile*)
                0x00000000c0023070                SATABus::startCmd(SATABus::tagHBA_PORT volatile*)
                0x00000000c0023090                SATABus::stopCmd(SATABus::tagHBA_PORT volatile*)
                0x00000000c00230ba                SATABus::portRebase(SATABus::tagHBA_PORT volatile*, int)
                0x00000000c00231c0                SATABus::probePort(SATABus::tagHBA_MEM volatile*)
                0x00000000c0023288                SATABus::open(int, int, void*)
 .text          0x00000000c00232a8      0x62b hw/diskphys/ata.32
                0x00000000c00232a8                ATA::close(int, int, void*)
                0x00000000c00232cc                ATA::powerSaving(PowerSavingLevel)
                0x00000000c00232ce                ATA::ATA()
                0x00000000c00232ce                ATA::ATA()
                0x00000000c00232fc                ATA::flush(bool)
                0x00000000c0023346                ATA::readyForCommand()
                0x00000000c0023396                ATA::access(unsigned long long, int, void*, bool)
                0x00000000c0023714                ATA::read(unsigned long long, int, void*)
                0x00000000c002377c                ATA::write(unsigned long long, int, void*)
                0x00000000c00237e4                ATA::detectCHS()
                0x00000000c002380e                ATA::open(int, int, void*)
 *fill*         0x00000000c00238d3        0x1 
 .text          0x00000000c00238d4      0x5b3 hw/diskphys/atapi.32
                0x00000000c00238d4                ATAPI::write(unsigned long long, int, void*)
                0x00000000c00238da                ATAPI::close(int, int, void*)
                0x00000000c00238fe                ATAPI::ATAPI()
                0x00000000c00238fe                ATAPI::ATAPI()
                0x00000000c002392c                ATAPI::readyForCommand()
                0x00000000c002397c                ATAPI::sendPacket(unsigned char*, int, bool, unsigned short*, int)
                0x00000000c0023c3c                ATAPI::diskRemoved()
                0x00000000c0023c58                ATAPI::eject()
                0x00000000c0023c9e                ATAPI::diskInserted()
                0x00000000c0023ccc                ATAPI::detectMedia()
                0x00000000c0023d88                ATAPI::open(int, int, void*)
                0x00000000c0023e08                ATAPI::read(unsigned long long, int, void*)
 *fill*         0x00000000c0023e87        0x1 
 .text          0x00000000c0023e88      0x414 hw/diskphys/sata.32
                0x00000000c0023e88                SATA::close(int, int, void*)
                0x00000000c0023eac                SATA::powerSaving(PowerSavingLevel)
                0x00000000c0023eae                SATA::open(int, int, void*)
                0x00000000c0023f0a                SATA::SATA()
                0x00000000c0023f0a                SATA::SATA()
                0x00000000c0023f38                SATA::access(unsigned long long, int, void*, bool)
                0x00000000c00241cc                SATA::read(unsigned long long, int, void*)
                0x00000000c0024234                SATA::write(unsigned long long, int, void*)
 .text          0x00000000c002429c       0x8e hw/fpu/avx.32
                0x00000000c002429c                AVX::open(int, int, void*)
                0x00000000c00242ae                AVX::close(int, int, void*)
                0x00000000c00242c0                AVX::available()
                0x00000000c00242d2                AVX::save(void*)
                0x00000000c00242ea                AVX::load(void*)
                0x00000000c0024302                AVX::AVX()
                0x00000000c0024302                AVX::AVX()
 .text          0x00000000c002432a       0x90 hw/fpu/mmx.32
                0x00000000c002432a                MMX::available()
                0x00000000c002433e                MMX::open(int, int, void*)
                0x00000000c0024350                MMX::close(int, int, void*)
                0x00000000c0024362                MMX::save(void*)
                0x00000000c002437a                MMX::load(void*)
                0x00000000c0024392                MMX::MMX()
                0x00000000c0024392                MMX::MMX()
 .text          0x00000000c00243ba       0x96 hw/fpu/sse.32
                0x00000000c00243ba                SSE::open(int, int, void*)
                0x00000000c00243cc                SSE::close(int, int, void*)
                0x00000000c00243de                SSE::available()
                0x00000000c00243f8                SSE::save(void*)
                0x00000000c0024410                SSE::load(void*)
                0x00000000c0024428                SSE::SSE()
                0x00000000c0024428                SSE::SSE()
 .text          0x00000000c0024450       0x8e hw/fpu/x87.32
                0x00000000c0024450                x87::open(int, int, void*)
                0x00000000c0024462                x87::close(int, int, void*)
                0x00000000c0024474                x87::available()
                0x00000000c0024486                x87::save(void*)
                0x00000000c002449e                x87::load(void*)
                0x00000000c00244b6                x87::x87()
                0x00000000c00244b6                x87::x87()
 .text          0x00000000c00244de      0x71e hw/intctrl/apic.32
                0x00000000c00244de                APIC::disable()
                0x00000000c00244e0                APIC::close(int, int, void*)
                0x00000000c0024502                IOAPIC::close(int, int, void*)
                0x00000000c0024508                APIC::io_wait()
                0x00000000c002450e                APIC::getBase()
                0x00000000c0024550                APIC::eoi(unsigned char)
                0x00000000c002457e                APIC::open(int, int, void*)
                0x00000000c00246cc                IOAPIC::IOAPIC()
                0x00000000c00246cc                IOAPIC::IOAPIC()
                0x00000000c00246f4                APIC::APIC()
                0x00000000c00246f4                APIC::APIC()
                0x00000000c00247d0                IOAPIC::handlesGSIWithNumber(unsigned int)
                0x00000000c0024802                IOAPIC::read(int)
                0x00000000c002482a                IOAPIC::open(int, int, void*)
                0x00000000c0024920                IOAPIC::write(int, int)
                0x00000000c002494c                IOAPIC::redirect(unsigned char, unsigned long long, unsigned char, bool, bool)
                0x00000000c0024a46                APIC::installIRQHandler(int, void (*)(regs*, void*), bool, void*)
 .text          0x00000000c0024bfc      0x3d3 hw/intctrl/pic.32
                0x00000000c0024bfc                PIC::disable()
                0x00000000c0024c2a                PIC::close(int, int, void*)
                0x00000000c0024c4c                PIC::PIC()
                0x00000000c0024c4c                PIC::PIC()
                0x00000000c0024d22                PIC::ioWait()
                0x00000000c0024d28                PIC::getIRQReg(int)
                0x00000000c0024d92                PIC::eoi(unsigned char)
                0x00000000c0024e24                PIC::remap()
                0x00000000c0024f90                PIC::open(int, int, void*)
 *fill*         0x00000000c0024fcf        0x1 
 .text          0x00000000c0024fd0      0x25e hw/timer/apictimer.32
                0x00000000c0024fd0                APICTimer::close(int, int, void*)
                0x00000000c0024fd6                apicTimerHandler(regs*, void*)
                0x00000000c0025004                APICTimer::write(int)
                0x00000000c0025108                APICTimer::open(int, int, void*)
                0x00000000c0025206                APICTimer::APICTimer()
                0x00000000c0025206                APICTimer::APICTimer()
 .text          0x00000000c002522e      0x1a7 hw/timer/pit.32
                0x00000000c002522e                PIT::write(int)
                0x00000000c00252ac                pitHandler(regs*, void*)
                0x00000000c00252d8                PIT::open(int, int, void*)
                0x00000000c0025326                PIT::close(int, int, void*)
                0x00000000c0025356                PIT::PIT()
                0x00000000c0025356                PIT::PIT()
 *fill*         0x00000000c00253d5        0xb 
 .text          0x00000000c00253e0       0x1e hw/fpu/x86/avx.32
                0x00000000c00253e0                avxDetect
                0x00000000c00253e6                avxSave
                0x00000000c00253e7                avxLoad
                0x00000000c00253e8                avxInit
                0x00000000c00253e9                avxClose
                0x00000000c00253ea                wouldSheSayYes
 *fill*         0x00000000c00253fe        0x2 
 .text          0x00000000c0025400       0x35 hw/fpu/x86/sse.32
                0x00000000c0025400                absolutelyNoChanceInHell
                0x00000000c0025400                sseDetect
                0x00000000c0025418                sseSave
                0x00000000c002541e                sseLoad
                0x00000000c0025424                sseInit
                0x00000000c0025434                sseClose
 *fill*         0x00000000c0025435        0xb 
 .text          0x00000000c0025440       0x47 hw/fpu/x86/x87.32
                0x00000000c0025446                x87Detect
                0x00000000c0025461                x87Save
                0x00000000c0025467                x87Load
                0x00000000c002546c                x87Init
                0x00000000c0025486                x87Close
 *fill*         0x00000000c0025487        0x1 
 .text          0x00000000c0025488       0x25 /cygdrive/d/Users/Alex/Desktop/Toolchain/Output/bin/../lib/gcc/i386-banana/8.1.0/crtend.o
 .text          0x00000000c00254ad        0x0 crtn.32
 *fill*         0x00000000c00254ad        0x3 
 .text          0x00000000c00254b0      0x14b /cygdrive/d/Users/Alex/Desktop/Toolchain/Output/bin/../lib/gcc/i386-banana/8.1.0/libkgcc.a(_divdi3.o)
                0x00000000c00254b0                __divdi3
 *fill*         0x00000000c00255fb        0x1 
 .text          0x00000000c00255fc      0x17e /cygdrive/d/Users/Alex/Desktop/Toolchain/Output/bin/../lib/gcc/i386-banana/8.1.0/libkgcc.a(_moddi3.o)
                0x00000000c00255fc                __moddi3
 *fill*         0x00000000c002577a        0x2 
 .text          0x00000000c002577c       0xff /cygdrive/d/Users/Alex/Desktop/Toolchain/Output/bin/../lib/gcc/i386-banana/8.1.0/libkgcc.a(_udivdi3.o)
                0x00000000c002577c                __udivdi3
 *fill*         0x00000000c002587b        0x1 
 .text          0x00000000c002587c      0x11a /cygdrive/d/Users/Alex/Desktop/Toolchain/Output/bin/../lib/gcc/i386-banana/8.1.0/libkgcc.a(_umoddi3.o)
                0x00000000c002587c                __umoddi3
 .text          0x00000000c0025996      0x96d D:/Users/Alex/Desktop/Banana/kernel/libsoftfp.a(sfieeelib.o)
                0x00000000c0025996                __addsf3
                0x00000000c0025c98                __subsf3
                0x00000000c0025cac                __negsf2
                0x00000000c0025cb9                __mulsf3
                0x00000000c0025e7c                __divsf3
                0x00000000c00260a7                __floatsisf
                0x00000000c002611b                __floatunsisf
                0x00000000c002615d                __fixsfsi
                0x00000000c00261bf                __fixunssfsi
                0x00000000c00261f0                __cmpsf2
                0x00000000c0026285                __eqsf2
                0x00000000c00262c0                __nesf2
                0x00000000c00262c2                __gtsf2
                0x00000000c00262fd                __gesf2
                0x00000000c00262ff                __ltsf2
                0x00000000c0026301                __lesf2
 .text          0x00000000c0026303      0xf50 D:/Users/Alex/Desktop/Banana/kernel/libsoftfp.a(dfieeelib.o)
                0x00000000c0026303                __adddf3
                0x00000000c0026954                __subdf3
                0x00000000c002696f                __negdf2
                0x00000000c0026980                __muldf3
                0x00000000c0026c64                __divdf3
                0x00000000c0026fe3                __floatsidf
                0x00000000c002703e                __floatunsidf
                0x00000000c002707c                __fixdfsi
                0x00000000c00270e9                __fixunsdfsi
                0x00000000c0027125                __cmpdf2
                0x00000000c0027213                __eqdf2
                0x00000000c002722f                __nedf2
                0x00000000c0027231                __gtdf2
                0x00000000c002724d                __gedf2
                0x00000000c002724f                __ltdf2
                0x00000000c0027251                __ledf2
 .text          0x00000000c0027253      0x18d D:/Users/Alex/Desktop/Banana/kernel/libsoftfp.a(sfdfcvt.o)
                0x00000000c0027253                __truncdfsf2
                0x00000000c0027377                __extendsfdf2
 .text          0x00000000c00273e0       0x1e D:/Users/Alex/Desktop/Banana/kernel/libk/libm32.a(s_fabs.c.o)
                0x00000000c00273e0                fabs
 *fill*         0x00000000c00273fe        0x2 
 .text          0x00000000c0027400        0xc D:/Users/Alex/Desktop/Banana/kernel/libk/libm32.a(s_lrint.S.o)
                0x00000000c0027400                lrint
 .text          0x00000000c002740c        0xc D:/Users/Alex/Desktop/Banana/kernel/libk/libm32.a(s_lrintf.S.o)
                0x00000000c002740c                lrintf
 *(.gnu.linkonce.t*)

.iplt           0x00000000c0027418        0x0
 .iplt          0x00000000c0027418        0x0 D:/Users/Alex/Desktop/Banana/kernel/boot.32

.init           0x00000000c0027418        0xf
 .init          0x00000000c0027418        0x3 crti.32
                0x00000000c0027418                _init