Archive member included to satisfy reference by file (symbol)

/cygdrive/d/Users/Alex/Desktop/Toolchain/Output/bin/../lib/gcc/i386-banana/8.1.0/libgcc.a(_divdi3.o)
                              fs/fat/ff.32 (__divdi3)
/cygdrive/d/Users/Alex/Desktop/Toolchain/Output/bin/../lib/gcc/i386-banana/8.1.0/libgcc.a(_moddi3.o)
                              thr/elf.32 (__moddi3)
/cygdrive/d/Users/Alex/Desktop/Toolchain/Output/bin/../lib/gcc/i386-banana/8.1.0/libgcc.a(_udivdi3.o)
                              fs/fat/ff.32 (__udivdi3)
/cygdrive/d/Users/Alex/Desktop/Toolchain/Output/bin/../lib/gcc/i386-banana/8.1.0/libgcc.a(_umoddi3.o)
                              core/pipe.32 (__umoddi3)
D:/Users/Alex/Desktop/Banana/kernel/libk/libm32.a(s_fabs.c.o)
                              hal/libresample/samplerate.32 (fabs)
D:/Users/Alex/Desktop/Banana/kernel/libk/libm32.a(s_lrint.S.o)
                              hal/libresample/samplerate.32 (lrint)
D:/Users/Alex/Desktop/Banana/kernel/libk/libm32.a(s_lrintf.S.o)
                              hal/sound/sndhw.32 (lrintf)

Discarded input sections

 .comment       0x0000000000000000       0x12 /cygdrive/d/Users/Alex/Desktop/Toolchain/Output/bin/../lib/gcc/i386-banana/8.1.0/crtbegin.o
 .comment       0x0000000000000000       0x12 acpica/utclib.32
 .comment       0x0000000000000000       0x12 core/malloc.32
 .comment       0x0000000000000000       0x12 libk/string.32
 .comment       0x0000000000000000       0x12 fs/fat/diskio.32
 .comment       0x0000000000000000       0x12 fs/fat/ff.32
 .comment       0x0000000000000000       0x12 fs/fat/ffsystem.32
 .comment       0x0000000000000000       0x12 fs/fat/ffunicode.32
 .comment       0x0000000000000000       0x12 hal/libresample/samplerate.32
 .comment       0x0000000000000000       0x12 hal/libresample/src_linear.32
 .comment       0x0000000000000000       0x12 hal/libresample/src_sinc.32
 .comment       0x0000000000000000       0x12 hal/libresample/src_zoh.32
 .group         0x0000000000000000       0x14 core/computer.32
 .group         0x0000000000000000        0xc core/computer.32
 .comment       0x0000000000000000       0x12 core/computer.32
 .comment       0x0000000000000000       0x12 core/gdt.32
 .group         0x0000000000000000        0xc core/idle.32
 .comment       0x0000000000000000       0x12 core/idle.32
 .comment       0x0000000000000000       0x12 core/idt.32
 .group         0x0000000000000000        0x8 core/kheap.32
 .group         0x0000000000000000        0x8 core/kheap.32
 .comment       0x0000000000000000       0x12 core/kheap.32
 .comment       0x0000000000000000       0x12 core/main.32
 .comment       0x0000000000000000       0x12 core/physmgr.32
 .group         0x0000000000000000        0xc core/pipe.32
 .comment       0x0000000000000000       0x12 core/pipe.32
 .group         0x0000000000000000        0xc core/terminal.32
 .comment       0x0000000000000000       0x12 core/terminal.32
 .group         0x0000000000000000        0x8 core/tss.32
 .text._ZN3CPU7readCR3Ev
                0x0000000000000000       0x12 core/tss.32
 .comment       0x0000000000000000       0x12 core/tss.32
 .group         0x0000000000000000        0x8 core/unixfile.32
 .group         0x0000000000000000        0xc core/unixfile.32
 .group         0x0000000000000000        0xc core/unixfile.32
 .group         0x0000000000000000        0x8 core/unixfile.32
 .group         0x0000000000000000        0xc core/unixfile.32
 .group         0x0000000000000000        0x8 core/unixfile.32
 .group         0x0000000000000000        0xc core/unixfile.32
 .group         0x0000000000000000        0xc core/unixfile.32
 .comment       0x0000000000000000       0x12 core/unixfile.32
 .group         0x0000000000000000        0x8 core/virtmgr.32
 .group         0x0000000000000000        0x8 core/virtmgr.32
 .text._ZN3CPU7readCR3Ev
                0x0000000000000000       0x12 core/virtmgr.32
 .text._ZN3CPU8writeCR3Em
                0x0000000000000000        0x9 core/virtmgr.32
 .comment       0x0000000000000000       0x12 core/virtmgr.32
 .comment       0x0000000000000000       0x12 coreobjs/c++.32
 .comment       0x0000000000000000       0x12 dbg/kconsole.32
 .group         0x0000000000000000        0xc fs/vfs.32
 .group         0x0000000000000000        0xc fs/vfs.32
 .group         0x0000000000000000        0xc fs/vfs.32
 .comment       0x0000000000000000       0x12 fs/vfs.32
 .group         0x0000000000000000        0xc hal/bus.32
 .comment       0x0000000000000000       0x12 hal/bus.32
 .group         0x0000000000000000        0xc hal/buzzer.32
 .comment       0x0000000000000000       0x12 hal/buzzer.32
 .group         0x0000000000000000        0xc hal/clock.32
 .comment       0x0000000000000000       0x12 hal/clock.32
 .group         0x0000000000000000       0x14 hal/device.32
 .group         0x0000000000000000        0xc hal/device.32
 .group         0x0000000000000000        0xc hal/device.32
[...]
Memory Configuration

Name             Origin             Length             Attributes
*default*        0x0000000000000000 0xffffffffffffffff

Linker script and memory map

LOAD D:/Users/Alex/Desktop/Banana/kernel/boot.32
LOAD crti.32
LOAD /cygdrive/d/Users/Alex/Desktop/Toolchain/Output/bin/../lib/gcc/i386-banana/8.1.0/crtbegin.o
LOAD D:/Users/Alex/Desktop/Banana/kernel/morenasm.32
LOAD acpica/utclib.32
LOAD core/malloc.32
LOAD libk/string.32
LOAD fs/fat/diskio.32
LOAD fs/fat/ff.32
LOAD fs/fat/ffsystem.32
LOAD fs/fat/ffunicode.32
LOAD hal/libresample/samplerate.32
LOAD hal/libresample/src_linear.32
LOAD hal/libresample/src_sinc.32
LOAD hal/libresample/src_zoh.32
LOAD core/computer.32
LOAD core/gdt.32
LOAD core/idle.32
LOAD core/idt.32
LOAD core/kheap.32
LOAD core/main.32
LOAD core/physmgr.32
LOAD core/pipe.32
LOAD core/terminal.32
LOAD core/tss.32
LOAD core/unixfile.32
LOAD core/virtmgr.32
LOAD coreobjs/c++.32
LOAD dbg/kconsole.32
LOAD fs/vfs.32
LOAD hal/bus.32
LOAD hal/buzzer.32
LOAD hal/clock.32
LOAD hal/device.32
LOAD hal/diskctrl.32
LOAD hal/diskphys.32
LOAD hal/fpu.32
LOAD hal/intctrl.32
LOAD hal/keybrd.32
LOAD hal/logidisk.32
LOAD hal/mouse.32
LOAD hal/partition.32
LOAD hal/timer.32
LOAD hal/vcache.32
LOAD hal/video.32
LOAD hw/acpi.32
LOAD hw/cpu.32
LOAD hw/ports.32
LOAD krnl/panic.32
LOAD reg/registry.32
LOAD sys/sc_exit.32
LOAD sys/sc_loaddll.32
LOAD sys/sc_read.32
LOAD sys/sc_sbrk.32
LOAD sys/sc_write.32
LOAD sys/sc_yield.32
LOAD sys/syscalls.32
LOAD thr/elf.32
LOAD thr/prcssthr.32
LOAD vm86/vm8086.32
LOAD fs/fat/vfslink.32
LOAD fs/iso9660/vfslink.32
LOAD hal/sound/sndchannel.32
LOAD hal/sound/sndhw.32
LOAD hw/bus/isa.32
LOAD hw/bus/pci.32
LOAD hw/diskctrl/ide.32
LOAD hw/diskphys/ata.32
LOAD hw/diskphys/atapi.32
LOAD hw/fpu/avx.32
LOAD hw/fpu/mmx.32
LOAD hw/fpu/sse.32
LOAD hw/fpu/x87.32
LOAD hw/intctrl/apic.32
LOAD hw/intctrl/pic.32
LOAD hw/timer/apictimer.32
LOAD hw/timer/pit.32
LOAD hw/fpu/x86/avx.32
LOAD hw/fpu/x86/sse.32
LOAD hw/fpu/x86/x87.32
LOAD /cygdrive/d/Users/Alex/Desktop/Toolchain/Output/bin/../lib/gcc/i386-banana/8.1.0/crtend.o
LOAD crtn.32
LOAD /cygdrive/d/Users/Alex/Desktop/Toolchain/Output/bin/../lib/gcc/i386-banana/8.1.0/libgcc.a
LOAD D:/Users/Alex/Desktop/Banana/kernel/libk/libm32.a
                0x00000000c0000000                . = 0xc0000000

.text           0x00000000c0000000    0x1e938
 *(.text)
 .text          0x00000000c0000000       0x41 D:/Users/Alex/Desktop/Banana/kernel/boot.32
                0x00000000c0000020                callGlobalConstructors
 .text          0x00000000c0000041        0x0 crti.32
 *fill*         0x00000000c0000041        0x3 
 .text          0x00000000c0000044      0x101 /cygdrive/d/Users/Alex/Desktop/Toolchain/Output/bin/../lib/gcc/i386-banana/8.1.0/crtbegin.o
 *fill*         0x00000000c0000145        0xb 
 .text          0x00000000c0000150      0x41f D:/Users/Alex/Desktop/Banana/kernel/morenasm.32
                0x00000000c0000150                doTPAUSE
                0x00000000c000015a                hasLegacyFPU
                0x00000000c000017f                is486
                0x00000000c00001b5                goToVM86
                0x00000000c00001e6                goToUsermode
                0x00000000c0000211                switchToThreadASMFirstTime
                0x00000000c000021f                switchToThreadASM
                0x00000000c00002bf                detectCPUID
                0x00000000c00002d5                asmQuickAcquireLock
                0x00000000c00002f3                asmQuickReleaseLock
                0x00000000c00002ff                asmAcquireLock
                0x00000000c0000320                asmReleaseLock
                0x00000000c0000333                loadGDT
                0x00000000c0000353                isr0
                0x00000000c0000363                isr1
                0x00000000c000036d                isr2
                0x00000000c0000377                isr3
                0x00000000c0000381                isr4
                0x00000000c000038b                isr5
                0x00000000c0000395                isr6
                0x00000000c000039f                isr7
                0x00000000c00003a9                isr8
                0x00000000c00003b1                isr9
                0x00000000c00003bb                isr10
                0x00000000c00003c3                isr11
                0x00000000c00003cb                isr12
                0x00000000c00003d3                isr13
                0x00000000c00003db                isr14
                0x00000000c00003e3                isr15
                0x00000000c00003ed                isr16
                0x00000000c00003f7                isr17
                0x00000000c0000401                isr18
                0x00000000c000040b                isr96
                0x00000000c0000415                irq0
                0x00000000c000041f                irq1
                0x00000000c0000429                irq2
                0x00000000c0000433                irq3
                0x00000000c000043d                irq4
                0x00000000c0000447                irq5
                0x00000000c0000451                irq6
                0x00000000c000045b                irq7
                0x00000000c0000465                irq8
                0x00000000c000046f                irq9
                0x00000000c0000479                irq10
                0x00000000c0000483                irq11
                0x00000000c000048d                irq12
                0x00000000c0000497                irq13
                0x00000000c00004a1                irq14
                0x00000000c00004ab                irq15
                0x00000000c00004b5                irq16
                0x00000000c00004bf                irq17
                0x00000000c00004c9                irq18
                0x00000000c00004d3                irq19
                0x00000000c00004dd                irq20
                0x00000000c00004e7                irq21
                0x00000000c00004f1                irq22
                0x00000000c00004fb                irq23
                0x00000000c0000505                int_common_stub
                0x00000000c0000535                syscall_common_stub
 .text          0x00000000c000056f      0x40f acpica/utclib.32
                0x00000000c000056f                memcmp
                0x00000000c000059a                memmove
                0x00000000c00005d2                memcpy
                0x00000000c0000608                memset
                0x00000000c0000625                strlen
                0x00000000c0000635                strpbrk
                0x00000000c0000658                strtok
                0x00000000c00006a7                strcpy
                0x00000000c00006c7                strncpy
                0x00000000c00006f8                strcmp
                0x00000000c0000719                strchr
                0x00000000c000072f                strncmp
                0x00000000c000075e                strcat
                0x00000000c0000785                strncat
                0x00000000c00007bf                strstr
                0x00000000c00007fc                toupper
                0x00000000c0000810                tolower
                0x00000000c0000824                simple_strtoul
 .text          0x00000000c000097e      0xfbf core/malloc.32
                0x00000000c0000ae9                dlfree
                0x00000000c0000e44                dlmalloc
                0x00000000c0001381                dlrealloc
                0x00000000c0001536                dlmemalign
                0x00000000c0001659                dlcalloc
                0x00000000c00016f3                dlcfree
                0x00000000c00016f8                dlindependent_calloc
                0x00000000c000171d                dlindependent_comalloc
                0x00000000c0001734                dlvalloc
                0x00000000c000175f                dlpvalloc
                0x00000000c0001795                dlmalloc_trim
                0x00000000c00017a2                dlmalloc_usable_size
                0x00000000c00017d3                dlmallinfo
                0x00000000c00018a2                dlmalloc_stats
                0x00000000c00018b3                dlmallopt
 .text          0x00000000c000193d        0x0 libk/string.32
 .text          0x00000000c000193d       0x51 fs/fat/diskio.32
                0x00000000c000193d                disk_status
                0x00000000c0001940                disk_initialize
                0x00000000c0001943                disk_read
                0x00000000c0001959                disk_write
                0x00000000c000196f                disk_ioctl
 .text          0x00000000c000198e     0x6833 fs/fat/ff.32
                0x00000000c0004c5c                f_mount
                0x00000000c0004cbe                f_open
                0x00000000c00050fa                f_read
                0x00000000c000537a                f_write
                0x00000000c0005634                f_sync
                0x00000000c0005810                f_close
                0x00000000c000583f                f_lseek
                0x00000000c0005cf6                f_opendir
                0x00000000c0005df8                f_closedir
                0x00000000c0005e1a                f_readdir
                0x00000000c0005eb5                f_stat
                0x00000000c0005f44                f_getfree
                0x00000000c000610f                f_truncate
                0x00000000c0006207                f_unlink
                0x00000000c000638a                f_mkdir
                0x00000000c00065b6                f_rename
                0x00000000c00068a9                f_chmod
                0x00000000c0006987                f_utime
                0x00000000c0006a65                f_getlabel
                0x00000000c0006c53                f_setlabel
                0x00000000c0006ec0                f_forward
                0x00000000c000709e                f_mkfs
 .text          0x00000000c00081c1       0x2d fs/fat/ffsystem.32
                0x00000000c00081c1                ff_memalloc
                0x00000000c00081d7                ff_memfree
 .text          0x00000000c00081ee      0x253 fs/fat/ffunicode.32
                0x00000000c00081ee                ff_uni2oem
                0x00000000c000827e                ff_oem2uni
                0x00000000c00082ea                ff_wtoupper
 .text          0x00000000c0008441      0x70e hal/libresample/samplerate.32
                0x00000000c00084c9                src_delete
                0x00000000c0008505                src_process
                0x00000000c000862d                src_callback_read
                0x00000000c000878e                src_set_ratio
                0x00000000c00087e5                src_get_channels
                0x00000000c0008807                src_reset
                0x00000000c000884b                src_new
                0x00000000c00088d9                src_callback_new
                0x00000000c000893b                src_get_name
                0x00000000c0008972                src_get_description
                0x00000000c00089a9                src_get_version
                0x00000000c00089af                src_is_valid_ratio
                0x00000000c00089c9                src_error
                0x00000000c00089d7                src_strerror
                0x00000000c00089ea                src_simple
                0x00000000c0008a3d                src_short_to_float_array
                0x00000000c0008a63                src_float_to_short_array
                0x00000000c0008ac7                src_int_to_float_array
                0x00000000c0008aed                src_float_to_int_array
 .text          0x00000000c0008b4f      0x3fd hal/libresample/src_linear.32
                0x00000000c0008ea7                linear_get_name
                0x00000000c0008eb6                linear_get_description
                0x00000000c0008ec5                linear_set_converter
 .text          0x00000000c0008f4c     0x1a3f hal/libresample/src_sinc.32
                0x00000000c000a8a2                sinc_get_name
                0x00000000c000a8b5                sinc_get_description
                0x00000000c000a8c8                sinc_set_converter
 .text          0x00000000c000a98b      0x3d3 hal/libresample/src_zoh.32
                0x00000000c000acb9                zoh_get_name
                0x00000000c000acc8                zoh_get_description
                0x00000000c000acd7                zoh_set_converter
 .text          0x00000000c000ad5e      0x695 core/computer.32
                0x00000000c000ad5e                Computer::close(int, int, void*)
                0x00000000c000ada2                Computer::Computer()
                0x00000000c000ada2                Computer::Computer()
                0x00000000c000aefe                Computer::setBootMessage(char const*)
                0x00000000c000af00                Computer::start()
                0x00000000c000afdc                firstTask()
                0x00000000c000afea                Computer::detectFeatures()
                0x00000000c000b1c4                Computer::displayFeatures()
                0x00000000c000b1c6                Computer::rdmsr(unsigned int)
                0x00000000c000b1f2                Computer::wrmsr(unsigned int, unsigned long long)
                0x00000000c000b22a                Computer::nmiEnabled()
                0x00000000c000b236                Computer::readCMOS(unsigned char)
                0x00000000c000b250                Computer::enableNMI(bool)
                0x00000000c000b268                Computer::open(int, int, void*)
                0x00000000c000b336                Computer::disableNMI()
                0x00000000c000b344                Computer::writeCMOS(unsigned char, unsigned char)
                0x00000000c000b362                Computer::handleNMI()
                0x00000000c000b3c8                Computer::setDiskActivityLight(int, bool)
 *fill*         0x00000000c000b3f3        0x1 
 .text          0x00000000c000b3f4      0x1b7 core/gdt.32
                0x00000000c000b3f4                GDTEntry::setBase(unsigned int)
                0x00000000c000b410                GDTEntry::setLimit(unsigned int)
                0x00000000c000b42e                GDT::GDT()
                0x00000000c000b42e                GDT::GDT()
                0x00000000c000b444                GDT::addEntry(GDTEntry)
                0x00000000c000b480                GDT::getNumberOfEntries()
                0x00000000c000b488                GDT::flush()
                0x00000000c000b4aa                GDT::setup()
 .text          0x00000000c000b5ab       0x61 core/idle.32
                0x00000000c000b5ab                idleFunction(void*)
 .text          0x00000000c000b60c      0x45f core/idt.32
                0x00000000c000b60c                IDTEntry::IDTEntry(bool)
                0x00000000c000b60c                IDTEntry::IDTEntry(bool)
                0x00000000c000b67a                IDTEntry::setOffset(unsigned int)
                0x00000000c000b68e                IDT::IDT()
                0x00000000c000b68e                IDT::IDT()
                0x00000000c000b690                IDT::getPointerToInvalidOpcodeEntryForF00F()
                0x00000000c000b698                IDT::addEntry(IDTEntry, int)
                0x00000000c000b6b2                IDT::addEntry(int, void (*)(), bool)
                0x00000000c000b6ea                IDT::flush()
                0x00000000c000b704                IDT::setup()
 .text          0x00000000c000ba6b      0x20d core/kheap.32
                0x00000000c000ba6b                sbrk
                0x00000000c000bb83                mmap
                0x00000000c000bb99                munmap
                0x00000000c000bbaf                liballoc_lock()
                0x00000000c000bbc0                liballoc_unlock()
                0x00000000c000bbd1                liballoc_alloc(int)
                0x00000000c000bbec                liballoc_free(void*, int)
                0x00000000c000bc0a                realloc
                0x00000000c000bc1e                malloc
                0x00000000c000bc2e                free
                0x00000000c000bc3e                rfree
                0x00000000c000bc4e                calloc
 .text          0x00000000c000bc78      0x38d core/main.32
                0x00000000c000bc78                hwTextMode_loadInData(VgaText*)
                0x00000000c000bcbd                hwTextMode_loadInTitle(VgaText*, char*)
                0x00000000c000bcff                hwTextMode_showCursor(VgaText*, bool)
                0x00000000c000bd53                hwTextMode_update(VgaText*)
                0x00000000c000bd54                hwTextMode_updateCursor(VgaText*)
                0x00000000c000bd9c                hwTextMode_disableBlink(VgaText*, bool)
                0x00000000c000bdd8                hwTextMode_scrollScreen(VgaText*)
                0x00000000c000be5e                hwTextMode_writeCharacter(VgaText*, char, VgaColour, VgaColour, int, int)
                0x00000000c000bebc                setupTextMode()
                0x00000000c000bf0d                kernel_main
 .text          0x00000000c000c005      0x46c core/physmgr.32
                0x00000000c000c005                Phys::allocateDMA(unsigned long)
                0x00000000c000c0a8                Phys::freeDMA(unsigned long, unsigned long)
                0x00000000c000c0f0                Phys::setPageState(unsigned long, bool)
                0x00000000c000c122                Phys::getPageState(unsigned long)
                0x00000000c000c13e                Phys::freePage(unsigned long)
                0x00000000c000c1c8                Phys::allocatePage()
                0x00000000c000c284                Phys::allowSegmentToBeUsed(unsigned long, unsigned long)
                0x00000000c000c2bc                Phys::physicalMemorySetup(unsigned int)
 *fill*         0x00000000c000c471        0x1 
 .text          0x00000000c000c472      0x273 core/pipe.32
                0x00000000c000c472                Pipe::isAtty()
                0x00000000c000c476                Pipe::~Pipe()
                0x00000000c000c476                Pipe::~Pipe()
                0x00000000c000c49a                Pipe::~Pipe()
                0x00000000c000c4c2                Pipe::read(unsigned long long, void*, int*)
                0x00000000c000c5b6                Pipe::write(unsigned long long, void*, int*)
                0x00000000c000c67e                Pipe::Pipe(int)
                0x00000000c000c67e                Pipe::Pipe(int)
 *fill*         0x00000000c000c6e5        0x1 
 .text          0x00000000c000c6e6      0xf65 core/terminal.32
                0x00000000c000c6e6                VgaText::isAtty()
                0x00000000c000c6ea                VgaText::~VgaText()
                0x00000000c000c6ea                VgaText::~VgaText()
                0x00000000c000c70e                VgaText::~VgaText()
                0x00000000c000c738                VgaText::read(unsigned long long, void*, int*)
                0x00000000c000c758                setTerminalScrollLock(bool)
                0x00000000c000c759                addToTerminalCycle(VgaText*)
                0x00000000c000c786                installVgaTextImplementation()
                0x00000000c000c79b                scrollTerminalScrollLock(int)
                0x00000000c000c79c                VgaText::load()
                0x00000000c000c7f0                VgaText::updateCursor()
                0x00000000c000c80a                VgaText::showCursor(bool)
                0x00000000c000c81a                VgaText::disableBlink(bool)
                0x00000000c000c854                VgaText::doANSI_SGR(int)
                0x00000000c000c8e0                VgaText::setDefaultBgColour(VgaColour)
                0x00000000c000c8f6                VgaText::setDefaultFgColour(VgaColour)
                0x00000000c000c90c                VgaText::setDefaultColours(VgaColour, VgaColour)
                0x00000000c000c92c                VgaText::combineColours(unsigned char, unsigned char)
                0x00000000c000c93e                VgaText::scrollScreen()
                0x00000000c000c9d2                VgaText::combineCharAndColour(char, unsigned char)
                0x00000000c000c9e4                VgaText::writeCharacter(char, VgaColour, VgaColour, int, int)
                0x00000000c000ca44                VgaText::getCursorX()
                0x00000000c000ca50                VgaText::getCursorY()
                0x00000000c000ca5c                VgaText::setCursor(int, int)
                0x00000000c000ca7a                VgaText::setCursorX(int)
                0x00000000c000ca96                VgaText::setCursorY(int)
                0x00000000c000cab2                VgaText::incrementCursor(bool)
                0x00000000c000cb1a                VgaText::updateRAMUsageDisplay(int)
                0x00000000c000cb74                VgaText::updateDiskUsage()
                0x00000000c000ccda                VgaText::updateTitle()
                0x00000000c000cd20                VgaText::setTitleTextColour(VgaColour)
                0x00000000c000cd30                VgaText::setTitleColour(VgaColour)
                0x00000000c000cd40                VgaText::setTitle(char*)
                0x00000000c000cd66                VgaText::decrementCursor(bool)
                0x00000000c000cd8e                VgaText::putchar(char, VgaColour, VgaColour)
                0x00000000c000ce8a                VgaText::isShowingCursor()
                0x00000000c000ce96                VgaText::isBlinkDisabled()
                0x00000000c000cea4                VgaText::setCursorHeight(int)
                0x00000000c000cec2                VgaText::getCursorHeight()
                0x00000000c000cecd                setActiveTerminal(VgaText*)
                0x00000000c000cf7f                doTerminalCycle()
                0x00000000c000cf9c                VgaText::doUpdate()
                0x00000000c000cfae                VgaText::puts(char const*, VgaColour, VgaColour)
                0x00000000c000d16e                VgaText::clearScreen()
                0x00000000c000d1d2                VgaText::putchar(char)
                0x00000000c000d2ec                VgaText::puts(char const*)
                0x00000000c000d312                VgaText::putx(unsigned int)
                0x00000000c000d358                VgaText::VgaText(char const*)
                0x00000000c000d358                VgaText::VgaText(char const*)
                0x00000000c000d4ea                VgaText::receiveKey(unsigned char)
                0x00000000c000d5d2                VgaText::write(unsigned long long, void*, int*)
                0x00000000c000d626                newTerminal(char*)
 *fill*         0x00000000c000d64b        0x1 
 .text          0x00000000c000d64c      0x18f core/tss.32
                0x00000000c000d64c                TSS::TSS()
                0x00000000c000d64c                TSS::TSS()
                0x00000000c000d65a                TSS::setESP(unsigned long)
                0x00000000c000d66c                TSS::flush()
                0x00000000c000d68c                TSS::setup(unsigned long, unsigned long)
 *fill*         0x00000000c000d7db        0x1 
 .text          0x00000000c000d7dc      0x4ee core/unixfile.32
                0x00000000c000d7dc                ReservedFilename::isAtty()
                0x00000000c000d7f8                ReservedFilename::read(unsigned long long, void*, int*)
                0x00000000c000d88e                ReservedFilename::write(unsigned long long, void*, int*)
                0x00000000c000d928                UnixFile::getFileDescriptor()
                0x00000000c000d930                UnixFile::UnixFile(int)
                0x00000000c000d930                UnixFile::UnixFile(int)
                0x00000000c000daa0                ReservedFilename::ReservedFilename(int)
                0x00000000c000daa0                ReservedFilename::ReservedFilename(int)
                0x00000000c000dac8                UnixFile::~UnixFile()
                0x00000000c000dac8                UnixFile::~UnixFile()
                0x00000000c000db60                UnixFile::~UnixFile()
                0x00000000c000db88                ReservedFilename::~ReservedFilename()
                0x00000000c000db88                ReservedFilename::~ReservedFilename()
                0x00000000c000dbac                ReservedFilename::~ReservedFilename()
                0x00000000c000dbd3                getFromFileDescriptor(int)
 .text          0x00000000c000dcca     0x1175 core/virtmgr.32
                0x00000000c000dcca                Virt::setPageState(unsigned long, Virt::VirtPageState)
                0x00000000c000dcff                Virt::getPageState(unsigned long)
                0x00000000c000dd23                Virt::allocateKernelVirtualPages(int)
                0x00000000c000de34                Virt::virtualMemorySetup()
                0x00000000c000deb3                Virt::getAKernelVAS()
                0x00000000c000deb9                Virt::setupPageSwapping(int)
                0x00000000c000dfde                VAS::VAS()
                0x00000000c000dfde                VAS::VAS()
                0x00000000c000e00e                VAS::getForeignPageTableEntry(bool, unsigned long)
                0x00000000c000e03a                VAS::getPageTableEntry(unsigned long)
                0x00000000c000e059                Virt::freeKernelVirtualPages(unsigned long)
                0x00000000c000e17c                VAS::freeAllocatedPages(unsigned long)
                0x00000000c000e1a0                VAS::virtualToPhysical(unsigned long)
                0x00000000c000e1b8                VAS::mapOtherVASIn(bool, VAS*)
                0x00000000c000e1ee                VAS::~VAS()
                0x00000000c000e1ee                VAS::~VAS()
                0x00000000c000e35a                VAS::mapPage(unsigned long, unsigned long, int)
                0x00000000c000e45a                VAS::allocatePages(int, int)
                0x00000000c000e62a                VAS::setCPUSpecific(unsigned long)
                0x00000000c000e646                VAS::mapRange(unsigned long, unsigned long, int, int)
                0x00000000c000e710                VAS::VAS(VAS*)
                0x00000000c000e710                VAS::VAS(VAS*)
                0x00000000c000ea5a                VAS::mapForeignPage(bool, VAS*, unsigned long, unsigned long, int)
                0x00000000c000eb48                VAS::VAS(bool)
                0x00000000c000eb48                VAS::VAS(bool)
                0x00000000c000ed78                mapVASFirstTime
 .text          0x00000000c000ee3f       0x93 coreobjs/c++.32
                0x00000000c000ee3f                __cxa_atexit
                0x00000000c000ee42                __cxa_finalize
                0x00000000c000ee43                __stack_chk_fail
                0x00000000c000eea3                __cxa_pure_virtual
                0x00000000c000eeb4                operator new(unsigned long)
                0x00000000c000eeb9                operator new[](unsigned long)
                0x00000000c000eebe                operator delete(void*)
                0x00000000c000eec3                operator delete(void*, unsigned long)
                0x00000000c000eec8                operator delete[](void*)
                0x00000000c000eecd                operator delete[](void*, unsigned long)
 .text          0x00000000c000eed2      0x1ef dbg/kconsole.32
                0x00000000c000eed2                Dbg::stringifyxWithBase(unsigned int, char*, int)
                0x00000000c000ef33                Dbg::logc(char)
                0x00000000c000ef4a                Dbg::logs(char*)
                0x00000000c000ef67                Dbg::logWriteInt(unsigned int)
                0x00000000c000ef84                Dbg::logWriteIntBase(unsigned int, int)
                0x00000000c000efa3                Dbg::kprintf(char const*, ...)
 *fill*         0x00000000c000f0c1        0x1 
 .text          0x00000000c000f0c2      0xb68 fs/vfs.32
                0x00000000c000f0c2                File::read(unsigned long long, void*, int*)
                0x00000000c000f11a                File::write(unsigned long long, void*, int*)
                0x00000000c000f172                Directory::read(unsigned long long, void*, int*)
                0x00000000c000f1ca                Directory::write(unsigned long long, void*, int*)
                0x00000000c000f1f8                File::isAtty()
                0x00000000c000f1fc                Directory::isAtty()
                0x00000000c000f200                Filesystem::getlabel(LogicalDisk*, int, char*, unsigned int*)
                0x00000000c000f206                Filesystem::setlabel(LogicalDisk*, int, char*)
                0x00000000c000f20c                File::~File()
                0x00000000c000f20c                File::~File()
                0x00000000c000f230                File::~File()
                0x00000000c000f25a                Directory::~Directory()
                0x00000000c000f25a                Directory::~Directory()
                0x00000000c000f27e                Directory::~Directory()
                0x00000000c000f2a8                Filesystem::Filesystem()
                0x00000000c000f2a8                Filesystem::Filesystem()
                0x00000000c000f2cc                Filesystem::~Filesystem()
                0x00000000c000f2cc                Filesystem::~Filesystem()
                0x00000000c000f2da                Filesystem::~Filesystem()
                0x00000000c000f2fe                initVFS()
                0x00000000c000f328                standardiseFiles(char*, char const*, char const*)
                0x00000000c000f4d2                File::File(char const*, Process*)
                0x00000000c000f4d2                File::File(char const*, Process*)
                0x00000000c000f536                File::open(FileOpenMode)
                0x00000000c000f594                File::close()
                0x00000000c000f5f4                File::seek(unsigned long long)
                0x00000000c000f64a                File::tell(unsigned long long*)
                0x00000000c000f69a                File::rewind()
                0x00000000c000f6ae                File::unlink()
                0x00000000c000f6fa                File::rename(char const*)
                0x00000000c000f748                File::chfatattr(unsigned char, unsigned char)
                0x00000000c000f7a4                File::exists()
                0x00000000c000f7e2                File::stat(unsigned long long*, bool*)
                0x00000000c000f843                getcwd(Process*, char*, int)
                0x00000000c000f86d                setcwd(Process*, char*)
                0x00000000c000f994                Directory::Directory(char const*, Process*)
                0x00000000c000f994                Directory::Directory(char const*, Process*)
                0x00000000c000f9f8                Directory::open()
                0x00000000c000fa54                Directory::close()
                0x00000000c000fab4                Directory::unlink()
                0x00000000c000fb00                Directory::rename(char const*)
                0x00000000c000fb4e                Directory::exists()
                0x00000000c000fb8c                Directory::read(dirent*)
                0x00000000c000fbd8                Directory::create()
                0x00000000c000fc24                Filesystem::chfatattr(char const*, unsigned char, unsigned char)
 .text          0x00000000c000fc2a       0x84 hal/bus.32
                0x00000000c000fc2a                Bus::Bus(char const*)
                0x00000000c000fc2a                Bus::Bus(char const*)
                0x00000000c000fc60                Bus::~Bus()
                0x00000000c000fc60                Bus::~Bus()
                0x00000000c000fc84                Bus::~Bus()
 .text          0x00000000c000fcae      0x14e hal/buzzer.32
                0x00000000c000fcae                Buzzer::Buzzer(char const*)
                0x00000000c000fcae                Buzzer::Buzzer(char const*)
                0x00000000c000fcf2                Buzzer::~Buzzer()
                0x00000000c000fcf2                Buzzer::~Buzzer()
                0x00000000c000fd16                Buzzer::~Buzzer()
                0x00000000c000fd40                Buzzer::stop()
                0x00000000c000fd53                beepThread(void*)
                0x00000000c000fd8e                Buzzer::beep(int, int, bool)
 .text          0x00000000c000fdfc      0x42f hal/clock.32
                0x00000000c000fdfc                loadClockSettings()
                0x00000000c000fe16                Clock::Clock(char const*)
                0x00000000c000fe16                Clock::Clock(char const*)
                0x00000000c000fe4c                Clock::~Clock()
                0x00000000c000fe4c                Clock::~Clock()
                0x00000000c000fe70                Clock::~Clock()
                0x00000000c000fe9a                Clock::timeInSecondsLocal()
                0x00000000c000fee2                Clock::setTimeInSecondsLocal(unsigned long long)
                0x00000000c000ff3b                datetimeToSeconds(datetime_t)
                0x00000000c0010062                Clock::setTimeInDatetimeLocal(datetime_t)
                0x00000000c00100c2                secondsToDatetime(unsigned long long)
                0x00000000c0010206                Clock::timeInDatetimeLocal()
 *fill*         0x00000000c001022b        0x1 
 .text          0x00000000c001022c      0x504 hal/device.32
                0x00000000c001022c                Device::hibernate()
                0x00000000c001022e                Device::wake()
                0x00000000c0010230                Device::detect()
                0x00000000c0010232                Device::disableLegacy()
                0x00000000c0010234                Device::powerSaving(PowerSavingLevel)
                0x00000000c0010236                DriverlessDevice::close(int, int, void*)
                0x00000000c001023a                DriverlessDevice::detect()
                0x00000000c001023c                DriverlessDevice::open(int, int, void*)
                0x00000000c0010250                Device::~Device()
                0x00000000c0010250                Device::~Device()
                0x00000000c001025e                Device::~Device()
                0x00000000c0010286                Device::findAndLoadDriver()
                0x00000000c0010288                Device::preOpenPCI(PCIDeviceInfo)
                0x00000000c00102ae                Device::preOpenACPI(void*, char*, char*)
                0x00000000c0010302                Device::addIRQHandler(int, void (*)(regs*, void*), bool, void*)
                0x00000000c0010360                Device::removeIRQHandler(int, void (*)(regs*, void*), bool)
                0x00000000c00103ae                Device::addChild(Device*)
                0x00000000c00103f2                Device::removeAllChildren()
                0x00000000c0010438                Device::hibernateAll()
                0x00000000c0010468                Device::wakeAll()
                0x00000000c0010498                Device::detectAll()
                0x00000000c00104c8                Device::disableLegacyAll()
                0x00000000c00104f8                Device::loadDriversForAll()
                0x00000000c0010524                Device::closeAll()
                0x00000000c001055a                Device::powerSavingAll(PowerSavingLevel)
                0x00000000c0010590                Device::setName(char const*)
                0x00000000c001059e                Device::Device(char const*)
                0x00000000c001059e                Device::Device(char const*)
                0x00000000c0010690                Device::getName()
                0x00000000c001069a                DriverlessDevice::DriverlessDevice(char const*)
                0x00000000c001069a                DriverlessDevice::DriverlessDevice(char const*)
                0x00000000c00106c2                Device::addToLinkedList(LinkedList<Device>&, DeviceType)
                0x00000000c0010706                getDevicesOfType(DeviceType)
 .text          0x00000000c0010730       0x84 hal/diskctrl.32
                0x00000000c0010730                HardDiskController::HardDiskController(char const*)
                0x00000000c0010730                HardDiskController::HardDiskController(char const*)
                0x00000000c0010766                HardDiskController::~HardDiskController()
                0x00000000c0010766                HardDiskController::~HardDiskController()
                0x00000000c001078a                HardDiskController::~HardDiskController()
 .text          0x00000000c00107b4       0xde hal/diskphys.32
                0x00000000c00107b4                PhysicalDisk::PhysicalDisk(char const*, int)
                0x00000000c00107b4                PhysicalDisk::PhysicalDisk(char const*, int)
                0x00000000c001081c                PhysicalDisk::startCache()
                0x00000000c0010844                PhysicalDisk::~PhysicalDisk()
                0x00000000c0010844                PhysicalDisk::~PhysicalDisk()
                0x00000000c0010868                PhysicalDisk::~PhysicalDisk()
 .text          0x00000000c0010892      0x142 hal/fpu.32
                0x00000000c0010892                FPU::FPU(char const*)
                0x00000000c0010892                FPU::FPU(char const*)
                0x00000000c00108c8                FPU::~FPU()
                0x00000000c00108c8                FPU::~FPU()
                0x00000000c00108ec                FPU::~FPU()
                0x00000000c0010916                setupFPU()
 .text          0x00000000c00109d4      0xc21 hal/intctrl.32
                0x00000000c00109d4                InterruptController::uninstallISRHandler(int, void (*)(regs*, void*))
                0x00000000c0010a0c                InterruptController::installISRHandler(int, void (*)(regs*, void*), void*)
                0x00000000c0010a5e                doubleFault(regs*, void*)
                0x00000000c0010a6c                InterruptController::installIRQHandler(int, void (*)(regs*, void*), bool, void*)
                0x00000000c0010b08                InterruptController::clearAllHandlers(int, bool)
                0x00000000c0010bb0                InterruptController::uninstallIRQHandler(int, void (*)(regs*, void*), bool)
                0x00000000c0010c37                nmiHandler(regs*, void*)
                0x00000000c0010c45                int_handler
                0x00000000c0010ce0                InterruptController::InterruptController(char const*)
                0x00000000c0010ce0                InterruptController::InterruptController(char const*)
                0x00000000c0010d86                InterruptController::~InterruptController()
                0x00000000c0010d86                InterruptController::~InterruptController()
                0x00000000c0010daa                InterruptController::~InterruptController()
                0x00000000c0010dd4                displayDebugInfo(regs*)
                0x00000000c00111eb                x87EmulHandler(regs*, void*)
                0x00000000c001124e                gpFault(regs*, void*)
                0x00000000c0011287                pgFault(regs*, void*)
                0x00000000c001129e                otherISRHandler(regs*, void*)
                0x00000000c00112bd                opcodeFault(regs*, void*)
                0x00000000c0011327                displayProgramFault(char const*)
                0x00000000c0011350                InterruptController::convertLegacyIRQNumber(int)
                0x00000000c001139a                setupInterruptController()
 *fill*         0x00000000c00115f5        0x1 
 .text          0x00000000c00115f6      0x608 hal/keybrd.32
                0x00000000c00115f6                startGUI(void*)
                0x00000000c0011668                sendKeyToTerminal(unsigned char)
                0x00000000c00116d4                sendKeyboardToken(KeyboardToken)
                0x00000000c0011aaf                clearInternalKeybuffer(VgaText*)
                0x00000000c0011ae4                readKeyboard(VgaText*, char*, unsigned long)
                0x00000000c0011b74                Keyboard::Keyboard(char const*)
                0x00000000c0011b74                Keyboard::Keyboard(char const*)
                0x00000000c0011bb0                Keyboard::~Keyboard()
                0x00000000c0011bb0                Keyboard::~Keyboard()
                0x00000000c0011bd4                Keyboard::~Keyboard()
 .text          0x00000000c0011bfe      0x400 hal/logidisk.32
                0x00000000c0011bfe                LogicalDisk::close(int, int, void*)
                0x00000000c0011c02                LogicalDisk::~LogicalDisk()
                0x00000000c0011c02                LogicalDisk::~LogicalDisk()
                0x00000000c0011c26                LogicalDisk::~LogicalDisk()
                0x00000000c0011c50                LogicalDisk::open(int, int, void*)
                0x00000000c0011c64                LogicalDisk::absoluteToRelative(unsigned long long)
                0x00000000c0011c9c                LogicalDisk::relativeToAbsolute(unsigned long long)
                0x00000000c0011ce2                LogicalDisk::LogicalDisk(char const*, PhysicalDisk*, unsigned long long, unsigned long long)
                0x00000000c0011ce2                LogicalDisk::LogicalDisk(char const*, PhysicalDisk*, unsigned long long, unsigned long long)
                0x00000000c0011d98                LogicalDisk::assignDriveLetter()
                0x00000000c0011e4e                LogicalDisk::mount()
                0x00000000c0011ec0                LogicalDisk::unmount()
                0x00000000c0011ed0                LogicalDisk::unassignDriveLetter()
                0x00000000c0011f26                LogicalDisk::read(unsigned long long, int, void*)
                0x00000000c0011f92                LogicalDisk::write(unsigned long long, int, void*)
 .text          0x00000000c0011ffe       0x84 hal/mouse.32
                0x00000000c0011ffe                Mouse::Mouse(char const*)
                0x00000000c0011ffe                Mouse::Mouse(char const*)
                0x00000000c0012034                Mouse::~Mouse()
                0x00000000c0012034                Mouse::~Mouse()
                0x00000000c0012058                Mouse::~Mouse()
 .text          0x00000000c0012082      0x339 hal/partition.32
                0x00000000c0012082                makePartition(PhysicalDisk*, unsigned long long, unsigned long long)
                0x00000000c001212a                createPartitionsForDisk(PhysicalDisk*)
 *fill*         0x00000000c00123bb        0x1 
 .text          0x00000000c00123bc      0x2e7 hal/timer.32
                0x00000000c00123bc                Timer::Timer(char const*)
                0x00000000c00123bc                Timer::Timer(char const*)
                0x00000000c00123f2                Timer::~Timer()
                0x00000000c00123f2                Timer::~Timer()
                0x00000000c0012416                Timer::~Timer()
                0x00000000c0012440                Timer::read()
                0x00000000c001244b                timerHandler(unsigned long long)
                0x00000000c0012582                setupTimer(int)
 *fill*         0x00000000c00126a3        0x1 
 .text          0x00000000c00126a4      0x2d1 hal/vcache.32
                0x00000000c00126a4                VCache::VCache(PhysicalDisk*)
                0x00000000c00126a4                VCache::VCache(PhysicalDisk*)
                0x00000000c0012794                VCache::writeWriteBuffer()
                0x00000000c00127d0                VCache::~VCache()
                0x00000000c00127d0                VCache::~VCache()
                0x00000000c0012810                VCache::~VCache()
                0x00000000c0012838                VCache::write(unsigned long long, int, void*)
                0x00000000c001291c                VCache::read(unsigned long long, int, void*)
 *fill*         0x00000000c0012975        0x1 
 .text          0x00000000c0012976      0x26d hal/video.32
                0x00000000c0012976                Video::putrect(int, int, int, int, unsigned int)
                0x00000000c00129c0                Video::blit(unsigned int*, int, int, int, int)
                0x00000000c0012a3e                Video::clearScreen(unsigned int)
                0x00000000c0012a72                Video::putpixel(int, int, unsigned int)
                0x00000000c0012a80                Video::Video(char const*)
                0x00000000c0012a80                Video::Video(char const*)
                0x00000000c0012ab6                Video::~Video()
                0x00000000c0012ab6                Video::~Video()
                0x00000000c0012ada                Video::~Video()
                0x00000000c0012b04                Video::isMonochrome()
                0x00000000c0012b10                Video::getWidth()
                0x00000000c0012b1c                Video::getHeight()
                0x00000000c0012b28                Video::drawCursor(int, int, unsigned char*, int)
 *fill*         0x00000000c0012be3        0x1 
 .text          0x00000000c0012be4      0xd28 hw/acpi.32
                0x00000000c0012be4                ACPI::close(int, int, void*)
                0x00000000c0012c99                findRSDP()
                0x00000000c0012d23                loadACPITables(unsigned char*)
                0x00000000c0012f4a                findRSDT(unsigned char*)
                0x00000000c0013068                findDataTable(unsigned char*, char*)
                0x00000000c0013104                scanMADT()
                0x00000000c0013498                ACPI::ACPI()
                0x00000000c0013498                ACPI::ACPI()
                0x00000000c00134f8                ACPI::getPCIIRQAssignment(unsigned char, unsigned short, unsigned char)
                0x00000000c00135da                ACPI::registerPCIIRQAssignment(void*, unsigned short, unsigned char, unsigned char)
                0x00000000c00136e0                ACPI::setScreenBrightnessLevel(void*, int)
                0x00000000c00136e6                ACPI::writeSimpleBootFlag(SimpleBootFlagTable*)
                0x00000000c001372e                ACPI::open(int, int, void*)
                0x00000000c00138f4                ACPI::sleep()
 .text          0x00000000c001390c     0x132c hw/cpu.32
                0x00000000c001390c                CPU::close(int, int, void*)
                0x00000000c001390f                lookupAMDCPUName(unsigned char, unsigned char)
                0x00000000c0013aa3                lookupIntelCPUName(unsigned char, unsigned char)
                0x00000000c0013d51                AMD_K6_write_msr(unsigned int, unsigned int, unsigned int, REGS*)
                0x00000000c0013d6d                AMD_K6_read_msr(unsigned int, REGS*)
                0x00000000c0013d85                AMD_K6_writeback(int, int, int)
                0x00000000c0013df8                cpuid(int, unsigned long*, unsigned long*, unsigned long*, unsigned long*)
                0x00000000c0013e7b                cpuidCheckEDX(unsigned int)
                0x00000000c0013ea8                cpuidCheckECX(unsigned int)
                0x00000000c0013ed5                cpuidCheckExtendedEBX(unsigned int)
                0x00000000c0013f02                cpuidCheckExtendedECX(unsigned int)
                0x00000000c0013f2f                getCPUNumber()
                0x00000000c0013f32                thisCPU()
                0x00000000c0013f46                CPU::CPU()
                0x00000000c0013f46                CPU::CPU()
                0x00000000c0013fd4                CPU::displayFeatures()
                0x00000000c0013fd6                CPU::detectFeatures()
                0x00000000c00149c8                CPU::setupSMEP()
                0x00000000c00149e2                CPU::setupUMIP()
                0x00000000c00149fa                CPU::setupTSC()
                0x00000000c0014a12                CPU::setupLargePages()
                0x00000000c0014a2a                CPU::setupPAT()
                0x00000000c0014a66                CPU::setupMTRR()
                0x00000000c0014a68                CPU::setupGlobalPages()
                0x00000000c0014a7e                CPU::allowUsermodeDataAccess()
                0x00000000c0014a90                CPU::prohibitUsermodeDataAccess()
                0x00000000c0014aa2                CPU::setupSMAP()
                0x00000000c0014ac8                CPU::setupFeatures()
                0x00000000c0014b6a                CPU::open(int, int, void*)
 .text          0x00000000c0014c38        0x0 hw/ports.32
 .text          0x00000000c0014c38      0x32c krnl/panic.32
                0x00000000c0014c38                Krnl::panic(char const*)
 .text          0x00000000c0014f64      0x503 reg/registry.32
                0x00000000c0014f64                Reg::findLineFromLoadedData(char*, char*, char*)
                0x00000000c00150bc                Reg::getLineFromRegistry(char*, char*, char*, char*)
                0x00000000c001521b                Reg::getLine(char*, char*, char*)
                0x00000000c0015252                Reg::readInt(char*, char*, int*)
                0x00000000c001533d                Reg::readString(char*, char*, char*, int)
                0x00000000c00153be                Reg::readBool(char*, char*, bool*)
                0x00000000c00153e3                Reg::readBoolWithDefault(char*, char*, bool)
                0x00000000c001540f                Reg::readIntWithDefault(char*, char*, int)
                0x00000000c001543b                Reg::readStringWithDefault(char*, char*, char*, int, char*)
 .text          0x00000000c0015467       0x18 sys/sc_exit.32
                0x00000000c0015467                Sys::exit(regs*)
 .text          0x00000000c001547f       0x95 sys/sc_loaddll.32
                0x00000000c001547f                Sys::loadDLL(regs*)
 .text          0x00000000c0015514       0x68 sys/sc_read.32
                0x00000000c0015514                Sys::read(regs*)
 .text          0x00000000c001557c       0x55 sys/sc_sbrk.32
                0x00000000c001557c                Sys::sbrk(regs*)
 .text          0x00000000c00155d1       0x68 sys/sc_write.32
                0x00000000c00155d1                Sys::write(regs*)
 .text          0x00000000c0015639       0x1a sys/sc_yield.32
                0x00000000c0015639                Sys::yield(regs*)
 .text          0x00000000c0015653      0xfde sys/syscalls.32
                0x00000000c0015653                sysCallGetPID(regs*)
                0x00000000c001565f                sysCallSeekDir(regs*)
                0x00000000c0015664                sysCallTellDir(regs*)
                0x00000000c0015669                sysCallVerify(regs*)
                0x00000000c0015673                sysCallGetArgc(regs*)
                0x00000000c0015683                sysFormatDisk(regs*)
                0x00000000c00156ed                sysSetDiskVolumeLabel(regs*)
                0x00000000c0015733                sysGetDiskVolumeLabel(regs*)
                0x00000000c0015784                sysShutdown(regs*)
                0x00000000c00157e2                sysCallGetCwd(regs*)
                0x00000000c0015801                sysCallSetCwd(regs*)
                0x00000000c001581d                sysCallRealpath(regs*)
                0x00000000c0015860                sysCallReadDir(regs*)
                0x00000000c00158ee                sysCallIsATTY(regs*)
                0x00000000c0015948                sysCallSeek(regs*)
                0x00000000c00159b1                sysCallTell(regs*)
                0x00000000c0015a2e                sysCallSizeFromFilename(regs*)
                0x00000000c0015adf                sysCallSize(regs*)
                0x00000000c0015b62                sysCallClose(regs*)
                0x00000000c0015bea                sysCallOpenDir(regs*)
                0x00000000c0015c57                sysCallMakeDir(regs*)
                0x00000000c0015cb0                sysCallCloseDir(regs*)
                0x00000000c0015d16                sysCallWait(regs*)
                0x00000000c0015d30                sysCallFork(regs*)
                0x00000000c0015d4c                sysCallExecve(regs*)
                0x00000000c0015da1                sysCallRmdir(regs*)
                0x00000000c0015df3                sysCallUnlink(regs*)
                0x00000000c0015e45                sysCallGetArgv(regs*)
                0x00000000c0015e91                sysCallTTYName(regs*)
                0x00000000c0015f14                sysCallGetEnv(regs*)
                0x00000000c0015f66                sysCallUSleep(regs*)
                0x00000000c0015f8d                sysCallSpawn(regs*)
                0x00000000c0015ffd                sysAppSettings(regs*)
                0x00000000c001611c                sysSetFatAttrib(regs*)
                0x00000000c001617c                sysPanic(regs*)
                0x00000000c00161a2                sysPipe(regs*)
                0x00000000c00161e7                sysGetUnixTime(regs*)
                0x00000000c00161fb                string_ends_with(char const*, char const*)
                0x00000000c0016243                sysCallOpen(regs*)
                0x00000000c0016436                setupSystemCalls()
                0x00000000c00165ef                systemCall(regs*, void*)
 .text          0x00000000c0016631     0x1137 thr/elf.32
                0x00000000c0016631                Thr::allocateMemoryForTask(Process*, File*, unsigned long, unsigned long, unsigned long)
                0x00000000c00168ae                Thr::loadProgramIntoMemory(Process*, char const*)
                0x00000000c0016ac4                Thr::runtimeReferenceHelper()
                0x00000000c0016ad7                Thr::getAddressOfKernelSymbol(char const*)
                0x00000000c0016b26                Thr::loadKernelSymbolTable(char const*)
                0x00000000c0016de7                Thr::loadDriverIntoMemory(char const*, unsigned long, bool)
                0x00000000c0017568                Thr::getDriverBaseFromAddress(unsigned long)
                0x00000000c001759a                Thr::getDriverNameFromAddress(unsigned long)
                0x00000000c00175d1                Thr::getDriverOffsetFromAddress(unsigned long)
                0x00000000c00175eb                Thr::loadDLL(char const*, bool)
                0x00000000c001773e                Thr::executeDLL(unsigned long, void*)
 .text          0x00000000c0017768     0x11c2 thr/prcssthr.32
                0x00000000c0017768                changeTSS
                0x00000000c0017796                Process::addArgs(char**)
                0x00000000c00177f0                Process::Process(char const*, Process*, char**)
                0x00000000c00177f0                Process::Process(char const*, Process*, char**)
                0x00000000c00179a8                Process::Process(bool, char const*, Process*, char**)
                0x00000000c00179a8                Process::Process(bool, char const*, Process*, char**)
                0x00000000c0017b2b                disableIRQs()
                0x00000000c0017b33                getIRQNestingLevel()
                0x00000000c0017b39                enableIRQs()
                0x00000000c0017b48                lockScheduler()
                0x00000000c0017b4a                unlockScheduler()
                0x00000000c0017b4c                userModeEntryPoint(void*)
                0x00000000c0017b6f                lockStuff()
                0x00000000c0017b7b                taskStartupFunction
                0x00000000c0017b84                updateTimeUsed()
                0x00000000c0017be2                switchToThread(ThreadControlBlock*)
                0x00000000c0017c32                Semaphore::Semaphore(int)
                0x00000000c0017c32                Semaphore::Semaphore(int)
                0x00000000c0017c60                Mutex::Mutex()
                0x00000000c0017c60                Mutex::Mutex()
                0x00000000c0017c72                Process::createThread(void (*)(void*), void*, int)
                0x00000000c0017d56                Process::createUserThread()
                0x00000000c0017d72                setupMultitasking(void (*)())
                0x00000000c0017e7c                schedule()
                0x00000000c0017f01                unlockStuff()
                0x00000000c0017f36                forkProcess(regs*)
                0x00000000c00180a4                Semaphore::tryAcquire()
                0x00000000c00180d2                Semaphore::assertLocked(char const*)
                0x00000000c0018105                blockTaskWithSchedulerLockAlreadyHeld(TaskState)
                0x00000000c0018147                blockTask(TaskState)
                0x00000000c0018168                waitTask(int, int*, int)
                0x00000000c00181aa                nanoSleepUntil(unsigned long long)
                0x00000000c0018201                nanoSleep(unsigned long long)
                0x00000000c0018216                sleep(unsigned long long)
                0x00000000c0018234                Semaphore::acquire()
                0x00000000c001829c                execveProcess(char const*, char* const*, char* const*)
                0x00000000c001832a                taskReturned
                0x00000000c0018358                unblockTask(ThreadControlBlock*)
                0x00000000c0018407                cleanupTerminatedTask(ThreadControlBlock*)
                0x00000000c00186ab                cleanerTaskFunction(void*)
                0x00000000c001875e                terminateTask(int)
                0x00000000c0018832                Thr::terminateFromIRQ(int)
                0x00000000c001883e                Semaphore::release()
 .text          0x00000000c001892a      0x8bf vm86/vm8086.32
                0x00000000c001892a                Vm::vm8086EntryPoint(void*)
                0x00000000c0018955                Vm::inbv(unsigned short)
                0x00000000c001895b                Vm::outbv(unsigned short, unsigned char)
                0x00000000c0018965                Vm::realToLinear(unsigned short, unsigned short)
                0x00000000c0018975                Vm::getSegment(unsigned int)
                0x00000000c001897d                Vm::getOffset(unsigned int)
                0x00000000c0018982                Vm::loadFileAsThread(Process*, char const*, unsigned short, unsigned short, unsigned short, unsigned short)
                0x00000000c0018ab1                Vm::doISR(regs*, int, unsigned char*, unsigned short, unsigned short)
                0x00000000c0018b3b                Vm::readByteFromReal(unsigned short, unsigned short)
                0x00000000c0018b4c                Vm::readWordFromReal(unsigned short, unsigned short)
                0x00000000c0018b5e                Vm::readDwordFromReal(unsigned short, unsigned short)
                0x00000000c0018b6f                Vm::writeByteFromReal(unsigned short, unsigned short, unsigned char)
                0x00000000c0018b84                Vm::writeWordFromReal(unsigned short, unsigned short, unsigned short)
                0x00000000c0018b9a                Vm::writeDwordFromReal(unsigned short, unsigned short, unsigned int)
                0x00000000c0018baf                Vm::faultHandler(regs*)
 *fill*         0x00000000c00191e9        0x1 
 .text          0x00000000c00191ea     0x10ed fs/fat/vfslink.32
                0x00000000c00191ea                FAT::getName()
                0x00000000c00191f0                FAT::tell(void*, unsigned long long*)
                0x00000000c0019224                FAT::stat(void*, unsigned long long*)
                0x00000000c0019258                FAT::~FAT()
                0x00000000c0019258                FAT::~FAT()
                0x00000000c001927c                FAT::~FAT()
                0x00000000c00192a4                FAT::getlabel(LogicalDisk*, int, char*, unsigned int*)
                0x00000000c0019342                FAT::setlabel(LogicalDisk*, int, char*)
                0x00000000c00193fc                FAT::format(LogicalDisk*, int, char const*, int)
                0x00000000c00195e0                FAT::tryMount(LogicalDisk*, int)
                0x00000000c00197e6                FAT::readDir(void*, unsigned long, void*, int*)
                0x00000000c00198ec                FAT::read(void*, unsigned long, void*, int*)
                0x00000000c0019946                FAT::write(void*, unsigned long, void*, int*)
                0x00000000c00199a0                FAT::close(void*)
                0x00000000c00199ec                FAT::closeDir(void*)
                0x00000000c0019a38                FAT::seek(void*, unsigned long long)
                0x00000000c0019a8c                fatWrapperReadDisk
                0x00000000c0019ad3                fatWrapperWriteDisk
                0x00000000c0019b1a                fatWrapperIoctl
                0x00000000c0019c1e                FAT::FAT()
                0x00000000c0019c1e                FAT::FAT()
                0x00000000c0019c70                FAT::fixFilepath(char*)
                0x00000000c0019ca8                FAT::open(char const*, void**, FileOpenMode)
                0x00000000c0019dd0                FAT::openDir(char const*, void**)
                0x00000000c0019e76                FAT::stat(char const*, unsigned long long*, bool*)
                0x00000000c0019f60                FAT::unlink(char const*)
                0x00000000c0019fda                FAT::chfatattr(char const*, unsigned char, unsigned char)
                0x00000000c001a12e                FAT::rename(char const*, char const*)
                0x00000000c001a1f2                FAT::mkdir(char const*)
                0x00000000c001a26c                FAT::exists(char const*)
 *fill*         0x00000000c001a2d7        0x1 
 .text          0x00000000c001a2d8      0xbdf fs/iso9660/vfslink.32
                0x00000000c001a2d8                ISO9660::format(LogicalDisk*, int, char const*, int)
                0x00000000c001a2de                ISO9660::seek(void*, unsigned long long)
                0x00000000c001a30e                ISO9660::tell(void*, unsigned long long*)
                0x00000000c001a332                ISO9660::getName()
                0x00000000c001a338                ISO9660::stat(void*, unsigned long long*)
                0x00000000c001a35c                ISO9660::chfatattr(char const*, unsigned char, unsigned char)
                0x00000000c001a362                ISO9660::unlink(char const*)
                0x00000000c001a368                ISO9660::write(void*, unsigned long, void*, int*)
                0x00000000c001a36e                ISO9660::rename(char const*, char const*)
                0x00000000c001a374                ISO9660::mkdir(char const*)
                0x00000000c001a37a                ISO9660::close(void*)
                0x00000000c001a39c                ISO9660::closeDir(void*)
                0x00000000c001a3be                ISO9660::~ISO9660()
                0x00000000c001a3be                ISO9660::~ISO9660()
                0x00000000c001a3e2                ISO9660::~ISO9660()
                0x00000000c001a409                __memmem(unsigned char*, int, unsigned char*, int)
                0x00000000c001a44b                readSectorFromCDROM(unsigned int, unsigned char*, char)
                0x00000000c001a4b2                ISO9660::tryMount(LogicalDisk*, int)
                0x00000000c001a502                ISO9660::read(void*, unsigned long, void*, int*)
                0x00000000c001a746                ISO9660::readDir(void*, unsigned long, void*, int*)
                0x00000000c001a9d3                readRoot(unsigned int*, unsigned int*, char)
                0x00000000c001aa28                readRecursively(char*, unsigned int, unsigned int, unsigned int*, unsigned int*, char, int*)
                0x00000000c001abfb                getFileData(char*, unsigned int*, unsigned int*, char, int*)
                0x00000000c001ac8a                ISO9660::open(char const*, void**, FileOpenMode)
                0x00000000c001ad24                ISO9660::exists(char const*)
                0x00000000c001ad48                ISO9660::stat(char const*, unsigned long long*, bool*)
                0x00000000c001addc                ISO9660::openDir(char const*, void**)
                0x00000000c001ae94                ISO9660::ISO9660()
                0x00000000c001ae94                ISO9660::ISO9660()
 *fill*         0x00000000c001aeb7        0x1 
 .text          0x00000000c001aeb8      0x244 hal/sound/sndchannel.32
                0x00000000c001aeb8                SoundChannel::~SoundChannel()
                0x00000000c001aeb8                SoundChannel::~SoundChannel()
                0x00000000c001aed4                SoundChannel::setSpeed(float)
                0x00000000c001aee0                SoundChannel::getSpeed()
                0x00000000c001aee8                SoundChannel::setVolume(int)
                0x00000000c001af04                SoundChannel::getVolume()
                0x00000000c001af0c                SoundChannel::pause()
                0x00000000c001af16                SoundChannel::SoundChannel(int, int, int, int)
                0x00000000c001af16                SoundChannel::SoundChannel(int, int, int, int)
                0x00000000c001b00c                SoundChannel::play()
                0x00000000c001b016                SoundChannel::paused()
                0x00000000c001b01e                SoundChannel::getSampleRate()
                0x00000000c001b026                SoundChannel::getBits()
                0x00000000c001b02e                SoundChannel::getBufferUsed()
                0x00000000c001b036                SoundChannel::getBufferSize()
                0x00000000c001b03e                SoundChannel::unbuffer(float*, int, int)
                0x00000000c001b0b0                SoundChannel::buffer8(unsigned char*, int)
 .text          0x00000000c001b0fc      0x317 hal/sound/sndhw.32
                0x00000000c001b0fc                SoundDevice::SoundDevice(char const*)
                0x00000000c001b0fc                SoundDevice::SoundDevice(char const*)
                0x00000000c001b168                SoundDevice::~SoundDevice()
                0x00000000c001b168                SoundDevice::~SoundDevice()
                0x00000000c001b1e2                SoundDevice::~SoundDevice()
                0x00000000c001b20c                SoundDevice::getFreeChannelNum()
                0x00000000c001b226                SoundDevice::addChannel(SoundChannel*)
                0x00000000c001b296                SoundDevice::removeChannel(int)
                0x00000000c001b2c8                SoundDevice::floatTo8(float*, unsigned char*, int)
                0x00000000c001b334                SoundDevice::getAudio(int, float*, float*)
 .text          0x00000000c001b413        0x0 hw/bus/isa.32
 *fill*         0x00000000c001b413        0x1 
 .text          0x00000000c001b414      0x6e5 hw/bus/pci.32
                0x00000000c001b414                PCI::open(int, int, void*)
                0x00000000c001b428                PCI::close(int, int, void*)
                0x00000000c001b42c                PCI::PCI()
                0x00000000c001b42c                PCI::PCI()
                0x00000000c001b4ac                PCI::pciReadWord(unsigned char, unsigned char, unsigned char, unsigned char)
                0x00000000c001b4f4                PCI::getVendorID(unsigned char, unsigned char, unsigned char)
                0x00000000c001b516                PCI::getHeaderType(unsigned char, unsigned char, unsigned char)
                0x00000000c001b53a                PCI::getClassCode(unsigned char, unsigned char, unsigned char)
                0x00000000c001b57e                PCI::getProgIF(unsigned char, unsigned char, unsigned char)
                0x00000000c001b5a2                PCI::getRevisionID(unsigned char, unsigned char, unsigned char)
                0x00000000c001b5c4                PCI::getInterruptNumber(unsigned char, unsigned char, unsigned char)
                0x00000000c001b5e6                PCI::getSecondaryBus(unsigned char, unsigned char, unsigned char)
                0x00000000c001b60a                PCI::getBARAddress(unsigned char, unsigned char, unsigned char, unsigned char)
                0x00000000c001b66a                PCI::pciWriteWord(unsigned char, unsigned char, unsigned char, unsigned char, unsigned short)
                0x00000000c001b6d6                PCI::checkBus(unsigned char)
                0x00000000c001b6fa                PCI::foundDevice(PCIDeviceInfo)
                0x00000000c001b86a                PCI::getDeviceData(unsigned char, unsigned char, unsigned char)
                0x00000000c001ba3a                PCI::checkDevice(unsigned char, unsigned char)
                0x00000000c001baa6                PCI::detect()
 *fill*         0x00000000c001baf9        0x1 
 .text          0x00000000c001bafa      0xc70 hw/diskctrl/ide.32
                0x00000000c001bafa                IDE::close(int, int, void*)
                0x00000000c001bafe                IDE::IDE()
                0x00000000c001bafe                IDE::IDE()
                0x00000000c001bb32                IDE::prepareInterrupt(unsigned char)
                0x00000000c001bb44                selectDrive(unsigned char, unsigned char)
                0x00000000c001bb46                IDE::getBase(unsigned char)
                0x00000000c001bb58                IDE::write(unsigned char, unsigned char, unsigned char)
                0x00000000c001bc18                IDE::read(unsigned char, unsigned char)
                0x00000000c001bcc6                IDE::waitInterrupt(unsigned char)
                0x00000000c001bd2c                ideChannel0IRQHandler(regs*, void*)
                0x00000000c001bd48                ideChannel1IRQHandler(regs*, void*)
                0x00000000c001bd64                IDE::enableIRQs(unsigned char, bool)
                0x00000000c001bdaa                IDE::open(int, int, void*)
                0x00000000c001c1ba                IDE::readBuffer(unsigned char, unsigned char, unsigned int, unsigned int)
                0x00000000c001c286                IDE::detect()
                0x00000000c001c56e                IDE::printError(unsigned char, unsigned char, unsigned char)
                0x00000000c001c704                IDE::polling(unsigned char, unsigned int)
 .text          0x00000000c001c76a      0x62b hw/diskphys/ata.32
                0x00000000c001c76a                ATA::close(int, int, void*)
                0x00000000c001c78e                ATA::powerSaving(PowerSavingLevel)
                0x00000000c001c790                ATA::ATA()
                0x00000000c001c790                ATA::ATA()
                0x00000000c001c7be                ATA::flush(bool)
                0x00000000c001c808                ATA::readyForCommand()
                0x00000000c001c858                ATA::access(unsigned long long, int, void*, bool)
                0x00000000c001cbd6                ATA::read(unsigned long long, int, void*)
                0x00000000c001cc3e                ATA::write(unsigned long long, int, void*)
                0x00000000c001cca6                ATA::detectCHS()
                0x00000000c001ccd0                ATA::open(int, int, void*)
 *fill*         0x00000000c001cd95        0x1 
 .text          0x00000000c001cd96      0x5b3 hw/diskphys/atapi.32
                0x00000000c001cd96                ATAPI::write(unsigned long long, int, void*)
                0x00000000c001cd9c                ATAPI::close(int, int, void*)
                0x00000000c001cdc0                ATAPI::ATAPI()
                0x00000000c001cdc0                ATAPI::ATAPI()
                0x00000000c001cdee                ATAPI::readyForCommand()
                0x00000000c001ce3e                ATAPI::sendPacket(unsigned char*, int, bool, unsigned short*, int)
                0x00000000c001d0fe                ATAPI::diskRemoved()
                0x00000000c001d11a                ATAPI::eject()
                0x00000000c001d160                ATAPI::diskInserted()
                0x00000000c001d18e                ATAPI::detectMedia()
                0x00000000c001d24a                ATAPI::open(int, int, void*)
                0x00000000c001d2ca                ATAPI::read(unsigned long long, int, void*)
 *fill*         0x00000000c001d349        0x1 
 .text          0x00000000c001d34a       0x8e hw/fpu/avx.32
                0x00000000c001d34a                AVX::open(int, int, void*)
                0x00000000c001d35c                AVX::close(int, int, void*)
                0x00000000c001d36e                AVX::available()
                0x00000000c001d380                AVX::save(void*)
                0x00000000c001d398                AVX::load(void*)
                0x00000000c001d3b0                AVX::AVX()
                0x00000000c001d3b0                AVX::AVX()
 .text          0x00000000c001d3d8       0x90 hw/fpu/mmx.32
                0x00000000c001d3d8                MMX::available()
                0x00000000c001d3ec                MMX::open(int, int, void*)
                0x00000000c001d3fe                MMX::close(int, int, void*)
                0x00000000c001d410                MMX::save(void*)
                0x00000000c001d428                MMX::load(void*)
                0x00000000c001d440                MMX::MMX()
                0x00000000c001d440                MMX::MMX()
 .text          0x00000000c001d468       0x96 hw/fpu/sse.32
                0x00000000c001d468                SSE::open(int, int, void*)
                0x00000000c001d47a                SSE::close(int, int, void*)
                0x00000000c001d48c                SSE::available()
                0x00000000c001d4a6                SSE::save(void*)
                0x00000000c001d4be                SSE::load(void*)
                0x00000000c001d4d6                SSE::SSE()
                0x00000000c001d4d6                SSE::SSE()
 .text          0x00000000c001d4fe       0x8e hw/fpu/x87.32
                0x00000000c001d4fe                x87::open(int, int, void*)
                0x00000000c001d510                x87::close(int, int, void*)
                0x00000000c001d522                x87::available()
                0x00000000c001d534                x87::save(void*)
                0x00000000c001d54c                x87::load(void*)
                0x00000000c001d564                x87::x87()
                0x00000000c001d564                x87::x87()
 .text          0x00000000c001d58c      0x5f3 hw/intctrl/apic.32
                0x00000000c001d58c                APIC::disable()
                0x00000000c001d58e                APIC::close(int, int, void*)
                0x00000000c001d5b0                IOAPIC::close(int, int, void*)
                0x00000000c001d5b6                APIC::io_wait()
                0x00000000c001d5bc                APIC::getBase()
                0x00000000c001d5fe                APIC::eoi(unsigned char)
                0x00000000c001d62c                APIC::open(int, int, void*)
                0x00000000c001d6e6                IOAPIC::IOAPIC()
                0x00000000c001d6e6                IOAPIC::IOAPIC()
                0x00000000c001d70e                APIC::APIC()
                0x00000000c001d70e                APIC::APIC()
                0x00000000c001d7de                IOAPIC::handlesGSIWithNumber(unsigned int)
                0x00000000c001d810                IOAPIC::read(int)
                0x00000000c001d838                IOAPIC::open(int, int, void*)
                0x00000000c001d92e                IOAPIC::write(int, int)
                0x00000000c001d95a                IOAPIC::redirect(unsigned char, unsigned long long, unsigned char)
                0x00000000c001da14                APIC::installIRQHandler(int, void (*)(regs*, void*), bool, void*)
 *fill*         0x00000000c001db7f        0x1 
 .text          0x00000000c001db80      0x3d3 hw/intctrl/pic.32
                0x00000000c001db80                PIC::disable()
                0x00000000c001dbae                PIC::close(int, int, void*)
                0x00000000c001dbd0                PIC::PIC()
                0x00000000c001dbd0                PIC::PIC()
                0x00000000c001dca6                PIC::ioWait()
                0x00000000c001dcac                PIC::getIRQReg(int)
                0x00000000c001dd16                PIC::eoi(unsigned char)
                0x00000000c001dda8                PIC::remap()
                0x00000000c001df14                PIC::open(int, int, void*)
 *fill*         0x00000000c001df53        0x1 
 .text          0x00000000c001df54      0x252 hw/timer/apictimer.32
                0x00000000c001df54                APICTimer::close(int, int, void*)
                0x00000000c001df5a                apicTimerHandler(regs*, void*)
                0x00000000c001df88                APICTimer::write(int)
                0x00000000c001e086                APICTimer::open(int, int, void*)
                0x00000000c001e17e                APICTimer::APICTimer()
                0x00000000c001e17e                APICTimer::APICTimer()
 .text          0x00000000c001e1a6      0x1a7 hw/timer/pit.32
                0x00000000c001e1a6                PIT::write(int)
                0x00000000c001e224                pitHandler(regs*, void*)
                0x00000000c001e250                PIT::open(int, int, void*)
                0x00000000c001e29e                PIT::close(int, int, void*)
                0x00000000c001e2ce                PIT::PIT()
                0x00000000c001e2ce                PIT::PIT()
 *fill*         0x00000000c001e34d        0x3 
 .text          0x00000000c001e350        0xa hw/fpu/x86/avx.32
                0x00000000c001e350                avxDetect
                0x00000000c001e356                avxSave
                0x00000000c001e357                avxLoad
                0x00000000c001e358                avxInit
                0x00000000c001e359                avxClose
 *fill*         0x00000000c001e35a        0x6 
 .text          0x00000000c001e360       0x38 hw/fpu/x86/sse.32
                0x00000000c001e360                sseDetect
                0x00000000c001e37b                sseSave
                0x00000000c001e381                sseLoad
                0x00000000c001e387                sseInit
                0x00000000c001e397                sseClose
 *fill*         0x00000000c001e398        0x8 
 .text          0x00000000c001e3a0       0x47 hw/fpu/x86/x87.32
                0x00000000c001e3a6                x87Detect
                0x00000000c001e3c1                x87Save
                0x00000000c001e3c7                x87Load
                0x00000000c001e3cc                x87Init
                0x00000000c001e3e6                x87Close
 *fill*         0x00000000c001e3e7        0x1 
 .text          0x00000000c001e3e8       0x25 /cygdrive/d/Users/Alex/Desktop/Toolchain/Output/bin/../lib/gcc/i386-banana/8.1.0/crtend.o
 .text          0x00000000c001e40d        0x0 crtn.32
 *fill*         0x00000000c001e40d        0x3 
 .text          0x00000000c001e410      0x14b /cygdrive/d/Users/Alex/Desktop/Toolchain/Output/bin/../lib/gcc/i386-banana/8.1.0/libgcc.a(_divdi3.o)
                0x00000000c001e410                __divdi3
 *fill*         0x00000000c001e55b        0x1 
 .text          0x00000000c001e55c      0x17e /cygdrive/d/Users/Alex/Desktop/Toolchain/Output/bin/../lib/gcc/i386-banana/8.1.0/libgcc.a(_moddi3.o)
                0x00000000c001e55c                __moddi3
 *fill*         0x00000000c001e6da        0x2 
 .text          0x00000000c001e6dc       0xff /cygdrive/d/Users/Alex/Desktop/Toolchain/Output/bin/../lib/gcc/i386-banana/8.1.0/libgcc.a(_udivdi3.o)
                0x00000000c001e6dc                __udivdi3
 *fill*         0x00000000c001e7db        0x1 
 .text          0x00000000c001e7dc      0x11a /cygdrive/d/Users/Alex/Desktop/Toolchain/Output/bin/../lib/gcc/i386-banana/8.1.0/libgcc.a(_umoddi3.o)
                0x00000000c001e7dc                __umoddi3
 *fill*         0x00000000c001e8f6        0xa 
 .text          0x00000000c001e900       0x1e D:/Users/Alex/Desktop/Banana/kernel/libk/libm32.a(s_fabs.c.o)
                0x00000000c001e900                fabs
 *fill*         0x00000000c001e91e        0x2 
 .text          0x00000000c001e920        0xc D:/Users/Alex/Desktop/Banana/kernel/libk/libm32.a(s_lrint.S.o)
                0x00000000c001e920                lrint
 .text          0x00000000c001e92c        0xc D:/Users/Alex/Desktop/Banana/kernel/libk/libm32.a(s_lrintf.S.o)
                0x00000000c001e92c                lrintf
 *(.gnu.linkonce.t*)

.iplt           0x00000000c001e938        0x0
 .iplt          0x00000000c001e938        0x0 D:/Users/Alex/Desktop/Banana/kernel/boot.32

.init           0x00000000c001e938        0xf
 .init          0x00000000c001e938        0x3 crti.32
                0x00000000c001e938                _init
 .init          0x00000000c001e93b        0x5 /cygdrive/d/Users/Alex/Desktop/Toolchain/Output/bin/../lib/gcc/i386-banana/8.1.0/crtbegin.o
 .init          0x00000000c001e940        0x5 /cygdrive/d/Users/Alex/Desktop/Toolchain/Output/bin/../lib/gcc/i386-banana/8.1.0/crtend.o
 .init          0x00000000c001e945        0x2 crtn.32

.fini           0x00000000c001e947        0xa
 .fini          0x00000000c001e947        0x3 crti.32
                0x00000000c001e947                _fini
 .fini          0x00000000c001e94a        0x5 /cygdrive/d/Users/Alex/Desktop/Toolchain/Output/bin/../lib/gcc/i386-banana/8.1.0/crtbegin.o
 .fini          0x00000000c001e94f        0x2 crtn.32

.text._ZN8ComputerD2Ev
                0x00000000c001e952       0x23
 .text._ZN8ComputerD2Ev
                0x00000000c001e952       0x23 core/computer.32
                0x00000000c001e952                Computer::~Computer()
                0x00000000c001e952                Computer::~Computer()

.text._ZN8ComputerD0Ev
                0x00000000c001e976       0x2a
 .text._ZN8ComputerD0Ev
                0x00000000c001e976       0x2a core/computer.32
                0x00000000c001e976                Computer::~Computer()

.text._Z10idleCommonv
                0x00000000c001e9a0       0x15
 .text._Z10idleCommonv
                0x00000000c001e9a0       0x15 core/idle.32
                0x00000000c001e9a0                idleCommon()

.text._ZN3CPU7readCR3Ev
                0x00000000c001e9b5       0x12
 .text._ZN3CPU7readCR3Ev
                0x00000000c001e9b5       0x12 core/kheap.32
                0x00000000c001e9b5                CPU::readCR3()

.text._ZN3CPU8writeCR3Em
                0x00000000c001e9c7        0x9
 .text._ZN3CPU8writeCR3Em
                0x00000000c001e9c7        0x9 core/kheap.32
                0x00000000c001e9c7                CPU::writeCR3(unsigned long)

.text._ZN10LinkedListI8UnixFileED2Ev
                0x00000000c001e9d0        0x2
 .text._ZN10LinkedListI8UnixFileED2Ev
                0x00000000c001e9d0        0x2 core/unixfile.32
                0x00000000c001e9d0                LinkedList<UnixFile>::~LinkedList()
                0x00000000c001e9d0                LinkedList<UnixFile>::~LinkedList()

.text._ZN10LinkedListI8UnixFileEC2Ev
                0x00000000c001e9d2       0x58
 .text._ZN10LinkedListI8UnixFileEC2Ev
                0x00000000c001e9d2       0x58 core/unixfile.32
                0x00000000c001e9d2                LinkedList<UnixFile>::LinkedList()
                0x00000000c001e9d2                LinkedList<UnixFile>::LinkedList()

.text._ZN10LinkedListI8UnixFileE10addElementEPS0_
                0x00000000c001ea2a       0xd3
 .text._ZN10LinkedListI8UnixFileE10addElementEPS0_
                0x00000000c001ea2a       0xd3 core/unixfile.32
                0x00000000c001ea2a                LinkedList<UnixFile>::addElement(UnixFile*)

.text._ZN10LinkedListI8UnixFileE15getFirstElementEv
                0x00000000c001eafe        0x7
 .text._ZN10LinkedListI8UnixFileE15getFirstElementEv
                0x00000000c001eafe        0x7 core/unixfile.32
                0x00000000c001eafe                LinkedList<UnixFile>::getFirstElement()

.text._ZN10LinkedListI8UnixFileE11removeFirstEv
                0x00000000c001eb06       0xa1
 .text._ZN10LinkedListI8UnixFileE11removeFirstEv
                0x00000000c001eb06       0xa1 core/unixfile.32
                0x00000000c001eb06                LinkedList<UnixFile>::removeFirst()

.text._ZN10LinkedListI8UnixFileE7getNextEPS0_
                0x00000000c001eba8        0x8
 .text._ZN10LinkedListI8UnixFileE7getNextEPS0_
                0x00000000c001eba8        0x8 core/unixfile.32
                0x00000000c001eba8                LinkedList<UnixFile>::getNext(UnixFile*)

.text._ZN16DriverlessDeviceD2Ev
                0x00000000c001ebb0       0x1a
 .text._ZN16DriverlessDeviceD2Ev
                0x00000000c001ebb0       0x1a hal/device.32
                0x00000000c001ebb0                DriverlessDevice::~DriverlessDevice()
                0x00000000c001ebb0                DriverlessDevice::~DriverlessDevice()

.text._ZN16DriverlessDeviceD0Ev
                0x00000000c001ebca       0x2a
 .text._ZN16DriverlessDeviceD0Ev
                0x00000000c001ebca       0x2a hal/device.32
                0x00000000c001ebca                DriverlessDevice::~DriverlessDevice()

.text._ZN10LinkedListI6DeviceE10addElementEPS0_
                0x00000000c001ebf4       0xdc
 .text._ZN10LinkedListI6DeviceE10addElementEPS0_
                0x00000000c001ebf4       0xdc hal/device.32
                0x00000000c001ebf4                LinkedList<Device>::addElement(Device*)

.text._ZN10LinkedListI6DeviceEC2Ev
                0x00000000c001ecd0       0x58
 .text._ZN10LinkedListI6DeviceEC2Ev
                0x00000000c001ecd0       0x58 hal/device.32
                0x00000000c001ecd0                LinkedList<Device>::LinkedList()
                0x00000000c001ecd0                LinkedList<Device>::LinkedList()

.text._ZN3CPU7readCR0Ev
                0x00000000c001ed28       0x12
 .text._ZN3CPU7readCR0Ev
                0x00000000c001ed28       0x12 hal/fpu.32
                0x00000000c001ed28                CPU::readCR0()

.text._ZN3CPU8writeCR0Em
                0x00000000c001ed3a        0x9
 .text._ZN3CPU8writeCR0Em
                0x00000000c001ed3a        0x9 hal/fpu.32
                0x00000000c001ed3a                CPU::writeCR0(unsigned long)

.text._ZN3CPU7readDR0Ev
                0x00000000c001ed43       0x12
 .text._ZN3CPU7readDR0Ev
                0x00000000c001ed43       0x12 hal/intctrl.32
                0x00000000c001ed43                CPU::readDR0()

.text._ZN3CPU7readDR1Ev
                0x00000000c001ed55       0x12
 .text._ZN3CPU7readDR1Ev
                0x00000000c001ed55       0x12 hal/intctrl.32
                0x00000000c001ed55                CPU::readDR1()

.text._ZN3CPU7readDR2Ev
                0x00000000c001ed67       0x12
 .text._ZN3CPU7readDR2Ev
                0x00000000c001ed67       0x12 hal/intctrl.32
                0x00000000c001ed67                CPU::readDR2()

.text._ZN3CPU7readDR3Ev
                0x00000000c001ed79       0x12
 .text._ZN3CPU7readDR3Ev
                0x00000000c001ed79       0x12 hal/intctrl.32
                0x00000000c001ed79                CPU::readDR3()

.text._ZN3CPU7readDR6Ev
                0x00000000c001ed8b       0x12
 .text._ZN3CPU7readDR6Ev
                0x00000000c001ed8b       0x12 hal/intctrl.32
                0x00000000c001ed8b                CPU::readDR6()

.text._ZN3CPU7readDR7Ev
                0x00000000c001ed9d       0x12
 .text._ZN3CPU7readDR7Ev
                0x00000000c001ed9d       0x12 hal/intctrl.32
                0x00000000c001ed9d                CPU::readDR7()

.text._ZN10LinkedListIV18ThreadControlBlockE15getFirstElementEv
                0x00000000c001edb0        0x7
 .text._ZN10LinkedListIV18ThreadControlBlockE15getFirstElementEv
                0x00000000c001edb0        0x7 hal/timer.32
                0x00000000c001edb0                LinkedList<ThreadControlBlock volatile>::getFirstElement()

.text._ZN10LinkedListIV18ThreadControlBlockE7isEmptyEv
                0x00000000c001edb8       0x1c
 .text._ZN10LinkedListIV18ThreadControlBlockE7isEmptyEv
                0x00000000c001edb8       0x1c hal/timer.32
                0x00000000c001edb8                LinkedList<ThreadControlBlock volatile>::isEmpty()

.text._ZN10LinkedListIV18ThreadControlBlockE11removeFirstEv
                0x00000000c001edd4       0xae
 .text._ZN10LinkedListIV18ThreadControlBlockE11removeFirstEv
                0x00000000c001edd4       0xae hal/timer.32
                0x00000000c001edd4                LinkedList<ThreadControlBlock volatile>::removeFirst()

.text._ZN10LinkedListIV18ThreadControlBlockE10addElementEPS1_
                0x00000000c001ee82       0xd3
 .text._ZN10LinkedListIV18ThreadControlBlockE10addElementEPS1_
                0x00000000c001ee82       0xd3 hal/timer.32
                0x00000000c001ee82                LinkedList<ThreadControlBlock volatile>::addElement(ThreadControlBlock volatile*)

.text._ZN4ACPID2Ev
                0x00000000c001ef56       0x23
 .text._ZN4ACPID2Ev
                0x00000000c001ef56       0x23 hw/acpi.32
                0x00000000c001ef56                ACPI::~ACPI()
                0x00000000c001ef56                ACPI::~ACPI()

.text._ZN4ACPID0Ev
                0x00000000c001ef7a       0x2a
 .text._ZN4ACPID0Ev
                0x00000000c001ef7a       0x2a hw/acpi.32
                0x00000000c001ef7a                ACPI::~ACPI()

.text._ZN3CPUD2Ev
                0x00000000c001efa4       0x23
 .text._ZN3CPUD2Ev
                0x00000000c001efa4       0x23 hw/cpu.32
                0x00000000c001efa4                CPU::~CPU()
                0x00000000c001efa4                CPU::~CPU()

.text._ZN3CPUD0Ev
                0x00000000c001efc8       0x2a
 .text._ZN3CPUD0Ev
                0x00000000c001efc8       0x2a hw/cpu.32
                0x00000000c001efc8                CPU::~CPU()

.text._ZN3CPU7readCR4Ev
                0x00000000c001eff2       0x12
 .text._ZN3CPU7readCR4Ev
                0x00000000c001eff2       0x12 hw/cpu.32
                0x00000000c001eff2                CPU::readCR4()

.text._ZN3CPU8writeDR7Em
                0x00000000c001f004        0x9
 .text._ZN3CPU8writeDR7Em
                0x00000000c001f004        0x9 hw/cpu.32
                0x00000000c001f004                CPU::writeDR7(unsigned long)

.text._ZN3CPU8writeCR4Em
                0x00000000c001f00d        0x9
 .text._ZN3CPU8writeCR4Em
                0x00000000c001f00d        0x9 hw/cpu.32
                0x00000000c001f00d                CPU::writeCR4(unsigned long)

.text._ZN3CPU7readCR2Ev
                0x00000000c001f016       0x12
 .text._ZN3CPU7readCR2Ev
                0x00000000c001f016       0x12 krnl/panic.32
                0x00000000c001f016                CPU::readCR2()

.text._ZN10LinkedListIV18ThreadControlBlockED2Ev
                0x00000000c001f028        0x2
 .text._ZN10LinkedListIV18ThreadControlBlockED2Ev
                0x00000000c001f028        0x2 thr/prcssthr.32
                0x00000000c001f028                LinkedList<ThreadControlBlock volatile>::~LinkedList()
                0x00000000c001f028                LinkedList<ThreadControlBlock volatile>::~LinkedList()

.text._ZN18ThreadControlBlockC2Ev
                0x00000000c001f02a       0x3e
 .text._ZN18ThreadControlBlockC2Ev
                0x00000000c001f02a       0x3e thr/prcssthr.32
                0x00000000c001f02a                ThreadControlBlock::ThreadControlBlock()
                0x00000000c001f02a                ThreadControlBlock::ThreadControlBlock()

.text._ZN10LinkedListIV18ThreadControlBlockEC2Ev
                0x00000000c001f068       0x58
 .text._ZN10LinkedListIV18ThreadControlBlockEC2Ev
                0x00000000c001f068       0x58 thr/prcssthr.32
                0x00000000c001f068                LinkedList<ThreadControlBlock volatile>::LinkedList()
                0x00000000c001f068                LinkedList<ThreadControlBlock volatile>::LinkedList()

.text._ZN10LinkedListIV18ThreadControlBlockE7getNextEPS1_
                0x00000000c001f0c0        0x8
 .text._ZN10LinkedListIV18ThreadControlBlockE7getNextEPS1_
                0x00000000c001f0c0        0x8 thr/prcssthr.32
                0x00000000c001f0c0                LinkedList<ThreadControlBlock volatile>::getNext(ThreadControlBlock volatile*)

.text._ZN3PCID2Ev
                0x00000000c001f0c8       0x23
 .text._ZN3PCID2Ev
                0x00000000c001f0c8       0x23 hw/bus/pci.32
                0x00000000c001f0c8                PCI::~PCI()
                0x00000000c001f0c8                PCI::~PCI()

.text._ZN3PCID0Ev
                0x00000000c001f0ec       0x2a
 .text._ZN3PCID0Ev
                0x00000000c001f0ec       0x2a hw/bus/pci.32