Archive member included to satisfy reference by file (symbol)

/cygdrive/d/Users/Alex/Desktop/Toolchain/Output/bin/../lib/gcc/i386-banana/8.1.0/libgcc.a(_divdi3.o)
                              fs/fat/ff.32 (__divdi3)
/cygdrive/d/Users/Alex/Desktop/Toolchain/Output/bin/../lib/gcc/i386-banana/8.1.0/libgcc.a(_moddi3.o)
                              thr/elf.32 (__moddi3)
/cygdrive/d/Users/Alex/Desktop/Toolchain/Output/bin/../lib/gcc/i386-banana/8.1.0/libgcc.a(_udivdi3.o)
                              fs/fat/ff.32 (__udivdi3)
/cygdrive/d/Users/Alex/Desktop/Toolchain/Output/bin/../lib/gcc/i386-banana/8.1.0/libgcc.a(_umoddi3.o)
                              core/pipe.32 (__umoddi3)
D:/Users/Alex/Desktop/Banana/kernel/libk/libm32.a(s_fabs.c.o)
                              hal/libresample/samplerate.32 (fabs)
D:/Users/Alex/Desktop/Banana/kernel/libk/libm32.a(s_lrint.S.o)
                              hal/libresample/samplerate.32 (lrint)
D:/Users/Alex/Desktop/Banana/kernel/libk/libm32.a(s_lrintf.S.o)
                              hal/sound/sndhw.32 (lrintf)

Discarded input sections

 .comment       0x0000000000000000       0x12 /cygdrive/d/Users/Alex/Desktop/Toolchain/Output/bin/../lib/gcc/i386-banana/8.1.0/crtbegin.o
 .comment       0x0000000000000000       0x12 acpica/utclib.32
 .comment       0x0000000000000000       0x12 core/malloc.32
 .comment       0x0000000000000000       0x12 libk/string.32
 .comment       0x0000000000000000       0x12 fs/fat/diskio.32
 .comment       0x0000000000000000       0x12 fs/fat/ff.32
 .comment       0x0000000000000000       0x12 fs/fat/ffsystem.32
 .comment       0x0000000000000000       0x12 fs/fat/ffunicode.32
 .comment       0x0000000000000000       0x12 hal/libresample/samplerate.32
 .comment       0x0000000000000000       0x12 hal/libresample/src_linear.32
 .comment       0x0000000000000000       0x12 hal/libresample/src_sinc.32
 .comment       0x0000000000000000       0x12 hal/libresample/src_zoh.32
 .group         0x0000000000000000       0x14 core/computer.32
 .group         0x0000000000000000        0xc core/computer.32
 .comment       0x0000000000000000       0x12 core/computer.32
 .comment       0x0000000000000000       0x12 core/gdt.32
 .group         0x0000000000000000        0xc core/idle.32
 .comment       0x0000000000000000       0x12 core/idle.32
 .comment       0x0000000000000000       0x12 core/idt.32
 .group         0x0000000000000000        0x8 core/kheap.32
 .group         0x0000000000000000        0x8 core/kheap.32
 .comment       0x0000000000000000       0x12 core/kheap.32
 .comment       0x0000000000000000       0x12 core/main.32
 .comment       0x0000000000000000       0x12 core/physmgr.32
 .group         0x0000000000000000        0xc core/pipe.32
 .comment       0x0000000000000000       0x12 core/pipe.32
 .group         0x0000000000000000        0xc core/terminal.32
 .comment       0x0000000000000000       0x12 core/terminal.32
 .group         0x0000000000000000        0x8 core/tss.32
 .text._ZN3CPU7readCR3Ev
                0x0000000000000000       0x12 core/tss.32
 .comment       0x0000000000000000       0x12 core/tss.32
 .group         0x0000000000000000        0x8 core/unixfile.32
 .group         0x0000000000000000        0xc core/unixfile.32
 .group         0x0000000000000000        0xc core/unixfile.32
 .group         0x0000000000000000        0x8 core/unixfile.32
 .group         0x0000000000000000        0xc core/unixfile.32
 .group         0x0000000000000000        0x8 core/unixfile.32
 .group         0x0000000000000000        0xc core/unixfile.32
 .group         0x0000000000000000        0xc core/unixfile.32
 .comment       0x0000000000000000       0x12 core/unixfile.32
 .group         0x0000000000000000        0x8 core/virtmgr.32
 .group         0x0000000000000000        0x8 core/virtmgr.32
 .text._ZN3CPU7readCR3Ev
                0x0000000000000000       0x12 core/virtmgr.32
 .text._ZN3CPU8writeCR3Em
                0x0000000000000000        0x9 core/virtmgr.32
 .comment       0x0000000000000000       0x12 core/virtmgr.32
 .comment       0x0000000000000000       0x12 coreobjs/c++.32
 .comment       0x0000000000000000       0x12 dbg/kconsole.32
 .group         0x0000000000000000        0xc fs/vfs.32
 .group         0x0000000000000000        0xc fs/vfs.32
 .group         0x0000000000000000        0xc fs/vfs.32
 .comment       0x0000000000000000       0x12 fs/vfs.32
 .group         0x0000000000000000        0xc hal/bus.32
 .comment       0x0000000000000000       0x12 hal/bus.32
 .group         0x0000000000000000        0xc hal/buzzer.32
 .comment       0x0000000000000000       0x12 hal/buzzer.32
 .group         0x0000000000000000        0xc hal/clock.32
 .comment       0x0000000000000000       0x12 hal/clock.32
 .group         0x0000000000000000       0x14 hal/device.32
 .group         0x0000000000000000        0xc hal/device.32
 .group         0x0000000000000000        0xc hal/device.32
[...]
Memory Configuration

Name             Origin             Length             Attributes
*default*        0x0000000000000000 0xffffffffffffffff

Linker script and memory map

LOAD D:/Users/Alex/Desktop/Banana/kernel/boot.32
LOAD crti.32
LOAD /cygdrive/d/Users/Alex/Desktop/Toolchain/Output/bin/../lib/gcc/i386-banana/8.1.0/crtbegin.o
LOAD D:/Users/Alex/Desktop/Banana/kernel/morenasm.32
LOAD acpica/utclib.32
LOAD core/malloc.32
LOAD libk/string.32
LOAD fs/fat/diskio.32
LOAD fs/fat/ff.32
LOAD fs/fat/ffsystem.32
LOAD fs/fat/ffunicode.32
LOAD hal/libresample/samplerate.32
LOAD hal/libresample/src_linear.32
LOAD hal/libresample/src_sinc.32
LOAD hal/libresample/src_zoh.32
LOAD core/computer.32
LOAD core/gdt.32
LOAD core/idle.32
LOAD core/idt.32
LOAD core/kheap.32
LOAD core/main.32
LOAD core/physmgr.32
LOAD core/pipe.32
LOAD core/terminal.32
LOAD core/tss.32
LOAD core/unixfile.32
LOAD core/virtmgr.32
LOAD coreobjs/c++.32
LOAD dbg/kconsole.32
LOAD fs/vfs.32
LOAD hal/bus.32
LOAD hal/buzzer.32
LOAD hal/clock.32
LOAD hal/device.32
LOAD hal/diskctrl.32
LOAD hal/diskphys.32
LOAD hal/fpu.32
LOAD hal/intctrl.32
LOAD hal/keybrd.32
LOAD hal/logidisk.32
LOAD hal/mouse.32
LOAD hal/partition.32
LOAD hal/timer.32
LOAD hal/vcache.32
LOAD hal/video.32
LOAD hw/acpi.32
LOAD hw/cpu.32
LOAD hw/ports.32
LOAD krnl/panic.32
LOAD reg/registry.32
LOAD sys/sc_exit.32
LOAD sys/sc_loaddll.32
LOAD sys/sc_read.32
LOAD sys/sc_sbrk.32
LOAD sys/sc_write.32
LOAD sys/sc_yield.32
LOAD sys/syscalls.32
LOAD thr/elf.32
LOAD thr/prcssthr.32
LOAD vm86/vm8086.32
LOAD fs/fat/vfslink.32
LOAD fs/iso9660/vfslink.32
LOAD hal/sound/sndchannel.32
LOAD hal/sound/sndhw.32
LOAD hw/bus/isa.32
LOAD hw/bus/pci.32
LOAD hw/diskctrl/ide.32
LOAD hw/diskphys/ata.32
LOAD hw/diskphys/atapi.32
LOAD hw/fpu/avx.32
LOAD hw/fpu/mmx.32
LOAD hw/fpu/sse.32
LOAD hw/fpu/x87.32
LOAD hw/intctrl/apic.32
LOAD hw/intctrl/pic.32
LOAD hw/timer/apictimer.32
LOAD hw/timer/pit.32
LOAD hw/fpu/x86/avx.32
LOAD hw/fpu/x86/sse.32
LOAD hw/fpu/x86/x87.32
LOAD /cygdrive/d/Users/Alex/Desktop/Toolchain/Output/bin/../lib/gcc/i386-banana/8.1.0/crtend.o
LOAD crtn.32
LOAD /cygdrive/d/Users/Alex/Desktop/Toolchain/Output/bin/../lib/gcc/i386-banana/8.1.0/libgcc.a
LOAD D:/Users/Alex/Desktop/Banana/kernel/libk/libm32.a
                0x00000000c0000000                . = 0xc0000000

.text           0x00000000c0000000    0x1f428
 *(.text)
 .text          0x00000000c0000000       0x41 D:/Users/Alex/Desktop/Banana/kernel/boot.32
                0x00000000c0000020                callGlobalConstructors
 .text          0x00000000c0000041        0x0 crti.32
 *fill*         0x00000000c0000041        0x3 
 .text          0x00000000c0000044      0x101 /cygdrive/d/Users/Alex/Desktop/Toolchain/Output/bin/../lib/gcc/i386-banana/8.1.0/crtbegin.o
 *fill*         0x00000000c0000145        0xb 
 .text          0x00000000c0000150      0x4fd D:/Users/Alex/Desktop/Banana/kernel/morenasm.32
                0x00000000c0000150                prepareTramp
                0x00000000c0000169                voodooXADD
                0x00000000c000022e                doTPAUSE
                0x00000000c0000238                hasLegacyFPU
                0x00000000c000025d                is486
                0x00000000c0000293                goToVM86
                0x00000000c00002c4                goToUsermode
                0x00000000c00002ef                switchToThreadASMFirstTime
                0x00000000c00002fd                switchToThreadASM
                0x00000000c000039d                detectCPUID
                0x00000000c00003b3                asmQuickAcquireLock
                0x00000000c00003d1                asmQuickReleaseLock
                0x00000000c00003dd                asmAcquireLock
                0x00000000c00003fe                asmReleaseLock
                0x00000000c0000411                loadGDT
                0x00000000c0000431                isr0
                0x00000000c0000441                isr1
                0x00000000c000044b                isr2
                0x00000000c0000455                isr3
                0x00000000c000045f                isr4
                0x00000000c0000469                isr5
                0x00000000c0000473                isr6
                0x00000000c000047d                isr7
                0x00000000c0000487                isr8
                0x00000000c000048f                isr9
                0x00000000c0000499                isr10
                0x00000000c00004a1                isr11
                0x00000000c00004a9                isr12
                0x00000000c00004b1                isr13
                0x00000000c00004b9                isr14
                0x00000000c00004c1                isr15
                0x00000000c00004cb                isr16
                0x00000000c00004d5                isr17
                0x00000000c00004df                isr18
                0x00000000c00004e9                isr96
                0x00000000c00004f3                irq0
                0x00000000c00004fd                irq1
                0x00000000c0000507                irq2
                0x00000000c0000511                irq3
                0x00000000c000051b                irq4
                0x00000000c0000525                irq5
                0x00000000c000052f                irq6
                0x00000000c0000539                irq7
                0x00000000c0000543                irq8
                0x00000000c000054d                irq9
                0x00000000c0000557                irq10
                0x00000000c0000561                irq11
                0x00000000c000056b                irq12
                0x00000000c0000575                irq13
                0x00000000c000057f                irq14
                0x00000000c0000589                irq15
                0x00000000c0000593                irq16
                0x00000000c000059d                irq17
                0x00000000c00005a7                irq18
                0x00000000c00005b1                irq19
                0x00000000c00005bb                irq20
                0x00000000c00005c5                irq21
                0x00000000c00005cf                irq22
                0x00000000c00005d9                irq23
                0x00000000c00005e3                int_common_stub
                0x00000000c0000613                syscall_common_stub
 .text          0x00000000c000064d      0x40f acpica/utclib.32
                0x00000000c000064d                memcmp
                0x00000000c0000678                memmove
                0x00000000c00006b0                memcpy
                0x00000000c00006e6                memset
                0x00000000c0000703                strlen
                0x00000000c0000713                strpbrk
                0x00000000c0000736                strtok
                0x00000000c0000785                strcpy
                0x00000000c00007a5                strncpy
                0x00000000c00007d6                strcmp
                0x00000000c00007f7                strchr
                0x00000000c000080d                strncmp
                0x00000000c000083c                strcat
                0x00000000c0000863                strncat
                0x00000000c000089d                strstr
                0x00000000c00008da                toupper
                0x00000000c00008ee                tolower
                0x00000000c0000902                simple_strtoul
 .text          0x00000000c0000a5c      0xfbf core/malloc.32
                0x00000000c0000bc7                dlfree
                0x00000000c0000f22                dlmalloc
                0x00000000c000145f                dlrealloc
                0x00000000c0001614                dlmemalign
                0x00000000c0001737                dlcalloc
                0x00000000c00017d1                dlcfree
                0x00000000c00017d6                dlindependent_calloc
                0x00000000c00017fb                dlindependent_comalloc
                0x00000000c0001812                dlvalloc
                0x00000000c000183d                dlpvalloc
                0x00000000c0001873                dlmalloc_trim
                0x00000000c0001880                dlmalloc_usable_size
                0x00000000c00018b1                dlmallinfo
                0x00000000c0001980                dlmalloc_stats
                0x00000000c0001991                dlmallopt
 .text          0x00000000c0001a1b        0x0 libk/string.32
 .text          0x00000000c0001a1b       0x51 fs/fat/diskio.32
                0x00000000c0001a1b                disk_status
                0x00000000c0001a1e                disk_initialize
                0x00000000c0001a21                disk_read
                0x00000000c0001a37                disk_write
                0x00000000c0001a4d                disk_ioctl
 .text          0x00000000c0001a6c     0x6833 fs/fat/ff.32
                0x00000000c0004d3a                f_mount
                0x00000000c0004d9c                f_open
                0x00000000c00051d8                f_read
                0x00000000c0005458                f_write
                0x00000000c0005712                f_sync
                0x00000000c00058ee                f_close
                0x00000000c000591d                f_lseek
                0x00000000c0005dd4                f_opendir
                0x00000000c0005ed6                f_closedir
                0x00000000c0005ef8                f_readdir
                0x00000000c0005f93                f_stat
                0x00000000c0006022                f_getfree
                0x00000000c00061ed                f_truncate
                0x00000000c00062e5                f_unlink
                0x00000000c0006468                f_mkdir
                0x00000000c0006694                f_rename
                0x00000000c0006987                f_chmod
                0x00000000c0006a65                f_utime
                0x00000000c0006b43                f_getlabel
                0x00000000c0006d31                f_setlabel
                0x00000000c0006f9e                f_forward
                0x00000000c000717c                f_mkfs
 .text          0x00000000c000829f       0x2d fs/fat/ffsystem.32
                0x00000000c000829f                ff_memalloc
                0x00000000c00082b5                ff_memfree
 .text          0x00000000c00082cc      0x253 fs/fat/ffunicode.32
                0x00000000c00082cc                ff_uni2oem
                0x00000000c000835c                ff_oem2uni
                0x00000000c00083c8                ff_wtoupper
 .text          0x00000000c000851f      0x70e hal/libresample/samplerate.32
                0x00000000c00085a7                src_delete
                0x00000000c00085e3                src_process
                0x00000000c000870b                src_callback_read
                0x00000000c000886c                src_set_ratio
                0x00000000c00088c3                src_get_channels
                0x00000000c00088e5                src_reset
                0x00000000c0008929                src_new
                0x00000000c00089b7                src_callback_new
                0x00000000c0008a19                src_get_name
                0x00000000c0008a50                src_get_description
                0x00000000c0008a87                src_get_version
                0x00000000c0008a8d                src_is_valid_ratio
                0x00000000c0008aa7                src_error
                0x00000000c0008ab5                src_strerror
                0x00000000c0008ac8                src_simple
                0x00000000c0008b1b                src_short_to_float_array
                0x00000000c0008b41                src_float_to_short_array
                0x00000000c0008ba5                src_int_to_float_array
                0x00000000c0008bcb                src_float_to_int_array
 .text          0x00000000c0008c2d      0x3fd hal/libresample/src_linear.32
                0x00000000c0008f85                linear_get_name
                0x00000000c0008f94                linear_get_description
                0x00000000c0008fa3                linear_set_converter
 .text          0x00000000c000902a     0x1a3f hal/libresample/src_sinc.32
                0x00000000c000a980                sinc_get_name
                0x00000000c000a993                sinc_get_description
                0x00000000c000a9a6                sinc_set_converter
 .text          0x00000000c000aa69      0x3d3 hal/libresample/src_zoh.32
                0x00000000c000ad97                zoh_get_name
                0x00000000c000ada6                zoh_get_description
                0x00000000c000adb5                zoh_set_converter
 .text          0x00000000c000ae3c      0x9ff core/computer.32
                0x00000000c000ae3c                Computer::close(int, int, void*)
                0x00000000c000ae80                Computer::Computer()
                0x00000000c000ae80                Computer::Computer()
                0x00000000c000afdc                Computer::setBootMessage(char const*)
                0x00000000c000afde                Computer::start()
                0x00000000c000b0d7                firstTask()
                0x00000000c000b0e6                Computer::detectFeatures()
                0x00000000c000b2c0                Computer::displayFeatures()
                0x00000000c000b606                Computer::rdmsr(unsigned int)
                0x00000000c000b632                Computer::wrmsr(unsigned int, unsigned long long)
                0x00000000c000b66a                Computer::nmiEnabled()
                0x00000000c000b676                Computer::readCMOS(unsigned char)
                0x00000000c000b690                Computer::enableNMI(bool)
                0x00000000c000b6a8                Computer::open(int, int, void*)
                0x00000000c000b77e                Computer::disableNMI()
                0x00000000c000b78c                Computer::writeCMOS(unsigned char, unsigned char)
                0x00000000c000b7aa                Computer::handleNMI()
                0x00000000c000b810                Computer::setDiskActivityLight(int, bool)
 *fill*         0x00000000c000b83b        0x1 
 .text          0x00000000c000b83c      0x1b7 core/gdt.32
                0x00000000c000b83c                GDTEntry::setBase(unsigned int)
                0x00000000c000b858                GDTEntry::setLimit(unsigned int)
                0x00000000c000b876                GDT::GDT()
                0x00000000c000b876                GDT::GDT()
                0x00000000c000b88c                GDT::addEntry(GDTEntry)
                0x00000000c000b8c8                GDT::getNumberOfEntries()
                0x00000000c000b8d0                GDT::flush()
                0x00000000c000b8f2                GDT::setup()
 .text          0x00000000c000b9f3       0x61 core/idle.32
                0x00000000c000b9f3                idleFunction(void*)
 .text          0x00000000c000ba54      0x45f core/idt.32
                0x00000000c000ba54                IDTEntry::IDTEntry(bool)
                0x00000000c000ba54                IDTEntry::IDTEntry(bool)
                0x00000000c000bac2                IDTEntry::setOffset(unsigned int)
                0x00000000c000bad6                IDT::IDT()
                0x00000000c000bad6                IDT::IDT()
                0x00000000c000bad8                IDT::getPointerToInvalidOpcodeEntryForF00F()
                0x00000000c000bae0                IDT::addEntry(IDTEntry, int)
                0x00000000c000bafa                IDT::addEntry(int, void (*)(), bool)
                0x00000000c000bb32                IDT::flush()
                0x00000000c000bb4c                IDT::setup()
 .text          0x00000000c000beb3      0x20d core/kheap.32
                0x00000000c000beb3                sbrk
                0x00000000c000bfcb                mmap
                0x00000000c000bfe1                munmap
                0x00000000c000bff7                liballoc_lock()
                0x00000000c000c008                liballoc_unlock()
                0x00000000c000c019                liballoc_alloc(int)
                0x00000000c000c034                liballoc_free(void*, int)
                0x00000000c000c052                realloc
                0x00000000c000c066                malloc
                0x00000000c000c076                free
                0x00000000c000c086                rfree
                0x00000000c000c096                calloc
 .text          0x00000000c000c0c0      0x38d core/main.32
                0x00000000c000c0c0                hwTextMode_loadInData(VgaText*)
                0x00000000c000c105                hwTextMode_loadInTitle(VgaText*, char*)
                0x00000000c000c147                hwTextMode_showCursor(VgaText*, bool)
                0x00000000c000c19b                hwTextMode_update(VgaText*)
                0x00000000c000c19c                hwTextMode_updateCursor(VgaText*)
                0x00000000c000c1e4                hwTextMode_disableBlink(VgaText*, bool)
                0x00000000c000c220                hwTextMode_scrollScreen(VgaText*)
                0x00000000c000c2a6                hwTextMode_writeCharacter(VgaText*, char, VgaColour, VgaColour, int, int)
                0x00000000c000c304                setupTextMode()
                0x00000000c000c355                kernel_main
 .text          0x00000000c000c44d      0x4f3 core/physmgr.32
                0x00000000c000c44d                Phys::allocateDMA(unsigned long)
                0x00000000c000c4f0                Phys::freeDMA(unsigned long, unsigned long)
                0x00000000c000c538                Phys::setPageState(unsigned long, bool)
                0x00000000c000c56a                Phys::getPageState(unsigned long)
                0x00000000c000c586                Phys::freePage(unsigned long)
                0x00000000c000c610                Phys::allocatePage()
                0x00000000c000c6d8                Phys::allowSegmentToBeUsed(unsigned long, unsigned long)
                0x00000000c000c710                Phys::physicalMemorySetup(unsigned int)
 .text          0x00000000c000c940      0x273 core/pipe.32
                0x00000000c000c940                Pipe::isAtty()
                0x00000000c000c944                Pipe::~Pipe()
                0x00000000c000c944                Pipe::~Pipe()
                0x00000000c000c968                Pipe::~Pipe()
                0x00000000c000c990                Pipe::read(unsigned long long, void*, int*)
                0x00000000c000ca84                Pipe::write(unsigned long long, void*, int*)
                0x00000000c000cb4c                Pipe::Pipe(int)
                0x00000000c000cb4c                Pipe::Pipe(int)
 *fill*         0x00000000c000cbb3        0x1 
 .text          0x00000000c000cbb4      0xf65 core/terminal.32
                0x00000000c000cbb4                VgaText::isAtty()
                0x00000000c000cbb8                VgaText::~VgaText()
                0x00000000c000cbb8                VgaText::~VgaText()
                0x00000000c000cbdc                VgaText::~VgaText()
                0x00000000c000cc06                VgaText::read(unsigned long long, void*, int*)
                0x00000000c000cc26                setTerminalScrollLock(bool)
                0x00000000c000cc27                addToTerminalCycle(VgaText*)
                0x00000000c000cc54                installVgaTextImplementation()
                0x00000000c000cc69                scrollTerminalScrollLock(int)
                0x00000000c000cc6a                VgaText::load()
                0x00000000c000ccbe                VgaText::updateCursor()
                0x00000000c000ccd8                VgaText::showCursor(bool)
                0x00000000c000cce8                VgaText::disableBlink(bool)
                0x00000000c000cd22                VgaText::doANSI_SGR(int)
                0x00000000c000cdae                VgaText::setDefaultBgColour(VgaColour)
                0x00000000c000cdc4                VgaText::setDefaultFgColour(VgaColour)
                0x00000000c000cdda                VgaText::setDefaultColours(VgaColour, VgaColour)
                0x00000000c000cdfa                VgaText::combineColours(unsigned char, unsigned char)
                0x00000000c000ce0c                VgaText::scrollScreen()
                0x00000000c000cea0                VgaText::combineCharAndColour(char, unsigned char)
                0x00000000c000ceb2                VgaText::writeCharacter(char, VgaColour, VgaColour, int, int)
                0x00000000c000cf12                VgaText::getCursorX()
                0x00000000c000cf1e                VgaText::getCursorY()
                0x00000000c000cf2a                VgaText::setCursor(int, int)
                0x00000000c000cf48                VgaText::setCursorX(int)
                0x00000000c000cf64                VgaText::setCursorY(int)
                0x00000000c000cf80                VgaText::incrementCursor(bool)
                0x00000000c000cfe8                VgaText::updateRAMUsageDisplay(int)
                0x00000000c000d042                VgaText::updateDiskUsage()
                0x00000000c000d1a8                VgaText::updateTitle()
                0x00000000c000d1ee                VgaText::setTitleTextColour(VgaColour)
                0x00000000c000d1fe                VgaText::setTitleColour(VgaColour)
                0x00000000c000d20e                VgaText::setTitle(char*)
                0x00000000c000d234                VgaText::decrementCursor(bool)
                0x00000000c000d25c                VgaText::putchar(char, VgaColour, VgaColour)
                0x00000000c000d358                VgaText::isShowingCursor()
                0x00000000c000d364                VgaText::isBlinkDisabled()
                0x00000000c000d372                VgaText::setCursorHeight(int)
                0x00000000c000d390                VgaText::getCursorHeight()
                0x00000000c000d39b                setActiveTerminal(VgaText*)
                0x00000000c000d44d                doTerminalCycle()
                0x00000000c000d46a                VgaText::doUpdate()
                0x00000000c000d47c                VgaText::puts(char const*, VgaColour, VgaColour)
                0x00000000c000d63c                VgaText::clearScreen()
                0x00000000c000d6a0                VgaText::putchar(char)
                0x00000000c000d7ba                VgaText::puts(char const*)
                0x00000000c000d7e0                VgaText::putx(unsigned int)
                0x00000000c000d826                VgaText::VgaText(char const*)
                0x00000000c000d826                VgaText::VgaText(char const*)
                0x00000000c000d9b8                VgaText::receiveKey(unsigned char)
                0x00000000c000daa0                VgaText::write(unsigned long long, void*, int*)
                0x00000000c000daf4                newTerminal(char*)
 *fill*         0x00000000c000db19        0x1 
 .text          0x00000000c000db1a      0x18f core/tss.32
                0x00000000c000db1a                TSS::TSS()
                0x00000000c000db1a                TSS::TSS()
                0x00000000c000db28                TSS::setESP(unsigned long)
                0x00000000c000db3a                TSS::flush()
                0x00000000c000db5a                TSS::setup(unsigned long, unsigned long)
 *fill*         0x00000000c000dca9        0x1 
 .text          0x00000000c000dcaa      0x482 core/unixfile.32
                0x00000000c000dcaa                ReservedFilename::read(unsigned long long, void*, int*)
                0x00000000c000dd00                ReservedFilename::isAtty()
                0x00000000c000dd1c                ReservedFilename::write(unsigned long long, void*, int*)
                0x00000000c000dd7a                UnixFile::getFileDescriptor()
                0x00000000c000dd82                UnixFile::UnixFile(int)
                0x00000000c000dd82                UnixFile::UnixFile(int)
                0x00000000c000def2                ReservedFilename::ReservedFilename(int)
                0x00000000c000def2                ReservedFilename::ReservedFilename(int)
                0x00000000c000df24                UnixFile::~UnixFile()
                0x00000000c000df24                UnixFile::~UnixFile()
                0x00000000c000dfbc                UnixFile::~UnixFile()
                0x00000000c000dfe4                ReservedFilename::~ReservedFilename()
                0x00000000c000dfe4                ReservedFilename::~ReservedFilename()
                0x00000000c000e008                ReservedFilename::~ReservedFilename()
                0x00000000c000e02f                getFromFileDescriptor(int)
 .text          0x00000000c000e12c      0xec7 core/virtmgr.32
                0x00000000c000e12c                Virt::setPageState(unsigned long, Virt::VirtPageState)
                0x00000000c000e161                Virt::getPageState(unsigned long)
                0x00000000c000e185                Virt::allocateKernelVirtualPages(int)
                0x00000000c000e296                Virt::virtualMemorySetup()
                0x00000000c000e315                Virt::getAKernelVAS()
                0x00000000c000e31b                Virt::setupPageSwapping(int)
                0x00000000c000e440                VAS::VAS()
                0x00000000c000e440                VAS::VAS()
                0x00000000c000e470                VAS::VAS(VAS*)
                0x00000000c000e470                VAS::VAS(VAS*)
                0x00000000c000e494                VAS::getForeignPageTableEntry(bool, unsigned long)
                0x00000000c000e4c0                VAS::getPageTableEntry(unsigned long)
                0x00000000c000e4df                Virt::freeKernelVirtualPages(unsigned long)
                0x00000000c000e602                VAS::freeAllocatedPages(unsigned long)
                0x00000000c000e626                VAS::virtualToPhysical(unsigned long)
                0x00000000c000e63e                VAS::reflagRange(unsigned long, int, int, int)
                0x00000000c000e67e                VAS::setToWriteCombining(unsigned long, int)
                0x00000000c000e6b6                VAS::mapOtherVASIn(bool, VAS*)
                0x00000000c000e6ec                VAS::~VAS()
                0x00000000c000e6ec                VAS::~VAS()
                0x00000000c000e858                VAS::mapPage(unsigned long, unsigned long, int)
                0x00000000c000e958                VAS::allocatePages(int, int)
                0x00000000c000eb28                VAS::setCPUSpecific(unsigned long)
                0x00000000c000eb44                VAS::mapRange(unsigned long, unsigned long, int, int)
                0x00000000c000ec0e                VAS::mapForeignPage(bool, VAS*, unsigned long, unsigned long, int)
                0x00000000c000ecfc                VAS::VAS(bool)
                0x00000000c000ecfc                VAS::VAS(bool)
                0x00000000c000ef2c                mapVASFirstTime
 .text          0x00000000c000eff3       0x93 coreobjs/c++.32
                0x00000000c000eff3                __cxa_atexit
                0x00000000c000eff6                __cxa_finalize
                0x00000000c000eff7                __stack_chk_fail
                0x00000000c000f057                __cxa_pure_virtual
                0x00000000c000f068                operator new(unsigned long)
                0x00000000c000f06d                operator new[](unsigned long)
                0x00000000c000f072                operator delete(void*)
                0x00000000c000f077                operator delete(void*, unsigned long)
                0x00000000c000f07c                operator delete[](void*)
                0x00000000c000f081                operator delete[](void*, unsigned long)
 .text          0x00000000c000f086      0x1ef dbg/kconsole.32
                0x00000000c000f086                Dbg::stringifyxWithBase(unsigned int, char*, int)
                0x00000000c000f0e7                Dbg::logc(char)
                0x00000000c000f0fe                Dbg::logs(char*)
                0x00000000c000f11b                Dbg::logWriteInt(unsigned int)
                0x00000000c000f138                Dbg::logWriteIntBase(unsigned int, int)
                0x00000000c000f157                Dbg::kprintf(char const*, ...)
 *fill*         0x00000000c000f275        0x1 
 .text          0x00000000c000f276      0xb68 fs/vfs.32
                0x00000000c000f276                File::read(unsigned long long, void*, int*)
                0x00000000c000f2ce                File::write(unsigned long long, void*, int*)
                0x00000000c000f326                Directory::read(unsigned long long, void*, int*)
                0x00000000c000f37e                Directory::write(unsigned long long, void*, int*)
                0x00000000c000f3ac                File::isAtty()
                0x00000000c000f3b0                Directory::isAtty()
                0x00000000c000f3b4                Filesystem::getlabel(LogicalDisk*, int, char*, unsigned int*)
                0x00000000c000f3ba                Filesystem::setlabel(LogicalDisk*, int, char*)
                0x00000000c000f3c0                File::~File()
                0x00000000c000f3c0                File::~File()
                0x00000000c000f3e4                File::~File()
                0x00000000c000f40e                Directory::~Directory()
                0x00000000c000f40e                Directory::~Directory()
                0x00000000c000f432                Directory::~Directory()
                0x00000000c000f45c                Filesystem::Filesystem()
                0x00000000c000f45c                Filesystem::Filesystem()
                0x00000000c000f480                Filesystem::~Filesystem()
                0x00000000c000f480                Filesystem::~Filesystem()
                0x00000000c000f48e                Filesystem::~Filesystem()
                0x00000000c000f4b2                initVFS()
                0x00000000c000f4dc                standardiseFiles(char*, char const*, char const*)
                0x00000000c000f686                File::File(char const*, Process*)
                0x00000000c000f686                File::File(char const*, Process*)
                0x00000000c000f6ea                File::open(FileOpenMode)
                0x00000000c000f748                File::close()
                0x00000000c000f7a8                File::seek(unsigned long long)
                0x00000000c000f7fe                File::tell(unsigned long long*)
                0x00000000c000f84e                File::rewind()
                0x00000000c000f862                File::unlink()
                0x00000000c000f8ae                File::rename(char const*)
                0x00000000c000f8fc                File::chfatattr(unsigned char, unsigned char)
                0x00000000c000f958                File::exists()
                0x00000000c000f996                File::stat(unsigned long long*, bool*)
                0x00000000c000f9f7                getcwd(Process*, char*, int)
                0x00000000c000fa21                setcwd(Process*, char*)
                0x00000000c000fb48                Directory::Directory(char const*, Process*)
                0x00000000c000fb48                Directory::Directory(char const*, Process*)
                0x00000000c000fbac                Directory::open()
                0x00000000c000fc08                Directory::close()
                0x00000000c000fc68                Directory::unlink()
                0x00000000c000fcb4                Directory::rename(char const*)
                0x00000000c000fd02                Directory::exists()
                0x00000000c000fd40                Directory::read(dirent*)
                0x00000000c000fd8c                Directory::create()
                0x00000000c000fdd8                Filesystem::chfatattr(char const*, unsigned char, unsigned char)
 .text          0x00000000c000fdde       0x84 hal/bus.32
                0x00000000c000fdde                Bus::Bus(char const*)
                0x00000000c000fdde                Bus::Bus(char const*)
                0x00000000c000fe14                Bus::~Bus()
                0x00000000c000fe14                Bus::~Bus()
                0x00000000c000fe38                Bus::~Bus()
 .text          0x00000000c000fe62      0x14e hal/buzzer.32
                0x00000000c000fe62                Buzzer::Buzzer(char const*)
                0x00000000c000fe62                Buzzer::Buzzer(char const*)
                0x00000000c000fea6                Buzzer::~Buzzer()
                0x00000000c000fea6                Buzzer::~Buzzer()
                0x00000000c000feca                Buzzer::~Buzzer()
                0x00000000c000fef4                Buzzer::stop()
                0x00000000c000ff07                beepThread(void*)
                0x00000000c000ff42                Buzzer::beep(int, int, bool)
 .text          0x00000000c000ffb0      0x42f hal/clock.32
                0x00000000c000ffb0                loadClockSettings()
                0x00000000c000ffca                Clock::Clock(char const*)
                0x00000000c000ffca                Clock::Clock(char const*)
                0x00000000c0010000                Clock::~Clock()
                0x00000000c0010000                Clock::~Clock()
                0x00000000c0010024                Clock::~Clock()
                0x00000000c001004e                Clock::timeInSecondsLocal()
                0x00000000c0010096                Clock::setTimeInSecondsLocal(unsigned long long)
                0x00000000c00100ef                datetimeToSeconds(datetime_t)
                0x00000000c0010216                Clock::setTimeInDatetimeLocal(datetime_t)
                0x00000000c0010276                secondsToDatetime(unsigned long long)
                0x00000000c00103ba                Clock::timeInDatetimeLocal()
 *fill*         0x00000000c00103df        0x1 
 .text          0x00000000c00103e0      0x504 hal/device.32
                0x00000000c00103e0                Device::hibernate()
                0x00000000c00103e2                Device::wake()
                0x00000000c00103e4                Device::detect()
                0x00000000c00103e6                Device::disableLegacy()
                0x00000000c00103e8                Device::powerSaving(PowerSavingLevel)
                0x00000000c00103ea                DriverlessDevice::close(int, int, void*)
                0x00000000c00103ee                DriverlessDevice::detect()
                0x00000000c00103f0                DriverlessDevice::open(int, int, void*)
                0x00000000c0010404                Device::~Device()
                0x00000000c0010404                Device::~Device()
                0x00000000c0010412                Device::~Device()
                0x00000000c001043a                Device::findAndLoadDriver()
                0x00000000c001043c                Device::preOpenPCI(PCIDeviceInfo)
                0x00000000c0010462                Device::preOpenACPI(void*, char*, char*)
                0x00000000c00104b6                Device::addIRQHandler(int, void (*)(regs*, void*), bool, void*)
                0x00000000c0010514                Device::removeIRQHandler(int, void (*)(regs*, void*), bool)
                0x00000000c0010562                Device::addChild(Device*)
                0x00000000c00105a6                Device::removeAllChildren()
                0x00000000c00105ec                Device::hibernateAll()
                0x00000000c001061c                Device::wakeAll()
                0x00000000c001064c                Device::detectAll()
                0x00000000c001067c                Device::disableLegacyAll()
                0x00000000c00106ac                Device::loadDriversForAll()
                0x00000000c00106d8                Device::closeAll()
                0x00000000c001070e                Device::powerSavingAll(PowerSavingLevel)
                0x00000000c0010744                Device::setName(char const*)
                0x00000000c0010752                Device::Device(char const*)
                0x00000000c0010752                Device::Device(char const*)
                0x00000000c0010844                Device::getName()
                0x00000000c001084e                DriverlessDevice::DriverlessDevice(char const*)
                0x00000000c001084e                DriverlessDevice::DriverlessDevice(char const*)
                0x00000000c0010876                Device::addToLinkedList(LinkedList<Device>&, DeviceType)
                0x00000000c00108ba                getDevicesOfType(DeviceType)
 .text          0x00000000c00108e4       0x84 hal/diskctrl.32
                0x00000000c00108e4                HardDiskController::HardDiskController(char const*)
                0x00000000c00108e4                HardDiskController::HardDiskController(char const*)
                0x00000000c001091a                HardDiskController::~HardDiskController()
                0x00000000c001091a                HardDiskController::~HardDiskController()
                0x00000000c001093e                HardDiskController::~HardDiskController()
 .text          0x00000000c0010968       0xde hal/diskphys.32
                0x00000000c0010968                PhysicalDisk::PhysicalDisk(char const*, int)
                0x00000000c0010968                PhysicalDisk::PhysicalDisk(char const*, int)
                0x00000000c00109d0                PhysicalDisk::startCache()
                0x00000000c00109f8                PhysicalDisk::~PhysicalDisk()
                0x00000000c00109f8                PhysicalDisk::~PhysicalDisk()
                0x00000000c0010a1c                PhysicalDisk::~PhysicalDisk()
 .text          0x00000000c0010a46      0x142 hal/fpu.32
                0x00000000c0010a46                FPU::FPU(char const*)
                0x00000000c0010a46                FPU::FPU(char const*)
                0x00000000c0010a7c                FPU::~FPU()
                0x00000000c0010a7c                FPU::~FPU()
                0x00000000c0010aa0                FPU::~FPU()
                0x00000000c0010aca                setupFPU()
 .text          0x00000000c0010b88     0x12db hal/intctrl.32
                0x00000000c0010b88                InterruptController::uninstallISRHandler(int, void (*)(regs*, void*))
                0x00000000c0010bc0                InterruptController::installISRHandler(int, void (*)(regs*, void*), void*)
                0x00000000c0010c12                doubleFault(regs*, void*)
                0x00000000c0010c2c                InterruptController::installIRQHandler(int, void (*)(regs*, void*), bool, void*)
                0x00000000c0010cc8                InterruptController::clearAllHandlers(int, bool)
                0x00000000c0010d70                InterruptController::uninstallIRQHandler(int, void (*)(regs*, void*), bool)
                0x00000000c0010df7                nmiHandler(regs*, void*)
                0x00000000c0010e05                int_handler
                0x00000000c0010ea0                InterruptController::InterruptController(char const*)
                0x00000000c0010ea0                InterruptController::InterruptController(char const*)
                0x00000000c0010f46                InterruptController::~InterruptController()
                0x00000000c0010f46                InterruptController::~InterruptController()
                0x00000000c0010f6a                InterruptController::~InterruptController()
                0x00000000c0010f94                displayDebugInfo(regs*)
                0x00000000c00113ab                x87EmulHandler(regs*, void*)
                0x00000000c001140e                gpFault(regs*, void*)
                0x00000000c0011447                pgFault(regs*, void*)
                0x00000000c001145e                otherISRHandler(regs*, void*)
                0x00000000c001147d                opcodeFault(regs*, void*)
                0x00000000c0011a36                displayProgramFault(char const*)
                0x00000000c0011a5e                setupInterruptController()
                0x00000000c0011e16                InterruptController::convertLegacyIRQNumber(int)
 *fill*         0x00000000c0011e63        0x1 
 .text          0x00000000c0011e64      0x608 hal/keybrd.32
                0x00000000c0011e64                startGUI(void*)
                0x00000000c0011ed6                sendKeyToTerminal(unsigned char)
                0x00000000c0011f42                sendKeyboardToken(KeyboardToken)
                0x00000000c001231d                clearInternalKeybuffer(VgaText*)
                0x00000000c0012352                readKeyboard(VgaText*, char*, unsigned long)
                0x00000000c00123e2                Keyboard::Keyboard(char const*)
                0x00000000c00123e2                Keyboard::Keyboard(char const*)
                0x00000000c001241e                Keyboard::~Keyboard()
                0x00000000c001241e                Keyboard::~Keyboard()
                0x00000000c0012442                Keyboard::~Keyboard()
 .text          0x00000000c001246c      0x400 hal/logidisk.32
                0x00000000c001246c                LogicalDisk::close(int, int, void*)
                0x00000000c0012470                LogicalDisk::~LogicalDisk()
                0x00000000c0012470                LogicalDisk::~LogicalDisk()
                0x00000000c0012494                LogicalDisk::~LogicalDisk()
                0x00000000c00124be                LogicalDisk::open(int, int, void*)
                0x00000000c00124d2                LogicalDisk::absoluteToRelative(unsigned long long)
                0x00000000c001250a                LogicalDisk::relativeToAbsolute(unsigned long long)
                0x00000000c0012550                LogicalDisk::LogicalDisk(char const*, PhysicalDisk*, unsigned long long, unsigned long long)
                0x00000000c0012550                LogicalDisk::LogicalDisk(char const*, PhysicalDisk*, unsigned long long, unsigned long long)
                0x00000000c0012606                LogicalDisk::assignDriveLetter()
                0x00000000c00126bc                LogicalDisk::mount()
                0x00000000c001272e                LogicalDisk::unmount()
                0x00000000c001273e                LogicalDisk::unassignDriveLetter()
                0x00000000c0012794                LogicalDisk::read(unsigned long long, int, void*)
                0x00000000c0012800                LogicalDisk::write(unsigned long long, int, void*)
 .text          0x00000000c001286c       0x84 hal/mouse.32
                0x00000000c001286c                Mouse::Mouse(char const*)
                0x00000000c001286c                Mouse::Mouse(char const*)
                0x00000000c00128a2                Mouse::~Mouse()
                0x00000000c00128a2                Mouse::~Mouse()
                0x00000000c00128c6                Mouse::~Mouse()
 .text          0x00000000c00128f0      0x339 hal/partition.32
                0x00000000c00128f0                makePartition(PhysicalDisk*, unsigned long long, unsigned long long)
                0x00000000c0012998                createPartitionsForDisk(PhysicalDisk*)
 *fill*         0x00000000c0012c29        0x1 
 .text          0x00000000c0012c2a      0x2e7 hal/timer.32
                0x00000000c0012c2a                Timer::Timer(char const*)
                0x00000000c0012c2a                Timer::Timer(char const*)
                0x00000000c0012c60                Timer::~Timer()
                0x00000000c0012c60                Timer::~Timer()
                0x00000000c0012c84                Timer::~Timer()
                0x00000000c0012cae                Timer::read()
                0x00000000c0012cb9                timerHandler(unsigned long long)
                0x00000000c0012df0                setupTimer(int)
 *fill*         0x00000000c0012f11        0x1 
 .text          0x00000000c0012f12      0x2d1 hal/vcache.32
                0x00000000c0012f12                VCache::VCache(PhysicalDisk*)
                0x00000000c0012f12                VCache::VCache(PhysicalDisk*)
                0x00000000c0013002                VCache::writeWriteBuffer()
                0x00000000c001303e                VCache::~VCache()
                0x00000000c001303e                VCache::~VCache()
                0x00000000c001307e                VCache::~VCache()
                0x00000000c00130a6                VCache::write(unsigned long long, int, void*)
                0x00000000c001318a                VCache::read(unsigned long long, int, void*)
 *fill*         0x00000000c00131e3        0x1 
 .text          0x00000000c00131e4      0x26d hal/video.32
                0x00000000c00131e4                Video::putrect(int, int, int, int, unsigned int)
                0x00000000c001322e                Video::blit(unsigned int*, int, int, int, int)
                0x00000000c00132ac                Video::clearScreen(unsigned int)
                0x00000000c00132e0                Video::putpixel(int, int, unsigned int)
                0x00000000c00132ee                Video::Video(char const*)
                0x00000000c00132ee                Video::Video(char const*)
                0x00000000c0013324                Video::~Video()
                0x00000000c0013324                Video::~Video()
                0x00000000c0013348                Video::~Video()
                0x00000000c0013372                Video::isMonochrome()
                0x00000000c001337e                Video::getWidth()
                0x00000000c001338a                Video::getHeight()
                0x00000000c0013396                Video::drawCursor(int, int, unsigned char*, int)
 *fill*         0x00000000c0013451        0x1 
 .text          0x00000000c0013452      0xd04 hw/acpi.32
                0x00000000c0013452                ACPI::close(int, int, void*)
                0x00000000c0013507                findRSDP()
                0x00000000c0013591                loadACPITables(unsigned char*)
                0x00000000c00137b8                findRSDT(unsigned char*)
                0x00000000c00138d6                findDataTable(unsigned char*, char*)
                0x00000000c0013972                scanMADT()
                0x00000000c0013d06                ACPI::ACPI()
                0x00000000c0013d06                ACPI::ACPI()
                0x00000000c0013d66                ACPI::getPCIIRQAssignment(unsigned char, unsigned short, unsigned char)
                0x00000000c0013e48                ACPI::registerPCIIRQAssignment(void*, unsigned short, unsigned char, unsigned char)
                0x00000000c0013f4e                ACPI::setScreenBrightnessLevel(void*, int)
                0x00000000c0013f54                ACPI::writeSimpleBootFlag(SimpleBootFlagTable*)
                0x00000000c0013f9c                ACPI::open(int, int, void*)
                0x00000000c001413e                ACPI::sleep()
 .text          0x00000000c0014156     0x17a6 hw/cpu.32
                0x00000000c0014156                CPU::close(int, int, void*)
                0x00000000c0014159                lookupAMDCPUName(unsigned char, unsigned char)
                0x00000000c00142ed                lookupIntelCPUName(unsigned char, unsigned char)
                0x00000000c001459b                AMD_K6_write_msr(unsigned int, unsigned int, unsigned int, REGS*)
                0x00000000c00145b7                AMD_K6_read_msr(unsigned int, REGS*)
                0x00000000c00145cf                AMD_K6_writeback(int, int, int)
                0x00000000c0014642                cpuid(int, unsigned long*, unsigned long*, unsigned long*, unsigned long*)
                0x00000000c00146c5                cpuidCheckEDX(unsigned int)
                0x00000000c00146f2                cpuidCheckECX(unsigned int)
                0x00000000c001471f                cpuidCheckExtendedEBX(unsigned int)
                0x00000000c001474c                cpuidCheckExtendedECX(unsigned int)
                0x00000000c0014779                getCPUNumber()
                0x00000000c001477c                thisCPU()
                0x00000000c0014790                CPU::CPU()
                0x00000000c0014790                CPU::CPU()
                0x00000000c001481e                CPU::displayFeatures()
                0x00000000c0014a9a                CPU::detectFeatures()
                0x00000000c001548c                CPU::setupSMEP()
                0x00000000c00154a6                CPU::setupUMIP()
                0x00000000c00154be                CPU::setupTSC()
                0x00000000c00154d6                CPU::setupLargePages()
                0x00000000c00154ee                CPU::setupPAT()
                0x00000000c001552a                CPU::setupMTRR()
                0x00000000c001552c                CPU::setupGlobalPages()
                0x00000000c0015542                CPU::allowUsermodeDataAccess()
                0x00000000c0015554                CPU::prohibitUsermodeDataAccess()
                0x00000000c0015566                CPU::setupSMAP()
                0x00000000c001558c                CPU::setupFeatures()
                0x00000000c001562e                CPU::open(int, int, void*)
                0x00000000c0015704                CPU::decodeAddress(regs*, int*, bool*, unsigned char*)
 .text          0x00000000c00158fc        0x0 hw/ports.32
 .text          0x00000000c00158fc      0x338 krnl/panic.32
                0x00000000c00158fc                Krnl::panic(char const*)
 .text          0x00000000c0015c34      0x503 reg/registry.32
                0x00000000c0015c34                Reg::findLineFromLoadedData(char*, char*, char*)
                0x00000000c0015d8c                Reg::getLineFromRegistry(char*, char*, char*, char*)
                0x00000000c0015eeb                Reg::getLine(char*, char*, char*)
                0x00000000c0015f22                Reg::readInt(char*, char*, int*)
                0x00000000c001600d                Reg::readString(char*, char*, char*, int)
                0x00000000c001608e                Reg::readBool(char*, char*, bool*)
                0x00000000c00160b3                Reg::readBoolWithDefault(char*, char*, bool)
                0x00000000c00160df                Reg::readIntWithDefault(char*, char*, int)
                0x00000000c001610b                Reg::readStringWithDefault(char*, char*, char*, int, char*)
 .text          0x00000000c0016137       0x18 sys/sc_exit.32
                0x00000000c0016137                Sys::exit(regs*)
 .text          0x00000000c001614f       0x95 sys/sc_loaddll.32
                0x00000000c001614f                Sys::loadDLL(regs*)
 .text          0x00000000c00161e4       0x68 sys/sc_read.32
                0x00000000c00161e4                Sys::read(regs*)
 .text          0x00000000c001624c       0x55 sys/sc_sbrk.32
                0x00000000c001624c                Sys::sbrk(regs*)
 .text          0x00000000c00162a1       0x68 sys/sc_write.32
                0x00000000c00162a1                Sys::write(regs*)
 .text          0x00000000c0016309       0x1a sys/sc_yield.32
                0x00000000c0016309                Sys::yield(regs*)
 .text          0x00000000c0016323      0xf85 sys/syscalls.32
                0x00000000c0016323                sysCallGetPID(regs*)
                0x00000000c001632f                sysCallSeekDir(regs*)
                0x00000000c0016334                sysCallTellDir(regs*)
                0x00000000c0016339                sysCallVerify(regs*)
                0x00000000c0016343                sysCallFork(regs*)
                0x00000000c001634e                sysCallExecve(regs*)
                0x00000000c0016359                sysCallGetArgc(regs*)
                0x00000000c0016369                sysFormatDisk(regs*)
                0x00000000c00163d3                sysSetDiskVolumeLabel(regs*)
                0x00000000c0016419                sysGetDiskVolumeLabel(regs*)
                0x00000000c001646a                sysShutdown(regs*)
                0x00000000c00164c8                sysCallGetCwd(regs*)
                0x00000000c00164e7                sysCallSetCwd(regs*)
                0x00000000c0016503                sysCallRealpath(regs*)
                0x00000000c0016546                sysCallReadDir(regs*)
                0x00000000c00165d4                sysCallIsATTY(regs*)
                0x00000000c001662e                sysCallSeek(regs*)
                0x00000000c0016697                sysCallTell(regs*)
                0x00000000c0016714                sysCallSizeFromFilename(regs*)
                0x00000000c00167c5                sysCallSize(regs*)
                0x00000000c0016848                sysCallClose(regs*)
                0x00000000c00168d0                sysCallOpenDir(regs*)
                0x00000000c001693d                sysCallMakeDir(regs*)
                0x00000000c0016996                sysCallCloseDir(regs*)
                0x00000000c00169fc                sysCallWait(regs*)
                0x00000000c0016a16                sysCallRmdir(regs*)
                0x00000000c0016a68                sysCallUnlink(regs*)
                0x00000000c0016aba                sysCallGetArgv(regs*)
                0x00000000c0016b06                sysCallTTYName(regs*)
                0x00000000c0016b89                sysCallGetEnv(regs*)
                0x00000000c0016bdb                sysCallUSleep(regs*)
                0x00000000c0016c02                sysCallSpawn(regs*)
                0x00000000c0016c5a                sysAppSettings(regs*)
                0x00000000c0016d79                sysSetFatAttrib(regs*)
                0x00000000c0016dd9                sysPanic(regs*)
                0x00000000c0016dff                sysPipe(regs*)
                0x00000000c0016e44                sysGetUnixTime(regs*)
                0x00000000c0016e58                string_ends_with(char const*, char const*)
                0x00000000c0016ea0                sysCallOpen(regs*)
                0x00000000c00170ad                setupSystemCalls()
                0x00000000c0017266                systemCall(regs*, void*)
 .text          0x00000000c00172a8     0x11c7 thr/elf.32
                0x00000000c00172a8                Thr::allocateMemoryForTask(Process*, File*, unsigned long, unsigned long, unsigned long)
                0x00000000c0017525                Thr::loadProgramIntoMemory(Process*, char const*)
                0x00000000c001773b                Thr::runtimeReferenceHelper()
                0x00000000c001774e                Thr::getAddressOfKernelSymbol(char const*)
                0x00000000c001779d                Thr::loadKernelSymbolTable(char const*)
                0x00000000c0017a5e                Thr::loadDriverIntoMemory(char const*, unsigned long, bool)
                0x00000000c00181fc                Thr::getDriverBaseFromAddress(unsigned long)
                0x00000000c001822e                Thr::getDriverNameFromAddress(unsigned long)
                0x00000000c0018265                Thr::getDriverOffsetFromAddress(unsigned long)
                0x00000000c001827f                Thr::loadDLL(char const*, bool)
                0x00000000c0018445                Thr::executeDLL(unsigned long, void*)
 *fill*         0x00000000c001846f        0x1 
 .text          0x00000000c0018470      0xfce thr/prcssthr.32
                0x00000000c0018470                changeTSS
                0x00000000c001849e                Process::addArgs(char**)
                0x00000000c00184f8                Process::Process(char const*, Process*, char**)
                0x00000000c00184f8                Process::Process(char const*, Process*, char**)
                0x00000000c00186b0                Process::Process(bool, char const*, Process*, char**)
                0x00000000c00186b0                Process::Process(bool, char const*, Process*, char**)
                0x00000000c0018833                disableIRQs()
                0x00000000c001883b                getIRQNestingLevel()
                0x00000000c0018841                enableIRQs()
                0x00000000c0018850                lockScheduler()
                0x00000000c0018852                unlockScheduler()
                0x00000000c0018854                userModeEntryPoint(void*)
                0x00000000c0018877                lockStuff()
                0x00000000c0018883                taskStartupFunction
                0x00000000c001888c                updateTimeUsed()
                0x00000000c00188ea                switchToThread(ThreadControlBlock*)
                0x00000000c001893a                Semaphore::Semaphore(int)
                0x00000000c001893a                Semaphore::Semaphore(int)
                0x00000000c0018968                Mutex::Mutex()
                0x00000000c0018968                Mutex::Mutex()
                0x00000000c001897a                Process::createThread(void (*)(void*), void*, int)
                0x00000000c0018a5e                Process::createUserThread()
                0x00000000c0018a7a                setupMultitasking(void (*)())
                0x00000000c0018b84                schedule()
                0x00000000c0018c09                unlockStuff()
                0x00000000c0018c3e                Semaphore::tryAcquire()
                0x00000000c0018c6c                Semaphore::assertLocked(char const*)
                0x00000000c0018c9c                blockTaskWithSchedulerLockAlreadyHeld(TaskState)
                0x00000000c0018cde                blockTask(TaskState)
                0x00000000c0018cff                waitTask(int, int*, int)
                0x00000000c0018d41                nanoSleepUntil(unsigned long long)
                0x00000000c0018d98                nanoSleep(unsigned long long)
                0x00000000c0018dad                sleep(unsigned long long)
                0x00000000c0018dca                Semaphore::acquire()
                0x00000000c0018e32                taskReturned
                0x00000000c0018e60                unblockTask(ThreadControlBlock*)
                0x00000000c0018f0f                cleanupTerminatedTask(ThreadControlBlock*)
                0x00000000c00191b3                cleanerTaskFunction(void*)
                0x00000000c0019266                terminateTask(int)
                0x00000000c0019346                Thr::terminateFromIRQ(int)
                0x00000000c0019352                Semaphore::release()
 .text          0x00000000c001943e      0x8bf vm86/vm8086.32
                0x00000000c001943e                Vm::vm8086EntryPoint(void*)
                0x00000000c0019469                Vm::inbv(unsigned short)
                0x00000000c001946f                Vm::outbv(unsigned short, unsigned char)
                0x00000000c0019479                Vm::realToLinear(unsigned short, unsigned short)
                0x00000000c0019489                Vm::getSegment(unsigned int)
                0x00000000c0019491                Vm::getOffset(unsigned int)
                0x00000000c0019496                Vm::loadFileAsThread(Process*, char const*, unsigned short, unsigned short, unsigned short, unsigned short)
                0x00000000c00195c5                Vm::doISR(regs*, int, unsigned char*, unsigned short, unsigned short)
                0x00000000c001964f                Vm::readByteFromReal(unsigned short, unsigned short)
                0x00000000c0019660                Vm::readWordFromReal(unsigned short, unsigned short)
                0x00000000c0019672                Vm::readDwordFromReal(unsigned short, unsigned short)
                0x00000000c0019683                Vm::writeByteFromReal(unsigned short, unsigned short, unsigned char)
                0x00000000c0019698                Vm::writeWordFromReal(unsigned short, unsigned short, unsigned short)
                0x00000000c00196ae                Vm::writeDwordFromReal(unsigned short, unsigned short, unsigned int)
                0x00000000c00196c3                Vm::faultHandler(regs*)
 *fill*         0x00000000c0019cfd        0x1 
 .text          0x00000000c0019cfe     0x10ed fs/fat/vfslink.32
                0x00000000c0019cfe                FAT::getName()
                0x00000000c0019d04                FAT::tell(void*, unsigned long long*)
                0x00000000c0019d38                FAT::stat(void*, unsigned long long*)
                0x00000000c0019d6c                FAT::~FAT()
                0x00000000c0019d6c                FAT::~FAT()
                0x00000000c0019d90                FAT::~FAT()
                0x00000000c0019db8                FAT::getlabel(LogicalDisk*, int, char*, unsigned int*)
                0x00000000c0019e56                FAT::setlabel(LogicalDisk*, int, char*)
                0x00000000c0019f10                FAT::format(LogicalDisk*, int, char const*, int)
                0x00000000c001a0f4                FAT::tryMount(LogicalDisk*, int)
                0x00000000c001a2fa                FAT::readDir(void*, unsigned long, void*, int*)
                0x00000000c001a400                FAT::read(void*, unsigned long, void*, int*)
                0x00000000c001a45a                FAT::write(void*, unsigned long, void*, int*)
                0x00000000c001a4b4                FAT::close(void*)
                0x00000000c001a500                FAT::closeDir(void*)
                0x00000000c001a54c                FAT::seek(void*, unsigned long long)
                0x00000000c001a5a0                fatWrapperReadDisk
                0x00000000c001a5e7                fatWrapperWriteDisk
                0x00000000c001a62e                fatWrapperIoctl
                0x00000000c001a732                FAT::FAT()
                0x00000000c001a732                FAT::FAT()
                0x00000000c001a784                FAT::fixFilepath(char*)
                0x00000000c001a7bc                FAT::open(char const*, void**, FileOpenMode)
                0x00000000c001a8e4                FAT::openDir(char const*, void**)
                0x00000000c001a98a                FAT::stat(char const*, unsigned long long*, bool*)
                0x00000000c001aa74                FAT::unlink(char const*)
                0x00000000c001aaee                FAT::chfatattr(char const*, unsigned char, unsigned char)
                0x00000000c001ac42                FAT::rename(char const*, char const*)
                0x00000000c001ad06                FAT::mkdir(char const*)
                0x00000000c001ad80                FAT::exists(char const*)
 *fill*         0x00000000c001adeb        0x1 
 .text          0x00000000c001adec      0xbdf fs/iso9660/vfslink.32
                0x00000000c001adec                ISO9660::format(LogicalDisk*, int, char const*, int)
                0x00000000c001adf2                ISO9660::seek(void*, unsigned long long)
                0x00000000c001ae22                ISO9660::tell(void*, unsigned long long*)
                0x00000000c001ae46                ISO9660::getName()
                0x00000000c001ae4c                ISO9660::stat(void*, unsigned long long*)
                0x00000000c001ae70                ISO9660::chfatattr(char const*, unsigned char, unsigned char)
                0x00000000c001ae76                ISO9660::unlink(char const*)
                0x00000000c001ae7c                ISO9660::write(void*, unsigned long, void*, int*)
                0x00000000c001ae82                ISO9660::rename(char const*, char const*)
                0x00000000c001ae88                ISO9660::mkdir(char const*)
                0x00000000c001ae8e                ISO9660::close(void*)
                0x00000000c001aeb0                ISO9660::closeDir(void*)
                0x00000000c001aed2                ISO9660::~ISO9660()
                0x00000000c001aed2                ISO9660::~ISO9660()
                0x00000000c001aef6                ISO9660::~ISO9660()
                0x00000000c001af1d                __memmem(unsigned char*, int, unsigned char*, int)
                0x00000000c001af5f                readSectorFromCDROM(unsigned int, unsigned char*, char)
                0x00000000c001afc6                ISO9660::tryMount(LogicalDisk*, int)
                0x00000000c001b016                ISO9660::read(void*, unsigned long, void*, int*)
                0x00000000c001b25a                ISO9660::readDir(void*, unsigned long, void*, int*)
                0x00000000c001b4e7                readRoot(unsigned int*, unsigned int*, char)
                0x00000000c001b53c                readRecursively(char*, unsigned int, unsigned int, unsigned int*, unsigned int*, char, int*)
                0x00000000c001b70f                getFileData(char*, unsigned int*, unsigned int*, char, int*)
                0x00000000c001b79e                ISO9660::open(char const*, void**, FileOpenMode)
                0x00000000c001b838                ISO9660::exists(char const*)
                0x00000000c001b85c                ISO9660::stat(char const*, unsigned long long*, bool*)
                0x00000000c001b8f0                ISO9660::openDir(char const*, void**)
                0x00000000c001b9a8                ISO9660::ISO9660()
                0x00000000c001b9a8                ISO9660::ISO9660()
 *fill*         0x00000000c001b9cb        0x1 
 .text          0x00000000c001b9cc      0x244 hal/sound/sndchannel.32
                0x00000000c001b9cc                SoundChannel::~SoundChannel()
                0x00000000c001b9cc                SoundChannel::~SoundChannel()
                0x00000000c001b9e8                SoundChannel::setSpeed(float)
                0x00000000c001b9f4                SoundChannel::getSpeed()
                0x00000000c001b9fc                SoundChannel::setVolume(int)
                0x00000000c001ba18                SoundChannel::getVolume()
                0x00000000c001ba20                SoundChannel::pause()
                0x00000000c001ba2a                SoundChannel::SoundChannel(int, int, int, int)
                0x00000000c001ba2a                SoundChannel::SoundChannel(int, int, int, int)
                0x00000000c001bb20                SoundChannel::play()
                0x00000000c001bb2a                SoundChannel::paused()
                0x00000000c001bb32                SoundChannel::getSampleRate()
                0x00000000c001bb3a                SoundChannel::getBits()
                0x00000000c001bb42                SoundChannel::getBufferUsed()
                0x00000000c001bb4a                SoundChannel::getBufferSize()
                0x00000000c001bb52                SoundChannel::unbuffer(float*, int, int)
                0x00000000c001bbc4                SoundChannel::buffer8(unsigned char*, int)
 .text          0x00000000c001bc10      0x317 hal/sound/sndhw.32
                0x00000000c001bc10                SoundDevice::SoundDevice(char const*)
                0x00000000c001bc10                SoundDevice::SoundDevice(char const*)
                0x00000000c001bc7c                SoundDevice::~SoundDevice()
                0x00000000c001bc7c                SoundDevice::~SoundDevice()
                0x00000000c001bcf6                SoundDevice::~SoundDevice()
                0x00000000c001bd20                SoundDevice::getFreeChannelNum()
                0x00000000c001bd3a                SoundDevice::addChannel(SoundChannel*)
                0x00000000c001bdaa                SoundDevice::removeChannel(int)
                0x00000000c001bddc                SoundDevice::floatTo8(float*, unsigned char*, int)
                0x00000000c001be48                SoundDevice::getAudio(int, float*, float*)
 .text          0x00000000c001bf27        0x0 hw/bus/isa.32
 *fill*         0x00000000c001bf27        0x1 
 .text          0x00000000c001bf28      0x6c1 hw/bus/pci.32
                0x00000000c001bf28                PCI::open(int, int, void*)
                0x00000000c001bf3c                PCI::close(int, int, void*)
                0x00000000c001bf40                PCI::PCI()
                0x00000000c001bf40                PCI::PCI()
                0x00000000c001bfc0                PCI::pciReadWord(unsigned char, unsigned char, unsigned char, unsigned char)
                0x00000000c001c008                PCI::getVendorID(unsigned char, unsigned char, unsigned char)
                0x00000000c001c02a                PCI::getHeaderType(unsigned char, unsigned char, unsigned char)
                0x00000000c001c04e                PCI::getClassCode(unsigned char, unsigned char, unsigned char)
                0x00000000c001c092                PCI::getProgIF(unsigned char, unsigned char, unsigned char)
                0x00000000c001c0b6                PCI::getRevisionID(unsigned char, unsigned char, unsigned char)
                0x00000000c001c0d8                PCI::getInterruptNumber(unsigned char, unsigned char, unsigned char)
                0x00000000c001c0fa                PCI::getSecondaryBus(unsigned char, unsigned char, unsigned char)
                0x00000000c001c11e                PCI::getBARAddress(unsigned char, unsigned char, unsigned char, unsigned char)
                0x00000000c001c17e                PCI::pciWriteWord(unsigned char, unsigned char, unsigned char, unsigned char, unsigned short)
                0x00000000c001c1ea                PCI::checkBus(unsigned char)
                0x00000000c001c20e                PCI::foundDevice(PCIDeviceInfo)
                0x00000000c001c37e                PCI::getDeviceData(unsigned char, unsigned char, unsigned char)
                0x00000000c001c52a                PCI::checkDevice(unsigned char, unsigned char)
                0x00000000c001c596                PCI::detect()
 *fill*         0x00000000c001c5e9        0x1 
 .text          0x00000000c001c5ea      0xc70 hw/diskctrl/ide.32
                0x00000000c001c5ea                IDE::close(int, int, void*)
                0x00000000c001c5ee                IDE::IDE()
                0x00000000c001c5ee                IDE::IDE()
                0x00000000c001c622                IDE::prepareInterrupt(unsigned char)
                0x00000000c001c634                selectDrive(unsigned char, unsigned char)
                0x00000000c001c636                IDE::getBase(unsigned char)
                0x00000000c001c648                IDE::write(unsigned char, unsigned char, unsigned char)
                0x00000000c001c708                IDE::read(unsigned char, unsigned char)
                0x00000000c001c7b6                IDE::waitInterrupt(unsigned char)
                0x00000000c001c81c                ideChannel0IRQHandler(regs*, void*)
                0x00000000c001c838                ideChannel1IRQHandler(regs*, void*)
                0x00000000c001c854                IDE::enableIRQs(unsigned char, bool)
                0x00000000c001c89a                IDE::open(int, int, void*)
                0x00000000c001ccaa                IDE::readBuffer(unsigned char, unsigned char, unsigned int, unsigned int)
                0x00000000c001cd76                IDE::detect()
                0x00000000c001d05e                IDE::printError(unsigned char, unsigned char, unsigned char)
                0x00000000c001d1f4                IDE::polling(unsigned char, unsigned int)
 .text          0x00000000c001d25a      0x62b hw/diskphys/ata.32
                0x00000000c001d25a                ATA::close(int, int, void*)
                0x00000000c001d27e                ATA::powerSaving(PowerSavingLevel)
                0x00000000c001d280                ATA::ATA()
                0x00000000c001d280                ATA::ATA()
                0x00000000c001d2ae                ATA::flush(bool)
                0x00000000c001d2f8                ATA::readyForCommand()
                0x00000000c001d348                ATA::access(unsigned long long, int, void*, bool)
                0x00000000c001d6c6                ATA::read(unsigned long long, int, void*)
                0x00000000c001d72e                ATA::write(unsigned long long, int, void*)
                0x00000000c001d796                ATA::detectCHS()
                0x00000000c001d7c0                ATA::open(int, int, void*)
 *fill*         0x00000000c001d885        0x1 
 .text          0x00000000c001d886      0x5b3 hw/diskphys/atapi.32
                0x00000000c001d886                ATAPI::write(unsigned long long, int, void*)
                0x00000000c001d88c                ATAPI::close(int, int, void*)
                0x00000000c001d8b0                ATAPI::ATAPI()
                0x00000000c001d8b0                ATAPI::ATAPI()
                0x00000000c001d8de                ATAPI::readyForCommand()
                0x00000000c001d92e                ATAPI::sendPacket(unsigned char*, int, bool, unsigned short*, int)
                0x00000000c001dbee                ATAPI::diskRemoved()
                0x00000000c001dc0a                ATAPI::eject()
                0x00000000c001dc50                ATAPI::diskInserted()
                0x00000000c001dc7e                ATAPI::detectMedia()
                0x00000000c001dd3a                ATAPI::open(int, int, void*)
                0x00000000c001ddba                ATAPI::read(unsigned long long, int, void*)
 *fill*         0x00000000c001de39        0x1 
 .text          0x00000000c001de3a       0x8e hw/fpu/avx.32
                0x00000000c001de3a                AVX::open(int, int, void*)
                0x00000000c001de4c                AVX::close(int, int, void*)
                0x00000000c001de5e                AVX::available()
                0x00000000c001de70                AVX::save(void*)
                0x00000000c001de88                AVX::load(void*)
                0x00000000c001dea0                AVX::AVX()
                0x00000000c001dea0                AVX::AVX()
 .text          0x00000000c001dec8       0x90 hw/fpu/mmx.32
                0x00000000c001dec8                MMX::available()
                0x00000000c001dedc                MMX::open(int, int, void*)
                0x00000000c001deee                MMX::close(int, int, void*)
                0x00000000c001df00                MMX::save(void*)
                0x00000000c001df18                MMX::load(void*)
                0x00000000c001df30                MMX::MMX()
                0x00000000c001df30                MMX::MMX()
 .text          0x00000000c001df58       0x96 hw/fpu/sse.32
                0x00000000c001df58                SSE::open(int, int, void*)
                0x00000000c001df6a                SSE::close(int, int, void*)
                0x00000000c001df7c                SSE::available()
                0x00000000c001df96                SSE::save(void*)
                0x00000000c001dfae                SSE::load(void*)
                0x00000000c001dfc6                SSE::SSE()
                0x00000000c001dfc6                SSE::SSE()
 .text          0x00000000c001dfee       0x8e hw/fpu/x87.32
                0x00000000c001dfee                x87::open(int, int, void*)
                0x00000000c001e000                x87::close(int, int, void*)
                0x00000000c001e012                x87::available()
                0x00000000c001e024                x87::save(void*)
                0x00000000c001e03c                x87::load(void*)
                0x00000000c001e054                x87::x87()
                0x00000000c001e054                x87::x87()
 .text          0x00000000c001e07c      0x5f3 hw/intctrl/apic.32
                0x00000000c001e07c                APIC::disable()
                0x00000000c001e07e                APIC::close(int, int, void*)
                0x00000000c001e0a0                IOAPIC::close(int, int, void*)
                0x00000000c001e0a6                APIC::io_wait()
                0x00000000c001e0ac                APIC::getBase()
                0x00000000c001e0ee                APIC::eoi(unsigned char)
                0x00000000c001e11c                APIC::open(int, int, void*)
                0x00000000c001e1d6                IOAPIC::IOAPIC()
                0x00000000c001e1d6                IOAPIC::IOAPIC()
                0x00000000c001e1fe                APIC::APIC()
                0x00000000c001e1fe                APIC::APIC()
                0x00000000c001e2ce                IOAPIC::handlesGSIWithNumber(unsigned int)
                0x00000000c001e300                IOAPIC::read(int)
                0x00000000c001e328                IOAPIC::open(int, int, void*)
                0x00000000c001e41e                IOAPIC::write(int, int)
                0x00000000c001e44a                IOAPIC::redirect(unsigned char, unsigned long long, unsigned char)
                0x00000000c001e504                APIC::installIRQHandler(int, void (*)(regs*, void*), bool, void*)
 *fill*         0x00000000c001e66f        0x1 
 .text          0x00000000c001e670      0x3d3 hw/intctrl/pic.32
                0x00000000c001e670                PIC::disable()
                0x00000000c001e69e                PIC::close(int, int, void*)
                0x00000000c001e6c0                PIC::PIC()
                0x00000000c001e6c0                PIC::PIC()
                0x00000000c001e796                PIC::ioWait()
                0x00000000c001e79c                PIC::getIRQReg(int)
                0x00000000c001e806                PIC::eoi(unsigned char)
                0x00000000c001e898                PIC::remap()
                0x00000000c001ea04                PIC::open(int, int, void*)
 *fill*         0x00000000c001ea43        0x1 
 .text          0x00000000c001ea44      0x252 hw/timer/apictimer.32
                0x00000000c001ea44                APICTimer::close(int, int, void*)
                0x00000000c001ea4a                apicTimerHandler(regs*, void*)
                0x00000000c001ea78                APICTimer::write(int)
                0x00000000c001eb76                APICTimer::open(int, int, void*)
                0x00000000c001ec6e                APICTimer::APICTimer()
                0x00000000c001ec6e                APICTimer::APICTimer()
 .text          0x00000000c001ec96      0x1a7 hw/timer/pit.32
                0x00000000c001ec96                PIT::write(int)
                0x00000000c001ed14                pitHandler(regs*, void*)
                0x00000000c001ed40                PIT::open(int, int, void*)
                0x00000000c001ed8e                PIT::close(int, int, void*)
                0x00000000c001edbe                PIT::PIT()
                0x00000000c001edbe                PIT::PIT()
 *fill*         0x00000000c001ee3d        0x3 
 .text          0x00000000c001ee40        0xa hw/fpu/x86/avx.32
                0x00000000c001ee40                avxDetect
                0x00000000c001ee46                avxSave
                0x00000000c001ee47                avxLoad
                0x00000000c001ee48                avxInit
                0x00000000c001ee49                avxClose
 *fill*         0x00000000c001ee4a        0x6 
 .text          0x00000000c001ee50       0x38 hw/fpu/x86/sse.32
                0x00000000c001ee50                sseDetect
                0x00000000c001ee6b                sseSave
                0x00000000c001ee71                sseLoad
                0x00000000c001ee77                sseInit
                0x00000000c001ee87                sseClose
 *fill*         0x00000000c001ee88        0x8 
 .text          0x00000000c001ee90       0x47 hw/fpu/x86/x87.32
                0x00000000c001ee96                x87Detect
                0x00000000c001eeb1                x87Save
                0x00000000c001eeb7                x87Load
                0x00000000c001eebc                x87Init
                0x00000000c001eed6                x87Close
 *fill*         0x00000000c001eed7        0x1 
 .text          0x00000000c001eed8       0x25 /cygdrive/d/Users/Alex/Desktop/Toolchain/Output/bin/../lib/gcc/i386-banana/8.1.0/crtend.o
 .text          0x00000000c001eefd        0x0 crtn.32
 *fill*         0x00000000c001eefd        0x3 
 .text          0x00000000c001ef00      0x14b /cygdrive/d/Users/Alex/Desktop/Toolchain/Output/bin/../lib/gcc/i386-banana/8.1.0/libgcc.a(_divdi3.o)
                0x00000000c001ef00                __divdi3
 *fill*         0x00000000c001f04b        0x1 
 .text          0x00000000c001f04c      0x17e /cygdrive/d/Users/Alex/Desktop/Toolchain/Output/bin/../lib/gcc/i386-banana/8.1.0/libgcc.a(_moddi3.o)
                0x00000000c001f04c                __moddi3
 *fill*         0x00000000c001f1ca        0x2 
 .text          0x00000000c001f1cc       0xff /cygdrive/d/Users/Alex/Desktop/Toolchain/Output/bin/../lib/gcc/i386-banana/8.1.0/libgcc.a(_udivdi3.o)
                0x00000000c001f1cc                __udivdi3
 *fill*         0x00000000c001f2cb        0x1 
 .text          0x00000000c001f2cc      0x11a /cygdrive/d/Users/Alex/Desktop/Toolchain/Output/bin/../lib/gcc/i386-banana/8.1.0/libgcc.a(_umoddi3.o)
                0x00000000c001f2cc                __umoddi3
 *fill*         0x00000000c001f3e6        0xa 
 .text          0x00000000c001f3f0       0x1e D:/Users/Alex/Desktop/Banana/kernel/libk/libm32.a(s_fabs.c.o)
                0x00000000c001f3f0                fabs
 *fill*         0x00000000c001f40e        0x2 
 .text          0x00000000c001f410        0xc D:/Users/Alex/Desktop/Banana/kernel/libk/libm32.a(s_lrint.S.o)
                0x00000000c001f410                lrint
 .text          0x00000000c001f41c        0xc D:/Users/Alex/Desktop/Banana/kernel/libk/libm32.a(s_lrintf.S.o)
                0x00000000c001f41c                lrintf
 *(.gnu.linkonce.t*)

.iplt           0x00000000c001f428        0x0
 .iplt          0x00000000c001f428        0x0 D:/Users/Alex/Desktop/Banana/kernel/boot.32

.init           0x00000000c001f428        0xf
 .init          0x00000000c001f428        0x3 crti.32
                0x00000000c001f428                _init
 .init          0x00000000c001f42b        0x5 /cygdrive/d/Users/Alex/Desktop/Toolchain/Output/bin/../lib/gcc/i386-banana/8.1.0/crtbegin.o
 .init          0x00000000c001f430        0x5 /cygdrive/d/Users/Alex/Desktop/Toolchain/Output/bin/../lib/gcc/i386-banana/8.1.0/crtend.o
 .init          0x00000000c001f435        0x2 crtn.32

.fini           0x00000000c001f437        0xa
 .fini          0x00000000c001f437        0x3 crti.32
                0x00000000c001f437                _fini
 .fini          0x00000000c001f43a        0x5 /cygdrive/d/Users/Alex/Desktop/Toolchain/Output/bin/../lib/gcc/i386-banana/8.1.0/crtbegin.o
 .fini          0x00000000c001f43f        0x2 crtn.32

.text._ZN8ComputerD2Ev
                0x00000000c001f442       0x23
 .text._ZN8ComputerD2Ev
                0x00000000c001f442       0x23 core/computer.32
                0x00000000c001f442                Computer::~Computer()
                0x00000000c001f442                Computer::~Computer()

.text._ZN8ComputerD0Ev
                0x00000000c001f466       0x2a
 .text._ZN8ComputerD0Ev
                0x00000000c001f466       0x2a core/computer.32
                0x00000000c001f466                Computer::~Computer()

.text._Z10idleCommonv
                0x00000000c001f490       0x15
 .text._Z10idleCommonv
                0x00000000c001f490       0x15 core/idle.32
                0x00000000c001f490                idleCommon()

.text._ZN3CPU7readCR3Ev
                0x00000000c001f4a5       0x12
 .text._ZN3CPU7readCR3Ev
                0x00000000c001f4a5       0x12 core/kheap.32
                0x00000000c001f4a5                CPU::readCR3()

.text._ZN3CPU8writeCR3Em
                0x00000000c001f4b7        0x9
 .text._ZN3CPU8writeCR3Em
                0x00000000c001f4b7        0x9 core/kheap.32
                0x00000000c001f4b7                CPU::writeCR3(unsigned long)

.text._ZN10LinkedListI8UnixFileED2Ev
                0x00000000c001f4c0        0x2
 .text._ZN10LinkedListI8UnixFileED2Ev
                0x00000000c001f4c0        0x2 core/unixfile.32
                0x00000000c001f4c0                LinkedList<UnixFile>::~LinkedList()
                0x00000000c001f4c0                LinkedList<UnixFile>::~LinkedList()

.text._ZN10LinkedListI8UnixFileEC2Ev
                0x00000000c001f4c2       0x58
 .text._ZN10LinkedListI8UnixFileEC2Ev
                0x00000000c001f4c2       0x58 core/unixfile.32
                0x00000000c001f4c2                LinkedList<UnixFile>::LinkedList()
                0x00000000c001f4c2                LinkedList<UnixFile>::LinkedList()

.text._ZN10LinkedListI8UnixFileE10addElementEPS0_
                0x00000000c001f51a       0xd3
 .text._ZN10LinkedListI8UnixFileE10addElementEPS0_
                0x00000000c001f51a       0xd3 core/unixfile.32
                0x00000000c001f51a                LinkedList<UnixFile>::addElement(UnixFile*)

.text._ZN10LinkedListI8UnixFileE15getFirstElementEv
                0x00000000c001f5ee        0x7
 .text._ZN10LinkedListI8UnixFileE15getFirstElementEv
                0x00000000c001f5ee        0x7 core/unixfile.32
                0x00000000c001f5ee                LinkedList<UnixFile>::getFirstElement()

.text._ZN10LinkedListI8UnixFileE11removeFirstEv
                0x00000000c001f5f6       0xa1
 .text._ZN10LinkedListI8UnixFileE11removeFirstEv
                0x00000000c001f5f6       0xa1 core/unixfile.32
                0x00000000c001f5f6                LinkedList<UnixFile>::removeFirst()

.text._ZN10LinkedListI8UnixFileE7getNextEPS0_
                0x00000000c001f698        0x8
 .text._ZN10LinkedListI8UnixFileE7getNextEPS0_
                0x00000000c001f698        0x8 core/unixfile.32
                0x00000000c001f698                LinkedList<UnixFile>::getNext(UnixFile*)

.text._ZN16DriverlessDeviceD2Ev
                0x00000000c001f6a0       0x1a
 .text._ZN16DriverlessDeviceD2Ev
                0x00000000c001f6a0       0x1a hal/device.32
                0x00000000c001f6a0                DriverlessDevice::~DriverlessDevice()
                0x00000000c001f6a0                DriverlessDevice::~DriverlessDevice()

.text._ZN16DriverlessDeviceD0Ev
                0x00000000c001f6ba       0x2a
 .text._ZN16DriverlessDeviceD0Ev
                0x00000000c001f6ba       0x2a hal/device.32
                0x00000000c001f6ba                DriverlessDevice::~DriverlessDevice()

.text._ZN10LinkedListI6DeviceE10addElementEPS0_
                0x00000000c001f6e4       0xdc
 .text._ZN10LinkedListI6DeviceE10addElementEPS0_
                0x00000000c001f6e4       0xdc hal/device.32
                0x00000000c001f6e4                LinkedList<Device>::addElement(Device*)

.text._ZN10LinkedListI6DeviceEC2Ev
                0x00000000c001f7c0       0x58
 .text._ZN10LinkedListI6DeviceEC2Ev
                0x00000000c001f7c0       0x58 hal/device.32
                0x00000000c001f7c0                LinkedList<Device>::LinkedList()
                0x00000000c001f7c0                LinkedList<Device>::LinkedList()

.text._ZN3CPU7readCR0Ev
                0x00000000c001f818       0x12
 .text._ZN3CPU7readCR0Ev
                0x00000000c001f818       0x12 hal/fpu.32
                0x00000000c001f818                CPU::readCR0()

.text._ZN3CPU8writeCR0Em
                0x00000000c001f82a        0x9
 .text._ZN3CPU8writeCR0Em
                0x00000000c001f82a        0x9 hal/fpu.32
                0x00000000c001f82a                CPU::writeCR0(unsigned long)

.text._ZN3CPU7readDR0Ev
                0x00000000c001f833       0x12
 .text._ZN3CPU7readDR0Ev
                0x00000000c001f833       0x12 hal/intctrl.32
                0x00000000c001f833                CPU::readDR0()

.text._ZN3CPU7readDR1Ev
                0x00000000c001f845       0x12
 .text._ZN3CPU7readDR1Ev
                0x00000000c001f845       0x12 hal/intctrl.32
                0x00000000c001f845                CPU::readDR1()

.text._ZN3CPU7readDR2Ev
                0x00000000c001f857       0x12
 .text._ZN3CPU7readDR2Ev
                0x00000000c001f857       0x12 hal/intctrl.32
                0x00000000c001f857                CPU::readDR2()

.text._ZN3CPU7readDR3Ev
                0x00000000c001f869       0x12
 .text._ZN3CPU7readDR3Ev
                0x00000000c001f869       0x12 hal/intctrl.32
                0x00000000c001f869                CPU::readDR3()

.text._ZN3CPU7readDR6Ev
                0x00000000c001f87b       0x12
 .text._ZN3CPU7readDR6Ev
                0x00000000c001f87b       0x12 hal/intctrl.32
                0x00000000c001f87b                CPU::readDR6()

.text._ZN3CPU7readDR7Ev
                0x00000000c001f88d       0x12
 .text._ZN3CPU7readDR7Ev
                0x00000000c001f88d       0x12 hal/intctrl.32
                0x00000000c001f88d                CPU::readDR7()

.text._ZN10LinkedListIV18ThreadControlBlockE15getFirstElementEv
                0x00000000c001f8a0        0x7
 .text._ZN10LinkedListIV18ThreadControlBlockE15getFirstElementEv
                0x00000000c001f8a0        0x7 hal/timer.32
                0x00000000c001f8a0                LinkedList<ThreadControlBlock volatile>::getFirstElement()

.text._ZN10LinkedListIV18ThreadControlBlockE7isEmptyEv
                0x00000000c001f8a8       0x1c
 .text._ZN10LinkedListIV18ThreadControlBlockE7isEmptyEv
                0x00000000c001f8a8       0x1c hal/timer.32
                0x00000000c001f8a8                LinkedList<ThreadControlBlock volatile>::isEmpty()

.text._ZN10LinkedListIV18ThreadControlBlockE11removeFirstEv
                0x00000000c001f8c4       0xae
 .text._ZN10LinkedListIV18ThreadControlBlockE11removeFirstEv
                0x00000000c001f8c4       0xae hal/timer.32
                0x00000000c001f8c4                LinkedList<ThreadControlBlock volatile>::removeFirst()

.text._ZN10LinkedListIV18ThreadControlBlockE10addElementEPS1_
                0x00000000c001f972       0xd3
 .text._ZN10LinkedListIV18ThreadControlBlockE10addElementEPS1_
                0x00000000c001f972       0xd3 hal/timer.32
                0x00000000c001f972                LinkedList<ThreadControlBlock volatile>::addElement(ThreadControlBlock volatile*)

.text._ZN4ACPID2Ev
                0x00000000c001fa46       0x23
 .text._ZN4ACPID2Ev
                0x00000000c001fa46       0x23 hw/acpi.32
                0x00000000c001fa46                ACPI::~ACPI()
                0x00000000c001fa46                ACPI::~ACPI()

.text._ZN4ACPID0Ev
                0x00000000c001fa6a       0x2a
 .text._ZN4ACPID0Ev
                0x00000000c001fa6a       0x2a hw/acpi.32
                0x00000000c001fa6a                ACPI::~ACPI()

.text._ZN3CPUD2Ev
                0x00000000c001fa94       0x23
 .text._ZN3CPUD2Ev
                0x00000000c001fa94       0x23 hw/cpu.32
                0x00000000c001fa94                CPU::~CPU()
                0x00000000c001fa94                CPU::~CPU()

.text._ZN3CPUD0Ev
                0x00000000c001fab8       0x2a
 .text._ZN3CPUD0Ev
                0x00000000c001fab8       0x2a hw/cpu.32
                0x00000000c001fab8                CPU::~CPU()

.text._ZN3CPU7readCR4Ev
                0x00000000c001fae2       0x12
 .text._ZN3CPU7readCR4Ev
                0x00000000c001fae2       0x12 hw/cpu.32
                0x00000000c001fae2                CPU::readCR4()

.text._ZN3CPU8writeDR7Em
                0x00000000c001faf4        0x9
 .text._ZN3CPU8writeDR7Em
                0x00000000c001faf4        0x9 hw/cpu.32
                0x00000000c001faf4                CPU::writeDR7(unsigned long)

.text._ZN3CPU8writeCR4Em
                0x00000000c001fafd        0x9
 .text._ZN3CPU8writeCR4Em
                0x00000000c001fafd        0x9 hw/cpu.32
                0x00000000c001fafd                CPU::writeCR4(unsigned long)

.text._ZN3CPU7readCR2Ev
                0x00000000c001fb06       0x12
 .text._ZN3CPU7readCR2Ev
                0x00000000c001fb06       0x12 krnl/panic.32
                0x00000000c001fb06                CPU::readCR2()

.text._ZN10LinkedListIV18ThreadControlBlockED2Ev
                0x00000000c001fb18        0x2
 .text._ZN10LinkedListIV18ThreadControlBlockED2Ev
                0x00000000c001fb18        0x2 thr/prcssthr.32
                0x00000000c001fb18                LinkedList<ThreadControlBlock volatile>::~LinkedList()
                0x00000000c001fb18                LinkedList<ThreadControlBlock volatile>::~LinkedList()

.text._ZN18ThreadControlBlockC2Ev
                0x00000000c001fb1a       0x3e
 .text._ZN18ThreadControlBlockC2Ev
                0x00000000c001fb1a       0x3e thr/prcssthr.32
                0x00000000c001fb1a                ThreadControlBlock::ThreadControlBlock()
                0x00000000c001fb1a                ThreadControlBlock::ThreadControlBlock()

.text._ZN10LinkedListIV18ThreadControlBlockEC2Ev
                0x00000000c001fb58       0x58
 .text._ZN10LinkedListIV18ThreadControlBlockEC2Ev
                0x00000000c001fb58       0x58 thr/prcssthr.32
                0x00000000c001fb58                LinkedList<ThreadControlBlock volatile>::LinkedList()
                0x00000000c001fb58                LinkedList<ThreadControlBlock volatile>::LinkedList()

.text._ZN10LinkedListIV18ThreadControlBlockE7getNextEPS1_
                0x00000000c001fbb0        0x8
 .text._ZN10LinkedListIV18ThreadControlBlockE7getNextEPS1_
                0x00000000c001fbb0        0x8 thr/prcssthr.32
                0x00000000c001fbb0                LinkedList<ThreadControlBlock volatile>::getNext(ThreadControlBlock volatile*)

.text._ZN3PCID2Ev
                0x00000000c001fbb8       0x23
 .text._ZN3PCID2Ev
                0x00000000c001fbb8       0x23 hw/bus/pci.32