Archive member included to satisfy reference by file (symbol)

/cygdrive/d/Users/Alex/Desktop/Toolchain/Output/bin/../lib/gcc/i386-banana/8.1.0/libkgcc.a(_divdi3.o)
                              fs/fat/ff.32 (__divdi3)
/cygdrive/d/Users/Alex/Desktop/Toolchain/Output/bin/../lib/gcc/i386-banana/8.1.0/libkgcc.a(_moddi3.o)
                              compat/resolve.32 (__moddi3)
/cygdrive/d/Users/Alex/Desktop/Toolchain/Output/bin/../lib/gcc/i386-banana/8.1.0/libkgcc.a(_udivdi3.o)
                              fs/fat/ff.32 (__udivdi3)
/cygdrive/d/Users/Alex/Desktop/Toolchain/Output/bin/../lib/gcc/i386-banana/8.1.0/libkgcc.a(_umoddi3.o)
                              compat/resolve.32 (__umoddi3)
D:/Users/Alex/Desktop/Banana/kernel/libsoftfp.a(sfieeelib.o)
                              hal/sound/sndhw.32 (__addsf3)
D:/Users/Alex/Desktop/Banana/kernel/libsoftfp.a(dfieeelib.o)
                              hal/libresample/src_linear.32 (__adddf3)
D:/Users/Alex/Desktop/Banana/kernel/libsoftfp.a(sfdfcvt.o)
                              hal/libresample/samplerate.32 (__truncdfsf2)
D:/Users/Alex/Desktop/Banana/kernel/libk/libm32.a(s_fabs.c.o)
                              hal/libresample/samplerate.32 (fabs)
D:/Users/Alex/Desktop/Banana/kernel/libk/libm32.a(s_lrint.S.o)
                              hal/libresample/samplerate.32 (lrint)
D:/Users/Alex/Desktop/Banana/kernel/libk/libm32.a(s_lrintf.S.o)
                              hal/sound/sndhw.32 (lrintf)

Discarded input sections

 .comment       0x0000000000000000       0x12 /cygdrive/d/Users/Alex/Desktop/Toolchain/Output/bin/../lib/gcc/i386-banana/8.1.0/crtbegin.o
 .comment       0x0000000000000000       0x12 acpica/utclib.32
 .comment       0x0000000000000000       0x12 core/malloc.32
 .comment       0x0000000000000000       0x12 libk/string.32
 .comment       0x0000000000000000       0x12 fs/fat/diskio.32
 .comment       0x0000000000000000       0x12 fs/fat/ff.32
 .comment       0x0000000000000000       0x12 fs/fat/ffsystem.32
 .comment       0x0000000000000000       0x12 fs/fat/ffunicode.32
 .comment       0x0000000000000000       0x12 hal/libresample/samplerate.32
 .comment       0x0000000000000000       0x12 hal/libresample/src_linear.32
 .comment       0x0000000000000000       0x12 hal/libresample/src_sinc.32
 .comment       0x0000000000000000       0x12 hal/libresample/src_zoh.32
 .comment       0x0000000000000000       0x12 compat/inlines.32
 .comment       0x0000000000000000       0x12 compat/resolve.32
 .group         0x0000000000000000       0x14 core/computer.32
 .group         0x0000000000000000        0xc core/computer.32
 .comment       0x0000000000000000       0x12 core/computer.32
 .comment       0x0000000000000000       0x12 core/gdt.32
 .group         0x0000000000000000        0xc core/idle.32
 .comment       0x0000000000000000       0x12 core/idle.32
 .comment       0x0000000000000000       0x12 core/idt.32
 .comment       0x0000000000000000       0x12 core/kheap.32
 .comment       0x0000000000000000       0x12 core/main.32
 .comment       0x0000000000000000       0x12 core/physmgr.32
 .group         0x0000000000000000        0xc core/pipe.32
 .comment       0x0000000000000000       0x12 core/pipe.32
 .group         0x0000000000000000        0xc core/terminal.32
 .comment       0x0000000000000000       0x12 core/terminal.32
 .comment       0x0000000000000000       0x12 core/tss.32
 .group         0x0000000000000000        0x8 core/unixfile.32
 .group         0x0000000000000000        0xc core/unixfile.32
 .group         0x0000000000000000        0xc core/unixfile.32
 .group         0x0000000000000000        0x8 core/unixfile.32
 .group         0x0000000000000000        0xc core/unixfile.32
 .group         0x0000000000000000        0x8 core/unixfile.32
 .group         0x0000000000000000        0xc core/unixfile.32
 .group         0x0000000000000000        0xc core/unixfile.32
 .comment       0x0000000000000000       0x12 core/unixfile.32
 .comment       0x0000000000000000       0x12 core/virtmgr.32
 .comment       0x0000000000000000       0x12 coreobjs/c++.32
 .comment       0x0000000000000000       0x12 dbg/kconsole.32
 .group         0x0000000000000000        0xc fs/vfs.32
 .group         0x0000000000000000        0xc fs/vfs.32
 .group         0x0000000000000000        0xc fs/vfs.32
 .comment       0x0000000000000000       0x12 fs/vfs.32
 .group         0x0000000000000000        0xc hal/bus.32
 .comment       0x0000000000000000       0x12 hal/bus.32
 .group         0x0000000000000000        0xc hal/buzzer.32
 .comment       0x0000000000000000       0x12 hal/buzzer.32
 .group         0x0000000000000000        0xc hal/clock.32
 .comment       0x0000000000000000       0x12 hal/clock.32
 .group         0x0000000000000000       0x14 hal/device.32
 .group         0x0000000000000000        0xc hal/device.32
 .group         0x0000000000000000        0xc hal/device.32
 .group         0x0000000000000000        0xc hal/device.32
[...]
Memory Configuration

Name             Origin             Length             Attributes
*default*        0x0000000000000000 0xffffffffffffffff

Linker script and memory map

LOAD D:/Users/Alex/Desktop/Banana/kernel/boot.32
LOAD crti.32
LOAD /cygdrive/d/Users/Alex/Desktop/Toolchain/Output/bin/../lib/gcc/i386-banana/8.1.0/crtbegin.o
LOAD D:/Users/Alex/Desktop/Banana/kernel/morenasm.32
LOAD acpica/utclib.32
LOAD core/malloc.32
LOAD libk/string.32
LOAD fs/fat/diskio.32
LOAD fs/fat/ff.32
LOAD fs/fat/ffsystem.32
LOAD fs/fat/ffunicode.32
LOAD hal/libresample/samplerate.32
LOAD hal/libresample/src_linear.32
LOAD hal/libresample/src_sinc.32
LOAD hal/libresample/src_zoh.32
LOAD compat/inlines.32
LOAD compat/resolve.32
LOAD core/computer.32
LOAD core/gdt.32
LOAD core/idle.32
LOAD core/idt.32
LOAD core/kheap.32
LOAD core/main.32
LOAD core/physmgr.32
LOAD core/pipe.32
LOAD core/terminal.32
LOAD core/tss.32
LOAD core/unixfile.32
LOAD core/virtmgr.32
LOAD coreobjs/c++.32
LOAD dbg/kconsole.32
LOAD fs/vfs.32
LOAD hal/bus.32
LOAD hal/buzzer.32
LOAD hal/clock.32
LOAD hal/device.32
LOAD hal/diskctrl.32
LOAD hal/diskphys.32
LOAD hal/fpu.32
LOAD hal/intctrl.32
LOAD hal/keybrd.32
LOAD hal/logidisk.32
LOAD hal/mouse.32
LOAD hal/partition.32
LOAD hal/serial.32
LOAD hal/timer.32
LOAD hal/vcache.32
LOAD hal/video.32
LOAD hw/acpi.32
LOAD hw/cpu.32
LOAD hw/ports.32
LOAD hw/smp.32
LOAD krnl/env.32
LOAD krnl/panic.32
LOAD net/ethernet.32
LOAD reg/registry.32
LOAD sys/sc_eject.32
LOAD sys/sc_exit.32
LOAD sys/sc_getcwd.32
LOAD sys/sc_getpid.32
LOAD sys/sc_getramdata.32
LOAD sys/sc_loaddll.32
LOAD sys/sc_read.32
LOAD sys/sc_sbrk.32
LOAD sys/sc_setcwd.32
LOAD sys/sc_settime.32
LOAD sys/sc_timezone.32
LOAD sys/sc_write.32
LOAD sys/sc_wsbe.32
LOAD sys/sc_yield.32
LOAD sys/syscalls.32
LOAD thr/elf.32
LOAD thr/prcssthr.32
LOAD vm86/vm8086.32
LOAD vm86/x87em.32
LOAD fs/fat/vfslink.32
LOAD fs/iso9660/vfslink.32
LOAD hal/sound/sndchannel.32
LOAD hal/sound/sndhw.32
LOAD hw/bus/isa.32
LOAD hw/bus/pci.32
LOAD hw/diskctrl/ide.32
LOAD hw/diskctrl/satabus.32
LOAD hw/diskphys/ata.32
LOAD hw/diskphys/atapi.32
LOAD hw/diskphys/sata.32
LOAD hw/diskphys/satapi.32
LOAD hw/fpu/avx.32
LOAD hw/fpu/mmx.32
LOAD hw/fpu/sse.32
LOAD hw/fpu/x87.32
LOAD hw/intctrl/apic.32
LOAD hw/intctrl/pic.32
LOAD hw/timer/apictimer.32
LOAD hw/timer/pit.32
LOAD hw/fpu/x86/avx.32
LOAD hw/fpu/x86/sse.32
LOAD hw/fpu/x86/x87.32
LOAD /cygdrive/d/Users/Alex/Desktop/Toolchain/Output/bin/../lib/gcc/i386-banana/8.1.0/crtend.o
LOAD crtn.32
LOAD /cygdrive/d/Users/Alex/Desktop/Toolchain/Output/bin/../lib/gcc/i386-banana/8.1.0/libkgcc.a
LOAD D:/Users/Alex/Desktop/Banana/kernel/libsoftfp.a
LOAD D:/Users/Alex/Desktop/Banana/kernel/libk/libm32.a
                0x00000000c0000000                . = 0xc0000000

.text           0x00000000c0000000    0x28678
 *(.text)
 .text          0x00000000c0000000       0x41 D:/Users/Alex/Desktop/Banana/kernel/boot.32
                0x00000000c0000020                callGlobalConstructors
 .text          0x00000000c0000041        0x0 crti.32
 *fill*         0x00000000c0000041        0x3 
 .text          0x00000000c0000044      0x101 /cygdrive/d/Users/Alex/Desktop/Toolchain/Output/bin/../lib/gcc/i386-banana/8.1.0/crtbegin.o
 *fill*         0x00000000c0000145        0xb 
 .text          0x00000000c0000150      0x4ed D:/Users/Alex/Desktop/Banana/kernel/morenasm.32
                0x00000000c0000150                manualPCIProbe
                0x00000000c000019b                prepareTramp
                0x00000000c00001b4                voodooXADD
                0x00000000c000027f                doTPAUSE
                0x00000000c0000289                hasLegacyFPU
                0x00000000c00002ae                is486
                0x00000000c00002e4                detectCPUID
                0x00000000c00002fa                goToVM86
                0x00000000c000032a                goToUsermode
                0x00000000c0000354                switchToThreadASMFirstTime
                0x00000000c0000362                switchToThreadASM
                0x00000000c00003ea                asmQuickAcquireLock
                0x00000000c0000408                asmQuickReleaseLock
                0x00000000c0000414                asmAcquireLock
                0x00000000c0000435                asmReleaseLock
                0x00000000c0000448                loadGDT
                0x00000000c0000468                isr0
                0x00000000c0000478                isr1
                0x00000000c0000482                isr2
                0x00000000c000048c                isr3
                0x00000000c0000496                isr4
                0x00000000c00004a0                isr5
                0x00000000c00004aa                isr6
                0x00000000c00004b4                isr7
                0x00000000c00004be                isr8
                0x00000000c00004c6                isr9
                0x00000000c00004d0                isr10
                0x00000000c00004d8                isr11
                0x00000000c00004e0                isr12
                0x00000000c00004e8                isr13
                0x00000000c00004f0                isr14
                0x00000000c00004f8                isr15
                0x00000000c0000502                isr16
                0x00000000c000050c                isr17
                0x00000000c0000516                isr18
                0x00000000c0000520                irq3
                0x00000000c000052a                irq4
                0x00000000c0000534                irq5
                0x00000000c000053e                irq6
                0x00000000c0000548                irq7
                0x00000000c0000552                irq8
                0x00000000c000055c                irq9
                0x00000000c0000566                irq10
                0x00000000c0000570                irq11
                0x00000000c000057a                irq12
                0x00000000c0000584                irq13
                0x00000000c000058e                irq14
                0x00000000c0000598                irq15
                0x00000000c00005a2                irq1
                0x00000000c00005a9                irq2
                0x00000000c00005b0                isr96
                0x00000000c00005b7                irq0
                0x00000000c00005bc                int_common_stub
                0x00000000c00005bc                syscall_common_stub
                0x00000000c00005ed                irq16
                0x00000000c00005f7                irq17
                0x00000000c0000601                irq18
                0x00000000c000060b                irq19
                0x00000000c0000615                irq20
                0x00000000c000061f                irq21
                0x00000000c0000629                irq22
                0x00000000c0000633                irq23
 *fill*         0x00000000c000063d        0x3 
 .text          0x00000000c0000640      0x611 acpica/utclib.32
                0x00000000c0000640                memcmp
                0x00000000c000067c                memmove
                0x00000000c0000744                memcpy
                0x00000000c0000778                memset
                0x00000000c0000794                strlen
                0x00000000c00007ac                strpbrk
                0x00000000c00007e8                strtok
                0x00000000c0000834                strcpy
                0x00000000c0000858                strncpy
                0x00000000c00008c0                strcmp
                0x00000000c0000900                strchr
                0x00000000c0000924                strncmp
                0x00000000c0000974                strcat
                0x00000000c00009a4                strncat
                0x00000000c00009e0                strstr
                0x00000000c0000a28                toupper
                0x00000000c0000a3c                tolower
                0x00000000c0000a50                simple_strtoul
 .text          0x00000000c0000c51      0xfbf core/malloc.32
                0x00000000c0000dbc                dlfree
                0x00000000c0001117                dlmalloc
                0x00000000c0001654                dlrealloc
                0x00000000c0001809                dlmemalign
                0x00000000c000192c                dlcalloc
                0x00000000c00019c6                dlcfree
                0x00000000c00019cb                dlindependent_calloc
                0x00000000c00019f0                dlindependent_comalloc
                0x00000000c0001a07                dlvalloc
                0x00000000c0001a32                dlpvalloc
                0x00000000c0001a68                dlmalloc_trim
                0x00000000c0001a75                dlmalloc_usable_size
                0x00000000c0001aa6                dlmallinfo
                0x00000000c0001b75                dlmalloc_stats
                0x00000000c0001b86                dlmallopt
 .text          0x00000000c0001c10        0x0 libk/string.32
 .text          0x00000000c0001c10       0x51 fs/fat/diskio.32
                0x00000000c0001c10                disk_status
                0x00000000c0001c13                disk_initialize
                0x00000000c0001c16                disk_read
                0x00000000c0001c2c                disk_write
                0x00000000c0001c42                disk_ioctl
 .text          0x00000000c0001c61     0x6833 fs/fat/ff.32
                0x00000000c0004f2f                f_mount
                0x00000000c0004f91                f_open
                0x00000000c00053cd                f_read
                0x00000000c000564d                f_write
                0x00000000c0005907                f_sync
                0x00000000c0005ae3                f_close
                0x00000000c0005b12                f_lseek
                0x00000000c0005fc9                f_opendir
                0x00000000c00060cb                f_closedir
                0x00000000c00060ed                f_readdir
                0x00000000c0006188                f_stat
                0x00000000c0006217                f_getfree
                0x00000000c00063e2                f_truncate
                0x00000000c00064da                f_unlink
                0x00000000c000665d                f_mkdir
                0x00000000c0006889                f_rename
                0x00000000c0006b7c                f_chmod
                0x00000000c0006c5a                f_utime
                0x00000000c0006d38                f_getlabel
                0x00000000c0006f26                f_setlabel
                0x00000000c0007193                f_forward
                0x00000000c0007371                f_mkfs
 .text          0x00000000c0008494       0x2d fs/fat/ffsystem.32
                0x00000000c0008494                ff_memalloc
                0x00000000c00084aa                ff_memfree
 .text          0x00000000c00084c1      0x253 fs/fat/ffunicode.32
                0x00000000c00084c1                ff_uni2oem
                0x00000000c0008551                ff_oem2uni
                0x00000000c00085bd                ff_wtoupper
 .text          0x00000000c0008714      0x8fb hal/libresample/samplerate.32
                0x00000000c0008758                src_delete
                0x00000000c0008794                src_process
                0x00000000c000894a                src_callback_read
                0x00000000c0008ac7                src_set_ratio
                0x00000000c0008b31                src_get_channels
                0x00000000c0008b53                src_reset
                0x00000000c0008b9f                src_new
                0x00000000c0008c2d                src_callback_new
                0x00000000c0008c8f                src_get_name
                0x00000000c0008cc6                src_get_description
                0x00000000c0008cfd                src_get_version
                0x00000000c0008d03                src_is_valid_ratio
                0x00000000c0008d57                src_error
                0x00000000c0008d65                src_strerror
                0x00000000c0008d78                src_simple
                0x00000000c0008dcb                src_short_to_float_array
                0x00000000c0008e30                src_float_to_short_array
                0x00000000c0008eef                src_int_to_float_array
                0x00000000c0008f52                src_float_to_int_array
 .text          0x00000000c000900f      0x8cb hal/libresample/src_linear.32
                0x00000000c0009835                linear_get_name
                0x00000000c0009844                linear_get_description
                0x00000000c0009853                linear_set_converter
 .text          0x00000000c00098da     0x447c hal/libresample/src_sinc.32
                0x00000000c000dc6d                sinc_get_name
                0x00000000c000dc80                sinc_get_description
                0x00000000c000dc93                sinc_set_converter
 .text          0x00000000c000dd56      0x77c hal/libresample/src_zoh.32
                0x00000000c000e42d                zoh_get_name
                0x00000000c000e43c                zoh_get_description
                0x00000000c000e44b                zoh_set_converter
 .text          0x00000000c000e4d2       0x23 compat/inlines.32
                0x00000000c000e4d2                CPU::current()
                0x00000000c000e4df                operator new(unsigned long)
 .text          0x00000000c000e4f5      0x111 compat/resolve.32
                0x00000000c000e4f5                Krnl::resolveCompatibilitySymbol(char*)
 .text          0x00000000c000e606      0xa17 core/computer.32
                0x00000000c000e606                Computer::close(int, int, void*)
                0x00000000c000e64a                Krnl::firstTask()
                0x00000000c000e73a                Computer::Computer()
                0x00000000c000e73a                Computer::Computer()
                0x00000000c000e896                Computer::setBootMessage(char const*)
                0x00000000c000e898                Computer::detectFeatures()
                0x00000000c000eaa2                Computer::displayFeatures()
                0x00000000c000ede8                Computer::rdmsr(unsigned int)
                0x00000000c000ee14                Computer::wrmsr(unsigned int, unsigned long long)
                0x00000000c000ee4c                Computer::nmiEnabled()
                0x00000000c000ee58                Computer::readCMOS(unsigned char)
                0x00000000c000ee72                Computer::enableNMI(bool)
                0x00000000c000ee8a                Computer::open(int, int, void*)
                0x00000000c000ef60                Computer::disableNMI()
                0x00000000c000ef6e                Computer::writeCMOS(unsigned char, unsigned char)
                0x00000000c000ef8c                Computer::handleNMI()
                0x00000000c000eff2                Computer::setDiskActivityLight(int, bool)
 *fill*         0x00000000c000f01d        0x1 
 .text          0x00000000c000f01e      0x1b7 core/gdt.32
                0x00000000c000f01e                GDTEntry::setBase(unsigned int)
                0x00000000c000f03a                GDTEntry::setLimit(unsigned int)
                0x00000000c000f058                GDT::GDT()
                0x00000000c000f058                GDT::GDT()
                0x00000000c000f06e                GDT::addEntry(GDTEntry)
                0x00000000c000f0aa                GDT::getNumberOfEntries()
                0x00000000c000f0b2                GDT::flush()
                0x00000000c000f0d4                GDT::setup()
 .text          0x00000000c000f1d5       0x62 core/idle.32
                0x00000000c000f1d5                idleFunction(void*)
 *fill*         0x00000000c000f237        0x1 
 .text          0x00000000c000f238      0x45f core/idt.32
                0x00000000c000f238                IDTEntry::IDTEntry(bool)
                0x00000000c000f238                IDTEntry::IDTEntry(bool)
                0x00000000c000f2a6                IDTEntry::setOffset(unsigned int)
                0x00000000c000f2ba                IDT::IDT()
                0x00000000c000f2ba                IDT::IDT()
                0x00000000c000f2bc                IDT::getPointerToInvalidOpcodeEntryForF00F()
                0x00000000c000f2c4                IDT::addEntry(IDTEntry, int)
                0x00000000c000f2de                IDT::addEntry(int, void (*)(), bool)
                0x00000000c000f316                IDT::flush()
                0x00000000c000f330                IDT::setup()
 .text          0x00000000c000f697      0x206 core/kheap.32
                0x00000000c000f697                sbrk
                0x00000000c000f7a5                mmap
                0x00000000c000f7bb                munmap
                0x00000000c000f7d1                liballoc_lock()
                0x00000000c000f7e2                liballoc_unlock()
                0x00000000c000f7f3                liballoc_alloc(int)
                0x00000000c000f811                liballoc_free(void*, int)
                0x00000000c000f82f                realloc
                0x00000000c000f843                malloc
                0x00000000c000f853                free
                0x00000000c000f863                rfree
                0x00000000c000f873                calloc
 .text          0x00000000c000f89d      0x485 core/main.32
                0x00000000c000f89d                hwTextMode_loadInData(VgaText*)
                0x00000000c000f8e8                hwTextMode_loadInTitle(VgaText*, char*)
                0x00000000c000f966                hwTextMode_showCursor(VgaText*, bool)
                0x00000000c000f9c4                hwTextMode_update(VgaText*)
                0x00000000c000f9c5                hwTextMode_updateCursor(VgaText*)
                0x00000000c000fa16                hwTextMode_disableBlink(VgaText*, bool)
                0x00000000c000fa5c                hwTextMode_scrollScreen(VgaText*)
                0x00000000c000fb09                hwTextMode_writeCharacter(VgaText*, char, VgaColour, VgaColour, int, int)
                0x00000000c000fb8b                setupTextMode()
                0x00000000c000fbfb                kernel_main
 .text          0x00000000c000fd22      0x5cb core/physmgr.32
                0x00000000c000fd22                Phys::allocateDMA(unsigned long)
                0x00000000c000fdc5                Phys::freeDMA(unsigned long, unsigned long)
                0x00000000c000fe0d                Phys::setPageState(unsigned long, bool)
                0x00000000c000fe3f                Phys::getPageState(unsigned long)
                0x00000000c000fe5b                Phys::freePage(unsigned long)
                0x00000000c000fee5                Phys::allocatePage()
                0x00000000c001002b                Phys::allocateContiguousPages(int)
                0x00000000c0010085                Phys::allowSegmentToBeUsed(unsigned long, unsigned long)
                0x00000000c00100bd                Phys::physicalMemorySetup(unsigned int)
 *fill*         0x00000000c00102ed        0x1 
 .text          0x00000000c00102ee      0x273 core/pipe.32
                0x00000000c00102ee                Pipe::isAtty()
                0x00000000c00102f2                Pipe::~Pipe()
                0x00000000c00102f2                Pipe::~Pipe()
                0x00000000c0010316                Pipe::~Pipe()
                0x00000000c001033e                Pipe::read(unsigned long long, void*, int*)
                0x00000000c0010432                Pipe::write(unsigned long long, void*, int*)
                0x00000000c00104fa                Pipe::Pipe(int)
                0x00000000c00104fa                Pipe::Pipe(int)
 *fill*         0x00000000c0010561        0x1 
 .text          0x00000000c0010562      0xf73 core/terminal.32
                0x00000000c0010562                VgaText::isAtty()
                0x00000000c0010566                VgaText::~VgaText()
                0x00000000c0010566                VgaText::~VgaText()
                0x00000000c001058a                VgaText::~VgaText()
                0x00000000c00105b4                VgaText::read(unsigned long long, void*, int*)
                0x00000000c00105d4                setTerminalScrollLock(bool)
                0x00000000c00105d5                addToTerminalCycle(VgaText*)
                0x00000000c0010602                installVgaTextImplementation()
                0x00000000c0010617                scrollTerminalScrollLock(int)
                0x00000000c0010618                VgaText::load()
                0x00000000c001066c                VgaText::updateCursor()
                0x00000000c0010686                VgaText::showCursor(bool)
                0x00000000c0010696                VgaText::disableBlink(bool)
                0x00000000c00106d0                VgaText::doANSI_SGR(int)
                0x00000000c001075c                VgaText::setDefaultBgColour(VgaColour)
                0x00000000c0010772                VgaText::setDefaultFgColour(VgaColour)
                0x00000000c0010788                VgaText::setDefaultColours(VgaColour, VgaColour)
                0x00000000c00107a8                VgaText::combineColours(unsigned char, unsigned char)
                0x00000000c00107ba                VgaText::scrollScreen()
                0x00000000c001084e                VgaText::combineCharAndColour(char, unsigned char)
                0x00000000c0010860                VgaText::writeCharacter(char, VgaColour, VgaColour, int, int)
                0x00000000c00108c0                VgaText::getCursorX()
                0x00000000c00108cc                VgaText::getCursorY()
                0x00000000c00108d8                VgaText::setCursor(int, int)
                0x00000000c00108f6                VgaText::setCursorX(int)
                0x00000000c0010912                VgaText::setCursorY(int)
                0x00000000c001092e                VgaText::incrementCursor(bool)
                0x00000000c0010996                VgaText::updateRAMUsageDisplay(int)
                0x00000000c00109fa                VgaText::updateDiskUsage()
                0x00000000c0010b64                VgaText::updateTitle()
                0x00000000c0010baa                VgaText::setTitleTextColour(VgaColour)
                0x00000000c0010bba                VgaText::setTitleColour(VgaColour)
                0x00000000c0010bca                VgaText::setTitle(char*)
                0x00000000c0010bf0                VgaText::decrementCursor(bool)
                0x00000000c0010c18                VgaText::putchar(char, VgaColour, VgaColour)
                0x00000000c0010d14                VgaText::isShowingCursor()
                0x00000000c0010d20                VgaText::isBlinkDisabled()
                0x00000000c0010d2e                VgaText::setCursorHeight(int)
                0x00000000c0010d4c                VgaText::getCursorHeight()
                0x00000000c0010d57                setActiveTerminal(VgaText*)
                0x00000000c0010e09                doTerminalCycle()
                0x00000000c0010e26                VgaText::doUpdate()
                0x00000000c0010e38                VgaText::puts(char const*, VgaColour, VgaColour)
                0x00000000c0010ff8                VgaText::clearScreen()
                0x00000000c001105c                VgaText::putchar(char)
                0x00000000c0011176                VgaText::puts(char const*)
                0x00000000c001119c                VgaText::putx(unsigned int)
                0x00000000c00111e2                VgaText::VgaText(char const*)
                0x00000000c00111e2                VgaText::VgaText(char const*)
                0x00000000c0011374                VgaText::receiveKey(unsigned char)
                0x00000000c001145c                VgaText::write(unsigned long long, void*, int*)
                0x00000000c00114b0                newTerminal(char*)
 *fill*         0x00000000c00114d5        0x1 
 .text          0x00000000c00114d6      0x1b3 core/tss.32
                0x00000000c00114d6                TSS::TSS()
                0x00000000c00114d6                TSS::TSS()
                0x00000000c00114e4                TSS::setESP(unsigned long)
                0x00000000c00114f6                TSS::flush()
                0x00000000c0011516                TSS::setup(unsigned long, unsigned long)
 *fill*         0x00000000c0011689        0x1 
 .text          0x00000000c001168a      0x4c2 core/unixfile.32
                0x00000000c001168a                ReservedFilename::read(unsigned long long, void*, int*)
                0x00000000c00116e0                ReservedFilename::isAtty()
                0x00000000c00116fc                ReservedFilename::write(unsigned long long, void*, int*)
                0x00000000c001175a                UnixFile::getFileDescriptor()
                0x00000000c0011762                UnixFile::UnixFile(int)
                0x00000000c0011762                UnixFile::UnixFile(int)
                0x00000000c0011912                ReservedFilename::ReservedFilename(int)
                0x00000000c0011912                ReservedFilename::ReservedFilename(int)
                0x00000000c0011944                UnixFile::~UnixFile()
                0x00000000c0011944                UnixFile::~UnixFile()
                0x00000000c00119dc                UnixFile::~UnixFile()
                0x00000000c0011a04                ReservedFilename::~ReservedFilename()
                0x00000000c0011a04                ReservedFilename::~ReservedFilename()
                0x00000000c0011a28                ReservedFilename::~ReservedFilename()
                0x00000000c0011a4f                getFromFileDescriptor(int)
 .text          0x00000000c0011b4c     0x12b6 core/virtmgr.32
                0x00000000c0011b4c                Virt::setPageState(unsigned long, Virt::VirtPageState)
                0x00000000c0011b81                Virt::getPageState(unsigned long)
                0x00000000c0011ba5                Virt::allocateKernelVirtualPages(int)
                0x00000000c0011cb6                Virt::freeSwapfilePage(unsigned long)
                0x00000000c0011cd4                Virt::swapIDToSector(unsigned long)
                0x00000000c0011ce6                Virt::allocateSwapfilePage()
                0x00000000c0011d64                Virt::virtualMemorySetup()
                0x00000000c0011de3                Virt::swappingSetup()
                0x00000000c0011e40                Virt::getAKernelVAS()
                0x00000000c0011e46                Virt::setupPageSwapping(int)
                0x00000000c0011f76                VAS::VAS()
                0x00000000c0011f76                VAS::VAS()
                0x00000000c0011fa6                VAS::VAS(VAS*)
                0x00000000c0011fa6                VAS::VAS(VAS*)
                0x00000000c0011fca                VAS::getForeignPageTableEntry(bool, unsigned long)
                0x00000000c0011ff6                VAS::getPageTableEntry(unsigned long)
                0x00000000c0012015                Virt::freeKernelVirtualPages(unsigned long)
                0x00000000c0012138                VAS::freeAllocatedPages(unsigned long)
                0x00000000c001215c                VAS::virtualToPhysical(unsigned long)
                0x00000000c0012174                VAS::reflagRange(unsigned long, int, int, int)
                0x00000000c00121b4                VAS::setToWriteCombining(unsigned long, int)
                0x00000000c00121e6                VAS::mapOtherVASIn(bool, VAS*)
                0x00000000c0012210                VAS::~VAS()
                0x00000000c0012210                VAS::~VAS()
                0x00000000c001237c                VAS::mapPage(unsigned long, unsigned long, int)
                0x00000000c001247c                VAS::allocatePages(int, int)
                0x00000000c0012654                VAS::setCPUSpecific(unsigned long)
                0x00000000c0012670                VAS::mapRange(unsigned long, unsigned long, int, int)
                0x00000000c0012736                VAS::mapForeignPage(bool, VAS*, unsigned long, unsigned long, int)
                0x00000000c0012824                VAS::VAS(bool)
                0x00000000c0012824                VAS::VAS(bool)
                0x00000000c0012a80                VAS::evict(unsigned long)
                0x00000000c0012b3e                VAS::scanForEviction(int, int)
                0x00000000c0012bfc                VAS::tryLoadBackOffDisk(unsigned long)
                0x00000000c0012d46                mapVASFirstTime
 .text          0x00000000c0012e02       0x95 coreobjs/c++.32
                0x00000000c0012e02                __cxa_atexit
                0x00000000c0012e05                __cxa_finalize
                0x00000000c0012e06                __stack_chk_fail
                0x00000000c0012e72                __cxa_pure_virtual
                0x00000000c0012e83                operator new[](unsigned long)
                0x00000000c0012e88                operator delete(void*, unsigned long)
                0x00000000c0012e8d                operator delete[](void*)
                0x00000000c0012e92                operator delete[](void*, unsigned long)
 .text          0x00000000c0012e97      0x1ef dbg/kconsole.32
                0x00000000c0012e97                Dbg::stringifyxWithBase(unsigned int, char*, int)
                0x00000000c0012ef8                Dbg::logc(char)
                0x00000000c0012f0f                Dbg::logs(char*)
                0x00000000c0012f2c                Dbg::logWriteInt(unsigned int)
                0x00000000c0012f49                Dbg::logWriteIntBase(unsigned int, int)
                0x00000000c0012f68                Dbg::kprintf(char const*, ...)
 .text          0x00000000c0013086      0xb7c fs/vfs.32
                0x00000000c0013086                File::read(unsigned long long, void*, int*)
                0x00000000c00130de                File::write(unsigned long long, void*, int*)
                0x00000000c0013136                Directory::read(unsigned long long, void*, int*)
                0x00000000c001318e                Directory::write(unsigned long long, void*, int*)
                0x00000000c00131bc                File::isAtty()
                0x00000000c00131c0                Directory::isAtty()
                0x00000000c00131c4                Filesystem::getlabel(LogicalDisk*, int, char*, unsigned int*)
                0x00000000c00131ca                Filesystem::setlabel(LogicalDisk*, int, char*)
                0x00000000c00131d0                File::~File()
                0x00000000c00131d0                File::~File()
                0x00000000c00131f4                File::~File()
                0x00000000c001321e                Directory::~Directory()
                0x00000000c001321e                Directory::~Directory()
                0x00000000c0013242                Directory::~Directory()
                0x00000000c001326c                Filesystem::Filesystem()
                0x00000000c001326c                Filesystem::Filesystem()
                0x00000000c0013290                Filesystem::~Filesystem()
                0x00000000c0013290                Filesystem::~Filesystem()
                0x00000000c001329e                Filesystem::~Filesystem()
                0x00000000c00132c2                Fs::getcwd(Process*, char*, int)
                0x00000000c00132ec                Fs::initVFS()
                0x00000000c0013316                Fs::standardiseFiles(char*, char const*, char const*)
                0x00000000c00134c0                File::File(char const*, Process*)
                0x00000000c00134c0                File::File(char const*, Process*)
                0x00000000c0013524                File::open(FileOpenMode)
                0x00000000c0013582                File::close()
                0x00000000c00135e2                File::seek(unsigned long long)
                0x00000000c0013638                File::tell(unsigned long long*)
                0x00000000c0013688                File::rewind()
                0x00000000c001369c                File::unlink()
                0x00000000c00136e8                File::rename(char const*)
                0x00000000c0013736                File::chfatattr(unsigned char, unsigned char)
                0x00000000c0013792                File::exists()
                0x00000000c00137d0                File::stat(unsigned long long*, bool*)
                0x00000000c0013831                Fs::setcwd(Process*, char*)
                0x00000000c001396c                Directory::Directory(char const*, Process*)
                0x00000000c001396c                Directory::Directory(char const*, Process*)
                0x00000000c00139d0                Directory::open()
                0x00000000c0013a2c                Directory::close()
                0x00000000c0013a8c                Directory::unlink()
                0x00000000c0013ad8                Directory::rename(char const*)
                0x00000000c0013b26                Directory::exists()
                0x00000000c0013b64                Directory::read(dirent*)
                0x00000000c0013bb0                Directory::create()
                0x00000000c0013bfc                Filesystem::chfatattr(char const*, unsigned char, unsigned char)
 .text          0x00000000c0013c02       0x84 hal/bus.32
                0x00000000c0013c02                Bus::Bus(char const*)
                0x00000000c0013c02                Bus::Bus(char const*)
                0x00000000c0013c38                Bus::~Bus()
                0x00000000c0013c38                Bus::~Bus()
                0x00000000c0013c5c                Bus::~Bus()
 .text          0x00000000c0013c86      0x14e hal/buzzer.32
                0x00000000c0013c86                Buzzer::Buzzer(char const*)
                0x00000000c0013c86                Buzzer::Buzzer(char const*)
                0x00000000c0013cca                Buzzer::~Buzzer()
                0x00000000c0013cca                Buzzer::~Buzzer()
                0x00000000c0013cee                Buzzer::~Buzzer()
                0x00000000c0013d18                Buzzer::stop()
                0x00000000c0013d2b                beepThread(void*)
                0x00000000c0013d66                Buzzer::beep(int, int, bool)
 .text          0x00000000c0013dd4      0x467 hal/clock.32
                0x00000000c0013dd4                User::loadClockSettings(int)
                0x00000000c0013e26                Clock::Clock(char const*)
                0x00000000c0013e26                Clock::Clock(char const*)
                0x00000000c0013e5c                Clock::~Clock()
                0x00000000c0013e5c                Clock::~Clock()
                0x00000000c0013e80                Clock::~Clock()
                0x00000000c0013eaa                Clock::timeInSecondsLocal()
                0x00000000c0013ef2                Clock::setTimeInSecondsLocal(unsigned long long)
                0x00000000c0013f4b                datetimeToSeconds(datetime_t)
                0x00000000c0014072                Clock::setTimeInDatetimeLocal(datetime_t)
                0x00000000c00140d2                secondsToDatetime(unsigned long long)
                0x00000000c0014216                Clock::timeInDatetimeLocal()
 *fill*         0x00000000c001423b        0x1 
 .text          0x00000000c001423c      0x4de hal/device.32
                0x00000000c001423c                Device::hibernate()
                0x00000000c001423e                Device::wake()
                0x00000000c0014240                Device::detect()
                0x00000000c0014242                Device::disableLegacy()
                0x00000000c0014244                Device::powerSaving(PowerSavingLevel)
                0x00000000c0014246                DriverlessDevice::close(int, int, void*)
                0x00000000c001424a                DriverlessDevice::detect()
                0x00000000c001424c                DriverlessDevice::open(int, int, void*)
                0x00000000c0014260                Device::~Device()
                0x00000000c0014260                Device::~Device()
                0x00000000c001426e                Device::~Device()
                0x00000000c0014296                Device::findAndLoadDriver()
                0x00000000c0014298                Device::preOpenPCI(PCIDeviceInfo)
                0x00000000c00142be                Device::preOpenACPI(void*, char*, char*)
                0x00000000c0014312                Device::addIRQHandler(int, void (*)(regs*, void*), bool, void*)
                0x00000000c0014350                Device::removeIRQHandler(int, void (*)(regs*, void*), bool)
                0x00000000c001438e                Device::addChild(Device*)
                0x00000000c00143d2                Device::removeAllChildren()
                0x00000000c0014418                Device::hibernateAll()
                0x00000000c0014448                Device::wakeAll()
                0x00000000c0014478                Device::detectAll()
                0x00000000c00144a8                Device::disableLegacyAll()
                0x00000000c00144d8                Device::loadDriversForAll()
                0x00000000c0014504                Device::closeAll()
                0x00000000c001453a                Device::powerSavingAll(PowerSavingLevel)
                0x00000000c0014570                Device::setName(char const*)
                0x00000000c001457e                Device::Device(char const*)
                0x00000000c001457e                Device::Device(char const*)
                0x00000000c001467a                Device::getName()
                0x00000000c0014684                DriverlessDevice::DriverlessDevice(char const*)
                0x00000000c0014684                DriverlessDevice::DriverlessDevice(char const*)
                0x00000000c00146ac                Device::addToLinkedList(LinkedList<Device>&, DeviceType)
                0x00000000c00146f0                getDevicesOfType(DeviceType)
 .text          0x00000000c001471a       0x84 hal/diskctrl.32
                0x00000000c001471a                HardDiskController::HardDiskController(char const*)
                0x00000000c001471a                HardDiskController::HardDiskController(char const*)
                0x00000000c0014750                HardDiskController::~HardDiskController()
                0x00000000c0014750                HardDiskController::~HardDiskController()
                0x00000000c0014774                HardDiskController::~HardDiskController()
 .text          0x00000000c001479e       0xf2 hal/diskphys.32
                0x00000000c001479e                PhysicalDisk::eject()
                0x00000000c00147b2                PhysicalDisk::PhysicalDisk(char const*, int)
                0x00000000c00147b2                PhysicalDisk::PhysicalDisk(char const*, int)
                0x00000000c001481a                PhysicalDisk::startCache()
                0x00000000c0014842                PhysicalDisk::~PhysicalDisk()
                0x00000000c0014842                PhysicalDisk::~PhysicalDisk()
                0x00000000c0014866                PhysicalDisk::~PhysicalDisk()
 .text          0x00000000c0014890      0x13b hal/fpu.32
                0x00000000c0014890                FPU::FPU(char const*)
                0x00000000c0014890                FPU::FPU(char const*)
                0x00000000c00148c6                FPU::~FPU()
                0x00000000c00148c6                FPU::~FPU()
                0x00000000c00148ea                FPU::~FPU()
                0x00000000c0014914                setupFPU()
 *fill*         0x00000000c00149cb        0x1 
 .text          0x00000000c00149cc     0x13a7 hal/intctrl.32
                0x00000000c00149cc                InterruptController::uninstallISRHandler(int, void (*)(regs*, void*))
                0x00000000c0014a04                InterruptController::installISRHandler(int, void (*)(regs*, void*), void*)
                0x00000000c0014a56                doubleFault(regs*, void*)
                0x00000000c0014a70                InterruptController::installIRQHandler(int, void (*)(regs*, void*), bool, void*)
                0x00000000c0014b0c                InterruptController::clearAllHandlers(int, bool)
                0x00000000c0014bb4                InterruptController::uninstallIRQHandler(int, void (*)(regs*, void*), bool)
                0x00000000c0014c3b                nmiHandler(regs*, void*)
                0x00000000c0014c49                int_handler
                0x00000000c0014cea                InterruptController::InterruptController(char const*)
                0x00000000c0014cea                InterruptController::InterruptController(char const*)
                0x00000000c0014d90                InterruptController::~InterruptController()
                0x00000000c0014d90                InterruptController::~InterruptController()
                0x00000000c0014db4                InterruptController::~InterruptController()
                0x00000000c0014dde                displayDebugInfo(regs*)
                0x00000000c001526d                x87EmulHandler(regs*, void*)
                0x00000000c001529c                gpFault(regs*, void*)
                0x00000000c00152d5                pgFault(regs*, void*)
                0x00000000c0015312                otherISRHandler(regs*, void*)
                0x00000000c0015331                opcodeFault(regs*, void*)
                0x00000000c0015937                displayProgramFault(char const*)
                0x00000000c001595f                setupInterruptController()
                0x00000000c0015d26                InterruptController::convertLegacyIRQNumber(int)
 *fill*         0x00000000c0015d73        0x1 
 .text          0x00000000c0015d74      0x6c8 hal/keybrd.32
                0x00000000c0015d74                startGUI(void*)
                0x00000000c0015dd0                startGUIVESA(void*)
                0x00000000c0015e2c                sendKeyToTerminal(unsigned char)
                0x00000000c0015e98                sendKeyboardToken(KeyboardToken)
                0x00000000c00162d5                clearInternalKeybuffer(VgaText*)
                0x00000000c001630a                readKeyboard(VgaText*, char*, unsigned long)
                0x00000000c00163b2                Keyboard::Keyboard(char const*)
                0x00000000c00163b2                Keyboard::Keyboard(char const*)
                0x00000000c00163ee                Keyboard::~Keyboard()
                0x00000000c00163ee                Keyboard::~Keyboard()
                0x00000000c0016412                Keyboard::~Keyboard()
 .text          0x00000000c001643c      0x414 hal/logidisk.32
                0x00000000c001643c                LogicalDisk::close(int, int, void*)
                0x00000000c0016440                LogicalDisk::~LogicalDisk()
                0x00000000c0016440                LogicalDisk::~LogicalDisk()
                0x00000000c0016464                LogicalDisk::~LogicalDisk()
                0x00000000c001648e                LogicalDisk::open(int, int, void*)
                0x00000000c00164a2                LogicalDisk::absoluteToRelative(unsigned long long)
                0x00000000c00164da                LogicalDisk::relativeToAbsolute(unsigned long long)
                0x00000000c0016520                LogicalDisk::LogicalDisk(char const*, PhysicalDisk*, unsigned long long, unsigned long long)
                0x00000000c0016520                LogicalDisk::LogicalDisk(char const*, PhysicalDisk*, unsigned long long, unsigned long long)
                0x00000000c00165d6                LogicalDisk::assignDriveLetter()
                0x00000000c001668c                LogicalDisk::mount()
                0x00000000c00166fe                LogicalDisk::unmount()
                0x00000000c001670e                LogicalDisk::eject()
                0x00000000c0016722                LogicalDisk::unassignDriveLetter()
                0x00000000c0016778                LogicalDisk::read(unsigned long long, int, void*)
                0x00000000c00167e4                LogicalDisk::write(unsigned long long, int, void*)
 .text          0x00000000c0016850       0x84 hal/mouse.32
                0x00000000c0016850                Mouse::Mouse(char const*)
                0x00000000c0016850                Mouse::Mouse(char const*)
                0x00000000c0016886                Mouse::~Mouse()
                0x00000000c0016886                Mouse::~Mouse()
                0x00000000c00168aa                Mouse::~Mouse()
 .text          0x00000000c00168d4      0x34d hal/partition.32
                0x00000000c00168d4                makePartition(PhysicalDisk*, unsigned long long, unsigned long long)
                0x00000000c0016990                createPartitionsForDisk(PhysicalDisk*)
 *fill*         0x00000000c0016c21        0x1 
 .text          0x00000000c0016c22       0x84 hal/serial.32
                0x00000000c0016c22                Serial::Serial(char const*)
                0x00000000c0016c22                Serial::Serial(char const*)
                0x00000000c0016c58                Serial::~Serial()
                0x00000000c0016c58                Serial::~Serial()
                0x00000000c0016c7c                Serial::~Serial()
 .text          0x00000000c0016ca6      0x2b8 hal/timer.32
                0x00000000c0016ca6                Timer::Timer(char const*)
                0x00000000c0016ca6                Timer::Timer(char const*)
                0x00000000c0016cdc                Timer::~Timer()
                0x00000000c0016cdc                Timer::~Timer()
                0x00000000c0016d00                Timer::~Timer()
                0x00000000c0016d2a                Timer::read()
                0x00000000c0016d35                timerHandler(unsigned long long)
                0x00000000c0016e6c                setupTimer(int)
 .text          0x00000000c0016f5e      0x425 hal/vcache.32
                0x00000000c0016f5e                VCache::VCache(PhysicalDisk*)
                0x00000000c0016f5e                VCache::VCache(PhysicalDisk*)
                0x00000000c00170c6                VCache::invalidateReadBuffer()
                0x00000000c00170d6                VCache::writeWriteBuffer()
                0x00000000c0017112                VCache::~VCache()
                0x00000000c0017112                VCache::~VCache()
                0x00000000c0017166                VCache::~VCache()
                0x00000000c001718e                VCache::write(unsigned long long, int, void*)
                0x00000000c0017284                VCache::read(unsigned long long, int, void*)
 *fill*         0x00000000c0017383        0x1 
 .text          0x00000000c0017384      0x4cd hal/video.32
                0x00000000c0017384                Video::putrect(int, int, int, int, unsigned int)
                0x00000000c00173d0                Video::bitblit(int, int, int, int, int, int, int, unsigned int*)
                0x00000000c0017440                Video::blit(unsigned int*, int, int, int, int)
                0x00000000c00174be                Video::clearScreen(unsigned int)
                0x00000000c00174f2                Video::putpixel(int, int, unsigned int)
                0x00000000c0017500                Video::Video(char const*)
                0x00000000c0017500                Video::Video(char const*)
                0x00000000c0017536                Video::~Video()
                0x00000000c0017536                Video::~Video()
                0x00000000c001755a                Video::~Video()
                0x00000000c0017584                Video::isMonochrome()
                0x00000000c0017590                Video::getWidth()
                0x00000000c001759c                Video::getHeight()
                0x00000000c00175a8                Video::drawCursor(int, int, unsigned char*, int)
                0x00000000c0017664                Video::tgaParse(unsigned char*, int, int*, int*)
                0x00000000c00177e6                Video::putTGA(int, int, unsigned char*, int)
 *fill*         0x00000000c0017851        0x1 
 .text          0x00000000c0017852      0xf64 hw/acpi.32
                0x00000000c0017852                ACPI::close(int, int, void*)
                0x00000000c0017907                findRSDP()
                0x00000000c0017991                loadACPITables(unsigned char*)
                0x00000000c0017bb8                findRSDT(unsigned char*)
                0x00000000c0017cd6                findDataTable(unsigned char*, char*)
                0x00000000c0017d72                scanMADT()
                0x00000000c00181f8                ACPI::ACPI()
                0x00000000c00181f8                ACPI::ACPI()
                0x00000000c0018262                ACPI::getPCIIRQAssignment(unsigned char, unsigned short, unsigned char)
                0x00000000c0018344                ACPI::registerPCIIRQAssignment(void*, unsigned short, unsigned char, unsigned char)
                0x00000000c001840a                ACPI::setScreenBrightnessLevel(void*, int)
                0x00000000c0018410                ACPI::writeSimpleBootFlag(SimpleBootFlagTable*)
                0x00000000c0018458                ACPI::open(int, int, void*)
                0x00000000c001879e                ACPI::sleep()
 .text          0x00000000c00187b6     0x1715 hw/cpu.32
                0x00000000c00187b6                CPU::close(int, int, void*)
                0x00000000c00187ba                CPU::lookupAMDName(unsigned char, unsigned char)
                0x00000000c001894e                CPU::lookupIntelName(unsigned char, unsigned char)
                0x00000000c0018bfc                CPU::AMD_K6_write_msr(unsigned int, unsigned int, unsigned int, CPU::REGS*)
                0x00000000c0018c18                CPU::AMD_K6_read_msr(unsigned int, CPU::REGS*)
                0x00000000c0018c30                CPU::AMD_K6_writeback(int, int, int)
                0x00000000c0018ca4                CPU::cpuid(int, unsigned long*, unsigned long*, unsigned long*, unsigned long*)
                0x00000000c0018d28                CPU::cpuidCheckEDX(unsigned int)
                0x00000000c0018d56                CPU::cpuidCheckECX(unsigned int)
                0x00000000c0018d84                CPU::cpuidCheckExtendedEBX(unsigned int)
                0x00000000c0018db2                CPU::cpuidCheckExtendedECX(unsigned int)
                0x00000000c0018de0                CPU::CPU()
                0x00000000c0018de0                CPU::CPU()
                0x00000000c0018e6e                CPU::displayFeatures()
                0x00000000c00190ea                CPU::detectFeatures()
                0x00000000c0019ada                CPU::setupSMEP()
                0x00000000c0019ae6                CPU::setupUMIP()
                0x00000000c0019af0                CPU::setupTSC()
                0x00000000c0019afa                CPU::setupLargePages()
                0x00000000c0019b04                CPU::setupPAT()
                0x00000000c0019b40                CPU::setupMTRR()
                0x00000000c0019b42                CPU::setupGlobalPages()
                0x00000000c0019b4c                CPU::allowUsermodeDataAccess()
                0x00000000c0019b5e                CPU::prohibitUsermodeDataAccess()
                0x00000000c0019b70                CPU::setupSMAP()
                0x00000000c0019b7e                CPU::setupFeatures()
                0x00000000c0019bfe                CPU::open(int, int, void*)
                0x00000000c0019cd0                CPU::decodeAddress(regs*, int*, bool*, unsigned char*)
 .text          0x00000000c0019ecb        0x0 hw/ports.32
 .text          0x00000000c0019ecb      0x16a hw/smp.32
                0x00000000c0019ecb                Krnl::smpEntry()
                0x00000000c0019ecd                Krnl::startCPU(int)
                0x00000000c001a016                Krnl::startCPUs()
 *fill*         0x00000000c001a035        0x1 
 .text          0x00000000c001a036      0x5d3 krnl/env.32
                0x00000000c001a036                EnvVarContainer::getEnv(char const*)
                0x00000000c001a074                EnvVarContainer::setEnv(char const*, char const*)
                0x00000000c001a140                EnvVarContainer::deleteEnv(char const*)
                0x00000000c001a142                EnvVarContainer::loadFrom(char const*, char const*)
                0x00000000c001a338                EnvVarContainer::__loadSystem()
                0x00000000c001a352                EnvVarContainer::__loadUser()
                0x00000000c001a354                EnvVarContainer::EnvVarContainer(Process*)
                0x00000000c001a354                EnvVarContainer::EnvVarContainer(Process*)
                0x00000000c001a376                EnvVarContainer::~EnvVarContainer()
                0x00000000c001a376                EnvVarContainer::~EnvVarContainer()
                0x00000000c001a3a6                Krnl::getEnv(Process*, char const*)
                0x00000000c001a40b                Krnl::setEnvSystem(char const*, char const*)
                0x00000000c001a425                Krnl::setEnvUser(char const*, char const*)
                0x00000000c001a444                Krnl::setEnvProcess(Process*, char const*, char const*)
                0x00000000c001a457                Krnl::deleteEnvSystem(char const*)
                0x00000000c001a458                Krnl::deleteEnvUser(char const*)
                0x00000000c001a459                Krnl::deleteEnvProcess(Process*, char const*)
                0x00000000c001a45a                Krnl::newProcessEnv(Process*)
                0x00000000c001a47c                Krnl::copyProcessEnv(Process*, Process*)
                0x00000000c001a4d0                Krnl::loadSystemEnv()
                0x00000000c001a4fe                Krnl::loadUserEnv()
                0x00000000c001a524                Krnl::flushEnv()
                0x00000000c001a525                Krnl::getProcessTotalEnvCount(Process*)
                0x00000000c001a545                Krnl::getProcessEnvPair(Process*, int)
 .text          0x00000000c001a609      0x396 krnl/panic.32
                0x00000000c001a609                Krnl::panic(char const*)
 .text          0x00000000c001a99f      0x3b6 net/ethernet.32
                0x00000000c001a99f                Net::switchEndian16(unsigned short)
                0x00000000c001a9c0                Net::switchEndian32(unsigned int)
                0x00000000c001a9ef                Net::crc32Calc(unsigned char*, int)
                0x00000000c001aa80                Net::wrapEthernetFrame(Net::UnwrappedEthernetFrame, unsigned char*)
                0x00000000c001abbc                Net::unwrapEthernetFrame(unsigned char*, int)
 .text          0x00000000c001ad55      0x513 reg/registry.32
                0x00000000c001ad55                Reg::findLineFromLoadedData(char*, char*, char*)
                0x00000000c001aead                Reg::getLineFromRegistry(char*, char*, char*, char*)
                0x00000000c001b002                Reg::getLine(char*, char*, char*)
                0x00000000c001b039                Reg::readInt(char*, char*, int*)
                0x00000000c001b124                Reg::readString(char*, char*, char*, int)
                0x00000000c001b1a5                Reg::readBool(char*, char*, bool*)
                0x00000000c001b1ca                Reg::readBoolWithDefault(char*, char*, bool)
                0x00000000c001b1f6                Reg::readIntWithDefault(char*, char*, int)
                0x00000000c001b222                Reg::readStringWithDefault(char*, char*, char*, int, char*)
 .text          0x00000000c001b268       0x36 sys/sc_eject.32
                0x00000000c001b268                Sys::eject(regs*)
 .text          0x00000000c001b29e       0x18 sys/sc_exit.32
                0x00000000c001b29e                Sys::exit(regs*)
 .text          0x00000000c001b2b6       0x1f sys/sc_getcwd.32
                0x00000000c001b2b6                Sys::getCwd(regs*)
 .text          0x00000000c001b2d5        0xc sys/sc_getpid.32
                0x00000000c001b2d5                Sys::getPID(regs*)
 .text          0x00000000c001b2e1       0x17 sys/sc_getramdata.32
                0x00000000c001b2e1                Sys::getRAMData(regs*)
 .text          0x00000000c001b2f8       0xa8 sys/sc_loaddll.32
                0x00000000c001b2f8                Sys::loadDLL(regs*)
 .text          0x00000000c001b3a0       0x68 sys/sc_read.32
                0x00000000c001b3a0                Sys::read(regs*)
 .text          0x00000000c001b408       0x55 sys/sc_sbrk.32
                0x00000000c001b408                Sys::sbrk(regs*)
 .text          0x00000000c001b45d       0x1c sys/sc_setcwd.32
                0x00000000c001b45d                Sys::setCwd(regs*)
 .text          0x00000000c001b479      0x128 sys/sc_settime.32
                0x00000000c001b479                Sys::setTime(regs*)
 .text          0x00000000c001b5a1       0x4a sys/sc_timezone.32
                0x00000000c001b5a1                Sys::timezone(regs*)
 .text          0x00000000c001b5eb       0x68 sys/sc_write.32
                0x00000000c001b5eb                Sys::write(regs*)
 .text          0x00000000c001b653       0x62 sys/sc_wsbe.32
                0x00000000c001b653                Sys::wsbe(regs*)
 .text          0x00000000c001b6b5       0x3b sys/sc_yield.32
                0x00000000c001b6b5                Sys::yield(regs*)
 .text          0x00000000c001b6f0     0x10e5 sys/syscalls.32
                0x00000000c001b6f0                sysCallSeekDir(regs*)
                0x00000000c001b6f5                sysCallTellDir(regs*)
                0x00000000c001b6fa                sysCallVerify(regs*)
                0x00000000c001b704                sysFormatDisk(regs*)
                0x00000000c001b76e                sysSetDiskVolumeLabel(regs*)
                0x00000000c001b7b4                sysGetDiskVolumeLabel(regs*)
                0x00000000c001b805                sysShutdown(regs*)
                0x00000000c001b863                sysCallRealpath(regs*)
                0x00000000c001b8a6                sysCallGetArgc(regs*)
                0x00000000c001b8d4                sysCallReadDir(regs*)
                0x00000000c001b962                sysCallIsATTY(regs*)
                0x00000000c001b9bc                sysCallSeek(regs*)
                0x00000000c001ba25                sysCallTell(regs*)
                0x00000000c001baa2                sysCallSize(regs*)
                0x00000000c001bb25                sysCallSizeFromFilename(regs*)
                0x00000000c001bbe5                sysCallClose(regs*)
                0x00000000c001bc6d                sysCallOpenDir(regs*)
                0x00000000c001bce2                sysCallCloseDir(regs*)
                0x00000000c001bd48                sysCallMakeDir(regs*)
                0x00000000c001bdb8                sysCallWait(regs*)
                0x00000000c001bdd2                sysCallNotImpl(regs*)
                0x00000000c001bded                sysPanic(regs*)
                0x00000000c001be13                sysCallRmdir(regs*)
                0x00000000c001be77                sysCallUnlink(regs*)
                0x00000000c001bedb                sysCallGetArgv(regs*)
                0x00000000c001bf27                sysCallTTYName(regs*)
                0x00000000c001bfaa                sysCallUSleep(regs*)
                0x00000000c001bfd1                sysCallSpawn(regs*)
                0x00000000c001c029                sysCallGetEnv(regs*)
                0x00000000c001c161                sysAppSettings(regs*)
                0x00000000c001c280                sysSetFatAttrib(regs*)
                0x00000000c001c2f2                sysPipe(regs*)
                0x00000000c001c337                sysGetUnixTime(regs*)
                0x00000000c001c34b                string_ends_with(char const*, char const*)
                0x00000000c001c393                sysCallOpen(regs*)
                0x00000000c001c5a8                Sys::loadSyscalls()
                0x00000000c001c793                Sys::systemCall(regs*, void*)
 .text          0x00000000c001c7d5     0x11ec thr/elf.32
                0x00000000c001c7d5                Thr::allocateMemoryForTask(Process*, File*, unsigned long, unsigned long, unsigned long)
                0x00000000c001ca67                Thr::loadProgramIntoMemory(Process*, char const*)
                0x00000000c001cc7d                Thr::runtimeReferenceHelper()
                0x00000000c001cc90                Thr::getAddressOfKernelSymbol(char const*)
                0x00000000c001ccdf                Thr::loadKernelSymbolTable(char const*)
                0x00000000c001cf9d                Thr::loadDriverIntoMemory(char const*, unsigned long, bool)
                0x00000000c001d6b9                Thr::getDriverBaseFromAddress(unsigned long)
                0x00000000c001d6eb                Thr::getDriverNameFromAddress(unsigned long)
                0x00000000c001d722                Thr::getDriverOffsetFromAddress(unsigned long)
                0x00000000c001d73c                Thr::loadDLL(char const*, bool)
                0x00000000c001d988                Thr::executeDLL(unsigned long, void*)
 *fill*         0x00000000c001d9c1        0x1 
 .text          0x00000000c001d9c2     0x1056 thr/prcssthr.32
                0x00000000c001d9c2                changeTSS
                0x00000000c001d9f2                Process::addArgs(char**)
                0x00000000c001da4c                Process::Process(char const*, Process*, char**)
                0x00000000c001da4c                Process::Process(char const*, Process*, char**)
                0x00000000c001dc30                Process::Process(bool, char const*, Process*, char**)
                0x00000000c001dc30                Process::Process(bool, char const*, Process*, char**)
                0x00000000c001dddf                disableIRQs()
                0x00000000c001dde7                getIRQNestingLevel()
                0x00000000c001dded                enableIRQs()
                0x00000000c001ddfc                lockScheduler()
                0x00000000c001ddfe                unlockScheduler()
                0x00000000c001de00                userModeEntryPoint(void*)
                0x00000000c001de23                lockStuff()
                0x00000000c001de2f                taskStartupFunction
                0x00000000c001de38                updateTimeUsed()
                0x00000000c001de9d                switchToThread(ThreadControlBlock*)
                0x00000000c001deee                Semaphore::Semaphore(int)
                0x00000000c001deee                Semaphore::Semaphore(int)
                0x00000000c001df1c                Mutex::Mutex()
                0x00000000c001df1c                Mutex::Mutex()
                0x00000000c001df2e                Process::createThread(void (*)(void*), void*, int)
                0x00000000c001e012                Process::createUserThread()
                0x00000000c001e02e                setupMultitasking(void (*)())
                0x00000000c001e138                schedule()
                0x00000000c001e1bd                unlockStuff()
                0x00000000c001e1f2                Semaphore::tryAcquire()
                0x00000000c001e220                Semaphore::assertLocked(char const*)
                0x00000000c001e250                blockTaskWithSchedulerLockAlreadyHeld(TaskState)
                0x00000000c001e292                blockTask(TaskState)
                0x00000000c001e2b3                waitTask(int, int*, int)
                0x00000000c001e2f5                nanoSleepUntil(unsigned long long)
                0x00000000c001e34c                nanoSleep(unsigned long long)
                0x00000000c001e361                sleep(unsigned long long)
                0x00000000c001e37e                Semaphore::acquire()
                0x00000000c001e3e6                taskReturned
                0x00000000c001e414                unblockTask(ThreadControlBlock*)
                0x00000000c001e4c3                cleanupTerminatedTask(ThreadControlBlock*)
                0x00000000c001e78c                cleanerTaskFunction(void*)
                0x00000000c001e83f                terminateTask(int)
                0x00000000c001e91f                Thr::terminateFromIRQ(int)
                0x00000000c001e92c                Semaphore::release()
 .text          0x00000000c001ea18      0xc26 vm86/vm8086.32
                0x00000000c001ea18                Vm::inbv(unsigned short)
                0x00000000c001ea2b                Vm::outbv(unsigned short, unsigned char)
                0x00000000c001ea7e                Vm::realToLinear(unsigned short, unsigned short)
                0x00000000c001ea8e                Vm::getSegment(unsigned int)
                0x00000000c001ea96                Vm::getOffset(unsigned int)
                0x00000000c001ea9b                Vm::mainloop2()
                0x00000000c001ead6                Vm::mainVm8086Loop(void*)
                0x00000000c001eae3                Vm::mainloop3(unsigned long)
                0x00000000c001eb0d                Vm::initialise8086()
                0x00000000c001eb50                Vm::finish8086()
                0x00000000c001eb95                Vm::getOutput8086(unsigned char*)
                0x00000000c001ebbf                Vm::start8086(char const*, unsigned short, unsigned short, unsigned short, unsigned short)
                0x00000000c001ed0f                Vm::doISR(regs*, int, unsigned char*, unsigned short, unsigned short)
                0x00000000c001ed99                Vm::readByteFromReal(unsigned short, unsigned short)
                0x00000000c001edaa                Vm::readWordFromReal(unsigned short, unsigned short)
                0x00000000c001edbc                Vm::readDwordFromReal(unsigned short, unsigned short)
                0x00000000c001edcd                Vm::writeByteFromReal(unsigned short, unsigned short, unsigned char)
                0x00000000c001ede2                Vm::writeWordFromReal(unsigned short, unsigned short, unsigned short)
                0x00000000c001edf8                Vm::writeDwordFromReal(unsigned short, unsigned short, unsigned int)
                0x00000000c001ee0d                Vm::faultHandler(regs*)
 .text          0x00000000c001f63e      0xefd vm86/x87em.32
                0x00000000c001f63e                Vm::fpuInternalTo32(unsigned long long)
                0x00000000c001f699                Vm::fpuInternalTo64(unsigned long long)
                0x00000000c001f6a2                Vm::fpu32ToInternal(unsigned int)
                0x00000000c001f6e7                Vm::fpu64ToInternal(unsigned long long)
                0x00000000c001f6f0                Vm::fpuFloatToLong(unsigned long long)
                0x00000000c001f74b                Vm::fpuULongToFloat(unsigned long long)
                0x00000000c001f781                Vm::fpuLongToFloat(long long)
                0x00000000c001f7d7                Vm::fpuGet0()
                0x00000000c001f7dc                Vm::fpuGet1()
                0x00000000c001f7e4                Vm::fpuGetPi()
                0x00000000c001f7ec                Vm::fpuGetLog2E()
                0x00000000c001f804                Vm::fpuGetLogE2()
                0x00000000c001f81c                Vm::fpuGetLog210()
                0x00000000c001f834                Vm::fpuGetLog102()
                0x00000000c001f84c                Vm::fpuIsSecondLarger(unsigned long long, unsigned long long)
                0x00000000c001f860                Vm::fpuAreEqual(unsigned long long, unsigned long long)
                0x00000000c001f876                Vm::fpuUnorderedCompare(unsigned long long, unsigned long long)
                0x00000000c001f8c9                Vm::fpuAdd(unsigned long long, unsigned long long)
                0x00000000c001f8da                Vm::fpuAbs(unsigned long long)
                0x00000000c001f8e3                Vm::fpuChs(unsigned long long)
                0x00000000c001f8f3                Vm::fpuSub(unsigned long long, unsigned long long)
                0x00000000c001f902                Vm::fpuMultiply(unsigned long long, unsigned long long)
                0x00000000c001f921                Vm::fpuDivide(unsigned long long, unsigned long long)
                0x00000000c001f93d                Vm::fpuSquare(unsigned long long)
                0x00000000c001f953                Vm::fpuGetReg(int)
                0x00000000c001f996                Vm::fpuSetReg(int, unsigned long long)
                0x00000000c001f9e1                Vm::fpuPush(unsigned long long)
                0x00000000c001fa3e                Vm::fpuPop()
                0x00000000c001fa90                Vm::x87Handler(regs*)
 *fill*         0x00000000c002053b        0x1 
 .text          0x00000000c002053c     0x10ed fs/fat/vfslink.32
                0x00000000c002053c                FAT::getName()
                0x00000000c0020542                FAT::tell(void*, unsigned long long*)
                0x00000000c0020576                FAT::stat(void*, unsigned long long*)
                0x00000000c00205aa                FAT::~FAT()
                0x00000000c00205aa                FAT::~FAT()
                0x00000000c00205ce                FAT::~FAT()
                0x00000000c00205f6                FAT::getlabel(LogicalDisk*, int, char*, unsigned int*)
                0x00000000c0020694                FAT::setlabel(LogicalDisk*, int, char*)
                0x00000000c002074e                FAT::format(LogicalDisk*, int, char const*, int)
                0x00000000c0020932                FAT::tryMount(LogicalDisk*, int)
                0x00000000c0020b38                FAT::readDir(void*, unsigned long, void*, int*)
                0x00000000c0020c3e                FAT::read(void*, unsigned long, void*, int*)
                0x00000000c0020c98                FAT::write(void*, unsigned long, void*, int*)
                0x00000000c0020cf2                FAT::close(void*)
                0x00000000c0020d3e                FAT::closeDir(void*)
                0x00000000c0020d8a                FAT::seek(void*, unsigned long long)
                0x00000000c0020dde                fatWrapperReadDisk
                0x00000000c0020e25                fatWrapperWriteDisk
                0x00000000c0020e6c                fatWrapperIoctl
                0x00000000c0020f70                FAT::FAT()
                0x00000000c0020f70                FAT::FAT()
                0x00000000c0020fc2                FAT::fixFilepath(char*)
                0x00000000c0020ffa                FAT::open(char const*, void**, FileOpenMode)
                0x00000000c0021122                FAT::openDir(char const*, void**)
                0x00000000c00211c8                FAT::stat(char const*, unsigned long long*, bool*)
                0x00000000c00212b2                FAT::unlink(char const*)
                0x00000000c002132c                FAT::chfatattr(char const*, unsigned char, unsigned char)
                0x00000000c0021480                FAT::rename(char const*, char const*)
                0x00000000c0021544                FAT::mkdir(char const*)
                0x00000000c00215be                FAT::exists(char const*)
 *fill*         0x00000000c0021629        0x1 
 .text          0x00000000c002162a      0xbc1 fs/iso9660/vfslink.32
                0x00000000c002162a                ISO9660::format(LogicalDisk*, int, char const*, int)
                0x00000000c0021630                ISO9660::seek(void*, unsigned long long)
                0x00000000c0021660                ISO9660::tell(void*, unsigned long long*)
                0x00000000c0021684                ISO9660::getName()
                0x00000000c002168a                ISO9660::stat(void*, unsigned long long*)
                0x00000000c00216ae                ISO9660::chfatattr(char const*, unsigned char, unsigned char)
                0x00000000c00216b4                ISO9660::unlink(char const*)
                0x00000000c00216ba                ISO9660::write(void*, unsigned long, void*, int*)
                0x00000000c00216c0                ISO9660::rename(char const*, char const*)
                0x00000000c00216c6                ISO9660::mkdir(char const*)
                0x00000000c00216cc                ISO9660::close(void*)
                0x00000000c00216ee                ISO9660::closeDir(void*)
                0x00000000c0021710                ISO9660::~ISO9660()
                0x00000000c0021710                ISO9660::~ISO9660()
                0x00000000c0021734                ISO9660::~ISO9660()
                0x00000000c002175b                __memmem(unsigned char*, int, unsigned char*, int)
                0x00000000c002179d                readSectorFromCDROM(unsigned int, unsigned char*, char)
                0x00000000c0021804                ISO9660::tryMount(LogicalDisk*, int)
                0x00000000c0021854                ISO9660::read(void*, unsigned long, void*, int*)
                0x00000000c0021a54                ISO9660::readDir(void*, unsigned long, void*, int*)
                0x00000000c0021ce1                readRoot(unsigned int*, unsigned int*, char)
                0x00000000c0021d36                readRecursively(char*, unsigned int, unsigned int, unsigned int*, unsigned int*, char, int*)
                0x00000000c0021f09                getFileData(char*, unsigned int*, unsigned int*, char, int*)
                0x00000000c0021f98                ISO9660::open(char const*, void**, FileOpenMode)
                0x00000000c0022058                ISO9660::exists(char const*)
                0x00000000c002207c                ISO9660::stat(char const*, unsigned long long*, bool*)
                0x00000000c0022110                ISO9660::openDir(char const*, void**)
                0x00000000c00221c8                ISO9660::ISO9660()
                0x00000000c00221c8                ISO9660::ISO9660()
 *fill*         0x00000000c00221eb        0x1 
 .text          0x00000000c00221ec      0x326 hal/sound/sndchannel.32
                0x00000000c00221ec                SoundChannel::~SoundChannel()
                0x00000000c00221ec                SoundChannel::~SoundChannel()
                0x00000000c0022208                SoundChannel::setSpeed(float)
                0x00000000c0022214                SoundChannel::getSpeed()
                0x00000000c002221c                SoundChannel::setVolume(int)
                0x00000000c0022238                SoundChannel::getVolume()
                0x00000000c0022240                SoundChannel::pause()
                0x00000000c002224a                SoundChannel::SoundChannel(int, int, int, int)
                0x00000000c002224a                SoundChannel::SoundChannel(int, int, int, int)
                0x00000000c00223a0                SoundChannel::play()
                0x00000000c00223aa                SoundChannel::paused()
                0x00000000c00223b2                SoundChannel::getSampleRate()
                0x00000000c00223ba                SoundChannel::getBits()
                0x00000000c00223c2                SoundChannel::getBufferUsed()
                0x00000000c00223ca                SoundChannel::getBufferSize()
                0x00000000c00223d2                SoundChannel::unbuffer(float*, int, int)
                0x00000000c0022472                SoundChannel::buffer8(unsigned char*, int)
 .text          0x00000000c0022512      0x3d5 hal/sound/sndhw.32
                0x00000000c0022512                SoundDevice::SoundDevice(char const*)
                0x00000000c0022512                SoundDevice::SoundDevice(char const*)
                0x00000000c002257e                SoundDevice::~SoundDevice()
                0x00000000c002257e                SoundDevice::~SoundDevice()
                0x00000000c00225f8                SoundDevice::~SoundDevice()
                0x00000000c0022622                SoundDevice::getFreeChannelNum()
                0x00000000c002263c                SoundDevice::addChannel(SoundChannel*)
                0x00000000c00226ac                SoundDevice::removeChannel(int)
                0x00000000c00226de                SoundDevice::floatTo8(float*, unsigned char*, int)
                0x00000000c00227c6                SoundDevice::getAudio(int, float*, float*)
 .text          0x00000000c00228e7        0x0 hw/bus/isa.32
 *fill*         0x00000000c00228e7        0x1 
 .text          0x00000000c00228e8      0x6c3 hw/bus/pci.32
                0x00000000c00228e8                PCI::open(int, int, void*)
                0x00000000c00228fc                PCI::close(int, int, void*)
                0x00000000c0022900                PCI::PCI()
                0x00000000c0022900                PCI::PCI()
                0x00000000c0022980                PCI::pciReadWord(unsigned char, unsigned char, unsigned char, unsigned char)
                0x00000000c00229c8                PCI::getVendorID(unsigned char, unsigned char, unsigned char)
                0x00000000c00229ea                PCI::getHeaderType(unsigned char, unsigned char, unsigned char)
                0x00000000c0022a0e                PCI::getClassCode(unsigned char, unsigned char, unsigned char)
                0x00000000c0022a52                PCI::getProgIF(unsigned char, unsigned char, unsigned char)
                0x00000000c0022a76                PCI::getRevisionID(unsigned char, unsigned char, unsigned char)
                0x00000000c0022a98                PCI::getInterruptNumber(unsigned char, unsigned char, unsigned char)
                0x00000000c0022aba                PCI::getSecondaryBus(unsigned char, unsigned char, unsigned char)
                0x00000000c0022ade                PCI::getBARAddress(unsigned char, unsigned char, unsigned char, unsigned char)
                0x00000000c0022b3e                PCI::pciWriteWord(unsigned char, unsigned char, unsigned char, unsigned char, unsigned short)
                0x00000000c0022baa                PCI::checkBus(unsigned char)
                0x00000000c0022bce                PCI::foundDevice(PCIDeviceInfo)
                0x00000000c0022d40                PCI::getDeviceData(unsigned char, unsigned char, unsigned char)
                0x00000000c0022eec                PCI::checkDevice(unsigned char, unsigned char)
                0x00000000c0022f58                PCI::detect()
 *fill*         0x00000000c0022fab        0x1 
 .text          0x00000000c0022fac      0xc70 hw/diskctrl/ide.32
                0x00000000c0022fac                IDE::close(int, int, void*)
                0x00000000c0022fb0                IDE::IDE()
                0x00000000c0022fb0                IDE::IDE()
                0x00000000c0022fe4                IDE::prepareInterrupt(unsigned char)
                0x00000000c0022ff6                selectDrive(unsigned char, unsigned char)
                0x00000000c0022ff8                IDE::getBase(unsigned char)
                0x00000000c002300a                IDE::write(unsigned char, unsigned char, unsigned char)
                0x00000000c00230ca                IDE::read(unsigned char, unsigned char)
                0x00000000c0023178                IDE::waitInterrupt(unsigned char)
                0x00000000c00231de                ideChannel0IRQHandler(regs*, void*)
                0x00000000c00231fa                ideChannel1IRQHandler(regs*, void*)
                0x00000000c0023216                IDE::enableIRQs(unsigned char, bool)
                0x00000000c002325c                IDE::open(int, int, void*)
                0x00000000c002366c                IDE::readBuffer(unsigned char, unsigned char, unsigned int, unsigned int)
                0x00000000c0023738                IDE::detect()
                0x00000000c0023a20                IDE::printError(unsigned char, unsigned char, unsigned char)
                0x00000000c0023bb6                IDE::polling(unsigned char, unsigned int)
 .text          0x00000000c0023c1c      0x390 hw/diskctrl/satabus.32
                0x00000000c0023c1c                SATABus::close(int, int, void*)
                0x00000000c0023c20                SATABus::detect()
                0x00000000c0023c22                SATABus::SATABus()
                0x00000000c0023c22                SATABus::SATABus()
                0x00000000c0023cce                SATABus::findCmdslot(SATABus::tagHBA_PORT volatile*)
                0x00000000c0023d16                SATABus::checkType(SATABus::tagHBA_PORT volatile*)
                0x00000000c0023d5e                SATABus::startCmd(SATABus::tagHBA_PORT volatile*)
                0x00000000c0023d7e                SATABus::stopCmd(SATABus::tagHBA_PORT volatile*)
                0x00000000c0023da8                SATABus::portRebase(SATABus::tagHBA_PORT volatile*, int)
                0x00000000c0023eae                SATABus::probePort(SATABus::tagHBA_MEM volatile*)
                0x00000000c0023f8c                SATABus::open(int, int, void*)
 .text          0x00000000c0023fac      0x63c hw/diskphys/ata.32
                0x00000000c0023fac                ATA::close(int, int, void*)
                0x00000000c0023fd0                ATA::powerSaving(PowerSavingLevel)
                0x00000000c0023fd2                ATA::ATA()
                0x00000000c0023fd2                ATA::ATA()
                0x00000000c0024000                ATA::flush(bool)
                0x00000000c002404a                ATA::readyForCommand()
                0x00000000c002409a                ATA::access(unsigned long long, int, void*, bool)
                0x00000000c0024422                ATA::read(unsigned long long, int, void*)
                0x00000000c002448a                ATA::write(unsigned long long, int, void*)
                0x00000000c00244f2                ATA::detectCHS()
                0x00000000c002451c                ATA::open(int, int, void*)
 .text          0x00000000c00245e8      0x5bd hw/diskphys/atapi.32
                0x00000000c00245e8                ATAPI::write(unsigned long long, int, void*)
                0x00000000c00245ee                ATAPI::close(int, int, void*)
                0x00000000c0024612                ATAPI::ATAPI()
                0x00000000c0024612                ATAPI::ATAPI()
                0x00000000c0024640                ATAPI::readyForCommand()
                0x00000000c0024690                ATAPI::sendPacket(unsigned char*, int, bool, unsigned short*, int)
                0x00000000c0024950                ATAPI::diskRemoved()
                0x00000000c002496c                ATAPI::eject()
                0x00000000c00249b4                ATAPI::diskInserted()
                0x00000000c00249e2                ATAPI::detectMedia()
                0x00000000c0024a9e                ATAPI::open(int, int, void*)
                0x00000000c0024b26                ATAPI::read(unsigned long long, int, void*)
 *fill*         0x00000000c0024ba5        0x1 
 .text          0x00000000c0024ba6      0x455 hw/diskphys/sata.32
                0x00000000c0024ba6                SATA::close(int, int, void*)
                0x00000000c0024bca                SATA::powerSaving(PowerSavingLevel)
                0x00000000c0024bcc                SATA::open(int, int, void*)
                0x00000000c0024c7a                SATA::SATA()
                0x00000000c0024c7a                SATA::SATA()
                0x00000000c0024ca8                SATA::access(unsigned long long, int, void*, bool)
                0x00000000c0024f0e                SATA::read(unsigned long long, int, void*)
                0x00000000c0024f76                SATA::write(unsigned long long, int, void*)
 *fill*         0x00000000c0024ffb        0x1 
 .text          0x00000000c0024ffc      0x500 hw/diskphys/satapi.32
                0x00000000c0024ffc                SATAPI::write(unsigned long long, int, void*)
                0x00000000c0025002                SATAPI::close(int, int, void*)
                0x00000000c0025026                SATAPI::SATAPI()
                0x00000000c0025026                SATAPI::SATAPI()
                0x00000000c0025054                SATAPI::diskRemoved()
                0x00000000c0025070                SATAPI::diskInserted()
                0x00000000c002509e                SATAPI::sendPacket(unsigned char*, int, unsigned long long, unsigned short*, int)
                0x00000000c00252a2                SATAPI::eject()
                0x00000000c00252ea                SATAPI::detectMedia()
                0x00000000c00253ac                SATAPI::open(int, int, void*)
                0x00000000c002545a                SATAPI::read(unsigned long long, int, void*)
 .text          0x00000000c00254fc       0x8e hw/fpu/avx.32
                0x00000000c00254fc                AVX::open(int, int, void*)
                0x00000000c002550e                AVX::close(int, int, void*)
                0x00000000c0025520                AVX::available()
                0x00000000c0025532                AVX::save(void*)
                0x00000000c002554a                AVX::load(void*)
                0x00000000c0025562                AVX::AVX()
                0x00000000c0025562                AVX::AVX()
 .text          0x00000000c002558a       0x90 hw/fpu/mmx.32
                0x00000000c002558a                MMX::available()
                0x00000000c002559e                MMX::open(int, int, void*)
                0x00000000c00255b0                MMX::close(int, int, void*)
                0x00000000c00255c2                MMX::save(void*)
                0x00000000c00255da                MMX::load(void*)
                0x00000000c00255f2                MMX::MMX()
                0x00000000c00255f2                MMX::MMX()
 .text          0x00000000c002561a       0x96 hw/fpu/sse.32
                0x00000000c002561a                SSE::open(int, int, void*)
                0x00000000c002562c                SSE::close(int, int, void*)
                0x00000000c002563e                SSE::available()
                0x00000000c0025658                SSE::save(void*)
                0x00000000c0025670                SSE::load(void*)
                0x00000000c0025688                SSE::SSE()
                0x00000000c0025688                SSE::SSE()
 .text          0x00000000c00256b0       0x8e hw/fpu/x87.32
                0x00000000c00256b0                x87::open(int, int, void*)
                0x00000000c00256c2                x87::close(int, int, void*)
                0x00000000c00256d4                x87::available()
                0x00000000c00256e6                x87::save(void*)
                0x00000000c00256fe                x87::load(void*)
                0x00000000c0025716                x87::x87()
                0x00000000c0025716                x87::x87()
 .text          0x00000000c002573e      0x71e hw/intctrl/apic.32
                0x00000000c002573e                APIC::disable()
                0x00000000c0025740                APIC::close(int, int, void*)
                0x00000000c0025762                IOAPIC::close(int, int, void*)
                0x00000000c0025768                APIC::io_wait()
                0x00000000c002576e                APIC::getBase()
                0x00000000c00257b0                APIC::eoi(unsigned char)
                0x00000000c00257de                APIC::open(int, int, void*)
                0x00000000c002592c                IOAPIC::IOAPIC()
                0x00000000c002592c                IOAPIC::IOAPIC()
                0x00000000c0025954                APIC::APIC()
                0x00000000c0025954                APIC::APIC()
                0x00000000c0025a30                IOAPIC::handlesGSIWithNumber(unsigned int)
                0x00000000c0025a62                IOAPIC::read(int)
                0x00000000c0025a8a                IOAPIC::open(int, int, void*)
                0x00000000c0025b80                IOAPIC::write(int, int)
                0x00000000c0025bac                IOAPIC::redirect(unsigned char, unsigned long long, unsigned char, bool, bool)
                0x00000000c0025ca6                APIC::installIRQHandler(int, void (*)(regs*, void*), bool, void*)
 .text          0x00000000c0025e5c      0x3d3 hw/intctrl/pic.32
                0x00000000c0025e5c                PIC::disable()
                0x00000000c0025e8a                PIC::close(int, int, void*)
                0x00000000c0025eac                PIC::PIC()
                0x00000000c0025eac                PIC::PIC()
                0x00000000c0025f82                PIC::ioWait()
                0x00000000c0025f88                PIC::getIRQReg(int)
                0x00000000c0025ff2                PIC::eoi(unsigned char)
                0x00000000c0026084                PIC::remap()
                0x00000000c00261f0                PIC::open(int, int, void*)
 *fill*         0x00000000c002622f        0x1 
 .text          0x00000000c0026230      0x25e hw/timer/apictimer.32
                0x00000000c0026230                APICTimer::close(int, int, void*)
                0x00000000c0026236                apicTimerHandler(regs*, void*)
                0x00000000c0026264                APICTimer::write(int)
                0x00000000c0026368                APICTimer::open(int, int, void*)
                0x00000000c0026466                APICTimer::APICTimer()
                0x00000000c0026466                APICTimer::APICTimer()
 .text          0x00000000c002648e      0x1a7 hw/timer/pit.32
                0x00000000c002648e                PIT::write(int)
                0x00000000c002650c                pitHandler(regs*, void*)
                0x00000000c0026538                PIT::open(int, int, void*)
                0x00000000c0026586                PIT::close(int, int, void*)
                0x00000000c00265b6                PIT::PIT()
                0x00000000c00265b6                PIT::PIT()
 *fill*         0x00000000c0026635        0xb 
 .text          0x00000000c0026640       0x1e hw/fpu/x86/avx.32
                0x00000000c0026640                avxDetect
                0x00000000c0026646                avxSave
                0x00000000c0026647                avxLoad
                0x00000000c0026648                avxInit
                0x00000000c0026649                avxClose
                0x00000000c002664a                wouldSheSayYes
 *fill*         0x00000000c002665e        0x2 
 .text          0x00000000c0026660       0x35 hw/fpu/x86/sse.32
                0x00000000c0026660                absolutelyNoChanceInHell
                0x00000000c0026660                sseDetect
                0x00000000c0026678                sseSave
                0x00000000c002667e                sseLoad
                0x00000000c0026684                sseInit
                0x00000000c0026694                sseClose
 *fill*         0x00000000c0026695        0xb 
 .text          0x00000000c00266a0       0x47 hw/fpu/x86/x87.32
                0x00000000c00266a6                x87Detect
                0x00000000c00266c1                x87Save
                0x00000000c00266c7                x87Load
                0x00000000c00266cc                x87Init
                0x00000000c00266e6                x87Close
 *fill*         0x00000000c00266e7        0x1 
 .text          0x00000000c00266e8       0x25 /cygdrive/d/Users/Alex/Desktop/Toolchain/Output/bin/../lib/gcc/i386-banana/8.1.0/crtend.o
 .text          0x00000000c002670d        0x0 crtn.32
 *fill*         0x00000000c002670d        0x3 
 .text          0x00000000c0026710      0x14b /cygdrive/d/Users/Alex/Desktop/Toolchain/Output/bin/../lib/gcc/i386-banana/8.1.0/libkgcc.a(_divdi3.o)
                0x00000000c0026710                __divdi3
 *fill*         0x00000000c002685b        0x1 
 .text          0x00000000c002685c      0x17e /cygdrive/d/Users/Alex/Desktop/Toolchain/Output/bin/../lib/gcc/i386-banana/8.1.0/libkgcc.a(_moddi3.o)
                0x00000000c002685c                __moddi3
 *fill*         0x00000000c00269da        0x2 
 .text          0x00000000c00269dc       0xff /cygdrive/d/Users/Alex/Desktop/Toolchain/Output/bin/../lib/gcc/i386-banana/8.1.0/libkgcc.a(_udivdi3.o)
                0x00000000c00269dc                __udivdi3
 *fill*         0x00000000c0026adb        0x1 
 .text          0x00000000c0026adc      0x11a /cygdrive/d/Users/Alex/Desktop/Toolchain/Output/bin/../lib/gcc/i386-banana/8.1.0/libkgcc.a(_umoddi3.o)
                0x00000000c0026adc                __umoddi3
 .text          0x00000000c0026bf6      0x96d D:/Users/Alex/Desktop/Banana/kernel/libsoftfp.a(sfieeelib.o)
                0x00000000c0026bf6                __addsf3
                0x00000000c0026ef8                __subsf3
                0x00000000c0026f0c                __negsf2
                0x00000000c0026f19                __mulsf3
                0x00000000c00270dc                __divsf3
                0x00000000c0027307                __floatsisf
                0x00000000c002737b                __floatunsisf
                0x00000000c00273bd                __fixsfsi
                0x00000000c002741f                __fixunssfsi
                0x00000000c0027450                __cmpsf2
                0x00000000c00274e5                __eqsf2