Archive member included to satisfy reference by file (symbol)

/cygdrive/d/Users/Alex/Desktop/Toolchain/Output/bin/../lib/gcc/i386-banana/8.1.0/libkgcc.a(_divdi3.o)
                              krnl/resolve.32 (__divdi3)
/cygdrive/d/Users/Alex/Desktop/Toolchain/Output/bin/../lib/gcc/i386-banana/8.1.0/libkgcc.a(_moddi3.o)
                              krnl/resolve.32 (__moddi3)
/cygdrive/d/Users/Alex/Desktop/Toolchain/Output/bin/../lib/gcc/i386-banana/8.1.0/libkgcc.a(_udivdi3.o)
                              hal/clock.32 (__udivdi3)
/cygdrive/d/Users/Alex/Desktop/Toolchain/Output/bin/../lib/gcc/i386-banana/8.1.0/libkgcc.a(_umoddi3.o)
                              core/pipe.32 (__umoddi3)

Allocating common symbols
Common symbol       size              file

current_iphdr_src   0x4               net/core/ipv4/ip.32
netif_list          0x4               net/core/netif.32
tcp_active_pcbs     0x4               net/core/tcp.32
udp_pcbs            0x4               net/core/udp.32
current_netif       0x4               net/core/ipv4/ip.32
tcp_ticks           0x4               net/core/tcp.32
tcp_listen_pcbs     0x4               net/core/tcp.32
current_iphdr_dest  0x4               net/core/ipv4/ip.32
tcp_tmp_pcb         0x4               net/core/tcp.32
tcp_input_pcb       0x4               net/core/tcp_in.32
dcache              0x40              fs/iso9660/iso9660.32
current_header      0x4               net/core/ipv4/ip.32
tcp_bound_pcbs      0x4               net/core/tcp.32
cdDriveLetter       0x1               fs/iso9660/iso9660.32
tcp_tw_pcbs         0x4               net/core/tcp.32
lwip_stats          0x150             net/core/stats.32
netif_default       0x4               net/core/netif.32
ram_heap            0x64d             net/core/mem.32
icache              0x40              fs/iso9660/iso9660.32

Discarded input sections

 .comment       0x0000000000000000       0x12 /cygdrive/d/Users/Alex/Desktop/Toolchain/Output/bin/../lib/gcc/i386-banana/8.1.0/crtbegin.o
 .comment       0x0000000000000000       0x12 acpica/utclib.32
 .comment       0x0000000000000000       0x12 arch/cc.32
 .comment       0x0000000000000000       0x12 arch/sys_arch.32
 .comment       0x0000000000000000       0x12 core/malloc.32
 .comment       0x0000000000000000       0x12 libk/ctype.32
 .comment       0x0000000000000000       0x12 libk/string.32
 .comment       0x0000000000000000       0x12 fs/fat/diskio.32
 .comment       0x0000000000000000       0x12 fs/fat/ff.32
 .comment       0x0000000000000000       0x12 fs/fat/ffsystem.32
 .comment       0x0000000000000000       0x12 fs/fat/ffunicode.32
 .comment       0x0000000000000000       0x12 fs/iso9660/iso9660.32
 .comment       0x0000000000000000       0x12 net/core/def.32
 .comment       0x0000000000000000       0x12 net/core/dhcp.32
 .comment       0x0000000000000000       0x12 net/core/dns.32
 .comment       0x0000000000000000       0x12 net/core/init.32
 .comment       0x0000000000000000       0x12 net/core/mem.32
 .comment       0x0000000000000000       0x12 net/core/memp.32
 .comment       0x0000000000000000       0x12 net/core/netif.32
 .comment       0x0000000000000000       0x12 net/core/pbuf.32
 .comment       0x0000000000000000       0x12 net/core/raw.32
 .comment       0x0000000000000000       0x12 net/core/stats.32
 .comment       0x0000000000000000       0x12 net/core/sys.32
 .comment       0x0000000000000000       0x12 net/core/tcp.32
 .comment       0x0000000000000000       0x12 net/core/tcp_in.32
 .comment       0x0000000000000000       0x12 net/core/tcp_out.32
 .comment       0x0000000000000000       0x12 net/core/timers.32
 .comment       0x0000000000000000       0x12 net/core/udp.32
 .comment       0x0000000000000000       0x12 net/netif/etharp.32
 .comment       0x0000000000000000       0x12 net/netif/ethernetif.32
 .comment       0x0000000000000000       0x12 net/netif/slipif.32
 .comment       0x0000000000000000       0x12 net/core/ipv4/autoip.32
 .comment       0x0000000000000000       0x12 net/core/ipv4/icmp.32
 .comment       0x0000000000000000       0x12 net/core/ipv4/igmp.32
 .comment       0x0000000000000000       0x12 net/core/ipv4/inet.32
 .comment       0x0000000000000000       0x12 net/core/ipv4/inet_chksum.32
 .comment       0x0000000000000000       0x12 net/core/ipv4/ip.32
 .comment       0x0000000000000000       0x12 net/core/ipv4/ip_addr.32
 .comment       0x0000000000000000       0x12 net/core/ipv4/ip_frag.32
 .comment       0x0000000000000000       0x12 net/core/snmp/asn1_dec.32
 .comment       0x0000000000000000       0x12 net/core/snmp/asn1_enc.32
 .comment       0x0000000000000000       0x12 net/core/snmp/mib2.32
 .comment       0x0000000000000000       0x12 net/core/snmp/mib_structs.32
 .comment       0x0000000000000000       0x12 net/core/snmp/msg_in.32
 .comment       0x0000000000000000       0x12 net/core/snmp/msg_out.32
 .comment       0x0000000000000000       0x12 net/netif/ppp/auth.32
[...]
Memory Configuration

Name             Origin             Length             Attributes
*default*        0x0000000000000000 0xffffffffffffffff

Linker script and memory map

LOAD D:/Users/Alex/Desktop/Banana/kernel/boot.32
LOAD crti.32
LOAD /cygdrive/d/Users/Alex/Desktop/Toolchain/Output/bin/../lib/gcc/i386-banana/8.1.0/crtbegin.o
LOAD D:/Users/Alex/Desktop/Banana/kernel/morenasm.32
LOAD acpica/utclib.32
LOAD arch/cc.32
LOAD arch/sys_arch.32
LOAD core/malloc.32
LOAD libk/ctype.32
LOAD libk/string.32
LOAD fs/fat/diskio.32
LOAD fs/fat/ff.32
LOAD fs/fat/ffsystem.32
LOAD fs/fat/ffunicode.32
LOAD fs/iso9660/iso9660.32
LOAD net/core/def.32
LOAD net/core/dhcp.32
LOAD net/core/dns.32
LOAD net/core/init.32
LOAD net/core/mem.32
LOAD net/core/memp.32
LOAD net/core/netif.32
LOAD net/core/pbuf.32
LOAD net/core/raw.32
LOAD net/core/stats.32
LOAD net/core/sys.32
LOAD net/core/tcp.32
LOAD net/core/tcp_in.32
LOAD net/core/tcp_out.32
LOAD net/core/timers.32
LOAD net/core/udp.32
LOAD net/netif/etharp.32
LOAD net/netif/ethernetif.32
LOAD net/netif/slipif.32
LOAD net/core/ipv4/autoip.32
LOAD net/core/ipv4/icmp.32
LOAD net/core/ipv4/igmp.32
LOAD net/core/ipv4/inet.32
LOAD net/core/ipv4/inet_chksum.32
LOAD net/core/ipv4/ip.32
LOAD net/core/ipv4/ip_addr.32
LOAD net/core/ipv4/ip_frag.32
LOAD net/core/snmp/asn1_dec.32
LOAD net/core/snmp/asn1_enc.32
LOAD net/core/snmp/mib2.32
LOAD net/core/snmp/mib_structs.32
LOAD net/core/snmp/msg_in.32
LOAD net/core/snmp/msg_out.32
LOAD net/netif/ppp/auth.32
LOAD net/netif/ppp/chap.32
LOAD net/netif/ppp/chpms.32
LOAD net/netif/ppp/fsm.32
LOAD net/netif/ppp/ipcp.32
LOAD net/netif/ppp/lcp.32
LOAD net/netif/ppp/magic.32
LOAD net/netif/ppp/md5.32
LOAD net/netif/ppp/pap.32
LOAD net/netif/ppp/ppp.32
LOAD net/netif/ppp/ppp_oe.32
LOAD net/netif/ppp/randm.32
LOAD net/netif/ppp/vj.32
LOAD core/computer.32
LOAD core/gdt.32
LOAD core/idle.32
LOAD core/idt.32
LOAD core/kheap.32
LOAD core/main.32
LOAD core/physmgr.32
LOAD core/pipe.32
LOAD core/terminal.32
LOAD core/tss.32
LOAD core/unixfile.32
LOAD core/virtmgr.32
LOAD coreobjs/c++.32
LOAD dbg/kconsole.32
LOAD dbg/usban.32
LOAD fs/symlink.32
LOAD fs/vfs.32
LOAD hal/bus.32
LOAD hal/buzzer.32
LOAD hal/clock.32
LOAD hal/device.32
LOAD hal/diskctrl.32
LOAD hal/diskphys.32
LOAD hal/fpu.32
LOAD hal/intctrl.32
LOAD hal/keybrd.32
LOAD hal/logidisk.32
LOAD hal/mouse.32
LOAD hal/nic.32
LOAD hal/partition.32
LOAD hal/serial.32
LOAD hal/timer.32
LOAD hal/vcache.32
LOAD hal/video.32
LOAD hw/acpi.32
LOAD hw/cpu.32
LOAD krnl/atexit.32
LOAD krnl/bootmsg.32
LOAD krnl/cdefs.32
LOAD krnl/compat.32
LOAD krnl/crc32.32
LOAD krnl/env.32
LOAD krnl/inlines.32
LOAD krnl/mutex.32
LOAD krnl/panic.32
LOAD krnl/powctrl.32
LOAD krnl/random.32
LOAD krnl/resolve.32
LOAD krnl/semaphore.32
LOAD krnl/signal.32
LOAD krnl/syscalls.32
LOAD net/ethernet.32
LOAD net/netosl.32
LOAD reg/cm.32
LOAD reg/registry.32
LOAD sys/eject.32
LOAD sys/exit.32
LOAD sys/getcwd.32
LOAD sys/getpid.32
LOAD sys/getramdata.32
LOAD sys/getvgaptr.32
LOAD sys/kill.32
LOAD sys/loaddll.32
LOAD sys/read.32
LOAD sys/registersignal.32
LOAD sys/registry.32
LOAD sys/sbrk.32
LOAD sys/setcwd.32
LOAD sys/settime.32
LOAD sys/symlink.32
LOAD sys/timezone.32
LOAD sys/truncate.32
LOAD sys/write.32
LOAD sys/wsbe.32
LOAD sys/yield.32
LOAD thr/elf.32
LOAD thr/prcssthr.32
LOAD vm86/vm8086.32
LOAD arch/i386/hal.32
LOAD arch/i386/pic.32
LOAD arch/i386/rtc.32
LOAD arch/i386/vga.32
LOAD fs/fat/vfslink.32
LOAD fs/iso9660/helper.32
LOAD fs/iso9660/vfslink.32
LOAD hal/sound/sndcard.32
LOAD hal/sound/sndport.32
LOAD hw/bus/isa.32
LOAD hw/bus/pci.32
LOAD hw/diskctrl/ide.32
LOAD hw/diskctrl/satabus.32
LOAD hw/diskphys/ata.32
LOAD hw/diskphys/atapi.32
LOAD hw/diskphys/sata.32
LOAD hw/diskphys/satapi.32
LOAD hw/intctrl/apic.32
LOAD hw/timer/apictimer.32
LOAD hw/timer/pit.32
LOAD arch/i386/avx.32
LOAD arch/i386/interrupt.32
LOAD arch/i386/rdrand.32
LOAD arch/i386/sse.32
LOAD arch/i386/x87.32
LOAD /cygdrive/d/Users/Alex/Desktop/Toolchain/Output/bin/../lib/gcc/i386-banana/8.1.0/crtend.o
LOAD crtn.32
LOAD /cygdrive/d/Users/Alex/Desktop/Toolchain/Output/bin/../lib/gcc/i386-banana/8.1.0/libkgcc.a
LOAD D:/Users/Alex/Desktop/Banana/kernel/libsoftfp.a
LOAD D:/Users/Alex/Desktop/Banana/kernel/libk/libm32.a
                0x00000000c0000000                . = 0xc0000000

.text           0x00000000c0000000    0x2eb0a
 *(.text)
 .text          0x00000000c0000000       0x20 D:/Users/Alex/Desktop/Banana/kernel/boot.32
 .text          0x00000000c0000020        0x0 crti.32
 .text          0x00000000c0000020      0x101 /cygdrive/d/Users/Alex/Desktop/Toolchain/Output/bin/../lib/gcc/i386-banana/8.1.0/crtbegin.o
 *fill*         0x00000000c0000121        0xf 
 .text          0x00000000c0000130      0x24f D:/Users/Alex/Desktop/Banana/kernel/morenasm.32
                0x00000000c0000130                manualPCIProbe
                0x00000000c000017b                prepareTramp
                0x00000000c0000194                doTPAUSE
                0x00000000c000019e                hasLegacyFPU
                0x00000000c00001c3                is486
                0x00000000c00001f9                detectCPUID
                0x00000000c000020f                goToVM86
                0x00000000c000023f                goToUsermode
                0x00000000c0000269                switchToThreadASMFirstTime
                0x00000000c0000277                switchToThreadASM
                0x00000000c00002fc                asmQuickAcquireLock
                0x00000000c000031a                asmQuickReleaseLock
                0x00000000c0000326                asmAcquireLock
                0x00000000c0000347                asmReleaseLock
                0x00000000c000035a                loadGDT
                0x00000000c000037a                memcpy
 *fill*         0x00000000c000037f        0x1 
 .text          0x00000000c0000380      0x868 acpica/utclib.32
                0x00000000c0000380                memcmp
                0x00000000c00003d0                memmove
                0x00000000c00004f0                memset
                0x00000000c0000570                strlen
                0x00000000c00005a0                strpbrk
                0x00000000c00005f0                strtok
                0x00000000c0000640                strcpy
                0x00000000c0000680                strncpy
                0x00000000c0000750                strcmp
                0x00000000c00007a0                strchr
                0x00000000c00007e0                strncmp
                0x00000000c0000840                strcat
                0x00000000c0000870                strncat
                0x00000000c00008d0                strstr
                0x00000000c0000930                toupper
                0x00000000c0000950                tolower
                0x00000000c0000970                simple_strtoul
 .text          0x00000000c0000be8       0x53 arch/cc.32
                0x00000000c0000be8                LWIP_PLATFORM_HTONS
                0x00000000c0000c0c                LWIP_PLATFORM_HTONL
 *fill*         0x00000000c0000c3b        0x1 
 .text          0x00000000c0000c3c      0x162 arch/sys_arch.32
                0x00000000c0000c3c                lwip_socket_init
                0x00000000c0000c54                tcpip_callback_with_block
                0x00000000c0000c6c                sys_sem_new
                0x00000000c0000c94                sys_sem_free
                0x00000000c0000cac                sys_sem_signal
                0x00000000c0000cc4                sys_arch_sem_wait
                0x00000000c0000ce0                sys_mbox_new
                0x00000000c0000cfc                sys_mbox_free
                0x00000000c0000d14                sys_mbox_post
                0x00000000c0000d2c                sys_arch_mbox_fetch
                0x00000000c0000d48                sys_arch_mbox_tryfetch
                0x00000000c0000d64                sys_mbox_trypost
                0x00000000c0000d7c                sys_thread_new
                0x00000000c0000d9c                sys_init
 .text          0x00000000c0000d9e     0x1140 core/malloc.32
                0x00000000c0000f09                dlfree
                0x00000000c00013d0                dlmalloc
                0x00000000c000190d                dlrealloc
                0x00000000c0001aea                dlmemalign
                0x00000000c0001c0d                dlcalloc
                0x00000000c0001c9e                dlcfree
                0x00000000c0001ca3                dlindependent_calloc
                0x00000000c0001cc8                dlindependent_comalloc
                0x00000000c0001cdf                dlvalloc
                0x00000000c0001d0a                dlpvalloc
                0x00000000c0001d40                dlmalloc_trim
                0x00000000c0001d4d                dlmalloc_usable_size
                0x00000000c0001d7e                dlmallinfo
                0x00000000c0001e4d                dlmalloc_stats
                0x00000000c0001e5e                dlmallopt
 *fill*         0x00000000c0001ede        0x2 
 .text          0x00000000c0001ee0      0x1f2 libk/ctype.32
                0x00000000c0001ee0                isblank
                0x00000000c0001f00                iscntrl
                0x00000000c0001f20                isdigit
                0x00000000c0001f3c                islower
                0x00000000c0001f58                isspace
                0x00000000c0001f80                isupper
                0x00000000c0001f9c                isalpha
                0x00000000c0001fcc                isalnum
                0x00000000c0001ffc                ispunct
                0x00000000c000203c                isgraph
                0x00000000c000206c                isprint
                0x00000000c0002094                isxdigit
 .text          0x00000000c00020d2        0x0 libk/string.32
 .text          0x00000000c00020d2       0x51 fs/fat/diskio.32
                0x00000000c00020d2                disk_status
                0x00000000c00020d5                disk_initialize
                0x00000000c00020d8                disk_read
                0x00000000c00020ee                disk_write
                0x00000000c0002104                disk_ioctl
 .text          0x00000000c0002123     0x3e46 fs/fat/ff.32
                0x00000000c0003f44                f_mount
                0x00000000c0003fa6                f_open
                0x00000000c0004269                f_read
                0x00000000c0004468                f_write
                0x00000000c00046b0                f_sync
                0x00000000c0004775                f_close
                0x00000000c00047a4                f_lseek
                0x00000000c0004955                f_opendir
                0x00000000c0004a20                f_closedir
                0x00000000c0004a42                f_readdir
                0x00000000c0004ad4                f_stat
                0x00000000c0004b53                f_getfree
                0x00000000c0004c5c                f_truncate
                0x00000000c0004d46                f_unlink
                0x00000000c0004e68                f_mkdir
                0x00000000c0005003                f_rename
                0x00000000c00051bb                f_chmod
                0x00000000c000526b                f_utime
                0x00000000c000531b                f_getlabel
                0x00000000c000546c                f_setlabel
                0x00000000c00055fc                f_expand
                0x00000000c0005769                f_mkfs
 *fill*         0x00000000c0005f69        0x3 
 .text          0x00000000c0005f6c       0x2f fs/fat/ffsystem.32
                0x00000000c0005f6c                ff_memalloc
                0x00000000c0005f84                ff_memfree
 *fill*         0x00000000c0005f9b        0x1 
 .text          0x00000000c0005f9c      0x2dc fs/fat/ffunicode.32
                0x00000000c0005f9c                ff_uni2oem
                0x00000000c000603c                ff_oem2uni
                0x00000000c00060b4                ff_wtoupper
 .text          0x00000000c0006278      0xd32 fs/iso9660/iso9660.32
                0x00000000c00064c3                isoReadDiscSector
                0x00000000c000655e                strnicmp
                0x00000000c000680d                stricmp
                0x00000000c0006859                iso_open
                0x00000000c00068e3                iso_close
                0x00000000c0006901                iso_read
                0x00000000c0006a17                iso_seek
                0x00000000c0006a9b                iso_tell
                0x00000000c0006acc                iso_total
                0x00000000c0006af7                fn_postprocess
                0x00000000c0006b1e                iso_readdir
                0x00000000c0006d75                iso_reset
                0x00000000c0006d92                init_percd
                0x00000000c0006e8c                iso_ioctl
                0x00000000c0006ea4                fs_iso9660_init
                0x00000000c0006f3a                fs_iso9660_shutdown
 .text          0x00000000c0006faa        0x0 net/core/def.32
 .text          0x00000000c0006faa        0x0 net/core/dhcp.32
 .text          0x00000000c0006faa        0x0 net/core/dns.32
 *fill*         0x00000000c0006faa        0x2 
 .text          0x00000000c0006fac       0x2b net/core/init.32
                0x00000000c0006fac                lwip_init
 *fill*         0x00000000c0006fd7        0x1 
 .text          0x00000000c0006fd8      0x9f0 net/core/mem.32
                0x00000000c000716c                mem_init
                0x00000000c0007214                mem_free
                0x00000000c0007338                mem_trim
                0x00000000c0007648                mem_malloc
                0x00000000c0007964                mem_calloc
 .text          0x00000000c00079c8      0x2e8 net/core/memp.32
                0x00000000c00079c8                memp_init
                0x00000000c0007b0c                memp_malloc
                0x00000000c0007c38                memp_free
 .text          0x00000000c0007cb0      0x4ba net/core/netif.32
                0x00000000c0007cb0                netif_init
                0x00000000c0007cb4                netif_find
                0x00000000c0007d4c                netif_set_ipaddr
                0x00000000c0007e44                netif_set_gw
                0x00000000c0007e68                netif_set_netmask
                0x00000000c0007e8c                netif_set_addr
                0x00000000c0007ed0                netif_add
                0x00000000c0007f9c                netif_set_default
                0x00000000c0007fa8                netif_set_up
                0x00000000c000800c                netif_set_down
                0x00000000c0008034                netif_remove
                0x00000000c00080e0                netif_set_link_up
                0x00000000c0008144                netif_set_link_down
 *fill*         0x00000000c000816a        0x2 
 .text          0x00000000c000816c     0x16ac net/core/pbuf.32
                0x00000000c0008234                pbuf_alloced_custom
                0x00000000c0008358                pbuf_header
                0x00000000c00084f4                pbuf_free
                0x00000000c00086cc                pbuf_alloc
                0x00000000c0008ac4                pbuf_realloc
                0x00000000c0008cc8                pbuf_clen
                0x00000000c0008cfc                pbuf_ref
                0x00000000c0008d2c                pbuf_cat
                0x00000000c0008e0c                pbuf_chain
                0x00000000c0008e38                pbuf_dechain
                0x00000000c0008f2c                pbuf_copy
                0x00000000c0009194                pbuf_copy_partial
                0x00000000c0009338                pbuf_take
                0x00000000c00094b8                pbuf_coalesce
                0x00000000c000954c                pbuf_get_at
                0x00000000c00095e4                pbuf_memcmp
                0x00000000c00096f0                pbuf_memfind
                0x00000000c00097a4                pbuf_strstr
 .text          0x00000000c0009818      0x3e4 net/core/raw.32
                0x00000000c0009818                raw_input
                0x00000000c0009924                raw_bind
                0x00000000c0009948                raw_connect
                0x00000000c000996c                raw_recv
                0x00000000c0009984                raw_sendto
                0x00000000c0009af0                raw_send
                0x00000000c0009b14                raw_remove
                0x00000000c0009b94                raw_new
 .text          0x00000000c0009bfc        0x2 net/core/stats.32
                0x00000000c0009bfc                stats_init
 *fill*         0x00000000c0009bfe        0x2 
 .text          0x00000000c0009c00       0x55 net/core/sys.32
                0x00000000c0009c00                sys_msleep
 *fill*         0x00000000c0009c55        0x3 
 .text          0x00000000c0009c58     0x1dec net/core/tcp.32
                0x00000000c0009c68                tcp_listen_with_backlog
                0x00000000c0009e18                tcp_update_rcv_ann_wnd
                0x00000000c0009ef4                tcp_recved
                0x00000000c000a03c                tcp_bind
                0x00000000c000a16c                tcp_seg_free
                0x00000000c000a1b0                tcp_segs_free
                0x00000000c000a1e8                tcp_setprio
                0x00000000c000a204                tcp_seg_copy
                0x00000000c000a258                tcp_arg
                0x00000000c000a268                tcp_recv
                0x00000000c000a278                tcp_sent
                0x00000000c000a288                tcp_err
                0x00000000c000a298                tcp_accept
                0x00000000c000a2a8                tcp_poll
                0x00000000c000a2d0                tcp_pcb_purge
                0x00000000c000a3b4                tcp_slowtmr
                0x00000000c000ab38                tcp_pcb_remove
                0x00000000c000afe0                tcp_close
                0x00000000c000b01c                tcp_recv_null
                0x00000000c000b080                tcp_fasttmr
                0x00000000c000b1a4                tcp_tmr
                0x00000000c000b1d4                tcp_shutdown
                0x00000000c000b280                tcp_abandon
                0x00000000c000b414                tcp_abort
                0x00000000c000b580                tcp_next_iss
                0x00000000c000b598                tcp_alloc
                0x00000000c000b744                tcp_new
                0x00000000c000b758                tcp_eff_send_mss
                0x00000000c000b7c8                tcp_connect
                0x00000000c000ba38                tcp_debug_state_str
 .text          0x00000000c000ba44     0x3131 net/core/tcp_in.32
                0x00000000c000e0a4                tcp_input
 *fill*         0x00000000c000eb75        0x3 
 .text          0x00000000c000eb78     0x1f81 net/core/tcp_out.32
                0x00000000c000f0e8                tcp_write
                0x00000000c000f988                tcp_enqueue_flags
                0x00000000c000fc74                tcp_send_fin
                0x00000000c000fd14                tcp_send_empty_ack
                0x00000000c0010024                tcp_output
                0x00000000c00104b0                tcp_rst
                0x00000000c0010624                tcp_rexmit_rto
                0x00000000c00106b4                tcp_rexmit
                0x00000000c001077c                tcp_rexmit_fast
                0x00000000c0010860                tcp_keepalive
                0x00000000c0010928                tcp_zero_window_probe
 *fill*         0x00000000c0010af9        0x3 
 .text          0x00000000c0010afc      0x44d net/core/timers.32
                0x00000000c0010afc                sys_timeout
                0x00000000c0010cb4                tcp_timer_needed
                0x00000000c0010d48                sys_timeouts_init
                0x00000000c0010d80                sys_untimeout
                0x00000000c0010e4c                sys_timeouts_mbox_fetch
 *fill*         0x00000000c0010f49        0x3 
 .text          0x00000000c0010f4c      0xae8 net/core/udp.32
                0x00000000c0010f4c                udp_input
                0x00000000c00113c0                udp_bind
                0x00000000c0011540                udp_sendto_if
                0x00000000c00117c0                udp_sendto
                0x00000000c0011824                udp_send
                0x00000000c0011850                udp_connect
                0x00000000c0011930                udp_disconnect
                0x00000000c001195c                udp_recv
                0x00000000c0011974                udp_remove
                0x00000000c00119f4                udp_new
 .text          0x00000000c0011a34     0x1204 net/netif/etharp.32
                0x00000000c0011a8c                etharp_tmr
                0x00000000c001205c                etharp_find_addr
                0x00000000c00125bc                etharp_request
                0x00000000c00125f8                etharp_query
                0x00000000c0012934                etharp_output
                0x00000000c0012af4                ethernet_input
 .text          0x00000000c0012c38        0x0 net/netif/ethernetif.32
 .text          0x00000000c0012c38        0x0 net/netif/slipif.32
 .text          0x00000000c0012c38        0x0 net/core/ipv4/autoip.32
 .text          0x00000000c0012c38      0x5dd net/core/ipv4/icmp.32
                0x00000000c0012c38                icmp_input
                0x00000000c00131d0                icmp_dest_unreach
                0x00000000c00131f4                icmp_time_exceeded
 .text          0x00000000c0013215        0x0 net/core/ipv4/igmp.32
 .text          0x00000000c0013215        0x0 net/core/ipv4/inet.32
 *fill*         0x00000000c0013215        0x3 
 .text          0x00000000c0013218      0x582 net/core/ipv4/inet_chksum.32
                0x00000000c0013310                inet_chksum_pseudo
                0x00000000c00134a0                inet_chksum_pseudo_partial
                0x00000000c0013690                inet_chksum
                0x00000000c00136b8                inet_chksum_pbuf
 *fill*         0x00000000c001379a        0x2 
 .text          0x00000000c001379c      0x84c net/core/ipv4/ip.32
                0x00000000c001379c                ip_route
                0x00000000c0013830                ip_input
                0x00000000c0013c74                ip_output_if
                0x00000000c0013f44                ip_output
 .text          0x00000000c0013fe8      0x5ac net/core/ipv4/ip_addr.32
                0x00000000c0013fe8                ip4_addr_isbroadcast
                0x00000000c0014070                ip4_addr_netmask_valid
                0x00000000c00140d4                ipaddr_aton
                0x00000000c0014404                ipaddr_addr
                0x00000000c0014434                ipaddr_ntoa_r
                0x00000000c0014580                ipaddr_ntoa
 .text          0x00000000c0014594     0x1161 net/core/ipv4/ip_frag.32
                0x00000000c00147f8                ip_reass_tmr
                0x00000000c0014e88                ip_reass
                0x00000000c0015348                ip_frag
 .text          0x00000000c00156f5        0x0 net/core/snmp/asn1_dec.32
 .text          0x00000000c00156f5        0x0 net/core/snmp/asn1_enc.32
 .text          0x00000000c00156f5        0x0 net/core/snmp/mib2.32
 .text          0x00000000c00156f5        0x0 net/core/snmp/mib_structs.32
 .text          0x00000000c00156f5        0x0 net/core/snmp/msg_in.32
 .text          0x00000000c00156f5        0x0 net/core/snmp/msg_out.32
 .text          0x00000000c00156f5        0x0 net/netif/ppp/auth.32
 .text          0x00000000c00156f5        0x0 net/netif/ppp/chap.32
 .text          0x00000000c00156f5        0x0 net/netif/ppp/chpms.32
 .text          0x00000000c00156f5        0x0 net/netif/ppp/fsm.32
 .text          0x00000000c00156f5        0x0 net/netif/ppp/ipcp.32
 .text          0x00000000c00156f5        0x0 net/netif/ppp/lcp.32
 .text          0x00000000c00156f5        0x0 net/netif/ppp/magic.32
 .text          0x00000000c00156f5        0x0 net/netif/ppp/md5.32
 .text          0x00000000c00156f5        0x0 net/netif/ppp/pap.32
 .text          0x00000000c00156f5        0x0 net/netif/ppp/ppp.32
 .text          0x00000000c00156f5        0x0 net/netif/ppp/ppp_oe.32
 .text          0x00000000c00156f5        0x0 net/netif/ppp/randm.32
 .text          0x00000000c00156f5        0x0 net/netif/ppp/vj.32
 *fill*         0x00000000c00156f5        0x1 
 .text          0x00000000c00156f6      0x6cb core/computer.32
                0x00000000c00156f6                Computer::close(int, int, void*)
                0x00000000c0015744                Krnl::firstTask()
                0x00000000c0015886                Computer::Computer()
                0x00000000c0015886                Computer::Computer()
                0x00000000c0015936                Computer::setBootMessage(char const*)
                0x00000000c0015938                Computer::detectFeatures()
                0x00000000c0015b5e                Computer::displayFeatures()
                0x00000000c0015b60                Computer::rdmsr(unsigned int)
                0x00000000c0015b8c                Computer::wrmsr(unsigned int, unsigned long long)
                0x00000000c0015bc8                Computer::shutdown()
                0x00000000c0015be0                Computer::restart()
                0x00000000c0015bf8                Computer::sleep()
                0x00000000c0015c0c                Computer::nmiEnabled()
                0x00000000c0015c18                Computer::readCMOS(unsigned char)
                0x00000000c0015c36                Computer::enableNMI(bool)
                0x00000000c0015c4e                Computer::open(int, int, void*)
                0x00000000c0015d22                Computer::disableNMI()
                0x00000000c0015d32                Computer::writeCMOS(unsigned char, unsigned char)
                0x00000000c0015d56                Computer::handleNMI()
 *fill*         0x00000000c0015dc1        0x1 
 .text          0x00000000c0015dc2      0x1db core/gdt.32
                0x00000000c0015dc2                GDTEntry::setBase(unsigned int)
                0x00000000c0015dde                GDTEntry::setLimit(unsigned int)
                0x00000000c0015dfc                GDT::GDT()
                0x00000000c0015dfc                GDT::GDT()
                0x00000000c0015e12                GDT::addEntry(GDTEntry)
                0x00000000c0015e34                GDT::getNumberOfEntries()
                0x00000000c0015e3c                GDT::flush()
                0x00000000c0015e5e                GDT::setup()
 .text          0x00000000c0015f9d       0x1d core/idle.32
                0x00000000c0015f9d                idleFunction(void*)
 *fill*         0x00000000c0015fba        0x2 
 .text          0x00000000c0015fbc      0x46c core/idt.32
                0x00000000c0015fbc                IDTEntry::IDTEntry(bool)
                0x00000000c0015fbc                IDTEntry::IDTEntry(bool)
                0x00000000c0016036                IDTEntry::setOffset(unsigned int)
                0x00000000c001604c                IDT::IDT()
                0x00000000c001604c                IDT::IDT()
                0x00000000c001604e                IDT::getPointerToInvalidOpcodeEntryForF00F()
                0x00000000c0016056                IDT::addEntry(IDTEntry, int)
                0x00000000c0016070                IDT::addEntry(int, void (*)(), bool)
                0x00000000c00160a8                IDT::flush()
                0x00000000c00160c2                IDT::setup()
 .text          0x00000000c0016428      0x26a core/kheap.32
                0x00000000c0016428                sbrk
                0x00000000c00164bf                sbrk_thunk
                0x00000000c00164f5                mmap
                0x00000000c0016575                munmap
                0x00000000c00165cd                liballoc_lock()
                0x00000000c00165db                liballoc_unlock()
                0x00000000c00165f1                liballoc_alloc(int)
                0x00000000c0016609                liballoc_free(void*, int)
                0x00000000c0016624                realloc
                0x00000000c0016638                malloc
                0x00000000c0016648                free
                0x00000000c0016658                rfree
                0x00000000c0016668                calloc
 .text          0x00000000c0016692       0xc7 core/main.32
                0x00000000c0016692                KeEntryPoint
 .text          0x00000000c0016759      0x644 core/physmgr.32
                0x00000000c0016759                Phys::allocateDMA(unsigned long)
                0x00000000c0016841                Phys::freeDMA(unsigned long, unsigned long)
                0x00000000c001687c                Phys::setPageState(unsigned long, bool)
                0x00000000c00168bc                Phys::getPageState(unsigned long)
                0x00000000c00168d8                Phys::freePage(unsigned long)
                0x00000000c0016941                Phys::allocatePage()
                0x00000000c0016a10                Phys::allocateContiguousPages(int)
                0x00000000c0016a77                Phys::allowSegmentToBeUsed(unsigned long, unsigned long)
                0x00000000c0016aaf                Phys::physicalMemorySetup(unsigned int)
 *fill*         0x00000000c0016d9d        0x1 
 .text          0x00000000c0016d9e      0x273 core/pipe.32
                0x00000000c0016d9e                Pipe::isAtty()
                0x00000000c0016da2                Pipe::~Pipe()
                0x00000000c0016da2                Pipe::~Pipe()
                0x00000000c0016dc6                Pipe::~Pipe()
                0x00000000c0016dee                Pipe::write(unsigned long long, void*, int*)
                0x00000000c0016eae                Pipe::read(unsigned long long, void*, int*)
                0x00000000c0016faa                Pipe::Pipe(int)
                0x00000000c0016faa                Pipe::Pipe(int)
 *fill*         0x00000000c0017011        0x1 
 .text          0x00000000c0017012      0xab3 core/terminal.32
                0x00000000c0017012                VgaText::isAtty()
                0x00000000c0017016                VgaText::~VgaText()
                0x00000000c0017016                VgaText::~VgaText()
                0x00000000c001703a                VgaText::~VgaText()
                0x00000000c0017064                VgaText::read(unsigned long long, void*, int*)
                0x00000000c0017084                setTerminalScrollLock(bool)
                0x00000000c0017085                doTerminalCycle()
                0x00000000c0017086                addToTerminalCycle(VgaText*)
                0x00000000c0017087                scrollTerminalScrollLock(int)
                0x00000000c0017088                VgaText::updateTitle()
                0x00000000c001708a                VgaText::load()
                0x00000000c001708c                VgaText::updateCursor()
                0x00000000c00170a2                VgaText::doANSI_SGR(int)
                0x00000000c0017116                VgaText::setDefaultBgColour(VgaColour)
                0x00000000c0017126                VgaText::setDefaultFgColour(VgaColour)
                0x00000000c0017136                VgaText::setDefaultColours(VgaColour, VgaColour)
                0x00000000c0017156                VgaText::setTitleTextColour(VgaColour)
                0x00000000c0017162                VgaText::setTitleColour(VgaColour)
                0x00000000c001716e                VgaText::setTitle(char*)
                0x00000000c0017170                VgaText::combineColours(unsigned char, unsigned char)
                0x00000000c0017182                VgaText::scrollScreen()
                0x00000000c0017214                VgaText::combineCharAndColour(char, unsigned char)
                0x00000000c0017224                VgaText::writeCharacter(char, VgaColour, VgaColour, int, int)
                0x00000000c00172b4                VgaText::getCursorX()
                0x00000000c00172bc                VgaText::getCursorY()
                0x00000000c00172c4                VgaText::setCursor(int, int)
                0x00000000c00172db                setActiveTerminal(VgaText*)
                0x00000000c0017326                VgaText::clearScreen()
                0x00000000c0017374                VgaText::setCursorX(int)
                0x00000000c001738c                VgaText::setCursorY(int)
                0x00000000c00173a4                VgaText::incrementCursor(bool)
                0x00000000c00173f8                VgaText::decrementCursor(bool)
                0x00000000c001741a                VgaText::putchar(char, VgaColour, VgaColour)
                0x00000000c00174ea                VgaText::putchar(char)
                0x00000000c00175e2                VgaText::putx(unsigned int)
                0x00000000c0017628                VgaText::puts(char const*)
                0x00000000c001764e                VgaText::write(unsigned long long, void*, int*)
                0x00000000c001769a                VgaText::puts(char const*, VgaColour, VgaColour)
                0x00000000c00177e8                VgaText::VgaText(char const*)
                0x00000000c00177e8                VgaText::VgaText(char const*)
                0x00000000c0017938                VgaText::receiveKey(unsigned char)
                0x00000000c0017ac4                VgaText::doUpdate()
 *fill*         0x00000000c0017ac5        0x3 
 .text          0x00000000c0017ac8      0x1a1 core/tss.32
                0x00000000c0017ac8                TSS::TSS()
                0x00000000c0017ac8                TSS::TSS()
                0x00000000c0017ad8                TSS::setESP(unsigned long)
                0x00000000c0017aec                TSS::flush()
                0x00000000c0017b0c                TSS::setup(unsigned long, unsigned long)
 *fill*         0x00000000c0017c69        0x1 
 .text          0x00000000c0017c6a      0x4ca core/unixfile.32
                0x00000000c0017c6a                ReservedFilename::read(unsigned long long, void*, int*)
                0x00000000c0017cc0                ReservedFilename::isAtty()
                0x00000000c0017cdc                ReservedFilename::write(unsigned long long, void*, int*)
                0x00000000c0017d3a                UnixFile::getFileDescriptor()
                0x00000000c0017d42                UnixFile::UnixFile(int)
                0x00000000c0017d42                UnixFile::UnixFile(int)
                0x00000000c0017ef6                ReservedFilename::ReservedFilename(int)
                0x00000000c0017ef6                ReservedFilename::ReservedFilename(int)
                0x00000000c0017f28                UnixFile::~UnixFile()
                0x00000000c0017f28                UnixFile::~UnixFile()
                0x00000000c0017fc4                UnixFile::~UnixFile()
                0x00000000c0017fec                ReservedFilename::~ReservedFilename()
                0x00000000c0017fec                ReservedFilename::~ReservedFilename()
                0x00000000c0018010                ReservedFilename::~ReservedFilename()
                0x00000000c0018037                KeGetFileFromDescriptor(int)
 .text          0x00000000c0018134     0x1218 core/virtmgr.32
                0x00000000c0018134                Virt::setPageState(unsigned long, Virt::VirtPageState)
                0x00000000c001816e                Virt::getPageState(unsigned long)
                0x00000000c0018191                Virt::allocateKernelVirtualPages(int)
                0x00000000c00182b6                Virt::freeSwapfilePage(unsigned long)
                0x00000000c00182d9                Virt::swapIDToSector(unsigned long)
                0x00000000c00182ef                Virt::allocateSwapfilePage()
                0x00000000c001836f                Virt::virtualMemorySetup()
                0x00000000c00183c0                Virt::setupPageSwapping(int)
                0x00000000c0018432                VAS::setCPUSpecific(unsigned long)
                0x00000000c0018434                VAS::VAS(VAS*)
                0x00000000c0018434                VAS::VAS(VAS*)
                0x00000000c0018462                VAS::getForeignPageTableEntry(bool, unsigned long)
                0x00000000c0018490                VAS::getPageTableEntry(unsigned long)
                0x00000000c00184af                Virt::freeKernelVirtualPages(unsigned long)
                0x00000000c00185ec                VAS::freeAllocatedPages(unsigned long)
                0x00000000c0018610                VAS::virtualToPhysical(unsigned long)
                0x00000000c001862a                VAS::reflagRange(unsigned long, int, unsigned long, unsigned long)
                0x00000000c001866c                VAS::VAS()
                0x00000000c001866c                VAS::VAS()
                0x00000000c00186d6                VAS::setToWriteCombining(unsigned long, int)
                0x00000000c001870a                VAS::mapOtherVASIn(bool, VAS*)
                0x00000000c0018736                VAS::~VAS()
                0x00000000c0018736                VAS::~VAS()
                0x00000000c00188a4                VAS::mapPage(unsigned long, unsigned long, int)
                0x00000000c00189a8                VAS::allocatePages(int, int)
                0x00000000c0018a9e                VAS::mapRange(unsigned long, unsigned long, int, int)
                0x00000000c0018af6                VAS::mapForeignPage(bool, VAS*, unsigned long, unsigned long, int)
                0x00000000c0018bec                VAS::VAS(bool)
                0x00000000c0018bec                VAS::VAS(bool)
                0x00000000c0018e36                VAS::evict(unsigned long)
                0x00000000c0018f14                VAS::tryLoadBackOffDisk(unsigned long)
                0x00000000c00190ae                VAS::allocateSharedMemoryWithKernel(unsigned long, unsigned long*)
                0x00000000c0019122                VAS::freeSharedMemoryWithKernel(unsigned long, unsigned long)
                0x00000000c001914e                VAS::scanForEviction()
                0x00000000c0019251                mapVASFirstTime
 .text          0x00000000c001934c       0x5f coreobjs/c++.32
                0x00000000c001934c                __cxa_atexit
                0x00000000c001934f                __cxa_finalize
                0x00000000c0019350                __stack_chk_fail
                0x00000000c0019386                __cxa_pure_virtual
                0x00000000c0019397                operator new[](unsigned long)
                0x00000000c001939c                operator delete(void*, unsigned long)
                0x00000000c00193a1                operator delete[](void*)
                0x00000000c00193a6                operator delete[](void*, unsigned long)
 .text          0x00000000c00193ab      0x254 dbg/kconsole.32
                0x00000000c00193ab                Dbg::stringifyxWithBase(unsigned int, char*, int)
                0x00000000c001944b                Dbg::logc(char)
                0x00000000c001946b                Dbg::logs(char*)
                0x00000000c001948a                Dbg::logWriteInt(unsigned int)
                0x00000000c00194a8                Dbg::logWriteIntBase(unsigned int, int)
                0x00000000c00194c9                Dbg::kprintf(char const*, ...)
 *fill*         0x00000000c00195ff        0x1 
 .text          0x00000000c0019600      0x2d4 dbg/usban.32
                0x00000000c0019600                KiUbsanPrintDetails(char const*, void*)
                0x00000000c001966c                __ubsan_handle_type_mismatch_v1
                0x00000000c0019748                __ubsan_handle_pointer_overflow
                0x00000000c0019774                __ubsan_handle_out_of_bounds
                0x00000000c00197a0                __ubsan_handle_add_overflow
                0x00000000c00197cc                __ubsan_handle_load_invalid_value
                0x00000000c00197f8                __ubsan_handle_divrem_overflow
                0x00000000c0019824                __ubsan_handle_mul_overflow
                0x00000000c0019850                __ubsan_handle_sub_overflow
                0x00000000c001987c                __ubsan_handle_shift_out_of_bounds
                0x00000000c00198a8                __ubsan_handle_negate_overflow
 .text          0x00000000c00198d4      0x86d fs/symlink.32
                0x00000000c0019a23                KiDeinitialiseSymlinks(void*)
                0x00000000c0019ab6                KeRegisterSymlink(char const*, unsigned long long)
                0x00000000c0019b48                KeInitialiseSymlinks()
                0x00000000c0019cbc                KiIsSymlinkRegistered(char const*)
                0x00000000c0019e40                KeDereferenceSymlink(char const*, char*)
                0x00000000c0019fe7                KeCreateSymlink(char const*, char const*)
 *fill*         0x00000000c001a141        0x1 
 .text          0x00000000c001a142      0xd68 fs/vfs.32
                0x00000000c001a142                File::read(unsigned long long, void*, int*)
                0x00000000c001a19a                File::write(unsigned long long, void*, int*)
                0x00000000c001a1f2                Directory::read(unsigned long long, void*, int*)
                0x00000000c001a24a                Directory::write(unsigned long long, void*, int*)
                0x00000000c001a278                File::isAtty()
                0x00000000c001a27c                Directory::isAtty()
                0x00000000c001a280                Filesystem::getlabel(LogicalDisk*, int, char*, unsigned int*)
                0x00000000c001a286                Filesystem::setlabel(LogicalDisk*, int, char*)
                0x00000000c001a28c                Filesystem::allocateSwapfile(char const*, int)
                0x00000000c001a292                File::~File()
                0x00000000c001a292                File::~File()
                0x00000000c001a2b6                File::~File()
                0x00000000c001a2e0                Directory::~Directory()
                0x00000000c001a2e0                Directory::~Directory()
                0x00000000c001a304                Directory::~Directory()
                0x00000000c001a32e                Filesystem::Filesystem()
                0x00000000c001a32e                Filesystem::Filesystem()
                0x00000000c001a352                Filesystem::~Filesystem()
                0x00000000c001a352                Filesystem::~Filesystem()
                0x00000000c001a360                Filesystem::~Filesystem()
                0x00000000c001a384                Fs::getcwd(Process*, char*, int)
                0x00000000c001a3ae                Fs::initVFS()
                0x00000000c001a3d8                Fs::standardiseFiles(char*, char const*, char const*, bool)
                0x00000000c001a5f2                File::File(char const*, Process*, bool)
                0x00000000c001a5f2                File::File(char const*, Process*, bool)
                0x00000000c001a6d0                File::File(char const*, Process*)
                0x00000000c001a6d0                File::File(char const*, Process*)
                0x00000000c001a6ee                File::open(FileOpenMode)
                0x00000000c001a74c                File::close()
                0x00000000c001a7ac                File::seek(unsigned long long)
                0x00000000c001a802                File::truncate(unsigned long long)
                0x00000000c001a858                File::tell(unsigned long long*)
                0x00000000c001a8a8                File::rewind()
                0x00000000c001a8bc                File::unlink()
                0x00000000c001a908                File::rename(char const*)
                0x00000000c001a956                File::chfatattr(unsigned char, unsigned char)
                0x00000000c001a9b2                File::exists()
                0x00000000c001a9f0                File::stat(unsigned long long*, bool*)
                0x00000000c001aa51                Fs::setcwd(Process*, char*)
                0x00000000c001abb0                Directory::Directory(char const*, Process*)
                0x00000000c001abb0                Directory::Directory(char const*, Process*)
                0x00000000c001ac78                Directory::open()
                0x00000000c001acd4                Directory::close()
                0x00000000c001ad34                Directory::unlink()
                0x00000000c001ad80                Directory::rename(char const*)
                0x00000000c001adce                Directory::exists()
                0x00000000c001ae0c                Directory::read(dirent*)
                0x00000000c001ae58                Directory::create()
                0x00000000c001aea4                Filesystem::chfatattr(char const*, unsigned char, unsigned char)
 *fill*         0x00000000c001aeaa        0x2 
 .text          0x00000000c001aeac       0x86 hal/bus.32
                0x00000000c001aeac                Bus::Bus(char const*)
                0x00000000c001aeac                Bus::Bus(char const*)
                0x00000000c001aee4                Bus::~Bus()
                0x00000000c001aee4                Bus::~Bus()
                0x00000000c001af08                Bus::~Bus()
 .text          0x00000000c001af32       0x96 hal/buzzer.32
                0x00000000c001af32                beepThread(void*)
                0x00000000c001af6f                Krnl::beep(int, int, bool)
 .text          0x00000000c001afc8      0x45f hal/clock.32
                0x00000000c001afc8                User::loadClockSettings(int)
                0x00000000c001b01a                Clock::Clock(char const*)
                0x00000000c001b01a                Clock::Clock(char const*)
                0x00000000c001b050                Clock::~Clock()
                0x00000000c001b050                Clock::~Clock()
                0x00000000c001b074                Clock::~Clock()
                0x00000000c001b09e                Clock::timeInSecondsLocal()
                0x00000000c001b0e6                Clock::setTimeInSecondsLocal(unsigned long long)
                0x00000000c001b13f                datetimeToSeconds(datetime_t)
                0x00000000c001b25e                Clock::setTimeInDatetimeLocal(datetime_t)
                0x00000000c001b2be                secondsToDatetime(unsigned long long)
                0x00000000c001b402                Clock::timeInDatetimeLocal()
 *fill*         0x00000000c001b427        0x1 
 .text          0x00000000c001b428      0x47a hal/device.32
                0x00000000c001b428                Device::hibernate()
                0x00000000c001b42a                Device::wake()
                0x00000000c001b42c                Device::detect()
                0x00000000c001b42e                Device::disableLegacy()
                0x00000000c001b430                Device::powerSaving(PowerSavingLevel)
                0x00000000c001b432                DriverlessDevice::close(int, int, void*)
                0x00000000c001b436                DriverlessDevice::detect()
                0x00000000c001b438                DriverlessDevice::open(int, int, void*)
                0x00000000c001b44c                Device::~Device()
                0x00000000c001b44c                Device::~Device()
                0x00000000c001b45a                Device::~Device()
                0x00000000c001b482                Device::findAndLoadDriver()
                0x00000000c001b490                Device::preOpenPCI(PCIDeviceInfo)
                0x00000000c001b4b6                Device::preOpenACPI(void*, char*, char*)
                0x00000000c001b4f6                Device::addIRQHandler(int, void (*)(regs*, void*), bool, void*)
                0x00000000c001b520                Device::getParent()
                0x00000000c001b52c                Device::removeIRQHandler(int, void (*)(regs*, void*), bool)
                0x00000000c001b54a                Device::addChild(Device*)
                0x00000000c001b58e                Device::removeAllChildren()
                0x00000000c001b5d4                Device::hibernateAll()
                0x00000000c001b604                Device::wakeAll()
                0x00000000c001b634                Device::detectAll()
                0x00000000c001b664                Device::disableLegacyAll()
                0x00000000c001b666                Device::loadDriversForAll()
                0x00000000c001b668                Device::powerSavingAll(PowerSavingLevel)
                0x00000000c001b69e                Device::setName(char const*)
                0x00000000c001b6ac                Device::Device(char const*)
                0x00000000c001b6ac                Device::Device(char const*)
                0x00000000c001b7a8                Device::getName()
                0x00000000c001b7b2                Device::closeAll()
                0x00000000c001b7fe                DriverlessDevice::DriverlessDevice(char const*)
                0x00000000c001b7fe                DriverlessDevice::DriverlessDevice(char const*)
                0x00000000c001b834                Device::addToLinkedList(LinkedList<Device>&, DeviceType)
                0x00000000c001b878                getDevicesOfType(DeviceType)
 *fill*         0x00000000c001b8a2        0x2 
 .text          0x00000000c001b8a4       0x86 hal/diskctrl.32
                0x00000000c001b8a4                HardDiskController::HardDiskController(char const*)
                0x00000000c001b8a4                HardDiskController::HardDiskController(char const*)
                0x00000000c001b8dc                HardDiskController::~HardDiskController()
                0x00000000c001b8dc                HardDiskController::~HardDiskController()
                0x00000000c001b900                HardDiskController::~HardDiskController()
 .text          0x00000000c001b92a       0xe2 hal/diskphys.32
                0x00000000c001b92a                PhysicalDisk::eject()
                0x00000000c001b92e                PhysicalDisk::PhysicalDisk(char const*, int)
                0x00000000c001b92e                PhysicalDisk::PhysicalDisk(char const*, int)
                0x00000000c001b996                PhysicalDisk::startCache()
                0x00000000c001b9be                PhysicalDisk::~PhysicalDisk()
                0x00000000c001b9be                PhysicalDisk::~PhysicalDisk()
                0x00000000c001b9e2                PhysicalDisk::~PhysicalDisk()
 .text          0x00000000c001ba0c        0x0 hal/fpu.32
 .text          0x00000000c001ba0c      0x359 hal/intctrl.32
                0x00000000c001ba0c                int_handler
                0x00000000c001ba96                installISRHandler(int, void (*)(regs*, void*), void*)
                0x00000000c001bae0                installIRQHandler(int, void (*)(regs*, void*), bool, void*)
                0x00000000c001bc14                uninstallISRHandler(int, void (*)(regs*, void*))
                0x00000000c001bc48                uninstallIRQHandler(int, void (*)(regs*, void*), bool)
                0x00000000c001bcc6                setupINTS()
                0x00000000c001bd23                convertLegacyIRQNumber(int)
 *fill*         0x00000000c001bd65        0x1 
 .text          0x00000000c001bd66      0x8b6 hal/keybrd.32
                0x00000000c001bd66                startGUI(void*)
                0x00000000c001bdd0                startGUIVESA(void*)
                0x00000000c001be3a                sendKeyToTerminal(unsigned char)
                0x00000000c001bf15                sendKeyboardToken(KeyboardToken)
                0x00000000c001c3ff                clearInternalKeybuffer(VgaText*)
                0x00000000c001c434                readKeyboard(VgaText*, char*, unsigned long)
                0x00000000c001c592                Keyboard::Keyboard(char const*)
                0x00000000c001c592                Keyboard::Keyboard(char const*)
                0x00000000c001c5ce                Keyboard::~Keyboard()
                0x00000000c001c5ce                Keyboard::~Keyboard()
                0x00000000c001c5f2                Keyboard::~Keyboard()
 .text          0x00000000c001c61c      0x3f8 hal/logidisk.32
                0x00000000c001c61c                LogicalDisk::close(int, int, void*)
                0x00000000c001c620                LogicalDisk::~LogicalDisk()
                0x00000000c001c620                LogicalDisk::~LogicalDisk()
                0x00000000c001c644                LogicalDisk::~LogicalDisk()
                0x00000000c001c66e                LogicalDisk::open(int, int, void*)
                0x00000000c001c682                LogicalDisk::absoluteToRelative(unsigned long long)
                0x00000000c001c6ba                LogicalDisk::relativeToAbsolute(unsigned long long)
                0x00000000c001c700                LogicalDisk::LogicalDisk(char const*, PhysicalDisk*, unsigned long long, unsigned long long)
                0x00000000c001c700                LogicalDisk::LogicalDisk(char const*, PhysicalDisk*, unsigned long long, unsigned long long)
                0x00000000c001c7c0                LogicalDisk::assignDriveLetter()
                0x00000000c001c87a                LogicalDisk::mount()
                0x00000000c001c8c2                LogicalDisk::unmount()
                0x00000000c001c8d2                LogicalDisk::eject()
                0x00000000c001c8e6                LogicalDisk::unassignDriveLetter()
                0x00000000c001c93c                LogicalDisk::read(unsigned long long, int, void*)
                0x00000000c001c9a8                LogicalDisk::write(unsigned long long, int, void*)
 .text          0x00000000c001ca14       0x86 hal/mouse.32
                0x00000000c001ca14                Mouse::Mouse(char const*)
                0x00000000c001ca14                Mouse::Mouse(char const*)
                0x00000000c001ca4c                Mouse::~Mouse()
                0x00000000c001ca4c                Mouse::~Mouse()
                0x00000000c001ca70                Mouse::~Mouse()
 .text          0x00000000c001ca9a       0x90 hal/nic.32
                0x00000000c001ca9a                NIC::getMAC()
                0x00000000c001caa0                NIC::write(int, unsigned char*, int*)
                0x00000000c001caa6                NIC::NIC(char const*)
                0x00000000c001caa6                NIC::NIC(char const*)
                0x00000000c001cadc                NIC::~NIC()
                0x00000000c001cadc                NIC::~NIC()
                0x00000000c001cb00                NIC::~NIC()
 .text          0x00000000c001cb2a      0x33b hal/partition.32
                0x00000000c001cb2a                makePartition(PhysicalDisk*, unsigned long long, unsigned long long)
                0x00000000c001cbd2                createPartitionsForDisk(PhysicalDisk*)
 *fill*         0x00000000c001ce65        0x3 
 .text          0x00000000c001ce68       0x86 hal/serial.32
                0x00000000c001ce68                Serial::Serial(char const*)
                0x00000000c001ce68                Serial::Serial(char const*)
                0x00000000c001cea0                Serial::~Serial()
                0x00000000c001cea0                Serial::~Serial()
                0x00000000c001cec4                Serial::~Serial()
 *fill*         0x00000000c001ceee        0x2 
 .text          0x00000000c001cef0      0x230 hal/timer.32
                0x00000000c001cef0                Timer::Timer(char const*)
                0x00000000c001cef0                Timer::Timer(char const*)
                0x00000000c001cf28                Timer::~Timer()
                0x00000000c001cf28                Timer::~Timer()
                0x00000000c001cf4c                Timer::~Timer()
                0x00000000c001cf76                Timer::read()
                0x00000000c001cf81                setupTimer(int)
                0x00000000c001cfbc                timerHandler(unsigned int)
 .text          0x00000000c001d120      0x444 hal/vcache.32
                0x00000000c001d120                VCache::VCache(PhysicalDisk*)
                0x00000000c001d120                VCache::VCache(PhysicalDisk*)
                0x00000000c001d290                VCache::invalidateReadBuffer()
                0x00000000c001d2a0                VCache::writeWriteBuffer()
                0x00000000c001d2ec                VCache::~VCache()
                0x00000000c001d2ec                VCache::~VCache()
                0x00000000c001d344                VCache::~VCache()
                0x00000000c001d36c                VCache::write(unsigned long long, int, void*)
                0x00000000c001d460                VCache::read(unsigned long long, int, void*)
 .text          0x00000000c001d564      0x70e hal/video.32
                0x00000000c001d564                Video::putrect(int, int, int, int, unsigned int)
                0x00000000c001d5b0                Video::bitblit(int, int, int, int, int, int, int, unsigned int*)
                0x00000000c001d620                Video::blit(unsigned int*, int, int, int, int)
                0x00000000c001d69e                Video::clearScreen(unsigned int)
                0x00000000c001d6d2                Video::putpixel(int, int, unsigned int)
                0x00000000c001d6e0                Video::readPixelApprox(int, int)
                0x00000000c001d6f4                Video::Video(char const*)
                0x00000000c001d6f4                Video::Video(char const*)
                0x00000000c001d72a                Video::~Video()
                0x00000000c001d72a                Video::~Video()
                0x00000000c001d74e                Video::~Video()
                0x00000000c001d778                Video::isMonochrome()
                0x00000000c001d784                Video::getWidth()
                0x00000000c001d790                Video::getHeight()
                0x00000000c001d79c                Video::drawCursor(int, int, unsigned int*, int)
                0x00000000c001d858                Video::tgaParse(unsigned char*, int, int*, int*)
                0x00000000c001dc02                Video::putTGA(int, int, unsigned char*, int)
 *fill*         0x00000000c001dc72        0x2 
 .text          0x00000000c001dc74     0x1413 hw/acpi.32
                0x00000000c001dc74                ACPI::close(int, int, void*)
                0x00000000c001ddb0                findRSDP()
                0x00000000c001de48                loadACPITables(unsigned char*)
                0x00000000c001e0b4                findRSDT(unsigned char*)
                0x00000000c001e20c                findDataTable(unsigned char*, char*)
                0x00000000c001e28c                scanMADT()
                0x00000000c001e744                ACPI::ACPI()
                0x00000000c001e744                ACPI::ACPI()
                0x00000000c001e798                ACPI::getPCIIRQAssignment(unsigned char, unsigned short, unsigned char)
                0x00000000c001e894                ACPI::registerPCIIRQAssignment(void*, unsigned short, unsigned char, unsigned char)
                0x00000000c001e960                ACPI::setScreenBrightnessLevel(void*, int)
                0x00000000c001e968                ACPI::detectPCI()
                0x00000000c001eb88                ACPI::writeSimpleBootFlag(SimpleBootFlagTable*)
                0x00000000c001ebd0                ACPI::sleep()
                0x00000000c001ebec                ACPI::open(int, int, void*)
 *fill*         0x00000000c001f087        0x1 
 .text          0x00000000c001f088      0xbc5 hw/cpu.32
                0x00000000c001f088                CPU::close(int, int, void*)
                0x00000000c001f08c                CPU::AMD_K6_write_msr(unsigned int, unsigned int, unsigned int, CPU::REGS*)
                0x00000000c001f0a8                CPU::AMD_K6_read_msr(unsigned int, CPU::REGS*)
                0x00000000c001f0c0                CPU::AMD_K6_writeback(int, int, int)
                0x00000000c001f134                CPU::cpuid(int, unsigned long*, unsigned long*, unsigned long*, unsigned long*)
                0x00000000c001f1b8                CPU::cpuidCheckEDX(unsigned int)
                0x00000000c001f1e6                CPU::cpuidCheckECX(unsigned int)
                0x00000000c001f214                CPU::cpuidCheckExtendedEBX(unsigned int)
                0x00000000c001f242                CPU::cpuidCheckExtendedECX(unsigned int)
                0x00000000c001f270                CPU::CPU()
                0x00000000c001f270                CPU::CPU()
                0x00000000c001f2fe                CPU::displayFeatures()
                0x00000000c001f300                CPU::detectFeatures()
                0x00000000c001f9d4                CPU::setupSMEP()
                0x00000000c001f9e0                CPU::setupUMIP()
                0x00000000c001f9ea                CPU::setupTSC()
                0x00000000c001f9f4                CPU::setupLargePages()
                0x00000000c001f9fe                CPU::setupPAT()
                0x00000000c001fa3a                CPU::setupMTRR()
                0x00000000c001fa3c                CPU::setupGlobalPages()
                0x00000000c001fa46                CPU::allowUsermodeDataAccess()
                0x00000000c001fa58                CPU::prohibitUsermodeDataAccess()
                0x00000000c001fa6a                CPU::setupSMAP()
                0x00000000c001fa78                CPU::setupFeatures()
                0x00000000c001fb44                CPU::open(int, int, void*)
 .text          0x00000000c001fc4d       0xb6 krnl/atexit.32
                0x00000000c001fc4d                KeInitialiseAtexit()
                0x00000000c001fc6c                KeRegisterAtexit(void (*)(void*), void*)
                0x00000000c001fca0                KeExecuteAtexit()
 .text          0x00000000c001fd03       0xdf krnl/bootmsg.32
                0x00000000c001fd03                KeDisplaySplashScreen()
                0x00000000c001fd7f                KeSetBootMessage(char const*)
 *fill*         0x00000000c001fde2        0x2 
 .text          0x00000000c001fde4       0x48 krnl/cdefs.32
                0x00000000c001fde4                CUnlockScheduler
                0x00000000c001fe00                CLockScheduler
                0x00000000c001fe10                CPrintf
 .text          0x00000000c001fe2c       0x1d krnl/compat.32
                0x00000000c001fe2c                Krnl::handlePowerButton()
                0x00000000c001fe3c                Krnl::handleSleepButton()
 .text          0x00000000c001fe49       0x2b krnl/crc32.32
                0x00000000c001fe49                KeCalculateCRC32(unsigned char*, int)
 .text          0x00000000c001fe74      0x5bf krnl/env.32
                0x00000000c001fe74                EnvVarContainer::getEnv(char const*)
                0x00000000c001feb2                EnvVarContainer::setEnv(char const*, char const*)
                0x00000000c001ff74                EnvVarContainer::deleteEnv(char const*)
                0x00000000c001ff76                EnvVarContainer::loadFrom(char const*, char const*)
                0x00000000c002019a                EnvVarContainer::__loadSystem()
                0x00000000c00201b4                EnvVarContainer::__loadUser()
                0x00000000c00201b6                EnvVarContainer::EnvVarContainer(Process*)
                0x00000000c00201b6                EnvVarContainer::EnvVarContainer(Process*)
                0x00000000c00201d8                EnvVarContainer::~EnvVarContainer()
                0x00000000c00201d8                EnvVarContainer::~EnvVarContainer()
                0x00000000c0020208                KeGetEnv(Process*, char const*)
                0x00000000c002026d                KeSetEnvSystem(char const*, char const*)
                0x00000000c0020287                KeSetEnvUser(char const*, char const*)
                0x00000000c00202a6                KeSetEnvProcess(Process*, char const*, char const*)
                0x00000000c00202b9                KeDeleteEnvSystem(char const*)
                0x00000000c00202ba                KeDeleteEnvUser(char const*)
                0x00000000c00202bb                KeDeleteEnvProcess(Process*, char const*)
                0x00000000c00202bc                KeNewProcessEnv(Process*)
                0x00000000c00202de                KeCopyProcessEnv(Process*, Process*)
                0x00000000c002032a                KeLoadSystemEnv()
                0x00000000c0020358                KeLoadUserEnv()
                0x00000000c002037e                KeFlushEnv()
                0x00000000c002037f                KeGetProcessTotalEnvCount(Process*)
                0x00000000c002039f                KeGetProcessEnvPair(Process*, int)
 .text          0x00000000c0020433       0x94 krnl/inlines.32
                0x00000000c0020433                CPU::current()
                0x00000000c002043f                operator new(unsigned long)
                0x00000000c0020444                operator delete(void*)
                0x00000000c0020449                disableIRQs()
                0x00000000c002044b                enableIRQs()
                0x00000000c002044d                lockScheduler()
                0x00000000c0020455                unlockScheduler()
                0x00000000c0020464                lockStuff()
                0x00000000c0020472                unlockStuff()
                0x00000000c00204ac                Virt::getAKernelVAS()
                0x00000000c00204b2                __not_memcpy
 *fill*         0x00000000c00204c7        0x1 
 .text          0x00000000c00204c8       0x1a krnl/mutex.32
                0x00000000c00204c8                Mutex::Mutex()
                0x00000000c00204c8                Mutex::Mutex()
 .text          0x00000000c00204e2        0xc krnl/panic.32
                0x00000000c00204e2                KePanic(char const*)
 .text          0x00000000c00204ee      0x142 krnl/powctrl.32
                0x00000000c00204ee                KePowerThread(void*)
                0x00000000c002051c                KeChangePowerSettings(PowerSettings)
                0x00000000c0020532                KeUserIOReceived()
                0x00000000c002053d                KeHandlePowerButton()
                0x00000000c0020572                KeHandleSleepButton()
                0x00000000c00205a7                KeSetupPowerManager()
 .text          0x00000000c0020630       0x9d krnl/random.32
                0x00000000c0020630                KeRand()
                0x00000000c0020672                KeSeedRand(unsigned int)
                0x00000000c002069b                KeInitRand()
 *fill*         0x00000000c00206cd        0x3 
 .text          0x00000000c00206d0      0x1bc krnl/resolve.32
                0x00000000c00206d0                KeResolveCompatibilitySymbol(char*)
 .text          0x00000000c002088c      0x415 krnl/semaphore.32
                0x00000000c002088c                Semaphore::Semaphore(int)
                0x00000000c002088c                Semaphore::Semaphore(int)
                0x00000000c00208bc                Semaphore::tryAcquire()
                0x00000000c0020998                Semaphore::assertLocked(char const*)
                0x00000000c0020a28                Semaphore::acquire(int)
                0x00000000c0020bd0                Semaphore::acquire()
                0x00000000c0020bec                Semaphore::release()
 .text          0x00000000c0020ca1      0x322 krnl/signal.32
                0x00000000c0020ca1                KiSigKill(int)
                0x00000000c0020cb5                KiDefaultSignalHandlerIgnore(int)
                0x00000000c0020cb6                KiDefaultSignalHandlerPause(int)
                0x00000000c0020ce2                KiDefaultSignalHandlerResume(int)
                0x00000000c0020d0e                KeDeinitSignals(SigHandlerBlock*)
                0x00000000c0020d13                KeInitSignals()
                0x00000000c0020d65                KeRegisterSignalHandler(SigHandlerBlock*, int, void (*)(int), unsigned int, int)
                0x00000000c0020d9b                KeRaiseSignal(SigHandlerBlock*, int)
                0x00000000c0020e18                KeCheckSignal(SigHandlerBlock*, int*)
                0x00000000c0020f0f                KiCheckSignalZ
                0x00000000c0020f51                KeCompleteSignal(SigHandlerBlock*, int)
                0x00000000c0020f8c                KiFinishSignalZ
 .text          0x00000000c0020fc3      0xe10 krnl/syscalls.32
                0x00000000c0020fc3                SysSeekDir(regs*)
                0x00000000c0020fc8                SysTellDir(regs*)
                0x00000000c0020fcd                SysVerify(regs*)
                0x00000000c0020fd7                SysGetArgc(regs*)
                0x00000000c0020feb                SysTTYName(regs*)
                0x00000000c0020ff3                SysFormatDisk(regs*)
                0x00000000c002106a                SysSetDiskVolumeLabel(regs*)
                0x00000000c00210be                SysGetDiskVolumeLabel(regs*)
                0x00000000c0021117                SysShutdown(regs*)
                0x00000000c0021175                SysRealpath(regs*)
                0x00000000c00211b9                SysReadDir(regs*)
                0x00000000c0021239                SysIsATTY(regs*)
                0x00000000c0021293                SysSeek(regs*)
                0x00000000c00212ea                SysTell(regs*)
                0x00000000c0021357                SysSize(regs*)
                0x00000000c00213ca                SysSizeFromFilename(regs*)
                0x00000000c00214fb                SysSizeFromFilenameNoSymlink(regs*)
                0x00000000c002162c                SysClose(regs*)
                0x00000000c002168c                SysOpenDir(regs*)
                0x00000000c0021709                SysMakeDir(regs*)
                0x00000000c0021777                SysCloseDir(regs*)
                0x00000000c00217cb                SysWait(regs*)
                0x00000000c00217ec                SysNotImpl(regs*)
                0x00000000c0021807                SysPanic(regs*)
                0x00000000c0021822                SysRmdir(regs*)
                0x00000000c0021887                SysUnlink(regs*)
                0x00000000c00218ec                SysGetArgv(regs*)
                0x00000000c0021939                SysUSleep(regs*)
                0x00000000c0021962                SysSpawn(regs*)
                0x00000000c00219d5                SysGetEnv(regs*)
                0x00000000c0021a86                SysSetFatAttrib(regs*)
                0x00000000c0021af9                SysPipe(regs*)
                0x00000000c0021b3e                SysGetUnixTime(regs*)
                0x00000000c0021b52                string_ends_with(char const*, char const*)
                0x00000000c0021b9a                SysOpen(regs*)
                0x00000000c0021d91                KeSystemCall(regs*, void*)
 *fill*         0x00000000c0021dd3        0x1 
 .text          0x00000000c0021dd4      0x159 net/ethernet.32
                0x00000000c0021dd4                KeSwitchEndian16(unsigned short)
                0x00000000c0021df8                KeSwitchEndian32(unsigned int)
                0x00000000c0021e28                EthernetCRC32(unsigned char*, int)
                0x00000000c0021ecc                EthernetReceivedPacket(EthernetUnwrappedFrame*, unsigned short)
 *fill*         0x00000000c0021f2d        0x3 
 .text          0x00000000c0021f30       0xf4 net/netosl.32
                0x00000000c0021f30                KeNetCreateSemaphore
                0x00000000c0021f74                KeNetFreeSemaphore
                0x00000000c0021f90                KeNetSignalSemaphore
                0x00000000c0021fac                KeNetWaitSemaphore
                0x00000000c0021fcc                KeNetCreateThread
                0x00000000c0021ff0                KeCPanic
                0x00000000c0022008                KeCPuts
 .text          0x00000000c0022024      0xd56 reg/cm.32
                0x00000000c0022024                CmOpen(char const*)
                0x00000000c0022142                CmClose(Reghive_Tag*)
                0x00000000c0022158                CmReadExtent(Reghive_Tag*, int, unsigned char*)
                0x00000000c0022194                CmGetString(Reghive_Tag*, int, char*)
                0x00000000c002220b                CmEnterDirectory(Reghive_Tag*, int)
                0x00000000c002224a                CmGetNext(Reghive_Tag*, int)
                0x00000000c002227c                CmWriteExtent(Reghive_Tag*, int, unsigned char*)
                0x00000000c00222b8                CmFreeExtent(Reghive_Tag*, int)
                0x00000000c00222e0                CmUpdateHeader(Reghive_Tag*)
                0x00000000c0022301                CmExpand(Reghive_Tag*, int)
                0x00000000c002237c                CmFindUnusedExtent(Reghive_Tag*)
                0x00000000c0022402                CmCreateExtent(Reghive_Tag*, int, int, unsigned char*)
                0x00000000c00224f6                CmSetString(Reghive_Tag*, int, char const*)
                0x00000000c0022632                CmGetMatch(char*, char*, bool, bool*)
                0x00000000c0022693                CmAddShift(unsigned int*, int*, unsigned char, int)
                0x00000000c00226c3                CmGetShift(unsigned int*, int*, int, bool*)
                0x00000000c00226fa                CmGetInteger(Reghive_Tag*, int, unsigned long long*)
                0x00000000c0022724                CmSetInteger(Reghive_Tag*, int, unsigned long long)
                0x00000000c0022764                CmConvertFromInternalFilename(unsigned char const*, char*)
                0x00000000c0022808                CmGetNameAndTypeFromExtent(Reghive_Tag*, int, char*)
                0x00000000c0022836                CmConvertToInternalFilename(char const*, unsigned char*)
                0x00000000c00229d4                CmCreateString(Reghive_Tag*, int, char const*)
                0x00000000c0022a21                CmFindInDirectory(Reghive_Tag*, int, char const*)
                0x00000000c0022a9b                CmCreateInteger(Reghive_Tag*, int, char const*, unsigned long long, int)
                0x00000000c0022aee                CmCreateDirectory(Reghive_Tag*, int, char const*)
                0x00000000c0022bb2                zStrtok(char*, char const*)
                0x00000000c0022c24                CmFindObjectFromPath(Reghive_Tag*, char const*)
                0x00000000c0022ca5                CmDisplayTree(Reghive_Tag*, int, int)
                0x00000000c0022d48                CmSplitFinalSlashInPlace(char*)
 .text          0x00000000c0022d7a      0x52a reg/registry.32
                0x00000000c0022d7a                Reg::findLineFromLoadedData(char*, char*, char*)
                0x00000000c0022eeb                Reg::getLineFromRegistry(char*, char*, char*, char*)
                0x00000000c0023040                Reg::getLine(char*, char*, char*)
                0x00000000c0023077                Reg::readInt(char*, char*, int*)
                0x00000000c0023165                Reg::readString(char*, char*, char*, int)
                0x00000000c00231e6                Reg::readBool(char*, char*, bool*)
                0x00000000c002320b                Reg::readBoolWithDefault(char*, char*, bool)
                0x00000000c0023237                Reg::readIntWithDefault(char*, char*, int)
                0x00000000c0023263                Reg::readStringWithDefault(char*, char*, char*, int, char*)
 .text          0x00000000c00232a4       0x36 sys/eject.32
                0x00000000c00232a4                SysEject(regs*)
 .text          0x00000000c00232da       0x18 sys/exit.32
                0x00000000c00232da                SysExit(regs*)
 .text          0x00000000c00232f2       0x1f sys/getcwd.32
                0x00000000c00232f2                SysGetCwd(regs*)
 .text          0x00000000c0023311        0xc sys/getpid.32
                0x00000000c0023311                SysGetPID(regs*)
 .text          0x00000000c002331d       0x1a sys/getramdata.32
                0x00000000c002331d                SysGetRAMData(regs*)
 .text          0x00000000c0023337       0x82 sys/getvgaptr.32
                0x00000000c0023337                SysGetVGAPtr(regs*)
 *fill*         0x00000000c00233b9        0x3 
 .text          0x00000000c00233bc       0xb9 sys/kill.32
                0x00000000c00233bc                SysKill(regs*)
 .text          0x00000000c0023475       0xa8 sys/loaddll.32
                0x00000000c0023475                SysLoadDLL(regs*)
 .text          0x00000000c002351d       0x68 sys/read.32
                0x00000000c002351d                SysRead(regs*)
 .text          0x00000000c0023585       0x29 sys/registersignal.32
                0x00000000c0023585                SysRegisterSignal(regs*)
 .text          0x00000000c00235ae      0x19c sys/registry.32
                0x00000000c00235ae                SysRegistryGetTypeFromPath(regs*)
                0x00000000c0023625                SysRegistryReadExtent(regs*)
                0x00000000c002366d                SysRegistryPathToExtentLookup(regs*)
                0x00000000c0023695                SysRegistryEnterDirectory(regs*)
                0x00000000c00236bd                SysRegistryGetNext(regs*)
                0x00000000c00236e5                SysRegistryGetNameAndTypeFromExtent(regs*)
                0x00000000c002371f                SysRegistryOpen(regs*)
                0x00000000c0023733                SysRegistryClose(regs*)
 .text          0x00000000c002374a       0x55 sys/sbrk.32
                0x00000000c002374a                SysSbrk(regs*)
 .text          0x00000000c002379f       0x1c sys/setcwd.32
                0x00000000c002379f                SysSetCwd(regs*)
 .text          0x00000000c00237bb       0x96 sys/settime.32
                0x00000000c00237bb                SysSetTime(regs*)
 .text          0x00000000c0023851       0x73 sys/symlink.32
                0x00000000c0023851                SysSymlink(regs*)
 .text          0x00000000c00238c4       0x4a sys/timezone.32
                0x00000000c00238c4                SysTimezone(regs*)
 .text          0x00000000c002390e       0xfc sys/truncate.32
                0x00000000c002390e                SysTruncate(regs*)
 .text          0x00000000c0023a0a       0x68 sys/write.32
                0x00000000c0023a0a                SysWrite(regs*)
 .text          0x00000000c0023a72       0x62 sys/wsbe.32
                0x00000000c0023a72                SysWsbe(regs*)
 .text          0x00000000c0023ad4       0x25 sys/yield.32
                0x00000000c0023ad4                SysYield(regs*)
 .text          0x00000000c0023af9     0x1207 thr/elf.32
                0x00000000c0023af9                Thr::allocateMemoryForTask(Process*, File*, unsigned long, unsigned long, unsigned long)
                0x00000000c0023d87                Thr::loadProgramIntoMemory(Process*, char const*)
                0x00000000c0023f99                Thr::runtimeReferenceHelper()
                0x00000000c0023fac                Thr::getAddressOfKernelSymbol(char const*)
                0x00000000c0023ffb                Thr::loadKernelSymbolTable(char const*)
                0x00000000c00242b9                Thr::loadDriverIntoMemory(char const*, unsigned long, bool)
                0x00000000c00249f2                Thr::getDriverBaseFromAddress(unsigned long)
                0x00000000c0024a24                Thr::getDriverNameFromAddress(unsigned long)
                0x00000000c0024a5b                Thr::getDriverOffsetFromAddress(unsigned long)
                0x00000000c0024a75                Thr::loadDLL(char const*, bool)
                0x00000000c0024cc7                Thr::executeDLL(unsigned long, void*)
 .text          0x00000000c0024d00     0x1131 thr/prcssthr.32
                0x00000000c0024d00                userModeEntryPoint(void*)
                0x00000000c0024d28                changeTSS
                0x00000000c0024d58                switchToThread(ThreadControlBlock*)
                0x00000000c0024e08                Process::addArgs(char**)
                0x00000000c0024e74                Process::Process(char const*, Process*, char**)
                0x00000000c0024e74                Process::Process(char const*, Process*, char**)
                0x00000000c0025080                Process::Process(bool, char const*, Process*, char**)
                0x00000000c0025080                Process::Process(bool, char const*, Process*, char**)
                0x00000000c0025254                taskStartupFunction
                0x00000000c0025260                KeDisablePreemption()
                0x00000000c0025288                KeRestorePreemption()
                0x00000000c00252a8                Process::createThread(void (*)(void*), void*, int)
                0x00000000c00253b4                Process::createUserThread()
                0x00000000c00253d4                setupMultitasking(void (*)())
                0x00000000c00254f8                schedule()
                0x00000000c002558c                blockTaskWithSchedulerLockAlreadyHeld(TaskState)
                0x00000000c00255b4                blockTask(TaskState)
                0x00000000c00255ec                waitTask(int, int*, int)
                0x00000000c0025630                milliTenthSleepUntil(unsigned int)
                0x00000000c00256d0                milliTenthSleep(unsigned int)
                0x00000000c00256e4                sleep(unsigned int)
                0x00000000c0025700                taskReturned
                0x00000000c0025744                Thr::processFromPID(int)
                0x00000000c00257f0                unblockTask(ThreadControlBlock*)
                0x00000000c002589c                cleanupTerminatedTask(ThreadControlBlock*)
                0x00000000c0025b70                cleanerTaskFunction(void*)
                0x00000000c0025c78                terminateTask(int)
                0x00000000c0025d64                Thr::terminateFromIRQ(int)
 .text          0x00000000c0025e31      0xc27 vm86/vm8086.32
                0x00000000c0025e31                Vm::inbv(unsigned short)
                0x00000000c0025e44                Vm::outbv(unsigned short, unsigned char)
                0x00000000c0025e7a                Vm::realToLinear(unsigned short, unsigned short)
                0x00000000c0025e8a                Vm::getSegment(unsigned int)
                0x00000000c0025e92                Vm::getOffset(unsigned int)
                0x00000000c0025e97                Vm::mainloop2()
                0x00000000c0025ed1                Vm::mainVm8086Loop(void*)
                0x00000000c0025ee1                Vm::mainloop3(unsigned long)
                0x00000000c0025f07                Vm::initialise8086()
                0x00000000c0025f4a                Vm::finish8086()
                0x00000000c0025fab                Vm::getOutput8086(unsigned char*)
                0x00000000c0025fd0                Vm::start8086FromBuffer(unsigned char*, int, unsigned short, unsigned short, unsigned short, unsigned short)
                0x00000000c0026089                Vm::start8086(char const*, unsigned short, unsigned short, unsigned short, unsigned short)
                0x00000000c0026227                Vm::doISR(regs*, int, unsigned char*, unsigned short, unsigned short)
                0x00000000c00262c0                Vm::readByteFromReal(unsigned short, unsigned short)
                0x00000000c00262d1                Vm::readWordFromReal(unsigned short, unsigned short)
                0x00000000c00262e3                Vm::readDwordFromReal(unsigned short, unsigned short)
                0x00000000c00262f4                Vm::writeByteFromReal(unsigned short, unsigned short, unsigned char)
                0x00000000c0026309                Vm::writeWordFromReal(unsigned short, unsigned short, unsigned short)
                0x00000000c002631f                Vm::writeDwordFromReal(unsigned short, unsigned short, unsigned int)
                0x00000000c0026334                Vm::faultHandler(regs*)
 .text          0x00000000c0026a58      0xaf0 arch/i386/hal.32
                0x00000000c0026a58                noCopro(unsigned long)
                0x00000000c0026a59                nmiHandler(regs*, void*)
                0x00000000c0026a72                doubleFault(regs*, void*)
                0x00000000c0026a8b                displayDebugInfo(regs*)
                0x00000000c0026e10                HalSystemIdle()
                0x00000000c0026e8c                displayProgramFault(char const*)
                0x00000000c0026ed8                gpFault(regs*, void*)
                0x00000000c0026f3f                pgFault(regs*, void*)
                0x00000000c0026fc8                otherISRHandler(regs*, void*)
                0x00000000c0026ffc                opcodeFault(regs*, void*)
                0x00000000c002707f                i386SaveCoprocessor(void*)
                0x00000000c0027093                i386LoadCoprocessor(void*)
                0x00000000c00270a7                x87EmulHandler(regs*, void*)
                0x00000000c0027144                HalInitialiseCoprocessor()
                0x00000000c00271f2                HalPanic(char const*)
                0x00000000c0027306                HalQueryPerformanceCounter()
                0x00000000c0027321                HalInitialise()
                0x00000000c00274d7                HalMakeBeep(int)
                0x00000000c0027511                HalGetRand()
                0x00000000c0027514                HalEndOfInterrupt(int)
                0x00000000c0027545                HalRestart()
                0x00000000c0027546                HalShutdown()
                0x00000000c0027547                HalSleep()
 .text          0x00000000c0027548      0x2dc arch/i386/pic.32
                0x00000000c0027548                picIoWait()
                0x00000000c0027550                picDisable()
                0x00000000c0027584                picGetIRQReg(int)
                0x00000000c0027600                picOpen()
                0x00000000c0027784                picEOI(int)
 .text          0x00000000c0027824      0x674 arch/i386/rtc.32
                0x00000000c0027824                RTC::open(int, int, void*)
                0x00000000c0027828                RTC::close(int, int, void*)
                0x00000000c002782c                RTC::timeInSecondsUTC()
                0x00000000c002783e                RTC::timeInDatetimeUTC()
                0x00000000c0027864                RTC::setTimeInSecondsUTC(unsigned long long)
                0x00000000c00278a2                RTC::~RTC()
                0x00000000c00278a2                RTC::~RTC()
                0x00000000c00278c6                RTC::~RTC()
                0x00000000c00278f0                RTC::get_update_in_progress_flag()
                0x00000000c002790a                RTC::completeRTCRefresh()
                0x00000000c0027bea                RTC::setTimeInDatetimeUTC(datetime_t)
                0x00000000c0027d98                rtcIRQHandler(regs*, void*)
                0x00000000c0027dde                RTC::RTC()
                0x00000000c0027dde                RTC::RTC()
 .text          0x00000000c0027e98      0x1f4 arch/i386/vga.32
                0x00000000c0027e98                HalConsoleScroll(int, int)
                0x00000000c0027fa0                HalConsoleWriteCharacter(char, int, int, int, int)
                0x00000000c0028004                HalConsoleCursorUpdate(int, int)
 .text          0x00000000c002808c     0x14cf fs/fat/vfslink.32
                0x00000000c002808c                FAT::getName()
                0x00000000c0028094                FAT::tell(void*, unsigned long long*)
                0x00000000c00280d0                FAT::stat(void*, unsigned long long*)
                0x00000000c002810c                FAT::~FAT()
                0x00000000c002810c                FAT::~FAT()
                0x00000000c0028130                FAT::~FAT()
                0x00000000c0028158                FAT::getlabel(LogicalDisk*, int, char*, unsigned int*)
                0x00000000c00281fc                FAT::setlabel(LogicalDisk*, int, char*)
                0x00000000c00282c0                FAT::format(LogicalDisk*, int, char const*, int)
                0x00000000c00284a4                FAT::tryMount(LogicalDisk*, int)
                0x00000000c00286c0                FAT::allocateSwapfile(char const*, int)
                0x00000000c0028880                FAT::readDir(void*, unsigned long, void*, int*)
                0x00000000c00289f0                FAT::read(void*, unsigned long, void*, int*)
                0x00000000c0028a50                FAT::write(void*, unsigned long, void*, int*)
                0x00000000c0028ab0                FAT::close(void*)
                0x00000000c0028b04                FAT::closeDir(void*)
                0x00000000c0028b58                FAT::truncate(void*, unsigned long long)
                0x00000000c0028bc4                FAT::seek(void*, unsigned long long)
                0x00000000c0028c1c                fatWrapperReadDisk
                0x00000000c0028c5c                fatWrapperWriteDisk
                0x00000000c0028c9c                fatWrapperIoctl
                0x00000000c0028db8                FAT::FAT()
                0x00000000c0028db8                FAT::FAT()
                0x00000000c0028e10                FAT::fixFilepath(char*)
                0x00000000c0028e50                FAT::open(char const*, void**, FileOpenMode)
                0x00000000c0028fc4                FAT::openDir(char const*, void**)
                0x00000000c0029074                FAT::stat(char const*, unsigned long long*, bool*)
                0x00000000c002916c                FAT::unlink(char const*)
                0x00000000c00291ec                FAT::chfatattr(char const*, unsigned char, unsigned char)
                0x00000000c00293a0                FAT::rename(char const*, char const*)
                0x00000000c002946c                FAT::mkdir(char const*)
                0x00000000c00294ec                FAT::exists(char const*)
 *fill*         0x00000000c002955b        0x1 
 .text          0x00000000c002955c       0x94 fs/iso9660/helper.32
                0x00000000c002955c                isoReadDiscSectorHelper
                0x00000000c00295b8                iso_kprintf
                0x00000000c00295d4                iso_kprintfd
 .text          0x00000000c00295f0      0x71c fs/iso9660/vfslink.32
                0x00000000c00295f0                ISO9660::format(LogicalDisk*, int, char const*, int)
                0x00000000c00295f6                ISO9660::truncate(void*, unsigned long long)
                0x00000000c00295fc                ISO9660::getName()
                0x00000000c0029602                ISO9660::closeDir(void*)
                0x00000000c002960c                ISO9660::chfatattr(char const*, unsigned char, unsigned char)
                0x00000000c0029612                ISO9660::unlink(char const*)
                0x00000000c0029618                ISO9660::write(void*, unsigned long, void*, int*)
                0x00000000c002961e                ISO9660::rename(char const*, char const*)
                0x00000000c0029624                ISO9660::mkdir(char const*)
                0x00000000c002962a                ISO9660::~ISO9660()
                0x00000000c002962a                ISO9660::~ISO9660()
                0x00000000c002964e                ISO9660::~ISO9660()
                0x00000000c0029676                ISO9660::exists(char const*)
                0x00000000c002968a                ISO9660::open(char const*, void**, FileOpenMode)
                0x00000000c0029770                ISO9660::read(void*, unsigned long, void*, int*)
                0x00000000c00297b8                ISO9660::seek(void*, unsigned long long)
                0x00000000c00297fa                ISO9660::tell(void*, unsigned long long*)
                0x00000000c0029838                ISO9660::stat(void*, unsigned long long*)
                0x00000000c002988a                ISO9660::stat(char const*, unsigned long long*, bool*)
                0x00000000c00299cc                ISO9660::close(void*)
                0x00000000c00299fc                ISO9660::openDir(char const*, void**)
                0x00000000c0029ad6                ISO9660::readDir(void*, unsigned long, void*, int*)
                0x00000000c0029bf3                readSectorFromCDROM(unsigned int, unsigned char*, char)
                0x00000000c0029c72                ISO9660::tryMount(LogicalDisk*, int)
                0x00000000c0029ce4                ISO9660::ISO9660()