Archive member included to satisfy reference by file (symbol)

/cygdrive/d/Users/Alex/Desktop/Toolchain/Output/bin/../lib/gcc/i386-banana/8.1.0/libkgcc.a(_divdi3.o)
                              fs/fat/ff.32 (__divdi3)
/cygdrive/d/Users/Alex/Desktop/Toolchain/Output/bin/../lib/gcc/i386-banana/8.1.0/libkgcc.a(_moddi3.o)
                              compat/resolve.32 (__moddi3)
/cygdrive/d/Users/Alex/Desktop/Toolchain/Output/bin/../lib/gcc/i386-banana/8.1.0/libkgcc.a(_udivdi3.o)
                              fs/fat/ff.32 (__udivdi3)
/cygdrive/d/Users/Alex/Desktop/Toolchain/Output/bin/../lib/gcc/i386-banana/8.1.0/libkgcc.a(_umoddi3.o)
                              compat/resolve.32 (__umoddi3)

Discarded input sections

 .comment       0x0000000000000000       0x12 /cygdrive/d/Users/Alex/Desktop/Toolchain/Output/bin/../lib/gcc/i386-banana/8.1.0/crtbegin.o
 .comment       0x0000000000000000       0x12 acpica/utclib.32
 .comment       0x0000000000000000       0x12 core/malloc.32
 .comment       0x0000000000000000       0x12 libk/string.32
 .comment       0x0000000000000000       0x12 fs/fat/diskio.32
 .comment       0x0000000000000000       0x12 fs/fat/ff.32
 .comment       0x0000000000000000       0x12 fs/fat/ffsystem.32
 .comment       0x0000000000000000       0x12 fs/fat/ffunicode.32
 .comment       0x0000000000000000       0x12 compat/inlines.32
 .comment       0x0000000000000000       0x12 compat/resolve.32
 .group         0x0000000000000000       0x14 core/computer.32
 .group         0x0000000000000000        0xc core/computer.32
 .comment       0x0000000000000000       0x12 core/computer.32
 .comment       0x0000000000000000       0x12 core/gdt.32
 .group         0x0000000000000000        0xc core/idle.32
 .comment       0x0000000000000000       0x12 core/idle.32
 .comment       0x0000000000000000       0x12 core/idt.32
 .comment       0x0000000000000000       0x12 core/kheap.32
 .comment       0x0000000000000000       0x12 core/main.32
 .comment       0x0000000000000000       0x12 core/physmgr.32
 .group         0x0000000000000000        0xc core/pipe.32
 .comment       0x0000000000000000       0x12 core/pipe.32
 .group         0x0000000000000000        0xc core/terminal.32
 .comment       0x0000000000000000       0x12 core/terminal.32
 .comment       0x0000000000000000       0x12 core/tss.32
 .group         0x0000000000000000        0x8 core/unixfile.32
 .group         0x0000000000000000        0x8 core/unixfile.32
 .group         0x0000000000000000        0xc core/unixfile.32
 .group         0x0000000000000000        0x8 core/unixfile.32
 .group         0x0000000000000000        0xc core/unixfile.32
 .group         0x0000000000000000        0x8 core/unixfile.32
 .group         0x0000000000000000        0xc core/unixfile.32
 .group         0x0000000000000000        0xc core/unixfile.32
 .comment       0x0000000000000000       0x12 core/unixfile.32
 .comment       0x0000000000000000       0x12 core/virtmgr.32
 .comment       0x0000000000000000       0x12 coreobjs/c++.32
 .comment       0x0000000000000000       0x12 dbg/kconsole.32
 .group         0x0000000000000000        0xc fs/vfs.32
 .group         0x0000000000000000        0xc fs/vfs.32
 .group         0x0000000000000000        0xc fs/vfs.32
 .comment       0x0000000000000000       0x12 fs/vfs.32
 .group         0x0000000000000000        0xc hal/bus.32
 .comment       0x0000000000000000       0x12 hal/bus.32
 .comment       0x0000000000000000       0x12 hal/buzzer.32
 .group         0x0000000000000000        0xc hal/clock.32
 .comment       0x0000000000000000       0x12 hal/clock.32
 .group         0x0000000000000000       0x14 hal/device.32
 .group         0x0000000000000000        0xc hal/device.32
 .group         0x0000000000000000        0x8 hal/device.32
 .group         0x0000000000000000        0xc hal/device.32
 .group         0x0000000000000000        0xc hal/device.32
 .comment       0x0000000000000000       0x12 hal/device.32
 .group         0x0000000000000000        0xc hal/diskctrl.32
 .comment       0x0000000000000000       0x12 hal/diskctrl.32
 .group         0x0000000000000000        0xc hal/diskphys.32
 .comment       0x0000000000000000       0x12 hal/diskphys.32
 .comment       0x0000000000000000       0x12 hal/fpu.32
 .group         0x0000000000000000        0xc hal/intctrl.32
 .comment       0x0000000000000000       0x12 hal/intctrl.32
 .group         0x0000000000000000        0xc hal/keybrd.32
 .comment       0x0000000000000000       0x12 hal/keybrd.32
 .group         0x0000000000000000        0xc hal/logidisk.32
 .comment       0x0000000000000000       0x12 hal/logidisk.32
 .group         0x0000000000000000        0xc hal/mouse.32
 .comment       0x0000000000000000       0x12 hal/mouse.32
 .comment       0x0000000000000000       0x12 hal/partition.32
 .group         0x0000000000000000        0xc hal/serial.32
 .comment       0x0000000000000000       0x12 hal/serial.32
 .group         0x0000000000000000        0x8 hal/timer.32
[...]
Memory Configuration

Name             Origin             Length             Attributes
*default*        0x0000000000000000 0xffffffffffffffff

Linker script and memory map

LOAD D:/Users/Alex/Desktop/Banana/kernel/boot.32
LOAD crti.32
LOAD /cygdrive/d/Users/Alex/Desktop/Toolchain/Output/bin/../lib/gcc/i386-banana/8.1.0/crtbegin.o
LOAD D:/Users/Alex/Desktop/Banana/kernel/morenasm.32
LOAD acpica/utclib.32
LOAD core/malloc.32
LOAD libk/string.32
LOAD fs/fat/diskio.32
LOAD fs/fat/ff.32
LOAD fs/fat/ffsystem.32
LOAD fs/fat/ffunicode.32
LOAD compat/inlines.32
LOAD compat/resolve.32
LOAD core/computer.32
LOAD core/gdt.32
LOAD core/idle.32
LOAD core/idt.32
LOAD core/kheap.32
LOAD core/main.32
LOAD core/physmgr.32
LOAD core/pipe.32
LOAD core/terminal.32
LOAD core/tss.32
LOAD core/unixfile.32
LOAD core/virtmgr.32
LOAD coreobjs/c++.32
LOAD dbg/kconsole.32
LOAD fs/vfs.32
LOAD hal/bus.32
LOAD hal/buzzer.32
LOAD hal/clock.32
LOAD hal/device.32
LOAD hal/diskctrl.32
LOAD hal/diskphys.32
LOAD hal/fpu.32
LOAD hal/intctrl.32
LOAD hal/keybrd.32
LOAD hal/logidisk.32
LOAD hal/mouse.32
LOAD hal/partition.32
LOAD hal/serial.32
LOAD hal/timer.32
LOAD hal/vcache.32
LOAD hal/video.32
LOAD hw/acpi.32
LOAD hw/cpu.32
LOAD hw/smp.32
LOAD krnl/env.32
LOAD krnl/panic.32
LOAD krnl/powctrl.32
LOAD reg/registry.32
LOAD sys/sc_eject.32
LOAD sys/sc_exit.32
LOAD sys/sc_getcwd.32
LOAD sys/sc_getpid.32
LOAD sys/sc_getramdata.32
LOAD sys/sc_getvgaptr.32
LOAD sys/sc_loaddll.32
LOAD sys/sc_read.32
LOAD sys/sc_sbrk.32
LOAD sys/sc_setcwd.32
LOAD sys/sc_settime.32
LOAD sys/sc_timezone.32
LOAD sys/sc_write.32
LOAD sys/sc_wsbe.32
LOAD sys/sc_yield.32
LOAD sys/syscalls.32
LOAD thr/elf.32
LOAD thr/prcssthr.32
LOAD vm86/vm8086.32
LOAD vm86/x87em.32
LOAD arch/i386/hal.32
LOAD arch/i386/pic.32
LOAD fs/fat/vfslink.32
LOAD fs/iso9660/vfslink.32
LOAD hal/sound/sndcard.32
LOAD hal/sound/sndport.32
LOAD hw/bus/isa.32
LOAD hw/bus/pci.32
LOAD hw/diskctrl/ide.32
LOAD hw/diskctrl/satabus.32
LOAD hw/diskphys/ata.32
LOAD hw/diskphys/atapi.32
LOAD hw/diskphys/sata.32
LOAD hw/diskphys/satapi.32
LOAD hw/intctrl/apic.32
LOAD hw/intctrl/pic.32
LOAD hw/timer/apictimer.32
LOAD hw/timer/pit.32
LOAD arch/i386/avx.32
LOAD arch/i386/rdrand.32
LOAD arch/i386/sse.32
LOAD arch/i386/x87.32
LOAD /cygdrive/d/Users/Alex/Desktop/Toolchain/Output/bin/../lib/gcc/i386-banana/8.1.0/crtend.o
LOAD crtn.32
LOAD /cygdrive/d/Users/Alex/Desktop/Toolchain/Output/bin/../lib/gcc/i386-banana/8.1.0/libkgcc.a
LOAD D:/Users/Alex/Desktop/Banana/kernel/libsoftfp.a
LOAD D:/Users/Alex/Desktop/Banana/kernel/libk/libm32.a
                0x00000000c0000000                . = 0xc0000000

.text           0x00000000c0000000    0x2293a
 *(.text)
 .text          0x00000000c0000000       0x41 D:/Users/Alex/Desktop/Banana/kernel/boot.32
                0x00000000c0000020                callGlobalConstructors
 .text          0x00000000c0000041        0x0 crti.32
 *fill*         0x00000000c0000041        0x3 
 .text          0x00000000c0000044      0x101 /cygdrive/d/Users/Alex/Desktop/Toolchain/Output/bin/../lib/gcc/i386-banana/8.1.0/crtbegin.o
 *fill*         0x00000000c0000145        0xb 
 .text          0x00000000c0000150      0x428 D:/Users/Alex/Desktop/Banana/kernel/morenasm.32
                0x00000000c0000150                manualPCIProbe
                0x00000000c000019b                prepareTramp
                0x00000000c00001b4                doTPAUSE
                0x00000000c00001be                hasLegacyFPU
                0x00000000c00001e3                is486
                0x00000000c0000219                detectCPUID
                0x00000000c000022f                goToVM86
                0x00000000c000025f                goToUsermode
                0x00000000c0000289                switchToThreadASMFirstTime
                0x00000000c0000297                switchToThreadASM
                0x00000000c000031f                asmQuickAcquireLock
                0x00000000c000033d                asmQuickReleaseLock
                0x00000000c0000349                asmAcquireLock
                0x00000000c000036a                asmReleaseLock
                0x00000000c000037d                loadGDT
                0x00000000c000039d                isr0
                0x00000000c00003ad                isr1
                0x00000000c00003b7                isr2
                0x00000000c00003c1                isr3
                0x00000000c00003cb                isr4
                0x00000000c00003d5                isr5
                0x00000000c00003df                isr6
                0x00000000c00003e9                isr7
                0x00000000c00003f3                isr8
                0x00000000c00003fb                isr9
                0x00000000c0000405                isr10
                0x00000000c000040d                isr11
                0x00000000c0000415                isr12
                0x00000000c000041d                isr13
                0x00000000c0000425                isr14
                0x00000000c000042d                isr15
                0x00000000c0000437                isr16
                0x00000000c0000441                isr17
                0x00000000c000044b                isr18
                0x00000000c0000455                irq3
                0x00000000c000045f                irq4
                0x00000000c0000469                irq5
                0x00000000c0000473                irq6
                0x00000000c000047d                irq7
                0x00000000c0000487                irq8
                0x00000000c0000491                irq9
                0x00000000c000049b                irq10
                0x00000000c00004a5                irq11
                0x00000000c00004af                irq12
                0x00000000c00004b9                irq13
                0x00000000c00004c3                irq14
                0x00000000c00004cd                irq15
                0x00000000c00004d7                irq1
                0x00000000c00004de                irq2
                0x00000000c00004e5                isr96
                0x00000000c00004ec                irq0
                0x00000000c00004f1                int_common_stub
                0x00000000c00004f1                syscall_common_stub
                0x00000000c0000523                irq16
                0x00000000c000052d                irq17
                0x00000000c0000537                irq18
                0x00000000c0000541                irq19
                0x00000000c000054b                irq20
                0x00000000c0000555                irq21
                0x00000000c000055f                irq22
                0x00000000c0000569                irq23
                0x00000000c0000573                memcpy
 .text          0x00000000c0000578      0x5dd acpica/utclib.32
                0x00000000c0000578                memcmp
                0x00000000c00005b4                memmove
                0x00000000c000067c                memset
                0x00000000c0000698                strlen
                0x00000000c00006b0                strpbrk
                0x00000000c00006ec                strtok
                0x00000000c0000738                strcpy
                0x00000000c000075c                strncpy
                0x00000000c00007c4                strcmp
                0x00000000c0000804                strchr
                0x00000000c0000828                strncmp
                0x00000000c0000878                strcat
                0x00000000c00008a8                strncat
                0x00000000c00008e4                strstr
                0x00000000c000092c                toupper
                0x00000000c0000940                tolower
                0x00000000c0000954                simple_strtoul
 .text          0x00000000c0000b55      0xfad core/malloc.32
                0x00000000c0000cc0                dlfree
                0x00000000c000101b                dlmalloc
                0x00000000c0001558                dlrealloc
                0x00000000c00016fb                dlmemalign
                0x00000000c000181e                dlcalloc
                0x00000000c00018b8                dlcfree
                0x00000000c00018bd                dlindependent_calloc
                0x00000000c00018e2                dlindependent_comalloc
                0x00000000c00018f9                dlvalloc
                0x00000000c0001924                dlpvalloc
                0x00000000c000195a                dlmalloc_trim
                0x00000000c0001967                dlmalloc_usable_size
                0x00000000c0001998                dlmallinfo
                0x00000000c0001a67                dlmalloc_stats
                0x00000000c0001a78                dlmallopt
 .text          0x00000000c0001b02        0x0 libk/string.32
 .text          0x00000000c0001b02       0x51 fs/fat/diskio.32
                0x00000000c0001b02                disk_status
                0x00000000c0001b05                disk_initialize
                0x00000000c0001b08                disk_read
                0x00000000c0001b1e                disk_write
                0x00000000c0001b34                disk_ioctl
 .text          0x00000000c0001b53     0x6a69 fs/fat/ff.32
                0x00000000c0004e21                f_mount
                0x00000000c0004e83                f_open
                0x00000000c00052bf                f_read
                0x00000000c000553f                f_write
                0x00000000c00057f9                f_sync
                0x00000000c00059d5                f_close
                0x00000000c0005a04                f_lseek
                0x00000000c0005ebb                f_opendir
                0x00000000c0005fbd                f_closedir
                0x00000000c0005fdf                f_readdir
                0x00000000c000607a                f_stat
                0x00000000c0006109                f_getfree
                0x00000000c00062d4                f_truncate
                0x00000000c00063cc                f_unlink
                0x00000000c000654f                f_mkdir
                0x00000000c000677b                f_rename
                0x00000000c0006a6e                f_chmod
                0x00000000c0006b4c                f_utime
                0x00000000c0006c2a                f_getlabel
                0x00000000c0006e18                f_setlabel
                0x00000000c0007085                f_expand
                0x00000000c00072bb                f_forward
                0x00000000c0007499                f_mkfs
 .text          0x00000000c00085bc       0x2f fs/fat/ffsystem.32
                0x00000000c00085bc                ff_memalloc
                0x00000000c00085d4                ff_memfree
 *fill*         0x00000000c00085eb        0x1 
 .text          0x00000000c00085ec      0x274 fs/fat/ffunicode.32
                0x00000000c00085ec                ff_uni2oem
                0x00000000c0008684                ff_oem2uni
                0x00000000c00086f8                ff_wtoupper
 .text          0x00000000c0008860       0xa7 compat/inlines.32
                0x00000000c0008860                CPU::current()
                0x00000000c000886c                operator new(unsigned long)
                0x00000000c0008871                operator delete(void*)
                0x00000000c0008876                disableIRQs()
                0x00000000c000887e                enableIRQs()
                0x00000000c000888d                lockScheduler()
                0x00000000c0008895                unlockScheduler()
                0x00000000c00088a4                lockStuff()
                0x00000000c00088b2                unlockStuff()
                0x00000000c00088ec                Virt::getAKernelVAS()
                0x00000000c00088f2                __not_memcpy
 *fill*         0x00000000c0008907        0x1 
 .text          0x00000000c0008908      0x118 compat/resolve.32
                0x00000000c0008908                Krnl::resolveCompatibilitySymbol(char*)
 .text          0x00000000c0008a20      0xacf core/computer.32
                0x00000000c0008a20                Computer::close(int, int, void*)
                0x00000000c0008a64                Krnl::firstTask()
                0x00000000c0008bb8                Computer::Computer()
                0x00000000c0008bb8                Computer::Computer()
                0x00000000c0008d14                Computer::setBootMessage(char const*)
                0x00000000c0008d16                Computer::detectFeatures()
                0x00000000c0008f20                Computer::displayFeatures()
                0x00000000c0009266                Computer::rdmsr(unsigned int)
                0x00000000c0009292                Computer::wrmsr(unsigned int, unsigned long long)
                0x00000000c00092ca                Computer::shutdown()
                0x00000000c00092e2                Computer::restart()
                0x00000000c00092fa                Computer::sleep()
                0x00000000c000930e                Computer::nmiEnabled()
                0x00000000c000931a                Computer::readCMOS(unsigned char)
                0x00000000c0009334                Computer::enableNMI(bool)
                0x00000000c000934c                Computer::open(int, int, void*)
                0x00000000c0009432                Computer::disableNMI()
                0x00000000c0009440                Computer::writeCMOS(unsigned char, unsigned char)
                0x00000000c000945e                Computer::handleNMI()
                0x00000000c00094c4                Computer::setDiskActivityLight(int, bool)
 *fill*         0x00000000c00094ef        0x1 
 .text          0x00000000c00094f0      0x211 core/gdt.32
                0x00000000c00094f0                GDTEntry::setBase(unsigned int)
                0x00000000c000950c                GDTEntry::setLimit(unsigned int)
                0x00000000c000952a                GDT::GDT()
                0x00000000c000952a                GDT::GDT()
                0x00000000c0009540                GDT::addEntry(GDTEntry)
                0x00000000c0009562                GDT::getNumberOfEntries()
                0x00000000c000956a                GDT::flush()
                0x00000000c000958c                GDT::setup()
 .text          0x00000000c0009701       0x19 core/idle.32
                0x00000000c0009701                idleFunction(void*)
 *fill*         0x00000000c000971a        0x2 
 .text          0x00000000c000971c      0x464 core/idt.32
                0x00000000c000971c                IDTEntry::IDTEntry(bool)
                0x00000000c000971c                IDTEntry::IDTEntry(bool)
                0x00000000c000978e                IDTEntry::setOffset(unsigned int)
                0x00000000c00097a4                IDT::IDT()
                0x00000000c00097a4                IDT::IDT()
                0x00000000c00097a6                IDT::getPointerToInvalidOpcodeEntryForF00F()
                0x00000000c00097ae                IDT::addEntry(IDTEntry, int)
                0x00000000c00097c8                IDT::addEntry(int, void (*)(), bool)
                0x00000000c0009800                IDT::flush()
                0x00000000c000981a                IDT::setup()
 .text          0x00000000c0009b80      0x191 core/kheap.32
                0x00000000c0009b80                sbrk
                0x00000000c0009c23                mmap
                0x00000000c0009c39                munmap
                0x00000000c0009c4f                liballoc_lock()
                0x00000000c0009c5c                liballoc_unlock()
                0x00000000c0009c70                liballoc_alloc(int)
                0x00000000c0009c88                liballoc_free(void*, int)
                0x00000000c0009ca3                realloc
                0x00000000c0009cb7                malloc
                0x00000000c0009cc7                free
                0x00000000c0009cd7                rfree
                0x00000000c0009ce7                calloc
 .text          0x00000000c0009d11      0x437 core/main.32
                0x00000000c0009d11                Krnl::setBootMessage(char const*)
                0x00000000c0009d7d                kernel_main
 .text          0x00000000c000a148      0x668 core/physmgr.32
                0x00000000c000a148                Phys::allocateDMA(unsigned long)
                0x00000000c000a257                Phys::freeDMA(unsigned long, unsigned long)
                0x00000000c000a29d                Phys::setPageState(unsigned long, bool)
                0x00000000c000a2cf                Phys::getPageState(unsigned long)
                0x00000000c000a2eb                Phys::freePage(unsigned long)
                0x00000000c000a36e                Phys::allocatePage()
                0x00000000c000a459                Phys::allocateContiguousPages(int)
                0x00000000c000a4b5                Phys::allowSegmentToBeUsed(unsigned long, unsigned long)
                0x00000000c000a4ed                Phys::physicalMemorySetup(unsigned int)
 .text          0x00000000c000a7b0      0x273 core/pipe.32
                0x00000000c000a7b0                Pipe::isAtty()
                0x00000000c000a7b4                Pipe::~Pipe()
                0x00000000c000a7b4                Pipe::~Pipe()
                0x00000000c000a7d8                Pipe::~Pipe()
                0x00000000c000a800                Pipe::write(unsigned long long, void*, int*)
                0x00000000c000a8c0                Pipe::read(unsigned long long, void*, int*)
                0x00000000c000a9bc                Pipe::Pipe(int)
                0x00000000c000a9bc                Pipe::Pipe(int)
 *fill*         0x00000000c000aa23        0x1 
 .text          0x00000000c000aa24      0xb85 core/terminal.32
                0x00000000c000aa24                VgaText::isAtty()
                0x00000000c000aa28                VgaText::~VgaText()
                0x00000000c000aa28                VgaText::~VgaText()
                0x00000000c000aa4c                VgaText::~VgaText()
                0x00000000c000aa76                VgaText::read(unsigned long long, void*, int*)
                0x00000000c000aa96                setTerminalScrollLock(bool)
                0x00000000c000aa97                addToTerminalCycle(VgaText*)
                0x00000000c000aab8                installVgaTextImplementation()
                0x00000000c000aacd                scrollTerminalScrollLock(int)
                0x00000000c000aace                VgaText::updateTitle()
                0x00000000c000ab0c                VgaText::load()
                0x00000000c000ab5a                VgaText::updateCursor()
                0x00000000c000ab70                VgaText::doANSI_SGR(int)
                0x00000000c000abe4                VgaText::setDefaultBgColour(VgaColour)
                0x00000000c000abf4                VgaText::setDefaultFgColour(VgaColour)
                0x00000000c000ac04                VgaText::setDefaultColours(VgaColour, VgaColour)
                0x00000000c000ac24                VgaText::setTitleTextColour(VgaColour)
                0x00000000c000ac34                VgaText::setTitleColour(VgaColour)
                0x00000000c000ac44                VgaText::setTitle(char*)
                0x00000000c000ac6a                VgaText::combineColours(unsigned char, unsigned char)
                0x00000000c000ac7c                VgaText::scrollScreen()
                0x00000000c000ad10                VgaText::combineCharAndColour(char, unsigned char)
                0x00000000c000ad22                VgaText::writeCharacter(char, VgaColour, VgaColour, int, int)
                0x00000000c000ad7e                VgaText::getCursorX()
                0x00000000c000ad86                VgaText::getCursorY()
                0x00000000c000ad8e                VgaText::setCursor(int, int)
                0x00000000c000ada5                setActiveTerminal(VgaText*)
                0x00000000c000ae07                doTerminalCycle()
                0x00000000c000ae22                VgaText::setCursorX(int)
                0x00000000c000ae3a                VgaText::setCursorY(int)
                0x00000000c000ae52                VgaText::incrementCursor(bool)
                0x00000000c000aea6                VgaText::decrementCursor(bool)
                0x00000000c000aec8                VgaText::putchar(char, VgaColour, VgaColour)
                0x00000000c000af96                VgaText::doUpdate()
                0x00000000c000afa4                VgaText::puts(char const*, VgaColour, VgaColour)
                0x00000000c000b11c                VgaText::clearScreen()
                0x00000000c000b176                VgaText::putchar(char)
                0x00000000c000b262                VgaText::putx(unsigned int)
                0x00000000c000b2a8                VgaText::puts(char const*)
                0x00000000c000b2ce                VgaText::VgaText(char const*)
                0x00000000c000b2ce                VgaText::VgaText(char const*)
                0x00000000c000b44a                VgaText::receiveKey(unsigned char)
                0x00000000c000b530                VgaText::write(unsigned long long, void*, int*)
                0x00000000c000b584                newTerminal(char*)
 *fill*         0x00000000c000b5a9        0x3 
 .text          0x00000000c000b5ac      0x1a1 core/tss.32
                0x00000000c000b5ac                TSS::TSS()
                0x00000000c000b5ac                TSS::TSS()
                0x00000000c000b5bc                TSS::setESP(unsigned long)
                0x00000000c000b5d0                TSS::flush()
                0x00000000c000b5f0                TSS::setup(unsigned long, unsigned long)
 *fill*         0x00000000c000b74d        0x1 
 .text          0x00000000c000b74e      0x4c2 core/unixfile.32
                0x00000000c000b74e                ReservedFilename::read(unsigned long long, void*, int*)
                0x00000000c000b7a4                ReservedFilename::isAtty()
                0x00000000c000b7c0                ReservedFilename::write(unsigned long long, void*, int*)
                0x00000000c000b81e                UnixFile::getFileDescriptor()
                0x00000000c000b826                UnixFile::UnixFile(int)
                0x00000000c000b826                UnixFile::UnixFile(int)
                0x00000000c000b9d6                ReservedFilename::ReservedFilename(int)
                0x00000000c000b9d6                ReservedFilename::ReservedFilename(int)
                0x00000000c000ba08                UnixFile::~UnixFile()
                0x00000000c000ba08                UnixFile::~UnixFile()
                0x00000000c000baa0                UnixFile::~UnixFile()
                0x00000000c000bac8                ReservedFilename::~ReservedFilename()
                0x00000000c000bac8                ReservedFilename::~ReservedFilename()
                0x00000000c000baec                ReservedFilename::~ReservedFilename()
                0x00000000c000bb13                getFromFileDescriptor(int)
 .text          0x00000000c000bc10     0x124e core/virtmgr.32
                0x00000000c000bc10                Virt::setPageState(unsigned long, Virt::VirtPageState)
                0x00000000c000bc45                Virt::getPageState(unsigned long)
                0x00000000c000bc69                Virt::allocateKernelVirtualPages(int)
                0x00000000c000bd7a                Virt::freeSwapfilePage(unsigned long)
                0x00000000c000bd98                Virt::swapIDToSector(unsigned long)
                0x00000000c000bdaa                Virt::allocateSwapfilePage()
                0x00000000c000be28                Virt::virtualMemorySetup()
                0x00000000c000be73                Virt::setupPageSwapping(int)
                0x00000000c000bee4                VAS::VAS(VAS*)
                0x00000000c000bee4                VAS::VAS(VAS*)
                0x00000000c000bf12                VAS::getForeignPageTableEntry(bool, unsigned long)
                0x00000000c000bf3e                VAS::getPageTableEntry(unsigned long)
                0x00000000c000bf5d                Virt::freeKernelVirtualPages(unsigned long)
                0x00000000c000c080                VAS::freeAllocatedPages(unsigned long)
                0x00000000c000c0a4                VAS::virtualToPhysical(unsigned long)
                0x00000000c000c0bc                VAS::reflagRange(unsigned long, int, int, int)
                0x00000000c000c0fc                VAS::setToWriteCombining(unsigned long, int)
                0x00000000c000c12e                VAS::mapOtherVASIn(bool, VAS*)
                0x00000000c000c158                VAS::~VAS()
                0x00000000c000c158                VAS::~VAS()
                0x00000000c000c2d4                VAS::mapPage(unsigned long, unsigned long, int)
                0x00000000c000c3d8                VAS::allocatePages(int, int)
                0x00000000c000c5b0                VAS::setCPUSpecific(unsigned long)
                0x00000000c000c5cc                VAS::mapRange(unsigned long, unsigned long, int, int)
                0x00000000c000c692                VAS::mapForeignPage(bool, VAS*, unsigned long, unsigned long, int)
                0x00000000c000c780                VAS::VAS(bool)
                0x00000000c000c780                VAS::VAS(bool)
                0x00000000c000ca00                VAS::VAS()
                0x00000000c000ca00                VAS::VAS()
                0x00000000c000ca70                VAS::evict(unsigned long)
                0x00000000c000cb40                VAS::tryLoadBackOffDisk(unsigned long)
                0x00000000c000cc54                VAS::scanForEviction()
                0x00000000c000cd32                mapVASFirstTime
 .text          0x00000000c000ce5e       0x95 coreobjs/c++.32
                0x00000000c000ce5e                __cxa_atexit
                0x00000000c000ce61                __cxa_finalize
                0x00000000c000ce62                __stack_chk_fail
                0x00000000c000cece                __cxa_pure_virtual
                0x00000000c000cedf                operator new[](unsigned long)
                0x00000000c000cee4                operator delete(void*, unsigned long)
                0x00000000c000cee9                operator delete[](void*)
                0x00000000c000ceee                operator delete[](void*, unsigned long)
 .text          0x00000000c000cef3      0x1fc dbg/kconsole.32
                0x00000000c000cef3                Dbg::stringifyxWithBase(unsigned int, char*, int)
                0x00000000c000cf4c                Dbg::logc(char)
                0x00000000c000cf6c                Dbg::logs(char*)
                0x00000000c000cf89                Dbg::logWriteInt(unsigned int)
                0x00000000c000cfa6                Dbg::logWriteIntBase(unsigned int, int)
                0x00000000c000cfc5                Dbg::kprintf(char const*, ...)
 *fill*         0x00000000c000d0ef        0x1 
 .text          0x00000000c000d0f0      0xcac fs/vfs.32
                0x00000000c000d0f0                File::read(unsigned long long, void*, int*)
                0x00000000c000d148                File::write(unsigned long long, void*, int*)
                0x00000000c000d1a0                Directory::read(unsigned long long, void*, int*)
                0x00000000c000d1f8                Directory::write(unsigned long long, void*, int*)
                0x00000000c000d226                File::isAtty()
                0x00000000c000d22a                Directory::isAtty()
                0x00000000c000d22e                Filesystem::getlabel(LogicalDisk*, int, char*, unsigned int*)
                0x00000000c000d234                Filesystem::setlabel(LogicalDisk*, int, char*)
                0x00000000c000d23a                Filesystem::allocateSwapfile(char const*, int)
                0x00000000c000d240                File::~File()
                0x00000000c000d240                File::~File()
                0x00000000c000d264                File::~File()
                0x00000000c000d28e                Directory::~Directory()
                0x00000000c000d28e                Directory::~Directory()
                0x00000000c000d2b2                Directory::~Directory()
                0x00000000c000d2dc                Filesystem::Filesystem()
                0x00000000c000d2dc                Filesystem::Filesystem()
                0x00000000c000d300                Filesystem::~Filesystem()
                0x00000000c000d300                Filesystem::~Filesystem()
                0x00000000c000d30e                Filesystem::~Filesystem()
                0x00000000c000d332                Fs::getcwd(Process*, char*, int)
                0x00000000c000d35c                Fs::initVFS()
                0x00000000c000d386                Fs::standardiseFiles(char*, char const*, char const*)
                0x00000000c000d530                File::File(char const*, Process*)
                0x00000000c000d530                File::File(char const*, Process*)
                0x00000000c000d60a                File::open(FileOpenMode)
                0x00000000c000d668                File::close()
                0x00000000c000d6c8                File::seek(unsigned long long)
                0x00000000c000d71e                File::tell(unsigned long long*)
                0x00000000c000d76e                File::rewind()
                0x00000000c000d782                File::unlink()
                0x00000000c000d7ce                File::rename(char const*)
                0x00000000c000d81c                File::chfatattr(unsigned char, unsigned char)
                0x00000000c000d878                File::exists()
                0x00000000c000d8b6                File::stat(unsigned long long*, bool*)
                0x00000000c000d917                Fs::setcwd(Process*, char*)
                0x00000000c000da90                Directory::Directory(char const*, Process*)
                0x00000000c000da90                Directory::Directory(char const*, Process*)
                0x00000000c000db6a                Directory::open()
                0x00000000c000dbc6                Directory::close()
                0x00000000c000dc26                Directory::unlink()
                0x00000000c000dc72                Directory::rename(char const*)
                0x00000000c000dcc0                Directory::exists()
                0x00000000c000dcfe                Directory::read(dirent*)
                0x00000000c000dd4a                Directory::create()
                0x00000000c000dd96                Filesystem::chfatattr(char const*, unsigned char, unsigned char)
 .text          0x00000000c000dd9c       0x86 hal/bus.32
                0x00000000c000dd9c                Bus::Bus(char const*)
                0x00000000c000dd9c                Bus::Bus(char const*)
                0x00000000c000ddd4                Bus::~Bus()
                0x00000000c000ddd4                Bus::~Bus()
                0x00000000c000ddf8                Bus::~Bus()
 .text          0x00000000c000de22       0x96 hal/buzzer.32
                0x00000000c000de22                beepThread(void*)
                0x00000000c000de5f                Krnl::beep(int, int, bool)
 .text          0x00000000c000deb8      0x467 hal/clock.32
                0x00000000c000deb8                User::loadClockSettings(int)
                0x00000000c000df0a                Clock::Clock(char const*)
                0x00000000c000df0a                Clock::Clock(char const*)
                0x00000000c000df40                Clock::~Clock()
                0x00000000c000df40                Clock::~Clock()
                0x00000000c000df64                Clock::~Clock()
                0x00000000c000df8e                Clock::timeInSecondsLocal()
                0x00000000c000dfd6                Clock::setTimeInSecondsLocal(unsigned long long)
                0x00000000c000e02f                datetimeToSeconds(datetime_t)
                0x00000000c000e156                Clock::setTimeInDatetimeLocal(datetime_t)
                0x00000000c000e1b6                secondsToDatetime(unsigned long long)
                0x00000000c000e2fa                Clock::timeInDatetimeLocal()
 *fill*         0x00000000c000e31f        0x1 
 .text          0x00000000c000e320      0x504 hal/device.32
                0x00000000c000e320                Device::hibernate()
                0x00000000c000e322                Device::wake()
                0x00000000c000e324                Device::detect()
                0x00000000c000e326                Device::disableLegacy()
                0x00000000c000e328                Device::powerSaving(PowerSavingLevel)
                0x00000000c000e32a                DriverlessDevice::close(int, int, void*)
                0x00000000c000e32e                DriverlessDevice::detect()
                0x00000000c000e330                DriverlessDevice::open(int, int, void*)
                0x00000000c000e344                Device::~Device()
                0x00000000c000e344                Device::~Device()
                0x00000000c000e352                Device::~Device()
                0x00000000c000e37a                Device::findAndLoadDriver()
                0x00000000c000e388                Device::preOpenPCI(PCIDeviceInfo)
                0x00000000c000e3ae                Device::preOpenACPI(void*, char*, char*)
                0x00000000c000e3ee                Device::addIRQHandler(int, void (*)(regs*, void*), bool, void*)
                0x00000000c000e42c                Device::getParent()
                0x00000000c000e438                Device::removeIRQHandler(int, void (*)(regs*, void*), bool)
                0x00000000c000e476                Device::addChild(Device*)
                0x00000000c000e4ba                Device::removeAllChildren()
                0x00000000c000e500                Device::hibernateAll()
                0x00000000c000e530                Device::wakeAll()
                0x00000000c000e560                Device::detectAll()
                0x00000000c000e590                Device::disableLegacyAll()
                0x00000000c000e5c0                Device::loadDriversForAll()
                0x00000000c000e600                Device::closeAll()
                0x00000000c000e636                Device::powerSavingAll(PowerSavingLevel)
                0x00000000c000e66c                Device::setName(char const*)
                0x00000000c000e67a                Device::Device(char const*)
                0x00000000c000e67a                Device::Device(char const*)
                0x00000000c000e776                Device::getName()
                0x00000000c000e780                DriverlessDevice::DriverlessDevice(char const*)
                0x00000000c000e780                DriverlessDevice::DriverlessDevice(char const*)
                0x00000000c000e7b6                Device::addToLinkedList(LinkedList<Device>&, DeviceType)
                0x00000000c000e7fa                getDevicesOfType(DeviceType)
 .text          0x00000000c000e824       0x86 hal/diskctrl.32
                0x00000000c000e824                HardDiskController::HardDiskController(char const*)
                0x00000000c000e824                HardDiskController::HardDiskController(char const*)
                0x00000000c000e85c                HardDiskController::~HardDiskController()
                0x00000000c000e85c                HardDiskController::~HardDiskController()
                0x00000000c000e880                HardDiskController::~HardDiskController()
 .text          0x00000000c000e8aa       0xe2 hal/diskphys.32
                0x00000000c000e8aa                PhysicalDisk::eject()
                0x00000000c000e8ae                PhysicalDisk::PhysicalDisk(char const*, int)
                0x00000000c000e8ae                PhysicalDisk::PhysicalDisk(char const*, int)
                0x00000000c000e916                PhysicalDisk::startCache()
                0x00000000c000e93e                PhysicalDisk::~PhysicalDisk()
                0x00000000c000e93e                PhysicalDisk::~PhysicalDisk()
                0x00000000c000e962                PhysicalDisk::~PhysicalDisk()
 .text          0x00000000c000e98c        0x0 hal/fpu.32
 .text          0x00000000c000e98c      0x42e hal/intctrl.32
                0x00000000c000e98c                InterruptController::uninstallISRHandler(int, void (*)(regs*, void*))
                0x00000000c000e9c4                InterruptController::installISRHandler(int, void (*)(regs*, void*), void*)
                0x00000000c000ea16                InterruptController::installIRQHandler(int, void (*)(regs*, void*), bool, void*)
                0x00000000c000eab2                InterruptController::clearAllHandlers(int, bool)
                0x00000000c000eb5a                InterruptController::uninstallIRQHandler(int, void (*)(regs*, void*), bool)
                0x00000000c000ebe1                int_handler
                0x00000000c000ec7c                InterruptController::InterruptController(char const*)
                0x00000000c000ec7c                InterruptController::InterruptController(char const*)
                0x00000000c000ed22                InterruptController::~InterruptController()
                0x00000000c000ed22                InterruptController::~InterruptController()
                0x00000000c000ed46                InterruptController::~InterruptController()
                0x00000000c000ed70                InterruptController::convertLegacyIRQNumber(int)
 .text          0x00000000c000edba      0x778 hal/keybrd.32
                0x00000000c000edba                startGUI(void*)
                0x00000000c000ee26                startGUIVESA(void*)
                0x00000000c000ee92                sendKeyToTerminal(unsigned char)
                0x00000000c000ef50                sendKeyboardToken(KeyboardToken)
                0x00000000c000f382                clearInternalKeybuffer(VgaText*)
                0x00000000c000f3b7                readKeyboard(VgaText*, char*, unsigned long)
                0x00000000c000f4a8                Keyboard::Keyboard(char const*)
                0x00000000c000f4a8                Keyboard::Keyboard(char const*)
                0x00000000c000f4e4                Keyboard::~Keyboard()
                0x00000000c000f4e4                Keyboard::~Keyboard()
                0x00000000c000f508                Keyboard::~Keyboard()
 .text          0x00000000c000f532      0x42a hal/logidisk.32
                0x00000000c000f532                LogicalDisk::close(int, int, void*)
                0x00000000c000f536                LogicalDisk::~LogicalDisk()
                0x00000000c000f536                LogicalDisk::~LogicalDisk()
                0x00000000c000f55a                LogicalDisk::~LogicalDisk()
                0x00000000c000f584                LogicalDisk::open(int, int, void*)
                0x00000000c000f598                LogicalDisk::absoluteToRelative(unsigned long long)
                0x00000000c000f5d0                LogicalDisk::relativeToAbsolute(unsigned long long)
                0x00000000c000f616                LogicalDisk::LogicalDisk(char const*, PhysicalDisk*, unsigned long long, unsigned long long)
                0x00000000c000f616                LogicalDisk::LogicalDisk(char const*, PhysicalDisk*, unsigned long long, unsigned long long)
                0x00000000c000f6cc                LogicalDisk::assignDriveLetter()
                0x00000000c000f782                LogicalDisk::mount()
                0x00000000c000f80a                LogicalDisk::unmount()
                0x00000000c000f81a                LogicalDisk::eject()
                0x00000000c000f82e                LogicalDisk::unassignDriveLetter()
                0x00000000c000f884                LogicalDisk::read(unsigned long long, int, void*)
                0x00000000c000f8f0                LogicalDisk::write(unsigned long long, int, void*)
 .text          0x00000000c000f95c       0x86 hal/mouse.32
                0x00000000c000f95c                Mouse::Mouse(char const*)
                0x00000000c000f95c                Mouse::Mouse(char const*)
                0x00000000c000f994                Mouse::~Mouse()
                0x00000000c000f994                Mouse::~Mouse()
                0x00000000c000f9b8                Mouse::~Mouse()
 .text          0x00000000c000f9e2      0x339 hal/partition.32
                0x00000000c000f9e2                makePartition(PhysicalDisk*, unsigned long long, unsigned long long)
                0x00000000c000fa8a                createPartitionsForDisk(PhysicalDisk*)
 *fill*         0x00000000c000fd1b        0x1 
 .text          0x00000000c000fd1c       0x86 hal/serial.32
                0x00000000c000fd1c                Serial::Serial(char const*)
                0x00000000c000fd1c                Serial::Serial(char const*)
                0x00000000c000fd54                Serial::~Serial()
                0x00000000c000fd54                Serial::~Serial()
                0x00000000c000fd78                Serial::~Serial()
 *fill*         0x00000000c000fda2        0x2 
 .text          0x00000000c000fda4      0x2f2 hal/timer.32
                0x00000000c000fda4                Timer::Timer(char const*)
                0x00000000c000fda4                Timer::Timer(char const*)
                0x00000000c000fddc                Timer::~Timer()
                0x00000000c000fddc                Timer::~Timer()
                0x00000000c000fe00                Timer::~Timer()
                0x00000000c000fe2a                Timer::read()
                0x00000000c000fe35                timerHandler(unsigned int)
                0x00000000c000ff9c                setupTimer(int)
 *fill*         0x00000000c0010096        0x2 
 .text          0x00000000c0010098      0x43e hal/vcache.32
                0x00000000c0010098                VCache::VCache(PhysicalDisk*)
                0x00000000c0010098                VCache::VCache(PhysicalDisk*)
                0x00000000c0010200                VCache::invalidateReadBuffer()
                0x00000000c0010210                VCache::writeWriteBuffer()
                0x00000000c001025c                VCache::~VCache()
                0x00000000c001025c                VCache::~VCache()
                0x00000000c00102b0                VCache::~VCache()
                0x00000000c00102d8                VCache::write(unsigned long long, int, void*)
                0x00000000c00103d2                VCache::read(unsigned long long, int, void*)
 .text          0x00000000c00104d6      0x4b3 hal/video.32
                0x00000000c00104d6                Video::putrect(int, int, int, int, unsigned int)
                0x00000000c0010522                Video::bitblit(int, int, int, int, int, int, int, unsigned int*)
                0x00000000c0010592                Video::blit(unsigned int*, int, int, int, int)
                0x00000000c0010610                Video::clearScreen(unsigned int)
                0x00000000c0010644                Video::putpixel(int, int, unsigned int)
                0x00000000c0010652                Video::Video(char const*)
                0x00000000c0010652                Video::Video(char const*)
                0x00000000c0010688                Video::~Video()
                0x00000000c0010688                Video::~Video()
                0x00000000c00106ac                Video::~Video()
                0x00000000c00106d6                Video::isMonochrome()
                0x00000000c00106e2                Video::getWidth()
                0x00000000c00106ee                Video::getHeight()
                0x00000000c00106fa                Video::drawCursor(int, int, unsigned char*, int)
                0x00000000c00107b6                Video::tgaParse(unsigned char*, int, int*, int*)
                0x00000000c001091e                Video::putTGA(int, int, unsigned char*, int)
 *fill*         0x00000000c0010989        0x3 
 .text          0x00000000c001098c     0x1707 hw/acpi.32
                0x00000000c001098c                ACPI::close(int, int, void*)
                0x00000000c0010a40                findRSDP()
                0x00000000c0010b14                loadACPITables(unsigned char*)
                0x00000000c0010d78                findRSDT(unsigned char*)
                0x00000000c0010f38                findDataTable(unsigned char*, char*)
                0x00000000c0010fb0                scanMADT()
                0x00000000c001148c                ACPI::ACPI()
                0x00000000c001148c                ACPI::ACPI()
                0x00000000c00114f0                ACPI::getPCIIRQAssignment(unsigned char, unsigned short, unsigned char)
                0x00000000c00115d8                ACPI::registerPCIIRQAssignment(void*, unsigned short, unsigned char, unsigned char)
                0x00000000c00116a0                ACPI::setScreenBrightnessLevel(void*, int)
                0x00000000c00116a8                ACPI::detectPCI()
                0x00000000c0011b8c                ACPI::writeSimpleBootFlag(SimpleBootFlagTable*)
                0x00000000c0011bd4                ACPI::sleep()
                0x00000000c0011c10                ACPI::open(int, int, void*)
 *fill*         0x00000000c0012093        0x1 
 .text          0x00000000c0012094     0x185b hw/cpu.32
                0x00000000c0012094                CPU::close(int, int, void*)
                0x00000000c0012098                CPU::lookupAMDName(unsigned char, unsigned char)
                0x00000000c001222c                CPU::lookupIntelName(unsigned char, unsigned char)
                0x00000000c00124da                CPU::AMD_K6_write_msr(unsigned int, unsigned int, unsigned int, CPU::REGS*)
                0x00000000c00124f6                CPU::AMD_K6_read_msr(unsigned int, CPU::REGS*)
                0x00000000c001250e                CPU::AMD_K6_writeback(int, int, int)
                0x00000000c0012582                CPU::cpuid(int, unsigned long*, unsigned long*, unsigned long*, unsigned long*)
                0x00000000c0012606                CPU::cpuidCheckEDX(unsigned int)
                0x00000000c0012634                CPU::cpuidCheckECX(unsigned int)
                0x00000000c0012662                CPU::cpuidCheckExtendedEBX(unsigned int)
                0x00000000c0012690                CPU::cpuidCheckExtendedECX(unsigned int)
                0x00000000c00126be                CPU::CPU()
                0x00000000c00126be                CPU::CPU()
                0x00000000c001274c                CPU::displayFeatures()
                0x00000000c00129ec                CPU::detectFeatures()
                0x00000000c0013416                CPU::setupSMEP()
                0x00000000c0013422                CPU::setupUMIP()
                0x00000000c001342c                CPU::setupTSC()
                0x00000000c0013436                CPU::setupLargePages()
                0x00000000c0013440                CPU::setupPAT()
                0x00000000c001347c                CPU::setupMTRR()
                0x00000000c001347e                CPU::setupGlobalPages()
                0x00000000c0013488                CPU::allowUsermodeDataAccess()
                0x00000000c001349a                CPU::prohibitUsermodeDataAccess()
                0x00000000c00134ac                CPU::setupSMAP()
                0x00000000c00134ba                CPU::setupFeatures()
                0x00000000c0013586                CPU::open(int, int, void*)
                0x00000000c00136f4                CPU::decodeAddress(regs*, int*, bool*, unsigned char*)
 .text          0x00000000c00138ef      0x16a hw/smp.32
                0x00000000c00138ef                Krnl::smpEntry()
                0x00000000c00138f1                Krnl::startCPU(int)
                0x00000000c0013a3a                Krnl::startCPUs()
 *fill*         0x00000000c0013a59        0x1 
 .text          0x00000000c0013a5a      0x581 krnl/env.32
                0x00000000c0013a5a                EnvVarContainer::getEnv(char const*)
                0x00000000c0013a98                EnvVarContainer::setEnv(char const*, char const*)
                0x00000000c0013b5a                EnvVarContainer::deleteEnv(char const*)
                0x00000000c0013b5c                EnvVarContainer::loadFrom(char const*, char const*)
                0x00000000c0013d42                EnvVarContainer::__loadSystem()
                0x00000000c0013d5c                EnvVarContainer::__loadUser()
                0x00000000c0013d5e                EnvVarContainer::EnvVarContainer(Process*)
                0x00000000c0013d5e                EnvVarContainer::EnvVarContainer(Process*)
                0x00000000c0013d80                EnvVarContainer::~EnvVarContainer()
                0x00000000c0013d80                EnvVarContainer::~EnvVarContainer()
                0x00000000c0013db0                Krnl::getEnv(Process*, char const*)
                0x00000000c0013e15                Krnl::setEnvSystem(char const*, char const*)
                0x00000000c0013e2f                Krnl::setEnvUser(char const*, char const*)
                0x00000000c0013e4e                Krnl::setEnvProcess(Process*, char const*, char const*)
                0x00000000c0013e61                Krnl::deleteEnvSystem(char const*)
                0x00000000c0013e62                Krnl::deleteEnvUser(char const*)
                0x00000000c0013e63                Krnl::deleteEnvProcess(Process*, char const*)
                0x00000000c0013e64                Krnl::newProcessEnv(Process*)
                0x00000000c0013e86                Krnl::copyProcessEnv(Process*, Process*)
                0x00000000c0013ed2                Krnl::loadSystemEnv()
                0x00000000c0013f00                Krnl::loadUserEnv()
                0x00000000c0013f26                Krnl::flushEnv()
                0x00000000c0013f27                Krnl::getProcessTotalEnvCount(Process*)
                0x00000000c0013f47                Krnl::getProcessEnvPair(Process*, int)
 .text          0x00000000c0013fdb      0x243 krnl/panic.32
                0x00000000c0013fdb                Krnl::panic(char const*)
 .text          0x00000000c001421e      0x194 krnl/powctrl.32
                0x00000000c001421e                Krnl::powerThread(void*)
                0x00000000c001429e                Krnl::changePowerSettings(Krnl::PowerSettings)
                0x00000000c00142b4                Krnl::userIOReceived()
                0x00000000c00142bf                Krnl::handlePowerButton()
                0x00000000c00142f4                Krnl::handleSleepButton()
                0x00000000c0014329                Krnl::setupPowerManager()
 .text          0x00000000c00143b2      0x50e reg/registry.32
                0x00000000c00143b2                Reg::findLineFromLoadedData(char*, char*, char*)
                0x00000000c001450a                Reg::getLineFromRegistry(char*, char*, char*, char*)
                0x00000000c001465f                Reg::getLine(char*, char*, char*)
                0x00000000c0014696                Reg::readInt(char*, char*, int*)
                0x00000000c0014781                Reg::readString(char*, char*, char*, int)
                0x00000000c0014802                Reg::readBool(char*, char*, bool*)
                0x00000000c0014827                Reg::readBoolWithDefault(char*, char*, bool)
                0x00000000c0014853                Reg::readIntWithDefault(char*, char*, int)
                0x00000000c001487f                Reg::readStringWithDefault(char*, char*, char*, int, char*)
 .text          0x00000000c00148c0       0x36 sys/sc_eject.32
                0x00000000c00148c0                Sys::eject(regs*)
 .text          0x00000000c00148f6       0x18 sys/sc_exit.32
                0x00000000c00148f6                Sys::exit(regs*)
 .text          0x00000000c001490e       0x1f sys/sc_getcwd.32
                0x00000000c001490e                Sys::getCwd(regs*)
 .text          0x00000000c001492d        0xc sys/sc_getpid.32
                0x00000000c001492d                Sys::getPID(regs*)
 .text          0x00000000c0014939       0x1a sys/sc_getramdata.32
                0x00000000c0014939                Sys::getRAMData(regs*)
 .text          0x00000000c0014953       0x84 sys/sc_getvgaptr.32
                0x00000000c0014953                Sys::getVGAPtr(regs*)
 .text          0x00000000c00149d7       0xa8 sys/sc_loaddll.32
                0x00000000c00149d7                Sys::loadDLL(regs*)
 .text          0x00000000c0014a7f       0x68 sys/sc_read.32
                0x00000000c0014a7f                Sys::read(regs*)
 .text          0x00000000c0014ae7       0x55 sys/sc_sbrk.32
                0x00000000c0014ae7                Sys::sbrk(regs*)
 .text          0x00000000c0014b3c       0x1c sys/sc_setcwd.32
                0x00000000c0014b3c                Sys::setCwd(regs*)
 .text          0x00000000c0014b58       0x95 sys/sc_settime.32
                0x00000000c0014b58                Sys::setTime(regs*)
 .text          0x00000000c0014bed       0x4a sys/sc_timezone.32
                0x00000000c0014bed                Sys::timezone(regs*)
 .text          0x00000000c0014c37       0x68 sys/sc_write.32
                0x00000000c0014c37                Sys::write(regs*)
 .text          0x00000000c0014c9f       0x62 sys/sc_wsbe.32
                0x00000000c0014c9f                Sys::wsbe(regs*)
 .text          0x00000000c0014d01       0x38 sys/sc_yield.32
                0x00000000c0014d01                Sys::yield(regs*)
 .text          0x00000000c0014d39      0xf8e sys/syscalls.32
                0x00000000c0014d39                sysCallSeekDir(regs*)
                0x00000000c0014d3e                sysCallTellDir(regs*)
                0x00000000c0014d43                sysCallVerify(regs*)
                0x00000000c0014d4d                sysCallGetArgc(regs*)
                0x00000000c0014d5d                sysFormatDisk(regs*)
                0x00000000c0014dc7                sysSetDiskVolumeLabel(regs*)
                0x00000000c0014e11                sysGetDiskVolumeLabel(regs*)
                0x00000000c0014e66                sysShutdown(regs*)
                0x00000000c0014ec4                sysCallRealpath(regs*)
                0x00000000c0014f07                sysCallReadDir(regs*)
                0x00000000c0014f86                sysCallIsATTY(regs*)
                0x00000000c0014fe0                sysCallSeek(regs*)
                0x00000000c0015037                sysCallTell(regs*)
                0x00000000c00150a3                sysCallSize(regs*)
                0x00000000c0015115                sysCallSizeFromFilename(regs*)
                0x00000000c00151c4                sysCallClose(regs*)
                0x00000000c0015224                sysCallOpenDir(regs*)
                0x00000000c0015299                sysCallCloseDir(regs*)
                0x00000000c00152ed                sysCallMakeDir(regs*)
                0x00000000c001535d                sysCallWait(regs*)
                0x00000000c0015377                sysCallNotImpl(regs*)
                0x00000000c0015392                sysPanic(regs*)
                0x00000000c00153ac                sysCallRmdir(regs*)
                0x00000000c0015410                sysCallUnlink(regs*)
                0x00000000c0015474                sysCallGetArgv(regs*)
                0x00000000c00154c0                sysCallTTYName(regs*)
                0x00000000c0015543                sysCallUSleep(regs*)
                0x00000000c001556c                sysCallSpawn(regs*)
                0x00000000c00155d4                sysCallGetEnv(regs*)
                0x00000000c0015681                sysAppSettings(regs*)
                0x00000000c0015795                sysSetFatAttrib(regs*)
                0x00000000c0015807                sysPipe(regs*)
                0x00000000c001584c                sysGetUnixTime(regs*)
                0x00000000c0015860                string_ends_with(char const*, char const*)
                0x00000000c00158a8                sysCallOpen(regs*)
                0x00000000c0015a90                Sys::loadSyscalls()
                0x00000000c0015c85                Sys::systemCall(regs*, void*)
 .text          0x00000000c0015cc7     0x1203 thr/elf.32
                0x00000000c0015cc7                Thr::allocateMemoryForTask(Process*, File*, unsigned long, unsigned long, unsigned long)
                0x00000000c0015f71                Thr::loadProgramIntoMemory(Process*, char const*)
                0x00000000c0016187                Thr::runtimeReferenceHelper()
                0x00000000c001619a                Thr::getAddressOfKernelSymbol(char const*)
                0x00000000c00161e9                Thr::loadKernelSymbolTable(char const*)
                0x00000000c00164a7                Thr::loadDriverIntoMemory(char const*, unsigned long, bool)
                0x00000000c0016bdd                Thr::getDriverBaseFromAddress(unsigned long)
                0x00000000c0016c0f                Thr::getDriverNameFromAddress(unsigned long)
                0x00000000c0016c46                Thr::getDriverOffsetFromAddress(unsigned long)
                0x00000000c0016c60                Thr::loadDLL(char const*, bool)
                0x00000000c0016e91                Thr::executeDLL(unsigned long, void*)
 *fill*         0x00000000c0016eca        0x2 
 .text          0x00000000c0016ecc     0x12a1 thr/prcssthr.32
                0x00000000c0016ecc                userModeEntryPoint(void*)
                0x00000000c0016ef4                changeTSS
                0x00000000c0016f24                switchToThread(ThreadControlBlock*)
                0x00000000c0016fd0                Process::addArgs(char**)
                0x00000000c0017030                Process::Process(char const*, Process*, char**)
                0x00000000c0017030                Process::Process(char const*, Process*, char**)
                0x00000000c001721c                Process::Process(bool, char const*, Process*, char**)
                0x00000000c001721c                Process::Process(bool, char const*, Process*, char**)
                0x00000000c00173d4                taskStartupFunction
                0x00000000c00173e0                Semaphore::Semaphore(int)
                0x00000000c00173e0                Semaphore::Semaphore(int)
                0x00000000c0017410                Mutex::Mutex()
                0x00000000c0017410                Mutex::Mutex()
                0x00000000c0017424                Process::createThread(void (*)(void*), void*, int)
                0x00000000c001751c                Process::createUserThread()
                0x00000000c0017538                setupMultitasking(void (*)())
                0x00000000c0017640                schedule()
                0x00000000c00176cc                Semaphore::tryAcquire()
                0x00000000c0017798                Semaphore::assertLocked(char const*)
                0x00000000c0017810                blockTaskWithSchedulerLockAlreadyHeld(TaskState)
                0x00000000c0017838                blockTask(TaskState)
                0x00000000c0017868                waitTask(int, int*, int)
                0x00000000c00178ac                milliTenthSleepUntil(unsigned int)
                0x00000000c0017938                milliTenthSleep(unsigned int)
                0x00000000c0017948                sleep(unsigned int)
                0x00000000c0017964                Semaphore::acquire()
                0x00000000c0017a20                taskReturned
                0x00000000c0017a5c                Thr::processFromPID(int)
                0x00000000c0017afc                unblockTask(ThreadControlBlock*)
                0x00000000c0017ba0                cleanupTerminatedTask(ThreadControlBlock*)
                0x00000000c0017e68                cleanerTaskFunction(void*)
                0x00000000c0017f58                terminateTask(int)
                0x00000000c0018024                Thr::terminateFromIRQ(int)
                0x00000000c0018030                Semaphore::release()
 .text          0x00000000c001816d      0xb93 vm86/vm8086.32
                0x00000000c001816d                Vm::inbv(unsigned short)
                0x00000000c0018180                Vm::outbv(unsigned short, unsigned char)
                0x00000000c00181b6                Vm::realToLinear(unsigned short, unsigned short)
                0x00000000c00181c6                Vm::getSegment(unsigned int)
                0x00000000c00181ce                Vm::getOffset(unsigned int)
                0x00000000c00181d3                Vm::mainloop2()
                0x00000000c001820d                Vm::mainVm8086Loop(void*)
                0x00000000c001821d                Vm::mainloop3(unsigned long)
                0x00000000c0018243                Vm::initialise8086()
                0x00000000c0018286                Vm::finish8086()
                0x00000000c00182e7                Vm::getOutput8086(unsigned char*)
                0x00000000c001830c                Vm::start8086FromBuffer(unsigned char*, int, unsigned short, unsigned short, unsigned short, unsigned short)
                0x00000000c00183c5                Vm::start8086(char const*, unsigned short, unsigned short, unsigned short, unsigned short)
                0x00000000c001852d                Vm::doISR(regs*, int, unsigned char*, unsigned short, unsigned short)
                0x00000000c00185b7                Vm::readByteFromReal(unsigned short, unsigned short)
                0x00000000c00185c8                Vm::readWordFromReal(unsigned short, unsigned short)
                0x00000000c00185da                Vm::readDwordFromReal(unsigned short, unsigned short)
                0x00000000c00185eb                Vm::writeByteFromReal(unsigned short, unsigned short, unsigned char)
                0x00000000c0018600                Vm::writeWordFromReal(unsigned short, unsigned short, unsigned short)
                0x00000000c0018616                Vm::writeDwordFromReal(unsigned short, unsigned short, unsigned int)
                0x00000000c001862b                Vm::faultHandler(regs*)
 .text          0x00000000c0018d00      0xfcd vm86/x87em.32
                0x00000000c0018d00                Vm::fpuInternalTo32(unsigned long long)
                0x00000000c0018d5e                Vm::fpuInternalTo64(unsigned long long)
                0x00000000c0018d67                Vm::fpu32ToInternal(unsigned int)
                0x00000000c0018dac                Vm::fpu64ToInternal(unsigned long long)
                0x00000000c0018db5                Vm::fpuFloatToLong(unsigned long long)
                0x00000000c0018e14                Vm::fpuULongToFloat(unsigned long long)
                0x00000000c0018e50                Vm::fpuLongToFloat(long long)
                0x00000000c0018eaf                Vm::fpuGet0()
                0x00000000c0018eb4                Vm::fpuGet1()
                0x00000000c0018ebc                Vm::fpuGetPi()
                0x00000000c0018ec4                Vm::fpuGetLog2E()
                0x00000000c0018edc                Vm::fpuGetLogE2()
                0x00000000c0018ef4                Vm::fpuGetLog210()
                0x00000000c0018f0c                Vm::fpuGetLog102()
                0x00000000c0018f24                Vm::fpuIsSecondLarger(unsigned long long, unsigned long long)
                0x00000000c0018f38                Vm::fpuAreEqual(unsigned long long, unsigned long long)
                0x00000000c0018f4e                Vm::fpuUnorderedCompare(unsigned long long, unsigned long long)
                0x00000000c0018fa4                Vm::fpuAdd(unsigned long long, unsigned long long)
                0x00000000c0018fb5                Vm::fpuAbs(unsigned long long)
                0x00000000c0018fbe                Vm::fpuChs(unsigned long long)
                0x00000000c0018fce                Vm::fpuSub(unsigned long long, unsigned long long)
                0x00000000c0018fdd                Vm::fpuMultiply(unsigned long long, unsigned long long)
                0x00000000c0018ffc                Vm::fpuDivide(unsigned long long, unsigned long long)
                0x00000000c0019018                Vm::fpuSquare(unsigned long long)
                0x00000000c001902e                Vm::fpuGetReg(int)
                0x00000000c0019071                Vm::fpuSetReg(int, unsigned long long)
                0x00000000c00190bd                Vm::fpuPush(unsigned long long)
                0x00000000c001911b                Vm::fpuPop()
                0x00000000c001916e                Vm::x87Handler(regs*)
 .text          0x00000000c0019ccd     0x10a5 arch/i386/hal.32
                0x00000000c0019ccd                Hal::noCopro(unsigned long)
                0x00000000c0019cce                Hal::noTSC()
                0x00000000c0019cd3                Hal::readTSC()
                0x00000000c0019cd6                nmiHandler(regs*, void*)
                0x00000000c0019cef                doubleFault(regs*, void*)
                0x00000000c0019d08                displayDebugInfo(regs*)
                0x00000000c001a35c                displayProgramFault(char const*)
                0x00000000c001a399                gpFault(regs*, void*)
                0x00000000c001a40e                pgFault(regs*, void*)
                0x00000000c001a498                otherISRHandler(regs*, void*)
                0x00000000c001a4ec                opcodeFault(regs*, void*)
                0x00000000c001a8e6                i386SaveCoprocessor(void*)
                0x00000000c001a8fa                i386LoadCoprocessor(void*)
                0x00000000c001a90e                x87EmulHandler(regs*, void*)
                0x00000000c001a9ce                Hal::initialiseCoprocessor()
                0x00000000c001aac2                Hal::panic(char const*)
                0x00000000c001aac7                Hal::makeBeep(int)
                0x00000000c001ab01                Hal::getRand()
                0x00000000c001ab04                Hal::endOfInterrupt(int)
                0x00000000c001ab35                Hal::initialise()
 *fill*         0x00000000c001ad72        0x2 
 .text          0x00000000c001ad74      0x2b4 arch/i386/pic.32
                0x00000000c001ad74                picIoWait()
                0x00000000c001ad7c                picDisable()
                0x00000000c001adb0                picGetIRQReg(int)
                0x00000000c001ae2c                picRemap()
                0x00000000c001af88                picEOI(int)
 .text          0x00000000c001b028     0x13b7 fs/fat/vfslink.32
                0x00000000c001b028                FAT::getName()
                0x00000000c001b030                FAT::tell(void*, unsigned long long*)
                0x00000000c001b06c                FAT::stat(void*, unsigned long long*)
                0x00000000c001b0a8                FAT::~FAT()
                0x00000000c001b0a8                FAT::~FAT()
                0x00000000c001b0cc                FAT::~FAT()
                0x00000000c001b0f4                FAT::getlabel(LogicalDisk*, int, char*, unsigned int*)
                0x00000000c001b198                FAT::setlabel(LogicalDisk*, int, char*)
                0x00000000c001b25c                FAT::format(LogicalDisk*, int, char const*, int)
                0x00000000c001b430                FAT::tryMount(LogicalDisk*, int)
                0x00000000c001b648                FAT::allocateSwapfile(char const*, int)
                0x00000000c001b804                FAT::readDir(void*, unsigned long, void*, int*)
                0x00000000c001b970                FAT::read(void*, unsigned long, void*, int*)
                0x00000000c001b9d0                FAT::write(void*, unsigned long, void*, int*)
                0x00000000c001ba30                FAT::close(void*)
                0x00000000c001ba84                FAT::closeDir(void*)
                0x00000000c001bad8                FAT::seek(void*, unsigned long long)
                0x00000000c001bb34                fatWrapperReadDisk
                0x00000000c001bb7c                fatWrapperWriteDisk
                0x00000000c001bbc4                fatWrapperIoctl
                0x00000000c001bcd4                FAT::FAT()
                0x00000000c001bcd4                FAT::FAT()
                0x00000000c001bd28                FAT::fixFilepath(char*)
                0x00000000c001bd64                FAT::open(char const*, void**, FileOpenMode)
                0x00000000c001be98                FAT::openDir(char const*, void**)
                0x00000000c001bf48                FAT::stat(char const*, unsigned long long*, bool*)
                0x00000000c001c03c                FAT::unlink(char const*)
                0x00000000c001c0bc                FAT::chfatattr(char const*, unsigned char, unsigned char)
                0x00000000c001c224                FAT::rename(char const*, char const*)
                0x00000000c001c2f0                FAT::mkdir(char const*)
                0x00000000c001c370                FAT::exists(char const*)
 *fill*         0x00000000c001c3df        0x1 
 .text          0x00000000c001c3e0      0xba7 fs/iso9660/vfslink.32
                0x00000000c001c3e0                ISO9660::format(LogicalDisk*, int, char const*, int)
                0x00000000c001c3e6                ISO9660::seek(void*, unsigned long long)
                0x00000000c001c416                ISO9660::tell(void*, unsigned long long*)
                0x00000000c001c43a                ISO9660::getName()
                0x00000000c001c440                ISO9660::stat(void*, unsigned long long*)
                0x00000000c001c464                ISO9660::chfatattr(char const*, unsigned char, unsigned char)
                0x00000000c001c46a                ISO9660::unlink(char const*)
                0x00000000c001c470                ISO9660::write(void*, unsigned long, void*, int*)
                0x00000000c001c476                ISO9660::rename(char const*, char const*)
                0x00000000c001c47c                ISO9660::mkdir(char const*)
                0x00000000c001c482                ISO9660::close(void*)
                0x00000000c001c4a4                ISO9660::closeDir(void*)
                0x00000000c001c4c6                ISO9660::~ISO9660()
                0x00000000c001c4c6                ISO9660::~ISO9660()
                0x00000000c001c4ea                ISO9660::~ISO9660()
                0x00000000c001c511                __memmem(unsigned char*, int, unsigned char*, int)
                0x00000000c001c553                readSectorFromCDROM(unsigned int, unsigned char*, char)
                0x00000000c001c5ce                ISO9660::tryMount(LogicalDisk*, int)
                0x00000000c001c62e                ISO9660::read(void*, unsigned long, void*, int*)
                0x00000000c001c832                ISO9660::readDir(void*, unsigned long, void*, int*)
                0x00000000c001caac                readRoot(unsigned int*, unsigned int*, char)
                0x00000000c001cb00                readRecursively(char*, unsigned int, unsigned int, unsigned int*, unsigned int*, char, int*)
                0x00000000c001ccd6                getFileData(char*, unsigned int*, unsigned int*, char, int*)
                0x00000000c001cd64                ISO9660::open(char const*, void**, FileOpenMode)
                0x00000000c001ce12                ISO9660::exists(char const*)
                0x00000000c001ce36                ISO9660::stat(char const*, unsigned long long*, bool*)
                0x00000000c001ceca                ISO9660::openDir(char const*, void**)
                0x00000000c001cf64                ISO9660::ISO9660()
                0x00000000c001cf64                ISO9660::ISO9660()
 *fill*         0x00000000c001cf87        0x1 
 .text          0x00000000c001cf88      0x298 hal/sound/sndcard.32
                0x00000000c001cf88                SoundCard::beginPlayback()
                0x00000000c001cf96                SoundCard::stopPlayback()
                0x00000000c001cfa4                SoundCard::SoundCard(char const*)
                0x00000000c001cfa4                SoundCard::SoundCard(char const*)
                0x00000000c001d042                SoundCard::~SoundCard()
                0x00000000c001d042                SoundCard::~SoundCard()
                0x00000000c001d066                SoundCard::~SoundCard()
                0x00000000c001d090                SoundCard::configureRates(int, int, int)
                0x00000000c001d0c0                SoundCard::getSamples16(int, short*)
                0x00000000c001d12a                SoundCard::getSamples32(int, int*)
                0x00000000c001d1b0                SoundCard::addChannel(SoundPort*)
                0x00000000c001d20c                SoundCard::removeChannel(int)
 .text          0x00000000c001d220      0x3fb hal/sound/sndport.32
                0x00000000c001d220                SoundPort::SoundPort(int, int, int, int)
                0x00000000c001d220                SoundPort::SoundPort(int, int, int, int)
                0x00000000c001d2ac                SoundPort::~SoundPort()
                0x00000000c001d2ac                SoundPort::~SoundPort()
                0x00000000c001d2e0                SoundPort::unpause()
                0x00000000c001d2ec                SoundPort::pause()
                0x00000000c001d2f8                SoundPort::getBufferUsed()
                0x00000000c001d300                SoundPort::getBufferSize()
                0x00000000c001d308                SoundPort::buffer16(short*, int)
                0x00000000c001d3bc                SoundPort::buffer32(int*, int)
                0x00000000c001d468                SoundPort::unbufferAndAdd16(int, short*, SoundCard*)
                0x00000000c001d564                SoundPort::unbufferAndAdd32(int, int*, SoundCard*)
 .text          0x00000000c001d61b        0x0 hw/bus/isa.32
 *fill*         0x00000000c001d61b        0x1 
 .text          0x00000000c001d61c     0x1187 hw/bus/pci.32
                0x00000000c001d61c                PCI::open(int, int, void*)
                0x00000000c001d63a                PCI::close(int, int, void*)
                0x00000000c001d63e                PCI::PCI()
                0x00000000c001d63e                PCI::PCI()
                0x00000000c001d6d4                PCI::readBAR8(unsigned int, int)
                0x00000000c001d6f0                PCI::readBAR16(unsigned int, int)
                0x00000000c001d70e                PCI::readBAR32(unsigned int, int)
                0x00000000c001d72a                PCI::writeBAR8(unsigned int, unsigned char, int)
                0x00000000c001d74a                PCI::writeBAR16(unsigned int, unsigned short, int)
                0x00000000c001d76c                PCI::writeBAR32(unsigned int, unsigned int, int)
                0x00000000c001d78c                PCI::legacyMechanism(unsigned char, unsigned char, unsigned char, unsigned char)
                0x00000000c001d7fa                PCI::pciReadWord(unsigned char, unsigned char, unsigned char, unsigned char)
                0x00000000c001d8a2                PCI::getVendorID(unsigned char, unsigned char, unsigned char)
                0x00000000c001d8c6                PCI::getHeaderType(unsigned char, unsigned char, unsigned char)
                0x00000000c001d8ee                PCI::getClassCode(unsigned char, unsigned char, unsigned char)
                0x00000000c001d938                PCI::getProgIF(unsigned char, unsigned char, unsigned char)
                0x00000000c001d960                PCI::getRevisionID(unsigned char, unsigned char, unsigned char)
                0x00000000c001d984                PCI::getInterruptNumber(unsigned char, unsigned char, unsigned char)
                0x00000000c001d9a8                PCI::getSecondaryBus(unsigned char, unsigned char, unsigned char)
                0x00000000c001d9d0                PCI::getBARAddress(unsigned char, unsigned char, unsigned char, unsigned char)
                0x00000000c001da34                PCI::pciWriteWord(unsigned char, unsigned char, unsigned char, unsigned char, unsigned short)
                0x00000000c001db1c                PCI::pciDetailsToFilepath(PCIDeviceInfo, char*)
                0x00000000c001df0e                PCI::checkBus(unsigned char)
                0x00000000c001df32                PCI::foundDevice(PCIDeviceInfo)
                0x00000000c001e372                PCI::getDeviceData(unsigned char, unsigned char, unsigned char)
                0x00000000c001e6e4                PCI::checkDevice(unsigned char, unsigned char)
                0x00000000c001e750                PCI::detect()
 *fill*         0x00000000c001e7a3        0x1 
 .text          0x00000000c001e7a4      0xb66 hw/diskctrl/ide.32
                0x00000000c001e7a4                IDE::close(int, int, void*)
                0x00000000c001e7a8                IDE::IDE()
                0x00000000c001e7a8                IDE::IDE()
                0x00000000c001e7dc                IDE::prepareInterrupt(unsigned char)
                0x00000000c001e7ee                selectDrive(unsigned char, unsigned char)
                0x00000000c001e7f0                IDE::getBase(unsigned char)
                0x00000000c001e802                IDE::write(unsigned char, unsigned char, unsigned char)
                0x00000000c001e8c2                IDE::read(unsigned char, unsigned char)
                0x00000000c001e970                IDE::waitInterrupt(unsigned char)
                0x00000000c001e9d2                ideChannel0IRQHandler(regs*, void*)
                0x00000000c001e9ee                ideChannel1IRQHandler(regs*, void*)
                0x00000000c001ea0a                IDE::enableIRQs(unsigned char, bool)
                0x00000000c001ea50                IDE::open(int, int, void*)
                0x00000000c001ee7a                IDE::readBuffer(unsigned char, unsigned char, unsigned int, unsigned int)
                0x00000000c001ef46                IDE::detect()
                0x00000000c001f206                IDE::printError(unsigned char, unsigned char, unsigned char)
                0x00000000c001f2b6                IDE::polling(unsigned char, unsigned int)
 .text          0x00000000c001f30a      0x46c hw/diskctrl/satabus.32
                0x00000000c001f30a                SATABus::close(int, int, void*)
                0x00000000c001f30e                SATABus::detect()
                0x00000000c001f310                SATABus::SATABus()
                0x00000000c001f310                SATABus::SATABus()
                0x00000000c001f396                SATABus::findCmdslot(SATABus::tagHBA_PORT volatile*)
                0x00000000c001f3c8                SATABus::checkType(SATABus::tagHBA_PORT volatile*)
                0x00000000c001f410                SATABus::startCmd(SATABus::tagHBA_PORT volatile*)
                0x00000000c001f430                SATABus::stopCmd(SATABus::tagHBA_PORT volatile*)
                0x00000000c001f45a                SATABus::portRebase(SATABus::tagHBA_PORT volatile*, int)
                0x00000000c001f560                SATABus::probePort(SATABus::tagHBA_MEM volatile*)
                0x00000000c001f742                SATABus::open(int, int, void*)
 .text          0x00000000c001f776      0x684 hw/diskphys/ata.32
                0x00000000c001f776                ATA::close(int, int, void*)
                0x00000000c001f79a                ATA::powerSaving(PowerSavingLevel)
                0x00000000c001f79c                ATA::ATA()
                0x00000000c001f79c                ATA::ATA()
                0x00000000c001f7ca                ATA::flush(bool)
                0x00000000c001f814                ATA::readyForCommand()
                0x00000000c001f860                ATA::access(unsigned long long, int, void*, bool)
                0x00000000c001fc56                ATA::read(unsigned long long, int, void*)
                0x00000000c001fca2                ATA::write(unsigned long long, int, void*)
                0x00000000c001fd04                ATA::detectCHS()
                0x00000000c001fd2e                ATA::open(int, int, void*)
 .text          0x00000000c001fdfa      0x645 hw/diskphys/atapi.32
                0x00000000c001fdfa                ATAPI::write(unsigned long long, int, void*)
                0x00000000c001fe00                ATAPI::close(int, int, void*)
                0x00000000c001fe24                ATAPI::ATAPI()
                0x00000000c001fe24                ATAPI::ATAPI()
                0x00000000c001fe52                ATAPI::readyForCommand()
                0x00000000c001fea4                ATAPI::sendPacket(unsigned char*, int, bool, unsigned short*, int)
                0x00000000c0020164                ATAPI::diskRemoved()
                0x00000000c00201c0                ATAPI::eject()
                0x00000000c0020208                ATAPI::diskInserted()
                0x00000000c0020224                ATAPI::detectMedia()
                0x00000000c00202e0                ATAPI::open(int, int, void*)
                0x00000000c00203c0                ATAPI::read(unsigned long long, int, void*)
 *fill*         0x00000000c002043f        0x1 
 .text          0x00000000c0020440      0xa68 hw/diskphys/sata.32
                0x00000000c0020440                SATA::close(int, int, void*)
                0x00000000c0020464                SATA::powerSaving(PowerSavingLevel)
                0x00000000c0020466                SATA::open(int, int, void*)
                0x00000000c002065c                SATA::SATA()
                0x00000000c002065c                SATA::SATA()
                0x00000000c002068a                SATA::access(unsigned long long, int, void*, bool)
                0x00000000c0020c82                SATA::read(unsigned long long, int, void*)
                0x00000000c0020d82                SATA::write(unsigned long long, int, void*)
 .text          0x00000000c0020ea8      0x642 hw/diskphys/satapi.32
                0x00000000c0020ea8                SATAPI::write(unsigned long long, int, void*)
                0x00000000c0020eae                SATAPI::close(int, int, void*)
                0x00000000c0020ed2                SATAPI::SATAPI()
                0x00000000c0020ed2                SATAPI::SATAPI()
                0x00000000c0020f00                SATAPI::diskRemoved()
                0x00000000c0020f02                SATAPI::diskInserted()
                0x00000000c0020f1e                SATAPI::sendPacket(unsigned char*, int, unsigned long long, unsigned short*, int)
                0x00000000c00211ac                SATAPI::eject()
                0x00000000c00211e8                SATAPI::detectMedia()
                0x00000000c0021312                SATAPI::open(int, int, void*)
                0x00000000c0021412                SATAPI::read(unsigned long long, int, void*)
 .text          0x00000000c00214ea      0x6f0 hw/intctrl/apic.32
                0x00000000c00214ea                APIC::disable()
                0x00000000c00214ec                APIC::close(int, int, void*)
                0x00000000c002150e                IOAPIC::close(int, int, void*)
                0x00000000c0021514                APIC::io_wait()
                0x00000000c002151a                APIC::getBase()
                0x00000000c002155c                APIC::open(int, int, void*)
                0x00000000c00216aa                IOAPIC::IOAPIC()
                0x00000000c00216aa                IOAPIC::IOAPIC()
                0x00000000c00216d2                APIC::APIC()
                0x00000000c00216d2                APIC::APIC()
                0x00000000c00217ae                IOAPIC::handlesGSIWithNumber(unsigned int)
                0x00000000c00217e0                IOAPIC::read(int)
                0x00000000c0021808                IOAPIC::open(int, int, void*)
                0x00000000c00218fe                IOAPIC::write(int, int)
                0x00000000c002192a                IOAPIC::redirect(unsigned char, unsigned long long, unsigned char, bool, bool)
                0x00000000c0021a24                APIC::installIRQHandler(int, void (*)(regs*, void*), bool, void*)
 .text          0x00000000c0021bda      0x341 hw/intctrl/pic.32
                0x00000000c0021bda                PIC::disable()
                0x00000000c0021c08                PIC::close(int, int, void*)
                0x00000000c0021c2a                PIC::PIC()
                0x00000000c0021c2a                PIC::PIC()
                0x00000000c0021d00                PIC::ioWait()
                0x00000000c0021d06                PIC::getIRQReg(int)
                0x00000000c0021d70                PIC::remap()
                0x00000000c0021edc                PIC::open(int, int, void*)
 *fill*         0x00000000c0021f1b        0x1 
 .text          0x00000000c0021f1c      0x240 hw/timer/apictimer.32
                0x00000000c0021f1c                APICTimer::close(int, int, void*)
                0x00000000c0021f24                apicTimerHandler(regs*, void*)
                0x00000000c0021f4c                APICTimer::write(int)
                0x00000000c0022034                APICTimer::open(int, int, void*)
                0x00000000c0022134                APICTimer::APICTimer()
                0x00000000c0022134                APICTimer::APICTimer()
 .text          0x00000000c002215c      0x1a3 hw/timer/pit.32
                0x00000000c002215c                PIT::write(int)
                0x00000000c00221dc                pitHandler(regs*, void*)
                0x00000000c0022200                PIT::open(int, int, void*)
                0x00000000c0022250                PIT::close(int, int, void*)
                0x00000000c0022280                PIT::PIT()
                0x00000000c0022280                PIT::PIT()
 *fill*         0x00000000c00222ff        0x1 
 .text          0x00000000c0022300       0x83 arch/i386/avx.32
                0x00000000c0022300                avxDetect
                0x00000000c002232a                avxSave
                0x00000000c002233b                avxLoad
                0x00000000c002234c                avxInit
                0x00000000c002236e                avxClose
                0x00000000c002236f                wouldSheSayYes
 *fill*         0x00000000c0022383        0xd 
 .text          0x00000000c0022390       0x10 arch/i386/rdrand.32
                0x00000000c0022390                i386GetRDRAND
 .text          0x00000000c00223a0       0x39 arch/i386/sse.32
                0x00000000c00223a0                absolutelyNoChanceInHell
                0x00000000c00223a0                sseDetect
                0x00000000c00223b8                sseSave
                0x00000000c00223c0                sseLoad
                0x00000000c00223c8                sseInit
                0x00000000c00223d8                sseClose
 *fill*         0x00000000c00223d9        0x7 
 .text          0x00000000c00223e0       0x49 arch/i386/x87.32
                0x00000000c00223e6                x87Detect
                0x00000000c0022401                x87Save
                0x00000000c0022408                x87Load
                0x00000000c002240f                x87Init
                0x00000000c0022428                x87Close
 *fill*         0x00000000c0022429        0x3 
 .text          0x00000000c002242c       0x25 /cygdrive/d/Users/Alex/Desktop/Toolchain/Output/bin/../lib/gcc/i386-banana/8.1.0/crtend.o
 .text          0x00000000c0022451        0x0 crtn.32
 *fill*         0x00000000c0022451        0x3 
 .text          0x00000000c0022454      0x14b /cygdrive/d/Users/Alex/Desktop/Toolchain/Output/bin/../lib/gcc/i386-banana/8.1.0/libkgcc.a(_divdi3.o)
                0x00000000c0022454                __divdi3
 *fill*         0x00000000c002259f        0x1 
 .text          0x00000000c00225a0      0x17e /cygdrive/d/Users/Alex/Desktop/Toolchain/Output/bin/../lib/gcc/i386-banana/8.1.0/libkgcc.a(_moddi3.o)
                0x00000000c00225a0                __moddi3
 *fill*         0x00000000c002271e        0x2 
 .text          0x00000000c0022720       0xff /cygdrive/d/Users/Alex/Desktop/Toolchain/Output/bin/../lib/gcc/i386-banana/8.1.0/libkgcc.a(_udivdi3.o)
                0x00000000c0022720                __udivdi3
 *fill*         0x00000000c002281f        0x1 
 .text          0x00000000c0022820      0x11a /cygdrive/d/Users/Alex/Desktop/Toolchain/Output/bin/../lib/gcc/i386-banana/8.1.0/libkgcc.a(_umoddi3.o)
                0x00000000c0022820                __umoddi3
 *(.gnu.linkonce.t*)

.iplt           0x00000000c0022940        0x0
 .iplt          0x00000000c0022940        0x0 D:/Users/Alex/Desktop/Banana/kernel/boot.32

.init           0x00000000c002293a        0xf
 .init          0x00000000c002293a        0x3 crti.32
                0x00000000c002293a                _init
 .init          0x00000000c002293d        0x5 /cygdrive/d/Users/Alex/Desktop/Toolchain/Output/bin/../lib/gcc/i386-banana/8.1.0/crtbegin.o
 .init          0x00000000c0022942        0x5 /cygdrive/d/Users/Alex/Desktop/Toolchain/Output/bin/../lib/gcc/i386-banana/8.1.0/crtend.o
 .init          0x00000000c0022947        0x2 crtn.32

.fini           0x00000000c0022949        0xa
 .fini          0x00000000c0022949        0x3 crti.32
                0x00000000c0022949                _fini
 .fini          0x00000000c002294c        0x5 /cygdrive/d/Users/Alex/Desktop/Toolchain/Output/bin/../lib/gcc/i386-banana/8.1.0/crtbegin.o
 .fini          0x00000000c0022951        0x2 crtn.32

.text._ZN8ComputerD2Ev
                0x00000000c0022954       0x23
 .text._ZN8ComputerD2Ev
                0x00000000c0022954       0x23 core/computer.32
                0x00000000c0022954                Computer::~Computer()
                0x00000000c0022954                Computer::~Computer()

.text._ZN8ComputerD0Ev
                0x00000000c0022978       0x2a
 .text._ZN8ComputerD0Ev
                0x00000000c0022978       0x2a core/computer.32
                0x00000000c0022978                Computer::~Computer()

.text._Z10idleCommonv
                0x00000000c00229a2       0x21
 .text._Z10idleCommonv
                0x00000000c00229a2       0x21 core/idle.32
                0x00000000c00229a2                idleCommon()

.text._ZN10LinkedListI8UnixFileED2Ev
                0x00000000c00229c4        0x2
 .text._ZN10LinkedListI8UnixFileED2Ev
                0x00000000c00229c4        0x2 core/unixfile.32
                0x00000000c00229c4                LinkedList<UnixFile>::~LinkedList()
                0x00000000c00229c4                LinkedList<UnixFile>::~LinkedList()

.text._ZN10LinkedListI8UnixFileEC2Ev
                0x00000000c00229c6       0x42
 .text._ZN10LinkedListI8UnixFileEC2Ev
                0x00000000c00229c6       0x42 core/unixfile.32
                0x00000000c00229c6                LinkedList<UnixFile>::LinkedList()
                0x00000000c00229c6                LinkedList<UnixFile>::LinkedList()

.text._ZN10LinkedListI8UnixFileE10addElementEPS0_
                0x00000000c0022a08       0xd3
 .text._ZN10LinkedListI8UnixFileE10addElementEPS0_
                0x00000000c0022a08       0xd3 core/unixfile.32
                0x00000000c0022a08                LinkedList<UnixFile>::addElement(UnixFile*)

.text._ZN10LinkedListI8UnixFileE15getFirstElementEv
                0x00000000c0022adc        0x7
 .text._ZN10LinkedListI8UnixFileE15getFirstElementEv
                0x00000000c0022adc        0x7 core/unixfile.32
                0x00000000c0022adc                LinkedList<UnixFile>::getFirstElement()

.text._ZN10LinkedListI8UnixFileE11removeFirstEv
                0x00000000c0022ae4       0xa1
 .text._ZN10LinkedListI8UnixFileE11removeFirstEv
                0x00000000c0022ae4       0xa1 core/unixfile.32
                0x00000000c0022ae4                LinkedList<UnixFile>::removeFirst()

.text._ZN10LinkedListI8UnixFileE7getNextEPS0_
                0x00000000c0022b86        0x8
 .text._ZN10LinkedListI8UnixFileE7getNextEPS0_
                0x00000000c0022b86        0x8 core/unixfile.32
                0x00000000c0022b86                LinkedList<UnixFile>::getNext(UnixFile*)

.text._ZN16DriverlessDeviceD2Ev
                0x00000000c0022b8e       0x1a
 .text._ZN16DriverlessDeviceD2Ev
                0x00000000c0022b8e       0x1a hal/device.32
                0x00000000c0022b8e                DriverlessDevice::~DriverlessDevice()
                0x00000000c0022b8e                DriverlessDevice::~DriverlessDevice()

.text._ZN16DriverlessDeviceD0Ev
                0x00000000c0022ba8       0x2a
 .text._ZN16DriverlessDeviceD0Ev
                0x00000000c0022ba8       0x2a hal/device.32
                0x00000000c0022ba8                DriverlessDevice::~DriverlessDevice()

.text._ZN10LinkedListI6DeviceE10addElementEPS0_
                0x00000000c0022bd2       0xdc
 .text._ZN10LinkedListI6DeviceE10addElementEPS0_
                0x00000000c0022bd2       0xdc hal/device.32
                0x00000000c0022bd2                LinkedList<Device>::addElement(Device*)

.text._ZN10LinkedListI6DeviceEC2Ev
                0x00000000c0022cae       0x42
 .text._ZN10LinkedListI6DeviceEC2Ev
                0x00000000c0022cae       0x42 hal/device.32
                0x00000000c0022cae                LinkedList<Device>::LinkedList()
                0x00000000c0022cae                LinkedList<Device>::LinkedList()

.text._ZN10LinkedListIV18ThreadControlBlockE7isEmptyEv