Archive member included to satisfy reference by file (symbol)

/cygdrive/d/Users/Alex/Desktop/Toolchain/Output/bin/../lib/gcc/i386-banana/8.1.0/libkgcc.a(_divdi3.o)
                              krnl/resolve.32 (__divdi3)
/cygdrive/d/Users/Alex/Desktop/Toolchain/Output/bin/../lib/gcc/i386-banana/8.1.0/libkgcc.a(_moddi3.o)
                              krnl/resolve.32 (__moddi3)
/cygdrive/d/Users/Alex/Desktop/Toolchain/Output/bin/../lib/gcc/i386-banana/8.1.0/libkgcc.a(_udivdi3.o)
                              hal/clock.32 (__udivdi3)
/cygdrive/d/Users/Alex/Desktop/Toolchain/Output/bin/../lib/gcc/i386-banana/8.1.0/libkgcc.a(_umoddi3.o)
                              core/pipe.32 (__umoddi3)

Allocating common symbols
Common symbol       size              file

dcache              0x40              fs/iso9660/iso9660.32
cdDriveLetter       0x1               fs/iso9660/iso9660.32
icache              0x40              fs/iso9660/iso9660.32

Discarded input sections

 .comment       0x0000000000000000       0x12 /cygdrive/d/Users/Alex/Desktop/Toolchain/Output/bin/../lib/gcc/i386-banana/8.1.0/crtbegin.o
 .comment       0x0000000000000000       0x12 acpica/utclib.32
 .comment       0x0000000000000000       0x12 core/malloc.32
 .comment       0x0000000000000000       0x12 libk/ctype.32
 .comment       0x0000000000000000       0x12 libk/string.32
 .comment       0x0000000000000000       0x12 fs/fat/diskio.32
 .comment       0x0000000000000000       0x12 fs/fat/ff.32
 .comment       0x0000000000000000       0x12 fs/fat/ffsystem.32
 .comment       0x0000000000000000       0x12 fs/fat/ffunicode.32
 .comment       0x0000000000000000       0x12 fs/iso9660/iso9660.32
 .group         0x0000000000000000       0x14 core/computer.32
 .group         0x0000000000000000        0xc core/computer.32
 .comment       0x0000000000000000       0x12 core/computer.32
 .comment       0x0000000000000000       0x12 core/gdt.32
 .group         0x0000000000000000        0xc core/idle.32
 .comment       0x0000000000000000       0x12 core/idle.32
 .comment       0x0000000000000000       0x12 core/idt.32
 .comment       0x0000000000000000       0x12 core/kheap.32
 .comment       0x0000000000000000       0x12 core/main.32
 .comment       0x0000000000000000       0x12 core/physmgr.32
 .group         0x0000000000000000        0xc core/pipe.32
 .comment       0x0000000000000000       0x12 core/pipe.32
 .group         0x0000000000000000        0xc core/terminal.32
 .comment       0x0000000000000000       0x12 core/terminal.32
 .comment       0x0000000000000000       0x12 core/tss.32
 .group         0x0000000000000000        0x8 core/unixfile.32
 .group         0x0000000000000000        0x8 core/unixfile.32
 .group         0x0000000000000000        0xc core/unixfile.32
 .group         0x0000000000000000        0x8 core/unixfile.32
 .group         0x0000000000000000        0xc core/unixfile.32
 .group         0x0000000000000000        0x8 core/unixfile.32
 .group         0x0000000000000000        0xc core/unixfile.32
 .group         0x0000000000000000        0xc core/unixfile.32
 .comment       0x0000000000000000       0x12 core/unixfile.32
 .comment       0x0000000000000000       0x12 core/virtmgr.32
 .comment       0x0000000000000000       0x12 coreobjs/c++.32
 .comment       0x0000000000000000       0x12 dbg/kconsole.32
 .group         0x0000000000000000        0xc fs/vfs.32
 .group         0x0000000000000000        0xc fs/vfs.32
 .group         0x0000000000000000        0xc fs/vfs.32
 .comment       0x0000000000000000       0x12 fs/vfs.32
 .group         0x0000000000000000        0xc hal/bus.32
 .comment       0x0000000000000000       0x12 hal/bus.32
 .comment       0x0000000000000000       0x12 hal/buzzer.32
 .group         0x0000000000000000        0xc hal/clock.32
 .comment       0x0000000000000000       0x12 hal/clock.32
 .group         0x0000000000000000       0x14 hal/device.32
 .group         0x0000000000000000        0xc hal/device.32
 .group         0x0000000000000000        0x8 hal/device.32
 .group         0x0000000000000000        0xc hal/device.32
 .group         0x0000000000000000        0xc hal/device.32
 .comment       0x0000000000000000       0x12 hal/device.32
 .group         0x0000000000000000        0xc hal/diskctrl.32
 .comment       0x0000000000000000       0x12 hal/diskctrl.32
 .group         0x0000000000000000        0xc hal/diskphys.32
 .comment       0x0000000000000000       0x12 hal/diskphys.32
 .comment       0x0000000000000000       0x12 hal/fpu.32
 .comment       0x0000000000000000       0x12 hal/intctrl.32
 .group         0x0000000000000000        0xc hal/keybrd.32
 .comment       0x0000000000000000       0x12 hal/keybrd.32
 .group         0x0000000000000000        0xc hal/logidisk.32
 .comment       0x0000000000000000       0x12 hal/logidisk.32
 .group         0x0000000000000000        0xc hal/mouse.32
 .comment       0x0000000000000000       0x12 hal/mouse.32
 .group         0x0000000000000000        0xc hal/nic.32
[...]
Memory Configuration

Name             Origin             Length             Attributes
*default*        0x0000000000000000 0xffffffffffffffff

Linker script and memory map

LOAD D:/Users/Alex/Desktop/Banana/kernel/boot.32
LOAD crti.32
LOAD /cygdrive/d/Users/Alex/Desktop/Toolchain/Output/bin/../lib/gcc/i386-banana/8.1.0/crtbegin.o
LOAD D:/Users/Alex/Desktop/Banana/kernel/morenasm.32
LOAD acpica/utclib.32
LOAD core/malloc.32
LOAD libk/ctype.32
LOAD libk/string.32
LOAD fs/fat/diskio.32
LOAD fs/fat/ff.32
LOAD fs/fat/ffsystem.32
LOAD fs/fat/ffunicode.32
LOAD fs/iso9660/iso9660.32
LOAD core/computer.32
LOAD core/gdt.32
LOAD core/idle.32
LOAD core/idt.32
LOAD core/kheap.32
LOAD core/main.32
LOAD core/physmgr.32
LOAD core/pipe.32
LOAD core/terminal.32
LOAD core/tss.32
LOAD core/unixfile.32
LOAD core/virtmgr.32
LOAD coreobjs/c++.32
LOAD dbg/kconsole.32
LOAD fs/vfs.32
LOAD hal/bus.32
LOAD hal/buzzer.32
LOAD hal/clock.32
LOAD hal/device.32
LOAD hal/diskctrl.32
LOAD hal/diskphys.32
LOAD hal/fpu.32
LOAD hal/intctrl.32
LOAD hal/keybrd.32
LOAD hal/logidisk.32
LOAD hal/mouse.32
LOAD hal/nic.32
LOAD hal/partition.32
LOAD hal/serial.32
LOAD hal/timer.32
LOAD hal/vcache.32
LOAD hal/video.32
LOAD hw/acpi.32
LOAD hw/cpu.32
LOAD krnl/bootmsg.32
LOAD krnl/env.32
LOAD krnl/inlines.32
LOAD krnl/panic.32
LOAD krnl/powctrl.32
LOAD krnl/resolve.32
LOAD krnl/signal.32
LOAD krnl/syscalls.32
LOAD net/ethernet.32
LOAD reg/cm.32
LOAD reg/registry.32
LOAD sys/eject.32
LOAD sys/exit.32
LOAD sys/getcwd.32
LOAD sys/getpid.32
LOAD sys/getramdata.32
LOAD sys/getvgaptr.32
LOAD sys/loaddll.32
LOAD sys/read.32
LOAD sys/registersignal.32
LOAD sys/sbrk.32
LOAD sys/setcwd.32
LOAD sys/settime.32
LOAD sys/timezone.32
LOAD sys/write.32
LOAD sys/wsbe.32
LOAD sys/yield.32
LOAD thr/elf.32
LOAD thr/prcssthr.32
LOAD vm86/vm8086.32
LOAD arch/i386/hal.32
LOAD arch/i386/pic.32
LOAD arch/i386/rtc.32
LOAD arch/i386/vga.32
LOAD fs/fat/vfslink.32
LOAD fs/iso9660/helper.32
LOAD fs/iso9660/vfslink.32
LOAD hal/sound/sndcard.32
LOAD hal/sound/sndport.32
LOAD hw/bus/isa.32
LOAD hw/bus/pci.32
LOAD hw/diskctrl/ide.32
LOAD hw/diskctrl/satabus.32
LOAD hw/diskphys/ata.32
LOAD hw/diskphys/atapi.32
LOAD hw/diskphys/sata.32
LOAD hw/diskphys/satapi.32
LOAD hw/intctrl/apic.32
LOAD hw/timer/apictimer.32
LOAD hw/timer/pit.32
LOAD arch/i386/avx.32
LOAD arch/i386/interrupt.32
LOAD arch/i386/rdrand.32
LOAD arch/i386/sse.32
LOAD arch/i386/x87.32
LOAD /cygdrive/d/Users/Alex/Desktop/Toolchain/Output/bin/../lib/gcc/i386-banana/8.1.0/crtend.o
LOAD crtn.32
LOAD /cygdrive/d/Users/Alex/Desktop/Toolchain/Output/bin/../lib/gcc/i386-banana/8.1.0/libkgcc.a
LOAD D:/Users/Alex/Desktop/Banana/kernel/libsoftfp.a
LOAD D:/Users/Alex/Desktop/Banana/kernel/libk/libm32.a
                0x00000000c0000000                . = 0xc0000000

.text           0x00000000c0000000    0x1dc8a
 *(.text)
 .text          0x00000000c0000000       0x20 D:/Users/Alex/Desktop/Banana/kernel/boot.32
 .text          0x00000000c0000020        0x0 crti.32
 .text          0x00000000c0000020      0x101 /cygdrive/d/Users/Alex/Desktop/Toolchain/Output/bin/../lib/gcc/i386-banana/8.1.0/crtbegin.o
 *fill*         0x00000000c0000121        0xf 
 .text          0x00000000c0000130      0x24f D:/Users/Alex/Desktop/Banana/kernel/morenasm.32
                0x00000000c0000130                manualPCIProbe
                0x00000000c000017b                prepareTramp
                0x00000000c0000194                doTPAUSE
                0x00000000c000019e                hasLegacyFPU
                0x00000000c00001c3                is486
                0x00000000c00001f9                detectCPUID
                0x00000000c000020f                goToVM86
                0x00000000c000023f                goToUsermode
                0x00000000c0000269                switchToThreadASMFirstTime
                0x00000000c0000277                switchToThreadASM
                0x00000000c00002fc                asmQuickAcquireLock
                0x00000000c000031a                asmQuickReleaseLock
                0x00000000c0000326                asmAcquireLock
                0x00000000c0000347                asmReleaseLock
                0x00000000c000035a                loadGDT
                0x00000000c000037a                memcpy
 *fill*         0x00000000c000037f        0x1 
 .text          0x00000000c0000380      0x79e acpica/utclib.32
                0x00000000c0000380                memcmp
                0x00000000c00003d0                memmove
                0x00000000c00004c0                memset
                0x00000000c0000530                strlen
                0x00000000c0000560                strpbrk
                0x00000000c00005a0                strtok
                0x00000000c00005f0                strcpy
                0x00000000c0000620                strncpy
                0x00000000c00006d0                strcmp
                0x00000000c0000720                strchr
                0x00000000c0000750                strncmp
                0x00000000c00007b0                strcat
                0x00000000c00007e0                strncat
                0x00000000c0000840                strstr
                0x00000000c00008a0                toupper
                0x00000000c00008c0                tolower
                0x00000000c00008e0                simple_strtoul
 .text          0x00000000c0000b1e      0xfad core/malloc.32
                0x00000000c0000c89                dlfree
                0x00000000c0000fe4                dlmalloc
                0x00000000c0001521                dlrealloc
                0x00000000c00016c4                dlmemalign
                0x00000000c00017e7                dlcalloc
                0x00000000c0001881                dlcfree
                0x00000000c0001886                dlindependent_calloc
                0x00000000c00018ab                dlindependent_comalloc
                0x00000000c00018c2                dlvalloc
                0x00000000c00018ed                dlpvalloc
                0x00000000c0001923                dlmalloc_trim
                0x00000000c0001930                dlmalloc_usable_size
                0x00000000c0001961                dlmallinfo
                0x00000000c0001a30                dlmalloc_stats
                0x00000000c0001a41                dlmallopt
 *fill*         0x00000000c0001acb        0x1 
 .text          0x00000000c0001acc      0x1f2 libk/ctype.32
                0x00000000c0001acc                isblank
                0x00000000c0001aec                iscntrl
                0x00000000c0001b0c                isdigit
                0x00000000c0001b28                islower
                0x00000000c0001b44                isspace
                0x00000000c0001b6c                isupper
                0x00000000c0001b88                isalpha
                0x00000000c0001bb8                isalnum
                0x00000000c0001be8                ispunct
                0x00000000c0001c28                isgraph
                0x00000000c0001c58                isprint
                0x00000000c0001c80                isxdigit
 .text          0x00000000c0001cbe        0x0 libk/string.32
 .text          0x00000000c0001cbe       0x51 fs/fat/diskio.32
                0x00000000c0001cbe                disk_status
                0x00000000c0001cc1                disk_initialize
                0x00000000c0001cc4                disk_read
                0x00000000c0001cda                disk_write
                0x00000000c0001cf0                disk_ioctl
 .text          0x00000000c0001d0f     0x3d4b fs/fat/ff.32
                0x00000000c0003aab                f_mount
                0x00000000c0003b0d                f_open
                0x00000000c0003dd8                f_read
                0x00000000c0003fd7                f_write
                0x00000000c000420b                f_sync
                0x00000000c00042c0                f_close
                0x00000000c00042ef                f_lseek
                0x00000000c0004496                f_opendir
                0x00000000c0004561                f_closedir
                0x00000000c0004583                f_readdir
                0x00000000c0004615                f_stat
                0x00000000c0004694                f_getfree
                0x00000000c0004796                f_truncate
                0x00000000c000487a                f_unlink
                0x00000000c000499c                f_mkdir
                0x00000000c0004b37                f_rename
                0x00000000c0004ced                f_chmod
                0x00000000c0004d96                f_utime
                0x00000000c0004e44                f_getlabel
                0x00000000c0004f95                f_setlabel
                0x00000000c0005125                f_expand
                0x00000000c0005285                f_mkfs
 *fill*         0x00000000c0005a5a        0x2 
 .text          0x00000000c0005a5c       0x2f fs/fat/ffsystem.32
                0x00000000c0005a5c                ff_memalloc
                0x00000000c0005a74                ff_memfree
 *fill*         0x00000000c0005a8b        0x1 
 .text          0x00000000c0005a8c      0x2a8 fs/fat/ffunicode.32
                0x00000000c0005a8c                ff_uni2oem
                0x00000000c0005b2c                ff_oem2uni
                0x00000000c0005ba4                ff_wtoupper
 .text          0x00000000c0005d34      0xd2f fs/iso9660/iso9660.32
                0x00000000c0005f79                isoReadDiscSector
                0x00000000c0006014                strnicmp
                0x00000000c00062c7                stricmp
                0x00000000c0006313                iso_open
                0x00000000c000639d                iso_close
                0x00000000c00063bb                iso_read
                0x00000000c00064d1                iso_seek
                0x00000000c0006555                iso_tell
                0x00000000c0006586                iso_total
                0x00000000c00065b1                fn_postprocess
                0x00000000c00065d7                iso_readdir
                0x00000000c000682e                iso_reset
                0x00000000c000684b                init_percd
                0x00000000c0006945                iso_ioctl
                0x00000000c000695d                fs_iso9660_init
                0x00000000c00069f3                fs_iso9660_shutdown
 *fill*         0x00000000c0006a63        0x1 
 .text          0x00000000c0006a64      0x685 core/computer.32
                0x00000000c0006a64                Computer::close(int, int, void*)
                0x00000000c0006aa9                Krnl::firstTask()
                0x00000000c0006bdc                Computer::Computer()
                0x00000000c0006bdc                Computer::Computer()
                0x00000000c0006c8e                Computer::setBootMessage(char const*)
                0x00000000c0006c90                Computer::detectFeatures()
                0x00000000c0006e9a                Computer::displayFeatures()
                0x00000000c0006e9c                Computer::rdmsr(unsigned int)
                0x00000000c0006ec8                Computer::wrmsr(unsigned int, unsigned long long)
                0x00000000c0006f00                Computer::shutdown()
                0x00000000c0006f18                Computer::restart()
                0x00000000c0006f30                Computer::sleep()
                0x00000000c0006f44                Computer::nmiEnabled()
                0x00000000c0006f50                Computer::readCMOS(unsigned char)
                0x00000000c0006f6a                Computer::enableNMI(bool)
                0x00000000c0006f82                Computer::open(int, int, void*)
                0x00000000c0007056                Computer::disableNMI()
                0x00000000c0007066                Computer::writeCMOS(unsigned char, unsigned char)
                0x00000000c0007084                Computer::handleNMI()
 *fill*         0x00000000c00070e9        0x1 
 .text          0x00000000c00070ea      0x1cf core/gdt.32
                0x00000000c00070ea                GDTEntry::setBase(unsigned int)
                0x00000000c0007106                GDTEntry::setLimit(unsigned int)
                0x00000000c0007124                GDT::GDT()
                0x00000000c0007124                GDT::GDT()
                0x00000000c000713a                GDT::addEntry(GDTEntry)
                0x00000000c000715c                GDT::getNumberOfEntries()
                0x00000000c0007164                GDT::flush()
                0x00000000c0007186                GDT::setup()
 .text          0x00000000c00072b9       0x1d core/idle.32
                0x00000000c00072b9                idleFunction(void*)
 *fill*         0x00000000c00072d6        0x2 
 .text          0x00000000c00072d8      0x464 core/idt.32
                0x00000000c00072d8                IDTEntry::IDTEntry(bool)
                0x00000000c00072d8                IDTEntry::IDTEntry(bool)
                0x00000000c000734a                IDTEntry::setOffset(unsigned int)
                0x00000000c0007360                IDT::IDT()
                0x00000000c0007360                IDT::IDT()
                0x00000000c0007362                IDT::getPointerToInvalidOpcodeEntryForF00F()
                0x00000000c000736a                IDT::addEntry(IDTEntry, int)
                0x00000000c0007384                IDT::addEntry(int, void (*)(), bool)
                0x00000000c00073bc                IDT::flush()
                0x00000000c00073d6                IDT::setup()
 .text          0x00000000c000773c      0x183 core/kheap.32
                0x00000000c000773c                sbrk
                0x00000000c00077d1                mmap
                0x00000000c00077e7                munmap
                0x00000000c00077fd                liballoc_lock()
                0x00000000c000780a                liballoc_unlock()
                0x00000000c000781e                liballoc_alloc(int)
                0x00000000c0007836                liballoc_free(void*, int)
                0x00000000c0007851                realloc
                0x00000000c0007865                malloc
                0x00000000c0007875                free
                0x00000000c0007885                rfree
                0x00000000c0007895                calloc
 .text          0x00000000c00078bf       0xc3 core/main.32
                0x00000000c00078bf                KeEntryPoint
 .text          0x00000000c0007982      0x5dc core/physmgr.32
                0x00000000c0007982                Phys::allocateDMA(unsigned long)
                0x00000000c0007a59                Phys::freeDMA(unsigned long, unsigned long)
                0x00000000c0007a8c                Phys::setPageState(unsigned long, bool)
                0x00000000c0007abe                Phys::getPageState(unsigned long)
                0x00000000c0007adf                Phys::freePage(unsigned long)
                0x00000000c0007b41                Phys::allocatePage()
                0x00000000c0007bff                Phys::allocateContiguousPages(int)
                0x00000000c0007c5b                Phys::allowSegmentToBeUsed(unsigned long, unsigned long)
                0x00000000c0007c93                Phys::physicalMemorySetup(unsigned int)
 .text          0x00000000c0007f5e      0x273 core/pipe.32
                0x00000000c0007f5e                Pipe::isAtty()
                0x00000000c0007f62                Pipe::~Pipe()
                0x00000000c0007f62                Pipe::~Pipe()
                0x00000000c0007f86                Pipe::~Pipe()
                0x00000000c0007fae                Pipe::write(unsigned long long, void*, int*)
                0x00000000c000806e                Pipe::read(unsigned long long, void*, int*)
                0x00000000c000816a                Pipe::Pipe(int)
                0x00000000c000816a                Pipe::Pipe(int)
 *fill*         0x00000000c00081d1        0x1 
 .text          0x00000000c00081d2      0xaac core/terminal.32
                0x00000000c00081d2                VgaText::isAtty()
                0x00000000c00081d6                VgaText::~VgaText()
                0x00000000c00081d6                VgaText::~VgaText()
                0x00000000c00081fa                VgaText::~VgaText()
                0x00000000c0008224                VgaText::read(unsigned long long, void*, int*)
                0x00000000c0008244                setTerminalScrollLock(bool)
                0x00000000c0008245                doTerminalCycle()
                0x00000000c0008246                addToTerminalCycle(VgaText*)
                0x00000000c0008247                scrollTerminalScrollLock(int)
                0x00000000c0008248                VgaText::updateTitle()
                0x00000000c000824a                VgaText::load()
                0x00000000c000824c                VgaText::updateCursor()
                0x00000000c0008262                VgaText::doANSI_SGR(int)
                0x00000000c00082d6                VgaText::setDefaultBgColour(VgaColour)
                0x00000000c00082e6                VgaText::setDefaultFgColour(VgaColour)
                0x00000000c00082f6                VgaText::setDefaultColours(VgaColour, VgaColour)
                0x00000000c0008316                VgaText::setTitleTextColour(VgaColour)
                0x00000000c0008322                VgaText::setTitleColour(VgaColour)
                0x00000000c000832e                VgaText::setTitle(char*)
                0x00000000c0008330                VgaText::combineColours(unsigned char, unsigned char)
                0x00000000c0008342                VgaText::scrollScreen()
                0x00000000c00083d4                VgaText::combineCharAndColour(char, unsigned char)
                0x00000000c00083e6                VgaText::writeCharacter(char, VgaColour, VgaColour, int, int)
                0x00000000c0008476                VgaText::getCursorX()
                0x00000000c000847e                VgaText::getCursorY()
                0x00000000c0008486                VgaText::setCursor(int, int)
                0x00000000c000849d                setActiveTerminal(VgaText*)
                0x00000000c00084e8                VgaText::clearScreen()
                0x00000000c0008536                VgaText::setCursorX(int)
                0x00000000c000854e                VgaText::setCursorY(int)
                0x00000000c0008566                VgaText::incrementCursor(bool)
                0x00000000c00085ba                VgaText::decrementCursor(bool)
                0x00000000c00085dc                VgaText::putchar(char, VgaColour, VgaColour)
                0x00000000c00086aa                VgaText::putchar(char)
                0x00000000c0008796                VgaText::putx(unsigned int)
                0x00000000c00087dc                VgaText::puts(char const*)
                0x00000000c0008802                VgaText::write(unsigned long long, void*, int*)
                0x00000000c000884e                VgaText::puts(char const*, VgaColour, VgaColour)
                0x00000000c00089a0                VgaText::VgaText(char const*)
                0x00000000c00089a0                VgaText::VgaText(char const*)
                0x00000000c0008af0                VgaText::receiveKey(unsigned char)
                0x00000000c0008c58                VgaText::doUpdate()
                0x00000000c0008c59                newTerminal(char*)
 *fill*         0x00000000c0008c7e        0x2 
 .text          0x00000000c0008c80      0x1a1 core/tss.32
                0x00000000c0008c80                TSS::TSS()
                0x00000000c0008c80                TSS::TSS()
                0x00000000c0008c90                TSS::setESP(unsigned long)
                0x00000000c0008ca4                TSS::flush()
                0x00000000c0008cc4                TSS::setup(unsigned long, unsigned long)
 *fill*         0x00000000c0008e21        0x1 
 .text          0x00000000c0008e22      0x4c2 core/unixfile.32
                0x00000000c0008e22                ReservedFilename::read(unsigned long long, void*, int*)
                0x00000000c0008e78                ReservedFilename::isAtty()
                0x00000000c0008e94                ReservedFilename::write(unsigned long long, void*, int*)
                0x00000000c0008ef2                UnixFile::getFileDescriptor()
                0x00000000c0008efa                UnixFile::UnixFile(int)
                0x00000000c0008efa                UnixFile::UnixFile(int)
                0x00000000c00090aa                ReservedFilename::ReservedFilename(int)
                0x00000000c00090aa                ReservedFilename::ReservedFilename(int)
                0x00000000c00090dc                UnixFile::~UnixFile()
                0x00000000c00090dc                UnixFile::~UnixFile()
                0x00000000c0009174                UnixFile::~UnixFile()
                0x00000000c000919c                ReservedFilename::~ReservedFilename()
                0x00000000c000919c                ReservedFilename::~ReservedFilename()
                0x00000000c00091c0                ReservedFilename::~ReservedFilename()
                0x00000000c00091e7                getFromFileDescriptor(int)
 .text          0x00000000c00092e4     0x11d0 core/virtmgr.32
                0x00000000c00092e4                Virt::setPageState(unsigned long, Virt::VirtPageState)
                0x00000000c0009319                Virt::getPageState(unsigned long)
                0x00000000c000933d                Virt::allocateKernelVirtualPages(int)
                0x00000000c000944e                Virt::freeSwapfilePage(unsigned long)
                0x00000000c000946c                Virt::swapIDToSector(unsigned long)
                0x00000000c000947e                Virt::allocateSwapfilePage()
                0x00000000c00094fc                Virt::virtualMemorySetup()
                0x00000000c0009547                Virt::setupPageSwapping(int)
                0x00000000c00095b8                VAS::VAS(VAS*)
                0x00000000c00095b8                VAS::VAS(VAS*)
                0x00000000c00095e6                VAS::getForeignPageTableEntry(bool, unsigned long)
                0x00000000c0009612                VAS::getPageTableEntry(unsigned long)
                0x00000000c0009631                Virt::freeKernelVirtualPages(unsigned long)
                0x00000000c0009756                VAS::freeAllocatedPages(unsigned long)
                0x00000000c000977a                VAS::virtualToPhysical(unsigned long)
                0x00000000c0009794                VAS::reflagRange(unsigned long, int, int, int)
                0x00000000c00097d4                VAS::VAS()
                0x00000000c00097d4                VAS::VAS()
                0x00000000c000983e                VAS::setToWriteCombining(unsigned long, int)
                0x00000000c0009872                VAS::mapOtherVASIn(bool, VAS*)
                0x00000000c000989c                VAS::~VAS()
                0x00000000c000989c                VAS::~VAS()
                0x00000000c0009a00                VAS::mapPage(unsigned long, unsigned long, int)
                0x00000000c0009b04                VAS::allocatePages(int, int)
                0x00000000c0009cdc                VAS::setCPUSpecific(unsigned long)
                0x00000000c0009cfa                VAS::mapRange(unsigned long, unsigned long, int, int)
                0x00000000c0009dc0                VAS::mapForeignPage(bool, VAS*, unsigned long, unsigned long, int)
                0x00000000c0009eae                VAS::VAS(bool)
                0x00000000c0009eae                VAS::VAS(bool)
                0x00000000c000a12e                VAS::evict(unsigned long)
                0x00000000c000a1f0                VAS::tryLoadBackOffDisk(unsigned long)
                0x00000000c000a2de                VAS::scanForEviction()
                0x00000000c000a3be                mapVASFirstTime
 .text          0x00000000c000a4b4       0x5f coreobjs/c++.32
                0x00000000c000a4b4                __cxa_atexit
                0x00000000c000a4b7                __cxa_finalize
                0x00000000c000a4b8                __stack_chk_fail
                0x00000000c000a4ee                __cxa_pure_virtual
                0x00000000c000a4ff                operator new[](unsigned long)
                0x00000000c000a504                operator delete(void*, unsigned long)
                0x00000000c000a509                operator delete[](void*)
                0x00000000c000a50e                operator delete[](void*, unsigned long)
 .text          0x00000000c000a513      0x21c dbg/kconsole.32
                0x00000000c000a513                Dbg::stringifyxWithBase(unsigned int, char*, int)
                0x00000000c000a57e                Dbg::logc(char)
                0x00000000c000a59e                Dbg::logs(char*)
                0x00000000c000a5bb                Dbg::logWriteInt(unsigned int)
                0x00000000c000a5d9                Dbg::logWriteIntBase(unsigned int, int)
                0x00000000c000a5fa                Dbg::kprintf(char const*, ...)
 *fill*         0x00000000c000a72f        0x1 
 .text          0x00000000c000a730      0xc5c fs/vfs.32
                0x00000000c000a730                File::read(unsigned long long, void*, int*)
                0x00000000c000a788                File::write(unsigned long long, void*, int*)
                0x00000000c000a7e0                Directory::read(unsigned long long, void*, int*)
                0x00000000c000a838                Directory::write(unsigned long long, void*, int*)
                0x00000000c000a866                File::isAtty()
                0x00000000c000a86a                Directory::isAtty()
                0x00000000c000a86e                Filesystem::getlabel(LogicalDisk*, int, char*, unsigned int*)
                0x00000000c000a874                Filesystem::setlabel(LogicalDisk*, int, char*)
                0x00000000c000a87a                Filesystem::allocateSwapfile(char const*, int)
                0x00000000c000a880                File::~File()
                0x00000000c000a880                File::~File()
                0x00000000c000a8a4                File::~File()
                0x00000000c000a8ce                Directory::~Directory()
                0x00000000c000a8ce                Directory::~Directory()
                0x00000000c000a8f2                Directory::~Directory()
                0x00000000c000a91c                Filesystem::Filesystem()
                0x00000000c000a91c                Filesystem::Filesystem()
                0x00000000c000a940                Filesystem::~Filesystem()
                0x00000000c000a940                Filesystem::~Filesystem()
                0x00000000c000a94e                Filesystem::~Filesystem()
                0x00000000c000a972                Fs::getcwd(Process*, char*, int)
                0x00000000c000a99c                Fs::initVFS()
                0x00000000c000a9c6                Fs::standardiseFiles(char*, char const*, char const*)
                0x00000000c000ab70                File::File(char const*, Process*)
                0x00000000c000ab70                File::File(char const*, Process*)
                0x00000000c000ac30                File::open(FileOpenMode)
                0x00000000c000ac8e                File::close()
                0x00000000c000acee                File::seek(unsigned long long)
                0x00000000c000ad44                File::tell(unsigned long long*)
                0x00000000c000ad94                File::rewind()
                0x00000000c000ada8                File::unlink()
                0x00000000c000adf4                File::rename(char const*)
                0x00000000c000ae42                File::chfatattr(unsigned char, unsigned char)
                0x00000000c000ae9e                File::exists()
                0x00000000c000aedc                File::stat(unsigned long long*, bool*)
                0x00000000c000af3d                Fs::setcwd(Process*, char*)
                0x00000000c000b09a                Directory::Directory(char const*, Process*)
                0x00000000c000b09a                Directory::Directory(char const*, Process*)
                0x00000000c000b15a                Directory::open()
                0x00000000c000b1b6                Directory::close()
                0x00000000c000b216                Directory::unlink()
                0x00000000c000b262                Directory::rename(char const*)
                0x00000000c000b2b0                Directory::exists()
                0x00000000c000b2ee                Directory::read(dirent*)
                0x00000000c000b33a                Directory::create()
                0x00000000c000b386                Filesystem::chfatattr(char const*, unsigned char, unsigned char)
 .text          0x00000000c000b38c       0x86 hal/bus.32
                0x00000000c000b38c                Bus::Bus(char const*)
                0x00000000c000b38c                Bus::Bus(char const*)
                0x00000000c000b3c4                Bus::~Bus()
                0x00000000c000b3c4                Bus::~Bus()
                0x00000000c000b3e8                Bus::~Bus()
 .text          0x00000000c000b412       0x96 hal/buzzer.32
                0x00000000c000b412                beepThread(void*)
                0x00000000c000b44f                Krnl::beep(int, int, bool)
 .text          0x00000000c000b4a8      0x46d hal/clock.32
                0x00000000c000b4a8                User::loadClockSettings(int)
                0x00000000c000b4fa                Clock::Clock(char const*)
                0x00000000c000b4fa                Clock::Clock(char const*)
                0x00000000c000b530                Clock::~Clock()
                0x00000000c000b530                Clock::~Clock()
                0x00000000c000b554                Clock::~Clock()
                0x00000000c000b57e                Clock::timeInSecondsLocal()
                0x00000000c000b5c6                Clock::setTimeInSecondsLocal(unsigned long long)
                0x00000000c000b61f                datetimeToSeconds(datetime_t)
                0x00000000c000b74c                Clock::setTimeInDatetimeLocal(datetime_t)
                0x00000000c000b7ac                secondsToDatetime(unsigned long long)
                0x00000000c000b8f0                Clock::timeInDatetimeLocal()
 *fill*         0x00000000c000b915        0x1 
 .text          0x00000000c000b916      0x464 hal/device.32
                0x00000000c000b916                Device::hibernate()
                0x00000000c000b918                Device::wake()
                0x00000000c000b91a                Device::detect()
                0x00000000c000b91c                Device::disableLegacy()
                0x00000000c000b91e                Device::powerSaving(PowerSavingLevel)
                0x00000000c000b920                DriverlessDevice::close(int, int, void*)
                0x00000000c000b924                DriverlessDevice::detect()
                0x00000000c000b926                DriverlessDevice::open(int, int, void*)
                0x00000000c000b93a                Device::~Device()
                0x00000000c000b93a                Device::~Device()
                0x00000000c000b948                Device::~Device()
                0x00000000c000b970                Device::findAndLoadDriver()
                0x00000000c000b97e                Device::preOpenPCI(PCIDeviceInfo)
                0x00000000c000b9a4                Device::preOpenACPI(void*, char*, char*)
                0x00000000c000b9e4                Device::addIRQHandler(int, void (*)(regs*, void*), bool, void*)
                0x00000000c000ba0e                Device::getParent()
                0x00000000c000ba1a                Device::removeIRQHandler(int, void (*)(regs*, void*), bool)
                0x00000000c000ba38                Device::addChild(Device*)
                0x00000000c000ba7c                Device::removeAllChildren()
                0x00000000c000bac2                Device::hibernateAll()
                0x00000000c000baf2                Device::wakeAll()
                0x00000000c000bb22                Device::detectAll()
                0x00000000c000bb52                Device::disableLegacyAll()
                0x00000000c000bb54                Device::loadDriversForAll()
                0x00000000c000bb56                Device::closeAll()
                0x00000000c000bb8c                Device::powerSavingAll(PowerSavingLevel)
                0x00000000c000bbc2                Device::setName(char const*)
                0x00000000c000bbd0                Device::Device(char const*)
                0x00000000c000bbd0                Device::Device(char const*)
                0x00000000c000bccc                Device::getName()
                0x00000000c000bcd6                DriverlessDevice::DriverlessDevice(char const*)
                0x00000000c000bcd6                DriverlessDevice::DriverlessDevice(char const*)
                0x00000000c000bd0c                Device::addToLinkedList(LinkedList<Device>&, DeviceType)
                0x00000000c000bd50                getDevicesOfType(DeviceType)
 *fill*         0x00000000c000bd7a        0x2 
 .text          0x00000000c000bd7c       0x86 hal/diskctrl.32
                0x00000000c000bd7c                HardDiskController::HardDiskController(char const*)
                0x00000000c000bd7c                HardDiskController::HardDiskController(char const*)
                0x00000000c000bdb4                HardDiskController::~HardDiskController()
                0x00000000c000bdb4                HardDiskController::~HardDiskController()
                0x00000000c000bdd8                HardDiskController::~HardDiskController()
 .text          0x00000000c000be02       0xe2 hal/diskphys.32
                0x00000000c000be02                PhysicalDisk::eject()
                0x00000000c000be06                PhysicalDisk::PhysicalDisk(char const*, int)
                0x00000000c000be06                PhysicalDisk::PhysicalDisk(char const*, int)
                0x00000000c000be6e                PhysicalDisk::startCache()
                0x00000000c000be96                PhysicalDisk::~PhysicalDisk()
                0x00000000c000be96                PhysicalDisk::~PhysicalDisk()
                0x00000000c000beba                PhysicalDisk::~PhysicalDisk()
 .text          0x00000000c000bee4        0x0 hal/fpu.32
 .text          0x00000000c000bee4      0x35d hal/intctrl.32
                0x00000000c000bee4                int_handler
                0x00000000c000bf6c                installISRHandler(int, void (*)(regs*, void*), void*)
                0x00000000c000bfb4                installIRQHandler(int, void (*)(regs*, void*), bool, void*)
                0x00000000c000c0ec                uninstallISRHandler(int, void (*)(regs*, void*))
                0x00000000c000c120                uninstallIRQHandler(int, void (*)(regs*, void*), bool)
                0x00000000c000c19f                setupINTS()
                0x00000000c000c1fc                convertLegacyIRQNumber(int)
 *fill*         0x00000000c000c241        0x1 
 .text          0x00000000c000c242      0x7bc hal/keybrd.32
                0x00000000c000c242                startGUI(void*)
                0x00000000c000c2ae                startGUIVESA(void*)
                0x00000000c000c31a                sendKeyToTerminal(unsigned char)
                0x00000000c000c3e3                sendKeyboardToken(KeyboardToken)
                0x00000000c000c823                clearInternalKeybuffer(VgaText*)
                0x00000000c000c858                readKeyboard(VgaText*, char*, unsigned long)
                0x00000000c000c974                Keyboard::Keyboard(char const*)
                0x00000000c000c974                Keyboard::Keyboard(char const*)
                0x00000000c000c9b0                Keyboard::~Keyboard()
                0x00000000c000c9b0                Keyboard::~Keyboard()
                0x00000000c000c9d4                Keyboard::~Keyboard()
 .text          0x00000000c000c9fe      0x3f4 hal/logidisk.32
                0x00000000c000c9fe                LogicalDisk::close(int, int, void*)
                0x00000000c000ca02                LogicalDisk::~LogicalDisk()
                0x00000000c000ca02                LogicalDisk::~LogicalDisk()
                0x00000000c000ca26                LogicalDisk::~LogicalDisk()
                0x00000000c000ca50                LogicalDisk::open(int, int, void*)
                0x00000000c000ca64                LogicalDisk::absoluteToRelative(unsigned long long)
                0x00000000c000ca9c                LogicalDisk::relativeToAbsolute(unsigned long long)
                0x00000000c000cae2                LogicalDisk::LogicalDisk(char const*, PhysicalDisk*, unsigned long long, unsigned long long)
                0x00000000c000cae2                LogicalDisk::LogicalDisk(char const*, PhysicalDisk*, unsigned long long, unsigned long long)
                0x00000000c000cba2                LogicalDisk::assignDriveLetter()
                0x00000000c000cc58                LogicalDisk::mount()
                0x00000000c000cca0                LogicalDisk::unmount()
                0x00000000c000ccb0                LogicalDisk::eject()
                0x00000000c000ccc4                LogicalDisk::unassignDriveLetter()
                0x00000000c000cd1a                LogicalDisk::read(unsigned long long, int, void*)
                0x00000000c000cd86                LogicalDisk::write(unsigned long long, int, void*)
 *fill*         0x00000000c000cdf2        0x2 
 .text          0x00000000c000cdf4       0x86 hal/mouse.32
                0x00000000c000cdf4                Mouse::Mouse(char const*)
                0x00000000c000cdf4                Mouse::Mouse(char const*)
                0x00000000c000ce2c                Mouse::~Mouse()
                0x00000000c000ce2c                Mouse::~Mouse()
                0x00000000c000ce50                Mouse::~Mouse()
 .text          0x00000000c000ce7a       0x90 hal/nic.32
                0x00000000c000ce7a                NIC::getMAC()
                0x00000000c000ce80                NIC::write(int, unsigned char*, int*)
                0x00000000c000ce86                NIC::NIC(char const*)
                0x00000000c000ce86                NIC::NIC(char const*)
                0x00000000c000cebc                NIC::~NIC()
                0x00000000c000cebc                NIC::~NIC()
                0x00000000c000cee0                NIC::~NIC()
 .text          0x00000000c000cf0a      0x339 hal/partition.32
                0x00000000c000cf0a                makePartition(PhysicalDisk*, unsigned long long, unsigned long long)
                0x00000000c000cfb2                createPartitionsForDisk(PhysicalDisk*)
 *fill*         0x00000000c000d243        0x1 
 .text          0x00000000c000d244       0x86 hal/serial.32
                0x00000000c000d244                Serial::Serial(char const*)
                0x00000000c000d244                Serial::Serial(char const*)
                0x00000000c000d27c                Serial::~Serial()
                0x00000000c000d27c                Serial::~Serial()
                0x00000000c000d2a0                Serial::~Serial()
 *fill*         0x00000000c000d2ca        0x2 
 .text          0x00000000c000d2cc      0x234 hal/timer.32
                0x00000000c000d2cc                Timer::Timer(char const*)
                0x00000000c000d2cc                Timer::Timer(char const*)
                0x00000000c000d304                Timer::~Timer()
                0x00000000c000d304                Timer::~Timer()
                0x00000000c000d328                Timer::~Timer()
                0x00000000c000d352                Timer::read()
                0x00000000c000d35d                setupTimer(int)
                0x00000000c000d398                timerHandler(unsigned int)
 .text          0x00000000c000d500      0x440 hal/vcache.32
                0x00000000c000d500                VCache::VCache(PhysicalDisk*)
                0x00000000c000d500                VCache::VCache(PhysicalDisk*)
                0x00000000c000d670                VCache::invalidateReadBuffer()
                0x00000000c000d680                VCache::writeWriteBuffer()
                0x00000000c000d6cc                VCache::~VCache()
                0x00000000c000d6cc                VCache::~VCache()
                0x00000000c000d720                VCache::~VCache()
                0x00000000c000d748                VCache::write(unsigned long long, int, void*)
                0x00000000c000d836                VCache::read(unsigned long long, int, void*)
 .text          0x00000000c000d940      0x4c7 hal/video.32
                0x00000000c000d940                Video::putrect(int, int, int, int, unsigned int)
                0x00000000c000d98c                Video::bitblit(int, int, int, int, int, int, int, unsigned int*)
                0x00000000c000d9fc                Video::blit(unsigned int*, int, int, int, int)
                0x00000000c000da7a                Video::clearScreen(unsigned int)
                0x00000000c000daae                Video::putpixel(int, int, unsigned int)
                0x00000000c000dabc                Video::readPixelApprox(int, int)
                0x00000000c000dad0                Video::Video(char const*)
                0x00000000c000dad0                Video::Video(char const*)
                0x00000000c000db06                Video::~Video()
                0x00000000c000db06                Video::~Video()
                0x00000000c000db2a                Video::~Video()
                0x00000000c000db54                Video::isMonochrome()
                0x00000000c000db60                Video::getWidth()
                0x00000000c000db6c                Video::getHeight()
                0x00000000c000db78                Video::drawCursor(int, int, unsigned int*, int)
                0x00000000c000dc34                Video::tgaParse(unsigned char*, int, int*, int*)
                0x00000000c000dd9c                Video::putTGA(int, int, unsigned char*, int)
 *fill*         0x00000000c000de07        0x1 
 .text          0x00000000c000de08     0x1307 hw/acpi.32
                0x00000000c000de08                ACPI::close(int, int, void*)
                0x00000000c000dec0                findRSDP()
                0x00000000c000df50                loadACPITables(unsigned char*)
                0x00000000c000e1b4                findRSDT(unsigned char*)
                0x00000000c000e304                findDataTable(unsigned char*, char*)
                0x00000000c000e37c                scanMADT()
                0x00000000c000e850                ACPI::ACPI()
                0x00000000c000e850                ACPI::ACPI()
                0x00000000c000e8a4                ACPI::getPCIIRQAssignment(unsigned char, unsigned short, unsigned char)
                0x00000000c000e98c                ACPI::registerPCIIRQAssignment(void*, unsigned short, unsigned char, unsigned char)
                0x00000000c000ea54                ACPI::setScreenBrightnessLevel(void*, int)
                0x00000000c000ea5c                ACPI::detectPCI()
                0x00000000c000ec64                ACPI::writeSimpleBootFlag(SimpleBootFlagTable*)
                0x00000000c000ecb8                ACPI::sleep()
                0x00000000c000ecd4                ACPI::open(int, int, void*)
 *fill*         0x00000000c000f10f        0x1 
 .text          0x00000000c000f110      0xb95 hw/cpu.32
                0x00000000c000f110                CPU::close(int, int, void*)
                0x00000000c000f114                CPU::AMD_K6_write_msr(unsigned int, unsigned int, unsigned int, CPU::REGS*)
                0x00000000c000f130                CPU::AMD_K6_read_msr(unsigned int, CPU::REGS*)
                0x00000000c000f148                CPU::AMD_K6_writeback(int, int, int)
                0x00000000c000f1bc                CPU::cpuid(int, unsigned long*, unsigned long*, unsigned long*, unsigned long*)
                0x00000000c000f240                CPU::cpuidCheckEDX(unsigned int)
                0x00000000c000f26e                CPU::cpuidCheckECX(unsigned int)
                0x00000000c000f29c                CPU::cpuidCheckExtendedEBX(unsigned int)
                0x00000000c000f2ca                CPU::cpuidCheckExtendedECX(unsigned int)
                0x00000000c000f2f8                CPU::CPU()
                0x00000000c000f2f8                CPU::CPU()
                0x00000000c000f386                CPU::displayFeatures()
                0x00000000c000f388                CPU::detectFeatures()
                0x00000000c000fa4c                CPU::setupSMEP()
                0x00000000c000fa58                CPU::setupUMIP()
                0x00000000c000fa62                CPU::setupTSC()
                0x00000000c000fa6c                CPU::setupLargePages()
                0x00000000c000fa76                CPU::setupPAT()
                0x00000000c000fab2                CPU::setupMTRR()
                0x00000000c000fab4                CPU::setupGlobalPages()
                0x00000000c000fabe                CPU::allowUsermodeDataAccess()
                0x00000000c000fad0                CPU::prohibitUsermodeDataAccess()
                0x00000000c000fae2                CPU::setupSMAP()
                0x00000000c000faf0                CPU::setupFeatures()
                0x00000000c000fbbc                CPU::open(int, int, void*)
 .text          0x00000000c000fca5       0xd1 krnl/bootmsg.32
                0x00000000c000fca5                KeDisplaySplashScreen()
                0x00000000c000fd13                KeSetBootMessage(char const*)
 .text          0x00000000c000fd76      0x581 krnl/env.32
                0x00000000c000fd76                EnvVarContainer::getEnv(char const*)
                0x00000000c000fdb4                EnvVarContainer::setEnv(char const*, char const*)
                0x00000000c000fe76                EnvVarContainer::deleteEnv(char const*)
                0x00000000c000fe78                EnvVarContainer::loadFrom(char const*, char const*)
                0x00000000c001005e                EnvVarContainer::__loadSystem()
                0x00000000c0010078                EnvVarContainer::__loadUser()
                0x00000000c001007a                EnvVarContainer::EnvVarContainer(Process*)
                0x00000000c001007a                EnvVarContainer::EnvVarContainer(Process*)
                0x00000000c001009c                EnvVarContainer::~EnvVarContainer()
                0x00000000c001009c                EnvVarContainer::~EnvVarContainer()
                0x00000000c00100cc                Krnl::getEnv(Process*, char const*)
                0x00000000c0010131                Krnl::setEnvSystem(char const*, char const*)
                0x00000000c001014b                Krnl::setEnvUser(char const*, char const*)
                0x00000000c001016a                Krnl::setEnvProcess(Process*, char const*, char const*)
                0x00000000c001017d                Krnl::deleteEnvSystem(char const*)
                0x00000000c001017e                Krnl::deleteEnvUser(char const*)
                0x00000000c001017f                Krnl::deleteEnvProcess(Process*, char const*)
                0x00000000c0010180                Krnl::newProcessEnv(Process*)
                0x00000000c00101a2                Krnl::copyProcessEnv(Process*, Process*)
                0x00000000c00101ee                Krnl::loadSystemEnv()
                0x00000000c001021c                Krnl::loadUserEnv()
                0x00000000c0010242                Krnl::flushEnv()
                0x00000000c0010243                Krnl::getProcessTotalEnvCount(Process*)
                0x00000000c0010263                Krnl::getProcessEnvPair(Process*, int)
 .text          0x00000000c00102f7       0x94 krnl/inlines.32
                0x00000000c00102f7                CPU::current()
                0x00000000c0010303                operator new(unsigned long)
                0x00000000c0010308                operator delete(void*)
                0x00000000c001030d                disableIRQs()
                0x00000000c001030f                enableIRQs()
                0x00000000c0010311                lockScheduler()
                0x00000000c0010319                unlockScheduler()
                0x00000000c0010328                lockStuff()
                0x00000000c0010336                unlockStuff()
                0x00000000c0010370                Virt::getAKernelVAS()
                0x00000000c0010376                __not_memcpy
 .text          0x00000000c001038b        0xc krnl/panic.32
                0x00000000c001038b                KePanic(char const*)
 .text          0x00000000c0010397      0x142 krnl/powctrl.32
                0x00000000c0010397                Krnl::powerThread(void*)
                0x00000000c00103c5                Krnl::changePowerSettings(Krnl::PowerSettings)
                0x00000000c00103db                Krnl::userIOReceived()
                0x00000000c00103e6                Krnl::handlePowerButton()
                0x00000000c001041b                Krnl::handleSleepButton()
                0x00000000c0010450                Krnl::setupPowerManager()
 *fill*         0x00000000c00104d9        0x3 
 .text          0x00000000c00104dc      0x190 krnl/resolve.32
                0x00000000c00104dc                KeResolveCompatibilitySymbol(char*)
 .text          0x00000000c001066c      0x320 krnl/signal.32
                0x00000000c001066c                KiSigKill(int)
                0x00000000c0010698                KiDefaultSignalHandlerIgnore(int)
                0x00000000c0010699                KiDefaultSignalHandlerPause(int)
                0x00000000c00106c5                KiDefaultSignalHandlerResume(int)
                0x00000000c00106f1                KeDeinitSignals(SigHandlerBlock*)
                0x00000000c00106f6                KeInitSignals()
                0x00000000c0010741                KeRegisterSignalHandler(SigHandlerBlock*, int, void (*)(int), unsigned int, int)
                0x00000000c0010777                KeRaiseSignal(SigHandlerBlock*, int)
                0x00000000c00107f4                KeCheckSignal(SigHandlerBlock*, int*)
                0x00000000c00108e5                KiCheckSignalZ
                0x00000000c001091f                KeCompleteSignal(SigHandlerBlock*, int)
                0x00000000c001095a                KiFinishSignalZ
 .text          0x00000000c001098c      0xc39 krnl/syscalls.32
                0x00000000c001098c                SysSeekDir(regs*)
                0x00000000c0010991                SysTellDir(regs*)
                0x00000000c0010996                SysVerify(regs*)
                0x00000000c00109a0                SysGetArgc(regs*)
                0x00000000c00109b0                SysTTYName(regs*)
                0x00000000c00109b8                SysFormatDisk(regs*)
                0x00000000c0010a25                SysSetDiskVolumeLabel(regs*)
                0x00000000c0010a6f                SysGetDiskVolumeLabel(regs*)
                0x00000000c0010ac4                SysShutdown(regs*)
                0x00000000c0010b22                SysRealpath(regs*)
                0x00000000c0010b65                SysReadDir(regs*)
                0x00000000c0010be5                SysIsATTY(regs*)
                0x00000000c0010c41                SysSeek(regs*)
                0x00000000c0010c9a                SysTell(regs*)
                0x00000000c0010d09                SysSize(regs*)
                0x00000000c0010d7e                SysSizeFromFilename(regs*)
                0x00000000c0010e31                SysClose(regs*)
                0x00000000c0010e91                SysOpenDir(regs*)
                0x00000000c0010f08                SysMakeDir(regs*)
                0x00000000c0010f72                SysCloseDir(regs*)
                0x00000000c0010fc6                SysWait(regs*)
                0x00000000c0010fe3                SysNotImpl(regs*)
                0x00000000c0010ffe                SysPanic(regs*)
                0x00000000c0011019                SysRmdir(regs*)
                0x00000000c0011080                SysUnlink(regs*)
                0x00000000c00110e7                SysGetArgv(regs*)
                0x00000000c0011134                SysUSleep(regs*)
                0x00000000c001115d                SysSpawn(regs*)
                0x00000000c00111c6                SysGetEnv(regs*)
                0x00000000c0011275                SysSetFatAttrib(regs*)
                0x00000000c00112ec                SysPipe(regs*)
                0x00000000c0011331                SysGetUnixTime(regs*)
                0x00000000c0011345                string_ends_with(char const*, char const*)
                0x00000000c001138f                SysOpen(regs*)
                0x00000000c0011583                KeSystemCall(regs*, void*)
 *fill*         0x00000000c00115c5        0x3 
 .text          0x00000000c00115c8      0x110 net/ethernet.32
                0x00000000c00115c8                KeSwitchEndian16(unsigned short)
                0x00000000c00115f4                KeSwitchEndian32(unsigned int)
                0x00000000c0011624                EthernetCRC32(unsigned char*, int)
                0x00000000c00116c8                EthernetReceivedPacket(unsigned char*, unsigned short)
 .text          0x00000000c00116d8      0xd40 reg/cm.32
                0x00000000c00116d8                CmOpen(char const*)
                0x00000000c00117f6                CmClose(Reghive_Tag*)
                0x00000000c001180c                CmReadExtent(Reghive_Tag*, int, unsigned char*)
                0x00000000c001187a                CmGetString(Reghive_Tag*, int, char*)
                0x00000000c00118f1                CmEnterDirectory(Reghive_Tag*, int)
                0x00000000c0011930                CmGetNext(Reghive_Tag*, int)
                0x00000000c0011962                CmWriteExtent(Reghive_Tag*, int, unsigned char*)
                0x00000000c00119e8                CmFreeExtent(Reghive_Tag*, int)
                0x00000000c0011a10                CmUpdateHeader(Reghive_Tag*)
                0x00000000c0011a31                CmExpand(Reghive_Tag*, int)
                0x00000000c0011aac                CmFindUnusedExtent(Reghive_Tag*)
                0x00000000c0011b32                CmCreateExtent(Reghive_Tag*, int, int, unsigned char*)
                0x00000000c0011c26                CmSetString(Reghive_Tag*, int, char const*)
                0x00000000c0011d62                CmGetMatch(char*, char*, bool, bool*)
                0x00000000c0011dc3                CmAddShift(unsigned int*, int*, unsigned char, int)
                0x00000000c0011df3                CmGetShift(unsigned int*, int*, int, bool*)
                0x00000000c0011e2a                CmGetInteger(Reghive_Tag*, int, unsigned long long*)
                0x00000000c0011e54                CmSetInteger(Reghive_Tag*, int, unsigned long long)
                0x00000000c0011e94                CmConvertFromInternalFilename(unsigned char const*, char*)
                0x00000000c0011f38                CmGetNameAndTypeFromExtent(Reghive_Tag*, int, char*)
                0x00000000c0011f66                CmConvertToInternalFilename(char const*, unsigned char*)
                0x00000000c0012104                CmCreateString(Reghive_Tag*, int, char const*)
                0x00000000c0012151                CmFindInDirectory(Reghive_Tag*, int, char const*)
                0x00000000c00121cb                CmCreateInteger(Reghive_Tag*, int, char const*, unsigned long long, int)
                0x00000000c001221e                CmCreateDirectory(Reghive_Tag*, int, char const*)
                0x00000000c00122c2                CmFindObjectFromPath(Reghive_Tag*, char const*)
                0x00000000c0012343                CmDisplayTree(Reghive_Tag*, int, int)
                0x00000000c00123e6                CmSplitFinalSlashInPlace(char*)
 .text          0x00000000c0012418      0x50e reg/registry.32
                0x00000000c0012418                Reg::findLineFromLoadedData(char*, char*, char*)
                0x00000000c0012570                Reg::getLineFromRegistry(char*, char*, char*, char*)
                0x00000000c00126c5                Reg::getLine(char*, char*, char*)
                0x00000000c00126fc                Reg::readInt(char*, char*, int*)
                0x00000000c00127e7                Reg::readString(char*, char*, char*, int)
                0x00000000c0012868                Reg::readBool(char*, char*, bool*)
                0x00000000c001288d                Reg::readBoolWithDefault(char*, char*, bool)
                0x00000000c00128b9                Reg::readIntWithDefault(char*, char*, int)
                0x00000000c00128e5                Reg::readStringWithDefault(char*, char*, char*, int, char*)
 .text          0x00000000c0012926       0x36 sys/eject.32
                0x00000000c0012926                SysEject(regs*)
 .text          0x00000000c001295c       0x18 sys/exit.32
                0x00000000c001295c                SysExit(regs*)
 .text          0x00000000c0012974       0x1f sys/getcwd.32
                0x00000000c0012974                SysGetCwd(regs*)
 .text          0x00000000c0012993        0xc sys/getpid.32
                0x00000000c0012993                SysGetPID(regs*)
 .text          0x00000000c001299f       0x1a sys/getramdata.32
                0x00000000c001299f                SysGetRAMData(regs*)
 .text          0x00000000c00129b9       0x82 sys/getvgaptr.32
                0x00000000c00129b9                SysGetVGAPtr(regs*)
 .text          0x00000000c0012a3b       0xa8 sys/loaddll.32
                0x00000000c0012a3b                SysLoadDLL(regs*)
 .text          0x00000000c0012ae3       0x68 sys/read.32
                0x00000000c0012ae3                SysRead(regs*)
 .text          0x00000000c0012b4b       0x29 sys/registersignal.32
                0x00000000c0012b4b                SysRegisterSignal(regs*)
 .text          0x00000000c0012b74       0x55 sys/sbrk.32
                0x00000000c0012b74                SysSbrk(regs*)
 .text          0x00000000c0012bc9       0x1c sys/setcwd.32
                0x00000000c0012bc9                SysSetCwd(regs*)
 .text          0x00000000c0012be5       0x95 sys/settime.32
                0x00000000c0012be5                SysSetTime(regs*)
 .text          0x00000000c0012c7a       0x4a sys/timezone.32
                0x00000000c0012c7a                SysTimezone(regs*)
 .text          0x00000000c0012cc4       0x68 sys/write.32
                0x00000000c0012cc4                SysWrite(regs*)
 .text          0x00000000c0012d2c       0x62 sys/wsbe.32
                0x00000000c0012d2c                SysWsbe(regs*)
 .text          0x00000000c0012d8e       0x25 sys/yield.32
                0x00000000c0012d8e                SysYield(regs*)
 .text          0x00000000c0012db3     0x11e5 thr/elf.32
                0x00000000c0012db3                Thr::allocateMemoryForTask(Process*, File*, unsigned long, unsigned long, unsigned long)
                0x00000000c001303f                Thr::loadProgramIntoMemory(Process*, char const*)
                0x00000000c0013255                Thr::runtimeReferenceHelper()
                0x00000000c0013268                Thr::getAddressOfKernelSymbol(char const*)
                0x00000000c00132b7                Thr::loadKernelSymbolTable(char const*)
                0x00000000c0013575                Thr::loadDriverIntoMemory(char const*, unsigned long, bool)
                0x00000000c0013cab                Thr::getDriverBaseFromAddress(unsigned long)
                0x00000000c0013cdd                Thr::getDriverNameFromAddress(unsigned long)
                0x00000000c0013d14                Thr::getDriverOffsetFromAddress(unsigned long)
                0x00000000c0013d2e                Thr::loadDLL(char const*, bool)
                0x00000000c0013f5f                Thr::executeDLL(unsigned long, void*)
 .text          0x00000000c0013f98     0x1325 thr/prcssthr.32
                0x00000000c0013f98                userModeEntryPoint(void*)
                0x00000000c0013fc0                changeTSS
                0x00000000c0013ff0                switchToThread(ThreadControlBlock*)
                0x00000000c00140a4                Process::addArgs(char**)
                0x00000000c0014104                Process::Process(char const*, Process*, char**)
                0x00000000c0014104                Process::Process(char const*, Process*, char**)
                0x00000000c0014310                Process::Process(bool, char const*, Process*, char**)
                0x00000000c0014310                Process::Process(bool, char const*, Process*, char**)
                0x00000000c00144e8                taskStartupFunction
                0x00000000c00144f4                Semaphore::Semaphore(int)
                0x00000000c00144f4                Semaphore::Semaphore(int)
                0x00000000c0014524                Mutex::Mutex()
                0x00000000c0014524                Mutex::Mutex()
                0x00000000c0014538                Process::createThread(void (*)(void*), void*, int)
                0x00000000c0014644                Process::createUserThread()
                0x00000000c0014664                setupMultitasking(void (*)())
                0x00000000c0014780                schedule()
                0x00000000c0014810                Semaphore::tryAcquire()
                0x00000000c00148dc                Semaphore::assertLocked(char const*)
                0x00000000c0014954                blockTaskWithSchedulerLockAlreadyHeld(TaskState)
                0x00000000c001497c                blockTask(TaskState)
                0x00000000c00149ac                waitTask(int, int*, int)
                0x00000000c00149f0                milliTenthSleepUntil(unsigned int)
                0x00000000c0014a80                milliTenthSleep(unsigned int)
                0x00000000c0014a90                sleep(unsigned int)
                0x00000000c0014aac                Semaphore::acquire()
                0x00000000c0014b68                taskReturned
                0x00000000c0014ba4                Thr::processFromPID(int)
                0x00000000c0014c44                unblockTask(ThreadControlBlock*)
                0x00000000c0014ce8                cleanupTerminatedTask(ThreadControlBlock*)
                0x00000000c0014fb4                cleanerTaskFunction(void*)
                0x00000000c00150a4                terminateTask(int)
                0x00000000c0015170                Thr::terminateFromIRQ(int)
                0x00000000c0015180                Semaphore::release()
 .text          0x00000000c00152bd      0xb93 vm86/vm8086.32
                0x00000000c00152bd                Vm::inbv(unsigned short)
                0x00000000c00152d0                Vm::outbv(unsigned short, unsigned char)
                0x00000000c0015306                Vm::realToLinear(unsigned short, unsigned short)
                0x00000000c0015316                Vm::getSegment(unsigned int)
                0x00000000c001531e                Vm::getOffset(unsigned int)
                0x00000000c0015323                Vm::mainloop2()
                0x00000000c001535d                Vm::mainVm8086Loop(void*)
                0x00000000c001536d                Vm::mainloop3(unsigned long)
                0x00000000c0015393                Vm::initialise8086()
                0x00000000c00153d6                Vm::finish8086()
                0x00000000c0015437                Vm::getOutput8086(unsigned char*)
                0x00000000c001545c                Vm::start8086FromBuffer(unsigned char*, int, unsigned short, unsigned short, unsigned short, unsigned short)
                0x00000000c0015515                Vm::start8086(char const*, unsigned short, unsigned short, unsigned short, unsigned short)
                0x00000000c001567d                Vm::doISR(regs*, int, unsigned char*, unsigned short, unsigned short)
                0x00000000c0015707                Vm::readByteFromReal(unsigned short, unsigned short)
                0x00000000c0015718                Vm::readWordFromReal(unsigned short, unsigned short)
                0x00000000c001572a                Vm::readDwordFromReal(unsigned short, unsigned short)
                0x00000000c001573b                Vm::writeByteFromReal(unsigned short, unsigned short, unsigned char)
                0x00000000c0015750                Vm::writeWordFromReal(unsigned short, unsigned short, unsigned short)
                0x00000000c0015766                Vm::writeDwordFromReal(unsigned short, unsigned short, unsigned int)
                0x00000000c001577b                Vm::faultHandler(regs*)
 .text          0x00000000c0015e50      0xa8e arch/i386/hal.32
                0x00000000c0015e50                noCopro(unsigned long)
                0x00000000c0015e51                nmiHandler(regs*, void*)
                0x00000000c0015e6a                doubleFault(regs*, void*)
                0x00000000c0015e83                displayDebugInfo(regs*)
                0x00000000c00161df                HalSystemIdle()
                0x00000000c0016255                displayProgramFault(char const*)
                0x00000000c00162a1                gpFault(regs*, void*)
                0x00000000c0016306                pgFault(regs*, void*)
                0x00000000c001638c                otherISRHandler(regs*, void*)
                0x00000000c00163c0                opcodeFault(regs*, void*)
                0x00000000c0016440                i386SaveCoprocessor(void*)
                0x00000000c0016454                i386LoadCoprocessor(void*)
                0x00000000c0016468                x87EmulHandler(regs*, void*)
                0x00000000c0016505                HalInitialiseCoprocessor()
                0x00000000c00165b3                HalPanic(char const*)
                0x00000000c00166ac                HalQueryPerformanceCounter()
                0x00000000c00166c7                HalInitialise()
                0x00000000c001686d                HalMakeBeep(int)
                0x00000000c00168a7                HalGetRand()
                0x00000000c00168aa                HalEndOfInterrupt(int)
                0x00000000c00168db                HalRestart()
                0x00000000c00168dc                HalShutdown()
                0x00000000c00168dd                HalSleep()
 *fill*         0x00000000c00168de        0x2 
 .text          0x00000000c00168e0      0x2f4 arch/i386/pic.32
                0x00000000c00168e0                picIoWait()
                0x00000000c00168e8                picDisable()
                0x00000000c001691c                picGetIRQReg(int)
                0x00000000c00169a0                picOpen()
                0x00000000c0016b30                picEOI(int)
 .text          0x00000000c0016bd4      0x64d arch/i386/rtc.32
                0x00000000c0016bd4                RTC::open(int, int, void*)
                0x00000000c0016bd8                RTC::close(int, int, void*)
                0x00000000c0016bdc                RTC::timeInSecondsUTC()
                0x00000000c0016bee                RTC::timeInDatetimeUTC()
                0x00000000c0016c14                RTC::setTimeInSecondsUTC(unsigned long long)
                0x00000000c0016c52                RTC::~RTC()
                0x00000000c0016c52                RTC::~RTC()
                0x00000000c0016c76                RTC::~RTC()
                0x00000000c0016ca0                RTC::get_update_in_progress_flag()
                0x00000000c0016cb8                RTC::completeRTCRefresh()
                0x00000000c0016f70                RTC::setTimeInDatetimeUTC(datetime_t)
                0x00000000c0017123                rtcIRQHandler(regs*, void*)
                0x00000000c0017168                RTC::RTC()
                0x00000000c0017168                RTC::RTC()
 *fill*         0x00000000c0017221        0x3 
 .text          0x00000000c0017224      0x203 arch/i386/vga.32
                0x00000000c0017224                HalConsoleScroll(int, int)
                0x00000000c001732c                HalConsoleWriteCharacter(char, int, int, int, int)
                0x00000000c0017398                HalConsoleCursorUpdate(int, int)
 *fill*         0x00000000c0017427        0x1 
 .text          0x00000000c0017428     0x13e7 fs/fat/vfslink.32
                0x00000000c0017428                FAT::getName()
                0x00000000c0017430                FAT::tell(void*, unsigned long long*)
                0x00000000c001746c                FAT::stat(void*, unsigned long long*)
                0x00000000c00174a8                FAT::~FAT()
                0x00000000c00174a8                FAT::~FAT()
                0x00000000c00174cc                FAT::~FAT()
                0x00000000c00174f4                FAT::getlabel(LogicalDisk*, int, char*, unsigned int*)
                0x00000000c0017598                FAT::setlabel(LogicalDisk*, int, char*)
                0x00000000c001765c                FAT::format(LogicalDisk*, int, char const*, int)
                0x00000000c0017830                FAT::tryMount(LogicalDisk*, int)
                0x00000000c0017a48                FAT::allocateSwapfile(char const*, int)
                0x00000000c0017c08                FAT::readDir(void*, unsigned long, void*, int*)
                0x00000000c0017d74                FAT::read(void*, unsigned long, void*, int*)
                0x00000000c0017dd4                FAT::write(void*, unsigned long, void*, int*)
                0x00000000c0017e34                FAT::close(void*)
                0x00000000c0017e88                FAT::closeDir(void*)
                0x00000000c0017edc                FAT::seek(void*, unsigned long long)
                0x00000000c0017f34                fatWrapperReadDisk
                0x00000000c0017f78                fatWrapperWriteDisk
                0x00000000c0017fbc                fatWrapperIoctl
                0x00000000c00180d8                FAT::FAT()
                0x00000000c00180d8                FAT::FAT()
                0x00000000c001812c                FAT::fixFilepath(char*)
                0x00000000c0018168                FAT::open(char const*, void**, FileOpenMode)
                0x00000000c00182a0                FAT::openDir(char const*, void**)
                0x00000000c0018350                FAT::stat(char const*, unsigned long long*, bool*)
                0x00000000c0018448                FAT::unlink(char const*)
                0x00000000c00184c8                FAT::chfatattr(char const*, unsigned char, unsigned char)
                0x00000000c0018654                FAT::rename(char const*, char const*)
                0x00000000c0018720                FAT::mkdir(char const*)
                0x00000000c00187a0                FAT::exists(char const*)
 *fill*         0x00000000c001880f        0x1 
 .text          0x00000000c0018810       0x94 fs/iso9660/helper.32
                0x00000000c0018810                isoReadDiscSectorHelper
                0x00000000c001886c                iso_kprintf
                0x00000000c0018888                iso_kprintfd
 .text          0x00000000c00188a4      0x6f8 fs/iso9660/vfslink.32
                0x00000000c00188a4                ISO9660::format(LogicalDisk*, int, char const*, int)
                0x00000000c00188aa                ISO9660::getName()
                0x00000000c00188b0                ISO9660::closeDir(void*)
                0x00000000c00188ba                ISO9660::chfatattr(char const*, unsigned char, unsigned char)
                0x00000000c00188c0                ISO9660::unlink(char const*)
                0x00000000c00188c6                ISO9660::write(void*, unsigned long, void*, int*)
                0x00000000c00188cc                ISO9660::rename(char const*, char const*)
                0x00000000c00188d2                ISO9660::mkdir(char const*)
                0x00000000c00188d8                ISO9660::~ISO9660()
                0x00000000c00188d8                ISO9660::~ISO9660()
                0x00000000c00188fc                ISO9660::~ISO9660()
                0x00000000c0018924                ISO9660::exists(char const*)
                0x00000000c0018938                ISO9660::open(char const*, void**, FileOpenMode)
                0x00000000c0018a16                ISO9660::read(void*, unsigned long, void*, int*)
                0x00000000c0018a5e                ISO9660::seek(void*, unsigned long long)
                0x00000000c0018aa0                ISO9660::tell(void*, unsigned long long*)
                0x00000000c0018ade                ISO9660::stat(void*, unsigned long long*)
                0x00000000c0018b30                ISO9660::stat(char const*, unsigned long long*, bool*)
                0x00000000c0018c68                ISO9660::close(void*)
                0x00000000c0018c98                ISO9660::openDir(char const*, void**)
                0x00000000c0018d6a                ISO9660::readDir(void*, unsigned long, void*, int*)
                0x00000000c0018e87                readSectorFromCDROM(unsigned int, unsigned char*, char)
                0x00000000c0018f02                ISO9660::tryMount(LogicalDisk*, int)
                0x00000000c0018f74                ISO9660::ISO9660()
                0x00000000c0018f74                ISO9660::ISO9660()
 .text          0x00000000c0018f9c      0x26c hal/sound/sndcard.32
                0x00000000c0018f9c                SoundCard::beginPlayback()
                0x00000000c0018faa                SoundCard::stopPlayback()
                0x00000000c0018fb8                SoundCard::SoundCard(char const*)
                0x00000000c0018fb8                SoundCard::SoundCard(char const*)
                0x00000000c0019056                SoundCard::~SoundCard()
                0x00000000c0019056                SoundCard::~SoundCard()
                0x00000000c001907a                SoundCard::~SoundCard()
                0x00000000c00190a4                SoundCard::configureRates(int, int, int)
                0x00000000c00190d4                SoundCard::getSamples16(int, short*)
                0x00000000c0019130                SoundCard::getSamples32(int, int*)
                0x00000000c00191b6                SoundCard::addChannel(SoundPort*)
                0x00000000c00191f4                SoundCard::removeChannel(int)
 .text          0x00000000c0019208      0x377 hal/sound/sndport.32
                0x00000000c0019208                SoundPort::SoundPort(int, int, int, int)
                0x00000000c0019208                SoundPort::SoundPort(int, int, int, int)
                0x00000000c0019294                SoundPort::~SoundPort()
                0x00000000c0019294                SoundPort::~SoundPort()
                0x00000000c00192c8                SoundPort::unpause()
                0x00000000c00192d4                SoundPort::pause()
                0x00000000c00192e0                SoundPort::getBufferUsed()
                0x00000000c00192e8                SoundPort::getBufferSize()
                0x00000000c00192f0                SoundPort::buffer16(short*, int)
                0x00000000c001937c                SoundPort::buffer32(int*, int)
                0x00000000c0019404                SoundPort::unbufferAndAdd16(int, short*, SoundCard*)
                0x00000000c00194c8                SoundPort::unbufferAndAdd32(int, int*, SoundCard*)
 .text          0x00000000c001957f        0x0 hw/bus/isa.32
 *fill*         0x00000000c001957f        0x1 
 .text          0x00000000c0019580      0xb83 hw/bus/pci.32
                0x00000000c0019580                PCI::open(int, int, void*)
                0x00000000c001959e                PCI::close(int, int, void*)
                0x00000000c00195a2                PCI::PCI()
                0x00000000c00195a2                PCI::PCI()
                0x00000000c001963c                PCI::readBAR8(unsigned int, int)
                0x00000000c0019658                PCI::readBAR16(unsigned int, int)
                0x00000000c0019676                PCI::readBAR32(unsigned int, int)
                0x00000000c0019692                PCI::writeBAR8(unsigned int, unsigned char, int)
                0x00000000c00196b2                PCI::writeBAR16(unsigned int, unsigned short, int)
                0x00000000c00196d4                PCI::writeBAR32(unsigned int, unsigned int, int)
                0x00000000c00196f4                PCI::legacyMechanism(unsigned char, unsigned char, unsigned char, unsigned char)
                0x00000000c0019762                PCI::pciReadWord(unsigned char, unsigned char, unsigned char, unsigned char)
                0x00000000c001980a                PCI::getVendorID(unsigned char, unsigned char, unsigned char)
                0x00000000c001982e                PCI::getHeaderType(unsigned char, unsigned char, unsigned char)
                0x00000000c0019856                PCI::getClassCode(unsigned char, unsigned char, unsigned char)
                0x00000000c00198a0                PCI::getProgIF(unsigned char, unsigned char, unsigned char)
                0x00000000c00198c8                PCI::getRevisionID(unsigned char, unsigned char, unsigned char)
                0x00000000c00198ec                PCI::getInterruptNumber(unsigned char, unsigned char, unsigned char)
                0x00000000c0019910                PCI::getSecondaryBus(unsigned char, unsigned char, unsigned char)
                0x00000000c0019938                PCI::getBARAddress(unsigned char, unsigned char, unsigned char, unsigned char)
                0x00000000c001999c                PCI::pciWriteWord(unsigned char, unsigned char, unsigned char, unsigned char, unsigned short)
                0x00000000c0019a84                PCI::pciDetailsToFilepath(PCIDeviceInfo, char*)
                0x00000000c0019d38                PCI::checkBus(unsigned char)
                0x00000000c0019d5e                PCI::foundDevice(PCIDeviceInfo)
                0x00000000c0019ed0                PCI::getDeviceData(unsigned char, unsigned char, unsigned char)
                0x00000000c001a044                PCI::checkDevice(unsigned char, unsigned char)
                0x00000000c001a0b0                PCI::detect()
 *fill*         0x00000000c001a103        0x1 
 .text          0x00000000c001a104      0xb5a hw/diskctrl/ide.32
                0x00000000c001a104                IDE::close(int, int, void*)
                0x00000000c001a108                IDE::IDE()
                0x00000000c001a108                IDE::IDE()
                0x00000000c001a13c                IDE::prepareInterrupt(unsigned char)
                0x00000000c001a14e                selectDrive(unsigned char, unsigned char)
                0x00000000c001a150                IDE::getBase(unsigned char)
                0x00000000c001a162                IDE::write(unsigned char, unsigned char, unsigned char)
                0x00000000c001a222                IDE::read(unsigned char, unsigned char)
                0x00000000c001a2d0                IDE::waitInterrupt(unsigned char)
                0x00000000c001a338                ideChannel0IRQHandler(regs*, void*)
                0x00000000c001a354                ideChannel1IRQHandler(regs*, void*)
                0x00000000c001a370                IDE::enableIRQs(unsigned char, bool)
                0x00000000c001a3b6                IDE::open(int, int, void*)
                0x00000000c001a7c4                IDE::readBuffer(unsigned char, unsigned char, unsigned int, unsigned int)
                0x00000000c001a890                IDE::detect()
                0x00000000c001ab50                IDE::printError(unsigned char, unsigned char, unsigned char)
                0x00000000c001ac00                IDE::polling(unsigned char, unsigned int)
 .text          0x00000000c001ac5e      0x32a hw/diskctrl/satabus.32
                0x00000000c001ac5e                SATABus::close(int, int, void*)
                0x00000000c001ac62                SATABus::detect()
                0x00000000c001ac64                SATABus::SATABus()
                0x00000000c001ac64                SATABus::SATABus()
                0x00000000c001acea                SATABus::findCmdslot(SATABus::tagHBA_PORT volatile*)
                0x00000000c001ad1c                SATABus::checkType(SATABus::tagHBA_PORT volatile*)
                0x00000000c001ad64                SATABus::startCmd(SATABus::tagHBA_PORT volatile*)
                0x00000000c001ad84                SATABus::stopCmd(SATABus::tagHBA_PORT volatile*)
                0x00000000c001adae                SATABus::portRebase(SATABus::tagHBA_PORT volatile*, int)
                0x00000000c001aebe                SATABus::probePort(SATABus::tagHBA_MEM volatile*)
                0x00000000c001af68                SATABus::open(int, int, void*)
 .text          0x00000000c001af88      0x921 hw/diskphys/ata.32
                0x00000000c001af88                ATA::close(int, int, void*)
                0x00000000c001afac                ATA::powerSaving(PowerSavingLevel)
                0x00000000c001afae                ATA::ATA()
                0x00000000c001afae                ATA::ATA()
                0x00000000c001afdc                ATA::flush(bool)
                0x00000000c001b026                ATA::readyForCommand()
                0x00000000c001b072                ATA::access(unsigned long long, int, void*, bool)
                0x00000000c001b3ee                ATA::detectCHS()
                0x00000000c001b418                ATA::open(int, int, void*)
                0x00000000c001b4e4                combineCharAndColour(char, unsigned char)
                0x00000000c001b4f5                combineColours(unsigned char, unsigned char)
                0x00000000c001b502                ATA::read(unsigned long long, int, void*)
                0x00000000c001b6d8                ATA::write(unsigned long long, int, void*)
 *fill*         0x00000000c001b8a9        0x1 
 .text          0x00000000c001b8aa      0x60e hw/diskphys/atapi.32
                0x00000000c001b8aa                ATAPI::write(unsigned long long, int, void*)
                0x00000000c001b8b0                ATAPI::close(int, int, void*)
                0x00000000c001b8d4                ATAPI::ATAPI()
                0x00000000c001b8d4                ATAPI::ATAPI()
                0x00000000c001b902                ATAPI::readyForCommand()
                0x00000000c001b954                ATAPI::sendPacket(unsigned char*, int, bool, unsigned short*, int)
                0x00000000c001bc14                ATAPI::diskRemoved()
                0x00000000c001bc4e                ATAPI::eject()
                0x00000000c001bc96                ATAPI::diskInserted()
                0x00000000c001bca2                ATAPI::detectMedia()
                0x00000000c001bd5e                ATAPI::open(int, int, void*)
                0x00000000c001be3e                ATAPI::read(unsigned long long, int, void*)
 .text          0x00000000c001beb8      0x7ff hw/diskphys/sata.32
                0x00000000c001beb8                SATA::close(int, int, void*)
                0x00000000c001bedc                SATA::powerSaving(PowerSavingLevel)
                0x00000000c001bede                SATA::open(int, int, void*)
                0x00000000c001bf88                SATA::SATA()
                0x00000000c001bf88                SATA::SATA()
                0x00000000c001bfb6                SATA::access(unsigned long long, int, void*, bool)
                0x00000000c001c202                SATA::read(unsigned long long, int, void*)
                0x00000000c001c452                SATA::write(unsigned long long, int, void*)
 *fill*         0x00000000c001c6b7        0x1 
 .text          0x00000000c001c6b8      0x5c6 hw/diskphys/satapi.32
                0x00000000c001c6b8                SATAPI::write(unsigned long long, int, void*)
                0x00000000c001c6be                SATAPI::close(int, int, void*)
                0x00000000c001c6e2                SATAPI::SATAPI()
                0x00000000c001c6e2                SATAPI::SATAPI()
                0x00000000c001c710                SATAPI::diskRemoved()
                0x00000000c001c712                SATAPI::diskInserted()
                0x00000000c001c72e                SATAPI::sendPacket(unsigned char*, int, unsigned long long, unsigned short*, int)
                0x00000000c001ca02                SATAPI::eject()
                0x00000000c001ca3e                SATAPI::detectMedia()
                0x00000000c001ca94                SATAPI::open(int, int, void*)
                0x00000000c001cb94                SATAPI::read(unsigned long long, int, void*)
 .text          0x00000000c001cc7e      0x455 hw/intctrl/apic.32
                0x00000000c001cc7e                IOAPIC::close(int, int, void*)
                0x00000000c001cc84                apicGetBase()
                0x00000000c001ccc6                IOAPIC::IOAPIC()
                0x00000000c001ccc6                IOAPIC::IOAPIC()
                0x00000000c001ccee                apicOpen()
                0x00000000c001ce54                IOAPIC::handlesGSIWithNumber(unsigned int)
                0x00000000c001ce86                IOAPIC::read(int)
                0x00000000c001ceae                IOAPIC::open(int, int, void*)
                0x00000000c001cfa2                IOAPIC::write(int, int)
                0x00000000c001cfce                IOAPIC::redirect(unsigned char, unsigned long long, unsigned char, bool, bool)
 *fill*         0x00000000c001d0d3        0x1 
 .text          0x00000000c001d0d4       0xf0 hw/timer/apictimer.32
                0x00000000c001d0d4                APICTimer::close(int, int, void*)
                0x00000000c001d0dc                apicTimerHandler(regs*, void*)
                0x00000000c001d104                APICTimer::open(int, int, void*)
                0x00000000c001d174                APICTimer::write(int)
                0x00000000c001d19c                APICTimer::APICTimer()
                0x00000000c001d19c                APICTimer::APICTimer()
 .text          0x00000000c001d1c4      0x1aa hw/timer/pit.32
                0x00000000c001d1c4                PIT::write(int)
                0x00000000c001d248                pitHandler(regs*, void*)
                0x00000000c001d26c                PIT::open(int, int, void*)
                0x00000000c001d2bc                PIT::close(int, int, void*)
                0x00000000c001d2ec                PIT::PIT()
                0x00000000c001d2ec                PIT::PIT()
 *fill*         0x00000000c001d36e        0x2 
 .text          0x00000000c001d370       0x83 arch/i386/avx.32
                0x00000000c001d370                avxDetect
                0x00000000c001d39a                avxSave
                0x00000000c001d3ab                avxLoad
                0x00000000c001d3bc                avxInit
                0x00000000c001d3de                avxClose
                0x00000000c001d3df                wouldSheSayYes
 *fill*         0x00000000c001d3f3        0xd 
 .text          0x00000000c001d400      0x2dc arch/i386/interrupt.32
                0x00000000c001d400                isr0
                0x00000000c001d410                isr1
                0x00000000c001d41a                isr2
                0x00000000c001d424                isr3
                0x00000000c001d42e                isr4
                0x00000000c001d438                isr5
                0x00000000c001d442                isr6
                0x00000000c001d44c                isr7
                0x00000000c001d456                isr8
                0x00000000c001d45e                isr9
                0x00000000c001d468                isr10
                0x00000000c001d470                isr11
                0x00000000c001d478                isr12
                0x00000000c001d480                isr13
                0x00000000c001d49a                isr14
                0x00000000c001d4a2                isr15
                0x00000000c001d4ac                isr16
                0x00000000c001d4b6                isr17
                0x00000000c001d4c0                isr18
                0x00000000c001d4ca                irq3
                0x00000000c001d4d4                irq4
                0x00000000c001d4de                irq5
                0x00000000c001d4e8                irq6
                0x00000000c001d4f2                irq7
                0x00000000c001d4fc                irq8
                0x00000000c001d506                irq9
                0x00000000c001d510                irq10
                0x00000000c001d51a                irq11
                0x00000000c001d524                irq12
                0x00000000c001d52e                irq13
                0x00000000c001d538                irq14
                0x00000000c001d542                irq15
                0x00000000c001d54c                irq1
                0x00000000c001d553                irq2
                0x00000000c001d55a                isr96
                0x00000000c001d561                irq0
                0x00000000c001d566                int_common_stub
                0x00000000c001d598                syscall_common_stub
                0x00000000c001d68c                irq16
                0x00000000c001d696                irq17
                0x00000000c001d6a0                irq18
                0x00000000c001d6aa                irq19
                0x00000000c001d6b4                irq20
                0x00000000c001d6be                irq21
                0x00000000c001d6c8                irq22
                0x00000000c001d6d2                irq23
 *fill*         0x00000000c001d6dc        0x4 
 .text          0x00000000c001d6e0       0x10 arch/i386/rdrand.32
                0x00000000c001d6e0                i386GetRDRAND
 .text          0x00000000c001d6f0       0x39 arch/i386/sse.32
                0x00000000c001d6f0                absolutelyNoChanceInHell
                0x00000000c001d6f0                sseDetect
                0x00000000c001d708                sseSave
                0x00000000c001d710                sseLoad
                0x00000000c001d718                sseInit
                0x00000000c001d728                sseClose
 *fill*         0x00000000c001d729        0x7 
 .text          0x00000000c001d730       0x49 arch/i386/x87.32
                0x00000000c001d736                x87Detect
                0x00000000c001d751                x87Save
                0x00000000c001d758                x87Load
                0x00000000c001d75f                x87Init
                0x00000000c001d778                x87Close
 *fill*         0x00000000c001d779        0x3 
 .text          0x00000000c001d77c       0x25 /cygdrive/d/Users/Alex/Desktop/Toolchain/Output/bin/../lib/gcc/i386-banana/8.1.0/crtend.o
 .text          0x00000000c001d7a1        0x0 crtn.32
 *fill*         0x00000000c001d7a1        0x3 
 .text          0x00000000c001d7a4      0x14b /cygdrive/d/Users/Alex/Desktop/Toolchain/Output/bin/../lib/gcc/i386-banana/8.1.0/libkgcc.a(_divdi3.o)
                0x00000000c001d7a4                __divdi3
 *fill*         0x00000000c001d8ef        0x1 
 .text          0x00000000c001d8f0      0x17e /cygdrive/d/Users/Alex/Desktop/Toolchain/Output/bin/../lib/gcc/i386-banana/8.1.0/libkgcc.a(_moddi3.o)
                0x00000000c001d8f0                __moddi3
 *fill*         0x00000000c001da6e        0x2 
 .text          0x00000000c001da70       0xff /cygdrive/d/Users/Alex/Desktop/Toolchain/Output/bin/../lib/gcc/i386-banana/8.1.0/libkgcc.a(_udivdi3.o)
                0x00000000c001da70                __udivdi3
 *fill*         0x00000000c001db6f        0x1 
 .text          0x00000000c001db70      0x11a /cygdrive/d/Users/Alex/Desktop/Toolchain/Output/bin/../lib/gcc/i386-banana/8.1.0/libkgcc.a(_umoddi3.o)
                0x00000000c001db70                __umoddi3
 *(.gnu.linkonce.t*)

.iplt           0x00000000c001dc90        0x0
 .iplt          0x00000000c001dc90        0x0 D:/Users/Alex/Desktop/Banana/kernel/boot.32

.init           0x00000000c001dc8a        0xf
 .init          0x00000000c001dc8a        0x3 crti.32
                0x00000000c001dc8a                _init
 .init          0x00000000c001dc8d        0x5 /cygdrive/d/Users/Alex/Desktop/Toolchain/Output/bin/../lib/gcc/i386-banana/8.1.0/crtbegin.o
 .init          0x00000000c001dc92        0x5 /cygdrive/d/Users/Alex/Desktop/Toolchain/Output/bin/../lib/gcc/i386-banana/8.1.0/crtend.o
 .init          0x00000000c001dc97        0x2 crtn.32

.fini           0x00000000c001dc99        0xa
 .fini          0x00000000c001dc99        0x3 crti.32
                0x00000000c001dc99                _fini
 .fini          0x00000000c001dc9c        0x5 /cygdrive/d/Users/Alex/Desktop/Toolchain/Output/bin/../lib/gcc/i386-banana/8.1.0/crtbegin.o
 .fini          0x00000000c001dca1        0x2 crtn.32

.text._ZN8ComputerD2Ev
                0x00000000c001dca4       0x23
 .text._ZN8ComputerD2Ev
                0x00000000c001dca4       0x23 core/computer.32
                0x00000000c001dca4                Computer::~Computer()
                0x00000000c001dca4                Computer::~Computer()

.text._ZN8ComputerD0Ev
                0x00000000c001dcc8       0x2a
 .text._ZN8ComputerD0Ev