Archive member included to satisfy reference by file (symbol)

/cygdrive/d/Users/Alex/Desktop/Toolchain/Output/bin/../lib/gcc/i386-banana/8.1.0/libkgcc.a(_divdi3.o)
                              fs/fat/ff.32 (__divdi3)
/cygdrive/d/Users/Alex/Desktop/Toolchain/Output/bin/../lib/gcc/i386-banana/8.1.0/libkgcc.a(_moddi3.o)
                              thr/elf.32 (__moddi3)
/cygdrive/d/Users/Alex/Desktop/Toolchain/Output/bin/../lib/gcc/i386-banana/8.1.0/libkgcc.a(_udivdi3.o)
                              fs/fat/ff.32 (__udivdi3)
/cygdrive/d/Users/Alex/Desktop/Toolchain/Output/bin/../lib/gcc/i386-banana/8.1.0/libkgcc.a(_umoddi3.o)
                              core/pipe.32 (__umoddi3)
D:/Users/Alex/Desktop/Banana/kernel/libsoftfp.a(sfieeelib.o)
                              hal/sound/sndhw.32 (__addsf3)
D:/Users/Alex/Desktop/Banana/kernel/libsoftfp.a(dfieeelib.o)
                              hal/libresample/src_linear.32 (__adddf3)
D:/Users/Alex/Desktop/Banana/kernel/libsoftfp.a(sfdfcvt.o)
                              hal/libresample/samplerate.32 (__truncdfsf2)
D:/Users/Alex/Desktop/Banana/kernel/libk/libm32.a(s_fabs.c.o)
                              hal/libresample/samplerate.32 (fabs)
D:/Users/Alex/Desktop/Banana/kernel/libk/libm32.a(s_lrint.S.o)
                              hal/libresample/samplerate.32 (lrint)
D:/Users/Alex/Desktop/Banana/kernel/libk/libm32.a(s_lrintf.S.o)
                              hal/sound/sndhw.32 (lrintf)

Discarded input sections

 .comment       0x0000000000000000       0x12 /cygdrive/d/Users/Alex/Desktop/Toolchain/Output/bin/../lib/gcc/i386-banana/8.1.0/crtbegin.o
 .comment       0x0000000000000000       0x12 acpica/utclib.32
 .comment       0x0000000000000000       0x12 core/malloc.32
 .comment       0x0000000000000000       0x12 libk/string.32
 .comment       0x0000000000000000       0x12 fs/fat/diskio.32
 .comment       0x0000000000000000       0x12 fs/fat/ff.32
 .comment       0x0000000000000000       0x12 fs/fat/ffsystem.32
 .comment       0x0000000000000000       0x12 fs/fat/ffunicode.32
 .comment       0x0000000000000000       0x12 hal/libresample/samplerate.32
 .comment       0x0000000000000000       0x12 hal/libresample/src_linear.32
 .comment       0x0000000000000000       0x12 hal/libresample/src_sinc.32
 .comment       0x0000000000000000       0x12 hal/libresample/src_zoh.32
 .comment       0x0000000000000000       0x12 compat/inlines.32
 .group         0x0000000000000000       0x14 core/computer.32
 .group         0x0000000000000000        0xc core/computer.32
 .comment       0x0000000000000000       0x12 core/computer.32
 .comment       0x0000000000000000       0x12 core/gdt.32
 .group         0x0000000000000000        0xc core/idle.32
 .comment       0x0000000000000000       0x12 core/idle.32
 .comment       0x0000000000000000       0x12 core/idt.32
 .comment       0x0000000000000000       0x12 core/kheap.32
 .comment       0x0000000000000000       0x12 core/main.32
 .comment       0x0000000000000000       0x12 core/physmgr.32
 .group         0x0000000000000000        0xc core/pipe.32
 .comment       0x0000000000000000       0x12 core/pipe.32
 .group         0x0000000000000000        0xc core/terminal.32
 .comment       0x0000000000000000       0x12 core/terminal.32
 .comment       0x0000000000000000       0x12 core/tss.32
 .group         0x0000000000000000        0x8 core/unixfile.32
 .group         0x0000000000000000        0xc core/unixfile.32
 .group         0x0000000000000000        0xc core/unixfile.32
 .group         0x0000000000000000        0x8 core/unixfile.32
 .group         0x0000000000000000        0xc core/unixfile.32
 .group         0x0000000000000000        0x8 core/unixfile.32
 .group         0x0000000000000000        0xc core/unixfile.32
 .group         0x0000000000000000        0xc core/unixfile.32
 .comment       0x0000000000000000       0x12 core/unixfile.32
 .comment       0x0000000000000000       0x12 core/virtmgr.32
 .comment       0x0000000000000000       0x12 coreobjs/c++.32
 .comment       0x0000000000000000       0x12 dbg/kconsole.32
 .group         0x0000000000000000        0xc fs/vfs.32
 .group         0x0000000000000000        0xc fs/vfs.32
 .group         0x0000000000000000        0xc fs/vfs.32
 .comment       0x0000000000000000       0x12 fs/vfs.32
 .group         0x0000000000000000        0xc hal/bus.32
 .comment       0x0000000000000000       0x12 hal/bus.32
 .group         0x0000000000000000        0xc hal/buzzer.32
 .comment       0x0000000000000000       0x12 hal/buzzer.32
 .group         0x0000000000000000        0xc hal/clock.32
 .comment       0x0000000000000000       0x12 hal/clock.32
 .group         0x0000000000000000       0x14 hal/device.32
 .group         0x0000000000000000        0xc hal/device.32
 .group         0x0000000000000000        0xc hal/device.32
 .group         0x0000000000000000        0xc hal/device.32
 .group         0x0000000000000000        0xc hal/device.32
[...]
Memory Configuration

Name             Origin             Length             Attributes
*default*        0x0000000000000000 0xffffffffffffffff

Linker script and memory map

LOAD D:/Users/Alex/Desktop/Banana/kernel/boot.32
LOAD crti.32
LOAD /cygdrive/d/Users/Alex/Desktop/Toolchain/Output/bin/../lib/gcc/i386-banana/8.1.0/crtbegin.o
LOAD D:/Users/Alex/Desktop/Banana/kernel/morenasm.32
LOAD acpica/utclib.32
LOAD core/malloc.32
LOAD libk/string.32
LOAD fs/fat/diskio.32
LOAD fs/fat/ff.32
LOAD fs/fat/ffsystem.32
LOAD fs/fat/ffunicode.32
LOAD hal/libresample/samplerate.32
LOAD hal/libresample/src_linear.32
LOAD hal/libresample/src_sinc.32
LOAD hal/libresample/src_zoh.32
LOAD compat/inlines.32
LOAD core/computer.32
LOAD core/gdt.32
LOAD core/idle.32
LOAD core/idt.32
LOAD core/kheap.32
LOAD core/main.32
LOAD core/physmgr.32
LOAD core/pipe.32
LOAD core/terminal.32
LOAD core/tss.32
LOAD core/unixfile.32
LOAD core/virtmgr.32
LOAD coreobjs/c++.32
LOAD dbg/kconsole.32
LOAD fs/vfs.32
LOAD hal/bus.32
LOAD hal/buzzer.32
LOAD hal/clock.32
LOAD hal/device.32
LOAD hal/diskctrl.32
LOAD hal/diskphys.32
LOAD hal/fpu.32
LOAD hal/intctrl.32
LOAD hal/keybrd.32
LOAD hal/logidisk.32
LOAD hal/mouse.32
LOAD hal/partition.32
LOAD hal/serial.32
LOAD hal/timer.32
LOAD hal/vcache.32
LOAD hal/video.32
LOAD hw/acpi.32
LOAD hw/cpu.32
LOAD hw/ports.32
LOAD krnl/env.32
LOAD krnl/panic.32
LOAD net/ethernet.32
LOAD reg/registry.32
LOAD sys/sc_exit.32
LOAD sys/sc_getcwd.32
LOAD sys/sc_getpid.32
LOAD sys/sc_loaddll.32
LOAD sys/sc_read.32
LOAD sys/sc_sbrk.32
LOAD sys/sc_setcwd.32
LOAD sys/sc_write.32
LOAD sys/sc_yield.32
LOAD sys/syscalls.32
LOAD thr/elf.32
LOAD thr/prcssthr.32
LOAD vm86/vm8086.32
LOAD vm86/x87em.32
LOAD fs/fat/vfslink.32
LOAD fs/iso9660/vfslink.32
LOAD hal/sound/sndchannel.32
LOAD hal/sound/sndhw.32
LOAD hw/bus/isa.32
LOAD hw/bus/pci.32
LOAD hw/diskctrl/ide.32
LOAD hw/diskctrl/satabus.32
LOAD hw/diskphys/ata.32
LOAD hw/diskphys/atapi.32
LOAD hw/diskphys/sata.32
LOAD hw/fpu/avx.32
LOAD hw/fpu/mmx.32
LOAD hw/fpu/sse.32
LOAD hw/fpu/x87.32
LOAD hw/intctrl/apic.32
LOAD hw/intctrl/pic.32
LOAD hw/timer/apictimer.32
LOAD hw/timer/pit.32
LOAD hw/fpu/x86/avx.32
LOAD hw/fpu/x86/sse.32
LOAD hw/fpu/x86/x87.32
LOAD /cygdrive/d/Users/Alex/Desktop/Toolchain/Output/bin/../lib/gcc/i386-banana/8.1.0/crtend.o
LOAD crtn.32
LOAD /cygdrive/d/Users/Alex/Desktop/Toolchain/Output/bin/../lib/gcc/i386-banana/8.1.0/libkgcc.a
LOAD D:/Users/Alex/Desktop/Banana/kernel/libsoftfp.a
LOAD D:/Users/Alex/Desktop/Banana/kernel/libk/libm32.a
                0x00000000c0000000                . = 0xc0000000

.text           0x00000000c0000000    0x27048
 *(.text)
 .text          0x00000000c0000000       0x41 D:/Users/Alex/Desktop/Banana/kernel/boot.32
                0x00000000c0000020                callGlobalConstructors
 .text          0x00000000c0000041        0x0 crti.32
 *fill*         0x00000000c0000041        0x3 
 .text          0x00000000c0000044      0x101 /cygdrive/d/Users/Alex/Desktop/Toolchain/Output/bin/../lib/gcc/i386-banana/8.1.0/crtbegin.o
 *fill*         0x00000000c0000145        0xb 
 .text          0x00000000c0000150      0x4a2 D:/Users/Alex/Desktop/Banana/kernel/morenasm.32
                0x00000000c0000150                prepareTramp
                0x00000000c0000169                voodooXADD
                0x00000000c0000234                doTPAUSE
                0x00000000c000023e                hasLegacyFPU
                0x00000000c0000263                is486
                0x00000000c0000299                detectCPUID
                0x00000000c00002af                goToVM86
                0x00000000c00002df                goToUsermode
                0x00000000c0000309                switchToThreadASMFirstTime
                0x00000000c0000317                switchToThreadASM
                0x00000000c000039f                asmQuickAcquireLock
                0x00000000c00003bd                asmQuickReleaseLock
                0x00000000c00003c9                asmAcquireLock
                0x00000000c00003ea                asmReleaseLock
                0x00000000c00003fd                loadGDT
                0x00000000c000041d                isr0
                0x00000000c000042d                isr1
                0x00000000c0000437                isr2
                0x00000000c0000441                isr3
                0x00000000c000044b                isr4
                0x00000000c0000455                isr5
                0x00000000c000045f                isr6
                0x00000000c0000469                isr7
                0x00000000c0000473                isr8
                0x00000000c000047b                isr9
                0x00000000c0000485                isr10
                0x00000000c000048d                isr11
                0x00000000c0000495                isr12
                0x00000000c000049d                isr13
                0x00000000c00004a5                isr14
                0x00000000c00004ad                isr15
                0x00000000c00004b7                isr16
                0x00000000c00004c1                isr17
                0x00000000c00004cb                isr18
                0x00000000c00004d5                irq3
                0x00000000c00004df                irq4
                0x00000000c00004e9                irq5
                0x00000000c00004f3                irq6
                0x00000000c00004fd                irq7
                0x00000000c0000507                irq8
                0x00000000c0000511                irq9
                0x00000000c000051b                irq10
                0x00000000c0000525                irq11
                0x00000000c000052f                irq12
                0x00000000c0000539                irq13
                0x00000000c0000543                irq14
                0x00000000c000054d                irq15
                0x00000000c0000557                irq1
                0x00000000c000055e                irq2
                0x00000000c0000565                isr96
                0x00000000c000056c                irq0
                0x00000000c0000571                syscall_common_stub
                0x00000000c0000571                int_common_stub
                0x00000000c00005a2                irq16
                0x00000000c00005ac                irq17
                0x00000000c00005b6                irq18
                0x00000000c00005c0                irq19
                0x00000000c00005ca                irq20
                0x00000000c00005d4                irq21
                0x00000000c00005de                irq22
                0x00000000c00005e8                irq23
 .text          0x00000000c00005f2      0x40f acpica/utclib.32
                0x00000000c00005f2                memcmp
                0x00000000c000061d                memmove
                0x00000000c0000655                memcpy
                0x00000000c000068b                memset
                0x00000000c00006a8                strlen
                0x00000000c00006b8                strpbrk
                0x00000000c00006db                strtok
                0x00000000c000072a                strcpy
                0x00000000c000074a                strncpy
                0x00000000c000077b                strcmp
                0x00000000c000079c                strchr
                0x00000000c00007b2                strncmp
                0x00000000c00007e1                strcat
                0x00000000c0000808                strncat
                0x00000000c0000842                strstr
                0x00000000c000087f                toupper
                0x00000000c0000893                tolower
                0x00000000c00008a7                simple_strtoul
 .text          0x00000000c0000a01      0xfbf core/malloc.32
                0x00000000c0000b6c                dlfree
                0x00000000c0000ec7                dlmalloc
                0x00000000c0001404                dlrealloc
                0x00000000c00015b9                dlmemalign
                0x00000000c00016dc                dlcalloc
                0x00000000c0001776                dlcfree
                0x00000000c000177b                dlindependent_calloc
                0x00000000c00017a0                dlindependent_comalloc
                0x00000000c00017b7                dlvalloc
                0x00000000c00017e2                dlpvalloc
                0x00000000c0001818                dlmalloc_trim
                0x00000000c0001825                dlmalloc_usable_size
                0x00000000c0001856                dlmallinfo
                0x00000000c0001925                dlmalloc_stats
                0x00000000c0001936                dlmallopt
 .text          0x00000000c00019c0        0x0 libk/string.32
 .text          0x00000000c00019c0       0x51 fs/fat/diskio.32
                0x00000000c00019c0                disk_status
                0x00000000c00019c3                disk_initialize
                0x00000000c00019c6                disk_read
                0x00000000c00019dc                disk_write
                0x00000000c00019f2                disk_ioctl
 .text          0x00000000c0001a11     0x6833 fs/fat/ff.32
                0x00000000c0004cdf                f_mount
                0x00000000c0004d41                f_open
                0x00000000c000517d                f_read
                0x00000000c00053fd                f_write
                0x00000000c00056b7                f_sync
                0x00000000c0005893                f_close
                0x00000000c00058c2                f_lseek
                0x00000000c0005d79                f_opendir
                0x00000000c0005e7b                f_closedir
                0x00000000c0005e9d                f_readdir
                0x00000000c0005f38                f_stat
                0x00000000c0005fc7                f_getfree
                0x00000000c0006192                f_truncate
                0x00000000c000628a                f_unlink
                0x00000000c000640d                f_mkdir
                0x00000000c0006639                f_rename
                0x00000000c000692c                f_chmod
                0x00000000c0006a0a                f_utime
                0x00000000c0006ae8                f_getlabel
                0x00000000c0006cd6                f_setlabel
                0x00000000c0006f43                f_forward
                0x00000000c0007121                f_mkfs
 .text          0x00000000c0008244       0x2d fs/fat/ffsystem.32
                0x00000000c0008244                ff_memalloc
                0x00000000c000825a                ff_memfree
 .text          0x00000000c0008271      0x253 fs/fat/ffunicode.32
                0x00000000c0008271                ff_uni2oem
                0x00000000c0008301                ff_oem2uni
                0x00000000c000836d                ff_wtoupper
 .text          0x00000000c00084c4      0x8fb hal/libresample/samplerate.32
                0x00000000c0008508                src_delete
                0x00000000c0008544                src_process
                0x00000000c00086fa                src_callback_read
                0x00000000c0008877                src_set_ratio
                0x00000000c00088e1                src_get_channels
                0x00000000c0008903                src_reset
                0x00000000c000894f                src_new
                0x00000000c00089dd                src_callback_new
                0x00000000c0008a3f                src_get_name
                0x00000000c0008a76                src_get_description
                0x00000000c0008aad                src_get_version
                0x00000000c0008ab3                src_is_valid_ratio
                0x00000000c0008b07                src_error
                0x00000000c0008b15                src_strerror
                0x00000000c0008b28                src_simple
                0x00000000c0008b7b                src_short_to_float_array
                0x00000000c0008be0                src_float_to_short_array
                0x00000000c0008c9f                src_int_to_float_array
                0x00000000c0008d02                src_float_to_int_array
 .text          0x00000000c0008dbf      0x8cb hal/libresample/src_linear.32
                0x00000000c00095e5                linear_get_name
                0x00000000c00095f4                linear_get_description
                0x00000000c0009603                linear_set_converter
 .text          0x00000000c000968a     0x447c hal/libresample/src_sinc.32
                0x00000000c000da1d                sinc_get_name
                0x00000000c000da30                sinc_get_description
                0x00000000c000da43                sinc_set_converter
 .text          0x00000000c000db06      0x77c hal/libresample/src_zoh.32
                0x00000000c000e1dd                zoh_get_name
                0x00000000c000e1ec                zoh_get_description
                0x00000000c000e1fb                zoh_set_converter
 .text          0x00000000c000e282       0x23 compat/inlines.32
                0x00000000c000e282                CPU::current()
                0x00000000c000e28f                operator new(unsigned long)
 *fill*         0x00000000c000e2a5        0x1 
 .text          0x00000000c000e2a6      0xa0b core/computer.32
                0x00000000c000e2a6                Computer::close(int, int, void*)
                0x00000000c000e2ea                Computer::Computer()
                0x00000000c000e2ea                Computer::Computer()
                0x00000000c000e446                Computer::setBootMessage(char const*)
                0x00000000c000e448                Computer::start()
                0x00000000c000e51e                firstTask()
                0x00000000c000e52c                Computer::detectFeatures()
                0x00000000c000e736                Computer::displayFeatures()
                0x00000000c000ea7c                Computer::rdmsr(unsigned int)
                0x00000000c000eaa8                Computer::wrmsr(unsigned int, unsigned long long)
                0x00000000c000eae0                Computer::nmiEnabled()
                0x00000000c000eaec                Computer::readCMOS(unsigned char)
                0x00000000c000eb06                Computer::enableNMI(bool)
                0x00000000c000eb1e                Computer::open(int, int, void*)
                0x00000000c000ebf4                Computer::disableNMI()
                0x00000000c000ec02                Computer::writeCMOS(unsigned char, unsigned char)
                0x00000000c000ec20                Computer::handleNMI()
                0x00000000c000ec86                Computer::setDiskActivityLight(int, bool)
 *fill*         0x00000000c000ecb1        0x1 
 .text          0x00000000c000ecb2      0x1b7 core/gdt.32
                0x00000000c000ecb2                GDTEntry::setBase(unsigned int)
                0x00000000c000ecce                GDTEntry::setLimit(unsigned int)
                0x00000000c000ecec                GDT::GDT()
                0x00000000c000ecec                GDT::GDT()
                0x00000000c000ed02                GDT::addEntry(GDTEntry)
                0x00000000c000ed3e                GDT::getNumberOfEntries()
                0x00000000c000ed46                GDT::flush()
                0x00000000c000ed68                GDT::setup()
 .text          0x00000000c000ee69       0x62 core/idle.32
                0x00000000c000ee69                idleFunction(void*)
 *fill*         0x00000000c000eecb        0x1 
 .text          0x00000000c000eecc      0x45f core/idt.32
                0x00000000c000eecc                IDTEntry::IDTEntry(bool)
                0x00000000c000eecc                IDTEntry::IDTEntry(bool)
                0x00000000c000ef3a                IDTEntry::setOffset(unsigned int)
                0x00000000c000ef4e                IDT::IDT()
                0x00000000c000ef4e                IDT::IDT()
                0x00000000c000ef50                IDT::getPointerToInvalidOpcodeEntryForF00F()
                0x00000000c000ef58                IDT::addEntry(IDTEntry, int)
                0x00000000c000ef72                IDT::addEntry(int, void (*)(), bool)
                0x00000000c000efaa                IDT::flush()
                0x00000000c000efc4                IDT::setup()
 .text          0x00000000c000f32b      0x203 core/kheap.32
                0x00000000c000f32b                sbrk
                0x00000000c000f439                mmap
                0x00000000c000f44f                munmap
                0x00000000c000f465                liballoc_lock()
                0x00000000c000f476                liballoc_unlock()
                0x00000000c000f487                liballoc_alloc(int)
                0x00000000c000f4a2                liballoc_free(void*, int)
                0x00000000c000f4c0                realloc
                0x00000000c000f4d4                malloc
                0x00000000c000f4e4                free
                0x00000000c000f4f4                rfree
                0x00000000c000f504                calloc
 .text          0x00000000c000f52e      0x38d core/main.32
                0x00000000c000f52e                hwTextMode_loadInData(VgaText*)
                0x00000000c000f573                hwTextMode_loadInTitle(VgaText*, char*)
                0x00000000c000f5b5                hwTextMode_showCursor(VgaText*, bool)
                0x00000000c000f609                hwTextMode_update(VgaText*)
                0x00000000c000f60a                hwTextMode_updateCursor(VgaText*)
                0x00000000c000f652                hwTextMode_disableBlink(VgaText*, bool)
                0x00000000c000f68e                hwTextMode_scrollScreen(VgaText*)
                0x00000000c000f714                hwTextMode_writeCharacter(VgaText*, char, VgaColour, VgaColour, int, int)
                0x00000000c000f772                setupTextMode()
                0x00000000c000f7c3                kernel_main
 .text          0x00000000c000f8bb      0x54d core/physmgr.32
                0x00000000c000f8bb                Phys::allocateDMA(unsigned long)
                0x00000000c000f95e                Phys::freeDMA(unsigned long, unsigned long)
                0x00000000c000f9a6                Phys::setPageState(unsigned long, bool)
                0x00000000c000f9d8                Phys::getPageState(unsigned long)
                0x00000000c000f9f4                Phys::freePage(unsigned long)
                0x00000000c000fa7e                Phys::allocatePage()
                0x00000000c000fb46                Phys::allocateContiguousPages(int)
                0x00000000c000fba0                Phys::allowSegmentToBeUsed(unsigned long, unsigned long)
                0x00000000c000fbd8                Phys::physicalMemorySetup(unsigned int)
 .text          0x00000000c000fe08      0x273 core/pipe.32
                0x00000000c000fe08                Pipe::isAtty()
                0x00000000c000fe0c                Pipe::~Pipe()
                0x00000000c000fe0c                Pipe::~Pipe()
                0x00000000c000fe30                Pipe::~Pipe()
                0x00000000c000fe58                Pipe::read(unsigned long long, void*, int*)
                0x00000000c000ff4c                Pipe::write(unsigned long long, void*, int*)
                0x00000000c0010014                Pipe::Pipe(int)
                0x00000000c0010014                Pipe::Pipe(int)
 *fill*         0x00000000c001007b        0x1 
 .text          0x00000000c001007c     0x1045 core/terminal.32
                0x00000000c001007c                VgaText::isAtty()
                0x00000000c0010080                VgaText::~VgaText()
                0x00000000c0010080                VgaText::~VgaText()
                0x00000000c00100a4                VgaText::~VgaText()
                0x00000000c00100ce                VgaText::read(unsigned long long, void*, int*)
                0x00000000c00100ee                setTerminalScrollLock(bool)
                0x00000000c00100ef                addToTerminalCycle(VgaText*)
                0x00000000c001011c                installVgaTextImplementation()
                0x00000000c0010131                scrollTerminalScrollLock(int)
                0x00000000c0010132                VgaText::load()
                0x00000000c0010186                VgaText::updateCursor()
                0x00000000c00101a0                VgaText::showCursor(bool)
                0x00000000c00101b0                VgaText::disableBlink(bool)
                0x00000000c00101ea                VgaText::doANSI_SGR(int)
                0x00000000c0010276                VgaText::setDefaultBgColour(VgaColour)
                0x00000000c001028c                VgaText::setDefaultFgColour(VgaColour)
                0x00000000c00102a2                VgaText::setDefaultColours(VgaColour, VgaColour)
                0x00000000c00102c2                VgaText::combineColours(unsigned char, unsigned char)
                0x00000000c00102e0                VgaText::scrollScreen()
                0x00000000c001037c                VgaText::combineCharAndColour(char, unsigned char)
                0x00000000c001038e                VgaText::writeCharacter(char, VgaColour, VgaColour, int, int)
                0x00000000c00103ee                VgaText::getCursorX()
                0x00000000c00103fa                VgaText::getCursorY()
                0x00000000c0010406                VgaText::setCursor(int, int)
                0x00000000c0010424                VgaText::setCursorX(int)
                0x00000000c0010440                VgaText::setCursorY(int)
                0x00000000c001045c                VgaText::incrementCursor(bool)
                0x00000000c00104c4                VgaText::updateRAMUsageDisplay(int)
                0x00000000c0010544                VgaText::updateDiskUsage()
                0x00000000c0010726                VgaText::updateTitle()
                0x00000000c001076c                VgaText::setTitleTextColour(VgaColour)
                0x00000000c001077c                VgaText::setTitleColour(VgaColour)
                0x00000000c001078c                VgaText::setTitle(char*)
                0x00000000c00107b2                VgaText::decrementCursor(bool)
                0x00000000c00107da                VgaText::putchar(char, VgaColour, VgaColour)
                0x00000000c00108d6                VgaText::isShowingCursor()
                0x00000000c00108e2                VgaText::isBlinkDisabled()
                0x00000000c00108f0                VgaText::setCursorHeight(int)
                0x00000000c001090e                VgaText::getCursorHeight()
                0x00000000c0010919                setActiveTerminal(VgaText*)
                0x00000000c00109cb                doTerminalCycle()
                0x00000000c00109e8                VgaText::doUpdate()
                0x00000000c00109fa                VgaText::puts(char const*, VgaColour, VgaColour)
                0x00000000c0010bba                VgaText::clearScreen()
                0x00000000c0010c1e                VgaText::putchar(char)
                0x00000000c0010d38                VgaText::puts(char const*)
                0x00000000c0010d5e                VgaText::putx(unsigned int)
                0x00000000c0010da4                VgaText::VgaText(char const*)
                0x00000000c0010da4                VgaText::VgaText(char const*)
                0x00000000c0010f60                VgaText::receiveKey(unsigned char)
                0x00000000c0011048                VgaText::write(unsigned long long, void*, int*)
                0x00000000c001109c                newTerminal(char*)
 *fill*         0x00000000c00110c1        0x1 
 .text          0x00000000c00110c2      0x1b3 core/tss.32
                0x00000000c00110c2                TSS::TSS()
                0x00000000c00110c2                TSS::TSS()
                0x00000000c00110d0                TSS::setESP(unsigned long)
                0x00000000c00110e2                TSS::flush()
                0x00000000c0011102                TSS::setup(unsigned long, unsigned long)
 *fill*         0x00000000c0011275        0x1 
 .text          0x00000000c0011276      0x4c2 core/unixfile.32
                0x00000000c0011276                ReservedFilename::read(unsigned long long, void*, int*)
                0x00000000c00112cc                ReservedFilename::isAtty()
                0x00000000c00112e8                ReservedFilename::write(unsigned long long, void*, int*)
                0x00000000c0011346                UnixFile::getFileDescriptor()
                0x00000000c001134e                UnixFile::UnixFile(int)
                0x00000000c001134e                UnixFile::UnixFile(int)
                0x00000000c00114fe                ReservedFilename::ReservedFilename(int)
                0x00000000c00114fe                ReservedFilename::ReservedFilename(int)
                0x00000000c0011530                UnixFile::~UnixFile()
                0x00000000c0011530                UnixFile::~UnixFile()
                0x00000000c00115c8                UnixFile::~UnixFile()
                0x00000000c00115f0                ReservedFilename::~ReservedFilename()
                0x00000000c00115f0                ReservedFilename::~ReservedFilename()
                0x00000000c0011614                ReservedFilename::~ReservedFilename()
                0x00000000c001163b                getFromFileDescriptor(int)
 .text          0x00000000c0011738      0xee3 core/virtmgr.32
                0x00000000c0011738                Virt::setPageState(unsigned long, Virt::VirtPageState)
                0x00000000c001176d                Virt::getPageState(unsigned long)
                0x00000000c0011791                Virt::allocateKernelVirtualPages(int)
                0x00000000c00118a2                Virt::virtualMemorySetup()
                0x00000000c0011921                Virt::getAKernelVAS()
                0x00000000c0011927                Virt::setupPageSwapping(int)
                0x00000000c0011a56                VAS::VAS()
                0x00000000c0011a56                VAS::VAS()
                0x00000000c0011a86                VAS::VAS(VAS*)
                0x00000000c0011a86                VAS::VAS(VAS*)
                0x00000000c0011aaa                VAS::getForeignPageTableEntry(bool, unsigned long)
                0x00000000c0011ad6                VAS::getPageTableEntry(unsigned long)
                0x00000000c0011af5                Virt::freeKernelVirtualPages(unsigned long)
                0x00000000c0011c18                VAS::freeAllocatedPages(unsigned long)
                0x00000000c0011c3c                VAS::virtualToPhysical(unsigned long)
                0x00000000c0011c54                VAS::reflagRange(unsigned long, int, int, int)
                0x00000000c0011c94                VAS::setToWriteCombining(unsigned long, int)
                0x00000000c0011cc6                VAS::mapOtherVASIn(bool, VAS*)
                0x00000000c0011cf0                VAS::~VAS()
                0x00000000c0011cf0                VAS::~VAS()
                0x00000000c0011e5c                VAS::mapPage(unsigned long, unsigned long, int)
                0x00000000c0011f5c                VAS::allocatePages(int, int)
                0x00000000c0012134                VAS::setCPUSpecific(unsigned long)
                0x00000000c0012150                VAS::mapRange(unsigned long, unsigned long, int, int)
                0x00000000c0012216                VAS::mapForeignPage(bool, VAS*, unsigned long, unsigned long, int)
                0x00000000c0012304                VAS::VAS(bool)
                0x00000000c0012304                VAS::VAS(bool)
                0x00000000c001255f                mapVASFirstTime
 .text          0x00000000c001261b       0x95 coreobjs/c++.32
                0x00000000c001261b                __cxa_atexit
                0x00000000c001261e                __cxa_finalize
                0x00000000c001261f                __stack_chk_fail
                0x00000000c001268b                __cxa_pure_virtual
                0x00000000c001269c                operator new[](unsigned long)
                0x00000000c00126a1                operator delete(void*, unsigned long)
                0x00000000c00126a6                operator delete[](void*)
                0x00000000c00126ab                operator delete[](void*, unsigned long)
 .text          0x00000000c00126b0      0x1ef dbg/kconsole.32
                0x00000000c00126b0                Dbg::stringifyxWithBase(unsigned int, char*, int)
                0x00000000c0012711                Dbg::logc(char)
                0x00000000c0012728                Dbg::logs(char*)
                0x00000000c0012745                Dbg::logWriteInt(unsigned int)
                0x00000000c0012762                Dbg::logWriteIntBase(unsigned int, int)
                0x00000000c0012781                Dbg::kprintf(char const*, ...)
 *fill*         0x00000000c001289f        0x1 
 .text          0x00000000c00128a0      0xb7c fs/vfs.32
                0x00000000c00128a0                File::read(unsigned long long, void*, int*)
                0x00000000c00128f8                File::write(unsigned long long, void*, int*)
                0x00000000c0012950                Directory::read(unsigned long long, void*, int*)
                0x00000000c00129a8                Directory::write(unsigned long long, void*, int*)
                0x00000000c00129d6                File::isAtty()
                0x00000000c00129da                Directory::isAtty()
                0x00000000c00129de                Filesystem::getlabel(LogicalDisk*, int, char*, unsigned int*)
                0x00000000c00129e4                Filesystem::setlabel(LogicalDisk*, int, char*)
                0x00000000c00129ea                File::~File()
                0x00000000c00129ea                File::~File()
                0x00000000c0012a0e                File::~File()
                0x00000000c0012a38                Directory::~Directory()
                0x00000000c0012a38                Directory::~Directory()
                0x00000000c0012a5c                Directory::~Directory()
                0x00000000c0012a86                Filesystem::Filesystem()
                0x00000000c0012a86                Filesystem::Filesystem()
                0x00000000c0012aaa                Filesystem::~Filesystem()
                0x00000000c0012aaa                Filesystem::~Filesystem()
                0x00000000c0012ab8                Filesystem::~Filesystem()
                0x00000000c0012adc                initVFS()
                0x00000000c0012b06                standardiseFiles(char*, char const*, char const*)
                0x00000000c0012cb0                File::File(char const*, Process*)
                0x00000000c0012cb0                File::File(char const*, Process*)
                0x00000000c0012d14                File::open(FileOpenMode)
                0x00000000c0012d72                File::close()
                0x00000000c0012dd2                File::seek(unsigned long long)
                0x00000000c0012e28                File::tell(unsigned long long*)
                0x00000000c0012e78                File::rewind()
                0x00000000c0012e8c                File::unlink()
                0x00000000c0012ed8                File::rename(char const*)
                0x00000000c0012f26                File::chfatattr(unsigned char, unsigned char)
                0x00000000c0012f82                File::exists()
                0x00000000c0012fc0                File::stat(unsigned long long*, bool*)
                0x00000000c0013021                getcwd(Process*, char*, int)
                0x00000000c001304b                setcwd(Process*, char*)
                0x00000000c0013186                Directory::Directory(char const*, Process*)
                0x00000000c0013186                Directory::Directory(char const*, Process*)
                0x00000000c00131ea                Directory::open()
                0x00000000c0013246                Directory::close()
                0x00000000c00132a6                Directory::unlink()
                0x00000000c00132f2                Directory::rename(char const*)
                0x00000000c0013340                Directory::exists()
                0x00000000c001337e                Directory::read(dirent*)
                0x00000000c00133ca                Directory::create()
                0x00000000c0013416                Filesystem::chfatattr(char const*, unsigned char, unsigned char)
 .text          0x00000000c001341c       0x84 hal/bus.32
                0x00000000c001341c                Bus::Bus(char const*)
                0x00000000c001341c                Bus::Bus(char const*)
                0x00000000c0013452                Bus::~Bus()
                0x00000000c0013452                Bus::~Bus()
                0x00000000c0013476                Bus::~Bus()
 .text          0x00000000c00134a0      0x14e hal/buzzer.32
                0x00000000c00134a0                Buzzer::Buzzer(char const*)
                0x00000000c00134a0                Buzzer::Buzzer(char const*)
                0x00000000c00134e4                Buzzer::~Buzzer()
                0x00000000c00134e4                Buzzer::~Buzzer()
                0x00000000c0013508                Buzzer::~Buzzer()
                0x00000000c0013532                Buzzer::stop()
                0x00000000c0013545                beepThread(void*)
                0x00000000c0013580                Buzzer::beep(int, int, bool)
 .text          0x00000000c00135ee      0x42f hal/clock.32
                0x00000000c00135ee                loadClockSettings()
                0x00000000c0013608                Clock::Clock(char const*)
                0x00000000c0013608                Clock::Clock(char const*)
                0x00000000c001363e                Clock::~Clock()
                0x00000000c001363e                Clock::~Clock()
                0x00000000c0013662                Clock::~Clock()
                0x00000000c001368c                Clock::timeInSecondsLocal()
                0x00000000c00136d4                Clock::setTimeInSecondsLocal(unsigned long long)
                0x00000000c001372d                datetimeToSeconds(datetime_t)
                0x00000000c0013854                Clock::setTimeInDatetimeLocal(datetime_t)
                0x00000000c00138b4                secondsToDatetime(unsigned long long)
                0x00000000c00139f8                Clock::timeInDatetimeLocal()
 *fill*         0x00000000c0013a1d        0x1 
 .text          0x00000000c0013a1e      0x4de hal/device.32
                0x00000000c0013a1e                Device::hibernate()
                0x00000000c0013a20                Device::wake()
                0x00000000c0013a22                Device::detect()
                0x00000000c0013a24                Device::disableLegacy()
                0x00000000c0013a26                Device::powerSaving(PowerSavingLevel)
                0x00000000c0013a28                DriverlessDevice::close(int, int, void*)
                0x00000000c0013a2c                DriverlessDevice::detect()
                0x00000000c0013a2e                DriverlessDevice::open(int, int, void*)
                0x00000000c0013a42                Device::~Device()
                0x00000000c0013a42                Device::~Device()
                0x00000000c0013a50                Device::~Device()
                0x00000000c0013a78                Device::findAndLoadDriver()
                0x00000000c0013a7a                Device::preOpenPCI(PCIDeviceInfo)
                0x00000000c0013aa0                Device::preOpenACPI(void*, char*, char*)
                0x00000000c0013af4                Device::addIRQHandler(int, void (*)(regs*, void*), bool, void*)
                0x00000000c0013b32                Device::removeIRQHandler(int, void (*)(regs*, void*), bool)
                0x00000000c0013b70                Device::addChild(Device*)
                0x00000000c0013bb4                Device::removeAllChildren()
                0x00000000c0013bfa                Device::hibernateAll()
                0x00000000c0013c2a                Device::wakeAll()
                0x00000000c0013c5a                Device::detectAll()
                0x00000000c0013c8a                Device::disableLegacyAll()
                0x00000000c0013cba                Device::loadDriversForAll()
                0x00000000c0013ce6                Device::closeAll()
                0x00000000c0013d1c                Device::powerSavingAll(PowerSavingLevel)
                0x00000000c0013d52                Device::setName(char const*)
                0x00000000c0013d60                Device::Device(char const*)
                0x00000000c0013d60                Device::Device(char const*)
                0x00000000c0013e5c                Device::getName()
                0x00000000c0013e66                DriverlessDevice::DriverlessDevice(char const*)
                0x00000000c0013e66                DriverlessDevice::DriverlessDevice(char const*)
                0x00000000c0013e8e                Device::addToLinkedList(LinkedList<Device>&, DeviceType)
                0x00000000c0013ed2                getDevicesOfType(DeviceType)
 .text          0x00000000c0013efc       0x84 hal/diskctrl.32
                0x00000000c0013efc                HardDiskController::HardDiskController(char const*)
                0x00000000c0013efc                HardDiskController::HardDiskController(char const*)
                0x00000000c0013f32                HardDiskController::~HardDiskController()
                0x00000000c0013f32                HardDiskController::~HardDiskController()
                0x00000000c0013f56                HardDiskController::~HardDiskController()
 .text          0x00000000c0013f80       0xde hal/diskphys.32
                0x00000000c0013f80                PhysicalDisk::PhysicalDisk(char const*, int)
                0x00000000c0013f80                PhysicalDisk::PhysicalDisk(char const*, int)
                0x00000000c0013fe8                PhysicalDisk::startCache()
                0x00000000c0014010                PhysicalDisk::~PhysicalDisk()
                0x00000000c0014010                PhysicalDisk::~PhysicalDisk()
                0x00000000c0014034                PhysicalDisk::~PhysicalDisk()
 .text          0x00000000c001405e      0x13b hal/fpu.32
                0x00000000c001405e                FPU::FPU(char const*)
                0x00000000c001405e                FPU::FPU(char const*)
                0x00000000c0014094                FPU::~FPU()
                0x00000000c0014094                FPU::~FPU()
                0x00000000c00140b8                FPU::~FPU()
                0x00000000c00140e2                setupFPU()
 *fill*         0x00000000c0014199        0x1 
 .text          0x00000000c001419a     0x12b1 hal/intctrl.32
                0x00000000c001419a                InterruptController::uninstallISRHandler(int, void (*)(regs*, void*))
                0x00000000c00141d2                InterruptController::installISRHandler(int, void (*)(regs*, void*), void*)
                0x00000000c0014224                doubleFault(regs*, void*)
                0x00000000c001423e                InterruptController::installIRQHandler(int, void (*)(regs*, void*), bool, void*)
                0x00000000c00142da                InterruptController::clearAllHandlers(int, bool)
                0x00000000c0014382                InterruptController::uninstallIRQHandler(int, void (*)(regs*, void*), bool)
                0x00000000c0014409                nmiHandler(regs*, void*)
                0x00000000c0014417                int_handler
                0x00000000c00144b8                InterruptController::InterruptController(char const*)
                0x00000000c00144b8                InterruptController::InterruptController(char const*)
                0x00000000c001455e                InterruptController::~InterruptController()
                0x00000000c001455e                InterruptController::~InterruptController()
                0x00000000c0014582                InterruptController::~InterruptController()
                0x00000000c00145ac                displayDebugInfo(regs*)
                0x00000000c00149b1                x87EmulHandler(regs*, void*)
                0x00000000c00149e0                gpFault(regs*, void*)
                0x00000000c0014a19                pgFault(regs*, void*)
                0x00000000c0014a30                otherISRHandler(regs*, void*)
                0x00000000c0014a4f                opcodeFault(regs*, void*)
                0x00000000c001500e                displayProgramFault(char const*)
                0x00000000c0015036                setupInterruptController()
                0x00000000c00153fe                InterruptController::convertLegacyIRQNumber(int)
 *fill*         0x00000000c001544b        0x1 
 .text          0x00000000c001544c      0x69a hal/keybrd.32
                0x00000000c001544c                startGUI(void*)
                0x00000000c00154a8                startGUIVESA(void*)
                0x00000000c0015504                sendKeyToTerminal(unsigned char)
                0x00000000c0015570                sendKeyboardToken(KeyboardToken)
                0x00000000c0015980                clearInternalKeybuffer(VgaText*)
                0x00000000c00159b5                readKeyboard(VgaText*, char*, unsigned long)
                0x00000000c0015a5c                Keyboard::Keyboard(char const*)
                0x00000000c0015a5c                Keyboard::Keyboard(char const*)
                0x00000000c0015a98                Keyboard::~Keyboard()
                0x00000000c0015a98                Keyboard::~Keyboard()
                0x00000000c0015abc                Keyboard::~Keyboard()
 .text          0x00000000c0015ae6      0x400 hal/logidisk.32
                0x00000000c0015ae6                LogicalDisk::close(int, int, void*)
                0x00000000c0015aea                LogicalDisk::~LogicalDisk()
                0x00000000c0015aea                LogicalDisk::~LogicalDisk()
                0x00000000c0015b0e                LogicalDisk::~LogicalDisk()
                0x00000000c0015b38                LogicalDisk::open(int, int, void*)
                0x00000000c0015b4c                LogicalDisk::absoluteToRelative(unsigned long long)
                0x00000000c0015b84                LogicalDisk::relativeToAbsolute(unsigned long long)
                0x00000000c0015bca                LogicalDisk::LogicalDisk(char const*, PhysicalDisk*, unsigned long long, unsigned long long)
                0x00000000c0015bca                LogicalDisk::LogicalDisk(char const*, PhysicalDisk*, unsigned long long, unsigned long long)
                0x00000000c0015c80                LogicalDisk::assignDriveLetter()
                0x00000000c0015d36                LogicalDisk::mount()
                0x00000000c0015da8                LogicalDisk::unmount()
                0x00000000c0015db8                LogicalDisk::unassignDriveLetter()
                0x00000000c0015e0e                LogicalDisk::read(unsigned long long, int, void*)
                0x00000000c0015e7a                LogicalDisk::write(unsigned long long, int, void*)
 .text          0x00000000c0015ee6       0x84 hal/mouse.32
                0x00000000c0015ee6                Mouse::Mouse(char const*)
                0x00000000c0015ee6                Mouse::Mouse(char const*)
                0x00000000c0015f1c                Mouse::~Mouse()
                0x00000000c0015f1c                Mouse::~Mouse()
                0x00000000c0015f40                Mouse::~Mouse()
 .text          0x00000000c0015f6a      0x339 hal/partition.32
                0x00000000c0015f6a                makePartition(PhysicalDisk*, unsigned long long, unsigned long long)
                0x00000000c0016012                createPartitionsForDisk(PhysicalDisk*)
 *fill*         0x00000000c00162a3        0x1 
 .text          0x00000000c00162a4       0x84 hal/serial.32
                0x00000000c00162a4                Serial::Serial(char const*)
                0x00000000c00162a4                Serial::Serial(char const*)
                0x00000000c00162da                Serial::~Serial()
                0x00000000c00162da                Serial::~Serial()
                0x00000000c00162fe                Serial::~Serial()
 .text          0x00000000c0016328      0x2b8 hal/timer.32
                0x00000000c0016328                Timer::Timer(char const*)
                0x00000000c0016328                Timer::Timer(char const*)
                0x00000000c001635e                Timer::~Timer()
                0x00000000c001635e                Timer::~Timer()
                0x00000000c0016382                Timer::~Timer()
                0x00000000c00163ac                Timer::read()
                0x00000000c00163b7                timerHandler(unsigned long long)
                0x00000000c00164ee                setupTimer(int)
 .text          0x00000000c00165e0      0x2db hal/vcache.32
                0x00000000c00165e0                VCache::VCache(PhysicalDisk*)
                0x00000000c00165e0                VCache::VCache(PhysicalDisk*)
                0x00000000c00166da                VCache::writeWriteBuffer()
                0x00000000c0016716                VCache::~VCache()
                0x00000000c0016716                VCache::~VCache()
                0x00000000c0016756                VCache::~VCache()
                0x00000000c001677e                VCache::write(unsigned long long, int, void*)
                0x00000000c0016862                VCache::read(unsigned long long, int, void*)
 *fill*         0x00000000c00168bb        0x1 
 .text          0x00000000c00168bc      0x4cd hal/video.32
                0x00000000c00168bc                Video::putrect(int, int, int, int, unsigned int)
                0x00000000c0016908                Video::bitblit(int, int, int, int, int, int, int, unsigned int*)
                0x00000000c0016978                Video::blit(unsigned int*, int, int, int, int)
                0x00000000c00169f6                Video::clearScreen(unsigned int)
                0x00000000c0016a2a                Video::putpixel(int, int, unsigned int)
                0x00000000c0016a38                Video::Video(char const*)
                0x00000000c0016a38                Video::Video(char const*)
                0x00000000c0016a6e                Video::~Video()
                0x00000000c0016a6e                Video::~Video()
                0x00000000c0016a92                Video::~Video()
                0x00000000c0016abc                Video::isMonochrome()
                0x00000000c0016ac8                Video::getWidth()
                0x00000000c0016ad4                Video::getHeight()
                0x00000000c0016ae0                Video::drawCursor(int, int, unsigned char*, int)
                0x00000000c0016b9c                Video::tgaParse(unsigned char*, int, int*, int*)
                0x00000000c0016d1e                Video::putTGA(int, int, unsigned char*, int)
 *fill*         0x00000000c0016d89        0x1 
 .text          0x00000000c0016d8a      0xe28 hw/acpi.32
                0x00000000c0016d8a                ACPI::close(int, int, void*)
                0x00000000c0016e3f                findRSDP()
                0x00000000c0016ec9                loadACPITables(unsigned char*)
                0x00000000c00170f0                findRSDT(unsigned char*)
                0x00000000c001720e                findDataTable(unsigned char*, char*)
                0x00000000c00172aa                scanMADT()
                0x00000000c0017730                ACPI::ACPI()
                0x00000000c0017730                ACPI::ACPI()
                0x00000000c0017790                ACPI::getPCIIRQAssignment(unsigned char, unsigned short, unsigned char)
                0x00000000c0017872                ACPI::registerPCIIRQAssignment(void*, unsigned short, unsigned char, unsigned char)
                0x00000000c0017978                ACPI::setScreenBrightnessLevel(void*, int)
                0x00000000c001797e                ACPI::writeSimpleBootFlag(SimpleBootFlagTable*)
                0x00000000c00179c6                ACPI::open(int, int, void*)
                0x00000000c0017b9a                ACPI::sleep()
 .text          0x00000000c0017bb2     0x1715 hw/cpu.32
                0x00000000c0017bb2                CPU::close(int, int, void*)
                0x00000000c0017bb6                CPU::lookupAMDName(unsigned char, unsigned char)
                0x00000000c0017d4a                CPU::lookupIntelName(unsigned char, unsigned char)
                0x00000000c0017ff8                CPU::AMD_K6_write_msr(unsigned int, unsigned int, unsigned int, CPU::REGS*)
                0x00000000c0018014                CPU::AMD_K6_read_msr(unsigned int, CPU::REGS*)
                0x00000000c001802c                CPU::AMD_K6_writeback(int, int, int)
                0x00000000c00180a0                CPU::cpuid(int, unsigned long*, unsigned long*, unsigned long*, unsigned long*)
                0x00000000c0018124                CPU::cpuidCheckEDX(unsigned int)
                0x00000000c0018152                CPU::cpuidCheckECX(unsigned int)
                0x00000000c0018180                CPU::cpuidCheckExtendedEBX(unsigned int)
                0x00000000c00181ae                CPU::cpuidCheckExtendedECX(unsigned int)
                0x00000000c00181dc                CPU::CPU()
                0x00000000c00181dc                CPU::CPU()
                0x00000000c001826a                CPU::displayFeatures()
                0x00000000c00184e6                CPU::detectFeatures()
                0x00000000c0018ed6                CPU::setupSMEP()
                0x00000000c0018ee2                CPU::setupUMIP()
                0x00000000c0018eec                CPU::setupTSC()
                0x00000000c0018ef6                CPU::setupLargePages()
                0x00000000c0018f00                CPU::setupPAT()
                0x00000000c0018f3c                CPU::setupMTRR()
                0x00000000c0018f3e                CPU::setupGlobalPages()
                0x00000000c0018f48                CPU::allowUsermodeDataAccess()
                0x00000000c0018f5a                CPU::prohibitUsermodeDataAccess()
                0x00000000c0018f6c                CPU::setupSMAP()
                0x00000000c0018f7a                CPU::setupFeatures()
                0x00000000c0018ffa                CPU::open(int, int, void*)
                0x00000000c00190cc                CPU::decodeAddress(regs*, int*, bool*, unsigned char*)
 .text          0x00000000c00192c7        0x0 hw/ports.32
 *fill*         0x00000000c00192c7        0x1 
 .text          0x00000000c00192c8      0x5d3 krnl/env.32
                0x00000000c00192c8                EnvVarContainer::getEnv(char const*)
                0x00000000c0019306                EnvVarContainer::setEnv(char const*, char const*)
                0x00000000c00193d2                EnvVarContainer::deleteEnv(char const*)
                0x00000000c00193d4                EnvVarContainer::loadFrom(char const*, char const*)
                0x00000000c00195ca                EnvVarContainer::__loadSystem()
                0x00000000c00195e4                EnvVarContainer::__loadUser()
                0x00000000c00195e6                EnvVarContainer::EnvVarContainer(Process*)
                0x00000000c00195e6                EnvVarContainer::EnvVarContainer(Process*)
                0x00000000c0019608                EnvVarContainer::~EnvVarContainer()
                0x00000000c0019608                EnvVarContainer::~EnvVarContainer()
                0x00000000c0019638                Krnl::getEnv(Process*, char const*)
                0x00000000c001969d                Krnl::setEnvSystem(char const*, char const*)
                0x00000000c00196b7                Krnl::setEnvUser(char const*, char const*)
                0x00000000c00196d6                Krnl::setEnvProcess(Process*, char const*, char const*)
                0x00000000c00196e9                Krnl::deleteEnvSystem(char const*)
                0x00000000c00196ea                Krnl::deleteEnvUser(char const*)
                0x00000000c00196eb                Krnl::deleteEnvProcess(Process*, char const*)
                0x00000000c00196ec                Krnl::newProcessEnv(Process*)
                0x00000000c001970e                Krnl::copyProcessEnv(Process*, Process*)
                0x00000000c0019762                Krnl::loadSystemEnv()
                0x00000000c0019790                Krnl::loadUserEnv()
                0x00000000c00197b6                Krnl::flushEnv()
                0x00000000c00197b7                Krnl::getProcessTotalEnvCount(Process*)
                0x00000000c00197d7                Krnl::getProcessEnvPair(Process*, int)
 .text          0x00000000c001989b      0x32c krnl/panic.32
                0x00000000c001989b                Krnl::panic(char const*)
 .text          0x00000000c0019bc7      0x3b6 net/ethernet.32
                0x00000000c0019bc7                Net::switchEndian16(unsigned short)
                0x00000000c0019be8                Net::switchEndian32(unsigned int)
                0x00000000c0019c17                Net::crc32Calc(unsigned char*, int)
                0x00000000c0019ca8                Net::wrapEthernetFrame(Net::UnwrappedEthernetFrame, unsigned char*)
                0x00000000c0019de4                Net::unwrapEthernetFrame(unsigned char*, int)
 .text          0x00000000c0019f7d      0x513 reg/registry.32
                0x00000000c0019f7d                Reg::findLineFromLoadedData(char*, char*, char*)
                0x00000000c001a0d5                Reg::getLineFromRegistry(char*, char*, char*, char*)
                0x00000000c001a22a                Reg::getLine(char*, char*, char*)
                0x00000000c001a261                Reg::readInt(char*, char*, int*)
                0x00000000c001a34c                Reg::readString(char*, char*, char*, int)
                0x00000000c001a3cd                Reg::readBool(char*, char*, bool*)
                0x00000000c001a3f2                Reg::readBoolWithDefault(char*, char*, bool)
                0x00000000c001a41e                Reg::readIntWithDefault(char*, char*, int)
                0x00000000c001a44a                Reg::readStringWithDefault(char*, char*, char*, int, char*)
 .text          0x00000000c001a490       0x18 sys/sc_exit.32
                0x00000000c001a490                Sys::exit(regs*)
 .text          0x00000000c001a4a8       0x1f sys/sc_getcwd.32
                0x00000000c001a4a8                Sys::getCwd(regs*)
 .text          0x00000000c001a4c7        0xc sys/sc_getpid.32
                0x00000000c001a4c7                Sys::getPID(regs*)
 .text          0x00000000c001a4d3       0xa8 sys/sc_loaddll.32
                0x00000000c001a4d3                Sys::loadDLL(regs*)
 .text          0x00000000c001a57b       0x68 sys/sc_read.32
                0x00000000c001a57b                Sys::read(regs*)
 .text          0x00000000c001a5e3       0x55 sys/sc_sbrk.32
                0x00000000c001a5e3                Sys::sbrk(regs*)
 .text          0x00000000c001a638       0x1c sys/sc_setcwd.32
                0x00000000c001a638                Sys::setCwd(regs*)
 .text          0x00000000c001a654       0x68 sys/sc_write.32
                0x00000000c001a654                Sys::write(regs*)
 .text          0x00000000c001a6bc       0x3b sys/sc_yield.32
                0x00000000c001a6bc                Sys::yield(regs*)
 .text          0x00000000c001a6f7     0x100a sys/syscalls.32
                0x00000000c001a6f7                sysCallSeekDir(regs*)
                0x00000000c001a6fc                sysCallTellDir(regs*)
                0x00000000c001a701                sysCallVerify(regs*)
                0x00000000c001a70b                sysCallGetArgc(regs*)
                0x00000000c001a71b                sysFormatDisk(regs*)
                0x00000000c001a785                sysSetDiskVolumeLabel(regs*)
                0x00000000c001a7cb                sysGetDiskVolumeLabel(regs*)
                0x00000000c001a81c                sysShutdown(regs*)
                0x00000000c001a87a                sysCallRealpath(regs*)
                0x00000000c001a8bd                sysCallReadDir(regs*)
                0x00000000c001a94b                sysCallIsATTY(regs*)
                0x00000000c001a9a5                sysCallSeek(regs*)
                0x00000000c001aa0e                sysCallTell(regs*)
                0x00000000c001aa8b                sysCallSize(regs*)
                0x00000000c001ab0e                sysCallSizeFromFilename(regs*)
                0x00000000c001abce                sysCallClose(regs*)
                0x00000000c001ac56                sysCallOpenDir(regs*)
                0x00000000c001accb                sysCallCloseDir(regs*)
                0x00000000c001ad31                sysCallMakeDir(regs*)
                0x00000000c001ada1                sysCallWait(regs*)
                0x00000000c001adbb                sysCallNotImpl(regs*)
                0x00000000c001add6                sysPanic(regs*)
                0x00000000c001adfc                sysCallRmdir(regs*)
                0x00000000c001ae60                sysCallUnlink(regs*)
                0x00000000c001aec4                sysCallGetArgv(regs*)
                0x00000000c001af10                sysCallTTYName(regs*)
                0x00000000c001af93                sysCallUSleep(regs*)
                0x00000000c001afba                sysCallSpawn(regs*)
                0x00000000c001b012                sysCallGetEnv(regs*)
                0x00000000c001b0bf                sysAppSettings(regs*)
                0x00000000c001b1de                sysSetFatAttrib(regs*)
                0x00000000c001b250                sysPipe(regs*)
                0x00000000c001b295                sysGetUnixTime(regs*)
                0x00000000c001b2a9                string_ends_with(char const*, char const*)
                0x00000000c001b2f1                sysCallOpen(regs*)
                0x00000000c001b506                setupSystemCalls()
                0x00000000c001b6bf                systemCall(regs*, void*)
 .text          0x00000000c001b701     0x11ee thr/elf.32
                0x00000000c001b701                Thr::allocateMemoryForTask(Process*, File*, unsigned long, unsigned long, unsigned long)
                0x00000000c001b97e                Thr::loadProgramIntoMemory(Process*, char const*)
                0x00000000c001bb94                Thr::runtimeReferenceHelper()
                0x00000000c001bba7                Thr::getAddressOfKernelSymbol(char const*)
                0x00000000c001bbf6                Thr::loadKernelSymbolTable(char const*)
                0x00000000c001beb2                Thr::loadDriverIntoMemory(char const*, unsigned long, bool)
                0x00000000c001c633                Thr::getDriverBaseFromAddress(unsigned long)
                0x00000000c001c665                Thr::getDriverNameFromAddress(unsigned long)
                0x00000000c001c69c                Thr::getDriverOffsetFromAddress(unsigned long)
                0x00000000c001c6b6                Thr::loadDLL(char const*, bool)
                0x00000000c001c8c5                Thr::executeDLL(unsigned long, void*)
 *fill*         0x00000000c001c8ef        0x1 
 .text          0x00000000c001c8f0     0x1056 thr/prcssthr.32
                0x00000000c001c8f0                changeTSS
                0x00000000c001c920                Process::addArgs(char**)
                0x00000000c001c97a                Process::Process(char const*, Process*, char**)
                0x00000000c001c97a                Process::Process(char const*, Process*, char**)
                0x00000000c001cb5e                Process::Process(bool, char const*, Process*, char**)
                0x00000000c001cb5e                Process::Process(bool, char const*, Process*, char**)
                0x00000000c001cd0d                disableIRQs()
                0x00000000c001cd15                getIRQNestingLevel()
                0x00000000c001cd1b                enableIRQs()
                0x00000000c001cd2a                lockScheduler()
                0x00000000c001cd2c                unlockScheduler()
                0x00000000c001cd2e                userModeEntryPoint(void*)
                0x00000000c001cd51                lockStuff()
                0x00000000c001cd5d                taskStartupFunction
                0x00000000c001cd66                updateTimeUsed()
                0x00000000c001cdcb                switchToThread(ThreadControlBlock*)
                0x00000000c001ce1c                Semaphore::Semaphore(int)
                0x00000000c001ce1c                Semaphore::Semaphore(int)
                0x00000000c001ce4a                Mutex::Mutex()
                0x00000000c001ce4a                Mutex::Mutex()
                0x00000000c001ce5c                Process::createThread(void (*)(void*), void*, int)
                0x00000000c001cf40                Process::createUserThread()
                0x00000000c001cf5c                setupMultitasking(void (*)())
                0x00000000c001d066                schedule()
                0x00000000c001d0eb                unlockStuff()
                0x00000000c001d120                Semaphore::tryAcquire()
                0x00000000c001d14e                Semaphore::assertLocked(char const*)
                0x00000000c001d17e                blockTaskWithSchedulerLockAlreadyHeld(TaskState)
                0x00000000c001d1c0                blockTask(TaskState)
                0x00000000c001d1e1                waitTask(int, int*, int)
                0x00000000c001d223                nanoSleepUntil(unsigned long long)
                0x00000000c001d27a                nanoSleep(unsigned long long)
                0x00000000c001d28f                sleep(unsigned long long)
                0x00000000c001d2ac                Semaphore::acquire()
                0x00000000c001d314                taskReturned
                0x00000000c001d342                unblockTask(ThreadControlBlock*)
                0x00000000c001d3f1                cleanupTerminatedTask(ThreadControlBlock*)
                0x00000000c001d6ba                cleanerTaskFunction(void*)
                0x00000000c001d76d                terminateTask(int)
                0x00000000c001d84d                Thr::terminateFromIRQ(int)
                0x00000000c001d85a                Semaphore::release()
 .text          0x00000000c001d946      0xc26 vm86/vm8086.32
                0x00000000c001d946                Vm::inbv(unsigned short)
                0x00000000c001d959                Vm::outbv(unsigned short, unsigned char)
                0x00000000c001d9ac                Vm::realToLinear(unsigned short, unsigned short)
                0x00000000c001d9bc                Vm::getSegment(unsigned int)
                0x00000000c001d9c4                Vm::getOffset(unsigned int)
                0x00000000c001d9c9                Vm::mainloop2()
                0x00000000c001da04                Vm::mainVm8086Loop(void*)
                0x00000000c001da11                Vm::mainloop3(unsigned long)
                0x00000000c001da3b                Vm::initialise8086()
                0x00000000c001da7e                Vm::finish8086()
                0x00000000c001dac3                Vm::getOutput8086(unsigned char*)
                0x00000000c001daed                Vm::start8086(char const*, unsigned short, unsigned short, unsigned short, unsigned short)
                0x00000000c001dc3d                Vm::doISR(regs*, int, unsigned char*, unsigned short, unsigned short)
                0x00000000c001dcc7                Vm::readByteFromReal(unsigned short, unsigned short)
                0x00000000c001dcd8                Vm::readWordFromReal(unsigned short, unsigned short)
                0x00000000c001dcea                Vm::readDwordFromReal(unsigned short, unsigned short)
                0x00000000c001dcfb                Vm::writeByteFromReal(unsigned short, unsigned short, unsigned char)
                0x00000000c001dd10                Vm::writeWordFromReal(unsigned short, unsigned short, unsigned short)
                0x00000000c001dd26                Vm::writeDwordFromReal(unsigned short, unsigned short, unsigned int)
                0x00000000c001dd3b                Vm::faultHandler(regs*)
 .text          0x00000000c001e56c      0xefd vm86/x87em.32
                0x00000000c001e56c                Vm::fpuInternalTo32(unsigned long long)
                0x00000000c001e5c7                Vm::fpuInternalTo64(unsigned long long)
                0x00000000c001e5d0                Vm::fpu32ToInternal(unsigned int)
                0x00000000c001e615                Vm::fpu64ToInternal(unsigned long long)
                0x00000000c001e61e                Vm::fpuFloatToLong(unsigned long long)
                0x00000000c001e679                Vm::fpuULongToFloat(unsigned long long)
                0x00000000c001e6af                Vm::fpuLongToFloat(long long)
                0x00000000c001e705                Vm::fpuGet0()
                0x00000000c001e70a                Vm::fpuGet1()
                0x00000000c001e712                Vm::fpuGetPi()
                0x00000000c001e71a                Vm::fpuGetLog2E()
                0x00000000c001e732                Vm::fpuGetLogE2()
                0x00000000c001e74a                Vm::fpuGetLog210()
                0x00000000c001e762                Vm::fpuGetLog102()
                0x00000000c001e77a                Vm::fpuIsSecondLarger(unsigned long long, unsigned long long)
                0x00000000c001e78e                Vm::fpuAreEqual(unsigned long long, unsigned long long)
                0x00000000c001e7a4                Vm::fpuUnorderedCompare(unsigned long long, unsigned long long)
                0x00000000c001e7f7                Vm::fpuAdd(unsigned long long, unsigned long long)
                0x00000000c001e808                Vm::fpuAbs(unsigned long long)
                0x00000000c001e811                Vm::fpuChs(unsigned long long)
                0x00000000c001e821                Vm::fpuSub(unsigned long long, unsigned long long)
                0x00000000c001e830                Vm::fpuMultiply(unsigned long long, unsigned long long)
                0x00000000c001e84f                Vm::fpuDivide(unsigned long long, unsigned long long)
                0x00000000c001e86b                Vm::fpuSquare(unsigned long long)
                0x00000000c001e881                Vm::fpuGetReg(int)
                0x00000000c001e8c4                Vm::fpuSetReg(int, unsigned long long)
                0x00000000c001e90f                Vm::fpuPush(unsigned long long)
                0x00000000c001e96c                Vm::fpuPop()
                0x00000000c001e9be                Vm::x87Handler(regs*)
 *fill*         0x00000000c001f469        0x1 
 .text          0x00000000c001f46a     0x10ed fs/fat/vfslink.32
                0x00000000c001f46a                FAT::getName()
                0x00000000c001f470                FAT::tell(void*, unsigned long long*)
                0x00000000c001f4a4                FAT::stat(void*, unsigned long long*)
                0x00000000c001f4d8                FAT::~FAT()
                0x00000000c001f4d8                FAT::~FAT()
                0x00000000c001f4fc                FAT::~FAT()
                0x00000000c001f524                FAT::getlabel(LogicalDisk*, int, char*, unsigned int*)
                0x00000000c001f5c2                FAT::setlabel(LogicalDisk*, int, char*)
                0x00000000c001f67c                FAT::format(LogicalDisk*, int, char const*, int)
                0x00000000c001f860                FAT::tryMount(LogicalDisk*, int)
                0x00000000c001fa66                FAT::readDir(void*, unsigned long, void*, int*)
                0x00000000c001fb6c                FAT::read(void*, unsigned long, void*, int*)
                0x00000000c001fbc6                FAT::write(void*, unsigned long, void*, int*)
                0x00000000c001fc20                FAT::close(void*)
                0x00000000c001fc6c                FAT::closeDir(void*)
                0x00000000c001fcb8                FAT::seek(void*, unsigned long long)
                0x00000000c001fd0c                fatWrapperReadDisk
                0x00000000c001fd53                fatWrapperWriteDisk
                0x00000000c001fd9a                fatWrapperIoctl
                0x00000000c001fe9e                FAT::FAT()
                0x00000000c001fe9e                FAT::FAT()
                0x00000000c001fef0                FAT::fixFilepath(char*)
                0x00000000c001ff28                FAT::open(char const*, void**, FileOpenMode)
                0x00000000c0020050                FAT::openDir(char const*, void**)
                0x00000000c00200f6                FAT::stat(char const*, unsigned long long*, bool*)
                0x00000000c00201e0                FAT::unlink(char const*)
                0x00000000c002025a                FAT::chfatattr(char const*, unsigned char, unsigned char)
                0x00000000c00203ae                FAT::rename(char const*, char const*)
                0x00000000c0020472                FAT::mkdir(char const*)
                0x00000000c00204ec                FAT::exists(char const*)
 *fill*         0x00000000c0020557        0x1 
 .text          0x00000000c0020558      0xbdf fs/iso9660/vfslink.32
                0x00000000c0020558                ISO9660::format(LogicalDisk*, int, char const*, int)
                0x00000000c002055e                ISO9660::seek(void*, unsigned long long)
                0x00000000c002058e                ISO9660::tell(void*, unsigned long long*)
                0x00000000c00205b2                ISO9660::getName()
                0x00000000c00205b8                ISO9660::stat(void*, unsigned long long*)
                0x00000000c00205dc                ISO9660::chfatattr(char const*, unsigned char, unsigned char)
                0x00000000c00205e2                ISO9660::unlink(char const*)
                0x00000000c00205e8                ISO9660::write(void*, unsigned long, void*, int*)
                0x00000000c00205ee                ISO9660::rename(char const*, char const*)
                0x00000000c00205f4                ISO9660::mkdir(char const*)
                0x00000000c00205fa                ISO9660::close(void*)
                0x00000000c002061c                ISO9660::closeDir(void*)
                0x00000000c002063e                ISO9660::~ISO9660()
                0x00000000c002063e                ISO9660::~ISO9660()
                0x00000000c0020662                ISO9660::~ISO9660()
                0x00000000c0020689                __memmem(unsigned char*, int, unsigned char*, int)
                0x00000000c00206cb                readSectorFromCDROM(unsigned int, unsigned char*, char)
                0x00000000c0020732                ISO9660::tryMount(LogicalDisk*, int)
                0x00000000c0020782                ISO9660::read(void*, unsigned long, void*, int*)
                0x00000000c00209c6                ISO9660::readDir(void*, unsigned long, void*, int*)
                0x00000000c0020c53                readRoot(unsigned int*, unsigned int*, char)
                0x00000000c0020ca8                readRecursively(char*, unsigned int, unsigned int, unsigned int*, unsigned int*, char, int*)
                0x00000000c0020e7b                getFileData(char*, unsigned int*, unsigned int*, char, int*)
                0x00000000c0020f0a                ISO9660::open(char const*, void**, FileOpenMode)
                0x00000000c0020fa4                ISO9660::exists(char const*)
                0x00000000c0020fc8                ISO9660::stat(char const*, unsigned long long*, bool*)
                0x00000000c002105c                ISO9660::openDir(char const*, void**)
                0x00000000c0021114                ISO9660::ISO9660()
                0x00000000c0021114                ISO9660::ISO9660()
 *fill*         0x00000000c0021137        0x1 
 .text          0x00000000c0021138      0x326 hal/sound/sndchannel.32
                0x00000000c0021138                SoundChannel::~SoundChannel()
                0x00000000c0021138                SoundChannel::~SoundChannel()
                0x00000000c0021154                SoundChannel::setSpeed(float)
                0x00000000c0021160                SoundChannel::getSpeed()
                0x00000000c0021168                SoundChannel::setVolume(int)
                0x00000000c0021184                SoundChannel::getVolume()
                0x00000000c002118c                SoundChannel::pause()
                0x00000000c0021196                SoundChannel::SoundChannel(int, int, int, int)
                0x00000000c0021196                SoundChannel::SoundChannel(int, int, int, int)
                0x00000000c00212ec                SoundChannel::play()
                0x00000000c00212f6                SoundChannel::paused()
                0x00000000c00212fe                SoundChannel::getSampleRate()
                0x00000000c0021306                SoundChannel::getBits()
                0x00000000c002130e                SoundChannel::getBufferUsed()
                0x00000000c0021316                SoundChannel::getBufferSize()
                0x00000000c002131e                SoundChannel::unbuffer(float*, int, int)
                0x00000000c00213be                SoundChannel::buffer8(unsigned char*, int)
 .text          0x00000000c002145e      0x3d5 hal/sound/sndhw.32
                0x00000000c002145e                SoundDevice::SoundDevice(char const*)
                0x00000000c002145e                SoundDevice::SoundDevice(char const*)
                0x00000000c00214ca                SoundDevice::~SoundDevice()
                0x00000000c00214ca                SoundDevice::~SoundDevice()
                0x00000000c0021544                SoundDevice::~SoundDevice()
                0x00000000c002156e                SoundDevice::getFreeChannelNum()
                0x00000000c0021588                SoundDevice::addChannel(SoundChannel*)
                0x00000000c00215f8                SoundDevice::removeChannel(int)
                0x00000000c002162a                SoundDevice::floatTo8(float*, unsigned char*, int)
                0x00000000c0021712                SoundDevice::getAudio(int, float*, float*)
 .text          0x00000000c0021833        0x0 hw/bus/isa.32
 *fill*         0x00000000c0021833        0x1 
 .text          0x00000000c0021834      0x6c3 hw/bus/pci.32
                0x00000000c0021834                PCI::open(int, int, void*)
                0x00000000c0021848                PCI::close(int, int, void*)
                0x00000000c002184c                PCI::PCI()
                0x00000000c002184c                PCI::PCI()
                0x00000000c00218cc                PCI::pciReadWord(unsigned char, unsigned char, unsigned char, unsigned char)
                0x00000000c0021914                PCI::getVendorID(unsigned char, unsigned char, unsigned char)
                0x00000000c0021936                PCI::getHeaderType(unsigned char, unsigned char, unsigned char)
                0x00000000c002195a                PCI::getClassCode(unsigned char, unsigned char, unsigned char)
                0x00000000c002199e                PCI::getProgIF(unsigned char, unsigned char, unsigned char)
                0x00000000c00219c2                PCI::getRevisionID(unsigned char, unsigned char, unsigned char)
                0x00000000c00219e4                PCI::getInterruptNumber(unsigned char, unsigned char, unsigned char)
                0x00000000c0021a06                PCI::getSecondaryBus(unsigned char, unsigned char, unsigned char)
                0x00000000c0021a2a                PCI::getBARAddress(unsigned char, unsigned char, unsigned char, unsigned char)
                0x00000000c0021a8a                PCI::pciWriteWord(unsigned char, unsigned char, unsigned char, unsigned char, unsigned short)
                0x00000000c0021af6                PCI::checkBus(unsigned char)
                0x00000000c0021b1a                PCI::foundDevice(PCIDeviceInfo)
                0x00000000c0021c8c                PCI::getDeviceData(unsigned char, unsigned char, unsigned char)
                0x00000000c0021e38                PCI::checkDevice(unsigned char, unsigned char)
                0x00000000c0021ea4                PCI::detect()
 *fill*         0x00000000c0021ef7        0x1 
 .text          0x00000000c0021ef8      0xc70 hw/diskctrl/ide.32
                0x00000000c0021ef8                IDE::close(int, int, void*)
                0x00000000c0021efc                IDE::IDE()
                0x00000000c0021efc                IDE::IDE()
                0x00000000c0021f30                IDE::prepareInterrupt(unsigned char)
                0x00000000c0021f42                selectDrive(unsigned char, unsigned char)
                0x00000000c0021f44                IDE::getBase(unsigned char)
                0x00000000c0021f56                IDE::write(unsigned char, unsigned char, unsigned char)
                0x00000000c0022016                IDE::read(unsigned char, unsigned char)
                0x00000000c00220c4                IDE::waitInterrupt(unsigned char)
                0x00000000c002212a                ideChannel0IRQHandler(regs*, void*)
                0x00000000c0022146                ideChannel1IRQHandler(regs*, void*)
                0x00000000c0022162                IDE::enableIRQs(unsigned char, bool)
                0x00000000c00221a8                IDE::open(int, int, void*)
                0x00000000c00225b8                IDE::readBuffer(unsigned char, unsigned char, unsigned int, unsigned int)
                0x00000000c0022684                IDE::detect()
                0x00000000c002296c                IDE::printError(unsigned char, unsigned char, unsigned char)
                0x00000000c0022b02                IDE::polling(unsigned char, unsigned int)
 .text          0x00000000c0022b68      0x37a hw/diskctrl/satabus.32
                0x00000000c0022b68                SATABus::close(int, int, void*)
                0x00000000c0022b6c                SATABus::detect()
                0x00000000c0022b6e                SATABus::SATABus()
                0x00000000c0022b6e                SATABus::SATABus()
                0x00000000c0022c1a                SATABus::findCmdslot(SATABus::tagHBA_PORT volatile*)
                0x00000000c0022c62                SATABus::checkType(SATABus::tagHBA_PORT volatile*)
                0x00000000c0022caa                SATABus::startCmd(SATABus::tagHBA_PORT volatile*)
                0x00000000c0022cca                SATABus::stopCmd(SATABus::tagHBA_PORT volatile*)
                0x00000000c0022cf4                SATABus::portRebase(SATABus::tagHBA_PORT volatile*, int)
                0x00000000c0022dfa                SATABus::probePort(SATABus::tagHBA_MEM volatile*)
                0x00000000c0022ec2                SATABus::open(int, int, void*)
 .text          0x00000000c0022ee2      0x62b hw/diskphys/ata.32
                0x00000000c0022ee2                ATA::close(int, int, void*)
                0x00000000c0022f06                ATA::powerSaving(PowerSavingLevel)
                0x00000000c0022f08                ATA::ATA()
                0x00000000c0022f08                ATA::ATA()
                0x00000000c0022f36                ATA::flush(bool)
                0x00000000c0022f80                ATA::readyForCommand()
                0x00000000c0022fd0                ATA::access(unsigned long long, int, void*, bool)
                0x00000000c002334e                ATA::read(unsigned long long, int, void*)
                0x00000000c00233b6                ATA::write(unsigned long long, int, void*)
                0x00000000c002341e                ATA::detectCHS()
                0x00000000c0023448                ATA::open(int, int, void*)
 *fill*         0x00000000c002350d        0x1 
 .text          0x00000000c002350e      0x5b3 hw/diskphys/atapi.32
                0x00000000c002350e                ATAPI::write(unsigned long long, int, void*)
                0x00000000c0023514                ATAPI::close(int, int, void*)
                0x00000000c0023538                ATAPI::ATAPI()
                0x00000000c0023538                ATAPI::ATAPI()
                0x00000000c0023566                ATAPI::readyForCommand()
                0x00000000c00235b6                ATAPI::sendPacket(unsigned char*, int, bool, unsigned short*, int)
                0x00000000c0023876                ATAPI::diskRemoved()
                0x00000000c0023892                ATAPI::eject()
                0x00000000c00238d8                ATAPI::diskInserted()
                0x00000000c0023906                ATAPI::detectMedia()
                0x00000000c00239c2                ATAPI::open(int, int, void*)
                0x00000000c0023a42                ATAPI::read(unsigned long long, int, void*)
 *fill*         0x00000000c0023ac1        0x1 
 .text          0x00000000c0023ac2      0x414 hw/diskphys/sata.32
                0x00000000c0023ac2                SATA::close(int, int, void*)
                0x00000000c0023ae6                SATA::powerSaving(PowerSavingLevel)
                0x00000000c0023ae8                SATA::open(int, int, void*)
                0x00000000c0023b44                SATA::SATA()
                0x00000000c0023b44                SATA::SATA()
                0x00000000c0023b72                SATA::access(unsigned long long, int, void*, bool)
                0x00000000c0023e06                SATA::read(unsigned long long, int, void*)
                0x00000000c0023e6e                SATA::write(unsigned long long, int, void*)
 .text          0x00000000c0023ed6       0x8e hw/fpu/avx.32
                0x00000000c0023ed6                AVX::open(int, int, void*)
                0x00000000c0023ee8                AVX::close(int, int, void*)
                0x00000000c0023efa                AVX::available()
                0x00000000c0023f0c                AVX::save(void*)
                0x00000000c0023f24                AVX::load(void*)
                0x00000000c0023f3c                AVX::AVX()
                0x00000000c0023f3c                AVX::AVX()
 .text          0x00000000c0023f64       0x90 hw/fpu/mmx.32
                0x00000000c0023f64                MMX::available()
                0x00000000c0023f78                MMX::open(int, int, void*)
                0x00000000c0023f8a                MMX::close(int, int, void*)
                0x00000000c0023f9c                MMX::save(void*)
                0x00000000c0023fb4                MMX::load(void*)
                0x00000000c0023fcc                MMX::MMX()
                0x00000000c0023fcc                MMX::MMX()
 .text          0x00000000c0023ff4       0x96 hw/fpu/sse.32
                0x00000000c0023ff4                SSE::open(int, int, void*)
                0x00000000c0024006                SSE::close(int, int, void*)
                0x00000000c0024018                SSE::available()
                0x00000000c0024032                SSE::save(void*)
                0x00000000c002404a                SSE::load(void*)
                0x00000000c0024062                SSE::SSE()
                0x00000000c0024062                SSE::SSE()
 .text          0x00000000c002408a       0x8e hw/fpu/x87.32
                0x00000000c002408a                x87::open(int, int, void*)
                0x00000000c002409c                x87::close(int, int, void*)
                0x00000000c00240ae                x87::available()
                0x00000000c00240c0                x87::save(void*)
                0x00000000c00240d8                x87::load(void*)
                0x00000000c00240f0                x87::x87()
                0x00000000c00240f0                x87::x87()
 .text          0x00000000c0024118      0x71e hw/intctrl/apic.32
                0x00000000c0024118                APIC::disable()
                0x00000000c002411a                APIC::close(int, int, void*)
                0x00000000c002413c                IOAPIC::close(int, int, void*)
                0x00000000c0024142                APIC::io_wait()
                0x00000000c0024148                APIC::getBase()
                0x00000000c002418a                APIC::eoi(unsigned char)
                0x00000000c00241b8                APIC::open(int, int, void*)
                0x00000000c0024306                IOAPIC::IOAPIC()
                0x00000000c0024306                IOAPIC::IOAPIC()
                0x00000000c002432e                APIC::APIC()
                0x00000000c002432e                APIC::APIC()
                0x00000000c002440a                IOAPIC::handlesGSIWithNumber(unsigned int)
                0x00000000c002443c                IOAPIC::read(int)
                0x00000000c0024464                IOAPIC::open(int, int, void*)
                0x00000000c002455a                IOAPIC::write(int, int)
                0x00000000c0024586                IOAPIC::redirect(unsigned char, unsigned long long, unsigned char, bool, bool)
                0x00000000c0024680                APIC::installIRQHandler(int, void (*)(regs*, void*), bool, void*)
 .text          0x00000000c0024836      0x3d3 hw/intctrl/pic.32
                0x00000000c0024836                PIC::disable()
                0x00000000c0024864                PIC::close(int, int, void*)
                0x00000000c0024886                PIC::PIC()
                0x00000000c0024886                PIC::PIC()
                0x00000000c002495c                PIC::ioWait()
                0x00000000c0024962                PIC::getIRQReg(int)
                0x00000000c00249cc                PIC::eoi(unsigned char)
                0x00000000c0024a5e                PIC::remap()
                0x00000000c0024bca                PIC::open(int, int, void*)
 *fill*         0x00000000c0024c09        0x1 
 .text          0x00000000c0024c0a      0x25e hw/timer/apictimer.32
                0x00000000c0024c0a                APICTimer::close(int, int, void*)
                0x00000000c0024c10                apicTimerHandler(regs*, void*)
                0x00000000c0024c3e                APICTimer::write(int)
                0x00000000c0024d42                APICTimer::open(int, int, void*)
                0x00000000c0024e40                APICTimer::APICTimer()
                0x00000000c0024e40                APICTimer::APICTimer()
 .text          0x00000000c0024e68      0x1a7 hw/timer/pit.32
                0x00000000c0024e68                PIT::write(int)
                0x00000000c0024ee6                pitHandler(regs*, void*)
                0x00000000c0024f12                PIT::open(int, int, void*)
                0x00000000c0024f60                PIT::close(int, int, void*)
                0x00000000c0024f90                PIT::PIT()
                0x00000000c0024f90                PIT::PIT()
 *fill*         0x00000000c002500f        0x1 
 .text          0x00000000c0025010       0x1e hw/fpu/x86/avx.32
                0x00000000c0025010                avxDetect
                0x00000000c0025016                avxSave
                0x00000000c0025017                avxLoad
                0x00000000c0025018                avxInit
                0x00000000c0025019                avxClose
                0x00000000c002501a                wouldSheSayYes
 *fill*         0x00000000c002502e        0x2 
 .text          0x00000000c0025030       0x35 hw/fpu/x86/sse.32
                0x00000000c0025030                absolutelyNoChanceInHell
                0x00000000c0025030                sseDetect
                0x00000000c0025048                sseSave
                0x00000000c002504e                sseLoad
                0x00000000c0025054                sseInit
                0x00000000c0025064                sseClose
 *fill*         0x00000000c0025065        0xb 
 .text          0x00000000c0025070       0x47 hw/fpu/x86/x87.32
                0x00000000c0025076                x87Detect
                0x00000000c0025091                x87Save
                0x00000000c0025097                x87Load
                0x00000000c002509c                x87Init
                0x00000000c00250b6                x87Close
 *fill*         0x00000000c00250b7        0x1 
 .text          0x00000000c00250b8       0x25 /cygdrive/d/Users/Alex/Desktop/Toolchain/Output/bin/../lib/gcc/i386-banana/8.1.0/crtend.o
 .text          0x00000000c00250dd        0x0 crtn.32
 *fill*         0x00000000c00250dd        0x3 
 .text          0x00000000c00250e0      0x14b /cygdrive/d/Users/Alex/Desktop/Toolchain/Output/bin/../lib/gcc/i386-banana/8.1.0/libkgcc.a(_divdi3.o)
                0x00000000c00250e0                __divdi3
 *fill*         0x00000000c002522b        0x1 
 .text          0x00000000c002522c      0x17e /cygdrive/d/Users/Alex/Desktop/Toolchain/Output/bin/../lib/gcc/i386-banana/8.1.0/libkgcc.a(_moddi3.o)
                0x00000000c002522c                __moddi3
 *fill*         0x00000000c00253aa        0x2 
 .text          0x00000000c00253ac       0xff /cygdrive/d/Users/Alex/Desktop/Toolchain/Output/bin/../lib/gcc/i386-banana/8.1.0/libkgcc.a(_udivdi3.o)
                0x00000000c00253ac                __udivdi3
 *fill*         0x00000000c00254ab        0x1 
 .text          0x00000000c00254ac      0x11a /cygdrive/d/Users/Alex/Desktop/Toolchain/Output/bin/../lib/gcc/i386-banana/8.1.0/libkgcc.a(_umoddi3.o)
                0x00000000c00254ac                __umoddi3
 .text          0x00000000c00255c6      0x96d D:/Users/Alex/Desktop/Banana/kernel/libsoftfp.a(sfieeelib.o)
                0x00000000c00255c6                __addsf3
                0x00000000c00258c8                __subsf3
                0x00000000c00258dc                __negsf2
                0x00000000c00258e9                __mulsf3
                0x00000000c0025aac                __divsf3
                0x00000000c0025cd7                __floatsisf
                0x00000000c0025d4b                __floatunsisf
                0x00000000c0025d8d                __fixsfsi
                0x00000000c0025def                __fixunssfsi
                0x00000000c0025e20                __cmpsf2
                0x00000000c0025eb5                __eqsf2
                0x00000000c0025ef0                __nesf2
                0x00000000c0025ef2                __gtsf2
                0x00000000c0025f2d                __gesf2
                0x00000000c0025f2f                __ltsf2
                0x00000000c0025f31                __lesf2
 .text          0x00000000c0025f33      0xf50 D:/Users/Alex/Desktop/Banana/kernel/libsoftfp.a(dfieeelib.o)
                0x00000000c0025f33                __adddf3
                0x00000000c0026584                __subdf3
                0x00000000c002659f                __negdf2
                0x00000000c00265b0                __muldf3
                0x00000000c0026894                __divdf3
                0x00000000c0026c13                __floatsidf
                0x00000000c0026c6e                __floatunsidf
                0x00000000c0026cac                __fixdfsi
                0x00000000c0026d19                __fixunsdfsi
                0x00000000c0026d55                __cmpdf2
                0x00000000c0026e43                __eqdf2
                0x00000000c0026e5f                __nedf2
                0x00000000c0026e61                __gtdf2
                0x00000000c0026e7d                __gedf2
                0x00000000c0026e7f                __ltdf2
                0x00000000c0026e81                __ledf2
 .text          0x00000000c0026e83      0x18d D:/Users/Alex/Desktop/Banana/kernel/libsoftfp.a(sfdfcvt.o)
                0x00000000c0026e83                __truncdfsf2
                0x00000000c0026fa7                __extendsfdf2
 .text          0x00000000c0027010       0x1e D:/Users/Alex/Desktop/Banana/kernel/libk/libm32.a(s_fabs.c.o)
                0x00000000c0027010                fabs
 *fill*         0x00000000c002702e        0x2 
 .text          0x00000000c0027030        0xc D:/Users/Alex/Desktop/Banana/kernel/libk/libm32.a(s_lrint.S.o)
                0x00000000c0027030                lrint
 .text          0x00000000c002703c        0xc D:/Users/Alex/Desktop/Banana/kernel/libk/libm32.a(s_lrintf.S.o)
                0x00000000c002703c                lrintf
 *(.gnu.linkonce.t*)

.iplt           0x00000000c0027048        0x0
 .iplt          0x00000000c0027048        0x0 D:/Users/Alex/Desktop/Banana/kernel/boot.32

.init           0x00000000c0027048        0xf
 .init          0x00000000c0027048        0x3 crti.32
                0x00000000c0027048                _init
 .init          0x00000000c002704b        0x5 /cygdrive/d/Users/Alex/Desktop/Toolchain/Output/bin/../lib/gcc/i386-banana/8.1.0/crtbegin.o
 .init          0x00000000c0027050        0x5 /cygdrive/d/Users/Alex/Desktop/Toolchain/Output/bin/../lib/gcc/i386-banana/8.1.0/crtend.o
 .init          0x00000000c0027055        0x2 crtn.32

.fini           0x00000000c0027057        0xa
 .fini          0x00000000c0027057        0x3 crti.32
                0x00000000c0027057                _fini
 .fini          0x00000000c002705a        0x5 /cygdrive/d/Users/Alex/Desktop/Toolchain/Output/bin/../lib/gcc/i386-banana/8.1.0/crtbegin.o