Archive member included to satisfy reference by file (symbol)

/cygdrive/d/Users/Alex/Desktop/Toolchain/Output/bin/../lib/gcc/i386-banana/8.1.0/libkgcc.a(_divdi3.o)
                              fs/fat/ff.32 (__divdi3)
/cygdrive/d/Users/Alex/Desktop/Toolchain/Output/bin/../lib/gcc/i386-banana/8.1.0/libkgcc.a(_moddi3.o)
                              compat/resolve.32 (__moddi3)
/cygdrive/d/Users/Alex/Desktop/Toolchain/Output/bin/../lib/gcc/i386-banana/8.1.0/libkgcc.a(_udivdi3.o)
                              fs/fat/ff.32 (__udivdi3)
/cygdrive/d/Users/Alex/Desktop/Toolchain/Output/bin/../lib/gcc/i386-banana/8.1.0/libkgcc.a(_umoddi3.o)
                              compat/resolve.32 (__umoddi3)
D:/Users/Alex/Desktop/Banana/kernel/libsoftfp.a(sfieeelib.o)
                              hal/sound/sndhw.32 (__addsf3)
D:/Users/Alex/Desktop/Banana/kernel/libsoftfp.a(dfieeelib.o)
                              hal/libresample/src_linear.32 (__adddf3)
D:/Users/Alex/Desktop/Banana/kernel/libsoftfp.a(sfdfcvt.o)
                              hal/libresample/samplerate.32 (__truncdfsf2)
D:/Users/Alex/Desktop/Banana/kernel/libk/libm32.a(s_fabs.c.o)
                              hal/libresample/samplerate.32 (fabs)
D:/Users/Alex/Desktop/Banana/kernel/libk/libm32.a(s_lrint.S.o)
                              hal/libresample/samplerate.32 (lrint)
D:/Users/Alex/Desktop/Banana/kernel/libk/libm32.a(s_lrintf.S.o)
                              hal/sound/sndhw.32 (lrintf)

Discarded input sections

 .comment       0x0000000000000000       0x12 /cygdrive/d/Users/Alex/Desktop/Toolchain/Output/bin/../lib/gcc/i386-banana/8.1.0/crtbegin.o
 .comment       0x0000000000000000       0x12 acpica/utclib.32
 .comment       0x0000000000000000       0x12 core/malloc.32
 .comment       0x0000000000000000       0x12 libk/string.32
 .comment       0x0000000000000000       0x12 fs/fat/diskio.32
 .comment       0x0000000000000000       0x12 fs/fat/ff.32
 .comment       0x0000000000000000       0x12 fs/fat/ffsystem.32
 .comment       0x0000000000000000       0x12 fs/fat/ffunicode.32
 .comment       0x0000000000000000       0x12 hal/libresample/samplerate.32
 .comment       0x0000000000000000       0x12 hal/libresample/src_linear.32
 .comment       0x0000000000000000       0x12 hal/libresample/src_sinc.32
 .comment       0x0000000000000000       0x12 hal/libresample/src_zoh.32
 .comment       0x0000000000000000       0x12 compat/inlines.32
 .comment       0x0000000000000000       0x12 compat/resolve.32
 .group         0x0000000000000000       0x14 core/computer.32
 .group         0x0000000000000000        0xc core/computer.32
 .comment       0x0000000000000000       0x12 core/computer.32
 .comment       0x0000000000000000       0x12 core/gdt.32
 .group         0x0000000000000000        0xc core/idle.32
 .comment       0x0000000000000000       0x12 core/idle.32
 .comment       0x0000000000000000       0x12 core/idt.32
 .comment       0x0000000000000000       0x12 core/kheap.32
 .comment       0x0000000000000000       0x12 core/main.32
 .comment       0x0000000000000000       0x12 core/physmgr.32
 .group         0x0000000000000000        0xc core/pipe.32
 .comment       0x0000000000000000       0x12 core/pipe.32
 .group         0x0000000000000000        0xc core/terminal.32
 .comment       0x0000000000000000       0x12 core/terminal.32
 .comment       0x0000000000000000       0x12 core/tss.32
 .group         0x0000000000000000        0x8 core/unixfile.32
 .group         0x0000000000000000        0xc core/unixfile.32
 .group         0x0000000000000000        0xc core/unixfile.32
 .group         0x0000000000000000        0x8 core/unixfile.32
 .group         0x0000000000000000        0xc core/unixfile.32
 .group         0x0000000000000000        0x8 core/unixfile.32
 .group         0x0000000000000000        0xc core/unixfile.32
 .group         0x0000000000000000        0xc core/unixfile.32
 .comment       0x0000000000000000       0x12 core/unixfile.32
 .comment       0x0000000000000000       0x12 core/virtmgr.32
 .comment       0x0000000000000000       0x12 coreobjs/c++.32
 .comment       0x0000000000000000       0x12 dbg/kconsole.32
 .group         0x0000000000000000        0xc fs/vfs.32
 .group         0x0000000000000000        0xc fs/vfs.32
 .group         0x0000000000000000        0xc fs/vfs.32
 .comment       0x0000000000000000       0x12 fs/vfs.32
 .group         0x0000000000000000        0xc hal/bus.32
 .comment       0x0000000000000000       0x12 hal/bus.32
 .group         0x0000000000000000        0xc hal/buzzer.32
 .comment       0x0000000000000000       0x12 hal/buzzer.32
 .group         0x0000000000000000        0xc hal/clock.32
 .comment       0x0000000000000000       0x12 hal/clock.32
 .group         0x0000000000000000       0x14 hal/device.32
 .group         0x0000000000000000        0xc hal/device.32
 .group         0x0000000000000000        0xc hal/device.32
 .group         0x0000000000000000        0xc hal/device.32
[...]
Memory Configuration

Name             Origin             Length             Attributes
*default*        0x0000000000000000 0xffffffffffffffff

Linker script and memory map

LOAD D:/Users/Alex/Desktop/Banana/kernel/boot.32
LOAD crti.32
LOAD /cygdrive/d/Users/Alex/Desktop/Toolchain/Output/bin/../lib/gcc/i386-banana/8.1.0/crtbegin.o
LOAD D:/Users/Alex/Desktop/Banana/kernel/morenasm.32
LOAD acpica/utclib.32
LOAD core/malloc.32
LOAD libk/string.32
LOAD fs/fat/diskio.32
LOAD fs/fat/ff.32
LOAD fs/fat/ffsystem.32
LOAD fs/fat/ffunicode.32
LOAD hal/libresample/samplerate.32
LOAD hal/libresample/src_linear.32
LOAD hal/libresample/src_sinc.32
LOAD hal/libresample/src_zoh.32
LOAD compat/inlines.32
LOAD compat/resolve.32
LOAD core/computer.32
LOAD core/gdt.32
LOAD core/idle.32
LOAD core/idt.32
LOAD core/kheap.32
LOAD core/main.32
LOAD core/physmgr.32
LOAD core/pipe.32
LOAD core/terminal.32
LOAD core/tss.32
LOAD core/unixfile.32
LOAD core/virtmgr.32
LOAD coreobjs/c++.32
LOAD dbg/kconsole.32
LOAD fs/vfs.32
LOAD hal/bus.32
LOAD hal/buzzer.32
LOAD hal/clock.32
LOAD hal/device.32
LOAD hal/diskctrl.32
LOAD hal/diskphys.32
LOAD hal/fpu.32
LOAD hal/intctrl.32
LOAD hal/keybrd.32
LOAD hal/logidisk.32
LOAD hal/mouse.32
LOAD hal/partition.32
LOAD hal/serial.32
LOAD hal/timer.32
LOAD hal/vcache.32
LOAD hal/video.32
LOAD hw/acpi.32
LOAD hw/cpu.32
LOAD hw/ports.32
LOAD hw/smp.32
LOAD krnl/env.32
LOAD krnl/panic.32
LOAD net/ethernet.32
LOAD reg/registry.32
LOAD sys/sc_eject.32
LOAD sys/sc_exit.32
LOAD sys/sc_getcwd.32
LOAD sys/sc_getpid.32
LOAD sys/sc_getramdata.32
LOAD sys/sc_getvgaptr.32
LOAD sys/sc_loaddll.32
LOAD sys/sc_read.32
LOAD sys/sc_sbrk.32
LOAD sys/sc_setcwd.32
LOAD sys/sc_settime.32
LOAD sys/sc_timezone.32
LOAD sys/sc_write.32
LOAD sys/sc_wsbe.32
LOAD sys/sc_yield.32
LOAD sys/syscalls.32
LOAD thr/elf.32
LOAD thr/prcssthr.32
LOAD vm86/vm8086.32
LOAD vm86/x87em.32
LOAD fs/fat/vfslink.32
LOAD fs/iso9660/vfslink.32
LOAD hal/sound/sndchannel.32
LOAD hal/sound/sndhw.32
LOAD hw/bus/isa.32
LOAD hw/bus/pci.32
LOAD hw/diskctrl/ide.32
LOAD hw/diskctrl/satabus.32
LOAD hw/diskphys/ata.32
LOAD hw/diskphys/atapi.32
LOAD hw/diskphys/sata.32
LOAD hw/diskphys/satapi.32
LOAD hw/fpu/avx.32
LOAD hw/fpu/mmx.32
LOAD hw/fpu/sse.32
LOAD hw/fpu/x87.32
LOAD hw/intctrl/apic.32
LOAD hw/intctrl/pic.32
LOAD hw/timer/apictimer.32
LOAD hw/timer/pit.32
LOAD hw/fpu/x86/avx.32
LOAD hw/fpu/x86/sse.32
LOAD hw/fpu/x86/x87.32
LOAD /cygdrive/d/Users/Alex/Desktop/Toolchain/Output/bin/../lib/gcc/i386-banana/8.1.0/crtend.o
LOAD crtn.32
LOAD /cygdrive/d/Users/Alex/Desktop/Toolchain/Output/bin/../lib/gcc/i386-banana/8.1.0/libkgcc.a
LOAD D:/Users/Alex/Desktop/Banana/kernel/libsoftfp.a
LOAD D:/Users/Alex/Desktop/Banana/kernel/libk/libm32.a
                0x00000000c0000000                . = 0xc0000000

.text           0x00000000c0000000    0x292c8
 *(.text)
 .text          0x00000000c0000000       0x41 D:/Users/Alex/Desktop/Banana/kernel/boot.32
                0x00000000c0000020                callGlobalConstructors
 .text          0x00000000c0000041        0x0 crti.32
 *fill*         0x00000000c0000041        0x3 
 .text          0x00000000c0000044      0x101 /cygdrive/d/Users/Alex/Desktop/Toolchain/Output/bin/../lib/gcc/i386-banana/8.1.0/crtbegin.o
 *fill*         0x00000000c0000145        0xb 
 .text          0x00000000c0000150      0x4fb D:/Users/Alex/Desktop/Banana/kernel/morenasm.32
                0x00000000c0000150                manualPCIProbe
                0x00000000c000019b                prepareTramp
                0x00000000c00001b4                voodooXADD
                0x00000000c000027f                doTPAUSE
                0x00000000c0000289                hasLegacyFPU
                0x00000000c00002ae                is486
                0x00000000c00002e4                detectCPUID
                0x00000000c00002fa                goToVM86
                0x00000000c000032a                goToUsermode
                0x00000000c0000354                switchToThreadASMFirstTime
                0x00000000c0000362                switchToThreadASM
                0x00000000c00003f2                asmQuickAcquireLock
                0x00000000c0000410                asmQuickReleaseLock
                0x00000000c000041c                asmAcquireLock
                0x00000000c000043d                asmReleaseLock
                0x00000000c0000450                loadGDT
                0x00000000c0000470                isr0
                0x00000000c0000480                isr1
                0x00000000c000048a                isr2
                0x00000000c0000494                isr3
                0x00000000c000049e                isr4
                0x00000000c00004a8                isr5
                0x00000000c00004b2                isr6
                0x00000000c00004bc                isr7
                0x00000000c00004c6                isr8
                0x00000000c00004ce                isr9
                0x00000000c00004d8                isr10
                0x00000000c00004e0                isr11
                0x00000000c00004e8                isr12
                0x00000000c00004f0                isr13
                0x00000000c00004f8                isr14
                0x00000000c0000500                isr15
                0x00000000c000050a                isr16
                0x00000000c0000514                isr17
                0x00000000c000051e                isr18
                0x00000000c0000528                irq3
                0x00000000c0000532                irq4
                0x00000000c000053c                irq5
                0x00000000c0000546                irq6
                0x00000000c0000550                irq7
                0x00000000c000055a                irq8
                0x00000000c0000564                irq9
                0x00000000c000056e                irq10
                0x00000000c0000578                irq11
                0x00000000c0000582                irq12
                0x00000000c000058c                irq13
                0x00000000c0000596                irq14
                0x00000000c00005a0                irq15
                0x00000000c00005aa                irq1
                0x00000000c00005b1                irq2
                0x00000000c00005b8                isr96
                0x00000000c00005bf                irq0
                0x00000000c00005c4                syscall_common_stub
                0x00000000c00005c4                int_common_stub
                0x00000000c00005f6                irq16
                0x00000000c0000600                irq17
                0x00000000c000060a                irq18
                0x00000000c0000614                irq19
                0x00000000c000061e                irq20
                0x00000000c0000628                irq21
                0x00000000c0000632                irq22
                0x00000000c000063c                irq23
                0x00000000c0000646                memcpy
 *fill*         0x00000000c000064b        0x1 
 .text          0x00000000c000064c      0x5dd acpica/utclib.32
                0x00000000c000064c                memcmp
                0x00000000c0000688                memmove
                0x00000000c0000750                memset
                0x00000000c000076c                strlen
                0x00000000c0000784                strpbrk
                0x00000000c00007c0                strtok
                0x00000000c000080c                strcpy
                0x00000000c0000830                strncpy
                0x00000000c0000898                strcmp
                0x00000000c00008d8                strchr
                0x00000000c00008fc                strncmp
                0x00000000c000094c                strcat
                0x00000000c000097c                strncat
                0x00000000c00009b8                strstr
                0x00000000c0000a00                toupper
                0x00000000c0000a14                tolower
                0x00000000c0000a28                simple_strtoul
 .text          0x00000000c0000c29      0xfad core/malloc.32
                0x00000000c0000d94                dlfree
                0x00000000c00010ef                dlmalloc
                0x00000000c000162c                dlrealloc
                0x00000000c00017cf                dlmemalign
                0x00000000c00018f2                dlcalloc
                0x00000000c000198c                dlcfree
                0x00000000c0001991                dlindependent_calloc
                0x00000000c00019b6                dlindependent_comalloc
                0x00000000c00019cd                dlvalloc
                0x00000000c00019f8                dlpvalloc
                0x00000000c0001a2e                dlmalloc_trim
                0x00000000c0001a3b                dlmalloc_usable_size
                0x00000000c0001a6c                dlmallinfo
                0x00000000c0001b3b                dlmalloc_stats
                0x00000000c0001b4c                dlmallopt
 .text          0x00000000c0001bd6        0x0 libk/string.32
 .text          0x00000000c0001bd6       0x51 fs/fat/diskio.32
                0x00000000c0001bd6                disk_status
                0x00000000c0001bd9                disk_initialize
                0x00000000c0001bdc                disk_read
                0x00000000c0001bf2                disk_write
                0x00000000c0001c08                disk_ioctl
 .text          0x00000000c0001c27     0x6833 fs/fat/ff.32
                0x00000000c0004ef5                f_mount
                0x00000000c0004f57                f_open
                0x00000000c0005393                f_read
                0x00000000c0005613                f_write
                0x00000000c00058cd                f_sync
                0x00000000c0005aa9                f_close
                0x00000000c0005ad8                f_lseek
                0x00000000c0005f8f                f_opendir
                0x00000000c0006091                f_closedir
                0x00000000c00060b3                f_readdir
                0x00000000c000614e                f_stat
                0x00000000c00061dd                f_getfree
                0x00000000c00063a8                f_truncate
                0x00000000c00064a0                f_unlink
                0x00000000c0006623                f_mkdir
                0x00000000c000684f                f_rename
                0x00000000c0006b42                f_chmod
                0x00000000c0006c20                f_utime
                0x00000000c0006cfe                f_getlabel
                0x00000000c0006eec                f_setlabel
                0x00000000c0007159                f_forward
                0x00000000c0007337                f_mkfs
 .text          0x00000000c000845a       0x2d fs/fat/ffsystem.32
                0x00000000c000845a                ff_memalloc
                0x00000000c0008470                ff_memfree
 .text          0x00000000c0008487      0x253 fs/fat/ffunicode.32
                0x00000000c0008487                ff_uni2oem
                0x00000000c0008517                ff_oem2uni
                0x00000000c0008583                ff_wtoupper
 .text          0x00000000c00086da      0x8fb hal/libresample/samplerate.32
                0x00000000c000871e                src_delete
                0x00000000c000875a                src_process
                0x00000000c0008910                src_callback_read
                0x00000000c0008a8d                src_set_ratio
                0x00000000c0008af7                src_get_channels
                0x00000000c0008b19                src_reset
                0x00000000c0008b65                src_new
                0x00000000c0008bf3                src_callback_new
                0x00000000c0008c55                src_get_name
                0x00000000c0008c8c                src_get_description
                0x00000000c0008cc3                src_get_version
                0x00000000c0008cc9                src_is_valid_ratio
                0x00000000c0008d1d                src_error
                0x00000000c0008d2b                src_strerror
                0x00000000c0008d3e                src_simple
                0x00000000c0008d91                src_short_to_float_array
                0x00000000c0008df6                src_float_to_short_array
                0x00000000c0008eb5                src_int_to_float_array
                0x00000000c0008f18                src_float_to_int_array
 .text          0x00000000c0008fd5      0x8cb hal/libresample/src_linear.32
                0x00000000c00097fb                linear_get_name
                0x00000000c000980a                linear_get_description
                0x00000000c0009819                linear_set_converter
 .text          0x00000000c00098a0     0x447c hal/libresample/src_sinc.32
                0x00000000c000dc33                sinc_get_name
                0x00000000c000dc46                sinc_get_description
                0x00000000c000dc59                sinc_set_converter
 .text          0x00000000c000dd1c      0x77c hal/libresample/src_zoh.32
                0x00000000c000e3f3                zoh_get_name
                0x00000000c000e402                zoh_get_description
                0x00000000c000e411                zoh_set_converter
 .text          0x00000000c000e498       0xa7 compat/inlines.32
                0x00000000c000e498                CPU::current()
                0x00000000c000e4a4                operator new(unsigned long)
                0x00000000c000e4a9                operator delete(void*)
                0x00000000c000e4ae                disableIRQs()
                0x00000000c000e4b6                enableIRQs()
                0x00000000c000e4c5                lockScheduler()
                0x00000000c000e4cd                unlockScheduler()
                0x00000000c000e4dc                lockStuff()
                0x00000000c000e4ea                unlockStuff()
                0x00000000c000e524                Virt::getAKernelVAS()
                0x00000000c000e52a                __not_memcpy
 .text          0x00000000c000e53f      0x111 compat/resolve.32
                0x00000000c000e53f                Krnl::resolveCompatibilitySymbol(char*)
 .text          0x00000000c000e650      0xa17 core/computer.32
                0x00000000c000e650                Computer::close(int, int, void*)
                0x00000000c000e694                Krnl::firstTask()
                0x00000000c000e784                Computer::Computer()
                0x00000000c000e784                Computer::Computer()
                0x00000000c000e8e0                Computer::setBootMessage(char const*)
                0x00000000c000e8e2                Computer::detectFeatures()
                0x00000000c000eaec                Computer::displayFeatures()
                0x00000000c000ee32                Computer::rdmsr(unsigned int)
                0x00000000c000ee5e                Computer::wrmsr(unsigned int, unsigned long long)
                0x00000000c000ee96                Computer::nmiEnabled()
                0x00000000c000eea2                Computer::readCMOS(unsigned char)
                0x00000000c000eebc                Computer::enableNMI(bool)
                0x00000000c000eed4                Computer::open(int, int, void*)
                0x00000000c000efaa                Computer::disableNMI()
                0x00000000c000efb8                Computer::writeCMOS(unsigned char, unsigned char)
                0x00000000c000efd6                Computer::handleNMI()
                0x00000000c000f03c                Computer::setDiskActivityLight(int, bool)
 *fill*         0x00000000c000f067        0x1 
 .text          0x00000000c000f068      0x1b7 core/gdt.32
                0x00000000c000f068                GDTEntry::setBase(unsigned int)
                0x00000000c000f084                GDTEntry::setLimit(unsigned int)
                0x00000000c000f0a2                GDT::GDT()
                0x00000000c000f0a2                GDT::GDT()
                0x00000000c000f0b8                GDT::addEntry(GDTEntry)
                0x00000000c000f0f4                GDT::getNumberOfEntries()
                0x00000000c000f0fc                GDT::flush()
                0x00000000c000f11e                GDT::setup()
 .text          0x00000000c000f21f       0x6b core/idle.32
                0x00000000c000f21f                idleFunction(void*)
 .text          0x00000000c000f28a      0x45e core/idt.32
                0x00000000c000f28a                IDTEntry::IDTEntry(bool)
                0x00000000c000f28a                IDTEntry::IDTEntry(bool)
                0x00000000c000f2f8                IDTEntry::setOffset(unsigned int)
                0x00000000c000f30c                IDT::IDT()
                0x00000000c000f30c                IDT::IDT()
                0x00000000c000f30e                IDT::getPointerToInvalidOpcodeEntryForF00F()
                0x00000000c000f316                IDT::addEntry(IDTEntry, int)
                0x00000000c000f330                IDT::addEntry(int, void (*)(), bool)
                0x00000000c000f368                IDT::flush()
                0x00000000c000f382                IDT::setup()
 .text          0x00000000c000f6e8      0x1fe core/kheap.32
                0x00000000c000f6e8                sbrk
                0x00000000c000f7f5                mmap
                0x00000000c000f80b                munmap
                0x00000000c000f821                liballoc_lock()
                0x00000000c000f82e                liballoc_unlock()
                0x00000000c000f842                liballoc_alloc(int)
                0x00000000c000f85d                liballoc_free(void*, int)
                0x00000000c000f878                realloc
                0x00000000c000f88c                malloc
                0x00000000c000f89c                free
                0x00000000c000f8ac                rfree
                0x00000000c000f8bc                calloc
 .text          0x00000000c000f8e6      0x44f core/main.32
                0x00000000c000f8e6                hwTextMode_loadInData(VgaText*)
                0x00000000c000f92b                hwTextMode_loadInTitle(VgaText*, char*)
                0x00000000c000f997                hwTextMode_showCursor(VgaText*, bool)
                0x00000000c000f9f2                hwTextMode_update(VgaText*)
                0x00000000c000f9f3                hwTextMode_updateCursor(VgaText*)
                0x00000000c000fa3b                hwTextMode_disableBlink(VgaText*, bool)
                0x00000000c000fa81                hwTextMode_scrollScreen(VgaText*)
                0x00000000c000fb22                hwTextMode_writeCharacter(VgaText*, char, VgaColour, VgaColour, int, int)
                0x00000000c000fba1                setupTextMode()
                0x00000000c000fc11                kernel_main
 .text          0x00000000c000fd35      0x56c core/physmgr.32
                0x00000000c000fd35                Phys::allocateDMA(unsigned long)
                0x00000000c000fdd8                Phys::freeDMA(unsigned long, unsigned long)
                0x00000000c000fe20                Phys::setPageState(unsigned long, bool)
                0x00000000c000fe52                Phys::getPageState(unsigned long)
                0x00000000c000fe6e                Phys::freePage(unsigned long)
                0x00000000c000fef8                Phys::allocatePage()
                0x00000000c000ffdd                Phys::allocateContiguousPages(int)
                0x00000000c0010039                Phys::allowSegmentToBeUsed(unsigned long, unsigned long)
                0x00000000c0010071                Phys::physicalMemorySetup(unsigned int)
 *fill*         0x00000000c00102a1        0x1 
 .text          0x00000000c00102a2      0x273 core/pipe.32
                0x00000000c00102a2                Pipe::isAtty()
                0x00000000c00102a6                Pipe::~Pipe()
                0x00000000c00102a6                Pipe::~Pipe()
                0x00000000c00102ca                Pipe::~Pipe()
                0x00000000c00102f2                Pipe::read(unsigned long long, void*, int*)
                0x00000000c00103ee                Pipe::write(unsigned long long, void*, int*)
                0x00000000c00104ae                Pipe::Pipe(int)
                0x00000000c00104ae                Pipe::Pipe(int)
 *fill*         0x00000000c0010515        0x1 
 .text          0x00000000c0010516      0xe4b core/terminal.32
                0x00000000c0010516                VgaText::isAtty()
                0x00000000c001051a                VgaText::~VgaText()
                0x00000000c001051a                VgaText::~VgaText()
                0x00000000c001053e                VgaText::~VgaText()
                0x00000000c0010568                VgaText::read(unsigned long long, void*, int*)
                0x00000000c0010588                setTerminalScrollLock(bool)
                0x00000000c0010589                addToTerminalCycle(VgaText*)
                0x00000000c00105aa                installVgaTextImplementation()
                0x00000000c00105bf                scrollTerminalScrollLock(int)
                0x00000000c00105c0                VgaText::load()
                0x00000000c001060e                VgaText::updateCursor()
                0x00000000c0010624                VgaText::showCursor(bool)
                0x00000000c0010630                VgaText::disableBlink(bool)
                0x00000000c0010664                VgaText::doANSI_SGR(int)
                0x00000000c00106d8                VgaText::setDefaultBgColour(VgaColour)
                0x00000000c00106e8                VgaText::setDefaultFgColour(VgaColour)
                0x00000000c00106f8                VgaText::setDefaultColours(VgaColour, VgaColour)
                0x00000000c0010718                VgaText::combineColours(unsigned char, unsigned char)
                0x00000000c001072a                VgaText::scrollScreen()
                0x00000000c00107be                VgaText::combineCharAndColour(char, unsigned char)
                0x00000000c00107d0                VgaText::writeCharacter(char, VgaColour, VgaColour, int, int)
                0x00000000c001082c                VgaText::getCursorX()
                0x00000000c0010834                VgaText::getCursorY()
                0x00000000c001083c                VgaText::setCursor(int, int)
                0x00000000c0010854                VgaText::setCursorX(int)
                0x00000000c001086c                VgaText::setCursorY(int)
                0x00000000c0010884                VgaText::incrementCursor(bool)
                0x00000000c00108d8                VgaText::updateRAMUsageDisplay(int)
                0x00000000c001093c                VgaText::updateDiskUsage()
                0x00000000c0010aa6                VgaText::updateTitle()
                0x00000000c0010aea                VgaText::setTitleTextColour(VgaColour)
                0x00000000c0010af8                VgaText::setTitleColour(VgaColour)
                0x00000000c0010b06                VgaText::setTitle(char*)
                0x00000000c0010b2c                VgaText::decrementCursor(bool)
                0x00000000c0010b4e                VgaText::putchar(char, VgaColour, VgaColour)
                0x00000000c0010c26                VgaText::isShowingCursor()
                0x00000000c0010c2e                VgaText::isBlinkDisabled()
                0x00000000c0010c3a                VgaText::setCursorHeight(int)
                0x00000000c0010c52                VgaText::getCursorHeight()
                0x00000000c0010c5a                setActiveTerminal(VgaText*)
                0x00000000c0010d00                doTerminalCycle()
                0x00000000c0010d1a                VgaText::doUpdate()
                0x00000000c0010d28                VgaText::puts(char const*, VgaColour, VgaColour)
                0x00000000c0010ea0                VgaText::clearScreen()
                0x00000000c0010efa                VgaText::putchar(char)
                0x00000000c0010fe6                VgaText::puts(char const*)
                0x00000000c001100c                VgaText::putx(unsigned int)
                0x00000000c0011052                VgaText::VgaText(char const*)
                0x00000000c0011052                VgaText::VgaText(char const*)
                0x00000000c0011200                VgaText::receiveKey(unsigned char)
                0x00000000c00112e8                VgaText::write(unsigned long long, void*, int*)
                0x00000000c001133c                newTerminal(char*)
 *fill*         0x00000000c0011361        0x1 
 .text          0x00000000c0011362      0x1b3 core/tss.32
                0x00000000c0011362                TSS::TSS()
                0x00000000c0011362                TSS::TSS()
                0x00000000c0011370                TSS::setESP(unsigned long)
                0x00000000c0011382                TSS::flush()
                0x00000000c00113a2                TSS::setup(unsigned long, unsigned long)
 *fill*         0x00000000c0011515        0x1 
 .text          0x00000000c0011516      0x4c2 core/unixfile.32
                0x00000000c0011516                ReservedFilename::read(unsigned long long, void*, int*)
                0x00000000c001156c                ReservedFilename::isAtty()
                0x00000000c0011588                ReservedFilename::write(unsigned long long, void*, int*)
                0x00000000c00115e6                UnixFile::getFileDescriptor()
                0x00000000c00115ee                UnixFile::UnixFile(int)
                0x00000000c00115ee                UnixFile::UnixFile(int)
                0x00000000c001179e                ReservedFilename::ReservedFilename(int)
                0x00000000c001179e                ReservedFilename::ReservedFilename(int)
                0x00000000c00117d0                UnixFile::~UnixFile()
                0x00000000c00117d0                UnixFile::~UnixFile()
                0x00000000c0011868                UnixFile::~UnixFile()
                0x00000000c0011890                ReservedFilename::~ReservedFilename()
                0x00000000c0011890                ReservedFilename::~ReservedFilename()
                0x00000000c00118b4                ReservedFilename::~ReservedFilename()
                0x00000000c00118db                getFromFileDescriptor(int)
 .text          0x00000000c00119d8     0x12f9 core/virtmgr.32
                0x00000000c00119d8                Virt::setPageState(unsigned long, Virt::VirtPageState)
                0x00000000c0011a0d                Virt::getPageState(unsigned long)
                0x00000000c0011a31                Virt::allocateKernelVirtualPages(int)
                0x00000000c0011b42                Virt::freeSwapfilePage(unsigned long)
                0x00000000c0011b60                Virt::swapIDToSector(unsigned long)
                0x00000000c0011b72                Virt::allocateSwapfilePage()
                0x00000000c0011bf0                Virt::virtualMemorySetup()
                0x00000000c0011c6f                Virt::swappingSetup()
                0x00000000c0011c70                Virt::setupPageSwapping(int)
                0x00000000c0011e3c                VAS::VAS()
                0x00000000c0011e3c                VAS::VAS()
                0x00000000c0011e78                VAS::VAS(VAS*)
                0x00000000c0011e78                VAS::VAS(VAS*)
                0x00000000c0011ea6                VAS::getForeignPageTableEntry(bool, unsigned long)
                0x00000000c0011ed2                VAS::getPageTableEntry(unsigned long)
                0x00000000c0011ef1                Virt::freeKernelVirtualPages(unsigned long)
                0x00000000c0012014                VAS::freeAllocatedPages(unsigned long)
                0x00000000c0012038                VAS::virtualToPhysical(unsigned long)
                0x00000000c0012050                VAS::reflagRange(unsigned long, int, int, int)
                0x00000000c0012090                VAS::setToWriteCombining(unsigned long, int)
                0x00000000c00120c2                VAS::mapOtherVASIn(bool, VAS*)
                0x00000000c00120ec                VAS::~VAS()
                0x00000000c00120ec                VAS::~VAS()
                0x00000000c0012268                VAS::mapPage(unsigned long, unsigned long, int)
                0x00000000c001236a                VAS::allocatePages(int, int)
                0x00000000c0012542                VAS::setCPUSpecific(unsigned long)
                0x00000000c001255e                VAS::mapRange(unsigned long, unsigned long, int, int)
                0x00000000c0012624                VAS::mapForeignPage(bool, VAS*, unsigned long, unsigned long, int)
                0x00000000c0012712                VAS::VAS(bool)
                0x00000000c0012712                VAS::VAS(bool)
                0x00000000c0012992                VAS::evict(unsigned long)
                0x00000000c0012a54                VAS::tryLoadBackOffDisk(unsigned long)
                0x00000000c0012b64                VAS::scanForEviction()
                0x00000000c0012c15                mapVASFirstTime
 .text          0x00000000c0012cd1       0x95 coreobjs/c++.32
                0x00000000c0012cd1                __cxa_atexit
                0x00000000c0012cd4                __cxa_finalize
                0x00000000c0012cd5                __stack_chk_fail
                0x00000000c0012d41                __cxa_pure_virtual
                0x00000000c0012d52                operator new[](unsigned long)
                0x00000000c0012d57                operator delete(void*, unsigned long)
                0x00000000c0012d5c                operator delete[](void*)
                0x00000000c0012d61                operator delete[](void*, unsigned long)
 .text          0x00000000c0012d66      0x1ef dbg/kconsole.32
                0x00000000c0012d66                Dbg::stringifyxWithBase(unsigned int, char*, int)
                0x00000000c0012dc7                Dbg::logc(char)
                0x00000000c0012dde                Dbg::logs(char*)
                0x00000000c0012dfb                Dbg::logWriteInt(unsigned int)
                0x00000000c0012e18                Dbg::logWriteIntBase(unsigned int, int)
                0x00000000c0012e37                Dbg::kprintf(char const*, ...)
 *fill*         0x00000000c0012f55        0x1 
 .text          0x00000000c0012f56      0xb82 fs/vfs.32
                0x00000000c0012f56                File::read(unsigned long long, void*, int*)
                0x00000000c0012fae                File::write(unsigned long long, void*, int*)
                0x00000000c0013006                Directory::read(unsigned long long, void*, int*)
                0x00000000c001305e                Directory::write(unsigned long long, void*, int*)
                0x00000000c001308c                File::isAtty()
                0x00000000c0013090                Directory::isAtty()
                0x00000000c0013094                Filesystem::getlabel(LogicalDisk*, int, char*, unsigned int*)
                0x00000000c001309a                Filesystem::setlabel(LogicalDisk*, int, char*)
                0x00000000c00130a0                Filesystem::getFileFirstSector(char const*)
                0x00000000c00130a6                File::~File()
                0x00000000c00130a6                File::~File()
                0x00000000c00130ca                File::~File()
                0x00000000c00130f4                Directory::~Directory()
                0x00000000c00130f4                Directory::~Directory()
                0x00000000c0013118                Directory::~Directory()
                0x00000000c0013142                Filesystem::Filesystem()
                0x00000000c0013142                Filesystem::Filesystem()
                0x00000000c0013166                Filesystem::~Filesystem()
                0x00000000c0013166                Filesystem::~Filesystem()
                0x00000000c0013174                Filesystem::~Filesystem()
                0x00000000c0013198                Fs::getcwd(Process*, char*, int)
                0x00000000c00131c2                Fs::initVFS()
                0x00000000c00131ec                Fs::standardiseFiles(char*, char const*, char const*)
                0x00000000c0013396                File::File(char const*, Process*)
                0x00000000c0013396                File::File(char const*, Process*)
                0x00000000c00133fa                File::open(FileOpenMode)
                0x00000000c0013458                File::close()
                0x00000000c00134b8                File::seek(unsigned long long)
                0x00000000c001350e                File::tell(unsigned long long*)
                0x00000000c001355e                File::rewind()
                0x00000000c0013572                File::unlink()
                0x00000000c00135be                File::rename(char const*)
                0x00000000c001360c                File::chfatattr(unsigned char, unsigned char)
                0x00000000c0013668                File::exists()
                0x00000000c00136a6                File::stat(unsigned long long*, bool*)
                0x00000000c0013707                Fs::setcwd(Process*, char*)
                0x00000000c0013842                Directory::Directory(char const*, Process*)
                0x00000000c0013842                Directory::Directory(char const*, Process*)
                0x00000000c00138a6                Directory::open()
                0x00000000c0013902                Directory::close()
                0x00000000c0013962                Directory::unlink()
                0x00000000c00139ae                Directory::rename(char const*)
                0x00000000c00139fc                Directory::exists()
                0x00000000c0013a3a                Directory::read(dirent*)
                0x00000000c0013a86                Directory::create()
                0x00000000c0013ad2                Filesystem::chfatattr(char const*, unsigned char, unsigned char)
 .text          0x00000000c0013ad8       0x84 hal/bus.32
                0x00000000c0013ad8                Bus::Bus(char const*)
                0x00000000c0013ad8                Bus::Bus(char const*)
                0x00000000c0013b0e                Bus::~Bus()
                0x00000000c0013b0e                Bus::~Bus()
                0x00000000c0013b32                Bus::~Bus()
 .text          0x00000000c0013b5c      0x156 hal/buzzer.32
                0x00000000c0013b5c                Buzzer::Buzzer(char const*)
                0x00000000c0013b5c                Buzzer::Buzzer(char const*)
                0x00000000c0013ba0                Buzzer::~Buzzer()
                0x00000000c0013ba0                Buzzer::~Buzzer()
                0x00000000c0013bc4                Buzzer::~Buzzer()
                0x00000000c0013bee                Buzzer::stop()
                0x00000000c0013c01                beepThread(void*)
                0x00000000c0013c44                Buzzer::beep(int, int, bool)
 .text          0x00000000c0013cb2      0x467 hal/clock.32
                0x00000000c0013cb2                User::loadClockSettings(int)
                0x00000000c0013d04                Clock::Clock(char const*)
                0x00000000c0013d04                Clock::Clock(char const*)
                0x00000000c0013d3a                Clock::~Clock()
                0x00000000c0013d3a                Clock::~Clock()
                0x00000000c0013d5e                Clock::~Clock()
                0x00000000c0013d88                Clock::timeInSecondsLocal()
                0x00000000c0013dd0                Clock::setTimeInSecondsLocal(unsigned long long)
                0x00000000c0013e29                datetimeToSeconds(datetime_t)
                0x00000000c0013f50                Clock::setTimeInDatetimeLocal(datetime_t)
                0x00000000c0013fb0                secondsToDatetime(unsigned long long)
                0x00000000c00140f4                Clock::timeInDatetimeLocal()
 *fill*         0x00000000c0014119        0x1 
 .text          0x00000000c001411a      0x4e4 hal/device.32
                0x00000000c001411a                Device::hibernate()
                0x00000000c001411c                Device::wake()
                0x00000000c001411e                Device::detect()
                0x00000000c0014120                Device::disableLegacy()
                0x00000000c0014122                Device::powerSaving(PowerSavingLevel)
                0x00000000c0014124                DriverlessDevice::close(int, int, void*)
                0x00000000c0014128                DriverlessDevice::detect()
                0x00000000c001412a                DriverlessDevice::open(int, int, void*)
                0x00000000c001413e                Device::~Device()
                0x00000000c001413e                Device::~Device()
                0x00000000c001414c                Device::~Device()
                0x00000000c0014174                Device::findAndLoadDriver()
                0x00000000c0014176                Device::preOpenPCI(PCIDeviceInfo)
                0x00000000c001419c                Device::preOpenACPI(void*, char*, char*)
                0x00000000c00141dc                Device::addIRQHandler(int, void (*)(regs*, void*), bool, void*)
                0x00000000c001421a                Device::getParent()
                0x00000000c0014226                Device::removeIRQHandler(int, void (*)(regs*, void*), bool)
                0x00000000c0014264                Device::addChild(Device*)
                0x00000000c00142a8                Device::removeAllChildren()
                0x00000000c00142ee                Device::hibernateAll()
                0x00000000c001431e                Device::wakeAll()
                0x00000000c001434e                Device::detectAll()
                0x00000000c001437e                Device::disableLegacyAll()
                0x00000000c00143ae                Device::loadDriversForAll()
                0x00000000c00143da                Device::closeAll()
                0x00000000c0014410                Device::powerSavingAll(PowerSavingLevel)
                0x00000000c0014446                Device::setName(char const*)
                0x00000000c0014454                Device::Device(char const*)
                0x00000000c0014454                Device::Device(char const*)
                0x00000000c0014550                Device::getName()
                0x00000000c001455a                DriverlessDevice::DriverlessDevice(char const*)
                0x00000000c001455a                DriverlessDevice::DriverlessDevice(char const*)
                0x00000000c0014590                Device::addToLinkedList(LinkedList<Device>&, DeviceType)
                0x00000000c00145d4                getDevicesOfType(DeviceType)
 .text          0x00000000c00145fe       0x84 hal/diskctrl.32
                0x00000000c00145fe                HardDiskController::HardDiskController(char const*)
                0x00000000c00145fe                HardDiskController::HardDiskController(char const*)
                0x00000000c0014634                HardDiskController::~HardDiskController()
                0x00000000c0014634                HardDiskController::~HardDiskController()
                0x00000000c0014658                HardDiskController::~HardDiskController()
 .text          0x00000000c0014682       0xf2 hal/diskphys.32
                0x00000000c0014682                PhysicalDisk::eject()
                0x00000000c0014696                PhysicalDisk::PhysicalDisk(char const*, int)
                0x00000000c0014696                PhysicalDisk::PhysicalDisk(char const*, int)
                0x00000000c00146fe                PhysicalDisk::startCache()
                0x00000000c0014726                PhysicalDisk::~PhysicalDisk()
                0x00000000c0014726                PhysicalDisk::~PhysicalDisk()
                0x00000000c001474a                PhysicalDisk::~PhysicalDisk()
 .text          0x00000000c0014774      0x13b hal/fpu.32
                0x00000000c0014774                FPU::FPU(char const*)
                0x00000000c0014774                FPU::FPU(char const*)
                0x00000000c00147aa                FPU::~FPU()
                0x00000000c00147aa                FPU::~FPU()
                0x00000000c00147ce                FPU::~FPU()
                0x00000000c00147f8                setupFPU()
 *fill*         0x00000000c00148af        0x1 
 .text          0x00000000c00148b0     0x1439 hal/intctrl.32
                0x00000000c00148b0                InterruptController::uninstallISRHandler(int, void (*)(regs*, void*))
                0x00000000c00148e8                InterruptController::installISRHandler(int, void (*)(regs*, void*), void*)
                0x00000000c001493a                doubleFault(regs*, void*)
                0x00000000c0014954                InterruptController::installIRQHandler(int, void (*)(regs*, void*), bool, void*)
                0x00000000c00149f0                InterruptController::clearAllHandlers(int, bool)
                0x00000000c0014a98                InterruptController::uninstallIRQHandler(int, void (*)(regs*, void*), bool)
                0x00000000c0014b1f                nmiHandler(regs*, void*)
                0x00000000c0014b2d                int_handler
                0x00000000c0014bce                InterruptController::InterruptController(char const*)
                0x00000000c0014bce                InterruptController::InterruptController(char const*)
                0x00000000c0014c74                InterruptController::~InterruptController()
                0x00000000c0014c74                InterruptController::~InterruptController()
                0x00000000c0014c98                InterruptController::~InterruptController()
                0x00000000c0014cc2                displayDebugInfo(regs*)
                0x00000000c0015151                x87EmulHandler(regs*, void*)
                0x00000000c00151c4                gpFault(regs*, void*)
                0x00000000c00151fd                pgFault(regs*, void*)
                0x00000000c0015239                otherISRHandler(regs*, void*)
                0x00000000c0015258                opcodeFault(regs*, void*)
                0x00000000c0015875                displayProgramFault(char const*)
                0x00000000c001589d                setupInterruptController()
                0x00000000c0015c9c                InterruptController::convertLegacyIRQNumber(int)
 *fill*         0x00000000c0015ce9        0x1 
 .text          0x00000000c0015cea      0x794 hal/keybrd.32
                0x00000000c0015cea                startGUI(void*)
                0x00000000c0015d56                startGUIVESA(void*)
                0x00000000c0015dc2                sendKeyToTerminal(unsigned char)
                0x00000000c0015e80                sendKeyboardToken(KeyboardToken)
                0x00000000c00162bd                clearInternalKeybuffer(VgaText*)
                0x00000000c00162f2                readKeyboard(VgaText*, char*, unsigned long)
                0x00000000c00163f4                Keyboard::Keyboard(char const*)
                0x00000000c00163f4                Keyboard::Keyboard(char const*)
                0x00000000c0016430                Keyboard::~Keyboard()
                0x00000000c0016430                Keyboard::~Keyboard()
                0x00000000c0016454                Keyboard::~Keyboard()
 .text          0x00000000c001647e      0x414 hal/logidisk.32
                0x00000000c001647e                LogicalDisk::close(int, int, void*)
                0x00000000c0016482                LogicalDisk::~LogicalDisk()
                0x00000000c0016482                LogicalDisk::~LogicalDisk()
                0x00000000c00164a6                LogicalDisk::~LogicalDisk()
                0x00000000c00164d0                LogicalDisk::open(int, int, void*)
                0x00000000c00164e4                LogicalDisk::absoluteToRelative(unsigned long long)
                0x00000000c001651c                LogicalDisk::relativeToAbsolute(unsigned long long)
                0x00000000c0016562                LogicalDisk::LogicalDisk(char const*, PhysicalDisk*, unsigned long long, unsigned long long)
                0x00000000c0016562                LogicalDisk::LogicalDisk(char const*, PhysicalDisk*, unsigned long long, unsigned long long)
                0x00000000c0016618                LogicalDisk::assignDriveLetter()
                0x00000000c00166ce                LogicalDisk::mount()
                0x00000000c0016740                LogicalDisk::unmount()
                0x00000000c0016750                LogicalDisk::eject()
                0x00000000c0016764                LogicalDisk::unassignDriveLetter()
                0x00000000c00167ba                LogicalDisk::read(unsigned long long, int, void*)
                0x00000000c0016826                LogicalDisk::write(unsigned long long, int, void*)
 .text          0x00000000c0016892       0x84 hal/mouse.32
                0x00000000c0016892                Mouse::Mouse(char const*)
                0x00000000c0016892                Mouse::Mouse(char const*)
                0x00000000c00168c8                Mouse::~Mouse()
                0x00000000c00168c8                Mouse::~Mouse()
                0x00000000c00168ec                Mouse::~Mouse()
 .text          0x00000000c0016916      0x359 hal/partition.32
                0x00000000c0016916                makePartition(PhysicalDisk*, unsigned long long, unsigned long long)
                0x00000000c00169de                createPartitionsForDisk(PhysicalDisk*)
 *fill*         0x00000000c0016c6f        0x1 
 .text          0x00000000c0016c70       0x84 hal/serial.32
                0x00000000c0016c70                Serial::Serial(char const*)
                0x00000000c0016c70                Serial::Serial(char const*)
                0x00000000c0016ca6                Serial::~Serial()
                0x00000000c0016ca6                Serial::~Serial()
                0x00000000c0016cca                Serial::~Serial()
 .text          0x00000000c0016cf4      0x2f3 hal/timer.32
                0x00000000c0016cf4                Timer::Timer(char const*)
                0x00000000c0016cf4                Timer::Timer(char const*)
                0x00000000c0016d2a                Timer::~Timer()
                0x00000000c0016d2a                Timer::~Timer()
                0x00000000c0016d4e                Timer::~Timer()
                0x00000000c0016d78                Timer::read()
                0x00000000c0016d83                timerHandler(unsigned long long)
                0x00000000c0016ef5                setupTimer(int)
 *fill*         0x00000000c0016fe7        0x1 
 .text          0x00000000c0016fe8      0x409 hal/vcache.32
                0x00000000c0016fe8                VCache::VCache(PhysicalDisk*)
                0x00000000c0016fe8                VCache::VCache(PhysicalDisk*)
                0x00000000c0017150                VCache::invalidateReadBuffer()
                0x00000000c0017160                VCache::writeWriteBuffer()
                0x00000000c001719c                VCache::~VCache()
                0x00000000c001719c                VCache::~VCache()
                0x00000000c00171f0                VCache::~VCache()
                0x00000000c0017218                VCache::write(unsigned long long, int, void*)
                0x00000000c0017302                VCache::read(unsigned long long, int, void*)
 *fill*         0x00000000c00173f1        0x1 
 .text          0x00000000c00173f2      0x4cd hal/video.32
                0x00000000c00173f2                Video::putrect(int, int, int, int, unsigned int)
                0x00000000c001743e                Video::bitblit(int, int, int, int, int, int, int, unsigned int*)
                0x00000000c00174ae                Video::blit(unsigned int*, int, int, int, int)
                0x00000000c001752c                Video::clearScreen(unsigned int)
                0x00000000c0017560                Video::putpixel(int, int, unsigned int)
                0x00000000c001756e                Video::Video(char const*)
                0x00000000c001756e                Video::Video(char const*)
                0x00000000c00175a4                Video::~Video()
                0x00000000c00175a4                Video::~Video()
                0x00000000c00175c8                Video::~Video()
                0x00000000c00175f2                Video::isMonochrome()
                0x00000000c00175fe                Video::getWidth()
                0x00000000c001760a                Video::getHeight()
                0x00000000c0017616                Video::drawCursor(int, int, unsigned char*, int)
                0x00000000c00176d2                Video::tgaParse(unsigned char*, int, int*, int*)
                0x00000000c0017854                Video::putTGA(int, int, unsigned char*, int)
 *fill*         0x00000000c00178bf        0x1 
 .text          0x00000000c00178c0     0x11f5 hw/acpi.32
                0x00000000c00178c0                ACPI::close(int, int, void*)
                0x00000000c0017975                findRSDP()
                0x00000000c0017a0f                loadACPITables(unsigned char*)
                0x00000000c0017c66                findRSDT(unsigned char*)
                0x00000000c0017db0                findDataTable(unsigned char*, char*)
                0x00000000c0017e4c                scanMADT()
                0x00000000c00182d2                ACPI::ACPI()
                0x00000000c00182d2                ACPI::ACPI()
                0x00000000c001833c                ACPI::getPCIIRQAssignment(unsigned char, unsigned short, unsigned char)
                0x00000000c001841e                ACPI::registerPCIIRQAssignment(void*, unsigned short, unsigned char, unsigned char)
                0x00000000c00184e4                ACPI::setScreenBrightnessLevel(void*, int)
                0x00000000c00184ea                ACPI::writeSimpleBootFlag(SimpleBootFlagTable*)
                0x00000000c0018532                ACPI::sleep()
                0x00000000c001854a                ACPI::open(int, int, void*)
 *fill*         0x00000000c0018ab5        0x1 
 .text          0x00000000c0018ab6     0x1717 hw/cpu.32
                0x00000000c0018ab6                CPU::close(int, int, void*)
                0x00000000c0018aba                CPU::lookupAMDName(unsigned char, unsigned char)
                0x00000000c0018c4e                CPU::lookupIntelName(unsigned char, unsigned char)
                0x00000000c0018efc                CPU::AMD_K6_write_msr(unsigned int, unsigned int, unsigned int, CPU::REGS*)
                0x00000000c0018f18                CPU::AMD_K6_read_msr(unsigned int, CPU::REGS*)
                0x00000000c0018f30                CPU::AMD_K6_writeback(int, int, int)
                0x00000000c0018fa4                CPU::cpuid(int, unsigned long*, unsigned long*, unsigned long*, unsigned long*)
                0x00000000c0019028                CPU::cpuidCheckEDX(unsigned int)
                0x00000000c0019056                CPU::cpuidCheckECX(unsigned int)
                0x00000000c0019084                CPU::cpuidCheckExtendedEBX(unsigned int)
                0x00000000c00190b2                CPU::cpuidCheckExtendedECX(unsigned int)
                0x00000000c00190e0                CPU::CPU()
                0x00000000c00190e0                CPU::CPU()
                0x00000000c001916e                CPU::displayFeatures()
                0x00000000c00193ea                CPU::detectFeatures()
                0x00000000c0019ddc                CPU::setupSMEP()
                0x00000000c0019de8                CPU::setupUMIP()
                0x00000000c0019df2                CPU::setupTSC()
                0x00000000c0019dfc                CPU::setupLargePages()
                0x00000000c0019e06                CPU::setupPAT()
                0x00000000c0019e42                CPU::setupMTRR()
                0x00000000c0019e44                CPU::setupGlobalPages()
                0x00000000c0019e4e                CPU::allowUsermodeDataAccess()
                0x00000000c0019e60                CPU::prohibitUsermodeDataAccess()
                0x00000000c0019e72                CPU::setupSMAP()
                0x00000000c0019e80                CPU::setupFeatures()
                0x00000000c0019f00                CPU::open(int, int, void*)
                0x00000000c0019fd2                CPU::decodeAddress(regs*, int*, bool*, unsigned char*)
 .text          0x00000000c001a1cd        0x0 hw/ports.32
 .text          0x00000000c001a1cd      0x16a hw/smp.32
                0x00000000c001a1cd                Krnl::smpEntry()
                0x00000000c001a1cf                Krnl::startCPU(int)
                0x00000000c001a318                Krnl::startCPUs()
 *fill*         0x00000000c001a337        0x1 
 .text          0x00000000c001a338      0x5cd krnl/env.32
                0x00000000c001a338                EnvVarContainer::getEnv(char const*)
                0x00000000c001a376                EnvVarContainer::setEnv(char const*, char const*)
                0x00000000c001a438                EnvVarContainer::deleteEnv(char const*)
                0x00000000c001a43a                EnvVarContainer::loadFrom(char const*, char const*)
                0x00000000c001a63c                EnvVarContainer::__loadSystem()
                0x00000000c001a656                EnvVarContainer::__loadUser()
                0x00000000c001a658                EnvVarContainer::EnvVarContainer(Process*)
                0x00000000c001a658                EnvVarContainer::EnvVarContainer(Process*)
                0x00000000c001a67a                EnvVarContainer::~EnvVarContainer()
                0x00000000c001a67a                EnvVarContainer::~EnvVarContainer()
                0x00000000c001a6aa                Krnl::getEnv(Process*, char const*)
                0x00000000c001a70f                Krnl::setEnvSystem(char const*, char const*)
                0x00000000c001a729                Krnl::setEnvUser(char const*, char const*)
                0x00000000c001a748                Krnl::setEnvProcess(Process*, char const*, char const*)
                0x00000000c001a75b                Krnl::deleteEnvSystem(char const*)
                0x00000000c001a75c                Krnl::deleteEnvUser(char const*)
                0x00000000c001a75d                Krnl::deleteEnvProcess(Process*, char const*)
                0x00000000c001a75e                Krnl::newProcessEnv(Process*)
                0x00000000c001a780                Krnl::copyProcessEnv(Process*, Process*)
                0x00000000c001a7cc                Krnl::loadSystemEnv()
                0x00000000c001a7fa                Krnl::loadUserEnv()
                0x00000000c001a820                Krnl::flushEnv()
                0x00000000c001a821                Krnl::getProcessTotalEnvCount(Process*)
                0x00000000c001a841                Krnl::getProcessEnvPair(Process*, int)
 .text          0x00000000c001a905      0x396 krnl/panic.32
                0x00000000c001a905                Krnl::panic(char const*)
 .text          0x00000000c001ac9b      0x57f net/ethernet.32
                0x00000000c001ac9b                Net::switchEndian16(unsigned short)
                0x00000000c001acbc                Net::switchEndian32(unsigned int)
                0x00000000c001aceb                Net::crc32Calc(unsigned char*, int)
                0x00000000c001ad7c                Net::wrapEthernetFrame(Net::UnwrappedEthernetFrame, unsigned char*)
                0x00000000c001af8f                Net::unwrapEthernetFrame(unsigned char*, int)
 .text          0x00000000c001b21a      0x50e reg/registry.32
                0x00000000c001b21a                Reg::findLineFromLoadedData(char*, char*, char*)
                0x00000000c001b372                Reg::getLineFromRegistry(char*, char*, char*, char*)
                0x00000000c001b4c7                Reg::getLine(char*, char*, char*)
                0x00000000c001b4fe                Reg::readInt(char*, char*, int*)
                0x00000000c001b5e9                Reg::readString(char*, char*, char*, int)
                0x00000000c001b66a                Reg::readBool(char*, char*, bool*)
                0x00000000c001b68f                Reg::readBoolWithDefault(char*, char*, bool)
                0x00000000c001b6bb                Reg::readIntWithDefault(char*, char*, int)
                0x00000000c001b6e7                Reg::readStringWithDefault(char*, char*, char*, int, char*)
 .text          0x00000000c001b728       0x36 sys/sc_eject.32
                0x00000000c001b728                Sys::eject(regs*)
 .text          0x00000000c001b75e       0x18 sys/sc_exit.32
                0x00000000c001b75e                Sys::exit(regs*)
 .text          0x00000000c001b776       0x1f sys/sc_getcwd.32
                0x00000000c001b776                Sys::getCwd(regs*)
 .text          0x00000000c001b795        0xc sys/sc_getpid.32
                0x00000000c001b795                Sys::getPID(regs*)
 .text          0x00000000c001b7a1       0x17 sys/sc_getramdata.32
                0x00000000c001b7a1                Sys::getRAMData(regs*)
 .text          0x00000000c001b7b8       0x84 sys/sc_getvgaptr.32
                0x00000000c001b7b8                Sys::getVGAPtr(regs*)
 .text          0x00000000c001b83c       0xa8 sys/sc_loaddll.32
                0x00000000c001b83c                Sys::loadDLL(regs*)
 .text          0x00000000c001b8e4       0x68 sys/sc_read.32
                0x00000000c001b8e4                Sys::read(regs*)
 .text          0x00000000c001b94c       0x55 sys/sc_sbrk.32
                0x00000000c001b94c                Sys::sbrk(regs*)
 .text          0x00000000c001b9a1       0x1c sys/sc_setcwd.32
                0x00000000c001b9a1                Sys::setCwd(regs*)
 .text          0x00000000c001b9bd      0x128 sys/sc_settime.32
                0x00000000c001b9bd                Sys::setTime(regs*)
 .text          0x00000000c001bae5       0x4a sys/sc_timezone.32
                0x00000000c001bae5                Sys::timezone(regs*)
 .text          0x00000000c001bb2f       0x68 sys/sc_write.32
                0x00000000c001bb2f                Sys::write(regs*)
 .text          0x00000000c001bb97       0x62 sys/sc_wsbe.32
                0x00000000c001bb97                Sys::wsbe(regs*)
 .text          0x00000000c001bbf9       0x46 sys/sc_yield.32
                0x00000000c001bbf9                Sys::yield(regs*)
 .text          0x00000000c001bc3f     0x1101 sys/syscalls.32
                0x00000000c001bc3f                sysCallSeekDir(regs*)
                0x00000000c001bc44                sysCallTellDir(regs*)
                0x00000000c001bc49                sysCallVerify(regs*)
                0x00000000c001bc53                sysFormatDisk(regs*)
                0x00000000c001bcbd                sysSetDiskVolumeLabel(regs*)
                0x00000000c001bd03                sysGetDiskVolumeLabel(regs*)
                0x00000000c001bd54                sysShutdown(regs*)
                0x00000000c001bdb2                sysCallRealpath(regs*)
                0x00000000c001bdf5                sysCallGetArgc(regs*)
                0x00000000c001be23                sysCallReadDir(regs*)
                0x00000000c001beb1                sysCallIsATTY(regs*)
                0x00000000c001bf0b                sysCallSeek(regs*)
                0x00000000c001bf74                sysCallTell(regs*)
                0x00000000c001bff1                sysCallSize(regs*)
                0x00000000c001c074                sysCallSizeFromFilename(regs*)
                0x00000000c001c134                sysCallClose(regs*)
                0x00000000c001c1bc                sysCallOpenDir(regs*)
                0x00000000c001c231                sysCallCloseDir(regs*)
                0x00000000c001c297                sysCallMakeDir(regs*)
                0x00000000c001c307                sysCallWait(regs*)
                0x00000000c001c321                sysCallNotImpl(regs*)
                0x00000000c001c33c                sysPanic(regs*)
                0x00000000c001c362                sysCallRmdir(regs*)
                0x00000000c001c3c6                sysCallUnlink(regs*)
                0x00000000c001c42a                sysCallGetArgv(regs*)
                0x00000000c001c476                sysCallTTYName(regs*)
                0x00000000c001c4f9                sysCallUSleep(regs*)
                0x00000000c001c520                sysCallSpawn(regs*)
                0x00000000c001c595                sysCallGetEnv(regs*)
                0x00000000c001c6cd                sysAppSettings(regs*)
                0x00000000c001c7e1                sysSetFatAttrib(regs*)
                0x00000000c001c853                sysPipe(regs*)
                0x00000000c001c898                sysGetUnixTime(regs*)
                0x00000000c001c8ac                string_ends_with(char const*, char const*)
                0x00000000c001c8f4                sysCallOpen(regs*)
                0x00000000c001cb09                Sys::loadSyscalls()
                0x00000000c001ccfe                Sys::systemCall(regs*, void*)
 .text          0x00000000c001cd40     0x11fd thr/elf.32
                0x00000000c001cd40                Thr::allocateMemoryForTask(Process*, File*, unsigned long, unsigned long, unsigned long)
                0x00000000c001cfea                Thr::loadProgramIntoMemory(Process*, char const*)
                0x00000000c001d200                Thr::runtimeReferenceHelper()
                0x00000000c001d213                Thr::getAddressOfKernelSymbol(char const*)
                0x00000000c001d262                Thr::loadKernelSymbolTable(char const*)
                0x00000000c001d520                Thr::loadDriverIntoMemory(char const*, unsigned long, bool)
                0x00000000c001dc56                Thr::getDriverBaseFromAddress(unsigned long)
                0x00000000c001dc88                Thr::getDriverNameFromAddress(unsigned long)
                0x00000000c001dcbf                Thr::getDriverOffsetFromAddress(unsigned long)
                0x00000000c001dcd9                Thr::loadDLL(char const*, bool)
                0x00000000c001df04                Thr::executeDLL(unsigned long, void*)
 *fill*         0x00000000c001df3d        0x1 
 .text          0x00000000c001df3e     0x1315 thr/prcssthr.32
                0x00000000c001df3e                userModeEntryPoint(void*)
                0x00000000c001df64                changeTSS
                0x00000000c001df94                switchToThread(ThreadControlBlock*)
                0x00000000c001e03e                Process::addArgs(char**)
                0x00000000c001e098                Process::Process(char const*, Process*, char**)
                0x00000000c001e098                Process::Process(char const*, Process*, char**)
                0x00000000c001e27c                Process::Process(bool, char const*, Process*, char**)
                0x00000000c001e27c                Process::Process(bool, char const*, Process*, char**)
                0x00000000c001e42b                taskStartupFunction
                0x00000000c001e434                Semaphore::Semaphore(int)
                0x00000000c001e434                Semaphore::Semaphore(int)
                0x00000000c001e462                Mutex::Mutex()
                0x00000000c001e462                Mutex::Mutex()
                0x00000000c001e474                Process::createThread(void (*)(void*), void*, int)
                0x00000000c001e57a                Process::createUserThread()
                0x00000000c001e596                setupMultitasking(void (*)())
                0x00000000c001e6b8                schedule()
                0x00000000c001e73e                Semaphore::tryAcquire()
                0x00000000c001e7fa                Semaphore::assertLocked(char const*)
                0x00000000c001e869                blockTaskWithSchedulerLockAlreadyHeld(TaskState)
                0x00000000c001e8b7                blockTask(TaskState)
                0x00000000c001e8e4                waitTask(int, int*, int)
                0x00000000c001e926                nanoSleepUntil(unsigned long long)
                0x00000000c001e9bb                nanoSleep(unsigned long long)
                0x00000000c001e9d3                sleep(unsigned long long)
                0x00000000c001e9f0                Semaphore::acquire()
                0x00000000c001ea92                taskReturned
                0x00000000c001eacd                Thr::processFromPID(int)
                0x00000000c001eb7c                unblockTask(ThreadControlBlock*)
                0x00000000c001ec29                cleanupTerminatedTask(ThreadControlBlock*)
                0x00000000c001eef2                cleanerTaskFunction(void*)
                0x00000000c001efeb                terminateTask(int)
                0x00000000c001f11d                Thr::terminateFromIRQ(int)
                0x00000000c001f12a                Semaphore::release()
 .text          0x00000000c001f253      0xc53 vm86/vm8086.32
                0x00000000c001f253                Vm::inbv(unsigned short)
                0x00000000c001f266                Vm::outbv(unsigned short, unsigned char)
                0x00000000c001f2b9                Vm::realToLinear(unsigned short, unsigned short)
                0x00000000c001f2c9                Vm::getSegment(unsigned int)
                0x00000000c001f2d1                Vm::getOffset(unsigned int)
                0x00000000c001f2d6                Vm::mainloop2()
                0x00000000c001f310                Vm::mainVm8086Loop(void*)
                0x00000000c001f320                Vm::mainloop3(unsigned long)
                0x00000000c001f346                Vm::initialise8086()
                0x00000000c001f389                Vm::finish8086()
                0x00000000c001f3ea                Vm::getOutput8086(unsigned char*)
                0x00000000c001f40f                Vm::start8086(char const*, unsigned short, unsigned short, unsigned short, unsigned short)
                0x00000000c001f577                Vm::doISR(regs*, int, unsigned char*, unsigned short, unsigned short)
                0x00000000c001f601                Vm::readByteFromReal(unsigned short, unsigned short)
                0x00000000c001f612                Vm::readWordFromReal(unsigned short, unsigned short)
                0x00000000c001f624                Vm::readDwordFromReal(unsigned short, unsigned short)
                0x00000000c001f635                Vm::writeByteFromReal(unsigned short, unsigned short, unsigned char)
                0x00000000c001f64a                Vm::writeWordFromReal(unsigned short, unsigned short, unsigned short)
                0x00000000c001f660                Vm::writeDwordFromReal(unsigned short, unsigned short, unsigned int)
                0x00000000c001f675                Vm::faultHandler(regs*)
 .text          0x00000000c001fea6      0xefd vm86/x87em.32
                0x00000000c001fea6                Vm::fpuInternalTo32(unsigned long long)
                0x00000000c001ff01                Vm::fpuInternalTo64(unsigned long long)
                0x00000000c001ff0a                Vm::fpu32ToInternal(unsigned int)
                0x00000000c001ff4f                Vm::fpu64ToInternal(unsigned long long)
                0x00000000c001ff58                Vm::fpuFloatToLong(unsigned long long)
                0x00000000c001ffb3                Vm::fpuULongToFloat(unsigned long long)
                0x00000000c001ffe9                Vm::fpuLongToFloat(long long)
                0x00000000c002003f                Vm::fpuGet0()
                0x00000000c0020044                Vm::fpuGet1()
                0x00000000c002004c                Vm::fpuGetPi()
                0x00000000c0020054                Vm::fpuGetLog2E()
                0x00000000c002006c                Vm::fpuGetLogE2()
                0x00000000c0020084                Vm::fpuGetLog210()
                0x00000000c002009c                Vm::fpuGetLog102()
                0x00000000c00200b4                Vm::fpuIsSecondLarger(unsigned long long, unsigned long long)
                0x00000000c00200c8                Vm::fpuAreEqual(unsigned long long, unsigned long long)
                0x00000000c00200de                Vm::fpuUnorderedCompare(unsigned long long, unsigned long long)
                0x00000000c0020131                Vm::fpuAdd(unsigned long long, unsigned long long)
                0x00000000c0020142                Vm::fpuAbs(unsigned long long)
                0x00000000c002014b                Vm::fpuChs(unsigned long long)
                0x00000000c002015b                Vm::fpuSub(unsigned long long, unsigned long long)
                0x00000000c002016a                Vm::fpuMultiply(unsigned long long, unsigned long long)
                0x00000000c0020189                Vm::fpuDivide(unsigned long long, unsigned long long)
                0x00000000c00201a5                Vm::fpuSquare(unsigned long long)
                0x00000000c00201bb                Vm::fpuGetReg(int)
                0x00000000c00201fe                Vm::fpuSetReg(int, unsigned long long)
                0x00000000c0020249                Vm::fpuPush(unsigned long long)
                0x00000000c00202a6                Vm::fpuPop()
                0x00000000c00202f8                Vm::x87Handler(regs*)
 *fill*         0x00000000c0020da3        0x1 
 .text          0x00000000c0020da4     0x1203 fs/fat/vfslink.32
                0x00000000c0020da4                FAT::getName()
                0x00000000c0020daa                FAT::tell(void*, unsigned long long*)
                0x00000000c0020dde                FAT::stat(void*, unsigned long long*)
                0x00000000c0020e12                FAT::~FAT()
                0x00000000c0020e12                FAT::~FAT()
                0x00000000c0020e36                FAT::~FAT()
                0x00000000c0020e5e                FAT::getlabel(LogicalDisk*, int, char*, unsigned int*)
                0x00000000c0020efc                FAT::setlabel(LogicalDisk*, int, char*)
                0x00000000c0020fb6                FAT::format(LogicalDisk*, int, char const*, int)
                0x00000000c002119a                FAT::tryMount(LogicalDisk*, int)
                0x00000000c00213a0                FAT::getFileFirstSector(char const*)
                0x00000000c0021462                FAT::readDir(void*, unsigned long, void*, int*)
                0x00000000c00215bc                FAT::read(void*, unsigned long, void*, int*)
                0x00000000c0021616                FAT::write(void*, unsigned long, void*, int*)
                0x00000000c0021670                FAT::close(void*)
                0x00000000c00216bc                FAT::closeDir(void*)
                0x00000000c0021708                FAT::seek(void*, unsigned long long)
                0x00000000c002175c                fatWrapperReadDisk
                0x00000000c00217a3                fatWrapperWriteDisk
                0x00000000c00217ea                fatWrapperIoctl
                0x00000000c00218ee                FAT::FAT()
                0x00000000c00218ee                FAT::FAT()
                0x00000000c0021940                FAT::fixFilepath(char*)
                0x00000000c0021978                FAT::open(char const*, void**, FileOpenMode)
                0x00000000c0021aa0                FAT::openDir(char const*, void**)
                0x00000000c0021b46                FAT::stat(char const*, unsigned long long*, bool*)
                0x00000000c0021c30                FAT::unlink(char const*)
                0x00000000c0021caa                FAT::chfatattr(char const*, unsigned char, unsigned char)
                0x00000000c0021dfe                FAT::rename(char const*, char const*)
                0x00000000c0021ec2                FAT::mkdir(char const*)
                0x00000000c0021f3c                FAT::exists(char const*)
 *fill*         0x00000000c0021fa7        0x1 
 .text          0x00000000c0021fa8      0xba5 fs/iso9660/vfslink.32
                0x00000000c0021fa8                ISO9660::format(LogicalDisk*, int, char const*, int)
                0x00000000c0021fae                ISO9660::seek(void*, unsigned long long)
                0x00000000c0021fde                ISO9660::tell(void*, unsigned long long*)
                0x00000000c0022002                ISO9660::getName()
                0x00000000c0022008                ISO9660::stat(void*, unsigned long long*)
                0x00000000c002202c                ISO9660::chfatattr(char const*, unsigned char, unsigned char)
                0x00000000c0022032                ISO9660::unlink(char const*)
                0x00000000c0022038                ISO9660::write(void*, unsigned long, void*, int*)
                0x00000000c002203e                ISO9660::rename(char const*, char const*)
                0x00000000c0022044                ISO9660::mkdir(char const*)
                0x00000000c002204a                ISO9660::close(void*)
                0x00000000c002206c                ISO9660::closeDir(void*)
                0x00000000c002208e                ISO9660::~ISO9660()
                0x00000000c002208e                ISO9660::~ISO9660()
                0x00000000c00220b2                ISO9660::~ISO9660()
                0x00000000c00220d9                __memmem(unsigned char*, int, unsigned char*, int)
                0x00000000c002211b                readSectorFromCDROM(unsigned int, unsigned char*, char)
                0x00000000c0022176                ISO9660::tryMount(LogicalDisk*, int)
                0x00000000c00221c6                ISO9660::read(void*, unsigned long, void*, int*)
                0x00000000c00223ca                ISO9660::readDir(void*, unsigned long, void*, int*)
                0x00000000c0022644                readRoot(unsigned int*, unsigned int*, char)
                0x00000000c0022698                readRecursively(char*, unsigned int, unsigned int, unsigned int*, unsigned int*, char, int*)
                0x00000000c002286b                getFileData(char*, unsigned int*, unsigned int*, char, int*)
                0x00000000c00228fa                ISO9660::open(char const*, void**, FileOpenMode)
                0x00000000c00229ba                ISO9660::exists(char const*)
                0x00000000c00229de                ISO9660::stat(char const*, unsigned long long*, bool*)
                0x00000000c0022a72                ISO9660::openDir(char const*, void**)
                0x00000000c0022b2a                ISO9660::ISO9660()
                0x00000000c0022b2a                ISO9660::ISO9660()
 *fill*         0x00000000c0022b4d        0x1 
 .text          0x00000000c0022b4e      0x326 hal/sound/sndchannel.32
                0x00000000c0022b4e                SoundChannel::~SoundChannel()
                0x00000000c0022b4e                SoundChannel::~SoundChannel()
                0x00000000c0022b6a                SoundChannel::setSpeed(float)
                0x00000000c0022b76                SoundChannel::getSpeed()
                0x00000000c0022b7e                SoundChannel::setVolume(int)
                0x00000000c0022b9a                SoundChannel::getVolume()
                0x00000000c0022ba2                SoundChannel::pause()
                0x00000000c0022bac                SoundChannel::SoundChannel(int, int, int, int)
                0x00000000c0022bac                SoundChannel::SoundChannel(int, int, int, int)
                0x00000000c0022d02                SoundChannel::play()
                0x00000000c0022d0c                SoundChannel::paused()
                0x00000000c0022d14                SoundChannel::getSampleRate()
                0x00000000c0022d1c                SoundChannel::getBits()
                0x00000000c0022d24                SoundChannel::getBufferUsed()
                0x00000000c0022d2c                SoundChannel::getBufferSize()
                0x00000000c0022d34                SoundChannel::unbuffer(float*, int, int)
                0x00000000c0022dd4                SoundChannel::buffer8(unsigned char*, int)
 .text          0x00000000c0022e74      0x3d5 hal/sound/sndhw.32
                0x00000000c0022e74                SoundDevice::SoundDevice(char const*)
                0x00000000c0022e74                SoundDevice::SoundDevice(char const*)
                0x00000000c0022ee0                SoundDevice::~SoundDevice()
                0x00000000c0022ee0                SoundDevice::~SoundDevice()
                0x00000000c0022f5a                SoundDevice::~SoundDevice()
                0x00000000c0022f84                SoundDevice::getFreeChannelNum()
                0x00000000c0022f9e                SoundDevice::addChannel(SoundChannel*)
                0x00000000c002300e                SoundDevice::removeChannel(int)
                0x00000000c0023040                SoundDevice::floatTo8(float*, unsigned char*, int)
                0x00000000c0023128                SoundDevice::getAudio(int, float*, float*)
 .text          0x00000000c0023249        0x0 hw/bus/isa.32
 *fill*         0x00000000c0023249        0x1 
 .text          0x00000000c002324a      0x9a9 hw/bus/pci.32
                0x00000000c002324a                PCI::open(int, int, void*)
                0x00000000c002325e                PCI::close(int, int, void*)
                0x00000000c0023262                PCI::PCI()
                0x00000000c0023262                PCI::PCI()
                0x00000000c00232e2                PCI::readBAR8(unsigned int, int)
                0x00000000c00232fe                PCI::readBAR16(unsigned int, int)
                0x00000000c002331c                PCI::readBAR32(unsigned int, int)
                0x00000000c0023338                PCI::writeBAR8(unsigned int, unsigned char, int)
                0x00000000c0023358                PCI::writeBAR16(unsigned int, unsigned short, int)
                0x00000000c002337a                PCI::writeBAR32(unsigned int, unsigned int, int)
                0x00000000c002339a                PCI::pciReadWord(unsigned char, unsigned char, unsigned char, unsigned char)
                0x00000000c00233e2                PCI::getVendorID(unsigned char, unsigned char, unsigned char)
                0x00000000c0023404                PCI::getHeaderType(unsigned char, unsigned char, unsigned char)
                0x00000000c0023428                PCI::getClassCode(unsigned char, unsigned char, unsigned char)
                0x00000000c002346c                PCI::getProgIF(unsigned char, unsigned char, unsigned char)
                0x00000000c0023490                PCI::getRevisionID(unsigned char, unsigned char, unsigned char)
                0x00000000c00234b2                PCI::getInterruptNumber(unsigned char, unsigned char, unsigned char)
                0x00000000c00234d4                PCI::getSecondaryBus(unsigned char, unsigned char, unsigned char)
                0x00000000c00234f8                PCI::getBARAddress(unsigned char, unsigned char, unsigned char, unsigned char)
                0x00000000c0023558                PCI::pciWriteWord(unsigned char, unsigned char, unsigned char, unsigned char, unsigned short)
                0x00000000c00235c4                PCI::pciDetailsToFilepath(PCIDeviceInfo, char*)
                0x00000000c00237dc                PCI::checkBus(unsigned char)
                0x00000000c0023800                PCI::foundDevice(PCIDeviceInfo)
                0x00000000c0023988                PCI::getDeviceData(unsigned char, unsigned char, unsigned char)
                0x00000000c0023b34                PCI::checkDevice(unsigned char, unsigned char)
                0x00000000c0023ba0                PCI::detect()
 *fill*         0x00000000c0023bf3        0x1 
 .text          0x00000000c0023bf4      0xc70 hw/diskctrl/ide.32
                0x00000000c0023bf4                IDE::close(int, int, void*)
                0x00000000c0023bf8                IDE::IDE()
                0x00000000c0023bf8                IDE::IDE()
                0x00000000c0023c2c                IDE::prepareInterrupt(unsigned char)
                0x00000000c0023c3e                selectDrive(unsigned char, unsigned char)
                0x00000000c0023c40                IDE::getBase(unsigned char)
                0x00000000c0023c52                IDE::write(unsigned char, unsigned char, unsigned char)
                0x00000000c0023d12                IDE::read(unsigned char, unsigned char)
                0x00000000c0023dc0                IDE::waitInterrupt(unsigned char)
                0x00000000c0023e26                ideChannel0IRQHandler(regs*, void*)
                0x00000000c0023e42                ideChannel1IRQHandler(regs*, void*)
                0x00000000c0023e5e                IDE::enableIRQs(unsigned char, bool)
                0x00000000c0023ea4                IDE::open(int, int, void*)
                0x00000000c00242b4                IDE::readBuffer(unsigned char, unsigned char, unsigned int, unsigned int)
                0x00000000c0024380                IDE::detect()
                0x00000000c0024668                IDE::printError(unsigned char, unsigned char, unsigned char)
                0x00000000c00247fe                IDE::polling(unsigned char, unsigned int)
 .text          0x00000000c0024864      0x390 hw/diskctrl/satabus.32
                0x00000000c0024864                SATABus::close(int, int, void*)
                0x00000000c0024868                SATABus::detect()
                0x00000000c002486a                SATABus::SATABus()
                0x00000000c002486a                SATABus::SATABus()
                0x00000000c0024916                SATABus::findCmdslot(SATABus::tagHBA_PORT volatile*)
                0x00000000c002495e                SATABus::checkType(SATABus::tagHBA_PORT volatile*)
                0x00000000c00249a6                SATABus::startCmd(SATABus::tagHBA_PORT volatile*)
                0x00000000c00249c6                SATABus::stopCmd(SATABus::tagHBA_PORT volatile*)
                0x00000000c00249f0                SATABus::portRebase(SATABus::tagHBA_PORT volatile*, int)
                0x00000000c0024af6                SATABus::probePort(SATABus::tagHBA_MEM volatile*)
                0x00000000c0024bd4                SATABus::open(int, int, void*)
 .text          0x00000000c0024bf4      0x63c hw/diskphys/ata.32
                0x00000000c0024bf4                ATA::close(int, int, void*)
                0x00000000c0024c18                ATA::powerSaving(PowerSavingLevel)
                0x00000000c0024c1a                ATA::ATA()
                0x00000000c0024c1a                ATA::ATA()
                0x00000000c0024c48                ATA::flush(bool)
                0x00000000c0024c92                ATA::readyForCommand()
                0x00000000c0024ce2                ATA::access(unsigned long long, int, void*, bool)
                0x00000000c002506a                ATA::read(unsigned long long, int, void*)
                0x00000000c00250d2                ATA::write(unsigned long long, int, void*)
                0x00000000c002513a                ATA::detectCHS()
                0x00000000c0025164                ATA::open(int, int, void*)
 .text          0x00000000c0025230      0x5bd hw/diskphys/atapi.32
                0x00000000c0025230                ATAPI::write(unsigned long long, int, void*)
                0x00000000c0025236                ATAPI::close(int, int, void*)
                0x00000000c002525a                ATAPI::ATAPI()
                0x00000000c002525a                ATAPI::ATAPI()
                0x00000000c0025288                ATAPI::readyForCommand()
                0x00000000c00252d8                ATAPI::sendPacket(unsigned char*, int, bool, unsigned short*, int)
                0x00000000c0025598                ATAPI::diskRemoved()
                0x00000000c00255b4                ATAPI::eject()
                0x00000000c00255fc                ATAPI::diskInserted()
                0x00000000c002562a                ATAPI::detectMedia()
                0x00000000c00256e6                ATAPI::open(int, int, void*)
                0x00000000c002576e                ATAPI::read(unsigned long long, int, void*)
 *fill*         0x00000000c00257ed        0x1 
 .text          0x00000000c00257ee      0x451 hw/diskphys/sata.32
                0x00000000c00257ee                SATA::close(int, int, void*)
                0x00000000c0025812                SATA::powerSaving(PowerSavingLevel)
                0x00000000c0025814                SATA::open(int, int, void*)
                0x00000000c00258be                SATA::SATA()
                0x00000000c00258be                SATA::SATA()
                0x00000000c00258ec                SATA::access(unsigned long long, int, void*, bool)
                0x00000000c0025b52                SATA::read(unsigned long long, int, void*)
                0x00000000c0025bba                SATA::write(unsigned long long, int, void*)
 *fill*         0x00000000c0025c3f        0x1 
 .text          0x00000000c0025c40      0x4fe hw/diskphys/satapi.32
                0x00000000c0025c40                SATAPI::write(unsigned long long, int, void*)
                0x00000000c0025c46                SATAPI::close(int, int, void*)
                0x00000000c0025c6a                SATAPI::SATAPI()
                0x00000000c0025c6a                SATAPI::SATAPI()
                0x00000000c0025c98                SATAPI::diskRemoved()
                0x00000000c0025cb4                SATAPI::diskInserted()
                0x00000000c0025ce2                SATAPI::sendPacket(unsigned char*, int, unsigned long long, unsigned short*, int)
                0x00000000c0025eea                SATAPI::eject()
                0x00000000c0025f32                SATAPI::detectMedia()
                0x00000000c0025ff4                SATAPI::open(int, int, void*)
                0x00000000c002609c                SATAPI::read(unsigned long long, int, void*)
 .text          0x00000000c002613e       0x8e hw/fpu/avx.32
                0x00000000c002613e                AVX::open(int, int, void*)
                0x00000000c0026150                AVX::close(int, int, void*)
                0x00000000c0026162                AVX::available()
                0x00000000c0026174                AVX::save(void*)
                0x00000000c002618c                AVX::load(void*)
                0x00000000c00261a4                AVX::AVX()
                0x00000000c00261a4                AVX::AVX()
 .text          0x00000000c00261cc       0x90 hw/fpu/mmx.32
                0x00000000c00261cc                MMX::available()
                0x00000000c00261e0                MMX::open(int, int, void*)
                0x00000000c00261f2                MMX::close(int, int, void*)
                0x00000000c0026204                MMX::save(void*)
                0x00000000c002621c                MMX::load(void*)
                0x00000000c0026234                MMX::MMX()
                0x00000000c0026234                MMX::MMX()
 .text          0x00000000c002625c       0x96 hw/fpu/sse.32
                0x00000000c002625c                SSE::open(int, int, void*)
                0x00000000c002626e                SSE::close(int, int, void*)
                0x00000000c0026280                SSE::available()
                0x00000000c002629a                SSE::save(void*)
                0x00000000c00262b2                SSE::load(void*)
                0x00000000c00262ca                SSE::SSE()
                0x00000000c00262ca                SSE::SSE()
 .text          0x00000000c00262f2       0x8e hw/fpu/x87.32
                0x00000000c00262f2                x87::open(int, int, void*)
                0x00000000c0026304                x87::close(int, int, void*)
                0x00000000c0026316                x87::available()
                0x00000000c0026328                x87::save(void*)
                0x00000000c0026340                x87::load(void*)
                0x00000000c0026358                x87::x87()
                0x00000000c0026358                x87::x87()
 .text          0x00000000c0026380      0x71e hw/intctrl/apic.32
                0x00000000c0026380                APIC::disable()
                0x00000000c0026382                APIC::close(int, int, void*)
                0x00000000c00263a4                IOAPIC::close(int, int, void*)
                0x00000000c00263aa                APIC::io_wait()
                0x00000000c00263b0                APIC::getBase()
                0x00000000c00263f2                APIC::eoi(unsigned char)
                0x00000000c0026420                APIC::open(int, int, void*)
                0x00000000c002656e                IOAPIC::IOAPIC()
                0x00000000c002656e                IOAPIC::IOAPIC()
                0x00000000c0026596                APIC::APIC()
                0x00000000c0026596                APIC::APIC()
                0x00000000c0026672                IOAPIC::handlesGSIWithNumber(unsigned int)
                0x00000000c00266a4                IOAPIC::read(int)
                0x00000000c00266cc                IOAPIC::open(int, int, void*)
                0x00000000c00267c2                IOAPIC::write(int, int)
                0x00000000c00267ee                IOAPIC::redirect(unsigned char, unsigned long long, unsigned char, bool, bool)
                0x00000000c00268e8                APIC::installIRQHandler(int, void (*)(regs*, void*), bool, void*)
 .text          0x00000000c0026a9e      0x3d3 hw/intctrl/pic.32
                0x00000000c0026a9e                PIC::disable()
                0x00000000c0026acc                PIC::close(int, int, void*)
                0x00000000c0026aee                PIC::PIC()
                0x00000000c0026aee                PIC::PIC()
                0x00000000c0026bc4                PIC::ioWait()
                0x00000000c0026bca                PIC::getIRQReg(int)
                0x00000000c0026c34                PIC::eoi(unsigned char)
                0x00000000c0026cc6                PIC::remap()
                0x00000000c0026e32                PIC::open(int, int, void*)
 *fill*         0x00000000c0026e71        0x1 
 .text          0x00000000c0026e72      0x25e hw/timer/apictimer.32
                0x00000000c0026e72                APICTimer::close(int, int, void*)
                0x00000000c0026e78                apicTimerHandler(regs*, void*)
                0x00000000c0026ea6                APICTimer::write(int)
                0x00000000c0026faa                APICTimer::open(int, int, void*)
                0x00000000c00270a8                APICTimer::APICTimer()
                0x00000000c00270a8                APICTimer::APICTimer()
 .text          0x00000000c00270d0      0x1a7 hw/timer/pit.32
                0x00000000c00270d0                PIT::write(int)
                0x00000000c002714e                pitHandler(regs*, void*)
                0x00000000c002717a                PIT::open(int, int, void*)
                0x00000000c00271c8                PIT::close(int, int, void*)
                0x00000000c00271f8                PIT::PIT()
                0x00000000c00271f8                PIT::PIT()
 *fill*         0x00000000c0027277        0x9 
 .text          0x00000000c0027280       0x1e hw/fpu/x86/avx.32
                0x00000000c0027280                avxDetect
                0x00000000c0027286                avxSave
                0x00000000c0027287                avxLoad
                0x00000000c0027288                avxInit
                0x00000000c0027289                avxClose
                0x00000000c002728a                wouldSheSayYes
 *fill*         0x00000000c002729e        0x2 
 .text          0x00000000c00272a0       0x35 hw/fpu/x86/sse.32
                0x00000000c00272a0                absolutelyNoChanceInHell
                0x00000000c00272a0                sseDetect
                0x00000000c00272b8                sseSave
                0x00000000c00272be                sseLoad
                0x00000000c00272c4                sseInit
                0x00000000c00272d4                sseClose
 *fill*         0x00000000c00272d5        0xb 
 .text          0x00000000c00272e0       0x4d hw/fpu/x86/x87.32
                0x00000000c00272e6                x87Detect
                0x00000000c0027301                x87Save
                0x00000000c002730a                x87Load
                0x00000000c0027312                x87Init
                0x00000000c002732c                x87Close
 *fill*         0x00000000c002732d        0x3 
 .text          0x00000000c0027330       0x25 /cygdrive/d/Users/Alex/Desktop/Toolchain/Output/bin/../lib/gcc/i386-banana/8.1.0/crtend.o
 .text          0x00000000c0027355        0x0 crtn.32
 *fill*         0x00000000c0027355        0x3 
 .text          0x00000000c0027358      0x14b /cygdrive/d/Users/Alex/Desktop/Toolchain/Output/bin/../lib/gcc/i386-banana/8.1.0/libkgcc.a(_divdi3.o)
                0x00000000c0027358                __divdi3
 *fill*         0x00000000c00274a3        0x1 
 .text          0x00000000c00274a4      0x17e /cygdrive/d/Users/Alex/Desktop/Toolchain/Output/bin/../lib/gcc/i386-banana/8.1.0/libkgcc.a(_moddi3.o)
                0x00000000c00274a4                __moddi3
 *fill*         0x00000000c0027622        0x2 