Archive member included to satisfy reference by file (symbol)

/cygdrive/d/Users/Alex/Desktop/Toolchain/Output/bin/../lib/gcc/i386-banana/8.1.0/libkgcc.a(_divdi3.o)
                              fs/fat/ff.32 (__divdi3)
/cygdrive/d/Users/Alex/Desktop/Toolchain/Output/bin/../lib/gcc/i386-banana/8.1.0/libkgcc.a(_moddi3.o)
                              compat/resolve.32 (__moddi3)
/cygdrive/d/Users/Alex/Desktop/Toolchain/Output/bin/../lib/gcc/i386-banana/8.1.0/libkgcc.a(_udivdi3.o)
                              fs/fat/ff.32 (__udivdi3)
/cygdrive/d/Users/Alex/Desktop/Toolchain/Output/bin/../lib/gcc/i386-banana/8.1.0/libkgcc.a(_umoddi3.o)
                              compat/resolve.32 (__umoddi3)

Discarded input sections

 .comment       0x0000000000000000       0x12 /cygdrive/d/Users/Alex/Desktop/Toolchain/Output/bin/../lib/gcc/i386-banana/8.1.0/crtbegin.o
 .comment       0x0000000000000000       0x12 acpica/utclib.32
 .comment       0x0000000000000000       0x12 core/malloc.32
 .comment       0x0000000000000000       0x12 libk/string.32
 .comment       0x0000000000000000       0x12 fs/fat/diskio.32
 .comment       0x0000000000000000       0x12 fs/fat/ff.32
 .comment       0x0000000000000000       0x12 fs/fat/ffsystem.32
 .comment       0x0000000000000000       0x12 fs/fat/ffunicode.32
 .comment       0x0000000000000000       0x12 compat/inlines.32
 .comment       0x0000000000000000       0x12 compat/resolve.32
 .group         0x0000000000000000       0x14 core/computer.32
 .group         0x0000000000000000        0xc core/computer.32
 .comment       0x0000000000000000       0x12 core/computer.32
 .comment       0x0000000000000000       0x12 core/gdt.32
 .group         0x0000000000000000        0xc core/idle.32
 .comment       0x0000000000000000       0x12 core/idle.32
 .comment       0x0000000000000000       0x12 core/idt.32
 .comment       0x0000000000000000       0x12 core/kheap.32
 .comment       0x0000000000000000       0x12 core/main.32
 .comment       0x0000000000000000       0x12 core/physmgr.32
 .group         0x0000000000000000        0xc core/pipe.32
 .comment       0x0000000000000000       0x12 core/pipe.32
 .group         0x0000000000000000        0xc core/terminal.32
 .comment       0x0000000000000000       0x12 core/terminal.32
 .comment       0x0000000000000000       0x12 core/tss.32
 .group         0x0000000000000000        0x8 core/unixfile.32
 .group         0x0000000000000000        0x8 core/unixfile.32
 .group         0x0000000000000000        0xc core/unixfile.32
 .group         0x0000000000000000        0x8 core/unixfile.32
 .group         0x0000000000000000        0xc core/unixfile.32
 .group         0x0000000000000000        0x8 core/unixfile.32
 .group         0x0000000000000000        0xc core/unixfile.32
 .group         0x0000000000000000        0xc core/unixfile.32
 .comment       0x0000000000000000       0x12 core/unixfile.32
 .comment       0x0000000000000000       0x12 core/virtmgr.32
 .comment       0x0000000000000000       0x12 coreobjs/c++.32
 .comment       0x0000000000000000       0x12 dbg/kconsole.32
 .group         0x0000000000000000        0xc fs/vfs.32
 .group         0x0000000000000000        0xc fs/vfs.32
 .group         0x0000000000000000        0xc fs/vfs.32
 .comment       0x0000000000000000       0x12 fs/vfs.32
 .group         0x0000000000000000        0xc hal/bus.32
 .comment       0x0000000000000000       0x12 hal/bus.32
 .comment       0x0000000000000000       0x12 hal/buzzer.32
 .group         0x0000000000000000        0xc hal/clock.32
 .comment       0x0000000000000000       0x12 hal/clock.32
 .group         0x0000000000000000       0x14 hal/device.32
 .group         0x0000000000000000        0xc hal/device.32
 .group         0x0000000000000000        0x8 hal/device.32
 .group         0x0000000000000000        0xc hal/device.32
 .group         0x0000000000000000        0xc hal/device.32
 .comment       0x0000000000000000       0x12 hal/device.32
 .group         0x0000000000000000        0xc hal/diskctrl.32
 .comment       0x0000000000000000       0x12 hal/diskctrl.32
 .group         0x0000000000000000        0xc hal/diskphys.32
 .comment       0x0000000000000000       0x12 hal/diskphys.32
 .comment       0x0000000000000000       0x12 hal/fpu.32
 .group         0x0000000000000000        0xc hal/intctrl.32
 .comment       0x0000000000000000       0x12 hal/intctrl.32
 .group         0x0000000000000000        0xc hal/keybrd.32
 .comment       0x0000000000000000       0x12 hal/keybrd.32
 .group         0x0000000000000000        0xc hal/logidisk.32
 .comment       0x0000000000000000       0x12 hal/logidisk.32
 .group         0x0000000000000000        0xc hal/mouse.32
 .comment       0x0000000000000000       0x12 hal/mouse.32
 .comment       0x0000000000000000       0x12 hal/partition.32
 .group         0x0000000000000000        0xc hal/serial.32
 .comment       0x0000000000000000       0x12 hal/serial.32
 .group         0x0000000000000000        0x8 hal/timer.32
[...]
Memory Configuration

Name             Origin             Length             Attributes
*default*        0x0000000000000000 0xffffffffffffffff

Linker script and memory map

LOAD D:/Users/Alex/Desktop/Banana/kernel/boot.32
LOAD crti.32
LOAD /cygdrive/d/Users/Alex/Desktop/Toolchain/Output/bin/../lib/gcc/i386-banana/8.1.0/crtbegin.o
LOAD D:/Users/Alex/Desktop/Banana/kernel/morenasm.32
LOAD acpica/utclib.32
LOAD core/malloc.32
LOAD libk/string.32
LOAD fs/fat/diskio.32
LOAD fs/fat/ff.32
LOAD fs/fat/ffsystem.32
LOAD fs/fat/ffunicode.32
LOAD compat/inlines.32
LOAD compat/resolve.32
LOAD core/computer.32
LOAD core/gdt.32
LOAD core/idle.32
LOAD core/idt.32
LOAD core/kheap.32
LOAD core/main.32
LOAD core/physmgr.32
LOAD core/pipe.32
LOAD core/terminal.32
LOAD core/tss.32
LOAD core/unixfile.32
LOAD core/virtmgr.32
LOAD coreobjs/c++.32
LOAD dbg/kconsole.32
LOAD fs/vfs.32
LOAD hal/bus.32
LOAD hal/buzzer.32
LOAD hal/clock.32
LOAD hal/device.32
LOAD hal/diskctrl.32
LOAD hal/diskphys.32
LOAD hal/fpu.32
LOAD hal/intctrl.32
LOAD hal/keybrd.32
LOAD hal/logidisk.32
LOAD hal/mouse.32
LOAD hal/partition.32
LOAD hal/serial.32
LOAD hal/timer.32
LOAD hal/vcache.32
LOAD hal/video.32
LOAD hw/acpi.32
LOAD hw/cpu.32
LOAD hw/smp.32
LOAD krnl/env.32
LOAD krnl/panic.32
LOAD krnl/powctrl.32
LOAD reg/registry.32
LOAD sys/sc_eject.32
LOAD sys/sc_exit.32
LOAD sys/sc_getcwd.32
LOAD sys/sc_getpid.32
LOAD sys/sc_getramdata.32
LOAD sys/sc_getvgaptr.32
LOAD sys/sc_loaddll.32
LOAD sys/sc_read.32
LOAD sys/sc_sbrk.32
LOAD sys/sc_setcwd.32
LOAD sys/sc_settime.32
LOAD sys/sc_timezone.32
LOAD sys/sc_write.32
LOAD sys/sc_wsbe.32
LOAD sys/sc_yield.32
LOAD sys/syscalls.32
LOAD thr/elf.32
LOAD thr/prcssthr.32
LOAD vm86/vm8086.32
LOAD vm86/x87em.32
LOAD arch/i386/hal.32
LOAD arch/i386/pic.32
LOAD fs/fat/vfslink.32
LOAD fs/iso9660/vfslink.32
LOAD hal/sound/sndcard.32
LOAD hal/sound/sndport.32
LOAD hw/bus/isa.32
LOAD hw/bus/pci.32
LOAD hw/diskctrl/ide.32
LOAD hw/diskctrl/satabus.32
LOAD hw/diskphys/ata.32
LOAD hw/diskphys/atapi.32
LOAD hw/diskphys/sata.32
LOAD hw/diskphys/satapi.32
LOAD hw/intctrl/apic.32
LOAD hw/intctrl/pic.32
LOAD hw/timer/apictimer.32
LOAD hw/timer/pit.32
LOAD arch/i386/avx.32
LOAD arch/i386/rdrand.32
LOAD arch/i386/sse.32
LOAD arch/i386/x87.32
LOAD /cygdrive/d/Users/Alex/Desktop/Toolchain/Output/bin/../lib/gcc/i386-banana/8.1.0/crtend.o
LOAD crtn.32
LOAD /cygdrive/d/Users/Alex/Desktop/Toolchain/Output/bin/../lib/gcc/i386-banana/8.1.0/libkgcc.a
LOAD D:/Users/Alex/Desktop/Banana/kernel/libsoftfp.a
LOAD D:/Users/Alex/Desktop/Banana/kernel/libk/libm32.a
                0x00000000c0000000                . = 0xc0000000

.text           0x00000000c0000000    0x2287a
 *(.text)
 .text          0x00000000c0000000       0x41 D:/Users/Alex/Desktop/Banana/kernel/boot.32
                0x00000000c0000020                callGlobalConstructors
 .text          0x00000000c0000041        0x0 crti.32
 *fill*         0x00000000c0000041        0x3 
 .text          0x00000000c0000044      0x101 /cygdrive/d/Users/Alex/Desktop/Toolchain/Output/bin/../lib/gcc/i386-banana/8.1.0/crtbegin.o
 *fill*         0x00000000c0000145        0xb 
 .text          0x00000000c0000150      0x428 D:/Users/Alex/Desktop/Banana/kernel/morenasm.32
                0x00000000c0000150                manualPCIProbe
                0x00000000c000019b                prepareTramp
                0x00000000c00001b4                doTPAUSE
                0x00000000c00001be                hasLegacyFPU
                0x00000000c00001e3                is486
                0x00000000c0000219                detectCPUID
                0x00000000c000022f                goToVM86
                0x00000000c000025f                goToUsermode
                0x00000000c0000289                switchToThreadASMFirstTime
                0x00000000c0000297                switchToThreadASM
                0x00000000c000031f                asmQuickAcquireLock
                0x00000000c000033d                asmQuickReleaseLock
                0x00000000c0000349                asmAcquireLock
                0x00000000c000036a                asmReleaseLock
                0x00000000c000037d                loadGDT
                0x00000000c000039d                isr0
                0x00000000c00003ad                isr1
                0x00000000c00003b7                isr2
                0x00000000c00003c1                isr3
                0x00000000c00003cb                isr4
                0x00000000c00003d5                isr5
                0x00000000c00003df                isr6
                0x00000000c00003e9                isr7
                0x00000000c00003f3                isr8
                0x00000000c00003fb                isr9
                0x00000000c0000405                isr10
                0x00000000c000040d                isr11
                0x00000000c0000415                isr12
                0x00000000c000041d                isr13
                0x00000000c0000425                isr14
                0x00000000c000042d                isr15
                0x00000000c0000437                isr16
                0x00000000c0000441                isr17
                0x00000000c000044b                isr18
                0x00000000c0000455                irq3
                0x00000000c000045f                irq4
                0x00000000c0000469                irq5
                0x00000000c0000473                irq6
                0x00000000c000047d                irq7
                0x00000000c0000487                irq8
                0x00000000c0000491                irq9
                0x00000000c000049b                irq10
                0x00000000c00004a5                irq11
                0x00000000c00004af                irq12
                0x00000000c00004b9                irq13
                0x00000000c00004c3                irq14
                0x00000000c00004cd                irq15
                0x00000000c00004d7                irq1
                0x00000000c00004de                irq2
                0x00000000c00004e5                isr96
                0x00000000c00004ec                irq0
                0x00000000c00004f1                int_common_stub
                0x00000000c00004f1                syscall_common_stub
                0x00000000c0000523                irq16
                0x00000000c000052d                irq17
                0x00000000c0000537                irq18
                0x00000000c0000541                irq19
                0x00000000c000054b                irq20
                0x00000000c0000555                irq21
                0x00000000c000055f                irq22
                0x00000000c0000569                irq23
                0x00000000c0000573                memcpy
 .text          0x00000000c0000578      0x5dd acpica/utclib.32
                0x00000000c0000578                memcmp
                0x00000000c00005b4                memmove
                0x00000000c000067c                memset
                0x00000000c0000698                strlen
                0x00000000c00006b0                strpbrk
                0x00000000c00006ec                strtok
                0x00000000c0000738                strcpy
                0x00000000c000075c                strncpy
                0x00000000c00007c4                strcmp
                0x00000000c0000804                strchr
                0x00000000c0000828                strncmp
                0x00000000c0000878                strcat
                0x00000000c00008a8                strncat
                0x00000000c00008e4                strstr
                0x00000000c000092c                toupper
                0x00000000c0000940                tolower
                0x00000000c0000954                simple_strtoul
 .text          0x00000000c0000b55      0xfad core/malloc.32
                0x00000000c0000cc0                dlfree
                0x00000000c000101b                dlmalloc
                0x00000000c0001558                dlrealloc
                0x00000000c00016fb                dlmemalign
                0x00000000c000181e                dlcalloc
                0x00000000c00018b8                dlcfree
                0x00000000c00018bd                dlindependent_calloc
                0x00000000c00018e2                dlindependent_comalloc
                0x00000000c00018f9                dlvalloc
                0x00000000c0001924                dlpvalloc
                0x00000000c000195a                dlmalloc_trim
                0x00000000c0001967                dlmalloc_usable_size
                0x00000000c0001998                dlmallinfo
                0x00000000c0001a67                dlmalloc_stats
                0x00000000c0001a78                dlmallopt
 .text          0x00000000c0001b02        0x0 libk/string.32
 .text          0x00000000c0001b02       0x51 fs/fat/diskio.32
                0x00000000c0001b02                disk_status
                0x00000000c0001b05                disk_initialize
                0x00000000c0001b08                disk_read
                0x00000000c0001b1e                disk_write
                0x00000000c0001b34                disk_ioctl
 .text          0x00000000c0001b53     0x6a69 fs/fat/ff.32
                0x00000000c0004e21                f_mount
                0x00000000c0004e83                f_open
                0x00000000c00052bf                f_read
                0x00000000c000553f                f_write
                0x00000000c00057f9                f_sync
                0x00000000c00059d5                f_close
                0x00000000c0005a04                f_lseek
                0x00000000c0005ebb                f_opendir
                0x00000000c0005fbd                f_closedir
                0x00000000c0005fdf                f_readdir
                0x00000000c000607a                f_stat
                0x00000000c0006109                f_getfree
                0x00000000c00062d4                f_truncate
                0x00000000c00063cc                f_unlink
                0x00000000c000654f                f_mkdir
                0x00000000c000677b                f_rename
                0x00000000c0006a6e                f_chmod
                0x00000000c0006b4c                f_utime
                0x00000000c0006c2a                f_getlabel
                0x00000000c0006e18                f_setlabel
                0x00000000c0007085                f_expand
                0x00000000c00072bb                f_forward
                0x00000000c0007499                f_mkfs
 .text          0x00000000c00085bc       0x2f fs/fat/ffsystem.32
                0x00000000c00085bc                ff_memalloc
                0x00000000c00085d4                ff_memfree
 *fill*         0x00000000c00085eb        0x1 
 .text          0x00000000c00085ec      0x274 fs/fat/ffunicode.32
                0x00000000c00085ec                ff_uni2oem
                0x00000000c0008684                ff_oem2uni
                0x00000000c00086f8                ff_wtoupper
 .text          0x00000000c0008860       0xa7 compat/inlines.32
                0x00000000c0008860                CPU::current()
                0x00000000c000886c                operator new(unsigned long)
                0x00000000c0008871                operator delete(void*)
                0x00000000c0008876                disableIRQs()
                0x00000000c000887e                enableIRQs()
                0x00000000c000888d                lockScheduler()
                0x00000000c0008895                unlockScheduler()
                0x00000000c00088a4                lockStuff()
                0x00000000c00088b2                unlockStuff()
                0x00000000c00088ec                Virt::getAKernelVAS()
                0x00000000c00088f2                __not_memcpy
 *fill*         0x00000000c0008907        0x1 
 .text          0x00000000c0008908      0x118 compat/resolve.32
                0x00000000c0008908                Krnl::resolveCompatibilitySymbol(char*)
 .text          0x00000000c0008a20      0xad7 core/computer.32
                0x00000000c0008a20                Computer::close(int, int, void*)
                0x00000000c0008a64                Krnl::firstTask()
                0x00000000c0008bb8                Computer::Computer()
                0x00000000c0008bb8                Computer::Computer()
                0x00000000c0008d14                Computer::setBootMessage(char const*)
                0x00000000c0008d16                Computer::detectFeatures()
                0x00000000c0008f20                Computer::displayFeatures()
                0x00000000c0009266                Computer::rdmsr(unsigned int)
                0x00000000c0009292                Computer::wrmsr(unsigned int, unsigned long long)
                0x00000000c00092ca                Computer::shutdown()
                0x00000000c00092e2                Computer::restart()
                0x00000000c00092fa                Computer::sleep()
                0x00000000c000930e                Computer::nmiEnabled()
                0x00000000c000931a                Computer::readCMOS(unsigned char)
                0x00000000c0009334                Computer::enableNMI(bool)
                0x00000000c000934c                Computer::open(int, int, void*)
                0x00000000c000943a                Computer::disableNMI()
                0x00000000c0009448                Computer::writeCMOS(unsigned char, unsigned char)
                0x00000000c0009466                Computer::handleNMI()
                0x00000000c00094cc                Computer::setDiskActivityLight(int, bool)
 *fill*         0x00000000c00094f7        0x1 
 .text          0x00000000c00094f8      0x211 core/gdt.32
                0x00000000c00094f8                GDTEntry::setBase(unsigned int)
                0x00000000c0009514                GDTEntry::setLimit(unsigned int)
                0x00000000c0009532                GDT::GDT()
                0x00000000c0009532                GDT::GDT()
                0x00000000c0009548                GDT::addEntry(GDTEntry)
                0x00000000c000956a                GDT::getNumberOfEntries()
                0x00000000c0009572                GDT::flush()
                0x00000000c0009594                GDT::setup()
 .text          0x00000000c0009709       0x19 core/idle.32
                0x00000000c0009709                idleFunction(void*)
 *fill*         0x00000000c0009722        0x2 
 .text          0x00000000c0009724      0x464 core/idt.32
                0x00000000c0009724                IDTEntry::IDTEntry(bool)
                0x00000000c0009724                IDTEntry::IDTEntry(bool)
                0x00000000c0009796                IDTEntry::setOffset(unsigned int)
                0x00000000c00097ac                IDT::IDT()
                0x00000000c00097ac                IDT::IDT()
                0x00000000c00097ae                IDT::getPointerToInvalidOpcodeEntryForF00F()
                0x00000000c00097b6                IDT::addEntry(IDTEntry, int)
                0x00000000c00097d0                IDT::addEntry(int, void (*)(), bool)
                0x00000000c0009808                IDT::flush()
                0x00000000c0009822                IDT::setup()
 .text          0x00000000c0009b88      0x191 core/kheap.32
                0x00000000c0009b88                sbrk
                0x00000000c0009c2b                mmap
                0x00000000c0009c41                munmap
                0x00000000c0009c57                liballoc_lock()
                0x00000000c0009c64                liballoc_unlock()
                0x00000000c0009c78                liballoc_alloc(int)
                0x00000000c0009c90                liballoc_free(void*, int)
                0x00000000c0009cab                realloc
                0x00000000c0009cbf                malloc
                0x00000000c0009ccf                free
                0x00000000c0009cdf                rfree
                0x00000000c0009cef                calloc
 .text          0x00000000c0009d19      0x437 core/main.32
                0x00000000c0009d19                Krnl::setBootMessage(char const*)
                0x00000000c0009d85                kernel_main
 .text          0x00000000c000a150      0x668 core/physmgr.32
                0x00000000c000a150                Phys::allocateDMA(unsigned long)
                0x00000000c000a25f                Phys::freeDMA(unsigned long, unsigned long)
                0x00000000c000a2a5                Phys::setPageState(unsigned long, bool)
                0x00000000c000a2d7                Phys::getPageState(unsigned long)
                0x00000000c000a2f3                Phys::freePage(unsigned long)
                0x00000000c000a376                Phys::allocatePage()
                0x00000000c000a461                Phys::allocateContiguousPages(int)
                0x00000000c000a4bd                Phys::allowSegmentToBeUsed(unsigned long, unsigned long)
                0x00000000c000a4f5                Phys::physicalMemorySetup(unsigned int)
 .text          0x00000000c000a7b8      0x273 core/pipe.32
                0x00000000c000a7b8                Pipe::isAtty()
                0x00000000c000a7bc                Pipe::~Pipe()
                0x00000000c000a7bc                Pipe::~Pipe()
                0x00000000c000a7e0                Pipe::~Pipe()
                0x00000000c000a808                Pipe::write(unsigned long long, void*, int*)
                0x00000000c000a8c8                Pipe::read(unsigned long long, void*, int*)
                0x00000000c000a9c4                Pipe::Pipe(int)
                0x00000000c000a9c4                Pipe::Pipe(int)
 *fill*         0x00000000c000aa2b        0x1 
 .text          0x00000000c000aa2c      0xb85 core/terminal.32
                0x00000000c000aa2c                VgaText::isAtty()
                0x00000000c000aa30                VgaText::~VgaText()
                0x00000000c000aa30                VgaText::~VgaText()
                0x00000000c000aa54                VgaText::~VgaText()
                0x00000000c000aa7e                VgaText::read(unsigned long long, void*, int*)
                0x00000000c000aa9e                setTerminalScrollLock(bool)
                0x00000000c000aa9f                addToTerminalCycle(VgaText*)
                0x00000000c000aac0                installVgaTextImplementation()
                0x00000000c000aad5                scrollTerminalScrollLock(int)
                0x00000000c000aad6                VgaText::updateTitle()
                0x00000000c000ab14                VgaText::load()
                0x00000000c000ab62                VgaText::updateCursor()
                0x00000000c000ab78                VgaText::doANSI_SGR(int)
                0x00000000c000abec                VgaText::setDefaultBgColour(VgaColour)
                0x00000000c000abfc                VgaText::setDefaultFgColour(VgaColour)
                0x00000000c000ac0c                VgaText::setDefaultColours(VgaColour, VgaColour)
                0x00000000c000ac2c                VgaText::setTitleTextColour(VgaColour)
                0x00000000c000ac3c                VgaText::setTitleColour(VgaColour)
                0x00000000c000ac4c                VgaText::setTitle(char*)
                0x00000000c000ac72                VgaText::combineColours(unsigned char, unsigned char)
                0x00000000c000ac84                VgaText::scrollScreen()
                0x00000000c000ad18                VgaText::combineCharAndColour(char, unsigned char)
                0x00000000c000ad2a                VgaText::writeCharacter(char, VgaColour, VgaColour, int, int)
                0x00000000c000ad86                VgaText::getCursorX()
                0x00000000c000ad8e                VgaText::getCursorY()
                0x00000000c000ad96                VgaText::setCursor(int, int)
                0x00000000c000adad                setActiveTerminal(VgaText*)
                0x00000000c000ae0f                doTerminalCycle()
                0x00000000c000ae2a                VgaText::setCursorX(int)
                0x00000000c000ae42                VgaText::setCursorY(int)
                0x00000000c000ae5a                VgaText::incrementCursor(bool)
                0x00000000c000aeae                VgaText::decrementCursor(bool)
                0x00000000c000aed0                VgaText::putchar(char, VgaColour, VgaColour)
                0x00000000c000af9e                VgaText::doUpdate()
                0x00000000c000afac                VgaText::puts(char const*, VgaColour, VgaColour)
                0x00000000c000b124                VgaText::clearScreen()
                0x00000000c000b17e                VgaText::putchar(char)
                0x00000000c000b26a                VgaText::putx(unsigned int)
                0x00000000c000b2b0                VgaText::puts(char const*)
                0x00000000c000b2d6                VgaText::VgaText(char const*)
                0x00000000c000b2d6                VgaText::VgaText(char const*)
                0x00000000c000b452                VgaText::receiveKey(unsigned char)
                0x00000000c000b538                VgaText::write(unsigned long long, void*, int*)
                0x00000000c000b58c                newTerminal(char*)
 *fill*         0x00000000c000b5b1        0x3 
 .text          0x00000000c000b5b4      0x1a1 core/tss.32
                0x00000000c000b5b4                TSS::TSS()
                0x00000000c000b5b4                TSS::TSS()
                0x00000000c000b5c4                TSS::setESP(unsigned long)
                0x00000000c000b5d8                TSS::flush()
                0x00000000c000b5f8                TSS::setup(unsigned long, unsigned long)
 *fill*         0x00000000c000b755        0x1 
 .text          0x00000000c000b756      0x4c2 core/unixfile.32
                0x00000000c000b756                ReservedFilename::read(unsigned long long, void*, int*)
                0x00000000c000b7ac                ReservedFilename::isAtty()
                0x00000000c000b7c8                ReservedFilename::write(unsigned long long, void*, int*)
                0x00000000c000b826                UnixFile::getFileDescriptor()
                0x00000000c000b82e                UnixFile::UnixFile(int)
                0x00000000c000b82e                UnixFile::UnixFile(int)
                0x00000000c000b9de                ReservedFilename::ReservedFilename(int)
                0x00000000c000b9de                ReservedFilename::ReservedFilename(int)
                0x00000000c000ba10                UnixFile::~UnixFile()
                0x00000000c000ba10                UnixFile::~UnixFile()
                0x00000000c000baa8                UnixFile::~UnixFile()
                0x00000000c000bad0                ReservedFilename::~ReservedFilename()
                0x00000000c000bad0                ReservedFilename::~ReservedFilename()
                0x00000000c000baf4                ReservedFilename::~ReservedFilename()
                0x00000000c000bb1b                getFromFileDescriptor(int)
 .text          0x00000000c000bc18     0x124e core/virtmgr.32
                0x00000000c000bc18                Virt::setPageState(unsigned long, Virt::VirtPageState)
                0x00000000c000bc4d                Virt::getPageState(unsigned long)
                0x00000000c000bc71                Virt::allocateKernelVirtualPages(int)
                0x00000000c000bd82                Virt::freeSwapfilePage(unsigned long)
                0x00000000c000bda0                Virt::swapIDToSector(unsigned long)
                0x00000000c000bdb2                Virt::allocateSwapfilePage()
                0x00000000c000be30                Virt::virtualMemorySetup()
                0x00000000c000be7b                Virt::setupPageSwapping(int)
                0x00000000c000beec                VAS::VAS(VAS*)
                0x00000000c000beec                VAS::VAS(VAS*)
                0x00000000c000bf1a                VAS::getForeignPageTableEntry(bool, unsigned long)
                0x00000000c000bf46                VAS::getPageTableEntry(unsigned long)
                0x00000000c000bf65                Virt::freeKernelVirtualPages(unsigned long)
                0x00000000c000c088                VAS::freeAllocatedPages(unsigned long)
                0x00000000c000c0ac                VAS::virtualToPhysical(unsigned long)
                0x00000000c000c0c4                VAS::reflagRange(unsigned long, int, int, int)
                0x00000000c000c104                VAS::setToWriteCombining(unsigned long, int)
                0x00000000c000c136                VAS::mapOtherVASIn(bool, VAS*)
                0x00000000c000c160                VAS::~VAS()
                0x00000000c000c160                VAS::~VAS()
                0x00000000c000c2dc                VAS::mapPage(unsigned long, unsigned long, int)
                0x00000000c000c3e0                VAS::allocatePages(int, int)
                0x00000000c000c5b8                VAS::setCPUSpecific(unsigned long)
                0x00000000c000c5d4                VAS::mapRange(unsigned long, unsigned long, int, int)
                0x00000000c000c69a                VAS::mapForeignPage(bool, VAS*, unsigned long, unsigned long, int)
                0x00000000c000c788                VAS::VAS(bool)
                0x00000000c000c788                VAS::VAS(bool)
                0x00000000c000ca08                VAS::VAS()
                0x00000000c000ca08                VAS::VAS()
                0x00000000c000ca78                VAS::evict(unsigned long)
                0x00000000c000cb48                VAS::tryLoadBackOffDisk(unsigned long)
                0x00000000c000cc5c                VAS::scanForEviction()
                0x00000000c000cd3a                mapVASFirstTime
 .text          0x00000000c000ce66       0x95 coreobjs/c++.32
                0x00000000c000ce66                __cxa_atexit
                0x00000000c000ce69                __cxa_finalize
                0x00000000c000ce6a                __stack_chk_fail
                0x00000000c000ced6                __cxa_pure_virtual
                0x00000000c000cee7                operator new[](unsigned long)
                0x00000000c000ceec                operator delete(void*, unsigned long)
                0x00000000c000cef1                operator delete[](void*)
                0x00000000c000cef6                operator delete[](void*, unsigned long)
 .text          0x00000000c000cefb      0x1fc dbg/kconsole.32
                0x00000000c000cefb                Dbg::stringifyxWithBase(unsigned int, char*, int)
                0x00000000c000cf54                Dbg::logc(char)
                0x00000000c000cf74                Dbg::logs(char*)
                0x00000000c000cf91                Dbg::logWriteInt(unsigned int)
                0x00000000c000cfae                Dbg::logWriteIntBase(unsigned int, int)
                0x00000000c000cfcd                Dbg::kprintf(char const*, ...)
 *fill*         0x00000000c000d0f7        0x1 
 .text          0x00000000c000d0f8      0xcac fs/vfs.32
                0x00000000c000d0f8                File::read(unsigned long long, void*, int*)
                0x00000000c000d150                File::write(unsigned long long, void*, int*)
                0x00000000c000d1a8                Directory::read(unsigned long long, void*, int*)
                0x00000000c000d200                Directory::write(unsigned long long, void*, int*)
                0x00000000c000d22e                File::isAtty()
                0x00000000c000d232                Directory::isAtty()
                0x00000000c000d236                Filesystem::getlabel(LogicalDisk*, int, char*, unsigned int*)
                0x00000000c000d23c                Filesystem::setlabel(LogicalDisk*, int, char*)
                0x00000000c000d242                Filesystem::allocateSwapfile(char const*, int)
                0x00000000c000d248                File::~File()
                0x00000000c000d248                File::~File()
                0x00000000c000d26c                File::~File()
                0x00000000c000d296                Directory::~Directory()
                0x00000000c000d296                Directory::~Directory()
                0x00000000c000d2ba                Directory::~Directory()
                0x00000000c000d2e4                Filesystem::Filesystem()
                0x00000000c000d2e4                Filesystem::Filesystem()
                0x00000000c000d308                Filesystem::~Filesystem()
                0x00000000c000d308                Filesystem::~Filesystem()
                0x00000000c000d316                Filesystem::~Filesystem()
                0x00000000c000d33a                Fs::getcwd(Process*, char*, int)
                0x00000000c000d364                Fs::initVFS()
                0x00000000c000d38e                Fs::standardiseFiles(char*, char const*, char const*)
                0x00000000c000d538                File::File(char const*, Process*)
                0x00000000c000d538                File::File(char const*, Process*)
                0x00000000c000d612                File::open(FileOpenMode)
                0x00000000c000d670                File::close()
                0x00000000c000d6d0                File::seek(unsigned long long)
                0x00000000c000d726                File::tell(unsigned long long*)
                0x00000000c000d776                File::rewind()
                0x00000000c000d78a                File::unlink()
                0x00000000c000d7d6                File::rename(char const*)
                0x00000000c000d824                File::chfatattr(unsigned char, unsigned char)
                0x00000000c000d880                File::exists()
                0x00000000c000d8be                File::stat(unsigned long long*, bool*)
                0x00000000c000d91f                Fs::setcwd(Process*, char*)
                0x00000000c000da98                Directory::Directory(char const*, Process*)
                0x00000000c000da98                Directory::Directory(char const*, Process*)
                0x00000000c000db72                Directory::open()
                0x00000000c000dbce                Directory::close()
                0x00000000c000dc2e                Directory::unlink()
                0x00000000c000dc7a                Directory::rename(char const*)
                0x00000000c000dcc8                Directory::exists()
                0x00000000c000dd06                Directory::read(dirent*)
                0x00000000c000dd52                Directory::create()
                0x00000000c000dd9e                Filesystem::chfatattr(char const*, unsigned char, unsigned char)
 .text          0x00000000c000dda4       0x86 hal/bus.32
                0x00000000c000dda4                Bus::Bus(char const*)
                0x00000000c000dda4                Bus::Bus(char const*)
                0x00000000c000dddc                Bus::~Bus()
                0x00000000c000dddc                Bus::~Bus()
                0x00000000c000de00                Bus::~Bus()
 .text          0x00000000c000de2a       0x96 hal/buzzer.32
                0x00000000c000de2a                beepThread(void*)
                0x00000000c000de67                Krnl::beep(int, int, bool)
 .text          0x00000000c000dec0      0x467 hal/clock.32
                0x00000000c000dec0                User::loadClockSettings(int)
                0x00000000c000df12                Clock::Clock(char const*)
                0x00000000c000df12                Clock::Clock(char const*)
                0x00000000c000df48                Clock::~Clock()
                0x00000000c000df48                Clock::~Clock()
                0x00000000c000df6c                Clock::~Clock()
                0x00000000c000df96                Clock::timeInSecondsLocal()
                0x00000000c000dfde                Clock::setTimeInSecondsLocal(unsigned long long)
                0x00000000c000e037                datetimeToSeconds(datetime_t)
                0x00000000c000e15e                Clock::setTimeInDatetimeLocal(datetime_t)
                0x00000000c000e1be                secondsToDatetime(unsigned long long)
                0x00000000c000e302                Clock::timeInDatetimeLocal()
 *fill*         0x00000000c000e327        0x1 
 .text          0x00000000c000e328      0x504 hal/device.32
                0x00000000c000e328                Device::hibernate()
                0x00000000c000e32a                Device::wake()
                0x00000000c000e32c                Device::detect()
                0x00000000c000e32e                Device::disableLegacy()
                0x00000000c000e330                Device::powerSaving(PowerSavingLevel)
                0x00000000c000e332                DriverlessDevice::close(int, int, void*)
                0x00000000c000e336                DriverlessDevice::detect()
                0x00000000c000e338                DriverlessDevice::open(int, int, void*)
                0x00000000c000e34c                Device::~Device()
                0x00000000c000e34c                Device::~Device()
                0x00000000c000e35a                Device::~Device()
                0x00000000c000e382                Device::findAndLoadDriver()
                0x00000000c000e390                Device::preOpenPCI(PCIDeviceInfo)
                0x00000000c000e3b6                Device::preOpenACPI(void*, char*, char*)
                0x00000000c000e3f6                Device::addIRQHandler(int, void (*)(regs*, void*), bool, void*)
                0x00000000c000e434                Device::getParent()
                0x00000000c000e440                Device::removeIRQHandler(int, void (*)(regs*, void*), bool)
                0x00000000c000e47e                Device::addChild(Device*)
                0x00000000c000e4c2                Device::removeAllChildren()
                0x00000000c000e508                Device::hibernateAll()
                0x00000000c000e538                Device::wakeAll()
                0x00000000c000e568                Device::detectAll()
                0x00000000c000e598                Device::disableLegacyAll()
                0x00000000c000e5c8                Device::loadDriversForAll()
                0x00000000c000e608                Device::closeAll()
                0x00000000c000e63e                Device::powerSavingAll(PowerSavingLevel)
                0x00000000c000e674                Device::setName(char const*)
                0x00000000c000e682                Device::Device(char const*)
                0x00000000c000e682                Device::Device(char const*)
                0x00000000c000e77e                Device::getName()
                0x00000000c000e788                DriverlessDevice::DriverlessDevice(char const*)
                0x00000000c000e788                DriverlessDevice::DriverlessDevice(char const*)
                0x00000000c000e7be                Device::addToLinkedList(LinkedList<Device>&, DeviceType)
                0x00000000c000e802                getDevicesOfType(DeviceType)
 .text          0x00000000c000e82c       0x86 hal/diskctrl.32
                0x00000000c000e82c                HardDiskController::HardDiskController(char const*)
                0x00000000c000e82c                HardDiskController::HardDiskController(char const*)
                0x00000000c000e864                HardDiskController::~HardDiskController()
                0x00000000c000e864                HardDiskController::~HardDiskController()
                0x00000000c000e888                HardDiskController::~HardDiskController()
 .text          0x00000000c000e8b2       0xe2 hal/diskphys.32
                0x00000000c000e8b2                PhysicalDisk::eject()
                0x00000000c000e8b6                PhysicalDisk::PhysicalDisk(char const*, int)
                0x00000000c000e8b6                PhysicalDisk::PhysicalDisk(char const*, int)
                0x00000000c000e91e                PhysicalDisk::startCache()
                0x00000000c000e946                PhysicalDisk::~PhysicalDisk()
                0x00000000c000e946                PhysicalDisk::~PhysicalDisk()
                0x00000000c000e96a                PhysicalDisk::~PhysicalDisk()
 .text          0x00000000c000e994        0x0 hal/fpu.32
 .text          0x00000000c000e994     0x1165 hal/intctrl.32
                0x00000000c000e994                InterruptController::uninstallISRHandler(int, void (*)(regs*, void*))
                0x00000000c000e9cc                InterruptController::installISRHandler(int, void (*)(regs*, void*), void*)
                0x00000000c000ea1e                doubleFault(regs*, void*)
                0x00000000c000ea38                InterruptController::installIRQHandler(int, void (*)(regs*, void*), bool, void*)
                0x00000000c000ead4                InterruptController::clearAllHandlers(int, bool)
                0x00000000c000eb7c                InterruptController::uninstallIRQHandler(int, void (*)(regs*, void*), bool)
                0x00000000c000ec03                nmiHandler(regs*, void*)
                0x00000000c000ec11                int_handler
                0x00000000c000ecac                InterruptController::InterruptController(char const*)
                0x00000000c000ecac                InterruptController::InterruptController(char const*)
                0x00000000c000ed52                InterruptController::~InterruptController()
                0x00000000c000ed52                InterruptController::~InterruptController()
                0x00000000c000ed76                InterruptController::~InterruptController()
                0x00000000c000eda0                displayDebugInfo(regs*)
                0x00000000c000f22f                gpFault(regs*, void*)
                0x00000000c000f268                pgFault(regs*, void*)
                0x00000000c000f2b7                otherISRHandler(regs*, void*)
                0x00000000c000f2d6                opcodeFault(regs*, void*)
                0x00000000c000f6b0                displayProgramFault(char const*)
                0x00000000c000f6d8                setupInterruptController()
                0x00000000c000faac                InterruptController::convertLegacyIRQNumber(int)
 *fill*         0x00000000c000faf9        0x1 
 .text          0x00000000c000fafa      0x778 hal/keybrd.32
                0x00000000c000fafa                startGUI(void*)
                0x00000000c000fb66                startGUIVESA(void*)
                0x00000000c000fbd2                sendKeyToTerminal(unsigned char)
                0x00000000c000fc90                sendKeyboardToken(KeyboardToken)
                0x00000000c00100c2                clearInternalKeybuffer(VgaText*)
                0x00000000c00100f7                readKeyboard(VgaText*, char*, unsigned long)
                0x00000000c00101e8                Keyboard::Keyboard(char const*)
                0x00000000c00101e8                Keyboard::Keyboard(char const*)
                0x00000000c0010224                Keyboard::~Keyboard()
                0x00000000c0010224                Keyboard::~Keyboard()
                0x00000000c0010248                Keyboard::~Keyboard()
 .text          0x00000000c0010272      0x42a hal/logidisk.32
                0x00000000c0010272                LogicalDisk::close(int, int, void*)
                0x00000000c0010276                LogicalDisk::~LogicalDisk()
                0x00000000c0010276                LogicalDisk::~LogicalDisk()
                0x00000000c001029a                LogicalDisk::~LogicalDisk()
                0x00000000c00102c4                LogicalDisk::open(int, int, void*)
                0x00000000c00102d8                LogicalDisk::absoluteToRelative(unsigned long long)
                0x00000000c0010310                LogicalDisk::relativeToAbsolute(unsigned long long)
                0x00000000c0010356                LogicalDisk::LogicalDisk(char const*, PhysicalDisk*, unsigned long long, unsigned long long)
                0x00000000c0010356                LogicalDisk::LogicalDisk(char const*, PhysicalDisk*, unsigned long long, unsigned long long)
                0x00000000c001040c                LogicalDisk::assignDriveLetter()
                0x00000000c00104c2                LogicalDisk::mount()
                0x00000000c001054a                LogicalDisk::unmount()
                0x00000000c001055a                LogicalDisk::eject()
                0x00000000c001056e                LogicalDisk::unassignDriveLetter()
                0x00000000c00105c4                LogicalDisk::read(unsigned long long, int, void*)
                0x00000000c0010630                LogicalDisk::write(unsigned long long, int, void*)
 .text          0x00000000c001069c       0x86 hal/mouse.32
                0x00000000c001069c                Mouse::Mouse(char const*)
                0x00000000c001069c                Mouse::Mouse(char const*)
                0x00000000c00106d4                Mouse::~Mouse()
                0x00000000c00106d4                Mouse::~Mouse()
                0x00000000c00106f8                Mouse::~Mouse()
 .text          0x00000000c0010722      0x339 hal/partition.32
                0x00000000c0010722                makePartition(PhysicalDisk*, unsigned long long, unsigned long long)
                0x00000000c00107ca                createPartitionsForDisk(PhysicalDisk*)
 *fill*         0x00000000c0010a5b        0x1 
 .text          0x00000000c0010a5c       0x86 hal/serial.32
                0x00000000c0010a5c                Serial::Serial(char const*)
                0x00000000c0010a5c                Serial::Serial(char const*)
                0x00000000c0010a94                Serial::~Serial()
                0x00000000c0010a94                Serial::~Serial()
                0x00000000c0010ab8                Serial::~Serial()
 *fill*         0x00000000c0010ae2        0x2 
 .text          0x00000000c0010ae4      0x2f2 hal/timer.32
                0x00000000c0010ae4                Timer::Timer(char const*)
                0x00000000c0010ae4                Timer::Timer(char const*)
                0x00000000c0010b1c                Timer::~Timer()
                0x00000000c0010b1c                Timer::~Timer()
                0x00000000c0010b40                Timer::~Timer()
                0x00000000c0010b6a                Timer::read()
                0x00000000c0010b75                timerHandler(unsigned int)
                0x00000000c0010cdc                setupTimer(int)
 *fill*         0x00000000c0010dd6        0x2 
 .text          0x00000000c0010dd8      0x43e hal/vcache.32
                0x00000000c0010dd8                VCache::VCache(PhysicalDisk*)
                0x00000000c0010dd8                VCache::VCache(PhysicalDisk*)
                0x00000000c0010f40                VCache::invalidateReadBuffer()
                0x00000000c0010f50                VCache::writeWriteBuffer()
                0x00000000c0010f9c                VCache::~VCache()
                0x00000000c0010f9c                VCache::~VCache()
                0x00000000c0010ff0                VCache::~VCache()
                0x00000000c0011018                VCache::write(unsigned long long, int, void*)
                0x00000000c0011112                VCache::read(unsigned long long, int, void*)
 .text          0x00000000c0011216      0x4b3 hal/video.32
                0x00000000c0011216                Video::putrect(int, int, int, int, unsigned int)
                0x00000000c0011262                Video::bitblit(int, int, int, int, int, int, int, unsigned int*)
                0x00000000c00112d2                Video::blit(unsigned int*, int, int, int, int)
                0x00000000c0011350                Video::clearScreen(unsigned int)
                0x00000000c0011384                Video::putpixel(int, int, unsigned int)
                0x00000000c0011392                Video::Video(char const*)
                0x00000000c0011392                Video::Video(char const*)
                0x00000000c00113c8                Video::~Video()
                0x00000000c00113c8                Video::~Video()
                0x00000000c00113ec                Video::~Video()
                0x00000000c0011416                Video::isMonochrome()
                0x00000000c0011422                Video::getWidth()
                0x00000000c001142e                Video::getHeight()
                0x00000000c001143a                Video::drawCursor(int, int, unsigned char*, int)
                0x00000000c00114f6                Video::tgaParse(unsigned char*, int, int*, int*)
                0x00000000c001165e                Video::putTGA(int, int, unsigned char*, int)
 *fill*         0x00000000c00116c9        0x3 
 .text          0x00000000c00116cc     0x1707 hw/acpi.32
                0x00000000c00116cc                ACPI::close(int, int, void*)
                0x00000000c0011780                findRSDP()
                0x00000000c0011854                loadACPITables(unsigned char*)
                0x00000000c0011ab8                findRSDT(unsigned char*)
                0x00000000c0011c78                findDataTable(unsigned char*, char*)
                0x00000000c0011cf0                scanMADT()
                0x00000000c00121cc                ACPI::ACPI()
                0x00000000c00121cc                ACPI::ACPI()
                0x00000000c0012230                ACPI::getPCIIRQAssignment(unsigned char, unsigned short, unsigned char)
                0x00000000c0012318                ACPI::registerPCIIRQAssignment(void*, unsigned short, unsigned char, unsigned char)
                0x00000000c00123e0                ACPI::setScreenBrightnessLevel(void*, int)
                0x00000000c00123e8                ACPI::detectPCI()
                0x00000000c00128cc                ACPI::writeSimpleBootFlag(SimpleBootFlagTable*)
                0x00000000c0012914                ACPI::sleep()
                0x00000000c0012950                ACPI::open(int, int, void*)
 *fill*         0x00000000c0012dd3        0x1 
 .text          0x00000000c0012dd4     0x1861 hw/cpu.32
                0x00000000c0012dd4                CPU::close(int, int, void*)
                0x00000000c0012dd8                CPU::lookupAMDName(unsigned char, unsigned char)
                0x00000000c0012f6c                CPU::lookupIntelName(unsigned char, unsigned char)
                0x00000000c001321a                CPU::AMD_K6_write_msr(unsigned int, unsigned int, unsigned int, CPU::REGS*)
                0x00000000c0013236                CPU::AMD_K6_read_msr(unsigned int, CPU::REGS*)
                0x00000000c001324e                CPU::AMD_K6_writeback(int, int, int)
                0x00000000c00132c2                CPU::cpuid(int, unsigned long*, unsigned long*, unsigned long*, unsigned long*)
                0x00000000c0013346                CPU::cpuidCheckEDX(unsigned int)
                0x00000000c0013374                CPU::cpuidCheckECX(unsigned int)
                0x00000000c00133a2                CPU::cpuidCheckExtendedEBX(unsigned int)
                0x00000000c00133d0                CPU::cpuidCheckExtendedECX(unsigned int)
                0x00000000c00133fe                CPU::CPU()
                0x00000000c00133fe                CPU::CPU()
                0x00000000c001348c                CPU::displayFeatures()
                0x00000000c001372c                CPU::detectFeatures()
                0x00000000c0014156                CPU::setupSMEP()
                0x00000000c0014162                CPU::setupUMIP()
                0x00000000c001416c                CPU::setupTSC()
                0x00000000c0014176                CPU::setupLargePages()
                0x00000000c0014180                CPU::setupPAT()
                0x00000000c00141bc                CPU::setupMTRR()
                0x00000000c00141be                CPU::setupGlobalPages()
                0x00000000c00141c8                CPU::allowUsermodeDataAccess()
                0x00000000c00141da                CPU::prohibitUsermodeDataAccess()
                0x00000000c00141ec                CPU::setupSMAP()
                0x00000000c00141fa                CPU::setupFeatures()
                0x00000000c00142c6                CPU::open(int, int, void*)
                0x00000000c001443a                CPU::decodeAddress(regs*, int*, bool*, unsigned char*)
 .text          0x00000000c0014635      0x16a hw/smp.32
                0x00000000c0014635                Krnl::smpEntry()
                0x00000000c0014637                Krnl::startCPU(int)
                0x00000000c0014780                Krnl::startCPUs()
 *fill*         0x00000000c001479f        0x1 
 .text          0x00000000c00147a0      0x581 krnl/env.32
                0x00000000c00147a0                EnvVarContainer::getEnv(char const*)
                0x00000000c00147de                EnvVarContainer::setEnv(char const*, char const*)
                0x00000000c00148a0                EnvVarContainer::deleteEnv(char const*)
                0x00000000c00148a2                EnvVarContainer::loadFrom(char const*, char const*)
                0x00000000c0014a88                EnvVarContainer::__loadSystem()
                0x00000000c0014aa2                EnvVarContainer::__loadUser()
                0x00000000c0014aa4                EnvVarContainer::EnvVarContainer(Process*)
                0x00000000c0014aa4                EnvVarContainer::EnvVarContainer(Process*)
                0x00000000c0014ac6                EnvVarContainer::~EnvVarContainer()
                0x00000000c0014ac6                EnvVarContainer::~EnvVarContainer()
                0x00000000c0014af6                Krnl::getEnv(Process*, char const*)
                0x00000000c0014b5b                Krnl::setEnvSystem(char const*, char const*)
                0x00000000c0014b75                Krnl::setEnvUser(char const*, char const*)
                0x00000000c0014b94                Krnl::setEnvProcess(Process*, char const*, char const*)
                0x00000000c0014ba7                Krnl::deleteEnvSystem(char const*)
                0x00000000c0014ba8                Krnl::deleteEnvUser(char const*)
                0x00000000c0014ba9                Krnl::deleteEnvProcess(Process*, char const*)
                0x00000000c0014baa                Krnl::newProcessEnv(Process*)
                0x00000000c0014bcc                Krnl::copyProcessEnv(Process*, Process*)
                0x00000000c0014c18                Krnl::loadSystemEnv()
                0x00000000c0014c46                Krnl::loadUserEnv()
                0x00000000c0014c6c                Krnl::flushEnv()
                0x00000000c0014c6d                Krnl::getProcessTotalEnvCount(Process*)
                0x00000000c0014c8d                Krnl::getProcessEnvPair(Process*, int)
 .text          0x00000000c0014d21      0x243 krnl/panic.32
                0x00000000c0014d21                Krnl::panic(char const*)
 .text          0x00000000c0014f64      0x194 krnl/powctrl.32
                0x00000000c0014f64                Krnl::powerThread(void*)
                0x00000000c0014fe4                Krnl::changePowerSettings(Krnl::PowerSettings)
                0x00000000c0014ffa                Krnl::userIOReceived()
                0x00000000c0015005                Krnl::handlePowerButton()
                0x00000000c001503a                Krnl::handleSleepButton()
                0x00000000c001506f                Krnl::setupPowerManager()
 .text          0x00000000c00150f8      0x50e reg/registry.32
                0x00000000c00150f8                Reg::findLineFromLoadedData(char*, char*, char*)
                0x00000000c0015250                Reg::getLineFromRegistry(char*, char*, char*, char*)
                0x00000000c00153a5                Reg::getLine(char*, char*, char*)
                0x00000000c00153dc                Reg::readInt(char*, char*, int*)
                0x00000000c00154c7                Reg::readString(char*, char*, char*, int)
                0x00000000c0015548                Reg::readBool(char*, char*, bool*)
                0x00000000c001556d                Reg::readBoolWithDefault(char*, char*, bool)
                0x00000000c0015599                Reg::readIntWithDefault(char*, char*, int)
                0x00000000c00155c5                Reg::readStringWithDefault(char*, char*, char*, int, char*)
 .text          0x00000000c0015606       0x36 sys/sc_eject.32
                0x00000000c0015606                Sys::eject(regs*)
 .text          0x00000000c001563c       0x18 sys/sc_exit.32
                0x00000000c001563c                Sys::exit(regs*)
 .text          0x00000000c0015654       0x1f sys/sc_getcwd.32
                0x00000000c0015654                Sys::getCwd(regs*)
 .text          0x00000000c0015673        0xc sys/sc_getpid.32
                0x00000000c0015673                Sys::getPID(regs*)
 .text          0x00000000c001567f       0x1a sys/sc_getramdata.32
                0x00000000c001567f                Sys::getRAMData(regs*)
 .text          0x00000000c0015699       0x84 sys/sc_getvgaptr.32
                0x00000000c0015699                Sys::getVGAPtr(regs*)
 .text          0x00000000c001571d       0xa8 sys/sc_loaddll.32
                0x00000000c001571d                Sys::loadDLL(regs*)
 .text          0x00000000c00157c5       0x68 sys/sc_read.32
                0x00000000c00157c5                Sys::read(regs*)
 .text          0x00000000c001582d       0x55 sys/sc_sbrk.32
                0x00000000c001582d                Sys::sbrk(regs*)
 .text          0x00000000c0015882       0x1c sys/sc_setcwd.32
                0x00000000c0015882                Sys::setCwd(regs*)
 .text          0x00000000c001589e       0x95 sys/sc_settime.32
                0x00000000c001589e                Sys::setTime(regs*)
 .text          0x00000000c0015933       0x4a sys/sc_timezone.32
                0x00000000c0015933                Sys::timezone(regs*)
 .text          0x00000000c001597d       0x68 sys/sc_write.32
                0x00000000c001597d                Sys::write(regs*)
 .text          0x00000000c00159e5       0x62 sys/sc_wsbe.32
                0x00000000c00159e5                Sys::wsbe(regs*)
 .text          0x00000000c0015a47       0x38 sys/sc_yield.32
                0x00000000c0015a47                Sys::yield(regs*)
 .text          0x00000000c0015a7f      0xf8e sys/syscalls.32
                0x00000000c0015a7f                sysCallSeekDir(regs*)
                0x00000000c0015a84                sysCallTellDir(regs*)
                0x00000000c0015a89                sysCallVerify(regs*)
                0x00000000c0015a93                sysCallGetArgc(regs*)
                0x00000000c0015aa3                sysFormatDisk(regs*)
                0x00000000c0015b0d                sysSetDiskVolumeLabel(regs*)
                0x00000000c0015b57                sysGetDiskVolumeLabel(regs*)
                0x00000000c0015bac                sysShutdown(regs*)
                0x00000000c0015c0a                sysCallRealpath(regs*)
                0x00000000c0015c4d                sysCallReadDir(regs*)
                0x00000000c0015ccc                sysCallIsATTY(regs*)
                0x00000000c0015d26                sysCallSeek(regs*)
                0x00000000c0015d7d                sysCallTell(regs*)
                0x00000000c0015de9                sysCallSize(regs*)
                0x00000000c0015e5b                sysCallSizeFromFilename(regs*)
                0x00000000c0015f0a                sysCallClose(regs*)
                0x00000000c0015f6a                sysCallOpenDir(regs*)
                0x00000000c0015fdf                sysCallCloseDir(regs*)
                0x00000000c0016033                sysCallMakeDir(regs*)
                0x00000000c00160a3                sysCallWait(regs*)
                0x00000000c00160bd                sysCallNotImpl(regs*)
                0x00000000c00160d8                sysPanic(regs*)
                0x00000000c00160f2                sysCallRmdir(regs*)
                0x00000000c0016156                sysCallUnlink(regs*)
                0x00000000c00161ba                sysCallGetArgv(regs*)
                0x00000000c0016206                sysCallTTYName(regs*)
                0x00000000c0016289                sysCallUSleep(regs*)
                0x00000000c00162b2                sysCallSpawn(regs*)
                0x00000000c001631a                sysCallGetEnv(regs*)
                0x00000000c00163c7                sysAppSettings(regs*)
                0x00000000c00164db                sysSetFatAttrib(regs*)
                0x00000000c001654d                sysPipe(regs*)
                0x00000000c0016592                sysGetUnixTime(regs*)
                0x00000000c00165a6                string_ends_with(char const*, char const*)
                0x00000000c00165ee                sysCallOpen(regs*)
                0x00000000c00167d6                Sys::loadSyscalls()
                0x00000000c00169cb                Sys::systemCall(regs*, void*)
 .text          0x00000000c0016a0d     0x1203 thr/elf.32
                0x00000000c0016a0d                Thr::allocateMemoryForTask(Process*, File*, unsigned long, unsigned long, unsigned long)
                0x00000000c0016cb7                Thr::loadProgramIntoMemory(Process*, char const*)
                0x00000000c0016ecd                Thr::runtimeReferenceHelper()
                0x00000000c0016ee0                Thr::getAddressOfKernelSymbol(char const*)
                0x00000000c0016f2f                Thr::loadKernelSymbolTable(char const*)
                0x00000000c00171ed                Thr::loadDriverIntoMemory(char const*, unsigned long, bool)
                0x00000000c0017923                Thr::getDriverBaseFromAddress(unsigned long)
                0x00000000c0017955                Thr::getDriverNameFromAddress(unsigned long)
                0x00000000c001798c                Thr::getDriverOffsetFromAddress(unsigned long)
                0x00000000c00179a6                Thr::loadDLL(char const*, bool)
                0x00000000c0017bd7                Thr::executeDLL(unsigned long, void*)
 .text          0x00000000c0017c10     0x12a1 thr/prcssthr.32
                0x00000000c0017c10                userModeEntryPoint(void*)
                0x00000000c0017c38                changeTSS
                0x00000000c0017c68                switchToThread(ThreadControlBlock*)
                0x00000000c0017d14                Process::addArgs(char**)
                0x00000000c0017d74                Process::Process(char const*, Process*, char**)
                0x00000000c0017d74                Process::Process(char const*, Process*, char**)
                0x00000000c0017f60                Process::Process(bool, char const*, Process*, char**)
                0x00000000c0017f60                Process::Process(bool, char const*, Process*, char**)
                0x00000000c0018118                taskStartupFunction
                0x00000000c0018124                Semaphore::Semaphore(int)
                0x00000000c0018124                Semaphore::Semaphore(int)
                0x00000000c0018154                Mutex::Mutex()
                0x00000000c0018154                Mutex::Mutex()
                0x00000000c0018168                Process::createThread(void (*)(void*), void*, int)
                0x00000000c0018260                Process::createUserThread()
                0x00000000c001827c                setupMultitasking(void (*)())
                0x00000000c0018384                schedule()
                0x00000000c0018410                Semaphore::tryAcquire()
                0x00000000c00184dc                Semaphore::assertLocked(char const*)
                0x00000000c0018554                blockTaskWithSchedulerLockAlreadyHeld(TaskState)
                0x00000000c001857c                blockTask(TaskState)
                0x00000000c00185ac                waitTask(int, int*, int)
                0x00000000c00185f0                milliTenthSleepUntil(unsigned int)
                0x00000000c001867c                milliTenthSleep(unsigned int)
                0x00000000c001868c                sleep(unsigned int)
                0x00000000c00186a8                Semaphore::acquire()
                0x00000000c0018764                taskReturned
                0x00000000c00187a0                Thr::processFromPID(int)
                0x00000000c0018840                unblockTask(ThreadControlBlock*)
                0x00000000c00188e4                cleanupTerminatedTask(ThreadControlBlock*)
                0x00000000c0018bac                cleanerTaskFunction(void*)
                0x00000000c0018c9c                terminateTask(int)
                0x00000000c0018d68                Thr::terminateFromIRQ(int)
                0x00000000c0018d74                Semaphore::release()
 .text          0x00000000c0018eb1      0xb93 vm86/vm8086.32
                0x00000000c0018eb1                Vm::inbv(unsigned short)
                0x00000000c0018ec4                Vm::outbv(unsigned short, unsigned char)
                0x00000000c0018efa                Vm::realToLinear(unsigned short, unsigned short)
                0x00000000c0018f0a                Vm::getSegment(unsigned int)
                0x00000000c0018f12                Vm::getOffset(unsigned int)
                0x00000000c0018f17                Vm::mainloop2()
                0x00000000c0018f51                Vm::mainVm8086Loop(void*)
                0x00000000c0018f61                Vm::mainloop3(unsigned long)
                0x00000000c0018f87                Vm::initialise8086()
                0x00000000c0018fca                Vm::finish8086()
                0x00000000c001902b                Vm::getOutput8086(unsigned char*)
                0x00000000c0019050                Vm::start8086FromBuffer(unsigned char*, int, unsigned short, unsigned short, unsigned short, unsigned short)
                0x00000000c0019109                Vm::start8086(char const*, unsigned short, unsigned short, unsigned short, unsigned short)
                0x00000000c0019271                Vm::doISR(regs*, int, unsigned char*, unsigned short, unsigned short)
                0x00000000c00192fb                Vm::readByteFromReal(unsigned short, unsigned short)
                0x00000000c001930c                Vm::readWordFromReal(unsigned short, unsigned short)
                0x00000000c001931e                Vm::readDwordFromReal(unsigned short, unsigned short)
                0x00000000c001932f                Vm::writeByteFromReal(unsigned short, unsigned short, unsigned char)
                0x00000000c0019344                Vm::writeWordFromReal(unsigned short, unsigned short, unsigned short)
                0x00000000c001935a                Vm::writeDwordFromReal(unsigned short, unsigned short, unsigned int)
                0x00000000c001936f                Vm::faultHandler(regs*)
 .text          0x00000000c0019a44      0xfcd vm86/x87em.32
                0x00000000c0019a44                Vm::fpuInternalTo32(unsigned long long)
                0x00000000c0019aa2                Vm::fpuInternalTo64(unsigned long long)
                0x00000000c0019aab                Vm::fpu32ToInternal(unsigned int)
                0x00000000c0019af0                Vm::fpu64ToInternal(unsigned long long)
                0x00000000c0019af9                Vm::fpuFloatToLong(unsigned long long)
                0x00000000c0019b58                Vm::fpuULongToFloat(unsigned long long)
                0x00000000c0019b94                Vm::fpuLongToFloat(long long)
                0x00000000c0019bf3                Vm::fpuGet0()
                0x00000000c0019bf8                Vm::fpuGet1()
                0x00000000c0019c00                Vm::fpuGetPi()
                0x00000000c0019c08                Vm::fpuGetLog2E()
                0x00000000c0019c20                Vm::fpuGetLogE2()
                0x00000000c0019c38                Vm::fpuGetLog210()
                0x00000000c0019c50                Vm::fpuGetLog102()
                0x00000000c0019c68                Vm::fpuIsSecondLarger(unsigned long long, unsigned long long)
                0x00000000c0019c7c                Vm::fpuAreEqual(unsigned long long, unsigned long long)
                0x00000000c0019c92                Vm::fpuUnorderedCompare(unsigned long long, unsigned long long)
                0x00000000c0019ce8                Vm::fpuAdd(unsigned long long, unsigned long long)
                0x00000000c0019cf9                Vm::fpuAbs(unsigned long long)
                0x00000000c0019d02                Vm::fpuChs(unsigned long long)
                0x00000000c0019d12                Vm::fpuSub(unsigned long long, unsigned long long)
                0x00000000c0019d21                Vm::fpuMultiply(unsigned long long, unsigned long long)
                0x00000000c0019d40                Vm::fpuDivide(unsigned long long, unsigned long long)
                0x00000000c0019d5c                Vm::fpuSquare(unsigned long long)
                0x00000000c0019d72                Vm::fpuGetReg(int)
                0x00000000c0019db5                Vm::fpuSetReg(int, unsigned long long)
                0x00000000c0019e01                Vm::fpuPush(unsigned long long)
                0x00000000c0019e5f                Vm::fpuPop()
                0x00000000c0019eb2                Vm::x87Handler(regs*)
 .text          0x00000000c001aa11      0x281 arch/i386/hal.32
                0x00000000c001aa11                Hal::noCopro(unsigned long)
                0x00000000c001aa12                Hal::noTSC()
                0x00000000c001aa17                Hal::readTSC()
                0x00000000c001aa1a                i386SaveCoprocessor(void*)
                0x00000000c001aa2e                i386LoadCoprocessor(void*)
                0x00000000c001aa42                x87EmulHandler(regs*, void*)
                0x00000000c001ab02                Hal::initialiseCoprocessor()
                0x00000000c001abec                Hal::panic(char const*)
                0x00000000c001abf1                Hal::initialise()
                0x00000000c001ac24                Hal::makeBeep(int)
                0x00000000c001ac5e                Hal::getRand()
                0x00000000c001ac61                Hal::endOfInterrupt(int)
 *fill*         0x00000000c001ac92        0x2 
 .text          0x00000000c001ac94      0x2b4 arch/i386/pic.32
                0x00000000c001ac94                picIoWait()
                0x00000000c001ac9c                picDisable()
                0x00000000c001acd0                picGetIRQReg(int)
                0x00000000c001ad4c                picRemap()
                0x00000000c001aea8                picEOI(int)
 .text          0x00000000c001af48     0x13b7 fs/fat/vfslink.32
                0x00000000c001af48                FAT::getName()
                0x00000000c001af50                FAT::tell(void*, unsigned long long*)
                0x00000000c001af8c                FAT::stat(void*, unsigned long long*)
                0x00000000c001afc8                FAT::~FAT()
                0x00000000c001afc8                FAT::~FAT()
                0x00000000c001afec                FAT::~FAT()
                0x00000000c001b014                FAT::getlabel(LogicalDisk*, int, char*, unsigned int*)
                0x00000000c001b0b8                FAT::setlabel(LogicalDisk*, int, char*)
                0x00000000c001b17c                FAT::format(LogicalDisk*, int, char const*, int)
                0x00000000c001b350                FAT::tryMount(LogicalDisk*, int)
                0x00000000c001b568                FAT::allocateSwapfile(char const*, int)
                0x00000000c001b724                FAT::readDir(void*, unsigned long, void*, int*)
                0x00000000c001b890                FAT::read(void*, unsigned long, void*, int*)
                0x00000000c001b8f0                FAT::write(void*, unsigned long, void*, int*)
                0x00000000c001b950                FAT::close(void*)
                0x00000000c001b9a4                FAT::closeDir(void*)
                0x00000000c001b9f8                FAT::seek(void*, unsigned long long)
                0x00000000c001ba54                fatWrapperReadDisk
                0x00000000c001ba9c                fatWrapperWriteDisk
                0x00000000c001bae4                fatWrapperIoctl
                0x00000000c001bbf4                FAT::FAT()
                0x00000000c001bbf4                FAT::FAT()
                0x00000000c001bc48                FAT::fixFilepath(char*)
                0x00000000c001bc84                FAT::open(char const*, void**, FileOpenMode)
                0x00000000c001bdb8                FAT::openDir(char const*, void**)
                0x00000000c001be68                FAT::stat(char const*, unsigned long long*, bool*)
                0x00000000c001bf5c                FAT::unlink(char const*)
                0x00000000c001bfdc                FAT::chfatattr(char const*, unsigned char, unsigned char)
                0x00000000c001c144                FAT::rename(char const*, char const*)
                0x00000000c001c210                FAT::mkdir(char const*)
                0x00000000c001c290                FAT::exists(char const*)
 *fill*         0x00000000c001c2ff        0x1 
 .text          0x00000000c001c300      0xba7 fs/iso9660/vfslink.32
                0x00000000c001c300                ISO9660::format(LogicalDisk*, int, char const*, int)
                0x00000000c001c306                ISO9660::seek(void*, unsigned long long)
                0x00000000c001c336                ISO9660::tell(void*, unsigned long long*)
                0x00000000c001c35a                ISO9660::getName()
                0x00000000c001c360                ISO9660::stat(void*, unsigned long long*)
                0x00000000c001c384                ISO9660::chfatattr(char const*, unsigned char, unsigned char)
                0x00000000c001c38a                ISO9660::unlink(char const*)
                0x00000000c001c390                ISO9660::write(void*, unsigned long, void*, int*)
                0x00000000c001c396                ISO9660::rename(char const*, char const*)
                0x00000000c001c39c                ISO9660::mkdir(char const*)
                0x00000000c001c3a2                ISO9660::close(void*)
                0x00000000c001c3c4                ISO9660::closeDir(void*)
                0x00000000c001c3e6                ISO9660::~ISO9660()
                0x00000000c001c3e6                ISO9660::~ISO9660()
                0x00000000c001c40a                ISO9660::~ISO9660()
                0x00000000c001c431                __memmem(unsigned char*, int, unsigned char*, int)
                0x00000000c001c473                readSectorFromCDROM(unsigned int, unsigned char*, char)
                0x00000000c001c4ee                ISO9660::tryMount(LogicalDisk*, int)
                0x00000000c001c54e                ISO9660::read(void*, unsigned long, void*, int*)
                0x00000000c001c752                ISO9660::readDir(void*, unsigned long, void*, int*)
                0x00000000c001c9cc                readRoot(unsigned int*, unsigned int*, char)
                0x00000000c001ca20                readRecursively(char*, unsigned int, unsigned int, unsigned int*, unsigned int*, char, int*)
                0x00000000c001cbf6                getFileData(char*, unsigned int*, unsigned int*, char, int*)
                0x00000000c001cc84                ISO9660::open(char const*, void**, FileOpenMode)
                0x00000000c001cd32                ISO9660::exists(char const*)
                0x00000000c001cd56                ISO9660::stat(char const*, unsigned long long*, bool*)
                0x00000000c001cdea                ISO9660::openDir(char const*, void**)
                0x00000000c001ce84                ISO9660::ISO9660()
                0x00000000c001ce84                ISO9660::ISO9660()
 *fill*         0x00000000c001cea7        0x1 
 .text          0x00000000c001cea8      0x298 hal/sound/sndcard.32
                0x00000000c001cea8                SoundCard::beginPlayback()
                0x00000000c001ceb6                SoundCard::stopPlayback()
                0x00000000c001cec4                SoundCard::SoundCard(char const*)
                0x00000000c001cec4                SoundCard::SoundCard(char const*)
                0x00000000c001cf62                SoundCard::~SoundCard()
                0x00000000c001cf62                SoundCard::~SoundCard()
                0x00000000c001cf86                SoundCard::~SoundCard()
                0x00000000c001cfb0                SoundCard::configureRates(int, int, int)
                0x00000000c001cfe0                SoundCard::getSamples16(int, short*)
                0x00000000c001d04a                SoundCard::getSamples32(int, int*)
                0x00000000c001d0d0                SoundCard::addChannel(SoundPort*)
                0x00000000c001d12c                SoundCard::removeChannel(int)
 .text          0x00000000c001d140      0x3fb hal/sound/sndport.32
                0x00000000c001d140                SoundPort::SoundPort(int, int, int, int)
                0x00000000c001d140                SoundPort::SoundPort(int, int, int, int)
                0x00000000c001d1cc                SoundPort::~SoundPort()
                0x00000000c001d1cc                SoundPort::~SoundPort()
                0x00000000c001d200                SoundPort::unpause()
                0x00000000c001d20c                SoundPort::pause()
                0x00000000c001d218                SoundPort::getBufferUsed()
                0x00000000c001d220                SoundPort::getBufferSize()
                0x00000000c001d228                SoundPort::buffer16(short*, int)
                0x00000000c001d2dc                SoundPort::buffer32(int*, int)
                0x00000000c001d388                SoundPort::unbufferAndAdd16(int, short*, SoundCard*)
                0x00000000c001d484                SoundPort::unbufferAndAdd32(int, int*, SoundCard*)
 .text          0x00000000c001d53b        0x0 hw/bus/isa.32
 *fill*         0x00000000c001d53b        0x1 
 .text          0x00000000c001d53c     0x1187 hw/bus/pci.32
                0x00000000c001d53c                PCI::open(int, int, void*)
                0x00000000c001d55a                PCI::close(int, int, void*)
                0x00000000c001d55e                PCI::PCI()
                0x00000000c001d55e                PCI::PCI()
                0x00000000c001d5f4                PCI::readBAR8(unsigned int, int)
                0x00000000c001d610                PCI::readBAR16(unsigned int, int)
                0x00000000c001d62e                PCI::readBAR32(unsigned int, int)
                0x00000000c001d64a                PCI::writeBAR8(unsigned int, unsigned char, int)
                0x00000000c001d66a                PCI::writeBAR16(unsigned int, unsigned short, int)
                0x00000000c001d68c                PCI::writeBAR32(unsigned int, unsigned int, int)
                0x00000000c001d6ac                PCI::legacyMechanism(unsigned char, unsigned char, unsigned char, unsigned char)
                0x00000000c001d71a                PCI::pciReadWord(unsigned char, unsigned char, unsigned char, unsigned char)
                0x00000000c001d7c2                PCI::getVendorID(unsigned char, unsigned char, unsigned char)
                0x00000000c001d7e6                PCI::getHeaderType(unsigned char, unsigned char, unsigned char)
                0x00000000c001d80e                PCI::getClassCode(unsigned char, unsigned char, unsigned char)
                0x00000000c001d858                PCI::getProgIF(unsigned char, unsigned char, unsigned char)
                0x00000000c001d880                PCI::getRevisionID(unsigned char, unsigned char, unsigned char)
                0x00000000c001d8a4                PCI::getInterruptNumber(unsigned char, unsigned char, unsigned char)
                0x00000000c001d8c8                PCI::getSecondaryBus(unsigned char, unsigned char, unsigned char)
                0x00000000c001d8f0                PCI::getBARAddress(unsigned char, unsigned char, unsigned char, unsigned char)
                0x00000000c001d954                PCI::pciWriteWord(unsigned char, unsigned char, unsigned char, unsigned char, unsigned short)
                0x00000000c001da3c                PCI::pciDetailsToFilepath(PCIDeviceInfo, char*)
                0x00000000c001de2e                PCI::checkBus(unsigned char)
                0x00000000c001de52                PCI::foundDevice(PCIDeviceInfo)
                0x00000000c001e292                PCI::getDeviceData(unsigned char, unsigned char, unsigned char)
                0x00000000c001e604                PCI::checkDevice(unsigned char, unsigned char)
                0x00000000c001e670                PCI::detect()
 *fill*         0x00000000c001e6c3        0x1 
 .text          0x00000000c001e6c4      0xb66 hw/diskctrl/ide.32
                0x00000000c001e6c4                IDE::close(int, int, void*)
                0x00000000c001e6c8                IDE::IDE()
                0x00000000c001e6c8                IDE::IDE()
                0x00000000c001e6fc                IDE::prepareInterrupt(unsigned char)
                0x00000000c001e70e                selectDrive(unsigned char, unsigned char)
                0x00000000c001e710                IDE::getBase(unsigned char)
                0x00000000c001e722                IDE::write(unsigned char, unsigned char, unsigned char)
                0x00000000c001e7e2                IDE::read(unsigned char, unsigned char)
                0x00000000c001e890                IDE::waitInterrupt(unsigned char)
                0x00000000c001e8f2                ideChannel0IRQHandler(regs*, void*)
                0x00000000c001e90e                ideChannel1IRQHandler(regs*, void*)
                0x00000000c001e92a                IDE::enableIRQs(unsigned char, bool)
                0x00000000c001e970                IDE::open(int, int, void*)
                0x00000000c001ed9a                IDE::readBuffer(unsigned char, unsigned char, unsigned int, unsigned int)
                0x00000000c001ee66                IDE::detect()
                0x00000000c001f126                IDE::printError(unsigned char, unsigned char, unsigned char)
                0x00000000c001f1d6                IDE::polling(unsigned char, unsigned int)
 .text          0x00000000c001f22a      0x46c hw/diskctrl/satabus.32
                0x00000000c001f22a                SATABus::close(int, int, void*)
                0x00000000c001f22e                SATABus::detect()
                0x00000000c001f230                SATABus::SATABus()
                0x00000000c001f230                SATABus::SATABus()
                0x00000000c001f2b6                SATABus::findCmdslot(SATABus::tagHBA_PORT volatile*)
                0x00000000c001f2e8                SATABus::checkType(SATABus::tagHBA_PORT volatile*)
                0x00000000c001f330                SATABus::startCmd(SATABus::tagHBA_PORT volatile*)
                0x00000000c001f350                SATABus::stopCmd(SATABus::tagHBA_PORT volatile*)
                0x00000000c001f37a                SATABus::portRebase(SATABus::tagHBA_PORT volatile*, int)
                0x00000000c001f480                SATABus::probePort(SATABus::tagHBA_MEM volatile*)
                0x00000000c001f662                SATABus::open(int, int, void*)
 .text          0x00000000c001f696      0x684 hw/diskphys/ata.32
                0x00000000c001f696                ATA::close(int, int, void*)
                0x00000000c001f6ba                ATA::powerSaving(PowerSavingLevel)
                0x00000000c001f6bc                ATA::ATA()
                0x00000000c001f6bc                ATA::ATA()
                0x00000000c001f6ea                ATA::flush(bool)
                0x00000000c001f734                ATA::readyForCommand()
                0x00000000c001f780                ATA::access(unsigned long long, int, void*, bool)
                0x00000000c001fb76                ATA::read(unsigned long long, int, void*)
                0x00000000c001fbc2                ATA::write(unsigned long long, int, void*)
                0x00000000c001fc24                ATA::detectCHS()
                0x00000000c001fc4e                ATA::open(int, int, void*)
 .text          0x00000000c001fd1a      0x645 hw/diskphys/atapi.32
                0x00000000c001fd1a                ATAPI::write(unsigned long long, int, void*)
                0x00000000c001fd20                ATAPI::close(int, int, void*)
                0x00000000c001fd44                ATAPI::ATAPI()
                0x00000000c001fd44                ATAPI::ATAPI()
                0x00000000c001fd72                ATAPI::readyForCommand()
                0x00000000c001fdc4                ATAPI::sendPacket(unsigned char*, int, bool, unsigned short*, int)
                0x00000000c0020084                ATAPI::diskRemoved()
                0x00000000c00200e0                ATAPI::eject()
                0x00000000c0020128                ATAPI::diskInserted()
                0x00000000c0020144                ATAPI::detectMedia()
                0x00000000c0020200                ATAPI::open(int, int, void*)
                0x00000000c00202e0                ATAPI::read(unsigned long long, int, void*)
 *fill*         0x00000000c002035f        0x1 
 .text          0x00000000c0020360      0xa68 hw/diskphys/sata.32
                0x00000000c0020360                SATA::close(int, int, void*)
                0x00000000c0020384                SATA::powerSaving(PowerSavingLevel)
                0x00000000c0020386                SATA::open(int, int, void*)
                0x00000000c002057c                SATA::SATA()
                0x00000000c002057c                SATA::SATA()
                0x00000000c00205aa                SATA::access(unsigned long long, int, void*, bool)
                0x00000000c0020ba2                SATA::read(unsigned long long, int, void*)
                0x00000000c0020ca2                SATA::write(unsigned long long, int, void*)
 .text          0x00000000c0020dc8      0x642 hw/diskphys/satapi.32
                0x00000000c0020dc8                SATAPI::write(unsigned long long, int, void*)
                0x00000000c0020dce                SATAPI::close(int, int, void*)
                0x00000000c0020df2                SATAPI::SATAPI()
                0x00000000c0020df2                SATAPI::SATAPI()
                0x00000000c0020e20                SATAPI::diskRemoved()
                0x00000000c0020e22                SATAPI::diskInserted()
                0x00000000c0020e3e                SATAPI::sendPacket(unsigned char*, int, unsigned long long, unsigned short*, int)
                0x00000000c00210cc                SATAPI::eject()
                0x00000000c0021108                SATAPI::detectMedia()
                0x00000000c0021232                SATAPI::open(int, int, void*)
                0x00000000c0021332                SATAPI::read(unsigned long long, int, void*)
 .text          0x00000000c002140a      0x700 hw/intctrl/apic.32
                0x00000000c002140a                APIC::disable()
                0x00000000c002140c                APIC::eoi(unsigned char)
                0x00000000c002141c                APIC::close(int, int, void*)
                0x00000000c002143e                IOAPIC::close(int, int, void*)
                0x00000000c0021444                APIC::io_wait()
                0x00000000c002144a                APIC::getBase()
                0x00000000c002148c                APIC::open(int, int, void*)
                0x00000000c00215da                IOAPIC::IOAPIC()
                0x00000000c00215da                IOAPIC::IOAPIC()
                0x00000000c0021602                APIC::APIC()
                0x00000000c0021602                APIC::APIC()
                0x00000000c00216de                IOAPIC::handlesGSIWithNumber(unsigned int)
                0x00000000c0021710                IOAPIC::read(int)
                0x00000000c0021738                IOAPIC::open(int, int, void*)
                0x00000000c002182e                IOAPIC::write(int, int)
                0x00000000c002185a                IOAPIC::redirect(unsigned char, unsigned long long, unsigned char, bool, bool)
                0x00000000c0021954                APIC::installIRQHandler(int, void (*)(regs*, void*), bool, void*)
 .text          0x00000000c0021b0a      0x351 hw/intctrl/pic.32
                0x00000000c0021b0a                PIC::disable()
                0x00000000c0021b38                PIC::eoi(unsigned char)
                0x00000000c0021b48                PIC::close(int, int, void*)
                0x00000000c0021b6a                PIC::PIC()
                0x00000000c0021b6a                PIC::PIC()
                0x00000000c0021c40                PIC::ioWait()
                0x00000000c0021c46                PIC::getIRQReg(int)
                0x00000000c0021cb0                PIC::remap()
                0x00000000c0021e1c                PIC::open(int, int, void*)
 *fill*         0x00000000c0021e5b        0x1 
 .text          0x00000000c0021e5c      0x240 hw/timer/apictimer.32
                0x00000000c0021e5c                APICTimer::close(int, int, void*)
                0x00000000c0021e64                apicTimerHandler(regs*, void*)
                0x00000000c0021e8c                APICTimer::write(int)
                0x00000000c0021f74                APICTimer::open(int, int, void*)
                0x00000000c0022074                APICTimer::APICTimer()
                0x00000000c0022074                APICTimer::APICTimer()
 .text          0x00000000c002209c      0x1a3 hw/timer/pit.32
                0x00000000c002209c                PIT::write(int)
                0x00000000c002211c                pitHandler(regs*, void*)
                0x00000000c0022140                PIT::open(int, int, void*)
                0x00000000c0022190                PIT::close(int, int, void*)
                0x00000000c00221c0                PIT::PIT()
                0x00000000c00221c0                PIT::PIT()
 *fill*         0x00000000c002223f        0x1 
 .text          0x00000000c0022240       0x83 arch/i386/avx.32
                0x00000000c0022240                avxDetect
                0x00000000c002226a                avxSave
                0x00000000c002227b                avxLoad
                0x00000000c002228c                avxInit
                0x00000000c00222ae                avxClose
                0x00000000c00222af                wouldSheSayYes
 *fill*         0x00000000c00222c3        0xd 
 .text          0x00000000c00222d0       0x10 arch/i386/rdrand.32
                0x00000000c00222d0                i386GetRDRAND
 .text          0x00000000c00222e0       0x39 arch/i386/sse.32
                0x00000000c00222e0                absolutelyNoChanceInHell
                0x00000000c00222e0                sseDetect
                0x00000000c00222f8                sseSave
                0x00000000c0022300                sseLoad
                0x00000000c0022308                sseInit
                0x00000000c0022318                sseClose
 *fill*         0x00000000c0022319        0x7 
 .text          0x00000000c0022320       0x49 arch/i386/x87.32
                0x00000000c0022326                x87Detect
                0x00000000c0022341                x87Save
                0x00000000c0022348                x87Load
                0x00000000c002234f                x87Init
                0x00000000c0022368                x87Close
 *fill*         0x00000000c0022369        0x3 
 .text          0x00000000c002236c       0x25 /cygdrive/d/Users/Alex/Desktop/Toolchain/Output/bin/../lib/gcc/i386-banana/8.1.0/crtend.o
 .text          0x00000000c0022391        0x0 crtn.32
 *fill*         0x00000000c0022391        0x3 
 .text          0x00000000c0022394      0x14b /cygdrive/d/Users/Alex/Desktop/Toolchain/Output/bin/../lib/gcc/i386-banana/8.1.0/libkgcc.a(_divdi3.o)
                0x00000000c0022394                __divdi3
 *fill*         0x00000000c00224df        0x1 
 .text          0x00000000c00224e0      0x17e /cygdrive/d/Users/Alex/Desktop/Toolchain/Output/bin/../lib/gcc/i386-banana/8.1.0/libkgcc.a(_moddi3.o)
                0x00000000c00224e0                __moddi3
 *fill*         0x00000000c002265e        0x2 
 .text          0x00000000c0022660       0xff /cygdrive/d/Users/Alex/Desktop/Toolchain/Output/bin/../lib/gcc/i386-banana/8.1.0/libkgcc.a(_udivdi3.o)
                0x00000000c0022660                __udivdi3
 *fill*         0x00000000c002275f        0x1 
 .text          0x00000000c0022760      0x11a /cygdrive/d/Users/Alex/Desktop/Toolchain/Output/bin/../lib/gcc/i386-banana/8.1.0/libkgcc.a(_umoddi3.o)
                0x00000000c0022760                __umoddi3
 *(.gnu.linkonce.t*)

.iplt           0x00000000c0022880        0x0
 .iplt          0x00000000c0022880        0x0 D:/Users/Alex/Desktop/Banana/kernel/boot.32

.init           0x00000000c002287a        0xf
 .init          0x00000000c002287a        0x3 crti.32
                0x00000000c002287a                _init
 .init          0x00000000c002287d        0x5 /cygdrive/d/Users/Alex/Desktop/Toolchain/Output/bin/../lib/gcc/i386-banana/8.1.0/crtbegin.o
 .init          0x00000000c0022882        0x5 /cygdrive/d/Users/Alex/Desktop/Toolchain/Output/bin/../lib/gcc/i386-banana/8.1.0/crtend.o
 .init          0x00000000c0022887        0x2 crtn.32

.fini           0x00000000c0022889        0xa
 .fini          0x00000000c0022889        0x3 crti.32
                0x00000000c0022889                _fini
 .fini          0x00000000c002288c        0x5 /cygdrive/d/Users/Alex/Desktop/Toolchain/Output/bin/../lib/gcc/i386-banana/8.1.0/crtbegin.o
 .fini          0x00000000c0022891        0x2 crtn.32

.text._ZN8ComputerD2Ev
                0x00000000c0022894       0x23
 .text._ZN8ComputerD2Ev
                0x00000000c0022894       0x23 core/computer.32
                0x00000000c0022894                Computer::~Computer()
                0x00000000c0022894                Computer::~Computer()

.text._ZN8ComputerD0Ev
                0x00000000c00228b8       0x2a
 .text._ZN8ComputerD0Ev
                0x00000000c00228b8       0x2a core/computer.32
                0x00000000c00228b8                Computer::~Computer()

.text._Z10idleCommonv
                0x00000000c00228e2       0x21
 .text._Z10idleCommonv
                0x00000000c00228e2       0x21 core/idle.32
                0x00000000c00228e2                idleCommon()

.text._ZN10LinkedListI8UnixFileED2Ev
                0x00000000c0022904        0x2
 .text._ZN10LinkedListI8UnixFileED2Ev
                0x00000000c0022904        0x2 core/unixfile.32
                0x00000000c0022904                LinkedList<UnixFile>::~LinkedList()
                0x00000000c0022904                LinkedList<UnixFile>::~LinkedList()

.text._ZN10LinkedListI8UnixFileEC2Ev
                0x00000000c0022906       0x42
 .text._ZN10LinkedListI8UnixFileEC2Ev
                0x00000000c0022906       0x42 core/unixfile.32
                0x00000000c0022906                LinkedList<UnixFile>::LinkedList()
                0x00000000c0022906                LinkedList<UnixFile>::LinkedList()

.text._ZN10LinkedListI8UnixFileE10addElementEPS0_
                0x00000000c0022948       0xd3
 .text._ZN10LinkedListI8UnixFileE10addElementEPS0_
                0x00000000c0022948       0xd3 core/unixfile.32
                0x00000000c0022948                LinkedList<UnixFile>::addElement(UnixFile*)

.text._ZN10LinkedListI8UnixFileE15getFirstElementEv
                0x00000000c0022a1c        0x7
 .text._ZN10LinkedListI8UnixFileE15getFirstElementEv
                0x00000000c0022a1c        0x7 core/unixfile.32
                0x00000000c0022a1c                LinkedList<UnixFile>::getFirstElement()

.text._ZN10LinkedListI8UnixFileE11removeFirstEv
                0x00000000c0022a24       0xa1
 .text._ZN10LinkedListI8UnixFileE11removeFirstEv
                0x00000000c0022a24       0xa1 core/unixfile.32
                0x00000000c0022a24                LinkedList<UnixFile>::removeFirst()

.text._ZN10LinkedListI8UnixFileE7getNextEPS0_
                0x00000000c0022ac6        0x8
 .text._ZN10LinkedListI8UnixFileE7getNextEPS0_
                0x00000000c0022ac6        0x8 core/unixfile.32
                0x00000000c0022ac6                LinkedList<UnixFile>::getNext(UnixFile*)

.text._ZN16DriverlessDeviceD2Ev
                0x00000000c0022ace       0x1a
 .text._ZN16DriverlessDeviceD2Ev
                0x00000000c0022ace       0x1a hal/device.32
                0x00000000c0022ace                DriverlessDevice::~DriverlessDevice()
                0x00000000c0022ace                DriverlessDevice::~DriverlessDevice()

.text._ZN16DriverlessDeviceD0Ev
                0x00000000c0022ae8       0x2a
 .text._ZN16DriverlessDeviceD0Ev
                0x00000000c0022ae8       0x2a hal/device.32
                0x00000000c0022ae8                DriverlessDevice::~DriverlessDevice()

.text._ZN10LinkedListI6DeviceE10addElementEPS0_
                0x00000000c0022b12       0xdc
 .text._ZN10LinkedListI6DeviceE10addElementEPS0_
                0x00000000c0022b12       0xdc hal/device.32
                0x00000000c0022b12                LinkedList<Device>::addElement(Device*)

.text._ZN10LinkedListI6DeviceEC2Ev
                0x00000000c0022bee       0x42
 .text._ZN10LinkedListI6DeviceEC2Ev
                0x00000000c0022bee       0x42 hal/device.32