Archive member included to satisfy reference by file (symbol)

/cygdrive/d/Users/Alex/Desktop/Toolchain/Output/bin/../lib/gcc/i386-banana/8.1.0/libkgcc.a(_divdi3.o)
                              krnl/resolve.32 (__divdi3)
/cygdrive/d/Users/Alex/Desktop/Toolchain/Output/bin/../lib/gcc/i386-banana/8.1.0/libkgcc.a(_moddi3.o)
                              krnl/resolve.32 (__moddi3)
/cygdrive/d/Users/Alex/Desktop/Toolchain/Output/bin/../lib/gcc/i386-banana/8.1.0/libkgcc.a(_udivdi3.o)
                              hal/clock.32 (__udivdi3)
/cygdrive/d/Users/Alex/Desktop/Toolchain/Output/bin/../lib/gcc/i386-banana/8.1.0/libkgcc.a(_umoddi3.o)
                              core/pipe.32 (__umoddi3)

Allocating common symbols
Common symbol       size              file

dcache              0x40              fs/iso9660/iso9660.32
cdDriveLetter       0x1               fs/iso9660/iso9660.32
icache              0x40              fs/iso9660/iso9660.32

Discarded input sections

 .comment       0x0000000000000000       0x12 /cygdrive/d/Users/Alex/Desktop/Toolchain/Output/bin/../lib/gcc/i386-banana/8.1.0/crtbegin.o
 .comment       0x0000000000000000       0x12 acpica/utclib.32
 .comment       0x0000000000000000       0x12 core/malloc.32
 .comment       0x0000000000000000       0x12 libk/ctype.32
 .comment       0x0000000000000000       0x12 libk/string.32
 .comment       0x0000000000000000       0x12 fs/fat/diskio.32
 .comment       0x0000000000000000       0x12 fs/fat/ff.32
 .comment       0x0000000000000000       0x12 fs/fat/ffsystem.32
 .comment       0x0000000000000000       0x12 fs/fat/ffunicode.32
 .comment       0x0000000000000000       0x12 fs/iso9660/iso9660.32
 .group         0x0000000000000000       0x14 core/computer.32
 .group         0x0000000000000000        0xc core/computer.32
 .comment       0x0000000000000000       0x12 core/computer.32
 .comment       0x0000000000000000       0x12 core/gdt.32
 .group         0x0000000000000000        0xc core/idle.32
 .comment       0x0000000000000000       0x12 core/idle.32
 .comment       0x0000000000000000       0x12 core/idt.32
 .comment       0x0000000000000000       0x12 core/kheap.32
 .comment       0x0000000000000000       0x12 core/main.32
 .comment       0x0000000000000000       0x12 core/physmgr.32
 .group         0x0000000000000000        0xc core/pipe.32
 .comment       0x0000000000000000       0x12 core/pipe.32
 .group         0x0000000000000000        0xc core/terminal.32
 .comment       0x0000000000000000       0x12 core/terminal.32
 .comment       0x0000000000000000       0x12 core/tss.32
 .group         0x0000000000000000        0x8 core/unixfile.32
 .group         0x0000000000000000        0x8 core/unixfile.32
 .group         0x0000000000000000        0xc core/unixfile.32
 .group         0x0000000000000000        0x8 core/unixfile.32
 .group         0x0000000000000000        0xc core/unixfile.32
 .group         0x0000000000000000        0x8 core/unixfile.32
 .group         0x0000000000000000        0xc core/unixfile.32
 .group         0x0000000000000000        0xc core/unixfile.32
 .comment       0x0000000000000000       0x12 core/unixfile.32
 .comment       0x0000000000000000       0x12 core/virtmgr.32
 .comment       0x0000000000000000       0x12 coreobjs/c++.32
 .comment       0x0000000000000000       0x12 dbg/kconsole.32
 .group         0x0000000000000000        0xc fs/vfs.32
 .group         0x0000000000000000        0xc fs/vfs.32
 .group         0x0000000000000000        0xc fs/vfs.32
 .comment       0x0000000000000000       0x12 fs/vfs.32
 .group         0x0000000000000000        0xc hal/bus.32
 .comment       0x0000000000000000       0x12 hal/bus.32
 .comment       0x0000000000000000       0x12 hal/buzzer.32
 .group         0x0000000000000000        0xc hal/clock.32
 .comment       0x0000000000000000       0x12 hal/clock.32
 .group         0x0000000000000000       0x14 hal/device.32
 .group         0x0000000000000000        0xc hal/device.32
 .group         0x0000000000000000        0x8 hal/device.32
 .group         0x0000000000000000        0xc hal/device.32
 .group         0x0000000000000000        0xc hal/device.32
 .comment       0x0000000000000000       0x12 hal/device.32
 .group         0x0000000000000000        0xc hal/diskctrl.32
 .comment       0x0000000000000000       0x12 hal/diskctrl.32
 .group         0x0000000000000000        0xc hal/diskphys.32
 .comment       0x0000000000000000       0x12 hal/diskphys.32
 .comment       0x0000000000000000       0x12 hal/fpu.32
 .comment       0x0000000000000000       0x12 hal/intctrl.32
 .group         0x0000000000000000        0xc hal/keybrd.32
 .comment       0x0000000000000000       0x12 hal/keybrd.32
 .group         0x0000000000000000        0xc hal/logidisk.32
 .comment       0x0000000000000000       0x12 hal/logidisk.32
 .group         0x0000000000000000        0xc hal/mouse.32
 .comment       0x0000000000000000       0x12 hal/mouse.32
 .group         0x0000000000000000        0xc hal/nic.32
[...]
Memory Configuration

Name             Origin             Length             Attributes
*default*        0x0000000000000000 0xffffffffffffffff

Linker script and memory map

LOAD D:/Users/Alex/Desktop/Banana/kernel/boot.32
LOAD crti.32
LOAD /cygdrive/d/Users/Alex/Desktop/Toolchain/Output/bin/../lib/gcc/i386-banana/8.1.0/crtbegin.o
LOAD D:/Users/Alex/Desktop/Banana/kernel/morenasm.32
LOAD acpica/utclib.32
LOAD core/malloc.32
LOAD libk/ctype.32
LOAD libk/string.32
LOAD fs/fat/diskio.32
LOAD fs/fat/ff.32
LOAD fs/fat/ffsystem.32
LOAD fs/fat/ffunicode.32
LOAD fs/iso9660/iso9660.32
LOAD core/computer.32
LOAD core/gdt.32
LOAD core/idle.32
LOAD core/idt.32
LOAD core/kheap.32
LOAD core/main.32
LOAD core/physmgr.32
LOAD core/pipe.32
LOAD core/terminal.32
LOAD core/tss.32
LOAD core/unixfile.32
LOAD core/virtmgr.32
LOAD coreobjs/c++.32
LOAD dbg/kconsole.32
LOAD fs/vfs.32
LOAD hal/bus.32
LOAD hal/buzzer.32
LOAD hal/clock.32
LOAD hal/device.32
LOAD hal/diskctrl.32
LOAD hal/diskphys.32
LOAD hal/fpu.32
LOAD hal/intctrl.32
LOAD hal/keybrd.32
LOAD hal/logidisk.32
LOAD hal/mouse.32
LOAD hal/nic.32
LOAD hal/partition.32
LOAD hal/serial.32
LOAD hal/timer.32
LOAD hal/vcache.32
LOAD hal/video.32
LOAD hw/acpi.32
LOAD hw/cpu.32
LOAD krnl/bootmsg.32
LOAD krnl/env.32
LOAD krnl/inlines.32
LOAD krnl/panic.32
LOAD krnl/powctrl.32
LOAD krnl/resolve.32
LOAD krnl/signal.32
LOAD krnl/syscalls.32
LOAD net/ethernet.32
LOAD reg/cm.32
LOAD reg/registry.32
LOAD sys/eject.32
LOAD sys/exit.32
LOAD sys/getcwd.32
LOAD sys/getpid.32
LOAD sys/getramdata.32
LOAD sys/getvgaptr.32
LOAD sys/kill.32
LOAD sys/loaddll.32
LOAD sys/read.32
LOAD sys/registersignal.32
LOAD sys/registry.32
LOAD sys/sbrk.32
LOAD sys/setcwd.32
LOAD sys/settime.32
LOAD sys/timezone.32
LOAD sys/write.32
LOAD sys/wsbe.32
LOAD sys/yield.32
LOAD thr/elf.32
LOAD thr/prcssthr.32
LOAD vm86/vm8086.32
LOAD arch/i386/hal.32
LOAD arch/i386/pic.32
LOAD arch/i386/rtc.32
LOAD arch/i386/vga.32
LOAD fs/fat/vfslink.32
LOAD fs/iso9660/helper.32
LOAD fs/iso9660/vfslink.32
LOAD hal/sound/sndcard.32
LOAD hal/sound/sndport.32
LOAD hw/bus/isa.32
LOAD hw/bus/pci.32
LOAD hw/diskctrl/ide.32
LOAD hw/diskctrl/satabus.32
LOAD hw/diskphys/ata.32
LOAD hw/diskphys/atapi.32
LOAD hw/diskphys/sata.32
LOAD hw/diskphys/satapi.32
LOAD hw/intctrl/apic.32
LOAD hw/timer/apictimer.32
LOAD hw/timer/pit.32
LOAD arch/i386/avx.32
LOAD arch/i386/interrupt.32
LOAD arch/i386/rdrand.32
LOAD arch/i386/sse.32
LOAD arch/i386/x87.32
LOAD /cygdrive/d/Users/Alex/Desktop/Toolchain/Output/bin/../lib/gcc/i386-banana/8.1.0/crtend.o
LOAD crtn.32
LOAD /cygdrive/d/Users/Alex/Desktop/Toolchain/Output/bin/../lib/gcc/i386-banana/8.1.0/libkgcc.a
LOAD D:/Users/Alex/Desktop/Banana/kernel/libsoftfp.a
LOAD D:/Users/Alex/Desktop/Banana/kernel/libk/libm32.a
                0x00000000c0000000                . = 0xc0000000

.text           0x00000000c0000000    0x1de7a
 *(.text)
 .text          0x00000000c0000000       0x20 D:/Users/Alex/Desktop/Banana/kernel/boot.32
 .text          0x00000000c0000020        0x0 crti.32
 .text          0x00000000c0000020      0x101 /cygdrive/d/Users/Alex/Desktop/Toolchain/Output/bin/../lib/gcc/i386-banana/8.1.0/crtbegin.o
 *fill*         0x00000000c0000121        0xf 
 .text          0x00000000c0000130      0x24f D:/Users/Alex/Desktop/Banana/kernel/morenasm.32
                0x00000000c0000130                manualPCIProbe
                0x00000000c000017b                prepareTramp
                0x00000000c0000194                doTPAUSE
                0x00000000c000019e                hasLegacyFPU
                0x00000000c00001c3                is486
                0x00000000c00001f9                detectCPUID
                0x00000000c000020f                goToVM86
                0x00000000c000023f                goToUsermode
                0x00000000c0000269                switchToThreadASMFirstTime
                0x00000000c0000277                switchToThreadASM
                0x00000000c00002fc                asmQuickAcquireLock
                0x00000000c000031a                asmQuickReleaseLock
                0x00000000c0000326                asmAcquireLock
                0x00000000c0000347                asmReleaseLock
                0x00000000c000035a                loadGDT
                0x00000000c000037a                memcpy
 *fill*         0x00000000c000037f        0x1 
 .text          0x00000000c0000380      0x79e acpica/utclib.32
                0x00000000c0000380                memcmp
                0x00000000c00003d0                memmove
                0x00000000c00004c0                memset
                0x00000000c0000530                strlen
                0x00000000c0000560                strpbrk
                0x00000000c00005a0                strtok
                0x00000000c00005f0                strcpy
                0x00000000c0000620                strncpy
                0x00000000c00006d0                strcmp
                0x00000000c0000720                strchr
                0x00000000c0000750                strncmp
                0x00000000c00007b0                strcat
                0x00000000c00007e0                strncat
                0x00000000c0000840                strstr
                0x00000000c00008a0                toupper
                0x00000000c00008c0                tolower
                0x00000000c00008e0                simple_strtoul
 .text          0x00000000c0000b1e      0xfad core/malloc.32
                0x00000000c0000c89                dlfree
                0x00000000c0000fe4                dlmalloc
                0x00000000c0001521                dlrealloc
                0x00000000c00016c4                dlmemalign
                0x00000000c00017e7                dlcalloc
                0x00000000c0001881                dlcfree
                0x00000000c0001886                dlindependent_calloc
                0x00000000c00018ab                dlindependent_comalloc
                0x00000000c00018c2                dlvalloc
                0x00000000c00018ed                dlpvalloc
                0x00000000c0001923                dlmalloc_trim
                0x00000000c0001930                dlmalloc_usable_size
                0x00000000c0001961                dlmallinfo
                0x00000000c0001a30                dlmalloc_stats
                0x00000000c0001a41                dlmallopt
 *fill*         0x00000000c0001acb        0x1 
 .text          0x00000000c0001acc      0x1f2 libk/ctype.32
                0x00000000c0001acc                isblank
                0x00000000c0001aec                iscntrl
                0x00000000c0001b0c                isdigit
                0x00000000c0001b28                islower
                0x00000000c0001b44                isspace
                0x00000000c0001b6c                isupper
                0x00000000c0001b88                isalpha
                0x00000000c0001bb8                isalnum
                0x00000000c0001be8                ispunct
                0x00000000c0001c28                isgraph
                0x00000000c0001c58                isprint
                0x00000000c0001c80                isxdigit
 .text          0x00000000c0001cbe        0x0 libk/string.32
 .text          0x00000000c0001cbe       0x51 fs/fat/diskio.32
                0x00000000c0001cbe                disk_status
                0x00000000c0001cc1                disk_initialize
                0x00000000c0001cc4                disk_read
                0x00000000c0001cda                disk_write
                0x00000000c0001cf0                disk_ioctl
 .text          0x00000000c0001d0f     0x3d4b fs/fat/ff.32
                0x00000000c0003aab                f_mount
                0x00000000c0003b0d                f_open
                0x00000000c0003dd8                f_read
                0x00000000c0003fd7                f_write
                0x00000000c000420b                f_sync
                0x00000000c00042c0                f_close
                0x00000000c00042ef                f_lseek
                0x00000000c0004496                f_opendir
                0x00000000c0004561                f_closedir
                0x00000000c0004583                f_readdir
                0x00000000c0004615                f_stat
                0x00000000c0004694                f_getfree
                0x00000000c0004796                f_truncate
                0x00000000c000487a                f_unlink
                0x00000000c000499c                f_mkdir
                0x00000000c0004b37                f_rename
                0x00000000c0004ced                f_chmod
                0x00000000c0004d96                f_utime
                0x00000000c0004e44                f_getlabel
                0x00000000c0004f95                f_setlabel
                0x00000000c0005125                f_expand
                0x00000000c0005285                f_mkfs
 *fill*         0x00000000c0005a5a        0x2 
 .text          0x00000000c0005a5c       0x2f fs/fat/ffsystem.32
                0x00000000c0005a5c                ff_memalloc
                0x00000000c0005a74                ff_memfree
 *fill*         0x00000000c0005a8b        0x1 
 .text          0x00000000c0005a8c      0x2a8 fs/fat/ffunicode.32
                0x00000000c0005a8c                ff_uni2oem
                0x00000000c0005b2c                ff_oem2uni
                0x00000000c0005ba4                ff_wtoupper
 .text          0x00000000c0005d34      0xd2f fs/iso9660/iso9660.32
                0x00000000c0005f79                isoReadDiscSector
                0x00000000c0006014                strnicmp
                0x00000000c00062c7                stricmp
                0x00000000c0006313                iso_open
                0x00000000c000639d                iso_close
                0x00000000c00063bb                iso_read
                0x00000000c00064d1                iso_seek
                0x00000000c0006555                iso_tell
                0x00000000c0006586                iso_total
                0x00000000c00065b1                fn_postprocess
                0x00000000c00065d7                iso_readdir
                0x00000000c000682e                iso_reset
                0x00000000c000684b                init_percd
                0x00000000c0006945                iso_ioctl
                0x00000000c000695d                fs_iso9660_init
                0x00000000c00069f3                fs_iso9660_shutdown
 *fill*         0x00000000c0006a63        0x1 
 .text          0x00000000c0006a64      0x685 core/computer.32
                0x00000000c0006a64                Computer::close(int, int, void*)
                0x00000000c0006aa9                Krnl::firstTask()
                0x00000000c0006bdc                Computer::Computer()
                0x00000000c0006bdc                Computer::Computer()
                0x00000000c0006c8e                Computer::setBootMessage(char const*)
                0x00000000c0006c90                Computer::detectFeatures()
                0x00000000c0006e9a                Computer::displayFeatures()
                0x00000000c0006e9c                Computer::rdmsr(unsigned int)
                0x00000000c0006ec8                Computer::wrmsr(unsigned int, unsigned long long)
                0x00000000c0006f00                Computer::shutdown()
                0x00000000c0006f18                Computer::restart()
                0x00000000c0006f30                Computer::sleep()
                0x00000000c0006f44                Computer::nmiEnabled()
                0x00000000c0006f50                Computer::readCMOS(unsigned char)
                0x00000000c0006f6a                Computer::enableNMI(bool)
                0x00000000c0006f82                Computer::open(int, int, void*)
                0x00000000c0007056                Computer::disableNMI()
                0x00000000c0007066                Computer::writeCMOS(unsigned char, unsigned char)
                0x00000000c0007084                Computer::handleNMI()
 *fill*         0x00000000c00070e9        0x1 
 .text          0x00000000c00070ea      0x1cf core/gdt.32
                0x00000000c00070ea                GDTEntry::setBase(unsigned int)
                0x00000000c0007106                GDTEntry::setLimit(unsigned int)
                0x00000000c0007124                GDT::GDT()
                0x00000000c0007124                GDT::GDT()
                0x00000000c000713a                GDT::addEntry(GDTEntry)
                0x00000000c000715c                GDT::getNumberOfEntries()
                0x00000000c0007164                GDT::flush()
                0x00000000c0007186                GDT::setup()
 .text          0x00000000c00072b9       0x1d core/idle.32
                0x00000000c00072b9                idleFunction(void*)
 *fill*         0x00000000c00072d6        0x2 
 .text          0x00000000c00072d8      0x464 core/idt.32
                0x00000000c00072d8                IDTEntry::IDTEntry(bool)
                0x00000000c00072d8                IDTEntry::IDTEntry(bool)
                0x00000000c000734a                IDTEntry::setOffset(unsigned int)
                0x00000000c0007360                IDT::IDT()
                0x00000000c0007360                IDT::IDT()
                0x00000000c0007362                IDT::getPointerToInvalidOpcodeEntryForF00F()
                0x00000000c000736a                IDT::addEntry(IDTEntry, int)
                0x00000000c0007384                IDT::addEntry(int, void (*)(), bool)
                0x00000000c00073bc                IDT::flush()
                0x00000000c00073d6                IDT::setup()
 .text          0x00000000c000773c      0x183 core/kheap.32
                0x00000000c000773c                sbrk
                0x00000000c00077d1                mmap
                0x00000000c00077e7                munmap
                0x00000000c00077fd                liballoc_lock()
                0x00000000c000780a                liballoc_unlock()
                0x00000000c000781e                liballoc_alloc(int)
                0x00000000c0007836                liballoc_free(void*, int)
                0x00000000c0007851                realloc
                0x00000000c0007865                malloc
                0x00000000c0007875                free
                0x00000000c0007885                rfree
                0x00000000c0007895                calloc
 .text          0x00000000c00078bf       0xc3 core/main.32
                0x00000000c00078bf                KeEntryPoint
 .text          0x00000000c0007982      0x5dc core/physmgr.32
                0x00000000c0007982                Phys::allocateDMA(unsigned long)
                0x00000000c0007a59                Phys::freeDMA(unsigned long, unsigned long)
                0x00000000c0007a8c                Phys::setPageState(unsigned long, bool)
                0x00000000c0007abe                Phys::getPageState(unsigned long)
                0x00000000c0007adf                Phys::freePage(unsigned long)
                0x00000000c0007b41                Phys::allocatePage()
                0x00000000c0007bff                Phys::allocateContiguousPages(int)
                0x00000000c0007c5b                Phys::allowSegmentToBeUsed(unsigned long, unsigned long)
                0x00000000c0007c93                Phys::physicalMemorySetup(unsigned int)
 .text          0x00000000c0007f5e      0x273 core/pipe.32
                0x00000000c0007f5e                Pipe::isAtty()
                0x00000000c0007f62                Pipe::~Pipe()
                0x00000000c0007f62                Pipe::~Pipe()
                0x00000000c0007f86                Pipe::~Pipe()
                0x00000000c0007fae                Pipe::write(unsigned long long, void*, int*)
                0x00000000c000806e                Pipe::read(unsigned long long, void*, int*)
                0x00000000c000816a                Pipe::Pipe(int)
                0x00000000c000816a                Pipe::Pipe(int)
 *fill*         0x00000000c00081d1        0x1 
 .text          0x00000000c00081d2      0xaba core/terminal.32
                0x00000000c00081d2                VgaText::isAtty()
                0x00000000c00081d6                VgaText::~VgaText()
                0x00000000c00081d6                VgaText::~VgaText()
                0x00000000c00081fa                VgaText::~VgaText()
                0x00000000c0008224                VgaText::read(unsigned long long, void*, int*)
                0x00000000c0008244                setTerminalScrollLock(bool)
                0x00000000c0008245                doTerminalCycle()
                0x00000000c0008246                addToTerminalCycle(VgaText*)
                0x00000000c0008247                scrollTerminalScrollLock(int)
                0x00000000c0008248                VgaText::updateTitle()
                0x00000000c000824a                VgaText::load()
                0x00000000c000824c                VgaText::updateCursor()
                0x00000000c0008262                VgaText::doANSI_SGR(int)
                0x00000000c00082d6                VgaText::setDefaultBgColour(VgaColour)
                0x00000000c00082e6                VgaText::setDefaultFgColour(VgaColour)
                0x00000000c00082f6                VgaText::setDefaultColours(VgaColour, VgaColour)
                0x00000000c0008316                VgaText::setTitleTextColour(VgaColour)
                0x00000000c0008322                VgaText::setTitleColour(VgaColour)
                0x00000000c000832e                VgaText::setTitle(char*)
                0x00000000c0008330                VgaText::combineColours(unsigned char, unsigned char)
                0x00000000c0008342                VgaText::scrollScreen()
                0x00000000c00083d4                VgaText::combineCharAndColour(char, unsigned char)
                0x00000000c00083e6                VgaText::writeCharacter(char, VgaColour, VgaColour, int, int)
                0x00000000c0008476                VgaText::getCursorX()
                0x00000000c000847e                VgaText::getCursorY()
                0x00000000c0008486                VgaText::setCursor(int, int)
                0x00000000c000849d                setActiveTerminal(VgaText*)
                0x00000000c00084e8                VgaText::clearScreen()
                0x00000000c0008536                VgaText::setCursorX(int)
                0x00000000c000854e                VgaText::setCursorY(int)
                0x00000000c0008566                VgaText::incrementCursor(bool)
                0x00000000c00085ba                VgaText::decrementCursor(bool)
                0x00000000c00085dc                VgaText::putchar(char, VgaColour, VgaColour)
                0x00000000c00086aa                VgaText::putchar(char)
                0x00000000c0008796                VgaText::putx(unsigned int)
                0x00000000c00087dc                VgaText::puts(char const*)
                0x00000000c0008802                VgaText::write(unsigned long long, void*, int*)
                0x00000000c000884e                VgaText::puts(char const*, VgaColour, VgaColour)
                0x00000000c00089a0                VgaText::VgaText(char const*)
                0x00000000c00089a0                VgaText::VgaText(char const*)
                0x00000000c0008af0                VgaText::receiveKey(unsigned char)
                0x00000000c0008c66                VgaText::doUpdate()
                0x00000000c0008c67                newTerminal(char*)
 .text          0x00000000c0008c8c      0x1a1 core/tss.32
                0x00000000c0008c8c                TSS::TSS()
                0x00000000c0008c8c                TSS::TSS()
                0x00000000c0008c9c                TSS::setESP(unsigned long)
                0x00000000c0008cb0                TSS::flush()
                0x00000000c0008cd0                TSS::setup(unsigned long, unsigned long)
 *fill*         0x00000000c0008e2d        0x1 
 .text          0x00000000c0008e2e      0x4c2 core/unixfile.32
                0x00000000c0008e2e                ReservedFilename::read(unsigned long long, void*, int*)
                0x00000000c0008e84                ReservedFilename::isAtty()
                0x00000000c0008ea0                ReservedFilename::write(unsigned long long, void*, int*)
                0x00000000c0008efe                UnixFile::getFileDescriptor()
                0x00000000c0008f06                UnixFile::UnixFile(int)
                0x00000000c0008f06                UnixFile::UnixFile(int)
                0x00000000c00090b6                ReservedFilename::ReservedFilename(int)
                0x00000000c00090b6                ReservedFilename::ReservedFilename(int)
                0x00000000c00090e8                UnixFile::~UnixFile()
                0x00000000c00090e8                UnixFile::~UnixFile()
                0x00000000c0009180                UnixFile::~UnixFile()
                0x00000000c00091a8                ReservedFilename::~ReservedFilename()
                0x00000000c00091a8                ReservedFilename::~ReservedFilename()
                0x00000000c00091cc                ReservedFilename::~ReservedFilename()
                0x00000000c00091f3                getFromFileDescriptor(int)
 .text          0x00000000c00092f0     0x11d0 core/virtmgr.32
                0x00000000c00092f0                Virt::setPageState(unsigned long, Virt::VirtPageState)
                0x00000000c0009325                Virt::getPageState(unsigned long)
                0x00000000c0009349                Virt::allocateKernelVirtualPages(int)
                0x00000000c000945a                Virt::freeSwapfilePage(unsigned long)
                0x00000000c0009478                Virt::swapIDToSector(unsigned long)
                0x00000000c000948a                Virt::allocateSwapfilePage()
                0x00000000c0009508                Virt::virtualMemorySetup()
                0x00000000c0009553                Virt::setupPageSwapping(int)
                0x00000000c00095c4                VAS::VAS(VAS*)
                0x00000000c00095c4                VAS::VAS(VAS*)
                0x00000000c00095f2                VAS::getForeignPageTableEntry(bool, unsigned long)
                0x00000000c000961e                VAS::getPageTableEntry(unsigned long)
                0x00000000c000963d                Virt::freeKernelVirtualPages(unsigned long)
                0x00000000c0009762                VAS::freeAllocatedPages(unsigned long)
                0x00000000c0009786                VAS::virtualToPhysical(unsigned long)
                0x00000000c00097a0                VAS::reflagRange(unsigned long, int, int, int)
                0x00000000c00097e0                VAS::VAS()
                0x00000000c00097e0                VAS::VAS()
                0x00000000c000984a                VAS::setToWriteCombining(unsigned long, int)
                0x00000000c000987e                VAS::mapOtherVASIn(bool, VAS*)
                0x00000000c00098a8                VAS::~VAS()
                0x00000000c00098a8                VAS::~VAS()
                0x00000000c0009a0c                VAS::mapPage(unsigned long, unsigned long, int)
                0x00000000c0009b10                VAS::allocatePages(int, int)
                0x00000000c0009ce8                VAS::setCPUSpecific(unsigned long)
                0x00000000c0009d06                VAS::mapRange(unsigned long, unsigned long, int, int)
                0x00000000c0009dcc                VAS::mapForeignPage(bool, VAS*, unsigned long, unsigned long, int)
                0x00000000c0009eba                VAS::VAS(bool)
                0x00000000c0009eba                VAS::VAS(bool)
                0x00000000c000a13a                VAS::evict(unsigned long)
                0x00000000c000a1fc                VAS::tryLoadBackOffDisk(unsigned long)
                0x00000000c000a2ea                VAS::scanForEviction()
                0x00000000c000a3ca                mapVASFirstTime
 .text          0x00000000c000a4c0       0x5f coreobjs/c++.32
                0x00000000c000a4c0                __cxa_atexit
                0x00000000c000a4c3                __cxa_finalize
                0x00000000c000a4c4                __stack_chk_fail
                0x00000000c000a4fa                __cxa_pure_virtual
                0x00000000c000a50b                operator new[](unsigned long)
                0x00000000c000a510                operator delete(void*, unsigned long)
                0x00000000c000a515                operator delete[](void*)
                0x00000000c000a51a                operator delete[](void*, unsigned long)
 .text          0x00000000c000a51f      0x21c dbg/kconsole.32
                0x00000000c000a51f                Dbg::stringifyxWithBase(unsigned int, char*, int)
                0x00000000c000a58a                Dbg::logc(char)
                0x00000000c000a5aa                Dbg::logs(char*)
                0x00000000c000a5c7                Dbg::logWriteInt(unsigned int)
                0x00000000c000a5e5                Dbg::logWriteIntBase(unsigned int, int)
                0x00000000c000a606                Dbg::kprintf(char const*, ...)
 *fill*         0x00000000c000a73b        0x1 
 .text          0x00000000c000a73c      0xc5c fs/vfs.32
                0x00000000c000a73c                File::read(unsigned long long, void*, int*)
                0x00000000c000a794                File::write(unsigned long long, void*, int*)
                0x00000000c000a7ec                Directory::read(unsigned long long, void*, int*)
                0x00000000c000a844                Directory::write(unsigned long long, void*, int*)
                0x00000000c000a872                File::isAtty()
                0x00000000c000a876                Directory::isAtty()
                0x00000000c000a87a                Filesystem::getlabel(LogicalDisk*, int, char*, unsigned int*)
                0x00000000c000a880                Filesystem::setlabel(LogicalDisk*, int, char*)
                0x00000000c000a886                Filesystem::allocateSwapfile(char const*, int)
                0x00000000c000a88c                File::~File()
                0x00000000c000a88c                File::~File()
                0x00000000c000a8b0                File::~File()
                0x00000000c000a8da                Directory::~Directory()
                0x00000000c000a8da                Directory::~Directory()
                0x00000000c000a8fe                Directory::~Directory()
                0x00000000c000a928                Filesystem::Filesystem()
                0x00000000c000a928                Filesystem::Filesystem()
                0x00000000c000a94c                Filesystem::~Filesystem()
                0x00000000c000a94c                Filesystem::~Filesystem()
                0x00000000c000a95a                Filesystem::~Filesystem()
                0x00000000c000a97e                Fs::getcwd(Process*, char*, int)
                0x00000000c000a9a8                Fs::initVFS()
                0x00000000c000a9d2                Fs::standardiseFiles(char*, char const*, char const*)
                0x00000000c000ab7c                File::File(char const*, Process*)
                0x00000000c000ab7c                File::File(char const*, Process*)
                0x00000000c000ac3c                File::open(FileOpenMode)
                0x00000000c000ac9a                File::close()
                0x00000000c000acfa                File::seek(unsigned long long)
                0x00000000c000ad50                File::tell(unsigned long long*)
                0x00000000c000ada0                File::rewind()
                0x00000000c000adb4                File::unlink()
                0x00000000c000ae00                File::rename(char const*)
                0x00000000c000ae4e                File::chfatattr(unsigned char, unsigned char)
                0x00000000c000aeaa                File::exists()
                0x00000000c000aee8                File::stat(unsigned long long*, bool*)
                0x00000000c000af49                Fs::setcwd(Process*, char*)
                0x00000000c000b0a6                Directory::Directory(char const*, Process*)
                0x00000000c000b0a6                Directory::Directory(char const*, Process*)
                0x00000000c000b166                Directory::open()
                0x00000000c000b1c2                Directory::close()
                0x00000000c000b222                Directory::unlink()
                0x00000000c000b26e                Directory::rename(char const*)
                0x00000000c000b2bc                Directory::exists()
                0x00000000c000b2fa                Directory::read(dirent*)
                0x00000000c000b346                Directory::create()
                0x00000000c000b392                Filesystem::chfatattr(char const*, unsigned char, unsigned char)
 .text          0x00000000c000b398       0x86 hal/bus.32
                0x00000000c000b398                Bus::Bus(char const*)
                0x00000000c000b398                Bus::Bus(char const*)
                0x00000000c000b3d0                Bus::~Bus()
                0x00000000c000b3d0                Bus::~Bus()
                0x00000000c000b3f4                Bus::~Bus()
 .text          0x00000000c000b41e       0x96 hal/buzzer.32
                0x00000000c000b41e                beepThread(void*)
                0x00000000c000b45b                Krnl::beep(int, int, bool)
 .text          0x00000000c000b4b4      0x46d hal/clock.32
                0x00000000c000b4b4                User::loadClockSettings(int)
                0x00000000c000b506                Clock::Clock(char const*)
                0x00000000c000b506                Clock::Clock(char const*)
                0x00000000c000b53c                Clock::~Clock()
                0x00000000c000b53c                Clock::~Clock()
                0x00000000c000b560                Clock::~Clock()
                0x00000000c000b58a                Clock::timeInSecondsLocal()
                0x00000000c000b5d2                Clock::setTimeInSecondsLocal(unsigned long long)
                0x00000000c000b62b                datetimeToSeconds(datetime_t)
                0x00000000c000b758                Clock::setTimeInDatetimeLocal(datetime_t)
                0x00000000c000b7b8                secondsToDatetime(unsigned long long)
                0x00000000c000b8fc                Clock::timeInDatetimeLocal()
 *fill*         0x00000000c000b921        0x1 
 .text          0x00000000c000b922      0x464 hal/device.32
                0x00000000c000b922                Device::hibernate()
                0x00000000c000b924                Device::wake()
                0x00000000c000b926                Device::detect()
                0x00000000c000b928                Device::disableLegacy()
                0x00000000c000b92a                Device::powerSaving(PowerSavingLevel)
                0x00000000c000b92c                DriverlessDevice::close(int, int, void*)
                0x00000000c000b930                DriverlessDevice::detect()
                0x00000000c000b932                DriverlessDevice::open(int, int, void*)
                0x00000000c000b946                Device::~Device()
                0x00000000c000b946                Device::~Device()
                0x00000000c000b954                Device::~Device()
                0x00000000c000b97c                Device::findAndLoadDriver()
                0x00000000c000b98a                Device::preOpenPCI(PCIDeviceInfo)
                0x00000000c000b9b0                Device::preOpenACPI(void*, char*, char*)
                0x00000000c000b9f0                Device::addIRQHandler(int, void (*)(regs*, void*), bool, void*)
                0x00000000c000ba1a                Device::getParent()
                0x00000000c000ba26                Device::removeIRQHandler(int, void (*)(regs*, void*), bool)
                0x00000000c000ba44                Device::addChild(Device*)
                0x00000000c000ba88                Device::removeAllChildren()
                0x00000000c000bace                Device::hibernateAll()
                0x00000000c000bafe                Device::wakeAll()
                0x00000000c000bb2e                Device::detectAll()
                0x00000000c000bb5e                Device::disableLegacyAll()
                0x00000000c000bb60                Device::loadDriversForAll()
                0x00000000c000bb62                Device::closeAll()
                0x00000000c000bb98                Device::powerSavingAll(PowerSavingLevel)
                0x00000000c000bbce                Device::setName(char const*)
                0x00000000c000bbdc                Device::Device(char const*)
                0x00000000c000bbdc                Device::Device(char const*)
                0x00000000c000bcd8                Device::getName()
                0x00000000c000bce2                DriverlessDevice::DriverlessDevice(char const*)
                0x00000000c000bce2                DriverlessDevice::DriverlessDevice(char const*)
                0x00000000c000bd18                Device::addToLinkedList(LinkedList<Device>&, DeviceType)
                0x00000000c000bd5c                getDevicesOfType(DeviceType)
 *fill*         0x00000000c000bd86        0x2 
 .text          0x00000000c000bd88       0x86 hal/diskctrl.32
                0x00000000c000bd88                HardDiskController::HardDiskController(char const*)
                0x00000000c000bd88                HardDiskController::HardDiskController(char const*)
                0x00000000c000bdc0                HardDiskController::~HardDiskController()
                0x00000000c000bdc0                HardDiskController::~HardDiskController()
                0x00000000c000bde4                HardDiskController::~HardDiskController()
 .text          0x00000000c000be0e       0xe2 hal/diskphys.32
                0x00000000c000be0e                PhysicalDisk::eject()
                0x00000000c000be12                PhysicalDisk::PhysicalDisk(char const*, int)
                0x00000000c000be12                PhysicalDisk::PhysicalDisk(char const*, int)
                0x00000000c000be7a                PhysicalDisk::startCache()
                0x00000000c000bea2                PhysicalDisk::~PhysicalDisk()
                0x00000000c000bea2                PhysicalDisk::~PhysicalDisk()
                0x00000000c000bec6                PhysicalDisk::~PhysicalDisk()
 .text          0x00000000c000bef0        0x0 hal/fpu.32
 .text          0x00000000c000bef0      0x35d hal/intctrl.32
                0x00000000c000bef0                int_handler
                0x00000000c000bf78                installISRHandler(int, void (*)(regs*, void*), void*)
                0x00000000c000bfc0                installIRQHandler(int, void (*)(regs*, void*), bool, void*)
                0x00000000c000c0f8                uninstallISRHandler(int, void (*)(regs*, void*))
                0x00000000c000c12c                uninstallIRQHandler(int, void (*)(regs*, void*), bool)
                0x00000000c000c1ab                setupINTS()
                0x00000000c000c208                convertLegacyIRQNumber(int)
 *fill*         0x00000000c000c24d        0x1 
 .text          0x00000000c000c24e      0x7ec hal/keybrd.32
                0x00000000c000c24e                startGUI(void*)
                0x00000000c000c2ba                startGUIVESA(void*)
                0x00000000c000c326                sendKeyToTerminal(unsigned char)
                0x00000000c000c3f5                sendKeyboardToken(KeyboardToken)
                0x00000000c000c835                clearInternalKeybuffer(VgaText*)
                0x00000000c000c86a                readKeyboard(VgaText*, char*, unsigned long)
                0x00000000c000c9b0                Keyboard::Keyboard(char const*)
                0x00000000c000c9b0                Keyboard::Keyboard(char const*)
                0x00000000c000c9ec                Keyboard::~Keyboard()
                0x00000000c000c9ec                Keyboard::~Keyboard()
                0x00000000c000ca10                Keyboard::~Keyboard()
 .text          0x00000000c000ca3a      0x3f4 hal/logidisk.32
                0x00000000c000ca3a                LogicalDisk::close(int, int, void*)
                0x00000000c000ca3e                LogicalDisk::~LogicalDisk()
                0x00000000c000ca3e                LogicalDisk::~LogicalDisk()
                0x00000000c000ca62                LogicalDisk::~LogicalDisk()
                0x00000000c000ca8c                LogicalDisk::open(int, int, void*)
                0x00000000c000caa0                LogicalDisk::absoluteToRelative(unsigned long long)
                0x00000000c000cad8                LogicalDisk::relativeToAbsolute(unsigned long long)
                0x00000000c000cb1e                LogicalDisk::LogicalDisk(char const*, PhysicalDisk*, unsigned long long, unsigned long long)
                0x00000000c000cb1e                LogicalDisk::LogicalDisk(char const*, PhysicalDisk*, unsigned long long, unsigned long long)
                0x00000000c000cbde                LogicalDisk::assignDriveLetter()
                0x00000000c000cc94                LogicalDisk::mount()
                0x00000000c000ccdc                LogicalDisk::unmount()
                0x00000000c000ccec                LogicalDisk::eject()
                0x00000000c000cd00                LogicalDisk::unassignDriveLetter()
                0x00000000c000cd56                LogicalDisk::read(unsigned long long, int, void*)
                0x00000000c000cdc2                LogicalDisk::write(unsigned long long, int, void*)
 *fill*         0x00000000c000ce2e        0x2 
 .text          0x00000000c000ce30       0x86 hal/mouse.32
                0x00000000c000ce30                Mouse::Mouse(char const*)
                0x00000000c000ce30                Mouse::Mouse(char const*)
                0x00000000c000ce68                Mouse::~Mouse()
                0x00000000c000ce68                Mouse::~Mouse()
                0x00000000c000ce8c                Mouse::~Mouse()
 .text          0x00000000c000ceb6       0x90 hal/nic.32
                0x00000000c000ceb6                NIC::getMAC()
                0x00000000c000cebc                NIC::write(int, unsigned char*, int*)
                0x00000000c000cec2                NIC::NIC(char const*)
                0x00000000c000cec2                NIC::NIC(char const*)
                0x00000000c000cef8                NIC::~NIC()
                0x00000000c000cef8                NIC::~NIC()
                0x00000000c000cf1c                NIC::~NIC()
 .text          0x00000000c000cf46      0x339 hal/partition.32
                0x00000000c000cf46                makePartition(PhysicalDisk*, unsigned long long, unsigned long long)
                0x00000000c000cfee                createPartitionsForDisk(PhysicalDisk*)
 *fill*         0x00000000c000d27f        0x1 
 .text          0x00000000c000d280       0x86 hal/serial.32
                0x00000000c000d280                Serial::Serial(char const*)
                0x00000000c000d280                Serial::Serial(char const*)
                0x00000000c000d2b8                Serial::~Serial()
                0x00000000c000d2b8                Serial::~Serial()
                0x00000000c000d2dc                Serial::~Serial()
 *fill*         0x00000000c000d306        0x2 
 .text          0x00000000c000d308      0x234 hal/timer.32
                0x00000000c000d308                Timer::Timer(char const*)
                0x00000000c000d308                Timer::Timer(char const*)
                0x00000000c000d340                Timer::~Timer()
                0x00000000c000d340                Timer::~Timer()
                0x00000000c000d364                Timer::~Timer()
                0x00000000c000d38e                Timer::read()
                0x00000000c000d399                setupTimer(int)
                0x00000000c000d3d4                timerHandler(unsigned int)
 .text          0x00000000c000d53c      0x440 hal/vcache.32
                0x00000000c000d53c                VCache::VCache(PhysicalDisk*)
                0x00000000c000d53c                VCache::VCache(PhysicalDisk*)
                0x00000000c000d6ac                VCache::invalidateReadBuffer()
                0x00000000c000d6bc                VCache::writeWriteBuffer()
                0x00000000c000d708                VCache::~VCache()
                0x00000000c000d708                VCache::~VCache()
                0x00000000c000d75c                VCache::~VCache()
                0x00000000c000d784                VCache::write(unsigned long long, int, void*)
                0x00000000c000d872                VCache::read(unsigned long long, int, void*)
 .text          0x00000000c000d97c      0x4c7 hal/video.32
                0x00000000c000d97c                Video::putrect(int, int, int, int, unsigned int)
                0x00000000c000d9c8                Video::bitblit(int, int, int, int, int, int, int, unsigned int*)
                0x00000000c000da38                Video::blit(unsigned int*, int, int, int, int)
                0x00000000c000dab6                Video::clearScreen(unsigned int)
                0x00000000c000daea                Video::putpixel(int, int, unsigned int)
                0x00000000c000daf8                Video::readPixelApprox(int, int)
                0x00000000c000db0c                Video::Video(char const*)
                0x00000000c000db0c                Video::Video(char const*)
                0x00000000c000db42                Video::~Video()
                0x00000000c000db42                Video::~Video()
                0x00000000c000db66                Video::~Video()
                0x00000000c000db90                Video::isMonochrome()
                0x00000000c000db9c                Video::getWidth()
                0x00000000c000dba8                Video::getHeight()
                0x00000000c000dbb4                Video::drawCursor(int, int, unsigned int*, int)
                0x00000000c000dc70                Video::tgaParse(unsigned char*, int, int*, int*)
                0x00000000c000ddd8                Video::putTGA(int, int, unsigned char*, int)
 *fill*         0x00000000c000de43        0x1 
 .text          0x00000000c000de44     0x1307 hw/acpi.32
                0x00000000c000de44                ACPI::close(int, int, void*)
                0x00000000c000defc                findRSDP()
                0x00000000c000df8c                loadACPITables(unsigned char*)
                0x00000000c000e1f0                findRSDT(unsigned char*)
                0x00000000c000e340                findDataTable(unsigned char*, char*)
                0x00000000c000e3b8                scanMADT()
                0x00000000c000e88c                ACPI::ACPI()
                0x00000000c000e88c                ACPI::ACPI()
                0x00000000c000e8e0                ACPI::getPCIIRQAssignment(unsigned char, unsigned short, unsigned char)
                0x00000000c000e9c8                ACPI::registerPCIIRQAssignment(void*, unsigned short, unsigned char, unsigned char)
                0x00000000c000ea90                ACPI::setScreenBrightnessLevel(void*, int)
                0x00000000c000ea98                ACPI::detectPCI()
                0x00000000c000eca0                ACPI::writeSimpleBootFlag(SimpleBootFlagTable*)
                0x00000000c000ecf4                ACPI::sleep()
                0x00000000c000ed10                ACPI::open(int, int, void*)
 *fill*         0x00000000c000f14b        0x1 
 .text          0x00000000c000f14c      0xb95 hw/cpu.32
                0x00000000c000f14c                CPU::close(int, int, void*)
                0x00000000c000f150                CPU::AMD_K6_write_msr(unsigned int, unsigned int, unsigned int, CPU::REGS*)
                0x00000000c000f16c                CPU::AMD_K6_read_msr(unsigned int, CPU::REGS*)
                0x00000000c000f184                CPU::AMD_K6_writeback(int, int, int)
                0x00000000c000f1f8                CPU::cpuid(int, unsigned long*, unsigned long*, unsigned long*, unsigned long*)
                0x00000000c000f27c                CPU::cpuidCheckEDX(unsigned int)
                0x00000000c000f2aa                CPU::cpuidCheckECX(unsigned int)
                0x00000000c000f2d8                CPU::cpuidCheckExtendedEBX(unsigned int)
                0x00000000c000f306                CPU::cpuidCheckExtendedECX(unsigned int)
                0x00000000c000f334                CPU::CPU()
                0x00000000c000f334                CPU::CPU()
                0x00000000c000f3c2                CPU::displayFeatures()
                0x00000000c000f3c4                CPU::detectFeatures()
                0x00000000c000fa88                CPU::setupSMEP()
                0x00000000c000fa94                CPU::setupUMIP()
                0x00000000c000fa9e                CPU::setupTSC()
                0x00000000c000faa8                CPU::setupLargePages()
                0x00000000c000fab2                CPU::setupPAT()
                0x00000000c000faee                CPU::setupMTRR()
                0x00000000c000faf0                CPU::setupGlobalPages()
                0x00000000c000fafa                CPU::allowUsermodeDataAccess()
                0x00000000c000fb0c                CPU::prohibitUsermodeDataAccess()
                0x00000000c000fb1e                CPU::setupSMAP()
                0x00000000c000fb2c                CPU::setupFeatures()
                0x00000000c000fbf8                CPU::open(int, int, void*)
 .text          0x00000000c000fce1       0xd1 krnl/bootmsg.32
                0x00000000c000fce1                KeDisplaySplashScreen()
                0x00000000c000fd4f                KeSetBootMessage(char const*)
 .text          0x00000000c000fdb2      0x581 krnl/env.32
                0x00000000c000fdb2                EnvVarContainer::getEnv(char const*)
                0x00000000c000fdf0                EnvVarContainer::setEnv(char const*, char const*)
                0x00000000c000feb2                EnvVarContainer::deleteEnv(char const*)
                0x00000000c000feb4                EnvVarContainer::loadFrom(char const*, char const*)
                0x00000000c001009a                EnvVarContainer::__loadSystem()
                0x00000000c00100b4                EnvVarContainer::__loadUser()
                0x00000000c00100b6                EnvVarContainer::EnvVarContainer(Process*)
                0x00000000c00100b6                EnvVarContainer::EnvVarContainer(Process*)
                0x00000000c00100d8                EnvVarContainer::~EnvVarContainer()
                0x00000000c00100d8                EnvVarContainer::~EnvVarContainer()
                0x00000000c0010108                Krnl::getEnv(Process*, char const*)
                0x00000000c001016d                Krnl::setEnvSystem(char const*, char const*)
                0x00000000c0010187                Krnl::setEnvUser(char const*, char const*)
                0x00000000c00101a6                Krnl::setEnvProcess(Process*, char const*, char const*)
                0x00000000c00101b9                Krnl::deleteEnvSystem(char const*)
                0x00000000c00101ba                Krnl::deleteEnvUser(char const*)
                0x00000000c00101bb                Krnl::deleteEnvProcess(Process*, char const*)
                0x00000000c00101bc                Krnl::newProcessEnv(Process*)
                0x00000000c00101de                Krnl::copyProcessEnv(Process*, Process*)
                0x00000000c001022a                Krnl::loadSystemEnv()
                0x00000000c0010258                Krnl::loadUserEnv()
                0x00000000c001027e                Krnl::flushEnv()
                0x00000000c001027f                Krnl::getProcessTotalEnvCount(Process*)
                0x00000000c001029f                Krnl::getProcessEnvPair(Process*, int)
 .text          0x00000000c0010333       0x94 krnl/inlines.32
                0x00000000c0010333                CPU::current()
                0x00000000c001033f                operator new(unsigned long)
                0x00000000c0010344                operator delete(void*)
                0x00000000c0010349                disableIRQs()
                0x00000000c001034b                enableIRQs()
                0x00000000c001034d                lockScheduler()
                0x00000000c0010355                unlockScheduler()
                0x00000000c0010364                lockStuff()
                0x00000000c0010372                unlockStuff()
                0x00000000c00103ac                Virt::getAKernelVAS()
                0x00000000c00103b2                __not_memcpy
 .text          0x00000000c00103c7        0xc krnl/panic.32
                0x00000000c00103c7                KePanic(char const*)
 .text          0x00000000c00103d3      0x142 krnl/powctrl.32
                0x00000000c00103d3                Krnl::powerThread(void*)
                0x00000000c0010401                Krnl::changePowerSettings(Krnl::PowerSettings)
                0x00000000c0010417                Krnl::userIOReceived()
                0x00000000c0010422                Krnl::handlePowerButton()
                0x00000000c0010457                Krnl::handleSleepButton()
                0x00000000c001048c                Krnl::setupPowerManager()
 *fill*         0x00000000c0010515        0x3 
 .text          0x00000000c0010518      0x190 krnl/resolve.32
                0x00000000c0010518                KeResolveCompatibilitySymbol(char*)
 .text          0x00000000c00106a8      0x313 krnl/signal.32
                0x00000000c00106a8                KiSigKill(int)
                0x00000000c00106bc                KiDefaultSignalHandlerIgnore(int)
                0x00000000c00106bd                KiDefaultSignalHandlerPause(int)
                0x00000000c00106e9                KiDefaultSignalHandlerResume(int)
                0x00000000c0010715                KeDeinitSignals(SigHandlerBlock*)
                0x00000000c001071a                KeInitSignals()
                0x00000000c0010765                KeRegisterSignalHandler(SigHandlerBlock*, int, void (*)(int), unsigned int, int)
                0x00000000c001079b                KeRaiseSignal(SigHandlerBlock*, int)
                0x00000000c0010818                KeCheckSignal(SigHandlerBlock*, int*)
                0x00000000c0010907                KiCheckSignalZ
                0x00000000c0010949                KeCompleteSignal(SigHandlerBlock*, int)
                0x00000000c0010984                KiFinishSignalZ
 .text          0x00000000c00109bb      0xc39 krnl/syscalls.32
                0x00000000c00109bb                SysSeekDir(regs*)
                0x00000000c00109c0                SysTellDir(regs*)
                0x00000000c00109c5                SysVerify(regs*)
                0x00000000c00109cf                SysGetArgc(regs*)
                0x00000000c00109df                SysTTYName(regs*)
                0x00000000c00109e7                SysFormatDisk(regs*)
                0x00000000c0010a54                SysSetDiskVolumeLabel(regs*)
                0x00000000c0010a9e                SysGetDiskVolumeLabel(regs*)
                0x00000000c0010af3                SysShutdown(regs*)
                0x00000000c0010b51                SysRealpath(regs*)
                0x00000000c0010b94                SysReadDir(regs*)
                0x00000000c0010c14                SysIsATTY(regs*)
                0x00000000c0010c70                SysSeek(regs*)
                0x00000000c0010cc9                SysTell(regs*)
                0x00000000c0010d38                SysSize(regs*)
                0x00000000c0010dad                SysSizeFromFilename(regs*)
                0x00000000c0010e60                SysClose(regs*)
                0x00000000c0010ec0                SysOpenDir(regs*)
                0x00000000c0010f37                SysMakeDir(regs*)
                0x00000000c0010fa1                SysCloseDir(regs*)
                0x00000000c0010ff5                SysWait(regs*)
                0x00000000c0011012                SysNotImpl(regs*)
                0x00000000c001102d                SysPanic(regs*)
                0x00000000c0011048                SysRmdir(regs*)
                0x00000000c00110af                SysUnlink(regs*)
                0x00000000c0011116                SysGetArgv(regs*)
                0x00000000c0011163                SysUSleep(regs*)
                0x00000000c001118c                SysSpawn(regs*)
                0x00000000c00111f5                SysGetEnv(regs*)
                0x00000000c00112a4                SysSetFatAttrib(regs*)
                0x00000000c001131b                SysPipe(regs*)
                0x00000000c0011360                SysGetUnixTime(regs*)
                0x00000000c0011374                string_ends_with(char const*, char const*)
                0x00000000c00113be                SysOpen(regs*)
                0x00000000c00115b2                KeSystemCall(regs*, void*)
 .text          0x00000000c00115f4      0x110 net/ethernet.32
                0x00000000c00115f4                KeSwitchEndian16(unsigned short)
                0x00000000c0011620                KeSwitchEndian32(unsigned int)
                0x00000000c0011650                EthernetCRC32(unsigned char*, int)
                0x00000000c00116f4                EthernetReceivedPacket(unsigned char*, unsigned short)
 .text          0x00000000c0011704      0xcc4 reg/cm.32
                0x00000000c0011704                CmOpen(char const*)
                0x00000000c0011822                CmClose(Reghive_Tag*)
                0x00000000c0011838                CmReadExtent(Reghive_Tag*, int, unsigned char*)
                0x00000000c0011874                CmGetString(Reghive_Tag*, int, char*)
                0x00000000c00118eb                CmEnterDirectory(Reghive_Tag*, int)
                0x00000000c001192a                CmGetNext(Reghive_Tag*, int)
                0x00000000c001195c                CmWriteExtent(Reghive_Tag*, int, unsigned char*)
                0x00000000c0011998                CmFreeExtent(Reghive_Tag*, int)
                0x00000000c00119c0                CmUpdateHeader(Reghive_Tag*)
                0x00000000c00119e1                CmExpand(Reghive_Tag*, int)
                0x00000000c0011a5c                CmFindUnusedExtent(Reghive_Tag*)
                0x00000000c0011ae2                CmCreateExtent(Reghive_Tag*, int, int, unsigned char*)
                0x00000000c0011bd6                CmSetString(Reghive_Tag*, int, char const*)
                0x00000000c0011d12                CmGetMatch(char*, char*, bool, bool*)
                0x00000000c0011d73                CmAddShift(unsigned int*, int*, unsigned char, int)
                0x00000000c0011da3                CmGetShift(unsigned int*, int*, int, bool*)
                0x00000000c0011dda                CmGetInteger(Reghive_Tag*, int, unsigned long long*)
                0x00000000c0011e04                CmSetInteger(Reghive_Tag*, int, unsigned long long)
                0x00000000c0011e44                CmConvertFromInternalFilename(unsigned char const*, char*)
                0x00000000c0011ee8                CmGetNameAndTypeFromExtent(Reghive_Tag*, int, char*)
                0x00000000c0011f16                CmConvertToInternalFilename(char const*, unsigned char*)
                0x00000000c00120b4                CmCreateString(Reghive_Tag*, int, char const*)
                0x00000000c0012101                CmFindInDirectory(Reghive_Tag*, int, char const*)
                0x00000000c001217b                CmCreateInteger(Reghive_Tag*, int, char const*, unsigned long long, int)
                0x00000000c00121ce                CmCreateDirectory(Reghive_Tag*, int, char const*)
                0x00000000c0012272                CmFindObjectFromPath(Reghive_Tag*, char const*)
                0x00000000c00122f3                CmDisplayTree(Reghive_Tag*, int, int)
                0x00000000c0012396                CmSplitFinalSlashInPlace(char*)
 .text          0x00000000c00123c8      0x50e reg/registry.32
                0x00000000c00123c8                Reg::findLineFromLoadedData(char*, char*, char*)
                0x00000000c0012520                Reg::getLineFromRegistry(char*, char*, char*, char*)
                0x00000000c0012675                Reg::getLine(char*, char*, char*)
                0x00000000c00126ac                Reg::readInt(char*, char*, int*)
                0x00000000c0012797                Reg::readString(char*, char*, char*, int)
                0x00000000c0012818                Reg::readBool(char*, char*, bool*)
                0x00000000c001283d                Reg::readBoolWithDefault(char*, char*, bool)
                0x00000000c0012869                Reg::readIntWithDefault(char*, char*, int)
                0x00000000c0012895                Reg::readStringWithDefault(char*, char*, char*, int, char*)
 .text          0x00000000c00128d6       0x36 sys/eject.32
                0x00000000c00128d6                SysEject(regs*)
 .text          0x00000000c001290c       0x18 sys/exit.32
                0x00000000c001290c                SysExit(regs*)
 .text          0x00000000c0012924       0x1f sys/getcwd.32
                0x00000000c0012924                SysGetCwd(regs*)
 .text          0x00000000c0012943        0xc sys/getpid.32
                0x00000000c0012943                SysGetPID(regs*)
 .text          0x00000000c001294f       0x1a sys/getramdata.32
                0x00000000c001294f                SysGetRAMData(regs*)
 .text          0x00000000c0012969       0x82 sys/getvgaptr.32
                0x00000000c0012969                SysGetVGAPtr(regs*)
 *fill*         0x00000000c00129eb        0x1 
 .text          0x00000000c00129ec       0xb9 sys/kill.32
                0x00000000c00129ec                SysKill(regs*)
 .text          0x00000000c0012aa5       0xa8 sys/loaddll.32
                0x00000000c0012aa5                SysLoadDLL(regs*)
 .text          0x00000000c0012b4d       0x68 sys/read.32
                0x00000000c0012b4d                SysRead(regs*)
 .text          0x00000000c0012bb5       0x29 sys/registersignal.32
                0x00000000c0012bb5                SysRegisterSignal(regs*)
 .text          0x00000000c0012bde      0x176 sys/registry.32
                0x00000000c0012bde                SysRegistryGetTypeFromPath(regs*)
                0x00000000c0012c55                SysRegistryReadExtent(regs*)
                0x00000000c0012c5a                SysRegistryPathToExtentLookup(regs*)
                0x00000000c0012c82                SysRegistryEnterDirectory(regs*)
                0x00000000c0012caa                SysRegistryGetNext(regs*)
                0x00000000c0012cd2                SysRegistryGetNameAndTypeFromExtent(regs*)
                0x00000000c0012d2b                SysRegistryOpen(regs*)
                0x00000000c0012d4f                SysRegistryClose(regs*)
 .text          0x00000000c0012d54       0x55 sys/sbrk.32
                0x00000000c0012d54                SysSbrk(regs*)
 .text          0x00000000c0012da9       0x1c sys/setcwd.32
                0x00000000c0012da9                SysSetCwd(regs*)
 .text          0x00000000c0012dc5       0x95 sys/settime.32
                0x00000000c0012dc5                SysSetTime(regs*)
 .text          0x00000000c0012e5a       0x4a sys/timezone.32
                0x00000000c0012e5a                SysTimezone(regs*)
 .text          0x00000000c0012ea4       0x68 sys/write.32
                0x00000000c0012ea4                SysWrite(regs*)
 .text          0x00000000c0012f0c       0x62 sys/wsbe.32
                0x00000000c0012f0c                SysWsbe(regs*)
 .text          0x00000000c0012f6e       0x25 sys/yield.32
                0x00000000c0012f6e                SysYield(regs*)
 .text          0x00000000c0012f93     0x11e5 thr/elf.32
                0x00000000c0012f93                Thr::allocateMemoryForTask(Process*, File*, unsigned long, unsigned long, unsigned long)
                0x00000000c001321f                Thr::loadProgramIntoMemory(Process*, char const*)
                0x00000000c0013435                Thr::runtimeReferenceHelper()
                0x00000000c0013448                Thr::getAddressOfKernelSymbol(char const*)
                0x00000000c0013497                Thr::loadKernelSymbolTable(char const*)
                0x00000000c0013755                Thr::loadDriverIntoMemory(char const*, unsigned long, bool)
                0x00000000c0013e8b                Thr::getDriverBaseFromAddress(unsigned long)
                0x00000000c0013ebd                Thr::getDriverNameFromAddress(unsigned long)
                0x00000000c0013ef4                Thr::getDriverOffsetFromAddress(unsigned long)
                0x00000000c0013f0e                Thr::loadDLL(char const*, bool)
                0x00000000c001413f                Thr::executeDLL(unsigned long, void*)
 .text          0x00000000c0014178     0x1325 thr/prcssthr.32
                0x00000000c0014178                userModeEntryPoint(void*)
                0x00000000c00141a0                changeTSS
                0x00000000c00141d0                switchToThread(ThreadControlBlock*)
                0x00000000c0014284                Process::addArgs(char**)
                0x00000000c00142e4                Process::Process(char const*, Process*, char**)
                0x00000000c00142e4                Process::Process(char const*, Process*, char**)
                0x00000000c00144f0                Process::Process(bool, char const*, Process*, char**)
                0x00000000c00144f0                Process::Process(bool, char const*, Process*, char**)
                0x00000000c00146c8                taskStartupFunction
                0x00000000c00146d4                Semaphore::Semaphore(int)
                0x00000000c00146d4                Semaphore::Semaphore(int)
                0x00000000c0014704                Mutex::Mutex()
                0x00000000c0014704                Mutex::Mutex()
                0x00000000c0014718                Process::createThread(void (*)(void*), void*, int)
                0x00000000c0014824                Process::createUserThread()
                0x00000000c0014844                setupMultitasking(void (*)())
                0x00000000c0014960                schedule()
                0x00000000c00149f0                Semaphore::tryAcquire()
                0x00000000c0014abc                Semaphore::assertLocked(char const*)
                0x00000000c0014b34                blockTaskWithSchedulerLockAlreadyHeld(TaskState)
                0x00000000c0014b5c                blockTask(TaskState)
                0x00000000c0014b8c                waitTask(int, int*, int)
                0x00000000c0014bd0                milliTenthSleepUntil(unsigned int)
                0x00000000c0014c60                milliTenthSleep(unsigned int)
                0x00000000c0014c70                sleep(unsigned int)
                0x00000000c0014c8c                Semaphore::acquire()
                0x00000000c0014d48                taskReturned
                0x00000000c0014d84                Thr::processFromPID(int)
                0x00000000c0014e24                unblockTask(ThreadControlBlock*)
                0x00000000c0014ec8                cleanupTerminatedTask(ThreadControlBlock*)
                0x00000000c0015194                cleanerTaskFunction(void*)
                0x00000000c0015284                terminateTask(int)
                0x00000000c0015350                Thr::terminateFromIRQ(int)
                0x00000000c0015360                Semaphore::release()
 .text          0x00000000c001549d      0xb93 vm86/vm8086.32
                0x00000000c001549d                Vm::inbv(unsigned short)
                0x00000000c00154b0                Vm::outbv(unsigned short, unsigned char)
                0x00000000c00154e6                Vm::realToLinear(unsigned short, unsigned short)
                0x00000000c00154f6                Vm::getSegment(unsigned int)
                0x00000000c00154fe                Vm::getOffset(unsigned int)
                0x00000000c0015503                Vm::mainloop2()
                0x00000000c001553d                Vm::mainVm8086Loop(void*)
                0x00000000c001554d                Vm::mainloop3(unsigned long)
                0x00000000c0015573                Vm::initialise8086()
                0x00000000c00155b6                Vm::finish8086()
                0x00000000c0015617                Vm::getOutput8086(unsigned char*)
                0x00000000c001563c                Vm::start8086FromBuffer(unsigned char*, int, unsigned short, unsigned short, unsigned short, unsigned short)
                0x00000000c00156f5                Vm::start8086(char const*, unsigned short, unsigned short, unsigned short, unsigned short)
                0x00000000c001585d                Vm::doISR(regs*, int, unsigned char*, unsigned short, unsigned short)
                0x00000000c00158e7                Vm::readByteFromReal(unsigned short, unsigned short)
                0x00000000c00158f8                Vm::readWordFromReal(unsigned short, unsigned short)
                0x00000000c001590a                Vm::readDwordFromReal(unsigned short, unsigned short)
                0x00000000c001591b                Vm::writeByteFromReal(unsigned short, unsigned short, unsigned char)
                0x00000000c0015930                Vm::writeWordFromReal(unsigned short, unsigned short, unsigned short)
                0x00000000c0015946                Vm::writeDwordFromReal(unsigned short, unsigned short, unsigned int)
                0x00000000c001595b                Vm::faultHandler(regs*)
 .text          0x00000000c0016030      0xa8e arch/i386/hal.32
                0x00000000c0016030                noCopro(unsigned long)
                0x00000000c0016031                nmiHandler(regs*, void*)
                0x00000000c001604a                doubleFault(regs*, void*)
                0x00000000c0016063                displayDebugInfo(regs*)
                0x00000000c00163bf                HalSystemIdle()
                0x00000000c0016435                displayProgramFault(char const*)
                0x00000000c0016481                gpFault(regs*, void*)
                0x00000000c00164e6                pgFault(regs*, void*)
                0x00000000c001656c                otherISRHandler(regs*, void*)
                0x00000000c00165a0                opcodeFault(regs*, void*)
                0x00000000c0016620                i386SaveCoprocessor(void*)
                0x00000000c0016634                i386LoadCoprocessor(void*)
                0x00000000c0016648                x87EmulHandler(regs*, void*)
                0x00000000c00166e5                HalInitialiseCoprocessor()
                0x00000000c0016793                HalPanic(char const*)
                0x00000000c001688c                HalQueryPerformanceCounter()
                0x00000000c00168a7                HalInitialise()
                0x00000000c0016a4d                HalMakeBeep(int)
                0x00000000c0016a87                HalGetRand()
                0x00000000c0016a8a                HalEndOfInterrupt(int)
                0x00000000c0016abb                HalRestart()
                0x00000000c0016abc                HalShutdown()
                0x00000000c0016abd                HalSleep()
 *fill*         0x00000000c0016abe        0x2 
 .text          0x00000000c0016ac0      0x2f4 arch/i386/pic.32
                0x00000000c0016ac0                picIoWait()
                0x00000000c0016ac8                picDisable()
                0x00000000c0016afc                picGetIRQReg(int)
                0x00000000c0016b80                picOpen()
                0x00000000c0016d10                picEOI(int)
 .text          0x00000000c0016db4      0x64d arch/i386/rtc.32
                0x00000000c0016db4                RTC::open(int, int, void*)
                0x00000000c0016db8                RTC::close(int, int, void*)
                0x00000000c0016dbc                RTC::timeInSecondsUTC()
                0x00000000c0016dce                RTC::timeInDatetimeUTC()
                0x00000000c0016df4                RTC::setTimeInSecondsUTC(unsigned long long)
                0x00000000c0016e32                RTC::~RTC()
                0x00000000c0016e32                RTC::~RTC()
                0x00000000c0016e56                RTC::~RTC()
                0x00000000c0016e80                RTC::get_update_in_progress_flag()
                0x00000000c0016e98                RTC::completeRTCRefresh()
                0x00000000c0017150                RTC::setTimeInDatetimeUTC(datetime_t)
                0x00000000c0017303                rtcIRQHandler(regs*, void*)
                0x00000000c0017348                RTC::RTC()
                0x00000000c0017348                RTC::RTC()
 *fill*         0x00000000c0017401        0x3 
 .text          0x00000000c0017404      0x203 arch/i386/vga.32
                0x00000000c0017404                HalConsoleScroll(int, int)
                0x00000000c001750c                HalConsoleWriteCharacter(char, int, int, int, int)
                0x00000000c0017578                HalConsoleCursorUpdate(int, int)
 *fill*         0x00000000c0017607        0x1 
 .text          0x00000000c0017608     0x13e7 fs/fat/vfslink.32
                0x00000000c0017608                FAT::getName()
                0x00000000c0017610                FAT::tell(void*, unsigned long long*)
                0x00000000c001764c                FAT::stat(void*, unsigned long long*)
                0x00000000c0017688                FAT::~FAT()
                0x00000000c0017688                FAT::~FAT()
                0x00000000c00176ac                FAT::~FAT()
                0x00000000c00176d4                FAT::getlabel(LogicalDisk*, int, char*, unsigned int*)
                0x00000000c0017778                FAT::setlabel(LogicalDisk*, int, char*)
                0x00000000c001783c                FAT::format(LogicalDisk*, int, char const*, int)
                0x00000000c0017a10                FAT::tryMount(LogicalDisk*, int)
                0x00000000c0017c28                FAT::allocateSwapfile(char const*, int)
                0x00000000c0017de8                FAT::readDir(void*, unsigned long, void*, int*)
                0x00000000c0017f54                FAT::read(void*, unsigned long, void*, int*)
                0x00000000c0017fb4                FAT::write(void*, unsigned long, void*, int*)
                0x00000000c0018014                FAT::close(void*)
                0x00000000c0018068                FAT::closeDir(void*)
                0x00000000c00180bc                FAT::seek(void*, unsigned long long)
                0x00000000c0018114                fatWrapperReadDisk
                0x00000000c0018158                fatWrapperWriteDisk
                0x00000000c001819c                fatWrapperIoctl
                0x00000000c00182b8                FAT::FAT()
                0x00000000c00182b8                FAT::FAT()
                0x00000000c001830c                FAT::fixFilepath(char*)
                0x00000000c0018348                FAT::open(char const*, void**, FileOpenMode)
                0x00000000c0018480                FAT::openDir(char const*, void**)
                0x00000000c0018530                FAT::stat(char const*, unsigned long long*, bool*)
                0x00000000c0018628                FAT::unlink(char const*)
                0x00000000c00186a8                FAT::chfatattr(char const*, unsigned char, unsigned char)
                0x00000000c0018834                FAT::rename(char const*, char const*)
                0x00000000c0018900                FAT::mkdir(char const*)
                0x00000000c0018980                FAT::exists(char const*)
 *fill*         0x00000000c00189ef        0x1 
 .text          0x00000000c00189f0       0x94 fs/iso9660/helper.32
                0x00000000c00189f0                isoReadDiscSectorHelper
                0x00000000c0018a4c                iso_kprintf
                0x00000000c0018a68                iso_kprintfd
 .text          0x00000000c0018a84      0x6f8 fs/iso9660/vfslink.32
                0x00000000c0018a84                ISO9660::format(LogicalDisk*, int, char const*, int)
                0x00000000c0018a8a                ISO9660::getName()
                0x00000000c0018a90                ISO9660::closeDir(void*)
                0x00000000c0018a9a                ISO9660::chfatattr(char const*, unsigned char, unsigned char)
                0x00000000c0018aa0                ISO9660::unlink(char const*)
                0x00000000c0018aa6                ISO9660::write(void*, unsigned long, void*, int*)
                0x00000000c0018aac                ISO9660::rename(char const*, char const*)
                0x00000000c0018ab2                ISO9660::mkdir(char const*)
                0x00000000c0018ab8                ISO9660::~ISO9660()
                0x00000000c0018ab8                ISO9660::~ISO9660()
                0x00000000c0018adc                ISO9660::~ISO9660()
                0x00000000c0018b04                ISO9660::exists(char const*)
                0x00000000c0018b18                ISO9660::open(char const*, void**, FileOpenMode)
                0x00000000c0018bf6                ISO9660::read(void*, unsigned long, void*, int*)
                0x00000000c0018c3e                ISO9660::seek(void*, unsigned long long)
                0x00000000c0018c80                ISO9660::tell(void*, unsigned long long*)
                0x00000000c0018cbe                ISO9660::stat(void*, unsigned long long*)
                0x00000000c0018d10                ISO9660::stat(char const*, unsigned long long*, bool*)
                0x00000000c0018e48                ISO9660::close(void*)
                0x00000000c0018e78                ISO9660::openDir(char const*, void**)
                0x00000000c0018f4a                ISO9660::readDir(void*, unsigned long, void*, int*)
                0x00000000c0019067                readSectorFromCDROM(unsigned int, unsigned char*, char)
                0x00000000c00190e2                ISO9660::tryMount(LogicalDisk*, int)
                0x00000000c0019154                ISO9660::ISO9660()
                0x00000000c0019154                ISO9660::ISO9660()
 .text          0x00000000c001917c      0x26c hal/sound/sndcard.32
                0x00000000c001917c                SoundCard::beginPlayback()
                0x00000000c001918a                SoundCard::stopPlayback()
                0x00000000c0019198                SoundCard::SoundCard(char const*)
                0x00000000c0019198                SoundCard::SoundCard(char const*)
                0x00000000c0019236                SoundCard::~SoundCard()
                0x00000000c0019236                SoundCard::~SoundCard()
                0x00000000c001925a                SoundCard::~SoundCard()
                0x00000000c0019284                SoundCard::configureRates(int, int, int)
                0x00000000c00192b4                SoundCard::getSamples16(int, short*)
                0x00000000c0019310                SoundCard::getSamples32(int, int*)
                0x00000000c0019396                SoundCard::addChannel(SoundPort*)
                0x00000000c00193d4                SoundCard::removeChannel(int)
 .text          0x00000000c00193e8      0x377 hal/sound/sndport.32
                0x00000000c00193e8                SoundPort::SoundPort(int, int, int, int)
                0x00000000c00193e8                SoundPort::SoundPort(int, int, int, int)
                0x00000000c0019474                SoundPort::~SoundPort()
                0x00000000c0019474                SoundPort::~SoundPort()
                0x00000000c00194a8                SoundPort::unpause()
                0x00000000c00194b4                SoundPort::pause()
                0x00000000c00194c0                SoundPort::getBufferUsed()
                0x00000000c00194c8                SoundPort::getBufferSize()
                0x00000000c00194d0                SoundPort::buffer16(short*, int)
                0x00000000c001955c                SoundPort::buffer32(int*, int)
                0x00000000c00195e4                SoundPort::unbufferAndAdd16(int, short*, SoundCard*)
                0x00000000c00196a8                SoundPort::unbufferAndAdd32(int, int*, SoundCard*)
 .text          0x00000000c001975f        0x0 hw/bus/isa.32
 *fill*         0x00000000c001975f        0x1 
 .text          0x00000000c0019760      0xb83 hw/bus/pci.32
                0x00000000c0019760                PCI::open(int, int, void*)
                0x00000000c001977e                PCI::close(int, int, void*)
                0x00000000c0019782                PCI::PCI()
                0x00000000c0019782                PCI::PCI()
                0x00000000c001981c                PCI::readBAR8(unsigned int, int)
                0x00000000c0019838                PCI::readBAR16(unsigned int, int)
                0x00000000c0019856                PCI::readBAR32(unsigned int, int)
                0x00000000c0019872                PCI::writeBAR8(unsigned int, unsigned char, int)
                0x00000000c0019892                PCI::writeBAR16(unsigned int, unsigned short, int)
                0x00000000c00198b4                PCI::writeBAR32(unsigned int, unsigned int, int)
                0x00000000c00198d4                PCI::legacyMechanism(unsigned char, unsigned char, unsigned char, unsigned char)
                0x00000000c0019942                PCI::pciReadWord(unsigned char, unsigned char, unsigned char, unsigned char)
                0x00000000c00199ea                PCI::getVendorID(unsigned char, unsigned char, unsigned char)
                0x00000000c0019a0e                PCI::getHeaderType(unsigned char, unsigned char, unsigned char)
                0x00000000c0019a36                PCI::getClassCode(unsigned char, unsigned char, unsigned char)
                0x00000000c0019a80                PCI::getProgIF(unsigned char, unsigned char, unsigned char)
                0x00000000c0019aa8                PCI::getRevisionID(unsigned char, unsigned char, unsigned char)
                0x00000000c0019acc                PCI::getInterruptNumber(unsigned char, unsigned char, unsigned char)
                0x00000000c0019af0                PCI::getSecondaryBus(unsigned char, unsigned char, unsigned char)
                0x00000000c0019b18                PCI::getBARAddress(unsigned char, unsigned char, unsigned char, unsigned char)
                0x00000000c0019b7c                PCI::pciWriteWord(unsigned char, unsigned char, unsigned char, unsigned char, unsigned short)
                0x00000000c0019c64                PCI::pciDetailsToFilepath(PCIDeviceInfo, char*)
                0x00000000c0019f18                PCI::checkBus(unsigned char)
                0x00000000c0019f3e                PCI::foundDevice(PCIDeviceInfo)
                0x00000000c001a0b0                PCI::getDeviceData(unsigned char, unsigned char, unsigned char)
                0x00000000c001a224                PCI::checkDevice(unsigned char, unsigned char)
                0x00000000c001a290                PCI::detect()
 *fill*         0x00000000c001a2e3        0x1 
 .text          0x00000000c001a2e4      0xb5a hw/diskctrl/ide.32
                0x00000000c001a2e4                IDE::close(int, int, void*)
                0x00000000c001a2e8                IDE::IDE()
                0x00000000c001a2e8                IDE::IDE()
                0x00000000c001a31c                IDE::prepareInterrupt(unsigned char)
                0x00000000c001a32e                selectDrive(unsigned char, unsigned char)
                0x00000000c001a330                IDE::getBase(unsigned char)
                0x00000000c001a342                IDE::write(unsigned char, unsigned char, unsigned char)
                0x00000000c001a402                IDE::read(unsigned char, unsigned char)
                0x00000000c001a4b0                IDE::waitInterrupt(unsigned char)
                0x00000000c001a518                ideChannel0IRQHandler(regs*, void*)
                0x00000000c001a534                ideChannel1IRQHandler(regs*, void*)
                0x00000000c001a550                IDE::enableIRQs(unsigned char, bool)
                0x00000000c001a596                IDE::open(int, int, void*)
                0x00000000c001a9a4                IDE::readBuffer(unsigned char, unsigned char, unsigned int, unsigned int)
                0x00000000c001aa70                IDE::detect()
                0x00000000c001ad30                IDE::printError(unsigned char, unsigned char, unsigned char)
                0x00000000c001ade0                IDE::polling(unsigned char, unsigned int)
 .text          0x00000000c001ae3e      0x32a hw/diskctrl/satabus.32
                0x00000000c001ae3e                SATABus::close(int, int, void*)
                0x00000000c001ae42                SATABus::detect()
                0x00000000c001ae44                SATABus::SATABus()
                0x00000000c001ae44                SATABus::SATABus()
                0x00000000c001aeca                SATABus::findCmdslot(SATABus::tagHBA_PORT volatile*)
                0x00000000c001aefc                SATABus::checkType(SATABus::tagHBA_PORT volatile*)
                0x00000000c001af44                SATABus::startCmd(SATABus::tagHBA_PORT volatile*)
                0x00000000c001af64                SATABus::stopCmd(SATABus::tagHBA_PORT volatile*)
                0x00000000c001af8e                SATABus::portRebase(SATABus::tagHBA_PORT volatile*, int)
                0x00000000c001b09e                SATABus::probePort(SATABus::tagHBA_MEM volatile*)
                0x00000000c001b148                SATABus::open(int, int, void*)
 .text          0x00000000c001b168      0x921 hw/diskphys/ata.32
                0x00000000c001b168                ATA::close(int, int, void*)
                0x00000000c001b18c                ATA::powerSaving(PowerSavingLevel)
                0x00000000c001b18e                ATA::ATA()
                0x00000000c001b18e                ATA::ATA()
                0x00000000c001b1bc                ATA::flush(bool)
                0x00000000c001b206                ATA::readyForCommand()
                0x00000000c001b252                ATA::access(unsigned long long, int, void*, bool)
                0x00000000c001b5ce                ATA::detectCHS()
                0x00000000c001b5f8                ATA::open(int, int, void*)
                0x00000000c001b6c4                combineCharAndColour(char, unsigned char)
                0x00000000c001b6d5                combineColours(unsigned char, unsigned char)
                0x00000000c001b6e2                ATA::read(unsigned long long, int, void*)
                0x00000000c001b8b8                ATA::write(unsigned long long, int, void*)
 *fill*         0x00000000c001ba89        0x1 
 .text          0x00000000c001ba8a      0x60e hw/diskphys/atapi.32
                0x00000000c001ba8a                ATAPI::write(unsigned long long, int, void*)
                0x00000000c001ba90                ATAPI::close(int, int, void*)
                0x00000000c001bab4                ATAPI::ATAPI()
                0x00000000c001bab4                ATAPI::ATAPI()
                0x00000000c001bae2                ATAPI::readyForCommand()
                0x00000000c001bb34                ATAPI::sendPacket(unsigned char*, int, bool, unsigned short*, int)
                0x00000000c001bdf4                ATAPI::diskRemoved()
                0x00000000c001be2e                ATAPI::eject()
                0x00000000c001be76                ATAPI::diskInserted()
                0x00000000c001be82                ATAPI::detectMedia()
                0x00000000c001bf3e                ATAPI::open(int, int, void*)
                0x00000000c001c01e                ATAPI::read(unsigned long long, int, void*)
 .text          0x00000000c001c098      0x7ff hw/diskphys/sata.32
                0x00000000c001c098                SATA::close(int, int, void*)
                0x00000000c001c0bc                SATA::powerSaving(PowerSavingLevel)
                0x00000000c001c0be                SATA::open(int, int, void*)
                0x00000000c001c168                SATA::SATA()
                0x00000000c001c168                SATA::SATA()
                0x00000000c001c196                SATA::access(unsigned long long, int, void*, bool)
                0x00000000c001c3e2                SATA::read(unsigned long long, int, void*)
                0x00000000c001c632                SATA::write(unsigned long long, int, void*)
 *fill*         0x00000000c001c897        0x1 
 .text          0x00000000c001c898      0x5c6 hw/diskphys/satapi.32
                0x00000000c001c898                SATAPI::write(unsigned long long, int, void*)
                0x00000000c001c89e                SATAPI::close(int, int, void*)
                0x00000000c001c8c2                SATAPI::SATAPI()
                0x00000000c001c8c2                SATAPI::SATAPI()
                0x00000000c001c8f0                SATAPI::diskRemoved()
                0x00000000c001c8f2                SATAPI::diskInserted()
                0x00000000c001c90e                SATAPI::sendPacket(unsigned char*, int, unsigned long long, unsigned short*, int)
                0x00000000c001cbe2                SATAPI::eject()
                0x00000000c001cc1e                SATAPI::detectMedia()
                0x00000000c001cc74                SATAPI::open(int, int, void*)
                0x00000000c001cd74                SATAPI::read(unsigned long long, int, void*)
 .text          0x00000000c001ce5e      0x455 hw/intctrl/apic.32
                0x00000000c001ce5e                IOAPIC::close(int, int, void*)
                0x00000000c001ce64                apicGetBase()
                0x00000000c001cea6                IOAPIC::IOAPIC()
                0x00000000c001cea6                IOAPIC::IOAPIC()
                0x00000000c001cece                apicOpen()
                0x00000000c001d034                IOAPIC::handlesGSIWithNumber(unsigned int)
                0x00000000c001d066                IOAPIC::read(int)
                0x00000000c001d08e                IOAPIC::open(int, int, void*)
                0x00000000c001d182                IOAPIC::write(int, int)
                0x00000000c001d1ae                IOAPIC::redirect(unsigned char, unsigned long long, unsigned char, bool, bool)
 *fill*         0x00000000c001d2b3        0x1 
 .text          0x00000000c001d2b4       0xf0 hw/timer/apictimer.32
                0x00000000c001d2b4                APICTimer::close(int, int, void*)
                0x00000000c001d2bc                apicTimerHandler(regs*, void*)
                0x00000000c001d2e4                APICTimer::open(int, int, void*)
                0x00000000c001d354                APICTimer::write(int)
                0x00000000c001d37c                APICTimer::APICTimer()
                0x00000000c001d37c                APICTimer::APICTimer()
 .text          0x00000000c001d3a4      0x1aa hw/timer/pit.32
                0x00000000c001d3a4                PIT::write(int)
                0x00000000c001d428                pitHandler(regs*, void*)
                0x00000000c001d44c                PIT::open(int, int, void*)
                0x00000000c001d49c                PIT::close(int, int, void*)
                0x00000000c001d4cc                PIT::PIT()
                0x00000000c001d4cc                PIT::PIT()
 *fill*         0x00000000c001d54e        0x2 
 .text          0x00000000c001d550       0x83 arch/i386/avx.32
                0x00000000c001d550                avxDetect
                0x00000000c001d57a                avxSave
                0x00000000c001d58b                avxLoad
                0x00000000c001d59c                avxInit
                0x00000000c001d5be                avxClose
                0x00000000c001d5bf                wouldSheSayYes
 *fill*         0x00000000c001d5d3        0xd 
 .text          0x00000000c001d5e0      0x2ec arch/i386/interrupt.32
                0x00000000c001d5e0                isr0
                0x00000000c001d5f0                isr1
                0x00000000c001d5fa                isr2
                0x00000000c001d604                isr3
                0x00000000c001d60e                isr4
                0x00000000c001d618                isr5
                0x00000000c001d622                isr6
                0x00000000c001d62c                isr7
                0x00000000c001d636                isr8
                0x00000000c001d63e                isr9
                0x00000000c001d648                isr10
                0x00000000c001d650                isr11
                0x00000000c001d658                isr12
                0x00000000c001d660                isr13
                0x00000000c001d67a                isr14
                0x00000000c001d682                isr15
                0x00000000c001d68c                isr16
                0x00000000c001d696                isr17
                0x00000000c001d6a0                isr18
                0x00000000c001d6aa                irq3
                0x00000000c001d6b4                irq4
                0x00000000c001d6be                irq5
                0x00000000c001d6c8                irq6
                0x00000000c001d6d2                irq7
                0x00000000c001d6dc                irq8
                0x00000000c001d6e6                irq9
                0x00000000c001d6f0                irq10
                0x00000000c001d6fa                irq11
                0x00000000c001d704                irq12
                0x00000000c001d70e                irq13
                0x00000000c001d718                irq14
                0x00000000c001d722                irq15
                0x00000000c001d72c                irq1
                0x00000000c001d733                irq2
                0x00000000c001d73a                isr96
                0x00000000c001d741                irq0
                0x00000000c001d746                int_common_stub
                0x00000000c001d778                syscall_common_stub
                0x00000000c001d87c                irq16
                0x00000000c001d886                irq17
                0x00000000c001d890                irq18
                0x00000000c001d89a                irq19
                0x00000000c001d8a4                irq20
                0x00000000c001d8ae                irq21
                0x00000000c001d8b8                irq22
                0x00000000c001d8c2                irq23
 *fill*         0x00000000c001d8cc        0x4 
 .text          0x00000000c001d8d0       0x10 arch/i386/rdrand.32
                0x00000000c001d8d0                i386GetRDRAND
 .text          0x00000000c001d8e0       0x39 arch/i386/sse.32
                0x00000000c001d8e0                absolutelyNoChanceInHell
                0x00000000c001d8e0                sseDetect
                0x00000000c001d8f8                sseSave
                0x00000000c001d900                sseLoad
                0x00000000c001d908                sseInit
                0x00000000c001d918                sseClose
 *fill*         0x00000000c001d919        0x7 
 .text          0x00000000c001d920       0x49 arch/i386/x87.32
                0x00000000c001d926                x87Detect
                0x00000000c001d941                x87Save
                0x00000000c001d948                x87Load
                0x00000000c001d94f                x87Init
                0x00000000c001d968                x87Close
 *fill*         0x00000000c001d969        0x3 
 .text          0x00000000c001d96c       0x25 /cygdrive/d/Users/Alex/Desktop/Toolchain/Output/bin/../lib/gcc/i386-banana/8.1.0/crtend.o
 .text          0x00000000c001d991        0x0 crtn.32
 *fill*         0x00000000c001d991        0x3 
 .text          0x00000000c001d994      0x14b /cygdrive/d/Users/Alex/Desktop/Toolchain/Output/bin/../lib/gcc/i386-banana/8.1.0/libkgcc.a(_divdi3.o)
                0x00000000c001d994                __divdi3
 *fill*         0x00000000c001dadf        0x1 
 .text          0x00000000c001dae0      0x17e /cygdrive/d/Users/Alex/Desktop/Toolchain/Output/bin/../lib/gcc/i386-banana/8.1.0/libkgcc.a(_moddi3.o)
                0x00000000c001dae0                __moddi3
 *fill*         0x00000000c001dc5e        0x2 
 .text          0x00000000c001dc60       0xff /cygdrive/d/Users/Alex/Desktop/Toolchain/Output/bin/../lib/gcc/i386-banana/8.1.0/libkgcc.a(_udivdi3.o)
                0x00000000c001dc60                __udivdi3
 *fill*         0x00000000c001dd5f        0x1 
 .text          0x00000000c001dd60      0x11a /cygdrive/d/Users/Alex/Desktop/Toolchain/Output/bin/../lib/gcc/i386-banana/8.1.0/libkgcc.a(_umoddi3.o)
                0x00000000c001dd60                __umoddi3
 *(.gnu.linkonce.t*)

.iplt           0x00000000c001de80        0x0
 .iplt          0x00000000c001de80        0x0 D:/Users/Alex/Desktop/Banana/kernel/boot.32

.init           0x00000000c001de7a        0xf
 .init          0x00000000c001de7a        0x3 crti.32
                0x00000000c001de7a                _init
 .init          0x00000000c001de7d        0x5 /cygdrive/d/Users/Alex/Desktop/Toolchain/Output/bin/../lib/gcc/i386-banana/8.1.0/crtbegin.o