Archive member included to satisfy reference by file (symbol)

/cygdrive/d/Users/Alex/Desktop/Toolchain/Output/bin/../lib/gcc/i386-banana/8.1.0/libgcc.a(_divdi3.o)
                              fs/fat/ff.32 (__divdi3)
/cygdrive/d/Users/Alex/Desktop/Toolchain/Output/bin/../lib/gcc/i386-banana/8.1.0/libgcc.a(_moddi3.o)
                              thr/elf.32 (__moddi3)
/cygdrive/d/Users/Alex/Desktop/Toolchain/Output/bin/../lib/gcc/i386-banana/8.1.0/libgcc.a(_udivdi3.o)
                              fs/fat/ff.32 (__udivdi3)
/cygdrive/d/Users/Alex/Desktop/Toolchain/Output/bin/../lib/gcc/i386-banana/8.1.0/libgcc.a(_umoddi3.o)
                              core/pipe.32 (__umoddi3)
D:/Users/Alex/Desktop/Banana/kernel/libk/libm32.a(s_fabs.c.o)
                              hal/libresample/samplerate.32 (fabs)
D:/Users/Alex/Desktop/Banana/kernel/libk/libm32.a(s_lrint.S.o)
                              hal/libresample/samplerate.32 (lrint)
D:/Users/Alex/Desktop/Banana/kernel/libk/libm32.a(s_lrintf.S.o)
                              hal/sound/sndhw.32 (lrintf)

Discarded input sections

 .comment       0x0000000000000000       0x12 /cygdrive/d/Users/Alex/Desktop/Toolchain/Output/bin/../lib/gcc/i386-banana/8.1.0/crtbegin.o
 .comment       0x0000000000000000       0x12 acpica/utclib.32
 .comment       0x0000000000000000       0x12 core/malloc.32
 .comment       0x0000000000000000       0x12 libk/string.32
 .comment       0x0000000000000000       0x12 fs/fat/diskio.32
 .comment       0x0000000000000000       0x12 fs/fat/ff.32
 .comment       0x0000000000000000       0x12 fs/fat/ffsystem.32
 .comment       0x0000000000000000       0x12 fs/fat/ffunicode.32
 .comment       0x0000000000000000       0x12 hal/libresample/samplerate.32
 .comment       0x0000000000000000       0x12 hal/libresample/src_linear.32
 .comment       0x0000000000000000       0x12 hal/libresample/src_sinc.32
 .comment       0x0000000000000000       0x12 hal/libresample/src_zoh.32
 .group         0x0000000000000000       0x14 core/computer.32
 .group         0x0000000000000000        0xc core/computer.32
 .comment       0x0000000000000000       0x12 core/computer.32
 .comment       0x0000000000000000       0x12 core/gdt.32
 .group         0x0000000000000000        0xc core/idle.32
 .comment       0x0000000000000000       0x12 core/idle.32
 .comment       0x0000000000000000       0x12 core/idt.32
 .group         0x0000000000000000        0x8 core/kheap.32
 .group         0x0000000000000000        0x8 core/kheap.32
 .comment       0x0000000000000000       0x12 core/kheap.32
 .comment       0x0000000000000000       0x12 core/main.32
 .comment       0x0000000000000000       0x12 core/physmgr.32
 .group         0x0000000000000000        0xc core/pipe.32
 .comment       0x0000000000000000       0x12 core/pipe.32
 .group         0x0000000000000000        0xc core/terminal.32
 .comment       0x0000000000000000       0x12 core/terminal.32
 .group         0x0000000000000000        0x8 core/tss.32
 .text._ZN3CPU7readCR3Ev
                0x0000000000000000       0x12 core/tss.32
 .comment       0x0000000000000000       0x12 core/tss.32
 .group         0x0000000000000000        0x8 core/unixfile.32
 .group         0x0000000000000000        0xc core/unixfile.32
 .group         0x0000000000000000        0xc core/unixfile.32
 .group         0x0000000000000000        0x8 core/unixfile.32
 .group         0x0000000000000000        0xc core/unixfile.32
 .group         0x0000000000000000        0x8 core/unixfile.32
 .group         0x0000000000000000        0xc core/unixfile.32
 .group         0x0000000000000000        0xc core/unixfile.32
 .comment       0x0000000000000000       0x12 core/unixfile.32
 .group         0x0000000000000000        0x8 core/virtmgr.32
 .group         0x0000000000000000        0x8 core/virtmgr.32
 .text._ZN3CPU7readCR3Ev
                0x0000000000000000       0x12 core/virtmgr.32
 .text._ZN3CPU8writeCR3Em
                0x0000000000000000        0x9 core/virtmgr.32
 .comment       0x0000000000000000       0x12 core/virtmgr.32
 .comment       0x0000000000000000       0x12 coreobjs/c++.32
 .comment       0x0000000000000000       0x12 dbg/kconsole.32
 .group         0x0000000000000000        0xc fs/vfs.32
 .group         0x0000000000000000        0xc fs/vfs.32
 .group         0x0000000000000000        0xc fs/vfs.32
 .comment       0x0000000000000000       0x12 fs/vfs.32
 .group         0x0000000000000000        0xc hal/bus.32
 .comment       0x0000000000000000       0x12 hal/bus.32
 .group         0x0000000000000000        0xc hal/buzzer.32
 .comment       0x0000000000000000       0x12 hal/buzzer.32
 .group         0x0000000000000000        0xc hal/clock.32
 .comment       0x0000000000000000       0x12 hal/clock.32
 .group         0x0000000000000000       0x14 hal/device.32
 .group         0x0000000000000000        0xc hal/device.32
 .group         0x0000000000000000        0xc hal/device.32
[...]
Memory Configuration

Name             Origin             Length             Attributes
*default*        0x0000000000000000 0xffffffffffffffff

Linker script and memory map

LOAD D:/Users/Alex/Desktop/Banana/kernel/boot.32
LOAD crti.32
LOAD /cygdrive/d/Users/Alex/Desktop/Toolchain/Output/bin/../lib/gcc/i386-banana/8.1.0/crtbegin.o
LOAD D:/Users/Alex/Desktop/Banana/kernel/morenasm.32
LOAD acpica/utclib.32
LOAD core/malloc.32
LOAD libk/string.32
LOAD fs/fat/diskio.32
LOAD fs/fat/ff.32
LOAD fs/fat/ffsystem.32
LOAD fs/fat/ffunicode.32
LOAD hal/libresample/samplerate.32
LOAD hal/libresample/src_linear.32
LOAD hal/libresample/src_sinc.32
LOAD hal/libresample/src_zoh.32
LOAD core/computer.32
LOAD core/gdt.32
LOAD core/idle.32
LOAD core/idt.32
LOAD core/kheap.32
LOAD core/main.32
LOAD core/physmgr.32
LOAD core/pipe.32
LOAD core/terminal.32
LOAD core/tss.32
LOAD core/unixfile.32
LOAD core/virtmgr.32
LOAD coreobjs/c++.32
LOAD dbg/kconsole.32
LOAD fs/vfs.32
LOAD hal/bus.32
LOAD hal/buzzer.32
LOAD hal/clock.32
LOAD hal/device.32
LOAD hal/diskctrl.32
LOAD hal/diskphys.32
LOAD hal/fpu.32
LOAD hal/intctrl.32
LOAD hal/keybrd.32
LOAD hal/logidisk.32
LOAD hal/mouse.32
LOAD hal/partition.32
LOAD hal/timer.32
LOAD hal/vcache.32
LOAD hal/video.32
LOAD hw/acpi.32
LOAD hw/cpu.32
LOAD hw/ports.32
LOAD krnl/panic.32
LOAD reg/registry.32
LOAD sys/sc_exit.32
LOAD sys/sc_loaddll.32
LOAD sys/sc_read.32
LOAD sys/sc_sbrk.32
LOAD sys/sc_write.32
LOAD sys/sc_yield.32
LOAD sys/syscalls.32
LOAD thr/elf.32
LOAD thr/prcssthr.32
LOAD vm86/vm8086.32
LOAD fs/fat/vfslink.32
LOAD fs/iso9660/vfslink.32
LOAD hal/sound/sndchannel.32
LOAD hal/sound/sndhw.32
LOAD hw/bus/isa.32
LOAD hw/bus/pci.32
LOAD hw/diskctrl/ide.32
LOAD hw/diskphys/ata.32
LOAD hw/diskphys/atapi.32
LOAD hw/fpu/avx.32
LOAD hw/fpu/mmx.32
LOAD hw/fpu/sse.32
LOAD hw/fpu/x87.32
LOAD hw/intctrl/apic.32
LOAD hw/intctrl/pic.32
LOAD hw/timer/apictimer.32
LOAD hw/timer/pit.32
LOAD hw/fpu/x86/avx.32
LOAD hw/fpu/x86/sse.32
LOAD hw/fpu/x86/x87.32
LOAD /cygdrive/d/Users/Alex/Desktop/Toolchain/Output/bin/../lib/gcc/i386-banana/8.1.0/crtend.o
LOAD crtn.32
LOAD /cygdrive/d/Users/Alex/Desktop/Toolchain/Output/bin/../lib/gcc/i386-banana/8.1.0/libgcc.a
LOAD D:/Users/Alex/Desktop/Banana/kernel/libk/libm32.a
                0x00000000c0000000                . = 0xc0000000

.text           0x00000000c0000000    0x1f428
 *(.text)
 .text          0x00000000c0000000       0x41 D:/Users/Alex/Desktop/Banana/kernel/boot.32
                0x00000000c0000020                callGlobalConstructors
 .text          0x00000000c0000041        0x0 crti.32
 *fill*         0x00000000c0000041        0x3 
 .text          0x00000000c0000044      0x101 /cygdrive/d/Users/Alex/Desktop/Toolchain/Output/bin/../lib/gcc/i386-banana/8.1.0/crtbegin.o
 *fill*         0x00000000c0000145        0xb 
 .text          0x00000000c0000150      0x4ea D:/Users/Alex/Desktop/Banana/kernel/morenasm.32
                0x00000000c0000150                prepareTramp
                0x00000000c0000169                voodooXADD
                0x00000000c000021b                doTPAUSE
                0x00000000c0000225                hasLegacyFPU
                0x00000000c000024a                is486
                0x00000000c0000280                goToVM86
                0x00000000c00002b1                goToUsermode
                0x00000000c00002dc                switchToThreadASMFirstTime
                0x00000000c00002ea                switchToThreadASM
                0x00000000c000038a                detectCPUID
                0x00000000c00003a0                asmQuickAcquireLock
                0x00000000c00003be                asmQuickReleaseLock
                0x00000000c00003ca                asmAcquireLock
                0x00000000c00003eb                asmReleaseLock
                0x00000000c00003fe                loadGDT
                0x00000000c000041e                isr0
                0x00000000c000042e                isr1
                0x00000000c0000438                isr2
                0x00000000c0000442                isr3
                0x00000000c000044c                isr4
                0x00000000c0000456                isr5
                0x00000000c0000460                isr6
                0x00000000c000046a                isr7
                0x00000000c0000474                isr8
                0x00000000c000047c                isr9
                0x00000000c0000486                isr10
                0x00000000c000048e                isr11
                0x00000000c0000496                isr12
                0x00000000c000049e                isr13
                0x00000000c00004a6                isr14
                0x00000000c00004ae                isr15
                0x00000000c00004b8                isr16
                0x00000000c00004c2                isr17
                0x00000000c00004cc                isr18
                0x00000000c00004d6                isr96
                0x00000000c00004e0                irq0
                0x00000000c00004ea                irq1
                0x00000000c00004f4                irq2
                0x00000000c00004fe                irq3
                0x00000000c0000508                irq4
                0x00000000c0000512                irq5
                0x00000000c000051c                irq6
                0x00000000c0000526                irq7
                0x00000000c0000530                irq8
                0x00000000c000053a                irq9
                0x00000000c0000544                irq10
                0x00000000c000054e                irq11
                0x00000000c0000558                irq12
                0x00000000c0000562                irq13
                0x00000000c000056c                irq14
                0x00000000c0000576                irq15
                0x00000000c0000580                irq16
                0x00000000c000058a                irq17
                0x00000000c0000594                irq18
                0x00000000c000059e                irq19
                0x00000000c00005a8                irq20
                0x00000000c00005b2                irq21
                0x00000000c00005bc                irq22
                0x00000000c00005c6                irq23
                0x00000000c00005d0                int_common_stub
                0x00000000c0000600                syscall_common_stub
 .text          0x00000000c000063a      0x40f acpica/utclib.32
                0x00000000c000063a                memcmp
                0x00000000c0000665                memmove
                0x00000000c000069d                memcpy
                0x00000000c00006d3                memset
                0x00000000c00006f0                strlen
                0x00000000c0000700                strpbrk
                0x00000000c0000723                strtok
                0x00000000c0000772                strcpy
                0x00000000c0000792                strncpy
                0x00000000c00007c3                strcmp
                0x00000000c00007e4                strchr
                0x00000000c00007fa                strncmp
                0x00000000c0000829                strcat
                0x00000000c0000850                strncat
                0x00000000c000088a                strstr
                0x00000000c00008c7                toupper
                0x00000000c00008db                tolower
                0x00000000c00008ef                simple_strtoul
 .text          0x00000000c0000a49      0xfbf core/malloc.32
                0x00000000c0000bb4                dlfree
                0x00000000c0000f0f                dlmalloc
                0x00000000c000144c                dlrealloc
                0x00000000c0001601                dlmemalign
                0x00000000c0001724                dlcalloc
                0x00000000c00017be                dlcfree
                0x00000000c00017c3                dlindependent_calloc
                0x00000000c00017e8                dlindependent_comalloc
                0x00000000c00017ff                dlvalloc
                0x00000000c000182a                dlpvalloc
                0x00000000c0001860                dlmalloc_trim
                0x00000000c000186d                dlmalloc_usable_size
                0x00000000c000189e                dlmallinfo
                0x00000000c000196d                dlmalloc_stats
                0x00000000c000197e                dlmallopt
 .text          0x00000000c0001a08        0x0 libk/string.32
 .text          0x00000000c0001a08       0x51 fs/fat/diskio.32
                0x00000000c0001a08                disk_status
                0x00000000c0001a0b                disk_initialize
                0x00000000c0001a0e                disk_read
                0x00000000c0001a24                disk_write
                0x00000000c0001a3a                disk_ioctl
 .text          0x00000000c0001a59     0x6833 fs/fat/ff.32
                0x00000000c0004d27                f_mount
                0x00000000c0004d89                f_open
                0x00000000c00051c5                f_read
                0x00000000c0005445                f_write
                0x00000000c00056ff                f_sync
                0x00000000c00058db                f_close
                0x00000000c000590a                f_lseek
                0x00000000c0005dc1                f_opendir
                0x00000000c0005ec3                f_closedir
                0x00000000c0005ee5                f_readdir
                0x00000000c0005f80                f_stat
                0x00000000c000600f                f_getfree
                0x00000000c00061da                f_truncate
                0x00000000c00062d2                f_unlink
                0x00000000c0006455                f_mkdir
                0x00000000c0006681                f_rename
                0x00000000c0006974                f_chmod
                0x00000000c0006a52                f_utime
                0x00000000c0006b30                f_getlabel
                0x00000000c0006d1e                f_setlabel
                0x00000000c0006f8b                f_forward
                0x00000000c0007169                f_mkfs
 .text          0x00000000c000828c       0x2d fs/fat/ffsystem.32
                0x00000000c000828c                ff_memalloc
                0x00000000c00082a2                ff_memfree
 .text          0x00000000c00082b9      0x253 fs/fat/ffunicode.32
                0x00000000c00082b9                ff_uni2oem
                0x00000000c0008349                ff_oem2uni
                0x00000000c00083b5                ff_wtoupper
 .text          0x00000000c000850c      0x70e hal/libresample/samplerate.32
                0x00000000c0008594                src_delete
                0x00000000c00085d0                src_process
                0x00000000c00086f8                src_callback_read
                0x00000000c0008859                src_set_ratio
                0x00000000c00088b0                src_get_channels
                0x00000000c00088d2                src_reset
                0x00000000c0008916                src_new
                0x00000000c00089a4                src_callback_new
                0x00000000c0008a06                src_get_name
                0x00000000c0008a3d                src_get_description
                0x00000000c0008a74                src_get_version
                0x00000000c0008a7a                src_is_valid_ratio
                0x00000000c0008a94                src_error
                0x00000000c0008aa2                src_strerror
                0x00000000c0008ab5                src_simple
                0x00000000c0008b08                src_short_to_float_array
                0x00000000c0008b2e                src_float_to_short_array
                0x00000000c0008b92                src_int_to_float_array
                0x00000000c0008bb8                src_float_to_int_array
 .text          0x00000000c0008c1a      0x3fd hal/libresample/src_linear.32
                0x00000000c0008f72                linear_get_name
                0x00000000c0008f81                linear_get_description
                0x00000000c0008f90                linear_set_converter
 .text          0x00000000c0009017     0x1a3f hal/libresample/src_sinc.32
                0x00000000c000a96d                sinc_get_name
                0x00000000c000a980                sinc_get_description
                0x00000000c000a993                sinc_set_converter
 .text          0x00000000c000aa56      0x3d3 hal/libresample/src_zoh.32
                0x00000000c000ad84                zoh_get_name
                0x00000000c000ad93                zoh_get_description
                0x00000000c000ada2                zoh_set_converter
 *fill*         0x00000000c000ae29        0x1 
 .text          0x00000000c000ae2a      0x9e1 core/computer.32
                0x00000000c000ae2a                Computer::close(int, int, void*)
                0x00000000c000ae6e                Computer::Computer()
                0x00000000c000ae6e                Computer::Computer()
                0x00000000c000afca                Computer::setBootMessage(char const*)
                0x00000000c000afcc                Computer::start()
                0x00000000c000b0a8                firstTask()
                0x00000000c000b0b6                Computer::detectFeatures()
                0x00000000c000b290                Computer::displayFeatures()
                0x00000000c000b5d6                Computer::rdmsr(unsigned int)
                0x00000000c000b602                Computer::wrmsr(unsigned int, unsigned long long)
                0x00000000c000b63a                Computer::nmiEnabled()
                0x00000000c000b646                Computer::readCMOS(unsigned char)
                0x00000000c000b660                Computer::enableNMI(bool)
                0x00000000c000b678                Computer::open(int, int, void*)
                0x00000000c000b74e                Computer::disableNMI()
                0x00000000c000b75c                Computer::writeCMOS(unsigned char, unsigned char)
                0x00000000c000b77a                Computer::handleNMI()
                0x00000000c000b7e0                Computer::setDiskActivityLight(int, bool)
 *fill*         0x00000000c000b80b        0x1 
 .text          0x00000000c000b80c      0x1b7 core/gdt.32
                0x00000000c000b80c                GDTEntry::setBase(unsigned int)
                0x00000000c000b828                GDTEntry::setLimit(unsigned int)
                0x00000000c000b846                GDT::GDT()
                0x00000000c000b846                GDT::GDT()
                0x00000000c000b85c                GDT::addEntry(GDTEntry)
                0x00000000c000b898                GDT::getNumberOfEntries()
                0x00000000c000b8a0                GDT::flush()
                0x00000000c000b8c2                GDT::setup()
 .text          0x00000000c000b9c3       0x61 core/idle.32
                0x00000000c000b9c3                idleFunction(void*)
 .text          0x00000000c000ba24      0x45f core/idt.32
                0x00000000c000ba24                IDTEntry::IDTEntry(bool)
                0x00000000c000ba24                IDTEntry::IDTEntry(bool)
                0x00000000c000ba92                IDTEntry::setOffset(unsigned int)
                0x00000000c000baa6                IDT::IDT()
                0x00000000c000baa6                IDT::IDT()
                0x00000000c000baa8                IDT::getPointerToInvalidOpcodeEntryForF00F()
                0x00000000c000bab0                IDT::addEntry(IDTEntry, int)
                0x00000000c000baca                IDT::addEntry(int, void (*)(), bool)
                0x00000000c000bb02                IDT::flush()
                0x00000000c000bb1c                IDT::setup()
 .text          0x00000000c000be83      0x20d core/kheap.32
                0x00000000c000be83                sbrk
                0x00000000c000bf9b                mmap
                0x00000000c000bfb1                munmap
                0x00000000c000bfc7                liballoc_lock()
                0x00000000c000bfd8                liballoc_unlock()
                0x00000000c000bfe9                liballoc_alloc(int)
                0x00000000c000c004                liballoc_free(void*, int)
                0x00000000c000c022                realloc
                0x00000000c000c036                malloc
                0x00000000c000c046                free
                0x00000000c000c056                rfree
                0x00000000c000c066                calloc
 .text          0x00000000c000c090      0x38d core/main.32
                0x00000000c000c090                hwTextMode_loadInData(VgaText*)
                0x00000000c000c0d5                hwTextMode_loadInTitle(VgaText*, char*)
                0x00000000c000c117                hwTextMode_showCursor(VgaText*, bool)
                0x00000000c000c16b                hwTextMode_update(VgaText*)
                0x00000000c000c16c                hwTextMode_updateCursor(VgaText*)
                0x00000000c000c1b4                hwTextMode_disableBlink(VgaText*, bool)
                0x00000000c000c1f0                hwTextMode_scrollScreen(VgaText*)
                0x00000000c000c276                hwTextMode_writeCharacter(VgaText*, char, VgaColour, VgaColour, int, int)
                0x00000000c000c2d4                setupTextMode()
                0x00000000c000c325                kernel_main
 .text          0x00000000c000c41d      0x4f3 core/physmgr.32
                0x00000000c000c41d                Phys::allocateDMA(unsigned long)
                0x00000000c000c4c0                Phys::freeDMA(unsigned long, unsigned long)
                0x00000000c000c508                Phys::setPageState(unsigned long, bool)
                0x00000000c000c53a                Phys::getPageState(unsigned long)
                0x00000000c000c556                Phys::freePage(unsigned long)
                0x00000000c000c5e0                Phys::allocatePage()
                0x00000000c000c6a8                Phys::allowSegmentToBeUsed(unsigned long, unsigned long)
                0x00000000c000c6e0                Phys::physicalMemorySetup(unsigned int)
 .text          0x00000000c000c910      0x273 core/pipe.32
                0x00000000c000c910                Pipe::isAtty()
                0x00000000c000c914                Pipe::~Pipe()
                0x00000000c000c914                Pipe::~Pipe()
                0x00000000c000c938                Pipe::~Pipe()
                0x00000000c000c960                Pipe::read(unsigned long long, void*, int*)
                0x00000000c000ca54                Pipe::write(unsigned long long, void*, int*)
                0x00000000c000cb1c                Pipe::Pipe(int)
                0x00000000c000cb1c                Pipe::Pipe(int)
 *fill*         0x00000000c000cb83        0x1 
 .text          0x00000000c000cb84      0xf65 core/terminal.32
                0x00000000c000cb84                VgaText::isAtty()
                0x00000000c000cb88                VgaText::~VgaText()
                0x00000000c000cb88                VgaText::~VgaText()
                0x00000000c000cbac                VgaText::~VgaText()
                0x00000000c000cbd6                VgaText::read(unsigned long long, void*, int*)
                0x00000000c000cbf6                setTerminalScrollLock(bool)
                0x00000000c000cbf7                addToTerminalCycle(VgaText*)
                0x00000000c000cc24                installVgaTextImplementation()
                0x00000000c000cc39                scrollTerminalScrollLock(int)
                0x00000000c000cc3a                VgaText::load()
                0x00000000c000cc8e                VgaText::updateCursor()
                0x00000000c000cca8                VgaText::showCursor(bool)
                0x00000000c000ccb8                VgaText::disableBlink(bool)
                0x00000000c000ccf2                VgaText::doANSI_SGR(int)
                0x00000000c000cd7e                VgaText::setDefaultBgColour(VgaColour)
                0x00000000c000cd94                VgaText::setDefaultFgColour(VgaColour)
                0x00000000c000cdaa                VgaText::setDefaultColours(VgaColour, VgaColour)
                0x00000000c000cdca                VgaText::combineColours(unsigned char, unsigned char)
                0x00000000c000cddc                VgaText::scrollScreen()
                0x00000000c000ce70                VgaText::combineCharAndColour(char, unsigned char)
                0x00000000c000ce82                VgaText::writeCharacter(char, VgaColour, VgaColour, int, int)
                0x00000000c000cee2                VgaText::getCursorX()
                0x00000000c000ceee                VgaText::getCursorY()
                0x00000000c000cefa                VgaText::setCursor(int, int)
                0x00000000c000cf18                VgaText::setCursorX(int)
                0x00000000c000cf34                VgaText::setCursorY(int)
                0x00000000c000cf50                VgaText::incrementCursor(bool)
                0x00000000c000cfb8                VgaText::updateRAMUsageDisplay(int)
                0x00000000c000d012                VgaText::updateDiskUsage()
                0x00000000c000d178                VgaText::updateTitle()
                0x00000000c000d1be                VgaText::setTitleTextColour(VgaColour)
                0x00000000c000d1ce                VgaText::setTitleColour(VgaColour)
                0x00000000c000d1de                VgaText::setTitle(char*)
                0x00000000c000d204                VgaText::decrementCursor(bool)
                0x00000000c000d22c                VgaText::putchar(char, VgaColour, VgaColour)
                0x00000000c000d328                VgaText::isShowingCursor()
                0x00000000c000d334                VgaText::isBlinkDisabled()
                0x00000000c000d342                VgaText::setCursorHeight(int)
                0x00000000c000d360                VgaText::getCursorHeight()
                0x00000000c000d36b                setActiveTerminal(VgaText*)
                0x00000000c000d41d                doTerminalCycle()
                0x00000000c000d43a                VgaText::doUpdate()
                0x00000000c000d44c                VgaText::puts(char const*, VgaColour, VgaColour)
                0x00000000c000d60c                VgaText::clearScreen()
                0x00000000c000d670                VgaText::putchar(char)
                0x00000000c000d78a                VgaText::puts(char const*)
                0x00000000c000d7b0                VgaText::putx(unsigned int)
                0x00000000c000d7f6                VgaText::VgaText(char const*)
                0x00000000c000d7f6                VgaText::VgaText(char const*)
                0x00000000c000d988                VgaText::receiveKey(unsigned char)
                0x00000000c000da70                VgaText::write(unsigned long long, void*, int*)
                0x00000000c000dac4                newTerminal(char*)
 *fill*         0x00000000c000dae9        0x1 
 .text          0x00000000c000daea      0x18f core/tss.32
                0x00000000c000daea                TSS::TSS()
                0x00000000c000daea                TSS::TSS()
                0x00000000c000daf8                TSS::setESP(unsigned long)
                0x00000000c000db0a                TSS::flush()
                0x00000000c000db2a                TSS::setup(unsigned long, unsigned long)
 *fill*         0x00000000c000dc79        0x1 
 .text          0x00000000c000dc7a      0x482 core/unixfile.32
                0x00000000c000dc7a                ReservedFilename::read(unsigned long long, void*, int*)
                0x00000000c000dcd0                ReservedFilename::isAtty()
                0x00000000c000dcec                ReservedFilename::write(unsigned long long, void*, int*)
                0x00000000c000dd4a                UnixFile::getFileDescriptor()
                0x00000000c000dd52                UnixFile::UnixFile(int)
                0x00000000c000dd52                UnixFile::UnixFile(int)
                0x00000000c000dec2                ReservedFilename::ReservedFilename(int)
                0x00000000c000dec2                ReservedFilename::ReservedFilename(int)
                0x00000000c000def4                UnixFile::~UnixFile()
                0x00000000c000def4                UnixFile::~UnixFile()
                0x00000000c000df8c                UnixFile::~UnixFile()
                0x00000000c000dfb4                ReservedFilename::~ReservedFilename()
                0x00000000c000dfb4                ReservedFilename::~ReservedFilename()
                0x00000000c000dfd8                ReservedFilename::~ReservedFilename()
                0x00000000c000dfff                getFromFileDescriptor(int)
 .text          0x00000000c000e0fc      0xec7 core/virtmgr.32
                0x00000000c000e0fc                Virt::setPageState(unsigned long, Virt::VirtPageState)
                0x00000000c000e131                Virt::getPageState(unsigned long)
                0x00000000c000e155                Virt::allocateKernelVirtualPages(int)
                0x00000000c000e266                Virt::virtualMemorySetup()
                0x00000000c000e2e5                Virt::getAKernelVAS()
                0x00000000c000e2eb                Virt::setupPageSwapping(int)
                0x00000000c000e410                VAS::VAS()
                0x00000000c000e410                VAS::VAS()
                0x00000000c000e440                VAS::VAS(VAS*)
                0x00000000c000e440                VAS::VAS(VAS*)
                0x00000000c000e464                VAS::getForeignPageTableEntry(bool, unsigned long)
                0x00000000c000e490                VAS::getPageTableEntry(unsigned long)
                0x00000000c000e4af                Virt::freeKernelVirtualPages(unsigned long)
                0x00000000c000e5d2                VAS::freeAllocatedPages(unsigned long)
                0x00000000c000e5f6                VAS::virtualToPhysical(unsigned long)
                0x00000000c000e60e                VAS::reflagRange(unsigned long, int, int, int)
                0x00000000c000e64e                VAS::setToWriteCombining(unsigned long, int)
                0x00000000c000e686                VAS::mapOtherVASIn(bool, VAS*)
                0x00000000c000e6bc                VAS::~VAS()
                0x00000000c000e6bc                VAS::~VAS()
                0x00000000c000e828                VAS::mapPage(unsigned long, unsigned long, int)
                0x00000000c000e928                VAS::allocatePages(int, int)
                0x00000000c000eaf8                VAS::setCPUSpecific(unsigned long)
                0x00000000c000eb14                VAS::mapRange(unsigned long, unsigned long, int, int)
                0x00000000c000ebde                VAS::mapForeignPage(bool, VAS*, unsigned long, unsigned long, int)
                0x00000000c000eccc                VAS::VAS(bool)
                0x00000000c000eccc                VAS::VAS(bool)
                0x00000000c000eefc                mapVASFirstTime
 .text          0x00000000c000efc3       0x93 coreobjs/c++.32
                0x00000000c000efc3                __cxa_atexit
                0x00000000c000efc6                __cxa_finalize
                0x00000000c000efc7                __stack_chk_fail
                0x00000000c000f027                __cxa_pure_virtual
                0x00000000c000f038                operator new(unsigned long)
                0x00000000c000f03d                operator new[](unsigned long)
                0x00000000c000f042                operator delete(void*)
                0x00000000c000f047                operator delete(void*, unsigned long)
                0x00000000c000f04c                operator delete[](void*)
                0x00000000c000f051                operator delete[](void*, unsigned long)
 .text          0x00000000c000f056      0x1ef dbg/kconsole.32
                0x00000000c000f056                Dbg::stringifyxWithBase(unsigned int, char*, int)
                0x00000000c000f0b7                Dbg::logc(char)
                0x00000000c000f0ce                Dbg::logs(char*)
                0x00000000c000f0eb                Dbg::logWriteInt(unsigned int)
                0x00000000c000f108                Dbg::logWriteIntBase(unsigned int, int)
                0x00000000c000f127                Dbg::kprintf(char const*, ...)
 *fill*         0x00000000c000f245        0x1 
 .text          0x00000000c000f246      0xb68 fs/vfs.32
                0x00000000c000f246                File::read(unsigned long long, void*, int*)
                0x00000000c000f29e                File::write(unsigned long long, void*, int*)
                0x00000000c000f2f6                Directory::read(unsigned long long, void*, int*)
                0x00000000c000f34e                Directory::write(unsigned long long, void*, int*)
                0x00000000c000f37c                File::isAtty()
                0x00000000c000f380                Directory::isAtty()
                0x00000000c000f384                Filesystem::getlabel(LogicalDisk*, int, char*, unsigned int*)
                0x00000000c000f38a                Filesystem::setlabel(LogicalDisk*, int, char*)
                0x00000000c000f390                File::~File()
                0x00000000c000f390                File::~File()
                0x00000000c000f3b4                File::~File()
                0x00000000c000f3de                Directory::~Directory()
                0x00000000c000f3de                Directory::~Directory()
                0x00000000c000f402                Directory::~Directory()
                0x00000000c000f42c                Filesystem::Filesystem()
                0x00000000c000f42c                Filesystem::Filesystem()
                0x00000000c000f450                Filesystem::~Filesystem()
                0x00000000c000f450                Filesystem::~Filesystem()
                0x00000000c000f45e                Filesystem::~Filesystem()
                0x00000000c000f482                initVFS()
                0x00000000c000f4ac                standardiseFiles(char*, char const*, char const*)
                0x00000000c000f656                File::File(char const*, Process*)
                0x00000000c000f656                File::File(char const*, Process*)
                0x00000000c000f6ba                File::open(FileOpenMode)
                0x00000000c000f718                File::close()
                0x00000000c000f778                File::seek(unsigned long long)
                0x00000000c000f7ce                File::tell(unsigned long long*)
                0x00000000c000f81e                File::rewind()
                0x00000000c000f832                File::unlink()
                0x00000000c000f87e                File::rename(char const*)
                0x00000000c000f8cc                File::chfatattr(unsigned char, unsigned char)
                0x00000000c000f928                File::exists()
                0x00000000c000f966                File::stat(unsigned long long*, bool*)
                0x00000000c000f9c7                getcwd(Process*, char*, int)
                0x00000000c000f9f1                setcwd(Process*, char*)
                0x00000000c000fb18                Directory::Directory(char const*, Process*)
                0x00000000c000fb18                Directory::Directory(char const*, Process*)
                0x00000000c000fb7c                Directory::open()
                0x00000000c000fbd8                Directory::close()
                0x00000000c000fc38                Directory::unlink()
                0x00000000c000fc84                Directory::rename(char const*)
                0x00000000c000fcd2                Directory::exists()
                0x00000000c000fd10                Directory::read(dirent*)
                0x00000000c000fd5c                Directory::create()
                0x00000000c000fda8                Filesystem::chfatattr(char const*, unsigned char, unsigned char)
 .text          0x00000000c000fdae       0x84 hal/bus.32
                0x00000000c000fdae                Bus::Bus(char const*)
                0x00000000c000fdae                Bus::Bus(char const*)
                0x00000000c000fde4                Bus::~Bus()
                0x00000000c000fde4                Bus::~Bus()
                0x00000000c000fe08                Bus::~Bus()
 .text          0x00000000c000fe32      0x14e hal/buzzer.32
                0x00000000c000fe32                Buzzer::Buzzer(char const*)
                0x00000000c000fe32                Buzzer::Buzzer(char const*)
                0x00000000c000fe76                Buzzer::~Buzzer()
                0x00000000c000fe76                Buzzer::~Buzzer()
                0x00000000c000fe9a                Buzzer::~Buzzer()
                0x00000000c000fec4                Buzzer::stop()
                0x00000000c000fed7                beepThread(void*)
                0x00000000c000ff12                Buzzer::beep(int, int, bool)
 .text          0x00000000c000ff80      0x42f hal/clock.32
                0x00000000c000ff80                loadClockSettings()
                0x00000000c000ff9a                Clock::Clock(char const*)
                0x00000000c000ff9a                Clock::Clock(char const*)
                0x00000000c000ffd0                Clock::~Clock()
                0x00000000c000ffd0                Clock::~Clock()
                0x00000000c000fff4                Clock::~Clock()
                0x00000000c001001e                Clock::timeInSecondsLocal()
                0x00000000c0010066                Clock::setTimeInSecondsLocal(unsigned long long)
                0x00000000c00100bf                datetimeToSeconds(datetime_t)
                0x00000000c00101e6                Clock::setTimeInDatetimeLocal(datetime_t)
                0x00000000c0010246                secondsToDatetime(unsigned long long)
                0x00000000c001038a                Clock::timeInDatetimeLocal()
 *fill*         0x00000000c00103af        0x1 
 .text          0x00000000c00103b0      0x504 hal/device.32
                0x00000000c00103b0                Device::hibernate()
                0x00000000c00103b2                Device::wake()
                0x00000000c00103b4                Device::detect()
                0x00000000c00103b6                Device::disableLegacy()
                0x00000000c00103b8                Device::powerSaving(PowerSavingLevel)
                0x00000000c00103ba                DriverlessDevice::close(int, int, void*)
                0x00000000c00103be                DriverlessDevice::detect()
                0x00000000c00103c0                DriverlessDevice::open(int, int, void*)
                0x00000000c00103d4                Device::~Device()
                0x00000000c00103d4                Device::~Device()
                0x00000000c00103e2                Device::~Device()
                0x00000000c001040a                Device::findAndLoadDriver()
                0x00000000c001040c                Device::preOpenPCI(PCIDeviceInfo)
                0x00000000c0010432                Device::preOpenACPI(void*, char*, char*)
                0x00000000c0010486                Device::addIRQHandler(int, void (*)(regs*, void*), bool, void*)
                0x00000000c00104e4                Device::removeIRQHandler(int, void (*)(regs*, void*), bool)
                0x00000000c0010532                Device::addChild(Device*)
                0x00000000c0010576                Device::removeAllChildren()
                0x00000000c00105bc                Device::hibernateAll()
                0x00000000c00105ec                Device::wakeAll()
                0x00000000c001061c                Device::detectAll()
                0x00000000c001064c                Device::disableLegacyAll()
                0x00000000c001067c                Device::loadDriversForAll()
                0x00000000c00106a8                Device::closeAll()
                0x00000000c00106de                Device::powerSavingAll(PowerSavingLevel)
                0x00000000c0010714                Device::setName(char const*)
                0x00000000c0010722                Device::Device(char const*)
                0x00000000c0010722                Device::Device(char const*)
                0x00000000c0010814                Device::getName()
                0x00000000c001081e                DriverlessDevice::DriverlessDevice(char const*)
                0x00000000c001081e                DriverlessDevice::DriverlessDevice(char const*)
                0x00000000c0010846                Device::addToLinkedList(LinkedList<Device>&, DeviceType)
                0x00000000c001088a                getDevicesOfType(DeviceType)
 .text          0x00000000c00108b4       0x84 hal/diskctrl.32
                0x00000000c00108b4                HardDiskController::HardDiskController(char const*)
                0x00000000c00108b4                HardDiskController::HardDiskController(char const*)
                0x00000000c00108ea                HardDiskController::~HardDiskController()
                0x00000000c00108ea                HardDiskController::~HardDiskController()
                0x00000000c001090e                HardDiskController::~HardDiskController()
 .text          0x00000000c0010938       0xde hal/diskphys.32
                0x00000000c0010938                PhysicalDisk::PhysicalDisk(char const*, int)
                0x00000000c0010938                PhysicalDisk::PhysicalDisk(char const*, int)
                0x00000000c00109a0                PhysicalDisk::startCache()
                0x00000000c00109c8                PhysicalDisk::~PhysicalDisk()
                0x00000000c00109c8                PhysicalDisk::~PhysicalDisk()
                0x00000000c00109ec                PhysicalDisk::~PhysicalDisk()
 .text          0x00000000c0010a16      0x142 hal/fpu.32
                0x00000000c0010a16                FPU::FPU(char const*)
                0x00000000c0010a16                FPU::FPU(char const*)
                0x00000000c0010a4c                FPU::~FPU()
                0x00000000c0010a4c                FPU::~FPU()
                0x00000000c0010a70                FPU::~FPU()
                0x00000000c0010a9a                setupFPU()
 .text          0x00000000c0010b58     0x12db hal/intctrl.32
                0x00000000c0010b58                InterruptController::uninstallISRHandler(int, void (*)(regs*, void*))
                0x00000000c0010b90                InterruptController::installISRHandler(int, void (*)(regs*, void*), void*)
                0x00000000c0010be2                doubleFault(regs*, void*)
                0x00000000c0010bfc                InterruptController::installIRQHandler(int, void (*)(regs*, void*), bool, void*)
                0x00000000c0010c98                InterruptController::clearAllHandlers(int, bool)
                0x00000000c0010d40                InterruptController::uninstallIRQHandler(int, void (*)(regs*, void*), bool)
                0x00000000c0010dc7                nmiHandler(regs*, void*)
                0x00000000c0010dd5                int_handler
                0x00000000c0010e70                InterruptController::InterruptController(char const*)
                0x00000000c0010e70                InterruptController::InterruptController(char const*)
                0x00000000c0010f16                InterruptController::~InterruptController()
                0x00000000c0010f16                InterruptController::~InterruptController()
                0x00000000c0010f3a                InterruptController::~InterruptController()
                0x00000000c0010f64                displayDebugInfo(regs*)
                0x00000000c001137b                x87EmulHandler(regs*, void*)
                0x00000000c00113de                gpFault(regs*, void*)
                0x00000000c0011417                pgFault(regs*, void*)
                0x00000000c001142e                otherISRHandler(regs*, void*)
                0x00000000c001144d                opcodeFault(regs*, void*)
                0x00000000c0011a06                displayProgramFault(char const*)
                0x00000000c0011a2e                setupInterruptController()
                0x00000000c0011de6                InterruptController::convertLegacyIRQNumber(int)
 *fill*         0x00000000c0011e33        0x1 
 .text          0x00000000c0011e34      0x608 hal/keybrd.32
                0x00000000c0011e34                startGUI(void*)
                0x00000000c0011ea6                sendKeyToTerminal(unsigned char)
                0x00000000c0011f12                sendKeyboardToken(KeyboardToken)
                0x00000000c00122ed                clearInternalKeybuffer(VgaText*)
                0x00000000c0012322                readKeyboard(VgaText*, char*, unsigned long)
                0x00000000c00123b2                Keyboard::Keyboard(char const*)
                0x00000000c00123b2                Keyboard::Keyboard(char const*)
                0x00000000c00123ee                Keyboard::~Keyboard()
                0x00000000c00123ee                Keyboard::~Keyboard()
                0x00000000c0012412                Keyboard::~Keyboard()
 .text          0x00000000c001243c      0x400 hal/logidisk.32
                0x00000000c001243c                LogicalDisk::close(int, int, void*)
                0x00000000c0012440                LogicalDisk::~LogicalDisk()
                0x00000000c0012440                LogicalDisk::~LogicalDisk()
                0x00000000c0012464                LogicalDisk::~LogicalDisk()
                0x00000000c001248e                LogicalDisk::open(int, int, void*)
                0x00000000c00124a2                LogicalDisk::absoluteToRelative(unsigned long long)
                0x00000000c00124da                LogicalDisk::relativeToAbsolute(unsigned long long)
                0x00000000c0012520                LogicalDisk::LogicalDisk(char const*, PhysicalDisk*, unsigned long long, unsigned long long)
                0x00000000c0012520                LogicalDisk::LogicalDisk(char const*, PhysicalDisk*, unsigned long long, unsigned long long)
                0x00000000c00125d6                LogicalDisk::assignDriveLetter()
                0x00000000c001268c                LogicalDisk::mount()
                0x00000000c00126fe                LogicalDisk::unmount()
                0x00000000c001270e                LogicalDisk::unassignDriveLetter()
                0x00000000c0012764                LogicalDisk::read(unsigned long long, int, void*)
                0x00000000c00127d0                LogicalDisk::write(unsigned long long, int, void*)
 .text          0x00000000c001283c       0x84 hal/mouse.32
                0x00000000c001283c                Mouse::Mouse(char const*)
                0x00000000c001283c                Mouse::Mouse(char const*)
                0x00000000c0012872                Mouse::~Mouse()
                0x00000000c0012872                Mouse::~Mouse()
                0x00000000c0012896                Mouse::~Mouse()
 .text          0x00000000c00128c0      0x339 hal/partition.32
                0x00000000c00128c0                makePartition(PhysicalDisk*, unsigned long long, unsigned long long)
                0x00000000c0012968                createPartitionsForDisk(PhysicalDisk*)
 *fill*         0x00000000c0012bf9        0x1 
 .text          0x00000000c0012bfa      0x2e7 hal/timer.32
                0x00000000c0012bfa                Timer::Timer(char const*)
                0x00000000c0012bfa                Timer::Timer(char const*)
                0x00000000c0012c30                Timer::~Timer()
                0x00000000c0012c30                Timer::~Timer()
                0x00000000c0012c54                Timer::~Timer()
                0x00000000c0012c7e                Timer::read()
                0x00000000c0012c89                timerHandler(unsigned long long)
                0x00000000c0012dc0                setupTimer(int)
 *fill*         0x00000000c0012ee1        0x1 
 .text          0x00000000c0012ee2      0x2d1 hal/vcache.32
                0x00000000c0012ee2                VCache::VCache(PhysicalDisk*)
                0x00000000c0012ee2                VCache::VCache(PhysicalDisk*)
                0x00000000c0012fd2                VCache::writeWriteBuffer()
                0x00000000c001300e                VCache::~VCache()
                0x00000000c001300e                VCache::~VCache()
                0x00000000c001304e                VCache::~VCache()
                0x00000000c0013076                VCache::write(unsigned long long, int, void*)
                0x00000000c001315a                VCache::read(unsigned long long, int, void*)
 *fill*         0x00000000c00131b3        0x1 
 .text          0x00000000c00131b4      0x26d hal/video.32
                0x00000000c00131b4                Video::putrect(int, int, int, int, unsigned int)
                0x00000000c00131fe                Video::blit(unsigned int*, int, int, int, int)
                0x00000000c001327c                Video::clearScreen(unsigned int)
                0x00000000c00132b0                Video::putpixel(int, int, unsigned int)
                0x00000000c00132be                Video::Video(char const*)
                0x00000000c00132be                Video::Video(char const*)
                0x00000000c00132f4                Video::~Video()
                0x00000000c00132f4                Video::~Video()
                0x00000000c0013318                Video::~Video()
                0x00000000c0013342                Video::isMonochrome()
                0x00000000c001334e                Video::getWidth()
                0x00000000c001335a                Video::getHeight()
                0x00000000c0013366                Video::drawCursor(int, int, unsigned char*, int)
 *fill*         0x00000000c0013421        0x1 
 .text          0x00000000c0013422      0xd28 hw/acpi.32
                0x00000000c0013422                ACPI::close(int, int, void*)
                0x00000000c00134d7                findRSDP()
                0x00000000c0013561                loadACPITables(unsigned char*)
                0x00000000c0013788                findRSDT(unsigned char*)
                0x00000000c00138a6                findDataTable(unsigned char*, char*)
                0x00000000c0013942                scanMADT()
                0x00000000c0013cd6                ACPI::ACPI()
                0x00000000c0013cd6                ACPI::ACPI()
                0x00000000c0013d36                ACPI::getPCIIRQAssignment(unsigned char, unsigned short, unsigned char)
                0x00000000c0013e18                ACPI::registerPCIIRQAssignment(void*, unsigned short, unsigned char, unsigned char)
                0x00000000c0013f1e                ACPI::setScreenBrightnessLevel(void*, int)
                0x00000000c0013f24                ACPI::writeSimpleBootFlag(SimpleBootFlagTable*)
                0x00000000c0013f6c                ACPI::open(int, int, void*)
                0x00000000c0014132                ACPI::sleep()
 .text          0x00000000c001414a     0x17a6 hw/cpu.32
                0x00000000c001414a                CPU::close(int, int, void*)
                0x00000000c001414d                lookupAMDCPUName(unsigned char, unsigned char)
                0x00000000c00142e1                lookupIntelCPUName(unsigned char, unsigned char)
                0x00000000c001458f                AMD_K6_write_msr(unsigned int, unsigned int, unsigned int, REGS*)
                0x00000000c00145ab                AMD_K6_read_msr(unsigned int, REGS*)
                0x00000000c00145c3                AMD_K6_writeback(int, int, int)
                0x00000000c0014636                cpuid(int, unsigned long*, unsigned long*, unsigned long*, unsigned long*)
                0x00000000c00146b9                cpuidCheckEDX(unsigned int)
                0x00000000c00146e6                cpuidCheckECX(unsigned int)
                0x00000000c0014713                cpuidCheckExtendedEBX(unsigned int)
                0x00000000c0014740                cpuidCheckExtendedECX(unsigned int)
                0x00000000c001476d                getCPUNumber()
                0x00000000c0014770                thisCPU()
                0x00000000c0014784                CPU::CPU()
                0x00000000c0014784                CPU::CPU()
                0x00000000c0014812                CPU::displayFeatures()
                0x00000000c0014a8e                CPU::detectFeatures()
                0x00000000c0015480                CPU::setupSMEP()
                0x00000000c001549a                CPU::setupUMIP()
                0x00000000c00154b2                CPU::setupTSC()
                0x00000000c00154ca                CPU::setupLargePages()
                0x00000000c00154e2                CPU::setupPAT()
                0x00000000c001551e                CPU::setupMTRR()
                0x00000000c0015520                CPU::setupGlobalPages()
                0x00000000c0015536                CPU::allowUsermodeDataAccess()
                0x00000000c0015548                CPU::prohibitUsermodeDataAccess()
                0x00000000c001555a                CPU::setupSMAP()
                0x00000000c0015580                CPU::setupFeatures()
                0x00000000c0015622                CPU::open(int, int, void*)
                0x00000000c00156f8                CPU::decodeAddress(regs*, int*, bool*, unsigned char*)
 .text          0x00000000c00158f0        0x0 hw/ports.32
 .text          0x00000000c00158f0      0x338 krnl/panic.32
                0x00000000c00158f0                Krnl::panic(char const*)
 .text          0x00000000c0015c28      0x503 reg/registry.32
                0x00000000c0015c28                Reg::findLineFromLoadedData(char*, char*, char*)
                0x00000000c0015d80                Reg::getLineFromRegistry(char*, char*, char*, char*)
                0x00000000c0015edf                Reg::getLine(char*, char*, char*)
                0x00000000c0015f16                Reg::readInt(char*, char*, int*)
                0x00000000c0016001                Reg::readString(char*, char*, char*, int)
                0x00000000c0016082                Reg::readBool(char*, char*, bool*)
                0x00000000c00160a7                Reg::readBoolWithDefault(char*, char*, bool)
                0x00000000c00160d3                Reg::readIntWithDefault(char*, char*, int)
                0x00000000c00160ff                Reg::readStringWithDefault(char*, char*, char*, int, char*)
 .text          0x00000000c001612b       0x18 sys/sc_exit.32
                0x00000000c001612b                Sys::exit(regs*)
 .text          0x00000000c0016143       0x95 sys/sc_loaddll.32
                0x00000000c0016143                Sys::loadDLL(regs*)
 .text          0x00000000c00161d8       0x68 sys/sc_read.32
                0x00000000c00161d8                Sys::read(regs*)
 .text          0x00000000c0016240       0x55 sys/sc_sbrk.32
                0x00000000c0016240                Sys::sbrk(regs*)
 .text          0x00000000c0016295       0x68 sys/sc_write.32
                0x00000000c0016295                Sys::write(regs*)
 .text          0x00000000c00162fd       0x1a sys/sc_yield.32
                0x00000000c00162fd                Sys::yield(regs*)
 .text          0x00000000c0016317      0xf85 sys/syscalls.32
                0x00000000c0016317                sysCallGetPID(regs*)
                0x00000000c0016323                sysCallSeekDir(regs*)
                0x00000000c0016328                sysCallTellDir(regs*)
                0x00000000c001632d                sysCallVerify(regs*)
                0x00000000c0016337                sysCallFork(regs*)
                0x00000000c0016342                sysCallExecve(regs*)
                0x00000000c001634d                sysCallGetArgc(regs*)
                0x00000000c001635d                sysFormatDisk(regs*)
                0x00000000c00163c7                sysSetDiskVolumeLabel(regs*)
                0x00000000c001640d                sysGetDiskVolumeLabel(regs*)
                0x00000000c001645e                sysShutdown(regs*)
                0x00000000c00164bc                sysCallGetCwd(regs*)
                0x00000000c00164db                sysCallSetCwd(regs*)
                0x00000000c00164f7                sysCallRealpath(regs*)
                0x00000000c001653a                sysCallReadDir(regs*)
                0x00000000c00165c8                sysCallIsATTY(regs*)
                0x00000000c0016622                sysCallSeek(regs*)
                0x00000000c001668b                sysCallTell(regs*)
                0x00000000c0016708                sysCallSizeFromFilename(regs*)
                0x00000000c00167b9                sysCallSize(regs*)
                0x00000000c001683c                sysCallClose(regs*)
                0x00000000c00168c4                sysCallOpenDir(regs*)
                0x00000000c0016931                sysCallMakeDir(regs*)
                0x00000000c001698a                sysCallCloseDir(regs*)
                0x00000000c00169f0                sysCallWait(regs*)
                0x00000000c0016a0a                sysCallRmdir(regs*)
                0x00000000c0016a5c                sysCallUnlink(regs*)
                0x00000000c0016aae                sysCallGetArgv(regs*)
                0x00000000c0016afa                sysCallTTYName(regs*)
                0x00000000c0016b7d                sysCallGetEnv(regs*)
                0x00000000c0016bcf                sysCallUSleep(regs*)
                0x00000000c0016bf6                sysCallSpawn(regs*)
                0x00000000c0016c4e                sysAppSettings(regs*)
                0x00000000c0016d6d                sysSetFatAttrib(regs*)
                0x00000000c0016dcd                sysPanic(regs*)
                0x00000000c0016df3                sysPipe(regs*)
                0x00000000c0016e38                sysGetUnixTime(regs*)
                0x00000000c0016e4c                string_ends_with(char const*, char const*)
                0x00000000c0016e94                sysCallOpen(regs*)
                0x00000000c00170a1                setupSystemCalls()
                0x00000000c001725a                systemCall(regs*, void*)
 .text          0x00000000c001729c     0x11c7 thr/elf.32
                0x00000000c001729c                Thr::allocateMemoryForTask(Process*, File*, unsigned long, unsigned long, unsigned long)
                0x00000000c0017519                Thr::loadProgramIntoMemory(Process*, char const*)
                0x00000000c001772f                Thr::runtimeReferenceHelper()
                0x00000000c0017742                Thr::getAddressOfKernelSymbol(char const*)
                0x00000000c0017791                Thr::loadKernelSymbolTable(char const*)
                0x00000000c0017a52                Thr::loadDriverIntoMemory(char const*, unsigned long, bool)
                0x00000000c00181f0                Thr::getDriverBaseFromAddress(unsigned long)
                0x00000000c0018222                Thr::getDriverNameFromAddress(unsigned long)
                0x00000000c0018259                Thr::getDriverOffsetFromAddress(unsigned long)
                0x00000000c0018273                Thr::loadDLL(char const*, bool)
                0x00000000c0018439                Thr::executeDLL(unsigned long, void*)
 *fill*         0x00000000c0018463        0x1 
 .text          0x00000000c0018464      0xfce thr/prcssthr.32
                0x00000000c0018464                changeTSS
                0x00000000c0018492                Process::addArgs(char**)
                0x00000000c00184ec                Process::Process(char const*, Process*, char**)
                0x00000000c00184ec                Process::Process(char const*, Process*, char**)
                0x00000000c00186a4                Process::Process(bool, char const*, Process*, char**)
                0x00000000c00186a4                Process::Process(bool, char const*, Process*, char**)
                0x00000000c0018827                disableIRQs()
                0x00000000c001882f                getIRQNestingLevel()
                0x00000000c0018835                enableIRQs()
                0x00000000c0018844                lockScheduler()
                0x00000000c0018846                unlockScheduler()
                0x00000000c0018848                userModeEntryPoint(void*)
                0x00000000c001886b                lockStuff()
                0x00000000c0018877                taskStartupFunction
                0x00000000c0018880                updateTimeUsed()
                0x00000000c00188de                switchToThread(ThreadControlBlock*)
                0x00000000c001892e                Semaphore::Semaphore(int)
                0x00000000c001892e                Semaphore::Semaphore(int)
                0x00000000c001895c                Mutex::Mutex()
                0x00000000c001895c                Mutex::Mutex()
                0x00000000c001896e                Process::createThread(void (*)(void*), void*, int)
                0x00000000c0018a52                Process::createUserThread()
                0x00000000c0018a6e                setupMultitasking(void (*)())
                0x00000000c0018b78                schedule()
                0x00000000c0018bfd                unlockStuff()
                0x00000000c0018c32                Semaphore::tryAcquire()
                0x00000000c0018c60                Semaphore::assertLocked(char const*)
                0x00000000c0018c90                blockTaskWithSchedulerLockAlreadyHeld(TaskState)
                0x00000000c0018cd2                blockTask(TaskState)
                0x00000000c0018cf3                waitTask(int, int*, int)
                0x00000000c0018d35                nanoSleepUntil(unsigned long long)
                0x00000000c0018d8c                nanoSleep(unsigned long long)
                0x00000000c0018da1                sleep(unsigned long long)
                0x00000000c0018dbe                Semaphore::acquire()
                0x00000000c0018e26                taskReturned
                0x00000000c0018e54                unblockTask(ThreadControlBlock*)
                0x00000000c0018f03                cleanupTerminatedTask(ThreadControlBlock*)
                0x00000000c00191a7                cleanerTaskFunction(void*)
                0x00000000c001925a                terminateTask(int)
                0x00000000c001933a                Thr::terminateFromIRQ(int)
                0x00000000c0019346                Semaphore::release()
 .text          0x00000000c0019432      0x8bf vm86/vm8086.32
                0x00000000c0019432                Vm::vm8086EntryPoint(void*)
                0x00000000c001945d                Vm::inbv(unsigned short)
                0x00000000c0019463                Vm::outbv(unsigned short, unsigned char)
                0x00000000c001946d                Vm::realToLinear(unsigned short, unsigned short)
                0x00000000c001947d                Vm::getSegment(unsigned int)
                0x00000000c0019485                Vm::getOffset(unsigned int)
                0x00000000c001948a                Vm::loadFileAsThread(Process*, char const*, unsigned short, unsigned short, unsigned short, unsigned short)
                0x00000000c00195b9                Vm::doISR(regs*, int, unsigned char*, unsigned short, unsigned short)
                0x00000000c0019643                Vm::readByteFromReal(unsigned short, unsigned short)
                0x00000000c0019654                Vm::readWordFromReal(unsigned short, unsigned short)
                0x00000000c0019666                Vm::readDwordFromReal(unsigned short, unsigned short)
                0x00000000c0019677                Vm::writeByteFromReal(unsigned short, unsigned short, unsigned char)
                0x00000000c001968c                Vm::writeWordFromReal(unsigned short, unsigned short, unsigned short)
                0x00000000c00196a2                Vm::writeDwordFromReal(unsigned short, unsigned short, unsigned int)
                0x00000000c00196b7                Vm::faultHandler(regs*)
 *fill*         0x00000000c0019cf1        0x1 
 .text          0x00000000c0019cf2     0x10ed fs/fat/vfslink.32
                0x00000000c0019cf2                FAT::getName()
                0x00000000c0019cf8                FAT::tell(void*, unsigned long long*)
                0x00000000c0019d2c                FAT::stat(void*, unsigned long long*)
                0x00000000c0019d60                FAT::~FAT()
                0x00000000c0019d60                FAT::~FAT()
                0x00000000c0019d84                FAT::~FAT()
                0x00000000c0019dac                FAT::getlabel(LogicalDisk*, int, char*, unsigned int*)
                0x00000000c0019e4a                FAT::setlabel(LogicalDisk*, int, char*)
                0x00000000c0019f04                FAT::format(LogicalDisk*, int, char const*, int)
                0x00000000c001a0e8                FAT::tryMount(LogicalDisk*, int)
                0x00000000c001a2ee                FAT::readDir(void*, unsigned long, void*, int*)
                0x00000000c001a3f4                FAT::read(void*, unsigned long, void*, int*)
                0x00000000c001a44e                FAT::write(void*, unsigned long, void*, int*)
                0x00000000c001a4a8                FAT::close(void*)
                0x00000000c001a4f4                FAT::closeDir(void*)
                0x00000000c001a540                FAT::seek(void*, unsigned long long)
                0x00000000c001a594                fatWrapperReadDisk
                0x00000000c001a5db                fatWrapperWriteDisk
                0x00000000c001a622                fatWrapperIoctl
                0x00000000c001a726                FAT::FAT()
                0x00000000c001a726                FAT::FAT()
                0x00000000c001a778                FAT::fixFilepath(char*)
                0x00000000c001a7b0                FAT::open(char const*, void**, FileOpenMode)
                0x00000000c001a8d8                FAT::openDir(char const*, void**)
                0x00000000c001a97e                FAT::stat(char const*, unsigned long long*, bool*)
                0x00000000c001aa68                FAT::unlink(char const*)
                0x00000000c001aae2                FAT::chfatattr(char const*, unsigned char, unsigned char)
                0x00000000c001ac36                FAT::rename(char const*, char const*)
                0x00000000c001acfa                FAT::mkdir(char const*)
                0x00000000c001ad74                FAT::exists(char const*)
 *fill*         0x00000000c001addf        0x1 
 .text          0x00000000c001ade0      0xbdf fs/iso9660/vfslink.32
                0x00000000c001ade0                ISO9660::format(LogicalDisk*, int, char const*, int)
                0x00000000c001ade6                ISO9660::seek(void*, unsigned long long)
                0x00000000c001ae16                ISO9660::tell(void*, unsigned long long*)
                0x00000000c001ae3a                ISO9660::getName()
                0x00000000c001ae40                ISO9660::stat(void*, unsigned long long*)
                0x00000000c001ae64                ISO9660::chfatattr(char const*, unsigned char, unsigned char)
                0x00000000c001ae6a                ISO9660::unlink(char const*)
                0x00000000c001ae70                ISO9660::write(void*, unsigned long, void*, int*)
                0x00000000c001ae76                ISO9660::rename(char const*, char const*)
                0x00000000c001ae7c                ISO9660::mkdir(char const*)
                0x00000000c001ae82                ISO9660::close(void*)
                0x00000000c001aea4                ISO9660::closeDir(void*)
                0x00000000c001aec6                ISO9660::~ISO9660()
                0x00000000c001aec6                ISO9660::~ISO9660()
                0x00000000c001aeea                ISO9660::~ISO9660()
                0x00000000c001af11                __memmem(unsigned char*, int, unsigned char*, int)
                0x00000000c001af53                readSectorFromCDROM(unsigned int, unsigned char*, char)
                0x00000000c001afba                ISO9660::tryMount(LogicalDisk*, int)
                0x00000000c001b00a                ISO9660::read(void*, unsigned long, void*, int*)
                0x00000000c001b24e                ISO9660::readDir(void*, unsigned long, void*, int*)
                0x00000000c001b4db                readRoot(unsigned int*, unsigned int*, char)
                0x00000000c001b530                readRecursively(char*, unsigned int, unsigned int, unsigned int*, unsigned int*, char, int*)
                0x00000000c001b703                getFileData(char*, unsigned int*, unsigned int*, char, int*)
                0x00000000c001b792                ISO9660::open(char const*, void**, FileOpenMode)
                0x00000000c001b82c                ISO9660::exists(char const*)
                0x00000000c001b850                ISO9660::stat(char const*, unsigned long long*, bool*)
                0x00000000c001b8e4                ISO9660::openDir(char const*, void**)
                0x00000000c001b99c                ISO9660::ISO9660()
                0x00000000c001b99c                ISO9660::ISO9660()
 *fill*         0x00000000c001b9bf        0x1 
 .text          0x00000000c001b9c0      0x244 hal/sound/sndchannel.32
                0x00000000c001b9c0                SoundChannel::~SoundChannel()
                0x00000000c001b9c0                SoundChannel::~SoundChannel()
                0x00000000c001b9dc                SoundChannel::setSpeed(float)
                0x00000000c001b9e8                SoundChannel::getSpeed()
                0x00000000c001b9f0                SoundChannel::setVolume(int)
                0x00000000c001ba0c                SoundChannel::getVolume()
                0x00000000c001ba14                SoundChannel::pause()
                0x00000000c001ba1e                SoundChannel::SoundChannel(int, int, int, int)
                0x00000000c001ba1e                SoundChannel::SoundChannel(int, int, int, int)
                0x00000000c001bb14                SoundChannel::play()
                0x00000000c001bb1e                SoundChannel::paused()
                0x00000000c001bb26                SoundChannel::getSampleRate()
                0x00000000c001bb2e                SoundChannel::getBits()
                0x00000000c001bb36                SoundChannel::getBufferUsed()
                0x00000000c001bb3e                SoundChannel::getBufferSize()
                0x00000000c001bb46                SoundChannel::unbuffer(float*, int, int)
                0x00000000c001bbb8                SoundChannel::buffer8(unsigned char*, int)
 .text          0x00000000c001bc04      0x317 hal/sound/sndhw.32
                0x00000000c001bc04                SoundDevice::SoundDevice(char const*)
                0x00000000c001bc04                SoundDevice::SoundDevice(char const*)
                0x00000000c001bc70                SoundDevice::~SoundDevice()
                0x00000000c001bc70                SoundDevice::~SoundDevice()
                0x00000000c001bcea                SoundDevice::~SoundDevice()
                0x00000000c001bd14                SoundDevice::getFreeChannelNum()
                0x00000000c001bd2e                SoundDevice::addChannel(SoundChannel*)
                0x00000000c001bd9e                SoundDevice::removeChannel(int)
                0x00000000c001bdd0                SoundDevice::floatTo8(float*, unsigned char*, int)
                0x00000000c001be3c                SoundDevice::getAudio(int, float*, float*)
 .text          0x00000000c001bf1b        0x0 hw/bus/isa.32
 *fill*         0x00000000c001bf1b        0x1 
 .text          0x00000000c001bf1c      0x6c1 hw/bus/pci.32
                0x00000000c001bf1c                PCI::open(int, int, void*)
                0x00000000c001bf30                PCI::close(int, int, void*)
                0x00000000c001bf34                PCI::PCI()
                0x00000000c001bf34                PCI::PCI()
                0x00000000c001bfb4                PCI::pciReadWord(unsigned char, unsigned char, unsigned char, unsigned char)
                0x00000000c001bffc                PCI::getVendorID(unsigned char, unsigned char, unsigned char)
                0x00000000c001c01e                PCI::getHeaderType(unsigned char, unsigned char, unsigned char)
                0x00000000c001c042                PCI::getClassCode(unsigned char, unsigned char, unsigned char)
                0x00000000c001c086                PCI::getProgIF(unsigned char, unsigned char, unsigned char)
                0x00000000c001c0aa                PCI::getRevisionID(unsigned char, unsigned char, unsigned char)
                0x00000000c001c0cc                PCI::getInterruptNumber(unsigned char, unsigned char, unsigned char)
                0x00000000c001c0ee                PCI::getSecondaryBus(unsigned char, unsigned char, unsigned char)
                0x00000000c001c112                PCI::getBARAddress(unsigned char, unsigned char, unsigned char, unsigned char)
                0x00000000c001c172                PCI::pciWriteWord(unsigned char, unsigned char, unsigned char, unsigned char, unsigned short)
                0x00000000c001c1de                PCI::checkBus(unsigned char)
                0x00000000c001c202                PCI::foundDevice(PCIDeviceInfo)
                0x00000000c001c372                PCI::getDeviceData(unsigned char, unsigned char, unsigned char)
                0x00000000c001c51e                PCI::checkDevice(unsigned char, unsigned char)
                0x00000000c001c58a                PCI::detect()
 *fill*         0x00000000c001c5dd        0x1 
 .text          0x00000000c001c5de      0xc70 hw/diskctrl/ide.32
                0x00000000c001c5de                IDE::close(int, int, void*)
                0x00000000c001c5e2                IDE::IDE()
                0x00000000c001c5e2                IDE::IDE()
                0x00000000c001c616                IDE::prepareInterrupt(unsigned char)
                0x00000000c001c628                selectDrive(unsigned char, unsigned char)
                0x00000000c001c62a                IDE::getBase(unsigned char)
                0x00000000c001c63c                IDE::write(unsigned char, unsigned char, unsigned char)
                0x00000000c001c6fc                IDE::read(unsigned char, unsigned char)
                0x00000000c001c7aa                IDE::waitInterrupt(unsigned char)
                0x00000000c001c810                ideChannel0IRQHandler(regs*, void*)
                0x00000000c001c82c                ideChannel1IRQHandler(regs*, void*)
                0x00000000c001c848                IDE::enableIRQs(unsigned char, bool)
                0x00000000c001c88e                IDE::open(int, int, void*)
                0x00000000c001cc9e                IDE::readBuffer(unsigned char, unsigned char, unsigned int, unsigned int)
                0x00000000c001cd6a                IDE::detect()
                0x00000000c001d052                IDE::printError(unsigned char, unsigned char, unsigned char)
                0x00000000c001d1e8                IDE::polling(unsigned char, unsigned int)
 .text          0x00000000c001d24e      0x62b hw/diskphys/ata.32
                0x00000000c001d24e                ATA::close(int, int, void*)
                0x00000000c001d272                ATA::powerSaving(PowerSavingLevel)
                0x00000000c001d274                ATA::ATA()
                0x00000000c001d274                ATA::ATA()
                0x00000000c001d2a2                ATA::flush(bool)
                0x00000000c001d2ec                ATA::readyForCommand()
                0x00000000c001d33c                ATA::access(unsigned long long, int, void*, bool)
                0x00000000c001d6ba                ATA::read(unsigned long long, int, void*)
                0x00000000c001d722                ATA::write(unsigned long long, int, void*)
                0x00000000c001d78a                ATA::detectCHS()
                0x00000000c001d7b4                ATA::open(int, int, void*)
 *fill*         0x00000000c001d879        0x1 
 .text          0x00000000c001d87a      0x5b3 hw/diskphys/atapi.32
                0x00000000c001d87a                ATAPI::write(unsigned long long, int, void*)
                0x00000000c001d880                ATAPI::close(int, int, void*)
                0x00000000c001d8a4                ATAPI::ATAPI()
                0x00000000c001d8a4                ATAPI::ATAPI()
                0x00000000c001d8d2                ATAPI::readyForCommand()
                0x00000000c001d922                ATAPI::sendPacket(unsigned char*, int, bool, unsigned short*, int)
                0x00000000c001dbe2                ATAPI::diskRemoved()
                0x00000000c001dbfe                ATAPI::eject()
                0x00000000c001dc44                ATAPI::diskInserted()
                0x00000000c001dc72                ATAPI::detectMedia()
                0x00000000c001dd2e                ATAPI::open(int, int, void*)
                0x00000000c001ddae                ATAPI::read(unsigned long long, int, void*)
 *fill*         0x00000000c001de2d        0x1 
 .text          0x00000000c001de2e       0x8e hw/fpu/avx.32
                0x00000000c001de2e                AVX::open(int, int, void*)
                0x00000000c001de40                AVX::close(int, int, void*)
                0x00000000c001de52                AVX::available()
                0x00000000c001de64                AVX::save(void*)
                0x00000000c001de7c                AVX::load(void*)
                0x00000000c001de94                AVX::AVX()
                0x00000000c001de94                AVX::AVX()
 .text          0x00000000c001debc       0x90 hw/fpu/mmx.32
                0x00000000c001debc                MMX::available()
                0x00000000c001ded0                MMX::open(int, int, void*)
                0x00000000c001dee2                MMX::close(int, int, void*)
                0x00000000c001def4                MMX::save(void*)
                0x00000000c001df0c                MMX::load(void*)
                0x00000000c001df24                MMX::MMX()
                0x00000000c001df24                MMX::MMX()
 .text          0x00000000c001df4c       0x96 hw/fpu/sse.32
                0x00000000c001df4c                SSE::open(int, int, void*)
                0x00000000c001df5e                SSE::close(int, int, void*)
                0x00000000c001df70                SSE::available()
                0x00000000c001df8a                SSE::save(void*)
                0x00000000c001dfa2                SSE::load(void*)
                0x00000000c001dfba                SSE::SSE()
                0x00000000c001dfba                SSE::SSE()
 .text          0x00000000c001dfe2       0x8e hw/fpu/x87.32
                0x00000000c001dfe2                x87::open(int, int, void*)
                0x00000000c001dff4                x87::close(int, int, void*)
                0x00000000c001e006                x87::available()
                0x00000000c001e018                x87::save(void*)
                0x00000000c001e030                x87::load(void*)
                0x00000000c001e048                x87::x87()
                0x00000000c001e048                x87::x87()
 .text          0x00000000c001e070      0x5f3 hw/intctrl/apic.32
                0x00000000c001e070                APIC::disable()
                0x00000000c001e072                APIC::close(int, int, void*)
                0x00000000c001e094                IOAPIC::close(int, int, void*)
                0x00000000c001e09a                APIC::io_wait()
                0x00000000c001e0a0                APIC::getBase()
                0x00000000c001e0e2                APIC::eoi(unsigned char)
                0x00000000c001e110                APIC::open(int, int, void*)
                0x00000000c001e1ca                IOAPIC::IOAPIC()
                0x00000000c001e1ca                IOAPIC::IOAPIC()
                0x00000000c001e1f2                APIC::APIC()
                0x00000000c001e1f2                APIC::APIC()
                0x00000000c001e2c2                IOAPIC::handlesGSIWithNumber(unsigned int)
                0x00000000c001e2f4                IOAPIC::read(int)
                0x00000000c001e31c                IOAPIC::open(int, int, void*)
                0x00000000c001e412                IOAPIC::write(int, int)
                0x00000000c001e43e                IOAPIC::redirect(unsigned char, unsigned long long, unsigned char)
                0x00000000c001e4f8                APIC::installIRQHandler(int, void (*)(regs*, void*), bool, void*)
 *fill*         0x00000000c001e663        0x1 
 .text          0x00000000c001e664      0x3d3 hw/intctrl/pic.32
                0x00000000c001e664                PIC::disable()
                0x00000000c001e692                PIC::close(int, int, void*)
                0x00000000c001e6b4                PIC::PIC()
                0x00000000c001e6b4                PIC::PIC()
                0x00000000c001e78a                PIC::ioWait()
                0x00000000c001e790                PIC::getIRQReg(int)
                0x00000000c001e7fa                PIC::eoi(unsigned char)
                0x00000000c001e88c                PIC::remap()
                0x00000000c001e9f8                PIC::open(int, int, void*)
 *fill*         0x00000000c001ea37        0x1 
 .text          0x00000000c001ea38      0x252 hw/timer/apictimer.32
                0x00000000c001ea38                APICTimer::close(int, int, void*)
                0x00000000c001ea3e                apicTimerHandler(regs*, void*)
                0x00000000c001ea6c                APICTimer::write(int)
                0x00000000c001eb6a                APICTimer::open(int, int, void*)
                0x00000000c001ec62                APICTimer::APICTimer()
                0x00000000c001ec62                APICTimer::APICTimer()
 .text          0x00000000c001ec8a      0x1a7 hw/timer/pit.32
                0x00000000c001ec8a                PIT::write(int)
                0x00000000c001ed08                pitHandler(regs*, void*)
                0x00000000c001ed34                PIT::open(int, int, void*)
                0x00000000c001ed82                PIT::close(int, int, void*)
                0x00000000c001edb2                PIT::PIT()
                0x00000000c001edb2                PIT::PIT()
 *fill*         0x00000000c001ee31        0xf 
 .text          0x00000000c001ee40        0xa hw/fpu/x86/avx.32
                0x00000000c001ee40                avxDetect
                0x00000000c001ee46                avxSave
                0x00000000c001ee47                avxLoad
                0x00000000c001ee48                avxInit
                0x00000000c001ee49                avxClose
 *fill*         0x00000000c001ee4a        0x6 
 .text          0x00000000c001ee50       0x38 hw/fpu/x86/sse.32
                0x00000000c001ee50                sseDetect
                0x00000000c001ee6b                sseSave
                0x00000000c001ee71                sseLoad
                0x00000000c001ee77                sseInit
                0x00000000c001ee87                sseClose
 *fill*         0x00000000c001ee88        0x8 
 .text          0x00000000c001ee90       0x47 hw/fpu/x86/x87.32
                0x00000000c001ee96                x87Detect
                0x00000000c001eeb1                x87Save
                0x00000000c001eeb7                x87Load
                0x00000000c001eebc                x87Init
                0x00000000c001eed6                x87Close
 *fill*         0x00000000c001eed7        0x1 
 .text          0x00000000c001eed8       0x25 /cygdrive/d/Users/Alex/Desktop/Toolchain/Output/bin/../lib/gcc/i386-banana/8.1.0/crtend.o
 .text          0x00000000c001eefd        0x0 crtn.32
 *fill*         0x00000000c001eefd        0x3 
 .text          0x00000000c001ef00      0x14b /cygdrive/d/Users/Alex/Desktop/Toolchain/Output/bin/../lib/gcc/i386-banana/8.1.0/libgcc.a(_divdi3.o)
                0x00000000c001ef00                __divdi3
 *fill*         0x00000000c001f04b        0x1 
 .text          0x00000000c001f04c      0x17e /cygdrive/d/Users/Alex/Desktop/Toolchain/Output/bin/../lib/gcc/i386-banana/8.1.0/libgcc.a(_moddi3.o)
                0x00000000c001f04c                __moddi3
 *fill*         0x00000000c001f1ca        0x2 
 .text          0x00000000c001f1cc       0xff /cygdrive/d/Users/Alex/Desktop/Toolchain/Output/bin/../lib/gcc/i386-banana/8.1.0/libgcc.a(_udivdi3.o)
                0x00000000c001f1cc                __udivdi3
 *fill*         0x00000000c001f2cb        0x1 
 .text          0x00000000c001f2cc      0x11a /cygdrive/d/Users/Alex/Desktop/Toolchain/Output/bin/../lib/gcc/i386-banana/8.1.0/libgcc.a(_umoddi3.o)
                0x00000000c001f2cc                __umoddi3
 *fill*         0x00000000c001f3e6        0xa 
 .text          0x00000000c001f3f0       0x1e D:/Users/Alex/Desktop/Banana/kernel/libk/libm32.a(s_fabs.c.o)
                0x00000000c001f3f0                fabs
 *fill*         0x00000000c001f40e        0x2 
 .text          0x00000000c001f410        0xc D:/Users/Alex/Desktop/Banana/kernel/libk/libm32.a(s_lrint.S.o)
                0x00000000c001f410                lrint
 .text          0x00000000c001f41c        0xc D:/Users/Alex/Desktop/Banana/kernel/libk/libm32.a(s_lrintf.S.o)
                0x00000000c001f41c                lrintf
 *(.gnu.linkonce.t*)

.iplt           0x00000000c001f428        0x0
 .iplt          0x00000000c001f428        0x0 D:/Users/Alex/Desktop/Banana/kernel/boot.32

.init           0x00000000c001f428        0xf
 .init          0x00000000c001f428        0x3 crti.32
                0x00000000c001f428                _init
 .init          0x00000000c001f42b        0x5 /cygdrive/d/Users/Alex/Desktop/Toolchain/Output/bin/../lib/gcc/i386-banana/8.1.0/crtbegin.o
 .init          0x00000000c001f430        0x5 /cygdrive/d/Users/Alex/Desktop/Toolchain/Output/bin/../lib/gcc/i386-banana/8.1.0/crtend.o
 .init          0x00000000c001f435        0x2 crtn.32

.fini           0x00000000c001f437        0xa
 .fini          0x00000000c001f437        0x3 crti.32
                0x00000000c001f437                _fini
 .fini          0x00000000c001f43a        0x5 /cygdrive/d/Users/Alex/Desktop/Toolchain/Output/bin/../lib/gcc/i386-banana/8.1.0/crtbegin.o
 .fini          0x00000000c001f43f        0x2 crtn.32

.text._ZN8ComputerD2Ev
                0x00000000c001f442       0x23
 .text._ZN8ComputerD2Ev
                0x00000000c001f442       0x23 core/computer.32
                0x00000000c001f442                Computer::~Computer()
                0x00000000c001f442                Computer::~Computer()

.text._ZN8ComputerD0Ev
                0x00000000c001f466       0x2a
 .text._ZN8ComputerD0Ev
                0x00000000c001f466       0x2a core/computer.32
                0x00000000c001f466                Computer::~Computer()

.text._Z10idleCommonv
                0x00000000c001f490       0x15
 .text._Z10idleCommonv
                0x00000000c001f490       0x15 core/idle.32
                0x00000000c001f490                idleCommon()

.text._ZN3CPU7readCR3Ev
                0x00000000c001f4a5       0x12
 .text._ZN3CPU7readCR3Ev
                0x00000000c001f4a5       0x12 core/kheap.32
                0x00000000c001f4a5                CPU::readCR3()

.text._ZN3CPU8writeCR3Em
                0x00000000c001f4b7        0x9
 .text._ZN3CPU8writeCR3Em
                0x00000000c001f4b7        0x9 core/kheap.32
                0x00000000c001f4b7                CPU::writeCR3(unsigned long)

.text._ZN10LinkedListI8UnixFileED2Ev
                0x00000000c001f4c0        0x2
 .text._ZN10LinkedListI8UnixFileED2Ev
                0x00000000c001f4c0        0x2 core/unixfile.32
                0x00000000c001f4c0                LinkedList<UnixFile>::~LinkedList()
                0x00000000c001f4c0                LinkedList<UnixFile>::~LinkedList()

.text._ZN10LinkedListI8UnixFileEC2Ev
                0x00000000c001f4c2       0x58
 .text._ZN10LinkedListI8UnixFileEC2Ev
                0x00000000c001f4c2       0x58 core/unixfile.32
                0x00000000c001f4c2                LinkedList<UnixFile>::LinkedList()
                0x00000000c001f4c2                LinkedList<UnixFile>::LinkedList()

.text._ZN10LinkedListI8UnixFileE10addElementEPS0_
                0x00000000c001f51a       0xd3
 .text._ZN10LinkedListI8UnixFileE10addElementEPS0_
                0x00000000c001f51a       0xd3 core/unixfile.32
                0x00000000c001f51a                LinkedList<UnixFile>::addElement(UnixFile*)

.text._ZN10LinkedListI8UnixFileE15getFirstElementEv
                0x00000000c001f5ee        0x7
 .text._ZN10LinkedListI8UnixFileE15getFirstElementEv
                0x00000000c001f5ee        0x7 core/unixfile.32
                0x00000000c001f5ee                LinkedList<UnixFile>::getFirstElement()

.text._ZN10LinkedListI8UnixFileE11removeFirstEv
                0x00000000c001f5f6       0xa1
 .text._ZN10LinkedListI8UnixFileE11removeFirstEv
                0x00000000c001f5f6       0xa1 core/unixfile.32
                0x00000000c001f5f6                LinkedList<UnixFile>::removeFirst()

.text._ZN10LinkedListI8UnixFileE7getNextEPS0_
                0x00000000c001f698        0x8
 .text._ZN10LinkedListI8UnixFileE7getNextEPS0_
                0x00000000c001f698        0x8 core/unixfile.32
                0x00000000c001f698                LinkedList<UnixFile>::getNext(UnixFile*)

.text._ZN16DriverlessDeviceD2Ev
                0x00000000c001f6a0       0x1a
 .text._ZN16DriverlessDeviceD2Ev
                0x00000000c001f6a0       0x1a hal/device.32
                0x00000000c001f6a0                DriverlessDevice::~DriverlessDevice()
                0x00000000c001f6a0                DriverlessDevice::~DriverlessDevice()

.text._ZN16DriverlessDeviceD0Ev
                0x00000000c001f6ba       0x2a
 .text._ZN16DriverlessDeviceD0Ev
                0x00000000c001f6ba       0x2a hal/device.32
                0x00000000c001f6ba                DriverlessDevice::~DriverlessDevice()

.text._ZN10LinkedListI6DeviceE10addElementEPS0_
                0x00000000c001f6e4       0xdc
 .text._ZN10LinkedListI6DeviceE10addElementEPS0_
                0x00000000c001f6e4       0xdc hal/device.32
                0x00000000c001f6e4                LinkedList<Device>::addElement(Device*)

.text._ZN10LinkedListI6DeviceEC2Ev
                0x00000000c001f7c0       0x58
 .text._ZN10LinkedListI6DeviceEC2Ev
                0x00000000c001f7c0       0x58 hal/device.32
                0x00000000c001f7c0                LinkedList<Device>::LinkedList()
                0x00000000c001f7c0                LinkedList<Device>::LinkedList()

.text._ZN3CPU7readCR0Ev
                0x00000000c001f818       0x12
 .text._ZN3CPU7readCR0Ev
                0x00000000c001f818       0x12 hal/fpu.32
                0x00000000c001f818                CPU::readCR0()

.text._ZN3CPU8writeCR0Em
                0x00000000c001f82a        0x9
 .text._ZN3CPU8writeCR0Em
                0x00000000c001f82a        0x9 hal/fpu.32
                0x00000000c001f82a                CPU::writeCR0(unsigned long)

.text._ZN3CPU7readDR0Ev
                0x00000000c001f833       0x12
 .text._ZN3CPU7readDR0Ev
                0x00000000c001f833       0x12 hal/intctrl.32
                0x00000000c001f833                CPU::readDR0()

.text._ZN3CPU7readDR1Ev
                0x00000000c001f845       0x12
 .text._ZN3CPU7readDR1Ev
                0x00000000c001f845       0x12 hal/intctrl.32
                0x00000000c001f845                CPU::readDR1()

.text._ZN3CPU7readDR2Ev
                0x00000000c001f857       0x12
 .text._ZN3CPU7readDR2Ev
                0x00000000c001f857       0x12 hal/intctrl.32
                0x00000000c001f857                CPU::readDR2()

.text._ZN3CPU7readDR3Ev
                0x00000000c001f869       0x12
 .text._ZN3CPU7readDR3Ev
                0x00000000c001f869       0x12 hal/intctrl.32
                0x00000000c001f869                CPU::readDR3()

.text._ZN3CPU7readDR6Ev
                0x00000000c001f87b       0x12
 .text._ZN3CPU7readDR6Ev
                0x00000000c001f87b       0x12 hal/intctrl.32
                0x00000000c001f87b                CPU::readDR6()

.text._ZN3CPU7readDR7Ev
                0x00000000c001f88d       0x12
 .text._ZN3CPU7readDR7Ev
                0x00000000c001f88d       0x12 hal/intctrl.32
                0x00000000c001f88d                CPU::readDR7()

.text._ZN10LinkedListIV18ThreadControlBlockE15getFirstElementEv
                0x00000000c001f8a0        0x7
 .text._ZN10LinkedListIV18ThreadControlBlockE15getFirstElementEv
                0x00000000c001f8a0        0x7 hal/timer.32
                0x00000000c001f8a0                LinkedList<ThreadControlBlock volatile>::getFirstElement()

.text._ZN10LinkedListIV18ThreadControlBlockE7isEmptyEv
                0x00000000c001f8a8       0x1c
 .text._ZN10LinkedListIV18ThreadControlBlockE7isEmptyEv
                0x00000000c001f8a8       0x1c hal/timer.32
                0x00000000c001f8a8                LinkedList<ThreadControlBlock volatile>::isEmpty()

.text._ZN10LinkedListIV18ThreadControlBlockE11removeFirstEv
                0x00000000c001f8c4       0xae
 .text._ZN10LinkedListIV18ThreadControlBlockE11removeFirstEv
                0x00000000c001f8c4       0xae hal/timer.32
                0x00000000c001f8c4                LinkedList<ThreadControlBlock volatile>::removeFirst()

.text._ZN10LinkedListIV18ThreadControlBlockE10addElementEPS1_
                0x00000000c001f972       0xd3
 .text._ZN10LinkedListIV18ThreadControlBlockE10addElementEPS1_
                0x00000000c001f972       0xd3 hal/timer.32
                0x00000000c001f972                LinkedList<ThreadControlBlock volatile>::addElement(ThreadControlBlock volatile*)

.text._ZN4ACPID2Ev
                0x00000000c001fa46       0x23
 .text._ZN4ACPID2Ev
                0x00000000c001fa46       0x23 hw/acpi.32
                0x00000000c001fa46                ACPI::~ACPI()
                0x00000000c001fa46                ACPI::~ACPI()

.text._ZN4ACPID0Ev
                0x00000000c001fa6a       0x2a
 .text._ZN4ACPID0Ev
                0x00000000c001fa6a       0x2a hw/acpi.32
                0x00000000c001fa6a                ACPI::~ACPI()

.text._ZN3CPUD2Ev
                0x00000000c001fa94       0x23
 .text._ZN3CPUD2Ev
                0x00000000c001fa94       0x23 hw/cpu.32
                0x00000000c001fa94                CPU::~CPU()
                0x00000000c001fa94                CPU::~CPU()

.text._ZN3CPUD0Ev
                0x00000000c001fab8       0x2a
 .text._ZN3CPUD0Ev
                0x00000000c001fab8       0x2a hw/cpu.32
                0x00000000c001fab8                CPU::~CPU()

.text._ZN3CPU7readCR4Ev
                0x00000000c001fae2       0x12
 .text._ZN3CPU7readCR4Ev
                0x00000000c001fae2       0x12 hw/cpu.32
                0x00000000c001fae2                CPU::readCR4()

.text._ZN3CPU8writeDR7Em
                0x00000000c001faf4        0x9
 .text._ZN3CPU8writeDR7Em
                0x00000000c001faf4        0x9 hw/cpu.32
                0x00000000c001faf4                CPU::writeDR7(unsigned long)

.text._ZN3CPU8writeCR4Em
                0x00000000c001fafd        0x9
 .text._ZN3CPU8writeCR4Em
                0x00000000c001fafd        0x9 hw/cpu.32
                0x00000000c001fafd                CPU::writeCR4(unsigned long)

.text._ZN3CPU7readCR2Ev
                0x00000000c001fb06       0x12
 .text._ZN3CPU7readCR2Ev
                0x00000000c001fb06       0x12 krnl/panic.32
                0x00000000c001fb06                CPU::readCR2()

.text._ZN10LinkedListIV18ThreadControlBlockED2Ev
                0x00000000c001fb18        0x2
 .text._ZN10LinkedListIV18ThreadControlBlockED2Ev
                0x00000000c001fb18        0x2 thr/prcssthr.32
                0x00000000c001fb18                LinkedList<ThreadControlBlock volatile>::~LinkedList()
                0x00000000c001fb18                LinkedList<ThreadControlBlock volatile>::~LinkedList()

.text._ZN18ThreadControlBlockC2Ev
                0x00000000c001fb1a       0x3e
 .text._ZN18ThreadControlBlockC2Ev
                0x00000000c001fb1a       0x3e thr/prcssthr.32
                0x00000000c001fb1a                ThreadControlBlock::ThreadControlBlock()
                0x00000000c001fb1a                ThreadControlBlock::ThreadControlBlock()

.text._ZN10LinkedListIV18ThreadControlBlockEC2Ev
                0x00000000c001fb58       0x58
 .text._ZN10LinkedListIV18ThreadControlBlockEC2Ev
                0x00000000c001fb58       0x58 thr/prcssthr.32
                0x00000000c001fb58                LinkedList<ThreadControlBlock volatile>::LinkedList()
                0x00000000c001fb58                LinkedList<ThreadControlBlock volatile>::LinkedList()

.text._ZN10LinkedListIV18ThreadControlBlockE7getNextEPS1_
                0x00000000c001fbb0        0x8
 .text._ZN10LinkedListIV18ThreadControlBlockE7getNextEPS1_
                0x00000000c001fbb0        0x8 thr/prcssthr.32
                0x00000000c001fbb0                LinkedList<ThreadControlBlock volatile>::getNext(ThreadControlBlock volatile*)

.text._ZN3PCID2Ev
                0x00000000c001fbb8       0x23
 .text._ZN3PCID2Ev