Archive member included to satisfy reference by file (symbol)

/cygdrive/d/Users/Alex/Desktop/Toolchain/Output/bin/../lib/gcc/i386-banana/8.1.0/libkgcc.a(_divdi3.o)
                              krnl/resolve.32 (__divdi3)
/cygdrive/d/Users/Alex/Desktop/Toolchain/Output/bin/../lib/gcc/i386-banana/8.1.0/libkgcc.a(_moddi3.o)
                              krnl/resolve.32 (__moddi3)
/cygdrive/d/Users/Alex/Desktop/Toolchain/Output/bin/../lib/gcc/i386-banana/8.1.0/libkgcc.a(_udivdi3.o)
                              hal/clock.32 (__udivdi3)
/cygdrive/d/Users/Alex/Desktop/Toolchain/Output/bin/../lib/gcc/i386-banana/8.1.0/libkgcc.a(_umoddi3.o)
                              core/pipe.32 (__umoddi3)

Allocating common symbols
Common symbol       size              file

dcache              0x40              fs/iso9660/iso9660.32
cdDriveLetter       0x1               fs/iso9660/iso9660.32
icache              0x40              fs/iso9660/iso9660.32

Discarded input sections

 .comment       0x0000000000000000       0x12 /cygdrive/d/Users/Alex/Desktop/Toolchain/Output/bin/../lib/gcc/i386-banana/8.1.0/crtbegin.o
 .comment       0x0000000000000000       0x12 acpica/utclib.32
 .comment       0x0000000000000000       0x12 core/malloc.32
 .comment       0x0000000000000000       0x12 libk/ctype.32
 .comment       0x0000000000000000       0x12 libk/string.32
 .comment       0x0000000000000000       0x12 fs/fat/diskio.32
 .comment       0x0000000000000000       0x12 fs/fat/ff.32
 .comment       0x0000000000000000       0x12 fs/fat/ffsystem.32
 .comment       0x0000000000000000       0x12 fs/fat/ffunicode.32
 .comment       0x0000000000000000       0x12 fs/iso9660/iso9660.32
 .group         0x0000000000000000       0x14 core/computer.32
 .group         0x0000000000000000        0xc core/computer.32
 .comment       0x0000000000000000       0x12 core/computer.32
 .comment       0x0000000000000000       0x12 core/gdt.32
 .group         0x0000000000000000        0xc core/idle.32
 .comment       0x0000000000000000       0x12 core/idle.32
 .comment       0x0000000000000000       0x12 core/idt.32
 .comment       0x0000000000000000       0x12 core/kheap.32
 .comment       0x0000000000000000       0x12 core/main.32
 .comment       0x0000000000000000       0x12 core/physmgr.32
 .group         0x0000000000000000        0xc core/pipe.32
 .comment       0x0000000000000000       0x12 core/pipe.32
 .group         0x0000000000000000        0xc core/terminal.32
 .comment       0x0000000000000000       0x12 core/terminal.32
 .comment       0x0000000000000000       0x12 core/tss.32
 .group         0x0000000000000000        0x8 core/unixfile.32
 .group         0x0000000000000000        0x8 core/unixfile.32
 .group         0x0000000000000000        0xc core/unixfile.32
 .group         0x0000000000000000        0x8 core/unixfile.32
 .group         0x0000000000000000        0xc core/unixfile.32
 .group         0x0000000000000000        0x8 core/unixfile.32
 .group         0x0000000000000000        0xc core/unixfile.32
 .group         0x0000000000000000        0xc core/unixfile.32
 .comment       0x0000000000000000       0x12 core/unixfile.32
 .comment       0x0000000000000000       0x12 core/virtmgr.32
 .comment       0x0000000000000000       0x12 coreobjs/c++.32
 .comment       0x0000000000000000       0x12 dbg/kconsole.32
 .group         0x0000000000000000        0xc fs/vfs.32
 .group         0x0000000000000000        0xc fs/vfs.32
 .group         0x0000000000000000        0xc fs/vfs.32
 .comment       0x0000000000000000       0x12 fs/vfs.32
 .group         0x0000000000000000        0xc hal/bus.32
 .comment       0x0000000000000000       0x12 hal/bus.32
 .comment       0x0000000000000000       0x12 hal/buzzer.32
 .group         0x0000000000000000        0xc hal/clock.32
 .comment       0x0000000000000000       0x12 hal/clock.32
 .group         0x0000000000000000       0x14 hal/device.32
 .group         0x0000000000000000        0xc hal/device.32
 .group         0x0000000000000000        0x8 hal/device.32
 .group         0x0000000000000000        0xc hal/device.32
 .group         0x0000000000000000        0xc hal/device.32
 .comment       0x0000000000000000       0x12 hal/device.32
 .group         0x0000000000000000        0xc hal/diskctrl.32
 .comment       0x0000000000000000       0x12 hal/diskctrl.32
 .group         0x0000000000000000        0xc hal/diskphys.32
 .comment       0x0000000000000000       0x12 hal/diskphys.32
 .comment       0x0000000000000000       0x12 hal/fpu.32
 .comment       0x0000000000000000       0x12 hal/intctrl.32
 .group         0x0000000000000000        0xc hal/keybrd.32
 .comment       0x0000000000000000       0x12 hal/keybrd.32
 .group         0x0000000000000000        0xc hal/logidisk.32
 .comment       0x0000000000000000       0x12 hal/logidisk.32
 .group         0x0000000000000000        0xc hal/mouse.32
 .comment       0x0000000000000000       0x12 hal/mouse.32
 .group         0x0000000000000000        0xc hal/nic.32
[...]
Memory Configuration

Name             Origin             Length             Attributes
*default*        0x0000000000000000 0xffffffffffffffff

Linker script and memory map

LOAD D:/Users/Alex/Desktop/Banana/kernel/boot.32
LOAD crti.32
LOAD /cygdrive/d/Users/Alex/Desktop/Toolchain/Output/bin/../lib/gcc/i386-banana/8.1.0/crtbegin.o
LOAD D:/Users/Alex/Desktop/Banana/kernel/morenasm.32
LOAD acpica/utclib.32
LOAD core/malloc.32
LOAD libk/ctype.32
LOAD libk/string.32
LOAD fs/fat/diskio.32
LOAD fs/fat/ff.32
LOAD fs/fat/ffsystem.32
LOAD fs/fat/ffunicode.32
LOAD fs/iso9660/iso9660.32
LOAD core/computer.32
LOAD core/gdt.32
LOAD core/idle.32
LOAD core/idt.32
LOAD core/kheap.32
LOAD core/main.32
LOAD core/physmgr.32
LOAD core/pipe.32
LOAD core/terminal.32
LOAD core/tss.32
LOAD core/unixfile.32
LOAD core/virtmgr.32
LOAD coreobjs/c++.32
LOAD dbg/kconsole.32
LOAD fs/vfs.32
LOAD hal/bus.32
LOAD hal/buzzer.32
LOAD hal/clock.32
LOAD hal/device.32
LOAD hal/diskctrl.32
LOAD hal/diskphys.32
LOAD hal/fpu.32
LOAD hal/intctrl.32
LOAD hal/keybrd.32
LOAD hal/logidisk.32
LOAD hal/mouse.32
LOAD hal/nic.32
LOAD hal/partition.32
LOAD hal/serial.32
LOAD hal/timer.32
LOAD hal/vcache.32
LOAD hal/video.32
LOAD hw/acpi.32
LOAD hw/cpu.32
LOAD krnl/bootmsg.32
LOAD krnl/env.32
LOAD krnl/inlines.32
LOAD krnl/panic.32
LOAD krnl/powctrl.32
LOAD krnl/random.32
LOAD krnl/resolve.32
LOAD krnl/signal.32
LOAD krnl/syscalls.32
LOAD net/ethernet.32
LOAD reg/cm.32
LOAD reg/registry.32
LOAD sys/eject.32
LOAD sys/exit.32
LOAD sys/getcwd.32
LOAD sys/getpid.32
LOAD sys/getramdata.32
LOAD sys/getvgaptr.32
LOAD sys/kill.32
LOAD sys/loaddll.32
LOAD sys/read.32
LOAD sys/registersignal.32
LOAD sys/registry.32
LOAD sys/sbrk.32
LOAD sys/setcwd.32
LOAD sys/settime.32
LOAD sys/timezone.32
LOAD sys/write.32
LOAD sys/wsbe.32
LOAD sys/yield.32
LOAD thr/elf.32
LOAD thr/prcssthr.32
LOAD vm86/vm8086.32
LOAD arch/i386/hal.32
LOAD arch/i386/pic.32
LOAD arch/i386/rtc.32
LOAD arch/i386/vga.32
LOAD fs/fat/vfslink.32
LOAD fs/iso9660/helper.32
LOAD fs/iso9660/vfslink.32
LOAD hal/sound/sndcard.32
LOAD hal/sound/sndport.32
LOAD hw/bus/isa.32
LOAD hw/bus/pci.32
LOAD hw/diskctrl/ide.32
LOAD hw/diskctrl/satabus.32
LOAD hw/diskphys/ata.32
LOAD hw/diskphys/atapi.32
LOAD hw/diskphys/sata.32
LOAD hw/diskphys/satapi.32
LOAD hw/intctrl/apic.32
LOAD hw/timer/apictimer.32
LOAD hw/timer/pit.32
LOAD arch/i386/avx.32
LOAD arch/i386/interrupt.32
LOAD arch/i386/rdrand.32
LOAD arch/i386/sse.32
LOAD arch/i386/x87.32
LOAD /cygdrive/d/Users/Alex/Desktop/Toolchain/Output/bin/../lib/gcc/i386-banana/8.1.0/crtend.o
LOAD crtn.32
LOAD /cygdrive/d/Users/Alex/Desktop/Toolchain/Output/bin/../lib/gcc/i386-banana/8.1.0/libkgcc.a
LOAD D:/Users/Alex/Desktop/Banana/kernel/libsoftfp.a
LOAD D:/Users/Alex/Desktop/Banana/kernel/libk/libm32.a
                0x00000000c0000000                . = 0xc0000000

.text           0x00000000c0000000    0x1e65a
 *(.text)
 .text          0x00000000c0000000       0x20 D:/Users/Alex/Desktop/Banana/kernel/boot.32
 .text          0x00000000c0000020        0x0 crti.32
 .text          0x00000000c0000020      0x101 /cygdrive/d/Users/Alex/Desktop/Toolchain/Output/bin/../lib/gcc/i386-banana/8.1.0/crtbegin.o
 *fill*         0x00000000c0000121        0xf 
 .text          0x00000000c0000130      0x24f D:/Users/Alex/Desktop/Banana/kernel/morenasm.32
                0x00000000c0000130                manualPCIProbe
                0x00000000c000017b                prepareTramp
                0x00000000c0000194                doTPAUSE
                0x00000000c000019e                hasLegacyFPU
                0x00000000c00001c3                is486
                0x00000000c00001f9                detectCPUID
                0x00000000c000020f                goToVM86
                0x00000000c000023f                goToUsermode
                0x00000000c0000269                switchToThreadASMFirstTime
                0x00000000c0000277                switchToThreadASM
                0x00000000c00002fc                asmQuickAcquireLock
                0x00000000c000031a                asmQuickReleaseLock
                0x00000000c0000326                asmAcquireLock
                0x00000000c0000347                asmReleaseLock
                0x00000000c000035a                loadGDT
                0x00000000c000037a                memcpy
 *fill*         0x00000000c000037f        0x1 
 .text          0x00000000c0000380      0x923 acpica/utclib.32
                0x00000000c0000380                memcmp
                0x00000000c00003d0                memmove
                0x00000000c0000580                memset
                0x00000000c0000620                strlen
                0x00000000c0000650                strpbrk
                0x00000000c00006a0                strtok
                0x00000000c0000720                strcpy
                0x00000000c0000750                strncpy
                0x00000000c0000840                strcmp
                0x00000000c0000890                strchr
                0x00000000c00008d0                strncmp
                0x00000000c0000930                strcat
                0x00000000c0000960                strncat
                0x00000000c00009c0                strstr
                0x00000000c0000a20                toupper
                0x00000000c0000a40                tolower
                0x00000000c0000a60                simple_strtoul
 .text          0x00000000c0000ca3      0xfb1 core/malloc.32
                0x00000000c0000e0e                dlfree
                0x00000000c000116c                dlmalloc
                0x00000000c00016a9                dlrealloc
                0x00000000c000184d                dlmemalign
                0x00000000c0001970                dlcalloc
                0x00000000c0001a0a                dlcfree
                0x00000000c0001a0f                dlindependent_calloc
                0x00000000c0001a34                dlindependent_comalloc
                0x00000000c0001a4b                dlvalloc
                0x00000000c0001a76                dlpvalloc
                0x00000000c0001aac                dlmalloc_trim
                0x00000000c0001ab9                dlmalloc_usable_size
                0x00000000c0001aea                dlmallinfo
                0x00000000c0001bb9                dlmalloc_stats
                0x00000000c0001bca                dlmallopt
 .text          0x00000000c0001c54      0x224 libk/ctype.32
                0x00000000c0001c54                isblank
                0x00000000c0001c74                iscntrl
                0x00000000c0001c94                isdigit
                0x00000000c0001cb0                islower
                0x00000000c0001ccc                isspace
                0x00000000c0001cf4                isupper
                0x00000000c0001d10                isalpha
                0x00000000c0001d48                isalnum
                0x00000000c0001d80                ispunct
                0x00000000c0001dc8                isgraph
                0x00000000c0001e00                isprint
                0x00000000c0001e30                isxdigit
 .text          0x00000000c0001e78        0x0 libk/string.32
 .text          0x00000000c0001e78       0x51 fs/fat/diskio.32
                0x00000000c0001e78                disk_status
                0x00000000c0001e7b                disk_initialize
                0x00000000c0001e7e                disk_read
                0x00000000c0001e94                disk_write
                0x00000000c0001eaa                disk_ioctl
 .text          0x00000000c0001ec9     0x3d37 fs/fat/ff.32
                0x00000000c0003c4b                f_mount
                0x00000000c0003cad                f_open
                0x00000000c0003f77                f_read
                0x00000000c0004153                f_write
                0x00000000c0004386                f_sync
                0x00000000c000443d                f_close
                0x00000000c000446c                f_lseek
                0x00000000c0004612                f_opendir
                0x00000000c00046dd                f_closedir
                0x00000000c00046ff                f_readdir
                0x00000000c0004791                f_stat
                0x00000000c0004810                f_getfree
                0x00000000c0004914                f_truncate
                0x00000000c00049f8                f_unlink
                0x00000000c0004b16                f_mkdir
                0x00000000c0004cb1                f_rename
                0x00000000c0004e69                f_chmod
                0x00000000c0004f1b                f_utime
                0x00000000c0004fc9                f_getlabel
                0x00000000c000511d                f_setlabel
                0x00000000c00052ad                f_expand
                0x00000000c000540b                f_mkfs
 .text          0x00000000c0005c00       0x28 fs/fat/ffsystem.32
                0x00000000c0005c00                ff_memalloc
                0x00000000c0005c14                ff_memfree
 .text          0x00000000c0005c28      0x2dc fs/fat/ffunicode.32
                0x00000000c0005c28                ff_uni2oem
                0x00000000c0005cc4                ff_oem2uni
                0x00000000c0005d3c                ff_wtoupper
 .text          0x00000000c0005f04      0xd13 fs/iso9660/iso9660.32
                0x00000000c0006137                isoReadDiscSector
                0x00000000c00061d2                strnicmp
                0x00000000c0006476                stricmp
                0x00000000c00064c2                iso_open
                0x00000000c000654a                iso_close
                0x00000000c0006568                iso_read
                0x00000000c000667e                iso_seek
                0x00000000c0006702                iso_tell
                0x00000000c0006733                iso_total
                0x00000000c000675e                fn_postprocess
                0x00000000c0006784                iso_readdir
                0x00000000c00069e2                iso_reset
                0x00000000c00069ff                init_percd
                0x00000000c0006af9                iso_ioctl
                0x00000000c0006b11                fs_iso9660_init
                0x00000000c0006ba7                fs_iso9660_shutdown
 *fill*         0x00000000c0006c17        0x1 
 .text          0x00000000c0006c18      0x751 core/computer.32
                0x00000000c0006c18                Computer::close(int, int, void*)
                0x00000000c0006c72                Krnl::firstTask()
                0x00000000c0006df6                Computer::Computer()
                0x00000000c0006df6                Computer::Computer()
                0x00000000c0006eaa                Computer::setBootMessage(char const*)
                0x00000000c0006eac                Computer::detectFeatures()
                0x00000000c00070be                Computer::displayFeatures()
                0x00000000c00070c0                Computer::rdmsr(unsigned int)
                0x00000000c00070e8                Computer::wrmsr(unsigned int, unsigned long long)
                0x00000000c000712c                Computer::shutdown()
                0x00000000c0007152                Computer::restart()
                0x00000000c000717a                Computer::sleep()
                0x00000000c000718e                Computer::nmiEnabled()
                0x00000000c000719a                Computer::readCMOS(unsigned char)
                0x00000000c00071b6                Computer::enableNMI(bool)
                0x00000000c00071d0                Computer::open(int, int, void*)
                0x00000000c00072be                Computer::disableNMI()
                0x00000000c00072d8                Computer::writeCMOS(unsigned char, unsigned char)
                0x00000000c00072f8                Computer::handleNMI()
 *fill*         0x00000000c0007369        0x1 
 .text          0x00000000c000736a      0x1c7 core/gdt.32
                0x00000000c000736a                GDTEntry::setBase(unsigned int)
                0x00000000c0007386                GDTEntry::setLimit(unsigned int)
                0x00000000c00073a2                GDT::GDT()
                0x00000000c00073a2                GDT::GDT()
                0x00000000c00073b8                GDT::addEntry(GDTEntry)
                0x00000000c00073d4                GDT::getNumberOfEntries()
                0x00000000c00073dc                GDT::flush()
                0x00000000c00073fe                GDT::setup()
 .text          0x00000000c0007531       0x1d core/idle.32
                0x00000000c0007531                idleFunction(void*)
 *fill*         0x00000000c000754e        0x2 
 .text          0x00000000c0007550      0x462 core/idt.32
                0x00000000c0007550                IDTEntry::IDTEntry(bool)
                0x00000000c0007550                IDTEntry::IDTEntry(bool)
                0x00000000c00075c8                IDTEntry::setOffset(unsigned int)
                0x00000000c00075dc                IDT::IDT()
                0x00000000c00075dc                IDT::IDT()
                0x00000000c00075de                IDT::getPointerToInvalidOpcodeEntryForF00F()
                0x00000000c00075e6                IDT::addEntry(IDTEntry, int)
                0x00000000c00075fa                IDT::addEntry(int, void (*)(), bool)
                0x00000000c0007632                IDT::flush()
                0x00000000c000764c                IDT::setup()
 .text          0x00000000c00079b2      0x1c3 core/kheap.32
                0x00000000c00079b2                sbrk
                0x00000000c0007a4b                mmap
                0x00000000c0007a63                munmap
                0x00000000c0007a7b                liballoc_lock()
                0x00000000c0007a88                liballoc_unlock()
                0x00000000c0007a9c                liballoc_alloc(int)
                0x00000000c0007ac0                liballoc_free(void*, int)
                0x00000000c0007ae1                realloc
                0x00000000c0007afc                malloc
                0x00000000c0007b0f                free
                0x00000000c0007b22                rfree
                0x00000000c0007b35                calloc
 .text          0x00000000c0007b75       0xcf core/main.32
                0x00000000c0007b75                KeEntryPoint
 *fill*         0x00000000c0007c44        0xc 
 .text          0x00000000c0007c50      0x602 core/physmgr.32
                0x00000000c0007c50                Phys::allocateDMA(unsigned long)
                0x00000000c0007d23                Phys::freeDMA(unsigned long, unsigned long)
                0x00000000c0007d56                Phys::setPageState(unsigned long, bool)
                0x00000000c0007d89                Phys::getPageState(unsigned long)
                0x00000000c0007da4                Phys::freePage(unsigned long)
                0x00000000c0007e0c                Phys::allocatePage()
                0x00000000c0007ecc                Phys::allocateContiguousPages(int)
                0x00000000c0007f28                Phys::allowSegmentToBeUsed(unsigned long, unsigned long)
                0x00000000c0007f6a                Phys::physicalMemorySetup(unsigned int)
 .text          0x00000000c0008252      0x267 core/pipe.32
                0x00000000c0008252                Pipe::isAtty()
                0x00000000c0008256                Pipe::~Pipe()
                0x00000000c0008256                Pipe::~Pipe()
                0x00000000c0008276                Pipe::~Pipe()
                0x00000000c000829e                Pipe::write(unsigned long long, void*, int*)
                0x00000000c0008362                Pipe::read(unsigned long long, void*, int*)
                0x00000000c0008454                Pipe::Pipe(int)
                0x00000000c0008454                Pipe::Pipe(int)
 *fill*         0x00000000c00084b9        0x1 
 .text          0x00000000c00084ba      0xabe core/terminal.32
                0x00000000c00084ba                VgaText::isAtty()
                0x00000000c00084be                VgaText::~VgaText()
                0x00000000c00084be                VgaText::~VgaText()
                0x00000000c00084de                VgaText::~VgaText()
                0x00000000c0008506                VgaText::read(unsigned long long, void*, int*)
                0x00000000c0008526                setTerminalScrollLock(bool)
                0x00000000c0008527                doTerminalCycle()
                0x00000000c0008528                addToTerminalCycle(VgaText*)
                0x00000000c0008529                scrollTerminalScrollLock(int)
                0x00000000c000852a                VgaText::updateTitle()
                0x00000000c000852c                VgaText::load()
                0x00000000c000852e                VgaText::updateCursor()
                0x00000000c0008544                VgaText::doANSI_SGR(int)
                0x00000000c00085b8                VgaText::setDefaultBgColour(VgaColour)
                0x00000000c00085c8                VgaText::setDefaultFgColour(VgaColour)
                0x00000000c00085d8                VgaText::setDefaultColours(VgaColour, VgaColour)
                0x00000000c00085f8                VgaText::setTitleTextColour(VgaColour)
                0x00000000c0008604                VgaText::setTitleColour(VgaColour)
                0x00000000c0008610                VgaText::setTitle(char*)
                0x00000000c0008612                VgaText::combineColours(unsigned char, unsigned char)
                0x00000000c0008624                VgaText::scrollScreen()
                0x00000000c00086b6                VgaText::combineCharAndColour(char, unsigned char)
                0x00000000c00086c6                VgaText::writeCharacter(char, VgaColour, VgaColour, int, int)
                0x00000000c0008756                VgaText::getCursorX()
                0x00000000c000875e                VgaText::getCursorY()
                0x00000000c0008766                VgaText::setCursor(int, int)
                0x00000000c000877d                setActiveTerminal(VgaText*)
                0x00000000c00087c8                VgaText::clearScreen()
                0x00000000c0008816                VgaText::setCursorX(int)
                0x00000000c000882e                VgaText::setCursorY(int)
                0x00000000c0008846                VgaText::incrementCursor(bool)
                0x00000000c00088a2                VgaText::decrementCursor(bool)
                0x00000000c00088c4                VgaText::putchar(char, VgaColour, VgaColour)
                0x00000000c0008990                VgaText::putchar(char)
                0x00000000c0008a7c                VgaText::putx(unsigned int)
                0x00000000c0008ac2                VgaText::puts(char const*)
                0x00000000c0008ae8                VgaText::write(unsigned long long, void*, int*)
                0x00000000c0008b34                VgaText::puts(char const*, VgaColour, VgaColour)
                0x00000000c0008c7e                VgaText::VgaText(char const*)
                0x00000000c0008c7e                VgaText::VgaText(char const*)
                0x00000000c0008df4                VgaText::receiveKey(unsigned char)
                0x00000000c0008f52                VgaText::doUpdate()
                0x00000000c0008f53                newTerminal(char*)
 .text          0x00000000c0008f78      0x1ae core/tss.32
                0x00000000c0008f78                TSS::TSS()
                0x00000000c0008f78                TSS::TSS()
                0x00000000c0008f88                TSS::setESP(unsigned long)
                0x00000000c0008f9c                TSS::flush()
                0x00000000c0008fc0                TSS::setup(unsigned long, unsigned long)
 .text          0x00000000c0009126      0x496 core/unixfile.32
                0x00000000c0009126                ReservedFilename::read(unsigned long long, void*, int*)
                0x00000000c000917c                ReservedFilename::isAtty()
                0x00000000c0009198                ReservedFilename::write(unsigned long long, void*, int*)
                0x00000000c00091f6                UnixFile::getFileDescriptor()
                0x00000000c00091fe                UnixFile::UnixFile(int)
                0x00000000c00091fe                UnixFile::UnixFile(int)
                0x00000000c0009392                ReservedFilename::ReservedFilename(int)
                0x00000000c0009392                ReservedFilename::ReservedFilename(int)
                0x00000000c00093c4                UnixFile::~UnixFile()
                0x00000000c00093c4                UnixFile::~UnixFile()
                0x00000000c0009450                UnixFile::~UnixFile()
                0x00000000c0009478                ReservedFilename::~ReservedFilename()
                0x00000000c0009478                ReservedFilename::~ReservedFilename()
                0x00000000c0009498                ReservedFilename::~ReservedFilename()
                0x00000000c00094bf                getFromFileDescriptor(int)
 *fill*         0x00000000c00095bc        0x4 
 .text          0x00000000c00095c0     0x134c core/virtmgr.32
                0x00000000c00095c0                Virt::setPageState(unsigned long, Virt::VirtPageState)
                0x00000000c00095f9                Virt::getPageState(unsigned long)
                0x00000000c0009620                Virt::allocateKernelVirtualPages(int)
                0x00000000c000973b                Virt::freeSwapfilePage(unsigned long)
                0x00000000c0009759                Virt::swapIDToSector(unsigned long)
                0x00000000c000976f                Virt::allocateSwapfilePage()
                0x00000000c00097e8                Virt::virtualMemorySetup()
                0x00000000c0009842                Virt::setupPageSwapping(int)
                0x00000000c00098c4                VAS::VAS(VAS*)
                0x00000000c00098c4                VAS::VAS(VAS*)
                0x00000000c00098ee                VAS::getForeignPageTableEntry(bool, unsigned long)
                0x00000000c000991a                VAS::getPageTableEntry(unsigned long)
                0x00000000c0009939                Virt::freeKernelVirtualPages(unsigned long)
                0x00000000c0009a4e                VAS::freeAllocatedPages(unsigned long)
                0x00000000c0009a74                VAS::virtualToPhysical(unsigned long)
                0x00000000c0009a96                VAS::reflagRange(unsigned long, int, int, int)
                0x00000000c0009ae2                VAS::VAS()
                0x00000000c0009ae2                VAS::VAS()
                0x00000000c0009b64                VAS::setToWriteCombining(unsigned long, int)
                0x00000000c0009bae                VAS::mapOtherVASIn(bool, VAS*)
                0x00000000c0009bd8                VAS::~VAS()
                0x00000000c0009bd8                VAS::~VAS()
                0x00000000c0009d42                VAS::mapPage(unsigned long, unsigned long, int)
                0x00000000c0009e76                VAS::allocatePages(int, int)
                0x00000000c000a054                VAS::setCPUSpecific(unsigned long)
                0x00000000c000a082                VAS::mapRange(unsigned long, unsigned long, int, int)
                0x00000000c000a150                VAS::mapForeignPage(bool, VAS*, unsigned long, unsigned long, int)
                0x00000000c000a276                VAS::VAS(bool)
                0x00000000c000a276                VAS::VAS(bool)
                0x00000000c000a4fa                VAS::evict(unsigned long)
                0x00000000c000a5ca                VAS::tryLoadBackOffDisk(unsigned long)
                0x00000000c000a6f4                VAS::scanForEviction()
                0x00000000c000a7dc                mapVASFirstTime
 .text          0x00000000c000a90c       0x5f coreobjs/c++.32
                0x00000000c000a90c                __cxa_atexit
                0x00000000c000a90f                __cxa_finalize
                0x00000000c000a910                __stack_chk_fail
                0x00000000c000a946                __cxa_pure_virtual
                0x00000000c000a957                operator new[](unsigned long)
                0x00000000c000a95c                operator delete(void*, unsigned long)
                0x00000000c000a961                operator delete[](void*)
                0x00000000c000a966                operator delete[](void*, unsigned long)
 .text          0x00000000c000a96b      0x259 dbg/kconsole.32
                0x00000000c000a96b                Dbg::stringifyxWithBase(unsigned int, char*, int)
                0x00000000c000a9dd                Dbg::logc(char)
                0x00000000c000a9fd                Dbg::logs(char*)
                0x00000000c000aa1f                Dbg::logWriteInt(unsigned int)
                0x00000000c000aa4b                Dbg::logWriteIntBase(unsigned int, int)
                0x00000000c000aa76                Dbg::kprintf(char const*, ...)
 .text          0x00000000c000abc4      0xc46 fs/vfs.32
                0x00000000c000abc4                File::read(unsigned long long, void*, int*)
                0x00000000c000ac1c                File::write(unsigned long long, void*, int*)
                0x00000000c000ac74                Directory::read(unsigned long long, void*, int*)
                0x00000000c000accc                Directory::write(unsigned long long, void*, int*)
                0x00000000c000acfa                File::isAtty()
                0x00000000c000acfe                Directory::isAtty()
                0x00000000c000ad02                Filesystem::getlabel(LogicalDisk*, int, char*, unsigned int*)
                0x00000000c000ad08                Filesystem::setlabel(LogicalDisk*, int, char*)
                0x00000000c000ad0e                Filesystem::allocateSwapfile(char const*, int)
                0x00000000c000ad14                File::~File()
                0x00000000c000ad14                File::~File()
                0x00000000c000ad34                File::~File()
                0x00000000c000ad5c                Directory::~Directory()
                0x00000000c000ad5c                Directory::~Directory()
                0x00000000c000ad7c                Directory::~Directory()
                0x00000000c000ada4                Filesystem::Filesystem()
                0x00000000c000ada4                Filesystem::Filesystem()
                0x00000000c000adc8                Filesystem::~Filesystem()
                0x00000000c000adc8                Filesystem::~Filesystem()
                0x00000000c000add6                Filesystem::~Filesystem()
                0x00000000c000adfd                Fs::getcwd(Process*, char*, int)
                0x00000000c000ae27                Fs::initVFS()
                0x00000000c000ae51                Fs::standardiseFiles(char*, char const*, char const*)
                0x00000000c000aff8                File::File(char const*, Process*)
                0x00000000c000aff8                File::File(char const*, Process*)
                0x00000000c000b0b6                File::open(FileOpenMode)
                0x00000000c000b114                File::close()
                0x00000000c000b174                File::seek(unsigned long long)
                0x00000000c000b1ca                File::tell(unsigned long long*)
                0x00000000c000b21a                File::rewind()
                0x00000000c000b22e                File::unlink()
                0x00000000c000b27a                File::rename(char const*)
                0x00000000c000b2c8                File::chfatattr(unsigned char, unsigned char)
                0x00000000c000b31e                File::exists()
                0x00000000c000b35c                File::stat(unsigned long long*, bool*)
                0x00000000c000b3bd                Fs::setcwd(Process*, char*)
                0x00000000c000b51a                Directory::Directory(char const*, Process*)
                0x00000000c000b51a                Directory::Directory(char const*, Process*)
                0x00000000c000b5d8                Directory::open()
                0x00000000c000b634                Directory::close()
                0x00000000c000b694                Directory::unlink()
                0x00000000c000b6e0                Directory::rename(char const*)
                0x00000000c000b72e                Directory::exists()
                0x00000000c000b76c                Directory::read(dirent*)
                0x00000000c000b7b8                Directory::create()
                0x00000000c000b804                Filesystem::chfatattr(char const*, unsigned char, unsigned char)
 *fill*         0x00000000c000b80a        0x2 
 .text          0x00000000c000b80c       0x7f hal/bus.32
                0x00000000c000b80c                Bus::Bus(char const*)
                0x00000000c000b80c                Bus::Bus(char const*)
                0x00000000c000b844                Bus::~Bus()
                0x00000000c000b844                Bus::~Bus()
                0x00000000c000b864                Bus::~Bus()
 .text          0x00000000c000b88b       0x99 hal/buzzer.32
                0x00000000c000b88b                beepThread(void*)
                0x00000000c000b8c8                Krnl::beep(int, int, bool)
 .text          0x00000000c000b924      0x49b hal/clock.32
                0x00000000c000b924                User::loadClockSettings(int)
                0x00000000c000b976                Clock::Clock(char const*)
                0x00000000c000b976                Clock::Clock(char const*)
                0x00000000c000b9ac                Clock::~Clock()
                0x00000000c000b9ac                Clock::~Clock()
                0x00000000c000b9cc                Clock::~Clock()
                0x00000000c000b9f4                Clock::timeInSecondsLocal()
                0x00000000c000ba5c                Clock::setTimeInSecondsLocal(unsigned long long)
                0x00000000c000babf                datetimeToSeconds(datetime_t)
                0x00000000c000bbde                Clock::setTimeInDatetimeLocal(datetime_t)
                0x00000000c000bc51                secondsToDatetime(unsigned long long)
                0x00000000c000bd9a                Clock::timeInDatetimeLocal()
 *fill*         0x00000000c000bdbf        0x1 
 .text          0x00000000c000bdc0      0x460 hal/device.32
                0x00000000c000bdc0                Device::hibernate()
                0x00000000c000bdc2                Device::wake()
                0x00000000c000bdc4                Device::detect()
                0x00000000c000bdc6                Device::disableLegacy()
                0x00000000c000bdc8                Device::powerSaving(PowerSavingLevel)
                0x00000000c000bdca                DriverlessDevice::close(int, int, void*)
                0x00000000c000bdce                DriverlessDevice::detect()
                0x00000000c000bdd0                DriverlessDevice::open(int, int, void*)
                0x00000000c000bde4                Device::~Device()
                0x00000000c000bde4                Device::~Device()
                0x00000000c000bdf2                Device::~Device()
                0x00000000c000be1a                Device::findAndLoadDriver()
                0x00000000c000be28                Device::preOpenPCI(PCIDeviceInfo)
                0x00000000c000be4e                Device::preOpenACPI(void*, char*, char*)
                0x00000000c000be8e                Device::addIRQHandler(int, void (*)(regs*, void*), bool, void*)
                0x00000000c000beb6                Device::getParent()
                0x00000000c000bec2                Device::removeIRQHandler(int, void (*)(regs*, void*), bool)
                0x00000000c000bee0                Device::addChild(Device*)
                0x00000000c000bf24                Device::removeAllChildren()
                0x00000000c000bf6a                Device::hibernateAll()
                0x00000000c000bf9a                Device::wakeAll()
                0x00000000c000bfca                Device::detectAll()
                0x00000000c000bffa                Device::disableLegacyAll()
                0x00000000c000bffc                Device::loadDriversForAll()
                0x00000000c000bffe                Device::closeAll()
                0x00000000c000c034                Device::powerSavingAll(PowerSavingLevel)
                0x00000000c000c06a                Device::setName(char const*)
                0x00000000c000c078                Device::Device(char const*)
                0x00000000c000c078                Device::Device(char const*)
                0x00000000c000c172                Device::getName()
                0x00000000c000c17c                DriverlessDevice::DriverlessDevice(char const*)
                0x00000000c000c17c                DriverlessDevice::DriverlessDevice(char const*)
                0x00000000c000c1b2                Device::addToLinkedList(LinkedList<Device>&, DeviceType)
                0x00000000c000c1f6                getDevicesOfType(DeviceType)
 .text          0x00000000c000c220       0x7f hal/diskctrl.32
                0x00000000c000c220                HardDiskController::HardDiskController(char const*)
                0x00000000c000c220                HardDiskController::HardDiskController(char const*)
                0x00000000c000c258                HardDiskController::~HardDiskController()
                0x00000000c000c258                HardDiskController::~HardDiskController()
                0x00000000c000c278                HardDiskController::~HardDiskController()
 *fill*         0x00000000c000c29f        0x1 
 .text          0x00000000c000c2a0       0xdb hal/diskphys.32
                0x00000000c000c2a0                PhysicalDisk::eject()
                0x00000000c000c2a4                PhysicalDisk::PhysicalDisk(char const*, int)
                0x00000000c000c2a4                PhysicalDisk::PhysicalDisk(char const*, int)
                0x00000000c000c30c                PhysicalDisk::startCache()
                0x00000000c000c334                PhysicalDisk::~PhysicalDisk()
                0x00000000c000c334                PhysicalDisk::~PhysicalDisk()
                0x00000000c000c354                PhysicalDisk::~PhysicalDisk()
 .text          0x00000000c000c37b        0x0 hal/fpu.32
 *fill*         0x00000000c000c37b        0x5 
 .text          0x00000000c000c380      0x331 hal/intctrl.32
                0x00000000c000c380                int_handler
                0x00000000c000c3fb                installISRHandler(int, void (*)(regs*, void*), void*)
                0x00000000c000c444                installIRQHandler(int, void (*)(regs*, void*), bool, void*)
                0x00000000c000c584                uninstallISRHandler(int, void (*)(regs*, void*))
                0x00000000c000c5b8                uninstallIRQHandler(int, void (*)(regs*, void*), bool)
                0x00000000c000c626                setupINTS()
                0x00000000c000c673                convertLegacyIRQNumber(int)
 *fill*         0x00000000c000c6b1        0x1 
 .text          0x00000000c000c6b2      0x81d hal/keybrd.32
                0x00000000c000c6b2                startGUI(void*)
                0x00000000c000c721                startGUIVESA(void*)
                0x00000000c000c790                sendKeyToTerminal(unsigned char)
                0x00000000c000c856                sendKeyboardToken(KeyboardToken)
                0x00000000c000ccd3                clearInternalKeybuffer(VgaText*)
                0x00000000c000cd09                readKeyboard(VgaText*, char*, unsigned long)
                0x00000000c000ce4c                Keyboard::Keyboard(char const*)
                0x00000000c000ce4c                Keyboard::Keyboard(char const*)
                0x00000000c000ce88                Keyboard::~Keyboard()
                0x00000000c000ce88                Keyboard::~Keyboard()
                0x00000000c000cea8                Keyboard::~Keyboard()
 *fill*         0x00000000c000cecf        0x1 
 .text          0x00000000c000ced0      0x41e hal/logidisk.32
                0x00000000c000ced0                LogicalDisk::close(int, int, void*)
                0x00000000c000ced4                LogicalDisk::~LogicalDisk()
                0x00000000c000ced4                LogicalDisk::~LogicalDisk()
                0x00000000c000cef4                LogicalDisk::~LogicalDisk()
                0x00000000c000cf1c                LogicalDisk::open(int, int, void*)
                0x00000000c000cf30                LogicalDisk::absoluteToRelative(unsigned long long)
                0x00000000c000cf82                LogicalDisk::relativeToAbsolute(unsigned long long)
                0x00000000c000cfc8                LogicalDisk::LogicalDisk(char const*, PhysicalDisk*, unsigned long long, unsigned long long)
                0x00000000c000cfc8                LogicalDisk::LogicalDisk(char const*, PhysicalDisk*, unsigned long long, unsigned long long)
                0x00000000c000d08a                LogicalDisk::assignDriveLetter()
                0x00000000c000d146                LogicalDisk::mount()
                0x00000000c000d18e                LogicalDisk::unmount()
                0x00000000c000d19e                LogicalDisk::eject()
                0x00000000c000d1b2                LogicalDisk::unassignDriveLetter()
                0x00000000c000d216                LogicalDisk::read(unsigned long long, int, void*)
                0x00000000c000d282                LogicalDisk::write(unsigned long long, int, void*)
 *fill*         0x00000000c000d2ee        0x2 
 .text          0x00000000c000d2f0       0x7f hal/mouse.32
                0x00000000c000d2f0                Mouse::Mouse(char const*)
                0x00000000c000d2f0                Mouse::Mouse(char const*)
                0x00000000c000d328                Mouse::~Mouse()
                0x00000000c000d328                Mouse::~Mouse()
                0x00000000c000d348                Mouse::~Mouse()
 *fill*         0x00000000c000d36f        0x1 
 .text          0x00000000c000d370       0x89 hal/nic.32
                0x00000000c000d370                NIC::getMAC()
                0x00000000c000d376                NIC::write(int, unsigned char*, int*)
                0x00000000c000d37c                NIC::NIC(char const*)
                0x00000000c000d37c                NIC::NIC(char const*)
                0x00000000c000d3b2                NIC::~NIC()
                0x00000000c000d3b2                NIC::~NIC()
                0x00000000c000d3d2                NIC::~NIC()
 .text          0x00000000c000d3f9      0x34a hal/partition.32
                0x00000000c000d3f9                makePartition(PhysicalDisk*, unsigned long long, unsigned long long)
                0x00000000c000d4a1                createPartitionsForDisk(PhysicalDisk*)
 *fill*         0x00000000c000d743        0x1 
 .text          0x00000000c000d744       0x7f hal/serial.32
                0x00000000c000d744                Serial::Serial(char const*)
                0x00000000c000d744                Serial::Serial(char const*)
                0x00000000c000d77c                Serial::~Serial()
                0x00000000c000d77c                Serial::~Serial()
                0x00000000c000d79c                Serial::~Serial()
 *fill*         0x00000000c000d7c3        0x1 
 .text          0x00000000c000d7c4      0x22c hal/timer.32
                0x00000000c000d7c4                Timer::Timer(char const*)
                0x00000000c000d7c4                Timer::Timer(char const*)
                0x00000000c000d7fc                Timer::~Timer()
                0x00000000c000d7fc                Timer::~Timer()
                0x00000000c000d81c                Timer::~Timer()
                0x00000000c000d844                Timer::read()
                0x00000000c000d84f                setupTimer(int)
                0x00000000c000d88a                timerHandler(unsigned int)
 .text          0x00000000c000d9f0      0x404 hal/vcache.32
                0x00000000c000d9f0                VCache::VCache(PhysicalDisk*)
                0x00000000c000d9f0                VCache::VCache(PhysicalDisk*)
                0x00000000c000db50                VCache::invalidateReadBuffer()
                0x00000000c000db60                VCache::writeWriteBuffer()
                0x00000000c000dbac                VCache::~VCache()
                0x00000000c000dbac                VCache::~VCache()
                0x00000000c000dbf8                VCache::~VCache()
                0x00000000c000dc20                VCache::write(unsigned long long, int, void*)
                0x00000000c000dd0a                VCache::read(unsigned long long, int, void*)
 .text          0x00000000c000ddf4      0x4d1 hal/video.32
                0x00000000c000ddf4                Video::putrect(int, int, int, int, unsigned int)
                0x00000000c000de40                Video::bitblit(int, int, int, int, int, int, int, unsigned int*)
                0x00000000c000deb0                Video::blit(unsigned int*, int, int, int, int)
                0x00000000c000df40                Video::clearScreen(unsigned int)
                0x00000000c000df74                Video::putpixel(int, int, unsigned int)
                0x00000000c000df82                Video::readPixelApprox(int, int)
                0x00000000c000df96                Video::Video(char const*)
                0x00000000c000df96                Video::Video(char const*)
                0x00000000c000dfcc                Video::~Video()
                0x00000000c000dfcc                Video::~Video()
                0x00000000c000dfec                Video::~Video()
                0x00000000c000e014                Video::isMonochrome()
                0x00000000c000e020                Video::getWidth()
                0x00000000c000e02c                Video::getHeight()
                0x00000000c000e038                Video::drawCursor(int, int, unsigned int*, int)
                0x00000000c000e0f4                Video::tgaParse(unsigned char*, int, int*, int*)
                0x00000000c000e25a                Video::putTGA(int, int, unsigned char*, int)
 *fill*         0x00000000c000e2c5        0x3 
 .text          0x00000000c000e2c8     0x1305 hw/acpi.32
                0x00000000c000e2c8                ACPI::close(int, int, void*)
                0x00000000c000e378                findRSDP()
                0x00000000c000e410                loadACPITables(unsigned char*)
                0x00000000c000e694                findRSDT(unsigned char*)
                0x00000000c000e800                findDataTable(unsigned char*, char*)
                0x00000000c000e880                scanMADT()
                0x00000000c000ed48                ACPI::ACPI()
                0x00000000c000ed48                ACPI::ACPI()
                0x00000000c000ed9c                ACPI::getPCIIRQAssignment(unsigned char, unsigned short, unsigned char)
                0x00000000c000ee80                ACPI::registerPCIIRQAssignment(void*, unsigned short, unsigned char, unsigned char)
                0x00000000c000ef48                ACPI::setScreenBrightnessLevel(void*, int)
                0x00000000c000ef50                ACPI::detectPCI()
                0x00000000c000f158                ACPI::writeSimpleBootFlag(SimpleBootFlagTable*)
                0x00000000c000f1a4                ACPI::sleep()
                0x00000000c000f1c0                ACPI::open(int, int, void*)
 *fill*         0x00000000c000f5cd        0x1 
 .text          0x00000000c000f5ce      0xb75 hw/cpu.32
                0x00000000c000f5ce                CPU::close(int, int, void*)
                0x00000000c000f5d2                CPU::AMD_K6_write_msr(unsigned int, unsigned int, unsigned int, CPU::REGS*)
                0x00000000c000f5ee                CPU::AMD_K6_read_msr(unsigned int, CPU::REGS*)
                0x00000000c000f606                CPU::AMD_K6_writeback(int, int, int)
                0x00000000c000f67a                CPU::cpuid(int, unsigned long*, unsigned long*, unsigned long*, unsigned long*)
                0x00000000c000f6fe                CPU::cpuidCheckEDX(unsigned int)
                0x00000000c000f72c                CPU::cpuidCheckECX(unsigned int)
                0x00000000c000f75a                CPU::cpuidCheckExtendedEBX(unsigned int)
                0x00000000c000f788                CPU::cpuidCheckExtendedECX(unsigned int)
                0x00000000c000f7b6                CPU::CPU()
                0x00000000c000f7b6                CPU::CPU()
                0x00000000c000f838                CPU::displayFeatures()
                0x00000000c000f83a                CPU::detectFeatures()
                0x00000000c000fede                CPU::setupSMEP()
                0x00000000c000feea                CPU::setupUMIP()
                0x00000000c000fef4                CPU::setupTSC()
                0x00000000c000fefe                CPU::setupLargePages()
                0x00000000c000ff08                CPU::setupPAT()
                0x00000000c000ff50                CPU::setupMTRR()
                0x00000000c000ff52                CPU::setupGlobalPages()
                0x00000000c000ff5c                CPU::allowUsermodeDataAccess()
                0x00000000c000ff6e                CPU::prohibitUsermodeDataAccess()
                0x00000000c000ff80                CPU::setupSMAP()
                0x00000000c000ff8e                CPU::setupFeatures()
                0x00000000c001005a                CPU::open(int, int, void*)
 .text          0x00000000c0010143       0xd1 krnl/bootmsg.32
                0x00000000c0010143                KeDisplaySplashScreen()
                0x00000000c00101b1                KeSetBootMessage(char const*)
 .text          0x00000000c0010214      0x57d krnl/env.32
                0x00000000c0010214                EnvVarContainer::getEnv(char const*)
                0x00000000c0010252                EnvVarContainer::setEnv(char const*, char const*)
                0x00000000c0010314                EnvVarContainer::deleteEnv(char const*)
                0x00000000c0010316                EnvVarContainer::loadFrom(char const*, char const*)
                0x00000000c00104fc                EnvVarContainer::__loadSystem()
                0x00000000c0010516                EnvVarContainer::__loadUser()
                0x00000000c0010518                EnvVarContainer::EnvVarContainer(Process*)
                0x00000000c0010518                EnvVarContainer::EnvVarContainer(Process*)
                0x00000000c001053a                EnvVarContainer::~EnvVarContainer()
                0x00000000c001053a                EnvVarContainer::~EnvVarContainer()
                0x00000000c0010566                Krnl::getEnv(Process*, char const*)
                0x00000000c00105cb                Krnl::setEnvSystem(char const*, char const*)
                0x00000000c00105e5                Krnl::setEnvUser(char const*, char const*)
                0x00000000c0010604                Krnl::setEnvProcess(Process*, char const*, char const*)
                0x00000000c0010617                Krnl::deleteEnvSystem(char const*)
                0x00000000c0010618                Krnl::deleteEnvUser(char const*)
                0x00000000c0010619                Krnl::deleteEnvProcess(Process*, char const*)
                0x00000000c001061a                Krnl::newProcessEnv(Process*)
                0x00000000c001063c                Krnl::copyProcessEnv(Process*, Process*)
                0x00000000c0010688                Krnl::loadSystemEnv()
                0x00000000c00106b6                Krnl::loadUserEnv()
                0x00000000c00106dc                Krnl::flushEnv()
                0x00000000c00106dd                Krnl::getProcessTotalEnvCount(Process*)
                0x00000000c00106fd                Krnl::getProcessEnvPair(Process*, int)
 .text          0x00000000c0010791       0x94 krnl/inlines.32
                0x00000000c0010791                CPU::current()
                0x00000000c001079d                operator new(unsigned long)
                0x00000000c00107a2                operator delete(void*)
                0x00000000c00107a7                disableIRQs()
                0x00000000c00107a9                enableIRQs()
                0x00000000c00107ab                lockScheduler()
                0x00000000c00107b3                unlockScheduler()
                0x00000000c00107c2                lockStuff()
                0x00000000c00107d0                unlockStuff()
                0x00000000c001080a                Virt::getAKernelVAS()
                0x00000000c0010810                __not_memcpy
 .text          0x00000000c0010825        0xc krnl/panic.32
                0x00000000c0010825                KePanic(char const*)
 .text          0x00000000c0010831      0x142 krnl/powctrl.32
                0x00000000c0010831                Krnl::powerThread(void*)
                0x00000000c001085f                Krnl::changePowerSettings(Krnl::PowerSettings)
                0x00000000c0010875                Krnl::userIOReceived()
                0x00000000c0010880                Krnl::handlePowerButton()
                0x00000000c00108b5                Krnl::handleSleepButton()
                0x00000000c00108ea                Krnl::setupPowerManager()
 .text          0x00000000c0010973       0x9e krnl/random.32
                0x00000000c0010973                KeRand()
                0x00000000c00109b6                KeSeedRand(unsigned int)
                0x00000000c00109df                KeInitRand()
 *fill*         0x00000000c0010a11        0x3 
 .text          0x00000000c0010a14      0x190 krnl/resolve.32
                0x00000000c0010a14                KeResolveCompatibilitySymbol(char*)
 .text          0x00000000c0010ba4      0x315 krnl/signal.32
                0x00000000c0010ba4                KiSigKill(int)
                0x00000000c0010bb8                KiDefaultSignalHandlerIgnore(int)
                0x00000000c0010bb9                KiDefaultSignalHandlerPause(int)
                0x00000000c0010be5                KiDefaultSignalHandlerResume(int)
                0x00000000c0010c11                KeDeinitSignals(SigHandlerBlock*)
                0x00000000c0010c16                KeInitSignals()
                0x00000000c0010c61                KeRegisterSignalHandler(SigHandlerBlock*, int, void (*)(int), unsigned int, int)
                0x00000000c0010c97                KeRaiseSignal(SigHandlerBlock*, int)
                0x00000000c0010d14                KeCheckSignal(SigHandlerBlock*, int*)
                0x00000000c0010e05                KiCheckSignalZ
                0x00000000c0010e47                KeCompleteSignal(SigHandlerBlock*, int)
                0x00000000c0010e82                KiFinishSignalZ
 .text          0x00000000c0010eb9      0xdb4 krnl/syscalls.32
                0x00000000c0010eb9                SysSeekDir(regs*)
                0x00000000c0010ebe                SysTellDir(regs*)
                0x00000000c0010ec3                SysVerify(regs*)
                0x00000000c0010ecd                SysGetArgc(regs*)
                0x00000000c0010edd                SysTTYName(regs*)
                0x00000000c0010ee5                SysFormatDisk(regs*)
                0x00000000c0010f54                SysSetDiskVolumeLabel(regs*)
                0x00000000c0010fbe                SysGetDiskVolumeLabel(regs*)
                0x00000000c001103f                SysShutdown(regs*)
                0x00000000c00110ef                SysRealpath(regs*)
                0x00000000c0011140                SysReadDir(regs*)
                0x00000000c00111c4                SysIsATTY(regs*)
                0x00000000c0011216                SysSeek(regs*)
                0x00000000c0011283                SysTell(regs*)
                0x00000000c00112ef                SysSize(regs*)
                0x00000000c0011363                SysSizeFromFilename(regs*)
                0x00000000c0011433                SysClose(regs*)
                0x00000000c001148f                SysOpenDir(regs*)
                0x00000000c0011508                SysMakeDir(regs*)
                0x00000000c0011576                SysCloseDir(regs*)
                0x00000000c00115d1                SysWait(regs*)
                0x00000000c00115f6                SysNotImpl(regs*)
                0x00000000c0011613                SysPanic(regs*)
                0x00000000c0011630                SysRmdir(regs*)
                0x00000000c001168e                SysUnlink(regs*)
                0x00000000c00116ec                SysGetArgv(regs*)
                0x00000000c0011738                SysUSleep(regs*)
                0x00000000c001178a                SysSpawn(regs*)
                0x00000000c0011809                SysGetEnv(regs*)
                0x00000000c00118da                SysSetFatAttrib(regs*)
                0x00000000c001195d                SysPipe(regs*)
                0x00000000c00119bd                SysGetUnixTime(regs*)
                0x00000000c00119d1                string_ends_with(char const*, char const*)
                0x00000000c0011a2b                SysOpen(regs*)
                0x00000000c0011c2b                KeSystemCall(regs*, void*)
 *fill*         0x00000000c0011c6d        0x3 
 .text          0x00000000c0011c70      0x151 net/ethernet.32
                0x00000000c0011c70                KeSwitchEndian16(unsigned short)
                0x00000000c0011c98                KeSwitchEndian32(unsigned int)
                0x00000000c0011cc8                EthernetCRC32(unsigned char*, int)
                0x00000000c0011d6c                EthernetReceivedPacket(EthernetUnwrappedFrame*, unsigned short)
 .text          0x00000000c0011dc1      0xd4b reg/cm.32
                0x00000000c0011dc1                CmOpen(char const*)
                0x00000000c0011edf                CmClose(Reghive_Tag*)
                0x00000000c0011ef5                CmReadExtent(Reghive_Tag*, int, unsigned char*)
                0x00000000c0011f31                CmGetString(Reghive_Tag*, int, char*)
                0x00000000c0011fa8                CmEnterDirectory(Reghive_Tag*, int)
                0x00000000c0011fe7                CmGetNext(Reghive_Tag*, int)
                0x00000000c0012019                CmWriteExtent(Reghive_Tag*, int, unsigned char*)
                0x00000000c0012055                CmFreeExtent(Reghive_Tag*, int)
                0x00000000c001207d                CmUpdateHeader(Reghive_Tag*)
                0x00000000c001209e                CmExpand(Reghive_Tag*, int)
                0x00000000c0012119                CmFindUnusedExtent(Reghive_Tag*)
                0x00000000c001219f                CmCreateExtent(Reghive_Tag*, int, int, unsigned char*)
                0x00000000c0012296                CmSetString(Reghive_Tag*, int, char const*)
                0x00000000c00123d2                CmGetMatch(char*, char*, bool, bool*)
                0x00000000c0012433                CmAddShift(unsigned int*, int*, unsigned char, int)
                0x00000000c0012461                CmGetShift(unsigned int*, int*, int, bool*)
                0x00000000c0012499                CmGetInteger(Reghive_Tag*, int, unsigned long long*)
                0x00000000c00124c0                CmSetInteger(Reghive_Tag*, int, unsigned long long)
                0x00000000c0012500                CmConvertFromInternalFilename(unsigned char const*, char*)
                0x00000000c00125a4                CmGetNameAndTypeFromExtent(Reghive_Tag*, int, char*)
                0x00000000c00125d2                CmConvertToInternalFilename(char const*, unsigned char*)
                0x00000000c001276f                CmCreateString(Reghive_Tag*, int, char const*)
                0x00000000c00127bc                CmFindInDirectory(Reghive_Tag*, int, char const*)
                0x00000000c0012836                CmCreateInteger(Reghive_Tag*, int, char const*, unsigned long long, int)
                0x00000000c0012889                CmCreateDirectory(Reghive_Tag*, int, char const*)
                0x00000000c001294d                zStrtok(char*, char const*)
                0x00000000c00129b6                CmFindObjectFromPath(Reghive_Tag*, char const*)
                0x00000000c0012a37                CmDisplayTree(Reghive_Tag*, int, int)
                0x00000000c0012ada                CmSplitFinalSlashInPlace(char*)
 .text          0x00000000c0012b0c      0x521 reg/registry.32
                0x00000000c0012b0c                Reg::findLineFromLoadedData(char*, char*, char*)
                0x00000000c0012c7b                Reg::getLineFromRegistry(char*, char*, char*, char*)
                0x00000000c0012dd0                Reg::getLine(char*, char*, char*)
                0x00000000c0012e07                Reg::readInt(char*, char*, int*)
                0x00000000c0012ee3                Reg::readString(char*, char*, char*, int)
                0x00000000c0012f69                Reg::readBool(char*, char*, bool*)
                0x00000000c0012f8e                Reg::readBoolWithDefault(char*, char*, bool)
                0x00000000c0012fc0                Reg::readIntWithDefault(char*, char*, int)
                0x00000000c0012fec                Reg::readStringWithDefault(char*, char*, char*, int, char*)
 .text          0x00000000c001302d       0x36 sys/eject.32
                0x00000000c001302d                SysEject(regs*)
 .text          0x00000000c0013063       0x18 sys/exit.32
                0x00000000c0013063                SysExit(regs*)
 .text          0x00000000c001307b       0x1f sys/getcwd.32
                0x00000000c001307b                SysGetCwd(regs*)
 .text          0x00000000c001309a        0xc sys/getpid.32
                0x00000000c001309a                SysGetPID(regs*)
 .text          0x00000000c00130a6       0x1a sys/getramdata.32
                0x00000000c00130a6                SysGetRAMData(regs*)
 .text          0x00000000c00130c0       0x82 sys/getvgaptr.32
                0x00000000c00130c0                SysGetVGAPtr(regs*)
 *fill*         0x00000000c0013142        0x2 
 .text          0x00000000c0013144       0xbe sys/kill.32
                0x00000000c0013144                SysKill(regs*)
 .text          0x00000000c0013202       0xa8 sys/loaddll.32
                0x00000000c0013202                SysLoadDLL(regs*)
 .text          0x00000000c00132aa       0x68 sys/read.32
                0x00000000c00132aa                SysRead(regs*)
 .text          0x00000000c0013312       0x29 sys/registersignal.32
                0x00000000c0013312                SysRegisterSignal(regs*)
 .text          0x00000000c001333b      0x19c sys/registry.32
                0x00000000c001333b                SysRegistryGetTypeFromPath(regs*)
                0x00000000c00133b2                SysRegistryReadExtent(regs*)
                0x00000000c00133fa                SysRegistryPathToExtentLookup(regs*)
                0x00000000c0013422                SysRegistryEnterDirectory(regs*)
                0x00000000c001344a                SysRegistryGetNext(regs*)
                0x00000000c0013472                SysRegistryGetNameAndTypeFromExtent(regs*)
                0x00000000c00134ac                SysRegistryOpen(regs*)
                0x00000000c00134c0                SysRegistryClose(regs*)
 .text          0x00000000c00134d7       0x55 sys/sbrk.32
                0x00000000c00134d7                SysSbrk(regs*)
 .text          0x00000000c001352c       0x1c sys/setcwd.32
                0x00000000c001352c                SysSetCwd(regs*)
 .text          0x00000000c0013548       0xb3 sys/settime.32
                0x00000000c0013548                SysSetTime(regs*)
 .text          0x00000000c00135fb       0x4a sys/timezone.32
                0x00000000c00135fb                SysTimezone(regs*)
 .text          0x00000000c0013645       0x68 sys/write.32
                0x00000000c0013645                SysWrite(regs*)
 .text          0x00000000c00136ad       0x62 sys/wsbe.32
                0x00000000c00136ad                SysWsbe(regs*)
 .text          0x00000000c001370f       0x25 sys/yield.32
                0x00000000c001370f                SysYield(regs*)
 .text          0x00000000c0013734     0x120f thr/elf.32
                0x00000000c0013734                Thr::allocateMemoryForTask(Process*, File*, unsigned long, unsigned long, unsigned long)
                0x00000000c00139bb                Thr::loadProgramIntoMemory(Process*, char const*)
                0x00000000c0013bde                Thr::runtimeReferenceHelper()
                0x00000000c0013bf1                Thr::getAddressOfKernelSymbol(char const*)
                0x00000000c0013c40                Thr::loadKernelSymbolTable(char const*)
                0x00000000c0013f01                Thr::loadDriverIntoMemory(char const*, unsigned long, bool)
                0x00000000c001464b                Thr::getDriverBaseFromAddress(unsigned long)
                0x00000000c001467d                Thr::getDriverNameFromAddress(unsigned long)
                0x00000000c00146b4                Thr::getDriverOffsetFromAddress(unsigned long)
                0x00000000c00146ce                Thr::loadDLL(char const*, bool)
                0x00000000c001490a                Thr::executeDLL(unsigned long, void*)
 *fill*         0x00000000c0014943        0xd 
 .text          0x00000000c0014950     0x12b7 thr/prcssthr.32
                0x00000000c0014950                userModeEntryPoint(void*)
                0x00000000c0014978                changeTSS
                0x00000000c00149b0                switchToThread(ThreadControlBlock*)
                0x00000000c0014a84                Process::addArgs(char**)
                0x00000000c0014ae8                Process::Process(char const*, Process*, char**)
                0x00000000c0014ae8                Process::Process(char const*, Process*, char**)
                0x00000000c0014ce0                Process::Process(bool, char const*, Process*, char**)
                0x00000000c0014ce0                Process::Process(bool, char const*, Process*, char**)
                0x00000000c0014ea0                taskStartupFunction
                0x00000000c0014eac                Semaphore::Semaphore(int)
                0x00000000c0014eac                Semaphore::Semaphore(int)
                0x00000000c0014edc                Mutex::Mutex()
                0x00000000c0014edc                Mutex::Mutex()
                0x00000000c0014ef8                Process::createThread(void (*)(void*), void*, int)
                0x00000000c0014ffc                Process::createUserThread()
                0x00000000c0015028                setupMultitasking(void (*)())
                0x00000000c0015150                schedule()
                0x00000000c00151dc                Semaphore::tryAcquire()
                0x00000000c0015294                Semaphore::assertLocked(char const*)
                0x00000000c0015304                blockTaskWithSchedulerLockAlreadyHeld(TaskState)
                0x00000000c001532c                blockTask(TaskState)
                0x00000000c001535c                waitTask(int, int*, int)
                0x00000000c00153a4                milliTenthSleepUntil(unsigned int)
                0x00000000c001542c                milliTenthSleep(unsigned int)
                0x00000000c001543c                sleep(unsigned int)
                0x00000000c001544c                Semaphore::acquire()
                0x00000000c0015500                taskReturned
                0x00000000c0015538                Thr::processFromPID(int)
                0x00000000c00155d8                unblockTask(ThreadControlBlock*)
                0x00000000c001566c                cleanupTerminatedTask(ThreadControlBlock*)
                0x00000000c0015924                cleanerTaskFunction(void*)
                0x00000000c0015a08                terminateTask(int)
                0x00000000c0015acc                Thr::terminateFromIRQ(int)
                0x00000000c0015adc                Semaphore::release()
 .text          0x00000000c0015c07      0xb88 vm86/vm8086.32
                0x00000000c0015c07                Vm::inbv(unsigned short)
                0x00000000c0015c1c                Vm::outbv(unsigned short, unsigned char)
                0x00000000c0015c54                Vm::realToLinear(unsigned short, unsigned short)
                0x00000000c0015c64                Vm::getSegment(unsigned int)
                0x00000000c0015c6c                Vm::getOffset(unsigned int)
                0x00000000c0015c71                Vm::mainloop2()
                0x00000000c0015cab                Vm::mainVm8086Loop(void*)
                0x00000000c0015cbb                Vm::mainloop3(unsigned long)
                0x00000000c0015ce1                Vm::initialise8086()
                0x00000000c0015d24                Vm::finish8086()
                0x00000000c0015d85                Vm::getOutput8086(unsigned char*)
                0x00000000c0015daa                Vm::start8086FromBuffer(unsigned char*, int, unsigned short, unsigned short, unsigned short, unsigned short)
                0x00000000c0015e61                Vm::start8086(char const*, unsigned short, unsigned short, unsigned short, unsigned short)
                0x00000000c0015fc4                Vm::doISR(regs*, int, unsigned char*, unsigned short, unsigned short)
                0x00000000c0016052                Vm::readByteFromReal(unsigned short, unsigned short)
                0x00000000c0016063                Vm::readWordFromReal(unsigned short, unsigned short)
                0x00000000c0016075                Vm::readDwordFromReal(unsigned short, unsigned short)
                0x00000000c0016086                Vm::writeByteFromReal(unsigned short, unsigned short, unsigned char)
                0x00000000c001609b                Vm::writeWordFromReal(unsigned short, unsigned short, unsigned short)
                0x00000000c00160b2                Vm::writeDwordFromReal(unsigned short, unsigned short, unsigned int)
                0x00000000c00160c7                Vm::faultHandler(regs*)
 .text          0x00000000c001678f      0xa68 arch/i386/hal.32
                0x00000000c001678f                noCopro(unsigned long)
                0x00000000c0016790                nmiHandler(regs*, void*)
                0x00000000c00167a5                doubleFault(regs*, void*)
                0x00000000c00167ba                displayDebugInfo(regs*)
                0x00000000c0016afb                HalSystemIdle()
                0x00000000c0016b71                displayProgramFault(char const*)
                0x00000000c0016bc9                gpFault(regs*, void*)
                0x00000000c0016c23                pgFault(regs*, void*)
                0x00000000c0016ca2                otherISRHandler(regs*, void*)
                0x00000000c0016cce                opcodeFault(regs*, void*)
                0x00000000c0016d42                i386SaveCoprocessor(void*)
                0x00000000c0016d56                i386LoadCoprocessor(void*)
                0x00000000c0016d6a                x87EmulHandler(regs*, void*)
                0x00000000c0016e07                HalInitialiseCoprocessor()
                0x00000000c0016eb5                HalPanic(char const*)
                0x00000000c0016fae                HalQueryPerformanceCounter()
                0x00000000c0016fe1                HalInitialise()
                0x00000000c0017187                HalMakeBeep(int)
                0x00000000c00171c0                HalGetRand()
                0x00000000c00171c3                HalEndOfInterrupt(int)
                0x00000000c00171f4                HalRestart()
                0x00000000c00171f5                HalShutdown()
                0x00000000c00171f6                HalSleep()
 *fill*         0x00000000c00171f7        0x1 
 .text          0x00000000c00171f8      0x300 arch/i386/pic.32
                0x00000000c00171f8                picIoWait()
                0x00000000c0017200                picDisable()
                0x00000000c0017238                picGetIRQReg(int)
                0x00000000c00172bc                picOpen()
                0x00000000c0017450                picEOI(int)
 .text          0x00000000c00174f8      0x681 arch/i386/rtc.32
                0x00000000c00174f8                RTC::open(int, int, void*)
                0x00000000c00174fc                RTC::close(int, int, void*)
                0x00000000c0017500                RTC::timeInSecondsUTC()
                0x00000000c0017512                RTC::timeInDatetimeUTC()
                0x00000000c0017538                RTC::setTimeInSecondsUTC(unsigned long long)
                0x00000000c0017576                RTC::~RTC()
                0x00000000c0017576                RTC::~RTC()
                0x00000000c0017596                RTC::~RTC()
                0x00000000c00175be                RTC::get_update_in_progress_flag()
                0x00000000c00175d6                RTC::completeRTCRefresh()
                0x00000000c00178ba                RTC::setTimeInDatetimeUTC(datetime_t)
                0x00000000c0017a60                rtcIRQHandler(regs*, void*)
                0x00000000c0017ab0                RTC::RTC()
                0x00000000c0017ab0                RTC::RTC()
 *fill*         0x00000000c0017b79        0x3 
 .text          0x00000000c0017b7c      0x20a arch/i386/vga.32
                0x00000000c0017b7c                HalConsoleScroll(int, int)
                0x00000000c0017c84                HalConsoleWriteCharacter(char, int, int, int, int)
                0x00000000c0017cf0                HalConsoleCursorUpdate(int, int)
 *fill*         0x00000000c0017d86        0x2 
 .text          0x00000000c0017d88     0x13e7 fs/fat/vfslink.32
                0x00000000c0017d88                FAT::getName()
                0x00000000c0017d90                FAT::tell(void*, unsigned long long*)
                0x00000000c0017dcc                FAT::stat(void*, unsigned long long*)
                0x00000000c0017e08                FAT::~FAT()
                0x00000000c0017e08                FAT::~FAT()
                0x00000000c0017e28                FAT::~FAT()
                0x00000000c0017e50                FAT::getlabel(LogicalDisk*, int, char*, unsigned int*)
                0x00000000c0017ef8                FAT::setlabel(LogicalDisk*, int, char*)
                0x00000000c0017fd4                FAT::format(LogicalDisk*, int, char const*, int)
                0x00000000c00181b0                FAT::tryMount(LogicalDisk*, int)
                0x00000000c00183cc                FAT::allocateSwapfile(char const*, int)
                0x00000000c00185a4                FAT::readDir(void*, unsigned long, void*, int*)
                0x00000000c001870c                FAT::read(void*, unsigned long, void*, int*)
                0x00000000c0018778                FAT::write(void*, unsigned long, void*, int*)
                0x00000000c00187e4                FAT::close(void*)
                0x00000000c0018830                FAT::closeDir(void*)
                0x00000000c001887c                FAT::seek(void*, unsigned long long)
                0x00000000c00188d4                fatWrapperReadDisk
                0x00000000c0018914                fatWrapperWriteDisk
                0x00000000c0018954                fatWrapperIoctl
                0x00000000c0018a70                FAT::FAT()
                0x00000000c0018a70                FAT::FAT()
                0x00000000c0018ac0                FAT::fixFilepath(char*)
                0x00000000c0018afc                FAT::open(char const*, void**, FileOpenMode)
                0x00000000c0018c2c                FAT::openDir(char const*, void**)
                0x00000000c0018cdc                FAT::stat(char const*, unsigned long long*, bool*)
                0x00000000c0018dd0                FAT::unlink(char const*)
                0x00000000c0018e4c                FAT::chfatattr(char const*, unsigned char, unsigned char)
                0x00000000c0018fb8                FAT::rename(char const*, char const*)
                0x00000000c0019084                FAT::mkdir(char const*)
                0x00000000c0019100                FAT::exists(char const*)
 *fill*         0x00000000c001916f        0x1 
 .text          0x00000000c0019170       0x98 fs/iso9660/helper.32
                0x00000000c0019170                isoReadDiscSectorHelper
                0x00000000c00191d0                iso_kprintf
                0x00000000c00191ec                iso_kprintfd
 .text          0x00000000c0019208      0x6f0 fs/iso9660/vfslink.32
                0x00000000c0019208                ISO9660::format(LogicalDisk*, int, char const*, int)
                0x00000000c001920e                ISO9660::getName()
                0x00000000c0019214                ISO9660::closeDir(void*)
                0x00000000c001921e                ISO9660::chfatattr(char const*, unsigned char, unsigned char)
                0x00000000c0019224                ISO9660::unlink(char const*)
                0x00000000c001922a                ISO9660::write(void*, unsigned long, void*, int*)
                0x00000000c0019230                ISO9660::rename(char const*, char const*)
                0x00000000c0019236                ISO9660::mkdir(char const*)
                0x00000000c001923c                ISO9660::~ISO9660()
                0x00000000c001923c                ISO9660::~ISO9660()
                0x00000000c001925c                ISO9660::~ISO9660()
                0x00000000c0019284                ISO9660::exists(char const*)
                0x00000000c0019298                ISO9660::open(char const*, void**, FileOpenMode)
                0x00000000c0019376                ISO9660::read(void*, unsigned long, void*, int*)
                0x00000000c00193be                ISO9660::seek(void*, unsigned long long)
                0x00000000c0019402                ISO9660::tell(void*, unsigned long long*)
                0x00000000c0019440                ISO9660::stat(void*, unsigned long long*)
                0x00000000c0019492                ISO9660::stat(char const*, unsigned long long*, bool*)
                0x00000000c00195ca                ISO9660::close(void*)
                0x00000000c00195fa                ISO9660::openDir(char const*, void**)
                0x00000000c00196cc                ISO9660::readDir(void*, unsigned long, void*, int*)
                0x00000000c00197e7                readSectorFromCDROM(unsigned int, unsigned char*, char)
                0x00000000c0019862                ISO9660::tryMount(LogicalDisk*, int)
                0x00000000c00198d4                ISO9660::ISO9660()
                0x00000000c00198d4                ISO9660::ISO9660()
 .text          0x00000000c00198f8      0x264 hal/sound/sndcard.32
                0x00000000c00198f8                SoundCard::beginPlayback()
                0x00000000c0019906                SoundCard::stopPlayback()
                0x00000000c0019914                SoundCard::SoundCard(char const*)
                0x00000000c0019914                SoundCard::SoundCard(char const*)
                0x00000000c00199b2                SoundCard::~SoundCard()
                0x00000000c00199b2                SoundCard::~SoundCard()
                0x00000000c00199d2                SoundCard::~SoundCard()
                0x00000000c00199fa                SoundCard::configureRates(int, int, int)
                0x00000000c0019a2a                SoundCard::getSamples16(int, short*)
                0x00000000c0019a86                SoundCard::getSamples32(int, int*)
                0x00000000c0019b0a                SoundCard::addChannel(SoundPort*)
                0x00000000c0019b48                SoundCard::removeChannel(int)
 .text          0x00000000c0019b5c      0x35f hal/sound/sndport.32
                0x00000000c0019b5c                SoundPort::SoundPort(int, int, int, int)
                0x00000000c0019b5c                SoundPort::SoundPort(int, int, int, int)
                0x00000000c0019be4                SoundPort::~SoundPort()
                0x00000000c0019be4                SoundPort::~SoundPort()
                0x00000000c0019c14                SoundPort::unpause()
                0x00000000c0019c20                SoundPort::pause()
                0x00000000c0019c2c                SoundPort::getBufferUsed()
                0x00000000c0019c34                SoundPort::getBufferSize()
                0x00000000c0019c3c                SoundPort::buffer16(short*, int)
                0x00000000c0019cc8                SoundPort::buffer32(int*, int)
                0x00000000c0019d50                SoundPort::unbufferAndAdd16(int, short*, SoundCard*)
                0x00000000c0019e0c                SoundPort::unbufferAndAdd32(int, int*, SoundCard*)
 .text          0x00000000c0019ebb        0x0 hw/bus/isa.32
 *fill*         0x00000000c0019ebb        0x1 
 .text          0x00000000c0019ebc      0xb7d hw/bus/pci.32
                0x00000000c0019ebc                PCI::open(int, int, void*)
                0x00000000c0019eda                PCI::close(int, int, void*)
                0x00000000c0019ede                PCI::PCI()
                0x00000000c0019ede                PCI::PCI()
                0x00000000c0019f78                PCI::readBAR8(unsigned int, int)
                0x00000000c0019f94                PCI::readBAR16(unsigned int, int)
                0x00000000c0019fb4                PCI::readBAR32(unsigned int, int)
                0x00000000c0019fd0                PCI::writeBAR8(unsigned int, unsigned char, int)
                0x00000000c0019ff0                PCI::writeBAR16(unsigned int, unsigned short, int)
                0x00000000c001a012                PCI::writeBAR32(unsigned int, unsigned int, int)
                0x00000000c001a032                PCI::legacyMechanism(unsigned char, unsigned char, unsigned char, unsigned char)
                0x00000000c001a0b0                PCI::pciReadWord(unsigned char, unsigned char, unsigned char, unsigned char)
                0x00000000c001a15a                PCI::getVendorID(unsigned char, unsigned char, unsigned char)
                0x00000000c001a17e                PCI::getHeaderType(unsigned char, unsigned char, unsigned char)
                0x00000000c001a1a6                PCI::getClassCode(unsigned char, unsigned char, unsigned char)
                0x00000000c001a1f0                PCI::getProgIF(unsigned char, unsigned char, unsigned char)
                0x00000000c001a218                PCI::getRevisionID(unsigned char, unsigned char, unsigned char)
                0x00000000c001a240                PCI::getInterruptNumber(unsigned char, unsigned char, unsigned char)
                0x00000000c001a268                PCI::getSecondaryBus(unsigned char, unsigned char, unsigned char)
                0x00000000c001a290                PCI::getBARAddress(unsigned char, unsigned char, unsigned char, unsigned char)
                0x00000000c001a2f2                PCI::pciWriteWord(unsigned char, unsigned char, unsigned char, unsigned char, unsigned short)
                0x00000000c001a3bc                PCI::pciDetailsToFilepath(PCIDeviceInfo, char*)
                0x00000000c001a666                PCI::checkBus(unsigned char)
                0x00000000c001a68a                PCI::foundDevice(PCIDeviceInfo)
                0x00000000c001a802                PCI::getDeviceData(unsigned char, unsigned char, unsigned char)
                0x00000000c001a96e                PCI::checkDevice(unsigned char, unsigned char)
                0x00000000c001a9e0                PCI::detect()
 *fill*         0x00000000c001aa39        0x1 
 .text          0x00000000c001aa3a      0xb44 hw/diskctrl/ide.32
                0x00000000c001aa3a                IDE::close(int, int, void*)
                0x00000000c001aa3e                IDE::IDE()
                0x00000000c001aa3e                IDE::IDE()
                0x00000000c001aa70                IDE::prepareInterrupt(unsigned char)
                0x00000000c001aa82                selectDrive(unsigned char, unsigned char)
                0x00000000c001aa84                IDE::getBase(unsigned char)
                0x00000000c001aa96                IDE::write(unsigned char, unsigned char, unsigned char)
                0x00000000c001ab44                IDE::read(unsigned char, unsigned char)
                0x00000000c001abe0                IDE::waitInterrupt(unsigned char)
                0x00000000c001ac45                ideChannel0IRQHandler(regs*, void*)
                0x00000000c001ac61                ideChannel1IRQHandler(regs*, void*)
                0x00000000c001ac7e                IDE::enableIRQs(unsigned char, bool)
                0x00000000c001acc4                IDE::open(int, int, void*)
                0x00000000c001b0dc                IDE::readBuffer(unsigned char, unsigned char, unsigned int, unsigned int)
                0x00000000c001b196                IDE::detect()
                0x00000000c001b450                IDE::printError(unsigned char, unsigned char, unsigned char)
                0x00000000c001b522                IDE::polling(unsigned char, unsigned int)
 .text          0x00000000c001b57e      0x334 hw/diskctrl/satabus.32
                0x00000000c001b57e                SATABus::close(int, int, void*)
                0x00000000c001b582                SATABus::detect()
                0x00000000c001b584                SATABus::SATABus()
                0x00000000c001b584                SATABus::SATABus()
                0x00000000c001b614                SATABus::findCmdslot(SATABus::tagHBA_PORT volatile*)
                0x00000000c001b646                SATABus::checkType(SATABus::tagHBA_PORT volatile*)
                0x00000000c001b68c                SATABus::startCmd(SATABus::tagHBA_PORT volatile*)
                0x00000000c001b6ac                SATABus::stopCmd(SATABus::tagHBA_PORT volatile*)
                0x00000000c001b6d6                SATABus::portRebase(SATABus::tagHBA_PORT volatile*, int)
                0x00000000c001b7e8                SATABus::probePort(SATABus::tagHBA_MEM volatile*)
                0x00000000c001b892                SATABus::open(int, int, void*)
 .text          0x00000000c001b8b2      0x990 hw/diskphys/ata.32
                0x00000000c001b8b2                ATA::close(int, int, void*)
                0x00000000c001b8d6                ATA::powerSaving(PowerSavingLevel)
                0x00000000c001b8d8                ATA::ATA()
                0x00000000c001b8d8                ATA::ATA()
                0x00000000c001b908                ATA::flush(bool)
                0x00000000c001b952                ATA::readyForCommand()
                0x00000000c001b99e                ATA::access(unsigned long long, int, void*, bool)
                0x00000000c001bd76                ATA::detectCHS()
                0x00000000c001bda0                ATA::open(int, int, void*)
                0x00000000c001be6c                combineCharAndColour(char, unsigned char)
                0x00000000c001be7d                combineColours(unsigned char, unsigned char)
                0x00000000c001be8a                ATA::read(unsigned long long, int, void*)
                0x00000000c001c068                ATA::write(unsigned long long, int, void*)
 .text          0x00000000c001c242      0x60c hw/diskphys/atapi.32
                0x00000000c001c242                ATAPI::write(unsigned long long, int, void*)
                0x00000000c001c248                ATAPI::close(int, int, void*)
                0x00000000c001c26c                ATAPI::ATAPI()
                0x00000000c001c26c                ATAPI::ATAPI()
                0x00000000c001c29c                ATAPI::readyForCommand()
                0x00000000c001c2ee                ATAPI::sendPacket(unsigned char*, int, bool, unsigned short*, int)
                0x00000000c001c5ae                ATAPI::diskRemoved()
                0x00000000c001c5e8                ATAPI::eject()
                0x00000000c001c630                ATAPI::diskInserted()
                0x00000000c001c63c                ATAPI::detectMedia()
                0x00000000c001c6f6                ATAPI::open(int, int, void*)
                0x00000000c001c7d6                ATAPI::read(unsigned long long, int, void*)
 .text          0x00000000c001c84e      0x7fb hw/diskphys/sata.32
                0x00000000c001c84e                SATA::close(int, int, void*)
                0x00000000c001c872                SATA::powerSaving(PowerSavingLevel)
                0x00000000c001c874                SATA::open(int, int, void*)
                0x00000000c001c91e                SATA::SATA()
                0x00000000c001c91e                SATA::SATA()
                0x00000000c001c94e                SATA::access(unsigned long long, int, void*, bool)
                0x00000000c001cb94                SATA::read(unsigned long long, int, void*)
                0x00000000c001cde6                SATA::write(unsigned long long, int, void*)
 *fill*         0x00000000c001d049        0x1 
 .text          0x00000000c001d04a      0x5ce hw/diskphys/satapi.32
                0x00000000c001d04a                SATAPI::write(unsigned long long, int, void*)
                0x00000000c001d050                SATAPI::close(int, int, void*)
                0x00000000c001d074                SATAPI::SATAPI()
                0x00000000c001d074                SATAPI::SATAPI()
                0x00000000c001d0a4                SATAPI::diskRemoved()
                0x00000000c001d0a6                SATAPI::diskInserted()
                0x00000000c001d0c2                SATAPI::sendPacket(unsigned char*, int, unsigned long long, unsigned short*, int)
                0x00000000c001d39e                SATAPI::eject()
                0x00000000c001d3da                SATAPI::detectMedia()
                0x00000000c001d430                SATAPI::open(int, int, void*)
                0x00000000c001d530                SATAPI::read(unsigned long long, int, void*)
 .text          0x00000000c001d618      0x450 hw/intctrl/apic.32
                0x00000000c001d618                IOAPIC::close(int, int, void*)
                0x00000000c001d61e                apicGetBase()
                0x00000000c001d662                IOAPIC::IOAPIC()
                0x00000000c001d662                IOAPIC::IOAPIC()
                0x00000000c001d689                apicOpen()
                0x00000000c001d7f6                IOAPIC::handlesGSIWithNumber(unsigned int)
                0x00000000c001d828                IOAPIC::read(int)
                0x00000000c001d850                IOAPIC::open(int, int, void*)
                0x00000000c001d930                IOAPIC::write(int, int)
                0x00000000c001d95c                IOAPIC::redirect(unsigned char, unsigned long long, unsigned char, bool, bool)
 .text          0x00000000c001da68       0xf3 hw/timer/apictimer.32
                0x00000000c001da68                APICTimer::close(int, int, void*)
                0x00000000c001da70                apicTimerHandler(regs*, void*)
                0x00000000c001da94                APICTimer::open(int, int, void*)
                0x00000000c001db10                APICTimer::write(int)
                0x00000000c001db34                APICTimer::APICTimer()
                0x00000000c001db34                APICTimer::APICTimer()
 *fill*         0x00000000c001db5b        0x1 
 .text          0x00000000c001db5c      0x1c7 hw/timer/pit.32
                0x00000000c001db5c                PIT::write(int)
                0x00000000c001dbe0                pitHandler(regs*, void*)
                0x00000000c001dc00                PIT::open(int, int, void*)
                0x00000000c001dc60                PIT::close(int, int, void*)
                0x00000000c001dca0                PIT::PIT()
                0x00000000c001dca0                PIT::PIT()
 *fill*         0x00000000c001dd23        0xd 
 .text          0x00000000c001dd30       0x83 arch/i386/avx.32
                0x00000000c001dd30                avxDetect
                0x00000000c001dd5a                avxSave
                0x00000000c001dd6b                avxLoad
                0x00000000c001dd7c                avxInit
                0x00000000c001dd9e                avxClose
                0x00000000c001dd9f                wouldSheSayYes
 *fill*         0x00000000c001ddb3        0xd 
 .text          0x00000000c001ddc0      0x2ec arch/i386/interrupt.32
                0x00000000c001ddc0                isr0
                0x00000000c001ddd0                isr1
                0x00000000c001ddda                isr2
                0x00000000c001dde4                isr3
                0x00000000c001ddee                isr4
                0x00000000c001ddf8                isr5
                0x00000000c001de02                isr6
                0x00000000c001de0c                isr7
                0x00000000c001de16                isr8
                0x00000000c001de1e                isr9
                0x00000000c001de28                isr10
                0x00000000c001de30                isr11
                0x00000000c001de38                isr12
                0x00000000c001de40                isr13
                0x00000000c001de5a                isr14
                0x00000000c001de62                isr15
                0x00000000c001de6c                isr16
                0x00000000c001de76                isr17
                0x00000000c001de80                isr18
                0x00000000c001de8a                irq3
                0x00000000c001de94                irq4
                0x00000000c001de9e                irq5
                0x00000000c001dea8                irq6
                0x00000000c001deb2                irq7
                0x00000000c001debc                irq8
                0x00000000c001dec6                irq9
                0x00000000c001ded0                irq10
                0x00000000c001deda                irq11
                0x00000000c001dee4                irq12
                0x00000000c001deee                irq13
                0x00000000c001def8                irq14
                0x00000000c001df02                irq15
                0x00000000c001df0c                irq1
                0x00000000c001df13                irq2
                0x00000000c001df1a                isr96
                0x00000000c001df21                irq0
                0x00000000c001df26                int_common_stub
                0x00000000c001df58                syscall_common_stub
                0x00000000c001e05c                irq16
                0x00000000c001e066                irq17
                0x00000000c001e070                irq18
                0x00000000c001e07a                irq19
                0x00000000c001e084                irq20
                0x00000000c001e08e                irq21
                0x00000000c001e098                irq22
                0x00000000c001e0a2                irq23
 *fill*         0x00000000c001e0ac        0x4 
 .text          0x00000000c001e0b0       0x10 arch/i386/rdrand.32
                0x00000000c001e0b0                i386GetRDRAND
 .text          0x00000000c001e0c0       0x39 arch/i386/sse.32
                0x00000000c001e0c0                absolutelyNoChanceInHell
                0x00000000c001e0c0                sseDetect
                0x00000000c001e0d8                sseSave
                0x00000000c001e0e0                sseLoad
                0x00000000c001e0e8                sseInit
                0x00000000c001e0f8                sseClose
 *fill*         0x00000000c001e0f9        0x7 
 .text          0x00000000c001e100       0x49 arch/i386/x87.32
                0x00000000c001e106                x87Detect
                0x00000000c001e121                x87Save
                0x00000000c001e128                x87Load
                0x00000000c001e12f                x87Init
                0x00000000c001e148                x87Close
 *fill*         0x00000000c001e149        0x3 
 .text          0x00000000c001e14c       0x25 /cygdrive/d/Users/Alex/Desktop/Toolchain/Output/bin/../lib/gcc/i386-banana/8.1.0/crtend.o
 .text          0x00000000c001e171        0x0 crtn.32
 *fill*         0x00000000c001e171        0x3 
 .text          0x00000000c001e174      0x14b /cygdrive/d/Users/Alex/Desktop/Toolchain/Output/bin/../lib/gcc/i386-banana/8.1.0/libkgcc.a(_divdi3.o)
                0x00000000c001e174                __divdi3
 *fill*         0x00000000c001e2bf        0x1 
 .text          0x00000000c001e2c0      0x17e /cygdrive/d/Users/Alex/Desktop/Toolchain/Output/bin/../lib/gcc/i386-banana/8.1.0/libkgcc.a(_moddi3.o)
                0x00000000c001e2c0                __moddi3
 *fill*         0x00000000c001e43e        0x2 
 .text          0x00000000c001e440       0xff /cygdrive/d/Users/Alex/Desktop/Toolchain/Output/bin/../lib/gcc/i386-banana/8.1.0/libkgcc.a(_udivdi3.o)
                0x00000000c001e440                __udivdi3
 *fill*         0x00000000c001e53f        0x1 
 .text          0x00000000c001e540      0x11a /cygdrive/d/Users/Alex/Desktop/Toolchain/Output/bin/../lib/gcc/i386-banana/8.1.0/libkgcc.a(_umoddi3.o)
                0x00000000c001e540                __umoddi3
 *(.gnu.linkonce.t*)

.iplt           0x00000000c001e660        0x0