Archive member included to satisfy reference by file (symbol)

/cygdrive/d/Users/Alex/Desktop/Toolchain/Output/bin/../lib/gcc/i386-banana/8.1.0/libgcc.a(_divdi3.o)
                              fs/fat/ff.32 (__divdi3)
/cygdrive/d/Users/Alex/Desktop/Toolchain/Output/bin/../lib/gcc/i386-banana/8.1.0/libgcc.a(_moddi3.o)
                              core/elf.32 (__moddi3)
/cygdrive/d/Users/Alex/Desktop/Toolchain/Output/bin/../lib/gcc/i386-banana/8.1.0/libgcc.a(_divmoddi4.o)
                              acpica/osl.32 (__divmoddi4)
/cygdrive/d/Users/Alex/Desktop/Toolchain/Output/bin/../lib/gcc/i386-banana/8.1.0/libgcc.a(_udivdi3.o)
                              acpica/utmath.32 (__udivdi3)
/cygdrive/d/Users/Alex/Desktop/Toolchain/Output/bin/../lib/gcc/i386-banana/8.1.0/libgcc.a(_umoddi3.o)
                              acpica/utmath.32 (__umoddi3)
D:/Users/Alex/Desktop/Banana/kernel/libk/libm32.a(s_fabs.c.o)
                              hal/libresample/samplerate.32 (fabs)
D:/Users/Alex/Desktop/Banana/kernel/libk/libm32.a(s_lrint.S.o)
                              hal/libresample/samplerate.32 (lrint)
D:/Users/Alex/Desktop/Banana/kernel/libk/libm32.a(s_lrintf.S.o)
                              hal/sound/sndhw.32 (lrintf)

Allocating common symbols
Common symbol       size              file

AcpiGbl_StateCache  0x4               acpica/utglobal.32
AcpiGbl_OwnerIdMask
                    0x200             acpica/utglobal.32
AcpiGbl_StepToNextCall
                    0x1               acpica/utglobal.32
AcpiGbl_RootTableList
                    0x10              acpica/utglobal.32
AcpiGbl_FadtGpeDevice
                    0x4               acpica/utglobal.32
AcpiGbl_GpeXruptListHead
                    0x4               acpica/utglobal.32
AcpiGbl_GlobalLockHandle
                    0x2               acpica/utglobal.32
AcpiGbl_RootNodeStruct
                    0x1c              acpica/utglobal.32
AcpiGbl_FACS        0x4               acpica/utglobal.32
AcpiGbl_AllGpesInitialized
                    0x1               acpica/utglobal.32
AcpiGbl_GlobalLockMutex
                    0x4               acpica/utglobal.32
AcpiGbl_IntegerByteWidth
                    0x1               acpica/utglobal.32
AcpiGbl_Pm1EnableRegisterSave
                    0x2               acpica/utglobal.32
AcpiGbl_NsLookupCount
                    0x4               acpica/utglobal.32
AcpiCurrentGpeCount
                    0x4               acpica/utglobal.32
AcpiGbl_IntegerBitWidth
                    0x1               acpica/utglobal.32
AcpiGbl_NamespaceCache
                    0x4               acpica/utglobal.32
AcpiGbl_TableHandler
                    0x4               acpica/utglobal.32
AcpiGbl_HardwareLock
                    0x4               acpica/utglobal.32
AcpiGbl_FixedEventHandlers
                    0x28              acpica/utglobal.32
AcpiSciCount        0x4               acpica/utglobal.32
AcpiGbl_DSDT        0x4               acpica/utglobal.32
AcpiGbl_GlobalNotify
                    0x10              acpica/utglobal.32
AcpiGbl_GlobalLockSemaphore
                    0x4               acpica/utglobal.32
AcpiGbl_SystemAwakeAndRunning
                    0x1               acpica/utglobal.32
AcpiGbl_InterfaceHandler
                    0x4               acpica/utglobal.32
AcpiGbl_EventsInitialized
                    0x1               acpica/utglobal.32
AcpiGbl_SupportedInterfaces
                    0x4               acpica/utglobal.32
AcpiGbl_GpeLock     0x4               acpica/utglobal.32
AcpiGbl_SleepTypeB  0x1               acpica/utglobal.32
AcpiGbl_InitHandler
                    0x4               acpica/utglobal.32
AcpiGbl_GlobalLockAcquired
                    0x1               acpica/utglobal.32
AcpiGbl_XPm1bEnable
                    0xc               acpica/utglobal.32
AcpiGbl_OriginalDsdtHeader
                    0x24              acpica/utglobal.32
AcpiGbl_ReferenceCountLock
                    0x4               acpica/utglobal.32
AcpiGpeCount        0x4               acpica/utglobal.32
AcpiGbl_TableHandlerContext
                    0x4               acpica/utglobal.32
AcpiGbl_XPm1aStatus
                    0xc               acpica/utglobal.32
AcpiGbl_OriginalMode
                    0x4               acpica/utglobal.32
AcpiGbl_CmSingleStep
                    0x1               acpica/utglobal.32
AcpiGbl_GlobalEventHandlerContext
                    0x4               acpica/utglobal.32
AcpiGbl_PsFindCount
                    0x4               acpica/utglobal.32
AcpiFixedEventCount
                    0x14              acpica/utglobal.32
AcpiGbl_AcpiHardwarePresent
                    0x1               acpica/utglobal.32
AcpiGbl_MutexInfo   0x60              acpica/utglobal.32
AcpiGbl_RootNode    0x4               acpica/utglobal.32
AcpiGbl_AddressRangeList
                    0x8               acpica/utglobal.32
AcpiGbl_FADT        0x114             acpica/utglobal.32
AcpiGbl_IntegerNybbleWidth
[...]
Memory Configuration

Name             Origin             Length             Attributes
*default*        0x0000000000000000 0xffffffffffffffff

Linker script and memory map

LOAD D:/Users/Alex/Desktop/Banana/kernel/boot.32
LOAD crti.32
LOAD /cygdrive/d/Users/Alex/Desktop/Toolchain/Output/bin/../lib/gcc/i386-banana/8.1.0/crtbegin.o
LOAD D:/Users/Alex/Desktop/Banana/kernel/morenasm.32
LOAD acpica/dsargs.32
LOAD acpica/dscontrol.32
LOAD acpica/dsdebug.32
LOAD acpica/dsfield.32
LOAD acpica/dsinit.32
LOAD acpica/dsmethod.32
LOAD acpica/dsmthdat.32
LOAD acpica/dsobject.32
LOAD acpica/dsopcode.32
LOAD acpica/dspkginit.32
LOAD acpica/dsutils.32
LOAD acpica/dswexec.32
LOAD acpica/dswload.32
LOAD acpica/dswload2.32
LOAD acpica/dswscope.32
LOAD acpica/dswstate.32
LOAD acpica/evevent.32
LOAD acpica/evglock.32
LOAD acpica/evgpe.32
LOAD acpica/evgpeblk.32
LOAD acpica/evgpeinit.32
LOAD acpica/evgpeutil.32
LOAD acpica/evhandler.32
LOAD acpica/evmisc.32
LOAD acpica/evregion.32
LOAD acpica/evrgnini.32
LOAD acpica/evsci.32
LOAD acpica/evxface.32
LOAD acpica/evxfevnt.32
LOAD acpica/evxfgpe.32
LOAD acpica/evxfregn.32
LOAD acpica/exconcat.32
LOAD acpica/exconfig.32
LOAD acpica/exconvrt.32
LOAD acpica/excreate.32
LOAD acpica/exdebug.32
LOAD acpica/exdump.32
LOAD acpica/exfield.32
LOAD acpica/exfldio.32
LOAD acpica/exmisc.32
LOAD acpica/exmutex.32
LOAD acpica/exnames.32
LOAD acpica/exoparg1.32
LOAD acpica/exoparg2.32
LOAD acpica/exoparg3.32
LOAD acpica/exoparg6.32
LOAD acpica/exprep.32
LOAD acpica/exregion.32
LOAD acpica/exresnte.32
LOAD acpica/exresolv.32
LOAD acpica/exresop.32
LOAD acpica/exserial.32
LOAD acpica/exstore.32
LOAD acpica/exstoren.32
LOAD acpica/exstorob.32
LOAD acpica/exsystem.32
LOAD acpica/extrace.32
LOAD acpica/exutils.32
LOAD acpica/hwacpi.32
LOAD acpica/hwesleep.32
LOAD acpica/hwgpe.32
LOAD acpica/hwpci.32
LOAD acpica/hwregs.32
LOAD acpica/hwsleep.32
LOAD acpica/hwtimer.32
LOAD acpica/hwvalid.32
LOAD acpica/hwxface.32
LOAD acpica/hwxfsleep.32
LOAD acpica/nsaccess.32
LOAD acpica/nsalloc.32
LOAD acpica/nsarguments.32
LOAD acpica/nsconvert.32
LOAD acpica/nsdump.32
LOAD acpica/nsdumpdv.32
LOAD acpica/nseval.32
LOAD acpica/nsinit.32
LOAD acpica/nsload.32
LOAD acpica/nsnames.32
LOAD acpica/nsobject.32
LOAD acpica/nsparse.32
LOAD acpica/nspredef.32
LOAD acpica/nsprepkg.32
LOAD acpica/nsrepair.32
LOAD acpica/nsrepair2.32
LOAD acpica/nssearch.32
LOAD acpica/nsutils.32
LOAD acpica/nswalk.32
LOAD acpica/nsxfeval.32
LOAD acpica/nsxfname.32
LOAD acpica/nsxfobj.32
LOAD acpica/psargs.32
LOAD acpica/psloop.32
LOAD acpica/psobject.32
LOAD acpica/psopcode.32
LOAD acpica/psopinfo.32
LOAD acpica/psparse.32
LOAD acpica/psscope.32
LOAD acpica/pstree.32
LOAD acpica/psutils.32
LOAD acpica/pswalk.32
LOAD acpica/psxface.32
LOAD acpica/rsaddr.32
LOAD acpica/rscalc.32
LOAD acpica/rscreate.32
LOAD acpica/rsdump.32
LOAD acpica/rsdumpinfo.32
LOAD acpica/rsinfo.32
LOAD acpica/rsio.32
LOAD acpica/rsirq.32
LOAD acpica/rslist.32
LOAD acpica/rsmemory.32
LOAD acpica/rsmisc.32
LOAD acpica/rsserial.32
LOAD acpica/rsutils.32
LOAD acpica/rsxface.32
LOAD acpica/tbdata.32
LOAD acpica/tbfadt.32
LOAD acpica/tbfind.32
LOAD acpica/tbinstal.32
LOAD acpica/tbprint.32
LOAD acpica/tbutils.32
LOAD acpica/tbxface.32
LOAD acpica/tbxfload.32
LOAD acpica/tbxfroot.32
LOAD acpica/utaddress.32
LOAD acpica/utalloc.32
LOAD acpica/utascii.32
LOAD acpica/utbuffer.32
LOAD acpica/utcache.32
LOAD acpica/utclib.32
LOAD acpica/utcopy.32
LOAD acpica/utdebug.32
LOAD acpica/utdecode.32
LOAD acpica/utdelete.32
LOAD acpica/uterror.32
LOAD acpica/uteval.32
LOAD acpica/utexcep.32
LOAD acpica/utglobal.32
LOAD acpica/uthex.32
LOAD acpica/utids.32
LOAD acpica/utinit.32
LOAD acpica/utlock.32
LOAD acpica/utmath.32
LOAD acpica/utmisc.32
LOAD acpica/utmutex.32
LOAD acpica/utnonansi.32
LOAD acpica/utobject.32
LOAD acpica/utosi.32
LOAD acpica/utownerid.32
LOAD acpica/utpredef.32
LOAD acpica/utprint.32
LOAD acpica/utresdecode.32
LOAD acpica/utresrc.32
LOAD acpica/utstate.32
LOAD acpica/utstring.32
LOAD acpica/utstrsuppt.32
LOAD acpica/utstrtoul64.32
LOAD acpica/uttrack.32
LOAD acpica/utuuid.32
LOAD acpica/utxface.32
LOAD acpica/utxferror.32
LOAD acpica/utxfinit.32
LOAD acpica/utxfmutex.32
LOAD core/malloc.32
LOAD libk/string.32
LOAD fs/fat/diskio.32
LOAD fs/fat/ff.32
LOAD fs/fat/ffsystem.32
LOAD fs/fat/ffunicode.32
LOAD hal/libresample/samplerate.32
LOAD hal/libresample/src_linear.32
LOAD hal/libresample/src_sinc.32
LOAD hal/libresample/src_zoh.32
LOAD acpica/osl.32
LOAD core/computer.32
LOAD core/elf.32
LOAD core/gdt.32
LOAD core/idle.32
LOAD core/idt.32
LOAD core/kconsole.32
LOAD core/kheap.32
LOAD core/main.32
LOAD core/physmgr.32
LOAD core/pipe.32
LOAD core/prcssthr.32
LOAD core/syscalls.32
LOAD core/terminal.32
LOAD core/tss.32
LOAD core/unixfile.32
LOAD core/virtmgr.32
LOAD coreobjs/c++.32
LOAD debugger/debug.32
LOAD fs/vfs.32
LOAD hal/bus.32
LOAD hal/buzzer.32
LOAD hal/clock.32
LOAD hal/device.32
LOAD hal/diskctrl.32
LOAD hal/diskphys.32
LOAD hal/fpu.32
LOAD hal/intctrl.32
LOAD hal/keybrd.32
LOAD hal/logidisk.32
LOAD hal/partition.32
LOAD hal/timer.32
LOAD hal/vcache.32
LOAD hw/acpi.32
LOAD hw/cpu.32
LOAD hw/ports.32
LOAD registry/registry.32
LOAD syscalls/sc_exit.32
LOAD syscalls/sc_sbrk.32
LOAD syscalls/sc_yield.32
LOAD vm86/vm8086.32
LOAD fs/fat/vfslink.32
LOAD fs/iso9660/vfslink.32
LOAD hal/sound/sndchannel.32
LOAD hal/sound/sndhw.32
LOAD hw/audio/sb16.32
LOAD hw/bus/isa.32
LOAD hw/bus/pci.32
LOAD hw/bus/ps2.32
LOAD hw/bus/ps2port.32
LOAD hw/buzzer/pcspk.32
LOAD hw/clock/rtc.32
LOAD hw/diskctrl/ide.32
LOAD hw/diskphys/ata.32
LOAD hw/diskphys/atapi.32
LOAD hw/dma/isadma.32
LOAD hw/fpu/avx.32
LOAD hw/fpu/mmx.32
LOAD hw/fpu/sse.32
LOAD hw/fpu/x87.32
LOAD hw/intctrl/apic.32
LOAD hw/intctrl/pic.32
LOAD hw/keybrd/ps2key.32
LOAD hw/timer/apictimer.32
LOAD hw/timer/pit.32
LOAD hw/fpu/x86/avx.32
LOAD hw/fpu/x86/sse.32
LOAD hw/fpu/x86/x87.32
LOAD /cygdrive/d/Users/Alex/Desktop/Toolchain/Output/bin/../lib/gcc/i386-banana/8.1.0/crtend.o
LOAD crtn.32
LOAD /cygdrive/d/Users/Alex/Desktop/Toolchain/Output/bin/../lib/gcc/i386-banana/8.1.0/libgcc.a
LOAD D:/Users/Alex/Desktop/Banana/kernel/libk/libm32.a
                0x00000000c0000000                . = 0xc0000000

.text           0x00000000c0000000    0x4e718
 *(.text)
 .text          0x00000000c0000000       0x39 D:/Users/Alex/Desktop/Banana/kernel/boot.32
                0x00000000c000001e                callGlobalConstructors
 .text          0x00000000c0000039        0x0 crti.32
 *fill*         0x00000000c0000039        0x3 
 .text          0x00000000c000003c      0x101 /cygdrive/d/Users/Alex/Desktop/Toolchain/Output/bin/../lib/gcc/i386-banana/8.1.0/crtbegin.o
 *fill*         0x00000000c000013d        0x3 
 .text          0x00000000c0000140      0x443 D:/Users/Alex/Desktop/Banana/kernel/morenasm.32
                0x00000000c0000140                doTPAUSE
                0x00000000c000014a                hasLegacyFPU
                0x00000000c000016f                is486
                0x00000000c00001d2                goToVM86
                0x00000000c0000203                goToUsermode
                0x00000000c000022e                switchToThreadASMFirstTime
                0x00000000c000023c                switchToThreadASM
                0x00000000c00002d4                detectCPUID
                0x00000000c00002ea                asmQuickAcquireLock
                0x00000000c0000308                asmQuickReleaseLock
                0x00000000c0000314                asmAcquireLock
                0x00000000c0000335                asmReleaseLock
                0x00000000c0000348                loadGDT
                0x00000000c0000368                isr0
                0x00000000c0000378                isr1
                0x00000000c0000382                isr2
                0x00000000c000038c                isr3
                0x00000000c0000396                isr4
                0x00000000c00003a0                isr5
                0x00000000c00003aa                isr6
                0x00000000c00003b4                isr7
                0x00000000c00003be                isr8
                0x00000000c00003c6                isr9
                0x00000000c00003d0                isr10
                0x00000000c00003d8                isr11
                0x00000000c00003e0                isr12
                0x00000000c00003e8                isr13
                0x00000000c00003f0                isr14
                0x00000000c00003f8                isr15
                0x00000000c0000402                isr16
                0x00000000c000040c                isr17
                0x00000000c0000416                isr18
                0x00000000c0000420                isr96
                0x00000000c000042a                irq0
                0x00000000c0000434                irq1
                0x00000000c000043e                irq2
                0x00000000c0000448                irq3
                0x00000000c0000452                irq4
                0x00000000c000045c                irq5
                0x00000000c0000466                irq6
                0x00000000c0000470                irq7
                0x00000000c000047a                irq8
                0x00000000c0000484                irq9
                0x00000000c000048e                irq10
                0x00000000c0000498                irq11
                0x00000000c00004a2                irq12
                0x00000000c00004ac                irq13
                0x00000000c00004b6                irq14
                0x00000000c00004c0                irq15
                0x00000000c00004ca                irq16
                0x00000000c00004d4                irq17
                0x00000000c00004de                irq18
                0x00000000c00004e8                irq19
                0x00000000c00004f2                irq20
                0x00000000c00004fc                irq21
                0x00000000c0000506                irq22
                0x00000000c0000510                irq23
                0x00000000c000051a                int_common_stub
                0x00000000c000054a                syscall_common_stub
 .text          0x00000000c0000583      0x3da acpica/dsargs.32
                0x00000000c0000712                AcpiDsGetBufferFieldArguments
                0x00000000c0000771                AcpiDsGetBankFieldArguments
                0x00000000c00007d0                AcpiDsGetBufferArguments
                0x00000000c0000841                AcpiDsGetPackageArguments
                0x00000000c00008b2                AcpiDsGetRegionArguments
 .text          0x00000000c000095d      0x47a acpica/dscontrol.32
                0x00000000c000095f                AcpiDsExecBeginControlOp
                0x00000000c0000a8f                AcpiDsExecEndControlOp
 .text          0x00000000c0000dd7        0x2 acpica/dsdebug.32
                0x00000000c0000dd7                AcpiDsDumpMethodStack
 .text          0x00000000c0000dd9      0x9f6 acpica/dsfield.32
                0x00000000c0000dd9                AcpiDsCreateBufferField
                0x00000000c00012cf                AcpiDsCreateField
                0x00000000c00013d9                AcpiDsInitFieldObjects
                0x00000000c000157a                AcpiDsCreateBankField
                0x00000000c00016ae                AcpiDsCreateIndexField
 .text          0x00000000c00017cf      0x22d acpica/dsinit.32
                0x00000000c000194a                AcpiDsInitializeObjects
 .text          0x00000000c00019fc      0x9d7 acpica/dsmethod.32
                0x00000000c0001a4b                AcpiDsAutoSerializeMethod
                0x00000000c0001b54                AcpiDsMethodError
                0x00000000c0001cb0                AcpiDsBeginMethodExecution
                0x00000000c0001f53                AcpiDsRestartControlMethod
                0x00000000c0001ff2                AcpiDsTerminateControlMethod
                0x00000000c00021d6                AcpiDsCallControlMethod
 .text          0x00000000c00023d3      0x743 acpica/dsmthdat.32
                0x00000000c00023d3                AcpiDsMethodDataInit
                0x00000000c00025bc                AcpiDsMethodDataDeleteAll
                0x00000000c0002689                AcpiDsMethodDataGetNode
                0x00000000c00027c4                AcpiDsMethodDataInitArgs
                0x00000000c000283b                AcpiDsMethodDataGetValue
                0x00000000c00029ca                AcpiDsStoreObjectToLocal
 .text          0x00000000c0002b16      0x736 acpica/dsobject.32
                0x00000000c0002b16                AcpiDsBuildInternalBufferObj
                0x00000000c0002c7f                AcpiDsInitObjectFromOp
                0x00000000c0003014                AcpiDsBuildInternalObject
                0x00000000c00031b6                AcpiDsCreateNode
 .text          0x00000000c000324c      0xa93 acpica/dsopcode.32
                0x00000000c000324c                AcpiDsInitializeRegion
                0x00000000c000355f                AcpiDsEvalBufferFieldOperands
                0x00000000c00036d0                AcpiDsEvalRegionOperands
                0x00000000c0003875                AcpiDsEvalTableRegionOperands
                0x00000000c0003a2f                AcpiDsEvalDataObjectOperands
                0x00000000c0003be3                AcpiDsEvalBankFieldOperands
 .text          0x00000000c0003cdf      0x597 acpica/dspkginit.32
                0x00000000c0003eb1                AcpiDsInitPackageElement
                0x00000000c0003f1d                AcpiDsBuildInternalPackageObj
 .text          0x00000000c0004276      0x956 acpica/dsutils.32
                0x00000000c0004278                AcpiDsClearImplicitReturn
                0x00000000c00042bb                AcpiDsDoImplicitReturn
                0x00000000c000432b                AcpiDsIsResultUsed
                0x00000000c00044bd                AcpiDsDeleteResultIfNotUsed
                0x00000000c0004535                AcpiDsResolveOperands
                0x00000000c0004591                AcpiDsClearOperands
                0x00000000c00045e5                AcpiDsCreateOperand
                0x00000000c0004950                AcpiDsCreateOperands
                0x00000000c0004a40                AcpiDsEvaluateNamePath
 .text          0x00000000c0004bcc      0xa84 acpica/dswexec.32
                0x00000000c0004bd4                AcpiDsGetPredicateValue
                0x00000000c0004df0                AcpiDsExecBeginOp
                0x00000000c0004fed                AcpiDsExecEndOp
 .text          0x00000000c0005650      0x6f7 acpica/dswload.32
                0x00000000c0005650                AcpiDsLoad1BeginOp
                0x00000000c00059b9                AcpiDsLoad1EndOp
                0x00000000c0005c77                AcpiDsInitCallbacks
 .text          0x00000000c0005d47      0x901 acpica/dswload2.32
                0x00000000c0005d47                AcpiDsLoad2BeginOp
                0x00000000c00061b6                AcpiDsLoad2EndOp
 .text          0x00000000c0006648      0x161 acpica/dswscope.32
                0x00000000c0006648                AcpiDsScopeStackClear
                0x00000000c0006688                AcpiDsScopeStackPush
                0x00000000c000674f                AcpiDsScopeStackPop
 .text          0x00000000c00067a9      0x8f5 acpica/dswstate.32
                0x00000000c0006839                AcpiDsResultPush
                0x00000000c0006a0c                AcpiDsResultPop
                0x00000000c0006b3e                AcpiDsObjStackPush
                0x00000000c0006bbd                AcpiDsObjStackPop
                0x00000000c0006c3f                AcpiDsObjStackPopAndDelete
                0x00000000c0006cbe                AcpiDsGetCurrentWalkState
                0x00000000c0006cd6                AcpiDsPushWalkState
                0x00000000c0006cf0                AcpiDsPopWalkState
                0x00000000c0006d15                AcpiDsCreateWalkState
                0x00000000c0006daa                AcpiDsInitAmlWalk
                0x00000000c0006f76                AcpiDsDeleteWalkState
 .text          0x00000000c000709e      0x307 acpica/evevent.32
                0x00000000c000709e                AcpiEvInstallXruptHandlers
                0x00000000c000719c                AcpiEvInitializeEvents
                0x00000000c00072bd                AcpiEvFixedEventDetect
 .text          0x00000000c00073a5      0x2d8 acpica/evglock.32
                0x00000000c0007426                AcpiEvInitGlobalLockHandler
                0x00000000c00074b2                AcpiEvRemoveGlobalLockHandler
                0x00000000c00074ea                AcpiEvAcquireGlobalLock
                0x00000000c00075f8                AcpiEvReleaseGlobalLock
 .text          0x00000000c000767d      0x960 acpica/evgpe.32
                0x00000000c000767d                AcpiEvUpdateGpeEnableMask
                0x00000000c00076eb                AcpiEvEnableGpe
                0x00000000c0007709                AcpiEvMaskGpe
                0x00000000c00077db                AcpiEvAddGpeReference
                0x00000000c000786e                AcpiEvRemoveGpeReference
                0x00000000c00078e9                AcpiEvLowGetGpeInfo
                0x00000000c000794a                AcpiEvGetGpeEventInfo
                0x00000000c00079d2                AcpiEvFinishGpe
                0x00000000c0007b91                AcpiEvGpeDispatch
                0x00000000c0007d03                AcpiEvDetectGpe
                0x00000000c0007e90                AcpiEvGpeDetect
 .text          0x00000000c0007fdd      0x726 acpica/evgpeblk.32
                0x00000000c00080a7                AcpiEvDeleteGpeBlock
                0x00000000c0008423                AcpiEvCreateGpeBlock
                0x00000000c0008598                AcpiEvInitializeGpeBlock
 .text          0x00000000c0008703      0x48d acpica/evgpeinit.32
                0x00000000c0008703                AcpiEvMatchGpeMethod
                0x00000000c000889a                AcpiEvGpeInitialize
                0x00000000c0008a9c                AcpiEvUpdateGpes
 .text          0x00000000c0008b90      0x407 acpica/evgpeutil.32
                0x00000000c0008b90                AcpiEvWalkGpeList
                0x00000000c0008c2f                AcpiEvGetGpeDevice
                0x00000000c0008c90                AcpiEvGetGpeXruptBlock
                0x00000000c0008dbf                AcpiEvDeleteGpeXrupt
                0x00000000c0008e89                AcpiEvDeleteGpeHandlers
 .text          0x00000000c0008f97      0x4a5 acpica/evhandler.32
                0x00000000c0008f97                AcpiEvHasDefaultHandler
                0x00000000c0008ff7                AcpiEvFindRegionHandler
                0x00000000c000912d                AcpiEvInstallSpaceHandler
                0x00000000c00093b2                AcpiEvInstallRegionHandlers
 .text          0x00000000c000943c      0x32c acpica/evmisc.32
                0x00000000c00094e3                AcpiEvIsNotifyObject
                0x00000000c0009509                AcpiEvQueueNotifyRequest
                0x00000000c0009619                AcpiEvTerminate
 .text          0x00000000c0009768      0x9c7 acpica/evregion.32
                0x00000000c0009768                AcpiEvAddressSpaceDispatch
                0x00000000c0009a69                AcpiEvAttachRegion
                0x00000000c0009ab9                AcpiEvExecuteRegMethod
                0x00000000c0009ca0                AcpiEvDetachRegion
                0x00000000c000a03a                AcpiEvExecuteRegMethods
                0x00000000c000a0a6                AcpiEvInitializeOpRegions
 .text          0x00000000c000a12f      0x535 acpica/evrgnini.32
                0x00000000c000a12f                AcpiEvSystemMemoryRegionSetup
                0x00000000c000a1dc                AcpiEvIoSpaceRegionSetup
                0x00000000c000a1ff                AcpiEvIsPciRootBridge
                0x00000000c000a2ca                AcpiEvPciConfigRegionSetup
                0x00000000c000a52b                AcpiEvPciBarRegionSetup
                0x00000000c000a531                AcpiEvCmosRegionSetup
                0x00000000c000a537                AcpiEvDefaultRegionSetup
                0x00000000c000a55a                AcpiEvInitializeRegion
 .text          0x00000000c000a664      0x1a4 acpica/evsci.32
                0x00000000c000a664                AcpiEvSciDispatch
                0x00000000c000a720                AcpiEvGpeXruptHandler
                0x00000000c000a749                AcpiEvInstallSciHandler
                0x00000000c000a77f                AcpiEvRemoveAllSciHandlers
 .text          0x00000000c000a808      0xcf1 acpica/evxface.32
                0x00000000c000a808                AcpiInstallNotifyHandler
                0x00000000c000aa63                AcpiRemoveNotifyHandler
                0x00000000c000ac87                AcpiInstallExceptionHandler
                0x00000000c000acd4                AcpiInstallSciHandler
                0x00000000c000adc2                AcpiRemoveSciHandler
                0x00000000c000aea7                AcpiInstallGlobalEventHandler
                0x00000000c000af09                AcpiInstallFixedEventHandler
                0x00000000c000afe4                AcpiRemoveFixedEventHandler
                0x00000000c000b27c                AcpiInstallGpeHandler
                0x00000000c000b2a6                AcpiInstallGpeRawHandler
                0x00000000c000b2d0                AcpiRemoveGpeHandler
                0x00000000c000b460                AcpiAcquireGlobalLock
                0x00000000c000b4bf                AcpiReleaseGlobalLock
 .text          0x00000000c000b4f9      0x38d acpica/evxfevnt.32
                0x00000000c000b4f9                AcpiEnable
                0x00000000c000b56b                AcpiDisable
                0x00000000c000b5cc                AcpiEnableEvent
                0x00000000c000b69a                AcpiDisableEvent
                0x00000000c000b767                AcpiClearEvent
                0x00000000c000b7bc                AcpiGetEventStatus
 .text          0x00000000c000b886      0xa22 acpica/evxfgpe.32
                0x00000000c000b886                AcpiUpdateAllGpes
                0x00000000c000b911                AcpiEnableGpe
                0x00000000c000b991                AcpiDisableGpe
                0x00000000c000b9f6                AcpiSetGpe
                0x00000000c000baa1                AcpiMaskGpe
                0x00000000c000bb13                AcpiMarkGpeForWake
                0x00000000c000bb7f                AcpiSetupGpeForWake
                0x00000000c000bd05                AcpiSetGpeWakeMask
                0x00000000c000be0f                AcpiClearGpe
                0x00000000c000be7d                AcpiGetGpeStatus
                0x00000000c000beee                AcpiDispatchGpe
                0x00000000c000bf09                AcpiFinishGpe
                0x00000000c000bf70                AcpiDisableAllGpes
                0x00000000c000bfab                AcpiEnableAllRuntimeGpes
                0x00000000c000bfe6                AcpiEnableAllWakeupGpes
                0x00000000c000c021                AcpiInstallGpeBlock
                0x00000000c000c171                AcpiRemoveGpeBlock
                0x00000000c000c23a                AcpiGetGpeDevice
 .text          0x00000000c000c2a8      0x1f7 acpica/evxfregn.32
                0x00000000c000c2a8                AcpiInstallAddressSpaceHandler
                0x00000000c000c34e                AcpiRemoveAddressSpaceHandler
 .text          0x00000000c000c49f      0x4fd acpica/exconcat.32
                0x00000000c000c53c                AcpiExDoConcatenate
                0x00000000c000c89a                AcpiExConcatTemplate
 .text          0x00000000c000c99c      0x62b acpica/exconfig.32
                0x00000000c000ca5f                AcpiExUnloadTable
                0x00000000c000cb16                AcpiExLoadTableOp
                0x00000000c000cd37                AcpiExLoadOp
 .text          0x00000000c000cfc7      0x74e acpica/exconvrt.32
                0x00000000c000cfc7                AcpiExConvertToInteger
                0x00000000c000d126                AcpiExConvertToBuffer
                0x00000000c000d384                AcpiExConvertToString
                0x00000000c000d5ce                AcpiExConvertToTargetType
 .text          0x00000000c000d715      0x52a acpica/excreate.32
                0x00000000c000d715                AcpiExCreateAlias
                0x00000000c000d797                AcpiExCreateEvent
                0x00000000c000d81a                AcpiExCreateMutex
                0x00000000c000d8c7                AcpiExCreateRegion
                0x00000000c000da27                AcpiExCreateProcessor
                0x00000000c000dad0                AcpiExCreatePowerResource
                0x00000000c000db64                AcpiExCreateMethod
 .text          0x00000000c000dc3f      0x557 acpica/exdebug.32
                0x00000000c000dc3f                AcpiExDoDebugObject
 .text          0x00000000c000e196        0x0 acpica/exdump.32
 .text          0x00000000c000e196      0x4d5 acpica/exfield.32
                0x00000000c000e196                AcpiExGetProtocolBufferLength
                0x00000000c000e1ea                AcpiExReadDataFromField
                0x00000000c000e411                AcpiExWriteDataToField
 .text          0x00000000c000e66b      0xed6 acpica/exfldio.32
                0x00000000c000e8ae                AcpiExAccessRegion
                0x00000000c000ea40                AcpiExInsertIntoField
                0x00000000c000f017                AcpiExWriteWithUpdateRule
                0x00000000c000f209                AcpiExExtractFromField
 .text          0x00000000c000f541      0x664 acpica/exmisc.32
                0x00000000c000f541                AcpiExGetObjectReference
                0x00000000c000f63c                AcpiExDoMathOp
                0x00000000c000f80d                AcpiExDoLogicalNumericOp
                0x00000000c000f911                AcpiExDoLogicalOp
 .text          0x00000000c000fba5      0x5d0 acpica/exmutex.32
                0x00000000c000fba5                AcpiExUnlinkMutex
                0x00000000c000fc4b                AcpiExAcquireMutexObject
                0x00000000c000fd20                AcpiExAcquireMutex
                0x00000000c000fe67                AcpiExReleaseMutexObject
                0x00000000c000ff06                AcpiExReleaseMutex
                0x00000000c00100e3                AcpiExReleaseAllMutexes
 .text          0x00000000c0010175      0x457 acpica/exnames.32
                0x00000000c001034d                AcpiExGetNameString
 .text          0x00000000c00105cc     0x1142 acpica/exoparg1.32
                0x00000000c00105cc                AcpiExOpcode_0A_0T_1R
                0x00000000c0010682                AcpiExOpcode_1A_0T_0R
                0x00000000c0010784                AcpiExOpcode_1A_1T_0R
                0x00000000c00107fe                AcpiExOpcode_1A_1T_1R
                0x00000000c0010fce                AcpiExOpcode_1A_0T_1R
 .text          0x00000000c001170e      0x8df acpica/exoparg2.32
                0x00000000c001170e                AcpiExOpcode_2A_0T_0R
                0x00000000c00117df                AcpiExOpcode_2A_2T_1R
                0x00000000c001195f                AcpiExOpcode_2A_1T_1R
                0x00000000c0011e0c                AcpiExOpcode_2A_0T_1R
 .text          0x00000000c0011fed      0x33c acpica/exoparg3.32
                0x00000000c0011fed                AcpiExOpcode_3A_0T_0R
                0x00000000c00120ec                AcpiExOpcode_3A_1T_1R
 .text          0x00000000c0012329      0x36c acpica/exoparg6.32
                0x00000000c0012436                AcpiExOpcode_6A_0T_1R
 .text          0x00000000c0012695      0x53f acpica/exprep.32
                0x00000000c001274f                AcpiExPrepCommonFieldObject
                0x00000000c00127e7                AcpiExPrepFieldValue
 .text          0x00000000c0012bd4      0x4b7 acpica/exregion.32
                0x00000000c0012bd4                AcpiExSystemMemorySpaceHandler
                0x00000000c0012ed9                AcpiExSystemIoSpaceHandler
                0x00000000c0012f56                AcpiExPciConfigSpaceHandler
                0x00000000c0012fe7                AcpiExCmosSpaceHandler
                0x00000000c0013005                AcpiExPciBarSpaceHandler
                0x00000000c0013023                AcpiExDataTableSpaceHandler
 .text          0x00000000c001308b      0x360 acpica/exresnte.32
                0x00000000c001308b                AcpiExResolveNodeToValue
 .text          0x00000000c00133eb      0x61b acpica/exresolv.32
                0x00000000c001362c                AcpiExResolveToValue
                0x00000000c00136ec                AcpiExResolveMultiple
 .text          0x00000000c0013a06      0x7cc acpica/exresop.32
                0x00000000c0013a93                AcpiExResolveOperands
 .text          0x00000000c00141d2      0x3a2 acpica/exserial.32
                0x00000000c00141d2                AcpiExReadGpio
                0x00000000c001421c                AcpiExWriteGpio
                0x00000000c0014280                AcpiExReadSerialBus
                0x00000000c00143d8                AcpiExWriteSerialBus
 .text          0x00000000c0014574      0x588 acpica/exstore.32
                0x00000000c001478b                AcpiExStoreObjectToNode
                0x00000000c001497a                AcpiExStore
 .text          0x00000000c0014afc      0x296 acpica/exstoren.32
                0x00000000c0014afc                AcpiExResolveObject
                0x00000000c0014c1a                AcpiExStoreObjectToObject
 .text          0x00000000c0014d92      0x202 acpica/exstorob.32
                0x00000000c0014d92                AcpiExStoreBufferToBuffer
                0x00000000c0014e89                AcpiExStoreStringToString
 .text          0x00000000c0014f94      0x206 acpica/exsystem.32
                0x00000000c0014f94                AcpiExSystemWaitSemaphore
                0x00000000c0014fee                AcpiExSystemWaitMutex
                0x00000000c0015048                AcpiExSystemDoStall
                0x00000000c0015094                AcpiExSystemDoSleep
                0x00000000c00150e8                AcpiExSystemSignalEvent
                0x00000000c0015117                AcpiExSystemWaitEvent
                0x00000000c0015151                AcpiExSystemResetEvent
 .text          0x00000000c001519a      0x1ec acpica/extrace.32
                0x00000000c0015205                AcpiExTracePoint
                0x00000000c0015214                AcpiExStartTraceMethod
                0x00000000c00152cb                AcpiExStopTraceMethod
                0x00000000c0015356                AcpiExStartTraceOpcode
                0x00000000c001536e                AcpiExStopTraceOpcode
 .text          0x00000000c0015386      0x525 acpica/exutils.32
                0x00000000c0015386                AcpiExEnterInterpreter
                0x00000000c00153f0                AcpiExExitInterpreter
                0x00000000c001545a                AcpiExTruncateFor32bitTable
                0x00000000c00154c0                AcpiExAcquireGlobalLock
                0x00000000c0015517                AcpiExReleaseGlobalLock
                0x00000000c00155ef                AcpiExEisaIdToString
                0x00000000c0015710                AcpiExIntegerToString
                0x00000000c0015789                AcpiExPciClsToString
                0x00000000c001587e                AcpiIsValidSpaceId
 .text          0x00000000c00158ab      0x1ae acpica/hwacpi.32
                0x00000000c00158ab                AcpiHwGetMode
                0x00000000c0015907                AcpiHwSetMode
 .text          0x00000000c0015a59      0x1d2 acpica/hwesleep.32
                0x00000000c0015a59                AcpiHwExecuteSleepMethod
                0x00000000c0015ac5                AcpiHwExtendedSleep
                0x00000000c0015b8d                AcpiHwExtendedWakePrep
                0x00000000c0015bd0                AcpiHwExtendedWake
 .text          0x00000000c0015c2b      0x55c acpica/hwgpe.32
                0x00000000c0015c2b                AcpiHwGetGpeRegisterBit
                0x00000000c0015c55                AcpiHwLowSetGpe
                0x00000000c0015d8c                AcpiHwClearGpe
                0x00000000c0015dda                AcpiHwGetGpeStatus
                0x00000000c0015f7d                AcpiHwDisableGpeBlock
                0x00000000c0015fd9                AcpiHwEnableRuntimeGpeBlock
                0x00000000c00160c6                AcpiHwClearGpeBlock
                0x00000000c0016127                AcpiHwDisableAllGpes
                0x00000000c0016147                AcpiHwEnableAllRuntimeGpes
                0x00000000c0016167                AcpiHwEnableAllWakeupGpes
 .text          0x00000000c0016187      0x338 acpica/hwpci.32
                0x00000000c0016465                AcpiHwDerivePciId
 .text          0x00000000c00164bf      0xbfa acpica/hwregs.32
                0x00000000c00166dc                AcpiHwValidateRegister
                0x00000000c001681d                AcpiHwRead
                0x00000000c0016a13                AcpiHwWrite
                0x00000000c0016bc3                AcpiHwGetBitRegisterInfo
                0x00000000c0016bfd                AcpiHwWritePm1Control
                0x00000000c0016d15                AcpiHwRegisterRead
                0x00000000c0016ec4                AcpiHwRegisterWrite
                0x00000000c001704c                AcpiHwClearAcpiStatus
 .text          0x00000000c00170b9      0x291 acpica/hwsleep.32
                0x00000000c00170b9                AcpiHwLegacySleep
                0x00000000c0017221                AcpiHwLegacyWakePrep
                0x00000000c00172b7                AcpiHwLegacyWake
 .text          0x00000000c001734a      0x120 acpica/hwtimer.32
                0x00000000c001734a                AcpiGetTimerResolution
                0x00000000c0017373                AcpiGetTimer
                0x00000000c00173be                AcpiGetTimerDuration
 .text          0x00000000c001746a      0x331 acpica/hwvalid.32
                0x00000000c00175d3                AcpiHwReadPort
                0x00000000c00176c5                AcpiHwWritePort
 .text          0x00000000c001779b      0x47c acpica/hwxface.32
                0x00000000c001779b                AcpiReset
                0x00000000c0017833                AcpiRead
                0x00000000c0017852                AcpiWrite
                0x00000000c0017880                AcpiReadBitRegister
                0x00000000c00178fa                AcpiWriteBitRegister
                0x00000000c0017a1a                AcpiGetSleepTypeData
 .text          0x00000000c0017c17      0x1fa acpica/hwxfsleep.32
                0x00000000c0017c48                AcpiSetFirmwareWakingVector
                0x00000000c0017c87                AcpiEnterSleepStateS4bios
                0x00000000c0017d0b                AcpiEnterSleepStatePrep
                0x00000000c0017da5                AcpiEnterSleepState
                0x00000000c0017df3                AcpiLeaveSleepStatePrep
                0x00000000c0017e02                AcpiLeaveSleepState
 .text          0x00000000c0017e11      0x7cd acpica/nsaccess.32
                0x00000000c0017e11                AcpiNsRootInitialize
                0x00000000c0018188                AcpiNsLookup
 .text          0x00000000c00185de      0x44a acpica/nsalloc.32
                0x00000000c00185de                AcpiNsCreateNode
                0x00000000c001861a                AcpiNsDeleteNode
                0x00000000c00186b6                AcpiNsRemoveNode
                0x00000000c001871f                AcpiNsInstallNode
                0x00000000c00187d3                AcpiNsDeleteChildren
                0x00000000c0018847                AcpiNsDeleteNamespaceSubtree
                0x00000000c00188fd                AcpiNsDeleteNamespaceByOwner
 .text          0x00000000c0018a28      0x3ca acpica/nsarguments.32
                0x00000000c0018a28                AcpiNsCheckArgumentTypes
                0x00000000c0018b30                AcpiNsCheckAcpiCompliance
                0x00000000c0018c83                AcpiNsCheckArgumentCount
 .text          0x00000000c0018df2      0x5e2 acpica/nsconvert.32
                0x00000000c0018df2                AcpiNsConvertToInteger
                0x00000000c0018f09                AcpiNsConvertToString
                0x00000000c001900c                AcpiNsConvertToBuffer
                0x00000000c0019165                AcpiNsConvertToUnicode
                0x00000000c0019229                AcpiNsConvertToResource
                0x00000000c00192dd                AcpiNsConvertToReference
 .text          0x00000000c00193d4        0x0 acpica/nsdump.32
 .text          0x00000000c00193d4        0x0 acpica/nsdumpdv.32
 .text          0x00000000c00193d4      0x38e acpica/nseval.32
                0x00000000c00193d4                AcpiNsEvaluate
 .text          0x00000000c0019762      0x6b7 acpica/nsinit.32
                0x00000000c001997b                AcpiNsInitializeObjects
                0x00000000c00199dc                AcpiNsInitializeDevices
                0x00000000c0019ba6                AcpiNsInitOnePackage
 .text          0x00000000c0019e19       0xdb acpica/nsload.32
                0x00000000c0019e19                AcpiNsLoadTable
 .text          0x00000000c0019ef4      0x592 acpica/nsnames.32
                0x00000000c0019ef4                AcpiNsHandleToName
                0x00000000c0019f67                AcpiNsBuildNormalizedPath
                0x00000000c001a0c0                AcpiNsGetPathnameLength
                0x00000000c001a117                AcpiNsHandleToPathname
                0x00000000c001a1a5                AcpiNsGetNormalizedPathname
                0x00000000c001a228                AcpiNsGetExternalPathname
                0x00000000c001a33c                AcpiNsBuildPrefixedPathname
 .text          0x00000000c001a486      0x45a acpica/nsobject.32
                0x00000000c001a486                AcpiNsDetachObject
                0x00000000c001a572                AcpiNsAttachObject
                0x00000000c001a6e0                AcpiNsGetAttachedObject
                0x00000000c001a748                AcpiNsGetSecondaryObject
                0x00000000c001a77e                AcpiNsAttachData
                0x00000000c001a81c                AcpiNsDetachData
                0x00000000c001a894                AcpiNsGetAttachedData
 .text          0x00000000c001a8e0      0x359 acpica/nsparse.32
                0x00000000c001a8e0                AcpiNsExecuteTable
                0x00000000c001aa8a                AcpiNsOneCompleteParse
                0x00000000c001ac1a                AcpiNsParseTable
 .text          0x00000000c001ac39      0x3b5 acpica/nspredef.32
                0x00000000c001ad06                AcpiNsCheckObjectType
                0x00000000c001aed7                AcpiNsCheckReturnValue
 .text          0x00000000c001afee      0x9d3 acpica/nsprepkg.32
                0x00000000c001b536                AcpiNsCheckPackage
 .text          0x00000000c001b9c1      0x47e acpica/nsrepair.32
                0x00000000c001ba25                AcpiNsRepairNullElement
                0x00000000c001bade                AcpiNsRemoveNullElements
                0x00000000c001bb72                AcpiNsWrapWithPackage
                0x00000000c001bbc0                AcpiNsSimpleRepair
 .text          0x00000000c001be3f      0x9f8 acpica/nsrepair2.32
                0x00000000c001c21f                AcpiNsComplexRepairs
 .text          0x00000000c001c837      0x27a acpica/nssearch.32
                0x00000000c001c837                AcpiNsSearchOneScope
                0x00000000c001c8ff                AcpiNsSearchAndEnter
 .text          0x00000000c001cab1      0x819 acpica/nsutils.32
                0x00000000c001cab1                AcpiNsPrintNodePathname
                0x00000000c001cb31                AcpiNsGetType
                0x00000000c001cb69                AcpiNsLocal
                0x00000000c001cbb7                AcpiNsGetInternalNameLength
                0x00000000c001cc90                AcpiNsBuildInternalName
                0x00000000c001ce37                AcpiNsInternalizeName
                0x00000000c001ceca                AcpiNsExternalizeName
                0x00000000c001d10e                AcpiNsValidateHandle
                0x00000000c001d13a                AcpiNsTerminate
                0x00000000c001d18b                AcpiNsOpensScope
                0x00000000c001d1ca                AcpiNsGetNodeUnlocked
                0x00000000c001d280                AcpiNsGetNode
 .text          0x00000000c001d2ca      0x264 acpica/nswalk.32
                0x00000000c001d2ca                AcpiNsGetNextNode
                0x00000000c001d2e3                AcpiNsGetNextNodeTyped
                0x00000000c001d338                AcpiNsWalkNamespace
 .text          0x00000000c001d52e      0x94e acpica/nsxfeval.32
                0x00000000c001d79a                AcpiEvaluateObject
                0x00000000c001da53                AcpiEvaluateObjectTyped
                0x00000000c001dbcb                AcpiWalkNamespace
                0x00000000c001dc89                AcpiGetDevices
                0x00000000c001dcfc                AcpiAttachData
                0x00000000c001dd7f                AcpiDetachData
                0x00000000c001ddf9                AcpiGetData
 .text          0x00000000c001de7c      0x7f2 acpica/nsxfname.32
                0x00000000c001de7c                AcpiGetHandle
                0x00000000c001df33                AcpiGetName
                0x00000000c001e013                AcpiGetObjectInfo
                0x00000000c001e42a                AcpiInstallMethod
 .text          0x00000000c001e66e      0x1f1 acpica/nsxfobj.32
                0x00000000c001e66e                AcpiGetType
                0x00000000c001e700                AcpiGetParent
                0x00000000c001e78e                AcpiGetNextObject
 .text          0x00000000c001e85f      0xb9c acpica/psargs.32
                0x00000000c001e8da                AcpiPsGetNextPackageEnd
                0x00000000c001e901                AcpiPsGetNextNamestring
                0x00000000c001e987                AcpiPsGetNextNamepath
                0x00000000c001ebc9                AcpiPsGetNextSimpleArg
                0x00000000c001f0db                AcpiPsGetNextArg
 .text          0x00000000c001f3fb      0x8ef acpica/psloop.32
                0x00000000c001f61e                AcpiPsParseLoop
 .text          0x00000000c001fcea      0xb0d acpica/psobject.32
                0x00000000c001fe2f                AcpiPsBuildNamedOp
                0x00000000c001fff1                AcpiPsCreateOp
                0x00000000c0020250                AcpiPsCompleteOp
                0x00000000c0020668                AcpiPsCompleteFinalOp
 .text          0x00000000c00207f7        0x0 acpica/psopcode.32
 .text          0x00000000c00207f7       0x97 acpica/psopinfo.32
                0x00000000c00207f7                AcpiPsGetOpcodeInfo
                0x00000000c0020861                AcpiPsGetOpcodeName
                0x00000000c0020875                AcpiPsGetArgumentCount
 .text          0x00000000c002088e      0x936 acpica/psparse.32
                0x00000000c002088e                AcpiPsGetOpcodeSize
                0x00000000c00208a8                AcpiPsPeekOpcode
                0x00000000c00208ea                AcpiPsCompleteThisOp
                0x00000000c0020c00                AcpiPsNextParseState
                0x00000000c0020d58                AcpiPsParseAml
 .text          0x00000000c00211c4      0x1f4 acpica/psscope.32
                0x00000000c00211c4                AcpiPsGetParentScope
                0x00000000c00211d2                AcpiPsHasCompletedScope
                0x00000000c0021206                AcpiPsInitScope
                0x00000000c002126c                AcpiPsPushScope
                0x00000000c00212ef                AcpiPsPopScope
                0x00000000c0021377                AcpiPsCleanupScope
 .text          0x00000000c00213b8      0x218 acpica/pstree.32
                0x00000000c00213b8                AcpiPsGetArg
                0x00000000c0021430                AcpiPsAppendArg
                0x00000000c0021506                AcpiPsGetDepthNext
 .text          0x00000000c00215d0      0x1cc acpica/psutils.32
                0x00000000c00215d0                AcpiPsInitOp
                0x00000000c00215f1                AcpiPsAllocOp
                0x00000000c00216bb                AcpiPsCreateScopeOp
                0x00000000c00216f0                AcpiPsFreeOp
                0x00000000c0021733                AcpiPsIsLeadingChar
                0x00000000c0021759                AcpiPsGetName
                0x00000000c002177b                AcpiPsSetName
 .text          0x00000000c002179c       0x99 acpica/pswalk.32
                0x00000000c002179c                AcpiPsDeleteParseTree
 .text          0x00000000c0021835      0x4a2 acpica/psxface.32
                0x00000000c0021835                AcpiDebugTrace
                0x00000000c002188f                AcpiPsExecuteTable
                0x00000000c0021a6a                AcpiPsExecuteMethod
 .text          0x00000000c0021cd7       0xf7 acpica/rsaddr.32
                0x00000000c0021cd7                AcpiRsGetAddressCommon
                0x00000000c0021d5f                AcpiRsSetAddressCommon
 .text          0x00000000c0021dce      0x7f5 acpica/rscalc.32
                0x00000000c0021e44                AcpiRsGetAmlLength
                0x00000000c00220fe                AcpiRsGetListLength
                0x00000000c002249a                AcpiRsGetPciRoutingTableLength
 .text          0x00000000c00225c3      0x567 acpica/rscreate.32
                0x00000000c00225c3                AcpiBufferToResource
                0x00000000c002267e                AcpiRsCreateResourceList
                0x00000000c002271a                AcpiRsCreatePciRoutingTable
                0x00000000c0022aa1                AcpiRsCreateAmlResources
 .text          0x00000000c0022b2a        0x0 acpica/rsdump.32
 .text          0x00000000c0022b2a        0x0 acpica/rsdumpinfo.32
 .text          0x00000000c0022b2a        0x0 acpica/rsinfo.32
 .text          0x00000000c0022b2a        0x0 acpica/rsio.32
 .text          0x00000000c0022b2a        0x0 acpica/rsirq.32
 .text          0x00000000c0022b2a      0x2a0 acpica/rslist.32
                0x00000000c0022b2a                AcpiRsConvertAmlToResources
                0x00000000c0022c3e                AcpiRsConvertResourcesToAml
 .text          0x00000000c0022dca        0x0 acpica/rsmemory.32
 .text          0x00000000c0022dca      0xd8c acpica/rsmisc.32
                0x00000000c0022dca                AcpiRsConvertAmlToResource
                0x00000000c0023555                AcpiRsConvertResourceToAml
 .text          0x00000000c0023b56        0x0 acpica/rsserial.32
 .text          0x00000000c0023b56      0x61c acpica/rsutils.32
                0x00000000c0023b56                AcpiRsDecodeBitmask
                0x00000000c0023ba4                AcpiRsEncodeBitmask
                0x00000000c0023bf5                AcpiRsMoveData
                0x00000000c0023ccd                AcpiRsSetResourceLength
                0x00000000c0023d25                AcpiRsSetResourceHeader
                0x00000000c0023d9c                AcpiRsGetResourceSource
                0x00000000c0023e75                AcpiRsSetResourceSource
                0x00000000c0023eda                AcpiRsGetPrtMethodData
                0x00000000c0023f2d                AcpiRsGetCrsMethodData
                0x00000000c0023f80                AcpiRsGetPrsMethodData
                0x00000000c0023fd3                AcpiRsGetAeiMethodData
                0x00000000c0024026                AcpiRsGetMethodData
                0x00000000c0024077                AcpiRsSetSrsMethodData
 .text          0x00000000c0024172      0x698 acpica/rsxface.32
                0x00000000c00242b1                AcpiGetIrqRoutingTable
                0x00000000c00242f4                AcpiGetCurrentResources
                0x00000000c0024337                AcpiGetPossibleResources
                0x00000000c002437a                AcpiSetCurrentResources
                0x00000000c00243dd                AcpiGetEventResources
                0x00000000c0024420                AcpiResourceToAddress64
                0x00000000c0024641                AcpiWalkResourceBuffer
                0x00000000c00246ff                AcpiWalkResources
                0x00000000c00247b4                AcpiGetVendorResource
 .text          0x00000000c002480a      0xd8f acpica/tbdata.32
                0x00000000c002480a                AcpiTbInitTableDescriptor
                0x00000000c0024869                AcpiTbAcquireTable
                0x00000000c00248f1                AcpiTbReleaseTable
                0x00000000c00249cd                AcpiTbAcquireTempTable
                0x00000000c0024a94                AcpiTbValidateTable
                0x00000000c0024ae4                AcpiTbInvalidateTable
                0x00000000c0024b27                AcpiTbReleaseTempTable
                0x00000000c0024b3e                AcpiTbValidateTempTable
                0x00000000c0024c23                AcpiTbVerifyTempTable
                0x00000000c0024de9                AcpiTbResizeRootTableList
                0x00000000c0024f9b                AcpiTbGetNextTableDescriptor
                0x00000000c0025018                AcpiTbTerminate
                0x00000000c00250b8                AcpiTbDeleteNamespaceByOwner
                0x00000000c0025171                AcpiTbAllocateOwnerId
                0x00000000c00251d9                AcpiTbReleaseOwnerId
                0x00000000c0025245                AcpiTbGetOwnerId
                0x00000000c00252ab                AcpiTbIsTableLoaded
                0x00000000c002530f                AcpiTbSetTableLoadedFlag
                0x00000000c00253db                AcpiTbNotifyTable
                0x00000000c0025407                AcpiTbLoadTable
                0x00000000c0025490                AcpiTbInstallAndLoadTable
                0x00000000c0025505                AcpiTbUnloadTable
 .text          0x00000000c0025599      0x8f3 acpica/tbfadt.32
                0x00000000c0025cbb                AcpiTbCreateLocalFadt
                0x00000000c0025d5e                AcpiTbParseFadt
 .text          0x00000000c0025e8c      0x27a acpica/tbfind.32
                0x00000000c0025e8c                AcpiTbFindTable
 .text          0x00000000c0026106      0x47b acpica/tbinstal.32
                0x00000000c0026106                AcpiTbUninstallTable
                0x00000000c0026173                AcpiTbOverrideTable
                0x00000000c00262f9                AcpiTbInstallTableWithOverride
                0x00000000c00263d9                AcpiTbInstallStandardTable
 .text          0x00000000c0026581      0x2ae acpica/tbprint.32
                0x00000000c0026625                AcpiTbPrintTableHeader
                0x00000000c002677d                AcpiTbChecksum
                0x00000000c00267af                AcpiTbVerifyChecksum
 .text          0x00000000c002682f      0x609 acpica/tbutils.32
                0x00000000c002682f                AcpiTbInitializeFacs
                0x00000000c00268d3                AcpiTbCheckDsdtHeader
                0x00000000c002695d                AcpiTbCopyDsdt
                0x00000000c0026ac2                AcpiTbParseRootTable
                0x00000000c0026d54                AcpiTbGetTable
                0x00000000c0026dd3                AcpiTbPutTable
 .text          0x00000000c0026e38      0x62b acpica/tbxface.32
                0x00000000c0026e38                AcpiAllocateRootTable
                0x00000000c0026e54                AcpiInitializeTables
                0x00000000c0026f1e                AcpiReallocateRootTable
                0x00000000c0027068                AcpiGetTableHeader
                0x00000000c00271e8                AcpiGetTable
                0x00000000c00272a9                AcpiPutTable
                0x00000000c002732b                AcpiGetTableByIndex
                0x00000000c00273ab                AcpiInstallTableHandler
                0x00000000c002740d                AcpiRemoveTableHandler
 .text          0x00000000c0027463      0x519 acpica/tbxfload.32
                0x00000000c0027463                AcpiTbLoadNamespace
                0x00000000c0027705                AcpiLoadTables
                0x00000000c002778a                AcpiInstallTable
                0x00000000c00277da                AcpiLoadTable
                0x00000000c002783b                AcpiUnloadParentTable
                0x00000000c0027953                AcpiUnloadTable
 .text          0x00000000c002797c      0x2e0 acpica/tbxfroot.32
                0x00000000c002797c                AcpiTbGetRsdpLength
                0x00000000c00279bc                AcpiTbValidateRsdp
                0x00000000c0027a2a                AcpiTbScanMemoryForRsdp
                0x00000000c0027a72                AcpiFindRootPointer
 .text          0x00000000c0027c5c      0x31c acpica/utaddress.32
                0x00000000c0027c5c                AcpiUtAddAddressRange
                0x00000000c0027d06                AcpiUtRemoveAddressRange
                0x00000000c0027d8d                AcpiUtCheckAddressRange
                0x00000000c0027f1e                AcpiUtDeleteAddressLists
 .text          0x00000000c0027f78      0x28d acpica/utalloc.32
                0x00000000c0027f78                AcpiOsAllocateZeroed
                0x00000000c0027fad                AcpiUtCreateCaches
                0x00000000c0028071                AcpiUtDeleteCaches
                0x00000000c0028105                AcpiUtValidateBuffer
                0x00000000c0028151                AcpiUtInitializeBuffer
 .text          0x00000000c0028205       0xeb acpica/utascii.32
                0x00000000c0028205                AcpiUtValidNameChar
                0x00000000c0028247                AcpiUtValidNameseg
                0x00000000c0028287                AcpiUtCheckAndRepairAscii
 .text          0x00000000c00282f0      0x2b9 acpica/utbuffer.32
                0x00000000c00282f0                AcpiUtDumpBuffer
                0x00000000c0028571                AcpiUtDebugDumpBuffer
 .text          0x00000000c00285a9      0x2d4 acpica/utcache.32
                0x00000000c00285a9                AcpiOsCreateCache
                0x00000000c0028631                AcpiOsPurgeCache
                0x00000000c00286b1                AcpiOsDeleteCache
                0x00000000c00286e8                AcpiOsReleaseObject
                0x00000000c002879b                AcpiOsAcquireObject
 .text          0x00000000c002887d      0x6ff acpica/utclib.32
                0x00000000c002887d                memcmp
                0x00000000c00288d5                memmove
                0x00000000c0028942                memcpy
                0x00000000c00289b9                memset
                0x00000000c00289e2                strlen
                0x00000000c0028a05                strpbrk
                0x00000000c0028a47                strtok
                0x00000000c0028ad5                strcpy
                0x00000000c0028b07                strncpy
                0x00000000c0028b5b                strcmp
                0x00000000c0028b9d                strchr
                0x00000000c0028bc6                strncmp
                0x00000000c0028c22                strcat
                0x00000000c0028c63                strncat
                0x00000000c0028cbf                strstr
                0x00000000c0028d12                toupper
                0x00000000c0028d38                tolower
                0x00000000c0028d5e                simple_strtoul
 .text          0x00000000c0028f7c      0xaf8 acpica/utcopy.32
                0x00000000c00292d9                AcpiUtCopyIobjectToEobject
                0x00000000c002950b                AcpiUtCopyEobjectToIobject
                0x00000000c00299d9                AcpiUtCopyIobjectToIobject
 .text          0x00000000c0029a74        0x0 acpica/utdebug.32
 .text          0x00000000c0029a74      0x1db acpica/utdecode.32
                0x00000000c0029a74                AcpiUtGetRegionName
                0x00000000c0029ac2                AcpiUtGetEventName
                0x00000000c0029ade                AcpiUtGetTypeName
                0x00000000c0029afa                AcpiUtGetObjectTypeName
                0x00000000c0029b3f                AcpiUtGetNodeName
                0x00000000c0029b9a                AcpiUtGetDescriptorName
                0x00000000c0029bcd                AcpiUtGetReferenceName
                0x00000000c0029c22                AcpiUtGetMutexName
                0x00000000c0029c3e                AcpiUtValidObjectType
 .text          0x00000000c0029c4f      0x83c acpica/utdelete.32
                0x00000000c0029c4f                AcpiUtRemoveReference
                0x00000000c002a186                AcpiUtUpdateObjectReference
                0x00000000c002a41d                AcpiUtAddReference
                0x00000000c002a44e                AcpiUtDeleteInternalObjectList
 .text          0x00000000c002a48b      0x28c acpica/uterror.32
                0x00000000c002a48b                AcpiUtPredefinedWarning
                0x00000000c002a4eb                AcpiUtPredefinedInfo
                0x00000000c002a54b                AcpiUtPredefinedBiosError
                0x00000000c002a5ab                AcpiUtPrefixedNamespaceError
                0x00000000c002a67c                AcpiUtMethodError
 .text          0x00000000c002a717      0x323 acpica/uteval.32
                0x00000000c002a717                AcpiUtEvaluateObject
                0x00000000c002a8f2                AcpiUtEvaluateNumericObject
                0x00000000c002a93f                AcpiUtExecute_STA
                0x00000000c002a9a3                AcpiUtExecutePowerMethods
 .text          0x00000000c002aa3a      0x124 acpica/utexcep.32
                0x00000000c002aa3a                AcpiUtValidateException
                0x00000000c002ab1c                AcpiFormatException
 .text          0x00000000c002ab5e        0x0 acpica/utglobal.32
 .text          0x00000000c002ab5e       0xea acpica/uthex.32
                0x00000000c002ab5e                AcpiUtHexToAsciiChar
                0x00000000c002abaa                AcpiUtAsciiCharToHex
                0x00000000c002abd1                AcpiUtAsciiToHexByte
 .text          0x00000000c002ac48      0x4eb acpica/utids.32
                0x00000000c002ac48                AcpiUtExecute_HID
                0x00000000c002ad28                AcpiUtExecute_UID
                0x00000000c002ae08                AcpiUtExecute_CID
                0x00000000c002b001                AcpiUtExecute_CLS
 .text          0x00000000c002b133      0x344 acpica/utinit.32
                0x00000000c002b1bb                AcpiUtInitGlobals
                0x00000000c002b41a                AcpiUtSubsystemShutdown
 .text          0x00000000c002b477      0x1c7 acpica/utlock.32
                0x00000000c002b477                AcpiUtCreateRwLock
                0x00000000c002b4c6                AcpiUtDeleteRwLock
                0x00000000c002b50f                AcpiUtAcquireReadLock
                0x00000000c002b58a                AcpiUtReleaseReadLock
                0x00000000c002b5fc                AcpiUtAcquireWriteLock
                0x00000000c002b622                AcpiUtReleaseWriteLock
 .text          0x00000000c002b63e      0x210 acpica/utmath.32
                0x00000000c002b63e                AcpiUtShortMultiply
                0x00000000c002b689                AcpiUtShortShiftLeft
                0x00000000c002b6d2                AcpiUtShortShiftRight
                0x00000000c002b71b                AcpiUtShortDivide
                0x00000000c002b7ac                AcpiUtDivide
 .text          0x00000000c002b84e      0x2ca acpica/utmisc.32
                0x00000000c002b84e                AcpiUtIsPciRootBridge
                0x00000000c002b88a                AcpiUtDwordByteSwap
                0x00000000c002b8b3                AcpiUtSetIntegerWidth
                0x00000000c002b8f4                AcpiUtCreateUpdateStateAndPush
                0x00000000c002b949                AcpiUtWalkPackageTree
 .text          0x00000000c002bb18      0x371 acpica/utmutex.32
                0x00000000c002bb83                AcpiUtMutexInitialize
                0x00000000c002bca5                AcpiUtMutexTerminate
                0x00000000c002bd22                AcpiUtAcquireMutex
                0x00000000c002bddd                AcpiUtReleaseMutex
 .text          0x00000000c002be89       0xd0 acpica/utnonansi.32
                0x00000000c002be89                AcpiUtStrlwr
                0x00000000c002bec9                AcpiUtStrupr
                0x00000000c002bf09                AcpiUtStricmp
 .text          0x00000000c002bf59      0x5ff acpica/utobject.32
                0x00000000c002bf59                AcpiUtValidInternalObject
                0x00000000c002bf7d                AcpiUtAllocateObjectDescDbg
                0x00000000c002bfc6                AcpiUtDeleteObjectDesc
                0x00000000c002c01b                AcpiUtCreateInternalObjectDbg
                0x00000000c002c0bd                AcpiUtCreatePackageObject
                0x00000000c002c131                AcpiUtCreateIntegerObject
                0x00000000c002c17d                AcpiUtCreateBufferObject
                0x00000000c002c224                AcpiUtCreateStringObject
                0x00000000c002c50f                AcpiUtGetObjectSize
 .text          0x00000000c002c558      0x4f3 acpica/utosi.32
                0x00000000c002c558                AcpiUtInitializeInterfaces
                0x00000000c002c5e2                AcpiUtInterfaceTerminate
                0x00000000c002c6b3                AcpiUtInstallInterface
                0x00000000c002c74c                AcpiUtRemoveInterface
                0x00000000c002c822                AcpiUtUpdateInterfaces
                0x00000000c002c8b3                AcpiUtGetInterface
                0x00000000c002c8f6                AcpiUtOsiImplementation
 .text          0x00000000c002ca4b      0x246 acpica/utownerid.32
                0x00000000c002ca4b                AcpiUtAllocateOwnerId
                0x00000000c002cbaf                AcpiUtReleaseOwnerId
 .text          0x00000000c002cc91       0xfd acpica/utpredef.32
                0x00000000c002cc91                AcpiUtGetNextPredefinedMethod
                0x00000000c002ccbb                AcpiUtMatchPredefinedMethod
                0x00000000c002cd0e                AcpiUtGetExpectedReturnTypes
 .text          0x00000000c002cd8e      0x9ed acpica/utprint.32
                0x00000000c002ceb8                AcpiUtScanNumber
                0x00000000c002cf3b                AcpiUtPrintNumber
                0x00000000c002d211                vsnprintf
                0x00000000c002d72a                snprintf
                0x00000000c002d753                sprintf
 .text          0x00000000c002d77b        0x0 acpica/utresdecode.32
 .text          0x00000000c002d77b      0x3ad acpica/utresrc.32
                0x00000000c002d77b                AcpiUtGetResourceType
                0x00000000c002d798                AcpiUtGetResourceLength
                0x00000000c002d7cb                AcpiUtValidateResource
                0x00000000c002d95e                AcpiUtGetResourceHeaderLength
                0x00000000c002d972                AcpiUtGetDescriptorLength
                0x00000000c002d99f                AcpiUtWalkAmlResources
                0x00000000c002dade                AcpiUtGetResourceEndTag
 .text          0x00000000c002db28      0x1ce acpica/utstate.32
                0x00000000c002db28                AcpiUtPushGenericState
                0x00000000c002db40                AcpiUtPopGenericState
                0x00000000c002db63                AcpiUtCreateGenericState
                0x00000000c002db8f                AcpiUtCreateThreadState
                0x00000000c002dc15                AcpiUtCreateUpdateState
                0x00000000c002dc56                AcpiUtCreatePkgState
                0x00000000c002dca2                AcpiUtCreateControlState
                0x00000000c002dcd2                AcpiUtDeleteGenericState
 .text          0x00000000c002dcf6      0x264 acpica/utstring.32
                0x00000000c002dcf6                AcpiUtPrintString
                0x00000000c002debf                AcpiUtRepairName
 .text          0x00000000c002df5a      0x425 acpica/utstrsuppt.32
                0x00000000c002df5a                AcpiUtRemoveLeadingZeros
                0x00000000c002df80                AcpiUtRemoveWhitespace
                0x00000000c002dfb5                AcpiUtRemoveHexPrefix
                0x00000000c002dff2                AcpiUtDetectHexPrefix
                0x00000000c002e020                AcpiUtDetectOctalPrefix
                0x00000000c002e205                AcpiUtConvertOctalString
                0x00000000c002e27f                AcpiUtConvertDecimalString
                0x00000000c002e302                AcpiUtConvertHexString
 .text          0x00000000c002e37f      0x238 acpica/utstrtoul64.32
                0x00000000c002e37f                AcpiUtStrtoul64
                0x00000000c002e491                AcpiUtImplicitStrtoul64
                0x00000000c002e50d                AcpiUtExplicitStrtoul64
 .text          0x00000000c002e5b7        0x0 acpica/uttrack.32
 .text          0x00000000c002e5b7        0x0 acpica/utuuid.32
 .text          0x00000000c002e5b7      0x641 acpica/utxface.32
                0x00000000c002e5b7                AcpiTerminate
                0x00000000c002e5d4                AcpiSubsystemStatus
                0x00000000c002e5ec                AcpiGetSystemInfo
                0x00000000c002e6a2                AcpiGetStatistics
                0x00000000c002e6f8                AcpiInstallInitializationHandler
                0x00000000c002e727                AcpiPurgeCachedObjects
                0x00000000c002e778                AcpiInstallInterface
                0x00000000c002e839                AcpiRemoveInterface
                0x00000000c002e8ad                AcpiInstallInterfaceHandler
                0x00000000c002e911                AcpiUpdateInterfaces
                0x00000000c002e96e                AcpiCheckAddressRange
                0x00000000c002e9de                AcpiDecodePldBuffer
 .text          0x00000000c002ebf8      0x245 acpica/utxferror.32
                0x00000000c002ebf8                AcpiError
                0x00000000c002ec41                AcpiException
                0x00000000c002ecb1                AcpiWarning
                0x00000000c002ecfa                AcpiInfo
                0x00000000c002ed3b                AcpiBiosError
                0x00000000c002ed84                AcpiBiosException
                0x00000000c002edf4                AcpiBiosWarning
 .text          0x00000000c002ee3d      0x218 acpica/utxfinit.32
                0x00000000c002ee3d                AcpiInitializeSubsystem
                0x00000000c002ef3b                AcpiEnableSubsystem
                0x00000000c002f006                AcpiInitializeObjects
 .text          0x00000000c002f055      0x129 acpica/utxfmutex.32
                0x00000000c002f0e9                AcpiAcquireMutex
                0x00000000c002f13a                AcpiReleaseMutex
 .text          0x00000000c002f17e      0xf7e core/malloc.32
                0x00000000c002f309                dlfree
                0x00000000c002f3fb                dlmalloc
                0x00000000c002fb5b                dlrealloc
                0x00000000c002fd10                dlmemalign
                0x00000000c002fe33                dlcalloc
                0x00000000c002fecd                dlcfree
                0x00000000c002fed2                dlindependent_calloc
                0x00000000c002fef7                dlindependent_comalloc
                0x00000000c002ff0e                dlvalloc
                0x00000000c002ff34                dlpvalloc
                0x00000000c002ff65                dlmalloc_trim
                0x00000000c002ff6d                dlmalloc_usable_size
                0x00000000c002ff9e                dlmallinfo
                0x00000000c0030066                dlmalloc_stats
                0x00000000c0030077                dlmallopt
 .text          0x00000000c00300fc        0x0 libk/string.32
 .text          0x00000000c00300fc       0x51 fs/fat/diskio.32
                0x00000000c00300fc                disk_status
                0x00000000c00300ff                disk_initialize
                0x00000000c0030102                disk_read
                0x00000000c0030118                disk_write
                0x00000000c003012e                disk_ioctl
 .text          0x00000000c003014d     0x66b0 fs/fat/ff.32
                0x00000000c0032de9                f_mount
                0x00000000c0032e47                f_open
                0x00000000c0033299                f_read
                0x00000000c00334eb                f_write
                0x00000000c003377a                f_sync
                0x00000000c003397b                f_close
                0x00000000c00339aa                f_lseek
                0x00000000c0033e88                f_opendir
                0x00000000c0033f8a                f_closedir
                0x00000000c0033fac                f_readdir
                0x00000000c0034047                f_stat
                0x00000000c00340d6                f_getfree
                0x00000000c0034291                f_truncate
                0x00000000c0034389                f_unlink
                0x00000000c003450d                f_mkdir
                0x00000000c003471b                f_rename
                0x00000000c00349f2                f_chmod
                0x00000000c0034ad0                f_utime
                0x00000000c0034bae                f_getlabel
                0x00000000c0034d4d                f_setlabel
                0x00000000c0034f99                f_forward
                0x00000000c0035170                f_mkfs
 .text          0x00000000c00367fd        0xa fs/fat/ffsystem.32
                0x00000000c00367fd                ff_memalloc
                0x00000000c0036802                ff_memfree
 .text          0x00000000c0036807      0x147 fs/fat/ffunicode.32
                0x00000000c0036807                ff_uni2oem
                0x00000000c0036851                ff_oem2uni
                0x00000000c003687e                ff_wtoupper
 .text          0x00000000c003694e      0x718 hal/libresample/samplerate.32
                0x00000000c003694e                src_delete
                0x00000000c003698a                src_process
                0x00000000c0036ace                src_callback_read
                0x00000000c0036c57                src_set_ratio
                0x00000000c0036cb7                src_get_channels
                0x00000000c0036cd9                src_reset
                0x00000000c0036d1d                src_new
                0x00000000c0036de2                src_callback_new
                0x00000000c0036e44                src_get_name
                0x00000000c0036e7b                src_get_description
                0x00000000c0036eb2                src_get_version
                0x00000000c0036eb8                src_is_valid_ratio
                0x00000000c0036ee0                src_error
                0x00000000c0036eee                src_strerror
                0x00000000c0036f01                src_simple
                0x00000000c0036f54                src_short_to_float_array
                0x00000000c0036f7a                src_float_to_short_array
                0x00000000c0036fde                src_int_to_float_array
                0x00000000c0037004                src_float_to_int_array
 .text          0x00000000c0037066      0x3e3 hal/libresample/src_linear.32
                0x00000000c00373a4                linear_get_name
                0x00000000c00373b3                linear_get_description
                0x00000000c00373c2                linear_set_converter
 *fill*         0x00000000c0037449        0x3 
 .text          0x00000000c003744c     0x1ad7 hal/libresample/src_sinc.32
                0x00000000c0038d33                sinc_get_name
                0x00000000c0038d46                sinc_get_description
                0x00000000c0038d59                sinc_set_converter
 .text          0x00000000c0038f23      0x3c4 hal/libresample/src_zoh.32
                0x00000000c0039242                zoh_get_name
                0x00000000c0039251                zoh_get_description
                0x00000000c0039260                zoh_set_converter
 *fill*         0x00000000c00392e7        0x1 
 .text          0x00000000c00392e8      0xb6d acpica/osl.32
                0x00000000c00392e8                Subhandler
                0x00000000c00392f8                isalnum
                0x00000000c0039320                isalpha
                0x00000000c0039334                isblank
                0x00000000c0039350                iscntrl
                0x00000000c003936c                isdigit
                0x00000000c0039380                islower
                0x00000000c0039394                ispunct
                0x00000000c00393d0                isgraph
                0x00000000c0039400                isprint
                0x00000000c0039420                isspace
                0x00000000c0039444                isupper
                0x00000000c0039458                isxdigit
                0x00000000c003947c                AcpiOsInitialize
                0x00000000c0039480                AcpiOsTerminate
                0x00000000c0039484                AcpiOsGetRootPointer
                0x00000000c00394b0                AcpiOsPredefinedOverride
                0x00000000c00394d4                AcpiOsTableOverride
                0x00000000c00394e4                AcpiOsPhysicalTableOverride
                0x00000000c00394f8                AcpiOsReadPort
                0x00000000c0039544                AcpiOsWritePort
                0x00000000c0039578                AcpiOsGetTimer
                0x00000000c0039594                AcpiOsWaitEventsComplete
                0x00000000c00395a8                AcpiOsReadPciConfiguration
                0x00000000c003961c                AcpiOsWritePciConfiguration
                0x00000000c00396a8                AcpiOsSignal
                0x00000000c00396dc                AcpiOsReadMemory
                0x00000000c0039774                AcpiOsEnterSleep
                0x00000000c0039778                AcpiOsWriteMemory
                0x00000000c00397f8                AcpiOsMapMemory
                0x00000000c00398b4                AcpiOsUnmapMemory
                0x00000000c00398b8                AcpiOsGetPhysicalAddress
                0x00000000c00398e0                AcpiOsAllocate
                0x00000000c00398e8                AcpiOsFree
                0x00000000c00398f0                AcpiOsReadable
                0x00000000c0039904                AcpiOsWritable
                0x00000000c0039918                AcpiOsGetThreadId
                0x00000000c0039920                AcpiOsExecute
                0x00000000c0039934                AcpiOsSleep
                0x00000000c0039954                AcpiOsStall
                0x00000000c00399a4                AcpiOsCreateSemaphore
                0x00000000c00399d4                AcpiOsDeleteSemaphore
                0x00000000c00399e8                AcpiOsWaitSemaphore
                0x00000000c0039a90                AcpiOsSignalSemaphore
                0x00000000c0039abc                AcpiOsCreateLock
                0x00000000c0039ad8                AcpiOsDeleteLock
                0x00000000c0039adc                AcpiOsAcquireLock
                0x00000000c0039ae4                AcpiOsReleaseLock
                0x00000000c0039aec                AcpiOsInstallInterruptHandler
                0x00000000c0039b2c                AcpiOsRemoveInterruptHandler
                0x00000000c0039b40                __i__int_str
                0x00000000c0039dd4                __i_displayCharacter
                0x00000000c0039df8                __i_displayString
                0x00000000c0039e4c                __i_internal_printf
                0x00000000c0039e50                AcpiOsVprintf
                0x00000000c0039e54                AcpiOsPrintf
 *fill*         0x00000000c0039e55        0x3 
 .text          0x00000000c0039e58      0x67b core/computer.32
                0x00000000c0039e58                Computer::close(int, int, void*)
                0x00000000c0039e9c                Computer::Computer()
                0x00000000c0039e9c                Computer::Computer()
                0x00000000c0039f2c                Computer::setBootMessage(char const*)
                0x00000000c0039f30                Computer::start()
                0x00000000c003a09c                firstTask()
                0x00000000c003a0ac                Computer::detectFeatures()
                0x00000000c003a28c                Computer::open(int, int, void*)
                0x00000000c003a354                Computer::displayFeatures()
                0x00000000c003a358                Computer::rdmsr(unsigned int)
                0x00000000c003a388                Computer::wrmsr(unsigned int, unsigned long long)
                0x00000000c003a3c4                Computer::nmiEnabled()
                0x00000000c003a3d0                Computer::enableNMI(bool)
                0x00000000c003a3f0                Computer::disableNMI()
                0x00000000c003a404                Computer::readCMOS(unsigned char)
                0x00000000c003a420                Computer::writeCMOS(unsigned char, unsigned char)
                0x00000000c003a440                Computer::handleNMI()
                0x00000000c003a4a8                Computer::setDiskActivityLight(int, bool)
 .text          0x00000000c003a4d3      0xe6e core/elf.32
                0x00000000c003a4d3                allocateMemoryForTask(Process*, File*, unsigned long, unsigned long, unsigned long)
                0x00000000c003a75d                loadProgramIntoMemory(Process*, char const*)
                0x00000000c003a982                runtimeReferenceHelper()
                0x00000000c003a995                getAddressOfKernelSymbol(char const*)
                0x00000000c003a9e4                loadKernelSymbolTable(char const*)
                0x00000000c003aca8                loadDriverIntoMemory(char const*, unsigned long)
                0x00000000c003b26a                loadDLL(char const*)
                0x00000000c003b333                executeDLL(unsigned long, void*)
 *fill*         0x00000000c003b341        0x3 
 .text          0x00000000c003b344       0xea core/gdt.32
                0x00000000c003b344                GDTEntry::setBase(unsigned int)
                0x00000000c003b360                GDTEntry::setLimit(unsigned int)
                0x00000000c003b380                GDT::GDT()
                0x00000000c003b380                GDT::GDT()
                0x00000000c003b38c                GDT::addEntry(GDTEntry)
                0x00000000c003b3ae                GDT::getNumberOfEntries()
                0x00000000c003b3b6                GDT::flush()
                0x00000000c003b3d8                GDT::setup()
 .text          0x00000000c003b42e       0x75 core/idle.32
                0x00000000c003b42e                idleFunction(void*)
 *fill*         0x00000000c003b4a3        0x1 
 .text          0x00000000c003b4a4      0x3a5 core/idt.32
                0x00000000c003b4a4                IDTEntry::IDTEntry(bool)
                0x00000000c003b4a4                IDTEntry::IDTEntry(bool)
                0x00000000c003b4d0                IDTEntry::setOffset(unsigned int)
                0x00000000c003b4e4                IDT::IDT()
                0x00000000c003b4e4                IDT::IDT()
                0x00000000c003b4e6                IDT::getPointerToInvalidOpcodeEntryForF00F()
                0x00000000c003b4ee                IDT::addEntry(IDTEntry, int)
                0x00000000c003b508                IDT::addEntry(int, void (*)(), bool)
                0x00000000c003b54a                IDT::flush()
                0x00000000c003b564                IDT::setup()
 *fill*         0x00000000c003b849        0x3 
 .text          0x00000000c003b84c      0x6a8 core/kconsole.32
                0x00000000c003b84c                stringifyxWithBase(unsigned int, char*, int)
                0x00000000c003b8b4                logc(char)
                0x00000000c003b8d0                logs(char*)
                0x00000000c003b904                logWriteInt(unsigned int)
                0x00000000c003b99c                logWriteIntBase(unsigned int, int)
                0x00000000c003ba30                kprintf(char const*, ...)
                0x00000000c003bba8                panic(char const*)
 .text          0x00000000c003bef4      0x1e4 core/kheap.32
                0x00000000c003bef4                sbrk
                0x00000000c003bfe3                mmap
                0x00000000c003bff9                munmap
                0x00000000c003c00f                liballoc_lock()
                0x00000000c003c020                liballoc_unlock()
                0x00000000c003c031                liballoc_alloc(int)
                0x00000000c003c04c                liballoc_free(void*, int)
                0x00000000c003c06a                realloc
                0x00000000c003c07e                malloc
                0x00000000c003c08e                free
                0x00000000c003c09e                rfree
                0x00000000c003c0ae                calloc
 .text          0x00000000c003c0d8      0x447 core/main.32
                0x00000000c003c0d8                hwTextMode_loadInData(VgaText*)
                0x00000000c003c124                hwTextMode_loadInTitle(VgaText*, char*)
                0x00000000c003c168                hwTextMode_update(VgaText*)
                0x00000000c003c16c                hwTextMode_updateCursor(VgaText*)
                0x00000000c003c1b4                hwTextMode_scrollScreen(VgaText*)
                0x00000000c003c23c                hwTextMode_writeCharacter(VgaText*, char, VgaColour, VgaColour, int, int)
                0x00000000c003c29c                hwTextMode_showCursor(VgaText*, bool)
                0x00000000c003c2f4                hwTextMode_disableBlink(VgaText*, bool)
                0x00000000c003c330                setupTextMode()
                0x00000000c003c384                kernel_main
 *fill*         0x00000000c003c51f        0x1 
 .text          0x00000000c003c520      0x534 core/physmgr.32
                0x00000000c003c520                PhysMem::allocateDMA(unsigned long)
                0x00000000c003c5cc                PhysMem::freeDMA(unsigned long, unsigned long)
                0x00000000c003c618                PhysMem::setPageState(unsigned long, bool)
                0x00000000c003c64c                PhysMem::getPageState(unsigned long)
                0x00000000c003c668                PhysMem::freePage(unsigned long)
                0x00000000c003c71c                PhysMem::allocatePage()
                0x00000000c003c800                PhysMem::allowSegmentToBeUsed(unsigned long, unsigned long)
                0x00000000c003c84c                PhysMem::physicalMemorySetup(unsigned int)
 .text          0x00000000c003ca54      0x235 core/pipe.32
                0x00000000c003ca54                Pipe::isAtty()
                0x00000000c003ca58                Pipe::~Pipe()
                0x00000000c003ca58                Pipe::~Pipe()
                0x00000000c003ca68                Pipe::~Pipe()
                0x00000000c003ca8c                Pipe::read(unsigned long long, void*, int*)
                0x00000000c003cb80                Pipe::write(unsigned long long, void*, int*)
                0x00000000c003cc48                Pipe::Pipe(int)
                0x00000000c003cc48                Pipe::Pipe(int)
 *fill*         0x00000000c003cc89        0x1 
 .text          0x00000000c003cc8a     0x15e0 core/prcssthr.32
                0x00000000c003cc8a                userModeEntryPoint(void*)
                0x00000000c003ccb0                changeTSS
                0x00000000c003ccde                Process::createThread(void (*)(void*), void*, int)
                0x00000000c003ce3e                Process::createUserThread()
                0x00000000c003ce5a                Process::addArgs(char**)
                0x00000000c003ceb4                Process::Process(char const*, Process*, char**)
                0x00000000c003ceb4                Process::Process(char const*, Process*, char**)
                0x00000000c003d006                Process::Process(bool, char const*, Process*, char**)
                0x00000000c003d006                Process::Process(bool, char const*, Process*, char**)
                0x00000000c003d140                setupMultitasking(void (*)())
                0x00000000c003d2e1                disableIRQs()
                0x00000000c003d2e9                getIRQNestingLevel()
                0x00000000c003d2ef                enableIRQs()
                0x00000000c003d2fe                lockScheduler()
                0x00000000c003d300                unlockScheduler()
                0x00000000c003d30f                lockStuff()
                0x00000000c003d31d                taskStartupFunction
                0x00000000c003d326                updateTimeUsed()
                0x00000000c003d3ba                switchToThread(ThreadControlBlock*)
                0x00000000c003d3d5                schedule()
                0x00000000c003d525                unlockStuff()
                0x00000000c003d561                forkProcess(regs*)
                0x00000000c003d762                blockTaskWithSchedulerLockAlreadyHeld(TaskState)
                0x00000000c003d7b0                blockTask(TaskState)
                0x00000000c003d7dd                waitTask(int, int*, int)
                0x00000000c003d8c4                execveProcess(char const*, char* const*, char* const*)
                0x00000000c003d970                unblockTask(ThreadControlBlock*)
                0x00000000c003da5b                cleanupTerminatedTask(ThreadControlBlock*)
                0x00000000c003de14                cleanerTaskFunction(void*)
                0x00000000c003df3a                terminateTask(int)
                0x00000000c003e040                nanoSleepUntil(unsigned long long)
                0x00000000c003e05e                nanoSleep(unsigned long long)
                0x00000000c003e08a                sleep(unsigned long long)
                0x00000000c003e0c1                taskReturned
                0x00000000c003e108                Semaphore::Semaphore(int)
                0x00000000c003e108                Semaphore::Semaphore(int)
                0x00000000c003e128                Semaphore::tryAcquire()
                0x00000000c003e15e                Semaphore::assertLocked(char const*)
                0x00000000c003e19a                Semaphore::acquire()
                0x00000000c003e20a                Semaphore::release()
                0x00000000c003e24a                Mutex::Mutex()
                0x00000000c003e24a                Mutex::Mutex()
 *fill*         0x00000000c003e26a        0x2 
 .text          0x00000000c003e26c      0xe76 core/syscalls.32
                0x00000000c003e26c                sysCallGetPID(regs*)
                0x00000000c003e278                sysCallSeekDir(regs*)
                0x00000000c003e280                sysCallVerify(regs*)
                0x00000000c003e28c                sysCallGetArgc(regs*)
                0x00000000c003e29c                sysFormatDisk(regs*)
                0x00000000c003e308                sysSetDiskVolumeLabel(regs*)
                0x00000000c003e350                sysGetDiskVolumeLabel(regs*)
                0x00000000c003e3a4                sysCallWrite(regs*)
                0x00000000c003e414                sysCallRead(regs*)
                0x00000000c003e484                sysCallReadDir(regs*)
                0x00000000c003e4f4                sysCallIsATTY(regs*)
                0x00000000c003e54c                sysCallGetCwd(regs*)
                0x00000000c003e56c                sysCallSetCwd(regs*)
                0x00000000c003e588                sysCallRealpath(regs*)
                0x00000000c003e5cc                sysCallSeek(regs*)
                0x00000000c003e620                sysCallTell(regs*)
                0x00000000c003e670                sysCallSizeFromFilename(regs*)
                0x00000000c003e6ec                sysCallSize(regs*)
                0x00000000c003e740                sysCallClose(regs*)
                0x00000000c003e790                sysCallMakeDir(regs*)
                0x00000000c003e7ec                sysCallCloseDir(regs*)
                0x00000000c003e83c                sysCallWait(regs*)
                0x00000000c003e858                sysCallFork(regs*)
                0x00000000c003e874                sysCallExecve(regs*)
                0x00000000c003e8cc                sysCallRmdir(regs*)
                0x00000000c003e920                sysCallUnlink(regs*)
                0x00000000c003e924                sysCallGetArgv(regs*)
                0x00000000c003e974                sysCallUSleep(regs*)
                0x00000000c003e99c                sysAppSettings(regs*)
                0x00000000c003eac0                sysSetFatAttrib(regs*)
                0x00000000c003eb20                sysPanic(regs*)
                0x00000000c003eb48                sysPipe(regs*)
                0x00000000c003eb90                sysGetUnixTime(regs*)
                0x00000000c003eba4                sysShutdown(regs*)
                0x00000000c003ebf0                sysCallOpen(regs*)
                0x00000000c003ece4                sysCallOpenDir(regs*)
                0x00000000c003ed54                sysCallTTYName(regs*)
                0x00000000c003edd4                sysCallGetEnv(regs*)
                0x00000000c003ee2c                sysCallSpawn(regs*)
                0x00000000c003eea0                sysCallTellDir(regs*)
                0x00000000c003eea8                string_ends_with(char const*, char const*)
                0x00000000c003eef1                setupSystemCalls()
                0x00000000c003f0a0                systemCall(regs*, void*)
 *fill*         0x00000000c003f0e2        0x2 
 .text          0x00000000c003f0e4      0xe2f core/terminal.32
                0x00000000c003f0e4                VgaText::isAtty()
                0x00000000c003f0e8                VgaText::~VgaText()
                0x00000000c003f0e8                VgaText::~VgaText()
                0x00000000c003f0f8                VgaText::~VgaText()
                0x00000000c003f11e                VgaText::read(unsigned long long, void*, int*)
                0x00000000c003f13e                setTerminalScrollLock(bool)
                0x00000000c003f13f                addToTerminalCycle(VgaText*)
                0x00000000c003f16c                installVgaTextImplementation()
                0x00000000c003f181                scrollTerminalScrollLock(int)
                0x00000000c003f182                VgaText::load()
                0x00000000c003f1d6                VgaText::writeCharacter(char, VgaColour, VgaColour, int, int)
                0x00000000c003f22a                VgaText::updateCursor()
                0x00000000c003f244                VgaText::scrollScreen()
                0x00000000c003f2d6                VgaText::showCursor(bool)
                0x00000000c003f2e6                VgaText::disableBlink(bool)
                0x00000000c003f320                setActiveTerminal(VgaText*)
                0x00000000c003f3b5                doTerminalCycle()
                0x00000000c003f3d2                VgaText::doANSI_SGR(int)
                0x00000000c003f45e                VgaText::setDefaultBgColour(VgaColour)
                0x00000000c003f474                VgaText::setDefaultFgColour(VgaColour)
                0x00000000c003f48a                VgaText::setDefaultColours(VgaColour, VgaColour)
                0x00000000c003f4b0                VgaText::combineColours(unsigned char, unsigned char)
                0x00000000c003f4c2                VgaText::combineCharAndColour(char, unsigned char)
                0x00000000c003f4d4                VgaText::getCursorX()
                0x00000000c003f4e0                VgaText::getCursorY()
                0x00000000c003f4ec                VgaText::setCursor(int, int)
                0x00000000c003f50a                VgaText::setCursorX(int)
                0x00000000c003f51e                VgaText::setCursorY(int)
                0x00000000c003f532                VgaText::incrementCursor(bool)