Archive member included to satisfy reference by file (symbol)

/cygdrive/d/Users/Alex/Desktop/Toolchain/Output/bin/../lib/gcc/i386-banana/8.1.0/libkgcc.a(_divdi3.o)
                              krnl/resolve.32 (__divdi3)
/cygdrive/d/Users/Alex/Desktop/Toolchain/Output/bin/../lib/gcc/i386-banana/8.1.0/libkgcc.a(_moddi3.o)
                              krnl/resolve.32 (__moddi3)
/cygdrive/d/Users/Alex/Desktop/Toolchain/Output/bin/../lib/gcc/i386-banana/8.1.0/libkgcc.a(_udivdi3.o)
                              hal/clock.32 (__udivdi3)
/cygdrive/d/Users/Alex/Desktop/Toolchain/Output/bin/../lib/gcc/i386-banana/8.1.0/libkgcc.a(_umoddi3.o)
                              core/pipe.32 (__umoddi3)

Allocating common symbols
Common symbol       size              file

dcache              0x40              fs/iso9660/iso9660.32
cdDriveLetter       0x1               fs/iso9660/iso9660.32
icache              0x40              fs/iso9660/iso9660.32

Discarded input sections

 .comment       0x0000000000000000       0x12 /cygdrive/d/Users/Alex/Desktop/Toolchain/Output/bin/../lib/gcc/i386-banana/8.1.0/crtbegin.o
 .comment       0x0000000000000000       0x12 acpica/utclib.32
 .comment       0x0000000000000000       0x12 core/malloc.32
 .comment       0x0000000000000000       0x12 libk/ctype.32
 .comment       0x0000000000000000       0x12 libk/string.32
 .comment       0x0000000000000000       0x12 fs/fat/diskio.32
 .comment       0x0000000000000000       0x12 fs/fat/ff.32
 .comment       0x0000000000000000       0x12 fs/fat/ffsystem.32
 .comment       0x0000000000000000       0x12 fs/fat/ffunicode.32
 .comment       0x0000000000000000       0x12 fs/iso9660/iso9660.32
 .group         0x0000000000000000       0x14 core/computer.32
 .group         0x0000000000000000        0xc core/computer.32
 .comment       0x0000000000000000       0x12 core/computer.32
 .comment       0x0000000000000000       0x12 core/gdt.32
 .group         0x0000000000000000        0xc core/idle.32
 .comment       0x0000000000000000       0x12 core/idle.32
 .comment       0x0000000000000000       0x12 core/idt.32
 .comment       0x0000000000000000       0x12 core/kheap.32
 .comment       0x0000000000000000       0x12 core/main.32
 .comment       0x0000000000000000       0x12 core/physmgr.32
 .group         0x0000000000000000        0xc core/pipe.32
 .comment       0x0000000000000000       0x12 core/pipe.32
 .group         0x0000000000000000        0xc core/terminal.32
 .comment       0x0000000000000000       0x12 core/terminal.32
 .comment       0x0000000000000000       0x12 core/tss.32
 .group         0x0000000000000000        0x8 core/unixfile.32
 .group         0x0000000000000000        0x8 core/unixfile.32
 .group         0x0000000000000000        0xc core/unixfile.32
 .group         0x0000000000000000        0x8 core/unixfile.32
 .group         0x0000000000000000        0xc core/unixfile.32
 .group         0x0000000000000000        0x8 core/unixfile.32
 .group         0x0000000000000000        0xc core/unixfile.32
 .group         0x0000000000000000        0xc core/unixfile.32
 .comment       0x0000000000000000       0x12 core/unixfile.32
 .comment       0x0000000000000000       0x12 core/virtmgr.32
 .comment       0x0000000000000000       0x12 coreobjs/c++.32
 .comment       0x0000000000000000       0x12 dbg/kconsole.32
 .group         0x0000000000000000        0xc fs/vfs.32
 .group         0x0000000000000000        0xc fs/vfs.32
 .group         0x0000000000000000        0xc fs/vfs.32
 .comment       0x0000000000000000       0x12 fs/vfs.32
 .group         0x0000000000000000        0xc hal/bus.32
 .comment       0x0000000000000000       0x12 hal/bus.32
 .comment       0x0000000000000000       0x12 hal/buzzer.32
 .group         0x0000000000000000        0xc hal/clock.32
 .comment       0x0000000000000000       0x12 hal/clock.32
 .group         0x0000000000000000       0x14 hal/device.32
 .group         0x0000000000000000        0xc hal/device.32
 .group         0x0000000000000000        0x8 hal/device.32
 .group         0x0000000000000000        0xc hal/device.32
 .group         0x0000000000000000        0xc hal/device.32
 .comment       0x0000000000000000       0x12 hal/device.32
 .group         0x0000000000000000        0xc hal/diskctrl.32
 .comment       0x0000000000000000       0x12 hal/diskctrl.32
 .group         0x0000000000000000        0xc hal/diskphys.32
 .comment       0x0000000000000000       0x12 hal/diskphys.32
 .comment       0x0000000000000000       0x12 hal/fpu.32
 .comment       0x0000000000000000       0x12 hal/intctrl.32
 .group         0x0000000000000000        0xc hal/keybrd.32
 .comment       0x0000000000000000       0x12 hal/keybrd.32
 .group         0x0000000000000000        0xc hal/logidisk.32
 .comment       0x0000000000000000       0x12 hal/logidisk.32
 .group         0x0000000000000000        0xc hal/mouse.32
 .comment       0x0000000000000000       0x12 hal/mouse.32
[...]
Memory Configuration

Name             Origin             Length             Attributes
*default*        0x0000000000000000 0xffffffffffffffff

Linker script and memory map

LOAD D:/Users/Alex/Desktop/Banana/kernel/boot.32
LOAD crti.32
LOAD /cygdrive/d/Users/Alex/Desktop/Toolchain/Output/bin/../lib/gcc/i386-banana/8.1.0/crtbegin.o
LOAD D:/Users/Alex/Desktop/Banana/kernel/morenasm.32
LOAD acpica/utclib.32
LOAD core/malloc.32
LOAD libk/ctype.32
LOAD libk/string.32
LOAD fs/fat/diskio.32
LOAD fs/fat/ff.32
LOAD fs/fat/ffsystem.32
LOAD fs/fat/ffunicode.32
LOAD fs/iso9660/iso9660.32
LOAD core/computer.32
LOAD core/gdt.32
LOAD core/idle.32
LOAD core/idt.32
LOAD core/kheap.32
LOAD core/main.32
LOAD core/physmgr.32
LOAD core/pipe.32
LOAD core/terminal.32
LOAD core/tss.32
LOAD core/unixfile.32
LOAD core/virtmgr.32
LOAD coreobjs/c++.32
LOAD dbg/kconsole.32
LOAD fs/vfs.32
LOAD hal/bus.32
LOAD hal/buzzer.32
LOAD hal/clock.32
LOAD hal/device.32
LOAD hal/diskctrl.32
LOAD hal/diskphys.32
LOAD hal/fpu.32
LOAD hal/intctrl.32
LOAD hal/keybrd.32
LOAD hal/logidisk.32
LOAD hal/mouse.32
LOAD hal/partition.32
LOAD hal/serial.32
LOAD hal/timer.32
LOAD hal/vcache.32
LOAD hal/video.32
LOAD hw/acpi.32
LOAD hw/cpu.32
LOAD krnl/bootmsg.32
LOAD krnl/env.32
LOAD krnl/inlines.32
LOAD krnl/panic.32
LOAD krnl/powctrl.32
LOAD krnl/resolve.32
LOAD krnl/signal.32
LOAD krnl/syscalls.32
LOAD reg/registry.32
LOAD sys/eject.32
LOAD sys/exit.32
LOAD sys/getcwd.32
LOAD sys/getpid.32
LOAD sys/getramdata.32
LOAD sys/getvgaptr.32
LOAD sys/loaddll.32
LOAD sys/read.32
LOAD sys/sbrk.32
LOAD sys/setcwd.32
LOAD sys/settime.32
LOAD sys/timezone.32
LOAD sys/write.32
LOAD sys/wsbe.32
LOAD sys/yield.32
LOAD thr/elf.32
LOAD thr/prcssthr.32
LOAD vm86/vm8086.32
LOAD arch/i386/hal.32
LOAD arch/i386/pic.32
LOAD arch/i386/rtc.32
LOAD arch/i386/vga.32
LOAD fs/fat/vfslink.32
LOAD fs/iso9660/helper.32
LOAD fs/iso9660/vfslink.32
LOAD hal/sound/sndcard.32
LOAD hal/sound/sndport.32
LOAD hw/bus/isa.32
LOAD hw/bus/pci.32
LOAD hw/diskctrl/ide.32
LOAD hw/diskctrl/satabus.32
LOAD hw/diskphys/ata.32
LOAD hw/diskphys/atapi.32
LOAD hw/diskphys/sata.32
LOAD hw/diskphys/satapi.32
LOAD hw/intctrl/apic.32
LOAD hw/timer/apictimer.32
LOAD hw/timer/pit.32
LOAD arch/i386/avx.32
LOAD arch/i386/interrupt.32
LOAD arch/i386/rdrand.32
LOAD arch/i386/sse.32
LOAD arch/i386/x87.32
LOAD /cygdrive/d/Users/Alex/Desktop/Toolchain/Output/bin/../lib/gcc/i386-banana/8.1.0/crtend.o
LOAD crtn.32
LOAD /cygdrive/d/Users/Alex/Desktop/Toolchain/Output/bin/../lib/gcc/i386-banana/8.1.0/libkgcc.a
LOAD D:/Users/Alex/Desktop/Banana/kernel/libsoftfp.a
LOAD D:/Users/Alex/Desktop/Banana/kernel/libk/libm32.a
                0x00000000c0000000                . = 0xc0000000

.text           0x00000000c0000000    0x1c17a
 *(.text)
 .text          0x00000000c0000000       0x20 D:/Users/Alex/Desktop/Banana/kernel/boot.32
 .text          0x00000000c0000020        0x0 crti.32
 .text          0x00000000c0000020      0x101 /cygdrive/d/Users/Alex/Desktop/Toolchain/Output/bin/../lib/gcc/i386-banana/8.1.0/crtbegin.o
 *fill*         0x00000000c0000121        0xf 
 .text          0x00000000c0000130      0x252 D:/Users/Alex/Desktop/Banana/kernel/morenasm.32
                0x00000000c0000130                manualPCIProbe
                0x00000000c000017b                prepareTramp
                0x00000000c0000194                doTPAUSE
                0x00000000c000019e                hasLegacyFPU
                0x00000000c00001c3                is486
                0x00000000c00001f9                detectCPUID
                0x00000000c000020f                goToVM86
                0x00000000c000023f                goToUsermode
                0x00000000c0000269                switchToThreadASMFirstTime
                0x00000000c0000277                switchToThreadASM
                0x00000000c00002ff                asmQuickAcquireLock
                0x00000000c000031d                asmQuickReleaseLock
                0x00000000c0000329                asmAcquireLock
                0x00000000c000034a                asmReleaseLock
                0x00000000c000035d                loadGDT
                0x00000000c000037d                memcpy
 *fill*         0x00000000c0000382        0xe 
 .text          0x00000000c0000390      0x79e acpica/utclib.32
                0x00000000c0000390                memcmp
                0x00000000c00003e0                memmove
                0x00000000c00004d0                memset
                0x00000000c0000540                strlen
                0x00000000c0000570                strpbrk
                0x00000000c00005b0                strtok
                0x00000000c0000600                strcpy
                0x00000000c0000630                strncpy
                0x00000000c00006e0                strcmp
                0x00000000c0000730                strchr
                0x00000000c0000760                strncmp
                0x00000000c00007c0                strcat
                0x00000000c00007f0                strncat
                0x00000000c0000850                strstr
                0x00000000c00008b0                toupper
                0x00000000c00008d0                tolower
                0x00000000c00008f0                simple_strtoul
 .text          0x00000000c0000b2e      0xfad core/malloc.32
                0x00000000c0000c99                dlfree
                0x00000000c0000ff4                dlmalloc
                0x00000000c0001531                dlrealloc
                0x00000000c00016d4                dlmemalign
                0x00000000c00017f7                dlcalloc
                0x00000000c0001891                dlcfree
                0x00000000c0001896                dlindependent_calloc
                0x00000000c00018bb                dlindependent_comalloc
                0x00000000c00018d2                dlvalloc
                0x00000000c00018fd                dlpvalloc
                0x00000000c0001933                dlmalloc_trim
                0x00000000c0001940                dlmalloc_usable_size
                0x00000000c0001971                dlmallinfo
                0x00000000c0001a40                dlmalloc_stats
                0x00000000c0001a51                dlmallopt
 *fill*         0x00000000c0001adb        0x1 
 .text          0x00000000c0001adc      0x1f2 libk/ctype.32
                0x00000000c0001adc                isblank
                0x00000000c0001afc                iscntrl
                0x00000000c0001b1c                isdigit
                0x00000000c0001b38                islower
                0x00000000c0001b54                isspace
                0x00000000c0001b7c                isupper
                0x00000000c0001b98                isalpha
                0x00000000c0001bc8                isalnum
                0x00000000c0001bf8                ispunct
                0x00000000c0001c38                isgraph
                0x00000000c0001c68                isprint
                0x00000000c0001c90                isxdigit
 .text          0x00000000c0001cce        0x0 libk/string.32
 .text          0x00000000c0001cce       0x51 fs/fat/diskio.32
                0x00000000c0001cce                disk_status
                0x00000000c0001cd1                disk_initialize
                0x00000000c0001cd4                disk_read
                0x00000000c0001cea                disk_write
                0x00000000c0001d00                disk_ioctl
 .text          0x00000000c0001d1f     0x3d4b fs/fat/ff.32
                0x00000000c0003abb                f_mount
                0x00000000c0003b1d                f_open
                0x00000000c0003de8                f_read
                0x00000000c0003fe7                f_write
                0x00000000c000421b                f_sync
                0x00000000c00042d0                f_close
                0x00000000c00042ff                f_lseek
                0x00000000c00044a6                f_opendir
                0x00000000c0004571                f_closedir
                0x00000000c0004593                f_readdir
                0x00000000c0004625                f_stat
                0x00000000c00046a4                f_getfree
                0x00000000c00047a6                f_truncate
                0x00000000c000488a                f_unlink
                0x00000000c00049ac                f_mkdir
                0x00000000c0004b47                f_rename
                0x00000000c0004cfd                f_chmod
                0x00000000c0004da6                f_utime
                0x00000000c0004e54                f_getlabel
                0x00000000c0004fa5                f_setlabel
                0x00000000c0005135                f_expand
                0x00000000c0005295                f_mkfs
 *fill*         0x00000000c0005a6a        0x2 
 .text          0x00000000c0005a6c       0x2f fs/fat/ffsystem.32
                0x00000000c0005a6c                ff_memalloc
                0x00000000c0005a84                ff_memfree
 *fill*         0x00000000c0005a9b        0x1 
 .text          0x00000000c0005a9c      0x2a8 fs/fat/ffunicode.32
                0x00000000c0005a9c                ff_uni2oem
                0x00000000c0005b3c                ff_oem2uni
                0x00000000c0005bb4                ff_wtoupper
 .text          0x00000000c0005d44      0xc76 fs/iso9660/iso9660.32
                0x00000000c0005f63                isoReadDiscSector
                0x00000000c0005ffe                strnicmp
                0x00000000c00062b1                stricmp
                0x00000000c00062fd                iso_open
                0x00000000c0006387                iso_close
                0x00000000c00063a5                iso_read
                0x00000000c00064bb                iso_seek
                0x00000000c000653f                iso_tell
                0x00000000c0006570                iso_total
                0x00000000c000659b                fn_postprocess
                0x00000000c00065c1                iso_readdir
                0x00000000c00067b2                iso_reset
                0x00000000c00067bf                init_percd
                0x00000000c00068b9                iso_ioctl
                0x00000000c00068c1                fs_iso9660_init
                0x00000000c000694a                fs_iso9660_shutdown
 .text          0x00000000c00069ba      0x685 core/computer.32
                0x00000000c00069ba                Computer::close(int, int, void*)
                0x00000000c00069ff                Krnl::firstTask()
                0x00000000c0006b32                Computer::Computer()
                0x00000000c0006b32                Computer::Computer()
                0x00000000c0006be4                Computer::setBootMessage(char const*)
                0x00000000c0006be6                Computer::detectFeatures()
                0x00000000c0006df0                Computer::displayFeatures()
                0x00000000c0006df2                Computer::rdmsr(unsigned int)
                0x00000000c0006e1e                Computer::wrmsr(unsigned int, unsigned long long)
                0x00000000c0006e56                Computer::shutdown()
                0x00000000c0006e6e                Computer::restart()
                0x00000000c0006e86                Computer::sleep()
                0x00000000c0006e9a                Computer::nmiEnabled()
                0x00000000c0006ea6                Computer::readCMOS(unsigned char)
                0x00000000c0006ec0                Computer::enableNMI(bool)
                0x00000000c0006ed8                Computer::open(int, int, void*)
                0x00000000c0006fac                Computer::disableNMI()
                0x00000000c0006fbc                Computer::writeCMOS(unsigned char, unsigned char)
                0x00000000c0006fda                Computer::handleNMI()
 *fill*         0x00000000c000703f        0x1 
 .text          0x00000000c0007040      0x1cf core/gdt.32
                0x00000000c0007040                GDTEntry::setBase(unsigned int)
                0x00000000c000705c                GDTEntry::setLimit(unsigned int)
                0x00000000c000707a                GDT::GDT()
                0x00000000c000707a                GDT::GDT()
                0x00000000c0007090                GDT::addEntry(GDTEntry)
                0x00000000c00070b2                GDT::getNumberOfEntries()
                0x00000000c00070ba                GDT::flush()
                0x00000000c00070dc                GDT::setup()
 .text          0x00000000c000720f       0x1d core/idle.32
                0x00000000c000720f                idleFunction(void*)
 .text          0x00000000c000722c      0x464 core/idt.32
                0x00000000c000722c                IDTEntry::IDTEntry(bool)
                0x00000000c000722c                IDTEntry::IDTEntry(bool)
                0x00000000c000729e                IDTEntry::setOffset(unsigned int)
                0x00000000c00072b4                IDT::IDT()
                0x00000000c00072b4                IDT::IDT()
                0x00000000c00072b6                IDT::getPointerToInvalidOpcodeEntryForF00F()
                0x00000000c00072be                IDT::addEntry(IDTEntry, int)
                0x00000000c00072d8                IDT::addEntry(int, void (*)(), bool)
                0x00000000c0007310                IDT::flush()
                0x00000000c000732a                IDT::setup()
 .text          0x00000000c0007690      0x183 core/kheap.32
                0x00000000c0007690                sbrk
                0x00000000c0007725                mmap
                0x00000000c000773b                munmap
                0x00000000c0007751                liballoc_lock()
                0x00000000c000775e                liballoc_unlock()
                0x00000000c0007772                liballoc_alloc(int)
                0x00000000c000778a                liballoc_free(void*, int)
                0x00000000c00077a5                realloc
                0x00000000c00077b9                malloc
                0x00000000c00077c9                free
                0x00000000c00077d9                rfree
                0x00000000c00077e9                calloc
 .text          0x00000000c0007813       0xc3 core/main.32
                0x00000000c0007813                KeEntryPoint
 .text          0x00000000c00078d6      0x5dc core/physmgr.32
                0x00000000c00078d6                Phys::allocateDMA(unsigned long)
                0x00000000c00079ad                Phys::freeDMA(unsigned long, unsigned long)
                0x00000000c00079e0                Phys::setPageState(unsigned long, bool)
                0x00000000c0007a12                Phys::getPageState(unsigned long)
                0x00000000c0007a33                Phys::freePage(unsigned long)
                0x00000000c0007a95                Phys::allocatePage()
                0x00000000c0007b53                Phys::allocateContiguousPages(int)
                0x00000000c0007baf                Phys::allowSegmentToBeUsed(unsigned long, unsigned long)
                0x00000000c0007be7                Phys::physicalMemorySetup(unsigned int)
 .text          0x00000000c0007eb2      0x273 core/pipe.32
                0x00000000c0007eb2                Pipe::isAtty()
                0x00000000c0007eb6                Pipe::~Pipe()
                0x00000000c0007eb6                Pipe::~Pipe()
                0x00000000c0007eda                Pipe::~Pipe()
                0x00000000c0007f02                Pipe::write(unsigned long long, void*, int*)
                0x00000000c0007fc2                Pipe::read(unsigned long long, void*, int*)
                0x00000000c00080be                Pipe::Pipe(int)
                0x00000000c00080be                Pipe::Pipe(int)
 *fill*         0x00000000c0008125        0x1 
 .text          0x00000000c0008126      0xaa0 core/terminal.32
                0x00000000c0008126                VgaText::isAtty()
                0x00000000c000812a                VgaText::~VgaText()
                0x00000000c000812a                VgaText::~VgaText()
                0x00000000c000814e                VgaText::~VgaText()
                0x00000000c0008178                VgaText::read(unsigned long long, void*, int*)
                0x00000000c0008198                setTerminalScrollLock(bool)
                0x00000000c0008199                doTerminalCycle()
                0x00000000c000819a                addToTerminalCycle(VgaText*)
                0x00000000c000819b                scrollTerminalScrollLock(int)
                0x00000000c000819c                VgaText::updateTitle()
                0x00000000c000819e                VgaText::load()
                0x00000000c00081a0                VgaText::updateCursor()
                0x00000000c00081b6                VgaText::doANSI_SGR(int)
                0x00000000c000822a                VgaText::setDefaultBgColour(VgaColour)
                0x00000000c000823a                VgaText::setDefaultFgColour(VgaColour)
                0x00000000c000824a                VgaText::setDefaultColours(VgaColour, VgaColour)
                0x00000000c000826a                VgaText::setTitleTextColour(VgaColour)
                0x00000000c0008276                VgaText::setTitleColour(VgaColour)
                0x00000000c0008282                VgaText::setTitle(char*)
                0x00000000c0008284                VgaText::combineColours(unsigned char, unsigned char)
                0x00000000c0008296                VgaText::scrollScreen()
                0x00000000c000832e                VgaText::combineCharAndColour(char, unsigned char)
                0x00000000c0008340                VgaText::writeCharacter(char, VgaColour, VgaColour, int, int)
                0x00000000c00083d0                VgaText::getCursorX()
                0x00000000c00083d8                VgaText::getCursorY()
                0x00000000c00083e0                VgaText::setCursor(int, int)
                0x00000000c00083f7                setActiveTerminal(VgaText*)
                0x00000000c0008442                VgaText::clearScreen()
                0x00000000c0008490                VgaText::setCursorX(int)
                0x00000000c00084a8                VgaText::setCursorY(int)
                0x00000000c00084c0                VgaText::incrementCursor(bool)
                0x00000000c0008514                VgaText::decrementCursor(bool)
                0x00000000c0008536                VgaText::putchar(char, VgaColour, VgaColour)
                0x00000000c0008604                VgaText::putchar(char)
                0x00000000c00086f0                VgaText::putx(unsigned int)
                0x00000000c0008736                VgaText::puts(char const*)
                0x00000000c000875c                VgaText::write(unsigned long long, void*, int*)
                0x00000000c00087a8                VgaText::puts(char const*, VgaColour, VgaColour)
                0x00000000c00088fa                VgaText::VgaText(char const*)
                0x00000000c00088fa                VgaText::VgaText(char const*)
                0x00000000c0008a46                VgaText::receiveKey(unsigned char)
                0x00000000c0008ba0                VgaText::doUpdate()
                0x00000000c0008ba1                newTerminal(char*)
 *fill*         0x00000000c0008bc6        0x2 
 .text          0x00000000c0008bc8      0x1a1 core/tss.32
                0x00000000c0008bc8                TSS::TSS()
                0x00000000c0008bc8                TSS::TSS()
                0x00000000c0008bd8                TSS::setESP(unsigned long)
                0x00000000c0008bec                TSS::flush()
                0x00000000c0008c0c                TSS::setup(unsigned long, unsigned long)
 *fill*         0x00000000c0008d69        0x1 
 .text          0x00000000c0008d6a      0x4c2 core/unixfile.32
                0x00000000c0008d6a                ReservedFilename::read(unsigned long long, void*, int*)
                0x00000000c0008dc0                ReservedFilename::isAtty()
                0x00000000c0008ddc                ReservedFilename::write(unsigned long long, void*, int*)
                0x00000000c0008e3a                UnixFile::getFileDescriptor()
                0x00000000c0008e42                UnixFile::UnixFile(int)
                0x00000000c0008e42                UnixFile::UnixFile(int)
                0x00000000c0008ff2                ReservedFilename::ReservedFilename(int)
                0x00000000c0008ff2                ReservedFilename::ReservedFilename(int)
                0x00000000c0009024                UnixFile::~UnixFile()
                0x00000000c0009024                UnixFile::~UnixFile()
                0x00000000c00090bc                UnixFile::~UnixFile()
                0x00000000c00090e4                ReservedFilename::~ReservedFilename()
                0x00000000c00090e4                ReservedFilename::~ReservedFilename()
                0x00000000c0009108                ReservedFilename::~ReservedFilename()
                0x00000000c000912f                getFromFileDescriptor(int)
 .text          0x00000000c000922c     0x1166 core/virtmgr.32
                0x00000000c000922c                Virt::setPageState(unsigned long, Virt::VirtPageState)
                0x00000000c0009261                Virt::getPageState(unsigned long)
                0x00000000c0009285                Virt::allocateKernelVirtualPages(int)
                0x00000000c0009396                Virt::freeSwapfilePage(unsigned long)
                0x00000000c00093b4                Virt::swapIDToSector(unsigned long)
                0x00000000c00093c6                Virt::allocateSwapfilePage()
                0x00000000c0009444                Virt::virtualMemorySetup()
                0x00000000c000948f                Virt::setupPageSwapping(int)
                0x00000000c0009500                VAS::VAS()
                0x00000000c0009500                VAS::VAS()
                0x00000000c000953c                VAS::VAS(VAS*)
                0x00000000c000953c                VAS::VAS(VAS*)
                0x00000000c000956a                VAS::getForeignPageTableEntry(bool, unsigned long)
                0x00000000c0009596                VAS::getPageTableEntry(unsigned long)
                0x00000000c00095b5                Virt::freeKernelVirtualPages(unsigned long)
                0x00000000c00096da                VAS::freeAllocatedPages(unsigned long)
                0x00000000c00096fe                VAS::virtualToPhysical(unsigned long)
                0x00000000c0009718                VAS::reflagRange(unsigned long, int, int, int)
                0x00000000c0009758                VAS::setToWriteCombining(unsigned long, int)
                0x00000000c000978c                VAS::mapOtherVASIn(bool, VAS*)
                0x00000000c00097b6                VAS::~VAS()
                0x00000000c00097b6                VAS::~VAS()
                0x00000000c000991a                VAS::mapPage(unsigned long, unsigned long, int)
                0x00000000c0009a1e                VAS::allocatePages(int, int)
                0x00000000c0009bf6                VAS::setCPUSpecific(unsigned long)
                0x00000000c0009c14                VAS::mapRange(unsigned long, unsigned long, int, int)
                0x00000000c0009cda                VAS::mapForeignPage(bool, VAS*, unsigned long, unsigned long, int)
                0x00000000c0009dc8                VAS::VAS(bool)
                0x00000000c0009dc8                VAS::VAS(bool)
                0x00000000c000a048                VAS::evict(unsigned long)
                0x00000000c000a10a                VAS::tryLoadBackOffDisk(unsigned long)
                0x00000000c000a1f8                VAS::scanForEviction()
                0x00000000c000a2d8                mapVASFirstTime
 .text          0x00000000c000a392       0x5f coreobjs/c++.32
                0x00000000c000a392                __cxa_atexit
                0x00000000c000a395                __cxa_finalize
                0x00000000c000a396                __stack_chk_fail
                0x00000000c000a3cc                __cxa_pure_virtual
                0x00000000c000a3dd                operator new[](unsigned long)
                0x00000000c000a3e2                operator delete(void*, unsigned long)
                0x00000000c000a3e7                operator delete[](void*)
                0x00000000c000a3ec                operator delete[](void*, unsigned long)
 .text          0x00000000c000a3f1      0x21c dbg/kconsole.32
                0x00000000c000a3f1                Dbg::stringifyxWithBase(unsigned int, char*, int)
                0x00000000c000a45c                Dbg::logc(char)
                0x00000000c000a47c                Dbg::logs(char*)
                0x00000000c000a499                Dbg::logWriteInt(unsigned int)
                0x00000000c000a4b7                Dbg::logWriteIntBase(unsigned int, int)
                0x00000000c000a4d8                Dbg::kprintf(char const*, ...)
 *fill*         0x00000000c000a60d        0x1 
 .text          0x00000000c000a60e      0xc5c fs/vfs.32
                0x00000000c000a60e                File::read(unsigned long long, void*, int*)
                0x00000000c000a666                File::write(unsigned long long, void*, int*)
                0x00000000c000a6be                Directory::read(unsigned long long, void*, int*)
                0x00000000c000a716                Directory::write(unsigned long long, void*, int*)
                0x00000000c000a744                File::isAtty()
                0x00000000c000a748                Directory::isAtty()
                0x00000000c000a74c                Filesystem::getlabel(LogicalDisk*, int, char*, unsigned int*)
                0x00000000c000a752                Filesystem::setlabel(LogicalDisk*, int, char*)
                0x00000000c000a758                Filesystem::allocateSwapfile(char const*, int)
                0x00000000c000a75e                File::~File()
                0x00000000c000a75e                File::~File()
                0x00000000c000a782                File::~File()
                0x00000000c000a7ac                Directory::~Directory()
                0x00000000c000a7ac                Directory::~Directory()
                0x00000000c000a7d0                Directory::~Directory()
                0x00000000c000a7fa                Filesystem::Filesystem()
                0x00000000c000a7fa                Filesystem::Filesystem()
                0x00000000c000a81e                Filesystem::~Filesystem()
                0x00000000c000a81e                Filesystem::~Filesystem()
                0x00000000c000a82c                Filesystem::~Filesystem()
                0x00000000c000a850                Fs::getcwd(Process*, char*, int)
                0x00000000c000a87a                Fs::initVFS()
                0x00000000c000a8a4                Fs::standardiseFiles(char*, char const*, char const*)
                0x00000000c000aa4e                File::File(char const*, Process*)
                0x00000000c000aa4e                File::File(char const*, Process*)
                0x00000000c000ab0e                File::open(FileOpenMode)
                0x00000000c000ab6c                File::close()
                0x00000000c000abcc                File::seek(unsigned long long)
                0x00000000c000ac22                File::tell(unsigned long long*)
                0x00000000c000ac72                File::rewind()
                0x00000000c000ac86                File::unlink()
                0x00000000c000acd2                File::rename(char const*)
                0x00000000c000ad20                File::chfatattr(unsigned char, unsigned char)
                0x00000000c000ad7c                File::exists()
                0x00000000c000adba                File::stat(unsigned long long*, bool*)
                0x00000000c000ae1b                Fs::setcwd(Process*, char*)
                0x00000000c000af78                Directory::Directory(char const*, Process*)
                0x00000000c000af78                Directory::Directory(char const*, Process*)
                0x00000000c000b038                Directory::open()
                0x00000000c000b094                Directory::close()
                0x00000000c000b0f4                Directory::unlink()
                0x00000000c000b140                Directory::rename(char const*)
                0x00000000c000b18e                Directory::exists()
                0x00000000c000b1cc                Directory::read(dirent*)
                0x00000000c000b218                Directory::create()
                0x00000000c000b264                Filesystem::chfatattr(char const*, unsigned char, unsigned char)
 *fill*         0x00000000c000b26a        0x2 
 .text          0x00000000c000b26c       0x86 hal/bus.32
                0x00000000c000b26c                Bus::Bus(char const*)
                0x00000000c000b26c                Bus::Bus(char const*)
                0x00000000c000b2a4                Bus::~Bus()
                0x00000000c000b2a4                Bus::~Bus()
                0x00000000c000b2c8                Bus::~Bus()
 .text          0x00000000c000b2f2       0x96 hal/buzzer.32
                0x00000000c000b2f2                beepThread(void*)
                0x00000000c000b32f                Krnl::beep(int, int, bool)
 .text          0x00000000c000b388      0x46d hal/clock.32
                0x00000000c000b388                User::loadClockSettings(int)
                0x00000000c000b3da                Clock::Clock(char const*)
                0x00000000c000b3da                Clock::Clock(char const*)
                0x00000000c000b410                Clock::~Clock()
                0x00000000c000b410                Clock::~Clock()
                0x00000000c000b434                Clock::~Clock()
                0x00000000c000b45e                Clock::timeInSecondsLocal()
                0x00000000c000b4a6                Clock::setTimeInSecondsLocal(unsigned long long)
                0x00000000c000b4ff                datetimeToSeconds(datetime_t)
                0x00000000c000b62c                Clock::setTimeInDatetimeLocal(datetime_t)
                0x00000000c000b68c                secondsToDatetime(unsigned long long)
                0x00000000c000b7d0                Clock::timeInDatetimeLocal()
 *fill*         0x00000000c000b7f5        0x1 
 .text          0x00000000c000b7f6      0x464 hal/device.32
                0x00000000c000b7f6                Device::hibernate()
                0x00000000c000b7f8                Device::wake()
                0x00000000c000b7fa                Device::detect()
                0x00000000c000b7fc                Device::disableLegacy()
                0x00000000c000b7fe                Device::powerSaving(PowerSavingLevel)
                0x00000000c000b800                DriverlessDevice::close(int, int, void*)
                0x00000000c000b804                DriverlessDevice::detect()
                0x00000000c000b806                DriverlessDevice::open(int, int, void*)
                0x00000000c000b81a                Device::~Device()
                0x00000000c000b81a                Device::~Device()
                0x00000000c000b828                Device::~Device()
                0x00000000c000b850                Device::findAndLoadDriver()
                0x00000000c000b85e                Device::preOpenPCI(PCIDeviceInfo)
                0x00000000c000b884                Device::preOpenACPI(void*, char*, char*)
                0x00000000c000b8c4                Device::addIRQHandler(int, void (*)(regs*, void*), bool, void*)
                0x00000000c000b8ee                Device::getParent()
                0x00000000c000b8fa                Device::removeIRQHandler(int, void (*)(regs*, void*), bool)
                0x00000000c000b918                Device::addChild(Device*)
                0x00000000c000b95c                Device::removeAllChildren()
                0x00000000c000b9a2                Device::hibernateAll()
                0x00000000c000b9d2                Device::wakeAll()
                0x00000000c000ba02                Device::detectAll()
                0x00000000c000ba32                Device::disableLegacyAll()
                0x00000000c000ba34                Device::loadDriversForAll()
                0x00000000c000ba36                Device::closeAll()
                0x00000000c000ba6c                Device::powerSavingAll(PowerSavingLevel)
                0x00000000c000baa2                Device::setName(char const*)
                0x00000000c000bab0                Device::Device(char const*)
                0x00000000c000bab0                Device::Device(char const*)
                0x00000000c000bbac                Device::getName()
                0x00000000c000bbb6                DriverlessDevice::DriverlessDevice(char const*)
                0x00000000c000bbb6                DriverlessDevice::DriverlessDevice(char const*)
                0x00000000c000bbec                Device::addToLinkedList(LinkedList<Device>&, DeviceType)
                0x00000000c000bc30                getDevicesOfType(DeviceType)
 *fill*         0x00000000c000bc5a        0x2 
 .text          0x00000000c000bc5c       0x86 hal/diskctrl.32
                0x00000000c000bc5c                HardDiskController::HardDiskController(char const*)
                0x00000000c000bc5c                HardDiskController::HardDiskController(char const*)
                0x00000000c000bc94                HardDiskController::~HardDiskController()
                0x00000000c000bc94                HardDiskController::~HardDiskController()
                0x00000000c000bcb8                HardDiskController::~HardDiskController()
 .text          0x00000000c000bce2       0xe2 hal/diskphys.32
                0x00000000c000bce2                PhysicalDisk::eject()
                0x00000000c000bce6                PhysicalDisk::PhysicalDisk(char const*, int)
                0x00000000c000bce6                PhysicalDisk::PhysicalDisk(char const*, int)
                0x00000000c000bd4e                PhysicalDisk::startCache()
                0x00000000c000bd76                PhysicalDisk::~PhysicalDisk()
                0x00000000c000bd76                PhysicalDisk::~PhysicalDisk()
                0x00000000c000bd9a                PhysicalDisk::~PhysicalDisk()
 .text          0x00000000c000bdc4        0x0 hal/fpu.32
 .text          0x00000000c000bdc4      0x35d hal/intctrl.32
                0x00000000c000bdc4                int_handler
                0x00000000c000be4c                installISRHandler(int, void (*)(regs*, void*), void*)
                0x00000000c000be94                installIRQHandler(int, void (*)(regs*, void*), bool, void*)
                0x00000000c000bfcc                uninstallISRHandler(int, void (*)(regs*, void*))
                0x00000000c000c000                uninstallIRQHandler(int, void (*)(regs*, void*), bool)
                0x00000000c000c07f                setupINTS()
                0x00000000c000c0dc                convertLegacyIRQNumber(int)
 *fill*         0x00000000c000c121        0x1 
 .text          0x00000000c000c122      0x78c hal/keybrd.32
                0x00000000c000c122                startGUI(void*)
                0x00000000c000c18e                startGUIVESA(void*)
                0x00000000c000c1fa                sendKeyToTerminal(unsigned char)
                0x00000000c000c2bd                sendKeyboardToken(KeyboardToken)
                0x00000000c000c6fd                clearInternalKeybuffer(VgaText*)
                0x00000000c000c732                readKeyboard(VgaText*, char*, unsigned long)
                0x00000000c000c824                Keyboard::Keyboard(char const*)
                0x00000000c000c824                Keyboard::Keyboard(char const*)
                0x00000000c000c860                Keyboard::~Keyboard()
                0x00000000c000c860                Keyboard::~Keyboard()
                0x00000000c000c884                Keyboard::~Keyboard()
 .text          0x00000000c000c8ae      0x3ea hal/logidisk.32
                0x00000000c000c8ae                LogicalDisk::close(int, int, void*)
                0x00000000c000c8b2                LogicalDisk::~LogicalDisk()
                0x00000000c000c8b2                LogicalDisk::~LogicalDisk()
                0x00000000c000c8d6                LogicalDisk::~LogicalDisk()
                0x00000000c000c900                LogicalDisk::open(int, int, void*)
                0x00000000c000c914                LogicalDisk::absoluteToRelative(unsigned long long)
                0x00000000c000c94c                LogicalDisk::relativeToAbsolute(unsigned long long)
                0x00000000c000c992                LogicalDisk::LogicalDisk(char const*, PhysicalDisk*, unsigned long long, unsigned long long)
                0x00000000c000c992                LogicalDisk::LogicalDisk(char const*, PhysicalDisk*, unsigned long long, unsigned long long)
                0x00000000c000ca48                LogicalDisk::assignDriveLetter()
                0x00000000c000cafe                LogicalDisk::mount()
                0x00000000c000cb46                LogicalDisk::unmount()
                0x00000000c000cb56                LogicalDisk::eject()
                0x00000000c000cb6a                LogicalDisk::unassignDriveLetter()
                0x00000000c000cbc0                LogicalDisk::read(unsigned long long, int, void*)
                0x00000000c000cc2c                LogicalDisk::write(unsigned long long, int, void*)
 .text          0x00000000c000cc98       0x86 hal/mouse.32
                0x00000000c000cc98                Mouse::Mouse(char const*)
                0x00000000c000cc98                Mouse::Mouse(char const*)
                0x00000000c000ccd0                Mouse::~Mouse()
                0x00000000c000ccd0                Mouse::~Mouse()
                0x00000000c000ccf4                Mouse::~Mouse()
 .text          0x00000000c000cd1e      0x339 hal/partition.32
                0x00000000c000cd1e                makePartition(PhysicalDisk*, unsigned long long, unsigned long long)
                0x00000000c000cdc6                createPartitionsForDisk(PhysicalDisk*)
 *fill*         0x00000000c000d057        0x1 
 .text          0x00000000c000d058       0x86 hal/serial.32
                0x00000000c000d058                Serial::Serial(char const*)
                0x00000000c000d058                Serial::Serial(char const*)
                0x00000000c000d090                Serial::~Serial()
                0x00000000c000d090                Serial::~Serial()
                0x00000000c000d0b4                Serial::~Serial()
 *fill*         0x00000000c000d0de        0x2 
 .text          0x00000000c000d0e0      0x234 hal/timer.32
                0x00000000c000d0e0                Timer::Timer(char const*)
                0x00000000c000d0e0                Timer::Timer(char const*)
                0x00000000c000d118                Timer::~Timer()
                0x00000000c000d118                Timer::~Timer()
                0x00000000c000d13c                Timer::~Timer()
                0x00000000c000d166                Timer::read()
                0x00000000c000d171                setupTimer(int)
                0x00000000c000d1ac                timerHandler(unsigned int)
 .text          0x00000000c000d314      0x3ce hal/vcache.32
                0x00000000c000d314                VCache::VCache(PhysicalDisk*)
                0x00000000c000d314                VCache::VCache(PhysicalDisk*)
                0x00000000c000d47c                VCache::invalidateReadBuffer()
                0x00000000c000d48c                VCache::writeWriteBuffer()
                0x00000000c000d4d8                VCache::~VCache()
                0x00000000c000d4d8                VCache::~VCache()
                0x00000000c000d52c                VCache::~VCache()
                0x00000000c000d554                VCache::write(unsigned long long, int, void*)
                0x00000000c000d66a                VCache::read(unsigned long long, int, void*)
 .text          0x00000000c000d6e2      0x4b3 hal/video.32
                0x00000000c000d6e2                Video::putrect(int, int, int, int, unsigned int)
                0x00000000c000d72e                Video::bitblit(int, int, int, int, int, int, int, unsigned int*)
                0x00000000c000d79e                Video::blit(unsigned int*, int, int, int, int)
                0x00000000c000d81c                Video::clearScreen(unsigned int)
                0x00000000c000d850                Video::putpixel(int, int, unsigned int)
                0x00000000c000d85e                Video::Video(char const*)
                0x00000000c000d85e                Video::Video(char const*)
                0x00000000c000d894                Video::~Video()
                0x00000000c000d894                Video::~Video()
                0x00000000c000d8b8                Video::~Video()
                0x00000000c000d8e2                Video::isMonochrome()
                0x00000000c000d8ee                Video::getWidth()
                0x00000000c000d8fa                Video::getHeight()
                0x00000000c000d906                Video::drawCursor(int, int, unsigned char*, int)
                0x00000000c000d9c2                Video::tgaParse(unsigned char*, int, int*, int*)
                0x00000000c000db2a                Video::putTGA(int, int, unsigned char*, int)
 *fill*         0x00000000c000db95        0x3 
 .text          0x00000000c000db98     0x1307 hw/acpi.32
                0x00000000c000db98                ACPI::close(int, int, void*)
                0x00000000c000dc50                findRSDP()
                0x00000000c000dce0                loadACPITables(unsigned char*)
                0x00000000c000df44                findRSDT(unsigned char*)
                0x00000000c000e094                findDataTable(unsigned char*, char*)
                0x00000000c000e10c                scanMADT()
                0x00000000c000e5e0                ACPI::ACPI()
                0x00000000c000e5e0                ACPI::ACPI()
                0x00000000c000e634                ACPI::getPCIIRQAssignment(unsigned char, unsigned short, unsigned char)
                0x00000000c000e71c                ACPI::registerPCIIRQAssignment(void*, unsigned short, unsigned char, unsigned char)
                0x00000000c000e7e4                ACPI::setScreenBrightnessLevel(void*, int)
                0x00000000c000e7ec                ACPI::detectPCI()
                0x00000000c000e9f4                ACPI::writeSimpleBootFlag(SimpleBootFlagTable*)
                0x00000000c000ea48                ACPI::sleep()
                0x00000000c000ea64                ACPI::open(int, int, void*)
 *fill*         0x00000000c000ee9f        0x1 
 .text          0x00000000c000eea0      0xb95 hw/cpu.32
                0x00000000c000eea0                CPU::close(int, int, void*)
                0x00000000c000eea4                CPU::AMD_K6_write_msr(unsigned int, unsigned int, unsigned int, CPU::REGS*)
                0x00000000c000eec0                CPU::AMD_K6_read_msr(unsigned int, CPU::REGS*)
                0x00000000c000eed8                CPU::AMD_K6_writeback(int, int, int)
                0x00000000c000ef4c                CPU::cpuid(int, unsigned long*, unsigned long*, unsigned long*, unsigned long*)
                0x00000000c000efd0                CPU::cpuidCheckEDX(unsigned int)
                0x00000000c000effe                CPU::cpuidCheckECX(unsigned int)
                0x00000000c000f02c                CPU::cpuidCheckExtendedEBX(unsigned int)
                0x00000000c000f05a                CPU::cpuidCheckExtendedECX(unsigned int)
                0x00000000c000f088                CPU::CPU()
                0x00000000c000f088                CPU::CPU()
                0x00000000c000f116                CPU::displayFeatures()
                0x00000000c000f118                CPU::detectFeatures()
                0x00000000c000f7dc                CPU::setupSMEP()
                0x00000000c000f7e8                CPU::setupUMIP()
                0x00000000c000f7f2                CPU::setupTSC()
                0x00000000c000f7fc                CPU::setupLargePages()
                0x00000000c000f806                CPU::setupPAT()
                0x00000000c000f842                CPU::setupMTRR()
                0x00000000c000f844                CPU::setupGlobalPages()
                0x00000000c000f84e                CPU::allowUsermodeDataAccess()
                0x00000000c000f860                CPU::prohibitUsermodeDataAccess()
                0x00000000c000f872                CPU::setupSMAP()
                0x00000000c000f880                CPU::setupFeatures()
                0x00000000c000f94c                CPU::open(int, int, void*)
 .text          0x00000000c000fa35       0xd1 krnl/bootmsg.32
                0x00000000c000fa35                KeDisplaySplashScreen()
                0x00000000c000faa3                KeSetBootMessage(char const*)
 .text          0x00000000c000fb06      0x581 krnl/env.32
                0x00000000c000fb06                EnvVarContainer::getEnv(char const*)
                0x00000000c000fb44                EnvVarContainer::setEnv(char const*, char const*)
                0x00000000c000fc06                EnvVarContainer::deleteEnv(char const*)
                0x00000000c000fc08                EnvVarContainer::loadFrom(char const*, char const*)
                0x00000000c000fdee                EnvVarContainer::__loadSystem()
                0x00000000c000fe08                EnvVarContainer::__loadUser()
                0x00000000c000fe0a                EnvVarContainer::EnvVarContainer(Process*)
                0x00000000c000fe0a                EnvVarContainer::EnvVarContainer(Process*)
                0x00000000c000fe2c                EnvVarContainer::~EnvVarContainer()
                0x00000000c000fe2c                EnvVarContainer::~EnvVarContainer()
                0x00000000c000fe5c                Krnl::getEnv(Process*, char const*)
                0x00000000c000fec1                Krnl::setEnvSystem(char const*, char const*)
                0x00000000c000fedb                Krnl::setEnvUser(char const*, char const*)
                0x00000000c000fefa                Krnl::setEnvProcess(Process*, char const*, char const*)
                0x00000000c000ff0d                Krnl::deleteEnvSystem(char const*)
                0x00000000c000ff0e                Krnl::deleteEnvUser(char const*)
                0x00000000c000ff0f                Krnl::deleteEnvProcess(Process*, char const*)
                0x00000000c000ff10                Krnl::newProcessEnv(Process*)
                0x00000000c000ff32                Krnl::copyProcessEnv(Process*, Process*)
                0x00000000c000ff7e                Krnl::loadSystemEnv()
                0x00000000c000ffac                Krnl::loadUserEnv()
                0x00000000c000ffd2                Krnl::flushEnv()
                0x00000000c000ffd3                Krnl::getProcessTotalEnvCount(Process*)
                0x00000000c000fff3                Krnl::getProcessEnvPair(Process*, int)
 .text          0x00000000c0010087       0x94 krnl/inlines.32
                0x00000000c0010087                CPU::current()
                0x00000000c0010093                operator new(unsigned long)
                0x00000000c0010098                operator delete(void*)
                0x00000000c001009d                disableIRQs()
                0x00000000c001009f                enableIRQs()
                0x00000000c00100a1                lockScheduler()
                0x00000000c00100a9                unlockScheduler()
                0x00000000c00100b8                lockStuff()
                0x00000000c00100c6                unlockStuff()
                0x00000000c0010100                Virt::getAKernelVAS()
                0x00000000c0010106                __not_memcpy
 .text          0x00000000c001011b        0xc krnl/panic.32
                0x00000000c001011b                KePanic(char const*)
 .text          0x00000000c0010127      0x142 krnl/powctrl.32
                0x00000000c0010127                Krnl::powerThread(void*)
                0x00000000c0010155                Krnl::changePowerSettings(Krnl::PowerSettings)
                0x00000000c001016b                Krnl::userIOReceived()
                0x00000000c0010176                Krnl::handlePowerButton()
                0x00000000c00101ab                Krnl::handleSleepButton()
                0x00000000c00101e0                Krnl::setupPowerManager()
 *fill*         0x00000000c0010269        0x3 
 .text          0x00000000c001026c      0x190 krnl/resolve.32
                0x00000000c001026c                KeResolveCompatibilitySymbol(char*)
 .text          0x00000000c00103fc      0x1b2 krnl/signal.32
                0x00000000c00103fc                KeInitSignals()
                0x00000000c0010431                KeRegisterSignalHandler(SigHandlerBlock*, int, void (*)(int, void*), unsigned int, int)
                0x00000000c0010467                KeRaiseSignal(SigHandlerBlock*, int)
                0x00000000c00104ac                KeCheckSignal(SigHandlerBlock*)
                0x00000000c0010573                KeCompleteSignal(SigHandlerBlock*, int)
 .text          0x00000000c00105ae      0xc51 krnl/syscalls.32
                0x00000000c00105ae                SysSeekDir(regs*)
                0x00000000c00105b3                SysTellDir(regs*)
                0x00000000c00105b8                SysVerify(regs*)
                0x00000000c00105c2                SysGetArgc(regs*)
                0x00000000c00105d2                SysTTYName(regs*)
                0x00000000c00105da                SysFormatDisk(regs*)
                0x00000000c0010647                SysSetDiskVolumeLabel(regs*)
                0x00000000c0010691                SysGetDiskVolumeLabel(regs*)
                0x00000000c00106e6                SysShutdown(regs*)
                0x00000000c0010744                SysRealpath(regs*)
                0x00000000c0010787                SysReadDir(regs*)
                0x00000000c0010807                SysIsATTY(regs*)
                0x00000000c0010863                SysSeek(regs*)
                0x00000000c00108bc                SysTell(regs*)
                0x00000000c001092b                SysSize(regs*)
                0x00000000c00109a0                SysSizeFromFilename(regs*)
                0x00000000c0010a53                SysClose(regs*)
                0x00000000c0010ab3                SysOpenDir(regs*)
                0x00000000c0010b2a                SysCloseDir(regs*)
                0x00000000c0010b7e                SysMakeDir(regs*)
                0x00000000c0010bf0                SysWait(regs*)
                0x00000000c0010c0d                SysNotImpl(regs*)
                0x00000000c0010c28                SysPanic(regs*)
                0x00000000c0010c43                SysRmdir(regs*)
                0x00000000c0010caa                SysUnlink(regs*)
                0x00000000c0010d11                SysGetArgv(regs*)
                0x00000000c0010d5e                SysUSleep(regs*)
                0x00000000c0010d87                SysSpawn(regs*)
                0x00000000c0010df0                SysGetEnv(regs*)
                0x00000000c0010e9f                SysSetFatAttrib(regs*)
                0x00000000c0010f16                SysPipe(regs*)
                0x00000000c0010f5b                SysGetUnixTime(regs*)
                0x00000000c0010f6f                string_ends_with(char const*, char const*)
                0x00000000c0010fb9                SysOpen(regs*)
                0x00000000c00111ad                KeSystemCall(regs*, void*)
 .text          0x00000000c00111ff      0x50e reg/registry.32
                0x00000000c00111ff                Reg::findLineFromLoadedData(char*, char*, char*)
                0x00000000c0011357                Reg::getLineFromRegistry(char*, char*, char*, char*)
                0x00000000c00114ac                Reg::getLine(char*, char*, char*)
                0x00000000c00114e3                Reg::readInt(char*, char*, int*)
                0x00000000c00115ce                Reg::readString(char*, char*, char*, int)
                0x00000000c001164f                Reg::readBool(char*, char*, bool*)
                0x00000000c0011674                Reg::readBoolWithDefault(char*, char*, bool)
                0x00000000c00116a0                Reg::readIntWithDefault(char*, char*, int)
                0x00000000c00116cc                Reg::readStringWithDefault(char*, char*, char*, int, char*)
 .text          0x00000000c001170d       0x36 sys/eject.32
                0x00000000c001170d                SysEject(regs*)
 .text          0x00000000c0011743       0x18 sys/exit.32
                0x00000000c0011743                SysExit(regs*)
 .text          0x00000000c001175b       0x1f sys/getcwd.32
                0x00000000c001175b                SysGetCwd(regs*)
 .text          0x00000000c001177a        0xc sys/getpid.32
                0x00000000c001177a                SysGetPID(regs*)
 .text          0x00000000c0011786       0x1a sys/getramdata.32
                0x00000000c0011786                SysGetRAMData(regs*)
 .text          0x00000000c00117a0       0x82 sys/getvgaptr.32
                0x00000000c00117a0                SysGetVGAPtr(regs*)
 .text          0x00000000c0011822       0xa8 sys/loaddll.32
                0x00000000c0011822                SysLoadDLL(regs*)
 .text          0x00000000c00118ca       0x68 sys/read.32
                0x00000000c00118ca                SysRead(regs*)
 .text          0x00000000c0011932       0x55 sys/sbrk.32
                0x00000000c0011932                SysSbrk(regs*)
 .text          0x00000000c0011987       0x1c sys/setcwd.32
                0x00000000c0011987                SysSetCwd(regs*)
 .text          0x00000000c00119a3       0x95 sys/settime.32
                0x00000000c00119a3                SysSetTime(regs*)
 .text          0x00000000c0011a38       0x4a sys/timezone.32
                0x00000000c0011a38                SysTimezone(regs*)
 .text          0x00000000c0011a82       0x68 sys/write.32
                0x00000000c0011a82                SysWrite(regs*)
 .text          0x00000000c0011aea       0x62 sys/wsbe.32
                0x00000000c0011aea                SysWsbe(regs*)
 .text          0x00000000c0011b4c       0x25 sys/yield.32
                0x00000000c0011b4c                SysYield(regs*)
 .text          0x00000000c0011b71     0x11e5 thr/elf.32
                0x00000000c0011b71                Thr::allocateMemoryForTask(Process*, File*, unsigned long, unsigned long, unsigned long)
                0x00000000c0011dfd                Thr::loadProgramIntoMemory(Process*, char const*)
                0x00000000c0012013                Thr::runtimeReferenceHelper()
                0x00000000c0012026                Thr::getAddressOfKernelSymbol(char const*)
                0x00000000c0012075                Thr::loadKernelSymbolTable(char const*)
                0x00000000c0012333                Thr::loadDriverIntoMemory(char const*, unsigned long, bool)
                0x00000000c0012a69                Thr::getDriverBaseFromAddress(unsigned long)
                0x00000000c0012a9b                Thr::getDriverNameFromAddress(unsigned long)
                0x00000000c0012ad2                Thr::getDriverOffsetFromAddress(unsigned long)
                0x00000000c0012aec                Thr::loadDLL(char const*, bool)
                0x00000000c0012d1d                Thr::executeDLL(unsigned long, void*)
 *fill*         0x00000000c0012d56        0x2 
 .text          0x00000000c0012d58     0x1445 thr/prcssthr.32
                0x00000000c0012d58                userModeEntryPoint(void*)
                0x00000000c0012d80                changeTSS
                0x00000000c0012db0                switchToThread(ThreadControlBlock*)
                0x00000000c0012e64                Process::addArgs(char**)
                0x00000000c0012ec4                Process::Process(char const*, Process*, char**)
                0x00000000c0012ec4                Process::Process(char const*, Process*, char**)
                0x00000000c0013178                Process::Process(bool, char const*, Process*, char**)
                0x00000000c0013178                Process::Process(bool, char const*, Process*, char**)
                0x00000000c00133f0                taskStartupFunction
                0x00000000c00133fc                Semaphore::Semaphore(int)
                0x00000000c00133fc                Semaphore::Semaphore(int)
                0x00000000c001342c                Mutex::Mutex()
                0x00000000c001342c                Mutex::Mutex()
                0x00000000c0013440                Process::createThread(void (*)(void*), void*, int)
                0x00000000c0013538                Process::createUserThread()
                0x00000000c0013558                setupMultitasking(void (*)())
                0x00000000c0013660                schedule()
                0x00000000c00136f0                Semaphore::tryAcquire()
                0x00000000c00137bc                Semaphore::assertLocked(char const*)
                0x00000000c0013834                blockTaskWithSchedulerLockAlreadyHeld(TaskState)
                0x00000000c001385c                blockTask(TaskState)
                0x00000000c001388c                waitTask(int, int*, int)
                0x00000000c00138d0                milliTenthSleepUntil(unsigned int)
                0x00000000c0013960                milliTenthSleep(unsigned int)
                0x00000000c0013970                sleep(unsigned int)
                0x00000000c001398c                Semaphore::acquire()
                0x00000000c0013a48                taskReturned
                0x00000000c0013a84                Thr::processFromPID(int)
                0x00000000c0013b24                unblockTask(ThreadControlBlock*)
                0x00000000c0013bc8                cleanupTerminatedTask(ThreadControlBlock*)
                0x00000000c0013e94                cleanerTaskFunction(void*)
                0x00000000c0013f84                terminateTask(int)
                0x00000000c0014050                Thr::terminateFromIRQ(int)
                0x00000000c0014060                Semaphore::release()
 .text          0x00000000c001419d      0xb93 vm86/vm8086.32
                0x00000000c001419d                Vm::inbv(unsigned short)
                0x00000000c00141b0                Vm::outbv(unsigned short, unsigned char)
                0x00000000c00141e6                Vm::realToLinear(unsigned short, unsigned short)
                0x00000000c00141f6                Vm::getSegment(unsigned int)
                0x00000000c00141fe                Vm::getOffset(unsigned int)
                0x00000000c0014203                Vm::mainloop2()
                0x00000000c001423d                Vm::mainVm8086Loop(void*)
                0x00000000c001424d                Vm::mainloop3(unsigned long)
                0x00000000c0014273                Vm::initialise8086()
                0x00000000c00142b6                Vm::finish8086()
                0x00000000c0014317                Vm::getOutput8086(unsigned char*)
                0x00000000c001433c                Vm::start8086FromBuffer(unsigned char*, int, unsigned short, unsigned short, unsigned short, unsigned short)
                0x00000000c00143f5                Vm::start8086(char const*, unsigned short, unsigned short, unsigned short, unsigned short)
                0x00000000c001455d                Vm::doISR(regs*, int, unsigned char*, unsigned short, unsigned short)
                0x00000000c00145e7                Vm::readByteFromReal(unsigned short, unsigned short)
                0x00000000c00145f8                Vm::readWordFromReal(unsigned short, unsigned short)
                0x00000000c001460a                Vm::readDwordFromReal(unsigned short, unsigned short)
                0x00000000c001461b                Vm::writeByteFromReal(unsigned short, unsigned short, unsigned char)
                0x00000000c0014630                Vm::writeWordFromReal(unsigned short, unsigned short, unsigned short)
                0x00000000c0014646                Vm::writeDwordFromReal(unsigned short, unsigned short, unsigned int)
                0x00000000c001465b                Vm::faultHandler(regs*)
 .text          0x00000000c0014d30      0xa53 arch/i386/hal.32
                0x00000000c0014d30                noCopro(unsigned long)
                0x00000000c0014d31                nmiHandler(regs*, void*)
                0x00000000c0014d4a                doubleFault(regs*, void*)
                0x00000000c0014d63                displayDebugInfo(regs*)
                0x00000000c0015084                HalSystemIdle()
                0x00000000c00150fa                displayProgramFault(char const*)
                0x00000000c0015146                gpFault(regs*, void*)
                0x00000000c00151ab                pgFault(regs*, void*)
                0x00000000c0015231                otherISRHandler(regs*, void*)
                0x00000000c0015265                opcodeFault(regs*, void*)
                0x00000000c00152e5                i386SaveCoprocessor(void*)
                0x00000000c00152f9                i386LoadCoprocessor(void*)
                0x00000000c001530d                x87EmulHandler(regs*, void*)
                0x00000000c00153aa                HalInitialiseCoprocessor()
                0x00000000c0015458                HalPanic(char const*)
                0x00000000c0015551                HalQueryPerformanceCounter()
                0x00000000c001556c                HalInitialise()
                0x00000000c0015712                HalMakeBeep(int)
                0x00000000c001574c                HalGetRand()
                0x00000000c001574f                HalEndOfInterrupt(int)
                0x00000000c0015780                HalRestart()
                0x00000000c0015781                HalShutdown()
                0x00000000c0015782                HalSleep()
 *fill*         0x00000000c0015783        0x1 
 .text          0x00000000c0015784      0x2f4 arch/i386/pic.32
                0x00000000c0015784                picIoWait()
                0x00000000c001578c                picDisable()
                0x00000000c00157c0                picGetIRQReg(int)
                0x00000000c0015844                picOpen()
                0x00000000c00159d4                picEOI(int)
 .text          0x00000000c0015a78      0x64d arch/i386/rtc.32
                0x00000000c0015a78                RTC::open(int, int, void*)
                0x00000000c0015a7c                RTC::close(int, int, void*)
                0x00000000c0015a80                RTC::timeInSecondsUTC()
                0x00000000c0015a92                RTC::timeInDatetimeUTC()
                0x00000000c0015ab8                RTC::setTimeInSecondsUTC(unsigned long long)
                0x00000000c0015af6                RTC::~RTC()
                0x00000000c0015af6                RTC::~RTC()
                0x00000000c0015b1a                RTC::~RTC()
                0x00000000c0015b44                RTC::get_update_in_progress_flag()
                0x00000000c0015b5c                RTC::completeRTCRefresh()
                0x00000000c0015e14                RTC::setTimeInDatetimeUTC(datetime_t)
                0x00000000c0015fc7                rtcIRQHandler(regs*, void*)
                0x00000000c001600c                RTC::RTC()
                0x00000000c001600c                RTC::RTC()
 *fill*         0x00000000c00160c5        0x3 
 .text          0x00000000c00160c8      0x203 arch/i386/vga.32
                0x00000000c00160c8                HalConsoleScroll(int, int)
                0x00000000c00161d0                HalConsoleWriteCharacter(char, int, int, int, int)
                0x00000000c001623c                HalConsoleCursorUpdate(int, int)
 *fill*         0x00000000c00162cb        0x1 
 .text          0x00000000c00162cc     0x13e7 fs/fat/vfslink.32
                0x00000000c00162cc                FAT::getName()
                0x00000000c00162d4                FAT::tell(void*, unsigned long long*)
                0x00000000c0016310                FAT::stat(void*, unsigned long long*)
                0x00000000c001634c                FAT::~FAT()
                0x00000000c001634c                FAT::~FAT()
                0x00000000c0016370                FAT::~FAT()
                0x00000000c0016398                FAT::getlabel(LogicalDisk*, int, char*, unsigned int*)
                0x00000000c001643c                FAT::setlabel(LogicalDisk*, int, char*)
                0x00000000c0016500                FAT::format(LogicalDisk*, int, char const*, int)
                0x00000000c00166d4                FAT::tryMount(LogicalDisk*, int)
                0x00000000c00168ec                FAT::allocateSwapfile(char const*, int)
                0x00000000c0016aac                FAT::readDir(void*, unsigned long, void*, int*)
                0x00000000c0016c18                FAT::read(void*, unsigned long, void*, int*)
                0x00000000c0016c78                FAT::write(void*, unsigned long, void*, int*)
                0x00000000c0016cd8                FAT::close(void*)
                0x00000000c0016d2c                FAT::closeDir(void*)
                0x00000000c0016d80                FAT::seek(void*, unsigned long long)
                0x00000000c0016dd8                fatWrapperReadDisk
                0x00000000c0016e1c                fatWrapperWriteDisk
                0x00000000c0016e60                fatWrapperIoctl
                0x00000000c0016f7c                FAT::FAT()
                0x00000000c0016f7c                FAT::FAT()
                0x00000000c0016fd0                FAT::fixFilepath(char*)
                0x00000000c001700c                FAT::open(char const*, void**, FileOpenMode)
                0x00000000c0017144                FAT::openDir(char const*, void**)
                0x00000000c00171f4                FAT::stat(char const*, unsigned long long*, bool*)
                0x00000000c00172ec                FAT::unlink(char const*)
                0x00000000c001736c                FAT::chfatattr(char const*, unsigned char, unsigned char)
                0x00000000c00174f8                FAT::rename(char const*, char const*)
                0x00000000c00175c4                FAT::mkdir(char const*)
                0x00000000c0017644                FAT::exists(char const*)
 *fill*         0x00000000c00176b3        0x1 
 .text          0x00000000c00176b4       0xc6 fs/iso9660/helper.32
                0x00000000c00176b4                isoReadDiscSectorHelper
                0x00000000c0017710                iso_kprintf
                0x00000000c0017730                iso_kprintfd
 .text          0x00000000c001777a      0x586 fs/iso9660/vfslink.32
                0x00000000c001777a                ISO9660::format(LogicalDisk*, int, char const*, int)
                0x00000000c0017780                ISO9660::getName()
                0x00000000c0017786                ISO9660::closeDir(void*)
                0x00000000c0017790                ISO9660::chfatattr(char const*, unsigned char, unsigned char)
                0x00000000c0017796                ISO9660::unlink(char const*)
                0x00000000c001779c                ISO9660::write(void*, unsigned long, void*, int*)
                0x00000000c00177a2                ISO9660::rename(char const*, char const*)
                0x00000000c00177a8                ISO9660::mkdir(char const*)
                0x00000000c00177ae                ISO9660::~ISO9660()
                0x00000000c00177ae                ISO9660::~ISO9660()
                0x00000000c00177d2                ISO9660::~ISO9660()
                0x00000000c00177fa                ISO9660::exists(char const*)
                0x00000000c001780e                ISO9660::open(char const*, void**, FileOpenMode)
                0x00000000c00178ae                ISO9660::openDir(char const*, void**)
                0x00000000c001793e                ISO9660::read(void*, unsigned long, void*, int*)
                0x00000000c001797e                ISO9660::seek(void*, unsigned long long)
                0x00000000c00179b6                ISO9660::tell(void*, unsigned long long*)
                0x00000000c00179ec                ISO9660::stat(void*, unsigned long long*)
                0x00000000c0017a26                ISO9660::stat(char const*, unsigned long long*, bool*)
                0x00000000c0017af8                ISO9660::close(void*)
                0x00000000c0017b1e                ISO9660::readDir(void*, unsigned long, void*, int*)
                0x00000000c0017beb                readSectorFromCDROM(unsigned int, unsigned char*, char)
                0x00000000c0017c66                ISO9660::tryMount(LogicalDisk*, int)
                0x00000000c0017cd8                ISO9660::ISO9660()
                0x00000000c0017cd8                ISO9660::ISO9660()
 .text          0x00000000c0017d00      0x26c hal/sound/sndcard.32
                0x00000000c0017d00                SoundCard::beginPlayback()
                0x00000000c0017d0e                SoundCard::stopPlayback()
                0x00000000c0017d1c                SoundCard::SoundCard(char const*)
                0x00000000c0017d1c                SoundCard::SoundCard(char const*)
                0x00000000c0017dba                SoundCard::~SoundCard()
                0x00000000c0017dba                SoundCard::~SoundCard()
                0x00000000c0017dde                SoundCard::~SoundCard()
                0x00000000c0017e08                SoundCard::configureRates(int, int, int)
                0x00000000c0017e38                SoundCard::getSamples16(int, short*)
                0x00000000c0017e94                SoundCard::getSamples32(int, int*)
                0x00000000c0017f1a                SoundCard::addChannel(SoundPort*)
                0x00000000c0017f58                SoundCard::removeChannel(int)
 .text          0x00000000c0017f6c      0x377 hal/sound/sndport.32
                0x00000000c0017f6c                SoundPort::SoundPort(int, int, int, int)
                0x00000000c0017f6c                SoundPort::SoundPort(int, int, int, int)
                0x00000000c0017ff8                SoundPort::~SoundPort()
                0x00000000c0017ff8                SoundPort::~SoundPort()
                0x00000000c001802c                SoundPort::unpause()
                0x00000000c0018038                SoundPort::pause()
                0x00000000c0018044                SoundPort::getBufferUsed()
                0x00000000c001804c                SoundPort::getBufferSize()
                0x00000000c0018054                SoundPort::buffer16(short*, int)
                0x00000000c00180e0                SoundPort::buffer32(int*, int)
                0x00000000c0018168                SoundPort::unbufferAndAdd16(int, short*, SoundCard*)
                0x00000000c001822c                SoundPort::unbufferAndAdd32(int, int*, SoundCard*)
 .text          0x00000000c00182e3        0x0 hw/bus/isa.32
 *fill*         0x00000000c00182e3        0x1 
 .text          0x00000000c00182e4      0xb49 hw/bus/pci.32
                0x00000000c00182e4                PCI::open(int, int, void*)
                0x00000000c0018302                PCI::close(int, int, void*)
                0x00000000c0018306                PCI::PCI()
                0x00000000c0018306                PCI::PCI()
                0x00000000c00183a0                PCI::readBAR8(unsigned int, int)
                0x00000000c00183bc                PCI::readBAR16(unsigned int, int)
                0x00000000c00183da                PCI::readBAR32(unsigned int, int)
                0x00000000c00183f6                PCI::writeBAR8(unsigned int, unsigned char, int)
                0x00000000c0018416                PCI::writeBAR16(unsigned int, unsigned short, int)
                0x00000000c0018438                PCI::writeBAR32(unsigned int, unsigned int, int)
                0x00000000c0018458                PCI::legacyMechanism(unsigned char, unsigned char, unsigned char, unsigned char)
                0x00000000c00184c6                PCI::pciReadWord(unsigned char, unsigned char, unsigned char, unsigned char)
                0x00000000c001856e                PCI::getVendorID(unsigned char, unsigned char, unsigned char)
                0x00000000c0018592                PCI::getHeaderType(unsigned char, unsigned char, unsigned char)
                0x00000000c00185ba                PCI::getClassCode(unsigned char, unsigned char, unsigned char)
                0x00000000c0018604                PCI::getProgIF(unsigned char, unsigned char, unsigned char)
                0x00000000c001862c                PCI::getRevisionID(unsigned char, unsigned char, unsigned char)
                0x00000000c0018650                PCI::getInterruptNumber(unsigned char, unsigned char, unsigned char)
                0x00000000c0018674                PCI::getSecondaryBus(unsigned char, unsigned char, unsigned char)
                0x00000000c001869c                PCI::getBARAddress(unsigned char, unsigned char, unsigned char, unsigned char)
                0x00000000c0018700                PCI::pciWriteWord(unsigned char, unsigned char, unsigned char, unsigned char, unsigned short)
                0x00000000c00187e8                PCI::pciDetailsToFilepath(PCIDeviceInfo, char*)
                0x00000000c0018a62                PCI::checkBus(unsigned char)
                0x00000000c0018a88                PCI::foundDevice(PCIDeviceInfo)
                0x00000000c0018bfa                PCI::getDeviceData(unsigned char, unsigned char, unsigned char)
                0x00000000c0018d6e                PCI::checkDevice(unsigned char, unsigned char)
                0x00000000c0018dda                PCI::detect()
 *fill*         0x00000000c0018e2d        0x1 
 .text          0x00000000c0018e2e      0xb5a hw/diskctrl/ide.32
                0x00000000c0018e2e                IDE::close(int, int, void*)
                0x00000000c0018e32                IDE::IDE()
                0x00000000c0018e32                IDE::IDE()
                0x00000000c0018e66                IDE::prepareInterrupt(unsigned char)
                0x00000000c0018e78                selectDrive(unsigned char, unsigned char)
                0x00000000c0018e7a                IDE::getBase(unsigned char)
                0x00000000c0018e8c                IDE::write(unsigned char, unsigned char, unsigned char)
                0x00000000c0018f4c                IDE::read(unsigned char, unsigned char)
                0x00000000c0018ffa                IDE::waitInterrupt(unsigned char)
                0x00000000c0019062                ideChannel0IRQHandler(regs*, void*)
                0x00000000c001907e                ideChannel1IRQHandler(regs*, void*)
                0x00000000c001909a                IDE::enableIRQs(unsigned char, bool)
                0x00000000c00190e0                IDE::open(int, int, void*)
                0x00000000c00194ee                IDE::readBuffer(unsigned char, unsigned char, unsigned int, unsigned int)
                0x00000000c00195ba                IDE::detect()
                0x00000000c001987a                IDE::printError(unsigned char, unsigned char, unsigned char)
                0x00000000c001992a                IDE::polling(unsigned char, unsigned int)
 .text          0x00000000c0019988      0x32a hw/diskctrl/satabus.32
                0x00000000c0019988                SATABus::close(int, int, void*)
                0x00000000c001998c                SATABus::detect()
                0x00000000c001998e                SATABus::SATABus()
                0x00000000c001998e                SATABus::SATABus()
                0x00000000c0019a14                SATABus::findCmdslot(SATABus::tagHBA_PORT volatile*)
                0x00000000c0019a46                SATABus::checkType(SATABus::tagHBA_PORT volatile*)
                0x00000000c0019a8e                SATABus::startCmd(SATABus::tagHBA_PORT volatile*)
                0x00000000c0019aae                SATABus::stopCmd(SATABus::tagHBA_PORT volatile*)
                0x00000000c0019ad8                SATABus::portRebase(SATABus::tagHBA_PORT volatile*, int)
                0x00000000c0019be8                SATABus::probePort(SATABus::tagHBA_MEM volatile*)
                0x00000000c0019c92                SATABus::open(int, int, void*)
 .text          0x00000000c0019cb2      0x5f4 hw/diskphys/ata.32
                0x00000000c0019cb2                ATA::close(int, int, void*)
                0x00000000c0019cd6                ATA::powerSaving(PowerSavingLevel)
                0x00000000c0019cd8                ATA::ATA()
                0x00000000c0019cd8                ATA::ATA()
                0x00000000c0019d06                ATA::flush(bool)
                0x00000000c0019d50                ATA::readyForCommand()
                0x00000000c0019d9c                ATA::access(unsigned long long, int, void*, bool)
                0x00000000c001a118                ATA::read(unsigned long long, int, void*)
                0x00000000c001a164                ATA::write(unsigned long long, int, void*)
                0x00000000c001a1b0                ATA::detectCHS()
                0x00000000c001a1da                ATA::open(int, int, void*)
 .text          0x00000000c001a2a6      0x60e hw/diskphys/atapi.32
                0x00000000c001a2a6                ATAPI::write(unsigned long long, int, void*)
                0x00000000c001a2ac                ATAPI::close(int, int, void*)
                0x00000000c001a2d0                ATAPI::ATAPI()
                0x00000000c001a2d0                ATAPI::ATAPI()
                0x00000000c001a2fe                ATAPI::readyForCommand()
                0x00000000c001a350                ATAPI::sendPacket(unsigned char*, int, bool, unsigned short*, int)
                0x00000000c001a610                ATAPI::diskRemoved()
                0x00000000c001a64a                ATAPI::eject()
                0x00000000c001a692                ATAPI::diskInserted()
                0x00000000c001a69e                ATAPI::detectMedia()
                0x00000000c001a75a                ATAPI::open(int, int, void*)
                0x00000000c001a83a                ATAPI::read(unsigned long long, int, void*)
 .text          0x00000000c001a8b4      0x402 hw/diskphys/sata.32
                0x00000000c001a8b4                SATA::close(int, int, void*)
                0x00000000c001a8d8                SATA::powerSaving(PowerSavingLevel)
                0x00000000c001a8da                SATA::open(int, int, void*)
                0x00000000c001a984                SATA::SATA()
                0x00000000c001a984                SATA::SATA()
                0x00000000c001a9b2                SATA::access(unsigned long long, int, void*, bool)
                0x00000000c001abfe                SATA::read(unsigned long long, int, void*)
                0x00000000c001ac4a                SATA::write(unsigned long long, int, void*)
 .text          0x00000000c001acb6      0x5af hw/diskphys/satapi.32
                0x00000000c001acb6                SATAPI::write(unsigned long long, int, void*)
                0x00000000c001acbc                SATAPI::close(int, int, void*)
                0x00000000c001ace0                SATAPI::SATAPI()
                0x00000000c001ace0                SATAPI::SATAPI()
                0x00000000c001ad0e                SATAPI::diskRemoved()
                0x00000000c001ad10                SATAPI::diskInserted()
                0x00000000c001ad2c                SATAPI::sendPacket(unsigned char*, int, unsigned long long, unsigned short*, int)
                0x00000000c001b00c                SATAPI::eject()
                0x00000000c001b048                SATAPI::detectMedia()
                0x00000000c001b06e                SATAPI::open(int, int, void*)
                0x00000000c001b16e                SATAPI::read(unsigned long long, int, void*)
 *fill*         0x00000000c001b265        0x1 
 .text          0x00000000c001b266      0x455 hw/intctrl/apic.32
                0x00000000c001b266                IOAPIC::close(int, int, void*)
                0x00000000c001b26c                apicGetBase()
                0x00000000c001b2ae                IOAPIC::IOAPIC()
                0x00000000c001b2ae                IOAPIC::IOAPIC()
                0x00000000c001b2d6                apicOpen()
                0x00000000c001b43c                IOAPIC::handlesGSIWithNumber(unsigned int)
                0x00000000c001b46e                IOAPIC::read(int)
                0x00000000c001b496                IOAPIC::open(int, int, void*)
                0x00000000c001b58a                IOAPIC::write(int, int)
                0x00000000c001b5b6                IOAPIC::redirect(unsigned char, unsigned long long, unsigned char, bool, bool)
 *fill*         0x00000000c001b6bb        0x1 
 .text          0x00000000c001b6bc       0xf0 hw/timer/apictimer.32
                0x00000000c001b6bc                APICTimer::close(int, int, void*)
                0x00000000c001b6c4                apicTimerHandler(regs*, void*)
                0x00000000c001b6ec                APICTimer::open(int, int, void*)
                0x00000000c001b75c                APICTimer::write(int)
                0x00000000c001b784                APICTimer::APICTimer()
                0x00000000c001b784                APICTimer::APICTimer()
 .text          0x00000000c001b7ac      0x1aa hw/timer/pit.32
                0x00000000c001b7ac                PIT::write(int)
                0x00000000c001b830                pitHandler(regs*, void*)
                0x00000000c001b854                PIT::open(int, int, void*)
                0x00000000c001b8a4                PIT::close(int, int, void*)
                0x00000000c001b8d4                PIT::PIT()
                0x00000000c001b8d4                PIT::PIT()
 *fill*         0x00000000c001b956        0xa 
 .text          0x00000000c001b960       0x83 arch/i386/avx.32
                0x00000000c001b960                avxDetect
                0x00000000c001b98a                avxSave
                0x00000000c001b99b                avxLoad
                0x00000000c001b9ac                avxInit
                0x00000000c001b9ce                avxClose
                0x00000000c001b9cf                wouldSheSayYes
 *fill*         0x00000000c001b9e3        0xd 
 .text          0x00000000c001b9f0      0x1d6 arch/i386/interrupt.32
                0x00000000c001b9f0                isr0
                0x00000000c001ba00                isr1
                0x00000000c001ba0a                isr2
                0x00000000c001ba14                isr3
                0x00000000c001ba1e                isr4
                0x00000000c001ba28                isr5
                0x00000000c001ba32                isr6
                0x00000000c001ba3c                isr7
                0x00000000c001ba46                isr8
                0x00000000c001ba4e                isr9
                0x00000000c001ba58                isr10
                0x00000000c001ba60                isr11
                0x00000000c001ba68                isr12
                0x00000000c001ba70                isr13
                0x00000000c001ba78                isr14
                0x00000000c001ba80                isr15
                0x00000000c001ba8a                isr16
                0x00000000c001ba94                isr17
                0x00000000c001ba9e                isr18
                0x00000000c001baa8                irq3
                0x00000000c001bab2                irq4
                0x00000000c001babc                irq5
                0x00000000c001bac6                irq6
                0x00000000c001bad0                irq7
                0x00000000c001bada                irq8
                0x00000000c001bae4                irq9
                0x00000000c001baee                irq10
                0x00000000c001baf8                irq11
                0x00000000c001bb02                irq12
                0x00000000c001bb0c                irq13
                0x00000000c001bb16                irq14
                0x00000000c001bb20                irq15
                0x00000000c001bb2a                irq1
                0x00000000c001bb31                irq2
                0x00000000c001bb38                isr96
                0x00000000c001bb3f                irq0
                0x00000000c001bb44                int_common_stub
                0x00000000c001bb44                syscall_common_stub
                0x00000000c001bb76                irq16
                0x00000000c001bb80                irq17
                0x00000000c001bb8a                irq18
                0x00000000c001bb94                irq19
                0x00000000c001bb9e                irq20
                0x00000000c001bba8                irq21
                0x00000000c001bbb2                irq22
                0x00000000c001bbbc                irq23
 *fill*         0x00000000c001bbc6        0xa 
 .text          0x00000000c001bbd0       0x10 arch/i386/rdrand.32
                0x00000000c001bbd0                i386GetRDRAND
 .text          0x00000000c001bbe0       0x39 arch/i386/sse.32
                0x00000000c001bbe0                absolutelyNoChanceInHell
                0x00000000c001bbe0                sseDetect
                0x00000000c001bbf8                sseSave
                0x00000000c001bc00                sseLoad
                0x00000000c001bc08                sseInit
                0x00000000c001bc18                sseClose
 *fill*         0x00000000c001bc19        0x7 
 .text          0x00000000c001bc20       0x49 arch/i386/x87.32
                0x00000000c001bc26                x87Detect
                0x00000000c001bc41                x87Save
                0x00000000c001bc48                x87Load
                0x00000000c001bc4f                x87Init
                0x00000000c001bc68                x87Close
 *fill*         0x00000000c001bc69        0x3 
 .text          0x00000000c001bc6c       0x25 /cygdrive/d/Users/Alex/Desktop/Toolchain/Output/bin/../lib/gcc/i386-banana/8.1.0/crtend.o
 .text          0x00000000c001bc91        0x0 crtn.32
 *fill*         0x00000000c001bc91        0x3 
 .text          0x00000000c001bc94      0x14b /cygdrive/d/Users/Alex/Desktop/Toolchain/Output/bin/../lib/gcc/i386-banana/8.1.0/libkgcc.a(_divdi3.o)
                0x00000000c001bc94                __divdi3
 *fill*         0x00000000c001bddf        0x1 
 .text          0x00000000c001bde0      0x17e /cygdrive/d/Users/Alex/Desktop/Toolchain/Output/bin/../lib/gcc/i386-banana/8.1.0/libkgcc.a(_moddi3.o)
                0x00000000c001bde0                __moddi3
 *fill*         0x00000000c001bf5e        0x2 
 .text          0x00000000c001bf60       0xff /cygdrive/d/Users/Alex/Desktop/Toolchain/Output/bin/../lib/gcc/i386-banana/8.1.0/libkgcc.a(_udivdi3.o)
                0x00000000c001bf60                __udivdi3
 *fill*         0x00000000c001c05f        0x1 
 .text          0x00000000c001c060      0x11a /cygdrive/d/Users/Alex/Desktop/Toolchain/Output/bin/../lib/gcc/i386-banana/8.1.0/libkgcc.a(_umoddi3.o)
                0x00000000c001c060                __umoddi3
 *(.gnu.linkonce.t*)

.iplt           0x00000000c001c180        0x0
 .iplt          0x00000000c001c180        0x0 D:/Users/Alex/Desktop/Banana/kernel/boot.32

.init           0x00000000c001c17a        0xf
 .init          0x00000000c001c17a        0x3 crti.32
                0x00000000c001c17a                _init
 .init          0x00000000c001c17d        0x5 /cygdrive/d/Users/Alex/Desktop/Toolchain/Output/bin/../lib/gcc/i386-banana/8.1.0/crtbegin.o
 .init          0x00000000c001c182        0x5 /cygdrive/d/Users/Alex/Desktop/Toolchain/Output/bin/../lib/gcc/i386-banana/8.1.0/crtend.o
 .init          0x00000000c001c187        0x2 crtn.32

.fini           0x00000000c001c189        0xa
 .fini          0x00000000c001c189        0x3 crti.32
                0x00000000c001c189                _fini
 .fini          0x00000000c001c18c        0x5 /cygdrive/d/Users/Alex/Desktop/Toolchain/Output/bin/../lib/gcc/i386-banana/8.1.0/crtbegin.o
 .fini          0x00000000c001c191        0x2 crtn.32

.text._ZN8ComputerD2Ev
                0x00000000c001c194       0x23
 .text._ZN8ComputerD2Ev
                0x00000000c001c194       0x23 core/computer.32
                0x00000000c001c194                Computer::~Computer()
                0x00000000c001c194                Computer::~Computer()

.text._ZN8ComputerD0Ev
                0x00000000c001c1b8       0x2a
 .text._ZN8ComputerD0Ev
                0x00000000c001c1b8       0x2a core/computer.32
                0x00000000c001c1b8                Computer::~Computer()

.text._Z10idleCommonv
                0x00000000c001c1e2       0x21
 .text._Z10idleCommonv
                0x00000000c001c1e2       0x21 core/idle.32
                0x00000000c001c1e2                idleCommon()

.text._ZN10LinkedListI8UnixFileED2Ev
                0x00000000c001c204        0x2
 .text._ZN10LinkedListI8UnixFileED2Ev
                0x00000000c001c204        0x2 core/unixfile.32
                0x00000000c001c204                LinkedList<UnixFile>::~LinkedList()
                0x00000000c001c204                LinkedList<UnixFile>::~LinkedList()

.text._ZN10LinkedListI8UnixFileEC2Ev
                0x00000000c001c206       0x42
 .text._ZN10LinkedListI8UnixFileEC2Ev
                0x00000000c001c206       0x42 core/unixfile.32
                0x00000000c001c206                LinkedList<UnixFile>::LinkedList()
                0x00000000c001c206                LinkedList<UnixFile>::LinkedList()

.text._ZN10LinkedListI8UnixFileE10addElementEPS0_
                0x00000000c001c248       0xd3
 .text._ZN10LinkedListI8UnixFileE10addElementEPS0_
                0x00000000c001c248       0xd3 core/unixfile.32
                0x00000000c001c248                LinkedList<UnixFile>::addElement(UnixFile*)

.text._ZN10LinkedListI8UnixFileE15getFirstElementEv
                0x00000000c001c31c        0x7
 .text._ZN10LinkedListI8UnixFileE15getFirstElementEv
                0x00000000c001c31c        0x7 core/unixfile.32
                0x00000000c001c31c                LinkedList<UnixFile>::getFirstElement()

.text._ZN10LinkedListI8UnixFileE11removeFirstEv
                0x00000000c001c324       0xa1
 .text._ZN10LinkedListI8UnixFileE11removeFirstEv
                0x00000000c001c324       0xa1 core/unixfile.32
                0x00000000c001c324                LinkedList<UnixFile>::removeFirst()

.text._ZN10LinkedListI8UnixFileE7getNextEPS0_
                0x00000000c001c3c6        0x8
 .text._ZN10LinkedListI8UnixFileE7getNextEPS0_
                0x00000000c001c3c6        0x8 core/unixfile.32
                0x00000000c001c3c6                LinkedList<UnixFile>::getNext(UnixFile*)

.text._ZN16DriverlessDeviceD2Ev
                0x00000000c001c3ce       0x1a
 .text._ZN16DriverlessDeviceD2Ev
                0x00000000c001c3ce       0x1a hal/device.32
                0x00000000c001c3ce                DriverlessDevice::~DriverlessDevice()
                0x00000000c001c3ce                DriverlessDevice::~DriverlessDevice()

.text._ZN16DriverlessDeviceD0Ev
                0x00000000c001c3e8       0x2a
 .text._ZN16DriverlessDeviceD0Ev
                0x00000000c001c3e8       0x2a hal/device.32
                0x00000000c001c3e8                DriverlessDevice::~DriverlessDevice()

.text._ZN10LinkedListI6DeviceE10addElementEPS0_
                0x00000000c001c412       0xdc
 .text._ZN10LinkedListI6DeviceE10addElementEPS0_
                0x00000000c001c412       0xdc hal/device.32
                0x00000000c001c412                LinkedList<Device>::addElement(Device*)

.text._ZN10LinkedListI6DeviceEC2Ev
                0x00000000c001c4ee       0x42
 .text._ZN10LinkedListI6DeviceEC2Ev
                0x00000000c001c4ee       0x42 hal/device.32
                0x00000000c001c4ee                LinkedList<Device>::LinkedList()
                0x00000000c001c4ee                LinkedList<Device>::LinkedList()

.text._ZN10LinkedListIV18ThreadControlBlockE7isEmptyEv
                0x00000000c001c530       0x1c
 .text._ZN10LinkedListIV18ThreadControlBlockE7isEmptyEv
                0x00000000c001c530       0x1c hal/timer.32
                0x00000000c001c530                LinkedList<ThreadControlBlock volatile>::isEmpty()

.text._ZN10LinkedListIV18ThreadControlBlockE15getFirstElementEv
                0x00000000c001c54c        0x7
 .text._ZN10LinkedListIV18ThreadControlBlockE15getFirstElementEv
                0x00000000c001c54c        0x7 hal/timer.32
                0x00000000c001c54c                LinkedList<ThreadControlBlock volatile>::getFirstElement()

.text._ZN10LinkedListIV18ThreadControlBlockE11removeFirstEv
                0x00000000c001c554       0xb8
 .text._ZN10LinkedListIV18ThreadControlBlockE11removeFirstEv
                0x00000000c001c554       0xb8 hal/timer.32
                0x00000000c001c554                LinkedList<ThreadControlBlock volatile>::removeFirst()

.text._ZN10LinkedListIV18ThreadControlBlockE10addElementEPS1_
                0x00000000c001c60c       0xda
 .text._ZN10LinkedListIV18ThreadControlBlockE10addElementEPS1_
                0x00000000c001c60c       0xda hal/timer.32