Archive member included to satisfy reference by file (symbol)

/cygdrive/d/Users/Alex/Desktop/Toolchain/Output/bin/../lib/gcc/i386-banana/8.1.0/libkgcc.a(_divdi3.o)
                              krnl/resolve.32 (__divdi3)
/cygdrive/d/Users/Alex/Desktop/Toolchain/Output/bin/../lib/gcc/i386-banana/8.1.0/libkgcc.a(_moddi3.o)
                              krnl/resolve.32 (__moddi3)
/cygdrive/d/Users/Alex/Desktop/Toolchain/Output/bin/../lib/gcc/i386-banana/8.1.0/libkgcc.a(_udivdi3.o)
                              hal/clock.32 (__udivdi3)
/cygdrive/d/Users/Alex/Desktop/Toolchain/Output/bin/../lib/gcc/i386-banana/8.1.0/libkgcc.a(_umoddi3.o)
                              hal/clock.32 (__umoddi3)

Allocating common symbols
Common symbol       size              file

dcache              0x40              fs/iso9660/iso9660.32
cdDriveLetter       0x1               fs/iso9660/iso9660.32
icache              0x40              fs/iso9660/iso9660.32

Discarded input sections

 .comment       0x0000000000000000       0x12 /cygdrive/d/Users/Alex/Desktop/Toolchain/Output/bin/../lib/gcc/i386-banana/8.1.0/crtbegin.o
 .comment       0x0000000000000000       0x12 acpica/utclib.32
 .comment       0x0000000000000000       0x12 krnl/malloc.32
 .comment       0x0000000000000000       0x12 libk/ctype.32
 .comment       0x0000000000000000       0x12 libk/string.32
 .comment       0x0000000000000000       0x12 arch/i386/cc.32
 .comment       0x0000000000000000       0x12 fs/fat/diskio.32
 .comment       0x0000000000000000       0x12 fs/fat/ff.32
 .comment       0x0000000000000000       0x12 fs/fat/ffsystem.32
 .comment       0x0000000000000000       0x12 fs/fat/ffunicode.32
 .comment       0x0000000000000000       0x12 fs/iso9660/iso9660.32
 .comment       0x0000000000000000       0x12 dbg/kconsole.32
 .comment       0x0000000000000000       0x12 dbg/usban.32
 .comment       0x0000000000000000       0x12 fs/symlink.32
 .group         0x0000000000000000        0xc fs/vfs.32
 .group         0x0000000000000000        0xc fs/vfs.32
 .group         0x0000000000000000        0xc fs/vfs.32
 .comment       0x0000000000000000       0x12 fs/vfs.32
 .group         0x0000000000000000        0xc hal/bus.32
 .comment       0x0000000000000000       0x12 hal/bus.32
 .comment       0x0000000000000000       0x12 hal/buzzer.32
 .group         0x0000000000000000        0xc hal/clock.32
 .comment       0x0000000000000000       0x12 hal/clock.32
 .group         0x0000000000000000       0x14 hal/device.32
 .group         0x0000000000000000        0xc hal/device.32
 .group         0x0000000000000000        0x8 hal/device.32
 .group         0x0000000000000000        0xc hal/device.32
 .group         0x0000000000000000        0xc hal/device.32
 .comment       0x0000000000000000       0x12 hal/device.32
 .group         0x0000000000000000        0xc hal/diskctrl.32
 .comment       0x0000000000000000       0x12 hal/diskctrl.32
 .group         0x0000000000000000        0xc hal/diskphys.32
 .comment       0x0000000000000000       0x12 hal/diskphys.32
 .comment       0x0000000000000000       0x12 hal/fpu.32
 .comment       0x0000000000000000       0x12 hal/intctrl.32
 .group         0x0000000000000000        0xc hal/keybrd.32
 .comment       0x0000000000000000       0x12 hal/keybrd.32
 .group         0x0000000000000000        0xc hal/logidisk.32
 .comment       0x0000000000000000       0x12 hal/logidisk.32
 .group         0x0000000000000000        0xc hal/mouse.32
 .comment       0x0000000000000000       0x12 hal/mouse.32
 .group         0x0000000000000000        0xc hal/nic.32
 .comment       0x0000000000000000       0x12 hal/nic.32
 .comment       0x0000000000000000       0x12 hal/partition.32
 .group         0x0000000000000000        0xc hal/serial.32
 .comment       0x0000000000000000       0x12 hal/serial.32
 .group         0x0000000000000000        0x8 hal/timer.32
 .group         0x0000000000000000        0x8 hal/timer.32
 .group         0x0000000000000000        0xc hal/timer.32
 .group         0x0000000000000000        0xc hal/timer.32
 .group         0x0000000000000000        0xc hal/timer.32
 .comment       0x0000000000000000       0x12 hal/timer.32
 .group         0x0000000000000000        0xc hal/vcache.32
 .comment       0x0000000000000000       0x12 hal/vcache.32
 .group         0x0000000000000000        0xc hal/video.32
 .comment       0x0000000000000000       0x12 hal/video.32
 .group         0x0000000000000000       0x14 hw/acpi.32
 .group         0x0000000000000000        0x8 hw/acpi.32
 .group         0x0000000000000000        0x8 hw/acpi.32
 .group         0x0000000000000000        0x8 hw/acpi.32
 .group         0x0000000000000000        0xc hw/acpi.32
 .group         0x0000000000000000        0xc hw/acpi.32
 .comment       0x0000000000000000       0x12 hw/acpi.32
 .group         0x0000000000000000       0x14 hw/cpu.32
 .group         0x0000000000000000        0xc hw/cpu.32
 .comment       0x0000000000000000       0x12 hw/cpu.32
[...]
Memory Configuration

Name             Origin             Length             Attributes
*default*        0x0000000000000000 0xffffffffffffffff

Linker script and memory map

LOAD D:/Users/Alex/Desktop/Banana/kernel/boot.32
LOAD crti.32
LOAD /cygdrive/d/Users/Alex/Desktop/Toolchain/Output/bin/../lib/gcc/i386-banana/8.1.0/crtbegin.o
LOAD D:/Users/Alex/Desktop/Banana/kernel/morenasm.32
LOAD acpica/utclib.32
LOAD krnl/malloc.32
LOAD libk/ctype.32
LOAD libk/string.32
LOAD arch/i386/cc.32
LOAD fs/fat/diskio.32
LOAD fs/fat/ff.32
LOAD fs/fat/ffsystem.32
LOAD fs/fat/ffunicode.32
LOAD fs/iso9660/iso9660.32
LOAD dbg/kconsole.32
LOAD dbg/usban.32
LOAD fs/symlink.32
LOAD fs/vfs.32
LOAD hal/bus.32
LOAD hal/buzzer.32
LOAD hal/clock.32
LOAD hal/device.32
LOAD hal/diskctrl.32
LOAD hal/diskphys.32
LOAD hal/fpu.32
LOAD hal/intctrl.32
LOAD hal/keybrd.32
LOAD hal/logidisk.32
LOAD hal/mouse.32
LOAD hal/nic.32
LOAD hal/partition.32
LOAD hal/serial.32
LOAD hal/timer.32
LOAD hal/vcache.32
LOAD hal/video.32
LOAD hw/acpi.32
LOAD hw/cpu.32
LOAD krnl/atexit.32
LOAD krnl/bootmsg.32
LOAD krnl/c++.32
LOAD krnl/cdefs.32
LOAD krnl/cm.32
LOAD krnl/compat.32
LOAD krnl/computer.32
LOAD krnl/crc32.32
LOAD krnl/env.32
LOAD krnl/fault.32
LOAD krnl/gdt.32
LOAD krnl/idle.32
LOAD krnl/idt.32
LOAD krnl/inlines.32
LOAD krnl/kheap.32
LOAD krnl/mailbox.32
LOAD krnl/main.32
LOAD krnl/mutex.32
LOAD krnl/panic.32
LOAD krnl/physmgr.32
LOAD krnl/pipe.32
LOAD krnl/powctrl.32
LOAD krnl/random.32
LOAD krnl/resolve.32
LOAD krnl/semaphore.32
LOAD krnl/signal.32
LOAD krnl/syscalls.32
LOAD krnl/terminal.32
LOAD krnl/tss.32
LOAD krnl/unixfile.32
LOAD krnl/virtmgr.32
LOAD sys/eject.32
LOAD sys/exit.32
LOAD sys/getcwd.32
LOAD sys/getpid.32
LOAD sys/getramdata.32
LOAD sys/getvgaptr.32
LOAD sys/kill.32
LOAD sys/loaddll.32
LOAD sys/read.32
LOAD sys/registersignal.32
LOAD sys/registry.32
LOAD sys/sbrk.32
LOAD sys/setcwd.32
LOAD sys/settime.32
LOAD sys/symlink.32
LOAD sys/timezone.32
LOAD sys/truncate.32
LOAD sys/write.32
LOAD sys/wsbe.32
LOAD sys/yield.32
LOAD thr/elf.32
LOAD thr/exec.32
LOAD thr/prcssthr.32
LOAD vm86/vm8086.32
LOAD arch/i386/hal.32
LOAD arch/i386/pic.32
LOAD arch/i386/rtc.32
LOAD arch/i386/vga.32
LOAD fs/fat/vfslink.32
LOAD fs/iso9660/helper.32
LOAD fs/iso9660/vfslink.32
LOAD hal/sound/sndcard.32
LOAD hal/sound/sndport.32
LOAD hw/bus/isa.32
LOAD hw/bus/pci.32
LOAD hw/diskctrl/ide.32
LOAD hw/diskctrl/satabus.32
LOAD hw/diskphys/ata.32
LOAD hw/diskphys/atapi.32
LOAD hw/diskphys/sata.32
LOAD hw/diskphys/satapi.32
LOAD hw/intctrl/apic.32
LOAD hw/timer/apictimer.32
LOAD hw/timer/pit.32
LOAD arch/i386/avx.32
LOAD arch/i386/interrupt.32
LOAD arch/i386/rdrand.32
LOAD arch/i386/sse.32
LOAD arch/i386/x87.32
LOAD /cygdrive/d/Users/Alex/Desktop/Toolchain/Output/bin/../lib/gcc/i386-banana/8.1.0/crtend.o
LOAD crtn.32
LOAD /cygdrive/d/Users/Alex/Desktop/Toolchain/Output/bin/../lib/gcc/i386-banana/8.1.0/libkgcc.a
LOAD D:/Users/Alex/Desktop/Banana/kernel/libsoftfp.a
LOAD D:/Users/Alex/Desktop/Banana/kernel/libk/libm32.a
                0x00000000c0000000                . = 0xc0000000

.text           0x00000000c0000000    0x1ff2a
 *(.text)
 .text          0x00000000c0000000       0x20 D:/Users/Alex/Desktop/Banana/kernel/boot.32
 .text          0x00000000c0000020        0x0 crti.32
 .text          0x00000000c0000020      0x101 /cygdrive/d/Users/Alex/Desktop/Toolchain/Output/bin/../lib/gcc/i386-banana/8.1.0/crtbegin.o
 *fill*         0x00000000c0000121        0xf 
 .text          0x00000000c0000130      0x24f D:/Users/Alex/Desktop/Banana/kernel/morenasm.32
                0x00000000c0000130                manualPCIProbe
                0x00000000c000017b                prepareTramp
                0x00000000c0000194                doTPAUSE
                0x00000000c000019e                hasLegacyFPU
                0x00000000c00001c3                is486
                0x00000000c00001f9                detectCPUID
                0x00000000c000020f                goToVM86
                0x00000000c000023f                goToUsermode
                0x00000000c0000269                switchToThreadASMFirstTime
                0x00000000c0000277                switchToThreadASM
                0x00000000c00002fc                asmQuickAcquireLock
                0x00000000c000031a                asmQuickReleaseLock
                0x00000000c0000326                asmAcquireLock
                0x00000000c0000347                asmReleaseLock
                0x00000000c000035a                loadGDT
                0x00000000c000037a                memcpy
 *fill*         0x00000000c000037f        0x1 
 .text          0x00000000c0000380      0x868 acpica/utclib.32
                0x00000000c0000380                memcmp
                0x00000000c00003d0                memmove
                0x00000000c00004f0                memset
                0x00000000c0000570                strlen
                0x00000000c00005a0                strpbrk
                0x00000000c00005f0                strtok
                0x00000000c0000640                strcpy
                0x00000000c0000680                strncpy
                0x00000000c0000750                strcmp
                0x00000000c00007a0                strchr
                0x00000000c00007e0                strncmp
                0x00000000c0000840                strcat
                0x00000000c0000870                strncat
                0x00000000c00008d0                strstr
                0x00000000c0000930                toupper
                0x00000000c0000950                tolower
                0x00000000c0000970                simple_strtoul
 .text          0x00000000c0000be8     0x1140 krnl/malloc.32
                0x00000000c0000d53                dlfree
                0x00000000c000121a                dlmalloc
                0x00000000c0001757                dlrealloc
                0x00000000c0001934                dlmemalign
                0x00000000c0001a57                dlcalloc
                0x00000000c0001ae8                dlcfree
                0x00000000c0001aed                dlindependent_calloc
                0x00000000c0001b12                dlindependent_comalloc
                0x00000000c0001b29                dlvalloc
                0x00000000c0001b54                dlpvalloc
                0x00000000c0001b8a                dlmalloc_trim
                0x00000000c0001b97                dlmalloc_usable_size
                0x00000000c0001bc8                dlmallinfo
                0x00000000c0001c97                dlmalloc_stats
                0x00000000c0001ca8                dlmallopt
 .text          0x00000000c0001d28      0x1f2 libk/ctype.32
                0x00000000c0001d28                isblank
                0x00000000c0001d48                iscntrl
                0x00000000c0001d68                isdigit
                0x00000000c0001d84                islower
                0x00000000c0001da0                isspace
                0x00000000c0001dc8                isupper
                0x00000000c0001de4                isalpha
                0x00000000c0001e14                isalnum
                0x00000000c0001e44                ispunct
                0x00000000c0001e84                isgraph
                0x00000000c0001eb4                isprint
                0x00000000c0001edc                isxdigit
 .text          0x00000000c0001f1a        0x0 libk/string.32
 *fill*         0x00000000c0001f1a        0x2 
 .text          0x00000000c0001f1c       0x53 arch/i386/cc.32
                0x00000000c0001f1c                LWIP_PLATFORM_HTONS
                0x00000000c0001f40                LWIP_PLATFORM_HTONL
 .text          0x00000000c0001f6f       0x51 fs/fat/diskio.32
                0x00000000c0001f6f                disk_status
                0x00000000c0001f72                disk_initialize
                0x00000000c0001f75                disk_read
                0x00000000c0001f8b                disk_write
                0x00000000c0001fa1                disk_ioctl
 .text          0x00000000c0001fc0     0x3e46 fs/fat/ff.32
                0x00000000c0003de1                f_mount
                0x00000000c0003e43                f_open
                0x00000000c0004106                f_read
                0x00000000c0004305                f_write
                0x00000000c000454d                f_sync
                0x00000000c0004612                f_close
                0x00000000c0004641                f_lseek
                0x00000000c00047f2                f_opendir
                0x00000000c00048bd                f_closedir
                0x00000000c00048df                f_readdir
                0x00000000c0004971                f_stat
                0x00000000c00049f0                f_getfree
                0x00000000c0004af9                f_truncate
                0x00000000c0004be3                f_unlink
                0x00000000c0004d05                f_mkdir
                0x00000000c0004ea0                f_rename
                0x00000000c0005058                f_chmod
                0x00000000c0005108                f_utime
                0x00000000c00051b8                f_getlabel
                0x00000000c0005309                f_setlabel
                0x00000000c0005499                f_expand
                0x00000000c0005606                f_mkfs
 *fill*         0x00000000c0005e06        0x2 
 .text          0x00000000c0005e08       0x2f fs/fat/ffsystem.32
                0x00000000c0005e08                ff_memalloc
                0x00000000c0005e20                ff_memfree
 *fill*         0x00000000c0005e37        0x1 
 .text          0x00000000c0005e38      0x2dc fs/fat/ffunicode.32
                0x00000000c0005e38                ff_uni2oem
                0x00000000c0005ed8                ff_oem2uni
                0x00000000c0005f50                ff_wtoupper
 .text          0x00000000c0006114      0xd32 fs/iso9660/iso9660.32
                0x00000000c000635f                isoReadDiscSector
                0x00000000c00063fa                strnicmp
                0x00000000c00066a9                stricmp
                0x00000000c00066f5                iso_open
                0x00000000c000677f                iso_close
                0x00000000c000679d                iso_read
                0x00000000c00068b3                iso_seek
                0x00000000c0006937                iso_tell
                0x00000000c0006968                iso_total
                0x00000000c0006993                fn_postprocess
                0x00000000c00069ba                iso_readdir
                0x00000000c0006c11                iso_reset
                0x00000000c0006c2e                init_percd
                0x00000000c0006d28                iso_ioctl
                0x00000000c0006d40                fs_iso9660_init
                0x00000000c0006dd6                fs_iso9660_shutdown
 .text          0x00000000c0006e46      0x254 dbg/kconsole.32
                0x00000000c0006e46                Dbg::stringifyxWithBase(unsigned int, char*, int)
                0x00000000c0006ee6                Dbg::logc(char)
                0x00000000c0006f06                Dbg::logs(char*)
                0x00000000c0006f25                Dbg::logWriteInt(unsigned int)
                0x00000000c0006f43                Dbg::logWriteIntBase(unsigned int, int)
                0x00000000c0006f64                Dbg::kprintf(char const*, ...)
 *fill*         0x00000000c000709a        0x2 
 .text          0x00000000c000709c      0x2d4 dbg/usban.32
                0x00000000c000709c                KiUbsanPrintDetails(char const*, void*)
                0x00000000c0007108                __ubsan_handle_type_mismatch_v1
                0x00000000c00071e4                __ubsan_handle_pointer_overflow
                0x00000000c0007210                __ubsan_handle_out_of_bounds
                0x00000000c000723c                __ubsan_handle_add_overflow
                0x00000000c0007268                __ubsan_handle_load_invalid_value
                0x00000000c0007294                __ubsan_handle_divrem_overflow
                0x00000000c00072c0                __ubsan_handle_mul_overflow
                0x00000000c00072ec                __ubsan_handle_sub_overflow
                0x00000000c0007318                __ubsan_handle_shift_out_of_bounds
                0x00000000c0007344                __ubsan_handle_negate_overflow
 .text          0x00000000c0007370      0x814 fs/symlink.32
                0x00000000c00074bf                KiDeinitialiseSymlinks(void*)
                0x00000000c0007552                KeRegisterSymlink(char const*, unsigned long long)
                0x00000000c00075d5                KeInitialiseSymlinks()
                0x00000000c0007737                KiIsSymlinkRegistered(char const*)
                0x00000000c00078a1                KeDereferenceSymlink(char const*, char*)
                0x00000000c0007a48                KeCreateSymlink(char const*, char const*)
 .text          0x00000000c0007b84      0xd68 fs/vfs.32
                0x00000000c0007b84                File::read(unsigned long long, void*, int*)
                0x00000000c0007bdc                File::write(unsigned long long, void*, int*)
                0x00000000c0007c34                Directory::read(unsigned long long, void*, int*)
                0x00000000c0007c8c                Directory::write(unsigned long long, void*, int*)
                0x00000000c0007cba                File::isAtty()
                0x00000000c0007cbe                Directory::isAtty()
                0x00000000c0007cc2                Filesystem::getlabel(LogicalDisk*, int, char*, unsigned int*)
                0x00000000c0007cc8                Filesystem::setlabel(LogicalDisk*, int, char*)
                0x00000000c0007cce                Filesystem::allocateSwapfile(char const*, int)
                0x00000000c0007cd4                File::~File()
                0x00000000c0007cd4                File::~File()
                0x00000000c0007cf8                File::~File()
                0x00000000c0007d22                Directory::~Directory()
                0x00000000c0007d22                Directory::~Directory()
                0x00000000c0007d46                Directory::~Directory()
                0x00000000c0007d70                Filesystem::Filesystem()
                0x00000000c0007d70                Filesystem::Filesystem()
                0x00000000c0007d94                Filesystem::~Filesystem()
                0x00000000c0007d94                Filesystem::~Filesystem()
                0x00000000c0007da2                Filesystem::~Filesystem()
                0x00000000c0007dc6                Fs::getcwd(Process*, char*, int)
                0x00000000c0007df0                Fs::initVFS()
                0x00000000c0007e1a                Fs::standardiseFiles(char*, char const*, char const*, bool)
                0x00000000c0008034                File::File(char const*, Process*, bool)
                0x00000000c0008034                File::File(char const*, Process*, bool)
                0x00000000c0008112                File::File(char const*, Process*)
                0x00000000c0008112                File::File(char const*, Process*)
                0x00000000c0008130                File::open(FileOpenMode)
                0x00000000c000818e                File::close()
                0x00000000c00081ee                File::seek(unsigned long long)
                0x00000000c0008244                File::truncate(unsigned long long)
                0x00000000c000829a                File::tell(unsigned long long*)
                0x00000000c00082ea                File::rewind()
                0x00000000c00082fe                File::unlink()
                0x00000000c000834a                File::rename(char const*)
                0x00000000c0008398                File::chfatattr(unsigned char, unsigned char)
                0x00000000c00083f4                File::exists()
                0x00000000c0008432                File::stat(unsigned long long*, bool*)
                0x00000000c0008493                Fs::setcwd(Process*, char*)
                0x00000000c00085f2                Directory::Directory(char const*, Process*)
                0x00000000c00085f2                Directory::Directory(char const*, Process*)
                0x00000000c00086ba                Directory::open()
                0x00000000c0008716                Directory::close()
                0x00000000c0008776                Directory::unlink()
                0x00000000c00087c2                Directory::rename(char const*)
                0x00000000c0008810                Directory::exists()
                0x00000000c000884e                Directory::read(dirent*)
                0x00000000c000889a                Directory::create()
                0x00000000c00088e6                Filesystem::chfatattr(char const*, unsigned char, unsigned char)
 .text          0x00000000c00088ec       0x86 hal/bus.32
                0x00000000c00088ec                Bus::Bus(char const*)
                0x00000000c00088ec                Bus::Bus(char const*)
                0x00000000c0008924                Bus::~Bus()
                0x00000000c0008924                Bus::~Bus()
                0x00000000c0008948                Bus::~Bus()
 .text          0x00000000c0008972       0x96 hal/buzzer.32
                0x00000000c0008972                beepThread(void*)
                0x00000000c00089af                Krnl::beep(int, int, bool)
 .text          0x00000000c0008a08      0x513 hal/clock.32
                0x00000000c0008a08                User::loadClockSettings()
                0x00000000c0008b0e                Clock::Clock(char const*)
                0x00000000c0008b0e                Clock::Clock(char const*)
                0x00000000c0008b44                Clock::~Clock()
                0x00000000c0008b44                Clock::~Clock()
                0x00000000c0008b68                Clock::~Clock()
                0x00000000c0008b92                Clock::timeInSecondsLocal()
                0x00000000c0008bda                Clock::setTimeInSecondsLocal(unsigned long long)
                0x00000000c0008c33                datetimeToSeconds(datetime_t)
                0x00000000c0008d52                Clock::setTimeInDatetimeLocal(datetime_t)
                0x00000000c0008db2                secondsToDatetime(unsigned long long)
                0x00000000c0008ef6                Clock::timeInDatetimeLocal()
 *fill*         0x00000000c0008f1b        0x1 
 .text          0x00000000c0008f1c      0x47a hal/device.32
                0x00000000c0008f1c                Device::hibernate()
                0x00000000c0008f1e                Device::wake()
                0x00000000c0008f20                Device::detect()
                0x00000000c0008f22                Device::disableLegacy()
                0x00000000c0008f24                Device::powerSaving(PowerSavingLevel)
                0x00000000c0008f26                DriverlessDevice::close(int, int, void*)
                0x00000000c0008f2a                DriverlessDevice::detect()
                0x00000000c0008f2c                DriverlessDevice::open(int, int, void*)
                0x00000000c0008f40                Device::~Device()
                0x00000000c0008f40                Device::~Device()
                0x00000000c0008f4e                Device::~Device()
                0x00000000c0008f76                Device::findAndLoadDriver()
                0x00000000c0008f84                Device::preOpenPCI(PCIDeviceInfo)
                0x00000000c0008faa                Device::preOpenACPI(void*, char*, char*)
                0x00000000c0008fea                Device::addIRQHandler(int, void (*)(regs*, void*), bool, void*)
                0x00000000c0009014                Device::getParent()
                0x00000000c0009020                Device::removeIRQHandler(int, void (*)(regs*, void*), bool)
                0x00000000c000903e                Device::addChild(Device*)
                0x00000000c0009082                Device::removeAllChildren()
                0x00000000c00090c8                Device::hibernateAll()
                0x00000000c00090f8                Device::wakeAll()
                0x00000000c0009128                Device::detectAll()
                0x00000000c0009158                Device::disableLegacyAll()
                0x00000000c000915a                Device::loadDriversForAll()
                0x00000000c000915c                Device::powerSavingAll(PowerSavingLevel)
                0x00000000c0009192                Device::setName(char const*)
                0x00000000c00091a0                Device::Device(char const*)
                0x00000000c00091a0                Device::Device(char const*)
                0x00000000c000929c                Device::getName()
                0x00000000c00092a6                Device::closeAll()
                0x00000000c00092f2                DriverlessDevice::DriverlessDevice(char const*)
                0x00000000c00092f2                DriverlessDevice::DriverlessDevice(char const*)
                0x00000000c0009328                Device::addToLinkedList(LinkedList<Device>&, DeviceType)
                0x00000000c000936c                getDevicesOfType(DeviceType)
 *fill*         0x00000000c0009396        0x2 
 .text          0x00000000c0009398       0x86 hal/diskctrl.32
                0x00000000c0009398                HardDiskController::HardDiskController(char const*)
                0x00000000c0009398                HardDiskController::HardDiskController(char const*)
                0x00000000c00093d0                HardDiskController::~HardDiskController()
                0x00000000c00093d0                HardDiskController::~HardDiskController()
                0x00000000c00093f4                HardDiskController::~HardDiskController()
 .text          0x00000000c000941e       0xe2 hal/diskphys.32
                0x00000000c000941e                PhysicalDisk::eject()
                0x00000000c0009422                PhysicalDisk::PhysicalDisk(char const*, int)
                0x00000000c0009422                PhysicalDisk::PhysicalDisk(char const*, int)
                0x00000000c000948a                PhysicalDisk::startCache()
                0x00000000c00094b2                PhysicalDisk::~PhysicalDisk()
                0x00000000c00094b2                PhysicalDisk::~PhysicalDisk()
                0x00000000c00094d6                PhysicalDisk::~PhysicalDisk()
 .text          0x00000000c0009500        0x0 hal/fpu.32
 .text          0x00000000c0009500      0x359 hal/intctrl.32
                0x00000000c0009500                int_handler
                0x00000000c000958a                installISRHandler(int, void (*)(regs*, void*), void*)
                0x00000000c00095d4                installIRQHandler(int, void (*)(regs*, void*), bool, void*)
                0x00000000c0009708                uninstallISRHandler(int, void (*)(regs*, void*))
                0x00000000c000973c                uninstallIRQHandler(int, void (*)(regs*, void*), bool)
                0x00000000c00097ba                setupINTS()
                0x00000000c0009817                convertLegacyIRQNumber(int)
 *fill*         0x00000000c0009859        0x1 
 .text          0x00000000c000985a      0x8bc hal/keybrd.32
                0x00000000c000985a                startGUI(void*)
                0x00000000c00098c4                startGUIVESA(void*)
                0x00000000c000992e                sendKeyToTerminal(unsigned char)
                0x00000000c0009a09                sendKeyboardToken(KeyboardToken)
                0x00000000c0009ec5                clearInternalKeybuffer(VgaText*)
                0x00000000c0009efa                readKeyboard(VgaText*, char*, unsigned long)
                0x00000000c000a08c                Keyboard::Keyboard(char const*)
                0x00000000c000a08c                Keyboard::Keyboard(char const*)
                0x00000000c000a0c8                Keyboard::~Keyboard()
                0x00000000c000a0c8                Keyboard::~Keyboard()
                0x00000000c000a0ec                Keyboard::~Keyboard()
 .text          0x00000000c000a116      0x3f8 hal/logidisk.32
                0x00000000c000a116                LogicalDisk::close(int, int, void*)
                0x00000000c000a11a                LogicalDisk::~LogicalDisk()
                0x00000000c000a11a                LogicalDisk::~LogicalDisk()
                0x00000000c000a13e                LogicalDisk::~LogicalDisk()
                0x00000000c000a168                LogicalDisk::open(int, int, void*)
                0x00000000c000a17c                LogicalDisk::absoluteToRelative(unsigned long long)
                0x00000000c000a1b4                LogicalDisk::relativeToAbsolute(unsigned long long)
                0x00000000c000a1fa                LogicalDisk::LogicalDisk(char const*, PhysicalDisk*, unsigned long long, unsigned long long)
                0x00000000c000a1fa                LogicalDisk::LogicalDisk(char const*, PhysicalDisk*, unsigned long long, unsigned long long)
                0x00000000c000a2ba                LogicalDisk::assignDriveLetter()
                0x00000000c000a374                LogicalDisk::mount()
                0x00000000c000a3bc                LogicalDisk::unmount()
                0x00000000c000a3cc                LogicalDisk::eject()
                0x00000000c000a3e0                LogicalDisk::unassignDriveLetter()
                0x00000000c000a436                LogicalDisk::read(unsigned long long, int, void*)
                0x00000000c000a4a2                LogicalDisk::write(unsigned long long, int, void*)
 *fill*         0x00000000c000a50e        0x2 
 .text          0x00000000c000a510       0x86 hal/mouse.32
                0x00000000c000a510                Mouse::Mouse(char const*)
                0x00000000c000a510                Mouse::Mouse(char const*)
                0x00000000c000a548                Mouse::~Mouse()
                0x00000000c000a548                Mouse::~Mouse()
                0x00000000c000a56c                Mouse::~Mouse()
 .text          0x00000000c000a596       0x90 hal/nic.32
                0x00000000c000a596                NIC::getMAC()
                0x00000000c000a59c                NIC::write(int, unsigned char*, int*)
                0x00000000c000a5a2                NIC::NIC(char const*)
                0x00000000c000a5a2                NIC::NIC(char const*)
                0x00000000c000a5d8                NIC::~NIC()
                0x00000000c000a5d8                NIC::~NIC()
                0x00000000c000a5fc                NIC::~NIC()
 .text          0x00000000c000a626      0x33b hal/partition.32
                0x00000000c000a626                makePartition(PhysicalDisk*, unsigned long long, unsigned long long)
                0x00000000c000a6ce                createPartitionsForDisk(PhysicalDisk*)
 *fill*         0x00000000c000a961        0x3 
 .text          0x00000000c000a964       0x86 hal/serial.32
                0x00000000c000a964                Serial::Serial(char const*)
                0x00000000c000a964                Serial::Serial(char const*)
                0x00000000c000a99c                Serial::~Serial()
                0x00000000c000a99c                Serial::~Serial()
                0x00000000c000a9c0                Serial::~Serial()
 *fill*         0x00000000c000a9ea        0x2 
 .text          0x00000000c000a9ec      0x230 hal/timer.32
                0x00000000c000a9ec                Timer::Timer(char const*)
                0x00000000c000a9ec                Timer::Timer(char const*)
                0x00000000c000aa24                Timer::~Timer()
                0x00000000c000aa24                Timer::~Timer()
                0x00000000c000aa48                Timer::~Timer()
                0x00000000c000aa72                Timer::read()
                0x00000000c000aa7d                setupTimer(int)
                0x00000000c000aab8                timerHandler(unsigned int)
 .text          0x00000000c000ac1c      0x444 hal/vcache.32
                0x00000000c000ac1c                VCache::VCache(PhysicalDisk*)
                0x00000000c000ac1c                VCache::VCache(PhysicalDisk*)
                0x00000000c000ad8c                VCache::invalidateReadBuffer()
                0x00000000c000ad9c                VCache::writeWriteBuffer()
                0x00000000c000ade8                VCache::~VCache()
                0x00000000c000ade8                VCache::~VCache()
                0x00000000c000ae40                VCache::~VCache()
                0x00000000c000ae68                VCache::write(unsigned long long, int, void*)
                0x00000000c000af5c                VCache::read(unsigned long long, int, void*)
 .text          0x00000000c000b060      0x70e hal/video.32
                0x00000000c000b060                Video::putrect(int, int, int, int, unsigned int)
                0x00000000c000b0ac                Video::bitblit(int, int, int, int, int, int, int, unsigned int*)
                0x00000000c000b11c                Video::blit(unsigned int*, int, int, int, int)
                0x00000000c000b19a                Video::clearScreen(unsigned int)
                0x00000000c000b1ce                Video::putpixel(int, int, unsigned int)
                0x00000000c000b1dc                Video::readPixelApprox(int, int)
                0x00000000c000b1f0                Video::Video(char const*)
                0x00000000c000b1f0                Video::Video(char const*)
                0x00000000c000b226                Video::~Video()
                0x00000000c000b226                Video::~Video()
                0x00000000c000b24a                Video::~Video()
                0x00000000c000b274                Video::isMonochrome()
                0x00000000c000b280                Video::getWidth()
                0x00000000c000b28c                Video::getHeight()
                0x00000000c000b298                Video::drawCursor(int, int, unsigned int*, int)
                0x00000000c000b354                Video::tgaParse(unsigned char*, int, int*, int*)
                0x00000000c000b6fe                Video::putTGA(int, int, unsigned char*, int)
 *fill*         0x00000000c000b76e        0x2 
 .text          0x00000000c000b770     0x12db hw/acpi.32
                0x00000000c000b770                ACPI::close(int, int, void*)
                0x00000000c000b778                findRSDP()
                0x00000000c000b810                loadACPITables(unsigned char*)
                0x00000000c000ba7c                findRSDT(unsigned char*)
                0x00000000c000bbd4                findDataTable(unsigned char*, char*)
                0x00000000c000bc54                scanMADT()
                0x00000000c000c10c                ACPI::ACPI()
                0x00000000c000c10c                ACPI::ACPI()
                0x00000000c000c160                ACPI::getPCIIRQAssignment(unsigned char, unsigned short, unsigned char)
                0x00000000c000c25c                ACPI::registerPCIIRQAssignment(void*, unsigned short, unsigned char, unsigned char)
                0x00000000c000c328                ACPI::setScreenBrightnessLevel(void*, int)
                0x00000000c000c330                ACPI::detectPCI()
                0x00000000c000c550                ACPI::writeSimpleBootFlag(SimpleBootFlagTable*)
                0x00000000c000c5a8                ACPI::sleep()
                0x00000000c000c5c4                ACPI::open(int, int, void*)
 *fill*         0x00000000c000ca4b        0x1 
 .text          0x00000000c000ca4c      0xb83 hw/cpu.32
                0x00000000c000ca4c                CPU::close(int, int, void*)
                0x00000000c000ca50                CPU::AMD_K6_write_msr(unsigned int, unsigned int, unsigned int, CPU::REGS*)
                0x00000000c000ca6c                CPU::AMD_K6_read_msr(unsigned int, CPU::REGS*)
                0x00000000c000ca84                CPU::AMD_K6_writeback(int, int, int)
                0x00000000c000caf8                CPU::cpuid(int, unsigned long*, unsigned long*, unsigned long*, unsigned long*)
                0x00000000c000cb7c                CPU::cpuidCheckEDX(unsigned int)
                0x00000000c000cbaa                CPU::cpuidCheckECX(unsigned int)
                0x00000000c000cbd8                CPU::cpuidCheckExtendedEBX(unsigned int)
                0x00000000c000cc06                CPU::cpuidCheckExtendedECX(unsigned int)
                0x00000000c000cc34                CPU::CPU()
                0x00000000c000cc34                CPU::CPU()
                0x00000000c000ccc2                CPU::displayFeatures()
                0x00000000c000ccc4                CPU::detectFeatures()
                0x00000000c000d398                CPU::setupSMEP()
                0x00000000c000d3a4                CPU::setupUMIP()
                0x00000000c000d3ae                CPU::setupTSC()
                0x00000000c000d3b8                CPU::setupLargePages()
                0x00000000c000d3c2                CPU::setupPAT()
                0x00000000c000d3c4                CPU::setupMTRR()
                0x00000000c000d3c6                CPU::setupGlobalPages()
                0x00000000c000d3d0                CPU::allowUsermodeDataAccess()
                0x00000000c000d3e2                CPU::prohibitUsermodeDataAccess()
                0x00000000c000d3f4                CPU::setupSMAP()
                0x00000000c000d402                CPU::setupFeatures()
                0x00000000c000d4c6                CPU::open(int, int, void*)
 .text          0x00000000c000d5cf       0xb6 krnl/atexit.32
                0x00000000c000d5cf                KeInitialiseAtexit()
                0x00000000c000d5ee                KeRegisterAtexit(void (*)(void*), void*)
                0x00000000c000d622                KeExecuteAtexit()
 .text          0x00000000c000d685       0x92 krnl/bootmsg.32
                0x00000000c000d685                KeDisplaySplashScreen()
                0x00000000c000d6b4                KeSetBootMessage(char const*)
 .text          0x00000000c000d717       0x5f krnl/c++.32
                0x00000000c000d717                __cxa_atexit
                0x00000000c000d71a                __cxa_finalize
                0x00000000c000d71b                __stack_chk_fail
                0x00000000c000d751                __cxa_pure_virtual
                0x00000000c000d762                operator new[](unsigned long)
                0x00000000c000d767                operator delete(void*, unsigned long)
                0x00000000c000d76c                operator delete[](void*)
                0x00000000c000d771                operator delete[](void*, unsigned long)
 *fill*         0x00000000c000d776        0x2 
 .text          0x00000000c000d778       0x48 krnl/cdefs.32
                0x00000000c000d778                CUnlockScheduler
                0x00000000c000d794                CLockScheduler
                0x00000000c000d7a4                CPrintf
 .text          0x00000000c000d7c0      0xd56 krnl/cm.32
                0x00000000c000d7c0                CmOpen(char const*)
                0x00000000c000d8de                CmClose(Reghive_Tag*)
                0x00000000c000d8f4                CmReadExtent(Reghive_Tag*, int, unsigned char*)
                0x00000000c000d930                CmGetString(Reghive_Tag*, int, char*)
                0x00000000c000d9a7                CmEnterDirectory(Reghive_Tag*, int)
                0x00000000c000d9e6                CmGetNext(Reghive_Tag*, int)
                0x00000000c000da18                CmWriteExtent(Reghive_Tag*, int, unsigned char*)
                0x00000000c000da54                CmFreeExtent(Reghive_Tag*, int)
                0x00000000c000da7c                CmUpdateHeader(Reghive_Tag*)
                0x00000000c000da9d                CmExpand(Reghive_Tag*, int)
                0x00000000c000db18                CmFindUnusedExtent(Reghive_Tag*)
                0x00000000c000db9e                CmCreateExtent(Reghive_Tag*, int, int, unsigned char*)
                0x00000000c000dc92                CmSetString(Reghive_Tag*, int, char const*)
                0x00000000c000ddce                CmGetMatch(char*, char*, bool, bool*)
                0x00000000c000de2f                CmAddShift(unsigned int*, int*, unsigned char, int)
                0x00000000c000de5f                CmGetShift(unsigned int*, int*, int, bool*)
                0x00000000c000de96                CmGetInteger(Reghive_Tag*, int, unsigned long long*)
                0x00000000c000dec0                CmSetInteger(Reghive_Tag*, int, unsigned long long)
                0x00000000c000df00                CmConvertFromInternalFilename(unsigned char const*, char*)
                0x00000000c000dfa4                CmGetNameAndTypeFromExtent(Reghive_Tag*, int, char*)
                0x00000000c000dfd2                CmConvertToInternalFilename(char const*, unsigned char*)
                0x00000000c000e170                CmCreateString(Reghive_Tag*, int, char const*)
                0x00000000c000e1bd                CmFindInDirectory(Reghive_Tag*, int, char const*)
                0x00000000c000e237                CmCreateInteger(Reghive_Tag*, int, char const*, unsigned long long, int)
                0x00000000c000e28a                CmCreateDirectory(Reghive_Tag*, int, char const*)
                0x00000000c000e34e                zStrtok(char*, char const*)
                0x00000000c000e3c0                CmFindObjectFromPath(Reghive_Tag*, char const*)
                0x00000000c000e441                CmDisplayTree(Reghive_Tag*, int, int)
                0x00000000c000e4e4                CmSplitFinalSlashInPlace(char*)
 *fill*         0x00000000c000e516        0x2 
 .text          0x00000000c000e518       0x1d krnl/compat.32
                0x00000000c000e518                Krnl::handlePowerButton()
                0x00000000c000e528                Krnl::handleSleepButton()
 *fill*         0x00000000c000e535        0x1 
 .text          0x00000000c000e536      0x4f6 krnl/computer.32
                0x00000000c000e536                Computer::close(int, int, void*)
                0x00000000c000e53c                KeFirstTask()
                0x00000000c000e65e                Computer::Computer()
                0x00000000c000e65e                Computer::Computer()
                0x00000000c000e6b6                Computer::detectFeatures()
                0x00000000c000e8dc                Computer::open(int, int, void*)
                0x00000000c000e9af                KePrepareShutdown()
                0x00000000c000e9cf                KeShutdown()
                0x00000000c000e9f3                KeSleep()
                0x00000000c000ea0b                KeRestart()
 .text          0x00000000c000ea2c       0x2b krnl/crc32.32
                0x00000000c000ea2c                KeCalculateCRC32(unsigned char*, int)
 *fill*         0x00000000c000ea57        0x1 
 .text          0x00000000c000ea58      0x5bf krnl/env.32
                0x00000000c000ea58                EnvVarContainer::getEnv(char const*)
                0x00000000c000ea96                EnvVarContainer::setEnv(char const*, char const*)
                0x00000000c000eb58                EnvVarContainer::deleteEnv(char const*)
                0x00000000c000eb5a                EnvVarContainer::loadFrom(char const*, char const*)
                0x00000000c000ed7e                EnvVarContainer::__loadSystem()
                0x00000000c000ed98                EnvVarContainer::__loadUser()
                0x00000000c000ed9a                EnvVarContainer::EnvVarContainer(Process*)
                0x00000000c000ed9a                EnvVarContainer::EnvVarContainer(Process*)
                0x00000000c000edbc                EnvVarContainer::~EnvVarContainer()
                0x00000000c000edbc                EnvVarContainer::~EnvVarContainer()
                0x00000000c000edec                KeGetEnv(Process*, char const*)
                0x00000000c000ee51                KeSetEnvSystem(char const*, char const*)
                0x00000000c000ee6b                KeSetEnvUser(char const*, char const*)
                0x00000000c000ee8a                KeSetEnvProcess(Process*, char const*, char const*)
                0x00000000c000ee9d                KeDeleteEnvSystem(char const*)
                0x00000000c000ee9e                KeDeleteEnvUser(char const*)
                0x00000000c000ee9f                KeDeleteEnvProcess(Process*, char const*)
                0x00000000c000eea0                KeNewProcessEnv(Process*)
                0x00000000c000eec2                KeCopyProcessEnv(Process*, Process*)
                0x00000000c000ef0e                KeLoadSystemEnv()
                0x00000000c000ef3c                KeLoadUserEnv()
                0x00000000c000ef62                KeFlushEnv()
                0x00000000c000ef63                KeGetProcessTotalEnvCount(Process*)
                0x00000000c000ef83                KeGetProcessEnvPair(Process*, int)
 *fill*         0x00000000c000f017        0x1 
 .text          0x00000000c000f018      0x1a9 krnl/fault.32
                0x00000000c000f018                KeDisplayProgramFault(char const*)
                0x00000000c000f068                KeGeneralProtectionFault(void*, void*)
                0x00000000c000f0bc                KePageFault(void*, void*)
                0x00000000c000f110                KeNonMaskableInterrupt(void*, void*)
                0x00000000c000f120                KeOtherFault(void*, void*)
                0x00000000c000f154                KeOpcodeFault(void*, void*)
                0x00000000c000f1a8                KeDoubleFault(void*, void*)
 *fill*         0x00000000c000f1c1        0x1 
 .text          0x00000000c000f1c2      0x1db krnl/gdt.32
                0x00000000c000f1c2                GDTEntry::setBase(unsigned int)
                0x00000000c000f1de                GDTEntry::setLimit(unsigned int)
                0x00000000c000f1fc                GDT::GDT()
                0x00000000c000f1fc                GDT::GDT()
                0x00000000c000f212                GDT::addEntry(GDTEntry)
                0x00000000c000f234                GDT::getNumberOfEntries()
                0x00000000c000f23c                GDT::flush()
                0x00000000c000f25e                GDT::setup()
 .text          0x00000000c000f39d       0x1d krnl/idle.32
                0x00000000c000f39d                idleFunction(void*)
 *fill*         0x00000000c000f3ba        0x2 
 .text          0x00000000c000f3bc      0x46c krnl/idt.32
                0x00000000c000f3bc                IDTEntry::IDTEntry(bool)
                0x00000000c000f3bc                IDTEntry::IDTEntry(bool)
                0x00000000c000f436                IDTEntry::setOffset(unsigned int)
                0x00000000c000f44c                IDT::IDT()
                0x00000000c000f44c                IDT::IDT()
                0x00000000c000f44e                IDT::getPointerToInvalidOpcodeEntryForF00F()
                0x00000000c000f456                IDT::addEntry(IDTEntry, int)
                0x00000000c000f470                IDT::addEntry(int, void (*)(), bool)
                0x00000000c000f4a8                IDT::flush()
                0x00000000c000f4c2                IDT::setup()
 .text          0x00000000c000f828       0x94 krnl/inlines.32
                0x00000000c000f828                CPU::current()
                0x00000000c000f834                operator new(unsigned long)
                0x00000000c000f839                operator delete(void*)
                0x00000000c000f83e                disableIRQs()
                0x00000000c000f840                enableIRQs()
                0x00000000c000f842                lockScheduler()
                0x00000000c000f84a                unlockScheduler()
                0x00000000c000f859                lockStuff()
                0x00000000c000f867                unlockStuff()
                0x00000000c000f8a1                Virt::getAKernelVAS()
                0x00000000c000f8a7                __not_memcpy
 .text          0x00000000c000f8bc      0x205 krnl/kheap.32
                0x00000000c000f8bc                sbrk
                0x00000000c000f953                sbrk_thunk
                0x00000000c000f989                mmap
                0x00000000c000f9e7                munmap
                0x00000000c000f9fc                liballoc_lock()
                0x00000000c000fa0a                liballoc_unlock()
                0x00000000c000fa20                liballoc_alloc(int)
                0x00000000c000fa38                liballoc_free(void*, int)
                0x00000000c000fa53                realloc
                0x00000000c000fa67                malloc
                0x00000000c000fa77                free
                0x00000000c000fa87                rfree
                0x00000000c000fa97                calloc
 *fill*         0x00000000c000fac1        0x3 
 .text          0x00000000c000fac4      0x1e3 krnl/mailbox.32
                0x00000000c000fac4                KeMailboxTryPost(Mailbox*, void*)
                0x00000000c000fb28                KeMailboxTryGet(Mailbox*, void**)
                0x00000000c000fb8c                KeMailboxCreate()
                0x00000000c000fbc0                KeMailboxPost(Mailbox*, void*)
                0x00000000c000fc28                KeMailboxGet(Mailbox*, void**)
                0x00000000c000fc90                KeMailboxDestroy(Mailbox*)
 .text          0x00000000c000fca7       0xc7 krnl/main.32
                0x00000000c000fca7                KeEntryPoint
 *fill*         0x00000000c000fd6e        0x2 
 .text          0x00000000c000fd70       0x1a krnl/mutex.32
                0x00000000c000fd70                Mutex::Mutex()
                0x00000000c000fd70                Mutex::Mutex()
 .text          0x00000000c000fd8a        0xc krnl/panic.32
                0x00000000c000fd8a                KePanic(char const*)
 .text          0x00000000c000fd96      0x644 krnl/physmgr.32
                0x00000000c000fd96                Phys::allocateDMA(unsigned long)
                0x00000000c000fe7e                Phys::freeDMA(unsigned long, unsigned long)
                0x00000000c000feb9                Phys::setPageState(unsigned long, bool)
                0x00000000c000fef9                Phys::getPageState(unsigned long)
                0x00000000c000ff15                Phys::freePage(unsigned long)
                0x00000000c000ff7e                Phys::allocatePage()
                0x00000000c001004d                Phys::allocateContiguousPages(int)
                0x00000000c00100b4                Phys::allowSegmentToBeUsed(unsigned long, unsigned long)
                0x00000000c00100ec                Phys::physicalMemorySetup(unsigned int)
 .text          0x00000000c00103da      0x273 krnl/pipe.32
                0x00000000c00103da                Pipe::isAtty()
                0x00000000c00103de                Pipe::~Pipe()
                0x00000000c00103de                Pipe::~Pipe()
                0x00000000c0010402                Pipe::~Pipe()
                0x00000000c001042a                Pipe::write(unsigned long long, void*, int*)
                0x00000000c00104ea                Pipe::read(unsigned long long, void*, int*)
                0x00000000c00105e6                Pipe::Pipe(int)
                0x00000000c00105e6                Pipe::Pipe(int)
 .text          0x00000000c001064d      0x108 krnl/powctrl.32
                0x00000000c001064d                KePowerThread(void*)
                0x00000000c001067b                KeChangePowerSettings(PowerSettings)
                0x00000000c0010691                KeUserIOReceived()
                0x00000000c001069c                KeHandlePowerButton()
                0x00000000c00106b4                KeHandleSleepButton()
                0x00000000c00106cc                KeSetupPowerManager()
 .text          0x00000000c0010755       0x9d krnl/random.32
                0x00000000c0010755                KeRand()
                0x00000000c0010797                KeSeedRand(unsigned int)
                0x00000000c00107c0                KeInitRand()
 *fill*         0x00000000c00107f2        0x2 
 .text          0x00000000c00107f4      0x1bc krnl/resolve.32
                0x00000000c00107f4                KeResolveCompatibilitySymbol(char*)
 .text          0x00000000c00109b0      0x415 krnl/semaphore.32
                0x00000000c00109b0                Semaphore::Semaphore(int)
                0x00000000c00109b0                Semaphore::Semaphore(int)
                0x00000000c00109e0                Semaphore::tryAcquire()
                0x00000000c0010abc                Semaphore::assertLocked(char const*)
                0x00000000c0010b4c                Semaphore::acquire(int)
                0x00000000c0010cf4                Semaphore::acquire()
                0x00000000c0010d10                Semaphore::release()
 .text          0x00000000c0010dc5      0x322 krnl/signal.32
                0x00000000c0010dc5                KiSigKill(int)
                0x00000000c0010dd9                KiDefaultSignalHandlerIgnore(int)
                0x00000000c0010dda                KiDefaultSignalHandlerPause(int)
                0x00000000c0010e06                KiDefaultSignalHandlerResume(int)
                0x00000000c0010e32                KeDeinitSignals(SigHandlerBlock*)
                0x00000000c0010e37                KeInitSignals()
                0x00000000c0010e89                KeRegisterSignalHandler(SigHandlerBlock*, int, void (*)(int), unsigned int, int)
                0x00000000c0010ebf                KeRaiseSignal(SigHandlerBlock*, int)
                0x00000000c0010f3c                KeCheckSignal(SigHandlerBlock*, int*)
                0x00000000c0011033                KiCheckSignalZ
                0x00000000c0011075                KeCompleteSignal(SigHandlerBlock*, int)
                0x00000000c00110b0                KiFinishSignalZ
 .text          0x00000000c00110e7      0xe1d krnl/syscalls.32
                0x00000000c00110e7                SysSeekDir(regs*)
                0x00000000c00110ec                SysTellDir(regs*)
                0x00000000c00110f1                SysVerify(regs*)
                0x00000000c00110fb                SysGetArgc(regs*)
                0x00000000c001110f                SysTTYName(regs*)
                0x00000000c0011117                SysFormatDisk(regs*)
                0x00000000c001118e                SysSetDiskVolumeLabel(regs*)
                0x00000000c00111e2                SysGetDiskVolumeLabel(regs*)
                0x00000000c001123b                SysShutdown(regs*)
                0x00000000c0011299                SysRealpath(regs*)
                0x00000000c00112dd                SysReadDir(regs*)
                0x00000000c001135d                SysIsATTY(regs*)
                0x00000000c00113b7                SysSeek(regs*)
                0x00000000c001140e                SysTell(regs*)
                0x00000000c001147b                SysSize(regs*)
                0x00000000c00114ee                SysSizeFromFilename(regs*)
                0x00000000c001161f                SysSizeFromFilenameNoSymlink(regs*)
                0x00000000c0011750                SysClose(regs*)
                0x00000000c00117b0                SysOpenDir(regs*)
                0x00000000c001182d                SysMakeDir(regs*)
                0x00000000c001189b                SysCloseDir(regs*)
                0x00000000c00118ef                SysWait(regs*)
                0x00000000c0011910                SysNotImpl(regs*)
                0x00000000c001192b                SysPanic(regs*)
                0x00000000c0011946                SysRmdir(regs*)
                0x00000000c00119ab                SysUnlink(regs*)
                0x00000000c0011a10                SysGetArgv(regs*)
                0x00000000c0011a5d                SysUSleep(regs*)
                0x00000000c0011a86                SysSpawn(regs*)
                0x00000000c0011af9                SysGetEnv(regs*)
                0x00000000c0011baa                SysSetFatAttrib(regs*)
                0x00000000c0011c1d                SysPipe(regs*)
                0x00000000c0011c62                SysGetUnixTime(regs*)
                0x00000000c0011c76                string_ends_with(char const*, char const*)
                0x00000000c0011cbe                SysOpen(regs*)
                0x00000000c0011eb5                KeSystemCall(regs*, void*)
 .text          0x00000000c0011f04      0xab3 krnl/terminal.32
                0x00000000c0011f04                VgaText::isAtty()
                0x00000000c0011f08                VgaText::~VgaText()
                0x00000000c0011f08                VgaText::~VgaText()
                0x00000000c0011f2c                VgaText::~VgaText()
                0x00000000c0011f56                VgaText::read(unsigned long long, void*, int*)
                0x00000000c0011f76                setTerminalScrollLock(bool)
                0x00000000c0011f77                doTerminalCycle()
                0x00000000c0011f78                addToTerminalCycle(VgaText*)
                0x00000000c0011f79                scrollTerminalScrollLock(int)
                0x00000000c0011f7a                VgaText::updateTitle()
                0x00000000c0011f7c                VgaText::load()
                0x00000000c0011f7e                VgaText::updateCursor()
                0x00000000c0011f94                VgaText::doANSI_SGR(int)
                0x00000000c0012008                VgaText::setDefaultBgColour(VgaColour)
                0x00000000c0012018                VgaText::setDefaultFgColour(VgaColour)
                0x00000000c0012028                VgaText::setDefaultColours(VgaColour, VgaColour)
                0x00000000c0012048                VgaText::setTitleTextColour(VgaColour)
                0x00000000c0012054                VgaText::setTitleColour(VgaColour)
                0x00000000c0012060                VgaText::setTitle(char*)
                0x00000000c0012062                VgaText::combineColours(unsigned char, unsigned char)
                0x00000000c0012074                VgaText::scrollScreen()
                0x00000000c0012106                VgaText::combineCharAndColour(char, unsigned char)
                0x00000000c0012116                VgaText::writeCharacter(char, VgaColour, VgaColour, int, int)
                0x00000000c00121a6                VgaText::getCursorX()
                0x00000000c00121ae                VgaText::getCursorY()
                0x00000000c00121b6                VgaText::setCursor(int, int)
                0x00000000c00121cd                setActiveTerminal(VgaText*)
                0x00000000c0012218                VgaText::clearScreen()
                0x00000000c0012266                VgaText::setCursorX(int)
                0x00000000c001227e                VgaText::setCursorY(int)
                0x00000000c0012296                VgaText::incrementCursor(bool)
                0x00000000c00122ea                VgaText::decrementCursor(bool)
                0x00000000c001230c                VgaText::putchar(char, VgaColour, VgaColour)
                0x00000000c00123dc                VgaText::putchar(char)
                0x00000000c00124d4                VgaText::putx(unsigned int)
                0x00000000c001251a                VgaText::puts(char const*)
                0x00000000c0012540                VgaText::write(unsigned long long, void*, int*)
                0x00000000c001258c                VgaText::puts(char const*, VgaColour, VgaColour)
                0x00000000c00126da                VgaText::VgaText(char const*)
                0x00000000c00126da                VgaText::VgaText(char const*)
                0x00000000c001282a                VgaText::receiveKey(unsigned char)
                0x00000000c00129b6                VgaText::doUpdate()
 *fill*         0x00000000c00129b7        0x1 
 .text          0x00000000c00129b8      0x1a1 krnl/tss.32
                0x00000000c00129b8                TSS::TSS()
                0x00000000c00129b8                TSS::TSS()
                0x00000000c00129c8                TSS::setESP(unsigned long)
                0x00000000c00129dc                TSS::flush()
                0x00000000c00129fc                TSS::setup(unsigned long, unsigned long)
 *fill*         0x00000000c0012b59        0x1 
 .text          0x00000000c0012b5a      0x4ca krnl/unixfile.32
                0x00000000c0012b5a                ReservedFilename::read(unsigned long long, void*, int*)
                0x00000000c0012bb0                ReservedFilename::isAtty()
                0x00000000c0012bcc                ReservedFilename::write(unsigned long long, void*, int*)
                0x00000000c0012c2a                UnixFile::getFileDescriptor()
                0x00000000c0012c32                UnixFile::UnixFile(int)
                0x00000000c0012c32                UnixFile::UnixFile(int)
                0x00000000c0012de6                ReservedFilename::ReservedFilename(int)
                0x00000000c0012de6                ReservedFilename::ReservedFilename(int)
                0x00000000c0012e18                UnixFile::~UnixFile()
                0x00000000c0012e18                UnixFile::~UnixFile()
                0x00000000c0012eb4                UnixFile::~UnixFile()
                0x00000000c0012edc                ReservedFilename::~ReservedFilename()
                0x00000000c0012edc                ReservedFilename::~ReservedFilename()
                0x00000000c0012f00                ReservedFilename::~ReservedFilename()
                0x00000000c0012f27                KeGetFileFromDescriptor(int)
 .text          0x00000000c0013024     0x1210 krnl/virtmgr.32
                0x00000000c0013024                Virt::setPageState(unsigned long, Virt::VirtPageState)
                0x00000000c001305e                Virt::getPageState(unsigned long)
                0x00000000c0013081                Virt::allocateKernelVirtualPages(int)
                0x00000000c00131a6                Virt::freeSwapfilePage(unsigned long)
                0x00000000c00131c9                Virt::swapIDToSector(unsigned long)
                0x00000000c00131df                Virt::allocateSwapfilePage()
                0x00000000c001325f                Virt::virtualMemorySetup()
                0x00000000c00132b0                Virt::setupPageSwapping(int)
                0x00000000c0013322                VAS::setCPUSpecific(unsigned long)
                0x00000000c0013324                VAS::VAS(VAS*)
                0x00000000c0013324                VAS::VAS(VAS*)
                0x00000000c001333c                VAS::getForeignPageTableEntry(bool, unsigned long)
                0x00000000c001336a                VAS::getPageTableEntry(unsigned long)
                0x00000000c0013389                Virt::freeKernelVirtualPages(unsigned long)
                0x00000000c00134c6                VAS::freeAllocatedPages(unsigned long)
                0x00000000c00134ea                VAS::virtualToPhysical(unsigned long)
                0x00000000c0013504                VAS::reflagRange(unsigned long, int, unsigned long, unsigned long)
                0x00000000c0013546                VAS::VAS()
                0x00000000c0013546                VAS::VAS()
                0x00000000c00135b0                VAS::setToWriteCombining(unsigned long, int)
                0x00000000c00135e4                VAS::mapOtherVASIn(bool, VAS*)
                0x00000000c0013610                VAS::~VAS()
                0x00000000c0013610                VAS::~VAS()
                0x00000000c001377e                VAS::mapPage(unsigned long, unsigned long, int)
                0x00000000c0013882                VAS::allocatePages(int, int)
                0x00000000c0013978                VAS::mapRange(unsigned long, unsigned long, int, int)
                0x00000000c00139d0                VAS::mapForeignPage(bool, VAS*, unsigned long, unsigned long, int)
                0x00000000c0013ac6                VAS::VAS(bool)
                0x00000000c0013ac6                VAS::VAS(bool)
                0x00000000c0013d10                VAS::evict(unsigned long)
                0x00000000c0013dee                VAS::tryLoadBackOffDisk(unsigned long)
                0x00000000c0013f96                VAS::allocateSharedMemoryWithKernel(unsigned long, unsigned long*)
                0x00000000c001400a                VAS::freeSharedMemoryWithKernel(unsigned long, unsigned long)
                0x00000000c0014036                VAS::scanForEviction()
                0x00000000c0014139                mapVASFirstTime
 .text          0x00000000c0014234       0x36 sys/eject.32
                0x00000000c0014234                SysEject(regs*)
 .text          0x00000000c001426a       0x18 sys/exit.32
                0x00000000c001426a                SysExit(regs*)
 .text          0x00000000c0014282       0x1f sys/getcwd.32
                0x00000000c0014282                SysGetCwd(regs*)
 .text          0x00000000c00142a1        0xc sys/getpid.32
                0x00000000c00142a1                SysGetPID(regs*)
 .text          0x00000000c00142ad       0x1a sys/getramdata.32
                0x00000000c00142ad                SysGetRAMData(regs*)
 .text          0x00000000c00142c7       0x82 sys/getvgaptr.32
                0x00000000c00142c7                SysGetVGAPtr(regs*)
 *fill*         0x00000000c0014349        0x3 
 .text          0x00000000c001434c       0xb9 sys/kill.32
                0x00000000c001434c                SysKill(regs*)
 .text          0x00000000c0014405       0xa8 sys/loaddll.32
                0x00000000c0014405                SysLoadDLL(regs*)
 .text          0x00000000c00144ad       0x68 sys/read.32
                0x00000000c00144ad                SysRead(regs*)
 .text          0x00000000c0014515       0x29 sys/registersignal.32
                0x00000000c0014515                SysRegisterSignal(regs*)
 .text          0x00000000c001453e      0x1cc sys/registry.32
                0x00000000c001453e                SysRegistryGetTypeFromPath(regs*)
                0x00000000c0014582                SysRegistryReadExtent(regs*)
                0x00000000c00145ca                SysRegistryPathToExtentLookup(regs*)
                0x00000000c00145e1                SysRegistryEnterDirectory(regs*)
                0x00000000c00145f8                SysRegistryGetNext(regs*)
                0x00000000c001460f                SysRegistryGetNameAndTypeFromExtent(regs*)
                0x00000000c0014649                SysRegistryOpen(regs*)
                0x00000000c001465d                SysRegistryClose(regs*)
                0x00000000c0014674                SysRegistryEasyReadString(regs*)
                0x00000000c00146c0                SysRegistryEasyReadInteger(regs*)
 .text          0x00000000c001470a       0x55 sys/sbrk.32
                0x00000000c001470a                SysSbrk(regs*)
 .text          0x00000000c001475f       0x1c sys/setcwd.32
                0x00000000c001475f                SysSetCwd(regs*)
 .text          0x00000000c001477b       0x96 sys/settime.32
                0x00000000c001477b                SysSetTime(regs*)
 .text          0x00000000c0014811       0x73 sys/symlink.32
                0x00000000c0014811                SysSymlink(regs*)
 .text          0x00000000c0014884       0x3f sys/timezone.32
                0x00000000c0014884                SysTimezone(regs*)
 .text          0x00000000c00148c3       0xfc sys/truncate.32
                0x00000000c00148c3                SysTruncate(regs*)
 .text          0x00000000c00149bf       0x68 sys/write.32
                0x00000000c00149bf                SysWrite(regs*)
 .text          0x00000000c0014a27       0x9d sys/wsbe.32
                0x00000000c0014a27                SysWsbe(regs*)
 .text          0x00000000c0014ac4       0x25 sys/yield.32
                0x00000000c0014ac4                SysYield(regs*)
 .text          0x00000000c0014ae9     0x1207 thr/elf.32
                0x00000000c0014ae9                Thr::allocateMemoryForTask(Process*, File*, unsigned long, unsigned long, unsigned long)
                0x00000000c0014d77                Thr::loadProgramIntoMemory(Process*, char const*)
                0x00000000c0014f89                Thr::runtimeReferenceHelper()
                0x00000000c0014f9c                Thr::getAddressOfKernelSymbol(char const*)
                0x00000000c0014feb                Thr::loadKernelSymbolTable(char const*)
                0x00000000c00152a9                Thr::loadDriverIntoMemory(char const*, unsigned long, bool)
                0x00000000c00159e2                Thr::getDriverBaseFromAddress(unsigned long)
                0x00000000c0015a14                Thr::getDriverNameFromAddress(unsigned long)
                0x00000000c0015a4b                Thr::getDriverOffsetFromAddress(unsigned long)
                0x00000000c0015a65                Thr::loadDLL(char const*, bool)
                0x00000000c0015cb7                Thr::executeDLL(unsigned long, void*)
 .text          0x00000000c0015cf0       0x5a thr/exec.32
                0x00000000c0015cf0                KeProcessExec(Process*, char const*)
 *fill*         0x00000000c0015d4a        0x2 
 .text          0x00000000c0015d4c     0x1131 thr/prcssthr.32
                0x00000000c0015d4c                userModeEntryPoint(void*)
                0x00000000c0015d74                changeTSS
                0x00000000c0015da4                switchToThread(ThreadControlBlock*)
                0x00000000c0015e54                Process::addArgs(char**)
                0x00000000c0015ec0                Process::Process(char const*, Process*, char**)
                0x00000000c0015ec0                Process::Process(char const*, Process*, char**)
                0x00000000c00160cc                Process::Process(bool, char const*, Process*, char**)
                0x00000000c00160cc                Process::Process(bool, char const*, Process*, char**)
                0x00000000c00162a0                taskStartupFunction
                0x00000000c00162ac                KeDisablePreemption()
                0x00000000c00162d4                KeRestorePreemption()
                0x00000000c00162f4                Process::createThread(void (*)(void*), void*, int)
                0x00000000c0016400                Process::createUserThread()
                0x00000000c0016420                setupMultitasking(void (*)())
                0x00000000c0016544                schedule()
                0x00000000c00165d8                blockTaskWithSchedulerLockAlreadyHeld(TaskState)
                0x00000000c0016600                blockTask(TaskState)
                0x00000000c0016638                waitTask(int, int*, int)
                0x00000000c001667c                milliTenthSleepUntil(unsigned int)
                0x00000000c001671c                milliTenthSleep(unsigned int)
                0x00000000c0016730                sleep(unsigned int)
                0x00000000c001674c                taskReturned
                0x00000000c0016790                Thr::processFromPID(int)
                0x00000000c001683c                unblockTask(ThreadControlBlock*)
                0x00000000c00168e8                cleanupTerminatedTask(ThreadControlBlock*)
                0x00000000c0016bbc                cleanerTaskFunction(void*)
                0x00000000c0016cc4                terminateTask(int)
                0x00000000c0016db0                Thr::terminateFromIRQ(int)
 .text          0x00000000c0016e7d      0xd00 vm86/vm8086.32
                0x00000000c0016e7d                Vm::inbv(unsigned short)
                0x00000000c0016e90                Vm::outbv(unsigned short, unsigned char)
                0x00000000c0016ec6                Vm::realToLinear(unsigned short, unsigned short)
                0x00000000c0016ed6                Vm::getSegment(unsigned int)
                0x00000000c0016ede                Vm::getOffset(unsigned int)
                0x00000000c0016ee3                Vm::mainloop2()
                0x00000000c0016f1d                Vm::mainVm8086Loop(void*)
                0x00000000c0016f2d                Vm::mainloop3(unsigned long)
                0x00000000c0016f53                Vm::initialise8086()
                0x00000000c0016f96                Vm::resetConventionalMemory8086()
                0x00000000c0016f97                Vm::finish8086()
                0x00000000c0016ff8                Vm::getOutput8086(unsigned char*)
                0x00000000c001701d                Vm::start8086FromBuffer(unsigned char*, int, unsigned short, unsigned short, unsigned short, unsigned short)
                0x00000000c0017144                Vm::start8086(char const*, unsigned short, unsigned short, unsigned short, unsigned short)
                0x00000000c001734c                Vm::doISR(regs*, int, unsigned char*, unsigned short, unsigned short)
                0x00000000c00173e5                Vm::readByteFromReal(unsigned short, unsigned short)
                0x00000000c00173f6                Vm::readWordFromReal(unsigned short, unsigned short)
                0x00000000c0017408                Vm::readDwordFromReal(unsigned short, unsigned short)
                0x00000000c0017419                Vm::writeByteFromReal(unsigned short, unsigned short, unsigned char)
                0x00000000c001742e                Vm::writeWordFromReal(unsigned short, unsigned short, unsigned short)
                0x00000000c0017444                Vm::writeDwordFromReal(unsigned short, unsigned short, unsigned int)
                0x00000000c0017459                Vm::faultHandler(regs*)
 .text          0x00000000c0017b7d      0xb3d arch/i386/hal.32
                0x00000000c0017b7d                noCopro(unsigned long)
                0x00000000c0017b7e                x86ReadCMOS(unsigned char)
                0x00000000c0017bd2                x86WriteCMOS(unsigned char, unsigned char)
                0x00000000c0017c32                HalEnableNMI()
                0x00000000c0017c45                HalDisableNMI()
                0x00000000c0017c58                HalGetNMIState()
                0x00000000c0017c5e                x86rdmsr(unsigned int)
                0x00000000c0017ca2                x86wrmsr(unsigned int, unsigned long long)
                0x00000000c0017ced                HalHandleGeneralProtectionFault(void*, void*)
                0x00000000c0017d03                HalHandlePageFault(void*, void*)
                0x00000000c0017d32                HalHandleOpcodeFault(void*, void*)
                0x00000000c0017d80                HalDisplayDebugInfo(void*)
                0x00000000c001810e                HalReceivedNMI()
                0x00000000c00181a9                HalSystemIdle()
                0x00000000c001821c                i386SaveCoprocessor(void*)
                0x00000000c0018230                i386LoadCoprocessor(void*)
                0x00000000c0018244                x87EmulHandler(regs*, void*)
                0x00000000c00182e1                HalInitialiseCoprocessor()
                0x00000000c001836a                HalPanic(char const*)
                0x00000000c001847e                HalQueryPerformanceCounter()
                0x00000000c0018499                HalInitialise()
                0x00000000c001864f                HalMakeBeep(int)
                0x00000000c0018689                HalGetRand()
                0x00000000c001868c                HalEndOfInterrupt(int)
                0x00000000c00186b7                HalRestart()
                0x00000000c00186b8                HalShutdown()
                0x00000000c00186b9                HalSleep()
 *fill*         0x00000000c00186ba        0x2 
 .text          0x00000000c00186bc      0x2dc arch/i386/pic.32
                0x00000000c00186bc                picIoWait()
                0x00000000c00186c4                picDisable()
                0x00000000c00186f8                picGetIRQReg(int)
                0x00000000c0018774                picOpen()
                0x00000000c00188f8                picEOI(int)
 .text          0x00000000c0018998      0x5f8 arch/i386/rtc.32
                0x00000000c0018998                RTC::open(int, int, void*)
                0x00000000c001899c                RTC::close(int, int, void*)
                0x00000000c00189a0                RTC::timeInSecondsUTC()
                0x00000000c00189b2                RTC::timeInDatetimeUTC()
                0x00000000c00189d8                RTC::setTimeInSecondsUTC(unsigned long long)
                0x00000000c0018a16                RTC::~RTC()
                0x00000000c0018a16                RTC::~RTC()
                0x00000000c0018a3a                RTC::~RTC()
                0x00000000c0018a64                RTC::get_update_in_progress_flag()
                0x00000000c0018a78                RTC::completeRTCRefresh()
                0x00000000c0018d2c                RTC::setTimeInDatetimeUTC(datetime_t)
                0x00000000c0018ea2                rtcIRQHandler(regs*, void*)
                0x00000000c0018ee2                RTC::RTC()
                0x00000000c0018ee2                RTC::RTC()
 .text          0x00000000c0018f90      0x1f4 arch/i386/vga.32
                0x00000000c0018f90                HalConsoleScroll(int, int)
                0x00000000c0019098                HalConsoleWriteCharacter(char, int, int, int, int)
                0x00000000c00190fc                HalConsoleCursorUpdate(int, int)
 .text          0x00000000c0019184     0x14cf fs/fat/vfslink.32
                0x00000000c0019184                FAT::getName()
                0x00000000c001918c                FAT::tell(void*, unsigned long long*)
                0x00000000c00191c8                FAT::stat(void*, unsigned long long*)
                0x00000000c0019204                FAT::~FAT()
                0x00000000c0019204                FAT::~FAT()
                0x00000000c0019228                FAT::~FAT()
                0x00000000c0019250                FAT::getlabel(LogicalDisk*, int, char*, unsigned int*)
                0x00000000c00192f4                FAT::setlabel(LogicalDisk*, int, char*)
                0x00000000c00193b8                FAT::format(LogicalDisk*, int, char const*, int)
                0x00000000c001959c                FAT::tryMount(LogicalDisk*, int)
                0x00000000c00197b8                FAT::allocateSwapfile(char const*, int)
                0x00000000c0019978                FAT::readDir(void*, unsigned long, void*, int*)
                0x00000000c0019ae8                FAT::read(void*, unsigned long, void*, int*)
                0x00000000c0019b48                FAT::write(void*, unsigned long, void*, int*)
                0x00000000c0019ba8                FAT::close(void*)
                0x00000000c0019bfc                FAT::closeDir(void*)
                0x00000000c0019c50                FAT::truncate(void*, unsigned long long)
                0x00000000c0019cbc                FAT::seek(void*, unsigned long long)
                0x00000000c0019d14                fatWrapperReadDisk
                0x00000000c0019d54                fatWrapperWriteDisk
                0x00000000c0019d94                fatWrapperIoctl
                0x00000000c0019eb0                FAT::FAT()
                0x00000000c0019eb0                FAT::FAT()
                0x00000000c0019f08                FAT::fixFilepath(char*)
                0x00000000c0019f48                FAT::open(char const*, void**, FileOpenMode)
                0x00000000c001a0bc                FAT::openDir(char const*, void**)
                0x00000000c001a16c                FAT::stat(char const*, unsigned long long*, bool*)
                0x00000000c001a264                FAT::unlink(char const*)
                0x00000000c001a2e4                FAT::chfatattr(char const*, unsigned char, unsigned char)
                0x00000000c001a498                FAT::rename(char const*, char const*)
                0x00000000c001a564                FAT::mkdir(char const*)
                0x00000000c001a5e4                FAT::exists(char const*)
 *fill*         0x00000000c001a653        0x1 
 .text          0x00000000c001a654       0x94 fs/iso9660/helper.32
                0x00000000c001a654                isoReadDiscSectorHelper
                0x00000000c001a6b0                iso_kprintf
                0x00000000c001a6cc                iso_kprintfd
 .text          0x00000000c001a6e8      0x71c fs/iso9660/vfslink.32
                0x00000000c001a6e8                ISO9660::format(LogicalDisk*, int, char const*, int)
                0x00000000c001a6ee                ISO9660::truncate(void*, unsigned long long)
                0x00000000c001a6f4                ISO9660::getName()
                0x00000000c001a6fa                ISO9660::closeDir(void*)
                0x00000000c001a704                ISO9660::chfatattr(char const*, unsigned char, unsigned char)
                0x00000000c001a70a                ISO9660::unlink(char const*)
                0x00000000c001a710                ISO9660::write(void*, unsigned long, void*, int*)
                0x00000000c001a716                ISO9660::rename(char const*, char const*)
                0x00000000c001a71c                ISO9660::mkdir(char const*)
                0x00000000c001a722                ISO9660::~ISO9660()
                0x00000000c001a722                ISO9660::~ISO9660()
                0x00000000c001a746                ISO9660::~ISO9660()
                0x00000000c001a76e                ISO9660::exists(char const*)
                0x00000000c001a782                ISO9660::open(char const*, void**, FileOpenMode)
                0x00000000c001a868                ISO9660::read(void*, unsigned long, void*, int*)
                0x00000000c001a8b0                ISO9660::seek(void*, unsigned long long)
                0x00000000c001a8f2                ISO9660::tell(void*, unsigned long long*)
                0x00000000c001a930                ISO9660::stat(void*, unsigned long long*)
                0x00000000c001a982                ISO9660::stat(char const*, unsigned long long*, bool*)
                0x00000000c001aac4                ISO9660::close(void*)
                0x00000000c001aaf4                ISO9660::openDir(char const*, void**)
                0x00000000c001abce                ISO9660::readDir(void*, unsigned long, void*, int*)
                0x00000000c001aceb                readSectorFromCDROM(unsigned int, unsigned char*, char)
                0x00000000c001ad6a                ISO9660::tryMount(LogicalDisk*, int)
                0x00000000c001addc                ISO9660::ISO9660()
                0x00000000c001addc                ISO9660::ISO9660()
 .text          0x00000000c001ae04      0x26c hal/sound/sndcard.32
                0x00000000c001ae04                SoundCard::beginPlayback()
                0x00000000c001ae12                SoundCard::stopPlayback()
                0x00000000c001ae20                SoundCard::SoundCard(char const*)
                0x00000000c001ae20                SoundCard::SoundCard(char const*)
                0x00000000c001aebe                SoundCard::~SoundCard()
                0x00000000c001aebe                SoundCard::~SoundCard()
                0x00000000c001aee2                SoundCard::~SoundCard()
                0x00000000c001af0c                SoundCard::configureRates(int, int, int)
                0x00000000c001af3c                SoundCard::getSamples16(int, short*)
                0x00000000c001af98                SoundCard::getSamples32(int, int*)
                0x00000000c001b01e                SoundCard::addChannel(SoundPort*)
                0x00000000c001b05c                SoundCard::removeChannel(int)
 .text          0x00000000c001b070      0x38a hal/sound/sndport.32
                0x00000000c001b070                SoundPort::SoundPort(int, int, int, int)
                0x00000000c001b070                SoundPort::SoundPort(int, int, int, int)
                0x00000000c001b0fc                SoundPort::~SoundPort()
                0x00000000c001b0fc                SoundPort::~SoundPort()
                0x00000000c001b130                SoundPort::unpause()
                0x00000000c001b13c                SoundPort::pause()
                0x00000000c001b148                SoundPort::getBufferUsed()
                0x00000000c001b150                SoundPort::getBufferSize()
                0x00000000c001b158                SoundPort::buffer16(short*, int)
                0x00000000c001b1e4                SoundPort::buffer32(int*, int)
                0x00000000c001b270                SoundPort::unbufferAndAdd16(int, short*, SoundCard*)
                0x00000000c001b33c                SoundPort::unbufferAndAdd32(int, int*, SoundCard*)
 .text          0x00000000c001b3fa        0x0 hw/bus/isa.32
 .text          0x00000000c001b3fa      0xc23 hw/bus/pci.32
                0x00000000c001b3fa                PCI::open(int, int, void*)
                0x00000000c001b418                PCI::close(int, int, void*)
                0x00000000c001b41c                PCI::PCI()
                0x00000000c001b41c                PCI::PCI()
                0x00000000c001b4b4                PCI::readBAR8(unsigned int, int)
                0x00000000c001b4d0                PCI::readBAR16(unsigned int, int)
                0x00000000c001b4ee                PCI::readBAR32(unsigned int, int)
                0x00000000c001b50a                PCI::writeBAR8(unsigned int, unsigned char, int)
                0x00000000c001b52a                PCI::writeBAR16(unsigned int, unsigned short, int)
                0x00000000c001b54c                PCI::writeBAR32(unsigned int, unsigned int, int)
                0x00000000c001b56c                PCI::legacyMechanism(unsigned char, unsigned char, unsigned char, unsigned char)
                0x00000000c001b5e2                PCI::pciReadWord(unsigned char, unsigned char, unsigned char, unsigned char)
                0x00000000c001b68c                PCI::getVendorID(unsigned char, unsigned char, unsigned char)
                0x00000000c001b6b0                PCI::getHeaderType(unsigned char, unsigned char, unsigned char)
                0x00000000c001b6d8                PCI::getClassCode(unsigned char, unsigned char, unsigned char)
                0x00000000c001b722                PCI::getProgIF(unsigned char, unsigned char, unsigned char)
                0x00000000c001b74a                PCI::getRevisionID(unsigned char, unsigned char, unsigned char)
                0x00000000c001b76e                PCI::getInterruptNumber(unsigned char, unsigned char, unsigned char)
                0x00000000c001b792                PCI::getSecondaryBus(unsigned char, unsigned char, unsigned char)
                0x00000000c001b7ba                PCI::getBARAddress(unsigned char, unsigned char, unsigned char, unsigned char)
                0x00000000c001b81e                PCI::pciWriteWord(unsigned char, unsigned char, unsigned char, unsigned char, unsigned short)
                0x00000000c001b906                PCI::pciDetailsToFilepath(PCIDeviceInfo, char*)
                0x00000000c001bbcc                PCI::checkBus(unsigned char)
                0x00000000c001bbf0                PCI::foundDevice(PCIDeviceInfo)
                0x00000000c001bdd6                PCI::getDeviceData(unsigned char, unsigned char, unsigned char)
                0x00000000c001bf52                PCI::checkDevice(unsigned char, unsigned char)
                0x00000000c001bfc4                PCI::detect()
 *fill*         0x00000000c001c01d        0x1 
 .text          0x00000000c001c01e      0xe16 hw/diskctrl/ide.32
                0x00000000c001c01e                IDE::close(int, int, void*)
                0x00000000c001c022                IDE::IDE()
                0x00000000c001c022                IDE::IDE()
                0x00000000c001c056                IDE::prepareInterrupt(unsigned char)
                0x00000000c001c068                selectDrive(unsigned char, unsigned char)
                0x00000000c001c06a                IDE::getBase(unsigned char)
                0x00000000c001c07c                IDE::write(unsigned char, unsigned char, unsigned char)
                0x00000000c001c13c                IDE::read(unsigned char, unsigned char)
                0x00000000c001c1ea                IDE::waitInterrupt(unsigned char)
                0x00000000c001c24c                ideChannel0IRQHandler(regs*, void*)
                0x00000000c001c268                ideChannel1IRQHandler(regs*, void*)
                0x00000000c001c284                IDE::enableIRQs(unsigned char, bool)
                0x00000000c001c2ce                IDE::open(int, int, void*)
                0x00000000c001c814                IDE::readBuffer(unsigned char, unsigned char, unsigned int, unsigned int)
                0x00000000c001c8e4                IDE::detect()
                0x00000000c001cd26                IDE::printError(unsigned char, unsigned char, unsigned char)
                0x00000000c001cde0                IDE::polling(unsigned char, unsigned int)
 .text          0x00000000c001ce34      0x33d hw/diskctrl/satabus.32
                0x00000000c001ce34                SATABus::close(int, int, void*)
                0x00000000c001ce38                SATABus::detect()
                0x00000000c001ce3a                SATABus::SATABus()
                0x00000000c001ce3a                SATABus::SATABus()
                0x00000000c001cec0                SATABus::findCmdslot(SATABus::tagHBA_PORT volatile*)
                0x00000000c001cef2                SATABus::checkType(SATABus::tagHBA_PORT volatile*)
                0x00000000c001cf3a                SATABus::startCmd(SATABus::tagHBA_PORT volatile*)
                0x00000000c001cf5a                SATABus::stopCmd(SATABus::tagHBA_PORT volatile*)
                0x00000000c001cf84                SATABus::portRebase(SATABus::tagHBA_PORT volatile*, int)
                0x00000000c001d094                SATABus::probePort(SATABus::tagHBA_MEM volatile*)
                0x00000000c001d13e                SATABus::open(int, int, void*)
 *fill*         0x00000000c001d171        0x1 
 .text          0x00000000c001d172      0x987 hw/diskphys/ata.32
                0x00000000c001d172                ATA::close(int, int, void*)
                0x00000000c001d196                ATA::powerSaving(PowerSavingLevel)
                0x00000000c001d198                ATA::ATA()
                0x00000000c001d198                ATA::ATA()
                0x00000000c001d1c6                ATA::flush(bool)
                0x00000000c001d214                ATA::readyForCommand()
                0x00000000c001d260                ATA::access(unsigned long long, int, void*, bool)
                0x00000000c001d63e                ATA::detectCHS()
                0x00000000c001d668                ATA::open(int, int, void*)
                0x00000000c001d734                combineCharAndColour(char, unsigned char)
                0x00000000c001d745                combineColours(unsigned char, unsigned char)
                0x00000000c001d752                ATA::read(unsigned long long, int, void*)
                0x00000000c001d928                ATA::write(unsigned long long, int, void*)
 *fill*         0x00000000c001daf9        0x1 
 .text          0x00000000c001dafa      0x618 hw/diskphys/atapi.32
                0x00000000c001dafa                ATAPI::write(unsigned long long, int, void*)
                0x00000000c001db00                ATAPI::close(int, int, void*)
                0x00000000c001db24                ATAPI::ATAPI()
                0x00000000c001db24                ATAPI::ATAPI()
                0x00000000c001db52                ATAPI::readyForCommand()
                0x00000000c001dba4                ATAPI::sendPacket(unsigned char*, int, bool, unsigned short*, int)
                0x00000000c001de6c                ATAPI::diskRemoved()
                0x00000000c001dea6                ATAPI::eject()
                0x00000000c001deee                ATAPI::diskInserted()
                0x00000000c001defa                ATAPI::detectMedia()
                0x00000000c001dfb8                ATAPI::open(int, int, void*)
                0x00000000c001e098                ATAPI::read(unsigned long long, int, void*)
 .text          0x00000000c001e112      0x849 hw/diskphys/sata.32
                0x00000000c001e112                SATA::close(int, int, void*)
                0x00000000c001e136                SATA::powerSaving(PowerSavingLevel)
                0x00000000c001e138                SATA::open(int, int, void*)
                0x00000000c001e1f0                SATA::SATA()
                0x00000000c001e1f0                SATA::SATA()
                0x00000000c001e21e                SATA::access(unsigned long long, int, void*, bool)
                0x00000000c001e4a6                SATA::read(unsigned long long, int, void*)
                0x00000000c001e6f6                SATA::write(unsigned long long, int, void*)
 *fill*         0x00000000c001e95b        0x1 
 .text          0x00000000c001e95c      0x5d0 hw/diskphys/satapi.32
                0x00000000c001e95c                SATAPI::write(unsigned long long, int, void*)
                0x00000000c001e962                SATAPI::close(int, int, void*)
                0x00000000c001e986                SATAPI::SATAPI()
                0x00000000c001e986                SATAPI::SATAPI()
                0x00000000c001e9b4                SATAPI::diskRemoved()
                0x00000000c001e9b6                SATAPI::diskInserted()
                0x00000000c001e9d2                SATAPI::sendPacket(unsigned char*, int, unsigned long long, unsigned short*, int)
                0x00000000c001ecb0                SATAPI::eject()
                0x00000000c001ecec                SATAPI::detectMedia()
                0x00000000c001ed42                SATAPI::open(int, int, void*)
                0x00000000c001ee42                SATAPI::read(unsigned long long, int, void*)
 .text          0x00000000c001ef2c      0x44f hw/intctrl/apic.32
                0x00000000c001ef2c                IOAPIC::close(int, int, void*)
                0x00000000c001ef32                apicGetBase()
                0x00000000c001ef6c                IOAPIC::IOAPIC()
                0x00000000c001ef6c                IOAPIC::IOAPIC()
                0x00000000c001ef94                apicOpen()
                0x00000000c001f110                IOAPIC::handlesGSIWithNumber(unsigned int)
                0x00000000c001f142                IOAPIC::read(int)
                0x00000000c001f16a                IOAPIC::open(int, int, void*)
                0x00000000c001f250                IOAPIC::write(int, int)
                0x00000000c001f27c                IOAPIC::redirect(unsigned char, unsigned long long, unsigned char, bool, bool)
 *fill*         0x00000000c001f37b        0x1 
 .text          0x00000000c001f37c       0xf0 hw/timer/apictimer.32
                0x00000000c001f37c                APICTimer::close(int, int, void*)
                0x00000000c001f384                apicTimerHandler(regs*, void*)
                0x00000000c001f3ac                APICTimer::open(int, int, void*)
                0x00000000c001f41c                APICTimer::write(int)
                0x00000000c001f444                APICTimer::APICTimer()
                0x00000000c001f444                APICTimer::APICTimer()
 .text          0x00000000c001f46c      0x1ad hw/timer/pit.32
                0x00000000c001f46c                PIT::write(int)
                0x00000000c001f4f0                pitHandler(regs*, void*)
                0x00000000c001f518                PIT::open(int, int, void*)
                0x00000000c001f568                PIT::close(int, int, void*)
                0x00000000c001f598                PIT::PIT()
                0x00000000c001f598                PIT::PIT()
 *fill*         0x00000000c001f619        0x7 
 .text          0x00000000c001f620       0x6f arch/i386/avx.32
                0x00000000c001f620                avxDetect
                0x00000000c001f64a                avxSave
                0x00000000c001f65b                avxLoad
                0x00000000c001f66c                avxInit
                0x00000000c001f68e                avxClose
 *fill*         0x00000000c001f68f        0x1 
 .text          0x00000000c001f690      0x2ec arch/i386/interrupt.32
                0x00000000c001f690                isr0
                0x00000000c001f6a0                isr1
                0x00000000c001f6aa                isr2
                0x00000000c001f6b4                isr3
                0x00000000c001f6be                isr4
                0x00000000c001f6c8                isr5
                0x00000000c001f6d2                isr6
                0x00000000c001f6dc                isr7
                0x00000000c001f6e6                isr8
                0x00000000c001f6ee                isr9
                0x00000000c001f6f8                isr10
                0x00000000c001f700                isr11
                0x00000000c001f708                isr12
                0x00000000c001f710                isr13
                0x00000000c001f72a                isr14
                0x00000000c001f732                isr15