Archive member included to satisfy reference by file (symbol)

/cygdrive/d/Users/Alex/Desktop/Toolchain/Output/bin/../lib/gcc/i386-banana/8.1.0/libkgcc.a(_divdi3.o)
                              fs/fat/ff.32 (__divdi3)
/cygdrive/d/Users/Alex/Desktop/Toolchain/Output/bin/../lib/gcc/i386-banana/8.1.0/libkgcc.a(_moddi3.o)
                              compat/resolve.32 (__moddi3)
/cygdrive/d/Users/Alex/Desktop/Toolchain/Output/bin/../lib/gcc/i386-banana/8.1.0/libkgcc.a(_udivdi3.o)
                              fs/fat/ff.32 (__udivdi3)
/cygdrive/d/Users/Alex/Desktop/Toolchain/Output/bin/../lib/gcc/i386-banana/8.1.0/libkgcc.a(_umoddi3.o)
                              compat/resolve.32 (__umoddi3)
D:/Users/Alex/Desktop/Banana/kernel/libsoftfp.a(sfieeelib.o)
                              hal/libresample/src_linear.32 (__subsf3)
D:/Users/Alex/Desktop/Banana/kernel/libsoftfp.a(dfieeelib.o)
                              hal/libresample/src_linear.32 (__adddf3)
D:/Users/Alex/Desktop/Banana/kernel/libsoftfp.a(sfdfcvt.o)
                              hal/libresample/samplerate.32 (__truncdfsf2)
D:/Users/Alex/Desktop/Banana/kernel/libk/libm32.a(s_fabs.c.o)
                              hal/libresample/samplerate.32 (fabs)
D:/Users/Alex/Desktop/Banana/kernel/libk/libm32.a(s_lrint.S.o)
                              hal/libresample/samplerate.32 (lrint)
D:/Users/Alex/Desktop/Banana/kernel/libk/libm32.a(s_lrintf.S.o)
                              hal/sound/sndhw.32 (lrintf)

Discarded input sections

 .comment       0x0000000000000000       0x12 /cygdrive/d/Users/Alex/Desktop/Toolchain/Output/bin/../lib/gcc/i386-banana/8.1.0/crtbegin.o
 .comment       0x0000000000000000       0x12 acpica/utclib.32
 .comment       0x0000000000000000       0x12 core/malloc.32
 .comment       0x0000000000000000       0x12 libk/string.32
 .comment       0x0000000000000000       0x12 fs/fat/diskio.32
 .comment       0x0000000000000000       0x12 fs/fat/ff.32
 .comment       0x0000000000000000       0x12 fs/fat/ffsystem.32
 .comment       0x0000000000000000       0x12 fs/fat/ffunicode.32
 .comment       0x0000000000000000       0x12 hal/libresample/samplerate.32
 .comment       0x0000000000000000       0x12 hal/libresample/src_linear.32
 .comment       0x0000000000000000       0x12 hal/libresample/src_sinc.32
 .comment       0x0000000000000000       0x12 hal/libresample/src_zoh.32
 .comment       0x0000000000000000       0x12 compat/inlines.32
 .comment       0x0000000000000000       0x12 compat/resolve.32
 .group         0x0000000000000000       0x14 core/computer.32
 .group         0x0000000000000000        0xc core/computer.32
 .comment       0x0000000000000000       0x12 core/computer.32
 .comment       0x0000000000000000       0x12 core/gdt.32
 .group         0x0000000000000000        0xc core/idle.32
 .comment       0x0000000000000000       0x12 core/idle.32
 .comment       0x0000000000000000       0x12 core/idt.32
 .comment       0x0000000000000000       0x12 core/kheap.32
 .comment       0x0000000000000000       0x12 core/main.32
 .comment       0x0000000000000000       0x12 core/physmgr.32
 .group         0x0000000000000000        0xc core/pipe.32
 .comment       0x0000000000000000       0x12 core/pipe.32
 .group         0x0000000000000000        0xc core/terminal.32
 .comment       0x0000000000000000       0x12 core/terminal.32
 .comment       0x0000000000000000       0x12 core/tss.32
 .group         0x0000000000000000        0x8 core/unixfile.32
 .group         0x0000000000000000        0x8 core/unixfile.32
 .group         0x0000000000000000        0xc core/unixfile.32
 .group         0x0000000000000000        0x8 core/unixfile.32
 .group         0x0000000000000000        0xc core/unixfile.32
 .group         0x0000000000000000        0x8 core/unixfile.32
 .group         0x0000000000000000        0xc core/unixfile.32
 .group         0x0000000000000000        0xc core/unixfile.32
 .comment       0x0000000000000000       0x12 core/unixfile.32
 .comment       0x0000000000000000       0x12 core/virtmgr.32
 .comment       0x0000000000000000       0x12 coreobjs/c++.32
 .comment       0x0000000000000000       0x12 dbg/kconsole.32
 .group         0x0000000000000000        0xc fs/vfs.32
 .group         0x0000000000000000        0xc fs/vfs.32
 .group         0x0000000000000000        0xc fs/vfs.32
 .comment       0x0000000000000000       0x12 fs/vfs.32
 .group         0x0000000000000000        0xc hal/bus.32
 .comment       0x0000000000000000       0x12 hal/bus.32
 .group         0x0000000000000000        0xc hal/buzzer.32
 .comment       0x0000000000000000       0x12 hal/buzzer.32
 .group         0x0000000000000000        0xc hal/clock.32
 .comment       0x0000000000000000       0x12 hal/clock.32
 .group         0x0000000000000000       0x14 hal/device.32
 .group         0x0000000000000000        0xc hal/device.32
 .group         0x0000000000000000        0x8 hal/device.32
 .group         0x0000000000000000        0xc hal/device.32
[...]
Memory Configuration

Name             Origin             Length             Attributes
*default*        0x0000000000000000 0xffffffffffffffff

Linker script and memory map

LOAD D:/Users/Alex/Desktop/Banana/kernel/boot.32
LOAD crti.32
LOAD /cygdrive/d/Users/Alex/Desktop/Toolchain/Output/bin/../lib/gcc/i386-banana/8.1.0/crtbegin.o
LOAD D:/Users/Alex/Desktop/Banana/kernel/morenasm.32
LOAD acpica/utclib.32
LOAD core/malloc.32
LOAD libk/string.32
LOAD fs/fat/diskio.32
LOAD fs/fat/ff.32
LOAD fs/fat/ffsystem.32
LOAD fs/fat/ffunicode.32
LOAD hal/libresample/samplerate.32
LOAD hal/libresample/src_linear.32
LOAD hal/libresample/src_sinc.32
LOAD hal/libresample/src_zoh.32
LOAD compat/inlines.32
LOAD compat/resolve.32
LOAD core/computer.32
LOAD core/gdt.32
LOAD core/idle.32
LOAD core/idt.32
LOAD core/kheap.32
LOAD core/main.32
LOAD core/physmgr.32
LOAD core/pipe.32
LOAD core/terminal.32
LOAD core/tss.32
LOAD core/unixfile.32
LOAD core/virtmgr.32
LOAD coreobjs/c++.32
LOAD dbg/kconsole.32
LOAD fs/vfs.32
LOAD hal/bus.32
LOAD hal/buzzer.32
LOAD hal/clock.32
LOAD hal/device.32
LOAD hal/diskctrl.32
LOAD hal/diskphys.32
LOAD hal/fpu.32
LOAD hal/intctrl.32
LOAD hal/keybrd.32
LOAD hal/logidisk.32
LOAD hal/mouse.32
LOAD hal/partition.32
LOAD hal/serial.32
LOAD hal/timer.32
LOAD hal/vcache.32
LOAD hal/video.32
LOAD hw/acpi.32
LOAD hw/cpu.32
LOAD hw/ports.32
LOAD hw/smp.32
LOAD krnl/env.32
LOAD krnl/panic.32
LOAD net/ethernet.32
LOAD reg/registry.32
LOAD sys/sc_eject.32
LOAD sys/sc_exit.32
LOAD sys/sc_getcwd.32
LOAD sys/sc_getpid.32
LOAD sys/sc_getramdata.32
LOAD sys/sc_getvgaptr.32
LOAD sys/sc_loaddll.32
LOAD sys/sc_read.32
LOAD sys/sc_sbrk.32
LOAD sys/sc_setcwd.32
LOAD sys/sc_settime.32
LOAD sys/sc_timezone.32
LOAD sys/sc_write.32
LOAD sys/sc_wsbe.32
LOAD sys/sc_yield.32
LOAD sys/syscalls.32
LOAD thr/elf.32
LOAD thr/prcssthr.32
LOAD vm86/vm8086.32
LOAD vm86/x87em.32
LOAD fs/fat/vfslink.32
LOAD fs/iso9660/vfslink.32
LOAD hal/sound/sndchannel.32
LOAD hal/sound/sndhw.32
LOAD hw/bus/isa.32
LOAD hw/bus/pci.32
LOAD hw/diskctrl/ide.32
LOAD hw/diskctrl/satabus.32
LOAD hw/diskphys/ata.32
LOAD hw/diskphys/atapi.32
LOAD hw/diskphys/sata.32
LOAD hw/diskphys/satapi.32
LOAD hw/fpu/avx.32
LOAD hw/fpu/mmx.32
LOAD hw/fpu/sse.32
LOAD hw/fpu/x87.32
LOAD hw/intctrl/apic.32
LOAD hw/intctrl/pic.32
LOAD hw/timer/apictimer.32
LOAD hw/timer/pit.32
LOAD hw/fpu/x86/avx.32
LOAD hw/fpu/x86/sse.32
LOAD hw/fpu/x86/x87.32
LOAD /cygdrive/d/Users/Alex/Desktop/Toolchain/Output/bin/../lib/gcc/i386-banana/8.1.0/crtend.o
LOAD crtn.32
LOAD /cygdrive/d/Users/Alex/Desktop/Toolchain/Output/bin/../lib/gcc/i386-banana/8.1.0/libkgcc.a
LOAD D:/Users/Alex/Desktop/Banana/kernel/libsoftfp.a
LOAD D:/Users/Alex/Desktop/Banana/kernel/libk/libm32.a
                0x00000000c0000000                . = 0xc0000000

.text           0x00000000c0000000    0x283b8
 *(.text)
 .text          0x00000000c0000000       0x41 D:/Users/Alex/Desktop/Banana/kernel/boot.32
                0x00000000c0000020                callGlobalConstructors
 .text          0x00000000c0000041        0x0 crti.32
 *fill*         0x00000000c0000041        0x3 
 .text          0x00000000c0000044      0x101 /cygdrive/d/Users/Alex/Desktop/Toolchain/Output/bin/../lib/gcc/i386-banana/8.1.0/crtbegin.o
 *fill*         0x00000000c0000145        0xb 
 .text          0x00000000c0000150      0x4fb D:/Users/Alex/Desktop/Banana/kernel/morenasm.32
                0x00000000c0000150                manualPCIProbe
                0x00000000c000019b                prepareTramp
                0x00000000c00001b4                voodooXADD
                0x00000000c000027f                doTPAUSE
                0x00000000c0000289                hasLegacyFPU
                0x00000000c00002ae                is486
                0x00000000c00002e4                detectCPUID
                0x00000000c00002fa                goToVM86
                0x00000000c000032a                goToUsermode
                0x00000000c0000354                switchToThreadASMFirstTime
                0x00000000c0000362                switchToThreadASM
                0x00000000c00003f2                asmQuickAcquireLock
                0x00000000c0000410                asmQuickReleaseLock
                0x00000000c000041c                asmAcquireLock
                0x00000000c000043d                asmReleaseLock
                0x00000000c0000450                loadGDT
                0x00000000c0000470                isr0
                0x00000000c0000480                isr1
                0x00000000c000048a                isr2
                0x00000000c0000494                isr3
                0x00000000c000049e                isr4
                0x00000000c00004a8                isr5
                0x00000000c00004b2                isr6
                0x00000000c00004bc                isr7
                0x00000000c00004c6                isr8
                0x00000000c00004ce                isr9
                0x00000000c00004d8                isr10
                0x00000000c00004e0                isr11
                0x00000000c00004e8                isr12
                0x00000000c00004f0                isr13
                0x00000000c00004f8                isr14
                0x00000000c0000500                isr15
                0x00000000c000050a                isr16
                0x00000000c0000514                isr17
                0x00000000c000051e                isr18
                0x00000000c0000528                irq3
                0x00000000c0000532                irq4
                0x00000000c000053c                irq5
                0x00000000c0000546                irq6
                0x00000000c0000550                irq7
                0x00000000c000055a                irq8
                0x00000000c0000564                irq9
                0x00000000c000056e                irq10
                0x00000000c0000578                irq11
                0x00000000c0000582                irq12
                0x00000000c000058c                irq13
                0x00000000c0000596                irq14
                0x00000000c00005a0                irq15
                0x00000000c00005aa                irq1
                0x00000000c00005b1                irq2
                0x00000000c00005b8                isr96
                0x00000000c00005bf                irq0
                0x00000000c00005c4                syscall_common_stub
                0x00000000c00005c4                int_common_stub
                0x00000000c00005f6                irq16
                0x00000000c0000600                irq17
                0x00000000c000060a                irq18
                0x00000000c0000614                irq19
                0x00000000c000061e                irq20
                0x00000000c0000628                irq21
                0x00000000c0000632                irq22
                0x00000000c000063c                irq23
                0x00000000c0000646                memcpy
 *fill*         0x00000000c000064b        0x1 
 .text          0x00000000c000064c      0x5dd acpica/utclib.32
                0x00000000c000064c                memcmp
                0x00000000c0000688                memmove
                0x00000000c0000750                memset
                0x00000000c000076c                strlen
                0x00000000c0000784                strpbrk
                0x00000000c00007c0                strtok
                0x00000000c000080c                strcpy
                0x00000000c0000830                strncpy
                0x00000000c0000898                strcmp
                0x00000000c00008d8                strchr
                0x00000000c00008fc                strncmp
                0x00000000c000094c                strcat
                0x00000000c000097c                strncat
                0x00000000c00009b8                strstr
                0x00000000c0000a00                toupper
                0x00000000c0000a14                tolower
                0x00000000c0000a28                simple_strtoul
 .text          0x00000000c0000c29      0xfad core/malloc.32
                0x00000000c0000d94                dlfree
                0x00000000c00010ef                dlmalloc
                0x00000000c000162c                dlrealloc
                0x00000000c00017cf                dlmemalign
                0x00000000c00018f2                dlcalloc
                0x00000000c000198c                dlcfree
                0x00000000c0001991                dlindependent_calloc
                0x00000000c00019b6                dlindependent_comalloc
                0x00000000c00019cd                dlvalloc
                0x00000000c00019f8                dlpvalloc
                0x00000000c0001a2e                dlmalloc_trim
                0x00000000c0001a3b                dlmalloc_usable_size
                0x00000000c0001a6c                dlmallinfo
                0x00000000c0001b3b                dlmalloc_stats
                0x00000000c0001b4c                dlmallopt
 .text          0x00000000c0001bd6        0x0 libk/string.32
 .text          0x00000000c0001bd6       0x51 fs/fat/diskio.32
                0x00000000c0001bd6                disk_status
                0x00000000c0001bd9                disk_initialize
                0x00000000c0001bdc                disk_read
                0x00000000c0001bf2                disk_write
                0x00000000c0001c08                disk_ioctl
 .text          0x00000000c0001c27     0x6833 fs/fat/ff.32
                0x00000000c0004ef5                f_mount
                0x00000000c0004f57                f_open
                0x00000000c0005393                f_read
                0x00000000c0005613                f_write
                0x00000000c00058cd                f_sync
                0x00000000c0005aa9                f_close
                0x00000000c0005ad8                f_lseek
                0x00000000c0005f8f                f_opendir
                0x00000000c0006091                f_closedir
                0x00000000c00060b3                f_readdir
                0x00000000c000614e                f_stat
                0x00000000c00061dd                f_getfree
                0x00000000c00063a8                f_truncate
                0x00000000c00064a0                f_unlink
                0x00000000c0006623                f_mkdir
                0x00000000c000684f                f_rename
                0x00000000c0006b42                f_chmod
                0x00000000c0006c20                f_utime
                0x00000000c0006cfe                f_getlabel
                0x00000000c0006eec                f_setlabel
                0x00000000c0007159                f_forward
                0x00000000c0007337                f_mkfs
 .text          0x00000000c000845a       0x2d fs/fat/ffsystem.32
                0x00000000c000845a                ff_memalloc
                0x00000000c0008470                ff_memfree
 .text          0x00000000c0008487      0x253 fs/fat/ffunicode.32
                0x00000000c0008487                ff_uni2oem
                0x00000000c0008517                ff_oem2uni
                0x00000000c0008583                ff_wtoupper
 .text          0x00000000c00086da      0x8fb hal/libresample/samplerate.32
                0x00000000c000871e                src_delete
                0x00000000c000875a                src_process
                0x00000000c0008910                src_callback_read
                0x00000000c0008a8d                src_set_ratio
                0x00000000c0008af7                src_get_channels
                0x00000000c0008b19                src_reset
                0x00000000c0008b65                src_new
                0x00000000c0008bf3                src_callback_new
                0x00000000c0008c55                src_get_name
                0x00000000c0008c8c                src_get_description
                0x00000000c0008cc3                src_get_version
                0x00000000c0008cc9                src_is_valid_ratio
                0x00000000c0008d1d                src_error
                0x00000000c0008d2b                src_strerror
                0x00000000c0008d3e                src_simple
                0x00000000c0008d91                src_short_to_float_array
                0x00000000c0008df6                src_float_to_short_array
                0x00000000c0008eb5                src_int_to_float_array
                0x00000000c0008f18                src_float_to_int_array
 .text          0x00000000c0008fd5      0x8cb hal/libresample/src_linear.32
                0x00000000c00097fb                linear_get_name
                0x00000000c000980a                linear_get_description
                0x00000000c0009819                linear_set_converter
 .text          0x00000000c00098a0     0x447c hal/libresample/src_sinc.32
                0x00000000c000dc33                sinc_get_name
                0x00000000c000dc46                sinc_get_description
                0x00000000c000dc59                sinc_set_converter
 .text          0x00000000c000dd1c      0x77c hal/libresample/src_zoh.32
                0x00000000c000e3f3                zoh_get_name
                0x00000000c000e402                zoh_get_description
                0x00000000c000e411                zoh_set_converter
 .text          0x00000000c000e498       0xa7 compat/inlines.32
                0x00000000c000e498                CPU::current()
                0x00000000c000e4a4                operator new(unsigned long)
                0x00000000c000e4a9                operator delete(void*)
                0x00000000c000e4ae                disableIRQs()
                0x00000000c000e4b6                enableIRQs()
                0x00000000c000e4c5                lockScheduler()
                0x00000000c000e4cd                unlockScheduler()
                0x00000000c000e4dc                lockStuff()
                0x00000000c000e4ea                unlockStuff()
                0x00000000c000e524                Virt::getAKernelVAS()
                0x00000000c000e52a                __not_memcpy
 .text          0x00000000c000e53f      0x111 compat/resolve.32
                0x00000000c000e53f                Krnl::resolveCompatibilitySymbol(char*)
 .text          0x00000000c000e650      0x741 core/computer.32
                0x00000000c000e650                Computer::close(int, int, void*)
                0x00000000c000e694                Krnl::firstTask()
                0x00000000c000e7d6                Computer::Computer()
                0x00000000c000e7d6                Computer::Computer()
                0x00000000c000e932                Computer::setBootMessage(char const*)
                0x00000000c000e934                Computer::detectFeatures()
                0x00000000c000eb3e                Computer::displayFeatures()
                0x00000000c000eb40                Computer::rdmsr(unsigned int)
                0x00000000c000eb6c                Computer::wrmsr(unsigned int, unsigned long long)
                0x00000000c000eba4                Computer::nmiEnabled()
                0x00000000c000ebb0                Computer::readCMOS(unsigned char)
                0x00000000c000ebca                Computer::enableNMI(bool)
                0x00000000c000ebe2                Computer::open(int, int, void*)
                0x00000000c000ecd4                Computer::disableNMI()
                0x00000000c000ece2                Computer::writeCMOS(unsigned char, unsigned char)
                0x00000000c000ed00                Computer::handleNMI()
                0x00000000c000ed66                Computer::setDiskActivityLight(int, bool)
 *fill*         0x00000000c000ed91        0x1 
 .text          0x00000000c000ed92      0x19d core/gdt.32
                0x00000000c000ed92                GDTEntry::setBase(unsigned int)
                0x00000000c000edae                GDTEntry::setLimit(unsigned int)
                0x00000000c000edcc                GDT::GDT()
                0x00000000c000edcc                GDT::GDT()
                0x00000000c000ede2                GDT::addEntry(GDTEntry)
                0x00000000c000ee04                GDT::getNumberOfEntries()
                0x00000000c000ee0c                GDT::flush()
                0x00000000c000ee2e                GDT::setup()
 .text          0x00000000c000ef2f       0x6b core/idle.32
                0x00000000c000ef2f                idleFunction(void*)
 .text          0x00000000c000ef9a      0x45e core/idt.32
                0x00000000c000ef9a                IDTEntry::IDTEntry(bool)
                0x00000000c000ef9a                IDTEntry::IDTEntry(bool)
                0x00000000c000f008                IDTEntry::setOffset(unsigned int)
                0x00000000c000f01c                IDT::IDT()
                0x00000000c000f01c                IDT::IDT()
                0x00000000c000f01e                IDT::getPointerToInvalidOpcodeEntryForF00F()
                0x00000000c000f026                IDT::addEntry(IDTEntry, int)
                0x00000000c000f040                IDT::addEntry(int, void (*)(), bool)
                0x00000000c000f078                IDT::flush()
                0x00000000c000f092                IDT::setup()
 .text          0x00000000c000f3f8      0x1fb core/kheap.32
                0x00000000c000f3f8                sbrk
                0x00000000c000f505                mmap
                0x00000000c000f51b                munmap
                0x00000000c000f531                liballoc_lock()
                0x00000000c000f53e                liballoc_unlock()
                0x00000000c000f552                liballoc_alloc(int)
                0x00000000c000f56a                liballoc_free(void*, int)
                0x00000000c000f585                realloc
                0x00000000c000f599                malloc
                0x00000000c000f5a9                free
                0x00000000c000f5b9                rfree
                0x00000000c000f5c9                calloc
 .text          0x00000000c000f5f3      0x1b6 core/main.32
                0x00000000c000f5f3                Krnl::setBootMessage(char const*)
                0x00000000c000f65f                kernel_main
 .text          0x00000000c000f7a9      0x5b5 core/physmgr.32
                0x00000000c000f7a9                Phys::allocateDMA(unsigned long)
                0x00000000c000f877                Phys::freeDMA(unsigned long, unsigned long)
                0x00000000c000f8d6                Phys::setPageState(unsigned long, bool)
                0x00000000c000f908                Phys::getPageState(unsigned long)
                0x00000000c000f924                Phys::freePage(unsigned long)
                0x00000000c000f995                Phys::allocatePage()
                0x00000000c000fa8d                Phys::allocateContiguousPages(int)
                0x00000000c000fae9                Phys::allowSegmentToBeUsed(unsigned long, unsigned long)
                0x00000000c000fb21                Phys::physicalMemorySetup(unsigned int)
 .text          0x00000000c000fd5e      0x273 core/pipe.32
                0x00000000c000fd5e                Pipe::isAtty()
                0x00000000c000fd62                Pipe::~Pipe()
                0x00000000c000fd62                Pipe::~Pipe()
                0x00000000c000fd86                Pipe::~Pipe()
                0x00000000c000fdae                Pipe::read(unsigned long long, void*, int*)
                0x00000000c000feaa                Pipe::write(unsigned long long, void*, int*)
                0x00000000c000ff6a                Pipe::Pipe(int)
                0x00000000c000ff6a                Pipe::Pipe(int)
 *fill*         0x00000000c000ffd1        0x1 
 .text          0x00000000c000ffd2      0xb91 core/terminal.32
                0x00000000c000ffd2                VgaText::isAtty()
                0x00000000c000ffd6                VgaText::~VgaText()
                0x00000000c000ffd6                VgaText::~VgaText()
                0x00000000c000fffa                VgaText::~VgaText()
                0x00000000c0010024                VgaText::read(unsigned long long, void*, int*)
                0x00000000c0010044                setTerminalScrollLock(bool)
                0x00000000c0010045                addToTerminalCycle(VgaText*)
                0x00000000c0010066                installVgaTextImplementation()
                0x00000000c001007b                scrollTerminalScrollLock(int)
                0x00000000c001007c                VgaText::updateTitle()
                0x00000000c00100ba                VgaText::load()
                0x00000000c0010108                VgaText::updateCursor()
                0x00000000c001011e                VgaText::doANSI_SGR(int)
                0x00000000c0010192                VgaText::setDefaultBgColour(VgaColour)
                0x00000000c00101a2                VgaText::setDefaultFgColour(VgaColour)
                0x00000000c00101b2                VgaText::setDefaultColours(VgaColour, VgaColour)
                0x00000000c00101d2                VgaText::setTitleTextColour(VgaColour)
                0x00000000c00101e2                VgaText::setTitleColour(VgaColour)
                0x00000000c00101f2                VgaText::setTitle(char*)
                0x00000000c0010218                VgaText::combineColours(unsigned char, unsigned char)
                0x00000000c001022a                VgaText::scrollScreen()
                0x00000000c00102be                VgaText::combineCharAndColour(char, unsigned char)
                0x00000000c00102d0                VgaText::writeCharacter(char, VgaColour, VgaColour, int, int)
                0x00000000c001032c                VgaText::getCursorX()
                0x00000000c0010334                VgaText::getCursorY()
                0x00000000c001033c                VgaText::setCursor(int, int)
                0x00000000c0010353                setActiveTerminal(VgaText*)
                0x00000000c00103b5                doTerminalCycle()
                0x00000000c00103d0                VgaText::setCursorX(int)
                0x00000000c00103e8                VgaText::setCursorY(int)
                0x00000000c0010400                VgaText::incrementCursor(bool)
                0x00000000c0010454                VgaText::decrementCursor(bool)
                0x00000000c0010476                VgaText::putchar(char, VgaColour, VgaColour)
                0x00000000c001054e                VgaText::doUpdate()
                0x00000000c001055c                VgaText::puts(char const*, VgaColour, VgaColour)
                0x00000000c00106d4                VgaText::clearScreen()
                0x00000000c001072e                VgaText::putchar(char)
                0x00000000c001081a                VgaText::putx(unsigned int)
                0x00000000c0010860                VgaText::puts(char const*)
                0x00000000c0010886                VgaText::VgaText(char const*)
                0x00000000c0010886                VgaText::VgaText(char const*)
                0x00000000c0010a02                VgaText::receiveKey(unsigned char)
                0x00000000c0010aea                VgaText::write(unsigned long long, void*, int*)
                0x00000000c0010b3e                newTerminal(char*)
 *fill*         0x00000000c0010b63        0x1 
 .text          0x00000000c0010b64      0x19d core/tss.32
                0x00000000c0010b64                TSS::TSS()
                0x00000000c0010b64                TSS::TSS()
                0x00000000c0010b72                TSS::setESP(unsigned long)
                0x00000000c0010b84                TSS::flush()
                0x00000000c0010ba4                TSS::setup(unsigned long, unsigned long)
 *fill*         0x00000000c0010d01        0x1 
 .text          0x00000000c0010d02      0x4c2 core/unixfile.32
                0x00000000c0010d02                ReservedFilename::read(unsigned long long, void*, int*)
                0x00000000c0010d58                ReservedFilename::isAtty()
                0x00000000c0010d74                ReservedFilename::write(unsigned long long, void*, int*)
                0x00000000c0010dd2                UnixFile::getFileDescriptor()
                0x00000000c0010dda                UnixFile::UnixFile(int)
                0x00000000c0010dda                UnixFile::UnixFile(int)
                0x00000000c0010f8a                ReservedFilename::ReservedFilename(int)
                0x00000000c0010f8a                ReservedFilename::ReservedFilename(int)
                0x00000000c0010fbc                UnixFile::~UnixFile()
                0x00000000c0010fbc                UnixFile::~UnixFile()
                0x00000000c0011054                UnixFile::~UnixFile()
                0x00000000c001107c                ReservedFilename::~ReservedFilename()
                0x00000000c001107c                ReservedFilename::~ReservedFilename()
                0x00000000c00110a0                ReservedFilename::~ReservedFilename()
                0x00000000c00110c7                getFromFileDescriptor(int)
 .text          0x00000000c00111c4     0x13a7 core/virtmgr.32
                0x00000000c00111c4                Virt::setPageState(unsigned long, Virt::VirtPageState)
                0x00000000c00111f9                Virt::getPageState(unsigned long)
                0x00000000c001121d                Virt::allocateKernelVirtualPages(int)
                0x00000000c001132e                Virt::freeSwapfilePage(unsigned long)
                0x00000000c001134c                Virt::swapIDToSector(unsigned long)
                0x00000000c001135e                Virt::allocateSwapfilePage()
                0x00000000c00113dc                Virt::virtualMemorySetup()
                0x00000000c0011427                Virt::setupPageSwapping(int)
                0x00000000c00115ae                VAS::VAS()
                0x00000000c00115ae                VAS::VAS()
                0x00000000c00115ea                VAS::VAS(VAS*)
                0x00000000c00115ea                VAS::VAS(VAS*)
                0x00000000c0011618                VAS::getForeignPageTableEntry(bool, unsigned long)
                0x00000000c0011644                VAS::getPageTableEntry(unsigned long)
                0x00000000c0011663                Virt::freeKernelVirtualPages(unsigned long)
                0x00000000c0011786                VAS::freeAllocatedPages(unsigned long)
                0x00000000c00117aa                VAS::virtualToPhysical(unsigned long)
                0x00000000c00117c2                VAS::reflagRange(unsigned long, int, int, int)
                0x00000000c0011802                VAS::setToWriteCombining(unsigned long, int)
                0x00000000c0011834                VAS::mapOtherVASIn(bool, VAS*)
                0x00000000c001185e                VAS::~VAS()
                0x00000000c001185e                VAS::~VAS()
                0x00000000c00119da                VAS::mapPage(unsigned long, unsigned long, int)
                0x00000000c0011adc                VAS::allocatePages(int, int)
                0x00000000c0011cb4                VAS::setCPUSpecific(unsigned long)
                0x00000000c0011cd0                VAS::mapRange(unsigned long, unsigned long, int, int)
                0x00000000c0011d96                VAS::mapForeignPage(bool, VAS*, unsigned long, unsigned long, int)
                0x00000000c0011e84                VAS::VAS(bool)
                0x00000000c0011e84                VAS::VAS(bool)
                0x00000000c0012104                VAS::evict(unsigned long)
                0x00000000c00121f2                VAS::tryLoadBackOffDisk(unsigned long)
                0x00000000c001238e                VAS::scanForEviction()
                0x00000000c001243f                mapVASFirstTime
 .text          0x00000000c001256b       0x95 coreobjs/c++.32
                0x00000000c001256b                __cxa_atexit
                0x00000000c001256e                __cxa_finalize
                0x00000000c001256f                __stack_chk_fail
                0x00000000c00125db                __cxa_pure_virtual
                0x00000000c00125ec                operator new[](unsigned long)
                0x00000000c00125f1                operator delete(void*, unsigned long)
                0x00000000c00125f6                operator delete[](void*)
                0x00000000c00125fb                operator delete[](void*, unsigned long)
 .text          0x00000000c0012600      0x1e7 dbg/kconsole.32
                0x00000000c0012600                Dbg::stringifyxWithBase(unsigned int, char*, int)
                0x00000000c0012659                Dbg::logc(char)
                0x00000000c0012670                Dbg::logs(char*)
                0x00000000c001268d                Dbg::logWriteInt(unsigned int)
                0x00000000c00126aa                Dbg::logWriteIntBase(unsigned int, int)
                0x00000000c00126c9                Dbg::kprintf(char const*, ...)
 *fill*         0x00000000c00127e7        0x1 
 .text          0x00000000c00127e8      0xb82 fs/vfs.32
                0x00000000c00127e8                File::read(unsigned long long, void*, int*)
                0x00000000c0012840                File::write(unsigned long long, void*, int*)
                0x00000000c0012898                Directory::read(unsigned long long, void*, int*)
                0x00000000c00128f0                Directory::write(unsigned long long, void*, int*)
                0x00000000c001291e                File::isAtty()
                0x00000000c0012922                Directory::isAtty()
                0x00000000c0012926                Filesystem::getlabel(LogicalDisk*, int, char*, unsigned int*)
                0x00000000c001292c                Filesystem::setlabel(LogicalDisk*, int, char*)
                0x00000000c0012932                Filesystem::getFileFirstSector(char const*)
                0x00000000c0012938                File::~File()
                0x00000000c0012938                File::~File()
                0x00000000c001295c                File::~File()
                0x00000000c0012986                Directory::~Directory()
                0x00000000c0012986                Directory::~Directory()
                0x00000000c00129aa                Directory::~Directory()
                0x00000000c00129d4                Filesystem::Filesystem()
                0x00000000c00129d4                Filesystem::Filesystem()
                0x00000000c00129f8                Filesystem::~Filesystem()
                0x00000000c00129f8                Filesystem::~Filesystem()
                0x00000000c0012a06                Filesystem::~Filesystem()
                0x00000000c0012a2a                Fs::getcwd(Process*, char*, int)
                0x00000000c0012a54                Fs::initVFS()
                0x00000000c0012a7e                Fs::standardiseFiles(char*, char const*, char const*)
                0x00000000c0012c28                File::File(char const*, Process*)
                0x00000000c0012c28                File::File(char const*, Process*)
                0x00000000c0012c8c                File::open(FileOpenMode)
                0x00000000c0012cea                File::close()
                0x00000000c0012d4a                File::seek(unsigned long long)
                0x00000000c0012da0                File::tell(unsigned long long*)
                0x00000000c0012df0                File::rewind()
                0x00000000c0012e04                File::unlink()
                0x00000000c0012e50                File::rename(char const*)
                0x00000000c0012e9e                File::chfatattr(unsigned char, unsigned char)
                0x00000000c0012efa                File::exists()
                0x00000000c0012f38                File::stat(unsigned long long*, bool*)
                0x00000000c0012f99                Fs::setcwd(Process*, char*)
                0x00000000c00130d4                Directory::Directory(char const*, Process*)
                0x00000000c00130d4                Directory::Directory(char const*, Process*)
                0x00000000c0013138                Directory::open()
                0x00000000c0013194                Directory::close()
                0x00000000c00131f4                Directory::unlink()
                0x00000000c0013240                Directory::rename(char const*)
                0x00000000c001328e                Directory::exists()
                0x00000000c00132cc                Directory::read(dirent*)
                0x00000000c0013318                Directory::create()
                0x00000000c0013364                Filesystem::chfatattr(char const*, unsigned char, unsigned char)
 .text          0x00000000c001336a       0x84 hal/bus.32
                0x00000000c001336a                Bus::Bus(char const*)
                0x00000000c001336a                Bus::Bus(char const*)
                0x00000000c00133a0                Bus::~Bus()
                0x00000000c00133a0                Bus::~Bus()
                0x00000000c00133c4                Bus::~Bus()
 .text          0x00000000c00133ee      0x156 hal/buzzer.32
                0x00000000c00133ee                Buzzer::Buzzer(char const*)
                0x00000000c00133ee                Buzzer::Buzzer(char const*)
                0x00000000c0013432                Buzzer::~Buzzer()
                0x00000000c0013432                Buzzer::~Buzzer()
                0x00000000c0013456                Buzzer::~Buzzer()
                0x00000000c0013480                Buzzer::stop()
                0x00000000c0013493                beepThread(void*)
                0x00000000c00134d6                Buzzer::beep(int, int, bool)
 .text          0x00000000c0013544      0x467 hal/clock.32
                0x00000000c0013544                User::loadClockSettings(int)
                0x00000000c0013596                Clock::Clock(char const*)
                0x00000000c0013596                Clock::Clock(char const*)
                0x00000000c00135cc                Clock::~Clock()
                0x00000000c00135cc                Clock::~Clock()
                0x00000000c00135f0                Clock::~Clock()
                0x00000000c001361a                Clock::timeInSecondsLocal()
                0x00000000c0013662                Clock::setTimeInSecondsLocal(unsigned long long)
                0x00000000c00136bb                datetimeToSeconds(datetime_t)
                0x00000000c00137e2                Clock::setTimeInDatetimeLocal(datetime_t)
                0x00000000c0013842                secondsToDatetime(unsigned long long)
                0x00000000c0013986                Clock::timeInDatetimeLocal()
 *fill*         0x00000000c00139ab        0x1 
 .text          0x00000000c00139ac      0x504 hal/device.32
                0x00000000c00139ac                Device::hibernate()
                0x00000000c00139ae                Device::wake()
                0x00000000c00139b0                Device::detect()
                0x00000000c00139b2                Device::disableLegacy()
                0x00000000c00139b4                Device::powerSaving(PowerSavingLevel)
                0x00000000c00139b6                DriverlessDevice::close(int, int, void*)
                0x00000000c00139ba                DriverlessDevice::detect()
                0x00000000c00139bc                DriverlessDevice::open(int, int, void*)
                0x00000000c00139d0                Device::~Device()
                0x00000000c00139d0                Device::~Device()
                0x00000000c00139de                Device::~Device()
                0x00000000c0013a06                Device::findAndLoadDriver()
                0x00000000c0013a14                Device::preOpenPCI(PCIDeviceInfo)
                0x00000000c0013a3a                Device::preOpenACPI(void*, char*, char*)
                0x00000000c0013a7a                Device::addIRQHandler(int, void (*)(regs*, void*), bool, void*)
                0x00000000c0013ab8                Device::getParent()
                0x00000000c0013ac4                Device::removeIRQHandler(int, void (*)(regs*, void*), bool)
                0x00000000c0013b02                Device::addChild(Device*)
                0x00000000c0013b46                Device::removeAllChildren()
                0x00000000c0013b8c                Device::hibernateAll()
                0x00000000c0013bbc                Device::wakeAll()
                0x00000000c0013bec                Device::detectAll()
                0x00000000c0013c1c                Device::disableLegacyAll()
                0x00000000c0013c4c                Device::loadDriversForAll()
                0x00000000c0013c8c                Device::closeAll()
                0x00000000c0013cc2                Device::powerSavingAll(PowerSavingLevel)
                0x00000000c0013cf8                Device::setName(char const*)
                0x00000000c0013d06                Device::Device(char const*)
                0x00000000c0013d06                Device::Device(char const*)
                0x00000000c0013e02                Device::getName()
                0x00000000c0013e0c                DriverlessDevice::DriverlessDevice(char const*)
                0x00000000c0013e0c                DriverlessDevice::DriverlessDevice(char const*)
                0x00000000c0013e42                Device::addToLinkedList(LinkedList<Device>&, DeviceType)
                0x00000000c0013e86                getDevicesOfType(DeviceType)
 .text          0x00000000c0013eb0       0x84 hal/diskctrl.32
                0x00000000c0013eb0                HardDiskController::HardDiskController(char const*)
                0x00000000c0013eb0                HardDiskController::HardDiskController(char const*)
                0x00000000c0013ee6                HardDiskController::~HardDiskController()
                0x00000000c0013ee6                HardDiskController::~HardDiskController()
                0x00000000c0013f0a                HardDiskController::~HardDiskController()
 .text          0x00000000c0013f34       0xe2 hal/diskphys.32
                0x00000000c0013f34                PhysicalDisk::eject()
                0x00000000c0013f38                PhysicalDisk::PhysicalDisk(char const*, int)
                0x00000000c0013f38                PhysicalDisk::PhysicalDisk(char const*, int)
                0x00000000c0013fa0                PhysicalDisk::startCache()
                0x00000000c0013fc8                PhysicalDisk::~PhysicalDisk()
                0x00000000c0013fc8                PhysicalDisk::~PhysicalDisk()
                0x00000000c0013fec                PhysicalDisk::~PhysicalDisk()
 .text          0x00000000c0014016      0x13b hal/fpu.32
                0x00000000c0014016                FPU::FPU(char const*)
                0x00000000c0014016                FPU::FPU(char const*)
                0x00000000c001404c                FPU::~FPU()
                0x00000000c001404c                FPU::~FPU()
                0x00000000c0014070                FPU::~FPU()
                0x00000000c001409a                setupFPU()
 *fill*         0x00000000c0014151        0x1 
 .text          0x00000000c0014152     0x1435 hal/intctrl.32
                0x00000000c0014152                InterruptController::uninstallISRHandler(int, void (*)(regs*, void*))
                0x00000000c001418a                InterruptController::installISRHandler(int, void (*)(regs*, void*), void*)
                0x00000000c00141dc                doubleFault(regs*, void*)
                0x00000000c00141f6                InterruptController::installIRQHandler(int, void (*)(regs*, void*), bool, void*)
                0x00000000c0014292                InterruptController::clearAllHandlers(int, bool)
                0x00000000c001433a                InterruptController::uninstallIRQHandler(int, void (*)(regs*, void*), bool)
                0x00000000c00143c1                nmiHandler(regs*, void*)
                0x00000000c00143cf                int_handler
                0x00000000c0014470                InterruptController::InterruptController(char const*)
                0x00000000c0014470                InterruptController::InterruptController(char const*)
                0x00000000c0014516                InterruptController::~InterruptController()
                0x00000000c0014516                InterruptController::~InterruptController()
                0x00000000c001453a                InterruptController::~InterruptController()
                0x00000000c0014564                displayDebugInfo(regs*)
                0x00000000c00149f3                x87EmulHandler(regs*, void*)
                0x00000000c0014a66                gpFault(regs*, void*)
                0x00000000c0014a9f                pgFault(regs*, void*)
                0x00000000c0014ae7                otherISRHandler(regs*, void*)
                0x00000000c0014b06                opcodeFault(regs*, void*)
                0x00000000c0015123                displayProgramFault(char const*)
                0x00000000c001514b                setupInterruptController()
                0x00000000c001553a                InterruptController::convertLegacyIRQNumber(int)
 *fill*         0x00000000c0015587        0x1 
 .text          0x00000000c0015588      0x784 hal/keybrd.32
                0x00000000c0015588                startGUI(void*)
                0x00000000c00155f4                startGUIVESA(void*)
                0x00000000c0015660                sendKeyToTerminal(unsigned char)
                0x00000000c001571e                sendKeyboardToken(KeyboardToken)
                0x00000000c0015b5b                clearInternalKeybuffer(VgaText*)
                0x00000000c0015b90                readKeyboard(VgaText*, char*, unsigned long)
                0x00000000c0015c82                Keyboard::Keyboard(char const*)
                0x00000000c0015c82                Keyboard::Keyboard(char const*)
                0x00000000c0015cbe                Keyboard::~Keyboard()
                0x00000000c0015cbe                Keyboard::~Keyboard()
                0x00000000c0015ce2                Keyboard::~Keyboard()
 .text          0x00000000c0015d0c      0x3ea hal/logidisk.32
                0x00000000c0015d0c                LogicalDisk::close(int, int, void*)
                0x00000000c0015d10                LogicalDisk::~LogicalDisk()
                0x00000000c0015d10                LogicalDisk::~LogicalDisk()
                0x00000000c0015d34                LogicalDisk::~LogicalDisk()
                0x00000000c0015d5e                LogicalDisk::open(int, int, void*)
                0x00000000c0015d72                LogicalDisk::absoluteToRelative(unsigned long long)
                0x00000000c0015daa                LogicalDisk::relativeToAbsolute(unsigned long long)
                0x00000000c0015df0                LogicalDisk::LogicalDisk(char const*, PhysicalDisk*, unsigned long long, unsigned long long)
                0x00000000c0015df0                LogicalDisk::LogicalDisk(char const*, PhysicalDisk*, unsigned long long, unsigned long long)
                0x00000000c0015ea6                LogicalDisk::assignDriveLetter()
                0x00000000c0015f5c                LogicalDisk::mount()
                0x00000000c0015fa4                LogicalDisk::unmount()
                0x00000000c0015fb4                LogicalDisk::eject()
                0x00000000c0015fc8                LogicalDisk::unassignDriveLetter()
                0x00000000c001601e                LogicalDisk::read(unsigned long long, int, void*)
                0x00000000c001608a                LogicalDisk::write(unsigned long long, int, void*)
 .text          0x00000000c00160f6       0x84 hal/mouse.32
                0x00000000c00160f6                Mouse::Mouse(char const*)
                0x00000000c00160f6                Mouse::Mouse(char const*)
                0x00000000c001612c                Mouse::~Mouse()
                0x00000000c001612c                Mouse::~Mouse()
                0x00000000c0016150                Mouse::~Mouse()
 .text          0x00000000c001617a      0x339 hal/partition.32
                0x00000000c001617a                makePartition(PhysicalDisk*, unsigned long long, unsigned long long)
                0x00000000c0016222                createPartitionsForDisk(PhysicalDisk*)
 *fill*         0x00000000c00164b3        0x1 
 .text          0x00000000c00164b4       0x84 hal/serial.32
                0x00000000c00164b4                Serial::Serial(char const*)
                0x00000000c00164b4                Serial::Serial(char const*)
                0x00000000c00164ea                Serial::~Serial()
                0x00000000c00164ea                Serial::~Serial()
                0x00000000c001650e                Serial::~Serial()
 .text          0x00000000c0016538      0x2f3 hal/timer.32
                0x00000000c0016538                Timer::Timer(char const*)
                0x00000000c0016538                Timer::Timer(char const*)
                0x00000000c001656e                Timer::~Timer()
                0x00000000c001656e                Timer::~Timer()
                0x00000000c0016592                Timer::~Timer()
                0x00000000c00165bc                Timer::read()
                0x00000000c00165c7                timerHandler(unsigned long long)
                0x00000000c0016739                setupTimer(int)
 *fill*         0x00000000c001682b        0x1 
 .text          0x00000000c001682c      0x409 hal/vcache.32
                0x00000000c001682c                VCache::VCache(PhysicalDisk*)
                0x00000000c001682c                VCache::VCache(PhysicalDisk*)
                0x00000000c0016994                VCache::invalidateReadBuffer()
                0x00000000c00169a4                VCache::writeWriteBuffer()
                0x00000000c00169e0                VCache::~VCache()
                0x00000000c00169e0                VCache::~VCache()
                0x00000000c0016a34                VCache::~VCache()
                0x00000000c0016a5c                VCache::write(unsigned long long, int, void*)
                0x00000000c0016b46                VCache::read(unsigned long long, int, void*)
 *fill*         0x00000000c0016c35        0x1 
 .text          0x00000000c0016c36      0x4b3 hal/video.32
                0x00000000c0016c36                Video::putrect(int, int, int, int, unsigned int)
                0x00000000c0016c82                Video::bitblit(int, int, int, int, int, int, int, unsigned int*)
                0x00000000c0016cf2                Video::blit(unsigned int*, int, int, int, int)
                0x00000000c0016d70                Video::clearScreen(unsigned int)
                0x00000000c0016da4                Video::putpixel(int, int, unsigned int)
                0x00000000c0016db2                Video::Video(char const*)
                0x00000000c0016db2                Video::Video(char const*)
                0x00000000c0016de8                Video::~Video()
                0x00000000c0016de8                Video::~Video()
                0x00000000c0016e0c                Video::~Video()
                0x00000000c0016e36                Video::isMonochrome()
                0x00000000c0016e42                Video::getWidth()
                0x00000000c0016e4e                Video::getHeight()
                0x00000000c0016e5a                Video::drawCursor(int, int, unsigned char*, int)
                0x00000000c0016f16                Video::tgaParse(unsigned char*, int, int*, int*)
                0x00000000c001707e                Video::putTGA(int, int, unsigned char*, int)
 *fill*         0x00000000c00170e9        0x1 
 .text          0x00000000c00170ea     0x11c9 hw/acpi.32
                0x00000000c00170ea                ACPI::close(int, int, void*)
                0x00000000c001718f                findRSDP()
                0x00000000c0017219                loadACPITables(unsigned char*)
                0x00000000c0017470                findRSDT(unsigned char*)
                0x00000000c00175ba                findDataTable(unsigned char*, char*)
                0x00000000c001762c                scanMADT()
                0x00000000c0017a9a                ACPI::ACPI()
                0x00000000c0017a9a                ACPI::ACPI()
                0x00000000c0017aee                ACPI::getPCIIRQAssignment(unsigned char, unsigned short, unsigned char)
                0x00000000c0017bd0                ACPI::registerPCIIRQAssignment(void*, unsigned short, unsigned char, unsigned char)
                0x00000000c0017c96                ACPI::setScreenBrightnessLevel(void*, int)
                0x00000000c0017c9c                ACPI::detectPCI()
                0x00000000c0017e9e                ACPI::writeSimpleBootFlag(SimpleBootFlagTable*)
                0x00000000c0017ee6                ACPI::sleep()
                0x00000000c0017efe                ACPI::open(int, int, void*)
 *fill*         0x00000000c00182b3        0x1 
 .text          0x00000000c00182b4     0x1495 hw/cpu.32
                0x00000000c00182b4                CPU::close(int, int, void*)
                0x00000000c00182b8                CPU::lookupAMDName(unsigned char, unsigned char)
                0x00000000c001844c                CPU::lookupIntelName(unsigned char, unsigned char)
                0x00000000c00186fa                CPU::AMD_K6_write_msr(unsigned int, unsigned int, unsigned int, CPU::REGS*)
                0x00000000c0018716                CPU::AMD_K6_read_msr(unsigned int, CPU::REGS*)
                0x00000000c001872e                CPU::AMD_K6_writeback(int, int, int)
                0x00000000c00187a2                CPU::cpuid(int, unsigned long*, unsigned long*, unsigned long*, unsigned long*)
                0x00000000c0018826                CPU::cpuidCheckEDX(unsigned int)
                0x00000000c0018854                CPU::cpuidCheckECX(unsigned int)
                0x00000000c0018882                CPU::cpuidCheckExtendedEBX(unsigned int)
                0x00000000c00188b0                CPU::cpuidCheckExtendedECX(unsigned int)
                0x00000000c00188de                CPU::CPU()
                0x00000000c00188de                CPU::CPU()
                0x00000000c001896c                CPU::displayFeatures()
                0x00000000c001896e                CPU::detectFeatures()
                0x00000000c0019360                CPU::setupSMEP()
                0x00000000c001936c                CPU::setupUMIP()
                0x00000000c0019376                CPU::setupTSC()
                0x00000000c0019380                CPU::setupLargePages()
                0x00000000c001938a                CPU::setupPAT()
                0x00000000c00193c6                CPU::setupMTRR()
                0x00000000c00193c8                CPU::setupGlobalPages()
                0x00000000c00193d2                CPU::allowUsermodeDataAccess()
                0x00000000c00193e4                CPU::prohibitUsermodeDataAccess()
                0x00000000c00193f6                CPU::setupSMAP()
                0x00000000c0019404                CPU::setupFeatures()
                0x00000000c0019484                CPU::open(int, int, void*)
                0x00000000c001954e                CPU::decodeAddress(regs*, int*, bool*, unsigned char*)
 .text          0x00000000c0019749        0x0 hw/ports.32
 .text          0x00000000c0019749      0x16a hw/smp.32
                0x00000000c0019749                Krnl::smpEntry()
                0x00000000c001974b                Krnl::startCPU(int)
                0x00000000c0019894                Krnl::startCPUs()
 *fill*         0x00000000c00198b3        0x1 
 .text          0x00000000c00198b4      0x581 krnl/env.32
                0x00000000c00198b4                EnvVarContainer::getEnv(char const*)
                0x00000000c00198f2                EnvVarContainer::setEnv(char const*, char const*)
                0x00000000c00199b4                EnvVarContainer::deleteEnv(char const*)
                0x00000000c00199b6                EnvVarContainer::loadFrom(char const*, char const*)
                0x00000000c0019b9c                EnvVarContainer::__loadSystem()
                0x00000000c0019bb6                EnvVarContainer::__loadUser()
                0x00000000c0019bb8                EnvVarContainer::EnvVarContainer(Process*)
                0x00000000c0019bb8                EnvVarContainer::EnvVarContainer(Process*)
                0x00000000c0019bda                EnvVarContainer::~EnvVarContainer()
                0x00000000c0019bda                EnvVarContainer::~EnvVarContainer()
                0x00000000c0019c0a                Krnl::getEnv(Process*, char const*)
                0x00000000c0019c6f                Krnl::setEnvSystem(char const*, char const*)
                0x00000000c0019c89                Krnl::setEnvUser(char const*, char const*)
                0x00000000c0019ca8                Krnl::setEnvProcess(Process*, char const*, char const*)
                0x00000000c0019cbb                Krnl::deleteEnvSystem(char const*)
                0x00000000c0019cbc                Krnl::deleteEnvUser(char const*)
                0x00000000c0019cbd                Krnl::deleteEnvProcess(Process*, char const*)
                0x00000000c0019cbe                Krnl::newProcessEnv(Process*)
                0x00000000c0019ce0                Krnl::copyProcessEnv(Process*, Process*)
                0x00000000c0019d2c                Krnl::loadSystemEnv()
                0x00000000c0019d5a                Krnl::loadUserEnv()
                0x00000000c0019d80                Krnl::flushEnv()
                0x00000000c0019d81                Krnl::getProcessTotalEnvCount(Process*)
                0x00000000c0019da1                Krnl::getProcessEnvPair(Process*, int)
 .text          0x00000000c0019e35      0x39c krnl/panic.32
                0x00000000c0019e35                Krnl::panic(char const*)
 .text          0x00000000c001a1d1      0x57f net/ethernet.32
                0x00000000c001a1d1                Net::switchEndian16(unsigned short)
                0x00000000c001a1f2                Net::switchEndian32(unsigned int)
                0x00000000c001a221                Net::crc32Calc(unsigned char*, int)
                0x00000000c001a2b2                Net::wrapEthernetFrame(Net::UnwrappedEthernetFrame, unsigned char*)
                0x00000000c001a4c5                Net::unwrapEthernetFrame(unsigned char*, int)
 .text          0x00000000c001a750      0x50e reg/registry.32
                0x00000000c001a750                Reg::findLineFromLoadedData(char*, char*, char*)
                0x00000000c001a8a8                Reg::getLineFromRegistry(char*, char*, char*, char*)
                0x00000000c001a9fd                Reg::getLine(char*, char*, char*)
                0x00000000c001aa34                Reg::readInt(char*, char*, int*)
                0x00000000c001ab1f                Reg::readString(char*, char*, char*, int)
                0x00000000c001aba0                Reg::readBool(char*, char*, bool*)
                0x00000000c001abc5                Reg::readBoolWithDefault(char*, char*, bool)
                0x00000000c001abf1                Reg::readIntWithDefault(char*, char*, int)
                0x00000000c001ac1d                Reg::readStringWithDefault(char*, char*, char*, int, char*)
 .text          0x00000000c001ac5e       0x36 sys/sc_eject.32
                0x00000000c001ac5e                Sys::eject(regs*)
 .text          0x00000000c001ac94       0x18 sys/sc_exit.32
                0x00000000c001ac94                Sys::exit(regs*)
 .text          0x00000000c001acac       0x1f sys/sc_getcwd.32
                0x00000000c001acac                Sys::getCwd(regs*)
 .text          0x00000000c001accb        0xc sys/sc_getpid.32
                0x00000000c001accb                Sys::getPID(regs*)
 .text          0x00000000c001acd7       0x17 sys/sc_getramdata.32
                0x00000000c001acd7                Sys::getRAMData(regs*)
 .text          0x00000000c001acee       0x84 sys/sc_getvgaptr.32
                0x00000000c001acee                Sys::getVGAPtr(regs*)
 .text          0x00000000c001ad72       0xa8 sys/sc_loaddll.32
                0x00000000c001ad72                Sys::loadDLL(regs*)
 .text          0x00000000c001ae1a       0x68 sys/sc_read.32
                0x00000000c001ae1a                Sys::read(regs*)
 .text          0x00000000c001ae82       0x55 sys/sc_sbrk.32
                0x00000000c001ae82                Sys::sbrk(regs*)
 .text          0x00000000c001aed7       0x1c sys/sc_setcwd.32
                0x00000000c001aed7                Sys::setCwd(regs*)
 .text          0x00000000c001aef3       0x95 sys/sc_settime.32
                0x00000000c001aef3                Sys::setTime(regs*)
 .text          0x00000000c001af88       0x4a sys/sc_timezone.32
                0x00000000c001af88                Sys::timezone(regs*)
 .text          0x00000000c001afd2       0x68 sys/sc_write.32
                0x00000000c001afd2                Sys::write(regs*)
 .text          0x00000000c001b03a       0x62 sys/sc_wsbe.32
                0x00000000c001b03a                Sys::wsbe(regs*)
 .text          0x00000000c001b09c       0x46 sys/sc_yield.32
                0x00000000c001b09c                Sys::yield(regs*)
 .text          0x00000000c001b0e2      0xf84 sys/syscalls.32
                0x00000000c001b0e2                sysCallSeekDir(regs*)
                0x00000000c001b0e7                sysCallTellDir(regs*)
                0x00000000c001b0ec                sysCallVerify(regs*)
                0x00000000c001b0f6                sysCallGetArgc(regs*)
                0x00000000c001b106                sysFormatDisk(regs*)
                0x00000000c001b170                sysSetDiskVolumeLabel(regs*)
                0x00000000c001b1b6                sysGetDiskVolumeLabel(regs*)
                0x00000000c001b207                sysShutdown(regs*)
                0x00000000c001b265                sysCallRealpath(regs*)
                0x00000000c001b2a8                sysCallReadDir(regs*)
                0x00000000c001b327                sysCallIsATTY(regs*)
                0x00000000c001b381                sysCallSeek(regs*)
                0x00000000c001b3d8                sysCallTell(regs*)
                0x00000000c001b444                sysCallSize(regs*)
                0x00000000c001b4b6                sysCallSizeFromFilename(regs*)
                0x00000000c001b565                sysCallClose(regs*)
                0x00000000c001b5c5                sysCallOpenDir(regs*)
                0x00000000c001b63a                sysCallCloseDir(regs*)
                0x00000000c001b68e                sysCallMakeDir(regs*)
                0x00000000c001b6fe                sysCallWait(regs*)
                0x00000000c001b718                sysCallNotImpl(regs*)
                0x00000000c001b733                sysPanic(regs*)
                0x00000000c001b74d                sysCallRmdir(regs*)
                0x00000000c001b7b1                sysCallUnlink(regs*)
                0x00000000c001b815                sysCallGetArgv(regs*)
                0x00000000c001b861                sysCallTTYName(regs*)
                0x00000000c001b8e4                sysCallUSleep(regs*)
                0x00000000c001b90b                sysCallSpawn(regs*)
                0x00000000c001b973                sysCallGetEnv(regs*)
                0x00000000c001ba20                sysAppSettings(regs*)
                0x00000000c001bb34                sysSetFatAttrib(regs*)
                0x00000000c001bba6                sysPipe(regs*)
                0x00000000c001bbeb                sysGetUnixTime(regs*)
                0x00000000c001bbff                string_ends_with(char const*, char const*)
                0x00000000c001bc47                sysCallOpen(regs*)
                0x00000000c001be2f                Sys::loadSyscalls()
                0x00000000c001c024                Sys::systemCall(regs*, void*)
 .text          0x00000000c001c066     0x1203 thr/elf.32
                0x00000000c001c066                Thr::allocateMemoryForTask(Process*, File*, unsigned long, unsigned long, unsigned long)
                0x00000000c001c310                Thr::loadProgramIntoMemory(Process*, char const*)
                0x00000000c001c526                Thr::runtimeReferenceHelper()
                0x00000000c001c539                Thr::getAddressOfKernelSymbol(char const*)
                0x00000000c001c588                Thr::loadKernelSymbolTable(char const*)
                0x00000000c001c846                Thr::loadDriverIntoMemory(char const*, unsigned long, bool)
                0x00000000c001cf7c                Thr::getDriverBaseFromAddress(unsigned long)
                0x00000000c001cfae                Thr::getDriverNameFromAddress(unsigned long)
                0x00000000c001cfe5                Thr::getDriverOffsetFromAddress(unsigned long)
                0x00000000c001cfff                Thr::loadDLL(char const*, bool)
                0x00000000c001d230                Thr::executeDLL(unsigned long, void*)
 *fill*         0x00000000c001d269        0x1 
 .text          0x00000000c001d26a     0x11ef thr/prcssthr.32
                0x00000000c001d26a                userModeEntryPoint(void*)
                0x00000000c001d290                changeTSS
                0x00000000c001d2c0                switchToThread(ThreadControlBlock*)
                0x00000000c001d36a                Process::addArgs(char**)
                0x00000000c001d3c4                Process::Process(char const*, Process*, char**)
                0x00000000c001d3c4                Process::Process(char const*, Process*, char**)
                0x00000000c001d5a8                Process::Process(bool, char const*, Process*, char**)
                0x00000000c001d5a8                Process::Process(bool, char const*, Process*, char**)
                0x00000000c001d757                taskStartupFunction
                0x00000000c001d760                Semaphore::Semaphore(int)
                0x00000000c001d760                Semaphore::Semaphore(int)
                0x00000000c001d78e                Mutex::Mutex()
                0x00000000c001d78e                Mutex::Mutex()
                0x00000000c001d7a0                Process::createThread(void (*)(void*), void*, int)
                0x00000000c001d8a6                Process::createUserThread()
                0x00000000c001d8c2                setupMultitasking(void (*)())
                0x00000000c001d9c5                schedule()
                0x00000000c001da4a                Semaphore::tryAcquire()
                0x00000000c001db06                Semaphore::assertLocked(char const*)
                0x00000000c001db75                blockTaskWithSchedulerLockAlreadyHeld(TaskState)
                0x00000000c001db9b                blockTask(TaskState)
                0x00000000c001dbc8                waitTask(int, int*, int)
                0x00000000c001dc0a                nanoSleepUntil(unsigned long long)
                0x00000000c001dc9f                nanoSleep(unsigned long long)
                0x00000000c001dcb7                sleep(unsigned long long)
                0x00000000c001dcd4                Semaphore::acquire()
                0x00000000c001dd76                taskReturned
                0x00000000c001ddb1                Thr::processFromPID(int)
                0x00000000c001de48                unblockTask(ThreadControlBlock*)
                0x00000000c001dedd                cleanupTerminatedTask(ThreadControlBlock*)
                0x00000000c001e184                cleanerTaskFunction(void*)
                0x00000000c001e265                terminateTask(int)
                0x00000000c001e324                Thr::terminateFromIRQ(int)
                0x00000000c001e330                Semaphore::release()
 .text          0x00000000c001e459      0xada vm86/vm8086.32
                0x00000000c001e459                Vm::inbv(unsigned short)
                0x00000000c001e46c                Vm::outbv(unsigned short, unsigned char)
                0x00000000c001e4a2                Vm::realToLinear(unsigned short, unsigned short)
                0x00000000c001e4b2                Vm::getSegment(unsigned int)
                0x00000000c001e4ba                Vm::getOffset(unsigned int)
                0x00000000c001e4bf                Vm::mainloop2()
                0x00000000c001e4f9                Vm::mainVm8086Loop(void*)
                0x00000000c001e509                Vm::mainloop3(unsigned long)
                0x00000000c001e52f                Vm::initialise8086()
                0x00000000c001e572                Vm::finish8086()
                0x00000000c001e5d3                Vm::getOutput8086(unsigned char*)
                0x00000000c001e5f8                Vm::start8086(char const*, unsigned short, unsigned short, unsigned short, unsigned short)
                0x00000000c001e760                Vm::doISR(regs*, int, unsigned char*, unsigned short, unsigned short)
                0x00000000c001e7ea                Vm::readByteFromReal(unsigned short, unsigned short)
                0x00000000c001e7fb                Vm::readWordFromReal(unsigned short, unsigned short)
                0x00000000c001e80d                Vm::readDwordFromReal(unsigned short, unsigned short)
                0x00000000c001e81e                Vm::writeByteFromReal(unsigned short, unsigned short, unsigned char)
                0x00000000c001e833                Vm::writeWordFromReal(unsigned short, unsigned short, unsigned short)
                0x00000000c001e849                Vm::writeDwordFromReal(unsigned short, unsigned short, unsigned int)
                0x00000000c001e85e                Vm::faultHandler(regs*)
 .text          0x00000000c001ef33      0xefd vm86/x87em.32
                0x00000000c001ef33                Vm::fpuInternalTo32(unsigned long long)
                0x00000000c001ef8e                Vm::fpuInternalTo64(unsigned long long)
                0x00000000c001ef97                Vm::fpu32ToInternal(unsigned int)
                0x00000000c001efdc                Vm::fpu64ToInternal(unsigned long long)
                0x00000000c001efe5                Vm::fpuFloatToLong(unsigned long long)
                0x00000000c001f040                Vm::fpuULongToFloat(unsigned long long)
                0x00000000c001f076                Vm::fpuLongToFloat(long long)
                0x00000000c001f0cc                Vm::fpuGet0()
                0x00000000c001f0d1                Vm::fpuGet1()
                0x00000000c001f0d9                Vm::fpuGetPi()
                0x00000000c001f0e1                Vm::fpuGetLog2E()
                0x00000000c001f0f9                Vm::fpuGetLogE2()
                0x00000000c001f111                Vm::fpuGetLog210()
                0x00000000c001f129                Vm::fpuGetLog102()
                0x00000000c001f141                Vm::fpuIsSecondLarger(unsigned long long, unsigned long long)
                0x00000000c001f155                Vm::fpuAreEqual(unsigned long long, unsigned long long)
                0x00000000c001f16b                Vm::fpuUnorderedCompare(unsigned long long, unsigned long long)
                0x00000000c001f1be                Vm::fpuAdd(unsigned long long, unsigned long long)
                0x00000000c001f1cf                Vm::fpuAbs(unsigned long long)
                0x00000000c001f1d8                Vm::fpuChs(unsigned long long)
                0x00000000c001f1e8                Vm::fpuSub(unsigned long long, unsigned long long)
                0x00000000c001f1f7                Vm::fpuMultiply(unsigned long long, unsigned long long)
                0x00000000c001f216                Vm::fpuDivide(unsigned long long, unsigned long long)
                0x00000000c001f232                Vm::fpuSquare(unsigned long long)
                0x00000000c001f248                Vm::fpuGetReg(int)
                0x00000000c001f28b                Vm::fpuSetReg(int, unsigned long long)
                0x00000000c001f2d6                Vm::fpuPush(unsigned long long)
                0x00000000c001f333                Vm::fpuPop()
                0x00000000c001f385                Vm::x87Handler(regs*)
 .text          0x00000000c001fe30     0x11c1 fs/fat/vfslink.32
                0x00000000c001fe30                FAT::getName()
                0x00000000c001fe36                FAT::tell(void*, unsigned long long*)
                0x00000000c001fe6a                FAT::stat(void*, unsigned long long*)
                0x00000000c001fe9e                FAT::~FAT()
                0x00000000c001fe9e                FAT::~FAT()
                0x00000000c001fec2                FAT::~FAT()
                0x00000000c001feea                FAT::getlabel(LogicalDisk*, int, char*, unsigned int*)
                0x00000000c001ff88                FAT::setlabel(LogicalDisk*, int, char*)
                0x00000000c0020042                FAT::format(LogicalDisk*, int, char const*, int)
                0x00000000c0020200                FAT::tryMount(LogicalDisk*, int)
                0x00000000c0020406                FAT::getFileFirstSector(char const*)
                0x00000000c00204ac                FAT::readDir(void*, unsigned long, void*, int*)
                0x00000000c0020606                FAT::read(void*, unsigned long, void*, int*)
                0x00000000c0020660                FAT::write(void*, unsigned long, void*, int*)
                0x00000000c00206ba                FAT::close(void*)
                0x00000000c0020706                FAT::closeDir(void*)
                0x00000000c0020752                FAT::seek(void*, unsigned long long)
                0x00000000c00207a6                fatWrapperReadDisk
                0x00000000c00207ed                fatWrapperWriteDisk
                0x00000000c0020834                fatWrapperIoctl
                0x00000000c0020938                FAT::FAT()
                0x00000000c0020938                FAT::FAT()
                0x00000000c002098a                FAT::fixFilepath(char*)
                0x00000000c00209c2                FAT::open(char const*, void**, FileOpenMode)
                0x00000000c0020aea                FAT::openDir(char const*, void**)
                0x00000000c0020b90                FAT::stat(char const*, unsigned long long*, bool*)
                0x00000000c0020c7a                FAT::unlink(char const*)
                0x00000000c0020cf4                FAT::chfatattr(char const*, unsigned char, unsigned char)
                0x00000000c0020e48                FAT::rename(char const*, char const*)
                0x00000000c0020f0c                FAT::mkdir(char const*)
                0x00000000c0020f86                FAT::exists(char const*)
 *fill*         0x00000000c0020ff1        0x1 
 .text          0x00000000c0020ff2      0xb75 fs/iso9660/vfslink.32
                0x00000000c0020ff2                ISO9660::format(LogicalDisk*, int, char const*, int)
                0x00000000c0020ff8                ISO9660::seek(void*, unsigned long long)
                0x00000000c0021028                ISO9660::tell(void*, unsigned long long*)
                0x00000000c002104c                ISO9660::getName()
                0x00000000c0021052                ISO9660::stat(void*, unsigned long long*)
                0x00000000c0021076                ISO9660::chfatattr(char const*, unsigned char, unsigned char)
                0x00000000c002107c                ISO9660::unlink(char const*)
                0x00000000c0021082                ISO9660::write(void*, unsigned long, void*, int*)
                0x00000000c0021088                ISO9660::rename(char const*, char const*)
                0x00000000c002108e                ISO9660::mkdir(char const*)
                0x00000000c0021094                ISO9660::close(void*)
                0x00000000c00210b6                ISO9660::closeDir(void*)
                0x00000000c00210d8                ISO9660::~ISO9660()
                0x00000000c00210d8                ISO9660::~ISO9660()
                0x00000000c00210fc                ISO9660::~ISO9660()
                0x00000000c0021123                __memmem(unsigned char*, int, unsigned char*, int)
                0x00000000c0021165                readSectorFromCDROM(unsigned int, unsigned char*, char)
                0x00000000c00211c0                ISO9660::tryMount(LogicalDisk*, int)
                0x00000000c0021210                ISO9660::read(void*, unsigned long, void*, int*)
                0x00000000c0021414                ISO9660::readDir(void*, unsigned long, void*, int*)
                0x00000000c002168e                readRoot(unsigned int*, unsigned int*, char)
                0x00000000c00216e2                readRecursively(char*, unsigned int, unsigned int, unsigned int*, unsigned int*, char, int*)
                0x00000000c00218b5                getFileData(char*, unsigned int*, unsigned int*, char, int*)
                0x00000000c0021944                ISO9660::open(char const*, void**, FileOpenMode)
                0x00000000c00219f2                ISO9660::exists(char const*)
                0x00000000c0021a16                ISO9660::stat(char const*, unsigned long long*, bool*)
                0x00000000c0021aaa                ISO9660::openDir(char const*, void**)
                0x00000000c0021b44                ISO9660::ISO9660()
                0x00000000c0021b44                ISO9660::ISO9660()
 *fill*         0x00000000c0021b67        0x1 
 .text          0x00000000c0021b68      0x396 hal/sound/sndchannel.32
                0x00000000c0021b68                SoundChannel::SoundChannel(int, int, int, int)
                0x00000000c0021b68                SoundChannel::SoundChannel(int, int, int, int)
                0x00000000c0021c92                SoundChannel::~SoundChannel()
                0x00000000c0021c92                SoundChannel::~SoundChannel()
                0x00000000c0021cae                SoundChannel::getSampleRate()
                0x00000000c0021cb6                SoundChannel::getBits()
                0x00000000c0021cbe                SoundChannel::getBufferUsed()
                0x00000000c0021cc6                SoundChannel::getBufferSize()
                0x00000000c0021cce                SoundChannel::unbuffer(float*, int, int)
                0x00000000c0021d62                SoundChannel::buffer16(short*, int)
                0x00000000c0021e5e                SoundChannel::buffer8(unsigned char*, int)
 .text          0x00000000c0021efe      0x43e hal/sound/sndhw.32
                0x00000000c0021efe                SoundDevice::SoundDevice(char const*)
                0x00000000c0021efe                SoundDevice::SoundDevice(char const*)
                0x00000000c0021f6a                SoundDevice::~SoundDevice()
                0x00000000c0021f6a                SoundDevice::~SoundDevice()
                0x00000000c0021fe4                SoundDevice::~SoundDevice()
                0x00000000c002200e                SoundDevice::getFreeChannelNum()
                0x00000000c0022028                SoundDevice::addChannel(SoundChannel*)
                0x00000000c0022098                SoundDevice::removeChannel(int)
                0x00000000c00220ca                SoundDevice::floatTo16(float*, short*, int)
                0x00000000c00221b8                SoundDevice::floatTo8(float*, unsigned char*, int)
                0x00000000c00222a0                SoundDevice::getAudio(int, float*, float*)
 .text          0x00000000c002233c        0x0 hw/bus/isa.32
 .text          0x00000000c002233c      0xb87 hw/bus/pci.32
                0x00000000c002233c                PCI::open(int, int, void*)
                0x00000000c002235a                PCI::close(int, int, void*)
                0x00000000c002235e                PCI::PCI()
                0x00000000c002235e                PCI::PCI()
                0x00000000c00223f4                PCI::readBAR8(unsigned int, int)
                0x00000000c0022410                PCI::readBAR16(unsigned int, int)
                0x00000000c002242e                PCI::readBAR32(unsigned int, int)
                0x00000000c002244a                PCI::writeBAR8(unsigned int, unsigned char, int)
                0x00000000c002246a                PCI::writeBAR16(unsigned int, unsigned short, int)
                0x00000000c002248c                PCI::writeBAR32(unsigned int, unsigned int, int)
                0x00000000c00224ac                PCI::legacyMechanism(unsigned char, unsigned char, unsigned char, unsigned char)
                0x00000000c002251a                PCI::pciReadWord(unsigned char, unsigned char, unsigned char, unsigned char)
                0x00000000c00225c2                PCI::getVendorID(unsigned char, unsigned char, unsigned char)
                0x00000000c00225e6                PCI::getHeaderType(unsigned char, unsigned char, unsigned char)
                0x00000000c002260e                PCI::getClassCode(unsigned char, unsigned char, unsigned char)
                0x00000000c0022658                PCI::getProgIF(unsigned char, unsigned char, unsigned char)
                0x00000000c0022680                PCI::getRevisionID(unsigned char, unsigned char, unsigned char)
                0x00000000c00226a4                PCI::getInterruptNumber(unsigned char, unsigned char, unsigned char)
                0x00000000c00226c8                PCI::getSecondaryBus(unsigned char, unsigned char, unsigned char)
                0x00000000c00226f0                PCI::getBARAddress(unsigned char, unsigned char, unsigned char, unsigned char)
                0x00000000c0022754                PCI::pciWriteWord(unsigned char, unsigned char, unsigned char, unsigned char, unsigned short)
                0x00000000c002283c                PCI::pciDetailsToFilepath(PCIDeviceInfo, char*)
                0x00000000c0022ab6                PCI::checkBus(unsigned char)
                0x00000000c0022ada                PCI::foundDevice(PCIDeviceInfo)
                0x00000000c0022c4c                PCI::getDeviceData(unsigned char, unsigned char, unsigned char)
                0x00000000c0022e04                PCI::checkDevice(unsigned char, unsigned char)
                0x00000000c0022e70                PCI::detect()
 *fill*         0x00000000c0022ec3        0x1 
 .text          0x00000000c0022ec4      0xb54 hw/diskctrl/ide.32
                0x00000000c0022ec4                IDE::close(int, int, void*)
                0x00000000c0022ec8                IDE::IDE()
                0x00000000c0022ec8                IDE::IDE()
                0x00000000c0022efc                IDE::prepareInterrupt(unsigned char)
                0x00000000c0022f0e                selectDrive(unsigned char, unsigned char)
                0x00000000c0022f10                IDE::getBase(unsigned char)
                0x00000000c0022f22                IDE::write(unsigned char, unsigned char, unsigned char)
                0x00000000c0022fe2                IDE::read(unsigned char, unsigned char)
                0x00000000c0023090                IDE::waitInterrupt(unsigned char)
                0x00000000c00230f6                ideChannel0IRQHandler(regs*, void*)
                0x00000000c0023112                ideChannel1IRQHandler(regs*, void*)
                0x00000000c002312e                IDE::enableIRQs(unsigned char, bool)
                0x00000000c0023174                IDE::open(int, int, void*)
                0x00000000c0023582                IDE::readBuffer(unsigned char, unsigned char, unsigned int, unsigned int)
                0x00000000c002364e                IDE::detect()
                0x00000000c0023914                IDE::printError(unsigned char, unsigned char, unsigned char)
                0x00000000c00239c4                IDE::polling(unsigned char, unsigned int)
 .text          0x00000000c0023a18      0x336 hw/diskctrl/satabus.32
                0x00000000c0023a18                SATABus::close(int, int, void*)
                0x00000000c0023a1c                SATABus::detect()
                0x00000000c0023a1e                SATABus::SATABus()
                0x00000000c0023a1e                SATABus::SATABus()
                0x00000000c0023aa4                SATABus::findCmdslot(SATABus::tagHBA_PORT volatile*)
                0x00000000c0023aec                SATABus::checkType(SATABus::tagHBA_PORT volatile*)
                0x00000000c0023b34                SATABus::startCmd(SATABus::tagHBA_PORT volatile*)
                0x00000000c0023b54                SATABus::stopCmd(SATABus::tagHBA_PORT volatile*)
                0x00000000c0023b7e                SATABus::portRebase(SATABus::tagHBA_PORT volatile*, int)
                0x00000000c0023c84                SATABus::probePort(SATABus::tagHBA_MEM volatile*)
                0x00000000c0023d2e                SATABus::open(int, int, void*)
 .text          0x00000000c0023d4e      0x604 hw/diskphys/ata.32
                0x00000000c0023d4e                ATA::close(int, int, void*)
                0x00000000c0023d72                ATA::powerSaving(PowerSavingLevel)
                0x00000000c0023d74                ATA::ATA()
                0x00000000c0023d74                ATA::ATA()
                0x00000000c0023da2                ATA::flush(bool)
                0x00000000c0023dec                ATA::readyForCommand()
                0x00000000c0023e3c                ATA::access(unsigned long long, int, void*, bool)
                0x00000000c00241c4                ATA::read(unsigned long long, int, void*)
                0x00000000c0024210                ATA::write(unsigned long long, int, void*)
                0x00000000c002425c                ATA::detectCHS()
                0x00000000c0024286                ATA::open(int, int, void*)
 .text          0x00000000c0024352      0x5bd hw/diskphys/atapi.32
                0x00000000c0024352                ATAPI::write(unsigned long long, int, void*)
                0x00000000c0024358                ATAPI::close(int, int, void*)
                0x00000000c002437c                ATAPI::ATAPI()
                0x00000000c002437c                ATAPI::ATAPI()
                0x00000000c00243aa                ATAPI::readyForCommand()
                0x00000000c00243fa                ATAPI::sendPacket(unsigned char*, int, bool, unsigned short*, int)
                0x00000000c00246ba                ATAPI::diskRemoved()
                0x00000000c00246d6                ATAPI::eject()
                0x00000000c002471e                ATAPI::diskInserted()
                0x00000000c002474c                ATAPI::detectMedia()
                0x00000000c0024808                ATAPI::open(int, int, void*)
                0x00000000c0024890                ATAPI::read(unsigned long long, int, void*)
 *fill*         0x00000000c002490f        0x1 
 .text          0x00000000c0024910      0x41c hw/diskphys/sata.32
                0x00000000c0024910                SATA::close(int, int, void*)
                0x00000000c0024934                SATA::powerSaving(PowerSavingLevel)
                0x00000000c0024936                SATA::open(int, int, void*)
                0x00000000c00249e0                SATA::SATA()
                0x00000000c00249e0                SATA::SATA()
                0x00000000c0024a0e                SATA::access(unsigned long long, int, void*, bool)
                0x00000000c0024c74                SATA::read(unsigned long long, int, void*)
                0x00000000c0024cc0                SATA::write(unsigned long long, int, void*)
 .text          0x00000000c0024d2c      0x4fe hw/diskphys/satapi.32
                0x00000000c0024d2c                SATAPI::write(unsigned long long, int, void*)
                0x00000000c0024d32                SATAPI::close(int, int, void*)
                0x00000000c0024d56                SATAPI::SATAPI()
                0x00000000c0024d56                SATAPI::SATAPI()
                0x00000000c0024d84                SATAPI::diskRemoved()
                0x00000000c0024da0                SATAPI::diskInserted()
                0x00000000c0024dce                SATAPI::sendPacket(unsigned char*, int, unsigned long long, unsigned short*, int)
                0x00000000c0024fd6                SATAPI::eject()
                0x00000000c002501e                SATAPI::detectMedia()
                0x00000000c00250e0                SATAPI::open(int, int, void*)
                0x00000000c0025188                SATAPI::read(unsigned long long, int, void*)
 .text          0x00000000c002522a       0x8e hw/fpu/avx.32
                0x00000000c002522a                AVX::open(int, int, void*)
                0x00000000c002523c                AVX::close(int, int, void*)
                0x00000000c002524e                AVX::available()
                0x00000000c0025260                AVX::save(void*)
                0x00000000c0025278                AVX::load(void*)
                0x00000000c0025290                AVX::AVX()
                0x00000000c0025290                AVX::AVX()
 .text          0x00000000c00252b8       0x90 hw/fpu/mmx.32
                0x00000000c00252b8                MMX::available()
                0x00000000c00252cc                MMX::open(int, int, void*)
                0x00000000c00252de                MMX::close(int, int, void*)
                0x00000000c00252f0                MMX::save(void*)
                0x00000000c0025308                MMX::load(void*)
                0x00000000c0025320                MMX::MMX()
                0x00000000c0025320                MMX::MMX()
 .text          0x00000000c0025348       0x96 hw/fpu/sse.32
                0x00000000c0025348                SSE::open(int, int, void*)
                0x00000000c002535a                SSE::close(int, int, void*)
                0x00000000c002536c                SSE::available()
                0x00000000c0025386                SSE::save(void*)
                0x00000000c002539e                SSE::load(void*)
                0x00000000c00253b6                SSE::SSE()
                0x00000000c00253b6                SSE::SSE()
 .text          0x00000000c00253de       0x8e hw/fpu/x87.32
                0x00000000c00253de                x87::open(int, int, void*)
                0x00000000c00253f0                x87::close(int, int, void*)
                0x00000000c0025402                x87::available()
                0x00000000c0025414                x87::save(void*)
                0x00000000c002542c                x87::load(void*)
                0x00000000c0025444                x87::x87()
                0x00000000c0025444                x87::x87()
 .text          0x00000000c002546c      0x71e hw/intctrl/apic.32
                0x00000000c002546c                APIC::disable()
                0x00000000c002546e                APIC::close(int, int, void*)
                0x00000000c0025490                IOAPIC::close(int, int, void*)
                0x00000000c0025496                APIC::io_wait()
                0x00000000c002549c                APIC::getBase()
                0x00000000c00254de                APIC::eoi(unsigned char)
                0x00000000c002550c                APIC::open(int, int, void*)
                0x00000000c002565a                IOAPIC::IOAPIC()
                0x00000000c002565a                IOAPIC::IOAPIC()
                0x00000000c0025682                APIC::APIC()
                0x00000000c0025682                APIC::APIC()
                0x00000000c002575e                IOAPIC::handlesGSIWithNumber(unsigned int)
                0x00000000c0025790                IOAPIC::read(int)
                0x00000000c00257b8                IOAPIC::open(int, int, void*)
                0x00000000c00258ae                IOAPIC::write(int, int)
                0x00000000c00258da                IOAPIC::redirect(unsigned char, unsigned long long, unsigned char, bool, bool)
                0x00000000c00259d4                APIC::installIRQHandler(int, void (*)(regs*, void*), bool, void*)
 .text          0x00000000c0025b8a      0x3d3 hw/intctrl/pic.32
                0x00000000c0025b8a                PIC::disable()
                0x00000000c0025bb8                PIC::close(int, int, void*)
                0x00000000c0025bda                PIC::PIC()
                0x00000000c0025bda                PIC::PIC()
                0x00000000c0025cb0                PIC::ioWait()
                0x00000000c0025cb6                PIC::getIRQReg(int)
                0x00000000c0025d20                PIC::eoi(unsigned char)
                0x00000000c0025db2                PIC::remap()
                0x00000000c0025f1e                PIC::open(int, int, void*)
 *fill*         0x00000000c0025f5d        0x1 
 .text          0x00000000c0025f5e      0x25e hw/timer/apictimer.32
                0x00000000c0025f5e                APICTimer::close(int, int, void*)
                0x00000000c0025f64                apicTimerHandler(regs*, void*)
                0x00000000c0025f92                APICTimer::write(int)
                0x00000000c0026096                APICTimer::open(int, int, void*)
                0x00000000c0026194                APICTimer::APICTimer()
                0x00000000c0026194                APICTimer::APICTimer()
 .text          0x00000000c00261bc      0x1a7 hw/timer/pit.32
                0x00000000c00261bc                PIT::write(int)
                0x00000000c002623a                pitHandler(regs*, void*)
                0x00000000c0026266                PIT::open(int, int, void*)
                0x00000000c00262b4                PIT::close(int, int, void*)
                0x00000000c00262e4                PIT::PIT()
                0x00000000c00262e4                PIT::PIT()
 *fill*         0x00000000c0026363        0xd 
 .text          0x00000000c0026370       0x1e hw/fpu/x86/avx.32
                0x00000000c0026370                avxDetect
                0x00000000c0026376                avxSave
                0x00000000c0026377                avxLoad
                0x00000000c0026378                avxInit
                0x00000000c0026379                avxClose
                0x00000000c002637a                wouldSheSayYes
 *fill*         0x00000000c002638e        0x2 
 .text          0x00000000c0026390       0x35 hw/fpu/x86/sse.32
                0x00000000c0026390                absolutelyNoChanceInHell
                0x00000000c0026390                sseDetect
                0x00000000c00263a8                sseSave
                0x00000000c00263ae                sseLoad
                0x00000000c00263b4                sseInit
                0x00000000c00263c4                sseClose
 *fill*         0x00000000c00263c5        0xb 
 .text          0x00000000c00263d0       0x4d hw/fpu/x86/x87.32
                0x00000000c00263d6                x87Detect
                0x00000000c00263f1                x87Save
                0x00000000c00263fa                x87Load
                0x00000000c0026402                x87Init
                0x00000000c002641c                x87Close
 *fill*         0x00000000c002641d        0x3 
 .text          0x00000000c0026420       0x25 /cygdrive/d/Users/Alex/Desktop/Toolchain/Output/bin/../lib/gcc/i386-banana/8.1.0/crtend.o
 .text          0x00000000c0026445        0x0 crtn.32
 *fill*         0x00000000c0026445        0x3 
 .text          0x00000000c0026448      0x14b /cygdrive/d/Users/Alex/Desktop/Toolchain/Output/bin/../lib/gcc/i386-banana/8.1.0/libkgcc.a(_divdi3.o)
                0x00000000c0026448                __divdi3
 *fill*         0x00000000c0026593        0x1 
 .text          0x00000000c0026594      0x17e /cygdrive/d/Users/Alex/Desktop/Toolchain/Output/bin/../lib/gcc/i386-banana/8.1.0/libkgcc.a(_moddi3.o)
                0x00000000c0026594                __moddi3
 *fill*         0x00000000c0026712        0x2 
 .text          0x00000000c0026714       0xff /cygdrive/d/Users/Alex/Desktop/Toolchain/Output/bin/../lib/gcc/i386-banana/8.1.0/libkgcc.a(_udivdi3.o)
                0x00000000c0026714                __udivdi3
 *fill*         0x00000000c0026813        0x1 
 .text          0x00000000c0026814      0x11a /cygdrive/d/Users/Alex/Desktop/Toolchain/Output/bin/../lib/gcc/i386-banana/8.1.0/libkgcc.a(_umoddi3.o)
                0x00000000c0026814                __umoddi3
 .text          0x00000000c002692e      0x96d D:/Users/Alex/Desktop/Banana/kernel/libsoftfp.a(sfieeelib.o)
                0x00000000c002692e                __addsf3
                0x00000000c0026c30                __subsf3
                0x00000000c0026c44                __negsf2
                0x00000000c0026c51                __mulsf3
                0x00000000c0026e14                __divsf3
                0x00000000c002703f                __floatsisf
                0x00000000c00270b3                __floatunsisf
                0x00000000c00270f5                __fixsfsi
                0x00000000c0027157                __fixunssfsi
                0x00000000c0027188                __cmpsf2
                0x00000000c002721d                __eqsf2
                0x00000000c0027258                __nesf2
                0x00000000c002725a                __gtsf2
                0x00000000c0027295                __gesf2
                0x00000000c0027297                __ltsf2
                0x00000000c0027299                __lesf2
 .text          0x00000000c002729b      0xf50 D:/Users/Alex/Desktop/Banana/kernel/libsoftfp.a(dfieeelib.o)
                0x00000000c002729b                __adddf3
                0x00000000c00278ec                __subdf3