Archive member included to satisfy reference by file (symbol)

/cygdrive/d/Users/Alex/Desktop/Toolchain/Output/bin/../lib/gcc/i386-banana/8.1.0/libkgcc.a(_divdi3.o)
                              fs/fat/ff.32 (__divdi3)
/cygdrive/d/Users/Alex/Desktop/Toolchain/Output/bin/../lib/gcc/i386-banana/8.1.0/libkgcc.a(_moddi3.o)
                              compat/resolve.32 (__moddi3)
/cygdrive/d/Users/Alex/Desktop/Toolchain/Output/bin/../lib/gcc/i386-banana/8.1.0/libkgcc.a(_udivdi3.o)
                              fs/fat/ff.32 (__udivdi3)
/cygdrive/d/Users/Alex/Desktop/Toolchain/Output/bin/../lib/gcc/i386-banana/8.1.0/libkgcc.a(_umoddi3.o)
                              compat/resolve.32 (__umoddi3)
D:/Users/Alex/Desktop/Banana/kernel/libsoftfp.a(sfieeelib.o)
                              hal/sound/sndhw.32 (__addsf3)
D:/Users/Alex/Desktop/Banana/kernel/libsoftfp.a(dfieeelib.o)
                              hal/libresample/src_linear.32 (__adddf3)
D:/Users/Alex/Desktop/Banana/kernel/libsoftfp.a(sfdfcvt.o)
                              hal/libresample/samplerate.32 (__truncdfsf2)
D:/Users/Alex/Desktop/Banana/kernel/libk/libm32.a(s_fabs.c.o)
                              hal/libresample/samplerate.32 (fabs)
D:/Users/Alex/Desktop/Banana/kernel/libk/libm32.a(s_lrint.S.o)
                              hal/libresample/samplerate.32 (lrint)
D:/Users/Alex/Desktop/Banana/kernel/libk/libm32.a(s_lrintf.S.o)
                              hal/sound/sndhw.32 (lrintf)

Discarded input sections

 .comment       0x0000000000000000       0x12 /cygdrive/d/Users/Alex/Desktop/Toolchain/Output/bin/../lib/gcc/i386-banana/8.1.0/crtbegin.o
 .comment       0x0000000000000000       0x12 acpica/utclib.32
 .comment       0x0000000000000000       0x12 core/malloc.32
 .comment       0x0000000000000000       0x12 libk/string.32
 .comment       0x0000000000000000       0x12 fs/fat/diskio.32
 .comment       0x0000000000000000       0x12 fs/fat/ff.32
 .comment       0x0000000000000000       0x12 fs/fat/ffsystem.32
 .comment       0x0000000000000000       0x12 fs/fat/ffunicode.32
 .comment       0x0000000000000000       0x12 hal/libresample/samplerate.32
 .comment       0x0000000000000000       0x12 hal/libresample/src_linear.32
 .comment       0x0000000000000000       0x12 hal/libresample/src_sinc.32
 .comment       0x0000000000000000       0x12 hal/libresample/src_zoh.32
 .comment       0x0000000000000000       0x12 compat/inlines.32
 .comment       0x0000000000000000       0x12 compat/resolve.32
 .group         0x0000000000000000       0x14 core/computer.32
 .group         0x0000000000000000        0xc core/computer.32
 .comment       0x0000000000000000       0x12 core/computer.32
 .comment       0x0000000000000000       0x12 core/gdt.32
 .group         0x0000000000000000        0xc core/idle.32
 .comment       0x0000000000000000       0x12 core/idle.32
 .comment       0x0000000000000000       0x12 core/idt.32
 .comment       0x0000000000000000       0x12 core/kheap.32
 .comment       0x0000000000000000       0x12 core/main.32
 .comment       0x0000000000000000       0x12 core/physmgr.32
 .group         0x0000000000000000        0xc core/pipe.32
 .comment       0x0000000000000000       0x12 core/pipe.32
 .group         0x0000000000000000        0xc core/terminal.32
 .comment       0x0000000000000000       0x12 core/terminal.32
 .comment       0x0000000000000000       0x12 core/tss.32
 .group         0x0000000000000000        0x8 core/unixfile.32
 .group         0x0000000000000000        0xc core/unixfile.32
 .group         0x0000000000000000        0xc core/unixfile.32
 .group         0x0000000000000000        0x8 core/unixfile.32
 .group         0x0000000000000000        0xc core/unixfile.32
 .group         0x0000000000000000        0x8 core/unixfile.32
 .group         0x0000000000000000        0xc core/unixfile.32
 .group         0x0000000000000000        0xc core/unixfile.32
 .comment       0x0000000000000000       0x12 core/unixfile.32
 .comment       0x0000000000000000       0x12 core/virtmgr.32
 .comment       0x0000000000000000       0x12 coreobjs/c++.32
 .comment       0x0000000000000000       0x12 dbg/kconsole.32
 .group         0x0000000000000000        0xc fs/vfs.32
 .group         0x0000000000000000        0xc fs/vfs.32
 .group         0x0000000000000000        0xc fs/vfs.32
 .comment       0x0000000000000000       0x12 fs/vfs.32
 .group         0x0000000000000000        0xc hal/bus.32
 .comment       0x0000000000000000       0x12 hal/bus.32
 .group         0x0000000000000000        0xc hal/buzzer.32
 .comment       0x0000000000000000       0x12 hal/buzzer.32
 .group         0x0000000000000000        0xc hal/clock.32
 .comment       0x0000000000000000       0x12 hal/clock.32
 .group         0x0000000000000000       0x14 hal/device.32
 .group         0x0000000000000000        0xc hal/device.32
 .group         0x0000000000000000        0xc hal/device.32
 .group         0x0000000000000000        0xc hal/device.32
[...]
Memory Configuration

Name             Origin             Length             Attributes
*default*        0x0000000000000000 0xffffffffffffffff

Linker script and memory map

LOAD D:/Users/Alex/Desktop/Banana/kernel/boot.32
LOAD crti.32
LOAD /cygdrive/d/Users/Alex/Desktop/Toolchain/Output/bin/../lib/gcc/i386-banana/8.1.0/crtbegin.o
LOAD D:/Users/Alex/Desktop/Banana/kernel/morenasm.32
LOAD acpica/utclib.32
LOAD core/malloc.32
LOAD libk/string.32
LOAD fs/fat/diskio.32
LOAD fs/fat/ff.32
LOAD fs/fat/ffsystem.32
LOAD fs/fat/ffunicode.32
LOAD hal/libresample/samplerate.32
LOAD hal/libresample/src_linear.32
LOAD hal/libresample/src_sinc.32
LOAD hal/libresample/src_zoh.32
LOAD compat/inlines.32
LOAD compat/resolve.32
LOAD core/computer.32
LOAD core/gdt.32
LOAD core/idle.32
LOAD core/idt.32
LOAD core/kheap.32
LOAD core/main.32
LOAD core/physmgr.32
LOAD core/pipe.32
LOAD core/terminal.32
LOAD core/tss.32
LOAD core/unixfile.32
LOAD core/virtmgr.32
LOAD coreobjs/c++.32
LOAD dbg/kconsole.32
LOAD fs/vfs.32
LOAD hal/bus.32
LOAD hal/buzzer.32
LOAD hal/clock.32
LOAD hal/device.32
LOAD hal/diskctrl.32
LOAD hal/diskphys.32
LOAD hal/fpu.32
LOAD hal/intctrl.32
LOAD hal/keybrd.32
LOAD hal/logidisk.32
LOAD hal/mouse.32
LOAD hal/partition.32
LOAD hal/serial.32
LOAD hal/timer.32
LOAD hal/vcache.32
LOAD hal/video.32
LOAD hw/acpi.32
LOAD hw/cpu.32
LOAD hw/ports.32
LOAD hw/smp.32
LOAD krnl/env.32
LOAD krnl/panic.32
LOAD net/ethernet.32
LOAD reg/registry.32
LOAD sys/sc_eject.32
LOAD sys/sc_exit.32
LOAD sys/sc_getcwd.32
LOAD sys/sc_getpid.32
LOAD sys/sc_getramdata.32
LOAD sys/sc_getvgaptr.32
LOAD sys/sc_loaddll.32
LOAD sys/sc_read.32
LOAD sys/sc_sbrk.32
LOAD sys/sc_setcwd.32
LOAD sys/sc_settime.32
LOAD sys/sc_timezone.32
LOAD sys/sc_write.32
LOAD sys/sc_wsbe.32
LOAD sys/sc_yield.32
LOAD sys/syscalls.32
LOAD thr/elf.32
LOAD thr/prcssthr.32
LOAD vm86/vm8086.32
LOAD vm86/x87em.32
LOAD fs/fat/vfslink.32
LOAD fs/iso9660/vfslink.32
LOAD hal/sound/sndchannel.32
LOAD hal/sound/sndhw.32
LOAD hw/bus/isa.32
LOAD hw/bus/pci.32
LOAD hw/diskctrl/ide.32
LOAD hw/diskctrl/satabus.32
LOAD hw/diskphys/ata.32
LOAD hw/diskphys/atapi.32
LOAD hw/diskphys/sata.32
LOAD hw/diskphys/satapi.32
LOAD hw/fpu/avx.32
LOAD hw/fpu/mmx.32
LOAD hw/fpu/sse.32
LOAD hw/fpu/x87.32
LOAD hw/intctrl/apic.32
LOAD hw/intctrl/pic.32
LOAD hw/timer/apictimer.32
LOAD hw/timer/pit.32
LOAD hw/fpu/x86/avx.32
LOAD hw/fpu/x86/sse.32
LOAD hw/fpu/x86/x87.32
LOAD /cygdrive/d/Users/Alex/Desktop/Toolchain/Output/bin/../lib/gcc/i386-banana/8.1.0/crtend.o
LOAD crtn.32
LOAD /cygdrive/d/Users/Alex/Desktop/Toolchain/Output/bin/../lib/gcc/i386-banana/8.1.0/libkgcc.a
LOAD D:/Users/Alex/Desktop/Banana/kernel/libsoftfp.a
LOAD D:/Users/Alex/Desktop/Banana/kernel/libk/libm32.a
                0x00000000c0000000                . = 0xc0000000

.text           0x00000000c0000000    0x28ec8
 *(.text)
 .text          0x00000000c0000000       0x41 D:/Users/Alex/Desktop/Banana/kernel/boot.32
                0x00000000c0000020                callGlobalConstructors
 .text          0x00000000c0000041        0x0 crti.32
 *fill*         0x00000000c0000041        0x3 
 .text          0x00000000c0000044      0x101 /cygdrive/d/Users/Alex/Desktop/Toolchain/Output/bin/../lib/gcc/i386-banana/8.1.0/crtbegin.o
 *fill*         0x00000000c0000145        0xb 
 .text          0x00000000c0000150      0x512 D:/Users/Alex/Desktop/Banana/kernel/morenasm.32
                0x00000000c0000150                manualPCIProbe
                0x00000000c000019b                prepareTramp
                0x00000000c00001b4                voodooXADD
                0x00000000c000027f                doTPAUSE
                0x00000000c0000289                hasLegacyFPU
                0x00000000c00002ae                is486
                0x00000000c00002e4                detectCPUID
                0x00000000c00002fa                goToVM86
                0x00000000c000032a                goToUsermode
                0x00000000c0000354                switchToThreadASMFirstTime
                0x00000000c0000362                switchToThreadASM
                0x00000000c00003f2                asmQuickAcquireLock
                0x00000000c0000410                asmQuickReleaseLock
                0x00000000c000041c                asmAcquireLock
                0x00000000c000043d                asmReleaseLock
                0x00000000c0000450                loadGDT
                0x00000000c0000470                isr0
                0x00000000c0000480                isr1
                0x00000000c000048a                isr2
                0x00000000c0000494                isr3
                0x00000000c000049e                isr4
                0x00000000c00004a8                isr5
                0x00000000c00004b2                isr6
                0x00000000c00004bc                isr7
                0x00000000c00004c6                isr8
                0x00000000c00004ce                isr9
                0x00000000c00004d8                isr10
                0x00000000c00004e0                isr11
                0x00000000c00004e8                isr12
                0x00000000c00004f0                isr13
                0x00000000c00004f8                isr14
                0x00000000c0000500                isr15
                0x00000000c000050a                isr16
                0x00000000c0000514                isr17
                0x00000000c000051e                isr18
                0x00000000c0000528                irq3
                0x00000000c0000532                irq4
                0x00000000c000053c                irq5
                0x00000000c0000546                irq6
                0x00000000c0000550                irq7
                0x00000000c000055a                irq8
                0x00000000c0000564                irq9
                0x00000000c000056e                irq10
                0x00000000c0000578                irq11
                0x00000000c0000582                irq12
                0x00000000c000058c                irq13
                0x00000000c0000596                irq14
                0x00000000c00005a0                irq15
                0x00000000c00005aa                irq1
                0x00000000c00005b1                irq2
                0x00000000c00005b8                isr96
                0x00000000c00005bf                irq0
                0x00000000c00005c4                int_common_stub
                0x00000000c00005c4                syscall_common_stub
                0x00000000c00005f5                irq16
                0x00000000c00005ff                irq17
                0x00000000c0000609                irq18
                0x00000000c0000613                irq19
                0x00000000c000061d                irq20
                0x00000000c0000627                irq21
                0x00000000c0000631                irq22
                0x00000000c000063b                irq23
                0x00000000c0000645                hexStrToInt
 *fill*         0x00000000c0000662        0x2 
 .text          0x00000000c0000664      0x5dd acpica/utclib.32
                0x00000000c0000664                memcmp
                0x00000000c00006a0                memmove
                0x00000000c0000768                memset
                0x00000000c0000784                strlen
                0x00000000c000079c                strpbrk
                0x00000000c00007d8                strtok
                0x00000000c0000824                strcpy
                0x00000000c0000848                strncpy
                0x00000000c00008b0                strcmp
                0x00000000c00008f0                strchr
                0x00000000c0000914                strncmp
                0x00000000c0000964                strcat
                0x00000000c0000994                strncat
                0x00000000c00009d0                strstr
                0x00000000c0000a18                toupper
                0x00000000c0000a2c                tolower
                0x00000000c0000a40                simple_strtoul
 .text          0x00000000c0000c41      0xfac core/malloc.32
                0x00000000c0000dac                dlfree
                0x00000000c0001107                dlmalloc
                0x00000000c0001644                dlrealloc
                0x00000000c00017e6                dlmemalign
                0x00000000c0001909                dlcalloc
                0x00000000c00019a3                dlcfree
                0x00000000c00019a8                dlindependent_calloc
                0x00000000c00019cd                dlindependent_comalloc
                0x00000000c00019e4                dlvalloc
                0x00000000c0001a0f                dlpvalloc
                0x00000000c0001a45                dlmalloc_trim
                0x00000000c0001a52                dlmalloc_usable_size
                0x00000000c0001a83                dlmallinfo
                0x00000000c0001b52                dlmalloc_stats
                0x00000000c0001b63                dlmallopt
 .text          0x00000000c0001bed        0x0 libk/string.32
 .text          0x00000000c0001bed       0x51 fs/fat/diskio.32
                0x00000000c0001bed                disk_status
                0x00000000c0001bf0                disk_initialize
                0x00000000c0001bf3                disk_read
                0x00000000c0001c09                disk_write
                0x00000000c0001c1f                disk_ioctl
 .text          0x00000000c0001c3e     0x6833 fs/fat/ff.32
                0x00000000c0004f0c                f_mount
                0x00000000c0004f6e                f_open
                0x00000000c00053aa                f_read
                0x00000000c000562a                f_write
                0x00000000c00058e4                f_sync
                0x00000000c0005ac0                f_close
                0x00000000c0005aef                f_lseek
                0x00000000c0005fa6                f_opendir
                0x00000000c00060a8                f_closedir
                0x00000000c00060ca                f_readdir
                0x00000000c0006165                f_stat
                0x00000000c00061f4                f_getfree
                0x00000000c00063bf                f_truncate
                0x00000000c00064b7                f_unlink
                0x00000000c000663a                f_mkdir
                0x00000000c0006866                f_rename
                0x00000000c0006b59                f_chmod
                0x00000000c0006c37                f_utime
                0x00000000c0006d15                f_getlabel
                0x00000000c0006f03                f_setlabel
                0x00000000c0007170                f_forward
                0x00000000c000734e                f_mkfs
 .text          0x00000000c0008471       0x2d fs/fat/ffsystem.32
                0x00000000c0008471                ff_memalloc
                0x00000000c0008487                ff_memfree
 .text          0x00000000c000849e      0x253 fs/fat/ffunicode.32
                0x00000000c000849e                ff_uni2oem
                0x00000000c000852e                ff_oem2uni
                0x00000000c000859a                ff_wtoupper
 .text          0x00000000c00086f1      0x8fb hal/libresample/samplerate.32
                0x00000000c0008735                src_delete
                0x00000000c0008771                src_process
                0x00000000c0008927                src_callback_read
                0x00000000c0008aa4                src_set_ratio
                0x00000000c0008b0e                src_get_channels
                0x00000000c0008b30                src_reset
                0x00000000c0008b7c                src_new
                0x00000000c0008c0a                src_callback_new
                0x00000000c0008c6c                src_get_name
                0x00000000c0008ca3                src_get_description
                0x00000000c0008cda                src_get_version
                0x00000000c0008ce0                src_is_valid_ratio
                0x00000000c0008d34                src_error
                0x00000000c0008d42                src_strerror
                0x00000000c0008d55                src_simple
                0x00000000c0008da8                src_short_to_float_array
                0x00000000c0008e0d                src_float_to_short_array
                0x00000000c0008ecc                src_int_to_float_array
                0x00000000c0008f2f                src_float_to_int_array
 .text          0x00000000c0008fec      0x8cb hal/libresample/src_linear.32
                0x00000000c0009812                linear_get_name
                0x00000000c0009821                linear_get_description
                0x00000000c0009830                linear_set_converter
 .text          0x00000000c00098b7     0x447c hal/libresample/src_sinc.32
                0x00000000c000dc4a                sinc_get_name
                0x00000000c000dc5d                sinc_get_description
                0x00000000c000dc70                sinc_set_converter
 .text          0x00000000c000dd33      0x77c hal/libresample/src_zoh.32
                0x00000000c000e40a                zoh_get_name
                0x00000000c000e419                zoh_get_description
                0x00000000c000e428                zoh_set_converter
 .text          0x00000000c000e4af       0xed compat/inlines.32
                0x00000000c000e4af                CPU::current()
                0x00000000c000e4bc                operator new(unsigned long)
                0x00000000c000e4d2                operator delete(void*)
                0x00000000c000e4e9                disableIRQs()
                0x00000000c000e4f7                enableIRQs()
                0x00000000c000e50e                lockScheduler()
                0x00000000c000e51c                unlockScheduler()
                0x00000000c000e533                lockStuff()
                0x00000000c000e54c                unlockStuff()
                0x00000000c000e595                Virt::getAKernelVAS()
 .text          0x00000000c000e59c      0x111 compat/resolve.32
                0x00000000c000e59c                Krnl::resolveCompatibilitySymbol(char*)
 *fill*         0x00000000c000e6ad        0x1 
 .text          0x00000000c000e6ae      0xa17 core/computer.32
                0x00000000c000e6ae                Computer::close(int, int, void*)
                0x00000000c000e6f2                Krnl::firstTask()
                0x00000000c000e7e2                Computer::Computer()
                0x00000000c000e7e2                Computer::Computer()
                0x00000000c000e93e                Computer::setBootMessage(char const*)
                0x00000000c000e940                Computer::detectFeatures()
                0x00000000c000eb4a                Computer::displayFeatures()
                0x00000000c000ee90                Computer::rdmsr(unsigned int)
                0x00000000c000eebc                Computer::wrmsr(unsigned int, unsigned long long)
                0x00000000c000eef4                Computer::nmiEnabled()
                0x00000000c000ef00                Computer::readCMOS(unsigned char)
                0x00000000c000ef1a                Computer::enableNMI(bool)
                0x00000000c000ef32                Computer::open(int, int, void*)
                0x00000000c000f008                Computer::disableNMI()
                0x00000000c000f016                Computer::writeCMOS(unsigned char, unsigned char)
                0x00000000c000f034                Computer::handleNMI()
                0x00000000c000f09a                Computer::setDiskActivityLight(int, bool)
 *fill*         0x00000000c000f0c5        0x1 
 .text          0x00000000c000f0c6      0x1b7 core/gdt.32
                0x00000000c000f0c6                GDTEntry::setBase(unsigned int)
                0x00000000c000f0e2                GDTEntry::setLimit(unsigned int)
                0x00000000c000f100                GDT::GDT()
                0x00000000c000f100                GDT::GDT()
                0x00000000c000f116                GDT::addEntry(GDTEntry)
                0x00000000c000f152                GDT::getNumberOfEntries()
                0x00000000c000f15a                GDT::flush()
                0x00000000c000f17c                GDT::setup()
 .text          0x00000000c000f27d       0x6b core/idle.32
                0x00000000c000f27d                idleFunction(void*)
 .text          0x00000000c000f2e8      0x45e core/idt.32
                0x00000000c000f2e8                IDTEntry::IDTEntry(bool)
                0x00000000c000f2e8                IDTEntry::IDTEntry(bool)
                0x00000000c000f356                IDTEntry::setOffset(unsigned int)
                0x00000000c000f36a                IDT::IDT()
                0x00000000c000f36a                IDT::IDT()
                0x00000000c000f36c                IDT::getPointerToInvalidOpcodeEntryForF00F()
                0x00000000c000f374                IDT::addEntry(IDTEntry, int)
                0x00000000c000f38e                IDT::addEntry(int, void (*)(), bool)
                0x00000000c000f3c6                IDT::flush()
                0x00000000c000f3e0                IDT::setup()
 .text          0x00000000c000f746      0x1fe core/kheap.32
                0x00000000c000f746                sbrk
                0x00000000c000f853                mmap
                0x00000000c000f869                munmap
                0x00000000c000f87f                liballoc_lock()
                0x00000000c000f88c                liballoc_unlock()
                0x00000000c000f8a0                liballoc_alloc(int)
                0x00000000c000f8bb                liballoc_free(void*, int)
                0x00000000c000f8d6                realloc
                0x00000000c000f8ea                malloc
                0x00000000c000f8fa                free
                0x00000000c000f90a                rfree
                0x00000000c000f91a                calloc
 .text          0x00000000c000f944      0x44f core/main.32
                0x00000000c000f944                hwTextMode_loadInData(VgaText*)
                0x00000000c000f989                hwTextMode_loadInTitle(VgaText*, char*)
                0x00000000c000f9f5                hwTextMode_showCursor(VgaText*, bool)
                0x00000000c000fa50                hwTextMode_update(VgaText*)
                0x00000000c000fa51                hwTextMode_updateCursor(VgaText*)
                0x00000000c000fa99                hwTextMode_disableBlink(VgaText*, bool)
                0x00000000c000fadf                hwTextMode_scrollScreen(VgaText*)
                0x00000000c000fb80                hwTextMode_writeCharacter(VgaText*, char, VgaColour, VgaColour, int, int)
                0x00000000c000fbff                setupTextMode()
                0x00000000c000fc6f                kernel_main
 .text          0x00000000c000fd93      0x56c core/physmgr.32
                0x00000000c000fd93                Phys::allocateDMA(unsigned long)
                0x00000000c000fe36                Phys::freeDMA(unsigned long, unsigned long)
                0x00000000c000fe7e                Phys::setPageState(unsigned long, bool)
                0x00000000c000feb0                Phys::getPageState(unsigned long)
                0x00000000c000fecc                Phys::freePage(unsigned long)
                0x00000000c000ff56                Phys::allocatePage()
                0x00000000c001003b                Phys::allocateContiguousPages(int)
                0x00000000c0010097                Phys::allowSegmentToBeUsed(unsigned long, unsigned long)
                0x00000000c00100cf                Phys::physicalMemorySetup(unsigned int)
 *fill*         0x00000000c00102ff        0x1 
 .text          0x00000000c0010300      0x267 core/pipe.32
                0x00000000c0010300                Pipe::isAtty()
                0x00000000c0010304                Pipe::~Pipe()
                0x00000000c0010304                Pipe::~Pipe()
                0x00000000c0010328                Pipe::~Pipe()
                0x00000000c0010350                Pipe::read(unsigned long long, void*, int*)
                0x00000000c0010440                Pipe::write(unsigned long long, void*, int*)
                0x00000000c0010500                Pipe::Pipe(int)
                0x00000000c0010500                Pipe::Pipe(int)
 *fill*         0x00000000c0010567        0x1 
 .text          0x00000000c0010568      0xe4b core/terminal.32
                0x00000000c0010568                VgaText::isAtty()
                0x00000000c001056c                VgaText::~VgaText()
                0x00000000c001056c                VgaText::~VgaText()
                0x00000000c0010590                VgaText::~VgaText()
                0x00000000c00105ba                VgaText::read(unsigned long long, void*, int*)
                0x00000000c00105da                setTerminalScrollLock(bool)
                0x00000000c00105db                addToTerminalCycle(VgaText*)
                0x00000000c00105fc                installVgaTextImplementation()
                0x00000000c0010611                scrollTerminalScrollLock(int)
                0x00000000c0010612                VgaText::load()
                0x00000000c0010660                VgaText::updateCursor()
                0x00000000c0010676                VgaText::showCursor(bool)
                0x00000000c0010682                VgaText::disableBlink(bool)
                0x00000000c00106b6                VgaText::doANSI_SGR(int)
                0x00000000c001072a                VgaText::setDefaultBgColour(VgaColour)
                0x00000000c001073a                VgaText::setDefaultFgColour(VgaColour)
                0x00000000c001074a                VgaText::setDefaultColours(VgaColour, VgaColour)
                0x00000000c001076a                VgaText::combineColours(unsigned char, unsigned char)
                0x00000000c001077c                VgaText::scrollScreen()
                0x00000000c0010810                VgaText::combineCharAndColour(char, unsigned char)
                0x00000000c0010822                VgaText::writeCharacter(char, VgaColour, VgaColour, int, int)
                0x00000000c001087e                VgaText::getCursorX()
                0x00000000c0010886                VgaText::getCursorY()
                0x00000000c001088e                VgaText::setCursor(int, int)
                0x00000000c00108a6                VgaText::setCursorX(int)
                0x00000000c00108be                VgaText::setCursorY(int)
                0x00000000c00108d6                VgaText::incrementCursor(bool)
                0x00000000c001092a                VgaText::updateRAMUsageDisplay(int)
                0x00000000c001098e                VgaText::updateDiskUsage()
                0x00000000c0010af8                VgaText::updateTitle()
                0x00000000c0010b3c                VgaText::setTitleTextColour(VgaColour)
                0x00000000c0010b4a                VgaText::setTitleColour(VgaColour)
                0x00000000c0010b58                VgaText::setTitle(char*)
                0x00000000c0010b7e                VgaText::decrementCursor(bool)
                0x00000000c0010ba0                VgaText::putchar(char, VgaColour, VgaColour)
                0x00000000c0010c78                VgaText::isShowingCursor()
                0x00000000c0010c80                VgaText::isBlinkDisabled()
                0x00000000c0010c8c                VgaText::setCursorHeight(int)
                0x00000000c0010ca4                VgaText::getCursorHeight()
                0x00000000c0010cac                setActiveTerminal(VgaText*)
                0x00000000c0010d52                doTerminalCycle()
                0x00000000c0010d6c                VgaText::doUpdate()
                0x00000000c0010d7a                VgaText::puts(char const*, VgaColour, VgaColour)
                0x00000000c0010ef2                VgaText::clearScreen()
                0x00000000c0010f4c                VgaText::putchar(char)
                0x00000000c0011038                VgaText::puts(char const*)
                0x00000000c001105e                VgaText::putx(unsigned int)
                0x00000000c00110a4                VgaText::VgaText(char const*)
                0x00000000c00110a4                VgaText::VgaText(char const*)
                0x00000000c0011252                VgaText::receiveKey(unsigned char)
                0x00000000c001133a                VgaText::write(unsigned long long, void*, int*)
                0x00000000c001138e                newTerminal(char*)
 *fill*         0x00000000c00113b3        0x1 
 .text          0x00000000c00113b4      0x1b3 core/tss.32
                0x00000000c00113b4                TSS::TSS()
                0x00000000c00113b4                TSS::TSS()
                0x00000000c00113c2                TSS::setESP(unsigned long)
                0x00000000c00113d4                TSS::flush()
                0x00000000c00113f4                TSS::setup(unsigned long, unsigned long)
 *fill*         0x00000000c0011567        0x1 
 .text          0x00000000c0011568      0x4c2 core/unixfile.32
                0x00000000c0011568                ReservedFilename::read(unsigned long long, void*, int*)
                0x00000000c00115be                ReservedFilename::isAtty()
                0x00000000c00115da                ReservedFilename::write(unsigned long long, void*, int*)
                0x00000000c0011638                UnixFile::getFileDescriptor()
                0x00000000c0011640                UnixFile::UnixFile(int)
                0x00000000c0011640                UnixFile::UnixFile(int)
                0x00000000c00117f0                ReservedFilename::ReservedFilename(int)
                0x00000000c00117f0                ReservedFilename::ReservedFilename(int)
                0x00000000c0011822                UnixFile::~UnixFile()
                0x00000000c0011822                UnixFile::~UnixFile()
                0x00000000c00118ba                UnixFile::~UnixFile()
                0x00000000c00118e2                ReservedFilename::~ReservedFilename()
                0x00000000c00118e2                ReservedFilename::~ReservedFilename()
                0x00000000c0011906                ReservedFilename::~ReservedFilename()
                0x00000000c001192d                getFromFileDescriptor(int)
 .text          0x00000000c0011a2a     0x12f9 core/virtmgr.32
                0x00000000c0011a2a                Virt::setPageState(unsigned long, Virt::VirtPageState)
                0x00000000c0011a5f                Virt::getPageState(unsigned long)
                0x00000000c0011a83                Virt::allocateKernelVirtualPages(int)
                0x00000000c0011b94                Virt::freeSwapfilePage(unsigned long)
                0x00000000c0011bb2                Virt::swapIDToSector(unsigned long)
                0x00000000c0011bc4                Virt::allocateSwapfilePage()
                0x00000000c0011c42                Virt::virtualMemorySetup()
                0x00000000c0011cc1                Virt::swappingSetup()
                0x00000000c0011cc2                Virt::setupPageSwapping(int)
                0x00000000c0011e8e                VAS::VAS()
                0x00000000c0011e8e                VAS::VAS()
                0x00000000c0011eca                VAS::VAS(VAS*)
                0x00000000c0011eca                VAS::VAS(VAS*)
                0x00000000c0011ef8                VAS::getForeignPageTableEntry(bool, unsigned long)
                0x00000000c0011f24                VAS::getPageTableEntry(unsigned long)
                0x00000000c0011f43                Virt::freeKernelVirtualPages(unsigned long)
                0x00000000c0012066                VAS::freeAllocatedPages(unsigned long)
                0x00000000c001208a                VAS::virtualToPhysical(unsigned long)
                0x00000000c00120a2                VAS::reflagRange(unsigned long, int, int, int)
                0x00000000c00120e2                VAS::setToWriteCombining(unsigned long, int)
                0x00000000c0012114                VAS::mapOtherVASIn(bool, VAS*)
                0x00000000c001213e                VAS::~VAS()
                0x00000000c001213e                VAS::~VAS()
                0x00000000c00122ba                VAS::mapPage(unsigned long, unsigned long, int)
                0x00000000c00123bc                VAS::allocatePages(int, int)
                0x00000000c0012594                VAS::setCPUSpecific(unsigned long)
                0x00000000c00125b0                VAS::mapRange(unsigned long, unsigned long, int, int)
                0x00000000c0012676                VAS::mapForeignPage(bool, VAS*, unsigned long, unsigned long, int)
                0x00000000c0012764                VAS::VAS(bool)
                0x00000000c0012764                VAS::VAS(bool)
                0x00000000c00129e4                VAS::evict(unsigned long)
                0x00000000c0012aa6                VAS::tryLoadBackOffDisk(unsigned long)
                0x00000000c0012bb6                VAS::scanForEviction()
                0x00000000c0012c67                mapVASFirstTime
 .text          0x00000000c0012d23       0x95 coreobjs/c++.32
                0x00000000c0012d23                __cxa_atexit
                0x00000000c0012d26                __cxa_finalize
                0x00000000c0012d27                __stack_chk_fail
                0x00000000c0012d93                __cxa_pure_virtual
                0x00000000c0012da4                operator new[](unsigned long)
                0x00000000c0012da9                operator delete(void*, unsigned long)
                0x00000000c0012dae                operator delete[](void*)
                0x00000000c0012db3                operator delete[](void*, unsigned long)
 .text          0x00000000c0012db8      0x1ef dbg/kconsole.32
                0x00000000c0012db8                Dbg::stringifyxWithBase(unsigned int, char*, int)
                0x00000000c0012e19                Dbg::logc(char)
                0x00000000c0012e30                Dbg::logs(char*)
                0x00000000c0012e4d                Dbg::logWriteInt(unsigned int)
                0x00000000c0012e6a                Dbg::logWriteIntBase(unsigned int, int)
                0x00000000c0012e89                Dbg::kprintf(char const*, ...)
 *fill*         0x00000000c0012fa7        0x1 
 .text          0x00000000c0012fa8      0xb82 fs/vfs.32
                0x00000000c0012fa8                File::read(unsigned long long, void*, int*)
                0x00000000c0013000                File::write(unsigned long long, void*, int*)
                0x00000000c0013058                Directory::read(unsigned long long, void*, int*)
                0x00000000c00130b0                Directory::write(unsigned long long, void*, int*)
                0x00000000c00130de                File::isAtty()
                0x00000000c00130e2                Directory::isAtty()
                0x00000000c00130e6                Filesystem::getlabel(LogicalDisk*, int, char*, unsigned int*)
                0x00000000c00130ec                Filesystem::setlabel(LogicalDisk*, int, char*)
                0x00000000c00130f2                Filesystem::getFileFirstSector(char const*)
                0x00000000c00130f8                File::~File()
                0x00000000c00130f8                File::~File()
                0x00000000c001311c                File::~File()
                0x00000000c0013146                Directory::~Directory()
                0x00000000c0013146                Directory::~Directory()
                0x00000000c001316a                Directory::~Directory()
                0x00000000c0013194                Filesystem::Filesystem()
                0x00000000c0013194                Filesystem::Filesystem()
                0x00000000c00131b8                Filesystem::~Filesystem()
                0x00000000c00131b8                Filesystem::~Filesystem()
                0x00000000c00131c6                Filesystem::~Filesystem()
                0x00000000c00131ea                Fs::getcwd(Process*, char*, int)
                0x00000000c0013214                Fs::initVFS()
                0x00000000c001323e                Fs::standardiseFiles(char*, char const*, char const*)
                0x00000000c00133e8                File::File(char const*, Process*)
                0x00000000c00133e8                File::File(char const*, Process*)
                0x00000000c001344c                File::open(FileOpenMode)
                0x00000000c00134aa                File::close()
                0x00000000c001350a                File::seek(unsigned long long)
                0x00000000c0013560                File::tell(unsigned long long*)
                0x00000000c00135b0                File::rewind()
                0x00000000c00135c4                File::unlink()
                0x00000000c0013610                File::rename(char const*)
                0x00000000c001365e                File::chfatattr(unsigned char, unsigned char)
                0x00000000c00136ba                File::exists()
                0x00000000c00136f8                File::stat(unsigned long long*, bool*)
                0x00000000c0013759                Fs::setcwd(Process*, char*)
                0x00000000c0013894                Directory::Directory(char const*, Process*)
                0x00000000c0013894                Directory::Directory(char const*, Process*)
                0x00000000c00138f8                Directory::open()
                0x00000000c0013954                Directory::close()
                0x00000000c00139b4                Directory::unlink()
                0x00000000c0013a00                Directory::rename(char const*)
                0x00000000c0013a4e                Directory::exists()
                0x00000000c0013a8c                Directory::read(dirent*)
                0x00000000c0013ad8                Directory::create()
                0x00000000c0013b24                Filesystem::chfatattr(char const*, unsigned char, unsigned char)
 .text          0x00000000c0013b2a       0x84 hal/bus.32
                0x00000000c0013b2a                Bus::Bus(char const*)
                0x00000000c0013b2a                Bus::Bus(char const*)
                0x00000000c0013b60                Bus::~Bus()
                0x00000000c0013b60                Bus::~Bus()
                0x00000000c0013b84                Bus::~Bus()
 .text          0x00000000c0013bae      0x156 hal/buzzer.32
                0x00000000c0013bae                Buzzer::Buzzer(char const*)
                0x00000000c0013bae                Buzzer::Buzzer(char const*)
                0x00000000c0013bf2                Buzzer::~Buzzer()
                0x00000000c0013bf2                Buzzer::~Buzzer()
                0x00000000c0013c16                Buzzer::~Buzzer()
                0x00000000c0013c40                Buzzer::stop()
                0x00000000c0013c53                beepThread(void*)
                0x00000000c0013c96                Buzzer::beep(int, int, bool)
 .text          0x00000000c0013d04      0x467 hal/clock.32
                0x00000000c0013d04                User::loadClockSettings(int)
                0x00000000c0013d56                Clock::Clock(char const*)
                0x00000000c0013d56                Clock::Clock(char const*)
                0x00000000c0013d8c                Clock::~Clock()
                0x00000000c0013d8c                Clock::~Clock()
                0x00000000c0013db0                Clock::~Clock()
                0x00000000c0013dda                Clock::timeInSecondsLocal()
                0x00000000c0013e22                Clock::setTimeInSecondsLocal(unsigned long long)
                0x00000000c0013e7b                datetimeToSeconds(datetime_t)
                0x00000000c0013fa2                Clock::setTimeInDatetimeLocal(datetime_t)
                0x00000000c0014002                secondsToDatetime(unsigned long long)
                0x00000000c0014146                Clock::timeInDatetimeLocal()
 *fill*         0x00000000c001416b        0x1 
 .text          0x00000000c001416c      0x4da hal/device.32
                0x00000000c001416c                Device::hibernate()
                0x00000000c001416e                Device::wake()
                0x00000000c0014170                Device::detect()
                0x00000000c0014172                Device::disableLegacy()
                0x00000000c0014174                Device::powerSaving(PowerSavingLevel)
                0x00000000c0014176                DriverlessDevice::close(int, int, void*)
                0x00000000c001417a                DriverlessDevice::detect()
                0x00000000c001417c                DriverlessDevice::open(int, int, void*)
                0x00000000c0014190                Device::~Device()
                0x00000000c0014190                Device::~Device()
                0x00000000c001419e                Device::~Device()
                0x00000000c00141c6                Device::findAndLoadDriver()
                0x00000000c00141c8                Device::preOpenPCI(PCIDeviceInfo)
                0x00000000c00141ee                Device::preOpenACPI(void*, char*, char*)
                0x00000000c0014230                Device::addIRQHandler(int, void (*)(regs*, void*), bool, void*)
                0x00000000c001426e                Device::removeIRQHandler(int, void (*)(regs*, void*), bool)
                0x00000000c00142ac                Device::addChild(Device*)
                0x00000000c00142f0                Device::removeAllChildren()
                0x00000000c0014336                Device::hibernateAll()
                0x00000000c0014366                Device::wakeAll()
                0x00000000c0014396                Device::detectAll()
                0x00000000c00143c6                Device::disableLegacyAll()
                0x00000000c00143f6                Device::loadDriversForAll()
                0x00000000c0014422                Device::closeAll()
                0x00000000c0014458                Device::powerSavingAll(PowerSavingLevel)
                0x00000000c001448e                Device::setName(char const*)
                0x00000000c001449c                Device::Device(char const*)
                0x00000000c001449c                Device::Device(char const*)
                0x00000000c0014598                Device::getName()
                0x00000000c00145a2                DriverlessDevice::DriverlessDevice(char const*)
                0x00000000c00145a2                DriverlessDevice::DriverlessDevice(char const*)
                0x00000000c00145d8                Device::addToLinkedList(LinkedList<Device>&, DeviceType)
                0x00000000c001461c                getDevicesOfType(DeviceType)
 .text          0x00000000c0014646       0x84 hal/diskctrl.32
                0x00000000c0014646                HardDiskController::HardDiskController(char const*)
                0x00000000c0014646                HardDiskController::HardDiskController(char const*)
                0x00000000c001467c                HardDiskController::~HardDiskController()
                0x00000000c001467c                HardDiskController::~HardDiskController()
                0x00000000c00146a0                HardDiskController::~HardDiskController()
 .text          0x00000000c00146ca       0xf2 hal/diskphys.32
                0x00000000c00146ca                PhysicalDisk::eject()
                0x00000000c00146de                PhysicalDisk::PhysicalDisk(char const*, int)
                0x00000000c00146de                PhysicalDisk::PhysicalDisk(char const*, int)
                0x00000000c0014746                PhysicalDisk::startCache()
                0x00000000c001476e                PhysicalDisk::~PhysicalDisk()
                0x00000000c001476e                PhysicalDisk::~PhysicalDisk()
                0x00000000c0014792                PhysicalDisk::~PhysicalDisk()
 .text          0x00000000c00147bc      0x13b hal/fpu.32
                0x00000000c00147bc                FPU::FPU(char const*)
                0x00000000c00147bc                FPU::FPU(char const*)
                0x00000000c00147f2                FPU::~FPU()
                0x00000000c00147f2                FPU::~FPU()
                0x00000000c0014816                FPU::~FPU()
                0x00000000c0014840                setupFPU()
 *fill*         0x00000000c00148f7        0x1 
 .text          0x00000000c00148f8     0x1439 hal/intctrl.32
                0x00000000c00148f8                InterruptController::uninstallISRHandler(int, void (*)(regs*, void*))
                0x00000000c0014930                InterruptController::installISRHandler(int, void (*)(regs*, void*), void*)
                0x00000000c0014982                doubleFault(regs*, void*)
                0x00000000c001499c                InterruptController::installIRQHandler(int, void (*)(regs*, void*), bool, void*)
                0x00000000c0014a38                InterruptController::clearAllHandlers(int, bool)
                0x00000000c0014ae0                InterruptController::uninstallIRQHandler(int, void (*)(regs*, void*), bool)
                0x00000000c0014b67                nmiHandler(regs*, void*)
                0x00000000c0014b75                int_handler
                0x00000000c0014c16                InterruptController::InterruptController(char const*)
                0x00000000c0014c16                InterruptController::InterruptController(char const*)
                0x00000000c0014cbc                InterruptController::~InterruptController()
                0x00000000c0014cbc                InterruptController::~InterruptController()
                0x00000000c0014ce0                InterruptController::~InterruptController()
                0x00000000c0014d0a                displayDebugInfo(regs*)
                0x00000000c0015199                x87EmulHandler(regs*, void*)
                0x00000000c001520c                gpFault(regs*, void*)
                0x00000000c0015245                pgFault(regs*, void*)
                0x00000000c0015281                otherISRHandler(regs*, void*)
                0x00000000c00152a0                opcodeFault(regs*, void*)
                0x00000000c00158bd                displayProgramFault(char const*)
                0x00000000c00158e5                setupInterruptController()
                0x00000000c0015ce4                InterruptController::convertLegacyIRQNumber(int)
 *fill*         0x00000000c0015d31        0x1 
 .text          0x00000000c0015d32      0x794 hal/keybrd.32
                0x00000000c0015d32                startGUI(void*)
                0x00000000c0015d9e                startGUIVESA(void*)
                0x00000000c0015e0a                sendKeyToTerminal(unsigned char)
                0x00000000c0015ec8                sendKeyboardToken(KeyboardToken)
                0x00000000c0016305                clearInternalKeybuffer(VgaText*)
                0x00000000c001633a                readKeyboard(VgaText*, char*, unsigned long)
                0x00000000c001643c                Keyboard::Keyboard(char const*)
                0x00000000c001643c                Keyboard::Keyboard(char const*)
                0x00000000c0016478                Keyboard::~Keyboard()
                0x00000000c0016478                Keyboard::~Keyboard()
                0x00000000c001649c                Keyboard::~Keyboard()
 .text          0x00000000c00164c6      0x414 hal/logidisk.32
                0x00000000c00164c6                LogicalDisk::close(int, int, void*)
                0x00000000c00164ca                LogicalDisk::~LogicalDisk()
                0x00000000c00164ca                LogicalDisk::~LogicalDisk()
                0x00000000c00164ee                LogicalDisk::~LogicalDisk()
                0x00000000c0016518                LogicalDisk::open(int, int, void*)
                0x00000000c001652c                LogicalDisk::absoluteToRelative(unsigned long long)
                0x00000000c0016564                LogicalDisk::relativeToAbsolute(unsigned long long)
                0x00000000c00165aa                LogicalDisk::LogicalDisk(char const*, PhysicalDisk*, unsigned long long, unsigned long long)
                0x00000000c00165aa                LogicalDisk::LogicalDisk(char const*, PhysicalDisk*, unsigned long long, unsigned long long)
                0x00000000c0016660                LogicalDisk::assignDriveLetter()
                0x00000000c0016716                LogicalDisk::mount()
                0x00000000c0016788                LogicalDisk::unmount()
                0x00000000c0016798                LogicalDisk::eject()
                0x00000000c00167ac                LogicalDisk::unassignDriveLetter()
                0x00000000c0016802                LogicalDisk::read(unsigned long long, int, void*)
                0x00000000c001686e                LogicalDisk::write(unsigned long long, int, void*)
 .text          0x00000000c00168da       0x84 hal/mouse.32
                0x00000000c00168da                Mouse::Mouse(char const*)
                0x00000000c00168da                Mouse::Mouse(char const*)
                0x00000000c0016910                Mouse::~Mouse()
                0x00000000c0016910                Mouse::~Mouse()
                0x00000000c0016934                Mouse::~Mouse()
 .text          0x00000000c001695e      0x359 hal/partition.32
                0x00000000c001695e                makePartition(PhysicalDisk*, unsigned long long, unsigned long long)
                0x00000000c0016a26                createPartitionsForDisk(PhysicalDisk*)
 *fill*         0x00000000c0016cb7        0x1 
 .text          0x00000000c0016cb8       0x84 hal/serial.32
                0x00000000c0016cb8                Serial::Serial(char const*)
                0x00000000c0016cb8                Serial::Serial(char const*)
                0x00000000c0016cee                Serial::~Serial()
                0x00000000c0016cee                Serial::~Serial()
                0x00000000c0016d12                Serial::~Serial()
 .text          0x00000000c0016d3c      0x2f3 hal/timer.32
                0x00000000c0016d3c                Timer::Timer(char const*)
                0x00000000c0016d3c                Timer::Timer(char const*)
                0x00000000c0016d72                Timer::~Timer()
                0x00000000c0016d72                Timer::~Timer()
                0x00000000c0016d96                Timer::~Timer()
                0x00000000c0016dc0                Timer::read()
                0x00000000c0016dcb                timerHandler(unsigned long long)
                0x00000000c0016f3d                setupTimer(int)
 *fill*         0x00000000c001702f        0x1 
 .text          0x00000000c0017030      0x40c hal/vcache.32
                0x00000000c0017030                VCache::VCache(PhysicalDisk*)
                0x00000000c0017030                VCache::VCache(PhysicalDisk*)
                0x00000000c0017198                VCache::invalidateReadBuffer()
                0x00000000c00171a8                VCache::writeWriteBuffer()
                0x00000000c00171e4                VCache::~VCache()
                0x00000000c00171e4                VCache::~VCache()
                0x00000000c0017238                VCache::~VCache()
                0x00000000c0017260                VCache::write(unsigned long long, int, void*)
                0x00000000c001734c                VCache::read(unsigned long long, int, void*)
 .text          0x00000000c001743c      0x4cd hal/video.32
                0x00000000c001743c                Video::putrect(int, int, int, int, unsigned int)
                0x00000000c0017488                Video::bitblit(int, int, int, int, int, int, int, unsigned int*)
                0x00000000c00174f8                Video::blit(unsigned int*, int, int, int, int)
                0x00000000c0017576                Video::clearScreen(unsigned int)
                0x00000000c00175aa                Video::putpixel(int, int, unsigned int)
                0x00000000c00175b8                Video::Video(char const*)
                0x00000000c00175b8                Video::Video(char const*)
                0x00000000c00175ee                Video::~Video()
                0x00000000c00175ee                Video::~Video()
                0x00000000c0017612                Video::~Video()
                0x00000000c001763c                Video::isMonochrome()
                0x00000000c0017648                Video::getWidth()
                0x00000000c0017654                Video::getHeight()
                0x00000000c0017660                Video::drawCursor(int, int, unsigned char*, int)
                0x00000000c001771c                Video::tgaParse(unsigned char*, int, int*, int*)
                0x00000000c001789e                Video::putTGA(int, int, unsigned char*, int)
 *fill*         0x00000000c0017909        0x1 
 .text          0x00000000c001790a     0x10fb hw/acpi.32
                0x00000000c001790a                ACPI::close(int, int, void*)
                0x00000000c00179bf                findRSDP()
                0x00000000c0017a59                loadACPITables(unsigned char*)
                0x00000000c0017c9e                findRSDT(unsigned char*)
                0x00000000c0017dd9                findDataTable(unsigned char*, char*)
                0x00000000c0017e75                scanMADT()
                0x00000000c00182fc                ACPI::ACPI()
                0x00000000c00182fc                ACPI::ACPI()
                0x00000000c0018366                ACPI::getPCIIRQAssignment(unsigned char, unsigned short, unsigned char)
                0x00000000c0018448                ACPI::registerPCIIRQAssignment(void*, unsigned short, unsigned char, unsigned char)
                0x00000000c001850e                ACPI::setScreenBrightnessLevel(void*, int)
                0x00000000c0018514                ACPI::writeSimpleBootFlag(SimpleBootFlagTable*)
                0x00000000c001855c                ACPI::sleep()
                0x00000000c0018574                ACPI::open(int, int, void*)
 *fill*         0x00000000c0018a05        0x1 
 .text          0x00000000c0018a06     0x1709 hw/cpu.32
                0x00000000c0018a06                CPU::close(int, int, void*)
                0x00000000c0018a0a                CPU::lookupAMDName(unsigned char, unsigned char)
                0x00000000c0018b9e                CPU::lookupIntelName(unsigned char, unsigned char)
                0x00000000c0018e4c                CPU::AMD_K6_write_msr(unsigned int, unsigned int, unsigned int, CPU::REGS*)
                0x00000000c0018e68                CPU::AMD_K6_read_msr(unsigned int, CPU::REGS*)
                0x00000000c0018e80                CPU::AMD_K6_writeback(int, int, int)
                0x00000000c0018ef4                CPU::cpuid(int, unsigned long*, unsigned long*, unsigned long*, unsigned long*)
                0x00000000c0018f78                CPU::cpuidCheckEDX(unsigned int)
                0x00000000c0018fa6                CPU::cpuidCheckECX(unsigned int)
                0x00000000c0018fd4                CPU::cpuidCheckExtendedEBX(unsigned int)
                0x00000000c0019002                CPU::cpuidCheckExtendedECX(unsigned int)
                0x00000000c0019030                CPU::CPU()
                0x00000000c0019030                CPU::CPU()
                0x00000000c00190be                CPU::displayFeatures()
                0x00000000c001933a                CPU::detectFeatures()
                0x00000000c0019d1e                CPU::setupSMEP()
                0x00000000c0019d2a                CPU::setupUMIP()
                0x00000000c0019d34                CPU::setupTSC()
                0x00000000c0019d3e                CPU::setupLargePages()
                0x00000000c0019d48                CPU::setupPAT()
                0x00000000c0019d84                CPU::setupMTRR()
                0x00000000c0019d86                CPU::setupGlobalPages()
                0x00000000c0019d90                CPU::allowUsermodeDataAccess()
                0x00000000c0019da2                CPU::prohibitUsermodeDataAccess()
                0x00000000c0019db4                CPU::setupSMAP()
                0x00000000c0019dc2                CPU::setupFeatures()
                0x00000000c0019e42                CPU::open(int, int, void*)
                0x00000000c0019f14                CPU::decodeAddress(regs*, int*, bool*, unsigned char*)
 .text          0x00000000c001a10f        0x0 hw/ports.32
 .text          0x00000000c001a10f      0x16a hw/smp.32
                0x00000000c001a10f                Krnl::smpEntry()
                0x00000000c001a111                Krnl::startCPU(int)
                0x00000000c001a25a                Krnl::startCPUs()
 *fill*         0x00000000c001a279        0x1 
 .text          0x00000000c001a27a      0x5d2 krnl/env.32
                0x00000000c001a27a                EnvVarContainer::getEnv(char const*)
                0x00000000c001a2b8                EnvVarContainer::setEnv(char const*, char const*)
                0x00000000c001a37a                EnvVarContainer::deleteEnv(char const*)
                0x00000000c001a37c                EnvVarContainer::loadFrom(char const*, char const*)
                0x00000000c001a582                EnvVarContainer::__loadSystem()
                0x00000000c001a59c                EnvVarContainer::__loadUser()
                0x00000000c001a59e                EnvVarContainer::EnvVarContainer(Process*)
                0x00000000c001a59e                EnvVarContainer::EnvVarContainer(Process*)
                0x00000000c001a5c0                EnvVarContainer::~EnvVarContainer()
                0x00000000c001a5c0                EnvVarContainer::~EnvVarContainer()
                0x00000000c001a5f0                Krnl::getEnv(Process*, char const*)
                0x00000000c001a655                Krnl::setEnvSystem(char const*, char const*)
                0x00000000c001a66f                Krnl::setEnvUser(char const*, char const*)
                0x00000000c001a68e                Krnl::setEnvProcess(Process*, char const*, char const*)
                0x00000000c001a6a1                Krnl::deleteEnvSystem(char const*)
                0x00000000c001a6a2                Krnl::deleteEnvUser(char const*)
                0x00000000c001a6a3                Krnl::deleteEnvProcess(Process*, char const*)
                0x00000000c001a6a4                Krnl::newProcessEnv(Process*)
                0x00000000c001a6c6                Krnl::copyProcessEnv(Process*, Process*)
                0x00000000c001a713                Krnl::loadSystemEnv()
                0x00000000c001a741                Krnl::loadUserEnv()
                0x00000000c001a767                Krnl::flushEnv()
                0x00000000c001a768                Krnl::getProcessTotalEnvCount(Process*)
                0x00000000c001a788                Krnl::getProcessEnvPair(Process*, int)
 .text          0x00000000c001a84c      0x396 krnl/panic.32
                0x00000000c001a84c                Krnl::panic(char const*)
 .text          0x00000000c001abe2      0x463 net/ethernet.32
                0x00000000c001abe2                Net::switchEndian16(unsigned short)
                0x00000000c001ac03                Net::switchEndian32(unsigned int)
                0x00000000c001ac32                Net::crc32Calc(unsigned char*, int)
                0x00000000c001acc3                Net::wrapEthernetFrame(Net::UnwrappedEthernetFrame, unsigned char*)
                0x00000000c001ae54                Net::unwrapEthernetFrame(unsigned char*, int)
 .text          0x00000000c001b045      0x50d reg/registry.32
                0x00000000c001b045                Reg::findLineFromLoadedData(char*, char*, char*)
                0x00000000c001b19d                Reg::getLineFromRegistry(char*, char*, char*, char*)
                0x00000000c001b2f2                Reg::getLine(char*, char*, char*)
                0x00000000c001b329                Reg::readInt(char*, char*, int*)
                0x00000000c001b414                Reg::readString(char*, char*, char*, int)
                0x00000000c001b495                Reg::readBool(char*, char*, bool*)
                0x00000000c001b4ba                Reg::readBoolWithDefault(char*, char*, bool)
                0x00000000c001b4e6                Reg::readIntWithDefault(char*, char*, int)
                0x00000000c001b512                Reg::readStringWithDefault(char*, char*, char*, int, char*)
 .text          0x00000000c001b552       0x36 sys/sc_eject.32
                0x00000000c001b552                Sys::eject(regs*)
 .text          0x00000000c001b588       0x18 sys/sc_exit.32
                0x00000000c001b588                Sys::exit(regs*)
 .text          0x00000000c001b5a0       0x1f sys/sc_getcwd.32
                0x00000000c001b5a0                Sys::getCwd(regs*)
 .text          0x00000000c001b5bf        0xc sys/sc_getpid.32
                0x00000000c001b5bf                Sys::getPID(regs*)
 .text          0x00000000c001b5cb       0x17 sys/sc_getramdata.32
                0x00000000c001b5cb                Sys::getRAMData(regs*)
 .text          0x00000000c001b5e2       0x85 sys/sc_getvgaptr.32
                0x00000000c001b5e2                Sys::getVGAPtr(regs*)
 .text          0x00000000c001b667       0xa8 sys/sc_loaddll.32
                0x00000000c001b667                Sys::loadDLL(regs*)
 .text          0x00000000c001b70f       0x68 sys/sc_read.32
                0x00000000c001b70f                Sys::read(regs*)
 .text          0x00000000c001b777       0x55 sys/sc_sbrk.32
                0x00000000c001b777                Sys::sbrk(regs*)
 .text          0x00000000c001b7cc       0x1c sys/sc_setcwd.32
                0x00000000c001b7cc                Sys::setCwd(regs*)
 .text          0x00000000c001b7e8      0x128 sys/sc_settime.32
                0x00000000c001b7e8                Sys::setTime(regs*)
 .text          0x00000000c001b910       0x4a sys/sc_timezone.32
                0x00000000c001b910                Sys::timezone(regs*)
 .text          0x00000000c001b95a       0x68 sys/sc_write.32
                0x00000000c001b95a                Sys::write(regs*)
 .text          0x00000000c001b9c2       0x62 sys/sc_wsbe.32
                0x00000000c001b9c2                Sys::wsbe(regs*)
 .text          0x00000000c001ba24       0x46 sys/sc_yield.32
                0x00000000c001ba24                Sys::yield(regs*)
 .text          0x00000000c001ba6a     0x1102 sys/syscalls.32
                0x00000000c001ba6a                sysCallSeekDir(regs*)
                0x00000000c001ba6f                sysCallTellDir(regs*)
                0x00000000c001ba74                sysCallVerify(regs*)
                0x00000000c001ba7e                sysFormatDisk(regs*)
                0x00000000c001bae8                sysSetDiskVolumeLabel(regs*)
                0x00000000c001bb2e                sysGetDiskVolumeLabel(regs*)
                0x00000000c001bb7f                sysShutdown(regs*)
                0x00000000c001bbdd                sysCallRealpath(regs*)
                0x00000000c001bc20                sysCallGetArgc(regs*)
                0x00000000c001bc4e                sysCallReadDir(regs*)
                0x00000000c001bcdc                sysCallIsATTY(regs*)
                0x00000000c001bd36                sysCallSeek(regs*)
                0x00000000c001bd9f                sysCallTell(regs*)
                0x00000000c001be1c                sysCallSize(regs*)
                0x00000000c001be9f                sysCallSizeFromFilename(regs*)
                0x00000000c001bf5f                sysCallClose(regs*)
                0x00000000c001bfe7                sysCallOpenDir(regs*)
                0x00000000c001c05c                sysCallCloseDir(regs*)
                0x00000000c001c0c2                sysCallMakeDir(regs*)
                0x00000000c001c132                sysCallWait(regs*)
                0x00000000c001c14c                sysCallNotImpl(regs*)
                0x00000000c001c167                sysPanic(regs*)
                0x00000000c001c18d                sysCallRmdir(regs*)
                0x00000000c001c1f1                sysCallUnlink(regs*)
                0x00000000c001c255                sysCallGetArgv(regs*)
                0x00000000c001c2a1                sysCallTTYName(regs*)
                0x00000000c001c324                sysCallUSleep(regs*)
                0x00000000c001c34b                sysCallSpawn(regs*)
                0x00000000c001c3c0                sysCallGetEnv(regs*)
                0x00000000c001c4f8                sysAppSettings(regs*)
                0x00000000c001c60d                sysSetFatAttrib(regs*)
                0x00000000c001c67f                sysPipe(regs*)
                0x00000000c001c6c4                sysGetUnixTime(regs*)
                0x00000000c001c6d8                string_ends_with(char const*, char const*)
                0x00000000c001c720                sysCallOpen(regs*)
                0x00000000c001c935                Sys::loadSyscalls()
                0x00000000c001cb2a                Sys::systemCall(regs*, void*)
 .text          0x00000000c001cb6c     0x11fc thr/elf.32
                0x00000000c001cb6c                Thr::allocateMemoryForTask(Process*, File*, unsigned long, unsigned long, unsigned long)
                0x00000000c001ce15                Thr::loadProgramIntoMemory(Process*, char const*)
                0x00000000c001d02b                Thr::runtimeReferenceHelper()
                0x00000000c001d03e                Thr::getAddressOfKernelSymbol(char const*)
                0x00000000c001d08d                Thr::loadKernelSymbolTable(char const*)
                0x00000000c001d34b                Thr::loadDriverIntoMemory(char const*, unsigned long, bool)
                0x00000000c001da81                Thr::getDriverBaseFromAddress(unsigned long)
                0x00000000c001dab3                Thr::getDriverNameFromAddress(unsigned long)
                0x00000000c001daea                Thr::getDriverOffsetFromAddress(unsigned long)
                0x00000000c001db04                Thr::loadDLL(char const*, bool)
                0x00000000c001dd2f                Thr::executeDLL(unsigned long, void*)
 .text          0x00000000c001dd68     0x1315 thr/prcssthr.32
                0x00000000c001dd68                userModeEntryPoint(void*)
                0x00000000c001dd8e                changeTSS
                0x00000000c001ddbe                switchToThread(ThreadControlBlock*)
                0x00000000c001de68                Process::addArgs(char**)
                0x00000000c001dec2                Process::Process(char const*, Process*, char**)
                0x00000000c001dec2                Process::Process(char const*, Process*, char**)
                0x00000000c001e0a6                Process::Process(bool, char const*, Process*, char**)
                0x00000000c001e0a6                Process::Process(bool, char const*, Process*, char**)
                0x00000000c001e255                taskStartupFunction
                0x00000000c001e25e                Semaphore::Semaphore(int)
                0x00000000c001e25e                Semaphore::Semaphore(int)
                0x00000000c001e28c                Mutex::Mutex()
                0x00000000c001e28c                Mutex::Mutex()
                0x00000000c001e29e                Process::createThread(void (*)(void*), void*, int)
                0x00000000c001e3a4                Process::createUserThread()
                0x00000000c001e3c0                setupMultitasking(void (*)())
                0x00000000c001e4e2                schedule()
                0x00000000c001e568                Semaphore::tryAcquire()
                0x00000000c001e624                Semaphore::assertLocked(char const*)
                0x00000000c001e693                blockTaskWithSchedulerLockAlreadyHeld(TaskState)
                0x00000000c001e6e1                blockTask(TaskState)
                0x00000000c001e70e                waitTask(int, int*, int)
                0x00000000c001e750                nanoSleepUntil(unsigned long long)
                0x00000000c001e7e5                nanoSleep(unsigned long long)
                0x00000000c001e7fd                sleep(unsigned long long)
                0x00000000c001e81a                Semaphore::acquire()
                0x00000000c001e8bc                taskReturned
                0x00000000c001e8f7                Thr::processFromPID(int)
                0x00000000c001e9a6                unblockTask(ThreadControlBlock*)
                0x00000000c001ea53                cleanupTerminatedTask(ThreadControlBlock*)
                0x00000000c001ed1c                cleanerTaskFunction(void*)
                0x00000000c001ee15                terminateTask(int)
                0x00000000c001ef47                Thr::terminateFromIRQ(int)
                0x00000000c001ef54                Semaphore::release()
 .text          0x00000000c001f07d      0xc54 vm86/vm8086.32
                0x00000000c001f07d                Vm::inbv(unsigned short)
                0x00000000c001f090                Vm::outbv(unsigned short, unsigned char)
                0x00000000c001f0e3                Vm::realToLinear(unsigned short, unsigned short)
                0x00000000c001f0f3                Vm::getSegment(unsigned int)
                0x00000000c001f0fb                Vm::getOffset(unsigned int)
                0x00000000c001f100                Vm::mainloop2()
                0x00000000c001f13a                Vm::mainVm8086Loop(void*)
                0x00000000c001f14a                Vm::mainloop3(unsigned long)
                0x00000000c001f170                Vm::initialise8086()
                0x00000000c001f1b3                Vm::finish8086()
                0x00000000c001f214                Vm::getOutput8086(unsigned char*)
                0x00000000c001f23a                Vm::start8086(char const*, unsigned short, unsigned short, unsigned short, unsigned short)
                0x00000000c001f3a2                Vm::doISR(regs*, int, unsigned char*, unsigned short, unsigned short)
                0x00000000c001f42c                Vm::readByteFromReal(unsigned short, unsigned short)
                0x00000000c001f43d                Vm::readWordFromReal(unsigned short, unsigned short)
                0x00000000c001f44f                Vm::readDwordFromReal(unsigned short, unsigned short)
                0x00000000c001f460                Vm::writeByteFromReal(unsigned short, unsigned short, unsigned char)
                0x00000000c001f475                Vm::writeWordFromReal(unsigned short, unsigned short, unsigned short)
                0x00000000c001f48b                Vm::writeDwordFromReal(unsigned short, unsigned short, unsigned int)
                0x00000000c001f4a0                Vm::faultHandler(regs*)
 .text          0x00000000c001fcd1      0xefd vm86/x87em.32
                0x00000000c001fcd1                Vm::fpuInternalTo32(unsigned long long)
                0x00000000c001fd2c                Vm::fpuInternalTo64(unsigned long long)
                0x00000000c001fd35                Vm::fpu32ToInternal(unsigned int)
                0x00000000c001fd7a                Vm::fpu64ToInternal(unsigned long long)
                0x00000000c001fd83                Vm::fpuFloatToLong(unsigned long long)
                0x00000000c001fdde                Vm::fpuULongToFloat(unsigned long long)
                0x00000000c001fe14                Vm::fpuLongToFloat(long long)
                0x00000000c001fe6a                Vm::fpuGet0()
                0x00000000c001fe6f                Vm::fpuGet1()
                0x00000000c001fe77                Vm::fpuGetPi()
                0x00000000c001fe7f                Vm::fpuGetLog2E()
                0x00000000c001fe97                Vm::fpuGetLogE2()
                0x00000000c001feaf                Vm::fpuGetLog210()
                0x00000000c001fec7                Vm::fpuGetLog102()
                0x00000000c001fedf                Vm::fpuIsSecondLarger(unsigned long long, unsigned long long)
                0x00000000c001fef3                Vm::fpuAreEqual(unsigned long long, unsigned long long)
                0x00000000c001ff09                Vm::fpuUnorderedCompare(unsigned long long, unsigned long long)
                0x00000000c001ff5c                Vm::fpuAdd(unsigned long long, unsigned long long)
                0x00000000c001ff6d                Vm::fpuAbs(unsigned long long)
                0x00000000c001ff76                Vm::fpuChs(unsigned long long)
                0x00000000c001ff86                Vm::fpuSub(unsigned long long, unsigned long long)
                0x00000000c001ff95                Vm::fpuMultiply(unsigned long long, unsigned long long)
                0x00000000c001ffb4                Vm::fpuDivide(unsigned long long, unsigned long long)
                0x00000000c001ffd0                Vm::fpuSquare(unsigned long long)
                0x00000000c001ffe6                Vm::fpuGetReg(int)
                0x00000000c0020029                Vm::fpuSetReg(int, unsigned long long)
                0x00000000c0020074                Vm::fpuPush(unsigned long long)
                0x00000000c00200d1                Vm::fpuPop()
                0x00000000c0020123                Vm::x87Handler(regs*)
 .text          0x00000000c0020bce     0x11e5 fs/fat/vfslink.32
                0x00000000c0020bce                FAT::getName()
                0x00000000c0020bd4                FAT::tell(void*, unsigned long long*)
                0x00000000c0020c08                FAT::stat(void*, unsigned long long*)
                0x00000000c0020c3c                FAT::~FAT()
                0x00000000c0020c3c                FAT::~FAT()
                0x00000000c0020c60                FAT::~FAT()
                0x00000000c0020c88                FAT::getlabel(LogicalDisk*, int, char*, unsigned int*)
                0x00000000c0020d26                FAT::setlabel(LogicalDisk*, int, char*)
                0x00000000c0020de0                FAT::format(LogicalDisk*, int, char const*, int)
                0x00000000c0020fc4                FAT::tryMount(LogicalDisk*, int)
                0x00000000c00211ca                FAT::getFileFirstSector(char const*)
                0x00000000c002128c                FAT::readDir(void*, unsigned long, void*, int*)
                0x00000000c00213c8                FAT::read(void*, unsigned long, void*, int*)
                0x00000000c0021422                FAT::write(void*, unsigned long, void*, int*)
                0x00000000c002147c                FAT::close(void*)
                0x00000000c00214c8                FAT::closeDir(void*)
                0x00000000c0021514                FAT::seek(void*, unsigned long long)
                0x00000000c0021568                fatWrapperReadDisk
                0x00000000c00215af                fatWrapperWriteDisk
                0x00000000c00215f6                fatWrapperIoctl
                0x00000000c00216fa                FAT::FAT()
                0x00000000c00216fa                FAT::FAT()
                0x00000000c002174c                FAT::fixFilepath(char*)
                0x00000000c0021784                FAT::open(char const*, void**, FileOpenMode)
                0x00000000c00218ac                FAT::openDir(char const*, void**)
                0x00000000c0021952                FAT::stat(char const*, unsigned long long*, bool*)
                0x00000000c0021a3c                FAT::unlink(char const*)
                0x00000000c0021ab6                FAT::chfatattr(char const*, unsigned char, unsigned char)
                0x00000000c0021c0a                FAT::rename(char const*, char const*)
                0x00000000c0021cce                FAT::mkdir(char const*)
                0x00000000c0021d48                FAT::exists(char const*)
 *fill*         0x00000000c0021db3        0x1 
 .text          0x00000000c0021db4      0xba3 fs/iso9660/vfslink.32
                0x00000000c0021db4                ISO9660::format(LogicalDisk*, int, char const*, int)
                0x00000000c0021dba                ISO9660::seek(void*, unsigned long long)
                0x00000000c0021dea                ISO9660::tell(void*, unsigned long long*)
                0x00000000c0021e0e                ISO9660::getName()
                0x00000000c0021e14                ISO9660::stat(void*, unsigned long long*)
                0x00000000c0021e38                ISO9660::chfatattr(char const*, unsigned char, unsigned char)
                0x00000000c0021e3e                ISO9660::unlink(char const*)
                0x00000000c0021e44                ISO9660::write(void*, unsigned long, void*, int*)
                0x00000000c0021e4a                ISO9660::rename(char const*, char const*)
                0x00000000c0021e50                ISO9660::mkdir(char const*)
                0x00000000c0021e56                ISO9660::close(void*)
                0x00000000c0021e78                ISO9660::closeDir(void*)
                0x00000000c0021e9a                ISO9660::~ISO9660()
                0x00000000c0021e9a                ISO9660::~ISO9660()
                0x00000000c0021ebe                ISO9660::~ISO9660()
                0x00000000c0021ee5                __memmem(unsigned char*, int, unsigned char*, int)
                0x00000000c0021f27                readSectorFromCDROM(unsigned int, unsigned char*, char)
                0x00000000c0021f82                ISO9660::tryMount(LogicalDisk*, int)
                0x00000000c0021fd2                ISO9660::read(void*, unsigned long, void*, int*)
                0x00000000c00221d2                ISO9660::readDir(void*, unsigned long, void*, int*)
                0x00000000c002244d                readRoot(unsigned int*, unsigned int*, char)
                0x00000000c00224a2                readRecursively(char*, unsigned int, unsigned int, unsigned int*, unsigned int*, char, int*)
                0x00000000c0022675                getFileData(char*, unsigned int*, unsigned int*, char, int*)
                0x00000000c0022704                ISO9660::open(char const*, void**, FileOpenMode)
                0x00000000c00227c4                ISO9660::exists(char const*)
                0x00000000c00227e8                ISO9660::stat(char const*, unsigned long long*, bool*)
                0x00000000c002287c                ISO9660::openDir(char const*, void**)
                0x00000000c0022934                ISO9660::ISO9660()
                0x00000000c0022934                ISO9660::ISO9660()
 *fill*         0x00000000c0022957        0x1 
 .text          0x00000000c0022958      0x326 hal/sound/sndchannel.32
                0x00000000c0022958                SoundChannel::~SoundChannel()
                0x00000000c0022958                SoundChannel::~SoundChannel()
                0x00000000c0022974                SoundChannel::setSpeed(float)
                0x00000000c0022980                SoundChannel::getSpeed()
                0x00000000c0022988                SoundChannel::setVolume(int)
                0x00000000c00229a4                SoundChannel::getVolume()
                0x00000000c00229ac                SoundChannel::pause()
                0x00000000c00229b6                SoundChannel::SoundChannel(int, int, int, int)
                0x00000000c00229b6                SoundChannel::SoundChannel(int, int, int, int)
                0x00000000c0022b0c                SoundChannel::play()
                0x00000000c0022b16                SoundChannel::paused()
                0x00000000c0022b1e                SoundChannel::getSampleRate()
                0x00000000c0022b26                SoundChannel::getBits()
                0x00000000c0022b2e                SoundChannel::getBufferUsed()
                0x00000000c0022b36                SoundChannel::getBufferSize()
                0x00000000c0022b3e                SoundChannel::unbuffer(float*, int, int)
                0x00000000c0022bde                SoundChannel::buffer8(unsigned char*, int)
 .text          0x00000000c0022c7e      0x3d5 hal/sound/sndhw.32
                0x00000000c0022c7e                SoundDevice::SoundDevice(char const*)
                0x00000000c0022c7e                SoundDevice::SoundDevice(char const*)
                0x00000000c0022cea                SoundDevice::~SoundDevice()
                0x00000000c0022cea                SoundDevice::~SoundDevice()
                0x00000000c0022d64                SoundDevice::~SoundDevice()
                0x00000000c0022d8e                SoundDevice::getFreeChannelNum()
                0x00000000c0022da8                SoundDevice::addChannel(SoundChannel*)
                0x00000000c0022e18                SoundDevice::removeChannel(int)
                0x00000000c0022e4a                SoundDevice::floatTo8(float*, unsigned char*, int)
                0x00000000c0022f32                SoundDevice::getAudio(int, float*, float*)
 .text          0x00000000c0023053        0x0 hw/bus/isa.32
 *fill*         0x00000000c0023053        0x1 
 .text          0x00000000c0023054      0x795 hw/bus/pci.32
                0x00000000c0023054                PCI::open(int, int, void*)
                0x00000000c0023068                PCI::close(int, int, void*)
                0x00000000c002306c                PCI::PCI()
                0x00000000c002306c                PCI::PCI()
                0x00000000c00230ec                PCI::readBAR8(unsigned int, int)
                0x00000000c0023108                PCI::readBAR16(unsigned int, int)
                0x00000000c0023126                PCI::readBAR32(unsigned int, int)
                0x00000000c0023142                PCI::writeBAR8(unsigned int, unsigned char, int)
                0x00000000c0023162                PCI::writeBAR16(unsigned int, unsigned short, int)
                0x00000000c0023184                PCI::writeBAR32(unsigned int, unsigned int, int)
                0x00000000c00231a4                PCI::pciReadWord(unsigned char, unsigned char, unsigned char, unsigned char)
                0x00000000c00231ec                PCI::getVendorID(unsigned char, unsigned char, unsigned char)
                0x00000000c002320e                PCI::getHeaderType(unsigned char, unsigned char, unsigned char)
                0x00000000c0023232                PCI::getClassCode(unsigned char, unsigned char, unsigned char)
                0x00000000c0023276                PCI::getProgIF(unsigned char, unsigned char, unsigned char)
                0x00000000c002329a                PCI::getRevisionID(unsigned char, unsigned char, unsigned char)
                0x00000000c00232bc                PCI::getInterruptNumber(unsigned char, unsigned char, unsigned char)
                0x00000000c00232de                PCI::getSecondaryBus(unsigned char, unsigned char, unsigned char)
                0x00000000c0023302                PCI::getBARAddress(unsigned char, unsigned char, unsigned char, unsigned char)
                0x00000000c0023362                PCI::pciWriteWord(unsigned char, unsigned char, unsigned char, unsigned char, unsigned short)
                0x00000000c00233ce                PCI::pciDetailsToFilepath(PCIDeviceInfo)
                0x00000000c00233d2                PCI::checkBus(unsigned char)
                0x00000000c00233f6                PCI::foundDevice(PCIDeviceInfo)
                0x00000000c002357e                PCI::getDeviceData(unsigned char, unsigned char, unsigned char)
                0x00000000c002372a                PCI::checkDevice(unsigned char, unsigned char)
                0x00000000c0023796                PCI::detect()
 *fill*         0x00000000c00237e9        0x1 
 .text          0x00000000c00237ea      0xc70 hw/diskctrl/ide.32
                0x00000000c00237ea                IDE::close(int, int, void*)
                0x00000000c00237ee                IDE::IDE()
                0x00000000c00237ee                IDE::IDE()
                0x00000000c0023822                IDE::prepareInterrupt(unsigned char)
                0x00000000c0023834                selectDrive(unsigned char, unsigned char)
                0x00000000c0023836                IDE::getBase(unsigned char)
                0x00000000c0023848                IDE::write(unsigned char, unsigned char, unsigned char)
                0x00000000c0023908                IDE::read(unsigned char, unsigned char)
                0x00000000c00239b6                IDE::waitInterrupt(unsigned char)
                0x00000000c0023a1c                ideChannel0IRQHandler(regs*, void*)
                0x00000000c0023a38                ideChannel1IRQHandler(regs*, void*)
                0x00000000c0023a54                IDE::enableIRQs(unsigned char, bool)
                0x00000000c0023a9a                IDE::open(int, int, void*)
                0x00000000c0023eaa                IDE::readBuffer(unsigned char, unsigned char, unsigned int, unsigned int)
                0x00000000c0023f76                IDE::detect()
                0x00000000c002425e                IDE::printError(unsigned char, unsigned char, unsigned char)
                0x00000000c00243f4                IDE::polling(unsigned char, unsigned int)
 .text          0x00000000c002445a      0x390 hw/diskctrl/satabus.32
                0x00000000c002445a                SATABus::close(int, int, void*)
                0x00000000c002445e                SATABus::detect()
                0x00000000c0024460                SATABus::SATABus()
                0x00000000c0024460                SATABus::SATABus()
                0x00000000c002450c                SATABus::findCmdslot(SATABus::tagHBA_PORT volatile*)
                0x00000000c0024554                SATABus::checkType(SATABus::tagHBA_PORT volatile*)
                0x00000000c002459c                SATABus::startCmd(SATABus::tagHBA_PORT volatile*)
                0x00000000c00245bc                SATABus::stopCmd(SATABus::tagHBA_PORT volatile*)
                0x00000000c00245e6                SATABus::portRebase(SATABus::tagHBA_PORT volatile*, int)
                0x00000000c00246ec                SATABus::probePort(SATABus::tagHBA_MEM volatile*)
                0x00000000c00247ca                SATABus::open(int, int, void*)
 .text          0x00000000c00247ea      0x63c hw/diskphys/ata.32
                0x00000000c00247ea                ATA::close(int, int, void*)
                0x00000000c002480e                ATA::powerSaving(PowerSavingLevel)
                0x00000000c0024810                ATA::ATA()
                0x00000000c0024810                ATA::ATA()
                0x00000000c002483e                ATA::flush(bool)
                0x00000000c0024888                ATA::readyForCommand()
                0x00000000c00248d8                ATA::access(unsigned long long, int, void*, bool)
                0x00000000c0024c60                ATA::read(unsigned long long, int, void*)
                0x00000000c0024cc8                ATA::write(unsigned long long, int, void*)
                0x00000000c0024d30                ATA::detectCHS()
                0x00000000c0024d5a                ATA::open(int, int, void*)
 .text          0x00000000c0024e26      0x5bd hw/diskphys/atapi.32
                0x00000000c0024e26                ATAPI::write(unsigned long long, int, void*)
                0x00000000c0024e2c                ATAPI::close(int, int, void*)
                0x00000000c0024e50                ATAPI::ATAPI()
                0x00000000c0024e50                ATAPI::ATAPI()
                0x00000000c0024e7e                ATAPI::readyForCommand()
                0x00000000c0024ece                ATAPI::sendPacket(unsigned char*, int, bool, unsigned short*, int)
                0x00000000c002518e                ATAPI::diskRemoved()
                0x00000000c00251aa                ATAPI::eject()
                0x00000000c00251f2                ATAPI::diskInserted()
                0x00000000c0025220                ATAPI::detectMedia()
                0x00000000c00252dc                ATAPI::open(int, int, void*)
                0x00000000c0025364                ATAPI::read(unsigned long long, int, void*)
 *fill*         0x00000000c00253e3        0x1 
 .text          0x00000000c00253e4      0x453 hw/diskphys/sata.32
                0x00000000c00253e4                SATA::close(int, int, void*)
                0x00000000c0025408                SATA::powerSaving(PowerSavingLevel)
                0x00000000c002540a                SATA::open(int, int, void*)
                0x00000000c00254b4                SATA::SATA()
                0x00000000c00254b4                SATA::SATA()
                0x00000000c00254e2                SATA::access(unsigned long long, int, void*, bool)
                0x00000000c002574a                SATA::read(unsigned long long, int, void*)
                0x00000000c00257b2                SATA::write(unsigned long long, int, void*)
 *fill*         0x00000000c0025837        0x1 
 .text          0x00000000c0025838      0x500 hw/diskphys/satapi.32
                0x00000000c0025838                SATAPI::write(unsigned long long, int, void*)
                0x00000000c002583e                SATAPI::close(int, int, void*)
                0x00000000c0025862                SATAPI::SATAPI()
                0x00000000c0025862                SATAPI::SATAPI()
                0x00000000c0025890                SATAPI::diskRemoved()
                0x00000000c00258ac                SATAPI::diskInserted()
                0x00000000c00258da                SATAPI::sendPacket(unsigned char*, int, unsigned long long, unsigned short*, int)
                0x00000000c0025ae4                SATAPI::eject()
                0x00000000c0025b2c                SATAPI::detectMedia()
                0x00000000c0025bee                SATAPI::open(int, int, void*)
                0x00000000c0025c96                SATAPI::read(unsigned long long, int, void*)
 .text          0x00000000c0025d38       0x8e hw/fpu/avx.32
                0x00000000c0025d38                AVX::open(int, int, void*)
                0x00000000c0025d4a                AVX::close(int, int, void*)
                0x00000000c0025d5c                AVX::available()
                0x00000000c0025d6e                AVX::save(void*)
                0x00000000c0025d86                AVX::load(void*)
                0x00000000c0025d9e                AVX::AVX()
                0x00000000c0025d9e                AVX::AVX()
 .text          0x00000000c0025dc6       0x90 hw/fpu/mmx.32
                0x00000000c0025dc6                MMX::available()
                0x00000000c0025dda                MMX::open(int, int, void*)
                0x00000000c0025dec                MMX::close(int, int, void*)
                0x00000000c0025dfe                MMX::save(void*)
                0x00000000c0025e16                MMX::load(void*)
                0x00000000c0025e2e                MMX::MMX()
                0x00000000c0025e2e                MMX::MMX()
 .text          0x00000000c0025e56       0x96 hw/fpu/sse.32
                0x00000000c0025e56                SSE::open(int, int, void*)
                0x00000000c0025e68                SSE::close(int, int, void*)
                0x00000000c0025e7a                SSE::available()
                0x00000000c0025e94                SSE::save(void*)
                0x00000000c0025eac                SSE::load(void*)
                0x00000000c0025ec4                SSE::SSE()
                0x00000000c0025ec4                SSE::SSE()
 .text          0x00000000c0025eec       0x8e hw/fpu/x87.32
                0x00000000c0025eec                x87::open(int, int, void*)
                0x00000000c0025efe                x87::close(int, int, void*)
                0x00000000c0025f10                x87::available()
                0x00000000c0025f22                x87::save(void*)
                0x00000000c0025f3a                x87::load(void*)
                0x00000000c0025f52                x87::x87()
                0x00000000c0025f52                x87::x87()
 .text          0x00000000c0025f7a      0x71e hw/intctrl/apic.32
                0x00000000c0025f7a                APIC::disable()
                0x00000000c0025f7c                APIC::close(int, int, void*)
                0x00000000c0025f9e                IOAPIC::close(int, int, void*)
                0x00000000c0025fa4                APIC::io_wait()
                0x00000000c0025faa                APIC::getBase()
                0x00000000c0025fec                APIC::eoi(unsigned char)
                0x00000000c002601a                APIC::open(int, int, void*)
                0x00000000c0026168                IOAPIC::IOAPIC()
                0x00000000c0026168                IOAPIC::IOAPIC()
                0x00000000c0026190                APIC::APIC()
                0x00000000c0026190                APIC::APIC()
                0x00000000c002626c                IOAPIC::handlesGSIWithNumber(unsigned int)
                0x00000000c002629e                IOAPIC::read(int)
                0x00000000c00262c6                IOAPIC::open(int, int, void*)
                0x00000000c00263bc                IOAPIC::write(int, int)
                0x00000000c00263e8                IOAPIC::redirect(unsigned char, unsigned long long, unsigned char, bool, bool)
                0x00000000c00264e2                APIC::installIRQHandler(int, void (*)(regs*, void*), bool, void*)
 .text          0x00000000c0026698      0x3d3 hw/intctrl/pic.32
                0x00000000c0026698                PIC::disable()
                0x00000000c00266c6                PIC::close(int, int, void*)
                0x00000000c00266e8                PIC::PIC()
                0x00000000c00266e8                PIC::PIC()
                0x00000000c00267be                PIC::ioWait()
                0x00000000c00267c4                PIC::getIRQReg(int)
                0x00000000c002682e                PIC::eoi(unsigned char)
                0x00000000c00268c0                PIC::remap()
                0x00000000c0026a2c                PIC::open(int, int, void*)
 *fill*         0x00000000c0026a6b        0x1 
 .text          0x00000000c0026a6c      0x25e hw/timer/apictimer.32
                0x00000000c0026a6c                APICTimer::close(int, int, void*)
                0x00000000c0026a72                apicTimerHandler(regs*, void*)
                0x00000000c0026aa0                APICTimer::write(int)
                0x00000000c0026ba4                APICTimer::open(int, int, void*)
                0x00000000c0026ca2                APICTimer::APICTimer()
                0x00000000c0026ca2                APICTimer::APICTimer()
 .text          0x00000000c0026cca      0x1a7 hw/timer/pit.32
                0x00000000c0026cca                PIT::write(int)
                0x00000000c0026d48                pitHandler(regs*, void*)
                0x00000000c0026d74                PIT::open(int, int, void*)
                0x00000000c0026dc2                PIT::close(int, int, void*)
                0x00000000c0026df2                PIT::PIT()
                0x00000000c0026df2                PIT::PIT()
 *fill*         0x00000000c0026e71        0xf 
 .text          0x00000000c0026e80       0x1e hw/fpu/x86/avx.32
                0x00000000c0026e80                avxDetect
                0x00000000c0026e86                avxSave
                0x00000000c0026e87                avxLoad
                0x00000000c0026e88                avxInit
                0x00000000c0026e89                avxClose
                0x00000000c0026e8a                wouldSheSayYes
 *fill*         0x00000000c0026e9e        0x2 
 .text          0x00000000c0026ea0       0x35 hw/fpu/x86/sse.32
                0x00000000c0026ea0                absolutelyNoChanceInHell
                0x00000000c0026ea0                sseDetect
                0x00000000c0026eb8                sseSave
                0x00000000c0026ebe                sseLoad
                0x00000000c0026ec4                sseInit
                0x00000000c0026ed4                sseClose
 *fill*         0x00000000c0026ed5        0xb 
 .text          0x00000000c0026ee0       0x4d hw/fpu/x86/x87.32
                0x00000000c0026ee6                x87Detect
                0x00000000c0026f01                x87Save
                0x00000000c0026f0a                x87Load
                0x00000000c0026f12                x87Init
                0x00000000c0026f2c                x87Close
 *fill*         0x00000000c0026f2d        0x3 
 .text          0x00000000c0026f30       0x25 /cygdrive/d/Users/Alex/Desktop/Toolchain/Output/bin/../lib/gcc/i386-banana/8.1.0/crtend.o
 .text          0x00000000c0026f55        0x0 crtn.32
 *fill*         0x00000000c0026f55        0x3 
 .text          0x00000000c0026f58      0x14b /cygdrive/d/Users/Alex/Desktop/Toolchain/Output/bin/../lib/gcc/i386-banana/8.1.0/libkgcc.a(_divdi3.o)
                0x00000000c0026f58                __divdi3
 *fill*         0x00000000c00270a3        0x1 
 .text          0x00000000c00270a4      0x17e /cygdrive/d/Users/Alex/Desktop/Toolchain/Output/bin/../lib/gcc/i386-banana/8.1.0/libkgcc.a(_moddi3.o)
                0x00000000c00270a4                __moddi3
 *fill*         0x00000000c0027222        0x2 
 .text          0x00000000c0027224       0xff /cygdrive/d/Users/Alex/Desktop/Toolchain/Output/bin/../lib/gcc/i386-banana/8.1.0/libkgcc.a(_udivdi3.o)
                0x00000000c0027224                __udivdi3