Archive member included to satisfy reference by file (symbol)

/cygdrive/d/Users/Alex/Desktop/Toolchain/Output/bin/../lib/gcc/i386-banana/8.1.0/libkgcc.a(_divdi3.o)
                              fs/fat/ff.32 (__divdi3)
/cygdrive/d/Users/Alex/Desktop/Toolchain/Output/bin/../lib/gcc/i386-banana/8.1.0/libkgcc.a(_moddi3.o)
                              compat/resolve.32 (__moddi3)
/cygdrive/d/Users/Alex/Desktop/Toolchain/Output/bin/../lib/gcc/i386-banana/8.1.0/libkgcc.a(_udivdi3.o)
                              fs/fat/ff.32 (__udivdi3)
/cygdrive/d/Users/Alex/Desktop/Toolchain/Output/bin/../lib/gcc/i386-banana/8.1.0/libkgcc.a(_umoddi3.o)
                              compat/resolve.32 (__umoddi3)
D:/Users/Alex/Desktop/Banana/kernel/libsoftfp.a(sfieeelib.o)
                              hal/sound/sndhw.32 (__addsf3)
D:/Users/Alex/Desktop/Banana/kernel/libsoftfp.a(dfieeelib.o)
                              hal/libresample/src_linear.32 (__adddf3)
D:/Users/Alex/Desktop/Banana/kernel/libsoftfp.a(sfdfcvt.o)
                              hal/libresample/samplerate.32 (__truncdfsf2)
D:/Users/Alex/Desktop/Banana/kernel/libk/libm32.a(s_fabs.c.o)
                              hal/libresample/samplerate.32 (fabs)
D:/Users/Alex/Desktop/Banana/kernel/libk/libm32.a(s_lrint.S.o)
                              hal/libresample/samplerate.32 (lrint)
D:/Users/Alex/Desktop/Banana/kernel/libk/libm32.a(s_lrintf.S.o)
                              hal/sound/sndhw.32 (lrintf)

Discarded input sections

 .comment       0x0000000000000000       0x12 /cygdrive/d/Users/Alex/Desktop/Toolchain/Output/bin/../lib/gcc/i386-banana/8.1.0/crtbegin.o
 .comment       0x0000000000000000       0x12 acpica/utclib.32
 .comment       0x0000000000000000       0x12 core/malloc.32
 .comment       0x0000000000000000       0x12 libk/string.32
 .comment       0x0000000000000000       0x12 fs/fat/diskio.32
 .comment       0x0000000000000000       0x12 fs/fat/ff.32
 .comment       0x0000000000000000       0x12 fs/fat/ffsystem.32
 .comment       0x0000000000000000       0x12 fs/fat/ffunicode.32
 .comment       0x0000000000000000       0x12 hal/libresample/samplerate.32
 .comment       0x0000000000000000       0x12 hal/libresample/src_linear.32
 .comment       0x0000000000000000       0x12 hal/libresample/src_sinc.32
 .comment       0x0000000000000000       0x12 hal/libresample/src_zoh.32
 .comment       0x0000000000000000       0x12 compat/inlines.32
 .comment       0x0000000000000000       0x12 compat/resolve.32
 .group         0x0000000000000000       0x14 core/computer.32
 .group         0x0000000000000000        0xc core/computer.32
 .comment       0x0000000000000000       0x12 core/computer.32
 .comment       0x0000000000000000       0x12 core/gdt.32
 .group         0x0000000000000000        0xc core/idle.32
 .comment       0x0000000000000000       0x12 core/idle.32
 .comment       0x0000000000000000       0x12 core/idt.32
 .comment       0x0000000000000000       0x12 core/kheap.32
 .comment       0x0000000000000000       0x12 core/main.32
 .comment       0x0000000000000000       0x12 core/physmgr.32
 .group         0x0000000000000000        0xc core/pipe.32
 .comment       0x0000000000000000       0x12 core/pipe.32
 .group         0x0000000000000000        0xc core/terminal.32
 .comment       0x0000000000000000       0x12 core/terminal.32
 .comment       0x0000000000000000       0x12 core/tss.32
 .group         0x0000000000000000        0x8 core/unixfile.32
 .group         0x0000000000000000        0xc core/unixfile.32
 .group         0x0000000000000000        0xc core/unixfile.32
 .group         0x0000000000000000        0x8 core/unixfile.32
 .group         0x0000000000000000        0xc core/unixfile.32
 .group         0x0000000000000000        0x8 core/unixfile.32
 .group         0x0000000000000000        0xc core/unixfile.32
 .group         0x0000000000000000        0xc core/unixfile.32
 .comment       0x0000000000000000       0x12 core/unixfile.32
 .comment       0x0000000000000000       0x12 core/virtmgr.32
 .comment       0x0000000000000000       0x12 coreobjs/c++.32
 .comment       0x0000000000000000       0x12 dbg/kconsole.32
 .group         0x0000000000000000        0xc fs/vfs.32
 .group         0x0000000000000000        0xc fs/vfs.32
 .group         0x0000000000000000        0xc fs/vfs.32
 .comment       0x0000000000000000       0x12 fs/vfs.32
 .group         0x0000000000000000        0xc hal/bus.32
 .comment       0x0000000000000000       0x12 hal/bus.32
 .group         0x0000000000000000        0xc hal/buzzer.32
 .comment       0x0000000000000000       0x12 hal/buzzer.32
 .group         0x0000000000000000        0xc hal/clock.32
 .comment       0x0000000000000000       0x12 hal/clock.32
 .group         0x0000000000000000       0x14 hal/device.32
 .group         0x0000000000000000        0xc hal/device.32
 .group         0x0000000000000000        0xc hal/device.32
 .group         0x0000000000000000        0xc hal/device.32
[...]
Memory Configuration

Name             Origin             Length             Attributes
*default*        0x0000000000000000 0xffffffffffffffff

Linker script and memory map

LOAD D:/Users/Alex/Desktop/Banana/kernel/boot.32
LOAD crti.32
LOAD /cygdrive/d/Users/Alex/Desktop/Toolchain/Output/bin/../lib/gcc/i386-banana/8.1.0/crtbegin.o
LOAD D:/Users/Alex/Desktop/Banana/kernel/morenasm.32
LOAD acpica/utclib.32
LOAD core/malloc.32
LOAD libk/string.32
LOAD fs/fat/diskio.32
LOAD fs/fat/ff.32
LOAD fs/fat/ffsystem.32
LOAD fs/fat/ffunicode.32
LOAD hal/libresample/samplerate.32
LOAD hal/libresample/src_linear.32
LOAD hal/libresample/src_sinc.32
LOAD hal/libresample/src_zoh.32
LOAD compat/inlines.32
LOAD compat/resolve.32
LOAD core/computer.32
LOAD core/gdt.32
LOAD core/idle.32
LOAD core/idt.32
LOAD core/kheap.32
LOAD core/main.32
LOAD core/physmgr.32
LOAD core/pipe.32
LOAD core/terminal.32
LOAD core/tss.32
LOAD core/unixfile.32
LOAD core/virtmgr.32
LOAD coreobjs/c++.32
LOAD dbg/kconsole.32
LOAD fs/vfs.32
LOAD hal/bus.32
LOAD hal/buzzer.32
LOAD hal/clock.32
LOAD hal/device.32
LOAD hal/diskctrl.32
LOAD hal/diskphys.32
LOAD hal/fpu.32
LOAD hal/intctrl.32
LOAD hal/keybrd.32
LOAD hal/logidisk.32
LOAD hal/mouse.32
LOAD hal/partition.32
LOAD hal/serial.32
LOAD hal/timer.32
LOAD hal/vcache.32
LOAD hal/video.32
LOAD hw/acpi.32
LOAD hw/cpu.32
LOAD hw/ports.32
LOAD hw/smp.32
LOAD krnl/env.32
LOAD krnl/panic.32
LOAD net/ethernet.32
LOAD reg/registry.32
LOAD sys/sc_eject.32
LOAD sys/sc_exit.32
LOAD sys/sc_getcwd.32
LOAD sys/sc_getpid.32
LOAD sys/sc_getramdata.32
LOAD sys/sc_loaddll.32
LOAD sys/sc_read.32
LOAD sys/sc_sbrk.32
LOAD sys/sc_setcwd.32
LOAD sys/sc_settime.32
LOAD sys/sc_timezone.32
LOAD sys/sc_write.32
LOAD sys/sc_wsbe.32
LOAD sys/sc_yield.32
LOAD sys/syscalls.32
LOAD thr/elf.32
LOAD thr/prcssthr.32
LOAD vm86/vm8086.32
LOAD vm86/x87em.32
LOAD fs/fat/vfslink.32
LOAD fs/iso9660/vfslink.32
LOAD hal/sound/sndchannel.32
LOAD hal/sound/sndhw.32
LOAD hw/bus/isa.32
LOAD hw/bus/pci.32
LOAD hw/diskctrl/ide.32
LOAD hw/diskctrl/satabus.32
LOAD hw/diskphys/ata.32
LOAD hw/diskphys/atapi.32
LOAD hw/diskphys/sata.32
LOAD hw/diskphys/satapi.32
LOAD hw/fpu/avx.32
LOAD hw/fpu/mmx.32
LOAD hw/fpu/sse.32
LOAD hw/fpu/x87.32
LOAD hw/intctrl/apic.32
LOAD hw/intctrl/pic.32
LOAD hw/timer/apictimer.32
LOAD hw/timer/pit.32
LOAD hw/fpu/x86/avx.32
LOAD hw/fpu/x86/sse.32
LOAD hw/fpu/x86/x87.32
LOAD /cygdrive/d/Users/Alex/Desktop/Toolchain/Output/bin/../lib/gcc/i386-banana/8.1.0/crtend.o
LOAD crtn.32
LOAD /cygdrive/d/Users/Alex/Desktop/Toolchain/Output/bin/../lib/gcc/i386-banana/8.1.0/libkgcc.a
LOAD D:/Users/Alex/Desktop/Banana/kernel/libsoftfp.a
LOAD D:/Users/Alex/Desktop/Banana/kernel/libk/libm32.a
                0x00000000c0000000                . = 0xc0000000

.text           0x00000000c0000000    0x28638
 *(.text)
 .text          0x00000000c0000000       0x41 D:/Users/Alex/Desktop/Banana/kernel/boot.32
                0x00000000c0000020                callGlobalConstructors
 .text          0x00000000c0000041        0x0 crti.32
 *fill*         0x00000000c0000041        0x3 
 .text          0x00000000c0000044      0x101 /cygdrive/d/Users/Alex/Desktop/Toolchain/Output/bin/../lib/gcc/i386-banana/8.1.0/crtbegin.o
 *fill*         0x00000000c0000145        0xb 
 .text          0x00000000c0000150      0x4ed D:/Users/Alex/Desktop/Banana/kernel/morenasm.32
                0x00000000c0000150                manualPCIProbe
                0x00000000c000019b                prepareTramp
                0x00000000c00001b4                voodooXADD
                0x00000000c000027f                doTPAUSE
                0x00000000c0000289                hasLegacyFPU
                0x00000000c00002ae                is486
                0x00000000c00002e4                detectCPUID
                0x00000000c00002fa                goToVM86
                0x00000000c000032a                goToUsermode
                0x00000000c0000354                switchToThreadASMFirstTime
                0x00000000c0000362                switchToThreadASM
                0x00000000c00003ea                asmQuickAcquireLock
                0x00000000c0000408                asmQuickReleaseLock
                0x00000000c0000414                asmAcquireLock
                0x00000000c0000435                asmReleaseLock
                0x00000000c0000448                loadGDT
                0x00000000c0000468                isr0
                0x00000000c0000478                isr1
                0x00000000c0000482                isr2
                0x00000000c000048c                isr3
                0x00000000c0000496                isr4
                0x00000000c00004a0                isr5
                0x00000000c00004aa                isr6
                0x00000000c00004b4                isr7
                0x00000000c00004be                isr8
                0x00000000c00004c6                isr9
                0x00000000c00004d0                isr10
                0x00000000c00004d8                isr11
                0x00000000c00004e0                isr12
                0x00000000c00004e8                isr13
                0x00000000c00004f0                isr14
                0x00000000c00004f8                isr15
                0x00000000c0000502                isr16
                0x00000000c000050c                isr17
                0x00000000c0000516                isr18
                0x00000000c0000520                irq3
                0x00000000c000052a                irq4
                0x00000000c0000534                irq5
                0x00000000c000053e                irq6
                0x00000000c0000548                irq7
                0x00000000c0000552                irq8
                0x00000000c000055c                irq9
                0x00000000c0000566                irq10
                0x00000000c0000570                irq11
                0x00000000c000057a                irq12
                0x00000000c0000584                irq13
                0x00000000c000058e                irq14
                0x00000000c0000598                irq15
                0x00000000c00005a2                irq1
                0x00000000c00005a9                irq2
                0x00000000c00005b0                isr96
                0x00000000c00005b7                irq0
                0x00000000c00005bc                int_common_stub
                0x00000000c00005bc                syscall_common_stub
                0x00000000c00005ed                irq16
                0x00000000c00005f7                irq17
                0x00000000c0000601                irq18
                0x00000000c000060b                irq19
                0x00000000c0000615                irq20
                0x00000000c000061f                irq21
                0x00000000c0000629                irq22
                0x00000000c0000633                irq23
 *fill*         0x00000000c000063d        0x3 
 .text          0x00000000c0000640      0x611 acpica/utclib.32
                0x00000000c0000640                memcmp
                0x00000000c000067c                memmove
                0x00000000c0000744                memcpy
                0x00000000c0000778                memset
                0x00000000c0000794                strlen
                0x00000000c00007ac                strpbrk
                0x00000000c00007e8                strtok
                0x00000000c0000834                strcpy
                0x00000000c0000858                strncpy
                0x00000000c00008c0                strcmp
                0x00000000c0000900                strchr
                0x00000000c0000924                strncmp
                0x00000000c0000974                strcat
                0x00000000c00009a4                strncat
                0x00000000c00009e0                strstr
                0x00000000c0000a28                toupper
                0x00000000c0000a3c                tolower
                0x00000000c0000a50                simple_strtoul
 .text          0x00000000c0000c51      0xfbf core/malloc.32
                0x00000000c0000dbc                dlfree
                0x00000000c0001117                dlmalloc
                0x00000000c0001654                dlrealloc
                0x00000000c0001809                dlmemalign
                0x00000000c000192c                dlcalloc
                0x00000000c00019c6                dlcfree
                0x00000000c00019cb                dlindependent_calloc
                0x00000000c00019f0                dlindependent_comalloc
                0x00000000c0001a07                dlvalloc
                0x00000000c0001a32                dlpvalloc
                0x00000000c0001a68                dlmalloc_trim
                0x00000000c0001a75                dlmalloc_usable_size
                0x00000000c0001aa6                dlmallinfo
                0x00000000c0001b75                dlmalloc_stats
                0x00000000c0001b86                dlmallopt
 .text          0x00000000c0001c10        0x0 libk/string.32
 .text          0x00000000c0001c10       0x51 fs/fat/diskio.32
                0x00000000c0001c10                disk_status
                0x00000000c0001c13                disk_initialize
                0x00000000c0001c16                disk_read
                0x00000000c0001c2c                disk_write
                0x00000000c0001c42                disk_ioctl
 .text          0x00000000c0001c61     0x6833 fs/fat/ff.32
                0x00000000c0004f2f                f_mount
                0x00000000c0004f91                f_open
                0x00000000c00053cd                f_read
                0x00000000c000564d                f_write
                0x00000000c0005907                f_sync
                0x00000000c0005ae3                f_close
                0x00000000c0005b12                f_lseek
                0x00000000c0005fc9                f_opendir
                0x00000000c00060cb                f_closedir
                0x00000000c00060ed                f_readdir
                0x00000000c0006188                f_stat
                0x00000000c0006217                f_getfree
                0x00000000c00063e2                f_truncate
                0x00000000c00064da                f_unlink
                0x00000000c000665d                f_mkdir
                0x00000000c0006889                f_rename
                0x00000000c0006b7c                f_chmod
                0x00000000c0006c5a                f_utime
                0x00000000c0006d38                f_getlabel
                0x00000000c0006f26                f_setlabel
                0x00000000c0007193                f_forward
                0x00000000c0007371                f_mkfs
 .text          0x00000000c0008494       0x2d fs/fat/ffsystem.32
                0x00000000c0008494                ff_memalloc
                0x00000000c00084aa                ff_memfree
 .text          0x00000000c00084c1      0x253 fs/fat/ffunicode.32
                0x00000000c00084c1                ff_uni2oem
                0x00000000c0008551                ff_oem2uni
                0x00000000c00085bd                ff_wtoupper
 .text          0x00000000c0008714      0x8fb hal/libresample/samplerate.32
                0x00000000c0008758                src_delete
                0x00000000c0008794                src_process
                0x00000000c000894a                src_callback_read
                0x00000000c0008ac7                src_set_ratio
                0x00000000c0008b31                src_get_channels
                0x00000000c0008b53                src_reset
                0x00000000c0008b9f                src_new
                0x00000000c0008c2d                src_callback_new
                0x00000000c0008c8f                src_get_name
                0x00000000c0008cc6                src_get_description
                0x00000000c0008cfd                src_get_version
                0x00000000c0008d03                src_is_valid_ratio
                0x00000000c0008d57                src_error
                0x00000000c0008d65                src_strerror
                0x00000000c0008d78                src_simple
                0x00000000c0008dcb                src_short_to_float_array
                0x00000000c0008e30                src_float_to_short_array
                0x00000000c0008eef                src_int_to_float_array
                0x00000000c0008f52                src_float_to_int_array
 .text          0x00000000c000900f      0x8cb hal/libresample/src_linear.32
                0x00000000c0009835                linear_get_name
                0x00000000c0009844                linear_get_description
                0x00000000c0009853                linear_set_converter
 .text          0x00000000c00098da     0x447c hal/libresample/src_sinc.32
                0x00000000c000dc6d                sinc_get_name
                0x00000000c000dc80                sinc_get_description
                0x00000000c000dc93                sinc_set_converter
 .text          0x00000000c000dd56      0x77c hal/libresample/src_zoh.32
                0x00000000c000e42d                zoh_get_name
                0x00000000c000e43c                zoh_get_description
                0x00000000c000e44b                zoh_set_converter
 .text          0x00000000c000e4d2       0x23 compat/inlines.32
                0x00000000c000e4d2                CPU::current()
                0x00000000c000e4df                operator new(unsigned long)
 .text          0x00000000c000e4f5      0x111 compat/resolve.32
                0x00000000c000e4f5                Krnl::resolveCompatibilitySymbol(char*)
 .text          0x00000000c000e606      0xa17 core/computer.32
                0x00000000c000e606                Computer::close(int, int, void*)
                0x00000000c000e64a                Krnl::firstTask()
                0x00000000c000e73a                Computer::Computer()
                0x00000000c000e73a                Computer::Computer()
                0x00000000c000e896                Computer::setBootMessage(char const*)
                0x00000000c000e898                Computer::detectFeatures()
                0x00000000c000eaa2                Computer::displayFeatures()
                0x00000000c000ede8                Computer::rdmsr(unsigned int)
                0x00000000c000ee14                Computer::wrmsr(unsigned int, unsigned long long)
                0x00000000c000ee4c                Computer::nmiEnabled()
                0x00000000c000ee58                Computer::readCMOS(unsigned char)
                0x00000000c000ee72                Computer::enableNMI(bool)
                0x00000000c000ee8a                Computer::open(int, int, void*)
                0x00000000c000ef60                Computer::disableNMI()
                0x00000000c000ef6e                Computer::writeCMOS(unsigned char, unsigned char)
                0x00000000c000ef8c                Computer::handleNMI()
                0x00000000c000eff2                Computer::setDiskActivityLight(int, bool)
 *fill*         0x00000000c000f01d        0x1 
 .text          0x00000000c000f01e      0x1b7 core/gdt.32
                0x00000000c000f01e                GDTEntry::setBase(unsigned int)
                0x00000000c000f03a                GDTEntry::setLimit(unsigned int)
                0x00000000c000f058                GDT::GDT()
                0x00000000c000f058                GDT::GDT()
                0x00000000c000f06e                GDT::addEntry(GDTEntry)
                0x00000000c000f0aa                GDT::getNumberOfEntries()
                0x00000000c000f0b2                GDT::flush()
                0x00000000c000f0d4                GDT::setup()
 .text          0x00000000c000f1d5       0x62 core/idle.32
                0x00000000c000f1d5                idleFunction(void*)
 *fill*         0x00000000c000f237        0x1 
 .text          0x00000000c000f238      0x45f core/idt.32
                0x00000000c000f238                IDTEntry::IDTEntry(bool)
                0x00000000c000f238                IDTEntry::IDTEntry(bool)
                0x00000000c000f2a6                IDTEntry::setOffset(unsigned int)
                0x00000000c000f2ba                IDT::IDT()
                0x00000000c000f2ba                IDT::IDT()
                0x00000000c000f2bc                IDT::getPointerToInvalidOpcodeEntryForF00F()
                0x00000000c000f2c4                IDT::addEntry(IDTEntry, int)
                0x00000000c000f2de                IDT::addEntry(int, void (*)(), bool)
                0x00000000c000f316                IDT::flush()
                0x00000000c000f330                IDT::setup()
 .text          0x00000000c000f697      0x203 core/kheap.32
                0x00000000c000f697                sbrk
                0x00000000c000f7a5                mmap
                0x00000000c000f7bb                munmap
                0x00000000c000f7d1                liballoc_lock()
                0x00000000c000f7e2                liballoc_unlock()
                0x00000000c000f7f3                liballoc_alloc(int)
                0x00000000c000f80e                liballoc_free(void*, int)
                0x00000000c000f82c                realloc
                0x00000000c000f840                malloc
                0x00000000c000f850                free
                0x00000000c000f860                rfree
                0x00000000c000f870                calloc
 .text          0x00000000c000f89a      0x485 core/main.32
                0x00000000c000f89a                hwTextMode_loadInData(VgaText*)
                0x00000000c000f8e5                hwTextMode_loadInTitle(VgaText*, char*)
                0x00000000c000f963                hwTextMode_showCursor(VgaText*, bool)
                0x00000000c000f9c1                hwTextMode_update(VgaText*)
                0x00000000c000f9c2                hwTextMode_updateCursor(VgaText*)
                0x00000000c000fa13                hwTextMode_disableBlink(VgaText*, bool)
                0x00000000c000fa59                hwTextMode_scrollScreen(VgaText*)
                0x00000000c000fb06                hwTextMode_writeCharacter(VgaText*, char, VgaColour, VgaColour, int, int)
                0x00000000c000fb88                setupTextMode()
                0x00000000c000fbf8                kernel_main
 .text          0x00000000c000fd1f      0x5cb core/physmgr.32
                0x00000000c000fd1f                Phys::allocateDMA(unsigned long)
                0x00000000c000fdc2                Phys::freeDMA(unsigned long, unsigned long)
                0x00000000c000fe0a                Phys::setPageState(unsigned long, bool)
                0x00000000c000fe3c                Phys::getPageState(unsigned long)
                0x00000000c000fe58                Phys::freePage(unsigned long)
                0x00000000c000fee2                Phys::allocatePage()
                0x00000000c0010028                Phys::allocateContiguousPages(int)
                0x00000000c0010082                Phys::allowSegmentToBeUsed(unsigned long, unsigned long)
                0x00000000c00100ba                Phys::physicalMemorySetup(unsigned int)
 .text          0x00000000c00102ea      0x273 core/pipe.32
                0x00000000c00102ea                Pipe::isAtty()
                0x00000000c00102ee                Pipe::~Pipe()
                0x00000000c00102ee                Pipe::~Pipe()
                0x00000000c0010312                Pipe::~Pipe()
                0x00000000c001033a                Pipe::read(unsigned long long, void*, int*)
                0x00000000c001042e                Pipe::write(unsigned long long, void*, int*)
                0x00000000c00104f6                Pipe::Pipe(int)
                0x00000000c00104f6                Pipe::Pipe(int)
 *fill*         0x00000000c001055d        0x1 
 .text          0x00000000c001055e      0xf73 core/terminal.32
                0x00000000c001055e                VgaText::isAtty()
                0x00000000c0010562                VgaText::~VgaText()
                0x00000000c0010562                VgaText::~VgaText()
                0x00000000c0010586                VgaText::~VgaText()
                0x00000000c00105b0                VgaText::read(unsigned long long, void*, int*)
                0x00000000c00105d0                setTerminalScrollLock(bool)
                0x00000000c00105d1                addToTerminalCycle(VgaText*)
                0x00000000c00105fe                installVgaTextImplementation()
                0x00000000c0010613                scrollTerminalScrollLock(int)
                0x00000000c0010614                VgaText::load()
                0x00000000c0010668                VgaText::updateCursor()
                0x00000000c0010682                VgaText::showCursor(bool)
                0x00000000c0010692                VgaText::disableBlink(bool)
                0x00000000c00106cc                VgaText::doANSI_SGR(int)
                0x00000000c0010758                VgaText::setDefaultBgColour(VgaColour)
                0x00000000c001076e                VgaText::setDefaultFgColour(VgaColour)
                0x00000000c0010784                VgaText::setDefaultColours(VgaColour, VgaColour)
                0x00000000c00107a4                VgaText::combineColours(unsigned char, unsigned char)
                0x00000000c00107b6                VgaText::scrollScreen()
                0x00000000c001084a                VgaText::combineCharAndColour(char, unsigned char)
                0x00000000c001085c                VgaText::writeCharacter(char, VgaColour, VgaColour, int, int)
                0x00000000c00108bc                VgaText::getCursorX()
                0x00000000c00108c8                VgaText::getCursorY()
                0x00000000c00108d4                VgaText::setCursor(int, int)
                0x00000000c00108f2                VgaText::setCursorX(int)
                0x00000000c001090e                VgaText::setCursorY(int)
                0x00000000c001092a                VgaText::incrementCursor(bool)
                0x00000000c0010992                VgaText::updateRAMUsageDisplay(int)
                0x00000000c00109f6                VgaText::updateDiskUsage()
                0x00000000c0010b60                VgaText::updateTitle()
                0x00000000c0010ba6                VgaText::setTitleTextColour(VgaColour)
                0x00000000c0010bb6                VgaText::setTitleColour(VgaColour)
                0x00000000c0010bc6                VgaText::setTitle(char*)
                0x00000000c0010bec                VgaText::decrementCursor(bool)
                0x00000000c0010c14                VgaText::putchar(char, VgaColour, VgaColour)
                0x00000000c0010d10                VgaText::isShowingCursor()
                0x00000000c0010d1c                VgaText::isBlinkDisabled()
                0x00000000c0010d2a                VgaText::setCursorHeight(int)
                0x00000000c0010d48                VgaText::getCursorHeight()
                0x00000000c0010d53                setActiveTerminal(VgaText*)
                0x00000000c0010e05                doTerminalCycle()
                0x00000000c0010e22                VgaText::doUpdate()
                0x00000000c0010e34                VgaText::puts(char const*, VgaColour, VgaColour)
                0x00000000c0010ff4                VgaText::clearScreen()
                0x00000000c0011058                VgaText::putchar(char)
                0x00000000c0011172                VgaText::puts(char const*)
                0x00000000c0011198                VgaText::putx(unsigned int)
                0x00000000c00111de                VgaText::VgaText(char const*)
                0x00000000c00111de                VgaText::VgaText(char const*)
                0x00000000c0011370                VgaText::receiveKey(unsigned char)
                0x00000000c0011458                VgaText::write(unsigned long long, void*, int*)
                0x00000000c00114ac                newTerminal(char*)
 *fill*         0x00000000c00114d1        0x1 
 .text          0x00000000c00114d2      0x1b3 core/tss.32
                0x00000000c00114d2                TSS::TSS()
                0x00000000c00114d2                TSS::TSS()
                0x00000000c00114e0                TSS::setESP(unsigned long)
                0x00000000c00114f2                TSS::flush()
                0x00000000c0011512                TSS::setup(unsigned long, unsigned long)
 *fill*         0x00000000c0011685        0x1 
 .text          0x00000000c0011686      0x4c2 core/unixfile.32
                0x00000000c0011686                ReservedFilename::read(unsigned long long, void*, int*)
                0x00000000c00116dc                ReservedFilename::isAtty()
                0x00000000c00116f8                ReservedFilename::write(unsigned long long, void*, int*)
                0x00000000c0011756                UnixFile::getFileDescriptor()
                0x00000000c001175e                UnixFile::UnixFile(int)
                0x00000000c001175e                UnixFile::UnixFile(int)
                0x00000000c001190e                ReservedFilename::ReservedFilename(int)
                0x00000000c001190e                ReservedFilename::ReservedFilename(int)
                0x00000000c0011940                UnixFile::~UnixFile()
                0x00000000c0011940                UnixFile::~UnixFile()
                0x00000000c00119d8                UnixFile::~UnixFile()
                0x00000000c0011a00                ReservedFilename::~ReservedFilename()
                0x00000000c0011a00                ReservedFilename::~ReservedFilename()
                0x00000000c0011a24                ReservedFilename::~ReservedFilename()
                0x00000000c0011a4b                getFromFileDescriptor(int)
 .text          0x00000000c0011b48     0x1292 core/virtmgr.32
                0x00000000c0011b48                Virt::setPageState(unsigned long, Virt::VirtPageState)
                0x00000000c0011b7d                Virt::getPageState(unsigned long)
                0x00000000c0011ba1                Virt::allocateKernelVirtualPages(int)
                0x00000000c0011cb2                Virt::freeSwapfilePage(unsigned long)
                0x00000000c0011cd0                Virt::swapIDToSector(unsigned long)
                0x00000000c0011ce2                Virt::allocateSwapfilePage()
                0x00000000c0011d60                Virt::virtualMemorySetup()
                0x00000000c0011ddf                Virt::swappingSetup()
                0x00000000c0011e3c                Virt::getAKernelVAS()
                0x00000000c0011e42                Virt::setupPageSwapping(int)
                0x00000000c0011f72                VAS::VAS()
                0x00000000c0011f72                VAS::VAS()
                0x00000000c0011fa2                VAS::VAS(VAS*)
                0x00000000c0011fa2                VAS::VAS(VAS*)
                0x00000000c0011fc6                VAS::getForeignPageTableEntry(bool, unsigned long)
                0x00000000c0011ff2                VAS::getPageTableEntry(unsigned long)
                0x00000000c0012011                Virt::freeKernelVirtualPages(unsigned long)
                0x00000000c0012134                VAS::freeAllocatedPages(unsigned long)
                0x00000000c0012158                VAS::virtualToPhysical(unsigned long)
                0x00000000c0012170                VAS::reflagRange(unsigned long, int, int, int)
                0x00000000c00121b0                VAS::setToWriteCombining(unsigned long, int)
                0x00000000c00121e2                VAS::mapOtherVASIn(bool, VAS*)
                0x00000000c001220c                VAS::~VAS()
                0x00000000c001220c                VAS::~VAS()
                0x00000000c0012378                VAS::mapPage(unsigned long, unsigned long, int)
                0x00000000c0012478                VAS::allocatePages(int, int)
                0x00000000c0012650                VAS::setCPUSpecific(unsigned long)
                0x00000000c001266c                VAS::mapRange(unsigned long, unsigned long, int, int)
                0x00000000c0012732                VAS::mapForeignPage(bool, VAS*, unsigned long, unsigned long, int)
                0x00000000c0012820                VAS::VAS(bool)
                0x00000000c0012820                VAS::VAS(bool)
                0x00000000c0012a7c                VAS::evict(unsigned long)
                0x00000000c0012b34                VAS::scanForEviction(int, int)
                0x00000000c0012bce                VAS::tryLoadBackOffDisk(unsigned long)
                0x00000000c0012d1e                mapVASFirstTime
 .text          0x00000000c0012dda       0x95 coreobjs/c++.32
                0x00000000c0012dda                __cxa_atexit
                0x00000000c0012ddd                __cxa_finalize
                0x00000000c0012dde                __stack_chk_fail
                0x00000000c0012e4a                __cxa_pure_virtual
                0x00000000c0012e5b                operator new[](unsigned long)
                0x00000000c0012e60                operator delete(void*, unsigned long)
                0x00000000c0012e65                operator delete[](void*)
                0x00000000c0012e6a                operator delete[](void*, unsigned long)
 .text          0x00000000c0012e6f      0x1ef dbg/kconsole.32
                0x00000000c0012e6f                Dbg::stringifyxWithBase(unsigned int, char*, int)
                0x00000000c0012ed0                Dbg::logc(char)
                0x00000000c0012ee7                Dbg::logs(char*)
                0x00000000c0012f04                Dbg::logWriteInt(unsigned int)
                0x00000000c0012f21                Dbg::logWriteIntBase(unsigned int, int)
                0x00000000c0012f40                Dbg::kprintf(char const*, ...)
 .text          0x00000000c001305e      0xb7c fs/vfs.32
                0x00000000c001305e                File::read(unsigned long long, void*, int*)
                0x00000000c00130b6                File::write(unsigned long long, void*, int*)
                0x00000000c001310e                Directory::read(unsigned long long, void*, int*)
                0x00000000c0013166                Directory::write(unsigned long long, void*, int*)
                0x00000000c0013194                File::isAtty()
                0x00000000c0013198                Directory::isAtty()
                0x00000000c001319c                Filesystem::getlabel(LogicalDisk*, int, char*, unsigned int*)
                0x00000000c00131a2                Filesystem::setlabel(LogicalDisk*, int, char*)
                0x00000000c00131a8                File::~File()
                0x00000000c00131a8                File::~File()
                0x00000000c00131cc                File::~File()
                0x00000000c00131f6                Directory::~Directory()
                0x00000000c00131f6                Directory::~Directory()
                0x00000000c001321a                Directory::~Directory()
                0x00000000c0013244                Filesystem::Filesystem()
                0x00000000c0013244                Filesystem::Filesystem()
                0x00000000c0013268                Filesystem::~Filesystem()
                0x00000000c0013268                Filesystem::~Filesystem()
                0x00000000c0013276                Filesystem::~Filesystem()
                0x00000000c001329a                Fs::getcwd(Process*, char*, int)
                0x00000000c00132c4                Fs::initVFS()
                0x00000000c00132ee                Fs::standardiseFiles(char*, char const*, char const*)
                0x00000000c0013498                File::File(char const*, Process*)
                0x00000000c0013498                File::File(char const*, Process*)
                0x00000000c00134fc                File::open(FileOpenMode)
                0x00000000c001355a                File::close()
                0x00000000c00135ba                File::seek(unsigned long long)
                0x00000000c0013610                File::tell(unsigned long long*)
                0x00000000c0013660                File::rewind()
                0x00000000c0013674                File::unlink()
                0x00000000c00136c0                File::rename(char const*)
                0x00000000c001370e                File::chfatattr(unsigned char, unsigned char)
                0x00000000c001376a                File::exists()
                0x00000000c00137a8                File::stat(unsigned long long*, bool*)
                0x00000000c0013809                Fs::setcwd(Process*, char*)
                0x00000000c0013944                Directory::Directory(char const*, Process*)
                0x00000000c0013944                Directory::Directory(char const*, Process*)
                0x00000000c00139a8                Directory::open()
                0x00000000c0013a04                Directory::close()
                0x00000000c0013a64                Directory::unlink()
                0x00000000c0013ab0                Directory::rename(char const*)
                0x00000000c0013afe                Directory::exists()
                0x00000000c0013b3c                Directory::read(dirent*)
                0x00000000c0013b88                Directory::create()
                0x00000000c0013bd4                Filesystem::chfatattr(char const*, unsigned char, unsigned char)
 .text          0x00000000c0013bda       0x84 hal/bus.32
                0x00000000c0013bda                Bus::Bus(char const*)
                0x00000000c0013bda                Bus::Bus(char const*)
                0x00000000c0013c10                Bus::~Bus()
                0x00000000c0013c10                Bus::~Bus()
                0x00000000c0013c34                Bus::~Bus()
 .text          0x00000000c0013c5e      0x14e hal/buzzer.32
                0x00000000c0013c5e                Buzzer::Buzzer(char const*)
                0x00000000c0013c5e                Buzzer::Buzzer(char const*)
                0x00000000c0013ca2                Buzzer::~Buzzer()
                0x00000000c0013ca2                Buzzer::~Buzzer()
                0x00000000c0013cc6                Buzzer::~Buzzer()
                0x00000000c0013cf0                Buzzer::stop()
                0x00000000c0013d03                beepThread(void*)
                0x00000000c0013d3e                Buzzer::beep(int, int, bool)
 .text          0x00000000c0013dac      0x467 hal/clock.32
                0x00000000c0013dac                User::loadClockSettings(int)
                0x00000000c0013dfe                Clock::Clock(char const*)
                0x00000000c0013dfe                Clock::Clock(char const*)
                0x00000000c0013e34                Clock::~Clock()
                0x00000000c0013e34                Clock::~Clock()
                0x00000000c0013e58                Clock::~Clock()
                0x00000000c0013e82                Clock::timeInSecondsLocal()
                0x00000000c0013eca                Clock::setTimeInSecondsLocal(unsigned long long)
                0x00000000c0013f23                datetimeToSeconds(datetime_t)
                0x00000000c001404a                Clock::setTimeInDatetimeLocal(datetime_t)
                0x00000000c00140aa                secondsToDatetime(unsigned long long)
                0x00000000c00141ee                Clock::timeInDatetimeLocal()
 *fill*         0x00000000c0014213        0x1 
 .text          0x00000000c0014214      0x4de hal/device.32
                0x00000000c0014214                Device::hibernate()
                0x00000000c0014216                Device::wake()
                0x00000000c0014218                Device::detect()
                0x00000000c001421a                Device::disableLegacy()
                0x00000000c001421c                Device::powerSaving(PowerSavingLevel)
                0x00000000c001421e                DriverlessDevice::close(int, int, void*)
                0x00000000c0014222                DriverlessDevice::detect()
                0x00000000c0014224                DriverlessDevice::open(int, int, void*)
                0x00000000c0014238                Device::~Device()
                0x00000000c0014238                Device::~Device()
                0x00000000c0014246                Device::~Device()
                0x00000000c001426e                Device::findAndLoadDriver()
                0x00000000c0014270                Device::preOpenPCI(PCIDeviceInfo)
                0x00000000c0014296                Device::preOpenACPI(void*, char*, char*)
                0x00000000c00142ea                Device::addIRQHandler(int, void (*)(regs*, void*), bool, void*)
                0x00000000c0014328                Device::removeIRQHandler(int, void (*)(regs*, void*), bool)
                0x00000000c0014366                Device::addChild(Device*)
                0x00000000c00143aa                Device::removeAllChildren()
                0x00000000c00143f0                Device::hibernateAll()
                0x00000000c0014420                Device::wakeAll()
                0x00000000c0014450                Device::detectAll()
                0x00000000c0014480                Device::disableLegacyAll()
                0x00000000c00144b0                Device::loadDriversForAll()
                0x00000000c00144dc                Device::closeAll()
                0x00000000c0014512                Device::powerSavingAll(PowerSavingLevel)
                0x00000000c0014548                Device::setName(char const*)
                0x00000000c0014556                Device::Device(char const*)
                0x00000000c0014556                Device::Device(char const*)
                0x00000000c0014652                Device::getName()
                0x00000000c001465c                DriverlessDevice::DriverlessDevice(char const*)
                0x00000000c001465c                DriverlessDevice::DriverlessDevice(char const*)
                0x00000000c0014684                Device::addToLinkedList(LinkedList<Device>&, DeviceType)
                0x00000000c00146c8                getDevicesOfType(DeviceType)
 .text          0x00000000c00146f2       0x84 hal/diskctrl.32
                0x00000000c00146f2                HardDiskController::HardDiskController(char const*)
                0x00000000c00146f2                HardDiskController::HardDiskController(char const*)
                0x00000000c0014728                HardDiskController::~HardDiskController()
                0x00000000c0014728                HardDiskController::~HardDiskController()
                0x00000000c001474c                HardDiskController::~HardDiskController()
 .text          0x00000000c0014776       0xf2 hal/diskphys.32
                0x00000000c0014776                PhysicalDisk::eject()
                0x00000000c001478a                PhysicalDisk::PhysicalDisk(char const*, int)
                0x00000000c001478a                PhysicalDisk::PhysicalDisk(char const*, int)
                0x00000000c00147f2                PhysicalDisk::startCache()
                0x00000000c001481a                PhysicalDisk::~PhysicalDisk()
                0x00000000c001481a                PhysicalDisk::~PhysicalDisk()
                0x00000000c001483e                PhysicalDisk::~PhysicalDisk()
 .text          0x00000000c0014868      0x13b hal/fpu.32
                0x00000000c0014868                FPU::FPU(char const*)
                0x00000000c0014868                FPU::FPU(char const*)
                0x00000000c001489e                FPU::~FPU()
                0x00000000c001489e                FPU::~FPU()
                0x00000000c00148c2                FPU::~FPU()
                0x00000000c00148ec                setupFPU()
 *fill*         0x00000000c00149a3        0x1 
 .text          0x00000000c00149a4     0x13a7 hal/intctrl.32
                0x00000000c00149a4                InterruptController::uninstallISRHandler(int, void (*)(regs*, void*))
                0x00000000c00149dc                InterruptController::installISRHandler(int, void (*)(regs*, void*), void*)
                0x00000000c0014a2e                doubleFault(regs*, void*)
                0x00000000c0014a48                InterruptController::installIRQHandler(int, void (*)(regs*, void*), bool, void*)
                0x00000000c0014ae4                InterruptController::clearAllHandlers(int, bool)
                0x00000000c0014b8c                InterruptController::uninstallIRQHandler(int, void (*)(regs*, void*), bool)
                0x00000000c0014c13                nmiHandler(regs*, void*)
                0x00000000c0014c21                int_handler
                0x00000000c0014cc2                InterruptController::InterruptController(char const*)
                0x00000000c0014cc2                InterruptController::InterruptController(char const*)
                0x00000000c0014d68                InterruptController::~InterruptController()
                0x00000000c0014d68                InterruptController::~InterruptController()
                0x00000000c0014d8c                InterruptController::~InterruptController()
                0x00000000c0014db6                displayDebugInfo(regs*)
                0x00000000c0015245                x87EmulHandler(regs*, void*)
                0x00000000c0015274                gpFault(regs*, void*)
                0x00000000c00152ad                pgFault(regs*, void*)
                0x00000000c00152e9                otherISRHandler(regs*, void*)
                0x00000000c0015308                opcodeFault(regs*, void*)
                0x00000000c001590e                displayProgramFault(char const*)
                0x00000000c0015936                setupInterruptController()
                0x00000000c0015cfe                InterruptController::convertLegacyIRQNumber(int)
 *fill*         0x00000000c0015d4b        0x1 
 .text          0x00000000c0015d4c      0x6c8 hal/keybrd.32
                0x00000000c0015d4c                startGUI(void*)
                0x00000000c0015da8                startGUIVESA(void*)
                0x00000000c0015e04                sendKeyToTerminal(unsigned char)
                0x00000000c0015e70                sendKeyboardToken(KeyboardToken)
                0x00000000c00162ad                clearInternalKeybuffer(VgaText*)
                0x00000000c00162e2                readKeyboard(VgaText*, char*, unsigned long)
                0x00000000c001638a                Keyboard::Keyboard(char const*)
                0x00000000c001638a                Keyboard::Keyboard(char const*)
                0x00000000c00163c6                Keyboard::~Keyboard()
                0x00000000c00163c6                Keyboard::~Keyboard()
                0x00000000c00163ea                Keyboard::~Keyboard()
 .text          0x00000000c0016414      0x414 hal/logidisk.32
                0x00000000c0016414                LogicalDisk::close(int, int, void*)
                0x00000000c0016418                LogicalDisk::~LogicalDisk()
                0x00000000c0016418                LogicalDisk::~LogicalDisk()
                0x00000000c001643c                LogicalDisk::~LogicalDisk()
                0x00000000c0016466                LogicalDisk::open(int, int, void*)
                0x00000000c001647a                LogicalDisk::absoluteToRelative(unsigned long long)
                0x00000000c00164b2                LogicalDisk::relativeToAbsolute(unsigned long long)
                0x00000000c00164f8                LogicalDisk::LogicalDisk(char const*, PhysicalDisk*, unsigned long long, unsigned long long)
                0x00000000c00164f8                LogicalDisk::LogicalDisk(char const*, PhysicalDisk*, unsigned long long, unsigned long long)
                0x00000000c00165ae                LogicalDisk::assignDriveLetter()
                0x00000000c0016664                LogicalDisk::mount()
                0x00000000c00166d6                LogicalDisk::unmount()
                0x00000000c00166e6                LogicalDisk::eject()
                0x00000000c00166fa                LogicalDisk::unassignDriveLetter()
                0x00000000c0016750                LogicalDisk::read(unsigned long long, int, void*)
                0x00000000c00167bc                LogicalDisk::write(unsigned long long, int, void*)
 .text          0x00000000c0016828       0x84 hal/mouse.32
                0x00000000c0016828                Mouse::Mouse(char const*)
                0x00000000c0016828                Mouse::Mouse(char const*)
                0x00000000c001685e                Mouse::~Mouse()
                0x00000000c001685e                Mouse::~Mouse()
                0x00000000c0016882                Mouse::~Mouse()
 .text          0x00000000c00168ac      0x34d hal/partition.32
                0x00000000c00168ac                makePartition(PhysicalDisk*, unsigned long long, unsigned long long)
                0x00000000c0016968                createPartitionsForDisk(PhysicalDisk*)
 *fill*         0x00000000c0016bf9        0x1 
 .text          0x00000000c0016bfa       0x84 hal/serial.32
                0x00000000c0016bfa                Serial::Serial(char const*)
                0x00000000c0016bfa                Serial::Serial(char const*)
                0x00000000c0016c30                Serial::~Serial()
                0x00000000c0016c30                Serial::~Serial()
                0x00000000c0016c54                Serial::~Serial()
 .text          0x00000000c0016c7e      0x2b8 hal/timer.32
                0x00000000c0016c7e                Timer::Timer(char const*)
                0x00000000c0016c7e                Timer::Timer(char const*)
                0x00000000c0016cb4                Timer::~Timer()
                0x00000000c0016cb4                Timer::~Timer()
                0x00000000c0016cd8                Timer::~Timer()
                0x00000000c0016d02                Timer::read()
                0x00000000c0016d0d                timerHandler(unsigned long long)
                0x00000000c0016e44                setupTimer(int)
 .text          0x00000000c0016f36      0x425 hal/vcache.32
                0x00000000c0016f36                VCache::VCache(PhysicalDisk*)
                0x00000000c0016f36                VCache::VCache(PhysicalDisk*)
                0x00000000c001709e                VCache::invalidateReadBuffer()
                0x00000000c00170ae                VCache::writeWriteBuffer()
                0x00000000c00170ea                VCache::~VCache()
                0x00000000c00170ea                VCache::~VCache()
                0x00000000c001713e                VCache::~VCache()
                0x00000000c0017166                VCache::write(unsigned long long, int, void*)
                0x00000000c001725c                VCache::read(unsigned long long, int, void*)
 *fill*         0x00000000c001735b        0x1 
 .text          0x00000000c001735c      0x4cd hal/video.32
                0x00000000c001735c                Video::putrect(int, int, int, int, unsigned int)
                0x00000000c00173a8                Video::bitblit(int, int, int, int, int, int, int, unsigned int*)
                0x00000000c0017418                Video::blit(unsigned int*, int, int, int, int)
                0x00000000c0017496                Video::clearScreen(unsigned int)
                0x00000000c00174ca                Video::putpixel(int, int, unsigned int)
                0x00000000c00174d8                Video::Video(char const*)
                0x00000000c00174d8                Video::Video(char const*)
                0x00000000c001750e                Video::~Video()
                0x00000000c001750e                Video::~Video()
                0x00000000c0017532                Video::~Video()
                0x00000000c001755c                Video::isMonochrome()
                0x00000000c0017568                Video::getWidth()
                0x00000000c0017574                Video::getHeight()
                0x00000000c0017580                Video::drawCursor(int, int, unsigned char*, int)
                0x00000000c001763c                Video::tgaParse(unsigned char*, int, int*, int*)
                0x00000000c00177be                Video::putTGA(int, int, unsigned char*, int)
 *fill*         0x00000000c0017829        0x1 
 .text          0x00000000c001782a      0xf64 hw/acpi.32
                0x00000000c001782a                ACPI::close(int, int, void*)
                0x00000000c00178df                findRSDP()
                0x00000000c0017969                loadACPITables(unsigned char*)
                0x00000000c0017b90                findRSDT(unsigned char*)
                0x00000000c0017cae                findDataTable(unsigned char*, char*)
                0x00000000c0017d4a                scanMADT()
                0x00000000c00181d0                ACPI::ACPI()
                0x00000000c00181d0                ACPI::ACPI()
                0x00000000c001823a                ACPI::getPCIIRQAssignment(unsigned char, unsigned short, unsigned char)
                0x00000000c001831c                ACPI::registerPCIIRQAssignment(void*, unsigned short, unsigned char, unsigned char)
                0x00000000c00183e2                ACPI::setScreenBrightnessLevel(void*, int)
                0x00000000c00183e8                ACPI::writeSimpleBootFlag(SimpleBootFlagTable*)
                0x00000000c0018430                ACPI::open(int, int, void*)
                0x00000000c0018776                ACPI::sleep()
 .text          0x00000000c001878e     0x1715 hw/cpu.32
                0x00000000c001878e                CPU::close(int, int, void*)
                0x00000000c0018792                CPU::lookupAMDName(unsigned char, unsigned char)
                0x00000000c0018926                CPU::lookupIntelName(unsigned char, unsigned char)
                0x00000000c0018bd4                CPU::AMD_K6_write_msr(unsigned int, unsigned int, unsigned int, CPU::REGS*)
                0x00000000c0018bf0                CPU::AMD_K6_read_msr(unsigned int, CPU::REGS*)
                0x00000000c0018c08                CPU::AMD_K6_writeback(int, int, int)
                0x00000000c0018c7c                CPU::cpuid(int, unsigned long*, unsigned long*, unsigned long*, unsigned long*)
                0x00000000c0018d00                CPU::cpuidCheckEDX(unsigned int)
                0x00000000c0018d2e                CPU::cpuidCheckECX(unsigned int)
                0x00000000c0018d5c                CPU::cpuidCheckExtendedEBX(unsigned int)
                0x00000000c0018d8a                CPU::cpuidCheckExtendedECX(unsigned int)
                0x00000000c0018db8                CPU::CPU()
                0x00000000c0018db8                CPU::CPU()
                0x00000000c0018e46                CPU::displayFeatures()
                0x00000000c00190c2                CPU::detectFeatures()
                0x00000000c0019ab2                CPU::setupSMEP()
                0x00000000c0019abe                CPU::setupUMIP()
                0x00000000c0019ac8                CPU::setupTSC()
                0x00000000c0019ad2                CPU::setupLargePages()
                0x00000000c0019adc                CPU::setupPAT()
                0x00000000c0019b18                CPU::setupMTRR()
                0x00000000c0019b1a                CPU::setupGlobalPages()
                0x00000000c0019b24                CPU::allowUsermodeDataAccess()
                0x00000000c0019b36                CPU::prohibitUsermodeDataAccess()
                0x00000000c0019b48                CPU::setupSMAP()
                0x00000000c0019b56                CPU::setupFeatures()
                0x00000000c0019bd6                CPU::open(int, int, void*)
                0x00000000c0019ca8                CPU::decodeAddress(regs*, int*, bool*, unsigned char*)
 .text          0x00000000c0019ea3        0x0 hw/ports.32
 .text          0x00000000c0019ea3      0x16a hw/smp.32
                0x00000000c0019ea3                Krnl::smpEntry()
                0x00000000c0019ea5                Krnl::startCPU(int)
                0x00000000c0019fee                Krnl::startCPUs()
 *fill*         0x00000000c001a00d        0x1 
 .text          0x00000000c001a00e      0x5d3 krnl/env.32
                0x00000000c001a00e                EnvVarContainer::getEnv(char const*)
                0x00000000c001a04c                EnvVarContainer::setEnv(char const*, char const*)
                0x00000000c001a118                EnvVarContainer::deleteEnv(char const*)
                0x00000000c001a11a                EnvVarContainer::loadFrom(char const*, char const*)
                0x00000000c001a310                EnvVarContainer::__loadSystem()
                0x00000000c001a32a                EnvVarContainer::__loadUser()
                0x00000000c001a32c                EnvVarContainer::EnvVarContainer(Process*)
                0x00000000c001a32c                EnvVarContainer::EnvVarContainer(Process*)
                0x00000000c001a34e                EnvVarContainer::~EnvVarContainer()
                0x00000000c001a34e                EnvVarContainer::~EnvVarContainer()
                0x00000000c001a37e                Krnl::getEnv(Process*, char const*)
                0x00000000c001a3e3                Krnl::setEnvSystem(char const*, char const*)
                0x00000000c001a3fd                Krnl::setEnvUser(char const*, char const*)
                0x00000000c001a41c                Krnl::setEnvProcess(Process*, char const*, char const*)
                0x00000000c001a42f                Krnl::deleteEnvSystem(char const*)
                0x00000000c001a430                Krnl::deleteEnvUser(char const*)
                0x00000000c001a431                Krnl::deleteEnvProcess(Process*, char const*)
                0x00000000c001a432                Krnl::newProcessEnv(Process*)
                0x00000000c001a454                Krnl::copyProcessEnv(Process*, Process*)
                0x00000000c001a4a8                Krnl::loadSystemEnv()
                0x00000000c001a4d6                Krnl::loadUserEnv()
                0x00000000c001a4fc                Krnl::flushEnv()
                0x00000000c001a4fd                Krnl::getProcessTotalEnvCount(Process*)
                0x00000000c001a51d                Krnl::getProcessEnvPair(Process*, int)
 .text          0x00000000c001a5e1      0x396 krnl/panic.32
                0x00000000c001a5e1                Krnl::panic(char const*)
 .text          0x00000000c001a977      0x3b6 net/ethernet.32
                0x00000000c001a977                Net::switchEndian16(unsigned short)
                0x00000000c001a998                Net::switchEndian32(unsigned int)
                0x00000000c001a9c7                Net::crc32Calc(unsigned char*, int)
                0x00000000c001aa58                Net::wrapEthernetFrame(Net::UnwrappedEthernetFrame, unsigned char*)
                0x00000000c001ab94                Net::unwrapEthernetFrame(unsigned char*, int)
 .text          0x00000000c001ad2d      0x513 reg/registry.32
                0x00000000c001ad2d                Reg::findLineFromLoadedData(char*, char*, char*)
                0x00000000c001ae85                Reg::getLineFromRegistry(char*, char*, char*, char*)
                0x00000000c001afda                Reg::getLine(char*, char*, char*)
                0x00000000c001b011                Reg::readInt(char*, char*, int*)
                0x00000000c001b0fc                Reg::readString(char*, char*, char*, int)
                0x00000000c001b17d                Reg::readBool(char*, char*, bool*)
                0x00000000c001b1a2                Reg::readBoolWithDefault(char*, char*, bool)
                0x00000000c001b1ce                Reg::readIntWithDefault(char*, char*, int)
                0x00000000c001b1fa                Reg::readStringWithDefault(char*, char*, char*, int, char*)
 .text          0x00000000c001b240       0x36 sys/sc_eject.32
                0x00000000c001b240                Sys::eject(regs*)
 .text          0x00000000c001b276       0x18 sys/sc_exit.32
                0x00000000c001b276                Sys::exit(regs*)
 .text          0x00000000c001b28e       0x1f sys/sc_getcwd.32
                0x00000000c001b28e                Sys::getCwd(regs*)
 .text          0x00000000c001b2ad        0xc sys/sc_getpid.32
                0x00000000c001b2ad                Sys::getPID(regs*)
 .text          0x00000000c001b2b9       0x17 sys/sc_getramdata.32
                0x00000000c001b2b9                Sys::getRAMData(regs*)
 .text          0x00000000c001b2d0       0xa8 sys/sc_loaddll.32
                0x00000000c001b2d0                Sys::loadDLL(regs*)
 .text          0x00000000c001b378       0x68 sys/sc_read.32
                0x00000000c001b378                Sys::read(regs*)
 .text          0x00000000c001b3e0       0x55 sys/sc_sbrk.32
                0x00000000c001b3e0                Sys::sbrk(regs*)
 .text          0x00000000c001b435       0x1c sys/sc_setcwd.32
                0x00000000c001b435                Sys::setCwd(regs*)
 .text          0x00000000c001b451      0x128 sys/sc_settime.32
                0x00000000c001b451                Sys::setTime(regs*)
 .text          0x00000000c001b579       0x4a sys/sc_timezone.32
                0x00000000c001b579                Sys::timezone(regs*)
 .text          0x00000000c001b5c3       0x68 sys/sc_write.32
                0x00000000c001b5c3                Sys::write(regs*)
 .text          0x00000000c001b62b       0x62 sys/sc_wsbe.32
                0x00000000c001b62b                Sys::wsbe(regs*)
 .text          0x00000000c001b68d       0x3b sys/sc_yield.32
                0x00000000c001b68d                Sys::yield(regs*)
 .text          0x00000000c001b6c8     0x10e5 sys/syscalls.32
                0x00000000c001b6c8                sysCallSeekDir(regs*)
                0x00000000c001b6cd                sysCallTellDir(regs*)
                0x00000000c001b6d2                sysCallVerify(regs*)
                0x00000000c001b6dc                sysFormatDisk(regs*)
                0x00000000c001b746                sysSetDiskVolumeLabel(regs*)
                0x00000000c001b78c                sysGetDiskVolumeLabel(regs*)
                0x00000000c001b7dd                sysShutdown(regs*)
                0x00000000c001b83b                sysCallRealpath(regs*)
                0x00000000c001b87e                sysCallGetArgc(regs*)
                0x00000000c001b8ac                sysCallReadDir(regs*)
                0x00000000c001b93a                sysCallIsATTY(regs*)
                0x00000000c001b994                sysCallSeek(regs*)
                0x00000000c001b9fd                sysCallTell(regs*)
                0x00000000c001ba7a                sysCallSize(regs*)
                0x00000000c001bafd                sysCallSizeFromFilename(regs*)
                0x00000000c001bbbd                sysCallClose(regs*)
                0x00000000c001bc45                sysCallOpenDir(regs*)
                0x00000000c001bcba                sysCallCloseDir(regs*)
                0x00000000c001bd20                sysCallMakeDir(regs*)
                0x00000000c001bd90                sysCallWait(regs*)
                0x00000000c001bdaa                sysCallNotImpl(regs*)
                0x00000000c001bdc5                sysPanic(regs*)
                0x00000000c001bdeb                sysCallRmdir(regs*)
                0x00000000c001be4f                sysCallUnlink(regs*)
                0x00000000c001beb3                sysCallGetArgv(regs*)
                0x00000000c001beff                sysCallTTYName(regs*)
                0x00000000c001bf82                sysCallUSleep(regs*)
                0x00000000c001bfa9                sysCallSpawn(regs*)
                0x00000000c001c001                sysCallGetEnv(regs*)
                0x00000000c001c139                sysAppSettings(regs*)
                0x00000000c001c258                sysSetFatAttrib(regs*)
                0x00000000c001c2ca                sysPipe(regs*)
                0x00000000c001c30f                sysGetUnixTime(regs*)
                0x00000000c001c323                string_ends_with(char const*, char const*)
                0x00000000c001c36b                sysCallOpen(regs*)
                0x00000000c001c580                Sys::loadSyscalls()
                0x00000000c001c76b                Sys::systemCall(regs*, void*)
 .text          0x00000000c001c7ad     0x11d4 thr/elf.32
                0x00000000c001c7ad                Thr::allocateMemoryForTask(Process*, File*, unsigned long, unsigned long, unsigned long)
                0x00000000c001ca3f                Thr::loadProgramIntoMemory(Process*, char const*)
                0x00000000c001cc55                Thr::runtimeReferenceHelper()
                0x00000000c001cc68                Thr::getAddressOfKernelSymbol(char const*)
                0x00000000c001ccb7                Thr::loadKernelSymbolTable(char const*)
                0x00000000c001cf75                Thr::loadDriverIntoMemory(char const*, unsigned long, bool)
                0x00000000c001d691                Thr::getDriverBaseFromAddress(unsigned long)
                0x00000000c001d6c3                Thr::getDriverNameFromAddress(unsigned long)
                0x00000000c001d6fa                Thr::getDriverOffsetFromAddress(unsigned long)
                0x00000000c001d714                Thr::loadDLL(char const*, bool)
                0x00000000c001d948                Thr::executeDLL(unsigned long, void*)
 *fill*         0x00000000c001d981        0x1 
 .text          0x00000000c001d982     0x1056 thr/prcssthr.32
                0x00000000c001d982                changeTSS
                0x00000000c001d9b2                Process::addArgs(char**)
                0x00000000c001da0c                Process::Process(char const*, Process*, char**)
                0x00000000c001da0c                Process::Process(char const*, Process*, char**)
                0x00000000c001dbf0                Process::Process(bool, char const*, Process*, char**)
                0x00000000c001dbf0                Process::Process(bool, char const*, Process*, char**)
                0x00000000c001dd9f                disableIRQs()
                0x00000000c001dda7                getIRQNestingLevel()
                0x00000000c001ddad                enableIRQs()
                0x00000000c001ddbc                lockScheduler()
                0x00000000c001ddbe                unlockScheduler()
                0x00000000c001ddc0                userModeEntryPoint(void*)
                0x00000000c001dde3                lockStuff()
                0x00000000c001ddef                taskStartupFunction
                0x00000000c001ddf8                updateTimeUsed()
                0x00000000c001de5d                switchToThread(ThreadControlBlock*)
                0x00000000c001deae                Semaphore::Semaphore(int)
                0x00000000c001deae                Semaphore::Semaphore(int)
                0x00000000c001dedc                Mutex::Mutex()
                0x00000000c001dedc                Mutex::Mutex()
                0x00000000c001deee                Process::createThread(void (*)(void*), void*, int)
                0x00000000c001dfd2                Process::createUserThread()
                0x00000000c001dfee                setupMultitasking(void (*)())
                0x00000000c001e0f8                schedule()
                0x00000000c001e17d                unlockStuff()
                0x00000000c001e1b2                Semaphore::tryAcquire()
                0x00000000c001e1e0                Semaphore::assertLocked(char const*)
                0x00000000c001e210                blockTaskWithSchedulerLockAlreadyHeld(TaskState)
                0x00000000c001e252                blockTask(TaskState)
                0x00000000c001e273                waitTask(int, int*, int)
                0x00000000c001e2b5                nanoSleepUntil(unsigned long long)
                0x00000000c001e30c                nanoSleep(unsigned long long)
                0x00000000c001e321                sleep(unsigned long long)
                0x00000000c001e33e                Semaphore::acquire()
                0x00000000c001e3a6                taskReturned
                0x00000000c001e3d4                unblockTask(ThreadControlBlock*)
                0x00000000c001e483                cleanupTerminatedTask(ThreadControlBlock*)
                0x00000000c001e74c                cleanerTaskFunction(void*)
                0x00000000c001e7ff                terminateTask(int)
                0x00000000c001e8df                Thr::terminateFromIRQ(int)
                0x00000000c001e8ec                Semaphore::release()
 .text          0x00000000c001e9d8      0xc26 vm86/vm8086.32
                0x00000000c001e9d8                Vm::inbv(unsigned short)
                0x00000000c001e9eb                Vm::outbv(unsigned short, unsigned char)
                0x00000000c001ea3e                Vm::realToLinear(unsigned short, unsigned short)
                0x00000000c001ea4e                Vm::getSegment(unsigned int)
                0x00000000c001ea56                Vm::getOffset(unsigned int)
                0x00000000c001ea5b                Vm::mainloop2()
                0x00000000c001ea96                Vm::mainVm8086Loop(void*)
                0x00000000c001eaa3                Vm::mainloop3(unsigned long)
                0x00000000c001eacd                Vm::initialise8086()
                0x00000000c001eb10                Vm::finish8086()
                0x00000000c001eb55                Vm::getOutput8086(unsigned char*)
                0x00000000c001eb7f                Vm::start8086(char const*, unsigned short, unsigned short, unsigned short, unsigned short)
                0x00000000c001eccf                Vm::doISR(regs*, int, unsigned char*, unsigned short, unsigned short)
                0x00000000c001ed59                Vm::readByteFromReal(unsigned short, unsigned short)
                0x00000000c001ed6a                Vm::readWordFromReal(unsigned short, unsigned short)
                0x00000000c001ed7c                Vm::readDwordFromReal(unsigned short, unsigned short)
                0x00000000c001ed8d                Vm::writeByteFromReal(unsigned short, unsigned short, unsigned char)
                0x00000000c001eda2                Vm::writeWordFromReal(unsigned short, unsigned short, unsigned short)
                0x00000000c001edb8                Vm::writeDwordFromReal(unsigned short, unsigned short, unsigned int)
                0x00000000c001edcd                Vm::faultHandler(regs*)
 .text          0x00000000c001f5fe      0xefd vm86/x87em.32
                0x00000000c001f5fe                Vm::fpuInternalTo32(unsigned long long)
                0x00000000c001f659                Vm::fpuInternalTo64(unsigned long long)
                0x00000000c001f662                Vm::fpu32ToInternal(unsigned int)
                0x00000000c001f6a7                Vm::fpu64ToInternal(unsigned long long)
                0x00000000c001f6b0                Vm::fpuFloatToLong(unsigned long long)
                0x00000000c001f70b                Vm::fpuULongToFloat(unsigned long long)
                0x00000000c001f741                Vm::fpuLongToFloat(long long)
                0x00000000c001f797                Vm::fpuGet0()
                0x00000000c001f79c                Vm::fpuGet1()
                0x00000000c001f7a4                Vm::fpuGetPi()
                0x00000000c001f7ac                Vm::fpuGetLog2E()
                0x00000000c001f7c4                Vm::fpuGetLogE2()
                0x00000000c001f7dc                Vm::fpuGetLog210()
                0x00000000c001f7f4                Vm::fpuGetLog102()
                0x00000000c001f80c                Vm::fpuIsSecondLarger(unsigned long long, unsigned long long)
                0x00000000c001f820                Vm::fpuAreEqual(unsigned long long, unsigned long long)
                0x00000000c001f836                Vm::fpuUnorderedCompare(unsigned long long, unsigned long long)
                0x00000000c001f889                Vm::fpuAdd(unsigned long long, unsigned long long)
                0x00000000c001f89a                Vm::fpuAbs(unsigned long long)
                0x00000000c001f8a3                Vm::fpuChs(unsigned long long)
                0x00000000c001f8b3                Vm::fpuSub(unsigned long long, unsigned long long)
                0x00000000c001f8c2                Vm::fpuMultiply(unsigned long long, unsigned long long)
                0x00000000c001f8e1                Vm::fpuDivide(unsigned long long, unsigned long long)
                0x00000000c001f8fd                Vm::fpuSquare(unsigned long long)
                0x00000000c001f913                Vm::fpuGetReg(int)
                0x00000000c001f956                Vm::fpuSetReg(int, unsigned long long)
                0x00000000c001f9a1                Vm::fpuPush(unsigned long long)
                0x00000000c001f9fe                Vm::fpuPop()
                0x00000000c001fa50                Vm::x87Handler(regs*)
 *fill*         0x00000000c00204fb        0x1 
 .text          0x00000000c00204fc     0x10ed fs/fat/vfslink.32
                0x00000000c00204fc                FAT::getName()
                0x00000000c0020502                FAT::tell(void*, unsigned long long*)
                0x00000000c0020536                FAT::stat(void*, unsigned long long*)
                0x00000000c002056a                FAT::~FAT()
                0x00000000c002056a                FAT::~FAT()
                0x00000000c002058e                FAT::~FAT()
                0x00000000c00205b6                FAT::getlabel(LogicalDisk*, int, char*, unsigned int*)
                0x00000000c0020654                FAT::setlabel(LogicalDisk*, int, char*)
                0x00000000c002070e                FAT::format(LogicalDisk*, int, char const*, int)
                0x00000000c00208f2                FAT::tryMount(LogicalDisk*, int)
                0x00000000c0020af8                FAT::readDir(void*, unsigned long, void*, int*)
                0x00000000c0020bfe                FAT::read(void*, unsigned long, void*, int*)
                0x00000000c0020c58                FAT::write(void*, unsigned long, void*, int*)
                0x00000000c0020cb2                FAT::close(void*)
                0x00000000c0020cfe                FAT::closeDir(void*)
                0x00000000c0020d4a                FAT::seek(void*, unsigned long long)
                0x00000000c0020d9e                fatWrapperReadDisk
                0x00000000c0020de5                fatWrapperWriteDisk
                0x00000000c0020e2c                fatWrapperIoctl
                0x00000000c0020f30                FAT::FAT()
                0x00000000c0020f30                FAT::FAT()
                0x00000000c0020f82                FAT::fixFilepath(char*)
                0x00000000c0020fba                FAT::open(char const*, void**, FileOpenMode)
                0x00000000c00210e2                FAT::openDir(char const*, void**)
                0x00000000c0021188                FAT::stat(char const*, unsigned long long*, bool*)
                0x00000000c0021272                FAT::unlink(char const*)
                0x00000000c00212ec                FAT::chfatattr(char const*, unsigned char, unsigned char)
                0x00000000c0021440                FAT::rename(char const*, char const*)
                0x00000000c0021504                FAT::mkdir(char const*)
                0x00000000c002157e                FAT::exists(char const*)
 *fill*         0x00000000c00215e9        0x1 
 .text          0x00000000c00215ea      0xbc1 fs/iso9660/vfslink.32
                0x00000000c00215ea                ISO9660::format(LogicalDisk*, int, char const*, int)
                0x00000000c00215f0                ISO9660::seek(void*, unsigned long long)
                0x00000000c0021620                ISO9660::tell(void*, unsigned long long*)
                0x00000000c0021644                ISO9660::getName()
                0x00000000c002164a                ISO9660::stat(void*, unsigned long long*)
                0x00000000c002166e                ISO9660::chfatattr(char const*, unsigned char, unsigned char)
                0x00000000c0021674                ISO9660::unlink(char const*)
                0x00000000c002167a                ISO9660::write(void*, unsigned long, void*, int*)
                0x00000000c0021680                ISO9660::rename(char const*, char const*)
                0x00000000c0021686                ISO9660::mkdir(char const*)
                0x00000000c002168c                ISO9660::close(void*)
                0x00000000c00216ae                ISO9660::closeDir(void*)
                0x00000000c00216d0                ISO9660::~ISO9660()
                0x00000000c00216d0                ISO9660::~ISO9660()
                0x00000000c00216f4                ISO9660::~ISO9660()
                0x00000000c002171b                __memmem(unsigned char*, int, unsigned char*, int)
                0x00000000c002175d                readSectorFromCDROM(unsigned int, unsigned char*, char)
                0x00000000c00217c4                ISO9660::tryMount(LogicalDisk*, int)
                0x00000000c0021814                ISO9660::read(void*, unsigned long, void*, int*)
                0x00000000c0021a14                ISO9660::readDir(void*, unsigned long, void*, int*)
                0x00000000c0021ca1                readRoot(unsigned int*, unsigned int*, char)
                0x00000000c0021cf6                readRecursively(char*, unsigned int, unsigned int, unsigned int*, unsigned int*, char, int*)
                0x00000000c0021ec9                getFileData(char*, unsigned int*, unsigned int*, char, int*)
                0x00000000c0021f58                ISO9660::open(char const*, void**, FileOpenMode)
                0x00000000c0022018                ISO9660::exists(char const*)
                0x00000000c002203c                ISO9660::stat(char const*, unsigned long long*, bool*)
                0x00000000c00220d0                ISO9660::openDir(char const*, void**)
                0x00000000c0022188                ISO9660::ISO9660()
                0x00000000c0022188                ISO9660::ISO9660()
 *fill*         0x00000000c00221ab        0x1 
 .text          0x00000000c00221ac      0x326 hal/sound/sndchannel.32
                0x00000000c00221ac                SoundChannel::~SoundChannel()
                0x00000000c00221ac                SoundChannel::~SoundChannel()
                0x00000000c00221c8                SoundChannel::setSpeed(float)
                0x00000000c00221d4                SoundChannel::getSpeed()
                0x00000000c00221dc                SoundChannel::setVolume(int)
                0x00000000c00221f8                SoundChannel::getVolume()
                0x00000000c0022200                SoundChannel::pause()
                0x00000000c002220a                SoundChannel::SoundChannel(int, int, int, int)
                0x00000000c002220a                SoundChannel::SoundChannel(int, int, int, int)
                0x00000000c0022360                SoundChannel::play()
                0x00000000c002236a                SoundChannel::paused()
                0x00000000c0022372                SoundChannel::getSampleRate()
                0x00000000c002237a                SoundChannel::getBits()
                0x00000000c0022382                SoundChannel::getBufferUsed()
                0x00000000c002238a                SoundChannel::getBufferSize()
                0x00000000c0022392                SoundChannel::unbuffer(float*, int, int)
                0x00000000c0022432                SoundChannel::buffer8(unsigned char*, int)
 .text          0x00000000c00224d2      0x3d5 hal/sound/sndhw.32
                0x00000000c00224d2                SoundDevice::SoundDevice(char const*)
                0x00000000c00224d2                SoundDevice::SoundDevice(char const*)
                0x00000000c002253e                SoundDevice::~SoundDevice()
                0x00000000c002253e                SoundDevice::~SoundDevice()
                0x00000000c00225b8                SoundDevice::~SoundDevice()
                0x00000000c00225e2                SoundDevice::getFreeChannelNum()
                0x00000000c00225fc                SoundDevice::addChannel(SoundChannel*)
                0x00000000c002266c                SoundDevice::removeChannel(int)
                0x00000000c002269e                SoundDevice::floatTo8(float*, unsigned char*, int)
                0x00000000c0022786                SoundDevice::getAudio(int, float*, float*)
 .text          0x00000000c00228a7        0x0 hw/bus/isa.32
 *fill*         0x00000000c00228a7        0x1 
 .text          0x00000000c00228a8      0x6c3 hw/bus/pci.32
                0x00000000c00228a8                PCI::open(int, int, void*)
                0x00000000c00228bc                PCI::close(int, int, void*)
                0x00000000c00228c0                PCI::PCI()
                0x00000000c00228c0                PCI::PCI()
                0x00000000c0022940                PCI::pciReadWord(unsigned char, unsigned char, unsigned char, unsigned char)
                0x00000000c0022988                PCI::getVendorID(unsigned char, unsigned char, unsigned char)
                0x00000000c00229aa                PCI::getHeaderType(unsigned char, unsigned char, unsigned char)
                0x00000000c00229ce                PCI::getClassCode(unsigned char, unsigned char, unsigned char)
                0x00000000c0022a12                PCI::getProgIF(unsigned char, unsigned char, unsigned char)
                0x00000000c0022a36                PCI::getRevisionID(unsigned char, unsigned char, unsigned char)
                0x00000000c0022a58                PCI::getInterruptNumber(unsigned char, unsigned char, unsigned char)
                0x00000000c0022a7a                PCI::getSecondaryBus(unsigned char, unsigned char, unsigned char)
                0x00000000c0022a9e                PCI::getBARAddress(unsigned char, unsigned char, unsigned char, unsigned char)
                0x00000000c0022afe                PCI::pciWriteWord(unsigned char, unsigned char, unsigned char, unsigned char, unsigned short)
                0x00000000c0022b6a                PCI::checkBus(unsigned char)
                0x00000000c0022b8e                PCI::foundDevice(PCIDeviceInfo)
                0x00000000c0022d00                PCI::getDeviceData(unsigned char, unsigned char, unsigned char)
                0x00000000c0022eac                PCI::checkDevice(unsigned char, unsigned char)
                0x00000000c0022f18                PCI::detect()
 *fill*         0x00000000c0022f6b        0x1 
 .text          0x00000000c0022f6c      0xc70 hw/diskctrl/ide.32
                0x00000000c0022f6c                IDE::close(int, int, void*)
                0x00000000c0022f70                IDE::IDE()
                0x00000000c0022f70                IDE::IDE()
                0x00000000c0022fa4                IDE::prepareInterrupt(unsigned char)
                0x00000000c0022fb6                selectDrive(unsigned char, unsigned char)
                0x00000000c0022fb8                IDE::getBase(unsigned char)
                0x00000000c0022fca                IDE::write(unsigned char, unsigned char, unsigned char)
                0x00000000c002308a                IDE::read(unsigned char, unsigned char)
                0x00000000c0023138                IDE::waitInterrupt(unsigned char)
                0x00000000c002319e                ideChannel0IRQHandler(regs*, void*)
                0x00000000c00231ba                ideChannel1IRQHandler(regs*, void*)
                0x00000000c00231d6                IDE::enableIRQs(unsigned char, bool)
                0x00000000c002321c                IDE::open(int, int, void*)
                0x00000000c002362c                IDE::readBuffer(unsigned char, unsigned char, unsigned int, unsigned int)
                0x00000000c00236f8                IDE::detect()
                0x00000000c00239e0                IDE::printError(unsigned char, unsigned char, unsigned char)
                0x00000000c0023b76                IDE::polling(unsigned char, unsigned int)
 .text          0x00000000c0023bdc      0x390 hw/diskctrl/satabus.32
                0x00000000c0023bdc                SATABus::close(int, int, void*)
                0x00000000c0023be0                SATABus::detect()
                0x00000000c0023be2                SATABus::SATABus()
                0x00000000c0023be2                SATABus::SATABus()
                0x00000000c0023c8e                SATABus::findCmdslot(SATABus::tagHBA_PORT volatile*)
                0x00000000c0023cd6                SATABus::checkType(SATABus::tagHBA_PORT volatile*)
                0x00000000c0023d1e                SATABus::startCmd(SATABus::tagHBA_PORT volatile*)
                0x00000000c0023d3e                SATABus::stopCmd(SATABus::tagHBA_PORT volatile*)
                0x00000000c0023d68                SATABus::portRebase(SATABus::tagHBA_PORT volatile*, int)
                0x00000000c0023e6e                SATABus::probePort(SATABus::tagHBA_MEM volatile*)
                0x00000000c0023f4c                SATABus::open(int, int, void*)
 .text          0x00000000c0023f6c      0x63c hw/diskphys/ata.32
                0x00000000c0023f6c                ATA::close(int, int, void*)
                0x00000000c0023f90                ATA::powerSaving(PowerSavingLevel)
                0x00000000c0023f92                ATA::ATA()
                0x00000000c0023f92                ATA::ATA()
                0x00000000c0023fc0                ATA::flush(bool)
                0x00000000c002400a                ATA::readyForCommand()
                0x00000000c002405a                ATA::access(unsigned long long, int, void*, bool)
                0x00000000c00243e2                ATA::read(unsigned long long, int, void*)
                0x00000000c002444a                ATA::write(unsigned long long, int, void*)
                0x00000000c00244b2                ATA::detectCHS()
                0x00000000c00244dc                ATA::open(int, int, void*)
 .text          0x00000000c00245a8      0x5bd hw/diskphys/atapi.32
                0x00000000c00245a8                ATAPI::write(unsigned long long, int, void*)
                0x00000000c00245ae                ATAPI::close(int, int, void*)
                0x00000000c00245d2                ATAPI::ATAPI()
                0x00000000c00245d2                ATAPI::ATAPI()
                0x00000000c0024600                ATAPI::readyForCommand()
                0x00000000c0024650                ATAPI::sendPacket(unsigned char*, int, bool, unsigned short*, int)
                0x00000000c0024910                ATAPI::diskRemoved()
                0x00000000c002492c                ATAPI::eject()
                0x00000000c0024974                ATAPI::diskInserted()
                0x00000000c00249a2                ATAPI::detectMedia()
                0x00000000c0024a5e                ATAPI::open(int, int, void*)
                0x00000000c0024ae6                ATAPI::read(unsigned long long, int, void*)
 *fill*         0x00000000c0024b65        0x1 
 .text          0x00000000c0024b66      0x455 hw/diskphys/sata.32
                0x00000000c0024b66                SATA::close(int, int, void*)
                0x00000000c0024b8a                SATA::powerSaving(PowerSavingLevel)
                0x00000000c0024b8c                SATA::open(int, int, void*)
                0x00000000c0024c3a                SATA::SATA()
                0x00000000c0024c3a                SATA::SATA()
                0x00000000c0024c68                SATA::access(unsigned long long, int, void*, bool)
                0x00000000c0024ece                SATA::read(unsigned long long, int, void*)
                0x00000000c0024f36                SATA::write(unsigned long long, int, void*)
 *fill*         0x00000000c0024fbb        0x1 
 .text          0x00000000c0024fbc      0x500 hw/diskphys/satapi.32
                0x00000000c0024fbc                SATAPI::write(unsigned long long, int, void*)
                0x00000000c0024fc2                SATAPI::close(int, int, void*)
                0x00000000c0024fe6                SATAPI::SATAPI()
                0x00000000c0024fe6                SATAPI::SATAPI()
                0x00000000c0025014                SATAPI::diskRemoved()
                0x00000000c0025030                SATAPI::diskInserted()
                0x00000000c002505e                SATAPI::sendPacket(unsigned char*, int, unsigned long long, unsigned short*, int)
                0x00000000c0025262                SATAPI::eject()
                0x00000000c00252aa                SATAPI::detectMedia()
                0x00000000c002536c                SATAPI::open(int, int, void*)
                0x00000000c002541a                SATAPI::read(unsigned long long, int, void*)
 .text          0x00000000c00254bc       0x8e hw/fpu/avx.32
                0x00000000c00254bc                AVX::open(int, int, void*)
                0x00000000c00254ce                AVX::close(int, int, void*)
                0x00000000c00254e0                AVX::available()
                0x00000000c00254f2                AVX::save(void*)
                0x00000000c002550a                AVX::load(void*)
                0x00000000c0025522                AVX::AVX()
                0x00000000c0025522                AVX::AVX()
 .text          0x00000000c002554a       0x90 hw/fpu/mmx.32
                0x00000000c002554a                MMX::available()
                0x00000000c002555e                MMX::open(int, int, void*)
                0x00000000c0025570                MMX::close(int, int, void*)
                0x00000000c0025582                MMX::save(void*)
                0x00000000c002559a                MMX::load(void*)
                0x00000000c00255b2                MMX::MMX()
                0x00000000c00255b2                MMX::MMX()
 .text          0x00000000c00255da       0x96 hw/fpu/sse.32
                0x00000000c00255da                SSE::open(int, int, void*)
                0x00000000c00255ec                SSE::close(int, int, void*)
                0x00000000c00255fe                SSE::available()
                0x00000000c0025618                SSE::save(void*)
                0x00000000c0025630                SSE::load(void*)
                0x00000000c0025648                SSE::SSE()
                0x00000000c0025648                SSE::SSE()
 .text          0x00000000c0025670       0x8e hw/fpu/x87.32
                0x00000000c0025670                x87::open(int, int, void*)
                0x00000000c0025682                x87::close(int, int, void*)
                0x00000000c0025694                x87::available()
                0x00000000c00256a6                x87::save(void*)
                0x00000000c00256be                x87::load(void*)
                0x00000000c00256d6                x87::x87()
                0x00000000c00256d6                x87::x87()
 .text          0x00000000c00256fe      0x71e hw/intctrl/apic.32
                0x00000000c00256fe                APIC::disable()
                0x00000000c0025700                APIC::close(int, int, void*)
                0x00000000c0025722                IOAPIC::close(int, int, void*)
                0x00000000c0025728                APIC::io_wait()
                0x00000000c002572e                APIC::getBase()
                0x00000000c0025770                APIC::eoi(unsigned char)
                0x00000000c002579e                APIC::open(int, int, void*)
                0x00000000c00258ec                IOAPIC::IOAPIC()
                0x00000000c00258ec                IOAPIC::IOAPIC()
                0x00000000c0025914                APIC::APIC()
                0x00000000c0025914                APIC::APIC()
                0x00000000c00259f0                IOAPIC::handlesGSIWithNumber(unsigned int)
                0x00000000c0025a22                IOAPIC::read(int)
                0x00000000c0025a4a                IOAPIC::open(int, int, void*)
                0x00000000c0025b40                IOAPIC::write(int, int)
                0x00000000c0025b6c                IOAPIC::redirect(unsigned char, unsigned long long, unsigned char, bool, bool)
                0x00000000c0025c66                APIC::installIRQHandler(int, void (*)(regs*, void*), bool, void*)
 .text          0x00000000c0025e1c      0x3d3 hw/intctrl/pic.32
                0x00000000c0025e1c                PIC::disable()
                0x00000000c0025e4a                PIC::close(int, int, void*)
                0x00000000c0025e6c                PIC::PIC()
                0x00000000c0025e6c                PIC::PIC()
                0x00000000c0025f42                PIC::ioWait()
                0x00000000c0025f48                PIC::getIRQReg(int)
                0x00000000c0025fb2                PIC::eoi(unsigned char)
                0x00000000c0026044                PIC::remap()
                0x00000000c00261b0                PIC::open(int, int, void*)
 *fill*         0x00000000c00261ef        0x1 
 .text          0x00000000c00261f0      0x25e hw/timer/apictimer.32
                0x00000000c00261f0                APICTimer::close(int, int, void*)
                0x00000000c00261f6                apicTimerHandler(regs*, void*)
                0x00000000c0026224                APICTimer::write(int)
                0x00000000c0026328                APICTimer::open(int, int, void*)
                0x00000000c0026426                APICTimer::APICTimer()
                0x00000000c0026426                APICTimer::APICTimer()
 .text          0x00000000c002644e      0x1a7 hw/timer/pit.32
                0x00000000c002644e                PIT::write(int)
                0x00000000c00264cc                pitHandler(regs*, void*)
                0x00000000c00264f8                PIT::open(int, int, void*)
                0x00000000c0026546                PIT::close(int, int, void*)
                0x00000000c0026576                PIT::PIT()
                0x00000000c0026576                PIT::PIT()
 *fill*         0x00000000c00265f5        0xb 
 .text          0x00000000c0026600       0x1e hw/fpu/x86/avx.32
                0x00000000c0026600                avxDetect
                0x00000000c0026606                avxSave
                0x00000000c0026607                avxLoad
                0x00000000c0026608                avxInit
                0x00000000c0026609                avxClose
                0x00000000c002660a                wouldSheSayYes
 *fill*         0x00000000c002661e        0x2 
 .text          0x00000000c0026620       0x35 hw/fpu/x86/sse.32
                0x00000000c0026620                absolutelyNoChanceInHell
                0x00000000c0026620                sseDetect
                0x00000000c0026638                sseSave
                0x00000000c002663e                sseLoad
                0x00000000c0026644                sseInit
                0x00000000c0026654                sseClose
 *fill*         0x00000000c0026655        0xb 
 .text          0x00000000c0026660       0x47 hw/fpu/x86/x87.32
                0x00000000c0026666                x87Detect
                0x00000000c0026681                x87Save
                0x00000000c0026687                x87Load
                0x00000000c002668c                x87Init
                0x00000000c00266a6                x87Close
 *fill*         0x00000000c00266a7        0x1 
 .text          0x00000000c00266a8       0x25 /cygdrive/d/Users/Alex/Desktop/Toolchain/Output/bin/../lib/gcc/i386-banana/8.1.0/crtend.o
 .text          0x00000000c00266cd        0x0 crtn.32
 *fill*         0x00000000c00266cd        0x3 
 .text          0x00000000c00266d0      0x14b /cygdrive/d/Users/Alex/Desktop/Toolchain/Output/bin/../lib/gcc/i386-banana/8.1.0/libkgcc.a(_divdi3.o)
                0x00000000c00266d0                __divdi3
 *fill*         0x00000000c002681b        0x1 
 .text          0x00000000c002681c      0x17e /cygdrive/d/Users/Alex/Desktop/Toolchain/Output/bin/../lib/gcc/i386-banana/8.1.0/libkgcc.a(_moddi3.o)
                0x00000000c002681c                __moddi3
 *fill*         0x00000000c002699a        0x2 
 .text          0x00000000c002699c       0xff /cygdrive/d/Users/Alex/Desktop/Toolchain/Output/bin/../lib/gcc/i386-banana/8.1.0/libkgcc.a(_udivdi3.o)
                0x00000000c002699c                __udivdi3
 *fill*         0x00000000c0026a9b        0x1 
 .text          0x00000000c0026a9c      0x11a /cygdrive/d/Users/Alex/Desktop/Toolchain/Output/bin/../lib/gcc/i386-banana/8.1.0/libkgcc.a(_umoddi3.o)
                0x00000000c0026a9c                __umoddi3
 .text          0x00000000c0026bb6      0x96d D:/Users/Alex/Desktop/Banana/kernel/libsoftfp.a(sfieeelib.o)
                0x00000000c0026bb6                __addsf3
                0x00000000c0026eb8                __subsf3
                0x00000000c0026ecc                __negsf2
                0x00000000c0026ed9                __mulsf3
                0x00000000c002709c                __divsf3
                0x00000000c00272c7                __floatsisf
                0x00000000c002733b                __floatunsisf
                0x00000000c002737d                __fixsfsi
                0x00000000c00273df                __fixunssfsi
                0x00000000c0027410                __cmpsf2
                0x00000000c00274a5                __eqsf2