Archive member included to satisfy reference by file (symbol)

/cygdrive/d/Users/Alex/Desktop/Toolchain/Output/bin/../lib/gcc/i386-banana/8.1.0/libkgcc.a(_divdi3.o)
                              fs/fat/ff.32 (__divdi3)
/cygdrive/d/Users/Alex/Desktop/Toolchain/Output/bin/../lib/gcc/i386-banana/8.1.0/libkgcc.a(_moddi3.o)
                              compat/resolve.32 (__moddi3)
/cygdrive/d/Users/Alex/Desktop/Toolchain/Output/bin/../lib/gcc/i386-banana/8.1.0/libkgcc.a(_udivdi3.o)
                              fs/fat/ff.32 (__udivdi3)
/cygdrive/d/Users/Alex/Desktop/Toolchain/Output/bin/../lib/gcc/i386-banana/8.1.0/libkgcc.a(_umoddi3.o)
                              compat/resolve.32 (__umoddi3)
D:/Users/Alex/Desktop/Banana/kernel/libsoftfp.a(sfieeelib.o)
                              hal/libresample/src_linear.32 (__subsf3)
D:/Users/Alex/Desktop/Banana/kernel/libsoftfp.a(dfieeelib.o)
                              hal/libresample/src_linear.32 (__adddf3)
D:/Users/Alex/Desktop/Banana/kernel/libsoftfp.a(sfdfcvt.o)
                              hal/libresample/samplerate.32 (__truncdfsf2)
D:/Users/Alex/Desktop/Banana/kernel/libk/libm32.a(s_fabs.c.o)
                              hal/libresample/samplerate.32 (fabs)
D:/Users/Alex/Desktop/Banana/kernel/libk/libm32.a(s_lrint.S.o)
                              hal/libresample/samplerate.32 (lrint)
D:/Users/Alex/Desktop/Banana/kernel/libk/libm32.a(s_lrintf.S.o)
                              hal/sound/sndhw.32 (lrintf)

Discarded input sections

 .comment       0x0000000000000000       0x12 /cygdrive/d/Users/Alex/Desktop/Toolchain/Output/bin/../lib/gcc/i386-banana/8.1.0/crtbegin.o
 .comment       0x0000000000000000       0x12 acpica/utclib.32
 .comment       0x0000000000000000       0x12 core/malloc.32
 .comment       0x0000000000000000       0x12 libk/string.32
 .comment       0x0000000000000000       0x12 fs/fat/diskio.32
 .comment       0x0000000000000000       0x12 fs/fat/ff.32
 .comment       0x0000000000000000       0x12 fs/fat/ffsystem.32
 .comment       0x0000000000000000       0x12 fs/fat/ffunicode.32
 .comment       0x0000000000000000       0x12 hal/libresample/samplerate.32
 .comment       0x0000000000000000       0x12 hal/libresample/src_linear.32
 .comment       0x0000000000000000       0x12 hal/libresample/src_sinc.32
 .comment       0x0000000000000000       0x12 hal/libresample/src_zoh.32
 .comment       0x0000000000000000       0x12 compat/inlines.32
 .comment       0x0000000000000000       0x12 compat/resolve.32
 .group         0x0000000000000000       0x14 core/computer.32
 .group         0x0000000000000000        0xc core/computer.32
 .comment       0x0000000000000000       0x12 core/computer.32
 .comment       0x0000000000000000       0x12 core/gdt.32
 .group         0x0000000000000000        0xc core/idle.32
 .comment       0x0000000000000000       0x12 core/idle.32
 .comment       0x0000000000000000       0x12 core/idt.32
 .comment       0x0000000000000000       0x12 core/kheap.32
 .comment       0x0000000000000000       0x12 core/main.32
 .comment       0x0000000000000000       0x12 core/physmgr.32
 .group         0x0000000000000000        0xc core/pipe.32
 .comment       0x0000000000000000       0x12 core/pipe.32
 .group         0x0000000000000000        0xc core/terminal.32
 .comment       0x0000000000000000       0x12 core/terminal.32
 .comment       0x0000000000000000       0x12 core/tss.32
 .group         0x0000000000000000        0x8 core/unixfile.32
 .group         0x0000000000000000        0xc core/unixfile.32
 .group         0x0000000000000000        0xc core/unixfile.32
 .group         0x0000000000000000        0x8 core/unixfile.32
 .group         0x0000000000000000        0xc core/unixfile.32
 .group         0x0000000000000000        0x8 core/unixfile.32
 .group         0x0000000000000000        0xc core/unixfile.32
 .group         0x0000000000000000        0xc core/unixfile.32
 .comment       0x0000000000000000       0x12 core/unixfile.32
 .comment       0x0000000000000000       0x12 core/virtmgr.32
 .comment       0x0000000000000000       0x12 coreobjs/c++.32
 .comment       0x0000000000000000       0x12 dbg/kconsole.32
 .group         0x0000000000000000        0xc fs/vfs.32
 .group         0x0000000000000000        0xc fs/vfs.32
 .group         0x0000000000000000        0xc fs/vfs.32
 .comment       0x0000000000000000       0x12 fs/vfs.32
 .group         0x0000000000000000        0xc hal/bus.32
 .comment       0x0000000000000000       0x12 hal/bus.32
 .group         0x0000000000000000        0xc hal/buzzer.32
 .comment       0x0000000000000000       0x12 hal/buzzer.32
 .group         0x0000000000000000        0xc hal/clock.32
 .comment       0x0000000000000000       0x12 hal/clock.32
 .group         0x0000000000000000       0x14 hal/device.32
 .group         0x0000000000000000        0xc hal/device.32
 .group         0x0000000000000000        0xc hal/device.32
 .group         0x0000000000000000        0xc hal/device.32
[...]
Memory Configuration

Name             Origin             Length             Attributes
*default*        0x0000000000000000 0xffffffffffffffff

Linker script and memory map

LOAD D:/Users/Alex/Desktop/Banana/kernel/boot.32
LOAD crti.32
LOAD /cygdrive/d/Users/Alex/Desktop/Toolchain/Output/bin/../lib/gcc/i386-banana/8.1.0/crtbegin.o
LOAD D:/Users/Alex/Desktop/Banana/kernel/morenasm.32
LOAD acpica/utclib.32
LOAD core/malloc.32
LOAD libk/string.32
LOAD fs/fat/diskio.32
LOAD fs/fat/ff.32
LOAD fs/fat/ffsystem.32
LOAD fs/fat/ffunicode.32
LOAD hal/libresample/samplerate.32
LOAD hal/libresample/src_linear.32
LOAD hal/libresample/src_sinc.32
LOAD hal/libresample/src_zoh.32
LOAD compat/inlines.32
LOAD compat/resolve.32
LOAD core/computer.32
LOAD core/gdt.32
LOAD core/idle.32
LOAD core/idt.32
LOAD core/kheap.32
LOAD core/main.32
LOAD core/physmgr.32
LOAD core/pipe.32
LOAD core/terminal.32
LOAD core/tss.32
LOAD core/unixfile.32
LOAD core/virtmgr.32
LOAD coreobjs/c++.32
LOAD dbg/kconsole.32
LOAD fs/vfs.32
LOAD hal/bus.32
LOAD hal/buzzer.32
LOAD hal/clock.32
LOAD hal/device.32
LOAD hal/diskctrl.32
LOAD hal/diskphys.32
LOAD hal/fpu.32
LOAD hal/intctrl.32
LOAD hal/keybrd.32
LOAD hal/logidisk.32
LOAD hal/mouse.32
LOAD hal/partition.32
LOAD hal/serial.32
LOAD hal/timer.32
LOAD hal/vcache.32
LOAD hal/video.32
LOAD hw/acpi.32
LOAD hw/cpu.32
LOAD hw/ports.32
LOAD hw/smp.32
LOAD krnl/env.32
LOAD krnl/panic.32
LOAD net/ethernet.32
LOAD reg/registry.32
LOAD sys/sc_eject.32
LOAD sys/sc_exit.32
LOAD sys/sc_getcwd.32
LOAD sys/sc_getpid.32
LOAD sys/sc_getramdata.32
LOAD sys/sc_getvgaptr.32
LOAD sys/sc_loaddll.32
LOAD sys/sc_read.32
LOAD sys/sc_sbrk.32
LOAD sys/sc_setcwd.32
LOAD sys/sc_settime.32
LOAD sys/sc_timezone.32
LOAD sys/sc_write.32
LOAD sys/sc_wsbe.32
LOAD sys/sc_yield.32
LOAD sys/syscalls.32
LOAD thr/elf.32
LOAD thr/prcssthr.32
LOAD vm86/vm8086.32
LOAD vm86/x87em.32
LOAD fs/fat/vfslink.32
LOAD fs/iso9660/vfslink.32
LOAD hal/sound/sndchannel.32
LOAD hal/sound/sndhw.32
LOAD hw/bus/isa.32
LOAD hw/bus/pci.32
LOAD hw/diskctrl/ide.32
LOAD hw/diskctrl/satabus.32
LOAD hw/diskphys/ata.32
LOAD hw/diskphys/atapi.32
LOAD hw/diskphys/sata.32
LOAD hw/diskphys/satapi.32
LOAD hw/fpu/avx.32
LOAD hw/fpu/mmx.32
LOAD hw/fpu/sse.32
LOAD hw/fpu/x87.32
LOAD hw/intctrl/apic.32
LOAD hw/intctrl/pic.32
LOAD hw/timer/apictimer.32
LOAD hw/timer/pit.32
LOAD hw/fpu/x86/avx.32
LOAD hw/fpu/x86/sse.32
LOAD hw/fpu/x86/x87.32
LOAD /cygdrive/d/Users/Alex/Desktop/Toolchain/Output/bin/../lib/gcc/i386-banana/8.1.0/crtend.o
LOAD crtn.32
LOAD /cygdrive/d/Users/Alex/Desktop/Toolchain/Output/bin/../lib/gcc/i386-banana/8.1.0/libkgcc.a
LOAD D:/Users/Alex/Desktop/Banana/kernel/libsoftfp.a
LOAD D:/Users/Alex/Desktop/Banana/kernel/libk/libm32.a
                0x00000000c0000000                . = 0xc0000000

.text           0x00000000c0000000    0x29118
 *(.text)
 .text          0x00000000c0000000       0x41 D:/Users/Alex/Desktop/Banana/kernel/boot.32
                0x00000000c0000020                callGlobalConstructors
 .text          0x00000000c0000041        0x0 crti.32
 *fill*         0x00000000c0000041        0x3 
 .text          0x00000000c0000044      0x101 /cygdrive/d/Users/Alex/Desktop/Toolchain/Output/bin/../lib/gcc/i386-banana/8.1.0/crtbegin.o
 *fill*         0x00000000c0000145        0xb 
 .text          0x00000000c0000150      0x4fb D:/Users/Alex/Desktop/Banana/kernel/morenasm.32
                0x00000000c0000150                manualPCIProbe
                0x00000000c000019b                prepareTramp
                0x00000000c00001b4                voodooXADD
                0x00000000c000027f                doTPAUSE
                0x00000000c0000289                hasLegacyFPU
                0x00000000c00002ae                is486
                0x00000000c00002e4                detectCPUID
                0x00000000c00002fa                goToVM86
                0x00000000c000032a                goToUsermode
                0x00000000c0000354                switchToThreadASMFirstTime
                0x00000000c0000362                switchToThreadASM
                0x00000000c00003f2                asmQuickAcquireLock
                0x00000000c0000410                asmQuickReleaseLock
                0x00000000c000041c                asmAcquireLock
                0x00000000c000043d                asmReleaseLock
                0x00000000c0000450                loadGDT
                0x00000000c0000470                isr0
                0x00000000c0000480                isr1
                0x00000000c000048a                isr2
                0x00000000c0000494                isr3
                0x00000000c000049e                isr4
                0x00000000c00004a8                isr5
                0x00000000c00004b2                isr6
                0x00000000c00004bc                isr7
                0x00000000c00004c6                isr8
                0x00000000c00004ce                isr9
                0x00000000c00004d8                isr10
                0x00000000c00004e0                isr11
                0x00000000c00004e8                isr12
                0x00000000c00004f0                isr13
                0x00000000c00004f8                isr14
                0x00000000c0000500                isr15
                0x00000000c000050a                isr16
                0x00000000c0000514                isr17
                0x00000000c000051e                isr18
                0x00000000c0000528                irq3
                0x00000000c0000532                irq4
                0x00000000c000053c                irq5
                0x00000000c0000546                irq6
                0x00000000c0000550                irq7
                0x00000000c000055a                irq8
                0x00000000c0000564                irq9
                0x00000000c000056e                irq10
                0x00000000c0000578                irq11
                0x00000000c0000582                irq12
                0x00000000c000058c                irq13
                0x00000000c0000596                irq14
                0x00000000c00005a0                irq15
                0x00000000c00005aa                irq1
                0x00000000c00005b1                irq2
                0x00000000c00005b8                isr96
                0x00000000c00005bf                irq0
                0x00000000c00005c4                syscall_common_stub
                0x00000000c00005c4                int_common_stub
                0x00000000c00005f6                irq16
                0x00000000c0000600                irq17
                0x00000000c000060a                irq18
                0x00000000c0000614                irq19
                0x00000000c000061e                irq20
                0x00000000c0000628                irq21
                0x00000000c0000632                irq22
                0x00000000c000063c                irq23
                0x00000000c0000646                memcpy
 *fill*         0x00000000c000064b        0x1 
 .text          0x00000000c000064c      0x5dd acpica/utclib.32
                0x00000000c000064c                memcmp
                0x00000000c0000688                memmove
                0x00000000c0000750                memset
                0x00000000c000076c                strlen
                0x00000000c0000784                strpbrk
                0x00000000c00007c0                strtok
                0x00000000c000080c                strcpy
                0x00000000c0000830                strncpy
                0x00000000c0000898                strcmp
                0x00000000c00008d8                strchr
                0x00000000c00008fc                strncmp
                0x00000000c000094c                strcat
                0x00000000c000097c                strncat
                0x00000000c00009b8                strstr
                0x00000000c0000a00                toupper
                0x00000000c0000a14                tolower
                0x00000000c0000a28                simple_strtoul
 .text          0x00000000c0000c29      0xfad core/malloc.32
                0x00000000c0000d94                dlfree
                0x00000000c00010ef                dlmalloc
                0x00000000c000162c                dlrealloc
                0x00000000c00017cf                dlmemalign
                0x00000000c00018f2                dlcalloc
                0x00000000c000198c                dlcfree
                0x00000000c0001991                dlindependent_calloc
                0x00000000c00019b6                dlindependent_comalloc
                0x00000000c00019cd                dlvalloc
                0x00000000c00019f8                dlpvalloc
                0x00000000c0001a2e                dlmalloc_trim
                0x00000000c0001a3b                dlmalloc_usable_size
                0x00000000c0001a6c                dlmallinfo
                0x00000000c0001b3b                dlmalloc_stats
                0x00000000c0001b4c                dlmallopt
 .text          0x00000000c0001bd6        0x0 libk/string.32
 .text          0x00000000c0001bd6       0x51 fs/fat/diskio.32
                0x00000000c0001bd6                disk_status
                0x00000000c0001bd9                disk_initialize
                0x00000000c0001bdc                disk_read
                0x00000000c0001bf2                disk_write
                0x00000000c0001c08                disk_ioctl
 .text          0x00000000c0001c27     0x6833 fs/fat/ff.32
                0x00000000c0004ef5                f_mount
                0x00000000c0004f57                f_open
                0x00000000c0005393                f_read
                0x00000000c0005613                f_write
                0x00000000c00058cd                f_sync
                0x00000000c0005aa9                f_close
                0x00000000c0005ad8                f_lseek
                0x00000000c0005f8f                f_opendir
                0x00000000c0006091                f_closedir
                0x00000000c00060b3                f_readdir
                0x00000000c000614e                f_stat
                0x00000000c00061dd                f_getfree
                0x00000000c00063a8                f_truncate
                0x00000000c00064a0                f_unlink
                0x00000000c0006623                f_mkdir
                0x00000000c000684f                f_rename
                0x00000000c0006b42                f_chmod
                0x00000000c0006c20                f_utime
                0x00000000c0006cfe                f_getlabel
                0x00000000c0006eec                f_setlabel
                0x00000000c0007159                f_forward
                0x00000000c0007337                f_mkfs
 .text          0x00000000c000845a       0x2d fs/fat/ffsystem.32
                0x00000000c000845a                ff_memalloc
                0x00000000c0008470                ff_memfree
 .text          0x00000000c0008487      0x253 fs/fat/ffunicode.32
                0x00000000c0008487                ff_uni2oem
                0x00000000c0008517                ff_oem2uni
                0x00000000c0008583                ff_wtoupper
 .text          0x00000000c00086da      0x8fb hal/libresample/samplerate.32
                0x00000000c000871e                src_delete
                0x00000000c000875a                src_process
                0x00000000c0008910                src_callback_read
                0x00000000c0008a8d                src_set_ratio
                0x00000000c0008af7                src_get_channels
                0x00000000c0008b19                src_reset
                0x00000000c0008b65                src_new
                0x00000000c0008bf3                src_callback_new
                0x00000000c0008c55                src_get_name
                0x00000000c0008c8c                src_get_description
                0x00000000c0008cc3                src_get_version
                0x00000000c0008cc9                src_is_valid_ratio
                0x00000000c0008d1d                src_error
                0x00000000c0008d2b                src_strerror
                0x00000000c0008d3e                src_simple
                0x00000000c0008d91                src_short_to_float_array
                0x00000000c0008df6                src_float_to_short_array
                0x00000000c0008eb5                src_int_to_float_array
                0x00000000c0008f18                src_float_to_int_array
 .text          0x00000000c0008fd5      0x8cb hal/libresample/src_linear.32
                0x00000000c00097fb                linear_get_name
                0x00000000c000980a                linear_get_description
                0x00000000c0009819                linear_set_converter
 .text          0x00000000c00098a0     0x447c hal/libresample/src_sinc.32
                0x00000000c000dc33                sinc_get_name
                0x00000000c000dc46                sinc_get_description
                0x00000000c000dc59                sinc_set_converter
 .text          0x00000000c000dd1c      0x77c hal/libresample/src_zoh.32
                0x00000000c000e3f3                zoh_get_name
                0x00000000c000e402                zoh_get_description
                0x00000000c000e411                zoh_set_converter
 .text          0x00000000c000e498       0xa7 compat/inlines.32
                0x00000000c000e498                CPU::current()
                0x00000000c000e4a4                operator new(unsigned long)
                0x00000000c000e4a9                operator delete(void*)
                0x00000000c000e4ae                disableIRQs()
                0x00000000c000e4b6                enableIRQs()
                0x00000000c000e4c5                lockScheduler()
                0x00000000c000e4cd                unlockScheduler()
                0x00000000c000e4dc                lockStuff()
                0x00000000c000e4ea                unlockStuff()
                0x00000000c000e524                Virt::getAKernelVAS()
                0x00000000c000e52a                __not_memcpy
 .text          0x00000000c000e53f      0x111 compat/resolve.32
                0x00000000c000e53f                Krnl::resolveCompatibilitySymbol(char*)
 .text          0x00000000c000e650      0xa17 core/computer.32
                0x00000000c000e650                Computer::close(int, int, void*)
                0x00000000c000e694                Krnl::firstTask()
                0x00000000c000e784                Computer::Computer()
                0x00000000c000e784                Computer::Computer()
                0x00000000c000e8e0                Computer::setBootMessage(char const*)
                0x00000000c000e8e2                Computer::detectFeatures()
                0x00000000c000eaec                Computer::displayFeatures()
                0x00000000c000ee32                Computer::rdmsr(unsigned int)
                0x00000000c000ee5e                Computer::wrmsr(unsigned int, unsigned long long)
                0x00000000c000ee96                Computer::nmiEnabled()
                0x00000000c000eea2                Computer::readCMOS(unsigned char)
                0x00000000c000eebc                Computer::enableNMI(bool)
                0x00000000c000eed4                Computer::open(int, int, void*)
                0x00000000c000efaa                Computer::disableNMI()
                0x00000000c000efb8                Computer::writeCMOS(unsigned char, unsigned char)
                0x00000000c000efd6                Computer::handleNMI()
                0x00000000c000f03c                Computer::setDiskActivityLight(int, bool)
 *fill*         0x00000000c000f067        0x1 
 .text          0x00000000c000f068      0x1b7 core/gdt.32
                0x00000000c000f068                GDTEntry::setBase(unsigned int)
                0x00000000c000f084                GDTEntry::setLimit(unsigned int)
                0x00000000c000f0a2                GDT::GDT()
                0x00000000c000f0a2                GDT::GDT()
                0x00000000c000f0b8                GDT::addEntry(GDTEntry)
                0x00000000c000f0f4                GDT::getNumberOfEntries()
                0x00000000c000f0fc                GDT::flush()
                0x00000000c000f11e                GDT::setup()
 .text          0x00000000c000f21f       0x6b core/idle.32
                0x00000000c000f21f                idleFunction(void*)
 .text          0x00000000c000f28a      0x45e core/idt.32
                0x00000000c000f28a                IDTEntry::IDTEntry(bool)
                0x00000000c000f28a                IDTEntry::IDTEntry(bool)
                0x00000000c000f2f8                IDTEntry::setOffset(unsigned int)
                0x00000000c000f30c                IDT::IDT()
                0x00000000c000f30c                IDT::IDT()
                0x00000000c000f30e                IDT::getPointerToInvalidOpcodeEntryForF00F()
                0x00000000c000f316                IDT::addEntry(IDTEntry, int)
                0x00000000c000f330                IDT::addEntry(int, void (*)(), bool)
                0x00000000c000f368                IDT::flush()
                0x00000000c000f382                IDT::setup()
 .text          0x00000000c000f6e8      0x1fe core/kheap.32
                0x00000000c000f6e8                sbrk
                0x00000000c000f7f5                mmap
                0x00000000c000f80b                munmap
                0x00000000c000f821                liballoc_lock()
                0x00000000c000f82e                liballoc_unlock()
                0x00000000c000f842                liballoc_alloc(int)
                0x00000000c000f85d                liballoc_free(void*, int)
                0x00000000c000f878                realloc
                0x00000000c000f88c                malloc
                0x00000000c000f89c                free
                0x00000000c000f8ac                rfree
                0x00000000c000f8bc                calloc
 .text          0x00000000c000f8e6      0x11f core/main.32
                0x00000000c000f8e6                kernel_main
 .text          0x00000000c000fa05      0x56c core/physmgr.32
                0x00000000c000fa05                Phys::allocateDMA(unsigned long)
                0x00000000c000faa8                Phys::freeDMA(unsigned long, unsigned long)
                0x00000000c000faf0                Phys::setPageState(unsigned long, bool)
                0x00000000c000fb22                Phys::getPageState(unsigned long)
                0x00000000c000fb3e                Phys::freePage(unsigned long)
                0x00000000c000fbc8                Phys::allocatePage()
                0x00000000c000fcad                Phys::allocateContiguousPages(int)
                0x00000000c000fd09                Phys::allowSegmentToBeUsed(unsigned long, unsigned long)
                0x00000000c000fd41                Phys::physicalMemorySetup(unsigned int)
 *fill*         0x00000000c000ff71        0x1 
 .text          0x00000000c000ff72      0x273 core/pipe.32
                0x00000000c000ff72                Pipe::isAtty()
                0x00000000c000ff76                Pipe::~Pipe()
                0x00000000c000ff76                Pipe::~Pipe()
                0x00000000c000ff9a                Pipe::~Pipe()
                0x00000000c000ffc2                Pipe::read(unsigned long long, void*, int*)
                0x00000000c00100be                Pipe::write(unsigned long long, void*, int*)
                0x00000000c001017e                Pipe::Pipe(int)
                0x00000000c001017e                Pipe::Pipe(int)
 *fill*         0x00000000c00101e5        0x1 
 .text          0x00000000c00101e6      0xe4b core/terminal.32
                0x00000000c00101e6                VgaText::isAtty()
                0x00000000c00101ea                VgaText::~VgaText()
                0x00000000c00101ea                VgaText::~VgaText()
                0x00000000c001020e                VgaText::~VgaText()
                0x00000000c0010238                VgaText::read(unsigned long long, void*, int*)
                0x00000000c0010258                setTerminalScrollLock(bool)
                0x00000000c0010259                addToTerminalCycle(VgaText*)
                0x00000000c001027a                installVgaTextImplementation()
                0x00000000c001028f                scrollTerminalScrollLock(int)
                0x00000000c0010290                VgaText::load()
                0x00000000c00102de                VgaText::updateCursor()
                0x00000000c00102f4                VgaText::showCursor(bool)
                0x00000000c0010300                VgaText::disableBlink(bool)
                0x00000000c0010334                VgaText::doANSI_SGR(int)
                0x00000000c00103a8                VgaText::setDefaultBgColour(VgaColour)
                0x00000000c00103b8                VgaText::setDefaultFgColour(VgaColour)
                0x00000000c00103c8                VgaText::setDefaultColours(VgaColour, VgaColour)
                0x00000000c00103e8                VgaText::combineColours(unsigned char, unsigned char)
                0x00000000c00103fa                VgaText::scrollScreen()
                0x00000000c001048e                VgaText::combineCharAndColour(char, unsigned char)
                0x00000000c00104a0                VgaText::writeCharacter(char, VgaColour, VgaColour, int, int)
                0x00000000c00104fc                VgaText::getCursorX()
                0x00000000c0010504                VgaText::getCursorY()
                0x00000000c001050c                VgaText::setCursor(int, int)
                0x00000000c0010524                VgaText::setCursorX(int)
                0x00000000c001053c                VgaText::setCursorY(int)
                0x00000000c0010554                VgaText::incrementCursor(bool)
                0x00000000c00105a8                VgaText::updateRAMUsageDisplay(int)
                0x00000000c001060c                VgaText::updateDiskUsage()
                0x00000000c0010776                VgaText::updateTitle()
                0x00000000c00107ba                VgaText::setTitleTextColour(VgaColour)
                0x00000000c00107c8                VgaText::setTitleColour(VgaColour)
                0x00000000c00107d6                VgaText::setTitle(char*)
                0x00000000c00107fc                VgaText::decrementCursor(bool)
                0x00000000c001081e                VgaText::putchar(char, VgaColour, VgaColour)
                0x00000000c00108f6                VgaText::isShowingCursor()
                0x00000000c00108fe                VgaText::isBlinkDisabled()
                0x00000000c001090a                VgaText::setCursorHeight(int)
                0x00000000c0010922                VgaText::getCursorHeight()
                0x00000000c001092a                setActiveTerminal(VgaText*)
                0x00000000c00109d0                doTerminalCycle()
                0x00000000c00109ea                VgaText::doUpdate()
                0x00000000c00109f8                VgaText::puts(char const*, VgaColour, VgaColour)
                0x00000000c0010b70                VgaText::clearScreen()
                0x00000000c0010bca                VgaText::putchar(char)
                0x00000000c0010cb6                VgaText::puts(char const*)
                0x00000000c0010cdc                VgaText::putx(unsigned int)
                0x00000000c0010d22                VgaText::VgaText(char const*)
                0x00000000c0010d22                VgaText::VgaText(char const*)
                0x00000000c0010ed0                VgaText::receiveKey(unsigned char)
                0x00000000c0010fb8                VgaText::write(unsigned long long, void*, int*)
                0x00000000c001100c                newTerminal(char*)
 *fill*         0x00000000c0011031        0x1 
 .text          0x00000000c0011032      0x1b3 core/tss.32
                0x00000000c0011032                TSS::TSS()
                0x00000000c0011032                TSS::TSS()
                0x00000000c0011040                TSS::setESP(unsigned long)
                0x00000000c0011052                TSS::flush()
                0x00000000c0011072                TSS::setup(unsigned long, unsigned long)
 *fill*         0x00000000c00111e5        0x1 
 .text          0x00000000c00111e6      0x4c2 core/unixfile.32
                0x00000000c00111e6                ReservedFilename::read(unsigned long long, void*, int*)
                0x00000000c001123c                ReservedFilename::isAtty()
                0x00000000c0011258                ReservedFilename::write(unsigned long long, void*, int*)
                0x00000000c00112b6                UnixFile::getFileDescriptor()
                0x00000000c00112be                UnixFile::UnixFile(int)
                0x00000000c00112be                UnixFile::UnixFile(int)
                0x00000000c001146e                ReservedFilename::ReservedFilename(int)
                0x00000000c001146e                ReservedFilename::ReservedFilename(int)
                0x00000000c00114a0                UnixFile::~UnixFile()
                0x00000000c00114a0                UnixFile::~UnixFile()
                0x00000000c0011538                UnixFile::~UnixFile()
                0x00000000c0011560                ReservedFilename::~ReservedFilename()
                0x00000000c0011560                ReservedFilename::~ReservedFilename()
                0x00000000c0011584                ReservedFilename::~ReservedFilename()
                0x00000000c00115ab                getFromFileDescriptor(int)
 .text          0x00000000c00116a8     0x12f9 core/virtmgr.32
                0x00000000c00116a8                Virt::setPageState(unsigned long, Virt::VirtPageState)
                0x00000000c00116dd                Virt::getPageState(unsigned long)
                0x00000000c0011701                Virt::allocateKernelVirtualPages(int)
                0x00000000c0011812                Virt::freeSwapfilePage(unsigned long)
                0x00000000c0011830                Virt::swapIDToSector(unsigned long)
                0x00000000c0011842                Virt::allocateSwapfilePage()
                0x00000000c00118c0                Virt::virtualMemorySetup()
                0x00000000c001193f                Virt::swappingSetup()
                0x00000000c0011940                Virt::setupPageSwapping(int)
                0x00000000c0011b0c                VAS::VAS()
                0x00000000c0011b0c                VAS::VAS()
                0x00000000c0011b48                VAS::VAS(VAS*)
                0x00000000c0011b48                VAS::VAS(VAS*)
                0x00000000c0011b76                VAS::getForeignPageTableEntry(bool, unsigned long)
                0x00000000c0011ba2                VAS::getPageTableEntry(unsigned long)
                0x00000000c0011bc1                Virt::freeKernelVirtualPages(unsigned long)
                0x00000000c0011ce4                VAS::freeAllocatedPages(unsigned long)
                0x00000000c0011d08                VAS::virtualToPhysical(unsigned long)
                0x00000000c0011d20                VAS::reflagRange(unsigned long, int, int, int)
                0x00000000c0011d60                VAS::setToWriteCombining(unsigned long, int)
                0x00000000c0011d92                VAS::mapOtherVASIn(bool, VAS*)
                0x00000000c0011dbc                VAS::~VAS()
                0x00000000c0011dbc                VAS::~VAS()
                0x00000000c0011f38                VAS::mapPage(unsigned long, unsigned long, int)
                0x00000000c001203a                VAS::allocatePages(int, int)
                0x00000000c0012212                VAS::setCPUSpecific(unsigned long)
                0x00000000c001222e                VAS::mapRange(unsigned long, unsigned long, int, int)
                0x00000000c00122f4                VAS::mapForeignPage(bool, VAS*, unsigned long, unsigned long, int)
                0x00000000c00123e2                VAS::VAS(bool)
                0x00000000c00123e2                VAS::VAS(bool)
                0x00000000c0012662                VAS::evict(unsigned long)
                0x00000000c0012724                VAS::tryLoadBackOffDisk(unsigned long)
                0x00000000c0012834                VAS::scanForEviction()
                0x00000000c00128e5                mapVASFirstTime
 .text          0x00000000c00129a1       0x95 coreobjs/c++.32
                0x00000000c00129a1                __cxa_atexit
                0x00000000c00129a4                __cxa_finalize
                0x00000000c00129a5                __stack_chk_fail
                0x00000000c0012a11                __cxa_pure_virtual
                0x00000000c0012a22                operator new[](unsigned long)
                0x00000000c0012a27                operator delete(void*, unsigned long)
                0x00000000c0012a2c                operator delete[](void*)
                0x00000000c0012a31                operator delete[](void*, unsigned long)
 .text          0x00000000c0012a36      0x1ef dbg/kconsole.32
                0x00000000c0012a36                Dbg::stringifyxWithBase(unsigned int, char*, int)
                0x00000000c0012a97                Dbg::logc(char)
                0x00000000c0012aae                Dbg::logs(char*)
                0x00000000c0012acb                Dbg::logWriteInt(unsigned int)
                0x00000000c0012ae8                Dbg::logWriteIntBase(unsigned int, int)
                0x00000000c0012b07                Dbg::kprintf(char const*, ...)
 *fill*         0x00000000c0012c25        0x1 
 .text          0x00000000c0012c26      0xb82 fs/vfs.32
                0x00000000c0012c26                File::read(unsigned long long, void*, int*)
                0x00000000c0012c7e                File::write(unsigned long long, void*, int*)
                0x00000000c0012cd6                Directory::read(unsigned long long, void*, int*)
                0x00000000c0012d2e                Directory::write(unsigned long long, void*, int*)
                0x00000000c0012d5c                File::isAtty()
                0x00000000c0012d60                Directory::isAtty()
                0x00000000c0012d64                Filesystem::getlabel(LogicalDisk*, int, char*, unsigned int*)
                0x00000000c0012d6a                Filesystem::setlabel(LogicalDisk*, int, char*)
                0x00000000c0012d70                Filesystem::getFileFirstSector(char const*)
                0x00000000c0012d76                File::~File()
                0x00000000c0012d76                File::~File()
                0x00000000c0012d9a                File::~File()
                0x00000000c0012dc4                Directory::~Directory()
                0x00000000c0012dc4                Directory::~Directory()
                0x00000000c0012de8                Directory::~Directory()
                0x00000000c0012e12                Filesystem::Filesystem()
                0x00000000c0012e12                Filesystem::Filesystem()
                0x00000000c0012e36                Filesystem::~Filesystem()
                0x00000000c0012e36                Filesystem::~Filesystem()
                0x00000000c0012e44                Filesystem::~Filesystem()
                0x00000000c0012e68                Fs::getcwd(Process*, char*, int)
                0x00000000c0012e92                Fs::initVFS()
                0x00000000c0012ebc                Fs::standardiseFiles(char*, char const*, char const*)
                0x00000000c0013066                File::File(char const*, Process*)
                0x00000000c0013066                File::File(char const*, Process*)
                0x00000000c00130ca                File::open(FileOpenMode)
                0x00000000c0013128                File::close()
                0x00000000c0013188                File::seek(unsigned long long)
                0x00000000c00131de                File::tell(unsigned long long*)
                0x00000000c001322e                File::rewind()
                0x00000000c0013242                File::unlink()
                0x00000000c001328e                File::rename(char const*)
                0x00000000c00132dc                File::chfatattr(unsigned char, unsigned char)
                0x00000000c0013338                File::exists()
                0x00000000c0013376                File::stat(unsigned long long*, bool*)
                0x00000000c00133d7                Fs::setcwd(Process*, char*)
                0x00000000c0013512                Directory::Directory(char const*, Process*)
                0x00000000c0013512                Directory::Directory(char const*, Process*)
                0x00000000c0013576                Directory::open()
                0x00000000c00135d2                Directory::close()
                0x00000000c0013632                Directory::unlink()
                0x00000000c001367e                Directory::rename(char const*)
                0x00000000c00136cc                Directory::exists()
                0x00000000c001370a                Directory::read(dirent*)
                0x00000000c0013756                Directory::create()
                0x00000000c00137a2                Filesystem::chfatattr(char const*, unsigned char, unsigned char)
 .text          0x00000000c00137a8       0x84 hal/bus.32
                0x00000000c00137a8                Bus::Bus(char const*)
                0x00000000c00137a8                Bus::Bus(char const*)
                0x00000000c00137de                Bus::~Bus()
                0x00000000c00137de                Bus::~Bus()
                0x00000000c0013802                Bus::~Bus()
 .text          0x00000000c001382c      0x156 hal/buzzer.32
                0x00000000c001382c                Buzzer::Buzzer(char const*)
                0x00000000c001382c                Buzzer::Buzzer(char const*)
                0x00000000c0013870                Buzzer::~Buzzer()
                0x00000000c0013870                Buzzer::~Buzzer()
                0x00000000c0013894                Buzzer::~Buzzer()
                0x00000000c00138be                Buzzer::stop()
                0x00000000c00138d1                beepThread(void*)
                0x00000000c0013914                Buzzer::beep(int, int, bool)
 .text          0x00000000c0013982      0x467 hal/clock.32
                0x00000000c0013982                User::loadClockSettings(int)
                0x00000000c00139d4                Clock::Clock(char const*)
                0x00000000c00139d4                Clock::Clock(char const*)
                0x00000000c0013a0a                Clock::~Clock()
                0x00000000c0013a0a                Clock::~Clock()
                0x00000000c0013a2e                Clock::~Clock()
                0x00000000c0013a58                Clock::timeInSecondsLocal()
                0x00000000c0013aa0                Clock::setTimeInSecondsLocal(unsigned long long)
                0x00000000c0013af9                datetimeToSeconds(datetime_t)
                0x00000000c0013c20                Clock::setTimeInDatetimeLocal(datetime_t)
                0x00000000c0013c80                secondsToDatetime(unsigned long long)
                0x00000000c0013dc4                Clock::timeInDatetimeLocal()
 *fill*         0x00000000c0013de9        0x1 
 .text          0x00000000c0013dea      0x504 hal/device.32
                0x00000000c0013dea                Device::hibernate()
                0x00000000c0013dec                Device::wake()
                0x00000000c0013dee                Device::detect()
                0x00000000c0013df0                Device::disableLegacy()
                0x00000000c0013df2                Device::powerSaving(PowerSavingLevel)
                0x00000000c0013df4                DriverlessDevice::close(int, int, void*)
                0x00000000c0013df8                DriverlessDevice::detect()
                0x00000000c0013dfa                DriverlessDevice::open(int, int, void*)
                0x00000000c0013e0e                Device::~Device()
                0x00000000c0013e0e                Device::~Device()
                0x00000000c0013e1c                Device::~Device()
                0x00000000c0013e44                Device::findAndLoadDriver()
                0x00000000c0013e52                Device::preOpenPCI(PCIDeviceInfo)
                0x00000000c0013e78                Device::preOpenACPI(void*, char*, char*)
                0x00000000c0013eb8                Device::addIRQHandler(int, void (*)(regs*, void*), bool, void*)
                0x00000000c0013ef6                Device::getParent()
                0x00000000c0013f02                Device::removeIRQHandler(int, void (*)(regs*, void*), bool)
                0x00000000c0013f40                Device::addChild(Device*)
                0x00000000c0013f84                Device::removeAllChildren()
                0x00000000c0013fca                Device::hibernateAll()
                0x00000000c0013ffa                Device::wakeAll()
                0x00000000c001402a                Device::detectAll()
                0x00000000c001405a                Device::disableLegacyAll()
                0x00000000c001408a                Device::loadDriversForAll()
                0x00000000c00140ca                Device::closeAll()
                0x00000000c0014100                Device::powerSavingAll(PowerSavingLevel)
                0x00000000c0014136                Device::setName(char const*)
                0x00000000c0014144                Device::Device(char const*)
                0x00000000c0014144                Device::Device(char const*)
                0x00000000c0014240                Device::getName()
                0x00000000c001424a                DriverlessDevice::DriverlessDevice(char const*)
                0x00000000c001424a                DriverlessDevice::DriverlessDevice(char const*)
                0x00000000c0014280                Device::addToLinkedList(LinkedList<Device>&, DeviceType)
                0x00000000c00142c4                getDevicesOfType(DeviceType)
 .text          0x00000000c00142ee       0x84 hal/diskctrl.32
                0x00000000c00142ee                HardDiskController::HardDiskController(char const*)
                0x00000000c00142ee                HardDiskController::HardDiskController(char const*)
                0x00000000c0014324                HardDiskController::~HardDiskController()
                0x00000000c0014324                HardDiskController::~HardDiskController()
                0x00000000c0014348                HardDiskController::~HardDiskController()
 .text          0x00000000c0014372       0xf2 hal/diskphys.32
                0x00000000c0014372                PhysicalDisk::eject()
                0x00000000c0014386                PhysicalDisk::PhysicalDisk(char const*, int)
                0x00000000c0014386                PhysicalDisk::PhysicalDisk(char const*, int)
                0x00000000c00143ee                PhysicalDisk::startCache()
                0x00000000c0014416                PhysicalDisk::~PhysicalDisk()
                0x00000000c0014416                PhysicalDisk::~PhysicalDisk()
                0x00000000c001443a                PhysicalDisk::~PhysicalDisk()
 .text          0x00000000c0014464      0x13b hal/fpu.32
                0x00000000c0014464                FPU::FPU(char const*)
                0x00000000c0014464                FPU::FPU(char const*)
                0x00000000c001449a                FPU::~FPU()
                0x00000000c001449a                FPU::~FPU()
                0x00000000c00144be                FPU::~FPU()
                0x00000000c00144e8                setupFPU()
 *fill*         0x00000000c001459f        0x1 
 .text          0x00000000c00145a0     0x1413 hal/intctrl.32
                0x00000000c00145a0                InterruptController::uninstallISRHandler(int, void (*)(regs*, void*))
                0x00000000c00145d8                InterruptController::installISRHandler(int, void (*)(regs*, void*), void*)
                0x00000000c001462a                doubleFault(regs*, void*)
                0x00000000c0014644                InterruptController::installIRQHandler(int, void (*)(regs*, void*), bool, void*)
                0x00000000c00146e0                InterruptController::clearAllHandlers(int, bool)
                0x00000000c0014788                InterruptController::uninstallIRQHandler(int, void (*)(regs*, void*), bool)
                0x00000000c001480f                nmiHandler(regs*, void*)
                0x00000000c001481d                int_handler
                0x00000000c00148be                InterruptController::InterruptController(char const*)
                0x00000000c00148be                InterruptController::InterruptController(char const*)
                0x00000000c0014964                InterruptController::~InterruptController()
                0x00000000c0014964                InterruptController::~InterruptController()
                0x00000000c0014988                InterruptController::~InterruptController()
                0x00000000c00149b2                displayDebugInfo(regs*)
                0x00000000c0014e41                x87EmulHandler(regs*, void*)
                0x00000000c0014eb4                gpFault(regs*, void*)
                0x00000000c0014eed                pgFault(regs*, void*)
                0x00000000c0014f04                otherISRHandler(regs*, void*)
                0x00000000c0014f23                opcodeFault(regs*, void*)
                0x00000000c0015540                displayProgramFault(char const*)
                0x00000000c0015568                setupInterruptController()
                0x00000000c0015966                InterruptController::convertLegacyIRQNumber(int)
 *fill*         0x00000000c00159b3        0x1 
 .text          0x00000000c00159b4      0x794 hal/keybrd.32
                0x00000000c00159b4                startGUI(void*)
                0x00000000c0015a20                startGUIVESA(void*)
                0x00000000c0015a8c                sendKeyToTerminal(unsigned char)
                0x00000000c0015b4a                sendKeyboardToken(KeyboardToken)
                0x00000000c0015f87                clearInternalKeybuffer(VgaText*)
                0x00000000c0015fbc                readKeyboard(VgaText*, char*, unsigned long)
                0x00000000c00160be                Keyboard::Keyboard(char const*)
                0x00000000c00160be                Keyboard::Keyboard(char const*)
                0x00000000c00160fa                Keyboard::~Keyboard()
                0x00000000c00160fa                Keyboard::~Keyboard()
                0x00000000c001611e                Keyboard::~Keyboard()
 .text          0x00000000c0016148      0x414 hal/logidisk.32
                0x00000000c0016148                LogicalDisk::close(int, int, void*)
                0x00000000c001614c                LogicalDisk::~LogicalDisk()
                0x00000000c001614c                LogicalDisk::~LogicalDisk()
                0x00000000c0016170                LogicalDisk::~LogicalDisk()
                0x00000000c001619a                LogicalDisk::open(int, int, void*)
                0x00000000c00161ae                LogicalDisk::absoluteToRelative(unsigned long long)
                0x00000000c00161e6                LogicalDisk::relativeToAbsolute(unsigned long long)
                0x00000000c001622c                LogicalDisk::LogicalDisk(char const*, PhysicalDisk*, unsigned long long, unsigned long long)
                0x00000000c001622c                LogicalDisk::LogicalDisk(char const*, PhysicalDisk*, unsigned long long, unsigned long long)
                0x00000000c00162e2                LogicalDisk::assignDriveLetter()
                0x00000000c0016398                LogicalDisk::mount()
                0x00000000c001640a                LogicalDisk::unmount()
                0x00000000c001641a                LogicalDisk::eject()
                0x00000000c001642e                LogicalDisk::unassignDriveLetter()
                0x00000000c0016484                LogicalDisk::read(unsigned long long, int, void*)
                0x00000000c00164f0                LogicalDisk::write(unsigned long long, int, void*)
 .text          0x00000000c001655c       0x84 hal/mouse.32
                0x00000000c001655c                Mouse::Mouse(char const*)
                0x00000000c001655c                Mouse::Mouse(char const*)
                0x00000000c0016592                Mouse::~Mouse()
                0x00000000c0016592                Mouse::~Mouse()
                0x00000000c00165b6                Mouse::~Mouse()
 .text          0x00000000c00165e0      0x359 hal/partition.32
                0x00000000c00165e0                makePartition(PhysicalDisk*, unsigned long long, unsigned long long)
                0x00000000c00166a8                createPartitionsForDisk(PhysicalDisk*)
 *fill*         0x00000000c0016939        0x1 
 .text          0x00000000c001693a       0x84 hal/serial.32
                0x00000000c001693a                Serial::Serial(char const*)
                0x00000000c001693a                Serial::Serial(char const*)
                0x00000000c0016970                Serial::~Serial()
                0x00000000c0016970                Serial::~Serial()
                0x00000000c0016994                Serial::~Serial()
 .text          0x00000000c00169be      0x2f3 hal/timer.32
                0x00000000c00169be                Timer::Timer(char const*)
                0x00000000c00169be                Timer::Timer(char const*)
                0x00000000c00169f4                Timer::~Timer()
                0x00000000c00169f4                Timer::~Timer()
                0x00000000c0016a18                Timer::~Timer()
                0x00000000c0016a42                Timer::read()
                0x00000000c0016a4d                timerHandler(unsigned long long)
                0x00000000c0016bbf                setupTimer(int)
 *fill*         0x00000000c0016cb1        0x1 
 .text          0x00000000c0016cb2      0x409 hal/vcache.32
                0x00000000c0016cb2                VCache::VCache(PhysicalDisk*)
                0x00000000c0016cb2                VCache::VCache(PhysicalDisk*)
                0x00000000c0016e1a                VCache::invalidateReadBuffer()
                0x00000000c0016e2a                VCache::writeWriteBuffer()
                0x00000000c0016e66                VCache::~VCache()
                0x00000000c0016e66                VCache::~VCache()
                0x00000000c0016eba                VCache::~VCache()
                0x00000000c0016ee2                VCache::write(unsigned long long, int, void*)
                0x00000000c0016fcc                VCache::read(unsigned long long, int, void*)
 *fill*         0x00000000c00170bb        0x1 
 .text          0x00000000c00170bc      0x4cd hal/video.32
                0x00000000c00170bc                Video::putrect(int, int, int, int, unsigned int)
                0x00000000c0017108                Video::bitblit(int, int, int, int, int, int, int, unsigned int*)
                0x00000000c0017178                Video::blit(unsigned int*, int, int, int, int)
                0x00000000c00171f6                Video::clearScreen(unsigned int)
                0x00000000c001722a                Video::putpixel(int, int, unsigned int)
                0x00000000c0017238                Video::Video(char const*)
                0x00000000c0017238                Video::Video(char const*)
                0x00000000c001726e                Video::~Video()
                0x00000000c001726e                Video::~Video()
                0x00000000c0017292                Video::~Video()
                0x00000000c00172bc                Video::isMonochrome()
                0x00000000c00172c8                Video::getWidth()
                0x00000000c00172d4                Video::getHeight()
                0x00000000c00172e0                Video::drawCursor(int, int, unsigned char*, int)
                0x00000000c001739c                Video::tgaParse(unsigned char*, int, int*, int*)
                0x00000000c001751e                Video::putTGA(int, int, unsigned char*, int)
 *fill*         0x00000000c0017589        0x1 
 .text          0x00000000c001758a     0x12bd hw/acpi.32
                0x00000000c001758a                ACPI::close(int, int, void*)
                0x00000000c001763f                findRSDP()
                0x00000000c00176d9                loadACPITables(unsigned char*)
                0x00000000c0017930                findRSDT(unsigned char*)
                0x00000000c0017a7a                findDataTable(unsigned char*, char*)
                0x00000000c0017b16                scanMADT()
                0x00000000c0017f9c                ACPI::ACPI()
                0x00000000c0017f9c                ACPI::ACPI()
                0x00000000c0018006                ACPI::getPCIIRQAssignment(unsigned char, unsigned short, unsigned char)
                0x00000000c00180e8                ACPI::registerPCIIRQAssignment(void*, unsigned short, unsigned char, unsigned char)
                0x00000000c00181ae                ACPI::setScreenBrightnessLevel(void*, int)
                0x00000000c00181b4                ACPI::writeSimpleBootFlag(SimpleBootFlagTable*)
                0x00000000c00181fc                ACPI::sleep()
                0x00000000c0018214                ACPI::open(int, int, void*)
 *fill*         0x00000000c0018847        0x1 
 .text          0x00000000c0018848     0x1717 hw/cpu.32
                0x00000000c0018848                CPU::close(int, int, void*)
                0x00000000c001884c                CPU::lookupAMDName(unsigned char, unsigned char)
                0x00000000c00189e0                CPU::lookupIntelName(unsigned char, unsigned char)
                0x00000000c0018c8e                CPU::AMD_K6_write_msr(unsigned int, unsigned int, unsigned int, CPU::REGS*)
                0x00000000c0018caa                CPU::AMD_K6_read_msr(unsigned int, CPU::REGS*)
                0x00000000c0018cc2                CPU::AMD_K6_writeback(int, int, int)
                0x00000000c0018d36                CPU::cpuid(int, unsigned long*, unsigned long*, unsigned long*, unsigned long*)
                0x00000000c0018dba                CPU::cpuidCheckEDX(unsigned int)
                0x00000000c0018de8                CPU::cpuidCheckECX(unsigned int)
                0x00000000c0018e16                CPU::cpuidCheckExtendedEBX(unsigned int)
                0x00000000c0018e44                CPU::cpuidCheckExtendedECX(unsigned int)
                0x00000000c0018e72                CPU::CPU()
                0x00000000c0018e72                CPU::CPU()
                0x00000000c0018f00                CPU::displayFeatures()
                0x00000000c001917c                CPU::detectFeatures()
                0x00000000c0019b6e                CPU::setupSMEP()
                0x00000000c0019b7a                CPU::setupUMIP()
                0x00000000c0019b84                CPU::setupTSC()
                0x00000000c0019b8e                CPU::setupLargePages()
                0x00000000c0019b98                CPU::setupPAT()
                0x00000000c0019bd4                CPU::setupMTRR()
                0x00000000c0019bd6                CPU::setupGlobalPages()
                0x00000000c0019be0                CPU::allowUsermodeDataAccess()
                0x00000000c0019bf2                CPU::prohibitUsermodeDataAccess()
                0x00000000c0019c04                CPU::setupSMAP()
                0x00000000c0019c12                CPU::setupFeatures()
                0x00000000c0019c92                CPU::open(int, int, void*)
                0x00000000c0019d64                CPU::decodeAddress(regs*, int*, bool*, unsigned char*)
 .text          0x00000000c0019f5f        0x0 hw/ports.32
 .text          0x00000000c0019f5f      0x16a hw/smp.32
                0x00000000c0019f5f                Krnl::smpEntry()
                0x00000000c0019f61                Krnl::startCPU(int)
                0x00000000c001a0aa                Krnl::startCPUs()
 *fill*         0x00000000c001a0c9        0x1 
 .text          0x00000000c001a0ca      0x5cd krnl/env.32
                0x00000000c001a0ca                EnvVarContainer::getEnv(char const*)
                0x00000000c001a108                EnvVarContainer::setEnv(char const*, char const*)
                0x00000000c001a1ca                EnvVarContainer::deleteEnv(char const*)
                0x00000000c001a1cc                EnvVarContainer::loadFrom(char const*, char const*)
                0x00000000c001a3ce                EnvVarContainer::__loadSystem()
                0x00000000c001a3e8                EnvVarContainer::__loadUser()
                0x00000000c001a3ea                EnvVarContainer::EnvVarContainer(Process*)
                0x00000000c001a3ea                EnvVarContainer::EnvVarContainer(Process*)
                0x00000000c001a40c                EnvVarContainer::~EnvVarContainer()
                0x00000000c001a40c                EnvVarContainer::~EnvVarContainer()
                0x00000000c001a43c                Krnl::getEnv(Process*, char const*)
                0x00000000c001a4a1                Krnl::setEnvSystem(char const*, char const*)
                0x00000000c001a4bb                Krnl::setEnvUser(char const*, char const*)
                0x00000000c001a4da                Krnl::setEnvProcess(Process*, char const*, char const*)
                0x00000000c001a4ed                Krnl::deleteEnvSystem(char const*)
                0x00000000c001a4ee                Krnl::deleteEnvUser(char const*)
                0x00000000c001a4ef                Krnl::deleteEnvProcess(Process*, char const*)
                0x00000000c001a4f0                Krnl::newProcessEnv(Process*)
                0x00000000c001a512                Krnl::copyProcessEnv(Process*, Process*)
                0x00000000c001a55e                Krnl::loadSystemEnv()
                0x00000000c001a58c                Krnl::loadUserEnv()
                0x00000000c001a5b2                Krnl::flushEnv()
                0x00000000c001a5b3                Krnl::getProcessTotalEnvCount(Process*)
                0x00000000c001a5d3                Krnl::getProcessEnvPair(Process*, int)
 .text          0x00000000c001a697      0x396 krnl/panic.32
                0x00000000c001a697                Krnl::panic(char const*)
 .text          0x00000000c001aa2d      0x57f net/ethernet.32
                0x00000000c001aa2d                Net::switchEndian16(unsigned short)
                0x00000000c001aa4e                Net::switchEndian32(unsigned int)
                0x00000000c001aa7d                Net::crc32Calc(unsigned char*, int)
                0x00000000c001ab0e                Net::wrapEthernetFrame(Net::UnwrappedEthernetFrame, unsigned char*)
                0x00000000c001ad21                Net::unwrapEthernetFrame(unsigned char*, int)
 .text          0x00000000c001afac      0x50e reg/registry.32
                0x00000000c001afac                Reg::findLineFromLoadedData(char*, char*, char*)
                0x00000000c001b104                Reg::getLineFromRegistry(char*, char*, char*, char*)
                0x00000000c001b259                Reg::getLine(char*, char*, char*)
                0x00000000c001b290                Reg::readInt(char*, char*, int*)
                0x00000000c001b37b                Reg::readString(char*, char*, char*, int)
                0x00000000c001b3fc                Reg::readBool(char*, char*, bool*)
                0x00000000c001b421                Reg::readBoolWithDefault(char*, char*, bool)
                0x00000000c001b44d                Reg::readIntWithDefault(char*, char*, int)
                0x00000000c001b479                Reg::readStringWithDefault(char*, char*, char*, int, char*)
 .text          0x00000000c001b4ba       0x36 sys/sc_eject.32
                0x00000000c001b4ba                Sys::eject(regs*)
 .text          0x00000000c001b4f0       0x18 sys/sc_exit.32
                0x00000000c001b4f0                Sys::exit(regs*)
 .text          0x00000000c001b508       0x1f sys/sc_getcwd.32
                0x00000000c001b508                Sys::getCwd(regs*)
 .text          0x00000000c001b527        0xc sys/sc_getpid.32
                0x00000000c001b527                Sys::getPID(regs*)
 .text          0x00000000c001b533       0x17 sys/sc_getramdata.32
                0x00000000c001b533                Sys::getRAMData(regs*)
 .text          0x00000000c001b54a       0x84 sys/sc_getvgaptr.32
                0x00000000c001b54a                Sys::getVGAPtr(regs*)
 .text          0x00000000c001b5ce       0xa8 sys/sc_loaddll.32
                0x00000000c001b5ce                Sys::loadDLL(regs*)
 .text          0x00000000c001b676       0x68 sys/sc_read.32
                0x00000000c001b676                Sys::read(regs*)
 .text          0x00000000c001b6de       0x55 sys/sc_sbrk.32
                0x00000000c001b6de                Sys::sbrk(regs*)
 .text          0x00000000c001b733       0x1c sys/sc_setcwd.32
                0x00000000c001b733                Sys::setCwd(regs*)
 .text          0x00000000c001b74f      0x128 sys/sc_settime.32
                0x00000000c001b74f                Sys::setTime(regs*)
 .text          0x00000000c001b877       0x4a sys/sc_timezone.32
                0x00000000c001b877                Sys::timezone(regs*)
 .text          0x00000000c001b8c1       0x68 sys/sc_write.32
                0x00000000c001b8c1                Sys::write(regs*)
 .text          0x00000000c001b929       0x62 sys/sc_wsbe.32
                0x00000000c001b929                Sys::wsbe(regs*)
 .text          0x00000000c001b98b       0x46 sys/sc_yield.32
                0x00000000c001b98b                Sys::yield(regs*)
 .text          0x00000000c001b9d1     0x1101 sys/syscalls.32
                0x00000000c001b9d1                sysCallSeekDir(regs*)
                0x00000000c001b9d6                sysCallTellDir(regs*)
                0x00000000c001b9db                sysCallVerify(regs*)
                0x00000000c001b9e5                sysFormatDisk(regs*)
                0x00000000c001ba4f                sysSetDiskVolumeLabel(regs*)
                0x00000000c001ba95                sysGetDiskVolumeLabel(regs*)
                0x00000000c001bae6                sysShutdown(regs*)
                0x00000000c001bb44                sysCallRealpath(regs*)
                0x00000000c001bb87                sysCallGetArgc(regs*)
                0x00000000c001bbb5                sysCallReadDir(regs*)
                0x00000000c001bc43                sysCallIsATTY(regs*)
                0x00000000c001bc9d                sysCallSeek(regs*)
                0x00000000c001bd06                sysCallTell(regs*)
                0x00000000c001bd83                sysCallSize(regs*)
                0x00000000c001be06                sysCallSizeFromFilename(regs*)
                0x00000000c001bec6                sysCallClose(regs*)
                0x00000000c001bf4e                sysCallOpenDir(regs*)
                0x00000000c001bfc3                sysCallCloseDir(regs*)
                0x00000000c001c029                sysCallMakeDir(regs*)
                0x00000000c001c099                sysCallWait(regs*)
                0x00000000c001c0b3                sysCallNotImpl(regs*)
                0x00000000c001c0ce                sysPanic(regs*)
                0x00000000c001c0f4                sysCallRmdir(regs*)
                0x00000000c001c158                sysCallUnlink(regs*)
                0x00000000c001c1bc                sysCallGetArgv(regs*)
                0x00000000c001c208                sysCallTTYName(regs*)
                0x00000000c001c28b                sysCallUSleep(regs*)
                0x00000000c001c2b2                sysCallSpawn(regs*)
                0x00000000c001c327                sysCallGetEnv(regs*)
                0x00000000c001c45f                sysAppSettings(regs*)
                0x00000000c001c573                sysSetFatAttrib(regs*)
                0x00000000c001c5e5                sysPipe(regs*)
                0x00000000c001c62a                sysGetUnixTime(regs*)
                0x00000000c001c63e                string_ends_with(char const*, char const*)
                0x00000000c001c686                sysCallOpen(regs*)
                0x00000000c001c89b                Sys::loadSyscalls()
                0x00000000c001ca90                Sys::systemCall(regs*, void*)
 .text          0x00000000c001cad2     0x11fd thr/elf.32
                0x00000000c001cad2                Thr::allocateMemoryForTask(Process*, File*, unsigned long, unsigned long, unsigned long)
                0x00000000c001cd7c                Thr::loadProgramIntoMemory(Process*, char const*)
                0x00000000c001cf92                Thr::runtimeReferenceHelper()
                0x00000000c001cfa5                Thr::getAddressOfKernelSymbol(char const*)
                0x00000000c001cff4                Thr::loadKernelSymbolTable(char const*)
                0x00000000c001d2b2                Thr::loadDriverIntoMemory(char const*, unsigned long, bool)
                0x00000000c001d9e8                Thr::getDriverBaseFromAddress(unsigned long)
                0x00000000c001da1a                Thr::getDriverNameFromAddress(unsigned long)
                0x00000000c001da51                Thr::getDriverOffsetFromAddress(unsigned long)
                0x00000000c001da6b                Thr::loadDLL(char const*, bool)
                0x00000000c001dc96                Thr::executeDLL(unsigned long, void*)
 *fill*         0x00000000c001dccf        0x1 
 .text          0x00000000c001dcd0     0x1315 thr/prcssthr.32
                0x00000000c001dcd0                userModeEntryPoint(void*)
                0x00000000c001dcf6                changeTSS
                0x00000000c001dd26                switchToThread(ThreadControlBlock*)
                0x00000000c001ddd0                Process::addArgs(char**)
                0x00000000c001de2a                Process::Process(char const*, Process*, char**)
                0x00000000c001de2a                Process::Process(char const*, Process*, char**)
                0x00000000c001e00e                Process::Process(bool, char const*, Process*, char**)
                0x00000000c001e00e                Process::Process(bool, char const*, Process*, char**)
                0x00000000c001e1bd                taskStartupFunction
                0x00000000c001e1c6                Semaphore::Semaphore(int)
                0x00000000c001e1c6                Semaphore::Semaphore(int)
                0x00000000c001e1f4                Mutex::Mutex()
                0x00000000c001e1f4                Mutex::Mutex()
                0x00000000c001e206                Process::createThread(void (*)(void*), void*, int)
                0x00000000c001e30c                Process::createUserThread()
                0x00000000c001e328                setupMultitasking(void (*)())
                0x00000000c001e44a                schedule()
                0x00000000c001e4d0                Semaphore::tryAcquire()
                0x00000000c001e58c                Semaphore::assertLocked(char const*)
                0x00000000c001e5fb                blockTaskWithSchedulerLockAlreadyHeld(TaskState)
                0x00000000c001e649                blockTask(TaskState)
                0x00000000c001e676                waitTask(int, int*, int)
                0x00000000c001e6b8                nanoSleepUntil(unsigned long long)
                0x00000000c001e74d                nanoSleep(unsigned long long)
                0x00000000c001e765                sleep(unsigned long long)
                0x00000000c001e782                Semaphore::acquire()
                0x00000000c001e824                taskReturned
                0x00000000c001e85f                Thr::processFromPID(int)
                0x00000000c001e90e                unblockTask(ThreadControlBlock*)
                0x00000000c001e9bb                cleanupTerminatedTask(ThreadControlBlock*)
                0x00000000c001ec84                cleanerTaskFunction(void*)
                0x00000000c001ed7d                terminateTask(int)
                0x00000000c001eeaf                Thr::terminateFromIRQ(int)
                0x00000000c001eebc                Semaphore::release()
 .text          0x00000000c001efe5      0xada vm86/vm8086.32
                0x00000000c001efe5                Vm::inbv(unsigned short)
                0x00000000c001eff8                Vm::outbv(unsigned short, unsigned char)
                0x00000000c001f02e                Vm::realToLinear(unsigned short, unsigned short)
                0x00000000c001f03e                Vm::getSegment(unsigned int)
                0x00000000c001f046                Vm::getOffset(unsigned int)
                0x00000000c001f04b                Vm::mainloop2()
                0x00000000c001f085                Vm::mainVm8086Loop(void*)
                0x00000000c001f095                Vm::mainloop3(unsigned long)
                0x00000000c001f0bb                Vm::initialise8086()
                0x00000000c001f0fe                Vm::finish8086()
                0x00000000c001f15f                Vm::getOutput8086(unsigned char*)
                0x00000000c001f184                Vm::start8086(char const*, unsigned short, unsigned short, unsigned short, unsigned short)
                0x00000000c001f2ec                Vm::doISR(regs*, int, unsigned char*, unsigned short, unsigned short)
                0x00000000c001f376                Vm::readByteFromReal(unsigned short, unsigned short)
                0x00000000c001f387                Vm::readWordFromReal(unsigned short, unsigned short)
                0x00000000c001f399                Vm::readDwordFromReal(unsigned short, unsigned short)
                0x00000000c001f3aa                Vm::writeByteFromReal(unsigned short, unsigned short, unsigned char)
                0x00000000c001f3bf                Vm::writeWordFromReal(unsigned short, unsigned short, unsigned short)
                0x00000000c001f3d5                Vm::writeDwordFromReal(unsigned short, unsigned short, unsigned int)
                0x00000000c001f3ea                Vm::faultHandler(regs*)
 .text          0x00000000c001fabf      0xefd vm86/x87em.32
                0x00000000c001fabf                Vm::fpuInternalTo32(unsigned long long)
                0x00000000c001fb1a                Vm::fpuInternalTo64(unsigned long long)
                0x00000000c001fb23                Vm::fpu32ToInternal(unsigned int)
                0x00000000c001fb68                Vm::fpu64ToInternal(unsigned long long)
                0x00000000c001fb71                Vm::fpuFloatToLong(unsigned long long)
                0x00000000c001fbcc                Vm::fpuULongToFloat(unsigned long long)
                0x00000000c001fc02                Vm::fpuLongToFloat(long long)
                0x00000000c001fc58                Vm::fpuGet0()
                0x00000000c001fc5d                Vm::fpuGet1()
                0x00000000c001fc65                Vm::fpuGetPi()
                0x00000000c001fc6d                Vm::fpuGetLog2E()
                0x00000000c001fc85                Vm::fpuGetLogE2()
                0x00000000c001fc9d                Vm::fpuGetLog210()
                0x00000000c001fcb5                Vm::fpuGetLog102()
                0x00000000c001fccd                Vm::fpuIsSecondLarger(unsigned long long, unsigned long long)
                0x00000000c001fce1                Vm::fpuAreEqual(unsigned long long, unsigned long long)
                0x00000000c001fcf7                Vm::fpuUnorderedCompare(unsigned long long, unsigned long long)
                0x00000000c001fd4a                Vm::fpuAdd(unsigned long long, unsigned long long)
                0x00000000c001fd5b                Vm::fpuAbs(unsigned long long)
                0x00000000c001fd64                Vm::fpuChs(unsigned long long)
                0x00000000c001fd74                Vm::fpuSub(unsigned long long, unsigned long long)
                0x00000000c001fd83                Vm::fpuMultiply(unsigned long long, unsigned long long)
                0x00000000c001fda2                Vm::fpuDivide(unsigned long long, unsigned long long)
                0x00000000c001fdbe                Vm::fpuSquare(unsigned long long)
                0x00000000c001fdd4                Vm::fpuGetReg(int)
                0x00000000c001fe17                Vm::fpuSetReg(int, unsigned long long)
                0x00000000c001fe62                Vm::fpuPush(unsigned long long)
                0x00000000c001febf                Vm::fpuPop()
                0x00000000c001ff11                Vm::x87Handler(regs*)
 .text          0x00000000c00209bc     0x1203 fs/fat/vfslink.32
                0x00000000c00209bc                FAT::getName()
                0x00000000c00209c2                FAT::tell(void*, unsigned long long*)
                0x00000000c00209f6                FAT::stat(void*, unsigned long long*)
                0x00000000c0020a2a                FAT::~FAT()
                0x00000000c0020a2a                FAT::~FAT()
                0x00000000c0020a4e                FAT::~FAT()
                0x00000000c0020a76                FAT::getlabel(LogicalDisk*, int, char*, unsigned int*)
                0x00000000c0020b14                FAT::setlabel(LogicalDisk*, int, char*)
                0x00000000c0020bce                FAT::format(LogicalDisk*, int, char const*, int)
                0x00000000c0020db2                FAT::tryMount(LogicalDisk*, int)
                0x00000000c0020fb8                FAT::getFileFirstSector(char const*)
                0x00000000c002107a                FAT::readDir(void*, unsigned long, void*, int*)
                0x00000000c00211d4                FAT::read(void*, unsigned long, void*, int*)
                0x00000000c002122e                FAT::write(void*, unsigned long, void*, int*)
                0x00000000c0021288                FAT::close(void*)
                0x00000000c00212d4                FAT::closeDir(void*)
                0x00000000c0021320                FAT::seek(void*, unsigned long long)
                0x00000000c0021374                fatWrapperReadDisk
                0x00000000c00213bb                fatWrapperWriteDisk
                0x00000000c0021402                fatWrapperIoctl
                0x00000000c0021506                FAT::FAT()
                0x00000000c0021506                FAT::FAT()
                0x00000000c0021558                FAT::fixFilepath(char*)
                0x00000000c0021590                FAT::open(char const*, void**, FileOpenMode)
                0x00000000c00216b8                FAT::openDir(char const*, void**)
                0x00000000c002175e                FAT::stat(char const*, unsigned long long*, bool*)
                0x00000000c0021848                FAT::unlink(char const*)
                0x00000000c00218c2                FAT::chfatattr(char const*, unsigned char, unsigned char)
                0x00000000c0021a16                FAT::rename(char const*, char const*)
                0x00000000c0021ada                FAT::mkdir(char const*)
                0x00000000c0021b54                FAT::exists(char const*)
 *fill*         0x00000000c0021bbf        0x1 
 .text          0x00000000c0021bc0      0xba5 fs/iso9660/vfslink.32
                0x00000000c0021bc0                ISO9660::format(LogicalDisk*, int, char const*, int)
                0x00000000c0021bc6                ISO9660::seek(void*, unsigned long long)
                0x00000000c0021bf6                ISO9660::tell(void*, unsigned long long*)
                0x00000000c0021c1a                ISO9660::getName()
                0x00000000c0021c20                ISO9660::stat(void*, unsigned long long*)
                0x00000000c0021c44                ISO9660::chfatattr(char const*, unsigned char, unsigned char)
                0x00000000c0021c4a                ISO9660::unlink(char const*)
                0x00000000c0021c50                ISO9660::write(void*, unsigned long, void*, int*)
                0x00000000c0021c56                ISO9660::rename(char const*, char const*)
                0x00000000c0021c5c                ISO9660::mkdir(char const*)
                0x00000000c0021c62                ISO9660::close(void*)
                0x00000000c0021c84                ISO9660::closeDir(void*)
                0x00000000c0021ca6                ISO9660::~ISO9660()
                0x00000000c0021ca6                ISO9660::~ISO9660()
                0x00000000c0021cca                ISO9660::~ISO9660()
                0x00000000c0021cf1                __memmem(unsigned char*, int, unsigned char*, int)
                0x00000000c0021d33                readSectorFromCDROM(unsigned int, unsigned char*, char)
                0x00000000c0021d8e                ISO9660::tryMount(LogicalDisk*, int)
                0x00000000c0021dde                ISO9660::read(void*, unsigned long, void*, int*)
                0x00000000c0021fe2                ISO9660::readDir(void*, unsigned long, void*, int*)
                0x00000000c002225c                readRoot(unsigned int*, unsigned int*, char)
                0x00000000c00222b0                readRecursively(char*, unsigned int, unsigned int, unsigned int*, unsigned int*, char, int*)
                0x00000000c0022483                getFileData(char*, unsigned int*, unsigned int*, char, int*)
                0x00000000c0022512                ISO9660::open(char const*, void**, FileOpenMode)
                0x00000000c00225d2                ISO9660::exists(char const*)
                0x00000000c00225f6                ISO9660::stat(char const*, unsigned long long*, bool*)
                0x00000000c002268a                ISO9660::openDir(char const*, void**)
                0x00000000c0022742                ISO9660::ISO9660()
                0x00000000c0022742                ISO9660::ISO9660()
 *fill*         0x00000000c0022765        0x1 
 .text          0x00000000c0022766      0x3a6 hal/sound/sndchannel.32
                0x00000000c0022766                SoundChannel::SoundChannel(int, int, int, int)
                0x00000000c0022766                SoundChannel::SoundChannel(int, int, int, int)
                0x00000000c00228a0                SoundChannel::~SoundChannel()
                0x00000000c00228a0                SoundChannel::~SoundChannel()
                0x00000000c00228bc                SoundChannel::getSampleRate()
                0x00000000c00228c4                SoundChannel::getBits()
                0x00000000c00228cc                SoundChannel::getBufferUsed()
                0x00000000c00228d4                SoundChannel::getBufferSize()
                0x00000000c00228dc                SoundChannel::unbuffer(float*, int, int)
                0x00000000c0022970                SoundChannel::buffer16(short*, int)
                0x00000000c0022a6c                SoundChannel::buffer8(unsigned char*, int)
 .text          0x00000000c0022b0c      0x504 hal/sound/sndhw.32
                0x00000000c0022b0c                SoundDevice::SoundDevice(char const*)
                0x00000000c0022b0c                SoundDevice::SoundDevice(char const*)
                0x00000000c0022b78                SoundDevice::~SoundDevice()
                0x00000000c0022b78                SoundDevice::~SoundDevice()
                0x00000000c0022bf2                SoundDevice::~SoundDevice()
                0x00000000c0022c1c                SoundDevice::getFreeChannelNum()
                0x00000000c0022c36                SoundDevice::addChannel(SoundChannel*)
                0x00000000c0022ca6                SoundDevice::removeChannel(int)
                0x00000000c0022cd8                SoundDevice::floatTo16(float*, short*, int)
                0x00000000c0022dc6                SoundDevice::floatTo8(float*, unsigned char*, int)
                0x00000000c0022eae                SoundDevice::getAudio(int, float*, float*)
 .text          0x00000000c0023010        0x0 hw/bus/isa.32
 .text          0x00000000c0023010      0xa31 hw/bus/pci.32
                0x00000000c0023010                PCI::open(int, int, void*)
                0x00000000c0023024                PCI::close(int, int, void*)
                0x00000000c0023028                PCI::PCI()
                0x00000000c0023028                PCI::PCI()
                0x00000000c00230b0                PCI::readBAR8(unsigned int, int)
                0x00000000c00230cc                PCI::readBAR16(unsigned int, int)
                0x00000000c00230ea                PCI::readBAR32(unsigned int, int)
                0x00000000c0023106                PCI::writeBAR8(unsigned int, unsigned char, int)
                0x00000000c0023126                PCI::writeBAR16(unsigned int, unsigned short, int)
                0x00000000c002316a                PCI::writeBAR32(unsigned int, unsigned int, int)
                0x00000000c002318a                PCI::pciReadWord(unsigned char, unsigned char, unsigned char, unsigned char)
                0x00000000c00231d2                PCI::getVendorID(unsigned char, unsigned char, unsigned char)
                0x00000000c00231f4                PCI::getHeaderType(unsigned char, unsigned char, unsigned char)
                0x00000000c0023218                PCI::getClassCode(unsigned char, unsigned char, unsigned char)
                0x00000000c002325c                PCI::getProgIF(unsigned char, unsigned char, unsigned char)
                0x00000000c0023280                PCI::getRevisionID(unsigned char, unsigned char, unsigned char)
                0x00000000c00232a2                PCI::getInterruptNumber(unsigned char, unsigned char, unsigned char)
                0x00000000c00232c4                PCI::getSecondaryBus(unsigned char, unsigned char, unsigned char)
                0x00000000c00232e8                PCI::getBARAddress(unsigned char, unsigned char, unsigned char, unsigned char)
                0x00000000c0023348                PCI::pciWriteWord(unsigned char, unsigned char, unsigned char, unsigned char, unsigned short)
                0x00000000c00233b4                PCI::pciDetailsToFilepath(PCIDeviceInfo, char*)
                0x00000000c0023640                PCI::checkBus(unsigned char)
                0x00000000c0023664                PCI::foundDevice(PCIDeviceInfo)
                0x00000000c00237d6                PCI::getDeviceData(unsigned char, unsigned char, unsigned char)
                0x00000000c0023982                PCI::checkDevice(unsigned char, unsigned char)
                0x00000000c00239ee                PCI::detect()
 *fill*         0x00000000c0023a41        0x1 
 .text          0x00000000c0023a42      0xc70 hw/diskctrl/ide.32
                0x00000000c0023a42                IDE::close(int, int, void*)
                0x00000000c0023a46                IDE::IDE()
                0x00000000c0023a46                IDE::IDE()
                0x00000000c0023a7a                IDE::prepareInterrupt(unsigned char)
                0x00000000c0023a8c                selectDrive(unsigned char, unsigned char)
                0x00000000c0023a8e                IDE::getBase(unsigned char)
                0x00000000c0023aa0                IDE::write(unsigned char, unsigned char, unsigned char)
                0x00000000c0023b60                IDE::read(unsigned char, unsigned char)
                0x00000000c0023c0e                IDE::waitInterrupt(unsigned char)
                0x00000000c0023c74                ideChannel0IRQHandler(regs*, void*)
                0x00000000c0023c90                ideChannel1IRQHandler(regs*, void*)
                0x00000000c0023cac                IDE::enableIRQs(unsigned char, bool)
                0x00000000c0023cf2                IDE::open(int, int, void*)
                0x00000000c0024102                IDE::readBuffer(unsigned char, unsigned char, unsigned int, unsigned int)
                0x00000000c00241ce                IDE::detect()
                0x00000000c00244b6                IDE::printError(unsigned char, unsigned char, unsigned char)
                0x00000000c002464c                IDE::polling(unsigned char, unsigned int)
 .text          0x00000000c00246b2      0x390 hw/diskctrl/satabus.32
                0x00000000c00246b2                SATABus::close(int, int, void*)
                0x00000000c00246b6                SATABus::detect()
                0x00000000c00246b8                SATABus::SATABus()
                0x00000000c00246b8                SATABus::SATABus()
                0x00000000c0024764                SATABus::findCmdslot(SATABus::tagHBA_PORT volatile*)
                0x00000000c00247ac                SATABus::checkType(SATABus::tagHBA_PORT volatile*)
                0x00000000c00247f4                SATABus::startCmd(SATABus::tagHBA_PORT volatile*)
                0x00000000c0024814                SATABus::stopCmd(SATABus::tagHBA_PORT volatile*)
                0x00000000c002483e                SATABus::portRebase(SATABus::tagHBA_PORT volatile*, int)
                0x00000000c0024944                SATABus::probePort(SATABus::tagHBA_MEM volatile*)
                0x00000000c0024a22                SATABus::open(int, int, void*)
 .text          0x00000000c0024a42      0x63c hw/diskphys/ata.32
                0x00000000c0024a42                ATA::close(int, int, void*)
                0x00000000c0024a66                ATA::powerSaving(PowerSavingLevel)
                0x00000000c0024a68                ATA::ATA()
                0x00000000c0024a68                ATA::ATA()
                0x00000000c0024a96                ATA::flush(bool)
                0x00000000c0024ae0                ATA::readyForCommand()
                0x00000000c0024b30                ATA::access(unsigned long long, int, void*, bool)
                0x00000000c0024eb8                ATA::read(unsigned long long, int, void*)
                0x00000000c0024f20                ATA::write(unsigned long long, int, void*)
                0x00000000c0024f88                ATA::detectCHS()
                0x00000000c0024fb2                ATA::open(int, int, void*)
 .text          0x00000000c002507e      0x5bd hw/diskphys/atapi.32
                0x00000000c002507e                ATAPI::write(unsigned long long, int, void*)
                0x00000000c0025084                ATAPI::close(int, int, void*)
                0x00000000c00250a8                ATAPI::ATAPI()
                0x00000000c00250a8                ATAPI::ATAPI()
                0x00000000c00250d6                ATAPI::readyForCommand()
                0x00000000c0025126                ATAPI::sendPacket(unsigned char*, int, bool, unsigned short*, int)
                0x00000000c00253e6                ATAPI::diskRemoved()
                0x00000000c0025402                ATAPI::eject()
                0x00000000c002544a                ATAPI::diskInserted()
                0x00000000c0025478                ATAPI::detectMedia()
                0x00000000c0025534                ATAPI::open(int, int, void*)
                0x00000000c00255bc                ATAPI::read(unsigned long long, int, void*)
 *fill*         0x00000000c002563b        0x1 
 .text          0x00000000c002563c      0x451 hw/diskphys/sata.32
                0x00000000c002563c                SATA::close(int, int, void*)
                0x00000000c0025660                SATA::powerSaving(PowerSavingLevel)
                0x00000000c0025662                SATA::open(int, int, void*)
                0x00000000c002570c                SATA::SATA()
                0x00000000c002570c                SATA::SATA()
                0x00000000c002573a                SATA::access(unsigned long long, int, void*, bool)
                0x00000000c00259a0                SATA::read(unsigned long long, int, void*)
                0x00000000c0025a08                SATA::write(unsigned long long, int, void*)
 *fill*         0x00000000c0025a8d        0x1 
 .text          0x00000000c0025a8e      0x4fe hw/diskphys/satapi.32
                0x00000000c0025a8e                SATAPI::write(unsigned long long, int, void*)
                0x00000000c0025a94                SATAPI::close(int, int, void*)
                0x00000000c0025ab8                SATAPI::SATAPI()
                0x00000000c0025ab8                SATAPI::SATAPI()
                0x00000000c0025ae6                SATAPI::diskRemoved()
                0x00000000c0025b02                SATAPI::diskInserted()
                0x00000000c0025b30                SATAPI::sendPacket(unsigned char*, int, unsigned long long, unsigned short*, int)
                0x00000000c0025d38                SATAPI::eject()
                0x00000000c0025d80                SATAPI::detectMedia()
                0x00000000c0025e42                SATAPI::open(int, int, void*)
                0x00000000c0025eea                SATAPI::read(unsigned long long, int, void*)
 .text          0x00000000c0025f8c       0x8e hw/fpu/avx.32
                0x00000000c0025f8c                AVX::open(int, int, void*)
                0x00000000c0025f9e                AVX::close(int, int, void*)
                0x00000000c0025fb0                AVX::available()
                0x00000000c0025fc2                AVX::save(void*)
                0x00000000c0025fda                AVX::load(void*)
                0x00000000c0025ff2                AVX::AVX()
                0x00000000c0025ff2                AVX::AVX()
 .text          0x00000000c002601a       0x90 hw/fpu/mmx.32
                0x00000000c002601a                MMX::available()
                0x00000000c002602e                MMX::open(int, int, void*)
                0x00000000c0026040                MMX::close(int, int, void*)
                0x00000000c0026052                MMX::save(void*)
                0x00000000c002606a                MMX::load(void*)
                0x00000000c0026082                MMX::MMX()
                0x00000000c0026082                MMX::MMX()
 .text          0x00000000c00260aa       0x96 hw/fpu/sse.32
                0x00000000c00260aa                SSE::open(int, int, void*)
                0x00000000c00260bc                SSE::close(int, int, void*)
                0x00000000c00260ce                SSE::available()
                0x00000000c00260e8                SSE::save(void*)
                0x00000000c0026100                SSE::load(void*)
                0x00000000c0026118                SSE::SSE()
                0x00000000c0026118                SSE::SSE()
 .text          0x00000000c0026140       0x8e hw/fpu/x87.32
                0x00000000c0026140                x87::open(int, int, void*)
                0x00000000c0026152                x87::close(int, int, void*)
                0x00000000c0026164                x87::available()
                0x00000000c0026176                x87::save(void*)
                0x00000000c002618e                x87::load(void*)
                0x00000000c00261a6                x87::x87()
                0x00000000c00261a6                x87::x87()
 .text          0x00000000c00261ce      0x71e hw/intctrl/apic.32
                0x00000000c00261ce                APIC::disable()
                0x00000000c00261d0                APIC::close(int, int, void*)
                0x00000000c00261f2                IOAPIC::close(int, int, void*)
                0x00000000c00261f8                APIC::io_wait()
                0x00000000c00261fe                APIC::getBase()
                0x00000000c0026240                APIC::eoi(unsigned char)
                0x00000000c002626e                APIC::open(int, int, void*)
                0x00000000c00263bc                IOAPIC::IOAPIC()
                0x00000000c00263bc                IOAPIC::IOAPIC()
                0x00000000c00263e4                APIC::APIC()
                0x00000000c00263e4                APIC::APIC()
                0x00000000c00264c0                IOAPIC::handlesGSIWithNumber(unsigned int)
                0x00000000c00264f2                IOAPIC::read(int)
                0x00000000c002651a                IOAPIC::open(int, int, void*)
                0x00000000c0026610                IOAPIC::write(int, int)
                0x00000000c002663c                IOAPIC::redirect(unsigned char, unsigned long long, unsigned char, bool, bool)
                0x00000000c0026736                APIC::installIRQHandler(int, void (*)(regs*, void*), bool, void*)
 .text          0x00000000c00268ec      0x3d3 hw/intctrl/pic.32
                0x00000000c00268ec                PIC::disable()
                0x00000000c002691a                PIC::close(int, int, void*)
                0x00000000c002693c                PIC::PIC()
                0x00000000c002693c                PIC::PIC()
                0x00000000c0026a12                PIC::ioWait()
                0x00000000c0026a18                PIC::getIRQReg(int)
                0x00000000c0026a82                PIC::eoi(unsigned char)
                0x00000000c0026b14                PIC::remap()
                0x00000000c0026c80                PIC::open(int, int, void*)
 *fill*         0x00000000c0026cbf        0x1 
 .text          0x00000000c0026cc0      0x25e hw/timer/apictimer.32
                0x00000000c0026cc0                APICTimer::close(int, int, void*)
                0x00000000c0026cc6                apicTimerHandler(regs*, void*)
                0x00000000c0026cf4                APICTimer::write(int)
                0x00000000c0026df8                APICTimer::open(int, int, void*)
                0x00000000c0026ef6                APICTimer::APICTimer()
                0x00000000c0026ef6                APICTimer::APICTimer()
 .text          0x00000000c0026f1e      0x1a7 hw/timer/pit.32
                0x00000000c0026f1e                PIT::write(int)
                0x00000000c0026f9c                pitHandler(regs*, void*)
                0x00000000c0026fc8                PIT::open(int, int, void*)
                0x00000000c0027016                PIT::close(int, int, void*)
                0x00000000c0027046                PIT::PIT()
                0x00000000c0027046                PIT::PIT()
 *fill*         0x00000000c00270c5        0xb 
 .text          0x00000000c00270d0       0x1e hw/fpu/x86/avx.32
                0x00000000c00270d0                avxDetect
                0x00000000c00270d6                avxSave
                0x00000000c00270d7                avxLoad
                0x00000000c00270d8                avxInit
                0x00000000c00270d9                avxClose
                0x00000000c00270da                wouldSheSayYes
 *fill*         0x00000000c00270ee        0x2 
 .text          0x00000000c00270f0       0x35 hw/fpu/x86/sse.32
                0x00000000c00270f0                absolutelyNoChanceInHell
                0x00000000c00270f0                sseDetect
                0x00000000c0027108                sseSave
                0x00000000c002710e                sseLoad
                0x00000000c0027114                sseInit
                0x00000000c0027124                sseClose
 *fill*         0x00000000c0027125        0xb 
 .text          0x00000000c0027130       0x4d hw/fpu/x86/x87.32
                0x00000000c0027136                x87Detect
                0x00000000c0027151                x87Save
                0x00000000c002715a                x87Load
                0x00000000c0027162                x87Init
                0x00000000c002717c                x87Close
 *fill*         0x00000000c002717d        0x3 
 .text          0x00000000c0027180       0x25 /cygdrive/d/Users/Alex/Desktop/Toolchain/Output/bin/../lib/gcc/i386-banana/8.1.0/crtend.o
 .text          0x00000000c00271a5        0x0 crtn.32
 *fill*         0x00000000c00271a5        0x3 
 .text          0x00000000c00271a8      0x14b /cygdrive/d/Users/Alex/Desktop/Toolchain/Output/bin/../lib/gcc/i386-banana/8.1.0/libkgcc.a(_divdi3.o)
                0x00000000c00271a8                __divdi3
 *fill*         0x00000000c00272f3        0x1 
 .text          0x00000000c00272f4      0x17e /cygdrive/d/Users/Alex/Desktop/Toolchain/Output/bin/../lib/gcc/i386-banana/8.1.0/libkgcc.a(_moddi3.o)
                0x00000000c00272f4                __moddi3
 *fill*         0x00000000c0027472        0x2 
 .text          0x00000000c0027474       0xff /cygdrive/d/Users/Alex/Desktop/Toolchain/Output/bin/../lib/gcc/i386-banana/8.1.0/libkgcc.a(_udivdi3.o)
                0x00000000c0027474                __udivdi3
 *fill*         0x00000000c0027573        0x1 
 .text          0x00000000c0027574      0x11a /cygdrive/d/Users/Alex/Desktop/Toolchain/Output/bin/../lib/gcc/i386-banana/8.1.0/libkgcc.a(_umoddi3.o)
                0x00000000c0027574                __umoddi3
 .text          0x00000000c002768e      0x96d D:/Users/Alex/Desktop/Banana/kernel/libsoftfp.a(sfieeelib.o)
                0x00000000c002768e                __addsf3
                0x00000000c0027990                __subsf3
                0x00000000c00279a4                __negsf2
                0x00000000c00279b1                __mulsf3
                0x00000000c0027b74                __divsf3
                0x00000000c0027d9f                __floatsisf
                0x00000000c0027e13                __floatunsisf
                0x00000000c0027e55                __fixsfsi
                0x00000000c0027eb7                __fixunssfsi
                0x00000000c0027ee8                __cmpsf2
                0x00000000c0027f7d                __eqsf2