Archive member included to satisfy reference by file (symbol)

/cygdrive/d/Users/Alex/Desktop/Toolchain/Output/bin/../lib/gcc/i386-banana/8.1.0/libkgcc.a(_divdi3.o)
                              fs/fat/ff.32 (__divdi3)
/cygdrive/d/Users/Alex/Desktop/Toolchain/Output/bin/../lib/gcc/i386-banana/8.1.0/libkgcc.a(_moddi3.o)
                              compat/resolve.32 (__moddi3)
/cygdrive/d/Users/Alex/Desktop/Toolchain/Output/bin/../lib/gcc/i386-banana/8.1.0/libkgcc.a(_udivdi3.o)
                              fs/fat/ff.32 (__udivdi3)
/cygdrive/d/Users/Alex/Desktop/Toolchain/Output/bin/../lib/gcc/i386-banana/8.1.0/libkgcc.a(_umoddi3.o)
                              compat/resolve.32 (__umoddi3)
D:/Users/Alex/Desktop/Banana/kernel/libsoftfp.a(sfieeelib.o)
                              hal/sound/sndhw.32 (__addsf3)
D:/Users/Alex/Desktop/Banana/kernel/libsoftfp.a(dfieeelib.o)
                              hal/libresample/src_linear.32 (__adddf3)
D:/Users/Alex/Desktop/Banana/kernel/libsoftfp.a(sfdfcvt.o)
                              hal/libresample/samplerate.32 (__truncdfsf2)
D:/Users/Alex/Desktop/Banana/kernel/libk/libm32.a(s_fabs.c.o)
                              hal/libresample/samplerate.32 (fabs)
D:/Users/Alex/Desktop/Banana/kernel/libk/libm32.a(s_lrint.S.o)
                              hal/libresample/samplerate.32 (lrint)
D:/Users/Alex/Desktop/Banana/kernel/libk/libm32.a(s_lrintf.S.o)
                              hal/sound/sndhw.32 (lrintf)

Discarded input sections

 .comment       0x0000000000000000       0x12 /cygdrive/d/Users/Alex/Desktop/Toolchain/Output/bin/../lib/gcc/i386-banana/8.1.0/crtbegin.o
 .comment       0x0000000000000000       0x12 acpica/utclib.32
 .comment       0x0000000000000000       0x12 core/malloc.32
 .comment       0x0000000000000000       0x12 libk/string.32
 .comment       0x0000000000000000       0x12 fs/fat/diskio.32
 .comment       0x0000000000000000       0x12 fs/fat/ff.32
 .comment       0x0000000000000000       0x12 fs/fat/ffsystem.32
 .comment       0x0000000000000000       0x12 fs/fat/ffunicode.32
 .comment       0x0000000000000000       0x12 hal/libresample/samplerate.32
 .comment       0x0000000000000000       0x12 hal/libresample/src_linear.32
 .comment       0x0000000000000000       0x12 hal/libresample/src_sinc.32
 .comment       0x0000000000000000       0x12 hal/libresample/src_zoh.32
 .comment       0x0000000000000000       0x12 compat/inlines.32
 .comment       0x0000000000000000       0x12 compat/resolve.32
 .group         0x0000000000000000       0x14 core/computer.32
 .group         0x0000000000000000        0xc core/computer.32
 .comment       0x0000000000000000       0x12 core/computer.32
 .comment       0x0000000000000000       0x12 core/gdt.32
 .group         0x0000000000000000        0xc core/idle.32
 .comment       0x0000000000000000       0x12 core/idle.32
 .comment       0x0000000000000000       0x12 core/idt.32
 .comment       0x0000000000000000       0x12 core/kheap.32
 .comment       0x0000000000000000       0x12 core/main.32
 .comment       0x0000000000000000       0x12 core/physmgr.32
 .group         0x0000000000000000        0xc core/pipe.32
 .comment       0x0000000000000000       0x12 core/pipe.32
 .group         0x0000000000000000        0xc core/terminal.32
 .comment       0x0000000000000000       0x12 core/terminal.32
 .comment       0x0000000000000000       0x12 core/tss.32
 .group         0x0000000000000000        0x8 core/unixfile.32
 .group         0x0000000000000000        0xc core/unixfile.32
 .group         0x0000000000000000        0xc core/unixfile.32
 .group         0x0000000000000000        0x8 core/unixfile.32
 .group         0x0000000000000000        0xc core/unixfile.32
 .group         0x0000000000000000        0x8 core/unixfile.32
 .group         0x0000000000000000        0xc core/unixfile.32
 .group         0x0000000000000000        0xc core/unixfile.32
 .comment       0x0000000000000000       0x12 core/unixfile.32
 .comment       0x0000000000000000       0x12 core/virtmgr.32
 .comment       0x0000000000000000       0x12 coreobjs/c++.32
 .comment       0x0000000000000000       0x12 dbg/kconsole.32
 .group         0x0000000000000000        0xc fs/vfs.32
 .group         0x0000000000000000        0xc fs/vfs.32
 .group         0x0000000000000000        0xc fs/vfs.32
 .comment       0x0000000000000000       0x12 fs/vfs.32
 .group         0x0000000000000000        0xc hal/bus.32
 .comment       0x0000000000000000       0x12 hal/bus.32
 .group         0x0000000000000000        0xc hal/buzzer.32
 .comment       0x0000000000000000       0x12 hal/buzzer.32
 .group         0x0000000000000000        0xc hal/clock.32
 .comment       0x0000000000000000       0x12 hal/clock.32
 .group         0x0000000000000000       0x14 hal/device.32
 .group         0x0000000000000000        0xc hal/device.32
 .group         0x0000000000000000        0xc hal/device.32
 .group         0x0000000000000000        0xc hal/device.32
[...]
Memory Configuration

Name             Origin             Length             Attributes
*default*        0x0000000000000000 0xffffffffffffffff

Linker script and memory map

LOAD D:/Users/Alex/Desktop/Banana/kernel/boot.32
LOAD crti.32
LOAD /cygdrive/d/Users/Alex/Desktop/Toolchain/Output/bin/../lib/gcc/i386-banana/8.1.0/crtbegin.o
LOAD D:/Users/Alex/Desktop/Banana/kernel/morenasm.32
LOAD acpica/utclib.32
LOAD core/malloc.32
LOAD libk/string.32
LOAD fs/fat/diskio.32
LOAD fs/fat/ff.32
LOAD fs/fat/ffsystem.32
LOAD fs/fat/ffunicode.32
LOAD hal/libresample/samplerate.32
LOAD hal/libresample/src_linear.32
LOAD hal/libresample/src_sinc.32
LOAD hal/libresample/src_zoh.32
LOAD compat/inlines.32
LOAD compat/resolve.32
LOAD core/computer.32
LOAD core/gdt.32
LOAD core/idle.32
LOAD core/idt.32
LOAD core/kheap.32
LOAD core/main.32
LOAD core/physmgr.32
LOAD core/pipe.32
LOAD core/terminal.32
LOAD core/tss.32
LOAD core/unixfile.32
LOAD core/virtmgr.32
LOAD coreobjs/c++.32
LOAD dbg/kconsole.32
LOAD fs/vfs.32
LOAD hal/bus.32
LOAD hal/buzzer.32
LOAD hal/clock.32
LOAD hal/device.32
LOAD hal/diskctrl.32
LOAD hal/diskphys.32
LOAD hal/fpu.32
LOAD hal/intctrl.32
LOAD hal/keybrd.32
LOAD hal/logidisk.32
LOAD hal/mouse.32
LOAD hal/partition.32
LOAD hal/serial.32
LOAD hal/timer.32
LOAD hal/vcache.32
LOAD hal/video.32
LOAD hw/acpi.32
LOAD hw/cpu.32
LOAD hw/ports.32
LOAD hw/smp.32
LOAD krnl/env.32
LOAD krnl/panic.32
LOAD net/ethernet.32
LOAD reg/registry.32
LOAD sys/sc_eject.32
LOAD sys/sc_exit.32
LOAD sys/sc_getcwd.32
LOAD sys/sc_getpid.32
LOAD sys/sc_getramdata.32
LOAD sys/sc_loaddll.32
LOAD sys/sc_read.32
LOAD sys/sc_sbrk.32
LOAD sys/sc_setcwd.32
LOAD sys/sc_settime.32
LOAD sys/sc_timezone.32
LOAD sys/sc_write.32
LOAD sys/sc_wsbe.32
LOAD sys/sc_yield.32
LOAD sys/syscalls.32
LOAD thr/elf.32
LOAD thr/prcssthr.32
LOAD vm86/vm8086.32
LOAD vm86/x87em.32
LOAD fs/fat/vfslink.32
LOAD fs/iso9660/vfslink.32
LOAD hal/sound/sndchannel.32
LOAD hal/sound/sndhw.32
LOAD hw/bus/isa.32
LOAD hw/bus/pci.32
LOAD hw/diskctrl/ide.32
LOAD hw/diskctrl/satabus.32
LOAD hw/diskphys/ata.32
LOAD hw/diskphys/atapi.32
LOAD hw/diskphys/sata.32
LOAD hw/diskphys/satapi.32
LOAD hw/fpu/avx.32
LOAD hw/fpu/mmx.32
LOAD hw/fpu/sse.32
LOAD hw/fpu/x87.32
LOAD hw/intctrl/apic.32
LOAD hw/intctrl/pic.32
LOAD hw/timer/apictimer.32
LOAD hw/timer/pit.32
LOAD hw/fpu/x86/avx.32
LOAD hw/fpu/x86/sse.32
LOAD hw/fpu/x86/x87.32
LOAD /cygdrive/d/Users/Alex/Desktop/Toolchain/Output/bin/../lib/gcc/i386-banana/8.1.0/crtend.o
LOAD crtn.32
LOAD /cygdrive/d/Users/Alex/Desktop/Toolchain/Output/bin/../lib/gcc/i386-banana/8.1.0/libkgcc.a
LOAD D:/Users/Alex/Desktop/Banana/kernel/libsoftfp.a
LOAD D:/Users/Alex/Desktop/Banana/kernel/libk/libm32.a
                0x00000000c0000000                . = 0xc0000000

.text           0x00000000c0000000    0x284d8
 *(.text)
 .text          0x00000000c0000000       0x41 D:/Users/Alex/Desktop/Banana/kernel/boot.32
                0x00000000c0000020                callGlobalConstructors
 .text          0x00000000c0000041        0x0 crti.32
 *fill*         0x00000000c0000041        0x3 
 .text          0x00000000c0000044      0x101 /cygdrive/d/Users/Alex/Desktop/Toolchain/Output/bin/../lib/gcc/i386-banana/8.1.0/crtbegin.o
 *fill*         0x00000000c0000145        0xb 
 .text          0x00000000c0000150      0x4ed D:/Users/Alex/Desktop/Banana/kernel/morenasm.32
                0x00000000c0000150                manualPCIProbe
                0x00000000c000019b                prepareTramp
                0x00000000c00001b4                voodooXADD
                0x00000000c000027f                doTPAUSE
                0x00000000c0000289                hasLegacyFPU
                0x00000000c00002ae                is486
                0x00000000c00002e4                detectCPUID
                0x00000000c00002fa                goToVM86
                0x00000000c000032a                goToUsermode
                0x00000000c0000354                switchToThreadASMFirstTime
                0x00000000c0000362                switchToThreadASM
                0x00000000c00003ea                asmQuickAcquireLock
                0x00000000c0000408                asmQuickReleaseLock
                0x00000000c0000414                asmAcquireLock
                0x00000000c0000435                asmReleaseLock
                0x00000000c0000448                loadGDT
                0x00000000c0000468                isr0
                0x00000000c0000478                isr1
                0x00000000c0000482                isr2
                0x00000000c000048c                isr3
                0x00000000c0000496                isr4
                0x00000000c00004a0                isr5
                0x00000000c00004aa                isr6
                0x00000000c00004b4                isr7
                0x00000000c00004be                isr8
                0x00000000c00004c6                isr9
                0x00000000c00004d0                isr10
                0x00000000c00004d8                isr11
                0x00000000c00004e0                isr12
                0x00000000c00004e8                isr13
                0x00000000c00004f0                isr14
                0x00000000c00004f8                isr15
                0x00000000c0000502                isr16
                0x00000000c000050c                isr17
                0x00000000c0000516                isr18
                0x00000000c0000520                irq3
                0x00000000c000052a                irq4
                0x00000000c0000534                irq5
                0x00000000c000053e                irq6
                0x00000000c0000548                irq7
                0x00000000c0000552                irq8
                0x00000000c000055c                irq9
                0x00000000c0000566                irq10
                0x00000000c0000570                irq11
                0x00000000c000057a                irq12
                0x00000000c0000584                irq13
                0x00000000c000058e                irq14
                0x00000000c0000598                irq15
                0x00000000c00005a2                irq1
                0x00000000c00005a9                irq2
                0x00000000c00005b0                isr96
                0x00000000c00005b7                irq0
                0x00000000c00005bc                int_common_stub
                0x00000000c00005bc                syscall_common_stub
                0x00000000c00005ed                irq16
                0x00000000c00005f7                irq17
                0x00000000c0000601                irq18
                0x00000000c000060b                irq19
                0x00000000c0000615                irq20
                0x00000000c000061f                irq21
                0x00000000c0000629                irq22
                0x00000000c0000633                irq23
 *fill*         0x00000000c000063d        0x3 
 .text          0x00000000c0000640      0x611 acpica/utclib.32
                0x00000000c0000640                memcmp
                0x00000000c000067c                memmove
                0x00000000c0000744                memcpy
                0x00000000c0000778                memset
                0x00000000c0000794                strlen
                0x00000000c00007ac                strpbrk
                0x00000000c00007e8                strtok
                0x00000000c0000834                strcpy
                0x00000000c0000858                strncpy
                0x00000000c00008c0                strcmp
                0x00000000c0000900                strchr
                0x00000000c0000924                strncmp
                0x00000000c0000974                strcat
                0x00000000c00009a4                strncat
                0x00000000c00009e0                strstr
                0x00000000c0000a28                toupper
                0x00000000c0000a3c                tolower
                0x00000000c0000a50                simple_strtoul
 .text          0x00000000c0000c51      0xfbf core/malloc.32
                0x00000000c0000dbc                dlfree
                0x00000000c0001117                dlmalloc
                0x00000000c0001654                dlrealloc
                0x00000000c0001809                dlmemalign
                0x00000000c000192c                dlcalloc
                0x00000000c00019c6                dlcfree
                0x00000000c00019cb                dlindependent_calloc
                0x00000000c00019f0                dlindependent_comalloc
                0x00000000c0001a07                dlvalloc
                0x00000000c0001a32                dlpvalloc
                0x00000000c0001a68                dlmalloc_trim
                0x00000000c0001a75                dlmalloc_usable_size
                0x00000000c0001aa6                dlmallinfo
                0x00000000c0001b75                dlmalloc_stats
                0x00000000c0001b86                dlmallopt
 .text          0x00000000c0001c10        0x0 libk/string.32
 .text          0x00000000c0001c10       0x51 fs/fat/diskio.32
                0x00000000c0001c10                disk_status
                0x00000000c0001c13                disk_initialize
                0x00000000c0001c16                disk_read
                0x00000000c0001c2c                disk_write
                0x00000000c0001c42                disk_ioctl
 .text          0x00000000c0001c61     0x6833 fs/fat/ff.32
                0x00000000c0004f2f                f_mount
                0x00000000c0004f91                f_open
                0x00000000c00053cd                f_read
                0x00000000c000564d                f_write
                0x00000000c0005907                f_sync
                0x00000000c0005ae3                f_close
                0x00000000c0005b12                f_lseek
                0x00000000c0005fc9                f_opendir
                0x00000000c00060cb                f_closedir
                0x00000000c00060ed                f_readdir
                0x00000000c0006188                f_stat
                0x00000000c0006217                f_getfree
                0x00000000c00063e2                f_truncate
                0x00000000c00064da                f_unlink
                0x00000000c000665d                f_mkdir
                0x00000000c0006889                f_rename
                0x00000000c0006b7c                f_chmod
                0x00000000c0006c5a                f_utime
                0x00000000c0006d38                f_getlabel
                0x00000000c0006f26                f_setlabel
                0x00000000c0007193                f_forward
                0x00000000c0007371                f_mkfs
 .text          0x00000000c0008494       0x2d fs/fat/ffsystem.32
                0x00000000c0008494                ff_memalloc
                0x00000000c00084aa                ff_memfree
 .text          0x00000000c00084c1      0x253 fs/fat/ffunicode.32
                0x00000000c00084c1                ff_uni2oem
                0x00000000c0008551                ff_oem2uni
                0x00000000c00085bd                ff_wtoupper
 .text          0x00000000c0008714      0x8fb hal/libresample/samplerate.32
                0x00000000c0008758                src_delete
                0x00000000c0008794                src_process
                0x00000000c000894a                src_callback_read
                0x00000000c0008ac7                src_set_ratio
                0x00000000c0008b31                src_get_channels
                0x00000000c0008b53                src_reset
                0x00000000c0008b9f                src_new
                0x00000000c0008c2d                src_callback_new
                0x00000000c0008c8f                src_get_name
                0x00000000c0008cc6                src_get_description
                0x00000000c0008cfd                src_get_version
                0x00000000c0008d03                src_is_valid_ratio
                0x00000000c0008d57                src_error
                0x00000000c0008d65                src_strerror
                0x00000000c0008d78                src_simple
                0x00000000c0008dcb                src_short_to_float_array
                0x00000000c0008e30                src_float_to_short_array
                0x00000000c0008eef                src_int_to_float_array
                0x00000000c0008f52                src_float_to_int_array
 .text          0x00000000c000900f      0x8cb hal/libresample/src_linear.32
                0x00000000c0009835                linear_get_name
                0x00000000c0009844                linear_get_description
                0x00000000c0009853                linear_set_converter
 .text          0x00000000c00098da     0x447c hal/libresample/src_sinc.32
                0x00000000c000dc6d                sinc_get_name
                0x00000000c000dc80                sinc_get_description
                0x00000000c000dc93                sinc_set_converter
 .text          0x00000000c000dd56      0x77c hal/libresample/src_zoh.32
                0x00000000c000e42d                zoh_get_name
                0x00000000c000e43c                zoh_get_description
                0x00000000c000e44b                zoh_set_converter
 .text          0x00000000c000e4d2       0x23 compat/inlines.32
                0x00000000c000e4d2                CPU::current()
                0x00000000c000e4df                operator new(unsigned long)
 .text          0x00000000c000e4f5      0x111 compat/resolve.32
                0x00000000c000e4f5                Krnl::resolveCompatibilitySymbol(char*)
 .text          0x00000000c000e606      0xa17 core/computer.32
                0x00000000c000e606                Computer::close(int, int, void*)
                0x00000000c000e64a                Krnl::firstTask()
                0x00000000c000e73a                Computer::Computer()
                0x00000000c000e73a                Computer::Computer()
                0x00000000c000e896                Computer::setBootMessage(char const*)
                0x00000000c000e898                Computer::detectFeatures()
                0x00000000c000eaa2                Computer::displayFeatures()
                0x00000000c000ede8                Computer::rdmsr(unsigned int)
                0x00000000c000ee14                Computer::wrmsr(unsigned int, unsigned long long)
                0x00000000c000ee4c                Computer::nmiEnabled()
                0x00000000c000ee58                Computer::readCMOS(unsigned char)
                0x00000000c000ee72                Computer::enableNMI(bool)
                0x00000000c000ee8a                Computer::open(int, int, void*)
                0x00000000c000ef60                Computer::disableNMI()
                0x00000000c000ef6e                Computer::writeCMOS(unsigned char, unsigned char)
                0x00000000c000ef8c                Computer::handleNMI()
                0x00000000c000eff2                Computer::setDiskActivityLight(int, bool)
 *fill*         0x00000000c000f01d        0x1 
 .text          0x00000000c000f01e      0x1b7 core/gdt.32
                0x00000000c000f01e                GDTEntry::setBase(unsigned int)
                0x00000000c000f03a                GDTEntry::setLimit(unsigned int)
                0x00000000c000f058                GDT::GDT()
                0x00000000c000f058                GDT::GDT()
                0x00000000c000f06e                GDT::addEntry(GDTEntry)
                0x00000000c000f0aa                GDT::getNumberOfEntries()
                0x00000000c000f0b2                GDT::flush()
                0x00000000c000f0d4                GDT::setup()
 .text          0x00000000c000f1d5       0x62 core/idle.32
                0x00000000c000f1d5                idleFunction(void*)
 *fill*         0x00000000c000f237        0x1 
 .text          0x00000000c000f238      0x45f core/idt.32
                0x00000000c000f238                IDTEntry::IDTEntry(bool)
                0x00000000c000f238                IDTEntry::IDTEntry(bool)
                0x00000000c000f2a6                IDTEntry::setOffset(unsigned int)
                0x00000000c000f2ba                IDT::IDT()
                0x00000000c000f2ba                IDT::IDT()
                0x00000000c000f2bc                IDT::getPointerToInvalidOpcodeEntryForF00F()
                0x00000000c000f2c4                IDT::addEntry(IDTEntry, int)
                0x00000000c000f2de                IDT::addEntry(int, void (*)(), bool)
                0x00000000c000f316                IDT::flush()
                0x00000000c000f330                IDT::setup()
 .text          0x00000000c000f697      0x203 core/kheap.32
                0x00000000c000f697                sbrk
                0x00000000c000f7a5                mmap
                0x00000000c000f7bb                munmap
                0x00000000c000f7d1                liballoc_lock()
                0x00000000c000f7e2                liballoc_unlock()
                0x00000000c000f7f3                liballoc_alloc(int)
                0x00000000c000f80e                liballoc_free(void*, int)
                0x00000000c000f82c                realloc
                0x00000000c000f840                malloc
                0x00000000c000f850                free
                0x00000000c000f860                rfree
                0x00000000c000f870                calloc
 .text          0x00000000c000f89a      0x480 core/main.32
                0x00000000c000f89a                hwTextMode_loadInData(VgaText*)
                0x00000000c000f8e5                hwTextMode_loadInTitle(VgaText*, char*)
                0x00000000c000f963                hwTextMode_showCursor(VgaText*, bool)
                0x00000000c000f9c1                hwTextMode_update(VgaText*)
                0x00000000c000f9c2                hwTextMode_updateCursor(VgaText*)
                0x00000000c000fa13                hwTextMode_disableBlink(VgaText*, bool)
                0x00000000c000fa59                hwTextMode_scrollScreen(VgaText*)
                0x00000000c000fb06                hwTextMode_writeCharacter(VgaText*, char, VgaColour, VgaColour, int, int)
                0x00000000c000fb88                setupTextMode()
                0x00000000c000fbf8                kernel_main
 .text          0x00000000c000fd1a      0x566 core/physmgr.32
                0x00000000c000fd1a                Phys::allocateDMA(unsigned long)
                0x00000000c000fdbd                Phys::freeDMA(unsigned long, unsigned long)
                0x00000000c000fe05                Phys::setPageState(unsigned long, bool)
                0x00000000c000fe37                Phys::getPageState(unsigned long)
                0x00000000c000fe53                Phys::freePage(unsigned long)
                0x00000000c000fedd                Phys::allocatePage()
                0x00000000c000ffbe                Phys::allocateContiguousPages(int)
                0x00000000c0010018                Phys::allowSegmentToBeUsed(unsigned long, unsigned long)
                0x00000000c0010050                Phys::physicalMemorySetup(unsigned int)
 .text          0x00000000c0010280      0x273 core/pipe.32
                0x00000000c0010280                Pipe::isAtty()
                0x00000000c0010284                Pipe::~Pipe()
                0x00000000c0010284                Pipe::~Pipe()
                0x00000000c00102a8                Pipe::~Pipe()
                0x00000000c00102d0                Pipe::read(unsigned long long, void*, int*)
                0x00000000c00103c4                Pipe::write(unsigned long long, void*, int*)
                0x00000000c001048c                Pipe::Pipe(int)
                0x00000000c001048c                Pipe::Pipe(int)
 *fill*         0x00000000c00104f3        0x1 
 .text          0x00000000c00104f4      0xf73 core/terminal.32
                0x00000000c00104f4                VgaText::isAtty()
                0x00000000c00104f8                VgaText::~VgaText()
                0x00000000c00104f8                VgaText::~VgaText()
                0x00000000c001051c                VgaText::~VgaText()
                0x00000000c0010546                VgaText::read(unsigned long long, void*, int*)
                0x00000000c0010566                setTerminalScrollLock(bool)
                0x00000000c0010567                addToTerminalCycle(VgaText*)
                0x00000000c0010594                installVgaTextImplementation()
                0x00000000c00105a9                scrollTerminalScrollLock(int)
                0x00000000c00105aa                VgaText::load()
                0x00000000c00105fe                VgaText::updateCursor()
                0x00000000c0010618                VgaText::showCursor(bool)
                0x00000000c0010628                VgaText::disableBlink(bool)
                0x00000000c0010662                VgaText::doANSI_SGR(int)
                0x00000000c00106ee                VgaText::setDefaultBgColour(VgaColour)
                0x00000000c0010704                VgaText::setDefaultFgColour(VgaColour)
                0x00000000c001071a                VgaText::setDefaultColours(VgaColour, VgaColour)
                0x00000000c001073a                VgaText::combineColours(unsigned char, unsigned char)
                0x00000000c001074c                VgaText::scrollScreen()
                0x00000000c00107e0                VgaText::combineCharAndColour(char, unsigned char)
                0x00000000c00107f2                VgaText::writeCharacter(char, VgaColour, VgaColour, int, int)
                0x00000000c0010852                VgaText::getCursorX()
                0x00000000c001085e                VgaText::getCursorY()
                0x00000000c001086a                VgaText::setCursor(int, int)
                0x00000000c0010888                VgaText::setCursorX(int)
                0x00000000c00108a4                VgaText::setCursorY(int)
                0x00000000c00108c0                VgaText::incrementCursor(bool)
                0x00000000c0010928                VgaText::updateRAMUsageDisplay(int)
                0x00000000c001098c                VgaText::updateDiskUsage()
                0x00000000c0010af6                VgaText::updateTitle()
                0x00000000c0010b3c                VgaText::setTitleTextColour(VgaColour)
                0x00000000c0010b4c                VgaText::setTitleColour(VgaColour)
                0x00000000c0010b5c                VgaText::setTitle(char*)
                0x00000000c0010b82                VgaText::decrementCursor(bool)
                0x00000000c0010baa                VgaText::putchar(char, VgaColour, VgaColour)
                0x00000000c0010ca6                VgaText::isShowingCursor()
                0x00000000c0010cb2                VgaText::isBlinkDisabled()
                0x00000000c0010cc0                VgaText::setCursorHeight(int)
                0x00000000c0010cde                VgaText::getCursorHeight()
                0x00000000c0010ce9                setActiveTerminal(VgaText*)
                0x00000000c0010d9b                doTerminalCycle()
                0x00000000c0010db8                VgaText::doUpdate()
                0x00000000c0010dca                VgaText::puts(char const*, VgaColour, VgaColour)
                0x00000000c0010f8a                VgaText::clearScreen()
                0x00000000c0010fee                VgaText::putchar(char)
                0x00000000c0011108                VgaText::puts(char const*)
                0x00000000c001112e                VgaText::putx(unsigned int)
                0x00000000c0011174                VgaText::VgaText(char const*)
                0x00000000c0011174                VgaText::VgaText(char const*)
                0x00000000c0011306                VgaText::receiveKey(unsigned char)
                0x00000000c00113ee                VgaText::write(unsigned long long, void*, int*)
                0x00000000c0011442                newTerminal(char*)
 *fill*         0x00000000c0011467        0x1 
 .text          0x00000000c0011468      0x1b3 core/tss.32
                0x00000000c0011468                TSS::TSS()
                0x00000000c0011468                TSS::TSS()
                0x00000000c0011476                TSS::setESP(unsigned long)
                0x00000000c0011488                TSS::flush()
                0x00000000c00114a8                TSS::setup(unsigned long, unsigned long)
 *fill*         0x00000000c001161b        0x1 
 .text          0x00000000c001161c      0x4c2 core/unixfile.32
                0x00000000c001161c                ReservedFilename::read(unsigned long long, void*, int*)
                0x00000000c0011672                ReservedFilename::isAtty()
                0x00000000c001168e                ReservedFilename::write(unsigned long long, void*, int*)
                0x00000000c00116ec                UnixFile::getFileDescriptor()
                0x00000000c00116f4                UnixFile::UnixFile(int)
                0x00000000c00116f4                UnixFile::UnixFile(int)
                0x00000000c00118a4                ReservedFilename::ReservedFilename(int)
                0x00000000c00118a4                ReservedFilename::ReservedFilename(int)
                0x00000000c00118d6                UnixFile::~UnixFile()
                0x00000000c00118d6                UnixFile::~UnixFile()
                0x00000000c001196e                UnixFile::~UnixFile()
                0x00000000c0011996                ReservedFilename::~ReservedFilename()
                0x00000000c0011996                ReservedFilename::~ReservedFilename()
                0x00000000c00119ba                ReservedFilename::~ReservedFilename()
                0x00000000c00119e1                getFromFileDescriptor(int)
 .text          0x00000000c0011ade     0x1150 core/virtmgr.32
                0x00000000c0011ade                Virt::setPageState(unsigned long, Virt::VirtPageState)
                0x00000000c0011b13                Virt::getPageState(unsigned long)
                0x00000000c0011b37                Virt::allocateKernelVirtualPages(int)
                0x00000000c0011c48                Virt::freeSwapfilePage(unsigned long)
                0x00000000c0011c66                Virt::swapIDToSector(unsigned long)
                0x00000000c0011c78                Virt::allocateSwapfilePage()
                0x00000000c0011cf6                Virt::virtualMemorySetup()
                0x00000000c0011d75                Virt::swappingSetup()
                0x00000000c0011dde                Virt::getAKernelVAS()
                0x00000000c0011de4                VAS::VAS()
                0x00000000c0011de4                VAS::VAS()
                0x00000000c0011e20                VAS::VAS(VAS*)
                0x00000000c0011e20                VAS::VAS(VAS*)
                0x00000000c0011e4e                VAS::getForeignPageTableEntry(bool, unsigned long)
                0x00000000c0011e7a                VAS::getPageTableEntry(unsigned long)
                0x00000000c0011e99                Virt::freeKernelVirtualPages(unsigned long)
                0x00000000c0011fbc                VAS::freeAllocatedPages(unsigned long)
                0x00000000c0011fe0                VAS::virtualToPhysical(unsigned long)
                0x00000000c0011ff8                VAS::reflagRange(unsigned long, int, int, int)
                0x00000000c0012038                VAS::setToWriteCombining(unsigned long, int)
                0x00000000c001206a                VAS::mapOtherVASIn(bool, VAS*)
                0x00000000c0012094                VAS::~VAS()
                0x00000000c0012094                VAS::~VAS()
                0x00000000c0012200                VAS::mapPage(unsigned long, unsigned long, int)
                0x00000000c0012300                VAS::allocatePages(int, int)
                0x00000000c00124d8                VAS::setCPUSpecific(unsigned long)
                0x00000000c00124f4                VAS::mapRange(unsigned long, unsigned long, int, int)
                0x00000000c00125ba                VAS::mapForeignPage(bool, VAS*, unsigned long, unsigned long, int)
                0x00000000c00126a8                VAS::VAS(bool)
                0x00000000c00126a8                VAS::VAS(bool)
                0x00000000c001290e                VAS::evict(unsigned long)
                0x00000000c00129a4                VAS::tryLoadBackOffDisk(unsigned long)
                0x00000000c0012a90                VAS::scanForEviction()
                0x00000000c0012b72                mapVASFirstTime
 .text          0x00000000c0012c2e       0x95 coreobjs/c++.32
                0x00000000c0012c2e                __cxa_atexit
                0x00000000c0012c31                __cxa_finalize
                0x00000000c0012c32                __stack_chk_fail
                0x00000000c0012c9e                __cxa_pure_virtual
                0x00000000c0012caf                operator new[](unsigned long)
                0x00000000c0012cb4                operator delete(void*, unsigned long)
                0x00000000c0012cb9                operator delete[](void*)
                0x00000000c0012cbe                operator delete[](void*, unsigned long)
 .text          0x00000000c0012cc3      0x1ef dbg/kconsole.32
                0x00000000c0012cc3                Dbg::stringifyxWithBase(unsigned int, char*, int)
                0x00000000c0012d24                Dbg::logc(char)
                0x00000000c0012d3b                Dbg::logs(char*)
                0x00000000c0012d58                Dbg::logWriteInt(unsigned int)
                0x00000000c0012d75                Dbg::logWriteIntBase(unsigned int, int)
                0x00000000c0012d94                Dbg::kprintf(char const*, ...)
 .text          0x00000000c0012eb2      0xb7c fs/vfs.32
                0x00000000c0012eb2                File::read(unsigned long long, void*, int*)
                0x00000000c0012f0a                File::write(unsigned long long, void*, int*)
                0x00000000c0012f62                Directory::read(unsigned long long, void*, int*)
                0x00000000c0012fba                Directory::write(unsigned long long, void*, int*)
                0x00000000c0012fe8                File::isAtty()
                0x00000000c0012fec                Directory::isAtty()
                0x00000000c0012ff0                Filesystem::getlabel(LogicalDisk*, int, char*, unsigned int*)
                0x00000000c0012ff6                Filesystem::setlabel(LogicalDisk*, int, char*)
                0x00000000c0012ffc                File::~File()
                0x00000000c0012ffc                File::~File()
                0x00000000c0013020                File::~File()
                0x00000000c001304a                Directory::~Directory()
                0x00000000c001304a                Directory::~Directory()
                0x00000000c001306e                Directory::~Directory()
                0x00000000c0013098                Filesystem::Filesystem()
                0x00000000c0013098                Filesystem::Filesystem()
                0x00000000c00130bc                Filesystem::~Filesystem()
                0x00000000c00130bc                Filesystem::~Filesystem()
                0x00000000c00130ca                Filesystem::~Filesystem()
                0x00000000c00130ee                Fs::getcwd(Process*, char*, int)
                0x00000000c0013118                Fs::initVFS()
                0x00000000c0013142                Fs::standardiseFiles(char*, char const*, char const*)
                0x00000000c00132ec                File::File(char const*, Process*)
                0x00000000c00132ec                File::File(char const*, Process*)
                0x00000000c0013350                File::open(FileOpenMode)
                0x00000000c00133ae                File::close()
                0x00000000c001340e                File::seek(unsigned long long)
                0x00000000c0013464                File::tell(unsigned long long*)
                0x00000000c00134b4                File::rewind()
                0x00000000c00134c8                File::unlink()
                0x00000000c0013514                File::rename(char const*)
                0x00000000c0013562                File::chfatattr(unsigned char, unsigned char)
                0x00000000c00135be                File::exists()
                0x00000000c00135fc                File::stat(unsigned long long*, bool*)
                0x00000000c001365d                Fs::setcwd(Process*, char*)
                0x00000000c0013798                Directory::Directory(char const*, Process*)
                0x00000000c0013798                Directory::Directory(char const*, Process*)
                0x00000000c00137fc                Directory::open()
                0x00000000c0013858                Directory::close()
                0x00000000c00138b8                Directory::unlink()
                0x00000000c0013904                Directory::rename(char const*)
                0x00000000c0013952                Directory::exists()
                0x00000000c0013990                Directory::read(dirent*)
                0x00000000c00139dc                Directory::create()
                0x00000000c0013a28                Filesystem::chfatattr(char const*, unsigned char, unsigned char)
 .text          0x00000000c0013a2e       0x84 hal/bus.32
                0x00000000c0013a2e                Bus::Bus(char const*)
                0x00000000c0013a2e                Bus::Bus(char const*)
                0x00000000c0013a64                Bus::~Bus()
                0x00000000c0013a64                Bus::~Bus()
                0x00000000c0013a88                Bus::~Bus()
 .text          0x00000000c0013ab2      0x14e hal/buzzer.32
                0x00000000c0013ab2                Buzzer::Buzzer(char const*)
                0x00000000c0013ab2                Buzzer::Buzzer(char const*)
                0x00000000c0013af6                Buzzer::~Buzzer()
                0x00000000c0013af6                Buzzer::~Buzzer()
                0x00000000c0013b1a                Buzzer::~Buzzer()
                0x00000000c0013b44                Buzzer::stop()
                0x00000000c0013b57                beepThread(void*)
                0x00000000c0013b92                Buzzer::beep(int, int, bool)
 .text          0x00000000c0013c00      0x467 hal/clock.32
                0x00000000c0013c00                User::loadClockSettings(int)
                0x00000000c0013c52                Clock::Clock(char const*)
                0x00000000c0013c52                Clock::Clock(char const*)
                0x00000000c0013c88                Clock::~Clock()
                0x00000000c0013c88                Clock::~Clock()
                0x00000000c0013cac                Clock::~Clock()
                0x00000000c0013cd6                Clock::timeInSecondsLocal()
                0x00000000c0013d1e                Clock::setTimeInSecondsLocal(unsigned long long)
                0x00000000c0013d77                datetimeToSeconds(datetime_t)
                0x00000000c0013e9e                Clock::setTimeInDatetimeLocal(datetime_t)
                0x00000000c0013efe                secondsToDatetime(unsigned long long)
                0x00000000c0014042                Clock::timeInDatetimeLocal()
 *fill*         0x00000000c0014067        0x1 
 .text          0x00000000c0014068      0x4de hal/device.32
                0x00000000c0014068                Device::hibernate()
                0x00000000c001406a                Device::wake()
                0x00000000c001406c                Device::detect()
                0x00000000c001406e                Device::disableLegacy()
                0x00000000c0014070                Device::powerSaving(PowerSavingLevel)
                0x00000000c0014072                DriverlessDevice::close(int, int, void*)
                0x00000000c0014076                DriverlessDevice::detect()
                0x00000000c0014078                DriverlessDevice::open(int, int, void*)
                0x00000000c001408c                Device::~Device()
                0x00000000c001408c                Device::~Device()
                0x00000000c001409a                Device::~Device()
                0x00000000c00140c2                Device::findAndLoadDriver()
                0x00000000c00140c4                Device::preOpenPCI(PCIDeviceInfo)
                0x00000000c00140ea                Device::preOpenACPI(void*, char*, char*)
                0x00000000c001413e                Device::addIRQHandler(int, void (*)(regs*, void*), bool, void*)
                0x00000000c001417c                Device::removeIRQHandler(int, void (*)(regs*, void*), bool)
                0x00000000c00141ba                Device::addChild(Device*)
                0x00000000c00141fe                Device::removeAllChildren()
                0x00000000c0014244                Device::hibernateAll()
                0x00000000c0014274                Device::wakeAll()
                0x00000000c00142a4                Device::detectAll()
                0x00000000c00142d4                Device::disableLegacyAll()
                0x00000000c0014304                Device::loadDriversForAll()
                0x00000000c0014330                Device::closeAll()
                0x00000000c0014366                Device::powerSavingAll(PowerSavingLevel)
                0x00000000c001439c                Device::setName(char const*)
                0x00000000c00143aa                Device::Device(char const*)
                0x00000000c00143aa                Device::Device(char const*)
                0x00000000c00144a6                Device::getName()
                0x00000000c00144b0                DriverlessDevice::DriverlessDevice(char const*)
                0x00000000c00144b0                DriverlessDevice::DriverlessDevice(char const*)
                0x00000000c00144d8                Device::addToLinkedList(LinkedList<Device>&, DeviceType)
                0x00000000c001451c                getDevicesOfType(DeviceType)
 .text          0x00000000c0014546       0x84 hal/diskctrl.32
                0x00000000c0014546                HardDiskController::HardDiskController(char const*)
                0x00000000c0014546                HardDiskController::HardDiskController(char const*)
                0x00000000c001457c                HardDiskController::~HardDiskController()
                0x00000000c001457c                HardDiskController::~HardDiskController()
                0x00000000c00145a0                HardDiskController::~HardDiskController()
 .text          0x00000000c00145ca       0xf2 hal/diskphys.32
                0x00000000c00145ca                PhysicalDisk::eject()
                0x00000000c00145de                PhysicalDisk::PhysicalDisk(char const*, int)
                0x00000000c00145de                PhysicalDisk::PhysicalDisk(char const*, int)
                0x00000000c0014646                PhysicalDisk::startCache()
                0x00000000c001466e                PhysicalDisk::~PhysicalDisk()
                0x00000000c001466e                PhysicalDisk::~PhysicalDisk()
                0x00000000c0014692                PhysicalDisk::~PhysicalDisk()
 .text          0x00000000c00146bc      0x13b hal/fpu.32
                0x00000000c00146bc                FPU::FPU(char const*)
                0x00000000c00146bc                FPU::FPU(char const*)
                0x00000000c00146f2                FPU::~FPU()
                0x00000000c00146f2                FPU::~FPU()
                0x00000000c0014716                FPU::~FPU()
                0x00000000c0014740                setupFPU()
 *fill*         0x00000000c00147f7        0x1 
 .text          0x00000000c00147f8     0x13ab hal/intctrl.32
                0x00000000c00147f8                InterruptController::uninstallISRHandler(int, void (*)(regs*, void*))
                0x00000000c0014830                InterruptController::installISRHandler(int, void (*)(regs*, void*), void*)
                0x00000000c0014882                doubleFault(regs*, void*)
                0x00000000c001489c                InterruptController::installIRQHandler(int, void (*)(regs*, void*), bool, void*)
                0x00000000c0014938                InterruptController::clearAllHandlers(int, bool)
                0x00000000c00149e0                InterruptController::uninstallIRQHandler(int, void (*)(regs*, void*), bool)
                0x00000000c0014a67                nmiHandler(regs*, void*)
                0x00000000c0014a75                int_handler
                0x00000000c0014b16                InterruptController::InterruptController(char const*)
                0x00000000c0014b16                InterruptController::InterruptController(char const*)
                0x00000000c0014bbc                InterruptController::~InterruptController()
                0x00000000c0014bbc                InterruptController::~InterruptController()
                0x00000000c0014be0                InterruptController::~InterruptController()
                0x00000000c0014c0a                displayDebugInfo(regs*)
                0x00000000c0015099                x87EmulHandler(regs*, void*)
                0x00000000c00150c8                gpFault(regs*, void*)
                0x00000000c0015101                pgFault(regs*, void*)
                0x00000000c0015128                otherISRHandler(regs*, void*)
                0x00000000c0015147                opcodeFault(regs*, void*)
                0x00000000c001574d                displayProgramFault(char const*)
                0x00000000c0015775                setupInterruptController()
                0x00000000c0015b56                InterruptController::convertLegacyIRQNumber(int)
 *fill*         0x00000000c0015ba3        0x1 
 .text          0x00000000c0015ba4      0x6c8 hal/keybrd.32
                0x00000000c0015ba4                startGUI(void*)
                0x00000000c0015c00                startGUIVESA(void*)
                0x00000000c0015c5c                sendKeyToTerminal(unsigned char)
                0x00000000c0015cc8                sendKeyboardToken(KeyboardToken)
                0x00000000c0016105                clearInternalKeybuffer(VgaText*)
                0x00000000c001613a                readKeyboard(VgaText*, char*, unsigned long)
                0x00000000c00161e2                Keyboard::Keyboard(char const*)
                0x00000000c00161e2                Keyboard::Keyboard(char const*)
                0x00000000c001621e                Keyboard::~Keyboard()
                0x00000000c001621e                Keyboard::~Keyboard()
                0x00000000c0016242                Keyboard::~Keyboard()
 .text          0x00000000c001626c      0x414 hal/logidisk.32
                0x00000000c001626c                LogicalDisk::close(int, int, void*)
                0x00000000c0016270                LogicalDisk::~LogicalDisk()
                0x00000000c0016270                LogicalDisk::~LogicalDisk()
                0x00000000c0016294                LogicalDisk::~LogicalDisk()
                0x00000000c00162be                LogicalDisk::open(int, int, void*)
                0x00000000c00162d2                LogicalDisk::absoluteToRelative(unsigned long long)
                0x00000000c001630a                LogicalDisk::relativeToAbsolute(unsigned long long)
                0x00000000c0016350                LogicalDisk::LogicalDisk(char const*, PhysicalDisk*, unsigned long long, unsigned long long)
                0x00000000c0016350                LogicalDisk::LogicalDisk(char const*, PhysicalDisk*, unsigned long long, unsigned long long)
                0x00000000c0016406                LogicalDisk::assignDriveLetter()
                0x00000000c00164bc                LogicalDisk::mount()
                0x00000000c001652e                LogicalDisk::unmount()
                0x00000000c001653e                LogicalDisk::eject()
                0x00000000c0016552                LogicalDisk::unassignDriveLetter()
                0x00000000c00165a8                LogicalDisk::read(unsigned long long, int, void*)
                0x00000000c0016614                LogicalDisk::write(unsigned long long, int, void*)
 .text          0x00000000c0016680       0x84 hal/mouse.32
                0x00000000c0016680                Mouse::Mouse(char const*)
                0x00000000c0016680                Mouse::Mouse(char const*)
                0x00000000c00166b6                Mouse::~Mouse()
                0x00000000c00166b6                Mouse::~Mouse()
                0x00000000c00166da                Mouse::~Mouse()
 .text          0x00000000c0016704      0x34d hal/partition.32
                0x00000000c0016704                makePartition(PhysicalDisk*, unsigned long long, unsigned long long)
                0x00000000c00167c0                createPartitionsForDisk(PhysicalDisk*)
 *fill*         0x00000000c0016a51        0x1 
 .text          0x00000000c0016a52       0x84 hal/serial.32
                0x00000000c0016a52                Serial::Serial(char const*)
                0x00000000c0016a52                Serial::Serial(char const*)
                0x00000000c0016a88                Serial::~Serial()
                0x00000000c0016a88                Serial::~Serial()
                0x00000000c0016aac                Serial::~Serial()
 .text          0x00000000c0016ad6      0x2b8 hal/timer.32
                0x00000000c0016ad6                Timer::Timer(char const*)
                0x00000000c0016ad6                Timer::Timer(char const*)
                0x00000000c0016b0c                Timer::~Timer()
                0x00000000c0016b0c                Timer::~Timer()
                0x00000000c0016b30                Timer::~Timer()
                0x00000000c0016b5a                Timer::read()
                0x00000000c0016b65                timerHandler(unsigned long long)
                0x00000000c0016c9c                setupTimer(int)
 .text          0x00000000c0016d8e      0x425 hal/vcache.32
                0x00000000c0016d8e                VCache::VCache(PhysicalDisk*)
                0x00000000c0016d8e                VCache::VCache(PhysicalDisk*)
                0x00000000c0016ef6                VCache::invalidateReadBuffer()
                0x00000000c0016f06                VCache::writeWriteBuffer()
                0x00000000c0016f42                VCache::~VCache()
                0x00000000c0016f42                VCache::~VCache()
                0x00000000c0016f96                VCache::~VCache()
                0x00000000c0016fbe                VCache::write(unsigned long long, int, void*)
                0x00000000c00170b4                VCache::read(unsigned long long, int, void*)
 *fill*         0x00000000c00171b3        0x1 
 .text          0x00000000c00171b4      0x4cd hal/video.32
                0x00000000c00171b4                Video::putrect(int, int, int, int, unsigned int)
                0x00000000c0017200                Video::bitblit(int, int, int, int, int, int, int, unsigned int*)
                0x00000000c0017270                Video::blit(unsigned int*, int, int, int, int)
                0x00000000c00172ee                Video::clearScreen(unsigned int)
                0x00000000c0017322                Video::putpixel(int, int, unsigned int)
                0x00000000c0017330                Video::Video(char const*)
                0x00000000c0017330                Video::Video(char const*)
                0x00000000c0017366                Video::~Video()
                0x00000000c0017366                Video::~Video()
                0x00000000c001738a                Video::~Video()
                0x00000000c00173b4                Video::isMonochrome()
                0x00000000c00173c0                Video::getWidth()
                0x00000000c00173cc                Video::getHeight()
                0x00000000c00173d8                Video::drawCursor(int, int, unsigned char*, int)
                0x00000000c0017494                Video::tgaParse(unsigned char*, int, int*, int*)
                0x00000000c0017616                Video::putTGA(int, int, unsigned char*, int)
 *fill*         0x00000000c0017681        0x1 
 .text          0x00000000c0017682      0xf68 hw/acpi.32
                0x00000000c0017682                ACPI::close(int, int, void*)
                0x00000000c0017737                findRSDP()
                0x00000000c00177c1                loadACPITables(unsigned char*)
                0x00000000c00179e8                findRSDT(unsigned char*)
                0x00000000c0017b06                findDataTable(unsigned char*, char*)
                0x00000000c0017ba2                scanMADT()
                0x00000000c0018028                ACPI::ACPI()
                0x00000000c0018028                ACPI::ACPI()
                0x00000000c0018092                ACPI::getPCIIRQAssignment(unsigned char, unsigned short, unsigned char)
                0x00000000c0018174                ACPI::registerPCIIRQAssignment(void*, unsigned short, unsigned char, unsigned char)
                0x00000000c001823a                ACPI::setScreenBrightnessLevel(void*, int)
                0x00000000c0018240                ACPI::writeSimpleBootFlag(SimpleBootFlagTable*)
                0x00000000c0018288                ACPI::open(int, int, void*)
                0x00000000c00185d2                ACPI::sleep()
 .text          0x00000000c00185ea     0x1715 hw/cpu.32
                0x00000000c00185ea                CPU::close(int, int, void*)
                0x00000000c00185ee                CPU::lookupAMDName(unsigned char, unsigned char)
                0x00000000c0018782                CPU::lookupIntelName(unsigned char, unsigned char)
                0x00000000c0018a30                CPU::AMD_K6_write_msr(unsigned int, unsigned int, unsigned int, CPU::REGS*)
                0x00000000c0018a4c                CPU::AMD_K6_read_msr(unsigned int, CPU::REGS*)
                0x00000000c0018a64                CPU::AMD_K6_writeback(int, int, int)
                0x00000000c0018ad8                CPU::cpuid(int, unsigned long*, unsigned long*, unsigned long*, unsigned long*)
                0x00000000c0018b5c                CPU::cpuidCheckEDX(unsigned int)
                0x00000000c0018b8a                CPU::cpuidCheckECX(unsigned int)
                0x00000000c0018bb8                CPU::cpuidCheckExtendedEBX(unsigned int)
                0x00000000c0018be6                CPU::cpuidCheckExtendedECX(unsigned int)
                0x00000000c0018c14                CPU::CPU()
                0x00000000c0018c14                CPU::CPU()
                0x00000000c0018ca2                CPU::displayFeatures()
                0x00000000c0018f1e                CPU::detectFeatures()
                0x00000000c001990e                CPU::setupSMEP()
                0x00000000c001991a                CPU::setupUMIP()
                0x00000000c0019924                CPU::setupTSC()
                0x00000000c001992e                CPU::setupLargePages()
                0x00000000c0019938                CPU::setupPAT()
                0x00000000c0019974                CPU::setupMTRR()
                0x00000000c0019976                CPU::setupGlobalPages()
                0x00000000c0019980                CPU::allowUsermodeDataAccess()
                0x00000000c0019992                CPU::prohibitUsermodeDataAccess()
                0x00000000c00199a4                CPU::setupSMAP()
                0x00000000c00199b2                CPU::setupFeatures()
                0x00000000c0019a32                CPU::open(int, int, void*)
                0x00000000c0019b04                CPU::decodeAddress(regs*, int*, bool*, unsigned char*)
 .text          0x00000000c0019cff        0x0 hw/ports.32
 .text          0x00000000c0019cff      0x16a hw/smp.32
                0x00000000c0019cff                Krnl::smpEntry()
                0x00000000c0019d01                Krnl::startCPU(int)
                0x00000000c0019e4a                Krnl::startCPUs()
 *fill*         0x00000000c0019e69        0x1 
 .text          0x00000000c0019e6a      0x5d3 krnl/env.32
                0x00000000c0019e6a                EnvVarContainer::getEnv(char const*)
                0x00000000c0019ea8                EnvVarContainer::setEnv(char const*, char const*)
                0x00000000c0019f74                EnvVarContainer::deleteEnv(char const*)
                0x00000000c0019f76                EnvVarContainer::loadFrom(char const*, char const*)
                0x00000000c001a16c                EnvVarContainer::__loadSystem()
                0x00000000c001a186                EnvVarContainer::__loadUser()
                0x00000000c001a188                EnvVarContainer::EnvVarContainer(Process*)
                0x00000000c001a188                EnvVarContainer::EnvVarContainer(Process*)
                0x00000000c001a1aa                EnvVarContainer::~EnvVarContainer()
                0x00000000c001a1aa                EnvVarContainer::~EnvVarContainer()
                0x00000000c001a1da                Krnl::getEnv(Process*, char const*)
                0x00000000c001a23f                Krnl::setEnvSystem(char const*, char const*)
                0x00000000c001a259                Krnl::setEnvUser(char const*, char const*)
                0x00000000c001a278                Krnl::setEnvProcess(Process*, char const*, char const*)
                0x00000000c001a28b                Krnl::deleteEnvSystem(char const*)
                0x00000000c001a28c                Krnl::deleteEnvUser(char const*)
                0x00000000c001a28d                Krnl::deleteEnvProcess(Process*, char const*)
                0x00000000c001a28e                Krnl::newProcessEnv(Process*)
                0x00000000c001a2b0                Krnl::copyProcessEnv(Process*, Process*)
                0x00000000c001a304                Krnl::loadSystemEnv()
                0x00000000c001a332                Krnl::loadUserEnv()
                0x00000000c001a358                Krnl::flushEnv()
                0x00000000c001a359                Krnl::getProcessTotalEnvCount(Process*)
                0x00000000c001a379                Krnl::getProcessEnvPair(Process*, int)
 .text          0x00000000c001a43d      0x396 krnl/panic.32
                0x00000000c001a43d                Krnl::panic(char const*)
 .text          0x00000000c001a7d3      0x3b6 net/ethernet.32
                0x00000000c001a7d3                Net::switchEndian16(unsigned short)
                0x00000000c001a7f4                Net::switchEndian32(unsigned int)
                0x00000000c001a823                Net::crc32Calc(unsigned char*, int)
                0x00000000c001a8b4                Net::wrapEthernetFrame(Net::UnwrappedEthernetFrame, unsigned char*)
                0x00000000c001a9f0                Net::unwrapEthernetFrame(unsigned char*, int)
 .text          0x00000000c001ab89      0x513 reg/registry.32
                0x00000000c001ab89                Reg::findLineFromLoadedData(char*, char*, char*)
                0x00000000c001ace1                Reg::getLineFromRegistry(char*, char*, char*, char*)
                0x00000000c001ae36                Reg::getLine(char*, char*, char*)
                0x00000000c001ae6d                Reg::readInt(char*, char*, int*)
                0x00000000c001af58                Reg::readString(char*, char*, char*, int)
                0x00000000c001afd9                Reg::readBool(char*, char*, bool*)
                0x00000000c001affe                Reg::readBoolWithDefault(char*, char*, bool)
                0x00000000c001b02a                Reg::readIntWithDefault(char*, char*, int)
                0x00000000c001b056                Reg::readStringWithDefault(char*, char*, char*, int, char*)
 .text          0x00000000c001b09c       0x36 sys/sc_eject.32
                0x00000000c001b09c                Sys::eject(regs*)
 .text          0x00000000c001b0d2       0x18 sys/sc_exit.32
                0x00000000c001b0d2                Sys::exit(regs*)
 .text          0x00000000c001b0ea       0x1f sys/sc_getcwd.32
                0x00000000c001b0ea                Sys::getCwd(regs*)
 .text          0x00000000c001b109        0xc sys/sc_getpid.32
                0x00000000c001b109                Sys::getPID(regs*)
 .text          0x00000000c001b115       0x17 sys/sc_getramdata.32
                0x00000000c001b115                Sys::getRAMData(regs*)
 .text          0x00000000c001b12c       0xa8 sys/sc_loaddll.32
                0x00000000c001b12c                Sys::loadDLL(regs*)
 .text          0x00000000c001b1d4       0x68 sys/sc_read.32
                0x00000000c001b1d4                Sys::read(regs*)
 .text          0x00000000c001b23c       0x55 sys/sc_sbrk.32
                0x00000000c001b23c                Sys::sbrk(regs*)
 .text          0x00000000c001b291       0x1c sys/sc_setcwd.32
                0x00000000c001b291                Sys::setCwd(regs*)
 .text          0x00000000c001b2ad      0x128 sys/sc_settime.32
                0x00000000c001b2ad                Sys::setTime(regs*)
 .text          0x00000000c001b3d5       0x4a sys/sc_timezone.32
                0x00000000c001b3d5                Sys::timezone(regs*)
 .text          0x00000000c001b41f       0x68 sys/sc_write.32
                0x00000000c001b41f                Sys::write(regs*)
 .text          0x00000000c001b487       0x62 sys/sc_wsbe.32
                0x00000000c001b487                Sys::wsbe(regs*)
 .text          0x00000000c001b4e9       0x3b sys/sc_yield.32
                0x00000000c001b4e9                Sys::yield(regs*)
 .text          0x00000000c001b524     0x10e5 sys/syscalls.32
                0x00000000c001b524                sysCallSeekDir(regs*)
                0x00000000c001b529                sysCallTellDir(regs*)
                0x00000000c001b52e                sysCallVerify(regs*)
                0x00000000c001b538                sysFormatDisk(regs*)
                0x00000000c001b5a2                sysSetDiskVolumeLabel(regs*)
                0x00000000c001b5e8                sysGetDiskVolumeLabel(regs*)
                0x00000000c001b639                sysShutdown(regs*)
                0x00000000c001b697                sysCallRealpath(regs*)
                0x00000000c001b6da                sysCallGetArgc(regs*)
                0x00000000c001b708                sysCallReadDir(regs*)
                0x00000000c001b796                sysCallIsATTY(regs*)
                0x00000000c001b7f0                sysCallSeek(regs*)
                0x00000000c001b859                sysCallTell(regs*)
                0x00000000c001b8d6                sysCallSize(regs*)
                0x00000000c001b959                sysCallSizeFromFilename(regs*)
                0x00000000c001ba19                sysCallClose(regs*)
                0x00000000c001baa1                sysCallOpenDir(regs*)
                0x00000000c001bb16                sysCallCloseDir(regs*)
                0x00000000c001bb7c                sysCallMakeDir(regs*)
                0x00000000c001bbec                sysCallWait(regs*)
                0x00000000c001bc06                sysCallNotImpl(regs*)
                0x00000000c001bc21                sysPanic(regs*)
                0x00000000c001bc47                sysCallRmdir(regs*)
                0x00000000c001bcab                sysCallUnlink(regs*)
                0x00000000c001bd0f                sysCallGetArgv(regs*)
                0x00000000c001bd5b                sysCallTTYName(regs*)
                0x00000000c001bdde                sysCallUSleep(regs*)
                0x00000000c001be05                sysCallSpawn(regs*)
                0x00000000c001be5d                sysCallGetEnv(regs*)
                0x00000000c001bf95                sysAppSettings(regs*)
                0x00000000c001c0b4                sysSetFatAttrib(regs*)
                0x00000000c001c126                sysPipe(regs*)
                0x00000000c001c16b                sysGetUnixTime(regs*)
                0x00000000c001c17f                string_ends_with(char const*, char const*)
                0x00000000c001c1c7                sysCallOpen(regs*)
                0x00000000c001c3dc                Sys::loadSyscalls()
                0x00000000c001c5c7                Sys::systemCall(regs*, void*)
 .text          0x00000000c001c609     0x11ef thr/elf.32
                0x00000000c001c609                Thr::allocateMemoryForTask(Process*, File*, unsigned long, unsigned long, unsigned long)
                0x00000000c001c89b                Thr::loadProgramIntoMemory(Process*, char const*)
                0x00000000c001cab1                Thr::runtimeReferenceHelper()
                0x00000000c001cac4                Thr::getAddressOfKernelSymbol(char const*)
                0x00000000c001cb13                Thr::loadKernelSymbolTable(char const*)
                0x00000000c001cdd1                Thr::loadDriverIntoMemory(char const*, unsigned long, bool)
                0x00000000c001d4ed                Thr::getDriverBaseFromAddress(unsigned long)
                0x00000000c001d51f                Thr::getDriverNameFromAddress(unsigned long)
                0x00000000c001d556                Thr::getDriverOffsetFromAddress(unsigned long)
                0x00000000c001d570                Thr::loadDLL(char const*, bool)
                0x00000000c001d7bf                Thr::executeDLL(unsigned long, void*)
 .text          0x00000000c001d7f8     0x105a thr/prcssthr.32
                0x00000000c001d7f8                changeTSS
                0x00000000c001d828                Process::addArgs(char**)
                0x00000000c001d882                Process::Process(char const*, Process*, char**)
                0x00000000c001d882                Process::Process(char const*, Process*, char**)
                0x00000000c001da68                Process::Process(bool, char const*, Process*, char**)
                0x00000000c001da68                Process::Process(bool, char const*, Process*, char**)
                0x00000000c001dc1a                disableIRQs()
                0x00000000c001dc22                getIRQNestingLevel()
                0x00000000c001dc28                enableIRQs()
                0x00000000c001dc37                lockScheduler()
                0x00000000c001dc39                unlockScheduler()
                0x00000000c001dc3b                userModeEntryPoint(void*)
                0x00000000c001dc5e                lockStuff()
                0x00000000c001dc6a                taskStartupFunction
                0x00000000c001dc73                updateTimeUsed()
                0x00000000c001dcd8                switchToThread(ThreadControlBlock*)
                0x00000000c001dd28                Semaphore::Semaphore(int)
                0x00000000c001dd28                Semaphore::Semaphore(int)
                0x00000000c001dd56                Mutex::Mutex()
                0x00000000c001dd56                Mutex::Mutex()
                0x00000000c001dd68                Process::createThread(void (*)(void*), void*, int)
                0x00000000c001de4c                Process::createUserThread()
                0x00000000c001de68                setupMultitasking(void (*)())
                0x00000000c001df72                schedule()
                0x00000000c001dff7                unlockStuff()
                0x00000000c001e02c                Semaphore::tryAcquire()
                0x00000000c001e05a                Semaphore::assertLocked(char const*)
                0x00000000c001e08a                blockTaskWithSchedulerLockAlreadyHeld(TaskState)
                0x00000000c001e0cc                blockTask(TaskState)
                0x00000000c001e0ed                waitTask(int, int*, int)
                0x00000000c001e12f                nanoSleepUntil(unsigned long long)
                0x00000000c001e186                nanoSleep(unsigned long long)
                0x00000000c001e19b                sleep(unsigned long long)
                0x00000000c001e1b8                Semaphore::acquire()
                0x00000000c001e220                taskReturned
                0x00000000c001e24e                unblockTask(ThreadControlBlock*)
                0x00000000c001e2fd                cleanupTerminatedTask(ThreadControlBlock*)
                0x00000000c001e5c7                cleanerTaskFunction(void*)
                0x00000000c001e67a                terminateTask(int)
                0x00000000c001e75a                Thr::terminateFromIRQ(int)
                0x00000000c001e766                Semaphore::release()
 .text          0x00000000c001e852      0xc26 vm86/vm8086.32
                0x00000000c001e852                Vm::inbv(unsigned short)
                0x00000000c001e865                Vm::outbv(unsigned short, unsigned char)
                0x00000000c001e8b8                Vm::realToLinear(unsigned short, unsigned short)
                0x00000000c001e8c8                Vm::getSegment(unsigned int)
                0x00000000c001e8d0                Vm::getOffset(unsigned int)
                0x00000000c001e8d5                Vm::mainloop2()
                0x00000000c001e910                Vm::mainVm8086Loop(void*)
                0x00000000c001e91d                Vm::mainloop3(unsigned long)
                0x00000000c001e947                Vm::initialise8086()
                0x00000000c001e98a                Vm::finish8086()
                0x00000000c001e9cf                Vm::getOutput8086(unsigned char*)
                0x00000000c001e9f9                Vm::start8086(char const*, unsigned short, unsigned short, unsigned short, unsigned short)
                0x00000000c001eb49                Vm::doISR(regs*, int, unsigned char*, unsigned short, unsigned short)
                0x00000000c001ebd3                Vm::readByteFromReal(unsigned short, unsigned short)
                0x00000000c001ebe4                Vm::readWordFromReal(unsigned short, unsigned short)
                0x00000000c001ebf6                Vm::readDwordFromReal(unsigned short, unsigned short)
                0x00000000c001ec07                Vm::writeByteFromReal(unsigned short, unsigned short, unsigned char)
                0x00000000c001ec1c                Vm::writeWordFromReal(unsigned short, unsigned short, unsigned short)
                0x00000000c001ec32                Vm::writeDwordFromReal(unsigned short, unsigned short, unsigned int)
                0x00000000c001ec47                Vm::faultHandler(regs*)
 .text          0x00000000c001f478      0xf2b vm86/x87em.32
                0x00000000c001f478                Vm::x87Save(void*)
                0x00000000c001f48f                Vm::x87Load(void*)
                0x00000000c001f4a6                Vm::fpuInternalTo32(unsigned long long)
                0x00000000c001f501                Vm::fpuInternalTo64(unsigned long long)
                0x00000000c001f50a                Vm::fpu32ToInternal(unsigned int)
                0x00000000c001f54f                Vm::fpu64ToInternal(unsigned long long)
                0x00000000c001f558                Vm::fpuFloatToLong(unsigned long long)
                0x00000000c001f5b3                Vm::fpuULongToFloat(unsigned long long)
                0x00000000c001f5e9                Vm::fpuLongToFloat(long long)
                0x00000000c001f63f                Vm::fpuGet0()
                0x00000000c001f644                Vm::fpuGet1()
                0x00000000c001f64c                Vm::fpuGetPi()
                0x00000000c001f654                Vm::fpuGetLog2E()
                0x00000000c001f66c                Vm::fpuGetLogE2()
                0x00000000c001f684                Vm::fpuGetLog210()
                0x00000000c001f69c                Vm::fpuGetLog102()
                0x00000000c001f6b4                Vm::fpuIsSecondLarger(unsigned long long, unsigned long long)
                0x00000000c001f6c8                Vm::fpuAreEqual(unsigned long long, unsigned long long)
                0x00000000c001f6de                Vm::fpuUnorderedCompare(unsigned long long, unsigned long long)
                0x00000000c001f731                Vm::fpuAdd(unsigned long long, unsigned long long)
                0x00000000c001f742                Vm::fpuAbs(unsigned long long)
                0x00000000c001f74b                Vm::fpuChs(unsigned long long)
                0x00000000c001f75b                Vm::fpuSub(unsigned long long, unsigned long long)
                0x00000000c001f76a                Vm::fpuMultiply(unsigned long long, unsigned long long)
                0x00000000c001f789                Vm::fpuDivide(unsigned long long, unsigned long long)
                0x00000000c001f7a5                Vm::fpuSquare(unsigned long long)
                0x00000000c001f7bb                Vm::fpuGetReg(int)
                0x00000000c001f7fe                Vm::fpuSetReg(int, unsigned long long)
                0x00000000c001f849                Vm::fpuPush(unsigned long long)
                0x00000000c001f8a6                Vm::fpuPop()
                0x00000000c001f8f8                Vm::x87Handler(regs*)
 *fill*         0x00000000c00203a3        0x1 
 .text          0x00000000c00203a4     0x10ed fs/fat/vfslink.32
                0x00000000c00203a4                FAT::getName()
                0x00000000c00203aa                FAT::tell(void*, unsigned long long*)
                0x00000000c00203de                FAT::stat(void*, unsigned long long*)
                0x00000000c0020412                FAT::~FAT()
                0x00000000c0020412                FAT::~FAT()
                0x00000000c0020436                FAT::~FAT()
                0x00000000c002045e                FAT::getlabel(LogicalDisk*, int, char*, unsigned int*)
                0x00000000c00204fc                FAT::setlabel(LogicalDisk*, int, char*)
                0x00000000c00205b6                FAT::format(LogicalDisk*, int, char const*, int)
                0x00000000c002079a                FAT::tryMount(LogicalDisk*, int)
                0x00000000c00209a0                FAT::readDir(void*, unsigned long, void*, int*)
                0x00000000c0020aa6                FAT::read(void*, unsigned long, void*, int*)
                0x00000000c0020b00                FAT::write(void*, unsigned long, void*, int*)
                0x00000000c0020b5a                FAT::close(void*)
                0x00000000c0020ba6                FAT::closeDir(void*)
                0x00000000c0020bf2                FAT::seek(void*, unsigned long long)
                0x00000000c0020c46                fatWrapperReadDisk
                0x00000000c0020c8d                fatWrapperWriteDisk
                0x00000000c0020cd4                fatWrapperIoctl
                0x00000000c0020dd8                FAT::FAT()
                0x00000000c0020dd8                FAT::FAT()
                0x00000000c0020e2a                FAT::fixFilepath(char*)
                0x00000000c0020e62                FAT::open(char const*, void**, FileOpenMode)
                0x00000000c0020f8a                FAT::openDir(char const*, void**)
                0x00000000c0021030                FAT::stat(char const*, unsigned long long*, bool*)
                0x00000000c002111a                FAT::unlink(char const*)
                0x00000000c0021194                FAT::chfatattr(char const*, unsigned char, unsigned char)
                0x00000000c00212e8                FAT::rename(char const*, char const*)
                0x00000000c00213ac                FAT::mkdir(char const*)
                0x00000000c0021426                FAT::exists(char const*)
 *fill*         0x00000000c0021491        0x1 
 .text          0x00000000c0021492      0xbc1 fs/iso9660/vfslink.32
                0x00000000c0021492                ISO9660::format(LogicalDisk*, int, char const*, int)
                0x00000000c0021498                ISO9660::seek(void*, unsigned long long)
                0x00000000c00214c8                ISO9660::tell(void*, unsigned long long*)
                0x00000000c00214ec                ISO9660::getName()
                0x00000000c00214f2                ISO9660::stat(void*, unsigned long long*)
                0x00000000c0021516                ISO9660::chfatattr(char const*, unsigned char, unsigned char)
                0x00000000c002151c                ISO9660::unlink(char const*)
                0x00000000c0021522                ISO9660::write(void*, unsigned long, void*, int*)
                0x00000000c0021528                ISO9660::rename(char const*, char const*)
                0x00000000c002152e                ISO9660::mkdir(char const*)
                0x00000000c0021534                ISO9660::close(void*)
                0x00000000c0021556                ISO9660::closeDir(void*)
                0x00000000c0021578                ISO9660::~ISO9660()
                0x00000000c0021578                ISO9660::~ISO9660()
                0x00000000c002159c                ISO9660::~ISO9660()
                0x00000000c00215c3                __memmem(unsigned char*, int, unsigned char*, int)
                0x00000000c0021605                readSectorFromCDROM(unsigned int, unsigned char*, char)
                0x00000000c002166c                ISO9660::tryMount(LogicalDisk*, int)
                0x00000000c00216bc                ISO9660::read(void*, unsigned long, void*, int*)
                0x00000000c00218bc                ISO9660::readDir(void*, unsigned long, void*, int*)
                0x00000000c0021b49                readRoot(unsigned int*, unsigned int*, char)
                0x00000000c0021b9e                readRecursively(char*, unsigned int, unsigned int, unsigned int*, unsigned int*, char, int*)
                0x00000000c0021d71                getFileData(char*, unsigned int*, unsigned int*, char, int*)
                0x00000000c0021e00                ISO9660::open(char const*, void**, FileOpenMode)
                0x00000000c0021ec0                ISO9660::exists(char const*)
                0x00000000c0021ee4                ISO9660::stat(char const*, unsigned long long*, bool*)
                0x00000000c0021f78                ISO9660::openDir(char const*, void**)
                0x00000000c0022030                ISO9660::ISO9660()
                0x00000000c0022030                ISO9660::ISO9660()
 *fill*         0x00000000c0022053        0x1 
 .text          0x00000000c0022054      0x326 hal/sound/sndchannel.32
                0x00000000c0022054                SoundChannel::~SoundChannel()
                0x00000000c0022054                SoundChannel::~SoundChannel()
                0x00000000c0022070                SoundChannel::setSpeed(float)
                0x00000000c002207c                SoundChannel::getSpeed()
                0x00000000c0022084                SoundChannel::setVolume(int)
                0x00000000c00220a0                SoundChannel::getVolume()
                0x00000000c00220a8                SoundChannel::pause()
                0x00000000c00220b2                SoundChannel::SoundChannel(int, int, int, int)
                0x00000000c00220b2                SoundChannel::SoundChannel(int, int, int, int)
                0x00000000c0022208                SoundChannel::play()
                0x00000000c0022212                SoundChannel::paused()
                0x00000000c002221a                SoundChannel::getSampleRate()
                0x00000000c0022222                SoundChannel::getBits()
                0x00000000c002222a                SoundChannel::getBufferUsed()
                0x00000000c0022232                SoundChannel::getBufferSize()
                0x00000000c002223a                SoundChannel::unbuffer(float*, int, int)
                0x00000000c00222da                SoundChannel::buffer8(unsigned char*, int)
 .text          0x00000000c002237a      0x3d5 hal/sound/sndhw.32
                0x00000000c002237a                SoundDevice::SoundDevice(char const*)
                0x00000000c002237a                SoundDevice::SoundDevice(char const*)
                0x00000000c00223e6                SoundDevice::~SoundDevice()
                0x00000000c00223e6                SoundDevice::~SoundDevice()
                0x00000000c0022460                SoundDevice::~SoundDevice()
                0x00000000c002248a                SoundDevice::getFreeChannelNum()
                0x00000000c00224a4                SoundDevice::addChannel(SoundChannel*)
                0x00000000c0022514                SoundDevice::removeChannel(int)
                0x00000000c0022546                SoundDevice::floatTo8(float*, unsigned char*, int)
                0x00000000c002262e                SoundDevice::getAudio(int, float*, float*)
 .text          0x00000000c002274f        0x0 hw/bus/isa.32
 *fill*         0x00000000c002274f        0x1 
 .text          0x00000000c0022750      0x6c3 hw/bus/pci.32
                0x00000000c0022750                PCI::open(int, int, void*)
                0x00000000c0022764                PCI::close(int, int, void*)
                0x00000000c0022768                PCI::PCI()
                0x00000000c0022768                PCI::PCI()
                0x00000000c00227e8                PCI::pciReadWord(unsigned char, unsigned char, unsigned char, unsigned char)
                0x00000000c0022830                PCI::getVendorID(unsigned char, unsigned char, unsigned char)
                0x00000000c0022852                PCI::getHeaderType(unsigned char, unsigned char, unsigned char)
                0x00000000c0022876                PCI::getClassCode(unsigned char, unsigned char, unsigned char)
                0x00000000c00228ba                PCI::getProgIF(unsigned char, unsigned char, unsigned char)
                0x00000000c00228de                PCI::getRevisionID(unsigned char, unsigned char, unsigned char)
                0x00000000c0022900                PCI::getInterruptNumber(unsigned char, unsigned char, unsigned char)
                0x00000000c0022922                PCI::getSecondaryBus(unsigned char, unsigned char, unsigned char)
                0x00000000c0022946                PCI::getBARAddress(unsigned char, unsigned char, unsigned char, unsigned char)
                0x00000000c00229a6                PCI::pciWriteWord(unsigned char, unsigned char, unsigned char, unsigned char, unsigned short)
                0x00000000c0022a12                PCI::checkBus(unsigned char)
                0x00000000c0022a36                PCI::foundDevice(PCIDeviceInfo)
                0x00000000c0022ba8                PCI::getDeviceData(unsigned char, unsigned char, unsigned char)
                0x00000000c0022d54                PCI::checkDevice(unsigned char, unsigned char)
                0x00000000c0022dc0                PCI::detect()
 *fill*         0x00000000c0022e13        0x1 
 .text          0x00000000c0022e14      0xc70 hw/diskctrl/ide.32
                0x00000000c0022e14                IDE::close(int, int, void*)
                0x00000000c0022e18                IDE::IDE()
                0x00000000c0022e18                IDE::IDE()
                0x00000000c0022e4c                IDE::prepareInterrupt(unsigned char)
                0x00000000c0022e5e                selectDrive(unsigned char, unsigned char)
                0x00000000c0022e60                IDE::getBase(unsigned char)
                0x00000000c0022e72                IDE::write(unsigned char, unsigned char, unsigned char)
                0x00000000c0022f32                IDE::read(unsigned char, unsigned char)
                0x00000000c0022fe0                IDE::waitInterrupt(unsigned char)
                0x00000000c0023046                ideChannel0IRQHandler(regs*, void*)
                0x00000000c0023062                ideChannel1IRQHandler(regs*, void*)
                0x00000000c002307e                IDE::enableIRQs(unsigned char, bool)
                0x00000000c00230c4                IDE::open(int, int, void*)
                0x00000000c00234d4                IDE::readBuffer(unsigned char, unsigned char, unsigned int, unsigned int)
                0x00000000c00235a0                IDE::detect()
                0x00000000c0023888                IDE::printError(unsigned char, unsigned char, unsigned char)
                0x00000000c0023a1e                IDE::polling(unsigned char, unsigned int)
 .text          0x00000000c0023a84      0x390 hw/diskctrl/satabus.32
                0x00000000c0023a84                SATABus::close(int, int, void*)
                0x00000000c0023a88                SATABus::detect()
                0x00000000c0023a8a                SATABus::SATABus()
                0x00000000c0023a8a                SATABus::SATABus()
                0x00000000c0023b36                SATABus::findCmdslot(SATABus::tagHBA_PORT volatile*)
                0x00000000c0023b7e                SATABus::checkType(SATABus::tagHBA_PORT volatile*)
                0x00000000c0023bc6                SATABus::startCmd(SATABus::tagHBA_PORT volatile*)
                0x00000000c0023be6                SATABus::stopCmd(SATABus::tagHBA_PORT volatile*)
                0x00000000c0023c10                SATABus::portRebase(SATABus::tagHBA_PORT volatile*, int)
                0x00000000c0023d16                SATABus::probePort(SATABus::tagHBA_MEM volatile*)
                0x00000000c0023df4                SATABus::open(int, int, void*)
 .text          0x00000000c0023e14      0x63c hw/diskphys/ata.32
                0x00000000c0023e14                ATA::close(int, int, void*)
                0x00000000c0023e38                ATA::powerSaving(PowerSavingLevel)
                0x00000000c0023e3a                ATA::ATA()
                0x00000000c0023e3a                ATA::ATA()
                0x00000000c0023e68                ATA::flush(bool)
                0x00000000c0023eb2                ATA::readyForCommand()
                0x00000000c0023f02                ATA::access(unsigned long long, int, void*, bool)
                0x00000000c002428a                ATA::read(unsigned long long, int, void*)
                0x00000000c00242f2                ATA::write(unsigned long long, int, void*)
                0x00000000c002435a                ATA::detectCHS()
                0x00000000c0024384                ATA::open(int, int, void*)
 .text          0x00000000c0024450      0x5bd hw/diskphys/atapi.32
                0x00000000c0024450                ATAPI::write(unsigned long long, int, void*)
                0x00000000c0024456                ATAPI::close(int, int, void*)
                0x00000000c002447a                ATAPI::ATAPI()
                0x00000000c002447a                ATAPI::ATAPI()
                0x00000000c00244a8                ATAPI::readyForCommand()
                0x00000000c00244f8                ATAPI::sendPacket(unsigned char*, int, bool, unsigned short*, int)
                0x00000000c00247b8                ATAPI::diskRemoved()
                0x00000000c00247d4                ATAPI::eject()
                0x00000000c002481c                ATAPI::diskInserted()
                0x00000000c002484a                ATAPI::detectMedia()
                0x00000000c0024906                ATAPI::open(int, int, void*)
                0x00000000c002498e                ATAPI::read(unsigned long long, int, void*)
 *fill*         0x00000000c0024a0d        0x1 
 .text          0x00000000c0024a0e      0x455 hw/diskphys/sata.32
                0x00000000c0024a0e                SATA::close(int, int, void*)
                0x00000000c0024a32                SATA::powerSaving(PowerSavingLevel)
                0x00000000c0024a34                SATA::open(int, int, void*)
                0x00000000c0024ae2                SATA::SATA()
                0x00000000c0024ae2                SATA::SATA()
                0x00000000c0024b10                SATA::access(unsigned long long, int, void*, bool)
                0x00000000c0024d76                SATA::read(unsigned long long, int, void*)
                0x00000000c0024dde                SATA::write(unsigned long long, int, void*)
 *fill*         0x00000000c0024e63        0x1 
 .text          0x00000000c0024e64      0x500 hw/diskphys/satapi.32
                0x00000000c0024e64                SATAPI::write(unsigned long long, int, void*)
                0x00000000c0024e6a                SATAPI::close(int, int, void*)
                0x00000000c0024e8e                SATAPI::SATAPI()
                0x00000000c0024e8e                SATAPI::SATAPI()
                0x00000000c0024ebc                SATAPI::diskRemoved()
                0x00000000c0024ed8                SATAPI::diskInserted()
                0x00000000c0024f06                SATAPI::sendPacket(unsigned char*, int, unsigned long long, unsigned short*, int)
                0x00000000c002510a                SATAPI::eject()
                0x00000000c0025152                SATAPI::detectMedia()
                0x00000000c0025214                SATAPI::open(int, int, void*)
                0x00000000c00252c2                SATAPI::read(unsigned long long, int, void*)
 .text          0x00000000c0025364       0x8e hw/fpu/avx.32
                0x00000000c0025364                AVX::open(int, int, void*)
                0x00000000c0025376                AVX::close(int, int, void*)
                0x00000000c0025388                AVX::available()
                0x00000000c002539a                AVX::save(void*)
                0x00000000c00253b2                AVX::load(void*)
                0x00000000c00253ca                AVX::AVX()
                0x00000000c00253ca                AVX::AVX()
 .text          0x00000000c00253f2       0x90 hw/fpu/mmx.32
                0x00000000c00253f2                MMX::available()
                0x00000000c0025406                MMX::open(int, int, void*)
                0x00000000c0025418                MMX::close(int, int, void*)
                0x00000000c002542a                MMX::save(void*)
                0x00000000c0025442                MMX::load(void*)
                0x00000000c002545a                MMX::MMX()
                0x00000000c002545a                MMX::MMX()
 .text          0x00000000c0025482       0x96 hw/fpu/sse.32
                0x00000000c0025482                SSE::open(int, int, void*)
                0x00000000c0025494                SSE::close(int, int, void*)
                0x00000000c00254a6                SSE::available()
                0x00000000c00254c0                SSE::save(void*)
                0x00000000c00254d8                SSE::load(void*)
                0x00000000c00254f0                SSE::SSE()
                0x00000000c00254f0                SSE::SSE()
 .text          0x00000000c0025518       0x8e hw/fpu/x87.32
                0x00000000c0025518                x87::open(int, int, void*)
                0x00000000c002552a                x87::close(int, int, void*)
                0x00000000c002553c                x87::available()
                0x00000000c002554e                x87::save(void*)
                0x00000000c0025566                x87::load(void*)
                0x00000000c002557e                x87::x87()
                0x00000000c002557e                x87::x87()
 .text          0x00000000c00255a6      0x71e hw/intctrl/apic.32
                0x00000000c00255a6                APIC::disable()
                0x00000000c00255a8                APIC::close(int, int, void*)
                0x00000000c00255ca                IOAPIC::close(int, int, void*)
                0x00000000c00255d0                APIC::io_wait()
                0x00000000c00255d6                APIC::getBase()
                0x00000000c0025618                APIC::eoi(unsigned char)
                0x00000000c0025646                APIC::open(int, int, void*)
                0x00000000c0025794                IOAPIC::IOAPIC()
                0x00000000c0025794                IOAPIC::IOAPIC()
                0x00000000c00257bc                APIC::APIC()
                0x00000000c00257bc                APIC::APIC()
                0x00000000c0025898                IOAPIC::handlesGSIWithNumber(unsigned int)
                0x00000000c00258ca                IOAPIC::read(int)
                0x00000000c00258f2                IOAPIC::open(int, int, void*)
                0x00000000c00259e8                IOAPIC::write(int, int)
                0x00000000c0025a14                IOAPIC::redirect(unsigned char, unsigned long long, unsigned char, bool, bool)
                0x00000000c0025b0e                APIC::installIRQHandler(int, void (*)(regs*, void*), bool, void*)
 .text          0x00000000c0025cc4      0x3d3 hw/intctrl/pic.32
                0x00000000c0025cc4                PIC::disable()
                0x00000000c0025cf2                PIC::close(int, int, void*)
                0x00000000c0025d14                PIC::PIC()
                0x00000000c0025d14                PIC::PIC()
                0x00000000c0025dea                PIC::ioWait()
                0x00000000c0025df0                PIC::getIRQReg(int)
                0x00000000c0025e5a                PIC::eoi(unsigned char)
                0x00000000c0025eec                PIC::remap()
                0x00000000c0026058                PIC::open(int, int, void*)
 *fill*         0x00000000c0026097        0x1 
 .text          0x00000000c0026098      0x25e hw/timer/apictimer.32
                0x00000000c0026098                APICTimer::close(int, int, void*)
                0x00000000c002609e                apicTimerHandler(regs*, void*)
                0x00000000c00260cc                APICTimer::write(int)
                0x00000000c00261d0                APICTimer::open(int, int, void*)
                0x00000000c00262ce                APICTimer::APICTimer()
                0x00000000c00262ce                APICTimer::APICTimer()
 .text          0x00000000c00262f6      0x1a7 hw/timer/pit.32
                0x00000000c00262f6                PIT::write(int)
                0x00000000c0026374                pitHandler(regs*, void*)
                0x00000000c00263a0                PIT::open(int, int, void*)
                0x00000000c00263ee                PIT::close(int, int, void*)
                0x00000000c002641e                PIT::PIT()
                0x00000000c002641e                PIT::PIT()
 *fill*         0x00000000c002649d        0x3 
 .text          0x00000000c00264a0       0x1e hw/fpu/x86/avx.32
                0x00000000c00264a0                avxDetect
                0x00000000c00264a6                avxSave
                0x00000000c00264a7                avxLoad
                0x00000000c00264a8                avxInit
                0x00000000c00264a9                avxClose
                0x00000000c00264aa                wouldSheSayYes
 *fill*         0x00000000c00264be        0x2 
 .text          0x00000000c00264c0       0x35 hw/fpu/x86/sse.32
                0x00000000c00264c0                absolutelyNoChanceInHell
                0x00000000c00264c0                sseDetect
                0x00000000c00264d8                sseSave
                0x00000000c00264de                sseLoad
                0x00000000c00264e4                sseInit
                0x00000000c00264f4                sseClose
 *fill*         0x00000000c00264f5        0xb 
 .text          0x00000000c0026500       0x47 hw/fpu/x86/x87.32
                0x00000000c0026506                x87Detect
                0x00000000c0026521                x87Save
                0x00000000c0026527                x87Load
                0x00000000c002652c                x87Init
                0x00000000c0026546                x87Close
 *fill*         0x00000000c0026547        0x1 
 .text          0x00000000c0026548       0x25 /cygdrive/d/Users/Alex/Desktop/Toolchain/Output/bin/../lib/gcc/i386-banana/8.1.0/crtend.o
 .text          0x00000000c002656d        0x0 crtn.32
 *fill*         0x00000000c002656d        0x3 
 .text          0x00000000c0026570      0x14b /cygdrive/d/Users/Alex/Desktop/Toolchain/Output/bin/../lib/gcc/i386-banana/8.1.0/libkgcc.a(_divdi3.o)
                0x00000000c0026570                __divdi3
 *fill*         0x00000000c00266bb        0x1 
 .text          0x00000000c00266bc      0x17e /cygdrive/d/Users/Alex/Desktop/Toolchain/Output/bin/../lib/gcc/i386-banana/8.1.0/libkgcc.a(_moddi3.o)
                0x00000000c00266bc                __moddi3
 *fill*         0x00000000c002683a        0x2 
 .text          0x00000000c002683c       0xff /cygdrive/d/Users/Alex/Desktop/Toolchain/Output/bin/../lib/gcc/i386-banana/8.1.0/libkgcc.a(_udivdi3.o)
                0x00000000c002683c                __udivdi3
 *fill*         0x00000000c002693b        0x1 
 .text          0x00000000c002693c      0x11a /cygdrive/d/Users/Alex/Desktop/Toolchain/Output/bin/../lib/gcc/i386-banana/8.1.0/libkgcc.a(_umoddi3.o)
                0x00000000c002693c                __umoddi3
 .text          0x00000000c0026a56      0x96d D:/Users/Alex/Desktop/Banana/kernel/libsoftfp.a(sfieeelib.o)
                0x00000000c0026a56                __addsf3
                0x00000000c0026d58                __subsf3
                0x00000000c0026d6c                __negsf2
                0x00000000c0026d79                __mulsf3
                0x00000000c0026f3c                __divsf3
                0x00000000c0027167                __floatsisf
                0x00000000c00271db                __floatunsisf
                0x00000000c002721d                __fixsfsi
                0x00000000c002727f                __fixunssfsi
                0x00000000c00272b0                __cmpsf2
                0x00000000c0027345                __eqsf2