Archive member included to satisfy reference by file (symbol)

/cygdrive/d/Users/Alex/Desktop/Toolchain/Output/bin/../lib/gcc/i386-banana/8.1.0/libkgcc.a(_divdi3.o)
                              fs/fat/ff.32 (__divdi3)
/cygdrive/d/Users/Alex/Desktop/Toolchain/Output/bin/../lib/gcc/i386-banana/8.1.0/libkgcc.a(_moddi3.o)
                              compat/resolve.32 (__moddi3)
/cygdrive/d/Users/Alex/Desktop/Toolchain/Output/bin/../lib/gcc/i386-banana/8.1.0/libkgcc.a(_udivdi3.o)
                              fs/fat/ff.32 (__udivdi3)
/cygdrive/d/Users/Alex/Desktop/Toolchain/Output/bin/../lib/gcc/i386-banana/8.1.0/libkgcc.a(_umoddi3.o)
                              compat/resolve.32 (__umoddi3)
D:/Users/Alex/Desktop/Banana/kernel/libsoftfp.a(sfieeelib.o)
                              hal/sound/sndhw.32 (__addsf3)
D:/Users/Alex/Desktop/Banana/kernel/libsoftfp.a(dfieeelib.o)
                              hal/libresample/src_linear.32 (__adddf3)
D:/Users/Alex/Desktop/Banana/kernel/libsoftfp.a(sfdfcvt.o)
                              hal/libresample/samplerate.32 (__truncdfsf2)
D:/Users/Alex/Desktop/Banana/kernel/libk/libm32.a(s_fabs.c.o)
                              hal/libresample/samplerate.32 (fabs)
D:/Users/Alex/Desktop/Banana/kernel/libk/libm32.a(s_lrint.S.o)
                              hal/libresample/samplerate.32 (lrint)
D:/Users/Alex/Desktop/Banana/kernel/libk/libm32.a(s_lrintf.S.o)
                              hal/sound/sndhw.32 (lrintf)

Discarded input sections

 .comment       0x0000000000000000       0x12 /cygdrive/d/Users/Alex/Desktop/Toolchain/Output/bin/../lib/gcc/i386-banana/8.1.0/crtbegin.o
 .comment       0x0000000000000000       0x12 acpica/utclib.32
 .comment       0x0000000000000000       0x12 core/malloc.32
 .comment       0x0000000000000000       0x12 libk/string.32
 .comment       0x0000000000000000       0x12 fs/fat/diskio.32
 .comment       0x0000000000000000       0x12 fs/fat/ff.32
 .comment       0x0000000000000000       0x12 fs/fat/ffsystem.32
 .comment       0x0000000000000000       0x12 fs/fat/ffunicode.32
 .comment       0x0000000000000000       0x12 hal/libresample/samplerate.32
 .comment       0x0000000000000000       0x12 hal/libresample/src_linear.32
 .comment       0x0000000000000000       0x12 hal/libresample/src_sinc.32
 .comment       0x0000000000000000       0x12 hal/libresample/src_zoh.32
 .comment       0x0000000000000000       0x12 compat/inlines.32
 .comment       0x0000000000000000       0x12 compat/resolve.32
 .group         0x0000000000000000       0x14 core/computer.32
 .group         0x0000000000000000        0xc core/computer.32
 .comment       0x0000000000000000       0x12 core/computer.32
 .comment       0x0000000000000000       0x12 core/gdt.32
 .group         0x0000000000000000        0xc core/idle.32
 .comment       0x0000000000000000       0x12 core/idle.32
 .comment       0x0000000000000000       0x12 core/idt.32
 .comment       0x0000000000000000       0x12 core/kheap.32
 .comment       0x0000000000000000       0x12 core/main.32
 .comment       0x0000000000000000       0x12 core/physmgr.32
 .group         0x0000000000000000        0xc core/pipe.32
 .comment       0x0000000000000000       0x12 core/pipe.32
 .group         0x0000000000000000        0xc core/terminal.32
 .comment       0x0000000000000000       0x12 core/terminal.32
 .comment       0x0000000000000000       0x12 core/tss.32
 .group         0x0000000000000000        0x8 core/unixfile.32
 .group         0x0000000000000000        0xc core/unixfile.32
 .group         0x0000000000000000        0xc core/unixfile.32
 .group         0x0000000000000000        0x8 core/unixfile.32
 .group         0x0000000000000000        0xc core/unixfile.32
 .group         0x0000000000000000        0x8 core/unixfile.32
 .group         0x0000000000000000        0xc core/unixfile.32
 .group         0x0000000000000000        0xc core/unixfile.32
 .comment       0x0000000000000000       0x12 core/unixfile.32
 .comment       0x0000000000000000       0x12 core/virtmgr.32
 .comment       0x0000000000000000       0x12 coreobjs/c++.32
 .comment       0x0000000000000000       0x12 dbg/kconsole.32
 .group         0x0000000000000000        0xc fs/vfs.32
 .group         0x0000000000000000        0xc fs/vfs.32
 .group         0x0000000000000000        0xc fs/vfs.32
 .comment       0x0000000000000000       0x12 fs/vfs.32
 .group         0x0000000000000000        0xc hal/bus.32
 .comment       0x0000000000000000       0x12 hal/bus.32
 .group         0x0000000000000000        0xc hal/buzzer.32
 .comment       0x0000000000000000       0x12 hal/buzzer.32
 .group         0x0000000000000000        0xc hal/clock.32
 .comment       0x0000000000000000       0x12 hal/clock.32
 .group         0x0000000000000000       0x14 hal/device.32
 .group         0x0000000000000000        0xc hal/device.32
 .group         0x0000000000000000        0xc hal/device.32
 .group         0x0000000000000000        0xc hal/device.32
[...]
Memory Configuration

Name             Origin             Length             Attributes
*default*        0x0000000000000000 0xffffffffffffffff

Linker script and memory map

LOAD D:/Users/Alex/Desktop/Banana/kernel/boot.32
LOAD crti.32
LOAD /cygdrive/d/Users/Alex/Desktop/Toolchain/Output/bin/../lib/gcc/i386-banana/8.1.0/crtbegin.o
LOAD D:/Users/Alex/Desktop/Banana/kernel/morenasm.32
LOAD acpica/utclib.32
LOAD core/malloc.32
LOAD libk/string.32
LOAD fs/fat/diskio.32
LOAD fs/fat/ff.32
LOAD fs/fat/ffsystem.32
LOAD fs/fat/ffunicode.32
LOAD hal/libresample/samplerate.32
LOAD hal/libresample/src_linear.32
LOAD hal/libresample/src_sinc.32
LOAD hal/libresample/src_zoh.32
LOAD compat/inlines.32
LOAD compat/resolve.32
LOAD core/computer.32
LOAD core/gdt.32
LOAD core/idle.32
LOAD core/idt.32
LOAD core/kheap.32
LOAD core/main.32
LOAD core/physmgr.32
LOAD core/pipe.32
LOAD core/terminal.32
LOAD core/tss.32
LOAD core/unixfile.32
LOAD core/virtmgr.32
LOAD coreobjs/c++.32
LOAD dbg/kconsole.32
LOAD fs/vfs.32
LOAD hal/bus.32
LOAD hal/buzzer.32
LOAD hal/clock.32
LOAD hal/device.32
LOAD hal/diskctrl.32
LOAD hal/diskphys.32
LOAD hal/fpu.32
LOAD hal/intctrl.32
LOAD hal/keybrd.32
LOAD hal/logidisk.32
LOAD hal/mouse.32
LOAD hal/partition.32
LOAD hal/serial.32
LOAD hal/timer.32
LOAD hal/vcache.32
LOAD hal/video.32
LOAD hw/acpi.32
LOAD hw/cpu.32
LOAD hw/ports.32
LOAD hw/smp.32
LOAD krnl/env.32
LOAD krnl/panic.32
LOAD net/ethernet.32
LOAD reg/registry.32
LOAD sys/sc_eject.32
LOAD sys/sc_exit.32
LOAD sys/sc_getcwd.32
LOAD sys/sc_getpid.32
LOAD sys/sc_getramdata.32
LOAD sys/sc_loaddll.32
LOAD sys/sc_read.32
LOAD sys/sc_sbrk.32
LOAD sys/sc_setcwd.32
LOAD sys/sc_settime.32
LOAD sys/sc_timezone.32
LOAD sys/sc_write.32
LOAD sys/sc_wsbe.32
LOAD sys/sc_yield.32
LOAD sys/syscalls.32
LOAD thr/elf.32
LOAD thr/prcssthr.32
LOAD vm86/vm8086.32
LOAD vm86/x87em.32
LOAD fs/fat/vfslink.32
LOAD fs/iso9660/vfslink.32
LOAD hal/sound/sndchannel.32
LOAD hal/sound/sndhw.32
LOAD hw/bus/isa.32
LOAD hw/bus/pci.32
LOAD hw/diskctrl/ide.32
LOAD hw/diskctrl/satabus.32
LOAD hw/diskphys/ata.32
LOAD hw/diskphys/atapi.32
LOAD hw/diskphys/sata.32
LOAD hw/diskphys/satapi.32
LOAD hw/fpu/avx.32
LOAD hw/fpu/mmx.32
LOAD hw/fpu/sse.32
LOAD hw/fpu/x87.32
LOAD hw/intctrl/apic.32
LOAD hw/intctrl/pic.32
LOAD hw/timer/apictimer.32
LOAD hw/timer/pit.32
LOAD hw/fpu/x86/avx.32
LOAD hw/fpu/x86/sse.32
LOAD hw/fpu/x86/x87.32
LOAD /cygdrive/d/Users/Alex/Desktop/Toolchain/Output/bin/../lib/gcc/i386-banana/8.1.0/crtend.o
LOAD crtn.32
LOAD /cygdrive/d/Users/Alex/Desktop/Toolchain/Output/bin/../lib/gcc/i386-banana/8.1.0/libkgcc.a
LOAD D:/Users/Alex/Desktop/Banana/kernel/libsoftfp.a
LOAD D:/Users/Alex/Desktop/Banana/kernel/libk/libm32.a
                0x00000000c0000000                . = 0xc0000000

.text           0x00000000c0000000    0x28748
 *(.text)
 .text          0x00000000c0000000       0x41 D:/Users/Alex/Desktop/Banana/kernel/boot.32
                0x00000000c0000020                callGlobalConstructors
 .text          0x00000000c0000041        0x0 crti.32
 *fill*         0x00000000c0000041        0x3 
 .text          0x00000000c0000044      0x101 /cygdrive/d/Users/Alex/Desktop/Toolchain/Output/bin/../lib/gcc/i386-banana/8.1.0/crtbegin.o
 *fill*         0x00000000c0000145        0xb 
 .text          0x00000000c0000150      0x4ed D:/Users/Alex/Desktop/Banana/kernel/morenasm.32
                0x00000000c0000150                manualPCIProbe
                0x00000000c000019b                prepareTramp
                0x00000000c00001b4                voodooXADD
                0x00000000c000027f                doTPAUSE
                0x00000000c0000289                hasLegacyFPU
                0x00000000c00002ae                is486
                0x00000000c00002e4                detectCPUID
                0x00000000c00002fa                goToVM86
                0x00000000c000032a                goToUsermode
                0x00000000c0000354                switchToThreadASMFirstTime
                0x00000000c0000362                switchToThreadASM
                0x00000000c00003ea                asmQuickAcquireLock
                0x00000000c0000408                asmQuickReleaseLock
                0x00000000c0000414                asmAcquireLock
                0x00000000c0000435                asmReleaseLock
                0x00000000c0000448                loadGDT
                0x00000000c0000468                isr0
                0x00000000c0000478                isr1
                0x00000000c0000482                isr2
                0x00000000c000048c                isr3
                0x00000000c0000496                isr4
                0x00000000c00004a0                isr5
                0x00000000c00004aa                isr6
                0x00000000c00004b4                isr7
                0x00000000c00004be                isr8
                0x00000000c00004c6                isr9
                0x00000000c00004d0                isr10
                0x00000000c00004d8                isr11
                0x00000000c00004e0                isr12
                0x00000000c00004e8                isr13
                0x00000000c00004f0                isr14
                0x00000000c00004f8                isr15
                0x00000000c0000502                isr16
                0x00000000c000050c                isr17
                0x00000000c0000516                isr18
                0x00000000c0000520                irq3
                0x00000000c000052a                irq4
                0x00000000c0000534                irq5
                0x00000000c000053e                irq6
                0x00000000c0000548                irq7
                0x00000000c0000552                irq8
                0x00000000c000055c                irq9
                0x00000000c0000566                irq10
                0x00000000c0000570                irq11
                0x00000000c000057a                irq12
                0x00000000c0000584                irq13
                0x00000000c000058e                irq14
                0x00000000c0000598                irq15
                0x00000000c00005a2                irq1
                0x00000000c00005a9                irq2
                0x00000000c00005b0                isr96
                0x00000000c00005b7                irq0
                0x00000000c00005bc                int_common_stub
                0x00000000c00005bc                syscall_common_stub
                0x00000000c00005ed                irq16
                0x00000000c00005f7                irq17
                0x00000000c0000601                irq18
                0x00000000c000060b                irq19
                0x00000000c0000615                irq20
                0x00000000c000061f                irq21
                0x00000000c0000629                irq22
                0x00000000c0000633                irq23
 *fill*         0x00000000c000063d        0x3 
 .text          0x00000000c0000640      0x611 acpica/utclib.32
                0x00000000c0000640                memcmp
                0x00000000c000067c                memmove
                0x00000000c0000744                memcpy
                0x00000000c0000778                memset
                0x00000000c0000794                strlen
                0x00000000c00007ac                strpbrk
                0x00000000c00007e8                strtok
                0x00000000c0000834                strcpy
                0x00000000c0000858                strncpy
                0x00000000c00008c0                strcmp
                0x00000000c0000900                strchr
                0x00000000c0000924                strncmp
                0x00000000c0000974                strcat
                0x00000000c00009a4                strncat
                0x00000000c00009e0                strstr
                0x00000000c0000a28                toupper
                0x00000000c0000a3c                tolower
                0x00000000c0000a50                simple_strtoul
 .text          0x00000000c0000c51      0xfbf core/malloc.32
                0x00000000c0000dbc                dlfree
                0x00000000c0001117                dlmalloc
                0x00000000c0001654                dlrealloc
                0x00000000c0001809                dlmemalign
                0x00000000c000192c                dlcalloc
                0x00000000c00019c6                dlcfree
                0x00000000c00019cb                dlindependent_calloc
                0x00000000c00019f0                dlindependent_comalloc
                0x00000000c0001a07                dlvalloc
                0x00000000c0001a32                dlpvalloc
                0x00000000c0001a68                dlmalloc_trim
                0x00000000c0001a75                dlmalloc_usable_size
                0x00000000c0001aa6                dlmallinfo
                0x00000000c0001b75                dlmalloc_stats
                0x00000000c0001b86                dlmallopt
 .text          0x00000000c0001c10        0x0 libk/string.32
 .text          0x00000000c0001c10       0x51 fs/fat/diskio.32
                0x00000000c0001c10                disk_status
                0x00000000c0001c13                disk_initialize
                0x00000000c0001c16                disk_read
                0x00000000c0001c2c                disk_write
                0x00000000c0001c42                disk_ioctl
 .text          0x00000000c0001c61     0x6833 fs/fat/ff.32
                0x00000000c0004f2f                f_mount
                0x00000000c0004f91                f_open
                0x00000000c00053cd                f_read
                0x00000000c000564d                f_write
                0x00000000c0005907                f_sync
                0x00000000c0005ae3                f_close
                0x00000000c0005b12                f_lseek
                0x00000000c0005fc9                f_opendir
                0x00000000c00060cb                f_closedir
                0x00000000c00060ed                f_readdir
                0x00000000c0006188                f_stat
                0x00000000c0006217                f_getfree
                0x00000000c00063e2                f_truncate
                0x00000000c00064da                f_unlink
                0x00000000c000665d                f_mkdir
                0x00000000c0006889                f_rename
                0x00000000c0006b7c                f_chmod
                0x00000000c0006c5a                f_utime
                0x00000000c0006d38                f_getlabel
                0x00000000c0006f26                f_setlabel
                0x00000000c0007193                f_forward
                0x00000000c0007371                f_mkfs
 .text          0x00000000c0008494       0x2d fs/fat/ffsystem.32
                0x00000000c0008494                ff_memalloc
                0x00000000c00084aa                ff_memfree
 .text          0x00000000c00084c1      0x253 fs/fat/ffunicode.32
                0x00000000c00084c1                ff_uni2oem
                0x00000000c0008551                ff_oem2uni
                0x00000000c00085bd                ff_wtoupper
 .text          0x00000000c0008714      0x8fb hal/libresample/samplerate.32
                0x00000000c0008758                src_delete
                0x00000000c0008794                src_process
                0x00000000c000894a                src_callback_read
                0x00000000c0008ac7                src_set_ratio
                0x00000000c0008b31                src_get_channels
                0x00000000c0008b53                src_reset
                0x00000000c0008b9f                src_new
                0x00000000c0008c2d                src_callback_new
                0x00000000c0008c8f                src_get_name
                0x00000000c0008cc6                src_get_description
                0x00000000c0008cfd                src_get_version
                0x00000000c0008d03                src_is_valid_ratio
                0x00000000c0008d57                src_error
                0x00000000c0008d65                src_strerror
                0x00000000c0008d78                src_simple
                0x00000000c0008dcb                src_short_to_float_array
                0x00000000c0008e30                src_float_to_short_array
                0x00000000c0008eef                src_int_to_float_array
                0x00000000c0008f52                src_float_to_int_array
 .text          0x00000000c000900f      0x8cb hal/libresample/src_linear.32
                0x00000000c0009835                linear_get_name
                0x00000000c0009844                linear_get_description
                0x00000000c0009853                linear_set_converter
 .text          0x00000000c00098da     0x447c hal/libresample/src_sinc.32
                0x00000000c000dc6d                sinc_get_name
                0x00000000c000dc80                sinc_get_description
                0x00000000c000dc93                sinc_set_converter
 .text          0x00000000c000dd56      0x77c hal/libresample/src_zoh.32
                0x00000000c000e42d                zoh_get_name
                0x00000000c000e43c                zoh_get_description
                0x00000000c000e44b                zoh_set_converter
 .text          0x00000000c000e4d2       0x23 compat/inlines.32
                0x00000000c000e4d2                CPU::current()
                0x00000000c000e4df                operator new(unsigned long)
 .text          0x00000000c000e4f5      0x111 compat/resolve.32
                0x00000000c000e4f5                Krnl::resolveCompatibilitySymbol(char*)
 .text          0x00000000c000e606      0xa17 core/computer.32
                0x00000000c000e606                Computer::close(int, int, void*)
                0x00000000c000e64a                Krnl::firstTask()
                0x00000000c000e73a                Computer::Computer()
                0x00000000c000e73a                Computer::Computer()
                0x00000000c000e896                Computer::setBootMessage(char const*)
                0x00000000c000e898                Computer::detectFeatures()
                0x00000000c000eaa2                Computer::displayFeatures()
                0x00000000c000ede8                Computer::rdmsr(unsigned int)
                0x00000000c000ee14                Computer::wrmsr(unsigned int, unsigned long long)
                0x00000000c000ee4c                Computer::nmiEnabled()
                0x00000000c000ee58                Computer::readCMOS(unsigned char)
                0x00000000c000ee72                Computer::enableNMI(bool)
                0x00000000c000ee8a                Computer::open(int, int, void*)
                0x00000000c000ef60                Computer::disableNMI()
                0x00000000c000ef6e                Computer::writeCMOS(unsigned char, unsigned char)
                0x00000000c000ef8c                Computer::handleNMI()
                0x00000000c000eff2                Computer::setDiskActivityLight(int, bool)
 *fill*         0x00000000c000f01d        0x1 
 .text          0x00000000c000f01e      0x1b7 core/gdt.32
                0x00000000c000f01e                GDTEntry::setBase(unsigned int)
                0x00000000c000f03a                GDTEntry::setLimit(unsigned int)
                0x00000000c000f058                GDT::GDT()
                0x00000000c000f058                GDT::GDT()
                0x00000000c000f06e                GDT::addEntry(GDTEntry)
                0x00000000c000f0aa                GDT::getNumberOfEntries()
                0x00000000c000f0b2                GDT::flush()
                0x00000000c000f0d4                GDT::setup()
 .text          0x00000000c000f1d5       0x62 core/idle.32
                0x00000000c000f1d5                idleFunction(void*)
 *fill*         0x00000000c000f237        0x1 
 .text          0x00000000c000f238      0x45f core/idt.32
                0x00000000c000f238                IDTEntry::IDTEntry(bool)
                0x00000000c000f238                IDTEntry::IDTEntry(bool)
                0x00000000c000f2a6                IDTEntry::setOffset(unsigned int)
                0x00000000c000f2ba                IDT::IDT()
                0x00000000c000f2ba                IDT::IDT()
                0x00000000c000f2bc                IDT::getPointerToInvalidOpcodeEntryForF00F()
                0x00000000c000f2c4                IDT::addEntry(IDTEntry, int)
                0x00000000c000f2de                IDT::addEntry(int, void (*)(), bool)
                0x00000000c000f316                IDT::flush()
                0x00000000c000f330                IDT::setup()
 .text          0x00000000c000f697      0x206 core/kheap.32
                0x00000000c000f697                sbrk
                0x00000000c000f7a5                mmap
                0x00000000c000f7bb                munmap
                0x00000000c000f7d1                liballoc_lock()
                0x00000000c000f7e2                liballoc_unlock()
                0x00000000c000f7f3                liballoc_alloc(int)
                0x00000000c000f811                liballoc_free(void*, int)
                0x00000000c000f82f                realloc
                0x00000000c000f843                malloc
                0x00000000c000f853                free
                0x00000000c000f863                rfree
                0x00000000c000f873                calloc
 .text          0x00000000c000f89d      0x485 core/main.32
                0x00000000c000f89d                hwTextMode_loadInData(VgaText*)
                0x00000000c000f8e8                hwTextMode_loadInTitle(VgaText*, char*)
                0x00000000c000f966                hwTextMode_showCursor(VgaText*, bool)
                0x00000000c000f9c4                hwTextMode_update(VgaText*)
                0x00000000c000f9c5                hwTextMode_updateCursor(VgaText*)
                0x00000000c000fa16                hwTextMode_disableBlink(VgaText*, bool)
                0x00000000c000fa5c                hwTextMode_scrollScreen(VgaText*)
                0x00000000c000fb09                hwTextMode_writeCharacter(VgaText*, char, VgaColour, VgaColour, int, int)
                0x00000000c000fb8b                setupTextMode()
                0x00000000c000fbfb                kernel_main
 .text          0x00000000c000fd22      0x5cb core/physmgr.32
                0x00000000c000fd22                Phys::allocateDMA(unsigned long)
                0x00000000c000fdc5                Phys::freeDMA(unsigned long, unsigned long)
                0x00000000c000fe0d                Phys::setPageState(unsigned long, bool)
                0x00000000c000fe3f                Phys::getPageState(unsigned long)
                0x00000000c000fe5b                Phys::freePage(unsigned long)
                0x00000000c000fee5                Phys::allocatePage()
                0x00000000c001002b                Phys::allocateContiguousPages(int)
                0x00000000c0010085                Phys::allowSegmentToBeUsed(unsigned long, unsigned long)
                0x00000000c00100bd                Phys::physicalMemorySetup(unsigned int)
 *fill*         0x00000000c00102ed        0x1 
 .text          0x00000000c00102ee      0x273 core/pipe.32
                0x00000000c00102ee                Pipe::isAtty()
                0x00000000c00102f2                Pipe::~Pipe()
                0x00000000c00102f2                Pipe::~Pipe()
                0x00000000c0010316                Pipe::~Pipe()
                0x00000000c001033e                Pipe::read(unsigned long long, void*, int*)
                0x00000000c0010432                Pipe::write(unsigned long long, void*, int*)
                0x00000000c00104fa                Pipe::Pipe(int)
                0x00000000c00104fa                Pipe::Pipe(int)
 *fill*         0x00000000c0010561        0x1 
 .text          0x00000000c0010562      0xf73 core/terminal.32
                0x00000000c0010562                VgaText::isAtty()
                0x00000000c0010566                VgaText::~VgaText()
                0x00000000c0010566                VgaText::~VgaText()
                0x00000000c001058a                VgaText::~VgaText()
                0x00000000c00105b4                VgaText::read(unsigned long long, void*, int*)
                0x00000000c00105d4                setTerminalScrollLock(bool)
                0x00000000c00105d5                addToTerminalCycle(VgaText*)
                0x00000000c0010602                installVgaTextImplementation()
                0x00000000c0010617                scrollTerminalScrollLock(int)
                0x00000000c0010618                VgaText::load()
                0x00000000c001066c                VgaText::updateCursor()
                0x00000000c0010686                VgaText::showCursor(bool)
                0x00000000c0010696                VgaText::disableBlink(bool)
                0x00000000c00106d0                VgaText::doANSI_SGR(int)
                0x00000000c001075c                VgaText::setDefaultBgColour(VgaColour)
                0x00000000c0010772                VgaText::setDefaultFgColour(VgaColour)
                0x00000000c0010788                VgaText::setDefaultColours(VgaColour, VgaColour)
                0x00000000c00107a8                VgaText::combineColours(unsigned char, unsigned char)
                0x00000000c00107ba                VgaText::scrollScreen()
                0x00000000c001084e                VgaText::combineCharAndColour(char, unsigned char)
                0x00000000c0010860                VgaText::writeCharacter(char, VgaColour, VgaColour, int, int)
                0x00000000c00108c0                VgaText::getCursorX()
                0x00000000c00108cc                VgaText::getCursorY()
                0x00000000c00108d8                VgaText::setCursor(int, int)
                0x00000000c00108f6                VgaText::setCursorX(int)
                0x00000000c0010912                VgaText::setCursorY(int)
                0x00000000c001092e                VgaText::incrementCursor(bool)
                0x00000000c0010996                VgaText::updateRAMUsageDisplay(int)
                0x00000000c00109fa                VgaText::updateDiskUsage()
                0x00000000c0010b64                VgaText::updateTitle()
                0x00000000c0010baa                VgaText::setTitleTextColour(VgaColour)
                0x00000000c0010bba                VgaText::setTitleColour(VgaColour)
                0x00000000c0010bca                VgaText::setTitle(char*)
                0x00000000c0010bf0                VgaText::decrementCursor(bool)
                0x00000000c0010c18                VgaText::putchar(char, VgaColour, VgaColour)
                0x00000000c0010d14                VgaText::isShowingCursor()
                0x00000000c0010d20                VgaText::isBlinkDisabled()
                0x00000000c0010d2e                VgaText::setCursorHeight(int)
                0x00000000c0010d4c                VgaText::getCursorHeight()
                0x00000000c0010d57                setActiveTerminal(VgaText*)
                0x00000000c0010e09                doTerminalCycle()
                0x00000000c0010e26                VgaText::doUpdate()
                0x00000000c0010e38                VgaText::puts(char const*, VgaColour, VgaColour)
                0x00000000c0010ff8                VgaText::clearScreen()
                0x00000000c001105c                VgaText::putchar(char)
                0x00000000c0011176                VgaText::puts(char const*)
                0x00000000c001119c                VgaText::putx(unsigned int)
                0x00000000c00111e2                VgaText::VgaText(char const*)
                0x00000000c00111e2                VgaText::VgaText(char const*)
                0x00000000c0011374                VgaText::receiveKey(unsigned char)
                0x00000000c001145c                VgaText::write(unsigned long long, void*, int*)
                0x00000000c00114b0                newTerminal(char*)
 *fill*         0x00000000c00114d5        0x1 
 .text          0x00000000c00114d6      0x1b3 core/tss.32
                0x00000000c00114d6                TSS::TSS()
                0x00000000c00114d6                TSS::TSS()
                0x00000000c00114e4                TSS::setESP(unsigned long)
                0x00000000c00114f6                TSS::flush()
                0x00000000c0011516                TSS::setup(unsigned long, unsigned long)
 *fill*         0x00000000c0011689        0x1 
 .text          0x00000000c001168a      0x4c2 core/unixfile.32
                0x00000000c001168a                ReservedFilename::read(unsigned long long, void*, int*)
                0x00000000c00116e0                ReservedFilename::isAtty()
                0x00000000c00116fc                ReservedFilename::write(unsigned long long, void*, int*)
                0x00000000c001175a                UnixFile::getFileDescriptor()
                0x00000000c0011762                UnixFile::UnixFile(int)
                0x00000000c0011762                UnixFile::UnixFile(int)
                0x00000000c0011912                ReservedFilename::ReservedFilename(int)
                0x00000000c0011912                ReservedFilename::ReservedFilename(int)
                0x00000000c0011944                UnixFile::~UnixFile()
                0x00000000c0011944                UnixFile::~UnixFile()
                0x00000000c00119dc                UnixFile::~UnixFile()
                0x00000000c0011a04                ReservedFilename::~ReservedFilename()
                0x00000000c0011a04                ReservedFilename::~ReservedFilename()
                0x00000000c0011a28                ReservedFilename::~ReservedFilename()
                0x00000000c0011a4f                getFromFileDescriptor(int)
 .text          0x00000000c0011b4c     0x137e core/virtmgr.32
                0x00000000c0011b4c                Virt::setPageState(unsigned long, Virt::VirtPageState)
                0x00000000c0011b81                Virt::getPageState(unsigned long)
                0x00000000c0011ba5                Virt::allocateKernelVirtualPages(int)
                0x00000000c0011cb6                Virt::freeSwapfilePage(unsigned long)
                0x00000000c0011cd4                Virt::swapIDToSector(unsigned long)
                0x00000000c0011ce6                Virt::allocateSwapfilePage()
                0x00000000c0011d64                Virt::virtualMemorySetup()
                0x00000000c0011de3                Virt::swappingSetup()
                0x00000000c0011e40                Virt::getAKernelVAS()
                0x00000000c0011e46                Virt::setupPageSwapping(int)
                0x00000000c0011f76                VAS::VAS()
                0x00000000c0011f76                VAS::VAS()
                0x00000000c0011fa6                VAS::VAS(VAS*)
                0x00000000c0011fa6                VAS::VAS(VAS*)
                0x00000000c0011fca                VAS::getForeignPageTableEntry(bool, unsigned long)
                0x00000000c0011ff6                VAS::getPageTableEntry(unsigned long)
                0x00000000c0012015                Virt::freeKernelVirtualPages(unsigned long)
                0x00000000c0012138                VAS::freeAllocatedPages(unsigned long)
                0x00000000c001215c                VAS::virtualToPhysical(unsigned long)
                0x00000000c0012174                VAS::reflagRange(unsigned long, int, int, int)
                0x00000000c00121b4                VAS::setToWriteCombining(unsigned long, int)
                0x00000000c00121e6                VAS::mapOtherVASIn(bool, VAS*)
                0x00000000c0012210                VAS::~VAS()
                0x00000000c0012210                VAS::~VAS()
                0x00000000c001237c                VAS::mapPage(unsigned long, unsigned long, int)
                0x00000000c001247c                VAS::allocatePages(int, int)
                0x00000000c0012654                VAS::setCPUSpecific(unsigned long)
                0x00000000c0012670                VAS::mapRange(unsigned long, unsigned long, int, int)
                0x00000000c0012736                VAS::mapForeignPage(bool, VAS*, unsigned long, unsigned long, int)
                0x00000000c0012824                VAS::VAS(bool)
                0x00000000c0012824                VAS::VAS(bool)
                0x00000000c0012a80                VAS::evict(unsigned long)
                0x00000000c0012b3e                VAS::scanForEviction(int, int)
                0x00000000c0012bfc                VAS::tryLoadBackOffDisk(unsigned long)
                0x00000000c0012e0e                mapVASFirstTime
 .text          0x00000000c0012eca       0x95 coreobjs/c++.32
                0x00000000c0012eca                __cxa_atexit
                0x00000000c0012ecd                __cxa_finalize
                0x00000000c0012ece                __stack_chk_fail
                0x00000000c0012f3a                __cxa_pure_virtual
                0x00000000c0012f4b                operator new[](unsigned long)
                0x00000000c0012f50                operator delete(void*, unsigned long)
                0x00000000c0012f55                operator delete[](void*)
                0x00000000c0012f5a                operator delete[](void*, unsigned long)
 .text          0x00000000c0012f5f      0x1ef dbg/kconsole.32
                0x00000000c0012f5f                Dbg::stringifyxWithBase(unsigned int, char*, int)
                0x00000000c0012fc0                Dbg::logc(char)
                0x00000000c0012fd7                Dbg::logs(char*)
                0x00000000c0012ff4                Dbg::logWriteInt(unsigned int)
                0x00000000c0013011                Dbg::logWriteIntBase(unsigned int, int)
                0x00000000c0013030                Dbg::kprintf(char const*, ...)
 .text          0x00000000c001314e      0xb7c fs/vfs.32
                0x00000000c001314e                File::read(unsigned long long, void*, int*)
                0x00000000c00131a6                File::write(unsigned long long, void*, int*)
                0x00000000c00131fe                Directory::read(unsigned long long, void*, int*)
                0x00000000c0013256                Directory::write(unsigned long long, void*, int*)
                0x00000000c0013284                File::isAtty()
                0x00000000c0013288                Directory::isAtty()
                0x00000000c001328c                Filesystem::getlabel(LogicalDisk*, int, char*, unsigned int*)
                0x00000000c0013292                Filesystem::setlabel(LogicalDisk*, int, char*)
                0x00000000c0013298                File::~File()
                0x00000000c0013298                File::~File()
                0x00000000c00132bc                File::~File()
                0x00000000c00132e6                Directory::~Directory()
                0x00000000c00132e6                Directory::~Directory()
                0x00000000c001330a                Directory::~Directory()
                0x00000000c0013334                Filesystem::Filesystem()
                0x00000000c0013334                Filesystem::Filesystem()
                0x00000000c0013358                Filesystem::~Filesystem()
                0x00000000c0013358                Filesystem::~Filesystem()
                0x00000000c0013366                Filesystem::~Filesystem()
                0x00000000c001338a                Fs::getcwd(Process*, char*, int)
                0x00000000c00133b4                Fs::initVFS()
                0x00000000c00133de                Fs::standardiseFiles(char*, char const*, char const*)
                0x00000000c0013588                File::File(char const*, Process*)
                0x00000000c0013588                File::File(char const*, Process*)
                0x00000000c00135ec                File::open(FileOpenMode)
                0x00000000c001364a                File::close()
                0x00000000c00136aa                File::seek(unsigned long long)
                0x00000000c0013700                File::tell(unsigned long long*)
                0x00000000c0013750                File::rewind()
                0x00000000c0013764                File::unlink()
                0x00000000c00137b0                File::rename(char const*)
                0x00000000c00137fe                File::chfatattr(unsigned char, unsigned char)
                0x00000000c001385a                File::exists()
                0x00000000c0013898                File::stat(unsigned long long*, bool*)
                0x00000000c00138f9                Fs::setcwd(Process*, char*)
                0x00000000c0013a34                Directory::Directory(char const*, Process*)
                0x00000000c0013a34                Directory::Directory(char const*, Process*)
                0x00000000c0013a98                Directory::open()
                0x00000000c0013af4                Directory::close()
                0x00000000c0013b54                Directory::unlink()
                0x00000000c0013ba0                Directory::rename(char const*)
                0x00000000c0013bee                Directory::exists()
                0x00000000c0013c2c                Directory::read(dirent*)
                0x00000000c0013c78                Directory::create()
                0x00000000c0013cc4                Filesystem::chfatattr(char const*, unsigned char, unsigned char)
 .text          0x00000000c0013cca       0x84 hal/bus.32
                0x00000000c0013cca                Bus::Bus(char const*)
                0x00000000c0013cca                Bus::Bus(char const*)
                0x00000000c0013d00                Bus::~Bus()
                0x00000000c0013d00                Bus::~Bus()
                0x00000000c0013d24                Bus::~Bus()
 .text          0x00000000c0013d4e      0x14e hal/buzzer.32
                0x00000000c0013d4e                Buzzer::Buzzer(char const*)
                0x00000000c0013d4e                Buzzer::Buzzer(char const*)
                0x00000000c0013d92                Buzzer::~Buzzer()
                0x00000000c0013d92                Buzzer::~Buzzer()
                0x00000000c0013db6                Buzzer::~Buzzer()
                0x00000000c0013de0                Buzzer::stop()
                0x00000000c0013df3                beepThread(void*)
                0x00000000c0013e2e                Buzzer::beep(int, int, bool)
 .text          0x00000000c0013e9c      0x467 hal/clock.32
                0x00000000c0013e9c                User::loadClockSettings(int)
                0x00000000c0013eee                Clock::Clock(char const*)
                0x00000000c0013eee                Clock::Clock(char const*)
                0x00000000c0013f24                Clock::~Clock()
                0x00000000c0013f24                Clock::~Clock()
                0x00000000c0013f48                Clock::~Clock()
                0x00000000c0013f72                Clock::timeInSecondsLocal()
                0x00000000c0013fba                Clock::setTimeInSecondsLocal(unsigned long long)
                0x00000000c0014013                datetimeToSeconds(datetime_t)
                0x00000000c001413a                Clock::setTimeInDatetimeLocal(datetime_t)
                0x00000000c001419a                secondsToDatetime(unsigned long long)
                0x00000000c00142de                Clock::timeInDatetimeLocal()
 *fill*         0x00000000c0014303        0x1 
 .text          0x00000000c0014304      0x4de hal/device.32
                0x00000000c0014304                Device::hibernate()
                0x00000000c0014306                Device::wake()
                0x00000000c0014308                Device::detect()
                0x00000000c001430a                Device::disableLegacy()
                0x00000000c001430c                Device::powerSaving(PowerSavingLevel)
                0x00000000c001430e                DriverlessDevice::close(int, int, void*)
                0x00000000c0014312                DriverlessDevice::detect()
                0x00000000c0014314                DriverlessDevice::open(int, int, void*)
                0x00000000c0014328                Device::~Device()
                0x00000000c0014328                Device::~Device()
                0x00000000c0014336                Device::~Device()
                0x00000000c001435e                Device::findAndLoadDriver()
                0x00000000c0014360                Device::preOpenPCI(PCIDeviceInfo)
                0x00000000c0014386                Device::preOpenACPI(void*, char*, char*)
                0x00000000c00143da                Device::addIRQHandler(int, void (*)(regs*, void*), bool, void*)
                0x00000000c0014418                Device::removeIRQHandler(int, void (*)(regs*, void*), bool)
                0x00000000c0014456                Device::addChild(Device*)
                0x00000000c001449a                Device::removeAllChildren()
                0x00000000c00144e0                Device::hibernateAll()
                0x00000000c0014510                Device::wakeAll()
                0x00000000c0014540                Device::detectAll()
                0x00000000c0014570                Device::disableLegacyAll()
                0x00000000c00145a0                Device::loadDriversForAll()
                0x00000000c00145cc                Device::closeAll()
                0x00000000c0014602                Device::powerSavingAll(PowerSavingLevel)
                0x00000000c0014638                Device::setName(char const*)
                0x00000000c0014646                Device::Device(char const*)
                0x00000000c0014646                Device::Device(char const*)
                0x00000000c0014742                Device::getName()
                0x00000000c001474c                DriverlessDevice::DriverlessDevice(char const*)
                0x00000000c001474c                DriverlessDevice::DriverlessDevice(char const*)
                0x00000000c0014774                Device::addToLinkedList(LinkedList<Device>&, DeviceType)
                0x00000000c00147b8                getDevicesOfType(DeviceType)
 .text          0x00000000c00147e2       0x84 hal/diskctrl.32
                0x00000000c00147e2                HardDiskController::HardDiskController(char const*)
                0x00000000c00147e2                HardDiskController::HardDiskController(char const*)
                0x00000000c0014818                HardDiskController::~HardDiskController()
                0x00000000c0014818                HardDiskController::~HardDiskController()
                0x00000000c001483c                HardDiskController::~HardDiskController()
 .text          0x00000000c0014866       0xf2 hal/diskphys.32
                0x00000000c0014866                PhysicalDisk::eject()
                0x00000000c001487a                PhysicalDisk::PhysicalDisk(char const*, int)
                0x00000000c001487a                PhysicalDisk::PhysicalDisk(char const*, int)
                0x00000000c00148e2                PhysicalDisk::startCache()
                0x00000000c001490a                PhysicalDisk::~PhysicalDisk()
                0x00000000c001490a                PhysicalDisk::~PhysicalDisk()
                0x00000000c001492e                PhysicalDisk::~PhysicalDisk()
 .text          0x00000000c0014958      0x13b hal/fpu.32
                0x00000000c0014958                FPU::FPU(char const*)
                0x00000000c0014958                FPU::FPU(char const*)
                0x00000000c001498e                FPU::~FPU()
                0x00000000c001498e                FPU::~FPU()
                0x00000000c00149b2                FPU::~FPU()
                0x00000000c00149dc                setupFPU()
 *fill*         0x00000000c0014a93        0x1 
 .text          0x00000000c0014a94     0x13b3 hal/intctrl.32
                0x00000000c0014a94                InterruptController::uninstallISRHandler(int, void (*)(regs*, void*))
                0x00000000c0014acc                InterruptController::installISRHandler(int, void (*)(regs*, void*), void*)
                0x00000000c0014b1e                doubleFault(regs*, void*)
                0x00000000c0014b38                InterruptController::installIRQHandler(int, void (*)(regs*, void*), bool, void*)
                0x00000000c0014bd4                InterruptController::clearAllHandlers(int, bool)
                0x00000000c0014c7c                InterruptController::uninstallIRQHandler(int, void (*)(regs*, void*), bool)
                0x00000000c0014d03                nmiHandler(regs*, void*)
                0x00000000c0014d11                int_handler
                0x00000000c0014db2                InterruptController::InterruptController(char const*)
                0x00000000c0014db2                InterruptController::InterruptController(char const*)
                0x00000000c0014e58                InterruptController::~InterruptController()
                0x00000000c0014e58                InterruptController::~InterruptController()
                0x00000000c0014e7c                InterruptController::~InterruptController()
                0x00000000c0014ea6                displayDebugInfo(regs*)
                0x00000000c0015335                x87EmulHandler(regs*, void*)
                0x00000000c0015364                gpFault(regs*, void*)
                0x00000000c001539d                pgFault(regs*, void*)
                0x00000000c00153e5                otherISRHandler(regs*, void*)
                0x00000000c0015404                opcodeFault(regs*, void*)
                0x00000000c0015a0a                displayProgramFault(char const*)
                0x00000000c0015a32                setupInterruptController()
                0x00000000c0015dfa                InterruptController::convertLegacyIRQNumber(int)
 *fill*         0x00000000c0015e47        0x1 
 .text          0x00000000c0015e48      0x6c8 hal/keybrd.32
                0x00000000c0015e48                startGUI(void*)
                0x00000000c0015ea4                startGUIVESA(void*)
                0x00000000c0015f00                sendKeyToTerminal(unsigned char)
                0x00000000c0015f6c                sendKeyboardToken(KeyboardToken)
                0x00000000c00163a9                clearInternalKeybuffer(VgaText*)
                0x00000000c00163de                readKeyboard(VgaText*, char*, unsigned long)
                0x00000000c0016486                Keyboard::Keyboard(char const*)
                0x00000000c0016486                Keyboard::Keyboard(char const*)
                0x00000000c00164c2                Keyboard::~Keyboard()
                0x00000000c00164c2                Keyboard::~Keyboard()
                0x00000000c00164e6                Keyboard::~Keyboard()
 .text          0x00000000c0016510      0x414 hal/logidisk.32
                0x00000000c0016510                LogicalDisk::close(int, int, void*)
                0x00000000c0016514                LogicalDisk::~LogicalDisk()
                0x00000000c0016514                LogicalDisk::~LogicalDisk()
                0x00000000c0016538                LogicalDisk::~LogicalDisk()
                0x00000000c0016562                LogicalDisk::open(int, int, void*)
                0x00000000c0016576                LogicalDisk::absoluteToRelative(unsigned long long)
                0x00000000c00165ae                LogicalDisk::relativeToAbsolute(unsigned long long)
                0x00000000c00165f4                LogicalDisk::LogicalDisk(char const*, PhysicalDisk*, unsigned long long, unsigned long long)
                0x00000000c00165f4                LogicalDisk::LogicalDisk(char const*, PhysicalDisk*, unsigned long long, unsigned long long)
                0x00000000c00166aa                LogicalDisk::assignDriveLetter()
                0x00000000c0016760                LogicalDisk::mount()
                0x00000000c00167d2                LogicalDisk::unmount()
                0x00000000c00167e2                LogicalDisk::eject()
                0x00000000c00167f6                LogicalDisk::unassignDriveLetter()
                0x00000000c001684c                LogicalDisk::read(unsigned long long, int, void*)
                0x00000000c00168b8                LogicalDisk::write(unsigned long long, int, void*)
 .text          0x00000000c0016924       0x84 hal/mouse.32
                0x00000000c0016924                Mouse::Mouse(char const*)
                0x00000000c0016924                Mouse::Mouse(char const*)
                0x00000000c001695a                Mouse::~Mouse()
                0x00000000c001695a                Mouse::~Mouse()
                0x00000000c001697e                Mouse::~Mouse()
 .text          0x00000000c00169a8      0x34d hal/partition.32
                0x00000000c00169a8                makePartition(PhysicalDisk*, unsigned long long, unsigned long long)
                0x00000000c0016a64                createPartitionsForDisk(PhysicalDisk*)
 *fill*         0x00000000c0016cf5        0x1 
 .text          0x00000000c0016cf6       0x84 hal/serial.32
                0x00000000c0016cf6                Serial::Serial(char const*)
                0x00000000c0016cf6                Serial::Serial(char const*)
                0x00000000c0016d2c                Serial::~Serial()
                0x00000000c0016d2c                Serial::~Serial()
                0x00000000c0016d50                Serial::~Serial()
 .text          0x00000000c0016d7a      0x2b8 hal/timer.32
                0x00000000c0016d7a                Timer::Timer(char const*)
                0x00000000c0016d7a                Timer::Timer(char const*)
                0x00000000c0016db0                Timer::~Timer()
                0x00000000c0016db0                Timer::~Timer()
                0x00000000c0016dd4                Timer::~Timer()
                0x00000000c0016dfe                Timer::read()
                0x00000000c0016e09                timerHandler(unsigned long long)
                0x00000000c0016f40                setupTimer(int)
 .text          0x00000000c0017032      0x425 hal/vcache.32
                0x00000000c0017032                VCache::VCache(PhysicalDisk*)
                0x00000000c0017032                VCache::VCache(PhysicalDisk*)
                0x00000000c001719a                VCache::invalidateReadBuffer()
                0x00000000c00171aa                VCache::writeWriteBuffer()
                0x00000000c00171e6                VCache::~VCache()
                0x00000000c00171e6                VCache::~VCache()
                0x00000000c001723a                VCache::~VCache()
                0x00000000c0017262                VCache::write(unsigned long long, int, void*)
                0x00000000c0017358                VCache::read(unsigned long long, int, void*)
 *fill*         0x00000000c0017457        0x1 
 .text          0x00000000c0017458      0x4cd hal/video.32
                0x00000000c0017458                Video::putrect(int, int, int, int, unsigned int)
                0x00000000c00174a4                Video::bitblit(int, int, int, int, int, int, int, unsigned int*)
                0x00000000c0017514                Video::blit(unsigned int*, int, int, int, int)
                0x00000000c0017592                Video::clearScreen(unsigned int)
                0x00000000c00175c6                Video::putpixel(int, int, unsigned int)
                0x00000000c00175d4                Video::Video(char const*)
                0x00000000c00175d4                Video::Video(char const*)
                0x00000000c001760a                Video::~Video()
                0x00000000c001760a                Video::~Video()
                0x00000000c001762e                Video::~Video()
                0x00000000c0017658                Video::isMonochrome()
                0x00000000c0017664                Video::getWidth()
                0x00000000c0017670                Video::getHeight()
                0x00000000c001767c                Video::drawCursor(int, int, unsigned char*, int)
                0x00000000c0017738                Video::tgaParse(unsigned char*, int, int*, int*)
                0x00000000c00178ba                Video::putTGA(int, int, unsigned char*, int)
 *fill*         0x00000000c0017925        0x1 
 .text          0x00000000c0017926      0xf64 hw/acpi.32
                0x00000000c0017926                ACPI::close(int, int, void*)
                0x00000000c00179db                findRSDP()
                0x00000000c0017a65                loadACPITables(unsigned char*)
                0x00000000c0017c8c                findRSDT(unsigned char*)
                0x00000000c0017daa                findDataTable(unsigned char*, char*)
                0x00000000c0017e46                scanMADT()
                0x00000000c00182cc                ACPI::ACPI()
                0x00000000c00182cc                ACPI::ACPI()
                0x00000000c0018336                ACPI::getPCIIRQAssignment(unsigned char, unsigned short, unsigned char)
                0x00000000c0018418                ACPI::registerPCIIRQAssignment(void*, unsigned short, unsigned char, unsigned char)
                0x00000000c00184de                ACPI::setScreenBrightnessLevel(void*, int)
                0x00000000c00184e4                ACPI::writeSimpleBootFlag(SimpleBootFlagTable*)
                0x00000000c001852c                ACPI::open(int, int, void*)
                0x00000000c0018872                ACPI::sleep()
 .text          0x00000000c001888a     0x1715 hw/cpu.32
                0x00000000c001888a                CPU::close(int, int, void*)
                0x00000000c001888e                CPU::lookupAMDName(unsigned char, unsigned char)
                0x00000000c0018a22                CPU::lookupIntelName(unsigned char, unsigned char)
                0x00000000c0018cd0                CPU::AMD_K6_write_msr(unsigned int, unsigned int, unsigned int, CPU::REGS*)
                0x00000000c0018cec                CPU::AMD_K6_read_msr(unsigned int, CPU::REGS*)
                0x00000000c0018d04                CPU::AMD_K6_writeback(int, int, int)
                0x00000000c0018d78                CPU::cpuid(int, unsigned long*, unsigned long*, unsigned long*, unsigned long*)
                0x00000000c0018dfc                CPU::cpuidCheckEDX(unsigned int)
                0x00000000c0018e2a                CPU::cpuidCheckECX(unsigned int)
                0x00000000c0018e58                CPU::cpuidCheckExtendedEBX(unsigned int)
                0x00000000c0018e86                CPU::cpuidCheckExtendedECX(unsigned int)
                0x00000000c0018eb4                CPU::CPU()
                0x00000000c0018eb4                CPU::CPU()
                0x00000000c0018f42                CPU::displayFeatures()
                0x00000000c00191be                CPU::detectFeatures()
                0x00000000c0019bae                CPU::setupSMEP()
                0x00000000c0019bba                CPU::setupUMIP()
                0x00000000c0019bc4                CPU::setupTSC()
                0x00000000c0019bce                CPU::setupLargePages()
                0x00000000c0019bd8                CPU::setupPAT()
                0x00000000c0019c14                CPU::setupMTRR()
                0x00000000c0019c16                CPU::setupGlobalPages()
                0x00000000c0019c20                CPU::allowUsermodeDataAccess()
                0x00000000c0019c32                CPU::prohibitUsermodeDataAccess()
                0x00000000c0019c44                CPU::setupSMAP()
                0x00000000c0019c52                CPU::setupFeatures()
                0x00000000c0019cd2                CPU::open(int, int, void*)
                0x00000000c0019da4                CPU::decodeAddress(regs*, int*, bool*, unsigned char*)
 .text          0x00000000c0019f9f        0x0 hw/ports.32
 .text          0x00000000c0019f9f      0x16a hw/smp.32
                0x00000000c0019f9f                Krnl::smpEntry()
                0x00000000c0019fa1                Krnl::startCPU(int)
                0x00000000c001a0ea                Krnl::startCPUs()
 *fill*         0x00000000c001a109        0x1 
 .text          0x00000000c001a10a      0x5d3 krnl/env.32
                0x00000000c001a10a                EnvVarContainer::getEnv(char const*)
                0x00000000c001a148                EnvVarContainer::setEnv(char const*, char const*)
                0x00000000c001a214                EnvVarContainer::deleteEnv(char const*)
                0x00000000c001a216                EnvVarContainer::loadFrom(char const*, char const*)
                0x00000000c001a40c                EnvVarContainer::__loadSystem()
                0x00000000c001a426                EnvVarContainer::__loadUser()
                0x00000000c001a428                EnvVarContainer::EnvVarContainer(Process*)
                0x00000000c001a428                EnvVarContainer::EnvVarContainer(Process*)
                0x00000000c001a44a                EnvVarContainer::~EnvVarContainer()
                0x00000000c001a44a                EnvVarContainer::~EnvVarContainer()
                0x00000000c001a47a                Krnl::getEnv(Process*, char const*)
                0x00000000c001a4df                Krnl::setEnvSystem(char const*, char const*)
                0x00000000c001a4f9                Krnl::setEnvUser(char const*, char const*)
                0x00000000c001a518                Krnl::setEnvProcess(Process*, char const*, char const*)
                0x00000000c001a52b                Krnl::deleteEnvSystem(char const*)
                0x00000000c001a52c                Krnl::deleteEnvUser(char const*)
                0x00000000c001a52d                Krnl::deleteEnvProcess(Process*, char const*)
                0x00000000c001a52e                Krnl::newProcessEnv(Process*)
                0x00000000c001a550                Krnl::copyProcessEnv(Process*, Process*)
                0x00000000c001a5a4                Krnl::loadSystemEnv()
                0x00000000c001a5d2                Krnl::loadUserEnv()
                0x00000000c001a5f8                Krnl::flushEnv()
                0x00000000c001a5f9                Krnl::getProcessTotalEnvCount(Process*)
                0x00000000c001a619                Krnl::getProcessEnvPair(Process*, int)
 .text          0x00000000c001a6dd      0x396 krnl/panic.32
                0x00000000c001a6dd                Krnl::panic(char const*)
 .text          0x00000000c001aa73      0x3b6 net/ethernet.32
                0x00000000c001aa73                Net::switchEndian16(unsigned short)
                0x00000000c001aa94                Net::switchEndian32(unsigned int)
                0x00000000c001aac3                Net::crc32Calc(unsigned char*, int)
                0x00000000c001ab54                Net::wrapEthernetFrame(Net::UnwrappedEthernetFrame, unsigned char*)
                0x00000000c001ac90                Net::unwrapEthernetFrame(unsigned char*, int)
 .text          0x00000000c001ae29      0x513 reg/registry.32
                0x00000000c001ae29                Reg::findLineFromLoadedData(char*, char*, char*)
                0x00000000c001af81                Reg::getLineFromRegistry(char*, char*, char*, char*)
                0x00000000c001b0d6                Reg::getLine(char*, char*, char*)
                0x00000000c001b10d                Reg::readInt(char*, char*, int*)
                0x00000000c001b1f8                Reg::readString(char*, char*, char*, int)
                0x00000000c001b279                Reg::readBool(char*, char*, bool*)
                0x00000000c001b29e                Reg::readBoolWithDefault(char*, char*, bool)
                0x00000000c001b2ca                Reg::readIntWithDefault(char*, char*, int)
                0x00000000c001b2f6                Reg::readStringWithDefault(char*, char*, char*, int, char*)
 .text          0x00000000c001b33c       0x36 sys/sc_eject.32
                0x00000000c001b33c                Sys::eject(regs*)
 .text          0x00000000c001b372       0x18 sys/sc_exit.32
                0x00000000c001b372                Sys::exit(regs*)
 .text          0x00000000c001b38a       0x1f sys/sc_getcwd.32
                0x00000000c001b38a                Sys::getCwd(regs*)
 .text          0x00000000c001b3a9        0xc sys/sc_getpid.32
                0x00000000c001b3a9                Sys::getPID(regs*)
 .text          0x00000000c001b3b5       0x17 sys/sc_getramdata.32
                0x00000000c001b3b5                Sys::getRAMData(regs*)
 .text          0x00000000c001b3cc       0xa8 sys/sc_loaddll.32
                0x00000000c001b3cc                Sys::loadDLL(regs*)
 .text          0x00000000c001b474       0x68 sys/sc_read.32
                0x00000000c001b474                Sys::read(regs*)
 .text          0x00000000c001b4dc       0x55 sys/sc_sbrk.32
                0x00000000c001b4dc                Sys::sbrk(regs*)
 .text          0x00000000c001b531       0x1c sys/sc_setcwd.32
                0x00000000c001b531                Sys::setCwd(regs*)
 .text          0x00000000c001b54d      0x128 sys/sc_settime.32
                0x00000000c001b54d                Sys::setTime(regs*)
 .text          0x00000000c001b675       0x4a sys/sc_timezone.32
                0x00000000c001b675                Sys::timezone(regs*)
 .text          0x00000000c001b6bf       0x68 sys/sc_write.32
                0x00000000c001b6bf                Sys::write(regs*)
 .text          0x00000000c001b727       0x62 sys/sc_wsbe.32
                0x00000000c001b727                Sys::wsbe(regs*)
 .text          0x00000000c001b789       0x3b sys/sc_yield.32
                0x00000000c001b789                Sys::yield(regs*)
 .text          0x00000000c001b7c4     0x10e5 sys/syscalls.32
                0x00000000c001b7c4                sysCallSeekDir(regs*)
                0x00000000c001b7c9                sysCallTellDir(regs*)
                0x00000000c001b7ce                sysCallVerify(regs*)
                0x00000000c001b7d8                sysFormatDisk(regs*)
                0x00000000c001b842                sysSetDiskVolumeLabel(regs*)
                0x00000000c001b888                sysGetDiskVolumeLabel(regs*)
                0x00000000c001b8d9                sysShutdown(regs*)
                0x00000000c001b937                sysCallRealpath(regs*)
                0x00000000c001b97a                sysCallGetArgc(regs*)
                0x00000000c001b9a8                sysCallReadDir(regs*)
                0x00000000c001ba36                sysCallIsATTY(regs*)
                0x00000000c001ba90                sysCallSeek(regs*)
                0x00000000c001baf9                sysCallTell(regs*)
                0x00000000c001bb76                sysCallSize(regs*)
                0x00000000c001bbf9                sysCallSizeFromFilename(regs*)
                0x00000000c001bcb9                sysCallClose(regs*)
                0x00000000c001bd41                sysCallOpenDir(regs*)
                0x00000000c001bdb6                sysCallCloseDir(regs*)
                0x00000000c001be1c                sysCallMakeDir(regs*)
                0x00000000c001be8c                sysCallWait(regs*)
                0x00000000c001bea6                sysCallNotImpl(regs*)
                0x00000000c001bec1                sysPanic(regs*)
                0x00000000c001bee7                sysCallRmdir(regs*)
                0x00000000c001bf4b                sysCallUnlink(regs*)
                0x00000000c001bfaf                sysCallGetArgv(regs*)
                0x00000000c001bffb                sysCallTTYName(regs*)
                0x00000000c001c07e                sysCallUSleep(regs*)
                0x00000000c001c0a5                sysCallSpawn(regs*)
                0x00000000c001c0fd                sysCallGetEnv(regs*)
                0x00000000c001c235                sysAppSettings(regs*)
                0x00000000c001c354                sysSetFatAttrib(regs*)
                0x00000000c001c3c6                sysPipe(regs*)
                0x00000000c001c40b                sysGetUnixTime(regs*)
                0x00000000c001c41f                string_ends_with(char const*, char const*)
                0x00000000c001c467                sysCallOpen(regs*)
                0x00000000c001c67c                Sys::loadSyscalls()
                0x00000000c001c867                Sys::systemCall(regs*, void*)
 .text          0x00000000c001c8a9     0x11ef thr/elf.32
                0x00000000c001c8a9                Thr::allocateMemoryForTask(Process*, File*, unsigned long, unsigned long, unsigned long)
                0x00000000c001cb3b                Thr::loadProgramIntoMemory(Process*, char const*)
                0x00000000c001cd51                Thr::runtimeReferenceHelper()
                0x00000000c001cd64                Thr::getAddressOfKernelSymbol(char const*)
                0x00000000c001cdb3                Thr::loadKernelSymbolTable(char const*)
                0x00000000c001d071                Thr::loadDriverIntoMemory(char const*, unsigned long, bool)
                0x00000000c001d78d                Thr::getDriverBaseFromAddress(unsigned long)
                0x00000000c001d7bf                Thr::getDriverNameFromAddress(unsigned long)
                0x00000000c001d7f6                Thr::getDriverOffsetFromAddress(unsigned long)
                0x00000000c001d810                Thr::loadDLL(char const*, bool)
                0x00000000c001da5f                Thr::executeDLL(unsigned long, void*)
 .text          0x00000000c001da98     0x1056 thr/prcssthr.32
                0x00000000c001da98                changeTSS
                0x00000000c001dac8                Process::addArgs(char**)
                0x00000000c001db22                Process::Process(char const*, Process*, char**)
                0x00000000c001db22                Process::Process(char const*, Process*, char**)
                0x00000000c001dd06                Process::Process(bool, char const*, Process*, char**)
                0x00000000c001dd06                Process::Process(bool, char const*, Process*, char**)
                0x00000000c001deb5                disableIRQs()
                0x00000000c001debd                getIRQNestingLevel()
                0x00000000c001dec3                enableIRQs()
                0x00000000c001ded2                lockScheduler()
                0x00000000c001ded4                unlockScheduler()
                0x00000000c001ded6                userModeEntryPoint(void*)
                0x00000000c001def9                lockStuff()
                0x00000000c001df05                taskStartupFunction
                0x00000000c001df0e                updateTimeUsed()
                0x00000000c001df73                switchToThread(ThreadControlBlock*)
                0x00000000c001dfc4                Semaphore::Semaphore(int)
                0x00000000c001dfc4                Semaphore::Semaphore(int)
                0x00000000c001dff2                Mutex::Mutex()
                0x00000000c001dff2                Mutex::Mutex()
                0x00000000c001e004                Process::createThread(void (*)(void*), void*, int)
                0x00000000c001e0e8                Process::createUserThread()
                0x00000000c001e104                setupMultitasking(void (*)())
                0x00000000c001e20e                schedule()
                0x00000000c001e293                unlockStuff()
                0x00000000c001e2c8                Semaphore::tryAcquire()
                0x00000000c001e2f6                Semaphore::assertLocked(char const*)
                0x00000000c001e326                blockTaskWithSchedulerLockAlreadyHeld(TaskState)
                0x00000000c001e368                blockTask(TaskState)
                0x00000000c001e389                waitTask(int, int*, int)
                0x00000000c001e3cb                nanoSleepUntil(unsigned long long)
                0x00000000c001e422                nanoSleep(unsigned long long)
                0x00000000c001e437                sleep(unsigned long long)
                0x00000000c001e454                Semaphore::acquire()
                0x00000000c001e4bc                taskReturned
                0x00000000c001e4ea                unblockTask(ThreadControlBlock*)
                0x00000000c001e599                cleanupTerminatedTask(ThreadControlBlock*)
                0x00000000c001e862                cleanerTaskFunction(void*)
                0x00000000c001e915                terminateTask(int)
                0x00000000c001e9f5                Thr::terminateFromIRQ(int)
                0x00000000c001ea02                Semaphore::release()
 .text          0x00000000c001eaee      0xc26 vm86/vm8086.32
                0x00000000c001eaee                Vm::inbv(unsigned short)
                0x00000000c001eb01                Vm::outbv(unsigned short, unsigned char)
                0x00000000c001eb54                Vm::realToLinear(unsigned short, unsigned short)
                0x00000000c001eb64                Vm::getSegment(unsigned int)
                0x00000000c001eb6c                Vm::getOffset(unsigned int)
                0x00000000c001eb71                Vm::mainloop2()
                0x00000000c001ebac                Vm::mainVm8086Loop(void*)
                0x00000000c001ebb9                Vm::mainloop3(unsigned long)
                0x00000000c001ebe3                Vm::initialise8086()
                0x00000000c001ec26                Vm::finish8086()
                0x00000000c001ec6b                Vm::getOutput8086(unsigned char*)
                0x00000000c001ec95                Vm::start8086(char const*, unsigned short, unsigned short, unsigned short, unsigned short)
                0x00000000c001ede5                Vm::doISR(regs*, int, unsigned char*, unsigned short, unsigned short)
                0x00000000c001ee6f                Vm::readByteFromReal(unsigned short, unsigned short)
                0x00000000c001ee80                Vm::readWordFromReal(unsigned short, unsigned short)
                0x00000000c001ee92                Vm::readDwordFromReal(unsigned short, unsigned short)
                0x00000000c001eea3                Vm::writeByteFromReal(unsigned short, unsigned short, unsigned char)
                0x00000000c001eeb8                Vm::writeWordFromReal(unsigned short, unsigned short, unsigned short)
                0x00000000c001eece                Vm::writeDwordFromReal(unsigned short, unsigned short, unsigned int)
                0x00000000c001eee3                Vm::faultHandler(regs*)
 .text          0x00000000c001f714      0xefd vm86/x87em.32
                0x00000000c001f714                Vm::fpuInternalTo32(unsigned long long)
                0x00000000c001f76f                Vm::fpuInternalTo64(unsigned long long)
                0x00000000c001f778                Vm::fpu32ToInternal(unsigned int)
                0x00000000c001f7bd                Vm::fpu64ToInternal(unsigned long long)
                0x00000000c001f7c6                Vm::fpuFloatToLong(unsigned long long)
                0x00000000c001f821                Vm::fpuULongToFloat(unsigned long long)
                0x00000000c001f857                Vm::fpuLongToFloat(long long)
                0x00000000c001f8ad                Vm::fpuGet0()
                0x00000000c001f8b2                Vm::fpuGet1()
                0x00000000c001f8ba                Vm::fpuGetPi()
                0x00000000c001f8c2                Vm::fpuGetLog2E()
                0x00000000c001f8da                Vm::fpuGetLogE2()
                0x00000000c001f8f2                Vm::fpuGetLog210()
                0x00000000c001f90a                Vm::fpuGetLog102()
                0x00000000c001f922                Vm::fpuIsSecondLarger(unsigned long long, unsigned long long)
                0x00000000c001f936                Vm::fpuAreEqual(unsigned long long, unsigned long long)
                0x00000000c001f94c                Vm::fpuUnorderedCompare(unsigned long long, unsigned long long)
                0x00000000c001f99f                Vm::fpuAdd(unsigned long long, unsigned long long)
                0x00000000c001f9b0                Vm::fpuAbs(unsigned long long)
                0x00000000c001f9b9                Vm::fpuChs(unsigned long long)
                0x00000000c001f9c9                Vm::fpuSub(unsigned long long, unsigned long long)
                0x00000000c001f9d8                Vm::fpuMultiply(unsigned long long, unsigned long long)
                0x00000000c001f9f7                Vm::fpuDivide(unsigned long long, unsigned long long)
                0x00000000c001fa13                Vm::fpuSquare(unsigned long long)
                0x00000000c001fa29                Vm::fpuGetReg(int)
                0x00000000c001fa6c                Vm::fpuSetReg(int, unsigned long long)
                0x00000000c001fab7                Vm::fpuPush(unsigned long long)
                0x00000000c001fb14                Vm::fpuPop()
                0x00000000c001fb66                Vm::x87Handler(regs*)
 *fill*         0x00000000c0020611        0x1 
 .text          0x00000000c0020612     0x10ed fs/fat/vfslink.32
                0x00000000c0020612                FAT::getName()
                0x00000000c0020618                FAT::tell(void*, unsigned long long*)
                0x00000000c002064c                FAT::stat(void*, unsigned long long*)
                0x00000000c0020680                FAT::~FAT()
                0x00000000c0020680                FAT::~FAT()
                0x00000000c00206a4                FAT::~FAT()
                0x00000000c00206cc                FAT::getlabel(LogicalDisk*, int, char*, unsigned int*)
                0x00000000c002076a                FAT::setlabel(LogicalDisk*, int, char*)
                0x00000000c0020824                FAT::format(LogicalDisk*, int, char const*, int)
                0x00000000c0020a08                FAT::tryMount(LogicalDisk*, int)
                0x00000000c0020c0e                FAT::readDir(void*, unsigned long, void*, int*)
                0x00000000c0020d14                FAT::read(void*, unsigned long, void*, int*)
                0x00000000c0020d6e                FAT::write(void*, unsigned long, void*, int*)
                0x00000000c0020dc8                FAT::close(void*)
                0x00000000c0020e14                FAT::closeDir(void*)
                0x00000000c0020e60                FAT::seek(void*, unsigned long long)
                0x00000000c0020eb4                fatWrapperReadDisk
                0x00000000c0020efb                fatWrapperWriteDisk
                0x00000000c0020f42                fatWrapperIoctl
                0x00000000c0021046                FAT::FAT()
                0x00000000c0021046                FAT::FAT()
                0x00000000c0021098                FAT::fixFilepath(char*)
                0x00000000c00210d0                FAT::open(char const*, void**, FileOpenMode)
                0x00000000c00211f8                FAT::openDir(char const*, void**)
                0x00000000c002129e                FAT::stat(char const*, unsigned long long*, bool*)
                0x00000000c0021388                FAT::unlink(char const*)
                0x00000000c0021402                FAT::chfatattr(char const*, unsigned char, unsigned char)
                0x00000000c0021556                FAT::rename(char const*, char const*)
                0x00000000c002161a                FAT::mkdir(char const*)
                0x00000000c0021694                FAT::exists(char const*)
 *fill*         0x00000000c00216ff        0x1 
 .text          0x00000000c0021700      0xbc1 fs/iso9660/vfslink.32
                0x00000000c0021700                ISO9660::format(LogicalDisk*, int, char const*, int)
                0x00000000c0021706                ISO9660::seek(void*, unsigned long long)
                0x00000000c0021736                ISO9660::tell(void*, unsigned long long*)
                0x00000000c002175a                ISO9660::getName()
                0x00000000c0021760                ISO9660::stat(void*, unsigned long long*)
                0x00000000c0021784                ISO9660::chfatattr(char const*, unsigned char, unsigned char)
                0x00000000c002178a                ISO9660::unlink(char const*)
                0x00000000c0021790                ISO9660::write(void*, unsigned long, void*, int*)
                0x00000000c0021796                ISO9660::rename(char const*, char const*)
                0x00000000c002179c                ISO9660::mkdir(char const*)
                0x00000000c00217a2                ISO9660::close(void*)
                0x00000000c00217c4                ISO9660::closeDir(void*)
                0x00000000c00217e6                ISO9660::~ISO9660()
                0x00000000c00217e6                ISO9660::~ISO9660()
                0x00000000c002180a                ISO9660::~ISO9660()
                0x00000000c0021831                __memmem(unsigned char*, int, unsigned char*, int)
                0x00000000c0021873                readSectorFromCDROM(unsigned int, unsigned char*, char)
                0x00000000c00218da                ISO9660::tryMount(LogicalDisk*, int)
                0x00000000c002192a                ISO9660::read(void*, unsigned long, void*, int*)
                0x00000000c0021b2a                ISO9660::readDir(void*, unsigned long, void*, int*)
                0x00000000c0021db7                readRoot(unsigned int*, unsigned int*, char)
                0x00000000c0021e0c                readRecursively(char*, unsigned int, unsigned int, unsigned int*, unsigned int*, char, int*)
                0x00000000c0021fdf                getFileData(char*, unsigned int*, unsigned int*, char, int*)
                0x00000000c002206e                ISO9660::open(char const*, void**, FileOpenMode)
                0x00000000c002212e                ISO9660::exists(char const*)
                0x00000000c0022152                ISO9660::stat(char const*, unsigned long long*, bool*)
                0x00000000c00221e6                ISO9660::openDir(char const*, void**)
                0x00000000c002229e                ISO9660::ISO9660()
                0x00000000c002229e                ISO9660::ISO9660()
 *fill*         0x00000000c00222c1        0x1 
 .text          0x00000000c00222c2      0x326 hal/sound/sndchannel.32
                0x00000000c00222c2                SoundChannel::~SoundChannel()
                0x00000000c00222c2                SoundChannel::~SoundChannel()
                0x00000000c00222de                SoundChannel::setSpeed(float)
                0x00000000c00222ea                SoundChannel::getSpeed()
                0x00000000c00222f2                SoundChannel::setVolume(int)
                0x00000000c002230e                SoundChannel::getVolume()
                0x00000000c0022316                SoundChannel::pause()
                0x00000000c0022320                SoundChannel::SoundChannel(int, int, int, int)
                0x00000000c0022320                SoundChannel::SoundChannel(int, int, int, int)
                0x00000000c0022476                SoundChannel::play()
                0x00000000c0022480                SoundChannel::paused()
                0x00000000c0022488                SoundChannel::getSampleRate()
                0x00000000c0022490                SoundChannel::getBits()
                0x00000000c0022498                SoundChannel::getBufferUsed()
                0x00000000c00224a0                SoundChannel::getBufferSize()
                0x00000000c00224a8                SoundChannel::unbuffer(float*, int, int)
                0x00000000c0022548                SoundChannel::buffer8(unsigned char*, int)
 .text          0x00000000c00225e8      0x3d5 hal/sound/sndhw.32
                0x00000000c00225e8                SoundDevice::SoundDevice(char const*)
                0x00000000c00225e8                SoundDevice::SoundDevice(char const*)
                0x00000000c0022654                SoundDevice::~SoundDevice()
                0x00000000c0022654                SoundDevice::~SoundDevice()
                0x00000000c00226ce                SoundDevice::~SoundDevice()
                0x00000000c00226f8                SoundDevice::getFreeChannelNum()
                0x00000000c0022712                SoundDevice::addChannel(SoundChannel*)
                0x00000000c0022782                SoundDevice::removeChannel(int)
                0x00000000c00227b4                SoundDevice::floatTo8(float*, unsigned char*, int)
                0x00000000c002289c                SoundDevice::getAudio(int, float*, float*)
 .text          0x00000000c00229bd        0x0 hw/bus/isa.32
 *fill*         0x00000000c00229bd        0x1 
 .text          0x00000000c00229be      0x6c3 hw/bus/pci.32
                0x00000000c00229be                PCI::open(int, int, void*)
                0x00000000c00229d2                PCI::close(int, int, void*)
                0x00000000c00229d6                PCI::PCI()
                0x00000000c00229d6                PCI::PCI()
                0x00000000c0022a56                PCI::pciReadWord(unsigned char, unsigned char, unsigned char, unsigned char)
                0x00000000c0022a9e                PCI::getVendorID(unsigned char, unsigned char, unsigned char)
                0x00000000c0022ac0                PCI::getHeaderType(unsigned char, unsigned char, unsigned char)
                0x00000000c0022ae4                PCI::getClassCode(unsigned char, unsigned char, unsigned char)
                0x00000000c0022b28                PCI::getProgIF(unsigned char, unsigned char, unsigned char)
                0x00000000c0022b4c                PCI::getRevisionID(unsigned char, unsigned char, unsigned char)
                0x00000000c0022b6e                PCI::getInterruptNumber(unsigned char, unsigned char, unsigned char)
                0x00000000c0022b90                PCI::getSecondaryBus(unsigned char, unsigned char, unsigned char)
                0x00000000c0022bb4                PCI::getBARAddress(unsigned char, unsigned char, unsigned char, unsigned char)
                0x00000000c0022c14                PCI::pciWriteWord(unsigned char, unsigned char, unsigned char, unsigned char, unsigned short)
                0x00000000c0022c80                PCI::checkBus(unsigned char)
                0x00000000c0022ca4                PCI::foundDevice(PCIDeviceInfo)
                0x00000000c0022e16                PCI::getDeviceData(unsigned char, unsigned char, unsigned char)
                0x00000000c0022fc2                PCI::checkDevice(unsigned char, unsigned char)
                0x00000000c002302e                PCI::detect()
 *fill*         0x00000000c0023081        0x1 
 .text          0x00000000c0023082      0xc70 hw/diskctrl/ide.32
                0x00000000c0023082                IDE::close(int, int, void*)
                0x00000000c0023086                IDE::IDE()
                0x00000000c0023086                IDE::IDE()
                0x00000000c00230ba                IDE::prepareInterrupt(unsigned char)
                0x00000000c00230cc                selectDrive(unsigned char, unsigned char)
                0x00000000c00230ce                IDE::getBase(unsigned char)
                0x00000000c00230e0                IDE::write(unsigned char, unsigned char, unsigned char)
                0x00000000c00231a0                IDE::read(unsigned char, unsigned char)
                0x00000000c002324e                IDE::waitInterrupt(unsigned char)
                0x00000000c00232b4                ideChannel0IRQHandler(regs*, void*)
                0x00000000c00232d0                ideChannel1IRQHandler(regs*, void*)
                0x00000000c00232ec                IDE::enableIRQs(unsigned char, bool)
                0x00000000c0023332                IDE::open(int, int, void*)
                0x00000000c0023742                IDE::readBuffer(unsigned char, unsigned char, unsigned int, unsigned int)
                0x00000000c002380e                IDE::detect()
                0x00000000c0023af6                IDE::printError(unsigned char, unsigned char, unsigned char)
                0x00000000c0023c8c                IDE::polling(unsigned char, unsigned int)
 .text          0x00000000c0023cf2      0x390 hw/diskctrl/satabus.32
                0x00000000c0023cf2                SATABus::close(int, int, void*)
                0x00000000c0023cf6                SATABus::detect()
                0x00000000c0023cf8                SATABus::SATABus()
                0x00000000c0023cf8                SATABus::SATABus()
                0x00000000c0023da4                SATABus::findCmdslot(SATABus::tagHBA_PORT volatile*)
                0x00000000c0023dec                SATABus::checkType(SATABus::tagHBA_PORT volatile*)
                0x00000000c0023e34                SATABus::startCmd(SATABus::tagHBA_PORT volatile*)
                0x00000000c0023e54                SATABus::stopCmd(SATABus::tagHBA_PORT volatile*)
                0x00000000c0023e7e                SATABus::portRebase(SATABus::tagHBA_PORT volatile*, int)
                0x00000000c0023f84                SATABus::probePort(SATABus::tagHBA_MEM volatile*)
                0x00000000c0024062                SATABus::open(int, int, void*)
 .text          0x00000000c0024082      0x63c hw/diskphys/ata.32
                0x00000000c0024082                ATA::close(int, int, void*)
                0x00000000c00240a6                ATA::powerSaving(PowerSavingLevel)
                0x00000000c00240a8                ATA::ATA()
                0x00000000c00240a8                ATA::ATA()
                0x00000000c00240d6                ATA::flush(bool)
                0x00000000c0024120                ATA::readyForCommand()
                0x00000000c0024170                ATA::access(unsigned long long, int, void*, bool)
                0x00000000c00244f8                ATA::read(unsigned long long, int, void*)
                0x00000000c0024560                ATA::write(unsigned long long, int, void*)
                0x00000000c00245c8                ATA::detectCHS()
                0x00000000c00245f2                ATA::open(int, int, void*)
 .text          0x00000000c00246be      0x5bd hw/diskphys/atapi.32
                0x00000000c00246be                ATAPI::write(unsigned long long, int, void*)
                0x00000000c00246c4                ATAPI::close(int, int, void*)
                0x00000000c00246e8                ATAPI::ATAPI()
                0x00000000c00246e8                ATAPI::ATAPI()
                0x00000000c0024716                ATAPI::readyForCommand()
                0x00000000c0024766                ATAPI::sendPacket(unsigned char*, int, bool, unsigned short*, int)
                0x00000000c0024a26                ATAPI::diskRemoved()
                0x00000000c0024a42                ATAPI::eject()
                0x00000000c0024a8a                ATAPI::diskInserted()
                0x00000000c0024ab8                ATAPI::detectMedia()
                0x00000000c0024b74                ATAPI::open(int, int, void*)
                0x00000000c0024bfc                ATAPI::read(unsigned long long, int, void*)
 *fill*         0x00000000c0024c7b        0x1 
 .text          0x00000000c0024c7c      0x455 hw/diskphys/sata.32
                0x00000000c0024c7c                SATA::close(int, int, void*)
                0x00000000c0024ca0                SATA::powerSaving(PowerSavingLevel)
                0x00000000c0024ca2                SATA::open(int, int, void*)
                0x00000000c0024d50                SATA::SATA()
                0x00000000c0024d50                SATA::SATA()
                0x00000000c0024d7e                SATA::access(unsigned long long, int, void*, bool)
                0x00000000c0024fe4                SATA::read(unsigned long long, int, void*)
                0x00000000c002504c                SATA::write(unsigned long long, int, void*)
 *fill*         0x00000000c00250d1        0x1 
 .text          0x00000000c00250d2      0x500 hw/diskphys/satapi.32
                0x00000000c00250d2                SATAPI::write(unsigned long long, int, void*)
                0x00000000c00250d8                SATAPI::close(int, int, void*)
                0x00000000c00250fc                SATAPI::SATAPI()
                0x00000000c00250fc                SATAPI::SATAPI()
                0x00000000c002512a                SATAPI::diskRemoved()
                0x00000000c0025146                SATAPI::diskInserted()
                0x00000000c0025174                SATAPI::sendPacket(unsigned char*, int, unsigned long long, unsigned short*, int)
                0x00000000c0025378                SATAPI::eject()
                0x00000000c00253c0                SATAPI::detectMedia()
                0x00000000c0025482                SATAPI::open(int, int, void*)
                0x00000000c0025530                SATAPI::read(unsigned long long, int, void*)
 .text          0x00000000c00255d2       0x8e hw/fpu/avx.32
                0x00000000c00255d2                AVX::open(int, int, void*)
                0x00000000c00255e4                AVX::close(int, int, void*)
                0x00000000c00255f6                AVX::available()
                0x00000000c0025608                AVX::save(void*)
                0x00000000c0025620                AVX::load(void*)
                0x00000000c0025638                AVX::AVX()
                0x00000000c0025638                AVX::AVX()
 .text          0x00000000c0025660       0x90 hw/fpu/mmx.32
                0x00000000c0025660                MMX::available()
                0x00000000c0025674                MMX::open(int, int, void*)
                0x00000000c0025686                MMX::close(int, int, void*)
                0x00000000c0025698                MMX::save(void*)
                0x00000000c00256b0                MMX::load(void*)
                0x00000000c00256c8                MMX::MMX()
                0x00000000c00256c8                MMX::MMX()
 .text          0x00000000c00256f0       0x96 hw/fpu/sse.32
                0x00000000c00256f0                SSE::open(int, int, void*)
                0x00000000c0025702                SSE::close(int, int, void*)
                0x00000000c0025714                SSE::available()
                0x00000000c002572e                SSE::save(void*)
                0x00000000c0025746                SSE::load(void*)
                0x00000000c002575e                SSE::SSE()
                0x00000000c002575e                SSE::SSE()
 .text          0x00000000c0025786       0x8e hw/fpu/x87.32
                0x00000000c0025786                x87::open(int, int, void*)
                0x00000000c0025798                x87::close(int, int, void*)
                0x00000000c00257aa                x87::available()
                0x00000000c00257bc                x87::save(void*)
                0x00000000c00257d4                x87::load(void*)
                0x00000000c00257ec                x87::x87()
                0x00000000c00257ec                x87::x87()
 .text          0x00000000c0025814      0x71e hw/intctrl/apic.32
                0x00000000c0025814                APIC::disable()
                0x00000000c0025816                APIC::close(int, int, void*)
                0x00000000c0025838                IOAPIC::close(int, int, void*)
                0x00000000c002583e                APIC::io_wait()
                0x00000000c0025844                APIC::getBase()
                0x00000000c0025886                APIC::eoi(unsigned char)
                0x00000000c00258b4                APIC::open(int, int, void*)
                0x00000000c0025a02                IOAPIC::IOAPIC()
                0x00000000c0025a02                IOAPIC::IOAPIC()
                0x00000000c0025a2a                APIC::APIC()
                0x00000000c0025a2a                APIC::APIC()
                0x00000000c0025b06                IOAPIC::handlesGSIWithNumber(unsigned int)
                0x00000000c0025b38                IOAPIC::read(int)
                0x00000000c0025b60                IOAPIC::open(int, int, void*)
                0x00000000c0025c56                IOAPIC::write(int, int)
                0x00000000c0025c82                IOAPIC::redirect(unsigned char, unsigned long long, unsigned char, bool, bool)
                0x00000000c0025d7c                APIC::installIRQHandler(int, void (*)(regs*, void*), bool, void*)
 .text          0x00000000c0025f32      0x3d3 hw/intctrl/pic.32
                0x00000000c0025f32                PIC::disable()
                0x00000000c0025f60                PIC::close(int, int, void*)
                0x00000000c0025f82                PIC::PIC()
                0x00000000c0025f82                PIC::PIC()
                0x00000000c0026058                PIC::ioWait()
                0x00000000c002605e                PIC::getIRQReg(int)
                0x00000000c00260c8                PIC::eoi(unsigned char)
                0x00000000c002615a                PIC::remap()
                0x00000000c00262c6                PIC::open(int, int, void*)
 *fill*         0x00000000c0026305        0x1 
 .text          0x00000000c0026306      0x25e hw/timer/apictimer.32
                0x00000000c0026306                APICTimer::close(int, int, void*)
                0x00000000c002630c                apicTimerHandler(regs*, void*)
                0x00000000c002633a                APICTimer::write(int)
                0x00000000c002643e                APICTimer::open(int, int, void*)
                0x00000000c002653c                APICTimer::APICTimer()
                0x00000000c002653c                APICTimer::APICTimer()
 .text          0x00000000c0026564      0x1a7 hw/timer/pit.32
                0x00000000c0026564                PIT::write(int)
                0x00000000c00265e2                pitHandler(regs*, void*)
                0x00000000c002660e                PIT::open(int, int, void*)
                0x00000000c002665c                PIT::close(int, int, void*)
                0x00000000c002668c                PIT::PIT()
                0x00000000c002668c                PIT::PIT()
 *fill*         0x00000000c002670b        0x5 
 .text          0x00000000c0026710       0x1e hw/fpu/x86/avx.32
                0x00000000c0026710                avxDetect
                0x00000000c0026716                avxSave
                0x00000000c0026717                avxLoad
                0x00000000c0026718                avxInit
                0x00000000c0026719                avxClose
                0x00000000c002671a                wouldSheSayYes
 *fill*         0x00000000c002672e        0x2 
 .text          0x00000000c0026730       0x35 hw/fpu/x86/sse.32
                0x00000000c0026730                absolutelyNoChanceInHell
                0x00000000c0026730                sseDetect
                0x00000000c0026748                sseSave
                0x00000000c002674e                sseLoad
                0x00000000c0026754                sseInit
                0x00000000c0026764                sseClose
 *fill*         0x00000000c0026765        0xb 
 .text          0x00000000c0026770       0x47 hw/fpu/x86/x87.32
                0x00000000c0026776                x87Detect
                0x00000000c0026791                x87Save
                0x00000000c0026797                x87Load
                0x00000000c002679c                x87Init
                0x00000000c00267b6                x87Close
 *fill*         0x00000000c00267b7        0x1 
 .text          0x00000000c00267b8       0x25 /cygdrive/d/Users/Alex/Desktop/Toolchain/Output/bin/../lib/gcc/i386-banana/8.1.0/crtend.o
 .text          0x00000000c00267dd        0x0 crtn.32
 *fill*         0x00000000c00267dd        0x3 
 .text          0x00000000c00267e0      0x14b /cygdrive/d/Users/Alex/Desktop/Toolchain/Output/bin/../lib/gcc/i386-banana/8.1.0/libkgcc.a(_divdi3.o)
                0x00000000c00267e0                __divdi3
 *fill*         0x00000000c002692b        0x1 
 .text          0x00000000c002692c      0x17e /cygdrive/d/Users/Alex/Desktop/Toolchain/Output/bin/../lib/gcc/i386-banana/8.1.0/libkgcc.a(_moddi3.o)
                0x00000000c002692c                __moddi3
 *fill*         0x00000000c0026aaa        0x2 
 .text          0x00000000c0026aac       0xff /cygdrive/d/Users/Alex/Desktop/Toolchain/Output/bin/../lib/gcc/i386-banana/8.1.0/libkgcc.a(_udivdi3.o)
                0x00000000c0026aac                __udivdi3
 *fill*         0x00000000c0026bab        0x1 
 .text          0x00000000c0026bac      0x11a /cygdrive/d/Users/Alex/Desktop/Toolchain/Output/bin/../lib/gcc/i386-banana/8.1.0/libkgcc.a(_umoddi3.o)
                0x00000000c0026bac                __umoddi3
 .text          0x00000000c0026cc6      0x96d D:/Users/Alex/Desktop/Banana/kernel/libsoftfp.a(sfieeelib.o)
                0x00000000c0026cc6                __addsf3
                0x00000000c0026fc8                __subsf3
                0x00000000c0026fdc                __negsf2
                0x00000000c0026fe9                __mulsf3
                0x00000000c00271ac                __divsf3
                0x00000000c00273d7                __floatsisf
                0x00000000c002744b                __floatunsisf
                0x00000000c002748d                __fixsfsi
                0x00000000c00274ef                __fixunssfsi
                0x00000000c0027520                __cmpsf2
                0x00000000c00275b5                __eqsf2