Archive member included to satisfy reference by file (symbol)

/cygdrive/c/Users/Alex/Toolchain/Output/bin/../lib/gcc/i386-banana/8.1.0/libkgcc.a(_divdi3.o)
                              krnl/intops.32 (__divdi3)
/cygdrive/c/Users/Alex/Toolchain/Output/bin/../lib/gcc/i386-banana/8.1.0/libkgcc.a(_moddi3.o)
                              krnl/intops.32 (__moddi3)
/cygdrive/c/Users/Alex/Toolchain/Output/bin/../lib/gcc/i386-banana/8.1.0/libkgcc.a(_udivdi3.o)
                              hal/clock.32 (__udivdi3)
/cygdrive/c/Users/Alex/Toolchain/Output/bin/../lib/gcc/i386-banana/8.1.0/libkgcc.a(_umoddi3.o)
                              hal/clock.32 (__umoddi3)

Allocating common symbols
Common symbol       size              file

dcache              0x40              fs/iso9660/iso9660.32
cdDriveLetter       0x1               fs/iso9660/iso9660.32
icache              0x40              fs/iso9660/iso9660.32

Discarded input sections

 .comment       0x0000000000000000       0x12 /cygdrive/c/Users/Alex/Toolchain/Output/bin/../lib/gcc/i386-banana/8.1.0/crtbegin.o
 .comment       0x0000000000000000       0x12 acpica/utclib.32
 .comment       0x0000000000000000       0x12 krnl/malloc.32
 .comment       0x0000000000000000       0x12 libk/ctype.32
 .comment       0x0000000000000000       0x12 libk/string.32
 .comment       0x0000000000000000       0x12 arch/i386/cc.32
 .comment       0x0000000000000000       0x12 fs/fat/diskio.32
 .comment       0x0000000000000000       0x12 fs/fat/ff.32
 .comment       0x0000000000000000       0x12 fs/fat/ffsystem.32
 .comment       0x0000000000000000       0x12 fs/fat/ffunicode.32
 .comment       0x0000000000000000       0x12 fs/iso9660/iso9660.32
 .comment       0x0000000000000000       0x12 dbg/kconsole.32
 .comment       0x0000000000000000       0x12 dbg/usban.32
 .comment       0x0000000000000000       0x12 fs/symlink.32
 .group         0x0000000000000000        0xc fs/vfs.32
 .group         0x0000000000000000        0xc fs/vfs.32
 .group         0x0000000000000000        0xc fs/vfs.32
 .comment       0x0000000000000000       0x12 fs/vfs.32
 .group         0x0000000000000000        0xc hal/bus.32
 .comment       0x0000000000000000       0x12 hal/bus.32
 .comment       0x0000000000000000       0x12 hal/buzzer.32
 .group         0x0000000000000000        0xc hal/clock.32
 .comment       0x0000000000000000       0x12 hal/clock.32
 .group         0x0000000000000000       0x14 hal/device.32
 .group         0x0000000000000000        0xc hal/device.32
 .group         0x0000000000000000        0x8 hal/device.32
 .group         0x0000000000000000        0xc hal/device.32
 .group         0x0000000000000000        0xc hal/device.32
 .comment       0x0000000000000000       0x12 hal/device.32
 .group         0x0000000000000000        0xc hal/diskctrl.32
 .comment       0x0000000000000000       0x12 hal/diskctrl.32
 .group         0x0000000000000000        0xc hal/diskphys.32
 .comment       0x0000000000000000       0x12 hal/diskphys.32
 .comment       0x0000000000000000       0x12 hal/fpu.32
 .comment       0x0000000000000000       0x12 hal/intctrl.32
 .group         0x0000000000000000        0xc hal/keybrd.32
 .comment       0x0000000000000000       0x12 hal/keybrd.32
 .group         0x0000000000000000        0xc hal/logidisk.32
 .comment       0x0000000000000000       0x12 hal/logidisk.32
 .group         0x0000000000000000        0xc hal/mouse.32
 .comment       0x0000000000000000       0x12 hal/mouse.32
 .group         0x0000000000000000        0xc hal/nic.32
 .comment       0x0000000000000000       0x12 hal/nic.32
 .comment       0x0000000000000000       0x12 hal/partition.32
 .group         0x0000000000000000        0xc hal/serial.32
 .comment       0x0000000000000000       0x12 hal/serial.32
 .group         0x0000000000000000        0x8 hal/timer.32
 .group         0x0000000000000000        0x8 hal/timer.32
 .group         0x0000000000000000        0xc hal/timer.32
 .group         0x0000000000000000        0xc hal/timer.32
 .group         0x0000000000000000        0xc hal/timer.32
 .comment       0x0000000000000000       0x12 hal/timer.32
 .group         0x0000000000000000        0xc hal/vcache.32
 .comment       0x0000000000000000       0x12 hal/vcache.32
 .group         0x0000000000000000        0xc hal/video.32
 .comment       0x0000000000000000       0x12 hal/video.32
 .group         0x0000000000000000       0x14 hw/acpi.32
 .group         0x0000000000000000        0x8 hw/acpi.32
 .group         0x0000000000000000        0x8 hw/acpi.32
 .group         0x0000000000000000        0x8 hw/acpi.32
 .group         0x0000000000000000        0xc hw/acpi.32
 .group         0x0000000000000000        0xc hw/acpi.32
 .comment       0x0000000000000000       0x12 hw/acpi.32
 .comment       0x0000000000000000       0x12 krnl/assert.32
 .comment       0x0000000000000000       0x12 krnl/atexit.32
 .comment       0x0000000000000000       0x12 krnl/bootmsg.32
[...]
Memory Configuration

Name             Origin             Length             Attributes
*default*        0x0000000000000000 0xffffffffffffffff

Linker script and memory map

LOAD C:/Users/Alex/Desktop/Banana/kernel/boot.32
LOAD crti.32
LOAD /cygdrive/c/Users/Alex/Toolchain/Output/bin/../lib/gcc/i386-banana/8.1.0/crtbegin.o
LOAD C:/Users/Alex/Desktop/Banana/kernel/morenasm.32
LOAD acpica/utclib.32
LOAD krnl/malloc.32
LOAD libk/ctype.32
LOAD libk/string.32
LOAD arch/i386/cc.32
LOAD fs/fat/diskio.32
LOAD fs/fat/ff.32
LOAD fs/fat/ffsystem.32
LOAD fs/fat/ffunicode.32
LOAD fs/iso9660/iso9660.32
LOAD dbg/kconsole.32
LOAD dbg/usban.32
LOAD fs/symlink.32
LOAD fs/vfs.32
LOAD hal/bus.32
LOAD hal/buzzer.32
LOAD hal/clock.32
LOAD hal/device.32
LOAD hal/diskctrl.32
LOAD hal/diskphys.32
LOAD hal/fpu.32
LOAD hal/intctrl.32
LOAD hal/keybrd.32
LOAD hal/logidisk.32
LOAD hal/mouse.32
LOAD hal/nic.32
LOAD hal/partition.32
LOAD hal/serial.32
LOAD hal/timer.32
LOAD hal/vcache.32
LOAD hal/video.32
LOAD hw/acpi.32
LOAD krnl/assert.32
LOAD krnl/atexit.32
LOAD krnl/bootmsg.32
LOAD krnl/c++.32
LOAD krnl/cdefs.32
LOAD krnl/cm.32
LOAD krnl/compat.32
LOAD krnl/computer.32
LOAD krnl/crc32.32
LOAD krnl/env.32
LOAD krnl/fault.32
LOAD krnl/gdt.32
LOAD krnl/idle.32
LOAD krnl/idt.32
LOAD krnl/inlines.32
LOAD krnl/intlformat.32
LOAD krnl/intops.32
LOAD krnl/kheap.32
LOAD krnl/mailbox.32
LOAD krnl/main.32
LOAD krnl/mutex.32
LOAD krnl/panic.32
LOAD krnl/physmgr.32
LOAD krnl/pipe.32
LOAD krnl/powctrl.32
LOAD krnl/random.32
LOAD krnl/resolve.32
LOAD krnl/semaphore.32
LOAD krnl/signal.32
LOAD krnl/syscalls.32
LOAD krnl/terminal.32
LOAD krnl/tss.32
LOAD krnl/unixfile.32
LOAD krnl/virtmgr.32
LOAD sys/alarm.32
LOAD sys/eject.32
LOAD sys/exit.32
LOAD sys/getcwd.32
LOAD sys/getpid.32
LOAD sys/getramdata.32
LOAD sys/getvgaptr.32
LOAD sys/kill.32
LOAD sys/loaddll.32
LOAD sys/pause.32
LOAD sys/pthread.32
LOAD sys/read.32
LOAD sys/registersignal.32
LOAD sys/registry.32
LOAD sys/sbrk.32
LOAD sys/setcwd.32
LOAD sys/settime.32
LOAD sys/symlink.32
LOAD sys/timezone.32
LOAD sys/truncate.32
LOAD sys/write.32
LOAD sys/wsbe.32
LOAD sys/yield.32
LOAD thr/alarm.32
LOAD thr/elf.32
LOAD thr/exec.32
LOAD thr/prcssthr.32
LOAD vm86/vm8086.32
LOAD arch/i386/hal.32
LOAD arch/i386/intctrl.32
LOAD arch/i386/pic.32
LOAD arch/i386/rtc.32
LOAD arch/i386/vga.32
LOAD fs/fat/vfslink.32
LOAD fs/iso9660/helper.32
LOAD fs/iso9660/vfslink.32
LOAD hal/sound/sndcard.32
LOAD hal/sound/sndport.32
LOAD hw/bus/isa.32
LOAD hw/bus/pci.32
LOAD hw/diskctrl/ide.32
LOAD hw/diskctrl/satabus.32
LOAD hw/diskphys/ata.32
LOAD hw/diskphys/atapi.32
LOAD hw/diskphys/sata.32
LOAD hw/diskphys/satapi.32
LOAD hw/intctrl/apic.32
LOAD hw/timer/apictimer.32
LOAD hw/timer/pit.32
LOAD arch/i386/avx.32
LOAD arch/i386/interrupt.32
LOAD arch/i386/rdrand.32
LOAD arch/i386/sse.32
LOAD arch/i386/x87.32
LOAD /cygdrive/c/Users/Alex/Toolchain/Output/bin/../lib/gcc/i386-banana/8.1.0/crtend.o
LOAD crtn.32
LOAD /cygdrive/c/Users/Alex/Toolchain/Output/bin/../lib/gcc/i386-banana/8.1.0/libkgcc.a
LOAD C:/Users/Alex/Desktop/Banana/kernel/libsoftfp.a
LOAD C:/Users/Alex/Desktop/Banana/kernel/libk/libm32.a
                0x00000000c0000000                . = 0xc0000000

.text           0x00000000c0000000    0x21a7e
 *(.text)
 .text          0x00000000c0000000       0x20 C:/Users/Alex/Desktop/Banana/kernel/boot.32
 .text          0x00000000c0000020        0x0 crti.32
 .text          0x00000000c0000020      0x101 /cygdrive/c/Users/Alex/Toolchain/Output/bin/../lib/gcc/i386-banana/8.1.0/crtbegin.o
 *fill*         0x00000000c0000121        0xf 
 .text          0x00000000c0000130      0x24f C:/Users/Alex/Desktop/Banana/kernel/morenasm.32
                0x00000000c0000130                manualPCIProbe
                0x00000000c000017b                prepareTramp
                0x00000000c0000194                doTPAUSE
                0x00000000c000019e                hasLegacyFPU
                0x00000000c00001c3                is486
                0x00000000c00001f9                detectCPUID
                0x00000000c000020f                goToVM86
                0x00000000c000023f                goToUsermode
                0x00000000c0000269                switchToThreadASMFirstTime
                0x00000000c0000277                switchToThreadASM
                0x00000000c00002fc                asmQuickAcquireLock
                0x00000000c000031a                asmQuickReleaseLock
                0x00000000c0000326                asmAcquireLock
                0x00000000c0000347                asmReleaseLock
                0x00000000c000035a                loadGDT
                0x00000000c000037a                memcpy
 *fill*         0x00000000c000037f        0x1 
 .text          0x00000000c0000380      0x868 acpica/utclib.32
                0x00000000c0000380                memcmp
                0x00000000c00003d0                memmove
                0x00000000c00004f0                memset
                0x00000000c0000570                strlen
                0x00000000c00005a0                strpbrk
                0x00000000c00005f0                strtok
                0x00000000c0000640                strcpy
                0x00000000c0000680                strncpy
                0x00000000c0000750                strcmp
                0x00000000c00007a0                strchr
                0x00000000c00007e0                strncmp
                0x00000000c0000840                strcat
                0x00000000c0000870                strncat
                0x00000000c00008d0                strstr
                0x00000000c0000930                toupper
                0x00000000c0000950                tolower
                0x00000000c0000970                simple_strtoul
 .text          0x00000000c0000be8     0x1140 krnl/malloc.32
                0x00000000c0000d53                dlfree
                0x00000000c000121a                dlmalloc
                0x00000000c0001757                dlrealloc
                0x00000000c0001934                dlmemalign
                0x00000000c0001a57                dlcalloc
                0x00000000c0001ae8                dlcfree
                0x00000000c0001aed                dlindependent_calloc
                0x00000000c0001b12                dlindependent_comalloc
                0x00000000c0001b29                dlvalloc
                0x00000000c0001b54                dlpvalloc
                0x00000000c0001b8a                dlmalloc_trim
                0x00000000c0001b97                dlmalloc_usable_size
                0x00000000c0001bc8                dlmallinfo
                0x00000000c0001c97                dlmalloc_stats
                0x00000000c0001ca8                dlmallopt
 .text          0x00000000c0001d28      0x1f2 libk/ctype.32
                0x00000000c0001d28                isblank
                0x00000000c0001d48                iscntrl
                0x00000000c0001d68                isdigit
                0x00000000c0001d84                islower
                0x00000000c0001da0                isspace
                0x00000000c0001dc8                isupper
                0x00000000c0001de4                isalpha
                0x00000000c0001e14                isalnum
                0x00000000c0001e44                ispunct
                0x00000000c0001e84                isgraph
                0x00000000c0001eb4                isprint
                0x00000000c0001edc                isxdigit
 .text          0x00000000c0001f1a        0x0 libk/string.32
 *fill*         0x00000000c0001f1a        0x2 
 .text          0x00000000c0001f1c       0x53 arch/i386/cc.32
                0x00000000c0001f1c                LWIP_PLATFORM_HTONS
                0x00000000c0001f40                LWIP_PLATFORM_HTONL
 .text          0x00000000c0001f6f       0x51 fs/fat/diskio.32
                0x00000000c0001f6f                disk_status
                0x00000000c0001f72                disk_initialize
                0x00000000c0001f75                disk_read
                0x00000000c0001f8b                disk_write
                0x00000000c0001fa1                disk_ioctl
 .text          0x00000000c0001fc0     0x3e46 fs/fat/ff.32
                0x00000000c0003de1                f_mount
                0x00000000c0003e43                f_open
                0x00000000c0004106                f_read
                0x00000000c0004305                f_write
                0x00000000c000454d                f_sync
                0x00000000c0004612                f_close
                0x00000000c0004641                f_lseek
                0x00000000c00047f2                f_opendir
                0x00000000c00048bd                f_closedir
                0x00000000c00048df                f_readdir
                0x00000000c0004971                f_stat
                0x00000000c00049f0                f_getfree
                0x00000000c0004af9                f_truncate
                0x00000000c0004be3                f_unlink
                0x00000000c0004d05                f_mkdir
                0x00000000c0004ea0                f_rename
                0x00000000c0005058                f_chmod
                0x00000000c0005108                f_utime
                0x00000000c00051b8                f_getlabel
                0x00000000c0005309                f_setlabel
                0x00000000c0005499                f_expand
                0x00000000c0005606                f_mkfs
 *fill*         0x00000000c0005e06        0x2 
 .text          0x00000000c0005e08       0x2f fs/fat/ffsystem.32
                0x00000000c0005e08                ff_memalloc
                0x00000000c0005e20                ff_memfree
 *fill*         0x00000000c0005e37        0x1 
 .text          0x00000000c0005e38      0x2dc fs/fat/ffunicode.32
                0x00000000c0005e38                ff_uni2oem
                0x00000000c0005ed8                ff_oem2uni
                0x00000000c0005f50                ff_wtoupper
 .text          0x00000000c0006114      0xd32 fs/iso9660/iso9660.32
                0x00000000c000635f                isoReadDiscSector
                0x00000000c00063fa                strnicmp
                0x00000000c00066a9                stricmp
                0x00000000c00066f5                iso_open
                0x00000000c000677f                iso_close
                0x00000000c000679d                iso_read
                0x00000000c00068b3                iso_seek
                0x00000000c0006937                iso_tell
                0x00000000c0006968                iso_total
                0x00000000c0006993                fn_postprocess
                0x00000000c00069ba                iso_readdir
                0x00000000c0006c11                iso_reset
                0x00000000c0006c2e                init_percd
                0x00000000c0006d28                iso_ioctl
                0x00000000c0006d40                fs_iso9660_init
                0x00000000c0006dd6                fs_iso9660_shutdown
 .text          0x00000000c0006e46      0x254 dbg/kconsole.32
                0x00000000c0006e46                Dbg::stringifyxWithBase(unsigned int, char*, int)
                0x00000000c0006ee6                Dbg::logc(char)
                0x00000000c0006f06                Dbg::logs(char*)
                0x00000000c0006f25                Dbg::logWriteInt(unsigned int)
                0x00000000c0006f43                Dbg::logWriteIntBase(unsigned int, int)
                0x00000000c0006f64                Dbg::kprintf(char const*, ...)
 *fill*         0x00000000c000709a        0x2 
 .text          0x00000000c000709c      0x2d4 dbg/usban.32
                0x00000000c000709c                KiUbsanPrintDetails(char const*, void*)
                0x00000000c0007108                __ubsan_handle_type_mismatch_v1
                0x00000000c00071e4                __ubsan_handle_pointer_overflow
                0x00000000c0007210                __ubsan_handle_out_of_bounds
                0x00000000c000723c                __ubsan_handle_add_overflow
                0x00000000c0007268                __ubsan_handle_load_invalid_value
                0x00000000c0007294                __ubsan_handle_divrem_overflow
                0x00000000c00072c0                __ubsan_handle_mul_overflow
                0x00000000c00072ec                __ubsan_handle_sub_overflow
                0x00000000c0007318                __ubsan_handle_shift_out_of_bounds
                0x00000000c0007344                __ubsan_handle_negate_overflow
 .text          0x00000000c0007370      0x814 fs/symlink.32
                0x00000000c00074bf                KiDeinitialiseSymlinks(void*)
                0x00000000c0007552                KeRegisterSymlink(char const*, unsigned long long)
                0x00000000c00075d5                KeInitialiseSymlinks()
                0x00000000c0007737                KiIsSymlinkRegistered(char const*)
                0x00000000c00078a1                KeDereferenceSymlink(char const*, char*)
                0x00000000c0007a48                KeCreateSymlink(char const*, char const*)
 .text          0x00000000c0007b84      0xd88 fs/vfs.32
                0x00000000c0007b84                File::read(unsigned long long, void*, int*)
                0x00000000c0007bdc                File::write(unsigned long long, void*, int*)
                0x00000000c0007c34                Directory::read(unsigned long long, void*, int*)
                0x00000000c0007c8c                Directory::write(unsigned long long, void*, int*)
                0x00000000c0007cba                File::isAtty()
                0x00000000c0007cbe                Directory::isAtty()
                0x00000000c0007cc2                Filesystem::getlabel(LogicalDisk*, int, char*, unsigned int*)
                0x00000000c0007cc8                Filesystem::setlabel(LogicalDisk*, int, char*)
                0x00000000c0007cce                Filesystem::allocateSwapfile(char const*, int)
                0x00000000c0007cd4                File::~File()
                0x00000000c0007cd4                File::~File()
                0x00000000c0007cf8                File::~File()
                0x00000000c0007d22                Directory::~Directory()
                0x00000000c0007d22                Directory::~Directory()
                0x00000000c0007d46                Directory::~Directory()
                0x00000000c0007d70                Filesystem::Filesystem()
                0x00000000c0007d70                Filesystem::Filesystem()
                0x00000000c0007d94                Filesystem::~Filesystem()
                0x00000000c0007d94                Filesystem::~Filesystem()
                0x00000000c0007da2                Filesystem::~Filesystem()
                0x00000000c0007dc6                Fs::getcwd(Process*, char*, int)
                0x00000000c0007df0                Fs::initVFS()
                0x00000000c0007e1a                Fs::standardiseFiles(char*, char const*, char const*, bool)
                0x00000000c0008034                File::File(char const*, Process*, bool)
                0x00000000c0008034                File::File(char const*, Process*, bool)
                0x00000000c0008132                File::File(char const*, Process*)
                0x00000000c0008132                File::File(char const*, Process*)
                0x00000000c0008150                File::open(FileOpenMode)
                0x00000000c00081ae                File::close()
                0x00000000c000820e                File::seek(unsigned long long)
                0x00000000c0008264                File::truncate(unsigned long long)
                0x00000000c00082ba                File::tell(unsigned long long*)
                0x00000000c000830a                File::rewind()
                0x00000000c000831e                File::unlink()
                0x00000000c000836a                File::rename(char const*)
                0x00000000c00083b8                File::chfatattr(unsigned char, unsigned char)
                0x00000000c0008414                File::exists()
                0x00000000c0008452                File::stat(unsigned long long*, bool*)
                0x00000000c00084b3                Fs::setcwd(Process*, char*)
                0x00000000c0008612                Directory::Directory(char const*, Process*)
                0x00000000c0008612                Directory::Directory(char const*, Process*)
                0x00000000c00086da                Directory::open()
                0x00000000c0008736                Directory::close()
                0x00000000c0008796                Directory::unlink()
                0x00000000c00087e2                Directory::rename(char const*)
                0x00000000c0008830                Directory::exists()
                0x00000000c000886e                Directory::read(dirent*)
                0x00000000c00088ba                Directory::create()
                0x00000000c0008906                Filesystem::chfatattr(char const*, unsigned char, unsigned char)
 .text          0x00000000c000890c       0x86 hal/bus.32
                0x00000000c000890c                Bus::Bus(char const*)
                0x00000000c000890c                Bus::Bus(char const*)
                0x00000000c0008944                Bus::~Bus()
                0x00000000c0008944                Bus::~Bus()
                0x00000000c0008968                Bus::~Bus()
 .text          0x00000000c0008992       0x9b hal/buzzer.32
                0x00000000c0008992                KeBeepThread(void*)
                0x00000000c00089d3                KeBeep(int, int, bool)
 *fill*         0x00000000c0008a2d        0x1 
 .text          0x00000000c0008a2e      0xeac hal/clock.32
                0x00000000c0008a2e                KeLoadTimezoneStrings()
                0x00000000c0008dbd                KeGetTimezoneStringFromID(int)
                0x00000000c0008e5a                KeUpdateTimezone(char const*)
                0x00000000c0008f54                KeSetTimezone(char const*)
                0x00000000c0008fb1                KeSetTimezone(int)
                0x00000000c0008fe4                KeLoadTimezone()
                0x00000000c000905e                Clock::Clock(char const*)
                0x00000000c000905e                Clock::Clock(char const*)
                0x00000000c0009094                Clock::~Clock()
                0x00000000c0009094                Clock::~Clock()
                0x00000000c00090b8                Clock::~Clock()
                0x00000000c00090e2                Clock::timeInSecondsLocal()
                0x00000000c0009158                Clock::setTimeInSecondsLocal(unsigned long long)
                0x00000000c00091e4                KeDatetimeToSeconds(datetime_t)
                0x00000000c0009524                Clock::setTimeInDatetimeLocal(datetime_t)
                0x00000000c00095f2                KeSecondsToDatetime(unsigned long long)
                0x00000000c00098ae                Clock::timeInDatetimeLocal()
 .text          0x00000000c00098da      0x47a hal/device.32
                0x00000000c00098da                Device::hibernate()
                0x00000000c00098dc                Device::wake()
                0x00000000c00098de                Device::detect()
                0x00000000c00098e0                Device::disableLegacy()
                0x00000000c00098e2                Device::powerSaving(PowerSavingLevel)
                0x00000000c00098e4                DriverlessDevice::close(int, int, void*)
                0x00000000c00098e8                DriverlessDevice::detect()
                0x00000000c00098ea                DriverlessDevice::open(int, int, void*)
                0x00000000c00098fe                Device::~Device()
                0x00000000c00098fe                Device::~Device()
                0x00000000c000990c                Device::~Device()
                0x00000000c0009934                Device::findAndLoadDriver()
                0x00000000c0009942                Device::preOpenPCI(PCIDeviceInfo)
                0x00000000c0009968                Device::preOpenACPI(void*, char*, char*)
                0x00000000c00099a8                Device::addIRQHandler(int, void (*)(regs*, void*), bool, void*)
                0x00000000c00099d2                Device::getParent()
                0x00000000c00099de                Device::removeIRQHandler(int, void (*)(regs*, void*), bool)
                0x00000000c00099fc                Device::addChild(Device*)
                0x00000000c0009a40                Device::removeAllChildren()
                0x00000000c0009a86                Device::hibernateAll()
                0x00000000c0009ab6                Device::wakeAll()
                0x00000000c0009ae6                Device::detectAll()
                0x00000000c0009b16                Device::disableLegacyAll()
                0x00000000c0009b18                Device::loadDriversForAll()
                0x00000000c0009b1a                Device::powerSavingAll(PowerSavingLevel)
                0x00000000c0009b50                Device::setName(char const*)
                0x00000000c0009b5e                Device::Device(char const*)
                0x00000000c0009b5e                Device::Device(char const*)
                0x00000000c0009c5a                Device::getName()
                0x00000000c0009c64                Device::closeAll()
                0x00000000c0009cb0                DriverlessDevice::DriverlessDevice(char const*)
                0x00000000c0009cb0                DriverlessDevice::DriverlessDevice(char const*)
                0x00000000c0009ce6                Device::addToLinkedList(LinkedList<Device>&, DeviceType)
                0x00000000c0009d2a                getDevicesOfType(DeviceType)
 .text          0x00000000c0009d54       0x86 hal/diskctrl.32
                0x00000000c0009d54                HardDiskController::HardDiskController(char const*)
                0x00000000c0009d54                HardDiskController::HardDiskController(char const*)
                0x00000000c0009d8c                HardDiskController::~HardDiskController()
                0x00000000c0009d8c                HardDiskController::~HardDiskController()
                0x00000000c0009db0                HardDiskController::~HardDiskController()
 .text          0x00000000c0009dda       0xe2 hal/diskphys.32
                0x00000000c0009dda                PhysicalDisk::eject()
                0x00000000c0009dde                PhysicalDisk::PhysicalDisk(char const*, int)
                0x00000000c0009dde                PhysicalDisk::PhysicalDisk(char const*, int)
                0x00000000c0009e46                PhysicalDisk::startCache()
                0x00000000c0009e6e                PhysicalDisk::~PhysicalDisk()
                0x00000000c0009e6e                PhysicalDisk::~PhysicalDisk()
                0x00000000c0009e92                PhysicalDisk::~PhysicalDisk()
 .text          0x00000000c0009ebc        0x0 hal/fpu.32
 .text          0x00000000c0009ebc        0x0 hal/intctrl.32
 .text          0x00000000c0009ebc      0x874 hal/keybrd.32
                0x00000000c0009ebc                startGUI(void*)
                0x00000000c0009f21                startGUIVESA(void*)
                0x00000000c0009f86                sendKeyToTerminal(unsigned char)
                0x00000000c000a05c                sendKeyboardToken(KeyboardToken)
                0x00000000c000a518                clearInternalKeybuffer(VgaText*)
                0x00000000c000a54d                readKeyboard(VgaText*, char*, unsigned long)
                0x00000000c000a6a6                Keyboard::Keyboard(char const*)
                0x00000000c000a6a6                Keyboard::Keyboard(char const*)
                0x00000000c000a6e2                Keyboard::~Keyboard()
                0x00000000c000a6e2                Keyboard::~Keyboard()
                0x00000000c000a706                Keyboard::~Keyboard()
 .text          0x00000000c000a730      0x3f8 hal/logidisk.32
                0x00000000c000a730                LogicalDisk::close(int, int, void*)
                0x00000000c000a734                LogicalDisk::~LogicalDisk()
                0x00000000c000a734                LogicalDisk::~LogicalDisk()
                0x00000000c000a758                LogicalDisk::~LogicalDisk()
                0x00000000c000a782                LogicalDisk::open(int, int, void*)
                0x00000000c000a796                LogicalDisk::absoluteToRelative(unsigned long long)
                0x00000000c000a7ce                LogicalDisk::relativeToAbsolute(unsigned long long)
                0x00000000c000a814                LogicalDisk::LogicalDisk(char const*, PhysicalDisk*, unsigned long long, unsigned long long)
                0x00000000c000a814                LogicalDisk::LogicalDisk(char const*, PhysicalDisk*, unsigned long long, unsigned long long)
                0x00000000c000a8d4                LogicalDisk::assignDriveLetter()
                0x00000000c000a98e                LogicalDisk::mount()
                0x00000000c000a9d6                LogicalDisk::unmount()
                0x00000000c000a9e6                LogicalDisk::eject()
                0x00000000c000a9fa                LogicalDisk::unassignDriveLetter()
                0x00000000c000aa50                LogicalDisk::read(unsigned long long, int, void*)
                0x00000000c000aabc                LogicalDisk::write(unsigned long long, int, void*)
 .text          0x00000000c000ab28       0x86 hal/mouse.32
                0x00000000c000ab28                Mouse::Mouse(char const*)
                0x00000000c000ab28                Mouse::Mouse(char const*)
                0x00000000c000ab60                Mouse::~Mouse()
                0x00000000c000ab60                Mouse::~Mouse()
                0x00000000c000ab84                Mouse::~Mouse()
 .text          0x00000000c000abae       0x90 hal/nic.32
                0x00000000c000abae                NIC::getMAC()
                0x00000000c000abb4                NIC::write(int, unsigned char*, int*)
                0x00000000c000abba                NIC::NIC(char const*)
                0x00000000c000abba                NIC::NIC(char const*)
                0x00000000c000abf0                NIC::~NIC()
                0x00000000c000abf0                NIC::~NIC()
                0x00000000c000ac14                NIC::~NIC()
 .text          0x00000000c000ac3e      0x33b hal/partition.32
                0x00000000c000ac3e                makePartition(PhysicalDisk*, unsigned long long, unsigned long long)
                0x00000000c000ace6                createPartitionsForDisk(PhysicalDisk*)
 *fill*         0x00000000c000af79        0x3 
 .text          0x00000000c000af7c       0x86 hal/serial.32
                0x00000000c000af7c                Serial::Serial(char const*)
                0x00000000c000af7c                Serial::Serial(char const*)
                0x00000000c000afb4                Serial::~Serial()
                0x00000000c000afb4                Serial::~Serial()
                0x00000000c000afd8                Serial::~Serial()
 *fill*         0x00000000c000b002        0x2 
 .text          0x00000000c000b004      0x230 hal/timer.32
                0x00000000c000b004                Timer::Timer(char const*)
                0x00000000c000b004                Timer::Timer(char const*)
                0x00000000c000b03c                Timer::~Timer()
                0x00000000c000b03c                Timer::~Timer()
                0x00000000c000b060                Timer::~Timer()
                0x00000000c000b08a                Timer::read()
                0x00000000c000b095                setupTimer(int)
                0x00000000c000b0d0                timerHandler(unsigned int)
 .text          0x00000000c000b234      0x5fe hal/vcache.32
                0x00000000c000b234                VCache::VCache(PhysicalDisk*)
                0x00000000c000b234                VCache::VCache(PhysicalDisk*)
                0x00000000c000b3a4                VCache::invalidateReadBuffer()
                0x00000000c000b3b4                VCache::writeWriteBuffer()
                0x00000000c000b400                VCache::~VCache()
                0x00000000c000b400                VCache::~VCache()
                0x00000000c000b458                VCache::~VCache()
                0x00000000c000b480                VCache::write(unsigned long long, int, void*)
                0x00000000c000b64e                VCache::read(unsigned long long, int, void*)
 .text          0x00000000c000b832      0x70e hal/video.32
                0x00000000c000b832                Video::putrect(int, int, int, int, unsigned int)
                0x00000000c000b87e                Video::bitblit(int, int, int, int, int, int, int, unsigned int*)
                0x00000000c000b8ee                Video::blit(unsigned int*, int, int, int, int)
                0x00000000c000b96c                Video::clearScreen(unsigned int)
                0x00000000c000b9a0                Video::putpixel(int, int, unsigned int)
                0x00000000c000b9ae                Video::readPixelApprox(int, int)
                0x00000000c000b9c2                Video::Video(char const*)
                0x00000000c000b9c2                Video::Video(char const*)
                0x00000000c000b9f8                Video::~Video()
                0x00000000c000b9f8                Video::~Video()
                0x00000000c000ba1c                Video::~Video()
                0x00000000c000ba46                Video::isMonochrome()
                0x00000000c000ba52                Video::getWidth()
                0x00000000c000ba5e                Video::getHeight()
                0x00000000c000ba6a                Video::drawCursor(int, int, unsigned int*, int)
                0x00000000c000bb26                Video::tgaParse(unsigned char*, int, int*, int*)
                0x00000000c000bed0                Video::putTGA(int, int, unsigned char*, int)
 .text          0x00000000c000bf40     0x114f hw/acpi.32
                0x00000000c000bf40                ACPI::close(int, int, void*)
                0x00000000c000bf48                loadACPITables(unsigned char*)
                0x00000000c000c1a8                findRSDT(unsigned char*)
                0x00000000c000c2f4                findDataTable(unsigned char*, char*)
                0x00000000c000c368                scanMADT()
                0x00000000c000c7c0                ACPI::ACPI()
                0x00000000c000c7c0                ACPI::ACPI()
                0x00000000c000c814                ACPI::getPCIIRQAssignment(unsigned char, unsigned short, unsigned char)
                0x00000000c000c910                ACPI::registerPCIIRQAssignment(void*, unsigned short, unsigned char, unsigned char)
                0x00000000c000c9dc                ACPI::setScreenBrightnessLevel(void*, int)
                0x00000000c000c9e4                ACPI::detectPCI()
                0x00000000c000cbf0                ACPI::writeSimpleBootFlag(SimpleBootFlagTable*)
                0x00000000c000cc08                ACPI::open(int, int, void*)
 *fill*         0x00000000c000d08f        0x1 
 .text          0x00000000c000d090       0xea krnl/assert.32
                0x00000000c000d090                KeAssertionFailed(char*, char const*, char const*, int)
 .text          0x00000000c000d17a       0xb6 krnl/atexit.32
                0x00000000c000d17a                KeInitialiseAtexit()
                0x00000000c000d199                KeRegisterAtexit(void (*)(void*), void*)
                0x00000000c000d1cd                KeExecuteAtexit()
 .text          0x00000000c000d230       0x9f krnl/bootmsg.32
                0x00000000c000d230                KeDisplaySplashScreen()
                0x00000000c000d25f                KeSetBootMessage(char const*)
 .text          0x00000000c000d2cf       0x5f krnl/c++.32
                0x00000000c000d2cf                __cxa_atexit
                0x00000000c000d2d2                __cxa_finalize
                0x00000000c000d2d3                __stack_chk_fail
                0x00000000c000d309                __cxa_pure_virtual
                0x00000000c000d31a                operator new[](unsigned long)
                0x00000000c000d31f                operator delete(void*, unsigned long)
                0x00000000c000d324                operator delete[](void*)
                0x00000000c000d329                operator delete[](void*, unsigned long)
 *fill*         0x00000000c000d32e        0x2 
 .text          0x00000000c000d330       0x44 krnl/cdefs.32
                0x00000000c000d330                CUnlockScheduler
                0x00000000c000d348                CLockScheduler
                0x00000000c000d358                CPrintf
 .text          0x00000000c000d374      0xd56 krnl/cm.32
                0x00000000c000d374                CmOpen(char const*)
                0x00000000c000d492                CmClose(Reghive_Tag*)
                0x00000000c000d4a8                CmReadExtent(Reghive_Tag*, int, unsigned char*)
                0x00000000c000d4e4                CmGetString(Reghive_Tag*, int, char*)
                0x00000000c000d55b                CmEnterDirectory(Reghive_Tag*, int)
                0x00000000c000d59a                CmGetNext(Reghive_Tag*, int)
                0x00000000c000d5cc                CmWriteExtent(Reghive_Tag*, int, unsigned char*)
                0x00000000c000d608                CmFreeExtent(Reghive_Tag*, int)
                0x00000000c000d630                CmUpdateHeader(Reghive_Tag*)
                0x00000000c000d651                CmExpand(Reghive_Tag*, int)
                0x00000000c000d6cc                CmFindUnusedExtent(Reghive_Tag*)
                0x00000000c000d752                CmCreateExtent(Reghive_Tag*, int, int, unsigned char*)
                0x00000000c000d846                CmSetString(Reghive_Tag*, int, char const*)
                0x00000000c000d982                CmGetMatch(char*, char*, bool, bool*)
                0x00000000c000d9e3                CmAddShift(unsigned int*, int*, unsigned char, int)
                0x00000000c000da13                CmGetShift(unsigned int*, int*, int, bool*)
                0x00000000c000da4a                CmGetInteger(Reghive_Tag*, int, unsigned long long*)
                0x00000000c000da74                CmSetInteger(Reghive_Tag*, int, unsigned long long)
                0x00000000c000dab4                CmConvertFromInternalFilename(unsigned char const*, char*)
                0x00000000c000db58                CmGetNameAndTypeFromExtent(Reghive_Tag*, int, char*)
                0x00000000c000db86                CmConvertToInternalFilename(char const*, unsigned char*)
                0x00000000c000dd24                CmCreateString(Reghive_Tag*, int, char const*)
                0x00000000c000dd71                CmFindInDirectory(Reghive_Tag*, int, char const*)
                0x00000000c000ddeb                CmCreateInteger(Reghive_Tag*, int, char const*, unsigned long long, int)
                0x00000000c000de3e                CmCreateDirectory(Reghive_Tag*, int, char const*)
                0x00000000c000df02                zStrtok(char*, char const*)
                0x00000000c000df74                CmFindObjectFromPath(Reghive_Tag*, char const*)
                0x00000000c000dff5                CmDisplayTree(Reghive_Tag*, int, int)
                0x00000000c000e098                CmSplitFinalSlashInPlace(char*)
 *fill*         0x00000000c000e0ca        0x2 
 .text          0x00000000c000e0cc       0x1d krnl/compat.32
                0x00000000c000e0cc                Krnl::handlePowerButton()
                0x00000000c000e0dc                Krnl::handleSleepButton()
 *fill*         0x00000000c000e0e9        0x1 
 .text          0x00000000c000e0ea      0x2c3 krnl/computer.32
                0x00000000c000e0ea                Computer::close(int, int, void*)
                0x00000000c000e0f0                Computer::open(int, int, void*)
                0x00000000c000e1d6                KeFirstTask()
                0x00000000c000e2f8                Computer::Computer()
                0x00000000c000e2f8                Computer::Computer()
                0x00000000c000e33c                KePrepareShutdown()
                0x00000000c000e35c                KeShutdown()
                0x00000000c000e380                KeSleep()
                0x00000000c000e38c                KeRestart()
 .text          0x00000000c000e3ad       0x2b krnl/crc32.32
                0x00000000c000e3ad                KeCalculateCRC32(unsigned char*, int)
 .text          0x00000000c000e3d8      0x5bf krnl/env.32
                0x00000000c000e3d8                EnvVarContainer::getEnv(char const*)
                0x00000000c000e416                EnvVarContainer::setEnv(char const*, char const*)
                0x00000000c000e4d8                EnvVarContainer::deleteEnv(char const*)
                0x00000000c000e4da                EnvVarContainer::loadFrom(char const*, char const*)
                0x00000000c000e6fe                EnvVarContainer::__loadSystem()
                0x00000000c000e718                EnvVarContainer::__loadUser()
                0x00000000c000e71a                EnvVarContainer::EnvVarContainer(Process*)
                0x00000000c000e71a                EnvVarContainer::EnvVarContainer(Process*)
                0x00000000c000e73c                EnvVarContainer::~EnvVarContainer()
                0x00000000c000e73c                EnvVarContainer::~EnvVarContainer()
                0x00000000c000e76c                KeGetEnv(Process*, char const*)
                0x00000000c000e7d1                KeSetEnvSystem(char const*, char const*)
                0x00000000c000e7eb                KeSetEnvUser(char const*, char const*)
                0x00000000c000e80a                KeSetEnvProcess(Process*, char const*, char const*)
                0x00000000c000e81d                KeDeleteEnvSystem(char const*)
                0x00000000c000e81e                KeDeleteEnvUser(char const*)
                0x00000000c000e81f                KeDeleteEnvProcess(Process*, char const*)
                0x00000000c000e820                KeNewProcessEnv(Process*)
                0x00000000c000e842                KeCopyProcessEnv(Process*, Process*)
                0x00000000c000e88e                KeLoadSystemEnv()
                0x00000000c000e8bc                KeLoadUserEnv()
                0x00000000c000e8e2                KeFlushEnv()
                0x00000000c000e8e3                KeGetProcessTotalEnvCount(Process*)
                0x00000000c000e903                KeGetProcessEnvPair(Process*, int)
 *fill*         0x00000000c000e997        0x1 
 .text          0x00000000c000e998      0x361 krnl/fault.32
                0x00000000c000e998                KeSetupInterrupts()
                0x00000000c000ea10                int_handler
                0x00000000c000eb40                KeDisplayProgramFault(char const*)
                0x00000000c000eb90                KeGeneralProtectionFault(void*, void*)
                0x00000000c000ebe4                KePageFault(void*, void*)
                0x00000000c000ec48                KeNonMaskableInterrupt(void*, void*)
                0x00000000c000ec58                KeOtherFault(void*, void*)
                0x00000000c000ec8c                KeOpcodeFault(void*, void*)
                0x00000000c000ece0                KeDoubleFault(void*, void*)
 *fill*         0x00000000c000ecf9        0x1 
 .text          0x00000000c000ecfa      0x1db krnl/gdt.32
                0x00000000c000ecfa                GDTEntry::setBase(unsigned int)
                0x00000000c000ed16                GDTEntry::setLimit(unsigned int)
                0x00000000c000ed34                GDT::GDT()
                0x00000000c000ed34                GDT::GDT()
                0x00000000c000ed4a                GDT::addEntry(GDTEntry)
                0x00000000c000ed6c                GDT::getNumberOfEntries()
                0x00000000c000ed74                GDT::flush()
                0x00000000c000ed96                GDT::setup()
 .text          0x00000000c000eed5       0x20 krnl/idle.32
                0x00000000c000eed5                idleFunction(void*)
 *fill*         0x00000000c000eef5        0x3 
 .text          0x00000000c000eef8      0x46c krnl/idt.32
                0x00000000c000eef8                IDTEntry::IDTEntry(bool)
                0x00000000c000eef8                IDTEntry::IDTEntry(bool)
                0x00000000c000ef72                IDTEntry::setOffset(unsigned int)
                0x00000000c000ef88                IDT::IDT()
                0x00000000c000ef88                IDT::IDT()
                0x00000000c000ef8a                IDT::getPointerToInvalidOpcodeEntryForF00F()
                0x00000000c000ef92                IDT::addEntry(IDTEntry, int)
                0x00000000c000efac                IDT::addEntry(int, void (*)(), bool)
                0x00000000c000efe4                IDT::flush()
                0x00000000c000effe                IDT::setup()
 .text          0x00000000c000f364       0x9a krnl/inlines.32
                0x00000000c000f364                CPU::current()
                0x00000000c000f370                operator new(unsigned long)
                0x00000000c000f375                operator delete(void*)
                0x00000000c000f37a                disableIRQs()
                0x00000000c000f37c                enableIRQs()
                0x00000000c000f37e                lockScheduler()
                0x00000000c000f386                unlockScheduler()
                0x00000000c000f398                lockStuff()
                0x00000000c000f3a6                unlockStuff()
                0x00000000c000f3e3                Virt::getAKernelVAS()
                0x00000000c000f3e9                __not_memcpy
 .text          0x00000000c000f3fe      0x2bc krnl/intlformat.32
                0x00000000c000f3fe                KeFormatDate(char*, int, int, int, int, bool)
                0x00000000c000f5ee                KeFormatShortDate(char*, int, int, int, int)
                0x00000000c000f610                KeFormatLongDate(char*, int, int, int, int)
                0x00000000c000f632                KeSetLocale(klocale_t)
                0x00000000c000f648                KeInitialiseLocale()
                0x00000000c000f6b6                KeFormatCurrency(char*, int, long long, long long)
                0x00000000c000f6b7                KeFormatCurrency(char*, int, double)
                0x00000000c000f6b8                KeFormatNumber(char*, long long, long long)
                0x00000000c000f6b9                KeFormatNumber(char*, double)
 *fill*         0x00000000c000f6ba        0x2 
 .text          0x00000000c000f6bc      0x42e krnl/intops.32
                0x00000000c000f6bc                KeBasedUnsignedIntegerToString(unsigned long long, char*, int)
                0x00000000c000f844                KeBasedSignedIntegerToString(long long, char*, int)
                0x00000000c000f9f0                KeGetDigitsInNumber(long long)
                0x00000000c000fa5c                KeItoa(unsigned long long, char*)
                0x00000000c000fa8c                KeItoa(long long, char*)
                0x00000000c000fabc                KeXtoa(unsigned long long, char*)
 .text          0x00000000c000faea      0x207 krnl/kheap.32
                0x00000000c000faea                sbrk
                0x00000000c000fb81                sbrk_thunk
                0x00000000c000fbb7                mmap
                0x00000000c000fc15                munmap
                0x00000000c000fc2a                liballoc_lock()
                0x00000000c000fc38                liballoc_unlock()
                0x00000000c000fc50                liballoc_alloc(int)
                0x00000000c000fc68                liballoc_free(void*, int)
                0x00000000c000fc83                realloc
                0x00000000c000fc97                malloc
                0x00000000c000fca7                free
                0x00000000c000fcb7                rfree
                0x00000000c000fcc7                calloc
 *fill*         0x00000000c000fcf1        0x3 
 .text          0x00000000c000fcf4      0x1d3 krnl/mailbox.32
                0x00000000c000fcf4                KeMailboxTryPost(Mailbox*, void*)
                0x00000000c000fd54                KeMailboxTryGet(Mailbox*, void**)
                0x00000000c000fdb4                KeMailboxCreate()
                0x00000000c000fde8                KeMailboxPost(Mailbox*, void*)
                0x00000000c000fe4c                KeMailboxGet(Mailbox*, void**)
                0x00000000c000feb0                KeMailboxDestroy(Mailbox*)
 .text          0x00000000c000fec7       0xfd krnl/main.32
                0x00000000c000fec7                KeEntryPoint
 .text          0x00000000c000ffc4       0x1a krnl/mutex.32
                0x00000000c000ffc4                Mutex::Mutex()
                0x00000000c000ffc4                Mutex::Mutex()
 .text          0x00000000c000ffde        0xc krnl/panic.32
                0x00000000c000ffde                KePanic(char const*)
 .text          0x00000000c000ffea      0x667 krnl/physmgr.32
                0x00000000c000ffea                Phys::allocateDMA(unsigned long)
                0x00000000c00100d2                Phys::freeDMA(unsigned long, unsigned long)
                0x00000000c001010d                Phys::setPageState(unsigned long, bool)
                0x00000000c001014d                Phys::getPageState(unsigned long)
                0x00000000c0010169                Phys::freePage(unsigned long)
                0x00000000c00101d2                Phys::allocatePage()
                0x00000000c00102b0                Phys::allocateContiguousPages(int)
                0x00000000c001032b                Phys::allowSegmentToBeUsed(unsigned long, unsigned long)
                0x00000000c0010363                Phys::physicalMemorySetup(unsigned int)
 *fill*         0x00000000c0010651        0x1 
 .text          0x00000000c0010652      0x275 krnl/pipe.32
                0x00000000c0010652                Pipe::isAtty()
                0x00000000c0010656                Pipe::~Pipe()
                0x00000000c0010656                Pipe::~Pipe()
                0x00000000c001067a                Pipe::~Pipe()
                0x00000000c00106a2                Pipe::write(unsigned long long, void*, int*)
                0x00000000c0010762                Pipe::read(unsigned long long, void*, int*)
                0x00000000c0010860                Pipe::Pipe(int)
                0x00000000c0010860                Pipe::Pipe(int)
 .text          0x00000000c00108c7      0x10c krnl/powctrl.32
                0x00000000c00108c7                KePowerThread(void*)
                0x00000000c00108f9                KeChangePowerSettings(PowerSettings)
                0x00000000c001090f                KeUserIOReceived()
                0x00000000c001091a                KeHandlePowerButton()
                0x00000000c0010932                KeHandleSleepButton()
                0x00000000c001094a                KeSetupPowerManager()
 .text          0x00000000c00109d3       0x9d krnl/random.32
                0x00000000c00109d3                KeRand()
                0x00000000c0010a15                KeSeedRand(unsigned int)
                0x00000000c0010a3e                KeInitRand()
 .text          0x00000000c0010a70      0x1bc krnl/resolve.32
                0x00000000c0010a70                KeResolveCompatibilitySymbol(char*)
 .text          0x00000000c0010c2c      0x415 krnl/semaphore.32
                0x00000000c0010c2c                Semaphore::Semaphore(int)
                0x00000000c0010c2c                Semaphore::Semaphore(int)
                0x00000000c0010c5c                Semaphore::tryAcquire()
                0x00000000c0010d30                Semaphore::assertLocked(char const*)
                0x00000000c0010dbc                Semaphore::acquire(int)
                0x00000000c0010f74                Semaphore::acquire()
                0x00000000c0010f90                Semaphore::release()
 .text          0x00000000c0011041      0x3a8 krnl/signal.32
                0x00000000c0011041                KiSigKill(int)
                0x00000000c0011055                KiDefaultSignalHandlerIgnore(int)
                0x00000000c0011056                KiDefaultSignalHandlerPause(int)
                0x00000000c0011082                KiDefaultSignalHandlerResume(int)
                0x00000000c00110ae                KeDeinitSignals(SigHandlerBlock*)
                0x00000000c00110b3                KeInitSignals()
                0x00000000c0011125                KeRegisterSignalHandler(SigHandlerBlock*, int, void (*)(int), unsigned int, int)
                0x00000000c001115b                KeRaiseSignal(SigHandlerBlock*, int)
                0x00000000c00111dc                KeCheckSignal(SigHandlerBlock*, int*)
                0x00000000c001130b                KiCheckSignalZ
                0x00000000c001135c                KeCompleteSignal(SigHandlerBlock*, int)
                0x00000000c0011397                KiFinishSignalZ
 .text          0x00000000c00113e9      0xe18 krnl/syscalls.32
                0x00000000c00113e9                SysSeekDir(regs*)
                0x00000000c00113ee                SysTellDir(regs*)
                0x00000000c00113f3                SysVerify(regs*)
                0x00000000c00113fd                SysGetArgc(regs*)
                0x00000000c0011411                SysTTYName(regs*)
                0x00000000c0011419                SysFormatDisk(regs*)
                0x00000000c0011490                SysSetDiskVolumeLabel(regs*)
                0x00000000c00114e4                SysGetDiskVolumeLabel(regs*)
                0x00000000c001153d                SysRealpath(regs*)
                0x00000000c0011581                SysReadDir(regs*)
                0x00000000c0011601                SysIsATTY(regs*)
                0x00000000c001165b                SysSeek(regs*)
                0x00000000c00116b9                SysTell(regs*)
                0x00000000c001172e                SysSize(regs*)
                0x00000000c00117a8                SysSizeFromFilename(regs*)
                0x00000000c00118d2                SysSizeFromFilenameNoSymlink(regs*)
                0x00000000c00119fc                SysClose(regs*)
                0x00000000c0011a5c                SysOpenDir(regs*)
                0x00000000c0011ad9                SysMakeDir(regs*)
                0x00000000c0011b47                SysCloseDir(regs*)
                0x00000000c0011b9b                SysWait(regs*)
                0x00000000c0011bbc                SysNotImpl(regs*)
                0x00000000c0011bd7                SysPanic(regs*)
                0x00000000c0011bf2                SysRmdir(regs*)
                0x00000000c0011c57                SysUnlink(regs*)
                0x00000000c0011cbc                SysGetArgv(regs*)
                0x00000000c0011d09                SysUSleep(regs*)
                0x00000000c0011d33                SysSpawn(regs*)
                0x00000000c0011da6                SysGetEnv(regs*)
                0x00000000c0011e57                SysSetFatAttrib(regs*)
                0x00000000c0011eca                SysShutdown(regs*)
                0x00000000c0011f27                SysPipe(regs*)
                0x00000000c0011f6c                SysGetUnixTime(regs*)
                0x00000000c0011f80                string_ends_with(char const*, char const*)
                0x00000000c0011fc8                SysOpen(regs*)
                0x00000000c00121bf                KeSystemCall(regs*, void*)
 *fill*         0x00000000c0012201        0x1 
 .text          0x00000000c0012202      0xb0b krnl/terminal.32
                0x00000000c0012202                VgaText::isAtty()
                0x00000000c0012206                VgaText::~VgaText()
                0x00000000c0012206                VgaText::~VgaText()
                0x00000000c001222a                VgaText::~VgaText()
                0x00000000c0012254                VgaText::read(unsigned long long, void*, int*)
                0x00000000c0012274                setTerminalScrollLock(bool)
                0x00000000c0012275                doTerminalCycle()
                0x00000000c0012276                addToTerminalCycle(VgaText*)
                0x00000000c0012277                scrollTerminalScrollLock(int)
                0x00000000c0012278                VgaText::updateTitle()
                0x00000000c001227a                VgaText::load()
                0x00000000c001227c                VgaText::updateCursor()
                0x00000000c0012292                VgaText::doANSI_SGR(int)
                0x00000000c0012306                VgaText::setDefaultBgColour(VgaColour)
                0x00000000c0012316                VgaText::setDefaultFgColour(VgaColour)
                0x00000000c0012326                VgaText::setDefaultColours(VgaColour, VgaColour)
                0x00000000c0012346                VgaText::setTitleTextColour(VgaColour)
                0x00000000c0012352                VgaText::setTitleColour(VgaColour)
                0x00000000c001235e                VgaText::setTitle(char*)
                0x00000000c0012360                VgaText::combineColours(unsigned char, unsigned char)
                0x00000000c0012372                VgaText::scrollScreen()
                0x00000000c0012404                VgaText::combineCharAndColour(char, unsigned char)
                0x00000000c0012414                VgaText::writeCharacter(char, VgaColour, VgaColour, int, int)
                0x00000000c00124c0                VgaText::getCursorX()
                0x00000000c00124c8                VgaText::getCursorY()
                0x00000000c00124d0                VgaText::setCursor(int, int)
                0x00000000c00124e7                setActiveTerminal(VgaText*)
                0x00000000c0012532                VgaText::clearScreen()
                0x00000000c0012580                VgaText::setCursorX(int)
                0x00000000c0012598                VgaText::setCursorY(int)
                0x00000000c00125b0                VgaText::incrementCursor(bool)
                0x00000000c0012604                VgaText::decrementCursor(bool)
                0x00000000c0012626                VgaText::putchar(char, VgaColour, VgaColour)
                0x00000000c00126f6                VgaText::putchar(char)
                0x00000000c00127ee                VgaText::putx(unsigned int)
                0x00000000c0012834                VgaText::puts(char const*)
                0x00000000c001285a                VgaText::write(unsigned long long, void*, int*)
                0x00000000c00128a6                VgaText::puts(char const*, VgaColour, VgaColour)
                0x00000000c0012a20                VgaText::VgaText(char const*)
                0x00000000c0012a20                VgaText::VgaText(char const*)
                0x00000000c0012b80                VgaText::receiveKey(unsigned char)
                0x00000000c0012d0c                VgaText::doUpdate()
 *fill*         0x00000000c0012d0d        0x3 
 .text          0x00000000c0012d10      0x224 krnl/tss.32
                0x00000000c0012d10                TSS::TSS()
                0x00000000c0012d10                TSS::TSS()
                0x00000000c0012d20                TSS::setESP(unsigned long)
                0x00000000c0012d34                TSS::flush()
                0x00000000c0012d54                TSS::setup(unsigned long, unsigned long)
 .text          0x00000000c0012f34      0x4dc krnl/unixfile.32
                0x00000000c0012f34                ReservedFilename::read(unsigned long long, void*, int*)
                0x00000000c0012f8a                ReservedFilename::isAtty()
                0x00000000c0012fa6                ReservedFilename::write(unsigned long long, void*, int*)
                0x00000000c0013004                UnixFile::getFileDescriptor()
                0x00000000c001300c                UnixFile::UnixFile(int)
                0x00000000c001300c                UnixFile::UnixFile(int)
                0x00000000c00131c0                ReservedFilename::ReservedFilename(int)
                0x00000000c00131c0                ReservedFilename::ReservedFilename(int)
                0x00000000c00131f2                UnixFile::~UnixFile()
                0x00000000c00131f2                UnixFile::~UnixFile()
                0x00000000c001328e                UnixFile::~UnixFile()
                0x00000000c00132b6                ReservedFilename::~ReservedFilename()
                0x00000000c00132b6                ReservedFilename::~ReservedFilename()
                0x00000000c00132da                ReservedFilename::~ReservedFilename()
                0x00000000c0013301                KeGetFileFromDescriptor(int)
 .text          0x00000000c0013410     0x14bc krnl/virtmgr.32
                0x00000000c0013410                Virt::setPageState(unsigned long, Virt::VirtPageState)
                0x00000000c001344a                Virt::getPageState(unsigned long)
                0x00000000c001346d                Virt::allocateKernelVirtualPages(int)
                0x00000000c0013592                Virt::freeSwapfilePage(unsigned long)
                0x00000000c00135b5                Virt::swapIDToSector(unsigned long)
                0x00000000c00135cb                Virt::allocateSwapfilePage()
                0x00000000c001364b                Virt::virtualMemorySetup()
                0x00000000c001369c                Virt::setupPageSwapping(int)
                0x00000000c001370e                VAS::setCPUSpecific(unsigned long)
                0x00000000c0013710                VAS::VAS(VAS*)
                0x00000000c0013710                VAS::VAS(VAS*)
                0x00000000c0013728                VAS::getForeignPageTableEntry(bool, unsigned long)
                0x00000000c0013756                VAS::getPageTableEntry(unsigned long)
                0x00000000c0013775                Virt::freeKernelVirtualPages(unsigned long)
                0x00000000c00138b2                VAS::freeAllocatedPages(unsigned long)
                0x00000000c00138d6                VAS::virtualToPhysical(unsigned long)
                0x00000000c00138f0                VAS::reflagRange(unsigned long, int, unsigned long, unsigned long)
                0x00000000c0013932                VAS::VAS()
                0x00000000c0013932                VAS::VAS()
                0x00000000c001399c                VAS::setToWriteCombining(unsigned long, int)
                0x00000000c00139bc                VAS::mapOtherVASIn(bool, VAS*)
                0x00000000c00139e8                VAS::~VAS()
                0x00000000c00139e8                VAS::~VAS()
                0x00000000c0013b50                VAS::mapPage(unsigned long, unsigned long, int)
                0x00000000c0013c54                VAS::allocatePages(int, int)
                0x00000000c0013d3a                VAS::mapRange(unsigned long, unsigned long, int, int)
                0x00000000c0013d92                VAS::mapForeignPage(bool, VAS*, unsigned long, unsigned long, int)
                0x00000000c0013e88                VAS::VAS(bool)
                0x00000000c0013e88                VAS::VAS(bool)
                0x00000000c0014070                VAS::evict(unsigned long)
                0x00000000c0014174                VAS::canLockPage(unsigned long)
                0x00000000c001418e                VAS::unlockPage(unsigned long)
                0x00000000c00141c2                VAS::canLockPages(unsigned long, int)
                0x00000000c00141fe                VAS::unlockPages(unsigned long, int)
                0x00000000c001423a                VAS::tryLoadBackOffDisk(unsigned long)
                0x00000000c001454a                VAS::lockPage(unsigned long)
                0x00000000c00145bc                VAS::lockPages(unsigned long, int)
                0x00000000c00145f8                VAS::allocateSharedMemoryWithKernel(unsigned long, unsigned long*)
                0x00000000c001466c                VAS::freeSharedMemoryWithKernel(unsigned long, unsigned long)
                0x00000000c0014698                VAS::scanForEviction()
                0x00000000c00147d1                mapVASFirstTime
 .text          0x00000000c00148cc       0x2f sys/alarm.32
                0x00000000c00148cc                SysAlarm(regs*)
 .text          0x00000000c00148fb       0x36 sys/eject.32
                0x00000000c00148fb                SysEject(regs*)
 .text          0x00000000c0014931       0x18 sys/exit.32
                0x00000000c0014931                SysExit(regs*)
 .text          0x00000000c0014949       0x1f sys/getcwd.32
                0x00000000c0014949                SysGetCwd(regs*)
 .text          0x00000000c0014968       0x26 sys/getpid.32
                0x00000000c0014968                SysGetPID(regs*)
 .text          0x00000000c001498e       0x21 sys/getramdata.32
                0x00000000c001498e                SysGetRAMData(regs*)
 .text          0x00000000c00149af       0x97 sys/getvgaptr.32
                0x00000000c00149af                SysGetVGAPtr(regs*)
 *fill*         0x00000000c0014a46        0x2 
 .text          0x00000000c0014a48       0xb9 sys/kill.32
                0x00000000c0014a48                SysKill(regs*)
 .text          0x00000000c0014b01       0xa8 sys/loaddll.32
                0x00000000c0014b01                SysLoadDLL(regs*)
 .text          0x00000000c0014ba9       0x12 sys/pause.32
                0x00000000c0014ba9                SysPause(regs*)
 .text          0x00000000c0014bbb       0x49 sys/pthread.32
                0x00000000c0014bbb                SysPthreadCreate(regs*)
                0x00000000c0014bd3                SysPthreadGetTID(regs*)
                0x00000000c0014bdd                SysInternalPthreadGetContext(regs*)
                0x00000000c0014be2                SysInternalPthreadGetStartLocation(regs*)
                0x00000000c0014be7                SysPthreadJoin(regs*)
                0x00000000c0014bec                SysPthreadExit(regs*)
 .text          0x00000000c0014c04       0x68 sys/read.32
                0x00000000c0014c04                SysRead(regs*)
 .text          0x00000000c0014c6c       0x29 sys/registersignal.32
                0x00000000c0014c6c                SysRegisterSignal(regs*)
 .text          0x00000000c0014c95      0x1cc sys/registry.32
                0x00000000c0014c95                SysRegistryGetTypeFromPath(regs*)
                0x00000000c0014cd9                SysRegistryReadExtent(regs*)
                0x00000000c0014d21                SysRegistryPathToExtentLookup(regs*)
                0x00000000c0014d38                SysRegistryEnterDirectory(regs*)
                0x00000000c0014d4f                SysRegistryGetNext(regs*)
                0x00000000c0014d66                SysRegistryGetNameAndTypeFromExtent(regs*)
                0x00000000c0014da0                SysRegistryOpen(regs*)
                0x00000000c0014db4                SysRegistryClose(regs*)
                0x00000000c0014dcb                SysRegistryEasyReadString(regs*)
                0x00000000c0014e17                SysRegistryEasyReadInteger(regs*)
 .text          0x00000000c0014e61       0x55 sys/sbrk.32
                0x00000000c0014e61                SysSbrk(regs*)
 .text          0x00000000c0014eb6       0x1c sys/setcwd.32
                0x00000000c0014eb6                SysSetCwd(regs*)
 .text          0x00000000c0014ed2       0xd7 sys/settime.32
                0x00000000c0014ed2                SysSetTime(regs*)
 .text          0x00000000c0014fa9       0x73 sys/symlink.32
                0x00000000c0014fa9                SysSymlink(regs*)
 .text          0x00000000c001501c       0x3e sys/timezone.32
                0x00000000c001501c                SysTimezone(regs*)
 .text          0x00000000c001505a       0xfc sys/truncate.32
                0x00000000c001505a                SysTruncate(regs*)
 .text          0x00000000c0015156       0x68 sys/write.32
                0x00000000c0015156                SysWrite(regs*)
 .text          0x00000000c00151be       0x9d sys/wsbe.32
                0x00000000c00151be                SysWsbe(regs*)
 .text          0x00000000c001525b       0x28 sys/yield.32
                0x00000000c001525b                SysYield(regs*)
 *fill*         0x00000000c0015283        0x1 
 .text          0x00000000c0015284      0x1a7 thr/alarm.32
                0x00000000c0015284                KeAlarm(ThreadControlBlock*, unsigned long long)
                0x00000000c001537c                KeCheckAlarm(ThreadControlBlock*)
 .text          0x00000000c001542b     0x120b thr/elf.32
                0x00000000c001542b                Thr::allocateMemoryForTask(Process*, File*, unsigned long, unsigned long, unsigned long)
                0x00000000c00156bd                Thr::loadProgramIntoMemory(Process*, char const*)
                0x00000000c00158cf                Thr::runtimeReferenceHelper()
                0x00000000c00158e2                Thr::getAddressOfKernelSymbol(char const*)
                0x00000000c0015931                Thr::loadKernelSymbolTable(char const*)
                0x00000000c0015bef                Thr::loadDriverIntoMemory(char const*, unsigned long, bool)
                0x00000000c0016328                Thr::getDriverBaseFromAddress(unsigned long)
                0x00000000c001635a                Thr::getDriverNameFromAddress(unsigned long)
                0x00000000c0016391                Thr::getDriverOffsetFromAddress(unsigned long)
                0x00000000c00163ab                Thr::loadDLL(char const*, bool)
                0x00000000c00165fd                Thr::executeDLL(unsigned long, void*)
 .text          0x00000000c0016636       0x5a thr/exec.32
                0x00000000c0016636                KeProcessExec(Process*, char const*)
 .text          0x00000000c0016690     0x125d thr/prcssthr.32
                0x00000000c0016690                userModeEntryPoint(void*)
                0x00000000c00166bc                changeTSS
                0x00000000c00166ec                switchToThread(ThreadControlBlock*)
                0x00000000c00167ac                Process::addArgs(char**)
                0x00000000c0016818                Process::Process(char const*, Process*, char**)
                0x00000000c0016818                Process::Process(char const*, Process*, char**)
                0x00000000c0016a40                Process::Process(bool, char const*, Process*, char**)
                0x00000000c0016a40                Process::Process(bool, char const*, Process*, char**)
                0x00000000c0016c2c                taskStartupFunction
                0x00000000c0016c38                KeDisablePreemption()
                0x00000000c0016c60                KeRestorePreemption()
                0x00000000c0016c80                Process::createThread(void (*)(void*), void*, int)
                0x00000000c0016db8                Process::createUserThread()
                0x00000000c0016dd8                setupMultitasking(void (*)())
                0x00000000c0016f10                schedule()
                0x00000000c0016fa4                blockTaskWithSchedulerLockAlreadyHeld(TaskState)
                0x00000000c0016fd0                blockTask(TaskState)
                0x00000000c001700c                waitTask(int, int*, int)
                0x00000000c0017050                milliTenthSleepUntil(unsigned long long)
                0x00000000c0017104                milliTenthSleep(unsigned long long)
                0x00000000c001711c                sleep(unsigned long long)
                0x00000000c001713c                sleep(unsigned int)
                0x00000000c0017154                milliTenthSleep(unsigned int)
                0x00000000c0017174                taskReturned
                0x00000000c00171bc                Thr::processFromPID(int)
                0x00000000c001726c                unblockTask(ThreadControlBlock*)
                0x00000000c0017320                cleanupTerminatedTask(ThreadControlBlock*)
                0x00000000c00175f8                cleanerTaskFunction(void*)
                0x00000000c0017710                terminateTask(int)
                0x00000000c0017820                Thr::terminateFromIRQ(int)
 .text          0x00000000c00178ed      0xd10 vm86/vm8086.32
                0x00000000c00178ed                Vm::inbv(unsigned short)
                0x00000000c0017900                Vm::outbv(unsigned short, unsigned char)
                0x00000000c0017936                Vm::realToLinear(unsigned short, unsigned short)
                0x00000000c0017946                Vm::getSegment(unsigned int)
                0x00000000c001794e                Vm::getOffset(unsigned int)
                0x00000000c0017953                Vm::mainloop2()
                0x00000000c001798d                Vm::mainVm8086Loop(void*)
                0x00000000c00179a0                Vm::mainloop3(unsigned long)
                0x00000000c00179c6                Vm::initialise8086()
                0x00000000c0017a09                Vm::resetConventionalMemory8086()
                0x00000000c0017a0a                Vm::finish8086()
                0x00000000c0017a6c                Vm::getOutput8086(unsigned char*)
                0x00000000c0017a91                Vm::start8086FromBuffer(unsigned char*, int, unsigned short, unsigned short, unsigned short, unsigned short)
                0x00000000c0017bbe                Vm::start8086(char const*, unsigned short, unsigned short, unsigned short, unsigned short)
                0x00000000c0017dcc                Vm::doISR(regs*, int, unsigned char*, unsigned short, unsigned short)
                0x00000000c0017e65                Vm::readByteFromReal(unsigned short, unsigned short)
                0x00000000c0017e76                Vm::readWordFromReal(unsigned short, unsigned short)
                0x00000000c0017e88                Vm::readDwordFromReal(unsigned short, unsigned short)
                0x00000000c0017e99                Vm::writeByteFromReal(unsigned short, unsigned short, unsigned char)
                0x00000000c0017eae                Vm::writeWordFromReal(unsigned short, unsigned short, unsigned short)
                0x00000000c0017ec4                Vm::writeDwordFromReal(unsigned short, unsigned short, unsigned int)
                0x00000000c0017ed9                Vm::faultHandler(regs*)
 *fill*         0x00000000c00185fd        0x1 
 .text          0x00000000c00185fe     0x1ee7 arch/i386/hal.32
                0x00000000c00185fe                noCopro(unsigned long)
                0x00000000c0018600                CPU::close(int, int, void*)
                0x00000000c0018603                x86ReadCMOS(unsigned char)
                0x00000000c0018657                x86WriteCMOS(unsigned char, unsigned char)
                0x00000000c00186b7                AMD_K6_write_msr(unsigned int, unsigned int, unsigned int, REGS*)
                0x00000000c00186d6                AMD_K6_read_msr(unsigned int, REGS*)
                0x00000000c00186f3                AMD_K6_writeback(int, int, int)
                0x00000000c00187b3                cpuid(int, unsigned long*, unsigned long*, unsigned long*, unsigned long*)
                0x00000000c0018851                cpuidCheckEDX(unsigned int)
                0x00000000c001887e                cpuidCheckECX(unsigned int)
                0x00000000c00188ac                cpuidCheckExtendedEBX(unsigned int)
                0x00000000c00188da                cpuidCheckExtendedECX(unsigned int)
                0x00000000c0018908                HalDetectFeatures()
                0x00000000c00196d3                HalEnableNMI()
                0x00000000c00196e6                HalDisableNMI()
                0x00000000c00196f9                HalGetNMIState()
                0x00000000c00196ff                x86rdmsr(unsigned int)
                0x00000000c001973d                x86wrmsr(unsigned int, unsigned long long)
                0x00000000c0019782                HalHandleGeneralProtectionFault(void*, void*)
                0x00000000c0019798                HalFindRSDP()
                0x00000000c001982d                HalHandlePageFault(void*, void*)
                0x00000000c00198da                HalHandleOpcodeFault(void*, void*)
                0x00000000c001991c                HalDisplayDebugInfo(void*)
                0x00000000c0019caa                HalReceivedNMI()
                0x00000000c0019d45                HalSystemIdle()
                0x00000000c0019da4                i386SaveCoprocessor(void*)
                0x00000000c0019db8                i386LoadCoprocessor(void*)
                0x00000000c0019dcc                x87EmulHandler(regs*, void*)
                0x00000000c0019e69                HalInitialiseCoprocessor()
                0x00000000c0019eed                HalPanic(char const*)
                0x00000000c001a001                HalQueryPerformanceCounter()
                0x00000000c001a011                HalInitialise()
                0x00000000c001a1a3                HalMakeBeep(int)
                0x00000000c001a1dd                HalGetRand()
                0x00000000c001a1e0                HalEndOfInterrupt(int)
                0x00000000c001a20b                HalRestart()
                0x00000000c001a20c                HalShutdown()
                0x00000000c001a20d                HalSleep()
                0x00000000c001a20e                CPU::CPU()
                0x00000000c001a20e                CPU::CPU()
                0x00000000c001a292                CPU::setupSMEP()
                0x00000000c001a29e                CPU::setupUMIP()
                0x00000000c001a2a8                CPU::setupTSC()
                0x00000000c001a2b2                CPU::setupLargePages()
                0x00000000c001a2bc                CPU::setupPAT()
                0x00000000c001a2ee                CPU::setupMTRR()
                0x00000000c001a2f0                CPU::setupGlobalPages()
                0x00000000c001a2fa                CPU::allowUsermodeDataAccess()
                0x00000000c001a308                CPU::prohibitUsermodeDataAccess()
                0x00000000c001a316                CPU::setupSMAP()
                0x00000000c001a324                CPU::setupFeatures()
                0x00000000c001a3f0                CPU::open(int, int, void*)
 .text          0x00000000c001a4e5      0x261 arch/i386/intctrl.32
                0x00000000c001a4e5                convertLegacyIRQNumber(int)
                0x00000000c001a521                HalInstallISRHandler(int, void (*)(regs*, void*), void*)
                0x00000000c001a56b                HalInstallIRQHandler(int, void (*)(regs*, void*), bool, void*)
                0x00000000c001a699                HalUninstallISRHandler(int, void (*)(regs*, void*))
                0x00000000c001a6cd                HalUninstallIRQHandler(int, void (*)(regs*, void*), bool)
 *fill*         0x00000000c001a746        0x2 
 .text          0x00000000c001a748      0x2dc arch/i386/pic.32
                0x00000000c001a748                picIoWait()
                0x00000000c001a750                picDisable()
                0x00000000c001a784                picGetIRQReg(int)
                0x00000000c001a800                picOpen()
                0x00000000c001a984                picEOI(int)
 .text          0x00000000c001aa24      0x5f3 arch/i386/rtc.32
                0x00000000c001aa24                RTC::open(int, int, void*)
                0x00000000c001aa28                RTC::close(int, int, void*)
                0x00000000c001aa2c                RTC::timeInSecondsUTC()
                0x00000000c001aa3e                RTC::timeInDatetimeUTC()
                0x00000000c001aa64                RTC::setTimeInSecondsUTC(unsigned long long)
                0x00000000c001aaa2                RTC::~RTC()
                0x00000000c001aaa2                RTC::~RTC()
                0x00000000c001aac6                RTC::~RTC()
                0x00000000c001aaf0                RTC::get_update_in_progress_flag()
                0x00000000c001ab04                RTC::completeRTCRefresh()
                0x00000000c001adb8                RTC::setTimeInDatetimeUTC(datetime_t)
                0x00000000c001af2e                rtcIRQHandler(regs*, void*)
                0x00000000c001af6e                RTC::RTC()
                0x00000000c001af6e                RTC::RTC()
 *fill*         0x00000000c001b017        0x1 
 .text          0x00000000c001b018      0x1f4 arch/i386/vga.32
                0x00000000c001b018                HalConsoleScroll(int, int)
                0x00000000c001b120                HalConsoleWriteCharacter(char, int, int, int, int)
                0x00000000c001b184                HalConsoleCursorUpdate(int, int)
 .text          0x00000000c001b20c     0x14cf fs/fat/vfslink.32
                0x00000000c001b20c                FAT::getName()
                0x00000000c001b214                FAT::tell(void*, unsigned long long*)
                0x00000000c001b250                FAT::stat(void*, unsigned long long*)
                0x00000000c001b28c                FAT::~FAT()
                0x00000000c001b28c                FAT::~FAT()
                0x00000000c001b2b0                FAT::~FAT()
                0x00000000c001b2d8                FAT::getlabel(LogicalDisk*, int, char*, unsigned int*)
                0x00000000c001b37c                FAT::setlabel(LogicalDisk*, int, char*)
                0x00000000c001b440                FAT::format(LogicalDisk*, int, char const*, int)
                0x00000000c001b624                FAT::tryMount(LogicalDisk*, int)
                0x00000000c001b840                FAT::allocateSwapfile(char const*, int)
                0x00000000c001ba00                FAT::readDir(void*, unsigned long, void*, int*)
                0x00000000c001bb70                FAT::read(void*, unsigned long, void*, int*)
                0x00000000c001bbd0                FAT::write(void*, unsigned long, void*, int*)
                0x00000000c001bc30                FAT::close(void*)
                0x00000000c001bc84                FAT::closeDir(void*)
                0x00000000c001bcd8                FAT::truncate(void*, unsigned long long)
                0x00000000c001bd44                FAT::seek(void*, unsigned long long)
                0x00000000c001bd9c                fatWrapperReadDisk
                0x00000000c001bddc                fatWrapperWriteDisk
                0x00000000c001be1c                fatWrapperIoctl
                0x00000000c001bf38                FAT::FAT()
                0x00000000c001bf38                FAT::FAT()
                0x00000000c001bf90                FAT::fixFilepath(char*)
                0x00000000c001bfd0                FAT::open(char const*, void**, FileOpenMode)
                0x00000000c001c144                FAT::openDir(char const*, void**)
                0x00000000c001c1f4                FAT::stat(char const*, unsigned long long*, bool*)
                0x00000000c001c2ec                FAT::unlink(char const*)
                0x00000000c001c36c                FAT::chfatattr(char const*, unsigned char, unsigned char)
                0x00000000c001c520                FAT::rename(char const*, char const*)
                0x00000000c001c5ec                FAT::mkdir(char const*)
                0x00000000c001c66c                FAT::exists(char const*)
 *fill*         0x00000000c001c6db        0x1 
 .text          0x00000000c001c6dc       0x94 fs/iso9660/helper.32
                0x00000000c001c6dc                isoReadDiscSectorHelper
                0x00000000c001c738                iso_kprintf
                0x00000000c001c754                iso_kprintfd
 .text          0x00000000c001c770      0x71c fs/iso9660/vfslink.32
                0x00000000c001c770                ISO9660::format(LogicalDisk*, int, char const*, int)
                0x00000000c001c776                ISO9660::truncate(void*, unsigned long long)
                0x00000000c001c77c                ISO9660::getName()
                0x00000000c001c782                ISO9660::closeDir(void*)
                0x00000000c001c78c                ISO9660::chfatattr(char const*, unsigned char, unsigned char)
                0x00000000c001c792                ISO9660::unlink(char const*)
                0x00000000c001c798                ISO9660::write(void*, unsigned long, void*, int*)
                0x00000000c001c79e                ISO9660::rename(char const*, char const*)
                0x00000000c001c7a4                ISO9660::mkdir(char const*)
                0x00000000c001c7aa                ISO9660::~ISO9660()
                0x00000000c001c7aa                ISO9660::~ISO9660()
                0x00000000c001c7ce                ISO9660::~ISO9660()
                0x00000000c001c7f6                ISO9660::exists(char const*)
                0x00000000c001c80a                ISO9660::open(char const*, void**, FileOpenMode)
                0x00000000c001c8f0                ISO9660::read(void*, unsigned long, void*, int*)
                0x00000000c001c938                ISO9660::seek(void*, unsigned long long)
                0x00000000c001c97a                ISO9660::tell(void*, unsigned long long*)
                0x00000000c001c9b8                ISO9660::stat(void*, unsigned long long*)
                0x00000000c001ca0a                ISO9660::stat(char const*, unsigned long long*, bool*)
                0x00000000c001cb4c                ISO9660::close(void*)
                0x00000000c001cb7c                ISO9660::openDir(char const*, void**)
                0x00000000c001cc56                ISO9660::readDir(void*, unsigned long, void*, int*)
                0x00000000c001cd73                readSectorFromCDROM(unsigned int, unsigned char*, char)
                0x00000000c001cdf2                ISO9660::tryMount(LogicalDisk*, int)
                0x00000000c001ce64                ISO9660::ISO9660()
                0x00000000c001ce64                ISO9660::ISO9660()
 .text          0x00000000c001ce8c      0x26c hal/sound/sndcard.32
                0x00000000c001ce8c                SoundCard::beginPlayback()
                0x00000000c001ce9a                SoundCard::stopPlayback()
                0x00000000c001cea8                SoundCard::SoundCard(char const*)
                0x00000000c001cea8                SoundCard::SoundCard(char const*)
                0x00000000c001cf46                SoundCard::~SoundCard()
                0x00000000c001cf46                SoundCard::~SoundCard()
                0x00000000c001cf6a                SoundCard::~SoundCard()
                0x00000000c001cf94                SoundCard::configureRates(int, int, int)
                0x00000000c001cfc4                SoundCard::getSamples16(int, short*)
                0x00000000c001d020                SoundCard::getSamples32(int, int*)
                0x00000000c001d0a6                SoundCard::addChannel(SoundPort*)
                0x00000000c001d0e4                SoundCard::removeChannel(int)
 .text          0x00000000c001d0f8      0x426 hal/sound/sndport.32
                0x00000000c001d0f8                SoundPort::SoundPort(int, int, int, int)
                0x00000000c001d0f8                SoundPort::SoundPort(int, int, int, int)
                0x00000000c001d184                SoundPort::~SoundPort()
                0x00000000c001d184                SoundPort::~SoundPort()
                0x00000000c001d1b8                SoundPort::unpause()
                0x00000000c001d1c4                SoundPort::pause()
                0x00000000c001d1d0                SoundPort::getBufferUsed()
                0x00000000c001d1d8                SoundPort::getBufferSize()
                0x00000000c001d1e0                SoundPort::buffer8(signed char*, int)
                0x00000000c001d274                SoundPort::buffer16(short*, int)
                0x00000000c001d308                SoundPort::buffer32(int*, int)
                0x00000000c001d394                SoundPort::unbufferAndAdd16(int, short*, SoundCard*)
                0x00000000c001d460                SoundPort::unbufferAndAdd32(int, int*, SoundCard*)
 .text          0x00000000c001d51e        0x0 hw/bus/isa.32
 .text          0x00000000c001d51e      0xc23 hw/bus/pci.32
                0x00000000c001d51e                PCI::open(int, int, void*)
                0x00000000c001d53c                PCI::close(int, int, void*)
                0x00000000c001d540                PCI::PCI()
                0x00000000c001d540                PCI::PCI()
                0x00000000c001d5d8                PCI::readBAR8(unsigned int, int)
                0x00000000c001d5f4                PCI::readBAR16(unsigned int, int)
                0x00000000c001d612                PCI::readBAR32(unsigned int, int)
                0x00000000c001d62e                PCI::writeBAR8(unsigned int, unsigned char, int)
                0x00000000c001d64e                PCI::writeBAR16(unsigned int, unsigned short, int)
                0x00000000c001d670                PCI::writeBAR32(unsigned int, unsigned int, int)
                0x00000000c001d690                PCI::legacyMechanism(unsigned char, unsigned char, unsigned char, unsigned char)
                0x00000000c001d706                PCI::pciReadWord(unsigned char, unsigned char, unsigned char, unsigned char)
                0x00000000c001d7b0                PCI::getVendorID(unsigned char, unsigned char, unsigned char)
                0x00000000c001d7d4                PCI::getHeaderType(unsigned char, unsigned char, unsigned char)
                0x00000000c001d7fc                PCI::getClassCode(unsigned char, unsigned char, unsigned char)
                0x00000000c001d846                PCI::getProgIF(unsigned char, unsigned char, unsigned char)
                0x00000000c001d86e                PCI::getRevisionID(unsigned char, unsigned char, unsigned char)
                0x00000000c001d892                PCI::getInterruptNumber(unsigned char, unsigned char, unsigned char)
                0x00000000c001d8b6                PCI::getSecondaryBus(unsigned char, unsigned char, unsigned char)
                0x00000000c001d8de                PCI::getBARAddress(unsigned char, unsigned char, unsigned char, unsigned char)
                0x00000000c001d942                PCI::pciWriteWord(unsigned char, unsigned char, unsigned char, unsigned char, unsigned short)
                0x00000000c001da2a                PCI::pciDetailsToFilepath(PCIDeviceInfo, char*)
                0x00000000c001dcf0                PCI::checkBus(unsigned char)
                0x00000000c001dd14                PCI::foundDevice(PCIDeviceInfo)
                0x00000000c001defa                PCI::getDeviceData(unsigned char, unsigned char, unsigned char)
                0x00000000c001e076                PCI::checkDevice(unsigned char, unsigned char)
                0x00000000c001e0e8                PCI::detect()
 *fill*         0x00000000c001e141        0x1 
 .text          0x00000000c001e142      0xe58 hw/diskctrl/ide.32
                0x00000000c001e142                IDE::close(int, int, void*)
                0x00000000c001e146                IDE::IDE()
                0x00000000c001e146                IDE::IDE()
                0x00000000c001e17a                IDE::prepareInterrupt(unsigned char)
                0x00000000c001e18c                selectDrive(unsigned char, unsigned char)
                0x00000000c001e18e                IDE::getBase(unsigned char)
                0x00000000c001e1a0                IDE::write(unsigned char, unsigned char, unsigned char)
                0x00000000c001e260                IDE::read(unsigned char, unsigned char)
                0x00000000c001e30e                IDE::waitInterrupt(unsigned char)
                0x00000000c001e371                ideChannel0IRQHandler(regs*, void*)
                0x00000000c001e38d                ideChannel1IRQHandler(regs*, void*)
                0x00000000c001e3aa                IDE::enableIRQs(unsigned char, bool)
                0x00000000c001e3f4                IDE::open(int, int, void*)
                0x00000000c001e94e                IDE::readBuffer(unsigned char, unsigned char, unsigned int, unsigned int)
                0x00000000c001ea1e                IDE::detect()
                0x00000000c001ee8c                IDE::printError(unsigned char, unsigned char, unsigned char)
                0x00000000c001ef46                IDE::polling(unsigned char, unsigned int)
 .text          0x00000000c001ef9a      0x33d hw/diskctrl/satabus.32
                0x00000000c001ef9a                SATABus::close(int, int, void*)
                0x00000000c001ef9e                SATABus::detect()
                0x00000000c001efa0                SATABus::SATABus()
                0x00000000c001efa0                SATABus::SATABus()
                0x00000000c001f026                SATABus::findCmdslot(SATABus::tagHBA_PORT volatile*)
                0x00000000c001f058                SATABus::checkType(SATABus::tagHBA_PORT volatile*)
                0x00000000c001f0a0                SATABus::startCmd(SATABus::tagHBA_PORT volatile*)
                0x00000000c001f0c0                SATABus::stopCmd(SATABus::tagHBA_PORT volatile*)
                0x00000000c001f0ea                SATABus::portRebase(SATABus::tagHBA_PORT volatile*, int)
                0x00000000c001f1fa                SATABus::probePort(SATABus::tagHBA_MEM volatile*)
                0x00000000c001f2a4                SATABus::open(int, int, void*)
 *fill*         0x00000000c001f2d7        0x1 
 .text          0x00000000c001f2d8      0x7a9 hw/diskphys/ata.32
                0x00000000c001f2d8                ATA::close(int, int, void*)
                0x00000000c001f2fc                ATA::powerSaving(PowerSavingLevel)
                0x00000000c001f2fe                ATA::ATA()
                0x00000000c001f2fe                ATA::ATA()
                0x00000000c001f32c                ATA::flush(bool)
                0x00000000c001f37a                ATA::readyForCommand()
                0x00000000c001f3c6                ATA::access(unsigned long long, int, void*, bool)
                0x00000000c001f7b6                ATA::read(unsigned long long, int, void*)
                0x00000000c001f802                ATA::write(unsigned long long, int, void*)
                0x00000000c001f84e                ATA::detectCHS()
                0x00000000c001f878                ATA::open(int, int, void*)
                0x00000000c001fa63                combineCharAndColour(char, unsigned char)
                0x00000000c001fa74                combineColours(unsigned char, unsigned char)
 *fill*         0x00000000c001fa81        0x1 
 .text          0x00000000c001fa82      0x618 hw/diskphys/atapi.32
                0x00000000c001fa82                ATAPI::write(unsigned long long, int, void*)
                0x00000000c001fa88                ATAPI::close(int, int, void*)
                0x00000000c001faac                ATAPI::ATAPI()
                0x00000000c001faac                ATAPI::ATAPI()
                0x00000000c001fada                ATAPI::readyForCommand()
                0x00000000c001fb2c                ATAPI::sendPacket(unsigned char*, int, bool, unsigned short*, int)
                0x00000000c001fdf4                ATAPI::diskRemoved()
                0x00000000c001fe2e                ATAPI::eject()
                0x00000000c001fe76                ATAPI::diskInserted()
                0x00000000c001fe82                ATAPI::detectMedia()
                0x00000000c001ff40                ATAPI::open(int, int, void*)
                0x00000000c0020020                ATAPI::read(unsigned long long, int, void*)
 .text          0x00000000c002009a      0x44c hw/diskphys/sata.32
                0x00000000c002009a                SATA::close(int, int, void*)
                0x00000000c00200be                SATA::powerSaving(PowerSavingLevel)
                0x00000000c00200c0                SATA::open(int, int, void*)
                0x00000000c0020178                SATA::SATA()
                0x00000000c0020178                SATA::SATA()
                0x00000000c00201a6                SATA::access(unsigned long long, int, void*, bool)
                0x00000000c002042e                SATA::read(unsigned long long, int, void*)
                0x00000000c002047a                SATA::write(unsigned long long, int, void*)
 .text          0x00000000c00204e6      0x5d4 hw/diskphys/satapi.32
                0x00000000c00204e6                SATAPI::write(unsigned long long, int, void*)
                0x00000000c00204ec                SATAPI::close(int, int, void*)
                0x00000000c0020510                SATAPI::SATAPI()
                0x00000000c0020510                SATAPI::SATAPI()
                0x00000000c002053e                SATAPI::diskRemoved()
                0x00000000c0020540                SATAPI::diskInserted()
                0x00000000c002055c                SATAPI::sendPacket(unsigned char*, int, unsigned long long, unsigned short*, int)
                0x00000000c002083e                SATAPI::eject()
                0x00000000c002087a                SATAPI::detectMedia()