Archive member included to satisfy reference by file (symbol)

/cygdrive/d/Users/Alex/Desktop/Toolchain/Output/bin/../lib/gcc/i386-banana/8.1.0/libkgcc.a(_divdi3.o)
                              fs/fat/ff.32 (__divdi3)
/cygdrive/d/Users/Alex/Desktop/Toolchain/Output/bin/../lib/gcc/i386-banana/8.1.0/libkgcc.a(_moddi3.o)
                              compat/resolve.32 (__moddi3)
/cygdrive/d/Users/Alex/Desktop/Toolchain/Output/bin/../lib/gcc/i386-banana/8.1.0/libkgcc.a(_udivdi3.o)
                              fs/fat/ff.32 (__udivdi3)
/cygdrive/d/Users/Alex/Desktop/Toolchain/Output/bin/../lib/gcc/i386-banana/8.1.0/libkgcc.a(_umoddi3.o)
                              compat/resolve.32 (__umoddi3)
D:/Users/Alex/Desktop/Banana/kernel/libsoftfp.a(sfieeelib.o)
                              hal/sound/sndhw.32 (__addsf3)
D:/Users/Alex/Desktop/Banana/kernel/libsoftfp.a(dfieeelib.o)
                              hal/libresample/src_linear.32 (__adddf3)
D:/Users/Alex/Desktop/Banana/kernel/libsoftfp.a(sfdfcvt.o)
                              hal/libresample/samplerate.32 (__truncdfsf2)
D:/Users/Alex/Desktop/Banana/kernel/libk/libm32.a(s_fabs.c.o)
                              hal/libresample/samplerate.32 (fabs)
D:/Users/Alex/Desktop/Banana/kernel/libk/libm32.a(s_lrint.S.o)
                              hal/libresample/samplerate.32 (lrint)
D:/Users/Alex/Desktop/Banana/kernel/libk/libm32.a(s_lrintf.S.o)
                              hal/sound/sndhw.32 (lrintf)

Discarded input sections

 .comment       0x0000000000000000       0x12 /cygdrive/d/Users/Alex/Desktop/Toolchain/Output/bin/../lib/gcc/i386-banana/8.1.0/crtbegin.o
 .comment       0x0000000000000000       0x12 acpica/utclib.32
 .comment       0x0000000000000000       0x12 core/malloc.32
 .comment       0x0000000000000000       0x12 libk/string.32
 .comment       0x0000000000000000       0x12 fs/fat/diskio.32
 .comment       0x0000000000000000       0x12 fs/fat/ff.32
 .comment       0x0000000000000000       0x12 fs/fat/ffsystem.32
 .comment       0x0000000000000000       0x12 fs/fat/ffunicode.32
 .comment       0x0000000000000000       0x12 hal/libresample/samplerate.32
 .comment       0x0000000000000000       0x12 hal/libresample/src_linear.32
 .comment       0x0000000000000000       0x12 hal/libresample/src_sinc.32
 .comment       0x0000000000000000       0x12 hal/libresample/src_zoh.32
 .comment       0x0000000000000000       0x12 compat/inlines.32
 .comment       0x0000000000000000       0x12 compat/resolve.32
 .group         0x0000000000000000       0x14 core/computer.32
 .group         0x0000000000000000        0xc core/computer.32
 .comment       0x0000000000000000       0x12 core/computer.32
 .comment       0x0000000000000000       0x12 core/gdt.32
 .group         0x0000000000000000        0xc core/idle.32
 .comment       0x0000000000000000       0x12 core/idle.32
 .comment       0x0000000000000000       0x12 core/idt.32
 .comment       0x0000000000000000       0x12 core/kheap.32
 .comment       0x0000000000000000       0x12 core/main.32
 .comment       0x0000000000000000       0x12 core/physmgr.32
 .group         0x0000000000000000        0xc core/pipe.32
 .comment       0x0000000000000000       0x12 core/pipe.32
 .group         0x0000000000000000        0xc core/terminal.32
 .comment       0x0000000000000000       0x12 core/terminal.32
 .comment       0x0000000000000000       0x12 core/tss.32
 .group         0x0000000000000000        0x8 core/unixfile.32
 .group         0x0000000000000000        0xc core/unixfile.32
 .group         0x0000000000000000        0xc core/unixfile.32
 .group         0x0000000000000000        0x8 core/unixfile.32
 .group         0x0000000000000000        0xc core/unixfile.32
 .group         0x0000000000000000        0x8 core/unixfile.32
 .group         0x0000000000000000        0xc core/unixfile.32
 .group         0x0000000000000000        0xc core/unixfile.32
 .comment       0x0000000000000000       0x12 core/unixfile.32
 .comment       0x0000000000000000       0x12 core/virtmgr.32
 .comment       0x0000000000000000       0x12 coreobjs/c++.32
 .comment       0x0000000000000000       0x12 dbg/kconsole.32
 .group         0x0000000000000000        0xc fs/vfs.32
 .group         0x0000000000000000        0xc fs/vfs.32
 .group         0x0000000000000000        0xc fs/vfs.32
 .comment       0x0000000000000000       0x12 fs/vfs.32
 .group         0x0000000000000000        0xc hal/bus.32
 .comment       0x0000000000000000       0x12 hal/bus.32
 .group         0x0000000000000000        0xc hal/buzzer.32
 .comment       0x0000000000000000       0x12 hal/buzzer.32
 .group         0x0000000000000000        0xc hal/clock.32
 .comment       0x0000000000000000       0x12 hal/clock.32
 .group         0x0000000000000000       0x14 hal/device.32
 .group         0x0000000000000000        0xc hal/device.32
 .group         0x0000000000000000        0xc hal/device.32
 .group         0x0000000000000000        0xc hal/device.32
[...]
Memory Configuration

Name             Origin             Length             Attributes
*default*        0x0000000000000000 0xffffffffffffffff

Linker script and memory map

LOAD D:/Users/Alex/Desktop/Banana/kernel/boot.32
LOAD crti.32
LOAD /cygdrive/d/Users/Alex/Desktop/Toolchain/Output/bin/../lib/gcc/i386-banana/8.1.0/crtbegin.o
LOAD D:/Users/Alex/Desktop/Banana/kernel/morenasm.32
LOAD acpica/utclib.32
LOAD core/malloc.32
LOAD libk/string.32
LOAD fs/fat/diskio.32
LOAD fs/fat/ff.32
LOAD fs/fat/ffsystem.32
LOAD fs/fat/ffunicode.32
LOAD hal/libresample/samplerate.32
LOAD hal/libresample/src_linear.32
LOAD hal/libresample/src_sinc.32
LOAD hal/libresample/src_zoh.32
LOAD compat/inlines.32
LOAD compat/resolve.32
LOAD core/computer.32
LOAD core/gdt.32
LOAD core/idle.32
LOAD core/idt.32
LOAD core/kheap.32
LOAD core/main.32
LOAD core/physmgr.32
LOAD core/pipe.32
LOAD core/terminal.32
LOAD core/tss.32
LOAD core/unixfile.32
LOAD core/virtmgr.32
LOAD coreobjs/c++.32
LOAD dbg/kconsole.32
LOAD fs/vfs.32
LOAD hal/bus.32
LOAD hal/buzzer.32
LOAD hal/clock.32
LOAD hal/device.32
LOAD hal/diskctrl.32
LOAD hal/diskphys.32
LOAD hal/fpu.32
LOAD hal/intctrl.32
LOAD hal/keybrd.32
LOAD hal/logidisk.32
LOAD hal/mouse.32
LOAD hal/partition.32
LOAD hal/serial.32
LOAD hal/timer.32
LOAD hal/vcache.32
LOAD hal/video.32
LOAD hw/acpi.32
LOAD hw/cpu.32
LOAD hw/ports.32
LOAD hw/smp.32
LOAD krnl/env.32
LOAD krnl/panic.32
LOAD net/ethernet.32
LOAD reg/registry.32
LOAD sys/sc_eject.32
LOAD sys/sc_exit.32
LOAD sys/sc_getcwd.32
LOAD sys/sc_getpid.32
LOAD sys/sc_getramdata.32
LOAD sys/sc_loaddll.32
LOAD sys/sc_read.32
LOAD sys/sc_sbrk.32
LOAD sys/sc_setcwd.32
LOAD sys/sc_settime.32
LOAD sys/sc_timezone.32
LOAD sys/sc_write.32
LOAD sys/sc_wsbe.32
LOAD sys/sc_yield.32
LOAD sys/syscalls.32
LOAD thr/elf.32
LOAD thr/prcssthr.32
LOAD vm86/vm8086.32
LOAD vm86/x87em.32
LOAD fs/fat/vfslink.32
LOAD fs/iso9660/vfslink.32
LOAD hal/sound/sndchannel.32
LOAD hal/sound/sndhw.32
LOAD hw/bus/isa.32
LOAD hw/bus/pci.32
LOAD hw/diskctrl/ide.32
LOAD hw/diskctrl/satabus.32
LOAD hw/diskphys/ata.32
LOAD hw/diskphys/atapi.32
LOAD hw/diskphys/sata.32
LOAD hw/diskphys/satapi.32
LOAD hw/fpu/avx.32
LOAD hw/fpu/mmx.32
LOAD hw/fpu/sse.32
LOAD hw/fpu/x87.32
LOAD hw/intctrl/apic.32
LOAD hw/intctrl/pic.32
LOAD hw/timer/apictimer.32
LOAD hw/timer/pit.32
LOAD hw/fpu/x86/avx.32
LOAD hw/fpu/x86/sse.32
LOAD hw/fpu/x86/x87.32
LOAD /cygdrive/d/Users/Alex/Desktop/Toolchain/Output/bin/../lib/gcc/i386-banana/8.1.0/crtend.o
LOAD crtn.32
LOAD /cygdrive/d/Users/Alex/Desktop/Toolchain/Output/bin/../lib/gcc/i386-banana/8.1.0/libkgcc.a
LOAD D:/Users/Alex/Desktop/Banana/kernel/libsoftfp.a
LOAD D:/Users/Alex/Desktop/Banana/kernel/libk/libm32.a
                0x00000000c0000000                . = 0xc0000000

.text           0x00000000c0000000    0x28748
 *(.text)
 .text          0x00000000c0000000       0x41 D:/Users/Alex/Desktop/Banana/kernel/boot.32
                0x00000000c0000020                callGlobalConstructors
 .text          0x00000000c0000041        0x0 crti.32
 *fill*         0x00000000c0000041        0x3 
 .text          0x00000000c0000044      0x101 /cygdrive/d/Users/Alex/Desktop/Toolchain/Output/bin/../lib/gcc/i386-banana/8.1.0/crtbegin.o
 *fill*         0x00000000c0000145        0xb 
 .text          0x00000000c0000150      0x4ed D:/Users/Alex/Desktop/Banana/kernel/morenasm.32
                0x00000000c0000150                manualPCIProbe
                0x00000000c000019b                prepareTramp
                0x00000000c00001b4                voodooXADD
                0x00000000c000027f                doTPAUSE
                0x00000000c0000289                hasLegacyFPU
                0x00000000c00002ae                is486
                0x00000000c00002e4                detectCPUID
                0x00000000c00002fa                goToVM86
                0x00000000c000032a                goToUsermode
                0x00000000c0000354                switchToThreadASMFirstTime
                0x00000000c0000362                switchToThreadASM
                0x00000000c00003ea                asmQuickAcquireLock
                0x00000000c0000408                asmQuickReleaseLock
                0x00000000c0000414                asmAcquireLock
                0x00000000c0000435                asmReleaseLock
                0x00000000c0000448                loadGDT
                0x00000000c0000468                isr0
                0x00000000c0000478                isr1
                0x00000000c0000482                isr2
                0x00000000c000048c                isr3
                0x00000000c0000496                isr4
                0x00000000c00004a0                isr5
                0x00000000c00004aa                isr6
                0x00000000c00004b4                isr7
                0x00000000c00004be                isr8
                0x00000000c00004c6                isr9
                0x00000000c00004d0                isr10
                0x00000000c00004d8                isr11
                0x00000000c00004e0                isr12
                0x00000000c00004e8                isr13
                0x00000000c00004f0                isr14
                0x00000000c00004f8                isr15
                0x00000000c0000502                isr16
                0x00000000c000050c                isr17
                0x00000000c0000516                isr18
                0x00000000c0000520                irq3
                0x00000000c000052a                irq4
                0x00000000c0000534                irq5
                0x00000000c000053e                irq6
                0x00000000c0000548                irq7
                0x00000000c0000552                irq8
                0x00000000c000055c                irq9
                0x00000000c0000566                irq10
                0x00000000c0000570                irq11
                0x00000000c000057a                irq12
                0x00000000c0000584                irq13
                0x00000000c000058e                irq14
                0x00000000c0000598                irq15
                0x00000000c00005a2                irq1
                0x00000000c00005a9                irq2
                0x00000000c00005b0                isr96
                0x00000000c00005b7                irq0
                0x00000000c00005bc                int_common_stub
                0x00000000c00005bc                syscall_common_stub
                0x00000000c00005ed                irq16
                0x00000000c00005f7                irq17
                0x00000000c0000601                irq18
                0x00000000c000060b                irq19
                0x00000000c0000615                irq20
                0x00000000c000061f                irq21
                0x00000000c0000629                irq22
                0x00000000c0000633                irq23
 *fill*         0x00000000c000063d        0x3 
 .text          0x00000000c0000640      0x611 acpica/utclib.32
                0x00000000c0000640                memcmp
                0x00000000c000067c                memmove
                0x00000000c0000744                memcpy
                0x00000000c0000778                memset
                0x00000000c0000794                strlen
                0x00000000c00007ac                strpbrk
                0x00000000c00007e8                strtok
                0x00000000c0000834                strcpy
                0x00000000c0000858                strncpy
                0x00000000c00008c0                strcmp
                0x00000000c0000900                strchr
                0x00000000c0000924                strncmp
                0x00000000c0000974                strcat
                0x00000000c00009a4                strncat
                0x00000000c00009e0                strstr
                0x00000000c0000a28                toupper
                0x00000000c0000a3c                tolower
                0x00000000c0000a50                simple_strtoul
 .text          0x00000000c0000c51      0xfbf core/malloc.32
                0x00000000c0000dbc                dlfree
                0x00000000c0001117                dlmalloc
                0x00000000c0001654                dlrealloc
                0x00000000c0001809                dlmemalign
                0x00000000c000192c                dlcalloc
                0x00000000c00019c6                dlcfree
                0x00000000c00019cb                dlindependent_calloc
                0x00000000c00019f0                dlindependent_comalloc
                0x00000000c0001a07                dlvalloc
                0x00000000c0001a32                dlpvalloc
                0x00000000c0001a68                dlmalloc_trim
                0x00000000c0001a75                dlmalloc_usable_size
                0x00000000c0001aa6                dlmallinfo
                0x00000000c0001b75                dlmalloc_stats
                0x00000000c0001b86                dlmallopt
 .text          0x00000000c0001c10        0x0 libk/string.32
 .text          0x00000000c0001c10       0x51 fs/fat/diskio.32
                0x00000000c0001c10                disk_status
                0x00000000c0001c13                disk_initialize
                0x00000000c0001c16                disk_read
                0x00000000c0001c2c                disk_write
                0x00000000c0001c42                disk_ioctl
 .text          0x00000000c0001c61     0x6833 fs/fat/ff.32
                0x00000000c0004f2f                f_mount
                0x00000000c0004f91                f_open
                0x00000000c00053cd                f_read
                0x00000000c000564d                f_write
                0x00000000c0005907                f_sync
                0x00000000c0005ae3                f_close
                0x00000000c0005b12                f_lseek
                0x00000000c0005fc9                f_opendir
                0x00000000c00060cb                f_closedir
                0x00000000c00060ed                f_readdir
                0x00000000c0006188                f_stat
                0x00000000c0006217                f_getfree
                0x00000000c00063e2                f_truncate
                0x00000000c00064da                f_unlink
                0x00000000c000665d                f_mkdir
                0x00000000c0006889                f_rename
                0x00000000c0006b7c                f_chmod
                0x00000000c0006c5a                f_utime
                0x00000000c0006d38                f_getlabel
                0x00000000c0006f26                f_setlabel
                0x00000000c0007193                f_forward
                0x00000000c0007371                f_mkfs
 .text          0x00000000c0008494       0x2d fs/fat/ffsystem.32
                0x00000000c0008494                ff_memalloc
                0x00000000c00084aa                ff_memfree
 .text          0x00000000c00084c1      0x253 fs/fat/ffunicode.32
                0x00000000c00084c1                ff_uni2oem
                0x00000000c0008551                ff_oem2uni
                0x00000000c00085bd                ff_wtoupper
 .text          0x00000000c0008714      0x8fb hal/libresample/samplerate.32
                0x00000000c0008758                src_delete
                0x00000000c0008794                src_process
                0x00000000c000894a                src_callback_read
                0x00000000c0008ac7                src_set_ratio
                0x00000000c0008b31                src_get_channels
                0x00000000c0008b53                src_reset
                0x00000000c0008b9f                src_new
                0x00000000c0008c2d                src_callback_new
                0x00000000c0008c8f                src_get_name
                0x00000000c0008cc6                src_get_description
                0x00000000c0008cfd                src_get_version
                0x00000000c0008d03                src_is_valid_ratio
                0x00000000c0008d57                src_error
                0x00000000c0008d65                src_strerror
                0x00000000c0008d78                src_simple
                0x00000000c0008dcb                src_short_to_float_array
                0x00000000c0008e30                src_float_to_short_array
                0x00000000c0008eef                src_int_to_float_array
                0x00000000c0008f52                src_float_to_int_array
 .text          0x00000000c000900f      0x8cb hal/libresample/src_linear.32
                0x00000000c0009835                linear_get_name
                0x00000000c0009844                linear_get_description
                0x00000000c0009853                linear_set_converter
 .text          0x00000000c00098da     0x447c hal/libresample/src_sinc.32
                0x00000000c000dc6d                sinc_get_name
                0x00000000c000dc80                sinc_get_description
                0x00000000c000dc93                sinc_set_converter
 .text          0x00000000c000dd56      0x77c hal/libresample/src_zoh.32
                0x00000000c000e42d                zoh_get_name
                0x00000000c000e43c                zoh_get_description
                0x00000000c000e44b                zoh_set_converter
 .text          0x00000000c000e4d2       0x23 compat/inlines.32
                0x00000000c000e4d2                CPU::current()
                0x00000000c000e4df                operator new(unsigned long)
 .text          0x00000000c000e4f5      0x111 compat/resolve.32
                0x00000000c000e4f5                Krnl::resolveCompatibilitySymbol(char*)
 .text          0x00000000c000e606      0xa17 core/computer.32
                0x00000000c000e606                Computer::close(int, int, void*)
                0x00000000c000e64a                Krnl::firstTask()
                0x00000000c000e73a                Computer::Computer()
                0x00000000c000e73a                Computer::Computer()
                0x00000000c000e896                Computer::setBootMessage(char const*)
                0x00000000c000e898                Computer::detectFeatures()
                0x00000000c000eaa2                Computer::displayFeatures()
                0x00000000c000ede8                Computer::rdmsr(unsigned int)
                0x00000000c000ee14                Computer::wrmsr(unsigned int, unsigned long long)
                0x00000000c000ee4c                Computer::nmiEnabled()
                0x00000000c000ee58                Computer::readCMOS(unsigned char)
                0x00000000c000ee72                Computer::enableNMI(bool)
                0x00000000c000ee8a                Computer::open(int, int, void*)
                0x00000000c000ef60                Computer::disableNMI()
                0x00000000c000ef6e                Computer::writeCMOS(unsigned char, unsigned char)
                0x00000000c000ef8c                Computer::handleNMI()
                0x00000000c000eff2                Computer::setDiskActivityLight(int, bool)
 *fill*         0x00000000c000f01d        0x1 
 .text          0x00000000c000f01e      0x1b7 core/gdt.32
                0x00000000c000f01e                GDTEntry::setBase(unsigned int)
                0x00000000c000f03a                GDTEntry::setLimit(unsigned int)
                0x00000000c000f058                GDT::GDT()
                0x00000000c000f058                GDT::GDT()
                0x00000000c000f06e                GDT::addEntry(GDTEntry)
                0x00000000c000f0aa                GDT::getNumberOfEntries()
                0x00000000c000f0b2                GDT::flush()
                0x00000000c000f0d4                GDT::setup()
 .text          0x00000000c000f1d5       0x62 core/idle.32
                0x00000000c000f1d5                idleFunction(void*)
 *fill*         0x00000000c000f237        0x1 
 .text          0x00000000c000f238      0x45f core/idt.32
                0x00000000c000f238                IDTEntry::IDTEntry(bool)
                0x00000000c000f238                IDTEntry::IDTEntry(bool)
                0x00000000c000f2a6                IDTEntry::setOffset(unsigned int)
                0x00000000c000f2ba                IDT::IDT()
                0x00000000c000f2ba                IDT::IDT()
                0x00000000c000f2bc                IDT::getPointerToInvalidOpcodeEntryForF00F()
                0x00000000c000f2c4                IDT::addEntry(IDTEntry, int)
                0x00000000c000f2de                IDT::addEntry(int, void (*)(), bool)
                0x00000000c000f316                IDT::flush()
                0x00000000c000f330                IDT::setup()
 .text          0x00000000c000f697      0x203 core/kheap.32
                0x00000000c000f697                sbrk
                0x00000000c000f7a5                mmap
                0x00000000c000f7bb                munmap
                0x00000000c000f7d1                liballoc_lock()
                0x00000000c000f7e2                liballoc_unlock()
                0x00000000c000f7f3                liballoc_alloc(int)
                0x00000000c000f80e                liballoc_free(void*, int)
                0x00000000c000f82c                realloc
                0x00000000c000f840                malloc
                0x00000000c000f850                free
                0x00000000c000f860                rfree
                0x00000000c000f870                calloc
 .text          0x00000000c000f89a      0x485 core/main.32
                0x00000000c000f89a                hwTextMode_loadInData(VgaText*)
                0x00000000c000f8e5                hwTextMode_loadInTitle(VgaText*, char*)
                0x00000000c000f963                hwTextMode_showCursor(VgaText*, bool)
                0x00000000c000f9c1                hwTextMode_update(VgaText*)
                0x00000000c000f9c2                hwTextMode_updateCursor(VgaText*)
                0x00000000c000fa13                hwTextMode_disableBlink(VgaText*, bool)
                0x00000000c000fa59                hwTextMode_scrollScreen(VgaText*)
                0x00000000c000fb06                hwTextMode_writeCharacter(VgaText*, char, VgaColour, VgaColour, int, int)
                0x00000000c000fb88                setupTextMode()
                0x00000000c000fbf8                kernel_main
 .text          0x00000000c000fd1f      0x60c core/physmgr.32
                0x00000000c000fd1f                Phys::allocateDMA(unsigned long)
                0x00000000c000fdc2                Phys::freeDMA(unsigned long, unsigned long)
                0x00000000c000fe0a                Phys::setPageState(unsigned long, bool)
                0x00000000c000fe3c                Phys::getPageState(unsigned long)
                0x00000000c000fe58                Phys::freePage(unsigned long)
                0x00000000c000ff01                Phys::allocatePage()
                0x00000000c0010069                Phys::allocateContiguousPages(int)
                0x00000000c00100c3                Phys::allowSegmentToBeUsed(unsigned long, unsigned long)
                0x00000000c00100fb                Phys::physicalMemorySetup(unsigned int)
 *fill*         0x00000000c001032b        0x1 
 .text          0x00000000c001032c      0x273 core/pipe.32
                0x00000000c001032c                Pipe::isAtty()
                0x00000000c0010330                Pipe::~Pipe()
                0x00000000c0010330                Pipe::~Pipe()
                0x00000000c0010354                Pipe::~Pipe()
                0x00000000c001037c                Pipe::read(unsigned long long, void*, int*)
                0x00000000c0010470                Pipe::write(unsigned long long, void*, int*)
                0x00000000c0010538                Pipe::Pipe(int)
                0x00000000c0010538                Pipe::Pipe(int)
 *fill*         0x00000000c001059f        0x1 
 .text          0x00000000c00105a0      0xf73 core/terminal.32
                0x00000000c00105a0                VgaText::isAtty()
                0x00000000c00105a4                VgaText::~VgaText()
                0x00000000c00105a4                VgaText::~VgaText()
                0x00000000c00105c8                VgaText::~VgaText()
                0x00000000c00105f2                VgaText::read(unsigned long long, void*, int*)
                0x00000000c0010612                setTerminalScrollLock(bool)
                0x00000000c0010613                addToTerminalCycle(VgaText*)
                0x00000000c0010640                installVgaTextImplementation()
                0x00000000c0010655                scrollTerminalScrollLock(int)
                0x00000000c0010656                VgaText::load()
                0x00000000c00106aa                VgaText::updateCursor()
                0x00000000c00106c4                VgaText::showCursor(bool)
                0x00000000c00106d4                VgaText::disableBlink(bool)
                0x00000000c001070e                VgaText::doANSI_SGR(int)
                0x00000000c001079a                VgaText::setDefaultBgColour(VgaColour)
                0x00000000c00107b0                VgaText::setDefaultFgColour(VgaColour)
                0x00000000c00107c6                VgaText::setDefaultColours(VgaColour, VgaColour)
                0x00000000c00107e6                VgaText::combineColours(unsigned char, unsigned char)
                0x00000000c00107f8                VgaText::scrollScreen()
                0x00000000c001088c                VgaText::combineCharAndColour(char, unsigned char)
                0x00000000c001089e                VgaText::writeCharacter(char, VgaColour, VgaColour, int, int)
                0x00000000c00108fe                VgaText::getCursorX()
                0x00000000c001090a                VgaText::getCursorY()
                0x00000000c0010916                VgaText::setCursor(int, int)
                0x00000000c0010934                VgaText::setCursorX(int)
                0x00000000c0010950                VgaText::setCursorY(int)
                0x00000000c001096c                VgaText::incrementCursor(bool)
                0x00000000c00109d4                VgaText::updateRAMUsageDisplay(int)
                0x00000000c0010a38                VgaText::updateDiskUsage()
                0x00000000c0010ba2                VgaText::updateTitle()
                0x00000000c0010be8                VgaText::setTitleTextColour(VgaColour)
                0x00000000c0010bf8                VgaText::setTitleColour(VgaColour)
                0x00000000c0010c08                VgaText::setTitle(char*)
                0x00000000c0010c2e                VgaText::decrementCursor(bool)
                0x00000000c0010c56                VgaText::putchar(char, VgaColour, VgaColour)
                0x00000000c0010d52                VgaText::isShowingCursor()
                0x00000000c0010d5e                VgaText::isBlinkDisabled()
                0x00000000c0010d6c                VgaText::setCursorHeight(int)
                0x00000000c0010d8a                VgaText::getCursorHeight()
                0x00000000c0010d95                setActiveTerminal(VgaText*)
                0x00000000c0010e47                doTerminalCycle()
                0x00000000c0010e64                VgaText::doUpdate()
                0x00000000c0010e76                VgaText::puts(char const*, VgaColour, VgaColour)
                0x00000000c0011036                VgaText::clearScreen()
                0x00000000c001109a                VgaText::putchar(char)
                0x00000000c00111b4                VgaText::puts(char const*)
                0x00000000c00111da                VgaText::putx(unsigned int)
                0x00000000c0011220                VgaText::VgaText(char const*)
                0x00000000c0011220                VgaText::VgaText(char const*)
                0x00000000c00113b2                VgaText::receiveKey(unsigned char)
                0x00000000c001149a                VgaText::write(unsigned long long, void*, int*)
                0x00000000c00114ee                newTerminal(char*)
 *fill*         0x00000000c0011513        0x1 
 .text          0x00000000c0011514      0x1b3 core/tss.32
                0x00000000c0011514                TSS::TSS()
                0x00000000c0011514                TSS::TSS()
                0x00000000c0011522                TSS::setESP(unsigned long)
                0x00000000c0011534                TSS::flush()
                0x00000000c0011554                TSS::setup(unsigned long, unsigned long)
 *fill*         0x00000000c00116c7        0x1 
 .text          0x00000000c00116c8      0x4c2 core/unixfile.32
                0x00000000c00116c8                ReservedFilename::read(unsigned long long, void*, int*)
                0x00000000c001171e                ReservedFilename::isAtty()
                0x00000000c001173a                ReservedFilename::write(unsigned long long, void*, int*)
                0x00000000c0011798                UnixFile::getFileDescriptor()
                0x00000000c00117a0                UnixFile::UnixFile(int)
                0x00000000c00117a0                UnixFile::UnixFile(int)
                0x00000000c0011950                ReservedFilename::ReservedFilename(int)
                0x00000000c0011950                ReservedFilename::ReservedFilename(int)
                0x00000000c0011982                UnixFile::~UnixFile()
                0x00000000c0011982                UnixFile::~UnixFile()
                0x00000000c0011a1a                UnixFile::~UnixFile()
                0x00000000c0011a42                ReservedFilename::~ReservedFilename()
                0x00000000c0011a42                ReservedFilename::~ReservedFilename()
                0x00000000c0011a66                ReservedFilename::~ReservedFilename()
                0x00000000c0011a8d                getFromFileDescriptor(int)
 .text          0x00000000c0011b8a     0x134c core/virtmgr.32
                0x00000000c0011b8a                Virt::setPageState(unsigned long, Virt::VirtPageState)
                0x00000000c0011bbf                Virt::getPageState(unsigned long)
                0x00000000c0011be3                Virt::allocateKernelVirtualPages(int)
                0x00000000c0011cf4                Virt::freeSwapfilePage(unsigned long)
                0x00000000c0011d12                Virt::swapIDToSector(unsigned long)
                0x00000000c0011d24                Virt::allocateSwapfilePage()
                0x00000000c0011da2                Virt::virtualMemorySetup()
                0x00000000c0011e21                Virt::swappingSetup()
                0x00000000c0011e7e                Virt::getAKernelVAS()
                0x00000000c0011e84                Virt::setupPageSwapping(int)
                0x00000000c0011fb4                VAS::VAS()
                0x00000000c0011fb4                VAS::VAS()
                0x00000000c0011fe4                VAS::VAS(VAS*)
                0x00000000c0011fe4                VAS::VAS(VAS*)
                0x00000000c0012008                VAS::getForeignPageTableEntry(bool, unsigned long)
                0x00000000c0012034                VAS::getPageTableEntry(unsigned long)
                0x00000000c0012053                Virt::freeKernelVirtualPages(unsigned long)
                0x00000000c0012176                VAS::freeAllocatedPages(unsigned long)
                0x00000000c001219a                VAS::virtualToPhysical(unsigned long)
                0x00000000c00121b2                VAS::reflagRange(unsigned long, int, int, int)
                0x00000000c00121f2                VAS::setToWriteCombining(unsigned long, int)
                0x00000000c0012224                VAS::mapOtherVASIn(bool, VAS*)
                0x00000000c001224e                VAS::~VAS()
                0x00000000c001224e                VAS::~VAS()
                0x00000000c00123ba                VAS::mapPage(unsigned long, unsigned long, int)
                0x00000000c00124ba                VAS::allocatePages(int, int)
                0x00000000c0012692                VAS::setCPUSpecific(unsigned long)
                0x00000000c00126ae                VAS::mapRange(unsigned long, unsigned long, int, int)
                0x00000000c0012774                VAS::mapForeignPage(bool, VAS*, unsigned long, unsigned long, int)
                0x00000000c0012862                VAS::VAS(bool)
                0x00000000c0012862                VAS::VAS(bool)
                0x00000000c0012abe                VAS::evict(unsigned long)
                0x00000000c0012ba0                VAS::scanForEviction(int, int)
                0x00000000c0012ca8                VAS::tryLoadBackOffDisk(unsigned long)
                0x00000000c0012e1a                mapVASFirstTime
 .text          0x00000000c0012ed6       0x95 coreobjs/c++.32
                0x00000000c0012ed6                __cxa_atexit
                0x00000000c0012ed9                __cxa_finalize
                0x00000000c0012eda                __stack_chk_fail
                0x00000000c0012f46                __cxa_pure_virtual
                0x00000000c0012f57                operator new[](unsigned long)
                0x00000000c0012f5c                operator delete(void*, unsigned long)
                0x00000000c0012f61                operator delete[](void*)
                0x00000000c0012f66                operator delete[](void*, unsigned long)
 .text          0x00000000c0012f6b      0x1ef dbg/kconsole.32
                0x00000000c0012f6b                Dbg::stringifyxWithBase(unsigned int, char*, int)
                0x00000000c0012fcc                Dbg::logc(char)
                0x00000000c0012fe3                Dbg::logs(char*)
                0x00000000c0013000                Dbg::logWriteInt(unsigned int)
                0x00000000c001301d                Dbg::logWriteIntBase(unsigned int, int)
                0x00000000c001303c                Dbg::kprintf(char const*, ...)
 .text          0x00000000c001315a      0xb7c fs/vfs.32
                0x00000000c001315a                File::read(unsigned long long, void*, int*)
                0x00000000c00131b2                File::write(unsigned long long, void*, int*)
                0x00000000c001320a                Directory::read(unsigned long long, void*, int*)
                0x00000000c0013262                Directory::write(unsigned long long, void*, int*)
                0x00000000c0013290                File::isAtty()
                0x00000000c0013294                Directory::isAtty()
                0x00000000c0013298                Filesystem::getlabel(LogicalDisk*, int, char*, unsigned int*)
                0x00000000c001329e                Filesystem::setlabel(LogicalDisk*, int, char*)
                0x00000000c00132a4                File::~File()
                0x00000000c00132a4                File::~File()
                0x00000000c00132c8                File::~File()
                0x00000000c00132f2                Directory::~Directory()
                0x00000000c00132f2                Directory::~Directory()
                0x00000000c0013316                Directory::~Directory()
                0x00000000c0013340                Filesystem::Filesystem()
                0x00000000c0013340                Filesystem::Filesystem()
                0x00000000c0013364                Filesystem::~Filesystem()
                0x00000000c0013364                Filesystem::~Filesystem()
                0x00000000c0013372                Filesystem::~Filesystem()
                0x00000000c0013396                Fs::getcwd(Process*, char*, int)
                0x00000000c00133c0                Fs::initVFS()
                0x00000000c00133ea                Fs::standardiseFiles(char*, char const*, char const*)
                0x00000000c0013594                File::File(char const*, Process*)
                0x00000000c0013594                File::File(char const*, Process*)
                0x00000000c00135f8                File::open(FileOpenMode)
                0x00000000c0013656                File::close()
                0x00000000c00136b6                File::seek(unsigned long long)
                0x00000000c001370c                File::tell(unsigned long long*)
                0x00000000c001375c                File::rewind()
                0x00000000c0013770                File::unlink()
                0x00000000c00137bc                File::rename(char const*)
                0x00000000c001380a                File::chfatattr(unsigned char, unsigned char)
                0x00000000c0013866                File::exists()
                0x00000000c00138a4                File::stat(unsigned long long*, bool*)
                0x00000000c0013905                Fs::setcwd(Process*, char*)
                0x00000000c0013a40                Directory::Directory(char const*, Process*)
                0x00000000c0013a40                Directory::Directory(char const*, Process*)
                0x00000000c0013aa4                Directory::open()
                0x00000000c0013b00                Directory::close()
                0x00000000c0013b60                Directory::unlink()
                0x00000000c0013bac                Directory::rename(char const*)
                0x00000000c0013bfa                Directory::exists()
                0x00000000c0013c38                Directory::read(dirent*)
                0x00000000c0013c84                Directory::create()
                0x00000000c0013cd0                Filesystem::chfatattr(char const*, unsigned char, unsigned char)
 .text          0x00000000c0013cd6       0x84 hal/bus.32
                0x00000000c0013cd6                Bus::Bus(char const*)
                0x00000000c0013cd6                Bus::Bus(char const*)
                0x00000000c0013d0c                Bus::~Bus()
                0x00000000c0013d0c                Bus::~Bus()
                0x00000000c0013d30                Bus::~Bus()
 .text          0x00000000c0013d5a      0x14e hal/buzzer.32
                0x00000000c0013d5a                Buzzer::Buzzer(char const*)
                0x00000000c0013d5a                Buzzer::Buzzer(char const*)
                0x00000000c0013d9e                Buzzer::~Buzzer()
                0x00000000c0013d9e                Buzzer::~Buzzer()
                0x00000000c0013dc2                Buzzer::~Buzzer()
                0x00000000c0013dec                Buzzer::stop()
                0x00000000c0013dff                beepThread(void*)
                0x00000000c0013e3a                Buzzer::beep(int, int, bool)
 .text          0x00000000c0013ea8      0x467 hal/clock.32
                0x00000000c0013ea8                User::loadClockSettings(int)
                0x00000000c0013efa                Clock::Clock(char const*)
                0x00000000c0013efa                Clock::Clock(char const*)
                0x00000000c0013f30                Clock::~Clock()
                0x00000000c0013f30                Clock::~Clock()
                0x00000000c0013f54                Clock::~Clock()
                0x00000000c0013f7e                Clock::timeInSecondsLocal()
                0x00000000c0013fc6                Clock::setTimeInSecondsLocal(unsigned long long)
                0x00000000c001401f                datetimeToSeconds(datetime_t)
                0x00000000c0014146                Clock::setTimeInDatetimeLocal(datetime_t)
                0x00000000c00141a6                secondsToDatetime(unsigned long long)
                0x00000000c00142ea                Clock::timeInDatetimeLocal()
 *fill*         0x00000000c001430f        0x1 
 .text          0x00000000c0014310      0x4de hal/device.32
                0x00000000c0014310                Device::hibernate()
                0x00000000c0014312                Device::wake()
                0x00000000c0014314                Device::detect()
                0x00000000c0014316                Device::disableLegacy()
                0x00000000c0014318                Device::powerSaving(PowerSavingLevel)
                0x00000000c001431a                DriverlessDevice::close(int, int, void*)
                0x00000000c001431e                DriverlessDevice::detect()
                0x00000000c0014320                DriverlessDevice::open(int, int, void*)
                0x00000000c0014334                Device::~Device()
                0x00000000c0014334                Device::~Device()
                0x00000000c0014342                Device::~Device()
                0x00000000c001436a                Device::findAndLoadDriver()
                0x00000000c001436c                Device::preOpenPCI(PCIDeviceInfo)
                0x00000000c0014392                Device::preOpenACPI(void*, char*, char*)
                0x00000000c00143e6                Device::addIRQHandler(int, void (*)(regs*, void*), bool, void*)
                0x00000000c0014424                Device::removeIRQHandler(int, void (*)(regs*, void*), bool)
                0x00000000c0014462                Device::addChild(Device*)
                0x00000000c00144a6                Device::removeAllChildren()
                0x00000000c00144ec                Device::hibernateAll()
                0x00000000c001451c                Device::wakeAll()
                0x00000000c001454c                Device::detectAll()
                0x00000000c001457c                Device::disableLegacyAll()
                0x00000000c00145ac                Device::loadDriversForAll()
                0x00000000c00145d8                Device::closeAll()
                0x00000000c001460e                Device::powerSavingAll(PowerSavingLevel)
                0x00000000c0014644                Device::setName(char const*)
                0x00000000c0014652                Device::Device(char const*)
                0x00000000c0014652                Device::Device(char const*)
                0x00000000c001474e                Device::getName()
                0x00000000c0014758                DriverlessDevice::DriverlessDevice(char const*)
                0x00000000c0014758                DriverlessDevice::DriverlessDevice(char const*)
                0x00000000c0014780                Device::addToLinkedList(LinkedList<Device>&, DeviceType)
                0x00000000c00147c4                getDevicesOfType(DeviceType)
 .text          0x00000000c00147ee       0x84 hal/diskctrl.32
                0x00000000c00147ee                HardDiskController::HardDiskController(char const*)
                0x00000000c00147ee                HardDiskController::HardDiskController(char const*)
                0x00000000c0014824                HardDiskController::~HardDiskController()
                0x00000000c0014824                HardDiskController::~HardDiskController()
                0x00000000c0014848                HardDiskController::~HardDiskController()
 .text          0x00000000c0014872       0xf2 hal/diskphys.32
                0x00000000c0014872                PhysicalDisk::eject()
                0x00000000c0014886                PhysicalDisk::PhysicalDisk(char const*, int)
                0x00000000c0014886                PhysicalDisk::PhysicalDisk(char const*, int)
                0x00000000c00148ee                PhysicalDisk::startCache()
                0x00000000c0014916                PhysicalDisk::~PhysicalDisk()
                0x00000000c0014916                PhysicalDisk::~PhysicalDisk()
                0x00000000c001493a                PhysicalDisk::~PhysicalDisk()
 .text          0x00000000c0014964      0x13b hal/fpu.32
                0x00000000c0014964                FPU::FPU(char const*)
                0x00000000c0014964                FPU::FPU(char const*)
                0x00000000c001499a                FPU::~FPU()
                0x00000000c001499a                FPU::~FPU()
                0x00000000c00149be                FPU::~FPU()
                0x00000000c00149e8                setupFPU()
 *fill*         0x00000000c0014a9f        0x1 
 .text          0x00000000c0014aa0     0x13b7 hal/intctrl.32
                0x00000000c0014aa0                InterruptController::uninstallISRHandler(int, void (*)(regs*, void*))
                0x00000000c0014ad8                InterruptController::installISRHandler(int, void (*)(regs*, void*), void*)
                0x00000000c0014b2a                doubleFault(regs*, void*)
                0x00000000c0014b44                InterruptController::installIRQHandler(int, void (*)(regs*, void*), bool, void*)
                0x00000000c0014be0                InterruptController::clearAllHandlers(int, bool)
                0x00000000c0014c88                InterruptController::uninstallIRQHandler(int, void (*)(regs*, void*), bool)
                0x00000000c0014d0f                nmiHandler(regs*, void*)
                0x00000000c0014d1d                int_handler
                0x00000000c0014dbe                InterruptController::InterruptController(char const*)
                0x00000000c0014dbe                InterruptController::InterruptController(char const*)
                0x00000000c0014e64                InterruptController::~InterruptController()
                0x00000000c0014e64                InterruptController::~InterruptController()
                0x00000000c0014e88                InterruptController::~InterruptController()
                0x00000000c0014eb2                displayDebugInfo(regs*)
                0x00000000c0015341                x87EmulHandler(regs*, void*)
                0x00000000c0015370                gpFault(regs*, void*)
                0x00000000c00153a9                pgFault(regs*, void*)
                0x00000000c00153f5                otherISRHandler(regs*, void*)
                0x00000000c0015414                opcodeFault(regs*, void*)
                0x00000000c0015a1a                displayProgramFault(char const*)
                0x00000000c0015a42                setupInterruptController()
                0x00000000c0015e0a                InterruptController::convertLegacyIRQNumber(int)
 *fill*         0x00000000c0015e57        0x1 
 .text          0x00000000c0015e58      0x6c8 hal/keybrd.32
                0x00000000c0015e58                startGUI(void*)
                0x00000000c0015eb4                startGUIVESA(void*)
                0x00000000c0015f10                sendKeyToTerminal(unsigned char)
                0x00000000c0015f7c                sendKeyboardToken(KeyboardToken)
                0x00000000c00163b9                clearInternalKeybuffer(VgaText*)
                0x00000000c00163ee                readKeyboard(VgaText*, char*, unsigned long)
                0x00000000c0016496                Keyboard::Keyboard(char const*)
                0x00000000c0016496                Keyboard::Keyboard(char const*)
                0x00000000c00164d2                Keyboard::~Keyboard()
                0x00000000c00164d2                Keyboard::~Keyboard()
                0x00000000c00164f6                Keyboard::~Keyboard()
 .text          0x00000000c0016520      0x414 hal/logidisk.32
                0x00000000c0016520                LogicalDisk::close(int, int, void*)
                0x00000000c0016524                LogicalDisk::~LogicalDisk()
                0x00000000c0016524                LogicalDisk::~LogicalDisk()
                0x00000000c0016548                LogicalDisk::~LogicalDisk()
                0x00000000c0016572                LogicalDisk::open(int, int, void*)
                0x00000000c0016586                LogicalDisk::absoluteToRelative(unsigned long long)
                0x00000000c00165be                LogicalDisk::relativeToAbsolute(unsigned long long)
                0x00000000c0016604                LogicalDisk::LogicalDisk(char const*, PhysicalDisk*, unsigned long long, unsigned long long)
                0x00000000c0016604                LogicalDisk::LogicalDisk(char const*, PhysicalDisk*, unsigned long long, unsigned long long)
                0x00000000c00166ba                LogicalDisk::assignDriveLetter()
                0x00000000c0016770                LogicalDisk::mount()
                0x00000000c00167e2                LogicalDisk::unmount()
                0x00000000c00167f2                LogicalDisk::eject()
                0x00000000c0016806                LogicalDisk::unassignDriveLetter()
                0x00000000c001685c                LogicalDisk::read(unsigned long long, int, void*)
                0x00000000c00168c8                LogicalDisk::write(unsigned long long, int, void*)
 .text          0x00000000c0016934       0x84 hal/mouse.32
                0x00000000c0016934                Mouse::Mouse(char const*)
                0x00000000c0016934                Mouse::Mouse(char const*)
                0x00000000c001696a                Mouse::~Mouse()
                0x00000000c001696a                Mouse::~Mouse()
                0x00000000c001698e                Mouse::~Mouse()
 .text          0x00000000c00169b8      0x34d hal/partition.32
                0x00000000c00169b8                makePartition(PhysicalDisk*, unsigned long long, unsigned long long)
                0x00000000c0016a74                createPartitionsForDisk(PhysicalDisk*)
 *fill*         0x00000000c0016d05        0x1 
 .text          0x00000000c0016d06       0x84 hal/serial.32
                0x00000000c0016d06                Serial::Serial(char const*)
                0x00000000c0016d06                Serial::Serial(char const*)
                0x00000000c0016d3c                Serial::~Serial()
                0x00000000c0016d3c                Serial::~Serial()
                0x00000000c0016d60                Serial::~Serial()
 .text          0x00000000c0016d8a      0x2b8 hal/timer.32
                0x00000000c0016d8a                Timer::Timer(char const*)
                0x00000000c0016d8a                Timer::Timer(char const*)
                0x00000000c0016dc0                Timer::~Timer()
                0x00000000c0016dc0                Timer::~Timer()
                0x00000000c0016de4                Timer::~Timer()
                0x00000000c0016e0e                Timer::read()
                0x00000000c0016e19                timerHandler(unsigned long long)
                0x00000000c0016f50                setupTimer(int)
 .text          0x00000000c0017042      0x425 hal/vcache.32
                0x00000000c0017042                VCache::VCache(PhysicalDisk*)
                0x00000000c0017042                VCache::VCache(PhysicalDisk*)
                0x00000000c00171aa                VCache::invalidateReadBuffer()
                0x00000000c00171ba                VCache::writeWriteBuffer()
                0x00000000c00171f6                VCache::~VCache()
                0x00000000c00171f6                VCache::~VCache()
                0x00000000c001724a                VCache::~VCache()
                0x00000000c0017272                VCache::write(unsigned long long, int, void*)
                0x00000000c0017368                VCache::read(unsigned long long, int, void*)
 *fill*         0x00000000c0017467        0x1 
 .text          0x00000000c0017468      0x4cd hal/video.32
                0x00000000c0017468                Video::putrect(int, int, int, int, unsigned int)
                0x00000000c00174b4                Video::bitblit(int, int, int, int, int, int, int, unsigned int*)
                0x00000000c0017524                Video::blit(unsigned int*, int, int, int, int)
                0x00000000c00175a2                Video::clearScreen(unsigned int)
                0x00000000c00175d6                Video::putpixel(int, int, unsigned int)
                0x00000000c00175e4                Video::Video(char const*)
                0x00000000c00175e4                Video::Video(char const*)
                0x00000000c001761a                Video::~Video()
                0x00000000c001761a                Video::~Video()
                0x00000000c001763e                Video::~Video()
                0x00000000c0017668                Video::isMonochrome()
                0x00000000c0017674                Video::getWidth()
                0x00000000c0017680                Video::getHeight()
                0x00000000c001768c                Video::drawCursor(int, int, unsigned char*, int)
                0x00000000c0017748                Video::tgaParse(unsigned char*, int, int*, int*)
                0x00000000c00178ca                Video::putTGA(int, int, unsigned char*, int)
 *fill*         0x00000000c0017935        0x1 
 .text          0x00000000c0017936      0xf64 hw/acpi.32
                0x00000000c0017936                ACPI::close(int, int, void*)
                0x00000000c00179eb                findRSDP()
                0x00000000c0017a75                loadACPITables(unsigned char*)
                0x00000000c0017c9c                findRSDT(unsigned char*)
                0x00000000c0017dba                findDataTable(unsigned char*, char*)
                0x00000000c0017e56                scanMADT()
                0x00000000c00182dc                ACPI::ACPI()
                0x00000000c00182dc                ACPI::ACPI()
                0x00000000c0018346                ACPI::getPCIIRQAssignment(unsigned char, unsigned short, unsigned char)
                0x00000000c0018428                ACPI::registerPCIIRQAssignment(void*, unsigned short, unsigned char, unsigned char)
                0x00000000c00184ee                ACPI::setScreenBrightnessLevel(void*, int)
                0x00000000c00184f4                ACPI::writeSimpleBootFlag(SimpleBootFlagTable*)
                0x00000000c001853c                ACPI::open(int, int, void*)
                0x00000000c0018882                ACPI::sleep()
 .text          0x00000000c001889a     0x1715 hw/cpu.32
                0x00000000c001889a                CPU::close(int, int, void*)
                0x00000000c001889e                CPU::lookupAMDName(unsigned char, unsigned char)
                0x00000000c0018a32                CPU::lookupIntelName(unsigned char, unsigned char)
                0x00000000c0018ce0                CPU::AMD_K6_write_msr(unsigned int, unsigned int, unsigned int, CPU::REGS*)
                0x00000000c0018cfc                CPU::AMD_K6_read_msr(unsigned int, CPU::REGS*)
                0x00000000c0018d14                CPU::AMD_K6_writeback(int, int, int)
                0x00000000c0018d88                CPU::cpuid(int, unsigned long*, unsigned long*, unsigned long*, unsigned long*)
                0x00000000c0018e0c                CPU::cpuidCheckEDX(unsigned int)
                0x00000000c0018e3a                CPU::cpuidCheckECX(unsigned int)
                0x00000000c0018e68                CPU::cpuidCheckExtendedEBX(unsigned int)
                0x00000000c0018e96                CPU::cpuidCheckExtendedECX(unsigned int)
                0x00000000c0018ec4                CPU::CPU()
                0x00000000c0018ec4                CPU::CPU()
                0x00000000c0018f52                CPU::displayFeatures()
                0x00000000c00191ce                CPU::detectFeatures()
                0x00000000c0019bbe                CPU::setupSMEP()
                0x00000000c0019bca                CPU::setupUMIP()
                0x00000000c0019bd4                CPU::setupTSC()
                0x00000000c0019bde                CPU::setupLargePages()
                0x00000000c0019be8                CPU::setupPAT()
                0x00000000c0019c24                CPU::setupMTRR()
                0x00000000c0019c26                CPU::setupGlobalPages()
                0x00000000c0019c30                CPU::allowUsermodeDataAccess()
                0x00000000c0019c42                CPU::prohibitUsermodeDataAccess()
                0x00000000c0019c54                CPU::setupSMAP()
                0x00000000c0019c62                CPU::setupFeatures()
                0x00000000c0019ce2                CPU::open(int, int, void*)
                0x00000000c0019db4                CPU::decodeAddress(regs*, int*, bool*, unsigned char*)
 .text          0x00000000c0019faf        0x0 hw/ports.32
 .text          0x00000000c0019faf      0x16a hw/smp.32
                0x00000000c0019faf                Krnl::smpEntry()
                0x00000000c0019fb1                Krnl::startCPU(int)
                0x00000000c001a0fa                Krnl::startCPUs()
 *fill*         0x00000000c001a119        0x1 
 .text          0x00000000c001a11a      0x5d3 krnl/env.32
                0x00000000c001a11a                EnvVarContainer::getEnv(char const*)
                0x00000000c001a158                EnvVarContainer::setEnv(char const*, char const*)
                0x00000000c001a224                EnvVarContainer::deleteEnv(char const*)
                0x00000000c001a226                EnvVarContainer::loadFrom(char const*, char const*)
                0x00000000c001a41c                EnvVarContainer::__loadSystem()
                0x00000000c001a436                EnvVarContainer::__loadUser()
                0x00000000c001a438                EnvVarContainer::EnvVarContainer(Process*)
                0x00000000c001a438                EnvVarContainer::EnvVarContainer(Process*)
                0x00000000c001a45a                EnvVarContainer::~EnvVarContainer()
                0x00000000c001a45a                EnvVarContainer::~EnvVarContainer()
                0x00000000c001a48a                Krnl::getEnv(Process*, char const*)
                0x00000000c001a4ef                Krnl::setEnvSystem(char const*, char const*)
                0x00000000c001a509                Krnl::setEnvUser(char const*, char const*)
                0x00000000c001a528                Krnl::setEnvProcess(Process*, char const*, char const*)
                0x00000000c001a53b                Krnl::deleteEnvSystem(char const*)
                0x00000000c001a53c                Krnl::deleteEnvUser(char const*)
                0x00000000c001a53d                Krnl::deleteEnvProcess(Process*, char const*)
                0x00000000c001a53e                Krnl::newProcessEnv(Process*)
                0x00000000c001a560                Krnl::copyProcessEnv(Process*, Process*)
                0x00000000c001a5b4                Krnl::loadSystemEnv()
                0x00000000c001a5e2                Krnl::loadUserEnv()
                0x00000000c001a608                Krnl::flushEnv()
                0x00000000c001a609                Krnl::getProcessTotalEnvCount(Process*)
                0x00000000c001a629                Krnl::getProcessEnvPair(Process*, int)
 .text          0x00000000c001a6ed      0x396 krnl/panic.32
                0x00000000c001a6ed                Krnl::panic(char const*)
 .text          0x00000000c001aa83      0x3b6 net/ethernet.32
                0x00000000c001aa83                Net::switchEndian16(unsigned short)
                0x00000000c001aaa4                Net::switchEndian32(unsigned int)
                0x00000000c001aad3                Net::crc32Calc(unsigned char*, int)
                0x00000000c001ab64                Net::wrapEthernetFrame(Net::UnwrappedEthernetFrame, unsigned char*)
                0x00000000c001aca0                Net::unwrapEthernetFrame(unsigned char*, int)
 .text          0x00000000c001ae39      0x513 reg/registry.32
                0x00000000c001ae39                Reg::findLineFromLoadedData(char*, char*, char*)
                0x00000000c001af91                Reg::getLineFromRegistry(char*, char*, char*, char*)
                0x00000000c001b0e6                Reg::getLine(char*, char*, char*)
                0x00000000c001b11d                Reg::readInt(char*, char*, int*)
                0x00000000c001b208                Reg::readString(char*, char*, char*, int)
                0x00000000c001b289                Reg::readBool(char*, char*, bool*)
                0x00000000c001b2ae                Reg::readBoolWithDefault(char*, char*, bool)
                0x00000000c001b2da                Reg::readIntWithDefault(char*, char*, int)
                0x00000000c001b306                Reg::readStringWithDefault(char*, char*, char*, int, char*)
 .text          0x00000000c001b34c       0x36 sys/sc_eject.32
                0x00000000c001b34c                Sys::eject(regs*)
 .text          0x00000000c001b382       0x18 sys/sc_exit.32
                0x00000000c001b382                Sys::exit(regs*)
 .text          0x00000000c001b39a       0x1f sys/sc_getcwd.32
                0x00000000c001b39a                Sys::getCwd(regs*)
 .text          0x00000000c001b3b9        0xc sys/sc_getpid.32
                0x00000000c001b3b9                Sys::getPID(regs*)
 .text          0x00000000c001b3c5       0x17 sys/sc_getramdata.32
                0x00000000c001b3c5                Sys::getRAMData(regs*)
 .text          0x00000000c001b3dc       0xa8 sys/sc_loaddll.32
                0x00000000c001b3dc                Sys::loadDLL(regs*)
 .text          0x00000000c001b484       0x68 sys/sc_read.32
                0x00000000c001b484                Sys::read(regs*)
 .text          0x00000000c001b4ec       0x55 sys/sc_sbrk.32
                0x00000000c001b4ec                Sys::sbrk(regs*)
 .text          0x00000000c001b541       0x1c sys/sc_setcwd.32
                0x00000000c001b541                Sys::setCwd(regs*)
 .text          0x00000000c001b55d      0x128 sys/sc_settime.32
                0x00000000c001b55d                Sys::setTime(regs*)
 .text          0x00000000c001b685       0x4a sys/sc_timezone.32
                0x00000000c001b685                Sys::timezone(regs*)
 .text          0x00000000c001b6cf       0x68 sys/sc_write.32
                0x00000000c001b6cf                Sys::write(regs*)
 .text          0x00000000c001b737       0x62 sys/sc_wsbe.32
                0x00000000c001b737                Sys::wsbe(regs*)
 .text          0x00000000c001b799       0x3b sys/sc_yield.32
                0x00000000c001b799                Sys::yield(regs*)
 .text          0x00000000c001b7d4     0x10e5 sys/syscalls.32
                0x00000000c001b7d4                sysCallSeekDir(regs*)
                0x00000000c001b7d9                sysCallTellDir(regs*)
                0x00000000c001b7de                sysCallVerify(regs*)
                0x00000000c001b7e8                sysFormatDisk(regs*)
                0x00000000c001b852                sysSetDiskVolumeLabel(regs*)
                0x00000000c001b898                sysGetDiskVolumeLabel(regs*)
                0x00000000c001b8e9                sysShutdown(regs*)
                0x00000000c001b947                sysCallRealpath(regs*)
                0x00000000c001b98a                sysCallGetArgc(regs*)
                0x00000000c001b9b8                sysCallReadDir(regs*)
                0x00000000c001ba46                sysCallIsATTY(regs*)
                0x00000000c001baa0                sysCallSeek(regs*)
                0x00000000c001bb09                sysCallTell(regs*)
                0x00000000c001bb86                sysCallSize(regs*)
                0x00000000c001bc09                sysCallSizeFromFilename(regs*)
                0x00000000c001bcc9                sysCallClose(regs*)
                0x00000000c001bd51                sysCallOpenDir(regs*)
                0x00000000c001bdc6                sysCallCloseDir(regs*)
                0x00000000c001be2c                sysCallMakeDir(regs*)
                0x00000000c001be9c                sysCallWait(regs*)
                0x00000000c001beb6                sysCallNotImpl(regs*)
                0x00000000c001bed1                sysPanic(regs*)
                0x00000000c001bef7                sysCallRmdir(regs*)
                0x00000000c001bf5b                sysCallUnlink(regs*)
                0x00000000c001bfbf                sysCallGetArgv(regs*)
                0x00000000c001c00b                sysCallTTYName(regs*)
                0x00000000c001c08e                sysCallUSleep(regs*)
                0x00000000c001c0b5                sysCallSpawn(regs*)
                0x00000000c001c10d                sysCallGetEnv(regs*)
                0x00000000c001c245                sysAppSettings(regs*)
                0x00000000c001c364                sysSetFatAttrib(regs*)
                0x00000000c001c3d6                sysPipe(regs*)
                0x00000000c001c41b                sysGetUnixTime(regs*)
                0x00000000c001c42f                string_ends_with(char const*, char const*)
                0x00000000c001c477                sysCallOpen(regs*)
                0x00000000c001c68c                Sys::loadSyscalls()
                0x00000000c001c877                Sys::systemCall(regs*, void*)
 .text          0x00000000c001c8b9     0x11d4 thr/elf.32
                0x00000000c001c8b9                Thr::allocateMemoryForTask(Process*, File*, unsigned long, unsigned long, unsigned long)
                0x00000000c001cb4b                Thr::loadProgramIntoMemory(Process*, char const*)
                0x00000000c001cd61                Thr::runtimeReferenceHelper()
                0x00000000c001cd74                Thr::getAddressOfKernelSymbol(char const*)
                0x00000000c001cdc3                Thr::loadKernelSymbolTable(char const*)
                0x00000000c001d081                Thr::loadDriverIntoMemory(char const*, unsigned long, bool)
                0x00000000c001d79d                Thr::getDriverBaseFromAddress(unsigned long)
                0x00000000c001d7cf                Thr::getDriverNameFromAddress(unsigned long)
                0x00000000c001d806                Thr::getDriverOffsetFromAddress(unsigned long)
                0x00000000c001d820                Thr::loadDLL(char const*, bool)
                0x00000000c001da54                Thr::executeDLL(unsigned long, void*)
 *fill*         0x00000000c001da8d        0x1 
 .text          0x00000000c001da8e     0x1056 thr/prcssthr.32
                0x00000000c001da8e                changeTSS
                0x00000000c001dabe                Process::addArgs(char**)
                0x00000000c001db18                Process::Process(char const*, Process*, char**)
                0x00000000c001db18                Process::Process(char const*, Process*, char**)
                0x00000000c001dcfc                Process::Process(bool, char const*, Process*, char**)
                0x00000000c001dcfc                Process::Process(bool, char const*, Process*, char**)
                0x00000000c001deab                disableIRQs()
                0x00000000c001deb3                getIRQNestingLevel()
                0x00000000c001deb9                enableIRQs()
                0x00000000c001dec8                lockScheduler()
                0x00000000c001deca                unlockScheduler()
                0x00000000c001decc                userModeEntryPoint(void*)
                0x00000000c001deef                lockStuff()
                0x00000000c001defb                taskStartupFunction
                0x00000000c001df04                updateTimeUsed()
                0x00000000c001df69                switchToThread(ThreadControlBlock*)
                0x00000000c001dfba                Semaphore::Semaphore(int)
                0x00000000c001dfba                Semaphore::Semaphore(int)
                0x00000000c001dfe8                Mutex::Mutex()
                0x00000000c001dfe8                Mutex::Mutex()
                0x00000000c001dffa                Process::createThread(void (*)(void*), void*, int)
                0x00000000c001e0de                Process::createUserThread()
                0x00000000c001e0fa                setupMultitasking(void (*)())
                0x00000000c001e204                schedule()
                0x00000000c001e289                unlockStuff()
                0x00000000c001e2be                Semaphore::tryAcquire()
                0x00000000c001e2ec                Semaphore::assertLocked(char const*)
                0x00000000c001e31c                blockTaskWithSchedulerLockAlreadyHeld(TaskState)
                0x00000000c001e35e                blockTask(TaskState)
                0x00000000c001e37f                waitTask(int, int*, int)
                0x00000000c001e3c1                nanoSleepUntil(unsigned long long)
                0x00000000c001e418                nanoSleep(unsigned long long)
                0x00000000c001e42d                sleep(unsigned long long)
                0x00000000c001e44a                Semaphore::acquire()
                0x00000000c001e4b2                taskReturned
                0x00000000c001e4e0                unblockTask(ThreadControlBlock*)
                0x00000000c001e58f                cleanupTerminatedTask(ThreadControlBlock*)
                0x00000000c001e858                cleanerTaskFunction(void*)
                0x00000000c001e90b                terminateTask(int)
                0x00000000c001e9eb                Thr::terminateFromIRQ(int)
                0x00000000c001e9f8                Semaphore::release()
 .text          0x00000000c001eae4      0xc26 vm86/vm8086.32
                0x00000000c001eae4                Vm::inbv(unsigned short)
                0x00000000c001eaf7                Vm::outbv(unsigned short, unsigned char)
                0x00000000c001eb4a                Vm::realToLinear(unsigned short, unsigned short)
                0x00000000c001eb5a                Vm::getSegment(unsigned int)
                0x00000000c001eb62                Vm::getOffset(unsigned int)
                0x00000000c001eb67                Vm::mainloop2()
                0x00000000c001eba2                Vm::mainVm8086Loop(void*)
                0x00000000c001ebaf                Vm::mainloop3(unsigned long)
                0x00000000c001ebd9                Vm::initialise8086()
                0x00000000c001ec1c                Vm::finish8086()
                0x00000000c001ec61                Vm::getOutput8086(unsigned char*)
                0x00000000c001ec8b                Vm::start8086(char const*, unsigned short, unsigned short, unsigned short, unsigned short)
                0x00000000c001eddb                Vm::doISR(regs*, int, unsigned char*, unsigned short, unsigned short)
                0x00000000c001ee65                Vm::readByteFromReal(unsigned short, unsigned short)
                0x00000000c001ee76                Vm::readWordFromReal(unsigned short, unsigned short)
                0x00000000c001ee88                Vm::readDwordFromReal(unsigned short, unsigned short)
                0x00000000c001ee99                Vm::writeByteFromReal(unsigned short, unsigned short, unsigned char)
                0x00000000c001eeae                Vm::writeWordFromReal(unsigned short, unsigned short, unsigned short)
                0x00000000c001eec4                Vm::writeDwordFromReal(unsigned short, unsigned short, unsigned int)
                0x00000000c001eed9                Vm::faultHandler(regs*)
 .text          0x00000000c001f70a      0xefd vm86/x87em.32
                0x00000000c001f70a                Vm::fpuInternalTo32(unsigned long long)
                0x00000000c001f765                Vm::fpuInternalTo64(unsigned long long)
                0x00000000c001f76e                Vm::fpu32ToInternal(unsigned int)
                0x00000000c001f7b3                Vm::fpu64ToInternal(unsigned long long)
                0x00000000c001f7bc                Vm::fpuFloatToLong(unsigned long long)
                0x00000000c001f817                Vm::fpuULongToFloat(unsigned long long)
                0x00000000c001f84d                Vm::fpuLongToFloat(long long)
                0x00000000c001f8a3                Vm::fpuGet0()
                0x00000000c001f8a8                Vm::fpuGet1()
                0x00000000c001f8b0                Vm::fpuGetPi()
                0x00000000c001f8b8                Vm::fpuGetLog2E()
                0x00000000c001f8d0                Vm::fpuGetLogE2()
                0x00000000c001f8e8                Vm::fpuGetLog210()
                0x00000000c001f900                Vm::fpuGetLog102()
                0x00000000c001f918                Vm::fpuIsSecondLarger(unsigned long long, unsigned long long)
                0x00000000c001f92c                Vm::fpuAreEqual(unsigned long long, unsigned long long)
                0x00000000c001f942                Vm::fpuUnorderedCompare(unsigned long long, unsigned long long)
                0x00000000c001f995                Vm::fpuAdd(unsigned long long, unsigned long long)
                0x00000000c001f9a6                Vm::fpuAbs(unsigned long long)
                0x00000000c001f9af                Vm::fpuChs(unsigned long long)
                0x00000000c001f9bf                Vm::fpuSub(unsigned long long, unsigned long long)
                0x00000000c001f9ce                Vm::fpuMultiply(unsigned long long, unsigned long long)
                0x00000000c001f9ed                Vm::fpuDivide(unsigned long long, unsigned long long)
                0x00000000c001fa09                Vm::fpuSquare(unsigned long long)
                0x00000000c001fa1f                Vm::fpuGetReg(int)
                0x00000000c001fa62                Vm::fpuSetReg(int, unsigned long long)
                0x00000000c001faad                Vm::fpuPush(unsigned long long)
                0x00000000c001fb0a                Vm::fpuPop()
                0x00000000c001fb5c                Vm::x87Handler(regs*)
 *fill*         0x00000000c0020607        0x1 
 .text          0x00000000c0020608     0x10ed fs/fat/vfslink.32
                0x00000000c0020608                FAT::getName()
                0x00000000c002060e                FAT::tell(void*, unsigned long long*)
                0x00000000c0020642                FAT::stat(void*, unsigned long long*)
                0x00000000c0020676                FAT::~FAT()
                0x00000000c0020676                FAT::~FAT()
                0x00000000c002069a                FAT::~FAT()
                0x00000000c00206c2                FAT::getlabel(LogicalDisk*, int, char*, unsigned int*)
                0x00000000c0020760                FAT::setlabel(LogicalDisk*, int, char*)
                0x00000000c002081a                FAT::format(LogicalDisk*, int, char const*, int)
                0x00000000c00209fe                FAT::tryMount(LogicalDisk*, int)
                0x00000000c0020c04                FAT::readDir(void*, unsigned long, void*, int*)
                0x00000000c0020d0a                FAT::read(void*, unsigned long, void*, int*)
                0x00000000c0020d64                FAT::write(void*, unsigned long, void*, int*)
                0x00000000c0020dbe                FAT::close(void*)
                0x00000000c0020e0a                FAT::closeDir(void*)
                0x00000000c0020e56                FAT::seek(void*, unsigned long long)
                0x00000000c0020eaa                fatWrapperReadDisk
                0x00000000c0020ef1                fatWrapperWriteDisk
                0x00000000c0020f38                fatWrapperIoctl
                0x00000000c002103c                FAT::FAT()
                0x00000000c002103c                FAT::FAT()
                0x00000000c002108e                FAT::fixFilepath(char*)
                0x00000000c00210c6                FAT::open(char const*, void**, FileOpenMode)
                0x00000000c00211ee                FAT::openDir(char const*, void**)
                0x00000000c0021294                FAT::stat(char const*, unsigned long long*, bool*)
                0x00000000c002137e                FAT::unlink(char const*)
                0x00000000c00213f8                FAT::chfatattr(char const*, unsigned char, unsigned char)
                0x00000000c002154c                FAT::rename(char const*, char const*)
                0x00000000c0021610                FAT::mkdir(char const*)
                0x00000000c002168a                FAT::exists(char const*)
 *fill*         0x00000000c00216f5        0x1 
 .text          0x00000000c00216f6      0xbc1 fs/iso9660/vfslink.32
                0x00000000c00216f6                ISO9660::format(LogicalDisk*, int, char const*, int)
                0x00000000c00216fc                ISO9660::seek(void*, unsigned long long)
                0x00000000c002172c                ISO9660::tell(void*, unsigned long long*)
                0x00000000c0021750                ISO9660::getName()
                0x00000000c0021756                ISO9660::stat(void*, unsigned long long*)
                0x00000000c002177a                ISO9660::chfatattr(char const*, unsigned char, unsigned char)
                0x00000000c0021780                ISO9660::unlink(char const*)
                0x00000000c0021786                ISO9660::write(void*, unsigned long, void*, int*)
                0x00000000c002178c                ISO9660::rename(char const*, char const*)
                0x00000000c0021792                ISO9660::mkdir(char const*)
                0x00000000c0021798                ISO9660::close(void*)
                0x00000000c00217ba                ISO9660::closeDir(void*)
                0x00000000c00217dc                ISO9660::~ISO9660()
                0x00000000c00217dc                ISO9660::~ISO9660()
                0x00000000c0021800                ISO9660::~ISO9660()
                0x00000000c0021827                __memmem(unsigned char*, int, unsigned char*, int)
                0x00000000c0021869                readSectorFromCDROM(unsigned int, unsigned char*, char)
                0x00000000c00218d0                ISO9660::tryMount(LogicalDisk*, int)
                0x00000000c0021920                ISO9660::read(void*, unsigned long, void*, int*)
                0x00000000c0021b20                ISO9660::readDir(void*, unsigned long, void*, int*)
                0x00000000c0021dad                readRoot(unsigned int*, unsigned int*, char)
                0x00000000c0021e02                readRecursively(char*, unsigned int, unsigned int, unsigned int*, unsigned int*, char, int*)
                0x00000000c0021fd5                getFileData(char*, unsigned int*, unsigned int*, char, int*)
                0x00000000c0022064                ISO9660::open(char const*, void**, FileOpenMode)
                0x00000000c0022124                ISO9660::exists(char const*)
                0x00000000c0022148                ISO9660::stat(char const*, unsigned long long*, bool*)
                0x00000000c00221dc                ISO9660::openDir(char const*, void**)
                0x00000000c0022294                ISO9660::ISO9660()
                0x00000000c0022294                ISO9660::ISO9660()
 *fill*         0x00000000c00222b7        0x1 
 .text          0x00000000c00222b8      0x326 hal/sound/sndchannel.32
                0x00000000c00222b8                SoundChannel::~SoundChannel()
                0x00000000c00222b8                SoundChannel::~SoundChannel()
                0x00000000c00222d4                SoundChannel::setSpeed(float)
                0x00000000c00222e0                SoundChannel::getSpeed()
                0x00000000c00222e8                SoundChannel::setVolume(int)
                0x00000000c0022304                SoundChannel::getVolume()
                0x00000000c002230c                SoundChannel::pause()
                0x00000000c0022316                SoundChannel::SoundChannel(int, int, int, int)
                0x00000000c0022316                SoundChannel::SoundChannel(int, int, int, int)
                0x00000000c002246c                SoundChannel::play()
                0x00000000c0022476                SoundChannel::paused()
                0x00000000c002247e                SoundChannel::getSampleRate()
                0x00000000c0022486                SoundChannel::getBits()
                0x00000000c002248e                SoundChannel::getBufferUsed()
                0x00000000c0022496                SoundChannel::getBufferSize()
                0x00000000c002249e                SoundChannel::unbuffer(float*, int, int)
                0x00000000c002253e                SoundChannel::buffer8(unsigned char*, int)
 .text          0x00000000c00225de      0x3d5 hal/sound/sndhw.32
                0x00000000c00225de                SoundDevice::SoundDevice(char const*)
                0x00000000c00225de                SoundDevice::SoundDevice(char const*)
                0x00000000c002264a                SoundDevice::~SoundDevice()
                0x00000000c002264a                SoundDevice::~SoundDevice()
                0x00000000c00226c4                SoundDevice::~SoundDevice()
                0x00000000c00226ee                SoundDevice::getFreeChannelNum()
                0x00000000c0022708                SoundDevice::addChannel(SoundChannel*)
                0x00000000c0022778                SoundDevice::removeChannel(int)
                0x00000000c00227aa                SoundDevice::floatTo8(float*, unsigned char*, int)
                0x00000000c0022892                SoundDevice::getAudio(int, float*, float*)
 .text          0x00000000c00229b3        0x0 hw/bus/isa.32
 *fill*         0x00000000c00229b3        0x1 
 .text          0x00000000c00229b4      0x6c3 hw/bus/pci.32
                0x00000000c00229b4                PCI::open(int, int, void*)
                0x00000000c00229c8                PCI::close(int, int, void*)
                0x00000000c00229cc                PCI::PCI()
                0x00000000c00229cc                PCI::PCI()
                0x00000000c0022a4c                PCI::pciReadWord(unsigned char, unsigned char, unsigned char, unsigned char)
                0x00000000c0022a94                PCI::getVendorID(unsigned char, unsigned char, unsigned char)
                0x00000000c0022ab6                PCI::getHeaderType(unsigned char, unsigned char, unsigned char)
                0x00000000c0022ada                PCI::getClassCode(unsigned char, unsigned char, unsigned char)
                0x00000000c0022b1e                PCI::getProgIF(unsigned char, unsigned char, unsigned char)
                0x00000000c0022b42                PCI::getRevisionID(unsigned char, unsigned char, unsigned char)
                0x00000000c0022b64                PCI::getInterruptNumber(unsigned char, unsigned char, unsigned char)
                0x00000000c0022b86                PCI::getSecondaryBus(unsigned char, unsigned char, unsigned char)
                0x00000000c0022baa                PCI::getBARAddress(unsigned char, unsigned char, unsigned char, unsigned char)
                0x00000000c0022c0a                PCI::pciWriteWord(unsigned char, unsigned char, unsigned char, unsigned char, unsigned short)
                0x00000000c0022c76                PCI::checkBus(unsigned char)
                0x00000000c0022c9a                PCI::foundDevice(PCIDeviceInfo)
                0x00000000c0022e0c                PCI::getDeviceData(unsigned char, unsigned char, unsigned char)
                0x00000000c0022fb8                PCI::checkDevice(unsigned char, unsigned char)
                0x00000000c0023024                PCI::detect()
 *fill*         0x00000000c0023077        0x1 
 .text          0x00000000c0023078      0xc70 hw/diskctrl/ide.32
                0x00000000c0023078                IDE::close(int, int, void*)
                0x00000000c002307c                IDE::IDE()
                0x00000000c002307c                IDE::IDE()
                0x00000000c00230b0                IDE::prepareInterrupt(unsigned char)
                0x00000000c00230c2                selectDrive(unsigned char, unsigned char)
                0x00000000c00230c4                IDE::getBase(unsigned char)
                0x00000000c00230d6                IDE::write(unsigned char, unsigned char, unsigned char)
                0x00000000c0023196                IDE::read(unsigned char, unsigned char)
                0x00000000c0023244                IDE::waitInterrupt(unsigned char)
                0x00000000c00232aa                ideChannel0IRQHandler(regs*, void*)
                0x00000000c00232c6                ideChannel1IRQHandler(regs*, void*)
                0x00000000c00232e2                IDE::enableIRQs(unsigned char, bool)
                0x00000000c0023328                IDE::open(int, int, void*)
                0x00000000c0023738                IDE::readBuffer(unsigned char, unsigned char, unsigned int, unsigned int)
                0x00000000c0023804                IDE::detect()
                0x00000000c0023aec                IDE::printError(unsigned char, unsigned char, unsigned char)
                0x00000000c0023c82                IDE::polling(unsigned char, unsigned int)
 .text          0x00000000c0023ce8      0x390 hw/diskctrl/satabus.32
                0x00000000c0023ce8                SATABus::close(int, int, void*)
                0x00000000c0023cec                SATABus::detect()
                0x00000000c0023cee                SATABus::SATABus()
                0x00000000c0023cee                SATABus::SATABus()
                0x00000000c0023d9a                SATABus::findCmdslot(SATABus::tagHBA_PORT volatile*)
                0x00000000c0023de2                SATABus::checkType(SATABus::tagHBA_PORT volatile*)
                0x00000000c0023e2a                SATABus::startCmd(SATABus::tagHBA_PORT volatile*)
                0x00000000c0023e4a                SATABus::stopCmd(SATABus::tagHBA_PORT volatile*)
                0x00000000c0023e74                SATABus::portRebase(SATABus::tagHBA_PORT volatile*, int)
                0x00000000c0023f7a                SATABus::probePort(SATABus::tagHBA_MEM volatile*)
                0x00000000c0024058                SATABus::open(int, int, void*)
 .text          0x00000000c0024078      0x63c hw/diskphys/ata.32
                0x00000000c0024078                ATA::close(int, int, void*)
                0x00000000c002409c                ATA::powerSaving(PowerSavingLevel)
                0x00000000c002409e                ATA::ATA()
                0x00000000c002409e                ATA::ATA()
                0x00000000c00240cc                ATA::flush(bool)
                0x00000000c0024116                ATA::readyForCommand()
                0x00000000c0024166                ATA::access(unsigned long long, int, void*, bool)
                0x00000000c00244ee                ATA::read(unsigned long long, int, void*)
                0x00000000c0024556                ATA::write(unsigned long long, int, void*)
                0x00000000c00245be                ATA::detectCHS()
                0x00000000c00245e8                ATA::open(int, int, void*)
 .text          0x00000000c00246b4      0x5bd hw/diskphys/atapi.32
                0x00000000c00246b4                ATAPI::write(unsigned long long, int, void*)
                0x00000000c00246ba                ATAPI::close(int, int, void*)
                0x00000000c00246de                ATAPI::ATAPI()
                0x00000000c00246de                ATAPI::ATAPI()
                0x00000000c002470c                ATAPI::readyForCommand()
                0x00000000c002475c                ATAPI::sendPacket(unsigned char*, int, bool, unsigned short*, int)
                0x00000000c0024a1c                ATAPI::diskRemoved()
                0x00000000c0024a38                ATAPI::eject()
                0x00000000c0024a80                ATAPI::diskInserted()
                0x00000000c0024aae                ATAPI::detectMedia()
                0x00000000c0024b6a                ATAPI::open(int, int, void*)
                0x00000000c0024bf2                ATAPI::read(unsigned long long, int, void*)
 *fill*         0x00000000c0024c71        0x1 
 .text          0x00000000c0024c72      0x455 hw/diskphys/sata.32
                0x00000000c0024c72                SATA::close(int, int, void*)
                0x00000000c0024c96                SATA::powerSaving(PowerSavingLevel)
                0x00000000c0024c98                SATA::open(int, int, void*)
                0x00000000c0024d46                SATA::SATA()
                0x00000000c0024d46                SATA::SATA()
                0x00000000c0024d74                SATA::access(unsigned long long, int, void*, bool)
                0x00000000c0024fda                SATA::read(unsigned long long, int, void*)
                0x00000000c0025042                SATA::write(unsigned long long, int, void*)
 *fill*         0x00000000c00250c7        0x1 
 .text          0x00000000c00250c8      0x500 hw/diskphys/satapi.32
                0x00000000c00250c8                SATAPI::write(unsigned long long, int, void*)
                0x00000000c00250ce                SATAPI::close(int, int, void*)
                0x00000000c00250f2                SATAPI::SATAPI()
                0x00000000c00250f2                SATAPI::SATAPI()
                0x00000000c0025120                SATAPI::diskRemoved()
                0x00000000c002513c                SATAPI::diskInserted()
                0x00000000c002516a                SATAPI::sendPacket(unsigned char*, int, unsigned long long, unsigned short*, int)
                0x00000000c002536e                SATAPI::eject()
                0x00000000c00253b6                SATAPI::detectMedia()
                0x00000000c0025478                SATAPI::open(int, int, void*)
                0x00000000c0025526                SATAPI::read(unsigned long long, int, void*)
 .text          0x00000000c00255c8       0x8e hw/fpu/avx.32
                0x00000000c00255c8                AVX::open(int, int, void*)
                0x00000000c00255da                AVX::close(int, int, void*)
                0x00000000c00255ec                AVX::available()
                0x00000000c00255fe                AVX::save(void*)
                0x00000000c0025616                AVX::load(void*)
                0x00000000c002562e                AVX::AVX()
                0x00000000c002562e                AVX::AVX()
 .text          0x00000000c0025656       0x90 hw/fpu/mmx.32
                0x00000000c0025656                MMX::available()
                0x00000000c002566a                MMX::open(int, int, void*)
                0x00000000c002567c                MMX::close(int, int, void*)
                0x00000000c002568e                MMX::save(void*)
                0x00000000c00256a6                MMX::load(void*)
                0x00000000c00256be                MMX::MMX()
                0x00000000c00256be                MMX::MMX()
 .text          0x00000000c00256e6       0x96 hw/fpu/sse.32
                0x00000000c00256e6                SSE::open(int, int, void*)
                0x00000000c00256f8                SSE::close(int, int, void*)
                0x00000000c002570a                SSE::available()
                0x00000000c0025724                SSE::save(void*)
                0x00000000c002573c                SSE::load(void*)
                0x00000000c0025754                SSE::SSE()
                0x00000000c0025754                SSE::SSE()
 .text          0x00000000c002577c       0x8e hw/fpu/x87.32
                0x00000000c002577c                x87::open(int, int, void*)
                0x00000000c002578e                x87::close(int, int, void*)
                0x00000000c00257a0                x87::available()
                0x00000000c00257b2                x87::save(void*)
                0x00000000c00257ca                x87::load(void*)
                0x00000000c00257e2                x87::x87()
                0x00000000c00257e2                x87::x87()
 .text          0x00000000c002580a      0x71e hw/intctrl/apic.32
                0x00000000c002580a                APIC::disable()
                0x00000000c002580c                APIC::close(int, int, void*)
                0x00000000c002582e                IOAPIC::close(int, int, void*)
                0x00000000c0025834                APIC::io_wait()
                0x00000000c002583a                APIC::getBase()
                0x00000000c002587c                APIC::eoi(unsigned char)
                0x00000000c00258aa                APIC::open(int, int, void*)
                0x00000000c00259f8                IOAPIC::IOAPIC()
                0x00000000c00259f8                IOAPIC::IOAPIC()
                0x00000000c0025a20                APIC::APIC()
                0x00000000c0025a20                APIC::APIC()
                0x00000000c0025afc                IOAPIC::handlesGSIWithNumber(unsigned int)
                0x00000000c0025b2e                IOAPIC::read(int)
                0x00000000c0025b56                IOAPIC::open(int, int, void*)
                0x00000000c0025c4c                IOAPIC::write(int, int)
                0x00000000c0025c78                IOAPIC::redirect(unsigned char, unsigned long long, unsigned char, bool, bool)
                0x00000000c0025d72                APIC::installIRQHandler(int, void (*)(regs*, void*), bool, void*)
 .text          0x00000000c0025f28      0x3d3 hw/intctrl/pic.32
                0x00000000c0025f28                PIC::disable()
                0x00000000c0025f56                PIC::close(int, int, void*)
                0x00000000c0025f78                PIC::PIC()
                0x00000000c0025f78                PIC::PIC()
                0x00000000c002604e                PIC::ioWait()
                0x00000000c0026054                PIC::getIRQReg(int)
                0x00000000c00260be                PIC::eoi(unsigned char)
                0x00000000c0026150                PIC::remap()
                0x00000000c00262bc                PIC::open(int, int, void*)
 *fill*         0x00000000c00262fb        0x1 
 .text          0x00000000c00262fc      0x25e hw/timer/apictimer.32
                0x00000000c00262fc                APICTimer::close(int, int, void*)
                0x00000000c0026302                apicTimerHandler(regs*, void*)
                0x00000000c0026330                APICTimer::write(int)
                0x00000000c0026434                APICTimer::open(int, int, void*)
                0x00000000c0026532                APICTimer::APICTimer()
                0x00000000c0026532                APICTimer::APICTimer()
 .text          0x00000000c002655a      0x1a7 hw/timer/pit.32
                0x00000000c002655a                PIT::write(int)
                0x00000000c00265d8                pitHandler(regs*, void*)
                0x00000000c0026604                PIT::open(int, int, void*)
                0x00000000c0026652                PIT::close(int, int, void*)
                0x00000000c0026682                PIT::PIT()
                0x00000000c0026682                PIT::PIT()
 *fill*         0x00000000c0026701        0xf 
 .text          0x00000000c0026710       0x1e hw/fpu/x86/avx.32
                0x00000000c0026710                avxDetect
                0x00000000c0026716                avxSave
                0x00000000c0026717                avxLoad
                0x00000000c0026718                avxInit
                0x00000000c0026719                avxClose
                0x00000000c002671a                wouldSheSayYes
 *fill*         0x00000000c002672e        0x2 
 .text          0x00000000c0026730       0x35 hw/fpu/x86/sse.32
                0x00000000c0026730                absolutelyNoChanceInHell
                0x00000000c0026730                sseDetect
                0x00000000c0026748                sseSave
                0x00000000c002674e                sseLoad
                0x00000000c0026754                sseInit
                0x00000000c0026764                sseClose
 *fill*         0x00000000c0026765        0xb 
 .text          0x00000000c0026770       0x47 hw/fpu/x86/x87.32
                0x00000000c0026776                x87Detect
                0x00000000c0026791                x87Save
                0x00000000c0026797                x87Load
                0x00000000c002679c                x87Init
                0x00000000c00267b6                x87Close
 *fill*         0x00000000c00267b7        0x1 
 .text          0x00000000c00267b8       0x25 /cygdrive/d/Users/Alex/Desktop/Toolchain/Output/bin/../lib/gcc/i386-banana/8.1.0/crtend.o
 .text          0x00000000c00267dd        0x0 crtn.32
 *fill*         0x00000000c00267dd        0x3 
 .text          0x00000000c00267e0      0x14b /cygdrive/d/Users/Alex/Desktop/Toolchain/Output/bin/../lib/gcc/i386-banana/8.1.0/libkgcc.a(_divdi3.o)
                0x00000000c00267e0                __divdi3
 *fill*         0x00000000c002692b        0x1 
 .text          0x00000000c002692c      0x17e /cygdrive/d/Users/Alex/Desktop/Toolchain/Output/bin/../lib/gcc/i386-banana/8.1.0/libkgcc.a(_moddi3.o)
                0x00000000c002692c                __moddi3
 *fill*         0x00000000c0026aaa        0x2 
 .text          0x00000000c0026aac       0xff /cygdrive/d/Users/Alex/Desktop/Toolchain/Output/bin/../lib/gcc/i386-banana/8.1.0/libkgcc.a(_udivdi3.o)
                0x00000000c0026aac                __udivdi3
 *fill*         0x00000000c0026bab        0x1 
 .text          0x00000000c0026bac      0x11a /cygdrive/d/Users/Alex/Desktop/Toolchain/Output/bin/../lib/gcc/i386-banana/8.1.0/libkgcc.a(_umoddi3.o)
                0x00000000c0026bac                __umoddi3
 .text          0x00000000c0026cc6      0x96d D:/Users/Alex/Desktop/Banana/kernel/libsoftfp.a(sfieeelib.o)
                0x00000000c0026cc6                __addsf3
                0x00000000c0026fc8                __subsf3
                0x00000000c0026fdc                __negsf2
                0x00000000c0026fe9                __mulsf3
                0x00000000c00271ac                __divsf3
                0x00000000c00273d7                __floatsisf
                0x00000000c002744b                __floatunsisf
                0x00000000c002748d                __fixsfsi
                0x00000000c00274ef                __fixunssfsi
                0x00000000c0027520                __cmpsf2
                0x00000000c00275b5                __eqsf2