Archive member included to satisfy reference by file (symbol)

/cygdrive/d/Users/Alex/Desktop/Toolchain/Output/bin/../lib/gcc/i386-banana/8.1.0/libgcc.a(_divdi3.o)
                              fs/fat/ff.32 (__divdi3)
/cygdrive/d/Users/Alex/Desktop/Toolchain/Output/bin/../lib/gcc/i386-banana/8.1.0/libgcc.a(_moddi3.o)
                              acpica/osl.32 (__moddi3)
/cygdrive/d/Users/Alex/Desktop/Toolchain/Output/bin/../lib/gcc/i386-banana/8.1.0/libgcc.a(_udivdi3.o)
                              acpica/utmath.32 (__udivdi3)
/cygdrive/d/Users/Alex/Desktop/Toolchain/Output/bin/../lib/gcc/i386-banana/8.1.0/libgcc.a(_umoddi3.o)
                              acpica/utmath.32 (__umoddi3)
D:/Users/Alex/Desktop/Banana/kernel/libk/libm32.a(s_fabs.c.o)
                              hal/libresample/samplerate.32 (fabs)
D:/Users/Alex/Desktop/Banana/kernel/libk/libm32.a(s_lrint.S.o)
                              hal/libresample/samplerate.32 (lrint)
D:/Users/Alex/Desktop/Banana/kernel/libk/libm32.a(s_lrintf.S.o)
                              hal/sound/sndhw.32 (lrintf)

Allocating common symbols
Common symbol       size              file

AcpiGbl_StateCache  0x4               acpica/utglobal.32
AcpiGbl_OwnerIdMask
                    0x200             acpica/utglobal.32
AcpiGbl_StepToNextCall
                    0x1               acpica/utglobal.32
AcpiGbl_RootTableList
                    0x10              acpica/utglobal.32
AcpiGbl_FadtGpeDevice
                    0x4               acpica/utglobal.32
AcpiGbl_GpeXruptListHead
                    0x4               acpica/utglobal.32
AcpiGbl_GlobalLockHandle
                    0x2               acpica/utglobal.32
AcpiGbl_RootNodeStruct
                    0x1c              acpica/utglobal.32
AcpiGbl_FACS        0x4               acpica/utglobal.32
AcpiGbl_AllGpesInitialized
                    0x1               acpica/utglobal.32
AcpiGbl_GlobalLockMutex
                    0x4               acpica/utglobal.32
AcpiGbl_IntegerByteWidth
                    0x1               acpica/utglobal.32
AcpiGbl_Pm1EnableRegisterSave
                    0x2               acpica/utglobal.32
AcpiGbl_NsLookupCount
                    0x4               acpica/utglobal.32
AcpiCurrentGpeCount
                    0x4               acpica/utglobal.32
AcpiGbl_IntegerBitWidth
                    0x1               acpica/utglobal.32
AcpiGbl_NamespaceCache
                    0x4               acpica/utglobal.32
AcpiGbl_TableHandler
                    0x4               acpica/utglobal.32
AcpiGbl_HardwareLock
                    0x4               acpica/utglobal.32
AcpiGbl_FixedEventHandlers
                    0x28              acpica/utglobal.32
AcpiSciCount        0x4               acpica/utglobal.32
AcpiGbl_DSDT        0x4               acpica/utglobal.32
AcpiGbl_GlobalNotify
                    0x10              acpica/utglobal.32
AcpiGbl_GlobalLockSemaphore
                    0x4               acpica/utglobal.32
AcpiGbl_SystemAwakeAndRunning
                    0x1               acpica/utglobal.32
AcpiGbl_InterfaceHandler
                    0x4               acpica/utglobal.32
AcpiGbl_EventsInitialized
                    0x1               acpica/utglobal.32
AcpiGbl_SupportedInterfaces
                    0x4               acpica/utglobal.32
AcpiGbl_GpeLock     0x4               acpica/utglobal.32
AcpiGbl_SleepTypeB  0x1               acpica/utglobal.32
AcpiGbl_InitHandler
                    0x4               acpica/utglobal.32
AcpiGbl_GlobalLockAcquired
                    0x1               acpica/utglobal.32
AcpiGbl_XPm1bEnable
                    0xc               acpica/utglobal.32
AcpiGbl_OriginalDsdtHeader
                    0x24              acpica/utglobal.32
AcpiGbl_ReferenceCountLock
                    0x4               acpica/utglobal.32
AcpiGpeCount        0x4               acpica/utglobal.32
AcpiGbl_TableHandlerContext
                    0x4               acpica/utglobal.32
AcpiGbl_XPm1aStatus
                    0xc               acpica/utglobal.32
AcpiGbl_OriginalMode
                    0x4               acpica/utglobal.32
AcpiGbl_CmSingleStep
                    0x1               acpica/utglobal.32
AcpiGbl_GlobalEventHandlerContext
                    0x4               acpica/utglobal.32
AcpiGbl_PsFindCount
                    0x4               acpica/utglobal.32
AcpiFixedEventCount
                    0x14              acpica/utglobal.32
AcpiGbl_AcpiHardwarePresent
                    0x1               acpica/utglobal.32
AcpiGbl_MutexInfo   0x60              acpica/utglobal.32
AcpiGbl_RootNode    0x4               acpica/utglobal.32
AcpiGbl_AddressRangeList
                    0x8               acpica/utglobal.32
AcpiGbl_FADT        0x114             acpica/utglobal.32
AcpiGbl_IntegerNybbleWidth
                    0x1               acpica/utglobal.32
AcpiGbl_XPm1aEnable
                    0xc               acpica/utglobal.32
AcpiGbl_OperandCache
[...]
Memory Configuration

Name             Origin             Length             Attributes
*default*        0x0000000000000000 0xffffffffffffffff

Linker script and memory map

LOAD D:/Users/Alex/Desktop/Banana/kernel/boot.32
LOAD crti.32
LOAD /cygdrive/d/Users/Alex/Desktop/Toolchain/Output/bin/../lib/gcc/i386-banana/8.1.0/crtbegin.o
LOAD D:/Users/Alex/Desktop/Banana/kernel/morenasm.32
LOAD acpica/dsargs.32
LOAD acpica/dscontrol.32
LOAD acpica/dsdebug.32
LOAD acpica/dsfield.32
LOAD acpica/dsinit.32
LOAD acpica/dsmethod.32
LOAD acpica/dsmthdat.32
LOAD acpica/dsobject.32
LOAD acpica/dsopcode.32
LOAD acpica/dspkginit.32
LOAD acpica/dsutils.32
LOAD acpica/dswexec.32
LOAD acpica/dswload.32
LOAD acpica/dswload2.32
LOAD acpica/dswscope.32
LOAD acpica/dswstate.32
LOAD acpica/evevent.32
LOAD acpica/evglock.32
LOAD acpica/evgpe.32
LOAD acpica/evgpeblk.32
LOAD acpica/evgpeinit.32
LOAD acpica/evgpeutil.32
LOAD acpica/evhandler.32
LOAD acpica/evmisc.32
LOAD acpica/evregion.32
LOAD acpica/evrgnini.32
LOAD acpica/evsci.32
LOAD acpica/evxface.32
LOAD acpica/evxfevnt.32
LOAD acpica/evxfgpe.32
LOAD acpica/evxfregn.32
LOAD acpica/exconcat.32
LOAD acpica/exconfig.32
LOAD acpica/exconvrt.32
LOAD acpica/excreate.32
LOAD acpica/exdebug.32
LOAD acpica/exdump.32
LOAD acpica/exfield.32
LOAD acpica/exfldio.32
LOAD acpica/exmisc.32
LOAD acpica/exmutex.32
LOAD acpica/exnames.32
LOAD acpica/exoparg1.32
LOAD acpica/exoparg2.32
LOAD acpica/exoparg3.32
LOAD acpica/exoparg6.32
LOAD acpica/exprep.32
LOAD acpica/exregion.32
LOAD acpica/exresnte.32
LOAD acpica/exresolv.32
LOAD acpica/exresop.32
LOAD acpica/exserial.32
LOAD acpica/exstore.32
LOAD acpica/exstoren.32
LOAD acpica/exstorob.32
LOAD acpica/exsystem.32
LOAD acpica/extrace.32
LOAD acpica/exutils.32
LOAD acpica/hwacpi.32
LOAD acpica/hwesleep.32
LOAD acpica/hwgpe.32
LOAD acpica/hwpci.32
LOAD acpica/hwregs.32
LOAD acpica/hwsleep.32
LOAD acpica/hwtimer.32
LOAD acpica/hwvalid.32
LOAD acpica/hwxface.32
LOAD acpica/hwxfsleep.32
LOAD acpica/nsaccess.32
LOAD acpica/nsalloc.32
LOAD acpica/nsarguments.32
LOAD acpica/nsconvert.32
LOAD acpica/nsdump.32
LOAD acpica/nsdumpdv.32
LOAD acpica/nseval.32
LOAD acpica/nsinit.32
LOAD acpica/nsload.32
LOAD acpica/nsnames.32
LOAD acpica/nsobject.32
LOAD acpica/nsparse.32
LOAD acpica/nspredef.32
LOAD acpica/nsprepkg.32
LOAD acpica/nsrepair.32
LOAD acpica/nsrepair2.32
LOAD acpica/nssearch.32
LOAD acpica/nsutils.32
LOAD acpica/nswalk.32
LOAD acpica/nsxfeval.32
LOAD acpica/nsxfname.32
LOAD acpica/nsxfobj.32
LOAD acpica/psargs.32
LOAD acpica/psloop.32
LOAD acpica/psobject.32
LOAD acpica/psopcode.32
LOAD acpica/psopinfo.32
LOAD acpica/psparse.32
LOAD acpica/psscope.32
LOAD acpica/pstree.32
LOAD acpica/psutils.32
LOAD acpica/pswalk.32
LOAD acpica/psxface.32
LOAD acpica/rsaddr.32
LOAD acpica/rscalc.32
LOAD acpica/rscreate.32
LOAD acpica/rsdump.32
LOAD acpica/rsdumpinfo.32
LOAD acpica/rsinfo.32
LOAD acpica/rsio.32
LOAD acpica/rsirq.32
LOAD acpica/rslist.32
LOAD acpica/rsmemory.32
LOAD acpica/rsmisc.32
LOAD acpica/rsserial.32
LOAD acpica/rsutils.32
LOAD acpica/rsxface.32
LOAD acpica/tbdata.32
LOAD acpica/tbfadt.32
LOAD acpica/tbfind.32
LOAD acpica/tbinstal.32
LOAD acpica/tbprint.32
LOAD acpica/tbutils.32
LOAD acpica/tbxface.32
LOAD acpica/tbxfload.32
LOAD acpica/tbxfroot.32
LOAD acpica/utaddress.32
LOAD acpica/utalloc.32
LOAD acpica/utascii.32
LOAD acpica/utbuffer.32
LOAD acpica/utcache.32
LOAD acpica/utclib.32
LOAD acpica/utcopy.32
LOAD acpica/utdebug.32
LOAD acpica/utdecode.32
LOAD acpica/utdelete.32
LOAD acpica/uterror.32
LOAD acpica/uteval.32
LOAD acpica/utexcep.32
LOAD acpica/utglobal.32
LOAD acpica/uthex.32
LOAD acpica/utids.32
LOAD acpica/utinit.32
LOAD acpica/utlock.32
LOAD acpica/utmath.32
LOAD acpica/utmisc.32
LOAD acpica/utmutex.32
LOAD acpica/utnonansi.32
LOAD acpica/utobject.32
LOAD acpica/utosi.32
LOAD acpica/utownerid.32
LOAD acpica/utpredef.32
LOAD acpica/utprint.32
LOAD acpica/utresdecode.32
LOAD acpica/utresrc.32
LOAD acpica/utstate.32
LOAD acpica/utstring.32
LOAD acpica/utstrsuppt.32
LOAD acpica/utstrtoul64.32
LOAD acpica/uttrack.32
LOAD acpica/utuuid.32
LOAD acpica/utxface.32
LOAD acpica/utxferror.32
LOAD acpica/utxfinit.32
LOAD acpica/utxfmutex.32
LOAD core/malloc.32
LOAD libk/string.32
LOAD fs/fat/diskio.32
LOAD fs/fat/ff.32
LOAD fs/fat/ffsystem.32
LOAD fs/fat/ffunicode.32
LOAD hal/libresample/samplerate.32
LOAD hal/libresample/src_linear.32
LOAD hal/libresample/src_sinc.32
LOAD hal/libresample/src_zoh.32
LOAD acpica/osl.32
LOAD core/computer.32
LOAD core/elf.32
LOAD core/gdt.32
LOAD core/idle.32
LOAD core/idt.32
LOAD core/kconsole.32
LOAD core/kheap.32
LOAD core/main.32
LOAD core/physmgr.32
LOAD core/pipe.32
LOAD core/prcssthr.32
LOAD core/syscalls.32
LOAD core/terminal.32
LOAD core/tss.32
LOAD core/unixfile.32
LOAD core/virtmgr.32
LOAD coreobjs/c++.32
LOAD debugger/debug.32
LOAD fs/vfs.32
LOAD hal/bus.32
LOAD hal/buzzer.32
LOAD hal/clock.32
LOAD hal/device.32
LOAD hal/diskctrl.32
LOAD hal/diskphys.32
LOAD hal/fpu.32
LOAD hal/intctrl.32
LOAD hal/keybrd.32
LOAD hal/logidisk.32
LOAD hal/mouse.32
LOAD hal/partition.32
LOAD hal/timer.32
LOAD hal/vcache.32
LOAD hal/video.32
LOAD hw/acpi.32
LOAD hw/cpu.32
LOAD hw/ports.32
LOAD registry/registry.32
LOAD syscalls/sc_exit.32
LOAD syscalls/sc_read.32
LOAD syscalls/sc_sbrk.32
LOAD syscalls/sc_write.32
LOAD syscalls/sc_yield.32
LOAD vm86/vm8086.32
LOAD fs/fat/vfslink.32
LOAD fs/iso9660/vfslink.32
LOAD hal/sound/sndchannel.32
LOAD hal/sound/sndhw.32
LOAD hw/bus/isa.32
LOAD hw/bus/pci.32
LOAD hw/bus/ps2.32
LOAD hw/bus/ps2port.32
LOAD hw/buzzer/pcspk.32
LOAD hw/clock/rtc.32
LOAD hw/diskctrl/ide.32
LOAD hw/diskphys/ata.32
LOAD hw/diskphys/atapi.32
LOAD hw/fpu/avx.32
LOAD hw/fpu/mmx.32
LOAD hw/fpu/sse.32
LOAD hw/fpu/x87.32
LOAD hw/intctrl/apic.32
LOAD hw/intctrl/pic.32
LOAD hw/keybrd/ps2key.32
LOAD hw/mouse/ps2mouse.32
LOAD hw/timer/apictimer.32
LOAD hw/timer/pit.32
LOAD hw/fpu/x86/avx.32
LOAD hw/fpu/x86/sse.32
LOAD hw/fpu/x86/x87.32
LOAD /cygdrive/d/Users/Alex/Desktop/Toolchain/Output/bin/../lib/gcc/i386-banana/8.1.0/crtend.o
LOAD crtn.32
LOAD /cygdrive/d/Users/Alex/Desktop/Toolchain/Output/bin/../lib/gcc/i386-banana/8.1.0/libgcc.a
LOAD D:/Users/Alex/Desktop/Banana/kernel/libk/libm32.a
                0x00000000c0000000                . = 0xc0000000

.text           0x00000000c0000000    0x50768
 *(.text)
 .text          0x00000000c0000000       0x41 D:/Users/Alex/Desktop/Banana/kernel/boot.32
                0x00000000c0000020                callGlobalConstructors
 .text          0x00000000c0000041        0x0 crti.32
 *fill*         0x00000000c0000041        0x3 
 .text          0x00000000c0000044      0x101 /cygdrive/d/Users/Alex/Desktop/Toolchain/Output/bin/../lib/gcc/i386-banana/8.1.0/crtbegin.o
 *fill*         0x00000000c0000145        0xb 
 .text          0x00000000c0000150      0x44c D:/Users/Alex/Desktop/Banana/kernel/morenasm.32
                0x00000000c0000150                doTPAUSE
                0x00000000c000015a                hasLegacyFPU
                0x00000000c000017f                is486
                0x00000000c00001e2                goToVM86
                0x00000000c0000213                goToUsermode
                0x00000000c000023e                switchToThreadASMFirstTime
                0x00000000c000024c                switchToThreadASM
                0x00000000c00002ec                detectCPUID
                0x00000000c0000302                asmQuickAcquireLock
                0x00000000c0000320                asmQuickReleaseLock
                0x00000000c000032c                asmAcquireLock
                0x00000000c000034d                asmReleaseLock
                0x00000000c0000360                loadGDT
                0x00000000c0000380                isr0
                0x00000000c0000390                isr1
                0x00000000c000039a                isr2
                0x00000000c00003a4                isr3
                0x00000000c00003ae                isr4
                0x00000000c00003b8                isr5
                0x00000000c00003c2                isr6
                0x00000000c00003cc                isr7
                0x00000000c00003d6                isr8
                0x00000000c00003de                isr9
                0x00000000c00003e8                isr10
                0x00000000c00003f0                isr11
                0x00000000c00003f8                isr12
                0x00000000c0000400                isr13
                0x00000000c0000408                isr14
                0x00000000c0000410                isr15
                0x00000000c000041a                isr16
                0x00000000c0000424                isr17
                0x00000000c000042e                isr18
                0x00000000c0000438                isr96
                0x00000000c0000442                irq0
                0x00000000c000044c                irq1
                0x00000000c0000456                irq2
                0x00000000c0000460                irq3
                0x00000000c000046a                irq4
                0x00000000c0000474                irq5
                0x00000000c000047e                irq6
                0x00000000c0000488                irq7
                0x00000000c0000492                irq8
                0x00000000c000049c                irq9
                0x00000000c00004a6                irq10
                0x00000000c00004b0                irq11
                0x00000000c00004ba                irq12
                0x00000000c00004c4                irq13
                0x00000000c00004ce                irq14
                0x00000000c00004d8                irq15
                0x00000000c00004e2                irq16
                0x00000000c00004ec                irq17
                0x00000000c00004f6                irq18
                0x00000000c0000500                irq19
                0x00000000c000050a                irq20
                0x00000000c0000514                irq21
                0x00000000c000051e                irq22
                0x00000000c0000528                irq23
                0x00000000c0000532                int_common_stub
                0x00000000c0000562                syscall_common_stub
 .text          0x00000000c000059c      0x3da acpica/dsargs.32
                0x00000000c000072b                AcpiDsGetBufferFieldArguments
                0x00000000c000078a                AcpiDsGetBankFieldArguments
                0x00000000c00007e9                AcpiDsGetBufferArguments
                0x00000000c000085a                AcpiDsGetPackageArguments
                0x00000000c00008cb                AcpiDsGetRegionArguments
 .text          0x00000000c0000976      0x47a acpica/dscontrol.32
                0x00000000c0000978                AcpiDsExecBeginControlOp
                0x00000000c0000aa8                AcpiDsExecEndControlOp
 .text          0x00000000c0000df0        0x2 acpica/dsdebug.32
                0x00000000c0000df0                AcpiDsDumpMethodStack
 .text          0x00000000c0000df2      0x9f6 acpica/dsfield.32
                0x00000000c0000df2                AcpiDsCreateBufferField
                0x00000000c00012e8                AcpiDsCreateField
                0x00000000c00013f2                AcpiDsInitFieldObjects
                0x00000000c0001593                AcpiDsCreateBankField
                0x00000000c00016c7                AcpiDsCreateIndexField
 .text          0x00000000c00017e8      0x22d acpica/dsinit.32
                0x00000000c0001963                AcpiDsInitializeObjects
 .text          0x00000000c0001a15      0x9d7 acpica/dsmethod.32
                0x00000000c0001a64                AcpiDsAutoSerializeMethod
                0x00000000c0001b6d                AcpiDsMethodError
                0x00000000c0001cc9                AcpiDsBeginMethodExecution
                0x00000000c0001f6c                AcpiDsRestartControlMethod
                0x00000000c000200b                AcpiDsTerminateControlMethod
                0x00000000c00021ef                AcpiDsCallControlMethod
 .text          0x00000000c00023ec      0x743 acpica/dsmthdat.32
                0x00000000c00023ec                AcpiDsMethodDataInit
                0x00000000c00025d5                AcpiDsMethodDataDeleteAll
                0x00000000c00026a2                AcpiDsMethodDataGetNode
                0x00000000c00027dd                AcpiDsMethodDataInitArgs
                0x00000000c0002854                AcpiDsMethodDataGetValue
                0x00000000c00029e3                AcpiDsStoreObjectToLocal
 .text          0x00000000c0002b2f      0x736 acpica/dsobject.32
                0x00000000c0002b2f                AcpiDsBuildInternalBufferObj
                0x00000000c0002c98                AcpiDsInitObjectFromOp
                0x00000000c000302d                AcpiDsBuildInternalObject
                0x00000000c00031cf                AcpiDsCreateNode
 .text          0x00000000c0003265      0xa93 acpica/dsopcode.32
                0x00000000c0003265                AcpiDsInitializeRegion
                0x00000000c0003578                AcpiDsEvalBufferFieldOperands
                0x00000000c00036e9                AcpiDsEvalRegionOperands
                0x00000000c000388e                AcpiDsEvalTableRegionOperands
                0x00000000c0003a48                AcpiDsEvalDataObjectOperands
                0x00000000c0003bfc                AcpiDsEvalBankFieldOperands
 .text          0x00000000c0003cf8      0x597 acpica/dspkginit.32
                0x00000000c0003eca                AcpiDsInitPackageElement
                0x00000000c0003f36                AcpiDsBuildInternalPackageObj
 .text          0x00000000c000428f      0x956 acpica/dsutils.32
                0x00000000c0004291                AcpiDsClearImplicitReturn
                0x00000000c00042d4                AcpiDsDoImplicitReturn
                0x00000000c0004344                AcpiDsIsResultUsed
                0x00000000c00044d6                AcpiDsDeleteResultIfNotUsed
                0x00000000c000454e                AcpiDsResolveOperands
                0x00000000c00045aa                AcpiDsClearOperands
                0x00000000c00045fe                AcpiDsCreateOperand
                0x00000000c0004969                AcpiDsCreateOperands
                0x00000000c0004a59                AcpiDsEvaluateNamePath
 .text          0x00000000c0004be5      0xa84 acpica/dswexec.32
                0x00000000c0004bed                AcpiDsGetPredicateValue
                0x00000000c0004e09                AcpiDsExecBeginOp
                0x00000000c0005006                AcpiDsExecEndOp
 .text          0x00000000c0005669      0x6f7 acpica/dswload.32
                0x00000000c0005669                AcpiDsLoad1BeginOp
                0x00000000c00059d2                AcpiDsLoad1EndOp
                0x00000000c0005c90                AcpiDsInitCallbacks
 .text          0x00000000c0005d60      0x901 acpica/dswload2.32
                0x00000000c0005d60                AcpiDsLoad2BeginOp
                0x00000000c00061cf                AcpiDsLoad2EndOp
 .text          0x00000000c0006661      0x161 acpica/dswscope.32
                0x00000000c0006661                AcpiDsScopeStackClear
                0x00000000c00066a1                AcpiDsScopeStackPush
                0x00000000c0006768                AcpiDsScopeStackPop
 .text          0x00000000c00067c2      0x8f5 acpica/dswstate.32
                0x00000000c0006852                AcpiDsResultPush
                0x00000000c0006a25                AcpiDsResultPop
                0x00000000c0006b57                AcpiDsObjStackPush
                0x00000000c0006bd6                AcpiDsObjStackPop
                0x00000000c0006c58                AcpiDsObjStackPopAndDelete
                0x00000000c0006cd7                AcpiDsGetCurrentWalkState
                0x00000000c0006cef                AcpiDsPushWalkState
                0x00000000c0006d09                AcpiDsPopWalkState
                0x00000000c0006d2e                AcpiDsCreateWalkState
                0x00000000c0006dc3                AcpiDsInitAmlWalk
                0x00000000c0006f8f                AcpiDsDeleteWalkState
 .text          0x00000000c00070b7      0x307 acpica/evevent.32
                0x00000000c00070b7                AcpiEvInstallXruptHandlers
                0x00000000c00071b5                AcpiEvInitializeEvents
                0x00000000c00072d6                AcpiEvFixedEventDetect
 .text          0x00000000c00073be      0x2d8 acpica/evglock.32
                0x00000000c000743f                AcpiEvInitGlobalLockHandler
                0x00000000c00074cb                AcpiEvRemoveGlobalLockHandler
                0x00000000c0007503                AcpiEvAcquireGlobalLock
                0x00000000c0007611                AcpiEvReleaseGlobalLock
 .text          0x00000000c0007696      0x960 acpica/evgpe.32
                0x00000000c0007696                AcpiEvUpdateGpeEnableMask
                0x00000000c0007704                AcpiEvEnableGpe
                0x00000000c0007722                AcpiEvMaskGpe
                0x00000000c00077f4                AcpiEvAddGpeReference
                0x00000000c0007887                AcpiEvRemoveGpeReference
                0x00000000c0007902                AcpiEvLowGetGpeInfo
                0x00000000c0007963                AcpiEvGetGpeEventInfo
                0x00000000c00079eb                AcpiEvFinishGpe
                0x00000000c0007baa                AcpiEvGpeDispatch
                0x00000000c0007d1c                AcpiEvDetectGpe
                0x00000000c0007ea9                AcpiEvGpeDetect
 .text          0x00000000c0007ff6      0x726 acpica/evgpeblk.32
                0x00000000c00080c0                AcpiEvDeleteGpeBlock
                0x00000000c000843c                AcpiEvCreateGpeBlock
                0x00000000c00085b1                AcpiEvInitializeGpeBlock
 .text          0x00000000c000871c      0x48d acpica/evgpeinit.32
                0x00000000c000871c                AcpiEvMatchGpeMethod
                0x00000000c00088b3                AcpiEvGpeInitialize
                0x00000000c0008ab5                AcpiEvUpdateGpes
 .text          0x00000000c0008ba9      0x407 acpica/evgpeutil.32
                0x00000000c0008ba9                AcpiEvWalkGpeList
                0x00000000c0008c48                AcpiEvGetGpeDevice
                0x00000000c0008ca9                AcpiEvGetGpeXruptBlock
                0x00000000c0008dd8                AcpiEvDeleteGpeXrupt
                0x00000000c0008ea2                AcpiEvDeleteGpeHandlers
 .text          0x00000000c0008fb0      0x4a5 acpica/evhandler.32
                0x00000000c0008fb0                AcpiEvHasDefaultHandler
                0x00000000c0009010                AcpiEvFindRegionHandler
                0x00000000c0009146                AcpiEvInstallSpaceHandler
                0x00000000c00093cb                AcpiEvInstallRegionHandlers
 .text          0x00000000c0009455      0x32c acpica/evmisc.32
                0x00000000c00094fc                AcpiEvIsNotifyObject
                0x00000000c0009522                AcpiEvQueueNotifyRequest
                0x00000000c0009632                AcpiEvTerminate
 .text          0x00000000c0009781      0x9c7 acpica/evregion.32
                0x00000000c0009781                AcpiEvAddressSpaceDispatch
                0x00000000c0009a82                AcpiEvAttachRegion
                0x00000000c0009ad2                AcpiEvExecuteRegMethod
                0x00000000c0009cb9                AcpiEvDetachRegion
                0x00000000c000a053                AcpiEvExecuteRegMethods
                0x00000000c000a0bf                AcpiEvInitializeOpRegions
 .text          0x00000000c000a148      0x535 acpica/evrgnini.32
                0x00000000c000a148                AcpiEvSystemMemoryRegionSetup
                0x00000000c000a1f5                AcpiEvIoSpaceRegionSetup
                0x00000000c000a218                AcpiEvIsPciRootBridge
                0x00000000c000a2e3                AcpiEvPciConfigRegionSetup
                0x00000000c000a544                AcpiEvPciBarRegionSetup
                0x00000000c000a54a                AcpiEvCmosRegionSetup
                0x00000000c000a550                AcpiEvDefaultRegionSetup
                0x00000000c000a573                AcpiEvInitializeRegion
 .text          0x00000000c000a67d      0x1a4 acpica/evsci.32
                0x00000000c000a67d                AcpiEvSciDispatch
                0x00000000c000a739                AcpiEvGpeXruptHandler
                0x00000000c000a762                AcpiEvInstallSciHandler
                0x00000000c000a798                AcpiEvRemoveAllSciHandlers
 .text          0x00000000c000a821      0xcf1 acpica/evxface.32
                0x00000000c000a821                AcpiInstallNotifyHandler
                0x00000000c000aa7c                AcpiRemoveNotifyHandler
                0x00000000c000aca0                AcpiInstallExceptionHandler
                0x00000000c000aced                AcpiInstallSciHandler
                0x00000000c000addb                AcpiRemoveSciHandler
                0x00000000c000aec0                AcpiInstallGlobalEventHandler
                0x00000000c000af22                AcpiInstallFixedEventHandler
                0x00000000c000affd                AcpiRemoveFixedEventHandler
                0x00000000c000b295                AcpiInstallGpeHandler
                0x00000000c000b2bf                AcpiInstallGpeRawHandler
                0x00000000c000b2e9                AcpiRemoveGpeHandler
                0x00000000c000b479                AcpiAcquireGlobalLock
                0x00000000c000b4d8                AcpiReleaseGlobalLock
 .text          0x00000000c000b512      0x38d acpica/evxfevnt.32
                0x00000000c000b512                AcpiEnable
                0x00000000c000b584                AcpiDisable
                0x00000000c000b5e5                AcpiEnableEvent
                0x00000000c000b6b3                AcpiDisableEvent
                0x00000000c000b780                AcpiClearEvent
                0x00000000c000b7d5                AcpiGetEventStatus
 .text          0x00000000c000b89f      0xa22 acpica/evxfgpe.32
                0x00000000c000b89f                AcpiUpdateAllGpes
                0x00000000c000b92a                AcpiEnableGpe
                0x00000000c000b9aa                AcpiDisableGpe
                0x00000000c000ba0f                AcpiSetGpe
                0x00000000c000baba                AcpiMaskGpe
                0x00000000c000bb2c                AcpiMarkGpeForWake
                0x00000000c000bb98                AcpiSetupGpeForWake
                0x00000000c000bd1e                AcpiSetGpeWakeMask
                0x00000000c000be28                AcpiClearGpe
                0x00000000c000be96                AcpiGetGpeStatus
                0x00000000c000bf07                AcpiDispatchGpe
                0x00000000c000bf22                AcpiFinishGpe
                0x00000000c000bf89                AcpiDisableAllGpes
                0x00000000c000bfc4                AcpiEnableAllRuntimeGpes
                0x00000000c000bfff                AcpiEnableAllWakeupGpes
                0x00000000c000c03a                AcpiInstallGpeBlock
                0x00000000c000c18a                AcpiRemoveGpeBlock
                0x00000000c000c253                AcpiGetGpeDevice
 .text          0x00000000c000c2c1      0x1f7 acpica/evxfregn.32
                0x00000000c000c2c1                AcpiInstallAddressSpaceHandler
                0x00000000c000c367                AcpiRemoveAddressSpaceHandler
 .text          0x00000000c000c4b8      0x4fd acpica/exconcat.32
                0x00000000c000c555                AcpiExDoConcatenate
                0x00000000c000c8b3                AcpiExConcatTemplate
 .text          0x00000000c000c9b5      0x62b acpica/exconfig.32
                0x00000000c000ca78                AcpiExUnloadTable
                0x00000000c000cb2f                AcpiExLoadTableOp
                0x00000000c000cd50                AcpiExLoadOp
 .text          0x00000000c000cfe0      0x74e acpica/exconvrt.32
                0x00000000c000cfe0                AcpiExConvertToInteger
                0x00000000c000d13f                AcpiExConvertToBuffer
                0x00000000c000d39d                AcpiExConvertToString
                0x00000000c000d5e7                AcpiExConvertToTargetType
 .text          0x00000000c000d72e      0x52a acpica/excreate.32
                0x00000000c000d72e                AcpiExCreateAlias
                0x00000000c000d7b0                AcpiExCreateEvent
                0x00000000c000d833                AcpiExCreateMutex
                0x00000000c000d8e0                AcpiExCreateRegion
                0x00000000c000da40                AcpiExCreateProcessor
                0x00000000c000dae9                AcpiExCreatePowerResource
                0x00000000c000db7d                AcpiExCreateMethod
 .text          0x00000000c000dc58      0x557 acpica/exdebug.32
                0x00000000c000dc58                AcpiExDoDebugObject
 .text          0x00000000c000e1af        0x0 acpica/exdump.32
 .text          0x00000000c000e1af      0x4d5 acpica/exfield.32
                0x00000000c000e1af                AcpiExGetProtocolBufferLength
                0x00000000c000e203                AcpiExReadDataFromField
                0x00000000c000e42a                AcpiExWriteDataToField
 .text          0x00000000c000e684      0xed6 acpica/exfldio.32
                0x00000000c000e8c7                AcpiExAccessRegion
                0x00000000c000ea59                AcpiExInsertIntoField
                0x00000000c000f030                AcpiExWriteWithUpdateRule
                0x00000000c000f222                AcpiExExtractFromField
 .text          0x00000000c000f55a      0x664 acpica/exmisc.32
                0x00000000c000f55a                AcpiExGetObjectReference
                0x00000000c000f655                AcpiExDoMathOp
                0x00000000c000f826                AcpiExDoLogicalNumericOp
                0x00000000c000f92a                AcpiExDoLogicalOp
 .text          0x00000000c000fbbe      0x5d0 acpica/exmutex.32
                0x00000000c000fbbe                AcpiExUnlinkMutex
                0x00000000c000fc64                AcpiExAcquireMutexObject
                0x00000000c000fd39                AcpiExAcquireMutex
                0x00000000c000fe80                AcpiExReleaseMutexObject
                0x00000000c000ff1f                AcpiExReleaseMutex
                0x00000000c00100fc                AcpiExReleaseAllMutexes
 .text          0x00000000c001018e      0x457 acpica/exnames.32
                0x00000000c0010366                AcpiExGetNameString
 .text          0x00000000c00105e5     0x1142 acpica/exoparg1.32
                0x00000000c00105e5                AcpiExOpcode_0A_0T_1R
                0x00000000c001069b                AcpiExOpcode_1A_0T_0R
                0x00000000c001079d                AcpiExOpcode_1A_1T_0R
                0x00000000c0010817                AcpiExOpcode_1A_1T_1R
                0x00000000c0010fe7                AcpiExOpcode_1A_0T_1R
 .text          0x00000000c0011727      0x8df acpica/exoparg2.32
                0x00000000c0011727                AcpiExOpcode_2A_0T_0R
                0x00000000c00117f8                AcpiExOpcode_2A_2T_1R
                0x00000000c0011978                AcpiExOpcode_2A_1T_1R
                0x00000000c0011e25                AcpiExOpcode_2A_0T_1R
 .text          0x00000000c0012006      0x33c acpica/exoparg3.32
                0x00000000c0012006                AcpiExOpcode_3A_0T_0R
                0x00000000c0012105                AcpiExOpcode_3A_1T_1R
 .text          0x00000000c0012342      0x36c acpica/exoparg6.32
                0x00000000c001244f                AcpiExOpcode_6A_0T_1R
 .text          0x00000000c00126ae      0x53f acpica/exprep.32
                0x00000000c0012768                AcpiExPrepCommonFieldObject
                0x00000000c0012800                AcpiExPrepFieldValue
 .text          0x00000000c0012bed      0x4b7 acpica/exregion.32
                0x00000000c0012bed                AcpiExSystemMemorySpaceHandler
                0x00000000c0012ef2                AcpiExSystemIoSpaceHandler
                0x00000000c0012f6f                AcpiExPciConfigSpaceHandler
                0x00000000c0013000                AcpiExCmosSpaceHandler
                0x00000000c001301e                AcpiExPciBarSpaceHandler
                0x00000000c001303c                AcpiExDataTableSpaceHandler
 .text          0x00000000c00130a4      0x360 acpica/exresnte.32
                0x00000000c00130a4                AcpiExResolveNodeToValue
 .text          0x00000000c0013404      0x61b acpica/exresolv.32
                0x00000000c0013645                AcpiExResolveToValue
                0x00000000c0013705                AcpiExResolveMultiple
 .text          0x00000000c0013a1f      0x7cc acpica/exresop.32
                0x00000000c0013aac                AcpiExResolveOperands
 .text          0x00000000c00141eb      0x3a2 acpica/exserial.32
                0x00000000c00141eb                AcpiExReadGpio
                0x00000000c0014235                AcpiExWriteGpio
                0x00000000c0014299                AcpiExReadSerialBus
                0x00000000c00143f1                AcpiExWriteSerialBus
 .text          0x00000000c001458d      0x588 acpica/exstore.32
                0x00000000c00147a4                AcpiExStoreObjectToNode
                0x00000000c0014993                AcpiExStore
 .text          0x00000000c0014b15      0x296 acpica/exstoren.32
                0x00000000c0014b15                AcpiExResolveObject
                0x00000000c0014c33                AcpiExStoreObjectToObject
 .text          0x00000000c0014dab      0x202 acpica/exstorob.32
                0x00000000c0014dab                AcpiExStoreBufferToBuffer
                0x00000000c0014ea2                AcpiExStoreStringToString
 .text          0x00000000c0014fad      0x206 acpica/exsystem.32
                0x00000000c0014fad                AcpiExSystemWaitSemaphore
                0x00000000c0015007                AcpiExSystemWaitMutex
                0x00000000c0015061                AcpiExSystemDoStall
                0x00000000c00150ad                AcpiExSystemDoSleep
                0x00000000c0015101                AcpiExSystemSignalEvent
                0x00000000c0015130                AcpiExSystemWaitEvent
                0x00000000c001516a                AcpiExSystemResetEvent
 .text          0x00000000c00151b3      0x1ec acpica/extrace.32
                0x00000000c001521e                AcpiExTracePoint
                0x00000000c001522d                AcpiExStartTraceMethod
                0x00000000c00152e4                AcpiExStopTraceMethod
                0x00000000c001536f                AcpiExStartTraceOpcode
                0x00000000c0015387                AcpiExStopTraceOpcode
 .text          0x00000000c001539f      0x525 acpica/exutils.32
                0x00000000c001539f                AcpiExEnterInterpreter
                0x00000000c0015409                AcpiExExitInterpreter
                0x00000000c0015473                AcpiExTruncateFor32bitTable
                0x00000000c00154d9                AcpiExAcquireGlobalLock
                0x00000000c0015530                AcpiExReleaseGlobalLock
                0x00000000c0015608                AcpiExEisaIdToString
                0x00000000c0015729                AcpiExIntegerToString
                0x00000000c00157a2                AcpiExPciClsToString
                0x00000000c0015897                AcpiIsValidSpaceId
 .text          0x00000000c00158c4      0x1ae acpica/hwacpi.32
                0x00000000c00158c4                AcpiHwGetMode
                0x00000000c0015920                AcpiHwSetMode
 .text          0x00000000c0015a72      0x2a5 acpica/hwesleep.32
                0x00000000c0015a72                AcpiHwExecuteSleepMethod
                0x00000000c0015aea                AcpiHwExtendedSleep
                0x00000000c0015c39                AcpiHwExtendedWakePrep
                0x00000000c0015ca4                AcpiHwExtendedWake
 .text          0x00000000c0015d17      0x55c acpica/hwgpe.32
                0x00000000c0015d17                AcpiHwGetGpeRegisterBit
                0x00000000c0015d41                AcpiHwLowSetGpe
                0x00000000c0015e78                AcpiHwClearGpe
                0x00000000c0015ec6                AcpiHwGetGpeStatus
                0x00000000c0016069                AcpiHwDisableGpeBlock
                0x00000000c00160c5                AcpiHwEnableRuntimeGpeBlock
                0x00000000c00161b2                AcpiHwClearGpeBlock
                0x00000000c0016213                AcpiHwDisableAllGpes
                0x00000000c0016233                AcpiHwEnableAllRuntimeGpes
                0x00000000c0016253                AcpiHwEnableAllWakeupGpes
 .text          0x00000000c0016273      0x338 acpica/hwpci.32
                0x00000000c0016551                AcpiHwDerivePciId
 .text          0x00000000c00165ab      0xbfa acpica/hwregs.32
                0x00000000c00167c8                AcpiHwValidateRegister
                0x00000000c0016909                AcpiHwRead
                0x00000000c0016aff                AcpiHwWrite
                0x00000000c0016caf                AcpiHwGetBitRegisterInfo
                0x00000000c0016ce9                AcpiHwWritePm1Control
                0x00000000c0016e01                AcpiHwRegisterRead
                0x00000000c0016fb0                AcpiHwRegisterWrite
                0x00000000c0017138                AcpiHwClearAcpiStatus
 .text          0x00000000c00171a5      0x417 acpica/hwsleep.32
                0x00000000c00171a5                AcpiHwLegacySleep
                0x00000000c0017400                AcpiHwLegacyWakePrep
                0x00000000c00174f7                AcpiHwLegacyWake
 .text          0x00000000c00175bc      0x1a6 acpica/hwtimer.32
                0x00000000c00175bc                AcpiGetTimerResolution
                0x00000000c00175f1                AcpiGetTimer
                0x00000000c0017660                AcpiGetTimerDuration
 .text          0x00000000c0017762      0x331 acpica/hwvalid.32
                0x00000000c00178cb                AcpiHwReadPort
                0x00000000c00179bd                AcpiHwWritePort
 .text          0x00000000c0017a93      0x47c acpica/hwxface.32
                0x00000000c0017a93                AcpiReset
                0x00000000c0017b2b                AcpiRead
                0x00000000c0017b4a                AcpiWrite
                0x00000000c0017b78                AcpiReadBitRegister
                0x00000000c0017bf2                AcpiWriteBitRegister
                0x00000000c0017d12                AcpiGetSleepTypeData
 .text          0x00000000c0017f0f      0x3c1 acpica/hwxfsleep.32
                0x00000000c0017f81                AcpiSetFirmwareWakingVector
                0x00000000c0017fd6                AcpiEnterSleepStateS4bios
                0x00000000c001811e                AcpiEnterSleepStatePrep
                0x00000000c001820d                AcpiEnterSleepState
                0x00000000c001827c                AcpiLeaveSleepStatePrep
                0x00000000c00182a6                AcpiLeaveSleepState
 .text          0x00000000c00182d0      0x7cd acpica/nsaccess.32
                0x00000000c00182d0                AcpiNsRootInitialize
                0x00000000c0018647                AcpiNsLookup
 .text          0x00000000c0018a9d      0x44a acpica/nsalloc.32
                0x00000000c0018a9d                AcpiNsCreateNode
                0x00000000c0018ad9                AcpiNsDeleteNode
                0x00000000c0018b75                AcpiNsRemoveNode
                0x00000000c0018bde                AcpiNsInstallNode
                0x00000000c0018c92                AcpiNsDeleteChildren
                0x00000000c0018d06                AcpiNsDeleteNamespaceSubtree
                0x00000000c0018dbc                AcpiNsDeleteNamespaceByOwner
 .text          0x00000000c0018ee7      0x3ca acpica/nsarguments.32
                0x00000000c0018ee7                AcpiNsCheckArgumentTypes
                0x00000000c0018fef                AcpiNsCheckAcpiCompliance
                0x00000000c0019142                AcpiNsCheckArgumentCount
 .text          0x00000000c00192b1      0x5e2 acpica/nsconvert.32
                0x00000000c00192b1                AcpiNsConvertToInteger
                0x00000000c00193c8                AcpiNsConvertToString
                0x00000000c00194cb                AcpiNsConvertToBuffer
                0x00000000c0019624                AcpiNsConvertToUnicode
                0x00000000c00196e8                AcpiNsConvertToResource
                0x00000000c001979c                AcpiNsConvertToReference
 .text          0x00000000c0019893        0x0 acpica/nsdump.32
 .text          0x00000000c0019893        0x0 acpica/nsdumpdv.32
 .text          0x00000000c0019893      0x38e acpica/nseval.32
                0x00000000c0019893                AcpiNsEvaluate
 .text          0x00000000c0019c21      0x6b7 acpica/nsinit.32
                0x00000000c0019e3a                AcpiNsInitializeObjects
                0x00000000c0019e9b                AcpiNsInitializeDevices
                0x00000000c001a065                AcpiNsInitOnePackage
 .text          0x00000000c001a2d8       0xdb acpica/nsload.32
                0x00000000c001a2d8                AcpiNsLoadTable
 .text          0x00000000c001a3b3      0x592 acpica/nsnames.32
                0x00000000c001a3b3                AcpiNsHandleToName
                0x00000000c001a426                AcpiNsBuildNormalizedPath
                0x00000000c001a57f                AcpiNsGetPathnameLength
                0x00000000c001a5d6                AcpiNsHandleToPathname
                0x00000000c001a664                AcpiNsGetNormalizedPathname
                0x00000000c001a6e7                AcpiNsGetExternalPathname
                0x00000000c001a7fb                AcpiNsBuildPrefixedPathname
 .text          0x00000000c001a945      0x45a acpica/nsobject.32
                0x00000000c001a945                AcpiNsDetachObject
                0x00000000c001aa31                AcpiNsAttachObject
                0x00000000c001ab9f                AcpiNsGetAttachedObject
                0x00000000c001ac07                AcpiNsGetSecondaryObject
                0x00000000c001ac3d                AcpiNsAttachData
                0x00000000c001acdb                AcpiNsDetachData
                0x00000000c001ad53                AcpiNsGetAttachedData
 .text          0x00000000c001ad9f      0x359 acpica/nsparse.32
                0x00000000c001ad9f                AcpiNsExecuteTable
                0x00000000c001af49                AcpiNsOneCompleteParse
                0x00000000c001b0d9                AcpiNsParseTable
 .text          0x00000000c001b0f8      0x3b5 acpica/nspredef.32
                0x00000000c001b1c5                AcpiNsCheckObjectType
                0x00000000c001b396                AcpiNsCheckReturnValue
 .text          0x00000000c001b4ad      0x9d3 acpica/nsprepkg.32
                0x00000000c001b9f5                AcpiNsCheckPackage
 .text          0x00000000c001be80      0x47e acpica/nsrepair.32
                0x00000000c001bee4                AcpiNsRepairNullElement
                0x00000000c001bf9d                AcpiNsRemoveNullElements
                0x00000000c001c031                AcpiNsWrapWithPackage
                0x00000000c001c07f                AcpiNsSimpleRepair
 .text          0x00000000c001c2fe      0x9f8 acpica/nsrepair2.32
                0x00000000c001c6de                AcpiNsComplexRepairs
 .text          0x00000000c001ccf6      0x27a acpica/nssearch.32
                0x00000000c001ccf6                AcpiNsSearchOneScope
                0x00000000c001cdbe                AcpiNsSearchAndEnter
 .text          0x00000000c001cf70      0x819 acpica/nsutils.32
                0x00000000c001cf70                AcpiNsPrintNodePathname
                0x00000000c001cff0                AcpiNsGetType
                0x00000000c001d028                AcpiNsLocal
                0x00000000c001d076                AcpiNsGetInternalNameLength
                0x00000000c001d14f                AcpiNsBuildInternalName
                0x00000000c001d2f6                AcpiNsInternalizeName
                0x00000000c001d389                AcpiNsExternalizeName
                0x00000000c001d5cd                AcpiNsValidateHandle
                0x00000000c001d5f9                AcpiNsTerminate
                0x00000000c001d64a                AcpiNsOpensScope
                0x00000000c001d689                AcpiNsGetNodeUnlocked
                0x00000000c001d73f                AcpiNsGetNode
 .text          0x00000000c001d789      0x264 acpica/nswalk.32
                0x00000000c001d789                AcpiNsGetNextNode
                0x00000000c001d7a2                AcpiNsGetNextNodeTyped
                0x00000000c001d7f7                AcpiNsWalkNamespace
 .text          0x00000000c001d9ed      0x94e acpica/nsxfeval.32
                0x00000000c001dc59                AcpiEvaluateObject
                0x00000000c001df12                AcpiEvaluateObjectTyped
                0x00000000c001e08a                AcpiWalkNamespace
                0x00000000c001e148                AcpiGetDevices
                0x00000000c001e1bb                AcpiAttachData
                0x00000000c001e23e                AcpiDetachData
                0x00000000c001e2b8                AcpiGetData
 .text          0x00000000c001e33b      0x7f2 acpica/nsxfname.32
                0x00000000c001e33b                AcpiGetHandle
                0x00000000c001e3f2                AcpiGetName
                0x00000000c001e4d2                AcpiGetObjectInfo
                0x00000000c001e8e9                AcpiInstallMethod
 .text          0x00000000c001eb2d      0x1f1 acpica/nsxfobj.32
                0x00000000c001eb2d                AcpiGetType
                0x00000000c001ebbf                AcpiGetParent
                0x00000000c001ec4d                AcpiGetNextObject
 .text          0x00000000c001ed1e      0xb9c acpica/psargs.32
                0x00000000c001ed99                AcpiPsGetNextPackageEnd
                0x00000000c001edc0                AcpiPsGetNextNamestring
                0x00000000c001ee46                AcpiPsGetNextNamepath
                0x00000000c001f088                AcpiPsGetNextSimpleArg
                0x00000000c001f59a                AcpiPsGetNextArg
 .text          0x00000000c001f8ba      0x8ef acpica/psloop.32
                0x00000000c001fadd                AcpiPsParseLoop
 .text          0x00000000c00201a9      0xb0d acpica/psobject.32
                0x00000000c00202ee                AcpiPsBuildNamedOp
                0x00000000c00204b0                AcpiPsCreateOp
                0x00000000c002070f                AcpiPsCompleteOp
                0x00000000c0020b27                AcpiPsCompleteFinalOp
 .text          0x00000000c0020cb6        0x0 acpica/psopcode.32
 .text          0x00000000c0020cb6       0x97 acpica/psopinfo.32
                0x00000000c0020cb6                AcpiPsGetOpcodeInfo
                0x00000000c0020d20                AcpiPsGetOpcodeName
                0x00000000c0020d34                AcpiPsGetArgumentCount
 .text          0x00000000c0020d4d      0x936 acpica/psparse.32
                0x00000000c0020d4d                AcpiPsGetOpcodeSize
                0x00000000c0020d67                AcpiPsPeekOpcode
                0x00000000c0020da9                AcpiPsCompleteThisOp
                0x00000000c00210bf                AcpiPsNextParseState
                0x00000000c0021217                AcpiPsParseAml
 .text          0x00000000c0021683      0x1f4 acpica/psscope.32
                0x00000000c0021683                AcpiPsGetParentScope
                0x00000000c0021691                AcpiPsHasCompletedScope
                0x00000000c00216c5                AcpiPsInitScope
                0x00000000c002172b                AcpiPsPushScope
                0x00000000c00217ae                AcpiPsPopScope
                0x00000000c0021836                AcpiPsCleanupScope
 .text          0x00000000c0021877      0x218 acpica/pstree.32
                0x00000000c0021877                AcpiPsGetArg
                0x00000000c00218ef                AcpiPsAppendArg
                0x00000000c00219c5                AcpiPsGetDepthNext
 .text          0x00000000c0021a8f      0x1cc acpica/psutils.32
                0x00000000c0021a8f                AcpiPsInitOp
                0x00000000c0021ab0                AcpiPsAllocOp
                0x00000000c0021b7a                AcpiPsCreateScopeOp
                0x00000000c0021baf                AcpiPsFreeOp
                0x00000000c0021bf2                AcpiPsIsLeadingChar
                0x00000000c0021c18                AcpiPsGetName
                0x00000000c0021c3a                AcpiPsSetName
 .text          0x00000000c0021c5b       0x99 acpica/pswalk.32
                0x00000000c0021c5b                AcpiPsDeleteParseTree
 .text          0x00000000c0021cf4      0x4a2 acpica/psxface.32
                0x00000000c0021cf4                AcpiDebugTrace
                0x00000000c0021d4e                AcpiPsExecuteTable
                0x00000000c0021f29                AcpiPsExecuteMethod
 .text          0x00000000c0022196       0xf7 acpica/rsaddr.32
                0x00000000c0022196                AcpiRsGetAddressCommon
                0x00000000c002221e                AcpiRsSetAddressCommon
 .text          0x00000000c002228d      0x7f5 acpica/rscalc.32
                0x00000000c0022303                AcpiRsGetAmlLength
                0x00000000c00225bd                AcpiRsGetListLength
                0x00000000c0022959                AcpiRsGetPciRoutingTableLength
 .text          0x00000000c0022a82      0x567 acpica/rscreate.32
                0x00000000c0022a82                AcpiBufferToResource
                0x00000000c0022b3d                AcpiRsCreateResourceList
                0x00000000c0022bd9                AcpiRsCreatePciRoutingTable
                0x00000000c0022f60                AcpiRsCreateAmlResources
 .text          0x00000000c0022fe9        0x0 acpica/rsdump.32
 .text          0x00000000c0022fe9        0x0 acpica/rsdumpinfo.32
 .text          0x00000000c0022fe9        0x0 acpica/rsinfo.32
 .text          0x00000000c0022fe9        0x0 acpica/rsio.32
 .text          0x00000000c0022fe9        0x0 acpica/rsirq.32
 .text          0x00000000c0022fe9      0x2a0 acpica/rslist.32
                0x00000000c0022fe9                AcpiRsConvertAmlToResources
                0x00000000c00230fd                AcpiRsConvertResourcesToAml
 .text          0x00000000c0023289        0x0 acpica/rsmemory.32
 .text          0x00000000c0023289      0xd8c acpica/rsmisc.32
                0x00000000c0023289                AcpiRsConvertAmlToResource
                0x00000000c0023a14                AcpiRsConvertResourceToAml
 .text          0x00000000c0024015        0x0 acpica/rsserial.32
 .text          0x00000000c0024015      0x61c acpica/rsutils.32
                0x00000000c0024015                AcpiRsDecodeBitmask
                0x00000000c0024063                AcpiRsEncodeBitmask
                0x00000000c00240b4                AcpiRsMoveData
                0x00000000c002418c                AcpiRsSetResourceLength
                0x00000000c00241e4                AcpiRsSetResourceHeader
                0x00000000c002425b                AcpiRsGetResourceSource
                0x00000000c0024334                AcpiRsSetResourceSource
                0x00000000c0024399                AcpiRsGetPrtMethodData
                0x00000000c00243ec                AcpiRsGetCrsMethodData
                0x00000000c002443f                AcpiRsGetPrsMethodData
                0x00000000c0024492                AcpiRsGetAeiMethodData
                0x00000000c00244e5                AcpiRsGetMethodData
                0x00000000c0024536                AcpiRsSetSrsMethodData
 .text          0x00000000c0024631      0x698 acpica/rsxface.32
                0x00000000c0024770                AcpiGetIrqRoutingTable
                0x00000000c00247b3                AcpiGetCurrentResources
                0x00000000c00247f6                AcpiGetPossibleResources
                0x00000000c0024839                AcpiSetCurrentResources
                0x00000000c002489c                AcpiGetEventResources
                0x00000000c00248df                AcpiResourceToAddress64
                0x00000000c0024b00                AcpiWalkResourceBuffer
                0x00000000c0024bbe                AcpiWalkResources
                0x00000000c0024c73                AcpiGetVendorResource
 .text          0x00000000c0024cc9      0xd8f acpica/tbdata.32
                0x00000000c0024cc9                AcpiTbInitTableDescriptor
                0x00000000c0024d28                AcpiTbAcquireTable
                0x00000000c0024db0                AcpiTbReleaseTable
                0x00000000c0024e8c                AcpiTbAcquireTempTable
                0x00000000c0024f53                AcpiTbValidateTable
                0x00000000c0024fa3                AcpiTbInvalidateTable
                0x00000000c0024fe6                AcpiTbReleaseTempTable
                0x00000000c0024ffd                AcpiTbValidateTempTable
                0x00000000c00250e2                AcpiTbVerifyTempTable
                0x00000000c00252a8                AcpiTbResizeRootTableList
                0x00000000c002545a                AcpiTbGetNextTableDescriptor
                0x00000000c00254d7                AcpiTbTerminate
                0x00000000c0025577                AcpiTbDeleteNamespaceByOwner
                0x00000000c0025630                AcpiTbAllocateOwnerId
                0x00000000c0025698                AcpiTbReleaseOwnerId
                0x00000000c0025704                AcpiTbGetOwnerId
                0x00000000c002576a                AcpiTbIsTableLoaded
                0x00000000c00257ce                AcpiTbSetTableLoadedFlag
                0x00000000c002589a                AcpiTbNotifyTable
                0x00000000c00258c6                AcpiTbLoadTable
                0x00000000c002594f                AcpiTbInstallAndLoadTable
                0x00000000c00259c4                AcpiTbUnloadTable
 .text          0x00000000c0025a58      0x8f3 acpica/tbfadt.32
                0x00000000c002617a                AcpiTbCreateLocalFadt
                0x00000000c002621d                AcpiTbParseFadt
 .text          0x00000000c002634b      0x27a acpica/tbfind.32
                0x00000000c002634b                AcpiTbFindTable
 .text          0x00000000c00265c5      0x47b acpica/tbinstal.32
                0x00000000c00265c5                AcpiTbUninstallTable
                0x00000000c0026632                AcpiTbOverrideTable
                0x00000000c00267b8                AcpiTbInstallTableWithOverride
                0x00000000c0026898                AcpiTbInstallStandardTable
 .text          0x00000000c0026a40      0x2ae acpica/tbprint.32
                0x00000000c0026ae4                AcpiTbPrintTableHeader
                0x00000000c0026c3c                AcpiTbChecksum
                0x00000000c0026c6e                AcpiTbVerifyChecksum
 .text          0x00000000c0026cee      0x609 acpica/tbutils.32
                0x00000000c0026cee                AcpiTbInitializeFacs
                0x00000000c0026d92                AcpiTbCheckDsdtHeader
                0x00000000c0026e1c                AcpiTbCopyDsdt
                0x00000000c0026f81                AcpiTbParseRootTable
                0x00000000c0027213                AcpiTbGetTable
                0x00000000c0027292                AcpiTbPutTable
 .text          0x00000000c00272f7      0x62b acpica/tbxface.32
                0x00000000c00272f7                AcpiAllocateRootTable
                0x00000000c0027313                AcpiInitializeTables
                0x00000000c00273dd                AcpiReallocateRootTable
                0x00000000c0027527                AcpiGetTableHeader
                0x00000000c00276a7                AcpiGetTable
                0x00000000c0027768                AcpiPutTable
                0x00000000c00277ea                AcpiGetTableByIndex
                0x00000000c002786a                AcpiInstallTableHandler
                0x00000000c00278cc                AcpiRemoveTableHandler
 .text          0x00000000c0027922      0x519 acpica/tbxfload.32
                0x00000000c0027922                AcpiTbLoadNamespace
                0x00000000c0027bc4                AcpiLoadTables
                0x00000000c0027c49                AcpiInstallTable
                0x00000000c0027c99                AcpiLoadTable
                0x00000000c0027cfa                AcpiUnloadParentTable
                0x00000000c0027e12                AcpiUnloadTable
 .text          0x00000000c0027e3b      0x2e0 acpica/tbxfroot.32
                0x00000000c0027e3b                AcpiTbGetRsdpLength
                0x00000000c0027e7b                AcpiTbValidateRsdp
                0x00000000c0027ee9                AcpiTbScanMemoryForRsdp
                0x00000000c0027f31                AcpiFindRootPointer
 .text          0x00000000c002811b      0x31c acpica/utaddress.32
                0x00000000c002811b                AcpiUtAddAddressRange
                0x00000000c00281c5                AcpiUtRemoveAddressRange
                0x00000000c002824c                AcpiUtCheckAddressRange
                0x00000000c00283dd                AcpiUtDeleteAddressLists
 .text          0x00000000c0028437      0x28d acpica/utalloc.32
                0x00000000c0028437                AcpiOsAllocateZeroed
                0x00000000c002846c                AcpiUtCreateCaches
                0x00000000c0028530                AcpiUtDeleteCaches
                0x00000000c00285c4                AcpiUtValidateBuffer
                0x00000000c0028610                AcpiUtInitializeBuffer
 .text          0x00000000c00286c4       0xeb acpica/utascii.32
                0x00000000c00286c4                AcpiUtValidNameChar
                0x00000000c0028706                AcpiUtValidNameseg
                0x00000000c0028746                AcpiUtCheckAndRepairAscii
 .text          0x00000000c00287af      0x2b9 acpica/utbuffer.32
                0x00000000c00287af                AcpiUtDumpBuffer
                0x00000000c0028a30                AcpiUtDebugDumpBuffer
 .text          0x00000000c0028a68      0x2d4 acpica/utcache.32
                0x00000000c0028a68                AcpiOsCreateCache
                0x00000000c0028af0                AcpiOsPurgeCache
                0x00000000c0028b70                AcpiOsDeleteCache
                0x00000000c0028ba7                AcpiOsReleaseObject
                0x00000000c0028c5a                AcpiOsAcquireObject
 .text          0x00000000c0028d3c      0x6ff acpica/utclib.32
                0x00000000c0028d3c                memcmp
                0x00000000c0028d94                memmove
                0x00000000c0028e01                memcpy
                0x00000000c0028e78                memset
                0x00000000c0028ea1                strlen
                0x00000000c0028ec4                strpbrk
                0x00000000c0028f06                strtok
                0x00000000c0028f94                strcpy
                0x00000000c0028fc6                strncpy
                0x00000000c002901a                strcmp
                0x00000000c002905c                strchr
                0x00000000c0029085                strncmp
                0x00000000c00290e1                strcat
                0x00000000c0029122                strncat
                0x00000000c002917e                strstr
                0x00000000c00291d1                toupper
                0x00000000c00291f7                tolower
                0x00000000c002921d                simple_strtoul
 .text          0x00000000c002943b      0xaf8 acpica/utcopy.32
                0x00000000c0029798                AcpiUtCopyIobjectToEobject
                0x00000000c00299ca                AcpiUtCopyEobjectToIobject
                0x00000000c0029e98                AcpiUtCopyIobjectToIobject
 .text          0x00000000c0029f33        0x0 acpica/utdebug.32
 .text          0x00000000c0029f33      0x1db acpica/utdecode.32
                0x00000000c0029f33                AcpiUtGetRegionName
                0x00000000c0029f81                AcpiUtGetEventName
                0x00000000c0029f9d                AcpiUtGetTypeName
                0x00000000c0029fb9                AcpiUtGetObjectTypeName
                0x00000000c0029ffe                AcpiUtGetNodeName
                0x00000000c002a059                AcpiUtGetDescriptorName
                0x00000000c002a08c                AcpiUtGetReferenceName
                0x00000000c002a0e1                AcpiUtGetMutexName
                0x00000000c002a0fd                AcpiUtValidObjectType
 .text          0x00000000c002a10e      0x83c acpica/utdelete.32
                0x00000000c002a10e                AcpiUtRemoveReference
                0x00000000c002a645                AcpiUtUpdateObjectReference
                0x00000000c002a8dc                AcpiUtAddReference
                0x00000000c002a90d                AcpiUtDeleteInternalObjectList
 .text          0x00000000c002a94a      0x28c acpica/uterror.32
                0x00000000c002a94a                AcpiUtPredefinedWarning
                0x00000000c002a9aa                AcpiUtPredefinedInfo
                0x00000000c002aa0a                AcpiUtPredefinedBiosError
                0x00000000c002aa6a                AcpiUtPrefixedNamespaceError
                0x00000000c002ab3b                AcpiUtMethodError
 .text          0x00000000c002abd6      0x323 acpica/uteval.32
                0x00000000c002abd6                AcpiUtEvaluateObject
                0x00000000c002adb1                AcpiUtEvaluateNumericObject
                0x00000000c002adfe                AcpiUtExecute_STA
                0x00000000c002ae62                AcpiUtExecutePowerMethods
 .text          0x00000000c002aef9      0x124 acpica/utexcep.32
                0x00000000c002aef9                AcpiUtValidateException
                0x00000000c002afdb                AcpiFormatException
 .text          0x00000000c002b01d        0x0 acpica/utglobal.32
 .text          0x00000000c002b01d       0xea acpica/uthex.32
                0x00000000c002b01d                AcpiUtHexToAsciiChar
                0x00000000c002b069                AcpiUtAsciiCharToHex
                0x00000000c002b090                AcpiUtAsciiToHexByte
 .text          0x00000000c002b107      0x4eb acpica/utids.32
                0x00000000c002b107                AcpiUtExecute_HID
                0x00000000c002b1e7                AcpiUtExecute_UID
                0x00000000c002b2c7                AcpiUtExecute_CID
                0x00000000c002b4c0                AcpiUtExecute_CLS
 .text          0x00000000c002b5f2      0x344 acpica/utinit.32
                0x00000000c002b67a                AcpiUtInitGlobals
                0x00000000c002b8d9                AcpiUtSubsystemShutdown
 .text          0x00000000c002b936      0x1c7 acpica/utlock.32
                0x00000000c002b936                AcpiUtCreateRwLock
                0x00000000c002b985                AcpiUtDeleteRwLock
                0x00000000c002b9ce                AcpiUtAcquireReadLock
                0x00000000c002ba49                AcpiUtReleaseReadLock
                0x00000000c002babb                AcpiUtAcquireWriteLock
                0x00000000c002bae1                AcpiUtReleaseWriteLock
 .text          0x00000000c002bafd      0x210 acpica/utmath.32
                0x00000000c002bafd                AcpiUtShortMultiply
                0x00000000c002bb48                AcpiUtShortShiftLeft
                0x00000000c002bb91                AcpiUtShortShiftRight
                0x00000000c002bbda                AcpiUtShortDivide
                0x00000000c002bc6b                AcpiUtDivide
 .text          0x00000000c002bd0d      0x2ca acpica/utmisc.32
                0x00000000c002bd0d                AcpiUtIsPciRootBridge
                0x00000000c002bd49                AcpiUtDwordByteSwap
                0x00000000c002bd72                AcpiUtSetIntegerWidth
                0x00000000c002bdb3                AcpiUtCreateUpdateStateAndPush
                0x00000000c002be08                AcpiUtWalkPackageTree
 .text          0x00000000c002bfd7      0x371 acpica/utmutex.32
                0x00000000c002c042                AcpiUtMutexInitialize
                0x00000000c002c164                AcpiUtMutexTerminate
                0x00000000c002c1e1                AcpiUtAcquireMutex
                0x00000000c002c29c                AcpiUtReleaseMutex
 .text          0x00000000c002c348       0xd0 acpica/utnonansi.32
                0x00000000c002c348                AcpiUtStrlwr
                0x00000000c002c388                AcpiUtStrupr
                0x00000000c002c3c8                AcpiUtStricmp
 .text          0x00000000c002c418      0x5ff acpica/utobject.32
                0x00000000c002c418                AcpiUtValidInternalObject
                0x00000000c002c43c                AcpiUtAllocateObjectDescDbg
                0x00000000c002c485                AcpiUtDeleteObjectDesc
                0x00000000c002c4da                AcpiUtCreateInternalObjectDbg
                0x00000000c002c57c                AcpiUtCreatePackageObject
                0x00000000c002c5f0                AcpiUtCreateIntegerObject
                0x00000000c002c63c                AcpiUtCreateBufferObject
                0x00000000c002c6e3                AcpiUtCreateStringObject
                0x00000000c002c9ce                AcpiUtGetObjectSize
 .text          0x00000000c002ca17      0x4f3 acpica/utosi.32
                0x00000000c002ca17                AcpiUtInitializeInterfaces
                0x00000000c002caa1                AcpiUtInterfaceTerminate
                0x00000000c002cb72                AcpiUtInstallInterface
                0x00000000c002cc0b                AcpiUtRemoveInterface
                0x00000000c002cce1                AcpiUtUpdateInterfaces
                0x00000000c002cd72                AcpiUtGetInterface
                0x00000000c002cdb5                AcpiUtOsiImplementation
 .text          0x00000000c002cf0a      0x246 acpica/utownerid.32
                0x00000000c002cf0a                AcpiUtAllocateOwnerId
                0x00000000c002d06e                AcpiUtReleaseOwnerId
 .text          0x00000000c002d150       0xfd acpica/utpredef.32
                0x00000000c002d150                AcpiUtGetNextPredefinedMethod
                0x00000000c002d17a                AcpiUtMatchPredefinedMethod
                0x00000000c002d1cd                AcpiUtGetExpectedReturnTypes
 .text          0x00000000c002d24d      0x9ed acpica/utprint.32
                0x00000000c002d377                AcpiUtScanNumber
                0x00000000c002d3fa                AcpiUtPrintNumber
                0x00000000c002d6d0                vsnprintf
                0x00000000c002dbe9                snprintf
                0x00000000c002dc12                sprintf
 .text          0x00000000c002dc3a        0x0 acpica/utresdecode.32
 .text          0x00000000c002dc3a      0x3ad acpica/utresrc.32
                0x00000000c002dc3a                AcpiUtGetResourceType
                0x00000000c002dc57                AcpiUtGetResourceLength
                0x00000000c002dc8a                AcpiUtValidateResource
                0x00000000c002de1d                AcpiUtGetResourceHeaderLength
                0x00000000c002de31                AcpiUtGetDescriptorLength
                0x00000000c002de5e                AcpiUtWalkAmlResources
                0x00000000c002df9d                AcpiUtGetResourceEndTag
 .text          0x00000000c002dfe7      0x1ce acpica/utstate.32
                0x00000000c002dfe7                AcpiUtPushGenericState
                0x00000000c002dfff                AcpiUtPopGenericState
                0x00000000c002e022                AcpiUtCreateGenericState
                0x00000000c002e04e                AcpiUtCreateThreadState
                0x00000000c002e0d4                AcpiUtCreateUpdateState
                0x00000000c002e115                AcpiUtCreatePkgState
                0x00000000c002e161                AcpiUtCreateControlState
                0x00000000c002e191                AcpiUtDeleteGenericState
 .text          0x00000000c002e1b5      0x264 acpica/utstring.32
                0x00000000c002e1b5                AcpiUtPrintString
                0x00000000c002e37e                AcpiUtRepairName
 .text          0x00000000c002e419      0x425 acpica/utstrsuppt.32
                0x00000000c002e419                AcpiUtRemoveLeadingZeros
                0x00000000c002e43f                AcpiUtRemoveWhitespace
                0x00000000c002e474                AcpiUtRemoveHexPrefix
                0x00000000c002e4b1                AcpiUtDetectHexPrefix
                0x00000000c002e4df                AcpiUtDetectOctalPrefix
                0x00000000c002e6c4                AcpiUtConvertOctalString
                0x00000000c002e73e                AcpiUtConvertDecimalString
                0x00000000c002e7c1                AcpiUtConvertHexString
 .text          0x00000000c002e83e      0x238 acpica/utstrtoul64.32
                0x00000000c002e83e                AcpiUtStrtoul64
                0x00000000c002e950                AcpiUtImplicitStrtoul64
                0x00000000c002e9cc                AcpiUtExplicitStrtoul64
 .text          0x00000000c002ea76        0x0 acpica/uttrack.32
 .text          0x00000000c002ea76        0x0 acpica/utuuid.32
 .text          0x00000000c002ea76      0x641 acpica/utxface.32
                0x00000000c002ea76                AcpiTerminate
                0x00000000c002ea93                AcpiSubsystemStatus
                0x00000000c002eaab                AcpiGetSystemInfo
                0x00000000c002eb61                AcpiGetStatistics
                0x00000000c002ebb7                AcpiInstallInitializationHandler
                0x00000000c002ebe6                AcpiPurgeCachedObjects
                0x00000000c002ec37                AcpiInstallInterface
                0x00000000c002ecf8                AcpiRemoveInterface
                0x00000000c002ed6c                AcpiInstallInterfaceHandler
                0x00000000c002edd0                AcpiUpdateInterfaces
                0x00000000c002ee2d                AcpiCheckAddressRange
                0x00000000c002ee9d                AcpiDecodePldBuffer
 .text          0x00000000c002f0b7      0x245 acpica/utxferror.32
                0x00000000c002f0b7                AcpiError
                0x00000000c002f100                AcpiException
                0x00000000c002f170                AcpiWarning
                0x00000000c002f1b9                AcpiInfo
                0x00000000c002f1fa                AcpiBiosError
                0x00000000c002f243                AcpiBiosException
                0x00000000c002f2b3                AcpiBiosWarning
 .text          0x00000000c002f2fc      0x218 acpica/utxfinit.32
                0x00000000c002f2fc                AcpiInitializeSubsystem
                0x00000000c002f3fa                AcpiEnableSubsystem
                0x00000000c002f4c5                AcpiInitializeObjects
 .text          0x00000000c002f514      0x129 acpica/utxfmutex.32
                0x00000000c002f5a8                AcpiAcquireMutex
                0x00000000c002f5f9                AcpiReleaseMutex
 .text          0x00000000c002f63d      0xfbf core/malloc.32
                0x00000000c002f7a8                dlfree
                0x00000000c002fb03                dlmalloc
                0x00000000c0030040                dlrealloc
                0x00000000c00301f5                dlmemalign
                0x00000000c0030318                dlcalloc
                0x00000000c00303b2                dlcfree
                0x00000000c00303b7                dlindependent_calloc
                0x00000000c00303dc                dlindependent_comalloc
                0x00000000c00303f3                dlvalloc
                0x00000000c003041e                dlpvalloc
                0x00000000c0030454                dlmalloc_trim
                0x00000000c0030461                dlmalloc_usable_size
                0x00000000c0030492                dlmallinfo
                0x00000000c0030561                dlmalloc_stats
                0x00000000c0030572                dlmallopt
 .text          0x00000000c00305fc        0x0 libk/string.32
 .text          0x00000000c00305fc       0x51 fs/fat/diskio.32
                0x00000000c00305fc                disk_status
                0x00000000c00305ff                disk_initialize
                0x00000000c0030602                disk_read
                0x00000000c0030618                disk_write
                0x00000000c003062e                disk_ioctl
 .text          0x00000000c003064d     0x6833 fs/fat/ff.32
                0x00000000c003391b                f_mount
                0x00000000c003397d                f_open
                0x00000000c0033db9                f_read
                0x00000000c0034039                f_write
                0x00000000c00342f3                f_sync
                0x00000000c00344cf                f_close
                0x00000000c00344fe                f_lseek
                0x00000000c00349b5                f_opendir
                0x00000000c0034ab7                f_closedir
                0x00000000c0034ad9                f_readdir
                0x00000000c0034b74                f_stat
                0x00000000c0034c03                f_getfree
                0x00000000c0034dce                f_truncate
                0x00000000c0034ec6                f_unlink
                0x00000000c0035049                f_mkdir
                0x00000000c0035275                f_rename
                0x00000000c0035568                f_chmod
                0x00000000c0035646                f_utime
                0x00000000c0035724                f_getlabel
                0x00000000c0035912                f_setlabel
                0x00000000c0035b7f                f_forward
                0x00000000c0035d5d                f_mkfs
 .text          0x00000000c0036e80       0x2d fs/fat/ffsystem.32
                0x00000000c0036e80                ff_memalloc
                0x00000000c0036e96                ff_memfree
 .text          0x00000000c0036ead      0x253 fs/fat/ffunicode.32
                0x00000000c0036ead                ff_uni2oem
                0x00000000c0036f3d                ff_oem2uni
                0x00000000c0036fa9                ff_wtoupper
 .text          0x00000000c0037100      0x70e hal/libresample/samplerate.32
                0x00000000c0037188                src_delete
                0x00000000c00371c4                src_process
                0x00000000c00372ec                src_callback_read
                0x00000000c003744d                src_set_ratio
                0x00000000c00374a4                src_get_channels
                0x00000000c00374c6                src_reset
                0x00000000c003750a                src_new
                0x00000000c0037598                src_callback_new
                0x00000000c00375fa                src_get_name
                0x00000000c0037631                src_get_description
                0x00000000c0037668                src_get_version
                0x00000000c003766e                src_is_valid_ratio
                0x00000000c0037688                src_error
                0x00000000c0037696                src_strerror
                0x00000000c00376a9                src_simple
                0x00000000c00376fc                src_short_to_float_array
                0x00000000c0037722                src_float_to_short_array
                0x00000000c0037786                src_int_to_float_array
                0x00000000c00377ac                src_float_to_int_array
 .text          0x00000000c003780e      0x3fd hal/libresample/src_linear.32
                0x00000000c0037b66                linear_get_name
                0x00000000c0037b75                linear_get_description
                0x00000000c0037b84                linear_set_converter
 .text          0x00000000c0037c0b     0x1b46 hal/libresample/src_sinc.32
                0x00000000c0039561                sinc_get_name
                0x00000000c0039574                sinc_get_description
                0x00000000c0039587                sinc_set_converter
 .text          0x00000000c0039751      0x3d3 hal/libresample/src_zoh.32
                0x00000000c0039a7f                zoh_get_name
                0x00000000c0039a8e                zoh_get_description
                0x00000000c0039a9d                zoh_set_converter
 .text          0x00000000c0039b24     0x10e0 acpica/osl.32
                0x00000000c0039b24                Subhandler
                0x00000000c0039b60                isblank
                0x00000000c0039b78                iscntrl
                0x00000000c0039b90                isdigit
                0x00000000c0039ba8                islower
                0x00000000c0039bc0                isspace
                0x00000000c0039be1                isupper
                0x00000000c0039bf9                isalpha
                0x00000000c0039c23                isalnum
                0x00000000c0039c4d                ispunct
                0x00000000c0039c87                isgraph
                0x00000000c0039cb1                isprint
                0x00000000c0039cd2                isxdigit
                0x00000000c0039d08                AcpiOsInitialize
                0x00000000c0039d0e                AcpiOsTerminate
                0x00000000c0039d14                AcpiOsGetRootPointer
                0x00000000c0039d43                AcpiOsPredefinedOverride
                0x00000000c0039d67                AcpiOsTableOverride
                0x00000000c0039d77                AcpiOsPhysicalTableOverride
                0x00000000c0039d8e                AcpiOsReadPort
                0x00000000c0039e36                AcpiOsWritePort
                0x00000000c0039ed2                AcpiOsGetTimer
                0x00000000c0039ef2                AcpiOsWaitEventsComplete
                0x00000000c0039f0a                AcpiOsReadPciConfiguration
                0x00000000c0039fde                AcpiOsWritePciConfiguration
                0x00000000c003a0d3                AcpiOsSignal
                0x00000000c003a109                AcpiOsReadMemory
                0x00000000c003a1d5                AcpiOsEnterSleep
                0x00000000c003a1e8                AcpiOsWriteMemory
                0x00000000c003a29c                AcpiOsMapMemory
                0x00000000c003a3d5                AcpiOsUnmapMemory
                0x00000000c003a3d7                AcpiOsGetPhysicalAddress
                0x00000000c003a407                AcpiOsAllocate
                0x00000000c003a425                AcpiOsFree
                0x00000000c003a43c                AcpiOsReadable
                0x00000000c003a455                AcpiOsWritable
                0x00000000c003a46e                AcpiOsGetThreadId
                0x00000000c003a479                AcpiOsExecute
                0x00000000c003a495                AcpiOsSleep
                0x00000000c003a4db                AcpiOsStall
                0x00000000c003a535                AcpiOsCreateSemaphore
                0x00000000c003a57c                AcpiOsDeleteSemaphore
                0x00000000c003a599                AcpiOsWaitSemaphore
                0x00000000c003a66d                AcpiOsSignalSemaphore
                0x00000000c003a696                AcpiOsCreateLock
                0x00000000c003a6c3                AcpiOsDeleteLock
                0x00000000c003a6c5                AcpiOsAcquireLock
                0x00000000c003a6db                AcpiOsReleaseLock
                0x00000000c003a6f6                AcpiOsInstallInterruptHandler
                0x00000000c003a755                AcpiOsRemoveInterruptHandler
                0x00000000c003a771                __i__int_str
                0x00000000c003ab2e                __i_displayCharacter
                0x00000000c003ab8d                __i_displayString
                0x00000000c003abdb                __i_internal_printf
                0x00000000c003abe1                AcpiOsVprintf
                0x00000000c003abe3                AcpiOsPrintf
 .text          0x00000000c003ac04      0x68d core/computer.32
                0x00000000c003ac04                Computer::close(int, int, void*)
                0x00000000c003ac48                Computer::Computer()
                0x00000000c003ac48                Computer::Computer()
                0x00000000c003ada4                Computer::setBootMessage(char const*)
                0x00000000c003ada6                Computer::start()
                0x00000000c003ae80                firstTask()
                0x00000000c003ae8e                Computer::detectFeatures()
                0x00000000c003b068                Computer::displayFeatures()
                0x00000000c003b06a                Computer::rdmsr(unsigned int)
                0x00000000c003b096                Computer::wrmsr(unsigned int, unsigned long long)
                0x00000000c003b0ce                Computer::nmiEnabled()
                0x00000000c003b0da                Computer::readCMOS(unsigned char)
                0x00000000c003b0f4                Computer::enableNMI(bool)
                0x00000000c003b10c                Computer::open(int, int, void*)
                0x00000000c003b1d4                Computer::disableNMI()
                0x00000000c003b1e2                Computer::writeCMOS(unsigned char, unsigned char)
                0x00000000c003b200                Computer::handleNMI()
                0x00000000c003b266                Computer::setDiskActivityLight(int, bool)
 .text          0x00000000c003b291      0xf96 core/elf.32
                0x00000000c003b291                allocateMemoryForTask(Process*, File*, unsigned long, unsigned long, unsigned long)
                0x00000000c003b50e                loadProgramIntoMemory(Process*, char const*)
                0x00000000c003b724                runtimeReferenceHelper()
                0x00000000c003b737                getAddressOfKernelSymbol(char const*)
                0x00000000c003b786                loadKernelSymbolTable(char const*)
                0x00000000c003ba47                loadDriverIntoMemory(char const*, unsigned long)
                0x00000000c003c150                loadDLL(char const*)
                0x00000000c003c219                executeDLL(unsigned long, void*)
 *fill*         0x00000000c003c227        0x1 
 .text          0x00000000c003c228      0x1b7 core/gdt.32
                0x00000000c003c228                GDTEntry::setBase(unsigned int)
                0x00000000c003c244                GDTEntry::setLimit(unsigned int)
                0x00000000c003c262                GDT::GDT()
                0x00000000c003c262                GDT::GDT()
                0x00000000c003c278                GDT::addEntry(GDTEntry)
                0x00000000c003c2b4                GDT::getNumberOfEntries()
                0x00000000c003c2bc                GDT::flush()
                0x00000000c003c2de                GDT::setup()
 .text          0x00000000c003c3df       0x61 core/idle.32
                0x00000000c003c3df                idleFunction(void*)
 .text          0x00000000c003c440      0x45f core/idt.32
                0x00000000c003c440                IDTEntry::IDTEntry(bool)
                0x00000000c003c440                IDTEntry::IDTEntry(bool)
                0x00000000c003c4ae                IDTEntry::setOffset(unsigned int)
                0x00000000c003c4c2                IDT::IDT()
                0x00000000c003c4c2                IDT::IDT()
                0x00000000c003c4c4                IDT::getPointerToInvalidOpcodeEntryForF00F()
                0x00000000c003c4cc                IDT::addEntry(IDTEntry, int)
                0x00000000c003c4e6                IDT::addEntry(int, void (*)(), bool)
                0x00000000c003c51e                IDT::flush()
                0x00000000c003c538                IDT::setup()
 .text          0x00000000c003c89f      0x519 core/kconsole.32
                0x00000000c003c89f                stringifyxWithBase(unsigned int, char*, int)
                0x00000000c003c900                logc(char)
                0x00000000c003c917                logs(char*)
                0x00000000c003c934                logWriteInt(unsigned int)
                0x00000000c003c951                logWriteIntBase(unsigned int, int)
                0x00000000c003c970                kprintf(char const*, ...)
                0x00000000c003ca8e                panic(char const*)
 .text          0x00000000c003cdb8      0x20d core/kheap.32
                0x00000000c003cdb8                sbrk
                0x00000000c003ced0                mmap
                0x00000000c003cee6                munmap
                0x00000000c003cefc                liballoc_lock()
                0x00000000c003cf0d                liballoc_unlock()
                0x00000000c003cf1e                liballoc_alloc(int)
                0x00000000c003cf39                liballoc_free(void*, int)
                0x00000000c003cf57                realloc
                0x00000000c003cf6b                malloc
                0x00000000c003cf7b                free
                0x00000000c003cf8b                rfree
                0x00000000c003cf9b                calloc
 .text          0x00000000c003cfc5      0x38d core/main.32
                0x00000000c003cfc5                hwTextMode_loadInData(VgaText*)
                0x00000000c003d00a                hwTextMode_loadInTitle(VgaText*, char*)
                0x00000000c003d04c                hwTextMode_showCursor(VgaText*, bool)
                0x00000000c003d0a0                hwTextMode_update(VgaText*)
                0x00000000c003d0a1                hwTextMode_updateCursor(VgaText*)
                0x00000000c003d0e9                hwTextMode_disableBlink(VgaText*, bool)
                0x00000000c003d125                hwTextMode_scrollScreen(VgaText*)
                0x00000000c003d1ab                hwTextMode_writeCharacter(VgaText*, char, VgaColour, VgaColour, int, int)
                0x00000000c003d209                setupTextMode()
                0x00000000c003d25a                kernel_main
 .text          0x00000000c003d352      0x46c core/physmgr.32
                0x00000000c003d352                Phys::allocateDMA(unsigned long)
                0x00000000c003d3f5                Phys::freeDMA(unsigned long, unsigned long)
                0x00000000c003d43d                Phys::setPageState(unsigned long, bool)
                0x00000000c003d46f                Phys::getPageState(unsigned long)
                0x00000000c003d48b                Phys::freePage(unsigned long)
                0x00000000c003d515                Phys::allocatePage()
                0x00000000c003d5d1                Phys::allowSegmentToBeUsed(unsigned long, unsigned long)
                0x00000000c003d609                Phys::physicalMemorySetup(unsigned int)
 .text          0x00000000c003d7be      0x273 core/pipe.32
                0x00000000c003d7be                Pipe::isAtty()
                0x00000000c003d7c2                Pipe::~Pipe()
                0x00000000c003d7c2                Pipe::~Pipe()
                0x00000000c003d7e6                Pipe::~Pipe()
                0x00000000c003d80e                Pipe::read(unsigned long long, void*, int*)
                0x00000000c003d902                Pipe::write(unsigned long long, void*, int*)
                0x00000000c003d9ca                Pipe::Pipe(int)
                0x00000000c003d9ca                Pipe::Pipe(int)
 *fill*         0x00000000c003da31        0x1 
 .text          0x00000000c003da32     0x1154 core/prcssthr.32
                0x00000000c003da32                changeTSS
                0x00000000c003da60                Process::addArgs(char**)
                0x00000000c003daba                Process::Process(char const*, Process*, char**)
                0x00000000c003daba                Process::Process(char const*, Process*, char**)
                0x00000000c003dc72                Process::Process(bool, char const*, Process*, char**)
                0x00000000c003dc72                Process::Process(bool, char const*, Process*, char**)
                0x00000000c003ddf5                disableIRQs()
                0x00000000c003ddfd                getIRQNestingLevel()
                0x00000000c003de03                enableIRQs()
                0x00000000c003de12                lockScheduler()
                0x00000000c003de14                unlockScheduler()
                0x00000000c003de16                userModeEntryPoint(void*)
                0x00000000c003de39                lockStuff()
                0x00000000c003de45                taskStartupFunction
                0x00000000c003de4e                updateTimeUsed()
                0x00000000c003deac                switchToThread(ThreadControlBlock*)
                0x00000000c003defc                Semaphore::Semaphore(int)
                0x00000000c003defc                Semaphore::Semaphore(int)
                0x00000000c003df2a                Mutex::Mutex()
                0x00000000c003df2a                Mutex::Mutex()
                0x00000000c003df3c                Process::createThread(void (*)(void*), void*, int)
                0x00000000c003e020                Process::createUserThread()
                0x00000000c003e03c                setupMultitasking(void (*)())
                0x00000000c003e146                schedule()
                0x00000000c003e1cb                unlockStuff()
                0x00000000c003e200                forkProcess(regs*)
                0x00000000c003e36e                Semaphore::tryAcquire()
                0x00000000c003e39c                Semaphore::assertLocked(char const*)
                0x00000000c003e3cf                blockTaskWithSchedulerLockAlreadyHeld(TaskState)
                0x00000000c003e411                blockTask(TaskState)
                0x00000000c003e432                waitTask(int, int*, int)
                0x00000000c003e474                nanoSleepUntil(unsigned long long)
                0x00000000c003e4cb                nanoSleep(unsigned long long)
                0x00000000c003e4e0                sleep(unsigned long long)
                0x00000000c003e4fe                Semaphore::acquire()
                0x00000000c003e566                execveProcess(char const*, char* const*, char* const*)
                0x00000000c003e5f4                taskReturned
                0x00000000c003e636                unblockTask(ThreadControlBlock*)
                0x00000000c003e6e5                cleanupTerminatedTask(ThreadControlBlock*)
                0x00000000c003e982                cleanerTaskFunction(void*)
                0x00000000c003ea12                terminateTask(int)
                0x00000000c003ea9a                Semaphore::release()
 .text          0x00000000c003eb86      0xd8a core/syscalls.32
                0x00000000c003eb86                sysCallGetPID(regs*)
                0x00000000c003eb92                sysCallSeekDir(regs*)
                0x00000000c003eb97                sysCallTellDir(regs*)
                0x00000000c003eb9c                sysCallVerify(regs*)
                0x00000000c003eba6                sysCallGetArgc(regs*)
                0x00000000c003ebb6                sysFormatDisk(regs*)
                0x00000000c003ec20                sysSetDiskVolumeLabel(regs*)
                0x00000000c003ec66                sysGetDiskVolumeLabel(regs*)
                0x00000000c003ecb7                sysShutdown(regs*)
                0x00000000c003ecff                sysCallGetCwd(regs*)
                0x00000000c003ed1e                sysCallSetCwd(regs*)
                0x00000000c003ed3a                sysCallRealpath(regs*)
                0x00000000c003ed7d                sysCallOpen(regs*)
                0x00000000c003ee6d                sysCallReadDir(regs*)
                0x00000000c003eedc                sysCallIsATTY(regs*)
                0x00000000c003ef2f                sysCallSeek(regs*)
                0x00000000c003ef80                sysCallTell(regs*)
                0x00000000c003efcc                sysCallSizeFromFilename(regs*)
                0x00000000c003f045                sysCallSize(regs*)
                0x00000000c003f097                sysCallClose(regs*)
                0x00000000c003f0e5                sysCallOpenDir(regs*)
                0x00000000c003f152                sysCallMakeDir(regs*)
                0x00000000c003f1ab                sysCallCloseDir(regs*)
                0x00000000c003f1f9                sysCallWait(regs*)
                0x00000000c003f213                sysCallFork(regs*)
                0x00000000c003f22f                sysCallExecve(regs*)
                0x00000000c003f284                sysCallRmdir(regs*)
                0x00000000c003f2d6                sysCallUnlink(regs*)
                0x00000000c003f328                sysCallGetArgv(regs*)
                0x00000000c003f374                sysCallTTYName(regs*)
                0x00000000c003f3f0                sysCallGetEnv(regs*)
                0x00000000c003f442                sysCallUSleep(regs*)
                0x00000000c003f469                sysCallSpawn(regs*)
                0x00000000c003f4d9                sysAppSettings(regs*)
                0x00000000c003f5f8                sysSetFatAttrib(regs*)
                0x00000000c003f658                sysPanic(regs*)
                0x00000000c003f67e                sysPipe(regs*)
                0x00000000c003f6c3                sysGetUnixTime(regs*)
                0x00000000c003f6d7                string_ends_with(char const*, char const*)
                0x00000000c003f71f                setupSystemCalls()
                0x00000000c003f8ce                systemCall(regs*, void*)
 .text          0x00000000c003f910      0xf65 core/terminal.32
                0x00000000c003f910                VgaText::isAtty()
                0x00000000c003f914                VgaText::~VgaText()
                0x00000000c003f914                VgaText::~VgaText()
                0x00000000c003f938                VgaText::~VgaText()
                0x00000000c003f962                VgaText::read(unsigned long long, void*, int*)
                0x00000000c003f982                setTerminalScrollLock(bool)
                0x00000000c003f983                addToTerminalCycle(VgaText*)
                0x00000000c003f9b0                installVgaTextImplementation()
                0x00000000c003f9c5                scrollTerminalScrollLock(int)
                0x00000000c003f9c6                VgaText::load()
                0x00000000c003fa1a                VgaText::updateCursor()
                0x00000000c003fa34                VgaText::showCursor(bool)
                0x00000000c003fa44                VgaText::disableBlink(bool)
                0x00000000c003fa7e                VgaText::doANSI_SGR(int)
                0x00000000c003fb0a                VgaText::setDefaultBgColour(VgaColour)
                0x00000000c003fb20                VgaText::setDefaultFgColour(VgaColour)
                0x00000000c003fb36                VgaText::setDefaultColours(VgaColour, VgaColour)
                0x00000000c003fb56                VgaText::combineColours(unsigned char, unsigned char)
                0x00000000c003fb68                VgaText::scrollScreen()
                0x00000000c003fbfc                VgaText::combineCharAndColour(char, unsigned char)
                0x00000000c003fc0e                VgaText::writeCharacter(char, VgaColour, VgaColour, int, int)
                0x00000000c003fc6e                VgaText::getCursorX()
                0x00000000c003fc7a                VgaText::getCursorY()
                0x00000000c003fc86                VgaText::setCursor(int, int)
                0x00000000c003fca4                VgaText::setCursorX(int)
                0x00000000c003fcc0                VgaText::setCursorY(int)
                0x00000000c003fcdc                VgaText::incrementCursor(bool)
                0x00000000c003fd44                VgaText::updateRAMUsageDisplay(int)
                0x00000000c003fd9e                VgaText::updateDiskUsage()
                0x00000000c003ff04                VgaText::updateTitle()
                0x00000000c003ff4a                VgaText::setTitleTextColour(VgaColour)
                0x00000000c003ff5a                VgaText::setTitleColour(VgaColour)
                0x00000000c003ff6a                VgaText::setTitle(char*)
                0x00000000c003ff90                VgaText::decrementCursor(bool)
                0x00000000c003ffb8                VgaText::putchar(char, VgaColour, VgaColour)