Archive member included to satisfy reference by file (symbol)

/cygdrive/c/Users/Alex/Toolchain/Output/bin/../lib/gcc/i386-banana/8.1.0/libkgcc.a(_divdi3.o)
                              krnl/resolve.32 (__divdi3)
/cygdrive/c/Users/Alex/Toolchain/Output/bin/../lib/gcc/i386-banana/8.1.0/libkgcc.a(_moddi3.o)
                              krnl/resolve.32 (__moddi3)
/cygdrive/c/Users/Alex/Toolchain/Output/bin/../lib/gcc/i386-banana/8.1.0/libkgcc.a(_udivdi3.o)
                              hal/clock.32 (__udivdi3)
/cygdrive/c/Users/Alex/Toolchain/Output/bin/../lib/gcc/i386-banana/8.1.0/libkgcc.a(_umoddi3.o)
                              hal/clock.32 (__umoddi3)

Allocating common symbols
Common symbol       size              file

dcache              0x40              fs/iso9660/iso9660.32
cdDriveLetter       0x1               fs/iso9660/iso9660.32
icache              0x40              fs/iso9660/iso9660.32

Discarded input sections

 .comment       0x0000000000000000       0x12 /cygdrive/c/Users/Alex/Toolchain/Output/bin/../lib/gcc/i386-banana/8.1.0/crtbegin.o
 .comment       0x0000000000000000       0x12 acpica/utclib.32
 .comment       0x0000000000000000       0x12 krnl/malloc.32
 .comment       0x0000000000000000       0x12 libk/ctype.32
 .comment       0x0000000000000000       0x12 libk/string.32
 .comment       0x0000000000000000       0x12 arch/i386/cc.32
 .comment       0x0000000000000000       0x12 fs/fat/diskio.32
 .comment       0x0000000000000000       0x12 fs/fat/ff.32
 .comment       0x0000000000000000       0x12 fs/fat/ffsystem.32
 .comment       0x0000000000000000       0x12 fs/fat/ffunicode.32
 .comment       0x0000000000000000       0x12 fs/iso9660/iso9660.32
 .comment       0x0000000000000000       0x12 dbg/kconsole.32
 .comment       0x0000000000000000       0x12 dbg/usban.32
 .comment       0x0000000000000000       0x12 fs/symlink.32
 .group         0x0000000000000000        0xc fs/vfs.32
 .group         0x0000000000000000        0xc fs/vfs.32
 .group         0x0000000000000000        0xc fs/vfs.32
 .comment       0x0000000000000000       0x12 fs/vfs.32
 .group         0x0000000000000000        0xc hal/bus.32
 .comment       0x0000000000000000       0x12 hal/bus.32
 .comment       0x0000000000000000       0x12 hal/buzzer.32
 .group         0x0000000000000000        0xc hal/clock.32
 .comment       0x0000000000000000       0x12 hal/clock.32
 .group         0x0000000000000000       0x14 hal/device.32
 .group         0x0000000000000000        0xc hal/device.32
 .group         0x0000000000000000        0x8 hal/device.32
 .group         0x0000000000000000        0xc hal/device.32
 .group         0x0000000000000000        0xc hal/device.32
 .comment       0x0000000000000000       0x12 hal/device.32
 .group         0x0000000000000000        0xc hal/diskctrl.32
 .comment       0x0000000000000000       0x12 hal/diskctrl.32
 .group         0x0000000000000000        0xc hal/diskphys.32
 .comment       0x0000000000000000       0x12 hal/diskphys.32
 .comment       0x0000000000000000       0x12 hal/fpu.32
 .comment       0x0000000000000000       0x12 hal/intctrl.32
 .group         0x0000000000000000        0xc hal/keybrd.32
 .comment       0x0000000000000000       0x12 hal/keybrd.32
 .group         0x0000000000000000        0xc hal/logidisk.32
 .comment       0x0000000000000000       0x12 hal/logidisk.32
 .group         0x0000000000000000        0xc hal/mouse.32
 .comment       0x0000000000000000       0x12 hal/mouse.32
 .group         0x0000000000000000        0xc hal/nic.32
 .comment       0x0000000000000000       0x12 hal/nic.32
 .comment       0x0000000000000000       0x12 hal/partition.32
 .group         0x0000000000000000        0xc hal/serial.32
 .comment       0x0000000000000000       0x12 hal/serial.32
 .group         0x0000000000000000        0x8 hal/timer.32
 .group         0x0000000000000000        0x8 hal/timer.32
 .group         0x0000000000000000        0xc hal/timer.32
 .group         0x0000000000000000        0xc hal/timer.32
 .group         0x0000000000000000        0xc hal/timer.32
 .comment       0x0000000000000000       0x12 hal/timer.32
 .group         0x0000000000000000        0xc hal/vcache.32
 .comment       0x0000000000000000       0x12 hal/vcache.32
 .group         0x0000000000000000        0xc hal/video.32
 .comment       0x0000000000000000       0x12 hal/video.32
 .group         0x0000000000000000       0x14 hw/acpi.32
 .group         0x0000000000000000        0x8 hw/acpi.32
 .group         0x0000000000000000        0x8 hw/acpi.32
 .group         0x0000000000000000        0x8 hw/acpi.32
 .group         0x0000000000000000        0xc hw/acpi.32
 .group         0x0000000000000000        0xc hw/acpi.32
 .comment       0x0000000000000000       0x12 hw/acpi.32
 .comment       0x0000000000000000       0x12 krnl/atexit.32
 .comment       0x0000000000000000       0x12 krnl/bootmsg.32
 .comment       0x0000000000000000       0x12 krnl/c++.32
[...]
Memory Configuration

Name             Origin             Length             Attributes
*default*        0x0000000000000000 0xffffffffffffffff

Linker script and memory map

LOAD C:/Users/Alex/Desktop/Banana/kernel/boot.32
LOAD crti.32
LOAD /cygdrive/c/Users/Alex/Toolchain/Output/bin/../lib/gcc/i386-banana/8.1.0/crtbegin.o
LOAD C:/Users/Alex/Desktop/Banana/kernel/morenasm.32
LOAD acpica/utclib.32
LOAD krnl/malloc.32
LOAD libk/ctype.32
LOAD libk/string.32
LOAD arch/i386/cc.32
LOAD fs/fat/diskio.32
LOAD fs/fat/ff.32
LOAD fs/fat/ffsystem.32
LOAD fs/fat/ffunicode.32
LOAD fs/iso9660/iso9660.32
LOAD dbg/kconsole.32
LOAD dbg/usban.32
LOAD fs/symlink.32
LOAD fs/vfs.32
LOAD hal/bus.32
LOAD hal/buzzer.32
LOAD hal/clock.32
LOAD hal/device.32
LOAD hal/diskctrl.32
LOAD hal/diskphys.32
LOAD hal/fpu.32
LOAD hal/intctrl.32
LOAD hal/keybrd.32
LOAD hal/logidisk.32
LOAD hal/mouse.32
LOAD hal/nic.32
LOAD hal/partition.32
LOAD hal/serial.32
LOAD hal/timer.32
LOAD hal/vcache.32
LOAD hal/video.32
LOAD hw/acpi.32
LOAD krnl/atexit.32
LOAD krnl/bootmsg.32
LOAD krnl/c++.32
LOAD krnl/cdefs.32
LOAD krnl/cm.32
LOAD krnl/compat.32
LOAD krnl/computer.32
LOAD krnl/crc32.32
LOAD krnl/env.32
LOAD krnl/fault.32
LOAD krnl/gdt.32
LOAD krnl/idle.32
LOAD krnl/idt.32
LOAD krnl/inlines.32
LOAD krnl/kheap.32
LOAD krnl/mailbox.32
LOAD krnl/main.32
LOAD krnl/mutex.32
LOAD krnl/panic.32
LOAD krnl/physmgr.32
LOAD krnl/pipe.32
LOAD krnl/powctrl.32
LOAD krnl/random.32
LOAD krnl/resolve.32
LOAD krnl/semaphore.32
LOAD krnl/signal.32
LOAD krnl/syscalls.32
LOAD krnl/terminal.32
LOAD krnl/tss.32
LOAD krnl/unixfile.32
LOAD krnl/virtmgr.32
LOAD sys/eject.32
LOAD sys/exit.32
LOAD sys/getcwd.32
LOAD sys/getpid.32
LOAD sys/getramdata.32
LOAD sys/getvgaptr.32
LOAD sys/kill.32
LOAD sys/loaddll.32
LOAD sys/read.32
LOAD sys/registersignal.32
LOAD sys/registry.32
LOAD sys/sbrk.32
LOAD sys/setcwd.32
LOAD sys/settime.32
LOAD sys/symlink.32
LOAD sys/timezone.32
LOAD sys/truncate.32
LOAD sys/write.32
LOAD sys/wsbe.32
LOAD sys/yield.32
LOAD thr/elf.32
LOAD thr/exec.32
LOAD thr/prcssthr.32
LOAD vm86/vm8086.32
LOAD arch/i386/hal.32
LOAD arch/i386/intctrl.32
LOAD arch/i386/pic.32
LOAD arch/i386/rtc.32
LOAD arch/i386/vga.32
LOAD fs/fat/vfslink.32
LOAD fs/iso9660/helper.32
LOAD fs/iso9660/vfslink.32
LOAD hal/sound/sndcard.32
LOAD hal/sound/sndport.32
LOAD hw/bus/isa.32
LOAD hw/bus/pci.32
LOAD hw/diskctrl/ide.32
LOAD hw/diskctrl/satabus.32
LOAD hw/diskphys/ata.32
LOAD hw/diskphys/atapi.32
LOAD hw/diskphys/sata.32
LOAD hw/diskphys/satapi.32
LOAD hw/intctrl/apic.32
LOAD hw/timer/apictimer.32
LOAD hw/timer/pit.32
LOAD arch/i386/avx.32
LOAD arch/i386/interrupt.32
LOAD arch/i386/rdrand.32
LOAD arch/i386/sse.32
LOAD arch/i386/x87.32
LOAD /cygdrive/c/Users/Alex/Toolchain/Output/bin/../lib/gcc/i386-banana/8.1.0/crtend.o
LOAD crtn.32
LOAD /cygdrive/c/Users/Alex/Toolchain/Output/bin/../lib/gcc/i386-banana/8.1.0/libkgcc.a
LOAD C:/Users/Alex/Desktop/Banana/kernel/libsoftfp.a
LOAD C:/Users/Alex/Desktop/Banana/kernel/libk/libm32.a
                0x00000000c0000000                . = 0xc0000000

.text           0x00000000c0000000    0x1fd1e
 *(.text)
 .text          0x00000000c0000000       0x20 C:/Users/Alex/Desktop/Banana/kernel/boot.32
 .text          0x00000000c0000020        0x0 crti.32
 .text          0x00000000c0000020      0x101 /cygdrive/c/Users/Alex/Toolchain/Output/bin/../lib/gcc/i386-banana/8.1.0/crtbegin.o
 *fill*         0x00000000c0000121        0xf 
 .text          0x00000000c0000130      0x24f C:/Users/Alex/Desktop/Banana/kernel/morenasm.32
                0x00000000c0000130                manualPCIProbe
                0x00000000c000017b                prepareTramp
                0x00000000c0000194                doTPAUSE
                0x00000000c000019e                hasLegacyFPU
                0x00000000c00001c3                is486
                0x00000000c00001f9                detectCPUID
                0x00000000c000020f                goToVM86
                0x00000000c000023f                goToUsermode
                0x00000000c0000269                switchToThreadASMFirstTime
                0x00000000c0000277                switchToThreadASM
                0x00000000c00002fc                asmQuickAcquireLock
                0x00000000c000031a                asmQuickReleaseLock
                0x00000000c0000326                asmAcquireLock
                0x00000000c0000347                asmReleaseLock
                0x00000000c000035a                loadGDT
                0x00000000c000037a                memcpy
 *fill*         0x00000000c000037f        0x1 
 .text          0x00000000c0000380      0x868 acpica/utclib.32
                0x00000000c0000380                memcmp
                0x00000000c00003d0                memmove
                0x00000000c00004f0                memset
                0x00000000c0000570                strlen
                0x00000000c00005a0                strpbrk
                0x00000000c00005f0                strtok
                0x00000000c0000640                strcpy
                0x00000000c0000680                strncpy
                0x00000000c0000750                strcmp
                0x00000000c00007a0                strchr
                0x00000000c00007e0                strncmp
                0x00000000c0000840                strcat
                0x00000000c0000870                strncat
                0x00000000c00008d0                strstr
                0x00000000c0000930                toupper
                0x00000000c0000950                tolower
                0x00000000c0000970                simple_strtoul
 .text          0x00000000c0000be8     0x1140 krnl/malloc.32
                0x00000000c0000d53                dlfree
                0x00000000c000121a                dlmalloc
                0x00000000c0001757                dlrealloc
                0x00000000c0001934                dlmemalign
                0x00000000c0001a57                dlcalloc
                0x00000000c0001ae8                dlcfree
                0x00000000c0001aed                dlindependent_calloc
                0x00000000c0001b12                dlindependent_comalloc
                0x00000000c0001b29                dlvalloc
                0x00000000c0001b54                dlpvalloc
                0x00000000c0001b8a                dlmalloc_trim
                0x00000000c0001b97                dlmalloc_usable_size
                0x00000000c0001bc8                dlmallinfo
                0x00000000c0001c97                dlmalloc_stats
                0x00000000c0001ca8                dlmallopt
 .text          0x00000000c0001d28      0x1f2 libk/ctype.32
                0x00000000c0001d28                isblank
                0x00000000c0001d48                iscntrl
                0x00000000c0001d68                isdigit
                0x00000000c0001d84                islower
                0x00000000c0001da0                isspace
                0x00000000c0001dc8                isupper
                0x00000000c0001de4                isalpha
                0x00000000c0001e14                isalnum
                0x00000000c0001e44                ispunct
                0x00000000c0001e84                isgraph
                0x00000000c0001eb4                isprint
                0x00000000c0001edc                isxdigit
 .text          0x00000000c0001f1a        0x0 libk/string.32
 *fill*         0x00000000c0001f1a        0x2 
 .text          0x00000000c0001f1c       0x53 arch/i386/cc.32
                0x00000000c0001f1c                LWIP_PLATFORM_HTONS
                0x00000000c0001f40                LWIP_PLATFORM_HTONL
 .text          0x00000000c0001f6f       0x51 fs/fat/diskio.32
                0x00000000c0001f6f                disk_status
                0x00000000c0001f72                disk_initialize
                0x00000000c0001f75                disk_read
                0x00000000c0001f8b                disk_write
                0x00000000c0001fa1                disk_ioctl
 .text          0x00000000c0001fc0     0x3e46 fs/fat/ff.32
                0x00000000c0003de1                f_mount
                0x00000000c0003e43                f_open
                0x00000000c0004106                f_read
                0x00000000c0004305                f_write
                0x00000000c000454d                f_sync
                0x00000000c0004612                f_close
                0x00000000c0004641                f_lseek
                0x00000000c00047f2                f_opendir
                0x00000000c00048bd                f_closedir
                0x00000000c00048df                f_readdir
                0x00000000c0004971                f_stat
                0x00000000c00049f0                f_getfree
                0x00000000c0004af9                f_truncate
                0x00000000c0004be3                f_unlink
                0x00000000c0004d05                f_mkdir
                0x00000000c0004ea0                f_rename
                0x00000000c0005058                f_chmod
                0x00000000c0005108                f_utime
                0x00000000c00051b8                f_getlabel
                0x00000000c0005309                f_setlabel
                0x00000000c0005499                f_expand
                0x00000000c0005606                f_mkfs
 *fill*         0x00000000c0005e06        0x2 
 .text          0x00000000c0005e08       0x2f fs/fat/ffsystem.32
                0x00000000c0005e08                ff_memalloc
                0x00000000c0005e20                ff_memfree
 *fill*         0x00000000c0005e37        0x1 
 .text          0x00000000c0005e38      0x2dc fs/fat/ffunicode.32
                0x00000000c0005e38                ff_uni2oem
                0x00000000c0005ed8                ff_oem2uni
                0x00000000c0005f50                ff_wtoupper
 .text          0x00000000c0006114      0xd32 fs/iso9660/iso9660.32
                0x00000000c000635f                isoReadDiscSector
                0x00000000c00063fa                strnicmp
                0x00000000c00066a9                stricmp
                0x00000000c00066f5                iso_open
                0x00000000c000677f                iso_close
                0x00000000c000679d                iso_read
                0x00000000c00068b3                iso_seek
                0x00000000c0006937                iso_tell
                0x00000000c0006968                iso_total
                0x00000000c0006993                fn_postprocess
                0x00000000c00069ba                iso_readdir
                0x00000000c0006c11                iso_reset
                0x00000000c0006c2e                init_percd
                0x00000000c0006d28                iso_ioctl
                0x00000000c0006d40                fs_iso9660_init
                0x00000000c0006dd6                fs_iso9660_shutdown
 .text          0x00000000c0006e46      0x254 dbg/kconsole.32
                0x00000000c0006e46                Dbg::stringifyxWithBase(unsigned int, char*, int)
                0x00000000c0006ee6                Dbg::logc(char)
                0x00000000c0006f06                Dbg::logs(char*)
                0x00000000c0006f25                Dbg::logWriteInt(unsigned int)
                0x00000000c0006f43                Dbg::logWriteIntBase(unsigned int, int)
                0x00000000c0006f64                Dbg::kprintf(char const*, ...)
 *fill*         0x00000000c000709a        0x2 
 .text          0x00000000c000709c      0x2d4 dbg/usban.32
                0x00000000c000709c                KiUbsanPrintDetails(char const*, void*)
                0x00000000c0007108                __ubsan_handle_type_mismatch_v1
                0x00000000c00071e4                __ubsan_handle_pointer_overflow
                0x00000000c0007210                __ubsan_handle_out_of_bounds
                0x00000000c000723c                __ubsan_handle_add_overflow
                0x00000000c0007268                __ubsan_handle_load_invalid_value
                0x00000000c0007294                __ubsan_handle_divrem_overflow
                0x00000000c00072c0                __ubsan_handle_mul_overflow
                0x00000000c00072ec                __ubsan_handle_sub_overflow
                0x00000000c0007318                __ubsan_handle_shift_out_of_bounds
                0x00000000c0007344                __ubsan_handle_negate_overflow
 .text          0x00000000c0007370      0x814 fs/symlink.32
                0x00000000c00074bf                KiDeinitialiseSymlinks(void*)
                0x00000000c0007552                KeRegisterSymlink(char const*, unsigned long long)
                0x00000000c00075d5                KeInitialiseSymlinks()
                0x00000000c0007737                KiIsSymlinkRegistered(char const*)
                0x00000000c00078a1                KeDereferenceSymlink(char const*, char*)
                0x00000000c0007a48                KeCreateSymlink(char const*, char const*)
 .text          0x00000000c0007b84      0xd68 fs/vfs.32
                0x00000000c0007b84                File::read(unsigned long long, void*, int*)
                0x00000000c0007bdc                File::write(unsigned long long, void*, int*)
                0x00000000c0007c34                Directory::read(unsigned long long, void*, int*)
                0x00000000c0007c8c                Directory::write(unsigned long long, void*, int*)
                0x00000000c0007cba                File::isAtty()
                0x00000000c0007cbe                Directory::isAtty()
                0x00000000c0007cc2                Filesystem::getlabel(LogicalDisk*, int, char*, unsigned int*)
                0x00000000c0007cc8                Filesystem::setlabel(LogicalDisk*, int, char*)
                0x00000000c0007cce                Filesystem::allocateSwapfile(char const*, int)
                0x00000000c0007cd4                File::~File()
                0x00000000c0007cd4                File::~File()
                0x00000000c0007cf8                File::~File()
                0x00000000c0007d22                Directory::~Directory()
                0x00000000c0007d22                Directory::~Directory()
                0x00000000c0007d46                Directory::~Directory()
                0x00000000c0007d70                Filesystem::Filesystem()
                0x00000000c0007d70                Filesystem::Filesystem()
                0x00000000c0007d94                Filesystem::~Filesystem()
                0x00000000c0007d94                Filesystem::~Filesystem()
                0x00000000c0007da2                Filesystem::~Filesystem()
                0x00000000c0007dc6                Fs::getcwd(Process*, char*, int)
                0x00000000c0007df0                Fs::initVFS()
                0x00000000c0007e1a                Fs::standardiseFiles(char*, char const*, char const*, bool)
                0x00000000c0008034                File::File(char const*, Process*, bool)
                0x00000000c0008034                File::File(char const*, Process*, bool)
                0x00000000c0008112                File::File(char const*, Process*)
                0x00000000c0008112                File::File(char const*, Process*)
                0x00000000c0008130                File::open(FileOpenMode)
                0x00000000c000818e                File::close()
                0x00000000c00081ee                File::seek(unsigned long long)
                0x00000000c0008244                File::truncate(unsigned long long)
                0x00000000c000829a                File::tell(unsigned long long*)
                0x00000000c00082ea                File::rewind()
                0x00000000c00082fe                File::unlink()
                0x00000000c000834a                File::rename(char const*)
                0x00000000c0008398                File::chfatattr(unsigned char, unsigned char)
                0x00000000c00083f4                File::exists()
                0x00000000c0008432                File::stat(unsigned long long*, bool*)
                0x00000000c0008493                Fs::setcwd(Process*, char*)
                0x00000000c00085f2                Directory::Directory(char const*, Process*)
                0x00000000c00085f2                Directory::Directory(char const*, Process*)
                0x00000000c00086ba                Directory::open()
                0x00000000c0008716                Directory::close()
                0x00000000c0008776                Directory::unlink()
                0x00000000c00087c2                Directory::rename(char const*)
                0x00000000c0008810                Directory::exists()
                0x00000000c000884e                Directory::read(dirent*)
                0x00000000c000889a                Directory::create()
                0x00000000c00088e6                Filesystem::chfatattr(char const*, unsigned char, unsigned char)
 .text          0x00000000c00088ec       0x86 hal/bus.32
                0x00000000c00088ec                Bus::Bus(char const*)
                0x00000000c00088ec                Bus::Bus(char const*)
                0x00000000c0008924                Bus::~Bus()
                0x00000000c0008924                Bus::~Bus()
                0x00000000c0008948                Bus::~Bus()
 .text          0x00000000c0008972       0x99 hal/buzzer.32
                0x00000000c0008972                KeBeepThread(void*)
                0x00000000c00089b2                KeBeep(int, int, bool)
 *fill*         0x00000000c0008a0b        0x1 
 .text          0x00000000c0008a0c      0x513 hal/clock.32
                0x00000000c0008a0c                KeLoadClockSettings()
                0x00000000c0008b12                Clock::Clock(char const*)
                0x00000000c0008b12                Clock::Clock(char const*)
                0x00000000c0008b48                Clock::~Clock()
                0x00000000c0008b48                Clock::~Clock()
                0x00000000c0008b6c                Clock::~Clock()
                0x00000000c0008b96                Clock::timeInSecondsLocal()
                0x00000000c0008bde                Clock::setTimeInSecondsLocal(unsigned long long)
                0x00000000c0008c37                KeDatetimeToSeconds(datetime_t)
                0x00000000c0008d56                Clock::setTimeInDatetimeLocal(datetime_t)
                0x00000000c0008db6                KeSecondsToDatetime(unsigned long long)
                0x00000000c0008efa                Clock::timeInDatetimeLocal()
 *fill*         0x00000000c0008f1f        0x1 
 .text          0x00000000c0008f20      0x47a hal/device.32
                0x00000000c0008f20                Device::hibernate()
                0x00000000c0008f22                Device::wake()
                0x00000000c0008f24                Device::detect()
                0x00000000c0008f26                Device::disableLegacy()
                0x00000000c0008f28                Device::powerSaving(PowerSavingLevel)
                0x00000000c0008f2a                DriverlessDevice::close(int, int, void*)
                0x00000000c0008f2e                DriverlessDevice::detect()
                0x00000000c0008f30                DriverlessDevice::open(int, int, void*)
                0x00000000c0008f44                Device::~Device()
                0x00000000c0008f44                Device::~Device()
                0x00000000c0008f52                Device::~Device()
                0x00000000c0008f7a                Device::findAndLoadDriver()
                0x00000000c0008f88                Device::preOpenPCI(PCIDeviceInfo)
                0x00000000c0008fae                Device::preOpenACPI(void*, char*, char*)
                0x00000000c0008fee                Device::addIRQHandler(int, void (*)(regs*, void*), bool, void*)
                0x00000000c0009018                Device::getParent()
                0x00000000c0009024                Device::removeIRQHandler(int, void (*)(regs*, void*), bool)
                0x00000000c0009042                Device::addChild(Device*)
                0x00000000c0009086                Device::removeAllChildren()
                0x00000000c00090cc                Device::hibernateAll()
                0x00000000c00090fc                Device::wakeAll()
                0x00000000c000912c                Device::detectAll()
                0x00000000c000915c                Device::disableLegacyAll()
                0x00000000c000915e                Device::loadDriversForAll()
                0x00000000c0009160                Device::powerSavingAll(PowerSavingLevel)
                0x00000000c0009196                Device::setName(char const*)
                0x00000000c00091a4                Device::Device(char const*)
                0x00000000c00091a4                Device::Device(char const*)
                0x00000000c00092a0                Device::getName()
                0x00000000c00092aa                Device::closeAll()
                0x00000000c00092f6                DriverlessDevice::DriverlessDevice(char const*)
                0x00000000c00092f6                DriverlessDevice::DriverlessDevice(char const*)
                0x00000000c000932c                Device::addToLinkedList(LinkedList<Device>&, DeviceType)
                0x00000000c0009370                getDevicesOfType(DeviceType)
 *fill*         0x00000000c000939a        0x2 
 .text          0x00000000c000939c       0x86 hal/diskctrl.32
                0x00000000c000939c                HardDiskController::HardDiskController(char const*)
                0x00000000c000939c                HardDiskController::HardDiskController(char const*)
                0x00000000c00093d4                HardDiskController::~HardDiskController()
                0x00000000c00093d4                HardDiskController::~HardDiskController()
                0x00000000c00093f8                HardDiskController::~HardDiskController()
 .text          0x00000000c0009422       0xe2 hal/diskphys.32
                0x00000000c0009422                PhysicalDisk::eject()
                0x00000000c0009426                PhysicalDisk::PhysicalDisk(char const*, int)
                0x00000000c0009426                PhysicalDisk::PhysicalDisk(char const*, int)
                0x00000000c000948e                PhysicalDisk::startCache()
                0x00000000c00094b6                PhysicalDisk::~PhysicalDisk()
                0x00000000c00094b6                PhysicalDisk::~PhysicalDisk()
                0x00000000c00094da                PhysicalDisk::~PhysicalDisk()
 .text          0x00000000c0009504        0x0 hal/fpu.32
 .text          0x00000000c0009504        0x0 hal/intctrl.32
 .text          0x00000000c0009504      0x8a8 hal/keybrd.32
                0x00000000c0009504                startGUI(void*)
                0x00000000c0009569                startGUIVESA(void*)
                0x00000000c00095ce                sendKeyToTerminal(unsigned char)
                0x00000000c00096a4                sendKeyboardToken(KeyboardToken)
                0x00000000c0009b60                clearInternalKeybuffer(VgaText*)
                0x00000000c0009b95                readKeyboard(VgaText*, char*, unsigned long)
                0x00000000c0009d22                Keyboard::Keyboard(char const*)
                0x00000000c0009d22                Keyboard::Keyboard(char const*)
                0x00000000c0009d5e                Keyboard::~Keyboard()
                0x00000000c0009d5e                Keyboard::~Keyboard()
                0x00000000c0009d82                Keyboard::~Keyboard()
 .text          0x00000000c0009dac      0x3f8 hal/logidisk.32
                0x00000000c0009dac                LogicalDisk::close(int, int, void*)
                0x00000000c0009db0                LogicalDisk::~LogicalDisk()
                0x00000000c0009db0                LogicalDisk::~LogicalDisk()
                0x00000000c0009dd4                LogicalDisk::~LogicalDisk()
                0x00000000c0009dfe                LogicalDisk::open(int, int, void*)
                0x00000000c0009e12                LogicalDisk::absoluteToRelative(unsigned long long)
                0x00000000c0009e4a                LogicalDisk::relativeToAbsolute(unsigned long long)
                0x00000000c0009e90                LogicalDisk::LogicalDisk(char const*, PhysicalDisk*, unsigned long long, unsigned long long)
                0x00000000c0009e90                LogicalDisk::LogicalDisk(char const*, PhysicalDisk*, unsigned long long, unsigned long long)
                0x00000000c0009f50                LogicalDisk::assignDriveLetter()
                0x00000000c000a00a                LogicalDisk::mount()
                0x00000000c000a052                LogicalDisk::unmount()
                0x00000000c000a062                LogicalDisk::eject()
                0x00000000c000a076                LogicalDisk::unassignDriveLetter()
                0x00000000c000a0cc                LogicalDisk::read(unsigned long long, int, void*)
                0x00000000c000a138                LogicalDisk::write(unsigned long long, int, void*)
 .text          0x00000000c000a1a4       0x86 hal/mouse.32
                0x00000000c000a1a4                Mouse::Mouse(char const*)
                0x00000000c000a1a4                Mouse::Mouse(char const*)
                0x00000000c000a1dc                Mouse::~Mouse()
                0x00000000c000a1dc                Mouse::~Mouse()
                0x00000000c000a200                Mouse::~Mouse()
 .text          0x00000000c000a22a       0x90 hal/nic.32
                0x00000000c000a22a                NIC::getMAC()
                0x00000000c000a230                NIC::write(int, unsigned char*, int*)
                0x00000000c000a236                NIC::NIC(char const*)
                0x00000000c000a236                NIC::NIC(char const*)
                0x00000000c000a26c                NIC::~NIC()
                0x00000000c000a26c                NIC::~NIC()
                0x00000000c000a290                NIC::~NIC()
 .text          0x00000000c000a2ba      0x33b hal/partition.32
                0x00000000c000a2ba                makePartition(PhysicalDisk*, unsigned long long, unsigned long long)
                0x00000000c000a362                createPartitionsForDisk(PhysicalDisk*)
 *fill*         0x00000000c000a5f5        0x3 
 .text          0x00000000c000a5f8       0x86 hal/serial.32
                0x00000000c000a5f8                Serial::Serial(char const*)
                0x00000000c000a5f8                Serial::Serial(char const*)
                0x00000000c000a630                Serial::~Serial()
                0x00000000c000a630                Serial::~Serial()
                0x00000000c000a654                Serial::~Serial()
 *fill*         0x00000000c000a67e        0x2 
 .text          0x00000000c000a680      0x238 hal/timer.32
                0x00000000c000a680                Timer::Timer(char const*)
                0x00000000c000a680                Timer::Timer(char const*)
                0x00000000c000a6b8                Timer::~Timer()
                0x00000000c000a6b8                Timer::~Timer()
                0x00000000c000a6dc                Timer::~Timer()
                0x00000000c000a706                Timer::read()
                0x00000000c000a711                setupTimer(int)
                0x00000000c000a74c                timerHandler(unsigned int)
 .text          0x00000000c000a8b8      0x444 hal/vcache.32
                0x00000000c000a8b8                VCache::VCache(PhysicalDisk*)
                0x00000000c000a8b8                VCache::VCache(PhysicalDisk*)
                0x00000000c000aa28                VCache::invalidateReadBuffer()
                0x00000000c000aa38                VCache::writeWriteBuffer()
                0x00000000c000aa84                VCache::~VCache()
                0x00000000c000aa84                VCache::~VCache()
                0x00000000c000aadc                VCache::~VCache()
                0x00000000c000ab04                VCache::write(unsigned long long, int, void*)
                0x00000000c000abf8                VCache::read(unsigned long long, int, void*)
 .text          0x00000000c000acfc      0x70e hal/video.32
                0x00000000c000acfc                Video::putrect(int, int, int, int, unsigned int)
                0x00000000c000ad48                Video::bitblit(int, int, int, int, int, int, int, unsigned int*)
                0x00000000c000adb8                Video::blit(unsigned int*, int, int, int, int)
                0x00000000c000ae36                Video::clearScreen(unsigned int)
                0x00000000c000ae6a                Video::putpixel(int, int, unsigned int)
                0x00000000c000ae78                Video::readPixelApprox(int, int)
                0x00000000c000ae8c                Video::Video(char const*)
                0x00000000c000ae8c                Video::Video(char const*)
                0x00000000c000aec2                Video::~Video()
                0x00000000c000aec2                Video::~Video()
                0x00000000c000aee6                Video::~Video()
                0x00000000c000af10                Video::isMonochrome()
                0x00000000c000af1c                Video::getWidth()
                0x00000000c000af28                Video::getHeight()
                0x00000000c000af34                Video::drawCursor(int, int, unsigned int*, int)
                0x00000000c000aff0                Video::tgaParse(unsigned char*, int, int*, int*)
                0x00000000c000b39a                Video::putTGA(int, int, unsigned char*, int)
 *fill*         0x00000000c000b40a        0x2 
 .text          0x00000000c000b40c     0x114f hw/acpi.32
                0x00000000c000b40c                ACPI::close(int, int, void*)
                0x00000000c000b414                loadACPITables(unsigned char*)
                0x00000000c000b674                findRSDT(unsigned char*)
                0x00000000c000b7c0                findDataTable(unsigned char*, char*)
                0x00000000c000b834                scanMADT()
                0x00000000c000bc8c                ACPI::ACPI()
                0x00000000c000bc8c                ACPI::ACPI()
                0x00000000c000bce0                ACPI::getPCIIRQAssignment(unsigned char, unsigned short, unsigned char)
                0x00000000c000bddc                ACPI::registerPCIIRQAssignment(void*, unsigned short, unsigned char, unsigned char)
                0x00000000c000bea8                ACPI::setScreenBrightnessLevel(void*, int)
                0x00000000c000beb0                ACPI::detectPCI()
                0x00000000c000c0bc                ACPI::writeSimpleBootFlag(SimpleBootFlagTable*)
                0x00000000c000c0d4                ACPI::open(int, int, void*)
 .text          0x00000000c000c55b       0xb6 krnl/atexit.32
                0x00000000c000c55b                KeInitialiseAtexit()
                0x00000000c000c57a                KeRegisterAtexit(void (*)(void*), void*)
                0x00000000c000c5ae                KeExecuteAtexit()
 .text          0x00000000c000c611       0x9f krnl/bootmsg.32
                0x00000000c000c611                KeDisplaySplashScreen()
                0x00000000c000c640                KeSetBootMessage(char const*)
 .text          0x00000000c000c6b0       0x5f krnl/c++.32
                0x00000000c000c6b0                __cxa_atexit
                0x00000000c000c6b3                __cxa_finalize
                0x00000000c000c6b4                __stack_chk_fail
                0x00000000c000c6ea                __cxa_pure_virtual
                0x00000000c000c6fb                operator new[](unsigned long)
                0x00000000c000c700                operator delete(void*, unsigned long)
                0x00000000c000c705                operator delete[](void*)
                0x00000000c000c70a                operator delete[](void*, unsigned long)
 *fill*         0x00000000c000c70f        0x1 
 .text          0x00000000c000c710       0x44 krnl/cdefs.32
                0x00000000c000c710                CUnlockScheduler
                0x00000000c000c728                CLockScheduler
                0x00000000c000c738                CPrintf
 .text          0x00000000c000c754      0xd56 krnl/cm.32
                0x00000000c000c754                CmOpen(char const*)
                0x00000000c000c872                CmClose(Reghive_Tag*)
                0x00000000c000c888                CmReadExtent(Reghive_Tag*, int, unsigned char*)
                0x00000000c000c8c4                CmGetString(Reghive_Tag*, int, char*)
                0x00000000c000c93b                CmEnterDirectory(Reghive_Tag*, int)
                0x00000000c000c97a                CmGetNext(Reghive_Tag*, int)
                0x00000000c000c9ac                CmWriteExtent(Reghive_Tag*, int, unsigned char*)
                0x00000000c000c9e8                CmFreeExtent(Reghive_Tag*, int)
                0x00000000c000ca10                CmUpdateHeader(Reghive_Tag*)
                0x00000000c000ca31                CmExpand(Reghive_Tag*, int)
                0x00000000c000caac                CmFindUnusedExtent(Reghive_Tag*)
                0x00000000c000cb32                CmCreateExtent(Reghive_Tag*, int, int, unsigned char*)
                0x00000000c000cc26                CmSetString(Reghive_Tag*, int, char const*)
                0x00000000c000cd62                CmGetMatch(char*, char*, bool, bool*)
                0x00000000c000cdc3                CmAddShift(unsigned int*, int*, unsigned char, int)
                0x00000000c000cdf3                CmGetShift(unsigned int*, int*, int, bool*)
                0x00000000c000ce2a                CmGetInteger(Reghive_Tag*, int, unsigned long long*)
                0x00000000c000ce54                CmSetInteger(Reghive_Tag*, int, unsigned long long)
                0x00000000c000ce94                CmConvertFromInternalFilename(unsigned char const*, char*)
                0x00000000c000cf38                CmGetNameAndTypeFromExtent(Reghive_Tag*, int, char*)
                0x00000000c000cf66                CmConvertToInternalFilename(char const*, unsigned char*)
                0x00000000c000d104                CmCreateString(Reghive_Tag*, int, char const*)
                0x00000000c000d151                CmFindInDirectory(Reghive_Tag*, int, char const*)
                0x00000000c000d1cb                CmCreateInteger(Reghive_Tag*, int, char const*, unsigned long long, int)
                0x00000000c000d21e                CmCreateDirectory(Reghive_Tag*, int, char const*)
                0x00000000c000d2e2                zStrtok(char*, char const*)
                0x00000000c000d354                CmFindObjectFromPath(Reghive_Tag*, char const*)
                0x00000000c000d3d5                CmDisplayTree(Reghive_Tag*, int, int)
                0x00000000c000d478                CmSplitFinalSlashInPlace(char*)
 *fill*         0x00000000c000d4aa        0x2 
 .text          0x00000000c000d4ac       0x1d krnl/compat.32
                0x00000000c000d4ac                Krnl::handlePowerButton()
                0x00000000c000d4bc                Krnl::handleSleepButton()
 *fill*         0x00000000c000d4c9        0x1 
 .text          0x00000000c000d4ca      0x2c3 krnl/computer.32
                0x00000000c000d4ca                Computer::close(int, int, void*)
                0x00000000c000d4d0                Computer::open(int, int, void*)
                0x00000000c000d5b6                KeFirstTask()
                0x00000000c000d6d8                Computer::Computer()
                0x00000000c000d6d8                Computer::Computer()
                0x00000000c000d71c                KePrepareShutdown()
                0x00000000c000d73c                KeShutdown()
                0x00000000c000d760                KeSleep()
                0x00000000c000d76c                KeRestart()
 .text          0x00000000c000d78d       0x2b krnl/crc32.32
                0x00000000c000d78d                KeCalculateCRC32(unsigned char*, int)
 .text          0x00000000c000d7b8      0x5bf krnl/env.32
                0x00000000c000d7b8                EnvVarContainer::getEnv(char const*)
                0x00000000c000d7f6                EnvVarContainer::setEnv(char const*, char const*)
                0x00000000c000d8b8                EnvVarContainer::deleteEnv(char const*)
                0x00000000c000d8ba                EnvVarContainer::loadFrom(char const*, char const*)
                0x00000000c000dade                EnvVarContainer::__loadSystem()
                0x00000000c000daf8                EnvVarContainer::__loadUser()
                0x00000000c000dafa                EnvVarContainer::EnvVarContainer(Process*)
                0x00000000c000dafa                EnvVarContainer::EnvVarContainer(Process*)
                0x00000000c000db1c                EnvVarContainer::~EnvVarContainer()
                0x00000000c000db1c                EnvVarContainer::~EnvVarContainer()
                0x00000000c000db4c                KeGetEnv(Process*, char const*)
                0x00000000c000dbb1                KeSetEnvSystem(char const*, char const*)
                0x00000000c000dbcb                KeSetEnvUser(char const*, char const*)
                0x00000000c000dbea                KeSetEnvProcess(Process*, char const*, char const*)
                0x00000000c000dbfd                KeDeleteEnvSystem(char const*)
                0x00000000c000dbfe                KeDeleteEnvUser(char const*)
                0x00000000c000dbff                KeDeleteEnvProcess(Process*, char const*)
                0x00000000c000dc00                KeNewProcessEnv(Process*)
                0x00000000c000dc22                KeCopyProcessEnv(Process*, Process*)
                0x00000000c000dc6e                KeLoadSystemEnv()
                0x00000000c000dc9c                KeLoadUserEnv()
                0x00000000c000dcc2                KeFlushEnv()
                0x00000000c000dcc3                KeGetProcessTotalEnvCount(Process*)
                0x00000000c000dce3                KeGetProcessEnvPair(Process*, int)
 *fill*         0x00000000c000dd77        0x1 
 .text          0x00000000c000dd78      0x351 krnl/fault.32
                0x00000000c000dd78                KeSetupInterrupts()
                0x00000000c000ddf0                int_handler
                0x00000000c000df20                KeDisplayProgramFault(char const*)
                0x00000000c000df70                KeGeneralProtectionFault(void*, void*)
                0x00000000c000dfc4                KePageFault(void*, void*)
                0x00000000c000e018                KeNonMaskableInterrupt(void*, void*)
                0x00000000c000e028                KeOtherFault(void*, void*)
                0x00000000c000e05c                KeOpcodeFault(void*, void*)
                0x00000000c000e0b0                KeDoubleFault(void*, void*)
 *fill*         0x00000000c000e0c9        0x1 
 .text          0x00000000c000e0ca      0x1db krnl/gdt.32
                0x00000000c000e0ca                GDTEntry::setBase(unsigned int)
                0x00000000c000e0e6                GDTEntry::setLimit(unsigned int)
                0x00000000c000e104                GDT::GDT()
                0x00000000c000e104                GDT::GDT()
                0x00000000c000e11a                GDT::addEntry(GDTEntry)
                0x00000000c000e13c                GDT::getNumberOfEntries()
                0x00000000c000e144                GDT::flush()
                0x00000000c000e166                GDT::setup()
 .text          0x00000000c000e2a5       0x20 krnl/idle.32
                0x00000000c000e2a5                idleFunction(void*)
 *fill*         0x00000000c000e2c5        0x3 
 .text          0x00000000c000e2c8      0x46c krnl/idt.32
                0x00000000c000e2c8                IDTEntry::IDTEntry(bool)
                0x00000000c000e2c8                IDTEntry::IDTEntry(bool)
                0x00000000c000e342                IDTEntry::setOffset(unsigned int)
                0x00000000c000e358                IDT::IDT()
                0x00000000c000e358                IDT::IDT()
                0x00000000c000e35a                IDT::getPointerToInvalidOpcodeEntryForF00F()
                0x00000000c000e362                IDT::addEntry(IDTEntry, int)
                0x00000000c000e37c                IDT::addEntry(int, void (*)(), bool)
                0x00000000c000e3b4                IDT::flush()
                0x00000000c000e3ce                IDT::setup()
 .text          0x00000000c000e734       0x9a krnl/inlines.32
                0x00000000c000e734                CPU::current()
                0x00000000c000e740                operator new(unsigned long)
                0x00000000c000e745                operator delete(void*)
                0x00000000c000e74a                disableIRQs()
                0x00000000c000e74c                enableIRQs()
                0x00000000c000e74e                lockScheduler()
                0x00000000c000e756                unlockScheduler()
                0x00000000c000e768                lockStuff()
                0x00000000c000e776                unlockStuff()
                0x00000000c000e7b3                Virt::getAKernelVAS()
                0x00000000c000e7b9                __not_memcpy
 .text          0x00000000c000e7ce      0x207 krnl/kheap.32
                0x00000000c000e7ce                sbrk
                0x00000000c000e865                sbrk_thunk
                0x00000000c000e89b                mmap
                0x00000000c000e8f9                munmap
                0x00000000c000e90e                liballoc_lock()
                0x00000000c000e91c                liballoc_unlock()
                0x00000000c000e934                liballoc_alloc(int)
                0x00000000c000e94c                liballoc_free(void*, int)
                0x00000000c000e967                realloc
                0x00000000c000e97b                malloc
                0x00000000c000e98b                free
                0x00000000c000e99b                rfree
                0x00000000c000e9ab                calloc
 *fill*         0x00000000c000e9d5        0x3 
 .text          0x00000000c000e9d8      0x1d3 krnl/mailbox.32
                0x00000000c000e9d8                KeMailboxTryPost(Mailbox*, void*)
                0x00000000c000ea38                KeMailboxTryGet(Mailbox*, void**)
                0x00000000c000ea98                KeMailboxCreate()
                0x00000000c000eacc                KeMailboxPost(Mailbox*, void*)
                0x00000000c000eb30                KeMailboxGet(Mailbox*, void**)
                0x00000000c000eb94                KeMailboxDestroy(Mailbox*)
 .text          0x00000000c000ebab       0xfd krnl/main.32
                0x00000000c000ebab                KeEntryPoint
 .text          0x00000000c000eca8       0x1a krnl/mutex.32
                0x00000000c000eca8                Mutex::Mutex()
                0x00000000c000eca8                Mutex::Mutex()
 .text          0x00000000c000ecc2        0xc krnl/panic.32
                0x00000000c000ecc2                KePanic(char const*)
 .text          0x00000000c000ecce      0x648 krnl/physmgr.32
                0x00000000c000ecce                Phys::allocateDMA(unsigned long)
                0x00000000c000edb6                Phys::freeDMA(unsigned long, unsigned long)
                0x00000000c000edf1                Phys::setPageState(unsigned long, bool)
                0x00000000c000ee31                Phys::getPageState(unsigned long)
                0x00000000c000ee4d                Phys::freePage(unsigned long)
                0x00000000c000eeb6                Phys::allocatePage()
                0x00000000c000ef85                Phys::allocateContiguousPages(int)
                0x00000000c000eff0                Phys::allowSegmentToBeUsed(unsigned long, unsigned long)
                0x00000000c000f028                Phys::physicalMemorySetup(unsigned int)
 .text          0x00000000c000f316      0x275 krnl/pipe.32
                0x00000000c000f316                Pipe::isAtty()
                0x00000000c000f31a                Pipe::~Pipe()
                0x00000000c000f31a                Pipe::~Pipe()
                0x00000000c000f33e                Pipe::~Pipe()
                0x00000000c000f366                Pipe::write(unsigned long long, void*, int*)
                0x00000000c000f426                Pipe::read(unsigned long long, void*, int*)
                0x00000000c000f524                Pipe::Pipe(int)
                0x00000000c000f524                Pipe::Pipe(int)
 .text          0x00000000c000f58b      0x10b krnl/powctrl.32
                0x00000000c000f58b                KePowerThread(void*)
                0x00000000c000f5bc                KeChangePowerSettings(PowerSettings)
                0x00000000c000f5d2                KeUserIOReceived()
                0x00000000c000f5dd                KeHandlePowerButton()
                0x00000000c000f5f5                KeHandleSleepButton()
                0x00000000c000f60d                KeSetupPowerManager()
 .text          0x00000000c000f696       0x9d krnl/random.32
                0x00000000c000f696                KeRand()
                0x00000000c000f6d8                KeSeedRand(unsigned int)
                0x00000000c000f701                KeInitRand()
 *fill*         0x00000000c000f733        0x1 
 .text          0x00000000c000f734      0x1bc krnl/resolve.32
                0x00000000c000f734                KeResolveCompatibilitySymbol(char*)
 .text          0x00000000c000f8f0      0x401 krnl/semaphore.32
                0x00000000c000f8f0                Semaphore::Semaphore(int)
                0x00000000c000f8f0                Semaphore::Semaphore(int)
                0x00000000c000f920                Semaphore::tryAcquire()
                0x00000000c000f9f4                Semaphore::assertLocked(char const*)
                0x00000000c000fa80                Semaphore::acquire(int)
                0x00000000c000fc24                Semaphore::acquire()
                0x00000000c000fc40                Semaphore::release()
 .text          0x00000000c000fcf1      0x322 krnl/signal.32
                0x00000000c000fcf1                KiSigKill(int)
                0x00000000c000fd05                KiDefaultSignalHandlerIgnore(int)
                0x00000000c000fd06                KiDefaultSignalHandlerPause(int)
                0x00000000c000fd32                KiDefaultSignalHandlerResume(int)
                0x00000000c000fd5e                KeDeinitSignals(SigHandlerBlock*)
                0x00000000c000fd63                KeInitSignals()
                0x00000000c000fdb5                KeRegisterSignalHandler(SigHandlerBlock*, int, void (*)(int), unsigned int, int)
                0x00000000c000fdeb                KeRaiseSignal(SigHandlerBlock*, int)
                0x00000000c000fe68                KeCheckSignal(SigHandlerBlock*, int*)
                0x00000000c000ff5f                KiCheckSignalZ
                0x00000000c000ffa1                KeCompleteSignal(SigHandlerBlock*, int)
                0x00000000c000ffdc                KiFinishSignalZ
 .text          0x00000000c0010013      0xe1c krnl/syscalls.32
                0x00000000c0010013                SysSeekDir(regs*)
                0x00000000c0010018                SysTellDir(regs*)
                0x00000000c001001d                SysVerify(regs*)
                0x00000000c0010027                SysGetArgc(regs*)
                0x00000000c001003b                SysTTYName(regs*)
                0x00000000c0010043                SysFormatDisk(regs*)
                0x00000000c00100ba                SysSetDiskVolumeLabel(regs*)
                0x00000000c001010e                SysGetDiskVolumeLabel(regs*)
                0x00000000c0010167                SysRealpath(regs*)
                0x00000000c00101ab                SysReadDir(regs*)
                0x00000000c001022b                SysIsATTY(regs*)
                0x00000000c0010285                SysSeek(regs*)
                0x00000000c00102dc                SysTell(regs*)
                0x00000000c0010349                SysSize(regs*)
                0x00000000c00103bc                SysSizeFromFilename(regs*)
                0x00000000c00104ed                SysSizeFromFilenameNoSymlink(regs*)
                0x00000000c001061e                SysClose(regs*)
                0x00000000c001067e                SysOpenDir(regs*)
                0x00000000c00106fb                SysMakeDir(regs*)
                0x00000000c0010769                SysCloseDir(regs*)
                0x00000000c00107bd                SysWait(regs*)
                0x00000000c00107de                SysNotImpl(regs*)
                0x00000000c00107f9                SysPanic(regs*)
                0x00000000c0010814                SysRmdir(regs*)
                0x00000000c0010879                SysUnlink(regs*)
                0x00000000c00108de                SysGetArgv(regs*)
                0x00000000c001092b                SysUSleep(regs*)
                0x00000000c0010954                SysSpawn(regs*)
                0x00000000c00109c7                SysGetEnv(regs*)
                0x00000000c0010a78                SysSetFatAttrib(regs*)
                0x00000000c0010aeb                SysShutdown(regs*)
                0x00000000c0010b48                SysPipe(regs*)
                0x00000000c0010b8d                SysGetUnixTime(regs*)
                0x00000000c0010ba1                string_ends_with(char const*, char const*)
                0x00000000c0010be9                SysOpen(regs*)
                0x00000000c0010de0                KeSystemCall(regs*, void*)
 *fill*         0x00000000c0010e2f        0x1 
 .text          0x00000000c0010e30      0xab3 krnl/terminal.32
                0x00000000c0010e30                VgaText::isAtty()
                0x00000000c0010e34                VgaText::~VgaText()
                0x00000000c0010e34                VgaText::~VgaText()
                0x00000000c0010e58                VgaText::~VgaText()
                0x00000000c0010e82                VgaText::read(unsigned long long, void*, int*)
                0x00000000c0010ea2                setTerminalScrollLock(bool)
                0x00000000c0010ea3                doTerminalCycle()
                0x00000000c0010ea4                addToTerminalCycle(VgaText*)
                0x00000000c0010ea5                scrollTerminalScrollLock(int)
                0x00000000c0010ea6                VgaText::updateTitle()
                0x00000000c0010ea8                VgaText::load()
                0x00000000c0010eaa                VgaText::updateCursor()
                0x00000000c0010ec0                VgaText::doANSI_SGR(int)
                0x00000000c0010f34                VgaText::setDefaultBgColour(VgaColour)
                0x00000000c0010f44                VgaText::setDefaultFgColour(VgaColour)
                0x00000000c0010f54                VgaText::setDefaultColours(VgaColour, VgaColour)
                0x00000000c0010f74                VgaText::setTitleTextColour(VgaColour)
                0x00000000c0010f80                VgaText::setTitleColour(VgaColour)
                0x00000000c0010f8c                VgaText::setTitle(char*)
                0x00000000c0010f8e                VgaText::combineColours(unsigned char, unsigned char)
                0x00000000c0010fa0                VgaText::scrollScreen()
                0x00000000c0011032                VgaText::combineCharAndColour(char, unsigned char)
                0x00000000c0011042                VgaText::writeCharacter(char, VgaColour, VgaColour, int, int)
                0x00000000c00110d2                VgaText::getCursorX()
                0x00000000c00110da                VgaText::getCursorY()
                0x00000000c00110e2                VgaText::setCursor(int, int)
                0x00000000c00110f9                setActiveTerminal(VgaText*)
                0x00000000c0011144                VgaText::clearScreen()
                0x00000000c0011192                VgaText::setCursorX(int)
                0x00000000c00111aa                VgaText::setCursorY(int)
                0x00000000c00111c2                VgaText::incrementCursor(bool)
                0x00000000c0011216                VgaText::decrementCursor(bool)
                0x00000000c0011238                VgaText::putchar(char, VgaColour, VgaColour)
                0x00000000c0011308                VgaText::putchar(char)
                0x00000000c0011400                VgaText::putx(unsigned int)
                0x00000000c0011446                VgaText::puts(char const*)
                0x00000000c001146c                VgaText::write(unsigned long long, void*, int*)
                0x00000000c00114b8                VgaText::puts(char const*, VgaColour, VgaColour)
                0x00000000c0011606                VgaText::VgaText(char const*)
                0x00000000c0011606                VgaText::VgaText(char const*)
                0x00000000c0011756                VgaText::receiveKey(unsigned char)
                0x00000000c00118e2                VgaText::doUpdate()
 *fill*         0x00000000c00118e3        0x1 
 .text          0x00000000c00118e4      0x224 krnl/tss.32
                0x00000000c00118e4                TSS::TSS()
                0x00000000c00118e4                TSS::TSS()
                0x00000000c00118f4                TSS::setESP(unsigned long)
                0x00000000c0011908                TSS::flush()
                0x00000000c0011928                TSS::setup(unsigned long, unsigned long)
 .text          0x00000000c0011b08      0x4ca krnl/unixfile.32
                0x00000000c0011b08                ReservedFilename::read(unsigned long long, void*, int*)
                0x00000000c0011b5e                ReservedFilename::isAtty()
                0x00000000c0011b7a                ReservedFilename::write(unsigned long long, void*, int*)
                0x00000000c0011bd8                UnixFile::getFileDescriptor()
                0x00000000c0011be0                UnixFile::UnixFile(int)
                0x00000000c0011be0                UnixFile::UnixFile(int)
                0x00000000c0011d94                ReservedFilename::ReservedFilename(int)
                0x00000000c0011d94                ReservedFilename::ReservedFilename(int)
                0x00000000c0011dc6                UnixFile::~UnixFile()
                0x00000000c0011dc6                UnixFile::~UnixFile()
                0x00000000c0011e62                UnixFile::~UnixFile()
                0x00000000c0011e8a                ReservedFilename::~ReservedFilename()
                0x00000000c0011e8a                ReservedFilename::~ReservedFilename()
                0x00000000c0011eae                ReservedFilename::~ReservedFilename()
                0x00000000c0011ed5                KeGetFileFromDescriptor(int)
 .text          0x00000000c0011fd2     0x1184 krnl/virtmgr.32
                0x00000000c0011fd2                Virt::setPageState(unsigned long, Virt::VirtPageState)
                0x00000000c001200c                Virt::getPageState(unsigned long)
                0x00000000c001202f                Virt::allocateKernelVirtualPages(int)
                0x00000000c0012154                Virt::freeSwapfilePage(unsigned long)
                0x00000000c0012177                Virt::swapIDToSector(unsigned long)
                0x00000000c001218d                Virt::allocateSwapfilePage()
                0x00000000c001220d                Virt::virtualMemorySetup()
                0x00000000c001225e                Virt::setupPageSwapping(int)
                0x00000000c00122d0                VAS::setCPUSpecific(unsigned long)
                0x00000000c00122d2                VAS::VAS(VAS*)
                0x00000000c00122d2                VAS::VAS(VAS*)
                0x00000000c00122ea                VAS::getForeignPageTableEntry(bool, unsigned long)
                0x00000000c0012318                VAS::getPageTableEntry(unsigned long)
                0x00000000c0012337                Virt::freeKernelVirtualPages(unsigned long)
                0x00000000c0012474                VAS::freeAllocatedPages(unsigned long)
                0x00000000c0012498                VAS::virtualToPhysical(unsigned long)
                0x00000000c00124b2                VAS::reflagRange(unsigned long, int, unsigned long, unsigned long)
                0x00000000c00124f4                VAS::VAS()
                0x00000000c00124f4                VAS::VAS()
                0x00000000c001255e                VAS::setToWriteCombining(unsigned long, int)
                0x00000000c001257e                VAS::mapOtherVASIn(bool, VAS*)
                0x00000000c00125aa                VAS::~VAS()
                0x00000000c00125aa                VAS::~VAS()
                0x00000000c0012712                VAS::mapPage(unsigned long, unsigned long, int)
                0x00000000c0012816                VAS::allocatePages(int, int)
                0x00000000c00128fc                VAS::mapRange(unsigned long, unsigned long, int, int)
                0x00000000c0012954                VAS::mapForeignPage(bool, VAS*, unsigned long, unsigned long, int)
                0x00000000c0012a4a                VAS::VAS(bool)
                0x00000000c0012a4a                VAS::VAS(bool)
                0x00000000c0012c32                VAS::evict(unsigned long)
                0x00000000c0012d10                VAS::tryLoadBackOffDisk(unsigned long)
                0x00000000c0012eb8                VAS::allocateSharedMemoryWithKernel(unsigned long, unsigned long*)
                0x00000000c0012f2c                VAS::freeSharedMemoryWithKernel(unsigned long, unsigned long)
                0x00000000c0012f58                VAS::scanForEviction()
                0x00000000c001305b                mapVASFirstTime
 .text          0x00000000c0013156       0x36 sys/eject.32
                0x00000000c0013156                SysEject(regs*)
 .text          0x00000000c001318c       0x18 sys/exit.32
                0x00000000c001318c                SysExit(regs*)
 .text          0x00000000c00131a4       0x1f sys/getcwd.32
                0x00000000c00131a4                SysGetCwd(regs*)
 .text          0x00000000c00131c3       0x26 sys/getpid.32
                0x00000000c00131c3                SysGetPID(regs*)
 .text          0x00000000c00131e9       0x1a sys/getramdata.32
                0x00000000c00131e9                SysGetRAMData(regs*)
 .text          0x00000000c0013203       0x97 sys/getvgaptr.32
                0x00000000c0013203                SysGetVGAPtr(regs*)
 *fill*         0x00000000c001329a        0x2 
 .text          0x00000000c001329c       0xb9 sys/kill.32
                0x00000000c001329c                SysKill(regs*)
 .text          0x00000000c0013355       0xa8 sys/loaddll.32
                0x00000000c0013355                SysLoadDLL(regs*)
 .text          0x00000000c00133fd       0x68 sys/read.32
                0x00000000c00133fd                SysRead(regs*)
 .text          0x00000000c0013465       0x29 sys/registersignal.32
                0x00000000c0013465                SysRegisterSignal(regs*)
 .text          0x00000000c001348e      0x1cc sys/registry.32
                0x00000000c001348e                SysRegistryGetTypeFromPath(regs*)
                0x00000000c00134d2                SysRegistryReadExtent(regs*)
                0x00000000c001351a                SysRegistryPathToExtentLookup(regs*)
                0x00000000c0013531                SysRegistryEnterDirectory(regs*)
                0x00000000c0013548                SysRegistryGetNext(regs*)
                0x00000000c001355f                SysRegistryGetNameAndTypeFromExtent(regs*)
                0x00000000c0013599                SysRegistryOpen(regs*)
                0x00000000c00135ad                SysRegistryClose(regs*)
                0x00000000c00135c4                SysRegistryEasyReadString(regs*)
                0x00000000c0013610                SysRegistryEasyReadInteger(regs*)
 .text          0x00000000c001365a       0x55 sys/sbrk.32
                0x00000000c001365a                SysSbrk(regs*)
 .text          0x00000000c00136af       0x1c sys/setcwd.32
                0x00000000c00136af                SysSetCwd(regs*)
 .text          0x00000000c00136cb       0x96 sys/settime.32
                0x00000000c00136cb                SysSetTime(regs*)
 .text          0x00000000c0013761       0x73 sys/symlink.32
                0x00000000c0013761                SysSymlink(regs*)
 .text          0x00000000c00137d4       0x3f sys/timezone.32
                0x00000000c00137d4                SysTimezone(regs*)
 .text          0x00000000c0013813       0xfc sys/truncate.32
                0x00000000c0013813                SysTruncate(regs*)
 .text          0x00000000c001390f       0x68 sys/write.32
                0x00000000c001390f                SysWrite(regs*)
 .text          0x00000000c0013977       0x9d sys/wsbe.32
                0x00000000c0013977                SysWsbe(regs*)
 .text          0x00000000c0013a14       0x28 sys/yield.32
                0x00000000c0013a14                SysYield(regs*)
 .text          0x00000000c0013a3c     0x120b thr/elf.32
                0x00000000c0013a3c                Thr::allocateMemoryForTask(Process*, File*, unsigned long, unsigned long, unsigned long)
                0x00000000c0013cce                Thr::loadProgramIntoMemory(Process*, char const*)
                0x00000000c0013ee0                Thr::runtimeReferenceHelper()
                0x00000000c0013ef3                Thr::getAddressOfKernelSymbol(char const*)
                0x00000000c0013f42                Thr::loadKernelSymbolTable(char const*)
                0x00000000c0014200                Thr::loadDriverIntoMemory(char const*, unsigned long, bool)
                0x00000000c0014939                Thr::getDriverBaseFromAddress(unsigned long)
                0x00000000c001496b                Thr::getDriverNameFromAddress(unsigned long)
                0x00000000c00149a2                Thr::getDriverOffsetFromAddress(unsigned long)
                0x00000000c00149bc                Thr::loadDLL(char const*, bool)
                0x00000000c0014c0e                Thr::executeDLL(unsigned long, void*)
 .text          0x00000000c0014c47       0x5a thr/exec.32
                0x00000000c0014c47                KeProcessExec(Process*, char const*)
 *fill*         0x00000000c0014ca1        0x3 
 .text          0x00000000c0014ca4     0x1189 thr/prcssthr.32
                0x00000000c0014ca4                userModeEntryPoint(void*)
                0x00000000c0014cd0                changeTSS
                0x00000000c0014d00                switchToThread(ThreadControlBlock*)
                0x00000000c0014db0                Process::addArgs(char**)
                0x00000000c0014e1c                Process::Process(char const*, Process*, char**)
                0x00000000c0014e1c                Process::Process(char const*, Process*, char**)
                0x00000000c0015028                Process::Process(bool, char const*, Process*, char**)
                0x00000000c0015028                Process::Process(bool, char const*, Process*, char**)
                0x00000000c00151fc                taskStartupFunction
                0x00000000c0015208                KeDisablePreemption()
                0x00000000c0015230                KeRestorePreemption()
                0x00000000c0015250                Process::createThread(void (*)(void*), void*, int)
                0x00000000c001535c                Process::createUserThread()
                0x00000000c001537c                setupMultitasking(void (*)())
                0x00000000c00154a0                schedule()
                0x00000000c0015534                blockTaskWithSchedulerLockAlreadyHeld(TaskState)
                0x00000000c0015560                blockTask(TaskState)
                0x00000000c001559c                waitTask(int, int*, int)
                0x00000000c00155e0                milliTenthSleepUntil(unsigned int)
                0x00000000c0015688                milliTenthSleep(unsigned int)
                0x00000000c001569c                sleep(unsigned int)
                0x00000000c00156b8                taskReturned
                0x00000000c0015700                Thr::processFromPID(int)
                0x00000000c00157b0                unblockTask(ThreadControlBlock*)
                0x00000000c0015864                cleanupTerminatedTask(ThreadControlBlock*)
                0x00000000c0015b38                cleanerTaskFunction(void*)
                0x00000000c0015c50                terminateTask(int)
                0x00000000c0015d60                Thr::terminateFromIRQ(int)
 .text          0x00000000c0015e2d      0xd10 vm86/vm8086.32
                0x00000000c0015e2d                Vm::inbv(unsigned short)
                0x00000000c0015e40                Vm::outbv(unsigned short, unsigned char)
                0x00000000c0015e76                Vm::realToLinear(unsigned short, unsigned short)
                0x00000000c0015e86                Vm::getSegment(unsigned int)
                0x00000000c0015e8e                Vm::getOffset(unsigned int)
                0x00000000c0015e93                Vm::mainloop2()
                0x00000000c0015ecd                Vm::mainVm8086Loop(void*)
                0x00000000c0015ee0                Vm::mainloop3(unsigned long)
                0x00000000c0015f06                Vm::initialise8086()
                0x00000000c0015f49                Vm::resetConventionalMemory8086()
                0x00000000c0015f4a                Vm::finish8086()
                0x00000000c0015fac                Vm::getOutput8086(unsigned char*)
                0x00000000c0015fd1                Vm::start8086FromBuffer(unsigned char*, int, unsigned short, unsigned short, unsigned short, unsigned short)
                0x00000000c00160fe                Vm::start8086(char const*, unsigned short, unsigned short, unsigned short, unsigned short)
                0x00000000c001630c                Vm::doISR(regs*, int, unsigned char*, unsigned short, unsigned short)
                0x00000000c00163a5                Vm::readByteFromReal(unsigned short, unsigned short)
                0x00000000c00163b6                Vm::readWordFromReal(unsigned short, unsigned short)
                0x00000000c00163c8                Vm::readDwordFromReal(unsigned short, unsigned short)
                0x00000000c00163d9                Vm::writeByteFromReal(unsigned short, unsigned short, unsigned char)
                0x00000000c00163ee                Vm::writeWordFromReal(unsigned short, unsigned short, unsigned short)
                0x00000000c0016404                Vm::writeDwordFromReal(unsigned short, unsigned short, unsigned int)
                0x00000000c0016419                Vm::faultHandler(regs*)
 *fill*         0x00000000c0016b3d        0x1 
 .text          0x00000000c0016b3e     0x1e87 arch/i386/hal.32
                0x00000000c0016b3e                noCopro(unsigned long)
                0x00000000c0016b40                CPU::close(int, int, void*)
                0x00000000c0016b43                x86ReadCMOS(unsigned char)
                0x00000000c0016b97                x86WriteCMOS(unsigned char, unsigned char)
                0x00000000c0016bf7                AMD_K6_write_msr(unsigned int, unsigned int, unsigned int, REGS*)
                0x00000000c0016c16                AMD_K6_read_msr(unsigned int, REGS*)
                0x00000000c0016c33                AMD_K6_writeback(int, int, int)
                0x00000000c0016cf3                cpuid(int, unsigned long*, unsigned long*, unsigned long*, unsigned long*)
                0x00000000c0016d91                cpuidCheckEDX(unsigned int)
                0x00000000c0016dbe                cpuidCheckECX(unsigned int)
                0x00000000c0016dec                cpuidCheckExtendedEBX(unsigned int)
                0x00000000c0016e1a                cpuidCheckExtendedECX(unsigned int)
                0x00000000c0016e48                HalDetectFeatures()
                0x00000000c0017c30                HalEnableNMI()
                0x00000000c0017c43                HalDisableNMI()
                0x00000000c0017c56                HalGetNMIState()
                0x00000000c0017c5c                x86rdmsr(unsigned int)
                0x00000000c0017c9a                x86wrmsr(unsigned int, unsigned long long)
                0x00000000c0017cdf                HalHandleGeneralProtectionFault(void*, void*)
                0x00000000c0017cf5                HalFindRSDP()
                0x00000000c0017d8a                HalHandlePageFault(void*, void*)
                0x00000000c0017db9                HalHandleOpcodeFault(void*, void*)
                0x00000000c0017dfb                HalDisplayDebugInfo(void*)
                0x00000000c0018189                HalReceivedNMI()
                0x00000000c0018224                HalSystemIdle()
                0x00000000c0018283                i386SaveCoprocessor(void*)
                0x00000000c0018297                i386LoadCoprocessor(void*)
                0x00000000c00182ab                x87EmulHandler(regs*, void*)
                0x00000000c0018348                HalInitialiseCoprocessor()
                0x00000000c00183cc                HalPanic(char const*)
                0x00000000c00184e0                HalQueryPerformanceCounter()
                0x00000000c00184f0                HalInitialise()
                0x00000000c0018682                HalMakeBeep(int)
                0x00000000c00186bc                HalGetRand()
                0x00000000c00186bf                HalEndOfInterrupt(int)
                0x00000000c00186ea                HalRestart()
                0x00000000c00186eb                HalShutdown()
                0x00000000c00186ec                HalSleep()
                0x00000000c00186ee                CPU::CPU()
                0x00000000c00186ee                CPU::CPU()
                0x00000000c0018772                CPU::setupSMEP()
                0x00000000c001877e                CPU::setupUMIP()
                0x00000000c0018788                CPU::setupTSC()
                0x00000000c0018792                CPU::setupLargePages()
                0x00000000c001879c                CPU::setupPAT()
                0x00000000c00187ce                CPU::setupMTRR()
                0x00000000c00187d0                CPU::setupGlobalPages()
                0x00000000c00187da                CPU::allowUsermodeDataAccess()
                0x00000000c00187e8                CPU::prohibitUsermodeDataAccess()
                0x00000000c00187f6                CPU::setupSMAP()
                0x00000000c0018804                CPU::setupFeatures()
                0x00000000c00188d0                CPU::open(int, int, void*)
 .text          0x00000000c00189c5      0x261 arch/i386/intctrl.32
                0x00000000c00189c5                convertLegacyIRQNumber(int)
                0x00000000c0018a01                HalInstallISRHandler(int, void (*)(regs*, void*), void*)
                0x00000000c0018a4b                HalInstallIRQHandler(int, void (*)(regs*, void*), bool, void*)
                0x00000000c0018b79                HalUninstallISRHandler(int, void (*)(regs*, void*))
                0x00000000c0018bad                HalUninstallIRQHandler(int, void (*)(regs*, void*), bool)
 *fill*         0x00000000c0018c26        0x2 
 .text          0x00000000c0018c28      0x2dc arch/i386/pic.32
                0x00000000c0018c28                picIoWait()
                0x00000000c0018c30                picDisable()
                0x00000000c0018c64                picGetIRQReg(int)
                0x00000000c0018ce0                picOpen()
                0x00000000c0018e64                picEOI(int)
 .text          0x00000000c0018f04      0x5f3 arch/i386/rtc.32
                0x00000000c0018f04                RTC::open(int, int, void*)
                0x00000000c0018f08                RTC::close(int, int, void*)
                0x00000000c0018f0c                RTC::timeInSecondsUTC()
                0x00000000c0018f1e                RTC::timeInDatetimeUTC()
                0x00000000c0018f44                RTC::setTimeInSecondsUTC(unsigned long long)
                0x00000000c0018f82                RTC::~RTC()
                0x00000000c0018f82                RTC::~RTC()
                0x00000000c0018fa6                RTC::~RTC()
                0x00000000c0018fd0                RTC::get_update_in_progress_flag()
                0x00000000c0018fe4                RTC::completeRTCRefresh()
                0x00000000c0019298                RTC::setTimeInDatetimeUTC(datetime_t)
                0x00000000c001940e                rtcIRQHandler(regs*, void*)
                0x00000000c001944e                RTC::RTC()
                0x00000000c001944e                RTC::RTC()
 *fill*         0x00000000c00194f7        0x1 
 .text          0x00000000c00194f8      0x1f4 arch/i386/vga.32
                0x00000000c00194f8                HalConsoleScroll(int, int)
                0x00000000c0019600                HalConsoleWriteCharacter(char, int, int, int, int)
                0x00000000c0019664                HalConsoleCursorUpdate(int, int)
 .text          0x00000000c00196ec     0x14cf fs/fat/vfslink.32
                0x00000000c00196ec                FAT::getName()
                0x00000000c00196f4                FAT::tell(void*, unsigned long long*)
                0x00000000c0019730                FAT::stat(void*, unsigned long long*)
                0x00000000c001976c                FAT::~FAT()
                0x00000000c001976c                FAT::~FAT()
                0x00000000c0019790                FAT::~FAT()
                0x00000000c00197b8                FAT::getlabel(LogicalDisk*, int, char*, unsigned int*)
                0x00000000c001985c                FAT::setlabel(LogicalDisk*, int, char*)
                0x00000000c0019920                FAT::format(LogicalDisk*, int, char const*, int)
                0x00000000c0019b04                FAT::tryMount(LogicalDisk*, int)
                0x00000000c0019d20                FAT::allocateSwapfile(char const*, int)
                0x00000000c0019ee0                FAT::readDir(void*, unsigned long, void*, int*)
                0x00000000c001a050                FAT::read(void*, unsigned long, void*, int*)
                0x00000000c001a0b0                FAT::write(void*, unsigned long, void*, int*)
                0x00000000c001a110                FAT::close(void*)
                0x00000000c001a164                FAT::closeDir(void*)
                0x00000000c001a1b8                FAT::truncate(void*, unsigned long long)
                0x00000000c001a224                FAT::seek(void*, unsigned long long)
                0x00000000c001a27c                fatWrapperReadDisk
                0x00000000c001a2bc                fatWrapperWriteDisk
                0x00000000c001a2fc                fatWrapperIoctl
                0x00000000c001a418                FAT::FAT()
                0x00000000c001a418                FAT::FAT()
                0x00000000c001a470                FAT::fixFilepath(char*)
                0x00000000c001a4b0                FAT::open(char const*, void**, FileOpenMode)
                0x00000000c001a624                FAT::openDir(char const*, void**)
                0x00000000c001a6d4                FAT::stat(char const*, unsigned long long*, bool*)
                0x00000000c001a7cc                FAT::unlink(char const*)
                0x00000000c001a84c                FAT::chfatattr(char const*, unsigned char, unsigned char)
                0x00000000c001aa00                FAT::rename(char const*, char const*)
                0x00000000c001aacc                FAT::mkdir(char const*)
                0x00000000c001ab4c                FAT::exists(char const*)
 *fill*         0x00000000c001abbb        0x1 
 .text          0x00000000c001abbc       0x94 fs/iso9660/helper.32
                0x00000000c001abbc                isoReadDiscSectorHelper
                0x00000000c001ac18                iso_kprintf
                0x00000000c001ac34                iso_kprintfd
 .text          0x00000000c001ac50      0x71c fs/iso9660/vfslink.32
                0x00000000c001ac50                ISO9660::format(LogicalDisk*, int, char const*, int)
                0x00000000c001ac56                ISO9660::truncate(void*, unsigned long long)
                0x00000000c001ac5c                ISO9660::getName()
                0x00000000c001ac62                ISO9660::closeDir(void*)
                0x00000000c001ac6c                ISO9660::chfatattr(char const*, unsigned char, unsigned char)
                0x00000000c001ac72                ISO9660::unlink(char const*)
                0x00000000c001ac78                ISO9660::write(void*, unsigned long, void*, int*)
                0x00000000c001ac7e                ISO9660::rename(char const*, char const*)
                0x00000000c001ac84                ISO9660::mkdir(char const*)
                0x00000000c001ac8a                ISO9660::~ISO9660()
                0x00000000c001ac8a                ISO9660::~ISO9660()
                0x00000000c001acae                ISO9660::~ISO9660()
                0x00000000c001acd6                ISO9660::exists(char const*)
                0x00000000c001acea                ISO9660::open(char const*, void**, FileOpenMode)
                0x00000000c001add0                ISO9660::read(void*, unsigned long, void*, int*)
                0x00000000c001ae18                ISO9660::seek(void*, unsigned long long)
                0x00000000c001ae5a                ISO9660::tell(void*, unsigned long long*)
                0x00000000c001ae98                ISO9660::stat(void*, unsigned long long*)
                0x00000000c001aeea                ISO9660::stat(char const*, unsigned long long*, bool*)
                0x00000000c001b02c                ISO9660::close(void*)
                0x00000000c001b05c                ISO9660::openDir(char const*, void**)
                0x00000000c001b136                ISO9660::readDir(void*, unsigned long, void*, int*)
                0x00000000c001b253                readSectorFromCDROM(unsigned int, unsigned char*, char)
                0x00000000c001b2d2                ISO9660::tryMount(LogicalDisk*, int)
                0x00000000c001b344                ISO9660::ISO9660()
                0x00000000c001b344                ISO9660::ISO9660()
 .text          0x00000000c001b36c      0x26c hal/sound/sndcard.32
                0x00000000c001b36c                SoundCard::beginPlayback()
                0x00000000c001b37a                SoundCard::stopPlayback()
                0x00000000c001b388                SoundCard::SoundCard(char const*)
                0x00000000c001b388                SoundCard::SoundCard(char const*)
                0x00000000c001b426                SoundCard::~SoundCard()
                0x00000000c001b426                SoundCard::~SoundCard()
                0x00000000c001b44a                SoundCard::~SoundCard()
                0x00000000c001b474                SoundCard::configureRates(int, int, int)
                0x00000000c001b4a4                SoundCard::getSamples16(int, short*)
                0x00000000c001b500                SoundCard::getSamples32(int, int*)
                0x00000000c001b586                SoundCard::addChannel(SoundPort*)
                0x00000000c001b5c4                SoundCard::removeChannel(int)
 .text          0x00000000c001b5d8      0x38a hal/sound/sndport.32
                0x00000000c001b5d8                SoundPort::SoundPort(int, int, int, int)
                0x00000000c001b5d8                SoundPort::SoundPort(int, int, int, int)
                0x00000000c001b664                SoundPort::~SoundPort()
                0x00000000c001b664                SoundPort::~SoundPort()
                0x00000000c001b698                SoundPort::unpause()
                0x00000000c001b6a4                SoundPort::pause()
                0x00000000c001b6b0                SoundPort::getBufferUsed()
                0x00000000c001b6b8                SoundPort::getBufferSize()
                0x00000000c001b6c0                SoundPort::buffer16(short*, int)
                0x00000000c001b74c                SoundPort::buffer32(int*, int)
                0x00000000c001b7d8                SoundPort::unbufferAndAdd16(int, short*, SoundCard*)
                0x00000000c001b8a4                SoundPort::unbufferAndAdd32(int, int*, SoundCard*)
 .text          0x00000000c001b962        0x0 hw/bus/isa.32
 .text          0x00000000c001b962      0xc23 hw/bus/pci.32
                0x00000000c001b962                PCI::open(int, int, void*)
                0x00000000c001b980                PCI::close(int, int, void*)
                0x00000000c001b984                PCI::PCI()
                0x00000000c001b984                PCI::PCI()
                0x00000000c001ba1c                PCI::readBAR8(unsigned int, int)
                0x00000000c001ba38                PCI::readBAR16(unsigned int, int)
                0x00000000c001ba56                PCI::readBAR32(unsigned int, int)
                0x00000000c001ba72                PCI::writeBAR8(unsigned int, unsigned char, int)
                0x00000000c001ba92                PCI::writeBAR16(unsigned int, unsigned short, int)
                0x00000000c001bab4                PCI::writeBAR32(unsigned int, unsigned int, int)
                0x00000000c001bad4                PCI::legacyMechanism(unsigned char, unsigned char, unsigned char, unsigned char)
                0x00000000c001bb4a                PCI::pciReadWord(unsigned char, unsigned char, unsigned char, unsigned char)
                0x00000000c001bbf4                PCI::getVendorID(unsigned char, unsigned char, unsigned char)
                0x00000000c001bc18                PCI::getHeaderType(unsigned char, unsigned char, unsigned char)
                0x00000000c001bc40                PCI::getClassCode(unsigned char, unsigned char, unsigned char)
                0x00000000c001bc8a                PCI::getProgIF(unsigned char, unsigned char, unsigned char)
                0x00000000c001bcb2                PCI::getRevisionID(unsigned char, unsigned char, unsigned char)
                0x00000000c001bcd6                PCI::getInterruptNumber(unsigned char, unsigned char, unsigned char)
                0x00000000c001bcfa                PCI::getSecondaryBus(unsigned char, unsigned char, unsigned char)
                0x00000000c001bd22                PCI::getBARAddress(unsigned char, unsigned char, unsigned char, unsigned char)
                0x00000000c001bd86                PCI::pciWriteWord(unsigned char, unsigned char, unsigned char, unsigned char, unsigned short)
                0x00000000c001be6e                PCI::pciDetailsToFilepath(PCIDeviceInfo, char*)
                0x00000000c001c134                PCI::checkBus(unsigned char)
                0x00000000c001c158                PCI::foundDevice(PCIDeviceInfo)
                0x00000000c001c33e                PCI::getDeviceData(unsigned char, unsigned char, unsigned char)
                0x00000000c001c4ba                PCI::checkDevice(unsigned char, unsigned char)
                0x00000000c001c52c                PCI::detect()
 *fill*         0x00000000c001c585        0x1 
 .text          0x00000000c001c586      0xdbc hw/diskctrl/ide.32
                0x00000000c001c586                IDE::close(int, int, void*)
                0x00000000c001c58a                IDE::IDE()
                0x00000000c001c58a                IDE::IDE()
                0x00000000c001c5be                IDE::prepareInterrupt(unsigned char)
                0x00000000c001c5d0                selectDrive(unsigned char, unsigned char)
                0x00000000c001c5d2                IDE::getBase(unsigned char)
                0x00000000c001c5e4                IDE::write(unsigned char, unsigned char, unsigned char)
                0x00000000c001c6a4                IDE::read(unsigned char, unsigned char)
                0x00000000c001c752                IDE::waitInterrupt(unsigned char)
                0x00000000c001c7b4                ideChannel0IRQHandler(regs*, void*)
                0x00000000c001c7d0                ideChannel1IRQHandler(regs*, void*)
                0x00000000c001c7ec                IDE::enableIRQs(unsigned char, bool)
                0x00000000c001c836                IDE::open(int, int, void*)
                0x00000000c001cd22                IDE::readBuffer(unsigned char, unsigned char, unsigned int, unsigned int)
                0x00000000c001cdf2                IDE::detect()
                0x00000000c001d234                IDE::printError(unsigned char, unsigned char, unsigned char)
                0x00000000c001d2ee                IDE::polling(unsigned char, unsigned int)
 .text          0x00000000c001d342      0x33d hw/diskctrl/satabus.32
                0x00000000c001d342                SATABus::close(int, int, void*)
                0x00000000c001d346                SATABus::detect()
                0x00000000c001d348                SATABus::SATABus()
                0x00000000c001d348                SATABus::SATABus()
                0x00000000c001d3ce                SATABus::findCmdslot(SATABus::tagHBA_PORT volatile*)
                0x00000000c001d400                SATABus::checkType(SATABus::tagHBA_PORT volatile*)
                0x00000000c001d448                SATABus::startCmd(SATABus::tagHBA_PORT volatile*)
                0x00000000c001d468                SATABus::stopCmd(SATABus::tagHBA_PORT volatile*)
                0x00000000c001d492                SATABus::portRebase(SATABus::tagHBA_PORT volatile*, int)
                0x00000000c001d5a2                SATABus::probePort(SATABus::tagHBA_MEM volatile*)
                0x00000000c001d64c                SATABus::open(int, int, void*)
 *fill*         0x00000000c001d67f        0x1 
 .text          0x00000000c001d680      0x676 hw/diskphys/ata.32
                0x00000000c001d680                ATA::close(int, int, void*)
                0x00000000c001d6a4                ATA::powerSaving(PowerSavingLevel)
                0x00000000c001d6a6                ATA::ATA()
                0x00000000c001d6a6                ATA::ATA()
                0x00000000c001d6d4                ATA::flush(bool)
                0x00000000c001d722                ATA::readyForCommand()
                0x00000000c001d76e                ATA::access(unsigned long long, int, void*, bool)
                0x00000000c001db4a                ATA::read(unsigned long long, int, void*)
                0x00000000c001db96                ATA::write(unsigned long long, int, void*)
                0x00000000c001dbe2                ATA::detectCHS()
                0x00000000c001dc0c                ATA::open(int, int, void*)
                0x00000000c001dcd8                combineCharAndColour(char, unsigned char)
                0x00000000c001dce9                combineColours(unsigned char, unsigned char)
 .text          0x00000000c001dcf6      0x618 hw/diskphys/atapi.32
                0x00000000c001dcf6                ATAPI::write(unsigned long long, int, void*)
                0x00000000c001dcfc                ATAPI::close(int, int, void*)
                0x00000000c001dd20                ATAPI::ATAPI()
                0x00000000c001dd20                ATAPI::ATAPI()
                0x00000000c001dd4e                ATAPI::readyForCommand()
                0x00000000c001dda0                ATAPI::sendPacket(unsigned char*, int, bool, unsigned short*, int)
                0x00000000c001e068                ATAPI::diskRemoved()
                0x00000000c001e0a2                ATAPI::eject()
                0x00000000c001e0ea                ATAPI::diskInserted()
                0x00000000c001e0f6                ATAPI::detectMedia()
                0x00000000c001e1b4                ATAPI::open(int, int, void*)
                0x00000000c001e294                ATAPI::read(unsigned long long, int, void*)
 .text          0x00000000c001e30e      0x44c hw/diskphys/sata.32
                0x00000000c001e30e                SATA::close(int, int, void*)
                0x00000000c001e332                SATA::powerSaving(PowerSavingLevel)
                0x00000000c001e334                SATA::open(int, int, void*)
                0x00000000c001e3ec                SATA::SATA()
                0x00000000c001e3ec                SATA::SATA()
                0x00000000c001e41a                SATA::access(unsigned long long, int, void*, bool)
                0x00000000c001e6a2                SATA::read(unsigned long long, int, void*)
                0x00000000c001e6ee                SATA::write(unsigned long long, int, void*)
 .text          0x00000000c001e75a      0x5d0 hw/diskphys/satapi.32
                0x00000000c001e75a                SATAPI::write(unsigned long long, int, void*)
                0x00000000c001e760                SATAPI::close(int, int, void*)
                0x00000000c001e784                SATAPI::SATAPI()
                0x00000000c001e784                SATAPI::SATAPI()
                0x00000000c001e7b2                SATAPI::diskRemoved()
                0x00000000c001e7b4                SATAPI::diskInserted()
                0x00000000c001e7d0                SATAPI::sendPacket(unsigned char*, int, unsigned long long, unsigned short*, int)
                0x00000000c001eaae                SATAPI::eject()
                0x00000000c001eaea                SATAPI::detectMedia()
                0x00000000c001eb40                SATAPI::open(int, int, void*)
                0x00000000c001ec40                SATAPI::read(unsigned long long, int, void*)
 .text          0x00000000c001ed2a      0x443 hw/intctrl/apic.32
                0x00000000c001ed2a                IOAPIC::close(int, int, void*)
                0x00000000c001ed30                apicGetBase()
                0x00000000c001ed4e                IOAPIC::IOAPIC()
                0x00000000c001ed4e                IOAPIC::IOAPIC()
                0x00000000c001ed76                apicOpen()
                0x00000000c001ef02                IOAPIC::handlesGSIWithNumber(unsigned int)
                0x00000000c001ef34                IOAPIC::read(int)
                0x00000000c001ef5c                IOAPIC::open(int, int, void*)
                0x00000000c001f042                IOAPIC::write(int, int)
                0x00000000c001f06e                IOAPIC::redirect(unsigned char, unsigned long long, unsigned char, bool, bool)
 *fill*         0x00000000c001f16d        0x3 
 .text          0x00000000c001f170       0xf0 hw/timer/apictimer.32
                0x00000000c001f170                APICTimer::close(int, int, void*)
                0x00000000c001f178                apicTimerHandler(regs*, void*)
                0x00000000c001f1a0                APICTimer::open(int, int, void*)
                0x00000000c001f210                APICTimer::write(int)
                0x00000000c001f238                APICTimer::APICTimer()
                0x00000000c001f238                APICTimer::APICTimer()
 .text          0x00000000c001f260      0x1ad hw/timer/pit.32
                0x00000000c001f260                PIT::write(int)
                0x00000000c001f2e4                pitHandler(regs*, void*)
                0x00000000c001f30c                PIT::open(int, int, void*)
                0x00000000c001f35c                PIT::close(int, int, void*)
                0x00000000c001f38c                PIT::PIT()
                0x00000000c001f38c                PIT::PIT()
 *fill*         0x00000000c001f40d        0x3 
 .text          0x00000000c001f410       0x6f arch/i386/avx.32
                0x00000000c001f410                avxDetect
                0x00000000c001f43a                avxSave
                0x00000000c001f44b                avxLoad
                0x00000000c001f45c                avxInit
                0x00000000c001f47e                avxClose
 *fill*         0x00000000c001f47f        0x1 
 .text          0x00000000c001f480      0x2ec arch/i386/interrupt.32
                0x00000000c001f480                isr0
                0x00000000c001f490                isr1
                0x00000000c001f49a                isr2
                0x00000000c001f4a4                isr3
                0x00000000c001f4ae                isr4
                0x00000000c001f4b8                isr5
                0x00000000c001f4c2                isr6
                0x00000000c001f4cc                isr7
                0x00000000c001f4d6                isr8
                0x00000000c001f4de                isr9
                0x00000000c001f4e8                isr10
                0x00000000c001f4f0                isr11
                0x00000000c001f4f8                isr12
                0x00000000c001f500                isr13
                0x00000000c001f51a                isr14
                0x00000000c001f522                isr15
                0x00000000c001f52c                isr16
                0x00000000c001f536                isr17
                0x00000000c001f540                isr18
                0x00000000c001f54a                irq3
                0x00000000c001f554                irq4
                0x00000000c001f55e                irq5
                0x00000000c001f568                irq6
                0x00000000c001f572                irq7