Archive member included to satisfy reference by file (symbol)

/cygdrive/d/Users/Alex/Desktop/Toolchain/Output/bin/../lib/gcc/i386-banana/8.1.0/libkgcc.a(_divdi3.o)
                              fs/fat/ff.32 (__divdi3)
/cygdrive/d/Users/Alex/Desktop/Toolchain/Output/bin/../lib/gcc/i386-banana/8.1.0/libkgcc.a(_moddi3.o)
                              compat/resolve.32 (__moddi3)
/cygdrive/d/Users/Alex/Desktop/Toolchain/Output/bin/../lib/gcc/i386-banana/8.1.0/libkgcc.a(_udivdi3.o)
                              fs/fat/ff.32 (__udivdi3)
/cygdrive/d/Users/Alex/Desktop/Toolchain/Output/bin/../lib/gcc/i386-banana/8.1.0/libkgcc.a(_umoddi3.o)
                              compat/resolve.32 (__umoddi3)
D:/Users/Alex/Desktop/Banana/kernel/libsoftfp.a(sfieeelib.o)
                              hal/sound/sndhw.32 (__addsf3)
D:/Users/Alex/Desktop/Banana/kernel/libsoftfp.a(dfieeelib.o)
                              hal/libresample/src_linear.32 (__adddf3)
D:/Users/Alex/Desktop/Banana/kernel/libsoftfp.a(sfdfcvt.o)
                              hal/libresample/samplerate.32 (__truncdfsf2)
D:/Users/Alex/Desktop/Banana/kernel/libk/libm32.a(s_fabs.c.o)
                              hal/libresample/samplerate.32 (fabs)
D:/Users/Alex/Desktop/Banana/kernel/libk/libm32.a(s_lrint.S.o)
                              hal/libresample/samplerate.32 (lrint)
D:/Users/Alex/Desktop/Banana/kernel/libk/libm32.a(s_lrintf.S.o)
                              hal/sound/sndhw.32 (lrintf)

Discarded input sections

 .comment       0x0000000000000000       0x12 /cygdrive/d/Users/Alex/Desktop/Toolchain/Output/bin/../lib/gcc/i386-banana/8.1.0/crtbegin.o
 .comment       0x0000000000000000       0x12 acpica/utclib.32
 .comment       0x0000000000000000       0x12 core/malloc.32
 .comment       0x0000000000000000       0x12 libk/string.32
 .comment       0x0000000000000000       0x12 fs/fat/diskio.32
 .comment       0x0000000000000000       0x12 fs/fat/ff.32
 .comment       0x0000000000000000       0x12 fs/fat/ffsystem.32
 .comment       0x0000000000000000       0x12 fs/fat/ffunicode.32
 .comment       0x0000000000000000       0x12 hal/libresample/samplerate.32
 .comment       0x0000000000000000       0x12 hal/libresample/src_linear.32
 .comment       0x0000000000000000       0x12 hal/libresample/src_sinc.32
 .comment       0x0000000000000000       0x12 hal/libresample/src_zoh.32
 .comment       0x0000000000000000       0x12 compat/inlines.32
 .comment       0x0000000000000000       0x12 compat/resolve.32
 .group         0x0000000000000000       0x14 core/computer.32
 .group         0x0000000000000000        0xc core/computer.32
 .comment       0x0000000000000000       0x12 core/computer.32
 .comment       0x0000000000000000       0x12 core/gdt.32
 .group         0x0000000000000000        0xc core/idle.32
 .comment       0x0000000000000000       0x12 core/idle.32
 .comment       0x0000000000000000       0x12 core/idt.32
 .comment       0x0000000000000000       0x12 core/kheap.32
 .comment       0x0000000000000000       0x12 core/main.32
 .comment       0x0000000000000000       0x12 core/physmgr.32
 .group         0x0000000000000000        0xc core/pipe.32
 .comment       0x0000000000000000       0x12 core/pipe.32
 .group         0x0000000000000000        0xc core/terminal.32
 .comment       0x0000000000000000       0x12 core/terminal.32
 .comment       0x0000000000000000       0x12 core/tss.32
 .group         0x0000000000000000        0x8 core/unixfile.32
 .group         0x0000000000000000        0xc core/unixfile.32
 .group         0x0000000000000000        0xc core/unixfile.32
 .group         0x0000000000000000        0x8 core/unixfile.32
 .group         0x0000000000000000        0xc core/unixfile.32
 .group         0x0000000000000000        0x8 core/unixfile.32
 .group         0x0000000000000000        0xc core/unixfile.32
 .group         0x0000000000000000        0xc core/unixfile.32
 .comment       0x0000000000000000       0x12 core/unixfile.32
 .comment       0x0000000000000000       0x12 core/virtmgr.32
 .comment       0x0000000000000000       0x12 coreobjs/c++.32
 .comment       0x0000000000000000       0x12 dbg/kconsole.32
 .group         0x0000000000000000        0xc fs/vfs.32
 .group         0x0000000000000000        0xc fs/vfs.32
 .group         0x0000000000000000        0xc fs/vfs.32
 .comment       0x0000000000000000       0x12 fs/vfs.32
 .group         0x0000000000000000        0xc hal/bus.32
 .comment       0x0000000000000000       0x12 hal/bus.32
 .group         0x0000000000000000        0xc hal/buzzer.32
 .comment       0x0000000000000000       0x12 hal/buzzer.32
 .group         0x0000000000000000        0xc hal/clock.32
 .comment       0x0000000000000000       0x12 hal/clock.32
 .group         0x0000000000000000       0x14 hal/device.32
 .group         0x0000000000000000        0xc hal/device.32
 .group         0x0000000000000000        0xc hal/device.32
 .group         0x0000000000000000        0xc hal/device.32
[...]
Memory Configuration

Name             Origin             Length             Attributes
*default*        0x0000000000000000 0xffffffffffffffff

Linker script and memory map

LOAD D:/Users/Alex/Desktop/Banana/kernel/boot.32
LOAD crti.32
LOAD /cygdrive/d/Users/Alex/Desktop/Toolchain/Output/bin/../lib/gcc/i386-banana/8.1.0/crtbegin.o
LOAD D:/Users/Alex/Desktop/Banana/kernel/morenasm.32
LOAD acpica/utclib.32
LOAD core/malloc.32
LOAD libk/string.32
LOAD fs/fat/diskio.32
LOAD fs/fat/ff.32
LOAD fs/fat/ffsystem.32
LOAD fs/fat/ffunicode.32
LOAD hal/libresample/samplerate.32
LOAD hal/libresample/src_linear.32
LOAD hal/libresample/src_sinc.32
LOAD hal/libresample/src_zoh.32
LOAD compat/inlines.32
LOAD compat/resolve.32
LOAD core/computer.32
LOAD core/gdt.32
LOAD core/idle.32
LOAD core/idt.32
LOAD core/kheap.32
LOAD core/main.32
LOAD core/physmgr.32
LOAD core/pipe.32
LOAD core/terminal.32
LOAD core/tss.32
LOAD core/unixfile.32
LOAD core/virtmgr.32
LOAD coreobjs/c++.32
LOAD dbg/kconsole.32
LOAD fs/vfs.32
LOAD hal/bus.32
LOAD hal/buzzer.32
LOAD hal/clock.32
LOAD hal/device.32
LOAD hal/diskctrl.32
LOAD hal/diskphys.32
LOAD hal/fpu.32
LOAD hal/intctrl.32
LOAD hal/keybrd.32
LOAD hal/logidisk.32
LOAD hal/mouse.32
LOAD hal/partition.32
LOAD hal/serial.32
LOAD hal/timer.32
LOAD hal/vcache.32
LOAD hal/video.32
LOAD hw/acpi.32
LOAD hw/cpu.32
LOAD hw/ports.32
LOAD krnl/env.32
LOAD krnl/panic.32
LOAD net/ethernet.32
LOAD reg/registry.32
LOAD sys/sc_exit.32
LOAD sys/sc_getcwd.32
LOAD sys/sc_getpid.32
LOAD sys/sc_loaddll.32
LOAD sys/sc_read.32
LOAD sys/sc_sbrk.32
LOAD sys/sc_setcwd.32
LOAD sys/sc_settime.32
LOAD sys/sc_timezone.32
LOAD sys/sc_write.32
LOAD sys/sc_yield.32
LOAD sys/syscalls.32
LOAD thr/elf.32
LOAD thr/prcssthr.32
LOAD vm86/vm8086.32
LOAD vm86/x87em.32
LOAD fs/fat/vfslink.32
LOAD fs/iso9660/vfslink.32
LOAD hal/sound/sndchannel.32
LOAD hal/sound/sndhw.32
LOAD hw/bus/isa.32
LOAD hw/bus/pci.32
LOAD hw/diskctrl/ide.32
LOAD hw/diskctrl/satabus.32
LOAD hw/diskphys/ata.32
LOAD hw/diskphys/atapi.32
LOAD hw/diskphys/sata.32
LOAD hw/fpu/avx.32
LOAD hw/fpu/mmx.32
LOAD hw/fpu/sse.32
LOAD hw/fpu/x87.32
LOAD hw/intctrl/apic.32
LOAD hw/intctrl/pic.32
LOAD hw/timer/apictimer.32
LOAD hw/timer/pit.32
LOAD hw/fpu/x86/avx.32
LOAD hw/fpu/x86/sse.32
LOAD hw/fpu/x86/x87.32
LOAD /cygdrive/d/Users/Alex/Desktop/Toolchain/Output/bin/../lib/gcc/i386-banana/8.1.0/crtend.o
LOAD crtn.32
LOAD /cygdrive/d/Users/Alex/Desktop/Toolchain/Output/bin/../lib/gcc/i386-banana/8.1.0/libkgcc.a
LOAD D:/Users/Alex/Desktop/Banana/kernel/libsoftfp.a
LOAD D:/Users/Alex/Desktop/Banana/kernel/libk/libm32.a
                0x00000000c0000000                . = 0xc0000000

.text           0x00000000c0000000    0x272f8
 *(.text)
 .text          0x00000000c0000000       0x41 D:/Users/Alex/Desktop/Banana/kernel/boot.32
                0x00000000c0000020                callGlobalConstructors
 .text          0x00000000c0000041        0x0 crti.32
 *fill*         0x00000000c0000041        0x3 
 .text          0x00000000c0000044      0x101 /cygdrive/d/Users/Alex/Desktop/Toolchain/Output/bin/../lib/gcc/i386-banana/8.1.0/crtbegin.o
 *fill*         0x00000000c0000145        0xb 
 .text          0x00000000c0000150      0x4a2 D:/Users/Alex/Desktop/Banana/kernel/morenasm.32
                0x00000000c0000150                prepareTramp
                0x00000000c0000169                voodooXADD
                0x00000000c0000234                doTPAUSE
                0x00000000c000023e                hasLegacyFPU
                0x00000000c0000263                is486
                0x00000000c0000299                detectCPUID
                0x00000000c00002af                goToVM86
                0x00000000c00002df                goToUsermode
                0x00000000c0000309                switchToThreadASMFirstTime
                0x00000000c0000317                switchToThreadASM
                0x00000000c000039f                asmQuickAcquireLock
                0x00000000c00003bd                asmQuickReleaseLock
                0x00000000c00003c9                asmAcquireLock
                0x00000000c00003ea                asmReleaseLock
                0x00000000c00003fd                loadGDT
                0x00000000c000041d                isr0
                0x00000000c000042d                isr1
                0x00000000c0000437                isr2
                0x00000000c0000441                isr3
                0x00000000c000044b                isr4
                0x00000000c0000455                isr5
                0x00000000c000045f                isr6
                0x00000000c0000469                isr7
                0x00000000c0000473                isr8
                0x00000000c000047b                isr9
                0x00000000c0000485                isr10
                0x00000000c000048d                isr11
                0x00000000c0000495                isr12
                0x00000000c000049d                isr13
                0x00000000c00004a5                isr14
                0x00000000c00004ad                isr15
                0x00000000c00004b7                isr16
                0x00000000c00004c1                isr17
                0x00000000c00004cb                isr18
                0x00000000c00004d5                irq3
                0x00000000c00004df                irq4
                0x00000000c00004e9                irq5
                0x00000000c00004f3                irq6
                0x00000000c00004fd                irq7
                0x00000000c0000507                irq8
                0x00000000c0000511                irq9
                0x00000000c000051b                irq10
                0x00000000c0000525                irq11
                0x00000000c000052f                irq12
                0x00000000c0000539                irq13
                0x00000000c0000543                irq14
                0x00000000c000054d                irq15
                0x00000000c0000557                irq1
                0x00000000c000055e                irq2
                0x00000000c0000565                isr96
                0x00000000c000056c                irq0
                0x00000000c0000571                syscall_common_stub
                0x00000000c0000571                int_common_stub
                0x00000000c00005a2                irq16
                0x00000000c00005ac                irq17
                0x00000000c00005b6                irq18
                0x00000000c00005c0                irq19
                0x00000000c00005ca                irq20
                0x00000000c00005d4                irq21
                0x00000000c00005de                irq22
                0x00000000c00005e8                irq23
 .text          0x00000000c00005f2      0x40f acpica/utclib.32
                0x00000000c00005f2                memcmp
                0x00000000c000061d                memmove
                0x00000000c0000655                memcpy
                0x00000000c000068b                memset
                0x00000000c00006a8                strlen
                0x00000000c00006b8                strpbrk
                0x00000000c00006db                strtok
                0x00000000c000072a                strcpy
                0x00000000c000074a                strncpy
                0x00000000c000077b                strcmp
                0x00000000c000079c                strchr
                0x00000000c00007b2                strncmp
                0x00000000c00007e1                strcat
                0x00000000c0000808                strncat
                0x00000000c0000842                strstr
                0x00000000c000087f                toupper
                0x00000000c0000893                tolower
                0x00000000c00008a7                simple_strtoul
 .text          0x00000000c0000a01      0xfbf core/malloc.32
                0x00000000c0000b6c                dlfree
                0x00000000c0000ec7                dlmalloc
                0x00000000c0001404                dlrealloc
                0x00000000c00015b9                dlmemalign
                0x00000000c00016dc                dlcalloc
                0x00000000c0001776                dlcfree
                0x00000000c000177b                dlindependent_calloc
                0x00000000c00017a0                dlindependent_comalloc
                0x00000000c00017b7                dlvalloc
                0x00000000c00017e2                dlpvalloc
                0x00000000c0001818                dlmalloc_trim
                0x00000000c0001825                dlmalloc_usable_size
                0x00000000c0001856                dlmallinfo
                0x00000000c0001925                dlmalloc_stats
                0x00000000c0001936                dlmallopt
 .text          0x00000000c00019c0        0x0 libk/string.32
 .text          0x00000000c00019c0       0x51 fs/fat/diskio.32
                0x00000000c00019c0                disk_status
                0x00000000c00019c3                disk_initialize
                0x00000000c00019c6                disk_read
                0x00000000c00019dc                disk_write
                0x00000000c00019f2                disk_ioctl
 .text          0x00000000c0001a11     0x6833 fs/fat/ff.32
                0x00000000c0004cdf                f_mount
                0x00000000c0004d41                f_open
                0x00000000c000517d                f_read
                0x00000000c00053fd                f_write
                0x00000000c00056b7                f_sync
                0x00000000c0005893                f_close
                0x00000000c00058c2                f_lseek
                0x00000000c0005d79                f_opendir
                0x00000000c0005e7b                f_closedir
                0x00000000c0005e9d                f_readdir
                0x00000000c0005f38                f_stat
                0x00000000c0005fc7                f_getfree
                0x00000000c0006192                f_truncate
                0x00000000c000628a                f_unlink
                0x00000000c000640d                f_mkdir
                0x00000000c0006639                f_rename
                0x00000000c000692c                f_chmod
                0x00000000c0006a0a                f_utime
                0x00000000c0006ae8                f_getlabel
                0x00000000c0006cd6                f_setlabel
                0x00000000c0006f43                f_forward
                0x00000000c0007121                f_mkfs
 .text          0x00000000c0008244       0x2d fs/fat/ffsystem.32
                0x00000000c0008244                ff_memalloc
                0x00000000c000825a                ff_memfree
 .text          0x00000000c0008271      0x253 fs/fat/ffunicode.32
                0x00000000c0008271                ff_uni2oem
                0x00000000c0008301                ff_oem2uni
                0x00000000c000836d                ff_wtoupper
 .text          0x00000000c00084c4      0x8fb hal/libresample/samplerate.32
                0x00000000c0008508                src_delete
                0x00000000c0008544                src_process
                0x00000000c00086fa                src_callback_read
                0x00000000c0008877                src_set_ratio
                0x00000000c00088e1                src_get_channels
                0x00000000c0008903                src_reset
                0x00000000c000894f                src_new
                0x00000000c00089dd                src_callback_new
                0x00000000c0008a3f                src_get_name
                0x00000000c0008a76                src_get_description
                0x00000000c0008aad                src_get_version
                0x00000000c0008ab3                src_is_valid_ratio
                0x00000000c0008b07                src_error
                0x00000000c0008b15                src_strerror
                0x00000000c0008b28                src_simple
                0x00000000c0008b7b                src_short_to_float_array
                0x00000000c0008be0                src_float_to_short_array
                0x00000000c0008c9f                src_int_to_float_array
                0x00000000c0008d02                src_float_to_int_array
 .text          0x00000000c0008dbf      0x8cb hal/libresample/src_linear.32
                0x00000000c00095e5                linear_get_name
                0x00000000c00095f4                linear_get_description
                0x00000000c0009603                linear_set_converter
 .text          0x00000000c000968a     0x447c hal/libresample/src_sinc.32
                0x00000000c000da1d                sinc_get_name
                0x00000000c000da30                sinc_get_description
                0x00000000c000da43                sinc_set_converter
 .text          0x00000000c000db06      0x77c hal/libresample/src_zoh.32
                0x00000000c000e1dd                zoh_get_name
                0x00000000c000e1ec                zoh_get_description
                0x00000000c000e1fb                zoh_set_converter
 .text          0x00000000c000e282       0x23 compat/inlines.32
                0x00000000c000e282                CPU::current()
                0x00000000c000e28f                operator new(unsigned long)
 .text          0x00000000c000e2a5      0x111 compat/resolve.32
                0x00000000c000e2a5                Krnl::resolveCompatibilitySymbol(char*)
 .text          0x00000000c000e3b6      0xa11 core/computer.32
                0x00000000c000e3b6                Computer::close(int, int, void*)
                0x00000000c000e3fa                Krnl::firstTask()
                0x00000000c000e4e4                Computer::Computer()
                0x00000000c000e4e4                Computer::Computer()
                0x00000000c000e640                Computer::setBootMessage(char const*)
                0x00000000c000e642                Computer::detectFeatures()
                0x00000000c000e84c                Computer::displayFeatures()
                0x00000000c000eb92                Computer::rdmsr(unsigned int)
                0x00000000c000ebbe                Computer::wrmsr(unsigned int, unsigned long long)
                0x00000000c000ebf6                Computer::nmiEnabled()
                0x00000000c000ec02                Computer::readCMOS(unsigned char)
                0x00000000c000ec1c                Computer::enableNMI(bool)
                0x00000000c000ec34                Computer::open(int, int, void*)
                0x00000000c000ed0a                Computer::disableNMI()
                0x00000000c000ed18                Computer::writeCMOS(unsigned char, unsigned char)
                0x00000000c000ed36                Computer::handleNMI()
                0x00000000c000ed9c                Computer::setDiskActivityLight(int, bool)
 *fill*         0x00000000c000edc7        0x1 
 .text          0x00000000c000edc8      0x1b7 core/gdt.32
                0x00000000c000edc8                GDTEntry::setBase(unsigned int)
                0x00000000c000ede4                GDTEntry::setLimit(unsigned int)
                0x00000000c000ee02                GDT::GDT()
                0x00000000c000ee02                GDT::GDT()
                0x00000000c000ee18                GDT::addEntry(GDTEntry)
                0x00000000c000ee54                GDT::getNumberOfEntries()
                0x00000000c000ee5c                GDT::flush()
                0x00000000c000ee7e                GDT::setup()
 .text          0x00000000c000ef7f       0x62 core/idle.32
                0x00000000c000ef7f                idleFunction(void*)
 *fill*         0x00000000c000efe1        0x1 
 .text          0x00000000c000efe2      0x45f core/idt.32
                0x00000000c000efe2                IDTEntry::IDTEntry(bool)
                0x00000000c000efe2                IDTEntry::IDTEntry(bool)
                0x00000000c000f050                IDTEntry::setOffset(unsigned int)
                0x00000000c000f064                IDT::IDT()
                0x00000000c000f064                IDT::IDT()
                0x00000000c000f066                IDT::getPointerToInvalidOpcodeEntryForF00F()
                0x00000000c000f06e                IDT::addEntry(IDTEntry, int)
                0x00000000c000f088                IDT::addEntry(int, void (*)(), bool)
                0x00000000c000f0c0                IDT::flush()
                0x00000000c000f0da                IDT::setup()
 .text          0x00000000c000f441      0x203 core/kheap.32
                0x00000000c000f441                sbrk
                0x00000000c000f54f                mmap
                0x00000000c000f565                munmap
                0x00000000c000f57b                liballoc_lock()
                0x00000000c000f58c                liballoc_unlock()
                0x00000000c000f59d                liballoc_alloc(int)
                0x00000000c000f5b8                liballoc_free(void*, int)
                0x00000000c000f5d6                realloc
                0x00000000c000f5ea                malloc
                0x00000000c000f5fa                free
                0x00000000c000f60a                rfree
                0x00000000c000f61a                calloc
 .text          0x00000000c000f644      0x456 core/main.32
                0x00000000c000f644                hwTextMode_loadInData(VgaText*)
                0x00000000c000f68f                hwTextMode_loadInTitle(VgaText*, char*)
                0x00000000c000f70d                hwTextMode_showCursor(VgaText*, bool)
                0x00000000c000f76b                hwTextMode_update(VgaText*)
                0x00000000c000f76c                hwTextMode_updateCursor(VgaText*)
                0x00000000c000f7bd                hwTextMode_disableBlink(VgaText*, bool)
                0x00000000c000f803                hwTextMode_scrollScreen(VgaText*)
                0x00000000c000f8b0                hwTextMode_writeCharacter(VgaText*, char, VgaColour, VgaColour, int, int)
                0x00000000c000f932                setupTextMode()
                0x00000000c000f9a2                kernel_main
 .text          0x00000000c000fa9a      0x54d core/physmgr.32
                0x00000000c000fa9a                Phys::allocateDMA(unsigned long)
                0x00000000c000fb3d                Phys::freeDMA(unsigned long, unsigned long)
                0x00000000c000fb85                Phys::setPageState(unsigned long, bool)
                0x00000000c000fbb7                Phys::getPageState(unsigned long)
                0x00000000c000fbd3                Phys::freePage(unsigned long)
                0x00000000c000fc5d                Phys::allocatePage()
                0x00000000c000fd25                Phys::allocateContiguousPages(int)
                0x00000000c000fd7f                Phys::allowSegmentToBeUsed(unsigned long, unsigned long)
                0x00000000c000fdb7                Phys::physicalMemorySetup(unsigned int)
 *fill*         0x00000000c000ffe7        0x1 
 .text          0x00000000c000ffe8      0x273 core/pipe.32
                0x00000000c000ffe8                Pipe::isAtty()
                0x00000000c000ffec                Pipe::~Pipe()
                0x00000000c000ffec                Pipe::~Pipe()
                0x00000000c0010010                Pipe::~Pipe()
                0x00000000c0010038                Pipe::read(unsigned long long, void*, int*)
                0x00000000c001012c                Pipe::write(unsigned long long, void*, int*)
                0x00000000c00101f4                Pipe::Pipe(int)
                0x00000000c00101f4                Pipe::Pipe(int)
 *fill*         0x00000000c001025b        0x1 
 .text          0x00000000c001025c      0xf73 core/terminal.32
                0x00000000c001025c                VgaText::isAtty()
                0x00000000c0010260                VgaText::~VgaText()
                0x00000000c0010260                VgaText::~VgaText()
                0x00000000c0010284                VgaText::~VgaText()
                0x00000000c00102ae                VgaText::read(unsigned long long, void*, int*)
                0x00000000c00102ce                setTerminalScrollLock(bool)
                0x00000000c00102cf                addToTerminalCycle(VgaText*)
                0x00000000c00102fc                installVgaTextImplementation()
                0x00000000c0010311                scrollTerminalScrollLock(int)
                0x00000000c0010312                VgaText::load()
                0x00000000c0010366                VgaText::updateCursor()
                0x00000000c0010380                VgaText::showCursor(bool)
                0x00000000c0010390                VgaText::disableBlink(bool)
                0x00000000c00103ca                VgaText::doANSI_SGR(int)
                0x00000000c0010456                VgaText::setDefaultBgColour(VgaColour)
                0x00000000c001046c                VgaText::setDefaultFgColour(VgaColour)
                0x00000000c0010482                VgaText::setDefaultColours(VgaColour, VgaColour)
                0x00000000c00104a2                VgaText::combineColours(unsigned char, unsigned char)
                0x00000000c00104b4                VgaText::scrollScreen()
                0x00000000c0010548                VgaText::combineCharAndColour(char, unsigned char)
                0x00000000c001055a                VgaText::writeCharacter(char, VgaColour, VgaColour, int, int)
                0x00000000c00105ba                VgaText::getCursorX()
                0x00000000c00105c6                VgaText::getCursorY()
                0x00000000c00105d2                VgaText::setCursor(int, int)
                0x00000000c00105f0                VgaText::setCursorX(int)
                0x00000000c001060c                VgaText::setCursorY(int)
                0x00000000c0010628                VgaText::incrementCursor(bool)
                0x00000000c0010690                VgaText::updateRAMUsageDisplay(int)
                0x00000000c00106f4                VgaText::updateDiskUsage()
                0x00000000c001085e                VgaText::updateTitle()
                0x00000000c00108a4                VgaText::setTitleTextColour(VgaColour)
                0x00000000c00108b4                VgaText::setTitleColour(VgaColour)
                0x00000000c00108c4                VgaText::setTitle(char*)
                0x00000000c00108ea                VgaText::decrementCursor(bool)
                0x00000000c0010912                VgaText::putchar(char, VgaColour, VgaColour)
                0x00000000c0010a0e                VgaText::isShowingCursor()
                0x00000000c0010a1a                VgaText::isBlinkDisabled()
                0x00000000c0010a28                VgaText::setCursorHeight(int)
                0x00000000c0010a46                VgaText::getCursorHeight()
                0x00000000c0010a51                setActiveTerminal(VgaText*)
                0x00000000c0010b03                doTerminalCycle()
                0x00000000c0010b20                VgaText::doUpdate()
                0x00000000c0010b32                VgaText::puts(char const*, VgaColour, VgaColour)
                0x00000000c0010cf2                VgaText::clearScreen()
                0x00000000c0010d56                VgaText::putchar(char)
                0x00000000c0010e70                VgaText::puts(char const*)
                0x00000000c0010e96                VgaText::putx(unsigned int)
                0x00000000c0010edc                VgaText::VgaText(char const*)
                0x00000000c0010edc                VgaText::VgaText(char const*)
                0x00000000c001106e                VgaText::receiveKey(unsigned char)
                0x00000000c0011156                VgaText::write(unsigned long long, void*, int*)
                0x00000000c00111aa                newTerminal(char*)
 *fill*         0x00000000c00111cf        0x1 
 .text          0x00000000c00111d0      0x1b3 core/tss.32
                0x00000000c00111d0                TSS::TSS()
                0x00000000c00111d0                TSS::TSS()
                0x00000000c00111de                TSS::setESP(unsigned long)
                0x00000000c00111f0                TSS::flush()
                0x00000000c0011210                TSS::setup(unsigned long, unsigned long)
 *fill*         0x00000000c0011383        0x1 
 .text          0x00000000c0011384      0x4c2 core/unixfile.32
                0x00000000c0011384                ReservedFilename::read(unsigned long long, void*, int*)
                0x00000000c00113da                ReservedFilename::isAtty()
                0x00000000c00113f6                ReservedFilename::write(unsigned long long, void*, int*)
                0x00000000c0011454                UnixFile::getFileDescriptor()
                0x00000000c001145c                UnixFile::UnixFile(int)
                0x00000000c001145c                UnixFile::UnixFile(int)
                0x00000000c001160c                ReservedFilename::ReservedFilename(int)
                0x00000000c001160c                ReservedFilename::ReservedFilename(int)
                0x00000000c001163e                UnixFile::~UnixFile()
                0x00000000c001163e                UnixFile::~UnixFile()
                0x00000000c00116d6                UnixFile::~UnixFile()
                0x00000000c00116fe                ReservedFilename::~ReservedFilename()
                0x00000000c00116fe                ReservedFilename::~ReservedFilename()
                0x00000000c0011722                ReservedFilename::~ReservedFilename()
                0x00000000c0011749                getFromFileDescriptor(int)
 .text          0x00000000c0011846      0xee3 core/virtmgr.32
                0x00000000c0011846                Virt::setPageState(unsigned long, Virt::VirtPageState)
                0x00000000c001187b                Virt::getPageState(unsigned long)
                0x00000000c001189f                Virt::allocateKernelVirtualPages(int)
                0x00000000c00119b0                Virt::virtualMemorySetup()
                0x00000000c0011a2f                Virt::getAKernelVAS()
                0x00000000c0011a35                Virt::setupPageSwapping(int)
                0x00000000c0011b64                VAS::VAS()
                0x00000000c0011b64                VAS::VAS()
                0x00000000c0011b94                VAS::VAS(VAS*)
                0x00000000c0011b94                VAS::VAS(VAS*)
                0x00000000c0011bb8                VAS::getForeignPageTableEntry(bool, unsigned long)
                0x00000000c0011be4                VAS::getPageTableEntry(unsigned long)
                0x00000000c0011c03                Virt::freeKernelVirtualPages(unsigned long)
                0x00000000c0011d26                VAS::freeAllocatedPages(unsigned long)
                0x00000000c0011d4a                VAS::virtualToPhysical(unsigned long)
                0x00000000c0011d62                VAS::reflagRange(unsigned long, int, int, int)
                0x00000000c0011da2                VAS::setToWriteCombining(unsigned long, int)
                0x00000000c0011dd4                VAS::mapOtherVASIn(bool, VAS*)
                0x00000000c0011dfe                VAS::~VAS()
                0x00000000c0011dfe                VAS::~VAS()
                0x00000000c0011f6a                VAS::mapPage(unsigned long, unsigned long, int)
                0x00000000c001206a                VAS::allocatePages(int, int)
                0x00000000c0012242                VAS::setCPUSpecific(unsigned long)
                0x00000000c001225e                VAS::mapRange(unsigned long, unsigned long, int, int)
                0x00000000c0012324                VAS::mapForeignPage(bool, VAS*, unsigned long, unsigned long, int)
                0x00000000c0012412                VAS::VAS(bool)
                0x00000000c0012412                VAS::VAS(bool)
                0x00000000c001266d                mapVASFirstTime
 .text          0x00000000c0012729       0x95 coreobjs/c++.32
                0x00000000c0012729                __cxa_atexit
                0x00000000c001272c                __cxa_finalize
                0x00000000c001272d                __stack_chk_fail
                0x00000000c0012799                __cxa_pure_virtual
                0x00000000c00127aa                operator new[](unsigned long)
                0x00000000c00127af                operator delete(void*, unsigned long)
                0x00000000c00127b4                operator delete[](void*)
                0x00000000c00127b9                operator delete[](void*, unsigned long)
 .text          0x00000000c00127be      0x1ef dbg/kconsole.32
                0x00000000c00127be                Dbg::stringifyxWithBase(unsigned int, char*, int)
                0x00000000c001281f                Dbg::logc(char)
                0x00000000c0012836                Dbg::logs(char*)
                0x00000000c0012853                Dbg::logWriteInt(unsigned int)
                0x00000000c0012870                Dbg::logWriteIntBase(unsigned int, int)
                0x00000000c001288f                Dbg::kprintf(char const*, ...)
 *fill*         0x00000000c00129ad        0x1 
 .text          0x00000000c00129ae      0xb7c fs/vfs.32
                0x00000000c00129ae                File::read(unsigned long long, void*, int*)
                0x00000000c0012a06                File::write(unsigned long long, void*, int*)
                0x00000000c0012a5e                Directory::read(unsigned long long, void*, int*)
                0x00000000c0012ab6                Directory::write(unsigned long long, void*, int*)
                0x00000000c0012ae4                File::isAtty()
                0x00000000c0012ae8                Directory::isAtty()
                0x00000000c0012aec                Filesystem::getlabel(LogicalDisk*, int, char*, unsigned int*)
                0x00000000c0012af2                Filesystem::setlabel(LogicalDisk*, int, char*)
                0x00000000c0012af8                File::~File()
                0x00000000c0012af8                File::~File()
                0x00000000c0012b1c                File::~File()
                0x00000000c0012b46                Directory::~Directory()
                0x00000000c0012b46                Directory::~Directory()
                0x00000000c0012b6a                Directory::~Directory()
                0x00000000c0012b94                Filesystem::Filesystem()
                0x00000000c0012b94                Filesystem::Filesystem()
                0x00000000c0012bb8                Filesystem::~Filesystem()
                0x00000000c0012bb8                Filesystem::~Filesystem()
                0x00000000c0012bc6                Filesystem::~Filesystem()
                0x00000000c0012bea                Fs::getcwd(Process*, char*, int)
                0x00000000c0012c14                Fs::initVFS()
                0x00000000c0012c3e                Fs::standardiseFiles(char*, char const*, char const*)
                0x00000000c0012de8                File::File(char const*, Process*)
                0x00000000c0012de8                File::File(char const*, Process*)
                0x00000000c0012e4c                File::open(FileOpenMode)
                0x00000000c0012eaa                File::close()
                0x00000000c0012f0a                File::seek(unsigned long long)
                0x00000000c0012f60                File::tell(unsigned long long*)
                0x00000000c0012fb0                File::rewind()
                0x00000000c0012fc4                File::unlink()
                0x00000000c0013010                File::rename(char const*)
                0x00000000c001305e                File::chfatattr(unsigned char, unsigned char)
                0x00000000c00130ba                File::exists()
                0x00000000c00130f8                File::stat(unsigned long long*, bool*)
                0x00000000c0013159                Fs::setcwd(Process*, char*)
                0x00000000c0013294                Directory::Directory(char const*, Process*)
                0x00000000c0013294                Directory::Directory(char const*, Process*)
                0x00000000c00132f8                Directory::open()
                0x00000000c0013354                Directory::close()
                0x00000000c00133b4                Directory::unlink()
                0x00000000c0013400                Directory::rename(char const*)
                0x00000000c001344e                Directory::exists()
                0x00000000c001348c                Directory::read(dirent*)
                0x00000000c00134d8                Directory::create()
                0x00000000c0013524                Filesystem::chfatattr(char const*, unsigned char, unsigned char)
 .text          0x00000000c001352a       0x84 hal/bus.32
                0x00000000c001352a                Bus::Bus(char const*)
                0x00000000c001352a                Bus::Bus(char const*)
                0x00000000c0013560                Bus::~Bus()
                0x00000000c0013560                Bus::~Bus()
                0x00000000c0013584                Bus::~Bus()
 .text          0x00000000c00135ae      0x14e hal/buzzer.32
                0x00000000c00135ae                Buzzer::Buzzer(char const*)
                0x00000000c00135ae                Buzzer::Buzzer(char const*)
                0x00000000c00135f2                Buzzer::~Buzzer()
                0x00000000c00135f2                Buzzer::~Buzzer()
                0x00000000c0013616                Buzzer::~Buzzer()
                0x00000000c0013640                Buzzer::stop()
                0x00000000c0013653                beepThread(void*)
                0x00000000c001368e                Buzzer::beep(int, int, bool)
 .text          0x00000000c00136fc      0x467 hal/clock.32
                0x00000000c00136fc                User::loadClockSettings(int)
                0x00000000c001374e                Clock::Clock(char const*)
                0x00000000c001374e                Clock::Clock(char const*)
                0x00000000c0013784                Clock::~Clock()
                0x00000000c0013784                Clock::~Clock()
                0x00000000c00137a8                Clock::~Clock()
                0x00000000c00137d2                Clock::timeInSecondsLocal()
                0x00000000c001381a                Clock::setTimeInSecondsLocal(unsigned long long)
                0x00000000c0013873                datetimeToSeconds(datetime_t)
                0x00000000c001399a                Clock::setTimeInDatetimeLocal(datetime_t)
                0x00000000c00139fa                secondsToDatetime(unsigned long long)
                0x00000000c0013b3e                Clock::timeInDatetimeLocal()
 *fill*         0x00000000c0013b63        0x1 
 .text          0x00000000c0013b64      0x4de hal/device.32
                0x00000000c0013b64                Device::hibernate()
                0x00000000c0013b66                Device::wake()
                0x00000000c0013b68                Device::detect()
                0x00000000c0013b6a                Device::disableLegacy()
                0x00000000c0013b6c                Device::powerSaving(PowerSavingLevel)
                0x00000000c0013b6e                DriverlessDevice::close(int, int, void*)
                0x00000000c0013b72                DriverlessDevice::detect()
                0x00000000c0013b74                DriverlessDevice::open(int, int, void*)
                0x00000000c0013b88                Device::~Device()
                0x00000000c0013b88                Device::~Device()
                0x00000000c0013b96                Device::~Device()
                0x00000000c0013bbe                Device::findAndLoadDriver()
                0x00000000c0013bc0                Device::preOpenPCI(PCIDeviceInfo)
                0x00000000c0013be6                Device::preOpenACPI(void*, char*, char*)
                0x00000000c0013c3a                Device::addIRQHandler(int, void (*)(regs*, void*), bool, void*)
                0x00000000c0013c78                Device::removeIRQHandler(int, void (*)(regs*, void*), bool)
                0x00000000c0013cb6                Device::addChild(Device*)
                0x00000000c0013cfa                Device::removeAllChildren()
                0x00000000c0013d40                Device::hibernateAll()
                0x00000000c0013d70                Device::wakeAll()
                0x00000000c0013da0                Device::detectAll()
                0x00000000c0013dd0                Device::disableLegacyAll()
                0x00000000c0013e00                Device::loadDriversForAll()
                0x00000000c0013e2c                Device::closeAll()
                0x00000000c0013e62                Device::powerSavingAll(PowerSavingLevel)
                0x00000000c0013e98                Device::setName(char const*)
                0x00000000c0013ea6                Device::Device(char const*)
                0x00000000c0013ea6                Device::Device(char const*)
                0x00000000c0013fa2                Device::getName()
                0x00000000c0013fac                DriverlessDevice::DriverlessDevice(char const*)
                0x00000000c0013fac                DriverlessDevice::DriverlessDevice(char const*)
                0x00000000c0013fd4                Device::addToLinkedList(LinkedList<Device>&, DeviceType)
                0x00000000c0014018                getDevicesOfType(DeviceType)
 .text          0x00000000c0014042       0x84 hal/diskctrl.32
                0x00000000c0014042                HardDiskController::HardDiskController(char const*)
                0x00000000c0014042                HardDiskController::HardDiskController(char const*)
                0x00000000c0014078                HardDiskController::~HardDiskController()
                0x00000000c0014078                HardDiskController::~HardDiskController()
                0x00000000c001409c                HardDiskController::~HardDiskController()
 .text          0x00000000c00140c6       0xde hal/diskphys.32
                0x00000000c00140c6                PhysicalDisk::PhysicalDisk(char const*, int)
                0x00000000c00140c6                PhysicalDisk::PhysicalDisk(char const*, int)
                0x00000000c001412e                PhysicalDisk::startCache()
                0x00000000c0014156                PhysicalDisk::~PhysicalDisk()
                0x00000000c0014156                PhysicalDisk::~PhysicalDisk()
                0x00000000c001417a                PhysicalDisk::~PhysicalDisk()
 .text          0x00000000c00141a4      0x13b hal/fpu.32
                0x00000000c00141a4                FPU::FPU(char const*)
                0x00000000c00141a4                FPU::FPU(char const*)
                0x00000000c00141da                FPU::~FPU()
                0x00000000c00141da                FPU::~FPU()
                0x00000000c00141fe                FPU::~FPU()
                0x00000000c0014228                setupFPU()
 *fill*         0x00000000c00142df        0x1 
 .text          0x00000000c00142e0     0x12b1 hal/intctrl.32
                0x00000000c00142e0                InterruptController::uninstallISRHandler(int, void (*)(regs*, void*))
                0x00000000c0014318                InterruptController::installISRHandler(int, void (*)(regs*, void*), void*)
                0x00000000c001436a                doubleFault(regs*, void*)
                0x00000000c0014384                InterruptController::installIRQHandler(int, void (*)(regs*, void*), bool, void*)
                0x00000000c0014420                InterruptController::clearAllHandlers(int, bool)
                0x00000000c00144c8                InterruptController::uninstallIRQHandler(int, void (*)(regs*, void*), bool)
                0x00000000c001454f                nmiHandler(regs*, void*)
                0x00000000c001455d                int_handler
                0x00000000c00145fe                InterruptController::InterruptController(char const*)
                0x00000000c00145fe                InterruptController::InterruptController(char const*)
                0x00000000c00146a4                InterruptController::~InterruptController()
                0x00000000c00146a4                InterruptController::~InterruptController()
                0x00000000c00146c8                InterruptController::~InterruptController()
                0x00000000c00146f2                displayDebugInfo(regs*)
                0x00000000c0014af7                x87EmulHandler(regs*, void*)
                0x00000000c0014b26                gpFault(regs*, void*)
                0x00000000c0014b5f                pgFault(regs*, void*)
                0x00000000c0014b76                otherISRHandler(regs*, void*)
                0x00000000c0014b95                opcodeFault(regs*, void*)
                0x00000000c0015154                displayProgramFault(char const*)
                0x00000000c001517c                setupInterruptController()
                0x00000000c0015544                InterruptController::convertLegacyIRQNumber(int)
 *fill*         0x00000000c0015591        0x1 
 .text          0x00000000c0015592      0x69a hal/keybrd.32
                0x00000000c0015592                startGUI(void*)
                0x00000000c00155ee                startGUIVESA(void*)
                0x00000000c001564a                sendKeyToTerminal(unsigned char)
                0x00000000c00156b6                sendKeyboardToken(KeyboardToken)
                0x00000000c0015ac6                clearInternalKeybuffer(VgaText*)
                0x00000000c0015afb                readKeyboard(VgaText*, char*, unsigned long)
                0x00000000c0015ba2                Keyboard::Keyboard(char const*)
                0x00000000c0015ba2                Keyboard::Keyboard(char const*)
                0x00000000c0015bde                Keyboard::~Keyboard()
                0x00000000c0015bde                Keyboard::~Keyboard()
                0x00000000c0015c02                Keyboard::~Keyboard()
 .text          0x00000000c0015c2c      0x400 hal/logidisk.32
                0x00000000c0015c2c                LogicalDisk::close(int, int, void*)
                0x00000000c0015c30                LogicalDisk::~LogicalDisk()
                0x00000000c0015c30                LogicalDisk::~LogicalDisk()
                0x00000000c0015c54                LogicalDisk::~LogicalDisk()
                0x00000000c0015c7e                LogicalDisk::open(int, int, void*)
                0x00000000c0015c92                LogicalDisk::absoluteToRelative(unsigned long long)
                0x00000000c0015cca                LogicalDisk::relativeToAbsolute(unsigned long long)
                0x00000000c0015d10                LogicalDisk::LogicalDisk(char const*, PhysicalDisk*, unsigned long long, unsigned long long)
                0x00000000c0015d10                LogicalDisk::LogicalDisk(char const*, PhysicalDisk*, unsigned long long, unsigned long long)
                0x00000000c0015dc6                LogicalDisk::assignDriveLetter()
                0x00000000c0015e7c                LogicalDisk::mount()
                0x00000000c0015eee                LogicalDisk::unmount()
                0x00000000c0015efe                LogicalDisk::unassignDriveLetter()
                0x00000000c0015f54                LogicalDisk::read(unsigned long long, int, void*)
                0x00000000c0015fc0                LogicalDisk::write(unsigned long long, int, void*)
 .text          0x00000000c001602c       0x84 hal/mouse.32
                0x00000000c001602c                Mouse::Mouse(char const*)
                0x00000000c001602c                Mouse::Mouse(char const*)
                0x00000000c0016062                Mouse::~Mouse()
                0x00000000c0016062                Mouse::~Mouse()
                0x00000000c0016086                Mouse::~Mouse()
 .text          0x00000000c00160b0      0x339 hal/partition.32
                0x00000000c00160b0                makePartition(PhysicalDisk*, unsigned long long, unsigned long long)
                0x00000000c0016158                createPartitionsForDisk(PhysicalDisk*)
 *fill*         0x00000000c00163e9        0x1 
 .text          0x00000000c00163ea       0x84 hal/serial.32
                0x00000000c00163ea                Serial::Serial(char const*)
                0x00000000c00163ea                Serial::Serial(char const*)
                0x00000000c0016420                Serial::~Serial()
                0x00000000c0016420                Serial::~Serial()
                0x00000000c0016444                Serial::~Serial()
 .text          0x00000000c001646e      0x2b8 hal/timer.32
                0x00000000c001646e                Timer::Timer(char const*)
                0x00000000c001646e                Timer::Timer(char const*)
                0x00000000c00164a4                Timer::~Timer()
                0x00000000c00164a4                Timer::~Timer()
                0x00000000c00164c8                Timer::~Timer()
                0x00000000c00164f2                Timer::read()
                0x00000000c00164fd                timerHandler(unsigned long long)
                0x00000000c0016634                setupTimer(int)
 .text          0x00000000c0016726      0x2db hal/vcache.32
                0x00000000c0016726                VCache::VCache(PhysicalDisk*)
                0x00000000c0016726                VCache::VCache(PhysicalDisk*)
                0x00000000c0016820                VCache::writeWriteBuffer()
                0x00000000c001685c                VCache::~VCache()
                0x00000000c001685c                VCache::~VCache()
                0x00000000c001689c                VCache::~VCache()
                0x00000000c00168c4                VCache::write(unsigned long long, int, void*)
                0x00000000c00169a8                VCache::read(unsigned long long, int, void*)
 *fill*         0x00000000c0016a01        0x1 
 .text          0x00000000c0016a02      0x4cd hal/video.32
                0x00000000c0016a02                Video::putrect(int, int, int, int, unsigned int)
                0x00000000c0016a4e                Video::bitblit(int, int, int, int, int, int, int, unsigned int*)
                0x00000000c0016abe                Video::blit(unsigned int*, int, int, int, int)
                0x00000000c0016b3c                Video::clearScreen(unsigned int)
                0x00000000c0016b70                Video::putpixel(int, int, unsigned int)
                0x00000000c0016b7e                Video::Video(char const*)
                0x00000000c0016b7e                Video::Video(char const*)
                0x00000000c0016bb4                Video::~Video()
                0x00000000c0016bb4                Video::~Video()
                0x00000000c0016bd8                Video::~Video()
                0x00000000c0016c02                Video::isMonochrome()
                0x00000000c0016c0e                Video::getWidth()
                0x00000000c0016c1a                Video::getHeight()
                0x00000000c0016c26                Video::drawCursor(int, int, unsigned char*, int)
                0x00000000c0016ce2                Video::tgaParse(unsigned char*, int, int*, int*)
                0x00000000c0016e64                Video::putTGA(int, int, unsigned char*, int)
 *fill*         0x00000000c0016ecf        0x1 
 .text          0x00000000c0016ed0      0xe86 hw/acpi.32
                0x00000000c0016ed0                ACPI::close(int, int, void*)
                0x00000000c0016f85                findRSDP()
                0x00000000c001700f                loadACPITables(unsigned char*)
                0x00000000c0017236                findRSDT(unsigned char*)
                0x00000000c0017354                findDataTable(unsigned char*, char*)
                0x00000000c00173f0                scanMADT()
                0x00000000c0017876                ACPI::ACPI()
                0x00000000c0017876                ACPI::ACPI()
                0x00000000c00178e0                ACPI::getPCIIRQAssignment(unsigned char, unsigned short, unsigned char)
                0x00000000c00179c2                ACPI::registerPCIIRQAssignment(void*, unsigned short, unsigned char, unsigned char)
                0x00000000c0017ac8                ACPI::setScreenBrightnessLevel(void*, int)
                0x00000000c0017ace                ACPI::writeSimpleBootFlag(SimpleBootFlagTable*)
                0x00000000c0017b16                ACPI::open(int, int, void*)
                0x00000000c0017d3e                ACPI::sleep()
 .text          0x00000000c0017d56     0x1715 hw/cpu.32
                0x00000000c0017d56                CPU::close(int, int, void*)
                0x00000000c0017d5a                CPU::lookupAMDName(unsigned char, unsigned char)
                0x00000000c0017eee                CPU::lookupIntelName(unsigned char, unsigned char)
                0x00000000c001819c                CPU::AMD_K6_write_msr(unsigned int, unsigned int, unsigned int, CPU::REGS*)
                0x00000000c00181b8                CPU::AMD_K6_read_msr(unsigned int, CPU::REGS*)
                0x00000000c00181d0                CPU::AMD_K6_writeback(int, int, int)
                0x00000000c0018244                CPU::cpuid(int, unsigned long*, unsigned long*, unsigned long*, unsigned long*)
                0x00000000c00182c8                CPU::cpuidCheckEDX(unsigned int)
                0x00000000c00182f6                CPU::cpuidCheckECX(unsigned int)
                0x00000000c0018324                CPU::cpuidCheckExtendedEBX(unsigned int)
                0x00000000c0018352                CPU::cpuidCheckExtendedECX(unsigned int)
                0x00000000c0018380                CPU::CPU()
                0x00000000c0018380                CPU::CPU()
                0x00000000c001840e                CPU::displayFeatures()
                0x00000000c001868a                CPU::detectFeatures()
                0x00000000c001907a                CPU::setupSMEP()
                0x00000000c0019086                CPU::setupUMIP()
                0x00000000c0019090                CPU::setupTSC()
                0x00000000c001909a                CPU::setupLargePages()
                0x00000000c00190a4                CPU::setupPAT()
                0x00000000c00190e0                CPU::setupMTRR()
                0x00000000c00190e2                CPU::setupGlobalPages()
                0x00000000c00190ec                CPU::allowUsermodeDataAccess()
                0x00000000c00190fe                CPU::prohibitUsermodeDataAccess()
                0x00000000c0019110                CPU::setupSMAP()
                0x00000000c001911e                CPU::setupFeatures()
                0x00000000c001919e                CPU::open(int, int, void*)
                0x00000000c0019270                CPU::decodeAddress(regs*, int*, bool*, unsigned char*)
 .text          0x00000000c001946b        0x0 hw/ports.32
 *fill*         0x00000000c001946b        0x1 
 .text          0x00000000c001946c      0x5d3 krnl/env.32
                0x00000000c001946c                EnvVarContainer::getEnv(char const*)
                0x00000000c00194aa                EnvVarContainer::setEnv(char const*, char const*)
                0x00000000c0019576                EnvVarContainer::deleteEnv(char const*)
                0x00000000c0019578                EnvVarContainer::loadFrom(char const*, char const*)
                0x00000000c001976e                EnvVarContainer::__loadSystem()
                0x00000000c0019788                EnvVarContainer::__loadUser()
                0x00000000c001978a                EnvVarContainer::EnvVarContainer(Process*)
                0x00000000c001978a                EnvVarContainer::EnvVarContainer(Process*)
                0x00000000c00197ac                EnvVarContainer::~EnvVarContainer()
                0x00000000c00197ac                EnvVarContainer::~EnvVarContainer()
                0x00000000c00197dc                Krnl::getEnv(Process*, char const*)
                0x00000000c0019841                Krnl::setEnvSystem(char const*, char const*)
                0x00000000c001985b                Krnl::setEnvUser(char const*, char const*)
                0x00000000c001987a                Krnl::setEnvProcess(Process*, char const*, char const*)
                0x00000000c001988d                Krnl::deleteEnvSystem(char const*)
                0x00000000c001988e                Krnl::deleteEnvUser(char const*)
                0x00000000c001988f                Krnl::deleteEnvProcess(Process*, char const*)
                0x00000000c0019890                Krnl::newProcessEnv(Process*)
                0x00000000c00198b2                Krnl::copyProcessEnv(Process*, Process*)
                0x00000000c0019906                Krnl::loadSystemEnv()
                0x00000000c0019934                Krnl::loadUserEnv()
                0x00000000c001995a                Krnl::flushEnv()
                0x00000000c001995b                Krnl::getProcessTotalEnvCount(Process*)
                0x00000000c001997b                Krnl::getProcessEnvPair(Process*, int)
 .text          0x00000000c0019a3f      0x32c krnl/panic.32
                0x00000000c0019a3f                Krnl::panic(char const*)
 .text          0x00000000c0019d6b      0x3b6 net/ethernet.32
                0x00000000c0019d6b                Net::switchEndian16(unsigned short)
                0x00000000c0019d8c                Net::switchEndian32(unsigned int)
                0x00000000c0019dbb                Net::crc32Calc(unsigned char*, int)
                0x00000000c0019e4c                Net::wrapEthernetFrame(Net::UnwrappedEthernetFrame, unsigned char*)
                0x00000000c0019f88                Net::unwrapEthernetFrame(unsigned char*, int)
 .text          0x00000000c001a121      0x513 reg/registry.32
                0x00000000c001a121                Reg::findLineFromLoadedData(char*, char*, char*)
                0x00000000c001a279                Reg::getLineFromRegistry(char*, char*, char*, char*)
                0x00000000c001a3ce                Reg::getLine(char*, char*, char*)
                0x00000000c001a405                Reg::readInt(char*, char*, int*)
                0x00000000c001a4f0                Reg::readString(char*, char*, char*, int)
                0x00000000c001a571                Reg::readBool(char*, char*, bool*)
                0x00000000c001a596                Reg::readBoolWithDefault(char*, char*, bool)
                0x00000000c001a5c2                Reg::readIntWithDefault(char*, char*, int)
                0x00000000c001a5ee                Reg::readStringWithDefault(char*, char*, char*, int, char*)
 .text          0x00000000c001a634       0x18 sys/sc_exit.32
                0x00000000c001a634                Sys::exit(regs*)
 .text          0x00000000c001a64c       0x1f sys/sc_getcwd.32
                0x00000000c001a64c                Sys::getCwd(regs*)
 .text          0x00000000c001a66b        0xc sys/sc_getpid.32
                0x00000000c001a66b                Sys::getPID(regs*)
 .text          0x00000000c001a677       0xa8 sys/sc_loaddll.32
                0x00000000c001a677                Sys::loadDLL(regs*)
 .text          0x00000000c001a71f       0x68 sys/sc_read.32
                0x00000000c001a71f                Sys::read(regs*)
 .text          0x00000000c001a787       0x55 sys/sc_sbrk.32
                0x00000000c001a787                Sys::sbrk(regs*)
 .text          0x00000000c001a7dc       0x1c sys/sc_setcwd.32
                0x00000000c001a7dc                Sys::setCwd(regs*)
 .text          0x00000000c001a7f8      0x128 sys/sc_settime.32
                0x00000000c001a7f8                Sys::setTime(regs*)
 .text          0x00000000c001a920       0x4a sys/sc_timezone.32
                0x00000000c001a920                Sys::timezone(regs*)
 .text          0x00000000c001a96a       0x68 sys/sc_write.32
                0x00000000c001a96a                Sys::write(regs*)
 .text          0x00000000c001a9d2       0x3b sys/sc_yield.32
                0x00000000c001a9d2                Sys::yield(regs*)
 .text          0x00000000c001aa0d     0x101e sys/syscalls.32
                0x00000000c001aa0d                sysCallSeekDir(regs*)
                0x00000000c001aa12                sysCallTellDir(regs*)
                0x00000000c001aa17                sysCallVerify(regs*)
                0x00000000c001aa21                sysCallGetArgc(regs*)
                0x00000000c001aa31                sysFormatDisk(regs*)
                0x00000000c001aa9b                sysSetDiskVolumeLabel(regs*)
                0x00000000c001aae1                sysGetDiskVolumeLabel(regs*)
                0x00000000c001ab32                sysShutdown(regs*)
                0x00000000c001ab90                sysCallRealpath(regs*)
                0x00000000c001abd3                sysCallReadDir(regs*)
                0x00000000c001ac61                sysCallIsATTY(regs*)
                0x00000000c001acbb                sysCallSeek(regs*)
                0x00000000c001ad24                sysCallTell(regs*)
                0x00000000c001ada1                sysCallSize(regs*)
                0x00000000c001ae24                sysCallSizeFromFilename(regs*)
                0x00000000c001aee4                sysCallClose(regs*)
                0x00000000c001af6c                sysCallOpenDir(regs*)
                0x00000000c001afe1                sysCallCloseDir(regs*)
                0x00000000c001b047                sysCallMakeDir(regs*)
                0x00000000c001b0b7                sysCallWait(regs*)
                0x00000000c001b0d1                sysCallNotImpl(regs*)
                0x00000000c001b0ec                sysPanic(regs*)
                0x00000000c001b112                sysCallRmdir(regs*)
                0x00000000c001b176                sysCallUnlink(regs*)
                0x00000000c001b1da                sysCallGetArgv(regs*)
                0x00000000c001b226                sysCallTTYName(regs*)
                0x00000000c001b2a9                sysCallUSleep(regs*)
                0x00000000c001b2d0                sysCallSpawn(regs*)
                0x00000000c001b328                sysCallGetEnv(regs*)
                0x00000000c001b3d5                sysAppSettings(regs*)
                0x00000000c001b4f4                sysSetFatAttrib(regs*)
                0x00000000c001b566                sysPipe(regs*)
                0x00000000c001b5ab                sysGetUnixTime(regs*)
                0x00000000c001b5bf                string_ends_with(char const*, char const*)
                0x00000000c001b607                sysCallOpen(regs*)
                0x00000000c001b81c                Sys::loadSyscalls()
                0x00000000c001b9e9                Sys::systemCall(regs*, void*)
 .text          0x00000000c001ba2b     0x1189 thr/elf.32
                0x00000000c001ba2b                Thr::allocateMemoryForTask(Process*, File*, unsigned long, unsigned long, unsigned long)
                0x00000000c001bca8                Thr::loadProgramIntoMemory(Process*, char const*)
                0x00000000c001bebe                Thr::runtimeReferenceHelper()
                0x00000000c001bed1                Thr::getAddressOfKernelSymbol(char const*)
                0x00000000c001bf20                Thr::loadKernelSymbolTable(char const*)
                0x00000000c001c1dc                Thr::loadDriverIntoMemory(char const*, unsigned long, bool)
                0x00000000c001c8f8                Thr::getDriverBaseFromAddress(unsigned long)
                0x00000000c001c92a                Thr::getDriverNameFromAddress(unsigned long)
                0x00000000c001c961                Thr::getDriverOffsetFromAddress(unsigned long)
                0x00000000c001c97b                Thr::loadDLL(char const*, bool)
                0x00000000c001cb8a                Thr::executeDLL(unsigned long, void*)
 .text          0x00000000c001cbb4     0x1056 thr/prcssthr.32
                0x00000000c001cbb4                changeTSS
                0x00000000c001cbe4                Process::addArgs(char**)
                0x00000000c001cc3e                Process::Process(char const*, Process*, char**)
                0x00000000c001cc3e                Process::Process(char const*, Process*, char**)
                0x00000000c001ce22                Process::Process(bool, char const*, Process*, char**)
                0x00000000c001ce22                Process::Process(bool, char const*, Process*, char**)
                0x00000000c001cfd1                disableIRQs()
                0x00000000c001cfd9                getIRQNestingLevel()
                0x00000000c001cfdf                enableIRQs()
                0x00000000c001cfee                lockScheduler()
                0x00000000c001cff0                unlockScheduler()
                0x00000000c001cff2                userModeEntryPoint(void*)
                0x00000000c001d015                lockStuff()
                0x00000000c001d021                taskStartupFunction
                0x00000000c001d02a                updateTimeUsed()
                0x00000000c001d08f                switchToThread(ThreadControlBlock*)
                0x00000000c001d0e0                Semaphore::Semaphore(int)
                0x00000000c001d0e0                Semaphore::Semaphore(int)
                0x00000000c001d10e                Mutex::Mutex()
                0x00000000c001d10e                Mutex::Mutex()
                0x00000000c001d120                Process::createThread(void (*)(void*), void*, int)
                0x00000000c001d204                Process::createUserThread()
                0x00000000c001d220                setupMultitasking(void (*)())
                0x00000000c001d32a                schedule()
                0x00000000c001d3af                unlockStuff()
                0x00000000c001d3e4                Semaphore::tryAcquire()
                0x00000000c001d412                Semaphore::assertLocked(char const*)
                0x00000000c001d442                blockTaskWithSchedulerLockAlreadyHeld(TaskState)
                0x00000000c001d484                blockTask(TaskState)
                0x00000000c001d4a5                waitTask(int, int*, int)
                0x00000000c001d4e7                nanoSleepUntil(unsigned long long)
                0x00000000c001d53e                nanoSleep(unsigned long long)
                0x00000000c001d553                sleep(unsigned long long)
                0x00000000c001d570                Semaphore::acquire()
                0x00000000c001d5d8                taskReturned
                0x00000000c001d606                unblockTask(ThreadControlBlock*)
                0x00000000c001d6b5                cleanupTerminatedTask(ThreadControlBlock*)
                0x00000000c001d97e                cleanerTaskFunction(void*)
                0x00000000c001da31                terminateTask(int)
                0x00000000c001db11                Thr::terminateFromIRQ(int)
                0x00000000c001db1e                Semaphore::release()
 .text          0x00000000c001dc0a      0xc26 vm86/vm8086.32
                0x00000000c001dc0a                Vm::inbv(unsigned short)
                0x00000000c001dc1d                Vm::outbv(unsigned short, unsigned char)
                0x00000000c001dc70                Vm::realToLinear(unsigned short, unsigned short)
                0x00000000c001dc80                Vm::getSegment(unsigned int)
                0x00000000c001dc88                Vm::getOffset(unsigned int)
                0x00000000c001dc8d                Vm::mainloop2()
                0x00000000c001dcc8                Vm::mainVm8086Loop(void*)
                0x00000000c001dcd5                Vm::mainloop3(unsigned long)
                0x00000000c001dcff                Vm::initialise8086()
                0x00000000c001dd42                Vm::finish8086()
                0x00000000c001dd87                Vm::getOutput8086(unsigned char*)
                0x00000000c001ddb1                Vm::start8086(char const*, unsigned short, unsigned short, unsigned short, unsigned short)
                0x00000000c001df01                Vm::doISR(regs*, int, unsigned char*, unsigned short, unsigned short)
                0x00000000c001df8b                Vm::readByteFromReal(unsigned short, unsigned short)
                0x00000000c001df9c                Vm::readWordFromReal(unsigned short, unsigned short)
                0x00000000c001dfae                Vm::readDwordFromReal(unsigned short, unsigned short)
                0x00000000c001dfbf                Vm::writeByteFromReal(unsigned short, unsigned short, unsigned char)
                0x00000000c001dfd4                Vm::writeWordFromReal(unsigned short, unsigned short, unsigned short)
                0x00000000c001dfea                Vm::writeDwordFromReal(unsigned short, unsigned short, unsigned int)
                0x00000000c001dfff                Vm::faultHandler(regs*)
 .text          0x00000000c001e830      0xefd vm86/x87em.32
                0x00000000c001e830                Vm::fpuInternalTo32(unsigned long long)
                0x00000000c001e88b                Vm::fpuInternalTo64(unsigned long long)
                0x00000000c001e894                Vm::fpu32ToInternal(unsigned int)
                0x00000000c001e8d9                Vm::fpu64ToInternal(unsigned long long)
                0x00000000c001e8e2                Vm::fpuFloatToLong(unsigned long long)
                0x00000000c001e93d                Vm::fpuULongToFloat(unsigned long long)
                0x00000000c001e973                Vm::fpuLongToFloat(long long)
                0x00000000c001e9c9                Vm::fpuGet0()
                0x00000000c001e9ce                Vm::fpuGet1()
                0x00000000c001e9d6                Vm::fpuGetPi()
                0x00000000c001e9de                Vm::fpuGetLog2E()
                0x00000000c001e9f6                Vm::fpuGetLogE2()
                0x00000000c001ea0e                Vm::fpuGetLog210()
                0x00000000c001ea26                Vm::fpuGetLog102()
                0x00000000c001ea3e                Vm::fpuIsSecondLarger(unsigned long long, unsigned long long)
                0x00000000c001ea52                Vm::fpuAreEqual(unsigned long long, unsigned long long)
                0x00000000c001ea68                Vm::fpuUnorderedCompare(unsigned long long, unsigned long long)
                0x00000000c001eabb                Vm::fpuAdd(unsigned long long, unsigned long long)
                0x00000000c001eacc                Vm::fpuAbs(unsigned long long)
                0x00000000c001ead5                Vm::fpuChs(unsigned long long)
                0x00000000c001eae5                Vm::fpuSub(unsigned long long, unsigned long long)
                0x00000000c001eaf4                Vm::fpuMultiply(unsigned long long, unsigned long long)
                0x00000000c001eb13                Vm::fpuDivide(unsigned long long, unsigned long long)
                0x00000000c001eb2f                Vm::fpuSquare(unsigned long long)
                0x00000000c001eb45                Vm::fpuGetReg(int)
                0x00000000c001eb88                Vm::fpuSetReg(int, unsigned long long)
                0x00000000c001ebd3                Vm::fpuPush(unsigned long long)
                0x00000000c001ec30                Vm::fpuPop()
                0x00000000c001ec82                Vm::x87Handler(regs*)
 *fill*         0x00000000c001f72d        0x1 
 .text          0x00000000c001f72e     0x10ed fs/fat/vfslink.32
                0x00000000c001f72e                FAT::getName()
                0x00000000c001f734                FAT::tell(void*, unsigned long long*)
                0x00000000c001f768                FAT::stat(void*, unsigned long long*)
                0x00000000c001f79c                FAT::~FAT()
                0x00000000c001f79c                FAT::~FAT()
                0x00000000c001f7c0                FAT::~FAT()
                0x00000000c001f7e8                FAT::getlabel(LogicalDisk*, int, char*, unsigned int*)
                0x00000000c001f886                FAT::setlabel(LogicalDisk*, int, char*)
                0x00000000c001f940                FAT::format(LogicalDisk*, int, char const*, int)
                0x00000000c001fb24                FAT::tryMount(LogicalDisk*, int)
                0x00000000c001fd2a                FAT::readDir(void*, unsigned long, void*, int*)
                0x00000000c001fe30                FAT::read(void*, unsigned long, void*, int*)
                0x00000000c001fe8a                FAT::write(void*, unsigned long, void*, int*)
                0x00000000c001fee4                FAT::close(void*)
                0x00000000c001ff30                FAT::closeDir(void*)
                0x00000000c001ff7c                FAT::seek(void*, unsigned long long)
                0x00000000c001ffd0                fatWrapperReadDisk
                0x00000000c0020017                fatWrapperWriteDisk
                0x00000000c002005e                fatWrapperIoctl
                0x00000000c0020162                FAT::FAT()
                0x00000000c0020162                FAT::FAT()
                0x00000000c00201b4                FAT::fixFilepath(char*)
                0x00000000c00201ec                FAT::open(char const*, void**, FileOpenMode)
                0x00000000c0020314                FAT::openDir(char const*, void**)
                0x00000000c00203ba                FAT::stat(char const*, unsigned long long*, bool*)
                0x00000000c00204a4                FAT::unlink(char const*)
                0x00000000c002051e                FAT::chfatattr(char const*, unsigned char, unsigned char)
                0x00000000c0020672                FAT::rename(char const*, char const*)
                0x00000000c0020736                FAT::mkdir(char const*)
                0x00000000c00207b0                FAT::exists(char const*)
 *fill*         0x00000000c002081b        0x1 
 .text          0x00000000c002081c      0xbc1 fs/iso9660/vfslink.32
                0x00000000c002081c                ISO9660::format(LogicalDisk*, int, char const*, int)
                0x00000000c0020822                ISO9660::seek(void*, unsigned long long)
                0x00000000c0020852                ISO9660::tell(void*, unsigned long long*)
                0x00000000c0020876                ISO9660::getName()
                0x00000000c002087c                ISO9660::stat(void*, unsigned long long*)
                0x00000000c00208a0                ISO9660::chfatattr(char const*, unsigned char, unsigned char)
                0x00000000c00208a6                ISO9660::unlink(char const*)
                0x00000000c00208ac                ISO9660::write(void*, unsigned long, void*, int*)
                0x00000000c00208b2                ISO9660::rename(char const*, char const*)
                0x00000000c00208b8                ISO9660::mkdir(char const*)
                0x00000000c00208be                ISO9660::close(void*)
                0x00000000c00208e0                ISO9660::closeDir(void*)
                0x00000000c0020902                ISO9660::~ISO9660()
                0x00000000c0020902                ISO9660::~ISO9660()
                0x00000000c0020926                ISO9660::~ISO9660()
                0x00000000c002094d                __memmem(unsigned char*, int, unsigned char*, int)
                0x00000000c002098f                readSectorFromCDROM(unsigned int, unsigned char*, char)
                0x00000000c00209f6                ISO9660::tryMount(LogicalDisk*, int)
                0x00000000c0020a46                ISO9660::read(void*, unsigned long, void*, int*)
                0x00000000c0020c46                ISO9660::readDir(void*, unsigned long, void*, int*)
                0x00000000c0020ed3                readRoot(unsigned int*, unsigned int*, char)
                0x00000000c0020f28                readRecursively(char*, unsigned int, unsigned int, unsigned int*, unsigned int*, char, int*)
                0x00000000c00210fb                getFileData(char*, unsigned int*, unsigned int*, char, int*)
                0x00000000c002118a                ISO9660::open(char const*, void**, FileOpenMode)
                0x00000000c002124a                ISO9660::exists(char const*)
                0x00000000c002126e                ISO9660::stat(char const*, unsigned long long*, bool*)
                0x00000000c0021302                ISO9660::openDir(char const*, void**)
                0x00000000c00213ba                ISO9660::ISO9660()
                0x00000000c00213ba                ISO9660::ISO9660()
 *fill*         0x00000000c00213dd        0x1 
 .text          0x00000000c00213de      0x326 hal/sound/sndchannel.32
                0x00000000c00213de                SoundChannel::~SoundChannel()
                0x00000000c00213de                SoundChannel::~SoundChannel()
                0x00000000c00213fa                SoundChannel::setSpeed(float)
                0x00000000c0021406                SoundChannel::getSpeed()
                0x00000000c002140e                SoundChannel::setVolume(int)
                0x00000000c002142a                SoundChannel::getVolume()
                0x00000000c0021432                SoundChannel::pause()
                0x00000000c002143c                SoundChannel::SoundChannel(int, int, int, int)
                0x00000000c002143c                SoundChannel::SoundChannel(int, int, int, int)
                0x00000000c0021592                SoundChannel::play()
                0x00000000c002159c                SoundChannel::paused()
                0x00000000c00215a4                SoundChannel::getSampleRate()
                0x00000000c00215ac                SoundChannel::getBits()
                0x00000000c00215b4                SoundChannel::getBufferUsed()
                0x00000000c00215bc                SoundChannel::getBufferSize()
                0x00000000c00215c4                SoundChannel::unbuffer(float*, int, int)
                0x00000000c0021664                SoundChannel::buffer8(unsigned char*, int)
 .text          0x00000000c0021704      0x3d5 hal/sound/sndhw.32
                0x00000000c0021704                SoundDevice::SoundDevice(char const*)
                0x00000000c0021704                SoundDevice::SoundDevice(char const*)
                0x00000000c0021770                SoundDevice::~SoundDevice()
                0x00000000c0021770                SoundDevice::~SoundDevice()
                0x00000000c00217ea                SoundDevice::~SoundDevice()
                0x00000000c0021814                SoundDevice::getFreeChannelNum()
                0x00000000c002182e                SoundDevice::addChannel(SoundChannel*)
                0x00000000c002189e                SoundDevice::removeChannel(int)
                0x00000000c00218d0                SoundDevice::floatTo8(float*, unsigned char*, int)
                0x00000000c00219b8                SoundDevice::getAudio(int, float*, float*)
 .text          0x00000000c0021ad9        0x0 hw/bus/isa.32
 *fill*         0x00000000c0021ad9        0x1 
 .text          0x00000000c0021ada      0x6c3 hw/bus/pci.32
                0x00000000c0021ada                PCI::open(int, int, void*)
                0x00000000c0021aee                PCI::close(int, int, void*)
                0x00000000c0021af2                PCI::PCI()
                0x00000000c0021af2                PCI::PCI()
                0x00000000c0021b72                PCI::pciReadWord(unsigned char, unsigned char, unsigned char, unsigned char)
                0x00000000c0021bba                PCI::getVendorID(unsigned char, unsigned char, unsigned char)
                0x00000000c0021bdc                PCI::getHeaderType(unsigned char, unsigned char, unsigned char)
                0x00000000c0021c00                PCI::getClassCode(unsigned char, unsigned char, unsigned char)
                0x00000000c0021c44                PCI::getProgIF(unsigned char, unsigned char, unsigned char)
                0x00000000c0021c68                PCI::getRevisionID(unsigned char, unsigned char, unsigned char)
                0x00000000c0021c8a                PCI::getInterruptNumber(unsigned char, unsigned char, unsigned char)
                0x00000000c0021cac                PCI::getSecondaryBus(unsigned char, unsigned char, unsigned char)
                0x00000000c0021cd0                PCI::getBARAddress(unsigned char, unsigned char, unsigned char, unsigned char)
                0x00000000c0021d30                PCI::pciWriteWord(unsigned char, unsigned char, unsigned char, unsigned char, unsigned short)
                0x00000000c0021d9c                PCI::checkBus(unsigned char)
                0x00000000c0021dc0                PCI::foundDevice(PCIDeviceInfo)
                0x00000000c0021f32                PCI::getDeviceData(unsigned char, unsigned char, unsigned char)
                0x00000000c00220de                PCI::checkDevice(unsigned char, unsigned char)
                0x00000000c002214a                PCI::detect()
 *fill*         0x00000000c002219d        0x1 
 .text          0x00000000c002219e      0xc70 hw/diskctrl/ide.32
                0x00000000c002219e                IDE::close(int, int, void*)
                0x00000000c00221a2                IDE::IDE()
                0x00000000c00221a2                IDE::IDE()
                0x00000000c00221d6                IDE::prepareInterrupt(unsigned char)
                0x00000000c00221e8                selectDrive(unsigned char, unsigned char)
                0x00000000c00221ea                IDE::getBase(unsigned char)
                0x00000000c00221fc                IDE::write(unsigned char, unsigned char, unsigned char)
                0x00000000c00222bc                IDE::read(unsigned char, unsigned char)
                0x00000000c002236a                IDE::waitInterrupt(unsigned char)
                0x00000000c00223d0                ideChannel0IRQHandler(regs*, void*)
                0x00000000c00223ec                ideChannel1IRQHandler(regs*, void*)
                0x00000000c0022408                IDE::enableIRQs(unsigned char, bool)
                0x00000000c002244e                IDE::open(int, int, void*)
                0x00000000c002285e                IDE::readBuffer(unsigned char, unsigned char, unsigned int, unsigned int)
                0x00000000c002292a                IDE::detect()
                0x00000000c0022c12                IDE::printError(unsigned char, unsigned char, unsigned char)
                0x00000000c0022da8                IDE::polling(unsigned char, unsigned int)
 .text          0x00000000c0022e0e      0x37a hw/diskctrl/satabus.32
                0x00000000c0022e0e                SATABus::close(int, int, void*)
                0x00000000c0022e12                SATABus::detect()
                0x00000000c0022e14                SATABus::SATABus()
                0x00000000c0022e14                SATABus::SATABus()
                0x00000000c0022ec0                SATABus::findCmdslot(SATABus::tagHBA_PORT volatile*)
                0x00000000c0022f08                SATABus::checkType(SATABus::tagHBA_PORT volatile*)
                0x00000000c0022f50                SATABus::startCmd(SATABus::tagHBA_PORT volatile*)
                0x00000000c0022f70                SATABus::stopCmd(SATABus::tagHBA_PORT volatile*)
                0x00000000c0022f9a                SATABus::portRebase(SATABus::tagHBA_PORT volatile*, int)
                0x00000000c00230a0                SATABus::probePort(SATABus::tagHBA_MEM volatile*)
                0x00000000c0023168                SATABus::open(int, int, void*)
 .text          0x00000000c0023188      0x62b hw/diskphys/ata.32
                0x00000000c0023188                ATA::close(int, int, void*)
                0x00000000c00231ac                ATA::powerSaving(PowerSavingLevel)
                0x00000000c00231ae                ATA::ATA()
                0x00000000c00231ae                ATA::ATA()
                0x00000000c00231dc                ATA::flush(bool)
                0x00000000c0023226                ATA::readyForCommand()
                0x00000000c0023276                ATA::access(unsigned long long, int, void*, bool)
                0x00000000c00235f4                ATA::read(unsigned long long, int, void*)
                0x00000000c002365c                ATA::write(unsigned long long, int, void*)
                0x00000000c00236c4                ATA::detectCHS()
                0x00000000c00236ee                ATA::open(int, int, void*)
 *fill*         0x00000000c00237b3        0x1 
 .text          0x00000000c00237b4      0x5b3 hw/diskphys/atapi.32
                0x00000000c00237b4                ATAPI::write(unsigned long long, int, void*)
                0x00000000c00237ba                ATAPI::close(int, int, void*)
                0x00000000c00237de                ATAPI::ATAPI()
                0x00000000c00237de                ATAPI::ATAPI()
                0x00000000c002380c                ATAPI::readyForCommand()
                0x00000000c002385c                ATAPI::sendPacket(unsigned char*, int, bool, unsigned short*, int)
                0x00000000c0023b1c                ATAPI::diskRemoved()
                0x00000000c0023b38                ATAPI::eject()
                0x00000000c0023b7e                ATAPI::diskInserted()
                0x00000000c0023bac                ATAPI::detectMedia()
                0x00000000c0023c68                ATAPI::open(int, int, void*)
                0x00000000c0023ce8                ATAPI::read(unsigned long long, int, void*)
 *fill*         0x00000000c0023d67        0x1 
 .text          0x00000000c0023d68      0x414 hw/diskphys/sata.32
                0x00000000c0023d68                SATA::close(int, int, void*)
                0x00000000c0023d8c                SATA::powerSaving(PowerSavingLevel)
                0x00000000c0023d8e                SATA::open(int, int, void*)
                0x00000000c0023dea                SATA::SATA()
                0x00000000c0023dea                SATA::SATA()
                0x00000000c0023e18                SATA::access(unsigned long long, int, void*, bool)
                0x00000000c00240ac                SATA::read(unsigned long long, int, void*)
                0x00000000c0024114                SATA::write(unsigned long long, int, void*)
 .text          0x00000000c002417c       0x8e hw/fpu/avx.32
                0x00000000c002417c                AVX::open(int, int, void*)
                0x00000000c002418e                AVX::close(int, int, void*)
                0x00000000c00241a0                AVX::available()
                0x00000000c00241b2                AVX::save(void*)
                0x00000000c00241ca                AVX::load(void*)
                0x00000000c00241e2                AVX::AVX()
                0x00000000c00241e2                AVX::AVX()
 .text          0x00000000c002420a       0x90 hw/fpu/mmx.32
                0x00000000c002420a                MMX::available()
                0x00000000c002421e                MMX::open(int, int, void*)
                0x00000000c0024230                MMX::close(int, int, void*)
                0x00000000c0024242                MMX::save(void*)
                0x00000000c002425a                MMX::load(void*)
                0x00000000c0024272                MMX::MMX()
                0x00000000c0024272                MMX::MMX()
 .text          0x00000000c002429a       0x96 hw/fpu/sse.32
                0x00000000c002429a                SSE::open(int, int, void*)
                0x00000000c00242ac                SSE::close(int, int, void*)
                0x00000000c00242be                SSE::available()
                0x00000000c00242d8                SSE::save(void*)
                0x00000000c00242f0                SSE::load(void*)
                0x00000000c0024308                SSE::SSE()
                0x00000000c0024308                SSE::SSE()
 .text          0x00000000c0024330       0x8e hw/fpu/x87.32
                0x00000000c0024330                x87::open(int, int, void*)
                0x00000000c0024342                x87::close(int, int, void*)
                0x00000000c0024354                x87::available()
                0x00000000c0024366                x87::save(void*)
                0x00000000c002437e                x87::load(void*)
                0x00000000c0024396                x87::x87()
                0x00000000c0024396                x87::x87()
 .text          0x00000000c00243be      0x71e hw/intctrl/apic.32
                0x00000000c00243be                APIC::disable()
                0x00000000c00243c0                APIC::close(int, int, void*)
                0x00000000c00243e2                IOAPIC::close(int, int, void*)
                0x00000000c00243e8                APIC::io_wait()
                0x00000000c00243ee                APIC::getBase()
                0x00000000c0024430                APIC::eoi(unsigned char)
                0x00000000c002445e                APIC::open(int, int, void*)
                0x00000000c00245ac                IOAPIC::IOAPIC()
                0x00000000c00245ac                IOAPIC::IOAPIC()
                0x00000000c00245d4                APIC::APIC()
                0x00000000c00245d4                APIC::APIC()
                0x00000000c00246b0                IOAPIC::handlesGSIWithNumber(unsigned int)
                0x00000000c00246e2                IOAPIC::read(int)
                0x00000000c002470a                IOAPIC::open(int, int, void*)
                0x00000000c0024800                IOAPIC::write(int, int)
                0x00000000c002482c                IOAPIC::redirect(unsigned char, unsigned long long, unsigned char, bool, bool)
                0x00000000c0024926                APIC::installIRQHandler(int, void (*)(regs*, void*), bool, void*)
 .text          0x00000000c0024adc      0x3d3 hw/intctrl/pic.32
                0x00000000c0024adc                PIC::disable()
                0x00000000c0024b0a                PIC::close(int, int, void*)
                0x00000000c0024b2c                PIC::PIC()
                0x00000000c0024b2c                PIC::PIC()
                0x00000000c0024c02                PIC::ioWait()
                0x00000000c0024c08                PIC::getIRQReg(int)
                0x00000000c0024c72                PIC::eoi(unsigned char)
                0x00000000c0024d04                PIC::remap()
                0x00000000c0024e70                PIC::open(int, int, void*)
 *fill*         0x00000000c0024eaf        0x1 
 .text          0x00000000c0024eb0      0x25e hw/timer/apictimer.32
                0x00000000c0024eb0                APICTimer::close(int, int, void*)
                0x00000000c0024eb6                apicTimerHandler(regs*, void*)
                0x00000000c0024ee4                APICTimer::write(int)
                0x00000000c0024fe8                APICTimer::open(int, int, void*)
                0x00000000c00250e6                APICTimer::APICTimer()
                0x00000000c00250e6                APICTimer::APICTimer()
 .text          0x00000000c002510e      0x1a7 hw/timer/pit.32
                0x00000000c002510e                PIT::write(int)
                0x00000000c002518c                pitHandler(regs*, void*)
                0x00000000c00251b8                PIT::open(int, int, void*)
                0x00000000c0025206                PIT::close(int, int, void*)
                0x00000000c0025236                PIT::PIT()
                0x00000000c0025236                PIT::PIT()
 *fill*         0x00000000c00252b5        0xb 
 .text          0x00000000c00252c0       0x1e hw/fpu/x86/avx.32
                0x00000000c00252c0                avxDetect
                0x00000000c00252c6                avxSave
                0x00000000c00252c7                avxLoad
                0x00000000c00252c8                avxInit
                0x00000000c00252c9                avxClose
                0x00000000c00252ca                wouldSheSayYes
 *fill*         0x00000000c00252de        0x2 
 .text          0x00000000c00252e0       0x35 hw/fpu/x86/sse.32
                0x00000000c00252e0                absolutelyNoChanceInHell
                0x00000000c00252e0                sseDetect
                0x00000000c00252f8                sseSave
                0x00000000c00252fe                sseLoad
                0x00000000c0025304                sseInit
                0x00000000c0025314                sseClose
 *fill*         0x00000000c0025315        0xb 
 .text          0x00000000c0025320       0x47 hw/fpu/x86/x87.32
                0x00000000c0025326                x87Detect
                0x00000000c0025341                x87Save
                0x00000000c0025347                x87Load
                0x00000000c002534c                x87Init
                0x00000000c0025366                x87Close
 *fill*         0x00000000c0025367        0x1 
 .text          0x00000000c0025368       0x25 /cygdrive/d/Users/Alex/Desktop/Toolchain/Output/bin/../lib/gcc/i386-banana/8.1.0/crtend.o
 .text          0x00000000c002538d        0x0 crtn.32
 *fill*         0x00000000c002538d        0x3 
 .text          0x00000000c0025390      0x14b /cygdrive/d/Users/Alex/Desktop/Toolchain/Output/bin/../lib/gcc/i386-banana/8.1.0/libkgcc.a(_divdi3.o)
                0x00000000c0025390                __divdi3
 *fill*         0x00000000c00254db        0x1 
 .text          0x00000000c00254dc      0x17e /cygdrive/d/Users/Alex/Desktop/Toolchain/Output/bin/../lib/gcc/i386-banana/8.1.0/libkgcc.a(_moddi3.o)
                0x00000000c00254dc                __moddi3
 *fill*         0x00000000c002565a        0x2 
 .text          0x00000000c002565c       0xff /cygdrive/d/Users/Alex/Desktop/Toolchain/Output/bin/../lib/gcc/i386-banana/8.1.0/libkgcc.a(_udivdi3.o)
                0x00000000c002565c                __udivdi3
 *fill*         0x00000000c002575b        0x1 
 .text          0x00000000c002575c      0x11a /cygdrive/d/Users/Alex/Desktop/Toolchain/Output/bin/../lib/gcc/i386-banana/8.1.0/libkgcc.a(_umoddi3.o)
                0x00000000c002575c                __umoddi3
 .text          0x00000000c0025876      0x96d D:/Users/Alex/Desktop/Banana/kernel/libsoftfp.a(sfieeelib.o)
                0x00000000c0025876                __addsf3
                0x00000000c0025b78                __subsf3
                0x00000000c0025b8c                __negsf2
                0x00000000c0025b99                __mulsf3
                0x00000000c0025d5c                __divsf3
                0x00000000c0025f87                __floatsisf
                0x00000000c0025ffb                __floatunsisf
                0x00000000c002603d                __fixsfsi
                0x00000000c002609f                __fixunssfsi
                0x00000000c00260d0                __cmpsf2
                0x00000000c0026165                __eqsf2
                0x00000000c00261a0                __nesf2
                0x00000000c00261a2                __gtsf2
                0x00000000c00261dd                __gesf2
                0x00000000c00261df                __ltsf2
                0x00000000c00261e1                __lesf2
 .text          0x00000000c00261e3      0xf50 D:/Users/Alex/Desktop/Banana/kernel/libsoftfp.a(dfieeelib.o)
                0x00000000c00261e3                __adddf3
                0x00000000c0026834                __subdf3
                0x00000000c002684f                __negdf2
                0x00000000c0026860                __muldf3
                0x00000000c0026b44                __divdf3
                0x00000000c0026ec3                __floatsidf
                0x00000000c0026f1e                __floatunsidf
                0x00000000c0026f5c                __fixdfsi
                0x00000000c0026fc9                __fixunsdfsi
                0x00000000c0027005                __cmpdf2
                0x00000000c00270f3                __eqdf2
                0x00000000c002710f                __nedf2
                0x00000000c0027111                __gtdf2
                0x00000000c002712d                __gedf2
                0x00000000c002712f                __ltdf2
                0x00000000c0027131                __ledf2
 .text          0x00000000c0027133      0x18d D:/Users/Alex/Desktop/Banana/kernel/libsoftfp.a(sfdfcvt.o)
                0x00000000c0027133                __truncdfsf2
                0x00000000c0027257                __extendsfdf2
 .text          0x00000000c00272c0       0x1e D:/Users/Alex/Desktop/Banana/kernel/libk/libm32.a(s_fabs.c.o)
                0x00000000c00272c0                fabs
 *fill*         0x00000000c00272de        0x2 
 .text          0x00000000c00272e0        0xc D:/Users/Alex/Desktop/Banana/kernel/libk/libm32.a(s_lrint.S.o)
                0x00000000c00272e0                lrint
 .text          0x00000000c00272ec        0xc D:/Users/Alex/Desktop/Banana/kernel/libk/libm32.a(s_lrintf.S.o)
                0x00000000c00272ec                lrintf
 *(.gnu.linkonce.t*)

.iplt           0x00000000c00272f8        0x0
 .iplt          0x00000000c00272f8        0x0 D:/Users/Alex/Desktop/Banana/kernel/boot.32

.init           0x00000000c00272f8        0xf
 .init          0x00000000c00272f8        0x3 crti.32
                0x00000000c00272f8                _init
 .init          0x00000000c00272fb        0x5 /cygdrive/d/Users/Alex/Desktop/Toolchain/Output/bin/../lib/gcc/i386-banana/8.1.0/crtbegin.o