Archive member included to satisfy reference by file (symbol)

/cygdrive/d/Users/Alex/Desktop/Toolchain/Output/bin/../lib/gcc/i386-banana/8.1.0/libkgcc.a(_divdi3.o)
                              krnl/resolve.32 (__divdi3)
/cygdrive/d/Users/Alex/Desktop/Toolchain/Output/bin/../lib/gcc/i386-banana/8.1.0/libkgcc.a(_moddi3.o)
                              krnl/resolve.32 (__moddi3)
/cygdrive/d/Users/Alex/Desktop/Toolchain/Output/bin/../lib/gcc/i386-banana/8.1.0/libkgcc.a(_udivdi3.o)
                              hal/clock.32 (__udivdi3)
/cygdrive/d/Users/Alex/Desktop/Toolchain/Output/bin/../lib/gcc/i386-banana/8.1.0/libkgcc.a(_umoddi3.o)
                              core/pipe.32 (__umoddi3)

Allocating common symbols
Common symbol       size              file

dcache              0x40              fs/iso9660/iso9660.32
cdDriveLetter       0x1               fs/iso9660/iso9660.32
icache              0x40              fs/iso9660/iso9660.32

Discarded input sections

 .comment       0x0000000000000000       0x12 /cygdrive/d/Users/Alex/Desktop/Toolchain/Output/bin/../lib/gcc/i386-banana/8.1.0/crtbegin.o
 .comment       0x0000000000000000       0x12 acpica/utclib.32
 .comment       0x0000000000000000       0x12 core/malloc.32
 .comment       0x0000000000000000       0x12 libk/ctype.32
 .comment       0x0000000000000000       0x12 libk/string.32
 .comment       0x0000000000000000       0x12 fs/fat/diskio.32
 .comment       0x0000000000000000       0x12 fs/fat/ff.32
 .comment       0x0000000000000000       0x12 fs/fat/ffsystem.32
 .comment       0x0000000000000000       0x12 fs/fat/ffunicode.32
 .comment       0x0000000000000000       0x12 fs/iso9660/iso9660.32
 .group         0x0000000000000000       0x14 core/computer.32
 .group         0x0000000000000000        0xc core/computer.32
 .comment       0x0000000000000000       0x12 core/computer.32
 .comment       0x0000000000000000       0x12 core/gdt.32
 .group         0x0000000000000000        0xc core/idle.32
 .comment       0x0000000000000000       0x12 core/idle.32
 .comment       0x0000000000000000       0x12 core/idt.32
 .comment       0x0000000000000000       0x12 core/kheap.32
 .comment       0x0000000000000000       0x12 core/main.32
 .comment       0x0000000000000000       0x12 core/physmgr.32
 .group         0x0000000000000000        0xc core/pipe.32
 .comment       0x0000000000000000       0x12 core/pipe.32
 .group         0x0000000000000000        0xc core/terminal.32
 .comment       0x0000000000000000       0x12 core/terminal.32
 .comment       0x0000000000000000       0x12 core/tss.32
 .group         0x0000000000000000        0x8 core/unixfile.32
 .group         0x0000000000000000        0x8 core/unixfile.32
 .group         0x0000000000000000        0xc core/unixfile.32
 .group         0x0000000000000000        0x8 core/unixfile.32
 .group         0x0000000000000000        0xc core/unixfile.32
 .group         0x0000000000000000        0x8 core/unixfile.32
 .group         0x0000000000000000        0xc core/unixfile.32
 .group         0x0000000000000000        0xc core/unixfile.32
 .comment       0x0000000000000000       0x12 core/unixfile.32
 .comment       0x0000000000000000       0x12 core/virtmgr.32
 .comment       0x0000000000000000       0x12 coreobjs/c++.32
 .comment       0x0000000000000000       0x12 dbg/kconsole.32
 .comment       0x0000000000000000       0x12 dbg/usban.32
 .group         0x0000000000000000        0xc fs/vfs.32
 .group         0x0000000000000000        0xc fs/vfs.32
 .group         0x0000000000000000        0xc fs/vfs.32
 .comment       0x0000000000000000       0x12 fs/vfs.32
 .group         0x0000000000000000        0xc hal/bus.32
 .comment       0x0000000000000000       0x12 hal/bus.32
 .comment       0x0000000000000000       0x12 hal/buzzer.32
 .group         0x0000000000000000        0xc hal/clock.32
 .comment       0x0000000000000000       0x12 hal/clock.32
 .group         0x0000000000000000       0x14 hal/device.32
 .group         0x0000000000000000        0xc hal/device.32
 .group         0x0000000000000000        0x8 hal/device.32
 .group         0x0000000000000000        0xc hal/device.32
 .group         0x0000000000000000        0xc hal/device.32
 .comment       0x0000000000000000       0x12 hal/device.32
 .group         0x0000000000000000        0xc hal/diskctrl.32
 .comment       0x0000000000000000       0x12 hal/diskctrl.32
 .group         0x0000000000000000        0xc hal/diskphys.32
 .comment       0x0000000000000000       0x12 hal/diskphys.32
 .comment       0x0000000000000000       0x12 hal/fpu.32
 .comment       0x0000000000000000       0x12 hal/intctrl.32
 .group         0x0000000000000000        0xc hal/keybrd.32
 .comment       0x0000000000000000       0x12 hal/keybrd.32
 .group         0x0000000000000000        0xc hal/logidisk.32
 .comment       0x0000000000000000       0x12 hal/logidisk.32
 .group         0x0000000000000000        0xc hal/mouse.32
[...]
Memory Configuration

Name             Origin             Length             Attributes
*default*        0x0000000000000000 0xffffffffffffffff

Linker script and memory map

LOAD D:/Users/Alex/Desktop/Banana/kernel/boot.32
LOAD crti.32
LOAD /cygdrive/d/Users/Alex/Desktop/Toolchain/Output/bin/../lib/gcc/i386-banana/8.1.0/crtbegin.o
LOAD D:/Users/Alex/Desktop/Banana/kernel/morenasm.32
LOAD acpica/utclib.32
LOAD core/malloc.32
LOAD libk/ctype.32
LOAD libk/string.32
LOAD fs/fat/diskio.32
LOAD fs/fat/ff.32
LOAD fs/fat/ffsystem.32
LOAD fs/fat/ffunicode.32
LOAD fs/iso9660/iso9660.32
LOAD core/computer.32
LOAD core/gdt.32
LOAD core/idle.32
LOAD core/idt.32
LOAD core/kheap.32
LOAD core/main.32
LOAD core/physmgr.32
LOAD core/pipe.32
LOAD core/terminal.32
LOAD core/tss.32
LOAD core/unixfile.32
LOAD core/virtmgr.32
LOAD coreobjs/c++.32
LOAD dbg/kconsole.32
LOAD dbg/usban.32
LOAD fs/vfs.32
LOAD hal/bus.32
LOAD hal/buzzer.32
LOAD hal/clock.32
LOAD hal/device.32
LOAD hal/diskctrl.32
LOAD hal/diskphys.32
LOAD hal/fpu.32
LOAD hal/intctrl.32
LOAD hal/keybrd.32
LOAD hal/logidisk.32
LOAD hal/mouse.32
LOAD hal/nic.32
LOAD hal/partition.32
LOAD hal/serial.32
LOAD hal/timer.32
LOAD hal/vcache.32
LOAD hal/video.32
LOAD hw/acpi.32
LOAD hw/cpu.32
LOAD krnl/bootmsg.32
LOAD krnl/compat.32
LOAD krnl/env.32
LOAD krnl/inlines.32
LOAD krnl/panic.32
LOAD krnl/powctrl.32
LOAD krnl/random.32
LOAD krnl/resolve.32
LOAD krnl/signal.32
LOAD krnl/syscalls.32
LOAD net/ethernet.32
LOAD reg/cm.32
LOAD reg/registry.32
LOAD sys/eject.32
LOAD sys/exit.32
LOAD sys/getcwd.32
LOAD sys/getpid.32
LOAD sys/getramdata.32
LOAD sys/getvgaptr.32
LOAD sys/kill.32
LOAD sys/loaddll.32
LOAD sys/read.32
LOAD sys/registersignal.32
LOAD sys/registry.32
LOAD sys/sbrk.32
LOAD sys/setcwd.32
LOAD sys/settime.32
LOAD sys/timezone.32
LOAD sys/write.32
LOAD sys/wsbe.32
LOAD sys/yield.32
LOAD thr/elf.32
LOAD thr/prcssthr.32
LOAD vm86/vm8086.32
LOAD arch/i386/hal.32
LOAD arch/i386/pic.32
LOAD arch/i386/rtc.32
LOAD arch/i386/vga.32
LOAD fs/fat/vfslink.32
LOAD fs/iso9660/helper.32
LOAD fs/iso9660/vfslink.32
LOAD hal/sound/sndcard.32
LOAD hal/sound/sndport.32
LOAD hw/bus/isa.32
LOAD hw/bus/pci.32
LOAD hw/diskctrl/ide.32
LOAD hw/diskctrl/satabus.32
LOAD hw/diskphys/ata.32
LOAD hw/diskphys/atapi.32
LOAD hw/diskphys/sata.32
LOAD hw/diskphys/satapi.32
LOAD hw/intctrl/apic.32
LOAD hw/timer/apictimer.32
LOAD hw/timer/pit.32
LOAD arch/i386/avx.32
LOAD arch/i386/interrupt.32
LOAD arch/i386/rdrand.32
LOAD arch/i386/sse.32
LOAD arch/i386/x87.32
LOAD /cygdrive/d/Users/Alex/Desktop/Toolchain/Output/bin/../lib/gcc/i386-banana/8.1.0/crtend.o
LOAD crtn.32
LOAD /cygdrive/d/Users/Alex/Desktop/Toolchain/Output/bin/../lib/gcc/i386-banana/8.1.0/libkgcc.a
LOAD D:/Users/Alex/Desktop/Banana/kernel/libsoftfp.a
LOAD D:/Users/Alex/Desktop/Banana/kernel/libk/libm32.a
                0x00000000c0000000                . = 0xc0000000

.text           0x00000000c0000000    0x1ec1a
 *(.text)
 .text          0x00000000c0000000       0x20 D:/Users/Alex/Desktop/Banana/kernel/boot.32
 .text          0x00000000c0000020        0x0 crti.32
 .text          0x00000000c0000020      0x101 /cygdrive/d/Users/Alex/Desktop/Toolchain/Output/bin/../lib/gcc/i386-banana/8.1.0/crtbegin.o
 *fill*         0x00000000c0000121        0xf 
 .text          0x00000000c0000130      0x24f D:/Users/Alex/Desktop/Banana/kernel/morenasm.32
                0x00000000c0000130                manualPCIProbe
                0x00000000c000017b                prepareTramp
                0x00000000c0000194                doTPAUSE
                0x00000000c000019e                hasLegacyFPU
                0x00000000c00001c3                is486
                0x00000000c00001f9                detectCPUID
                0x00000000c000020f                goToVM86
                0x00000000c000023f                goToUsermode
                0x00000000c0000269                switchToThreadASMFirstTime
                0x00000000c0000277                switchToThreadASM
                0x00000000c00002fc                asmQuickAcquireLock
                0x00000000c000031a                asmQuickReleaseLock
                0x00000000c0000326                asmAcquireLock
                0x00000000c0000347                asmReleaseLock
                0x00000000c000035a                loadGDT
                0x00000000c000037a                memcpy
 *fill*         0x00000000c000037f        0x1 
 .text          0x00000000c0000380      0x868 acpica/utclib.32
                0x00000000c0000380                memcmp
                0x00000000c00003d0                memmove
                0x00000000c00004f0                memset
                0x00000000c0000570                strlen
                0x00000000c00005a0                strpbrk
                0x00000000c00005f0                strtok
                0x00000000c0000640                strcpy
                0x00000000c0000680                strncpy
                0x00000000c0000750                strcmp
                0x00000000c00007a0                strchr
                0x00000000c00007e0                strncmp
                0x00000000c0000840                strcat
                0x00000000c0000870                strncat
                0x00000000c00008d0                strstr
                0x00000000c0000930                toupper
                0x00000000c0000950                tolower
                0x00000000c0000970                simple_strtoul
 .text          0x00000000c0000be8      0xfaa core/malloc.32
                0x00000000c0000d53                dlfree
                0x00000000c00010ab                dlmalloc
                0x00000000c00015e8                dlrealloc
                0x00000000c000178b                dlmemalign
                0x00000000c00018ae                dlcalloc
                0x00000000c0001948                dlcfree
                0x00000000c000194d                dlindependent_calloc
                0x00000000c0001972                dlindependent_comalloc
                0x00000000c0001989                dlvalloc
                0x00000000c00019b4                dlpvalloc
                0x00000000c00019ea                dlmalloc_trim
                0x00000000c00019f7                dlmalloc_usable_size
                0x00000000c0001a28                dlmallinfo
                0x00000000c0001af7                dlmalloc_stats
                0x00000000c0001b08                dlmallopt
 *fill*         0x00000000c0001b92        0x2 
 .text          0x00000000c0001b94      0x1f2 libk/ctype.32
                0x00000000c0001b94                isblank
                0x00000000c0001bb4                iscntrl
                0x00000000c0001bd4                isdigit
                0x00000000c0001bf0                islower
                0x00000000c0001c0c                isspace
                0x00000000c0001c34                isupper
                0x00000000c0001c50                isalpha
                0x00000000c0001c80                isalnum
                0x00000000c0001cb0                ispunct
                0x00000000c0001cf0                isgraph
                0x00000000c0001d20                isprint
                0x00000000c0001d48                isxdigit
 .text          0x00000000c0001d86        0x0 libk/string.32
 .text          0x00000000c0001d86       0x51 fs/fat/diskio.32
                0x00000000c0001d86                disk_status
                0x00000000c0001d89                disk_initialize
                0x00000000c0001d8c                disk_read
                0x00000000c0001da2                disk_write
                0x00000000c0001db8                disk_ioctl
 .text          0x00000000c0001dd7     0x3e46 fs/fat/ff.32
                0x00000000c0003bf8                f_mount
                0x00000000c0003c5a                f_open
                0x00000000c0003f1d                f_read
                0x00000000c000411c                f_write
                0x00000000c0004364                f_sync
                0x00000000c0004429                f_close
                0x00000000c0004458                f_lseek
                0x00000000c0004609                f_opendir
                0x00000000c00046d4                f_closedir
                0x00000000c00046f6                f_readdir
                0x00000000c0004788                f_stat
                0x00000000c0004807                f_getfree
                0x00000000c0004910                f_truncate
                0x00000000c00049fa                f_unlink
                0x00000000c0004b1c                f_mkdir
                0x00000000c0004cb7                f_rename
                0x00000000c0004e6f                f_chmod
                0x00000000c0004f1f                f_utime
                0x00000000c0004fcf                f_getlabel
                0x00000000c0005120                f_setlabel
                0x00000000c00052b0                f_expand
                0x00000000c000541d                f_mkfs
 *fill*         0x00000000c0005c1d        0x3 
 .text          0x00000000c0005c20       0x2f fs/fat/ffsystem.32
                0x00000000c0005c20                ff_memalloc
                0x00000000c0005c38                ff_memfree
 *fill*         0x00000000c0005c4f        0x1 
 .text          0x00000000c0005c50      0x2dc fs/fat/ffunicode.32
                0x00000000c0005c50                ff_uni2oem
                0x00000000c0005cf0                ff_oem2uni
                0x00000000c0005d68                ff_wtoupper
 .text          0x00000000c0005f2c      0xd32 fs/iso9660/iso9660.32
                0x00000000c0006177                isoReadDiscSector
                0x00000000c0006212                strnicmp
                0x00000000c00064c1                stricmp
                0x00000000c000650d                iso_open
                0x00000000c0006597                iso_close
                0x00000000c00065b5                iso_read
                0x00000000c00066cb                iso_seek
                0x00000000c000674f                iso_tell
                0x00000000c0006780                iso_total
                0x00000000c00067ab                fn_postprocess
                0x00000000c00067d2                iso_readdir
                0x00000000c0006a29                iso_reset
                0x00000000c0006a46                init_percd
                0x00000000c0006b40                iso_ioctl
                0x00000000c0006b58                fs_iso9660_init
                0x00000000c0006bee                fs_iso9660_shutdown
 .text          0x00000000c0006c5e      0x6bb core/computer.32
                0x00000000c0006c5e                Computer::close(int, int, void*)
                0x00000000c0006ca3                Krnl::firstTask()
                0x00000000c0006dde                Computer::Computer()
                0x00000000c0006dde                Computer::Computer()
                0x00000000c0006e8e                Computer::setBootMessage(char const*)
                0x00000000c0006e90                Computer::detectFeatures()
                0x00000000c00070b6                Computer::displayFeatures()
                0x00000000c00070b8                Computer::rdmsr(unsigned int)
                0x00000000c00070e4                Computer::wrmsr(unsigned int, unsigned long long)
                0x00000000c0007120                Computer::shutdown()
                0x00000000c0007138                Computer::restart()
                0x00000000c0007150                Computer::sleep()
                0x00000000c0007164                Computer::nmiEnabled()
                0x00000000c0007170                Computer::readCMOS(unsigned char)
                0x00000000c000718e                Computer::enableNMI(bool)
                0x00000000c00071a6                Computer::open(int, int, void*)
                0x00000000c000727a                Computer::disableNMI()
                0x00000000c000728a                Computer::writeCMOS(unsigned char, unsigned char)
                0x00000000c00072ae                Computer::handleNMI()
 *fill*         0x00000000c0007319        0x1 
 .text          0x00000000c000731a      0x1db core/gdt.32
                0x00000000c000731a                GDTEntry::setBase(unsigned int)
                0x00000000c0007336                GDTEntry::setLimit(unsigned int)
                0x00000000c0007354                GDT::GDT()
                0x00000000c0007354                GDT::GDT()
                0x00000000c000736a                GDT::addEntry(GDTEntry)
                0x00000000c000738c                GDT::getNumberOfEntries()
                0x00000000c0007394                GDT::flush()
                0x00000000c00073b6                GDT::setup()
 .text          0x00000000c00074f5       0x1d core/idle.32
                0x00000000c00074f5                idleFunction(void*)
 *fill*         0x00000000c0007512        0x2 
 .text          0x00000000c0007514      0x46c core/idt.32
                0x00000000c0007514                IDTEntry::IDTEntry(bool)
                0x00000000c0007514                IDTEntry::IDTEntry(bool)
                0x00000000c000758e                IDTEntry::setOffset(unsigned int)
                0x00000000c00075a4                IDT::IDT()
                0x00000000c00075a4                IDT::IDT()
                0x00000000c00075a6                IDT::getPointerToInvalidOpcodeEntryForF00F()
                0x00000000c00075ae                IDT::addEntry(IDTEntry, int)
                0x00000000c00075c8                IDT::addEntry(int, void (*)(), bool)
                0x00000000c0007600                IDT::flush()
                0x00000000c000761a                IDT::setup()
 .text          0x00000000c0007980      0x188 core/kheap.32
                0x00000000c0007980                sbrk
                0x00000000c0007a17                mmap
                0x00000000c0007a2d                munmap
                0x00000000c0007a43                liballoc_lock()
                0x00000000c0007a51                liballoc_unlock()
                0x00000000c0007a67                liballoc_alloc(int)
                0x00000000c0007a7f                liballoc_free(void*, int)
                0x00000000c0007a9a                realloc
                0x00000000c0007aae                malloc
                0x00000000c0007abe                free
                0x00000000c0007ace                rfree
                0x00000000c0007ade                calloc
 .text          0x00000000c0007b08       0xc2 core/main.32
                0x00000000c0007b08                KeEntryPoint
 .text          0x00000000c0007bca      0x644 core/physmgr.32
                0x00000000c0007bca                Phys::allocateDMA(unsigned long)
                0x00000000c0007cb2                Phys::freeDMA(unsigned long, unsigned long)
                0x00000000c0007ced                Phys::setPageState(unsigned long, bool)
                0x00000000c0007d2d                Phys::getPageState(unsigned long)
                0x00000000c0007d49                Phys::freePage(unsigned long)
                0x00000000c0007db2                Phys::allocatePage()
                0x00000000c0007e81                Phys::allocateContiguousPages(int)
                0x00000000c0007ee8                Phys::allowSegmentToBeUsed(unsigned long, unsigned long)
                0x00000000c0007f20                Phys::physicalMemorySetup(unsigned int)
 .text          0x00000000c000820e      0x273 core/pipe.32
                0x00000000c000820e                Pipe::isAtty()
                0x00000000c0008212                Pipe::~Pipe()
                0x00000000c0008212                Pipe::~Pipe()
                0x00000000c0008236                Pipe::~Pipe()
                0x00000000c000825e                Pipe::write(unsigned long long, void*, int*)
                0x00000000c000831e                Pipe::read(unsigned long long, void*, int*)
                0x00000000c000841a                Pipe::Pipe(int)
                0x00000000c000841a                Pipe::Pipe(int)
 *fill*         0x00000000c0008481        0x1 
 .text          0x00000000c0008482      0xab3 core/terminal.32
                0x00000000c0008482                VgaText::isAtty()
                0x00000000c0008486                VgaText::~VgaText()
                0x00000000c0008486                VgaText::~VgaText()
                0x00000000c00084aa                VgaText::~VgaText()
                0x00000000c00084d4                VgaText::read(unsigned long long, void*, int*)
                0x00000000c00084f4                setTerminalScrollLock(bool)
                0x00000000c00084f5                doTerminalCycle()
                0x00000000c00084f6                addToTerminalCycle(VgaText*)
                0x00000000c00084f7                scrollTerminalScrollLock(int)
                0x00000000c00084f8                VgaText::updateTitle()
                0x00000000c00084fa                VgaText::load()
                0x00000000c00084fc                VgaText::updateCursor()
                0x00000000c0008512                VgaText::doANSI_SGR(int)
                0x00000000c0008586                VgaText::setDefaultBgColour(VgaColour)
                0x00000000c0008596                VgaText::setDefaultFgColour(VgaColour)
                0x00000000c00085a6                VgaText::setDefaultColours(VgaColour, VgaColour)
                0x00000000c00085c6                VgaText::setTitleTextColour(VgaColour)
                0x00000000c00085d2                VgaText::setTitleColour(VgaColour)
                0x00000000c00085de                VgaText::setTitle(char*)
                0x00000000c00085e0                VgaText::combineColours(unsigned char, unsigned char)
                0x00000000c00085f2                VgaText::scrollScreen()
                0x00000000c0008684                VgaText::combineCharAndColour(char, unsigned char)
                0x00000000c0008694                VgaText::writeCharacter(char, VgaColour, VgaColour, int, int)
                0x00000000c0008724                VgaText::getCursorX()
                0x00000000c000872c                VgaText::getCursorY()
                0x00000000c0008734                VgaText::setCursor(int, int)
                0x00000000c000874b                setActiveTerminal(VgaText*)
                0x00000000c0008796                VgaText::clearScreen()
                0x00000000c00087e4                VgaText::setCursorX(int)
                0x00000000c00087fc                VgaText::setCursorY(int)
                0x00000000c0008814                VgaText::incrementCursor(bool)
                0x00000000c0008868                VgaText::decrementCursor(bool)
                0x00000000c000888a                VgaText::putchar(char, VgaColour, VgaColour)
                0x00000000c000895a                VgaText::putchar(char)
                0x00000000c0008a52                VgaText::putx(unsigned int)
                0x00000000c0008a98                VgaText::puts(char const*)
                0x00000000c0008abe                VgaText::write(unsigned long long, void*, int*)
                0x00000000c0008b0a                VgaText::puts(char const*, VgaColour, VgaColour)
                0x00000000c0008c58                VgaText::VgaText(char const*)
                0x00000000c0008c58                VgaText::VgaText(char const*)
                0x00000000c0008da8                VgaText::receiveKey(unsigned char)
                0x00000000c0008f34                VgaText::doUpdate()
 *fill*         0x00000000c0008f35        0x3 
 .text          0x00000000c0008f38      0x1a1 core/tss.32
                0x00000000c0008f38                TSS::TSS()
                0x00000000c0008f38                TSS::TSS()
                0x00000000c0008f48                TSS::setESP(unsigned long)
                0x00000000c0008f5c                TSS::flush()
                0x00000000c0008f7c                TSS::setup(unsigned long, unsigned long)
 *fill*         0x00000000c00090d9        0x1 
 .text          0x00000000c00090da      0x4ca core/unixfile.32
                0x00000000c00090da                ReservedFilename::read(unsigned long long, void*, int*)
                0x00000000c0009130                ReservedFilename::isAtty()
                0x00000000c000914c                ReservedFilename::write(unsigned long long, void*, int*)
                0x00000000c00091aa                UnixFile::getFileDescriptor()
                0x00000000c00091b2                UnixFile::UnixFile(int)
                0x00000000c00091b2                UnixFile::UnixFile(int)
                0x00000000c0009366                ReservedFilename::ReservedFilename(int)
                0x00000000c0009366                ReservedFilename::ReservedFilename(int)
                0x00000000c0009398                UnixFile::~UnixFile()
                0x00000000c0009398                UnixFile::~UnixFile()
                0x00000000c0009434                UnixFile::~UnixFile()
                0x00000000c000945c                ReservedFilename::~ReservedFilename()
                0x00000000c000945c                ReservedFilename::~ReservedFilename()
                0x00000000c0009480                ReservedFilename::~ReservedFilename()
                0x00000000c00094a7                KeGetFileFromDescriptor(int)
 .text          0x00000000c00095a4     0x1218 core/virtmgr.32
                0x00000000c00095a4                Virt::setPageState(unsigned long, Virt::VirtPageState)
                0x00000000c00095de                Virt::getPageState(unsigned long)
                0x00000000c0009601                Virt::allocateKernelVirtualPages(int)
                0x00000000c0009726                Virt::freeSwapfilePage(unsigned long)
                0x00000000c0009749                Virt::swapIDToSector(unsigned long)
                0x00000000c000975f                Virt::allocateSwapfilePage()
                0x00000000c00097df                Virt::virtualMemorySetup()
                0x00000000c0009830                Virt::setupPageSwapping(int)
                0x00000000c00098a2                VAS::setCPUSpecific(unsigned long)
                0x00000000c00098a4                VAS::VAS(VAS*)
                0x00000000c00098a4                VAS::VAS(VAS*)
                0x00000000c00098d2                VAS::getForeignPageTableEntry(bool, unsigned long)
                0x00000000c0009900                VAS::getPageTableEntry(unsigned long)
                0x00000000c000991f                Virt::freeKernelVirtualPages(unsigned long)
                0x00000000c0009a5c                VAS::freeAllocatedPages(unsigned long)
                0x00000000c0009a80                VAS::virtualToPhysical(unsigned long)
                0x00000000c0009a9a                VAS::reflagRange(unsigned long, int, unsigned long, unsigned long)
                0x00000000c0009adc                VAS::VAS()
                0x00000000c0009adc                VAS::VAS()
                0x00000000c0009b46                VAS::setToWriteCombining(unsigned long, int)
                0x00000000c0009b7a                VAS::mapOtherVASIn(bool, VAS*)
                0x00000000c0009ba6                VAS::~VAS()
                0x00000000c0009ba6                VAS::~VAS()
                0x00000000c0009d14                VAS::mapPage(unsigned long, unsigned long, int)
                0x00000000c0009e18                VAS::allocatePages(int, int)
                0x00000000c0009f0e                VAS::mapRange(unsigned long, unsigned long, int, int)
                0x00000000c0009f66                VAS::mapForeignPage(bool, VAS*, unsigned long, unsigned long, int)
                0x00000000c000a05c                VAS::VAS(bool)
                0x00000000c000a05c                VAS::VAS(bool)
                0x00000000c000a2a6                VAS::evict(unsigned long)
                0x00000000c000a384                VAS::tryLoadBackOffDisk(unsigned long)
                0x00000000c000a51e                VAS::allocateSharedMemoryWithKernel(unsigned long, unsigned long*)
                0x00000000c000a592                VAS::freeSharedMemoryWithKernel(unsigned long, unsigned long)
                0x00000000c000a5be                VAS::scanForEviction()
                0x00000000c000a6c1                mapVASFirstTime
 .text          0x00000000c000a7bc       0x5f coreobjs/c++.32
                0x00000000c000a7bc                __cxa_atexit
                0x00000000c000a7bf                __cxa_finalize
                0x00000000c000a7c0                __stack_chk_fail
                0x00000000c000a7f6                __cxa_pure_virtual
                0x00000000c000a807                operator new[](unsigned long)
                0x00000000c000a80c                operator delete(void*, unsigned long)
                0x00000000c000a811                operator delete[](void*)
                0x00000000c000a816                operator delete[](void*, unsigned long)
 .text          0x00000000c000a81b      0x254 dbg/kconsole.32
                0x00000000c000a81b                Dbg::stringifyxWithBase(unsigned int, char*, int)
                0x00000000c000a8bb                Dbg::logc(char)
                0x00000000c000a8db                Dbg::logs(char*)
                0x00000000c000a8fa                Dbg::logWriteInt(unsigned int)
                0x00000000c000a918                Dbg::logWriteIntBase(unsigned int, int)
                0x00000000c000a939                Dbg::kprintf(char const*, ...)
 *fill*         0x00000000c000aa6f        0x1 
 .text          0x00000000c000aa70      0x2d4 dbg/usban.32
                0x00000000c000aa70                KiUbsanPrintDetails(char const*, void*)
                0x00000000c000aadc                __ubsan_handle_type_mismatch_v1
                0x00000000c000abb8                __ubsan_handle_pointer_overflow
                0x00000000c000abe4                __ubsan_handle_out_of_bounds
                0x00000000c000ac10                __ubsan_handle_add_overflow
                0x00000000c000ac3c                __ubsan_handle_load_invalid_value
                0x00000000c000ac68                __ubsan_handle_divrem_overflow
                0x00000000c000ac94                __ubsan_handle_mul_overflow
                0x00000000c000acc0                __ubsan_handle_sub_overflow
                0x00000000c000acec                __ubsan_handle_shift_out_of_bounds
                0x00000000c000ad18                __ubsan_handle_negate_overflow
 .text          0x00000000c000ad44      0xc60 fs/vfs.32
                0x00000000c000ad44                File::read(unsigned long long, void*, int*)
                0x00000000c000ad9c                File::write(unsigned long long, void*, int*)
                0x00000000c000adf4                Directory::read(unsigned long long, void*, int*)
                0x00000000c000ae4c                Directory::write(unsigned long long, void*, int*)
                0x00000000c000ae7a                File::isAtty()
                0x00000000c000ae7e                Directory::isAtty()
                0x00000000c000ae82                Filesystem::getlabel(LogicalDisk*, int, char*, unsigned int*)
                0x00000000c000ae88                Filesystem::setlabel(LogicalDisk*, int, char*)
                0x00000000c000ae8e                Filesystem::allocateSwapfile(char const*, int)
                0x00000000c000ae94                File::~File()
                0x00000000c000ae94                File::~File()
                0x00000000c000aeb8                File::~File()
                0x00000000c000aee2                Directory::~Directory()
                0x00000000c000aee2                Directory::~Directory()
                0x00000000c000af06                Directory::~Directory()
                0x00000000c000af30                Filesystem::Filesystem()
                0x00000000c000af30                Filesystem::Filesystem()
                0x00000000c000af54                Filesystem::~Filesystem()
                0x00000000c000af54                Filesystem::~Filesystem()
                0x00000000c000af62                Filesystem::~Filesystem()
                0x00000000c000af86                Fs::getcwd(Process*, char*, int)
                0x00000000c000afb0                Fs::initVFS()
                0x00000000c000afda                Fs::standardiseFiles(char*, char const*, char const*)
                0x00000000c000b190                File::File(char const*, Process*)
                0x00000000c000b190                File::File(char const*, Process*)
                0x00000000c000b24c                File::open(FileOpenMode)
                0x00000000c000b2aa                File::close()
                0x00000000c000b30a                File::seek(unsigned long long)
                0x00000000c000b360                File::tell(unsigned long long*)
                0x00000000c000b3b0                File::rewind()
                0x00000000c000b3c4                File::unlink()
                0x00000000c000b410                File::rename(char const*)
                0x00000000c000b45e                File::chfatattr(unsigned char, unsigned char)
                0x00000000c000b4ba                File::exists()
                0x00000000c000b4f8                File::stat(unsigned long long*, bool*)
                0x00000000c000b559                Fs::setcwd(Process*, char*)
                0x00000000c000b6b6                Directory::Directory(char const*, Process*)
                0x00000000c000b6b6                Directory::Directory(char const*, Process*)
                0x00000000c000b772                Directory::open()
                0x00000000c000b7ce                Directory::close()
                0x00000000c000b82e                Directory::unlink()
                0x00000000c000b87a                Directory::rename(char const*)
                0x00000000c000b8c8                Directory::exists()
                0x00000000c000b906                Directory::read(dirent*)
                0x00000000c000b952                Directory::create()
                0x00000000c000b99e                Filesystem::chfatattr(char const*, unsigned char, unsigned char)
 .text          0x00000000c000b9a4       0x86 hal/bus.32
                0x00000000c000b9a4                Bus::Bus(char const*)
                0x00000000c000b9a4                Bus::Bus(char const*)
                0x00000000c000b9dc                Bus::~Bus()
                0x00000000c000b9dc                Bus::~Bus()
                0x00000000c000ba00                Bus::~Bus()
 .text          0x00000000c000ba2a       0x96 hal/buzzer.32
                0x00000000c000ba2a                beepThread(void*)
                0x00000000c000ba67                Krnl::beep(int, int, bool)
 .text          0x00000000c000bac0      0x45f hal/clock.32
                0x00000000c000bac0                User::loadClockSettings(int)
                0x00000000c000bb12                Clock::Clock(char const*)
                0x00000000c000bb12                Clock::Clock(char const*)
                0x00000000c000bb48                Clock::~Clock()
                0x00000000c000bb48                Clock::~Clock()
                0x00000000c000bb6c                Clock::~Clock()
                0x00000000c000bb96                Clock::timeInSecondsLocal()
                0x00000000c000bbde                Clock::setTimeInSecondsLocal(unsigned long long)
                0x00000000c000bc37                datetimeToSeconds(datetime_t)
                0x00000000c000bd56                Clock::setTimeInDatetimeLocal(datetime_t)
                0x00000000c000bdb6                secondsToDatetime(unsigned long long)
                0x00000000c000befa                Clock::timeInDatetimeLocal()
 *fill*         0x00000000c000bf1f        0x1 
 .text          0x00000000c000bf20      0x464 hal/device.32
                0x00000000c000bf20                Device::hibernate()
                0x00000000c000bf22                Device::wake()
                0x00000000c000bf24                Device::detect()
                0x00000000c000bf26                Device::disableLegacy()
                0x00000000c000bf28                Device::powerSaving(PowerSavingLevel)
                0x00000000c000bf2a                DriverlessDevice::close(int, int, void*)
                0x00000000c000bf2e                DriverlessDevice::detect()
                0x00000000c000bf30                DriverlessDevice::open(int, int, void*)
                0x00000000c000bf44                Device::~Device()
                0x00000000c000bf44                Device::~Device()
                0x00000000c000bf52                Device::~Device()
                0x00000000c000bf7a                Device::findAndLoadDriver()
                0x00000000c000bf88                Device::preOpenPCI(PCIDeviceInfo)
                0x00000000c000bfae                Device::preOpenACPI(void*, char*, char*)
                0x00000000c000bfee                Device::addIRQHandler(int, void (*)(regs*, void*), bool, void*)
                0x00000000c000c018                Device::getParent()
                0x00000000c000c024                Device::removeIRQHandler(int, void (*)(regs*, void*), bool)
                0x00000000c000c042                Device::addChild(Device*)
                0x00000000c000c086                Device::removeAllChildren()
                0x00000000c000c0cc                Device::hibernateAll()
                0x00000000c000c0fc                Device::wakeAll()
                0x00000000c000c12c                Device::detectAll()
                0x00000000c000c15c                Device::disableLegacyAll()
                0x00000000c000c15e                Device::loadDriversForAll()
                0x00000000c000c160                Device::closeAll()
                0x00000000c000c196                Device::powerSavingAll(PowerSavingLevel)
                0x00000000c000c1cc                Device::setName(char const*)
                0x00000000c000c1da                Device::Device(char const*)
                0x00000000c000c1da                Device::Device(char const*)
                0x00000000c000c2d6                Device::getName()
                0x00000000c000c2e0                DriverlessDevice::DriverlessDevice(char const*)
                0x00000000c000c2e0                DriverlessDevice::DriverlessDevice(char const*)
                0x00000000c000c316                Device::addToLinkedList(LinkedList<Device>&, DeviceType)
                0x00000000c000c35a                getDevicesOfType(DeviceType)
 .text          0x00000000c000c384       0x86 hal/diskctrl.32
                0x00000000c000c384                HardDiskController::HardDiskController(char const*)
                0x00000000c000c384                HardDiskController::HardDiskController(char const*)
                0x00000000c000c3bc                HardDiskController::~HardDiskController()
                0x00000000c000c3bc                HardDiskController::~HardDiskController()
                0x00000000c000c3e0                HardDiskController::~HardDiskController()
 .text          0x00000000c000c40a       0xe2 hal/diskphys.32
                0x00000000c000c40a                PhysicalDisk::eject()
                0x00000000c000c40e                PhysicalDisk::PhysicalDisk(char const*, int)
                0x00000000c000c40e                PhysicalDisk::PhysicalDisk(char const*, int)
                0x00000000c000c476                PhysicalDisk::startCache()
                0x00000000c000c49e                PhysicalDisk::~PhysicalDisk()
                0x00000000c000c49e                PhysicalDisk::~PhysicalDisk()
                0x00000000c000c4c2                PhysicalDisk::~PhysicalDisk()
 .text          0x00000000c000c4ec        0x0 hal/fpu.32
 .text          0x00000000c000c4ec      0x359 hal/intctrl.32
                0x00000000c000c4ec                int_handler
                0x00000000c000c576                installISRHandler(int, void (*)(regs*, void*), void*)
                0x00000000c000c5c0                installIRQHandler(int, void (*)(regs*, void*), bool, void*)
                0x00000000c000c6f4                uninstallISRHandler(int, void (*)(regs*, void*))
                0x00000000c000c728                uninstallIRQHandler(int, void (*)(regs*, void*), bool)
                0x00000000c000c7a6                setupINTS()
                0x00000000c000c803                convertLegacyIRQNumber(int)
 *fill*         0x00000000c000c845        0x1 
 .text          0x00000000c000c846      0x8be hal/keybrd.32
                0x00000000c000c846                startGUI(void*)
                0x00000000c000c8b4                startGUIVESA(void*)
                0x00000000c000c922                sendKeyToTerminal(unsigned char)
                0x00000000c000c9fd                sendKeyboardToken(KeyboardToken)
                0x00000000c000cee7                clearInternalKeybuffer(VgaText*)
                0x00000000c000cf1c                readKeyboard(VgaText*, char*, unsigned long)
                0x00000000c000d07a                Keyboard::Keyboard(char const*)
                0x00000000c000d07a                Keyboard::Keyboard(char const*)
                0x00000000c000d0b6                Keyboard::~Keyboard()
                0x00000000c000d0b6                Keyboard::~Keyboard()
                0x00000000c000d0da                Keyboard::~Keyboard()
 .text          0x00000000c000d104      0x3f8 hal/logidisk.32
                0x00000000c000d104                LogicalDisk::close(int, int, void*)
                0x00000000c000d108                LogicalDisk::~LogicalDisk()
                0x00000000c000d108                LogicalDisk::~LogicalDisk()
                0x00000000c000d12c                LogicalDisk::~LogicalDisk()
                0x00000000c000d156                LogicalDisk::open(int, int, void*)
                0x00000000c000d16a                LogicalDisk::absoluteToRelative(unsigned long long)
                0x00000000c000d1a2                LogicalDisk::relativeToAbsolute(unsigned long long)
                0x00000000c000d1e8                LogicalDisk::LogicalDisk(char const*, PhysicalDisk*, unsigned long long, unsigned long long)
                0x00000000c000d1e8                LogicalDisk::LogicalDisk(char const*, PhysicalDisk*, unsigned long long, unsigned long long)
                0x00000000c000d2a8                LogicalDisk::assignDriveLetter()
                0x00000000c000d362                LogicalDisk::mount()
                0x00000000c000d3aa                LogicalDisk::unmount()
                0x00000000c000d3ba                LogicalDisk::eject()
                0x00000000c000d3ce                LogicalDisk::unassignDriveLetter()
                0x00000000c000d424                LogicalDisk::read(unsigned long long, int, void*)
                0x00000000c000d490                LogicalDisk::write(unsigned long long, int, void*)
 .text          0x00000000c000d4fc       0x86 hal/mouse.32
                0x00000000c000d4fc                Mouse::Mouse(char const*)
                0x00000000c000d4fc                Mouse::Mouse(char const*)
                0x00000000c000d534                Mouse::~Mouse()
                0x00000000c000d534                Mouse::~Mouse()
                0x00000000c000d558                Mouse::~Mouse()
 .text          0x00000000c000d582       0x90 hal/nic.32
                0x00000000c000d582                NIC::getMAC()
                0x00000000c000d588                NIC::write(int, unsigned char*, int*)
                0x00000000c000d58e                NIC::NIC(char const*)
                0x00000000c000d58e                NIC::NIC(char const*)
                0x00000000c000d5c4                NIC::~NIC()
                0x00000000c000d5c4                NIC::~NIC()
                0x00000000c000d5e8                NIC::~NIC()
 .text          0x00000000c000d612      0x33b hal/partition.32
                0x00000000c000d612                makePartition(PhysicalDisk*, unsigned long long, unsigned long long)
                0x00000000c000d6ba                createPartitionsForDisk(PhysicalDisk*)
 *fill*         0x00000000c000d94d        0x3 
 .text          0x00000000c000d950       0x86 hal/serial.32
                0x00000000c000d950                Serial::Serial(char const*)
                0x00000000c000d950                Serial::Serial(char const*)
                0x00000000c000d988                Serial::~Serial()
                0x00000000c000d988                Serial::~Serial()
                0x00000000c000d9ac                Serial::~Serial()
 *fill*         0x00000000c000d9d6        0x2 
 .text          0x00000000c000d9d8      0x234 hal/timer.32
                0x00000000c000d9d8                Timer::Timer(char const*)
                0x00000000c000d9d8                Timer::Timer(char const*)
                0x00000000c000da10                Timer::~Timer()
                0x00000000c000da10                Timer::~Timer()
                0x00000000c000da34                Timer::~Timer()
                0x00000000c000da5e                Timer::read()
                0x00000000c000da69                setupTimer(int)
                0x00000000c000daa4                timerHandler(unsigned int)
 .text          0x00000000c000dc0c      0x444 hal/vcache.32
                0x00000000c000dc0c                VCache::VCache(PhysicalDisk*)
                0x00000000c000dc0c                VCache::VCache(PhysicalDisk*)
                0x00000000c000dd7c                VCache::invalidateReadBuffer()
                0x00000000c000dd8c                VCache::writeWriteBuffer()
                0x00000000c000ddd8                VCache::~VCache()
                0x00000000c000ddd8                VCache::~VCache()
                0x00000000c000de30                VCache::~VCache()
                0x00000000c000de58                VCache::write(unsigned long long, int, void*)
                0x00000000c000df46                VCache::read(unsigned long long, int, void*)
 .text          0x00000000c000e050      0x4c7 hal/video.32
                0x00000000c000e050                Video::putrect(int, int, int, int, unsigned int)
                0x00000000c000e09c                Video::bitblit(int, int, int, int, int, int, int, unsigned int*)
                0x00000000c000e10c                Video::blit(unsigned int*, int, int, int, int)
                0x00000000c000e18a                Video::clearScreen(unsigned int)
                0x00000000c000e1be                Video::putpixel(int, int, unsigned int)
                0x00000000c000e1cc                Video::readPixelApprox(int, int)
                0x00000000c000e1e0                Video::Video(char const*)
                0x00000000c000e1e0                Video::Video(char const*)
                0x00000000c000e216                Video::~Video()
                0x00000000c000e216                Video::~Video()
                0x00000000c000e23a                Video::~Video()
                0x00000000c000e264                Video::isMonochrome()
                0x00000000c000e270                Video::getWidth()
                0x00000000c000e27c                Video::getHeight()
                0x00000000c000e288                Video::drawCursor(int, int, unsigned int*, int)
                0x00000000c000e344                Video::tgaParse(unsigned char*, int, int*, int*)
                0x00000000c000e4ac                Video::putTGA(int, int, unsigned char*, int)
 *fill*         0x00000000c000e517        0x1 
 .text          0x00000000c000e518     0x138b hw/acpi.32
                0x00000000c000e518                ACPI::close(int, int, void*)
                0x00000000c000e5cc                findRSDP()
                0x00000000c000e664                loadACPITables(unsigned char*)
                0x00000000c000e8d0                findRSDT(unsigned char*)
                0x00000000c000ea28                findDataTable(unsigned char*, char*)
                0x00000000c000eaa8                scanMADT()
                0x00000000c000ef60                ACPI::ACPI()
                0x00000000c000ef60                ACPI::ACPI()
                0x00000000c000efb4                ACPI::getPCIIRQAssignment(unsigned char, unsigned short, unsigned char)
                0x00000000c000f0b0                ACPI::registerPCIIRQAssignment(void*, unsigned short, unsigned char, unsigned char)
                0x00000000c000f17c                ACPI::setScreenBrightnessLevel(void*, int)
                0x00000000c000f184                ACPI::detectPCI()
                0x00000000c000f3a4                ACPI::writeSimpleBootFlag(SimpleBootFlagTable*)
                0x00000000c000f3ec                ACPI::sleep()
                0x00000000c000f408                ACPI::open(int, int, void*)
 *fill*         0x00000000c000f8a3        0x1 
 .text          0x00000000c000f8a4      0xbc5 hw/cpu.32
                0x00000000c000f8a4                CPU::close(int, int, void*)
                0x00000000c000f8a8                CPU::AMD_K6_write_msr(unsigned int, unsigned int, unsigned int, CPU::REGS*)
                0x00000000c000f8c4                CPU::AMD_K6_read_msr(unsigned int, CPU::REGS*)
                0x00000000c000f8dc                CPU::AMD_K6_writeback(int, int, int)
                0x00000000c000f950                CPU::cpuid(int, unsigned long*, unsigned long*, unsigned long*, unsigned long*)
                0x00000000c000f9d4                CPU::cpuidCheckEDX(unsigned int)
                0x00000000c000fa02                CPU::cpuidCheckECX(unsigned int)
                0x00000000c000fa30                CPU::cpuidCheckExtendedEBX(unsigned int)
                0x00000000c000fa5e                CPU::cpuidCheckExtendedECX(unsigned int)
                0x00000000c000fa8c                CPU::CPU()
                0x00000000c000fa8c                CPU::CPU()
                0x00000000c000fb1a                CPU::displayFeatures()
                0x00000000c000fb1c                CPU::detectFeatures()
                0x00000000c00101f0                CPU::setupSMEP()
                0x00000000c00101fc                CPU::setupUMIP()
                0x00000000c0010206                CPU::setupTSC()
                0x00000000c0010210                CPU::setupLargePages()
                0x00000000c001021a                CPU::setupPAT()
                0x00000000c0010256                CPU::setupMTRR()
                0x00000000c0010258                CPU::setupGlobalPages()
                0x00000000c0010262                CPU::allowUsermodeDataAccess()
                0x00000000c0010274                CPU::prohibitUsermodeDataAccess()
                0x00000000c0010286                CPU::setupSMAP()
                0x00000000c0010294                CPU::setupFeatures()
                0x00000000c0010360                CPU::open(int, int, void*)
 .text          0x00000000c0010469       0xdf krnl/bootmsg.32
                0x00000000c0010469                KeDisplaySplashScreen()
                0x00000000c00104e5                KeSetBootMessage(char const*)
 .text          0x00000000c0010548       0x1d krnl/compat.32
                0x00000000c0010548                Krnl::handlePowerButton()
                0x00000000c0010558                Krnl::handleSleepButton()
 *fill*         0x00000000c0010565        0x1 
 .text          0x00000000c0010566      0x5bf krnl/env.32
                0x00000000c0010566                EnvVarContainer::getEnv(char const*)
                0x00000000c00105a4                EnvVarContainer::setEnv(char const*, char const*)
                0x00000000c0010666                EnvVarContainer::deleteEnv(char const*)
                0x00000000c0010668                EnvVarContainer::loadFrom(char const*, char const*)
                0x00000000c001088c                EnvVarContainer::__loadSystem()
                0x00000000c00108a6                EnvVarContainer::__loadUser()
                0x00000000c00108a8                EnvVarContainer::EnvVarContainer(Process*)
                0x00000000c00108a8                EnvVarContainer::EnvVarContainer(Process*)
                0x00000000c00108ca                EnvVarContainer::~EnvVarContainer()
                0x00000000c00108ca                EnvVarContainer::~EnvVarContainer()
                0x00000000c00108fa                KeGetEnv(Process*, char const*)
                0x00000000c001095f                KeSetEnvSystem(char const*, char const*)
                0x00000000c0010979                KeSetEnvUser(char const*, char const*)
                0x00000000c0010998                KeSetEnvProcess(Process*, char const*, char const*)
                0x00000000c00109ab                KeDeleteEnvSystem(char const*)
                0x00000000c00109ac                KeDeleteEnvUser(char const*)
                0x00000000c00109ad                KeDeleteEnvProcess(Process*, char const*)
                0x00000000c00109ae                KeNewProcessEnv(Process*)
                0x00000000c00109d0                KeCopyProcessEnv(Process*, Process*)
                0x00000000c0010a1c                KeLoadSystemEnv()
                0x00000000c0010a4a                KeLoadUserEnv()
                0x00000000c0010a70                KeFlushEnv()
                0x00000000c0010a71                KeGetProcessTotalEnvCount(Process*)
                0x00000000c0010a91                KeGetProcessEnvPair(Process*, int)
 .text          0x00000000c0010b25       0x94 krnl/inlines.32
                0x00000000c0010b25                CPU::current()
                0x00000000c0010b31                operator new(unsigned long)
                0x00000000c0010b36                operator delete(void*)
                0x00000000c0010b3b                disableIRQs()
                0x00000000c0010b3d                enableIRQs()
                0x00000000c0010b3f                lockScheduler()
                0x00000000c0010b47                unlockScheduler()
                0x00000000c0010b56                lockStuff()
                0x00000000c0010b64                unlockStuff()
                0x00000000c0010b9e                Virt::getAKernelVAS()
                0x00000000c0010ba4                __not_memcpy
 .text          0x00000000c0010bb9        0xc krnl/panic.32
                0x00000000c0010bb9                KePanic(char const*)
 .text          0x00000000c0010bc5      0x142 krnl/powctrl.32
                0x00000000c0010bc5                KePowerThread(void*)
                0x00000000c0010bf3                KeChangePowerSettings(PowerSettings)
                0x00000000c0010c09                KeUserIOReceived()
                0x00000000c0010c14                KeHandlePowerButton()
                0x00000000c0010c49                KeHandleSleepButton()
                0x00000000c0010c7e                KeSetupPowerManager()
 .text          0x00000000c0010d07       0x9d krnl/random.32
                0x00000000c0010d07                KeRand()
                0x00000000c0010d49                KeSeedRand(unsigned int)
                0x00000000c0010d72                KeInitRand()
 .text          0x00000000c0010da4      0x1bc krnl/resolve.32
                0x00000000c0010da4                KeResolveCompatibilitySymbol(char*)
 .text          0x00000000c0010f60      0x322 krnl/signal.32
                0x00000000c0010f60                KiSigKill(int)
                0x00000000c0010f74                KiDefaultSignalHandlerIgnore(int)
                0x00000000c0010f75                KiDefaultSignalHandlerPause(int)
                0x00000000c0010fa1                KiDefaultSignalHandlerResume(int)
                0x00000000c0010fcd                KeDeinitSignals(SigHandlerBlock*)
                0x00000000c0010fd2                KeInitSignals()
                0x00000000c0011024                KeRegisterSignalHandler(SigHandlerBlock*, int, void (*)(int), unsigned int, int)
                0x00000000c001105a                KeRaiseSignal(SigHandlerBlock*, int)
                0x00000000c00110d7                KeCheckSignal(SigHandlerBlock*, int*)
                0x00000000c00111ce                KiCheckSignalZ
                0x00000000c0011210                KeCompleteSignal(SigHandlerBlock*, int)
                0x00000000c001124b                KiFinishSignalZ
 .text          0x00000000c0011282      0xc61 krnl/syscalls.32
                0x00000000c0011282                SysSeekDir(regs*)
                0x00000000c0011287                SysTellDir(regs*)
                0x00000000c001128c                SysVerify(regs*)
                0x00000000c0011296                SysGetArgc(regs*)
                0x00000000c00112aa                SysTTYName(regs*)
                0x00000000c00112b2                SysFormatDisk(regs*)
                0x00000000c0011329                SysSetDiskVolumeLabel(regs*)
                0x00000000c001137d                SysGetDiskVolumeLabel(regs*)
                0x00000000c00113d6                SysShutdown(regs*)
                0x00000000c0011434                SysRealpath(regs*)
                0x00000000c0011479                SysReadDir(regs*)
                0x00000000c00114f9                SysIsATTY(regs*)
                0x00000000c0011553                SysSeek(regs*)
                0x00000000c00115aa                SysTell(regs*)
                0x00000000c0011617                SysSize(regs*)
                0x00000000c001168a                SysSizeFromFilename(regs*)
                0x00000000c001173b                SysClose(regs*)
                0x00000000c001179b                SysOpenDir(regs*)
                0x00000000c0011818                SysMakeDir(regs*)
                0x00000000c0011886                SysCloseDir(regs*)
                0x00000000c00118da                SysWait(regs*)
                0x00000000c00118fb                SysNotImpl(regs*)
                0x00000000c0011916                SysPanic(regs*)
                0x00000000c0011931                SysRmdir(regs*)
                0x00000000c0011996                SysUnlink(regs*)
                0x00000000c00119fb                SysGetArgv(regs*)
                0x00000000c0011a48                SysUSleep(regs*)
                0x00000000c0011a71                SysSpawn(regs*)
                0x00000000c0011ae4                SysGetEnv(regs*)
                0x00000000c0011b95                SysSetFatAttrib(regs*)
                0x00000000c0011c08                SysPipe(regs*)
                0x00000000c0011c4d                SysGetUnixTime(regs*)
                0x00000000c0011c61                string_ends_with(char const*, char const*)
                0x00000000c0011ca9                SysOpen(regs*)
                0x00000000c0011ea1                KeSystemCall(regs*, void*)
 *fill*         0x00000000c0011ee3        0x1 
 .text          0x00000000c0011ee4      0x159 net/ethernet.32
                0x00000000c0011ee4                KeSwitchEndian16(unsigned short)
                0x00000000c0011f08                KeSwitchEndian32(unsigned int)
                0x00000000c0011f38                EthernetCRC32(unsigned char*, int)
                0x00000000c0011fdc                EthernetReceivedPacket(EthernetUnwrappedFrame*, unsigned short)
 .text          0x00000000c001203d      0xd56 reg/cm.32
                0x00000000c001203d                CmOpen(char const*)
                0x00000000c001215b                CmClose(Reghive_Tag*)
                0x00000000c0012171                CmReadExtent(Reghive_Tag*, int, unsigned char*)
                0x00000000c00121ad                CmGetString(Reghive_Tag*, int, char*)
                0x00000000c0012224                CmEnterDirectory(Reghive_Tag*, int)
                0x00000000c0012263                CmGetNext(Reghive_Tag*, int)
                0x00000000c0012295                CmWriteExtent(Reghive_Tag*, int, unsigned char*)
                0x00000000c00122d1                CmFreeExtent(Reghive_Tag*, int)
                0x00000000c00122f9                CmUpdateHeader(Reghive_Tag*)
                0x00000000c001231a                CmExpand(Reghive_Tag*, int)
                0x00000000c0012395                CmFindUnusedExtent(Reghive_Tag*)
                0x00000000c001241b                CmCreateExtent(Reghive_Tag*, int, int, unsigned char*)
                0x00000000c001250f                CmSetString(Reghive_Tag*, int, char const*)
                0x00000000c001264b                CmGetMatch(char*, char*, bool, bool*)
                0x00000000c00126ac                CmAddShift(unsigned int*, int*, unsigned char, int)
                0x00000000c00126dc                CmGetShift(unsigned int*, int*, int, bool*)
                0x00000000c0012713                CmGetInteger(Reghive_Tag*, int, unsigned long long*)
                0x00000000c001273d                CmSetInteger(Reghive_Tag*, int, unsigned long long)
                0x00000000c001277d                CmConvertFromInternalFilename(unsigned char const*, char*)
                0x00000000c0012821                CmGetNameAndTypeFromExtent(Reghive_Tag*, int, char*)
                0x00000000c001284f                CmConvertToInternalFilename(char const*, unsigned char*)
                0x00000000c00129ed                CmCreateString(Reghive_Tag*, int, char const*)
                0x00000000c0012a3a                CmFindInDirectory(Reghive_Tag*, int, char const*)
                0x00000000c0012ab4                CmCreateInteger(Reghive_Tag*, int, char const*, unsigned long long, int)
                0x00000000c0012b07                CmCreateDirectory(Reghive_Tag*, int, char const*)
                0x00000000c0012bcb                zStrtok(char*, char const*)
                0x00000000c0012c3d                CmFindObjectFromPath(Reghive_Tag*, char const*)
                0x00000000c0012cbe                CmDisplayTree(Reghive_Tag*, int, int)
                0x00000000c0012d61                CmSplitFinalSlashInPlace(char*)
 .text          0x00000000c0012d93      0x52a reg/registry.32
                0x00000000c0012d93                Reg::findLineFromLoadedData(char*, char*, char*)
                0x00000000c0012f04                Reg::getLineFromRegistry(char*, char*, char*, char*)
                0x00000000c0013059                Reg::getLine(char*, char*, char*)
                0x00000000c0013090                Reg::readInt(char*, char*, int*)
                0x00000000c001317e                Reg::readString(char*, char*, char*, int)
                0x00000000c00131ff                Reg::readBool(char*, char*, bool*)
                0x00000000c0013224                Reg::readBoolWithDefault(char*, char*, bool)
                0x00000000c0013250                Reg::readIntWithDefault(char*, char*, int)
                0x00000000c001327c                Reg::readStringWithDefault(char*, char*, char*, int, char*)
 .text          0x00000000c00132bd       0x36 sys/eject.32
                0x00000000c00132bd                SysEject(regs*)
 .text          0x00000000c00132f3       0x18 sys/exit.32
                0x00000000c00132f3                SysExit(regs*)
 .text          0x00000000c001330b       0x1f sys/getcwd.32
                0x00000000c001330b                SysGetCwd(regs*)
 .text          0x00000000c001332a        0xc sys/getpid.32
                0x00000000c001332a                SysGetPID(regs*)
 .text          0x00000000c0013336       0x1a sys/getramdata.32
                0x00000000c0013336                SysGetRAMData(regs*)
 .text          0x00000000c0013350       0x82 sys/getvgaptr.32
                0x00000000c0013350                SysGetVGAPtr(regs*)
 *fill*         0x00000000c00133d2        0x2 
 .text          0x00000000c00133d4       0xb9 sys/kill.32
                0x00000000c00133d4                SysKill(regs*)
 .text          0x00000000c001348d       0xa8 sys/loaddll.32
                0x00000000c001348d                SysLoadDLL(regs*)
 .text          0x00000000c0013535       0x68 sys/read.32
                0x00000000c0013535                SysRead(regs*)
 .text          0x00000000c001359d       0x29 sys/registersignal.32
                0x00000000c001359d                SysRegisterSignal(regs*)
 .text          0x00000000c00135c6      0x19c sys/registry.32
                0x00000000c00135c6                SysRegistryGetTypeFromPath(regs*)
                0x00000000c001363d                SysRegistryReadExtent(regs*)
                0x00000000c0013685                SysRegistryPathToExtentLookup(regs*)
                0x00000000c00136ad                SysRegistryEnterDirectory(regs*)
                0x00000000c00136d5                SysRegistryGetNext(regs*)
                0x00000000c00136fd                SysRegistryGetNameAndTypeFromExtent(regs*)
                0x00000000c0013737                SysRegistryOpen(regs*)
                0x00000000c001374b                SysRegistryClose(regs*)
 .text          0x00000000c0013762       0x55 sys/sbrk.32
                0x00000000c0013762                SysSbrk(regs*)
 .text          0x00000000c00137b7       0x1c sys/setcwd.32
                0x00000000c00137b7                SysSetCwd(regs*)
 .text          0x00000000c00137d3       0x96 sys/settime.32
                0x00000000c00137d3                SysSetTime(regs*)
 .text          0x00000000c0013869       0x4a sys/timezone.32
                0x00000000c0013869                SysTimezone(regs*)
 .text          0x00000000c00138b3       0x68 sys/write.32
                0x00000000c00138b3                SysWrite(regs*)
 .text          0x00000000c001391b       0x62 sys/wsbe.32
                0x00000000c001391b                SysWsbe(regs*)
 .text          0x00000000c001397d       0x25 sys/yield.32
                0x00000000c001397d                SysYield(regs*)
 .text          0x00000000c00139a2     0x1268 thr/elf.32
                0x00000000c00139a2                Thr::allocateMemoryForTask(Process*, File*, unsigned long, unsigned long, unsigned long)
                0x00000000c0013c30                Thr::loadProgramIntoMemory(Process*, char const*)
                0x00000000c0013e42                Thr::runtimeReferenceHelper()
                0x00000000c0013e55                Thr::getAddressOfKernelSymbol(char const*)
                0x00000000c0013ea4                Thr::loadKernelSymbolTable(char const*)
                0x00000000c0014162                Thr::loadDriverIntoMemory(char const*, unsigned long, bool)
                0x00000000c001491d                Thr::getDriverBaseFromAddress(unsigned long)
                0x00000000c001494f                Thr::getDriverNameFromAddress(unsigned long)
                0x00000000c0014986                Thr::getDriverOffsetFromAddress(unsigned long)
                0x00000000c00149a0                Thr::loadDLL(char const*, bool)
                0x00000000c0014bd1                Thr::executeDLL(unsigned long, void*)
 *fill*         0x00000000c0014c0a        0x2 
 .text          0x00000000c0014c0c     0x13d9 thr/prcssthr.32
                0x00000000c0014c0c                userModeEntryPoint(void*)
                0x00000000c0014c34                changeTSS
                0x00000000c0014c64                switchToThread(ThreadControlBlock*)
                0x00000000c0014d14                Process::addArgs(char**)
                0x00000000c0014d80                Process::Process(char const*, Process*, char**)
                0x00000000c0014d80                Process::Process(char const*, Process*, char**)
                0x00000000c0014f8c                Process::Process(bool, char const*, Process*, char**)
                0x00000000c0014f8c                Process::Process(bool, char const*, Process*, char**)
                0x00000000c0015160                taskStartupFunction
                0x00000000c001516c                Semaphore::Semaphore(int)
                0x00000000c001516c                Semaphore::Semaphore(int)
                0x00000000c001519c                Mutex::Mutex()
                0x00000000c001519c                Mutex::Mutex()
                0x00000000c00151b0                Process::createThread(void (*)(void*), void*, int)
                0x00000000c00152bc                Process::createUserThread()
                0x00000000c00152dc                setupMultitasking(void (*)())
                0x00000000c0015400                schedule()
                0x00000000c0015494                Semaphore::tryAcquire()
                0x00000000c0015568                Semaphore::assertLocked(char const*)
                0x00000000c00155ec                blockTaskWithSchedulerLockAlreadyHeld(TaskState)
                0x00000000c0015614                blockTask(TaskState)
                0x00000000c001564c                waitTask(int, int*, int)
                0x00000000c0015690                milliTenthSleepUntil(unsigned int)
                0x00000000c0015730                milliTenthSleep(unsigned int)
                0x00000000c0015744                sleep(unsigned int)
                0x00000000c0015760                Semaphore::acquire()
                0x00000000c0015828                taskReturned
                0x00000000c001586c                Thr::processFromPID(int)
                0x00000000c0015918                unblockTask(ThreadControlBlock*)
                0x00000000c00159c4                cleanupTerminatedTask(ThreadControlBlock*)
                0x00000000c0015c98                cleanerTaskFunction(void*)
                0x00000000c0015da0                terminateTask(int)
                0x00000000c0015e8c                Thr::terminateFromIRQ(int)
                0x00000000c0015e9c                Semaphore::release()
 .text          0x00000000c0015fe5      0xc27 vm86/vm8086.32
                0x00000000c0015fe5                Vm::inbv(unsigned short)
                0x00000000c0015ff8                Vm::outbv(unsigned short, unsigned char)
                0x00000000c001602e                Vm::realToLinear(unsigned short, unsigned short)
                0x00000000c001603e                Vm::getSegment(unsigned int)
                0x00000000c0016046                Vm::getOffset(unsigned int)
                0x00000000c001604b                Vm::mainloop2()
                0x00000000c0016085                Vm::mainVm8086Loop(void*)
                0x00000000c0016095                Vm::mainloop3(unsigned long)
                0x00000000c00160bb                Vm::initialise8086()
                0x00000000c00160fe                Vm::finish8086()
                0x00000000c001615f                Vm::getOutput8086(unsigned char*)
                0x00000000c0016184                Vm::start8086FromBuffer(unsigned char*, int, unsigned short, unsigned short, unsigned short, unsigned short)
                0x00000000c001623d                Vm::start8086(char const*, unsigned short, unsigned short, unsigned short, unsigned short)
                0x00000000c00163db                Vm::doISR(regs*, int, unsigned char*, unsigned short, unsigned short)
                0x00000000c0016474                Vm::readByteFromReal(unsigned short, unsigned short)
                0x00000000c0016485                Vm::readWordFromReal(unsigned short, unsigned short)
                0x00000000c0016497                Vm::readDwordFromReal(unsigned short, unsigned short)
                0x00000000c00164a8                Vm::writeByteFromReal(unsigned short, unsigned short, unsigned char)
                0x00000000c00164bd                Vm::writeWordFromReal(unsigned short, unsigned short, unsigned short)
                0x00000000c00164d3                Vm::writeDwordFromReal(unsigned short, unsigned short, unsigned int)
                0x00000000c00164e8                Vm::faultHandler(regs*)
 .text          0x00000000c0016c0c      0xaf0 arch/i386/hal.32
                0x00000000c0016c0c                noCopro(unsigned long)
                0x00000000c0016c0d                nmiHandler(regs*, void*)
                0x00000000c0016c26                doubleFault(regs*, void*)
                0x00000000c0016c3f                displayDebugInfo(regs*)
                0x00000000c0016fc4                HalSystemIdle()
                0x00000000c0017040                displayProgramFault(char const*)
                0x00000000c001708c                gpFault(regs*, void*)
                0x00000000c00170f3                pgFault(regs*, void*)
                0x00000000c001717c                otherISRHandler(regs*, void*)
                0x00000000c00171b0                opcodeFault(regs*, void*)
                0x00000000c0017233                i386SaveCoprocessor(void*)
                0x00000000c0017247                i386LoadCoprocessor(void*)
                0x00000000c001725b                x87EmulHandler(regs*, void*)
                0x00000000c00172f8                HalInitialiseCoprocessor()
                0x00000000c00173a6                HalPanic(char const*)
                0x00000000c00174ba                HalQueryPerformanceCounter()
                0x00000000c00174d5                HalInitialise()
                0x00000000c001768b                HalMakeBeep(int)
                0x00000000c00176c5                HalGetRand()
                0x00000000c00176c8                HalEndOfInterrupt(int)
                0x00000000c00176f9                HalRestart()
                0x00000000c00176fa                HalShutdown()
                0x00000000c00176fb                HalSleep()
 .text          0x00000000c00176fc      0x2dc arch/i386/pic.32
                0x00000000c00176fc                picIoWait()
                0x00000000c0017704                picDisable()
                0x00000000c0017738                picGetIRQReg(int)
                0x00000000c00177b4                picOpen()
                0x00000000c0017938                picEOI(int)
 .text          0x00000000c00179d8      0x674 arch/i386/rtc.32
                0x00000000c00179d8                RTC::open(int, int, void*)
                0x00000000c00179dc                RTC::close(int, int, void*)
                0x00000000c00179e0                RTC::timeInSecondsUTC()
                0x00000000c00179f2                RTC::timeInDatetimeUTC()
                0x00000000c0017a18                RTC::setTimeInSecondsUTC(unsigned long long)
                0x00000000c0017a56                RTC::~RTC()
                0x00000000c0017a56                RTC::~RTC()
                0x00000000c0017a7a                RTC::~RTC()
                0x00000000c0017aa4                RTC::get_update_in_progress_flag()
                0x00000000c0017abe                RTC::completeRTCRefresh()
                0x00000000c0017d9e                RTC::setTimeInDatetimeUTC(datetime_t)
                0x00000000c0017f4c                rtcIRQHandler(regs*, void*)
                0x00000000c0017f92                RTC::RTC()
                0x00000000c0017f92                RTC::RTC()
 .text          0x00000000c001804c      0x1f4 arch/i386/vga.32
                0x00000000c001804c                HalConsoleScroll(int, int)
                0x00000000c0018154                HalConsoleWriteCharacter(char, int, int, int, int)
                0x00000000c00181b8                HalConsoleCursorUpdate(int, int)
 .text          0x00000000c0018240     0x1463 fs/fat/vfslink.32
                0x00000000c0018240                FAT::getName()
                0x00000000c0018248                FAT::tell(void*, unsigned long long*)
                0x00000000c0018284                FAT::stat(void*, unsigned long long*)
                0x00000000c00182c0                FAT::~FAT()
                0x00000000c00182c0                FAT::~FAT()
                0x00000000c00182e4                FAT::~FAT()
                0x00000000c001830c                FAT::getlabel(LogicalDisk*, int, char*, unsigned int*)
                0x00000000c00183b0                FAT::setlabel(LogicalDisk*, int, char*)
                0x00000000c0018474                FAT::format(LogicalDisk*, int, char const*, int)
                0x00000000c0018658                FAT::tryMount(LogicalDisk*, int)
                0x00000000c0018874                FAT::allocateSwapfile(char const*, int)
                0x00000000c0018a34                FAT::readDir(void*, unsigned long, void*, int*)
                0x00000000c0018ba4                FAT::read(void*, unsigned long, void*, int*)
                0x00000000c0018c04                FAT::write(void*, unsigned long, void*, int*)
                0x00000000c0018c64                FAT::close(void*)
                0x00000000c0018cb8                FAT::closeDir(void*)
                0x00000000c0018d0c                FAT::seek(void*, unsigned long long)
                0x00000000c0018d64                fatWrapperReadDisk
                0x00000000c0018da4                fatWrapperWriteDisk
                0x00000000c0018de4                fatWrapperIoctl
                0x00000000c0018f00                FAT::FAT()
                0x00000000c0018f00                FAT::FAT()
                0x00000000c0018f58                FAT::fixFilepath(char*)
                0x00000000c0018f98                FAT::open(char const*, void**, FileOpenMode)
                0x00000000c001910c                FAT::openDir(char const*, void**)
                0x00000000c00191bc                FAT::stat(char const*, unsigned long long*, bool*)
                0x00000000c00192b4                FAT::unlink(char const*)
                0x00000000c0019334                FAT::chfatattr(char const*, unsigned char, unsigned char)
                0x00000000c00194e8                FAT::rename(char const*, char const*)
                0x00000000c00195b4                FAT::mkdir(char const*)
                0x00000000c0019634                FAT::exists(char const*)
 *fill*         0x00000000c00196a3        0x1 
 .text          0x00000000c00196a4       0x94 fs/iso9660/helper.32
                0x00000000c00196a4                isoReadDiscSectorHelper
                0x00000000c0019700                iso_kprintf
                0x00000000c001971c                iso_kprintfd
 .text          0x00000000c0019738      0x716 fs/iso9660/vfslink.32
                0x00000000c0019738                ISO9660::format(LogicalDisk*, int, char const*, int)
                0x00000000c001973e                ISO9660::getName()
                0x00000000c0019744                ISO9660::closeDir(void*)
                0x00000000c001974e                ISO9660::chfatattr(char const*, unsigned char, unsigned char)
                0x00000000c0019754                ISO9660::unlink(char const*)
                0x00000000c001975a                ISO9660::write(void*, unsigned long, void*, int*)
                0x00000000c0019760                ISO9660::rename(char const*, char const*)
                0x00000000c0019766                ISO9660::mkdir(char const*)
                0x00000000c001976c                ISO9660::~ISO9660()
                0x00000000c001976c                ISO9660::~ISO9660()
                0x00000000c0019790                ISO9660::~ISO9660()
                0x00000000c00197b8                ISO9660::exists(char const*)
                0x00000000c00197cc                ISO9660::open(char const*, void**, FileOpenMode)
                0x00000000c00198b2                ISO9660::read(void*, unsigned long, void*, int*)
                0x00000000c00198fa                ISO9660::seek(void*, unsigned long long)
                0x00000000c001993c                ISO9660::tell(void*, unsigned long long*)
                0x00000000c001997a                ISO9660::stat(void*, unsigned long long*)
                0x00000000c00199cc                ISO9660::stat(char const*, unsigned long long*, bool*)
                0x00000000c0019b0e                ISO9660::close(void*)
                0x00000000c0019b3e                ISO9660::openDir(char const*, void**)
                0x00000000c0019c18                ISO9660::readDir(void*, unsigned long, void*, int*)
                0x00000000c0019d35                readSectorFromCDROM(unsigned int, unsigned char*, char)
                0x00000000c0019db4                ISO9660::tryMount(LogicalDisk*, int)
                0x00000000c0019e26                ISO9660::ISO9660()
                0x00000000c0019e26                ISO9660::ISO9660()
 .text          0x00000000c0019e4e      0x26c hal/sound/sndcard.32
                0x00000000c0019e4e                SoundCard::beginPlayback()
                0x00000000c0019e5c                SoundCard::stopPlayback()
                0x00000000c0019e6a                SoundCard::SoundCard(char const*)
                0x00000000c0019e6a                SoundCard::SoundCard(char const*)
                0x00000000c0019f08                SoundCard::~SoundCard()
                0x00000000c0019f08                SoundCard::~SoundCard()
                0x00000000c0019f2c                SoundCard::~SoundCard()
                0x00000000c0019f56                SoundCard::configureRates(int, int, int)
                0x00000000c0019f86                SoundCard::getSamples16(int, short*)
                0x00000000c0019fe2                SoundCard::getSamples32(int, int*)
                0x00000000c001a068                SoundCard::addChannel(SoundPort*)
                0x00000000c001a0a6                SoundCard::removeChannel(int)
 *fill*         0x00000000c001a0ba        0x2 
 .text          0x00000000c001a0bc      0x38a hal/sound/sndport.32
                0x00000000c001a0bc                SoundPort::SoundPort(int, int, int, int)
                0x00000000c001a0bc                SoundPort::SoundPort(int, int, int, int)
                0x00000000c001a148                SoundPort::~SoundPort()
                0x00000000c001a148                SoundPort::~SoundPort()
                0x00000000c001a17c                SoundPort::unpause()
                0x00000000c001a188                SoundPort::pause()
                0x00000000c001a194                SoundPort::getBufferUsed()
                0x00000000c001a19c                SoundPort::getBufferSize()
                0x00000000c001a1a4                SoundPort::buffer16(short*, int)
                0x00000000c001a230                SoundPort::buffer32(int*, int)
                0x00000000c001a2bc                SoundPort::unbufferAndAdd16(int, short*, SoundCard*)
                0x00000000c001a388                SoundPort::unbufferAndAdd32(int, int*, SoundCard*)
 .text          0x00000000c001a446        0x0 hw/bus/isa.32
 .text          0x00000000c001a446      0xbb7 hw/bus/pci.32
                0x00000000c001a446                PCI::open(int, int, void*)
                0x00000000c001a464                PCI::close(int, int, void*)
                0x00000000c001a468                PCI::PCI()
                0x00000000c001a468                PCI::PCI()
                0x00000000c001a500                PCI::readBAR8(unsigned int, int)
                0x00000000c001a51c                PCI::readBAR16(unsigned int, int)
                0x00000000c001a53a                PCI::readBAR32(unsigned int, int)
                0x00000000c001a556                PCI::writeBAR8(unsigned int, unsigned char, int)
                0x00000000c001a576                PCI::writeBAR16(unsigned int, unsigned short, int)
                0x00000000c001a598                PCI::writeBAR32(unsigned int, unsigned int, int)
                0x00000000c001a5b8                PCI::legacyMechanism(unsigned char, unsigned char, unsigned char, unsigned char)
                0x00000000c001a62e                PCI::pciReadWord(unsigned char, unsigned char, unsigned char, unsigned char)
                0x00000000c001a6d8                PCI::getVendorID(unsigned char, unsigned char, unsigned char)
                0x00000000c001a6fc                PCI::getHeaderType(unsigned char, unsigned char, unsigned char)
                0x00000000c001a724                PCI::getClassCode(unsigned char, unsigned char, unsigned char)
                0x00000000c001a76e                PCI::getProgIF(unsigned char, unsigned char, unsigned char)
                0x00000000c001a796                PCI::getRevisionID(unsigned char, unsigned char, unsigned char)
                0x00000000c001a7ba                PCI::getInterruptNumber(unsigned char, unsigned char, unsigned char)
                0x00000000c001a7de                PCI::getSecondaryBus(unsigned char, unsigned char, unsigned char)
                0x00000000c001a806                PCI::getBARAddress(unsigned char, unsigned char, unsigned char, unsigned char)
                0x00000000c001a86a                PCI::pciWriteWord(unsigned char, unsigned char, unsigned char, unsigned char, unsigned short)
                0x00000000c001a952                PCI::pciDetailsToFilepath(PCIDeviceInfo, char*)
                0x00000000c001ac18                PCI::checkBus(unsigned char)
                0x00000000c001ac3c                PCI::foundDevice(PCIDeviceInfo)
                0x00000000c001adb6                PCI::getDeviceData(unsigned char, unsigned char, unsigned char)
                0x00000000c001af32                PCI::checkDevice(unsigned char, unsigned char)
                0x00000000c001afa4                PCI::detect()
 *fill*         0x00000000c001affd        0x1 
 .text          0x00000000c001affe      0xb9a hw/diskctrl/ide.32
                0x00000000c001affe                IDE::close(int, int, void*)
                0x00000000c001b002                IDE::IDE()
                0x00000000c001b002                IDE::IDE()
                0x00000000c001b036                IDE::prepareInterrupt(unsigned char)
                0x00000000c001b048                selectDrive(unsigned char, unsigned char)
                0x00000000c001b04a                IDE::getBase(unsigned char)
                0x00000000c001b05c                IDE::write(unsigned char, unsigned char, unsigned char)
                0x00000000c001b11c                IDE::read(unsigned char, unsigned char)
                0x00000000c001b1ca                IDE::waitInterrupt(unsigned char)
                0x00000000c001b22c                ideChannel0IRQHandler(regs*, void*)
                0x00000000c001b248                ideChannel1IRQHandler(regs*, void*)
                0x00000000c001b264                IDE::enableIRQs(unsigned char, bool)
                0x00000000c001b2ae                IDE::open(int, int, void*)
                0x00000000c001b6ec                IDE::readBuffer(unsigned char, unsigned char, unsigned int, unsigned int)
                0x00000000c001b7bc                IDE::detect()
                0x00000000c001ba8a                IDE::printError(unsigned char, unsigned char, unsigned char)
                0x00000000c001bb44                IDE::polling(unsigned char, unsigned int)
 .text          0x00000000c001bb98      0x32a hw/diskctrl/satabus.32
                0x00000000c001bb98                SATABus::close(int, int, void*)
                0x00000000c001bb9c                SATABus::detect()
                0x00000000c001bb9e                SATABus::SATABus()
                0x00000000c001bb9e                SATABus::SATABus()
                0x00000000c001bc24                SATABus::findCmdslot(SATABus::tagHBA_PORT volatile*)
                0x00000000c001bc56                SATABus::checkType(SATABus::tagHBA_PORT volatile*)
                0x00000000c001bc9e                SATABus::startCmd(SATABus::tagHBA_PORT volatile*)
                0x00000000c001bcbe                SATABus::stopCmd(SATABus::tagHBA_PORT volatile*)
                0x00000000c001bce8                SATABus::portRebase(SATABus::tagHBA_PORT volatile*, int)
                0x00000000c001bdf8                SATABus::probePort(SATABus::tagHBA_MEM volatile*)
                0x00000000c001bea2                SATABus::open(int, int, void*)
 .text          0x00000000c001bec2      0x93f hw/diskphys/ata.32
                0x00000000c001bec2                ATA::close(int, int, void*)
                0x00000000c001bee6                ATA::powerSaving(PowerSavingLevel)
                0x00000000c001bee8                ATA::ATA()
                0x00000000c001bee8                ATA::ATA()
                0x00000000c001bf16                ATA::flush(bool)
                0x00000000c001bf64                ATA::readyForCommand()
                0x00000000c001bfb0                ATA::access(unsigned long long, int, void*, bool)
                0x00000000c001c346                ATA::detectCHS()
                0x00000000c001c370                ATA::open(int, int, void*)
                0x00000000c001c43c                combineCharAndColour(char, unsigned char)
                0x00000000c001c44d                combineColours(unsigned char, unsigned char)
                0x00000000c001c45a                ATA::read(unsigned long long, int, void*)
                0x00000000c001c630                ATA::write(unsigned long long, int, void*)
 *fill*         0x00000000c001c801        0x1 
 .text          0x00000000c001c802      0x618 hw/diskphys/atapi.32
                0x00000000c001c802                ATAPI::write(unsigned long long, int, void*)
                0x00000000c001c808                ATAPI::close(int, int, void*)
                0x00000000c001c82c                ATAPI::ATAPI()
                0x00000000c001c82c                ATAPI::ATAPI()
                0x00000000c001c85a                ATAPI::readyForCommand()
                0x00000000c001c8ac                ATAPI::sendPacket(unsigned char*, int, bool, unsigned short*, int)
                0x00000000c001cb74                ATAPI::diskRemoved()
                0x00000000c001cbae                ATAPI::eject()
                0x00000000c001cbf6                ATAPI::diskInserted()
                0x00000000c001cc02                ATAPI::detectMedia()
                0x00000000c001ccc0                ATAPI::open(int, int, void*)
                0x00000000c001cda0                ATAPI::read(unsigned long long, int, void*)
 .text          0x00000000c001ce1a      0x807 hw/diskphys/sata.32
                0x00000000c001ce1a                SATA::close(int, int, void*)
                0x00000000c001ce3e                SATA::powerSaving(PowerSavingLevel)
                0x00000000c001ce40                SATA::open(int, int, void*)
                0x00000000c001ceea                SATA::SATA()
                0x00000000c001ceea                SATA::SATA()
                0x00000000c001cf18                SATA::access(unsigned long long, int, void*, bool)
                0x00000000c001d16c                SATA::read(unsigned long long, int, void*)
                0x00000000c001d3bc                SATA::write(unsigned long long, int, void*)
 *fill*         0x00000000c001d621        0x1 
 .text          0x00000000c001d622      0x5d0 hw/diskphys/satapi.32
                0x00000000c001d622                SATAPI::write(unsigned long long, int, void*)
                0x00000000c001d628                SATAPI::close(int, int, void*)
                0x00000000c001d64c                SATAPI::SATAPI()
                0x00000000c001d64c                SATAPI::SATAPI()
                0x00000000c001d67a                SATAPI::diskRemoved()
                0x00000000c001d67c                SATAPI::diskInserted()
                0x00000000c001d698                SATAPI::sendPacket(unsigned char*, int, unsigned long long, unsigned short*, int)
                0x00000000c001d976                SATAPI::eject()
                0x00000000c001d9b2                SATAPI::detectMedia()
                0x00000000c001da08                SATAPI::open(int, int, void*)
                0x00000000c001db08                SATAPI::read(unsigned long long, int, void*)
 .text          0x00000000c001dbf2      0x45b hw/intctrl/apic.32
                0x00000000c001dbf2                IOAPIC::close(int, int, void*)
                0x00000000c001dbf8                apicGetBase()
                0x00000000c001dc3e                IOAPIC::IOAPIC()
                0x00000000c001dc3e                IOAPIC::IOAPIC()
                0x00000000c001dc66                apicOpen()
                0x00000000c001dde2                IOAPIC::handlesGSIWithNumber(unsigned int)
                0x00000000c001de14                IOAPIC::read(int)
                0x00000000c001de3c                IOAPIC::open(int, int, void*)
                0x00000000c001df22                IOAPIC::write(int, int)
                0x00000000c001df4e                IOAPIC::redirect(unsigned char, unsigned long long, unsigned char, bool, bool)
 *fill*         0x00000000c001e04d        0x3 
 .text          0x00000000c001e050       0xf0 hw/timer/apictimer.32
                0x00000000c001e050                APICTimer::close(int, int, void*)
                0x00000000c001e058                apicTimerHandler(regs*, void*)
                0x00000000c001e080                APICTimer::open(int, int, void*)
                0x00000000c001e0f0                APICTimer::write(int)
                0x00000000c001e118                APICTimer::APICTimer()
                0x00000000c001e118                APICTimer::APICTimer()
 .text          0x00000000c001e140      0x1ad hw/timer/pit.32
                0x00000000c001e140                PIT::write(int)
                0x00000000c001e1c4                pitHandler(regs*, void*)
                0x00000000c001e1ec                PIT::open(int, int, void*)
                0x00000000c001e23c                PIT::close(int, int, void*)
                0x00000000c001e26c                PIT::PIT()
                0x00000000c001e26c                PIT::PIT()
 *fill*         0x00000000c001e2ed        0x3 
 .text          0x00000000c001e2f0       0x83 arch/i386/avx.32
                0x00000000c001e2f0                avxDetect
                0x00000000c001e31a                avxSave
                0x00000000c001e32b                avxLoad
                0x00000000c001e33c                avxInit
                0x00000000c001e35e                avxClose
                0x00000000c001e35f                wouldSheSayYes
 *fill*         0x00000000c001e373        0xd 
 .text          0x00000000c001e380      0x2ec arch/i386/interrupt.32
                0x00000000c001e380                isr0
                0x00000000c001e390                isr1
                0x00000000c001e39a                isr2
                0x00000000c001e3a4                isr3
                0x00000000c001e3ae                isr4
                0x00000000c001e3b8                isr5
                0x00000000c001e3c2                isr6
                0x00000000c001e3cc                isr7
                0x00000000c001e3d6                isr8
                0x00000000c001e3de                isr9
                0x00000000c001e3e8                isr10
                0x00000000c001e3f0                isr11
                0x00000000c001e3f8                isr12
                0x00000000c001e400                isr13
                0x00000000c001e41a                isr14
                0x00000000c001e422                isr15
                0x00000000c001e42c                isr16
                0x00000000c001e436                isr17
                0x00000000c001e440                isr18
                0x00000000c001e44a                irq3
                0x00000000c001e454                irq4
                0x00000000c001e45e                irq5
                0x00000000c001e468                irq6
                0x00000000c001e472                irq7
                0x00000000c001e47c                irq8
                0x00000000c001e486                irq9
                0x00000000c001e490                irq10
                0x00000000c001e49a                irq11
                0x00000000c001e4a4                irq12
                0x00000000c001e4ae                irq13
                0x00000000c001e4b8                irq14
                0x00000000c001e4c2                irq15
                0x00000000c001e4cc                irq1
                0x00000000c001e4d3                irq2
                0x00000000c001e4da                isr96
                0x00000000c001e4e1                irq0
                0x00000000c001e4e6                int_common_stub
                0x00000000c001e518                syscall_common_stub
                0x00000000c001e61c                irq16
                0x00000000c001e626                irq17
                0x00000000c001e630                irq18
                0x00000000c001e63a                irq19
                0x00000000c001e644                irq20
                0x00000000c001e64e                irq21
                0x00000000c001e658                irq22
                0x00000000c001e662                irq23
 *fill*         0x00000000c001e66c        0x4 
 .text          0x00000000c001e670       0x10 arch/i386/rdrand.32
                0x00000000c001e670                i386GetRDRAND
 .text          0x00000000c001e680       0x39 arch/i386/sse.32
                0x00000000c001e680                absolutelyNoChanceInHell
                0x00000000c001e680                sseDetect
                0x00000000c001e698                sseSave
                0x00000000c001e6a0                sseLoad
                0x00000000c001e6a8                sseInit
                0x00000000c001e6b8                sseClose
 *fill*         0x00000000c001e6b9        0x7 
 .text          0x00000000c001e6c0       0x49 arch/i386/x87.32
                0x00000000c001e6c6                x87Detect
                0x00000000c001e6e1                x87Save
                0x00000000c001e6e8                x87Load
                0x00000000c001e6ef                x87Init
                0x00000000c001e708                x87Close
 *fill*         0x00000000c001e709        0x3 
 .text          0x00000000c001e70c       0x25 /cygdrive/d/Users/Alex/Desktop/Toolchain/Output/bin/../lib/gcc/i386-banana/8.1.0/crtend.o
 .text          0x00000000c001e731        0x0 crtn.32
 *fill*         0x00000000c001e731        0x3 