Archive member included to satisfy reference by file (symbol)

/cygdrive/d/Users/Alex/Desktop/Toolchain/Output/bin/../lib/gcc/i386-banana/8.1.0/libkgcc.a(_fixunssfdi.o)
                              hw/x87em.32 (__fixunssfdi)
/cygdrive/d/Users/Alex/Desktop/Toolchain/Output/bin/../lib/gcc/i386-banana/8.1.0/libkgcc.a(_fixunsdfdi.o)
                              hw/x87em.32 (__fixunsdfdi)
/cygdrive/d/Users/Alex/Desktop/Toolchain/Output/bin/../lib/gcc/i386-banana/8.1.0/libkgcc.a(_floatundisf.o)
                              hw/x87em.32 (__floatundisf)
/cygdrive/d/Users/Alex/Desktop/Toolchain/Output/bin/../lib/gcc/i386-banana/8.1.0/libkgcc.a(_floatundidf.o)
                              hw/x87em.32 (__floatundidf)
/cygdrive/d/Users/Alex/Desktop/Toolchain/Output/bin/../lib/gcc/i386-banana/8.1.0/libkgcc.a(_divdi3.o)
                              fs/fat/ff.32 (__divdi3)
/cygdrive/d/Users/Alex/Desktop/Toolchain/Output/bin/../lib/gcc/i386-banana/8.1.0/libkgcc.a(_moddi3.o)
                              thr/elf.32 (__moddi3)
/cygdrive/d/Users/Alex/Desktop/Toolchain/Output/bin/../lib/gcc/i386-banana/8.1.0/libkgcc.a(_udivdi3.o)
                              fs/fat/ff.32 (__udivdi3)
/cygdrive/d/Users/Alex/Desktop/Toolchain/Output/bin/../lib/gcc/i386-banana/8.1.0/libkgcc.a(_umoddi3.o)
                              core/pipe.32 (__umoddi3)
D:/Users/Alex/Desktop/Banana/kernel/libsoftfp.a(sfieeelib.o)
                              hal/sound/sndhw.32 (__addsf3)
D:/Users/Alex/Desktop/Banana/kernel/libsoftfp.a(dfieeelib.o)
                              hal/libresample/src_linear.32 (__adddf3)
D:/Users/Alex/Desktop/Banana/kernel/libsoftfp.a(sfdfcvt.o)
                              hal/libresample/samplerate.32 (__truncdfsf2)
D:/Users/Alex/Desktop/Banana/kernel/libk/libm32.a(s_fabs.c.o)
                              hal/libresample/samplerate.32 (fabs)
D:/Users/Alex/Desktop/Banana/kernel/libk/libm32.a(s_lrint.S.o)
                              hal/libresample/samplerate.32 (lrint)
D:/Users/Alex/Desktop/Banana/kernel/libk/libm32.a(s_lrintf.S.o)
                              hal/sound/sndhw.32 (lrintf)

Discarded input sections

 .comment       0x0000000000000000       0x12 /cygdrive/d/Users/Alex/Desktop/Toolchain/Output/bin/../lib/gcc/i386-banana/8.1.0/crtbegin.o
 .comment       0x0000000000000000       0x12 acpica/utclib.32
 .comment       0x0000000000000000       0x12 core/malloc.32
 .comment       0x0000000000000000       0x12 libk/string.32
 .comment       0x0000000000000000       0x12 fs/fat/diskio.32
 .comment       0x0000000000000000       0x12 fs/fat/ff.32
 .comment       0x0000000000000000       0x12 fs/fat/ffsystem.32
 .comment       0x0000000000000000       0x12 fs/fat/ffunicode.32
 .comment       0x0000000000000000       0x12 hal/libresample/samplerate.32
 .comment       0x0000000000000000       0x12 hal/libresample/src_linear.32
 .comment       0x0000000000000000       0x12 hal/libresample/src_sinc.32
 .comment       0x0000000000000000       0x12 hal/libresample/src_zoh.32
 .group         0x0000000000000000       0x14 core/computer.32
 .group         0x0000000000000000        0xc core/computer.32
 .comment       0x0000000000000000       0x12 core/computer.32
 .comment       0x0000000000000000       0x12 core/gdt.32
 .group         0x0000000000000000        0xc core/idle.32
 .comment       0x0000000000000000       0x12 core/idle.32
 .comment       0x0000000000000000       0x12 core/idt.32
 .group         0x0000000000000000        0x8 core/kheap.32
 .group         0x0000000000000000        0x8 core/kheap.32
 .comment       0x0000000000000000       0x12 core/kheap.32
 .comment       0x0000000000000000       0x12 core/main.32
 .comment       0x0000000000000000       0x12 core/physmgr.32
 .group         0x0000000000000000        0xc core/pipe.32
 .comment       0x0000000000000000       0x12 core/pipe.32
 .group         0x0000000000000000        0xc core/terminal.32
 .comment       0x0000000000000000       0x12 core/terminal.32
 .group         0x0000000000000000        0x8 core/tss.32
 .text._ZN3CPU7readCR3Ev
                0x0000000000000000       0x12 core/tss.32
 .comment       0x0000000000000000       0x12 core/tss.32
 .group         0x0000000000000000        0x8 core/unixfile.32
 .group         0x0000000000000000        0xc core/unixfile.32
 .group         0x0000000000000000        0xc core/unixfile.32
 .group         0x0000000000000000        0x8 core/unixfile.32
 .group         0x0000000000000000        0xc core/unixfile.32
 .group         0x0000000000000000        0x8 core/unixfile.32
 .group         0x0000000000000000        0xc core/unixfile.32
 .group         0x0000000000000000        0xc core/unixfile.32
 .comment       0x0000000000000000       0x12 core/unixfile.32
 .group         0x0000000000000000        0x8 core/virtmgr.32
 .group         0x0000000000000000        0x8 core/virtmgr.32
 .text._ZN3CPU7readCR3Ev
                0x0000000000000000       0x12 core/virtmgr.32
 .text._ZN3CPU8writeCR3Em
[...]
Memory Configuration

Name             Origin             Length             Attributes
*default*        0x0000000000000000 0xffffffffffffffff

Linker script and memory map

LOAD D:/Users/Alex/Desktop/Banana/kernel/boot.32
LOAD crti.32
LOAD /cygdrive/d/Users/Alex/Desktop/Toolchain/Output/bin/../lib/gcc/i386-banana/8.1.0/crtbegin.o
LOAD D:/Users/Alex/Desktop/Banana/kernel/morenasm.32
LOAD acpica/utclib.32
LOAD core/malloc.32
LOAD libk/string.32
LOAD fs/fat/diskio.32
LOAD fs/fat/ff.32
LOAD fs/fat/ffsystem.32
LOAD fs/fat/ffunicode.32
LOAD hal/libresample/samplerate.32
LOAD hal/libresample/src_linear.32
LOAD hal/libresample/src_sinc.32
LOAD hal/libresample/src_zoh.32
LOAD core/computer.32
LOAD core/gdt.32
LOAD core/idle.32
LOAD core/idt.32
LOAD core/kheap.32
LOAD core/main.32
LOAD core/physmgr.32
LOAD core/pipe.32
LOAD core/terminal.32
LOAD core/tss.32
LOAD core/unixfile.32
LOAD core/virtmgr.32
LOAD coreobjs/c++.32
LOAD dbg/kconsole.32
LOAD fs/vfs.32
LOAD hal/bus.32
LOAD hal/buzzer.32
LOAD hal/clock.32
LOAD hal/device.32
LOAD hal/diskctrl.32
LOAD hal/diskphys.32
LOAD hal/fpu.32
LOAD hal/intctrl.32
LOAD hal/keybrd.32
LOAD hal/logidisk.32
LOAD hal/mouse.32
LOAD hal/partition.32
LOAD hal/timer.32
LOAD hal/vcache.32
LOAD hal/video.32
LOAD hw/acpi.32
LOAD hw/cpu.32
LOAD hw/ports.32
LOAD hw/x87em.32
LOAD krnl/panic.32
LOAD reg/registry.32
LOAD sys/sc_exit.32
LOAD sys/sc_loaddll.32
LOAD sys/sc_read.32
LOAD sys/sc_sbrk.32
LOAD sys/sc_write.32
LOAD sys/sc_yield.32
LOAD sys/syscalls.32
LOAD thr/elf.32
LOAD thr/prcssthr.32
LOAD vm86/vm8086.32
LOAD fs/fat/vfslink.32
LOAD fs/iso9660/vfslink.32
LOAD hal/sound/sndchannel.32
LOAD hal/sound/sndhw.32
LOAD hw/bus/isa.32
LOAD hw/bus/pci.32
LOAD hw/diskctrl/ide.32
LOAD hw/diskphys/ata.32
LOAD hw/diskphys/atapi.32
LOAD hw/fpu/avx.32
LOAD hw/fpu/mmx.32
LOAD hw/fpu/sse.32
LOAD hw/fpu/x87.32
LOAD hw/intctrl/apic.32
LOAD hw/intctrl/pic.32
LOAD hw/timer/apictimer.32
LOAD hw/timer/pit.32
LOAD hw/fpu/x86/avx.32
LOAD hw/fpu/x86/sse.32
LOAD hw/fpu/x86/x87.32
LOAD /cygdrive/d/Users/Alex/Desktop/Toolchain/Output/bin/../lib/gcc/i386-banana/8.1.0/crtend.o
LOAD crtn.32
LOAD /cygdrive/d/Users/Alex/Desktop/Toolchain/Output/bin/../lib/gcc/i386-banana/8.1.0/libkgcc.a
LOAD D:/Users/Alex/Desktop/Banana/kernel/libsoftfp.a
LOAD D:/Users/Alex/Desktop/Banana/kernel/libk/libm32.a
                0x00000000c0000000                . = 0xc0000000

.text           0x00000000c0000000    0x24f78
 *(.text)
 .text          0x00000000c0000000       0x41 D:/Users/Alex/Desktop/Banana/kernel/boot.32
                0x00000000c0000020                callGlobalConstructors
 .text          0x00000000c0000041        0x0 crti.32
 *fill*         0x00000000c0000041        0x3 
 .text          0x00000000c0000044      0x101 /cygdrive/d/Users/Alex/Desktop/Toolchain/Output/bin/../lib/gcc/i386-banana/8.1.0/crtbegin.o
 *fill*         0x00000000c0000145        0xb 
 .text          0x00000000c0000150      0x4fd D:/Users/Alex/Desktop/Banana/kernel/morenasm.32
                0x00000000c0000150                prepareTramp
                0x00000000c0000169                voodooXADD
                0x00000000c000022e                doTPAUSE
                0x00000000c0000238                hasLegacyFPU
                0x00000000c000025d                is486
                0x00000000c0000293                goToVM86
                0x00000000c00002c4                goToUsermode
                0x00000000c00002ef                switchToThreadASMFirstTime
                0x00000000c00002fd                switchToThreadASM
                0x00000000c000039d                detectCPUID
                0x00000000c00003b3                asmQuickAcquireLock
                0x00000000c00003d1                asmQuickReleaseLock
                0x00000000c00003dd                asmAcquireLock
                0x00000000c00003fe                asmReleaseLock
                0x00000000c0000411                loadGDT
                0x00000000c0000431                isr0
                0x00000000c0000441                isr1
                0x00000000c000044b                isr2
                0x00000000c0000455                isr3
                0x00000000c000045f                isr4
                0x00000000c0000469                isr5
                0x00000000c0000473                isr6
                0x00000000c000047d                isr7
                0x00000000c0000487                isr8
                0x00000000c000048f                isr9
                0x00000000c0000499                isr10
                0x00000000c00004a1                isr11
                0x00000000c00004a9                isr12
                0x00000000c00004b1                isr13
                0x00000000c00004b9                isr14
                0x00000000c00004c1                isr15
                0x00000000c00004cb                isr16
                0x00000000c00004d5                isr17
                0x00000000c00004df                isr18
                0x00000000c00004e9                isr96
                0x00000000c00004f3                irq0
                0x00000000c00004fd                irq1
                0x00000000c0000507                irq2
                0x00000000c0000511                irq3
                0x00000000c000051b                irq4
                0x00000000c0000525                irq5
                0x00000000c000052f                irq6
                0x00000000c0000539                irq7
                0x00000000c0000543                irq8
                0x00000000c000054d                irq9
                0x00000000c0000557                irq10
                0x00000000c0000561                irq11
                0x00000000c000056b                irq12
                0x00000000c0000575                irq13
                0x00000000c000057f                irq14
                0x00000000c0000589                irq15
                0x00000000c0000593                irq16
                0x00000000c000059d                irq17
                0x00000000c00005a7                irq18
                0x00000000c00005b1                irq19
                0x00000000c00005bb                irq20
                0x00000000c00005c5                irq21
                0x00000000c00005cf                irq22
                0x00000000c00005d9                irq23
                0x00000000c00005e3                int_common_stub
                0x00000000c0000613                syscall_common_stub
 .text          0x00000000c000064d      0x40f acpica/utclib.32
                0x00000000c000064d                memcmp
                0x00000000c0000678                memmove
                0x00000000c00006b0                memcpy
                0x00000000c00006e6                memset
                0x00000000c0000703                strlen
                0x00000000c0000713                strpbrk
                0x00000000c0000736                strtok
                0x00000000c0000785                strcpy
                0x00000000c00007a5                strncpy
                0x00000000c00007d6                strcmp
                0x00000000c00007f7                strchr
                0x00000000c000080d                strncmp
                0x00000000c000083c                strcat
                0x00000000c0000863                strncat
                0x00000000c000089d                strstr
                0x00000000c00008da                toupper
                0x00000000c00008ee                tolower
                0x00000000c0000902                simple_strtoul
 .text          0x00000000c0000a5c      0xfbf core/malloc.32
                0x00000000c0000bc7                dlfree
                0x00000000c0000f22                dlmalloc
                0x00000000c000145f                dlrealloc
                0x00000000c0001614                dlmemalign
                0x00000000c0001737                dlcalloc
                0x00000000c00017d1                dlcfree
                0x00000000c00017d6                dlindependent_calloc
                0x00000000c00017fb                dlindependent_comalloc
                0x00000000c0001812                dlvalloc
                0x00000000c000183d                dlpvalloc
                0x00000000c0001873                dlmalloc_trim
                0x00000000c0001880                dlmalloc_usable_size
                0x00000000c00018b1                dlmallinfo
                0x00000000c0001980                dlmalloc_stats
                0x00000000c0001991                dlmallopt
 .text          0x00000000c0001a1b        0x0 libk/string.32
 .text          0x00000000c0001a1b       0x51 fs/fat/diskio.32
                0x00000000c0001a1b                disk_status
                0x00000000c0001a1e                disk_initialize
                0x00000000c0001a21                disk_read
                0x00000000c0001a37                disk_write
                0x00000000c0001a4d                disk_ioctl
 .text          0x00000000c0001a6c     0x6833 fs/fat/ff.32
                0x00000000c0004d3a                f_mount
                0x00000000c0004d9c                f_open
                0x00000000c00051d8                f_read
                0x00000000c0005458                f_write
                0x00000000c0005712                f_sync
                0x00000000c00058ee                f_close
                0x00000000c000591d                f_lseek
                0x00000000c0005dd4                f_opendir
                0x00000000c0005ed6                f_closedir
                0x00000000c0005ef8                f_readdir
                0x00000000c0005f93                f_stat
                0x00000000c0006022                f_getfree
                0x00000000c00061ed                f_truncate
                0x00000000c00062e5                f_unlink
                0x00000000c0006468                f_mkdir
                0x00000000c0006694                f_rename
                0x00000000c0006987                f_chmod
                0x00000000c0006a65                f_utime
                0x00000000c0006b43                f_getlabel
                0x00000000c0006d31                f_setlabel
                0x00000000c0006f9e                f_forward
                0x00000000c000717c                f_mkfs
 .text          0x00000000c000829f       0x2d fs/fat/ffsystem.32
                0x00000000c000829f                ff_memalloc
                0x00000000c00082b5                ff_memfree
 .text          0x00000000c00082cc      0x253 fs/fat/ffunicode.32
                0x00000000c00082cc                ff_uni2oem
                0x00000000c000835c                ff_oem2uni
                0x00000000c00083c8                ff_wtoupper
 .text          0x00000000c000851f      0x8a1 hal/libresample/samplerate.32
                0x00000000c00085c6                src_delete
                0x00000000c0008602                src_process
                0x00000000c0008776                src_callback_read
                0x00000000c00088d1                src_set_ratio
                0x00000000c000891a                src_get_channels
                0x00000000c000893c                src_reset
                0x00000000c0008988                src_new
                0x00000000c0008a16                src_callback_new
                0x00000000c0008a78                src_get_name
                0x00000000c0008aaf                src_get_description
                0x00000000c0008ae6                src_get_version
                0x00000000c0008aec                src_is_valid_ratio
                0x00000000c0008b08                src_error
                0x00000000c0008b16                src_strerror
                0x00000000c0008b29                src_simple
                0x00000000c0008b7c                src_short_to_float_array
                0x00000000c0008be1                src_float_to_short_array
                0x00000000c0008ca0                src_int_to_float_array
                0x00000000c0008d03                src_float_to_int_array
 .text          0x00000000c0008dc0      0x8f0 hal/libresample/src_linear.32
                0x00000000c000960b                linear_get_name
                0x00000000c000961a                linear_get_description
                0x00000000c0009629                linear_set_converter
 .text          0x00000000c00096b0     0x40fd hal/libresample/src_sinc.32
                0x00000000c000d6c4                sinc_get_name
                0x00000000c000d6d7                sinc_get_description
                0x00000000c000d6ea                sinc_set_converter
 .text          0x00000000c000d7ad      0x7a6 hal/libresample/src_zoh.32
                0x00000000c000deae                zoh_get_name
                0x00000000c000debd                zoh_get_description
                0x00000000c000decc                zoh_set_converter
 *fill*         0x00000000c000df53        0x1 
 .text          0x00000000c000df54      0x9e1 core/computer.32
                0x00000000c000df54                Computer::close(int, int, void*)
                0x00000000c000df98                Computer::Computer()
                0x00000000c000df98                Computer::Computer()
                0x00000000c000e0f4                Computer::setBootMessage(char const*)
                0x00000000c000e0f6                Computer::start()
                0x00000000c000e1d2                firstTask()
                0x00000000c000e1e0                Computer::detectFeatures()
                0x00000000c000e3ba                Computer::displayFeatures()
                0x00000000c000e700                Computer::rdmsr(unsigned int)
                0x00000000c000e72c                Computer::wrmsr(unsigned int, unsigned long long)
                0x00000000c000e764                Computer::nmiEnabled()
                0x00000000c000e770                Computer::readCMOS(unsigned char)
                0x00000000c000e78a                Computer::enableNMI(bool)
                0x00000000c000e7a2                Computer::open(int, int, void*)
                0x00000000c000e878                Computer::disableNMI()
                0x00000000c000e886                Computer::writeCMOS(unsigned char, unsigned char)
                0x00000000c000e8a4                Computer::handleNMI()
                0x00000000c000e90a                Computer::setDiskActivityLight(int, bool)
 *fill*         0x00000000c000e935        0x1 
 .text          0x00000000c000e936      0x1b7 core/gdt.32
                0x00000000c000e936                GDTEntry::setBase(unsigned int)
                0x00000000c000e952                GDTEntry::setLimit(unsigned int)
                0x00000000c000e970                GDT::GDT()
                0x00000000c000e970                GDT::GDT()
                0x00000000c000e986                GDT::addEntry(GDTEntry)
                0x00000000c000e9c2                GDT::getNumberOfEntries()
                0x00000000c000e9ca                GDT::flush()
                0x00000000c000e9ec                GDT::setup()
 .text          0x00000000c000eaed       0x61 core/idle.32
                0x00000000c000eaed                idleFunction(void*)
 .text          0x00000000c000eb4e      0x45f core/idt.32
                0x00000000c000eb4e                IDTEntry::IDTEntry(bool)
                0x00000000c000eb4e                IDTEntry::IDTEntry(bool)
                0x00000000c000ebbc                IDTEntry::setOffset(unsigned int)
                0x00000000c000ebd0                IDT::IDT()
                0x00000000c000ebd0                IDT::IDT()
                0x00000000c000ebd2                IDT::getPointerToInvalidOpcodeEntryForF00F()
                0x00000000c000ebda                IDT::addEntry(IDTEntry, int)
                0x00000000c000ebf4                IDT::addEntry(int, void (*)(), bool)
                0x00000000c000ec2c                IDT::flush()
                0x00000000c000ec46                IDT::setup()
 .text          0x00000000c000efad      0x20d core/kheap.32
                0x00000000c000efad                sbrk
                0x00000000c000f0c5                mmap
                0x00000000c000f0db                munmap
                0x00000000c000f0f1                liballoc_lock()
                0x00000000c000f102                liballoc_unlock()
                0x00000000c000f113                liballoc_alloc(int)
                0x00000000c000f12e                liballoc_free(void*, int)
                0x00000000c000f14c                realloc
                0x00000000c000f160                malloc
                0x00000000c000f170                free
                0x00000000c000f180                rfree
                0x00000000c000f190                calloc
 .text          0x00000000c000f1ba      0x38d core/main.32
                0x00000000c000f1ba                hwTextMode_loadInData(VgaText*)
                0x00000000c000f1ff                hwTextMode_loadInTitle(VgaText*, char*)
                0x00000000c000f241                hwTextMode_showCursor(VgaText*, bool)
                0x00000000c000f295                hwTextMode_update(VgaText*)
                0x00000000c000f296                hwTextMode_updateCursor(VgaText*)
                0x00000000c000f2de                hwTextMode_disableBlink(VgaText*, bool)
                0x00000000c000f31a                hwTextMode_scrollScreen(VgaText*)
                0x00000000c000f3a0                hwTextMode_writeCharacter(VgaText*, char, VgaColour, VgaColour, int, int)
                0x00000000c000f3fe                setupTextMode()
                0x00000000c000f44f                kernel_main
 .text          0x00000000c000f547      0x4f3 core/physmgr.32
                0x00000000c000f547                Phys::allocateDMA(unsigned long)
                0x00000000c000f5ea                Phys::freeDMA(unsigned long, unsigned long)
                0x00000000c000f632                Phys::setPageState(unsigned long, bool)
                0x00000000c000f664                Phys::getPageState(unsigned long)
                0x00000000c000f680                Phys::freePage(unsigned long)
                0x00000000c000f70a                Phys::allocatePage()
                0x00000000c000f7d2                Phys::allowSegmentToBeUsed(unsigned long, unsigned long)
                0x00000000c000f80a                Phys::physicalMemorySetup(unsigned int)
 .text          0x00000000c000fa3a      0x273 core/pipe.32
                0x00000000c000fa3a                Pipe::isAtty()
                0x00000000c000fa3e                Pipe::~Pipe()
                0x00000000c000fa3e                Pipe::~Pipe()
                0x00000000c000fa62                Pipe::~Pipe()
                0x00000000c000fa8a                Pipe::read(unsigned long long, void*, int*)
                0x00000000c000fb7e                Pipe::write(unsigned long long, void*, int*)
                0x00000000c000fc46                Pipe::Pipe(int)
                0x00000000c000fc46                Pipe::Pipe(int)
 *fill*         0x00000000c000fcad        0x1 
 .text          0x00000000c000fcae      0xf65 core/terminal.32
                0x00000000c000fcae                VgaText::isAtty()
                0x00000000c000fcb2                VgaText::~VgaText()
                0x00000000c000fcb2                VgaText::~VgaText()
                0x00000000c000fcd6                VgaText::~VgaText()
                0x00000000c000fd00                VgaText::read(unsigned long long, void*, int*)
                0x00000000c000fd20                setTerminalScrollLock(bool)
                0x00000000c000fd21                addToTerminalCycle(VgaText*)
                0x00000000c000fd4e                installVgaTextImplementation()
                0x00000000c000fd63                scrollTerminalScrollLock(int)
                0x00000000c000fd64                VgaText::load()
                0x00000000c000fdb8                VgaText::updateCursor()
                0x00000000c000fdd2                VgaText::showCursor(bool)
                0x00000000c000fde2                VgaText::disableBlink(bool)
                0x00000000c000fe1c                VgaText::doANSI_SGR(int)
                0x00000000c000fea8                VgaText::setDefaultBgColour(VgaColour)
                0x00000000c000febe                VgaText::setDefaultFgColour(VgaColour)
                0x00000000c000fed4                VgaText::setDefaultColours(VgaColour, VgaColour)
                0x00000000c000fef4                VgaText::combineColours(unsigned char, unsigned char)
                0x00000000c000ff06                VgaText::scrollScreen()
                0x00000000c000ff9a                VgaText::combineCharAndColour(char, unsigned char)
                0x00000000c000ffac                VgaText::writeCharacter(char, VgaColour, VgaColour, int, int)
                0x00000000c001000c                VgaText::getCursorX()
                0x00000000c0010018                VgaText::getCursorY()
                0x00000000c0010024                VgaText::setCursor(int, int)
                0x00000000c0010042                VgaText::setCursorX(int)
                0x00000000c001005e                VgaText::setCursorY(int)
                0x00000000c001007a                VgaText::incrementCursor(bool)
                0x00000000c00100e2                VgaText::updateRAMUsageDisplay(int)
                0x00000000c001013c                VgaText::updateDiskUsage()
                0x00000000c00102a2                VgaText::updateTitle()
                0x00000000c00102e8                VgaText::setTitleTextColour(VgaColour)
                0x00000000c00102f8                VgaText::setTitleColour(VgaColour)
                0x00000000c0010308                VgaText::setTitle(char*)
                0x00000000c001032e                VgaText::decrementCursor(bool)
                0x00000000c0010356                VgaText::putchar(char, VgaColour, VgaColour)
                0x00000000c0010452                VgaText::isShowingCursor()
                0x00000000c001045e                VgaText::isBlinkDisabled()
                0x00000000c001046c                VgaText::setCursorHeight(int)
                0x00000000c001048a                VgaText::getCursorHeight()
                0x00000000c0010495                setActiveTerminal(VgaText*)
                0x00000000c0010547                doTerminalCycle()
                0x00000000c0010564                VgaText::doUpdate()
                0x00000000c0010576                VgaText::puts(char const*, VgaColour, VgaColour)
                0x00000000c0010736                VgaText::clearScreen()
                0x00000000c001079a                VgaText::putchar(char)
                0x00000000c00108b4                VgaText::puts(char const*)
                0x00000000c00108da                VgaText::putx(unsigned int)
                0x00000000c0010920                VgaText::VgaText(char const*)
                0x00000000c0010920                VgaText::VgaText(char const*)
                0x00000000c0010ab2                VgaText::receiveKey(unsigned char)
                0x00000000c0010b9a                VgaText::write(unsigned long long, void*, int*)
                0x00000000c0010bee                newTerminal(char*)
 *fill*         0x00000000c0010c13        0x1 
 .text          0x00000000c0010c14      0x18f core/tss.32
                0x00000000c0010c14                TSS::TSS()
                0x00000000c0010c14                TSS::TSS()
                0x00000000c0010c22                TSS::setESP(unsigned long)
                0x00000000c0010c34                TSS::flush()
                0x00000000c0010c54                TSS::setup(unsigned long, unsigned long)
 *fill*         0x00000000c0010da3        0x1 
 .text          0x00000000c0010da4      0x482 core/unixfile.32
                0x00000000c0010da4                ReservedFilename::read(unsigned long long, void*, int*)
                0x00000000c0010dfa                ReservedFilename::isAtty()
                0x00000000c0010e16                ReservedFilename::write(unsigned long long, void*, int*)
                0x00000000c0010e74                UnixFile::getFileDescriptor()
                0x00000000c0010e7c                UnixFile::UnixFile(int)
                0x00000000c0010e7c                UnixFile::UnixFile(int)
                0x00000000c0010fec                ReservedFilename::ReservedFilename(int)
                0x00000000c0010fec                ReservedFilename::ReservedFilename(int)
                0x00000000c001101e                UnixFile::~UnixFile()
                0x00000000c001101e                UnixFile::~UnixFile()
                0x00000000c00110b6                UnixFile::~UnixFile()
                0x00000000c00110de                ReservedFilename::~ReservedFilename()
                0x00000000c00110de                ReservedFilename::~ReservedFilename()
                0x00000000c0011102                ReservedFilename::~ReservedFilename()
                0x00000000c0011129                getFromFileDescriptor(int)
 .text          0x00000000c0011226      0xec7 core/virtmgr.32
                0x00000000c0011226                Virt::setPageState(unsigned long, Virt::VirtPageState)
                0x00000000c001125b                Virt::getPageState(unsigned long)
                0x00000000c001127f                Virt::allocateKernelVirtualPages(int)
                0x00000000c0011390                Virt::virtualMemorySetup()
                0x00000000c001140f                Virt::getAKernelVAS()
                0x00000000c0011415                Virt::setupPageSwapping(int)
                0x00000000c001153a                VAS::VAS()
                0x00000000c001153a                VAS::VAS()
                0x00000000c001156a                VAS::VAS(VAS*)
                0x00000000c001156a                VAS::VAS(VAS*)
                0x00000000c001158e                VAS::getForeignPageTableEntry(bool, unsigned long)
                0x00000000c00115ba                VAS::getPageTableEntry(unsigned long)
                0x00000000c00115d9                Virt::freeKernelVirtualPages(unsigned long)
                0x00000000c00116fc                VAS::freeAllocatedPages(unsigned long)
                0x00000000c0011720                VAS::virtualToPhysical(unsigned long)
                0x00000000c0011738                VAS::reflagRange(unsigned long, int, int, int)
                0x00000000c0011778                VAS::setToWriteCombining(unsigned long, int)
                0x00000000c00117b0                VAS::mapOtherVASIn(bool, VAS*)
                0x00000000c00117e6                VAS::~VAS()
                0x00000000c00117e6                VAS::~VAS()
                0x00000000c0011952                VAS::mapPage(unsigned long, unsigned long, int)
                0x00000000c0011a52                VAS::allocatePages(int, int)
                0x00000000c0011c22                VAS::setCPUSpecific(unsigned long)
                0x00000000c0011c3e                VAS::mapRange(unsigned long, unsigned long, int, int)
                0x00000000c0011d08                VAS::mapForeignPage(bool, VAS*, unsigned long, unsigned long, int)
                0x00000000c0011df6                VAS::VAS(bool)
                0x00000000c0011df6                VAS::VAS(bool)
                0x00000000c0012026                mapVASFirstTime
 .text          0x00000000c00120ed       0x93 coreobjs/c++.32
                0x00000000c00120ed                __cxa_atexit
                0x00000000c00120f0                __cxa_finalize
                0x00000000c00120f1                __stack_chk_fail
                0x00000000c0012151                __cxa_pure_virtual
                0x00000000c0012162                operator new(unsigned long)
                0x00000000c0012167                operator new[](unsigned long)
                0x00000000c001216c                operator delete(void*)
                0x00000000c0012171                operator delete(void*, unsigned long)
                0x00000000c0012176                operator delete[](void*)
                0x00000000c001217b                operator delete[](void*, unsigned long)
 .text          0x00000000c0012180      0x1ef dbg/kconsole.32
                0x00000000c0012180                Dbg::stringifyxWithBase(unsigned int, char*, int)
                0x00000000c00121e1                Dbg::logc(char)
                0x00000000c00121f8                Dbg::logs(char*)
                0x00000000c0012215                Dbg::logWriteInt(unsigned int)
                0x00000000c0012232                Dbg::logWriteIntBase(unsigned int, int)
                0x00000000c0012251                Dbg::kprintf(char const*, ...)
 *fill*         0x00000000c001236f        0x1 
 .text          0x00000000c0012370      0xb68 fs/vfs.32
                0x00000000c0012370                File::read(unsigned long long, void*, int*)
                0x00000000c00123c8                File::write(unsigned long long, void*, int*)
                0x00000000c0012420                Directory::read(unsigned long long, void*, int*)
                0x00000000c0012478                Directory::write(unsigned long long, void*, int*)
                0x00000000c00124a6                File::isAtty()
                0x00000000c00124aa                Directory::isAtty()
                0x00000000c00124ae                Filesystem::getlabel(LogicalDisk*, int, char*, unsigned int*)
                0x00000000c00124b4                Filesystem::setlabel(LogicalDisk*, int, char*)
                0x00000000c00124ba                File::~File()
                0x00000000c00124ba                File::~File()
                0x00000000c00124de                File::~File()
                0x00000000c0012508                Directory::~Directory()
                0x00000000c0012508                Directory::~Directory()
                0x00000000c001252c                Directory::~Directory()
                0x00000000c0012556                Filesystem::Filesystem()
                0x00000000c0012556                Filesystem::Filesystem()
                0x00000000c001257a                Filesystem::~Filesystem()
                0x00000000c001257a                Filesystem::~Filesystem()
                0x00000000c0012588                Filesystem::~Filesystem()
                0x00000000c00125ac                initVFS()
                0x00000000c00125d6                standardiseFiles(char*, char const*, char const*)
                0x00000000c0012780                File::File(char const*, Process*)
                0x00000000c0012780                File::File(char const*, Process*)
                0x00000000c00127e4                File::open(FileOpenMode)
                0x00000000c0012842                File::close()
                0x00000000c00128a2                File::seek(unsigned long long)
                0x00000000c00128f8                File::tell(unsigned long long*)
                0x00000000c0012948                File::rewind()
                0x00000000c001295c                File::unlink()
                0x00000000c00129a8                File::rename(char const*)
                0x00000000c00129f6                File::chfatattr(unsigned char, unsigned char)
                0x00000000c0012a52                File::exists()
                0x00000000c0012a90                File::stat(unsigned long long*, bool*)
                0x00000000c0012af1                getcwd(Process*, char*, int)
                0x00000000c0012b1b                setcwd(Process*, char*)
                0x00000000c0012c42                Directory::Directory(char const*, Process*)
                0x00000000c0012c42                Directory::Directory(char const*, Process*)
                0x00000000c0012ca6                Directory::open()
                0x00000000c0012d02                Directory::close()
                0x00000000c0012d62                Directory::unlink()
                0x00000000c0012dae                Directory::rename(char const*)
                0x00000000c0012dfc                Directory::exists()
                0x00000000c0012e3a                Directory::read(dirent*)
                0x00000000c0012e86                Directory::create()
                0x00000000c0012ed2                Filesystem::chfatattr(char const*, unsigned char, unsigned char)
 .text          0x00000000c0012ed8       0x84 hal/bus.32
                0x00000000c0012ed8                Bus::Bus(char const*)
                0x00000000c0012ed8                Bus::Bus(char const*)
                0x00000000c0012f0e                Bus::~Bus()
                0x00000000c0012f0e                Bus::~Bus()
                0x00000000c0012f32                Bus::~Bus()
 .text          0x00000000c0012f5c      0x14e hal/buzzer.32
                0x00000000c0012f5c                Buzzer::Buzzer(char const*)
                0x00000000c0012f5c                Buzzer::Buzzer(char const*)
                0x00000000c0012fa0                Buzzer::~Buzzer()
                0x00000000c0012fa0                Buzzer::~Buzzer()
                0x00000000c0012fc4                Buzzer::~Buzzer()
                0x00000000c0012fee                Buzzer::stop()
                0x00000000c0013001                beepThread(void*)
                0x00000000c001303c                Buzzer::beep(int, int, bool)
 .text          0x00000000c00130aa      0x42f hal/clock.32
                0x00000000c00130aa                loadClockSettings()
                0x00000000c00130c4                Clock::Clock(char const*)
                0x00000000c00130c4                Clock::Clock(char const*)
                0x00000000c00130fa                Clock::~Clock()
                0x00000000c00130fa                Clock::~Clock()
                0x00000000c001311e                Clock::~Clock()
                0x00000000c0013148                Clock::timeInSecondsLocal()
                0x00000000c0013190                Clock::setTimeInSecondsLocal(unsigned long long)
                0x00000000c00131e9                datetimeToSeconds(datetime_t)
                0x00000000c0013310                Clock::setTimeInDatetimeLocal(datetime_t)
                0x00000000c0013370                secondsToDatetime(unsigned long long)
                0x00000000c00134b4                Clock::timeInDatetimeLocal()
 *fill*         0x00000000c00134d9        0x1 
 .text          0x00000000c00134da      0x504 hal/device.32
                0x00000000c00134da                Device::hibernate()
                0x00000000c00134dc                Device::wake()
                0x00000000c00134de                Device::detect()
                0x00000000c00134e0                Device::disableLegacy()
                0x00000000c00134e2                Device::powerSaving(PowerSavingLevel)
                0x00000000c00134e4                DriverlessDevice::close(int, int, void*)
                0x00000000c00134e8                DriverlessDevice::detect()
                0x00000000c00134ea                DriverlessDevice::open(int, int, void*)
                0x00000000c00134fe                Device::~Device()
                0x00000000c00134fe                Device::~Device()
                0x00000000c001350c                Device::~Device()
                0x00000000c0013534                Device::findAndLoadDriver()
                0x00000000c0013536                Device::preOpenPCI(PCIDeviceInfo)
                0x00000000c001355c                Device::preOpenACPI(void*, char*, char*)
                0x00000000c00135b0                Device::addIRQHandler(int, void (*)(regs*, void*), bool, void*)
                0x00000000c001360e                Device::removeIRQHandler(int, void (*)(regs*, void*), bool)
                0x00000000c001365c                Device::addChild(Device*)
                0x00000000c00136a0                Device::removeAllChildren()
                0x00000000c00136e6                Device::hibernateAll()
                0x00000000c0013716                Device::wakeAll()
                0x00000000c0013746                Device::detectAll()
                0x00000000c0013776                Device::disableLegacyAll()
                0x00000000c00137a6                Device::loadDriversForAll()
                0x00000000c00137d2                Device::closeAll()
                0x00000000c0013808                Device::powerSavingAll(PowerSavingLevel)
                0x00000000c001383e                Device::setName(char const*)
                0x00000000c001384c                Device::Device(char const*)
                0x00000000c001384c                Device::Device(char const*)
                0x00000000c001393e                Device::getName()
                0x00000000c0013948                DriverlessDevice::DriverlessDevice(char const*)
                0x00000000c0013948                DriverlessDevice::DriverlessDevice(char const*)
                0x00000000c0013970                Device::addToLinkedList(LinkedList<Device>&, DeviceType)
                0x00000000c00139b4                getDevicesOfType(DeviceType)
 .text          0x00000000c00139de       0x84 hal/diskctrl.32
                0x00000000c00139de                HardDiskController::HardDiskController(char const*)
                0x00000000c00139de                HardDiskController::HardDiskController(char const*)
                0x00000000c0013a14                HardDiskController::~HardDiskController()
                0x00000000c0013a14                HardDiskController::~HardDiskController()
                0x00000000c0013a38                HardDiskController::~HardDiskController()
 .text          0x00000000c0013a62       0xde hal/diskphys.32
                0x00000000c0013a62                PhysicalDisk::PhysicalDisk(char const*, int)
                0x00000000c0013a62                PhysicalDisk::PhysicalDisk(char const*, int)
                0x00000000c0013aca                PhysicalDisk::startCache()
                0x00000000c0013af2                PhysicalDisk::~PhysicalDisk()
                0x00000000c0013af2                PhysicalDisk::~PhysicalDisk()
                0x00000000c0013b16                PhysicalDisk::~PhysicalDisk()
 .text          0x00000000c0013b40       0xbd hal/fpu.32
                0x00000000c0013b40                FPU::FPU(char const*)
                0x00000000c0013b40                FPU::FPU(char const*)
                0x00000000c0013b76                FPU::~FPU()
                0x00000000c0013b76                FPU::~FPU()
                0x00000000c0013b9a                FPU::~FPU()
                0x00000000c0013bc4                setupFPU()
 *fill*         0x00000000c0013bfd        0x1 
 .text          0x00000000c0013bfe     0x130b hal/intctrl.32
                0x00000000c0013bfe                InterruptController::uninstallISRHandler(int, void (*)(regs*, void*))
                0x00000000c0013c36                InterruptController::installISRHandler(int, void (*)(regs*, void*), void*)
                0x00000000c0013c88                doubleFault(regs*, void*)
                0x00000000c0013ca2                InterruptController::installIRQHandler(int, void (*)(regs*, void*), bool, void*)
                0x00000000c0013d3e                InterruptController::clearAllHandlers(int, bool)
                0x00000000c0013de6                InterruptController::uninstallIRQHandler(int, void (*)(regs*, void*), bool)
                0x00000000c0013e6d                nmiHandler(regs*, void*)
                0x00000000c0013e7b                int_handler
                0x00000000c0013f16                InterruptController::InterruptController(char const*)
                0x00000000c0013f16                InterruptController::InterruptController(char const*)
                0x00000000c0013fbc                InterruptController::~InterruptController()
                0x00000000c0013fbc                InterruptController::~InterruptController()
                0x00000000c0013fe0                InterruptController::~InterruptController()
                0x00000000c001400a                displayDebugInfo(regs*)
                0x00000000c0014421                x87EmulHandler(regs*, void*)
                0x00000000c00144b3                gpFault(regs*, void*)
                0x00000000c00144ec                pgFault(regs*, void*)
                0x00000000c0014503                otherISRHandler(regs*, void*)
                0x00000000c0014522                opcodeFault(regs*, void*)
                0x00000000c0014adb                displayProgramFault(char const*)
                0x00000000c0014b03                setupInterruptController()
                0x00000000c0014ebc                InterruptController::convertLegacyIRQNumber(int)
 *fill*         0x00000000c0014f09        0x1 
 .text          0x00000000c0014f0a      0x620 hal/keybrd.32
                0x00000000c0014f0a                startGUI(void*)
                0x00000000c0014f7c                sendKeyToTerminal(unsigned char)
                0x00000000c0014fe8                sendKeyboardToken(KeyboardToken)
                0x00000000c00153c3                clearInternalKeybuffer(VgaText*)
                0x00000000c00153f8                readKeyboard(VgaText*, char*, unsigned long)
                0x00000000c00154a0                Keyboard::Keyboard(char const*)
                0x00000000c00154a0                Keyboard::Keyboard(char const*)
                0x00000000c00154dc                Keyboard::~Keyboard()
                0x00000000c00154dc                Keyboard::~Keyboard()
                0x00000000c0015500                Keyboard::~Keyboard()
 .text          0x00000000c001552a      0x400 hal/logidisk.32
                0x00000000c001552a                LogicalDisk::close(int, int, void*)
                0x00000000c001552e                LogicalDisk::~LogicalDisk()
                0x00000000c001552e                LogicalDisk::~LogicalDisk()
                0x00000000c0015552                LogicalDisk::~LogicalDisk()
                0x00000000c001557c                LogicalDisk::open(int, int, void*)
                0x00000000c0015590                LogicalDisk::absoluteToRelative(unsigned long long)
                0x00000000c00155c8                LogicalDisk::relativeToAbsolute(unsigned long long)
                0x00000000c001560e                LogicalDisk::LogicalDisk(char const*, PhysicalDisk*, unsigned long long, unsigned long long)
                0x00000000c001560e                LogicalDisk::LogicalDisk(char const*, PhysicalDisk*, unsigned long long, unsigned long long)
                0x00000000c00156c4                LogicalDisk::assignDriveLetter()
                0x00000000c001577a                LogicalDisk::mount()
                0x00000000c00157ec                LogicalDisk::unmount()
                0x00000000c00157fc                LogicalDisk::unassignDriveLetter()
                0x00000000c0015852                LogicalDisk::read(unsigned long long, int, void*)
                0x00000000c00158be                LogicalDisk::write(unsigned long long, int, void*)
 .text          0x00000000c001592a       0x84 hal/mouse.32
                0x00000000c001592a                Mouse::Mouse(char const*)
                0x00000000c001592a                Mouse::Mouse(char const*)
                0x00000000c0015960                Mouse::~Mouse()
                0x00000000c0015960                Mouse::~Mouse()
                0x00000000c0015984                Mouse::~Mouse()
 .text          0x00000000c00159ae      0x339 hal/partition.32
                0x00000000c00159ae                makePartition(PhysicalDisk*, unsigned long long, unsigned long long)
                0x00000000c0015a56                createPartitionsForDisk(PhysicalDisk*)
 *fill*         0x00000000c0015ce7        0x1 
 .text          0x00000000c0015ce8      0x2e7 hal/timer.32
                0x00000000c0015ce8                Timer::Timer(char const*)
                0x00000000c0015ce8                Timer::Timer(char const*)
                0x00000000c0015d1e                Timer::~Timer()
                0x00000000c0015d1e                Timer::~Timer()
                0x00000000c0015d42                Timer::~Timer()
                0x00000000c0015d6c                Timer::read()
                0x00000000c0015d77                timerHandler(unsigned long long)
                0x00000000c0015eae                setupTimer(int)
 *fill*         0x00000000c0015fcf        0x1 
 .text          0x00000000c0015fd0      0x2d1 hal/vcache.32
                0x00000000c0015fd0                VCache::VCache(PhysicalDisk*)
                0x00000000c0015fd0                VCache::VCache(PhysicalDisk*)
                0x00000000c00160c0                VCache::writeWriteBuffer()
                0x00000000c00160fc                VCache::~VCache()
                0x00000000c00160fc                VCache::~VCache()
                0x00000000c001613c                VCache::~VCache()
                0x00000000c0016164                VCache::write(unsigned long long, int, void*)
                0x00000000c0016248                VCache::read(unsigned long long, int, void*)
 *fill*         0x00000000c00162a1        0x1 
 .text          0x00000000c00162a2      0x26d hal/video.32
                0x00000000c00162a2                Video::putrect(int, int, int, int, unsigned int)
                0x00000000c00162ec                Video::blit(unsigned int*, int, int, int, int)
                0x00000000c001636a                Video::clearScreen(unsigned int)
                0x00000000c001639e                Video::putpixel(int, int, unsigned int)
                0x00000000c00163ac                Video::Video(char const*)
                0x00000000c00163ac                Video::Video(char const*)
                0x00000000c00163e2                Video::~Video()
                0x00000000c00163e2                Video::~Video()
                0x00000000c0016406                Video::~Video()
                0x00000000c0016430                Video::isMonochrome()
                0x00000000c001643c                Video::getWidth()
                0x00000000c0016448                Video::getHeight()
                0x00000000c0016454                Video::drawCursor(int, int, unsigned char*, int)
 *fill*         0x00000000c001650f        0x1 
 .text          0x00000000c0016510      0xd04 hw/acpi.32
                0x00000000c0016510                ACPI::close(int, int, void*)
                0x00000000c00165c5                findRSDP()
                0x00000000c001664f                loadACPITables(unsigned char*)
                0x00000000c0016876                findRSDT(unsigned char*)
                0x00000000c0016994                findDataTable(unsigned char*, char*)
                0x00000000c0016a30                scanMADT()
                0x00000000c0016dc4                ACPI::ACPI()
                0x00000000c0016dc4                ACPI::ACPI()
                0x00000000c0016e24                ACPI::getPCIIRQAssignment(unsigned char, unsigned short, unsigned char)
                0x00000000c0016f06                ACPI::registerPCIIRQAssignment(void*, unsigned short, unsigned char, unsigned char)
                0x00000000c001700c                ACPI::setScreenBrightnessLevel(void*, int)
                0x00000000c0017012                ACPI::writeSimpleBootFlag(SimpleBootFlagTable*)
                0x00000000c001705a                ACPI::open(int, int, void*)
                0x00000000c00171fc                ACPI::sleep()
 .text          0x00000000c0017214     0x17a6 hw/cpu.32
                0x00000000c0017214                CPU::close(int, int, void*)
                0x00000000c0017217                lookupAMDCPUName(unsigned char, unsigned char)
                0x00000000c00173ab                lookupIntelCPUName(unsigned char, unsigned char)
                0x00000000c0017659                AMD_K6_write_msr(unsigned int, unsigned int, unsigned int, REGS*)
                0x00000000c0017675                AMD_K6_read_msr(unsigned int, REGS*)
                0x00000000c001768d                AMD_K6_writeback(int, int, int)
                0x00000000c0017700                cpuid(int, unsigned long*, unsigned long*, unsigned long*, unsigned long*)
                0x00000000c0017783                cpuidCheckEDX(unsigned int)
                0x00000000c00177b0                cpuidCheckECX(unsigned int)
                0x00000000c00177dd                cpuidCheckExtendedEBX(unsigned int)
                0x00000000c001780a                cpuidCheckExtendedECX(unsigned int)
                0x00000000c0017837                getCPUNumber()
                0x00000000c001783a                thisCPU()
                0x00000000c001784e                CPU::CPU()
                0x00000000c001784e                CPU::CPU()
                0x00000000c00178dc                CPU::displayFeatures()
                0x00000000c0017b58                CPU::detectFeatures()
                0x00000000c001854a                CPU::setupSMEP()
                0x00000000c0018564                CPU::setupUMIP()
                0x00000000c001857c                CPU::setupTSC()
                0x00000000c0018594                CPU::setupLargePages()
                0x00000000c00185ac                CPU::setupPAT()
                0x00000000c00185e8                CPU::setupMTRR()
                0x00000000c00185ea                CPU::setupGlobalPages()
                0x00000000c0018600                CPU::allowUsermodeDataAccess()
                0x00000000c0018612                CPU::prohibitUsermodeDataAccess()
                0x00000000c0018624                CPU::setupSMAP()
                0x00000000c001864a                CPU::setupFeatures()
                0x00000000c00186ec                CPU::open(int, int, void*)
                0x00000000c00187c2                CPU::decodeAddress(regs*, int*, bool*, unsigned char*)
 .text          0x00000000c00189ba        0x0 hw/ports.32
 .text          0x00000000c00189ba      0xd19 hw/x87em.32
                0x00000000c00189ba                fpuInternalTo32(unsigned long long)
                0x00000000c00189ec                fpuInternalTo64(unsigned long long)
                0x00000000c0018a09                fpu32ToInternal(unsigned int)
                0x00000000c0018a28                fpu64ToInternal(unsigned long long)
                0x00000000c0018a45                fpuFloatToLong(unsigned long long)
                0x00000000c0018a7f                fpuULongToFloat(unsigned long long)
                0x00000000c0018abb                fpuLongToFloat(long long)
                0x00000000c0018af7                fpuGet0()
                0x00000000c0018b02                fpuGet1()
                0x00000000c0018b0d                fpuGetPi()
                0x00000000c0018b18                fpuGetLog2E()
                0x00000000c0018b39                fpuGetLogE2()
                0x00000000c0018b5a                fpuGetLog210()
                0x00000000c0018b7b                fpuGetLog102()
                0x00000000c0018b9c                fpuIsSecondLarger(unsigned long long, unsigned long long)
                0x00000000c0018bdd                fpuAreEqual(unsigned long long, unsigned long long)
                0x00000000c0018c1b                fpuUnorderedCompare(unsigned long long, unsigned long long)
                0x00000000c0018cd3                fpuAdd(unsigned long long, unsigned long long)
                0x00000000c0018d0e                fpuAbs(unsigned long long)
                0x00000000c0018d2b                fpuChs(unsigned long long)
                0x00000000c0018d4f                fpuSub(unsigned long long, unsigned long long)
                0x00000000c0018d95                fpuMultiply(unsigned long long, unsigned long long)
                0x00000000c0018ddc                fpuDivide(unsigned long long, unsigned long long)
                0x00000000c0018e1a                fpuSquare(unsigned long long)
                0x00000000c0018e48                fpuGetReg(int)
                0x00000000c0018ee0                fpuSetReg(int, unsigned long long)
                0x00000000c0018f93                fpuPush(unsigned long long)
                0x00000000c001904b                fpuPop()
                0x00000000c00190f7                x87Handler(regs*)
 .text          0x00000000c00196d3      0x338 krnl/panic.32
                0x00000000c00196d3                Krnl::panic(char const*)
 .text          0x00000000c0019a0b      0x503 reg/registry.32
                0x00000000c0019a0b                Reg::findLineFromLoadedData(char*, char*, char*)
                0x00000000c0019b63                Reg::getLineFromRegistry(char*, char*, char*, char*)
                0x00000000c0019cc2                Reg::getLine(char*, char*, char*)
                0x00000000c0019cf9                Reg::readInt(char*, char*, int*)
                0x00000000c0019de4                Reg::readString(char*, char*, char*, int)
                0x00000000c0019e65                Reg::readBool(char*, char*, bool*)
                0x00000000c0019e8a                Reg::readBoolWithDefault(char*, char*, bool)
                0x00000000c0019eb6                Reg::readIntWithDefault(char*, char*, int)
                0x00000000c0019ee2                Reg::readStringWithDefault(char*, char*, char*, int, char*)
 .text          0x00000000c0019f0e       0x18 sys/sc_exit.32
                0x00000000c0019f0e                Sys::exit(regs*)
 .text          0x00000000c0019f26       0x95 sys/sc_loaddll.32
                0x00000000c0019f26                Sys::loadDLL(regs*)
 .text          0x00000000c0019fbb       0x68 sys/sc_read.32
                0x00000000c0019fbb                Sys::read(regs*)
 .text          0x00000000c001a023       0x55 sys/sc_sbrk.32
                0x00000000c001a023                Sys::sbrk(regs*)
 .text          0x00000000c001a078       0x68 sys/sc_write.32
                0x00000000c001a078                Sys::write(regs*)
 .text          0x00000000c001a0e0       0x1a sys/sc_yield.32
                0x00000000c001a0e0                Sys::yield(regs*)
 .text          0x00000000c001a0fa      0xf85 sys/syscalls.32
                0x00000000c001a0fa                sysCallGetPID(regs*)
                0x00000000c001a106                sysCallSeekDir(regs*)
                0x00000000c001a10b                sysCallTellDir(regs*)
                0x00000000c001a110                sysCallVerify(regs*)
                0x00000000c001a11a                sysCallFork(regs*)
                0x00000000c001a125                sysCallExecve(regs*)
                0x00000000c001a130                sysCallGetArgc(regs*)
                0x00000000c001a140                sysFormatDisk(regs*)
                0x00000000c001a1aa                sysSetDiskVolumeLabel(regs*)
                0x00000000c001a1f0                sysGetDiskVolumeLabel(regs*)
                0x00000000c001a241                sysShutdown(regs*)
                0x00000000c001a29f                sysCallGetCwd(regs*)
                0x00000000c001a2be                sysCallSetCwd(regs*)
                0x00000000c001a2da                sysCallRealpath(regs*)
                0x00000000c001a31d                sysCallReadDir(regs*)
                0x00000000c001a3ab                sysCallIsATTY(regs*)
                0x00000000c001a405                sysCallSeek(regs*)
                0x00000000c001a46e                sysCallTell(regs*)
                0x00000000c001a4eb                sysCallSizeFromFilename(regs*)
                0x00000000c001a59c                sysCallSize(regs*)
                0x00000000c001a61f                sysCallClose(regs*)
                0x00000000c001a6a7                sysCallOpenDir(regs*)
                0x00000000c001a714                sysCallMakeDir(regs*)
                0x00000000c001a76d                sysCallCloseDir(regs*)
                0x00000000c001a7d3                sysCallWait(regs*)
                0x00000000c001a7ed                sysCallRmdir(regs*)
                0x00000000c001a83f                sysCallUnlink(regs*)
                0x00000000c001a891                sysCallGetArgv(regs*)
                0x00000000c001a8dd                sysCallTTYName(regs*)
                0x00000000c001a960                sysCallGetEnv(regs*)
                0x00000000c001a9b2                sysCallUSleep(regs*)
                0x00000000c001a9d9                sysCallSpawn(regs*)
                0x00000000c001aa31                sysAppSettings(regs*)
                0x00000000c001ab50                sysSetFatAttrib(regs*)
                0x00000000c001abb0                sysPanic(regs*)
                0x00000000c001abd6                sysPipe(regs*)
                0x00000000c001ac1b                sysGetUnixTime(regs*)
                0x00000000c001ac2f                string_ends_with(char const*, char const*)
                0x00000000c001ac77                sysCallOpen(regs*)
                0x00000000c001ae84                setupSystemCalls()
                0x00000000c001b03d                systemCall(regs*, void*)
 .text          0x00000000c001b07f     0x11c7 thr/elf.32
                0x00000000c001b07f                Thr::allocateMemoryForTask(Process*, File*, unsigned long, unsigned long, unsigned long)
                0x00000000c001b2fc                Thr::loadProgramIntoMemory(Process*, char const*)
                0x00000000c001b512                Thr::runtimeReferenceHelper()
                0x00000000c001b525                Thr::getAddressOfKernelSymbol(char const*)
                0x00000000c001b574                Thr::loadKernelSymbolTable(char const*)
                0x00000000c001b835                Thr::loadDriverIntoMemory(char const*, unsigned long, bool)
                0x00000000c001bfd3                Thr::getDriverBaseFromAddress(unsigned long)
                0x00000000c001c005                Thr::getDriverNameFromAddress(unsigned long)
                0x00000000c001c03c                Thr::getDriverOffsetFromAddress(unsigned long)
                0x00000000c001c056                Thr::loadDLL(char const*, bool)
                0x00000000c001c21c                Thr::executeDLL(unsigned long, void*)
 .text          0x00000000c001c246      0xfce thr/prcssthr.32
                0x00000000c001c246                changeTSS
                0x00000000c001c274                Process::addArgs(char**)
                0x00000000c001c2ce                Process::Process(char const*, Process*, char**)
                0x00000000c001c2ce                Process::Process(char const*, Process*, char**)
                0x00000000c001c486                Process::Process(bool, char const*, Process*, char**)
                0x00000000c001c486                Process::Process(bool, char const*, Process*, char**)
                0x00000000c001c609                disableIRQs()
                0x00000000c001c611                getIRQNestingLevel()
                0x00000000c001c617                enableIRQs()
                0x00000000c001c626                lockScheduler()
                0x00000000c001c628                unlockScheduler()
                0x00000000c001c62a                userModeEntryPoint(void*)
                0x00000000c001c64d                lockStuff()
                0x00000000c001c659                taskStartupFunction
                0x00000000c001c662                updateTimeUsed()
                0x00000000c001c6c0                switchToThread(ThreadControlBlock*)
                0x00000000c001c710                Semaphore::Semaphore(int)
                0x00000000c001c710                Semaphore::Semaphore(int)
                0x00000000c001c73e                Mutex::Mutex()
                0x00000000c001c73e                Mutex::Mutex()
                0x00000000c001c750                Process::createThread(void (*)(void*), void*, int)
                0x00000000c001c834                Process::createUserThread()
                0x00000000c001c850                setupMultitasking(void (*)())
                0x00000000c001c95a                schedule()
                0x00000000c001c9df                unlockStuff()
                0x00000000c001ca14                Semaphore::tryAcquire()
                0x00000000c001ca42                Semaphore::assertLocked(char const*)
                0x00000000c001ca72                blockTaskWithSchedulerLockAlreadyHeld(TaskState)
                0x00000000c001cab4                blockTask(TaskState)
                0x00000000c001cad5                waitTask(int, int*, int)
                0x00000000c001cb17                nanoSleepUntil(unsigned long long)
                0x00000000c001cb6e                nanoSleep(unsigned long long)
                0x00000000c001cb83                sleep(unsigned long long)
                0x00000000c001cba0                Semaphore::acquire()
                0x00000000c001cc08                taskReturned
                0x00000000c001cc36                unblockTask(ThreadControlBlock*)
                0x00000000c001cce5                cleanupTerminatedTask(ThreadControlBlock*)
                0x00000000c001cf89                cleanerTaskFunction(void*)
                0x00000000c001d03c                terminateTask(int)
                0x00000000c001d11c                Thr::terminateFromIRQ(int)
                0x00000000c001d128                Semaphore::release()
 .text          0x00000000c001d214      0x8bf vm86/vm8086.32
                0x00000000c001d214                Vm::vm8086EntryPoint(void*)
                0x00000000c001d23f                Vm::inbv(unsigned short)
                0x00000000c001d245                Vm::outbv(unsigned short, unsigned char)
                0x00000000c001d24f                Vm::realToLinear(unsigned short, unsigned short)
                0x00000000c001d25f                Vm::getSegment(unsigned int)
                0x00000000c001d267                Vm::getOffset(unsigned int)
                0x00000000c001d26c                Vm::loadFileAsThread(Process*, char const*, unsigned short, unsigned short, unsigned short, unsigned short)
                0x00000000c001d39b                Vm::doISR(regs*, int, unsigned char*, unsigned short, unsigned short)
                0x00000000c001d425                Vm::readByteFromReal(unsigned short, unsigned short)
                0x00000000c001d436                Vm::readWordFromReal(unsigned short, unsigned short)
                0x00000000c001d448                Vm::readDwordFromReal(unsigned short, unsigned short)
                0x00000000c001d459                Vm::writeByteFromReal(unsigned short, unsigned short, unsigned char)
                0x00000000c001d46e                Vm::writeWordFromReal(unsigned short, unsigned short, unsigned short)
                0x00000000c001d484                Vm::writeDwordFromReal(unsigned short, unsigned short, unsigned int)
                0x00000000c001d499                Vm::faultHandler(regs*)
 *fill*         0x00000000c001dad3        0x1 
 .text          0x00000000c001dad4     0x10ed fs/fat/vfslink.32
                0x00000000c001dad4                FAT::getName()
                0x00000000c001dada                FAT::tell(void*, unsigned long long*)
                0x00000000c001db0e                FAT::stat(void*, unsigned long long*)
                0x00000000c001db42                FAT::~FAT()
                0x00000000c001db42                FAT::~FAT()
                0x00000000c001db66                FAT::~FAT()
                0x00000000c001db8e                FAT::getlabel(LogicalDisk*, int, char*, unsigned int*)
                0x00000000c001dc2c                FAT::setlabel(LogicalDisk*, int, char*)
                0x00000000c001dce6                FAT::format(LogicalDisk*, int, char const*, int)
                0x00000000c001deca                FAT::tryMount(LogicalDisk*, int)
                0x00000000c001e0d0                FAT::readDir(void*, unsigned long, void*, int*)
                0x00000000c001e1d6                FAT::read(void*, unsigned long, void*, int*)
                0x00000000c001e230                FAT::write(void*, unsigned long, void*, int*)
                0x00000000c001e28a                FAT::close(void*)
                0x00000000c001e2d6                FAT::closeDir(void*)
                0x00000000c001e322                FAT::seek(void*, unsigned long long)
                0x00000000c001e376                fatWrapperReadDisk
                0x00000000c001e3bd                fatWrapperWriteDisk
                0x00000000c001e404                fatWrapperIoctl
                0x00000000c001e508                FAT::FAT()
                0x00000000c001e508                FAT::FAT()
                0x00000000c001e55a                FAT::fixFilepath(char*)
                0x00000000c001e592                FAT::open(char const*, void**, FileOpenMode)
                0x00000000c001e6ba                FAT::openDir(char const*, void**)
                0x00000000c001e760                FAT::stat(char const*, unsigned long long*, bool*)
                0x00000000c001e84a                FAT::unlink(char const*)
                0x00000000c001e8c4                FAT::chfatattr(char const*, unsigned char, unsigned char)
                0x00000000c001ea18                FAT::rename(char const*, char const*)
                0x00000000c001eadc                FAT::mkdir(char const*)
                0x00000000c001eb56                FAT::exists(char const*)
 *fill*         0x00000000c001ebc1        0x1 
 .text          0x00000000c001ebc2      0xbdf fs/iso9660/vfslink.32
                0x00000000c001ebc2                ISO9660::format(LogicalDisk*, int, char const*, int)
                0x00000000c001ebc8                ISO9660::seek(void*, unsigned long long)
                0x00000000c001ebf8                ISO9660::tell(void*, unsigned long long*)
                0x00000000c001ec1c                ISO9660::getName()
                0x00000000c001ec22                ISO9660::stat(void*, unsigned long long*)
                0x00000000c001ec46                ISO9660::chfatattr(char const*, unsigned char, unsigned char)
                0x00000000c001ec4c                ISO9660::unlink(char const*)
                0x00000000c001ec52                ISO9660::write(void*, unsigned long, void*, int*)
                0x00000000c001ec58                ISO9660::rename(char const*, char const*)
                0x00000000c001ec5e                ISO9660::mkdir(char const*)
                0x00000000c001ec64                ISO9660::close(void*)
                0x00000000c001ec86                ISO9660::closeDir(void*)
                0x00000000c001eca8                ISO9660::~ISO9660()
                0x00000000c001eca8                ISO9660::~ISO9660()
                0x00000000c001eccc                ISO9660::~ISO9660()
                0x00000000c001ecf3                __memmem(unsigned char*, int, unsigned char*, int)
                0x00000000c001ed35                readSectorFromCDROM(unsigned int, unsigned char*, char)
                0x00000000c001ed9c                ISO9660::tryMount(LogicalDisk*, int)
                0x00000000c001edec                ISO9660::read(void*, unsigned long, void*, int*)
                0x00000000c001f030                ISO9660::readDir(void*, unsigned long, void*, int*)
                0x00000000c001f2bd                readRoot(unsigned int*, unsigned int*, char)
                0x00000000c001f312                readRecursively(char*, unsigned int, unsigned int, unsigned int*, unsigned int*, char, int*)
                0x00000000c001f4e5                getFileData(char*, unsigned int*, unsigned int*, char, int*)
                0x00000000c001f574                ISO9660::open(char const*, void**, FileOpenMode)
                0x00000000c001f60e                ISO9660::exists(char const*)
                0x00000000c001f632                ISO9660::stat(char const*, unsigned long long*, bool*)
                0x00000000c001f6c6                ISO9660::openDir(char const*, void**)
                0x00000000c001f77e                ISO9660::ISO9660()
                0x00000000c001f77e                ISO9660::ISO9660()
 *fill*         0x00000000c001f7a1        0x1 
 .text          0x00000000c001f7a2      0x326 hal/sound/sndchannel.32
                0x00000000c001f7a2                SoundChannel::~SoundChannel()
                0x00000000c001f7a2                SoundChannel::~SoundChannel()
                0x00000000c001f7be                SoundChannel::setSpeed(float)
                0x00000000c001f7ca                SoundChannel::getSpeed()
                0x00000000c001f7d2                SoundChannel::setVolume(int)
                0x00000000c001f7ee                SoundChannel::getVolume()
                0x00000000c001f7f6                SoundChannel::pause()
                0x00000000c001f800                SoundChannel::SoundChannel(int, int, int, int)
                0x00000000c001f800                SoundChannel::SoundChannel(int, int, int, int)
                0x00000000c001f956                SoundChannel::play()
                0x00000000c001f960                SoundChannel::paused()
                0x00000000c001f968                SoundChannel::getSampleRate()
                0x00000000c001f970                SoundChannel::getBits()
                0x00000000c001f978                SoundChannel::getBufferUsed()
                0x00000000c001f980                SoundChannel::getBufferSize()
                0x00000000c001f988                SoundChannel::unbuffer(float*, int, int)
                0x00000000c001fa28                SoundChannel::buffer8(unsigned char*, int)
 .text          0x00000000c001fac8      0x3d5 hal/sound/sndhw.32
                0x00000000c001fac8                SoundDevice::SoundDevice(char const*)
                0x00000000c001fac8                SoundDevice::SoundDevice(char const*)
                0x00000000c001fb34                SoundDevice::~SoundDevice()
                0x00000000c001fb34                SoundDevice::~SoundDevice()
                0x00000000c001fbae                SoundDevice::~SoundDevice()
                0x00000000c001fbd8                SoundDevice::getFreeChannelNum()
                0x00000000c001fbf2                SoundDevice::addChannel(SoundChannel*)
                0x00000000c001fc62                SoundDevice::removeChannel(int)
                0x00000000c001fc94                SoundDevice::floatTo8(float*, unsigned char*, int)
                0x00000000c001fd7c                SoundDevice::getAudio(int, float*, float*)
 .text          0x00000000c001fe9d        0x0 hw/bus/isa.32
 *fill*         0x00000000c001fe9d        0x1 
 .text          0x00000000c001fe9e      0x6c1 hw/bus/pci.32
                0x00000000c001fe9e                PCI::open(int, int, void*)
                0x00000000c001feb2                PCI::close(int, int, void*)
                0x00000000c001feb6                PCI::PCI()
                0x00000000c001feb6                PCI::PCI()
                0x00000000c001ff36                PCI::pciReadWord(unsigned char, unsigned char, unsigned char, unsigned char)
                0x00000000c001ff7e                PCI::getVendorID(unsigned char, unsigned char, unsigned char)
                0x00000000c001ffa0                PCI::getHeaderType(unsigned char, unsigned char, unsigned char)
                0x00000000c001ffc4                PCI::getClassCode(unsigned char, unsigned char, unsigned char)
                0x00000000c0020008                PCI::getProgIF(unsigned char, unsigned char, unsigned char)
                0x00000000c002002c                PCI::getRevisionID(unsigned char, unsigned char, unsigned char)
                0x00000000c002004e                PCI::getInterruptNumber(unsigned char, unsigned char, unsigned char)
                0x00000000c0020070                PCI::getSecondaryBus(unsigned char, unsigned char, unsigned char)
                0x00000000c0020094                PCI::getBARAddress(unsigned char, unsigned char, unsigned char, unsigned char)
                0x00000000c00200f4                PCI::pciWriteWord(unsigned char, unsigned char, unsigned char, unsigned char, unsigned short)
                0x00000000c0020160                PCI::checkBus(unsigned char)
                0x00000000c0020184                PCI::foundDevice(PCIDeviceInfo)
                0x00000000c00202f4                PCI::getDeviceData(unsigned char, unsigned char, unsigned char)
                0x00000000c00204a0                PCI::checkDevice(unsigned char, unsigned char)
                0x00000000c002050c                PCI::detect()
 *fill*         0x00000000c002055f        0x1 
 .text          0x00000000c0020560      0xc70 hw/diskctrl/ide.32
                0x00000000c0020560                IDE::close(int, int, void*)
                0x00000000c0020564                IDE::IDE()
                0x00000000c0020564                IDE::IDE()
                0x00000000c0020598                IDE::prepareInterrupt(unsigned char)
                0x00000000c00205aa                selectDrive(unsigned char, unsigned char)
                0x00000000c00205ac                IDE::getBase(unsigned char)
                0x00000000c00205be                IDE::write(unsigned char, unsigned char, unsigned char)
                0x00000000c002067e                IDE::read(unsigned char, unsigned char)
                0x00000000c002072c                IDE::waitInterrupt(unsigned char)
                0x00000000c0020792                ideChannel0IRQHandler(regs*, void*)
                0x00000000c00207ae                ideChannel1IRQHandler(regs*, void*)
                0x00000000c00207ca                IDE::enableIRQs(unsigned char, bool)
                0x00000000c0020810                IDE::open(int, int, void*)
                0x00000000c0020c20                IDE::readBuffer(unsigned char, unsigned char, unsigned int, unsigned int)
                0x00000000c0020cec                IDE::detect()
                0x00000000c0020fd4                IDE::printError(unsigned char, unsigned char, unsigned char)
                0x00000000c002116a                IDE::polling(unsigned char, unsigned int)
 .text          0x00000000c00211d0      0x62b hw/diskphys/ata.32
                0x00000000c00211d0                ATA::close(int, int, void*)
                0x00000000c00211f4                ATA::powerSaving(PowerSavingLevel)
                0x00000000c00211f6                ATA::ATA()
                0x00000000c00211f6                ATA::ATA()
                0x00000000c0021224                ATA::flush(bool)
                0x00000000c002126e                ATA::readyForCommand()
                0x00000000c00212be                ATA::access(unsigned long long, int, void*, bool)
                0x00000000c002163c                ATA::read(unsigned long long, int, void*)
                0x00000000c00216a4                ATA::write(unsigned long long, int, void*)
                0x00000000c002170c                ATA::detectCHS()
                0x00000000c0021736                ATA::open(int, int, void*)
 *fill*         0x00000000c00217fb        0x1 
 .text          0x00000000c00217fc      0x5b3 hw/diskphys/atapi.32
                0x00000000c00217fc                ATAPI::write(unsigned long long, int, void*)
                0x00000000c0021802                ATAPI::close(int, int, void*)
                0x00000000c0021826                ATAPI::ATAPI()
                0x00000000c0021826                ATAPI::ATAPI()
                0x00000000c0021854                ATAPI::readyForCommand()
                0x00000000c00218a4                ATAPI::sendPacket(unsigned char*, int, bool, unsigned short*, int)
                0x00000000c0021b64                ATAPI::diskRemoved()
                0x00000000c0021b80                ATAPI::eject()
                0x00000000c0021bc6                ATAPI::diskInserted()
                0x00000000c0021bf4                ATAPI::detectMedia()
                0x00000000c0021cb0                ATAPI::open(int, int, void*)
                0x00000000c0021d30                ATAPI::read(unsigned long long, int, void*)
 *fill*         0x00000000c0021daf        0x1 
 .text          0x00000000c0021db0       0x8e hw/fpu/avx.32
                0x00000000c0021db0                AVX::open(int, int, void*)
                0x00000000c0021dc2                AVX::close(int, int, void*)
                0x00000000c0021dd4                AVX::available()
                0x00000000c0021de6                AVX::save(void*)
                0x00000000c0021dfe                AVX::load(void*)
                0x00000000c0021e16                AVX::AVX()
                0x00000000c0021e16                AVX::AVX()
 .text          0x00000000c0021e3e       0x90 hw/fpu/mmx.32
                0x00000000c0021e3e                MMX::available()
                0x00000000c0021e52                MMX::open(int, int, void*)
                0x00000000c0021e64                MMX::close(int, int, void*)
                0x00000000c0021e76                MMX::save(void*)
                0x00000000c0021e8e                MMX::load(void*)
                0x00000000c0021ea6                MMX::MMX()
                0x00000000c0021ea6                MMX::MMX()
 .text          0x00000000c0021ece       0x96 hw/fpu/sse.32
                0x00000000c0021ece                SSE::open(int, int, void*)
                0x00000000c0021ee0                SSE::close(int, int, void*)
                0x00000000c0021ef2                SSE::available()
                0x00000000c0021f0c                SSE::save(void*)
                0x00000000c0021f24                SSE::load(void*)
                0x00000000c0021f3c                SSE::SSE()
                0x00000000c0021f3c                SSE::SSE()
 .text          0x00000000c0021f64       0x8e hw/fpu/x87.32
                0x00000000c0021f64                x87::open(int, int, void*)
                0x00000000c0021f76                x87::close(int, int, void*)
                0x00000000c0021f88                x87::available()
                0x00000000c0021f9a                x87::save(void*)
                0x00000000c0021fb2                x87::load(void*)
                0x00000000c0021fca                x87::x87()
                0x00000000c0021fca                x87::x87()
 .text          0x00000000c0021ff2      0x5f3 hw/intctrl/apic.32
                0x00000000c0021ff2                APIC::disable()
                0x00000000c0021ff4                APIC::close(int, int, void*)
                0x00000000c0022016                IOAPIC::close(int, int, void*)
                0x00000000c002201c                APIC::io_wait()
                0x00000000c0022022                APIC::getBase()
                0x00000000c0022064                APIC::eoi(unsigned char)
                0x00000000c0022092                APIC::open(int, int, void*)
                0x00000000c002214c                IOAPIC::IOAPIC()
                0x00000000c002214c                IOAPIC::IOAPIC()
                0x00000000c0022174                APIC::APIC()
                0x00000000c0022174                APIC::APIC()
                0x00000000c0022244                IOAPIC::handlesGSIWithNumber(unsigned int)
                0x00000000c0022276                IOAPIC::read(int)
                0x00000000c002229e                IOAPIC::open(int, int, void*)
                0x00000000c0022394                IOAPIC::write(int, int)
                0x00000000c00223c0                IOAPIC::redirect(unsigned char, unsigned long long, unsigned char)
                0x00000000c002247a                APIC::installIRQHandler(int, void (*)(regs*, void*), bool, void*)
 *fill*         0x00000000c00225e5        0x1 
 .text          0x00000000c00225e6      0x3d3 hw/intctrl/pic.32
                0x00000000c00225e6                PIC::disable()
                0x00000000c0022614                PIC::close(int, int, void*)
                0x00000000c0022636                PIC::PIC()
                0x00000000c0022636                PIC::PIC()
                0x00000000c002270c                PIC::ioWait()
                0x00000000c0022712                PIC::getIRQReg(int)
                0x00000000c002277c                PIC::eoi(unsigned char)
                0x00000000c002280e                PIC::remap()
                0x00000000c002297a                PIC::open(int, int, void*)
 *fill*         0x00000000c00229b9        0x1 
 .text          0x00000000c00229ba      0x252 hw/timer/apictimer.32
                0x00000000c00229ba                APICTimer::close(int, int, void*)
                0x00000000c00229c0                apicTimerHandler(regs*, void*)
                0x00000000c00229ee                APICTimer::write(int)
                0x00000000c0022aec                APICTimer::open(int, int, void*)
                0x00000000c0022be4                APICTimer::APICTimer()
                0x00000000c0022be4                APICTimer::APICTimer()
 .text          0x00000000c0022c0c      0x1a7 hw/timer/pit.32
                0x00000000c0022c0c                PIT::write(int)
                0x00000000c0022c8a                pitHandler(regs*, void*)
                0x00000000c0022cb6                PIT::open(int, int, void*)
                0x00000000c0022d04                PIT::close(int, int, void*)
                0x00000000c0022d34                PIT::PIT()
                0x00000000c0022d34                PIT::PIT()
 *fill*         0x00000000c0022db3        0xd 
 .text          0x00000000c0022dc0        0xa hw/fpu/x86/avx.32
                0x00000000c0022dc0                avxDetect
                0x00000000c0022dc6                avxSave
                0x00000000c0022dc7                avxLoad
                0x00000000c0022dc8                avxInit
                0x00000000c0022dc9                avxClose
 *fill*         0x00000000c0022dca        0x6 
 .text          0x00000000c0022dd0       0x38 hw/fpu/x86/sse.32
                0x00000000c0022dd0                sseDetect
                0x00000000c0022deb                sseSave
                0x00000000c0022df1                sseLoad
                0x00000000c0022df7                sseInit
                0x00000000c0022e07                sseClose
 *fill*         0x00000000c0022e08        0x8 
 .text          0x00000000c0022e10       0x47 hw/fpu/x86/x87.32
                0x00000000c0022e16                x87Detect
                0x00000000c0022e31                x87Save
                0x00000000c0022e37                x87Load
                0x00000000c0022e3c                x87Init
                0x00000000c0022e56                x87Close
 *fill*         0x00000000c0022e57        0x1 
 .text          0x00000000c0022e58       0x25 /cygdrive/d/Users/Alex/Desktop/Toolchain/Output/bin/../lib/gcc/i386-banana/8.1.0/crtend.o
 .text          0x00000000c0022e7d        0x0 crtn.32
 *fill*         0x00000000c0022e7d        0x3 
 .text          0x00000000c0022e80       0x71 /cygdrive/d/Users/Alex/Desktop/Toolchain/Output/bin/../lib/gcc/i386-banana/8.1.0/libkgcc.a(_fixunssfdi.o)
                0x00000000c0022e80                __fixunssfdi
 *fill*         0x00000000c0022ef1        0x3 
 .text          0x00000000c0022ef4       0x71 /cygdrive/d/Users/Alex/Desktop/Toolchain/Output/bin/../lib/gcc/i386-banana/8.1.0/libkgcc.a(_fixunsdfdi.o)
                0x00000000c0022ef4                __fixunsdfdi
 *fill*         0x00000000c0022f65        0x3 
 .text          0x00000000c0022f68       0x5d /cygdrive/d/Users/Alex/Desktop/Toolchain/Output/bin/../lib/gcc/i386-banana/8.1.0/libkgcc.a(_floatundisf.o)
                0x00000000c0022f68                __floatundisf
 *fill*         0x00000000c0022fc5        0x3 
 .text          0x00000000c0022fc8       0x3c /cygdrive/d/Users/Alex/Desktop/Toolchain/Output/bin/../lib/gcc/i386-banana/8.1.0/libkgcc.a(_floatundidf.o)
                0x00000000c0022fc8                __floatundidf
 .text          0x00000000c0023004      0x14b /cygdrive/d/Users/Alex/Desktop/Toolchain/Output/bin/../lib/gcc/i386-banana/8.1.0/libkgcc.a(_divdi3.o)
                0x00000000c0023004                __divdi3
 *fill*         0x00000000c002314f        0x1 
 .text          0x00000000c0023150      0x17e /cygdrive/d/Users/Alex/Desktop/Toolchain/Output/bin/../lib/gcc/i386-banana/8.1.0/libkgcc.a(_moddi3.o)
                0x00000000c0023150                __moddi3
 *fill*         0x00000000c00232ce        0x2 
 .text          0x00000000c00232d0       0xff /cygdrive/d/Users/Alex/Desktop/Toolchain/Output/bin/../lib/gcc/i386-banana/8.1.0/libkgcc.a(_udivdi3.o)
                0x00000000c00232d0                __udivdi3
 *fill*         0x00000000c00233cf        0x1 
 .text          0x00000000c00233d0      0x11a /cygdrive/d/Users/Alex/Desktop/Toolchain/Output/bin/../lib/gcc/i386-banana/8.1.0/libkgcc.a(_umoddi3.o)
                0x00000000c00233d0                __umoddi3
 .text          0x00000000c00234ea      0x96d D:/Users/Alex/Desktop/Banana/kernel/libsoftfp.a(sfieeelib.o)
                0x00000000c00234ea                __addsf3
                0x00000000c00237ec                __subsf3
                0x00000000c0023800                __negsf2
                0x00000000c002380d                __mulsf3
                0x00000000c00239d0                __divsf3
                0x00000000c0023bfb                __floatsisf
                0x00000000c0023c6f                __floatunsisf
                0x00000000c0023cb1                __fixsfsi
                0x00000000c0023d13                __fixunssfsi
                0x00000000c0023d44                __cmpsf2
                0x00000000c0023dd9                __eqsf2
                0x00000000c0023e14                __nesf2
                0x00000000c0023e16                __gtsf2
                0x00000000c0023e51                __gesf2
                0x00000000c0023e53                __ltsf2
                0x00000000c0023e55                __lesf2
 .text          0x00000000c0023e57      0xf50 D:/Users/Alex/Desktop/Banana/kernel/libsoftfp.a(dfieeelib.o)
                0x00000000c0023e57                __adddf3
                0x00000000c00244a8                __subdf3
                0x00000000c00244c3                __negdf2
                0x00000000c00244d4                __muldf3
                0x00000000c00247b8                __divdf3
                0x00000000c0024b37                __floatsidf
                0x00000000c0024b92                __floatunsidf
                0x00000000c0024bd0                __fixdfsi
                0x00000000c0024c3d                __fixunsdfsi
                0x00000000c0024c79                __cmpdf2
                0x00000000c0024d67                __eqdf2
                0x00000000c0024d83                __nedf2
                0x00000000c0024d85                __gtdf2
                0x00000000c0024da1                __gedf2
                0x00000000c0024da3                __ltdf2
                0x00000000c0024da5                __ledf2
 .text          0x00000000c0024da7      0x18d D:/Users/Alex/Desktop/Banana/kernel/libsoftfp.a(sfdfcvt.o)
                0x00000000c0024da7                __truncdfsf2
                0x00000000c0024ecb                __extendsfdf2
 *fill*         0x00000000c0024f34        0xc 
 .text          0x00000000c0024f40       0x1e D:/Users/Alex/Desktop/Banana/kernel/libk/libm32.a(s_fabs.c.o)
                0x00000000c0024f40                fabs
 *fill*         0x00000000c0024f5e        0x2 
 .text          0x00000000c0024f60        0xc D:/Users/Alex/Desktop/Banana/kernel/libk/libm32.a(s_lrint.S.o)
                0x00000000c0024f60                lrint
 .text          0x00000000c0024f6c        0xc D:/Users/Alex/Desktop/Banana/kernel/libk/libm32.a(s_lrintf.S.o)
                0x00000000c0024f6c                lrintf
 *(.gnu.linkonce.t*)

.iplt           0x00000000c0024f78        0x0
 .iplt          0x00000000c0024f78        0x0 D:/Users/Alex/Desktop/Banana/kernel/boot.32

.init           0x00000000c0024f78        0xf
 .init          0x00000000c0024f78        0x3 crti.32
                0x00000000c0024f78                _init
 .init          0x00000000c0024f7b        0x5 /cygdrive/d/Users/Alex/Desktop/Toolchain/Output/bin/../lib/gcc/i386-banana/8.1.0/crtbegin.o
 .init          0x00000000c0024f80        0x5 /cygdrive/d/Users/Alex/Desktop/Toolchain/Output/bin/../lib/gcc/i386-banana/8.1.0/crtend.o
 .init          0x00000000c0024f85        0x2 crtn.32

.fini           0x00000000c0024f87        0xa
 .fini          0x00000000c0024f87        0x3 crti.32
                0x00000000c0024f87                _fini
 .fini          0x00000000c0024f8a        0x5 /cygdrive/d/Users/Alex/Desktop/Toolchain/Output/bin/../lib/gcc/i386-banana/8.1.0/crtbegin.o
 .fini          0x00000000c0024f8f        0x2 crtn.32

.text._ZN8ComputerD2Ev
                0x00000000c0024f92       0x23
 .text._ZN8ComputerD2Ev
                0x00000000c0024f92       0x23 core/computer.32
                0x00000000c0024f92                Computer::~Computer()
                0x00000000c0024f92                Computer::~Computer()

.text._ZN8ComputerD0Ev
                0x00000000c0024fb6       0x2a
 .text._ZN8ComputerD0Ev
                0x00000000c0024fb6       0x2a core/computer.32
                0x00000000c0024fb6                Computer::~Computer()

.text._Z10idleCommonv
                0x00000000c0024fe0       0x15
 .text._Z10idleCommonv
                0x00000000c0024fe0       0x15 core/idle.32
                0x00000000c0024fe0                idleCommon()

.text._ZN3CPU7readCR3Ev
                0x00000000c0024ff5       0x12
 .text._ZN3CPU7readCR3Ev
                0x00000000c0024ff5       0x12 core/kheap.32
                0x00000000c0024ff5                CPU::readCR3()

.text._ZN3CPU8writeCR3Em
                0x00000000c0025007        0x9
 .text._ZN3CPU8writeCR3Em
                0x00000000c0025007        0x9 core/kheap.32
                0x00000000c0025007                CPU::writeCR3(unsigned long)

.text._ZN10LinkedListI8UnixFileED2Ev
                0x00000000c0025010        0x2
 .text._ZN10LinkedListI8UnixFileED2Ev
                0x00000000c0025010        0x2 core/unixfile.32
                0x00000000c0025010                LinkedList<UnixFile>::~LinkedList()
                0x00000000c0025010                LinkedList<UnixFile>::~LinkedList()

.text._ZN10LinkedListI8UnixFileEC2Ev
                0x00000000c0025012       0x58
 .text._ZN10LinkedListI8UnixFileEC2Ev
                0x00000000c0025012       0x58 core/unixfile.32
                0x00000000c0025012                LinkedList<UnixFile>::LinkedList()
                0x00000000c0025012                LinkedList<UnixFile>::LinkedList()

.text._ZN10LinkedListI8UnixFileE10addElementEPS0_
                0x00000000c002506a       0xd3
 .text._ZN10LinkedListI8UnixFileE10addElementEPS0_
                0x00000000c002506a       0xd3 core/unixfile.32
                0x00000000c002506a                LinkedList<UnixFile>::addElement(UnixFile*)

.text._ZN10LinkedListI8UnixFileE15getFirstElementEv
                0x00000000c002513e        0x7
 .text._ZN10LinkedListI8UnixFileE15getFirstElementEv
                0x00000000c002513e        0x7 core/unixfile.32
                0x00000000c002513e                LinkedList<UnixFile>::getFirstElement()

.text._ZN10LinkedListI8UnixFileE11removeFirstEv
                0x00000000c0025146       0xa1
 .text._ZN10LinkedListI8UnixFileE11removeFirstEv
                0x00000000c0025146       0xa1 core/unixfile.32
                0x00000000c0025146                LinkedList<UnixFile>::removeFirst()

.text._ZN10LinkedListI8UnixFileE7getNextEPS0_
                0x00000000c00251e8        0x8
 .text._ZN10LinkedListI8UnixFileE7getNextEPS0_
                0x00000000c00251e8        0x8 core/unixfile.32
                0x00000000c00251e8                LinkedList<UnixFile>::getNext(UnixFile*)

.text._ZN16DriverlessDeviceD2Ev
                0x00000000c00251f0       0x1a
 .text._ZN16DriverlessDeviceD2Ev
                0x00000000c00251f0       0x1a hal/device.32
                0x00000000c00251f0                DriverlessDevice::~DriverlessDevice()
                0x00000000c00251f0                DriverlessDevice::~DriverlessDevice()

.text._ZN16DriverlessDeviceD0Ev
                0x00000000c002520a       0x2a
 .text._ZN16DriverlessDeviceD0Ev
                0x00000000c002520a       0x2a hal/device.32
                0x00000000c002520a                DriverlessDevice::~DriverlessDevice()

.text._ZN10LinkedListI6DeviceE10addElementEPS0_
                0x00000000c0025234       0xdc
 .text._ZN10LinkedListI6DeviceE10addElementEPS0_
                0x00000000c0025234       0xdc hal/device.32
                0x00000000c0025234                LinkedList<Device>::addElement(Device*)

.text._ZN10LinkedListI6DeviceEC2Ev
                0x00000000c0025310       0x58
 .text._ZN10LinkedListI6DeviceEC2Ev
                0x00000000c0025310       0x58 hal/device.32
                0x00000000c0025310                LinkedList<Device>::LinkedList()
                0x00000000c0025310                LinkedList<Device>::LinkedList()

.text._ZN3CPU7readCR0Ev
                0x00000000c0025368       0x12
 .text._ZN3CPU7readCR0Ev
                0x00000000c0025368       0x12 hal/fpu.32
                0x00000000c0025368                CPU::readCR0()

.text._ZN3CPU8writeCR0Em
                0x00000000c002537a        0x9
 .text._ZN3CPU8writeCR0Em
                0x00000000c002537a        0x9 hal/fpu.32
                0x00000000c002537a                CPU::writeCR0(unsigned long)

.text._ZN3CPU7readDR0Ev
                0x00000000c0025383       0x12
 .text._ZN3CPU7readDR0Ev
                0x00000000c0025383       0x12 hal/intctrl.32
                0x00000000c0025383                CPU::readDR0()

.text._ZN3CPU7readDR1Ev
                0x00000000c0025395       0x12
 .text._ZN3CPU7readDR1Ev
                0x00000000c0025395       0x12 hal/intctrl.32