Archive member included to satisfy reference by file (symbol)

/cygdrive/d/Users/Alex/Desktop/Toolchain/Output/bin/../lib/gcc/i386-banana/8.1.0/libkgcc.a(_divdi3.o)
                              krnl/resolve.32 (__divdi3)
/cygdrive/d/Users/Alex/Desktop/Toolchain/Output/bin/../lib/gcc/i386-banana/8.1.0/libkgcc.a(_moddi3.o)
                              krnl/resolve.32 (__moddi3)
/cygdrive/d/Users/Alex/Desktop/Toolchain/Output/bin/../lib/gcc/i386-banana/8.1.0/libkgcc.a(_udivdi3.o)
                              hal/clock.32 (__udivdi3)
/cygdrive/d/Users/Alex/Desktop/Toolchain/Output/bin/../lib/gcc/i386-banana/8.1.0/libkgcc.a(_umoddi3.o)
                              core/pipe.32 (__umoddi3)

Allocating common symbols
Common symbol       size              file

current_iphdr_src   0x4               net/core/ipv4/ip.32
netif_list          0x4               net/core/netif.32
tcp_active_pcbs     0x4               net/core/tcp.32
udp_pcbs            0x4               net/core/udp.32
current_netif       0x4               net/core/ipv4/ip.32
tcp_ticks           0x4               net/core/tcp.32
tcp_listen_pcbs     0x4               net/core/tcp.32
current_iphdr_dest  0x4               net/core/ipv4/ip.32
tcp_tmp_pcb         0x4               net/core/tcp.32
tcp_input_pcb       0x4               net/core/tcp_in.32
dcache              0x40              fs/iso9660/iso9660.32
current_header      0x4               net/core/ipv4/ip.32
tcp_bound_pcbs      0x4               net/core/tcp.32
cdDriveLetter       0x1               fs/iso9660/iso9660.32
tcp_tw_pcbs         0x4               net/core/tcp.32
lwip_stats          0x150             net/core/stats.32
netif_default       0x4               net/core/netif.32
ram_heap            0x64d             net/core/mem.32
icache              0x40              fs/iso9660/iso9660.32

Discarded input sections

 .comment       0x0000000000000000       0x12 /cygdrive/d/Users/Alex/Desktop/Toolchain/Output/bin/../lib/gcc/i386-banana/8.1.0/crtbegin.o
 .comment       0x0000000000000000       0x12 acpica/utclib.32
 .comment       0x0000000000000000       0x12 arch/cc.32
 .comment       0x0000000000000000       0x12 arch/sys_arch.32
 .comment       0x0000000000000000       0x12 core/malloc.32
 .comment       0x0000000000000000       0x12 libk/ctype.32
 .comment       0x0000000000000000       0x12 libk/string.32
 .comment       0x0000000000000000       0x12 fs/fat/diskio.32
 .comment       0x0000000000000000       0x12 fs/fat/ff.32
 .comment       0x0000000000000000       0x12 fs/fat/ffsystem.32
 .comment       0x0000000000000000       0x12 fs/fat/ffunicode.32
 .comment       0x0000000000000000       0x12 fs/iso9660/iso9660.32
 .comment       0x0000000000000000       0x12 net/core/def.32
 .comment       0x0000000000000000       0x12 net/core/dhcp.32
 .comment       0x0000000000000000       0x12 net/core/dns.32
 .comment       0x0000000000000000       0x12 net/core/init.32
 .comment       0x0000000000000000       0x12 net/core/mem.32
 .comment       0x0000000000000000       0x12 net/core/memp.32
 .comment       0x0000000000000000       0x12 net/core/netif.32
 .comment       0x0000000000000000       0x12 net/core/pbuf.32
 .comment       0x0000000000000000       0x12 net/core/raw.32
 .comment       0x0000000000000000       0x12 net/core/stats.32
 .comment       0x0000000000000000       0x12 net/core/sys.32
 .comment       0x0000000000000000       0x12 net/core/tcp.32
 .comment       0x0000000000000000       0x12 net/core/tcp_in.32
 .comment       0x0000000000000000       0x12 net/core/tcp_out.32
 .comment       0x0000000000000000       0x12 net/core/timers.32
 .comment       0x0000000000000000       0x12 net/core/udp.32
 .comment       0x0000000000000000       0x12 net/netif/etharp.32
 .comment       0x0000000000000000       0x12 net/netif/ethernetif.32
 .comment       0x0000000000000000       0x12 net/netif/slipif.32
 .comment       0x0000000000000000       0x12 net/core/ipv4/autoip.32
 .comment       0x0000000000000000       0x12 net/core/ipv4/icmp.32
 .comment       0x0000000000000000       0x12 net/core/ipv4/igmp.32
 .comment       0x0000000000000000       0x12 net/core/ipv4/inet.32
 .comment       0x0000000000000000       0x12 net/core/ipv4/inet_chksum.32
 .comment       0x0000000000000000       0x12 net/core/ipv4/ip.32
 .comment       0x0000000000000000       0x12 net/core/ipv4/ip_addr.32
 .comment       0x0000000000000000       0x12 net/core/ipv4/ip_frag.32
 .comment       0x0000000000000000       0x12 net/core/snmp/asn1_dec.32
 .comment       0x0000000000000000       0x12 net/core/snmp/asn1_enc.32
 .comment       0x0000000000000000       0x12 net/core/snmp/mib2.32
 .comment       0x0000000000000000       0x12 net/core/snmp/mib_structs.32
 .comment       0x0000000000000000       0x12 net/core/snmp/msg_in.32
 .comment       0x0000000000000000       0x12 net/core/snmp/msg_out.32
 .comment       0x0000000000000000       0x12 net/netif/ppp/auth.32
[...]
Memory Configuration

Name             Origin             Length             Attributes
*default*        0x0000000000000000 0xffffffffffffffff

Linker script and memory map

LOAD D:/Users/Alex/Desktop/Banana/kernel/boot.32
LOAD crti.32
LOAD /cygdrive/d/Users/Alex/Desktop/Toolchain/Output/bin/../lib/gcc/i386-banana/8.1.0/crtbegin.o
LOAD D:/Users/Alex/Desktop/Banana/kernel/morenasm.32
LOAD acpica/utclib.32
LOAD arch/cc.32
LOAD arch/sys_arch.32
LOAD core/malloc.32
LOAD libk/ctype.32
LOAD libk/string.32
LOAD fs/fat/diskio.32
LOAD fs/fat/ff.32
LOAD fs/fat/ffsystem.32
LOAD fs/fat/ffunicode.32
LOAD fs/iso9660/iso9660.32
LOAD net/core/def.32
LOAD net/core/dhcp.32
LOAD net/core/dns.32
LOAD net/core/init.32
LOAD net/core/mem.32
LOAD net/core/memp.32
LOAD net/core/netif.32
LOAD net/core/pbuf.32
LOAD net/core/raw.32
LOAD net/core/stats.32
LOAD net/core/sys.32
LOAD net/core/tcp.32
LOAD net/core/tcp_in.32
LOAD net/core/tcp_out.32
LOAD net/core/timers.32
LOAD net/core/udp.32
LOAD net/netif/etharp.32
LOAD net/netif/ethernetif.32
LOAD net/netif/slipif.32
LOAD net/core/ipv4/autoip.32
LOAD net/core/ipv4/icmp.32
LOAD net/core/ipv4/igmp.32
LOAD net/core/ipv4/inet.32
LOAD net/core/ipv4/inet_chksum.32
LOAD net/core/ipv4/ip.32
LOAD net/core/ipv4/ip_addr.32
LOAD net/core/ipv4/ip_frag.32
LOAD net/core/snmp/asn1_dec.32
LOAD net/core/snmp/asn1_enc.32
LOAD net/core/snmp/mib2.32
LOAD net/core/snmp/mib_structs.32
LOAD net/core/snmp/msg_in.32
LOAD net/core/snmp/msg_out.32
LOAD net/netif/ppp/auth.32
LOAD net/netif/ppp/chap.32
LOAD net/netif/ppp/chpms.32
LOAD net/netif/ppp/fsm.32
LOAD net/netif/ppp/ipcp.32
LOAD net/netif/ppp/lcp.32
LOAD net/netif/ppp/magic.32
LOAD net/netif/ppp/md5.32
LOAD net/netif/ppp/pap.32
LOAD net/netif/ppp/ppp.32
LOAD net/netif/ppp/ppp_oe.32
LOAD net/netif/ppp/randm.32
LOAD net/netif/ppp/vj.32
LOAD core/computer.32
LOAD core/gdt.32
LOAD core/idle.32
LOAD core/idt.32
LOAD core/kheap.32
LOAD core/main.32
LOAD core/physmgr.32
LOAD core/pipe.32
LOAD core/terminal.32
LOAD core/tss.32
LOAD core/unixfile.32
LOAD core/virtmgr.32
LOAD coreobjs/c++.32
LOAD dbg/kconsole.32
LOAD dbg/usban.32
LOAD fs/symlink.32
LOAD fs/vfs.32
LOAD hal/bus.32
LOAD hal/buzzer.32
LOAD hal/clock.32
LOAD hal/device.32
LOAD hal/diskctrl.32
LOAD hal/diskphys.32
LOAD hal/fpu.32
LOAD hal/intctrl.32
LOAD hal/keybrd.32
LOAD hal/logidisk.32
LOAD hal/mouse.32
LOAD hal/nic.32
LOAD hal/partition.32
LOAD hal/serial.32
LOAD hal/timer.32
LOAD hal/vcache.32
LOAD hal/video.32
LOAD hw/acpi.32
LOAD hw/cpu.32
LOAD krnl/atexit.32
LOAD krnl/bootmsg.32
LOAD krnl/cdefs.32
LOAD krnl/compat.32
LOAD krnl/crc32.32
LOAD krnl/env.32
LOAD krnl/inlines.32
LOAD krnl/mutex.32
LOAD krnl/panic.32
LOAD krnl/powctrl.32
LOAD krnl/random.32
LOAD krnl/resolve.32
LOAD krnl/semaphore.32
LOAD krnl/signal.32
LOAD krnl/syscalls.32
LOAD net/ethernet.32
LOAD net/netosl.32
LOAD reg/cm.32
LOAD reg/registry.32
LOAD sys/eject.32
LOAD sys/exit.32
LOAD sys/getcwd.32
LOAD sys/getpid.32
LOAD sys/getramdata.32
LOAD sys/getvgaptr.32
LOAD sys/kill.32
LOAD sys/loaddll.32
LOAD sys/read.32
LOAD sys/registersignal.32
LOAD sys/registry.32
LOAD sys/sbrk.32
LOAD sys/setcwd.32
LOAD sys/settime.32
LOAD sys/symlink.32
LOAD sys/timezone.32
LOAD sys/truncate.32
LOAD sys/write.32
LOAD sys/wsbe.32
LOAD sys/yield.32
LOAD thr/elf.32
LOAD thr/prcssthr.32
LOAD vm86/vm8086.32
LOAD arch/i386/hal.32
LOAD arch/i386/pic.32
LOAD arch/i386/rtc.32
LOAD arch/i386/vga.32
LOAD fs/fat/vfslink.32
LOAD fs/iso9660/helper.32
LOAD fs/iso9660/vfslink.32
LOAD hal/sound/sndcard.32
LOAD hal/sound/sndport.32
LOAD hw/bus/isa.32
LOAD hw/bus/pci.32
LOAD hw/diskctrl/ide.32
LOAD hw/diskctrl/satabus.32
LOAD hw/diskphys/ata.32
LOAD hw/diskphys/atapi.32
LOAD hw/diskphys/sata.32
LOAD hw/diskphys/satapi.32
LOAD hw/intctrl/apic.32
LOAD hw/timer/apictimer.32
LOAD hw/timer/pit.32
LOAD arch/i386/avx.32
LOAD arch/i386/interrupt.32
LOAD arch/i386/rdrand.32
LOAD arch/i386/sse.32
LOAD arch/i386/x87.32
LOAD /cygdrive/d/Users/Alex/Desktop/Toolchain/Output/bin/../lib/gcc/i386-banana/8.1.0/crtend.o
LOAD crtn.32
LOAD /cygdrive/d/Users/Alex/Desktop/Toolchain/Output/bin/../lib/gcc/i386-banana/8.1.0/libkgcc.a
LOAD D:/Users/Alex/Desktop/Banana/kernel/libsoftfp.a
LOAD D:/Users/Alex/Desktop/Banana/kernel/libk/libm32.a
                0x00000000c0000000                . = 0xc0000000

.text           0x00000000c0000000    0x2ed1a
 *(.text)
 .text          0x00000000c0000000       0x20 D:/Users/Alex/Desktop/Banana/kernel/boot.32
 .text          0x00000000c0000020        0x0 crti.32
 .text          0x00000000c0000020      0x101 /cygdrive/d/Users/Alex/Desktop/Toolchain/Output/bin/../lib/gcc/i386-banana/8.1.0/crtbegin.o
 *fill*         0x00000000c0000121        0xf 
 .text          0x00000000c0000130      0x24f D:/Users/Alex/Desktop/Banana/kernel/morenasm.32
                0x00000000c0000130                manualPCIProbe
                0x00000000c000017b                prepareTramp
                0x00000000c0000194                doTPAUSE
                0x00000000c000019e                hasLegacyFPU
                0x00000000c00001c3                is486
                0x00000000c00001f9                detectCPUID
                0x00000000c000020f                goToVM86
                0x00000000c000023f                goToUsermode
                0x00000000c0000269                switchToThreadASMFirstTime
                0x00000000c0000277                switchToThreadASM
                0x00000000c00002fc                asmQuickAcquireLock
                0x00000000c000031a                asmQuickReleaseLock
                0x00000000c0000326                asmAcquireLock
                0x00000000c0000347                asmReleaseLock
                0x00000000c000035a                loadGDT
                0x00000000c000037a                memcpy
 *fill*         0x00000000c000037f        0x1 
 .text          0x00000000c0000380      0x868 acpica/utclib.32
                0x00000000c0000380                memcmp
                0x00000000c00003d0                memmove
                0x00000000c00004f0                memset
                0x00000000c0000570                strlen
                0x00000000c00005a0                strpbrk
                0x00000000c00005f0                strtok
                0x00000000c0000640                strcpy
                0x00000000c0000680                strncpy
                0x00000000c0000750                strcmp
                0x00000000c00007a0                strchr
                0x00000000c00007e0                strncmp
                0x00000000c0000840                strcat
                0x00000000c0000870                strncat
                0x00000000c00008d0                strstr
                0x00000000c0000930                toupper
                0x00000000c0000950                tolower
                0x00000000c0000970                simple_strtoul
 .text          0x00000000c0000be8       0x53 arch/cc.32
                0x00000000c0000be8                LWIP_PLATFORM_HTONS
                0x00000000c0000c0c                LWIP_PLATFORM_HTONL
 *fill*         0x00000000c0000c3b        0x1 
 .text          0x00000000c0000c3c      0x162 arch/sys_arch.32
                0x00000000c0000c3c                lwip_socket_init
                0x00000000c0000c54                tcpip_callback_with_block
                0x00000000c0000c6c                sys_sem_new
                0x00000000c0000c94                sys_sem_free
                0x00000000c0000cac                sys_sem_signal
                0x00000000c0000cc4                sys_arch_sem_wait
                0x00000000c0000ce0                sys_mbox_new
                0x00000000c0000cfc                sys_mbox_free
                0x00000000c0000d14                sys_mbox_post
                0x00000000c0000d2c                sys_arch_mbox_fetch
                0x00000000c0000d48                sys_arch_mbox_tryfetch
                0x00000000c0000d64                sys_mbox_trypost
                0x00000000c0000d7c                sys_thread_new
                0x00000000c0000d9c                sys_init
 .text          0x00000000c0000d9e     0x1140 core/malloc.32
                0x00000000c0000f09                dlfree
                0x00000000c00013d0                dlmalloc
                0x00000000c000190d                dlrealloc
                0x00000000c0001aea                dlmemalign
                0x00000000c0001c0d                dlcalloc
                0x00000000c0001c9e                dlcfree
                0x00000000c0001ca3                dlindependent_calloc
                0x00000000c0001cc8                dlindependent_comalloc
                0x00000000c0001cdf                dlvalloc
                0x00000000c0001d0a                dlpvalloc
                0x00000000c0001d40                dlmalloc_trim
                0x00000000c0001d4d                dlmalloc_usable_size
                0x00000000c0001d7e                dlmallinfo
                0x00000000c0001e4d                dlmalloc_stats
                0x00000000c0001e5e                dlmallopt
 *fill*         0x00000000c0001ede        0x2 
 .text          0x00000000c0001ee0      0x1f2 libk/ctype.32
                0x00000000c0001ee0                isblank
                0x00000000c0001f00                iscntrl
                0x00000000c0001f20                isdigit
                0x00000000c0001f3c                islower
                0x00000000c0001f58                isspace
                0x00000000c0001f80                isupper
                0x00000000c0001f9c                isalpha
                0x00000000c0001fcc                isalnum
                0x00000000c0001ffc                ispunct
                0x00000000c000203c                isgraph
                0x00000000c000206c                isprint
                0x00000000c0002094                isxdigit
 .text          0x00000000c00020d2        0x0 libk/string.32
 .text          0x00000000c00020d2       0x51 fs/fat/diskio.32
                0x00000000c00020d2                disk_status
                0x00000000c00020d5                disk_initialize
                0x00000000c00020d8                disk_read
                0x00000000c00020ee                disk_write
                0x00000000c0002104                disk_ioctl
 .text          0x00000000c0002123     0x3e46 fs/fat/ff.32
                0x00000000c0003f44                f_mount
                0x00000000c0003fa6                f_open
                0x00000000c0004269                f_read
                0x00000000c0004468                f_write
                0x00000000c00046b0                f_sync
                0x00000000c0004775                f_close
                0x00000000c00047a4                f_lseek
                0x00000000c0004955                f_opendir
                0x00000000c0004a20                f_closedir
                0x00000000c0004a42                f_readdir
                0x00000000c0004ad4                f_stat
                0x00000000c0004b53                f_getfree
                0x00000000c0004c5c                f_truncate
                0x00000000c0004d46                f_unlink
                0x00000000c0004e68                f_mkdir
                0x00000000c0005003                f_rename
                0x00000000c00051bb                f_chmod
                0x00000000c000526b                f_utime
                0x00000000c000531b                f_getlabel
                0x00000000c000546c                f_setlabel
                0x00000000c00055fc                f_expand
                0x00000000c0005769                f_mkfs
 *fill*         0x00000000c0005f69        0x3 
 .text          0x00000000c0005f6c       0x2f fs/fat/ffsystem.32
                0x00000000c0005f6c                ff_memalloc
                0x00000000c0005f84                ff_memfree
 *fill*         0x00000000c0005f9b        0x1 
 .text          0x00000000c0005f9c      0x2dc fs/fat/ffunicode.32
                0x00000000c0005f9c                ff_uni2oem
                0x00000000c000603c                ff_oem2uni
                0x00000000c00060b4                ff_wtoupper
 .text          0x00000000c0006278      0xd32 fs/iso9660/iso9660.32
                0x00000000c00064c3                isoReadDiscSector
                0x00000000c000655e                strnicmp
                0x00000000c000680d                stricmp
                0x00000000c0006859                iso_open
                0x00000000c00068e3                iso_close
                0x00000000c0006901                iso_read
                0x00000000c0006a17                iso_seek
                0x00000000c0006a9b                iso_tell
                0x00000000c0006acc                iso_total
                0x00000000c0006af7                fn_postprocess
                0x00000000c0006b1e                iso_readdir
                0x00000000c0006d75                iso_reset
                0x00000000c0006d92                init_percd
                0x00000000c0006e8c                iso_ioctl
                0x00000000c0006ea4                fs_iso9660_init
                0x00000000c0006f3a                fs_iso9660_shutdown
 .text          0x00000000c0006faa        0x0 net/core/def.32
 .text          0x00000000c0006faa        0x0 net/core/dhcp.32
 .text          0x00000000c0006faa        0x0 net/core/dns.32
 *fill*         0x00000000c0006faa        0x2 
 .text          0x00000000c0006fac       0x2b net/core/init.32
                0x00000000c0006fac                lwip_init
 *fill*         0x00000000c0006fd7        0x1 
 .text          0x00000000c0006fd8      0x9f0 net/core/mem.32
                0x00000000c000716c                mem_init
                0x00000000c0007214                mem_free
                0x00000000c0007338                mem_trim
                0x00000000c0007648                mem_malloc
                0x00000000c0007964                mem_calloc
 .text          0x00000000c00079c8      0x2e8 net/core/memp.32
                0x00000000c00079c8                memp_init
                0x00000000c0007b0c                memp_malloc
                0x00000000c0007c38                memp_free
 .text          0x00000000c0007cb0      0x4ba net/core/netif.32
                0x00000000c0007cb0                netif_init
                0x00000000c0007cb4                netif_find
                0x00000000c0007d4c                netif_set_ipaddr
                0x00000000c0007e44                netif_set_gw
                0x00000000c0007e68                netif_set_netmask
                0x00000000c0007e8c                netif_set_addr
                0x00000000c0007ed0                netif_add
                0x00000000c0007f9c                netif_set_default
                0x00000000c0007fa8                netif_set_up
                0x00000000c000800c                netif_set_down
                0x00000000c0008034                netif_remove
                0x00000000c00080e0                netif_set_link_up
                0x00000000c0008144                netif_set_link_down
 *fill*         0x00000000c000816a        0x2 
 .text          0x00000000c000816c     0x16ac net/core/pbuf.32
                0x00000000c0008234                pbuf_alloced_custom
                0x00000000c0008358                pbuf_header
                0x00000000c00084f4                pbuf_free
                0x00000000c00086cc                pbuf_alloc
                0x00000000c0008ac4                pbuf_realloc
                0x00000000c0008cc8                pbuf_clen
                0x00000000c0008cfc                pbuf_ref
                0x00000000c0008d2c                pbuf_cat
                0x00000000c0008e0c                pbuf_chain
                0x00000000c0008e38                pbuf_dechain
                0x00000000c0008f2c                pbuf_copy
                0x00000000c0009194                pbuf_copy_partial
                0x00000000c0009338                pbuf_take
                0x00000000c00094b8                pbuf_coalesce
                0x00000000c000954c                pbuf_get_at
                0x00000000c00095e4                pbuf_memcmp
                0x00000000c00096f0                pbuf_memfind
                0x00000000c00097a4                pbuf_strstr
 .text          0x00000000c0009818      0x3e4 net/core/raw.32
                0x00000000c0009818                raw_input
                0x00000000c0009924                raw_bind
                0x00000000c0009948                raw_connect
                0x00000000c000996c                raw_recv
                0x00000000c0009984                raw_sendto
                0x00000000c0009af0                raw_send
                0x00000000c0009b14                raw_remove
                0x00000000c0009b94                raw_new
 .text          0x00000000c0009bfc        0x2 net/core/stats.32
                0x00000000c0009bfc                stats_init
 *fill*         0x00000000c0009bfe        0x2 
 .text          0x00000000c0009c00       0x55 net/core/sys.32
                0x00000000c0009c00                sys_msleep
 *fill*         0x00000000c0009c55        0x3 
 .text          0x00000000c0009c58     0x1dec net/core/tcp.32
                0x00000000c0009c68                tcp_listen_with_backlog
                0x00000000c0009e18                tcp_update_rcv_ann_wnd
                0x00000000c0009ef4                tcp_recved
                0x00000000c000a03c                tcp_bind
                0x00000000c000a16c                tcp_seg_free
                0x00000000c000a1b0                tcp_segs_free
                0x00000000c000a1e8                tcp_setprio
                0x00000000c000a204                tcp_seg_copy
                0x00000000c000a258                tcp_arg
                0x00000000c000a268                tcp_recv
                0x00000000c000a278                tcp_sent
                0x00000000c000a288                tcp_err
                0x00000000c000a298                tcp_accept
                0x00000000c000a2a8                tcp_poll
                0x00000000c000a2d0                tcp_pcb_purge
                0x00000000c000a3b4                tcp_slowtmr
                0x00000000c000ab38                tcp_pcb_remove
                0x00000000c000afe0                tcp_close
                0x00000000c000b01c                tcp_recv_null
                0x00000000c000b080                tcp_fasttmr
                0x00000000c000b1a4                tcp_tmr
                0x00000000c000b1d4                tcp_shutdown
                0x00000000c000b280                tcp_abandon
                0x00000000c000b414                tcp_abort
                0x00000000c000b580                tcp_next_iss
                0x00000000c000b598                tcp_alloc
                0x00000000c000b744                tcp_new
                0x00000000c000b758                tcp_eff_send_mss
                0x00000000c000b7c8                tcp_connect
                0x00000000c000ba38                tcp_debug_state_str
 .text          0x00000000c000ba44     0x3131 net/core/tcp_in.32
                0x00000000c000e0a4                tcp_input
 *fill*         0x00000000c000eb75        0x3 
 .text          0x00000000c000eb78     0x1f81 net/core/tcp_out.32
                0x00000000c000f0e8                tcp_write
                0x00000000c000f988                tcp_enqueue_flags
                0x00000000c000fc74                tcp_send_fin
                0x00000000c000fd14                tcp_send_empty_ack
                0x00000000c0010024                tcp_output
                0x00000000c00104b0                tcp_rst
                0x00000000c0010624                tcp_rexmit_rto
                0x00000000c00106b4                tcp_rexmit
                0x00000000c001077c                tcp_rexmit_fast
                0x00000000c0010860                tcp_keepalive
                0x00000000c0010928                tcp_zero_window_probe
 *fill*         0x00000000c0010af9        0x3 
 .text          0x00000000c0010afc      0x44d net/core/timers.32
                0x00000000c0010afc                sys_timeout
                0x00000000c0010cb4                tcp_timer_needed
                0x00000000c0010d48                sys_timeouts_init
                0x00000000c0010d80                sys_untimeout
                0x00000000c0010e4c                sys_timeouts_mbox_fetch
 *fill*         0x00000000c0010f49        0x3 
 .text          0x00000000c0010f4c      0xae8 net/core/udp.32
                0x00000000c0010f4c                udp_input
                0x00000000c00113c0                udp_bind
                0x00000000c0011540                udp_sendto_if
                0x00000000c00117c0                udp_sendto
                0x00000000c0011824                udp_send
                0x00000000c0011850                udp_connect
                0x00000000c0011930                udp_disconnect
                0x00000000c001195c                udp_recv
                0x00000000c0011974                udp_remove
                0x00000000c00119f4                udp_new
 .text          0x00000000c0011a34     0x1204 net/netif/etharp.32
                0x00000000c0011a8c                etharp_tmr
                0x00000000c001205c                etharp_find_addr
                0x00000000c00125bc                etharp_request
                0x00000000c00125f8                etharp_query
                0x00000000c0012934                etharp_output
                0x00000000c0012af4                ethernet_input
 .text          0x00000000c0012c38        0x0 net/netif/ethernetif.32
 .text          0x00000000c0012c38        0x0 net/netif/slipif.32
 .text          0x00000000c0012c38        0x0 net/core/ipv4/autoip.32
 .text          0x00000000c0012c38      0x5dd net/core/ipv4/icmp.32
                0x00000000c0012c38                icmp_input
                0x00000000c00131d0                icmp_dest_unreach
                0x00000000c00131f4                icmp_time_exceeded
 .text          0x00000000c0013215        0x0 net/core/ipv4/igmp.32
 .text          0x00000000c0013215        0x0 net/core/ipv4/inet.32
 *fill*         0x00000000c0013215        0x3 
 .text          0x00000000c0013218      0x582 net/core/ipv4/inet_chksum.32
                0x00000000c0013310                inet_chksum_pseudo
                0x00000000c00134a0                inet_chksum_pseudo_partial
                0x00000000c0013690                inet_chksum
                0x00000000c00136b8                inet_chksum_pbuf
 *fill*         0x00000000c001379a        0x2 
 .text          0x00000000c001379c      0x84c net/core/ipv4/ip.32
                0x00000000c001379c                ip_route
                0x00000000c0013830                ip_input
                0x00000000c0013c74                ip_output_if
                0x00000000c0013f44                ip_output
 .text          0x00000000c0013fe8      0x5ac net/core/ipv4/ip_addr.32
                0x00000000c0013fe8                ip4_addr_isbroadcast
                0x00000000c0014070                ip4_addr_netmask_valid
                0x00000000c00140d4                ipaddr_aton
                0x00000000c0014404                ipaddr_addr
                0x00000000c0014434                ipaddr_ntoa_r
                0x00000000c0014580                ipaddr_ntoa
 .text          0x00000000c0014594     0x1161 net/core/ipv4/ip_frag.32
                0x00000000c00147f8                ip_reass_tmr
                0x00000000c0014e88                ip_reass
                0x00000000c0015348                ip_frag
 .text          0x00000000c00156f5        0x0 net/core/snmp/asn1_dec.32
 .text          0x00000000c00156f5        0x0 net/core/snmp/asn1_enc.32
 .text          0x00000000c00156f5        0x0 net/core/snmp/mib2.32
 .text          0x00000000c00156f5        0x0 net/core/snmp/mib_structs.32
 .text          0x00000000c00156f5        0x0 net/core/snmp/msg_in.32
 .text          0x00000000c00156f5        0x0 net/core/snmp/msg_out.32
 .text          0x00000000c00156f5        0x0 net/netif/ppp/auth.32
 .text          0x00000000c00156f5        0x0 net/netif/ppp/chap.32
 .text          0x00000000c00156f5        0x0 net/netif/ppp/chpms.32
 .text          0x00000000c00156f5        0x0 net/netif/ppp/fsm.32
 .text          0x00000000c00156f5        0x0 net/netif/ppp/ipcp.32
 .text          0x00000000c00156f5        0x0 net/netif/ppp/lcp.32
 .text          0x00000000c00156f5        0x0 net/netif/ppp/magic.32
 .text          0x00000000c00156f5        0x0 net/netif/ppp/md5.32
 .text          0x00000000c00156f5        0x0 net/netif/ppp/pap.32
 .text          0x00000000c00156f5        0x0 net/netif/ppp/ppp.32
 .text          0x00000000c00156f5        0x0 net/netif/ppp/ppp_oe.32
 .text          0x00000000c00156f5        0x0 net/netif/ppp/randm.32
 .text          0x00000000c00156f5        0x0 net/netif/ppp/vj.32
 *fill*         0x00000000c00156f5        0x1 
 .text          0x00000000c00156f6      0x6c1 core/computer.32
                0x00000000c00156f6                Computer::close(int, int, void*)
                0x00000000c0015744                Krnl::firstTask()
                0x00000000c001587c                Computer::Computer()
                0x00000000c001587c                Computer::Computer()
                0x00000000c001592c                Computer::setBootMessage(char const*)
                0x00000000c001592e                Computer::detectFeatures()
                0x00000000c0015b54                Computer::displayFeatures()
                0x00000000c0015b56                Computer::rdmsr(unsigned int)
                0x00000000c0015b82                Computer::wrmsr(unsigned int, unsigned long long)
                0x00000000c0015bbe                Computer::shutdown()
                0x00000000c0015bd6                Computer::restart()
                0x00000000c0015bee                Computer::sleep()
                0x00000000c0015c02                Computer::nmiEnabled()
                0x00000000c0015c0e                Computer::readCMOS(unsigned char)
                0x00000000c0015c2c                Computer::enableNMI(bool)
                0x00000000c0015c44                Computer::open(int, int, void*)
                0x00000000c0015d18                Computer::disableNMI()
                0x00000000c0015d28                Computer::writeCMOS(unsigned char, unsigned char)
                0x00000000c0015d4c                Computer::handleNMI()
 *fill*         0x00000000c0015db7        0x1 
 .text          0x00000000c0015db8      0x1db core/gdt.32
                0x00000000c0015db8                GDTEntry::setBase(unsigned int)
                0x00000000c0015dd4                GDTEntry::setLimit(unsigned int)
                0x00000000c0015df2                GDT::GDT()
                0x00000000c0015df2                GDT::GDT()
                0x00000000c0015e08                GDT::addEntry(GDTEntry)
                0x00000000c0015e2a                GDT::getNumberOfEntries()
                0x00000000c0015e32                GDT::flush()
                0x00000000c0015e54                GDT::setup()
 .text          0x00000000c0015f93       0x1d core/idle.32
                0x00000000c0015f93                idleFunction(void*)
 .text          0x00000000c0015fb0      0x46c core/idt.32
                0x00000000c0015fb0                IDTEntry::IDTEntry(bool)
                0x00000000c0015fb0                IDTEntry::IDTEntry(bool)
                0x00000000c001602a                IDTEntry::setOffset(unsigned int)
                0x00000000c0016040                IDT::IDT()
                0x00000000c0016040                IDT::IDT()
                0x00000000c0016042                IDT::getPointerToInvalidOpcodeEntryForF00F()
                0x00000000c001604a                IDT::addEntry(IDTEntry, int)
                0x00000000c0016064                IDT::addEntry(int, void (*)(), bool)
                0x00000000c001609c                IDT::flush()
                0x00000000c00160b6                IDT::setup()
 .text          0x00000000c001641c      0x205 core/kheap.32
                0x00000000c001641c                sbrk
                0x00000000c00164b3                sbrk_thunk
                0x00000000c00164e9                mmap
                0x00000000c0016547                munmap
                0x00000000c001655c                liballoc_lock()
                0x00000000c001656a                liballoc_unlock()
                0x00000000c0016580                liballoc_alloc(int)
                0x00000000c0016598                liballoc_free(void*, int)
                0x00000000c00165b3                realloc
                0x00000000c00165c7                malloc
                0x00000000c00165d7                free
                0x00000000c00165e7                rfree
                0x00000000c00165f7                calloc
 .text          0x00000000c0016621       0xc7 core/main.32
                0x00000000c0016621                KeEntryPoint
 .text          0x00000000c00166e8      0x644 core/physmgr.32
                0x00000000c00166e8                Phys::allocateDMA(unsigned long)
                0x00000000c00167d0                Phys::freeDMA(unsigned long, unsigned long)
                0x00000000c001680b                Phys::setPageState(unsigned long, bool)
                0x00000000c001684b                Phys::getPageState(unsigned long)
                0x00000000c0016867                Phys::freePage(unsigned long)
                0x00000000c00168d0                Phys::allocatePage()
                0x00000000c001699f                Phys::allocateContiguousPages(int)
                0x00000000c0016a06                Phys::allowSegmentToBeUsed(unsigned long, unsigned long)
                0x00000000c0016a3e                Phys::physicalMemorySetup(unsigned int)
 .text          0x00000000c0016d2c      0x273 core/pipe.32
                0x00000000c0016d2c                Pipe::isAtty()
                0x00000000c0016d30                Pipe::~Pipe()
                0x00000000c0016d30                Pipe::~Pipe()
                0x00000000c0016d54                Pipe::~Pipe()
                0x00000000c0016d7c                Pipe::write(unsigned long long, void*, int*)
                0x00000000c0016e3c                Pipe::read(unsigned long long, void*, int*)
                0x00000000c0016f38                Pipe::Pipe(int)
                0x00000000c0016f38                Pipe::Pipe(int)
 *fill*         0x00000000c0016f9f        0x1 
 .text          0x00000000c0016fa0      0xab3 core/terminal.32
                0x00000000c0016fa0                VgaText::isAtty()
                0x00000000c0016fa4                VgaText::~VgaText()
                0x00000000c0016fa4                VgaText::~VgaText()
                0x00000000c0016fc8                VgaText::~VgaText()
                0x00000000c0016ff2                VgaText::read(unsigned long long, void*, int*)
                0x00000000c0017012                setTerminalScrollLock(bool)
                0x00000000c0017013                doTerminalCycle()
                0x00000000c0017014                addToTerminalCycle(VgaText*)
                0x00000000c0017015                scrollTerminalScrollLock(int)
                0x00000000c0017016                VgaText::updateTitle()
                0x00000000c0017018                VgaText::load()
                0x00000000c001701a                VgaText::updateCursor()
                0x00000000c0017030                VgaText::doANSI_SGR(int)
                0x00000000c00170a4                VgaText::setDefaultBgColour(VgaColour)
                0x00000000c00170b4                VgaText::setDefaultFgColour(VgaColour)
                0x00000000c00170c4                VgaText::setDefaultColours(VgaColour, VgaColour)
                0x00000000c00170e4                VgaText::setTitleTextColour(VgaColour)
                0x00000000c00170f0                VgaText::setTitleColour(VgaColour)
                0x00000000c00170fc                VgaText::setTitle(char*)
                0x00000000c00170fe                VgaText::combineColours(unsigned char, unsigned char)
                0x00000000c0017110                VgaText::scrollScreen()
                0x00000000c00171a2                VgaText::combineCharAndColour(char, unsigned char)
                0x00000000c00171b2                VgaText::writeCharacter(char, VgaColour, VgaColour, int, int)
                0x00000000c0017242                VgaText::getCursorX()
                0x00000000c001724a                VgaText::getCursorY()
                0x00000000c0017252                VgaText::setCursor(int, int)
                0x00000000c0017269                setActiveTerminal(VgaText*)
                0x00000000c00172b4                VgaText::clearScreen()
                0x00000000c0017302                VgaText::setCursorX(int)
                0x00000000c001731a                VgaText::setCursorY(int)
                0x00000000c0017332                VgaText::incrementCursor(bool)
                0x00000000c0017386                VgaText::decrementCursor(bool)
                0x00000000c00173a8                VgaText::putchar(char, VgaColour, VgaColour)
                0x00000000c0017478                VgaText::putchar(char)
                0x00000000c0017570                VgaText::putx(unsigned int)
                0x00000000c00175b6                VgaText::puts(char const*)
                0x00000000c00175dc                VgaText::write(unsigned long long, void*, int*)
                0x00000000c0017628                VgaText::puts(char const*, VgaColour, VgaColour)
                0x00000000c0017776                VgaText::VgaText(char const*)
                0x00000000c0017776                VgaText::VgaText(char const*)
                0x00000000c00178c6                VgaText::receiveKey(unsigned char)
                0x00000000c0017a52                VgaText::doUpdate()
 *fill*         0x00000000c0017a53        0x1 
 .text          0x00000000c0017a54      0x1a1 core/tss.32
                0x00000000c0017a54                TSS::TSS()
                0x00000000c0017a54                TSS::TSS()
                0x00000000c0017a64                TSS::setESP(unsigned long)
                0x00000000c0017a78                TSS::flush()
                0x00000000c0017a98                TSS::setup(unsigned long, unsigned long)
 *fill*         0x00000000c0017bf5        0x1 
 .text          0x00000000c0017bf6      0x4ca core/unixfile.32
                0x00000000c0017bf6                ReservedFilename::read(unsigned long long, void*, int*)
                0x00000000c0017c4c                ReservedFilename::isAtty()
                0x00000000c0017c68                ReservedFilename::write(unsigned long long, void*, int*)
                0x00000000c0017cc6                UnixFile::getFileDescriptor()
                0x00000000c0017cce                UnixFile::UnixFile(int)
                0x00000000c0017cce                UnixFile::UnixFile(int)
                0x00000000c0017e82                ReservedFilename::ReservedFilename(int)
                0x00000000c0017e82                ReservedFilename::ReservedFilename(int)
                0x00000000c0017eb4                UnixFile::~UnixFile()
                0x00000000c0017eb4                UnixFile::~UnixFile()
                0x00000000c0017f50                UnixFile::~UnixFile()
                0x00000000c0017f78                ReservedFilename::~ReservedFilename()
                0x00000000c0017f78                ReservedFilename::~ReservedFilename()
                0x00000000c0017f9c                ReservedFilename::~ReservedFilename()
                0x00000000c0017fc3                KeGetFileFromDescriptor(int)
 .text          0x00000000c00180c0     0x1218 core/virtmgr.32
                0x00000000c00180c0                Virt::setPageState(unsigned long, Virt::VirtPageState)
                0x00000000c00180fa                Virt::getPageState(unsigned long)
                0x00000000c001811d                Virt::allocateKernelVirtualPages(int)
                0x00000000c0018242                Virt::freeSwapfilePage(unsigned long)
                0x00000000c0018265                Virt::swapIDToSector(unsigned long)
                0x00000000c001827b                Virt::allocateSwapfilePage()
                0x00000000c00182fb                Virt::virtualMemorySetup()
                0x00000000c001834c                Virt::setupPageSwapping(int)
                0x00000000c00183be                VAS::setCPUSpecific(unsigned long)
                0x00000000c00183c0                VAS::VAS(VAS*)
                0x00000000c00183c0                VAS::VAS(VAS*)
                0x00000000c00183ee                VAS::getForeignPageTableEntry(bool, unsigned long)
                0x00000000c001841c                VAS::getPageTableEntry(unsigned long)
                0x00000000c001843b                Virt::freeKernelVirtualPages(unsigned long)
                0x00000000c0018578                VAS::freeAllocatedPages(unsigned long)
                0x00000000c001859c                VAS::virtualToPhysical(unsigned long)
                0x00000000c00185b6                VAS::reflagRange(unsigned long, int, unsigned long, unsigned long)
                0x00000000c00185f8                VAS::VAS()
                0x00000000c00185f8                VAS::VAS()
                0x00000000c0018662                VAS::setToWriteCombining(unsigned long, int)
                0x00000000c0018696                VAS::mapOtherVASIn(bool, VAS*)
                0x00000000c00186c2                VAS::~VAS()
                0x00000000c00186c2                VAS::~VAS()
                0x00000000c0018830                VAS::mapPage(unsigned long, unsigned long, int)
                0x00000000c0018934                VAS::allocatePages(int, int)
                0x00000000c0018a2a                VAS::mapRange(unsigned long, unsigned long, int, int)
                0x00000000c0018a82                VAS::mapForeignPage(bool, VAS*, unsigned long, unsigned long, int)
                0x00000000c0018b78                VAS::VAS(bool)
                0x00000000c0018b78                VAS::VAS(bool)
                0x00000000c0018dc2                VAS::evict(unsigned long)
                0x00000000c0018ea0                VAS::tryLoadBackOffDisk(unsigned long)
                0x00000000c001903a                VAS::allocateSharedMemoryWithKernel(unsigned long, unsigned long*)
                0x00000000c00190ae                VAS::freeSharedMemoryWithKernel(unsigned long, unsigned long)
                0x00000000c00190da                VAS::scanForEviction()
                0x00000000c00191dd                mapVASFirstTime
 .text          0x00000000c00192d8       0x5f coreobjs/c++.32
                0x00000000c00192d8                __cxa_atexit
                0x00000000c00192db                __cxa_finalize
                0x00000000c00192dc                __stack_chk_fail
                0x00000000c0019312                __cxa_pure_virtual
                0x00000000c0019323                operator new[](unsigned long)
                0x00000000c0019328                operator delete(void*, unsigned long)
                0x00000000c001932d                operator delete[](void*)
                0x00000000c0019332                operator delete[](void*, unsigned long)
 .text          0x00000000c0019337      0x254 dbg/kconsole.32
                0x00000000c0019337                Dbg::stringifyxWithBase(unsigned int, char*, int)
                0x00000000c00193d7                Dbg::logc(char)
                0x00000000c00193f7                Dbg::logs(char*)
                0x00000000c0019416                Dbg::logWriteInt(unsigned int)
                0x00000000c0019434                Dbg::logWriteIntBase(unsigned int, int)
                0x00000000c0019455                Dbg::kprintf(char const*, ...)
 *fill*         0x00000000c001958b        0x1 
 .text          0x00000000c001958c      0x2d4 dbg/usban.32
                0x00000000c001958c                KiUbsanPrintDetails(char const*, void*)
                0x00000000c00195f8                __ubsan_handle_type_mismatch_v1
                0x00000000c00196d4                __ubsan_handle_pointer_overflow
                0x00000000c0019700                __ubsan_handle_out_of_bounds
                0x00000000c001972c                __ubsan_handle_add_overflow
                0x00000000c0019758                __ubsan_handle_load_invalid_value
                0x00000000c0019784                __ubsan_handle_divrem_overflow
                0x00000000c00197b0                __ubsan_handle_mul_overflow
                0x00000000c00197dc                __ubsan_handle_sub_overflow
                0x00000000c0019808                __ubsan_handle_shift_out_of_bounds
                0x00000000c0019834                __ubsan_handle_negate_overflow
 .text          0x00000000c0019860      0x86d fs/symlink.32
                0x00000000c00199af                KiDeinitialiseSymlinks(void*)
                0x00000000c0019a42                KeRegisterSymlink(char const*, unsigned long long)
                0x00000000c0019ad4                KeInitialiseSymlinks()
                0x00000000c0019c48                KiIsSymlinkRegistered(char const*)
                0x00000000c0019dcc                KeDereferenceSymlink(char const*, char*)
                0x00000000c0019f73                KeCreateSymlink(char const*, char const*)
 *fill*         0x00000000c001a0cd        0x1 
 .text          0x00000000c001a0ce      0xd68 fs/vfs.32
                0x00000000c001a0ce                File::read(unsigned long long, void*, int*)
                0x00000000c001a126                File::write(unsigned long long, void*, int*)
                0x00000000c001a17e                Directory::read(unsigned long long, void*, int*)
                0x00000000c001a1d6                Directory::write(unsigned long long, void*, int*)
                0x00000000c001a204                File::isAtty()
                0x00000000c001a208                Directory::isAtty()
                0x00000000c001a20c                Filesystem::getlabel(LogicalDisk*, int, char*, unsigned int*)
                0x00000000c001a212                Filesystem::setlabel(LogicalDisk*, int, char*)
                0x00000000c001a218                Filesystem::allocateSwapfile(char const*, int)
                0x00000000c001a21e                File::~File()
                0x00000000c001a21e                File::~File()
                0x00000000c001a242                File::~File()
                0x00000000c001a26c                Directory::~Directory()
                0x00000000c001a26c                Directory::~Directory()
                0x00000000c001a290                Directory::~Directory()
                0x00000000c001a2ba                Filesystem::Filesystem()
                0x00000000c001a2ba                Filesystem::Filesystem()
                0x00000000c001a2de                Filesystem::~Filesystem()
                0x00000000c001a2de                Filesystem::~Filesystem()
                0x00000000c001a2ec                Filesystem::~Filesystem()
                0x00000000c001a310                Fs::getcwd(Process*, char*, int)
                0x00000000c001a33a                Fs::initVFS()
                0x00000000c001a364                Fs::standardiseFiles(char*, char const*, char const*, bool)
                0x00000000c001a57e                File::File(char const*, Process*, bool)
                0x00000000c001a57e                File::File(char const*, Process*, bool)
                0x00000000c001a65c                File::File(char const*, Process*)
                0x00000000c001a65c                File::File(char const*, Process*)
                0x00000000c001a67a                File::open(FileOpenMode)
                0x00000000c001a6d8                File::close()
                0x00000000c001a738                File::seek(unsigned long long)
                0x00000000c001a78e                File::truncate(unsigned long long)
                0x00000000c001a7e4                File::tell(unsigned long long*)
                0x00000000c001a834                File::rewind()
                0x00000000c001a848                File::unlink()
                0x00000000c001a894                File::rename(char const*)
                0x00000000c001a8e2                File::chfatattr(unsigned char, unsigned char)
                0x00000000c001a93e                File::exists()
                0x00000000c001a97c                File::stat(unsigned long long*, bool*)
                0x00000000c001a9dd                Fs::setcwd(Process*, char*)
                0x00000000c001ab3c                Directory::Directory(char const*, Process*)
                0x00000000c001ab3c                Directory::Directory(char const*, Process*)
                0x00000000c001ac04                Directory::open()
                0x00000000c001ac60                Directory::close()
                0x00000000c001acc0                Directory::unlink()
                0x00000000c001ad0c                Directory::rename(char const*)
                0x00000000c001ad5a                Directory::exists()
                0x00000000c001ad98                Directory::read(dirent*)
                0x00000000c001ade4                Directory::create()
                0x00000000c001ae30                Filesystem::chfatattr(char const*, unsigned char, unsigned char)
 *fill*         0x00000000c001ae36        0x2 
 .text          0x00000000c001ae38       0x86 hal/bus.32
                0x00000000c001ae38                Bus::Bus(char const*)
                0x00000000c001ae38                Bus::Bus(char const*)
                0x00000000c001ae70                Bus::~Bus()
                0x00000000c001ae70                Bus::~Bus()
                0x00000000c001ae94                Bus::~Bus()
 .text          0x00000000c001aebe       0x96 hal/buzzer.32
                0x00000000c001aebe                beepThread(void*)
                0x00000000c001aefb                Krnl::beep(int, int, bool)
 .text          0x00000000c001af54      0x59b hal/clock.32
                0x00000000c001af54                User::loadClockSettings()
                0x00000000c001b0e2                Clock::Clock(char const*)
                0x00000000c001b0e2                Clock::Clock(char const*)
                0x00000000c001b118                Clock::~Clock()
                0x00000000c001b118                Clock::~Clock()
                0x00000000c001b13c                Clock::~Clock()
                0x00000000c001b166                Clock::timeInSecondsLocal()
                0x00000000c001b1ae                Clock::setTimeInSecondsLocal(unsigned long long)
                0x00000000c001b207                datetimeToSeconds(datetime_t)
                0x00000000c001b326                Clock::setTimeInDatetimeLocal(datetime_t)
                0x00000000c001b386                secondsToDatetime(unsigned long long)
                0x00000000c001b4ca                Clock::timeInDatetimeLocal()
 *fill*         0x00000000c001b4ef        0x1 
 .text          0x00000000c001b4f0      0x47a hal/device.32
                0x00000000c001b4f0                Device::hibernate()
                0x00000000c001b4f2                Device::wake()
                0x00000000c001b4f4                Device::detect()
                0x00000000c001b4f6                Device::disableLegacy()
                0x00000000c001b4f8                Device::powerSaving(PowerSavingLevel)
                0x00000000c001b4fa                DriverlessDevice::close(int, int, void*)
                0x00000000c001b4fe                DriverlessDevice::detect()
                0x00000000c001b500                DriverlessDevice::open(int, int, void*)
                0x00000000c001b514                Device::~Device()
                0x00000000c001b514                Device::~Device()
                0x00000000c001b522                Device::~Device()
                0x00000000c001b54a                Device::findAndLoadDriver()
                0x00000000c001b558                Device::preOpenPCI(PCIDeviceInfo)
                0x00000000c001b57e                Device::preOpenACPI(void*, char*, char*)
                0x00000000c001b5be                Device::addIRQHandler(int, void (*)(regs*, void*), bool, void*)
                0x00000000c001b5e8                Device::getParent()
                0x00000000c001b5f4                Device::removeIRQHandler(int, void (*)(regs*, void*), bool)
                0x00000000c001b612                Device::addChild(Device*)
                0x00000000c001b656                Device::removeAllChildren()
                0x00000000c001b69c                Device::hibernateAll()
                0x00000000c001b6cc                Device::wakeAll()
                0x00000000c001b6fc                Device::detectAll()
                0x00000000c001b72c                Device::disableLegacyAll()
                0x00000000c001b72e                Device::loadDriversForAll()
                0x00000000c001b730                Device::powerSavingAll(PowerSavingLevel)
                0x00000000c001b766                Device::setName(char const*)
                0x00000000c001b774                Device::Device(char const*)
                0x00000000c001b774                Device::Device(char const*)
                0x00000000c001b870                Device::getName()
                0x00000000c001b87a                Device::closeAll()
                0x00000000c001b8c6                DriverlessDevice::DriverlessDevice(char const*)
                0x00000000c001b8c6                DriverlessDevice::DriverlessDevice(char const*)
                0x00000000c001b8fc                Device::addToLinkedList(LinkedList<Device>&, DeviceType)
                0x00000000c001b940                getDevicesOfType(DeviceType)
 *fill*         0x00000000c001b96a        0x2 
 .text          0x00000000c001b96c       0x86 hal/diskctrl.32
                0x00000000c001b96c                HardDiskController::HardDiskController(char const*)
                0x00000000c001b96c                HardDiskController::HardDiskController(char const*)
                0x00000000c001b9a4                HardDiskController::~HardDiskController()
                0x00000000c001b9a4                HardDiskController::~HardDiskController()
                0x00000000c001b9c8                HardDiskController::~HardDiskController()
 .text          0x00000000c001b9f2       0xe2 hal/diskphys.32
                0x00000000c001b9f2                PhysicalDisk::eject()
                0x00000000c001b9f6                PhysicalDisk::PhysicalDisk(char const*, int)
                0x00000000c001b9f6                PhysicalDisk::PhysicalDisk(char const*, int)
                0x00000000c001ba5e                PhysicalDisk::startCache()
                0x00000000c001ba86                PhysicalDisk::~PhysicalDisk()
                0x00000000c001ba86                PhysicalDisk::~PhysicalDisk()
                0x00000000c001baaa                PhysicalDisk::~PhysicalDisk()
 .text          0x00000000c001bad4        0x0 hal/fpu.32
 .text          0x00000000c001bad4      0x359 hal/intctrl.32
                0x00000000c001bad4                int_handler
                0x00000000c001bb5e                installISRHandler(int, void (*)(regs*, void*), void*)
                0x00000000c001bba8                installIRQHandler(int, void (*)(regs*, void*), bool, void*)
                0x00000000c001bcdc                uninstallISRHandler(int, void (*)(regs*, void*))
                0x00000000c001bd10                uninstallIRQHandler(int, void (*)(regs*, void*), bool)
                0x00000000c001bd8e                setupINTS()
                0x00000000c001bdeb                convertLegacyIRQNumber(int)
 *fill*         0x00000000c001be2d        0x1 
 .text          0x00000000c001be2e      0x8b6 hal/keybrd.32
                0x00000000c001be2e                startGUI(void*)
                0x00000000c001be98                startGUIVESA(void*)
                0x00000000c001bf02                sendKeyToTerminal(unsigned char)
                0x00000000c001bfdd                sendKeyboardToken(KeyboardToken)
                0x00000000c001c4c7                clearInternalKeybuffer(VgaText*)
                0x00000000c001c4fc                readKeyboard(VgaText*, char*, unsigned long)
                0x00000000c001c65a                Keyboard::Keyboard(char const*)
                0x00000000c001c65a                Keyboard::Keyboard(char const*)
                0x00000000c001c696                Keyboard::~Keyboard()
                0x00000000c001c696                Keyboard::~Keyboard()
                0x00000000c001c6ba                Keyboard::~Keyboard()
 .text          0x00000000c001c6e4      0x3f8 hal/logidisk.32
                0x00000000c001c6e4                LogicalDisk::close(int, int, void*)
                0x00000000c001c6e8                LogicalDisk::~LogicalDisk()
                0x00000000c001c6e8                LogicalDisk::~LogicalDisk()
                0x00000000c001c70c                LogicalDisk::~LogicalDisk()
                0x00000000c001c736                LogicalDisk::open(int, int, void*)
                0x00000000c001c74a                LogicalDisk::absoluteToRelative(unsigned long long)
                0x00000000c001c782                LogicalDisk::relativeToAbsolute(unsigned long long)
                0x00000000c001c7c8                LogicalDisk::LogicalDisk(char const*, PhysicalDisk*, unsigned long long, unsigned long long)
                0x00000000c001c7c8                LogicalDisk::LogicalDisk(char const*, PhysicalDisk*, unsigned long long, unsigned long long)
                0x00000000c001c888                LogicalDisk::assignDriveLetter()
                0x00000000c001c942                LogicalDisk::mount()
                0x00000000c001c98a                LogicalDisk::unmount()
                0x00000000c001c99a                LogicalDisk::eject()
                0x00000000c001c9ae                LogicalDisk::unassignDriveLetter()
                0x00000000c001ca04                LogicalDisk::read(unsigned long long, int, void*)
                0x00000000c001ca70                LogicalDisk::write(unsigned long long, int, void*)
 .text          0x00000000c001cadc       0x86 hal/mouse.32
                0x00000000c001cadc                Mouse::Mouse(char const*)
                0x00000000c001cadc                Mouse::Mouse(char const*)
                0x00000000c001cb14                Mouse::~Mouse()
                0x00000000c001cb14                Mouse::~Mouse()
                0x00000000c001cb38                Mouse::~Mouse()
 .text          0x00000000c001cb62       0x90 hal/nic.32
                0x00000000c001cb62                NIC::getMAC()
                0x00000000c001cb68                NIC::write(int, unsigned char*, int*)
                0x00000000c001cb6e                NIC::NIC(char const*)
                0x00000000c001cb6e                NIC::NIC(char const*)
                0x00000000c001cba4                NIC::~NIC()
                0x00000000c001cba4                NIC::~NIC()
                0x00000000c001cbc8                NIC::~NIC()
 .text          0x00000000c001cbf2      0x33b hal/partition.32
                0x00000000c001cbf2                makePartition(PhysicalDisk*, unsigned long long, unsigned long long)
                0x00000000c001cc9a                createPartitionsForDisk(PhysicalDisk*)
 *fill*         0x00000000c001cf2d        0x3 
 .text          0x00000000c001cf30       0x86 hal/serial.32
                0x00000000c001cf30                Serial::Serial(char const*)
                0x00000000c001cf30                Serial::Serial(char const*)
                0x00000000c001cf68                Serial::~Serial()
                0x00000000c001cf68                Serial::~Serial()
                0x00000000c001cf8c                Serial::~Serial()
 *fill*         0x00000000c001cfb6        0x2 
 .text          0x00000000c001cfb8      0x230 hal/timer.32
                0x00000000c001cfb8                Timer::Timer(char const*)
                0x00000000c001cfb8                Timer::Timer(char const*)
                0x00000000c001cff0                Timer::~Timer()
                0x00000000c001cff0                Timer::~Timer()
                0x00000000c001d014                Timer::~Timer()
                0x00000000c001d03e                Timer::read()
                0x00000000c001d049                setupTimer(int)
                0x00000000c001d084                timerHandler(unsigned int)
 .text          0x00000000c001d1e8      0x444 hal/vcache.32
                0x00000000c001d1e8                VCache::VCache(PhysicalDisk*)
                0x00000000c001d1e8                VCache::VCache(PhysicalDisk*)
                0x00000000c001d358                VCache::invalidateReadBuffer()
                0x00000000c001d368                VCache::writeWriteBuffer()
                0x00000000c001d3b4                VCache::~VCache()
                0x00000000c001d3b4                VCache::~VCache()
                0x00000000c001d40c                VCache::~VCache()
                0x00000000c001d434                VCache::write(unsigned long long, int, void*)
                0x00000000c001d528                VCache::read(unsigned long long, int, void*)
 .text          0x00000000c001d62c      0x70e hal/video.32
                0x00000000c001d62c                Video::putrect(int, int, int, int, unsigned int)
                0x00000000c001d678                Video::bitblit(int, int, int, int, int, int, int, unsigned int*)
                0x00000000c001d6e8                Video::blit(unsigned int*, int, int, int, int)
                0x00000000c001d766                Video::clearScreen(unsigned int)
                0x00000000c001d79a                Video::putpixel(int, int, unsigned int)
                0x00000000c001d7a8                Video::readPixelApprox(int, int)
                0x00000000c001d7bc                Video::Video(char const*)
                0x00000000c001d7bc                Video::Video(char const*)
                0x00000000c001d7f2                Video::~Video()
                0x00000000c001d7f2                Video::~Video()
                0x00000000c001d816                Video::~Video()
                0x00000000c001d840                Video::isMonochrome()
                0x00000000c001d84c                Video::getWidth()
                0x00000000c001d858                Video::getHeight()
                0x00000000c001d864                Video::drawCursor(int, int, unsigned int*, int)
                0x00000000c001d920                Video::tgaParse(unsigned char*, int, int*, int*)
                0x00000000c001dcca                Video::putTGA(int, int, unsigned char*, int)
 *fill*         0x00000000c001dd3a        0x2 
 .text          0x00000000c001dd3c     0x1413 hw/acpi.32
                0x00000000c001dd3c                ACPI::close(int, int, void*)
                0x00000000c001de78                findRSDP()
                0x00000000c001df10                loadACPITables(unsigned char*)
                0x00000000c001e17c                findRSDT(unsigned char*)
                0x00000000c001e2d4                findDataTable(unsigned char*, char*)
                0x00000000c001e354                scanMADT()
                0x00000000c001e80c                ACPI::ACPI()
                0x00000000c001e80c                ACPI::ACPI()
                0x00000000c001e860                ACPI::getPCIIRQAssignment(unsigned char, unsigned short, unsigned char)
                0x00000000c001e95c                ACPI::registerPCIIRQAssignment(void*, unsigned short, unsigned char, unsigned char)
                0x00000000c001ea28                ACPI::setScreenBrightnessLevel(void*, int)
                0x00000000c001ea30                ACPI::detectPCI()
                0x00000000c001ec50                ACPI::writeSimpleBootFlag(SimpleBootFlagTable*)
                0x00000000c001ec98                ACPI::sleep()
                0x00000000c001ecb4                ACPI::open(int, int, void*)
 *fill*         0x00000000c001f14f        0x1 
 .text          0x00000000c001f150      0xbc5 hw/cpu.32
                0x00000000c001f150                CPU::close(int, int, void*)
                0x00000000c001f154                CPU::AMD_K6_write_msr(unsigned int, unsigned int, unsigned int, CPU::REGS*)
                0x00000000c001f170                CPU::AMD_K6_read_msr(unsigned int, CPU::REGS*)
                0x00000000c001f188                CPU::AMD_K6_writeback(int, int, int)
                0x00000000c001f1fc                CPU::cpuid(int, unsigned long*, unsigned long*, unsigned long*, unsigned long*)
                0x00000000c001f280                CPU::cpuidCheckEDX(unsigned int)
                0x00000000c001f2ae                CPU::cpuidCheckECX(unsigned int)
                0x00000000c001f2dc                CPU::cpuidCheckExtendedEBX(unsigned int)
                0x00000000c001f30a                CPU::cpuidCheckExtendedECX(unsigned int)
                0x00000000c001f338                CPU::CPU()
                0x00000000c001f338                CPU::CPU()
                0x00000000c001f3c6                CPU::displayFeatures()
                0x00000000c001f3c8                CPU::detectFeatures()
                0x00000000c001fa9c                CPU::setupSMEP()
                0x00000000c001faa8                CPU::setupUMIP()
                0x00000000c001fab2                CPU::setupTSC()
                0x00000000c001fabc                CPU::setupLargePages()
                0x00000000c001fac6                CPU::setupPAT()
                0x00000000c001fb02                CPU::setupMTRR()
                0x00000000c001fb04                CPU::setupGlobalPages()
                0x00000000c001fb0e                CPU::allowUsermodeDataAccess()
                0x00000000c001fb20                CPU::prohibitUsermodeDataAccess()
                0x00000000c001fb32                CPU::setupSMAP()
                0x00000000c001fb40                CPU::setupFeatures()
                0x00000000c001fc0c                CPU::open(int, int, void*)
 .text          0x00000000c001fd15       0xb6 krnl/atexit.32
                0x00000000c001fd15                KeInitialiseAtexit()
                0x00000000c001fd34                KeRegisterAtexit(void (*)(void*), void*)
                0x00000000c001fd68                KeExecuteAtexit()
 .text          0x00000000c001fdcb       0xdf krnl/bootmsg.32
                0x00000000c001fdcb                KeDisplaySplashScreen()
                0x00000000c001fe47                KeSetBootMessage(char const*)
 *fill*         0x00000000c001feaa        0x2 
 .text          0x00000000c001feac       0x48 krnl/cdefs.32
                0x00000000c001feac                CUnlockScheduler
                0x00000000c001fec8                CLockScheduler
                0x00000000c001fed8                CPrintf
 .text          0x00000000c001fef4       0x1d krnl/compat.32
                0x00000000c001fef4                Krnl::handlePowerButton()
                0x00000000c001ff04                Krnl::handleSleepButton()
 .text          0x00000000c001ff11       0x2b krnl/crc32.32
                0x00000000c001ff11                KeCalculateCRC32(unsigned char*, int)
 .text          0x00000000c001ff3c      0x5bf krnl/env.32
                0x00000000c001ff3c                EnvVarContainer::getEnv(char const*)
                0x00000000c001ff7a                EnvVarContainer::setEnv(char const*, char const*)
                0x00000000c002003c                EnvVarContainer::deleteEnv(char const*)
                0x00000000c002003e                EnvVarContainer::loadFrom(char const*, char const*)
                0x00000000c0020262                EnvVarContainer::__loadSystem()
                0x00000000c002027c                EnvVarContainer::__loadUser()
                0x00000000c002027e                EnvVarContainer::EnvVarContainer(Process*)
                0x00000000c002027e                EnvVarContainer::EnvVarContainer(Process*)
                0x00000000c00202a0                EnvVarContainer::~EnvVarContainer()
                0x00000000c00202a0                EnvVarContainer::~EnvVarContainer()
                0x00000000c00202d0                KeGetEnv(Process*, char const*)
                0x00000000c0020335                KeSetEnvSystem(char const*, char const*)
                0x00000000c002034f                KeSetEnvUser(char const*, char const*)
                0x00000000c002036e                KeSetEnvProcess(Process*, char const*, char const*)
                0x00000000c0020381                KeDeleteEnvSystem(char const*)
                0x00000000c0020382                KeDeleteEnvUser(char const*)
                0x00000000c0020383                KeDeleteEnvProcess(Process*, char const*)
                0x00000000c0020384                KeNewProcessEnv(Process*)
                0x00000000c00203a6                KeCopyProcessEnv(Process*, Process*)
                0x00000000c00203f2                KeLoadSystemEnv()
                0x00000000c0020420                KeLoadUserEnv()
                0x00000000c0020446                KeFlushEnv()
                0x00000000c0020447                KeGetProcessTotalEnvCount(Process*)
                0x00000000c0020467                KeGetProcessEnvPair(Process*, int)
 .text          0x00000000c00204fb       0x94 krnl/inlines.32
                0x00000000c00204fb                CPU::current()
                0x00000000c0020507                operator new(unsigned long)
                0x00000000c002050c                operator delete(void*)
                0x00000000c0020511                disableIRQs()
                0x00000000c0020513                enableIRQs()
                0x00000000c0020515                lockScheduler()
                0x00000000c002051d                unlockScheduler()
                0x00000000c002052c                lockStuff()
                0x00000000c002053a                unlockStuff()
                0x00000000c0020574                Virt::getAKernelVAS()
                0x00000000c002057a                __not_memcpy
 *fill*         0x00000000c002058f        0x1 
 .text          0x00000000c0020590       0x1a krnl/mutex.32
                0x00000000c0020590                Mutex::Mutex()
                0x00000000c0020590                Mutex::Mutex()
 .text          0x00000000c00205aa        0xc krnl/panic.32
                0x00000000c00205aa                KePanic(char const*)
 .text          0x00000000c00205b6      0x142 krnl/powctrl.32
                0x00000000c00205b6                KePowerThread(void*)
                0x00000000c00205e4                KeChangePowerSettings(PowerSettings)
                0x00000000c00205fa                KeUserIOReceived()
                0x00000000c0020605                KeHandlePowerButton()
                0x00000000c002063a                KeHandleSleepButton()
                0x00000000c002066f                KeSetupPowerManager()
 .text          0x00000000c00206f8       0x9d krnl/random.32
                0x00000000c00206f8                KeRand()
                0x00000000c002073a                KeSeedRand(unsigned int)
                0x00000000c0020763                KeInitRand()
 *fill*         0x00000000c0020795        0x3 
 .text          0x00000000c0020798      0x1bc krnl/resolve.32
                0x00000000c0020798                KeResolveCompatibilitySymbol(char*)
 .text          0x00000000c0020954      0x415 krnl/semaphore.32
                0x00000000c0020954                Semaphore::Semaphore(int)
                0x00000000c0020954                Semaphore::Semaphore(int)
                0x00000000c0020984                Semaphore::tryAcquire()
                0x00000000c0020a60                Semaphore::assertLocked(char const*)
                0x00000000c0020af0                Semaphore::acquire(int)
                0x00000000c0020c98                Semaphore::acquire()
                0x00000000c0020cb4                Semaphore::release()
 .text          0x00000000c0020d69      0x322 krnl/signal.32
                0x00000000c0020d69                KiSigKill(int)
                0x00000000c0020d7d                KiDefaultSignalHandlerIgnore(int)
                0x00000000c0020d7e                KiDefaultSignalHandlerPause(int)
                0x00000000c0020daa                KiDefaultSignalHandlerResume(int)
                0x00000000c0020dd6                KeDeinitSignals(SigHandlerBlock*)
                0x00000000c0020ddb                KeInitSignals()
                0x00000000c0020e2d                KeRegisterSignalHandler(SigHandlerBlock*, int, void (*)(int), unsigned int, int)
                0x00000000c0020e63                KeRaiseSignal(SigHandlerBlock*, int)
                0x00000000c0020ee0                KeCheckSignal(SigHandlerBlock*, int*)
                0x00000000c0020fd7                KiCheckSignalZ
                0x00000000c0021019                KeCompleteSignal(SigHandlerBlock*, int)
                0x00000000c0021054                KiFinishSignalZ
 .text          0x00000000c002108b      0xe10 krnl/syscalls.32
                0x00000000c002108b                SysSeekDir(regs*)
                0x00000000c0021090                SysTellDir(regs*)
                0x00000000c0021095                SysVerify(regs*)
                0x00000000c002109f                SysGetArgc(regs*)
                0x00000000c00210b3                SysTTYName(regs*)
                0x00000000c00210bb                SysFormatDisk(regs*)
                0x00000000c0021132                SysSetDiskVolumeLabel(regs*)
                0x00000000c0021186                SysGetDiskVolumeLabel(regs*)
                0x00000000c00211df                SysShutdown(regs*)
                0x00000000c002123d                SysRealpath(regs*)
                0x00000000c0021281                SysReadDir(regs*)
                0x00000000c0021301                SysIsATTY(regs*)
                0x00000000c002135b                SysSeek(regs*)
                0x00000000c00213b2                SysTell(regs*)
                0x00000000c002141f                SysSize(regs*)
                0x00000000c0021492                SysSizeFromFilename(regs*)
                0x00000000c00215c3                SysSizeFromFilenameNoSymlink(regs*)
                0x00000000c00216f4                SysClose(regs*)
                0x00000000c0021754                SysOpenDir(regs*)
                0x00000000c00217d1                SysMakeDir(regs*)
                0x00000000c002183f                SysCloseDir(regs*)
                0x00000000c0021893                SysWait(regs*)
                0x00000000c00218b4                SysNotImpl(regs*)
                0x00000000c00218cf                SysPanic(regs*)
                0x00000000c00218ea                SysRmdir(regs*)
                0x00000000c002194f                SysUnlink(regs*)
                0x00000000c00219b4                SysGetArgv(regs*)
                0x00000000c0021a01                SysUSleep(regs*)
                0x00000000c0021a2a                SysSpawn(regs*)
                0x00000000c0021a9d                SysGetEnv(regs*)
                0x00000000c0021b4e                SysSetFatAttrib(regs*)
                0x00000000c0021bc1                SysPipe(regs*)
                0x00000000c0021c06                SysGetUnixTime(regs*)
                0x00000000c0021c1a                string_ends_with(char const*, char const*)
                0x00000000c0021c62                SysOpen(regs*)
                0x00000000c0021e59                KeSystemCall(regs*, void*)
 *fill*         0x00000000c0021e9b        0x1 
 .text          0x00000000c0021e9c      0x159 net/ethernet.32
                0x00000000c0021e9c                KeSwitchEndian16(unsigned short)
                0x00000000c0021ec0                KeSwitchEndian32(unsigned int)
                0x00000000c0021ef0                EthernetCRC32(unsigned char*, int)
                0x00000000c0021f94                EthernetReceivedPacket(EthernetUnwrappedFrame*, unsigned short)
 *fill*         0x00000000c0021ff5        0x3 
 .text          0x00000000c0021ff8       0xf4 net/netosl.32
                0x00000000c0021ff8                KeNetCreateSemaphore
                0x00000000c002203c                KeNetFreeSemaphore
                0x00000000c0022058                KeNetSignalSemaphore
                0x00000000c0022074                KeNetWaitSemaphore
                0x00000000c0022094                KeNetCreateThread
                0x00000000c00220b8                KeCPanic
                0x00000000c00220d0                KeCPuts
 .text          0x00000000c00220ec      0xd56 reg/cm.32
                0x00000000c00220ec                CmOpen(char const*)
                0x00000000c002220a                CmClose(Reghive_Tag*)
                0x00000000c0022220                CmReadExtent(Reghive_Tag*, int, unsigned char*)
                0x00000000c002225c                CmGetString(Reghive_Tag*, int, char*)
                0x00000000c00222d3                CmEnterDirectory(Reghive_Tag*, int)
                0x00000000c0022312                CmGetNext(Reghive_Tag*, int)
                0x00000000c0022344                CmWriteExtent(Reghive_Tag*, int, unsigned char*)
                0x00000000c0022380                CmFreeExtent(Reghive_Tag*, int)
                0x00000000c00223a8                CmUpdateHeader(Reghive_Tag*)
                0x00000000c00223c9                CmExpand(Reghive_Tag*, int)
                0x00000000c0022444                CmFindUnusedExtent(Reghive_Tag*)
                0x00000000c00224ca                CmCreateExtent(Reghive_Tag*, int, int, unsigned char*)
                0x00000000c00225be                CmSetString(Reghive_Tag*, int, char const*)
                0x00000000c00226fa                CmGetMatch(char*, char*, bool, bool*)
                0x00000000c002275b                CmAddShift(unsigned int*, int*, unsigned char, int)
                0x00000000c002278b                CmGetShift(unsigned int*, int*, int, bool*)
                0x00000000c00227c2                CmGetInteger(Reghive_Tag*, int, unsigned long long*)
                0x00000000c00227ec                CmSetInteger(Reghive_Tag*, int, unsigned long long)
                0x00000000c002282c                CmConvertFromInternalFilename(unsigned char const*, char*)
                0x00000000c00228d0                CmGetNameAndTypeFromExtent(Reghive_Tag*, int, char*)
                0x00000000c00228fe                CmConvertToInternalFilename(char const*, unsigned char*)
                0x00000000c0022a9c                CmCreateString(Reghive_Tag*, int, char const*)
                0x00000000c0022ae9                CmFindInDirectory(Reghive_Tag*, int, char const*)
                0x00000000c0022b63                CmCreateInteger(Reghive_Tag*, int, char const*, unsigned long long, int)
                0x00000000c0022bb6                CmCreateDirectory(Reghive_Tag*, int, char const*)
                0x00000000c0022c7a                zStrtok(char*, char const*)
                0x00000000c0022cec                CmFindObjectFromPath(Reghive_Tag*, char const*)
                0x00000000c0022d6d                CmDisplayTree(Reghive_Tag*, int, int)
                0x00000000c0022e10                CmSplitFinalSlashInPlace(char*)
 .text          0x00000000c0022e42      0x52a reg/registry.32
                0x00000000c0022e42                Reg::findLineFromLoadedData(char*, char*, char*)
                0x00000000c0022fb3                Reg::getLineFromRegistry(char*, char*, char*, char*)
                0x00000000c0023108                Reg::getLine(char*, char*, char*)
                0x00000000c002313f                Reg::readInt(char*, char*, int*)
                0x00000000c002322d                Reg::readString(char*, char*, char*, int)
                0x00000000c00232ae                Reg::readBool(char*, char*, bool*)
                0x00000000c00232d3                Reg::readBoolWithDefault(char*, char*, bool)
                0x00000000c00232ff                Reg::readIntWithDefault(char*, char*, int)
                0x00000000c002332b                Reg::readStringWithDefault(char*, char*, char*, int, char*)
 .text          0x00000000c002336c       0x36 sys/eject.32
                0x00000000c002336c                SysEject(regs*)
 .text          0x00000000c00233a2       0x18 sys/exit.32
                0x00000000c00233a2                SysExit(regs*)
 .text          0x00000000c00233ba       0x1f sys/getcwd.32
                0x00000000c00233ba                SysGetCwd(regs*)
 .text          0x00000000c00233d9        0xc sys/getpid.32
                0x00000000c00233d9                SysGetPID(regs*)
 .text          0x00000000c00233e5       0x1a sys/getramdata.32
                0x00000000c00233e5                SysGetRAMData(regs*)
 .text          0x00000000c00233ff       0x82 sys/getvgaptr.32
                0x00000000c00233ff                SysGetVGAPtr(regs*)
 *fill*         0x00000000c0023481        0x3 
 .text          0x00000000c0023484       0xb9 sys/kill.32
                0x00000000c0023484                SysKill(regs*)
 .text          0x00000000c002353d       0xa8 sys/loaddll.32
                0x00000000c002353d                SysLoadDLL(regs*)
 .text          0x00000000c00235e5       0x68 sys/read.32
                0x00000000c00235e5                SysRead(regs*)
 .text          0x00000000c002364d       0x29 sys/registersignal.32
                0x00000000c002364d                SysRegisterSignal(regs*)
 .text          0x00000000c0023676      0x19c sys/registry.32
                0x00000000c0023676                SysRegistryGetTypeFromPath(regs*)
                0x00000000c00236ed                SysRegistryReadExtent(regs*)
                0x00000000c0023735                SysRegistryPathToExtentLookup(regs*)
                0x00000000c002375d                SysRegistryEnterDirectory(regs*)
                0x00000000c0023785                SysRegistryGetNext(regs*)
                0x00000000c00237ad                SysRegistryGetNameAndTypeFromExtent(regs*)
                0x00000000c00237e7                SysRegistryOpen(regs*)
                0x00000000c00237fb                SysRegistryClose(regs*)
 .text          0x00000000c0023812       0x55 sys/sbrk.32
                0x00000000c0023812                SysSbrk(regs*)
 .text          0x00000000c0023867       0x1c sys/setcwd.32
                0x00000000c0023867                SysSetCwd(regs*)
 .text          0x00000000c0023883       0x96 sys/settime.32
                0x00000000c0023883                SysSetTime(regs*)
 .text          0x00000000c0023919       0x73 sys/symlink.32
                0x00000000c0023919                SysSymlink(regs*)
 .text          0x00000000c002398c       0x3f sys/timezone.32
                0x00000000c002398c                SysTimezone(regs*)
 .text          0x00000000c00239cb       0xfc sys/truncate.32
                0x00000000c00239cb                SysTruncate(regs*)
 .text          0x00000000c0023ac7       0x68 sys/write.32
                0x00000000c0023ac7                SysWrite(regs*)
 .text          0x00000000c0023b2f       0x62 sys/wsbe.32
                0x00000000c0023b2f                SysWsbe(regs*)
 .text          0x00000000c0023b91       0x25 sys/yield.32
                0x00000000c0023b91                SysYield(regs*)
 .text          0x00000000c0023bb6     0x1207 thr/elf.32
                0x00000000c0023bb6                Thr::allocateMemoryForTask(Process*, File*, unsigned long, unsigned long, unsigned long)
                0x00000000c0023e44                Thr::loadProgramIntoMemory(Process*, char const*)
                0x00000000c0024056                Thr::runtimeReferenceHelper()
                0x00000000c0024069                Thr::getAddressOfKernelSymbol(char const*)
                0x00000000c00240b8                Thr::loadKernelSymbolTable(char const*)
                0x00000000c0024376                Thr::loadDriverIntoMemory(char const*, unsigned long, bool)
                0x00000000c0024aaf                Thr::getDriverBaseFromAddress(unsigned long)
                0x00000000c0024ae1                Thr::getDriverNameFromAddress(unsigned long)
                0x00000000c0024b18                Thr::getDriverOffsetFromAddress(unsigned long)
                0x00000000c0024b32                Thr::loadDLL(char const*, bool)
                0x00000000c0024d84                Thr::executeDLL(unsigned long, void*)
 *fill*         0x00000000c0024dbd        0x3 
 .text          0x00000000c0024dc0     0x1131 thr/prcssthr.32
                0x00000000c0024dc0                userModeEntryPoint(void*)
                0x00000000c0024de8                changeTSS
                0x00000000c0024e18                switchToThread(ThreadControlBlock*)
                0x00000000c0024ec8                Process::addArgs(char**)
                0x00000000c0024f34                Process::Process(char const*, Process*, char**)
                0x00000000c0024f34                Process::Process(char const*, Process*, char**)
                0x00000000c0025140                Process::Process(bool, char const*, Process*, char**)
                0x00000000c0025140                Process::Process(bool, char const*, Process*, char**)
                0x00000000c0025314                taskStartupFunction
                0x00000000c0025320                KeDisablePreemption()
                0x00000000c0025348                KeRestorePreemption()
                0x00000000c0025368                Process::createThread(void (*)(void*), void*, int)
                0x00000000c0025474                Process::createUserThread()
                0x00000000c0025494                setupMultitasking(void (*)())
                0x00000000c00255b8                schedule()
                0x00000000c002564c                blockTaskWithSchedulerLockAlreadyHeld(TaskState)
                0x00000000c0025674                blockTask(TaskState)
                0x00000000c00256ac                waitTask(int, int*, int)
                0x00000000c00256f0                milliTenthSleepUntil(unsigned int)
                0x00000000c0025790                milliTenthSleep(unsigned int)
                0x00000000c00257a4                sleep(unsigned int)
                0x00000000c00257c0                taskReturned
                0x00000000c0025804                Thr::processFromPID(int)
                0x00000000c00258b0                unblockTask(ThreadControlBlock*)
                0x00000000c002595c                cleanupTerminatedTask(ThreadControlBlock*)
                0x00000000c0025c30                cleanerTaskFunction(void*)
                0x00000000c0025d38                terminateTask(int)
                0x00000000c0025e24                Thr::terminateFromIRQ(int)
 .text          0x00000000c0025ef1      0xd00 vm86/vm8086.32
                0x00000000c0025ef1                Vm::inbv(unsigned short)
                0x00000000c0025f04                Vm::outbv(unsigned short, unsigned char)
                0x00000000c0025f3a                Vm::realToLinear(unsigned short, unsigned short)
                0x00000000c0025f4a                Vm::getSegment(unsigned int)
                0x00000000c0025f52                Vm::getOffset(unsigned int)
                0x00000000c0025f57                Vm::mainloop2()
                0x00000000c0025f91                Vm::mainVm8086Loop(void*)
                0x00000000c0025fa1                Vm::mainloop3(unsigned long)
                0x00000000c0025fc7                Vm::initialise8086()
                0x00000000c002600a                Vm::resetConventionalMemory8086()
                0x00000000c002600b                Vm::finish8086()
                0x00000000c002606c                Vm::getOutput8086(unsigned char*)
                0x00000000c0026091                Vm::start8086FromBuffer(unsigned char*, int, unsigned short, unsigned short, unsigned short, unsigned short)
                0x00000000c00261b8                Vm::start8086(char const*, unsigned short, unsigned short, unsigned short, unsigned short)
                0x00000000c00263c0                Vm::doISR(regs*, int, unsigned char*, unsigned short, unsigned short)
                0x00000000c0026459                Vm::readByteFromReal(unsigned short, unsigned short)
                0x00000000c002646a                Vm::readWordFromReal(unsigned short, unsigned short)
                0x00000000c002647c                Vm::readDwordFromReal(unsigned short, unsigned short)
                0x00000000c002648d                Vm::writeByteFromReal(unsigned short, unsigned short, unsigned char)
                0x00000000c00264a2                Vm::writeWordFromReal(unsigned short, unsigned short, unsigned short)
                0x00000000c00264b8                Vm::writeDwordFromReal(unsigned short, unsigned short, unsigned int)
                0x00000000c00264cd                Vm::faultHandler(regs*)
 .text          0x00000000c0026bf1      0xaf0 arch/i386/hal.32
                0x00000000c0026bf1                noCopro(unsigned long)
                0x00000000c0026bf2                nmiHandler(regs*, void*)
                0x00000000c0026c0b                doubleFault(regs*, void*)
                0x00000000c0026c24                displayDebugInfo(regs*)
                0x00000000c0026fa9                HalSystemIdle()
                0x00000000c0027025                displayProgramFault(char const*)
                0x00000000c0027071                gpFault(regs*, void*)
                0x00000000c00270d8                pgFault(regs*, void*)
                0x00000000c0027161                otherISRHandler(regs*, void*)
                0x00000000c0027195                opcodeFault(regs*, void*)
                0x00000000c0027218                i386SaveCoprocessor(void*)
                0x00000000c002722c                i386LoadCoprocessor(void*)
                0x00000000c0027240                x87EmulHandler(regs*, void*)
                0x00000000c00272dd                HalInitialiseCoprocessor()
                0x00000000c002738b                HalPanic(char const*)
                0x00000000c002749f                HalQueryPerformanceCounter()
                0x00000000c00274ba                HalInitialise()
                0x00000000c0027670                HalMakeBeep(int)
                0x00000000c00276aa                HalGetRand()
                0x00000000c00276ad                HalEndOfInterrupt(int)
                0x00000000c00276de                HalRestart()
                0x00000000c00276df                HalShutdown()
                0x00000000c00276e0                HalSleep()
 *fill*         0x00000000c00276e1        0x3 
 .text          0x00000000c00276e4      0x2dc arch/i386/pic.32
                0x00000000c00276e4                picIoWait()
                0x00000000c00276ec                picDisable()
                0x00000000c0027720                picGetIRQReg(int)
                0x00000000c002779c                picOpen()
                0x00000000c0027920                picEOI(int)
 .text          0x00000000c00279c0      0x674 arch/i386/rtc.32
                0x00000000c00279c0                RTC::open(int, int, void*)
                0x00000000c00279c4                RTC::close(int, int, void*)
                0x00000000c00279c8                RTC::timeInSecondsUTC()
                0x00000000c00279da                RTC::timeInDatetimeUTC()
                0x00000000c0027a00                RTC::setTimeInSecondsUTC(unsigned long long)
                0x00000000c0027a3e                RTC::~RTC()
                0x00000000c0027a3e                RTC::~RTC()
                0x00000000c0027a62                RTC::~RTC()
                0x00000000c0027a8c                RTC::get_update_in_progress_flag()
                0x00000000c0027aa6                RTC::completeRTCRefresh()
                0x00000000c0027d86                RTC::setTimeInDatetimeUTC(datetime_t)
                0x00000000c0027f34                rtcIRQHandler(regs*, void*)
                0x00000000c0027f7a                RTC::RTC()
                0x00000000c0027f7a                RTC::RTC()
 .text          0x00000000c0028034      0x1f4 arch/i386/vga.32
                0x00000000c0028034                HalConsoleScroll(int, int)
                0x00000000c002813c                HalConsoleWriteCharacter(char, int, int, int, int)
                0x00000000c00281a0                HalConsoleCursorUpdate(int, int)
 .text          0x00000000c0028228     0x14cf fs/fat/vfslink.32
                0x00000000c0028228                FAT::getName()
                0x00000000c0028230                FAT::tell(void*, unsigned long long*)
                0x00000000c002826c                FAT::stat(void*, unsigned long long*)
                0x00000000c00282a8                FAT::~FAT()
                0x00000000c00282a8                FAT::~FAT()
                0x00000000c00282cc                FAT::~FAT()
                0x00000000c00282f4                FAT::getlabel(LogicalDisk*, int, char*, unsigned int*)
                0x00000000c0028398                FAT::setlabel(LogicalDisk*, int, char*)
                0x00000000c002845c                FAT::format(LogicalDisk*, int, char const*, int)
                0x00000000c0028640                FAT::tryMount(LogicalDisk*, int)
                0x00000000c002885c                FAT::allocateSwapfile(char const*, int)
                0x00000000c0028a1c                FAT::readDir(void*, unsigned long, void*, int*)
                0x00000000c0028b8c                FAT::read(void*, unsigned long, void*, int*)
                0x00000000c0028bec                FAT::write(void*, unsigned long, void*, int*)
                0x00000000c0028c4c                FAT::close(void*)
                0x00000000c0028ca0                FAT::closeDir(void*)
                0x00000000c0028cf4                FAT::truncate(void*, unsigned long long)
                0x00000000c0028d60                FAT::seek(void*, unsigned long long)
                0x00000000c0028db8                fatWrapperReadDisk
                0x00000000c0028df8                fatWrapperWriteDisk
                0x00000000c0028e38                fatWrapperIoctl
                0x00000000c0028f54                FAT::FAT()
                0x00000000c0028f54                FAT::FAT()
                0x00000000c0028fac                FAT::fixFilepath(char*)
                0x00000000c0028fec                FAT::open(char const*, void**, FileOpenMode)
                0x00000000c0029160                FAT::openDir(char const*, void**)
                0x00000000c0029210                FAT::stat(char const*, unsigned long long*, bool*)
                0x00000000c0029308                FAT::unlink(char const*)
                0x00000000c0029388                FAT::chfatattr(char const*, unsigned char, unsigned char)
                0x00000000c002953c                FAT::rename(char const*, char const*)
                0x00000000c0029608                FAT::mkdir(char const*)
                0x00000000c0029688                FAT::exists(char const*)
 *fill*         0x00000000c00296f7        0x1 
 .text          0x00000000c00296f8       0x94 fs/iso9660/helper.32
                0x00000000c00296f8                isoReadDiscSectorHelper
                0x00000000c0029754                iso_kprintf
                0x00000000c0029770                iso_kprintfd
 .text          0x00000000c002978c      0x71c fs/iso9660/vfslink.32
                0x00000000c002978c                ISO9660::format(LogicalDisk*, int, char const*, int)
                0x00000000c0029792                ISO9660::truncate(void*, unsigned long long)
                0x00000000c0029798                ISO9660::getName()
                0x00000000c002979e                ISO9660::closeDir(void*)
                0x00000000c00297a8                ISO9660::chfatattr(char const*, unsigned char, unsigned char)
                0x00000000c00297ae                ISO9660::unlink(char const*)
                0x00000000c00297b4                ISO9660::write(void*, unsigned long, void*, int*)
                0x00000000c00297ba                ISO9660::rename(char const*, char const*)
                0x00000000c00297c0                ISO9660::mkdir(char const*)
                0x00000000c00297c6                ISO9660::~ISO9660()
                0x00000000c00297c6                ISO9660::~ISO9660()
                0x00000000c00297ea                ISO9660::~ISO9660()
                0x00000000c0029812                ISO9660::exists(char const*)
                0x00000000c0029826                ISO9660::open(char const*, void**, FileOpenMode)
                0x00000000c002990c                ISO9660::read(void*, unsigned long, void*, int*)
                0x00000000c0029954                ISO9660::seek(void*, unsigned long long)
                0x00000000c0029996                ISO9660::tell(void*, unsigned long long*)
                0x00000000c00299d4                ISO9660::stat(void*, unsigned long long*)
                0x00000000c0029a26                ISO9660::stat(char const*, unsigned long long*, bool*)
                0x00000000c0029b68                ISO9660::close(void*)
                0x00000000c0029b98                ISO9660::openDir(char const*, void**)
                0x00000000c0029c72                ISO9660::readDir(void*, unsigned long, void*, int*)
                0x00000000c0029d8f                readSectorFromCDROM(unsigned int, unsigned char*, char)
                0x00000000c0029e0e                ISO9660::tryMount(LogicalDisk*, int)