Archive member included to satisfy reference by file (symbol)

/cygdrive/d/Users/Alex/Desktop/Toolchain/Output/bin/../lib/gcc/i386-banana/8.1.0/libkgcc.a(_divdi3.o)
                              fs/fat/ff.32 (__divdi3)
/cygdrive/d/Users/Alex/Desktop/Toolchain/Output/bin/../lib/gcc/i386-banana/8.1.0/libkgcc.a(_moddi3.o)
                              compat/resolve.32 (__moddi3)
/cygdrive/d/Users/Alex/Desktop/Toolchain/Output/bin/../lib/gcc/i386-banana/8.1.0/libkgcc.a(_udivdi3.o)
                              fs/fat/ff.32 (__udivdi3)
/cygdrive/d/Users/Alex/Desktop/Toolchain/Output/bin/../lib/gcc/i386-banana/8.1.0/libkgcc.a(_umoddi3.o)
                              compat/resolve.32 (__umoddi3)
D:/Users/Alex/Desktop/Banana/kernel/libsoftfp.a(sfieeelib.o)
                              hal/sound/sndhw.32 (__addsf3)
D:/Users/Alex/Desktop/Banana/kernel/libsoftfp.a(dfieeelib.o)
                              hal/libresample/src_linear.32 (__adddf3)
D:/Users/Alex/Desktop/Banana/kernel/libsoftfp.a(sfdfcvt.o)
                              hal/libresample/samplerate.32 (__truncdfsf2)
D:/Users/Alex/Desktop/Banana/kernel/libk/libm32.a(s_fabs.c.o)
                              hal/libresample/samplerate.32 (fabs)
D:/Users/Alex/Desktop/Banana/kernel/libk/libm32.a(s_lrint.S.o)
                              hal/libresample/samplerate.32 (lrint)
D:/Users/Alex/Desktop/Banana/kernel/libk/libm32.a(s_lrintf.S.o)
                              hal/sound/sndhw.32 (lrintf)

Discarded input sections

 .comment       0x0000000000000000       0x12 /cygdrive/d/Users/Alex/Desktop/Toolchain/Output/bin/../lib/gcc/i386-banana/8.1.0/crtbegin.o
 .comment       0x0000000000000000       0x12 acpica/utclib.32
 .comment       0x0000000000000000       0x12 core/malloc.32
 .comment       0x0000000000000000       0x12 libk/string.32
 .comment       0x0000000000000000       0x12 fs/fat/diskio.32
 .comment       0x0000000000000000       0x12 fs/fat/ff.32
 .comment       0x0000000000000000       0x12 fs/fat/ffsystem.32
 .comment       0x0000000000000000       0x12 fs/fat/ffunicode.32
 .comment       0x0000000000000000       0x12 hal/libresample/samplerate.32
 .comment       0x0000000000000000       0x12 hal/libresample/src_linear.32
 .comment       0x0000000000000000       0x12 hal/libresample/src_sinc.32
 .comment       0x0000000000000000       0x12 hal/libresample/src_zoh.32
 .comment       0x0000000000000000       0x12 compat/inlines.32
 .comment       0x0000000000000000       0x12 compat/resolve.32
 .group         0x0000000000000000       0x14 core/computer.32
 .group         0x0000000000000000        0xc core/computer.32
 .comment       0x0000000000000000       0x12 core/computer.32
 .comment       0x0000000000000000       0x12 core/gdt.32
 .group         0x0000000000000000        0xc core/idle.32
 .comment       0x0000000000000000       0x12 core/idle.32
 .comment       0x0000000000000000       0x12 core/idt.32
 .comment       0x0000000000000000       0x12 core/kheap.32
 .comment       0x0000000000000000       0x12 core/main.32
 .comment       0x0000000000000000       0x12 core/physmgr.32
 .group         0x0000000000000000        0xc core/pipe.32
 .comment       0x0000000000000000       0x12 core/pipe.32
 .group         0x0000000000000000        0xc core/terminal.32
 .comment       0x0000000000000000       0x12 core/terminal.32
 .comment       0x0000000000000000       0x12 core/tss.32
 .group         0x0000000000000000        0x8 core/unixfile.32
 .group         0x0000000000000000        0xc core/unixfile.32
 .group         0x0000000000000000        0xc core/unixfile.32
 .group         0x0000000000000000        0x8 core/unixfile.32
 .group         0x0000000000000000        0xc core/unixfile.32
 .group         0x0000000000000000        0x8 core/unixfile.32
 .group         0x0000000000000000        0xc core/unixfile.32
 .group         0x0000000000000000        0xc core/unixfile.32
 .comment       0x0000000000000000       0x12 core/unixfile.32
 .comment       0x0000000000000000       0x12 core/virtmgr.32
 .comment       0x0000000000000000       0x12 coreobjs/c++.32
 .comment       0x0000000000000000       0x12 dbg/kconsole.32
 .group         0x0000000000000000        0xc fs/vfs.32
 .group         0x0000000000000000        0xc fs/vfs.32
 .group         0x0000000000000000        0xc fs/vfs.32
 .comment       0x0000000000000000       0x12 fs/vfs.32
 .group         0x0000000000000000        0xc hal/bus.32
 .comment       0x0000000000000000       0x12 hal/bus.32
 .group         0x0000000000000000        0xc hal/buzzer.32
 .comment       0x0000000000000000       0x12 hal/buzzer.32
 .group         0x0000000000000000        0xc hal/clock.32
 .comment       0x0000000000000000       0x12 hal/clock.32
 .group         0x0000000000000000       0x14 hal/device.32
 .group         0x0000000000000000        0xc hal/device.32
 .group         0x0000000000000000        0xc hal/device.32
 .group         0x0000000000000000        0xc hal/device.32
[...]
Memory Configuration

Name             Origin             Length             Attributes
*default*        0x0000000000000000 0xffffffffffffffff

Linker script and memory map

LOAD D:/Users/Alex/Desktop/Banana/kernel/boot.32
LOAD crti.32
LOAD /cygdrive/d/Users/Alex/Desktop/Toolchain/Output/bin/../lib/gcc/i386-banana/8.1.0/crtbegin.o
LOAD D:/Users/Alex/Desktop/Banana/kernel/morenasm.32
LOAD acpica/utclib.32
LOAD core/malloc.32
LOAD libk/string.32
LOAD fs/fat/diskio.32
LOAD fs/fat/ff.32
LOAD fs/fat/ffsystem.32
LOAD fs/fat/ffunicode.32
LOAD hal/libresample/samplerate.32
LOAD hal/libresample/src_linear.32
LOAD hal/libresample/src_sinc.32
LOAD hal/libresample/src_zoh.32
LOAD compat/inlines.32
LOAD compat/resolve.32
LOAD core/computer.32
LOAD core/gdt.32
LOAD core/idle.32
LOAD core/idt.32
LOAD core/kheap.32
LOAD core/main.32
LOAD core/physmgr.32
LOAD core/pipe.32
LOAD core/terminal.32
LOAD core/tss.32
LOAD core/unixfile.32
LOAD core/virtmgr.32
LOAD coreobjs/c++.32
LOAD dbg/kconsole.32
LOAD fs/vfs.32
LOAD hal/bus.32
LOAD hal/buzzer.32
LOAD hal/clock.32
LOAD hal/device.32
LOAD hal/diskctrl.32
LOAD hal/diskphys.32
LOAD hal/fpu.32
LOAD hal/intctrl.32
LOAD hal/keybrd.32
LOAD hal/logidisk.32
LOAD hal/mouse.32
LOAD hal/partition.32
LOAD hal/serial.32
LOAD hal/timer.32
LOAD hal/vcache.32
LOAD hal/video.32
LOAD hw/acpi.32
LOAD hw/cpu.32
LOAD hw/ports.32
LOAD krnl/env.32
LOAD krnl/panic.32
LOAD net/ethernet.32
LOAD reg/registry.32
LOAD sys/sc_eject.32
LOAD sys/sc_exit.32
LOAD sys/sc_getcwd.32
LOAD sys/sc_getpid.32
LOAD sys/sc_loaddll.32
LOAD sys/sc_read.32
LOAD sys/sc_sbrk.32
LOAD sys/sc_setcwd.32
LOAD sys/sc_settime.32
LOAD sys/sc_timezone.32
LOAD sys/sc_write.32
LOAD sys/sc_yield.32
LOAD sys/syscalls.32
LOAD thr/elf.32
LOAD thr/prcssthr.32
LOAD vm86/vm8086.32
LOAD vm86/x87em.32
LOAD fs/fat/vfslink.32
LOAD fs/iso9660/vfslink.32
LOAD hal/sound/sndchannel.32
LOAD hal/sound/sndhw.32
LOAD hw/bus/isa.32
LOAD hw/bus/pci.32
LOAD hw/diskctrl/ide.32
LOAD hw/diskctrl/satabus.32
LOAD hw/diskphys/ata.32
LOAD hw/diskphys/atapi.32
LOAD hw/diskphys/sata.32
LOAD hw/diskphys/satapi.32
LOAD hw/fpu/avx.32
LOAD hw/fpu/mmx.32
LOAD hw/fpu/sse.32
LOAD hw/fpu/x87.32
LOAD hw/intctrl/apic.32
LOAD hw/intctrl/pic.32
LOAD hw/timer/apictimer.32
LOAD hw/timer/pit.32
LOAD hw/fpu/x86/avx.32
LOAD hw/fpu/x86/sse.32
LOAD hw/fpu/x86/x87.32
LOAD /cygdrive/d/Users/Alex/Desktop/Toolchain/Output/bin/../lib/gcc/i386-banana/8.1.0/crtend.o
LOAD crtn.32
LOAD /cygdrive/d/Users/Alex/Desktop/Toolchain/Output/bin/../lib/gcc/i386-banana/8.1.0/libkgcc.a
LOAD D:/Users/Alex/Desktop/Banana/kernel/libsoftfp.a
LOAD D:/Users/Alex/Desktop/Banana/kernel/libk/libm32.a
                0x00000000c0000000                . = 0xc0000000

.text           0x00000000c0000000    0x27dd8
 *(.text)
 .text          0x00000000c0000000       0x41 D:/Users/Alex/Desktop/Banana/kernel/boot.32
                0x00000000c0000020                callGlobalConstructors
 .text          0x00000000c0000041        0x0 crti.32
 *fill*         0x00000000c0000041        0x3 
 .text          0x00000000c0000044      0x101 /cygdrive/d/Users/Alex/Desktop/Toolchain/Output/bin/../lib/gcc/i386-banana/8.1.0/crtbegin.o
 *fill*         0x00000000c0000145        0xb 
 .text          0x00000000c0000150      0x4ed D:/Users/Alex/Desktop/Banana/kernel/morenasm.32
                0x00000000c0000150                manualPCIProbe
                0x00000000c000019b                prepareTramp
                0x00000000c00001b4                voodooXADD
                0x00000000c000027f                doTPAUSE
                0x00000000c0000289                hasLegacyFPU
                0x00000000c00002ae                is486
                0x00000000c00002e4                detectCPUID
                0x00000000c00002fa                goToVM86
                0x00000000c000032a                goToUsermode
                0x00000000c0000354                switchToThreadASMFirstTime
                0x00000000c0000362                switchToThreadASM
                0x00000000c00003ea                asmQuickAcquireLock
                0x00000000c0000408                asmQuickReleaseLock
                0x00000000c0000414                asmAcquireLock
                0x00000000c0000435                asmReleaseLock
                0x00000000c0000448                loadGDT
                0x00000000c0000468                isr0
                0x00000000c0000478                isr1
                0x00000000c0000482                isr2
                0x00000000c000048c                isr3
                0x00000000c0000496                isr4
                0x00000000c00004a0                isr5
                0x00000000c00004aa                isr6
                0x00000000c00004b4                isr7
                0x00000000c00004be                isr8
                0x00000000c00004c6                isr9
                0x00000000c00004d0                isr10
                0x00000000c00004d8                isr11
                0x00000000c00004e0                isr12
                0x00000000c00004e8                isr13
                0x00000000c00004f0                isr14
                0x00000000c00004f8                isr15
                0x00000000c0000502                isr16
                0x00000000c000050c                isr17
                0x00000000c0000516                isr18
                0x00000000c0000520                irq3
                0x00000000c000052a                irq4
                0x00000000c0000534                irq5
                0x00000000c000053e                irq6
                0x00000000c0000548                irq7
                0x00000000c0000552                irq8
                0x00000000c000055c                irq9
                0x00000000c0000566                irq10
                0x00000000c0000570                irq11
                0x00000000c000057a                irq12
                0x00000000c0000584                irq13
                0x00000000c000058e                irq14
                0x00000000c0000598                irq15
                0x00000000c00005a2                irq1
                0x00000000c00005a9                irq2
                0x00000000c00005b0                isr96
                0x00000000c00005b7                irq0
                0x00000000c00005bc                int_common_stub
                0x00000000c00005bc                syscall_common_stub
                0x00000000c00005ed                irq16
                0x00000000c00005f7                irq17
                0x00000000c0000601                irq18
                0x00000000c000060b                irq19
                0x00000000c0000615                irq20
                0x00000000c000061f                irq21
                0x00000000c0000629                irq22
                0x00000000c0000633                irq23
 .text          0x00000000c000063d      0x3fd acpica/utclib.32
                0x00000000c000063d                memcmp
                0x00000000c0000668                memmove
                0x00000000c00006a0                memcpy
                0x00000000c00006c4                memset
                0x00000000c00006e1                strlen
                0x00000000c00006f1                strpbrk
                0x00000000c0000714                strtok
                0x00000000c0000763                strcpy
                0x00000000c0000783                strncpy
                0x00000000c00007b4                strcmp
                0x00000000c00007d5                strchr
                0x00000000c00007eb                strncmp
                0x00000000c000081a                strcat
                0x00000000c0000841                strncat
                0x00000000c000087b                strstr
                0x00000000c00008b8                toupper
                0x00000000c00008cc                tolower
                0x00000000c00008e0                simple_strtoul
 .text          0x00000000c0000a3a      0xfbf core/malloc.32
                0x00000000c0000ba5                dlfree
                0x00000000c0000f00                dlmalloc
                0x00000000c000143d                dlrealloc
                0x00000000c00015f2                dlmemalign
                0x00000000c0001715                dlcalloc
                0x00000000c00017af                dlcfree
                0x00000000c00017b4                dlindependent_calloc
                0x00000000c00017d9                dlindependent_comalloc
                0x00000000c00017f0                dlvalloc
                0x00000000c000181b                dlpvalloc
                0x00000000c0001851                dlmalloc_trim
                0x00000000c000185e                dlmalloc_usable_size
                0x00000000c000188f                dlmallinfo
                0x00000000c000195e                dlmalloc_stats
                0x00000000c000196f                dlmallopt
 .text          0x00000000c00019f9        0x0 libk/string.32
 .text          0x00000000c00019f9       0x51 fs/fat/diskio.32
                0x00000000c00019f9                disk_status
                0x00000000c00019fc                disk_initialize
                0x00000000c00019ff                disk_read
                0x00000000c0001a15                disk_write
                0x00000000c0001a2b                disk_ioctl
 .text          0x00000000c0001a4a     0x6833 fs/fat/ff.32
                0x00000000c0004d18                f_mount
                0x00000000c0004d7a                f_open
                0x00000000c00051b6                f_read
                0x00000000c0005436                f_write
                0x00000000c00056f0                f_sync
                0x00000000c00058cc                f_close
                0x00000000c00058fb                f_lseek
                0x00000000c0005db2                f_opendir
                0x00000000c0005eb4                f_closedir
                0x00000000c0005ed6                f_readdir
                0x00000000c0005f71                f_stat
                0x00000000c0006000                f_getfree
                0x00000000c00061cb                f_truncate
                0x00000000c00062c3                f_unlink
                0x00000000c0006446                f_mkdir
                0x00000000c0006672                f_rename
                0x00000000c0006965                f_chmod
                0x00000000c0006a43                f_utime
                0x00000000c0006b21                f_getlabel
                0x00000000c0006d0f                f_setlabel
                0x00000000c0006f7c                f_forward
                0x00000000c000715a                f_mkfs
 .text          0x00000000c000827d       0x2d fs/fat/ffsystem.32
                0x00000000c000827d                ff_memalloc
                0x00000000c0008293                ff_memfree
 .text          0x00000000c00082aa      0x253 fs/fat/ffunicode.32
                0x00000000c00082aa                ff_uni2oem
                0x00000000c000833a                ff_oem2uni
                0x00000000c00083a6                ff_wtoupper
 .text          0x00000000c00084fd      0x8fb hal/libresample/samplerate.32
                0x00000000c0008541                src_delete
                0x00000000c000857d                src_process
                0x00000000c0008733                src_callback_read
                0x00000000c00088b0                src_set_ratio
                0x00000000c000891a                src_get_channels
                0x00000000c000893c                src_reset
                0x00000000c0008988                src_new
                0x00000000c0008a16                src_callback_new
                0x00000000c0008a78                src_get_name
                0x00000000c0008aaf                src_get_description
                0x00000000c0008ae6                src_get_version
                0x00000000c0008aec                src_is_valid_ratio
                0x00000000c0008b40                src_error
                0x00000000c0008b4e                src_strerror
                0x00000000c0008b61                src_simple
                0x00000000c0008bb4                src_short_to_float_array
                0x00000000c0008c19                src_float_to_short_array
                0x00000000c0008cd8                src_int_to_float_array
                0x00000000c0008d3b                src_float_to_int_array
 .text          0x00000000c0008df8      0x8cb hal/libresample/src_linear.32
                0x00000000c000961e                linear_get_name
                0x00000000c000962d                linear_get_description
                0x00000000c000963c                linear_set_converter
 .text          0x00000000c00096c3     0x447c hal/libresample/src_sinc.32
                0x00000000c000da56                sinc_get_name
                0x00000000c000da69                sinc_get_description
                0x00000000c000da7c                sinc_set_converter
 .text          0x00000000c000db3f      0x77c hal/libresample/src_zoh.32
                0x00000000c000e216                zoh_get_name
                0x00000000c000e225                zoh_get_description
                0x00000000c000e234                zoh_set_converter
 .text          0x00000000c000e2bb       0x23 compat/inlines.32
                0x00000000c000e2bb                CPU::current()
                0x00000000c000e2c8                operator new(unsigned long)
 .text          0x00000000c000e2de      0x111 compat/resolve.32
                0x00000000c000e2de                Krnl::resolveCompatibilitySymbol(char*)
 *fill*         0x00000000c000e3ef        0x1 
 .text          0x00000000c000e3f0      0xa11 core/computer.32
                0x00000000c000e3f0                Computer::close(int, int, void*)
                0x00000000c000e434                Krnl::firstTask()
                0x00000000c000e51e                Computer::Computer()
                0x00000000c000e51e                Computer::Computer()
                0x00000000c000e67a                Computer::setBootMessage(char const*)
                0x00000000c000e67c                Computer::detectFeatures()
                0x00000000c000e886                Computer::displayFeatures()
                0x00000000c000ebcc                Computer::rdmsr(unsigned int)
                0x00000000c000ebf8                Computer::wrmsr(unsigned int, unsigned long long)
                0x00000000c000ec30                Computer::nmiEnabled()
                0x00000000c000ec3c                Computer::readCMOS(unsigned char)
                0x00000000c000ec56                Computer::enableNMI(bool)
                0x00000000c000ec6e                Computer::open(int, int, void*)
                0x00000000c000ed44                Computer::disableNMI()
                0x00000000c000ed52                Computer::writeCMOS(unsigned char, unsigned char)
                0x00000000c000ed70                Computer::handleNMI()
                0x00000000c000edd6                Computer::setDiskActivityLight(int, bool)
 *fill*         0x00000000c000ee01        0x1 
 .text          0x00000000c000ee02      0x1b7 core/gdt.32
                0x00000000c000ee02                GDTEntry::setBase(unsigned int)
                0x00000000c000ee1e                GDTEntry::setLimit(unsigned int)
                0x00000000c000ee3c                GDT::GDT()
                0x00000000c000ee3c                GDT::GDT()
                0x00000000c000ee52                GDT::addEntry(GDTEntry)
                0x00000000c000ee8e                GDT::getNumberOfEntries()
                0x00000000c000ee96                GDT::flush()
                0x00000000c000eeb8                GDT::setup()
 .text          0x00000000c000efb9       0x62 core/idle.32
                0x00000000c000efb9                idleFunction(void*)
 *fill*         0x00000000c000f01b        0x1 
 .text          0x00000000c000f01c      0x45f core/idt.32
                0x00000000c000f01c                IDTEntry::IDTEntry(bool)
                0x00000000c000f01c                IDTEntry::IDTEntry(bool)
                0x00000000c000f08a                IDTEntry::setOffset(unsigned int)
                0x00000000c000f09e                IDT::IDT()
                0x00000000c000f09e                IDT::IDT()
                0x00000000c000f0a0                IDT::getPointerToInvalidOpcodeEntryForF00F()
                0x00000000c000f0a8                IDT::addEntry(IDTEntry, int)
                0x00000000c000f0c2                IDT::addEntry(int, void (*)(), bool)
                0x00000000c000f0fa                IDT::flush()
                0x00000000c000f114                IDT::setup()
 .text          0x00000000c000f47b      0x203 core/kheap.32
                0x00000000c000f47b                sbrk
                0x00000000c000f589                mmap
                0x00000000c000f59f                munmap
                0x00000000c000f5b5                liballoc_lock()
                0x00000000c000f5c6                liballoc_unlock()
                0x00000000c000f5d7                liballoc_alloc(int)
                0x00000000c000f5f2                liballoc_free(void*, int)
                0x00000000c000f610                realloc
                0x00000000c000f624                malloc
                0x00000000c000f634                free
                0x00000000c000f644                rfree
                0x00000000c000f654                calloc
 .text          0x00000000c000f67e      0x480 core/main.32
                0x00000000c000f67e                hwTextMode_loadInData(VgaText*)
                0x00000000c000f6c9                hwTextMode_loadInTitle(VgaText*, char*)
                0x00000000c000f747                hwTextMode_showCursor(VgaText*, bool)
                0x00000000c000f7a5                hwTextMode_update(VgaText*)
                0x00000000c000f7a6                hwTextMode_updateCursor(VgaText*)
                0x00000000c000f7f7                hwTextMode_disableBlink(VgaText*, bool)
                0x00000000c000f83d                hwTextMode_scrollScreen(VgaText*)
                0x00000000c000f8ea                hwTextMode_writeCharacter(VgaText*, char, VgaColour, VgaColour, int, int)
                0x00000000c000f96c                setupTextMode()
                0x00000000c000f9dc                kernel_main
 .text          0x00000000c000fafe      0x54d core/physmgr.32
                0x00000000c000fafe                Phys::allocateDMA(unsigned long)
                0x00000000c000fba1                Phys::freeDMA(unsigned long, unsigned long)
                0x00000000c000fbe9                Phys::setPageState(unsigned long, bool)
                0x00000000c000fc1b                Phys::getPageState(unsigned long)
                0x00000000c000fc37                Phys::freePage(unsigned long)
                0x00000000c000fcc1                Phys::allocatePage()
                0x00000000c000fd89                Phys::allocateContiguousPages(int)
                0x00000000c000fde3                Phys::allowSegmentToBeUsed(unsigned long, unsigned long)
                0x00000000c000fe1b                Phys::physicalMemorySetup(unsigned int)
 *fill*         0x00000000c001004b        0x1 
 .text          0x00000000c001004c      0x273 core/pipe.32
                0x00000000c001004c                Pipe::isAtty()
                0x00000000c0010050                Pipe::~Pipe()
                0x00000000c0010050                Pipe::~Pipe()
                0x00000000c0010074                Pipe::~Pipe()
                0x00000000c001009c                Pipe::read(unsigned long long, void*, int*)
                0x00000000c0010190                Pipe::write(unsigned long long, void*, int*)
                0x00000000c0010258                Pipe::Pipe(int)
                0x00000000c0010258                Pipe::Pipe(int)
 *fill*         0x00000000c00102bf        0x1 
 .text          0x00000000c00102c0      0xf73 core/terminal.32
                0x00000000c00102c0                VgaText::isAtty()
                0x00000000c00102c4                VgaText::~VgaText()
                0x00000000c00102c4                VgaText::~VgaText()
                0x00000000c00102e8                VgaText::~VgaText()
                0x00000000c0010312                VgaText::read(unsigned long long, void*, int*)
                0x00000000c0010332                setTerminalScrollLock(bool)
                0x00000000c0010333                addToTerminalCycle(VgaText*)
                0x00000000c0010360                installVgaTextImplementation()
                0x00000000c0010375                scrollTerminalScrollLock(int)
                0x00000000c0010376                VgaText::load()
                0x00000000c00103ca                VgaText::updateCursor()
                0x00000000c00103e4                VgaText::showCursor(bool)
                0x00000000c00103f4                VgaText::disableBlink(bool)
                0x00000000c001042e                VgaText::doANSI_SGR(int)
                0x00000000c00104ba                VgaText::setDefaultBgColour(VgaColour)
                0x00000000c00104d0                VgaText::setDefaultFgColour(VgaColour)
                0x00000000c00104e6                VgaText::setDefaultColours(VgaColour, VgaColour)
                0x00000000c0010506                VgaText::combineColours(unsigned char, unsigned char)
                0x00000000c0010518                VgaText::scrollScreen()
                0x00000000c00105ac                VgaText::combineCharAndColour(char, unsigned char)
                0x00000000c00105be                VgaText::writeCharacter(char, VgaColour, VgaColour, int, int)
                0x00000000c001061e                VgaText::getCursorX()
                0x00000000c001062a                VgaText::getCursorY()
                0x00000000c0010636                VgaText::setCursor(int, int)
                0x00000000c0010654                VgaText::setCursorX(int)
                0x00000000c0010670                VgaText::setCursorY(int)
                0x00000000c001068c                VgaText::incrementCursor(bool)
                0x00000000c00106f4                VgaText::updateRAMUsageDisplay(int)
                0x00000000c0010758                VgaText::updateDiskUsage()
                0x00000000c00108c2                VgaText::updateTitle()
                0x00000000c0010908                VgaText::setTitleTextColour(VgaColour)
                0x00000000c0010918                VgaText::setTitleColour(VgaColour)
                0x00000000c0010928                VgaText::setTitle(char*)
                0x00000000c001094e                VgaText::decrementCursor(bool)
                0x00000000c0010976                VgaText::putchar(char, VgaColour, VgaColour)
                0x00000000c0010a72                VgaText::isShowingCursor()
                0x00000000c0010a7e                VgaText::isBlinkDisabled()
                0x00000000c0010a8c                VgaText::setCursorHeight(int)
                0x00000000c0010aaa                VgaText::getCursorHeight()
                0x00000000c0010ab5                setActiveTerminal(VgaText*)
                0x00000000c0010b67                doTerminalCycle()
                0x00000000c0010b84                VgaText::doUpdate()
                0x00000000c0010b96                VgaText::puts(char const*, VgaColour, VgaColour)
                0x00000000c0010d56                VgaText::clearScreen()
                0x00000000c0010dba                VgaText::putchar(char)
                0x00000000c0010ed4                VgaText::puts(char const*)
                0x00000000c0010efa                VgaText::putx(unsigned int)
                0x00000000c0010f40                VgaText::VgaText(char const*)
                0x00000000c0010f40                VgaText::VgaText(char const*)
                0x00000000c00110d2                VgaText::receiveKey(unsigned char)
                0x00000000c00111ba                VgaText::write(unsigned long long, void*, int*)
                0x00000000c001120e                newTerminal(char*)
 *fill*         0x00000000c0011233        0x1 
 .text          0x00000000c0011234      0x1b3 core/tss.32
                0x00000000c0011234                TSS::TSS()
                0x00000000c0011234                TSS::TSS()
                0x00000000c0011242                TSS::setESP(unsigned long)
                0x00000000c0011254                TSS::flush()
                0x00000000c0011274                TSS::setup(unsigned long, unsigned long)
 *fill*         0x00000000c00113e7        0x1 
 .text          0x00000000c00113e8      0x4c2 core/unixfile.32
                0x00000000c00113e8                ReservedFilename::read(unsigned long long, void*, int*)
                0x00000000c001143e                ReservedFilename::isAtty()
                0x00000000c001145a                ReservedFilename::write(unsigned long long, void*, int*)
                0x00000000c00114b8                UnixFile::getFileDescriptor()
                0x00000000c00114c0                UnixFile::UnixFile(int)
                0x00000000c00114c0                UnixFile::UnixFile(int)
                0x00000000c0011670                ReservedFilename::ReservedFilename(int)
                0x00000000c0011670                ReservedFilename::ReservedFilename(int)
                0x00000000c00116a2                UnixFile::~UnixFile()
                0x00000000c00116a2                UnixFile::~UnixFile()
                0x00000000c001173a                UnixFile::~UnixFile()
                0x00000000c0011762                ReservedFilename::~ReservedFilename()
                0x00000000c0011762                ReservedFilename::~ReservedFilename()
                0x00000000c0011786                ReservedFilename::~ReservedFilename()
                0x00000000c00117ad                getFromFileDescriptor(int)
 .text          0x00000000c00118aa      0xee3 core/virtmgr.32
                0x00000000c00118aa                Virt::setPageState(unsigned long, Virt::VirtPageState)
                0x00000000c00118df                Virt::getPageState(unsigned long)
                0x00000000c0011903                Virt::allocateKernelVirtualPages(int)
                0x00000000c0011a14                Virt::virtualMemorySetup()
                0x00000000c0011a93                Virt::getAKernelVAS()
                0x00000000c0011a99                Virt::setupPageSwapping(int)
                0x00000000c0011bc8                VAS::VAS()
                0x00000000c0011bc8                VAS::VAS()
                0x00000000c0011bf8                VAS::VAS(VAS*)
                0x00000000c0011bf8                VAS::VAS(VAS*)
                0x00000000c0011c1c                VAS::getForeignPageTableEntry(bool, unsigned long)
                0x00000000c0011c48                VAS::getPageTableEntry(unsigned long)
                0x00000000c0011c67                Virt::freeKernelVirtualPages(unsigned long)
                0x00000000c0011d8a                VAS::freeAllocatedPages(unsigned long)
                0x00000000c0011dae                VAS::virtualToPhysical(unsigned long)
                0x00000000c0011dc6                VAS::reflagRange(unsigned long, int, int, int)
                0x00000000c0011e06                VAS::setToWriteCombining(unsigned long, int)
                0x00000000c0011e38                VAS::mapOtherVASIn(bool, VAS*)
                0x00000000c0011e62                VAS::~VAS()
                0x00000000c0011e62                VAS::~VAS()
                0x00000000c0011fce                VAS::mapPage(unsigned long, unsigned long, int)
                0x00000000c00120ce                VAS::allocatePages(int, int)
                0x00000000c00122a6                VAS::setCPUSpecific(unsigned long)
                0x00000000c00122c2                VAS::mapRange(unsigned long, unsigned long, int, int)
                0x00000000c0012388                VAS::mapForeignPage(bool, VAS*, unsigned long, unsigned long, int)
                0x00000000c0012476                VAS::VAS(bool)
                0x00000000c0012476                VAS::VAS(bool)
                0x00000000c00126d1                mapVASFirstTime
 .text          0x00000000c001278d       0x95 coreobjs/c++.32
                0x00000000c001278d                __cxa_atexit
                0x00000000c0012790                __cxa_finalize
                0x00000000c0012791                __stack_chk_fail
                0x00000000c00127fd                __cxa_pure_virtual
                0x00000000c001280e                operator new[](unsigned long)
                0x00000000c0012813                operator delete(void*, unsigned long)
                0x00000000c0012818                operator delete[](void*)
                0x00000000c001281d                operator delete[](void*, unsigned long)
 .text          0x00000000c0012822      0x1ef dbg/kconsole.32
                0x00000000c0012822                Dbg::stringifyxWithBase(unsigned int, char*, int)
                0x00000000c0012883                Dbg::logc(char)
                0x00000000c001289a                Dbg::logs(char*)
                0x00000000c00128b7                Dbg::logWriteInt(unsigned int)
                0x00000000c00128d4                Dbg::logWriteIntBase(unsigned int, int)
                0x00000000c00128f3                Dbg::kprintf(char const*, ...)
 *fill*         0x00000000c0012a11        0x1 
 .text          0x00000000c0012a12      0xb7c fs/vfs.32
                0x00000000c0012a12                File::read(unsigned long long, void*, int*)
                0x00000000c0012a6a                File::write(unsigned long long, void*, int*)
                0x00000000c0012ac2                Directory::read(unsigned long long, void*, int*)
                0x00000000c0012b1a                Directory::write(unsigned long long, void*, int*)
                0x00000000c0012b48                File::isAtty()
                0x00000000c0012b4c                Directory::isAtty()
                0x00000000c0012b50                Filesystem::getlabel(LogicalDisk*, int, char*, unsigned int*)
                0x00000000c0012b56                Filesystem::setlabel(LogicalDisk*, int, char*)
                0x00000000c0012b5c                File::~File()
                0x00000000c0012b5c                File::~File()
                0x00000000c0012b80                File::~File()
                0x00000000c0012baa                Directory::~Directory()
                0x00000000c0012baa                Directory::~Directory()
                0x00000000c0012bce                Directory::~Directory()
                0x00000000c0012bf8                Filesystem::Filesystem()
                0x00000000c0012bf8                Filesystem::Filesystem()
                0x00000000c0012c1c                Filesystem::~Filesystem()
                0x00000000c0012c1c                Filesystem::~Filesystem()
                0x00000000c0012c2a                Filesystem::~Filesystem()
                0x00000000c0012c4e                Fs::getcwd(Process*, char*, int)
                0x00000000c0012c78                Fs::initVFS()
                0x00000000c0012ca2                Fs::standardiseFiles(char*, char const*, char const*)
                0x00000000c0012e4c                File::File(char const*, Process*)
                0x00000000c0012e4c                File::File(char const*, Process*)
                0x00000000c0012eb0                File::open(FileOpenMode)
                0x00000000c0012f0e                File::close()
                0x00000000c0012f6e                File::seek(unsigned long long)
                0x00000000c0012fc4                File::tell(unsigned long long*)
                0x00000000c0013014                File::rewind()
                0x00000000c0013028                File::unlink()
                0x00000000c0013074                File::rename(char const*)
                0x00000000c00130c2                File::chfatattr(unsigned char, unsigned char)
                0x00000000c001311e                File::exists()
                0x00000000c001315c                File::stat(unsigned long long*, bool*)
                0x00000000c00131bd                Fs::setcwd(Process*, char*)
                0x00000000c00132f8                Directory::Directory(char const*, Process*)
                0x00000000c00132f8                Directory::Directory(char const*, Process*)
                0x00000000c001335c                Directory::open()
                0x00000000c00133b8                Directory::close()
                0x00000000c0013418                Directory::unlink()
                0x00000000c0013464                Directory::rename(char const*)
                0x00000000c00134b2                Directory::exists()
                0x00000000c00134f0                Directory::read(dirent*)
                0x00000000c001353c                Directory::create()
                0x00000000c0013588                Filesystem::chfatattr(char const*, unsigned char, unsigned char)
 .text          0x00000000c001358e       0x84 hal/bus.32
                0x00000000c001358e                Bus::Bus(char const*)
                0x00000000c001358e                Bus::Bus(char const*)
                0x00000000c00135c4                Bus::~Bus()
                0x00000000c00135c4                Bus::~Bus()
                0x00000000c00135e8                Bus::~Bus()
 .text          0x00000000c0013612      0x14e hal/buzzer.32
                0x00000000c0013612                Buzzer::Buzzer(char const*)
                0x00000000c0013612                Buzzer::Buzzer(char const*)
                0x00000000c0013656                Buzzer::~Buzzer()
                0x00000000c0013656                Buzzer::~Buzzer()
                0x00000000c001367a                Buzzer::~Buzzer()
                0x00000000c00136a4                Buzzer::stop()
                0x00000000c00136b7                beepThread(void*)
                0x00000000c00136f2                Buzzer::beep(int, int, bool)
 .text          0x00000000c0013760      0x467 hal/clock.32
                0x00000000c0013760                User::loadClockSettings(int)
                0x00000000c00137b2                Clock::Clock(char const*)
                0x00000000c00137b2                Clock::Clock(char const*)
                0x00000000c00137e8                Clock::~Clock()
                0x00000000c00137e8                Clock::~Clock()
                0x00000000c001380c                Clock::~Clock()
                0x00000000c0013836                Clock::timeInSecondsLocal()
                0x00000000c001387e                Clock::setTimeInSecondsLocal(unsigned long long)
                0x00000000c00138d7                datetimeToSeconds(datetime_t)
                0x00000000c00139fe                Clock::setTimeInDatetimeLocal(datetime_t)
                0x00000000c0013a5e                secondsToDatetime(unsigned long long)
                0x00000000c0013ba2                Clock::timeInDatetimeLocal()
 *fill*         0x00000000c0013bc7        0x1 
 .text          0x00000000c0013bc8      0x4de hal/device.32
                0x00000000c0013bc8                Device::hibernate()
                0x00000000c0013bca                Device::wake()
                0x00000000c0013bcc                Device::detect()
                0x00000000c0013bce                Device::disableLegacy()
                0x00000000c0013bd0                Device::powerSaving(PowerSavingLevel)
                0x00000000c0013bd2                DriverlessDevice::close(int, int, void*)
                0x00000000c0013bd6                DriverlessDevice::detect()
                0x00000000c0013bd8                DriverlessDevice::open(int, int, void*)
                0x00000000c0013bec                Device::~Device()
                0x00000000c0013bec                Device::~Device()
                0x00000000c0013bfa                Device::~Device()
                0x00000000c0013c22                Device::findAndLoadDriver()
                0x00000000c0013c24                Device::preOpenPCI(PCIDeviceInfo)
                0x00000000c0013c4a                Device::preOpenACPI(void*, char*, char*)
                0x00000000c0013c9e                Device::addIRQHandler(int, void (*)(regs*, void*), bool, void*)
                0x00000000c0013cdc                Device::removeIRQHandler(int, void (*)(regs*, void*), bool)
                0x00000000c0013d1a                Device::addChild(Device*)
                0x00000000c0013d5e                Device::removeAllChildren()
                0x00000000c0013da4                Device::hibernateAll()
                0x00000000c0013dd4                Device::wakeAll()
                0x00000000c0013e04                Device::detectAll()
                0x00000000c0013e34                Device::disableLegacyAll()
                0x00000000c0013e64                Device::loadDriversForAll()
                0x00000000c0013e90                Device::closeAll()
                0x00000000c0013ec6                Device::powerSavingAll(PowerSavingLevel)
                0x00000000c0013efc                Device::setName(char const*)
                0x00000000c0013f0a                Device::Device(char const*)
                0x00000000c0013f0a                Device::Device(char const*)
                0x00000000c0014006                Device::getName()
                0x00000000c0014010                DriverlessDevice::DriverlessDevice(char const*)
                0x00000000c0014010                DriverlessDevice::DriverlessDevice(char const*)
                0x00000000c0014038                Device::addToLinkedList(LinkedList<Device>&, DeviceType)
                0x00000000c001407c                getDevicesOfType(DeviceType)
 .text          0x00000000c00140a6       0x84 hal/diskctrl.32
                0x00000000c00140a6                HardDiskController::HardDiskController(char const*)
                0x00000000c00140a6                HardDiskController::HardDiskController(char const*)
                0x00000000c00140dc                HardDiskController::~HardDiskController()
                0x00000000c00140dc                HardDiskController::~HardDiskController()
                0x00000000c0014100                HardDiskController::~HardDiskController()
 .text          0x00000000c001412a       0xf2 hal/diskphys.32
                0x00000000c001412a                PhysicalDisk::eject()
                0x00000000c001413e                PhysicalDisk::PhysicalDisk(char const*, int)
                0x00000000c001413e                PhysicalDisk::PhysicalDisk(char const*, int)
                0x00000000c00141a6                PhysicalDisk::startCache()
                0x00000000c00141ce                PhysicalDisk::~PhysicalDisk()
                0x00000000c00141ce                PhysicalDisk::~PhysicalDisk()
                0x00000000c00141f2                PhysicalDisk::~PhysicalDisk()
 .text          0x00000000c001421c      0x13b hal/fpu.32
                0x00000000c001421c                FPU::FPU(char const*)
                0x00000000c001421c                FPU::FPU(char const*)
                0x00000000c0014252                FPU::~FPU()
                0x00000000c0014252                FPU::~FPU()
                0x00000000c0014276                FPU::~FPU()
                0x00000000c00142a0                setupFPU()
 *fill*         0x00000000c0014357        0x1 
 .text          0x00000000c0014358     0x1381 hal/intctrl.32
                0x00000000c0014358                InterruptController::uninstallISRHandler(int, void (*)(regs*, void*))
                0x00000000c0014390                InterruptController::installISRHandler(int, void (*)(regs*, void*), void*)
                0x00000000c00143e2                doubleFault(regs*, void*)
                0x00000000c00143fc                InterruptController::installIRQHandler(int, void (*)(regs*, void*), bool, void*)
                0x00000000c0014498                InterruptController::clearAllHandlers(int, bool)
                0x00000000c0014540                InterruptController::uninstallIRQHandler(int, void (*)(regs*, void*), bool)
                0x00000000c00145c7                nmiHandler(regs*, void*)
                0x00000000c00145d5                int_handler
                0x00000000c0014676                InterruptController::InterruptController(char const*)
                0x00000000c0014676                InterruptController::InterruptController(char const*)
                0x00000000c001471c                InterruptController::~InterruptController()
                0x00000000c001471c                InterruptController::~InterruptController()
                0x00000000c0014740                InterruptController::~InterruptController()
                0x00000000c001476a                displayDebugInfo(regs*)
                0x00000000c0014bf9                x87EmulHandler(regs*, void*)
                0x00000000c0014c28                gpFault(regs*, void*)
                0x00000000c0014c61                pgFault(regs*, void*)
                0x00000000c0014c78                otherISRHandler(regs*, void*)
                0x00000000c0014c97                opcodeFault(regs*, void*)
                0x00000000c001529d                displayProgramFault(char const*)
                0x00000000c00152c5                setupInterruptController()
                0x00000000c001568c                InterruptController::convertLegacyIRQNumber(int)
 *fill*         0x00000000c00156d9        0x1 
 .text          0x00000000c00156da      0x69a hal/keybrd.32
                0x00000000c00156da                startGUI(void*)
                0x00000000c0015736                startGUIVESA(void*)
                0x00000000c0015792                sendKeyToTerminal(unsigned char)
                0x00000000c00157fe                sendKeyboardToken(KeyboardToken)
                0x00000000c0015c0e                clearInternalKeybuffer(VgaText*)
                0x00000000c0015c43                readKeyboard(VgaText*, char*, unsigned long)
                0x00000000c0015cea                Keyboard::Keyboard(char const*)
                0x00000000c0015cea                Keyboard::Keyboard(char const*)
                0x00000000c0015d26                Keyboard::~Keyboard()
                0x00000000c0015d26                Keyboard::~Keyboard()
                0x00000000c0015d4a                Keyboard::~Keyboard()
 .text          0x00000000c0015d74      0x414 hal/logidisk.32
                0x00000000c0015d74                LogicalDisk::close(int, int, void*)
                0x00000000c0015d78                LogicalDisk::~LogicalDisk()
                0x00000000c0015d78                LogicalDisk::~LogicalDisk()
                0x00000000c0015d9c                LogicalDisk::~LogicalDisk()
                0x00000000c0015dc6                LogicalDisk::open(int, int, void*)
                0x00000000c0015dda                LogicalDisk::absoluteToRelative(unsigned long long)
                0x00000000c0015e12                LogicalDisk::relativeToAbsolute(unsigned long long)
                0x00000000c0015e58                LogicalDisk::LogicalDisk(char const*, PhysicalDisk*, unsigned long long, unsigned long long)
                0x00000000c0015e58                LogicalDisk::LogicalDisk(char const*, PhysicalDisk*, unsigned long long, unsigned long long)
                0x00000000c0015f0e                LogicalDisk::assignDriveLetter()
                0x00000000c0015fc4                LogicalDisk::mount()
                0x00000000c0016036                LogicalDisk::unmount()
                0x00000000c0016046                LogicalDisk::eject()
                0x00000000c001605a                LogicalDisk::unassignDriveLetter()
                0x00000000c00160b0                LogicalDisk::read(unsigned long long, int, void*)
                0x00000000c001611c                LogicalDisk::write(unsigned long long, int, void*)
 .text          0x00000000c0016188       0x84 hal/mouse.32
                0x00000000c0016188                Mouse::Mouse(char const*)
                0x00000000c0016188                Mouse::Mouse(char const*)
                0x00000000c00161be                Mouse::~Mouse()
                0x00000000c00161be                Mouse::~Mouse()
                0x00000000c00161e2                Mouse::~Mouse()
 .text          0x00000000c001620c      0x34d hal/partition.32
                0x00000000c001620c                makePartition(PhysicalDisk*, unsigned long long, unsigned long long)
                0x00000000c00162c8                createPartitionsForDisk(PhysicalDisk*)
 *fill*         0x00000000c0016559        0x1 
 .text          0x00000000c001655a       0x84 hal/serial.32
                0x00000000c001655a                Serial::Serial(char const*)
                0x00000000c001655a                Serial::Serial(char const*)
                0x00000000c0016590                Serial::~Serial()
                0x00000000c0016590                Serial::~Serial()
                0x00000000c00165b4                Serial::~Serial()
 .text          0x00000000c00165de      0x2b8 hal/timer.32
                0x00000000c00165de                Timer::Timer(char const*)
                0x00000000c00165de                Timer::Timer(char const*)
                0x00000000c0016614                Timer::~Timer()
                0x00000000c0016614                Timer::~Timer()
                0x00000000c0016638                Timer::~Timer()
                0x00000000c0016662                Timer::read()
                0x00000000c001666d                timerHandler(unsigned long long)
                0x00000000c00167a4                setupTimer(int)
 .text          0x00000000c0016896      0x4d2 hal/vcache.32
                0x00000000c0016896                VCache::VCache(PhysicalDisk*)
                0x00000000c0016896                VCache::VCache(PhysicalDisk*)
                0x00000000c00169d4                VCache::invalidateReadBuffer()
                0x00000000c00169ee                VCache::writeWriteBuffer()
                0x00000000c0016a2a                VCache::~VCache()
                0x00000000c0016a2a                VCache::~VCache()
                0x00000000c0016a9e                VCache::~VCache()
                0x00000000c0016ac6                VCache::write(unsigned long long, int, void*)
                0x00000000c0016bbc                VCache::read(unsigned long long, int, void*)
 .text          0x00000000c0016d68      0x4cd hal/video.32
                0x00000000c0016d68                Video::putrect(int, int, int, int, unsigned int)
                0x00000000c0016db4                Video::bitblit(int, int, int, int, int, int, int, unsigned int*)
                0x00000000c0016e24                Video::blit(unsigned int*, int, int, int, int)
                0x00000000c0016ea2                Video::clearScreen(unsigned int)
                0x00000000c0016ed6                Video::putpixel(int, int, unsigned int)
                0x00000000c0016ee4                Video::Video(char const*)
                0x00000000c0016ee4                Video::Video(char const*)
                0x00000000c0016f1a                Video::~Video()
                0x00000000c0016f1a                Video::~Video()
                0x00000000c0016f3e                Video::~Video()
                0x00000000c0016f68                Video::isMonochrome()
                0x00000000c0016f74                Video::getWidth()
                0x00000000c0016f80                Video::getHeight()
                0x00000000c0016f8c                Video::drawCursor(int, int, unsigned char*, int)
                0x00000000c0017048                Video::tgaParse(unsigned char*, int, int*, int*)
                0x00000000c00171ca                Video::putTGA(int, int, unsigned char*, int)
 *fill*         0x00000000c0017235        0x1 
 .text          0x00000000c0017236      0xf64 hw/acpi.32
                0x00000000c0017236                ACPI::close(int, int, void*)
                0x00000000c00172eb                findRSDP()
                0x00000000c0017375                loadACPITables(unsigned char*)
                0x00000000c001759c                findRSDT(unsigned char*)
                0x00000000c00176ba                findDataTable(unsigned char*, char*)
                0x00000000c0017756                scanMADT()
                0x00000000c0017bdc                ACPI::ACPI()
                0x00000000c0017bdc                ACPI::ACPI()
                0x00000000c0017c46                ACPI::getPCIIRQAssignment(unsigned char, unsigned short, unsigned char)
                0x00000000c0017d28                ACPI::registerPCIIRQAssignment(void*, unsigned short, unsigned char, unsigned char)
                0x00000000c0017dee                ACPI::setScreenBrightnessLevel(void*, int)
                0x00000000c0017df4                ACPI::writeSimpleBootFlag(SimpleBootFlagTable*)
                0x00000000c0017e3c                ACPI::open(int, int, void*)
                0x00000000c0018182                ACPI::sleep()
 .text          0x00000000c001819a     0x1715 hw/cpu.32
                0x00000000c001819a                CPU::close(int, int, void*)
                0x00000000c001819e                CPU::lookupAMDName(unsigned char, unsigned char)
                0x00000000c0018332                CPU::lookupIntelName(unsigned char, unsigned char)
                0x00000000c00185e0                CPU::AMD_K6_write_msr(unsigned int, unsigned int, unsigned int, CPU::REGS*)
                0x00000000c00185fc                CPU::AMD_K6_read_msr(unsigned int, CPU::REGS*)
                0x00000000c0018614                CPU::AMD_K6_writeback(int, int, int)
                0x00000000c0018688                CPU::cpuid(int, unsigned long*, unsigned long*, unsigned long*, unsigned long*)
                0x00000000c001870c                CPU::cpuidCheckEDX(unsigned int)
                0x00000000c001873a                CPU::cpuidCheckECX(unsigned int)
                0x00000000c0018768                CPU::cpuidCheckExtendedEBX(unsigned int)
                0x00000000c0018796                CPU::cpuidCheckExtendedECX(unsigned int)
                0x00000000c00187c4                CPU::CPU()
                0x00000000c00187c4                CPU::CPU()
                0x00000000c0018852                CPU::displayFeatures()
                0x00000000c0018ace                CPU::detectFeatures()
                0x00000000c00194be                CPU::setupSMEP()
                0x00000000c00194ca                CPU::setupUMIP()
                0x00000000c00194d4                CPU::setupTSC()
                0x00000000c00194de                CPU::setupLargePages()
                0x00000000c00194e8                CPU::setupPAT()
                0x00000000c0019524                CPU::setupMTRR()
                0x00000000c0019526                CPU::setupGlobalPages()
                0x00000000c0019530                CPU::allowUsermodeDataAccess()
                0x00000000c0019542                CPU::prohibitUsermodeDataAccess()
                0x00000000c0019554                CPU::setupSMAP()
                0x00000000c0019562                CPU::setupFeatures()
                0x00000000c00195e2                CPU::open(int, int, void*)
                0x00000000c00196b4                CPU::decodeAddress(regs*, int*, bool*, unsigned char*)
 .text          0x00000000c00198af        0x0 hw/ports.32
 *fill*         0x00000000c00198af        0x1 
 .text          0x00000000c00198b0      0x5d3 krnl/env.32
                0x00000000c00198b0                EnvVarContainer::getEnv(char const*)
                0x00000000c00198ee                EnvVarContainer::setEnv(char const*, char const*)
                0x00000000c00199ba                EnvVarContainer::deleteEnv(char const*)
                0x00000000c00199bc                EnvVarContainer::loadFrom(char const*, char const*)
                0x00000000c0019bb2                EnvVarContainer::__loadSystem()
                0x00000000c0019bcc                EnvVarContainer::__loadUser()
                0x00000000c0019bce                EnvVarContainer::EnvVarContainer(Process*)
                0x00000000c0019bce                EnvVarContainer::EnvVarContainer(Process*)
                0x00000000c0019bf0                EnvVarContainer::~EnvVarContainer()
                0x00000000c0019bf0                EnvVarContainer::~EnvVarContainer()
                0x00000000c0019c20                Krnl::getEnv(Process*, char const*)
                0x00000000c0019c85                Krnl::setEnvSystem(char const*, char const*)
                0x00000000c0019c9f                Krnl::setEnvUser(char const*, char const*)
                0x00000000c0019cbe                Krnl::setEnvProcess(Process*, char const*, char const*)
                0x00000000c0019cd1                Krnl::deleteEnvSystem(char const*)
                0x00000000c0019cd2                Krnl::deleteEnvUser(char const*)
                0x00000000c0019cd3                Krnl::deleteEnvProcess(Process*, char const*)
                0x00000000c0019cd4                Krnl::newProcessEnv(Process*)
                0x00000000c0019cf6                Krnl::copyProcessEnv(Process*, Process*)
                0x00000000c0019d4a                Krnl::loadSystemEnv()
                0x00000000c0019d78                Krnl::loadUserEnv()
                0x00000000c0019d9e                Krnl::flushEnv()
                0x00000000c0019d9f                Krnl::getProcessTotalEnvCount(Process*)
                0x00000000c0019dbf                Krnl::getProcessEnvPair(Process*, int)
 .text          0x00000000c0019e83      0x396 krnl/panic.32
                0x00000000c0019e83                Krnl::panic(char const*)
 .text          0x00000000c001a219      0x3b6 net/ethernet.32
                0x00000000c001a219                Net::switchEndian16(unsigned short)
                0x00000000c001a23a                Net::switchEndian32(unsigned int)
                0x00000000c001a269                Net::crc32Calc(unsigned char*, int)
                0x00000000c001a2fa                Net::wrapEthernetFrame(Net::UnwrappedEthernetFrame, unsigned char*)
                0x00000000c001a436                Net::unwrapEthernetFrame(unsigned char*, int)
 .text          0x00000000c001a5cf      0x513 reg/registry.32
                0x00000000c001a5cf                Reg::findLineFromLoadedData(char*, char*, char*)
                0x00000000c001a727                Reg::getLineFromRegistry(char*, char*, char*, char*)
                0x00000000c001a87c                Reg::getLine(char*, char*, char*)
                0x00000000c001a8b3                Reg::readInt(char*, char*, int*)
                0x00000000c001a99e                Reg::readString(char*, char*, char*, int)
                0x00000000c001aa1f                Reg::readBool(char*, char*, bool*)
                0x00000000c001aa44                Reg::readBoolWithDefault(char*, char*, bool)
                0x00000000c001aa70                Reg::readIntWithDefault(char*, char*, int)
                0x00000000c001aa9c                Reg::readStringWithDefault(char*, char*, char*, int, char*)
 .text          0x00000000c001aae2       0x36 sys/sc_eject.32
                0x00000000c001aae2                Sys::eject(regs*)
 .text          0x00000000c001ab18       0x18 sys/sc_exit.32
                0x00000000c001ab18                Sys::exit(regs*)
 .text          0x00000000c001ab30       0x1f sys/sc_getcwd.32
                0x00000000c001ab30                Sys::getCwd(regs*)
 .text          0x00000000c001ab4f        0xc sys/sc_getpid.32
                0x00000000c001ab4f                Sys::getPID(regs*)
 .text          0x00000000c001ab5b       0xa8 sys/sc_loaddll.32
                0x00000000c001ab5b                Sys::loadDLL(regs*)
 .text          0x00000000c001ac03       0x68 sys/sc_read.32
                0x00000000c001ac03                Sys::read(regs*)
 .text          0x00000000c001ac6b       0x55 sys/sc_sbrk.32
                0x00000000c001ac6b                Sys::sbrk(regs*)
 .text          0x00000000c001acc0       0x1c sys/sc_setcwd.32
                0x00000000c001acc0                Sys::setCwd(regs*)
 .text          0x00000000c001acdc      0x128 sys/sc_settime.32
                0x00000000c001acdc                Sys::setTime(regs*)
 .text          0x00000000c001ae04       0x4a sys/sc_timezone.32
                0x00000000c001ae04                Sys::timezone(regs*)
 .text          0x00000000c001ae4e       0x68 sys/sc_write.32
                0x00000000c001ae4e                Sys::write(regs*)
 .text          0x00000000c001aeb6       0x3b sys/sc_yield.32
                0x00000000c001aeb6                Sys::yield(regs*)
 .text          0x00000000c001aef1     0x1028 sys/syscalls.32
                0x00000000c001aef1                sysCallSeekDir(regs*)
                0x00000000c001aef6                sysCallTellDir(regs*)
                0x00000000c001aefb                sysCallVerify(regs*)
                0x00000000c001af05                sysCallGetArgc(regs*)
                0x00000000c001af15                sysFormatDisk(regs*)
                0x00000000c001af7f                sysSetDiskVolumeLabel(regs*)
                0x00000000c001afc5                sysGetDiskVolumeLabel(regs*)
                0x00000000c001b016                sysShutdown(regs*)
                0x00000000c001b074                sysCallRealpath(regs*)
                0x00000000c001b0b7                sysCallReadDir(regs*)
                0x00000000c001b145                sysCallIsATTY(regs*)
                0x00000000c001b19f                sysCallSeek(regs*)
                0x00000000c001b208                sysCallTell(regs*)
                0x00000000c001b285                sysCallSize(regs*)
                0x00000000c001b308                sysCallSizeFromFilename(regs*)
                0x00000000c001b3c8                sysCallClose(regs*)
                0x00000000c001b450                sysCallOpenDir(regs*)
                0x00000000c001b4c5                sysCallCloseDir(regs*)
                0x00000000c001b52b                sysCallMakeDir(regs*)
                0x00000000c001b59b                sysCallWait(regs*)
                0x00000000c001b5b5                sysCallNotImpl(regs*)
                0x00000000c001b5d0                sysPanic(regs*)
                0x00000000c001b5f6                sysCallRmdir(regs*)
                0x00000000c001b65a                sysCallUnlink(regs*)
                0x00000000c001b6be                sysCallGetArgv(regs*)
                0x00000000c001b70a                sysCallTTYName(regs*)
                0x00000000c001b78d                sysCallUSleep(regs*)
                0x00000000c001b7b4                sysCallSpawn(regs*)
                0x00000000c001b80c                sysCallGetEnv(regs*)
                0x00000000c001b8b9                sysAppSettings(regs*)
                0x00000000c001b9d8                sysSetFatAttrib(regs*)
                0x00000000c001ba4a                sysPipe(regs*)
                0x00000000c001ba8f                sysGetUnixTime(regs*)
                0x00000000c001baa3                string_ends_with(char const*, char const*)
                0x00000000c001baeb                sysCallOpen(regs*)
                0x00000000c001bd00                Sys::loadSyscalls()
                0x00000000c001bed7                Sys::systemCall(regs*, void*)
 .text          0x00000000c001bf19     0x1181 thr/elf.32
                0x00000000c001bf19                Thr::allocateMemoryForTask(Process*, File*, unsigned long, unsigned long, unsigned long)
                0x00000000c001c196                Thr::loadProgramIntoMemory(Process*, char const*)
                0x00000000c001c3ac                Thr::runtimeReferenceHelper()
                0x00000000c001c3bf                Thr::getAddressOfKernelSymbol(char const*)
                0x00000000c001c40e                Thr::loadKernelSymbolTable(char const*)
                0x00000000c001c6c2                Thr::loadDriverIntoMemory(char const*, unsigned long, bool)
                0x00000000c001cdde                Thr::getDriverBaseFromAddress(unsigned long)
                0x00000000c001ce10                Thr::getDriverNameFromAddress(unsigned long)
                0x00000000c001ce47                Thr::getDriverOffsetFromAddress(unsigned long)
                0x00000000c001ce61                Thr::loadDLL(char const*, bool)
                0x00000000c001d070                Thr::executeDLL(unsigned long, void*)
 .text          0x00000000c001d09a     0x1056 thr/prcssthr.32
                0x00000000c001d09a                changeTSS
                0x00000000c001d0ca                Process::addArgs(char**)
                0x00000000c001d124                Process::Process(char const*, Process*, char**)
                0x00000000c001d124                Process::Process(char const*, Process*, char**)
                0x00000000c001d308                Process::Process(bool, char const*, Process*, char**)
                0x00000000c001d308                Process::Process(bool, char const*, Process*, char**)
                0x00000000c001d4b7                disableIRQs()
                0x00000000c001d4bf                getIRQNestingLevel()
                0x00000000c001d4c5                enableIRQs()
                0x00000000c001d4d4                lockScheduler()
                0x00000000c001d4d6                unlockScheduler()
                0x00000000c001d4d8                userModeEntryPoint(void*)
                0x00000000c001d4fb                lockStuff()
                0x00000000c001d507                taskStartupFunction
                0x00000000c001d510                updateTimeUsed()
                0x00000000c001d575                switchToThread(ThreadControlBlock*)
                0x00000000c001d5c6                Semaphore::Semaphore(int)
                0x00000000c001d5c6                Semaphore::Semaphore(int)
                0x00000000c001d5f4                Mutex::Mutex()
                0x00000000c001d5f4                Mutex::Mutex()
                0x00000000c001d606                Process::createThread(void (*)(void*), void*, int)
                0x00000000c001d6ea                Process::createUserThread()
                0x00000000c001d706                setupMultitasking(void (*)())
                0x00000000c001d810                schedule()
                0x00000000c001d895                unlockStuff()
                0x00000000c001d8ca                Semaphore::tryAcquire()
                0x00000000c001d8f8                Semaphore::assertLocked(char const*)
                0x00000000c001d928                blockTaskWithSchedulerLockAlreadyHeld(TaskState)
                0x00000000c001d96a                blockTask(TaskState)
                0x00000000c001d98b                waitTask(int, int*, int)
                0x00000000c001d9cd                nanoSleepUntil(unsigned long long)
                0x00000000c001da24                nanoSleep(unsigned long long)
                0x00000000c001da39                sleep(unsigned long long)
                0x00000000c001da56                Semaphore::acquire()
                0x00000000c001dabe                taskReturned
                0x00000000c001daec                unblockTask(ThreadControlBlock*)
                0x00000000c001db9b                cleanupTerminatedTask(ThreadControlBlock*)
                0x00000000c001de64                cleanerTaskFunction(void*)
                0x00000000c001df17                terminateTask(int)
                0x00000000c001dff7                Thr::terminateFromIRQ(int)
                0x00000000c001e004                Semaphore::release()
 .text          0x00000000c001e0f0      0xc26 vm86/vm8086.32
                0x00000000c001e0f0                Vm::inbv(unsigned short)
                0x00000000c001e103                Vm::outbv(unsigned short, unsigned char)
                0x00000000c001e156                Vm::realToLinear(unsigned short, unsigned short)
                0x00000000c001e166                Vm::getSegment(unsigned int)
                0x00000000c001e16e                Vm::getOffset(unsigned int)
                0x00000000c001e173                Vm::mainloop2()
                0x00000000c001e1ae                Vm::mainVm8086Loop(void*)
                0x00000000c001e1bb                Vm::mainloop3(unsigned long)
                0x00000000c001e1e5                Vm::initialise8086()
                0x00000000c001e228                Vm::finish8086()
                0x00000000c001e26d                Vm::getOutput8086(unsigned char*)
                0x00000000c001e297                Vm::start8086(char const*, unsigned short, unsigned short, unsigned short, unsigned short)
                0x00000000c001e3e7                Vm::doISR(regs*, int, unsigned char*, unsigned short, unsigned short)
                0x00000000c001e471                Vm::readByteFromReal(unsigned short, unsigned short)
                0x00000000c001e482                Vm::readWordFromReal(unsigned short, unsigned short)
                0x00000000c001e494                Vm::readDwordFromReal(unsigned short, unsigned short)
                0x00000000c001e4a5                Vm::writeByteFromReal(unsigned short, unsigned short, unsigned char)
                0x00000000c001e4ba                Vm::writeWordFromReal(unsigned short, unsigned short, unsigned short)
                0x00000000c001e4d0                Vm::writeDwordFromReal(unsigned short, unsigned short, unsigned int)
                0x00000000c001e4e5                Vm::faultHandler(regs*)
 .text          0x00000000c001ed16      0xefd vm86/x87em.32
                0x00000000c001ed16                Vm::fpuInternalTo32(unsigned long long)
                0x00000000c001ed71                Vm::fpuInternalTo64(unsigned long long)
                0x00000000c001ed7a                Vm::fpu32ToInternal(unsigned int)
                0x00000000c001edbf                Vm::fpu64ToInternal(unsigned long long)
                0x00000000c001edc8                Vm::fpuFloatToLong(unsigned long long)
                0x00000000c001ee23                Vm::fpuULongToFloat(unsigned long long)
                0x00000000c001ee59                Vm::fpuLongToFloat(long long)
                0x00000000c001eeaf                Vm::fpuGet0()
                0x00000000c001eeb4                Vm::fpuGet1()
                0x00000000c001eebc                Vm::fpuGetPi()
                0x00000000c001eec4                Vm::fpuGetLog2E()
                0x00000000c001eedc                Vm::fpuGetLogE2()
                0x00000000c001eef4                Vm::fpuGetLog210()
                0x00000000c001ef0c                Vm::fpuGetLog102()
                0x00000000c001ef24                Vm::fpuIsSecondLarger(unsigned long long, unsigned long long)
                0x00000000c001ef38                Vm::fpuAreEqual(unsigned long long, unsigned long long)
                0x00000000c001ef4e                Vm::fpuUnorderedCompare(unsigned long long, unsigned long long)
                0x00000000c001efa1                Vm::fpuAdd(unsigned long long, unsigned long long)
                0x00000000c001efb2                Vm::fpuAbs(unsigned long long)
                0x00000000c001efbb                Vm::fpuChs(unsigned long long)
                0x00000000c001efcb                Vm::fpuSub(unsigned long long, unsigned long long)
                0x00000000c001efda                Vm::fpuMultiply(unsigned long long, unsigned long long)
                0x00000000c001eff9                Vm::fpuDivide(unsigned long long, unsigned long long)
                0x00000000c001f015                Vm::fpuSquare(unsigned long long)
                0x00000000c001f02b                Vm::fpuGetReg(int)
                0x00000000c001f06e                Vm::fpuSetReg(int, unsigned long long)
                0x00000000c001f0b9                Vm::fpuPush(unsigned long long)
                0x00000000c001f116                Vm::fpuPop()
                0x00000000c001f168                Vm::x87Handler(regs*)
 *fill*         0x00000000c001fc13        0x1 
 .text          0x00000000c001fc14     0x10ed fs/fat/vfslink.32
                0x00000000c001fc14                FAT::getName()
                0x00000000c001fc1a                FAT::tell(void*, unsigned long long*)
                0x00000000c001fc4e                FAT::stat(void*, unsigned long long*)
                0x00000000c001fc82                FAT::~FAT()
                0x00000000c001fc82                FAT::~FAT()
                0x00000000c001fca6                FAT::~FAT()
                0x00000000c001fcce                FAT::getlabel(LogicalDisk*, int, char*, unsigned int*)
                0x00000000c001fd6c                FAT::setlabel(LogicalDisk*, int, char*)
                0x00000000c001fe26                FAT::format(LogicalDisk*, int, char const*, int)
                0x00000000c002000a                FAT::tryMount(LogicalDisk*, int)
                0x00000000c0020210                FAT::readDir(void*, unsigned long, void*, int*)
                0x00000000c0020316                FAT::read(void*, unsigned long, void*, int*)
                0x00000000c0020370                FAT::write(void*, unsigned long, void*, int*)
                0x00000000c00203ca                FAT::close(void*)
                0x00000000c0020416                FAT::closeDir(void*)
                0x00000000c0020462                FAT::seek(void*, unsigned long long)
                0x00000000c00204b6                fatWrapperReadDisk
                0x00000000c00204fd                fatWrapperWriteDisk
                0x00000000c0020544                fatWrapperIoctl
                0x00000000c0020648                FAT::FAT()
                0x00000000c0020648                FAT::FAT()
                0x00000000c002069a                FAT::fixFilepath(char*)
                0x00000000c00206d2                FAT::open(char const*, void**, FileOpenMode)
                0x00000000c00207fa                FAT::openDir(char const*, void**)
                0x00000000c00208a0                FAT::stat(char const*, unsigned long long*, bool*)
                0x00000000c002098a                FAT::unlink(char const*)
                0x00000000c0020a04                FAT::chfatattr(char const*, unsigned char, unsigned char)
                0x00000000c0020b58                FAT::rename(char const*, char const*)
                0x00000000c0020c1c                FAT::mkdir(char const*)
                0x00000000c0020c96                FAT::exists(char const*)
 *fill*         0x00000000c0020d01        0x1 
 .text          0x00000000c0020d02      0xbc1 fs/iso9660/vfslink.32
                0x00000000c0020d02                ISO9660::format(LogicalDisk*, int, char const*, int)
                0x00000000c0020d08                ISO9660::seek(void*, unsigned long long)
                0x00000000c0020d38                ISO9660::tell(void*, unsigned long long*)
                0x00000000c0020d5c                ISO9660::getName()
                0x00000000c0020d62                ISO9660::stat(void*, unsigned long long*)
                0x00000000c0020d86                ISO9660::chfatattr(char const*, unsigned char, unsigned char)
                0x00000000c0020d8c                ISO9660::unlink(char const*)
                0x00000000c0020d92                ISO9660::write(void*, unsigned long, void*, int*)
                0x00000000c0020d98                ISO9660::rename(char const*, char const*)
                0x00000000c0020d9e                ISO9660::mkdir(char const*)
                0x00000000c0020da4                ISO9660::close(void*)
                0x00000000c0020dc6                ISO9660::closeDir(void*)
                0x00000000c0020de8                ISO9660::~ISO9660()
                0x00000000c0020de8                ISO9660::~ISO9660()
                0x00000000c0020e0c                ISO9660::~ISO9660()
                0x00000000c0020e33                __memmem(unsigned char*, int, unsigned char*, int)
                0x00000000c0020e75                readSectorFromCDROM(unsigned int, unsigned char*, char)
                0x00000000c0020edc                ISO9660::tryMount(LogicalDisk*, int)
                0x00000000c0020f2c                ISO9660::read(void*, unsigned long, void*, int*)
                0x00000000c002112c                ISO9660::readDir(void*, unsigned long, void*, int*)
                0x00000000c00213b9                readRoot(unsigned int*, unsigned int*, char)
                0x00000000c002140e                readRecursively(char*, unsigned int, unsigned int, unsigned int*, unsigned int*, char, int*)
                0x00000000c00215e1                getFileData(char*, unsigned int*, unsigned int*, char, int*)
                0x00000000c0021670                ISO9660::open(char const*, void**, FileOpenMode)
                0x00000000c0021730                ISO9660::exists(char const*)
                0x00000000c0021754                ISO9660::stat(char const*, unsigned long long*, bool*)
                0x00000000c00217e8                ISO9660::openDir(char const*, void**)
                0x00000000c00218a0                ISO9660::ISO9660()
                0x00000000c00218a0                ISO9660::ISO9660()
 *fill*         0x00000000c00218c3        0x1 
 .text          0x00000000c00218c4      0x326 hal/sound/sndchannel.32
                0x00000000c00218c4                SoundChannel::~SoundChannel()
                0x00000000c00218c4                SoundChannel::~SoundChannel()
                0x00000000c00218e0                SoundChannel::setSpeed(float)
                0x00000000c00218ec                SoundChannel::getSpeed()
                0x00000000c00218f4                SoundChannel::setVolume(int)
                0x00000000c0021910                SoundChannel::getVolume()
                0x00000000c0021918                SoundChannel::pause()
                0x00000000c0021922                SoundChannel::SoundChannel(int, int, int, int)
                0x00000000c0021922                SoundChannel::SoundChannel(int, int, int, int)
                0x00000000c0021a78                SoundChannel::play()
                0x00000000c0021a82                SoundChannel::paused()
                0x00000000c0021a8a                SoundChannel::getSampleRate()
                0x00000000c0021a92                SoundChannel::getBits()
                0x00000000c0021a9a                SoundChannel::getBufferUsed()
                0x00000000c0021aa2                SoundChannel::getBufferSize()
                0x00000000c0021aaa                SoundChannel::unbuffer(float*, int, int)
                0x00000000c0021b4a                SoundChannel::buffer8(unsigned char*, int)
 .text          0x00000000c0021bea      0x3d5 hal/sound/sndhw.32
                0x00000000c0021bea                SoundDevice::SoundDevice(char const*)
                0x00000000c0021bea                SoundDevice::SoundDevice(char const*)
                0x00000000c0021c56                SoundDevice::~SoundDevice()
                0x00000000c0021c56                SoundDevice::~SoundDevice()
                0x00000000c0021cd0                SoundDevice::~SoundDevice()
                0x00000000c0021cfa                SoundDevice::getFreeChannelNum()
                0x00000000c0021d14                SoundDevice::addChannel(SoundChannel*)
                0x00000000c0021d84                SoundDevice::removeChannel(int)
                0x00000000c0021db6                SoundDevice::floatTo8(float*, unsigned char*, int)
                0x00000000c0021e9e                SoundDevice::getAudio(int, float*, float*)
 .text          0x00000000c0021fbf        0x0 hw/bus/isa.32
 *fill*         0x00000000c0021fbf        0x1 
 .text          0x00000000c0021fc0      0x6c3 hw/bus/pci.32
                0x00000000c0021fc0                PCI::open(int, int, void*)
                0x00000000c0021fd4                PCI::close(int, int, void*)
                0x00000000c0021fd8                PCI::PCI()
                0x00000000c0021fd8                PCI::PCI()
                0x00000000c0022058                PCI::pciReadWord(unsigned char, unsigned char, unsigned char, unsigned char)
                0x00000000c00220a0                PCI::getVendorID(unsigned char, unsigned char, unsigned char)
                0x00000000c00220c2                PCI::getHeaderType(unsigned char, unsigned char, unsigned char)
                0x00000000c00220e6                PCI::getClassCode(unsigned char, unsigned char, unsigned char)
                0x00000000c002212a                PCI::getProgIF(unsigned char, unsigned char, unsigned char)
                0x00000000c002214e                PCI::getRevisionID(unsigned char, unsigned char, unsigned char)
                0x00000000c0022170                PCI::getInterruptNumber(unsigned char, unsigned char, unsigned char)
                0x00000000c0022192                PCI::getSecondaryBus(unsigned char, unsigned char, unsigned char)
                0x00000000c00221b6                PCI::getBARAddress(unsigned char, unsigned char, unsigned char, unsigned char)
                0x00000000c0022216                PCI::pciWriteWord(unsigned char, unsigned char, unsigned char, unsigned char, unsigned short)
                0x00000000c0022282                PCI::checkBus(unsigned char)
                0x00000000c00222a6                PCI::foundDevice(PCIDeviceInfo)
                0x00000000c0022418                PCI::getDeviceData(unsigned char, unsigned char, unsigned char)
                0x00000000c00225c4                PCI::checkDevice(unsigned char, unsigned char)
                0x00000000c0022630                PCI::detect()
 *fill*         0x00000000c0022683        0x1 
 .text          0x00000000c0022684      0xc70 hw/diskctrl/ide.32
                0x00000000c0022684                IDE::close(int, int, void*)
                0x00000000c0022688                IDE::IDE()
                0x00000000c0022688                IDE::IDE()
                0x00000000c00226bc                IDE::prepareInterrupt(unsigned char)
                0x00000000c00226ce                selectDrive(unsigned char, unsigned char)
                0x00000000c00226d0                IDE::getBase(unsigned char)
                0x00000000c00226e2                IDE::write(unsigned char, unsigned char, unsigned char)
                0x00000000c00227a2                IDE::read(unsigned char, unsigned char)
                0x00000000c0022850                IDE::waitInterrupt(unsigned char)
                0x00000000c00228b6                ideChannel0IRQHandler(regs*, void*)
                0x00000000c00228d2                ideChannel1IRQHandler(regs*, void*)
                0x00000000c00228ee                IDE::enableIRQs(unsigned char, bool)
                0x00000000c0022934                IDE::open(int, int, void*)
                0x00000000c0022d44                IDE::readBuffer(unsigned char, unsigned char, unsigned int, unsigned int)
                0x00000000c0022e10                IDE::detect()
                0x00000000c00230f8                IDE::printError(unsigned char, unsigned char, unsigned char)
                0x00000000c002328e                IDE::polling(unsigned char, unsigned int)
 .text          0x00000000c00232f4      0x390 hw/diskctrl/satabus.32
                0x00000000c00232f4                SATABus::close(int, int, void*)
                0x00000000c00232f8                SATABus::detect()
                0x00000000c00232fa                SATABus::SATABus()
                0x00000000c00232fa                SATABus::SATABus()
                0x00000000c00233a6                SATABus::findCmdslot(SATABus::tagHBA_PORT volatile*)
                0x00000000c00233ee                SATABus::checkType(SATABus::tagHBA_PORT volatile*)
                0x00000000c0023436                SATABus::startCmd(SATABus::tagHBA_PORT volatile*)
                0x00000000c0023456                SATABus::stopCmd(SATABus::tagHBA_PORT volatile*)
                0x00000000c0023480                SATABus::portRebase(SATABus::tagHBA_PORT volatile*, int)
                0x00000000c0023586                SATABus::probePort(SATABus::tagHBA_MEM volatile*)
                0x00000000c0023664                SATABus::open(int, int, void*)
 .text          0x00000000c0023684      0x632 hw/diskphys/ata.32
                0x00000000c0023684                ATA::close(int, int, void*)
                0x00000000c00236a8                ATA::powerSaving(PowerSavingLevel)
                0x00000000c00236aa                ATA::ATA()
                0x00000000c00236aa                ATA::ATA()
                0x00000000c00236d8                ATA::flush(bool)
                0x00000000c0023722                ATA::readyForCommand()
                0x00000000c0023772                ATA::access(unsigned long long, int, void*, bool)
                0x00000000c0023af0                ATA::read(unsigned long long, int, void*)
                0x00000000c0023b58                ATA::write(unsigned long long, int, void*)
                0x00000000c0023bc0                ATA::detectCHS()
                0x00000000c0023bea                ATA::open(int, int, void*)
 .text          0x00000000c0023cb6      0x5bd hw/diskphys/atapi.32
                0x00000000c0023cb6                ATAPI::write(unsigned long long, int, void*)
                0x00000000c0023cbc                ATAPI::close(int, int, void*)
                0x00000000c0023ce0                ATAPI::ATAPI()
                0x00000000c0023ce0                ATAPI::ATAPI()
                0x00000000c0023d0e                ATAPI::readyForCommand()
                0x00000000c0023d5e                ATAPI::sendPacket(unsigned char*, int, bool, unsigned short*, int)
                0x00000000c002401e                ATAPI::diskRemoved()
                0x00000000c002403a                ATAPI::eject()
                0x00000000c0024082                ATAPI::diskInserted()
                0x00000000c00240b0                ATAPI::detectMedia()
                0x00000000c002416c                ATAPI::open(int, int, void*)
                0x00000000c00241f4                ATAPI::read(unsigned long long, int, void*)
 *fill*         0x00000000c0024273        0x1 
 .text          0x00000000c0024274      0x482 hw/diskphys/sata.32
                0x00000000c0024274                SATA::close(int, int, void*)
                0x00000000c0024298                SATA::powerSaving(PowerSavingLevel)
                0x00000000c002429a                SATA::open(int, int, void*)
                0x00000000c0024348                SATA::SATA()
                0x00000000c0024348                SATA::SATA()
                0x00000000c0024376                SATA::access(unsigned long long, int, void*, bool)
                0x00000000c0024626                SATA::read(unsigned long long, int, void*)
                0x00000000c002468e                SATA::write(unsigned long long, int, void*)
 .text          0x00000000c00246f6      0x566 hw/diskphys/satapi.32
                0x00000000c00246f6                SATAPI::write(unsigned long long, int, void*)
                0x00000000c00246fc                SATAPI::close(int, int, void*)
                0x00000000c0024720                SATAPI::SATAPI()
                0x00000000c0024720                SATAPI::SATAPI()
                0x00000000c002474e                SATAPI::diskRemoved()
                0x00000000c002476a                SATAPI::diskInserted()
                0x00000000c0024798                SATAPI::sendPacket(unsigned char*, int, unsigned long long, unsigned short*, int)
                0x00000000c00249f6                SATAPI::eject()
                0x00000000c0024a3e                SATAPI::detectMedia()
                0x00000000c0024b00                SATAPI::open(int, int, void*)
                0x00000000c0024bba                SATAPI::read(unsigned long long, int, void*)
 .text          0x00000000c0024c5c       0x8e hw/fpu/avx.32
                0x00000000c0024c5c                AVX::open(int, int, void*)
                0x00000000c0024c6e                AVX::close(int, int, void*)
                0x00000000c0024c80                AVX::available()
                0x00000000c0024c92                AVX::save(void*)
                0x00000000c0024caa                AVX::load(void*)
                0x00000000c0024cc2                AVX::AVX()
                0x00000000c0024cc2                AVX::AVX()
 .text          0x00000000c0024cea       0x90 hw/fpu/mmx.32
                0x00000000c0024cea                MMX::available()
                0x00000000c0024cfe                MMX::open(int, int, void*)
                0x00000000c0024d10                MMX::close(int, int, void*)
                0x00000000c0024d22                MMX::save(void*)
                0x00000000c0024d3a                MMX::load(void*)
                0x00000000c0024d52                MMX::MMX()
                0x00000000c0024d52                MMX::MMX()
 .text          0x00000000c0024d7a       0x96 hw/fpu/sse.32
                0x00000000c0024d7a                SSE::open(int, int, void*)
                0x00000000c0024d8c                SSE::close(int, int, void*)
                0x00000000c0024d9e                SSE::available()
                0x00000000c0024db8                SSE::save(void*)
                0x00000000c0024dd0                SSE::load(void*)
                0x00000000c0024de8                SSE::SSE()
                0x00000000c0024de8                SSE::SSE()
 .text          0x00000000c0024e10       0x8e hw/fpu/x87.32
                0x00000000c0024e10                x87::open(int, int, void*)
                0x00000000c0024e22                x87::close(int, int, void*)
                0x00000000c0024e34                x87::available()
                0x00000000c0024e46                x87::save(void*)
                0x00000000c0024e5e                x87::load(void*)
                0x00000000c0024e76                x87::x87()
                0x00000000c0024e76                x87::x87()
 .text          0x00000000c0024e9e      0x71e hw/intctrl/apic.32
                0x00000000c0024e9e                APIC::disable()
                0x00000000c0024ea0                APIC::close(int, int, void*)
                0x00000000c0024ec2                IOAPIC::close(int, int, void*)
                0x00000000c0024ec8                APIC::io_wait()
                0x00000000c0024ece                APIC::getBase()
                0x00000000c0024f10                APIC::eoi(unsigned char)
                0x00000000c0024f3e                APIC::open(int, int, void*)
                0x00000000c002508c                IOAPIC::IOAPIC()
                0x00000000c002508c                IOAPIC::IOAPIC()
                0x00000000c00250b4                APIC::APIC()
                0x00000000c00250b4                APIC::APIC()
                0x00000000c0025190                IOAPIC::handlesGSIWithNumber(unsigned int)
                0x00000000c00251c2                IOAPIC::read(int)
                0x00000000c00251ea                IOAPIC::open(int, int, void*)
                0x00000000c00252e0                IOAPIC::write(int, int)
                0x00000000c002530c                IOAPIC::redirect(unsigned char, unsigned long long, unsigned char, bool, bool)
                0x00000000c0025406                APIC::installIRQHandler(int, void (*)(regs*, void*), bool, void*)
 .text          0x00000000c00255bc      0x3d3 hw/intctrl/pic.32
                0x00000000c00255bc                PIC::disable()
                0x00000000c00255ea                PIC::close(int, int, void*)
                0x00000000c002560c                PIC::PIC()
                0x00000000c002560c                PIC::PIC()
                0x00000000c00256e2                PIC::ioWait()
                0x00000000c00256e8                PIC::getIRQReg(int)
                0x00000000c0025752                PIC::eoi(unsigned char)
                0x00000000c00257e4                PIC::remap()
                0x00000000c0025950                PIC::open(int, int, void*)
 *fill*         0x00000000c002598f        0x1 
 .text          0x00000000c0025990      0x25e hw/timer/apictimer.32
                0x00000000c0025990                APICTimer::close(int, int, void*)
                0x00000000c0025996                apicTimerHandler(regs*, void*)
                0x00000000c00259c4                APICTimer::write(int)
                0x00000000c0025ac8                APICTimer::open(int, int, void*)
                0x00000000c0025bc6                APICTimer::APICTimer()
                0x00000000c0025bc6                APICTimer::APICTimer()
 .text          0x00000000c0025bee      0x1a7 hw/timer/pit.32
                0x00000000c0025bee                PIT::write(int)
                0x00000000c0025c6c                pitHandler(regs*, void*)
                0x00000000c0025c98                PIT::open(int, int, void*)
                0x00000000c0025ce6                PIT::close(int, int, void*)
                0x00000000c0025d16                PIT::PIT()
                0x00000000c0025d16                PIT::PIT()
 *fill*         0x00000000c0025d95        0xb 
 .text          0x00000000c0025da0       0x1e hw/fpu/x86/avx.32
                0x00000000c0025da0                avxDetect
                0x00000000c0025da6                avxSave
                0x00000000c0025da7                avxLoad
                0x00000000c0025da8                avxInit
                0x00000000c0025da9                avxClose
                0x00000000c0025daa                wouldSheSayYes
 *fill*         0x00000000c0025dbe        0x2 
 .text          0x00000000c0025dc0       0x35 hw/fpu/x86/sse.32
                0x00000000c0025dc0                absolutelyNoChanceInHell
                0x00000000c0025dc0                sseDetect
                0x00000000c0025dd8                sseSave
                0x00000000c0025dde                sseLoad
                0x00000000c0025de4                sseInit
                0x00000000c0025df4                sseClose
 *fill*         0x00000000c0025df5        0xb 
 .text          0x00000000c0025e00       0x47 hw/fpu/x86/x87.32
                0x00000000c0025e06                x87Detect
                0x00000000c0025e21                x87Save
                0x00000000c0025e27                x87Load
                0x00000000c0025e2c                x87Init
                0x00000000c0025e46                x87Close
 *fill*         0x00000000c0025e47        0x1 
 .text          0x00000000c0025e48       0x25 /cygdrive/d/Users/Alex/Desktop/Toolchain/Output/bin/../lib/gcc/i386-banana/8.1.0/crtend.o
 .text          0x00000000c0025e6d        0x0 crtn.32
 *fill*         0x00000000c0025e6d        0x3 
 .text          0x00000000c0025e70      0x14b /cygdrive/d/Users/Alex/Desktop/Toolchain/Output/bin/../lib/gcc/i386-banana/8.1.0/libkgcc.a(_divdi3.o)
                0x00000000c0025e70                __divdi3
 *fill*         0x00000000c0025fbb        0x1 
 .text          0x00000000c0025fbc      0x17e /cygdrive/d/Users/Alex/Desktop/Toolchain/Output/bin/../lib/gcc/i386-banana/8.1.0/libkgcc.a(_moddi3.o)
                0x00000000c0025fbc                __moddi3
 *fill*         0x00000000c002613a        0x2 
 .text          0x00000000c002613c       0xff /cygdrive/d/Users/Alex/Desktop/Toolchain/Output/bin/../lib/gcc/i386-banana/8.1.0/libkgcc.a(_udivdi3.o)
                0x00000000c002613c                __udivdi3
 *fill*         0x00000000c002623b        0x1 
 .text          0x00000000c002623c      0x11a /cygdrive/d/Users/Alex/Desktop/Toolchain/Output/bin/../lib/gcc/i386-banana/8.1.0/libkgcc.a(_umoddi3.o)
                0x00000000c002623c                __umoddi3
 .text          0x00000000c0026356      0x96d D:/Users/Alex/Desktop/Banana/kernel/libsoftfp.a(sfieeelib.o)
                0x00000000c0026356                __addsf3
                0x00000000c0026658                __subsf3
                0x00000000c002666c                __negsf2
                0x00000000c0026679                __mulsf3
                0x00000000c002683c                __divsf3
                0x00000000c0026a67                __floatsisf
                0x00000000c0026adb                __floatunsisf
                0x00000000c0026b1d                __fixsfsi
                0x00000000c0026b7f                __fixunssfsi
                0x00000000c0026bb0                __cmpsf2
                0x00000000c0026c45                __eqsf2
                0x00000000c0026c80                __nesf2
                0x00000000c0026c82                __gtsf2
                0x00000000c0026cbd                __gesf2
                0x00000000c0026cbf                __ltsf2
                0x00000000c0026cc1                __lesf2
 .text          0x00000000c0026cc3      0xf50 D:/Users/Alex/Desktop/Banana/kernel/libsoftfp.a(dfieeelib.o)
                0x00000000c0026cc3                __adddf3
                0x00000000c0027314                __subdf3
                0x00000000c002732f                __negdf2
                0x00000000c0027340                __muldf3
                0x00000000c0027624                __divdf3
                0x00000000c00279a3                __floatsidf
                0x00000000c00279fe                __floatunsidf
                0x00000000c0027a3c                __fixdfsi
                0x00000000c0027aa9                __fixunsdfsi
                0x00000000c0027ae5                __cmpdf2
                0x00000000c0027bd3                __eqdf2
                0x00000000c0027bef                __nedf2
                0x00000000c0027bf1                __gtdf2
                0x00000000c0027c0d                __gedf2