Archive member included to satisfy reference by file (symbol)

/cygdrive/d/Users/Alex/Desktop/Toolchain/Output/bin/../lib/gcc/i386-banana/8.1.0/libkgcc.a(_divdi3.o)
                              fs/fat/ff.32 (__divdi3)
/cygdrive/d/Users/Alex/Desktop/Toolchain/Output/bin/../lib/gcc/i386-banana/8.1.0/libkgcc.a(_moddi3.o)
                              compat/resolve.32 (__moddi3)
/cygdrive/d/Users/Alex/Desktop/Toolchain/Output/bin/../lib/gcc/i386-banana/8.1.0/libkgcc.a(_udivdi3.o)
                              fs/fat/ff.32 (__udivdi3)
/cygdrive/d/Users/Alex/Desktop/Toolchain/Output/bin/../lib/gcc/i386-banana/8.1.0/libkgcc.a(_umoddi3.o)
                              compat/resolve.32 (__umoddi3)

Discarded input sections

 .comment       0x0000000000000000       0x12 /cygdrive/d/Users/Alex/Desktop/Toolchain/Output/bin/../lib/gcc/i386-banana/8.1.0/crtbegin.o
 .comment       0x0000000000000000       0x12 acpica/utclib.32
 .comment       0x0000000000000000       0x12 core/malloc.32
 .comment       0x0000000000000000       0x12 libk/string.32
 .comment       0x0000000000000000       0x12 fs/fat/diskio.32
 .comment       0x0000000000000000       0x12 fs/fat/ff.32
 .comment       0x0000000000000000       0x12 fs/fat/ffsystem.32
 .comment       0x0000000000000000       0x12 fs/fat/ffunicode.32
 .comment       0x0000000000000000       0x12 compat/inlines.32
 .comment       0x0000000000000000       0x12 compat/resolve.32
 .group         0x0000000000000000       0x14 core/computer.32
 .group         0x0000000000000000        0xc core/computer.32
 .comment       0x0000000000000000       0x12 core/computer.32
 .comment       0x0000000000000000       0x12 core/gdt.32
 .group         0x0000000000000000        0xc core/idle.32
 .comment       0x0000000000000000       0x12 core/idle.32
 .comment       0x0000000000000000       0x12 core/idt.32
 .comment       0x0000000000000000       0x12 core/kheap.32
 .comment       0x0000000000000000       0x12 core/main.32
 .comment       0x0000000000000000       0x12 core/physmgr.32
 .group         0x0000000000000000        0xc core/pipe.32
 .comment       0x0000000000000000       0x12 core/pipe.32
 .group         0x0000000000000000        0xc core/terminal.32
 .comment       0x0000000000000000       0x12 core/terminal.32
 .comment       0x0000000000000000       0x12 core/tss.32
 .group         0x0000000000000000        0x8 core/unixfile.32
 .group         0x0000000000000000        0x8 core/unixfile.32
 .group         0x0000000000000000        0xc core/unixfile.32
 .group         0x0000000000000000        0x8 core/unixfile.32
 .group         0x0000000000000000        0xc core/unixfile.32
 .group         0x0000000000000000        0x8 core/unixfile.32
 .group         0x0000000000000000        0xc core/unixfile.32
 .group         0x0000000000000000        0xc core/unixfile.32
 .comment       0x0000000000000000       0x12 core/unixfile.32
 .comment       0x0000000000000000       0x12 core/virtmgr.32
 .comment       0x0000000000000000       0x12 coreobjs/c++.32
 .comment       0x0000000000000000       0x12 dbg/kconsole.32
 .group         0x0000000000000000        0xc fs/vfs.32
 .group         0x0000000000000000        0xc fs/vfs.32
 .group         0x0000000000000000        0xc fs/vfs.32
 .comment       0x0000000000000000       0x12 fs/vfs.32
 .group         0x0000000000000000        0xc hal/bus.32
 .comment       0x0000000000000000       0x12 hal/bus.32
 .group         0x0000000000000000        0xc hal/buzzer.32
 .comment       0x0000000000000000       0x12 hal/buzzer.32
 .group         0x0000000000000000        0xc hal/clock.32
 .comment       0x0000000000000000       0x12 hal/clock.32
 .group         0x0000000000000000       0x14 hal/device.32
 .group         0x0000000000000000        0xc hal/device.32
 .group         0x0000000000000000        0x8 hal/device.32
 .group         0x0000000000000000        0xc hal/device.32
 .group         0x0000000000000000        0xc hal/device.32
 .comment       0x0000000000000000       0x12 hal/device.32
 .group         0x0000000000000000        0xc hal/diskctrl.32
 .comment       0x0000000000000000       0x12 hal/diskctrl.32
 .group         0x0000000000000000        0xc hal/diskphys.32
 .comment       0x0000000000000000       0x12 hal/diskphys.32
 .group         0x0000000000000000        0xc hal/fpu.32
 .comment       0x0000000000000000       0x12 hal/fpu.32
 .group         0x0000000000000000        0xc hal/intctrl.32
 .comment       0x0000000000000000       0x12 hal/intctrl.32
 .group         0x0000000000000000        0xc hal/keybrd.32
 .comment       0x0000000000000000       0x12 hal/keybrd.32
 .group         0x0000000000000000        0xc hal/logidisk.32
 .comment       0x0000000000000000       0x12 hal/logidisk.32
 .group         0x0000000000000000        0xc hal/mouse.32
 .comment       0x0000000000000000       0x12 hal/mouse.32
 .comment       0x0000000000000000       0x12 hal/partition.32
 .group         0x0000000000000000        0xc hal/serial.32
[...]
Memory Configuration

Name             Origin             Length             Attributes
*default*        0x0000000000000000 0xffffffffffffffff

Linker script and memory map

LOAD D:/Users/Alex/Desktop/Banana/kernel/boot.32
LOAD crti.32
LOAD /cygdrive/d/Users/Alex/Desktop/Toolchain/Output/bin/../lib/gcc/i386-banana/8.1.0/crtbegin.o
LOAD D:/Users/Alex/Desktop/Banana/kernel/morenasm.32
LOAD acpica/utclib.32
LOAD core/malloc.32
LOAD libk/string.32
LOAD fs/fat/diskio.32
LOAD fs/fat/ff.32
LOAD fs/fat/ffsystem.32
LOAD fs/fat/ffunicode.32
LOAD compat/inlines.32
LOAD compat/resolve.32
LOAD core/computer.32
LOAD core/gdt.32
LOAD core/idle.32
LOAD core/idt.32
LOAD core/kheap.32
LOAD core/main.32
LOAD core/physmgr.32
LOAD core/pipe.32
LOAD core/terminal.32
LOAD core/tss.32
LOAD core/unixfile.32
LOAD core/virtmgr.32
LOAD coreobjs/c++.32
LOAD dbg/kconsole.32
LOAD fs/vfs.32
LOAD hal/bus.32
LOAD hal/buzzer.32
LOAD hal/clock.32
LOAD hal/device.32
LOAD hal/diskctrl.32
LOAD hal/diskphys.32
LOAD hal/fpu.32
LOAD hal/intctrl.32
LOAD hal/keybrd.32
LOAD hal/logidisk.32
LOAD hal/mouse.32
LOAD hal/partition.32
LOAD hal/serial.32
LOAD hal/timer.32
LOAD hal/vcache.32
LOAD hal/video.32
LOAD hw/acpi.32
LOAD hw/cpu.32
LOAD hw/ports.32
LOAD hw/smp.32
LOAD krnl/env.32
LOAD krnl/panic.32
LOAD net/ethernet.32
LOAD reg/registry.32
LOAD sys/sc_eject.32
LOAD sys/sc_exit.32
LOAD sys/sc_getcwd.32
LOAD sys/sc_getpid.32
LOAD sys/sc_getramdata.32
LOAD sys/sc_getvgaptr.32
LOAD sys/sc_loaddll.32
LOAD sys/sc_read.32
LOAD sys/sc_sbrk.32
LOAD sys/sc_setcwd.32
LOAD sys/sc_settime.32
LOAD sys/sc_timezone.32
LOAD sys/sc_write.32
LOAD sys/sc_wsbe.32
LOAD sys/sc_yield.32
LOAD sys/syscalls.32
LOAD thr/elf.32
LOAD thr/prcssthr.32
LOAD vm86/vm8086.32
LOAD vm86/x87em.32
LOAD fs/fat/vfslink.32
LOAD fs/iso9660/vfslink.32
LOAD hal/sound/sndcard.32
LOAD hal/sound/sndport.32
LOAD hw/bus/isa.32
LOAD hw/bus/pci.32
LOAD hw/diskctrl/ide.32
LOAD hw/diskctrl/satabus.32
LOAD hw/diskphys/ata.32
LOAD hw/diskphys/atapi.32
LOAD hw/diskphys/sata.32
LOAD hw/diskphys/satapi.32
LOAD hw/fpu/avx.32
LOAD hw/fpu/mmx.32
LOAD hw/fpu/sse.32
LOAD hw/fpu/x87.32
LOAD hw/intctrl/apic.32
LOAD hw/intctrl/pic.32
LOAD hw/timer/apictimer.32
LOAD hw/timer/pit.32
LOAD hw/fpu/x86/avx.32
LOAD hw/fpu/x86/sse.32
LOAD hw/fpu/x86/x87.32
LOAD /cygdrive/d/Users/Alex/Desktop/Toolchain/Output/bin/../lib/gcc/i386-banana/8.1.0/crtend.o
LOAD crtn.32
LOAD /cygdrive/d/Users/Alex/Desktop/Toolchain/Output/bin/../lib/gcc/i386-banana/8.1.0/libkgcc.a
LOAD D:/Users/Alex/Desktop/Banana/kernel/libsoftfp.a
LOAD D:/Users/Alex/Desktop/Banana/kernel/libk/libm32.a
                0x00000000c0000000                . = 0xc0000000

.text           0x00000000c0000000    0x210be
 *(.text)
 .text          0x00000000c0000000       0x41 D:/Users/Alex/Desktop/Banana/kernel/boot.32
                0x00000000c0000020                callGlobalConstructors
 .text          0x00000000c0000041        0x0 crti.32
 *fill*         0x00000000c0000041        0x3 
 .text          0x00000000c0000044      0x101 /cygdrive/d/Users/Alex/Desktop/Toolchain/Output/bin/../lib/gcc/i386-banana/8.1.0/crtbegin.o
 *fill*         0x00000000c0000145        0xb 
 .text          0x00000000c0000150      0x4fb D:/Users/Alex/Desktop/Banana/kernel/morenasm.32
                0x00000000c0000150                manualPCIProbe
                0x00000000c000019b                prepareTramp
                0x00000000c00001b4                voodooXADD
                0x00000000c000027f                doTPAUSE
                0x00000000c0000289                hasLegacyFPU
                0x00000000c00002ae                is486
                0x00000000c00002e4                detectCPUID
                0x00000000c00002fa                goToVM86
                0x00000000c000032a                goToUsermode
                0x00000000c0000354                switchToThreadASMFirstTime
                0x00000000c0000362                switchToThreadASM
                0x00000000c00003f2                asmQuickAcquireLock
                0x00000000c0000410                asmQuickReleaseLock
                0x00000000c000041c                asmAcquireLock
                0x00000000c000043d                asmReleaseLock
                0x00000000c0000450                loadGDT
                0x00000000c0000470                isr0
                0x00000000c0000480                isr1
                0x00000000c000048a                isr2
                0x00000000c0000494                isr3
                0x00000000c000049e                isr4
                0x00000000c00004a8                isr5
                0x00000000c00004b2                isr6
                0x00000000c00004bc                isr7
                0x00000000c00004c6                isr8
                0x00000000c00004ce                isr9
                0x00000000c00004d8                isr10
                0x00000000c00004e0                isr11
                0x00000000c00004e8                isr12
                0x00000000c00004f0                isr13
                0x00000000c00004f8                isr14
                0x00000000c0000500                isr15
                0x00000000c000050a                isr16
                0x00000000c0000514                isr17
                0x00000000c000051e                isr18
                0x00000000c0000528                irq3
                0x00000000c0000532                irq4
                0x00000000c000053c                irq5
                0x00000000c0000546                irq6
                0x00000000c0000550                irq7
                0x00000000c000055a                irq8
                0x00000000c0000564                irq9
                0x00000000c000056e                irq10
                0x00000000c0000578                irq11
                0x00000000c0000582                irq12
                0x00000000c000058c                irq13
                0x00000000c0000596                irq14
                0x00000000c00005a0                irq15
                0x00000000c00005aa                irq1
                0x00000000c00005b1                irq2
                0x00000000c00005b8                isr96
                0x00000000c00005bf                irq0
                0x00000000c00005c4                syscall_common_stub
                0x00000000c00005c4                int_common_stub
                0x00000000c00005f6                irq16
                0x00000000c0000600                irq17
                0x00000000c000060a                irq18
                0x00000000c0000614                irq19
                0x00000000c000061e                irq20
                0x00000000c0000628                irq21
                0x00000000c0000632                irq22
                0x00000000c000063c                irq23
                0x00000000c0000646                memcpy
 *fill*         0x00000000c000064b        0x1 
 .text          0x00000000c000064c      0x5dd acpica/utclib.32
                0x00000000c000064c                memcmp
                0x00000000c0000688                memmove
                0x00000000c0000750                memset
                0x00000000c000076c                strlen
                0x00000000c0000784                strpbrk
                0x00000000c00007c0                strtok
                0x00000000c000080c                strcpy
                0x00000000c0000830                strncpy
                0x00000000c0000898                strcmp
                0x00000000c00008d8                strchr
                0x00000000c00008fc                strncmp
                0x00000000c000094c                strcat
                0x00000000c000097c                strncat
                0x00000000c00009b8                strstr
                0x00000000c0000a00                toupper
                0x00000000c0000a14                tolower
                0x00000000c0000a28                simple_strtoul
 .text          0x00000000c0000c29      0xfad core/malloc.32
                0x00000000c0000d94                dlfree
                0x00000000c00010ef                dlmalloc
                0x00000000c000162c                dlrealloc
                0x00000000c00017cf                dlmemalign
                0x00000000c00018f2                dlcalloc
                0x00000000c000198c                dlcfree
                0x00000000c0001991                dlindependent_calloc
                0x00000000c00019b6                dlindependent_comalloc
                0x00000000c00019cd                dlvalloc
                0x00000000c00019f8                dlpvalloc
                0x00000000c0001a2e                dlmalloc_trim
                0x00000000c0001a3b                dlmalloc_usable_size
                0x00000000c0001a6c                dlmallinfo
                0x00000000c0001b3b                dlmalloc_stats
                0x00000000c0001b4c                dlmallopt
 .text          0x00000000c0001bd6        0x0 libk/string.32
 .text          0x00000000c0001bd6       0x51 fs/fat/diskio.32
                0x00000000c0001bd6                disk_status
                0x00000000c0001bd9                disk_initialize
                0x00000000c0001bdc                disk_read
                0x00000000c0001bf2                disk_write
                0x00000000c0001c08                disk_ioctl
 .text          0x00000000c0001c27     0x6a69 fs/fat/ff.32
                0x00000000c0004ef5                f_mount
                0x00000000c0004f57                f_open
                0x00000000c0005393                f_read
                0x00000000c0005613                f_write
                0x00000000c00058cd                f_sync
                0x00000000c0005aa9                f_close
                0x00000000c0005ad8                f_lseek
                0x00000000c0005f8f                f_opendir
                0x00000000c0006091                f_closedir
                0x00000000c00060b3                f_readdir
                0x00000000c000614e                f_stat
                0x00000000c00061dd                f_getfree
                0x00000000c00063a8                f_truncate
                0x00000000c00064a0                f_unlink
                0x00000000c0006623                f_mkdir
                0x00000000c000684f                f_rename
                0x00000000c0006b42                f_chmod
                0x00000000c0006c20                f_utime
                0x00000000c0006cfe                f_getlabel
                0x00000000c0006eec                f_setlabel
                0x00000000c0007159                f_expand
                0x00000000c000738f                f_forward
                0x00000000c000756d                f_mkfs
 .text          0x00000000c0008690       0x2d fs/fat/ffsystem.32
                0x00000000c0008690                ff_memalloc
                0x00000000c00086a6                ff_memfree
 .text          0x00000000c00086bd      0x253 fs/fat/ffunicode.32
                0x00000000c00086bd                ff_uni2oem
                0x00000000c000874d                ff_oem2uni
                0x00000000c00087b9                ff_wtoupper
 .text          0x00000000c0008910       0xa7 compat/inlines.32
                0x00000000c0008910                CPU::current()
                0x00000000c000891c                operator new(unsigned long)
                0x00000000c0008921                operator delete(void*)
                0x00000000c0008926                disableIRQs()
                0x00000000c000892e                enableIRQs()
                0x00000000c000893d                lockScheduler()
                0x00000000c0008945                unlockScheduler()
                0x00000000c0008954                lockStuff()
                0x00000000c0008962                unlockStuff()
                0x00000000c000899c                Virt::getAKernelVAS()
                0x00000000c00089a2                __not_memcpy
 .text          0x00000000c00089b7      0x111 compat/resolve.32
                0x00000000c00089b7                Krnl::resolveCompatibilitySymbol(char*)
 .text          0x00000000c0008ac8      0x7f7 core/computer.32
                0x00000000c0008ac8                Computer::close(int, int, void*)
                0x00000000c0008b0c                Krnl::firstTask()
                0x00000000c0008c5a                Computer::Computer()
                0x00000000c0008c5a                Computer::Computer()
                0x00000000c0008db6                Computer::setBootMessage(char const*)
                0x00000000c0008db8                Computer::detectFeatures()
                0x00000000c0008fc2                Computer::displayFeatures()
                0x00000000c0008fc4                Computer::rdmsr(unsigned int)
                0x00000000c0008ff0                Computer::wrmsr(unsigned int, unsigned long long)
                0x00000000c0009028                Computer::nmiEnabled()
                0x00000000c0009034                Computer::readCMOS(unsigned char)
                0x00000000c000904e                Computer::enableNMI(bool)
                0x00000000c0009066                Computer::open(int, int, void*)
                0x00000000c0009202                Computer::disableNMI()
                0x00000000c0009210                Computer::writeCMOS(unsigned char, unsigned char)
                0x00000000c000922e                Computer::handleNMI()
                0x00000000c0009294                Computer::setDiskActivityLight(int, bool)
 *fill*         0x00000000c00092bf        0x1 
 .text          0x00000000c00092c0      0x19d core/gdt.32
                0x00000000c00092c0                GDTEntry::setBase(unsigned int)
                0x00000000c00092dc                GDTEntry::setLimit(unsigned int)
                0x00000000c00092fa                GDT::GDT()
                0x00000000c00092fa                GDT::GDT()
                0x00000000c0009310                GDT::addEntry(GDTEntry)
                0x00000000c0009332                GDT::getNumberOfEntries()
                0x00000000c000933a                GDT::flush()
                0x00000000c000935c                GDT::setup()
 .text          0x00000000c000945d       0x6b core/idle.32
                0x00000000c000945d                idleFunction(void*)
 .text          0x00000000c00094c8      0x45e core/idt.32
                0x00000000c00094c8                IDTEntry::IDTEntry(bool)
                0x00000000c00094c8                IDTEntry::IDTEntry(bool)
                0x00000000c0009536                IDTEntry::setOffset(unsigned int)
                0x00000000c000954a                IDT::IDT()
                0x00000000c000954a                IDT::IDT()
                0x00000000c000954c                IDT::getPointerToInvalidOpcodeEntryForF00F()
                0x00000000c0009554                IDT::addEntry(IDTEntry, int)
                0x00000000c000956e                IDT::addEntry(int, void (*)(), bool)
                0x00000000c00095a6                IDT::flush()
                0x00000000c00095c0                IDT::setup()
 .text          0x00000000c0009926      0x191 core/kheap.32
                0x00000000c0009926                sbrk
                0x00000000c00099c9                mmap
                0x00000000c00099df                munmap
                0x00000000c00099f5                liballoc_lock()
                0x00000000c0009a02                liballoc_unlock()
                0x00000000c0009a16                liballoc_alloc(int)
                0x00000000c0009a2e                liballoc_free(void*, int)
                0x00000000c0009a49                realloc
                0x00000000c0009a5d                malloc
                0x00000000c0009a6d                free
                0x00000000c0009a7d                rfree
                0x00000000c0009a8d                calloc
 .text          0x00000000c0009ab7      0x1b6 core/main.32
                0x00000000c0009ab7                Krnl::setBootMessage(char const*)
                0x00000000c0009b23                kernel_main
 .text          0x00000000c0009c6d      0x5b5 core/physmgr.32
                0x00000000c0009c6d                Phys::allocateDMA(unsigned long)
                0x00000000c0009d3b                Phys::freeDMA(unsigned long, unsigned long)
                0x00000000c0009d9a                Phys::setPageState(unsigned long, bool)
                0x00000000c0009dcc                Phys::getPageState(unsigned long)
                0x00000000c0009de8                Phys::freePage(unsigned long)
                0x00000000c0009e59                Phys::allocatePage()
                0x00000000c0009f51                Phys::allocateContiguousPages(int)
                0x00000000c0009fad                Phys::allowSegmentToBeUsed(unsigned long, unsigned long)
                0x00000000c0009fe5                Phys::physicalMemorySetup(unsigned int)
 .text          0x00000000c000a222      0x273 core/pipe.32
                0x00000000c000a222                Pipe::isAtty()
                0x00000000c000a226                Pipe::~Pipe()
                0x00000000c000a226                Pipe::~Pipe()
                0x00000000c000a24a                Pipe::~Pipe()
                0x00000000c000a272                Pipe::read(unsigned long long, void*, int*)
                0x00000000c000a36e                Pipe::write(unsigned long long, void*, int*)
                0x00000000c000a42e                Pipe::Pipe(int)
                0x00000000c000a42e                Pipe::Pipe(int)
 *fill*         0x00000000c000a495        0x1 
 .text          0x00000000c000a496      0xb93 core/terminal.32
                0x00000000c000a496                VgaText::isAtty()
                0x00000000c000a49a                VgaText::~VgaText()
                0x00000000c000a49a                VgaText::~VgaText()
                0x00000000c000a4be                VgaText::~VgaText()
                0x00000000c000a4e8                VgaText::read(unsigned long long, void*, int*)
                0x00000000c000a508                setTerminalScrollLock(bool)
                0x00000000c000a509                addToTerminalCycle(VgaText*)
                0x00000000c000a52a                installVgaTextImplementation()
                0x00000000c000a53f                scrollTerminalScrollLock(int)
                0x00000000c000a540                VgaText::updateTitle()
                0x00000000c000a57e                VgaText::load()
                0x00000000c000a5cc                VgaText::updateCursor()
                0x00000000c000a5e2                VgaText::doANSI_SGR(int)
                0x00000000c000a656                VgaText::setDefaultBgColour(VgaColour)
                0x00000000c000a666                VgaText::setDefaultFgColour(VgaColour)
                0x00000000c000a676                VgaText::setDefaultColours(VgaColour, VgaColour)
                0x00000000c000a696                VgaText::setTitleTextColour(VgaColour)
                0x00000000c000a6a6                VgaText::setTitleColour(VgaColour)
                0x00000000c000a6b6                VgaText::setTitle(char*)
                0x00000000c000a6dc                VgaText::combineColours(unsigned char, unsigned char)
                0x00000000c000a6ee                VgaText::scrollScreen()
                0x00000000c000a782                VgaText::combineCharAndColour(char, unsigned char)
                0x00000000c000a794                VgaText::writeCharacter(char, VgaColour, VgaColour, int, int)
                0x00000000c000a7f0                VgaText::getCursorX()
                0x00000000c000a7f8                VgaText::getCursorY()
                0x00000000c000a800                VgaText::setCursor(int, int)
                0x00000000c000a817                setActiveTerminal(VgaText*)
                0x00000000c000a879                doTerminalCycle()
                0x00000000c000a894                VgaText::setCursorX(int)
                0x00000000c000a8ac                VgaText::setCursorY(int)
                0x00000000c000a8c4                VgaText::incrementCursor(bool)
                0x00000000c000a918                VgaText::decrementCursor(bool)
                0x00000000c000a93a                VgaText::putchar(char, VgaColour, VgaColour)
                0x00000000c000aa12                VgaText::doUpdate()
                0x00000000c000aa20                VgaText::puts(char const*, VgaColour, VgaColour)
                0x00000000c000ab98                VgaText::clearScreen()
                0x00000000c000abf2                VgaText::putchar(char)
                0x00000000c000acde                VgaText::putx(unsigned int)
                0x00000000c000ad24                VgaText::puts(char const*)
                0x00000000c000ad4a                VgaText::VgaText(char const*)
                0x00000000c000ad4a                VgaText::VgaText(char const*)
                0x00000000c000aec8                VgaText::receiveKey(unsigned char)
                0x00000000c000afb0                VgaText::write(unsigned long long, void*, int*)
                0x00000000c000b004                newTerminal(char*)
 *fill*         0x00000000c000b029        0x1 
 .text          0x00000000c000b02a      0x19d core/tss.32
                0x00000000c000b02a                TSS::TSS()
                0x00000000c000b02a                TSS::TSS()
                0x00000000c000b038                TSS::setESP(unsigned long)
                0x00000000c000b04a                TSS::flush()
                0x00000000c000b06a                TSS::setup(unsigned long, unsigned long)
 *fill*         0x00000000c000b1c7        0x1 
 .text          0x00000000c000b1c8      0x4c2 core/unixfile.32
                0x00000000c000b1c8                ReservedFilename::read(unsigned long long, void*, int*)
                0x00000000c000b21e                ReservedFilename::isAtty()
                0x00000000c000b23a                ReservedFilename::write(unsigned long long, void*, int*)
                0x00000000c000b298                UnixFile::getFileDescriptor()
                0x00000000c000b2a0                UnixFile::UnixFile(int)
                0x00000000c000b2a0                UnixFile::UnixFile(int)
                0x00000000c000b450                ReservedFilename::ReservedFilename(int)
                0x00000000c000b450                ReservedFilename::ReservedFilename(int)
                0x00000000c000b482                UnixFile::~UnixFile()
                0x00000000c000b482                UnixFile::~UnixFile()
                0x00000000c000b51a                UnixFile::~UnixFile()
                0x00000000c000b542                ReservedFilename::~ReservedFilename()
                0x00000000c000b542                ReservedFilename::~ReservedFilename()
                0x00000000c000b566                ReservedFilename::~ReservedFilename()
                0x00000000c000b58d                getFromFileDescriptor(int)
 .text          0x00000000c000b68a     0x12cd core/virtmgr.32
                0x00000000c000b68a                Virt::setPageState(unsigned long, Virt::VirtPageState)
                0x00000000c000b6bf                Virt::getPageState(unsigned long)
                0x00000000c000b6e3                Virt::allocateKernelVirtualPages(int)
                0x00000000c000b7f4                Virt::freeSwapfilePage(unsigned long)
                0x00000000c000b812                Virt::swapIDToSector(unsigned long)
                0x00000000c000b824                Virt::allocateSwapfilePage()
                0x00000000c000b8a2                Virt::virtualMemorySetup()
                0x00000000c000b8ed                Virt::setupPageSwapping(int)
                0x00000000c000b95e                VAS::VAS()
                0x00000000c000b95e                VAS::VAS()
                0x00000000c000b99a                VAS::VAS(VAS*)
                0x00000000c000b99a                VAS::VAS(VAS*)
                0x00000000c000b9c8                VAS::getForeignPageTableEntry(bool, unsigned long)
                0x00000000c000b9f4                VAS::getPageTableEntry(unsigned long)
                0x00000000c000ba13                Virt::freeKernelVirtualPages(unsigned long)
                0x00000000c000bb36                VAS::freeAllocatedPages(unsigned long)
                0x00000000c000bb5a                VAS::virtualToPhysical(unsigned long)
                0x00000000c000bb72                VAS::reflagRange(unsigned long, int, int, int)
                0x00000000c000bbb2                VAS::setToWriteCombining(unsigned long, int)
                0x00000000c000bbe4                VAS::mapOtherVASIn(bool, VAS*)
                0x00000000c000bc0e                VAS::~VAS()
                0x00000000c000bc0e                VAS::~VAS()
                0x00000000c000bd8a                VAS::mapPage(unsigned long, unsigned long, int)
                0x00000000c000be8c                VAS::allocatePages(int, int)
                0x00000000c000c064                VAS::setCPUSpecific(unsigned long)
                0x00000000c000c080                VAS::mapRange(unsigned long, unsigned long, int, int)
                0x00000000c000c146                VAS::mapForeignPage(bool, VAS*, unsigned long, unsigned long, int)
                0x00000000c000c234                VAS::VAS(bool)
                0x00000000c000c234                VAS::VAS(bool)
                0x00000000c000c4b4                VAS::evict(unsigned long)
                0x00000000c000c5bc                VAS::tryLoadBackOffDisk(unsigned long)
                0x00000000c000c744                VAS::scanForEviction()
                0x00000000c000c82b                mapVASFirstTime
 .text          0x00000000c000c957       0x95 coreobjs/c++.32
                0x00000000c000c957                __cxa_atexit
                0x00000000c000c95a                __cxa_finalize
                0x00000000c000c95b                __stack_chk_fail
                0x00000000c000c9c7                __cxa_pure_virtual
                0x00000000c000c9d8                operator new[](unsigned long)
                0x00000000c000c9dd                operator delete(void*, unsigned long)
                0x00000000c000c9e2                operator delete[](void*)
                0x00000000c000c9e7                operator delete[](void*, unsigned long)
 .text          0x00000000c000c9ec      0x1fc dbg/kconsole.32
                0x00000000c000c9ec                Dbg::stringifyxWithBase(unsigned int, char*, int)
                0x00000000c000ca45                Dbg::logc(char)
                0x00000000c000ca65                Dbg::logs(char*)
                0x00000000c000ca82                Dbg::logWriteInt(unsigned int)
                0x00000000c000ca9f                Dbg::logWriteIntBase(unsigned int, int)
                0x00000000c000cabe                Dbg::kprintf(char const*, ...)
 .text          0x00000000c000cbe8      0xb82 fs/vfs.32
                0x00000000c000cbe8                File::read(unsigned long long, void*, int*)
                0x00000000c000cc40                File::write(unsigned long long, void*, int*)
                0x00000000c000cc98                Directory::read(unsigned long long, void*, int*)
                0x00000000c000ccf0                Directory::write(unsigned long long, void*, int*)
                0x00000000c000cd1e                File::isAtty()
                0x00000000c000cd22                Directory::isAtty()
                0x00000000c000cd26                Filesystem::getlabel(LogicalDisk*, int, char*, unsigned int*)
                0x00000000c000cd2c                Filesystem::setlabel(LogicalDisk*, int, char*)
                0x00000000c000cd32                Filesystem::allocateSwapfile(char const*, int)
                0x00000000c000cd38                File::~File()
                0x00000000c000cd38                File::~File()
                0x00000000c000cd5c                File::~File()
                0x00000000c000cd86                Directory::~Directory()
                0x00000000c000cd86                Directory::~Directory()
                0x00000000c000cdaa                Directory::~Directory()
                0x00000000c000cdd4                Filesystem::Filesystem()
                0x00000000c000cdd4                Filesystem::Filesystem()
                0x00000000c000cdf8                Filesystem::~Filesystem()
                0x00000000c000cdf8                Filesystem::~Filesystem()
                0x00000000c000ce06                Filesystem::~Filesystem()
                0x00000000c000ce2a                Fs::getcwd(Process*, char*, int)
                0x00000000c000ce54                Fs::initVFS()
                0x00000000c000ce7e                Fs::standardiseFiles(char*, char const*, char const*)
                0x00000000c000d028                File::File(char const*, Process*)
                0x00000000c000d028                File::File(char const*, Process*)
                0x00000000c000d08c                File::open(FileOpenMode)
                0x00000000c000d0ea                File::close()
                0x00000000c000d14a                File::seek(unsigned long long)
                0x00000000c000d1a0                File::tell(unsigned long long*)
                0x00000000c000d1f0                File::rewind()
                0x00000000c000d204                File::unlink()
                0x00000000c000d250                File::rename(char const*)
                0x00000000c000d29e                File::chfatattr(unsigned char, unsigned char)
                0x00000000c000d2fa                File::exists()
                0x00000000c000d338                File::stat(unsigned long long*, bool*)
                0x00000000c000d399                Fs::setcwd(Process*, char*)
                0x00000000c000d4d4                Directory::Directory(char const*, Process*)
                0x00000000c000d4d4                Directory::Directory(char const*, Process*)
                0x00000000c000d538                Directory::open()
                0x00000000c000d594                Directory::close()
                0x00000000c000d5f4                Directory::unlink()
                0x00000000c000d640                Directory::rename(char const*)
                0x00000000c000d68e                Directory::exists()
                0x00000000c000d6cc                Directory::read(dirent*)
                0x00000000c000d718                Directory::create()
                0x00000000c000d764                Filesystem::chfatattr(char const*, unsigned char, unsigned char)
 .text          0x00000000c000d76a       0x84 hal/bus.32
                0x00000000c000d76a                Bus::Bus(char const*)
                0x00000000c000d76a                Bus::Bus(char const*)
                0x00000000c000d7a0                Bus::~Bus()
                0x00000000c000d7a0                Bus::~Bus()
                0x00000000c000d7c4                Bus::~Bus()
 .text          0x00000000c000d7ee      0x156 hal/buzzer.32
                0x00000000c000d7ee                Buzzer::Buzzer(char const*)
                0x00000000c000d7ee                Buzzer::Buzzer(char const*)
                0x00000000c000d832                Buzzer::~Buzzer()
                0x00000000c000d832                Buzzer::~Buzzer()
                0x00000000c000d856                Buzzer::~Buzzer()
                0x00000000c000d880                Buzzer::stop()
                0x00000000c000d893                beepThread(void*)
                0x00000000c000d8d6                Buzzer::beep(int, int, bool)
 .text          0x00000000c000d944      0x467 hal/clock.32
                0x00000000c000d944                User::loadClockSettings(int)
                0x00000000c000d996                Clock::Clock(char const*)
                0x00000000c000d996                Clock::Clock(char const*)
                0x00000000c000d9cc                Clock::~Clock()
                0x00000000c000d9cc                Clock::~Clock()
                0x00000000c000d9f0                Clock::~Clock()
                0x00000000c000da1a                Clock::timeInSecondsLocal()
                0x00000000c000da62                Clock::setTimeInSecondsLocal(unsigned long long)
                0x00000000c000dabb                datetimeToSeconds(datetime_t)
                0x00000000c000dbe2                Clock::setTimeInDatetimeLocal(datetime_t)
                0x00000000c000dc42                secondsToDatetime(unsigned long long)
                0x00000000c000dd86                Clock::timeInDatetimeLocal()
 *fill*         0x00000000c000ddab        0x1 
 .text          0x00000000c000ddac      0x504 hal/device.32
                0x00000000c000ddac                Device::hibernate()
                0x00000000c000ddae                Device::wake()
                0x00000000c000ddb0                Device::detect()
                0x00000000c000ddb2                Device::disableLegacy()
                0x00000000c000ddb4                Device::powerSaving(PowerSavingLevel)
                0x00000000c000ddb6                DriverlessDevice::close(int, int, void*)
                0x00000000c000ddba                DriverlessDevice::detect()
                0x00000000c000ddbc                DriverlessDevice::open(int, int, void*)
                0x00000000c000ddd0                Device::~Device()
                0x00000000c000ddd0                Device::~Device()
                0x00000000c000ddde                Device::~Device()
                0x00000000c000de06                Device::findAndLoadDriver()
                0x00000000c000de14                Device::preOpenPCI(PCIDeviceInfo)
                0x00000000c000de3a                Device::preOpenACPI(void*, char*, char*)
                0x00000000c000de7a                Device::addIRQHandler(int, void (*)(regs*, void*), bool, void*)
                0x00000000c000deb8                Device::getParent()
                0x00000000c000dec4                Device::removeIRQHandler(int, void (*)(regs*, void*), bool)
                0x00000000c000df02                Device::addChild(Device*)
                0x00000000c000df46                Device::removeAllChildren()
                0x00000000c000df8c                Device::hibernateAll()
                0x00000000c000dfbc                Device::wakeAll()
                0x00000000c000dfec                Device::detectAll()
                0x00000000c000e01c                Device::disableLegacyAll()
                0x00000000c000e04c                Device::loadDriversForAll()
                0x00000000c000e08c                Device::closeAll()
                0x00000000c000e0c2                Device::powerSavingAll(PowerSavingLevel)
                0x00000000c000e0f8                Device::setName(char const*)
                0x00000000c000e106                Device::Device(char const*)
                0x00000000c000e106                Device::Device(char const*)
                0x00000000c000e202                Device::getName()
                0x00000000c000e20c                DriverlessDevice::DriverlessDevice(char const*)
                0x00000000c000e20c                DriverlessDevice::DriverlessDevice(char const*)
                0x00000000c000e242                Device::addToLinkedList(LinkedList<Device>&, DeviceType)
                0x00000000c000e286                getDevicesOfType(DeviceType)
 .text          0x00000000c000e2b0       0x84 hal/diskctrl.32
                0x00000000c000e2b0                HardDiskController::HardDiskController(char const*)
                0x00000000c000e2b0                HardDiskController::HardDiskController(char const*)
                0x00000000c000e2e6                HardDiskController::~HardDiskController()
                0x00000000c000e2e6                HardDiskController::~HardDiskController()
                0x00000000c000e30a                HardDiskController::~HardDiskController()
 .text          0x00000000c000e334       0xe2 hal/diskphys.32
                0x00000000c000e334                PhysicalDisk::eject()
                0x00000000c000e338                PhysicalDisk::PhysicalDisk(char const*, int)
                0x00000000c000e338                PhysicalDisk::PhysicalDisk(char const*, int)
                0x00000000c000e3a0                PhysicalDisk::startCache()
                0x00000000c000e3c8                PhysicalDisk::~PhysicalDisk()
                0x00000000c000e3c8                PhysicalDisk::~PhysicalDisk()
                0x00000000c000e3ec                PhysicalDisk::~PhysicalDisk()
 .text          0x00000000c000e416      0x13b hal/fpu.32
                0x00000000c000e416                FPU::FPU(char const*)
                0x00000000c000e416                FPU::FPU(char const*)
                0x00000000c000e44c                FPU::~FPU()
                0x00000000c000e44c                FPU::~FPU()
                0x00000000c000e470                FPU::~FPU()
                0x00000000c000e49a                setupFPU()
 *fill*         0x00000000c000e551        0x1 
 .text          0x00000000c000e552     0x143b hal/intctrl.32
                0x00000000c000e552                InterruptController::uninstallISRHandler(int, void (*)(regs*, void*))
                0x00000000c000e58a                InterruptController::installISRHandler(int, void (*)(regs*, void*), void*)
                0x00000000c000e5dc                doubleFault(regs*, void*)
                0x00000000c000e5f6                InterruptController::installIRQHandler(int, void (*)(regs*, void*), bool, void*)
                0x00000000c000e692                InterruptController::clearAllHandlers(int, bool)
                0x00000000c000e73a                InterruptController::uninstallIRQHandler(int, void (*)(regs*, void*), bool)
                0x00000000c000e7c1                nmiHandler(regs*, void*)
                0x00000000c000e7cf                int_handler
                0x00000000c000e870                InterruptController::InterruptController(char const*)
                0x00000000c000e870                InterruptController::InterruptController(char const*)
                0x00000000c000e916                InterruptController::~InterruptController()
                0x00000000c000e916                InterruptController::~InterruptController()
                0x00000000c000e93a                InterruptController::~InterruptController()
                0x00000000c000e964                displayDebugInfo(regs*)
                0x00000000c000edf3                x87EmulHandler(regs*, void*)
                0x00000000c000ee66                gpFault(regs*, void*)
                0x00000000c000ee9f                pgFault(regs*, void*)
                0x00000000c000eeee                otherISRHandler(regs*, void*)
                0x00000000c000ef0d                opcodeFault(regs*, void*)
                0x00000000c000f52a                displayProgramFault(char const*)
                0x00000000c000f552                setupInterruptController()
                0x00000000c000f940                InterruptController::convertLegacyIRQNumber(int)
 *fill*         0x00000000c000f98d        0x1 
 .text          0x00000000c000f98e      0x784 hal/keybrd.32
                0x00000000c000f98e                startGUI(void*)
                0x00000000c000f9fa                startGUIVESA(void*)
                0x00000000c000fa66                sendKeyToTerminal(unsigned char)
                0x00000000c000fb24                sendKeyboardToken(KeyboardToken)
                0x00000000c000ff61                clearInternalKeybuffer(VgaText*)
                0x00000000c000ff96                readKeyboard(VgaText*, char*, unsigned long)
                0x00000000c0010088                Keyboard::Keyboard(char const*)
                0x00000000c0010088                Keyboard::Keyboard(char const*)
                0x00000000c00100c4                Keyboard::~Keyboard()
                0x00000000c00100c4                Keyboard::~Keyboard()
                0x00000000c00100e8                Keyboard::~Keyboard()
 .text          0x00000000c0010112      0x3ea hal/logidisk.32
                0x00000000c0010112                LogicalDisk::close(int, int, void*)
                0x00000000c0010116                LogicalDisk::~LogicalDisk()
                0x00000000c0010116                LogicalDisk::~LogicalDisk()
                0x00000000c001013a                LogicalDisk::~LogicalDisk()
                0x00000000c0010164                LogicalDisk::open(int, int, void*)
                0x00000000c0010178                LogicalDisk::absoluteToRelative(unsigned long long)
                0x00000000c00101b0                LogicalDisk::relativeToAbsolute(unsigned long long)
                0x00000000c00101f6                LogicalDisk::LogicalDisk(char const*, PhysicalDisk*, unsigned long long, unsigned long long)
                0x00000000c00101f6                LogicalDisk::LogicalDisk(char const*, PhysicalDisk*, unsigned long long, unsigned long long)
                0x00000000c00102ac                LogicalDisk::assignDriveLetter()
                0x00000000c0010362                LogicalDisk::mount()
                0x00000000c00103aa                LogicalDisk::unmount()
                0x00000000c00103ba                LogicalDisk::eject()
                0x00000000c00103ce                LogicalDisk::unassignDriveLetter()
                0x00000000c0010424                LogicalDisk::read(unsigned long long, int, void*)
                0x00000000c0010490                LogicalDisk::write(unsigned long long, int, void*)
 .text          0x00000000c00104fc       0x84 hal/mouse.32
                0x00000000c00104fc                Mouse::Mouse(char const*)
                0x00000000c00104fc                Mouse::Mouse(char const*)
                0x00000000c0010532                Mouse::~Mouse()
                0x00000000c0010532                Mouse::~Mouse()
                0x00000000c0010556                Mouse::~Mouse()
 .text          0x00000000c0010580      0x339 hal/partition.32
                0x00000000c0010580                makePartition(PhysicalDisk*, unsigned long long, unsigned long long)
                0x00000000c0010628                createPartitionsForDisk(PhysicalDisk*)
 *fill*         0x00000000c00108b9        0x1 
 .text          0x00000000c00108ba       0x84 hal/serial.32
                0x00000000c00108ba                Serial::Serial(char const*)
                0x00000000c00108ba                Serial::Serial(char const*)
                0x00000000c00108f0                Serial::~Serial()
                0x00000000c00108f0                Serial::~Serial()
                0x00000000c0010914                Serial::~Serial()
 .text          0x00000000c001093e      0x2f3 hal/timer.32
                0x00000000c001093e                Timer::Timer(char const*)
                0x00000000c001093e                Timer::Timer(char const*)
                0x00000000c0010974                Timer::~Timer()
                0x00000000c0010974                Timer::~Timer()
                0x00000000c0010998                Timer::~Timer()
                0x00000000c00109c2                Timer::read()
                0x00000000c00109cd                timerHandler(unsigned long long)
                0x00000000c0010b3f                setupTimer(int)
 *fill*         0x00000000c0010c31        0x1 
 .text          0x00000000c0010c32      0x49a hal/vcache.32
                0x00000000c0010c32                VCache::VCache(PhysicalDisk*)
                0x00000000c0010c32                VCache::VCache(PhysicalDisk*)
                0x00000000c0010d9a                VCache::invalidateReadBuffer()
                0x00000000c0010daa                VCache::writeWriteBuffer()
                0x00000000c0010df6                VCache::~VCache()
                0x00000000c0010df6                VCache::~VCache()
                0x00000000c0010e4a                VCache::~VCache()
                0x00000000c0010e72                VCache::write(unsigned long long, int, void*)
                0x00000000c0010fa8                VCache::read(unsigned long long, int, void*)
 .text          0x00000000c00110cc      0x4b3 hal/video.32
                0x00000000c00110cc                Video::putrect(int, int, int, int, unsigned int)
                0x00000000c0011118                Video::bitblit(int, int, int, int, int, int, int, unsigned int*)
                0x00000000c0011188                Video::blit(unsigned int*, int, int, int, int)
                0x00000000c0011206                Video::clearScreen(unsigned int)
                0x00000000c001123a                Video::putpixel(int, int, unsigned int)
                0x00000000c0011248                Video::Video(char const*)
                0x00000000c0011248                Video::Video(char const*)
                0x00000000c001127e                Video::~Video()
                0x00000000c001127e                Video::~Video()
                0x00000000c00112a2                Video::~Video()
                0x00000000c00112cc                Video::isMonochrome()
                0x00000000c00112d8                Video::getWidth()
                0x00000000c00112e4                Video::getHeight()
                0x00000000c00112f0                Video::drawCursor(int, int, unsigned char*, int)
                0x00000000c00113ac                Video::tgaParse(unsigned char*, int, int*, int*)
                0x00000000c0011514                Video::putTGA(int, int, unsigned char*, int)
 *fill*         0x00000000c001157f        0x1 
 .text          0x00000000c0011580     0x13a6 hw/acpi.32
                0x00000000c0011580                ACPI::close(int, int, void*)
                0x00000000c0011625                findRSDP()
                0x00000000c00116f2                loadACPITables(unsigned char*)
                0x00000000c0011949                findRSDT(unsigned char*)
                0x00000000c0011b03                findDataTable(unsigned char*, char*)
                0x00000000c0011b75                scanMADT()
                0x00000000c0012042                ACPI::ACPI()
                0x00000000c0012042                ACPI::ACPI()
                0x00000000c00120a6                ACPI::getPCIIRQAssignment(unsigned char, unsigned short, unsigned char)
                0x00000000c0012188                ACPI::registerPCIIRQAssignment(void*, unsigned short, unsigned char, unsigned char)
                0x00000000c001224e                ACPI::setScreenBrightnessLevel(void*, int)
                0x00000000c0012254                ACPI::detectPCI()
                0x00000000c0012456                ACPI::writeSimpleBootFlag(SimpleBootFlagTable*)
                0x00000000c001249e                ACPI::sleep()
                0x00000000c00124b6                ACPI::open(int, int, void*)
 .text          0x00000000c0012926     0x1525 hw/cpu.32
                0x00000000c0012926                CPU::close(int, int, void*)
                0x00000000c001292a                CPU::lookupAMDName(unsigned char, unsigned char)
                0x00000000c0012abe                CPU::lookupIntelName(unsigned char, unsigned char)
                0x00000000c0012d6c                CPU::AMD_K6_write_msr(unsigned int, unsigned int, unsigned int, CPU::REGS*)
                0x00000000c0012d88                CPU::AMD_K6_read_msr(unsigned int, CPU::REGS*)
                0x00000000c0012da0                CPU::AMD_K6_writeback(int, int, int)
                0x00000000c0012e14                CPU::cpuid(int, unsigned long*, unsigned long*, unsigned long*, unsigned long*)
                0x00000000c0012e98                CPU::cpuidCheckEDX(unsigned int)
                0x00000000c0012ec6                CPU::cpuidCheckECX(unsigned int)
                0x00000000c0012ef4                CPU::cpuidCheckExtendedEBX(unsigned int)
                0x00000000c0012f22                CPU::cpuidCheckExtendedECX(unsigned int)
                0x00000000c0012f50                CPU::CPU()
                0x00000000c0012f50                CPU::CPU()
                0x00000000c0012fde                CPU::displayFeatures()
                0x00000000c0012fe0                CPU::detectFeatures()
                0x00000000c00139d2                CPU::setupSMEP()
                0x00000000c00139de                CPU::setupUMIP()
                0x00000000c00139e8                CPU::setupTSC()
                0x00000000c00139f2                CPU::setupLargePages()
                0x00000000c00139fc                CPU::setupPAT()
                0x00000000c0013a38                CPU::setupMTRR()
                0x00000000c0013a3a                CPU::setupGlobalPages()
                0x00000000c0013a44                CPU::allowUsermodeDataAccess()
                0x00000000c0013a56                CPU::prohibitUsermodeDataAccess()
                0x00000000c0013a68                CPU::setupSMAP()
                0x00000000c0013a76                CPU::setupFeatures()
                0x00000000c0013af6                CPU::open(int, int, void*)
                0x00000000c0013c50                CPU::decodeAddress(regs*, int*, bool*, unsigned char*)
 .text          0x00000000c0013e4b        0x0 hw/ports.32
 .text          0x00000000c0013e4b      0x16a hw/smp.32
                0x00000000c0013e4b                Krnl::smpEntry()
                0x00000000c0013e4d                Krnl::startCPU(int)
                0x00000000c0013f96                Krnl::startCPUs()
 *fill*         0x00000000c0013fb5        0x1 
 .text          0x00000000c0013fb6      0x581 krnl/env.32
                0x00000000c0013fb6                EnvVarContainer::getEnv(char const*)
                0x00000000c0013ff4                EnvVarContainer::setEnv(char const*, char const*)
                0x00000000c00140b6                EnvVarContainer::deleteEnv(char const*)
                0x00000000c00140b8                EnvVarContainer::loadFrom(char const*, char const*)
                0x00000000c001429e                EnvVarContainer::__loadSystem()
                0x00000000c00142b8                EnvVarContainer::__loadUser()
                0x00000000c00142ba                EnvVarContainer::EnvVarContainer(Process*)
                0x00000000c00142ba                EnvVarContainer::EnvVarContainer(Process*)
                0x00000000c00142dc                EnvVarContainer::~EnvVarContainer()
                0x00000000c00142dc                EnvVarContainer::~EnvVarContainer()
                0x00000000c001430c                Krnl::getEnv(Process*, char const*)
                0x00000000c0014371                Krnl::setEnvSystem(char const*, char const*)
                0x00000000c001438b                Krnl::setEnvUser(char const*, char const*)
                0x00000000c00143aa                Krnl::setEnvProcess(Process*, char const*, char const*)
                0x00000000c00143bd                Krnl::deleteEnvSystem(char const*)
                0x00000000c00143be                Krnl::deleteEnvUser(char const*)
                0x00000000c00143bf                Krnl::deleteEnvProcess(Process*, char const*)
                0x00000000c00143c0                Krnl::newProcessEnv(Process*)
                0x00000000c00143e2                Krnl::copyProcessEnv(Process*, Process*)
                0x00000000c001442e                Krnl::loadSystemEnv()
                0x00000000c001445c                Krnl::loadUserEnv()
                0x00000000c0014482                Krnl::flushEnv()
                0x00000000c0014483                Krnl::getProcessTotalEnvCount(Process*)
                0x00000000c00144a3                Krnl::getProcessEnvPair(Process*, int)
 .text          0x00000000c0014537      0x39c krnl/panic.32
                0x00000000c0014537                Krnl::panic(char const*)
 .text          0x00000000c00148d3      0x57f net/ethernet.32
                0x00000000c00148d3                Net::switchEndian16(unsigned short)
                0x00000000c00148f4                Net::switchEndian32(unsigned int)
                0x00000000c0014923                Net::crc32Calc(unsigned char*, int)
                0x00000000c00149b4                Net::wrapEthernetFrame(Net::UnwrappedEthernetFrame, unsigned char*)
                0x00000000c0014bc7                Net::unwrapEthernetFrame(unsigned char*, int)
 .text          0x00000000c0014e52      0x50e reg/registry.32
                0x00000000c0014e52                Reg::findLineFromLoadedData(char*, char*, char*)
                0x00000000c0014faa                Reg::getLineFromRegistry(char*, char*, char*, char*)
                0x00000000c00150ff                Reg::getLine(char*, char*, char*)
                0x00000000c0015136                Reg::readInt(char*, char*, int*)
                0x00000000c0015221                Reg::readString(char*, char*, char*, int)
                0x00000000c00152a2                Reg::readBool(char*, char*, bool*)
                0x00000000c00152c7                Reg::readBoolWithDefault(char*, char*, bool)
                0x00000000c00152f3                Reg::readIntWithDefault(char*, char*, int)
                0x00000000c001531f                Reg::readStringWithDefault(char*, char*, char*, int, char*)
 .text          0x00000000c0015360       0x36 sys/sc_eject.32
                0x00000000c0015360                Sys::eject(regs*)
 .text          0x00000000c0015396       0x18 sys/sc_exit.32
                0x00000000c0015396                Sys::exit(regs*)
 .text          0x00000000c00153ae       0x1f sys/sc_getcwd.32
                0x00000000c00153ae                Sys::getCwd(regs*)
 .text          0x00000000c00153cd        0xc sys/sc_getpid.32
                0x00000000c00153cd                Sys::getPID(regs*)
 .text          0x00000000c00153d9       0x1a sys/sc_getramdata.32
                0x00000000c00153d9                Sys::getRAMData(regs*)
 .text          0x00000000c00153f3       0x84 sys/sc_getvgaptr.32
                0x00000000c00153f3                Sys::getVGAPtr(regs*)
 .text          0x00000000c0015477       0xa8 sys/sc_loaddll.32
                0x00000000c0015477                Sys::loadDLL(regs*)
 .text          0x00000000c001551f       0x68 sys/sc_read.32
                0x00000000c001551f                Sys::read(regs*)
 .text          0x00000000c0015587       0x55 sys/sc_sbrk.32
                0x00000000c0015587                Sys::sbrk(regs*)
 .text          0x00000000c00155dc       0x1c sys/sc_setcwd.32
                0x00000000c00155dc                Sys::setCwd(regs*)
 .text          0x00000000c00155f8       0x95 sys/sc_settime.32
                0x00000000c00155f8                Sys::setTime(regs*)
 .text          0x00000000c001568d       0x4a sys/sc_timezone.32
                0x00000000c001568d                Sys::timezone(regs*)
 .text          0x00000000c00156d7       0x68 sys/sc_write.32
                0x00000000c00156d7                Sys::write(regs*)
 .text          0x00000000c001573f       0x62 sys/sc_wsbe.32
                0x00000000c001573f                Sys::wsbe(regs*)
 .text          0x00000000c00157a1       0x46 sys/sc_yield.32
                0x00000000c00157a1                Sys::yield(regs*)
 .text          0x00000000c00157e7      0xf8c sys/syscalls.32
                0x00000000c00157e7                sysCallSeekDir(regs*)
                0x00000000c00157ec                sysCallTellDir(regs*)
                0x00000000c00157f1                sysCallVerify(regs*)
                0x00000000c00157fb                sysCallGetArgc(regs*)
                0x00000000c001580b                sysFormatDisk(regs*)
                0x00000000c0015875                sysSetDiskVolumeLabel(regs*)
                0x00000000c00158bf                sysGetDiskVolumeLabel(regs*)
                0x00000000c0015914                sysShutdown(regs*)
                0x00000000c0015972                sysCallRealpath(regs*)
                0x00000000c00159b5                sysCallReadDir(regs*)
                0x00000000c0015a34                sysCallIsATTY(regs*)
                0x00000000c0015a8e                sysCallSeek(regs*)
                0x00000000c0015ae5                sysCallTell(regs*)
                0x00000000c0015b51                sysCallSize(regs*)
                0x00000000c0015bc3                sysCallSizeFromFilename(regs*)
                0x00000000c0015c72                sysCallClose(regs*)
                0x00000000c0015cd2                sysCallOpenDir(regs*)
                0x00000000c0015d47                sysCallCloseDir(regs*)
                0x00000000c0015d9b                sysCallMakeDir(regs*)
                0x00000000c0015e0b                sysCallWait(regs*)
                0x00000000c0015e25                sysCallNotImpl(regs*)
                0x00000000c0015e40                sysPanic(regs*)
                0x00000000c0015e5a                sysCallRmdir(regs*)
                0x00000000c0015ebe                sysCallUnlink(regs*)
                0x00000000c0015f22                sysCallGetArgv(regs*)
                0x00000000c0015f6e                sysCallTTYName(regs*)
                0x00000000c0015ff1                sysCallUSleep(regs*)
                0x00000000c0016018                sysCallSpawn(regs*)
                0x00000000c0016080                sysCallGetEnv(regs*)
                0x00000000c001612d                sysAppSettings(regs*)
                0x00000000c0016241                sysSetFatAttrib(regs*)
                0x00000000c00162b3                sysPipe(regs*)
                0x00000000c00162f8                sysGetUnixTime(regs*)
                0x00000000c001630c                string_ends_with(char const*, char const*)
                0x00000000c0016354                sysCallOpen(regs*)
                0x00000000c001653c                Sys::loadSyscalls()
                0x00000000c0016731                Sys::systemCall(regs*, void*)
 .text          0x00000000c0016773     0x1203 thr/elf.32
                0x00000000c0016773                Thr::allocateMemoryForTask(Process*, File*, unsigned long, unsigned long, unsigned long)
                0x00000000c0016a1d                Thr::loadProgramIntoMemory(Process*, char const*)
                0x00000000c0016c33                Thr::runtimeReferenceHelper()
                0x00000000c0016c46                Thr::getAddressOfKernelSymbol(char const*)
                0x00000000c0016c95                Thr::loadKernelSymbolTable(char const*)
                0x00000000c0016f53                Thr::loadDriverIntoMemory(char const*, unsigned long, bool)
                0x00000000c0017689                Thr::getDriverBaseFromAddress(unsigned long)
                0x00000000c00176bb                Thr::getDriverNameFromAddress(unsigned long)
                0x00000000c00176f2                Thr::getDriverOffsetFromAddress(unsigned long)
                0x00000000c001770c                Thr::loadDLL(char const*, bool)
                0x00000000c001793d                Thr::executeDLL(unsigned long, void*)
 .text          0x00000000c0017976     0x11ff thr/prcssthr.32
                0x00000000c0017976                userModeEntryPoint(void*)
                0x00000000c001799c                changeTSS
                0x00000000c00179cc                switchToThread(ThreadControlBlock*)
                0x00000000c0017a76                Process::addArgs(char**)
                0x00000000c0017ad0                Process::Process(char const*, Process*, char**)
                0x00000000c0017ad0                Process::Process(char const*, Process*, char**)
                0x00000000c0017cb4                Process::Process(bool, char const*, Process*, char**)
                0x00000000c0017cb4                Process::Process(bool, char const*, Process*, char**)
                0x00000000c0017e63                taskStartupFunction
                0x00000000c0017e6c                Semaphore::Semaphore(int)
                0x00000000c0017e6c                Semaphore::Semaphore(int)
                0x00000000c0017e9a                Mutex::Mutex()
                0x00000000c0017e9a                Mutex::Mutex()
                0x00000000c0017eac                Process::createThread(void (*)(void*), void*, int)
                0x00000000c0017fb2                Process::createUserThread()
                0x00000000c0017fce                setupMultitasking(void (*)())
                0x00000000c00180d1                schedule()
                0x00000000c0018156                Semaphore::tryAcquire()
                0x00000000c0018212                Semaphore::assertLocked(char const*)
                0x00000000c0018281                blockTaskWithSchedulerLockAlreadyHeld(TaskState)
                0x00000000c00182a7                blockTask(TaskState)
                0x00000000c00182d4                waitTask(int, int*, int)
                0x00000000c0018316                nanoSleepUntil(unsigned long long)
                0x00000000c00183ab                nanoSleep(unsigned long long)
                0x00000000c00183c3                sleep(unsigned long long)
                0x00000000c00183e0                Semaphore::acquire()
                0x00000000c0018491                taskReturned
                0x00000000c00184cc                Thr::processFromPID(int)
                0x00000000c0018563                unblockTask(ThreadControlBlock*)
                0x00000000c00185f8                cleanupTerminatedTask(ThreadControlBlock*)
                0x00000000c001889f                cleanerTaskFunction(void*)
                0x00000000c0018980                terminateTask(int)
                0x00000000c0018a3f                Thr::terminateFromIRQ(int)
                0x00000000c0018a4c                Semaphore::release()
 .text          0x00000000c0018b75      0xada vm86/vm8086.32
                0x00000000c0018b75                Vm::inbv(unsigned short)
                0x00000000c0018b88                Vm::outbv(unsigned short, unsigned char)
                0x00000000c0018bbe                Vm::realToLinear(unsigned short, unsigned short)
                0x00000000c0018bce                Vm::getSegment(unsigned int)
                0x00000000c0018bd6                Vm::getOffset(unsigned int)
                0x00000000c0018bdb                Vm::mainloop2()
                0x00000000c0018c15                Vm::mainVm8086Loop(void*)
                0x00000000c0018c25                Vm::mainloop3(unsigned long)
                0x00000000c0018c4b                Vm::initialise8086()
                0x00000000c0018c8e                Vm::finish8086()
                0x00000000c0018cef                Vm::getOutput8086(unsigned char*)
                0x00000000c0018d14                Vm::start8086(char const*, unsigned short, unsigned short, unsigned short, unsigned short)
                0x00000000c0018e7c                Vm::doISR(regs*, int, unsigned char*, unsigned short, unsigned short)
                0x00000000c0018f06                Vm::readByteFromReal(unsigned short, unsigned short)
                0x00000000c0018f17                Vm::readWordFromReal(unsigned short, unsigned short)
                0x00000000c0018f29                Vm::readDwordFromReal(unsigned short, unsigned short)
                0x00000000c0018f3a                Vm::writeByteFromReal(unsigned short, unsigned short, unsigned char)
                0x00000000c0018f4f                Vm::writeWordFromReal(unsigned short, unsigned short, unsigned short)
                0x00000000c0018f65                Vm::writeDwordFromReal(unsigned short, unsigned short, unsigned int)
                0x00000000c0018f7a                Vm::faultHandler(regs*)
 .text          0x00000000c001964f      0xefd vm86/x87em.32
                0x00000000c001964f                Vm::fpuInternalTo32(unsigned long long)
                0x00000000c00196aa                Vm::fpuInternalTo64(unsigned long long)
                0x00000000c00196b3                Vm::fpu32ToInternal(unsigned int)
                0x00000000c00196f8                Vm::fpu64ToInternal(unsigned long long)
                0x00000000c0019701                Vm::fpuFloatToLong(unsigned long long)
                0x00000000c001975c                Vm::fpuULongToFloat(unsigned long long)
                0x00000000c0019792                Vm::fpuLongToFloat(long long)
                0x00000000c00197e8                Vm::fpuGet0()
                0x00000000c00197ed                Vm::fpuGet1()
                0x00000000c00197f5                Vm::fpuGetPi()
                0x00000000c00197fd                Vm::fpuGetLog2E()
                0x00000000c0019815                Vm::fpuGetLogE2()
                0x00000000c001982d                Vm::fpuGetLog210()
                0x00000000c0019845                Vm::fpuGetLog102()
                0x00000000c001985d                Vm::fpuIsSecondLarger(unsigned long long, unsigned long long)
                0x00000000c0019871                Vm::fpuAreEqual(unsigned long long, unsigned long long)
                0x00000000c0019887                Vm::fpuUnorderedCompare(unsigned long long, unsigned long long)
                0x00000000c00198da                Vm::fpuAdd(unsigned long long, unsigned long long)
                0x00000000c00198eb                Vm::fpuAbs(unsigned long long)
                0x00000000c00198f4                Vm::fpuChs(unsigned long long)
                0x00000000c0019904                Vm::fpuSub(unsigned long long, unsigned long long)
                0x00000000c0019913                Vm::fpuMultiply(unsigned long long, unsigned long long)
                0x00000000c0019932                Vm::fpuDivide(unsigned long long, unsigned long long)
                0x00000000c001994e                Vm::fpuSquare(unsigned long long)
                0x00000000c0019964                Vm::fpuGetReg(int)
                0x00000000c00199a7                Vm::fpuSetReg(int, unsigned long long)
                0x00000000c00199f2                Vm::fpuPush(unsigned long long)
                0x00000000c0019a4f                Vm::fpuPop()
                0x00000000c0019aa1                Vm::x87Handler(regs*)
 .text          0x00000000c001a54c     0x12d7 fs/fat/vfslink.32
                0x00000000c001a54c                FAT::getName()
                0x00000000c001a552                FAT::tell(void*, unsigned long long*)
                0x00000000c001a586                FAT::stat(void*, unsigned long long*)
                0x00000000c001a5ba                FAT::~FAT()
                0x00000000c001a5ba                FAT::~FAT()
                0x00000000c001a5de                FAT::~FAT()
                0x00000000c001a606                FAT::getlabel(LogicalDisk*, int, char*, unsigned int*)
                0x00000000c001a6a4                FAT::setlabel(LogicalDisk*, int, char*)
                0x00000000c001a75e                FAT::format(LogicalDisk*, int, char const*, int)
                0x00000000c001a91c                FAT::tryMount(LogicalDisk*, int)
                0x00000000c001ab22                FAT::allocateSwapfile(char const*, int)
                0x00000000c001acde                FAT::readDir(void*, unsigned long, void*, int*)
                0x00000000c001ae38                FAT::read(void*, unsigned long, void*, int*)
                0x00000000c001ae92                FAT::write(void*, unsigned long, void*, int*)
                0x00000000c001aeec                FAT::close(void*)
                0x00000000c001af38                FAT::closeDir(void*)
                0x00000000c001af84                FAT::seek(void*, unsigned long long)
                0x00000000c001afd8                fatWrapperReadDisk
                0x00000000c001b01f                fatWrapperWriteDisk
                0x00000000c001b066                fatWrapperIoctl
                0x00000000c001b16a                FAT::FAT()
                0x00000000c001b16a                FAT::FAT()
                0x00000000c001b1bc                FAT::fixFilepath(char*)
                0x00000000c001b1f4                FAT::open(char const*, void**, FileOpenMode)
                0x00000000c001b31c                FAT::openDir(char const*, void**)
                0x00000000c001b3c2                FAT::stat(char const*, unsigned long long*, bool*)
                0x00000000c001b4ac                FAT::unlink(char const*)
                0x00000000c001b526                FAT::chfatattr(char const*, unsigned char, unsigned char)
                0x00000000c001b67a                FAT::rename(char const*, char const*)
                0x00000000c001b73e                FAT::mkdir(char const*)
                0x00000000c001b7b8                FAT::exists(char const*)
 *fill*         0x00000000c001b823        0x1 
 .text          0x00000000c001b824      0xb75 fs/iso9660/vfslink.32
                0x00000000c001b824                ISO9660::format(LogicalDisk*, int, char const*, int)
                0x00000000c001b82a                ISO9660::seek(void*, unsigned long long)
                0x00000000c001b85a                ISO9660::tell(void*, unsigned long long*)
                0x00000000c001b87e                ISO9660::getName()
                0x00000000c001b884                ISO9660::stat(void*, unsigned long long*)
                0x00000000c001b8a8                ISO9660::chfatattr(char const*, unsigned char, unsigned char)
                0x00000000c001b8ae                ISO9660::unlink(char const*)
                0x00000000c001b8b4                ISO9660::write(void*, unsigned long, void*, int*)
                0x00000000c001b8ba                ISO9660::rename(char const*, char const*)
                0x00000000c001b8c0                ISO9660::mkdir(char const*)
                0x00000000c001b8c6                ISO9660::close(void*)
                0x00000000c001b8e8                ISO9660::closeDir(void*)
                0x00000000c001b90a                ISO9660::~ISO9660()
                0x00000000c001b90a                ISO9660::~ISO9660()
                0x00000000c001b92e                ISO9660::~ISO9660()
                0x00000000c001b955                __memmem(unsigned char*, int, unsigned char*, int)
                0x00000000c001b997                readSectorFromCDROM(unsigned int, unsigned char*, char)
                0x00000000c001b9f2                ISO9660::tryMount(LogicalDisk*, int)
                0x00000000c001ba42                ISO9660::read(void*, unsigned long, void*, int*)
                0x00000000c001bc46                ISO9660::readDir(void*, unsigned long, void*, int*)
                0x00000000c001bec0                readRoot(unsigned int*, unsigned int*, char)
                0x00000000c001bf14                readRecursively(char*, unsigned int, unsigned int, unsigned int*, unsigned int*, char, int*)
                0x00000000c001c0e7                getFileData(char*, unsigned int*, unsigned int*, char, int*)
                0x00000000c001c176                ISO9660::open(char const*, void**, FileOpenMode)
                0x00000000c001c224                ISO9660::exists(char const*)
                0x00000000c001c248                ISO9660::stat(char const*, unsigned long long*, bool*)
                0x00000000c001c2dc                ISO9660::openDir(char const*, void**)
                0x00000000c001c376                ISO9660::ISO9660()
                0x00000000c001c376                ISO9660::ISO9660()
 *fill*         0x00000000c001c399        0x1 
 .text          0x00000000c001c39a      0x2f0 hal/sound/sndcard.32
                0x00000000c001c39a                SoundCard::beginPlayback()
                0x00000000c001c3a8                SoundCard::stopPlayback()
                0x00000000c001c3b6                SoundCard::SoundCard(char const*)
                0x00000000c001c3b6                SoundCard::SoundCard(char const*)
                0x00000000c001c454                SoundCard::~SoundCard()
                0x00000000c001c454                SoundCard::~SoundCard()
                0x00000000c001c478                SoundCard::~SoundCard()
                0x00000000c001c4a2                SoundCard::configureRates(int, int, int)
                0x00000000c001c4d2                SoundCard::getSamples16(int, short*)
                0x00000000c001c594                SoundCard::getSamples32(int, int*)
                0x00000000c001c61a                SoundCard::addChannel(SoundPort*)
                0x00000000c001c676                SoundCard::removeChannel(int)
 .text          0x00000000c001c68a      0x3c2 hal/sound/sndport.32
                0x00000000c001c68a                SoundPort::SoundPort(int, int, int, int)
                0x00000000c001c68a                SoundPort::SoundPort(int, int, int, int)
                0x00000000c001c712                SoundPort::~SoundPort()
                0x00000000c001c712                SoundPort::~SoundPort()
                0x00000000c001c744                SoundPort::unpause()
                0x00000000c001c74e                SoundPort::pause()
                0x00000000c001c758                SoundPort::getBufferUsed()
                0x00000000c001c760                SoundPort::getBufferSize()
                0x00000000c001c768                SoundPort::buffer16(short*, int)
                0x00000000c001c80e                SoundPort::buffer32(int*, int)
                0x00000000c001c8ae                SoundPort::unbufferAndAdd16(int, short*, SoundCard*)
                0x00000000c001c9a0                SoundPort::unbufferAndAdd32(int, int*, SoundCard*)
 .text          0x00000000c001ca4c        0x0 hw/bus/isa.32
 .text          0x00000000c001ca4c      0xb87 hw/bus/pci.32
                0x00000000c001ca4c                PCI::open(int, int, void*)
                0x00000000c001ca6a                PCI::close(int, int, void*)
                0x00000000c001ca6e                PCI::PCI()
                0x00000000c001ca6e                PCI::PCI()
                0x00000000c001cb04                PCI::readBAR8(unsigned int, int)
                0x00000000c001cb20                PCI::readBAR16(unsigned int, int)
                0x00000000c001cb3e                PCI::readBAR32(unsigned int, int)
                0x00000000c001cb5a                PCI::writeBAR8(unsigned int, unsigned char, int)
                0x00000000c001cb7a                PCI::writeBAR16(unsigned int, unsigned short, int)
                0x00000000c001cb9c                PCI::writeBAR32(unsigned int, unsigned int, int)
                0x00000000c001cbbc                PCI::legacyMechanism(unsigned char, unsigned char, unsigned char, unsigned char)
                0x00000000c001cc2a                PCI::pciReadWord(unsigned char, unsigned char, unsigned char, unsigned char)
                0x00000000c001ccd2                PCI::getVendorID(unsigned char, unsigned char, unsigned char)
                0x00000000c001ccf6                PCI::getHeaderType(unsigned char, unsigned char, unsigned char)
                0x00000000c001cd1e                PCI::getClassCode(unsigned char, unsigned char, unsigned char)
                0x00000000c001cd68                PCI::getProgIF(unsigned char, unsigned char, unsigned char)
                0x00000000c001cd90                PCI::getRevisionID(unsigned char, unsigned char, unsigned char)
                0x00000000c001cdb4                PCI::getInterruptNumber(unsigned char, unsigned char, unsigned char)
                0x00000000c001cdd8                PCI::getSecondaryBus(unsigned char, unsigned char, unsigned char)
                0x00000000c001ce00                PCI::getBARAddress(unsigned char, unsigned char, unsigned char, unsigned char)
                0x00000000c001ce64                PCI::pciWriteWord(unsigned char, unsigned char, unsigned char, unsigned char, unsigned short)
                0x00000000c001cf4c                PCI::pciDetailsToFilepath(PCIDeviceInfo, char*)
                0x00000000c001d1c6                PCI::checkBus(unsigned char)
                0x00000000c001d1ea                PCI::foundDevice(PCIDeviceInfo)
                0x00000000c001d35c                PCI::getDeviceData(unsigned char, unsigned char, unsigned char)
                0x00000000c001d514                PCI::checkDevice(unsigned char, unsigned char)
                0x00000000c001d580                PCI::detect()
 *fill*         0x00000000c001d5d3        0x1 
 .text          0x00000000c001d5d4      0xb54 hw/diskctrl/ide.32
                0x00000000c001d5d4                IDE::close(int, int, void*)
                0x00000000c001d5d8                IDE::IDE()
                0x00000000c001d5d8                IDE::IDE()
                0x00000000c001d60c                IDE::prepareInterrupt(unsigned char)
                0x00000000c001d61e                selectDrive(unsigned char, unsigned char)
                0x00000000c001d620                IDE::getBase(unsigned char)
                0x00000000c001d632                IDE::write(unsigned char, unsigned char, unsigned char)
                0x00000000c001d6f2                IDE::read(unsigned char, unsigned char)
                0x00000000c001d7a0                IDE::waitInterrupt(unsigned char)
                0x00000000c001d806                ideChannel0IRQHandler(regs*, void*)
                0x00000000c001d822                ideChannel1IRQHandler(regs*, void*)
                0x00000000c001d83e                IDE::enableIRQs(unsigned char, bool)
                0x00000000c001d884                IDE::open(int, int, void*)
                0x00000000c001dc92                IDE::readBuffer(unsigned char, unsigned char, unsigned int, unsigned int)
                0x00000000c001dd5e                IDE::detect()
                0x00000000c001e024                IDE::printError(unsigned char, unsigned char, unsigned char)
                0x00000000c001e0d4                IDE::polling(unsigned char, unsigned int)
 .text          0x00000000c001e128      0x336 hw/diskctrl/satabus.32
                0x00000000c001e128                SATABus::close(int, int, void*)
                0x00000000c001e12c                SATABus::detect()
                0x00000000c001e12e                SATABus::SATABus()
                0x00000000c001e12e                SATABus::SATABus()
                0x00000000c001e1b4                SATABus::findCmdslot(SATABus::tagHBA_PORT volatile*)
                0x00000000c001e1fc                SATABus::checkType(SATABus::tagHBA_PORT volatile*)
                0x00000000c001e244                SATABus::startCmd(SATABus::tagHBA_PORT volatile*)
                0x00000000c001e264                SATABus::stopCmd(SATABus::tagHBA_PORT volatile*)
                0x00000000c001e28e                SATABus::portRebase(SATABus::tagHBA_PORT volatile*, int)
                0x00000000c001e394                SATABus::probePort(SATABus::tagHBA_MEM volatile*)
                0x00000000c001e43e                SATABus::open(int, int, void*)
 .text          0x00000000c001e45e      0x688 hw/diskphys/ata.32
                0x00000000c001e45e                ATA::close(int, int, void*)
                0x00000000c001e482                ATA::powerSaving(PowerSavingLevel)
                0x00000000c001e484                ATA::ATA()
                0x00000000c001e484                ATA::ATA()
                0x00000000c001e4b2                ATA::flush(bool)
                0x00000000c001e4fc                ATA::readyForCommand()
                0x00000000c001e54c                ATA::access(unsigned long long, int, void*, bool)
                0x00000000c001e942                ATA::read(unsigned long long, int, void*)
                0x00000000c001e98e                ATA::write(unsigned long long, int, void*)
                0x00000000c001e9f0                ATA::detectCHS()
                0x00000000c001ea1a                ATA::open(int, int, void*)
 .text          0x00000000c001eae6      0x5bd hw/diskphys/atapi.32
                0x00000000c001eae6                ATAPI::write(unsigned long long, int, void*)
                0x00000000c001eaec                ATAPI::close(int, int, void*)
                0x00000000c001eb10                ATAPI::ATAPI()
                0x00000000c001eb10                ATAPI::ATAPI()
                0x00000000c001eb3e                ATAPI::readyForCommand()
                0x00000000c001eb8e                ATAPI::sendPacket(unsigned char*, int, bool, unsigned short*, int)
                0x00000000c001ee4e                ATAPI::diskRemoved()
                0x00000000c001ee6a                ATAPI::eject()
                0x00000000c001eeb2                ATAPI::diskInserted()
                0x00000000c001eee0                ATAPI::detectMedia()
                0x00000000c001ef9c                ATAPI::open(int, int, void*)
                0x00000000c001f024                ATAPI::read(unsigned long long, int, void*)
 *fill*         0x00000000c001f0a3        0x1 
 .text          0x00000000c001f0a4      0x41c hw/diskphys/sata.32
                0x00000000c001f0a4                SATA::close(int, int, void*)
                0x00000000c001f0c8                SATA::powerSaving(PowerSavingLevel)
                0x00000000c001f0ca                SATA::open(int, int, void*)
                0x00000000c001f174                SATA::SATA()
                0x00000000c001f174                SATA::SATA()
                0x00000000c001f1a2                SATA::access(unsigned long long, int, void*, bool)
                0x00000000c001f408                SATA::read(unsigned long long, int, void*)
                0x00000000c001f454                SATA::write(unsigned long long, int, void*)
 .text          0x00000000c001f4c0      0x4fe hw/diskphys/satapi.32
                0x00000000c001f4c0                SATAPI::write(unsigned long long, int, void*)
                0x00000000c001f4c6                SATAPI::close(int, int, void*)
                0x00000000c001f4ea                SATAPI::SATAPI()
                0x00000000c001f4ea                SATAPI::SATAPI()
                0x00000000c001f518                SATAPI::diskRemoved()
                0x00000000c001f534                SATAPI::diskInserted()
                0x00000000c001f562                SATAPI::sendPacket(unsigned char*, int, unsigned long long, unsigned short*, int)
                0x00000000c001f76a                SATAPI::eject()
                0x00000000c001f7b2                SATAPI::detectMedia()
                0x00000000c001f874                SATAPI::open(int, int, void*)
                0x00000000c001f91c                SATAPI::read(unsigned long long, int, void*)
 .text          0x00000000c001f9be       0x8e hw/fpu/avx.32
                0x00000000c001f9be                AVX::open(int, int, void*)
                0x00000000c001f9d0                AVX::close(int, int, void*)
                0x00000000c001f9e2                AVX::available()
                0x00000000c001f9f4                AVX::save(void*)
                0x00000000c001fa0c                AVX::load(void*)
                0x00000000c001fa24                AVX::AVX()
                0x00000000c001fa24                AVX::AVX()
 .text          0x00000000c001fa4c       0x90 hw/fpu/mmx.32
                0x00000000c001fa4c                MMX::available()
                0x00000000c001fa60                MMX::open(int, int, void*)
                0x00000000c001fa72                MMX::close(int, int, void*)
                0x00000000c001fa84                MMX::save(void*)
                0x00000000c001fa9c                MMX::load(void*)
                0x00000000c001fab4                MMX::MMX()
                0x00000000c001fab4                MMX::MMX()
 .text          0x00000000c001fadc       0x96 hw/fpu/sse.32
                0x00000000c001fadc                SSE::open(int, int, void*)
                0x00000000c001faee                SSE::close(int, int, void*)
                0x00000000c001fb00                SSE::available()
                0x00000000c001fb1a                SSE::save(void*)
                0x00000000c001fb32                SSE::load(void*)
                0x00000000c001fb4a                SSE::SSE()
                0x00000000c001fb4a                SSE::SSE()
 .text          0x00000000c001fb72       0x8e hw/fpu/x87.32
                0x00000000c001fb72                x87::open(int, int, void*)
                0x00000000c001fb84                x87::close(int, int, void*)
                0x00000000c001fb96                x87::available()
                0x00000000c001fba8                x87::save(void*)
                0x00000000c001fbc0                x87::load(void*)
                0x00000000c001fbd8                x87::x87()
                0x00000000c001fbd8                x87::x87()
 .text          0x00000000c001fc00      0x71e hw/intctrl/apic.32
                0x00000000c001fc00                APIC::disable()
                0x00000000c001fc02                APIC::close(int, int, void*)
                0x00000000c001fc24                IOAPIC::close(int, int, void*)
                0x00000000c001fc2a                APIC::io_wait()
                0x00000000c001fc30                APIC::getBase()
                0x00000000c001fc72                APIC::eoi(unsigned char)
                0x00000000c001fca0                APIC::open(int, int, void*)
                0x00000000c001fdee                IOAPIC::IOAPIC()
                0x00000000c001fdee                IOAPIC::IOAPIC()
                0x00000000c001fe16                APIC::APIC()
                0x00000000c001fe16                APIC::APIC()
                0x00000000c001fef2                IOAPIC::handlesGSIWithNumber(unsigned int)
                0x00000000c001ff24                IOAPIC::read(int)
                0x00000000c001ff4c                IOAPIC::open(int, int, void*)
                0x00000000c0020042                IOAPIC::write(int, int)
                0x00000000c002006e                IOAPIC::redirect(unsigned char, unsigned long long, unsigned char, bool, bool)
                0x00000000c0020168                APIC::installIRQHandler(int, void (*)(regs*, void*), bool, void*)
 .text          0x00000000c002031e      0x3d3 hw/intctrl/pic.32
                0x00000000c002031e                PIC::disable()
                0x00000000c002034c                PIC::close(int, int, void*)
                0x00000000c002036e                PIC::PIC()
                0x00000000c002036e                PIC::PIC()
                0x00000000c0020444                PIC::ioWait()
                0x00000000c002044a                PIC::getIRQReg(int)
                0x00000000c00204b4                PIC::eoi(unsigned char)
                0x00000000c0020546                PIC::remap()
                0x00000000c00206b2                PIC::open(int, int, void*)
 *fill*         0x00000000c00206f1        0x1 
 .text          0x00000000c00206f2      0x25e hw/timer/apictimer.32
                0x00000000c00206f2                APICTimer::close(int, int, void*)
                0x00000000c00206f8                apicTimerHandler(regs*, void*)
                0x00000000c0020726                APICTimer::write(int)
                0x00000000c002082a                APICTimer::open(int, int, void*)
                0x00000000c0020928                APICTimer::APICTimer()
                0x00000000c0020928                APICTimer::APICTimer()
 .text          0x00000000c0020950      0x1a7 hw/timer/pit.32
                0x00000000c0020950                PIT::write(int)
                0x00000000c00209ce                pitHandler(regs*, void*)
                0x00000000c00209fa                PIT::open(int, int, void*)
                0x00000000c0020a48                PIT::close(int, int, void*)
                0x00000000c0020a78                PIT::PIT()
                0x00000000c0020a78                PIT::PIT()
 *fill*         0x00000000c0020af7        0x9 
 .text          0x00000000c0020b00       0x1e hw/fpu/x86/avx.32
                0x00000000c0020b00                avxDetect
                0x00000000c0020b06                avxSave
                0x00000000c0020b07                avxLoad
                0x00000000c0020b08                avxInit
                0x00000000c0020b09                avxClose
                0x00000000c0020b0a                wouldSheSayYes
 *fill*         0x00000000c0020b1e        0x2 
 .text          0x00000000c0020b20       0x35 hw/fpu/x86/sse.32
                0x00000000c0020b20                absolutelyNoChanceInHell
                0x00000000c0020b20                sseDetect
                0x00000000c0020b38                sseSave
                0x00000000c0020b3e                sseLoad
                0x00000000c0020b44                sseInit
                0x00000000c0020b54                sseClose
 *fill*         0x00000000c0020b55        0xb 
 .text          0x00000000c0020b60       0x4d hw/fpu/x86/x87.32
                0x00000000c0020b66                x87Detect
                0x00000000c0020b81                x87Save
                0x00000000c0020b8a                x87Load
                0x00000000c0020b92                x87Init
                0x00000000c0020bac                x87Close
 *fill*         0x00000000c0020bad        0x3 
 .text          0x00000000c0020bb0       0x25 /cygdrive/d/Users/Alex/Desktop/Toolchain/Output/bin/../lib/gcc/i386-banana/8.1.0/crtend.o
 .text          0x00000000c0020bd5        0x0 crtn.32
 *fill*         0x00000000c0020bd5        0x3 
 .text          0x00000000c0020bd8      0x14b /cygdrive/d/Users/Alex/Desktop/Toolchain/Output/bin/../lib/gcc/i386-banana/8.1.0/libkgcc.a(_divdi3.o)
                0x00000000c0020bd8                __divdi3
 *fill*         0x00000000c0020d23        0x1 
 .text          0x00000000c0020d24      0x17e /cygdrive/d/Users/Alex/Desktop/Toolchain/Output/bin/../lib/gcc/i386-banana/8.1.0/libkgcc.a(_moddi3.o)
                0x00000000c0020d24                __moddi3
 *fill*         0x00000000c0020ea2        0x2 
 .text          0x00000000c0020ea4       0xff /cygdrive/d/Users/Alex/Desktop/Toolchain/Output/bin/../lib/gcc/i386-banana/8.1.0/libkgcc.a(_udivdi3.o)
                0x00000000c0020ea4                __udivdi3
 *fill*         0x00000000c0020fa3        0x1 
 .text          0x00000000c0020fa4      0x11a /cygdrive/d/Users/Alex/Desktop/Toolchain/Output/bin/../lib/gcc/i386-banana/8.1.0/libkgcc.a(_umoddi3.o)
                0x00000000c0020fa4                __umoddi3
 *(.gnu.linkonce.t*)

.iplt           0x00000000c00210c0        0x0
 .iplt          0x00000000c00210c0        0x0 D:/Users/Alex/Desktop/Banana/kernel/boot.32

.init           0x00000000c00210be        0xf
 .init          0x00000000c00210be        0x3 crti.32
                0x00000000c00210be                _init
 .init          0x00000000c00210c1        0x5 /cygdrive/d/Users/Alex/Desktop/Toolchain/Output/bin/../lib/gcc/i386-banana/8.1.0/crtbegin.o
 .init          0x00000000c00210c6        0x5 /cygdrive/d/Users/Alex/Desktop/Toolchain/Output/bin/../lib/gcc/i386-banana/8.1.0/crtend.o
 .init          0x00000000c00210cb        0x2 crtn.32

.fini           0x00000000c00210cd        0xa
 .fini          0x00000000c00210cd        0x3 crti.32
                0x00000000c00210cd                _fini
 .fini          0x00000000c00210d0        0x5 /cygdrive/d/Users/Alex/Desktop/Toolchain/Output/bin/../lib/gcc/i386-banana/8.1.0/crtbegin.o
 .fini          0x00000000c00210d5        0x2 crtn.32

.text._ZN8ComputerD2Ev
                0x00000000c00210d8       0x23
 .text._ZN8ComputerD2Ev
                0x00000000c00210d8       0x23 core/computer.32
                0x00000000c00210d8                Computer::~Computer()
                0x00000000c00210d8                Computer::~Computer()

.text._ZN8ComputerD0Ev
                0x00000000c00210fc       0x2a
 .text._ZN8ComputerD0Ev
                0x00000000c00210fc       0x2a core/computer.32
                0x00000000c00210fc                Computer::~Computer()

.text._Z10idleCommonv
                0x00000000c0021126       0x21
 .text._Z10idleCommonv
                0x00000000c0021126       0x21 core/idle.32
                0x00000000c0021126                idleCommon()

.text._ZN10LinkedListI8UnixFileED2Ev
                0x00000000c0021148        0x2
 .text._ZN10LinkedListI8UnixFileED2Ev
                0x00000000c0021148        0x2 core/unixfile.32
                0x00000000c0021148                LinkedList<UnixFile>::~LinkedList()
                0x00000000c0021148                LinkedList<UnixFile>::~LinkedList()

.text._ZN10LinkedListI8UnixFileEC2Ev
                0x00000000c002114a       0x42
 .text._ZN10LinkedListI8UnixFileEC2Ev
                0x00000000c002114a       0x42 core/unixfile.32
                0x00000000c002114a                LinkedList<UnixFile>::LinkedList()
                0x00000000c002114a                LinkedList<UnixFile>::LinkedList()

.text._ZN10LinkedListI8UnixFileE10addElementEPS0_
                0x00000000c002118c       0xd3
 .text._ZN10LinkedListI8UnixFileE10addElementEPS0_
                0x00000000c002118c       0xd3 core/unixfile.32
                0x00000000c002118c                LinkedList<UnixFile>::addElement(UnixFile*)

.text._ZN10LinkedListI8UnixFileE15getFirstElementEv
                0x00000000c0021260        0x7
 .text._ZN10LinkedListI8UnixFileE15getFirstElementEv
                0x00000000c0021260        0x7 core/unixfile.32
                0x00000000c0021260                LinkedList<UnixFile>::getFirstElement()

.text._ZN10LinkedListI8UnixFileE11removeFirstEv
                0x00000000c0021268       0xa1
 .text._ZN10LinkedListI8UnixFileE11removeFirstEv
                0x00000000c0021268       0xa1 core/unixfile.32
                0x00000000c0021268                LinkedList<UnixFile>::removeFirst()

.text._ZN10LinkedListI8UnixFileE7getNextEPS0_
                0x00000000c002130a        0x8
 .text._ZN10LinkedListI8UnixFileE7getNextEPS0_
                0x00000000c002130a        0x8 core/unixfile.32
                0x00000000c002130a                LinkedList<UnixFile>::getNext(UnixFile*)
