Archive member included to satisfy reference by file (symbol)

/cygdrive/d/Users/Alex/Desktop/Toolchain/Output/bin/../lib/gcc/i386-banana/8.1.0/libgcc.a(_divdi3.o)
                              fs/fat/ff.32 (__divdi3)
/cygdrive/d/Users/Alex/Desktop/Toolchain/Output/bin/../lib/gcc/i386-banana/8.1.0/libgcc.a(_moddi3.o)
                              thr/elf.32 (__moddi3)
/cygdrive/d/Users/Alex/Desktop/Toolchain/Output/bin/../lib/gcc/i386-banana/8.1.0/libgcc.a(_udivdi3.o)
                              fs/fat/ff.32 (__udivdi3)
/cygdrive/d/Users/Alex/Desktop/Toolchain/Output/bin/../lib/gcc/i386-banana/8.1.0/libgcc.a(_umoddi3.o)
                              core/pipe.32 (__umoddi3)
D:/Users/Alex/Desktop/Banana/kernel/libk/libm32.a(s_fabs.c.o)
                              hal/libresample/samplerate.32 (fabs)
D:/Users/Alex/Desktop/Banana/kernel/libk/libm32.a(s_lrint.S.o)
                              hal/libresample/samplerate.32 (lrint)
D:/Users/Alex/Desktop/Banana/kernel/libk/libm32.a(s_lrintf.S.o)
                              hal/sound/sndhw.32 (lrintf)

Discarded input sections

 .comment       0x0000000000000000       0x12 /cygdrive/d/Users/Alex/Desktop/Toolchain/Output/bin/../lib/gcc/i386-banana/8.1.0/crtbegin.o
 .comment       0x0000000000000000       0x12 acpica/utclib.32
 .comment       0x0000000000000000       0x12 core/malloc.32
 .comment       0x0000000000000000       0x12 libk/string.32
 .comment       0x0000000000000000       0x12 fs/fat/diskio.32
 .comment       0x0000000000000000       0x12 fs/fat/ff.32
 .comment       0x0000000000000000       0x12 fs/fat/ffsystem.32
 .comment       0x0000000000000000       0x12 fs/fat/ffunicode.32
 .comment       0x0000000000000000       0x12 hal/libresample/samplerate.32
 .comment       0x0000000000000000       0x12 hal/libresample/src_linear.32
 .comment       0x0000000000000000       0x12 hal/libresample/src_sinc.32
 .comment       0x0000000000000000       0x12 hal/libresample/src_zoh.32
 .group         0x0000000000000000       0x14 core/computer.32
 .group         0x0000000000000000        0xc core/computer.32
 .comment       0x0000000000000000       0x12 core/computer.32
 .comment       0x0000000000000000       0x12 core/gdt.32
 .group         0x0000000000000000        0xc core/idle.32
 .comment       0x0000000000000000       0x12 core/idle.32
 .comment       0x0000000000000000       0x12 core/idt.32
 .group         0x0000000000000000        0x8 core/kheap.32
 .group         0x0000000000000000        0x8 core/kheap.32
 .comment       0x0000000000000000       0x12 core/kheap.32
 .comment       0x0000000000000000       0x12 core/main.32
 .comment       0x0000000000000000       0x12 core/physmgr.32
 .group         0x0000000000000000        0xc core/pipe.32
 .comment       0x0000000000000000       0x12 core/pipe.32
 .group         0x0000000000000000        0xc core/terminal.32
 .comment       0x0000000000000000       0x12 core/terminal.32
 .group         0x0000000000000000        0x8 core/tss.32
 .text._ZN3CPU7readCR3Ev
                0x0000000000000000       0x12 core/tss.32
 .comment       0x0000000000000000       0x12 core/tss.32
 .group         0x0000000000000000        0x8 core/unixfile.32
 .group         0x0000000000000000        0xc core/unixfile.32
 .group         0x0000000000000000        0xc core/unixfile.32
 .group         0x0000000000000000        0x8 core/unixfile.32
 .group         0x0000000000000000        0xc core/unixfile.32
 .group         0x0000000000000000        0x8 core/unixfile.32
 .group         0x0000000000000000        0xc core/unixfile.32
 .group         0x0000000000000000        0xc core/unixfile.32
 .comment       0x0000000000000000       0x12 core/unixfile.32
 .group         0x0000000000000000        0x8 core/virtmgr.32
 .group         0x0000000000000000        0x8 core/virtmgr.32
 .text._ZN3CPU7readCR3Ev
                0x0000000000000000       0x12 core/virtmgr.32
 .text._ZN3CPU8writeCR3Em
                0x0000000000000000        0x9 core/virtmgr.32
 .comment       0x0000000000000000       0x12 core/virtmgr.32
 .comment       0x0000000000000000       0x12 coreobjs/c++.32
 .comment       0x0000000000000000       0x12 dbg/kconsole.32
 .group         0x0000000000000000        0xc fs/vfs.32
 .group         0x0000000000000000        0xc fs/vfs.32
 .group         0x0000000000000000        0xc fs/vfs.32
 .comment       0x0000000000000000       0x12 fs/vfs.32
 .group         0x0000000000000000        0xc hal/bus.32
 .comment       0x0000000000000000       0x12 hal/bus.32
 .group         0x0000000000000000        0xc hal/buzzer.32
 .comment       0x0000000000000000       0x12 hal/buzzer.32
 .group         0x0000000000000000        0xc hal/clock.32
 .comment       0x0000000000000000       0x12 hal/clock.32
 .group         0x0000000000000000       0x14 hal/device.32
 .group         0x0000000000000000        0xc hal/device.32
 .group         0x0000000000000000        0xc hal/device.32
[...]
Memory Configuration

Name             Origin             Length             Attributes
*default*        0x0000000000000000 0xffffffffffffffff

Linker script and memory map

LOAD D:/Users/Alex/Desktop/Banana/kernel/boot.32
LOAD crti.32
LOAD /cygdrive/d/Users/Alex/Desktop/Toolchain/Output/bin/../lib/gcc/i386-banana/8.1.0/crtbegin.o
LOAD D:/Users/Alex/Desktop/Banana/kernel/morenasm.32
LOAD acpica/utclib.32
LOAD core/malloc.32
LOAD libk/string.32
LOAD fs/fat/diskio.32
LOAD fs/fat/ff.32
LOAD fs/fat/ffsystem.32
LOAD fs/fat/ffunicode.32
LOAD hal/libresample/samplerate.32
LOAD hal/libresample/src_linear.32
LOAD hal/libresample/src_sinc.32
LOAD hal/libresample/src_zoh.32
LOAD core/computer.32
LOAD core/gdt.32
LOAD core/idle.32
LOAD core/idt.32
LOAD core/kheap.32
LOAD core/main.32
LOAD core/physmgr.32
LOAD core/pipe.32
LOAD core/terminal.32
LOAD core/tss.32
LOAD core/unixfile.32
LOAD core/virtmgr.32
LOAD coreobjs/c++.32
LOAD dbg/kconsole.32
LOAD fs/vfs.32
LOAD hal/bus.32
LOAD hal/buzzer.32
LOAD hal/clock.32
LOAD hal/device.32
LOAD hal/diskctrl.32
LOAD hal/diskphys.32
LOAD hal/fpu.32
LOAD hal/intctrl.32
LOAD hal/keybrd.32
LOAD hal/logidisk.32
LOAD hal/mouse.32
LOAD hal/partition.32
LOAD hal/timer.32
LOAD hal/vcache.32
LOAD hal/video.32
LOAD hw/acpi.32
LOAD hw/cpu.32
LOAD hw/ports.32
LOAD krnl/panic.32
LOAD reg/registry.32
LOAD sys/sc_exit.32
LOAD sys/sc_loaddll.32
LOAD sys/sc_read.32
LOAD sys/sc_sbrk.32
LOAD sys/sc_write.32
LOAD sys/sc_yield.32
LOAD sys/syscalls.32
LOAD thr/elf.32
LOAD thr/prcssthr.32
LOAD vm86/vm8086.32
LOAD fs/fat/vfslink.32
LOAD fs/iso9660/vfslink.32
LOAD hal/sound/sndchannel.32
LOAD hal/sound/sndhw.32
LOAD hw/bus/isa.32
LOAD hw/bus/pci.32
LOAD hw/diskctrl/ide.32
LOAD hw/diskphys/ata.32
LOAD hw/diskphys/atapi.32
LOAD hw/fpu/avx.32
LOAD hw/fpu/mmx.32
LOAD hw/fpu/sse.32
LOAD hw/fpu/x87.32
LOAD hw/intctrl/apic.32
LOAD hw/intctrl/pic.32
LOAD hw/timer/apictimer.32
LOAD hw/timer/pit.32
LOAD hw/fpu/x86/avx.32
LOAD hw/fpu/x86/sse.32
LOAD hw/fpu/x86/x87.32
LOAD /cygdrive/d/Users/Alex/Desktop/Toolchain/Output/bin/../lib/gcc/i386-banana/8.1.0/crtend.o
LOAD crtn.32
LOAD /cygdrive/d/Users/Alex/Desktop/Toolchain/Output/bin/../lib/gcc/i386-banana/8.1.0/libgcc.a
LOAD D:/Users/Alex/Desktop/Banana/kernel/libk/libm32.a
                0x00000000c0000000                . = 0xc0000000

.text           0x00000000c0000000    0x1f768
 *(.text)
 .text          0x00000000c0000000       0x41 D:/Users/Alex/Desktop/Banana/kernel/boot.32
                0x00000000c0000020                callGlobalConstructors
 .text          0x00000000c0000041        0x0 crti.32
 *fill*         0x00000000c0000041        0x3 
 .text          0x00000000c0000044      0x101 /cygdrive/d/Users/Alex/Desktop/Toolchain/Output/bin/../lib/gcc/i386-banana/8.1.0/crtbegin.o
 *fill*         0x00000000c0000145        0xb 
 .text          0x00000000c0000150      0x4d8 D:/Users/Alex/Desktop/Banana/kernel/morenasm.32
                0x00000000c0000150                voodooXADD
                0x00000000c0000202                doTPAUSE
                0x00000000c000020c                hasLegacyFPU
                0x00000000c0000231                is486
                0x00000000c0000267                goToVM86
                0x00000000c0000298                goToUsermode
                0x00000000c00002ca                switchToThreadASMFirstTime
                0x00000000c00002d8                switchToThreadASM
                0x00000000c0000378                detectCPUID
                0x00000000c000038e                asmQuickAcquireLock
                0x00000000c00003ac                asmQuickReleaseLock
                0x00000000c00003b8                asmAcquireLock
                0x00000000c00003d9                asmReleaseLock
                0x00000000c00003ec                loadGDT
                0x00000000c000040c                isr0
                0x00000000c000041c                isr1
                0x00000000c0000426                isr2
                0x00000000c0000430                isr3
                0x00000000c000043a                isr4
                0x00000000c0000444                isr5
                0x00000000c000044e                isr6
                0x00000000c0000458                isr7
                0x00000000c0000462                isr8
                0x00000000c000046a                isr9
                0x00000000c0000474                isr10
                0x00000000c000047c                isr11
                0x00000000c0000484                isr12
                0x00000000c000048c                isr13
                0x00000000c0000494                isr14
                0x00000000c000049c                isr15
                0x00000000c00004a6                isr16
                0x00000000c00004b0                isr17
                0x00000000c00004ba                isr18
                0x00000000c00004c4                isr96
                0x00000000c00004ce                irq0
                0x00000000c00004d8                irq1
                0x00000000c00004e2                irq2
                0x00000000c00004ec                irq3
                0x00000000c00004f6                irq4
                0x00000000c0000500                irq5
                0x00000000c000050a                irq6
                0x00000000c0000514                irq7
                0x00000000c000051e                irq8
                0x00000000c0000528                irq9
                0x00000000c0000532                irq10
                0x00000000c000053c                irq11
                0x00000000c0000546                irq12
                0x00000000c0000550                irq13
                0x00000000c000055a                irq14
                0x00000000c0000564                irq15
                0x00000000c000056e                irq16
                0x00000000c0000578                irq17
                0x00000000c0000582                irq18
                0x00000000c000058c                irq19
                0x00000000c0000596                irq20
                0x00000000c00005a0                irq21
                0x00000000c00005aa                irq22
                0x00000000c00005b4                irq23
                0x00000000c00005be                int_common_stub
                0x00000000c00005ee                syscall_common_stub
 .text          0x00000000c0000628      0x411 acpica/utclib.32
                0x00000000c0000628                memcmp
                0x00000000c0000653                memmove
                0x00000000c000068b                memcpy
                0x00000000c00006c1                memset
                0x00000000c00006de                strlen
                0x00000000c00006ee                strpbrk
                0x00000000c0000711                strtok
                0x00000000c0000760                strcpy
                0x00000000c0000780                strncpy
                0x00000000c00007b1                strcmp
                0x00000000c00007d2                strchr
                0x00000000c00007e8                strncmp
                0x00000000c0000817                strcat
                0x00000000c000083e                strncat
                0x00000000c0000878                strstr
                0x00000000c00008b5                toupper
                0x00000000c00008c9                tolower
                0x00000000c00008dd                simple_strtoul
 .text          0x00000000c0000a39      0xfc2 core/malloc.32
                0x00000000c0000ba4                dlfree
                0x00000000c0000f02                dlmalloc
                0x00000000c000143f                dlrealloc
                0x00000000c00015f4                dlmemalign
                0x00000000c0001717                dlcalloc
                0x00000000c00017b1                dlcfree
                0x00000000c00017b6                dlindependent_calloc
                0x00000000c00017db                dlindependent_comalloc
                0x00000000c00017f2                dlvalloc
                0x00000000c000181d                dlpvalloc
                0x00000000c0001853                dlmalloc_trim
                0x00000000c0001860                dlmalloc_usable_size
                0x00000000c0001891                dlmallinfo
                0x00000000c0001960                dlmalloc_stats
                0x00000000c0001971                dlmallopt
 .text          0x00000000c00019fb        0x0 libk/string.32
 .text          0x00000000c00019fb       0x51 fs/fat/diskio.32
                0x00000000c00019fb                disk_status
                0x00000000c00019fe                disk_initialize
                0x00000000c0001a01                disk_read
                0x00000000c0001a17                disk_write
                0x00000000c0001a2d                disk_ioctl
 .text          0x00000000c0001a4c     0x67e6 fs/fat/ff.32
                0x00000000c0004d02                f_mount
                0x00000000c0004d64                f_open
                0x00000000c00051a0                f_read
                0x00000000c0005420                f_write
                0x00000000c00056da                f_sync
                0x00000000c00058b6                f_close
                0x00000000c00058e5                f_lseek
                0x00000000c0005d4a                f_opendir
                0x00000000c0005e4c                f_closedir
                0x00000000c0005e6e                f_readdir
                0x00000000c0005f09                f_stat
                0x00000000c0005f98                f_getfree
                0x00000000c0006180                f_truncate
                0x00000000c0006278                f_unlink
                0x00000000c00063f9                f_mkdir
                0x00000000c0006625                f_rename
                0x00000000c0006918                f_chmod
                0x00000000c00069f6                f_utime
                0x00000000c0006ad4                f_getlabel
                0x00000000c0006cc8                f_setlabel
                0x00000000c0006f35                f_forward
                0x00000000c0007113                f_mkfs
 .text          0x00000000c0008232       0x2d fs/fat/ffsystem.32
                0x00000000c0008232                ff_memalloc
                0x00000000c0008248                ff_memfree
 .text          0x00000000c000825f      0x280 fs/fat/ffunicode.32
                0x00000000c000825f                ff_uni2oem
                0x00000000c00082f5                ff_oem2uni
                0x00000000c0008364                ff_wtoupper
 .text          0x00000000c00084df      0x70e hal/libresample/samplerate.32
                0x00000000c0008567                src_delete
                0x00000000c00085a3                src_process
                0x00000000c00086cb                src_callback_read
                0x00000000c000882c                src_set_ratio
                0x00000000c0008883                src_get_channels
                0x00000000c00088a5                src_reset
                0x00000000c00088e9                src_new
                0x00000000c0008977                src_callback_new
                0x00000000c00089d9                src_get_name
                0x00000000c0008a10                src_get_description
                0x00000000c0008a47                src_get_version
                0x00000000c0008a4d                src_is_valid_ratio
                0x00000000c0008a67                src_error
                0x00000000c0008a75                src_strerror
                0x00000000c0008a88                src_simple
                0x00000000c0008adb                src_short_to_float_array
                0x00000000c0008b01                src_float_to_short_array
                0x00000000c0008b65                src_int_to_float_array
                0x00000000c0008b8b                src_float_to_int_array
 .text          0x00000000c0008bed      0x3f9 hal/libresample/src_linear.32
                0x00000000c0008f41                linear_get_name
                0x00000000c0008f50                linear_get_description
                0x00000000c0008f5f                linear_set_converter
 .text          0x00000000c0008fe6     0x1a31 hal/libresample/src_sinc.32
                0x00000000c000a92e                sinc_get_name
                0x00000000c000a941                sinc_get_description
                0x00000000c000a954                sinc_set_converter
 .text          0x00000000c000aa17      0x3cf hal/libresample/src_zoh.32
                0x00000000c000ad41                zoh_get_name
                0x00000000c000ad50                zoh_get_description
                0x00000000c000ad5f                zoh_set_converter
 .text          0x00000000c000ade6      0x9d0 core/computer.32
                0x00000000c000ade6                Computer::close(int, int, void*)
                0x00000000c000ae2c                Computer::Computer()
                0x00000000c000ae2c                Computer::Computer()
                0x00000000c000af92                Computer::setBootMessage(char const*)
                0x00000000c000af94                Computer::start()
                0x00000000c000b097                firstTask()
                0x00000000c000b0a6                Computer::detectFeatures()
                0x00000000c000b2a0                Computer::displayFeatures()
                0x00000000c000b57c                Computer::rdmsr(unsigned int)
                0x00000000c000b5a8                Computer::wrmsr(unsigned int, unsigned long long)
                0x00000000c000b5e0                Computer::nmiEnabled()
                0x00000000c000b5ec                Computer::readCMOS(unsigned char)
                0x00000000c000b608                Computer::enableNMI(bool)
                0x00000000c000b620                Computer::open(int, int, void*)
                0x00000000c000b6f4                Computer::disableNMI()
                0x00000000c000b704                Computer::writeCMOS(unsigned char, unsigned char)
                0x00000000c000b724                Computer::handleNMI()
                0x00000000c000b78a                Computer::setDiskActivityLight(int, bool)
 .text          0x00000000c000b7b6      0x1b7 core/gdt.32
                0x00000000c000b7b6                GDTEntry::setBase(unsigned int)
                0x00000000c000b7d2                GDTEntry::setLimit(unsigned int)
                0x00000000c000b7f0                GDT::GDT()
                0x00000000c000b7f0                GDT::GDT()
                0x00000000c000b806                GDT::addEntry(GDTEntry)
                0x00000000c000b842                GDT::getNumberOfEntries()
                0x00000000c000b84a                GDT::flush()
                0x00000000c000b86c                GDT::setup()
 .text          0x00000000c000b96d       0x61 core/idle.32
                0x00000000c000b96d                idleFunction(void*)
 .text          0x00000000c000b9ce      0x45f core/idt.32
                0x00000000c000b9ce                IDTEntry::IDTEntry(bool)
                0x00000000c000b9ce                IDTEntry::IDTEntry(bool)
                0x00000000c000ba3c                IDTEntry::setOffset(unsigned int)
                0x00000000c000ba50                IDT::IDT()
                0x00000000c000ba50                IDT::IDT()
                0x00000000c000ba52                IDT::getPointerToInvalidOpcodeEntryForF00F()
                0x00000000c000ba5a                IDT::addEntry(IDTEntry, int)
                0x00000000c000ba74                IDT::addEntry(int, void (*)(), bool)
                0x00000000c000baac                IDT::flush()
                0x00000000c000bac6                IDT::setup()
 .text          0x00000000c000be2d      0x20c core/kheap.32
                0x00000000c000be2d                sbrk
                0x00000000c000bf44                mmap
                0x00000000c000bf5a                munmap
                0x00000000c000bf70                liballoc_lock()
                0x00000000c000bf81                liballoc_unlock()
                0x00000000c000bf92                liballoc_alloc(int)
                0x00000000c000bfad                liballoc_free(void*, int)
                0x00000000c000bfcb                realloc
                0x00000000c000bfdf                malloc
                0x00000000c000bfef                free
                0x00000000c000bfff                rfree
                0x00000000c000c00f                calloc
 .text          0x00000000c000c039      0x3a9 core/main.32
                0x00000000c000c039                hwTextMode_loadInData(VgaText*)
                0x00000000c000c07e                hwTextMode_loadInTitle(VgaText*, char*)
                0x00000000c000c0c8                hwTextMode_showCursor(VgaText*, bool)
                0x00000000c000c11c                hwTextMode_update(VgaText*)
                0x00000000c000c11d                hwTextMode_updateCursor(VgaText*)
                0x00000000c000c16b                hwTextMode_disableBlink(VgaText*, bool)
                0x00000000c000c1a7                hwTextMode_scrollScreen(VgaText*)
                0x00000000c000c233                hwTextMode_writeCharacter(VgaText*, char, VgaColour, VgaColour, int, int)
                0x00000000c000c299                setupTextMode()
                0x00000000c000c2ea                kernel_main
 .text          0x00000000c000c3e2      0x504 core/physmgr.32
                0x00000000c000c3e2                Phys::allocateDMA(unsigned long)
                0x00000000c000c486                Phys::freeDMA(unsigned long, unsigned long)
                0x00000000c000c4ce                Phys::setPageState(unsigned long, bool)
                0x00000000c000c507                Phys::getPageState(unsigned long)
                0x00000000c000c528                Phys::freePage(unsigned long)
                0x00000000c000c5b5                Phys::allocatePage()
                0x00000000c000c681                Phys::allowSegmentToBeUsed(unsigned long, unsigned long)
                0x00000000c000c6b9                Phys::physicalMemorySetup(unsigned int)
 .text          0x00000000c000c8e6      0x273 core/pipe.32
                0x00000000c000c8e6                Pipe::isAtty()
                0x00000000c000c8ea                Pipe::~Pipe()
                0x00000000c000c8ea                Pipe::~Pipe()
                0x00000000c000c90e                Pipe::~Pipe()
                0x00000000c000c936                Pipe::read(unsigned long long, void*, int*)
                0x00000000c000ca2a                Pipe::write(unsigned long long, void*, int*)
                0x00000000c000caf2                Pipe::Pipe(int)
                0x00000000c000caf2                Pipe::Pipe(int)
 *fill*         0x00000000c000cb59        0x1 
 .text          0x00000000c000cb5a      0xf67 core/terminal.32
                0x00000000c000cb5a                VgaText::isAtty()
                0x00000000c000cb5e                VgaText::~VgaText()
                0x00000000c000cb5e                VgaText::~VgaText()
                0x00000000c000cb82                VgaText::~VgaText()
                0x00000000c000cbac                VgaText::read(unsigned long long, void*, int*)
                0x00000000c000cbcc                setTerminalScrollLock(bool)
                0x00000000c000cbcd                addToTerminalCycle(VgaText*)
                0x00000000c000cbfa                installVgaTextImplementation()
                0x00000000c000cc0f                scrollTerminalScrollLock(int)
                0x00000000c000cc10                VgaText::load()
                0x00000000c000cc64                VgaText::updateCursor()
                0x00000000c000cc7e                VgaText::showCursor(bool)
                0x00000000c000cc8e                VgaText::disableBlink(bool)
                0x00000000c000ccc8                VgaText::doANSI_SGR(int)
                0x00000000c000cd54                VgaText::setDefaultBgColour(VgaColour)
                0x00000000c000cd6a                VgaText::setDefaultFgColour(VgaColour)
                0x00000000c000cd80                VgaText::setDefaultColours(VgaColour, VgaColour)
                0x00000000c000cda0                VgaText::combineColours(unsigned char, unsigned char)
                0x00000000c000cdb2                VgaText::scrollScreen()
                0x00000000c000ce46                VgaText::combineCharAndColour(char, unsigned char)
                0x00000000c000ce58                VgaText::writeCharacter(char, VgaColour, VgaColour, int, int)
                0x00000000c000ceb8                VgaText::getCursorX()
                0x00000000c000cec4                VgaText::getCursorY()
                0x00000000c000ced0                VgaText::setCursor(int, int)
                0x00000000c000ceee                VgaText::setCursorX(int)
                0x00000000c000cf0a                VgaText::setCursorY(int)
                0x00000000c000cf26                VgaText::incrementCursor(bool)
                0x00000000c000cf8e                VgaText::updateRAMUsageDisplay(int)
                0x00000000c000cfe8                VgaText::updateDiskUsage()
                0x00000000c000d14e                VgaText::updateTitle()
                0x00000000c000d194                VgaText::setTitleTextColour(VgaColour)
                0x00000000c000d1a4                VgaText::setTitleColour(VgaColour)
                0x00000000c000d1b4                VgaText::setTitle(char*)
                0x00000000c000d1da                VgaText::decrementCursor(bool)
                0x00000000c000d202                VgaText::putchar(char, VgaColour, VgaColour)
                0x00000000c000d2fe                VgaText::isShowingCursor()
                0x00000000c000d30a                VgaText::isBlinkDisabled()
                0x00000000c000d318                VgaText::setCursorHeight(int)
                0x00000000c000d336                VgaText::getCursorHeight()
                0x00000000c000d341                setActiveTerminal(VgaText*)
                0x00000000c000d3f3                doTerminalCycle()
                0x00000000c000d410                VgaText::doUpdate()
                0x00000000c000d422                VgaText::puts(char const*, VgaColour, VgaColour)
                0x00000000c000d5e4                VgaText::clearScreen()
                0x00000000c000d648                VgaText::putchar(char)
                0x00000000c000d762                VgaText::puts(char const*)
                0x00000000c000d788                VgaText::putx(unsigned int)
                0x00000000c000d7ce                VgaText::VgaText(char const*)
                0x00000000c000d7ce                VgaText::VgaText(char const*)
                0x00000000c000d960                VgaText::receiveKey(unsigned char)
                0x00000000c000da48                VgaText::write(unsigned long long, void*, int*)
                0x00000000c000da9c                newTerminal(char*)
 *fill*         0x00000000c000dac1        0x1 
 .text          0x00000000c000dac2      0x18f core/tss.32
                0x00000000c000dac2                TSS::TSS()
                0x00000000c000dac2                TSS::TSS()
                0x00000000c000dad0                TSS::setESP(unsigned long)
                0x00000000c000dae2                TSS::flush()
                0x00000000c000db02                TSS::setup(unsigned long, unsigned long)
 *fill*         0x00000000c000dc51        0x1 
 .text          0x00000000c000dc52      0x545 core/unixfile.32
                0x00000000c000dc52                ReservedFilename::read(unsigned long long, void*, int*)
                0x00000000c000dce8                ReservedFilename::isAtty()
                0x00000000c000dd1e                ReservedFilename::write(unsigned long long, void*, int*)
                0x00000000c000ddb8                UnixFile::getFileDescriptor()
                0x00000000c000ddc0                UnixFile::UnixFile(int)
                0x00000000c000ddc0                UnixFile::UnixFile(int)
                0x00000000c000df30                ReservedFilename::ReservedFilename(int)
                0x00000000c000df30                ReservedFilename::ReservedFilename(int)
                0x00000000c000df62                UnixFile::~UnixFile()
                0x00000000c000df62                UnixFile::~UnixFile()
                0x00000000c000dffa                UnixFile::~UnixFile()
                0x00000000c000e022                ReservedFilename::~ReservedFilename()
                0x00000000c000e022                ReservedFilename::~ReservedFilename()
                0x00000000c000e046                ReservedFilename::~ReservedFilename()
                0x00000000c000e06d                getFromFileDescriptor(int)
 *fill*         0x00000000c000e197        0x1 
 .text          0x00000000c000e198      0xecf core/virtmgr.32
                0x00000000c000e198                Virt::setPageState(unsigned long, Virt::VirtPageState)
                0x00000000c000e1cf                Virt::getPageState(unsigned long)
                0x00000000c000e1f6                Virt::allocateKernelVirtualPages(int)
                0x00000000c000e307                Virt::virtualMemorySetup()
                0x00000000c000e383                Virt::getAKernelVAS()
                0x00000000c000e389                Virt::setupPageSwapping(int)
                0x00000000c000e4a4                VAS::VAS()
                0x00000000c000e4a4                VAS::VAS()
                0x00000000c000e4d4                VAS::VAS(VAS*)
                0x00000000c000e4d4                VAS::VAS(VAS*)
                0x00000000c000e4f8                VAS::getForeignPageTableEntry(bool, unsigned long)
                0x00000000c000e524                VAS::getPageTableEntry(unsigned long)
                0x00000000c000e543                Virt::freeKernelVirtualPages(unsigned long)
                0x00000000c000e664                VAS::freeAllocatedPages(unsigned long)
                0x00000000c000e688                VAS::virtualToPhysical(unsigned long)
                0x00000000c000e6a2                VAS::reflagRange(unsigned long, int, int, int)
                0x00000000c000e6e6                VAS::setToWriteCombining(unsigned long, int)
                0x00000000c000e720                VAS::mapOtherVASIn(bool, VAS*)
                0x00000000c000e756                VAS::~VAS()
                0x00000000c000e756                VAS::~VAS()
                0x00000000c000e8c2                VAS::mapPage(unsigned long, unsigned long, int)
                0x00000000c000e9c4                VAS::allocatePages(int, int)
                0x00000000c000eb96                VAS::setCPUSpecific(unsigned long)
                0x00000000c000ebb4                VAS::mapRange(unsigned long, unsigned long, int, int)
                0x00000000c000ec7e                VAS::mapForeignPage(bool, VAS*, unsigned long, unsigned long, int)
                0x00000000c000ed70                VAS::VAS(bool)
                0x00000000c000ed70                VAS::VAS(bool)
                0x00000000c000efa0                mapVASFirstTime
 .text          0x00000000c000f067       0x93 coreobjs/c++.32
                0x00000000c000f067                __cxa_atexit
                0x00000000c000f06a                __cxa_finalize
                0x00000000c000f06b                __stack_chk_fail
                0x00000000c000f0cb                __cxa_pure_virtual
                0x00000000c000f0dc                operator new(unsigned long)
                0x00000000c000f0e1                operator new[](unsigned long)
                0x00000000c000f0e6                operator delete(void*)
                0x00000000c000f0eb                operator delete(void*, unsigned long)
                0x00000000c000f0f0                operator delete[](void*)
                0x00000000c000f0f5                operator delete[](void*, unsigned long)
 .text          0x00000000c000f0fa      0x23d dbg/kconsole.32
                0x00000000c000f0fa                Dbg::stringifyxWithBase(unsigned int, char*, int)
                0x00000000c000f19e                Dbg::logc(char)
                0x00000000c000f1b5                Dbg::logs(char*)
                0x00000000c000f1d2                Dbg::logWriteInt(unsigned int)
                0x00000000c000f1f0                Dbg::logWriteIntBase(unsigned int, int)
                0x00000000c000f211                Dbg::kprintf(char const*, ...)
 *fill*         0x00000000c000f337        0x1 
 .text          0x00000000c000f338      0xb68 fs/vfs.32
                0x00000000c000f338                File::read(unsigned long long, void*, int*)
                0x00000000c000f390                File::write(unsigned long long, void*, int*)
                0x00000000c000f3e8                Directory::read(unsigned long long, void*, int*)
                0x00000000c000f440                Directory::write(unsigned long long, void*, int*)
                0x00000000c000f46e                File::isAtty()
                0x00000000c000f472                Directory::isAtty()
                0x00000000c000f476                Filesystem::getlabel(LogicalDisk*, int, char*, unsigned int*)
                0x00000000c000f47c                Filesystem::setlabel(LogicalDisk*, int, char*)
                0x00000000c000f482                File::~File()
                0x00000000c000f482                File::~File()
                0x00000000c000f4a6                File::~File()
                0x00000000c000f4d0                Directory::~Directory()
                0x00000000c000f4d0                Directory::~Directory()
                0x00000000c000f4f4                Directory::~Directory()
                0x00000000c000f51e                Filesystem::Filesystem()
                0x00000000c000f51e                Filesystem::Filesystem()
                0x00000000c000f542                Filesystem::~Filesystem()
                0x00000000c000f542                Filesystem::~Filesystem()
                0x00000000c000f550                Filesystem::~Filesystem()
                0x00000000c000f574                initVFS()
                0x00000000c000f59e                standardiseFiles(char*, char const*, char const*)
                0x00000000c000f748                File::File(char const*, Process*)
                0x00000000c000f748                File::File(char const*, Process*)
                0x00000000c000f7ac                File::open(FileOpenMode)
                0x00000000c000f80a                File::close()
                0x00000000c000f86a                File::seek(unsigned long long)
                0x00000000c000f8c0                File::tell(unsigned long long*)
                0x00000000c000f910                File::rewind()
                0x00000000c000f924                File::unlink()
                0x00000000c000f970                File::rename(char const*)
                0x00000000c000f9be                File::chfatattr(unsigned char, unsigned char)
                0x00000000c000fa1a                File::exists()
                0x00000000c000fa58                File::stat(unsigned long long*, bool*)
                0x00000000c000fab9                getcwd(Process*, char*, int)
                0x00000000c000fae3                setcwd(Process*, char*)
                0x00000000c000fc0a                Directory::Directory(char const*, Process*)
                0x00000000c000fc0a                Directory::Directory(char const*, Process*)
                0x00000000c000fc6e                Directory::open()
                0x00000000c000fcca                Directory::close()
                0x00000000c000fd2a                Directory::unlink()
                0x00000000c000fd76                Directory::rename(char const*)
                0x00000000c000fdc4                Directory::exists()
                0x00000000c000fe02                Directory::read(dirent*)
                0x00000000c000fe4e                Directory::create()
                0x00000000c000fe9a                Filesystem::chfatattr(char const*, unsigned char, unsigned char)
 .text          0x00000000c000fea0       0x84 hal/bus.32
                0x00000000c000fea0                Bus::Bus(char const*)
                0x00000000c000fea0                Bus::Bus(char const*)
                0x00000000c000fed6                Bus::~Bus()
                0x00000000c000fed6                Bus::~Bus()
                0x00000000c000fefa                Bus::~Bus()
 .text          0x00000000c000ff24      0x14e hal/buzzer.32
                0x00000000c000ff24                Buzzer::Buzzer(char const*)
                0x00000000c000ff24                Buzzer::Buzzer(char const*)
                0x00000000c000ff68                Buzzer::~Buzzer()
                0x00000000c000ff68                Buzzer::~Buzzer()
                0x00000000c000ff8c                Buzzer::~Buzzer()
                0x00000000c000ffb6                Buzzer::stop()
                0x00000000c000ffc9                beepThread(void*)
                0x00000000c0010004                Buzzer::beep(int, int, bool)
 .text          0x00000000c0010072      0x435 hal/clock.32
                0x00000000c0010072                loadClockSettings()
                0x00000000c001008c                Clock::Clock(char const*)
                0x00000000c001008c                Clock::Clock(char const*)
                0x00000000c00100c2                Clock::~Clock()
                0x00000000c00100c2                Clock::~Clock()
                0x00000000c00100e6                Clock::~Clock()
                0x00000000c0010110                Clock::timeInSecondsLocal()
                0x00000000c0010158                Clock::setTimeInSecondsLocal(unsigned long long)
                0x00000000c00101b1                datetimeToSeconds(datetime_t)
                0x00000000c00102de                Clock::setTimeInDatetimeLocal(datetime_t)
                0x00000000c001033e                secondsToDatetime(unsigned long long)
                0x00000000c0010482                Clock::timeInDatetimeLocal()
 *fill*         0x00000000c00104a7        0x1 
 .text          0x00000000c00104a8      0x500 hal/device.32
                0x00000000c00104a8                Device::hibernate()
                0x00000000c00104aa                Device::wake()
                0x00000000c00104ac                Device::detect()
                0x00000000c00104ae                Device::disableLegacy()
                0x00000000c00104b0                Device::powerSaving(PowerSavingLevel)
                0x00000000c00104b2                DriverlessDevice::close(int, int, void*)
                0x00000000c00104b6                DriverlessDevice::detect()
                0x00000000c00104b8                DriverlessDevice::open(int, int, void*)
                0x00000000c00104cc                Device::~Device()
                0x00000000c00104cc                Device::~Device()
                0x00000000c00104da                Device::~Device()
                0x00000000c0010502                Device::findAndLoadDriver()
                0x00000000c0010504                Device::preOpenPCI(PCIDeviceInfo)
                0x00000000c0010526                Device::preOpenACPI(void*, char*, char*)
                0x00000000c001057a                Device::addIRQHandler(int, void (*)(regs*, void*), bool, void*)
                0x00000000c00105d8                Device::removeIRQHandler(int, void (*)(regs*, void*), bool)
                0x00000000c0010626                Device::addChild(Device*)
                0x00000000c001066a                Device::removeAllChildren()
                0x00000000c00106b0                Device::hibernateAll()
                0x00000000c00106e0                Device::wakeAll()
                0x00000000c0010710                Device::detectAll()
                0x00000000c0010740                Device::disableLegacyAll()
                0x00000000c0010770                Device::loadDriversForAll()
                0x00000000c001079c                Device::closeAll()
                0x00000000c00107d2                Device::powerSavingAll(PowerSavingLevel)
                0x00000000c0010808                Device::setName(char const*)
                0x00000000c0010816                Device::Device(char const*)
                0x00000000c0010816                Device::Device(char const*)
                0x00000000c0010908                Device::getName()
                0x00000000c0010912                DriverlessDevice::DriverlessDevice(char const*)
                0x00000000c0010912                DriverlessDevice::DriverlessDevice(char const*)
                0x00000000c001093a                Device::addToLinkedList(LinkedList<Device>&, DeviceType)
                0x00000000c001097e                getDevicesOfType(DeviceType)
 .text          0x00000000c00109a8       0x84 hal/diskctrl.32
                0x00000000c00109a8                HardDiskController::HardDiskController(char const*)
                0x00000000c00109a8                HardDiskController::HardDiskController(char const*)
                0x00000000c00109de                HardDiskController::~HardDiskController()
                0x00000000c00109de                HardDiskController::~HardDiskController()
                0x00000000c0010a02                HardDiskController::~HardDiskController()
 .text          0x00000000c0010a2c       0xde hal/diskphys.32
                0x00000000c0010a2c                PhysicalDisk::PhysicalDisk(char const*, int)
                0x00000000c0010a2c                PhysicalDisk::PhysicalDisk(char const*, int)
                0x00000000c0010a94                PhysicalDisk::startCache()
                0x00000000c0010abc                PhysicalDisk::~PhysicalDisk()
                0x00000000c0010abc                PhysicalDisk::~PhysicalDisk()
                0x00000000c0010ae0                PhysicalDisk::~PhysicalDisk()
 .text          0x00000000c0010b0a      0x142 hal/fpu.32
                0x00000000c0010b0a                FPU::FPU(char const*)
                0x00000000c0010b0a                FPU::FPU(char const*)
                0x00000000c0010b40                FPU::~FPU()
                0x00000000c0010b40                FPU::~FPU()
                0x00000000c0010b64                FPU::~FPU()
                0x00000000c0010b8e                setupFPU()
 .text          0x00000000c0010c4c     0x12db hal/intctrl.32
                0x00000000c0010c4c                InterruptController::uninstallISRHandler(int, void (*)(regs*, void*))
                0x00000000c0010c84                InterruptController::installISRHandler(int, void (*)(regs*, void*), void*)
                0x00000000c0010cd6                doubleFault(regs*, void*)
                0x00000000c0010cf0                InterruptController::installIRQHandler(int, void (*)(regs*, void*), bool, void*)
                0x00000000c0010d8c                InterruptController::clearAllHandlers(int, bool)
                0x00000000c0010e34                InterruptController::uninstallIRQHandler(int, void (*)(regs*, void*), bool)
                0x00000000c0010ebb                nmiHandler(regs*, void*)
                0x00000000c0010ec9                int_handler
                0x00000000c0010f64                InterruptController::InterruptController(char const*)
                0x00000000c0010f64                InterruptController::InterruptController(char const*)
                0x00000000c001100a                InterruptController::~InterruptController()
                0x00000000c001100a                InterruptController::~InterruptController()
                0x00000000c001102e                InterruptController::~InterruptController()
                0x00000000c0011058                displayDebugInfo(regs*)
                0x00000000c001146f                x87EmulHandler(regs*, void*)
                0x00000000c00114d2                gpFault(regs*, void*)
                0x00000000c001150b                pgFault(regs*, void*)
                0x00000000c0011522                otherISRHandler(regs*, void*)
                0x00000000c0011541                opcodeFault(regs*, void*)
                0x00000000c0011afa                displayProgramFault(char const*)
                0x00000000c0011b22                setupInterruptController()
                0x00000000c0011eda                InterruptController::convertLegacyIRQNumber(int)
 *fill*         0x00000000c0011f27        0x1 
 .text          0x00000000c0011f28      0x61c hal/keybrd.32
                0x00000000c0011f28                startGUI(void*)
                0x00000000c0011f9a                sendKeyToTerminal(unsigned char)
                0x00000000c001200b                sendKeyboardToken(KeyboardToken)
                0x00000000c00123f4                clearInternalKeybuffer(VgaText*)
                0x00000000c0012429                readKeyboard(VgaText*, char*, unsigned long)
                0x00000000c00124ba                Keyboard::Keyboard(char const*)
                0x00000000c00124ba                Keyboard::Keyboard(char const*)
                0x00000000c00124f6                Keyboard::~Keyboard()
                0x00000000c00124f6                Keyboard::~Keyboard()
                0x00000000c001251a                Keyboard::~Keyboard()
 .text          0x00000000c0012544      0x400 hal/logidisk.32
                0x00000000c0012544                LogicalDisk::close(int, int, void*)
                0x00000000c0012548                LogicalDisk::~LogicalDisk()
                0x00000000c0012548                LogicalDisk::~LogicalDisk()
                0x00000000c001256c                LogicalDisk::~LogicalDisk()
                0x00000000c0012596                LogicalDisk::open(int, int, void*)
                0x00000000c00125aa                LogicalDisk::absoluteToRelative(unsigned long long)
                0x00000000c00125e2                LogicalDisk::relativeToAbsolute(unsigned long long)
                0x00000000c0012628                LogicalDisk::LogicalDisk(char const*, PhysicalDisk*, unsigned long long, unsigned long long)
                0x00000000c0012628                LogicalDisk::LogicalDisk(char const*, PhysicalDisk*, unsigned long long, unsigned long long)
                0x00000000c00126de                LogicalDisk::assignDriveLetter()
                0x00000000c0012794                LogicalDisk::mount()
                0x00000000c0012806                LogicalDisk::unmount()
                0x00000000c0012816                LogicalDisk::unassignDriveLetter()
                0x00000000c001286c                LogicalDisk::read(unsigned long long, int, void*)
                0x00000000c00128d8                LogicalDisk::write(unsigned long long, int, void*)
 .text          0x00000000c0012944       0x84 hal/mouse.32
                0x00000000c0012944                Mouse::Mouse(char const*)
                0x00000000c0012944                Mouse::Mouse(char const*)
                0x00000000c001297a                Mouse::~Mouse()
                0x00000000c001297a                Mouse::~Mouse()
                0x00000000c001299e                Mouse::~Mouse()
 .text          0x00000000c00129c8      0x339 hal/partition.32
                0x00000000c00129c8                makePartition(PhysicalDisk*, unsigned long long, unsigned long long)
                0x00000000c0012a70                createPartitionsForDisk(PhysicalDisk*)
 *fill*         0x00000000c0012d01        0x1 
 .text          0x00000000c0012d02      0x2e7 hal/timer.32
                0x00000000c0012d02                Timer::Timer(char const*)
                0x00000000c0012d02                Timer::Timer(char const*)
                0x00000000c0012d38                Timer::~Timer()
                0x00000000c0012d38                Timer::~Timer()
                0x00000000c0012d5c                Timer::~Timer()
                0x00000000c0012d86                Timer::read()
                0x00000000c0012d91                timerHandler(unsigned long long)
                0x00000000c0012ec8                setupTimer(int)
 *fill*         0x00000000c0012fe9        0x1 
 .text          0x00000000c0012fea      0x2d1 hal/vcache.32
                0x00000000c0012fea                VCache::VCache(PhysicalDisk*)
                0x00000000c0012fea                VCache::VCache(PhysicalDisk*)
                0x00000000c00130da                VCache::writeWriteBuffer()
                0x00000000c0013116                VCache::~VCache()
                0x00000000c0013116                VCache::~VCache()
                0x00000000c0013156                VCache::~VCache()
                0x00000000c001317e                VCache::write(unsigned long long, int, void*)
                0x00000000c0013262                VCache::read(unsigned long long, int, void*)
 *fill*         0x00000000c00132bb        0x1 
 .text          0x00000000c00132bc      0x26d hal/video.32
                0x00000000c00132bc                Video::putrect(int, int, int, int, unsigned int)
                0x00000000c0013306                Video::blit(unsigned int*, int, int, int, int)
                0x00000000c0013384                Video::clearScreen(unsigned int)
                0x00000000c00133b8                Video::putpixel(int, int, unsigned int)
                0x00000000c00133c6                Video::Video(char const*)
                0x00000000c00133c6                Video::Video(char const*)
                0x00000000c00133fc                Video::~Video()
                0x00000000c00133fc                Video::~Video()
                0x00000000c0013420                Video::~Video()
                0x00000000c001344a                Video::isMonochrome()
                0x00000000c0013456                Video::getWidth()
                0x00000000c0013462                Video::getHeight()
                0x00000000c001346e                Video::drawCursor(int, int, unsigned char*, int)
 *fill*         0x00000000c0013529        0x1 
 .text          0x00000000c001352a      0xd68 hw/acpi.32
                0x00000000c001352a                ACPI::close(int, int, void*)
                0x00000000c00135e3                findRSDP()
                0x00000000c001366d                loadACPITables(unsigned char*)
                0x00000000c0013894                findRSDT(unsigned char*)
                0x00000000c00139b2                findDataTable(unsigned char*, char*)
                0x00000000c0013a4e                scanMADT()
                0x00000000c0013e0a                ACPI::ACPI()
                0x00000000c0013e0a                ACPI::ACPI()
                0x00000000c0013e6a                ACPI::getPCIIRQAssignment(unsigned char, unsigned short, unsigned char)
                0x00000000c0013f4c                ACPI::registerPCIIRQAssignment(void*, unsigned short, unsigned char, unsigned char)
                0x00000000c001405c                ACPI::setScreenBrightnessLevel(void*, int)
                0x00000000c0014062                ACPI::writeSimpleBootFlag(SimpleBootFlagTable*)
                0x00000000c00140b4                ACPI::open(int, int, void*)
                0x00000000c001427a                ACPI::sleep()
 .text          0x00000000c0014292     0x17ae hw/cpu.32
                0x00000000c0014292                CPU::close(int, int, void*)
                0x00000000c0014295                lookupAMDCPUName(unsigned char, unsigned char)
                0x00000000c001443a                lookupIntelCPUName(unsigned char, unsigned char)
                0x00000000c00146f3                AMD_K6_write_msr(unsigned int, unsigned int, unsigned int, REGS*)
                0x00000000c001470f                AMD_K6_read_msr(unsigned int, REGS*)
                0x00000000c0014727                AMD_K6_writeback(int, int, int)
                0x00000000c001479a                cpuid(int, unsigned long*, unsigned long*, unsigned long*, unsigned long*)
                0x00000000c001481d                cpuidCheckEDX(unsigned int)
                0x00000000c001484a                cpuidCheckECX(unsigned int)
                0x00000000c0014877                cpuidCheckExtendedEBX(unsigned int)
                0x00000000c00148a4                cpuidCheckExtendedECX(unsigned int)
                0x00000000c00148d1                getCPUNumber()
                0x00000000c00148d4                thisCPU()
                0x00000000c00148e8                CPU::CPU()
                0x00000000c00148e8                CPU::CPU()
                0x00000000c0014976                CPU::displayFeatures()
                0x00000000c0014bf2                CPU::detectFeatures()
                0x00000000c00155c8                CPU::setupSMEP()
                0x00000000c00155e2                CPU::setupUMIP()
                0x00000000c00155fa                CPU::setupTSC()
                0x00000000c0015612                CPU::setupLargePages()
                0x00000000c001562a                CPU::setupPAT()
                0x00000000c0015666                CPU::setupMTRR()
                0x00000000c0015668                CPU::setupGlobalPages()
                0x00000000c001567e                CPU::allowUsermodeDataAccess()
                0x00000000c0015690                CPU::prohibitUsermodeDataAccess()
                0x00000000c00156a2                CPU::setupSMAP()
                0x00000000c00156c8                CPU::setupFeatures()
                0x00000000c001576a                CPU::open(int, int, void*)
                0x00000000c0015840                CPU::decodeAddress(regs*, int*, bool*, unsigned char*)
 .text          0x00000000c0015a40        0x0 hw/ports.32
 .text          0x00000000c0015a40      0x354 krnl/panic.32
                0x00000000c0015a40                Krnl::panic(char const*)
 .text          0x00000000c0015d94      0x511 reg/registry.32
                0x00000000c0015d94                Reg::findLineFromLoadedData(char*, char*, char*)
                0x00000000c0015efb                Reg::getLineFromRegistry(char*, char*, char*, char*)
                0x00000000c001605a                Reg::getLine(char*, char*, char*)
                0x00000000c0016091                Reg::readInt(char*, char*, int*)
                0x00000000c001617b                Reg::readString(char*, char*, char*, int)
                0x00000000c00161fc                Reg::readBool(char*, char*, bool*)
                0x00000000c0016221                Reg::readBoolWithDefault(char*, char*, bool)
                0x00000000c001624d                Reg::readIntWithDefault(char*, char*, int)
                0x00000000c0016279                Reg::readStringWithDefault(char*, char*, char*, int, char*)
 .text          0x00000000c00162a5       0x18 sys/sc_exit.32
                0x00000000c00162a5                Sys::exit(regs*)
 .text          0x00000000c00162bd       0x95 sys/sc_loaddll.32
                0x00000000c00162bd                Sys::loadDLL(regs*)
 .text          0x00000000c0016352       0x68 sys/sc_read.32
                0x00000000c0016352                Sys::read(regs*)
 .text          0x00000000c00163ba       0x55 sys/sc_sbrk.32
                0x00000000c00163ba                Sys::sbrk(regs*)
 .text          0x00000000c001640f       0x83 sys/sc_write.32
                0x00000000c001640f                Sys::write(regs*)
 .text          0x00000000c0016492       0x1a sys/sc_yield.32
                0x00000000c0016492                Sys::yield(regs*)
 .text          0x00000000c00164ac      0xfe6 sys/syscalls.32
                0x00000000c00164ac                sysCallGetPID(regs*)
                0x00000000c00164bc                sysCallSeekDir(regs*)
                0x00000000c00164c1                sysCallTellDir(regs*)
                0x00000000c00164c6                sysCallVerify(regs*)
                0x00000000c00164d0                sysCallFork(regs*)
                0x00000000c00164d7                sysCallExecve(regs*)
                0x00000000c00164de                sysCallGetArgc(regs*)
                0x00000000c00164f2                sysFormatDisk(regs*)
                0x00000000c0016555                sysSetDiskVolumeLabel(regs*)
                0x00000000c001659d                sysGetDiskVolumeLabel(regs*)
                0x00000000c00165f0                sysShutdown(regs*)
                0x00000000c001666b                sysCallGetCwd(regs*)
                0x00000000c0016691                sysCallSetCwd(regs*)
                0x00000000c00166b3                sysCallRealpath(regs*)
                0x00000000c0016700                sysCallReadDir(regs*)
                0x00000000c0016793                sysCallIsATTY(regs*)
                0x00000000c00167eb                sysCallSeek(regs*)
                0x00000000c0016851                sysCallTell(regs*)
                0x00000000c00168cc                sysCallSizeFromFilename(regs*)
                0x00000000c001697a                sysCallSize(regs*)
                0x00000000c00169fb                sysCallClose(regs*)
                0x00000000c0016a7e                sysCallOpenDir(regs*)
                0x00000000c0016ae9                sysCallMakeDir(regs*)
                0x00000000c0016b44                sysCallCloseDir(regs*)
                0x00000000c0016ba5                sysCallWait(regs*)
                0x00000000c0016bc6                sysCallRmdir(regs*)
                0x00000000c0016c19                sysCallUnlink(regs*)
                0x00000000c0016c6c                sysCallGetArgv(regs*)
                0x00000000c0016cb8                sysCallTTYName(regs*)
                0x00000000c0016d39                sysCallGetEnv(regs*)
                0x00000000c0016d90                sysCallUSleep(regs*)
                0x00000000c0016dd2                sysCallSpawn(regs*)
                0x00000000c0016e31                sysAppSettings(regs*)
                0x00000000c0016f56                sysSetFatAttrib(regs*)
                0x00000000c0016fb9                sysPanic(regs*)
                0x00000000c0016fe0                sysPipe(regs*)
                0x00000000c0017025                sysGetUnixTime(regs*)
                0x00000000c0017039                string_ends_with(char const*, char const*)
                0x00000000c0017083                sysCallOpen(regs*)
                0x00000000c0017297                setupSystemCalls()
                0x00000000c0017450                systemCall(regs*, void*)
 .text          0x00000000c0017492     0x11c1 thr/elf.32
                0x00000000c0017492                Thr::allocateMemoryForTask(Process*, File*, unsigned long, unsigned long, unsigned long)
                0x00000000c0017709                Thr::loadProgramIntoMemory(Process*, char const*)
                0x00000000c001791f                Thr::runtimeReferenceHelper()
                0x00000000c0017932                Thr::getAddressOfKernelSymbol(char const*)
                0x00000000c0017981                Thr::loadKernelSymbolTable(char const*)
                0x00000000c0017c42                Thr::loadDriverIntoMemory(char const*, unsigned long, bool)
                0x00000000c00183e0                Thr::getDriverBaseFromAddress(unsigned long)
                0x00000000c0018412                Thr::getDriverNameFromAddress(unsigned long)
                0x00000000c0018449                Thr::getDriverOffsetFromAddress(unsigned long)
                0x00000000c0018463                Thr::loadDLL(char const*, bool)
                0x00000000c0018629                Thr::executeDLL(unsigned long, void*)
 *fill*         0x00000000c0018653        0x1 
 .text          0x00000000c0018654     0x1002 thr/prcssthr.32
                0x00000000c0018654                changeTSS
                0x00000000c0018682                Process::addArgs(char**)
                0x00000000c00186e4                Process::Process(char const*, Process*, char**)
                0x00000000c00186e4                Process::Process(char const*, Process*, char**)
                0x00000000c00188a0                Process::Process(bool, char const*, Process*, char**)
                0x00000000c00188a0                Process::Process(bool, char const*, Process*, char**)
                0x00000000c0018a27                disableIRQs()
                0x00000000c0018a34                getIRQNestingLevel()
                0x00000000c0018a3a                enableIRQs()
                0x00000000c0018a49                lockScheduler()
                0x00000000c0018a4b                unlockScheduler()
                0x00000000c0018a4d                userModeEntryPoint(void*)
                0x00000000c0018a70                lockStuff()
                0x00000000c0018a81                taskStartupFunction
                0x00000000c0018a8a                updateTimeUsed()
                0x00000000c0018ae8                switchToThread(ThreadControlBlock*)
                0x00000000c0018b3e                Semaphore::Semaphore(int)
                0x00000000c0018b3e                Semaphore::Semaphore(int)
                0x00000000c0018b6c                Mutex::Mutex()
                0x00000000c0018b6c                Mutex::Mutex()
                0x00000000c0018b7e                Process::createThread(void (*)(void*), void*, int)
                0x00000000c0018c60                Process::createUserThread()
                0x00000000c0018c7d                setupMultitasking(void (*)())
                0x00000000c0018d92                schedule()
                0x00000000c0018e17                unlockStuff()
                0x00000000c0018e4c                Semaphore::tryAcquire()
                0x00000000c0018e7a                Semaphore::assertLocked(char const*)
                0x00000000c0018eaa                blockTaskWithSchedulerLockAlreadyHeld(TaskState)
                0x00000000c0018eeb                blockTask(TaskState)
                0x00000000c0018f0c                waitTask(int, int*, int)
                0x00000000c0018f4e                nanoSleepUntil(unsigned long long)
                0x00000000c0018fa7                nanoSleep(unsigned long long)
                0x00000000c0018fbc                sleep(unsigned long long)
                0x00000000c0018fda                Semaphore::acquire()
                0x00000000c001903f                taskReturned
                0x00000000c001906d                unblockTask(ThreadControlBlock*)
                0x00000000c001911a                cleanupTerminatedTask(ThreadControlBlock*)
                0x00000000c00193c3                cleanerTaskFunction(void*)
                0x00000000c0019476                terminateTask(int)
                0x00000000c0019558                Thr::terminateFromIRQ(int)
                0x00000000c0019566                Semaphore::release()
 .text          0x00000000c0019656      0x8bf vm86/vm8086.32
                0x00000000c0019656                Vm::vm8086EntryPoint(void*)
                0x00000000c0019681                Vm::inbv(unsigned short)
                0x00000000c0019687                Vm::outbv(unsigned short, unsigned char)
                0x00000000c0019691                Vm::realToLinear(unsigned short, unsigned short)
                0x00000000c00196a1                Vm::getSegment(unsigned int)
                0x00000000c00196a9                Vm::getOffset(unsigned int)
                0x00000000c00196ae                Vm::loadFileAsThread(Process*, char const*, unsigned short, unsigned short, unsigned short, unsigned short)
                0x00000000c00197dd                Vm::doISR(regs*, int, unsigned char*, unsigned short, unsigned short)
                0x00000000c0019867                Vm::readByteFromReal(unsigned short, unsigned short)
                0x00000000c0019878                Vm::readWordFromReal(unsigned short, unsigned short)
                0x00000000c001988a                Vm::readDwordFromReal(unsigned short, unsigned short)
                0x00000000c001989b                Vm::writeByteFromReal(unsigned short, unsigned short, unsigned char)
                0x00000000c00198b0                Vm::writeWordFromReal(unsigned short, unsigned short, unsigned short)
                0x00000000c00198c6                Vm::writeDwordFromReal(unsigned short, unsigned short, unsigned int)
                0x00000000c00198db                Vm::faultHandler(regs*)
 *fill*         0x00000000c0019f15        0x1 
 .text          0x00000000c0019f16     0x112f fs/fat/vfslink.32
                0x00000000c0019f16                FAT::getName()
                0x00000000c0019f1c                FAT::tell(void*, unsigned long long*)
                0x00000000c0019f50                FAT::stat(void*, unsigned long long*)
                0x00000000c0019f84                FAT::~FAT()
                0x00000000c0019f84                FAT::~FAT()
                0x00000000c0019fa8                FAT::~FAT()
                0x00000000c0019fd0                FAT::getlabel(LogicalDisk*, int, char*, unsigned int*)
                0x00000000c001a06e                FAT::setlabel(LogicalDisk*, int, char*)
                0x00000000c001a128                FAT::format(LogicalDisk*, int, char const*, int)
                0x00000000c001a30c                FAT::tryMount(LogicalDisk*, int)
                0x00000000c001a512                FAT::readDir(void*, unsigned long, void*, int*)
                0x00000000c001a61a                FAT::read(void*, unsigned long, void*, int*)
                0x00000000c001a674                FAT::write(void*, unsigned long, void*, int*)
                0x00000000c001a6ce                FAT::close(void*)
                0x00000000c001a71a                FAT::closeDir(void*)
                0x00000000c001a766                FAT::seek(void*, unsigned long long)
                0x00000000c001a7ba                fatWrapperReadDisk
                0x00000000c001a805                fatWrapperWriteDisk
                0x00000000c001a850                fatWrapperIoctl
                0x00000000c001a960                FAT::FAT()
                0x00000000c001a960                FAT::FAT()
                0x00000000c001a9b2                FAT::fixFilepath(char*)
                0x00000000c001a9ea                FAT::open(char const*, void**, FileOpenMode)
                0x00000000c001ab16                FAT::openDir(char const*, void**)
                0x00000000c001abbc                FAT::stat(char const*, unsigned long long*, bool*)
                0x00000000c001aca8                FAT::unlink(char const*)
                0x00000000c001ad22                FAT::chfatattr(char const*, unsigned char, unsigned char)
                0x00000000c001ae9c                FAT::rename(char const*, char const*)
                0x00000000c001af60                FAT::mkdir(char const*)
                0x00000000c001afda                FAT::exists(char const*)
 *fill*         0x00000000c001b045        0x1 
 .text          0x00000000c001b046      0xbdd fs/iso9660/vfslink.32
                0x00000000c001b046                ISO9660::format(LogicalDisk*, int, char const*, int)
                0x00000000c001b04c                ISO9660::seek(void*, unsigned long long)
                0x00000000c001b07c                ISO9660::tell(void*, unsigned long long*)
                0x00000000c001b0a0                ISO9660::getName()
                0x00000000c001b0a6                ISO9660::stat(void*, unsigned long long*)
                0x00000000c001b0ca                ISO9660::chfatattr(char const*, unsigned char, unsigned char)
                0x00000000c001b0d0                ISO9660::unlink(char const*)
                0x00000000c001b0d6                ISO9660::write(void*, unsigned long, void*, int*)
                0x00000000c001b0dc                ISO9660::rename(char const*, char const*)
                0x00000000c001b0e2                ISO9660::mkdir(char const*)
                0x00000000c001b0e8                ISO9660::close(void*)
                0x00000000c001b10a                ISO9660::closeDir(void*)
                0x00000000c001b12c                ISO9660::~ISO9660()
                0x00000000c001b12c                ISO9660::~ISO9660()
                0x00000000c001b150                ISO9660::~ISO9660()
                0x00000000c001b177                __memmem(unsigned char*, int, unsigned char*, int)
                0x00000000c001b1b9                readSectorFromCDROM(unsigned int, unsigned char*, char)
                0x00000000c001b220                ISO9660::tryMount(LogicalDisk*, int)
                0x00000000c001b270                ISO9660::read(void*, unsigned long, void*, int*)
                0x00000000c001b4b4                ISO9660::readDir(void*, unsigned long, void*, int*)
                0x00000000c001b73f                readRoot(unsigned int*, unsigned int*, char)
                0x00000000c001b794                readRecursively(char*, unsigned int, unsigned int, unsigned int*, unsigned int*, char, int*)
                0x00000000c001b967                getFileData(char*, unsigned int*, unsigned int*, char, int*)
                0x00000000c001b9f6                ISO9660::open(char const*, void**, FileOpenMode)
                0x00000000c001ba90                ISO9660::exists(char const*)
                0x00000000c001bab4                ISO9660::stat(char const*, unsigned long long*, bool*)
                0x00000000c001bb48                ISO9660::openDir(char const*, void**)
                0x00000000c001bc00                ISO9660::ISO9660()
                0x00000000c001bc00                ISO9660::ISO9660()
 *fill*         0x00000000c001bc23        0x1 
 .text          0x00000000c001bc24      0x248 hal/sound/sndchannel.32
                0x00000000c001bc24                SoundChannel::~SoundChannel()
                0x00000000c001bc24                SoundChannel::~SoundChannel()
                0x00000000c001bc40                SoundChannel::setSpeed(float)
                0x00000000c001bc4c                SoundChannel::getSpeed()
                0x00000000c001bc54                SoundChannel::setVolume(int)
                0x00000000c001bc70                SoundChannel::getVolume()
                0x00000000c001bc78                SoundChannel::pause()
                0x00000000c001bc82                SoundChannel::SoundChannel(int, int, int, int)
                0x00000000c001bc82                SoundChannel::SoundChannel(int, int, int, int)
                0x00000000c001bd7c                SoundChannel::play()
                0x00000000c001bd86                SoundChannel::paused()
                0x00000000c001bd8e                SoundChannel::getSampleRate()
                0x00000000c001bd96                SoundChannel::getBits()
                0x00000000c001bd9e                SoundChannel::getBufferUsed()
                0x00000000c001bda6                SoundChannel::getBufferSize()
                0x00000000c001bdae                SoundChannel::unbuffer(float*, int, int)
                0x00000000c001be20                SoundChannel::buffer8(unsigned char*, int)
 .text          0x00000000c001be6c      0x30f hal/sound/sndhw.32
                0x00000000c001be6c                SoundDevice::SoundDevice(char const*)
                0x00000000c001be6c                SoundDevice::SoundDevice(char const*)
                0x00000000c001bed8                SoundDevice::~SoundDevice()
                0x00000000c001bed8                SoundDevice::~SoundDevice()
                0x00000000c001bf52                SoundDevice::~SoundDevice()
                0x00000000c001bf7c                SoundDevice::getFreeChannelNum()
                0x00000000c001bf96                SoundDevice::addChannel(SoundChannel*)
                0x00000000c001c006                SoundDevice::removeChannel(int)
                0x00000000c001c038                SoundDevice::floatTo8(float*, unsigned char*, int)
                0x00000000c001c0a4                SoundDevice::getAudio(int, float*, float*)
 .text          0x00000000c001c17b        0x0 hw/bus/isa.32
 *fill*         0x00000000c001c17b        0x1 
 .text          0x00000000c001c17c      0x6e9 hw/bus/pci.32
                0x00000000c001c17c                PCI::open(int, int, void*)
                0x00000000c001c190                PCI::close(int, int, void*)
                0x00000000c001c194                PCI::PCI()
                0x00000000c001c194                PCI::PCI()
                0x00000000c001c216                PCI::pciReadWord(unsigned char, unsigned char, unsigned char, unsigned char)
                0x00000000c001c25e                PCI::getVendorID(unsigned char, unsigned char, unsigned char)
                0x00000000c001c280                PCI::getHeaderType(unsigned char, unsigned char, unsigned char)
                0x00000000c001c2a4                PCI::getClassCode(unsigned char, unsigned char, unsigned char)
                0x00000000c001c2e8                PCI::getProgIF(unsigned char, unsigned char, unsigned char)
                0x00000000c001c30c                PCI::getRevisionID(unsigned char, unsigned char, unsigned char)
                0x00000000c001c32e                PCI::getInterruptNumber(unsigned char, unsigned char, unsigned char)
                0x00000000c001c350                PCI::getSecondaryBus(unsigned char, unsigned char, unsigned char)
                0x00000000c001c374                PCI::getBARAddress(unsigned char, unsigned char, unsigned char, unsigned char)
                0x00000000c001c3d4                PCI::pciWriteWord(unsigned char, unsigned char, unsigned char, unsigned char, unsigned short)
                0x00000000c001c440                PCI::checkBus(unsigned char)
                0x00000000c001c466                PCI::foundDevice(PCIDeviceInfo)
                0x00000000c001c5d6                PCI::getDeviceData(unsigned char, unsigned char, unsigned char)
                0x00000000c001c7a6                PCI::checkDevice(unsigned char, unsigned char)
                0x00000000c001c812                PCI::detect()
 *fill*         0x00000000c001c865        0x1 
 .text          0x00000000c001c866      0xc84 hw/diskctrl/ide.32
                0x00000000c001c866                IDE::close(int, int, void*)
                0x00000000c001c86a                IDE::IDE()
                0x00000000c001c86a                IDE::IDE()
                0x00000000c001c89e                IDE::prepareInterrupt(unsigned char)
                0x00000000c001c8b0                selectDrive(unsigned char, unsigned char)
                0x00000000c001c8b2                IDE::getBase(unsigned char)
                0x00000000c001c8c4                IDE::write(unsigned char, unsigned char, unsigned char)
                0x00000000c001c984                IDE::read(unsigned char, unsigned char)
                0x00000000c001ca32                IDE::waitInterrupt(unsigned char)
                0x00000000c001ca9e                ideChannel0IRQHandler(regs*, void*)
                0x00000000c001caba                ideChannel1IRQHandler(regs*, void*)
                0x00000000c001cad6                IDE::enableIRQs(unsigned char, bool)
                0x00000000c001cb1c                IDE::open(int, int, void*)
                0x00000000c001cf2e                IDE::readBuffer(unsigned char, unsigned char, unsigned int, unsigned int)
                0x00000000c001cffa                IDE::detect()
                0x00000000c001d2e4                IDE::printError(unsigned char, unsigned char, unsigned char)
                0x00000000c001d47a                IDE::polling(unsigned char, unsigned int)
 .text          0x00000000c001d4ea      0x64f hw/diskphys/ata.32
                0x00000000c001d4ea                ATA::close(int, int, void*)
                0x00000000c001d50e                ATA::powerSaving(PowerSavingLevel)
                0x00000000c001d510                ATA::ATA()
                0x00000000c001d510                ATA::ATA()
                0x00000000c001d53e                ATA::flush(bool)
                0x00000000c001d588                ATA::readyForCommand()
                0x00000000c001d5d8                ATA::access(unsigned long long, int, void*, bool)
                0x00000000c001d97a                ATA::read(unsigned long long, int, void*)
                0x00000000c001d9e2                ATA::write(unsigned long long, int, void*)
                0x00000000c001da4a                ATA::detectCHS()
                0x00000000c001da74                ATA::open(int, int, void*)
 *fill*         0x00000000c001db39        0x1 
 .text          0x00000000c001db3a      0x5ae hw/diskphys/atapi.32
                0x00000000c001db3a                ATAPI::write(unsigned long long, int, void*)
                0x00000000c001db40                ATAPI::close(int, int, void*)
                0x00000000c001db64                ATAPI::ATAPI()
                0x00000000c001db64                ATAPI::ATAPI()
                0x00000000c001db92                ATAPI::readyForCommand()
                0x00000000c001dbe2                ATAPI::sendPacket(unsigned char*, int, bool, unsigned short*, int)
                0x00000000c001dea2                ATAPI::diskRemoved()
                0x00000000c001debe                ATAPI::eject()
                0x00000000c001df04                ATAPI::diskInserted()
                0x00000000c001df32                ATAPI::detectMedia()
                0x00000000c001dfee                ATAPI::open(int, int, void*)
                0x00000000c001e06e                ATAPI::read(unsigned long long, int, void*)
 .text          0x00000000c001e0e8       0x8e hw/fpu/avx.32
                0x00000000c001e0e8                AVX::open(int, int, void*)
                0x00000000c001e0fa                AVX::close(int, int, void*)
                0x00000000c001e10c                AVX::available()
                0x00000000c001e11e                AVX::save(void*)
                0x00000000c001e136                AVX::load(void*)
                0x00000000c001e14e                AVX::AVX()
                0x00000000c001e14e                AVX::AVX()
 .text          0x00000000c001e176       0x90 hw/fpu/mmx.32
                0x00000000c001e176                MMX::available()
                0x00000000c001e18a                MMX::open(int, int, void*)
                0x00000000c001e19c                MMX::close(int, int, void*)
                0x00000000c001e1ae                MMX::save(void*)
                0x00000000c001e1c6                MMX::load(void*)
                0x00000000c001e1de                MMX::MMX()
                0x00000000c001e1de                MMX::MMX()
 .text          0x00000000c001e206       0x96 hw/fpu/sse.32
                0x00000000c001e206                SSE::open(int, int, void*)
                0x00000000c001e218                SSE::close(int, int, void*)
                0x00000000c001e22a                SSE::available()
                0x00000000c001e244                SSE::save(void*)
                0x00000000c001e25c                SSE::load(void*)
                0x00000000c001e274                SSE::SSE()
                0x00000000c001e274                SSE::SSE()
 .text          0x00000000c001e29c       0x8e hw/fpu/x87.32
                0x00000000c001e29c                x87::open(int, int, void*)
                0x00000000c001e2ae                x87::close(int, int, void*)
                0x00000000c001e2c0                x87::available()
                0x00000000c001e2d2                x87::save(void*)
                0x00000000c001e2ea                x87::load(void*)
                0x00000000c001e302                x87::x87()
                0x00000000c001e302                x87::x87()
 .text          0x00000000c001e32a      0x63b hw/intctrl/apic.32
                0x00000000c001e32a                APIC::disable()
                0x00000000c001e32c                APIC::close(int, int, void*)
                0x00000000c001e34e                IOAPIC::close(int, int, void*)
                0x00000000c001e354                APIC::io_wait()
                0x00000000c001e35a                APIC::getBase()
                0x00000000c001e39c                APIC::eoi(unsigned char)
                0x00000000c001e3ca                APIC::open(int, int, void*)
                0x00000000c001e494                IOAPIC::IOAPIC()
                0x00000000c001e494                IOAPIC::IOAPIC()
                0x00000000c001e4bc                APIC::APIC()
                0x00000000c001e4bc                APIC::APIC()
                0x00000000c001e598                IOAPIC::handlesGSIWithNumber(unsigned int)
                0x00000000c001e5ca                IOAPIC::read(int)
                0x00000000c001e5f2                IOAPIC::open(int, int, void*)
                0x00000000c001e6fa                IOAPIC::write(int, int)
                0x00000000c001e726                IOAPIC::redirect(unsigned char, unsigned long long, unsigned char)
                0x00000000c001e7ec                APIC::installIRQHandler(int, void (*)(regs*, void*), bool, void*)
 *fill*         0x00000000c001e965        0x1 
 .text          0x00000000c001e966      0x3f3 hw/intctrl/pic.32
                0x00000000c001e966                PIC::disable()
                0x00000000c001e994                PIC::close(int, int, void*)
                0x00000000c001e9b6                PIC::PIC()
                0x00000000c001e9b6                PIC::PIC()
                0x00000000c001ea92                PIC::ioWait()
                0x00000000c001ea98                PIC::getIRQReg(int)
                0x00000000c001eb0a                PIC::eoi(unsigned char)
                0x00000000c001eba2                PIC::remap()
                0x00000000c001ed1a                PIC::open(int, int, void*)
 *fill*         0x00000000c001ed59        0x1 
 .text          0x00000000c001ed5a      0x264 hw/timer/apictimer.32
                0x00000000c001ed5a                APICTimer::close(int, int, void*)
                0x00000000c001ed60                apicTimerHandler(regs*, void*)
                0x00000000c001ed92                APICTimer::write(int)
                0x00000000c001ee90                APICTimer::open(int, int, void*)
                0x00000000c001ef96                APICTimer::APICTimer()
                0x00000000c001ef96                APICTimer::APICTimer()
 .text          0x00000000c001efbe      0x1b6 hw/timer/pit.32
                0x00000000c001efbe                PIT::write(int)
                0x00000000c001f044                pitHandler(regs*, void*)
                0x00000000c001f074                PIT::open(int, int, void*)
                0x00000000c001f0c2                PIT::close(int, int, void*)
                0x00000000c001f0f2                PIT::PIT()
                0x00000000c001f0f2                PIT::PIT()
 *fill*         0x00000000c001f174        0xc 
 .text          0x00000000c001f180        0xa hw/fpu/x86/avx.32
                0x00000000c001f180                avxDetect
                0x00000000c001f186                avxSave
                0x00000000c001f187                avxLoad
                0x00000000c001f188                avxInit
                0x00000000c001f189                avxClose
 *fill*         0x00000000c001f18a        0x6 
 .text          0x00000000c001f190       0x38 hw/fpu/x86/sse.32
                0x00000000c001f190                sseDetect
                0x00000000c001f1ab                sseSave
                0x00000000c001f1b1                sseLoad
                0x00000000c001f1b7                sseInit
                0x00000000c001f1c7                sseClose
 *fill*         0x00000000c001f1c8        0x8 
 .text          0x00000000c001f1d0       0x47 hw/fpu/x86/x87.32
                0x00000000c001f1d6                x87Detect
                0x00000000c001f1f1                x87Save
                0x00000000c001f1f7                x87Load
                0x00000000c001f1fc                x87Init
                0x00000000c001f216                x87Close
 *fill*         0x00000000c001f217        0x1 
 .text          0x00000000c001f218       0x25 /cygdrive/d/Users/Alex/Desktop/Toolchain/Output/bin/../lib/gcc/i386-banana/8.1.0/crtend.o
 .text          0x00000000c001f23d        0x0 crtn.32
 *fill*         0x00000000c001f23d        0x3 
 .text          0x00000000c001f240      0x14b /cygdrive/d/Users/Alex/Desktop/Toolchain/Output/bin/../lib/gcc/i386-banana/8.1.0/libgcc.a(_divdi3.o)
                0x00000000c001f240                __divdi3
 *fill*         0x00000000c001f38b        0x1 
 .text          0x00000000c001f38c      0x17e /cygdrive/d/Users/Alex/Desktop/Toolchain/Output/bin/../lib/gcc/i386-banana/8.1.0/libgcc.a(_moddi3.o)
                0x00000000c001f38c                __moddi3
 *fill*         0x00000000c001f50a        0x2 
 .text          0x00000000c001f50c       0xff /cygdrive/d/Users/Alex/Desktop/Toolchain/Output/bin/../lib/gcc/i386-banana/8.1.0/libgcc.a(_udivdi3.o)
                0x00000000c001f50c                __udivdi3
 *fill*         0x00000000c001f60b        0x1 
 .text          0x00000000c001f60c      0x11a /cygdrive/d/Users/Alex/Desktop/Toolchain/Output/bin/../lib/gcc/i386-banana/8.1.0/libgcc.a(_umoddi3.o)
                0x00000000c001f60c                __umoddi3
 *fill*         0x00000000c001f726        0xa 
 .text          0x00000000c001f730       0x1e D:/Users/Alex/Desktop/Banana/kernel/libk/libm32.a(s_fabs.c.o)
                0x00000000c001f730                fabs
 *fill*         0x00000000c001f74e        0x2 
 .text          0x00000000c001f750        0xc D:/Users/Alex/Desktop/Banana/kernel/libk/libm32.a(s_lrint.S.o)
                0x00000000c001f750                lrint
 .text          0x00000000c001f75c        0xc D:/Users/Alex/Desktop/Banana/kernel/libk/libm32.a(s_lrintf.S.o)
                0x00000000c001f75c                lrintf
 *(.gnu.linkonce.t*)

.iplt           0x00000000c001f768        0x0
 .iplt          0x00000000c001f768        0x0 D:/Users/Alex/Desktop/Banana/kernel/boot.32

.init           0x00000000c001f768        0xf
 .init          0x00000000c001f768        0x3 crti.32
                0x00000000c001f768                _init
 .init          0x00000000c001f76b        0x5 /cygdrive/d/Users/Alex/Desktop/Toolchain/Output/bin/../lib/gcc/i386-banana/8.1.0/crtbegin.o
 .init          0x00000000c001f770        0x5 /cygdrive/d/Users/Alex/Desktop/Toolchain/Output/bin/../lib/gcc/i386-banana/8.1.0/crtend.o
 .init          0x00000000c001f775        0x2 crtn.32

.fini           0x00000000c001f777        0xa
 .fini          0x00000000c001f777        0x3 crti.32
                0x00000000c001f777                _fini
 .fini          0x00000000c001f77a        0x5 /cygdrive/d/Users/Alex/Desktop/Toolchain/Output/bin/../lib/gcc/i386-banana/8.1.0/crtbegin.o
 .fini          0x00000000c001f77f        0x2 crtn.32

.text._ZN8ComputerD2Ev
                0x00000000c001f782       0x23
 .text._ZN8ComputerD2Ev
                0x00000000c001f782       0x23 core/computer.32
                0x00000000c001f782                Computer::~Computer()
                0x00000000c001f782                Computer::~Computer()

.text._ZN8ComputerD0Ev
                0x00000000c001f7a6       0x2a
 .text._ZN8ComputerD0Ev
                0x00000000c001f7a6       0x2a core/computer.32
                0x00000000c001f7a6                Computer::~Computer()

.text._Z10idleCommonv
                0x00000000c001f7d0       0x15
 .text._Z10idleCommonv
                0x00000000c001f7d0       0x15 core/idle.32
                0x00000000c001f7d0                idleCommon()

.text._ZN3CPU7readCR3Ev
                0x00000000c001f7e5       0x12
 .text._ZN3CPU7readCR3Ev
                0x00000000c001f7e5       0x12 core/kheap.32
                0x00000000c001f7e5                CPU::readCR3()

.text._ZN3CPU8writeCR3Em
                0x00000000c001f7f7        0x9
 .text._ZN3CPU8writeCR3Em
                0x00000000c001f7f7        0x9 core/kheap.32
                0x00000000c001f7f7                CPU::writeCR3(unsigned long)

.text._ZN10LinkedListI8UnixFileED2Ev
                0x00000000c001f800        0x2
 .text._ZN10LinkedListI8UnixFileED2Ev
                0x00000000c001f800        0x2 core/unixfile.32
                0x00000000c001f800                LinkedList<UnixFile>::~LinkedList()
                0x00000000c001f800                LinkedList<UnixFile>::~LinkedList()

.text._ZN10LinkedListI8UnixFileEC2Ev
                0x00000000c001f802       0x58
 .text._ZN10LinkedListI8UnixFileEC2Ev
                0x00000000c001f802       0x58 core/unixfile.32
                0x00000000c001f802                LinkedList<UnixFile>::LinkedList()
                0x00000000c001f802                LinkedList<UnixFile>::LinkedList()

.text._ZN10LinkedListI8UnixFileE10addElementEPS0_
                0x00000000c001f85a       0xd3
 .text._ZN10LinkedListI8UnixFileE10addElementEPS0_
                0x00000000c001f85a       0xd3 core/unixfile.32
                0x00000000c001f85a                LinkedList<UnixFile>::addElement(UnixFile*)

.text._ZN10LinkedListI8UnixFileE15getFirstElementEv
                0x00000000c001f92e        0x7
 .text._ZN10LinkedListI8UnixFileE15getFirstElementEv
                0x00000000c001f92e        0x7 core/unixfile.32
                0x00000000c001f92e                LinkedList<UnixFile>::getFirstElement()

.text._ZN10LinkedListI8UnixFileE11removeFirstEv
                0x00000000c001f936       0xa1
 .text._ZN10LinkedListI8UnixFileE11removeFirstEv
                0x00000000c001f936       0xa1 core/unixfile.32
                0x00000000c001f936                LinkedList<UnixFile>::removeFirst()

.text._ZN10LinkedListI8UnixFileE7getNextEPS0_
                0x00000000c001f9d8        0x8
 .text._ZN10LinkedListI8UnixFileE7getNextEPS0_
                0x00000000c001f9d8        0x8 core/unixfile.32
                0x00000000c001f9d8                LinkedList<UnixFile>::getNext(UnixFile*)

.text._ZN16DriverlessDeviceD2Ev
                0x00000000c001f9e0       0x1a
 .text._ZN16DriverlessDeviceD2Ev
                0x00000000c001f9e0       0x1a hal/device.32
                0x00000000c001f9e0                DriverlessDevice::~DriverlessDevice()
                0x00000000c001f9e0                DriverlessDevice::~DriverlessDevice()

.text._ZN16DriverlessDeviceD0Ev
                0x00000000c001f9fa       0x2a
 .text._ZN16DriverlessDeviceD0Ev
                0x00000000c001f9fa       0x2a hal/device.32
                0x00000000c001f9fa                DriverlessDevice::~DriverlessDevice()

.text._ZN10LinkedListI6DeviceE10addElementEPS0_
                0x00000000c001fa24       0xdc
 .text._ZN10LinkedListI6DeviceE10addElementEPS0_
                0x00000000c001fa24       0xdc hal/device.32
                0x00000000c001fa24                LinkedList<Device>::addElement(Device*)

.text._ZN10LinkedListI6DeviceEC2Ev
                0x00000000c001fb00       0x58
 .text._ZN10LinkedListI6DeviceEC2Ev
                0x00000000c001fb00       0x58 hal/device.32
                0x00000000c001fb00                LinkedList<Device>::LinkedList()
                0x00000000c001fb00                LinkedList<Device>::LinkedList()

.text._ZN3CPU7readCR0Ev
                0x00000000c001fb58       0x12
 .text._ZN3CPU7readCR0Ev
                0x00000000c001fb58       0x12 hal/fpu.32
                0x00000000c001fb58                CPU::readCR0()

.text._ZN3CPU8writeCR0Em
                0x00000000c001fb6a        0x9
 .text._ZN3CPU8writeCR0Em
                0x00000000c001fb6a        0x9 hal/fpu.32
                0x00000000c001fb6a                CPU::writeCR0(unsigned long)

.text._ZN3CPU7readDR0Ev
                0x00000000c001fb73       0x12
 .text._ZN3CPU7readDR0Ev
                0x00000000c001fb73       0x12 hal/intctrl.32
                0x00000000c001fb73                CPU::readDR0()

.text._ZN3CPU7readDR1Ev
                0x00000000c001fb85       0x12
 .text._ZN3CPU7readDR1Ev
                0x00000000c001fb85       0x12 hal/intctrl.32
                0x00000000c001fb85                CPU::readDR1()

.text._ZN3CPU7readDR2Ev
                0x00000000c001fb97       0x12
 .text._ZN3CPU7readDR2Ev
                0x00000000c001fb97       0x12 hal/intctrl.32
                0x00000000c001fb97                CPU::readDR2()

.text._ZN3CPU7readDR3Ev
                0x00000000c001fba9       0x12
 .text._ZN3CPU7readDR3Ev
                0x00000000c001fba9       0x12 hal/intctrl.32
                0x00000000c001fba9                CPU::readDR3()

.text._ZN3CPU7readDR6Ev
                0x00000000c001fbbb       0x12
 .text._ZN3CPU7readDR6Ev
                0x00000000c001fbbb       0x12 hal/intctrl.32
                0x00000000c001fbbb                CPU::readDR6()

.text._ZN3CPU7readDR7Ev
                0x00000000c001fbcd       0x12
 .text._ZN3CPU7readDR7Ev
                0x00000000c001fbcd       0x12 hal/intctrl.32
                0x00000000c001fbcd                CPU::readDR7()

.text._ZN10LinkedListIV18ThreadControlBlockE15getFirstElementEv
                0x00000000c001fbe0        0x7
 .text._ZN10LinkedListIV18ThreadControlBlockE15getFirstElementEv
                0x00000000c001fbe0        0x7 hal/timer.32
                0x00000000c001fbe0                LinkedList<ThreadControlBlock volatile>::getFirstElement()

.text._ZN10LinkedListIV18ThreadControlBlockE7isEmptyEv
                0x00000000c001fbe8       0x1c
 .text._ZN10LinkedListIV18ThreadControlBlockE7isEmptyEv
                0x00000000c001fbe8       0x1c hal/timer.32
                0x00000000c001fbe8                LinkedList<ThreadControlBlock volatile>::isEmpty()

.text._ZN10LinkedListIV18ThreadControlBlockE11removeFirstEv
                0x00000000c001fc04       0xae
 .text._ZN10LinkedListIV18ThreadControlBlockE11removeFirstEv
                0x00000000c001fc04       0xae hal/timer.32
                0x00000000c001fc04                LinkedList<ThreadControlBlock volatile>::removeFirst()

.text._ZN10LinkedListIV18ThreadControlBlockE10addElementEPS1_
                0x00000000c001fcb2       0xd3
 .text._ZN10LinkedListIV18ThreadControlBlockE10addElementEPS1_
                0x00000000c001fcb2       0xd3 hal/timer.32
                0x00000000c001fcb2                LinkedList<ThreadControlBlock volatile>::addElement(ThreadControlBlock volatile*)

.text._ZN4ACPID2Ev
                0x00000000c001fd86       0x23
 .text._ZN4ACPID2Ev
                0x00000000c001fd86       0x23 hw/acpi.32
                0x00000000c001fd86                ACPI::~ACPI()
                0x00000000c001fd86                ACPI::~ACPI()

.text._ZN4ACPID0Ev
                0x00000000c001fdaa       0x2a
 .text._ZN4ACPID0Ev
                0x00000000c001fdaa       0x2a hw/acpi.32
                0x00000000c001fdaa                ACPI::~ACPI()

.text._ZN3CPUD2Ev
                0x00000000c001fdd4       0x23
 .text._ZN3CPUD2Ev
                0x00000000c001fdd4       0x23 hw/cpu.32
                0x00000000c001fdd4                CPU::~CPU()
                0x00000000c001fdd4                CPU::~CPU()

.text._ZN3CPUD0Ev
                0x00000000c001fdf8       0x2a
 .text._ZN3CPUD0Ev
                0x00000000c001fdf8       0x2a hw/cpu.32
                0x00000000c001fdf8                CPU::~CPU()

.text._ZN3CPU7readCR4Ev
                0x00000000c001fe22       0x12
 .text._ZN3CPU7readCR4Ev
                0x00000000c001fe22       0x12 hw/cpu.32
                0x00000000c001fe22                CPU::readCR4()

.text._ZN3CPU8writeDR7Em
                0x00000000c001fe34        0x9
 .text._ZN3CPU8writeDR7Em
                0x00000000c001fe34        0x9 hw/cpu.32
                0x00000000c001fe34                CPU::writeDR7(unsigned long)

.text._ZN3CPU8writeCR4Em
                0x00000000c001fe3d        0x9
 .text._ZN3CPU8writeCR4Em
                0x00000000c001fe3d        0x9 hw/cpu.32
                0x00000000c001fe3d                CPU::writeCR4(unsigned long)

.text._ZN3CPU7readCR2Ev
                0x00000000c001fe46       0x12
 .text._ZN3CPU7readCR2Ev
                0x00000000c001fe46       0x12 krnl/panic.32
                0x00000000c001fe46                CPU::readCR2()

.text._ZN10LinkedListIV18ThreadControlBlockED2Ev
                0x00000000c001fe58        0x2
 .text._ZN10LinkedListIV18ThreadControlBlockED2Ev
                0x00000000c001fe58        0x2 thr/prcssthr.32
                0x00000000c001fe58                LinkedList<ThreadControlBlock volatile>::~LinkedList()
                0x00000000c001fe58                LinkedList<ThreadControlBlock volatile>::~LinkedList()

.text._ZN18ThreadControlBlockC2Ev
                0x00000000c001fe5a       0x3e
 .text._ZN18ThreadControlBlockC2Ev
                0x00000000c001fe5a       0x3e thr/prcssthr.32
                0x00000000c001fe5a                ThreadControlBlock::ThreadControlBlock()
                0x00000000c001fe5a                ThreadControlBlock::ThreadControlBlock()

.text._ZN10LinkedListIV18ThreadControlBlockEC2Ev
                0x00000000c001fe98       0x58
 .text._ZN10LinkedListIV18ThreadControlBlockEC2Ev
                0x00000000c001fe98       0x58 thr/prcssthr.32
                0x00000000c001fe98                LinkedList<ThreadControlBlock volatile>::LinkedList()
                0x00000000c001fe98                LinkedList<ThreadControlBlock volatile>::LinkedList()

.text._ZN10LinkedListIV18ThreadControlBlockE7getNextEPS1_
                0x00000000c001fef0        0x8
 .text._ZN10LinkedListIV18ThreadControlBlockE7getNextEPS1_
                0x00000000c001fef0        0x8 thr/prcssthr.32
                0x00000000c001fef0                LinkedList<ThreadControlBlock volatile>::getNext(ThreadControlBlock volatile*)

.text._ZN3PCID2Ev
                0x00000000c001fef8       0x23
 .text._ZN3PCID2Ev
                0x00000000c001fef8       0x23 hw/bus/pci.32
                0x00000000c001fef8                PCI::~PCI()
                0x00000000c001fef8                PCI::~PCI()

.text._ZN3PCID0Ev