Archive member included to satisfy reference by file (symbol)

/cygdrive/d/Users/Alex/Desktop/Toolchain/Output/bin/../lib/gcc/i386-banana/8.1.0/libkgcc.a(_divdi3.o)
                              fs/fat/ff.32 (__divdi3)
/cygdrive/d/Users/Alex/Desktop/Toolchain/Output/bin/../lib/gcc/i386-banana/8.1.0/libkgcc.a(_moddi3.o)
                              compat/resolve.32 (__moddi3)
/cygdrive/d/Users/Alex/Desktop/Toolchain/Output/bin/../lib/gcc/i386-banana/8.1.0/libkgcc.a(_udivdi3.o)
                              fs/fat/ff.32 (__udivdi3)
/cygdrive/d/Users/Alex/Desktop/Toolchain/Output/bin/../lib/gcc/i386-banana/8.1.0/libkgcc.a(_umoddi3.o)
                              compat/resolve.32 (__umoddi3)

Discarded input sections

 .comment       0x0000000000000000       0x12 /cygdrive/d/Users/Alex/Desktop/Toolchain/Output/bin/../lib/gcc/i386-banana/8.1.0/crtbegin.o
 .comment       0x0000000000000000       0x12 acpica/utclib.32
 .comment       0x0000000000000000       0x12 core/malloc.32
 .comment       0x0000000000000000       0x12 libk/string.32
 .comment       0x0000000000000000       0x12 fs/fat/diskio.32
 .comment       0x0000000000000000       0x12 fs/fat/ff.32
 .comment       0x0000000000000000       0x12 fs/fat/ffsystem.32
 .comment       0x0000000000000000       0x12 fs/fat/ffunicode.32
 .comment       0x0000000000000000       0x12 compat/inlines.32
 .comment       0x0000000000000000       0x12 compat/resolve.32
 .group         0x0000000000000000       0x14 core/computer.32
 .group         0x0000000000000000        0xc core/computer.32
 .comment       0x0000000000000000       0x12 core/computer.32
 .comment       0x0000000000000000       0x12 core/gdt.32
 .group         0x0000000000000000        0xc core/idle.32
 .comment       0x0000000000000000       0x12 core/idle.32
 .comment       0x0000000000000000       0x12 core/idt.32
 .comment       0x0000000000000000       0x12 core/kheap.32
 .comment       0x0000000000000000       0x12 core/main.32
 .comment       0x0000000000000000       0x12 core/physmgr.32
 .group         0x0000000000000000        0xc core/pipe.32
 .comment       0x0000000000000000       0x12 core/pipe.32
 .group         0x0000000000000000        0xc core/terminal.32
 .comment       0x0000000000000000       0x12 core/terminal.32
 .comment       0x0000000000000000       0x12 core/tss.32
 .group         0x0000000000000000        0x8 core/unixfile.32
 .group         0x0000000000000000        0x8 core/unixfile.32
 .group         0x0000000000000000        0xc core/unixfile.32
 .group         0x0000000000000000        0x8 core/unixfile.32
 .group         0x0000000000000000        0xc core/unixfile.32
 .group         0x0000000000000000        0x8 core/unixfile.32
 .group         0x0000000000000000        0xc core/unixfile.32
 .group         0x0000000000000000        0xc core/unixfile.32
 .comment       0x0000000000000000       0x12 core/unixfile.32
 .comment       0x0000000000000000       0x12 core/virtmgr.32
 .comment       0x0000000000000000       0x12 coreobjs/c++.32
 .comment       0x0000000000000000       0x12 dbg/kconsole.32
 .group         0x0000000000000000        0xc fs/vfs.32
 .group         0x0000000000000000        0xc fs/vfs.32
 .group         0x0000000000000000        0xc fs/vfs.32
 .comment       0x0000000000000000       0x12 fs/vfs.32
 .group         0x0000000000000000        0xc hal/bus.32
 .comment       0x0000000000000000       0x12 hal/bus.32
 .group         0x0000000000000000        0xc hal/buzzer.32
 .comment       0x0000000000000000       0x12 hal/buzzer.32
 .group         0x0000000000000000        0xc hal/clock.32
 .comment       0x0000000000000000       0x12 hal/clock.32
 .group         0x0000000000000000       0x14 hal/device.32
 .group         0x0000000000000000        0xc hal/device.32
 .group         0x0000000000000000        0x8 hal/device.32
 .group         0x0000000000000000        0xc hal/device.32
 .group         0x0000000000000000        0xc hal/device.32
 .comment       0x0000000000000000       0x12 hal/device.32
 .group         0x0000000000000000        0xc hal/diskctrl.32
 .comment       0x0000000000000000       0x12 hal/diskctrl.32
 .group         0x0000000000000000        0xc hal/diskphys.32
 .comment       0x0000000000000000       0x12 hal/diskphys.32
 .group         0x0000000000000000        0xc hal/fpu.32
 .comment       0x0000000000000000       0x12 hal/fpu.32
 .group         0x0000000000000000        0xc hal/intctrl.32
 .comment       0x0000000000000000       0x12 hal/intctrl.32
 .group         0x0000000000000000        0xc hal/keybrd.32
 .comment       0x0000000000000000       0x12 hal/keybrd.32
 .group         0x0000000000000000        0xc hal/logidisk.32
 .comment       0x0000000000000000       0x12 hal/logidisk.32
 .group         0x0000000000000000        0xc hal/mouse.32
 .comment       0x0000000000000000       0x12 hal/mouse.32
 .comment       0x0000000000000000       0x12 hal/partition.32
 .group         0x0000000000000000        0xc hal/serial.32
[...]
Memory Configuration

Name             Origin             Length             Attributes
*default*        0x0000000000000000 0xffffffffffffffff

Linker script and memory map

LOAD D:/Users/Alex/Desktop/Banana/kernel/boot.32
LOAD crti.32
LOAD /cygdrive/d/Users/Alex/Desktop/Toolchain/Output/bin/../lib/gcc/i386-banana/8.1.0/crtbegin.o
LOAD D:/Users/Alex/Desktop/Banana/kernel/morenasm.32
LOAD acpica/utclib.32
LOAD core/malloc.32
LOAD libk/string.32
LOAD fs/fat/diskio.32
LOAD fs/fat/ff.32
LOAD fs/fat/ffsystem.32
LOAD fs/fat/ffunicode.32
LOAD compat/inlines.32
LOAD compat/resolve.32
LOAD core/computer.32
LOAD core/gdt.32
LOAD core/idle.32
LOAD core/idt.32
LOAD core/kheap.32
LOAD core/main.32
LOAD core/physmgr.32
LOAD core/pipe.32
LOAD core/terminal.32
LOAD core/tss.32
LOAD core/unixfile.32
LOAD core/virtmgr.32
LOAD coreobjs/c++.32
LOAD dbg/kconsole.32
LOAD fs/vfs.32
LOAD hal/bus.32
LOAD hal/buzzer.32
LOAD hal/clock.32
LOAD hal/device.32
LOAD hal/diskctrl.32
LOAD hal/diskphys.32
LOAD hal/fpu.32
LOAD hal/intctrl.32
LOAD hal/keybrd.32
LOAD hal/logidisk.32
LOAD hal/mouse.32
LOAD hal/partition.32
LOAD hal/serial.32
LOAD hal/timer.32
LOAD hal/vcache.32
LOAD hal/video.32
LOAD hw/acpi.32
LOAD hw/cpu.32
LOAD hw/ports.32
LOAD hw/smp.32
LOAD krnl/env.32
LOAD krnl/panic.32
LOAD net/ethernet.32
LOAD reg/registry.32
LOAD sys/sc_eject.32
LOAD sys/sc_exit.32
LOAD sys/sc_getcwd.32
LOAD sys/sc_getpid.32
LOAD sys/sc_getramdata.32
LOAD sys/sc_getvgaptr.32
LOAD sys/sc_loaddll.32
LOAD sys/sc_read.32
LOAD sys/sc_sbrk.32
LOAD sys/sc_setcwd.32
LOAD sys/sc_settime.32
LOAD sys/sc_timezone.32
LOAD sys/sc_write.32
LOAD sys/sc_wsbe.32
LOAD sys/sc_yield.32
LOAD sys/syscalls.32
LOAD thr/elf.32
LOAD thr/prcssthr.32
LOAD vm86/vm8086.32
LOAD vm86/x87em.32
LOAD fs/fat/vfslink.32
LOAD fs/iso9660/vfslink.32
LOAD hal/sound/sndcard.32
LOAD hal/sound/sndport.32
LOAD hw/bus/isa.32
LOAD hw/bus/pci.32
LOAD hw/diskctrl/ide.32
LOAD hw/diskctrl/satabus.32
LOAD hw/diskphys/ata.32
LOAD hw/diskphys/atapi.32
LOAD hw/diskphys/sata.32
LOAD hw/diskphys/satapi.32
LOAD hw/fpu/avx.32
LOAD hw/fpu/mmx.32
LOAD hw/fpu/sse.32
LOAD hw/fpu/x87.32
LOAD hw/intctrl/apic.32
LOAD hw/intctrl/pic.32
LOAD hw/timer/apictimer.32
LOAD hw/timer/pit.32
LOAD hw/fpu/x86/avx.32
LOAD hw/fpu/x86/sse.32
LOAD hw/fpu/x86/x87.32
LOAD /cygdrive/d/Users/Alex/Desktop/Toolchain/Output/bin/../lib/gcc/i386-banana/8.1.0/crtend.o
LOAD crtn.32
LOAD /cygdrive/d/Users/Alex/Desktop/Toolchain/Output/bin/../lib/gcc/i386-banana/8.1.0/libkgcc.a
LOAD D:/Users/Alex/Desktop/Banana/kernel/libsoftfp.a
LOAD D:/Users/Alex/Desktop/Banana/kernel/libk/libm32.a
                0x00000000c0000000                . = 0xc0000000

.text           0x00000000c0000000    0x2124e
 *(.text)
 .text          0x00000000c0000000       0x41 D:/Users/Alex/Desktop/Banana/kernel/boot.32
                0x00000000c0000020                callGlobalConstructors
 .text          0x00000000c0000041        0x0 crti.32
 *fill*         0x00000000c0000041        0x3 
 .text          0x00000000c0000044      0x101 /cygdrive/d/Users/Alex/Desktop/Toolchain/Output/bin/../lib/gcc/i386-banana/8.1.0/crtbegin.o
 *fill*         0x00000000c0000145        0xb 
 .text          0x00000000c0000150      0x430 D:/Users/Alex/Desktop/Banana/kernel/morenasm.32
                0x00000000c0000150                manualPCIProbe
                0x00000000c000019b                prepareTramp
                0x00000000c00001b4                doTPAUSE
                0x00000000c00001be                hasLegacyFPU
                0x00000000c00001e3                is486
                0x00000000c0000219                detectCPUID
                0x00000000c000022f                goToVM86
                0x00000000c000025f                goToUsermode
                0x00000000c0000289                switchToThreadASMFirstTime
                0x00000000c0000297                switchToThreadASM
                0x00000000c0000327                asmQuickAcquireLock
                0x00000000c0000345                asmQuickReleaseLock
                0x00000000c0000351                asmAcquireLock
                0x00000000c0000372                asmReleaseLock
                0x00000000c0000385                loadGDT
                0x00000000c00003a5                isr0
                0x00000000c00003b5                isr1
                0x00000000c00003bf                isr2
                0x00000000c00003c9                isr3
                0x00000000c00003d3                isr4
                0x00000000c00003dd                isr5
                0x00000000c00003e7                isr6
                0x00000000c00003f1                isr7
                0x00000000c00003fb                isr8
                0x00000000c0000403                isr9
                0x00000000c000040d                isr10
                0x00000000c0000415                isr11
                0x00000000c000041d                isr12
                0x00000000c0000425                isr13
                0x00000000c000042d                isr14
                0x00000000c0000435                isr15
                0x00000000c000043f                isr16
                0x00000000c0000449                isr17
                0x00000000c0000453                isr18
                0x00000000c000045d                irq3
                0x00000000c0000467                irq4
                0x00000000c0000471                irq5
                0x00000000c000047b                irq6
                0x00000000c0000485                irq7
                0x00000000c000048f                irq8
                0x00000000c0000499                irq9
                0x00000000c00004a3                irq10
                0x00000000c00004ad                irq11
                0x00000000c00004b7                irq12
                0x00000000c00004c1                irq13
                0x00000000c00004cb                irq14
                0x00000000c00004d5                irq15
                0x00000000c00004df                irq1
                0x00000000c00004e6                irq2
                0x00000000c00004ed                isr96
                0x00000000c00004f4                irq0
                0x00000000c00004f9                int_common_stub
                0x00000000c00004f9                syscall_common_stub
                0x00000000c000052b                irq16
                0x00000000c0000535                irq17
                0x00000000c000053f                irq18
                0x00000000c0000549                irq19
                0x00000000c0000553                irq20
                0x00000000c000055d                irq21
                0x00000000c0000567                irq22
                0x00000000c0000571                irq23
                0x00000000c000057b                memcpy
 .text          0x00000000c0000580      0x5dd acpica/utclib.32
                0x00000000c0000580                memcmp
                0x00000000c00005bc                memmove
                0x00000000c0000684                memset
                0x00000000c00006a0                strlen
                0x00000000c00006b8                strpbrk
                0x00000000c00006f4                strtok
                0x00000000c0000740                strcpy
                0x00000000c0000764                strncpy
                0x00000000c00007cc                strcmp
                0x00000000c000080c                strchr
                0x00000000c0000830                strncmp
                0x00000000c0000880                strcat
                0x00000000c00008b0                strncat
                0x00000000c00008ec                strstr
                0x00000000c0000934                toupper
                0x00000000c0000948                tolower
                0x00000000c000095c                simple_strtoul
 .text          0x00000000c0000b5d      0xfad core/malloc.32
                0x00000000c0000cc8                dlfree
                0x00000000c0001023                dlmalloc
                0x00000000c0001560                dlrealloc
                0x00000000c0001703                dlmemalign
                0x00000000c0001826                dlcalloc
                0x00000000c00018c0                dlcfree
                0x00000000c00018c5                dlindependent_calloc
                0x00000000c00018ea                dlindependent_comalloc
                0x00000000c0001901                dlvalloc
                0x00000000c000192c                dlpvalloc
                0x00000000c0001962                dlmalloc_trim
                0x00000000c000196f                dlmalloc_usable_size
                0x00000000c00019a0                dlmallinfo
                0x00000000c0001a6f                dlmalloc_stats
                0x00000000c0001a80                dlmallopt
 .text          0x00000000c0001b0a        0x0 libk/string.32
 .text          0x00000000c0001b0a       0x51 fs/fat/diskio.32
                0x00000000c0001b0a                disk_status
                0x00000000c0001b0d                disk_initialize
                0x00000000c0001b10                disk_read
                0x00000000c0001b26                disk_write
                0x00000000c0001b3c                disk_ioctl
 .text          0x00000000c0001b5b     0x6a69 fs/fat/ff.32
                0x00000000c0004e29                f_mount
                0x00000000c0004e8b                f_open
                0x00000000c00052c7                f_read
                0x00000000c0005547                f_write
                0x00000000c0005801                f_sync
                0x00000000c00059dd                f_close
                0x00000000c0005a0c                f_lseek
                0x00000000c0005ec3                f_opendir
                0x00000000c0005fc5                f_closedir
                0x00000000c0005fe7                f_readdir
                0x00000000c0006082                f_stat
                0x00000000c0006111                f_getfree
                0x00000000c00062dc                f_truncate
                0x00000000c00063d4                f_unlink
                0x00000000c0006557                f_mkdir
                0x00000000c0006783                f_rename
                0x00000000c0006a76                f_chmod
                0x00000000c0006b54                f_utime
                0x00000000c0006c32                f_getlabel
                0x00000000c0006e20                f_setlabel
                0x00000000c000708d                f_expand
                0x00000000c00072c3                f_forward
                0x00000000c00074a1                f_mkfs
 .text          0x00000000c00085c4       0x2f fs/fat/ffsystem.32
                0x00000000c00085c4                ff_memalloc
                0x00000000c00085dc                ff_memfree
 *fill*         0x00000000c00085f3        0x1 
 .text          0x00000000c00085f4      0x274 fs/fat/ffunicode.32
                0x00000000c00085f4                ff_uni2oem
                0x00000000c000868c                ff_oem2uni
                0x00000000c0008700                ff_wtoupper
 .text          0x00000000c0008868       0xa7 compat/inlines.32
                0x00000000c0008868                CPU::current()
                0x00000000c0008874                operator new(unsigned long)
                0x00000000c0008879                operator delete(void*)
                0x00000000c000887e                disableIRQs()
                0x00000000c0008886                enableIRQs()
                0x00000000c0008895                lockScheduler()
                0x00000000c000889d                unlockScheduler()
                0x00000000c00088ac                lockStuff()
                0x00000000c00088ba                unlockStuff()
                0x00000000c00088f4                Virt::getAKernelVAS()
                0x00000000c00088fa                __not_memcpy
 *fill*         0x00000000c000890f        0x1 
 .text          0x00000000c0008910      0x118 compat/resolve.32
                0x00000000c0008910                Krnl::resolveCompatibilitySymbol(char*)
 .text          0x00000000c0008a28      0x7f7 core/computer.32
                0x00000000c0008a28                Computer::close(int, int, void*)
                0x00000000c0008a6c                Krnl::firstTask()
                0x00000000c0008bba                Computer::Computer()
                0x00000000c0008bba                Computer::Computer()
                0x00000000c0008d16                Computer::setBootMessage(char const*)
                0x00000000c0008d18                Computer::detectFeatures()
                0x00000000c0008f22                Computer::displayFeatures()
                0x00000000c0008f24                Computer::rdmsr(unsigned int)
                0x00000000c0008f50                Computer::wrmsr(unsigned int, unsigned long long)
                0x00000000c0008f88                Computer::nmiEnabled()
                0x00000000c0008f94                Computer::readCMOS(unsigned char)
                0x00000000c0008fae                Computer::enableNMI(bool)
                0x00000000c0008fc6                Computer::open(int, int, void*)
                0x00000000c0009162                Computer::disableNMI()
                0x00000000c0009170                Computer::writeCMOS(unsigned char, unsigned char)
                0x00000000c000918e                Computer::handleNMI()
                0x00000000c00091f4                Computer::setDiskActivityLight(int, bool)
 *fill*         0x00000000c000921f        0x1 
 .text          0x00000000c0009220      0x19d core/gdt.32
                0x00000000c0009220                GDTEntry::setBase(unsigned int)
                0x00000000c000923c                GDTEntry::setLimit(unsigned int)
                0x00000000c000925a                GDT::GDT()
                0x00000000c000925a                GDT::GDT()
                0x00000000c0009270                GDT::addEntry(GDTEntry)
                0x00000000c0009292                GDT::getNumberOfEntries()
                0x00000000c000929a                GDT::flush()
                0x00000000c00092bc                GDT::setup()
 .text          0x00000000c00093bd       0x6b core/idle.32
                0x00000000c00093bd                idleFunction(void*)
 .text          0x00000000c0009428      0x464 core/idt.32
                0x00000000c0009428                IDTEntry::IDTEntry(bool)
                0x00000000c0009428                IDTEntry::IDTEntry(bool)
                0x00000000c000949a                IDTEntry::setOffset(unsigned int)
                0x00000000c00094b0                IDT::IDT()
                0x00000000c00094b0                IDT::IDT()
                0x00000000c00094b2                IDT::getPointerToInvalidOpcodeEntryForF00F()
                0x00000000c00094ba                IDT::addEntry(IDTEntry, int)
                0x00000000c00094d4                IDT::addEntry(int, void (*)(), bool)
                0x00000000c000950c                IDT::flush()
                0x00000000c0009526                IDT::setup()
 .text          0x00000000c000988c      0x191 core/kheap.32
                0x00000000c000988c                sbrk
                0x00000000c000992f                mmap
                0x00000000c0009945                munmap
                0x00000000c000995b                liballoc_lock()
                0x00000000c0009968                liballoc_unlock()
                0x00000000c000997c                liballoc_alloc(int)
                0x00000000c0009994                liballoc_free(void*, int)
                0x00000000c00099af                realloc
                0x00000000c00099c3                malloc
                0x00000000c00099d3                free
                0x00000000c00099e3                rfree
                0x00000000c00099f3                calloc
 .text          0x00000000c0009a1d      0x1b6 core/main.32
                0x00000000c0009a1d                Krnl::setBootMessage(char const*)
                0x00000000c0009a89                kernel_main
 .text          0x00000000c0009bd3      0x673 core/physmgr.32
                0x00000000c0009bd3                Phys::allocateDMA(unsigned long)
                0x00000000c0009ce2                Phys::freeDMA(unsigned long, unsigned long)
                0x00000000c0009d28                Phys::setPageState(unsigned long, bool)
                0x00000000c0009d5a                Phys::getPageState(unsigned long)
                0x00000000c0009d76                Phys::freePage(unsigned long)
                0x00000000c0009df9                Phys::allocatePage()
                0x00000000c0009ee4                Phys::allocateContiguousPages(int)
                0x00000000c0009f40                Phys::allowSegmentToBeUsed(unsigned long, unsigned long)
                0x00000000c0009f78                Phys::physicalMemorySetup(unsigned int)
 .text          0x00000000c000a246      0x273 core/pipe.32
                0x00000000c000a246                Pipe::isAtty()
                0x00000000c000a24a                Pipe::~Pipe()
                0x00000000c000a24a                Pipe::~Pipe()
                0x00000000c000a26e                Pipe::~Pipe()
                0x00000000c000a296                Pipe::read(unsigned long long, void*, int*)
                0x00000000c000a392                Pipe::write(unsigned long long, void*, int*)
                0x00000000c000a452                Pipe::Pipe(int)
                0x00000000c000a452                Pipe::Pipe(int)
 *fill*         0x00000000c000a4b9        0x1 
 .text          0x00000000c000a4ba      0xb93 core/terminal.32
                0x00000000c000a4ba                VgaText::isAtty()
                0x00000000c000a4be                VgaText::~VgaText()
                0x00000000c000a4be                VgaText::~VgaText()
                0x00000000c000a4e2                VgaText::~VgaText()
                0x00000000c000a50c                VgaText::read(unsigned long long, void*, int*)
                0x00000000c000a52c                setTerminalScrollLock(bool)
                0x00000000c000a52d                addToTerminalCycle(VgaText*)
                0x00000000c000a54e                installVgaTextImplementation()
                0x00000000c000a563                scrollTerminalScrollLock(int)
                0x00000000c000a564                VgaText::updateTitle()
                0x00000000c000a5a2                VgaText::load()
                0x00000000c000a5f0                VgaText::updateCursor()
                0x00000000c000a606                VgaText::doANSI_SGR(int)
                0x00000000c000a67a                VgaText::setDefaultBgColour(VgaColour)
                0x00000000c000a68a                VgaText::setDefaultFgColour(VgaColour)
                0x00000000c000a69a                VgaText::setDefaultColours(VgaColour, VgaColour)
                0x00000000c000a6ba                VgaText::setTitleTextColour(VgaColour)
                0x00000000c000a6ca                VgaText::setTitleColour(VgaColour)
                0x00000000c000a6da                VgaText::setTitle(char*)
                0x00000000c000a700                VgaText::combineColours(unsigned char, unsigned char)
                0x00000000c000a712                VgaText::scrollScreen()
                0x00000000c000a7a6                VgaText::combineCharAndColour(char, unsigned char)
                0x00000000c000a7b8                VgaText::writeCharacter(char, VgaColour, VgaColour, int, int)
                0x00000000c000a814                VgaText::getCursorX()
                0x00000000c000a81c                VgaText::getCursorY()
                0x00000000c000a824                VgaText::setCursor(int, int)
                0x00000000c000a83b                setActiveTerminal(VgaText*)
                0x00000000c000a89d                doTerminalCycle()
                0x00000000c000a8b8                VgaText::setCursorX(int)
                0x00000000c000a8d0                VgaText::setCursorY(int)
                0x00000000c000a8e8                VgaText::incrementCursor(bool)
                0x00000000c000a93c                VgaText::decrementCursor(bool)
                0x00000000c000a95e                VgaText::putchar(char, VgaColour, VgaColour)
                0x00000000c000aa36                VgaText::doUpdate()
                0x00000000c000aa44                VgaText::puts(char const*, VgaColour, VgaColour)
                0x00000000c000abbc                VgaText::clearScreen()
                0x00000000c000ac16                VgaText::putchar(char)
                0x00000000c000ad02                VgaText::putx(unsigned int)
                0x00000000c000ad48                VgaText::puts(char const*)
                0x00000000c000ad6e                VgaText::VgaText(char const*)
                0x00000000c000ad6e                VgaText::VgaText(char const*)
                0x00000000c000aeec                VgaText::receiveKey(unsigned char)
                0x00000000c000afd4                VgaText::write(unsigned long long, void*, int*)
                0x00000000c000b028                newTerminal(char*)
 *fill*         0x00000000c000b04d        0x3 
 .text          0x00000000c000b050      0x1a1 core/tss.32
                0x00000000c000b050                TSS::TSS()
                0x00000000c000b050                TSS::TSS()
                0x00000000c000b060                TSS::setESP(unsigned long)
                0x00000000c000b074                TSS::flush()
                0x00000000c000b094                TSS::setup(unsigned long, unsigned long)
 *fill*         0x00000000c000b1f1        0x1 
 .text          0x00000000c000b1f2      0x4c2 core/unixfile.32
                0x00000000c000b1f2                ReservedFilename::read(unsigned long long, void*, int*)
                0x00000000c000b248                ReservedFilename::isAtty()
                0x00000000c000b264                ReservedFilename::write(unsigned long long, void*, int*)
                0x00000000c000b2c2                UnixFile::getFileDescriptor()
                0x00000000c000b2ca                UnixFile::UnixFile(int)
                0x00000000c000b2ca                UnixFile::UnixFile(int)
                0x00000000c000b47a                ReservedFilename::ReservedFilename(int)
                0x00000000c000b47a                ReservedFilename::ReservedFilename(int)
                0x00000000c000b4ac                UnixFile::~UnixFile()
                0x00000000c000b4ac                UnixFile::~UnixFile()
                0x00000000c000b544                UnixFile::~UnixFile()
                0x00000000c000b56c                ReservedFilename::~ReservedFilename()
                0x00000000c000b56c                ReservedFilename::~ReservedFilename()
                0x00000000c000b590                ReservedFilename::~ReservedFilename()
                0x00000000c000b5b7                getFromFileDescriptor(int)
 .text          0x00000000c000b6b4     0x12c4 core/virtmgr.32
                0x00000000c000b6b4                Virt::setPageState(unsigned long, Virt::VirtPageState)
                0x00000000c000b6e9                Virt::getPageState(unsigned long)
                0x00000000c000b70d                Virt::allocateKernelVirtualPages(int)
                0x00000000c000b81e                Virt::freeSwapfilePage(unsigned long)
                0x00000000c000b83c                Virt::swapIDToSector(unsigned long)
                0x00000000c000b84e                Virt::allocateSwapfilePage()
                0x00000000c000b8cc                Virt::virtualMemorySetup()
                0x00000000c000b917                Virt::setupPageSwapping(int)
                0x00000000c000b988                VAS::VAS()
                0x00000000c000b988                VAS::VAS()
                0x00000000c000b9c4                VAS::VAS(VAS*)
                0x00000000c000b9c4                VAS::VAS(VAS*)
                0x00000000c000b9f2                VAS::getForeignPageTableEntry(bool, unsigned long)
                0x00000000c000ba1e                VAS::getPageTableEntry(unsigned long)
                0x00000000c000ba3d                Virt::freeKernelVirtualPages(unsigned long)
                0x00000000c000bb60                VAS::freeAllocatedPages(unsigned long)
                0x00000000c000bb84                VAS::virtualToPhysical(unsigned long)
                0x00000000c000bb9c                VAS::reflagRange(unsigned long, int, int, int)
                0x00000000c000bbdc                VAS::setToWriteCombining(unsigned long, int)
                0x00000000c000bc0e                VAS::mapOtherVASIn(bool, VAS*)
                0x00000000c000bc38                VAS::~VAS()
                0x00000000c000bc38                VAS::~VAS()
                0x00000000c000bdb4                VAS::mapPage(unsigned long, unsigned long, int)
                0x00000000c000beb6                VAS::allocatePages(int, int)
                0x00000000c000c08e                VAS::setCPUSpecific(unsigned long)
                0x00000000c000c0aa                VAS::mapRange(unsigned long, unsigned long, int, int)
                0x00000000c000c170                VAS::mapForeignPage(bool, VAS*, unsigned long, unsigned long, int)
                0x00000000c000c25e                VAS::VAS(bool)
                0x00000000c000c25e                VAS::VAS(bool)
                0x00000000c000c4de                VAS::evict(unsigned long)
                0x00000000c000c5e6                VAS::tryLoadBackOffDisk(unsigned long)
                0x00000000c000c76e                VAS::scanForEviction()
                0x00000000c000c84c                mapVASFirstTime
 .text          0x00000000c000c978       0x95 coreobjs/c++.32
                0x00000000c000c978                __cxa_atexit
                0x00000000c000c97b                __cxa_finalize
                0x00000000c000c97c                __stack_chk_fail
                0x00000000c000c9e8                __cxa_pure_virtual
                0x00000000c000c9f9                operator new[](unsigned long)
                0x00000000c000c9fe                operator delete(void*, unsigned long)
                0x00000000c000ca03                operator delete[](void*)
                0x00000000c000ca08                operator delete[](void*, unsigned long)
 .text          0x00000000c000ca0d      0x1fc dbg/kconsole.32
                0x00000000c000ca0d                Dbg::stringifyxWithBase(unsigned int, char*, int)
                0x00000000c000ca66                Dbg::logc(char)
                0x00000000c000ca86                Dbg::logs(char*)
                0x00000000c000caa3                Dbg::logWriteInt(unsigned int)
                0x00000000c000cac0                Dbg::logWriteIntBase(unsigned int, int)
                0x00000000c000cadf                Dbg::kprintf(char const*, ...)
 *fill*         0x00000000c000cc09        0x1 
 .text          0x00000000c000cc0a      0xb82 fs/vfs.32
                0x00000000c000cc0a                File::read(unsigned long long, void*, int*)
                0x00000000c000cc62                File::write(unsigned long long, void*, int*)
                0x00000000c000ccba                Directory::read(unsigned long long, void*, int*)
                0x00000000c000cd12                Directory::write(unsigned long long, void*, int*)
                0x00000000c000cd40                File::isAtty()
                0x00000000c000cd44                Directory::isAtty()
                0x00000000c000cd48                Filesystem::getlabel(LogicalDisk*, int, char*, unsigned int*)
                0x00000000c000cd4e                Filesystem::setlabel(LogicalDisk*, int, char*)
                0x00000000c000cd54                Filesystem::allocateSwapfile(char const*, int)
                0x00000000c000cd5a                File::~File()
                0x00000000c000cd5a                File::~File()
                0x00000000c000cd7e                File::~File()
                0x00000000c000cda8                Directory::~Directory()
                0x00000000c000cda8                Directory::~Directory()
                0x00000000c000cdcc                Directory::~Directory()
                0x00000000c000cdf6                Filesystem::Filesystem()
                0x00000000c000cdf6                Filesystem::Filesystem()
                0x00000000c000ce1a                Filesystem::~Filesystem()
                0x00000000c000ce1a                Filesystem::~Filesystem()
                0x00000000c000ce28                Filesystem::~Filesystem()
                0x00000000c000ce4c                Fs::getcwd(Process*, char*, int)
                0x00000000c000ce76                Fs::initVFS()
                0x00000000c000cea0                Fs::standardiseFiles(char*, char const*, char const*)
                0x00000000c000d04a                File::File(char const*, Process*)
                0x00000000c000d04a                File::File(char const*, Process*)
                0x00000000c000d0ae                File::open(FileOpenMode)
                0x00000000c000d10c                File::close()
                0x00000000c000d16c                File::seek(unsigned long long)
                0x00000000c000d1c2                File::tell(unsigned long long*)
                0x00000000c000d212                File::rewind()
                0x00000000c000d226                File::unlink()
                0x00000000c000d272                File::rename(char const*)
                0x00000000c000d2c0                File::chfatattr(unsigned char, unsigned char)
                0x00000000c000d31c                File::exists()
                0x00000000c000d35a                File::stat(unsigned long long*, bool*)
                0x00000000c000d3bb                Fs::setcwd(Process*, char*)
                0x00000000c000d4f6                Directory::Directory(char const*, Process*)
                0x00000000c000d4f6                Directory::Directory(char const*, Process*)
                0x00000000c000d55a                Directory::open()
                0x00000000c000d5b6                Directory::close()
                0x00000000c000d616                Directory::unlink()
                0x00000000c000d662                Directory::rename(char const*)
                0x00000000c000d6b0                Directory::exists()
                0x00000000c000d6ee                Directory::read(dirent*)
                0x00000000c000d73a                Directory::create()
                0x00000000c000d786                Filesystem::chfatattr(char const*, unsigned char, unsigned char)
 .text          0x00000000c000d78c       0x86 hal/bus.32
                0x00000000c000d78c                Bus::Bus(char const*)
                0x00000000c000d78c                Bus::Bus(char const*)
                0x00000000c000d7c4                Bus::~Bus()
                0x00000000c000d7c4                Bus::~Bus()
                0x00000000c000d7e8                Bus::~Bus()
 *fill*         0x00000000c000d812        0x2 
 .text          0x00000000c000d814      0x153 hal/buzzer.32
                0x00000000c000d814                Buzzer::Buzzer(char const*)
                0x00000000c000d814                Buzzer::Buzzer(char const*)
                0x00000000c000d858                Buzzer::~Buzzer()
                0x00000000c000d858                Buzzer::~Buzzer()
                0x00000000c000d87c                Buzzer::~Buzzer()
                0x00000000c000d8a6                Buzzer::stop()
                0x00000000c000d8b9                beepThread(void*)
                0x00000000c000d8fa                Buzzer::beep(int, int, bool)
 *fill*         0x00000000c000d967        0x1 
 .text          0x00000000c000d968      0x467 hal/clock.32
                0x00000000c000d968                User::loadClockSettings(int)
                0x00000000c000d9ba                Clock::Clock(char const*)
                0x00000000c000d9ba                Clock::Clock(char const*)
                0x00000000c000d9f0                Clock::~Clock()
                0x00000000c000d9f0                Clock::~Clock()
                0x00000000c000da14                Clock::~Clock()
                0x00000000c000da3e                Clock::timeInSecondsLocal()
                0x00000000c000da86                Clock::setTimeInSecondsLocal(unsigned long long)
                0x00000000c000dadf                datetimeToSeconds(datetime_t)
                0x00000000c000dc06                Clock::setTimeInDatetimeLocal(datetime_t)
                0x00000000c000dc66                secondsToDatetime(unsigned long long)
                0x00000000c000ddaa                Clock::timeInDatetimeLocal()
 *fill*         0x00000000c000ddcf        0x1 
 .text          0x00000000c000ddd0      0x504 hal/device.32
                0x00000000c000ddd0                Device::hibernate()
                0x00000000c000ddd2                Device::wake()
                0x00000000c000ddd4                Device::detect()
                0x00000000c000ddd6                Device::disableLegacy()
                0x00000000c000ddd8                Device::powerSaving(PowerSavingLevel)
                0x00000000c000ddda                DriverlessDevice::close(int, int, void*)
                0x00000000c000ddde                DriverlessDevice::detect()
                0x00000000c000dde0                DriverlessDevice::open(int, int, void*)
                0x00000000c000ddf4                Device::~Device()
                0x00000000c000ddf4                Device::~Device()
                0x00000000c000de02                Device::~Device()
                0x00000000c000de2a                Device::findAndLoadDriver()
                0x00000000c000de38                Device::preOpenPCI(PCIDeviceInfo)
                0x00000000c000de5e                Device::preOpenACPI(void*, char*, char*)
                0x00000000c000de9e                Device::addIRQHandler(int, void (*)(regs*, void*), bool, void*)
                0x00000000c000dedc                Device::getParent()
                0x00000000c000dee8                Device::removeIRQHandler(int, void (*)(regs*, void*), bool)
                0x00000000c000df26                Device::addChild(Device*)
                0x00000000c000df6a                Device::removeAllChildren()
                0x00000000c000dfb0                Device::hibernateAll()
                0x00000000c000dfe0                Device::wakeAll()
                0x00000000c000e010                Device::detectAll()
                0x00000000c000e040                Device::disableLegacyAll()
                0x00000000c000e070                Device::loadDriversForAll()
                0x00000000c000e0b0                Device::closeAll()
                0x00000000c000e0e6                Device::powerSavingAll(PowerSavingLevel)
                0x00000000c000e11c                Device::setName(char const*)
                0x00000000c000e12a                Device::Device(char const*)
                0x00000000c000e12a                Device::Device(char const*)
                0x00000000c000e226                Device::getName()
                0x00000000c000e230                DriverlessDevice::DriverlessDevice(char const*)
                0x00000000c000e230                DriverlessDevice::DriverlessDevice(char const*)
                0x00000000c000e266                Device::addToLinkedList(LinkedList<Device>&, DeviceType)
                0x00000000c000e2aa                getDevicesOfType(DeviceType)
 .text          0x00000000c000e2d4       0x86 hal/diskctrl.32
                0x00000000c000e2d4                HardDiskController::HardDiskController(char const*)
                0x00000000c000e2d4                HardDiskController::HardDiskController(char const*)
                0x00000000c000e30c                HardDiskController::~HardDiskController()
                0x00000000c000e30c                HardDiskController::~HardDiskController()
                0x00000000c000e330                HardDiskController::~HardDiskController()
 .text          0x00000000c000e35a       0xe2 hal/diskphys.32
                0x00000000c000e35a                PhysicalDisk::eject()
                0x00000000c000e35e                PhysicalDisk::PhysicalDisk(char const*, int)
                0x00000000c000e35e                PhysicalDisk::PhysicalDisk(char const*, int)
                0x00000000c000e3c6                PhysicalDisk::startCache()
                0x00000000c000e3ee                PhysicalDisk::~PhysicalDisk()
                0x00000000c000e3ee                PhysicalDisk::~PhysicalDisk()
                0x00000000c000e412                PhysicalDisk::~PhysicalDisk()
 .text          0x00000000c000e43c      0x147 hal/fpu.32
                0x00000000c000e43c                FPU::FPU(char const*)
                0x00000000c000e43c                FPU::FPU(char const*)
                0x00000000c000e474                FPU::~FPU()
                0x00000000c000e474                FPU::~FPU()
                0x00000000c000e498                FPU::~FPU()
                0x00000000c000e4c2                setupFPU()
 *fill*         0x00000000c000e583        0x1 
 .text          0x00000000c000e584     0x11e1 hal/intctrl.32
                0x00000000c000e584                InterruptController::uninstallISRHandler(int, void (*)(regs*, void*))
                0x00000000c000e5bc                InterruptController::installISRHandler(int, void (*)(regs*, void*), void*)
                0x00000000c000e60e                doubleFault(regs*, void*)
                0x00000000c000e628                InterruptController::installIRQHandler(int, void (*)(regs*, void*), bool, void*)
                0x00000000c000e6c4                InterruptController::clearAllHandlers(int, bool)
                0x00000000c000e76c                InterruptController::uninstallIRQHandler(int, void (*)(regs*, void*), bool)
                0x00000000c000e7f3                nmiHandler(regs*, void*)
                0x00000000c000e801                int_handler
                0x00000000c000e8a2                InterruptController::InterruptController(char const*)
                0x00000000c000e8a2                InterruptController::InterruptController(char const*)
                0x00000000c000e948                InterruptController::~InterruptController()
                0x00000000c000e948                InterruptController::~InterruptController()
                0x00000000c000e96c                InterruptController::~InterruptController()
                0x00000000c000e996                displayDebugInfo(regs*)
                0x00000000c000ee25                x87EmulHandler(regs*, void*)
                0x00000000c000ee98                gpFault(regs*, void*)
                0x00000000c000eed1                pgFault(regs*, void*)
                0x00000000c000ef20                otherISRHandler(regs*, void*)
                0x00000000c000ef3f                opcodeFault(regs*, void*)
                0x00000000c000f302                displayProgramFault(char const*)
                0x00000000c000f32a                setupInterruptController()
                0x00000000c000f718                InterruptController::convertLegacyIRQNumber(int)
 *fill*         0x00000000c000f765        0x1 
 .text          0x00000000c000f766      0x784 hal/keybrd.32
                0x00000000c000f766                startGUI(void*)
                0x00000000c000f7d2                startGUIVESA(void*)
                0x00000000c000f83e                sendKeyToTerminal(unsigned char)
                0x00000000c000f8fc                sendKeyboardToken(KeyboardToken)
                0x00000000c000fd39                clearInternalKeybuffer(VgaText*)
                0x00000000c000fd6e                readKeyboard(VgaText*, char*, unsigned long)
                0x00000000c000fe60                Keyboard::Keyboard(char const*)
                0x00000000c000fe60                Keyboard::Keyboard(char const*)
                0x00000000c000fe9c                Keyboard::~Keyboard()
                0x00000000c000fe9c                Keyboard::~Keyboard()
                0x00000000c000fec0                Keyboard::~Keyboard()
 .text          0x00000000c000feea      0x3ea hal/logidisk.32
                0x00000000c000feea                LogicalDisk::close(int, int, void*)
                0x00000000c000feee                LogicalDisk::~LogicalDisk()
                0x00000000c000feee                LogicalDisk::~LogicalDisk()
                0x00000000c000ff12                LogicalDisk::~LogicalDisk()
                0x00000000c000ff3c                LogicalDisk::open(int, int, void*)
                0x00000000c000ff50                LogicalDisk::absoluteToRelative(unsigned long long)
                0x00000000c000ff88                LogicalDisk::relativeToAbsolute(unsigned long long)
                0x00000000c000ffce                LogicalDisk::LogicalDisk(char const*, PhysicalDisk*, unsigned long long, unsigned long long)
                0x00000000c000ffce                LogicalDisk::LogicalDisk(char const*, PhysicalDisk*, unsigned long long, unsigned long long)
                0x00000000c0010084                LogicalDisk::assignDriveLetter()
                0x00000000c001013a                LogicalDisk::mount()
                0x00000000c0010182                LogicalDisk::unmount()
                0x00000000c0010192                LogicalDisk::eject()
                0x00000000c00101a6                LogicalDisk::unassignDriveLetter()
                0x00000000c00101fc                LogicalDisk::read(unsigned long long, int, void*)
                0x00000000c0010268                LogicalDisk::write(unsigned long long, int, void*)
 .text          0x00000000c00102d4       0x86 hal/mouse.32
                0x00000000c00102d4                Mouse::Mouse(char const*)
                0x00000000c00102d4                Mouse::Mouse(char const*)
                0x00000000c001030c                Mouse::~Mouse()
                0x00000000c001030c                Mouse::~Mouse()
                0x00000000c0010330                Mouse::~Mouse()
 .text          0x00000000c001035a      0x339 hal/partition.32
                0x00000000c001035a                makePartition(PhysicalDisk*, unsigned long long, unsigned long long)
                0x00000000c0010402                createPartitionsForDisk(PhysicalDisk*)
 *fill*         0x00000000c0010693        0x1 
 .text          0x00000000c0010694       0x86 hal/serial.32
                0x00000000c0010694                Serial::Serial(char const*)
                0x00000000c0010694                Serial::Serial(char const*)
                0x00000000c00106cc                Serial::~Serial()
                0x00000000c00106cc                Serial::~Serial()
                0x00000000c00106f0                Serial::~Serial()
 *fill*         0x00000000c001071a        0x2 
 .text          0x00000000c001071c      0x2f2 hal/timer.32
                0x00000000c001071c                Timer::Timer(char const*)
                0x00000000c001071c                Timer::Timer(char const*)
                0x00000000c0010754                Timer::~Timer()
                0x00000000c0010754                Timer::~Timer()
                0x00000000c0010778                Timer::~Timer()
                0x00000000c00107a2                Timer::read()
                0x00000000c00107ad                timerHandler(unsigned int)
                0x00000000c0010914                setupTimer(int)
 *fill*         0x00000000c0010a0e        0x2 
 .text          0x00000000c0010a10      0x4af hal/vcache.32
                0x00000000c0010a10                VCache::VCache(PhysicalDisk*)
                0x00000000c0010a10                VCache::VCache(PhysicalDisk*)
                0x00000000c0010b78                VCache::invalidateReadBuffer()
                0x00000000c0010b88                VCache::writeWriteBuffer()
                0x00000000c0010bd4                VCache::~VCache()
                0x00000000c0010bd4                VCache::~VCache()
                0x00000000c0010c28                VCache::~VCache()
                0x00000000c0010c50                VCache::write(unsigned long long, int, void*)
                0x00000000c0010d94                VCache::read(unsigned long long, int, void*)
 *fill*         0x00000000c0010ebf        0x1 
 .text          0x00000000c0010ec0      0x4b3 hal/video.32
                0x00000000c0010ec0                Video::putrect(int, int, int, int, unsigned int)
                0x00000000c0010f0c                Video::bitblit(int, int, int, int, int, int, int, unsigned int*)
                0x00000000c0010f7c                Video::blit(unsigned int*, int, int, int, int)
                0x00000000c0010ffa                Video::clearScreen(unsigned int)
                0x00000000c001102e                Video::putpixel(int, int, unsigned int)
                0x00000000c001103c                Video::Video(char const*)
                0x00000000c001103c                Video::Video(char const*)
                0x00000000c0011072                Video::~Video()
                0x00000000c0011072                Video::~Video()
                0x00000000c0011096                Video::~Video()
                0x00000000c00110c0                Video::isMonochrome()
                0x00000000c00110cc                Video::getWidth()
                0x00000000c00110d8                Video::getHeight()
                0x00000000c00110e4                Video::drawCursor(int, int, unsigned char*, int)
                0x00000000c00111a0                Video::tgaParse(unsigned char*, int, int*, int*)
                0x00000000c0011308                Video::putTGA(int, int, unsigned char*, int)
 *fill*         0x00000000c0011373        0x1 
 .text          0x00000000c0011374     0x141b hw/acpi.32
                0x00000000c0011374                ACPI::close(int, int, void*)
                0x00000000c0011428                findRSDP()
                0x00000000c00114fc                loadACPITables(unsigned char*)
                0x00000000c0011760                findRSDT(unsigned char*)
                0x00000000c0011920                findDataTable(unsigned char*, char*)
                0x00000000c0011998                scanMADT()
                0x00000000c0011e74                ACPI::ACPI()
                0x00000000c0011e74                ACPI::ACPI()
                0x00000000c0011ed8                ACPI::getPCIIRQAssignment(unsigned char, unsigned short, unsigned char)
                0x00000000c0011fc0                ACPI::registerPCIIRQAssignment(void*, unsigned short, unsigned char, unsigned char)
                0x00000000c0012088                ACPI::setScreenBrightnessLevel(void*, int)
                0x00000000c0012090                ACPI::detectPCI()
                0x00000000c00122a8                ACPI::writeSimpleBootFlag(SimpleBootFlagTable*)
                0x00000000c00122f0                ACPI::sleep()
                0x00000000c001230c                ACPI::open(int, int, void*)
 *fill*         0x00000000c001278f        0x1 
 .text          0x00000000c0012790     0x15b3 hw/cpu.32
                0x00000000c0012790                CPU::close(int, int, void*)
                0x00000000c0012794                CPU::lookupAMDName(unsigned char, unsigned char)
                0x00000000c0012928                CPU::lookupIntelName(unsigned char, unsigned char)
                0x00000000c0012bd6                CPU::AMD_K6_write_msr(unsigned int, unsigned int, unsigned int, CPU::REGS*)
                0x00000000c0012bf2                CPU::AMD_K6_read_msr(unsigned int, CPU::REGS*)
                0x00000000c0012c0a                CPU::AMD_K6_writeback(int, int, int)
                0x00000000c0012c7e                CPU::cpuid(int, unsigned long*, unsigned long*, unsigned long*, unsigned long*)
                0x00000000c0012d02                CPU::cpuidCheckEDX(unsigned int)
                0x00000000c0012d30                CPU::cpuidCheckECX(unsigned int)
                0x00000000c0012d5e                CPU::cpuidCheckExtendedEBX(unsigned int)
                0x00000000c0012d8c                CPU::cpuidCheckExtendedECX(unsigned int)
                0x00000000c0012dba                CPU::CPU()
                0x00000000c0012dba                CPU::CPU()
                0x00000000c0012e48                CPU::displayFeatures()
                0x00000000c0012e4a                CPU::detectFeatures()
                0x00000000c001383c                CPU::setupSMEP()
                0x00000000c0013848                CPU::setupUMIP()
                0x00000000c0013852                CPU::setupTSC()
                0x00000000c001385c                CPU::setupLargePages()
                0x00000000c0013866                CPU::setupPAT()
                0x00000000c00138a2                CPU::setupMTRR()
                0x00000000c00138a4                CPU::setupGlobalPages()
                0x00000000c00138ae                CPU::allowUsermodeDataAccess()
                0x00000000c00138c0                CPU::prohibitUsermodeDataAccess()
                0x00000000c00138d2                CPU::setupSMAP()
                0x00000000c00138e0                CPU::setupFeatures()
                0x00000000c00139ee                CPU::open(int, int, void*)
                0x00000000c0013b48                CPU::decodeAddress(regs*, int*, bool*, unsigned char*)
 .text          0x00000000c0013d43        0x0 hw/ports.32
 .text          0x00000000c0013d43      0x16a hw/smp.32
                0x00000000c0013d43                Krnl::smpEntry()
                0x00000000c0013d45                Krnl::startCPU(int)
                0x00000000c0013e8e                Krnl::startCPUs()
 *fill*         0x00000000c0013ead        0x1 
 .text          0x00000000c0013eae      0x581 krnl/env.32
                0x00000000c0013eae                EnvVarContainer::getEnv(char const*)
                0x00000000c0013eec                EnvVarContainer::setEnv(char const*, char const*)
                0x00000000c0013fae                EnvVarContainer::deleteEnv(char const*)
                0x00000000c0013fb0                EnvVarContainer::loadFrom(char const*, char const*)
                0x00000000c0014196                EnvVarContainer::__loadSystem()
                0x00000000c00141b0                EnvVarContainer::__loadUser()
                0x00000000c00141b2                EnvVarContainer::EnvVarContainer(Process*)
                0x00000000c00141b2                EnvVarContainer::EnvVarContainer(Process*)
                0x00000000c00141d4                EnvVarContainer::~EnvVarContainer()
                0x00000000c00141d4                EnvVarContainer::~EnvVarContainer()
                0x00000000c0014204                Krnl::getEnv(Process*, char const*)
                0x00000000c0014269                Krnl::setEnvSystem(char const*, char const*)
                0x00000000c0014283                Krnl::setEnvUser(char const*, char const*)
                0x00000000c00142a2                Krnl::setEnvProcess(Process*, char const*, char const*)
                0x00000000c00142b5                Krnl::deleteEnvSystem(char const*)
                0x00000000c00142b6                Krnl::deleteEnvUser(char const*)
                0x00000000c00142b7                Krnl::deleteEnvProcess(Process*, char const*)
                0x00000000c00142b8                Krnl::newProcessEnv(Process*)
                0x00000000c00142da                Krnl::copyProcessEnv(Process*, Process*)
                0x00000000c0014326                Krnl::loadSystemEnv()
                0x00000000c0014354                Krnl::loadUserEnv()
                0x00000000c001437a                Krnl::flushEnv()
                0x00000000c001437b                Krnl::getProcessTotalEnvCount(Process*)
                0x00000000c001439b                Krnl::getProcessEnvPair(Process*, int)
 .text          0x00000000c001442f      0x39c krnl/panic.32
                0x00000000c001442f                Krnl::panic(char const*)
 *fill*         0x00000000c00147cb        0x1 
 .text          0x00000000c00147cc      0x5a0 net/ethernet.32
                0x00000000c00147cc                Net::switchEndian16(unsigned short)
                0x00000000c00147f0                Net::switchEndian32(unsigned int)
                0x00000000c0014820                Net::crc32Calc(unsigned char*, int)
                0x00000000c00148c4                Net::wrapEthernetFrame(Net::UnwrappedEthernetFrame, unsigned char*)
                0x00000000c0014ae0                Net::unwrapEthernetFrame(unsigned char*, int)
 .text          0x00000000c0014d6c      0x50e reg/registry.32
                0x00000000c0014d6c                Reg::findLineFromLoadedData(char*, char*, char*)
                0x00000000c0014ec4                Reg::getLineFromRegistry(char*, char*, char*, char*)
                0x00000000c0015019                Reg::getLine(char*, char*, char*)
                0x00000000c0015050                Reg::readInt(char*, char*, int*)
                0x00000000c001513b                Reg::readString(char*, char*, char*, int)
                0x00000000c00151bc                Reg::readBool(char*, char*, bool*)
                0x00000000c00151e1                Reg::readBoolWithDefault(char*, char*, bool)
                0x00000000c001520d                Reg::readIntWithDefault(char*, char*, int)
                0x00000000c0015239                Reg::readStringWithDefault(char*, char*, char*, int, char*)
 .text          0x00000000c001527a       0x36 sys/sc_eject.32
                0x00000000c001527a                Sys::eject(regs*)
 .text          0x00000000c00152b0       0x18 sys/sc_exit.32
                0x00000000c00152b0                Sys::exit(regs*)
 .text          0x00000000c00152c8       0x1f sys/sc_getcwd.32
                0x00000000c00152c8                Sys::getCwd(regs*)
 .text          0x00000000c00152e7        0xc sys/sc_getpid.32
                0x00000000c00152e7                Sys::getPID(regs*)
 .text          0x00000000c00152f3       0x1a sys/sc_getramdata.32
                0x00000000c00152f3                Sys::getRAMData(regs*)
 .text          0x00000000c001530d       0x84 sys/sc_getvgaptr.32
                0x00000000c001530d                Sys::getVGAPtr(regs*)
 .text          0x00000000c0015391       0xa8 sys/sc_loaddll.32
                0x00000000c0015391                Sys::loadDLL(regs*)
 .text          0x00000000c0015439       0x68 sys/sc_read.32
                0x00000000c0015439                Sys::read(regs*)
 .text          0x00000000c00154a1       0x55 sys/sc_sbrk.32
                0x00000000c00154a1                Sys::sbrk(regs*)
 .text          0x00000000c00154f6       0x1c sys/sc_setcwd.32
                0x00000000c00154f6                Sys::setCwd(regs*)
 .text          0x00000000c0015512       0x95 sys/sc_settime.32
                0x00000000c0015512                Sys::setTime(regs*)
 .text          0x00000000c00155a7       0x4a sys/sc_timezone.32
                0x00000000c00155a7                Sys::timezone(regs*)
 .text          0x00000000c00155f1       0x68 sys/sc_write.32
                0x00000000c00155f1                Sys::write(regs*)
 .text          0x00000000c0015659       0x62 sys/sc_wsbe.32
                0x00000000c0015659                Sys::wsbe(regs*)
 .text          0x00000000c00156bb       0x38 sys/sc_yield.32
                0x00000000c00156bb                Sys::yield(regs*)
 .text          0x00000000c00156f3      0xf8e sys/syscalls.32
                0x00000000c00156f3                sysCallSeekDir(regs*)
                0x00000000c00156f8                sysCallTellDir(regs*)
                0x00000000c00156fd                sysCallVerify(regs*)
                0x00000000c0015707                sysCallGetArgc(regs*)
                0x00000000c0015717                sysFormatDisk(regs*)
                0x00000000c0015781                sysSetDiskVolumeLabel(regs*)
                0x00000000c00157cb                sysGetDiskVolumeLabel(regs*)
                0x00000000c0015820                sysShutdown(regs*)
                0x00000000c001587e                sysCallRealpath(regs*)
                0x00000000c00158c1                sysCallReadDir(regs*)
                0x00000000c0015940                sysCallIsATTY(regs*)
                0x00000000c001599a                sysCallSeek(regs*)
                0x00000000c00159f1                sysCallTell(regs*)
                0x00000000c0015a5d                sysCallSize(regs*)
                0x00000000c0015acf                sysCallSizeFromFilename(regs*)
                0x00000000c0015b7e                sysCallClose(regs*)
                0x00000000c0015bde                sysCallOpenDir(regs*)
                0x00000000c0015c53                sysCallCloseDir(regs*)
                0x00000000c0015ca7                sysCallMakeDir(regs*)
                0x00000000c0015d17                sysCallWait(regs*)
                0x00000000c0015d31                sysCallNotImpl(regs*)
                0x00000000c0015d4c                sysPanic(regs*)
                0x00000000c0015d66                sysCallRmdir(regs*)
                0x00000000c0015dca                sysCallUnlink(regs*)
                0x00000000c0015e2e                sysCallGetArgv(regs*)
                0x00000000c0015e7a                sysCallTTYName(regs*)
                0x00000000c0015efd                sysCallUSleep(regs*)
                0x00000000c0015f26                sysCallSpawn(regs*)
                0x00000000c0015f8e                sysCallGetEnv(regs*)
                0x00000000c001603b                sysAppSettings(regs*)
                0x00000000c001614f                sysSetFatAttrib(regs*)
                0x00000000c00161c1                sysPipe(regs*)
                0x00000000c0016206                sysGetUnixTime(regs*)
                0x00000000c001621a                string_ends_with(char const*, char const*)
                0x00000000c0016262                sysCallOpen(regs*)
                0x00000000c001644a                Sys::loadSyscalls()
                0x00000000c001663f                Sys::systemCall(regs*, void*)
 .text          0x00000000c0016681     0x1203 thr/elf.32
                0x00000000c0016681                Thr::allocateMemoryForTask(Process*, File*, unsigned long, unsigned long, unsigned long)
                0x00000000c001692b                Thr::loadProgramIntoMemory(Process*, char const*)
                0x00000000c0016b41                Thr::runtimeReferenceHelper()
                0x00000000c0016b54                Thr::getAddressOfKernelSymbol(char const*)
                0x00000000c0016ba3                Thr::loadKernelSymbolTable(char const*)
                0x00000000c0016e61                Thr::loadDriverIntoMemory(char const*, unsigned long, bool)
                0x00000000c0017597                Thr::getDriverBaseFromAddress(unsigned long)
                0x00000000c00175c9                Thr::getDriverNameFromAddress(unsigned long)
                0x00000000c0017600                Thr::getDriverOffsetFromAddress(unsigned long)
                0x00000000c001761a                Thr::loadDLL(char const*, bool)
                0x00000000c001784b                Thr::executeDLL(unsigned long, void*)
 .text          0x00000000c0017884     0x12a9 thr/prcssthr.32
                0x00000000c0017884                userModeEntryPoint(void*)
                0x00000000c00178ac                changeTSS
                0x00000000c00178dc                switchToThread(ThreadControlBlock*)
                0x00000000c0017990                Process::addArgs(char**)
                0x00000000c00179f0                Process::Process(char const*, Process*, char**)
                0x00000000c00179f0                Process::Process(char const*, Process*, char**)
                0x00000000c0017bdc                Process::Process(bool, char const*, Process*, char**)
                0x00000000c0017bdc                Process::Process(bool, char const*, Process*, char**)
                0x00000000c0017d94                taskStartupFunction
                0x00000000c0017da0                Semaphore::Semaphore(int)
                0x00000000c0017da0                Semaphore::Semaphore(int)
                0x00000000c0017dd0                Mutex::Mutex()
                0x00000000c0017dd0                Mutex::Mutex()
                0x00000000c0017de4                Process::createThread(void (*)(void*), void*, int)
                0x00000000c0017edc                Process::createUserThread()
                0x00000000c0017ef8                setupMultitasking(void (*)())
                0x00000000c0018000                schedule()
                0x00000000c001808c                Semaphore::tryAcquire()
                0x00000000c0018158                Semaphore::assertLocked(char const*)
                0x00000000c00181d0                blockTaskWithSchedulerLockAlreadyHeld(TaskState)
                0x00000000c00181f8                blockTask(TaskState)
                0x00000000c0018228                waitTask(int, int*, int)
                0x00000000c001826c                milliTenthSleepUntil(unsigned int)
                0x00000000c00182f8                milliTenthSleep(unsigned int)
                0x00000000c0018308                sleep(unsigned int)
                0x00000000c0018324                Semaphore::acquire()
                0x00000000c00183e0                taskReturned
                0x00000000c001841c                Thr::processFromPID(int)
                0x00000000c00184bc                unblockTask(ThreadControlBlock*)
                0x00000000c0018560                cleanupTerminatedTask(ThreadControlBlock*)
                0x00000000c0018828                cleanerTaskFunction(void*)
                0x00000000c0018918                terminateTask(int)
                0x00000000c00189e4                Thr::terminateFromIRQ(int)
                0x00000000c00189f0                Semaphore::release()
 .text          0x00000000c0018b2d      0xada vm86/vm8086.32
                0x00000000c0018b2d                Vm::inbv(unsigned short)
                0x00000000c0018b40                Vm::outbv(unsigned short, unsigned char)
                0x00000000c0018b76                Vm::realToLinear(unsigned short, unsigned short)
                0x00000000c0018b86                Vm::getSegment(unsigned int)
                0x00000000c0018b8e                Vm::getOffset(unsigned int)
                0x00000000c0018b93                Vm::mainloop2()
                0x00000000c0018bcd                Vm::mainVm8086Loop(void*)
                0x00000000c0018bdd                Vm::mainloop3(unsigned long)
                0x00000000c0018c03                Vm::initialise8086()
                0x00000000c0018c46                Vm::finish8086()
                0x00000000c0018ca7                Vm::getOutput8086(unsigned char*)
                0x00000000c0018ccc                Vm::start8086(char const*, unsigned short, unsigned short, unsigned short, unsigned short)
                0x00000000c0018e34                Vm::doISR(regs*, int, unsigned char*, unsigned short, unsigned short)
                0x00000000c0018ebe                Vm::readByteFromReal(unsigned short, unsigned short)
                0x00000000c0018ecf                Vm::readWordFromReal(unsigned short, unsigned short)
                0x00000000c0018ee1                Vm::readDwordFromReal(unsigned short, unsigned short)
                0x00000000c0018ef2                Vm::writeByteFromReal(unsigned short, unsigned short, unsigned char)
                0x00000000c0018f07                Vm::writeWordFromReal(unsigned short, unsigned short, unsigned short)
                0x00000000c0018f1d                Vm::writeDwordFromReal(unsigned short, unsigned short, unsigned int)
                0x00000000c0018f32                Vm::faultHandler(regs*)
 *fill*         0x00000000c0019607        0x1 
 .text          0x00000000c0019608      0xfcd vm86/x87em.32
                0x00000000c0019608                Vm::fpuInternalTo32(unsigned long long)
                0x00000000c0019666                Vm::fpuInternalTo64(unsigned long long)
                0x00000000c001966f                Vm::fpu32ToInternal(unsigned int)
                0x00000000c00196b4                Vm::fpu64ToInternal(unsigned long long)
                0x00000000c00196bd                Vm::fpuFloatToLong(unsigned long long)
                0x00000000c001971c                Vm::fpuULongToFloat(unsigned long long)
                0x00000000c0019758                Vm::fpuLongToFloat(long long)
                0x00000000c00197b7                Vm::fpuGet0()
                0x00000000c00197bc                Vm::fpuGet1()
                0x00000000c00197c4                Vm::fpuGetPi()
                0x00000000c00197cc                Vm::fpuGetLog2E()
                0x00000000c00197e4                Vm::fpuGetLogE2()
                0x00000000c00197fc                Vm::fpuGetLog210()
                0x00000000c0019814                Vm::fpuGetLog102()
                0x00000000c001982c                Vm::fpuIsSecondLarger(unsigned long long, unsigned long long)
                0x00000000c0019840                Vm::fpuAreEqual(unsigned long long, unsigned long long)
                0x00000000c0019856                Vm::fpuUnorderedCompare(unsigned long long, unsigned long long)
                0x00000000c00198ac                Vm::fpuAdd(unsigned long long, unsigned long long)
                0x00000000c00198bd                Vm::fpuAbs(unsigned long long)
                0x00000000c00198c6                Vm::fpuChs(unsigned long long)
                0x00000000c00198d6                Vm::fpuSub(unsigned long long, unsigned long long)
                0x00000000c00198e5                Vm::fpuMultiply(unsigned long long, unsigned long long)
                0x00000000c0019904                Vm::fpuDivide(unsigned long long, unsigned long long)
                0x00000000c0019920                Vm::fpuSquare(unsigned long long)
                0x00000000c0019936                Vm::fpuGetReg(int)
                0x00000000c0019979                Vm::fpuSetReg(int, unsigned long long)
                0x00000000c00199c5                Vm::fpuPush(unsigned long long)
                0x00000000c0019a23                Vm::fpuPop()
                0x00000000c0019a76                Vm::x87Handler(regs*)
 *fill*         0x00000000c001a5d5        0x3 
 .text          0x00000000c001a5d8     0x13b7 fs/fat/vfslink.32
                0x00000000c001a5d8                FAT::getName()
                0x00000000c001a5e0                FAT::tell(void*, unsigned long long*)
                0x00000000c001a61c                FAT::stat(void*, unsigned long long*)
                0x00000000c001a658                FAT::~FAT()
                0x00000000c001a658                FAT::~FAT()
                0x00000000c001a67c                FAT::~FAT()
                0x00000000c001a6a4                FAT::getlabel(LogicalDisk*, int, char*, unsigned int*)
                0x00000000c001a748                FAT::setlabel(LogicalDisk*, int, char*)
                0x00000000c001a80c                FAT::format(LogicalDisk*, int, char const*, int)
                0x00000000c001a9e0                FAT::tryMount(LogicalDisk*, int)
                0x00000000c001abf8                FAT::allocateSwapfile(char const*, int)
                0x00000000c001adb4                FAT::readDir(void*, unsigned long, void*, int*)
                0x00000000c001af20                FAT::read(void*, unsigned long, void*, int*)
                0x00000000c001af80                FAT::write(void*, unsigned long, void*, int*)
                0x00000000c001afe0                FAT::close(void*)
                0x00000000c001b034                FAT::closeDir(void*)
                0x00000000c001b088                FAT::seek(void*, unsigned long long)
                0x00000000c001b0e4                fatWrapperReadDisk
                0x00000000c001b12c                fatWrapperWriteDisk
                0x00000000c001b174                fatWrapperIoctl
                0x00000000c001b284                FAT::FAT()
                0x00000000c001b284                FAT::FAT()
                0x00000000c001b2d8                FAT::fixFilepath(char*)
                0x00000000c001b314                FAT::open(char const*, void**, FileOpenMode)
                0x00000000c001b448                FAT::openDir(char const*, void**)
                0x00000000c001b4f8                FAT::stat(char const*, unsigned long long*, bool*)
                0x00000000c001b5ec                FAT::unlink(char const*)
                0x00000000c001b66c                FAT::chfatattr(char const*, unsigned char, unsigned char)
                0x00000000c001b7d4                FAT::rename(char const*, char const*)
                0x00000000c001b8a0                FAT::mkdir(char const*)
                0x00000000c001b920                FAT::exists(char const*)
 *fill*         0x00000000c001b98f        0x1 
 .text          0x00000000c001b990      0xb75 fs/iso9660/vfslink.32
                0x00000000c001b990                ISO9660::format(LogicalDisk*, int, char const*, int)
                0x00000000c001b996                ISO9660::seek(void*, unsigned long long)
                0x00000000c001b9c6                ISO9660::tell(void*, unsigned long long*)
                0x00000000c001b9ea                ISO9660::getName()
                0x00000000c001b9f0                ISO9660::stat(void*, unsigned long long*)
                0x00000000c001ba14                ISO9660::chfatattr(char const*, unsigned char, unsigned char)
                0x00000000c001ba1a                ISO9660::unlink(char const*)
                0x00000000c001ba20                ISO9660::write(void*, unsigned long, void*, int*)
                0x00000000c001ba26                ISO9660::rename(char const*, char const*)
                0x00000000c001ba2c                ISO9660::mkdir(char const*)
                0x00000000c001ba32                ISO9660::close(void*)
                0x00000000c001ba54                ISO9660::closeDir(void*)
                0x00000000c001ba76                ISO9660::~ISO9660()
                0x00000000c001ba76                ISO9660::~ISO9660()
                0x00000000c001ba9a                ISO9660::~ISO9660()
                0x00000000c001bac1                __memmem(unsigned char*, int, unsigned char*, int)
                0x00000000c001bb03                readSectorFromCDROM(unsigned int, unsigned char*, char)
                0x00000000c001bb5e                ISO9660::tryMount(LogicalDisk*, int)
                0x00000000c001bbae                ISO9660::read(void*, unsigned long, void*, int*)
                0x00000000c001bdb2                ISO9660::readDir(void*, unsigned long, void*, int*)
                0x00000000c001c02c                readRoot(unsigned int*, unsigned int*, char)
                0x00000000c001c080                readRecursively(char*, unsigned int, unsigned int, unsigned int*, unsigned int*, char, int*)
                0x00000000c001c253                getFileData(char*, unsigned int*, unsigned int*, char, int*)
                0x00000000c001c2e2                ISO9660::open(char const*, void**, FileOpenMode)
                0x00000000c001c390                ISO9660::exists(char const*)
                0x00000000c001c3b4                ISO9660::stat(char const*, unsigned long long*, bool*)
                0x00000000c001c448                ISO9660::openDir(char const*, void**)
                0x00000000c001c4e2                ISO9660::ISO9660()
                0x00000000c001c4e2                ISO9660::ISO9660()
 *fill*         0x00000000c001c505        0x1 
 .text          0x00000000c001c506      0x2f0 hal/sound/sndcard.32
                0x00000000c001c506                SoundCard::beginPlayback()
                0x00000000c001c514                SoundCard::stopPlayback()
                0x00000000c001c522                SoundCard::SoundCard(char const*)
                0x00000000c001c522                SoundCard::SoundCard(char const*)
                0x00000000c001c5c0                SoundCard::~SoundCard()
                0x00000000c001c5c0                SoundCard::~SoundCard()
                0x00000000c001c5e4                SoundCard::~SoundCard()
                0x00000000c001c60e                SoundCard::configureRates(int, int, int)
                0x00000000c001c63e                SoundCard::getSamples16(int, short*)
                0x00000000c001c700                SoundCard::getSamples32(int, int*)
                0x00000000c001c786                SoundCard::addChannel(SoundPort*)
                0x00000000c001c7e2                SoundCard::removeChannel(int)
 *fill*         0x00000000c001c7f6        0x2 
 .text          0x00000000c001c7f8      0x3fb hal/sound/sndport.32
                0x00000000c001c7f8                SoundPort::SoundPort(int, int, int, int)
                0x00000000c001c7f8                SoundPort::SoundPort(int, int, int, int)
                0x00000000c001c884                SoundPort::~SoundPort()
                0x00000000c001c884                SoundPort::~SoundPort()
                0x00000000c001c8b8                SoundPort::unpause()
                0x00000000c001c8c4                SoundPort::pause()
                0x00000000c001c8d0                SoundPort::getBufferUsed()
                0x00000000c001c8d8                SoundPort::getBufferSize()
                0x00000000c001c8e0                SoundPort::buffer16(short*, int)
                0x00000000c001c994                SoundPort::buffer32(int*, int)
                0x00000000c001ca40                SoundPort::unbufferAndAdd16(int, short*, SoundCard*)
                0x00000000c001cb3c                SoundPort::unbufferAndAdd32(int, int*, SoundCard*)
 .text          0x00000000c001cbf3        0x0 hw/bus/isa.32
 *fill*         0x00000000c001cbf3        0x1 
 .text          0x00000000c001cbf4      0xb87 hw/bus/pci.32
                0x00000000c001cbf4                PCI::open(int, int, void*)
                0x00000000c001cc12                PCI::close(int, int, void*)
                0x00000000c001cc16                PCI::PCI()
                0x00000000c001cc16                PCI::PCI()
                0x00000000c001ccac                PCI::readBAR8(unsigned int, int)
                0x00000000c001ccc8                PCI::readBAR16(unsigned int, int)
                0x00000000c001cce6                PCI::readBAR32(unsigned int, int)
                0x00000000c001cd02                PCI::writeBAR8(unsigned int, unsigned char, int)
                0x00000000c001cd22                PCI::writeBAR16(unsigned int, unsigned short, int)
                0x00000000c001cd44                PCI::writeBAR32(unsigned int, unsigned int, int)
                0x00000000c001cd64                PCI::legacyMechanism(unsigned char, unsigned char, unsigned char, unsigned char)
                0x00000000c001cdd2                PCI::pciReadWord(unsigned char, unsigned char, unsigned char, unsigned char)
                0x00000000c001ce7a                PCI::getVendorID(unsigned char, unsigned char, unsigned char)
                0x00000000c001ce9e                PCI::getHeaderType(unsigned char, unsigned char, unsigned char)
                0x00000000c001cec6                PCI::getClassCode(unsigned char, unsigned char, unsigned char)
                0x00000000c001cf10                PCI::getProgIF(unsigned char, unsigned char, unsigned char)
                0x00000000c001cf38                PCI::getRevisionID(unsigned char, unsigned char, unsigned char)
                0x00000000c001cf5c                PCI::getInterruptNumber(unsigned char, unsigned char, unsigned char)
                0x00000000c001cf80                PCI::getSecondaryBus(unsigned char, unsigned char, unsigned char)
                0x00000000c001cfa8                PCI::getBARAddress(unsigned char, unsigned char, unsigned char, unsigned char)
                0x00000000c001d00c                PCI::pciWriteWord(unsigned char, unsigned char, unsigned char, unsigned char, unsigned short)
                0x00000000c001d0f4                PCI::pciDetailsToFilepath(PCIDeviceInfo, char*)
                0x00000000c001d36e                PCI::checkBus(unsigned char)
                0x00000000c001d392                PCI::foundDevice(PCIDeviceInfo)
                0x00000000c001d504                PCI::getDeviceData(unsigned char, unsigned char, unsigned char)
                0x00000000c001d6bc                PCI::checkDevice(unsigned char, unsigned char)
                0x00000000c001d728                PCI::detect()
 *fill*         0x00000000c001d77b        0x1 
 .text          0x00000000c001d77c      0xb4a hw/diskctrl/ide.32
                0x00000000c001d77c                IDE::close(int, int, void*)
                0x00000000c001d780                IDE::IDE()
                0x00000000c001d780                IDE::IDE()
                0x00000000c001d7b4                IDE::prepareInterrupt(unsigned char)
                0x00000000c001d7c6                selectDrive(unsigned char, unsigned char)
                0x00000000c001d7c8                IDE::getBase(unsigned char)
                0x00000000c001d7da                IDE::write(unsigned char, unsigned char, unsigned char)
                0x00000000c001d89a                IDE::read(unsigned char, unsigned char)
                0x00000000c001d948                IDE::waitInterrupt(unsigned char)
                0x00000000c001d9aa                ideChannel0IRQHandler(regs*, void*)
                0x00000000c001d9c6                ideChannel1IRQHandler(regs*, void*)
                0x00000000c001d9e2                IDE::enableIRQs(unsigned char, bool)
                0x00000000c001da28                IDE::open(int, int, void*)
                0x00000000c001de36                IDE::readBuffer(unsigned char, unsigned char, unsigned int, unsigned int)
                0x00000000c001df02                IDE::detect()
                0x00000000c001e1c2                IDE::printError(unsigned char, unsigned char, unsigned char)
                0x00000000c001e272                IDE::polling(unsigned char, unsigned int)
 .text          0x00000000c001e2c6      0x336 hw/diskctrl/satabus.32
                0x00000000c001e2c6                SATABus::close(int, int, void*)
                0x00000000c001e2ca                SATABus::detect()
                0x00000000c001e2cc                SATABus::SATABus()
                0x00000000c001e2cc                SATABus::SATABus()
                0x00000000c001e352                SATABus::findCmdslot(SATABus::tagHBA_PORT volatile*)
                0x00000000c001e39a                SATABus::checkType(SATABus::tagHBA_PORT volatile*)
                0x00000000c001e3e2                SATABus::startCmd(SATABus::tagHBA_PORT volatile*)
                0x00000000c001e402                SATABus::stopCmd(SATABus::tagHBA_PORT volatile*)
                0x00000000c001e42c                SATABus::portRebase(SATABus::tagHBA_PORT volatile*, int)
                0x00000000c001e532                SATABus::probePort(SATABus::tagHBA_MEM volatile*)
                0x00000000c001e5dc                SATABus::open(int, int, void*)
 .text          0x00000000c001e5fc      0x684 hw/diskphys/ata.32
                0x00000000c001e5fc                ATA::close(int, int, void*)
                0x00000000c001e620                ATA::powerSaving(PowerSavingLevel)
                0x00000000c001e622                ATA::ATA()
                0x00000000c001e622                ATA::ATA()
                0x00000000c001e650                ATA::flush(bool)
                0x00000000c001e69a                ATA::readyForCommand()
                0x00000000c001e6e6                ATA::access(unsigned long long, int, void*, bool)
                0x00000000c001eadc                ATA::read(unsigned long long, int, void*)
                0x00000000c001eb28                ATA::write(unsigned long long, int, void*)
                0x00000000c001eb8a                ATA::detectCHS()
                0x00000000c001ebb4                ATA::open(int, int, void*)
 .text          0x00000000c001ec80      0x5b9 hw/diskphys/atapi.32
                0x00000000c001ec80                ATAPI::write(unsigned long long, int, void*)
                0x00000000c001ec86                ATAPI::close(int, int, void*)
                0x00000000c001ecaa                ATAPI::ATAPI()
                0x00000000c001ecaa                ATAPI::ATAPI()
                0x00000000c001ecd8                ATAPI::readyForCommand()
                0x00000000c001ed24                ATAPI::sendPacket(unsigned char*, int, bool, unsigned short*, int)
                0x00000000c001efe4                ATAPI::diskRemoved()
                0x00000000c001f000                ATAPI::eject()
                0x00000000c001f048                ATAPI::diskInserted()
                0x00000000c001f076                ATAPI::detectMedia()
                0x00000000c001f132                ATAPI::open(int, int, void*)
                0x00000000c001f1ba                ATAPI::read(unsigned long long, int, void*)
 *fill*         0x00000000c001f239        0x1 
 .text          0x00000000c001f23a      0x41c hw/diskphys/sata.32
                0x00000000c001f23a                SATA::close(int, int, void*)
                0x00000000c001f25e                SATA::powerSaving(PowerSavingLevel)
                0x00000000c001f260                SATA::open(int, int, void*)
                0x00000000c001f30a                SATA::SATA()
                0x00000000c001f30a                SATA::SATA()
                0x00000000c001f338                SATA::access(unsigned long long, int, void*, bool)
                0x00000000c001f59e                SATA::read(unsigned long long, int, void*)
                0x00000000c001f5ea                SATA::write(unsigned long long, int, void*)
 .text          0x00000000c001f656      0x4fe hw/diskphys/satapi.32
                0x00000000c001f656                SATAPI::write(unsigned long long, int, void*)
                0x00000000c001f65c                SATAPI::close(int, int, void*)
                0x00000000c001f680                SATAPI::SATAPI()
                0x00000000c001f680                SATAPI::SATAPI()
                0x00000000c001f6ae                SATAPI::diskRemoved()
                0x00000000c001f6ca                SATAPI::diskInserted()
                0x00000000c001f6f8                SATAPI::sendPacket(unsigned char*, int, unsigned long long, unsigned short*, int)
                0x00000000c001f900                SATAPI::eject()
                0x00000000c001f948                SATAPI::detectMedia()
                0x00000000c001fa0a                SATAPI::open(int, int, void*)
                0x00000000c001fab2                SATAPI::read(unsigned long long, int, void*)
 .text          0x00000000c001fb54       0x94 hw/fpu/avx.32
                0x00000000c001fb54                AVX::open(int, int, void*)
                0x00000000c001fb68                AVX::close(int, int, void*)
                0x00000000c001fb7c                AVX::available()
                0x00000000c001fb90                AVX::save(void*)
                0x00000000c001fba8                AVX::load(void*)
                0x00000000c001fbc0                AVX::AVX()
                0x00000000c001fbc0                AVX::AVX()
 .text          0x00000000c001fbe8       0x94 hw/fpu/mmx.32
                0x00000000c001fbe8                MMX::available()
                0x00000000c001fbfc                MMX::open(int, int, void*)
                0x00000000c001fc10                MMX::close(int, int, void*)
                0x00000000c001fc24                MMX::save(void*)
                0x00000000c001fc3c                MMX::load(void*)
                0x00000000c001fc54                MMX::MMX()
                0x00000000c001fc54                MMX::MMX()
 .text          0x00000000c001fc7c       0x9c hw/fpu/sse.32
                0x00000000c001fc7c                SSE::open(int, int, void*)
                0x00000000c001fc90                SSE::close(int, int, void*)
                0x00000000c001fca4                SSE::available()
                0x00000000c001fcc0                SSE::save(void*)
                0x00000000c001fcd8                SSE::load(void*)
                0x00000000c001fcf0                SSE::SSE()
                0x00000000c001fcf0                SSE::SSE()
 .text          0x00000000c001fd18       0x94 hw/fpu/x87.32
                0x00000000c001fd18                x87::open(int, int, void*)
                0x00000000c001fd2c                x87::close(int, int, void*)
                0x00000000c001fd40                x87::available()
                0x00000000c001fd54                x87::save(void*)
                0x00000000c001fd6c                x87::load(void*)
                0x00000000c001fd84                x87::x87()
                0x00000000c001fd84                x87::x87()
 .text          0x00000000c001fdac      0x71e hw/intctrl/apic.32
                0x00000000c001fdac                APIC::disable()
                0x00000000c001fdae                APIC::close(int, int, void*)
                0x00000000c001fdd0                IOAPIC::close(int, int, void*)
                0x00000000c001fdd6                APIC::io_wait()
                0x00000000c001fddc                APIC::getBase()
                0x00000000c001fe1e                APIC::eoi(unsigned char)
                0x00000000c001fe4c                APIC::open(int, int, void*)
                0x00000000c001ff9a                IOAPIC::IOAPIC()
                0x00000000c001ff9a                IOAPIC::IOAPIC()
                0x00000000c001ffc2                APIC::APIC()
                0x00000000c001ffc2                APIC::APIC()
                0x00000000c002009e                IOAPIC::handlesGSIWithNumber(unsigned int)
                0x00000000c00200d0                IOAPIC::read(int)
                0x00000000c00200f8                IOAPIC::open(int, int, void*)
                0x00000000c00201ee                IOAPIC::write(int, int)
                0x00000000c002021a                IOAPIC::redirect(unsigned char, unsigned long long, unsigned char, bool, bool)
                0x00000000c0020314                APIC::installIRQHandler(int, void (*)(regs*, void*), bool, void*)
 .text          0x00000000c00204ca      0x3d3 hw/intctrl/pic.32
                0x00000000c00204ca                PIC::disable()
                0x00000000c00204f8                PIC::close(int, int, void*)
                0x00000000c002051a                PIC::PIC()
                0x00000000c002051a                PIC::PIC()
                0x00000000c00205f0                PIC::ioWait()
                0x00000000c00205f6                PIC::getIRQReg(int)
                0x00000000c0020660                PIC::eoi(unsigned char)
                0x00000000c00206f2                PIC::remap()
                0x00000000c002085e                PIC::open(int, int, void*)
 *fill*         0x00000000c002089d        0x3 
 .text          0x00000000c00208a0      0x240 hw/timer/apictimer.32
                0x00000000c00208a0                APICTimer::close(int, int, void*)
                0x00000000c00208a8                apicTimerHandler(regs*, void*)
                0x00000000c00208d0                APICTimer::write(int)
                0x00000000c00209b8                APICTimer::open(int, int, void*)
                0x00000000c0020ab8                APICTimer::APICTimer()
                0x00000000c0020ab8                APICTimer::APICTimer()
 .text          0x00000000c0020ae0      0x1a3 hw/timer/pit.32
                0x00000000c0020ae0                PIT::write(int)
                0x00000000c0020b60                pitHandler(regs*, void*)
                0x00000000c0020b84                PIT::open(int, int, void*)
                0x00000000c0020bd4                PIT::close(int, int, void*)
                0x00000000c0020c04                PIT::PIT()
                0x00000000c0020c04                PIT::PIT()
 *fill*         0x00000000c0020c83        0xd 
 .text          0x00000000c0020c90       0x1e hw/fpu/x86/avx.32
                0x00000000c0020c90                avxDetect
                0x00000000c0020c96                avxSave
                0x00000000c0020c97                avxLoad
                0x00000000c0020c98                avxInit
                0x00000000c0020c99                avxClose
                0x00000000c0020c9a                wouldSheSayYes
 *fill*         0x00000000c0020cae        0x2 
 .text          0x00000000c0020cb0       0x35 hw/fpu/x86/sse.32
                0x00000000c0020cb0                absolutelyNoChanceInHell
                0x00000000c0020cb0                sseDetect
                0x00000000c0020cc8                sseSave
                0x00000000c0020cce                sseLoad
                0x00000000c0020cd4                sseInit
                0x00000000c0020ce4                sseClose
 *fill*         0x00000000c0020ce5        0xb 
 .text          0x00000000c0020cf0       0x4d hw/fpu/x86/x87.32
                0x00000000c0020cf6                x87Detect
                0x00000000c0020d11                x87Save
                0x00000000c0020d1a                x87Load
                0x00000000c0020d22                x87Init
                0x00000000c0020d3c                x87Close
 *fill*         0x00000000c0020d3d        0x3 
 .text          0x00000000c0020d40       0x25 /cygdrive/d/Users/Alex/Desktop/Toolchain/Output/bin/../lib/gcc/i386-banana/8.1.0/crtend.o
 .text          0x00000000c0020d65        0x0 crtn.32
 *fill*         0x00000000c0020d65        0x3 
 .text          0x00000000c0020d68      0x14b /cygdrive/d/Users/Alex/Desktop/Toolchain/Output/bin/../lib/gcc/i386-banana/8.1.0/libkgcc.a(_divdi3.o)
                0x00000000c0020d68                __divdi3
 *fill*         0x00000000c0020eb3        0x1 
 .text          0x00000000c0020eb4      0x17e /cygdrive/d/Users/Alex/Desktop/Toolchain/Output/bin/../lib/gcc/i386-banana/8.1.0/libkgcc.a(_moddi3.o)
                0x00000000c0020eb4                __moddi3
 *fill*         0x00000000c0021032        0x2 
 .text          0x00000000c0021034       0xff /cygdrive/d/Users/Alex/Desktop/Toolchain/Output/bin/../lib/gcc/i386-banana/8.1.0/libkgcc.a(_udivdi3.o)
                0x00000000c0021034                __udivdi3
 *fill*         0x00000000c0021133        0x1 
 .text          0x00000000c0021134      0x11a /cygdrive/d/Users/Alex/Desktop/Toolchain/Output/bin/../lib/gcc/i386-banana/8.1.0/libkgcc.a(_umoddi3.o)
                0x00000000c0021134                __umoddi3
 *(.gnu.linkonce.t*)

.iplt           0x00000000c0021250        0x0
 .iplt          0x00000000c0021250        0x0 D:/Users/Alex/Desktop/Banana/kernel/boot.32

.init           0x00000000c002124e        0xf
 .init          0x00000000c002124e        0x3 crti.32
                0x00000000c002124e                _init
 .init          0x00000000c0021251        0x5 /cygdrive/d/Users/Alex/Desktop/Toolchain/Output/bin/../lib/gcc/i386-banana/8.1.0/crtbegin.o
 .init          0x00000000c0021256        0x5 /cygdrive/d/Users/Alex/Desktop/Toolchain/Output/bin/../lib/gcc/i386-banana/8.1.0/crtend.o
 .init          0x00000000c002125b        0x2 crtn.32

.fini           0x00000000c002125d        0xa
 .fini          0x00000000c002125d        0x3 crti.32
                0x00000000c002125d                _fini
 .fini          0x00000000c0021260        0x5 /cygdrive/d/Users/Alex/Desktop/Toolchain/Output/bin/../lib/gcc/i386-banana/8.1.0/crtbegin.o
 .fini          0x00000000c0021265        0x2 crtn.32

.text._ZN8ComputerD2Ev
                0x00000000c0021268       0x23
 .text._ZN8ComputerD2Ev
                0x00000000c0021268       0x23 core/computer.32
                0x00000000c0021268                Computer::~Computer()
                0x00000000c0021268                Computer::~Computer()

.text._ZN8ComputerD0Ev
                0x00000000c002128c       0x2a
 .text._ZN8ComputerD0Ev
                0x00000000c002128c       0x2a core/computer.32
                0x00000000c002128c                Computer::~Computer()

.text._Z10idleCommonv
                0x00000000c00212b6       0x21
 .text._Z10idleCommonv
                0x00000000c00212b6       0x21 core/idle.32
                0x00000000c00212b6                idleCommon()

.text._ZN10LinkedListI8UnixFileED2Ev
                0x00000000c00212d8        0x2
 .text._ZN10LinkedListI8UnixFileED2Ev
                0x00000000c00212d8        0x2 core/unixfile.32
                0x00000000c00212d8                LinkedList<UnixFile>::~LinkedList()
                0x00000000c00212d8                LinkedList<UnixFile>::~LinkedList()

.text._ZN10LinkedListI8UnixFileEC2Ev
                0x00000000c00212da       0x42
 .text._ZN10LinkedListI8UnixFileEC2Ev
                0x00000000c00212da       0x42 core/unixfile.32
                0x00000000c00212da                LinkedList<UnixFile>::LinkedList()
                0x00000000c00212da                LinkedList<UnixFile>::LinkedList()

.text._ZN10LinkedListI8UnixFileE10addElementEPS0_
                0x00000000c002131c       0xd3
 .text._ZN10LinkedListI8UnixFileE10addElementEPS0_
                0x00000000c002131c       0xd3 core/unixfile.32
                0x00000000c002131c                LinkedList<UnixFile>::addElement(UnixFile*)

.text._ZN10LinkedListI8UnixFileE15getFirstElementEv
                0x00000000c00213f0        0x7
 .text._ZN10LinkedListI8UnixFileE15getFirstElementEv
                0x00000000c00213f0        0x7 core/unixfile.32
                0x00000000c00213f0                LinkedList<UnixFile>::getFirstElement()

.text._ZN10LinkedListI8UnixFileE11removeFirstEv
                0x00000000c00213f8       0xa1