Archive member included to satisfy reference by file (symbol)

/cygdrive/d/Users/Alex/Desktop/Toolchain/Output/bin/../lib/gcc/i386-banana/8.1.0/libkgcc.a(_divdi3.o)
                              krnl/resolve.32 (__divdi3)
/cygdrive/d/Users/Alex/Desktop/Toolchain/Output/bin/../lib/gcc/i386-banana/8.1.0/libkgcc.a(_moddi3.o)
                              krnl/resolve.32 (__moddi3)
/cygdrive/d/Users/Alex/Desktop/Toolchain/Output/bin/../lib/gcc/i386-banana/8.1.0/libkgcc.a(_udivdi3.o)
                              hal/clock.32 (__udivdi3)
/cygdrive/d/Users/Alex/Desktop/Toolchain/Output/bin/../lib/gcc/i386-banana/8.1.0/libkgcc.a(_umoddi3.o)
                              core/pipe.32 (__umoddi3)

Allocating common symbols
Common symbol       size              file

dcache              0x40              fs/iso9660/iso9660.32
cdDriveLetter       0x1               fs/iso9660/iso9660.32
icache              0x40              fs/iso9660/iso9660.32

Discarded input sections

 .comment       0x0000000000000000       0x12 /cygdrive/d/Users/Alex/Desktop/Toolchain/Output/bin/../lib/gcc/i386-banana/8.1.0/crtbegin.o
 .comment       0x0000000000000000       0x12 acpica/utclib.32
 .comment       0x0000000000000000       0x12 core/malloc.32
 .comment       0x0000000000000000       0x12 libk/ctype.32
 .comment       0x0000000000000000       0x12 libk/string.32
 .comment       0x0000000000000000       0x12 fs/fat/diskio.32
 .comment       0x0000000000000000       0x12 fs/fat/ff.32
 .comment       0x0000000000000000       0x12 fs/fat/ffsystem.32
 .comment       0x0000000000000000       0x12 fs/fat/ffunicode.32
 .comment       0x0000000000000000       0x12 fs/iso9660/iso9660.32
 .group         0x0000000000000000       0x14 core/computer.32
 .group         0x0000000000000000        0xc core/computer.32
 .comment       0x0000000000000000       0x12 core/computer.32
 .comment       0x0000000000000000       0x12 core/gdt.32
 .group         0x0000000000000000        0xc core/idle.32
 .comment       0x0000000000000000       0x12 core/idle.32
 .comment       0x0000000000000000       0x12 core/idt.32
 .comment       0x0000000000000000       0x12 core/kheap.32
 .comment       0x0000000000000000       0x12 core/main.32
 .comment       0x0000000000000000       0x12 core/physmgr.32
 .group         0x0000000000000000        0xc core/pipe.32
 .comment       0x0000000000000000       0x12 core/pipe.32
 .group         0x0000000000000000        0xc core/terminal.32
 .comment       0x0000000000000000       0x12 core/terminal.32
 .comment       0x0000000000000000       0x12 core/tss.32
 .group         0x0000000000000000        0x8 core/unixfile.32
 .group         0x0000000000000000        0x8 core/unixfile.32
 .group         0x0000000000000000        0xc core/unixfile.32
 .group         0x0000000000000000        0x8 core/unixfile.32
 .group         0x0000000000000000        0xc core/unixfile.32
 .group         0x0000000000000000        0x8 core/unixfile.32
 .group         0x0000000000000000        0xc core/unixfile.32
 .group         0x0000000000000000        0xc core/unixfile.32
 .comment       0x0000000000000000       0x12 core/unixfile.32
 .comment       0x0000000000000000       0x12 core/virtmgr.32
 .comment       0x0000000000000000       0x12 coreobjs/c++.32
 .comment       0x0000000000000000       0x12 dbg/kconsole.32
 .group         0x0000000000000000        0xc fs/vfs.32
 .group         0x0000000000000000        0xc fs/vfs.32
 .group         0x0000000000000000        0xc fs/vfs.32
 .comment       0x0000000000000000       0x12 fs/vfs.32
 .group         0x0000000000000000        0xc hal/bus.32
 .comment       0x0000000000000000       0x12 hal/bus.32
 .comment       0x0000000000000000       0x12 hal/buzzer.32
 .group         0x0000000000000000        0xc hal/clock.32
 .comment       0x0000000000000000       0x12 hal/clock.32
 .group         0x0000000000000000       0x14 hal/device.32
 .group         0x0000000000000000        0xc hal/device.32
 .group         0x0000000000000000        0x8 hal/device.32
 .group         0x0000000000000000        0xc hal/device.32
 .group         0x0000000000000000        0xc hal/device.32
 .comment       0x0000000000000000       0x12 hal/device.32
 .group         0x0000000000000000        0xc hal/diskctrl.32
 .comment       0x0000000000000000       0x12 hal/diskctrl.32
 .group         0x0000000000000000        0xc hal/diskphys.32
 .comment       0x0000000000000000       0x12 hal/diskphys.32
 .comment       0x0000000000000000       0x12 hal/fpu.32
 .comment       0x0000000000000000       0x12 hal/intctrl.32
 .group         0x0000000000000000        0xc hal/keybrd.32
 .comment       0x0000000000000000       0x12 hal/keybrd.32
 .group         0x0000000000000000        0xc hal/logidisk.32
 .comment       0x0000000000000000       0x12 hal/logidisk.32
 .group         0x0000000000000000        0xc hal/mouse.32
 .comment       0x0000000000000000       0x12 hal/mouse.32
[...]
Memory Configuration

Name             Origin             Length             Attributes
*default*        0x0000000000000000 0xffffffffffffffff

Linker script and memory map

LOAD D:/Users/Alex/Desktop/Banana/kernel/boot.32
LOAD crti.32
LOAD /cygdrive/d/Users/Alex/Desktop/Toolchain/Output/bin/../lib/gcc/i386-banana/8.1.0/crtbegin.o
LOAD D:/Users/Alex/Desktop/Banana/kernel/morenasm.32
LOAD acpica/utclib.32
LOAD core/malloc.32
LOAD libk/ctype.32
LOAD libk/string.32
LOAD fs/fat/diskio.32
LOAD fs/fat/ff.32
LOAD fs/fat/ffsystem.32
LOAD fs/fat/ffunicode.32
LOAD fs/iso9660/iso9660.32
LOAD core/computer.32
LOAD core/gdt.32
LOAD core/idle.32
LOAD core/idt.32
LOAD core/kheap.32
LOAD core/main.32
LOAD core/physmgr.32
LOAD core/pipe.32
LOAD core/terminal.32
LOAD core/tss.32
LOAD core/unixfile.32
LOAD core/virtmgr.32
LOAD coreobjs/c++.32
LOAD dbg/kconsole.32
LOAD fs/vfs.32
LOAD hal/bus.32
LOAD hal/buzzer.32
LOAD hal/clock.32
LOAD hal/device.32
LOAD hal/diskctrl.32
LOAD hal/diskphys.32
LOAD hal/fpu.32
LOAD hal/intctrl.32
LOAD hal/keybrd.32
LOAD hal/logidisk.32
LOAD hal/mouse.32
LOAD hal/partition.32
LOAD hal/serial.32
LOAD hal/timer.32
LOAD hal/vcache.32
LOAD hal/video.32
LOAD hw/acpi.32
LOAD hw/cpu.32
LOAD krnl/bootmsg.32
LOAD krnl/env.32
LOAD krnl/inlines.32
LOAD krnl/panic.32
LOAD krnl/powctrl.32
LOAD krnl/resolve.32
LOAD krnl/signal.32
LOAD krnl/syscalls.32
LOAD reg/registry.32
LOAD sys/eject.32
LOAD sys/exit.32
LOAD sys/getcwd.32
LOAD sys/getpid.32
LOAD sys/getramdata.32
LOAD sys/getvgaptr.32
LOAD sys/loaddll.32
LOAD sys/read.32
LOAD sys/registersignal.32
LOAD sys/sbrk.32
LOAD sys/setcwd.32
LOAD sys/settime.32
LOAD sys/timezone.32
LOAD sys/write.32
LOAD sys/wsbe.32
LOAD sys/yield.32
LOAD thr/elf.32
LOAD thr/prcssthr.32
LOAD vm86/vm8086.32
LOAD arch/i386/hal.32
LOAD arch/i386/pic.32
LOAD arch/i386/rtc.32
LOAD arch/i386/vga.32
LOAD fs/fat/vfslink.32
LOAD fs/iso9660/helper.32
LOAD fs/iso9660/vfslink.32
LOAD hal/sound/sndcard.32
LOAD hal/sound/sndport.32
LOAD hw/bus/isa.32
LOAD hw/bus/pci.32
LOAD hw/diskctrl/ide.32
LOAD hw/diskctrl/satabus.32
LOAD hw/diskphys/ata.32
LOAD hw/diskphys/atapi.32
LOAD hw/diskphys/sata.32
LOAD hw/diskphys/satapi.32
LOAD hw/intctrl/apic.32
LOAD hw/timer/apictimer.32
LOAD hw/timer/pit.32
LOAD arch/i386/avx.32
LOAD arch/i386/interrupt.32
LOAD arch/i386/rdrand.32
LOAD arch/i386/sse.32
LOAD arch/i386/x87.32
LOAD /cygdrive/d/Users/Alex/Desktop/Toolchain/Output/bin/../lib/gcc/i386-banana/8.1.0/crtend.o
LOAD crtn.32
LOAD /cygdrive/d/Users/Alex/Desktop/Toolchain/Output/bin/../lib/gcc/i386-banana/8.1.0/libkgcc.a
LOAD D:/Users/Alex/Desktop/Banana/kernel/libsoftfp.a
LOAD D:/Users/Alex/Desktop/Banana/kernel/libk/libm32.a
                0x00000000c0000000                . = 0xc0000000

.text           0x00000000c0000000    0x1c28a
 *(.text)
 .text          0x00000000c0000000       0x20 D:/Users/Alex/Desktop/Banana/kernel/boot.32
 .text          0x00000000c0000020        0x0 crti.32
 .text          0x00000000c0000020      0x101 /cygdrive/d/Users/Alex/Desktop/Toolchain/Output/bin/../lib/gcc/i386-banana/8.1.0/crtbegin.o
 *fill*         0x00000000c0000121        0xf 
 .text          0x00000000c0000130      0x252 D:/Users/Alex/Desktop/Banana/kernel/morenasm.32
                0x00000000c0000130                manualPCIProbe
                0x00000000c000017b                prepareTramp
                0x00000000c0000194                doTPAUSE
                0x00000000c000019e                hasLegacyFPU
                0x00000000c00001c3                is486
                0x00000000c00001f9                detectCPUID
                0x00000000c000020f                goToVM86
                0x00000000c000023f                goToUsermode
                0x00000000c0000269                switchToThreadASMFirstTime
                0x00000000c0000277                switchToThreadASM
                0x00000000c00002ff                asmQuickAcquireLock
                0x00000000c000031d                asmQuickReleaseLock
                0x00000000c0000329                asmAcquireLock
                0x00000000c000034a                asmReleaseLock
                0x00000000c000035d                loadGDT
                0x00000000c000037d                memcpy
 *fill*         0x00000000c0000382        0xe 
 .text          0x00000000c0000390      0x79e acpica/utclib.32
                0x00000000c0000390                memcmp
                0x00000000c00003e0                memmove
                0x00000000c00004d0                memset
                0x00000000c0000540                strlen
                0x00000000c0000570                strpbrk
                0x00000000c00005b0                strtok
                0x00000000c0000600                strcpy
                0x00000000c0000630                strncpy
                0x00000000c00006e0                strcmp
                0x00000000c0000730                strchr
                0x00000000c0000760                strncmp
                0x00000000c00007c0                strcat
                0x00000000c00007f0                strncat
                0x00000000c0000850                strstr
                0x00000000c00008b0                toupper
                0x00000000c00008d0                tolower
                0x00000000c00008f0                simple_strtoul
 .text          0x00000000c0000b2e      0xfad core/malloc.32
                0x00000000c0000c99                dlfree
                0x00000000c0000ff4                dlmalloc
                0x00000000c0001531                dlrealloc
                0x00000000c00016d4                dlmemalign
                0x00000000c00017f7                dlcalloc
                0x00000000c0001891                dlcfree
                0x00000000c0001896                dlindependent_calloc
                0x00000000c00018bb                dlindependent_comalloc
                0x00000000c00018d2                dlvalloc
                0x00000000c00018fd                dlpvalloc
                0x00000000c0001933                dlmalloc_trim
                0x00000000c0001940                dlmalloc_usable_size
                0x00000000c0001971                dlmallinfo
                0x00000000c0001a40                dlmalloc_stats
                0x00000000c0001a51                dlmallopt
 *fill*         0x00000000c0001adb        0x1 
 .text          0x00000000c0001adc      0x1f2 libk/ctype.32
                0x00000000c0001adc                isblank
                0x00000000c0001afc                iscntrl
                0x00000000c0001b1c                isdigit
                0x00000000c0001b38                islower
                0x00000000c0001b54                isspace
                0x00000000c0001b7c                isupper
                0x00000000c0001b98                isalpha
                0x00000000c0001bc8                isalnum
                0x00000000c0001bf8                ispunct
                0x00000000c0001c38                isgraph
                0x00000000c0001c68                isprint
                0x00000000c0001c90                isxdigit
 .text          0x00000000c0001cce        0x0 libk/string.32
 .text          0x00000000c0001cce       0x51 fs/fat/diskio.32
                0x00000000c0001cce                disk_status
                0x00000000c0001cd1                disk_initialize
                0x00000000c0001cd4                disk_read
                0x00000000c0001cea                disk_write
                0x00000000c0001d00                disk_ioctl
 .text          0x00000000c0001d1f     0x3d4b fs/fat/ff.32
                0x00000000c0003abb                f_mount
                0x00000000c0003b1d                f_open
                0x00000000c0003de8                f_read
                0x00000000c0003fe7                f_write
                0x00000000c000421b                f_sync
                0x00000000c00042d0                f_close
                0x00000000c00042ff                f_lseek
                0x00000000c00044a6                f_opendir
                0x00000000c0004571                f_closedir
                0x00000000c0004593                f_readdir
                0x00000000c0004625                f_stat
                0x00000000c00046a4                f_getfree
                0x00000000c00047a6                f_truncate
                0x00000000c000488a                f_unlink
                0x00000000c00049ac                f_mkdir
                0x00000000c0004b47                f_rename
                0x00000000c0004cfd                f_chmod
                0x00000000c0004da6                f_utime
                0x00000000c0004e54                f_getlabel
                0x00000000c0004fa5                f_setlabel
                0x00000000c0005135                f_expand
                0x00000000c0005295                f_mkfs
 *fill*         0x00000000c0005a6a        0x2 
 .text          0x00000000c0005a6c       0x2f fs/fat/ffsystem.32
                0x00000000c0005a6c                ff_memalloc
                0x00000000c0005a84                ff_memfree
 *fill*         0x00000000c0005a9b        0x1 
 .text          0x00000000c0005a9c      0x2a8 fs/fat/ffunicode.32
                0x00000000c0005a9c                ff_uni2oem
                0x00000000c0005b3c                ff_oem2uni
                0x00000000c0005bb4                ff_wtoupper
 .text          0x00000000c0005d44      0xc76 fs/iso9660/iso9660.32
                0x00000000c0005f63                isoReadDiscSector
                0x00000000c0005ffe                strnicmp
                0x00000000c00062b1                stricmp
                0x00000000c00062fd                iso_open
                0x00000000c0006387                iso_close
                0x00000000c00063a5                iso_read
                0x00000000c00064bb                iso_seek
                0x00000000c000653f                iso_tell
                0x00000000c0006570                iso_total
                0x00000000c000659b                fn_postprocess
                0x00000000c00065c1                iso_readdir
                0x00000000c00067b2                iso_reset
                0x00000000c00067bf                init_percd
                0x00000000c00068b9                iso_ioctl
                0x00000000c00068c1                fs_iso9660_init
                0x00000000c000694a                fs_iso9660_shutdown
 .text          0x00000000c00069ba      0x685 core/computer.32
                0x00000000c00069ba                Computer::close(int, int, void*)
                0x00000000c00069ff                Krnl::firstTask()
                0x00000000c0006b32                Computer::Computer()
                0x00000000c0006b32                Computer::Computer()
                0x00000000c0006be4                Computer::setBootMessage(char const*)
                0x00000000c0006be6                Computer::detectFeatures()
                0x00000000c0006df0                Computer::displayFeatures()
                0x00000000c0006df2                Computer::rdmsr(unsigned int)
                0x00000000c0006e1e                Computer::wrmsr(unsigned int, unsigned long long)
                0x00000000c0006e56                Computer::shutdown()
                0x00000000c0006e6e                Computer::restart()
                0x00000000c0006e86                Computer::sleep()
                0x00000000c0006e9a                Computer::nmiEnabled()
                0x00000000c0006ea6                Computer::readCMOS(unsigned char)
                0x00000000c0006ec0                Computer::enableNMI(bool)
                0x00000000c0006ed8                Computer::open(int, int, void*)
                0x00000000c0006fac                Computer::disableNMI()
                0x00000000c0006fbc                Computer::writeCMOS(unsigned char, unsigned char)
                0x00000000c0006fda                Computer::handleNMI()
 *fill*         0x00000000c000703f        0x1 
 .text          0x00000000c0007040      0x1cf core/gdt.32
                0x00000000c0007040                GDTEntry::setBase(unsigned int)
                0x00000000c000705c                GDTEntry::setLimit(unsigned int)
                0x00000000c000707a                GDT::GDT()
                0x00000000c000707a                GDT::GDT()
                0x00000000c0007090                GDT::addEntry(GDTEntry)
                0x00000000c00070b2                GDT::getNumberOfEntries()
                0x00000000c00070ba                GDT::flush()
                0x00000000c00070dc                GDT::setup()
 .text          0x00000000c000720f       0x1d core/idle.32
                0x00000000c000720f                idleFunction(void*)
 .text          0x00000000c000722c      0x464 core/idt.32
                0x00000000c000722c                IDTEntry::IDTEntry(bool)
                0x00000000c000722c                IDTEntry::IDTEntry(bool)
                0x00000000c000729e                IDTEntry::setOffset(unsigned int)
                0x00000000c00072b4                IDT::IDT()
                0x00000000c00072b4                IDT::IDT()
                0x00000000c00072b6                IDT::getPointerToInvalidOpcodeEntryForF00F()
                0x00000000c00072be                IDT::addEntry(IDTEntry, int)
                0x00000000c00072d8                IDT::addEntry(int, void (*)(), bool)
                0x00000000c0007310                IDT::flush()
                0x00000000c000732a                IDT::setup()
 .text          0x00000000c0007690      0x1a3 core/kheap.32
                0x00000000c0007690                sbrk
                0x00000000c0007725                mmap
                0x00000000c000773b                munmap
                0x00000000c0007751                liballoc_lock()
                0x00000000c000775e                liballoc_unlock()
                0x00000000c0007772                liballoc_alloc(int)
                0x00000000c000778a                liballoc_free(void*, int)
                0x00000000c00077a5                realloc
                0x00000000c00077b9                malloc
                0x00000000c00077e9                free
                0x00000000c00077f9                rfree
                0x00000000c0007809                calloc
 .text          0x00000000c0007833       0xc3 core/main.32
                0x00000000c0007833                KeEntryPoint
 .text          0x00000000c00078f6      0x5dc core/physmgr.32
                0x00000000c00078f6                Phys::allocateDMA(unsigned long)
                0x00000000c00079cd                Phys::freeDMA(unsigned long, unsigned long)
                0x00000000c0007a00                Phys::setPageState(unsigned long, bool)
                0x00000000c0007a32                Phys::getPageState(unsigned long)
                0x00000000c0007a53                Phys::freePage(unsigned long)
                0x00000000c0007ab5                Phys::allocatePage()
                0x00000000c0007b73                Phys::allocateContiguousPages(int)
                0x00000000c0007bcf                Phys::allowSegmentToBeUsed(unsigned long, unsigned long)
                0x00000000c0007c07                Phys::physicalMemorySetup(unsigned int)
 .text          0x00000000c0007ed2      0x273 core/pipe.32
                0x00000000c0007ed2                Pipe::isAtty()
                0x00000000c0007ed6                Pipe::~Pipe()
                0x00000000c0007ed6                Pipe::~Pipe()
                0x00000000c0007efa                Pipe::~Pipe()
                0x00000000c0007f22                Pipe::write(unsigned long long, void*, int*)
                0x00000000c0007fe2                Pipe::read(unsigned long long, void*, int*)
                0x00000000c00080de                Pipe::Pipe(int)
                0x00000000c00080de                Pipe::Pipe(int)
 *fill*         0x00000000c0008145        0x1 
 .text          0x00000000c0008146      0xaa0 core/terminal.32
                0x00000000c0008146                VgaText::isAtty()
                0x00000000c000814a                VgaText::~VgaText()
                0x00000000c000814a                VgaText::~VgaText()
                0x00000000c000816e                VgaText::~VgaText()
                0x00000000c0008198                VgaText::read(unsigned long long, void*, int*)
                0x00000000c00081b8                setTerminalScrollLock(bool)
                0x00000000c00081b9                doTerminalCycle()
                0x00000000c00081ba                addToTerminalCycle(VgaText*)
                0x00000000c00081bb                scrollTerminalScrollLock(int)
                0x00000000c00081bc                VgaText::updateTitle()
                0x00000000c00081be                VgaText::load()
                0x00000000c00081c0                VgaText::updateCursor()
                0x00000000c00081d6                VgaText::doANSI_SGR(int)
                0x00000000c000824a                VgaText::setDefaultBgColour(VgaColour)
                0x00000000c000825a                VgaText::setDefaultFgColour(VgaColour)
                0x00000000c000826a                VgaText::setDefaultColours(VgaColour, VgaColour)
                0x00000000c000828a                VgaText::setTitleTextColour(VgaColour)
                0x00000000c0008296                VgaText::setTitleColour(VgaColour)
                0x00000000c00082a2                VgaText::setTitle(char*)
                0x00000000c00082a4                VgaText::combineColours(unsigned char, unsigned char)
                0x00000000c00082b6                VgaText::scrollScreen()
                0x00000000c000834e                VgaText::combineCharAndColour(char, unsigned char)
                0x00000000c0008360                VgaText::writeCharacter(char, VgaColour, VgaColour, int, int)
                0x00000000c00083f0                VgaText::getCursorX()
                0x00000000c00083f8                VgaText::getCursorY()
                0x00000000c0008400                VgaText::setCursor(int, int)
                0x00000000c0008417                setActiveTerminal(VgaText*)
                0x00000000c0008462                VgaText::clearScreen()
                0x00000000c00084b0                VgaText::setCursorX(int)
                0x00000000c00084c8                VgaText::setCursorY(int)
                0x00000000c00084e0                VgaText::incrementCursor(bool)
                0x00000000c0008534                VgaText::decrementCursor(bool)
                0x00000000c0008556                VgaText::putchar(char, VgaColour, VgaColour)
                0x00000000c0008624                VgaText::putchar(char)
                0x00000000c0008710                VgaText::putx(unsigned int)
                0x00000000c0008756                VgaText::puts(char const*)
                0x00000000c000877c                VgaText::write(unsigned long long, void*, int*)
                0x00000000c00087c8                VgaText::puts(char const*, VgaColour, VgaColour)
                0x00000000c000891a                VgaText::VgaText(char const*)
                0x00000000c000891a                VgaText::VgaText(char const*)
                0x00000000c0008a66                VgaText::receiveKey(unsigned char)
                0x00000000c0008bc0                VgaText::doUpdate()
                0x00000000c0008bc1                newTerminal(char*)
 *fill*         0x00000000c0008be6        0x2 
 .text          0x00000000c0008be8      0x1a1 core/tss.32
                0x00000000c0008be8                TSS::TSS()
                0x00000000c0008be8                TSS::TSS()
                0x00000000c0008bf8                TSS::setESP(unsigned long)
                0x00000000c0008c0c                TSS::flush()
                0x00000000c0008c2c                TSS::setup(unsigned long, unsigned long)
 *fill*         0x00000000c0008d89        0x1 
 .text          0x00000000c0008d8a      0x4c2 core/unixfile.32
                0x00000000c0008d8a                ReservedFilename::read(unsigned long long, void*, int*)
                0x00000000c0008de0                ReservedFilename::isAtty()
                0x00000000c0008dfc                ReservedFilename::write(unsigned long long, void*, int*)
                0x00000000c0008e5a                UnixFile::getFileDescriptor()
                0x00000000c0008e62                UnixFile::UnixFile(int)
                0x00000000c0008e62                UnixFile::UnixFile(int)
                0x00000000c0009012                ReservedFilename::ReservedFilename(int)
                0x00000000c0009012                ReservedFilename::ReservedFilename(int)
                0x00000000c0009044                UnixFile::~UnixFile()
                0x00000000c0009044                UnixFile::~UnixFile()
                0x00000000c00090dc                UnixFile::~UnixFile()
                0x00000000c0009104                ReservedFilename::~ReservedFilename()
                0x00000000c0009104                ReservedFilename::~ReservedFilename()
                0x00000000c0009128                ReservedFilename::~ReservedFilename()
                0x00000000c000914f                getFromFileDescriptor(int)
 .text          0x00000000c000924c     0x1166 core/virtmgr.32
                0x00000000c000924c                Virt::setPageState(unsigned long, Virt::VirtPageState)
                0x00000000c0009281                Virt::getPageState(unsigned long)
                0x00000000c00092a5                Virt::allocateKernelVirtualPages(int)
                0x00000000c00093b6                Virt::freeSwapfilePage(unsigned long)
                0x00000000c00093d4                Virt::swapIDToSector(unsigned long)
                0x00000000c00093e6                Virt::allocateSwapfilePage()
                0x00000000c0009464                Virt::virtualMemorySetup()
                0x00000000c00094af                Virt::setupPageSwapping(int)
                0x00000000c0009520                VAS::VAS()
                0x00000000c0009520                VAS::VAS()
                0x00000000c000955c                VAS::VAS(VAS*)
                0x00000000c000955c                VAS::VAS(VAS*)
                0x00000000c000958a                VAS::getForeignPageTableEntry(bool, unsigned long)
                0x00000000c00095b6                VAS::getPageTableEntry(unsigned long)
                0x00000000c00095d5                Virt::freeKernelVirtualPages(unsigned long)
                0x00000000c00096fa                VAS::freeAllocatedPages(unsigned long)
                0x00000000c000971e                VAS::virtualToPhysical(unsigned long)
                0x00000000c0009738                VAS::reflagRange(unsigned long, int, int, int)
                0x00000000c0009778                VAS::setToWriteCombining(unsigned long, int)
                0x00000000c00097ac                VAS::mapOtherVASIn(bool, VAS*)
                0x00000000c00097d6                VAS::~VAS()
                0x00000000c00097d6                VAS::~VAS()
                0x00000000c000993a                VAS::mapPage(unsigned long, unsigned long, int)
                0x00000000c0009a3e                VAS::allocatePages(int, int)
                0x00000000c0009c16                VAS::setCPUSpecific(unsigned long)
                0x00000000c0009c34                VAS::mapRange(unsigned long, unsigned long, int, int)
                0x00000000c0009cfa                VAS::mapForeignPage(bool, VAS*, unsigned long, unsigned long, int)
                0x00000000c0009de8                VAS::VAS(bool)
                0x00000000c0009de8                VAS::VAS(bool)
                0x00000000c000a068                VAS::evict(unsigned long)
                0x00000000c000a12a                VAS::tryLoadBackOffDisk(unsigned long)
                0x00000000c000a218                VAS::scanForEviction()
                0x00000000c000a2f8                mapVASFirstTime
 .text          0x00000000c000a3b2       0x5f coreobjs/c++.32
                0x00000000c000a3b2                __cxa_atexit
                0x00000000c000a3b5                __cxa_finalize
                0x00000000c000a3b6                __stack_chk_fail
                0x00000000c000a3ec                __cxa_pure_virtual
                0x00000000c000a3fd                operator new[](unsigned long)
                0x00000000c000a402                operator delete(void*, unsigned long)
                0x00000000c000a407                operator delete[](void*)
                0x00000000c000a40c                operator delete[](void*, unsigned long)
 .text          0x00000000c000a411      0x21c dbg/kconsole.32
                0x00000000c000a411                Dbg::stringifyxWithBase(unsigned int, char*, int)
                0x00000000c000a47c                Dbg::logc(char)
                0x00000000c000a49c                Dbg::logs(char*)
                0x00000000c000a4b9                Dbg::logWriteInt(unsigned int)
                0x00000000c000a4d7                Dbg::logWriteIntBase(unsigned int, int)
                0x00000000c000a4f8                Dbg::kprintf(char const*, ...)
 *fill*         0x00000000c000a62d        0x1 
 .text          0x00000000c000a62e      0xc5c fs/vfs.32
                0x00000000c000a62e                File::read(unsigned long long, void*, int*)
                0x00000000c000a686                File::write(unsigned long long, void*, int*)
                0x00000000c000a6de                Directory::read(unsigned long long, void*, int*)
                0x00000000c000a736                Directory::write(unsigned long long, void*, int*)
                0x00000000c000a764                File::isAtty()
                0x00000000c000a768                Directory::isAtty()
                0x00000000c000a76c                Filesystem::getlabel(LogicalDisk*, int, char*, unsigned int*)
                0x00000000c000a772                Filesystem::setlabel(LogicalDisk*, int, char*)
                0x00000000c000a778                Filesystem::allocateSwapfile(char const*, int)
                0x00000000c000a77e                File::~File()
                0x00000000c000a77e                File::~File()
                0x00000000c000a7a2                File::~File()
                0x00000000c000a7cc                Directory::~Directory()
                0x00000000c000a7cc                Directory::~Directory()
                0x00000000c000a7f0                Directory::~Directory()
                0x00000000c000a81a                Filesystem::Filesystem()
                0x00000000c000a81a                Filesystem::Filesystem()
                0x00000000c000a83e                Filesystem::~Filesystem()
                0x00000000c000a83e                Filesystem::~Filesystem()
                0x00000000c000a84c                Filesystem::~Filesystem()
                0x00000000c000a870                Fs::getcwd(Process*, char*, int)
                0x00000000c000a89a                Fs::initVFS()
                0x00000000c000a8c4                Fs::standardiseFiles(char*, char const*, char const*)
                0x00000000c000aa6e                File::File(char const*, Process*)
                0x00000000c000aa6e                File::File(char const*, Process*)
                0x00000000c000ab2e                File::open(FileOpenMode)
                0x00000000c000ab8c                File::close()
                0x00000000c000abec                File::seek(unsigned long long)
                0x00000000c000ac42                File::tell(unsigned long long*)
                0x00000000c000ac92                File::rewind()
                0x00000000c000aca6                File::unlink()
                0x00000000c000acf2                File::rename(char const*)
                0x00000000c000ad40                File::chfatattr(unsigned char, unsigned char)
                0x00000000c000ad9c                File::exists()
                0x00000000c000adda                File::stat(unsigned long long*, bool*)
                0x00000000c000ae3b                Fs::setcwd(Process*, char*)
                0x00000000c000af98                Directory::Directory(char const*, Process*)
                0x00000000c000af98                Directory::Directory(char const*, Process*)
                0x00000000c000b058                Directory::open()
                0x00000000c000b0b4                Directory::close()
                0x00000000c000b114                Directory::unlink()
                0x00000000c000b160                Directory::rename(char const*)
                0x00000000c000b1ae                Directory::exists()
                0x00000000c000b1ec                Directory::read(dirent*)
                0x00000000c000b238                Directory::create()
                0x00000000c000b284                Filesystem::chfatattr(char const*, unsigned char, unsigned char)
 *fill*         0x00000000c000b28a        0x2 
 .text          0x00000000c000b28c       0x86 hal/bus.32
                0x00000000c000b28c                Bus::Bus(char const*)
                0x00000000c000b28c                Bus::Bus(char const*)
                0x00000000c000b2c4                Bus::~Bus()
                0x00000000c000b2c4                Bus::~Bus()
                0x00000000c000b2e8                Bus::~Bus()
 .text          0x00000000c000b312       0x96 hal/buzzer.32
                0x00000000c000b312                beepThread(void*)
                0x00000000c000b34f                Krnl::beep(int, int, bool)
 .text          0x00000000c000b3a8      0x46d hal/clock.32
                0x00000000c000b3a8                User::loadClockSettings(int)
                0x00000000c000b3fa                Clock::Clock(char const*)
                0x00000000c000b3fa                Clock::Clock(char const*)
                0x00000000c000b430                Clock::~Clock()
                0x00000000c000b430                Clock::~Clock()
                0x00000000c000b454                Clock::~Clock()
                0x00000000c000b47e                Clock::timeInSecondsLocal()
                0x00000000c000b4c6                Clock::setTimeInSecondsLocal(unsigned long long)
                0x00000000c000b51f                datetimeToSeconds(datetime_t)
                0x00000000c000b64c                Clock::setTimeInDatetimeLocal(datetime_t)
                0x00000000c000b6ac                secondsToDatetime(unsigned long long)
                0x00000000c000b7f0                Clock::timeInDatetimeLocal()
 *fill*         0x00000000c000b815        0x1 
 .text          0x00000000c000b816      0x464 hal/device.32
                0x00000000c000b816                Device::hibernate()
                0x00000000c000b818                Device::wake()
                0x00000000c000b81a                Device::detect()
                0x00000000c000b81c                Device::disableLegacy()
                0x00000000c000b81e                Device::powerSaving(PowerSavingLevel)
                0x00000000c000b820                DriverlessDevice::close(int, int, void*)
                0x00000000c000b824                DriverlessDevice::detect()
                0x00000000c000b826                DriverlessDevice::open(int, int, void*)
                0x00000000c000b83a                Device::~Device()
                0x00000000c000b83a                Device::~Device()
                0x00000000c000b848                Device::~Device()
                0x00000000c000b870                Device::findAndLoadDriver()
                0x00000000c000b87e                Device::preOpenPCI(PCIDeviceInfo)
                0x00000000c000b8a4                Device::preOpenACPI(void*, char*, char*)
                0x00000000c000b8e4                Device::addIRQHandler(int, void (*)(regs*, void*), bool, void*)
                0x00000000c000b90e                Device::getParent()
                0x00000000c000b91a                Device::removeIRQHandler(int, void (*)(regs*, void*), bool)
                0x00000000c000b938                Device::addChild(Device*)
                0x00000000c000b97c                Device::removeAllChildren()
                0x00000000c000b9c2                Device::hibernateAll()
                0x00000000c000b9f2                Device::wakeAll()
                0x00000000c000ba22                Device::detectAll()
                0x00000000c000ba52                Device::disableLegacyAll()
                0x00000000c000ba54                Device::loadDriversForAll()
                0x00000000c000ba56                Device::closeAll()
                0x00000000c000ba8c                Device::powerSavingAll(PowerSavingLevel)
                0x00000000c000bac2                Device::setName(char const*)
                0x00000000c000bad0                Device::Device(char const*)
                0x00000000c000bad0                Device::Device(char const*)
                0x00000000c000bbcc                Device::getName()
                0x00000000c000bbd6                DriverlessDevice::DriverlessDevice(char const*)
                0x00000000c000bbd6                DriverlessDevice::DriverlessDevice(char const*)
                0x00000000c000bc0c                Device::addToLinkedList(LinkedList<Device>&, DeviceType)
                0x00000000c000bc50                getDevicesOfType(DeviceType)
 *fill*         0x00000000c000bc7a        0x2 
 .text          0x00000000c000bc7c       0x86 hal/diskctrl.32
                0x00000000c000bc7c                HardDiskController::HardDiskController(char const*)
                0x00000000c000bc7c                HardDiskController::HardDiskController(char const*)
                0x00000000c000bcb4                HardDiskController::~HardDiskController()
                0x00000000c000bcb4                HardDiskController::~HardDiskController()
                0x00000000c000bcd8                HardDiskController::~HardDiskController()
 .text          0x00000000c000bd02       0xe2 hal/diskphys.32
                0x00000000c000bd02                PhysicalDisk::eject()
                0x00000000c000bd06                PhysicalDisk::PhysicalDisk(char const*, int)
                0x00000000c000bd06                PhysicalDisk::PhysicalDisk(char const*, int)
                0x00000000c000bd6e                PhysicalDisk::startCache()
                0x00000000c000bd96                PhysicalDisk::~PhysicalDisk()
                0x00000000c000bd96                PhysicalDisk::~PhysicalDisk()
                0x00000000c000bdba                PhysicalDisk::~PhysicalDisk()
 .text          0x00000000c000bde4        0x0 hal/fpu.32
 .text          0x00000000c000bde4      0x35d hal/intctrl.32
                0x00000000c000bde4                int_handler
                0x00000000c000be6c                installISRHandler(int, void (*)(regs*, void*), void*)
                0x00000000c000beb4                installIRQHandler(int, void (*)(regs*, void*), bool, void*)
                0x00000000c000bfec                uninstallISRHandler(int, void (*)(regs*, void*))
                0x00000000c000c020                uninstallIRQHandler(int, void (*)(regs*, void*), bool)
                0x00000000c000c09f                setupINTS()
                0x00000000c000c0fc                convertLegacyIRQNumber(int)
 *fill*         0x00000000c000c141        0x1 
 .text          0x00000000c000c142      0x792 hal/keybrd.32
                0x00000000c000c142                startGUI(void*)
                0x00000000c000c1ae                startGUIVESA(void*)
                0x00000000c000c21a                sendKeyToTerminal(unsigned char)
                0x00000000c000c2e3                sendKeyboardToken(KeyboardToken)
                0x00000000c000c723                clearInternalKeybuffer(VgaText*)
                0x00000000c000c758                readKeyboard(VgaText*, char*, unsigned long)
                0x00000000c000c84a                Keyboard::Keyboard(char const*)
                0x00000000c000c84a                Keyboard::Keyboard(char const*)
                0x00000000c000c886                Keyboard::~Keyboard()
                0x00000000c000c886                Keyboard::~Keyboard()
                0x00000000c000c8aa                Keyboard::~Keyboard()
 .text          0x00000000c000c8d4      0x3ea hal/logidisk.32
                0x00000000c000c8d4                LogicalDisk::close(int, int, void*)
                0x00000000c000c8d8                LogicalDisk::~LogicalDisk()
                0x00000000c000c8d8                LogicalDisk::~LogicalDisk()
                0x00000000c000c8fc                LogicalDisk::~LogicalDisk()
                0x00000000c000c926                LogicalDisk::open(int, int, void*)
                0x00000000c000c93a                LogicalDisk::absoluteToRelative(unsigned long long)
                0x00000000c000c972                LogicalDisk::relativeToAbsolute(unsigned long long)
                0x00000000c000c9b8                LogicalDisk::LogicalDisk(char const*, PhysicalDisk*, unsigned long long, unsigned long long)
                0x00000000c000c9b8                LogicalDisk::LogicalDisk(char const*, PhysicalDisk*, unsigned long long, unsigned long long)
                0x00000000c000ca6e                LogicalDisk::assignDriveLetter()
                0x00000000c000cb24                LogicalDisk::mount()
                0x00000000c000cb6c                LogicalDisk::unmount()
                0x00000000c000cb7c                LogicalDisk::eject()
                0x00000000c000cb90                LogicalDisk::unassignDriveLetter()
                0x00000000c000cbe6                LogicalDisk::read(unsigned long long, int, void*)
                0x00000000c000cc52                LogicalDisk::write(unsigned long long, int, void*)
 *fill*         0x00000000c000ccbe        0x2 
 .text          0x00000000c000ccc0       0x86 hal/mouse.32
                0x00000000c000ccc0                Mouse::Mouse(char const*)
                0x00000000c000ccc0                Mouse::Mouse(char const*)
                0x00000000c000ccf8                Mouse::~Mouse()
                0x00000000c000ccf8                Mouse::~Mouse()
                0x00000000c000cd1c                Mouse::~Mouse()
 .text          0x00000000c000cd46      0x339 hal/partition.32
                0x00000000c000cd46                makePartition(PhysicalDisk*, unsigned long long, unsigned long long)
                0x00000000c000cdee                createPartitionsForDisk(PhysicalDisk*)
 *fill*         0x00000000c000d07f        0x1 
 .text          0x00000000c000d080       0x86 hal/serial.32
                0x00000000c000d080                Serial::Serial(char const*)
                0x00000000c000d080                Serial::Serial(char const*)
                0x00000000c000d0b8                Serial::~Serial()
                0x00000000c000d0b8                Serial::~Serial()
                0x00000000c000d0dc                Serial::~Serial()
 *fill*         0x00000000c000d106        0x2 
 .text          0x00000000c000d108      0x234 hal/timer.32
                0x00000000c000d108                Timer::Timer(char const*)
                0x00000000c000d108                Timer::Timer(char const*)
                0x00000000c000d140                Timer::~Timer()
                0x00000000c000d140                Timer::~Timer()
                0x00000000c000d164                Timer::~Timer()
                0x00000000c000d18e                Timer::read()
                0x00000000c000d199                setupTimer(int)
                0x00000000c000d1d4                timerHandler(unsigned int)
 .text          0x00000000c000d33c      0x3ce hal/vcache.32
                0x00000000c000d33c                VCache::VCache(PhysicalDisk*)
                0x00000000c000d33c                VCache::VCache(PhysicalDisk*)
                0x00000000c000d4a4                VCache::invalidateReadBuffer()
                0x00000000c000d4b4                VCache::writeWriteBuffer()
                0x00000000c000d500                VCache::~VCache()
                0x00000000c000d500                VCache::~VCache()
                0x00000000c000d554                VCache::~VCache()
                0x00000000c000d57c                VCache::write(unsigned long long, int, void*)
                0x00000000c000d692                VCache::read(unsigned long long, int, void*)
 .text          0x00000000c000d70a      0x4b3 hal/video.32
                0x00000000c000d70a                Video::putrect(int, int, int, int, unsigned int)
                0x00000000c000d756                Video::bitblit(int, int, int, int, int, int, int, unsigned int*)
                0x00000000c000d7c6                Video::blit(unsigned int*, int, int, int, int)
                0x00000000c000d844                Video::clearScreen(unsigned int)
                0x00000000c000d878                Video::putpixel(int, int, unsigned int)
                0x00000000c000d886                Video::Video(char const*)
                0x00000000c000d886                Video::Video(char const*)
                0x00000000c000d8bc                Video::~Video()
                0x00000000c000d8bc                Video::~Video()
                0x00000000c000d8e0                Video::~Video()
                0x00000000c000d90a                Video::isMonochrome()
                0x00000000c000d916                Video::getWidth()
                0x00000000c000d922                Video::getHeight()
                0x00000000c000d92e                Video::drawCursor(int, int, unsigned char*, int)
                0x00000000c000d9ea                Video::tgaParse(unsigned char*, int, int*, int*)
                0x00000000c000db52                Video::putTGA(int, int, unsigned char*, int)
 *fill*         0x00000000c000dbbd        0x3 
 .text          0x00000000c000dbc0     0x1307 hw/acpi.32
                0x00000000c000dbc0                ACPI::close(int, int, void*)
                0x00000000c000dc78                findRSDP()
                0x00000000c000dd08                loadACPITables(unsigned char*)
                0x00000000c000df6c                findRSDT(unsigned char*)
                0x00000000c000e0bc                findDataTable(unsigned char*, char*)
                0x00000000c000e134                scanMADT()
                0x00000000c000e608                ACPI::ACPI()
                0x00000000c000e608                ACPI::ACPI()
                0x00000000c000e65c                ACPI::getPCIIRQAssignment(unsigned char, unsigned short, unsigned char)
                0x00000000c000e744                ACPI::registerPCIIRQAssignment(void*, unsigned short, unsigned char, unsigned char)
                0x00000000c000e80c                ACPI::setScreenBrightnessLevel(void*, int)
                0x00000000c000e814                ACPI::detectPCI()
                0x00000000c000ea1c                ACPI::writeSimpleBootFlag(SimpleBootFlagTable*)
                0x00000000c000ea70                ACPI::sleep()
                0x00000000c000ea8c                ACPI::open(int, int, void*)
 *fill*         0x00000000c000eec7        0x1 
 .text          0x00000000c000eec8      0xb95 hw/cpu.32
                0x00000000c000eec8                CPU::close(int, int, void*)
                0x00000000c000eecc                CPU::AMD_K6_write_msr(unsigned int, unsigned int, unsigned int, CPU::REGS*)
                0x00000000c000eee8                CPU::AMD_K6_read_msr(unsigned int, CPU::REGS*)
                0x00000000c000ef00                CPU::AMD_K6_writeback(int, int, int)
                0x00000000c000ef74                CPU::cpuid(int, unsigned long*, unsigned long*, unsigned long*, unsigned long*)
                0x00000000c000eff8                CPU::cpuidCheckEDX(unsigned int)
                0x00000000c000f026                CPU::cpuidCheckECX(unsigned int)
                0x00000000c000f054                CPU::cpuidCheckExtendedEBX(unsigned int)
                0x00000000c000f082                CPU::cpuidCheckExtendedECX(unsigned int)
                0x00000000c000f0b0                CPU::CPU()
                0x00000000c000f0b0                CPU::CPU()
                0x00000000c000f13e                CPU::displayFeatures()
                0x00000000c000f140                CPU::detectFeatures()
                0x00000000c000f804                CPU::setupSMEP()
                0x00000000c000f810                CPU::setupUMIP()
                0x00000000c000f81a                CPU::setupTSC()
                0x00000000c000f824                CPU::setupLargePages()
                0x00000000c000f82e                CPU::setupPAT()
                0x00000000c000f86a                CPU::setupMTRR()
                0x00000000c000f86c                CPU::setupGlobalPages()
                0x00000000c000f876                CPU::allowUsermodeDataAccess()
                0x00000000c000f888                CPU::prohibitUsermodeDataAccess()
                0x00000000c000f89a                CPU::setupSMAP()
                0x00000000c000f8a8                CPU::setupFeatures()
                0x00000000c000f974                CPU::open(int, int, void*)
 .text          0x00000000c000fa5d       0xd1 krnl/bootmsg.32
                0x00000000c000fa5d                KeDisplaySplashScreen()
                0x00000000c000facb                KeSetBootMessage(char const*)
 .text          0x00000000c000fb2e      0x581 krnl/env.32
                0x00000000c000fb2e                EnvVarContainer::getEnv(char const*)
                0x00000000c000fb6c                EnvVarContainer::setEnv(char const*, char const*)
                0x00000000c000fc2e                EnvVarContainer::deleteEnv(char const*)
                0x00000000c000fc30                EnvVarContainer::loadFrom(char const*, char const*)
                0x00000000c000fe16                EnvVarContainer::__loadSystem()
                0x00000000c000fe30                EnvVarContainer::__loadUser()
                0x00000000c000fe32                EnvVarContainer::EnvVarContainer(Process*)
                0x00000000c000fe32                EnvVarContainer::EnvVarContainer(Process*)
                0x00000000c000fe54                EnvVarContainer::~EnvVarContainer()
                0x00000000c000fe54                EnvVarContainer::~EnvVarContainer()
                0x00000000c000fe84                Krnl::getEnv(Process*, char const*)
                0x00000000c000fee9                Krnl::setEnvSystem(char const*, char const*)
                0x00000000c000ff03                Krnl::setEnvUser(char const*, char const*)
                0x00000000c000ff22                Krnl::setEnvProcess(Process*, char const*, char const*)
                0x00000000c000ff35                Krnl::deleteEnvSystem(char const*)
                0x00000000c000ff36                Krnl::deleteEnvUser(char const*)
                0x00000000c000ff37                Krnl::deleteEnvProcess(Process*, char const*)
                0x00000000c000ff38                Krnl::newProcessEnv(Process*)
                0x00000000c000ff5a                Krnl::copyProcessEnv(Process*, Process*)
                0x00000000c000ffa6                Krnl::loadSystemEnv()
                0x00000000c000ffd4                Krnl::loadUserEnv()
                0x00000000c000fffa                Krnl::flushEnv()
                0x00000000c000fffb                Krnl::getProcessTotalEnvCount(Process*)
                0x00000000c001001b                Krnl::getProcessEnvPair(Process*, int)
 .text          0x00000000c00100af       0x94 krnl/inlines.32
                0x00000000c00100af                CPU::current()
                0x00000000c00100bb                operator new(unsigned long)
                0x00000000c00100c0                operator delete(void*)
                0x00000000c00100c5                disableIRQs()
                0x00000000c00100c7                enableIRQs()
                0x00000000c00100c9                lockScheduler()
                0x00000000c00100d1                unlockScheduler()
                0x00000000c00100e0                lockStuff()
                0x00000000c00100ee                unlockStuff()
                0x00000000c0010128                Virt::getAKernelVAS()
                0x00000000c001012e                __not_memcpy
 .text          0x00000000c0010143        0xc krnl/panic.32
                0x00000000c0010143                KePanic(char const*)
 .text          0x00000000c001014f      0x142 krnl/powctrl.32
                0x00000000c001014f                Krnl::powerThread(void*)
                0x00000000c001017d                Krnl::changePowerSettings(Krnl::PowerSettings)
                0x00000000c0010193                Krnl::userIOReceived()
                0x00000000c001019e                Krnl::handlePowerButton()
                0x00000000c00101d3                Krnl::handleSleepButton()
                0x00000000c0010208                Krnl::setupPowerManager()
 *fill*         0x00000000c0010291        0x3 
 .text          0x00000000c0010294      0x190 krnl/resolve.32
                0x00000000c0010294                KeResolveCompatibilitySymbol(char*)
 .text          0x00000000c0010424      0x33f krnl/signal.32
                0x00000000c0010424                KiDefaultSignalHandlerAbort(int)
                0x00000000c0010431                KiDefaultSignalHandlerTerminate(int)
                0x00000000c001043e                KiSigKill(int)
                0x00000000c001044b                KiDefaultSignalHandlerIgnore(int)
                0x00000000c001044c                KiDefaultSignalHandlerPause(int)
                0x00000000c0010459                KiDefaultSignalHandlerResume(int)
                0x00000000c0010466                KeInitSignals()
                0x00000000c00104c1                KeRegisterSignalHandler(SigHandlerBlock*, int, void (*)(int), unsigned int, int)
                0x00000000c0010526                KeRaiseSignal(SigHandlerBlock*, int)
                0x00000000c00105a2                KeCheckSignal(SigHandlerBlock*)
                0x00000000c0010728                KeCompleteSignal(SigHandlerBlock*, int)
 .text          0x00000000c0010763      0xcfe krnl/syscalls.32
                0x00000000c0010763                SysSeekDir(regs*)
                0x00000000c0010768                SysTellDir(regs*)
                0x00000000c001076d                SysVerify(regs*)
                0x00000000c0010777                SysGetArgc(regs*)
                0x00000000c0010787                SysTTYName(regs*)
                0x00000000c001078f                SysFormatDisk(regs*)
                0x00000000c00107fc                SysSetDiskVolumeLabel(regs*)
                0x00000000c0010846                SysGetDiskVolumeLabel(regs*)
                0x00000000c001089b                SysShutdown(regs*)
                0x00000000c00108f9                SysRealpath(regs*)
                0x00000000c001093c                SysReadDir(regs*)
                0x00000000c00109bc                SysIsATTY(regs*)
                0x00000000c0010a18                SysSeek(regs*)
                0x00000000c0010a71                SysTell(regs*)
                0x00000000c0010ae0                SysSize(regs*)
                0x00000000c0010b55                SysSizeFromFilename(regs*)
                0x00000000c0010c08                SysClose(regs*)
                0x00000000c0010c68                SysOpenDir(regs*)
                0x00000000c0010d79                SysCloseDir(regs*)
                0x00000000c0010dcd                SysMakeDir(regs*)
                0x00000000c0010e3f                SysWait(regs*)
                0x00000000c0010e5c                SysNotImpl(regs*)
                0x00000000c0010e77                SysPanic(regs*)
                0x00000000c0010e92                SysRmdir(regs*)
                0x00000000c0010ef9                SysUnlink(regs*)
                0x00000000c0010f60                SysGetArgv(regs*)
                0x00000000c0010fad                SysUSleep(regs*)
                0x00000000c0010fd6                SysSpawn(regs*)
                0x00000000c001103f                SysGetEnv(regs*)
                0x00000000c00110ee                SysSetFatAttrib(regs*)
                0x00000000c0011165                SysPipe(regs*)
                0x00000000c00111aa                SysGetUnixTime(regs*)
                0x00000000c00111be                string_ends_with(char const*, char const*)
                0x00000000c0011208                SysOpen(regs*)
                0x00000000c001140f                KeSystemCall(regs*, void*)
 .text          0x00000000c0011461      0x50e reg/registry.32
                0x00000000c0011461                Reg::findLineFromLoadedData(char*, char*, char*)
                0x00000000c00115b9                Reg::getLineFromRegistry(char*, char*, char*, char*)
                0x00000000c001170e                Reg::getLine(char*, char*, char*)
                0x00000000c0011745                Reg::readInt(char*, char*, int*)
                0x00000000c0011830                Reg::readString(char*, char*, char*, int)
                0x00000000c00118b1                Reg::readBool(char*, char*, bool*)
                0x00000000c00118d6                Reg::readBoolWithDefault(char*, char*, bool)
                0x00000000c0011902                Reg::readIntWithDefault(char*, char*, int)
                0x00000000c001192e                Reg::readStringWithDefault(char*, char*, char*, int, char*)
 .text          0x00000000c001196f       0x36 sys/eject.32
                0x00000000c001196f                SysEject(regs*)
 .text          0x00000000c00119a5       0x18 sys/exit.32
                0x00000000c00119a5                SysExit(regs*)
 .text          0x00000000c00119bd       0x1f sys/getcwd.32
                0x00000000c00119bd                SysGetCwd(regs*)
 .text          0x00000000c00119dc        0xc sys/getpid.32
                0x00000000c00119dc                SysGetPID(regs*)
 .text          0x00000000c00119e8       0x1a sys/getramdata.32
                0x00000000c00119e8                SysGetRAMData(regs*)
 .text          0x00000000c0011a02       0x82 sys/getvgaptr.32
                0x00000000c0011a02                SysGetVGAPtr(regs*)
 .text          0x00000000c0011a84       0xa8 sys/loaddll.32
                0x00000000c0011a84                SysLoadDLL(regs*)
 .text          0x00000000c0011b2c       0x68 sys/read.32
                0x00000000c0011b2c                SysRead(regs*)
 .text          0x00000000c0011b94        0x5 sys/registersignal.32
                0x00000000c0011b94                SysRegisterSignal(regs*)
 .text          0x00000000c0011b99       0x67 sys/sbrk.32
                0x00000000c0011b99                SysSbrk(regs*)
 .text          0x00000000c0011c00       0x1c sys/setcwd.32
                0x00000000c0011c00                SysSetCwd(regs*)
 .text          0x00000000c0011c1c       0x95 sys/settime.32
                0x00000000c0011c1c                SysSetTime(regs*)
 .text          0x00000000c0011cb1       0x4a sys/timezone.32
                0x00000000c0011cb1                SysTimezone(regs*)
 .text          0x00000000c0011cfb       0x68 sys/write.32
                0x00000000c0011cfb                SysWrite(regs*)
 .text          0x00000000c0011d63       0x62 sys/wsbe.32
                0x00000000c0011d63                SysWsbe(regs*)
 .text          0x00000000c0011dc5       0x25 sys/yield.32
                0x00000000c0011dc5                SysYield(regs*)
 .text          0x00000000c0011dea     0x11e5 thr/elf.32
                0x00000000c0011dea                Thr::allocateMemoryForTask(Process*, File*, unsigned long, unsigned long, unsigned long)
                0x00000000c0012076                Thr::loadProgramIntoMemory(Process*, char const*)
                0x00000000c001228c                Thr::runtimeReferenceHelper()
                0x00000000c001229f                Thr::getAddressOfKernelSymbol(char const*)
                0x00000000c00122ee                Thr::loadKernelSymbolTable(char const*)
                0x00000000c00125ac                Thr::loadDriverIntoMemory(char const*, unsigned long, bool)
                0x00000000c0012ce2                Thr::getDriverBaseFromAddress(unsigned long)
                0x00000000c0012d14                Thr::getDriverNameFromAddress(unsigned long)
                0x00000000c0012d4b                Thr::getDriverOffsetFromAddress(unsigned long)
                0x00000000c0012d65                Thr::loadDLL(char const*, bool)
                0x00000000c0012f96                Thr::executeDLL(unsigned long, void*)
 *fill*         0x00000000c0012fcf        0x1 
 .text          0x00000000c0012fd0     0x12dd thr/prcssthr.32
                0x00000000c0012fd0                userModeEntryPoint(void*)
                0x00000000c0012ff8                changeTSS
                0x00000000c0013028                switchToThread(ThreadControlBlock*)
                0x00000000c00130dc                Process::addArgs(char**)
                0x00000000c001313c                Process::Process(char const*, Process*, char**)
                0x00000000c001313c                Process::Process(char const*, Process*, char**)
                0x00000000c0013338                Process::Process(bool, char const*, Process*, char**)
                0x00000000c0013338                Process::Process(bool, char const*, Process*, char**)
                0x00000000c0013500                taskStartupFunction
                0x00000000c001350c                Semaphore::Semaphore(int)
                0x00000000c001350c                Semaphore::Semaphore(int)
                0x00000000c001353c                Mutex::Mutex()
                0x00000000c001353c                Mutex::Mutex()
                0x00000000c0013550                Process::createThread(void (*)(void*), void*, int)
                0x00000000c0013648                Process::createUserThread()
                0x00000000c0013668                setupMultitasking(void (*)())
                0x00000000c0013770                schedule()
                0x00000000c0013800                Semaphore::tryAcquire()
                0x00000000c00138cc                Semaphore::assertLocked(char const*)
                0x00000000c0013944                blockTaskWithSchedulerLockAlreadyHeld(TaskState)
                0x00000000c001396c                blockTask(TaskState)
                0x00000000c001399c                waitTask(int, int*, int)
                0x00000000c00139e0                milliTenthSleepUntil(unsigned int)
                0x00000000c0013a70                milliTenthSleep(unsigned int)
                0x00000000c0013a80                sleep(unsigned int)
                0x00000000c0013a9c                Semaphore::acquire()
                0x00000000c0013b58                taskReturned
                0x00000000c0013b94                Thr::processFromPID(int)
                0x00000000c0013c34                unblockTask(ThreadControlBlock*)
                0x00000000c0013cd8                cleanupTerminatedTask(ThreadControlBlock*)
                0x00000000c0013fa4                cleanerTaskFunction(void*)
                0x00000000c0014094                terminateTask(int)
                0x00000000c0014160                Thr::terminateFromIRQ(int)
                0x00000000c0014170                Semaphore::release()
 .text          0x00000000c00142ad      0xb93 vm86/vm8086.32
                0x00000000c00142ad                Vm::inbv(unsigned short)
                0x00000000c00142c0                Vm::outbv(unsigned short, unsigned char)
                0x00000000c00142f6                Vm::realToLinear(unsigned short, unsigned short)
                0x00000000c0014306                Vm::getSegment(unsigned int)
                0x00000000c001430e                Vm::getOffset(unsigned int)
                0x00000000c0014313                Vm::mainloop2()
                0x00000000c001434d                Vm::mainVm8086Loop(void*)
                0x00000000c001435d                Vm::mainloop3(unsigned long)
                0x00000000c0014383                Vm::initialise8086()
                0x00000000c00143c6                Vm::finish8086()
                0x00000000c0014427                Vm::getOutput8086(unsigned char*)
                0x00000000c001444c                Vm::start8086FromBuffer(unsigned char*, int, unsigned short, unsigned short, unsigned short, unsigned short)
                0x00000000c0014505                Vm::start8086(char const*, unsigned short, unsigned short, unsigned short, unsigned short)
                0x00000000c001466d                Vm::doISR(regs*, int, unsigned char*, unsigned short, unsigned short)
                0x00000000c00146f7                Vm::readByteFromReal(unsigned short, unsigned short)
                0x00000000c0014708                Vm::readWordFromReal(unsigned short, unsigned short)
                0x00000000c001471a                Vm::readDwordFromReal(unsigned short, unsigned short)
                0x00000000c001472b                Vm::writeByteFromReal(unsigned short, unsigned short, unsigned char)
                0x00000000c0014740                Vm::writeWordFromReal(unsigned short, unsigned short, unsigned short)
                0x00000000c0014756                Vm::writeDwordFromReal(unsigned short, unsigned short, unsigned int)
                0x00000000c001476b                Vm::faultHandler(regs*)
 .text          0x00000000c0014e40      0xa53 arch/i386/hal.32
                0x00000000c0014e40                noCopro(unsigned long)
                0x00000000c0014e41                nmiHandler(regs*, void*)
                0x00000000c0014e5a                doubleFault(regs*, void*)
                0x00000000c0014e73                displayDebugInfo(regs*)
                0x00000000c0015194                HalSystemIdle()
                0x00000000c001520a                displayProgramFault(char const*)
                0x00000000c0015256                gpFault(regs*, void*)
                0x00000000c00152bb                pgFault(regs*, void*)
                0x00000000c0015341                otherISRHandler(regs*, void*)
                0x00000000c0015375                opcodeFault(regs*, void*)
                0x00000000c00153f5                i386SaveCoprocessor(void*)
                0x00000000c0015409                i386LoadCoprocessor(void*)
                0x00000000c001541d                x87EmulHandler(regs*, void*)
                0x00000000c00154ba                HalInitialiseCoprocessor()
                0x00000000c0015568                HalPanic(char const*)
                0x00000000c0015661                HalQueryPerformanceCounter()
                0x00000000c001567c                HalInitialise()
                0x00000000c0015822                HalMakeBeep(int)
                0x00000000c001585c                HalGetRand()
                0x00000000c001585f                HalEndOfInterrupt(int)
                0x00000000c0015890                HalRestart()
                0x00000000c0015891                HalShutdown()
                0x00000000c0015892                HalSleep()
 *fill*         0x00000000c0015893        0x1 
 .text          0x00000000c0015894      0x2f4 arch/i386/pic.32
                0x00000000c0015894                picIoWait()
                0x00000000c001589c                picDisable()
                0x00000000c00158d0                picGetIRQReg(int)
                0x00000000c0015954                picOpen()
                0x00000000c0015ae4                picEOI(int)
 .text          0x00000000c0015b88      0x64d arch/i386/rtc.32
                0x00000000c0015b88                RTC::open(int, int, void*)
                0x00000000c0015b8c                RTC::close(int, int, void*)
                0x00000000c0015b90                RTC::timeInSecondsUTC()
                0x00000000c0015ba2                RTC::timeInDatetimeUTC()
                0x00000000c0015bc8                RTC::setTimeInSecondsUTC(unsigned long long)
                0x00000000c0015c06                RTC::~RTC()
                0x00000000c0015c06                RTC::~RTC()
                0x00000000c0015c2a                RTC::~RTC()
                0x00000000c0015c54                RTC::get_update_in_progress_flag()
                0x00000000c0015c6c                RTC::completeRTCRefresh()
                0x00000000c0015f24                RTC::setTimeInDatetimeUTC(datetime_t)
                0x00000000c00160d7                rtcIRQHandler(regs*, void*)
                0x00000000c001611c                RTC::RTC()
                0x00000000c001611c                RTC::RTC()
 *fill*         0x00000000c00161d5        0x3 
 .text          0x00000000c00161d8      0x203 arch/i386/vga.32
                0x00000000c00161d8                HalConsoleScroll(int, int)
                0x00000000c00162e0                HalConsoleWriteCharacter(char, int, int, int, int)
                0x00000000c001634c                HalConsoleCursorUpdate(int, int)
 *fill*         0x00000000c00163db        0x1 
 .text          0x00000000c00163dc     0x13e7 fs/fat/vfslink.32
                0x00000000c00163dc                FAT::getName()
                0x00000000c00163e4                FAT::tell(void*, unsigned long long*)
                0x00000000c0016420                FAT::stat(void*, unsigned long long*)
                0x00000000c001645c                FAT::~FAT()
                0x00000000c001645c                FAT::~FAT()
                0x00000000c0016480                FAT::~FAT()
                0x00000000c00164a8                FAT::getlabel(LogicalDisk*, int, char*, unsigned int*)
                0x00000000c001654c                FAT::setlabel(LogicalDisk*, int, char*)
                0x00000000c0016610                FAT::format(LogicalDisk*, int, char const*, int)
                0x00000000c00167e4                FAT::tryMount(LogicalDisk*, int)
                0x00000000c00169fc                FAT::allocateSwapfile(char const*, int)
                0x00000000c0016bbc                FAT::readDir(void*, unsigned long, void*, int*)
                0x00000000c0016d28                FAT::read(void*, unsigned long, void*, int*)
                0x00000000c0016d88                FAT::write(void*, unsigned long, void*, int*)
                0x00000000c0016de8                FAT::close(void*)
                0x00000000c0016e3c                FAT::closeDir(void*)
                0x00000000c0016e90                FAT::seek(void*, unsigned long long)
                0x00000000c0016ee8                fatWrapperReadDisk
                0x00000000c0016f2c                fatWrapperWriteDisk
                0x00000000c0016f70                fatWrapperIoctl
                0x00000000c001708c                FAT::FAT()
                0x00000000c001708c                FAT::FAT()
                0x00000000c00170e0                FAT::fixFilepath(char*)
                0x00000000c001711c                FAT::open(char const*, void**, FileOpenMode)
                0x00000000c0017254                FAT::openDir(char const*, void**)
                0x00000000c0017304                FAT::stat(char const*, unsigned long long*, bool*)
                0x00000000c00173fc                FAT::unlink(char const*)
                0x00000000c001747c                FAT::chfatattr(char const*, unsigned char, unsigned char)
                0x00000000c0017608                FAT::rename(char const*, char const*)
                0x00000000c00176d4                FAT::mkdir(char const*)
                0x00000000c0017754                FAT::exists(char const*)
 *fill*         0x00000000c00177c3        0x1 
 .text          0x00000000c00177c4       0xc6 fs/iso9660/helper.32
                0x00000000c00177c4                isoReadDiscSectorHelper
                0x00000000c0017820                iso_kprintf
                0x00000000c0017840                iso_kprintfd
 .text          0x00000000c001788a      0x586 fs/iso9660/vfslink.32
                0x00000000c001788a                ISO9660::format(LogicalDisk*, int, char const*, int)
                0x00000000c0017890                ISO9660::getName()
                0x00000000c0017896                ISO9660::closeDir(void*)
                0x00000000c00178a0                ISO9660::chfatattr(char const*, unsigned char, unsigned char)
                0x00000000c00178a6                ISO9660::unlink(char const*)
                0x00000000c00178ac                ISO9660::write(void*, unsigned long, void*, int*)
                0x00000000c00178b2                ISO9660::rename(char const*, char const*)
                0x00000000c00178b8                ISO9660::mkdir(char const*)
                0x00000000c00178be                ISO9660::~ISO9660()
                0x00000000c00178be                ISO9660::~ISO9660()
                0x00000000c00178e2                ISO9660::~ISO9660()
                0x00000000c001790a                ISO9660::exists(char const*)
                0x00000000c001791e                ISO9660::open(char const*, void**, FileOpenMode)
                0x00000000c00179be                ISO9660::openDir(char const*, void**)
                0x00000000c0017a4e                ISO9660::read(void*, unsigned long, void*, int*)
                0x00000000c0017a8e                ISO9660::seek(void*, unsigned long long)
                0x00000000c0017ac6                ISO9660::tell(void*, unsigned long long*)
                0x00000000c0017afc                ISO9660::stat(void*, unsigned long long*)
                0x00000000c0017b36                ISO9660::stat(char const*, unsigned long long*, bool*)
                0x00000000c0017c08                ISO9660::close(void*)
                0x00000000c0017c2e                ISO9660::readDir(void*, unsigned long, void*, int*)
                0x00000000c0017cfb                readSectorFromCDROM(unsigned int, unsigned char*, char)
                0x00000000c0017d76                ISO9660::tryMount(LogicalDisk*, int)
                0x00000000c0017de8                ISO9660::ISO9660()
                0x00000000c0017de8                ISO9660::ISO9660()
 .text          0x00000000c0017e10      0x26c hal/sound/sndcard.32
                0x00000000c0017e10                SoundCard::beginPlayback()
                0x00000000c0017e1e                SoundCard::stopPlayback()
                0x00000000c0017e2c                SoundCard::SoundCard(char const*)
                0x00000000c0017e2c                SoundCard::SoundCard(char const*)
                0x00000000c0017eca                SoundCard::~SoundCard()
                0x00000000c0017eca                SoundCard::~SoundCard()
                0x00000000c0017eee                SoundCard::~SoundCard()
                0x00000000c0017f18                SoundCard::configureRates(int, int, int)
                0x00000000c0017f48                SoundCard::getSamples16(int, short*)
                0x00000000c0017fa4                SoundCard::getSamples32(int, int*)
                0x00000000c001802a                SoundCard::addChannel(SoundPort*)
                0x00000000c0018068                SoundCard::removeChannel(int)
 .text          0x00000000c001807c      0x377 hal/sound/sndport.32
                0x00000000c001807c                SoundPort::SoundPort(int, int, int, int)
                0x00000000c001807c                SoundPort::SoundPort(int, int, int, int)
                0x00000000c0018108                SoundPort::~SoundPort()
                0x00000000c0018108                SoundPort::~SoundPort()
                0x00000000c001813c                SoundPort::unpause()
                0x00000000c0018148                SoundPort::pause()
                0x00000000c0018154                SoundPort::getBufferUsed()
                0x00000000c001815c                SoundPort::getBufferSize()
                0x00000000c0018164                SoundPort::buffer16(short*, int)
                0x00000000c00181f0                SoundPort::buffer32(int*, int)
                0x00000000c0018278                SoundPort::unbufferAndAdd16(int, short*, SoundCard*)
                0x00000000c001833c                SoundPort::unbufferAndAdd32(int, int*, SoundCard*)
 .text          0x00000000c00183f3        0x0 hw/bus/isa.32
 *fill*         0x00000000c00183f3        0x1 
 .text          0x00000000c00183f4      0xb49 hw/bus/pci.32
                0x00000000c00183f4                PCI::open(int, int, void*)
                0x00000000c0018412                PCI::close(int, int, void*)
                0x00000000c0018416                PCI::PCI()
                0x00000000c0018416                PCI::PCI()
                0x00000000c00184b0                PCI::readBAR8(unsigned int, int)
                0x00000000c00184cc                PCI::readBAR16(unsigned int, int)
                0x00000000c00184ea                PCI::readBAR32(unsigned int, int)
                0x00000000c0018506                PCI::writeBAR8(unsigned int, unsigned char, int)
                0x00000000c0018526                PCI::writeBAR16(unsigned int, unsigned short, int)
                0x00000000c0018548                PCI::writeBAR32(unsigned int, unsigned int, int)
                0x00000000c0018568                PCI::legacyMechanism(unsigned char, unsigned char, unsigned char, unsigned char)
                0x00000000c00185d6                PCI::pciReadWord(unsigned char, unsigned char, unsigned char, unsigned char)
                0x00000000c001867e                PCI::getVendorID(unsigned char, unsigned char, unsigned char)
                0x00000000c00186a2                PCI::getHeaderType(unsigned char, unsigned char, unsigned char)
                0x00000000c00186ca                PCI::getClassCode(unsigned char, unsigned char, unsigned char)
                0x00000000c0018714                PCI::getProgIF(unsigned char, unsigned char, unsigned char)
                0x00000000c001873c                PCI::getRevisionID(unsigned char, unsigned char, unsigned char)
                0x00000000c0018760                PCI::getInterruptNumber(unsigned char, unsigned char, unsigned char)
                0x00000000c0018784                PCI::getSecondaryBus(unsigned char, unsigned char, unsigned char)
                0x00000000c00187ac                PCI::getBARAddress(unsigned char, unsigned char, unsigned char, unsigned char)
                0x00000000c0018810                PCI::pciWriteWord(unsigned char, unsigned char, unsigned char, unsigned char, unsigned short)
                0x00000000c00188f8                PCI::pciDetailsToFilepath(PCIDeviceInfo, char*)
                0x00000000c0018b72                PCI::checkBus(unsigned char)
                0x00000000c0018b98                PCI::foundDevice(PCIDeviceInfo)
                0x00000000c0018d0a                PCI::getDeviceData(unsigned char, unsigned char, unsigned char)
                0x00000000c0018e7e                PCI::checkDevice(unsigned char, unsigned char)
                0x00000000c0018eea                PCI::detect()
 *fill*         0x00000000c0018f3d        0x1 
 .text          0x00000000c0018f3e      0xb5a hw/diskctrl/ide.32
                0x00000000c0018f3e                IDE::close(int, int, void*)
                0x00000000c0018f42                IDE::IDE()
                0x00000000c0018f42                IDE::IDE()
                0x00000000c0018f76                IDE::prepareInterrupt(unsigned char)
                0x00000000c0018f88                selectDrive(unsigned char, unsigned char)
                0x00000000c0018f8a                IDE::getBase(unsigned char)
                0x00000000c0018f9c                IDE::write(unsigned char, unsigned char, unsigned char)
                0x00000000c001905c                IDE::read(unsigned char, unsigned char)
                0x00000000c001910a                IDE::waitInterrupt(unsigned char)
                0x00000000c0019172                ideChannel0IRQHandler(regs*, void*)
                0x00000000c001918e                ideChannel1IRQHandler(regs*, void*)
                0x00000000c00191aa                IDE::enableIRQs(unsigned char, bool)
                0x00000000c00191f0                IDE::open(int, int, void*)
                0x00000000c00195fe                IDE::readBuffer(unsigned char, unsigned char, unsigned int, unsigned int)
                0x00000000c00196ca                IDE::detect()
                0x00000000c001998a                IDE::printError(unsigned char, unsigned char, unsigned char)
                0x00000000c0019a3a                IDE::polling(unsigned char, unsigned int)
 .text          0x00000000c0019a98      0x32a hw/diskctrl/satabus.32
                0x00000000c0019a98                SATABus::close(int, int, void*)
                0x00000000c0019a9c                SATABus::detect()
                0x00000000c0019a9e                SATABus::SATABus()
                0x00000000c0019a9e                SATABus::SATABus()
                0x00000000c0019b24                SATABus::findCmdslot(SATABus::tagHBA_PORT volatile*)
                0x00000000c0019b56                SATABus::checkType(SATABus::tagHBA_PORT volatile*)
                0x00000000c0019b9e                SATABus::startCmd(SATABus::tagHBA_PORT volatile*)
                0x00000000c0019bbe                SATABus::stopCmd(SATABus::tagHBA_PORT volatile*)
                0x00000000c0019be8                SATABus::portRebase(SATABus::tagHBA_PORT volatile*, int)
                0x00000000c0019cf8                SATABus::probePort(SATABus::tagHBA_MEM volatile*)
                0x00000000c0019da2                SATABus::open(int, int, void*)
 .text          0x00000000c0019dc2      0x5f4 hw/diskphys/ata.32
                0x00000000c0019dc2                ATA::close(int, int, void*)
                0x00000000c0019de6                ATA::powerSaving(PowerSavingLevel)
                0x00000000c0019de8                ATA::ATA()
                0x00000000c0019de8                ATA::ATA()
                0x00000000c0019e16                ATA::flush(bool)
                0x00000000c0019e60                ATA::readyForCommand()
                0x00000000c0019eac                ATA::access(unsigned long long, int, void*, bool)
                0x00000000c001a228                ATA::read(unsigned long long, int, void*)
                0x00000000c001a274                ATA::write(unsigned long long, int, void*)
                0x00000000c001a2c0                ATA::detectCHS()
                0x00000000c001a2ea                ATA::open(int, int, void*)
 .text          0x00000000c001a3b6      0x60e hw/diskphys/atapi.32
                0x00000000c001a3b6                ATAPI::write(unsigned long long, int, void*)
                0x00000000c001a3bc                ATAPI::close(int, int, void*)
                0x00000000c001a3e0                ATAPI::ATAPI()
                0x00000000c001a3e0                ATAPI::ATAPI()
                0x00000000c001a40e                ATAPI::readyForCommand()
                0x00000000c001a460                ATAPI::sendPacket(unsigned char*, int, bool, unsigned short*, int)
                0x00000000c001a720                ATAPI::diskRemoved()
                0x00000000c001a75a                ATAPI::eject()
                0x00000000c001a7a2                ATAPI::diskInserted()
                0x00000000c001a7ae                ATAPI::detectMedia()
                0x00000000c001a86a                ATAPI::open(int, int, void*)
                0x00000000c001a94a                ATAPI::read(unsigned long long, int, void*)
 .text          0x00000000c001a9c4      0x402 hw/diskphys/sata.32
                0x00000000c001a9c4                SATA::close(int, int, void*)
                0x00000000c001a9e8                SATA::powerSaving(PowerSavingLevel)
                0x00000000c001a9ea                SATA::open(int, int, void*)
                0x00000000c001aa94                SATA::SATA()
                0x00000000c001aa94                SATA::SATA()
                0x00000000c001aac2                SATA::access(unsigned long long, int, void*, bool)
                0x00000000c001ad0e                SATA::read(unsigned long long, int, void*)
                0x00000000c001ad5a                SATA::write(unsigned long long, int, void*)
 .text          0x00000000c001adc6      0x5af hw/diskphys/satapi.32
                0x00000000c001adc6                SATAPI::write(unsigned long long, int, void*)
                0x00000000c001adcc                SATAPI::close(int, int, void*)
                0x00000000c001adf0                SATAPI::SATAPI()
                0x00000000c001adf0                SATAPI::SATAPI()
                0x00000000c001ae1e                SATAPI::diskRemoved()
                0x00000000c001ae20                SATAPI::diskInserted()
                0x00000000c001ae3c                SATAPI::sendPacket(unsigned char*, int, unsigned long long, unsigned short*, int)
                0x00000000c001b11c                SATAPI::eject()
                0x00000000c001b158                SATAPI::detectMedia()
                0x00000000c001b17e                SATAPI::open(int, int, void*)
                0x00000000c001b27e                SATAPI::read(unsigned long long, int, void*)
 *fill*         0x00000000c001b375        0x1 
 .text          0x00000000c001b376      0x455 hw/intctrl/apic.32
                0x00000000c001b376                IOAPIC::close(int, int, void*)
                0x00000000c001b37c                apicGetBase()
                0x00000000c001b3be                IOAPIC::IOAPIC()
                0x00000000c001b3be                IOAPIC::IOAPIC()
                0x00000000c001b3e6                apicOpen()
                0x00000000c001b54c                IOAPIC::handlesGSIWithNumber(unsigned int)
                0x00000000c001b57e                IOAPIC::read(int)
                0x00000000c001b5a6                IOAPIC::open(int, int, void*)
                0x00000000c001b69a                IOAPIC::write(int, int)
                0x00000000c001b6c6                IOAPIC::redirect(unsigned char, unsigned long long, unsigned char, bool, bool)
 *fill*         0x00000000c001b7cb        0x1 
 .text          0x00000000c001b7cc       0xf0 hw/timer/apictimer.32
                0x00000000c001b7cc                APICTimer::close(int, int, void*)
                0x00000000c001b7d4                apicTimerHandler(regs*, void*)
                0x00000000c001b7fc                APICTimer::open(int, int, void*)
                0x00000000c001b86c                APICTimer::write(int)
                0x00000000c001b894                APICTimer::APICTimer()
                0x00000000c001b894                APICTimer::APICTimer()
 .text          0x00000000c001b8bc      0x1aa hw/timer/pit.32
                0x00000000c001b8bc                PIT::write(int)
                0x00000000c001b940                pitHandler(regs*, void*)
                0x00000000c001b964                PIT::open(int, int, void*)
                0x00000000c001b9b4                PIT::close(int, int, void*)
                0x00000000c001b9e4                PIT::PIT()
                0x00000000c001b9e4                PIT::PIT()
 *fill*         0x00000000c001ba66        0xa 
 .text          0x00000000c001ba70       0x83 arch/i386/avx.32
                0x00000000c001ba70                avxDetect
                0x00000000c001ba9a                avxSave
                0x00000000c001baab                avxLoad
                0x00000000c001babc                avxInit
                0x00000000c001bade                avxClose
                0x00000000c001badf                wouldSheSayYes
 *fill*         0x00000000c001baf3        0xd 
 .text          0x00000000c001bb00      0x1d6 arch/i386/interrupt.32
                0x00000000c001bb00                isr0
                0x00000000c001bb10                isr1
                0x00000000c001bb1a                isr2
                0x00000000c001bb24                isr3
                0x00000000c001bb2e                isr4
                0x00000000c001bb38                isr5
                0x00000000c001bb42                isr6
                0x00000000c001bb4c                isr7
                0x00000000c001bb56                isr8
                0x00000000c001bb5e                isr9
                0x00000000c001bb68                isr10
                0x00000000c001bb70                isr11
                0x00000000c001bb78                isr12
                0x00000000c001bb80                isr13
                0x00000000c001bb88                isr14
                0x00000000c001bb90                isr15
                0x00000000c001bb9a                isr16
                0x00000000c001bba4                isr17
                0x00000000c001bbae                isr18
                0x00000000c001bbb8                irq3
                0x00000000c001bbc2                irq4
                0x00000000c001bbcc                irq5
                0x00000000c001bbd6                irq6
                0x00000000c001bbe0                irq7
                0x00000000c001bbea                irq8
                0x00000000c001bbf4                irq9
                0x00000000c001bbfe                irq10
                0x00000000c001bc08                irq11
                0x00000000c001bc12                irq12
                0x00000000c001bc1c                irq13
                0x00000000c001bc26                irq14
                0x00000000c001bc30                irq15
                0x00000000c001bc3a                irq1
                0x00000000c001bc41                irq2
                0x00000000c001bc48                isr96
                0x00000000c001bc4f                irq0
                0x00000000c001bc54                int_common_stub
                0x00000000c001bc54                syscall_common_stub
                0x00000000c001bc86                irq16
                0x00000000c001bc90                irq17
                0x00000000c001bc9a                irq18
                0x00000000c001bca4                irq19
                0x00000000c001bcae                irq20
                0x00000000c001bcb8                irq21
                0x00000000c001bcc2                irq22
                0x00000000c001bccc                irq23
 *fill*         0x00000000c001bcd6        0xa 
 .text          0x00000000c001bce0       0x10 arch/i386/rdrand.32
                0x00000000c001bce0                i386GetRDRAND
 .text          0x00000000c001bcf0       0x39 arch/i386/sse.32
                0x00000000c001bcf0                absolutelyNoChanceInHell
                0x00000000c001bcf0                sseDetect
                0x00000000c001bd08                sseSave
                0x00000000c001bd10                sseLoad
                0x00000000c001bd18                sseInit
                0x00000000c001bd28                sseClose
 *fill*         0x00000000c001bd29        0x7 
 .text          0x00000000c001bd30       0x49 arch/i386/x87.32
                0x00000000c001bd36                x87Detect
                0x00000000c001bd51                x87Save
                0x00000000c001bd58                x87Load
                0x00000000c001bd5f                x87Init
                0x00000000c001bd78                x87Close
 *fill*         0x00000000c001bd79        0x3 
 .text          0x00000000c001bd7c       0x25 /cygdrive/d/Users/Alex/Desktop/Toolchain/Output/bin/../lib/gcc/i386-banana/8.1.0/crtend.o
 .text          0x00000000c001bda1        0x0 crtn.32
 *fill*         0x00000000c001bda1        0x3 
 .text          0x00000000c001bda4      0x14b /cygdrive/d/Users/Alex/Desktop/Toolchain/Output/bin/../lib/gcc/i386-banana/8.1.0/libkgcc.a(_divdi3.o)
                0x00000000c001bda4                __divdi3
 *fill*         0x00000000c001beef        0x1 
 .text          0x00000000c001bef0      0x17e /cygdrive/d/Users/Alex/Desktop/Toolchain/Output/bin/../lib/gcc/i386-banana/8.1.0/libkgcc.a(_moddi3.o)
                0x00000000c001bef0                __moddi3
 *fill*         0x00000000c001c06e        0x2 
 .text          0x00000000c001c070       0xff /cygdrive/d/Users/Alex/Desktop/Toolchain/Output/bin/../lib/gcc/i386-banana/8.1.0/libkgcc.a(_udivdi3.o)
                0x00000000c001c070                __udivdi3
 *fill*         0x00000000c001c16f        0x1 
 .text          0x00000000c001c170      0x11a /cygdrive/d/Users/Alex/Desktop/Toolchain/Output/bin/../lib/gcc/i386-banana/8.1.0/libkgcc.a(_umoddi3.o)
                0x00000000c001c170                __umoddi3
 *(.gnu.linkonce.t*)

.iplt           0x00000000c001c290        0x0
 .iplt          0x00000000c001c290        0x0 D:/Users/Alex/Desktop/Banana/kernel/boot.32

.init           0x00000000c001c28a        0xf
 .init          0x00000000c001c28a        0x3 crti.32
                0x00000000c001c28a                _init
 .init          0x00000000c001c28d        0x5 /cygdrive/d/Users/Alex/Desktop/Toolchain/Output/bin/../lib/gcc/i386-banana/8.1.0/crtbegin.o
 .init          0x00000000c001c292        0x5 /cygdrive/d/Users/Alex/Desktop/Toolchain/Output/bin/../lib/gcc/i386-banana/8.1.0/crtend.o
 .init          0x00000000c001c297        0x2 crtn.32

.fini           0x00000000c001c299        0xa
 .fini          0x00000000c001c299        0x3 crti.32
                0x00000000c001c299                _fini
 .fini          0x00000000c001c29c        0x5 /cygdrive/d/Users/Alex/Desktop/Toolchain/Output/bin/../lib/gcc/i386-banana/8.1.0/crtbegin.o
 .fini          0x00000000c001c2a1        0x2 crtn.32

.text._ZN8ComputerD2Ev
                0x00000000c001c2a4       0x23
 .text._ZN8ComputerD2Ev
                0x00000000c001c2a4       0x23 core/computer.32
                0x00000000c001c2a4                Computer::~Computer()
                0x00000000c001c2a4                Computer::~Computer()

.text._ZN8ComputerD0Ev
                0x00000000c001c2c8       0x2a
 .text._ZN8ComputerD0Ev
                0x00000000c001c2c8       0x2a core/computer.32
                0x00000000c001c2c8                Computer::~Computer()

.text._Z10idleCommonv
                0x00000000c001c2f2       0x21
 .text._Z10idleCommonv
                0x00000000c001c2f2       0x21 core/idle.32
                0x00000000c001c2f2                idleCommon()

.text._ZN10LinkedListI8UnixFileED2Ev
                0x00000000c001c314        0x2
 .text._ZN10LinkedListI8UnixFileED2Ev
                0x00000000c001c314        0x2 core/unixfile.32
                0x00000000c001c314                LinkedList<UnixFile>::~LinkedList()
                0x00000000c001c314                LinkedList<UnixFile>::~LinkedList()

.text._ZN10LinkedListI8UnixFileEC2Ev
                0x00000000c001c316       0x42
 .text._ZN10LinkedListI8UnixFileEC2Ev
                0x00000000c001c316       0x42 core/unixfile.32
                0x00000000c001c316                LinkedList<UnixFile>::LinkedList()
                0x00000000c001c316                LinkedList<UnixFile>::LinkedList()

.text._ZN10LinkedListI8UnixFileE10addElementEPS0_
                0x00000000c001c358       0xd3
 .text._ZN10LinkedListI8UnixFileE10addElementEPS0_
                0x00000000c001c358       0xd3 core/unixfile.32
                0x00000000c001c358                LinkedList<UnixFile>::addElement(UnixFile*)

.text._ZN10LinkedListI8UnixFileE15getFirstElementEv
                0x00000000c001c42c        0x7
 .text._ZN10LinkedListI8UnixFileE15getFirstElementEv
                0x00000000c001c42c        0x7 core/unixfile.32
                0x00000000c001c42c                LinkedList<UnixFile>::getFirstElement()

.text._ZN10LinkedListI8UnixFileE11removeFirstEv
                0x00000000c001c434       0xa1
 .text._ZN10LinkedListI8UnixFileE11removeFirstEv
                0x00000000c001c434       0xa1 core/unixfile.32
                0x00000000c001c434                LinkedList<UnixFile>::removeFirst()

.text._ZN10LinkedListI8UnixFileE7getNextEPS0_
                0x00000000c001c4d6        0x8
 .text._ZN10LinkedListI8UnixFileE7getNextEPS0_
                0x00000000c001c4d6        0x8 core/unixfile.32
                0x00000000c001c4d6                LinkedList<UnixFile>::getNext(UnixFile*)

.text._ZN16DriverlessDeviceD2Ev
                0x00000000c001c4de       0x1a
 .text._ZN16DriverlessDeviceD2Ev
                0x00000000c001c4de       0x1a hal/device.32
                0x00000000c001c4de                DriverlessDevice::~DriverlessDevice()
                0x00000000c001c4de                DriverlessDevice::~DriverlessDevice()

.text._ZN16DriverlessDeviceD0Ev
                0x00000000c001c4f8       0x2a
 .text._ZN16DriverlessDeviceD0Ev
                0x00000000c001c4f8       0x2a hal/device.32
                0x00000000c001c4f8                DriverlessDevice::~DriverlessDevice()

.text._ZN10LinkedListI6DeviceE10addElementEPS0_
                0x00000000c001c522       0xdc
 .text._ZN10LinkedListI6DeviceE10addElementEPS0_
                0x00000000c001c522       0xdc hal/device.32
                0x00000000c001c522                LinkedList<Device>::addElement(Device*)

.text._ZN10LinkedListI6DeviceEC2Ev
                0x00000000c001c5fe       0x42
 .text._ZN10LinkedListI6DeviceEC2Ev
                0x00000000c001c5fe       0x42 hal/device.32
                0x00000000c001c5fe                LinkedList<Device>::LinkedList()
                0x00000000c001c5fe                LinkedList<Device>::LinkedList()

.text._ZN10LinkedListIV18ThreadControlBlockE7isEmptyEv
                0x00000000c001c640       0x1c
 .text._ZN10LinkedListIV18ThreadControlBlockE7isEmptyEv
                0x00000000c001c640       0x1c hal/timer.32
                0x00000000c001c640                LinkedList<ThreadControlBlock volatile>::isEmpty()

.text._ZN10LinkedListIV18ThreadControlBlockE15getFirstElementEv
                0x00000000c001c65c        0x7
 .text._ZN10LinkedListIV18ThreadControlBlockE15getFirstElementEv
                0x00000000c001c65c        0x7 hal/timer.32