Archive member included to satisfy reference by file (symbol)

/cygdrive/d/Users/Alex/Desktop/Toolchain/Output/bin/../lib/gcc/i386-banana/8.1.0/libkgcc.a(_divdi3.o)
                              fs/fat/ff.32 (__divdi3)
/cygdrive/d/Users/Alex/Desktop/Toolchain/Output/bin/../lib/gcc/i386-banana/8.1.0/libkgcc.a(_moddi3.o)
                              compat/resolve.32 (__moddi3)
/cygdrive/d/Users/Alex/Desktop/Toolchain/Output/bin/../lib/gcc/i386-banana/8.1.0/libkgcc.a(_udivdi3.o)
                              fs/fat/ff.32 (__udivdi3)
/cygdrive/d/Users/Alex/Desktop/Toolchain/Output/bin/../lib/gcc/i386-banana/8.1.0/libkgcc.a(_umoddi3.o)
                              compat/resolve.32 (__umoddi3)
D:/Users/Alex/Desktop/Banana/kernel/libsoftfp.a(sfieeelib.o)
                              hal/sound/sndhw.32 (__addsf3)
D:/Users/Alex/Desktop/Banana/kernel/libsoftfp.a(dfieeelib.o)
                              hal/libresample/src_linear.32 (__adddf3)
D:/Users/Alex/Desktop/Banana/kernel/libsoftfp.a(sfdfcvt.o)
                              hal/libresample/samplerate.32 (__truncdfsf2)
D:/Users/Alex/Desktop/Banana/kernel/libk/libm32.a(s_fabs.c.o)
                              hal/libresample/samplerate.32 (fabs)
D:/Users/Alex/Desktop/Banana/kernel/libk/libm32.a(s_lrint.S.o)
                              hal/libresample/samplerate.32 (lrint)
D:/Users/Alex/Desktop/Banana/kernel/libk/libm32.a(s_lrintf.S.o)
                              hal/sound/sndhw.32 (lrintf)

Discarded input sections

 .comment       0x0000000000000000       0x12 /cygdrive/d/Users/Alex/Desktop/Toolchain/Output/bin/../lib/gcc/i386-banana/8.1.0/crtbegin.o
 .comment       0x0000000000000000       0x12 acpica/utclib.32
 .comment       0x0000000000000000       0x12 core/malloc.32
 .comment       0x0000000000000000       0x12 libk/string.32
 .comment       0x0000000000000000       0x12 fs/fat/diskio.32
 .comment       0x0000000000000000       0x12 fs/fat/ff.32
 .comment       0x0000000000000000       0x12 fs/fat/ffsystem.32
 .comment       0x0000000000000000       0x12 fs/fat/ffunicode.32
 .comment       0x0000000000000000       0x12 hal/libresample/samplerate.32
 .comment       0x0000000000000000       0x12 hal/libresample/src_linear.32
 .comment       0x0000000000000000       0x12 hal/libresample/src_sinc.32
 .comment       0x0000000000000000       0x12 hal/libresample/src_zoh.32
 .comment       0x0000000000000000       0x12 compat/inlines.32
 .comment       0x0000000000000000       0x12 compat/resolve.32
 .group         0x0000000000000000       0x14 core/computer.32
 .group         0x0000000000000000        0xc core/computer.32
 .comment       0x0000000000000000       0x12 core/computer.32
 .comment       0x0000000000000000       0x12 core/gdt.32
 .group         0x0000000000000000        0xc core/idle.32
 .comment       0x0000000000000000       0x12 core/idle.32
 .comment       0x0000000000000000       0x12 core/idt.32
 .comment       0x0000000000000000       0x12 core/kheap.32
 .comment       0x0000000000000000       0x12 core/main.32
 .comment       0x0000000000000000       0x12 core/physmgr.32
 .group         0x0000000000000000        0xc core/pipe.32
 .comment       0x0000000000000000       0x12 core/pipe.32
 .group         0x0000000000000000        0xc core/terminal.32
 .comment       0x0000000000000000       0x12 core/terminal.32
 .comment       0x0000000000000000       0x12 core/tss.32
 .group         0x0000000000000000        0x8 core/unixfile.32
 .group         0x0000000000000000        0xc core/unixfile.32
 .group         0x0000000000000000        0xc core/unixfile.32
 .group         0x0000000000000000        0x8 core/unixfile.32
 .group         0x0000000000000000        0xc core/unixfile.32
 .group         0x0000000000000000        0x8 core/unixfile.32
 .group         0x0000000000000000        0xc core/unixfile.32
 .group         0x0000000000000000        0xc core/unixfile.32
 .comment       0x0000000000000000       0x12 core/unixfile.32
 .comment       0x0000000000000000       0x12 core/virtmgr.32
 .comment       0x0000000000000000       0x12 coreobjs/c++.32
 .comment       0x0000000000000000       0x12 dbg/kconsole.32
 .group         0x0000000000000000        0xc fs/vfs.32
 .group         0x0000000000000000        0xc fs/vfs.32
 .group         0x0000000000000000        0xc fs/vfs.32
 .comment       0x0000000000000000       0x12 fs/vfs.32
 .group         0x0000000000000000        0xc hal/bus.32
 .comment       0x0000000000000000       0x12 hal/bus.32
 .group         0x0000000000000000        0xc hal/buzzer.32
 .comment       0x0000000000000000       0x12 hal/buzzer.32
 .group         0x0000000000000000        0xc hal/clock.32
 .comment       0x0000000000000000       0x12 hal/clock.32
 .group         0x0000000000000000       0x14 hal/device.32
 .group         0x0000000000000000        0xc hal/device.32
 .group         0x0000000000000000        0xc hal/device.32
 .group         0x0000000000000000        0xc hal/device.32
[...]
Memory Configuration

Name             Origin             Length             Attributes
*default*        0x0000000000000000 0xffffffffffffffff

Linker script and memory map

LOAD D:/Users/Alex/Desktop/Banana/kernel/boot.32
LOAD crti.32
LOAD /cygdrive/d/Users/Alex/Desktop/Toolchain/Output/bin/../lib/gcc/i386-banana/8.1.0/crtbegin.o
LOAD D:/Users/Alex/Desktop/Banana/kernel/morenasm.32
LOAD acpica/utclib.32
LOAD core/malloc.32
LOAD libk/string.32
LOAD fs/fat/diskio.32
LOAD fs/fat/ff.32
LOAD fs/fat/ffsystem.32
LOAD fs/fat/ffunicode.32
LOAD hal/libresample/samplerate.32
LOAD hal/libresample/src_linear.32
LOAD hal/libresample/src_sinc.32
LOAD hal/libresample/src_zoh.32
LOAD compat/inlines.32
LOAD compat/resolve.32
LOAD core/computer.32
LOAD core/gdt.32
LOAD core/idle.32
LOAD core/idt.32
LOAD core/kheap.32
LOAD core/main.32
LOAD core/physmgr.32
LOAD core/pipe.32
LOAD core/terminal.32
LOAD core/tss.32
LOAD core/unixfile.32
LOAD core/virtmgr.32
LOAD coreobjs/c++.32
LOAD dbg/kconsole.32
LOAD fs/vfs.32
LOAD hal/bus.32
LOAD hal/buzzer.32
LOAD hal/clock.32
LOAD hal/device.32
LOAD hal/diskctrl.32
LOAD hal/diskphys.32
LOAD hal/fpu.32
LOAD hal/intctrl.32
LOAD hal/keybrd.32
LOAD hal/logidisk.32
LOAD hal/mouse.32
LOAD hal/partition.32
LOAD hal/serial.32
LOAD hal/timer.32
LOAD hal/vcache.32
LOAD hal/video.32
LOAD hw/acpi.32
LOAD hw/cpu.32
LOAD hw/ports.32
LOAD hw/smp.32
LOAD krnl/env.32
LOAD krnl/panic.32
LOAD net/ethernet.32
LOAD reg/registry.32
LOAD sys/sc_eject.32
LOAD sys/sc_exit.32
LOAD sys/sc_getcwd.32
LOAD sys/sc_getpid.32
LOAD sys/sc_getramdata.32
LOAD sys/sc_loaddll.32
LOAD sys/sc_read.32
LOAD sys/sc_sbrk.32
LOAD sys/sc_setcwd.32
LOAD sys/sc_settime.32
LOAD sys/sc_timezone.32
LOAD sys/sc_write.32
LOAD sys/sc_wsbe.32
LOAD sys/sc_yield.32
LOAD sys/syscalls.32
LOAD thr/elf.32
LOAD thr/prcssthr.32
LOAD vm86/vm8086.32
LOAD vm86/x87em.32
LOAD fs/fat/vfslink.32
LOAD fs/iso9660/vfslink.32
LOAD hal/sound/sndchannel.32
LOAD hal/sound/sndhw.32
LOAD hw/bus/isa.32
LOAD hw/bus/pci.32
LOAD hw/diskctrl/ide.32
LOAD hw/diskctrl/satabus.32
LOAD hw/diskphys/ata.32
LOAD hw/diskphys/atapi.32
LOAD hw/diskphys/sata.32
LOAD hw/diskphys/satapi.32
LOAD hw/fpu/avx.32
LOAD hw/fpu/mmx.32
LOAD hw/fpu/sse.32
LOAD hw/fpu/x87.32
LOAD hw/intctrl/apic.32
LOAD hw/intctrl/pic.32
LOAD hw/timer/apictimer.32
LOAD hw/timer/pit.32
LOAD hw/fpu/x86/avx.32
LOAD hw/fpu/x86/sse.32
LOAD hw/fpu/x86/x87.32
LOAD /cygdrive/d/Users/Alex/Desktop/Toolchain/Output/bin/../lib/gcc/i386-banana/8.1.0/crtend.o
LOAD crtn.32
LOAD /cygdrive/d/Users/Alex/Desktop/Toolchain/Output/bin/../lib/gcc/i386-banana/8.1.0/libkgcc.a
LOAD D:/Users/Alex/Desktop/Banana/kernel/libsoftfp.a
LOAD D:/Users/Alex/Desktop/Banana/kernel/libk/libm32.a
                0x00000000c0000000                . = 0xc0000000

.text           0x00000000c0000000    0x28618
 *(.text)
 .text          0x00000000c0000000       0x41 D:/Users/Alex/Desktop/Banana/kernel/boot.32
                0x00000000c0000020                callGlobalConstructors
 .text          0x00000000c0000041        0x0 crti.32
 *fill*         0x00000000c0000041        0x3 
 .text          0x00000000c0000044      0x101 /cygdrive/d/Users/Alex/Desktop/Toolchain/Output/bin/../lib/gcc/i386-banana/8.1.0/crtbegin.o
 *fill*         0x00000000c0000145        0xb 
 .text          0x00000000c0000150      0x4ed D:/Users/Alex/Desktop/Banana/kernel/morenasm.32
                0x00000000c0000150                manualPCIProbe
                0x00000000c000019b                prepareTramp
                0x00000000c00001b4                voodooXADD
                0x00000000c000027f                doTPAUSE
                0x00000000c0000289                hasLegacyFPU
                0x00000000c00002ae                is486
                0x00000000c00002e4                detectCPUID
                0x00000000c00002fa                goToVM86
                0x00000000c000032a                goToUsermode
                0x00000000c0000354                switchToThreadASMFirstTime
                0x00000000c0000362                switchToThreadASM
                0x00000000c00003ea                asmQuickAcquireLock
                0x00000000c0000408                asmQuickReleaseLock
                0x00000000c0000414                asmAcquireLock
                0x00000000c0000435                asmReleaseLock
                0x00000000c0000448                loadGDT
                0x00000000c0000468                isr0
                0x00000000c0000478                isr1
                0x00000000c0000482                isr2
                0x00000000c000048c                isr3
                0x00000000c0000496                isr4
                0x00000000c00004a0                isr5
                0x00000000c00004aa                isr6
                0x00000000c00004b4                isr7
                0x00000000c00004be                isr8
                0x00000000c00004c6                isr9
                0x00000000c00004d0                isr10
                0x00000000c00004d8                isr11
                0x00000000c00004e0                isr12
                0x00000000c00004e8                isr13
                0x00000000c00004f0                isr14
                0x00000000c00004f8                isr15
                0x00000000c0000502                isr16
                0x00000000c000050c                isr17
                0x00000000c0000516                isr18
                0x00000000c0000520                irq3
                0x00000000c000052a                irq4
                0x00000000c0000534                irq5
                0x00000000c000053e                irq6
                0x00000000c0000548                irq7
                0x00000000c0000552                irq8
                0x00000000c000055c                irq9
                0x00000000c0000566                irq10
                0x00000000c0000570                irq11
                0x00000000c000057a                irq12
                0x00000000c0000584                irq13
                0x00000000c000058e                irq14
                0x00000000c0000598                irq15
                0x00000000c00005a2                irq1
                0x00000000c00005a9                irq2
                0x00000000c00005b0                isr96
                0x00000000c00005b7                irq0
                0x00000000c00005bc                int_common_stub
                0x00000000c00005bc                syscall_common_stub
                0x00000000c00005ed                irq16
                0x00000000c00005f7                irq17
                0x00000000c0000601                irq18
                0x00000000c000060b                irq19
                0x00000000c0000615                irq20
                0x00000000c000061f                irq21
                0x00000000c0000629                irq22
                0x00000000c0000633                irq23
 *fill*         0x00000000c000063d        0x3 
 .text          0x00000000c0000640      0x611 acpica/utclib.32
                0x00000000c0000640                memcmp
                0x00000000c000067c                memmove
                0x00000000c0000744                memcpy
                0x00000000c0000778                memset
                0x00000000c0000794                strlen
                0x00000000c00007ac                strpbrk
                0x00000000c00007e8                strtok
                0x00000000c0000834                strcpy
                0x00000000c0000858                strncpy
                0x00000000c00008c0                strcmp
                0x00000000c0000900                strchr
                0x00000000c0000924                strncmp
                0x00000000c0000974                strcat
                0x00000000c00009a4                strncat
                0x00000000c00009e0                strstr
                0x00000000c0000a28                toupper
                0x00000000c0000a3c                tolower
                0x00000000c0000a50                simple_strtoul
 .text          0x00000000c0000c51      0xfbf core/malloc.32
                0x00000000c0000dbc                dlfree
                0x00000000c0001117                dlmalloc
                0x00000000c0001654                dlrealloc
                0x00000000c0001809                dlmemalign
                0x00000000c000192c                dlcalloc
                0x00000000c00019c6                dlcfree
                0x00000000c00019cb                dlindependent_calloc
                0x00000000c00019f0                dlindependent_comalloc
                0x00000000c0001a07                dlvalloc
                0x00000000c0001a32                dlpvalloc
                0x00000000c0001a68                dlmalloc_trim
                0x00000000c0001a75                dlmalloc_usable_size
                0x00000000c0001aa6                dlmallinfo
                0x00000000c0001b75                dlmalloc_stats
                0x00000000c0001b86                dlmallopt
 .text          0x00000000c0001c10        0x0 libk/string.32
 .text          0x00000000c0001c10       0x51 fs/fat/diskio.32
                0x00000000c0001c10                disk_status
                0x00000000c0001c13                disk_initialize
                0x00000000c0001c16                disk_read
                0x00000000c0001c2c                disk_write
                0x00000000c0001c42                disk_ioctl
 .text          0x00000000c0001c61     0x6833 fs/fat/ff.32
                0x00000000c0004f2f                f_mount
                0x00000000c0004f91                f_open
                0x00000000c00053cd                f_read
                0x00000000c000564d                f_write
                0x00000000c0005907                f_sync
                0x00000000c0005ae3                f_close
                0x00000000c0005b12                f_lseek
                0x00000000c0005fc9                f_opendir
                0x00000000c00060cb                f_closedir
                0x00000000c00060ed                f_readdir
                0x00000000c0006188                f_stat
                0x00000000c0006217                f_getfree
                0x00000000c00063e2                f_truncate
                0x00000000c00064da                f_unlink
                0x00000000c000665d                f_mkdir
                0x00000000c0006889                f_rename
                0x00000000c0006b7c                f_chmod
                0x00000000c0006c5a                f_utime
                0x00000000c0006d38                f_getlabel
                0x00000000c0006f26                f_setlabel
                0x00000000c0007193                f_forward
                0x00000000c0007371                f_mkfs
 .text          0x00000000c0008494       0x2d fs/fat/ffsystem.32
                0x00000000c0008494                ff_memalloc
                0x00000000c00084aa                ff_memfree
 .text          0x00000000c00084c1      0x253 fs/fat/ffunicode.32
                0x00000000c00084c1                ff_uni2oem
                0x00000000c0008551                ff_oem2uni
                0x00000000c00085bd                ff_wtoupper
 .text          0x00000000c0008714      0x8fb hal/libresample/samplerate.32
                0x00000000c0008758                src_delete
                0x00000000c0008794                src_process
                0x00000000c000894a                src_callback_read
                0x00000000c0008ac7                src_set_ratio
                0x00000000c0008b31                src_get_channels
                0x00000000c0008b53                src_reset
                0x00000000c0008b9f                src_new
                0x00000000c0008c2d                src_callback_new
                0x00000000c0008c8f                src_get_name
                0x00000000c0008cc6                src_get_description
                0x00000000c0008cfd                src_get_version
                0x00000000c0008d03                src_is_valid_ratio
                0x00000000c0008d57                src_error
                0x00000000c0008d65                src_strerror
                0x00000000c0008d78                src_simple
                0x00000000c0008dcb                src_short_to_float_array
                0x00000000c0008e30                src_float_to_short_array
                0x00000000c0008eef                src_int_to_float_array
                0x00000000c0008f52                src_float_to_int_array
 .text          0x00000000c000900f      0x8cb hal/libresample/src_linear.32
                0x00000000c0009835                linear_get_name
                0x00000000c0009844                linear_get_description
                0x00000000c0009853                linear_set_converter
 .text          0x00000000c00098da     0x447c hal/libresample/src_sinc.32
                0x00000000c000dc6d                sinc_get_name
                0x00000000c000dc80                sinc_get_description
                0x00000000c000dc93                sinc_set_converter
 .text          0x00000000c000dd56      0x77c hal/libresample/src_zoh.32
                0x00000000c000e42d                zoh_get_name
                0x00000000c000e43c                zoh_get_description
                0x00000000c000e44b                zoh_set_converter
 .text          0x00000000c000e4d2       0x23 compat/inlines.32
                0x00000000c000e4d2                CPU::current()
                0x00000000c000e4df                operator new(unsigned long)
 .text          0x00000000c000e4f5      0x111 compat/resolve.32
                0x00000000c000e4f5                Krnl::resolveCompatibilitySymbol(char*)
 .text          0x00000000c000e606      0xa17 core/computer.32
                0x00000000c000e606                Computer::close(int, int, void*)
                0x00000000c000e64a                Krnl::firstTask()
                0x00000000c000e73a                Computer::Computer()
                0x00000000c000e73a                Computer::Computer()
                0x00000000c000e896                Computer::setBootMessage(char const*)
                0x00000000c000e898                Computer::detectFeatures()
                0x00000000c000eaa2                Computer::displayFeatures()
                0x00000000c000ede8                Computer::rdmsr(unsigned int)
                0x00000000c000ee14                Computer::wrmsr(unsigned int, unsigned long long)
                0x00000000c000ee4c                Computer::nmiEnabled()
                0x00000000c000ee58                Computer::readCMOS(unsigned char)
                0x00000000c000ee72                Computer::enableNMI(bool)
                0x00000000c000ee8a                Computer::open(int, int, void*)
                0x00000000c000ef60                Computer::disableNMI()
                0x00000000c000ef6e                Computer::writeCMOS(unsigned char, unsigned char)
                0x00000000c000ef8c                Computer::handleNMI()
                0x00000000c000eff2                Computer::setDiskActivityLight(int, bool)
 *fill*         0x00000000c000f01d        0x1 
 .text          0x00000000c000f01e      0x1b7 core/gdt.32
                0x00000000c000f01e                GDTEntry::setBase(unsigned int)
                0x00000000c000f03a                GDTEntry::setLimit(unsigned int)
                0x00000000c000f058                GDT::GDT()
                0x00000000c000f058                GDT::GDT()
                0x00000000c000f06e                GDT::addEntry(GDTEntry)
                0x00000000c000f0aa                GDT::getNumberOfEntries()
                0x00000000c000f0b2                GDT::flush()
                0x00000000c000f0d4                GDT::setup()
 .text          0x00000000c000f1d5       0x62 core/idle.32
                0x00000000c000f1d5                idleFunction(void*)
 *fill*         0x00000000c000f237        0x1 
 .text          0x00000000c000f238      0x45f core/idt.32
                0x00000000c000f238                IDTEntry::IDTEntry(bool)
                0x00000000c000f238                IDTEntry::IDTEntry(bool)
                0x00000000c000f2a6                IDTEntry::setOffset(unsigned int)
                0x00000000c000f2ba                IDT::IDT()
                0x00000000c000f2ba                IDT::IDT()
                0x00000000c000f2bc                IDT::getPointerToInvalidOpcodeEntryForF00F()
                0x00000000c000f2c4                IDT::addEntry(IDTEntry, int)
                0x00000000c000f2de                IDT::addEntry(int, void (*)(), bool)
                0x00000000c000f316                IDT::flush()
                0x00000000c000f330                IDT::setup()
 .text          0x00000000c000f697      0x203 core/kheap.32
                0x00000000c000f697                sbrk
                0x00000000c000f7a5                mmap
                0x00000000c000f7bb                munmap
                0x00000000c000f7d1                liballoc_lock()
                0x00000000c000f7e2                liballoc_unlock()
                0x00000000c000f7f3                liballoc_alloc(int)
                0x00000000c000f80e                liballoc_free(void*, int)
                0x00000000c000f82c                realloc
                0x00000000c000f840                malloc
                0x00000000c000f850                free
                0x00000000c000f860                rfree
                0x00000000c000f870                calloc
 .text          0x00000000c000f89a      0x485 core/main.32
                0x00000000c000f89a                hwTextMode_loadInData(VgaText*)
                0x00000000c000f8e5                hwTextMode_loadInTitle(VgaText*, char*)
                0x00000000c000f963                hwTextMode_showCursor(VgaText*, bool)
                0x00000000c000f9c1                hwTextMode_update(VgaText*)
                0x00000000c000f9c2                hwTextMode_updateCursor(VgaText*)
                0x00000000c000fa13                hwTextMode_disableBlink(VgaText*, bool)
                0x00000000c000fa59                hwTextMode_scrollScreen(VgaText*)
                0x00000000c000fb06                hwTextMode_writeCharacter(VgaText*, char, VgaColour, VgaColour, int, int)
                0x00000000c000fb88                setupTextMode()
                0x00000000c000fbf8                kernel_main
 .text          0x00000000c000fd1f      0x5c8 core/physmgr.32
                0x00000000c000fd1f                Phys::allocateDMA(unsigned long)
                0x00000000c000fdc2                Phys::freeDMA(unsigned long, unsigned long)
                0x00000000c000fe0a                Phys::setPageState(unsigned long, bool)
                0x00000000c000fe3c                Phys::getPageState(unsigned long)
                0x00000000c000fe58                Phys::freePage(unsigned long)
                0x00000000c000fee2                Phys::allocatePage()
                0x00000000c0010025                Phys::allocateContiguousPages(int)
                0x00000000c001007f                Phys::allowSegmentToBeUsed(unsigned long, unsigned long)
                0x00000000c00100b7                Phys::physicalMemorySetup(unsigned int)
 *fill*         0x00000000c00102e7        0x1 
 .text          0x00000000c00102e8      0x273 core/pipe.32
                0x00000000c00102e8                Pipe::isAtty()
                0x00000000c00102ec                Pipe::~Pipe()
                0x00000000c00102ec                Pipe::~Pipe()
                0x00000000c0010310                Pipe::~Pipe()
                0x00000000c0010338                Pipe::read(unsigned long long, void*, int*)
                0x00000000c001042c                Pipe::write(unsigned long long, void*, int*)
                0x00000000c00104f4                Pipe::Pipe(int)
                0x00000000c00104f4                Pipe::Pipe(int)
 *fill*         0x00000000c001055b        0x1 
 .text          0x00000000c001055c      0xf73 core/terminal.32
                0x00000000c001055c                VgaText::isAtty()
                0x00000000c0010560                VgaText::~VgaText()
                0x00000000c0010560                VgaText::~VgaText()
                0x00000000c0010584                VgaText::~VgaText()
                0x00000000c00105ae                VgaText::read(unsigned long long, void*, int*)
                0x00000000c00105ce                setTerminalScrollLock(bool)
                0x00000000c00105cf                addToTerminalCycle(VgaText*)
                0x00000000c00105fc                installVgaTextImplementation()
                0x00000000c0010611                scrollTerminalScrollLock(int)
                0x00000000c0010612                VgaText::load()
                0x00000000c0010666                VgaText::updateCursor()
                0x00000000c0010680                VgaText::showCursor(bool)
                0x00000000c0010690                VgaText::disableBlink(bool)
                0x00000000c00106ca                VgaText::doANSI_SGR(int)
                0x00000000c0010756                VgaText::setDefaultBgColour(VgaColour)
                0x00000000c001076c                VgaText::setDefaultFgColour(VgaColour)
                0x00000000c0010782                VgaText::setDefaultColours(VgaColour, VgaColour)
                0x00000000c00107a2                VgaText::combineColours(unsigned char, unsigned char)
                0x00000000c00107b4                VgaText::scrollScreen()
                0x00000000c0010848                VgaText::combineCharAndColour(char, unsigned char)
                0x00000000c001085a                VgaText::writeCharacter(char, VgaColour, VgaColour, int, int)
                0x00000000c00108ba                VgaText::getCursorX()
                0x00000000c00108c6                VgaText::getCursorY()
                0x00000000c00108d2                VgaText::setCursor(int, int)
                0x00000000c00108f0                VgaText::setCursorX(int)
                0x00000000c001090c                VgaText::setCursorY(int)
                0x00000000c0010928                VgaText::incrementCursor(bool)
                0x00000000c0010990                VgaText::updateRAMUsageDisplay(int)
                0x00000000c00109f4                VgaText::updateDiskUsage()
                0x00000000c0010b5e                VgaText::updateTitle()
                0x00000000c0010ba4                VgaText::setTitleTextColour(VgaColour)
                0x00000000c0010bb4                VgaText::setTitleColour(VgaColour)
                0x00000000c0010bc4                VgaText::setTitle(char*)
                0x00000000c0010bea                VgaText::decrementCursor(bool)
                0x00000000c0010c12                VgaText::putchar(char, VgaColour, VgaColour)
                0x00000000c0010d0e                VgaText::isShowingCursor()
                0x00000000c0010d1a                VgaText::isBlinkDisabled()
                0x00000000c0010d28                VgaText::setCursorHeight(int)
                0x00000000c0010d46                VgaText::getCursorHeight()
                0x00000000c0010d51                setActiveTerminal(VgaText*)
                0x00000000c0010e03                doTerminalCycle()
                0x00000000c0010e20                VgaText::doUpdate()
                0x00000000c0010e32                VgaText::puts(char const*, VgaColour, VgaColour)
                0x00000000c0010ff2                VgaText::clearScreen()
                0x00000000c0011056                VgaText::putchar(char)
                0x00000000c0011170                VgaText::puts(char const*)
                0x00000000c0011196                VgaText::putx(unsigned int)
                0x00000000c00111dc                VgaText::VgaText(char const*)
                0x00000000c00111dc                VgaText::VgaText(char const*)
                0x00000000c001136e                VgaText::receiveKey(unsigned char)
                0x00000000c0011456                VgaText::write(unsigned long long, void*, int*)
                0x00000000c00114aa                newTerminal(char*)
 *fill*         0x00000000c00114cf        0x1 
 .text          0x00000000c00114d0      0x1b3 core/tss.32
                0x00000000c00114d0                TSS::TSS()
                0x00000000c00114d0                TSS::TSS()
                0x00000000c00114de                TSS::setESP(unsigned long)
                0x00000000c00114f0                TSS::flush()
                0x00000000c0011510                TSS::setup(unsigned long, unsigned long)
 *fill*         0x00000000c0011683        0x1 
 .text          0x00000000c0011684      0x4c2 core/unixfile.32
                0x00000000c0011684                ReservedFilename::read(unsigned long long, void*, int*)
                0x00000000c00116da                ReservedFilename::isAtty()
                0x00000000c00116f6                ReservedFilename::write(unsigned long long, void*, int*)
                0x00000000c0011754                UnixFile::getFileDescriptor()
                0x00000000c001175c                UnixFile::UnixFile(int)
                0x00000000c001175c                UnixFile::UnixFile(int)
                0x00000000c001190c                ReservedFilename::ReservedFilename(int)
                0x00000000c001190c                ReservedFilename::ReservedFilename(int)
                0x00000000c001193e                UnixFile::~UnixFile()
                0x00000000c001193e                UnixFile::~UnixFile()
                0x00000000c00119d6                UnixFile::~UnixFile()
                0x00000000c00119fe                ReservedFilename::~ReservedFilename()
                0x00000000c00119fe                ReservedFilename::~ReservedFilename()
                0x00000000c0011a22                ReservedFilename::~ReservedFilename()
                0x00000000c0011a49                getFromFileDescriptor(int)
 .text          0x00000000c0011b46     0x1264 core/virtmgr.32
                0x00000000c0011b46                Virt::setPageState(unsigned long, Virt::VirtPageState)
                0x00000000c0011b7b                Virt::getPageState(unsigned long)
                0x00000000c0011b9f                Virt::allocateKernelVirtualPages(int)
                0x00000000c0011cb0                Virt::freeSwapfilePage(unsigned long)
                0x00000000c0011cce                Virt::swapIDToSector(unsigned long)
                0x00000000c0011ce0                Virt::allocateSwapfilePage()
                0x00000000c0011d5e                Virt::virtualMemorySetup()
                0x00000000c0011ddd                Virt::swappingSetup()
                0x00000000c0011e3a                Virt::getAKernelVAS()
                0x00000000c0011e40                Virt::setupPageSwapping(int)
                0x00000000c0011f70                VAS::VAS()
                0x00000000c0011f70                VAS::VAS()
                0x00000000c0011fa0                VAS::VAS(VAS*)
                0x00000000c0011fa0                VAS::VAS(VAS*)
                0x00000000c0011fc4                VAS::getForeignPageTableEntry(bool, unsigned long)
                0x00000000c0011ff0                VAS::getPageTableEntry(unsigned long)
                0x00000000c001200f                Virt::freeKernelVirtualPages(unsigned long)
                0x00000000c0012132                VAS::freeAllocatedPages(unsigned long)
                0x00000000c0012156                VAS::virtualToPhysical(unsigned long)
                0x00000000c001216e                VAS::reflagRange(unsigned long, int, int, int)
                0x00000000c00121ae                VAS::setToWriteCombining(unsigned long, int)
                0x00000000c00121e0                VAS::mapOtherVASIn(bool, VAS*)
                0x00000000c001220a                VAS::~VAS()
                0x00000000c001220a                VAS::~VAS()
                0x00000000c0012376                VAS::mapPage(unsigned long, unsigned long, int)
                0x00000000c0012476                VAS::allocatePages(int, int)
                0x00000000c001264e                VAS::setCPUSpecific(unsigned long)
                0x00000000c001266a                VAS::mapRange(unsigned long, unsigned long, int, int)
                0x00000000c0012730                VAS::mapForeignPage(bool, VAS*, unsigned long, unsigned long, int)
                0x00000000c001281e                VAS::VAS(bool)
                0x00000000c001281e                VAS::VAS(bool)
                0x00000000c0012a7a                VAS::evict(unsigned long)
                0x00000000c0012b3e                VAS::tryLoadBackOffDisk(unsigned long)
                0x00000000c0012c38                VAS::scanForEviction(int, int)
                0x00000000c0012cee                mapVASFirstTime
 .text          0x00000000c0012daa       0x95 coreobjs/c++.32
                0x00000000c0012daa                __cxa_atexit
                0x00000000c0012dad                __cxa_finalize
                0x00000000c0012dae                __stack_chk_fail
                0x00000000c0012e1a                __cxa_pure_virtual
                0x00000000c0012e2b                operator new[](unsigned long)
                0x00000000c0012e30                operator delete(void*, unsigned long)
                0x00000000c0012e35                operator delete[](void*)
                0x00000000c0012e3a                operator delete[](void*, unsigned long)
 .text          0x00000000c0012e3f      0x1ef dbg/kconsole.32
                0x00000000c0012e3f                Dbg::stringifyxWithBase(unsigned int, char*, int)
                0x00000000c0012ea0                Dbg::logc(char)
                0x00000000c0012eb7                Dbg::logs(char*)
                0x00000000c0012ed4                Dbg::logWriteInt(unsigned int)
                0x00000000c0012ef1                Dbg::logWriteIntBase(unsigned int, int)
                0x00000000c0012f10                Dbg::kprintf(char const*, ...)
 .text          0x00000000c001302e      0xb7c fs/vfs.32
                0x00000000c001302e                File::read(unsigned long long, void*, int*)
                0x00000000c0013086                File::write(unsigned long long, void*, int*)
                0x00000000c00130de                Directory::read(unsigned long long, void*, int*)
                0x00000000c0013136                Directory::write(unsigned long long, void*, int*)
                0x00000000c0013164                File::isAtty()
                0x00000000c0013168                Directory::isAtty()
                0x00000000c001316c                Filesystem::getlabel(LogicalDisk*, int, char*, unsigned int*)
                0x00000000c0013172                Filesystem::setlabel(LogicalDisk*, int, char*)
                0x00000000c0013178                File::~File()
                0x00000000c0013178                File::~File()
                0x00000000c001319c                File::~File()
                0x00000000c00131c6                Directory::~Directory()
                0x00000000c00131c6                Directory::~Directory()
                0x00000000c00131ea                Directory::~Directory()
                0x00000000c0013214                Filesystem::Filesystem()
                0x00000000c0013214                Filesystem::Filesystem()
                0x00000000c0013238                Filesystem::~Filesystem()
                0x00000000c0013238                Filesystem::~Filesystem()
                0x00000000c0013246                Filesystem::~Filesystem()
                0x00000000c001326a                Fs::getcwd(Process*, char*, int)
                0x00000000c0013294                Fs::initVFS()
                0x00000000c00132be                Fs::standardiseFiles(char*, char const*, char const*)
                0x00000000c0013468                File::File(char const*, Process*)
                0x00000000c0013468                File::File(char const*, Process*)
                0x00000000c00134cc                File::open(FileOpenMode)
                0x00000000c001352a                File::close()
                0x00000000c001358a                File::seek(unsigned long long)
                0x00000000c00135e0                File::tell(unsigned long long*)
                0x00000000c0013630                File::rewind()
                0x00000000c0013644                File::unlink()
                0x00000000c0013690                File::rename(char const*)
                0x00000000c00136de                File::chfatattr(unsigned char, unsigned char)
                0x00000000c001373a                File::exists()
                0x00000000c0013778                File::stat(unsigned long long*, bool*)
                0x00000000c00137d9                Fs::setcwd(Process*, char*)
                0x00000000c0013914                Directory::Directory(char const*, Process*)
                0x00000000c0013914                Directory::Directory(char const*, Process*)
                0x00000000c0013978                Directory::open()
                0x00000000c00139d4                Directory::close()
                0x00000000c0013a34                Directory::unlink()
                0x00000000c0013a80                Directory::rename(char const*)
                0x00000000c0013ace                Directory::exists()
                0x00000000c0013b0c                Directory::read(dirent*)
                0x00000000c0013b58                Directory::create()
                0x00000000c0013ba4                Filesystem::chfatattr(char const*, unsigned char, unsigned char)
 .text          0x00000000c0013baa       0x84 hal/bus.32
                0x00000000c0013baa                Bus::Bus(char const*)
                0x00000000c0013baa                Bus::Bus(char const*)
                0x00000000c0013be0                Bus::~Bus()
                0x00000000c0013be0                Bus::~Bus()
                0x00000000c0013c04                Bus::~Bus()
 .text          0x00000000c0013c2e      0x14e hal/buzzer.32
                0x00000000c0013c2e                Buzzer::Buzzer(char const*)
                0x00000000c0013c2e                Buzzer::Buzzer(char const*)
                0x00000000c0013c72                Buzzer::~Buzzer()
                0x00000000c0013c72                Buzzer::~Buzzer()
                0x00000000c0013c96                Buzzer::~Buzzer()
                0x00000000c0013cc0                Buzzer::stop()
                0x00000000c0013cd3                beepThread(void*)
                0x00000000c0013d0e                Buzzer::beep(int, int, bool)
 .text          0x00000000c0013d7c      0x467 hal/clock.32
                0x00000000c0013d7c                User::loadClockSettings(int)
                0x00000000c0013dce                Clock::Clock(char const*)
                0x00000000c0013dce                Clock::Clock(char const*)
                0x00000000c0013e04                Clock::~Clock()
                0x00000000c0013e04                Clock::~Clock()
                0x00000000c0013e28                Clock::~Clock()
                0x00000000c0013e52                Clock::timeInSecondsLocal()
                0x00000000c0013e9a                Clock::setTimeInSecondsLocal(unsigned long long)
                0x00000000c0013ef3                datetimeToSeconds(datetime_t)
                0x00000000c001401a                Clock::setTimeInDatetimeLocal(datetime_t)
                0x00000000c001407a                secondsToDatetime(unsigned long long)
                0x00000000c00141be                Clock::timeInDatetimeLocal()
 *fill*         0x00000000c00141e3        0x1 
 .text          0x00000000c00141e4      0x4de hal/device.32
                0x00000000c00141e4                Device::hibernate()
                0x00000000c00141e6                Device::wake()
                0x00000000c00141e8                Device::detect()
                0x00000000c00141ea                Device::disableLegacy()
                0x00000000c00141ec                Device::powerSaving(PowerSavingLevel)
                0x00000000c00141ee                DriverlessDevice::close(int, int, void*)
                0x00000000c00141f2                DriverlessDevice::detect()
                0x00000000c00141f4                DriverlessDevice::open(int, int, void*)
                0x00000000c0014208                Device::~Device()
                0x00000000c0014208                Device::~Device()
                0x00000000c0014216                Device::~Device()
                0x00000000c001423e                Device::findAndLoadDriver()
                0x00000000c0014240                Device::preOpenPCI(PCIDeviceInfo)
                0x00000000c0014266                Device::preOpenACPI(void*, char*, char*)
                0x00000000c00142ba                Device::addIRQHandler(int, void (*)(regs*, void*), bool, void*)
                0x00000000c00142f8                Device::removeIRQHandler(int, void (*)(regs*, void*), bool)
                0x00000000c0014336                Device::addChild(Device*)
                0x00000000c001437a                Device::removeAllChildren()
                0x00000000c00143c0                Device::hibernateAll()
                0x00000000c00143f0                Device::wakeAll()
                0x00000000c0014420                Device::detectAll()
                0x00000000c0014450                Device::disableLegacyAll()
                0x00000000c0014480                Device::loadDriversForAll()
                0x00000000c00144ac                Device::closeAll()
                0x00000000c00144e2                Device::powerSavingAll(PowerSavingLevel)
                0x00000000c0014518                Device::setName(char const*)
                0x00000000c0014526                Device::Device(char const*)
                0x00000000c0014526                Device::Device(char const*)
                0x00000000c0014622                Device::getName()
                0x00000000c001462c                DriverlessDevice::DriverlessDevice(char const*)
                0x00000000c001462c                DriverlessDevice::DriverlessDevice(char const*)
                0x00000000c0014654                Device::addToLinkedList(LinkedList<Device>&, DeviceType)
                0x00000000c0014698                getDevicesOfType(DeviceType)
 .text          0x00000000c00146c2       0x84 hal/diskctrl.32
                0x00000000c00146c2                HardDiskController::HardDiskController(char const*)
                0x00000000c00146c2                HardDiskController::HardDiskController(char const*)
                0x00000000c00146f8                HardDiskController::~HardDiskController()
                0x00000000c00146f8                HardDiskController::~HardDiskController()
                0x00000000c001471c                HardDiskController::~HardDiskController()
 .text          0x00000000c0014746       0xf2 hal/diskphys.32
                0x00000000c0014746                PhysicalDisk::eject()
                0x00000000c001475a                PhysicalDisk::PhysicalDisk(char const*, int)
                0x00000000c001475a                PhysicalDisk::PhysicalDisk(char const*, int)
                0x00000000c00147c2                PhysicalDisk::startCache()
                0x00000000c00147ea                PhysicalDisk::~PhysicalDisk()
                0x00000000c00147ea                PhysicalDisk::~PhysicalDisk()
                0x00000000c001480e                PhysicalDisk::~PhysicalDisk()
 .text          0x00000000c0014838      0x13b hal/fpu.32
                0x00000000c0014838                FPU::FPU(char const*)
                0x00000000c0014838                FPU::FPU(char const*)
                0x00000000c001486e                FPU::~FPU()
                0x00000000c001486e                FPU::~FPU()
                0x00000000c0014892                FPU::~FPU()
                0x00000000c00148bc                setupFPU()
 *fill*         0x00000000c0014973        0x1 
 .text          0x00000000c0014974     0x13b7 hal/intctrl.32
                0x00000000c0014974                InterruptController::uninstallISRHandler(int, void (*)(regs*, void*))
                0x00000000c00149ac                InterruptController::installISRHandler(int, void (*)(regs*, void*), void*)
                0x00000000c00149fe                doubleFault(regs*, void*)
                0x00000000c0014a18                InterruptController::installIRQHandler(int, void (*)(regs*, void*), bool, void*)
                0x00000000c0014ab4                InterruptController::clearAllHandlers(int, bool)
                0x00000000c0014b5c                InterruptController::uninstallIRQHandler(int, void (*)(regs*, void*), bool)
                0x00000000c0014be3                nmiHandler(regs*, void*)
                0x00000000c0014bf1                int_handler
                0x00000000c0014c92                InterruptController::InterruptController(char const*)
                0x00000000c0014c92                InterruptController::InterruptController(char const*)
                0x00000000c0014d38                InterruptController::~InterruptController()
                0x00000000c0014d38                InterruptController::~InterruptController()
                0x00000000c0014d5c                InterruptController::~InterruptController()
                0x00000000c0014d86                displayDebugInfo(regs*)
                0x00000000c0015215                x87EmulHandler(regs*, void*)
                0x00000000c0015244                gpFault(regs*, void*)
                0x00000000c001527d                pgFault(regs*, void*)
                0x00000000c00152c9                otherISRHandler(regs*, void*)
                0x00000000c00152e8                opcodeFault(regs*, void*)
                0x00000000c00158ee                displayProgramFault(char const*)
                0x00000000c0015916                setupInterruptController()
                0x00000000c0015cde                InterruptController::convertLegacyIRQNumber(int)
 *fill*         0x00000000c0015d2b        0x1 
 .text          0x00000000c0015d2c      0x6c8 hal/keybrd.32
                0x00000000c0015d2c                startGUI(void*)
                0x00000000c0015d88                startGUIVESA(void*)
                0x00000000c0015de4                sendKeyToTerminal(unsigned char)
                0x00000000c0015e50                sendKeyboardToken(KeyboardToken)
                0x00000000c001628d                clearInternalKeybuffer(VgaText*)
                0x00000000c00162c2                readKeyboard(VgaText*, char*, unsigned long)
                0x00000000c001636a                Keyboard::Keyboard(char const*)
                0x00000000c001636a                Keyboard::Keyboard(char const*)
                0x00000000c00163a6                Keyboard::~Keyboard()
                0x00000000c00163a6                Keyboard::~Keyboard()
                0x00000000c00163ca                Keyboard::~Keyboard()
 .text          0x00000000c00163f4      0x414 hal/logidisk.32
                0x00000000c00163f4                LogicalDisk::close(int, int, void*)
                0x00000000c00163f8                LogicalDisk::~LogicalDisk()
                0x00000000c00163f8                LogicalDisk::~LogicalDisk()
                0x00000000c001641c                LogicalDisk::~LogicalDisk()
                0x00000000c0016446                LogicalDisk::open(int, int, void*)
                0x00000000c001645a                LogicalDisk::absoluteToRelative(unsigned long long)
                0x00000000c0016492                LogicalDisk::relativeToAbsolute(unsigned long long)
                0x00000000c00164d8                LogicalDisk::LogicalDisk(char const*, PhysicalDisk*, unsigned long long, unsigned long long)
                0x00000000c00164d8                LogicalDisk::LogicalDisk(char const*, PhysicalDisk*, unsigned long long, unsigned long long)
                0x00000000c001658e                LogicalDisk::assignDriveLetter()
                0x00000000c0016644                LogicalDisk::mount()
                0x00000000c00166b6                LogicalDisk::unmount()
                0x00000000c00166c6                LogicalDisk::eject()
                0x00000000c00166da                LogicalDisk::unassignDriveLetter()
                0x00000000c0016730                LogicalDisk::read(unsigned long long, int, void*)
                0x00000000c001679c                LogicalDisk::write(unsigned long long, int, void*)
 .text          0x00000000c0016808       0x84 hal/mouse.32
                0x00000000c0016808                Mouse::Mouse(char const*)
                0x00000000c0016808                Mouse::Mouse(char const*)
                0x00000000c001683e                Mouse::~Mouse()
                0x00000000c001683e                Mouse::~Mouse()
                0x00000000c0016862                Mouse::~Mouse()
 .text          0x00000000c001688c      0x34d hal/partition.32
                0x00000000c001688c                makePartition(PhysicalDisk*, unsigned long long, unsigned long long)
                0x00000000c0016948                createPartitionsForDisk(PhysicalDisk*)
 *fill*         0x00000000c0016bd9        0x1 
 .text          0x00000000c0016bda       0x84 hal/serial.32
                0x00000000c0016bda                Serial::Serial(char const*)
                0x00000000c0016bda                Serial::Serial(char const*)
                0x00000000c0016c10                Serial::~Serial()
                0x00000000c0016c10                Serial::~Serial()
                0x00000000c0016c34                Serial::~Serial()
 .text          0x00000000c0016c5e      0x2b8 hal/timer.32
                0x00000000c0016c5e                Timer::Timer(char const*)
                0x00000000c0016c5e                Timer::Timer(char const*)
                0x00000000c0016c94                Timer::~Timer()
                0x00000000c0016c94                Timer::~Timer()
                0x00000000c0016cb8                Timer::~Timer()
                0x00000000c0016ce2                Timer::read()
                0x00000000c0016ced                timerHandler(unsigned long long)
                0x00000000c0016e24                setupTimer(int)
 .text          0x00000000c0016f16      0x425 hal/vcache.32
                0x00000000c0016f16                VCache::VCache(PhysicalDisk*)
                0x00000000c0016f16                VCache::VCache(PhysicalDisk*)
                0x00000000c001707e                VCache::invalidateReadBuffer()
                0x00000000c001708e                VCache::writeWriteBuffer()
                0x00000000c00170ca                VCache::~VCache()
                0x00000000c00170ca                VCache::~VCache()
                0x00000000c001711e                VCache::~VCache()
                0x00000000c0017146                VCache::write(unsigned long long, int, void*)
                0x00000000c001723c                VCache::read(unsigned long long, int, void*)
 *fill*         0x00000000c001733b        0x1 
 .text          0x00000000c001733c      0x4cd hal/video.32
                0x00000000c001733c                Video::putrect(int, int, int, int, unsigned int)
                0x00000000c0017388                Video::bitblit(int, int, int, int, int, int, int, unsigned int*)
                0x00000000c00173f8                Video::blit(unsigned int*, int, int, int, int)
                0x00000000c0017476                Video::clearScreen(unsigned int)
                0x00000000c00174aa                Video::putpixel(int, int, unsigned int)
                0x00000000c00174b8                Video::Video(char const*)
                0x00000000c00174b8                Video::Video(char const*)
                0x00000000c00174ee                Video::~Video()
                0x00000000c00174ee                Video::~Video()
                0x00000000c0017512                Video::~Video()
                0x00000000c001753c                Video::isMonochrome()
                0x00000000c0017548                Video::getWidth()
                0x00000000c0017554                Video::getHeight()
                0x00000000c0017560                Video::drawCursor(int, int, unsigned char*, int)
                0x00000000c001761c                Video::tgaParse(unsigned char*, int, int*, int*)
                0x00000000c001779e                Video::putTGA(int, int, unsigned char*, int)
 *fill*         0x00000000c0017809        0x1 
 .text          0x00000000c001780a      0xf64 hw/acpi.32
                0x00000000c001780a                ACPI::close(int, int, void*)
                0x00000000c00178bf                findRSDP()
                0x00000000c0017949                loadACPITables(unsigned char*)
                0x00000000c0017b70                findRSDT(unsigned char*)
                0x00000000c0017c8e                findDataTable(unsigned char*, char*)
                0x00000000c0017d2a                scanMADT()
                0x00000000c00181b0                ACPI::ACPI()
                0x00000000c00181b0                ACPI::ACPI()
                0x00000000c001821a                ACPI::getPCIIRQAssignment(unsigned char, unsigned short, unsigned char)
                0x00000000c00182fc                ACPI::registerPCIIRQAssignment(void*, unsigned short, unsigned char, unsigned char)
                0x00000000c00183c2                ACPI::setScreenBrightnessLevel(void*, int)
                0x00000000c00183c8                ACPI::writeSimpleBootFlag(SimpleBootFlagTable*)
                0x00000000c0018410                ACPI::open(int, int, void*)
                0x00000000c0018756                ACPI::sleep()
 .text          0x00000000c001876e     0x1715 hw/cpu.32
                0x00000000c001876e                CPU::close(int, int, void*)
                0x00000000c0018772                CPU::lookupAMDName(unsigned char, unsigned char)
                0x00000000c0018906                CPU::lookupIntelName(unsigned char, unsigned char)
                0x00000000c0018bb4                CPU::AMD_K6_write_msr(unsigned int, unsigned int, unsigned int, CPU::REGS*)
                0x00000000c0018bd0                CPU::AMD_K6_read_msr(unsigned int, CPU::REGS*)
                0x00000000c0018be8                CPU::AMD_K6_writeback(int, int, int)
                0x00000000c0018c5c                CPU::cpuid(int, unsigned long*, unsigned long*, unsigned long*, unsigned long*)
                0x00000000c0018ce0                CPU::cpuidCheckEDX(unsigned int)
                0x00000000c0018d0e                CPU::cpuidCheckECX(unsigned int)
                0x00000000c0018d3c                CPU::cpuidCheckExtendedEBX(unsigned int)
                0x00000000c0018d6a                CPU::cpuidCheckExtendedECX(unsigned int)
                0x00000000c0018d98                CPU::CPU()
                0x00000000c0018d98                CPU::CPU()
                0x00000000c0018e26                CPU::displayFeatures()
                0x00000000c00190a2                CPU::detectFeatures()
                0x00000000c0019a92                CPU::setupSMEP()
                0x00000000c0019a9e                CPU::setupUMIP()
                0x00000000c0019aa8                CPU::setupTSC()
                0x00000000c0019ab2                CPU::setupLargePages()
                0x00000000c0019abc                CPU::setupPAT()
                0x00000000c0019af8                CPU::setupMTRR()
                0x00000000c0019afa                CPU::setupGlobalPages()
                0x00000000c0019b04                CPU::allowUsermodeDataAccess()
                0x00000000c0019b16                CPU::prohibitUsermodeDataAccess()
                0x00000000c0019b28                CPU::setupSMAP()
                0x00000000c0019b36                CPU::setupFeatures()
                0x00000000c0019bb6                CPU::open(int, int, void*)
                0x00000000c0019c88                CPU::decodeAddress(regs*, int*, bool*, unsigned char*)
 .text          0x00000000c0019e83        0x0 hw/ports.32
 .text          0x00000000c0019e83      0x16a hw/smp.32
                0x00000000c0019e83                Krnl::smpEntry()
                0x00000000c0019e85                Krnl::startCPU(int)
                0x00000000c0019fce                Krnl::startCPUs()
 *fill*         0x00000000c0019fed        0x1 
 .text          0x00000000c0019fee      0x5d3 krnl/env.32
                0x00000000c0019fee                EnvVarContainer::getEnv(char const*)
                0x00000000c001a02c                EnvVarContainer::setEnv(char const*, char const*)
                0x00000000c001a0f8                EnvVarContainer::deleteEnv(char const*)
                0x00000000c001a0fa                EnvVarContainer::loadFrom(char const*, char const*)
                0x00000000c001a2f0                EnvVarContainer::__loadSystem()
                0x00000000c001a30a                EnvVarContainer::__loadUser()
                0x00000000c001a30c                EnvVarContainer::EnvVarContainer(Process*)
                0x00000000c001a30c                EnvVarContainer::EnvVarContainer(Process*)
                0x00000000c001a32e                EnvVarContainer::~EnvVarContainer()
                0x00000000c001a32e                EnvVarContainer::~EnvVarContainer()
                0x00000000c001a35e                Krnl::getEnv(Process*, char const*)
                0x00000000c001a3c3                Krnl::setEnvSystem(char const*, char const*)
                0x00000000c001a3dd                Krnl::setEnvUser(char const*, char const*)
                0x00000000c001a3fc                Krnl::setEnvProcess(Process*, char const*, char const*)
                0x00000000c001a40f                Krnl::deleteEnvSystem(char const*)
                0x00000000c001a410                Krnl::deleteEnvUser(char const*)
                0x00000000c001a411                Krnl::deleteEnvProcess(Process*, char const*)
                0x00000000c001a412                Krnl::newProcessEnv(Process*)
                0x00000000c001a434                Krnl::copyProcessEnv(Process*, Process*)
                0x00000000c001a488                Krnl::loadSystemEnv()
                0x00000000c001a4b6                Krnl::loadUserEnv()
                0x00000000c001a4dc                Krnl::flushEnv()
                0x00000000c001a4dd                Krnl::getProcessTotalEnvCount(Process*)
                0x00000000c001a4fd                Krnl::getProcessEnvPair(Process*, int)
 .text          0x00000000c001a5c1      0x396 krnl/panic.32
                0x00000000c001a5c1                Krnl::panic(char const*)
 .text          0x00000000c001a957      0x3b6 net/ethernet.32
                0x00000000c001a957                Net::switchEndian16(unsigned short)
                0x00000000c001a978                Net::switchEndian32(unsigned int)
                0x00000000c001a9a7                Net::crc32Calc(unsigned char*, int)
                0x00000000c001aa38                Net::wrapEthernetFrame(Net::UnwrappedEthernetFrame, unsigned char*)
                0x00000000c001ab74                Net::unwrapEthernetFrame(unsigned char*, int)
 .text          0x00000000c001ad0d      0x513 reg/registry.32
                0x00000000c001ad0d                Reg::findLineFromLoadedData(char*, char*, char*)
                0x00000000c001ae65                Reg::getLineFromRegistry(char*, char*, char*, char*)
                0x00000000c001afba                Reg::getLine(char*, char*, char*)
                0x00000000c001aff1                Reg::readInt(char*, char*, int*)
                0x00000000c001b0dc                Reg::readString(char*, char*, char*, int)
                0x00000000c001b15d                Reg::readBool(char*, char*, bool*)
                0x00000000c001b182                Reg::readBoolWithDefault(char*, char*, bool)
                0x00000000c001b1ae                Reg::readIntWithDefault(char*, char*, int)
                0x00000000c001b1da                Reg::readStringWithDefault(char*, char*, char*, int, char*)
 .text          0x00000000c001b220       0x36 sys/sc_eject.32
                0x00000000c001b220                Sys::eject(regs*)
 .text          0x00000000c001b256       0x18 sys/sc_exit.32
                0x00000000c001b256                Sys::exit(regs*)
 .text          0x00000000c001b26e       0x1f sys/sc_getcwd.32
                0x00000000c001b26e                Sys::getCwd(regs*)
 .text          0x00000000c001b28d        0xc sys/sc_getpid.32
                0x00000000c001b28d                Sys::getPID(regs*)
 .text          0x00000000c001b299       0x17 sys/sc_getramdata.32
                0x00000000c001b299                Sys::getRAMData(regs*)
 .text          0x00000000c001b2b0       0xa8 sys/sc_loaddll.32
                0x00000000c001b2b0                Sys::loadDLL(regs*)
 .text          0x00000000c001b358       0x68 sys/sc_read.32
                0x00000000c001b358                Sys::read(regs*)
 .text          0x00000000c001b3c0       0x55 sys/sc_sbrk.32
                0x00000000c001b3c0                Sys::sbrk(regs*)
 .text          0x00000000c001b415       0x1c sys/sc_setcwd.32
                0x00000000c001b415                Sys::setCwd(regs*)
 .text          0x00000000c001b431      0x128 sys/sc_settime.32
                0x00000000c001b431                Sys::setTime(regs*)
 .text          0x00000000c001b559       0x4a sys/sc_timezone.32
                0x00000000c001b559                Sys::timezone(regs*)
 .text          0x00000000c001b5a3       0x68 sys/sc_write.32
                0x00000000c001b5a3                Sys::write(regs*)
 .text          0x00000000c001b60b       0x62 sys/sc_wsbe.32
                0x00000000c001b60b                Sys::wsbe(regs*)
 .text          0x00000000c001b66d       0x3b sys/sc_yield.32
                0x00000000c001b66d                Sys::yield(regs*)
 .text          0x00000000c001b6a8     0x10e5 sys/syscalls.32
                0x00000000c001b6a8                sysCallSeekDir(regs*)
                0x00000000c001b6ad                sysCallTellDir(regs*)
                0x00000000c001b6b2                sysCallVerify(regs*)
                0x00000000c001b6bc                sysFormatDisk(regs*)
                0x00000000c001b726                sysSetDiskVolumeLabel(regs*)
                0x00000000c001b76c                sysGetDiskVolumeLabel(regs*)
                0x00000000c001b7bd                sysShutdown(regs*)
                0x00000000c001b81b                sysCallRealpath(regs*)
                0x00000000c001b85e                sysCallGetArgc(regs*)
                0x00000000c001b88c                sysCallReadDir(regs*)
                0x00000000c001b91a                sysCallIsATTY(regs*)
                0x00000000c001b974                sysCallSeek(regs*)
                0x00000000c001b9dd                sysCallTell(regs*)
                0x00000000c001ba5a                sysCallSize(regs*)
                0x00000000c001badd                sysCallSizeFromFilename(regs*)
                0x00000000c001bb9d                sysCallClose(regs*)
                0x00000000c001bc25                sysCallOpenDir(regs*)
                0x00000000c001bc9a                sysCallCloseDir(regs*)
                0x00000000c001bd00                sysCallMakeDir(regs*)
                0x00000000c001bd70                sysCallWait(regs*)
                0x00000000c001bd8a                sysCallNotImpl(regs*)
                0x00000000c001bda5                sysPanic(regs*)
                0x00000000c001bdcb                sysCallRmdir(regs*)
                0x00000000c001be2f                sysCallUnlink(regs*)
                0x00000000c001be93                sysCallGetArgv(regs*)
                0x00000000c001bedf                sysCallTTYName(regs*)
                0x00000000c001bf62                sysCallUSleep(regs*)
                0x00000000c001bf89                sysCallSpawn(regs*)
                0x00000000c001bfe1                sysCallGetEnv(regs*)
                0x00000000c001c119                sysAppSettings(regs*)
                0x00000000c001c238                sysSetFatAttrib(regs*)
                0x00000000c001c2aa                sysPipe(regs*)
                0x00000000c001c2ef                sysGetUnixTime(regs*)
                0x00000000c001c303                string_ends_with(char const*, char const*)
                0x00000000c001c34b                sysCallOpen(regs*)
                0x00000000c001c560                Sys::loadSyscalls()
                0x00000000c001c74b                Sys::systemCall(regs*, void*)
 .text          0x00000000c001c78d     0x11d4 thr/elf.32
                0x00000000c001c78d                Thr::allocateMemoryForTask(Process*, File*, unsigned long, unsigned long, unsigned long)
                0x00000000c001ca1f                Thr::loadProgramIntoMemory(Process*, char const*)
                0x00000000c001cc35                Thr::runtimeReferenceHelper()
                0x00000000c001cc48                Thr::getAddressOfKernelSymbol(char const*)
                0x00000000c001cc97                Thr::loadKernelSymbolTable(char const*)
                0x00000000c001cf55                Thr::loadDriverIntoMemory(char const*, unsigned long, bool)
                0x00000000c001d671                Thr::getDriverBaseFromAddress(unsigned long)
                0x00000000c001d6a3                Thr::getDriverNameFromAddress(unsigned long)
                0x00000000c001d6da                Thr::getDriverOffsetFromAddress(unsigned long)
                0x00000000c001d6f4                Thr::loadDLL(char const*, bool)
                0x00000000c001d928                Thr::executeDLL(unsigned long, void*)
 *fill*         0x00000000c001d961        0x1 
 .text          0x00000000c001d962     0x1056 thr/prcssthr.32
                0x00000000c001d962                changeTSS
                0x00000000c001d992                Process::addArgs(char**)
                0x00000000c001d9ec                Process::Process(char const*, Process*, char**)
                0x00000000c001d9ec                Process::Process(char const*, Process*, char**)
                0x00000000c001dbd0                Process::Process(bool, char const*, Process*, char**)
                0x00000000c001dbd0                Process::Process(bool, char const*, Process*, char**)
                0x00000000c001dd7f                disableIRQs()
                0x00000000c001dd87                getIRQNestingLevel()
                0x00000000c001dd8d                enableIRQs()
                0x00000000c001dd9c                lockScheduler()
                0x00000000c001dd9e                unlockScheduler()
                0x00000000c001dda0                userModeEntryPoint(void*)
                0x00000000c001ddc3                lockStuff()
                0x00000000c001ddcf                taskStartupFunction
                0x00000000c001ddd8                updateTimeUsed()
                0x00000000c001de3d                switchToThread(ThreadControlBlock*)
                0x00000000c001de8e                Semaphore::Semaphore(int)
                0x00000000c001de8e                Semaphore::Semaphore(int)
                0x00000000c001debc                Mutex::Mutex()
                0x00000000c001debc                Mutex::Mutex()
                0x00000000c001dece                Process::createThread(void (*)(void*), void*, int)
                0x00000000c001dfb2                Process::createUserThread()
                0x00000000c001dfce                setupMultitasking(void (*)())
                0x00000000c001e0d8                schedule()
                0x00000000c001e15d                unlockStuff()
                0x00000000c001e192                Semaphore::tryAcquire()
                0x00000000c001e1c0                Semaphore::assertLocked(char const*)
                0x00000000c001e1f0                blockTaskWithSchedulerLockAlreadyHeld(TaskState)
                0x00000000c001e232                blockTask(TaskState)
                0x00000000c001e253                waitTask(int, int*, int)
                0x00000000c001e295                nanoSleepUntil(unsigned long long)
                0x00000000c001e2ec                nanoSleep(unsigned long long)
                0x00000000c001e301                sleep(unsigned long long)
                0x00000000c001e31e                Semaphore::acquire()
                0x00000000c001e386                taskReturned
                0x00000000c001e3b4                unblockTask(ThreadControlBlock*)
                0x00000000c001e463                cleanupTerminatedTask(ThreadControlBlock*)
                0x00000000c001e72c                cleanerTaskFunction(void*)
                0x00000000c001e7df                terminateTask(int)
                0x00000000c001e8bf                Thr::terminateFromIRQ(int)
                0x00000000c001e8cc                Semaphore::release()
 .text          0x00000000c001e9b8      0xc26 vm86/vm8086.32
                0x00000000c001e9b8                Vm::inbv(unsigned short)
                0x00000000c001e9cb                Vm::outbv(unsigned short, unsigned char)
                0x00000000c001ea1e                Vm::realToLinear(unsigned short, unsigned short)
                0x00000000c001ea2e                Vm::getSegment(unsigned int)
                0x00000000c001ea36                Vm::getOffset(unsigned int)
                0x00000000c001ea3b                Vm::mainloop2()
                0x00000000c001ea76                Vm::mainVm8086Loop(void*)
                0x00000000c001ea83                Vm::mainloop3(unsigned long)
                0x00000000c001eaad                Vm::initialise8086()
                0x00000000c001eaf0                Vm::finish8086()
                0x00000000c001eb35                Vm::getOutput8086(unsigned char*)
                0x00000000c001eb5f                Vm::start8086(char const*, unsigned short, unsigned short, unsigned short, unsigned short)
                0x00000000c001ecaf                Vm::doISR(regs*, int, unsigned char*, unsigned short, unsigned short)
                0x00000000c001ed39                Vm::readByteFromReal(unsigned short, unsigned short)
                0x00000000c001ed4a                Vm::readWordFromReal(unsigned short, unsigned short)
                0x00000000c001ed5c                Vm::readDwordFromReal(unsigned short, unsigned short)
                0x00000000c001ed6d                Vm::writeByteFromReal(unsigned short, unsigned short, unsigned char)
                0x00000000c001ed82                Vm::writeWordFromReal(unsigned short, unsigned short, unsigned short)
                0x00000000c001ed98                Vm::writeDwordFromReal(unsigned short, unsigned short, unsigned int)
                0x00000000c001edad                Vm::faultHandler(regs*)
 .text          0x00000000c001f5de      0xefd vm86/x87em.32
                0x00000000c001f5de                Vm::fpuInternalTo32(unsigned long long)
                0x00000000c001f639                Vm::fpuInternalTo64(unsigned long long)
                0x00000000c001f642                Vm::fpu32ToInternal(unsigned int)
                0x00000000c001f687                Vm::fpu64ToInternal(unsigned long long)
                0x00000000c001f690                Vm::fpuFloatToLong(unsigned long long)
                0x00000000c001f6eb                Vm::fpuULongToFloat(unsigned long long)
                0x00000000c001f721                Vm::fpuLongToFloat(long long)
                0x00000000c001f777                Vm::fpuGet0()
                0x00000000c001f77c                Vm::fpuGet1()
                0x00000000c001f784                Vm::fpuGetPi()
                0x00000000c001f78c                Vm::fpuGetLog2E()
                0x00000000c001f7a4                Vm::fpuGetLogE2()
                0x00000000c001f7bc                Vm::fpuGetLog210()
                0x00000000c001f7d4                Vm::fpuGetLog102()
                0x00000000c001f7ec                Vm::fpuIsSecondLarger(unsigned long long, unsigned long long)
                0x00000000c001f800                Vm::fpuAreEqual(unsigned long long, unsigned long long)
                0x00000000c001f816                Vm::fpuUnorderedCompare(unsigned long long, unsigned long long)
                0x00000000c001f869                Vm::fpuAdd(unsigned long long, unsigned long long)
                0x00000000c001f87a                Vm::fpuAbs(unsigned long long)
                0x00000000c001f883                Vm::fpuChs(unsigned long long)
                0x00000000c001f893                Vm::fpuSub(unsigned long long, unsigned long long)
                0x00000000c001f8a2                Vm::fpuMultiply(unsigned long long, unsigned long long)
                0x00000000c001f8c1                Vm::fpuDivide(unsigned long long, unsigned long long)
                0x00000000c001f8dd                Vm::fpuSquare(unsigned long long)
                0x00000000c001f8f3                Vm::fpuGetReg(int)
                0x00000000c001f936                Vm::fpuSetReg(int, unsigned long long)
                0x00000000c001f981                Vm::fpuPush(unsigned long long)
                0x00000000c001f9de                Vm::fpuPop()
                0x00000000c001fa30                Vm::x87Handler(regs*)
 *fill*         0x00000000c00204db        0x1 
 .text          0x00000000c00204dc     0x10ed fs/fat/vfslink.32
                0x00000000c00204dc                FAT::getName()
                0x00000000c00204e2                FAT::tell(void*, unsigned long long*)
                0x00000000c0020516                FAT::stat(void*, unsigned long long*)
                0x00000000c002054a                FAT::~FAT()
                0x00000000c002054a                FAT::~FAT()
                0x00000000c002056e                FAT::~FAT()
                0x00000000c0020596                FAT::getlabel(LogicalDisk*, int, char*, unsigned int*)
                0x00000000c0020634                FAT::setlabel(LogicalDisk*, int, char*)
                0x00000000c00206ee                FAT::format(LogicalDisk*, int, char const*, int)
                0x00000000c00208d2                FAT::tryMount(LogicalDisk*, int)
                0x00000000c0020ad8                FAT::readDir(void*, unsigned long, void*, int*)
                0x00000000c0020bde                FAT::read(void*, unsigned long, void*, int*)
                0x00000000c0020c38                FAT::write(void*, unsigned long, void*, int*)
                0x00000000c0020c92                FAT::close(void*)
                0x00000000c0020cde                FAT::closeDir(void*)
                0x00000000c0020d2a                FAT::seek(void*, unsigned long long)
                0x00000000c0020d7e                fatWrapperReadDisk
                0x00000000c0020dc5                fatWrapperWriteDisk
                0x00000000c0020e0c                fatWrapperIoctl
                0x00000000c0020f10                FAT::FAT()
                0x00000000c0020f10                FAT::FAT()
                0x00000000c0020f62                FAT::fixFilepath(char*)
                0x00000000c0020f9a                FAT::open(char const*, void**, FileOpenMode)
                0x00000000c00210c2                FAT::openDir(char const*, void**)
                0x00000000c0021168                FAT::stat(char const*, unsigned long long*, bool*)
                0x00000000c0021252                FAT::unlink(char const*)
                0x00000000c00212cc                FAT::chfatattr(char const*, unsigned char, unsigned char)
                0x00000000c0021420                FAT::rename(char const*, char const*)
                0x00000000c00214e4                FAT::mkdir(char const*)
                0x00000000c002155e                FAT::exists(char const*)
 *fill*         0x00000000c00215c9        0x1 
 .text          0x00000000c00215ca      0xbc1 fs/iso9660/vfslink.32
                0x00000000c00215ca                ISO9660::format(LogicalDisk*, int, char const*, int)
                0x00000000c00215d0                ISO9660::seek(void*, unsigned long long)
                0x00000000c0021600                ISO9660::tell(void*, unsigned long long*)
                0x00000000c0021624                ISO9660::getName()
                0x00000000c002162a                ISO9660::stat(void*, unsigned long long*)
                0x00000000c002164e                ISO9660::chfatattr(char const*, unsigned char, unsigned char)
                0x00000000c0021654                ISO9660::unlink(char const*)
                0x00000000c002165a                ISO9660::write(void*, unsigned long, void*, int*)
                0x00000000c0021660                ISO9660::rename(char const*, char const*)
                0x00000000c0021666                ISO9660::mkdir(char const*)
                0x00000000c002166c                ISO9660::close(void*)
                0x00000000c002168e                ISO9660::closeDir(void*)
                0x00000000c00216b0                ISO9660::~ISO9660()
                0x00000000c00216b0                ISO9660::~ISO9660()
                0x00000000c00216d4                ISO9660::~ISO9660()
                0x00000000c00216fb                __memmem(unsigned char*, int, unsigned char*, int)
                0x00000000c002173d                readSectorFromCDROM(unsigned int, unsigned char*, char)
                0x00000000c00217a4                ISO9660::tryMount(LogicalDisk*, int)
                0x00000000c00217f4                ISO9660::read(void*, unsigned long, void*, int*)
                0x00000000c00219f4                ISO9660::readDir(void*, unsigned long, void*, int*)
                0x00000000c0021c81                readRoot(unsigned int*, unsigned int*, char)
                0x00000000c0021cd6                readRecursively(char*, unsigned int, unsigned int, unsigned int*, unsigned int*, char, int*)
                0x00000000c0021ea9                getFileData(char*, unsigned int*, unsigned int*, char, int*)
                0x00000000c0021f38                ISO9660::open(char const*, void**, FileOpenMode)
                0x00000000c0021ff8                ISO9660::exists(char const*)
                0x00000000c002201c                ISO9660::stat(char const*, unsigned long long*, bool*)
                0x00000000c00220b0                ISO9660::openDir(char const*, void**)
                0x00000000c0022168                ISO9660::ISO9660()
                0x00000000c0022168                ISO9660::ISO9660()
 *fill*         0x00000000c002218b        0x1 
 .text          0x00000000c002218c      0x326 hal/sound/sndchannel.32
                0x00000000c002218c                SoundChannel::~SoundChannel()
                0x00000000c002218c                SoundChannel::~SoundChannel()
                0x00000000c00221a8                SoundChannel::setSpeed(float)
                0x00000000c00221b4                SoundChannel::getSpeed()
                0x00000000c00221bc                SoundChannel::setVolume(int)
                0x00000000c00221d8                SoundChannel::getVolume()
                0x00000000c00221e0                SoundChannel::pause()
                0x00000000c00221ea                SoundChannel::SoundChannel(int, int, int, int)
                0x00000000c00221ea                SoundChannel::SoundChannel(int, int, int, int)
                0x00000000c0022340                SoundChannel::play()
                0x00000000c002234a                SoundChannel::paused()
                0x00000000c0022352                SoundChannel::getSampleRate()
                0x00000000c002235a                SoundChannel::getBits()
                0x00000000c0022362                SoundChannel::getBufferUsed()
                0x00000000c002236a                SoundChannel::getBufferSize()
                0x00000000c0022372                SoundChannel::unbuffer(float*, int, int)
                0x00000000c0022412                SoundChannel::buffer8(unsigned char*, int)
 .text          0x00000000c00224b2      0x3d5 hal/sound/sndhw.32
                0x00000000c00224b2                SoundDevice::SoundDevice(char const*)
                0x00000000c00224b2                SoundDevice::SoundDevice(char const*)
                0x00000000c002251e                SoundDevice::~SoundDevice()
                0x00000000c002251e                SoundDevice::~SoundDevice()
                0x00000000c0022598                SoundDevice::~SoundDevice()
                0x00000000c00225c2                SoundDevice::getFreeChannelNum()
                0x00000000c00225dc                SoundDevice::addChannel(SoundChannel*)
                0x00000000c002264c                SoundDevice::removeChannel(int)
                0x00000000c002267e                SoundDevice::floatTo8(float*, unsigned char*, int)
                0x00000000c0022766                SoundDevice::getAudio(int, float*, float*)
 .text          0x00000000c0022887        0x0 hw/bus/isa.32
 *fill*         0x00000000c0022887        0x1 
 .text          0x00000000c0022888      0x6c3 hw/bus/pci.32
                0x00000000c0022888                PCI::open(int, int, void*)
                0x00000000c002289c                PCI::close(int, int, void*)
                0x00000000c00228a0                PCI::PCI()
                0x00000000c00228a0                PCI::PCI()
                0x00000000c0022920                PCI::pciReadWord(unsigned char, unsigned char, unsigned char, unsigned char)
                0x00000000c0022968                PCI::getVendorID(unsigned char, unsigned char, unsigned char)
                0x00000000c002298a                PCI::getHeaderType(unsigned char, unsigned char, unsigned char)
                0x00000000c00229ae                PCI::getClassCode(unsigned char, unsigned char, unsigned char)
                0x00000000c00229f2                PCI::getProgIF(unsigned char, unsigned char, unsigned char)
                0x00000000c0022a16                PCI::getRevisionID(unsigned char, unsigned char, unsigned char)
                0x00000000c0022a38                PCI::getInterruptNumber(unsigned char, unsigned char, unsigned char)
                0x00000000c0022a5a                PCI::getSecondaryBus(unsigned char, unsigned char, unsigned char)
                0x00000000c0022a7e                PCI::getBARAddress(unsigned char, unsigned char, unsigned char, unsigned char)
                0x00000000c0022ade                PCI::pciWriteWord(unsigned char, unsigned char, unsigned char, unsigned char, unsigned short)
                0x00000000c0022b4a                PCI::checkBus(unsigned char)
                0x00000000c0022b6e                PCI::foundDevice(PCIDeviceInfo)
                0x00000000c0022ce0                PCI::getDeviceData(unsigned char, unsigned char, unsigned char)
                0x00000000c0022e8c                PCI::checkDevice(unsigned char, unsigned char)
                0x00000000c0022ef8                PCI::detect()
 *fill*         0x00000000c0022f4b        0x1 
 .text          0x00000000c0022f4c      0xc70 hw/diskctrl/ide.32
                0x00000000c0022f4c                IDE::close(int, int, void*)
                0x00000000c0022f50                IDE::IDE()
                0x00000000c0022f50                IDE::IDE()
                0x00000000c0022f84                IDE::prepareInterrupt(unsigned char)
                0x00000000c0022f96                selectDrive(unsigned char, unsigned char)
                0x00000000c0022f98                IDE::getBase(unsigned char)
                0x00000000c0022faa                IDE::write(unsigned char, unsigned char, unsigned char)
                0x00000000c002306a                IDE::read(unsigned char, unsigned char)
                0x00000000c0023118                IDE::waitInterrupt(unsigned char)
                0x00000000c002317e                ideChannel0IRQHandler(regs*, void*)
                0x00000000c002319a                ideChannel1IRQHandler(regs*, void*)
                0x00000000c00231b6                IDE::enableIRQs(unsigned char, bool)
                0x00000000c00231fc                IDE::open(int, int, void*)
                0x00000000c002360c                IDE::readBuffer(unsigned char, unsigned char, unsigned int, unsigned int)
                0x00000000c00236d8                IDE::detect()
                0x00000000c00239c0                IDE::printError(unsigned char, unsigned char, unsigned char)
                0x00000000c0023b56                IDE::polling(unsigned char, unsigned int)
 .text          0x00000000c0023bbc      0x390 hw/diskctrl/satabus.32
                0x00000000c0023bbc                SATABus::close(int, int, void*)
                0x00000000c0023bc0                SATABus::detect()
                0x00000000c0023bc2                SATABus::SATABus()
                0x00000000c0023bc2                SATABus::SATABus()
                0x00000000c0023c6e                SATABus::findCmdslot(SATABus::tagHBA_PORT volatile*)
                0x00000000c0023cb6                SATABus::checkType(SATABus::tagHBA_PORT volatile*)
                0x00000000c0023cfe                SATABus::startCmd(SATABus::tagHBA_PORT volatile*)
                0x00000000c0023d1e                SATABus::stopCmd(SATABus::tagHBA_PORT volatile*)
                0x00000000c0023d48                SATABus::portRebase(SATABus::tagHBA_PORT volatile*, int)
                0x00000000c0023e4e                SATABus::probePort(SATABus::tagHBA_MEM volatile*)
                0x00000000c0023f2c                SATABus::open(int, int, void*)
 .text          0x00000000c0023f4c      0x63c hw/diskphys/ata.32
                0x00000000c0023f4c                ATA::close(int, int, void*)
                0x00000000c0023f70                ATA::powerSaving(PowerSavingLevel)
                0x00000000c0023f72                ATA::ATA()
                0x00000000c0023f72                ATA::ATA()
                0x00000000c0023fa0                ATA::flush(bool)
                0x00000000c0023fea                ATA::readyForCommand()
                0x00000000c002403a                ATA::access(unsigned long long, int, void*, bool)
                0x00000000c00243c2                ATA::read(unsigned long long, int, void*)
                0x00000000c002442a                ATA::write(unsigned long long, int, void*)
                0x00000000c0024492                ATA::detectCHS()
                0x00000000c00244bc                ATA::open(int, int, void*)
 .text          0x00000000c0024588      0x5bd hw/diskphys/atapi.32
                0x00000000c0024588                ATAPI::write(unsigned long long, int, void*)
                0x00000000c002458e                ATAPI::close(int, int, void*)
                0x00000000c00245b2                ATAPI::ATAPI()
                0x00000000c00245b2                ATAPI::ATAPI()
                0x00000000c00245e0                ATAPI::readyForCommand()
                0x00000000c0024630                ATAPI::sendPacket(unsigned char*, int, bool, unsigned short*, int)
                0x00000000c00248f0                ATAPI::diskRemoved()
                0x00000000c002490c                ATAPI::eject()
                0x00000000c0024954                ATAPI::diskInserted()
                0x00000000c0024982                ATAPI::detectMedia()
                0x00000000c0024a3e                ATAPI::open(int, int, void*)
                0x00000000c0024ac6                ATAPI::read(unsigned long long, int, void*)
 *fill*         0x00000000c0024b45        0x1 
 .text          0x00000000c0024b46      0x455 hw/diskphys/sata.32
                0x00000000c0024b46                SATA::close(int, int, void*)
                0x00000000c0024b6a                SATA::powerSaving(PowerSavingLevel)
                0x00000000c0024b6c                SATA::open(int, int, void*)
                0x00000000c0024c1a                SATA::SATA()
                0x00000000c0024c1a                SATA::SATA()
                0x00000000c0024c48                SATA::access(unsigned long long, int, void*, bool)
                0x00000000c0024eae                SATA::read(unsigned long long, int, void*)
                0x00000000c0024f16                SATA::write(unsigned long long, int, void*)
 *fill*         0x00000000c0024f9b        0x1 
 .text          0x00000000c0024f9c      0x500 hw/diskphys/satapi.32
                0x00000000c0024f9c                SATAPI::write(unsigned long long, int, void*)
                0x00000000c0024fa2                SATAPI::close(int, int, void*)
                0x00000000c0024fc6                SATAPI::SATAPI()
                0x00000000c0024fc6                SATAPI::SATAPI()
                0x00000000c0024ff4                SATAPI::diskRemoved()
                0x00000000c0025010                SATAPI::diskInserted()
                0x00000000c002503e                SATAPI::sendPacket(unsigned char*, int, unsigned long long, unsigned short*, int)
                0x00000000c0025242                SATAPI::eject()
                0x00000000c002528a                SATAPI::detectMedia()
                0x00000000c002534c                SATAPI::open(int, int, void*)
                0x00000000c00253fa                SATAPI::read(unsigned long long, int, void*)
 .text          0x00000000c002549c       0x8e hw/fpu/avx.32
                0x00000000c002549c                AVX::open(int, int, void*)
                0x00000000c00254ae                AVX::close(int, int, void*)
                0x00000000c00254c0                AVX::available()
                0x00000000c00254d2                AVX::save(void*)
                0x00000000c00254ea                AVX::load(void*)
                0x00000000c0025502                AVX::AVX()
                0x00000000c0025502                AVX::AVX()
 .text          0x00000000c002552a       0x90 hw/fpu/mmx.32
                0x00000000c002552a                MMX::available()
                0x00000000c002553e                MMX::open(int, int, void*)
                0x00000000c0025550                MMX::close(int, int, void*)
                0x00000000c0025562                MMX::save(void*)
                0x00000000c002557a                MMX::load(void*)
                0x00000000c0025592                MMX::MMX()
                0x00000000c0025592                MMX::MMX()
 .text          0x00000000c00255ba       0x96 hw/fpu/sse.32
                0x00000000c00255ba                SSE::open(int, int, void*)
                0x00000000c00255cc                SSE::close(int, int, void*)
                0x00000000c00255de                SSE::available()
                0x00000000c00255f8                SSE::save(void*)
                0x00000000c0025610                SSE::load(void*)
                0x00000000c0025628                SSE::SSE()
                0x00000000c0025628                SSE::SSE()
 .text          0x00000000c0025650       0x8e hw/fpu/x87.32
                0x00000000c0025650                x87::open(int, int, void*)
                0x00000000c0025662                x87::close(int, int, void*)
                0x00000000c0025674                x87::available()
                0x00000000c0025686                x87::save(void*)
                0x00000000c002569e                x87::load(void*)
                0x00000000c00256b6                x87::x87()
                0x00000000c00256b6                x87::x87()
 .text          0x00000000c00256de      0x71e hw/intctrl/apic.32
                0x00000000c00256de                APIC::disable()
                0x00000000c00256e0                APIC::close(int, int, void*)
                0x00000000c0025702                IOAPIC::close(int, int, void*)
                0x00000000c0025708                APIC::io_wait()
                0x00000000c002570e                APIC::getBase()
                0x00000000c0025750                APIC::eoi(unsigned char)
                0x00000000c002577e                APIC::open(int, int, void*)
                0x00000000c00258cc                IOAPIC::IOAPIC()
                0x00000000c00258cc                IOAPIC::IOAPIC()
                0x00000000c00258f4                APIC::APIC()
                0x00000000c00258f4                APIC::APIC()
                0x00000000c00259d0                IOAPIC::handlesGSIWithNumber(unsigned int)
                0x00000000c0025a02                IOAPIC::read(int)
                0x00000000c0025a2a                IOAPIC::open(int, int, void*)
                0x00000000c0025b20                IOAPIC::write(int, int)
                0x00000000c0025b4c                IOAPIC::redirect(unsigned char, unsigned long long, unsigned char, bool, bool)
                0x00000000c0025c46                APIC::installIRQHandler(int, void (*)(regs*, void*), bool, void*)
 .text          0x00000000c0025dfc      0x3d3 hw/intctrl/pic.32
                0x00000000c0025dfc                PIC::disable()
                0x00000000c0025e2a                PIC::close(int, int, void*)
                0x00000000c0025e4c                PIC::PIC()
                0x00000000c0025e4c                PIC::PIC()
                0x00000000c0025f22                PIC::ioWait()
                0x00000000c0025f28                PIC::getIRQReg(int)
                0x00000000c0025f92                PIC::eoi(unsigned char)
                0x00000000c0026024                PIC::remap()
                0x00000000c0026190                PIC::open(int, int, void*)
 *fill*         0x00000000c00261cf        0x1 
 .text          0x00000000c00261d0      0x25e hw/timer/apictimer.32
                0x00000000c00261d0                APICTimer::close(int, int, void*)
                0x00000000c00261d6                apicTimerHandler(regs*, void*)
                0x00000000c0026204                APICTimer::write(int)
                0x00000000c0026308                APICTimer::open(int, int, void*)
                0x00000000c0026406                APICTimer::APICTimer()
                0x00000000c0026406                APICTimer::APICTimer()
 .text          0x00000000c002642e      0x1a7 hw/timer/pit.32
                0x00000000c002642e                PIT::write(int)
                0x00000000c00264ac                pitHandler(regs*, void*)
                0x00000000c00264d8                PIT::open(int, int, void*)
                0x00000000c0026526                PIT::close(int, int, void*)
                0x00000000c0026556                PIT::PIT()
                0x00000000c0026556                PIT::PIT()
 *fill*         0x00000000c00265d5        0xb 
 .text          0x00000000c00265e0       0x1e hw/fpu/x86/avx.32
                0x00000000c00265e0                avxDetect
                0x00000000c00265e6                avxSave
                0x00000000c00265e7                avxLoad
                0x00000000c00265e8                avxInit
                0x00000000c00265e9                avxClose
                0x00000000c00265ea                wouldSheSayYes
 *fill*         0x00000000c00265fe        0x2 
 .text          0x00000000c0026600       0x35 hw/fpu/x86/sse.32
                0x00000000c0026600                absolutelyNoChanceInHell
                0x00000000c0026600                sseDetect
                0x00000000c0026618                sseSave
                0x00000000c002661e                sseLoad
                0x00000000c0026624                sseInit
                0x00000000c0026634                sseClose
 *fill*         0x00000000c0026635        0xb 
 .text          0x00000000c0026640       0x47 hw/fpu/x86/x87.32
                0x00000000c0026646                x87Detect
                0x00000000c0026661                x87Save
                0x00000000c0026667                x87Load
                0x00000000c002666c                x87Init
                0x00000000c0026686                x87Close
 *fill*         0x00000000c0026687        0x1 
 .text          0x00000000c0026688       0x25 /cygdrive/d/Users/Alex/Desktop/Toolchain/Output/bin/../lib/gcc/i386-banana/8.1.0/crtend.o
 .text          0x00000000c00266ad        0x0 crtn.32
 *fill*         0x00000000c00266ad        0x3 
 .text          0x00000000c00266b0      0x14b /cygdrive/d/Users/Alex/Desktop/Toolchain/Output/bin/../lib/gcc/i386-banana/8.1.0/libkgcc.a(_divdi3.o)
                0x00000000c00266b0                __divdi3
 *fill*         0x00000000c00267fb        0x1 
 .text          0x00000000c00267fc      0x17e /cygdrive/d/Users/Alex/Desktop/Toolchain/Output/bin/../lib/gcc/i386-banana/8.1.0/libkgcc.a(_moddi3.o)
                0x00000000c00267fc                __moddi3
 *fill*         0x00000000c002697a        0x2 
 .text          0x00000000c002697c       0xff /cygdrive/d/Users/Alex/Desktop/Toolchain/Output/bin/../lib/gcc/i386-banana/8.1.0/libkgcc.a(_udivdi3.o)
                0x00000000c002697c                __udivdi3
 *fill*         0x00000000c0026a7b        0x1 
 .text          0x00000000c0026a7c      0x11a /cygdrive/d/Users/Alex/Desktop/Toolchain/Output/bin/../lib/gcc/i386-banana/8.1.0/libkgcc.a(_umoddi3.o)
                0x00000000c0026a7c                __umoddi3
 .text          0x00000000c0026b96      0x96d D:/Users/Alex/Desktop/Banana/kernel/libsoftfp.a(sfieeelib.o)
                0x00000000c0026b96                __addsf3
                0x00000000c0026e98                __subsf3
                0x00000000c0026eac                __negsf2
                0x00000000c0026eb9                __mulsf3
                0x00000000c002707c                __divsf3
                0x00000000c00272a7                __floatsisf
                0x00000000c002731b                __floatunsisf
                0x00000000c002735d                __fixsfsi
                0x00000000c00273bf                __fixunssfsi
                0x00000000c00273f0                __cmpsf2
                0x00000000c0027485                __eqsf2