Archive member included to satisfy reference by file (symbol)

/cygdrive/d/Users/Alex/Desktop/Toolchain/Output/bin/../lib/gcc/i386-banana/8.1.0/libgcc.a(_divdi3.o)
                              fs/fat/ff.32 (__divdi3)
/cygdrive/d/Users/Alex/Desktop/Toolchain/Output/bin/../lib/gcc/i386-banana/8.1.0/libgcc.a(_moddi3.o)
                              thr/elf.32 (__moddi3)
/cygdrive/d/Users/Alex/Desktop/Toolchain/Output/bin/../lib/gcc/i386-banana/8.1.0/libgcc.a(_udivdi3.o)
                              fs/fat/ff.32 (__udivdi3)
/cygdrive/d/Users/Alex/Desktop/Toolchain/Output/bin/../lib/gcc/i386-banana/8.1.0/libgcc.a(_umoddi3.o)
                              core/pipe.32 (__umoddi3)
D:/Users/Alex/Desktop/Banana/kernel/libk/libm32.a(s_fabs.c.o)
                              hal/libresample/samplerate.32 (fabs)
D:/Users/Alex/Desktop/Banana/kernel/libk/libm32.a(s_lrint.S.o)
                              hal/libresample/samplerate.32 (lrint)
D:/Users/Alex/Desktop/Banana/kernel/libk/libm32.a(s_lrintf.S.o)
                              hal/sound/sndhw.32 (lrintf)

Discarded input sections

 .comment       0x0000000000000000       0x12 /cygdrive/d/Users/Alex/Desktop/Toolchain/Output/bin/../lib/gcc/i386-banana/8.1.0/crtbegin.o
 .comment       0x0000000000000000       0x12 acpica/utclib.32
 .comment       0x0000000000000000       0x12 core/malloc.32
 .comment       0x0000000000000000       0x12 libk/string.32
 .comment       0x0000000000000000       0x12 fs/fat/diskio.32
 .comment       0x0000000000000000       0x12 fs/fat/ff.32
 .comment       0x0000000000000000       0x12 fs/fat/ffsystem.32
 .comment       0x0000000000000000       0x12 fs/fat/ffunicode.32
 .comment       0x0000000000000000       0x12 hal/libresample/samplerate.32
 .comment       0x0000000000000000       0x12 hal/libresample/src_linear.32
 .comment       0x0000000000000000       0x12 hal/libresample/src_sinc.32
 .comment       0x0000000000000000       0x12 hal/libresample/src_zoh.32
 .group         0x0000000000000000       0x14 core/computer.32
 .group         0x0000000000000000        0xc core/computer.32
 .comment       0x0000000000000000       0x12 core/computer.32
 .comment       0x0000000000000000       0x12 core/gdt.32
 .group         0x0000000000000000        0xc core/idle.32
 .comment       0x0000000000000000       0x12 core/idle.32
 .comment       0x0000000000000000       0x12 core/idt.32
 .group         0x0000000000000000        0x8 core/kheap.32
 .group         0x0000000000000000        0x8 core/kheap.32
 .comment       0x0000000000000000       0x12 core/kheap.32
 .comment       0x0000000000000000       0x12 core/main.32
 .comment       0x0000000000000000       0x12 core/physmgr.32
 .group         0x0000000000000000        0xc core/pipe.32
 .comment       0x0000000000000000       0x12 core/pipe.32
 .group         0x0000000000000000        0xc core/terminal.32
 .comment       0x0000000000000000       0x12 core/terminal.32
 .group         0x0000000000000000        0x8 core/tss.32
 .text._ZN3CPU7readCR3Ev
                0x0000000000000000       0x12 core/tss.32
 .comment       0x0000000000000000       0x12 core/tss.32
 .group         0x0000000000000000        0x8 core/unixfile.32
 .group         0x0000000000000000        0xc core/unixfile.32
 .group         0x0000000000000000        0xc core/unixfile.32
 .group         0x0000000000000000        0x8 core/unixfile.32
 .group         0x0000000000000000        0xc core/unixfile.32
 .group         0x0000000000000000        0x8 core/unixfile.32
 .group         0x0000000000000000        0xc core/unixfile.32
 .group         0x0000000000000000        0xc core/unixfile.32
 .comment       0x0000000000000000       0x12 core/unixfile.32
 .group         0x0000000000000000        0x8 core/virtmgr.32
 .group         0x0000000000000000        0x8 core/virtmgr.32
 .text._ZN3CPU7readCR3Ev
                0x0000000000000000       0x12 core/virtmgr.32
 .text._ZN3CPU8writeCR3Em
                0x0000000000000000        0x9 core/virtmgr.32
 .comment       0x0000000000000000       0x12 core/virtmgr.32
 .comment       0x0000000000000000       0x12 coreobjs/c++.32
 .comment       0x0000000000000000       0x12 dbg/kconsole.32
 .group         0x0000000000000000        0xc fs/vfs.32
 .group         0x0000000000000000        0xc fs/vfs.32
 .group         0x0000000000000000        0xc fs/vfs.32
 .comment       0x0000000000000000       0x12 fs/vfs.32
 .group         0x0000000000000000        0xc hal/bus.32
 .comment       0x0000000000000000       0x12 hal/bus.32
 .group         0x0000000000000000        0xc hal/buzzer.32
 .comment       0x0000000000000000       0x12 hal/buzzer.32
 .group         0x0000000000000000        0xc hal/clock.32
 .comment       0x0000000000000000       0x12 hal/clock.32
 .group         0x0000000000000000       0x14 hal/device.32
 .group         0x0000000000000000        0xc hal/device.32
 .group         0x0000000000000000        0xc hal/device.32
[...]
Memory Configuration

Name             Origin             Length             Attributes
*default*        0x0000000000000000 0xffffffffffffffff

Linker script and memory map

LOAD D:/Users/Alex/Desktop/Banana/kernel/boot.32
LOAD crti.32
LOAD /cygdrive/d/Users/Alex/Desktop/Toolchain/Output/bin/../lib/gcc/i386-banana/8.1.0/crtbegin.o
LOAD D:/Users/Alex/Desktop/Banana/kernel/morenasm.32
LOAD acpica/utclib.32
LOAD core/malloc.32
LOAD libk/string.32
LOAD fs/fat/diskio.32
LOAD fs/fat/ff.32
LOAD fs/fat/ffsystem.32
LOAD fs/fat/ffunicode.32
LOAD hal/libresample/samplerate.32
LOAD hal/libresample/src_linear.32
LOAD hal/libresample/src_sinc.32
LOAD hal/libresample/src_zoh.32
LOAD core/computer.32
LOAD core/gdt.32
LOAD core/idle.32
LOAD core/idt.32
LOAD core/kheap.32
LOAD core/main.32
LOAD core/physmgr.32
LOAD core/pipe.32
LOAD core/terminal.32
LOAD core/tss.32
LOAD core/unixfile.32
LOAD core/virtmgr.32
LOAD coreobjs/c++.32
LOAD dbg/kconsole.32
LOAD fs/vfs.32
LOAD hal/bus.32
LOAD hal/buzzer.32
LOAD hal/clock.32
LOAD hal/device.32
LOAD hal/diskctrl.32
LOAD hal/diskphys.32
LOAD hal/fpu.32
LOAD hal/intctrl.32
LOAD hal/keybrd.32
LOAD hal/logidisk.32
LOAD hal/mouse.32
LOAD hal/partition.32
LOAD hal/timer.32
LOAD hal/vcache.32
LOAD hal/video.32
LOAD hw/acpi.32
LOAD hw/cpu.32
LOAD hw/ports.32
LOAD krnl/panic.32
LOAD reg/registry.32
LOAD sys/sc_exit.32
LOAD sys/sc_loaddll.32
LOAD sys/sc_read.32
LOAD sys/sc_sbrk.32
LOAD sys/sc_write.32
LOAD sys/sc_yield.32
LOAD sys/syscalls.32
LOAD thr/elf.32
LOAD thr/prcssthr.32
LOAD vm86/vm8086.32
LOAD fs/fat/vfslink.32
LOAD fs/iso9660/vfslink.32
LOAD hal/sound/sndchannel.32
LOAD hal/sound/sndhw.32
LOAD hw/bus/isa.32
LOAD hw/bus/pci.32
LOAD hw/diskctrl/ide.32
LOAD hw/diskphys/ata.32
LOAD hw/diskphys/atapi.32
LOAD hw/fpu/avx.32
LOAD hw/fpu/mmx.32
LOAD hw/fpu/sse.32
LOAD hw/fpu/x87.32
LOAD hw/intctrl/apic.32
LOAD hw/intctrl/pic.32
LOAD hw/timer/apictimer.32
LOAD hw/timer/pit.32
LOAD hw/fpu/x86/avx.32
LOAD hw/fpu/x86/sse.32
LOAD hw/fpu/x86/x87.32
LOAD /cygdrive/d/Users/Alex/Desktop/Toolchain/Output/bin/../lib/gcc/i386-banana/8.1.0/crtend.o
LOAD crtn.32
LOAD /cygdrive/d/Users/Alex/Desktop/Toolchain/Output/bin/../lib/gcc/i386-banana/8.1.0/libgcc.a
LOAD D:/Users/Alex/Desktop/Banana/kernel/libk/libm32.a
                0x00000000c0000000                . = 0xc0000000

.text           0x00000000c0000000    0x1f6a8
 *(.text)
 .text          0x00000000c0000000       0x41 D:/Users/Alex/Desktop/Banana/kernel/boot.32
                0x00000000c0000020                callGlobalConstructors
 .text          0x00000000c0000041        0x0 crti.32
 *fill*         0x00000000c0000041        0x3 
 .text          0x00000000c0000044      0x101 /cygdrive/d/Users/Alex/Desktop/Toolchain/Output/bin/../lib/gcc/i386-banana/8.1.0/crtbegin.o
 *fill*         0x00000000c0000145        0xb 
 .text          0x00000000c0000150      0x4d1 D:/Users/Alex/Desktop/Banana/kernel/morenasm.32
                0x00000000c0000150                voodooXADD
                0x00000000c0000202                doTPAUSE
                0x00000000c000020c                hasLegacyFPU
                0x00000000c0000231                is486
                0x00000000c0000267                goToVM86
                0x00000000c0000298                goToUsermode
                0x00000000c00002c3                switchToThreadASMFirstTime
                0x00000000c00002d1                switchToThreadASM
                0x00000000c0000371                detectCPUID
                0x00000000c0000387                asmQuickAcquireLock
                0x00000000c00003a5                asmQuickReleaseLock
                0x00000000c00003b1                asmAcquireLock
                0x00000000c00003d2                asmReleaseLock
                0x00000000c00003e5                loadGDT
                0x00000000c0000405                isr0
                0x00000000c0000415                isr1
                0x00000000c000041f                isr2
                0x00000000c0000429                isr3
                0x00000000c0000433                isr4
                0x00000000c000043d                isr5
                0x00000000c0000447                isr6
                0x00000000c0000451                isr7
                0x00000000c000045b                isr8
                0x00000000c0000463                isr9
                0x00000000c000046d                isr10
                0x00000000c0000475                isr11
                0x00000000c000047d                isr12
                0x00000000c0000485                isr13
                0x00000000c000048d                isr14
                0x00000000c0000495                isr15
                0x00000000c000049f                isr16
                0x00000000c00004a9                isr17
                0x00000000c00004b3                isr18
                0x00000000c00004bd                isr96
                0x00000000c00004c7                irq0
                0x00000000c00004d1                irq1
                0x00000000c00004db                irq2
                0x00000000c00004e5                irq3
                0x00000000c00004ef                irq4
                0x00000000c00004f9                irq5
                0x00000000c0000503                irq6
                0x00000000c000050d                irq7
                0x00000000c0000517                irq8
                0x00000000c0000521                irq9
                0x00000000c000052b                irq10
                0x00000000c0000535                irq11
                0x00000000c000053f                irq12
                0x00000000c0000549                irq13
                0x00000000c0000553                irq14
                0x00000000c000055d                irq15
                0x00000000c0000567                irq16
                0x00000000c0000571                irq17
                0x00000000c000057b                irq18
                0x00000000c0000585                irq19
                0x00000000c000058f                irq20
                0x00000000c0000599                irq21
                0x00000000c00005a3                irq22
                0x00000000c00005ad                irq23
                0x00000000c00005b7                int_common_stub
                0x00000000c00005e7                syscall_common_stub
 .text          0x00000000c0000621      0x411 acpica/utclib.32
                0x00000000c0000621                memcmp
                0x00000000c000064c                memmove
                0x00000000c0000684                memcpy
                0x00000000c00006ba                memset
                0x00000000c00006d7                strlen
                0x00000000c00006e7                strpbrk
                0x00000000c000070a                strtok
                0x00000000c0000759                strcpy
                0x00000000c0000779                strncpy
                0x00000000c00007aa                strcmp
                0x00000000c00007cb                strchr
                0x00000000c00007e1                strncmp
                0x00000000c0000810                strcat
                0x00000000c0000837                strncat
                0x00000000c0000871                strstr
                0x00000000c00008ae                toupper
                0x00000000c00008c2                tolower
                0x00000000c00008d6                simple_strtoul
 .text          0x00000000c0000a32      0xfc2 core/malloc.32
                0x00000000c0000b9d                dlfree
                0x00000000c0000efb                dlmalloc
                0x00000000c0001438                dlrealloc
                0x00000000c00015ed                dlmemalign
                0x00000000c0001710                dlcalloc
                0x00000000c00017aa                dlcfree
                0x00000000c00017af                dlindependent_calloc
                0x00000000c00017d4                dlindependent_comalloc
                0x00000000c00017eb                dlvalloc
                0x00000000c0001816                dlpvalloc
                0x00000000c000184c                dlmalloc_trim
                0x00000000c0001859                dlmalloc_usable_size
                0x00000000c000188a                dlmallinfo
                0x00000000c0001959                dlmalloc_stats
                0x00000000c000196a                dlmallopt
 .text          0x00000000c00019f4        0x0 libk/string.32
 .text          0x00000000c00019f4       0x51 fs/fat/diskio.32
                0x00000000c00019f4                disk_status
                0x00000000c00019f7                disk_initialize
                0x00000000c00019fa                disk_read
                0x00000000c0001a10                disk_write
                0x00000000c0001a26                disk_ioctl
 .text          0x00000000c0001a45     0x67e6 fs/fat/ff.32
                0x00000000c0004cfb                f_mount
                0x00000000c0004d5d                f_open
                0x00000000c0005199                f_read
                0x00000000c0005419                f_write
                0x00000000c00056d3                f_sync
                0x00000000c00058af                f_close
                0x00000000c00058de                f_lseek
                0x00000000c0005d43                f_opendir
                0x00000000c0005e45                f_closedir
                0x00000000c0005e67                f_readdir
                0x00000000c0005f02                f_stat
                0x00000000c0005f91                f_getfree
                0x00000000c0006179                f_truncate
                0x00000000c0006271                f_unlink
                0x00000000c00063f2                f_mkdir
                0x00000000c000661e                f_rename
                0x00000000c0006911                f_chmod
                0x00000000c00069ef                f_utime
                0x00000000c0006acd                f_getlabel
                0x00000000c0006cc1                f_setlabel
                0x00000000c0006f2e                f_forward
                0x00000000c000710c                f_mkfs
 .text          0x00000000c000822b       0x2d fs/fat/ffsystem.32
                0x00000000c000822b                ff_memalloc
                0x00000000c0008241                ff_memfree
 .text          0x00000000c0008258      0x280 fs/fat/ffunicode.32
                0x00000000c0008258                ff_uni2oem
                0x00000000c00082ee                ff_oem2uni
                0x00000000c000835d                ff_wtoupper
 .text          0x00000000c00084d8      0x70e hal/libresample/samplerate.32
                0x00000000c0008560                src_delete
                0x00000000c000859c                src_process
                0x00000000c00086c4                src_callback_read
                0x00000000c0008825                src_set_ratio
                0x00000000c000887c                src_get_channels
                0x00000000c000889e                src_reset
                0x00000000c00088e2                src_new
                0x00000000c0008970                src_callback_new
                0x00000000c00089d2                src_get_name
                0x00000000c0008a09                src_get_description
                0x00000000c0008a40                src_get_version
                0x00000000c0008a46                src_is_valid_ratio
                0x00000000c0008a60                src_error
                0x00000000c0008a6e                src_strerror
                0x00000000c0008a81                src_simple
                0x00000000c0008ad4                src_short_to_float_array
                0x00000000c0008afa                src_float_to_short_array
                0x00000000c0008b5e                src_int_to_float_array
                0x00000000c0008b84                src_float_to_int_array
 .text          0x00000000c0008be6      0x3f9 hal/libresample/src_linear.32
                0x00000000c0008f3a                linear_get_name
                0x00000000c0008f49                linear_get_description
                0x00000000c0008f58                linear_set_converter
 .text          0x00000000c0008fdf     0x1a31 hal/libresample/src_sinc.32
                0x00000000c000a927                sinc_get_name
                0x00000000c000a93a                sinc_get_description
                0x00000000c000a94d                sinc_set_converter
 .text          0x00000000c000aa10      0x3cf hal/libresample/src_zoh.32
                0x00000000c000ad3a                zoh_get_name
                0x00000000c000ad49                zoh_get_description
                0x00000000c000ad58                zoh_set_converter
 *fill*         0x00000000c000addf        0x1 
 .text          0x00000000c000ade0      0xa25 core/computer.32
                0x00000000c000ade0                Computer::close(int, int, void*)
                0x00000000c000ae24                Computer::Computer()
                0x00000000c000ae24                Computer::Computer()
                0x00000000c000af80                Computer::setBootMessage(char const*)
                0x00000000c000af82                Computer::start()
                0x00000000c000b0a1                firstTask()
                0x00000000c000b0b0                Computer::detectFeatures()
                0x00000000c000b28a                Computer::displayFeatures()
                0x00000000c000b5d0                Computer::rdmsr(unsigned int)
                0x00000000c000b5fc                Computer::wrmsr(unsigned int, unsigned long long)
                0x00000000c000b634                Computer::nmiEnabled()
                0x00000000c000b640                Computer::readCMOS(unsigned char)
                0x00000000c000b65a                Computer::enableNMI(bool)
                0x00000000c000b672                Computer::open(int, int, void*)
                0x00000000c000b748                Computer::disableNMI()
                0x00000000c000b756                Computer::writeCMOS(unsigned char, unsigned char)
                0x00000000c000b774                Computer::handleNMI()
                0x00000000c000b7da                Computer::setDiskActivityLight(int, bool)
 *fill*         0x00000000c000b805        0x1 
 .text          0x00000000c000b806      0x1b7 core/gdt.32
                0x00000000c000b806                GDTEntry::setBase(unsigned int)
                0x00000000c000b822                GDTEntry::setLimit(unsigned int)
                0x00000000c000b840                GDT::GDT()
                0x00000000c000b840                GDT::GDT()
                0x00000000c000b856                GDT::addEntry(GDTEntry)
                0x00000000c000b892                GDT::getNumberOfEntries()
                0x00000000c000b89a                GDT::flush()
                0x00000000c000b8bc                GDT::setup()
 .text          0x00000000c000b9bd       0x61 core/idle.32
                0x00000000c000b9bd                idleFunction(void*)
 .text          0x00000000c000ba1e      0x45f core/idt.32
                0x00000000c000ba1e                IDTEntry::IDTEntry(bool)
                0x00000000c000ba1e                IDTEntry::IDTEntry(bool)
                0x00000000c000ba8c                IDTEntry::setOffset(unsigned int)
                0x00000000c000baa0                IDT::IDT()
                0x00000000c000baa0                IDT::IDT()
                0x00000000c000baa2                IDT::getPointerToInvalidOpcodeEntryForF00F()
                0x00000000c000baaa                IDT::addEntry(IDTEntry, int)
                0x00000000c000bac4                IDT::addEntry(int, void (*)(), bool)
                0x00000000c000bafc                IDT::flush()
                0x00000000c000bb16                IDT::setup()
 .text          0x00000000c000be7d      0x20c core/kheap.32
                0x00000000c000be7d                sbrk
                0x00000000c000bf94                mmap
                0x00000000c000bfaa                munmap
                0x00000000c000bfc0                liballoc_lock()
                0x00000000c000bfd1                liballoc_unlock()
                0x00000000c000bfe2                liballoc_alloc(int)
                0x00000000c000bffd                liballoc_free(void*, int)
                0x00000000c000c01b                realloc
                0x00000000c000c02f                malloc
                0x00000000c000c03f                free
                0x00000000c000c04f                rfree
                0x00000000c000c05f                calloc
 .text          0x00000000c000c089      0x3a9 core/main.32
                0x00000000c000c089                hwTextMode_loadInData(VgaText*)
                0x00000000c000c0ce                hwTextMode_loadInTitle(VgaText*, char*)
                0x00000000c000c118                hwTextMode_showCursor(VgaText*, bool)
                0x00000000c000c16c                hwTextMode_update(VgaText*)
                0x00000000c000c16d                hwTextMode_updateCursor(VgaText*)
                0x00000000c000c1bb                hwTextMode_disableBlink(VgaText*, bool)
                0x00000000c000c1f7                hwTextMode_scrollScreen(VgaText*)
                0x00000000c000c283                hwTextMode_writeCharacter(VgaText*, char, VgaColour, VgaColour, int, int)
                0x00000000c000c2e9                setupTextMode()
                0x00000000c000c33a                kernel_main
 .text          0x00000000c000c432      0x504 core/physmgr.32
                0x00000000c000c432                Phys::allocateDMA(unsigned long)
                0x00000000c000c4d6                Phys::freeDMA(unsigned long, unsigned long)
                0x00000000c000c51e                Phys::setPageState(unsigned long, bool)
                0x00000000c000c557                Phys::getPageState(unsigned long)
                0x00000000c000c578                Phys::freePage(unsigned long)
                0x00000000c000c605                Phys::allocatePage()
                0x00000000c000c6d1                Phys::allowSegmentToBeUsed(unsigned long, unsigned long)
                0x00000000c000c709                Phys::physicalMemorySetup(unsigned int)
 .text          0x00000000c000c936      0x273 core/pipe.32
                0x00000000c000c936                Pipe::isAtty()
                0x00000000c000c93a                Pipe::~Pipe()
                0x00000000c000c93a                Pipe::~Pipe()
                0x00000000c000c95e                Pipe::~Pipe()
                0x00000000c000c986                Pipe::read(unsigned long long, void*, int*)
                0x00000000c000ca7a                Pipe::write(unsigned long long, void*, int*)
                0x00000000c000cb42                Pipe::Pipe(int)
                0x00000000c000cb42                Pipe::Pipe(int)
 *fill*         0x00000000c000cba9        0x1 
 .text          0x00000000c000cbaa      0xf67 core/terminal.32
                0x00000000c000cbaa                VgaText::isAtty()
                0x00000000c000cbae                VgaText::~VgaText()
                0x00000000c000cbae                VgaText::~VgaText()
                0x00000000c000cbd2                VgaText::~VgaText()
                0x00000000c000cbfc                VgaText::read(unsigned long long, void*, int*)
                0x00000000c000cc1c                setTerminalScrollLock(bool)
                0x00000000c000cc1d                addToTerminalCycle(VgaText*)
                0x00000000c000cc4a                installVgaTextImplementation()
                0x00000000c000cc5f                scrollTerminalScrollLock(int)
                0x00000000c000cc60                VgaText::load()
                0x00000000c000ccb4                VgaText::updateCursor()
                0x00000000c000ccce                VgaText::showCursor(bool)
                0x00000000c000ccde                VgaText::disableBlink(bool)
                0x00000000c000cd18                VgaText::doANSI_SGR(int)
                0x00000000c000cda4                VgaText::setDefaultBgColour(VgaColour)
                0x00000000c000cdba                VgaText::setDefaultFgColour(VgaColour)
                0x00000000c000cdd0                VgaText::setDefaultColours(VgaColour, VgaColour)
                0x00000000c000cdf0                VgaText::combineColours(unsigned char, unsigned char)
                0x00000000c000ce02                VgaText::scrollScreen()
                0x00000000c000ce96                VgaText::combineCharAndColour(char, unsigned char)
                0x00000000c000cea8                VgaText::writeCharacter(char, VgaColour, VgaColour, int, int)
                0x00000000c000cf08                VgaText::getCursorX()
                0x00000000c000cf14                VgaText::getCursorY()
                0x00000000c000cf20                VgaText::setCursor(int, int)
                0x00000000c000cf3e                VgaText::setCursorX(int)
                0x00000000c000cf5a                VgaText::setCursorY(int)
                0x00000000c000cf76                VgaText::incrementCursor(bool)
                0x00000000c000cfde                VgaText::updateRAMUsageDisplay(int)
                0x00000000c000d038                VgaText::updateDiskUsage()
                0x00000000c000d19e                VgaText::updateTitle()
                0x00000000c000d1e4                VgaText::setTitleTextColour(VgaColour)
                0x00000000c000d1f4                VgaText::setTitleColour(VgaColour)
                0x00000000c000d204                VgaText::setTitle(char*)
                0x00000000c000d22a                VgaText::decrementCursor(bool)
                0x00000000c000d252                VgaText::putchar(char, VgaColour, VgaColour)
                0x00000000c000d34e                VgaText::isShowingCursor()
                0x00000000c000d35a                VgaText::isBlinkDisabled()
                0x00000000c000d368                VgaText::setCursorHeight(int)
                0x00000000c000d386                VgaText::getCursorHeight()
                0x00000000c000d391                setActiveTerminal(VgaText*)
                0x00000000c000d443                doTerminalCycle()
                0x00000000c000d460                VgaText::doUpdate()
                0x00000000c000d472                VgaText::puts(char const*, VgaColour, VgaColour)
                0x00000000c000d634                VgaText::clearScreen()
                0x00000000c000d698                VgaText::putchar(char)
                0x00000000c000d7b2                VgaText::puts(char const*)
                0x00000000c000d7d8                VgaText::putx(unsigned int)
                0x00000000c000d81e                VgaText::VgaText(char const*)
                0x00000000c000d81e                VgaText::VgaText(char const*)
                0x00000000c000d9b0                VgaText::receiveKey(unsigned char)
                0x00000000c000da98                VgaText::write(unsigned long long, void*, int*)
                0x00000000c000daec                newTerminal(char*)
 *fill*         0x00000000c000db11        0x1 
 .text          0x00000000c000db12      0x18f core/tss.32
                0x00000000c000db12                TSS::TSS()
                0x00000000c000db12                TSS::TSS()
                0x00000000c000db20                TSS::setESP(unsigned long)
                0x00000000c000db32                TSS::flush()
                0x00000000c000db52                TSS::setup(unsigned long, unsigned long)
 *fill*         0x00000000c000dca1        0x1 
 .text          0x00000000c000dca2      0x482 core/unixfile.32
                0x00000000c000dca2                ReservedFilename::read(unsigned long long, void*, int*)
                0x00000000c000dcf8                ReservedFilename::isAtty()
                0x00000000c000dd14                ReservedFilename::write(unsigned long long, void*, int*)
                0x00000000c000dd72                UnixFile::getFileDescriptor()
                0x00000000c000dd7a                UnixFile::UnixFile(int)
                0x00000000c000dd7a                UnixFile::UnixFile(int)
                0x00000000c000deea                ReservedFilename::ReservedFilename(int)
                0x00000000c000deea                ReservedFilename::ReservedFilename(int)
                0x00000000c000df1c                UnixFile::~UnixFile()
                0x00000000c000df1c                UnixFile::~UnixFile()
                0x00000000c000dfb4                UnixFile::~UnixFile()
                0x00000000c000dfdc                ReservedFilename::~ReservedFilename()
                0x00000000c000dfdc                ReservedFilename::~ReservedFilename()
                0x00000000c000e000                ReservedFilename::~ReservedFilename()
                0x00000000c000e027                getFromFileDescriptor(int)
 .text          0x00000000c000e124      0xecf core/virtmgr.32
                0x00000000c000e124                Virt::setPageState(unsigned long, Virt::VirtPageState)
                0x00000000c000e15b                Virt::getPageState(unsigned long)
                0x00000000c000e182                Virt::allocateKernelVirtualPages(int)
                0x00000000c000e293                Virt::virtualMemorySetup()
                0x00000000c000e30f                Virt::getAKernelVAS()
                0x00000000c000e315                Virt::setupPageSwapping(int)
                0x00000000c000e430                VAS::VAS()
                0x00000000c000e430                VAS::VAS()
                0x00000000c000e460                VAS::VAS(VAS*)
                0x00000000c000e460                VAS::VAS(VAS*)
                0x00000000c000e484                VAS::getForeignPageTableEntry(bool, unsigned long)
                0x00000000c000e4b0                VAS::getPageTableEntry(unsigned long)
                0x00000000c000e4cf                Virt::freeKernelVirtualPages(unsigned long)
                0x00000000c000e5f0                VAS::freeAllocatedPages(unsigned long)
                0x00000000c000e614                VAS::virtualToPhysical(unsigned long)
                0x00000000c000e62e                VAS::reflagRange(unsigned long, int, int, int)
                0x00000000c000e672                VAS::setToWriteCombining(unsigned long, int)
                0x00000000c000e6ac                VAS::mapOtherVASIn(bool, VAS*)
                0x00000000c000e6e2                VAS::~VAS()
                0x00000000c000e6e2                VAS::~VAS()
                0x00000000c000e84e                VAS::mapPage(unsigned long, unsigned long, int)
                0x00000000c000e950                VAS::allocatePages(int, int)
                0x00000000c000eb22                VAS::setCPUSpecific(unsigned long)
                0x00000000c000eb40                VAS::mapRange(unsigned long, unsigned long, int, int)
                0x00000000c000ec0a                VAS::mapForeignPage(bool, VAS*, unsigned long, unsigned long, int)
                0x00000000c000ecfc                VAS::VAS(bool)
                0x00000000c000ecfc                VAS::VAS(bool)
                0x00000000c000ef2c                mapVASFirstTime
 .text          0x00000000c000eff3       0x93 coreobjs/c++.32
                0x00000000c000eff3                __cxa_atexit
                0x00000000c000eff6                __cxa_finalize
                0x00000000c000eff7                __stack_chk_fail
                0x00000000c000f057                __cxa_pure_virtual
                0x00000000c000f068                operator new(unsigned long)
                0x00000000c000f06d                operator new[](unsigned long)
                0x00000000c000f072                operator delete(void*)
                0x00000000c000f077                operator delete(void*, unsigned long)
                0x00000000c000f07c                operator delete[](void*)
                0x00000000c000f081                operator delete[](void*, unsigned long)
 .text          0x00000000c000f086      0x23d dbg/kconsole.32
                0x00000000c000f086                Dbg::stringifyxWithBase(unsigned int, char*, int)
                0x00000000c000f12a                Dbg::logc(char)
                0x00000000c000f141                Dbg::logs(char*)
                0x00000000c000f15e                Dbg::logWriteInt(unsigned int)
                0x00000000c000f17c                Dbg::logWriteIntBase(unsigned int, int)
                0x00000000c000f19d                Dbg::kprintf(char const*, ...)
 *fill*         0x00000000c000f2c3        0x1 
 .text          0x00000000c000f2c4      0xb68 fs/vfs.32
                0x00000000c000f2c4                File::read(unsigned long long, void*, int*)
                0x00000000c000f31c                File::write(unsigned long long, void*, int*)
                0x00000000c000f374                Directory::read(unsigned long long, void*, int*)
                0x00000000c000f3cc                Directory::write(unsigned long long, void*, int*)
                0x00000000c000f3fa                File::isAtty()
                0x00000000c000f3fe                Directory::isAtty()
                0x00000000c000f402                Filesystem::getlabel(LogicalDisk*, int, char*, unsigned int*)
                0x00000000c000f408                Filesystem::setlabel(LogicalDisk*, int, char*)
                0x00000000c000f40e                File::~File()
                0x00000000c000f40e                File::~File()
                0x00000000c000f432                File::~File()
                0x00000000c000f45c                Directory::~Directory()
                0x00000000c000f45c                Directory::~Directory()
                0x00000000c000f480                Directory::~Directory()
                0x00000000c000f4aa                Filesystem::Filesystem()
                0x00000000c000f4aa                Filesystem::Filesystem()
                0x00000000c000f4ce                Filesystem::~Filesystem()
                0x00000000c000f4ce                Filesystem::~Filesystem()
                0x00000000c000f4dc                Filesystem::~Filesystem()
                0x00000000c000f500                initVFS()
                0x00000000c000f52a                standardiseFiles(char*, char const*, char const*)
                0x00000000c000f6d4                File::File(char const*, Process*)
                0x00000000c000f6d4                File::File(char const*, Process*)
                0x00000000c000f738                File::open(FileOpenMode)
                0x00000000c000f796                File::close()
                0x00000000c000f7f6                File::seek(unsigned long long)
                0x00000000c000f84c                File::tell(unsigned long long*)
                0x00000000c000f89c                File::rewind()
                0x00000000c000f8b0                File::unlink()
                0x00000000c000f8fc                File::rename(char const*)
                0x00000000c000f94a                File::chfatattr(unsigned char, unsigned char)
                0x00000000c000f9a6                File::exists()
                0x00000000c000f9e4                File::stat(unsigned long long*, bool*)
                0x00000000c000fa45                getcwd(Process*, char*, int)
                0x00000000c000fa6f                setcwd(Process*, char*)
                0x00000000c000fb96                Directory::Directory(char const*, Process*)
                0x00000000c000fb96                Directory::Directory(char const*, Process*)
                0x00000000c000fbfa                Directory::open()
                0x00000000c000fc56                Directory::close()
                0x00000000c000fcb6                Directory::unlink()
                0x00000000c000fd02                Directory::rename(char const*)
                0x00000000c000fd50                Directory::exists()
                0x00000000c000fd8e                Directory::read(dirent*)
                0x00000000c000fdda                Directory::create()
                0x00000000c000fe26                Filesystem::chfatattr(char const*, unsigned char, unsigned char)
 .text          0x00000000c000fe2c       0x84 hal/bus.32
                0x00000000c000fe2c                Bus::Bus(char const*)
                0x00000000c000fe2c                Bus::Bus(char const*)
                0x00000000c000fe62                Bus::~Bus()
                0x00000000c000fe62                Bus::~Bus()
                0x00000000c000fe86                Bus::~Bus()
 .text          0x00000000c000feb0      0x14e hal/buzzer.32
                0x00000000c000feb0                Buzzer::Buzzer(char const*)
                0x00000000c000feb0                Buzzer::Buzzer(char const*)
                0x00000000c000fef4                Buzzer::~Buzzer()
                0x00000000c000fef4                Buzzer::~Buzzer()
                0x00000000c000ff18                Buzzer::~Buzzer()
                0x00000000c000ff42                Buzzer::stop()
                0x00000000c000ff55                beepThread(void*)
                0x00000000c000ff90                Buzzer::beep(int, int, bool)
 .text          0x00000000c000fffe      0x435 hal/clock.32
                0x00000000c000fffe                loadClockSettings()
                0x00000000c0010018                Clock::Clock(char const*)
                0x00000000c0010018                Clock::Clock(char const*)
                0x00000000c001004e                Clock::~Clock()
                0x00000000c001004e                Clock::~Clock()
                0x00000000c0010072                Clock::~Clock()
                0x00000000c001009c                Clock::timeInSecondsLocal()
                0x00000000c00100e4                Clock::setTimeInSecondsLocal(unsigned long long)
                0x00000000c001013d                datetimeToSeconds(datetime_t)
                0x00000000c001026a                Clock::setTimeInDatetimeLocal(datetime_t)
                0x00000000c00102ca                secondsToDatetime(unsigned long long)
                0x00000000c001040e                Clock::timeInDatetimeLocal()
 *fill*         0x00000000c0010433        0x1 
 .text          0x00000000c0010434      0x500 hal/device.32
                0x00000000c0010434                Device::hibernate()
                0x00000000c0010436                Device::wake()
                0x00000000c0010438                Device::detect()
                0x00000000c001043a                Device::disableLegacy()
                0x00000000c001043c                Device::powerSaving(PowerSavingLevel)
                0x00000000c001043e                DriverlessDevice::close(int, int, void*)
                0x00000000c0010442                DriverlessDevice::detect()
                0x00000000c0010444                DriverlessDevice::open(int, int, void*)
                0x00000000c0010458                Device::~Device()
                0x00000000c0010458                Device::~Device()
                0x00000000c0010466                Device::~Device()
                0x00000000c001048e                Device::findAndLoadDriver()
                0x00000000c0010490                Device::preOpenPCI(PCIDeviceInfo)
                0x00000000c00104b2                Device::preOpenACPI(void*, char*, char*)
                0x00000000c0010506                Device::addIRQHandler(int, void (*)(regs*, void*), bool, void*)
                0x00000000c0010564                Device::removeIRQHandler(int, void (*)(regs*, void*), bool)
                0x00000000c00105b2                Device::addChild(Device*)
                0x00000000c00105f6                Device::removeAllChildren()
                0x00000000c001063c                Device::hibernateAll()
                0x00000000c001066c                Device::wakeAll()
                0x00000000c001069c                Device::detectAll()
                0x00000000c00106cc                Device::disableLegacyAll()
                0x00000000c00106fc                Device::loadDriversForAll()
                0x00000000c0010728                Device::closeAll()
                0x00000000c001075e                Device::powerSavingAll(PowerSavingLevel)
                0x00000000c0010794                Device::setName(char const*)
                0x00000000c00107a2                Device::Device(char const*)
                0x00000000c00107a2                Device::Device(char const*)
                0x00000000c0010894                Device::getName()
                0x00000000c001089e                DriverlessDevice::DriverlessDevice(char const*)
                0x00000000c001089e                DriverlessDevice::DriverlessDevice(char const*)
                0x00000000c00108c6                Device::addToLinkedList(LinkedList<Device>&, DeviceType)
                0x00000000c001090a                getDevicesOfType(DeviceType)
 .text          0x00000000c0010934       0x84 hal/diskctrl.32
                0x00000000c0010934                HardDiskController::HardDiskController(char const*)
                0x00000000c0010934                HardDiskController::HardDiskController(char const*)
                0x00000000c001096a                HardDiskController::~HardDiskController()
                0x00000000c001096a                HardDiskController::~HardDiskController()
                0x00000000c001098e                HardDiskController::~HardDiskController()
 .text          0x00000000c00109b8       0xde hal/diskphys.32
                0x00000000c00109b8                PhysicalDisk::PhysicalDisk(char const*, int)
                0x00000000c00109b8                PhysicalDisk::PhysicalDisk(char const*, int)
                0x00000000c0010a20                PhysicalDisk::startCache()
                0x00000000c0010a48                PhysicalDisk::~PhysicalDisk()
                0x00000000c0010a48                PhysicalDisk::~PhysicalDisk()
                0x00000000c0010a6c                PhysicalDisk::~PhysicalDisk()
 .text          0x00000000c0010a96      0x142 hal/fpu.32
                0x00000000c0010a96                FPU::FPU(char const*)
                0x00000000c0010a96                FPU::FPU(char const*)
                0x00000000c0010acc                FPU::~FPU()
                0x00000000c0010acc                FPU::~FPU()
                0x00000000c0010af0                FPU::~FPU()
                0x00000000c0010b1a                setupFPU()
 .text          0x00000000c0010bd8     0x12db hal/intctrl.32
                0x00000000c0010bd8                InterruptController::uninstallISRHandler(int, void (*)(regs*, void*))
                0x00000000c0010c10                InterruptController::installISRHandler(int, void (*)(regs*, void*), void*)
                0x00000000c0010c62                doubleFault(regs*, void*)
                0x00000000c0010c7c                InterruptController::installIRQHandler(int, void (*)(regs*, void*), bool, void*)
                0x00000000c0010d18                InterruptController::clearAllHandlers(int, bool)
                0x00000000c0010dc0                InterruptController::uninstallIRQHandler(int, void (*)(regs*, void*), bool)
                0x00000000c0010e47                nmiHandler(regs*, void*)
                0x00000000c0010e55                int_handler
                0x00000000c0010ef0                InterruptController::InterruptController(char const*)
                0x00000000c0010ef0                InterruptController::InterruptController(char const*)
                0x00000000c0010f96                InterruptController::~InterruptController()
                0x00000000c0010f96                InterruptController::~InterruptController()
                0x00000000c0010fba                InterruptController::~InterruptController()
                0x00000000c0010fe4                displayDebugInfo(regs*)
                0x00000000c00113fb                x87EmulHandler(regs*, void*)
                0x00000000c001145e                gpFault(regs*, void*)
                0x00000000c0011497                pgFault(regs*, void*)
                0x00000000c00114ae                otherISRHandler(regs*, void*)
                0x00000000c00114cd                opcodeFault(regs*, void*)
                0x00000000c0011a86                displayProgramFault(char const*)
                0x00000000c0011aae                setupInterruptController()
                0x00000000c0011e66                InterruptController::convertLegacyIRQNumber(int)
 *fill*         0x00000000c0011eb3        0x1 
 .text          0x00000000c0011eb4      0x61c hal/keybrd.32
                0x00000000c0011eb4                startGUI(void*)
                0x00000000c0011f26                sendKeyToTerminal(unsigned char)
                0x00000000c0011f97                sendKeyboardToken(KeyboardToken)
                0x00000000c0012380                clearInternalKeybuffer(VgaText*)
                0x00000000c00123b5                readKeyboard(VgaText*, char*, unsigned long)
                0x00000000c0012446                Keyboard::Keyboard(char const*)
                0x00000000c0012446                Keyboard::Keyboard(char const*)
                0x00000000c0012482                Keyboard::~Keyboard()
                0x00000000c0012482                Keyboard::~Keyboard()
                0x00000000c00124a6                Keyboard::~Keyboard()
 .text          0x00000000c00124d0      0x400 hal/logidisk.32
                0x00000000c00124d0                LogicalDisk::close(int, int, void*)
                0x00000000c00124d4                LogicalDisk::~LogicalDisk()
                0x00000000c00124d4                LogicalDisk::~LogicalDisk()
                0x00000000c00124f8                LogicalDisk::~LogicalDisk()
                0x00000000c0012522                LogicalDisk::open(int, int, void*)
                0x00000000c0012536                LogicalDisk::absoluteToRelative(unsigned long long)
                0x00000000c001256e                LogicalDisk::relativeToAbsolute(unsigned long long)
                0x00000000c00125b4                LogicalDisk::LogicalDisk(char const*, PhysicalDisk*, unsigned long long, unsigned long long)
                0x00000000c00125b4                LogicalDisk::LogicalDisk(char const*, PhysicalDisk*, unsigned long long, unsigned long long)
                0x00000000c001266a                LogicalDisk::assignDriveLetter()
                0x00000000c0012720                LogicalDisk::mount()
                0x00000000c0012792                LogicalDisk::unmount()
                0x00000000c00127a2                LogicalDisk::unassignDriveLetter()
                0x00000000c00127f8                LogicalDisk::read(unsigned long long, int, void*)
                0x00000000c0012864                LogicalDisk::write(unsigned long long, int, void*)
 .text          0x00000000c00128d0       0x84 hal/mouse.32
                0x00000000c00128d0                Mouse::Mouse(char const*)
                0x00000000c00128d0                Mouse::Mouse(char const*)
                0x00000000c0012906                Mouse::~Mouse()
                0x00000000c0012906                Mouse::~Mouse()
                0x00000000c001292a                Mouse::~Mouse()
 .text          0x00000000c0012954      0x339 hal/partition.32
                0x00000000c0012954                makePartition(PhysicalDisk*, unsigned long long, unsigned long long)
                0x00000000c00129fc                createPartitionsForDisk(PhysicalDisk*)
 *fill*         0x00000000c0012c8d        0x1 
 .text          0x00000000c0012c8e      0x2e7 hal/timer.32
                0x00000000c0012c8e                Timer::Timer(char const*)
                0x00000000c0012c8e                Timer::Timer(char const*)
                0x00000000c0012cc4                Timer::~Timer()
                0x00000000c0012cc4                Timer::~Timer()
                0x00000000c0012ce8                Timer::~Timer()
                0x00000000c0012d12                Timer::read()
                0x00000000c0012d1d                timerHandler(unsigned long long)
                0x00000000c0012e54                setupTimer(int)
 *fill*         0x00000000c0012f75        0x1 
 .text          0x00000000c0012f76      0x2d1 hal/vcache.32
                0x00000000c0012f76                VCache::VCache(PhysicalDisk*)
                0x00000000c0012f76                VCache::VCache(PhysicalDisk*)
                0x00000000c0013066                VCache::writeWriteBuffer()
                0x00000000c00130a2                VCache::~VCache()
                0x00000000c00130a2                VCache::~VCache()
                0x00000000c00130e2                VCache::~VCache()
                0x00000000c001310a                VCache::write(unsigned long long, int, void*)
                0x00000000c00131ee                VCache::read(unsigned long long, int, void*)
 *fill*         0x00000000c0013247        0x1 
 .text          0x00000000c0013248      0x26d hal/video.32
                0x00000000c0013248                Video::putrect(int, int, int, int, unsigned int)
                0x00000000c0013292                Video::blit(unsigned int*, int, int, int, int)
                0x00000000c0013310                Video::clearScreen(unsigned int)
                0x00000000c0013344                Video::putpixel(int, int, unsigned int)
                0x00000000c0013352                Video::Video(char const*)
                0x00000000c0013352                Video::Video(char const*)
                0x00000000c0013388                Video::~Video()
                0x00000000c0013388                Video::~Video()
                0x00000000c00133ac                Video::~Video()
                0x00000000c00133d6                Video::isMonochrome()
                0x00000000c00133e2                Video::getWidth()
                0x00000000c00133ee                Video::getHeight()
                0x00000000c00133fa                Video::drawCursor(int, int, unsigned char*, int)
 *fill*         0x00000000c00134b5        0x1 
 .text          0x00000000c00134b6      0xd68 hw/acpi.32
                0x00000000c00134b6                ACPI::close(int, int, void*)
                0x00000000c001356f                findRSDP()
                0x00000000c00135f9                loadACPITables(unsigned char*)
                0x00000000c0013820                findRSDT(unsigned char*)
                0x00000000c001393e                findDataTable(unsigned char*, char*)
                0x00000000c00139da                scanMADT()
                0x00000000c0013d96                ACPI::ACPI()
                0x00000000c0013d96                ACPI::ACPI()
                0x00000000c0013df6                ACPI::getPCIIRQAssignment(unsigned char, unsigned short, unsigned char)
                0x00000000c0013ed8                ACPI::registerPCIIRQAssignment(void*, unsigned short, unsigned char, unsigned char)
                0x00000000c0013fe8                ACPI::setScreenBrightnessLevel(void*, int)
                0x00000000c0013fee                ACPI::writeSimpleBootFlag(SimpleBootFlagTable*)
                0x00000000c0014040                ACPI::open(int, int, void*)
                0x00000000c0014206                ACPI::sleep()
 .text          0x00000000c001421e     0x17ae hw/cpu.32
                0x00000000c001421e                CPU::close(int, int, void*)
                0x00000000c0014221                lookupAMDCPUName(unsigned char, unsigned char)
                0x00000000c00143c6                lookupIntelCPUName(unsigned char, unsigned char)
                0x00000000c001467f                AMD_K6_write_msr(unsigned int, unsigned int, unsigned int, REGS*)
                0x00000000c001469b                AMD_K6_read_msr(unsigned int, REGS*)
                0x00000000c00146b3                AMD_K6_writeback(int, int, int)
                0x00000000c0014726                cpuid(int, unsigned long*, unsigned long*, unsigned long*, unsigned long*)
                0x00000000c00147a9                cpuidCheckEDX(unsigned int)
                0x00000000c00147d6                cpuidCheckECX(unsigned int)
                0x00000000c0014803                cpuidCheckExtendedEBX(unsigned int)
                0x00000000c0014830                cpuidCheckExtendedECX(unsigned int)
                0x00000000c001485d                getCPUNumber()
                0x00000000c0014860                thisCPU()
                0x00000000c0014874                CPU::CPU()
                0x00000000c0014874                CPU::CPU()
                0x00000000c0014902                CPU::displayFeatures()
                0x00000000c0014b7e                CPU::detectFeatures()
                0x00000000c0015554                CPU::setupSMEP()
                0x00000000c001556e                CPU::setupUMIP()
                0x00000000c0015586                CPU::setupTSC()
                0x00000000c001559e                CPU::setupLargePages()
                0x00000000c00155b6                CPU::setupPAT()
                0x00000000c00155f2                CPU::setupMTRR()
                0x00000000c00155f4                CPU::setupGlobalPages()
                0x00000000c001560a                CPU::allowUsermodeDataAccess()
                0x00000000c001561c                CPU::prohibitUsermodeDataAccess()
                0x00000000c001562e                CPU::setupSMAP()
                0x00000000c0015654                CPU::setupFeatures()
                0x00000000c00156f6                CPU::open(int, int, void*)
                0x00000000c00157cc                CPU::decodeAddress(regs*, int*, bool*, unsigned char*)
 .text          0x00000000c00159cc        0x0 hw/ports.32
 .text          0x00000000c00159cc      0x354 krnl/panic.32
                0x00000000c00159cc                Krnl::panic(char const*)
 .text          0x00000000c0015d20      0x511 reg/registry.32
                0x00000000c0015d20                Reg::findLineFromLoadedData(char*, char*, char*)
                0x00000000c0015e87                Reg::getLineFromRegistry(char*, char*, char*, char*)
                0x00000000c0015fe6                Reg::getLine(char*, char*, char*)
                0x00000000c001601d                Reg::readInt(char*, char*, int*)
                0x00000000c0016107                Reg::readString(char*, char*, char*, int)
                0x00000000c0016188                Reg::readBool(char*, char*, bool*)
                0x00000000c00161ad                Reg::readBoolWithDefault(char*, char*, bool)
                0x00000000c00161d9                Reg::readIntWithDefault(char*, char*, int)
                0x00000000c0016205                Reg::readStringWithDefault(char*, char*, char*, int, char*)
 .text          0x00000000c0016231       0x18 sys/sc_exit.32
                0x00000000c0016231                Sys::exit(regs*)
 .text          0x00000000c0016249       0x95 sys/sc_loaddll.32
                0x00000000c0016249                Sys::loadDLL(regs*)
 .text          0x00000000c00162de       0x68 sys/sc_read.32
                0x00000000c00162de                Sys::read(regs*)
 .text          0x00000000c0016346       0x55 sys/sc_sbrk.32
                0x00000000c0016346                Sys::sbrk(regs*)
 .text          0x00000000c001639b       0x68 sys/sc_write.32
                0x00000000c001639b                Sys::write(regs*)
 .text          0x00000000c0016403       0x1a sys/sc_yield.32
                0x00000000c0016403                Sys::yield(regs*)
 .text          0x00000000c001641d      0xfe6 sys/syscalls.32
                0x00000000c001641d                sysCallGetPID(regs*)
                0x00000000c001642d                sysCallSeekDir(regs*)
                0x00000000c0016432                sysCallTellDir(regs*)
                0x00000000c0016437                sysCallVerify(regs*)
                0x00000000c0016441                sysCallFork(regs*)
                0x00000000c0016448                sysCallExecve(regs*)
                0x00000000c001644f                sysCallGetArgc(regs*)
                0x00000000c0016463                sysFormatDisk(regs*)
                0x00000000c00164c6                sysSetDiskVolumeLabel(regs*)
                0x00000000c001650e                sysGetDiskVolumeLabel(regs*)
                0x00000000c0016561                sysShutdown(regs*)
                0x00000000c00165dc                sysCallGetCwd(regs*)
                0x00000000c0016602                sysCallSetCwd(regs*)
                0x00000000c0016624                sysCallRealpath(regs*)
                0x00000000c0016671                sysCallReadDir(regs*)
                0x00000000c0016704                sysCallIsATTY(regs*)
                0x00000000c001675c                sysCallSeek(regs*)
                0x00000000c00167c2                sysCallTell(regs*)
                0x00000000c001683d                sysCallSizeFromFilename(regs*)
                0x00000000c00168eb                sysCallSize(regs*)
                0x00000000c001696c                sysCallClose(regs*)
                0x00000000c00169ef                sysCallOpenDir(regs*)
                0x00000000c0016a5a                sysCallMakeDir(regs*)
                0x00000000c0016ab5                sysCallCloseDir(regs*)
                0x00000000c0016b16                sysCallWait(regs*)
                0x00000000c0016b37                sysCallRmdir(regs*)
                0x00000000c0016b8a                sysCallUnlink(regs*)
                0x00000000c0016bdd                sysCallGetArgv(regs*)
                0x00000000c0016c29                sysCallTTYName(regs*)
                0x00000000c0016caa                sysCallGetEnv(regs*)
                0x00000000c0016d01                sysCallUSleep(regs*)
                0x00000000c0016d43                sysCallSpawn(regs*)
                0x00000000c0016da2                sysAppSettings(regs*)
                0x00000000c0016ec7                sysSetFatAttrib(regs*)
                0x00000000c0016f2a                sysPanic(regs*)
                0x00000000c0016f51                sysPipe(regs*)
                0x00000000c0016f96                sysGetUnixTime(regs*)
                0x00000000c0016faa                string_ends_with(char const*, char const*)
                0x00000000c0016ff4                sysCallOpen(regs*)
                0x00000000c0017208                setupSystemCalls()
                0x00000000c00173c1                systemCall(regs*, void*)
 .text          0x00000000c0017403     0x11c1 thr/elf.32
                0x00000000c0017403                Thr::allocateMemoryForTask(Process*, File*, unsigned long, unsigned long, unsigned long)
                0x00000000c001767a                Thr::loadProgramIntoMemory(Process*, char const*)
                0x00000000c0017890                Thr::runtimeReferenceHelper()
                0x00000000c00178a3                Thr::getAddressOfKernelSymbol(char const*)
                0x00000000c00178f2                Thr::loadKernelSymbolTable(char const*)
                0x00000000c0017bb3                Thr::loadDriverIntoMemory(char const*, unsigned long, bool)
                0x00000000c0018351                Thr::getDriverBaseFromAddress(unsigned long)
                0x00000000c0018383                Thr::getDriverNameFromAddress(unsigned long)
                0x00000000c00183ba                Thr::getDriverOffsetFromAddress(unsigned long)
                0x00000000c00183d4                Thr::loadDLL(char const*, bool)
                0x00000000c001859a                Thr::executeDLL(unsigned long, void*)
 .text          0x00000000c00185c4     0x1002 thr/prcssthr.32
                0x00000000c00185c4                changeTSS
                0x00000000c00185f2                Process::addArgs(char**)
                0x00000000c0018654                Process::Process(char const*, Process*, char**)
                0x00000000c0018654                Process::Process(char const*, Process*, char**)
                0x00000000c0018810                Process::Process(bool, char const*, Process*, char**)
                0x00000000c0018810                Process::Process(bool, char const*, Process*, char**)
                0x00000000c0018997                disableIRQs()
                0x00000000c00189a4                getIRQNestingLevel()
                0x00000000c00189aa                enableIRQs()
                0x00000000c00189b9                lockScheduler()
                0x00000000c00189bb                unlockScheduler()
                0x00000000c00189bd                userModeEntryPoint(void*)
                0x00000000c00189e0                lockStuff()
                0x00000000c00189f1                taskStartupFunction
                0x00000000c00189fa                updateTimeUsed()
                0x00000000c0018a58                switchToThread(ThreadControlBlock*)
                0x00000000c0018aae                Semaphore::Semaphore(int)
                0x00000000c0018aae                Semaphore::Semaphore(int)
                0x00000000c0018adc                Mutex::Mutex()
                0x00000000c0018adc                Mutex::Mutex()
                0x00000000c0018aee                Process::createThread(void (*)(void*), void*, int)
                0x00000000c0018bd0                Process::createUserThread()
                0x00000000c0018bed                setupMultitasking(void (*)())
                0x00000000c0018d02                schedule()
                0x00000000c0018d87                unlockStuff()
                0x00000000c0018dbc                Semaphore::tryAcquire()
                0x00000000c0018dea                Semaphore::assertLocked(char const*)
                0x00000000c0018e1a                blockTaskWithSchedulerLockAlreadyHeld(TaskState)
                0x00000000c0018e5b                blockTask(TaskState)
                0x00000000c0018e7c                waitTask(int, int*, int)
                0x00000000c0018ebe                nanoSleepUntil(unsigned long long)
                0x00000000c0018f17                nanoSleep(unsigned long long)
                0x00000000c0018f2c                sleep(unsigned long long)
                0x00000000c0018f4a                Semaphore::acquire()
                0x00000000c0018faf                taskReturned
                0x00000000c0018fdd                unblockTask(ThreadControlBlock*)
                0x00000000c001908a                cleanupTerminatedTask(ThreadControlBlock*)
                0x00000000c0019333                cleanerTaskFunction(void*)
                0x00000000c00193e6                terminateTask(int)
                0x00000000c00194c8                Thr::terminateFromIRQ(int)
                0x00000000c00194d6                Semaphore::release()
 .text          0x00000000c00195c6      0x8bf vm86/vm8086.32
                0x00000000c00195c6                Vm::vm8086EntryPoint(void*)
                0x00000000c00195f1                Vm::inbv(unsigned short)
                0x00000000c00195f7                Vm::outbv(unsigned short, unsigned char)
                0x00000000c0019601                Vm::realToLinear(unsigned short, unsigned short)
                0x00000000c0019611                Vm::getSegment(unsigned int)
                0x00000000c0019619                Vm::getOffset(unsigned int)
                0x00000000c001961e                Vm::loadFileAsThread(Process*, char const*, unsigned short, unsigned short, unsigned short, unsigned short)
                0x00000000c001974d                Vm::doISR(regs*, int, unsigned char*, unsigned short, unsigned short)
                0x00000000c00197d7                Vm::readByteFromReal(unsigned short, unsigned short)
                0x00000000c00197e8                Vm::readWordFromReal(unsigned short, unsigned short)
                0x00000000c00197fa                Vm::readDwordFromReal(unsigned short, unsigned short)
                0x00000000c001980b                Vm::writeByteFromReal(unsigned short, unsigned short, unsigned char)
                0x00000000c0019820                Vm::writeWordFromReal(unsigned short, unsigned short, unsigned short)
                0x00000000c0019836                Vm::writeDwordFromReal(unsigned short, unsigned short, unsigned int)
                0x00000000c001984b                Vm::faultHandler(regs*)
 *fill*         0x00000000c0019e85        0x1 
 .text          0x00000000c0019e86     0x112f fs/fat/vfslink.32
                0x00000000c0019e86                FAT::getName()
                0x00000000c0019e8c                FAT::tell(void*, unsigned long long*)
                0x00000000c0019ec0                FAT::stat(void*, unsigned long long*)
                0x00000000c0019ef4                FAT::~FAT()
                0x00000000c0019ef4                FAT::~FAT()
                0x00000000c0019f18                FAT::~FAT()
                0x00000000c0019f40                FAT::getlabel(LogicalDisk*, int, char*, unsigned int*)
                0x00000000c0019fde                FAT::setlabel(LogicalDisk*, int, char*)
                0x00000000c001a098                FAT::format(LogicalDisk*, int, char const*, int)
                0x00000000c001a27c                FAT::tryMount(LogicalDisk*, int)
                0x00000000c001a482                FAT::readDir(void*, unsigned long, void*, int*)
                0x00000000c001a58a                FAT::read(void*, unsigned long, void*, int*)
                0x00000000c001a5e4                FAT::write(void*, unsigned long, void*, int*)
                0x00000000c001a63e                FAT::close(void*)
                0x00000000c001a68a                FAT::closeDir(void*)
                0x00000000c001a6d6                FAT::seek(void*, unsigned long long)
                0x00000000c001a72a                fatWrapperReadDisk
                0x00000000c001a775                fatWrapperWriteDisk
                0x00000000c001a7c0                fatWrapperIoctl
                0x00000000c001a8d0                FAT::FAT()
                0x00000000c001a8d0                FAT::FAT()
                0x00000000c001a922                FAT::fixFilepath(char*)
                0x00000000c001a95a                FAT::open(char const*, void**, FileOpenMode)
                0x00000000c001aa86                FAT::openDir(char const*, void**)
                0x00000000c001ab2c                FAT::stat(char const*, unsigned long long*, bool*)
                0x00000000c001ac18                FAT::unlink(char const*)
                0x00000000c001ac92                FAT::chfatattr(char const*, unsigned char, unsigned char)
                0x00000000c001ae0c                FAT::rename(char const*, char const*)
                0x00000000c001aed0                FAT::mkdir(char const*)
                0x00000000c001af4a                FAT::exists(char const*)
 *fill*         0x00000000c001afb5        0x1 
 .text          0x00000000c001afb6      0xbdd fs/iso9660/vfslink.32
                0x00000000c001afb6                ISO9660::format(LogicalDisk*, int, char const*, int)
                0x00000000c001afbc                ISO9660::seek(void*, unsigned long long)
                0x00000000c001afec                ISO9660::tell(void*, unsigned long long*)
                0x00000000c001b010                ISO9660::getName()
                0x00000000c001b016                ISO9660::stat(void*, unsigned long long*)
                0x00000000c001b03a                ISO9660::chfatattr(char const*, unsigned char, unsigned char)
                0x00000000c001b040                ISO9660::unlink(char const*)
                0x00000000c001b046                ISO9660::write(void*, unsigned long, void*, int*)
                0x00000000c001b04c                ISO9660::rename(char const*, char const*)
                0x00000000c001b052                ISO9660::mkdir(char const*)
                0x00000000c001b058                ISO9660::close(void*)
                0x00000000c001b07a                ISO9660::closeDir(void*)
                0x00000000c001b09c                ISO9660::~ISO9660()
                0x00000000c001b09c                ISO9660::~ISO9660()
                0x00000000c001b0c0                ISO9660::~ISO9660()
                0x00000000c001b0e7                __memmem(unsigned char*, int, unsigned char*, int)
                0x00000000c001b129                readSectorFromCDROM(unsigned int, unsigned char*, char)
                0x00000000c001b190                ISO9660::tryMount(LogicalDisk*, int)
                0x00000000c001b1e0                ISO9660::read(void*, unsigned long, void*, int*)
                0x00000000c001b424                ISO9660::readDir(void*, unsigned long, void*, int*)
                0x00000000c001b6af                readRoot(unsigned int*, unsigned int*, char)
                0x00000000c001b704                readRecursively(char*, unsigned int, unsigned int, unsigned int*, unsigned int*, char, int*)
                0x00000000c001b8d7                getFileData(char*, unsigned int*, unsigned int*, char, int*)
                0x00000000c001b966                ISO9660::open(char const*, void**, FileOpenMode)
                0x00000000c001ba00                ISO9660::exists(char const*)
                0x00000000c001ba24                ISO9660::stat(char const*, unsigned long long*, bool*)
                0x00000000c001bab8                ISO9660::openDir(char const*, void**)
                0x00000000c001bb70                ISO9660::ISO9660()
                0x00000000c001bb70                ISO9660::ISO9660()
 *fill*         0x00000000c001bb93        0x1 
 .text          0x00000000c001bb94      0x248 hal/sound/sndchannel.32
                0x00000000c001bb94                SoundChannel::~SoundChannel()
                0x00000000c001bb94                SoundChannel::~SoundChannel()
                0x00000000c001bbb0                SoundChannel::setSpeed(float)
                0x00000000c001bbbc                SoundChannel::getSpeed()
                0x00000000c001bbc4                SoundChannel::setVolume(int)
                0x00000000c001bbe0                SoundChannel::getVolume()
                0x00000000c001bbe8                SoundChannel::pause()
                0x00000000c001bbf2                SoundChannel::SoundChannel(int, int, int, int)
                0x00000000c001bbf2                SoundChannel::SoundChannel(int, int, int, int)
                0x00000000c001bcec                SoundChannel::play()
                0x00000000c001bcf6                SoundChannel::paused()
                0x00000000c001bcfe                SoundChannel::getSampleRate()
                0x00000000c001bd06                SoundChannel::getBits()
                0x00000000c001bd0e                SoundChannel::getBufferUsed()
                0x00000000c001bd16                SoundChannel::getBufferSize()
                0x00000000c001bd1e                SoundChannel::unbuffer(float*, int, int)
                0x00000000c001bd90                SoundChannel::buffer8(unsigned char*, int)
 .text          0x00000000c001bddc      0x30f hal/sound/sndhw.32
                0x00000000c001bddc                SoundDevice::SoundDevice(char const*)
                0x00000000c001bddc                SoundDevice::SoundDevice(char const*)
                0x00000000c001be48                SoundDevice::~SoundDevice()
                0x00000000c001be48                SoundDevice::~SoundDevice()
                0x00000000c001bec2                SoundDevice::~SoundDevice()
                0x00000000c001beec                SoundDevice::getFreeChannelNum()
                0x00000000c001bf06                SoundDevice::addChannel(SoundChannel*)
                0x00000000c001bf76                SoundDevice::removeChannel(int)
                0x00000000c001bfa8                SoundDevice::floatTo8(float*, unsigned char*, int)
                0x00000000c001c014                SoundDevice::getAudio(int, float*, float*)
 .text          0x00000000c001c0eb        0x0 hw/bus/isa.32
 *fill*         0x00000000c001c0eb        0x1 
 .text          0x00000000c001c0ec      0x6c1 hw/bus/pci.32
                0x00000000c001c0ec                PCI::open(int, int, void*)
                0x00000000c001c100                PCI::close(int, int, void*)
                0x00000000c001c104                PCI::PCI()
                0x00000000c001c104                PCI::PCI()
                0x00000000c001c184                PCI::pciReadWord(unsigned char, unsigned char, unsigned char, unsigned char)
                0x00000000c001c1cc                PCI::getVendorID(unsigned char, unsigned char, unsigned char)
                0x00000000c001c1ee                PCI::getHeaderType(unsigned char, unsigned char, unsigned char)
                0x00000000c001c212                PCI::getClassCode(unsigned char, unsigned char, unsigned char)
                0x00000000c001c256                PCI::getProgIF(unsigned char, unsigned char, unsigned char)
                0x00000000c001c27a                PCI::getRevisionID(unsigned char, unsigned char, unsigned char)
                0x00000000c001c29c                PCI::getInterruptNumber(unsigned char, unsigned char, unsigned char)
                0x00000000c001c2be                PCI::getSecondaryBus(unsigned char, unsigned char, unsigned char)
                0x00000000c001c2e2                PCI::getBARAddress(unsigned char, unsigned char, unsigned char, unsigned char)
                0x00000000c001c342                PCI::pciWriteWord(unsigned char, unsigned char, unsigned char, unsigned char, unsigned short)
                0x00000000c001c3ae                PCI::checkBus(unsigned char)
                0x00000000c001c3d2                PCI::foundDevice(PCIDeviceInfo)
                0x00000000c001c542                PCI::getDeviceData(unsigned char, unsigned char, unsigned char)
                0x00000000c001c6ee                PCI::checkDevice(unsigned char, unsigned char)
                0x00000000c001c75a                PCI::detect()
 *fill*         0x00000000c001c7ad        0x1 
 .text          0x00000000c001c7ae      0xc84 hw/diskctrl/ide.32
                0x00000000c001c7ae                IDE::close(int, int, void*)
                0x00000000c001c7b2                IDE::IDE()
                0x00000000c001c7b2                IDE::IDE()
                0x00000000c001c7e6                IDE::prepareInterrupt(unsigned char)
                0x00000000c001c7f8                selectDrive(unsigned char, unsigned char)
                0x00000000c001c7fa                IDE::getBase(unsigned char)
                0x00000000c001c80c                IDE::write(unsigned char, unsigned char, unsigned char)
                0x00000000c001c8cc                IDE::read(unsigned char, unsigned char)
                0x00000000c001c97a                IDE::waitInterrupt(unsigned char)
                0x00000000c001c9e6                ideChannel0IRQHandler(regs*, void*)
                0x00000000c001ca02                ideChannel1IRQHandler(regs*, void*)
                0x00000000c001ca1e                IDE::enableIRQs(unsigned char, bool)
                0x00000000c001ca64                IDE::open(int, int, void*)
                0x00000000c001ce76                IDE::readBuffer(unsigned char, unsigned char, unsigned int, unsigned int)
                0x00000000c001cf42                IDE::detect()
                0x00000000c001d22c                IDE::printError(unsigned char, unsigned char, unsigned char)
                0x00000000c001d3c2                IDE::polling(unsigned char, unsigned int)
 .text          0x00000000c001d432      0x64f hw/diskphys/ata.32
                0x00000000c001d432                ATA::close(int, int, void*)
                0x00000000c001d456                ATA::powerSaving(PowerSavingLevel)
                0x00000000c001d458                ATA::ATA()
                0x00000000c001d458                ATA::ATA()
                0x00000000c001d486                ATA::flush(bool)
                0x00000000c001d4d0                ATA::readyForCommand()
                0x00000000c001d520                ATA::access(unsigned long long, int, void*, bool)
                0x00000000c001d8c2                ATA::read(unsigned long long, int, void*)
                0x00000000c001d92a                ATA::write(unsigned long long, int, void*)
                0x00000000c001d992                ATA::detectCHS()
                0x00000000c001d9bc                ATA::open(int, int, void*)
 *fill*         0x00000000c001da81        0x1 
 .text          0x00000000c001da82      0x5ae hw/diskphys/atapi.32
                0x00000000c001da82                ATAPI::write(unsigned long long, int, void*)
                0x00000000c001da88                ATAPI::close(int, int, void*)
                0x00000000c001daac                ATAPI::ATAPI()
                0x00000000c001daac                ATAPI::ATAPI()
                0x00000000c001dada                ATAPI::readyForCommand()
                0x00000000c001db2a                ATAPI::sendPacket(unsigned char*, int, bool, unsigned short*, int)
                0x00000000c001ddea                ATAPI::diskRemoved()
                0x00000000c001de06                ATAPI::eject()
                0x00000000c001de4c                ATAPI::diskInserted()
                0x00000000c001de7a                ATAPI::detectMedia()
                0x00000000c001df36                ATAPI::open(int, int, void*)
                0x00000000c001dfb6                ATAPI::read(unsigned long long, int, void*)
 .text          0x00000000c001e030       0x8e hw/fpu/avx.32
                0x00000000c001e030                AVX::open(int, int, void*)
                0x00000000c001e042                AVX::close(int, int, void*)
                0x00000000c001e054                AVX::available()
                0x00000000c001e066                AVX::save(void*)
                0x00000000c001e07e                AVX::load(void*)
                0x00000000c001e096                AVX::AVX()
                0x00000000c001e096                AVX::AVX()
 .text          0x00000000c001e0be       0x90 hw/fpu/mmx.32
                0x00000000c001e0be                MMX::available()
                0x00000000c001e0d2                MMX::open(int, int, void*)
                0x00000000c001e0e4                MMX::close(int, int, void*)
                0x00000000c001e0f6                MMX::save(void*)
                0x00000000c001e10e                MMX::load(void*)
                0x00000000c001e126                MMX::MMX()
                0x00000000c001e126                MMX::MMX()
 .text          0x00000000c001e14e       0x96 hw/fpu/sse.32
                0x00000000c001e14e                SSE::open(int, int, void*)
                0x00000000c001e160                SSE::close(int, int, void*)
                0x00000000c001e172                SSE::available()
                0x00000000c001e18c                SSE::save(void*)
                0x00000000c001e1a4                SSE::load(void*)
                0x00000000c001e1bc                SSE::SSE()
                0x00000000c001e1bc                SSE::SSE()
 .text          0x00000000c001e1e4       0x8e hw/fpu/x87.32
                0x00000000c001e1e4                x87::open(int, int, void*)
                0x00000000c001e1f6                x87::close(int, int, void*)
                0x00000000c001e208                x87::available()
                0x00000000c001e21a                x87::save(void*)
                0x00000000c001e232                x87::load(void*)
                0x00000000c001e24a                x87::x87()
                0x00000000c001e24a                x87::x87()
 .text          0x00000000c001e272      0x63b hw/intctrl/apic.32
                0x00000000c001e272                APIC::disable()
                0x00000000c001e274                APIC::close(int, int, void*)
                0x00000000c001e296                IOAPIC::close(int, int, void*)
                0x00000000c001e29c                APIC::io_wait()
                0x00000000c001e2a2                APIC::getBase()
                0x00000000c001e2e4                APIC::eoi(unsigned char)
                0x00000000c001e312                APIC::open(int, int, void*)
                0x00000000c001e3dc                IOAPIC::IOAPIC()
                0x00000000c001e3dc                IOAPIC::IOAPIC()
                0x00000000c001e404                APIC::APIC()
                0x00000000c001e404                APIC::APIC()
                0x00000000c001e4e0                IOAPIC::handlesGSIWithNumber(unsigned int)
                0x00000000c001e512                IOAPIC::read(int)
                0x00000000c001e53a                IOAPIC::open(int, int, void*)
                0x00000000c001e642                IOAPIC::write(int, int)
                0x00000000c001e66e                IOAPIC::redirect(unsigned char, unsigned long long, unsigned char)
                0x00000000c001e734                APIC::installIRQHandler(int, void (*)(regs*, void*), bool, void*)
 *fill*         0x00000000c001e8ad        0x1 
 .text          0x00000000c001e8ae      0x3f3 hw/intctrl/pic.32
                0x00000000c001e8ae                PIC::disable()
                0x00000000c001e8dc                PIC::close(int, int, void*)
                0x00000000c001e8fe                PIC::PIC()
                0x00000000c001e8fe                PIC::PIC()
                0x00000000c001e9da                PIC::ioWait()
                0x00000000c001e9e0                PIC::getIRQReg(int)
                0x00000000c001ea52                PIC::eoi(unsigned char)
                0x00000000c001eaea                PIC::remap()
                0x00000000c001ec62                PIC::open(int, int, void*)
 *fill*         0x00000000c001eca1        0x1 
 .text          0x00000000c001eca2      0x264 hw/timer/apictimer.32
                0x00000000c001eca2                APICTimer::close(int, int, void*)
                0x00000000c001eca8                apicTimerHandler(regs*, void*)
                0x00000000c001ecda                APICTimer::write(int)
                0x00000000c001edd8                APICTimer::open(int, int, void*)
                0x00000000c001eede                APICTimer::APICTimer()
                0x00000000c001eede                APICTimer::APICTimer()
 .text          0x00000000c001ef06      0x1b6 hw/timer/pit.32
                0x00000000c001ef06                PIT::write(int)
                0x00000000c001ef8c                pitHandler(regs*, void*)
                0x00000000c001efbc                PIT::open(int, int, void*)
                0x00000000c001f00a                PIT::close(int, int, void*)
                0x00000000c001f03a                PIT::PIT()
                0x00000000c001f03a                PIT::PIT()
 *fill*         0x00000000c001f0bc        0x4 
 .text          0x00000000c001f0c0        0xa hw/fpu/x86/avx.32
                0x00000000c001f0c0                avxDetect
                0x00000000c001f0c6                avxSave
                0x00000000c001f0c7                avxLoad
                0x00000000c001f0c8                avxInit
                0x00000000c001f0c9                avxClose
 *fill*         0x00000000c001f0ca        0x6 
 .text          0x00000000c001f0d0       0x38 hw/fpu/x86/sse.32
                0x00000000c001f0d0                sseDetect
                0x00000000c001f0eb                sseSave
                0x00000000c001f0f1                sseLoad
                0x00000000c001f0f7                sseInit
                0x00000000c001f107                sseClose
 *fill*         0x00000000c001f108        0x8 
 .text          0x00000000c001f110       0x47 hw/fpu/x86/x87.32
                0x00000000c001f116                x87Detect
                0x00000000c001f131                x87Save
                0x00000000c001f137                x87Load
                0x00000000c001f13c                x87Init
                0x00000000c001f156                x87Close
 *fill*         0x00000000c001f157        0x1 
 .text          0x00000000c001f158       0x25 /cygdrive/d/Users/Alex/Desktop/Toolchain/Output/bin/../lib/gcc/i386-banana/8.1.0/crtend.o
 .text          0x00000000c001f17d        0x0 crtn.32
 *fill*         0x00000000c001f17d        0x3 
 .text          0x00000000c001f180      0x14b /cygdrive/d/Users/Alex/Desktop/Toolchain/Output/bin/../lib/gcc/i386-banana/8.1.0/libgcc.a(_divdi3.o)
                0x00000000c001f180                __divdi3
 *fill*         0x00000000c001f2cb        0x1 
 .text          0x00000000c001f2cc      0x17e /cygdrive/d/Users/Alex/Desktop/Toolchain/Output/bin/../lib/gcc/i386-banana/8.1.0/libgcc.a(_moddi3.o)
                0x00000000c001f2cc                __moddi3
 *fill*         0x00000000c001f44a        0x2 
 .text          0x00000000c001f44c       0xff /cygdrive/d/Users/Alex/Desktop/Toolchain/Output/bin/../lib/gcc/i386-banana/8.1.0/libgcc.a(_udivdi3.o)
                0x00000000c001f44c                __udivdi3
 *fill*         0x00000000c001f54b        0x1 
 .text          0x00000000c001f54c      0x11a /cygdrive/d/Users/Alex/Desktop/Toolchain/Output/bin/../lib/gcc/i386-banana/8.1.0/libgcc.a(_umoddi3.o)
                0x00000000c001f54c                __umoddi3
 *fill*         0x00000000c001f666        0xa 
 .text          0x00000000c001f670       0x1e D:/Users/Alex/Desktop/Banana/kernel/libk/libm32.a(s_fabs.c.o)
                0x00000000c001f670                fabs
 *fill*         0x00000000c001f68e        0x2 
 .text          0x00000000c001f690        0xc D:/Users/Alex/Desktop/Banana/kernel/libk/libm32.a(s_lrint.S.o)
                0x00000000c001f690                lrint
 .text          0x00000000c001f69c        0xc D:/Users/Alex/Desktop/Banana/kernel/libk/libm32.a(s_lrintf.S.o)
                0x00000000c001f69c                lrintf
 *(.gnu.linkonce.t*)

.iplt           0x00000000c001f6a8        0x0
 .iplt          0x00000000c001f6a8        0x0 D:/Users/Alex/Desktop/Banana/kernel/boot.32

.init           0x00000000c001f6a8        0xf
 .init          0x00000000c001f6a8        0x3 crti.32
                0x00000000c001f6a8                _init
 .init          0x00000000c001f6ab        0x5 /cygdrive/d/Users/Alex/Desktop/Toolchain/Output/bin/../lib/gcc/i386-banana/8.1.0/crtbegin.o
 .init          0x00000000c001f6b0        0x5 /cygdrive/d/Users/Alex/Desktop/Toolchain/Output/bin/../lib/gcc/i386-banana/8.1.0/crtend.o
 .init          0x00000000c001f6b5        0x2 crtn.32

.fini           0x00000000c001f6b7        0xa
 .fini          0x00000000c001f6b7        0x3 crti.32
                0x00000000c001f6b7                _fini
 .fini          0x00000000c001f6ba        0x5 /cygdrive/d/Users/Alex/Desktop/Toolchain/Output/bin/../lib/gcc/i386-banana/8.1.0/crtbegin.o
 .fini          0x00000000c001f6bf        0x2 crtn.32

.text._ZN8ComputerD2Ev
                0x00000000c001f6c2       0x23
 .text._ZN8ComputerD2Ev
                0x00000000c001f6c2       0x23 core/computer.32
                0x00000000c001f6c2                Computer::~Computer()
                0x00000000c001f6c2                Computer::~Computer()

.text._ZN8ComputerD0Ev
                0x00000000c001f6e6       0x2a
 .text._ZN8ComputerD0Ev
                0x00000000c001f6e6       0x2a core/computer.32
                0x00000000c001f6e6                Computer::~Computer()

.text._Z10idleCommonv
                0x00000000c001f710       0x15
 .text._Z10idleCommonv
                0x00000000c001f710       0x15 core/idle.32
                0x00000000c001f710                idleCommon()

.text._ZN3CPU7readCR3Ev
                0x00000000c001f725       0x12
 .text._ZN3CPU7readCR3Ev
                0x00000000c001f725       0x12 core/kheap.32
                0x00000000c001f725                CPU::readCR3()

.text._ZN3CPU8writeCR3Em
                0x00000000c001f737        0x9
 .text._ZN3CPU8writeCR3Em
                0x00000000c001f737        0x9 core/kheap.32
                0x00000000c001f737                CPU::writeCR3(unsigned long)

.text._ZN10LinkedListI8UnixFileED2Ev
                0x00000000c001f740        0x2
 .text._ZN10LinkedListI8UnixFileED2Ev
                0x00000000c001f740        0x2 core/unixfile.32
                0x00000000c001f740                LinkedList<UnixFile>::~LinkedList()
                0x00000000c001f740                LinkedList<UnixFile>::~LinkedList()

.text._ZN10LinkedListI8UnixFileEC2Ev
                0x00000000c001f742       0x58
 .text._ZN10LinkedListI8UnixFileEC2Ev
                0x00000000c001f742       0x58 core/unixfile.32
                0x00000000c001f742                LinkedList<UnixFile>::LinkedList()
                0x00000000c001f742                LinkedList<UnixFile>::LinkedList()

.text._ZN10LinkedListI8UnixFileE10addElementEPS0_
                0x00000000c001f79a       0xd3
 .text._ZN10LinkedListI8UnixFileE10addElementEPS0_
                0x00000000c001f79a       0xd3 core/unixfile.32
                0x00000000c001f79a                LinkedList<UnixFile>::addElement(UnixFile*)

.text._ZN10LinkedListI8UnixFileE15getFirstElementEv
                0x00000000c001f86e        0x7
 .text._ZN10LinkedListI8UnixFileE15getFirstElementEv
                0x00000000c001f86e        0x7 core/unixfile.32
                0x00000000c001f86e                LinkedList<UnixFile>::getFirstElement()

.text._ZN10LinkedListI8UnixFileE11removeFirstEv
                0x00000000c001f876       0xa1
 .text._ZN10LinkedListI8UnixFileE11removeFirstEv
                0x00000000c001f876       0xa1 core/unixfile.32
                0x00000000c001f876                LinkedList<UnixFile>::removeFirst()

.text._ZN10LinkedListI8UnixFileE7getNextEPS0_
                0x00000000c001f918        0x8
 .text._ZN10LinkedListI8UnixFileE7getNextEPS0_
                0x00000000c001f918        0x8 core/unixfile.32
                0x00000000c001f918                LinkedList<UnixFile>::getNext(UnixFile*)

.text._ZN16DriverlessDeviceD2Ev
                0x00000000c001f920       0x1a
 .text._ZN16DriverlessDeviceD2Ev
                0x00000000c001f920       0x1a hal/device.32
                0x00000000c001f920                DriverlessDevice::~DriverlessDevice()
                0x00000000c001f920                DriverlessDevice::~DriverlessDevice()

.text._ZN16DriverlessDeviceD0Ev
                0x00000000c001f93a       0x2a
 .text._ZN16DriverlessDeviceD0Ev
                0x00000000c001f93a       0x2a hal/device.32
                0x00000000c001f93a                DriverlessDevice::~DriverlessDevice()

.text._ZN10LinkedListI6DeviceE10addElementEPS0_
                0x00000000c001f964       0xdc
 .text._ZN10LinkedListI6DeviceE10addElementEPS0_
                0x00000000c001f964       0xdc hal/device.32
                0x00000000c001f964                LinkedList<Device>::addElement(Device*)

.text._ZN10LinkedListI6DeviceEC2Ev
                0x00000000c001fa40       0x58
 .text._ZN10LinkedListI6DeviceEC2Ev
                0x00000000c001fa40       0x58 hal/device.32
                0x00000000c001fa40                LinkedList<Device>::LinkedList()
                0x00000000c001fa40                LinkedList<Device>::LinkedList()

.text._ZN3CPU7readCR0Ev
                0x00000000c001fa98       0x12
 .text._ZN3CPU7readCR0Ev
                0x00000000c001fa98       0x12 hal/fpu.32
                0x00000000c001fa98                CPU::readCR0()

.text._ZN3CPU8writeCR0Em
                0x00000000c001faaa        0x9
 .text._ZN3CPU8writeCR0Em
                0x00000000c001faaa        0x9 hal/fpu.32
                0x00000000c001faaa                CPU::writeCR0(unsigned long)

.text._ZN3CPU7readDR0Ev
                0x00000000c001fab3       0x12
 .text._ZN3CPU7readDR0Ev
                0x00000000c001fab3       0x12 hal/intctrl.32
                0x00000000c001fab3                CPU::readDR0()

.text._ZN3CPU7readDR1Ev
                0x00000000c001fac5       0x12
 .text._ZN3CPU7readDR1Ev
                0x00000000c001fac5       0x12 hal/intctrl.32
                0x00000000c001fac5                CPU::readDR1()

.text._ZN3CPU7readDR2Ev
                0x00000000c001fad7       0x12
 .text._ZN3CPU7readDR2Ev
                0x00000000c001fad7       0x12 hal/intctrl.32
                0x00000000c001fad7                CPU::readDR2()

.text._ZN3CPU7readDR3Ev
                0x00000000c001fae9       0x12
 .text._ZN3CPU7readDR3Ev
                0x00000000c001fae9       0x12 hal/intctrl.32
                0x00000000c001fae9                CPU::readDR3()

.text._ZN3CPU7readDR6Ev
                0x00000000c001fafb       0x12
 .text._ZN3CPU7readDR6Ev
                0x00000000c001fafb       0x12 hal/intctrl.32
                0x00000000c001fafb                CPU::readDR6()

.text._ZN3CPU7readDR7Ev
                0x00000000c001fb0d       0x12
 .text._ZN3CPU7readDR7Ev
                0x00000000c001fb0d       0x12 hal/intctrl.32
                0x00000000c001fb0d                CPU::readDR7()

.text._ZN10LinkedListIV18ThreadControlBlockE15getFirstElementEv
                0x00000000c001fb20        0x7
 .text._ZN10LinkedListIV18ThreadControlBlockE15getFirstElementEv
                0x00000000c001fb20        0x7 hal/timer.32
                0x00000000c001fb20                LinkedList<ThreadControlBlock volatile>::getFirstElement()

.text._ZN10LinkedListIV18ThreadControlBlockE7isEmptyEv
                0x00000000c001fb28       0x1c
 .text._ZN10LinkedListIV18ThreadControlBlockE7isEmptyEv
                0x00000000c001fb28       0x1c hal/timer.32
                0x00000000c001fb28                LinkedList<ThreadControlBlock volatile>::isEmpty()

.text._ZN10LinkedListIV18ThreadControlBlockE11removeFirstEv
                0x00000000c001fb44       0xae
 .text._ZN10LinkedListIV18ThreadControlBlockE11removeFirstEv
                0x00000000c001fb44       0xae hal/timer.32
                0x00000000c001fb44                LinkedList<ThreadControlBlock volatile>::removeFirst()

.text._ZN10LinkedListIV18ThreadControlBlockE10addElementEPS1_
                0x00000000c001fbf2       0xd3
 .text._ZN10LinkedListIV18ThreadControlBlockE10addElementEPS1_
                0x00000000c001fbf2       0xd3 hal/timer.32
                0x00000000c001fbf2                LinkedList<ThreadControlBlock volatile>::addElement(ThreadControlBlock volatile*)

.text._ZN4ACPID2Ev
                0x00000000c001fcc6       0x23
 .text._ZN4ACPID2Ev
                0x00000000c001fcc6       0x23 hw/acpi.32
                0x00000000c001fcc6                ACPI::~ACPI()
                0x00000000c001fcc6                ACPI::~ACPI()

.text._ZN4ACPID0Ev
                0x00000000c001fcea       0x2a
 .text._ZN4ACPID0Ev
                0x00000000c001fcea       0x2a hw/acpi.32
                0x00000000c001fcea                ACPI::~ACPI()

.text._ZN3CPUD2Ev
                0x00000000c001fd14       0x23
 .text._ZN3CPUD2Ev
                0x00000000c001fd14       0x23 hw/cpu.32
                0x00000000c001fd14                CPU::~CPU()
                0x00000000c001fd14                CPU::~CPU()

.text._ZN3CPUD0Ev
                0x00000000c001fd38       0x2a
 .text._ZN3CPUD0Ev
                0x00000000c001fd38       0x2a hw/cpu.32
                0x00000000c001fd38                CPU::~CPU()

.text._ZN3CPU7readCR4Ev
                0x00000000c001fd62       0x12
 .text._ZN3CPU7readCR4Ev
                0x00000000c001fd62       0x12 hw/cpu.32
                0x00000000c001fd62                CPU::readCR4()

.text._ZN3CPU8writeDR7Em
                0x00000000c001fd74        0x9
 .text._ZN3CPU8writeDR7Em
                0x00000000c001fd74        0x9 hw/cpu.32
                0x00000000c001fd74                CPU::writeDR7(unsigned long)

.text._ZN3CPU8writeCR4Em
                0x00000000c001fd7d        0x9
 .text._ZN3CPU8writeCR4Em
                0x00000000c001fd7d        0x9 hw/cpu.32
                0x00000000c001fd7d                CPU::writeCR4(unsigned long)

.text._ZN3CPU7readCR2Ev
                0x00000000c001fd86       0x12
 .text._ZN3CPU7readCR2Ev
                0x00000000c001fd86       0x12 krnl/panic.32
                0x00000000c001fd86                CPU::readCR2()

.text._ZN10LinkedListIV18ThreadControlBlockED2Ev
                0x00000000c001fd98        0x2
 .text._ZN10LinkedListIV18ThreadControlBlockED2Ev
                0x00000000c001fd98        0x2 thr/prcssthr.32
                0x00000000c001fd98                LinkedList<ThreadControlBlock volatile>::~LinkedList()
                0x00000000c001fd98                LinkedList<ThreadControlBlock volatile>::~LinkedList()

.text._ZN18ThreadControlBlockC2Ev
                0x00000000c001fd9a       0x3e
 .text._ZN18ThreadControlBlockC2Ev
                0x00000000c001fd9a       0x3e thr/prcssthr.32
                0x00000000c001fd9a                ThreadControlBlock::ThreadControlBlock()
                0x00000000c001fd9a                ThreadControlBlock::ThreadControlBlock()

.text._ZN10LinkedListIV18ThreadControlBlockEC2Ev
                0x00000000c001fdd8       0x58
 .text._ZN10LinkedListIV18ThreadControlBlockEC2Ev
                0x00000000c001fdd8       0x58 thr/prcssthr.32
                0x00000000c001fdd8                LinkedList<ThreadControlBlock volatile>::LinkedList()
                0x00000000c001fdd8                LinkedList<ThreadControlBlock volatile>::LinkedList()

.text._ZN10LinkedListIV18ThreadControlBlockE7getNextEPS1_
                0x00000000c001fe30        0x8
 .text._ZN10LinkedListIV18ThreadControlBlockE7getNextEPS1_
                0x00000000c001fe30        0x8 thr/prcssthr.32
                0x00000000c001fe30                LinkedList<ThreadControlBlock volatile>::getNext(ThreadControlBlock volatile*)

.text._ZN3PCID2Ev
                0x00000000c001fe38       0x23
 .text._ZN3PCID2Ev
                0x00000000c001fe38       0x23 hw/bus/pci.32
                0x00000000c001fe38                PCI::~PCI()
                0x00000000c001fe38                PCI::~PCI()

.text._ZN3PCID0Ev