Archive member included to satisfy reference by file (symbol)

/cygdrive/d/Users/Alex/Desktop/Toolchain/Output/bin/../lib/gcc/i386-banana/8.1.0/libkgcc.a(_divdi3.o)
                              fs/fat/ff.32 (__divdi3)
/cygdrive/d/Users/Alex/Desktop/Toolchain/Output/bin/../lib/gcc/i386-banana/8.1.0/libkgcc.a(_moddi3.o)
                              compat/resolve.32 (__moddi3)
/cygdrive/d/Users/Alex/Desktop/Toolchain/Output/bin/../lib/gcc/i386-banana/8.1.0/libkgcc.a(_udivdi3.o)
                              fs/fat/ff.32 (__udivdi3)
/cygdrive/d/Users/Alex/Desktop/Toolchain/Output/bin/../lib/gcc/i386-banana/8.1.0/libkgcc.a(_umoddi3.o)
                              compat/resolve.32 (__umoddi3)
D:/Users/Alex/Desktop/Banana/kernel/libsoftfp.a(sfieeelib.o)
                              hal/sound/sndhw.32 (__addsf3)
D:/Users/Alex/Desktop/Banana/kernel/libsoftfp.a(dfieeelib.o)
                              hal/libresample/src_linear.32 (__adddf3)
D:/Users/Alex/Desktop/Banana/kernel/libsoftfp.a(sfdfcvt.o)
                              hal/libresample/samplerate.32 (__truncdfsf2)
D:/Users/Alex/Desktop/Banana/kernel/libk/libm32.a(s_fabs.c.o)
                              hal/libresample/samplerate.32 (fabs)
D:/Users/Alex/Desktop/Banana/kernel/libk/libm32.a(s_lrint.S.o)
                              hal/libresample/samplerate.32 (lrint)
D:/Users/Alex/Desktop/Banana/kernel/libk/libm32.a(s_lrintf.S.o)
                              hal/sound/sndhw.32 (lrintf)

Discarded input sections

 .comment       0x0000000000000000       0x12 /cygdrive/d/Users/Alex/Desktop/Toolchain/Output/bin/../lib/gcc/i386-banana/8.1.0/crtbegin.o
 .comment       0x0000000000000000       0x12 acpica/utclib.32
 .comment       0x0000000000000000       0x12 core/malloc.32
 .comment       0x0000000000000000       0x12 libk/string.32
 .comment       0x0000000000000000       0x12 fs/fat/diskio.32
 .comment       0x0000000000000000       0x12 fs/fat/ff.32
 .comment       0x0000000000000000       0x12 fs/fat/ffsystem.32
 .comment       0x0000000000000000       0x12 fs/fat/ffunicode.32
 .comment       0x0000000000000000       0x12 hal/libresample/samplerate.32
 .comment       0x0000000000000000       0x12 hal/libresample/src_linear.32
 .comment       0x0000000000000000       0x12 hal/libresample/src_sinc.32
 .comment       0x0000000000000000       0x12 hal/libresample/src_zoh.32
 .comment       0x0000000000000000       0x12 compat/inlines.32
 .comment       0x0000000000000000       0x12 compat/resolve.32
 .group         0x0000000000000000       0x14 core/computer.32
 .group         0x0000000000000000        0xc core/computer.32
 .comment       0x0000000000000000       0x12 core/computer.32
 .comment       0x0000000000000000       0x12 core/gdt.32
 .group         0x0000000000000000        0xc core/idle.32
 .comment       0x0000000000000000       0x12 core/idle.32
 .comment       0x0000000000000000       0x12 core/idt.32
 .comment       0x0000000000000000       0x12 core/kheap.32
 .comment       0x0000000000000000       0x12 core/main.32
 .comment       0x0000000000000000       0x12 core/physmgr.32
 .group         0x0000000000000000        0xc core/pipe.32
 .comment       0x0000000000000000       0x12 core/pipe.32
 .group         0x0000000000000000        0xc core/terminal.32
 .comment       0x0000000000000000       0x12 core/terminal.32
 .comment       0x0000000000000000       0x12 core/tss.32
 .group         0x0000000000000000        0x8 core/unixfile.32
 .group         0x0000000000000000        0xc core/unixfile.32
 .group         0x0000000000000000        0xc core/unixfile.32
 .group         0x0000000000000000        0x8 core/unixfile.32
 .group         0x0000000000000000        0xc core/unixfile.32
 .group         0x0000000000000000        0x8 core/unixfile.32
 .group         0x0000000000000000        0xc core/unixfile.32
 .group         0x0000000000000000        0xc core/unixfile.32
 .comment       0x0000000000000000       0x12 core/unixfile.32
 .comment       0x0000000000000000       0x12 core/virtmgr.32
 .comment       0x0000000000000000       0x12 coreobjs/c++.32
 .comment       0x0000000000000000       0x12 dbg/kconsole.32
 .group         0x0000000000000000        0xc fs/vfs.32
 .group         0x0000000000000000        0xc fs/vfs.32
 .group         0x0000000000000000        0xc fs/vfs.32
 .comment       0x0000000000000000       0x12 fs/vfs.32
 .group         0x0000000000000000        0xc hal/bus.32
 .comment       0x0000000000000000       0x12 hal/bus.32
 .group         0x0000000000000000        0xc hal/buzzer.32
 .comment       0x0000000000000000       0x12 hal/buzzer.32
 .group         0x0000000000000000        0xc hal/clock.32
 .comment       0x0000000000000000       0x12 hal/clock.32
 .group         0x0000000000000000       0x14 hal/device.32
 .group         0x0000000000000000        0xc hal/device.32
 .group         0x0000000000000000        0xc hal/device.32
 .group         0x0000000000000000        0xc hal/device.32
[...]
Memory Configuration

Name             Origin             Length             Attributes
*default*        0x0000000000000000 0xffffffffffffffff

Linker script and memory map

LOAD D:/Users/Alex/Desktop/Banana/kernel/boot.32
LOAD crti.32
LOAD /cygdrive/d/Users/Alex/Desktop/Toolchain/Output/bin/../lib/gcc/i386-banana/8.1.0/crtbegin.o
LOAD D:/Users/Alex/Desktop/Banana/kernel/morenasm.32
LOAD acpica/utclib.32
LOAD core/malloc.32
LOAD libk/string.32
LOAD fs/fat/diskio.32
LOAD fs/fat/ff.32
LOAD fs/fat/ffsystem.32
LOAD fs/fat/ffunicode.32
LOAD hal/libresample/samplerate.32
LOAD hal/libresample/src_linear.32
LOAD hal/libresample/src_sinc.32
LOAD hal/libresample/src_zoh.32
LOAD compat/inlines.32
LOAD compat/resolve.32
LOAD core/computer.32
LOAD core/gdt.32
LOAD core/idle.32
LOAD core/idt.32
LOAD core/kheap.32
LOAD core/main.32
LOAD core/physmgr.32
LOAD core/pipe.32
LOAD core/terminal.32
LOAD core/tss.32
LOAD core/unixfile.32
LOAD core/virtmgr.32
LOAD coreobjs/c++.32
LOAD dbg/kconsole.32
LOAD fs/vfs.32
LOAD hal/bus.32
LOAD hal/buzzer.32
LOAD hal/clock.32
LOAD hal/device.32
LOAD hal/diskctrl.32
LOAD hal/diskphys.32
LOAD hal/fpu.32
LOAD hal/intctrl.32
LOAD hal/keybrd.32
LOAD hal/logidisk.32
LOAD hal/mouse.32
LOAD hal/partition.32
LOAD hal/serial.32
LOAD hal/timer.32
LOAD hal/vcache.32
LOAD hal/video.32
LOAD hw/acpi.32
LOAD hw/cpu.32
LOAD hw/ports.32
LOAD krnl/env.32
LOAD krnl/panic.32
LOAD net/ethernet.32
LOAD reg/registry.32
LOAD sys/sc_exit.32
LOAD sys/sc_getcwd.32
LOAD sys/sc_getpid.32
LOAD sys/sc_loaddll.32
LOAD sys/sc_read.32
LOAD sys/sc_sbrk.32
LOAD sys/sc_setcwd.32
LOAD sys/sc_settime.32
LOAD sys/sc_timezone.32
LOAD sys/sc_write.32
LOAD sys/sc_yield.32
LOAD sys/syscalls.32
LOAD thr/elf.32
LOAD thr/prcssthr.32
LOAD vm86/vm8086.32
LOAD vm86/x87em.32
LOAD fs/fat/vfslink.32
LOAD fs/iso9660/vfslink.32
LOAD hal/sound/sndchannel.32
LOAD hal/sound/sndhw.32
LOAD hw/bus/isa.32
LOAD hw/bus/pci.32
LOAD hw/diskctrl/ide.32
LOAD hw/diskctrl/satabus.32
LOAD hw/diskphys/ata.32
LOAD hw/diskphys/atapi.32
LOAD hw/diskphys/sata.32
LOAD hw/fpu/avx.32
LOAD hw/fpu/mmx.32
LOAD hw/fpu/sse.32
LOAD hw/fpu/x87.32
LOAD hw/intctrl/apic.32
LOAD hw/intctrl/pic.32
LOAD hw/timer/apictimer.32
LOAD hw/timer/pit.32
LOAD hw/fpu/x86/avx.32
LOAD hw/fpu/x86/sse.32
LOAD hw/fpu/x86/x87.32
LOAD /cygdrive/d/Users/Alex/Desktop/Toolchain/Output/bin/../lib/gcc/i386-banana/8.1.0/crtend.o
LOAD crtn.32
LOAD /cygdrive/d/Users/Alex/Desktop/Toolchain/Output/bin/../lib/gcc/i386-banana/8.1.0/libkgcc.a
LOAD D:/Users/Alex/Desktop/Banana/kernel/libsoftfp.a
LOAD D:/Users/Alex/Desktop/Banana/kernel/libk/libm32.a
                0x00000000c0000000                . = 0xc0000000

.text           0x00000000c0000000    0x27248
 *(.text)
 .text          0x00000000c0000000       0x41 D:/Users/Alex/Desktop/Banana/kernel/boot.32
                0x00000000c0000020                callGlobalConstructors
 .text          0x00000000c0000041        0x0 crti.32
 *fill*         0x00000000c0000041        0x3 
 .text          0x00000000c0000044      0x101 /cygdrive/d/Users/Alex/Desktop/Toolchain/Output/bin/../lib/gcc/i386-banana/8.1.0/crtbegin.o
 *fill*         0x00000000c0000145        0xb 
 .text          0x00000000c0000150      0x4a2 D:/Users/Alex/Desktop/Banana/kernel/morenasm.32
                0x00000000c0000150                prepareTramp
                0x00000000c0000169                voodooXADD
                0x00000000c0000234                doTPAUSE
                0x00000000c000023e                hasLegacyFPU
                0x00000000c0000263                is486
                0x00000000c0000299                detectCPUID
                0x00000000c00002af                goToVM86
                0x00000000c00002df                goToUsermode
                0x00000000c0000309                switchToThreadASMFirstTime
                0x00000000c0000317                switchToThreadASM
                0x00000000c000039f                asmQuickAcquireLock
                0x00000000c00003bd                asmQuickReleaseLock
                0x00000000c00003c9                asmAcquireLock
                0x00000000c00003ea                asmReleaseLock
                0x00000000c00003fd                loadGDT
                0x00000000c000041d                isr0
                0x00000000c000042d                isr1
                0x00000000c0000437                isr2
                0x00000000c0000441                isr3
                0x00000000c000044b                isr4
                0x00000000c0000455                isr5
                0x00000000c000045f                isr6
                0x00000000c0000469                isr7
                0x00000000c0000473                isr8
                0x00000000c000047b                isr9
                0x00000000c0000485                isr10
                0x00000000c000048d                isr11
                0x00000000c0000495                isr12
                0x00000000c000049d                isr13
                0x00000000c00004a5                isr14
                0x00000000c00004ad                isr15
                0x00000000c00004b7                isr16
                0x00000000c00004c1                isr17
                0x00000000c00004cb                isr18
                0x00000000c00004d5                irq3
                0x00000000c00004df                irq4
                0x00000000c00004e9                irq5
                0x00000000c00004f3                irq6
                0x00000000c00004fd                irq7
                0x00000000c0000507                irq8
                0x00000000c0000511                irq9
                0x00000000c000051b                irq10
                0x00000000c0000525                irq11
                0x00000000c000052f                irq12
                0x00000000c0000539                irq13
                0x00000000c0000543                irq14
                0x00000000c000054d                irq15
                0x00000000c0000557                irq1
                0x00000000c000055e                irq2
                0x00000000c0000565                isr96
                0x00000000c000056c                irq0
                0x00000000c0000571                syscall_common_stub
                0x00000000c0000571                int_common_stub
                0x00000000c00005a2                irq16
                0x00000000c00005ac                irq17
                0x00000000c00005b6                irq18
                0x00000000c00005c0                irq19
                0x00000000c00005ca                irq20
                0x00000000c00005d4                irq21
                0x00000000c00005de                irq22
                0x00000000c00005e8                irq23
 .text          0x00000000c00005f2      0x40f acpica/utclib.32
                0x00000000c00005f2                memcmp
                0x00000000c000061d                memmove
                0x00000000c0000655                memcpy
                0x00000000c000068b                memset
                0x00000000c00006a8                strlen
                0x00000000c00006b8                strpbrk
                0x00000000c00006db                strtok
                0x00000000c000072a                strcpy
                0x00000000c000074a                strncpy
                0x00000000c000077b                strcmp
                0x00000000c000079c                strchr
                0x00000000c00007b2                strncmp
                0x00000000c00007e1                strcat
                0x00000000c0000808                strncat
                0x00000000c0000842                strstr
                0x00000000c000087f                toupper
                0x00000000c0000893                tolower
                0x00000000c00008a7                simple_strtoul
 .text          0x00000000c0000a01      0xfbf core/malloc.32
                0x00000000c0000b6c                dlfree
                0x00000000c0000ec7                dlmalloc
                0x00000000c0001404                dlrealloc
                0x00000000c00015b9                dlmemalign
                0x00000000c00016dc                dlcalloc
                0x00000000c0001776                dlcfree
                0x00000000c000177b                dlindependent_calloc
                0x00000000c00017a0                dlindependent_comalloc
                0x00000000c00017b7                dlvalloc
                0x00000000c00017e2                dlpvalloc
                0x00000000c0001818                dlmalloc_trim
                0x00000000c0001825                dlmalloc_usable_size
                0x00000000c0001856                dlmallinfo
                0x00000000c0001925                dlmalloc_stats
                0x00000000c0001936                dlmallopt
 .text          0x00000000c00019c0        0x0 libk/string.32
 .text          0x00000000c00019c0       0x51 fs/fat/diskio.32
                0x00000000c00019c0                disk_status
                0x00000000c00019c3                disk_initialize
                0x00000000c00019c6                disk_read
                0x00000000c00019dc                disk_write
                0x00000000c00019f2                disk_ioctl
 .text          0x00000000c0001a11     0x6833 fs/fat/ff.32
                0x00000000c0004cdf                f_mount
                0x00000000c0004d41                f_open
                0x00000000c000517d                f_read
                0x00000000c00053fd                f_write
                0x00000000c00056b7                f_sync
                0x00000000c0005893                f_close
                0x00000000c00058c2                f_lseek
                0x00000000c0005d79                f_opendir
                0x00000000c0005e7b                f_closedir
                0x00000000c0005e9d                f_readdir
                0x00000000c0005f38                f_stat
                0x00000000c0005fc7                f_getfree
                0x00000000c0006192                f_truncate
                0x00000000c000628a                f_unlink
                0x00000000c000640d                f_mkdir
                0x00000000c0006639                f_rename
                0x00000000c000692c                f_chmod
                0x00000000c0006a0a                f_utime
                0x00000000c0006ae8                f_getlabel
                0x00000000c0006cd6                f_setlabel
                0x00000000c0006f43                f_forward
                0x00000000c0007121                f_mkfs
 .text          0x00000000c0008244       0x2d fs/fat/ffsystem.32
                0x00000000c0008244                ff_memalloc
                0x00000000c000825a                ff_memfree
 .text          0x00000000c0008271      0x253 fs/fat/ffunicode.32
                0x00000000c0008271                ff_uni2oem
                0x00000000c0008301                ff_oem2uni
                0x00000000c000836d                ff_wtoupper
 .text          0x00000000c00084c4      0x8fb hal/libresample/samplerate.32
                0x00000000c0008508                src_delete
                0x00000000c0008544                src_process
                0x00000000c00086fa                src_callback_read
                0x00000000c0008877                src_set_ratio
                0x00000000c00088e1                src_get_channels
                0x00000000c0008903                src_reset
                0x00000000c000894f                src_new
                0x00000000c00089dd                src_callback_new
                0x00000000c0008a3f                src_get_name
                0x00000000c0008a76                src_get_description
                0x00000000c0008aad                src_get_version
                0x00000000c0008ab3                src_is_valid_ratio
                0x00000000c0008b07                src_error
                0x00000000c0008b15                src_strerror
                0x00000000c0008b28                src_simple
                0x00000000c0008b7b                src_short_to_float_array
                0x00000000c0008be0                src_float_to_short_array
                0x00000000c0008c9f                src_int_to_float_array
                0x00000000c0008d02                src_float_to_int_array
 .text          0x00000000c0008dbf      0x8cb hal/libresample/src_linear.32
                0x00000000c00095e5                linear_get_name
                0x00000000c00095f4                linear_get_description
                0x00000000c0009603                linear_set_converter
 .text          0x00000000c000968a     0x447c hal/libresample/src_sinc.32
                0x00000000c000da1d                sinc_get_name
                0x00000000c000da30                sinc_get_description
                0x00000000c000da43                sinc_set_converter
 .text          0x00000000c000db06      0x77c hal/libresample/src_zoh.32
                0x00000000c000e1dd                zoh_get_name
                0x00000000c000e1ec                zoh_get_description
                0x00000000c000e1fb                zoh_set_converter
 .text          0x00000000c000e282       0x23 compat/inlines.32
                0x00000000c000e282                CPU::current()
                0x00000000c000e28f                operator new(unsigned long)
 .text          0x00000000c000e2a5       0xc3 compat/resolve.32
                0x00000000c000e2a5                Krnl::resolveCompatibilitySymbol(char*)
 .text          0x00000000c000e368      0xa11 core/computer.32
                0x00000000c000e368                Computer::close(int, int, void*)
                0x00000000c000e3ac                Krnl::firstTask()
                0x00000000c000e496                Computer::Computer()
                0x00000000c000e496                Computer::Computer()
                0x00000000c000e5f2                Computer::setBootMessage(char const*)
                0x00000000c000e5f4                Computer::detectFeatures()
                0x00000000c000e7fe                Computer::displayFeatures()
                0x00000000c000eb44                Computer::rdmsr(unsigned int)
                0x00000000c000eb70                Computer::wrmsr(unsigned int, unsigned long long)
                0x00000000c000eba8                Computer::nmiEnabled()
                0x00000000c000ebb4                Computer::readCMOS(unsigned char)
                0x00000000c000ebce                Computer::enableNMI(bool)
                0x00000000c000ebe6                Computer::open(int, int, void*)
                0x00000000c000ecbc                Computer::disableNMI()
                0x00000000c000ecca                Computer::writeCMOS(unsigned char, unsigned char)
                0x00000000c000ece8                Computer::handleNMI()
                0x00000000c000ed4e                Computer::setDiskActivityLight(int, bool)
 *fill*         0x00000000c000ed79        0x1 
 .text          0x00000000c000ed7a      0x1b7 core/gdt.32
                0x00000000c000ed7a                GDTEntry::setBase(unsigned int)
                0x00000000c000ed96                GDTEntry::setLimit(unsigned int)
                0x00000000c000edb4                GDT::GDT()
                0x00000000c000edb4                GDT::GDT()
                0x00000000c000edca                GDT::addEntry(GDTEntry)
                0x00000000c000ee06                GDT::getNumberOfEntries()
                0x00000000c000ee0e                GDT::flush()
                0x00000000c000ee30                GDT::setup()
 .text          0x00000000c000ef31       0x62 core/idle.32
                0x00000000c000ef31                idleFunction(void*)
 *fill*         0x00000000c000ef93        0x1 
 .text          0x00000000c000ef94      0x45f core/idt.32
                0x00000000c000ef94                IDTEntry::IDTEntry(bool)
                0x00000000c000ef94                IDTEntry::IDTEntry(bool)
                0x00000000c000f002                IDTEntry::setOffset(unsigned int)
                0x00000000c000f016                IDT::IDT()
                0x00000000c000f016                IDT::IDT()
                0x00000000c000f018                IDT::getPointerToInvalidOpcodeEntryForF00F()
                0x00000000c000f020                IDT::addEntry(IDTEntry, int)
                0x00000000c000f03a                IDT::addEntry(int, void (*)(), bool)
                0x00000000c000f072                IDT::flush()
                0x00000000c000f08c                IDT::setup()
 .text          0x00000000c000f3f3      0x203 core/kheap.32
                0x00000000c000f3f3                sbrk
                0x00000000c000f501                mmap
                0x00000000c000f517                munmap
                0x00000000c000f52d                liballoc_lock()
                0x00000000c000f53e                liballoc_unlock()
                0x00000000c000f54f                liballoc_alloc(int)
                0x00000000c000f56a                liballoc_free(void*, int)
                0x00000000c000f588                realloc
                0x00000000c000f59c                malloc
                0x00000000c000f5ac                free
                0x00000000c000f5bc                rfree
                0x00000000c000f5cc                calloc
 .text          0x00000000c000f5f6      0x456 core/main.32
                0x00000000c000f5f6                hwTextMode_loadInData(VgaText*)
                0x00000000c000f641                hwTextMode_loadInTitle(VgaText*, char*)
                0x00000000c000f6bf                hwTextMode_showCursor(VgaText*, bool)
                0x00000000c000f71d                hwTextMode_update(VgaText*)
                0x00000000c000f71e                hwTextMode_updateCursor(VgaText*)
                0x00000000c000f76f                hwTextMode_disableBlink(VgaText*, bool)
                0x00000000c000f7b5                hwTextMode_scrollScreen(VgaText*)
                0x00000000c000f862                hwTextMode_writeCharacter(VgaText*, char, VgaColour, VgaColour, int, int)
                0x00000000c000f8e4                setupTextMode()
                0x00000000c000f954                kernel_main
 .text          0x00000000c000fa4c      0x54d core/physmgr.32
                0x00000000c000fa4c                Phys::allocateDMA(unsigned long)
                0x00000000c000faef                Phys::freeDMA(unsigned long, unsigned long)
                0x00000000c000fb37                Phys::setPageState(unsigned long, bool)
                0x00000000c000fb69                Phys::getPageState(unsigned long)
                0x00000000c000fb85                Phys::freePage(unsigned long)
                0x00000000c000fc0f                Phys::allocatePage()
                0x00000000c000fcd7                Phys::allocateContiguousPages(int)
                0x00000000c000fd31                Phys::allowSegmentToBeUsed(unsigned long, unsigned long)
                0x00000000c000fd69                Phys::physicalMemorySetup(unsigned int)
 *fill*         0x00000000c000ff99        0x1 
 .text          0x00000000c000ff9a      0x273 core/pipe.32
                0x00000000c000ff9a                Pipe::isAtty()
                0x00000000c000ff9e                Pipe::~Pipe()
                0x00000000c000ff9e                Pipe::~Pipe()
                0x00000000c000ffc2                Pipe::~Pipe()
                0x00000000c000ffea                Pipe::read(unsigned long long, void*, int*)
                0x00000000c00100de                Pipe::write(unsigned long long, void*, int*)
                0x00000000c00101a6                Pipe::Pipe(int)
                0x00000000c00101a6                Pipe::Pipe(int)
 *fill*         0x00000000c001020d        0x1 
 .text          0x00000000c001020e      0xf73 core/terminal.32
                0x00000000c001020e                VgaText::isAtty()
                0x00000000c0010212                VgaText::~VgaText()
                0x00000000c0010212                VgaText::~VgaText()
                0x00000000c0010236                VgaText::~VgaText()
                0x00000000c0010260                VgaText::read(unsigned long long, void*, int*)
                0x00000000c0010280                setTerminalScrollLock(bool)
                0x00000000c0010281                addToTerminalCycle(VgaText*)
                0x00000000c00102ae                installVgaTextImplementation()
                0x00000000c00102c3                scrollTerminalScrollLock(int)
                0x00000000c00102c4                VgaText::load()
                0x00000000c0010318                VgaText::updateCursor()
                0x00000000c0010332                VgaText::showCursor(bool)
                0x00000000c0010342                VgaText::disableBlink(bool)
                0x00000000c001037c                VgaText::doANSI_SGR(int)
                0x00000000c0010408                VgaText::setDefaultBgColour(VgaColour)
                0x00000000c001041e                VgaText::setDefaultFgColour(VgaColour)
                0x00000000c0010434                VgaText::setDefaultColours(VgaColour, VgaColour)
                0x00000000c0010454                VgaText::combineColours(unsigned char, unsigned char)
                0x00000000c0010466                VgaText::scrollScreen()
                0x00000000c00104fa                VgaText::combineCharAndColour(char, unsigned char)
                0x00000000c001050c                VgaText::writeCharacter(char, VgaColour, VgaColour, int, int)
                0x00000000c001056c                VgaText::getCursorX()
                0x00000000c0010578                VgaText::getCursorY()
                0x00000000c0010584                VgaText::setCursor(int, int)
                0x00000000c00105a2                VgaText::setCursorX(int)
                0x00000000c00105be                VgaText::setCursorY(int)
                0x00000000c00105da                VgaText::incrementCursor(bool)
                0x00000000c0010642                VgaText::updateRAMUsageDisplay(int)
                0x00000000c00106a6                VgaText::updateDiskUsage()
                0x00000000c0010810                VgaText::updateTitle()
                0x00000000c0010856                VgaText::setTitleTextColour(VgaColour)
                0x00000000c0010866                VgaText::setTitleColour(VgaColour)
                0x00000000c0010876                VgaText::setTitle(char*)
                0x00000000c001089c                VgaText::decrementCursor(bool)
                0x00000000c00108c4                VgaText::putchar(char, VgaColour, VgaColour)
                0x00000000c00109c0                VgaText::isShowingCursor()
                0x00000000c00109cc                VgaText::isBlinkDisabled()
                0x00000000c00109da                VgaText::setCursorHeight(int)
                0x00000000c00109f8                VgaText::getCursorHeight()
                0x00000000c0010a03                setActiveTerminal(VgaText*)
                0x00000000c0010ab5                doTerminalCycle()
                0x00000000c0010ad2                VgaText::doUpdate()
                0x00000000c0010ae4                VgaText::puts(char const*, VgaColour, VgaColour)
                0x00000000c0010ca4                VgaText::clearScreen()
                0x00000000c0010d08                VgaText::putchar(char)
                0x00000000c0010e22                VgaText::puts(char const*)
                0x00000000c0010e48                VgaText::putx(unsigned int)
                0x00000000c0010e8e                VgaText::VgaText(char const*)
                0x00000000c0010e8e                VgaText::VgaText(char const*)
                0x00000000c0011020                VgaText::receiveKey(unsigned char)
                0x00000000c0011108                VgaText::write(unsigned long long, void*, int*)
                0x00000000c001115c                newTerminal(char*)
 *fill*         0x00000000c0011181        0x1 
 .text          0x00000000c0011182      0x1b3 core/tss.32
                0x00000000c0011182                TSS::TSS()
                0x00000000c0011182                TSS::TSS()
                0x00000000c0011190                TSS::setESP(unsigned long)
                0x00000000c00111a2                TSS::flush()
                0x00000000c00111c2                TSS::setup(unsigned long, unsigned long)
 *fill*         0x00000000c0011335        0x1 
 .text          0x00000000c0011336      0x4c2 core/unixfile.32
                0x00000000c0011336                ReservedFilename::read(unsigned long long, void*, int*)
                0x00000000c001138c                ReservedFilename::isAtty()
                0x00000000c00113a8                ReservedFilename::write(unsigned long long, void*, int*)
                0x00000000c0011406                UnixFile::getFileDescriptor()
                0x00000000c001140e                UnixFile::UnixFile(int)
                0x00000000c001140e                UnixFile::UnixFile(int)
                0x00000000c00115be                ReservedFilename::ReservedFilename(int)
                0x00000000c00115be                ReservedFilename::ReservedFilename(int)
                0x00000000c00115f0                UnixFile::~UnixFile()
                0x00000000c00115f0                UnixFile::~UnixFile()
                0x00000000c0011688                UnixFile::~UnixFile()
                0x00000000c00116b0                ReservedFilename::~ReservedFilename()
                0x00000000c00116b0                ReservedFilename::~ReservedFilename()
                0x00000000c00116d4                ReservedFilename::~ReservedFilename()
                0x00000000c00116fb                getFromFileDescriptor(int)
 .text          0x00000000c00117f8      0xee3 core/virtmgr.32
                0x00000000c00117f8                Virt::setPageState(unsigned long, Virt::VirtPageState)
                0x00000000c001182d                Virt::getPageState(unsigned long)
                0x00000000c0011851                Virt::allocateKernelVirtualPages(int)
                0x00000000c0011962                Virt::virtualMemorySetup()
                0x00000000c00119e1                Virt::getAKernelVAS()
                0x00000000c00119e7                Virt::setupPageSwapping(int)
                0x00000000c0011b16                VAS::VAS()
                0x00000000c0011b16                VAS::VAS()
                0x00000000c0011b46                VAS::VAS(VAS*)
                0x00000000c0011b46                VAS::VAS(VAS*)
                0x00000000c0011b6a                VAS::getForeignPageTableEntry(bool, unsigned long)
                0x00000000c0011b96                VAS::getPageTableEntry(unsigned long)
                0x00000000c0011bb5                Virt::freeKernelVirtualPages(unsigned long)
                0x00000000c0011cd8                VAS::freeAllocatedPages(unsigned long)
                0x00000000c0011cfc                VAS::virtualToPhysical(unsigned long)
                0x00000000c0011d14                VAS::reflagRange(unsigned long, int, int, int)
                0x00000000c0011d54                VAS::setToWriteCombining(unsigned long, int)
                0x00000000c0011d86                VAS::mapOtherVASIn(bool, VAS*)
                0x00000000c0011db0                VAS::~VAS()
                0x00000000c0011db0                VAS::~VAS()
                0x00000000c0011f1c                VAS::mapPage(unsigned long, unsigned long, int)
                0x00000000c001201c                VAS::allocatePages(int, int)
                0x00000000c00121f4                VAS::setCPUSpecific(unsigned long)
                0x00000000c0012210                VAS::mapRange(unsigned long, unsigned long, int, int)
                0x00000000c00122d6                VAS::mapForeignPage(bool, VAS*, unsigned long, unsigned long, int)
                0x00000000c00123c4                VAS::VAS(bool)
                0x00000000c00123c4                VAS::VAS(bool)
                0x00000000c001261f                mapVASFirstTime
 .text          0x00000000c00126db       0x95 coreobjs/c++.32
                0x00000000c00126db                __cxa_atexit
                0x00000000c00126de                __cxa_finalize
                0x00000000c00126df                __stack_chk_fail
                0x00000000c001274b                __cxa_pure_virtual
                0x00000000c001275c                operator new[](unsigned long)
                0x00000000c0012761                operator delete(void*, unsigned long)
                0x00000000c0012766                operator delete[](void*)
                0x00000000c001276b                operator delete[](void*, unsigned long)
 .text          0x00000000c0012770      0x1ef dbg/kconsole.32
                0x00000000c0012770                Dbg::stringifyxWithBase(unsigned int, char*, int)
                0x00000000c00127d1                Dbg::logc(char)
                0x00000000c00127e8                Dbg::logs(char*)
                0x00000000c0012805                Dbg::logWriteInt(unsigned int)
                0x00000000c0012822                Dbg::logWriteIntBase(unsigned int, int)
                0x00000000c0012841                Dbg::kprintf(char const*, ...)
 *fill*         0x00000000c001295f        0x1 
 .text          0x00000000c0012960      0xb7c fs/vfs.32
                0x00000000c0012960                File::read(unsigned long long, void*, int*)
                0x00000000c00129b8                File::write(unsigned long long, void*, int*)
                0x00000000c0012a10                Directory::read(unsigned long long, void*, int*)
                0x00000000c0012a68                Directory::write(unsigned long long, void*, int*)
                0x00000000c0012a96                File::isAtty()
                0x00000000c0012a9a                Directory::isAtty()
                0x00000000c0012a9e                Filesystem::getlabel(LogicalDisk*, int, char*, unsigned int*)
                0x00000000c0012aa4                Filesystem::setlabel(LogicalDisk*, int, char*)
                0x00000000c0012aaa                File::~File()
                0x00000000c0012aaa                File::~File()
                0x00000000c0012ace                File::~File()
                0x00000000c0012af8                Directory::~Directory()
                0x00000000c0012af8                Directory::~Directory()
                0x00000000c0012b1c                Directory::~Directory()
                0x00000000c0012b46                Filesystem::Filesystem()
                0x00000000c0012b46                Filesystem::Filesystem()
                0x00000000c0012b6a                Filesystem::~Filesystem()
                0x00000000c0012b6a                Filesystem::~Filesystem()
                0x00000000c0012b78                Filesystem::~Filesystem()
                0x00000000c0012b9c                Fs::getcwd(Process*, char*, int)
                0x00000000c0012bc6                Fs::initVFS()
                0x00000000c0012bf0                Fs::standardiseFiles(char*, char const*, char const*)
                0x00000000c0012d9a                File::File(char const*, Process*)
                0x00000000c0012d9a                File::File(char const*, Process*)
                0x00000000c0012dfe                File::open(FileOpenMode)
                0x00000000c0012e5c                File::close()
                0x00000000c0012ebc                File::seek(unsigned long long)
                0x00000000c0012f12                File::tell(unsigned long long*)
                0x00000000c0012f62                File::rewind()
                0x00000000c0012f76                File::unlink()
                0x00000000c0012fc2                File::rename(char const*)
                0x00000000c0013010                File::chfatattr(unsigned char, unsigned char)
                0x00000000c001306c                File::exists()
                0x00000000c00130aa                File::stat(unsigned long long*, bool*)
                0x00000000c001310b                Fs::setcwd(Process*, char*)
                0x00000000c0013246                Directory::Directory(char const*, Process*)
                0x00000000c0013246                Directory::Directory(char const*, Process*)
                0x00000000c00132aa                Directory::open()
                0x00000000c0013306                Directory::close()
                0x00000000c0013366                Directory::unlink()
                0x00000000c00133b2                Directory::rename(char const*)
                0x00000000c0013400                Directory::exists()
                0x00000000c001343e                Directory::read(dirent*)
                0x00000000c001348a                Directory::create()
                0x00000000c00134d6                Filesystem::chfatattr(char const*, unsigned char, unsigned char)
 .text          0x00000000c00134dc       0x84 hal/bus.32
                0x00000000c00134dc                Bus::Bus(char const*)
                0x00000000c00134dc                Bus::Bus(char const*)
                0x00000000c0013512                Bus::~Bus()
                0x00000000c0013512                Bus::~Bus()
                0x00000000c0013536                Bus::~Bus()
 .text          0x00000000c0013560      0x14e hal/buzzer.32
                0x00000000c0013560                Buzzer::Buzzer(char const*)
                0x00000000c0013560                Buzzer::Buzzer(char const*)
                0x00000000c00135a4                Buzzer::~Buzzer()
                0x00000000c00135a4                Buzzer::~Buzzer()
                0x00000000c00135c8                Buzzer::~Buzzer()
                0x00000000c00135f2                Buzzer::stop()
                0x00000000c0013605                beepThread(void*)
                0x00000000c0013640                Buzzer::beep(int, int, bool)
 .text          0x00000000c00136ae      0x467 hal/clock.32
                0x00000000c00136ae                User::loadClockSettings(int)
                0x00000000c0013700                Clock::Clock(char const*)
                0x00000000c0013700                Clock::Clock(char const*)
                0x00000000c0013736                Clock::~Clock()
                0x00000000c0013736                Clock::~Clock()
                0x00000000c001375a                Clock::~Clock()
                0x00000000c0013784                Clock::timeInSecondsLocal()
                0x00000000c00137cc                Clock::setTimeInSecondsLocal(unsigned long long)
                0x00000000c0013825                datetimeToSeconds(datetime_t)
                0x00000000c001394c                Clock::setTimeInDatetimeLocal(datetime_t)
                0x00000000c00139ac                secondsToDatetime(unsigned long long)
                0x00000000c0013af0                Clock::timeInDatetimeLocal()
 *fill*         0x00000000c0013b15        0x1 
 .text          0x00000000c0013b16      0x4de hal/device.32
                0x00000000c0013b16                Device::hibernate()
                0x00000000c0013b18                Device::wake()
                0x00000000c0013b1a                Device::detect()
                0x00000000c0013b1c                Device::disableLegacy()
                0x00000000c0013b1e                Device::powerSaving(PowerSavingLevel)
                0x00000000c0013b20                DriverlessDevice::close(int, int, void*)
                0x00000000c0013b24                DriverlessDevice::detect()
                0x00000000c0013b26                DriverlessDevice::open(int, int, void*)
                0x00000000c0013b3a                Device::~Device()
                0x00000000c0013b3a                Device::~Device()
                0x00000000c0013b48                Device::~Device()
                0x00000000c0013b70                Device::findAndLoadDriver()
                0x00000000c0013b72                Device::preOpenPCI(PCIDeviceInfo)
                0x00000000c0013b98                Device::preOpenACPI(void*, char*, char*)
                0x00000000c0013bec                Device::addIRQHandler(int, void (*)(regs*, void*), bool, void*)
                0x00000000c0013c2a                Device::removeIRQHandler(int, void (*)(regs*, void*), bool)
                0x00000000c0013c68                Device::addChild(Device*)
                0x00000000c0013cac                Device::removeAllChildren()
                0x00000000c0013cf2                Device::hibernateAll()
                0x00000000c0013d22                Device::wakeAll()
                0x00000000c0013d52                Device::detectAll()
                0x00000000c0013d82                Device::disableLegacyAll()
                0x00000000c0013db2                Device::loadDriversForAll()
                0x00000000c0013dde                Device::closeAll()
                0x00000000c0013e14                Device::powerSavingAll(PowerSavingLevel)
                0x00000000c0013e4a                Device::setName(char const*)
                0x00000000c0013e58                Device::Device(char const*)
                0x00000000c0013e58                Device::Device(char const*)
                0x00000000c0013f54                Device::getName()
                0x00000000c0013f5e                DriverlessDevice::DriverlessDevice(char const*)
                0x00000000c0013f5e                DriverlessDevice::DriverlessDevice(char const*)
                0x00000000c0013f86                Device::addToLinkedList(LinkedList<Device>&, DeviceType)
                0x00000000c0013fca                getDevicesOfType(DeviceType)
 .text          0x00000000c0013ff4       0x84 hal/diskctrl.32
                0x00000000c0013ff4                HardDiskController::HardDiskController(char const*)
                0x00000000c0013ff4                HardDiskController::HardDiskController(char const*)
                0x00000000c001402a                HardDiskController::~HardDiskController()
                0x00000000c001402a                HardDiskController::~HardDiskController()
                0x00000000c001404e                HardDiskController::~HardDiskController()
 .text          0x00000000c0014078       0xde hal/diskphys.32
                0x00000000c0014078                PhysicalDisk::PhysicalDisk(char const*, int)
                0x00000000c0014078                PhysicalDisk::PhysicalDisk(char const*, int)
                0x00000000c00140e0                PhysicalDisk::startCache()
                0x00000000c0014108                PhysicalDisk::~PhysicalDisk()
                0x00000000c0014108                PhysicalDisk::~PhysicalDisk()
                0x00000000c001412c                PhysicalDisk::~PhysicalDisk()
 .text          0x00000000c0014156      0x13b hal/fpu.32
                0x00000000c0014156                FPU::FPU(char const*)
                0x00000000c0014156                FPU::FPU(char const*)
                0x00000000c001418c                FPU::~FPU()
                0x00000000c001418c                FPU::~FPU()
                0x00000000c00141b0                FPU::~FPU()
                0x00000000c00141da                setupFPU()
 *fill*         0x00000000c0014291        0x1 
 .text          0x00000000c0014292     0x12b1 hal/intctrl.32
                0x00000000c0014292                InterruptController::uninstallISRHandler(int, void (*)(regs*, void*))
                0x00000000c00142ca                InterruptController::installISRHandler(int, void (*)(regs*, void*), void*)
                0x00000000c001431c                doubleFault(regs*, void*)
                0x00000000c0014336                InterruptController::installIRQHandler(int, void (*)(regs*, void*), bool, void*)
                0x00000000c00143d2                InterruptController::clearAllHandlers(int, bool)
                0x00000000c001447a                InterruptController::uninstallIRQHandler(int, void (*)(regs*, void*), bool)
                0x00000000c0014501                nmiHandler(regs*, void*)
                0x00000000c001450f                int_handler
                0x00000000c00145b0                InterruptController::InterruptController(char const*)
                0x00000000c00145b0                InterruptController::InterruptController(char const*)
                0x00000000c0014656                InterruptController::~InterruptController()
                0x00000000c0014656                InterruptController::~InterruptController()
                0x00000000c001467a                InterruptController::~InterruptController()
                0x00000000c00146a4                displayDebugInfo(regs*)
                0x00000000c0014aa9                x87EmulHandler(regs*, void*)
                0x00000000c0014ad8                gpFault(regs*, void*)
                0x00000000c0014b11                pgFault(regs*, void*)
                0x00000000c0014b28                otherISRHandler(regs*, void*)
                0x00000000c0014b47                opcodeFault(regs*, void*)
                0x00000000c0015106                displayProgramFault(char const*)
                0x00000000c001512e                setupInterruptController()
                0x00000000c00154f6                InterruptController::convertLegacyIRQNumber(int)
 *fill*         0x00000000c0015543        0x1 
 .text          0x00000000c0015544      0x69a hal/keybrd.32
                0x00000000c0015544                startGUI(void*)
                0x00000000c00155a0                startGUIVESA(void*)
                0x00000000c00155fc                sendKeyToTerminal(unsigned char)
                0x00000000c0015668                sendKeyboardToken(KeyboardToken)
                0x00000000c0015a78                clearInternalKeybuffer(VgaText*)
                0x00000000c0015aad                readKeyboard(VgaText*, char*, unsigned long)
                0x00000000c0015b54                Keyboard::Keyboard(char const*)
                0x00000000c0015b54                Keyboard::Keyboard(char const*)
                0x00000000c0015b90                Keyboard::~Keyboard()
                0x00000000c0015b90                Keyboard::~Keyboard()
                0x00000000c0015bb4                Keyboard::~Keyboard()
 .text          0x00000000c0015bde      0x400 hal/logidisk.32
                0x00000000c0015bde                LogicalDisk::close(int, int, void*)
                0x00000000c0015be2                LogicalDisk::~LogicalDisk()
                0x00000000c0015be2                LogicalDisk::~LogicalDisk()
                0x00000000c0015c06                LogicalDisk::~LogicalDisk()
                0x00000000c0015c30                LogicalDisk::open(int, int, void*)
                0x00000000c0015c44                LogicalDisk::absoluteToRelative(unsigned long long)
                0x00000000c0015c7c                LogicalDisk::relativeToAbsolute(unsigned long long)
                0x00000000c0015cc2                LogicalDisk::LogicalDisk(char const*, PhysicalDisk*, unsigned long long, unsigned long long)
                0x00000000c0015cc2                LogicalDisk::LogicalDisk(char const*, PhysicalDisk*, unsigned long long, unsigned long long)
                0x00000000c0015d78                LogicalDisk::assignDriveLetter()
                0x00000000c0015e2e                LogicalDisk::mount()
                0x00000000c0015ea0                LogicalDisk::unmount()
                0x00000000c0015eb0                LogicalDisk::unassignDriveLetter()
                0x00000000c0015f06                LogicalDisk::read(unsigned long long, int, void*)
                0x00000000c0015f72                LogicalDisk::write(unsigned long long, int, void*)
 .text          0x00000000c0015fde       0x84 hal/mouse.32
                0x00000000c0015fde                Mouse::Mouse(char const*)
                0x00000000c0015fde                Mouse::Mouse(char const*)
                0x00000000c0016014                Mouse::~Mouse()
                0x00000000c0016014                Mouse::~Mouse()
                0x00000000c0016038                Mouse::~Mouse()
 .text          0x00000000c0016062      0x339 hal/partition.32
                0x00000000c0016062                makePartition(PhysicalDisk*, unsigned long long, unsigned long long)
                0x00000000c001610a                createPartitionsForDisk(PhysicalDisk*)
 *fill*         0x00000000c001639b        0x1 
 .text          0x00000000c001639c       0x84 hal/serial.32
                0x00000000c001639c                Serial::Serial(char const*)
                0x00000000c001639c                Serial::Serial(char const*)
                0x00000000c00163d2                Serial::~Serial()
                0x00000000c00163d2                Serial::~Serial()
                0x00000000c00163f6                Serial::~Serial()
 .text          0x00000000c0016420      0x2b8 hal/timer.32
                0x00000000c0016420                Timer::Timer(char const*)
                0x00000000c0016420                Timer::Timer(char const*)
                0x00000000c0016456                Timer::~Timer()
                0x00000000c0016456                Timer::~Timer()
                0x00000000c001647a                Timer::~Timer()
                0x00000000c00164a4                Timer::read()
                0x00000000c00164af                timerHandler(unsigned long long)
                0x00000000c00165e6                setupTimer(int)
 .text          0x00000000c00166d8      0x2db hal/vcache.32
                0x00000000c00166d8                VCache::VCache(PhysicalDisk*)
                0x00000000c00166d8                VCache::VCache(PhysicalDisk*)
                0x00000000c00167d2                VCache::writeWriteBuffer()
                0x00000000c001680e                VCache::~VCache()
                0x00000000c001680e                VCache::~VCache()
                0x00000000c001684e                VCache::~VCache()
                0x00000000c0016876                VCache::write(unsigned long long, int, void*)
                0x00000000c001695a                VCache::read(unsigned long long, int, void*)
 *fill*         0x00000000c00169b3        0x1 
 .text          0x00000000c00169b4      0x4cd hal/video.32
                0x00000000c00169b4                Video::putrect(int, int, int, int, unsigned int)
                0x00000000c0016a00                Video::bitblit(int, int, int, int, int, int, int, unsigned int*)
                0x00000000c0016a70                Video::blit(unsigned int*, int, int, int, int)
                0x00000000c0016aee                Video::clearScreen(unsigned int)
                0x00000000c0016b22                Video::putpixel(int, int, unsigned int)
                0x00000000c0016b30                Video::Video(char const*)
                0x00000000c0016b30                Video::Video(char const*)
                0x00000000c0016b66                Video::~Video()
                0x00000000c0016b66                Video::~Video()
                0x00000000c0016b8a                Video::~Video()
                0x00000000c0016bb4                Video::isMonochrome()
                0x00000000c0016bc0                Video::getWidth()
                0x00000000c0016bcc                Video::getHeight()
                0x00000000c0016bd8                Video::drawCursor(int, int, unsigned char*, int)
                0x00000000c0016c94                Video::tgaParse(unsigned char*, int, int*, int*)
                0x00000000c0016e16                Video::putTGA(int, int, unsigned char*, int)
 *fill*         0x00000000c0016e81        0x1 
 .text          0x00000000c0016e82      0xe28 hw/acpi.32
                0x00000000c0016e82                ACPI::close(int, int, void*)
                0x00000000c0016f37                findRSDP()
                0x00000000c0016fc1                loadACPITables(unsigned char*)
                0x00000000c00171e8                findRSDT(unsigned char*)
                0x00000000c0017306                findDataTable(unsigned char*, char*)
                0x00000000c00173a2                scanMADT()
                0x00000000c0017828                ACPI::ACPI()
                0x00000000c0017828                ACPI::ACPI()
                0x00000000c0017888                ACPI::getPCIIRQAssignment(unsigned char, unsigned short, unsigned char)
                0x00000000c001796a                ACPI::registerPCIIRQAssignment(void*, unsigned short, unsigned char, unsigned char)
                0x00000000c0017a70                ACPI::setScreenBrightnessLevel(void*, int)
                0x00000000c0017a76                ACPI::writeSimpleBootFlag(SimpleBootFlagTable*)
                0x00000000c0017abe                ACPI::open(int, int, void*)
                0x00000000c0017c92                ACPI::sleep()
 .text          0x00000000c0017caa     0x1715 hw/cpu.32
                0x00000000c0017caa                CPU::close(int, int, void*)
                0x00000000c0017cae                CPU::lookupAMDName(unsigned char, unsigned char)
                0x00000000c0017e42                CPU::lookupIntelName(unsigned char, unsigned char)
                0x00000000c00180f0                CPU::AMD_K6_write_msr(unsigned int, unsigned int, unsigned int, CPU::REGS*)
                0x00000000c001810c                CPU::AMD_K6_read_msr(unsigned int, CPU::REGS*)
                0x00000000c0018124                CPU::AMD_K6_writeback(int, int, int)
                0x00000000c0018198                CPU::cpuid(int, unsigned long*, unsigned long*, unsigned long*, unsigned long*)
                0x00000000c001821c                CPU::cpuidCheckEDX(unsigned int)
                0x00000000c001824a                CPU::cpuidCheckECX(unsigned int)
                0x00000000c0018278                CPU::cpuidCheckExtendedEBX(unsigned int)
                0x00000000c00182a6                CPU::cpuidCheckExtendedECX(unsigned int)
                0x00000000c00182d4                CPU::CPU()
                0x00000000c00182d4                CPU::CPU()
                0x00000000c0018362                CPU::displayFeatures()
                0x00000000c00185de                CPU::detectFeatures()
                0x00000000c0018fce                CPU::setupSMEP()
                0x00000000c0018fda                CPU::setupUMIP()
                0x00000000c0018fe4                CPU::setupTSC()
                0x00000000c0018fee                CPU::setupLargePages()
                0x00000000c0018ff8                CPU::setupPAT()
                0x00000000c0019034                CPU::setupMTRR()
                0x00000000c0019036                CPU::setupGlobalPages()
                0x00000000c0019040                CPU::allowUsermodeDataAccess()
                0x00000000c0019052                CPU::prohibitUsermodeDataAccess()
                0x00000000c0019064                CPU::setupSMAP()
                0x00000000c0019072                CPU::setupFeatures()
                0x00000000c00190f2                CPU::open(int, int, void*)
                0x00000000c00191c4                CPU::decodeAddress(regs*, int*, bool*, unsigned char*)
 .text          0x00000000c00193bf        0x0 hw/ports.32
 *fill*         0x00000000c00193bf        0x1 
 .text          0x00000000c00193c0      0x5d3 krnl/env.32
                0x00000000c00193c0                EnvVarContainer::getEnv(char const*)
                0x00000000c00193fe                EnvVarContainer::setEnv(char const*, char const*)
                0x00000000c00194ca                EnvVarContainer::deleteEnv(char const*)
                0x00000000c00194cc                EnvVarContainer::loadFrom(char const*, char const*)
                0x00000000c00196c2                EnvVarContainer::__loadSystem()
                0x00000000c00196dc                EnvVarContainer::__loadUser()
                0x00000000c00196de                EnvVarContainer::EnvVarContainer(Process*)
                0x00000000c00196de                EnvVarContainer::EnvVarContainer(Process*)
                0x00000000c0019700                EnvVarContainer::~EnvVarContainer()
                0x00000000c0019700                EnvVarContainer::~EnvVarContainer()
                0x00000000c0019730                Krnl::getEnv(Process*, char const*)
                0x00000000c0019795                Krnl::setEnvSystem(char const*, char const*)
                0x00000000c00197af                Krnl::setEnvUser(char const*, char const*)
                0x00000000c00197ce                Krnl::setEnvProcess(Process*, char const*, char const*)
                0x00000000c00197e1                Krnl::deleteEnvSystem(char const*)
                0x00000000c00197e2                Krnl::deleteEnvUser(char const*)
                0x00000000c00197e3                Krnl::deleteEnvProcess(Process*, char const*)
                0x00000000c00197e4                Krnl::newProcessEnv(Process*)
                0x00000000c0019806                Krnl::copyProcessEnv(Process*, Process*)
                0x00000000c001985a                Krnl::loadSystemEnv()
                0x00000000c0019888                Krnl::loadUserEnv()
                0x00000000c00198ae                Krnl::flushEnv()
                0x00000000c00198af                Krnl::getProcessTotalEnvCount(Process*)
                0x00000000c00198cf                Krnl::getProcessEnvPair(Process*, int)
 .text          0x00000000c0019993      0x32c krnl/panic.32
                0x00000000c0019993                Krnl::panic(char const*)
 .text          0x00000000c0019cbf      0x3b6 net/ethernet.32
                0x00000000c0019cbf                Net::switchEndian16(unsigned short)
                0x00000000c0019ce0                Net::switchEndian32(unsigned int)
                0x00000000c0019d0f                Net::crc32Calc(unsigned char*, int)
                0x00000000c0019da0                Net::wrapEthernetFrame(Net::UnwrappedEthernetFrame, unsigned char*)
                0x00000000c0019edc                Net::unwrapEthernetFrame(unsigned char*, int)
 .text          0x00000000c001a075      0x513 reg/registry.32
                0x00000000c001a075                Reg::findLineFromLoadedData(char*, char*, char*)
                0x00000000c001a1cd                Reg::getLineFromRegistry(char*, char*, char*, char*)
                0x00000000c001a322                Reg::getLine(char*, char*, char*)
                0x00000000c001a359                Reg::readInt(char*, char*, int*)
                0x00000000c001a444                Reg::readString(char*, char*, char*, int)
                0x00000000c001a4c5                Reg::readBool(char*, char*, bool*)
                0x00000000c001a4ea                Reg::readBoolWithDefault(char*, char*, bool)
                0x00000000c001a516                Reg::readIntWithDefault(char*, char*, int)
                0x00000000c001a542                Reg::readStringWithDefault(char*, char*, char*, int, char*)
 .text          0x00000000c001a588       0x18 sys/sc_exit.32
                0x00000000c001a588                Sys::exit(regs*)
 .text          0x00000000c001a5a0       0x1f sys/sc_getcwd.32
                0x00000000c001a5a0                Sys::getCwd(regs*)
 .text          0x00000000c001a5bf        0xc sys/sc_getpid.32
                0x00000000c001a5bf                Sys::getPID(regs*)
 .text          0x00000000c001a5cb       0xa8 sys/sc_loaddll.32
                0x00000000c001a5cb                Sys::loadDLL(regs*)
 .text          0x00000000c001a673       0x68 sys/sc_read.32
                0x00000000c001a673                Sys::read(regs*)
 .text          0x00000000c001a6db       0x55 sys/sc_sbrk.32
                0x00000000c001a6db                Sys::sbrk(regs*)
 .text          0x00000000c001a730       0x1c sys/sc_setcwd.32
                0x00000000c001a730                Sys::setCwd(regs*)
 .text          0x00000000c001a74c      0x128 sys/sc_settime.32
                0x00000000c001a74c                Sys::setTime(regs*)
 .text          0x00000000c001a874       0x4a sys/sc_timezone.32
                0x00000000c001a874                Sys::timezone(regs*)
 .text          0x00000000c001a8be       0x68 sys/sc_write.32
                0x00000000c001a8be                Sys::write(regs*)
 .text          0x00000000c001a926       0x3b sys/sc_yield.32
                0x00000000c001a926                Sys::yield(regs*)
 .text          0x00000000c001a961     0x101e sys/syscalls.32
                0x00000000c001a961                sysCallSeekDir(regs*)
                0x00000000c001a966                sysCallTellDir(regs*)
                0x00000000c001a96b                sysCallVerify(regs*)
                0x00000000c001a975                sysCallGetArgc(regs*)
                0x00000000c001a985                sysFormatDisk(regs*)
                0x00000000c001a9ef                sysSetDiskVolumeLabel(regs*)
                0x00000000c001aa35                sysGetDiskVolumeLabel(regs*)
                0x00000000c001aa86                sysShutdown(regs*)
                0x00000000c001aae4                sysCallRealpath(regs*)
                0x00000000c001ab27                sysCallReadDir(regs*)
                0x00000000c001abb5                sysCallIsATTY(regs*)
                0x00000000c001ac0f                sysCallSeek(regs*)
                0x00000000c001ac78                sysCallTell(regs*)
                0x00000000c001acf5                sysCallSize(regs*)
                0x00000000c001ad78                sysCallSizeFromFilename(regs*)
                0x00000000c001ae38                sysCallClose(regs*)
                0x00000000c001aec0                sysCallOpenDir(regs*)
                0x00000000c001af35                sysCallCloseDir(regs*)
                0x00000000c001af9b                sysCallMakeDir(regs*)
                0x00000000c001b00b                sysCallWait(regs*)
                0x00000000c001b025                sysCallNotImpl(regs*)
                0x00000000c001b040                sysPanic(regs*)
                0x00000000c001b066                sysCallRmdir(regs*)
                0x00000000c001b0ca                sysCallUnlink(regs*)
                0x00000000c001b12e                sysCallGetArgv(regs*)
                0x00000000c001b17a                sysCallTTYName(regs*)
                0x00000000c001b1fd                sysCallUSleep(regs*)
                0x00000000c001b224                sysCallSpawn(regs*)
                0x00000000c001b27c                sysCallGetEnv(regs*)
                0x00000000c001b329                sysAppSettings(regs*)
                0x00000000c001b448                sysSetFatAttrib(regs*)
                0x00000000c001b4ba                sysPipe(regs*)
                0x00000000c001b4ff                sysGetUnixTime(regs*)
                0x00000000c001b513                string_ends_with(char const*, char const*)
                0x00000000c001b55b                sysCallOpen(regs*)
                0x00000000c001b770                Sys::loadSyscalls()
                0x00000000c001b93d                Sys::systemCall(regs*, void*)
 .text          0x00000000c001b97f     0x1189 thr/elf.32
                0x00000000c001b97f                Thr::allocateMemoryForTask(Process*, File*, unsigned long, unsigned long, unsigned long)
                0x00000000c001bbfc                Thr::loadProgramIntoMemory(Process*, char const*)
                0x00000000c001be12                Thr::runtimeReferenceHelper()
                0x00000000c001be25                Thr::getAddressOfKernelSymbol(char const*)
                0x00000000c001be74                Thr::loadKernelSymbolTable(char const*)
                0x00000000c001c130                Thr::loadDriverIntoMemory(char const*, unsigned long, bool)
                0x00000000c001c84c                Thr::getDriverBaseFromAddress(unsigned long)
                0x00000000c001c87e                Thr::getDriverNameFromAddress(unsigned long)
                0x00000000c001c8b5                Thr::getDriverOffsetFromAddress(unsigned long)
                0x00000000c001c8cf                Thr::loadDLL(char const*, bool)
                0x00000000c001cade                Thr::executeDLL(unsigned long, void*)
 .text          0x00000000c001cb08     0x1056 thr/prcssthr.32
                0x00000000c001cb08                changeTSS
                0x00000000c001cb38                Process::addArgs(char**)
                0x00000000c001cb92                Process::Process(char const*, Process*, char**)
                0x00000000c001cb92                Process::Process(char const*, Process*, char**)
                0x00000000c001cd76                Process::Process(bool, char const*, Process*, char**)
                0x00000000c001cd76                Process::Process(bool, char const*, Process*, char**)
                0x00000000c001cf25                disableIRQs()
                0x00000000c001cf2d                getIRQNestingLevel()
                0x00000000c001cf33                enableIRQs()
                0x00000000c001cf42                lockScheduler()
                0x00000000c001cf44                unlockScheduler()
                0x00000000c001cf46                userModeEntryPoint(void*)
                0x00000000c001cf69                lockStuff()
                0x00000000c001cf75                taskStartupFunction
                0x00000000c001cf7e                updateTimeUsed()
                0x00000000c001cfe3                switchToThread(ThreadControlBlock*)
                0x00000000c001d034                Semaphore::Semaphore(int)
                0x00000000c001d034                Semaphore::Semaphore(int)
                0x00000000c001d062                Mutex::Mutex()
                0x00000000c001d062                Mutex::Mutex()
                0x00000000c001d074                Process::createThread(void (*)(void*), void*, int)
                0x00000000c001d158                Process::createUserThread()
                0x00000000c001d174                setupMultitasking(void (*)())
                0x00000000c001d27e                schedule()
                0x00000000c001d303                unlockStuff()
                0x00000000c001d338                Semaphore::tryAcquire()
                0x00000000c001d366                Semaphore::assertLocked(char const*)
                0x00000000c001d396                blockTaskWithSchedulerLockAlreadyHeld(TaskState)
                0x00000000c001d3d8                blockTask(TaskState)
                0x00000000c001d3f9                waitTask(int, int*, int)
                0x00000000c001d43b                nanoSleepUntil(unsigned long long)
                0x00000000c001d492                nanoSleep(unsigned long long)
                0x00000000c001d4a7                sleep(unsigned long long)
                0x00000000c001d4c4                Semaphore::acquire()
                0x00000000c001d52c                taskReturned
                0x00000000c001d55a                unblockTask(ThreadControlBlock*)
                0x00000000c001d609                cleanupTerminatedTask(ThreadControlBlock*)
                0x00000000c001d8d2                cleanerTaskFunction(void*)
                0x00000000c001d985                terminateTask(int)
                0x00000000c001da65                Thr::terminateFromIRQ(int)
                0x00000000c001da72                Semaphore::release()
 .text          0x00000000c001db5e      0xc26 vm86/vm8086.32
                0x00000000c001db5e                Vm::inbv(unsigned short)
                0x00000000c001db71                Vm::outbv(unsigned short, unsigned char)
                0x00000000c001dbc4                Vm::realToLinear(unsigned short, unsigned short)
                0x00000000c001dbd4                Vm::getSegment(unsigned int)
                0x00000000c001dbdc                Vm::getOffset(unsigned int)
                0x00000000c001dbe1                Vm::mainloop2()
                0x00000000c001dc1c                Vm::mainVm8086Loop(void*)
                0x00000000c001dc29                Vm::mainloop3(unsigned long)
                0x00000000c001dc53                Vm::initialise8086()
                0x00000000c001dc96                Vm::finish8086()
                0x00000000c001dcdb                Vm::getOutput8086(unsigned char*)
                0x00000000c001dd05                Vm::start8086(char const*, unsigned short, unsigned short, unsigned short, unsigned short)
                0x00000000c001de55                Vm::doISR(regs*, int, unsigned char*, unsigned short, unsigned short)
                0x00000000c001dedf                Vm::readByteFromReal(unsigned short, unsigned short)
                0x00000000c001def0                Vm::readWordFromReal(unsigned short, unsigned short)
                0x00000000c001df02                Vm::readDwordFromReal(unsigned short, unsigned short)
                0x00000000c001df13                Vm::writeByteFromReal(unsigned short, unsigned short, unsigned char)
                0x00000000c001df28                Vm::writeWordFromReal(unsigned short, unsigned short, unsigned short)
                0x00000000c001df3e                Vm::writeDwordFromReal(unsigned short, unsigned short, unsigned int)
                0x00000000c001df53                Vm::faultHandler(regs*)
 .text          0x00000000c001e784      0xefd vm86/x87em.32
                0x00000000c001e784                Vm::fpuInternalTo32(unsigned long long)
                0x00000000c001e7df                Vm::fpuInternalTo64(unsigned long long)
                0x00000000c001e7e8                Vm::fpu32ToInternal(unsigned int)
                0x00000000c001e82d                Vm::fpu64ToInternal(unsigned long long)
                0x00000000c001e836                Vm::fpuFloatToLong(unsigned long long)
                0x00000000c001e891                Vm::fpuULongToFloat(unsigned long long)
                0x00000000c001e8c7                Vm::fpuLongToFloat(long long)
                0x00000000c001e91d                Vm::fpuGet0()
                0x00000000c001e922                Vm::fpuGet1()
                0x00000000c001e92a                Vm::fpuGetPi()
                0x00000000c001e932                Vm::fpuGetLog2E()
                0x00000000c001e94a                Vm::fpuGetLogE2()
                0x00000000c001e962                Vm::fpuGetLog210()
                0x00000000c001e97a                Vm::fpuGetLog102()
                0x00000000c001e992                Vm::fpuIsSecondLarger(unsigned long long, unsigned long long)
                0x00000000c001e9a6                Vm::fpuAreEqual(unsigned long long, unsigned long long)
                0x00000000c001e9bc                Vm::fpuUnorderedCompare(unsigned long long, unsigned long long)
                0x00000000c001ea0f                Vm::fpuAdd(unsigned long long, unsigned long long)
                0x00000000c001ea20                Vm::fpuAbs(unsigned long long)
                0x00000000c001ea29                Vm::fpuChs(unsigned long long)
                0x00000000c001ea39                Vm::fpuSub(unsigned long long, unsigned long long)
                0x00000000c001ea48                Vm::fpuMultiply(unsigned long long, unsigned long long)
                0x00000000c001ea67                Vm::fpuDivide(unsigned long long, unsigned long long)
                0x00000000c001ea83                Vm::fpuSquare(unsigned long long)
                0x00000000c001ea99                Vm::fpuGetReg(int)
                0x00000000c001eadc                Vm::fpuSetReg(int, unsigned long long)
                0x00000000c001eb27                Vm::fpuPush(unsigned long long)
                0x00000000c001eb84                Vm::fpuPop()
                0x00000000c001ebd6                Vm::x87Handler(regs*)
 *fill*         0x00000000c001f681        0x1 
 .text          0x00000000c001f682     0x10ed fs/fat/vfslink.32
                0x00000000c001f682                FAT::getName()
                0x00000000c001f688                FAT::tell(void*, unsigned long long*)
                0x00000000c001f6bc                FAT::stat(void*, unsigned long long*)
                0x00000000c001f6f0                FAT::~FAT()
                0x00000000c001f6f0                FAT::~FAT()
                0x00000000c001f714                FAT::~FAT()
                0x00000000c001f73c                FAT::getlabel(LogicalDisk*, int, char*, unsigned int*)
                0x00000000c001f7da                FAT::setlabel(LogicalDisk*, int, char*)
                0x00000000c001f894                FAT::format(LogicalDisk*, int, char const*, int)
                0x00000000c001fa78                FAT::tryMount(LogicalDisk*, int)
                0x00000000c001fc7e                FAT::readDir(void*, unsigned long, void*, int*)
                0x00000000c001fd84                FAT::read(void*, unsigned long, void*, int*)
                0x00000000c001fdde                FAT::write(void*, unsigned long, void*, int*)
                0x00000000c001fe38                FAT::close(void*)
                0x00000000c001fe84                FAT::closeDir(void*)
                0x00000000c001fed0                FAT::seek(void*, unsigned long long)
                0x00000000c001ff24                fatWrapperReadDisk
                0x00000000c001ff6b                fatWrapperWriteDisk
                0x00000000c001ffb2                fatWrapperIoctl
                0x00000000c00200b6                FAT::FAT()
                0x00000000c00200b6                FAT::FAT()
                0x00000000c0020108                FAT::fixFilepath(char*)
                0x00000000c0020140                FAT::open(char const*, void**, FileOpenMode)
                0x00000000c0020268                FAT::openDir(char const*, void**)
                0x00000000c002030e                FAT::stat(char const*, unsigned long long*, bool*)
                0x00000000c00203f8                FAT::unlink(char const*)
                0x00000000c0020472                FAT::chfatattr(char const*, unsigned char, unsigned char)
                0x00000000c00205c6                FAT::rename(char const*, char const*)
                0x00000000c002068a                FAT::mkdir(char const*)
                0x00000000c0020704                FAT::exists(char const*)
 *fill*         0x00000000c002076f        0x1 
 .text          0x00000000c0020770      0xbc1 fs/iso9660/vfslink.32
                0x00000000c0020770                ISO9660::format(LogicalDisk*, int, char const*, int)
                0x00000000c0020776                ISO9660::seek(void*, unsigned long long)
                0x00000000c00207a6                ISO9660::tell(void*, unsigned long long*)
                0x00000000c00207ca                ISO9660::getName()
                0x00000000c00207d0                ISO9660::stat(void*, unsigned long long*)
                0x00000000c00207f4                ISO9660::chfatattr(char const*, unsigned char, unsigned char)
                0x00000000c00207fa                ISO9660::unlink(char const*)
                0x00000000c0020800                ISO9660::write(void*, unsigned long, void*, int*)
                0x00000000c0020806                ISO9660::rename(char const*, char const*)
                0x00000000c002080c                ISO9660::mkdir(char const*)
                0x00000000c0020812                ISO9660::close(void*)
                0x00000000c0020834                ISO9660::closeDir(void*)
                0x00000000c0020856                ISO9660::~ISO9660()
                0x00000000c0020856                ISO9660::~ISO9660()
                0x00000000c002087a                ISO9660::~ISO9660()
                0x00000000c00208a1                __memmem(unsigned char*, int, unsigned char*, int)
                0x00000000c00208e3                readSectorFromCDROM(unsigned int, unsigned char*, char)
                0x00000000c002094a                ISO9660::tryMount(LogicalDisk*, int)
                0x00000000c002099a                ISO9660::read(void*, unsigned long, void*, int*)
                0x00000000c0020b9a                ISO9660::readDir(void*, unsigned long, void*, int*)
                0x00000000c0020e27                readRoot(unsigned int*, unsigned int*, char)
                0x00000000c0020e7c                readRecursively(char*, unsigned int, unsigned int, unsigned int*, unsigned int*, char, int*)
                0x00000000c002104f                getFileData(char*, unsigned int*, unsigned int*, char, int*)
                0x00000000c00210de                ISO9660::open(char const*, void**, FileOpenMode)
                0x00000000c002119e                ISO9660::exists(char const*)
                0x00000000c00211c2                ISO9660::stat(char const*, unsigned long long*, bool*)
                0x00000000c0021256                ISO9660::openDir(char const*, void**)
                0x00000000c002130e                ISO9660::ISO9660()
                0x00000000c002130e                ISO9660::ISO9660()
 *fill*         0x00000000c0021331        0x1 
 .text          0x00000000c0021332      0x326 hal/sound/sndchannel.32
                0x00000000c0021332                SoundChannel::~SoundChannel()
                0x00000000c0021332                SoundChannel::~SoundChannel()
                0x00000000c002134e                SoundChannel::setSpeed(float)
                0x00000000c002135a                SoundChannel::getSpeed()
                0x00000000c0021362                SoundChannel::setVolume(int)
                0x00000000c002137e                SoundChannel::getVolume()
                0x00000000c0021386                SoundChannel::pause()
                0x00000000c0021390                SoundChannel::SoundChannel(int, int, int, int)
                0x00000000c0021390                SoundChannel::SoundChannel(int, int, int, int)
                0x00000000c00214e6                SoundChannel::play()
                0x00000000c00214f0                SoundChannel::paused()
                0x00000000c00214f8                SoundChannel::getSampleRate()
                0x00000000c0021500                SoundChannel::getBits()
                0x00000000c0021508                SoundChannel::getBufferUsed()
                0x00000000c0021510                SoundChannel::getBufferSize()
                0x00000000c0021518                SoundChannel::unbuffer(float*, int, int)
                0x00000000c00215b8                SoundChannel::buffer8(unsigned char*, int)
 .text          0x00000000c0021658      0x3d5 hal/sound/sndhw.32
                0x00000000c0021658                SoundDevice::SoundDevice(char const*)
                0x00000000c0021658                SoundDevice::SoundDevice(char const*)
                0x00000000c00216c4                SoundDevice::~SoundDevice()
                0x00000000c00216c4                SoundDevice::~SoundDevice()
                0x00000000c002173e                SoundDevice::~SoundDevice()
                0x00000000c0021768                SoundDevice::getFreeChannelNum()
                0x00000000c0021782                SoundDevice::addChannel(SoundChannel*)
                0x00000000c00217f2                SoundDevice::removeChannel(int)
                0x00000000c0021824                SoundDevice::floatTo8(float*, unsigned char*, int)
                0x00000000c002190c                SoundDevice::getAudio(int, float*, float*)
 .text          0x00000000c0021a2d        0x0 hw/bus/isa.32
 *fill*         0x00000000c0021a2d        0x1 
 .text          0x00000000c0021a2e      0x6c3 hw/bus/pci.32
                0x00000000c0021a2e                PCI::open(int, int, void*)
                0x00000000c0021a42                PCI::close(int, int, void*)
                0x00000000c0021a46                PCI::PCI()
                0x00000000c0021a46                PCI::PCI()
                0x00000000c0021ac6                PCI::pciReadWord(unsigned char, unsigned char, unsigned char, unsigned char)
                0x00000000c0021b0e                PCI::getVendorID(unsigned char, unsigned char, unsigned char)
                0x00000000c0021b30                PCI::getHeaderType(unsigned char, unsigned char, unsigned char)
                0x00000000c0021b54                PCI::getClassCode(unsigned char, unsigned char, unsigned char)
                0x00000000c0021b98                PCI::getProgIF(unsigned char, unsigned char, unsigned char)
                0x00000000c0021bbc                PCI::getRevisionID(unsigned char, unsigned char, unsigned char)
                0x00000000c0021bde                PCI::getInterruptNumber(unsigned char, unsigned char, unsigned char)
                0x00000000c0021c00                PCI::getSecondaryBus(unsigned char, unsigned char, unsigned char)
                0x00000000c0021c24                PCI::getBARAddress(unsigned char, unsigned char, unsigned char, unsigned char)
                0x00000000c0021c84                PCI::pciWriteWord(unsigned char, unsigned char, unsigned char, unsigned char, unsigned short)
                0x00000000c0021cf0                PCI::checkBus(unsigned char)
                0x00000000c0021d14                PCI::foundDevice(PCIDeviceInfo)
                0x00000000c0021e86                PCI::getDeviceData(unsigned char, unsigned char, unsigned char)
                0x00000000c0022032                PCI::checkDevice(unsigned char, unsigned char)
                0x00000000c002209e                PCI::detect()
 *fill*         0x00000000c00220f1        0x1 
 .text          0x00000000c00220f2      0xc70 hw/diskctrl/ide.32
                0x00000000c00220f2                IDE::close(int, int, void*)
                0x00000000c00220f6                IDE::IDE()
                0x00000000c00220f6                IDE::IDE()
                0x00000000c002212a                IDE::prepareInterrupt(unsigned char)
                0x00000000c002213c                selectDrive(unsigned char, unsigned char)
                0x00000000c002213e                IDE::getBase(unsigned char)
                0x00000000c0022150                IDE::write(unsigned char, unsigned char, unsigned char)
                0x00000000c0022210                IDE::read(unsigned char, unsigned char)
                0x00000000c00222be                IDE::waitInterrupt(unsigned char)
                0x00000000c0022324                ideChannel0IRQHandler(regs*, void*)
                0x00000000c0022340                ideChannel1IRQHandler(regs*, void*)
                0x00000000c002235c                IDE::enableIRQs(unsigned char, bool)
                0x00000000c00223a2                IDE::open(int, int, void*)
                0x00000000c00227b2                IDE::readBuffer(unsigned char, unsigned char, unsigned int, unsigned int)
                0x00000000c002287e                IDE::detect()
                0x00000000c0022b66                IDE::printError(unsigned char, unsigned char, unsigned char)
                0x00000000c0022cfc                IDE::polling(unsigned char, unsigned int)
 .text          0x00000000c0022d62      0x37a hw/diskctrl/satabus.32
                0x00000000c0022d62                SATABus::close(int, int, void*)
                0x00000000c0022d66                SATABus::detect()
                0x00000000c0022d68                SATABus::SATABus()
                0x00000000c0022d68                SATABus::SATABus()
                0x00000000c0022e14                SATABus::findCmdslot(SATABus::tagHBA_PORT volatile*)
                0x00000000c0022e5c                SATABus::checkType(SATABus::tagHBA_PORT volatile*)
                0x00000000c0022ea4                SATABus::startCmd(SATABus::tagHBA_PORT volatile*)
                0x00000000c0022ec4                SATABus::stopCmd(SATABus::tagHBA_PORT volatile*)
                0x00000000c0022eee                SATABus::portRebase(SATABus::tagHBA_PORT volatile*, int)
                0x00000000c0022ff4                SATABus::probePort(SATABus::tagHBA_MEM volatile*)
                0x00000000c00230bc                SATABus::open(int, int, void*)
 .text          0x00000000c00230dc      0x62b hw/diskphys/ata.32
                0x00000000c00230dc                ATA::close(int, int, void*)
                0x00000000c0023100                ATA::powerSaving(PowerSavingLevel)
                0x00000000c0023102                ATA::ATA()
                0x00000000c0023102                ATA::ATA()
                0x00000000c0023130                ATA::flush(bool)
                0x00000000c002317a                ATA::readyForCommand()
                0x00000000c00231ca                ATA::access(unsigned long long, int, void*, bool)
                0x00000000c0023548                ATA::read(unsigned long long, int, void*)
                0x00000000c00235b0                ATA::write(unsigned long long, int, void*)
                0x00000000c0023618                ATA::detectCHS()
                0x00000000c0023642                ATA::open(int, int, void*)
 *fill*         0x00000000c0023707        0x1 
 .text          0x00000000c0023708      0x5b3 hw/diskphys/atapi.32
                0x00000000c0023708                ATAPI::write(unsigned long long, int, void*)
                0x00000000c002370e                ATAPI::close(int, int, void*)
                0x00000000c0023732                ATAPI::ATAPI()
                0x00000000c0023732                ATAPI::ATAPI()
                0x00000000c0023760                ATAPI::readyForCommand()
                0x00000000c00237b0                ATAPI::sendPacket(unsigned char*, int, bool, unsigned short*, int)
                0x00000000c0023a70                ATAPI::diskRemoved()
                0x00000000c0023a8c                ATAPI::eject()
                0x00000000c0023ad2                ATAPI::diskInserted()
                0x00000000c0023b00                ATAPI::detectMedia()
                0x00000000c0023bbc                ATAPI::open(int, int, void*)
                0x00000000c0023c3c                ATAPI::read(unsigned long long, int, void*)
 *fill*         0x00000000c0023cbb        0x1 
 .text          0x00000000c0023cbc      0x414 hw/diskphys/sata.32
                0x00000000c0023cbc                SATA::close(int, int, void*)
                0x00000000c0023ce0                SATA::powerSaving(PowerSavingLevel)
                0x00000000c0023ce2                SATA::open(int, int, void*)
                0x00000000c0023d3e                SATA::SATA()
                0x00000000c0023d3e                SATA::SATA()
                0x00000000c0023d6c                SATA::access(unsigned long long, int, void*, bool)
                0x00000000c0024000                SATA::read(unsigned long long, int, void*)
                0x00000000c0024068                SATA::write(unsigned long long, int, void*)
 .text          0x00000000c00240d0       0x8e hw/fpu/avx.32
                0x00000000c00240d0                AVX::open(int, int, void*)
                0x00000000c00240e2                AVX::close(int, int, void*)
                0x00000000c00240f4                AVX::available()
                0x00000000c0024106                AVX::save(void*)
                0x00000000c002411e                AVX::load(void*)
                0x00000000c0024136                AVX::AVX()
                0x00000000c0024136                AVX::AVX()
 .text          0x00000000c002415e       0x90 hw/fpu/mmx.32
                0x00000000c002415e                MMX::available()
                0x00000000c0024172                MMX::open(int, int, void*)
                0x00000000c0024184                MMX::close(int, int, void*)
                0x00000000c0024196                MMX::save(void*)
                0x00000000c00241ae                MMX::load(void*)
                0x00000000c00241c6                MMX::MMX()
                0x00000000c00241c6                MMX::MMX()
 .text          0x00000000c00241ee       0x96 hw/fpu/sse.32
                0x00000000c00241ee                SSE::open(int, int, void*)
                0x00000000c0024200                SSE::close(int, int, void*)
                0x00000000c0024212                SSE::available()
                0x00000000c002422c                SSE::save(void*)
                0x00000000c0024244                SSE::load(void*)
                0x00000000c002425c                SSE::SSE()
                0x00000000c002425c                SSE::SSE()
 .text          0x00000000c0024284       0x8e hw/fpu/x87.32
                0x00000000c0024284                x87::open(int, int, void*)
                0x00000000c0024296                x87::close(int, int, void*)
                0x00000000c00242a8                x87::available()
                0x00000000c00242ba                x87::save(void*)
                0x00000000c00242d2                x87::load(void*)
                0x00000000c00242ea                x87::x87()
                0x00000000c00242ea                x87::x87()
 .text          0x00000000c0024312      0x71e hw/intctrl/apic.32
                0x00000000c0024312                APIC::disable()
                0x00000000c0024314                APIC::close(int, int, void*)
                0x00000000c0024336                IOAPIC::close(int, int, void*)
                0x00000000c002433c                APIC::io_wait()
                0x00000000c0024342                APIC::getBase()
                0x00000000c0024384                APIC::eoi(unsigned char)
                0x00000000c00243b2                APIC::open(int, int, void*)
                0x00000000c0024500                IOAPIC::IOAPIC()
                0x00000000c0024500                IOAPIC::IOAPIC()
                0x00000000c0024528                APIC::APIC()
                0x00000000c0024528                APIC::APIC()
                0x00000000c0024604                IOAPIC::handlesGSIWithNumber(unsigned int)
                0x00000000c0024636                IOAPIC::read(int)
                0x00000000c002465e                IOAPIC::open(int, int, void*)
                0x00000000c0024754                IOAPIC::write(int, int)
                0x00000000c0024780                IOAPIC::redirect(unsigned char, unsigned long long, unsigned char, bool, bool)
                0x00000000c002487a                APIC::installIRQHandler(int, void (*)(regs*, void*), bool, void*)
 .text          0x00000000c0024a30      0x3d3 hw/intctrl/pic.32
                0x00000000c0024a30                PIC::disable()
                0x00000000c0024a5e                PIC::close(int, int, void*)
                0x00000000c0024a80                PIC::PIC()
                0x00000000c0024a80                PIC::PIC()
                0x00000000c0024b56                PIC::ioWait()
                0x00000000c0024b5c                PIC::getIRQReg(int)
                0x00000000c0024bc6                PIC::eoi(unsigned char)
                0x00000000c0024c58                PIC::remap()
                0x00000000c0024dc4                PIC::open(int, int, void*)
 *fill*         0x00000000c0024e03        0x1 
 .text          0x00000000c0024e04      0x25e hw/timer/apictimer.32
                0x00000000c0024e04                APICTimer::close(int, int, void*)
                0x00000000c0024e0a                apicTimerHandler(regs*, void*)
                0x00000000c0024e38                APICTimer::write(int)
                0x00000000c0024f3c                APICTimer::open(int, int, void*)
                0x00000000c002503a                APICTimer::APICTimer()
                0x00000000c002503a                APICTimer::APICTimer()
 .text          0x00000000c0025062      0x1a7 hw/timer/pit.32
                0x00000000c0025062                PIT::write(int)
                0x00000000c00250e0                pitHandler(regs*, void*)
                0x00000000c002510c                PIT::open(int, int, void*)
                0x00000000c002515a                PIT::close(int, int, void*)
                0x00000000c002518a                PIT::PIT()
                0x00000000c002518a                PIT::PIT()
 *fill*         0x00000000c0025209        0x7 
 .text          0x00000000c0025210       0x1e hw/fpu/x86/avx.32
                0x00000000c0025210                avxDetect
                0x00000000c0025216                avxSave
                0x00000000c0025217                avxLoad
                0x00000000c0025218                avxInit
                0x00000000c0025219                avxClose
                0x00000000c002521a                wouldSheSayYes
 *fill*         0x00000000c002522e        0x2 
 .text          0x00000000c0025230       0x35 hw/fpu/x86/sse.32
                0x00000000c0025230                absolutelyNoChanceInHell
                0x00000000c0025230                sseDetect
                0x00000000c0025248                sseSave
                0x00000000c002524e                sseLoad
                0x00000000c0025254                sseInit
                0x00000000c0025264                sseClose
 *fill*         0x00000000c0025265        0xb 
 .text          0x00000000c0025270       0x47 hw/fpu/x86/x87.32
                0x00000000c0025276                x87Detect
                0x00000000c0025291                x87Save
                0x00000000c0025297                x87Load
                0x00000000c002529c                x87Init
                0x00000000c00252b6                x87Close
 *fill*         0x00000000c00252b7        0x1 
 .text          0x00000000c00252b8       0x25 /cygdrive/d/Users/Alex/Desktop/Toolchain/Output/bin/../lib/gcc/i386-banana/8.1.0/crtend.o
 .text          0x00000000c00252dd        0x0 crtn.32
 *fill*         0x00000000c00252dd        0x3 
 .text          0x00000000c00252e0      0x14b /cygdrive/d/Users/Alex/Desktop/Toolchain/Output/bin/../lib/gcc/i386-banana/8.1.0/libkgcc.a(_divdi3.o)
                0x00000000c00252e0                __divdi3
 *fill*         0x00000000c002542b        0x1 
 .text          0x00000000c002542c      0x17e /cygdrive/d/Users/Alex/Desktop/Toolchain/Output/bin/../lib/gcc/i386-banana/8.1.0/libkgcc.a(_moddi3.o)
                0x00000000c002542c                __moddi3
 *fill*         0x00000000c00255aa        0x2 
 .text          0x00000000c00255ac       0xff /cygdrive/d/Users/Alex/Desktop/Toolchain/Output/bin/../lib/gcc/i386-banana/8.1.0/libkgcc.a(_udivdi3.o)
                0x00000000c00255ac                __udivdi3
 *fill*         0x00000000c00256ab        0x1 
 .text          0x00000000c00256ac      0x11a /cygdrive/d/Users/Alex/Desktop/Toolchain/Output/bin/../lib/gcc/i386-banana/8.1.0/libkgcc.a(_umoddi3.o)
                0x00000000c00256ac                __umoddi3
 .text          0x00000000c00257c6      0x96d D:/Users/Alex/Desktop/Banana/kernel/libsoftfp.a(sfieeelib.o)
                0x00000000c00257c6                __addsf3
                0x00000000c0025ac8                __subsf3
                0x00000000c0025adc                __negsf2
                0x00000000c0025ae9                __mulsf3
                0x00000000c0025cac                __divsf3
                0x00000000c0025ed7                __floatsisf
                0x00000000c0025f4b                __floatunsisf
                0x00000000c0025f8d                __fixsfsi
                0x00000000c0025fef                __fixunssfsi
                0x00000000c0026020                __cmpsf2
                0x00000000c00260b5                __eqsf2
                0x00000000c00260f0                __nesf2
                0x00000000c00260f2                __gtsf2
                0x00000000c002612d                __gesf2
                0x00000000c002612f                __ltsf2
                0x00000000c0026131                __lesf2
 .text          0x00000000c0026133      0xf50 D:/Users/Alex/Desktop/Banana/kernel/libsoftfp.a(dfieeelib.o)
                0x00000000c0026133                __adddf3
                0x00000000c0026784                __subdf3
                0x00000000c002679f                __negdf2
                0x00000000c00267b0                __muldf3
                0x00000000c0026a94                __divdf3
                0x00000000c0026e13                __floatsidf
                0x00000000c0026e6e                __floatunsidf
                0x00000000c0026eac                __fixdfsi
                0x00000000c0026f19                __fixunsdfsi
                0x00000000c0026f55                __cmpdf2
                0x00000000c0027043                __eqdf2
                0x00000000c002705f                __nedf2
                0x00000000c0027061                __gtdf2
                0x00000000c002707d                __gedf2
                0x00000000c002707f                __ltdf2
                0x00000000c0027081                __ledf2
 .text          0x00000000c0027083      0x18d D:/Users/Alex/Desktop/Banana/kernel/libsoftfp.a(sfdfcvt.o)
                0x00000000c0027083                __truncdfsf2
                0x00000000c00271a7                __extendsfdf2
 .text          0x00000000c0027210       0x1e D:/Users/Alex/Desktop/Banana/kernel/libk/libm32.a(s_fabs.c.o)
                0x00000000c0027210                fabs
 *fill*         0x00000000c002722e        0x2 
 .text          0x00000000c0027230        0xc D:/Users/Alex/Desktop/Banana/kernel/libk/libm32.a(s_lrint.S.o)
                0x00000000c0027230                lrint
 .text          0x00000000c002723c        0xc D:/Users/Alex/Desktop/Banana/kernel/libk/libm32.a(s_lrintf.S.o)
                0x00000000c002723c                lrintf
 *(.gnu.linkonce.t*)

.iplt           0x00000000c0027248        0x0
 .iplt          0x00000000c0027248        0x0 D:/Users/Alex/Desktop/Banana/kernel/boot.32

.init           0x00000000c0027248        0xf
 .init          0x00000000c0027248        0x3 crti.32
                0x00000000c0027248                _init
 .init          0x00000000c002724b        0x5 /cygdrive/d/Users/Alex/Desktop/Toolchain/Output/bin/../lib/gcc/i386-banana/8.1.0/crtbegin.o