Archive member included to satisfy reference by file (symbol)

/cygdrive/d/Users/Alex/Desktop/Toolchain/Output/bin/../lib/gcc/i386-banana/8.1.0/libkgcc.a(_divdi3.o)
                              krnl/resolve.32 (__divdi3)
/cygdrive/d/Users/Alex/Desktop/Toolchain/Output/bin/../lib/gcc/i386-banana/8.1.0/libkgcc.a(_moddi3.o)
                              krnl/resolve.32 (__moddi3)
/cygdrive/d/Users/Alex/Desktop/Toolchain/Output/bin/../lib/gcc/i386-banana/8.1.0/libkgcc.a(_udivdi3.o)
                              hal/clock.32 (__udivdi3)
/cygdrive/d/Users/Alex/Desktop/Toolchain/Output/bin/../lib/gcc/i386-banana/8.1.0/libkgcc.a(_umoddi3.o)
                              core/pipe.32 (__umoddi3)

Allocating common symbols
Common symbol       size              file

dcache              0x40              fs/iso9660/iso9660.32
cdDriveLetter       0x1               fs/iso9660/iso9660.32
icache              0x40              fs/iso9660/iso9660.32

Discarded input sections

 .comment       0x0000000000000000       0x12 /cygdrive/d/Users/Alex/Desktop/Toolchain/Output/bin/../lib/gcc/i386-banana/8.1.0/crtbegin.o
 .comment       0x0000000000000000       0x12 acpica/utclib.32
 .comment       0x0000000000000000       0x12 core/malloc.32
 .comment       0x0000000000000000       0x12 libk/ctype.32
 .comment       0x0000000000000000       0x12 libk/string.32
 .comment       0x0000000000000000       0x12 fs/fat/diskio.32
 .comment       0x0000000000000000       0x12 fs/fat/ff.32
 .comment       0x0000000000000000       0x12 fs/fat/ffsystem.32
 .comment       0x0000000000000000       0x12 fs/fat/ffunicode.32
 .comment       0x0000000000000000       0x12 fs/iso9660/iso9660.32
 .group         0x0000000000000000       0x14 core/computer.32
 .group         0x0000000000000000        0xc core/computer.32
 .comment       0x0000000000000000       0x12 core/computer.32
 .comment       0x0000000000000000       0x12 core/gdt.32
 .group         0x0000000000000000        0xc core/idle.32
 .comment       0x0000000000000000       0x12 core/idle.32
 .comment       0x0000000000000000       0x12 core/idt.32
 .comment       0x0000000000000000       0x12 core/kheap.32
 .comment       0x0000000000000000       0x12 core/main.32
 .comment       0x0000000000000000       0x12 core/physmgr.32
 .group         0x0000000000000000        0xc core/pipe.32
 .comment       0x0000000000000000       0x12 core/pipe.32
 .group         0x0000000000000000        0xc core/terminal.32
 .comment       0x0000000000000000       0x12 core/terminal.32
 .comment       0x0000000000000000       0x12 core/tss.32
 .group         0x0000000000000000        0x8 core/unixfile.32
 .group         0x0000000000000000        0x8 core/unixfile.32
 .group         0x0000000000000000        0xc core/unixfile.32
 .group         0x0000000000000000        0x8 core/unixfile.32
 .group         0x0000000000000000        0xc core/unixfile.32
 .group         0x0000000000000000        0x8 core/unixfile.32
 .group         0x0000000000000000        0xc core/unixfile.32
 .group         0x0000000000000000        0xc core/unixfile.32
 .comment       0x0000000000000000       0x12 core/unixfile.32
 .comment       0x0000000000000000       0x12 core/virtmgr.32
 .comment       0x0000000000000000       0x12 coreobjs/c++.32
 .comment       0x0000000000000000       0x12 dbg/kconsole.32
 .comment       0x0000000000000000       0x12 dbg/usban.32
 .comment       0x0000000000000000       0x12 fs/symlink.32
 .group         0x0000000000000000        0xc fs/vfs.32
 .group         0x0000000000000000        0xc fs/vfs.32
 .group         0x0000000000000000        0xc fs/vfs.32
 .comment       0x0000000000000000       0x12 fs/vfs.32
 .group         0x0000000000000000        0xc hal/bus.32
 .comment       0x0000000000000000       0x12 hal/bus.32
 .comment       0x0000000000000000       0x12 hal/buzzer.32
 .group         0x0000000000000000        0xc hal/clock.32
 .comment       0x0000000000000000       0x12 hal/clock.32
 .group         0x0000000000000000       0x14 hal/device.32
 .group         0x0000000000000000        0xc hal/device.32
 .group         0x0000000000000000        0x8 hal/device.32
 .group         0x0000000000000000        0xc hal/device.32
 .group         0x0000000000000000        0xc hal/device.32
 .comment       0x0000000000000000       0x12 hal/device.32
 .group         0x0000000000000000        0xc hal/diskctrl.32
 .comment       0x0000000000000000       0x12 hal/diskctrl.32
 .group         0x0000000000000000        0xc hal/diskphys.32
 .comment       0x0000000000000000       0x12 hal/diskphys.32
 .comment       0x0000000000000000       0x12 hal/fpu.32
 .comment       0x0000000000000000       0x12 hal/intctrl.32
 .group         0x0000000000000000        0xc hal/keybrd.32
 .comment       0x0000000000000000       0x12 hal/keybrd.32
 .group         0x0000000000000000        0xc hal/logidisk.32
 .comment       0x0000000000000000       0x12 hal/logidisk.32
[...]
Memory Configuration

Name             Origin             Length             Attributes
*default*        0x0000000000000000 0xffffffffffffffff

Linker script and memory map

LOAD D:/Users/Alex/Desktop/Banana/kernel/boot.32
LOAD crti.32
LOAD /cygdrive/d/Users/Alex/Desktop/Toolchain/Output/bin/../lib/gcc/i386-banana/8.1.0/crtbegin.o
LOAD D:/Users/Alex/Desktop/Banana/kernel/morenasm.32
LOAD acpica/utclib.32
LOAD core/malloc.32
LOAD libk/ctype.32
LOAD libk/string.32
LOAD fs/fat/diskio.32
LOAD fs/fat/ff.32
LOAD fs/fat/ffsystem.32
LOAD fs/fat/ffunicode.32
LOAD fs/iso9660/iso9660.32
LOAD core/computer.32
LOAD core/gdt.32
LOAD core/idle.32
LOAD core/idt.32
LOAD core/kheap.32
LOAD core/main.32
LOAD core/physmgr.32
LOAD core/pipe.32
LOAD core/terminal.32
LOAD core/tss.32
LOAD core/unixfile.32
LOAD core/virtmgr.32
LOAD coreobjs/c++.32
LOAD dbg/kconsole.32
LOAD dbg/usban.32
LOAD fs/symlink.32
LOAD fs/vfs.32
LOAD hal/bus.32
LOAD hal/buzzer.32
LOAD hal/clock.32
LOAD hal/device.32
LOAD hal/diskctrl.32
LOAD hal/diskphys.32
LOAD hal/fpu.32
LOAD hal/intctrl.32
LOAD hal/keybrd.32
LOAD hal/logidisk.32
LOAD hal/mouse.32
LOAD hal/nic.32
LOAD hal/partition.32
LOAD hal/serial.32
LOAD hal/timer.32
LOAD hal/vcache.32
LOAD hal/video.32
LOAD hw/acpi.32
LOAD hw/cpu.32
LOAD krnl/atexit.32
LOAD krnl/bootmsg.32
LOAD krnl/compat.32
LOAD krnl/env.32
LOAD krnl/inlines.32
LOAD krnl/panic.32
LOAD krnl/powctrl.32
LOAD krnl/random.32
LOAD krnl/resolve.32
LOAD krnl/signal.32
LOAD krnl/syscalls.32
LOAD net/ethernet.32
LOAD reg/cm.32
LOAD reg/registry.32
LOAD sys/eject.32
LOAD sys/exit.32
LOAD sys/getcwd.32
LOAD sys/getpid.32
LOAD sys/getramdata.32
LOAD sys/getvgaptr.32
LOAD sys/kill.32
LOAD sys/loaddll.32
LOAD sys/read.32
LOAD sys/registersignal.32
LOAD sys/registry.32
LOAD sys/sbrk.32
LOAD sys/setcwd.32
LOAD sys/settime.32
LOAD sys/timezone.32
LOAD sys/truncate.32
LOAD sys/write.32
LOAD sys/wsbe.32
LOAD sys/yield.32
LOAD thr/elf.32
LOAD thr/prcssthr.32
LOAD vm86/vm8086.32
LOAD arch/i386/hal.32
LOAD arch/i386/pic.32
LOAD arch/i386/rtc.32
LOAD arch/i386/vga.32
LOAD fs/fat/vfslink.32
LOAD fs/iso9660/helper.32
LOAD fs/iso9660/vfslink.32
LOAD hal/sound/sndcard.32
LOAD hal/sound/sndport.32
LOAD hw/bus/isa.32
LOAD hw/bus/pci.32
LOAD hw/diskctrl/ide.32
LOAD hw/diskctrl/satabus.32
LOAD hw/diskphys/ata.32
LOAD hw/diskphys/atapi.32
LOAD hw/diskphys/sata.32
LOAD hw/diskphys/satapi.32
LOAD hw/intctrl/apic.32
LOAD hw/timer/apictimer.32
LOAD hw/timer/pit.32
LOAD arch/i386/avx.32
LOAD arch/i386/interrupt.32
LOAD arch/i386/rdrand.32
LOAD arch/i386/sse.32
LOAD arch/i386/x87.32
LOAD /cygdrive/d/Users/Alex/Desktop/Toolchain/Output/bin/../lib/gcc/i386-banana/8.1.0/crtend.o
LOAD crtn.32
LOAD /cygdrive/d/Users/Alex/Desktop/Toolchain/Output/bin/../lib/gcc/i386-banana/8.1.0/libkgcc.a
LOAD D:/Users/Alex/Desktop/Banana/kernel/libsoftfp.a
LOAD D:/Users/Alex/Desktop/Banana/kernel/libk/libm32.a
                0x00000000c0000000                . = 0xc0000000

.text           0x00000000c0000000    0x1f4ea
 *(.text)
 .text          0x00000000c0000000       0x20 D:/Users/Alex/Desktop/Banana/kernel/boot.32
 .text          0x00000000c0000020        0x0 crti.32
 .text          0x00000000c0000020      0x101 /cygdrive/d/Users/Alex/Desktop/Toolchain/Output/bin/../lib/gcc/i386-banana/8.1.0/crtbegin.o
 *fill*         0x00000000c0000121        0xf 
 .text          0x00000000c0000130      0x24f D:/Users/Alex/Desktop/Banana/kernel/morenasm.32
                0x00000000c0000130                manualPCIProbe
                0x00000000c000017b                prepareTramp
                0x00000000c0000194                doTPAUSE
                0x00000000c000019e                hasLegacyFPU
                0x00000000c00001c3                is486
                0x00000000c00001f9                detectCPUID
                0x00000000c000020f                goToVM86
                0x00000000c000023f                goToUsermode
                0x00000000c0000269                switchToThreadASMFirstTime
                0x00000000c0000277                switchToThreadASM
                0x00000000c00002fc                asmQuickAcquireLock
                0x00000000c000031a                asmQuickReleaseLock
                0x00000000c0000326                asmAcquireLock
                0x00000000c0000347                asmReleaseLock
                0x00000000c000035a                loadGDT
                0x00000000c000037a                memcpy
 *fill*         0x00000000c000037f        0x1 
 .text          0x00000000c0000380      0x868 acpica/utclib.32
                0x00000000c0000380                memcmp
                0x00000000c00003d0                memmove
                0x00000000c00004f0                memset
                0x00000000c0000570                strlen
                0x00000000c00005a0                strpbrk
                0x00000000c00005f0                strtok
                0x00000000c0000640                strcpy
                0x00000000c0000680                strncpy
                0x00000000c0000750                strcmp
                0x00000000c00007a0                strchr
                0x00000000c00007e0                strncmp
                0x00000000c0000840                strcat
                0x00000000c0000870                strncat
                0x00000000c00008d0                strstr
                0x00000000c0000930                toupper
                0x00000000c0000950                tolower
                0x00000000c0000970                simple_strtoul
 .text          0x00000000c0000be8      0xfaa core/malloc.32
                0x00000000c0000d53                dlfree
                0x00000000c00010ab                dlmalloc
                0x00000000c00015e8                dlrealloc
                0x00000000c000178b                dlmemalign
                0x00000000c00018ae                dlcalloc
                0x00000000c0001948                dlcfree
                0x00000000c000194d                dlindependent_calloc
                0x00000000c0001972                dlindependent_comalloc
                0x00000000c0001989                dlvalloc
                0x00000000c00019b4                dlpvalloc
                0x00000000c00019ea                dlmalloc_trim
                0x00000000c00019f7                dlmalloc_usable_size
                0x00000000c0001a28                dlmallinfo
                0x00000000c0001af7                dlmalloc_stats
                0x00000000c0001b08                dlmallopt
 *fill*         0x00000000c0001b92        0x2 
 .text          0x00000000c0001b94      0x1f2 libk/ctype.32
                0x00000000c0001b94                isblank
                0x00000000c0001bb4                iscntrl
                0x00000000c0001bd4                isdigit
                0x00000000c0001bf0                islower
                0x00000000c0001c0c                isspace
                0x00000000c0001c34                isupper
                0x00000000c0001c50                isalpha
                0x00000000c0001c80                isalnum
                0x00000000c0001cb0                ispunct
                0x00000000c0001cf0                isgraph
                0x00000000c0001d20                isprint
                0x00000000c0001d48                isxdigit
 .text          0x00000000c0001d86        0x0 libk/string.32
 .text          0x00000000c0001d86       0x51 fs/fat/diskio.32
                0x00000000c0001d86                disk_status
                0x00000000c0001d89                disk_initialize
                0x00000000c0001d8c                disk_read
                0x00000000c0001da2                disk_write
                0x00000000c0001db8                disk_ioctl
 .text          0x00000000c0001dd7     0x3e46 fs/fat/ff.32
                0x00000000c0003bf8                f_mount
                0x00000000c0003c5a                f_open
                0x00000000c0003f1d                f_read
                0x00000000c000411c                f_write
                0x00000000c0004364                f_sync
                0x00000000c0004429                f_close
                0x00000000c0004458                f_lseek
                0x00000000c0004609                f_opendir
                0x00000000c00046d4                f_closedir
                0x00000000c00046f6                f_readdir
                0x00000000c0004788                f_stat
                0x00000000c0004807                f_getfree
                0x00000000c0004910                f_truncate
                0x00000000c00049fa                f_unlink
                0x00000000c0004b1c                f_mkdir
                0x00000000c0004cb7                f_rename
                0x00000000c0004e6f                f_chmod
                0x00000000c0004f1f                f_utime
                0x00000000c0004fcf                f_getlabel
                0x00000000c0005120                f_setlabel
                0x00000000c00052b0                f_expand
                0x00000000c000541d                f_mkfs
 *fill*         0x00000000c0005c1d        0x3 
 .text          0x00000000c0005c20       0x2f fs/fat/ffsystem.32
                0x00000000c0005c20                ff_memalloc
                0x00000000c0005c38                ff_memfree
 *fill*         0x00000000c0005c4f        0x1 
 .text          0x00000000c0005c50      0x2dc fs/fat/ffunicode.32
                0x00000000c0005c50                ff_uni2oem
                0x00000000c0005cf0                ff_oem2uni
                0x00000000c0005d68                ff_wtoupper
 .text          0x00000000c0005f2c      0xd32 fs/iso9660/iso9660.32
                0x00000000c0006177                isoReadDiscSector
                0x00000000c0006212                strnicmp
                0x00000000c00064c1                stricmp
                0x00000000c000650d                iso_open
                0x00000000c0006597                iso_close
                0x00000000c00065b5                iso_read
                0x00000000c00066cb                iso_seek
                0x00000000c000674f                iso_tell
                0x00000000c0006780                iso_total
                0x00000000c00067ab                fn_postprocess
                0x00000000c00067d2                iso_readdir
                0x00000000c0006a29                iso_reset
                0x00000000c0006a46                init_percd
                0x00000000c0006b40                iso_ioctl
                0x00000000c0006b58                fs_iso9660_init
                0x00000000c0006bee                fs_iso9660_shutdown
 .text          0x00000000c0006c5e      0x6c3 core/computer.32
                0x00000000c0006c5e                Computer::close(int, int, void*)
                0x00000000c0006ca8                Krnl::firstTask()
                0x00000000c0006de6                Computer::Computer()
                0x00000000c0006de6                Computer::Computer()
                0x00000000c0006e96                Computer::setBootMessage(char const*)
                0x00000000c0006e98                Computer::detectFeatures()
                0x00000000c00070be                Computer::displayFeatures()
                0x00000000c00070c0                Computer::rdmsr(unsigned int)
                0x00000000c00070ec                Computer::wrmsr(unsigned int, unsigned long long)
                0x00000000c0007128                Computer::shutdown()
                0x00000000c0007140                Computer::restart()
                0x00000000c0007158                Computer::sleep()
                0x00000000c000716c                Computer::nmiEnabled()
                0x00000000c0007178                Computer::readCMOS(unsigned char)
                0x00000000c0007196                Computer::enableNMI(bool)
                0x00000000c00071ae                Computer::open(int, int, void*)
                0x00000000c0007282                Computer::disableNMI()
                0x00000000c0007292                Computer::writeCMOS(unsigned char, unsigned char)
                0x00000000c00072b6                Computer::handleNMI()
 *fill*         0x00000000c0007321        0x1 
 .text          0x00000000c0007322      0x1db core/gdt.32
                0x00000000c0007322                GDTEntry::setBase(unsigned int)
                0x00000000c000733e                GDTEntry::setLimit(unsigned int)
                0x00000000c000735c                GDT::GDT()
                0x00000000c000735c                GDT::GDT()
                0x00000000c0007372                GDT::addEntry(GDTEntry)
                0x00000000c0007394                GDT::getNumberOfEntries()
                0x00000000c000739c                GDT::flush()
                0x00000000c00073be                GDT::setup()
 .text          0x00000000c00074fd       0x1d core/idle.32
                0x00000000c00074fd                idleFunction(void*)
 *fill*         0x00000000c000751a        0x2 
 .text          0x00000000c000751c      0x46c core/idt.32
                0x00000000c000751c                IDTEntry::IDTEntry(bool)
                0x00000000c000751c                IDTEntry::IDTEntry(bool)
                0x00000000c0007596                IDTEntry::setOffset(unsigned int)
                0x00000000c00075ac                IDT::IDT()
                0x00000000c00075ac                IDT::IDT()
                0x00000000c00075ae                IDT::getPointerToInvalidOpcodeEntryForF00F()
                0x00000000c00075b6                IDT::addEntry(IDTEntry, int)
                0x00000000c00075d0                IDT::addEntry(int, void (*)(), bool)
                0x00000000c0007608                IDT::flush()
                0x00000000c0007622                IDT::setup()
 .text          0x00000000c0007988      0x188 core/kheap.32
                0x00000000c0007988                sbrk
                0x00000000c0007a1f                mmap
                0x00000000c0007a35                munmap
                0x00000000c0007a4b                liballoc_lock()
                0x00000000c0007a59                liballoc_unlock()
                0x00000000c0007a6f                liballoc_alloc(int)
                0x00000000c0007a87                liballoc_free(void*, int)
                0x00000000c0007aa2                realloc
                0x00000000c0007ab6                malloc
                0x00000000c0007ac6                free
                0x00000000c0007ad6                rfree
                0x00000000c0007ae6                calloc
 .text          0x00000000c0007b10       0xc7 core/main.32
                0x00000000c0007b10                KeEntryPoint
 .text          0x00000000c0007bd7      0x644 core/physmgr.32
                0x00000000c0007bd7                Phys::allocateDMA(unsigned long)
                0x00000000c0007cbf                Phys::freeDMA(unsigned long, unsigned long)
                0x00000000c0007cfa                Phys::setPageState(unsigned long, bool)
                0x00000000c0007d3a                Phys::getPageState(unsigned long)
                0x00000000c0007d56                Phys::freePage(unsigned long)
                0x00000000c0007dbf                Phys::allocatePage()
                0x00000000c0007e8e                Phys::allocateContiguousPages(int)
                0x00000000c0007ef5                Phys::allowSegmentToBeUsed(unsigned long, unsigned long)
                0x00000000c0007f2d                Phys::physicalMemorySetup(unsigned int)
 *fill*         0x00000000c000821b        0x1 
 .text          0x00000000c000821c      0x273 core/pipe.32
                0x00000000c000821c                Pipe::isAtty()
                0x00000000c0008220                Pipe::~Pipe()
                0x00000000c0008220                Pipe::~Pipe()
                0x00000000c0008244                Pipe::~Pipe()
                0x00000000c000826c                Pipe::write(unsigned long long, void*, int*)
                0x00000000c000832c                Pipe::read(unsigned long long, void*, int*)
                0x00000000c0008428                Pipe::Pipe(int)
                0x00000000c0008428                Pipe::Pipe(int)
 *fill*         0x00000000c000848f        0x1 
 .text          0x00000000c0008490      0xab3 core/terminal.32
                0x00000000c0008490                VgaText::isAtty()
                0x00000000c0008494                VgaText::~VgaText()
                0x00000000c0008494                VgaText::~VgaText()
                0x00000000c00084b8                VgaText::~VgaText()
                0x00000000c00084e2                VgaText::read(unsigned long long, void*, int*)
                0x00000000c0008502                setTerminalScrollLock(bool)
                0x00000000c0008503                doTerminalCycle()
                0x00000000c0008504                addToTerminalCycle(VgaText*)
                0x00000000c0008505                scrollTerminalScrollLock(int)
                0x00000000c0008506                VgaText::updateTitle()
                0x00000000c0008508                VgaText::load()
                0x00000000c000850a                VgaText::updateCursor()
                0x00000000c0008520                VgaText::doANSI_SGR(int)
                0x00000000c0008594                VgaText::setDefaultBgColour(VgaColour)
                0x00000000c00085a4                VgaText::setDefaultFgColour(VgaColour)
                0x00000000c00085b4                VgaText::setDefaultColours(VgaColour, VgaColour)
                0x00000000c00085d4                VgaText::setTitleTextColour(VgaColour)
                0x00000000c00085e0                VgaText::setTitleColour(VgaColour)
                0x00000000c00085ec                VgaText::setTitle(char*)
                0x00000000c00085ee                VgaText::combineColours(unsigned char, unsigned char)
                0x00000000c0008600                VgaText::scrollScreen()
                0x00000000c0008692                VgaText::combineCharAndColour(char, unsigned char)
                0x00000000c00086a2                VgaText::writeCharacter(char, VgaColour, VgaColour, int, int)
                0x00000000c0008732                VgaText::getCursorX()
                0x00000000c000873a                VgaText::getCursorY()
                0x00000000c0008742                VgaText::setCursor(int, int)
                0x00000000c0008759                setActiveTerminal(VgaText*)
                0x00000000c00087a4                VgaText::clearScreen()
                0x00000000c00087f2                VgaText::setCursorX(int)
                0x00000000c000880a                VgaText::setCursorY(int)
                0x00000000c0008822                VgaText::incrementCursor(bool)
                0x00000000c0008876                VgaText::decrementCursor(bool)
                0x00000000c0008898                VgaText::putchar(char, VgaColour, VgaColour)
                0x00000000c0008968                VgaText::putchar(char)
                0x00000000c0008a60                VgaText::putx(unsigned int)
                0x00000000c0008aa6                VgaText::puts(char const*)
                0x00000000c0008acc                VgaText::write(unsigned long long, void*, int*)
                0x00000000c0008b18                VgaText::puts(char const*, VgaColour, VgaColour)
                0x00000000c0008c66                VgaText::VgaText(char const*)
                0x00000000c0008c66                VgaText::VgaText(char const*)
                0x00000000c0008db6                VgaText::receiveKey(unsigned char)
                0x00000000c0008f42                VgaText::doUpdate()
 *fill*         0x00000000c0008f43        0x1 
 .text          0x00000000c0008f44      0x1a1 core/tss.32
                0x00000000c0008f44                TSS::TSS()
                0x00000000c0008f44                TSS::TSS()
                0x00000000c0008f54                TSS::setESP(unsigned long)
                0x00000000c0008f68                TSS::flush()
                0x00000000c0008f88                TSS::setup(unsigned long, unsigned long)
 *fill*         0x00000000c00090e5        0x1 
 .text          0x00000000c00090e6      0x4ca core/unixfile.32
                0x00000000c00090e6                ReservedFilename::read(unsigned long long, void*, int*)
                0x00000000c000913c                ReservedFilename::isAtty()
                0x00000000c0009158                ReservedFilename::write(unsigned long long, void*, int*)
                0x00000000c00091b6                UnixFile::getFileDescriptor()
                0x00000000c00091be                UnixFile::UnixFile(int)
                0x00000000c00091be                UnixFile::UnixFile(int)
                0x00000000c0009372                ReservedFilename::ReservedFilename(int)
                0x00000000c0009372                ReservedFilename::ReservedFilename(int)
                0x00000000c00093a4                UnixFile::~UnixFile()
                0x00000000c00093a4                UnixFile::~UnixFile()
                0x00000000c0009440                UnixFile::~UnixFile()
                0x00000000c0009468                ReservedFilename::~ReservedFilename()
                0x00000000c0009468                ReservedFilename::~ReservedFilename()
                0x00000000c000948c                ReservedFilename::~ReservedFilename()
                0x00000000c00094b3                KeGetFileFromDescriptor(int)
 .text          0x00000000c00095b0     0x1218 core/virtmgr.32
                0x00000000c00095b0                Virt::setPageState(unsigned long, Virt::VirtPageState)
                0x00000000c00095ea                Virt::getPageState(unsigned long)
                0x00000000c000960d                Virt::allocateKernelVirtualPages(int)
                0x00000000c0009732                Virt::freeSwapfilePage(unsigned long)
                0x00000000c0009755                Virt::swapIDToSector(unsigned long)
                0x00000000c000976b                Virt::allocateSwapfilePage()
                0x00000000c00097eb                Virt::virtualMemorySetup()
                0x00000000c000983c                Virt::setupPageSwapping(int)
                0x00000000c00098ae                VAS::setCPUSpecific(unsigned long)
                0x00000000c00098b0                VAS::VAS(VAS*)
                0x00000000c00098b0                VAS::VAS(VAS*)
                0x00000000c00098de                VAS::getForeignPageTableEntry(bool, unsigned long)
                0x00000000c000990c                VAS::getPageTableEntry(unsigned long)
                0x00000000c000992b                Virt::freeKernelVirtualPages(unsigned long)
                0x00000000c0009a68                VAS::freeAllocatedPages(unsigned long)
                0x00000000c0009a8c                VAS::virtualToPhysical(unsigned long)
                0x00000000c0009aa6                VAS::reflagRange(unsigned long, int, unsigned long, unsigned long)
                0x00000000c0009ae8                VAS::VAS()
                0x00000000c0009ae8                VAS::VAS()
                0x00000000c0009b52                VAS::setToWriteCombining(unsigned long, int)
                0x00000000c0009b86                VAS::mapOtherVASIn(bool, VAS*)
                0x00000000c0009bb2                VAS::~VAS()
                0x00000000c0009bb2                VAS::~VAS()
                0x00000000c0009d20                VAS::mapPage(unsigned long, unsigned long, int)
                0x00000000c0009e24                VAS::allocatePages(int, int)
                0x00000000c0009f1a                VAS::mapRange(unsigned long, unsigned long, int, int)
                0x00000000c0009f72                VAS::mapForeignPage(bool, VAS*, unsigned long, unsigned long, int)
                0x00000000c000a068                VAS::VAS(bool)
                0x00000000c000a068                VAS::VAS(bool)
                0x00000000c000a2b2                VAS::evict(unsigned long)
                0x00000000c000a390                VAS::tryLoadBackOffDisk(unsigned long)
                0x00000000c000a52a                VAS::allocateSharedMemoryWithKernel(unsigned long, unsigned long*)
                0x00000000c000a59e                VAS::freeSharedMemoryWithKernel(unsigned long, unsigned long)
                0x00000000c000a5ca                VAS::scanForEviction()
                0x00000000c000a6cd                mapVASFirstTime
 .text          0x00000000c000a7c8       0x5f coreobjs/c++.32
                0x00000000c000a7c8                __cxa_atexit
                0x00000000c000a7cb                __cxa_finalize
                0x00000000c000a7cc                __stack_chk_fail
                0x00000000c000a802                __cxa_pure_virtual
                0x00000000c000a813                operator new[](unsigned long)
                0x00000000c000a818                operator delete(void*, unsigned long)
                0x00000000c000a81d                operator delete[](void*)
                0x00000000c000a822                operator delete[](void*, unsigned long)
 .text          0x00000000c000a827      0x254 dbg/kconsole.32
                0x00000000c000a827                Dbg::stringifyxWithBase(unsigned int, char*, int)
                0x00000000c000a8c7                Dbg::logc(char)
                0x00000000c000a8e7                Dbg::logs(char*)
                0x00000000c000a906                Dbg::logWriteInt(unsigned int)
                0x00000000c000a924                Dbg::logWriteIntBase(unsigned int, int)
                0x00000000c000a945                Dbg::kprintf(char const*, ...)
 *fill*         0x00000000c000aa7b        0x1 
 .text          0x00000000c000aa7c      0x2d4 dbg/usban.32
                0x00000000c000aa7c                KiUbsanPrintDetails(char const*, void*)
                0x00000000c000aae8                __ubsan_handle_type_mismatch_v1
                0x00000000c000abc4                __ubsan_handle_pointer_overflow
                0x00000000c000abf0                __ubsan_handle_out_of_bounds
                0x00000000c000ac1c                __ubsan_handle_add_overflow
                0x00000000c000ac48                __ubsan_handle_load_invalid_value
                0x00000000c000ac74                __ubsan_handle_divrem_overflow
                0x00000000c000aca0                __ubsan_handle_mul_overflow
                0x00000000c000accc                __ubsan_handle_sub_overflow
                0x00000000c000acf8                __ubsan_handle_shift_out_of_bounds
                0x00000000c000ad24                __ubsan_handle_negate_overflow
 .text          0x00000000c000ad50      0x603 fs/symlink.32
                0x00000000c000ad50                KiCreateSymlinkID()
                0x00000000c000adbd                KiFlushSymlinkChanges()
                0x00000000c000ae90                KiDeinitialiseSymlinks(void*)
                0x00000000c000ae95                KeRegisterSymlink(char const*, unsigned long long)
                0x00000000c000af04                KiIsSymlinkRegistered(char const*)
                0x00000000c000af4b                KeDereferenceSymlink(char const*, char*)
                0x00000000c000b160                KeCreateSymlink(char const*, char const*)
                0x00000000c000b29d                KeInitialiseSymlinks()
 *fill*         0x00000000c000b353        0x1 
 .text          0x00000000c000b354      0xd78 fs/vfs.32
                0x00000000c000b354                File::read(unsigned long long, void*, int*)
                0x00000000c000b3ac                File::write(unsigned long long, void*, int*)
                0x00000000c000b404                Directory::read(unsigned long long, void*, int*)
                0x00000000c000b45c                Directory::write(unsigned long long, void*, int*)
                0x00000000c000b48a                File::isAtty()
                0x00000000c000b48e                Directory::isAtty()
                0x00000000c000b492                Filesystem::getlabel(LogicalDisk*, int, char*, unsigned int*)
                0x00000000c000b498                Filesystem::setlabel(LogicalDisk*, int, char*)
                0x00000000c000b49e                Filesystem::allocateSwapfile(char const*, int)
                0x00000000c000b4a4                File::~File()
                0x00000000c000b4a4                File::~File()
                0x00000000c000b4c8                File::~File()
                0x00000000c000b4f2                Directory::~Directory()
                0x00000000c000b4f2                Directory::~Directory()
                0x00000000c000b516                Directory::~Directory()
                0x00000000c000b540                Filesystem::Filesystem()
                0x00000000c000b540                Filesystem::Filesystem()
                0x00000000c000b564                Filesystem::~Filesystem()
                0x00000000c000b564                Filesystem::~Filesystem()
                0x00000000c000b572                Filesystem::~Filesystem()
                0x00000000c000b596                Fs::getcwd(Process*, char*, int)
                0x00000000c000b5c0                Fs::initVFS()
                0x00000000c000b5ea                Fs::standardiseFiles(char*, char const*, char const*, bool)
                0x00000000c000b848                File::File(char const*, Process*)
                0x00000000c000b848                File::File(char const*, Process*)
                0x00000000c000b910                File::open(FileOpenMode)
                0x00000000c000b96e                File::close()
                0x00000000c000b9ce                File::seek(unsigned long long)
                0x00000000c000ba24                File::truncate(unsigned long long)
                0x00000000c000ba7a                File::tell(unsigned long long*)
                0x00000000c000baca                File::rewind()
                0x00000000c000bade                File::unlink()
                0x00000000c000bb2a                File::rename(char const*)
                0x00000000c000bb78                File::chfatattr(unsigned char, unsigned char)
                0x00000000c000bbd4                File::exists()
                0x00000000c000bc12                File::stat(unsigned long long*, bool*)
                0x00000000c000bc73                Fs::setcwd(Process*, char*)
                0x00000000c000bdd2                Directory::Directory(char const*, Process*)
                0x00000000c000bdd2                Directory::Directory(char const*, Process*)
                0x00000000c000be9a                Directory::open()
                0x00000000c000bef6                Directory::close()
                0x00000000c000bf56                Directory::unlink()
                0x00000000c000bfa2                Directory::rename(char const*)
                0x00000000c000bff0                Directory::exists()
                0x00000000c000c02e                Directory::read(dirent*)
                0x00000000c000c07a                Directory::create()
                0x00000000c000c0c6                Filesystem::chfatattr(char const*, unsigned char, unsigned char)
 .text          0x00000000c000c0cc       0x86 hal/bus.32
                0x00000000c000c0cc                Bus::Bus(char const*)
                0x00000000c000c0cc                Bus::Bus(char const*)
                0x00000000c000c104                Bus::~Bus()
                0x00000000c000c104                Bus::~Bus()
                0x00000000c000c128                Bus::~Bus()
 .text          0x00000000c000c152       0x96 hal/buzzer.32
                0x00000000c000c152                beepThread(void*)
                0x00000000c000c18f                Krnl::beep(int, int, bool)
 .text          0x00000000c000c1e8      0x45f hal/clock.32
                0x00000000c000c1e8                User::loadClockSettings(int)
                0x00000000c000c23a                Clock::Clock(char const*)
                0x00000000c000c23a                Clock::Clock(char const*)
                0x00000000c000c270                Clock::~Clock()
                0x00000000c000c270                Clock::~Clock()
                0x00000000c000c294                Clock::~Clock()
                0x00000000c000c2be                Clock::timeInSecondsLocal()
                0x00000000c000c306                Clock::setTimeInSecondsLocal(unsigned long long)
                0x00000000c000c35f                datetimeToSeconds(datetime_t)
                0x00000000c000c47e                Clock::setTimeInDatetimeLocal(datetime_t)
                0x00000000c000c4de                secondsToDatetime(unsigned long long)
                0x00000000c000c622                Clock::timeInDatetimeLocal()
 *fill*         0x00000000c000c647        0x1 
 .text          0x00000000c000c648      0x464 hal/device.32
                0x00000000c000c648                Device::hibernate()
                0x00000000c000c64a                Device::wake()
                0x00000000c000c64c                Device::detect()
                0x00000000c000c64e                Device::disableLegacy()
                0x00000000c000c650                Device::powerSaving(PowerSavingLevel)
                0x00000000c000c652                DriverlessDevice::close(int, int, void*)
                0x00000000c000c656                DriverlessDevice::detect()
                0x00000000c000c658                DriverlessDevice::open(int, int, void*)
                0x00000000c000c66c                Device::~Device()
                0x00000000c000c66c                Device::~Device()
                0x00000000c000c67a                Device::~Device()
                0x00000000c000c6a2                Device::findAndLoadDriver()
                0x00000000c000c6b0                Device::preOpenPCI(PCIDeviceInfo)
                0x00000000c000c6d6                Device::preOpenACPI(void*, char*, char*)
                0x00000000c000c716                Device::addIRQHandler(int, void (*)(regs*, void*), bool, void*)
                0x00000000c000c740                Device::getParent()
                0x00000000c000c74c                Device::removeIRQHandler(int, void (*)(regs*, void*), bool)
                0x00000000c000c76a                Device::addChild(Device*)
                0x00000000c000c7ae                Device::removeAllChildren()
                0x00000000c000c7f4                Device::hibernateAll()
                0x00000000c000c824                Device::wakeAll()
                0x00000000c000c854                Device::detectAll()
                0x00000000c000c884                Device::disableLegacyAll()
                0x00000000c000c886                Device::loadDriversForAll()
                0x00000000c000c888                Device::closeAll()
                0x00000000c000c8be                Device::powerSavingAll(PowerSavingLevel)
                0x00000000c000c8f4                Device::setName(char const*)
                0x00000000c000c902                Device::Device(char const*)
                0x00000000c000c902                Device::Device(char const*)
                0x00000000c000c9fe                Device::getName()
                0x00000000c000ca08                DriverlessDevice::DriverlessDevice(char const*)
                0x00000000c000ca08                DriverlessDevice::DriverlessDevice(char const*)
                0x00000000c000ca3e                Device::addToLinkedList(LinkedList<Device>&, DeviceType)
                0x00000000c000ca82                getDevicesOfType(DeviceType)
 .text          0x00000000c000caac       0x86 hal/diskctrl.32
                0x00000000c000caac                HardDiskController::HardDiskController(char const*)
                0x00000000c000caac                HardDiskController::HardDiskController(char const*)
                0x00000000c000cae4                HardDiskController::~HardDiskController()
                0x00000000c000cae4                HardDiskController::~HardDiskController()
                0x00000000c000cb08                HardDiskController::~HardDiskController()
 .text          0x00000000c000cb32       0xe2 hal/diskphys.32
                0x00000000c000cb32                PhysicalDisk::eject()
                0x00000000c000cb36                PhysicalDisk::PhysicalDisk(char const*, int)
                0x00000000c000cb36                PhysicalDisk::PhysicalDisk(char const*, int)
                0x00000000c000cb9e                PhysicalDisk::startCache()
                0x00000000c000cbc6                PhysicalDisk::~PhysicalDisk()
                0x00000000c000cbc6                PhysicalDisk::~PhysicalDisk()
                0x00000000c000cbea                PhysicalDisk::~PhysicalDisk()
 .text          0x00000000c000cc14        0x0 hal/fpu.32
 .text          0x00000000c000cc14      0x359 hal/intctrl.32
                0x00000000c000cc14                int_handler
                0x00000000c000cc9e                installISRHandler(int, void (*)(regs*, void*), void*)
                0x00000000c000cce8                installIRQHandler(int, void (*)(regs*, void*), bool, void*)
                0x00000000c000ce1c                uninstallISRHandler(int, void (*)(regs*, void*))
                0x00000000c000ce50                uninstallIRQHandler(int, void (*)(regs*, void*), bool)
                0x00000000c000cece                setupINTS()
                0x00000000c000cf2b                convertLegacyIRQNumber(int)
 *fill*         0x00000000c000cf6d        0x1 
 .text          0x00000000c000cf6e      0x8be hal/keybrd.32
                0x00000000c000cf6e                startGUI(void*)
                0x00000000c000cfdc                startGUIVESA(void*)
                0x00000000c000d04a                sendKeyToTerminal(unsigned char)
                0x00000000c000d125                sendKeyboardToken(KeyboardToken)
                0x00000000c000d60f                clearInternalKeybuffer(VgaText*)
                0x00000000c000d644                readKeyboard(VgaText*, char*, unsigned long)
                0x00000000c000d7a2                Keyboard::Keyboard(char const*)
                0x00000000c000d7a2                Keyboard::Keyboard(char const*)
                0x00000000c000d7de                Keyboard::~Keyboard()
                0x00000000c000d7de                Keyboard::~Keyboard()
                0x00000000c000d802                Keyboard::~Keyboard()
 .text          0x00000000c000d82c      0x3f8 hal/logidisk.32
                0x00000000c000d82c                LogicalDisk::close(int, int, void*)
                0x00000000c000d830                LogicalDisk::~LogicalDisk()
                0x00000000c000d830                LogicalDisk::~LogicalDisk()
                0x00000000c000d854                LogicalDisk::~LogicalDisk()
                0x00000000c000d87e                LogicalDisk::open(int, int, void*)
                0x00000000c000d892                LogicalDisk::absoluteToRelative(unsigned long long)
                0x00000000c000d8ca                LogicalDisk::relativeToAbsolute(unsigned long long)
                0x00000000c000d910                LogicalDisk::LogicalDisk(char const*, PhysicalDisk*, unsigned long long, unsigned long long)
                0x00000000c000d910                LogicalDisk::LogicalDisk(char const*, PhysicalDisk*, unsigned long long, unsigned long long)
                0x00000000c000d9d0                LogicalDisk::assignDriveLetter()
                0x00000000c000da8a                LogicalDisk::mount()
                0x00000000c000dad2                LogicalDisk::unmount()
                0x00000000c000dae2                LogicalDisk::eject()
                0x00000000c000daf6                LogicalDisk::unassignDriveLetter()
                0x00000000c000db4c                LogicalDisk::read(unsigned long long, int, void*)
                0x00000000c000dbb8                LogicalDisk::write(unsigned long long, int, void*)
 .text          0x00000000c000dc24       0x86 hal/mouse.32
                0x00000000c000dc24                Mouse::Mouse(char const*)
                0x00000000c000dc24                Mouse::Mouse(char const*)
                0x00000000c000dc5c                Mouse::~Mouse()
                0x00000000c000dc5c                Mouse::~Mouse()
                0x00000000c000dc80                Mouse::~Mouse()
 .text          0x00000000c000dcaa       0x90 hal/nic.32
                0x00000000c000dcaa                NIC::getMAC()
                0x00000000c000dcb0                NIC::write(int, unsigned char*, int*)
                0x00000000c000dcb6                NIC::NIC(char const*)
                0x00000000c000dcb6                NIC::NIC(char const*)
                0x00000000c000dcec                NIC::~NIC()
                0x00000000c000dcec                NIC::~NIC()
                0x00000000c000dd10                NIC::~NIC()
 .text          0x00000000c000dd3a      0x33b hal/partition.32
                0x00000000c000dd3a                makePartition(PhysicalDisk*, unsigned long long, unsigned long long)
                0x00000000c000dde2                createPartitionsForDisk(PhysicalDisk*)
 *fill*         0x00000000c000e075        0x3 
 .text          0x00000000c000e078       0x86 hal/serial.32
                0x00000000c000e078                Serial::Serial(char const*)
                0x00000000c000e078                Serial::Serial(char const*)
                0x00000000c000e0b0                Serial::~Serial()
                0x00000000c000e0b0                Serial::~Serial()
                0x00000000c000e0d4                Serial::~Serial()
 *fill*         0x00000000c000e0fe        0x2 
 .text          0x00000000c000e100      0x234 hal/timer.32
                0x00000000c000e100                Timer::Timer(char const*)
                0x00000000c000e100                Timer::Timer(char const*)
                0x00000000c000e138                Timer::~Timer()
                0x00000000c000e138                Timer::~Timer()
                0x00000000c000e15c                Timer::~Timer()
                0x00000000c000e186                Timer::read()
                0x00000000c000e191                setupTimer(int)
                0x00000000c000e1cc                timerHandler(unsigned int)
 .text          0x00000000c000e334      0x444 hal/vcache.32
                0x00000000c000e334                VCache::VCache(PhysicalDisk*)
                0x00000000c000e334                VCache::VCache(PhysicalDisk*)
                0x00000000c000e4a4                VCache::invalidateReadBuffer()
                0x00000000c000e4b4                VCache::writeWriteBuffer()
                0x00000000c000e500                VCache::~VCache()
                0x00000000c000e500                VCache::~VCache()
                0x00000000c000e558                VCache::~VCache()
                0x00000000c000e580                VCache::write(unsigned long long, int, void*)
                0x00000000c000e66e                VCache::read(unsigned long long, int, void*)
 .text          0x00000000c000e778      0x4c7 hal/video.32
                0x00000000c000e778                Video::putrect(int, int, int, int, unsigned int)
                0x00000000c000e7c4                Video::bitblit(int, int, int, int, int, int, int, unsigned int*)
                0x00000000c000e834                Video::blit(unsigned int*, int, int, int, int)
                0x00000000c000e8b2                Video::clearScreen(unsigned int)
                0x00000000c000e8e6                Video::putpixel(int, int, unsigned int)
                0x00000000c000e8f4                Video::readPixelApprox(int, int)
                0x00000000c000e908                Video::Video(char const*)
                0x00000000c000e908                Video::Video(char const*)
                0x00000000c000e93e                Video::~Video()
                0x00000000c000e93e                Video::~Video()
                0x00000000c000e962                Video::~Video()
                0x00000000c000e98c                Video::isMonochrome()
                0x00000000c000e998                Video::getWidth()
                0x00000000c000e9a4                Video::getHeight()
                0x00000000c000e9b0                Video::drawCursor(int, int, unsigned int*, int)
                0x00000000c000ea6c                Video::tgaParse(unsigned char*, int, int*, int*)
                0x00000000c000ebd4                Video::putTGA(int, int, unsigned char*, int)
 *fill*         0x00000000c000ec3f        0x1 
 .text          0x00000000c000ec40     0x138b hw/acpi.32
                0x00000000c000ec40                ACPI::close(int, int, void*)
                0x00000000c000ecf4                findRSDP()
                0x00000000c000ed8c                loadACPITables(unsigned char*)
                0x00000000c000eff8                findRSDT(unsigned char*)
                0x00000000c000f150                findDataTable(unsigned char*, char*)
                0x00000000c000f1d0                scanMADT()
                0x00000000c000f688                ACPI::ACPI()
                0x00000000c000f688                ACPI::ACPI()
                0x00000000c000f6dc                ACPI::getPCIIRQAssignment(unsigned char, unsigned short, unsigned char)
                0x00000000c000f7d8                ACPI::registerPCIIRQAssignment(void*, unsigned short, unsigned char, unsigned char)
                0x00000000c000f8a4                ACPI::setScreenBrightnessLevel(void*, int)
                0x00000000c000f8ac                ACPI::detectPCI()
                0x00000000c000facc                ACPI::writeSimpleBootFlag(SimpleBootFlagTable*)
                0x00000000c000fb14                ACPI::sleep()
                0x00000000c000fb30                ACPI::open(int, int, void*)
 *fill*         0x00000000c000ffcb        0x1 
 .text          0x00000000c000ffcc      0xbc5 hw/cpu.32
                0x00000000c000ffcc                CPU::close(int, int, void*)
                0x00000000c000ffd0                CPU::AMD_K6_write_msr(unsigned int, unsigned int, unsigned int, CPU::REGS*)
                0x00000000c000ffec                CPU::AMD_K6_read_msr(unsigned int, CPU::REGS*)
                0x00000000c0010004                CPU::AMD_K6_writeback(int, int, int)
                0x00000000c0010078                CPU::cpuid(int, unsigned long*, unsigned long*, unsigned long*, unsigned long*)
                0x00000000c00100fc                CPU::cpuidCheckEDX(unsigned int)
                0x00000000c001012a                CPU::cpuidCheckECX(unsigned int)
                0x00000000c0010158                CPU::cpuidCheckExtendedEBX(unsigned int)
                0x00000000c0010186                CPU::cpuidCheckExtendedECX(unsigned int)
                0x00000000c00101b4                CPU::CPU()
                0x00000000c00101b4                CPU::CPU()
                0x00000000c0010242                CPU::displayFeatures()
                0x00000000c0010244                CPU::detectFeatures()
                0x00000000c0010918                CPU::setupSMEP()
                0x00000000c0010924                CPU::setupUMIP()
                0x00000000c001092e                CPU::setupTSC()
                0x00000000c0010938                CPU::setupLargePages()
                0x00000000c0010942                CPU::setupPAT()
                0x00000000c001097e                CPU::setupMTRR()
                0x00000000c0010980                CPU::setupGlobalPages()
                0x00000000c001098a                CPU::allowUsermodeDataAccess()
                0x00000000c001099c                CPU::prohibitUsermodeDataAccess()
                0x00000000c00109ae                CPU::setupSMAP()
                0x00000000c00109bc                CPU::setupFeatures()
                0x00000000c0010a88                CPU::open(int, int, void*)
 .text          0x00000000c0010b91       0xb6 krnl/atexit.32
                0x00000000c0010b91                KeInitialiseAtexit()
                0x00000000c0010bb0                KeRegisterAtexit(void (*)(void*), void*)
                0x00000000c0010be4                KeExecuteAtexit()
 .text          0x00000000c0010c47       0xdf krnl/bootmsg.32
                0x00000000c0010c47                KeDisplaySplashScreen()
                0x00000000c0010cc3                KeSetBootMessage(char const*)
 *fill*         0x00000000c0010d26        0x2 
 .text          0x00000000c0010d28       0x1d krnl/compat.32
                0x00000000c0010d28                Krnl::handlePowerButton()
                0x00000000c0010d38                Krnl::handleSleepButton()
 *fill*         0x00000000c0010d45        0x1 
 .text          0x00000000c0010d46      0x5bf krnl/env.32
                0x00000000c0010d46                EnvVarContainer::getEnv(char const*)
                0x00000000c0010d84                EnvVarContainer::setEnv(char const*, char const*)
                0x00000000c0010e46                EnvVarContainer::deleteEnv(char const*)
                0x00000000c0010e48                EnvVarContainer::loadFrom(char const*, char const*)
                0x00000000c001106c                EnvVarContainer::__loadSystem()
                0x00000000c0011086                EnvVarContainer::__loadUser()
                0x00000000c0011088                EnvVarContainer::EnvVarContainer(Process*)
                0x00000000c0011088                EnvVarContainer::EnvVarContainer(Process*)
                0x00000000c00110aa                EnvVarContainer::~EnvVarContainer()
                0x00000000c00110aa                EnvVarContainer::~EnvVarContainer()
                0x00000000c00110da                KeGetEnv(Process*, char const*)
                0x00000000c001113f                KeSetEnvSystem(char const*, char const*)
                0x00000000c0011159                KeSetEnvUser(char const*, char const*)
                0x00000000c0011178                KeSetEnvProcess(Process*, char const*, char const*)
                0x00000000c001118b                KeDeleteEnvSystem(char const*)
                0x00000000c001118c                KeDeleteEnvUser(char const*)
                0x00000000c001118d                KeDeleteEnvProcess(Process*, char const*)
                0x00000000c001118e                KeNewProcessEnv(Process*)
                0x00000000c00111b0                KeCopyProcessEnv(Process*, Process*)
                0x00000000c00111fc                KeLoadSystemEnv()
                0x00000000c001122a                KeLoadUserEnv()
                0x00000000c0011250                KeFlushEnv()
                0x00000000c0011251                KeGetProcessTotalEnvCount(Process*)
                0x00000000c0011271                KeGetProcessEnvPair(Process*, int)
 .text          0x00000000c0011305       0x94 krnl/inlines.32
                0x00000000c0011305                CPU::current()
                0x00000000c0011311                operator new(unsigned long)
                0x00000000c0011316                operator delete(void*)
                0x00000000c001131b                disableIRQs()
                0x00000000c001131d                enableIRQs()
                0x00000000c001131f                lockScheduler()
                0x00000000c0011327                unlockScheduler()
                0x00000000c0011336                lockStuff()
                0x00000000c0011344                unlockStuff()
                0x00000000c001137e                Virt::getAKernelVAS()
                0x00000000c0011384                __not_memcpy
 .text          0x00000000c0011399        0xc krnl/panic.32
                0x00000000c0011399                KePanic(char const*)
 .text          0x00000000c00113a5      0x142 krnl/powctrl.32
                0x00000000c00113a5                KePowerThread(void*)
                0x00000000c00113d3                KeChangePowerSettings(PowerSettings)
                0x00000000c00113e9                KeUserIOReceived()
                0x00000000c00113f4                KeHandlePowerButton()
                0x00000000c0011429                KeHandleSleepButton()
                0x00000000c001145e                KeSetupPowerManager()
 .text          0x00000000c00114e7       0x9d krnl/random.32
                0x00000000c00114e7                KeRand()
                0x00000000c0011529                KeSeedRand(unsigned int)
                0x00000000c0011552                KeInitRand()
 .text          0x00000000c0011584      0x1bc krnl/resolve.32
                0x00000000c0011584                KeResolveCompatibilitySymbol(char*)
 .text          0x00000000c0011740      0x322 krnl/signal.32
                0x00000000c0011740                KiSigKill(int)
                0x00000000c0011754                KiDefaultSignalHandlerIgnore(int)
                0x00000000c0011755                KiDefaultSignalHandlerPause(int)
                0x00000000c0011781                KiDefaultSignalHandlerResume(int)
                0x00000000c00117ad                KeDeinitSignals(SigHandlerBlock*)
                0x00000000c00117b2                KeInitSignals()
                0x00000000c0011804                KeRegisterSignalHandler(SigHandlerBlock*, int, void (*)(int), unsigned int, int)
                0x00000000c001183a                KeRaiseSignal(SigHandlerBlock*, int)
                0x00000000c00118b7                KeCheckSignal(SigHandlerBlock*, int*)
                0x00000000c00119ae                KiCheckSignalZ
                0x00000000c00119f0                KeCompleteSignal(SigHandlerBlock*, int)
                0x00000000c0011a2b                KiFinishSignalZ
 .text          0x00000000c0011a62      0xc5f krnl/syscalls.32
                0x00000000c0011a62                SysSeekDir(regs*)
                0x00000000c0011a67                SysTellDir(regs*)
                0x00000000c0011a6c                SysVerify(regs*)
                0x00000000c0011a76                SysGetArgc(regs*)
                0x00000000c0011a8a                SysTTYName(regs*)
                0x00000000c0011a92                SysFormatDisk(regs*)
                0x00000000c0011b09                SysSetDiskVolumeLabel(regs*)
                0x00000000c0011b5d                SysGetDiskVolumeLabel(regs*)
                0x00000000c0011bb6                SysShutdown(regs*)
                0x00000000c0011c14                SysRealpath(regs*)
                0x00000000c0011c58                SysReadDir(regs*)
                0x00000000c0011cd8                SysIsATTY(regs*)
                0x00000000c0011d32                SysSeek(regs*)
                0x00000000c0011d89                SysTell(regs*)
                0x00000000c0011df6                SysSize(regs*)
                0x00000000c0011e69                SysSizeFromFilename(regs*)
                0x00000000c0011f1a                SysClose(regs*)
                0x00000000c0011f7a                SysOpenDir(regs*)
                0x00000000c0011ff7                SysMakeDir(regs*)
                0x00000000c0012065                SysCloseDir(regs*)
                0x00000000c00120b9                SysWait(regs*)
                0x00000000c00120da                SysNotImpl(regs*)
                0x00000000c00120f5                SysPanic(regs*)
                0x00000000c0012110                SysRmdir(regs*)
                0x00000000c0012175                SysUnlink(regs*)
                0x00000000c00121da                SysGetArgv(regs*)
                0x00000000c0012227                SysUSleep(regs*)
                0x00000000c0012250                SysSpawn(regs*)
                0x00000000c00122c3                SysGetEnv(regs*)
                0x00000000c0012374                SysSetFatAttrib(regs*)
                0x00000000c00123e7                SysPipe(regs*)
                0x00000000c001242c                SysGetUnixTime(regs*)
                0x00000000c0012440                string_ends_with(char const*, char const*)
                0x00000000c0012488                SysOpen(regs*)
                0x00000000c001267f                KeSystemCall(regs*, void*)
 *fill*         0x00000000c00126c1        0x3 
 .text          0x00000000c00126c4      0x159 net/ethernet.32
                0x00000000c00126c4                KeSwitchEndian16(unsigned short)
                0x00000000c00126e8                KeSwitchEndian32(unsigned int)
                0x00000000c0012718                EthernetCRC32(unsigned char*, int)
                0x00000000c00127bc                EthernetReceivedPacket(EthernetUnwrappedFrame*, unsigned short)
 .text          0x00000000c001281d      0xd56 reg/cm.32
                0x00000000c001281d                CmOpen(char const*)
                0x00000000c001293b                CmClose(Reghive_Tag*)
                0x00000000c0012951                CmReadExtent(Reghive_Tag*, int, unsigned char*)
                0x00000000c001298d                CmGetString(Reghive_Tag*, int, char*)
                0x00000000c0012a04                CmEnterDirectory(Reghive_Tag*, int)
                0x00000000c0012a43                CmGetNext(Reghive_Tag*, int)
                0x00000000c0012a75                CmWriteExtent(Reghive_Tag*, int, unsigned char*)
                0x00000000c0012ab1                CmFreeExtent(Reghive_Tag*, int)
                0x00000000c0012ad9                CmUpdateHeader(Reghive_Tag*)
                0x00000000c0012afa                CmExpand(Reghive_Tag*, int)
                0x00000000c0012b75                CmFindUnusedExtent(Reghive_Tag*)
                0x00000000c0012bfb                CmCreateExtent(Reghive_Tag*, int, int, unsigned char*)
                0x00000000c0012cef                CmSetString(Reghive_Tag*, int, char const*)
                0x00000000c0012e2b                CmGetMatch(char*, char*, bool, bool*)
                0x00000000c0012e8c                CmAddShift(unsigned int*, int*, unsigned char, int)
                0x00000000c0012ebc                CmGetShift(unsigned int*, int*, int, bool*)
                0x00000000c0012ef3                CmGetInteger(Reghive_Tag*, int, unsigned long long*)
                0x00000000c0012f1d                CmSetInteger(Reghive_Tag*, int, unsigned long long)
                0x00000000c0012f5d                CmConvertFromInternalFilename(unsigned char const*, char*)
                0x00000000c0013001                CmGetNameAndTypeFromExtent(Reghive_Tag*, int, char*)
                0x00000000c001302f                CmConvertToInternalFilename(char const*, unsigned char*)
                0x00000000c00131cd                CmCreateString(Reghive_Tag*, int, char const*)
                0x00000000c001321a                CmFindInDirectory(Reghive_Tag*, int, char const*)
                0x00000000c0013294                CmCreateInteger(Reghive_Tag*, int, char const*, unsigned long long, int)
                0x00000000c00132e7                CmCreateDirectory(Reghive_Tag*, int, char const*)
                0x00000000c00133ab                zStrtok(char*, char const*)
                0x00000000c001341d                CmFindObjectFromPath(Reghive_Tag*, char const*)
                0x00000000c001349e                CmDisplayTree(Reghive_Tag*, int, int)
                0x00000000c0013541                CmSplitFinalSlashInPlace(char*)
 .text          0x00000000c0013573      0x52a reg/registry.32
                0x00000000c0013573                Reg::findLineFromLoadedData(char*, char*, char*)
                0x00000000c00136e4                Reg::getLineFromRegistry(char*, char*, char*, char*)
                0x00000000c0013839                Reg::getLine(char*, char*, char*)
                0x00000000c0013870                Reg::readInt(char*, char*, int*)
                0x00000000c001395e                Reg::readString(char*, char*, char*, int)
                0x00000000c00139df                Reg::readBool(char*, char*, bool*)
                0x00000000c0013a04                Reg::readBoolWithDefault(char*, char*, bool)
                0x00000000c0013a30                Reg::readIntWithDefault(char*, char*, int)
                0x00000000c0013a5c                Reg::readStringWithDefault(char*, char*, char*, int, char*)
 .text          0x00000000c0013a9d       0x36 sys/eject.32
                0x00000000c0013a9d                SysEject(regs*)
 .text          0x00000000c0013ad3       0x18 sys/exit.32
                0x00000000c0013ad3                SysExit(regs*)
 .text          0x00000000c0013aeb       0x1f sys/getcwd.32
                0x00000000c0013aeb                SysGetCwd(regs*)
 .text          0x00000000c0013b0a        0xc sys/getpid.32
                0x00000000c0013b0a                SysGetPID(regs*)
 .text          0x00000000c0013b16       0x1a sys/getramdata.32
                0x00000000c0013b16                SysGetRAMData(regs*)
 .text          0x00000000c0013b30       0x82 sys/getvgaptr.32
                0x00000000c0013b30                SysGetVGAPtr(regs*)
 *fill*         0x00000000c0013bb2        0x2 
 .text          0x00000000c0013bb4       0xb9 sys/kill.32
                0x00000000c0013bb4                SysKill(regs*)
 .text          0x00000000c0013c6d       0xa8 sys/loaddll.32
                0x00000000c0013c6d                SysLoadDLL(regs*)
 .text          0x00000000c0013d15       0x68 sys/read.32
                0x00000000c0013d15                SysRead(regs*)
 .text          0x00000000c0013d7d       0x29 sys/registersignal.32
                0x00000000c0013d7d                SysRegisterSignal(regs*)
 .text          0x00000000c0013da6      0x19c sys/registry.32
                0x00000000c0013da6                SysRegistryGetTypeFromPath(regs*)
                0x00000000c0013e1d                SysRegistryReadExtent(regs*)
                0x00000000c0013e65                SysRegistryPathToExtentLookup(regs*)
                0x00000000c0013e8d                SysRegistryEnterDirectory(regs*)
                0x00000000c0013eb5                SysRegistryGetNext(regs*)
                0x00000000c0013edd                SysRegistryGetNameAndTypeFromExtent(regs*)
                0x00000000c0013f17                SysRegistryOpen(regs*)
                0x00000000c0013f2b                SysRegistryClose(regs*)
 .text          0x00000000c0013f42       0x55 sys/sbrk.32
                0x00000000c0013f42                SysSbrk(regs*)
 .text          0x00000000c0013f97       0x1c sys/setcwd.32
                0x00000000c0013f97                SysSetCwd(regs*)
 .text          0x00000000c0013fb3       0x96 sys/settime.32
                0x00000000c0013fb3                SysSetTime(regs*)
 .text          0x00000000c0014049       0x4a sys/timezone.32
                0x00000000c0014049                SysTimezone(regs*)
 .text          0x00000000c0014093       0xfc sys/truncate.32
                0x00000000c0014093                SysTruncate(regs*)
 .text          0x00000000c001418f       0x68 sys/write.32
                0x00000000c001418f                SysWrite(regs*)
 .text          0x00000000c00141f7       0x62 sys/wsbe.32
                0x00000000c00141f7                SysWsbe(regs*)
 .text          0x00000000c0014259       0x25 sys/yield.32
                0x00000000c0014259                SysYield(regs*)
 .text          0x00000000c001427e     0x11e6 thr/elf.32
                0x00000000c001427e                Thr::allocateMemoryForTask(Process*, File*, unsigned long, unsigned long, unsigned long)
                0x00000000c001450c                Thr::loadProgramIntoMemory(Process*, char const*)
                0x00000000c001471e                Thr::runtimeReferenceHelper()
                0x00000000c0014731                Thr::getAddressOfKernelSymbol(char const*)
                0x00000000c0014780                Thr::loadKernelSymbolTable(char const*)
                0x00000000c0014a3e                Thr::loadDriverIntoMemory(char const*, unsigned long, bool)
                0x00000000c0015177                Thr::getDriverBaseFromAddress(unsigned long)
                0x00000000c00151a9                Thr::getDriverNameFromAddress(unsigned long)
                0x00000000c00151e0                Thr::getDriverOffsetFromAddress(unsigned long)
                0x00000000c00151fa                Thr::loadDLL(char const*, bool)
                0x00000000c001542b                Thr::executeDLL(unsigned long, void*)
 .text          0x00000000c0015464     0x13d9 thr/prcssthr.32
                0x00000000c0015464                userModeEntryPoint(void*)
                0x00000000c001548c                changeTSS
                0x00000000c00154bc                switchToThread(ThreadControlBlock*)
                0x00000000c001556c                Process::addArgs(char**)
                0x00000000c00155d8                Process::Process(char const*, Process*, char**)
                0x00000000c00155d8                Process::Process(char const*, Process*, char**)
                0x00000000c00157e4                Process::Process(bool, char const*, Process*, char**)
                0x00000000c00157e4                Process::Process(bool, char const*, Process*, char**)
                0x00000000c00159b8                taskStartupFunction
                0x00000000c00159c4                Semaphore::Semaphore(int)
                0x00000000c00159c4                Semaphore::Semaphore(int)
                0x00000000c00159f4                Mutex::Mutex()
                0x00000000c00159f4                Mutex::Mutex()
                0x00000000c0015a08                Process::createThread(void (*)(void*), void*, int)
                0x00000000c0015b14                Process::createUserThread()
                0x00000000c0015b34                setupMultitasking(void (*)())
                0x00000000c0015c58                schedule()
                0x00000000c0015cec                Semaphore::tryAcquire()
                0x00000000c0015dc0                Semaphore::assertLocked(char const*)
                0x00000000c0015e44                blockTaskWithSchedulerLockAlreadyHeld(TaskState)
                0x00000000c0015e6c                blockTask(TaskState)
                0x00000000c0015ea4                waitTask(int, int*, int)
                0x00000000c0015ee8                milliTenthSleepUntil(unsigned int)
                0x00000000c0015f88                milliTenthSleep(unsigned int)
                0x00000000c0015f9c                sleep(unsigned int)
                0x00000000c0015fb8                Semaphore::acquire()
                0x00000000c0016080                taskReturned
                0x00000000c00160c4                Thr::processFromPID(int)
                0x00000000c0016170                unblockTask(ThreadControlBlock*)
                0x00000000c001621c                cleanupTerminatedTask(ThreadControlBlock*)
                0x00000000c00164f0                cleanerTaskFunction(void*)
                0x00000000c00165f8                terminateTask(int)
                0x00000000c00166e4                Thr::terminateFromIRQ(int)
                0x00000000c00166f4                Semaphore::release()
 .text          0x00000000c001683d      0xc27 vm86/vm8086.32
                0x00000000c001683d                Vm::inbv(unsigned short)
                0x00000000c0016850                Vm::outbv(unsigned short, unsigned char)
                0x00000000c0016886                Vm::realToLinear(unsigned short, unsigned short)
                0x00000000c0016896                Vm::getSegment(unsigned int)
                0x00000000c001689e                Vm::getOffset(unsigned int)
                0x00000000c00168a3                Vm::mainloop2()
                0x00000000c00168dd                Vm::mainVm8086Loop(void*)
                0x00000000c00168ed                Vm::mainloop3(unsigned long)
                0x00000000c0016913                Vm::initialise8086()
                0x00000000c0016956                Vm::finish8086()
                0x00000000c00169b7                Vm::getOutput8086(unsigned char*)
                0x00000000c00169dc                Vm::start8086FromBuffer(unsigned char*, int, unsigned short, unsigned short, unsigned short, unsigned short)
                0x00000000c0016a95                Vm::start8086(char const*, unsigned short, unsigned short, unsigned short, unsigned short)
                0x00000000c0016c33                Vm::doISR(regs*, int, unsigned char*, unsigned short, unsigned short)
                0x00000000c0016ccc                Vm::readByteFromReal(unsigned short, unsigned short)
                0x00000000c0016cdd                Vm::readWordFromReal(unsigned short, unsigned short)
                0x00000000c0016cef                Vm::readDwordFromReal(unsigned short, unsigned short)
                0x00000000c0016d00                Vm::writeByteFromReal(unsigned short, unsigned short, unsigned char)
                0x00000000c0016d15                Vm::writeWordFromReal(unsigned short, unsigned short, unsigned short)
                0x00000000c0016d2b                Vm::writeDwordFromReal(unsigned short, unsigned short, unsigned int)
                0x00000000c0016d40                Vm::faultHandler(regs*)
 .text          0x00000000c0017464      0xaf0 arch/i386/hal.32
                0x00000000c0017464                noCopro(unsigned long)
                0x00000000c0017465                nmiHandler(regs*, void*)
                0x00000000c001747e                doubleFault(regs*, void*)
                0x00000000c0017497                displayDebugInfo(regs*)
                0x00000000c001781c                HalSystemIdle()
                0x00000000c0017898                displayProgramFault(char const*)
                0x00000000c00178e4                gpFault(regs*, void*)
                0x00000000c001794b                pgFault(regs*, void*)
                0x00000000c00179d4                otherISRHandler(regs*, void*)
                0x00000000c0017a08                opcodeFault(regs*, void*)
                0x00000000c0017a8b                i386SaveCoprocessor(void*)
                0x00000000c0017a9f                i386LoadCoprocessor(void*)
                0x00000000c0017ab3                x87EmulHandler(regs*, void*)
                0x00000000c0017b50                HalInitialiseCoprocessor()
                0x00000000c0017bfe                HalPanic(char const*)
                0x00000000c0017d12                HalQueryPerformanceCounter()
                0x00000000c0017d2d                HalInitialise()
                0x00000000c0017ee3                HalMakeBeep(int)
                0x00000000c0017f1d                HalGetRand()
                0x00000000c0017f20                HalEndOfInterrupt(int)
                0x00000000c0017f51                HalRestart()
                0x00000000c0017f52                HalShutdown()
                0x00000000c0017f53                HalSleep()
 .text          0x00000000c0017f54      0x2dc arch/i386/pic.32
                0x00000000c0017f54                picIoWait()
                0x00000000c0017f5c                picDisable()
                0x00000000c0017f90                picGetIRQReg(int)
                0x00000000c001800c                picOpen()
                0x00000000c0018190                picEOI(int)
 .text          0x00000000c0018230      0x674 arch/i386/rtc.32
                0x00000000c0018230                RTC::open(int, int, void*)
                0x00000000c0018234                RTC::close(int, int, void*)
                0x00000000c0018238                RTC::timeInSecondsUTC()
                0x00000000c001824a                RTC::timeInDatetimeUTC()
                0x00000000c0018270                RTC::setTimeInSecondsUTC(unsigned long long)
                0x00000000c00182ae                RTC::~RTC()
                0x00000000c00182ae                RTC::~RTC()
                0x00000000c00182d2                RTC::~RTC()
                0x00000000c00182fc                RTC::get_update_in_progress_flag()
                0x00000000c0018316                RTC::completeRTCRefresh()
                0x00000000c00185f6                RTC::setTimeInDatetimeUTC(datetime_t)
                0x00000000c00187a4                rtcIRQHandler(regs*, void*)
                0x00000000c00187ea                RTC::RTC()
                0x00000000c00187ea                RTC::RTC()
 .text          0x00000000c00188a4      0x1f4 arch/i386/vga.32
                0x00000000c00188a4                HalConsoleScroll(int, int)
                0x00000000c00189ac                HalConsoleWriteCharacter(char, int, int, int, int)
                0x00000000c0018a10                HalConsoleCursorUpdate(int, int)
 .text          0x00000000c0018a98     0x14cf fs/fat/vfslink.32
                0x00000000c0018a98                FAT::getName()
                0x00000000c0018aa0                FAT::tell(void*, unsigned long long*)
                0x00000000c0018adc                FAT::stat(void*, unsigned long long*)
                0x00000000c0018b18                FAT::~FAT()
                0x00000000c0018b18                FAT::~FAT()
                0x00000000c0018b3c                FAT::~FAT()
                0x00000000c0018b64                FAT::getlabel(LogicalDisk*, int, char*, unsigned int*)
                0x00000000c0018c08                FAT::setlabel(LogicalDisk*, int, char*)
                0x00000000c0018ccc                FAT::format(LogicalDisk*, int, char const*, int)
                0x00000000c0018eb0                FAT::tryMount(LogicalDisk*, int)
                0x00000000c00190cc                FAT::allocateSwapfile(char const*, int)
                0x00000000c001928c                FAT::readDir(void*, unsigned long, void*, int*)
                0x00000000c00193fc                FAT::read(void*, unsigned long, void*, int*)
                0x00000000c001945c                FAT::write(void*, unsigned long, void*, int*)
                0x00000000c00194bc                FAT::close(void*)
                0x00000000c0019510                FAT::closeDir(void*)
                0x00000000c0019564                FAT::truncate(void*, unsigned long long)
                0x00000000c00195d0                FAT::seek(void*, unsigned long long)
                0x00000000c0019628                fatWrapperReadDisk
                0x00000000c0019668                fatWrapperWriteDisk
                0x00000000c00196a8                fatWrapperIoctl
                0x00000000c00197c4                FAT::FAT()
                0x00000000c00197c4                FAT::FAT()
                0x00000000c001981c                FAT::fixFilepath(char*)
                0x00000000c001985c                FAT::open(char const*, void**, FileOpenMode)
                0x00000000c00199d0                FAT::openDir(char const*, void**)
                0x00000000c0019a80                FAT::stat(char const*, unsigned long long*, bool*)
                0x00000000c0019b78                FAT::unlink(char const*)
                0x00000000c0019bf8                FAT::chfatattr(char const*, unsigned char, unsigned char)
                0x00000000c0019dac                FAT::rename(char const*, char const*)
                0x00000000c0019e78                FAT::mkdir(char const*)
                0x00000000c0019ef8                FAT::exists(char const*)
 *fill*         0x00000000c0019f67        0x1 
 .text          0x00000000c0019f68       0x94 fs/iso9660/helper.32
                0x00000000c0019f68                isoReadDiscSectorHelper
                0x00000000c0019fc4                iso_kprintf
                0x00000000c0019fe0                iso_kprintfd
 .text          0x00000000c0019ffc      0x71c fs/iso9660/vfslink.32
                0x00000000c0019ffc                ISO9660::format(LogicalDisk*, int, char const*, int)
                0x00000000c001a002                ISO9660::truncate(void*, unsigned long long)
                0x00000000c001a008                ISO9660::getName()
                0x00000000c001a00e                ISO9660::closeDir(void*)
                0x00000000c001a018                ISO9660::chfatattr(char const*, unsigned char, unsigned char)
                0x00000000c001a01e                ISO9660::unlink(char const*)
                0x00000000c001a024                ISO9660::write(void*, unsigned long, void*, int*)
                0x00000000c001a02a                ISO9660::rename(char const*, char const*)
                0x00000000c001a030                ISO9660::mkdir(char const*)
                0x00000000c001a036                ISO9660::~ISO9660()
                0x00000000c001a036                ISO9660::~ISO9660()
                0x00000000c001a05a                ISO9660::~ISO9660()
                0x00000000c001a082                ISO9660::exists(char const*)
                0x00000000c001a096                ISO9660::open(char const*, void**, FileOpenMode)
                0x00000000c001a17c                ISO9660::read(void*, unsigned long, void*, int*)
                0x00000000c001a1c4                ISO9660::seek(void*, unsigned long long)
                0x00000000c001a206                ISO9660::tell(void*, unsigned long long*)
                0x00000000c001a244                ISO9660::stat(void*, unsigned long long*)
                0x00000000c001a296                ISO9660::stat(char const*, unsigned long long*, bool*)
                0x00000000c001a3d8                ISO9660::close(void*)
                0x00000000c001a408                ISO9660::openDir(char const*, void**)
                0x00000000c001a4e2                ISO9660::readDir(void*, unsigned long, void*, int*)
                0x00000000c001a5ff                readSectorFromCDROM(unsigned int, unsigned char*, char)
                0x00000000c001a67e                ISO9660::tryMount(LogicalDisk*, int)
                0x00000000c001a6f0                ISO9660::ISO9660()
                0x00000000c001a6f0                ISO9660::ISO9660()
 .text          0x00000000c001a718      0x26c hal/sound/sndcard.32
                0x00000000c001a718                SoundCard::beginPlayback()
                0x00000000c001a726                SoundCard::stopPlayback()
                0x00000000c001a734                SoundCard::SoundCard(char const*)
                0x00000000c001a734                SoundCard::SoundCard(char const*)
                0x00000000c001a7d2                SoundCard::~SoundCard()
                0x00000000c001a7d2                SoundCard::~SoundCard()
                0x00000000c001a7f6                SoundCard::~SoundCard()
                0x00000000c001a820                SoundCard::configureRates(int, int, int)
                0x00000000c001a850                SoundCard::getSamples16(int, short*)
                0x00000000c001a8ac                SoundCard::getSamples32(int, int*)
                0x00000000c001a932                SoundCard::addChannel(SoundPort*)
                0x00000000c001a970                SoundCard::removeChannel(int)
 .text          0x00000000c001a984      0x38a hal/sound/sndport.32
                0x00000000c001a984                SoundPort::SoundPort(int, int, int, int)
                0x00000000c001a984                SoundPort::SoundPort(int, int, int, int)
                0x00000000c001aa10                SoundPort::~SoundPort()
                0x00000000c001aa10                SoundPort::~SoundPort()
                0x00000000c001aa44                SoundPort::unpause()
                0x00000000c001aa50                SoundPort::pause()
                0x00000000c001aa5c                SoundPort::getBufferUsed()
                0x00000000c001aa64                SoundPort::getBufferSize()
                0x00000000c001aa6c                SoundPort::buffer16(short*, int)
                0x00000000c001aaf8                SoundPort::buffer32(int*, int)
                0x00000000c001ab84                SoundPort::unbufferAndAdd16(int, short*, SoundCard*)
                0x00000000c001ac50                SoundPort::unbufferAndAdd32(int, int*, SoundCard*)
 .text          0x00000000c001ad0e        0x0 hw/bus/isa.32
 .text          0x00000000c001ad0e      0xbb7 hw/bus/pci.32
                0x00000000c001ad0e                PCI::open(int, int, void*)
                0x00000000c001ad2c                PCI::close(int, int, void*)
                0x00000000c001ad30                PCI::PCI()
                0x00000000c001ad30                PCI::PCI()
                0x00000000c001adc8                PCI::readBAR8(unsigned int, int)
                0x00000000c001ade4                PCI::readBAR16(unsigned int, int)
                0x00000000c001ae02                PCI::readBAR32(unsigned int, int)
                0x00000000c001ae1e                PCI::writeBAR8(unsigned int, unsigned char, int)
                0x00000000c001ae3e                PCI::writeBAR16(unsigned int, unsigned short, int)
                0x00000000c001ae60                PCI::writeBAR32(unsigned int, unsigned int, int)
                0x00000000c001ae80                PCI::legacyMechanism(unsigned char, unsigned char, unsigned char, unsigned char)
                0x00000000c001aef6                PCI::pciReadWord(unsigned char, unsigned char, unsigned char, unsigned char)
                0x00000000c001afa0                PCI::getVendorID(unsigned char, unsigned char, unsigned char)
                0x00000000c001afc4                PCI::getHeaderType(unsigned char, unsigned char, unsigned char)
                0x00000000c001afec                PCI::getClassCode(unsigned char, unsigned char, unsigned char)
                0x00000000c001b036                PCI::getProgIF(unsigned char, unsigned char, unsigned char)
                0x00000000c001b05e                PCI::getRevisionID(unsigned char, unsigned char, unsigned char)
                0x00000000c001b082                PCI::getInterruptNumber(unsigned char, unsigned char, unsigned char)
                0x00000000c001b0a6                PCI::getSecondaryBus(unsigned char, unsigned char, unsigned char)
                0x00000000c001b0ce                PCI::getBARAddress(unsigned char, unsigned char, unsigned char, unsigned char)
                0x00000000c001b132                PCI::pciWriteWord(unsigned char, unsigned char, unsigned char, unsigned char, unsigned short)
                0x00000000c001b21a                PCI::pciDetailsToFilepath(PCIDeviceInfo, char*)
                0x00000000c001b4e0                PCI::checkBus(unsigned char)
                0x00000000c001b504                PCI::foundDevice(PCIDeviceInfo)
                0x00000000c001b67e                PCI::getDeviceData(unsigned char, unsigned char, unsigned char)
                0x00000000c001b7fa                PCI::checkDevice(unsigned char, unsigned char)
                0x00000000c001b86c                PCI::detect()
 *fill*         0x00000000c001b8c5        0x1 
 .text          0x00000000c001b8c6      0xb9a hw/diskctrl/ide.32
                0x00000000c001b8c6                IDE::close(int, int, void*)
                0x00000000c001b8ca                IDE::IDE()
                0x00000000c001b8ca                IDE::IDE()
                0x00000000c001b8fe                IDE::prepareInterrupt(unsigned char)
                0x00000000c001b910                selectDrive(unsigned char, unsigned char)
                0x00000000c001b912                IDE::getBase(unsigned char)
                0x00000000c001b924                IDE::write(unsigned char, unsigned char, unsigned char)
                0x00000000c001b9e4                IDE::read(unsigned char, unsigned char)
                0x00000000c001ba92                IDE::waitInterrupt(unsigned char)
                0x00000000c001baf4                ideChannel0IRQHandler(regs*, void*)
                0x00000000c001bb10                ideChannel1IRQHandler(regs*, void*)
                0x00000000c001bb2c                IDE::enableIRQs(unsigned char, bool)
                0x00000000c001bb76                IDE::open(int, int, void*)
                0x00000000c001bfb4                IDE::readBuffer(unsigned char, unsigned char, unsigned int, unsigned int)
                0x00000000c001c084                IDE::detect()
                0x00000000c001c352                IDE::printError(unsigned char, unsigned char, unsigned char)
                0x00000000c001c40c                IDE::polling(unsigned char, unsigned int)
 .text          0x00000000c001c460      0x32a hw/diskctrl/satabus.32
                0x00000000c001c460                SATABus::close(int, int, void*)
                0x00000000c001c464                SATABus::detect()
                0x00000000c001c466                SATABus::SATABus()
                0x00000000c001c466                SATABus::SATABus()
                0x00000000c001c4ec                SATABus::findCmdslot(SATABus::tagHBA_PORT volatile*)
                0x00000000c001c51e                SATABus::checkType(SATABus::tagHBA_PORT volatile*)
                0x00000000c001c566                SATABus::startCmd(SATABus::tagHBA_PORT volatile*)
                0x00000000c001c586                SATABus::stopCmd(SATABus::tagHBA_PORT volatile*)
                0x00000000c001c5b0                SATABus::portRebase(SATABus::tagHBA_PORT volatile*, int)
                0x00000000c001c6c0                SATABus::probePort(SATABus::tagHBA_MEM volatile*)
                0x00000000c001c76a                SATABus::open(int, int, void*)
 .text          0x00000000c001c78a      0x93f hw/diskphys/ata.32
                0x00000000c001c78a                ATA::close(int, int, void*)
                0x00000000c001c7ae                ATA::powerSaving(PowerSavingLevel)
                0x00000000c001c7b0                ATA::ATA()
                0x00000000c001c7b0                ATA::ATA()
                0x00000000c001c7de                ATA::flush(bool)
                0x00000000c001c82c                ATA::readyForCommand()
                0x00000000c001c878                ATA::access(unsigned long long, int, void*, bool)
                0x00000000c001cc0e                ATA::detectCHS()
                0x00000000c001cc38                ATA::open(int, int, void*)
                0x00000000c001cd04                combineCharAndColour(char, unsigned char)
                0x00000000c001cd15                combineColours(unsigned char, unsigned char)
                0x00000000c001cd22                ATA::read(unsigned long long, int, void*)
                0x00000000c001cef8                ATA::write(unsigned long long, int, void*)
 *fill*         0x00000000c001d0c9        0x1 
 .text          0x00000000c001d0ca      0x618 hw/diskphys/atapi.32
                0x00000000c001d0ca                ATAPI::write(unsigned long long, int, void*)
                0x00000000c001d0d0                ATAPI::close(int, int, void*)
                0x00000000c001d0f4                ATAPI::ATAPI()
                0x00000000c001d0f4                ATAPI::ATAPI()
                0x00000000c001d122                ATAPI::readyForCommand()
                0x00000000c001d174                ATAPI::sendPacket(unsigned char*, int, bool, unsigned short*, int)
                0x00000000c001d43c                ATAPI::diskRemoved()
                0x00000000c001d476                ATAPI::eject()
                0x00000000c001d4be                ATAPI::diskInserted()
                0x00000000c001d4ca                ATAPI::detectMedia()
                0x00000000c001d588                ATAPI::open(int, int, void*)
                0x00000000c001d668                ATAPI::read(unsigned long long, int, void*)
 .text          0x00000000c001d6e2      0x807 hw/diskphys/sata.32
                0x00000000c001d6e2                SATA::close(int, int, void*)
                0x00000000c001d706                SATA::powerSaving(PowerSavingLevel)
                0x00000000c001d708                SATA::open(int, int, void*)
                0x00000000c001d7b2                SATA::SATA()
                0x00000000c001d7b2                SATA::SATA()
                0x00000000c001d7e0                SATA::access(unsigned long long, int, void*, bool)
                0x00000000c001da34                SATA::read(unsigned long long, int, void*)
                0x00000000c001dc84                SATA::write(unsigned long long, int, void*)
 *fill*         0x00000000c001dee9        0x1 
 .text          0x00000000c001deea      0x5d0 hw/diskphys/satapi.32
                0x00000000c001deea                SATAPI::write(unsigned long long, int, void*)
                0x00000000c001def0                SATAPI::close(int, int, void*)
                0x00000000c001df14                SATAPI::SATAPI()
                0x00000000c001df14                SATAPI::SATAPI()
                0x00000000c001df42                SATAPI::diskRemoved()
                0x00000000c001df44                SATAPI::diskInserted()
                0x00000000c001df60                SATAPI::sendPacket(unsigned char*, int, unsigned long long, unsigned short*, int)
                0x00000000c001e23e                SATAPI::eject()
                0x00000000c001e27a                SATAPI::detectMedia()
                0x00000000c001e2d0                SATAPI::open(int, int, void*)
                0x00000000c001e3d0                SATAPI::read(unsigned long long, int, void*)
 .text          0x00000000c001e4ba      0x45b hw/intctrl/apic.32
                0x00000000c001e4ba                IOAPIC::close(int, int, void*)
                0x00000000c001e4c0                apicGetBase()
                0x00000000c001e506                IOAPIC::IOAPIC()
                0x00000000c001e506                IOAPIC::IOAPIC()
                0x00000000c001e52e                apicOpen()
                0x00000000c001e6aa                IOAPIC::handlesGSIWithNumber(unsigned int)
                0x00000000c001e6dc                IOAPIC::read(int)
                0x00000000c001e704                IOAPIC::open(int, int, void*)
                0x00000000c001e7ea                IOAPIC::write(int, int)
                0x00000000c001e816                IOAPIC::redirect(unsigned char, unsigned long long, unsigned char, bool, bool)
 *fill*         0x00000000c001e915        0x3 
 .text          0x00000000c001e918       0xf0 hw/timer/apictimer.32
                0x00000000c001e918                APICTimer::close(int, int, void*)
                0x00000000c001e920                apicTimerHandler(regs*, void*)
                0x00000000c001e948                APICTimer::open(int, int, void*)
                0x00000000c001e9b8                APICTimer::write(int)
                0x00000000c001e9e0                APICTimer::APICTimer()
                0x00000000c001e9e0                APICTimer::APICTimer()
 .text          0x00000000c001ea08      0x1ad hw/timer/pit.32
                0x00000000c001ea08                PIT::write(int)
                0x00000000c001ea8c                pitHandler(regs*, void*)
                0x00000000c001eab4                PIT::open(int, int, void*)
                0x00000000c001eb04                PIT::close(int, int, void*)
                0x00000000c001eb34                PIT::PIT()
                0x00000000c001eb34                PIT::PIT()
 *fill*         0x00000000c001ebb5        0xb 
 .text          0x00000000c001ebc0       0x83 arch/i386/avx.32
                0x00000000c001ebc0                avxDetect
                0x00000000c001ebea                avxSave
                0x00000000c001ebfb                avxLoad
                0x00000000c001ec0c                avxInit
                0x00000000c001ec2e                avxClose
                0x00000000c001ec2f                wouldSheSayYes
 *fill*         0x00000000c001ec43        0xd 
 .text          0x00000000c001ec50      0x2ec arch/i386/interrupt.32
                0x00000000c001ec50                isr0
                0x00000000c001ec60                isr1
                0x00000000c001ec6a                isr2
                0x00000000c001ec74                isr3
                0x00000000c001ec7e                isr4
                0x00000000c001ec88                isr5
                0x00000000c001ec92                isr6
                0x00000000c001ec9c                isr7
                0x00000000c001eca6                isr8
                0x00000000c001ecae                isr9
                0x00000000c001ecb8                isr10
                0x00000000c001ecc0                isr11
                0x00000000c001ecc8                isr12
                0x00000000c001ecd0                isr13
                0x00000000c001ecea                isr14
                0x00000000c001ecf2                isr15
                0x00000000c001ecfc                isr16
                0x00000000c001ed06                isr17
                0x00000000c001ed10                isr18
                0x00000000c001ed1a                irq3
                0x00000000c001ed24                irq4
                0x00000000c001ed2e                irq5
                0x00000000c001ed38                irq6
                0x00000000c001ed42                irq7
                0x00000000c001ed4c                irq8
                0x00000000c001ed56                irq9
                0x00000000c001ed60                irq10
                0x00000000c001ed6a                irq11
                0x00000000c001ed74                irq12
                0x00000000c001ed7e                irq13
                0x00000000c001ed88                irq14
                0x00000000c001ed92                irq15
                0x00000000c001ed9c                irq1
                0x00000000c001eda3                irq2
                0x00000000c001edaa                isr96
                0x00000000c001edb1                irq0
                0x00000000c001edb6                int_common_stub
                0x00000000c001ede8                syscall_common_stub
                0x00000000c001eeec                irq16
                0x00000000c001eef6                irq17
                0x00000000c001ef00                irq18
                0x00000000c001ef0a                irq19