Archive member included to satisfy reference by file (symbol)

/cygdrive/d/Users/Alex/Desktop/Toolchain/Output/bin/../lib/gcc/i386-banana/8.1.0/libkgcc.a(_divdi3.o)
                              fs/fat/ff.32 (__divdi3)
/cygdrive/d/Users/Alex/Desktop/Toolchain/Output/bin/../lib/gcc/i386-banana/8.1.0/libkgcc.a(_moddi3.o)
                              compat/resolve.32 (__moddi3)
/cygdrive/d/Users/Alex/Desktop/Toolchain/Output/bin/../lib/gcc/i386-banana/8.1.0/libkgcc.a(_udivdi3.o)
                              fs/fat/ff.32 (__udivdi3)
/cygdrive/d/Users/Alex/Desktop/Toolchain/Output/bin/../lib/gcc/i386-banana/8.1.0/libkgcc.a(_umoddi3.o)
                              compat/resolve.32 (__umoddi3)

Discarded input sections

 .comment       0x0000000000000000       0x12 /cygdrive/d/Users/Alex/Desktop/Toolchain/Output/bin/../lib/gcc/i386-banana/8.1.0/crtbegin.o
 .comment       0x0000000000000000       0x12 acpica/utclib.32
 .comment       0x0000000000000000       0x12 core/malloc.32
 .comment       0x0000000000000000       0x12 libk/string.32
 .comment       0x0000000000000000       0x12 fs/fat/diskio.32
 .comment       0x0000000000000000       0x12 fs/fat/ff.32
 .comment       0x0000000000000000       0x12 fs/fat/ffsystem.32
 .comment       0x0000000000000000       0x12 fs/fat/ffunicode.32
 .comment       0x0000000000000000       0x12 compat/inlines.32
 .comment       0x0000000000000000       0x12 compat/resolve.32
 .group         0x0000000000000000       0x14 core/computer.32
 .group         0x0000000000000000        0xc core/computer.32
 .comment       0x0000000000000000       0x12 core/computer.32
 .comment       0x0000000000000000       0x12 core/gdt.32
 .group         0x0000000000000000        0xc core/idle.32
 .comment       0x0000000000000000       0x12 core/idle.32
 .comment       0x0000000000000000       0x12 core/idt.32
 .comment       0x0000000000000000       0x12 core/kheap.32
 .comment       0x0000000000000000       0x12 core/main.32
 .comment       0x0000000000000000       0x12 core/physmgr.32
 .group         0x0000000000000000        0xc core/pipe.32
 .comment       0x0000000000000000       0x12 core/pipe.32
 .group         0x0000000000000000        0xc core/terminal.32
 .comment       0x0000000000000000       0x12 core/terminal.32
 .comment       0x0000000000000000       0x12 core/tss.32
 .group         0x0000000000000000        0x8 core/unixfile.32
 .group         0x0000000000000000        0x8 core/unixfile.32
 .group         0x0000000000000000        0xc core/unixfile.32
 .group         0x0000000000000000        0x8 core/unixfile.32
 .group         0x0000000000000000        0xc core/unixfile.32
 .group         0x0000000000000000        0x8 core/unixfile.32
 .group         0x0000000000000000        0xc core/unixfile.32
 .group         0x0000000000000000        0xc core/unixfile.32
 .comment       0x0000000000000000       0x12 core/unixfile.32
 .comment       0x0000000000000000       0x12 core/virtmgr.32
 .comment       0x0000000000000000       0x12 coreobjs/c++.32
 .comment       0x0000000000000000       0x12 dbg/kconsole.32
 .group         0x0000000000000000        0xc fs/vfs.32
 .group         0x0000000000000000        0xc fs/vfs.32
 .group         0x0000000000000000        0xc fs/vfs.32
 .comment       0x0000000000000000       0x12 fs/vfs.32
 .group         0x0000000000000000        0xc hal/bus.32
 .comment       0x0000000000000000       0x12 hal/bus.32
 .group         0x0000000000000000        0xc hal/buzzer.32
 .comment       0x0000000000000000       0x12 hal/buzzer.32
 .group         0x0000000000000000        0xc hal/clock.32
 .comment       0x0000000000000000       0x12 hal/clock.32
 .group         0x0000000000000000       0x14 hal/device.32
 .group         0x0000000000000000        0xc hal/device.32
 .group         0x0000000000000000        0x8 hal/device.32
 .group         0x0000000000000000        0xc hal/device.32
 .group         0x0000000000000000        0xc hal/device.32
 .comment       0x0000000000000000       0x12 hal/device.32
 .group         0x0000000000000000        0xc hal/diskctrl.32
 .comment       0x0000000000000000       0x12 hal/diskctrl.32
 .group         0x0000000000000000        0xc hal/diskphys.32
 .comment       0x0000000000000000       0x12 hal/diskphys.32
 .group         0x0000000000000000        0xc hal/fpu.32
 .comment       0x0000000000000000       0x12 hal/fpu.32
 .group         0x0000000000000000        0xc hal/intctrl.32
 .comment       0x0000000000000000       0x12 hal/intctrl.32
 .group         0x0000000000000000        0xc hal/keybrd.32
 .comment       0x0000000000000000       0x12 hal/keybrd.32
 .group         0x0000000000000000        0xc hal/logidisk.32
 .comment       0x0000000000000000       0x12 hal/logidisk.32
 .group         0x0000000000000000        0xc hal/mouse.32
 .comment       0x0000000000000000       0x12 hal/mouse.32
 .comment       0x0000000000000000       0x12 hal/partition.32
 .group         0x0000000000000000        0xc hal/serial.32
[...]
Memory Configuration

Name             Origin             Length             Attributes
*default*        0x0000000000000000 0xffffffffffffffff

Linker script and memory map

LOAD D:/Users/Alex/Desktop/Banana/kernel/boot.32
LOAD crti.32
LOAD /cygdrive/d/Users/Alex/Desktop/Toolchain/Output/bin/../lib/gcc/i386-banana/8.1.0/crtbegin.o
LOAD D:/Users/Alex/Desktop/Banana/kernel/morenasm.32
LOAD acpica/utclib.32
LOAD core/malloc.32
LOAD libk/string.32
LOAD fs/fat/diskio.32
LOAD fs/fat/ff.32
LOAD fs/fat/ffsystem.32
LOAD fs/fat/ffunicode.32
LOAD compat/inlines.32
LOAD compat/resolve.32
LOAD core/computer.32
LOAD core/gdt.32
LOAD core/idle.32
LOAD core/idt.32
LOAD core/kheap.32
LOAD core/main.32
LOAD core/physmgr.32
LOAD core/pipe.32
LOAD core/terminal.32
LOAD core/tss.32
LOAD core/unixfile.32
LOAD core/virtmgr.32
LOAD coreobjs/c++.32
LOAD dbg/kconsole.32
LOAD fs/vfs.32
LOAD hal/bus.32
LOAD hal/buzzer.32
LOAD hal/clock.32
LOAD hal/device.32
LOAD hal/diskctrl.32
LOAD hal/diskphys.32
LOAD hal/fpu.32
LOAD hal/intctrl.32
LOAD hal/keybrd.32
LOAD hal/logidisk.32
LOAD hal/mouse.32
LOAD hal/partition.32
LOAD hal/serial.32
LOAD hal/timer.32
LOAD hal/vcache.32
LOAD hal/video.32
LOAD hw/acpi.32
LOAD hw/cpu.32
LOAD hw/ports.32
LOAD hw/smp.32
LOAD krnl/env.32
LOAD krnl/panic.32
LOAD net/ethernet.32
LOAD reg/registry.32
LOAD sys/sc_eject.32
LOAD sys/sc_exit.32
LOAD sys/sc_getcwd.32
LOAD sys/sc_getpid.32
LOAD sys/sc_getramdata.32
LOAD sys/sc_getvgaptr.32
LOAD sys/sc_loaddll.32
LOAD sys/sc_read.32
LOAD sys/sc_sbrk.32
LOAD sys/sc_setcwd.32
LOAD sys/sc_settime.32
LOAD sys/sc_timezone.32
LOAD sys/sc_write.32
LOAD sys/sc_wsbe.32
LOAD sys/sc_yield.32
LOAD sys/syscalls.32
LOAD thr/elf.32
LOAD thr/prcssthr.32
LOAD vm86/vm8086.32
LOAD vm86/x87em.32
LOAD fs/fat/vfslink.32
LOAD fs/iso9660/vfslink.32
LOAD hal/sound/sndcard.32
LOAD hal/sound/sndport.32
LOAD hw/bus/isa.32
LOAD hw/bus/pci.32
LOAD hw/diskctrl/ide.32
LOAD hw/diskctrl/satabus.32
LOAD hw/diskphys/ata.32
LOAD hw/diskphys/atapi.32
LOAD hw/diskphys/sata.32
LOAD hw/diskphys/satapi.32
LOAD hw/fpu/avx.32
LOAD hw/fpu/mmx.32
LOAD hw/fpu/sse.32
LOAD hw/fpu/x87.32
LOAD hw/intctrl/apic.32
LOAD hw/intctrl/pic.32
LOAD hw/timer/apictimer.32
LOAD hw/timer/pit.32
LOAD hw/fpu/x86/avx.32
LOAD hw/fpu/x86/sse.32
LOAD hw/fpu/x86/x87.32
LOAD /cygdrive/d/Users/Alex/Desktop/Toolchain/Output/bin/../lib/gcc/i386-banana/8.1.0/crtend.o
LOAD crtn.32
LOAD /cygdrive/d/Users/Alex/Desktop/Toolchain/Output/bin/../lib/gcc/i386-banana/8.1.0/libkgcc.a
LOAD D:/Users/Alex/Desktop/Banana/kernel/libsoftfp.a
LOAD D:/Users/Alex/Desktop/Banana/kernel/libk/libm32.a
                0x00000000c0000000                . = 0xc0000000

.text           0x00000000c0000000    0x211de
 *(.text)
 .text          0x00000000c0000000       0x41 D:/Users/Alex/Desktop/Banana/kernel/boot.32
                0x00000000c0000020                callGlobalConstructors
 .text          0x00000000c0000041        0x0 crti.32
 *fill*         0x00000000c0000041        0x3 
 .text          0x00000000c0000044      0x101 /cygdrive/d/Users/Alex/Desktop/Toolchain/Output/bin/../lib/gcc/i386-banana/8.1.0/crtbegin.o
 *fill*         0x00000000c0000145        0xb 
 .text          0x00000000c0000150      0x430 D:/Users/Alex/Desktop/Banana/kernel/morenasm.32
                0x00000000c0000150                manualPCIProbe
                0x00000000c000019b                prepareTramp
                0x00000000c00001b4                doTPAUSE
                0x00000000c00001be                hasLegacyFPU
                0x00000000c00001e3                is486
                0x00000000c0000219                detectCPUID
                0x00000000c000022f                goToVM86
                0x00000000c000025f                goToUsermode
                0x00000000c0000289                switchToThreadASMFirstTime
                0x00000000c0000297                switchToThreadASM
                0x00000000c0000327                asmQuickAcquireLock
                0x00000000c0000345                asmQuickReleaseLock
                0x00000000c0000351                asmAcquireLock
                0x00000000c0000372                asmReleaseLock
                0x00000000c0000385                loadGDT
                0x00000000c00003a5                isr0
                0x00000000c00003b5                isr1
                0x00000000c00003bf                isr2
                0x00000000c00003c9                isr3
                0x00000000c00003d3                isr4
                0x00000000c00003dd                isr5
                0x00000000c00003e7                isr6
                0x00000000c00003f1                isr7
                0x00000000c00003fb                isr8
                0x00000000c0000403                isr9
                0x00000000c000040d                isr10
                0x00000000c0000415                isr11
                0x00000000c000041d                isr12
                0x00000000c0000425                isr13
                0x00000000c000042d                isr14
                0x00000000c0000435                isr15
                0x00000000c000043f                isr16
                0x00000000c0000449                isr17
                0x00000000c0000453                isr18
                0x00000000c000045d                irq3
                0x00000000c0000467                irq4
                0x00000000c0000471                irq5
                0x00000000c000047b                irq6
                0x00000000c0000485                irq7
                0x00000000c000048f                irq8
                0x00000000c0000499                irq9
                0x00000000c00004a3                irq10
                0x00000000c00004ad                irq11
                0x00000000c00004b7                irq12
                0x00000000c00004c1                irq13
                0x00000000c00004cb                irq14
                0x00000000c00004d5                irq15
                0x00000000c00004df                irq1
                0x00000000c00004e6                irq2
                0x00000000c00004ed                isr96
                0x00000000c00004f4                irq0
                0x00000000c00004f9                int_common_stub
                0x00000000c00004f9                syscall_common_stub
                0x00000000c000052b                irq16
                0x00000000c0000535                irq17
                0x00000000c000053f                irq18
                0x00000000c0000549                irq19
                0x00000000c0000553                irq20
                0x00000000c000055d                irq21
                0x00000000c0000567                irq22
                0x00000000c0000571                irq23
                0x00000000c000057b                memcpy
 .text          0x00000000c0000580      0x5dd acpica/utclib.32
                0x00000000c0000580                memcmp
                0x00000000c00005bc                memmove
                0x00000000c0000684                memset
                0x00000000c00006a0                strlen
                0x00000000c00006b8                strpbrk
                0x00000000c00006f4                strtok
                0x00000000c0000740                strcpy
                0x00000000c0000764                strncpy
                0x00000000c00007cc                strcmp
                0x00000000c000080c                strchr
                0x00000000c0000830                strncmp
                0x00000000c0000880                strcat
                0x00000000c00008b0                strncat
                0x00000000c00008ec                strstr
                0x00000000c0000934                toupper
                0x00000000c0000948                tolower
                0x00000000c000095c                simple_strtoul
 .text          0x00000000c0000b5d      0xfad core/malloc.32
                0x00000000c0000cc8                dlfree
                0x00000000c0001023                dlmalloc
                0x00000000c0001560                dlrealloc
                0x00000000c0001703                dlmemalign
                0x00000000c0001826                dlcalloc
                0x00000000c00018c0                dlcfree
                0x00000000c00018c5                dlindependent_calloc
                0x00000000c00018ea                dlindependent_comalloc
                0x00000000c0001901                dlvalloc
                0x00000000c000192c                dlpvalloc
                0x00000000c0001962                dlmalloc_trim
                0x00000000c000196f                dlmalloc_usable_size
                0x00000000c00019a0                dlmallinfo
                0x00000000c0001a6f                dlmalloc_stats
                0x00000000c0001a80                dlmallopt
 .text          0x00000000c0001b0a        0x0 libk/string.32
 .text          0x00000000c0001b0a       0x51 fs/fat/diskio.32
                0x00000000c0001b0a                disk_status
                0x00000000c0001b0d                disk_initialize
                0x00000000c0001b10                disk_read
                0x00000000c0001b26                disk_write
                0x00000000c0001b3c                disk_ioctl
 .text          0x00000000c0001b5b     0x6a69 fs/fat/ff.32
                0x00000000c0004e29                f_mount
                0x00000000c0004e8b                f_open
                0x00000000c00052c7                f_read
                0x00000000c0005547                f_write
                0x00000000c0005801                f_sync
                0x00000000c00059dd                f_close
                0x00000000c0005a0c                f_lseek
                0x00000000c0005ec3                f_opendir
                0x00000000c0005fc5                f_closedir
                0x00000000c0005fe7                f_readdir
                0x00000000c0006082                f_stat
                0x00000000c0006111                f_getfree
                0x00000000c00062dc                f_truncate
                0x00000000c00063d4                f_unlink
                0x00000000c0006557                f_mkdir
                0x00000000c0006783                f_rename
                0x00000000c0006a76                f_chmod
                0x00000000c0006b54                f_utime
                0x00000000c0006c32                f_getlabel
                0x00000000c0006e20                f_setlabel
                0x00000000c000708d                f_expand
                0x00000000c00072c3                f_forward
                0x00000000c00074a1                f_mkfs
 .text          0x00000000c00085c4       0x2f fs/fat/ffsystem.32
                0x00000000c00085c4                ff_memalloc
                0x00000000c00085dc                ff_memfree
 *fill*         0x00000000c00085f3        0x1 
 .text          0x00000000c00085f4      0x274 fs/fat/ffunicode.32
                0x00000000c00085f4                ff_uni2oem
                0x00000000c000868c                ff_oem2uni
                0x00000000c0008700                ff_wtoupper
 .text          0x00000000c0008868       0xa7 compat/inlines.32
                0x00000000c0008868                CPU::current()
                0x00000000c0008874                operator new(unsigned long)
                0x00000000c0008879                operator delete(void*)
                0x00000000c000887e                disableIRQs()
                0x00000000c0008886                enableIRQs()
                0x00000000c0008895                lockScheduler()
                0x00000000c000889d                unlockScheduler()
                0x00000000c00088ac                lockStuff()
                0x00000000c00088ba                unlockStuff()
                0x00000000c00088f4                Virt::getAKernelVAS()
                0x00000000c00088fa                __not_memcpy
 *fill*         0x00000000c000890f        0x1 
 .text          0x00000000c0008910      0x118 compat/resolve.32
                0x00000000c0008910                Krnl::resolveCompatibilitySymbol(char*)
 .text          0x00000000c0008a28      0x7f7 core/computer.32
                0x00000000c0008a28                Computer::close(int, int, void*)
                0x00000000c0008a6c                Krnl::firstTask()
                0x00000000c0008bba                Computer::Computer()
                0x00000000c0008bba                Computer::Computer()
                0x00000000c0008d16                Computer::setBootMessage(char const*)
                0x00000000c0008d18                Computer::detectFeatures()
                0x00000000c0008f22                Computer::displayFeatures()
                0x00000000c0008f24                Computer::rdmsr(unsigned int)
                0x00000000c0008f50                Computer::wrmsr(unsigned int, unsigned long long)
                0x00000000c0008f88                Computer::nmiEnabled()
                0x00000000c0008f94                Computer::readCMOS(unsigned char)
                0x00000000c0008fae                Computer::enableNMI(bool)
                0x00000000c0008fc6                Computer::open(int, int, void*)
                0x00000000c0009162                Computer::disableNMI()
                0x00000000c0009170                Computer::writeCMOS(unsigned char, unsigned char)
                0x00000000c000918e                Computer::handleNMI()
                0x00000000c00091f4                Computer::setDiskActivityLight(int, bool)
 *fill*         0x00000000c000921f        0x1 
 .text          0x00000000c0009220      0x19d core/gdt.32
                0x00000000c0009220                GDTEntry::setBase(unsigned int)
                0x00000000c000923c                GDTEntry::setLimit(unsigned int)
                0x00000000c000925a                GDT::GDT()
                0x00000000c000925a                GDT::GDT()
                0x00000000c0009270                GDT::addEntry(GDTEntry)
                0x00000000c0009292                GDT::getNumberOfEntries()
                0x00000000c000929a                GDT::flush()
                0x00000000c00092bc                GDT::setup()
 .text          0x00000000c00093bd       0x6b core/idle.32
                0x00000000c00093bd                idleFunction(void*)
 .text          0x00000000c0009428      0x464 core/idt.32
                0x00000000c0009428                IDTEntry::IDTEntry(bool)
                0x00000000c0009428                IDTEntry::IDTEntry(bool)
                0x00000000c000949a                IDTEntry::setOffset(unsigned int)
                0x00000000c00094b0                IDT::IDT()
                0x00000000c00094b0                IDT::IDT()
                0x00000000c00094b2                IDT::getPointerToInvalidOpcodeEntryForF00F()
                0x00000000c00094ba                IDT::addEntry(IDTEntry, int)
                0x00000000c00094d4                IDT::addEntry(int, void (*)(), bool)
                0x00000000c000950c                IDT::flush()
                0x00000000c0009526                IDT::setup()
 .text          0x00000000c000988c      0x191 core/kheap.32
                0x00000000c000988c                sbrk
                0x00000000c000992f                mmap
                0x00000000c0009945                munmap
                0x00000000c000995b                liballoc_lock()
                0x00000000c0009968                liballoc_unlock()
                0x00000000c000997c                liballoc_alloc(int)
                0x00000000c0009994                liballoc_free(void*, int)
                0x00000000c00099af                realloc
                0x00000000c00099c3                malloc
                0x00000000c00099d3                free
                0x00000000c00099e3                rfree
                0x00000000c00099f3                calloc
 .text          0x00000000c0009a1d      0x1b6 core/main.32
                0x00000000c0009a1d                Krnl::setBootMessage(char const*)
                0x00000000c0009a89                kernel_main
 .text          0x00000000c0009bd3      0x691 core/physmgr.32
                0x00000000c0009bd3                Phys::allocateDMA(unsigned long)
                0x00000000c0009ce2                Phys::freeDMA(unsigned long, unsigned long)
                0x00000000c0009d28                Phys::setPageState(unsigned long, bool)
                0x00000000c0009d5a                Phys::getPageState(unsigned long)
                0x00000000c0009d76                Phys::freePage(unsigned long)
                0x00000000c0009df9                Phys::allocatePage()
                0x00000000c0009ee4                Phys::allocateContiguousPages(int)
                0x00000000c0009f40                Phys::allowSegmentToBeUsed(unsigned long, unsigned long)
                0x00000000c0009f78                Phys::physicalMemorySetup(unsigned int)
 .text          0x00000000c000a264      0x273 core/pipe.32
                0x00000000c000a264                Pipe::isAtty()
                0x00000000c000a268                Pipe::~Pipe()
                0x00000000c000a268                Pipe::~Pipe()
                0x00000000c000a28c                Pipe::~Pipe()
                0x00000000c000a2b4                Pipe::read(unsigned long long, void*, int*)
                0x00000000c000a3b0                Pipe::write(unsigned long long, void*, int*)
                0x00000000c000a470                Pipe::Pipe(int)
                0x00000000c000a470                Pipe::Pipe(int)
 *fill*         0x00000000c000a4d7        0x1 
 .text          0x00000000c000a4d8      0xb93 core/terminal.32
                0x00000000c000a4d8                VgaText::isAtty()
                0x00000000c000a4dc                VgaText::~VgaText()
                0x00000000c000a4dc                VgaText::~VgaText()
                0x00000000c000a500                VgaText::~VgaText()
                0x00000000c000a52a                VgaText::read(unsigned long long, void*, int*)
                0x00000000c000a54a                setTerminalScrollLock(bool)
                0x00000000c000a54b                addToTerminalCycle(VgaText*)
                0x00000000c000a56c                installVgaTextImplementation()
                0x00000000c000a581                scrollTerminalScrollLock(int)
                0x00000000c000a582                VgaText::updateTitle()
                0x00000000c000a5c0                VgaText::load()
                0x00000000c000a60e                VgaText::updateCursor()
                0x00000000c000a624                VgaText::doANSI_SGR(int)
                0x00000000c000a698                VgaText::setDefaultBgColour(VgaColour)
                0x00000000c000a6a8                VgaText::setDefaultFgColour(VgaColour)
                0x00000000c000a6b8                VgaText::setDefaultColours(VgaColour, VgaColour)
                0x00000000c000a6d8                VgaText::setTitleTextColour(VgaColour)
                0x00000000c000a6e8                VgaText::setTitleColour(VgaColour)
                0x00000000c000a6f8                VgaText::setTitle(char*)
                0x00000000c000a71e                VgaText::combineColours(unsigned char, unsigned char)
                0x00000000c000a730                VgaText::scrollScreen()
                0x00000000c000a7c4                VgaText::combineCharAndColour(char, unsigned char)
                0x00000000c000a7d6                VgaText::writeCharacter(char, VgaColour, VgaColour, int, int)
                0x00000000c000a832                VgaText::getCursorX()
                0x00000000c000a83a                VgaText::getCursorY()
                0x00000000c000a842                VgaText::setCursor(int, int)
                0x00000000c000a859                setActiveTerminal(VgaText*)
                0x00000000c000a8bb                doTerminalCycle()
                0x00000000c000a8d6                VgaText::setCursorX(int)
                0x00000000c000a8ee                VgaText::setCursorY(int)
                0x00000000c000a906                VgaText::incrementCursor(bool)
                0x00000000c000a95a                VgaText::decrementCursor(bool)
                0x00000000c000a97c                VgaText::putchar(char, VgaColour, VgaColour)
                0x00000000c000aa54                VgaText::doUpdate()
                0x00000000c000aa62                VgaText::puts(char const*, VgaColour, VgaColour)
                0x00000000c000abda                VgaText::clearScreen()
                0x00000000c000ac34                VgaText::putchar(char)
                0x00000000c000ad20                VgaText::putx(unsigned int)
                0x00000000c000ad66                VgaText::puts(char const*)
                0x00000000c000ad8c                VgaText::VgaText(char const*)
                0x00000000c000ad8c                VgaText::VgaText(char const*)
                0x00000000c000af0a                VgaText::receiveKey(unsigned char)
                0x00000000c000aff2                VgaText::write(unsigned long long, void*, int*)
                0x00000000c000b046                newTerminal(char*)
 *fill*         0x00000000c000b06b        0x1 
 .text          0x00000000c000b06c      0x1a1 core/tss.32
                0x00000000c000b06c                TSS::TSS()
                0x00000000c000b06c                TSS::TSS()
                0x00000000c000b07c                TSS::setESP(unsigned long)
                0x00000000c000b090                TSS::flush()
                0x00000000c000b0b0                TSS::setup(unsigned long, unsigned long)
 *fill*         0x00000000c000b20d        0x1 
 .text          0x00000000c000b20e      0x4c2 core/unixfile.32
                0x00000000c000b20e                ReservedFilename::read(unsigned long long, void*, int*)
                0x00000000c000b264                ReservedFilename::isAtty()
                0x00000000c000b280                ReservedFilename::write(unsigned long long, void*, int*)
                0x00000000c000b2de                UnixFile::getFileDescriptor()
                0x00000000c000b2e6                UnixFile::UnixFile(int)
                0x00000000c000b2e6                UnixFile::UnixFile(int)
                0x00000000c000b496                ReservedFilename::ReservedFilename(int)
                0x00000000c000b496                ReservedFilename::ReservedFilename(int)
                0x00000000c000b4c8                UnixFile::~UnixFile()
                0x00000000c000b4c8                UnixFile::~UnixFile()
                0x00000000c000b560                UnixFile::~UnixFile()
                0x00000000c000b588                ReservedFilename::~ReservedFilename()
                0x00000000c000b588                ReservedFilename::~ReservedFilename()
                0x00000000c000b5ac                ReservedFilename::~ReservedFilename()
                0x00000000c000b5d3                getFromFileDescriptor(int)
 .text          0x00000000c000b6d0     0x12c4 core/virtmgr.32
                0x00000000c000b6d0                Virt::setPageState(unsigned long, Virt::VirtPageState)
                0x00000000c000b705                Virt::getPageState(unsigned long)
                0x00000000c000b729                Virt::allocateKernelVirtualPages(int)
                0x00000000c000b83a                Virt::freeSwapfilePage(unsigned long)
                0x00000000c000b858                Virt::swapIDToSector(unsigned long)
                0x00000000c000b86a                Virt::allocateSwapfilePage()
                0x00000000c000b8e8                Virt::virtualMemorySetup()
                0x00000000c000b933                Virt::setupPageSwapping(int)
                0x00000000c000b9a4                VAS::VAS()
                0x00000000c000b9a4                VAS::VAS()
                0x00000000c000b9e0                VAS::VAS(VAS*)
                0x00000000c000b9e0                VAS::VAS(VAS*)
                0x00000000c000ba0e                VAS::getForeignPageTableEntry(bool, unsigned long)
                0x00000000c000ba3a                VAS::getPageTableEntry(unsigned long)
                0x00000000c000ba59                Virt::freeKernelVirtualPages(unsigned long)
                0x00000000c000bb7c                VAS::freeAllocatedPages(unsigned long)
                0x00000000c000bba0                VAS::virtualToPhysical(unsigned long)
                0x00000000c000bbb8                VAS::reflagRange(unsigned long, int, int, int)
                0x00000000c000bbf8                VAS::setToWriteCombining(unsigned long, int)
                0x00000000c000bc2a                VAS::mapOtherVASIn(bool, VAS*)
                0x00000000c000bc54                VAS::~VAS()
                0x00000000c000bc54                VAS::~VAS()
                0x00000000c000bdd0                VAS::mapPage(unsigned long, unsigned long, int)
                0x00000000c000bed2                VAS::allocatePages(int, int)
                0x00000000c000c0aa                VAS::setCPUSpecific(unsigned long)
                0x00000000c000c0c6                VAS::mapRange(unsigned long, unsigned long, int, int)
                0x00000000c000c18c                VAS::mapForeignPage(bool, VAS*, unsigned long, unsigned long, int)
                0x00000000c000c27a                VAS::VAS(bool)
                0x00000000c000c27a                VAS::VAS(bool)
                0x00000000c000c4fa                VAS::evict(unsigned long)
                0x00000000c000c602                VAS::tryLoadBackOffDisk(unsigned long)
                0x00000000c000c78a                VAS::scanForEviction()
                0x00000000c000c868                mapVASFirstTime
 .text          0x00000000c000c994       0x95 coreobjs/c++.32
                0x00000000c000c994                __cxa_atexit
                0x00000000c000c997                __cxa_finalize
                0x00000000c000c998                __stack_chk_fail
                0x00000000c000ca04                __cxa_pure_virtual
                0x00000000c000ca15                operator new[](unsigned long)
                0x00000000c000ca1a                operator delete(void*, unsigned long)
                0x00000000c000ca1f                operator delete[](void*)
                0x00000000c000ca24                operator delete[](void*, unsigned long)
 .text          0x00000000c000ca29      0x1fc dbg/kconsole.32
                0x00000000c000ca29                Dbg::stringifyxWithBase(unsigned int, char*, int)
                0x00000000c000ca82                Dbg::logc(char)
                0x00000000c000caa2                Dbg::logs(char*)
                0x00000000c000cabf                Dbg::logWriteInt(unsigned int)
                0x00000000c000cadc                Dbg::logWriteIntBase(unsigned int, int)
                0x00000000c000cafb                Dbg::kprintf(char const*, ...)
 *fill*         0x00000000c000cc25        0x1 
 .text          0x00000000c000cc26      0xb82 fs/vfs.32
                0x00000000c000cc26                File::read(unsigned long long, void*, int*)
                0x00000000c000cc7e                File::write(unsigned long long, void*, int*)
                0x00000000c000ccd6                Directory::read(unsigned long long, void*, int*)
                0x00000000c000cd2e                Directory::write(unsigned long long, void*, int*)
                0x00000000c000cd5c                File::isAtty()
                0x00000000c000cd60                Directory::isAtty()
                0x00000000c000cd64                Filesystem::getlabel(LogicalDisk*, int, char*, unsigned int*)
                0x00000000c000cd6a                Filesystem::setlabel(LogicalDisk*, int, char*)
                0x00000000c000cd70                Filesystem::allocateSwapfile(char const*, int)
                0x00000000c000cd76                File::~File()
                0x00000000c000cd76                File::~File()
                0x00000000c000cd9a                File::~File()
                0x00000000c000cdc4                Directory::~Directory()
                0x00000000c000cdc4                Directory::~Directory()
                0x00000000c000cde8                Directory::~Directory()
                0x00000000c000ce12                Filesystem::Filesystem()
                0x00000000c000ce12                Filesystem::Filesystem()
                0x00000000c000ce36                Filesystem::~Filesystem()
                0x00000000c000ce36                Filesystem::~Filesystem()
                0x00000000c000ce44                Filesystem::~Filesystem()
                0x00000000c000ce68                Fs::getcwd(Process*, char*, int)
                0x00000000c000ce92                Fs::initVFS()
                0x00000000c000cebc                Fs::standardiseFiles(char*, char const*, char const*)
                0x00000000c000d066                File::File(char const*, Process*)
                0x00000000c000d066                File::File(char const*, Process*)
                0x00000000c000d0ca                File::open(FileOpenMode)
                0x00000000c000d128                File::close()
                0x00000000c000d188                File::seek(unsigned long long)
                0x00000000c000d1de                File::tell(unsigned long long*)
                0x00000000c000d22e                File::rewind()
                0x00000000c000d242                File::unlink()
                0x00000000c000d28e                File::rename(char const*)
                0x00000000c000d2dc                File::chfatattr(unsigned char, unsigned char)
                0x00000000c000d338                File::exists()
                0x00000000c000d376                File::stat(unsigned long long*, bool*)
                0x00000000c000d3d7                Fs::setcwd(Process*, char*)
                0x00000000c000d512                Directory::Directory(char const*, Process*)
                0x00000000c000d512                Directory::Directory(char const*, Process*)
                0x00000000c000d576                Directory::open()
                0x00000000c000d5d2                Directory::close()
                0x00000000c000d632                Directory::unlink()
                0x00000000c000d67e                Directory::rename(char const*)
                0x00000000c000d6cc                Directory::exists()
                0x00000000c000d70a                Directory::read(dirent*)
                0x00000000c000d756                Directory::create()
                0x00000000c000d7a2                Filesystem::chfatattr(char const*, unsigned char, unsigned char)
 .text          0x00000000c000d7a8       0x86 hal/bus.32
                0x00000000c000d7a8                Bus::Bus(char const*)
                0x00000000c000d7a8                Bus::Bus(char const*)
                0x00000000c000d7e0                Bus::~Bus()
                0x00000000c000d7e0                Bus::~Bus()
                0x00000000c000d804                Bus::~Bus()
 *fill*         0x00000000c000d82e        0x2 
 .text          0x00000000c000d830      0x153 hal/buzzer.32
                0x00000000c000d830                Buzzer::Buzzer(char const*)
                0x00000000c000d830                Buzzer::Buzzer(char const*)
                0x00000000c000d874                Buzzer::~Buzzer()
                0x00000000c000d874                Buzzer::~Buzzer()
                0x00000000c000d898                Buzzer::~Buzzer()
                0x00000000c000d8c2                Buzzer::stop()
                0x00000000c000d8d5                beepThread(void*)
                0x00000000c000d916                Buzzer::beep(int, int, bool)
 *fill*         0x00000000c000d983        0x1 
 .text          0x00000000c000d984      0x467 hal/clock.32
                0x00000000c000d984                User::loadClockSettings(int)
                0x00000000c000d9d6                Clock::Clock(char const*)
                0x00000000c000d9d6                Clock::Clock(char const*)
                0x00000000c000da0c                Clock::~Clock()
                0x00000000c000da0c                Clock::~Clock()
                0x00000000c000da30                Clock::~Clock()
                0x00000000c000da5a                Clock::timeInSecondsLocal()
                0x00000000c000daa2                Clock::setTimeInSecondsLocal(unsigned long long)
                0x00000000c000dafb                datetimeToSeconds(datetime_t)
                0x00000000c000dc22                Clock::setTimeInDatetimeLocal(datetime_t)
                0x00000000c000dc82                secondsToDatetime(unsigned long long)
                0x00000000c000ddc6                Clock::timeInDatetimeLocal()
 *fill*         0x00000000c000ddeb        0x1 
 .text          0x00000000c000ddec      0x504 hal/device.32
                0x00000000c000ddec                Device::hibernate()
                0x00000000c000ddee                Device::wake()
                0x00000000c000ddf0                Device::detect()
                0x00000000c000ddf2                Device::disableLegacy()
                0x00000000c000ddf4                Device::powerSaving(PowerSavingLevel)
                0x00000000c000ddf6                DriverlessDevice::close(int, int, void*)
                0x00000000c000ddfa                DriverlessDevice::detect()
                0x00000000c000ddfc                DriverlessDevice::open(int, int, void*)
                0x00000000c000de10                Device::~Device()
                0x00000000c000de10                Device::~Device()
                0x00000000c000de1e                Device::~Device()
                0x00000000c000de46                Device::findAndLoadDriver()
                0x00000000c000de54                Device::preOpenPCI(PCIDeviceInfo)
                0x00000000c000de7a                Device::preOpenACPI(void*, char*, char*)
                0x00000000c000deba                Device::addIRQHandler(int, void (*)(regs*, void*), bool, void*)
                0x00000000c000def8                Device::getParent()
                0x00000000c000df04                Device::removeIRQHandler(int, void (*)(regs*, void*), bool)
                0x00000000c000df42                Device::addChild(Device*)
                0x00000000c000df86                Device::removeAllChildren()
                0x00000000c000dfcc                Device::hibernateAll()
                0x00000000c000dffc                Device::wakeAll()
                0x00000000c000e02c                Device::detectAll()
                0x00000000c000e05c                Device::disableLegacyAll()
                0x00000000c000e08c                Device::loadDriversForAll()
                0x00000000c000e0cc                Device::closeAll()
                0x00000000c000e102                Device::powerSavingAll(PowerSavingLevel)
                0x00000000c000e138                Device::setName(char const*)
                0x00000000c000e146                Device::Device(char const*)
                0x00000000c000e146                Device::Device(char const*)
                0x00000000c000e242                Device::getName()
                0x00000000c000e24c                DriverlessDevice::DriverlessDevice(char const*)
                0x00000000c000e24c                DriverlessDevice::DriverlessDevice(char const*)
                0x00000000c000e282                Device::addToLinkedList(LinkedList<Device>&, DeviceType)
                0x00000000c000e2c6                getDevicesOfType(DeviceType)
 .text          0x00000000c000e2f0       0x86 hal/diskctrl.32
                0x00000000c000e2f0                HardDiskController::HardDiskController(char const*)
                0x00000000c000e2f0                HardDiskController::HardDiskController(char const*)
                0x00000000c000e328                HardDiskController::~HardDiskController()
                0x00000000c000e328                HardDiskController::~HardDiskController()
                0x00000000c000e34c                HardDiskController::~HardDiskController()
 .text          0x00000000c000e376       0xe2 hal/diskphys.32
                0x00000000c000e376                PhysicalDisk::eject()
                0x00000000c000e37a                PhysicalDisk::PhysicalDisk(char const*, int)
                0x00000000c000e37a                PhysicalDisk::PhysicalDisk(char const*, int)
                0x00000000c000e3e2                PhysicalDisk::startCache()
                0x00000000c000e40a                PhysicalDisk::~PhysicalDisk()
                0x00000000c000e40a                PhysicalDisk::~PhysicalDisk()
                0x00000000c000e42e                PhysicalDisk::~PhysicalDisk()
 .text          0x00000000c000e458      0x147 hal/fpu.32
                0x00000000c000e458                FPU::FPU(char const*)
                0x00000000c000e458                FPU::FPU(char const*)
                0x00000000c000e490                FPU::~FPU()
                0x00000000c000e490                FPU::~FPU()
                0x00000000c000e4b4                FPU::~FPU()
                0x00000000c000e4de                setupFPU()
 *fill*         0x00000000c000e59f        0x1 
 .text          0x00000000c000e5a0     0x11e1 hal/intctrl.32
                0x00000000c000e5a0                InterruptController::uninstallISRHandler(int, void (*)(regs*, void*))
                0x00000000c000e5d8                InterruptController::installISRHandler(int, void (*)(regs*, void*), void*)
                0x00000000c000e62a                doubleFault(regs*, void*)
                0x00000000c000e644                InterruptController::installIRQHandler(int, void (*)(regs*, void*), bool, void*)
                0x00000000c000e6e0                InterruptController::clearAllHandlers(int, bool)
                0x00000000c000e788                InterruptController::uninstallIRQHandler(int, void (*)(regs*, void*), bool)
                0x00000000c000e80f                nmiHandler(regs*, void*)
                0x00000000c000e81d                int_handler
                0x00000000c000e8be                InterruptController::InterruptController(char const*)
                0x00000000c000e8be                InterruptController::InterruptController(char const*)
                0x00000000c000e964                InterruptController::~InterruptController()
                0x00000000c000e964                InterruptController::~InterruptController()
                0x00000000c000e988                InterruptController::~InterruptController()
                0x00000000c000e9b2                displayDebugInfo(regs*)
                0x00000000c000ee41                x87EmulHandler(regs*, void*)
                0x00000000c000eeb4                gpFault(regs*, void*)
                0x00000000c000eeed                pgFault(regs*, void*)
                0x00000000c000ef3c                otherISRHandler(regs*, void*)
                0x00000000c000ef5b                opcodeFault(regs*, void*)
                0x00000000c000f31e                displayProgramFault(char const*)
                0x00000000c000f346                setupInterruptController()
                0x00000000c000f734                InterruptController::convertLegacyIRQNumber(int)
 *fill*         0x00000000c000f781        0x1 
 .text          0x00000000c000f782      0x784 hal/keybrd.32
                0x00000000c000f782                startGUI(void*)
                0x00000000c000f7ee                startGUIVESA(void*)
                0x00000000c000f85a                sendKeyToTerminal(unsigned char)
                0x00000000c000f918                sendKeyboardToken(KeyboardToken)
                0x00000000c000fd55                clearInternalKeybuffer(VgaText*)
                0x00000000c000fd8a                readKeyboard(VgaText*, char*, unsigned long)
                0x00000000c000fe7c                Keyboard::Keyboard(char const*)
                0x00000000c000fe7c                Keyboard::Keyboard(char const*)
                0x00000000c000feb8                Keyboard::~Keyboard()
                0x00000000c000feb8                Keyboard::~Keyboard()
                0x00000000c000fedc                Keyboard::~Keyboard()
 .text          0x00000000c000ff06      0x3ea hal/logidisk.32
                0x00000000c000ff06                LogicalDisk::close(int, int, void*)
                0x00000000c000ff0a                LogicalDisk::~LogicalDisk()
                0x00000000c000ff0a                LogicalDisk::~LogicalDisk()
                0x00000000c000ff2e                LogicalDisk::~LogicalDisk()
                0x00000000c000ff58                LogicalDisk::open(int, int, void*)
                0x00000000c000ff6c                LogicalDisk::absoluteToRelative(unsigned long long)
                0x00000000c000ffa4                LogicalDisk::relativeToAbsolute(unsigned long long)
                0x00000000c000ffea                LogicalDisk::LogicalDisk(char const*, PhysicalDisk*, unsigned long long, unsigned long long)
                0x00000000c000ffea                LogicalDisk::LogicalDisk(char const*, PhysicalDisk*, unsigned long long, unsigned long long)
                0x00000000c00100a0                LogicalDisk::assignDriveLetter()
                0x00000000c0010156                LogicalDisk::mount()
                0x00000000c001019e                LogicalDisk::unmount()
                0x00000000c00101ae                LogicalDisk::eject()
                0x00000000c00101c2                LogicalDisk::unassignDriveLetter()
                0x00000000c0010218                LogicalDisk::read(unsigned long long, int, void*)
                0x00000000c0010284                LogicalDisk::write(unsigned long long, int, void*)
 .text          0x00000000c00102f0       0x86 hal/mouse.32
                0x00000000c00102f0                Mouse::Mouse(char const*)
                0x00000000c00102f0                Mouse::Mouse(char const*)
                0x00000000c0010328                Mouse::~Mouse()
                0x00000000c0010328                Mouse::~Mouse()
                0x00000000c001034c                Mouse::~Mouse()
 .text          0x00000000c0010376      0x339 hal/partition.32
                0x00000000c0010376                makePartition(PhysicalDisk*, unsigned long long, unsigned long long)
                0x00000000c001041e                createPartitionsForDisk(PhysicalDisk*)
 *fill*         0x00000000c00106af        0x1 
 .text          0x00000000c00106b0       0x86 hal/serial.32
                0x00000000c00106b0                Serial::Serial(char const*)
                0x00000000c00106b0                Serial::Serial(char const*)
                0x00000000c00106e8                Serial::~Serial()
                0x00000000c00106e8                Serial::~Serial()
                0x00000000c001070c                Serial::~Serial()
 *fill*         0x00000000c0010736        0x2 
 .text          0x00000000c0010738      0x2f2 hal/timer.32
                0x00000000c0010738                Timer::Timer(char const*)
                0x00000000c0010738                Timer::Timer(char const*)
                0x00000000c0010770                Timer::~Timer()
                0x00000000c0010770                Timer::~Timer()
                0x00000000c0010794                Timer::~Timer()
                0x00000000c00107be                Timer::read()
                0x00000000c00107c9                timerHandler(unsigned int)
                0x00000000c0010930                setupTimer(int)
 *fill*         0x00000000c0010a2a        0x2 
 .text          0x00000000c0010a2c      0x4af hal/vcache.32
                0x00000000c0010a2c                VCache::VCache(PhysicalDisk*)
                0x00000000c0010a2c                VCache::VCache(PhysicalDisk*)
                0x00000000c0010b94                VCache::invalidateReadBuffer()
                0x00000000c0010ba4                VCache::writeWriteBuffer()
                0x00000000c0010bf0                VCache::~VCache()
                0x00000000c0010bf0                VCache::~VCache()
                0x00000000c0010c44                VCache::~VCache()
                0x00000000c0010c6c                VCache::write(unsigned long long, int, void*)
                0x00000000c0010db0                VCache::read(unsigned long long, int, void*)
 *fill*         0x00000000c0010edb        0x1 
 .text          0x00000000c0010edc      0x4b3 hal/video.32
                0x00000000c0010edc                Video::putrect(int, int, int, int, unsigned int)
                0x00000000c0010f28                Video::bitblit(int, int, int, int, int, int, int, unsigned int*)
                0x00000000c0010f98                Video::blit(unsigned int*, int, int, int, int)
                0x00000000c0011016                Video::clearScreen(unsigned int)
                0x00000000c001104a                Video::putpixel(int, int, unsigned int)
                0x00000000c0011058                Video::Video(char const*)
                0x00000000c0011058                Video::Video(char const*)
                0x00000000c001108e                Video::~Video()
                0x00000000c001108e                Video::~Video()
                0x00000000c00110b2                Video::~Video()
                0x00000000c00110dc                Video::isMonochrome()
                0x00000000c00110e8                Video::getWidth()
                0x00000000c00110f4                Video::getHeight()
                0x00000000c0011100                Video::drawCursor(int, int, unsigned char*, int)
                0x00000000c00111bc                Video::tgaParse(unsigned char*, int, int*, int*)
                0x00000000c0011324                Video::putTGA(int, int, unsigned char*, int)
 *fill*         0x00000000c001138f        0x1 
 .text          0x00000000c0011390     0x141b hw/acpi.32
                0x00000000c0011390                ACPI::close(int, int, void*)
                0x00000000c0011444                findRSDP()
                0x00000000c0011518                loadACPITables(unsigned char*)
                0x00000000c001177c                findRSDT(unsigned char*)
                0x00000000c001193c                findDataTable(unsigned char*, char*)
                0x00000000c00119b4                scanMADT()
                0x00000000c0011e90                ACPI::ACPI()
                0x00000000c0011e90                ACPI::ACPI()
                0x00000000c0011ef4                ACPI::getPCIIRQAssignment(unsigned char, unsigned short, unsigned char)
                0x00000000c0011fdc                ACPI::registerPCIIRQAssignment(void*, unsigned short, unsigned char, unsigned char)
                0x00000000c00120a4                ACPI::setScreenBrightnessLevel(void*, int)
                0x00000000c00120ac                ACPI::detectPCI()
                0x00000000c00122c4                ACPI::writeSimpleBootFlag(SimpleBootFlagTable*)
                0x00000000c001230c                ACPI::sleep()
                0x00000000c0012328                ACPI::open(int, int, void*)
 *fill*         0x00000000c00127ab        0x1 
 .text          0x00000000c00127ac     0x1525 hw/cpu.32
                0x00000000c00127ac                CPU::close(int, int, void*)
                0x00000000c00127b0                CPU::lookupAMDName(unsigned char, unsigned char)
                0x00000000c0012944                CPU::lookupIntelName(unsigned char, unsigned char)
                0x00000000c0012bf2                CPU::AMD_K6_write_msr(unsigned int, unsigned int, unsigned int, CPU::REGS*)
                0x00000000c0012c0e                CPU::AMD_K6_read_msr(unsigned int, CPU::REGS*)
                0x00000000c0012c26                CPU::AMD_K6_writeback(int, int, int)
                0x00000000c0012c9a                CPU::cpuid(int, unsigned long*, unsigned long*, unsigned long*, unsigned long*)
                0x00000000c0012d1e                CPU::cpuidCheckEDX(unsigned int)
                0x00000000c0012d4c                CPU::cpuidCheckECX(unsigned int)
                0x00000000c0012d7a                CPU::cpuidCheckExtendedEBX(unsigned int)
                0x00000000c0012da8                CPU::cpuidCheckExtendedECX(unsigned int)
                0x00000000c0012dd6                CPU::CPU()
                0x00000000c0012dd6                CPU::CPU()
                0x00000000c0012e64                CPU::displayFeatures()
                0x00000000c0012e66                CPU::detectFeatures()
                0x00000000c0013858                CPU::setupSMEP()
                0x00000000c0013864                CPU::setupUMIP()
                0x00000000c001386e                CPU::setupTSC()
                0x00000000c0013878                CPU::setupLargePages()
                0x00000000c0013882                CPU::setupPAT()
                0x00000000c00138be                CPU::setupMTRR()
                0x00000000c00138c0                CPU::setupGlobalPages()
                0x00000000c00138ca                CPU::allowUsermodeDataAccess()
                0x00000000c00138dc                CPU::prohibitUsermodeDataAccess()
                0x00000000c00138ee                CPU::setupSMAP()
                0x00000000c00138fc                CPU::setupFeatures()
                0x00000000c001397c                CPU::open(int, int, void*)
                0x00000000c0013ad6                CPU::decodeAddress(regs*, int*, bool*, unsigned char*)
 .text          0x00000000c0013cd1        0x0 hw/ports.32
 .text          0x00000000c0013cd1      0x16a hw/smp.32
                0x00000000c0013cd1                Krnl::smpEntry()
                0x00000000c0013cd3                Krnl::startCPU(int)
                0x00000000c0013e1c                Krnl::startCPUs()
 *fill*         0x00000000c0013e3b        0x1 
 .text          0x00000000c0013e3c      0x581 krnl/env.32
                0x00000000c0013e3c                EnvVarContainer::getEnv(char const*)
                0x00000000c0013e7a                EnvVarContainer::setEnv(char const*, char const*)
                0x00000000c0013f3c                EnvVarContainer::deleteEnv(char const*)
                0x00000000c0013f3e                EnvVarContainer::loadFrom(char const*, char const*)
                0x00000000c0014124                EnvVarContainer::__loadSystem()
                0x00000000c001413e                EnvVarContainer::__loadUser()
                0x00000000c0014140                EnvVarContainer::EnvVarContainer(Process*)
                0x00000000c0014140                EnvVarContainer::EnvVarContainer(Process*)
                0x00000000c0014162                EnvVarContainer::~EnvVarContainer()
                0x00000000c0014162                EnvVarContainer::~EnvVarContainer()
                0x00000000c0014192                Krnl::getEnv(Process*, char const*)
                0x00000000c00141f7                Krnl::setEnvSystem(char const*, char const*)
                0x00000000c0014211                Krnl::setEnvUser(char const*, char const*)
                0x00000000c0014230                Krnl::setEnvProcess(Process*, char const*, char const*)
                0x00000000c0014243                Krnl::deleteEnvSystem(char const*)
                0x00000000c0014244                Krnl::deleteEnvUser(char const*)
                0x00000000c0014245                Krnl::deleteEnvProcess(Process*, char const*)
                0x00000000c0014246                Krnl::newProcessEnv(Process*)
                0x00000000c0014268                Krnl::copyProcessEnv(Process*, Process*)
                0x00000000c00142b4                Krnl::loadSystemEnv()
                0x00000000c00142e2                Krnl::loadUserEnv()
                0x00000000c0014308                Krnl::flushEnv()
                0x00000000c0014309                Krnl::getProcessTotalEnvCount(Process*)
                0x00000000c0014329                Krnl::getProcessEnvPair(Process*, int)
 .text          0x00000000c00143bd      0x39c krnl/panic.32
                0x00000000c00143bd                Krnl::panic(char const*)
 *fill*         0x00000000c0014759        0x3 
 .text          0x00000000c001475c      0x5a0 net/ethernet.32
                0x00000000c001475c                Net::switchEndian16(unsigned short)
                0x00000000c0014780                Net::switchEndian32(unsigned int)
                0x00000000c00147b0                Net::crc32Calc(unsigned char*, int)
                0x00000000c0014854                Net::wrapEthernetFrame(Net::UnwrappedEthernetFrame, unsigned char*)
                0x00000000c0014a70                Net::unwrapEthernetFrame(unsigned char*, int)
 .text          0x00000000c0014cfc      0x50e reg/registry.32
                0x00000000c0014cfc                Reg::findLineFromLoadedData(char*, char*, char*)
                0x00000000c0014e54                Reg::getLineFromRegistry(char*, char*, char*, char*)
                0x00000000c0014fa9                Reg::getLine(char*, char*, char*)
                0x00000000c0014fe0                Reg::readInt(char*, char*, int*)
                0x00000000c00150cb                Reg::readString(char*, char*, char*, int)
                0x00000000c001514c                Reg::readBool(char*, char*, bool*)
                0x00000000c0015171                Reg::readBoolWithDefault(char*, char*, bool)
                0x00000000c001519d                Reg::readIntWithDefault(char*, char*, int)
                0x00000000c00151c9                Reg::readStringWithDefault(char*, char*, char*, int, char*)
 .text          0x00000000c001520a       0x36 sys/sc_eject.32
                0x00000000c001520a                Sys::eject(regs*)
 .text          0x00000000c0015240       0x18 sys/sc_exit.32
                0x00000000c0015240                Sys::exit(regs*)
 .text          0x00000000c0015258       0x1f sys/sc_getcwd.32
                0x00000000c0015258                Sys::getCwd(regs*)
 .text          0x00000000c0015277        0xc sys/sc_getpid.32
                0x00000000c0015277                Sys::getPID(regs*)
 .text          0x00000000c0015283       0x1a sys/sc_getramdata.32
                0x00000000c0015283                Sys::getRAMData(regs*)
 .text          0x00000000c001529d       0x84 sys/sc_getvgaptr.32
                0x00000000c001529d                Sys::getVGAPtr(regs*)
 .text          0x00000000c0015321       0xa8 sys/sc_loaddll.32
                0x00000000c0015321                Sys::loadDLL(regs*)
 .text          0x00000000c00153c9       0x68 sys/sc_read.32
                0x00000000c00153c9                Sys::read(regs*)
 .text          0x00000000c0015431       0x55 sys/sc_sbrk.32
                0x00000000c0015431                Sys::sbrk(regs*)
 .text          0x00000000c0015486       0x1c sys/sc_setcwd.32
                0x00000000c0015486                Sys::setCwd(regs*)
 .text          0x00000000c00154a2       0x95 sys/sc_settime.32
                0x00000000c00154a2                Sys::setTime(regs*)
 .text          0x00000000c0015537       0x4a sys/sc_timezone.32
                0x00000000c0015537                Sys::timezone(regs*)
 .text          0x00000000c0015581       0x68 sys/sc_write.32
                0x00000000c0015581                Sys::write(regs*)
 .text          0x00000000c00155e9       0x62 sys/sc_wsbe.32
                0x00000000c00155e9                Sys::wsbe(regs*)
 .text          0x00000000c001564b       0x38 sys/sc_yield.32
                0x00000000c001564b                Sys::yield(regs*)
 .text          0x00000000c0015683      0xf8e sys/syscalls.32
                0x00000000c0015683                sysCallSeekDir(regs*)
                0x00000000c0015688                sysCallTellDir(regs*)
                0x00000000c001568d                sysCallVerify(regs*)
                0x00000000c0015697                sysCallGetArgc(regs*)
                0x00000000c00156a7                sysFormatDisk(regs*)
                0x00000000c0015711                sysSetDiskVolumeLabel(regs*)
                0x00000000c001575b                sysGetDiskVolumeLabel(regs*)
                0x00000000c00157b0                sysShutdown(regs*)
                0x00000000c001580e                sysCallRealpath(regs*)
                0x00000000c0015851                sysCallReadDir(regs*)
                0x00000000c00158d0                sysCallIsATTY(regs*)
                0x00000000c001592a                sysCallSeek(regs*)
                0x00000000c0015981                sysCallTell(regs*)
                0x00000000c00159ed                sysCallSize(regs*)
                0x00000000c0015a5f                sysCallSizeFromFilename(regs*)
                0x00000000c0015b0e                sysCallClose(regs*)
                0x00000000c0015b6e                sysCallOpenDir(regs*)
                0x00000000c0015be3                sysCallCloseDir(regs*)
                0x00000000c0015c37                sysCallMakeDir(regs*)
                0x00000000c0015ca7                sysCallWait(regs*)
                0x00000000c0015cc1                sysCallNotImpl(regs*)
                0x00000000c0015cdc                sysPanic(regs*)
                0x00000000c0015cf6                sysCallRmdir(regs*)
                0x00000000c0015d5a                sysCallUnlink(regs*)
                0x00000000c0015dbe                sysCallGetArgv(regs*)
                0x00000000c0015e0a                sysCallTTYName(regs*)
                0x00000000c0015e8d                sysCallUSleep(regs*)
                0x00000000c0015eb6                sysCallSpawn(regs*)
                0x00000000c0015f1e                sysCallGetEnv(regs*)
                0x00000000c0015fcb                sysAppSettings(regs*)
                0x00000000c00160df                sysSetFatAttrib(regs*)
                0x00000000c0016151                sysPipe(regs*)
                0x00000000c0016196                sysGetUnixTime(regs*)
                0x00000000c00161aa                string_ends_with(char const*, char const*)
                0x00000000c00161f2                sysCallOpen(regs*)
                0x00000000c00163da                Sys::loadSyscalls()
                0x00000000c00165cf                Sys::systemCall(regs*, void*)
 .text          0x00000000c0016611     0x1203 thr/elf.32
                0x00000000c0016611                Thr::allocateMemoryForTask(Process*, File*, unsigned long, unsigned long, unsigned long)
                0x00000000c00168bb                Thr::loadProgramIntoMemory(Process*, char const*)
                0x00000000c0016ad1                Thr::runtimeReferenceHelper()
                0x00000000c0016ae4                Thr::getAddressOfKernelSymbol(char const*)
                0x00000000c0016b33                Thr::loadKernelSymbolTable(char const*)
                0x00000000c0016df1                Thr::loadDriverIntoMemory(char const*, unsigned long, bool)
                0x00000000c0017527                Thr::getDriverBaseFromAddress(unsigned long)
                0x00000000c0017559                Thr::getDriverNameFromAddress(unsigned long)
                0x00000000c0017590                Thr::getDriverOffsetFromAddress(unsigned long)
                0x00000000c00175aa                Thr::loadDLL(char const*, bool)
                0x00000000c00177db                Thr::executeDLL(unsigned long, void*)
 .text          0x00000000c0017814     0x12a9 thr/prcssthr.32
                0x00000000c0017814                userModeEntryPoint(void*)
                0x00000000c001783c                changeTSS
                0x00000000c001786c                switchToThread(ThreadControlBlock*)
                0x00000000c0017920                Process::addArgs(char**)
                0x00000000c0017980                Process::Process(char const*, Process*, char**)
                0x00000000c0017980                Process::Process(char const*, Process*, char**)
                0x00000000c0017b6c                Process::Process(bool, char const*, Process*, char**)
                0x00000000c0017b6c                Process::Process(bool, char const*, Process*, char**)
                0x00000000c0017d24                taskStartupFunction
                0x00000000c0017d30                Semaphore::Semaphore(int)
                0x00000000c0017d30                Semaphore::Semaphore(int)
                0x00000000c0017d60                Mutex::Mutex()
                0x00000000c0017d60                Mutex::Mutex()
                0x00000000c0017d74                Process::createThread(void (*)(void*), void*, int)
                0x00000000c0017e6c                Process::createUserThread()
                0x00000000c0017e88                setupMultitasking(void (*)())
                0x00000000c0017f90                schedule()
                0x00000000c001801c                Semaphore::tryAcquire()
                0x00000000c00180e8                Semaphore::assertLocked(char const*)
                0x00000000c0018160                blockTaskWithSchedulerLockAlreadyHeld(TaskState)
                0x00000000c0018188                blockTask(TaskState)
                0x00000000c00181b8                waitTask(int, int*, int)
                0x00000000c00181fc                milliTenthSleepUntil(unsigned int)
                0x00000000c0018288                milliTenthSleep(unsigned int)
                0x00000000c0018298                sleep(unsigned int)
                0x00000000c00182b4                Semaphore::acquire()
                0x00000000c0018370                taskReturned
                0x00000000c00183ac                Thr::processFromPID(int)
                0x00000000c001844c                unblockTask(ThreadControlBlock*)
                0x00000000c00184f0                cleanupTerminatedTask(ThreadControlBlock*)
                0x00000000c00187b8                cleanerTaskFunction(void*)
                0x00000000c00188a8                terminateTask(int)
                0x00000000c0018974                Thr::terminateFromIRQ(int)
                0x00000000c0018980                Semaphore::release()
 .text          0x00000000c0018abd      0xada vm86/vm8086.32
                0x00000000c0018abd                Vm::inbv(unsigned short)
                0x00000000c0018ad0                Vm::outbv(unsigned short, unsigned char)
                0x00000000c0018b06                Vm::realToLinear(unsigned short, unsigned short)
                0x00000000c0018b16                Vm::getSegment(unsigned int)
                0x00000000c0018b1e                Vm::getOffset(unsigned int)
                0x00000000c0018b23                Vm::mainloop2()
                0x00000000c0018b5d                Vm::mainVm8086Loop(void*)
                0x00000000c0018b6d                Vm::mainloop3(unsigned long)
                0x00000000c0018b93                Vm::initialise8086()
                0x00000000c0018bd6                Vm::finish8086()
                0x00000000c0018c37                Vm::getOutput8086(unsigned char*)
                0x00000000c0018c5c                Vm::start8086(char const*, unsigned short, unsigned short, unsigned short, unsigned short)
                0x00000000c0018dc4                Vm::doISR(regs*, int, unsigned char*, unsigned short, unsigned short)
                0x00000000c0018e4e                Vm::readByteFromReal(unsigned short, unsigned short)
                0x00000000c0018e5f                Vm::readWordFromReal(unsigned short, unsigned short)
                0x00000000c0018e71                Vm::readDwordFromReal(unsigned short, unsigned short)
                0x00000000c0018e82                Vm::writeByteFromReal(unsigned short, unsigned short, unsigned char)
                0x00000000c0018e97                Vm::writeWordFromReal(unsigned short, unsigned short, unsigned short)
                0x00000000c0018ead                Vm::writeDwordFromReal(unsigned short, unsigned short, unsigned int)
                0x00000000c0018ec2                Vm::faultHandler(regs*)
 *fill*         0x00000000c0019597        0x1 
 .text          0x00000000c0019598      0xfcd vm86/x87em.32
                0x00000000c0019598                Vm::fpuInternalTo32(unsigned long long)
                0x00000000c00195f6                Vm::fpuInternalTo64(unsigned long long)
                0x00000000c00195ff                Vm::fpu32ToInternal(unsigned int)
                0x00000000c0019644                Vm::fpu64ToInternal(unsigned long long)
                0x00000000c001964d                Vm::fpuFloatToLong(unsigned long long)
                0x00000000c00196ac                Vm::fpuULongToFloat(unsigned long long)
                0x00000000c00196e8                Vm::fpuLongToFloat(long long)
                0x00000000c0019747                Vm::fpuGet0()
                0x00000000c001974c                Vm::fpuGet1()
                0x00000000c0019754                Vm::fpuGetPi()
                0x00000000c001975c                Vm::fpuGetLog2E()
                0x00000000c0019774                Vm::fpuGetLogE2()
                0x00000000c001978c                Vm::fpuGetLog210()
                0x00000000c00197a4                Vm::fpuGetLog102()
                0x00000000c00197bc                Vm::fpuIsSecondLarger(unsigned long long, unsigned long long)
                0x00000000c00197d0                Vm::fpuAreEqual(unsigned long long, unsigned long long)
                0x00000000c00197e6                Vm::fpuUnorderedCompare(unsigned long long, unsigned long long)
                0x00000000c001983c                Vm::fpuAdd(unsigned long long, unsigned long long)
                0x00000000c001984d                Vm::fpuAbs(unsigned long long)
                0x00000000c0019856                Vm::fpuChs(unsigned long long)
                0x00000000c0019866                Vm::fpuSub(unsigned long long, unsigned long long)
                0x00000000c0019875                Vm::fpuMultiply(unsigned long long, unsigned long long)
                0x00000000c0019894                Vm::fpuDivide(unsigned long long, unsigned long long)
                0x00000000c00198b0                Vm::fpuSquare(unsigned long long)
                0x00000000c00198c6                Vm::fpuGetReg(int)
                0x00000000c0019909                Vm::fpuSetReg(int, unsigned long long)
                0x00000000c0019955                Vm::fpuPush(unsigned long long)
                0x00000000c00199b3                Vm::fpuPop()
                0x00000000c0019a06                Vm::x87Handler(regs*)
 *fill*         0x00000000c001a565        0x3 
 .text          0x00000000c001a568     0x13b7 fs/fat/vfslink.32
                0x00000000c001a568                FAT::getName()
                0x00000000c001a570                FAT::tell(void*, unsigned long long*)
                0x00000000c001a5ac                FAT::stat(void*, unsigned long long*)
                0x00000000c001a5e8                FAT::~FAT()
                0x00000000c001a5e8                FAT::~FAT()
                0x00000000c001a60c                FAT::~FAT()
                0x00000000c001a634                FAT::getlabel(LogicalDisk*, int, char*, unsigned int*)
                0x00000000c001a6d8                FAT::setlabel(LogicalDisk*, int, char*)
                0x00000000c001a79c                FAT::format(LogicalDisk*, int, char const*, int)
                0x00000000c001a970                FAT::tryMount(LogicalDisk*, int)
                0x00000000c001ab88                FAT::allocateSwapfile(char const*, int)
                0x00000000c001ad44                FAT::readDir(void*, unsigned long, void*, int*)
                0x00000000c001aeb0                FAT::read(void*, unsigned long, void*, int*)
                0x00000000c001af10                FAT::write(void*, unsigned long, void*, int*)
                0x00000000c001af70                FAT::close(void*)
                0x00000000c001afc4                FAT::closeDir(void*)
                0x00000000c001b018                FAT::seek(void*, unsigned long long)
                0x00000000c001b074                fatWrapperReadDisk
                0x00000000c001b0bc                fatWrapperWriteDisk
                0x00000000c001b104                fatWrapperIoctl
                0x00000000c001b214                FAT::FAT()
                0x00000000c001b214                FAT::FAT()
                0x00000000c001b268                FAT::fixFilepath(char*)
                0x00000000c001b2a4                FAT::open(char const*, void**, FileOpenMode)
                0x00000000c001b3d8                FAT::openDir(char const*, void**)
                0x00000000c001b488                FAT::stat(char const*, unsigned long long*, bool*)
                0x00000000c001b57c                FAT::unlink(char const*)
                0x00000000c001b5fc                FAT::chfatattr(char const*, unsigned char, unsigned char)
                0x00000000c001b764                FAT::rename(char const*, char const*)
                0x00000000c001b830                FAT::mkdir(char const*)
                0x00000000c001b8b0                FAT::exists(char const*)
 *fill*         0x00000000c001b91f        0x1 
 .text          0x00000000c001b920      0xb75 fs/iso9660/vfslink.32
                0x00000000c001b920                ISO9660::format(LogicalDisk*, int, char const*, int)
                0x00000000c001b926                ISO9660::seek(void*, unsigned long long)
                0x00000000c001b956                ISO9660::tell(void*, unsigned long long*)
                0x00000000c001b97a                ISO9660::getName()
                0x00000000c001b980                ISO9660::stat(void*, unsigned long long*)
                0x00000000c001b9a4                ISO9660::chfatattr(char const*, unsigned char, unsigned char)
                0x00000000c001b9aa                ISO9660::unlink(char const*)
                0x00000000c001b9b0                ISO9660::write(void*, unsigned long, void*, int*)
                0x00000000c001b9b6                ISO9660::rename(char const*, char const*)
                0x00000000c001b9bc                ISO9660::mkdir(char const*)
                0x00000000c001b9c2                ISO9660::close(void*)
                0x00000000c001b9e4                ISO9660::closeDir(void*)
                0x00000000c001ba06                ISO9660::~ISO9660()
                0x00000000c001ba06                ISO9660::~ISO9660()
                0x00000000c001ba2a                ISO9660::~ISO9660()
                0x00000000c001ba51                __memmem(unsigned char*, int, unsigned char*, int)
                0x00000000c001ba93                readSectorFromCDROM(unsigned int, unsigned char*, char)
                0x00000000c001baee                ISO9660::tryMount(LogicalDisk*, int)
                0x00000000c001bb3e                ISO9660::read(void*, unsigned long, void*, int*)
                0x00000000c001bd42                ISO9660::readDir(void*, unsigned long, void*, int*)
                0x00000000c001bfbc                readRoot(unsigned int*, unsigned int*, char)
                0x00000000c001c010                readRecursively(char*, unsigned int, unsigned int, unsigned int*, unsigned int*, char, int*)
                0x00000000c001c1e3                getFileData(char*, unsigned int*, unsigned int*, char, int*)
                0x00000000c001c272                ISO9660::open(char const*, void**, FileOpenMode)
                0x00000000c001c320                ISO9660::exists(char const*)
                0x00000000c001c344                ISO9660::stat(char const*, unsigned long long*, bool*)
                0x00000000c001c3d8                ISO9660::openDir(char const*, void**)
                0x00000000c001c472                ISO9660::ISO9660()
                0x00000000c001c472                ISO9660::ISO9660()
 *fill*         0x00000000c001c495        0x1 
 .text          0x00000000c001c496      0x2f0 hal/sound/sndcard.32
                0x00000000c001c496                SoundCard::beginPlayback()
                0x00000000c001c4a4                SoundCard::stopPlayback()
                0x00000000c001c4b2                SoundCard::SoundCard(char const*)
                0x00000000c001c4b2                SoundCard::SoundCard(char const*)
                0x00000000c001c550                SoundCard::~SoundCard()
                0x00000000c001c550                SoundCard::~SoundCard()
                0x00000000c001c574                SoundCard::~SoundCard()
                0x00000000c001c59e                SoundCard::configureRates(int, int, int)
                0x00000000c001c5ce                SoundCard::getSamples16(int, short*)
                0x00000000c001c690                SoundCard::getSamples32(int, int*)
                0x00000000c001c716                SoundCard::addChannel(SoundPort*)
                0x00000000c001c772                SoundCard::removeChannel(int)
 *fill*         0x00000000c001c786        0x2 
 .text          0x00000000c001c788      0x3fb hal/sound/sndport.32
                0x00000000c001c788                SoundPort::SoundPort(int, int, int, int)
                0x00000000c001c788                SoundPort::SoundPort(int, int, int, int)
                0x00000000c001c814                SoundPort::~SoundPort()
                0x00000000c001c814                SoundPort::~SoundPort()
                0x00000000c001c848                SoundPort::unpause()
                0x00000000c001c854                SoundPort::pause()
                0x00000000c001c860                SoundPort::getBufferUsed()
                0x00000000c001c868                SoundPort::getBufferSize()
                0x00000000c001c870                SoundPort::buffer16(short*, int)
                0x00000000c001c924                SoundPort::buffer32(int*, int)
                0x00000000c001c9d0                SoundPort::unbufferAndAdd16(int, short*, SoundCard*)
                0x00000000c001cacc                SoundPort::unbufferAndAdd32(int, int*, SoundCard*)
 .text          0x00000000c001cb83        0x0 hw/bus/isa.32
 *fill*         0x00000000c001cb83        0x1 
 .text          0x00000000c001cb84      0xb87 hw/bus/pci.32
                0x00000000c001cb84                PCI::open(int, int, void*)
                0x00000000c001cba2                PCI::close(int, int, void*)
                0x00000000c001cba6                PCI::PCI()
                0x00000000c001cba6                PCI::PCI()
                0x00000000c001cc3c                PCI::readBAR8(unsigned int, int)
                0x00000000c001cc58                PCI::readBAR16(unsigned int, int)
                0x00000000c001cc76                PCI::readBAR32(unsigned int, int)
                0x00000000c001cc92                PCI::writeBAR8(unsigned int, unsigned char, int)
                0x00000000c001ccb2                PCI::writeBAR16(unsigned int, unsigned short, int)
                0x00000000c001ccd4                PCI::writeBAR32(unsigned int, unsigned int, int)
                0x00000000c001ccf4                PCI::legacyMechanism(unsigned char, unsigned char, unsigned char, unsigned char)
                0x00000000c001cd62                PCI::pciReadWord(unsigned char, unsigned char, unsigned char, unsigned char)
                0x00000000c001ce0a                PCI::getVendorID(unsigned char, unsigned char, unsigned char)
                0x00000000c001ce2e                PCI::getHeaderType(unsigned char, unsigned char, unsigned char)
                0x00000000c001ce56                PCI::getClassCode(unsigned char, unsigned char, unsigned char)
                0x00000000c001cea0                PCI::getProgIF(unsigned char, unsigned char, unsigned char)
                0x00000000c001cec8                PCI::getRevisionID(unsigned char, unsigned char, unsigned char)
                0x00000000c001ceec                PCI::getInterruptNumber(unsigned char, unsigned char, unsigned char)
                0x00000000c001cf10                PCI::getSecondaryBus(unsigned char, unsigned char, unsigned char)
                0x00000000c001cf38                PCI::getBARAddress(unsigned char, unsigned char, unsigned char, unsigned char)
                0x00000000c001cf9c                PCI::pciWriteWord(unsigned char, unsigned char, unsigned char, unsigned char, unsigned short)
                0x00000000c001d084                PCI::pciDetailsToFilepath(PCIDeviceInfo, char*)
                0x00000000c001d2fe                PCI::checkBus(unsigned char)
                0x00000000c001d322                PCI::foundDevice(PCIDeviceInfo)
                0x00000000c001d494                PCI::getDeviceData(unsigned char, unsigned char, unsigned char)
                0x00000000c001d64c                PCI::checkDevice(unsigned char, unsigned char)
                0x00000000c001d6b8                PCI::detect()
 *fill*         0x00000000c001d70b        0x1 
 .text          0x00000000c001d70c      0xb4a hw/diskctrl/ide.32
                0x00000000c001d70c                IDE::close(int, int, void*)
                0x00000000c001d710                IDE::IDE()
                0x00000000c001d710                IDE::IDE()
                0x00000000c001d744                IDE::prepareInterrupt(unsigned char)
                0x00000000c001d756                selectDrive(unsigned char, unsigned char)
                0x00000000c001d758                IDE::getBase(unsigned char)
                0x00000000c001d76a                IDE::write(unsigned char, unsigned char, unsigned char)
                0x00000000c001d82a                IDE::read(unsigned char, unsigned char)
                0x00000000c001d8d8                IDE::waitInterrupt(unsigned char)
                0x00000000c001d93a                ideChannel0IRQHandler(regs*, void*)
                0x00000000c001d956                ideChannel1IRQHandler(regs*, void*)
                0x00000000c001d972                IDE::enableIRQs(unsigned char, bool)
                0x00000000c001d9b8                IDE::open(int, int, void*)
                0x00000000c001ddc6                IDE::readBuffer(unsigned char, unsigned char, unsigned int, unsigned int)
                0x00000000c001de92                IDE::detect()
                0x00000000c001e152                IDE::printError(unsigned char, unsigned char, unsigned char)
                0x00000000c001e202                IDE::polling(unsigned char, unsigned int)
 .text          0x00000000c001e256      0x336 hw/diskctrl/satabus.32
                0x00000000c001e256                SATABus::close(int, int, void*)
                0x00000000c001e25a                SATABus::detect()
                0x00000000c001e25c                SATABus::SATABus()
                0x00000000c001e25c                SATABus::SATABus()
                0x00000000c001e2e2                SATABus::findCmdslot(SATABus::tagHBA_PORT volatile*)
                0x00000000c001e32a                SATABus::checkType(SATABus::tagHBA_PORT volatile*)
                0x00000000c001e372                SATABus::startCmd(SATABus::tagHBA_PORT volatile*)
                0x00000000c001e392                SATABus::stopCmd(SATABus::tagHBA_PORT volatile*)
                0x00000000c001e3bc                SATABus::portRebase(SATABus::tagHBA_PORT volatile*, int)
                0x00000000c001e4c2                SATABus::probePort(SATABus::tagHBA_MEM volatile*)
                0x00000000c001e56c                SATABus::open(int, int, void*)
 .text          0x00000000c001e58c      0x684 hw/diskphys/ata.32
                0x00000000c001e58c                ATA::close(int, int, void*)
                0x00000000c001e5b0                ATA::powerSaving(PowerSavingLevel)
                0x00000000c001e5b2                ATA::ATA()
                0x00000000c001e5b2                ATA::ATA()
                0x00000000c001e5e0                ATA::flush(bool)
                0x00000000c001e62a                ATA::readyForCommand()
                0x00000000c001e676                ATA::access(unsigned long long, int, void*, bool)
                0x00000000c001ea6c                ATA::read(unsigned long long, int, void*)
                0x00000000c001eab8                ATA::write(unsigned long long, int, void*)
                0x00000000c001eb1a                ATA::detectCHS()
                0x00000000c001eb44                ATA::open(int, int, void*)
 .text          0x00000000c001ec10      0x5b9 hw/diskphys/atapi.32
                0x00000000c001ec10                ATAPI::write(unsigned long long, int, void*)
                0x00000000c001ec16                ATAPI::close(int, int, void*)
                0x00000000c001ec3a                ATAPI::ATAPI()
                0x00000000c001ec3a                ATAPI::ATAPI()
                0x00000000c001ec68                ATAPI::readyForCommand()
                0x00000000c001ecb4                ATAPI::sendPacket(unsigned char*, int, bool, unsigned short*, int)
                0x00000000c001ef74                ATAPI::diskRemoved()
                0x00000000c001ef90                ATAPI::eject()
                0x00000000c001efd8                ATAPI::diskInserted()
                0x00000000c001f006                ATAPI::detectMedia()
                0x00000000c001f0c2                ATAPI::open(int, int, void*)
                0x00000000c001f14a                ATAPI::read(unsigned long long, int, void*)
 *fill*         0x00000000c001f1c9        0x1 
 .text          0x00000000c001f1ca      0x41c hw/diskphys/sata.32
                0x00000000c001f1ca                SATA::close(int, int, void*)
                0x00000000c001f1ee                SATA::powerSaving(PowerSavingLevel)
                0x00000000c001f1f0                SATA::open(int, int, void*)
                0x00000000c001f29a                SATA::SATA()
                0x00000000c001f29a                SATA::SATA()
                0x00000000c001f2c8                SATA::access(unsigned long long, int, void*, bool)
                0x00000000c001f52e                SATA::read(unsigned long long, int, void*)
                0x00000000c001f57a                SATA::write(unsigned long long, int, void*)
 .text          0x00000000c001f5e6      0x4fe hw/diskphys/satapi.32
                0x00000000c001f5e6                SATAPI::write(unsigned long long, int, void*)
                0x00000000c001f5ec                SATAPI::close(int, int, void*)
                0x00000000c001f610                SATAPI::SATAPI()
                0x00000000c001f610                SATAPI::SATAPI()
                0x00000000c001f63e                SATAPI::diskRemoved()
                0x00000000c001f65a                SATAPI::diskInserted()
                0x00000000c001f688                SATAPI::sendPacket(unsigned char*, int, unsigned long long, unsigned short*, int)
                0x00000000c001f890                SATAPI::eject()
                0x00000000c001f8d8                SATAPI::detectMedia()
                0x00000000c001f99a                SATAPI::open(int, int, void*)
                0x00000000c001fa42                SATAPI::read(unsigned long long, int, void*)
 .text          0x00000000c001fae4       0x94 hw/fpu/avx.32
                0x00000000c001fae4                AVX::open(int, int, void*)
                0x00000000c001faf8                AVX::close(int, int, void*)
                0x00000000c001fb0c                AVX::available()
                0x00000000c001fb20                AVX::save(void*)
                0x00000000c001fb38                AVX::load(void*)
                0x00000000c001fb50                AVX::AVX()
                0x00000000c001fb50                AVX::AVX()
 .text          0x00000000c001fb78       0x94 hw/fpu/mmx.32
                0x00000000c001fb78                MMX::available()
                0x00000000c001fb8c                MMX::open(int, int, void*)
                0x00000000c001fba0                MMX::close(int, int, void*)
                0x00000000c001fbb4                MMX::save(void*)
                0x00000000c001fbcc                MMX::load(void*)
                0x00000000c001fbe4                MMX::MMX()
                0x00000000c001fbe4                MMX::MMX()
 .text          0x00000000c001fc0c       0x9c hw/fpu/sse.32
                0x00000000c001fc0c                SSE::open(int, int, void*)
                0x00000000c001fc20                SSE::close(int, int, void*)
                0x00000000c001fc34                SSE::available()
                0x00000000c001fc50                SSE::save(void*)
                0x00000000c001fc68                SSE::load(void*)
                0x00000000c001fc80                SSE::SSE()
                0x00000000c001fc80                SSE::SSE()
 .text          0x00000000c001fca8       0x94 hw/fpu/x87.32
                0x00000000c001fca8                x87::open(int, int, void*)
                0x00000000c001fcbc                x87::close(int, int, void*)
                0x00000000c001fcd0                x87::available()
                0x00000000c001fce4                x87::save(void*)
                0x00000000c001fcfc                x87::load(void*)
                0x00000000c001fd14                x87::x87()
                0x00000000c001fd14                x87::x87()
 .text          0x00000000c001fd3c      0x71e hw/intctrl/apic.32
                0x00000000c001fd3c                APIC::disable()
                0x00000000c001fd3e                APIC::close(int, int, void*)
                0x00000000c001fd60                IOAPIC::close(int, int, void*)
                0x00000000c001fd66                APIC::io_wait()
                0x00000000c001fd6c                APIC::getBase()
                0x00000000c001fdae                APIC::eoi(unsigned char)
                0x00000000c001fddc                APIC::open(int, int, void*)
                0x00000000c001ff2a                IOAPIC::IOAPIC()
                0x00000000c001ff2a                IOAPIC::IOAPIC()
                0x00000000c001ff52                APIC::APIC()
                0x00000000c001ff52                APIC::APIC()
                0x00000000c002002e                IOAPIC::handlesGSIWithNumber(unsigned int)
                0x00000000c0020060                IOAPIC::read(int)
                0x00000000c0020088                IOAPIC::open(int, int, void*)
                0x00000000c002017e                IOAPIC::write(int, int)
                0x00000000c00201aa                IOAPIC::redirect(unsigned char, unsigned long long, unsigned char, bool, bool)
                0x00000000c00202a4                APIC::installIRQHandler(int, void (*)(regs*, void*), bool, void*)
 .text          0x00000000c002045a      0x3d3 hw/intctrl/pic.32
                0x00000000c002045a                PIC::disable()
                0x00000000c0020488                PIC::close(int, int, void*)
                0x00000000c00204aa                PIC::PIC()
                0x00000000c00204aa                PIC::PIC()
                0x00000000c0020580                PIC::ioWait()
                0x00000000c0020586                PIC::getIRQReg(int)
                0x00000000c00205f0                PIC::eoi(unsigned char)
                0x00000000c0020682                PIC::remap()
                0x00000000c00207ee                PIC::open(int, int, void*)
 *fill*         0x00000000c002082d        0x3 
 .text          0x00000000c0020830      0x240 hw/timer/apictimer.32
                0x00000000c0020830                APICTimer::close(int, int, void*)
                0x00000000c0020838                apicTimerHandler(regs*, void*)
                0x00000000c0020860                APICTimer::write(int)
                0x00000000c0020948                APICTimer::open(int, int, void*)
                0x00000000c0020a48                APICTimer::APICTimer()
                0x00000000c0020a48                APICTimer::APICTimer()
 .text          0x00000000c0020a70      0x1a3 hw/timer/pit.32
                0x00000000c0020a70                PIT::write(int)
                0x00000000c0020af0                pitHandler(regs*, void*)
                0x00000000c0020b14                PIT::open(int, int, void*)
                0x00000000c0020b64                PIT::close(int, int, void*)
                0x00000000c0020b94                PIT::PIT()
                0x00000000c0020b94                PIT::PIT()
 *fill*         0x00000000c0020c13        0xd 
 .text          0x00000000c0020c20       0x1e hw/fpu/x86/avx.32
                0x00000000c0020c20                avxDetect
                0x00000000c0020c26                avxSave
                0x00000000c0020c27                avxLoad
                0x00000000c0020c28                avxInit
                0x00000000c0020c29                avxClose
                0x00000000c0020c2a                wouldSheSayYes
 *fill*         0x00000000c0020c3e        0x2 
 .text          0x00000000c0020c40       0x35 hw/fpu/x86/sse.32
                0x00000000c0020c40                absolutelyNoChanceInHell
                0x00000000c0020c40                sseDetect
                0x00000000c0020c58                sseSave
                0x00000000c0020c5e                sseLoad
                0x00000000c0020c64                sseInit
                0x00000000c0020c74                sseClose
 *fill*         0x00000000c0020c75        0xb 
 .text          0x00000000c0020c80       0x4d hw/fpu/x86/x87.32
                0x00000000c0020c86                x87Detect
                0x00000000c0020ca1                x87Save
                0x00000000c0020caa                x87Load
                0x00000000c0020cb2                x87Init
                0x00000000c0020ccc                x87Close
 *fill*         0x00000000c0020ccd        0x3 
 .text          0x00000000c0020cd0       0x25 /cygdrive/d/Users/Alex/Desktop/Toolchain/Output/bin/../lib/gcc/i386-banana/8.1.0/crtend.o
 .text          0x00000000c0020cf5        0x0 crtn.32
 *fill*         0x00000000c0020cf5        0x3 
 .text          0x00000000c0020cf8      0x14b /cygdrive/d/Users/Alex/Desktop/Toolchain/Output/bin/../lib/gcc/i386-banana/8.1.0/libkgcc.a(_divdi3.o)
                0x00000000c0020cf8                __divdi3
 *fill*         0x00000000c0020e43        0x1 
 .text          0x00000000c0020e44      0x17e /cygdrive/d/Users/Alex/Desktop/Toolchain/Output/bin/../lib/gcc/i386-banana/8.1.0/libkgcc.a(_moddi3.o)
                0x00000000c0020e44                __moddi3
 *fill*         0x00000000c0020fc2        0x2 
 .text          0x00000000c0020fc4       0xff /cygdrive/d/Users/Alex/Desktop/Toolchain/Output/bin/../lib/gcc/i386-banana/8.1.0/libkgcc.a(_udivdi3.o)
                0x00000000c0020fc4                __udivdi3
 *fill*         0x00000000c00210c3        0x1 
 .text          0x00000000c00210c4      0x11a /cygdrive/d/Users/Alex/Desktop/Toolchain/Output/bin/../lib/gcc/i386-banana/8.1.0/libkgcc.a(_umoddi3.o)
                0x00000000c00210c4                __umoddi3
 *(.gnu.linkonce.t*)

.iplt           0x00000000c00211e0        0x0
 .iplt          0x00000000c00211e0        0x0 D:/Users/Alex/Desktop/Banana/kernel/boot.32

.init           0x00000000c00211de        0xf
 .init          0x00000000c00211de        0x3 crti.32
                0x00000000c00211de                _init
 .init          0x00000000c00211e1        0x5 /cygdrive/d/Users/Alex/Desktop/Toolchain/Output/bin/../lib/gcc/i386-banana/8.1.0/crtbegin.o
 .init          0x00000000c00211e6        0x5 /cygdrive/d/Users/Alex/Desktop/Toolchain/Output/bin/../lib/gcc/i386-banana/8.1.0/crtend.o
 .init          0x00000000c00211eb        0x2 crtn.32

.fini           0x00000000c00211ed        0xa
 .fini          0x00000000c00211ed        0x3 crti.32
                0x00000000c00211ed                _fini
 .fini          0x00000000c00211f0        0x5 /cygdrive/d/Users/Alex/Desktop/Toolchain/Output/bin/../lib/gcc/i386-banana/8.1.0/crtbegin.o
 .fini          0x00000000c00211f5        0x2 crtn.32

.text._ZN8ComputerD2Ev
                0x00000000c00211f8       0x23
 .text._ZN8ComputerD2Ev
                0x00000000c00211f8       0x23 core/computer.32
                0x00000000c00211f8                Computer::~Computer()
                0x00000000c00211f8                Computer::~Computer()

.text._ZN8ComputerD0Ev
                0x00000000c002121c       0x2a
 .text._ZN8ComputerD0Ev
                0x00000000c002121c       0x2a core/computer.32
                0x00000000c002121c                Computer::~Computer()

.text._Z10idleCommonv
                0x00000000c0021246       0x21
 .text._Z10idleCommonv
                0x00000000c0021246       0x21 core/idle.32
                0x00000000c0021246                idleCommon()

.text._ZN10LinkedListI8UnixFileED2Ev
                0x00000000c0021268        0x2
 .text._ZN10LinkedListI8UnixFileED2Ev
                0x00000000c0021268        0x2 core/unixfile.32
                0x00000000c0021268                LinkedList<UnixFile>::~LinkedList()
                0x00000000c0021268                LinkedList<UnixFile>::~LinkedList()

.text._ZN10LinkedListI8UnixFileEC2Ev
                0x00000000c002126a       0x42
 .text._ZN10LinkedListI8UnixFileEC2Ev
                0x00000000c002126a       0x42 core/unixfile.32
                0x00000000c002126a                LinkedList<UnixFile>::LinkedList()
                0x00000000c002126a                LinkedList<UnixFile>::LinkedList()

.text._ZN10LinkedListI8UnixFileE10addElementEPS0_
                0x00000000c00212ac       0xd3
 .text._ZN10LinkedListI8UnixFileE10addElementEPS0_
                0x00000000c00212ac       0xd3 core/unixfile.32
                0x00000000c00212ac                LinkedList<UnixFile>::addElement(UnixFile*)

.text._ZN10LinkedListI8UnixFileE15getFirstElementEv
                0x00000000c0021380        0x7
 .text._ZN10LinkedListI8UnixFileE15getFirstElementEv
                0x00000000c0021380        0x7 core/unixfile.32
                0x00000000c0021380                LinkedList<UnixFile>::getFirstElement()

.text._ZN10LinkedListI8UnixFileE11removeFirstEv
                0x00000000c0021388       0xa1