Archive member included to satisfy reference by file (symbol)

/cygdrive/c/Users/Alex/Toolchain/Output/bin/../lib/gcc/i386-banana/8.1.0/libkgcc.a(_divdi3.o)
                              krnl/intops.32 (__divdi3)
/cygdrive/c/Users/Alex/Toolchain/Output/bin/../lib/gcc/i386-banana/8.1.0/libkgcc.a(_moddi3.o)
                              krnl/intops.32 (__moddi3)
/cygdrive/c/Users/Alex/Toolchain/Output/bin/../lib/gcc/i386-banana/8.1.0/libkgcc.a(_udivdi3.o)
                              hal/clock.32 (__udivdi3)
/cygdrive/c/Users/Alex/Toolchain/Output/bin/../lib/gcc/i386-banana/8.1.0/libkgcc.a(_umoddi3.o)
                              hal/clock.32 (__umoddi3)
C:/Users/Alex/Desktop/Banana/kernel/libk/libm32.a(e_acos.c.o)
                              krnl/mathlinker.32 (acos)
C:/Users/Alex/Desktop/Banana/kernel/libk/libm32.a(e_asin.c.o)
                              krnl/mathlinker.32 (asin)
C:/Users/Alex/Desktop/Banana/kernel/libk/libm32.a(e_atan2.c.o)
                              krnl/mathlinker.32 (atan2)
C:/Users/Alex/Desktop/Banana/kernel/libk/libm32.a(e_cosh.c.o)
                              krnl/mathlinker.32 (cosh)
C:/Users/Alex/Desktop/Banana/kernel/libk/libm32.a(e_pow.c.o)
                              krnl/mathlinker.32 (pow)
C:/Users/Alex/Desktop/Banana/kernel/libk/libm32.a(e_sinh.c.o)
                              krnl/mathlinker.32 (sinh)
C:/Users/Alex/Desktop/Banana/kernel/libk/libm32.a(k_exp.c.o)
                              C:/Users/Alex/Desktop/Banana/kernel/libk/libm32.a(e_cosh.c.o) (__ldexp_exp)
C:/Users/Alex/Desktop/Banana/kernel/libk/libm32.a(s_atan.c.o)
                              krnl/mathlinker.32 (atan)
C:/Users/Alex/Desktop/Banana/kernel/libk/libm32.a(s_cos.c.o)
                              krnl/mathlinker.32 (cos)
C:/Users/Alex/Desktop/Banana/kernel/libk/libm32.a(s_expm1.c.o)
                              C:/Users/Alex/Desktop/Banana/kernel/libk/libm32.a(e_cosh.c.o) (expm1)
C:/Users/Alex/Desktop/Banana/kernel/libk/libm32.a(s_fabs.c.o)
                              C:/Users/Alex/Desktop/Banana/kernel/libk/libm32.a(e_asin.c.o) (fabs)
C:/Users/Alex/Desktop/Banana/kernel/libk/libm32.a(s_frexp.c.o)
                              krnl/mathlinker.32 (frexp)
C:/Users/Alex/Desktop/Banana/kernel/libk/libm32.a(s_modf.c.o)
                              krnl/mathlinker.32 (modf)
C:/Users/Alex/Desktop/Banana/kernel/libk/libm32.a(s_round.c.o)
                              krnl/mathlinker.32 (round)
C:/Users/Alex/Desktop/Banana/kernel/libk/libm32.a(s_sin.c.o)
                              krnl/mathlinker.32 (sin)
C:/Users/Alex/Desktop/Banana/kernel/libk/libm32.a(s_tanh.c.o)
                              krnl/mathlinker.32 (tanh)
C:/Users/Alex/Desktop/Banana/kernel/libk/libm32.a(s_cimag.c.o)
                              C:/Users/Alex/Desktop/Banana/kernel/libk/libm32.a(k_exp.c.o) (cimag)
C:/Users/Alex/Desktop/Banana/kernel/libk/libm32.a(s_creal.c.o)
                              C:/Users/Alex/Desktop/Banana/kernel/libk/libm32.a(k_exp.c.o) (creal)
C:/Users/Alex/Desktop/Banana/kernel/libk/libm32.a(e_exp.S.o)
                              krnl/mathlinker.32 (exp)
C:/Users/Alex/Desktop/Banana/kernel/libk/libm32.a(e_fmod.S.o)
                              krnl/mathlinker.32 (fmod)
C:/Users/Alex/Desktop/Banana/kernel/libk/libm32.a(e_log.S.o)
                              krnl/mathlinker.32 (log)
C:/Users/Alex/Desktop/Banana/kernel/libk/libm32.a(e_log10.S.o)
                              krnl/mathlinker.32 (log10)
C:/Users/Alex/Desktop/Banana/kernel/libk/libm32.a(e_sqrt.S.o)
                              krnl/mathlinker.32 (sqrt)
C:/Users/Alex/Desktop/Banana/kernel/libk/libm32.a(s_ceil.S.o)
                              krnl/mathlinker.32 (ceil)
C:/Users/Alex/Desktop/Banana/kernel/libk/libm32.a(s_floor.S.o)
                              krnl/mathlinker.32 (floor)
C:/Users/Alex/Desktop/Banana/kernel/libk/libm32.a(s_tan.S.o)
                              krnl/mathlinker.32 (tan)
C:/Users/Alex/Desktop/Banana/kernel/libk/libm32.a(s_scalbn.S.o)
                              C:/Users/Alex/Desktop/Banana/kernel/libk/libm32.a(e_pow.c.o) (scalbn)
C:/Users/Alex/Desktop/Banana/kernel/libk/libm32.a(e_rem_pio2.c.o)
                              C:/Users/Alex/Desktop/Banana/kernel/libk/libm32.a(s_cos.c.o) (__ieee754_rem_pio2)
C:/Users/Alex/Desktop/Banana/kernel/libk/libm32.a(k_cos.c.o)
                              C:/Users/Alex/Desktop/Banana/kernel/libk/libm32.a(s_cos.c.o) (__kernel_cos)
C:/Users/Alex/Desktop/Banana/kernel/libk/libm32.a(k_rem_pio2.c.o)
                              C:/Users/Alex/Desktop/Banana/kernel/libk/libm32.a(e_rem_pio2.c.o) (__kernel_rem_pio2)
C:/Users/Alex/Desktop/Banana/kernel/libk/libm32.a(k_sin.c.o)
                              C:/Users/Alex/Desktop/Banana/kernel/libk/libm32.a(s_cos.c.o) (__kernel_sin)

Allocating common symbols
Common symbol       size              file

dcache              0x40              fs/iso9660/iso9660.32
[...]
Memory Configuration

Name             Origin             Length             Attributes
*default*        0x0000000000000000 0xffffffffffffffff

Linker script and memory map

LOAD C:/Users/Alex/Desktop/Banana/kernel/boot.32
LOAD crti.32
LOAD /cygdrive/c/Users/Alex/Toolchain/Output/bin/../lib/gcc/i386-banana/8.1.0/crtbegin.o
LOAD C:/Users/Alex/Desktop/Banana/kernel/morenasm.32
LOAD acpica/utclib.32
LOAD krnl/malloc.32
LOAD libk/ctype.32
LOAD libk/string.32
LOAD arch/i386/cc.32
LOAD fs/fat/diskio.32
LOAD fs/fat/ff.32
LOAD fs/fat/ffsystem.32
LOAD fs/fat/ffunicode.32
LOAD fs/iso9660/iso9660.32
LOAD dbg/kconsole.32
LOAD dbg/usban.32
LOAD drv/device.32
LOAD drv/root.32
LOAD fs/symlink.32
LOAD fs/vfs.32
LOAD hal/bus.32
LOAD hal/buzzer.32
LOAD hal/clock.32
LOAD hal/device.32
LOAD hal/diskctrl.32
LOAD hal/diskphys.32
LOAD hal/fpu.32
LOAD hal/keybrd.32
LOAD hal/logidisk.32
LOAD hal/mouse.32
LOAD hal/nic.32
LOAD hal/partition.32
LOAD hal/serial.32
LOAD hal/timer.32
LOAD hal/vcache.32
LOAD hal/video.32
LOAD hw/acpi.32
LOAD krnl/assert.32
LOAD krnl/atexit.32
LOAD krnl/bootflags.32
LOAD krnl/bootmsg.32
LOAD krnl/c++.32
LOAD krnl/cdefs.32
LOAD krnl/cm.32
LOAD krnl/computer.32
LOAD krnl/crc32.32
LOAD krnl/env.32
LOAD krnl/fault.32
LOAD krnl/gdt.32
LOAD krnl/idle.32
LOAD krnl/idt.32
LOAD krnl/inlines.32
LOAD krnl/intlformat.32
LOAD krnl/intops.32
LOAD krnl/kheap.32
LOAD krnl/mailbox.32
LOAD krnl/main.32
LOAD krnl/mathlinker.32
LOAD krnl/mutex.32
LOAD krnl/panic.32
LOAD krnl/physmgr.32
LOAD krnl/pipe.32
LOAD krnl/powctrl.32
LOAD krnl/random.32
LOAD krnl/resolve.32
LOAD krnl/semaphore.32
LOAD krnl/signal.32
LOAD krnl/syscalls.32
LOAD krnl/terminal.32
LOAD krnl/tss.32
LOAD krnl/unixfile.32
LOAD krnl/virtmgr.32
LOAD sys/alarm.32
LOAD sys/eject.32
LOAD sys/exit.32
LOAD sys/getcwd.32
LOAD sys/getpid.32
LOAD sys/getramdata.32
LOAD sys/getvgaptr.32
LOAD sys/kill.32
LOAD sys/loaddll.32
LOAD sys/pause.32
LOAD sys/pthread.32
LOAD sys/read.32
LOAD sys/registersignal.32
LOAD sys/registry.32
LOAD sys/sbrk.32
LOAD sys/setcwd.32
LOAD sys/settime.32
LOAD sys/symlink.32
LOAD sys/timezone.32
LOAD sys/truncate.32
LOAD sys/write.32
LOAD sys/wsbe.32
LOAD sys/yield.32
LOAD thr/alarm.32
LOAD thr/elf.32
LOAD thr/elf2.32
LOAD thr/exec.32
LOAD thr/prcssthr.32
LOAD vm86/vm8086.32
LOAD arch/i386/apic.32
LOAD arch/i386/hal.32
LOAD arch/i386/intctrl.32
LOAD arch/i386/pic.32
LOAD arch/i386/rtc.32
LOAD arch/i386/vga.32
LOAD drv/driver/acpi.32
LOAD drv/driver/isa.32
LOAD drv/driver/isapnp.32
LOAD drv/driver/pci.32
LOAD drv/driver/rs232serial.32
LOAD fs/fat/vfslink.32
LOAD fs/iso9660/helper.32
LOAD fs/iso9660/vfslink.32
LOAD hal/sound/sndcard.32
LOAD hal/sound/sndport.32
LOAD hw/bus/pci.32
LOAD hw/diskctrl/ide.32
LOAD hw/diskctrl/satabus.32
LOAD hw/diskphys/ata.32
LOAD hw/diskphys/atapi.32
LOAD hw/diskphys/sata.32
LOAD hw/diskphys/satapi.32
LOAD hw/timer/apictimer.32
LOAD hw/timer/pit.32
LOAD arch/i386/avx.32
LOAD arch/i386/interrupt.32
LOAD arch/i386/rdrand.32
LOAD arch/i386/sse.32
LOAD arch/i386/x87.32
LOAD /cygdrive/c/Users/Alex/Toolchain/Output/bin/../lib/gcc/i386-banana/8.1.0/crtend.o
LOAD crtn.32
LOAD /cygdrive/c/Users/Alex/Toolchain/Output/bin/../lib/gcc/i386-banana/8.1.0/libkgcc.a
LOAD C:/Users/Alex/Desktop/Banana/kernel/libsoftfp.a
LOAD C:/Users/Alex/Desktop/Banana/kernel/libk/libm32.a
                0x00000000c0000000                . = 0xc0000000

.text           0x00000000c0000000    0x27f88
 *(.text)
 .text          0x00000000c0000000       0x20 C:/Users/Alex/Desktop/Banana/kernel/boot.32
 .text          0x00000000c0000020        0x0 crti.32
 .text          0x00000000c0000020      0x101 /cygdrive/c/Users/Alex/Toolchain/Output/bin/../lib/gcc/i386-banana/8.1.0/crtbegin.o
 *fill*         0x00000000c0000121        0xf 
 .text          0x00000000c0000130      0x24f C:/Users/Alex/Desktop/Banana/kernel/morenasm.32
                0x00000000c0000130                manualPCIProbe
                0x00000000c000017b                prepareTramp
                0x00000000c0000194                doTPAUSE
                0x00000000c000019e                hasLegacyFPU
                0x00000000c00001c3                is486
                0x00000000c00001f9                detectCPUID
                0x00000000c000020f                goToVM86
                0x00000000c000023f                goToUsermode
                0x00000000c0000269                switchToThreadASMFirstTime
                0x00000000c0000277                switchToThreadASM
                0x00000000c00002fc                asmQuickAcquireLock
                0x00000000c000031a                asmQuickReleaseLock
                0x00000000c0000326                asmAcquireLock
                0x00000000c0000347                asmReleaseLock
                0x00000000c000035a                loadGDT
                0x00000000c000037a                memcpy
 *fill*         0x00000000c000037f        0x1 
 .text          0x00000000c0000380      0x868 acpica/utclib.32
                0x00000000c0000380                memcmp
                0x00000000c00003d0                memmove
                0x00000000c00004f0                memset
                0x00000000c0000570                strlen
                0x00000000c00005a0                strpbrk
                0x00000000c00005f0                strtok
                0x00000000c0000640                strcpy
                0x00000000c0000680                strncpy
                0x00000000c0000750                strcmp
                0x00000000c00007a0                strchr
                0x00000000c00007e0                strncmp
                0x00000000c0000840                strcat
                0x00000000c0000870                strncat
                0x00000000c00008d0                strstr
                0x00000000c0000930                toupper
                0x00000000c0000950                tolower
                0x00000000c0000970                simple_strtoul
 .text          0x00000000c0000be8     0x1140 krnl/malloc.32
                0x00000000c0000d53                dlfree
                0x00000000c000121a                dlmalloc
                0x00000000c0001757                dlrealloc
                0x00000000c0001934                dlmemalign
                0x00000000c0001a57                dlcalloc
                0x00000000c0001ae8                dlcfree
                0x00000000c0001aed                dlindependent_calloc
                0x00000000c0001b12                dlindependent_comalloc
                0x00000000c0001b29                dlvalloc
                0x00000000c0001b54                dlpvalloc
                0x00000000c0001b8a                dlmalloc_trim
                0x00000000c0001b97                dlmalloc_usable_size
                0x00000000c0001bc8                dlmallinfo
                0x00000000c0001c97                dlmalloc_stats
                0x00000000c0001ca8                dlmallopt
 .text          0x00000000c0001d28      0x1f2 libk/ctype.32
                0x00000000c0001d28                isblank
                0x00000000c0001d48                iscntrl
                0x00000000c0001d68                isdigit
                0x00000000c0001d84                islower
                0x00000000c0001da0                isspace
                0x00000000c0001dc8                isupper
                0x00000000c0001de4                isalpha
                0x00000000c0001e14                isalnum
                0x00000000c0001e44                ispunct
                0x00000000c0001e84                isgraph
                0x00000000c0001eb4                isprint
                0x00000000c0001edc                isxdigit
 .text          0x00000000c0001f1a        0x0 libk/string.32
 *fill*         0x00000000c0001f1a        0x2 
 .text          0x00000000c0001f1c       0x53 arch/i386/cc.32
                0x00000000c0001f1c                LWIP_PLATFORM_HTONS
                0x00000000c0001f40                LWIP_PLATFORM_HTONL
 .text          0x00000000c0001f6f       0x51 fs/fat/diskio.32
                0x00000000c0001f6f                disk_status
                0x00000000c0001f72                disk_initialize
                0x00000000c0001f75                disk_read
                0x00000000c0001f8b                disk_write
                0x00000000c0001fa1                disk_ioctl
 .text          0x00000000c0001fc0     0x3e46 fs/fat/ff.32
                0x00000000c0003de1                f_mount
                0x00000000c0003e43                f_open
                0x00000000c0004106                f_read
                0x00000000c0004305                f_write
                0x00000000c000454d                f_sync
                0x00000000c0004612                f_close
                0x00000000c0004641                f_lseek
                0x00000000c00047f2                f_opendir
                0x00000000c00048bd                f_closedir
                0x00000000c00048df                f_readdir
                0x00000000c0004971                f_stat
                0x00000000c00049f0                f_getfree
                0x00000000c0004af9                f_truncate
                0x00000000c0004be3                f_unlink
                0x00000000c0004d05                f_mkdir
                0x00000000c0004ea0                f_rename
                0x00000000c0005058                f_chmod
                0x00000000c0005108                f_utime
                0x00000000c00051b8                f_getlabel
                0x00000000c0005309                f_setlabel
                0x00000000c0005499                f_expand
                0x00000000c0005606                f_mkfs
 *fill*         0x00000000c0005e06        0x2 
 .text          0x00000000c0005e08       0x2f fs/fat/ffsystem.32
                0x00000000c0005e08                ff_memalloc
                0x00000000c0005e20                ff_memfree
 *fill*         0x00000000c0005e37        0x1 
 .text          0x00000000c0005e38      0x2dc fs/fat/ffunicode.32
                0x00000000c0005e38                ff_uni2oem
                0x00000000c0005ed8                ff_oem2uni
                0x00000000c0005f50                ff_wtoupper
 .text          0x00000000c0006114      0xd32 fs/iso9660/iso9660.32
                0x00000000c000635f                isoReadDiscSector
                0x00000000c00063fa                strnicmp
                0x00000000c00066a9                stricmp
                0x00000000c00066f5                iso_open
                0x00000000c000677f                iso_close
                0x00000000c000679d                iso_read
                0x00000000c00068b3                iso_seek
                0x00000000c0006937                iso_tell
                0x00000000c0006968                iso_total
                0x00000000c0006993                fn_postprocess
                0x00000000c00069ba                iso_readdir
                0x00000000c0006c11                iso_reset
                0x00000000c0006c2e                init_percd
                0x00000000c0006d28                iso_ioctl
                0x00000000c0006d40                fs_iso9660_init
                0x00000000c0006dd6                fs_iso9660_shutdown
 .text          0x00000000c0006e46      0x2ad dbg/kconsole.32
                0x00000000c0006e46                Dbg::stringifyxWithBase(unsigned int, char*, int)
                0x00000000c0006ee6                Dbg::logc(char)
                0x00000000c0006f13                Dbg::logs(char*)
                0x00000000c0006f3d                Dbg::logWriteInt(unsigned int)
                0x00000000c0006f5b                Dbg::logWriteIntBase(unsigned int, int)
                0x00000000c0006f7c                Dbg::kprintf(char const*, ...)
 *fill*         0x00000000c00070f3        0x1 
 .text          0x00000000c00070f4      0x2d4 dbg/usban.32
                0x00000000c00070f4                KiUbsanPrintDetails(char const*, void*)
                0x00000000c0007160                __ubsan_handle_type_mismatch_v1
                0x00000000c000723c                __ubsan_handle_pointer_overflow
                0x00000000c0007268                __ubsan_handle_out_of_bounds
                0x00000000c0007294                __ubsan_handle_add_overflow
                0x00000000c00072c0                __ubsan_handle_load_invalid_value
                0x00000000c00072ec                __ubsan_handle_divrem_overflow
                0x00000000c0007318                __ubsan_handle_mul_overflow
                0x00000000c0007344                __ubsan_handle_sub_overflow
                0x00000000c0007370                __ubsan_handle_shift_out_of_bounds
                0x00000000c000739c                __ubsan_handle_negate_overflow
 .text          0x00000000c00073c8      0x7e4 drv/device.32
                0x00000000c00073c8                Hardware::getHumanReadableName()
                0x00000000c00073f1                KeIsPortInUse(unsigned short, int)
                0x00000000c0007404                KeGetRootDevice()
                0x00000000c000740a                Hardware::registerIRQ(int)
                0x00000000c000743e                Hardware::deregisterIRQ(int)
                0x00000000c0007470                Hardware::~Hardware()
                0x00000000c0007470                Hardware::~Hardware()
                0x00000000c00074bc                Hardware::~Hardware()
                0x00000000c00074e8                Hardware::Hardware()
                0x00000000c00074e8                Hardware::Hardware()
                0x00000000c000753c                KeGetChildOfRootWithName(char const*)
                0x00000000c00075f5                KeGetPCIDevice()
                0x00000000c0007606                KeGetACPIDevice()
                0x00000000c0007617                KeGetISAPnPDevice()
                0x00000000c0007628                KeGetISADevice()
                0x00000000c000763a                Hardware::printRecursively(int)
                0x00000000c0007721                KePrintDeviceTree()
                0x00000000c000774e                Hardware::detectRecursively()
                0x00000000c00077f4                KeSetupDeviceTree()
                0x00000000c000783c                Hardware::deinitialiseRecursively()
                0x00000000c00078d8                Hardware::setPowerStateRecursively(DevicePowerState)
                0x00000000c000797c                Hardware::addChild(Hardware*)
                0x00000000c0007996                Hardware::getHardwareOfTypeAux(HardwareType, std::vector<Hardware*>&)
                0x00000000c0007a45                KeGetHardwareOfType(HardwareType)
                0x00000000c0007a70                Hardware::removeChild(Hardware*)
                0x00000000c0007b04                Hardware::registerMemoryRange(unsigned long, unsigned long)
                0x00000000c0007b2e                Hardware::registerPortRange(unsigned short, unsigned char, int)
 .text          0x00000000c0007bac      0x245 drv/root.32
                0x00000000c0007bac                RootDriver::detect()
                0x00000000c0007bb0                RootDriver::deinitialise()
                0x00000000c0007bb4                RootDriver::setPowerState(DevicePowerState)
                0x00000000c0007bb8                RootDriver::getHumanReadableName()
                0x00000000c0007bc0                RootDriver::hasACPI()
                0x00000000c0007bc4                RootDriver::hasISAPnP()
                0x00000000c0007bc8                RootDriver::hasPCI()
                0x00000000c0007bcc                RootDriver::initialise()
                0x00000000c0007d70                RootDriver::detectLegacyISA()
 .text          0x00000000c0007df1      0x814 fs/symlink.32
                0x00000000c0007f40                KiDeinitialiseSymlinks(void*)
                0x00000000c0007fd3                KeRegisterSymlink(char const*, unsigned long long)
                0x00000000c0008056                KeInitialiseSymlinks()
                0x00000000c00081b8                KiIsSymlinkRegistered(char const*)
                0x00000000c0008322                KeDereferenceSymlink(char const*, char*)
                0x00000000c00084c9                KeCreateSymlink(char const*, char const*)
 *fill*         0x00000000c0008605        0x1 
 .text          0x00000000c0008606      0xd88 fs/vfs.32
                0x00000000c0008606                File::read(unsigned long long, void*, int*)
                0x00000000c000865e                File::write(unsigned long long, void*, int*)
                0x00000000c00086b6                Directory::read(unsigned long long, void*, int*)
                0x00000000c000870e                Directory::write(unsigned long long, void*, int*)
                0x00000000c000873c                File::isAtty()
                0x00000000c0008740                Directory::isAtty()
                0x00000000c0008744                Filesystem::getlabel(LogicalDisk*, int, char*, unsigned int*)
                0x00000000c000874a                Filesystem::setlabel(LogicalDisk*, int, char*)
                0x00000000c0008750                Filesystem::allocateSwapfile(char const*, int)
                0x00000000c0008756                File::~File()
                0x00000000c0008756                File::~File()
                0x00000000c000877a                File::~File()
                0x00000000c00087a4                Directory::~Directory()
                0x00000000c00087a4                Directory::~Directory()
                0x00000000c00087c8                Directory::~Directory()
                0x00000000c00087f2                Filesystem::Filesystem()
                0x00000000c00087f2                Filesystem::Filesystem()
                0x00000000c0008816                Filesystem::~Filesystem()
                0x00000000c0008816                Filesystem::~Filesystem()
                0x00000000c0008824                Filesystem::~Filesystem()
                0x00000000c0008848                Fs::getcwd(Process*, char*, int)
                0x00000000c0008872                Fs::initVFS()
                0x00000000c000889c                Fs::standardiseFiles(char*, char const*, char const*, bool)
                0x00000000c0008ab6                File::File(char const*, Process*, bool)
                0x00000000c0008ab6                File::File(char const*, Process*, bool)
                0x00000000c0008bb4                File::File(char const*, Process*)
                0x00000000c0008bb4                File::File(char const*, Process*)
                0x00000000c0008bd2                File::open(FileOpenMode)
                0x00000000c0008c30                File::close()
                0x00000000c0008c90                File::seek(unsigned long long)
                0x00000000c0008ce6                File::truncate(unsigned long long)
                0x00000000c0008d3c                File::tell(unsigned long long*)
                0x00000000c0008d8c                File::rewind()
                0x00000000c0008da0                File::unlink()
                0x00000000c0008dec                File::rename(char const*)
                0x00000000c0008e3a                File::chfatattr(unsigned char, unsigned char)
                0x00000000c0008e96                File::exists()
                0x00000000c0008ed4                File::stat(unsigned long long*, bool*)
                0x00000000c0008f35                Fs::setcwd(Process*, char*)
                0x00000000c0009094                Directory::Directory(char const*, Process*)
                0x00000000c0009094                Directory::Directory(char const*, Process*)
                0x00000000c000915c                Directory::open()
                0x00000000c00091b8                Directory::close()
                0x00000000c0009218                Directory::unlink()
                0x00000000c0009264                Directory::rename(char const*)
                0x00000000c00092b2                Directory::exists()
                0x00000000c00092f0                Directory::read(dirent*)
                0x00000000c000933c                Directory::create()
                0x00000000c0009388                Filesystem::chfatattr(char const*, unsigned char, unsigned char)
 *fill*         0x00000000c000938e        0x2 
 .text          0x00000000c0009390       0x86 hal/bus.32
                0x00000000c0009390                Bus::Bus(char const*)
                0x00000000c0009390                Bus::Bus(char const*)
                0x00000000c00093c8                Bus::~Bus()
                0x00000000c00093c8                Bus::~Bus()
                0x00000000c00093ec                Bus::~Bus()
 .text          0x00000000c0009416       0x9b hal/buzzer.32
                0x00000000c0009416                KeBeepThread(void*)
                0x00000000c0009457                KeBeep(int, int, bool)
 *fill*         0x00000000c00094b1        0x1 
 .text          0x00000000c00094b2      0xeac hal/clock.32
                0x00000000c00094b2                KeLoadTimezoneStrings()
                0x00000000c0009841                KeGetTimezoneStringFromID(int)
                0x00000000c00098de                KeUpdateTimezone(char const*)
                0x00000000c00099d8                KeSetTimezone(char const*)
                0x00000000c0009a35                KeSetTimezone(int)
                0x00000000c0009a68                KeLoadTimezone()
                0x00000000c0009ae2                Clock::Clock(char const*)
                0x00000000c0009ae2                Clock::Clock(char const*)
                0x00000000c0009b18                Clock::~Clock()
                0x00000000c0009b18                Clock::~Clock()
                0x00000000c0009b3c                Clock::~Clock()
                0x00000000c0009b66                Clock::timeInSecondsLocal()
                0x00000000c0009bdc                Clock::setTimeInSecondsLocal(unsigned long long)
                0x00000000c0009c68                KeDatetimeToSeconds(datetime_t)
                0x00000000c0009fa8                Clock::setTimeInDatetimeLocal(datetime_t)
                0x00000000c000a076                KeSecondsToDatetime(unsigned long long)
                0x00000000c000a332                Clock::timeInDatetimeLocal()
 .text          0x00000000c000a35e      0x47a hal/device.32
                0x00000000c000a35e                Device::hibernate()
                0x00000000c000a360                Device::wake()
                0x00000000c000a362                Device::detect()
                0x00000000c000a364                Device::disableLegacy()
                0x00000000c000a366                Device::powerSaving(PowerSavingLevel)
                0x00000000c000a368                DriverlessDevice::close(int, int, void*)
                0x00000000c000a36c                DriverlessDevice::detect()
                0x00000000c000a36e                DriverlessDevice::open(int, int, void*)
                0x00000000c000a382                Device::~Device()
                0x00000000c000a382                Device::~Device()
                0x00000000c000a390                Device::~Device()
                0x00000000c000a3b8                Device::findAndLoadDriver()
                0x00000000c000a3c6                Device::preOpenPCI(PCIDeviceInfo)
                0x00000000c000a3ec                Device::preOpenACPI(void*, char*, char*)
                0x00000000c000a42c                Device::addIRQHandler(int, void (*)(regs*, void*), bool, void*)
                0x00000000c000a456                Device::getParent()
                0x00000000c000a462                Device::removeIRQHandler(int, void (*)(regs*, void*), bool)
                0x00000000c000a480                Device::addChild(Device*)
                0x00000000c000a4c4                Device::removeAllChildren()
                0x00000000c000a50a                Device::hibernateAll()
                0x00000000c000a53a                Device::wakeAll()
                0x00000000c000a56a                Device::detectAll()
                0x00000000c000a59a                Device::disableLegacyAll()
                0x00000000c000a59c                Device::loadDriversForAll()
                0x00000000c000a59e                Device::powerSavingAll(PowerSavingLevel)
                0x00000000c000a5d4                Device::setName(char const*)
                0x00000000c000a5e2                Device::Device(char const*)
                0x00000000c000a5e2                Device::Device(char const*)
                0x00000000c000a6de                Device::getName()
                0x00000000c000a6e8                Device::closeAll()
                0x00000000c000a734                DriverlessDevice::DriverlessDevice(char const*)
                0x00000000c000a734                DriverlessDevice::DriverlessDevice(char const*)
                0x00000000c000a76a                Device::addToLinkedList(LinkedList<Device>&, DeviceType)
                0x00000000c000a7ae                getDevicesOfType(DeviceType)
 .text          0x00000000c000a7d8       0x86 hal/diskctrl.32
                0x00000000c000a7d8                HardDiskController::HardDiskController(char const*)
                0x00000000c000a7d8                HardDiskController::HardDiskController(char const*)
                0x00000000c000a810                HardDiskController::~HardDiskController()
                0x00000000c000a810                HardDiskController::~HardDiskController()
                0x00000000c000a834                HardDiskController::~HardDiskController()
 .text          0x00000000c000a85e       0xe2 hal/diskphys.32
                0x00000000c000a85e                PhysicalDisk::eject()
                0x00000000c000a862                PhysicalDisk::PhysicalDisk(char const*, int)
                0x00000000c000a862                PhysicalDisk::PhysicalDisk(char const*, int)
                0x00000000c000a8ca                PhysicalDisk::startCache()
                0x00000000c000a8f2                PhysicalDisk::~PhysicalDisk()
                0x00000000c000a8f2                PhysicalDisk::~PhysicalDisk()
                0x00000000c000a916                PhysicalDisk::~PhysicalDisk()
 .text          0x00000000c000a940        0x0 hal/fpu.32
 .text          0x00000000c000a940      0x83e hal/keybrd.32
                0x00000000c000a940                startGUI(void*)
                0x00000000c000a98a                startGUIVESA(void*)
                0x00000000c000a9d4                sendKeyToTerminal(unsigned char)
                0x00000000c000aaaa                sendKeyboardToken(KeyboardToken)
                0x00000000c000af66                clearInternalKeybuffer(VgaText*)
                0x00000000c000af9b                readKeyboard(VgaText*, char*, unsigned long)
                0x00000000c000b0f4                Keyboard::Keyboard(char const*)
                0x00000000c000b0f4                Keyboard::Keyboard(char const*)
                0x00000000c000b130                Keyboard::~Keyboard()
                0x00000000c000b130                Keyboard::~Keyboard()
                0x00000000c000b154                Keyboard::~Keyboard()
 .text          0x00000000c000b17e      0x3f8 hal/logidisk.32
                0x00000000c000b17e                LogicalDisk::close(int, int, void*)
                0x00000000c000b182                LogicalDisk::~LogicalDisk()
                0x00000000c000b182                LogicalDisk::~LogicalDisk()
                0x00000000c000b1a6                LogicalDisk::~LogicalDisk()
                0x00000000c000b1d0                LogicalDisk::open(int, int, void*)
                0x00000000c000b1e4                LogicalDisk::absoluteToRelative(unsigned long long)
                0x00000000c000b21c                LogicalDisk::relativeToAbsolute(unsigned long long)
                0x00000000c000b262                LogicalDisk::LogicalDisk(char const*, PhysicalDisk*, unsigned long long, unsigned long long)
                0x00000000c000b262                LogicalDisk::LogicalDisk(char const*, PhysicalDisk*, unsigned long long, unsigned long long)
                0x00000000c000b322                LogicalDisk::assignDriveLetter()
                0x00000000c000b3dc                LogicalDisk::mount()
                0x00000000c000b424                LogicalDisk::unmount()
                0x00000000c000b434                LogicalDisk::eject()
                0x00000000c000b448                LogicalDisk::unassignDriveLetter()
                0x00000000c000b49e                LogicalDisk::read(unsigned long long, int, void*)
                0x00000000c000b50a                LogicalDisk::write(unsigned long long, int, void*)
 *fill*         0x00000000c000b576        0x2 
 .text          0x00000000c000b578       0x86 hal/mouse.32
                0x00000000c000b578                Mouse::Mouse(char const*)
                0x00000000c000b578                Mouse::Mouse(char const*)
                0x00000000c000b5b0                Mouse::~Mouse()
                0x00000000c000b5b0                Mouse::~Mouse()
                0x00000000c000b5d4                Mouse::~Mouse()
 .text          0x00000000c000b5fe       0x90 hal/nic.32
                0x00000000c000b5fe                NIC::getMAC()
                0x00000000c000b604                NIC::write(int, unsigned char*, int*)
                0x00000000c000b60a                NIC::NIC(char const*)
                0x00000000c000b60a                NIC::NIC(char const*)
                0x00000000c000b640                NIC::~NIC()
                0x00000000c000b640                NIC::~NIC()
                0x00000000c000b664                NIC::~NIC()
 .text          0x00000000c000b68e      0x33b hal/partition.32
                0x00000000c000b68e                makePartition(PhysicalDisk*, unsigned long long, unsigned long long)
                0x00000000c000b736                createPartitionsForDisk(PhysicalDisk*)
 *fill*         0x00000000c000b9c9        0x3 
 .text          0x00000000c000b9cc       0x86 hal/serial.32
                0x00000000c000b9cc                Serial::Serial(char const*)
                0x00000000c000b9cc                Serial::Serial(char const*)
                0x00000000c000ba04                Serial::~Serial()
                0x00000000c000ba04                Serial::~Serial()
                0x00000000c000ba28                Serial::~Serial()
 *fill*         0x00000000c000ba52        0x2 
 .text          0x00000000c000ba54      0x238 hal/timer.32
                0x00000000c000ba54                Timer::Timer(char const*)
                0x00000000c000ba54                Timer::Timer(char const*)
                0x00000000c000ba8c                Timer::~Timer()
                0x00000000c000ba8c                Timer::~Timer()
                0x00000000c000bab0                Timer::~Timer()
                0x00000000c000bada                Timer::read()
                0x00000000c000bae5                setupTimer(int)
                0x00000000c000bb20                timerHandler(unsigned int)
 .text          0x00000000c000bc8c      0x5fe hal/vcache.32
                0x00000000c000bc8c                VCache::VCache(PhysicalDisk*)
                0x00000000c000bc8c                VCache::VCache(PhysicalDisk*)
                0x00000000c000bdfc                VCache::invalidateReadBuffer()
                0x00000000c000be0c                VCache::writeWriteBuffer()
                0x00000000c000be58                VCache::~VCache()
                0x00000000c000be58                VCache::~VCache()
                0x00000000c000beb0                VCache::~VCache()
                0x00000000c000bed8                VCache::write(unsigned long long, int, void*)
                0x00000000c000c0a6                VCache::read(unsigned long long, int, void*)
 .text          0x00000000c000c28a      0x784 hal/video.32
                0x00000000c000c28a                Video::putrect(int, int, int, int, unsigned int)
                0x00000000c000c2d6                Video::bitblit(int, int, int, int, int, int, int, unsigned int*)
                0x00000000c000c346                Video::blit(unsigned int*, int, int, int, int)
                0x00000000c000c3c4                Video::clearScreen(unsigned int)
                0x00000000c000c3ea                Video::putpixel(int, int, unsigned int)
                0x00000000c000c3f8                Video::readPixelApprox(int, int)
                0x00000000c000c40c                Video::Video(char const*)
                0x00000000c000c40c                Video::Video(char const*)
                0x00000000c000c442                Video::~Video()
                0x00000000c000c442                Video::~Video()
                0x00000000c000c466                Video::~Video()
                0x00000000c000c490                Video::isMonochrome()
                0x00000000c000c49c                Video::getWidth()
                0x00000000c000c4a8                Video::getHeight()
                0x00000000c000c4b4                Video::savePixelsInSquare(int, int)
                0x00000000c000c51e                Video::drawCursor(int, int, unsigned int*, int)
                0x00000000c000c5f4                Video::tgaParse(unsigned char*, int, int*, int*)
                0x00000000c000c99e                Video::putTGA(int, int, unsigned char*, int)
 *fill*         0x00000000c000ca0e        0x2 
 .text          0x00000000c000ca10     0x117f hw/acpi.32
                0x00000000c000ca10                ACPI::close(int, int, void*)
                0x00000000c000ca18                loadACPITables(unsigned char*)
                0x00000000c000cc78                findRSDT(unsigned char*)
                0x00000000c000cdc4                findDataTable(unsigned char*, char*)
                0x00000000c000ce38                scanMADT()
                0x00000000c000d2e8                ACPI::ACPI()
                0x00000000c000d2e8                ACPI::ACPI()
                0x00000000c000d338                ACPI::getPCIIRQAssignment(unsigned char, unsigned short, unsigned char)
                0x00000000c000d434                ACPI::registerPCIIRQAssignment(void*, unsigned short, unsigned char, unsigned char)
                0x00000000c000d500                ACPI::setScreenBrightnessLevel(void*, int)
                0x00000000c000d508                ACPI::detectPCI()
                0x00000000c000d714                ACPI::writeSimpleBootFlag(SimpleBootFlagTable*)
                0x00000000c000d72c                ACPI::open(int, int, void*)
 *fill*         0x00000000c000db8f        0x1 
 .text          0x00000000c000db90       0xea krnl/assert.32
                0x00000000c000db90                KeAssertionFailed(char*, char const*, char const*, int)
 .text          0x00000000c000dc7a       0x91 krnl/atexit.32
                0x00000000c000dc7a                KeInitialiseAtexit()
                0x00000000c000dc9c                KeRegisterAtexit(void (*)(void*), void*)
                0x00000000c000dcd0                KeExecuteAtexit()
 *fill*         0x00000000c000dd0b        0x1 
 .text          0x00000000c000dd0c       0x1e krnl/bootflags.32
                0x00000000c000dd0c                KeGetBootConfigurationFlag(BootConfigurationFlag)
                0x00000000c000dd1c                KeInitialiseBootConfigurationFlags()
 .text          0x00000000c000dd2a       0x8a krnl/bootmsg.32
                0x00000000c000dd2a                KeDisplaySplashScreen()
                0x00000000c000dd59                KeSetBootMessage(char const*)
 .text          0x00000000c000ddb4       0x5f krnl/c++.32
                0x00000000c000ddb4                __cxa_atexit
                0x00000000c000ddb7                __cxa_finalize
                0x00000000c000ddb8                __stack_chk_fail
                0x00000000c000ddee                __cxa_pure_virtual
                0x00000000c000ddff                operator new[](unsigned long)
                0x00000000c000de04                operator delete(void*, unsigned long)
                0x00000000c000de09                operator delete[](void*)
                0x00000000c000de0e                operator delete[](void*, unsigned long)
 *fill*         0x00000000c000de13        0x1 
 .text          0x00000000c000de14       0x44 krnl/cdefs.32
                0x00000000c000de14                CUnlockScheduler
                0x00000000c000de2c                CLockScheduler
                0x00000000c000de3c                CPrintf
 .text          0x00000000c000de58      0xc81 krnl/cm.32
                0x00000000c000de58                CmOpen(char const*)
                0x00000000c000df76                CmClose(Reghive_Tag*)
                0x00000000c000df8c                CmReadExtent(Reghive_Tag*, int, unsigned char*)
                0x00000000c000dfc8                CmGetString(Reghive_Tag*, int, char*)
                0x00000000c000e03f                CmEnterDirectory(Reghive_Tag*, int)
                0x00000000c000e07e                CmGetNext(Reghive_Tag*, int)
                0x00000000c000e0b0                CmWriteExtent(Reghive_Tag*, int, unsigned char*)
                0x00000000c000e0ec                CmFreeExtent(Reghive_Tag*, int)
                0x00000000c000e114                CmUpdateHeader(Reghive_Tag*)
                0x00000000c000e135                CmExpand(Reghive_Tag*, int)
                0x00000000c000e1b0                CmFindUnusedExtent(Reghive_Tag*)
                0x00000000c000e236                CmCreateExtent(Reghive_Tag*, int, int, unsigned char*)
                0x00000000c000e32a                CmSetString(Reghive_Tag*, int, char const*)
                0x00000000c000e466                CmGetMatch(char*, char*, bool, bool*)
                0x00000000c000e4c7                CmAddShift(unsigned int*, int*, unsigned char, int)
                0x00000000c000e4f7                CmGetShift(unsigned int*, int*, int, bool*)
                0x00000000c000e52e                CmGetInteger(Reghive_Tag*, int, unsigned long long*)
                0x00000000c000e558                CmSetInteger(Reghive_Tag*, int, unsigned long long)
                0x00000000c000e598                CmConvertFromInternalFilename(unsigned char const*, char*)
                0x00000000c000e63c                CmGetNameAndTypeFromExtent(Reghive_Tag*, int, char*)
                0x00000000c000e66a                CmConvertToInternalFilename(char const*, unsigned char*)
                0x00000000c000e808                CmCreateString(Reghive_Tag*, int, char const*)
                0x00000000c000e855                CmFindInDirectory(Reghive_Tag*, int, char const*)
                0x00000000c000e8cf                CmCreateInteger(Reghive_Tag*, int, char const*, unsigned long long, int)
                0x00000000c000e922                CmCreateDirectory(Reghive_Tag*, int, char const*)
                0x00000000c000e9e6                zStrtok(char*, char const*)
                0x00000000c000ea58                CmFindObjectFromPath(Reghive_Tag*, char const*)
 *fill*         0x00000000c000ead9        0x1 
 .text          0x00000000c000eada       0xed krnl/computer.32
                0x00000000c000eada                Computer::close(int, int, void*)
                0x00000000c000eae0                Computer::Computer()
                0x00000000c000eae0                Computer::Computer()
                0x00000000c000eb24                Computer::open(int, int, void*)
 .text          0x00000000c000ebc7       0x2b krnl/crc32.32
                0x00000000c000ebc7                KeCalculateCRC32(unsigned char*, int)
 .text          0x00000000c000ebf2      0x5bf krnl/env.32
                0x00000000c000ebf2                EnvVarContainer::getEnv(char const*)
                0x00000000c000ec30                EnvVarContainer::setEnv(char const*, char const*)
                0x00000000c000ecf2                EnvVarContainer::deleteEnv(char const*)
                0x00000000c000ecf4                EnvVarContainer::loadFrom(char const*, char const*)
                0x00000000c000ef18                EnvVarContainer::__loadSystem()
                0x00000000c000ef32                EnvVarContainer::__loadUser()
                0x00000000c000ef34                EnvVarContainer::EnvVarContainer(Process*)
                0x00000000c000ef34                EnvVarContainer::EnvVarContainer(Process*)
                0x00000000c000ef56                EnvVarContainer::~EnvVarContainer()
                0x00000000c000ef56                EnvVarContainer::~EnvVarContainer()
                0x00000000c000ef86                KeGetEnv(Process*, char const*)
                0x00000000c000efeb                KeSetEnvSystem(char const*, char const*)
                0x00000000c000f005                KeSetEnvUser(char const*, char const*)
                0x00000000c000f024                KeSetEnvProcess(Process*, char const*, char const*)
                0x00000000c000f037                KeDeleteEnvSystem(char const*)
                0x00000000c000f038                KeDeleteEnvUser(char const*)
                0x00000000c000f039                KeDeleteEnvProcess(Process*, char const*)
                0x00000000c000f03a                KeNewProcessEnv(Process*)
                0x00000000c000f05c                KeCopyProcessEnv(Process*, Process*)
                0x00000000c000f0a8                KeLoadSystemEnv()
                0x00000000c000f0d6                KeLoadUserEnv()
                0x00000000c000f0fc                KeFlushEnv()
                0x00000000c000f0fd                KeGetProcessTotalEnvCount(Process*)
                0x00000000c000f11d                KeGetProcessEnvPair(Process*, int)
 *fill*         0x00000000c000f1b1        0x3 
 .text          0x00000000c000f1b4      0x1a8 krnl/fault.32
                0x00000000c000f1b4                KeDisplayProgramFault(char const*)
                0x00000000c000f204                KeGeneralProtectionFault(void*, void*)
                0x00000000c000f258                KePageFault(void*, void*)
                0x00000000c000f2ac                KeOpcodeFault(void*, void*)
                0x00000000c000f300                KeOtherFault(void*, void*)
                0x00000000c000f334                KeNonMaskableInterrupt(void*, void*)
                0x00000000c000f344                KeDoubleFault(void*, void*)
 .text          0x00000000c000f35c      0x1db krnl/gdt.32
                0x00000000c000f35c                GDTEntry::setBase(unsigned int)
                0x00000000c000f378                GDTEntry::setLimit(unsigned int)
                0x00000000c000f396                GDT::GDT()
                0x00000000c000f396                GDT::GDT()
                0x00000000c000f3ac                GDT::addEntry(GDTEntry)
                0x00000000c000f3ce                GDT::getNumberOfEntries()
                0x00000000c000f3d6                GDT::flush()
                0x00000000c000f3f8                GDT::setup()
 .text          0x00000000c000f537       0x20 krnl/idle.32
                0x00000000c000f537                idleFunction(void*)
 *fill*         0x00000000c000f557        0x1 
 .text          0x00000000c000f558      0x46c krnl/idt.32
                0x00000000c000f558                IDTEntry::IDTEntry(bool)
                0x00000000c000f558                IDTEntry::IDTEntry(bool)
                0x00000000c000f5d2                IDTEntry::setOffset(unsigned int)
                0x00000000c000f5e8                IDT::IDT()
                0x00000000c000f5e8                IDT::IDT()
                0x00000000c000f5ea                IDT::getPointerToInvalidOpcodeEntryForF00F()
                0x00000000c000f5f2                IDT::addEntry(IDTEntry, int)
                0x00000000c000f60c                IDT::addEntry(int, void (*)(), bool)
                0x00000000c000f644                IDT::flush()
                0x00000000c000f65e                IDT::setup()
 .text          0x00000000c000f9c4       0x9a krnl/inlines.32
                0x00000000c000f9c4                CPU::current()
                0x00000000c000f9d0                operator new(unsigned long)
                0x00000000c000f9d5                operator delete(void*)
                0x00000000c000f9da                disableIRQs()
                0x00000000c000f9dc                enableIRQs()
                0x00000000c000f9de                lockScheduler()
                0x00000000c000f9e6                unlockScheduler()
                0x00000000c000f9f8                lockStuff()
                0x00000000c000fa06                unlockStuff()
                0x00000000c000fa43                Virt::getAKernelVAS()
                0x00000000c000fa49                __not_memcpy
 .text          0x00000000c000fa5e      0x2bc krnl/intlformat.32
                0x00000000c000fa5e                KeFormatDate(char*, int, int, int, int, bool)
                0x00000000c000fc4e                KeFormatShortDate(char*, int, int, int, int)
                0x00000000c000fc70                KeFormatLongDate(char*, int, int, int, int)
                0x00000000c000fc92                KeSetLocale(klocale_t)
                0x00000000c000fca8                KeInitialiseLocale()
                0x00000000c000fd16                KeFormatCurrency(char*, int, long long, long long)
                0x00000000c000fd17                KeFormatCurrency(char*, int, double)
                0x00000000c000fd18                KeFormatNumber(char*, long long, long long)
                0x00000000c000fd19                KeFormatNumber(char*, double)
 *fill*         0x00000000c000fd1a        0x2 
 .text          0x00000000c000fd1c      0x42e krnl/intops.32
                0x00000000c000fd1c                KeBasedUnsignedIntegerToString(unsigned long long, char*, int)
                0x00000000c000fea4                KeBasedSignedIntegerToString(long long, char*, int)
                0x00000000c0010050                KeGetDigitsInNumber(long long)
                0x00000000c00100bc                KeItoa(unsigned long long, char*)
                0x00000000c00100ec                KeItoa(long long, char*)
                0x00000000c001011c                KeXtoa(unsigned long long, char*)
 .text          0x00000000c001014a      0x207 krnl/kheap.32
                0x00000000c001014a                sbrk
                0x00000000c00101e1                sbrk_thunk
                0x00000000c0010217                mmap
                0x00000000c0010275                munmap
                0x00000000c001028a                liballoc_lock()
                0x00000000c0010298                liballoc_unlock()
                0x00000000c00102b0                liballoc_alloc(int)
                0x00000000c00102c8                liballoc_free(void*, int)
                0x00000000c00102e3                realloc
                0x00000000c00102f7                malloc
                0x00000000c0010307                free
                0x00000000c0010317                rfree
                0x00000000c0010327                calloc
 *fill*         0x00000000c0010351        0x3 
 .text          0x00000000c0010354      0x1d3 krnl/mailbox.32
                0x00000000c0010354                KeMailboxTryPost(Mailbox*, void*)
                0x00000000c00103b4                KeMailboxTryGet(Mailbox*, void**)
                0x00000000c0010414                KeMailboxCreate()
                0x00000000c0010448                KeMailboxPost(Mailbox*, void*)
                0x00000000c00104ac                KeMailboxGet(Mailbox*, void**)
                0x00000000c0010510                KeMailboxDestroy(Mailbox*)
 .text          0x00000000c0010527      0x204 krnl/main.32
                0x00000000c0010527                KeFirstTask()
                0x00000000c001062b                KeEntryPoint
 .text          0x00000000c001072b        0x0 krnl/mathlinker.32
 *fill*         0x00000000c001072b        0x1 
 .text          0x00000000c001072c       0x1a krnl/mutex.32
                0x00000000c001072c                Mutex::Mutex()
                0x00000000c001072c                Mutex::Mutex()
 .text          0x00000000c0010746       0x12 krnl/panic.32
                0x00000000c0010746                KeIsKernelInPanic()
                0x00000000c001074c                KePanic(char const*)
 .text          0x00000000c0010758      0x5bc krnl/physmgr.32
                0x00000000c0010758                Phys::allocateDMA(unsigned long)
                0x00000000c0010840                Phys::freeDMA(unsigned long, unsigned long)
                0x00000000c001087b                Phys::setPageState(unsigned long, bool)
                0x00000000c00108bb                Phys::getPageState(unsigned long)
                0x00000000c00108d7                Phys::freePage(unsigned long)
                0x00000000c0010940                Phys::allocatePage()
                0x00000000c0010a27                Phys::allocateContiguousPages(int)
                0x00000000c0010aa2                Phys::allowSegmentToBeUsed(unsigned long, unsigned long)
                0x00000000c0010ada                Phys::physicalMemorySetup(unsigned int)
 .text          0x00000000c0010d14      0x275 krnl/pipe.32
                0x00000000c0010d14                Pipe::isAtty()
                0x00000000c0010d18                Pipe::~Pipe()
                0x00000000c0010d18                Pipe::~Pipe()
                0x00000000c0010d3c                Pipe::~Pipe()
                0x00000000c0010d64                Pipe::write(unsigned long long, void*, int*)
                0x00000000c0010e24                Pipe::read(unsigned long long, void*, int*)
                0x00000000c0010f22                Pipe::Pipe(int)
                0x00000000c0010f22                Pipe::Pipe(int)
 .text          0x00000000c0010f89      0x1a3 krnl/powctrl.32
                0x00000000c0010f89                KePowerThread(void*)
                0x00000000c0010fbb                KeChangePowerSettings(PowerSettings)
                0x00000000c0010fd1                KeUserIOReceived()
                0x00000000c0010fdc                KeSetupPowerManager()
                0x00000000c0011065                KePrepareShutdown()
                0x00000000c0011084                KeRegisterShutdownHandler(void (*)())
                0x00000000c001108e                KeRegisterRestartHandler(void (*)())
                0x00000000c0011098                KeRegisterSleepHandler(void (*)())
                0x00000000c00110a2                KeShutdown()
                0x00000000c00110d8                KeSleep()
                0x00000000c00110e4                KeHandlePowerButton()
                0x00000000c00110f6                KeHandleSleepButton()
                0x00000000c0011108                KeRestart()
 .text          0x00000000c001112c       0x9d krnl/random.32
                0x00000000c001112c                KeRand()
                0x00000000c001116e                KeSeedRand(unsigned int)
                0x00000000c0011197                KeInitRand()
 *fill*         0x00000000c00111c9        0x3 
 .text          0x00000000c00111cc      0x26c krnl/resolve.32
                0x00000000c00111cc                KeResolveCompatibilitySymbol(char*)
 .text          0x00000000c0011438      0x415 krnl/semaphore.32
                0x00000000c0011438                Semaphore::Semaphore(int)
                0x00000000c0011438                Semaphore::Semaphore(int)
                0x00000000c0011468                Semaphore::tryAcquire()
                0x00000000c001153c                Semaphore::assertLocked(char const*)
                0x00000000c00115c8                Semaphore::acquire(int)
                0x00000000c0011780                Semaphore::acquire()
                0x00000000c001179c                Semaphore::release()
 .text          0x00000000c001184d      0x3a8 krnl/signal.32
                0x00000000c001184d                KiSigKill(int)
                0x00000000c0011861                KiDefaultSignalHandlerIgnore(int)
                0x00000000c0011862                KiDefaultSignalHandlerPause(int)
                0x00000000c001188e                KiDefaultSignalHandlerResume(int)
                0x00000000c00118ba                KeDeinitSignals(SigHandlerBlock*)
                0x00000000c00118bf                KeInitSignals()
                0x00000000c0011931                KeRegisterSignalHandler(SigHandlerBlock*, int, void (*)(int), unsigned int, int)
                0x00000000c0011967                KeRaiseSignal(SigHandlerBlock*, int)
                0x00000000c00119e8                KeCheckSignal(SigHandlerBlock*, int*)
                0x00000000c0011b17                KiCheckSignalZ
                0x00000000c0011b68                KeCompleteSignal(SigHandlerBlock*, int)
                0x00000000c0011ba3                KiFinishSignalZ
 .text          0x00000000c0011bf5      0xe91 krnl/syscalls.32
                0x00000000c0011bf5                SysSeekDir(regs*)
                0x00000000c0011bfa                SysTellDir(regs*)
                0x00000000c0011bff                SysVerify(regs*)
                0x00000000c0011c09                SysGetArgc(regs*)
                0x00000000c0011c1d                SysTTYName(regs*)
                0x00000000c0011c25                SysFormatDisk(regs*)
                0x00000000c0011c9c                SysSetDiskVolumeLabel(regs*)
                0x00000000c0011cf0                SysGetDiskVolumeLabel(regs*)
                0x00000000c0011d49                SysRealpath(regs*)
                0x00000000c0011d8d                SysReadDir(regs*)
                0x00000000c0011e0d                SysIsATTY(regs*)
                0x00000000c0011e67                SysSeek(regs*)
                0x00000000c0011ec5                SysTell(regs*)
                0x00000000c0011f3a                SysSize(regs*)
                0x00000000c0011fb4                SysSizeFromFilename(regs*)
                0x00000000c00120de                SysSizeFromFilenameNoSymlink(regs*)
                0x00000000c0012208                SysClose(regs*)
                0x00000000c0012268                SysOpenDir(regs*)
                0x00000000c00122e5                SysMakeDir(regs*)
                0x00000000c0012353                SysCloseDir(regs*)
                0x00000000c00123a7                SysWait(regs*)
                0x00000000c00123c8                SysNotImpl(regs*)
                0x00000000c00123e3                SysPanic(regs*)
                0x00000000c00123fe                SysRmdir(regs*)
                0x00000000c0012463                SysUnlink(regs*)
                0x00000000c00124c8                SysGetArgv(regs*)
                0x00000000c0012515                SysUSleep(regs*)
                0x00000000c001253f                SysSpawn(regs*)
                0x00000000c00125b2                SysGetEnv(regs*)
                0x00000000c0012663                SysSetFatAttrib(regs*)
                0x00000000c00126d6                SysShutdown(regs*)
                0x00000000c0012733                SysPipe(regs*)
                0x00000000c0012778                SysGetUnixTime(regs*)
                0x00000000c0012805                string_ends_with(char const*, char const*)
                0x00000000c001284d                SysOpen(regs*)
                0x00000000c0012a44                KeSystemCall(regs*, void*)
 .text          0x00000000c0012a86      0xb0b krnl/terminal.32
                0x00000000c0012a86                VgaText::isAtty()
                0x00000000c0012a8a                VgaText::~VgaText()
                0x00000000c0012a8a                VgaText::~VgaText()
                0x00000000c0012aae                VgaText::~VgaText()
                0x00000000c0012ad8                VgaText::read(unsigned long long, void*, int*)
                0x00000000c0012af8                setTerminalScrollLock(bool)
                0x00000000c0012af9                doTerminalCycle()
                0x00000000c0012afa                addToTerminalCycle(VgaText*)
                0x00000000c0012afb                scrollTerminalScrollLock(int)
                0x00000000c0012afc                VgaText::updateTitle()
                0x00000000c0012afe                VgaText::load()
                0x00000000c0012b00                VgaText::updateCursor()
                0x00000000c0012b16                VgaText::doANSI_SGR(int)
                0x00000000c0012b8a                VgaText::setDefaultBgColour(VgaColour)
                0x00000000c0012b9a                VgaText::setDefaultFgColour(VgaColour)
                0x00000000c0012baa                VgaText::setDefaultColours(VgaColour, VgaColour)
                0x00000000c0012bca                VgaText::setTitleTextColour(VgaColour)
                0x00000000c0012bd6                VgaText::setTitleColour(VgaColour)
                0x00000000c0012be2                VgaText::setTitle(char*)
                0x00000000c0012be4                VgaText::combineColours(unsigned char, unsigned char)
                0x00000000c0012bf6                VgaText::scrollScreen()
                0x00000000c0012c88                VgaText::combineCharAndColour(char, unsigned char)
                0x00000000c0012c98                VgaText::writeCharacter(char, VgaColour, VgaColour, int, int)
                0x00000000c0012d44                VgaText::getCursorX()
                0x00000000c0012d4c                VgaText::getCursorY()
                0x00000000c0012d54                VgaText::setCursor(int, int)
                0x00000000c0012d6b                setActiveTerminal(VgaText*)
                0x00000000c0012db6                VgaText::clearScreen()
                0x00000000c0012e04                VgaText::setCursorX(int)
                0x00000000c0012e1c                VgaText::setCursorY(int)
                0x00000000c0012e34                VgaText::incrementCursor(bool)
                0x00000000c0012e88                VgaText::decrementCursor(bool)
                0x00000000c0012eaa                VgaText::putchar(char, VgaColour, VgaColour)
                0x00000000c0012f7a                VgaText::putchar(char)
                0x00000000c0013072                VgaText::putx(unsigned int)
                0x00000000c00130b8                VgaText::puts(char const*)
                0x00000000c00130de                VgaText::write(unsigned long long, void*, int*)
                0x00000000c001312a                VgaText::puts(char const*, VgaColour, VgaColour)
                0x00000000c00132a4                VgaText::VgaText(char const*)
                0x00000000c00132a4                VgaText::VgaText(char const*)
                0x00000000c0013404                VgaText::receiveKey(unsigned char)
                0x00000000c0013590                VgaText::doUpdate()
 *fill*         0x00000000c0013591        0x3 
 .text          0x00000000c0013594      0x224 krnl/tss.32
                0x00000000c0013594                TSS::TSS()
                0x00000000c0013594                TSS::TSS()
                0x00000000c00135a4                TSS::setESP(unsigned long)
                0x00000000c00135b8                TSS::flush()
                0x00000000c00135d8                TSS::setup(unsigned long, unsigned long)
 .text          0x00000000c00137b8      0x4ce krnl/unixfile.32
                0x00000000c00137b8                ReservedFilename::read(unsigned long long, void*, int*)
                0x00000000c001380e                ReservedFilename::isAtty()
                0x00000000c001382a                ReservedFilename::write(unsigned long long, void*, int*)
                0x00000000c0013888                UnixFile::getFileDescriptor()
                0x00000000c0013890                UnixFile::UnixFile(int)
                0x00000000c0013890                UnixFile::UnixFile(int)
                0x00000000c0013a44                ReservedFilename::ReservedFilename(int)
                0x00000000c0013a44                ReservedFilename::ReservedFilename(int)
                0x00000000c0013a76                UnixFile::~UnixFile()
                0x00000000c0013a76                UnixFile::~UnixFile()
                0x00000000c0013b12                UnixFile::~UnixFile()
                0x00000000c0013b3a                ReservedFilename::~ReservedFilename()
                0x00000000c0013b3a                ReservedFilename::~ReservedFilename()
                0x00000000c0013b5e                ReservedFilename::~ReservedFilename()
                0x00000000c0013b85                KeGetFileFromDescriptor(int)
 .text          0x00000000c0013c86     0x132b krnl/virtmgr.32
                0x00000000c0013c86                Virt::setPageState(unsigned long, Virt::VirtPageState)
                0x00000000c0013cc0                Virt::getPageState(unsigned long)
                0x00000000c0013ce3                Virt::allocateKernelVirtualPages(int)
                0x00000000c0013e08                Virt::freeSwapfilePage(unsigned long)
                0x00000000c0013e2b                Virt::swapIDToSector(unsigned long)
                0x00000000c0013e41                Virt::allocateSwapfilePage()
                0x00000000c0013ec1                Virt::virtualMemorySetup()
                0x00000000c0013f12                Virt::setupPageSwapping(int)
                0x00000000c0013f84                VAS::setCPUSpecific(unsigned long)
                0x00000000c0013f86                VAS::VAS(VAS*)
                0x00000000c0013f86                VAS::VAS(VAS*)
                0x00000000c0013f9e                VAS::getForeignPageTableEntry(bool, unsigned long)
                0x00000000c0013fcc                VAS::getPageTableEntry(unsigned long)
                0x00000000c0013feb                Virt::freeKernelVirtualPages(unsigned long)
                0x00000000c0014128                VAS::freeAllocatedPages(unsigned long)
                0x00000000c001414c                VAS::virtualToPhysical(unsigned long)
                0x00000000c0014166                VAS::reflagRange(unsigned long, int, unsigned long, unsigned long)
                0x00000000c00141a8                VAS::VAS()
                0x00000000c00141a8                VAS::VAS()
                0x00000000c0014212                VAS::setToWriteCombining(unsigned long, int)
                0x00000000c0014232                VAS::mapOtherVASIn(bool, VAS*)
                0x00000000c001425e                VAS::~VAS()
                0x00000000c001425e                VAS::~VAS()
                0x00000000c00143c6                VAS::mapPage(unsigned long, unsigned long, int)
                0x00000000c00144ca                VAS::allocatePages(int, int)
                0x00000000c00145b0                VAS::mapRange(unsigned long, unsigned long, int, int)
                0x00000000c0014608                VAS::mapForeignPage(bool, VAS*, unsigned long, unsigned long, int)
                0x00000000c00146fe                VAS::VAS(bool)
                0x00000000c00146fe                VAS::VAS(bool)
                0x00000000c00148e6                VAS::evict(unsigned long)
                0x00000000c00149ea                VAS::canLockPage(unsigned long)
                0x00000000c0014a04                VAS::unlockPage(unsigned long)
                0x00000000c0014a38                VAS::canLockPages(unsigned long, int)
                0x00000000c0014a74                VAS::unlockPages(unsigned long, int)
                0x00000000c0014ab0                VAS::tryLoadBackOffDisk(unsigned long)
                0x00000000c0014c2a                VAS::lockPage(unsigned long)
                0x00000000c0014c9c                VAS::lockPages(unsigned long, int)
                0x00000000c0014cd8                VAS::allocateSharedMemoryWithKernel(unsigned long, unsigned long*)
                0x00000000c0014d4c                VAS::freeSharedMemoryWithKernel(unsigned long, unsigned long)
                0x00000000c0014d78                VAS::scanForEviction()
                0x00000000c0014eb6                mapVASFirstTime
 .text          0x00000000c0014fb1       0x2f sys/alarm.32
                0x00000000c0014fb1                SysAlarm(regs*)
 .text          0x00000000c0014fe0       0x36 sys/eject.32
                0x00000000c0014fe0                SysEject(regs*)
 .text          0x00000000c0015016       0x18 sys/exit.32
                0x00000000c0015016                SysExit(regs*)
 .text          0x00000000c001502e       0x1f sys/getcwd.32
                0x00000000c001502e                SysGetCwd(regs*)
 .text          0x00000000c001504d       0x26 sys/getpid.32
                0x00000000c001504d                SysGetPID(regs*)
 .text          0x00000000c0015073       0x21 sys/getramdata.32
                0x00000000c0015073                SysGetRAMData(regs*)
 .text          0x00000000c0015094       0xbe sys/getvgaptr.32
                0x00000000c0015094                SysGetVGAPtr(regs*)
 *fill*         0x00000000c0015152        0x2 
 .text          0x00000000c0015154       0xb9 sys/kill.32
                0x00000000c0015154                SysKill(regs*)
 .text          0x00000000c001520d       0x9e sys/loaddll.32
                0x00000000c001520d                SysLoadDLL(regs*)
 .text          0x00000000c00152ab       0x12 sys/pause.32
                0x00000000c00152ab                SysPause(regs*)
 .text          0x00000000c00152bd       0x49 sys/pthread.32
                0x00000000c00152bd                SysPthreadCreate(regs*)
                0x00000000c00152d5                SysPthreadGetTID(regs*)
                0x00000000c00152df                SysInternalPthreadGetContext(regs*)
                0x00000000c00152e4                SysInternalPthreadGetStartLocation(regs*)
                0x00000000c00152e9                SysPthreadJoin(regs*)
                0x00000000c00152ee                SysPthreadExit(regs*)
 .text          0x00000000c0015306       0x68 sys/read.32
                0x00000000c0015306                SysRead(regs*)
 .text          0x00000000c001536e       0x29 sys/registersignal.32
                0x00000000c001536e                SysRegisterSignal(regs*)
 .text          0x00000000c0015397      0x1cc sys/registry.32
                0x00000000c0015397                SysRegistryGetTypeFromPath(regs*)
                0x00000000c00153db                SysRegistryReadExtent(regs*)
                0x00000000c0015423                SysRegistryPathToExtentLookup(regs*)
                0x00000000c001543a                SysRegistryEnterDirectory(regs*)
                0x00000000c0015451                SysRegistryGetNext(regs*)
                0x00000000c0015468                SysRegistryGetNameAndTypeFromExtent(regs*)
                0x00000000c00154a2                SysRegistryOpen(regs*)
                0x00000000c00154b6                SysRegistryClose(regs*)
                0x00000000c00154cd                SysRegistryEasyReadString(regs*)
                0x00000000c0015519                SysRegistryEasyReadInteger(regs*)
 .text          0x00000000c0015563       0x55 sys/sbrk.32
                0x00000000c0015563                SysSbrk(regs*)
 .text          0x00000000c00155b8       0x1c sys/setcwd.32
                0x00000000c00155b8                SysSetCwd(regs*)
 .text          0x00000000c00155d4       0xd7 sys/settime.32
                0x00000000c00155d4                SysSetTime(regs*)
 .text          0x00000000c00156ab       0x73 sys/symlink.32
                0x00000000c00156ab                SysSymlink(regs*)
 .text          0x00000000c001571e       0x3e sys/timezone.32
                0x00000000c001571e                SysTimezone(regs*)
 .text          0x00000000c001575c       0xfc sys/truncate.32
                0x00000000c001575c                SysTruncate(regs*)
 .text          0x00000000c0015858       0x68 sys/write.32
                0x00000000c0015858                SysWrite(regs*)
 .text          0x00000000c00158c0       0x9d sys/wsbe.32
                0x00000000c00158c0                SysWsbe(regs*)
 .text          0x00000000c001595d       0x28 sys/yield.32
                0x00000000c001595d                SysYield(regs*)
 *fill*         0x00000000c0015985        0x3 
 .text          0x00000000c0015988      0x281 thr/alarm.32
                0x00000000c0015988                KeAlarm(ThreadControlBlock*, unsigned long long)
                0x00000000c0015b18                KeCheckAlarm(ThreadControlBlock*)
 .text          0x00000000c0015c09      0x84a thr/elf.32
                0x00000000c0015c09                Thr::allocateMemoryForTask(Process*, File*, unsigned long, unsigned long, unsigned long)
                0x00000000c0015e9b                Thr::loadProgramIntoMemory(Process*, char const*)
                0x00000000c0016133                Thr::runtimeReferenceHelper()
                0x00000000c0016146                Thr::getAddressOfKernelSymbol(char const*)
                0x00000000c0016195                Thr::loadKernelSymbolTable(char const*)
 .text          0x00000000c0016453      0x568 thr/elf2.32
                0x00000000c0016453                KeIsELFValid(Elf32_Ehdr*)
                0x00000000c0016472                KeGetELFSectionHeader(unsigned char*, int)
                0x00000000c0016481                KeGetELFProgramHeader(unsigned char*, int)
                0x00000000c0016492                KeLookupELFString(unsigned char*, int)
                0x00000000c00164b5                KeLoadELFProgramHeaders(unsigned char*, bool, unsigned long)
                0x00000000c001656f                KeGetELFSymbolValue(unsigned char*, int, int, bool*, unsigned long, unsigned long)
                0x00000000c001660b                KePerformRelocation(unsigned char*, unsigned long, Elf32_Shdr*, Elf32_Rel*)
                0x00000000c001668b                KePerformRelocations(unsigned char*, unsigned long)
                0x00000000c0016740                KeLoadELF(unsigned char*, bool, unsigned long)
                0x00000000c00167b5                KeLoadDriver(char const*)
                0x00000000c001691e                KeExecuteDriver(unsigned long, void*)
                0x00000000c0016948                KeLoadAndExecuteDriver(char const*, void*, bool)
 .text          0x00000000c00169bb       0x5a thr/exec.32
                0x00000000c00169bb                KeProcessExec(Process*, char const*)
 *fill*         0x00000000c0016a15        0x3 
 .text          0x00000000c0016a18     0x1299 thr/prcssthr.32
                0x00000000c0016a18                userModeEntryPoint(void*)
                0x00000000c0016a44                changeTSS
                0x00000000c0016a74                switchToThread(ThreadControlBlock*)
                0x00000000c0016b34                Process::addArgs(char**)
                0x00000000c0016ba0                Process::Process(char const*, Process*, char**)
                0x00000000c0016ba0                Process::Process(char const*, Process*, char**)
                0x00000000c0016dd8                Process::Process(bool, char const*, Process*, char**)
                0x00000000c0016dd8                Process::Process(bool, char const*, Process*, char**)
                0x00000000c0016fc4                taskStartupFunction
                0x00000000c0016fd0                KeDisablePreemption()
                0x00000000c0016ff8                KeRestorePreemption()
                0x00000000c0017018                Process::createThread(void (*)(void*), void*, int)
                0x00000000c001717c                Process::createUserThread()
                0x00000000c001719c                setupMultitasking(void (*)())
                0x00000000c00172e4                schedule()
                0x00000000c0017378                blockTaskWithSchedulerLockAlreadyHeld(TaskState)
                0x00000000c00173a4                blockTask(TaskState)
                0x00000000c00173e0                waitTask(int, int*, int)
                0x00000000c0017424                milliTenthSleepUntil(unsigned long long)
                0x00000000c00174d8                milliTenthSleep(unsigned long long)
                0x00000000c00174f0                sleep(unsigned long long)
                0x00000000c0017510                sleep(unsigned int)
                0x00000000c0017528                milliTenthSleep(unsigned int)
                0x00000000c0017548                taskReturned
                0x00000000c0017590                KeProcessFromPID(int)
                0x00000000c0017640                unblockTask(ThreadControlBlock*)
                0x00000000c00176f4                cleanupTerminatedTask(ThreadControlBlock*)
                0x00000000c00179cc                cleanerTaskFunction(void*)
                0x00000000c0017ae4                KeTerminateCurrentThread(int)
 .text          0x00000000c0017cb1     0x1899 vm86/vm8086.32
                0x00000000c0017cb1                Vm::inbv(unsigned short)
                0x00000000c0017ce8                Vm::outbv(unsigned short, unsigned char)
                0x00000000c0017d4f                Vm::realToLinear(unsigned short, unsigned short)
                0x00000000c0017d74                Vm::getSegment(unsigned int)
                0x00000000c0017d7f                Vm::getOffset(unsigned int)
                0x00000000c0017d87                Vm::mainloop2()
                0x00000000c0017dfa                Vm::mainVm8086Loop(void*)
                0x00000000c0017e1a                Vm::mainloop3(unsigned long)
                0x00000000c0017e52                Vm::initialise8086()
                0x00000000c0017e9c                Vm::finish8086()
                0x00000000c0017f0d                Vm::getOutput8086(unsigned char*)
                0x00000000c0017f6e                Vm::start8086FromBuffer(unsigned char*, int, unsigned short, unsigned short, unsigned short, unsigned short)
                0x00000000c00180b4                Vm::start8086(char const*, unsigned short, unsigned short, unsigned short, unsigned short)
                0x00000000c00182f0                Vm::doISR(regs*, int, unsigned char*, unsigned short, unsigned short)
                0x00000000c00184f4                Vm::readByteFromReal(unsigned short, unsigned short)
                0x00000000c0018547                Vm::readWordFromReal(unsigned short, unsigned short)
                0x00000000c001859b                Vm::readDwordFromReal(unsigned short, unsigned short)
                0x00000000c00185ee                Vm::writeByteFromReal(unsigned short, unsigned short, unsigned char)
                0x00000000c001864d                Vm::writeWordFromReal(unsigned short, unsigned short, unsigned short)
                0x00000000c00186ac                Vm::writeDwordFromReal(unsigned short, unsigned short, unsigned int)
                0x00000000c0018703                Vm::faultHandler(regs*)
 .text          0x00000000c001954a      0x45f arch/i386/apic.32
                0x00000000c001954a                IOAPIC::close(int, int, void*)
                0x00000000c0019550                apicGetBase()
                0x00000000c001958a                IOAPIC::IOAPIC()
                0x00000000c001958a                IOAPIC::IOAPIC()
                0x00000000c00195b2                apicOpen()
                0x00000000c001973e                IOAPIC::handlesGSIWithNumber(unsigned int)
                0x00000000c0019770                IOAPIC::read(int)
                0x00000000c0019798                IOAPIC::open(int, int, void*)
                0x00000000c001987e                IOAPIC::write(int, int)
                0x00000000c00198aa                IOAPIC::redirect(unsigned char, unsigned long long, unsigned char, bool, bool)
 *fill*         0x00000000c00199a9        0x1 
 .text          0x00000000c00199aa     0x1f81 arch/i386/hal.32
                0x00000000c00199aa                noCopro(unsigned long)
                0x00000000c00199ab                HalRestart()
                0x00000000c00199b6                HalShutdown()
                0x00000000c00199b7                HalSleep()
                0x00000000c00199b8                CPU::close(int, int, void*)
                0x00000000c00199bb                x86ReadCMOS(unsigned char)
                0x00000000c0019a0f                x86WriteCMOS(unsigned char, unsigned char)
                0x00000000c0019a6f                AMD_K6_write_msr(unsigned int, unsigned int, unsigned int, REGS*)
                0x00000000c0019a8e                AMD_K6_read_msr(unsigned int, REGS*)
                0x00000000c0019aab                AMD_K6_writeback(int, int, int)
                0x00000000c0019b6b                cpuid(int, unsigned long*, unsigned long*, unsigned long*, unsigned long*)
                0x00000000c0019c09                cpuidCheckEDX(unsigned int)
                0x00000000c0019c36                cpuidCheckECX(unsigned int)
                0x00000000c0019c64                cpuidCheckExtendedEBX(unsigned int)
                0x00000000c0019c92                cpuidCheckExtendedECX(unsigned int)
                0x00000000c0019cc0                HalDetectFeatures()
                0x00000000c001aaab                HalEnableNMI()
                0x00000000c001aabe                HalDisableNMI()
                0x00000000c001aad1                HalGetNMIState()
                0x00000000c001aad7                HalIsAPICEnabled()
                0x00000000c001aae8                x86rdmsr(unsigned int)
                0x00000000c001ab26                x86wrmsr(unsigned int, unsigned long long)
                0x00000000c001ab6b                HalHandleGeneralProtectionFault(void*, void*)
                0x00000000c001ab96                HalFindRSDP()
                0x00000000c001ac73                HalHandlePageFault(void*, void*)
                0x00000000c001aca2                HalHandleOpcodeFault(void*, void*)
                0x00000000c001ace4                HalDisplayDebugInfo(void*)
                0x00000000c001b072                HalReceivedNMI()
                0x00000000c001b10d                HalSystemIdle()
                0x00000000c001b16c                i386SaveCoprocessor(void*)
                0x00000000c001b180                i386LoadCoprocessor(void*)
                0x00000000c001b194                x87EmulHandler(regs*, void*)
                0x00000000c001b231                HalInitialiseCoprocessor()
                0x00000000c001b2cf                HalPanic(char const*)
                0x00000000c001b3e3                HalQueryPerformanceCounter()
                0x00000000c001b3f3                HalInitialise()
                0x00000000c001b5db                HalMakeBeep(int)
                0x00000000c001b615                HalGetRand()
                0x00000000c001b618                HalEndOfInterrupt(int)
                0x00000000c001b644                CPU::CPU()
                0x00000000c001b644                CPU::CPU()
                0x00000000c001b6c8                CPU::setupSMEP()
                0x00000000c001b6d4                CPU::setupUMIP()
                0x00000000c001b6de                CPU::setupTSC()
                0x00000000c001b6e8                CPU::setupLargePages()
                0x00000000c001b6f2                CPU::setupPAT()
                0x00000000c001b724                CPU::setupMTRR()
                0x00000000c001b726                CPU::setupGlobalPages()
                0x00000000c001b730                CPU::allowUsermodeDataAccess()
                0x00000000c001b73e                CPU::prohibitUsermodeDataAccess()
                0x00000000c001b74c                CPU::setupSMAP()
                0x00000000c001b75a                CPU::setupFeatures()
                0x00000000c001b826                CPU::open(int, int, void*)
 .text          0x00000000c001b92b      0x341 arch/i386/intctrl.32
                0x00000000c001b92b                convertLegacyIRQNumber(int)
                0x00000000c001b967                KeSetupInterrupts()
                0x00000000c001b9c4                int_handler
                0x00000000c001ba47                HalInstallISRHandler(int, void (*)(regs*, void*), void*)
                0x00000000c001ba91                HalInstallIRQHandler(int, void (*)(regs*, void*), bool, void*)
                0x00000000c001bbbf                HalUninstallISRHandler(int, void (*)(regs*, void*))
                0x00000000c001bbf3                HalUninstallIRQHandler(int, void (*)(regs*, void*), bool)
 .text          0x00000000c001bc6c      0x2dc arch/i386/pic.32
                0x00000000c001bc6c                picIoWait()
                0x00000000c001bc74                picDisable()
                0x00000000c001bca8                picGetIRQReg(int)
                0x00000000c001bd24                picOpen()
                0x00000000c001bea8                picEOI(int)
 .text          0x00000000c001bf48      0x5f3 arch/i386/rtc.32
                0x00000000c001bf48                RTC::open(int, int, void*)
                0x00000000c001bf4c                RTC::close(int, int, void*)
                0x00000000c001bf50                RTC::timeInSecondsUTC()
                0x00000000c001bf62                RTC::timeInDatetimeUTC()
                0x00000000c001bf88                RTC::setTimeInSecondsUTC(unsigned long long)
                0x00000000c001bfc6                RTC::~RTC()
                0x00000000c001bfc6                RTC::~RTC()
                0x00000000c001bfea                RTC::~RTC()
                0x00000000c001c014                RTC::get_update_in_progress_flag()
                0x00000000c001c028                RTC::completeRTCRefresh()
                0x00000000c001c2dc                RTC::setTimeInDatetimeUTC(datetime_t)
                0x00000000c001c452                rtcIRQHandler(regs*, void*)
                0x00000000c001c492                RTC::RTC()
                0x00000000c001c492                RTC::RTC()
 *fill*         0x00000000c001c53b        0x1 
 .text          0x00000000c001c53c      0x1f4 arch/i386/vga.32
                0x00000000c001c53c                HalConsoleScroll(int, int)
                0x00000000c001c644                HalConsoleWriteCharacter(char, int, int, int, int)
                0x00000000c001c6a8                HalConsoleCursorUpdate(int, int)
 .text          0x00000000c001c730       0x16 drv/driver/acpi.32
                0x00000000c001c730                ACPIDriver::initialise()
                0x00000000c001c734                ACPIDriver::detect()
                0x00000000c001c738                ACPIDriver::deinitialise()
                0x00000000c001c73c                ACPIDriver::setPowerState(DevicePowerState)
                0x00000000c001c740                ACPIDriver::getHumanReadableName()
 *fill*         0x00000000c001c746        0x2 
 .text          0x00000000c001c748       0x16 drv/driver/isa.32
                0x00000000c001c748                ISADriver::initialise()
                0x00000000c001c74c                ISADriver::detect()
                0x00000000c001c750                ISADriver::deinitialise()
                0x00000000c001c754                ISADriver::setPowerState(DevicePowerState)
                0x00000000c001c758                ISADriver::getHumanReadableName()
 *fill*         0x00000000c001c75e        0x2 
 .text          0x00000000c001c760      0x688 drv/driver/isapnp.32
                0x00000000c001c760                ISAPnPDriver::detect()
                0x00000000c001c764                ISAPnPDriver::deinitialise()
                0x00000000c001c768                ISAPnPDriver::setPowerState(DevicePowerState)
                0x00000000c001c76c                ISAPnPDriver::getHumanReadableName()
                0x00000000c001c774                ISAPnPDriver::sendInitiationKey()
                0x00000000c001c898                ISAPnPDriver::isolateCard()
                0x00000000c001ca40                ISAPnPDriver::writeRegister(unsigned char, unsigned char)
                0x00000000c001ca9c                ISAPnPDriver::changeReadPortBase()
                0x00000000c001cb30                ISAPnPDriver::resetAllCards()
                0x00000000c001cb44                ISAPnPDriver::readRegister(unsigned char)
                0x00000000c001cb94                ISAPnPDriver::initialise()
 .text          0x00000000c001cde8     0x1271 drv/driver/pci.32
                0x00000000c001cde8                PCIDriver::deinitialise()
                0x00000000c001cdec                PCIDriver::setPowerState(DevicePowerState)
                0x00000000c001cdf0                PCIDriver::getHumanReadableName()
                0x00000000c001cdf8                PCIDriver::readBAR8(unsigned int, int)
                0x00000000c001ce50                PCIDriver::readBAR16(unsigned int, int)
                0x00000000c001cea8                PCIDriver::readBAR32(unsigned int, int)
                0x00000000c001cf00                PCIDriver::writeBAR8(unsigned int, unsigned char, int)
                0x00000000c001cf64                PCIDriver::writeBAR16(unsigned int, unsigned short, int)
                0x00000000c001cfd0                PCIDriver::writeBAR32(unsigned int, unsigned int, int)
                0x00000000c001d030                PCIDriver::readWord(unsigned char, unsigned char, unsigned char, unsigned char)
                0x00000000c001d0e4                PCIDriver::writeWord(unsigned char, unsigned char, unsigned char, unsigned char, unsigned short)
                0x00000000c001d200                PCIDriver::getVendorID(unsigned char, unsigned char, unsigned char)
                0x00000000c001d240                PCIDriver::getHeaderType(unsigned char, unsigned char, unsigned char)
                0x00000000c001d280                PCIDriver::getClassCode(unsigned char, unsigned char, unsigned char)
                0x00000000c001d2fc                PCIDriver::getProgIF(unsigned char, unsigned char, unsigned char)
                0x00000000c001d340                PCIDriver::getRevisionID(unsigned char, unsigned char, unsigned char)
                0x00000000c001d380                PCIDriver::getInterruptNumber(unsigned char, unsigned char, unsigned char)
                0x00000000c001d3c0                PCIDriver::getSecondaryBus(unsigned char, unsigned char, unsigned char)
                0x00000000c001d404                PCIDriver::getBARAddress(unsigned char, unsigned char, unsigned char, unsigned char)
                0x00000000c001d494                PCIDriver::lookupDeviceName(DevicePCIConnectionInfo)
                0x00000000c001da3c                PCIDriver::registerDevice(unsigned char, unsigned char, unsigned char)
                0x00000000c001dd6c                PCIDriver::checkDevice(unsigned char, unsigned char)
                0x00000000c001de68                PCIDriver::checkBus(unsigned char)
                0x00000000c001deb4                PCIDriver::enumerateDevices()
                0x00000000c001df58                PCIDriver::initialise()
                0x00000000c001dfa0                PCIDriver::detect()
 *fill*         0x00000000c001e059        0x1 
 .text          0x00000000c001e05a      0x21f drv/driver/rs232serial.32
                0x00000000c001e05a                RS232Serial::detect()
                0x00000000c001e05c                RS232Serial::deinitialise()
                0x00000000c001e05e                RS232Serial::setPowerState(DevicePowerState)
                0x00000000c001e060                RS232Serial::getHumanReadableName()
                0x00000000c001e066                RS232Serial::areInterruptsSupported()
                0x00000000c001e06a                RS232Serial::areInterruptsEnabled()
                0x00000000c001e072                RS232Serial::getBaud()
                0x00000000c001e07a                RS232Serial::getNumberBytesInIRQBuffer()
                0x00000000c001e07e                RS232Serial::getMaximumBytesInIRQBuffer()
                0x00000000c001e082                RS232Serial::emptyBuffer()
                0x00000000c001e084                RS232Serial::waitForData()
                0x00000000c001e0a2                RS232Serial::isParityModeSupported(SerialParityMode)
                0x00000000c001e0ac                RS232Serial::getPartityMode()
                0x00000000c001e0b4                RS232Serial::isTransmissionSizeValid(int)
                0x00000000c001e0c2                RS232Serial::getTransmissionSize()
                0x00000000c001e0ca                RS232Serial::isNumberOfStopBitsValid(int)
                0x00000000c001e0d6                RS232Serial::getNumberOfStopBits()
                0x00000000c001e0de                RS232Serial::supportsHardwareStopBits()
                0x00000000c001e0e2                RS232Serial::supportsHardwareParity()
                0x00000000c001e0e6                RS232Serial::initialise()
                0x00000000c001e108                RS232Serial::enableInterrupts(bool)
                0x00000000c001e120                RS232Serial::setBaud(int)
                0x00000000c001e146                RS232Serial::getClosestSupportedBaud(int)
                0x00000000c001e15a                RS232Serial::write(unsigned char)
                0x00000000c001e168                RS232Serial::getHardwareBufferSize()
                0x00000000c001e17c                RS232Serial::isDataReady()
                0x00000000c001e190                RS232Serial::setParityMode(SerialParityMode)
                0x00000000c001e1c2                RS232Serial::setTransmissionSize(int)
                0x00000000c001e1f4                RS232Serial::setNumberOfStopBits(int)
                0x00000000c001e226                RS232Serial::didAnyErrorsOccur()
                0x00000000c001e23a                RS232Serial::clearAllErrors()
                0x00000000c001e248                RS232Serial::clearFirstError()
                0x00000000c001e256                RS232Serial::getFirstError()
                0x00000000c001e26c                RS232Serial::read()
 *fill*         0x00000000c001e279        0x3 
 .text          0x00000000c001e27c     0x14cf fs/fat/vfslink.32
                0x00000000c001e27c                FAT::getName()
                0x00000000c001e284                FAT::tell(void*, unsigned long long*)
                0x00000000c001e2c0                FAT::stat(void*, unsigned long long*)
                0x00000000c001e2fc                FAT::~FAT()
                0x00000000c001e2fc                FAT::~FAT()
                0x00000000c001e320                FAT::~FAT()
                0x00000000c001e348                FAT::getlabel(LogicalDisk*, int, char*, unsigned int*)
                0x00000000c001e3ec                FAT::setlabel(LogicalDisk*, int, char*)
                0x00000000c001e4b0                FAT::format(LogicalDisk*, int, char const*, int)
                0x00000000c001e694                FAT::tryMount(LogicalDisk*, int)
                0x00000000c001e8b0                FAT::allocateSwapfile(char const*, int)
                0x00000000c001ea70                FAT::readDir(void*, unsigned long, void*, int*)
                0x00000000c001ebe0                FAT::read(void*, unsigned long, void*, int*)
                0x00000000c001ec40                FAT::write(void*, unsigned long, void*, int*)
                0x00000000c001eca0                FAT::close(void*)
                0x00000000c001ecf4                FAT::closeDir(void*)
                0x00000000c001ed48                FAT::truncate(void*, unsigned long long)
                0x00000000c001edb4                FAT::seek(void*, unsigned long long)
                0x00000000c001ee0c                fatWrapperReadDisk
                0x00000000c001ee4c                fatWrapperWriteDisk
                0x00000000c001ee8c                fatWrapperIoctl
                0x00000000c001efa8                FAT::FAT()
                0x00000000c001efa8                FAT::FAT()
                0x00000000c001f000                FAT::fixFilepath(char*)
                0x00000000c001f040                FAT::open(char const*, void**, FileOpenMode)
                0x00000000c001f1b4                FAT::openDir(char const*, void**)
                0x00000000c001f264                FAT::stat(char const*, unsigned long long*, bool*)
                0x00000000c001f35c                FAT::unlink(char const*)
                0x00000000c001f3dc                FAT::chfatattr(char const*, unsigned char, unsigned char)
                0x00000000c001f590                FAT::rename(char const*, char const*)
                0x00000000c001f65c                FAT::mkdir(char const*)
                0x00000000c001f6dc                FAT::exists(char const*)
 *fill*         0x00000000c001f74b        0x1 
 .text          0x00000000c001f74c       0x94 fs/iso9660/helper.32
                0x00000000c001f74c                isoReadDiscSectorHelper
                0x00000000c001f7a8                iso_kprintf
                0x00000000c001f7c4                iso_kprintfd
 .text          0x00000000c001f7e0      0x71c fs/iso9660/vfslink.32
                0x00000000c001f7e0                ISO9660::format(LogicalDisk*, int, char const*, int)
                0x00000000c001f7e6                ISO9660::truncate(void*, unsigned long long)
                0x00000000c001f7ec                ISO9660::getName()
                0x00000000c001f7f2                ISO9660::closeDir(void*)
                0x00000000c001f7fc                ISO9660::chfatattr(char const*, unsigned char, unsigned char)
                0x00000000c001f802                ISO9660::unlink(char const*)
                0x00000000c001f808                ISO9660::write(void*, unsigned long, void*, int*)
                0x00000000c001f80e                ISO9660::rename(char const*, char const*)