Archive member included to satisfy reference by file (symbol)

/cygdrive/d/Users/Alex/Desktop/Toolchain/Output/bin/../lib/gcc/i386-banana/8.1.0/libkgcc.a(_divdi3.o)
                              fs/fat/ff.32 (__divdi3)
/cygdrive/d/Users/Alex/Desktop/Toolchain/Output/bin/../lib/gcc/i386-banana/8.1.0/libkgcc.a(_moddi3.o)
                              compat/resolve.32 (__moddi3)
/cygdrive/d/Users/Alex/Desktop/Toolchain/Output/bin/../lib/gcc/i386-banana/8.1.0/libkgcc.a(_udivdi3.o)
                              fs/fat/ff.32 (__udivdi3)
/cygdrive/d/Users/Alex/Desktop/Toolchain/Output/bin/../lib/gcc/i386-banana/8.1.0/libkgcc.a(_umoddi3.o)
                              compat/resolve.32 (__umoddi3)
D:/Users/Alex/Desktop/Banana/kernel/libsoftfp.a(sfieeelib.o)
                              hal/sound/sndhw.32 (__addsf3)
D:/Users/Alex/Desktop/Banana/kernel/libsoftfp.a(dfieeelib.o)
                              hal/libresample/src_linear.32 (__adddf3)
D:/Users/Alex/Desktop/Banana/kernel/libsoftfp.a(sfdfcvt.o)
                              hal/libresample/samplerate.32 (__truncdfsf2)
D:/Users/Alex/Desktop/Banana/kernel/libk/libm32.a(s_fabs.c.o)
                              hal/libresample/samplerate.32 (fabs)
D:/Users/Alex/Desktop/Banana/kernel/libk/libm32.a(s_lrint.S.o)
                              hal/libresample/samplerate.32 (lrint)
D:/Users/Alex/Desktop/Banana/kernel/libk/libm32.a(s_lrintf.S.o)
                              hal/sound/sndhw.32 (lrintf)

Discarded input sections

 .comment       0x0000000000000000       0x12 /cygdrive/d/Users/Alex/Desktop/Toolchain/Output/bin/../lib/gcc/i386-banana/8.1.0/crtbegin.o
 .comment       0x0000000000000000       0x12 acpica/utclib.32
 .comment       0x0000000000000000       0x12 core/malloc.32
 .comment       0x0000000000000000       0x12 libk/string.32
 .comment       0x0000000000000000       0x12 fs/fat/diskio.32
 .comment       0x0000000000000000       0x12 fs/fat/ff.32
 .comment       0x0000000000000000       0x12 fs/fat/ffsystem.32
 .comment       0x0000000000000000       0x12 fs/fat/ffunicode.32
 .comment       0x0000000000000000       0x12 hal/libresample/samplerate.32
 .comment       0x0000000000000000       0x12 hal/libresample/src_linear.32
 .comment       0x0000000000000000       0x12 hal/libresample/src_sinc.32
 .comment       0x0000000000000000       0x12 hal/libresample/src_zoh.32
 .comment       0x0000000000000000       0x12 compat/inlines.32
 .comment       0x0000000000000000       0x12 compat/resolve.32
 .group         0x0000000000000000       0x14 core/computer.32
 .group         0x0000000000000000        0xc core/computer.32
 .comment       0x0000000000000000       0x12 core/computer.32
 .comment       0x0000000000000000       0x12 core/gdt.32
 .group         0x0000000000000000        0xc core/idle.32
 .comment       0x0000000000000000       0x12 core/idle.32
 .comment       0x0000000000000000       0x12 core/idt.32
 .comment       0x0000000000000000       0x12 core/kheap.32
 .comment       0x0000000000000000       0x12 core/main.32
 .comment       0x0000000000000000       0x12 core/physmgr.32
 .group         0x0000000000000000        0xc core/pipe.32
 .comment       0x0000000000000000       0x12 core/pipe.32
 .group         0x0000000000000000        0xc core/terminal.32
 .comment       0x0000000000000000       0x12 core/terminal.32
 .comment       0x0000000000000000       0x12 core/tss.32
 .group         0x0000000000000000        0x8 core/unixfile.32
 .group         0x0000000000000000        0xc core/unixfile.32
 .group         0x0000000000000000        0xc core/unixfile.32
 .group         0x0000000000000000        0x8 core/unixfile.32
 .group         0x0000000000000000        0xc core/unixfile.32
 .group         0x0000000000000000        0x8 core/unixfile.32
 .group         0x0000000000000000        0xc core/unixfile.32
 .group         0x0000000000000000        0xc core/unixfile.32
 .comment       0x0000000000000000       0x12 core/unixfile.32
 .comment       0x0000000000000000       0x12 core/virtmgr.32
 .comment       0x0000000000000000       0x12 coreobjs/c++.32
 .comment       0x0000000000000000       0x12 dbg/kconsole.32
 .group         0x0000000000000000        0xc fs/vfs.32
 .group         0x0000000000000000        0xc fs/vfs.32
 .group         0x0000000000000000        0xc fs/vfs.32
 .comment       0x0000000000000000       0x12 fs/vfs.32
 .group         0x0000000000000000        0xc hal/bus.32
 .comment       0x0000000000000000       0x12 hal/bus.32
 .group         0x0000000000000000        0xc hal/buzzer.32
 .comment       0x0000000000000000       0x12 hal/buzzer.32
 .group         0x0000000000000000        0xc hal/clock.32
 .comment       0x0000000000000000       0x12 hal/clock.32
 .group         0x0000000000000000       0x14 hal/device.32
 .group         0x0000000000000000        0xc hal/device.32
 .group         0x0000000000000000        0xc hal/device.32
 .group         0x0000000000000000        0xc hal/device.32
[...]
Memory Configuration

Name             Origin             Length             Attributes
*default*        0x0000000000000000 0xffffffffffffffff

Linker script and memory map

LOAD D:/Users/Alex/Desktop/Banana/kernel/boot.32
LOAD crti.32
LOAD /cygdrive/d/Users/Alex/Desktop/Toolchain/Output/bin/../lib/gcc/i386-banana/8.1.0/crtbegin.o
LOAD D:/Users/Alex/Desktop/Banana/kernel/morenasm.32
LOAD acpica/utclib.32
LOAD core/malloc.32
LOAD libk/string.32
LOAD fs/fat/diskio.32
LOAD fs/fat/ff.32
LOAD fs/fat/ffsystem.32
LOAD fs/fat/ffunicode.32
LOAD hal/libresample/samplerate.32
LOAD hal/libresample/src_linear.32
LOAD hal/libresample/src_sinc.32
LOAD hal/libresample/src_zoh.32
LOAD compat/inlines.32
LOAD compat/resolve.32
LOAD core/computer.32
LOAD core/gdt.32
LOAD core/idle.32
LOAD core/idt.32
LOAD core/kheap.32
LOAD core/main.32
LOAD core/physmgr.32
LOAD core/pipe.32
LOAD core/terminal.32
LOAD core/tss.32
LOAD core/unixfile.32
LOAD core/virtmgr.32
LOAD coreobjs/c++.32
LOAD dbg/kconsole.32
LOAD fs/vfs.32
LOAD hal/bus.32
LOAD hal/buzzer.32
LOAD hal/clock.32
LOAD hal/device.32
LOAD hal/diskctrl.32
LOAD hal/diskphys.32
LOAD hal/fpu.32
LOAD hal/intctrl.32
LOAD hal/keybrd.32
LOAD hal/logidisk.32
LOAD hal/mouse.32
LOAD hal/partition.32
LOAD hal/serial.32
LOAD hal/timer.32
LOAD hal/vcache.32
LOAD hal/video.32
LOAD hw/acpi.32
LOAD hw/cpu.32
LOAD hw/ports.32
LOAD hw/smp.32
LOAD krnl/env.32
LOAD krnl/panic.32
LOAD net/ethernet.32
LOAD reg/registry.32
LOAD sys/sc_eject.32
LOAD sys/sc_exit.32
LOAD sys/sc_getcwd.32
LOAD sys/sc_getpid.32
LOAD sys/sc_getramdata.32
LOAD sys/sc_loaddll.32
LOAD sys/sc_read.32
LOAD sys/sc_sbrk.32
LOAD sys/sc_setcwd.32
LOAD sys/sc_settime.32
LOAD sys/sc_timezone.32
LOAD sys/sc_write.32
LOAD sys/sc_wsbe.32
LOAD sys/sc_yield.32
LOAD sys/syscalls.32
LOAD thr/elf.32
LOAD thr/prcssthr.32
LOAD vm86/vm8086.32
LOAD vm86/x87em.32
LOAD fs/fat/vfslink.32
LOAD fs/iso9660/vfslink.32
LOAD hal/sound/sndchannel.32
LOAD hal/sound/sndhw.32
LOAD hw/bus/isa.32
LOAD hw/bus/pci.32
LOAD hw/diskctrl/ide.32
LOAD hw/diskctrl/satabus.32
LOAD hw/diskphys/ata.32
LOAD hw/diskphys/atapi.32
LOAD hw/diskphys/sata.32
LOAD hw/diskphys/satapi.32
LOAD hw/fpu/avx.32
LOAD hw/fpu/mmx.32
LOAD hw/fpu/sse.32
LOAD hw/fpu/x87.32
LOAD hw/intctrl/apic.32
LOAD hw/intctrl/pic.32
LOAD hw/timer/apictimer.32
LOAD hw/timer/pit.32
LOAD hw/fpu/x86/avx.32
LOAD hw/fpu/x86/sse.32
LOAD hw/fpu/x86/x87.32
LOAD /cygdrive/d/Users/Alex/Desktop/Toolchain/Output/bin/../lib/gcc/i386-banana/8.1.0/crtend.o
LOAD crtn.32
LOAD /cygdrive/d/Users/Alex/Desktop/Toolchain/Output/bin/../lib/gcc/i386-banana/8.1.0/libkgcc.a
LOAD D:/Users/Alex/Desktop/Banana/kernel/libsoftfp.a
LOAD D:/Users/Alex/Desktop/Banana/kernel/libk/libm32.a
                0x00000000c0000000                . = 0xc0000000

.text           0x00000000c0000000    0x28548
 *(.text)
 .text          0x00000000c0000000       0x41 D:/Users/Alex/Desktop/Banana/kernel/boot.32
                0x00000000c0000020                callGlobalConstructors
 .text          0x00000000c0000041        0x0 crti.32
 *fill*         0x00000000c0000041        0x3 
 .text          0x00000000c0000044      0x101 /cygdrive/d/Users/Alex/Desktop/Toolchain/Output/bin/../lib/gcc/i386-banana/8.1.0/crtbegin.o
 *fill*         0x00000000c0000145        0xb 
 .text          0x00000000c0000150      0x4ed D:/Users/Alex/Desktop/Banana/kernel/morenasm.32
                0x00000000c0000150                manualPCIProbe
                0x00000000c000019b                prepareTramp
                0x00000000c00001b4                voodooXADD
                0x00000000c000027f                doTPAUSE
                0x00000000c0000289                hasLegacyFPU
                0x00000000c00002ae                is486
                0x00000000c00002e4                detectCPUID
                0x00000000c00002fa                goToVM86
                0x00000000c000032a                goToUsermode
                0x00000000c0000354                switchToThreadASMFirstTime
                0x00000000c0000362                switchToThreadASM
                0x00000000c00003ea                asmQuickAcquireLock
                0x00000000c0000408                asmQuickReleaseLock
                0x00000000c0000414                asmAcquireLock
                0x00000000c0000435                asmReleaseLock
                0x00000000c0000448                loadGDT
                0x00000000c0000468                isr0
                0x00000000c0000478                isr1
                0x00000000c0000482                isr2
                0x00000000c000048c                isr3
                0x00000000c0000496                isr4
                0x00000000c00004a0                isr5
                0x00000000c00004aa                isr6
                0x00000000c00004b4                isr7
                0x00000000c00004be                isr8
                0x00000000c00004c6                isr9
                0x00000000c00004d0                isr10
                0x00000000c00004d8                isr11
                0x00000000c00004e0                isr12
                0x00000000c00004e8                isr13
                0x00000000c00004f0                isr14
                0x00000000c00004f8                isr15
                0x00000000c0000502                isr16
                0x00000000c000050c                isr17
                0x00000000c0000516                isr18
                0x00000000c0000520                irq3
                0x00000000c000052a                irq4
                0x00000000c0000534                irq5
                0x00000000c000053e                irq6
                0x00000000c0000548                irq7
                0x00000000c0000552                irq8
                0x00000000c000055c                irq9
                0x00000000c0000566                irq10
                0x00000000c0000570                irq11
                0x00000000c000057a                irq12
                0x00000000c0000584                irq13
                0x00000000c000058e                irq14
                0x00000000c0000598                irq15
                0x00000000c00005a2                irq1
                0x00000000c00005a9                irq2
                0x00000000c00005b0                isr96
                0x00000000c00005b7                irq0
                0x00000000c00005bc                int_common_stub
                0x00000000c00005bc                syscall_common_stub
                0x00000000c00005ed                irq16
                0x00000000c00005f7                irq17
                0x00000000c0000601                irq18
                0x00000000c000060b                irq19
                0x00000000c0000615                irq20
                0x00000000c000061f                irq21
                0x00000000c0000629                irq22
                0x00000000c0000633                irq23
 *fill*         0x00000000c000063d        0x3 
 .text          0x00000000c0000640      0x611 acpica/utclib.32
                0x00000000c0000640                memcmp
                0x00000000c000067c                memmove
                0x00000000c0000744                memcpy
                0x00000000c0000778                memset
                0x00000000c0000794                strlen
                0x00000000c00007ac                strpbrk
                0x00000000c00007e8                strtok
                0x00000000c0000834                strcpy
                0x00000000c0000858                strncpy
                0x00000000c00008c0                strcmp
                0x00000000c0000900                strchr
                0x00000000c0000924                strncmp
                0x00000000c0000974                strcat
                0x00000000c00009a4                strncat
                0x00000000c00009e0                strstr
                0x00000000c0000a28                toupper
                0x00000000c0000a3c                tolower
                0x00000000c0000a50                simple_strtoul
 .text          0x00000000c0000c51      0xfbf core/malloc.32
                0x00000000c0000dbc                dlfree
                0x00000000c0001117                dlmalloc
                0x00000000c0001654                dlrealloc
                0x00000000c0001809                dlmemalign
                0x00000000c000192c                dlcalloc
                0x00000000c00019c6                dlcfree
                0x00000000c00019cb                dlindependent_calloc
                0x00000000c00019f0                dlindependent_comalloc
                0x00000000c0001a07                dlvalloc
                0x00000000c0001a32                dlpvalloc
                0x00000000c0001a68                dlmalloc_trim
                0x00000000c0001a75                dlmalloc_usable_size
                0x00000000c0001aa6                dlmallinfo
                0x00000000c0001b75                dlmalloc_stats
                0x00000000c0001b86                dlmallopt
 .text          0x00000000c0001c10        0x0 libk/string.32
 .text          0x00000000c0001c10       0x51 fs/fat/diskio.32
                0x00000000c0001c10                disk_status
                0x00000000c0001c13                disk_initialize
                0x00000000c0001c16                disk_read
                0x00000000c0001c2c                disk_write
                0x00000000c0001c42                disk_ioctl
 .text          0x00000000c0001c61     0x6833 fs/fat/ff.32
                0x00000000c0004f2f                f_mount
                0x00000000c0004f91                f_open
                0x00000000c00053cd                f_read
                0x00000000c000564d                f_write
                0x00000000c0005907                f_sync
                0x00000000c0005ae3                f_close
                0x00000000c0005b12                f_lseek
                0x00000000c0005fc9                f_opendir
                0x00000000c00060cb                f_closedir
                0x00000000c00060ed                f_readdir
                0x00000000c0006188                f_stat
                0x00000000c0006217                f_getfree
                0x00000000c00063e2                f_truncate
                0x00000000c00064da                f_unlink
                0x00000000c000665d                f_mkdir
                0x00000000c0006889                f_rename
                0x00000000c0006b7c                f_chmod
                0x00000000c0006c5a                f_utime
                0x00000000c0006d38                f_getlabel
                0x00000000c0006f26                f_setlabel
                0x00000000c0007193                f_forward
                0x00000000c0007371                f_mkfs
 .text          0x00000000c0008494       0x2d fs/fat/ffsystem.32
                0x00000000c0008494                ff_memalloc
                0x00000000c00084aa                ff_memfree
 .text          0x00000000c00084c1      0x253 fs/fat/ffunicode.32
                0x00000000c00084c1                ff_uni2oem
                0x00000000c0008551                ff_oem2uni
                0x00000000c00085bd                ff_wtoupper
 .text          0x00000000c0008714      0x8fb hal/libresample/samplerate.32
                0x00000000c0008758                src_delete
                0x00000000c0008794                src_process
                0x00000000c000894a                src_callback_read
                0x00000000c0008ac7                src_set_ratio
                0x00000000c0008b31                src_get_channels
                0x00000000c0008b53                src_reset
                0x00000000c0008b9f                src_new
                0x00000000c0008c2d                src_callback_new
                0x00000000c0008c8f                src_get_name
                0x00000000c0008cc6                src_get_description
                0x00000000c0008cfd                src_get_version
                0x00000000c0008d03                src_is_valid_ratio
                0x00000000c0008d57                src_error
                0x00000000c0008d65                src_strerror
                0x00000000c0008d78                src_simple
                0x00000000c0008dcb                src_short_to_float_array
                0x00000000c0008e30                src_float_to_short_array
                0x00000000c0008eef                src_int_to_float_array
                0x00000000c0008f52                src_float_to_int_array
 .text          0x00000000c000900f      0x8cb hal/libresample/src_linear.32
                0x00000000c0009835                linear_get_name
                0x00000000c0009844                linear_get_description
                0x00000000c0009853                linear_set_converter
 .text          0x00000000c00098da     0x447c hal/libresample/src_sinc.32
                0x00000000c000dc6d                sinc_get_name
                0x00000000c000dc80                sinc_get_description
                0x00000000c000dc93                sinc_set_converter
 .text          0x00000000c000dd56      0x77c hal/libresample/src_zoh.32
                0x00000000c000e42d                zoh_get_name
                0x00000000c000e43c                zoh_get_description
                0x00000000c000e44b                zoh_set_converter
 .text          0x00000000c000e4d2       0x23 compat/inlines.32
                0x00000000c000e4d2                CPU::current()
                0x00000000c000e4df                operator new(unsigned long)
 .text          0x00000000c000e4f5      0x111 compat/resolve.32
                0x00000000c000e4f5                Krnl::resolveCompatibilitySymbol(char*)
 .text          0x00000000c000e606      0xa17 core/computer.32
                0x00000000c000e606                Computer::close(int, int, void*)
                0x00000000c000e64a                Krnl::firstTask()
                0x00000000c000e73a                Computer::Computer()
                0x00000000c000e73a                Computer::Computer()
                0x00000000c000e896                Computer::setBootMessage(char const*)
                0x00000000c000e898                Computer::detectFeatures()
                0x00000000c000eaa2                Computer::displayFeatures()
                0x00000000c000ede8                Computer::rdmsr(unsigned int)
                0x00000000c000ee14                Computer::wrmsr(unsigned int, unsigned long long)
                0x00000000c000ee4c                Computer::nmiEnabled()
                0x00000000c000ee58                Computer::readCMOS(unsigned char)
                0x00000000c000ee72                Computer::enableNMI(bool)
                0x00000000c000ee8a                Computer::open(int, int, void*)
                0x00000000c000ef60                Computer::disableNMI()
                0x00000000c000ef6e                Computer::writeCMOS(unsigned char, unsigned char)
                0x00000000c000ef8c                Computer::handleNMI()
                0x00000000c000eff2                Computer::setDiskActivityLight(int, bool)
 *fill*         0x00000000c000f01d        0x1 
 .text          0x00000000c000f01e      0x1b7 core/gdt.32
                0x00000000c000f01e                GDTEntry::setBase(unsigned int)
                0x00000000c000f03a                GDTEntry::setLimit(unsigned int)
                0x00000000c000f058                GDT::GDT()
                0x00000000c000f058                GDT::GDT()
                0x00000000c000f06e                GDT::addEntry(GDTEntry)
                0x00000000c000f0aa                GDT::getNumberOfEntries()
                0x00000000c000f0b2                GDT::flush()
                0x00000000c000f0d4                GDT::setup()
 .text          0x00000000c000f1d5       0x62 core/idle.32
                0x00000000c000f1d5                idleFunction(void*)
 *fill*         0x00000000c000f237        0x1 
 .text          0x00000000c000f238      0x45f core/idt.32
                0x00000000c000f238                IDTEntry::IDTEntry(bool)
                0x00000000c000f238                IDTEntry::IDTEntry(bool)
                0x00000000c000f2a6                IDTEntry::setOffset(unsigned int)
                0x00000000c000f2ba                IDT::IDT()
                0x00000000c000f2ba                IDT::IDT()
                0x00000000c000f2bc                IDT::getPointerToInvalidOpcodeEntryForF00F()
                0x00000000c000f2c4                IDT::addEntry(IDTEntry, int)
                0x00000000c000f2de                IDT::addEntry(int, void (*)(), bool)
                0x00000000c000f316                IDT::flush()
                0x00000000c000f330                IDT::setup()
 .text          0x00000000c000f697      0x203 core/kheap.32
                0x00000000c000f697                sbrk
                0x00000000c000f7a5                mmap
                0x00000000c000f7bb                munmap
                0x00000000c000f7d1                liballoc_lock()
                0x00000000c000f7e2                liballoc_unlock()
                0x00000000c000f7f3                liballoc_alloc(int)
                0x00000000c000f80e                liballoc_free(void*, int)
                0x00000000c000f82c                realloc
                0x00000000c000f840                malloc
                0x00000000c000f850                free
                0x00000000c000f860                rfree
                0x00000000c000f870                calloc
 .text          0x00000000c000f89a      0x480 core/main.32
                0x00000000c000f89a                hwTextMode_loadInData(VgaText*)
                0x00000000c000f8e5                hwTextMode_loadInTitle(VgaText*, char*)
                0x00000000c000f963                hwTextMode_showCursor(VgaText*, bool)
                0x00000000c000f9c1                hwTextMode_update(VgaText*)
                0x00000000c000f9c2                hwTextMode_updateCursor(VgaText*)
                0x00000000c000fa13                hwTextMode_disableBlink(VgaText*, bool)
                0x00000000c000fa59                hwTextMode_scrollScreen(VgaText*)
                0x00000000c000fb06                hwTextMode_writeCharacter(VgaText*, char, VgaColour, VgaColour, int, int)
                0x00000000c000fb88                setupTextMode()
                0x00000000c000fbf8                kernel_main
 .text          0x00000000c000fd1a      0x5a6 core/physmgr.32
                0x00000000c000fd1a                Phys::allocateDMA(unsigned long)
                0x00000000c000fdbd                Phys::freeDMA(unsigned long, unsigned long)
                0x00000000c000fe05                Phys::setPageState(unsigned long, bool)
                0x00000000c000fe37                Phys::getPageState(unsigned long)
                0x00000000c000fe53                Phys::freePage(unsigned long)
                0x00000000c000fedd                Phys::allocatePage()
                0x00000000c000fffe                Phys::allocateContiguousPages(int)
                0x00000000c0010058                Phys::allowSegmentToBeUsed(unsigned long, unsigned long)
                0x00000000c0010090                Phys::physicalMemorySetup(unsigned int)
 .text          0x00000000c00102c0      0x273 core/pipe.32
                0x00000000c00102c0                Pipe::isAtty()
                0x00000000c00102c4                Pipe::~Pipe()
                0x00000000c00102c4                Pipe::~Pipe()
                0x00000000c00102e8                Pipe::~Pipe()
                0x00000000c0010310                Pipe::read(unsigned long long, void*, int*)
                0x00000000c0010404                Pipe::write(unsigned long long, void*, int*)
                0x00000000c00104cc                Pipe::Pipe(int)
                0x00000000c00104cc                Pipe::Pipe(int)
 *fill*         0x00000000c0010533        0x1 
 .text          0x00000000c0010534      0xf73 core/terminal.32
                0x00000000c0010534                VgaText::isAtty()
                0x00000000c0010538                VgaText::~VgaText()
                0x00000000c0010538                VgaText::~VgaText()
                0x00000000c001055c                VgaText::~VgaText()
                0x00000000c0010586                VgaText::read(unsigned long long, void*, int*)
                0x00000000c00105a6                setTerminalScrollLock(bool)
                0x00000000c00105a7                addToTerminalCycle(VgaText*)
                0x00000000c00105d4                installVgaTextImplementation()
                0x00000000c00105e9                scrollTerminalScrollLock(int)
                0x00000000c00105ea                VgaText::load()
                0x00000000c001063e                VgaText::updateCursor()
                0x00000000c0010658                VgaText::showCursor(bool)
                0x00000000c0010668                VgaText::disableBlink(bool)
                0x00000000c00106a2                VgaText::doANSI_SGR(int)
                0x00000000c001072e                VgaText::setDefaultBgColour(VgaColour)
                0x00000000c0010744                VgaText::setDefaultFgColour(VgaColour)
                0x00000000c001075a                VgaText::setDefaultColours(VgaColour, VgaColour)
                0x00000000c001077a                VgaText::combineColours(unsigned char, unsigned char)
                0x00000000c001078c                VgaText::scrollScreen()
                0x00000000c0010820                VgaText::combineCharAndColour(char, unsigned char)
                0x00000000c0010832                VgaText::writeCharacter(char, VgaColour, VgaColour, int, int)
                0x00000000c0010892                VgaText::getCursorX()
                0x00000000c001089e                VgaText::getCursorY()
                0x00000000c00108aa                VgaText::setCursor(int, int)
                0x00000000c00108c8                VgaText::setCursorX(int)
                0x00000000c00108e4                VgaText::setCursorY(int)
                0x00000000c0010900                VgaText::incrementCursor(bool)
                0x00000000c0010968                VgaText::updateRAMUsageDisplay(int)
                0x00000000c00109cc                VgaText::updateDiskUsage()
                0x00000000c0010b36                VgaText::updateTitle()
                0x00000000c0010b7c                VgaText::setTitleTextColour(VgaColour)
                0x00000000c0010b8c                VgaText::setTitleColour(VgaColour)
                0x00000000c0010b9c                VgaText::setTitle(char*)
                0x00000000c0010bc2                VgaText::decrementCursor(bool)
                0x00000000c0010bea                VgaText::putchar(char, VgaColour, VgaColour)
                0x00000000c0010ce6                VgaText::isShowingCursor()
                0x00000000c0010cf2                VgaText::isBlinkDisabled()
                0x00000000c0010d00                VgaText::setCursorHeight(int)
                0x00000000c0010d1e                VgaText::getCursorHeight()
                0x00000000c0010d29                setActiveTerminal(VgaText*)
                0x00000000c0010ddb                doTerminalCycle()
                0x00000000c0010df8                VgaText::doUpdate()
                0x00000000c0010e0a                VgaText::puts(char const*, VgaColour, VgaColour)
                0x00000000c0010fca                VgaText::clearScreen()
                0x00000000c001102e                VgaText::putchar(char)
                0x00000000c0011148                VgaText::puts(char const*)
                0x00000000c001116e                VgaText::putx(unsigned int)
                0x00000000c00111b4                VgaText::VgaText(char const*)
                0x00000000c00111b4                VgaText::VgaText(char const*)
                0x00000000c0011346                VgaText::receiveKey(unsigned char)
                0x00000000c001142e                VgaText::write(unsigned long long, void*, int*)
                0x00000000c0011482                newTerminal(char*)
 *fill*         0x00000000c00114a7        0x1 
 .text          0x00000000c00114a8      0x1b3 core/tss.32
                0x00000000c00114a8                TSS::TSS()
                0x00000000c00114a8                TSS::TSS()
                0x00000000c00114b6                TSS::setESP(unsigned long)
                0x00000000c00114c8                TSS::flush()
                0x00000000c00114e8                TSS::setup(unsigned long, unsigned long)
 *fill*         0x00000000c001165b        0x1 
 .text          0x00000000c001165c      0x4c2 core/unixfile.32
                0x00000000c001165c                ReservedFilename::read(unsigned long long, void*, int*)
                0x00000000c00116b2                ReservedFilename::isAtty()
                0x00000000c00116ce                ReservedFilename::write(unsigned long long, void*, int*)
                0x00000000c001172c                UnixFile::getFileDescriptor()
                0x00000000c0011734                UnixFile::UnixFile(int)
                0x00000000c0011734                UnixFile::UnixFile(int)
                0x00000000c00118e4                ReservedFilename::ReservedFilename(int)
                0x00000000c00118e4                ReservedFilename::ReservedFilename(int)
                0x00000000c0011916                UnixFile::~UnixFile()
                0x00000000c0011916                UnixFile::~UnixFile()
                0x00000000c00119ae                UnixFile::~UnixFile()
                0x00000000c00119d6                ReservedFilename::~ReservedFilename()
                0x00000000c00119d6                ReservedFilename::~ReservedFilename()
                0x00000000c00119fa                ReservedFilename::~ReservedFilename()
                0x00000000c0011a21                getFromFileDescriptor(int)
 .text          0x00000000c0011b1e     0x1150 core/virtmgr.32
                0x00000000c0011b1e                Virt::setPageState(unsigned long, Virt::VirtPageState)
                0x00000000c0011b53                Virt::getPageState(unsigned long)
                0x00000000c0011b77                Virt::allocateKernelVirtualPages(int)
                0x00000000c0011c88                Virt::freeSwapfilePage(unsigned long)
                0x00000000c0011ca6                Virt::swapIDToSector(unsigned long)
                0x00000000c0011cb8                Virt::allocateSwapfilePage()
                0x00000000c0011d36                Virt::virtualMemorySetup()
                0x00000000c0011db5                Virt::swappingSetup()
                0x00000000c0011e1e                Virt::getAKernelVAS()
                0x00000000c0011e24                VAS::VAS()
                0x00000000c0011e24                VAS::VAS()
                0x00000000c0011e60                VAS::VAS(VAS*)
                0x00000000c0011e60                VAS::VAS(VAS*)
                0x00000000c0011e8e                VAS::getForeignPageTableEntry(bool, unsigned long)
                0x00000000c0011eba                VAS::getPageTableEntry(unsigned long)
                0x00000000c0011ed9                Virt::freeKernelVirtualPages(unsigned long)
                0x00000000c0011ffc                VAS::freeAllocatedPages(unsigned long)
                0x00000000c0012020                VAS::virtualToPhysical(unsigned long)
                0x00000000c0012038                VAS::reflagRange(unsigned long, int, int, int)
                0x00000000c0012078                VAS::setToWriteCombining(unsigned long, int)
                0x00000000c00120aa                VAS::mapOtherVASIn(bool, VAS*)
                0x00000000c00120d4                VAS::~VAS()
                0x00000000c00120d4                VAS::~VAS()
                0x00000000c0012240                VAS::mapPage(unsigned long, unsigned long, int)
                0x00000000c0012340                VAS::allocatePages(int, int)
                0x00000000c0012518                VAS::setCPUSpecific(unsigned long)
                0x00000000c0012534                VAS::mapRange(unsigned long, unsigned long, int, int)
                0x00000000c00125fa                VAS::mapForeignPage(bool, VAS*, unsigned long, unsigned long, int)
                0x00000000c00126e8                VAS::VAS(bool)
                0x00000000c00126e8                VAS::VAS(bool)
                0x00000000c001294e                VAS::evict(unsigned long)
                0x00000000c00129e4                VAS::tryLoadBackOffDisk(unsigned long)
                0x00000000c0012ad0                VAS::scanForEviction()
                0x00000000c0012bb2                mapVASFirstTime
 .text          0x00000000c0012c6e       0x95 coreobjs/c++.32
                0x00000000c0012c6e                __cxa_atexit
                0x00000000c0012c71                __cxa_finalize
                0x00000000c0012c72                __stack_chk_fail
                0x00000000c0012cde                __cxa_pure_virtual
                0x00000000c0012cef                operator new[](unsigned long)
                0x00000000c0012cf4                operator delete(void*, unsigned long)
                0x00000000c0012cf9                operator delete[](void*)
                0x00000000c0012cfe                operator delete[](void*, unsigned long)
 .text          0x00000000c0012d03      0x1ef dbg/kconsole.32
                0x00000000c0012d03                Dbg::stringifyxWithBase(unsigned int, char*, int)
                0x00000000c0012d64                Dbg::logc(char)
                0x00000000c0012d7b                Dbg::logs(char*)
                0x00000000c0012d98                Dbg::logWriteInt(unsigned int)
                0x00000000c0012db5                Dbg::logWriteIntBase(unsigned int, int)
                0x00000000c0012dd4                Dbg::kprintf(char const*, ...)
 .text          0x00000000c0012ef2      0xb7c fs/vfs.32
                0x00000000c0012ef2                File::read(unsigned long long, void*, int*)
                0x00000000c0012f4a                File::write(unsigned long long, void*, int*)
                0x00000000c0012fa2                Directory::read(unsigned long long, void*, int*)
                0x00000000c0012ffa                Directory::write(unsigned long long, void*, int*)
                0x00000000c0013028                File::isAtty()
                0x00000000c001302c                Directory::isAtty()
                0x00000000c0013030                Filesystem::getlabel(LogicalDisk*, int, char*, unsigned int*)
                0x00000000c0013036                Filesystem::setlabel(LogicalDisk*, int, char*)
                0x00000000c001303c                File::~File()
                0x00000000c001303c                File::~File()
                0x00000000c0013060                File::~File()
                0x00000000c001308a                Directory::~Directory()
                0x00000000c001308a                Directory::~Directory()
                0x00000000c00130ae                Directory::~Directory()
                0x00000000c00130d8                Filesystem::Filesystem()
                0x00000000c00130d8                Filesystem::Filesystem()
                0x00000000c00130fc                Filesystem::~Filesystem()
                0x00000000c00130fc                Filesystem::~Filesystem()
                0x00000000c001310a                Filesystem::~Filesystem()
                0x00000000c001312e                Fs::getcwd(Process*, char*, int)
                0x00000000c0013158                Fs::initVFS()
                0x00000000c0013182                Fs::standardiseFiles(char*, char const*, char const*)
                0x00000000c001332c                File::File(char const*, Process*)
                0x00000000c001332c                File::File(char const*, Process*)
                0x00000000c0013390                File::open(FileOpenMode)
                0x00000000c00133ee                File::close()
                0x00000000c001344e                File::seek(unsigned long long)
                0x00000000c00134a4                File::tell(unsigned long long*)
                0x00000000c00134f4                File::rewind()
                0x00000000c0013508                File::unlink()
                0x00000000c0013554                File::rename(char const*)
                0x00000000c00135a2                File::chfatattr(unsigned char, unsigned char)
                0x00000000c00135fe                File::exists()
                0x00000000c001363c                File::stat(unsigned long long*, bool*)
                0x00000000c001369d                Fs::setcwd(Process*, char*)
                0x00000000c00137d8                Directory::Directory(char const*, Process*)
                0x00000000c00137d8                Directory::Directory(char const*, Process*)
                0x00000000c001383c                Directory::open()
                0x00000000c0013898                Directory::close()
                0x00000000c00138f8                Directory::unlink()
                0x00000000c0013944                Directory::rename(char const*)
                0x00000000c0013992                Directory::exists()
                0x00000000c00139d0                Directory::read(dirent*)
                0x00000000c0013a1c                Directory::create()
                0x00000000c0013a68                Filesystem::chfatattr(char const*, unsigned char, unsigned char)
 .text          0x00000000c0013a6e       0x84 hal/bus.32
                0x00000000c0013a6e                Bus::Bus(char const*)
                0x00000000c0013a6e                Bus::Bus(char const*)
                0x00000000c0013aa4                Bus::~Bus()
                0x00000000c0013aa4                Bus::~Bus()
                0x00000000c0013ac8                Bus::~Bus()
 .text          0x00000000c0013af2      0x14e hal/buzzer.32
                0x00000000c0013af2                Buzzer::Buzzer(char const*)
                0x00000000c0013af2                Buzzer::Buzzer(char const*)
                0x00000000c0013b36                Buzzer::~Buzzer()
                0x00000000c0013b36                Buzzer::~Buzzer()
                0x00000000c0013b5a                Buzzer::~Buzzer()
                0x00000000c0013b84                Buzzer::stop()
                0x00000000c0013b97                beepThread(void*)
                0x00000000c0013bd2                Buzzer::beep(int, int, bool)
 .text          0x00000000c0013c40      0x467 hal/clock.32
                0x00000000c0013c40                User::loadClockSettings(int)
                0x00000000c0013c92                Clock::Clock(char const*)
                0x00000000c0013c92                Clock::Clock(char const*)
                0x00000000c0013cc8                Clock::~Clock()
                0x00000000c0013cc8                Clock::~Clock()
                0x00000000c0013cec                Clock::~Clock()
                0x00000000c0013d16                Clock::timeInSecondsLocal()
                0x00000000c0013d5e                Clock::setTimeInSecondsLocal(unsigned long long)
                0x00000000c0013db7                datetimeToSeconds(datetime_t)
                0x00000000c0013ede                Clock::setTimeInDatetimeLocal(datetime_t)
                0x00000000c0013f3e                secondsToDatetime(unsigned long long)
                0x00000000c0014082                Clock::timeInDatetimeLocal()
 *fill*         0x00000000c00140a7        0x1 
 .text          0x00000000c00140a8      0x4de hal/device.32
                0x00000000c00140a8                Device::hibernate()
                0x00000000c00140aa                Device::wake()
                0x00000000c00140ac                Device::detect()
                0x00000000c00140ae                Device::disableLegacy()
                0x00000000c00140b0                Device::powerSaving(PowerSavingLevel)
                0x00000000c00140b2                DriverlessDevice::close(int, int, void*)
                0x00000000c00140b6                DriverlessDevice::detect()
                0x00000000c00140b8                DriverlessDevice::open(int, int, void*)
                0x00000000c00140cc                Device::~Device()
                0x00000000c00140cc                Device::~Device()
                0x00000000c00140da                Device::~Device()
                0x00000000c0014102                Device::findAndLoadDriver()
                0x00000000c0014104                Device::preOpenPCI(PCIDeviceInfo)
                0x00000000c001412a                Device::preOpenACPI(void*, char*, char*)
                0x00000000c001417e                Device::addIRQHandler(int, void (*)(regs*, void*), bool, void*)
                0x00000000c00141bc                Device::removeIRQHandler(int, void (*)(regs*, void*), bool)
                0x00000000c00141fa                Device::addChild(Device*)
                0x00000000c001423e                Device::removeAllChildren()
                0x00000000c0014284                Device::hibernateAll()
                0x00000000c00142b4                Device::wakeAll()
                0x00000000c00142e4                Device::detectAll()
                0x00000000c0014314                Device::disableLegacyAll()
                0x00000000c0014344                Device::loadDriversForAll()
                0x00000000c0014370                Device::closeAll()
                0x00000000c00143a6                Device::powerSavingAll(PowerSavingLevel)
                0x00000000c00143dc                Device::setName(char const*)
                0x00000000c00143ea                Device::Device(char const*)
                0x00000000c00143ea                Device::Device(char const*)
                0x00000000c00144e6                Device::getName()
                0x00000000c00144f0                DriverlessDevice::DriverlessDevice(char const*)
                0x00000000c00144f0                DriverlessDevice::DriverlessDevice(char const*)
                0x00000000c0014518                Device::addToLinkedList(LinkedList<Device>&, DeviceType)
                0x00000000c001455c                getDevicesOfType(DeviceType)
 .text          0x00000000c0014586       0x84 hal/diskctrl.32
                0x00000000c0014586                HardDiskController::HardDiskController(char const*)
                0x00000000c0014586                HardDiskController::HardDiskController(char const*)
                0x00000000c00145bc                HardDiskController::~HardDiskController()
                0x00000000c00145bc                HardDiskController::~HardDiskController()
                0x00000000c00145e0                HardDiskController::~HardDiskController()
 .text          0x00000000c001460a       0xf2 hal/diskphys.32
                0x00000000c001460a                PhysicalDisk::eject()
                0x00000000c001461e                PhysicalDisk::PhysicalDisk(char const*, int)
                0x00000000c001461e                PhysicalDisk::PhysicalDisk(char const*, int)
                0x00000000c0014686                PhysicalDisk::startCache()
                0x00000000c00146ae                PhysicalDisk::~PhysicalDisk()
                0x00000000c00146ae                PhysicalDisk::~PhysicalDisk()
                0x00000000c00146d2                PhysicalDisk::~PhysicalDisk()
 .text          0x00000000c00146fc      0x13b hal/fpu.32
                0x00000000c00146fc                FPU::FPU(char const*)
                0x00000000c00146fc                FPU::FPU(char const*)
                0x00000000c0014732                FPU::~FPU()
                0x00000000c0014732                FPU::~FPU()
                0x00000000c0014756                FPU::~FPU()
                0x00000000c0014780                setupFPU()
 *fill*         0x00000000c0014837        0x1 
 .text          0x00000000c0014838     0x13dd hal/intctrl.32
                0x00000000c0014838                InterruptController::uninstallISRHandler(int, void (*)(regs*, void*))
                0x00000000c0014870                InterruptController::installISRHandler(int, void (*)(regs*, void*), void*)
                0x00000000c00148c2                doubleFault(regs*, void*)
                0x00000000c00148dc                InterruptController::installIRQHandler(int, void (*)(regs*, void*), bool, void*)
                0x00000000c0014978                InterruptController::clearAllHandlers(int, bool)
                0x00000000c0014a20                InterruptController::uninstallIRQHandler(int, void (*)(regs*, void*), bool)
                0x00000000c0014aa7                nmiHandler(regs*, void*)
                0x00000000c0014ab5                int_handler
                0x00000000c0014b56                InterruptController::InterruptController(char const*)
                0x00000000c0014b56                InterruptController::InterruptController(char const*)
                0x00000000c0014bfc                InterruptController::~InterruptController()
                0x00000000c0014bfc                InterruptController::~InterruptController()
                0x00000000c0014c20                InterruptController::~InterruptController()
                0x00000000c0014c4a                displayDebugInfo(regs*)
                0x00000000c00150d9                x87EmulHandler(regs*, void*)
                0x00000000c0015108                gpFault(regs*, void*)
                0x00000000c0015141                pgFault(regs*, void*)
                0x00000000c001517d                otherISRHandler(regs*, void*)
                0x00000000c001519c                opcodeFault(regs*, void*)
                0x00000000c00157a2                displayProgramFault(char const*)
                0x00000000c00157ca                setupInterruptController()
                0x00000000c0015bc8                InterruptController::convertLegacyIRQNumber(int)
 *fill*         0x00000000c0015c15        0x1 
 .text          0x00000000c0015c16      0x6c8 hal/keybrd.32
                0x00000000c0015c16                startGUI(void*)
                0x00000000c0015c72                startGUIVESA(void*)
                0x00000000c0015cce                sendKeyToTerminal(unsigned char)
                0x00000000c0015d3a                sendKeyboardToken(KeyboardToken)
                0x00000000c0016177                clearInternalKeybuffer(VgaText*)
                0x00000000c00161ac                readKeyboard(VgaText*, char*, unsigned long)
                0x00000000c0016254                Keyboard::Keyboard(char const*)
                0x00000000c0016254                Keyboard::Keyboard(char const*)
                0x00000000c0016290                Keyboard::~Keyboard()
                0x00000000c0016290                Keyboard::~Keyboard()
                0x00000000c00162b4                Keyboard::~Keyboard()
 .text          0x00000000c00162de      0x414 hal/logidisk.32
                0x00000000c00162de                LogicalDisk::close(int, int, void*)
                0x00000000c00162e2                LogicalDisk::~LogicalDisk()
                0x00000000c00162e2                LogicalDisk::~LogicalDisk()
                0x00000000c0016306                LogicalDisk::~LogicalDisk()
                0x00000000c0016330                LogicalDisk::open(int, int, void*)
                0x00000000c0016344                LogicalDisk::absoluteToRelative(unsigned long long)
                0x00000000c001637c                LogicalDisk::relativeToAbsolute(unsigned long long)
                0x00000000c00163c2                LogicalDisk::LogicalDisk(char const*, PhysicalDisk*, unsigned long long, unsigned long long)
                0x00000000c00163c2                LogicalDisk::LogicalDisk(char const*, PhysicalDisk*, unsigned long long, unsigned long long)
                0x00000000c0016478                LogicalDisk::assignDriveLetter()
                0x00000000c001652e                LogicalDisk::mount()
                0x00000000c00165a0                LogicalDisk::unmount()
                0x00000000c00165b0                LogicalDisk::eject()
                0x00000000c00165c4                LogicalDisk::unassignDriveLetter()
                0x00000000c001661a                LogicalDisk::read(unsigned long long, int, void*)
                0x00000000c0016686                LogicalDisk::write(unsigned long long, int, void*)
 .text          0x00000000c00166f2       0x84 hal/mouse.32
                0x00000000c00166f2                Mouse::Mouse(char const*)
                0x00000000c00166f2                Mouse::Mouse(char const*)
                0x00000000c0016728                Mouse::~Mouse()
                0x00000000c0016728                Mouse::~Mouse()
                0x00000000c001674c                Mouse::~Mouse()
 .text          0x00000000c0016776      0x34d hal/partition.32
                0x00000000c0016776                makePartition(PhysicalDisk*, unsigned long long, unsigned long long)
                0x00000000c0016832                createPartitionsForDisk(PhysicalDisk*)
 *fill*         0x00000000c0016ac3        0x1 
 .text          0x00000000c0016ac4       0x84 hal/serial.32
                0x00000000c0016ac4                Serial::Serial(char const*)
                0x00000000c0016ac4                Serial::Serial(char const*)
                0x00000000c0016afa                Serial::~Serial()
                0x00000000c0016afa                Serial::~Serial()
                0x00000000c0016b1e                Serial::~Serial()
 .text          0x00000000c0016b48      0x2b8 hal/timer.32
                0x00000000c0016b48                Timer::Timer(char const*)
                0x00000000c0016b48                Timer::Timer(char const*)
                0x00000000c0016b7e                Timer::~Timer()
                0x00000000c0016b7e                Timer::~Timer()
                0x00000000c0016ba2                Timer::~Timer()
                0x00000000c0016bcc                Timer::read()
                0x00000000c0016bd7                timerHandler(unsigned long long)
                0x00000000c0016d0e                setupTimer(int)
 .text          0x00000000c0016e00      0x425 hal/vcache.32
                0x00000000c0016e00                VCache::VCache(PhysicalDisk*)
                0x00000000c0016e00                VCache::VCache(PhysicalDisk*)
                0x00000000c0016f68                VCache::invalidateReadBuffer()
                0x00000000c0016f78                VCache::writeWriteBuffer()
                0x00000000c0016fb4                VCache::~VCache()
                0x00000000c0016fb4                VCache::~VCache()
                0x00000000c0017008                VCache::~VCache()
                0x00000000c0017030                VCache::write(unsigned long long, int, void*)
                0x00000000c0017126                VCache::read(unsigned long long, int, void*)
 *fill*         0x00000000c0017225        0x1 
 .text          0x00000000c0017226      0x4cd hal/video.32
                0x00000000c0017226                Video::putrect(int, int, int, int, unsigned int)
                0x00000000c0017272                Video::bitblit(int, int, int, int, int, int, int, unsigned int*)
                0x00000000c00172e2                Video::blit(unsigned int*, int, int, int, int)
                0x00000000c0017360                Video::clearScreen(unsigned int)
                0x00000000c0017394                Video::putpixel(int, int, unsigned int)
                0x00000000c00173a2                Video::Video(char const*)
                0x00000000c00173a2                Video::Video(char const*)
                0x00000000c00173d8                Video::~Video()
                0x00000000c00173d8                Video::~Video()
                0x00000000c00173fc                Video::~Video()
                0x00000000c0017426                Video::isMonochrome()
                0x00000000c0017432                Video::getWidth()
                0x00000000c001743e                Video::getHeight()
                0x00000000c001744a                Video::drawCursor(int, int, unsigned char*, int)
                0x00000000c0017506                Video::tgaParse(unsigned char*, int, int*, int*)
                0x00000000c0017688                Video::putTGA(int, int, unsigned char*, int)
 *fill*         0x00000000c00176f3        0x1 
 .text          0x00000000c00176f4      0xf68 hw/acpi.32
                0x00000000c00176f4                ACPI::close(int, int, void*)
                0x00000000c00177a9                findRSDP()
                0x00000000c0017833                loadACPITables(unsigned char*)
                0x00000000c0017a5a                findRSDT(unsigned char*)
                0x00000000c0017b78                findDataTable(unsigned char*, char*)
                0x00000000c0017c14                scanMADT()
                0x00000000c001809a                ACPI::ACPI()
                0x00000000c001809a                ACPI::ACPI()
                0x00000000c0018104                ACPI::getPCIIRQAssignment(unsigned char, unsigned short, unsigned char)
                0x00000000c00181e6                ACPI::registerPCIIRQAssignment(void*, unsigned short, unsigned char, unsigned char)
                0x00000000c00182ac                ACPI::setScreenBrightnessLevel(void*, int)
                0x00000000c00182b2                ACPI::writeSimpleBootFlag(SimpleBootFlagTable*)
                0x00000000c00182fa                ACPI::open(int, int, void*)
                0x00000000c0018644                ACPI::sleep()
 .text          0x00000000c001865c     0x1715 hw/cpu.32
                0x00000000c001865c                CPU::close(int, int, void*)
                0x00000000c0018660                CPU::lookupAMDName(unsigned char, unsigned char)
                0x00000000c00187f4                CPU::lookupIntelName(unsigned char, unsigned char)
                0x00000000c0018aa2                CPU::AMD_K6_write_msr(unsigned int, unsigned int, unsigned int, CPU::REGS*)
                0x00000000c0018abe                CPU::AMD_K6_read_msr(unsigned int, CPU::REGS*)
                0x00000000c0018ad6                CPU::AMD_K6_writeback(int, int, int)
                0x00000000c0018b4a                CPU::cpuid(int, unsigned long*, unsigned long*, unsigned long*, unsigned long*)
                0x00000000c0018bce                CPU::cpuidCheckEDX(unsigned int)
                0x00000000c0018bfc                CPU::cpuidCheckECX(unsigned int)
                0x00000000c0018c2a                CPU::cpuidCheckExtendedEBX(unsigned int)
                0x00000000c0018c58                CPU::cpuidCheckExtendedECX(unsigned int)
                0x00000000c0018c86                CPU::CPU()
                0x00000000c0018c86                CPU::CPU()
                0x00000000c0018d14                CPU::displayFeatures()
                0x00000000c0018f90                CPU::detectFeatures()
                0x00000000c0019980                CPU::setupSMEP()
                0x00000000c001998c                CPU::setupUMIP()
                0x00000000c0019996                CPU::setupTSC()
                0x00000000c00199a0                CPU::setupLargePages()
                0x00000000c00199aa                CPU::setupPAT()
                0x00000000c00199e6                CPU::setupMTRR()
                0x00000000c00199e8                CPU::setupGlobalPages()
                0x00000000c00199f2                CPU::allowUsermodeDataAccess()
                0x00000000c0019a04                CPU::prohibitUsermodeDataAccess()
                0x00000000c0019a16                CPU::setupSMAP()
                0x00000000c0019a24                CPU::setupFeatures()
                0x00000000c0019aa4                CPU::open(int, int, void*)
                0x00000000c0019b76                CPU::decodeAddress(regs*, int*, bool*, unsigned char*)
 .text          0x00000000c0019d71        0x0 hw/ports.32
 .text          0x00000000c0019d71      0x16a hw/smp.32
                0x00000000c0019d71                Krnl::smpEntry()
                0x00000000c0019d73                Krnl::startCPU(int)
                0x00000000c0019ebc                Krnl::startCPUs()
 *fill*         0x00000000c0019edb        0x1 
 .text          0x00000000c0019edc      0x5d3 krnl/env.32
                0x00000000c0019edc                EnvVarContainer::getEnv(char const*)
                0x00000000c0019f1a                EnvVarContainer::setEnv(char const*, char const*)
                0x00000000c0019fe6                EnvVarContainer::deleteEnv(char const*)
                0x00000000c0019fe8                EnvVarContainer::loadFrom(char const*, char const*)
                0x00000000c001a1de                EnvVarContainer::__loadSystem()
                0x00000000c001a1f8                EnvVarContainer::__loadUser()
                0x00000000c001a1fa                EnvVarContainer::EnvVarContainer(Process*)
                0x00000000c001a1fa                EnvVarContainer::EnvVarContainer(Process*)
                0x00000000c001a21c                EnvVarContainer::~EnvVarContainer()
                0x00000000c001a21c                EnvVarContainer::~EnvVarContainer()
                0x00000000c001a24c                Krnl::getEnv(Process*, char const*)
                0x00000000c001a2b1                Krnl::setEnvSystem(char const*, char const*)
                0x00000000c001a2cb                Krnl::setEnvUser(char const*, char const*)
                0x00000000c001a2ea                Krnl::setEnvProcess(Process*, char const*, char const*)
                0x00000000c001a2fd                Krnl::deleteEnvSystem(char const*)
                0x00000000c001a2fe                Krnl::deleteEnvUser(char const*)
                0x00000000c001a2ff                Krnl::deleteEnvProcess(Process*, char const*)
                0x00000000c001a300                Krnl::newProcessEnv(Process*)
                0x00000000c001a322                Krnl::copyProcessEnv(Process*, Process*)
                0x00000000c001a376                Krnl::loadSystemEnv()
                0x00000000c001a3a4                Krnl::loadUserEnv()
                0x00000000c001a3ca                Krnl::flushEnv()
                0x00000000c001a3cb                Krnl::getProcessTotalEnvCount(Process*)
                0x00000000c001a3eb                Krnl::getProcessEnvPair(Process*, int)
 .text          0x00000000c001a4af      0x396 krnl/panic.32
                0x00000000c001a4af                Krnl::panic(char const*)
 .text          0x00000000c001a845      0x3b6 net/ethernet.32
                0x00000000c001a845                Net::switchEndian16(unsigned short)
                0x00000000c001a866                Net::switchEndian32(unsigned int)
                0x00000000c001a895                Net::crc32Calc(unsigned char*, int)
                0x00000000c001a926                Net::wrapEthernetFrame(Net::UnwrappedEthernetFrame, unsigned char*)
                0x00000000c001aa62                Net::unwrapEthernetFrame(unsigned char*, int)
 .text          0x00000000c001abfb      0x513 reg/registry.32
                0x00000000c001abfb                Reg::findLineFromLoadedData(char*, char*, char*)
                0x00000000c001ad53                Reg::getLineFromRegistry(char*, char*, char*, char*)
                0x00000000c001aea8                Reg::getLine(char*, char*, char*)
                0x00000000c001aedf                Reg::readInt(char*, char*, int*)
                0x00000000c001afca                Reg::readString(char*, char*, char*, int)
                0x00000000c001b04b                Reg::readBool(char*, char*, bool*)
                0x00000000c001b070                Reg::readBoolWithDefault(char*, char*, bool)
                0x00000000c001b09c                Reg::readIntWithDefault(char*, char*, int)
                0x00000000c001b0c8                Reg::readStringWithDefault(char*, char*, char*, int, char*)
 .text          0x00000000c001b10e       0x36 sys/sc_eject.32
                0x00000000c001b10e                Sys::eject(regs*)
 .text          0x00000000c001b144       0x18 sys/sc_exit.32
                0x00000000c001b144                Sys::exit(regs*)
 .text          0x00000000c001b15c       0x1f sys/sc_getcwd.32
                0x00000000c001b15c                Sys::getCwd(regs*)
 .text          0x00000000c001b17b        0xc sys/sc_getpid.32
                0x00000000c001b17b                Sys::getPID(regs*)
 .text          0x00000000c001b187       0x17 sys/sc_getramdata.32
                0x00000000c001b187                Sys::getRAMData(regs*)
 .text          0x00000000c001b19e       0xa8 sys/sc_loaddll.32
                0x00000000c001b19e                Sys::loadDLL(regs*)
 .text          0x00000000c001b246       0x68 sys/sc_read.32
                0x00000000c001b246                Sys::read(regs*)
 .text          0x00000000c001b2ae       0x55 sys/sc_sbrk.32
                0x00000000c001b2ae                Sys::sbrk(regs*)
 .text          0x00000000c001b303       0x1c sys/sc_setcwd.32
                0x00000000c001b303                Sys::setCwd(regs*)
 .text          0x00000000c001b31f      0x128 sys/sc_settime.32
                0x00000000c001b31f                Sys::setTime(regs*)
 .text          0x00000000c001b447       0x4a sys/sc_timezone.32
                0x00000000c001b447                Sys::timezone(regs*)
 .text          0x00000000c001b491       0x68 sys/sc_write.32
                0x00000000c001b491                Sys::write(regs*)
 .text          0x00000000c001b4f9       0x62 sys/sc_wsbe.32
                0x00000000c001b4f9                Sys::wsbe(regs*)
 .text          0x00000000c001b55b       0x3b sys/sc_yield.32
                0x00000000c001b55b                Sys::yield(regs*)
 .text          0x00000000c001b596     0x10e5 sys/syscalls.32
                0x00000000c001b596                sysCallSeekDir(regs*)
                0x00000000c001b59b                sysCallTellDir(regs*)
                0x00000000c001b5a0                sysCallVerify(regs*)
                0x00000000c001b5aa                sysFormatDisk(regs*)
                0x00000000c001b614                sysSetDiskVolumeLabel(regs*)
                0x00000000c001b65a                sysGetDiskVolumeLabel(regs*)
                0x00000000c001b6ab                sysShutdown(regs*)
                0x00000000c001b709                sysCallRealpath(regs*)
                0x00000000c001b74c                sysCallGetArgc(regs*)
                0x00000000c001b77a                sysCallReadDir(regs*)
                0x00000000c001b808                sysCallIsATTY(regs*)
                0x00000000c001b862                sysCallSeek(regs*)
                0x00000000c001b8cb                sysCallTell(regs*)
                0x00000000c001b948                sysCallSize(regs*)
                0x00000000c001b9cb                sysCallSizeFromFilename(regs*)
                0x00000000c001ba8b                sysCallClose(regs*)
                0x00000000c001bb13                sysCallOpenDir(regs*)
                0x00000000c001bb88                sysCallCloseDir(regs*)
                0x00000000c001bbee                sysCallMakeDir(regs*)
                0x00000000c001bc5e                sysCallWait(regs*)
                0x00000000c001bc78                sysCallNotImpl(regs*)
                0x00000000c001bc93                sysPanic(regs*)
                0x00000000c001bcb9                sysCallRmdir(regs*)
                0x00000000c001bd1d                sysCallUnlink(regs*)
                0x00000000c001bd81                sysCallGetArgv(regs*)
                0x00000000c001bdcd                sysCallTTYName(regs*)
                0x00000000c001be50                sysCallUSleep(regs*)
                0x00000000c001be77                sysCallSpawn(regs*)
                0x00000000c001becf                sysCallGetEnv(regs*)
                0x00000000c001c007                sysAppSettings(regs*)
                0x00000000c001c126                sysSetFatAttrib(regs*)
                0x00000000c001c198                sysPipe(regs*)
                0x00000000c001c1dd                sysGetUnixTime(regs*)
                0x00000000c001c1f1                string_ends_with(char const*, char const*)
                0x00000000c001c239                sysCallOpen(regs*)
                0x00000000c001c44e                Sys::loadSyscalls()
                0x00000000c001c639                Sys::systemCall(regs*, void*)
 .text          0x00000000c001c67b     0x11ef thr/elf.32
                0x00000000c001c67b                Thr::allocateMemoryForTask(Process*, File*, unsigned long, unsigned long, unsigned long)
                0x00000000c001c90d                Thr::loadProgramIntoMemory(Process*, char const*)
                0x00000000c001cb23                Thr::runtimeReferenceHelper()
                0x00000000c001cb36                Thr::getAddressOfKernelSymbol(char const*)
                0x00000000c001cb85                Thr::loadKernelSymbolTable(char const*)
                0x00000000c001ce43                Thr::loadDriverIntoMemory(char const*, unsigned long, bool)
                0x00000000c001d55f                Thr::getDriverBaseFromAddress(unsigned long)
                0x00000000c001d591                Thr::getDriverNameFromAddress(unsigned long)
                0x00000000c001d5c8                Thr::getDriverOffsetFromAddress(unsigned long)
                0x00000000c001d5e2                Thr::loadDLL(char const*, bool)
                0x00000000c001d831                Thr::executeDLL(unsigned long, void*)
 .text          0x00000000c001d86a     0x105a thr/prcssthr.32
                0x00000000c001d86a                changeTSS
                0x00000000c001d89a                Process::addArgs(char**)
                0x00000000c001d8f4                Process::Process(char const*, Process*, char**)
                0x00000000c001d8f4                Process::Process(char const*, Process*, char**)
                0x00000000c001dada                Process::Process(bool, char const*, Process*, char**)
                0x00000000c001dada                Process::Process(bool, char const*, Process*, char**)
                0x00000000c001dc8c                disableIRQs()
                0x00000000c001dc94                getIRQNestingLevel()
                0x00000000c001dc9a                enableIRQs()
                0x00000000c001dca9                lockScheduler()
                0x00000000c001dcab                unlockScheduler()
                0x00000000c001dcad                userModeEntryPoint(void*)
                0x00000000c001dcd0                lockStuff()
                0x00000000c001dcdc                taskStartupFunction
                0x00000000c001dce5                updateTimeUsed()
                0x00000000c001dd4a                switchToThread(ThreadControlBlock*)
                0x00000000c001dd9a                Semaphore::Semaphore(int)
                0x00000000c001dd9a                Semaphore::Semaphore(int)
                0x00000000c001ddc8                Mutex::Mutex()
                0x00000000c001ddc8                Mutex::Mutex()
                0x00000000c001ddda                Process::createThread(void (*)(void*), void*, int)
                0x00000000c001debe                Process::createUserThread()
                0x00000000c001deda                setupMultitasking(void (*)())
                0x00000000c001dfe4                schedule()
                0x00000000c001e069                unlockStuff()
                0x00000000c001e09e                Semaphore::tryAcquire()
                0x00000000c001e0cc                Semaphore::assertLocked(char const*)
                0x00000000c001e0fc                blockTaskWithSchedulerLockAlreadyHeld(TaskState)
                0x00000000c001e13e                blockTask(TaskState)
                0x00000000c001e15f                waitTask(int, int*, int)
                0x00000000c001e1a1                nanoSleepUntil(unsigned long long)
                0x00000000c001e1f8                nanoSleep(unsigned long long)
                0x00000000c001e20d                sleep(unsigned long long)
                0x00000000c001e22a                Semaphore::acquire()
                0x00000000c001e292                taskReturned
                0x00000000c001e2c0                unblockTask(ThreadControlBlock*)
                0x00000000c001e36f                cleanupTerminatedTask(ThreadControlBlock*)
                0x00000000c001e639                cleanerTaskFunction(void*)
                0x00000000c001e6ec                terminateTask(int)
                0x00000000c001e7cc                Thr::terminateFromIRQ(int)
                0x00000000c001e7d8                Semaphore::release()
 .text          0x00000000c001e8c4      0xc26 vm86/vm8086.32
                0x00000000c001e8c4                Vm::inbv(unsigned short)
                0x00000000c001e8d7                Vm::outbv(unsigned short, unsigned char)
                0x00000000c001e92a                Vm::realToLinear(unsigned short, unsigned short)
                0x00000000c001e93a                Vm::getSegment(unsigned int)
                0x00000000c001e942                Vm::getOffset(unsigned int)
                0x00000000c001e947                Vm::mainloop2()
                0x00000000c001e982                Vm::mainVm8086Loop(void*)
                0x00000000c001e98f                Vm::mainloop3(unsigned long)
                0x00000000c001e9b9                Vm::initialise8086()
                0x00000000c001e9fc                Vm::finish8086()
                0x00000000c001ea41                Vm::getOutput8086(unsigned char*)
                0x00000000c001ea6b                Vm::start8086(char const*, unsigned short, unsigned short, unsigned short, unsigned short)
                0x00000000c001ebbb                Vm::doISR(regs*, int, unsigned char*, unsigned short, unsigned short)
                0x00000000c001ec45                Vm::readByteFromReal(unsigned short, unsigned short)
                0x00000000c001ec56                Vm::readWordFromReal(unsigned short, unsigned short)
                0x00000000c001ec68                Vm::readDwordFromReal(unsigned short, unsigned short)
                0x00000000c001ec79                Vm::writeByteFromReal(unsigned short, unsigned short, unsigned char)
                0x00000000c001ec8e                Vm::writeWordFromReal(unsigned short, unsigned short, unsigned short)
                0x00000000c001eca4                Vm::writeDwordFromReal(unsigned short, unsigned short, unsigned int)
                0x00000000c001ecb9                Vm::faultHandler(regs*)
 .text          0x00000000c001f4ea      0xf2b vm86/x87em.32
                0x00000000c001f4ea                Vm::x87Save(void*)
                0x00000000c001f501                Vm::x87Load(void*)
                0x00000000c001f518                Vm::fpuInternalTo32(unsigned long long)
                0x00000000c001f573                Vm::fpuInternalTo64(unsigned long long)
                0x00000000c001f57c                Vm::fpu32ToInternal(unsigned int)
                0x00000000c001f5c1                Vm::fpu64ToInternal(unsigned long long)
                0x00000000c001f5ca                Vm::fpuFloatToLong(unsigned long long)
                0x00000000c001f625                Vm::fpuULongToFloat(unsigned long long)
                0x00000000c001f65b                Vm::fpuLongToFloat(long long)
                0x00000000c001f6b1                Vm::fpuGet0()
                0x00000000c001f6b6                Vm::fpuGet1()
                0x00000000c001f6be                Vm::fpuGetPi()
                0x00000000c001f6c6                Vm::fpuGetLog2E()
                0x00000000c001f6de                Vm::fpuGetLogE2()
                0x00000000c001f6f6                Vm::fpuGetLog210()
                0x00000000c001f70e                Vm::fpuGetLog102()
                0x00000000c001f726                Vm::fpuIsSecondLarger(unsigned long long, unsigned long long)
                0x00000000c001f73a                Vm::fpuAreEqual(unsigned long long, unsigned long long)
                0x00000000c001f750                Vm::fpuUnorderedCompare(unsigned long long, unsigned long long)
                0x00000000c001f7a3                Vm::fpuAdd(unsigned long long, unsigned long long)
                0x00000000c001f7b4                Vm::fpuAbs(unsigned long long)
                0x00000000c001f7bd                Vm::fpuChs(unsigned long long)
                0x00000000c001f7cd                Vm::fpuSub(unsigned long long, unsigned long long)
                0x00000000c001f7dc                Vm::fpuMultiply(unsigned long long, unsigned long long)
                0x00000000c001f7fb                Vm::fpuDivide(unsigned long long, unsigned long long)
                0x00000000c001f817                Vm::fpuSquare(unsigned long long)
                0x00000000c001f82d                Vm::fpuGetReg(int)
                0x00000000c001f870                Vm::fpuSetReg(int, unsigned long long)
                0x00000000c001f8bb                Vm::fpuPush(unsigned long long)
                0x00000000c001f918                Vm::fpuPop()
                0x00000000c001f96a                Vm::x87Handler(regs*)
 *fill*         0x00000000c0020415        0x1 
 .text          0x00000000c0020416     0x10ed fs/fat/vfslink.32
                0x00000000c0020416                FAT::getName()
                0x00000000c002041c                FAT::tell(void*, unsigned long long*)
                0x00000000c0020450                FAT::stat(void*, unsigned long long*)
                0x00000000c0020484                FAT::~FAT()
                0x00000000c0020484                FAT::~FAT()
                0x00000000c00204a8                FAT::~FAT()
                0x00000000c00204d0                FAT::getlabel(LogicalDisk*, int, char*, unsigned int*)
                0x00000000c002056e                FAT::setlabel(LogicalDisk*, int, char*)
                0x00000000c0020628                FAT::format(LogicalDisk*, int, char const*, int)
                0x00000000c002080c                FAT::tryMount(LogicalDisk*, int)
                0x00000000c0020a12                FAT::readDir(void*, unsigned long, void*, int*)
                0x00000000c0020b18                FAT::read(void*, unsigned long, void*, int*)
                0x00000000c0020b72                FAT::write(void*, unsigned long, void*, int*)
                0x00000000c0020bcc                FAT::close(void*)
                0x00000000c0020c18                FAT::closeDir(void*)
                0x00000000c0020c64                FAT::seek(void*, unsigned long long)
                0x00000000c0020cb8                fatWrapperReadDisk
                0x00000000c0020cff                fatWrapperWriteDisk
                0x00000000c0020d46                fatWrapperIoctl
                0x00000000c0020e4a                FAT::FAT()
                0x00000000c0020e4a                FAT::FAT()
                0x00000000c0020e9c                FAT::fixFilepath(char*)
                0x00000000c0020ed4                FAT::open(char const*, void**, FileOpenMode)
                0x00000000c0020ffc                FAT::openDir(char const*, void**)
                0x00000000c00210a2                FAT::stat(char const*, unsigned long long*, bool*)
                0x00000000c002118c                FAT::unlink(char const*)
                0x00000000c0021206                FAT::chfatattr(char const*, unsigned char, unsigned char)
                0x00000000c002135a                FAT::rename(char const*, char const*)
                0x00000000c002141e                FAT::mkdir(char const*)
                0x00000000c0021498                FAT::exists(char const*)
 *fill*         0x00000000c0021503        0x1 
 .text          0x00000000c0021504      0xbc1 fs/iso9660/vfslink.32
                0x00000000c0021504                ISO9660::format(LogicalDisk*, int, char const*, int)
                0x00000000c002150a                ISO9660::seek(void*, unsigned long long)
                0x00000000c002153a                ISO9660::tell(void*, unsigned long long*)
                0x00000000c002155e                ISO9660::getName()
                0x00000000c0021564                ISO9660::stat(void*, unsigned long long*)
                0x00000000c0021588                ISO9660::chfatattr(char const*, unsigned char, unsigned char)
                0x00000000c002158e                ISO9660::unlink(char const*)
                0x00000000c0021594                ISO9660::write(void*, unsigned long, void*, int*)
                0x00000000c002159a                ISO9660::rename(char const*, char const*)
                0x00000000c00215a0                ISO9660::mkdir(char const*)
                0x00000000c00215a6                ISO9660::close(void*)
                0x00000000c00215c8                ISO9660::closeDir(void*)
                0x00000000c00215ea                ISO9660::~ISO9660()
                0x00000000c00215ea                ISO9660::~ISO9660()
                0x00000000c002160e                ISO9660::~ISO9660()
                0x00000000c0021635                __memmem(unsigned char*, int, unsigned char*, int)
                0x00000000c0021677                readSectorFromCDROM(unsigned int, unsigned char*, char)
                0x00000000c00216de                ISO9660::tryMount(LogicalDisk*, int)
                0x00000000c002172e                ISO9660::read(void*, unsigned long, void*, int*)
                0x00000000c002192e                ISO9660::readDir(void*, unsigned long, void*, int*)
                0x00000000c0021bbb                readRoot(unsigned int*, unsigned int*, char)
                0x00000000c0021c10                readRecursively(char*, unsigned int, unsigned int, unsigned int*, unsigned int*, char, int*)
                0x00000000c0021de3                getFileData(char*, unsigned int*, unsigned int*, char, int*)
                0x00000000c0021e72                ISO9660::open(char const*, void**, FileOpenMode)
                0x00000000c0021f32                ISO9660::exists(char const*)
                0x00000000c0021f56                ISO9660::stat(char const*, unsigned long long*, bool*)
                0x00000000c0021fea                ISO9660::openDir(char const*, void**)
                0x00000000c00220a2                ISO9660::ISO9660()
                0x00000000c00220a2                ISO9660::ISO9660()
 *fill*         0x00000000c00220c5        0x1 
 .text          0x00000000c00220c6      0x326 hal/sound/sndchannel.32
                0x00000000c00220c6                SoundChannel::~SoundChannel()
                0x00000000c00220c6                SoundChannel::~SoundChannel()
                0x00000000c00220e2                SoundChannel::setSpeed(float)
                0x00000000c00220ee                SoundChannel::getSpeed()
                0x00000000c00220f6                SoundChannel::setVolume(int)
                0x00000000c0022112                SoundChannel::getVolume()
                0x00000000c002211a                SoundChannel::pause()
                0x00000000c0022124                SoundChannel::SoundChannel(int, int, int, int)
                0x00000000c0022124                SoundChannel::SoundChannel(int, int, int, int)
                0x00000000c002227a                SoundChannel::play()
                0x00000000c0022284                SoundChannel::paused()
                0x00000000c002228c                SoundChannel::getSampleRate()
                0x00000000c0022294                SoundChannel::getBits()
                0x00000000c002229c                SoundChannel::getBufferUsed()
                0x00000000c00222a4                SoundChannel::getBufferSize()
                0x00000000c00222ac                SoundChannel::unbuffer(float*, int, int)
                0x00000000c002234c                SoundChannel::buffer8(unsigned char*, int)
 .text          0x00000000c00223ec      0x3d5 hal/sound/sndhw.32
                0x00000000c00223ec                SoundDevice::SoundDevice(char const*)
                0x00000000c00223ec                SoundDevice::SoundDevice(char const*)
                0x00000000c0022458                SoundDevice::~SoundDevice()
                0x00000000c0022458                SoundDevice::~SoundDevice()
                0x00000000c00224d2                SoundDevice::~SoundDevice()
                0x00000000c00224fc                SoundDevice::getFreeChannelNum()
                0x00000000c0022516                SoundDevice::addChannel(SoundChannel*)
                0x00000000c0022586                SoundDevice::removeChannel(int)
                0x00000000c00225b8                SoundDevice::floatTo8(float*, unsigned char*, int)
                0x00000000c00226a0                SoundDevice::getAudio(int, float*, float*)
 .text          0x00000000c00227c1        0x0 hw/bus/isa.32
 *fill*         0x00000000c00227c1        0x1 
 .text          0x00000000c00227c2      0x6c3 hw/bus/pci.32
                0x00000000c00227c2                PCI::open(int, int, void*)
                0x00000000c00227d6                PCI::close(int, int, void*)
                0x00000000c00227da                PCI::PCI()
                0x00000000c00227da                PCI::PCI()
                0x00000000c002285a                PCI::pciReadWord(unsigned char, unsigned char, unsigned char, unsigned char)
                0x00000000c00228a2                PCI::getVendorID(unsigned char, unsigned char, unsigned char)
                0x00000000c00228c4                PCI::getHeaderType(unsigned char, unsigned char, unsigned char)
                0x00000000c00228e8                PCI::getClassCode(unsigned char, unsigned char, unsigned char)
                0x00000000c002292c                PCI::getProgIF(unsigned char, unsigned char, unsigned char)
                0x00000000c0022950                PCI::getRevisionID(unsigned char, unsigned char, unsigned char)
                0x00000000c0022972                PCI::getInterruptNumber(unsigned char, unsigned char, unsigned char)
                0x00000000c0022994                PCI::getSecondaryBus(unsigned char, unsigned char, unsigned char)
                0x00000000c00229b8                PCI::getBARAddress(unsigned char, unsigned char, unsigned char, unsigned char)
                0x00000000c0022a18                PCI::pciWriteWord(unsigned char, unsigned char, unsigned char, unsigned char, unsigned short)
                0x00000000c0022a84                PCI::checkBus(unsigned char)
                0x00000000c0022aa8                PCI::foundDevice(PCIDeviceInfo)
                0x00000000c0022c1a                PCI::getDeviceData(unsigned char, unsigned char, unsigned char)
                0x00000000c0022dc6                PCI::checkDevice(unsigned char, unsigned char)
                0x00000000c0022e32                PCI::detect()
 *fill*         0x00000000c0022e85        0x1 
 .text          0x00000000c0022e86      0xc70 hw/diskctrl/ide.32
                0x00000000c0022e86                IDE::close(int, int, void*)
                0x00000000c0022e8a                IDE::IDE()
                0x00000000c0022e8a                IDE::IDE()
                0x00000000c0022ebe                IDE::prepareInterrupt(unsigned char)
                0x00000000c0022ed0                selectDrive(unsigned char, unsigned char)
                0x00000000c0022ed2                IDE::getBase(unsigned char)
                0x00000000c0022ee4                IDE::write(unsigned char, unsigned char, unsigned char)
                0x00000000c0022fa4                IDE::read(unsigned char, unsigned char)
                0x00000000c0023052                IDE::waitInterrupt(unsigned char)
                0x00000000c00230b8                ideChannel0IRQHandler(regs*, void*)
                0x00000000c00230d4                ideChannel1IRQHandler(regs*, void*)
                0x00000000c00230f0                IDE::enableIRQs(unsigned char, bool)
                0x00000000c0023136                IDE::open(int, int, void*)
                0x00000000c0023546                IDE::readBuffer(unsigned char, unsigned char, unsigned int, unsigned int)
                0x00000000c0023612                IDE::detect()
                0x00000000c00238fa                IDE::printError(unsigned char, unsigned char, unsigned char)
                0x00000000c0023a90                IDE::polling(unsigned char, unsigned int)
 .text          0x00000000c0023af6      0x390 hw/diskctrl/satabus.32
                0x00000000c0023af6                SATABus::close(int, int, void*)
                0x00000000c0023afa                SATABus::detect()
                0x00000000c0023afc                SATABus::SATABus()
                0x00000000c0023afc                SATABus::SATABus()
                0x00000000c0023ba8                SATABus::findCmdslot(SATABus::tagHBA_PORT volatile*)
                0x00000000c0023bf0                SATABus::checkType(SATABus::tagHBA_PORT volatile*)
                0x00000000c0023c38                SATABus::startCmd(SATABus::tagHBA_PORT volatile*)
                0x00000000c0023c58                SATABus::stopCmd(SATABus::tagHBA_PORT volatile*)
                0x00000000c0023c82                SATABus::portRebase(SATABus::tagHBA_PORT volatile*, int)
                0x00000000c0023d88                SATABus::probePort(SATABus::tagHBA_MEM volatile*)
                0x00000000c0023e66                SATABus::open(int, int, void*)
 .text          0x00000000c0023e86      0x63c hw/diskphys/ata.32
                0x00000000c0023e86                ATA::close(int, int, void*)
                0x00000000c0023eaa                ATA::powerSaving(PowerSavingLevel)
                0x00000000c0023eac                ATA::ATA()
                0x00000000c0023eac                ATA::ATA()
                0x00000000c0023eda                ATA::flush(bool)
                0x00000000c0023f24                ATA::readyForCommand()
                0x00000000c0023f74                ATA::access(unsigned long long, int, void*, bool)
                0x00000000c00242fc                ATA::read(unsigned long long, int, void*)
                0x00000000c0024364                ATA::write(unsigned long long, int, void*)
                0x00000000c00243cc                ATA::detectCHS()
                0x00000000c00243f6                ATA::open(int, int, void*)
 .text          0x00000000c00244c2      0x5bd hw/diskphys/atapi.32
                0x00000000c00244c2                ATAPI::write(unsigned long long, int, void*)
                0x00000000c00244c8                ATAPI::close(int, int, void*)
                0x00000000c00244ec                ATAPI::ATAPI()
                0x00000000c00244ec                ATAPI::ATAPI()
                0x00000000c002451a                ATAPI::readyForCommand()
                0x00000000c002456a                ATAPI::sendPacket(unsigned char*, int, bool, unsigned short*, int)
                0x00000000c002482a                ATAPI::diskRemoved()
                0x00000000c0024846                ATAPI::eject()
                0x00000000c002488e                ATAPI::diskInserted()
                0x00000000c00248bc                ATAPI::detectMedia()
                0x00000000c0024978                ATAPI::open(int, int, void*)
                0x00000000c0024a00                ATAPI::read(unsigned long long, int, void*)
 *fill*         0x00000000c0024a7f        0x1 
 .text          0x00000000c0024a80      0x455 hw/diskphys/sata.32
                0x00000000c0024a80                SATA::close(int, int, void*)
                0x00000000c0024aa4                SATA::powerSaving(PowerSavingLevel)
                0x00000000c0024aa6                SATA::open(int, int, void*)
                0x00000000c0024b54                SATA::SATA()
                0x00000000c0024b54                SATA::SATA()
                0x00000000c0024b82                SATA::access(unsigned long long, int, void*, bool)
                0x00000000c0024de8                SATA::read(unsigned long long, int, void*)
                0x00000000c0024e50                SATA::write(unsigned long long, int, void*)
 *fill*         0x00000000c0024ed5        0x1 
 .text          0x00000000c0024ed6      0x500 hw/diskphys/satapi.32
                0x00000000c0024ed6                SATAPI::write(unsigned long long, int, void*)
                0x00000000c0024edc                SATAPI::close(int, int, void*)
                0x00000000c0024f00                SATAPI::SATAPI()
                0x00000000c0024f00                SATAPI::SATAPI()
                0x00000000c0024f2e                SATAPI::diskRemoved()
                0x00000000c0024f4a                SATAPI::diskInserted()
                0x00000000c0024f78                SATAPI::sendPacket(unsigned char*, int, unsigned long long, unsigned short*, int)
                0x00000000c002517c                SATAPI::eject()
                0x00000000c00251c4                SATAPI::detectMedia()
                0x00000000c0025286                SATAPI::open(int, int, void*)
                0x00000000c0025334                SATAPI::read(unsigned long long, int, void*)
 .text          0x00000000c00253d6       0x8e hw/fpu/avx.32
                0x00000000c00253d6                AVX::open(int, int, void*)
                0x00000000c00253e8                AVX::close(int, int, void*)
                0x00000000c00253fa                AVX::available()
                0x00000000c002540c                AVX::save(void*)
                0x00000000c0025424                AVX::load(void*)
                0x00000000c002543c                AVX::AVX()
                0x00000000c002543c                AVX::AVX()
 .text          0x00000000c0025464       0x90 hw/fpu/mmx.32
                0x00000000c0025464                MMX::available()
                0x00000000c0025478                MMX::open(int, int, void*)
                0x00000000c002548a                MMX::close(int, int, void*)
                0x00000000c002549c                MMX::save(void*)
                0x00000000c00254b4                MMX::load(void*)
                0x00000000c00254cc                MMX::MMX()
                0x00000000c00254cc                MMX::MMX()
 .text          0x00000000c00254f4       0x96 hw/fpu/sse.32
                0x00000000c00254f4                SSE::open(int, int, void*)
                0x00000000c0025506                SSE::close(int, int, void*)
                0x00000000c0025518                SSE::available()
                0x00000000c0025532                SSE::save(void*)
                0x00000000c002554a                SSE::load(void*)
                0x00000000c0025562                SSE::SSE()
                0x00000000c0025562                SSE::SSE()
 .text          0x00000000c002558a       0x8e hw/fpu/x87.32
                0x00000000c002558a                x87::open(int, int, void*)
                0x00000000c002559c                x87::close(int, int, void*)
                0x00000000c00255ae                x87::available()
                0x00000000c00255c0                x87::save(void*)
                0x00000000c00255d8                x87::load(void*)
                0x00000000c00255f0                x87::x87()
                0x00000000c00255f0                x87::x87()
 .text          0x00000000c0025618      0x71e hw/intctrl/apic.32
                0x00000000c0025618                APIC::disable()
                0x00000000c002561a                APIC::close(int, int, void*)
                0x00000000c002563c                IOAPIC::close(int, int, void*)
                0x00000000c0025642                APIC::io_wait()
                0x00000000c0025648                APIC::getBase()
                0x00000000c002568a                APIC::eoi(unsigned char)
                0x00000000c00256b8                APIC::open(int, int, void*)
                0x00000000c0025806                IOAPIC::IOAPIC()
                0x00000000c0025806                IOAPIC::IOAPIC()
                0x00000000c002582e                APIC::APIC()
                0x00000000c002582e                APIC::APIC()
                0x00000000c002590a                IOAPIC::handlesGSIWithNumber(unsigned int)
                0x00000000c002593c                IOAPIC::read(int)
                0x00000000c0025964                IOAPIC::open(int, int, void*)
                0x00000000c0025a5a                IOAPIC::write(int, int)
                0x00000000c0025a86                IOAPIC::redirect(unsigned char, unsigned long long, unsigned char, bool, bool)
                0x00000000c0025b80                APIC::installIRQHandler(int, void (*)(regs*, void*), bool, void*)
 .text          0x00000000c0025d36      0x3d3 hw/intctrl/pic.32
                0x00000000c0025d36                PIC::disable()
                0x00000000c0025d64                PIC::close(int, int, void*)
                0x00000000c0025d86                PIC::PIC()
                0x00000000c0025d86                PIC::PIC()
                0x00000000c0025e5c                PIC::ioWait()
                0x00000000c0025e62                PIC::getIRQReg(int)
                0x00000000c0025ecc                PIC::eoi(unsigned char)
                0x00000000c0025f5e                PIC::remap()
                0x00000000c00260ca                PIC::open(int, int, void*)
 *fill*         0x00000000c0026109        0x1 
 .text          0x00000000c002610a      0x25e hw/timer/apictimer.32
                0x00000000c002610a                APICTimer::close(int, int, void*)
                0x00000000c0026110                apicTimerHandler(regs*, void*)
                0x00000000c002613e                APICTimer::write(int)
                0x00000000c0026242                APICTimer::open(int, int, void*)
                0x00000000c0026340                APICTimer::APICTimer()
                0x00000000c0026340                APICTimer::APICTimer()
 .text          0x00000000c0026368      0x1a7 hw/timer/pit.32
                0x00000000c0026368                PIT::write(int)
                0x00000000c00263e6                pitHandler(regs*, void*)
                0x00000000c0026412                PIT::open(int, int, void*)
                0x00000000c0026460                PIT::close(int, int, void*)
                0x00000000c0026490                PIT::PIT()
                0x00000000c0026490                PIT::PIT()
 *fill*         0x00000000c002650f        0x1 
 .text          0x00000000c0026510       0x1e hw/fpu/x86/avx.32
                0x00000000c0026510                avxDetect
                0x00000000c0026516                avxSave
                0x00000000c0026517                avxLoad
                0x00000000c0026518                avxInit
                0x00000000c0026519                avxClose
                0x00000000c002651a                wouldSheSayYes
 *fill*         0x00000000c002652e        0x2 
 .text          0x00000000c0026530       0x35 hw/fpu/x86/sse.32
                0x00000000c0026530                absolutelyNoChanceInHell
                0x00000000c0026530                sseDetect
                0x00000000c0026548                sseSave
                0x00000000c002654e                sseLoad
                0x00000000c0026554                sseInit
                0x00000000c0026564                sseClose
 *fill*         0x00000000c0026565        0xb 
 .text          0x00000000c0026570       0x47 hw/fpu/x86/x87.32
                0x00000000c0026576                x87Detect
                0x00000000c0026591                x87Save
                0x00000000c0026597                x87Load
                0x00000000c002659c                x87Init
                0x00000000c00265b6                x87Close
 *fill*         0x00000000c00265b7        0x1 
 .text          0x00000000c00265b8       0x25 /cygdrive/d/Users/Alex/Desktop/Toolchain/Output/bin/../lib/gcc/i386-banana/8.1.0/crtend.o
 .text          0x00000000c00265dd        0x0 crtn.32
 *fill*         0x00000000c00265dd        0x3 
 .text          0x00000000c00265e0      0x14b /cygdrive/d/Users/Alex/Desktop/Toolchain/Output/bin/../lib/gcc/i386-banana/8.1.0/libkgcc.a(_divdi3.o)
                0x00000000c00265e0                __divdi3
 *fill*         0x00000000c002672b        0x1 
 .text          0x00000000c002672c      0x17e /cygdrive/d/Users/Alex/Desktop/Toolchain/Output/bin/../lib/gcc/i386-banana/8.1.0/libkgcc.a(_moddi3.o)
                0x00000000c002672c                __moddi3
 *fill*         0x00000000c00268aa        0x2 
 .text          0x00000000c00268ac       0xff /cygdrive/d/Users/Alex/Desktop/Toolchain/Output/bin/../lib/gcc/i386-banana/8.1.0/libkgcc.a(_udivdi3.o)
                0x00000000c00268ac                __udivdi3
 *fill*         0x00000000c00269ab        0x1 
 .text          0x00000000c00269ac      0x11a /cygdrive/d/Users/Alex/Desktop/Toolchain/Output/bin/../lib/gcc/i386-banana/8.1.0/libkgcc.a(_umoddi3.o)
                0x00000000c00269ac                __umoddi3
 .text          0x00000000c0026ac6      0x96d D:/Users/Alex/Desktop/Banana/kernel/libsoftfp.a(sfieeelib.o)
                0x00000000c0026ac6                __addsf3
                0x00000000c0026dc8                __subsf3
                0x00000000c0026ddc                __negsf2
                0x00000000c0026de9                __mulsf3
                0x00000000c0026fac                __divsf3
                0x00000000c00271d7                __floatsisf
                0x00000000c002724b                __floatunsisf
                0x00000000c002728d                __fixsfsi
                0x00000000c00272ef                __fixunssfsi
                0x00000000c0027320                __cmpsf2
                0x00000000c00273b5                __eqsf2