Archive member included to satisfy reference by file (symbol)

/cygdrive/d/Users/Alex/Desktop/Toolchain/Output/bin/../lib/gcc/i386-banana/8.1.0/libkgcc.a(_divdi3.o)
                              fs/fat/ff.32 (__divdi3)
/cygdrive/d/Users/Alex/Desktop/Toolchain/Output/bin/../lib/gcc/i386-banana/8.1.0/libkgcc.a(_moddi3.o)
                              compat/resolve.32 (__moddi3)
/cygdrive/d/Users/Alex/Desktop/Toolchain/Output/bin/../lib/gcc/i386-banana/8.1.0/libkgcc.a(_udivdi3.o)
                              fs/fat/ff.32 (__udivdi3)
/cygdrive/d/Users/Alex/Desktop/Toolchain/Output/bin/../lib/gcc/i386-banana/8.1.0/libkgcc.a(_umoddi3.o)
                              compat/resolve.32 (__umoddi3)
D:/Users/Alex/Desktop/Banana/kernel/libsoftfp.a(sfieeelib.o)
                              hal/libresample/src_linear.32 (__subsf3)
D:/Users/Alex/Desktop/Banana/kernel/libsoftfp.a(dfieeelib.o)
                              hal/libresample/src_linear.32 (__adddf3)
D:/Users/Alex/Desktop/Banana/kernel/libsoftfp.a(sfdfcvt.o)
                              hal/libresample/samplerate.32 (__truncdfsf2)
D:/Users/Alex/Desktop/Banana/kernel/libk/libm32.a(s_fabs.c.o)
                              hal/libresample/samplerate.32 (fabs)
D:/Users/Alex/Desktop/Banana/kernel/libk/libm32.a(s_lrint.S.o)
                              hal/libresample/samplerate.32 (lrint)
D:/Users/Alex/Desktop/Banana/kernel/libk/libm32.a(s_lrintf.S.o)
                              hal/sound/sndhw.32 (lrintf)

Discarded input sections

 .comment       0x0000000000000000       0x12 /cygdrive/d/Users/Alex/Desktop/Toolchain/Output/bin/../lib/gcc/i386-banana/8.1.0/crtbegin.o
 .comment       0x0000000000000000       0x12 acpica/utclib.32
 .comment       0x0000000000000000       0x12 core/malloc.32
 .comment       0x0000000000000000       0x12 libk/string.32
 .comment       0x0000000000000000       0x12 fs/fat/diskio.32
 .comment       0x0000000000000000       0x12 fs/fat/ff.32
 .comment       0x0000000000000000       0x12 fs/fat/ffsystem.32
 .comment       0x0000000000000000       0x12 fs/fat/ffunicode.32
 .comment       0x0000000000000000       0x12 hal/libresample/samplerate.32
 .comment       0x0000000000000000       0x12 hal/libresample/src_linear.32
 .comment       0x0000000000000000       0x12 hal/libresample/src_sinc.32
 .comment       0x0000000000000000       0x12 hal/libresample/src_zoh.32
 .comment       0x0000000000000000       0x12 compat/inlines.32
 .comment       0x0000000000000000       0x12 compat/resolve.32
 .group         0x0000000000000000       0x14 core/computer.32
 .group         0x0000000000000000        0xc core/computer.32
 .comment       0x0000000000000000       0x12 core/computer.32
 .comment       0x0000000000000000       0x12 core/gdt.32
 .group         0x0000000000000000        0xc core/idle.32
 .comment       0x0000000000000000       0x12 core/idle.32
 .comment       0x0000000000000000       0x12 core/idt.32
 .comment       0x0000000000000000       0x12 core/kheap.32
 .comment       0x0000000000000000       0x12 core/main.32
 .comment       0x0000000000000000       0x12 core/physmgr.32
 .group         0x0000000000000000        0xc core/pipe.32
 .comment       0x0000000000000000       0x12 core/pipe.32
 .group         0x0000000000000000        0xc core/terminal.32
 .comment       0x0000000000000000       0x12 core/terminal.32
 .comment       0x0000000000000000       0x12 core/tss.32
 .group         0x0000000000000000        0x8 core/unixfile.32
 .group         0x0000000000000000        0xc core/unixfile.32
 .group         0x0000000000000000        0xc core/unixfile.32
 .group         0x0000000000000000        0x8 core/unixfile.32
 .group         0x0000000000000000        0xc core/unixfile.32
 .group         0x0000000000000000        0x8 core/unixfile.32
 .group         0x0000000000000000        0xc core/unixfile.32
 .group         0x0000000000000000        0xc core/unixfile.32
 .comment       0x0000000000000000       0x12 core/unixfile.32
 .comment       0x0000000000000000       0x12 core/virtmgr.32
 .comment       0x0000000000000000       0x12 coreobjs/c++.32
 .comment       0x0000000000000000       0x12 dbg/kconsole.32
 .group         0x0000000000000000        0xc fs/vfs.32
 .group         0x0000000000000000        0xc fs/vfs.32
 .group         0x0000000000000000        0xc fs/vfs.32
 .comment       0x0000000000000000       0x12 fs/vfs.32
 .group         0x0000000000000000        0xc hal/bus.32
 .comment       0x0000000000000000       0x12 hal/bus.32
 .group         0x0000000000000000        0xc hal/buzzer.32
 .comment       0x0000000000000000       0x12 hal/buzzer.32
 .group         0x0000000000000000        0xc hal/clock.32
 .comment       0x0000000000000000       0x12 hal/clock.32
 .group         0x0000000000000000       0x14 hal/device.32
 .group         0x0000000000000000        0xc hal/device.32
 .group         0x0000000000000000        0xc hal/device.32
 .group         0x0000000000000000        0xc hal/device.32
[...]
Memory Configuration

Name             Origin             Length             Attributes
*default*        0x0000000000000000 0xffffffffffffffff

Linker script and memory map

LOAD D:/Users/Alex/Desktop/Banana/kernel/boot.32
LOAD crti.32
LOAD /cygdrive/d/Users/Alex/Desktop/Toolchain/Output/bin/../lib/gcc/i386-banana/8.1.0/crtbegin.o
LOAD D:/Users/Alex/Desktop/Banana/kernel/morenasm.32
LOAD acpica/utclib.32
LOAD core/malloc.32
LOAD libk/string.32
LOAD fs/fat/diskio.32
LOAD fs/fat/ff.32
LOAD fs/fat/ffsystem.32
LOAD fs/fat/ffunicode.32
LOAD hal/libresample/samplerate.32
LOAD hal/libresample/src_linear.32
LOAD hal/libresample/src_sinc.32
LOAD hal/libresample/src_zoh.32
LOAD compat/inlines.32
LOAD compat/resolve.32
LOAD core/computer.32
LOAD core/gdt.32
LOAD core/idle.32
LOAD core/idt.32
LOAD core/kheap.32
LOAD core/main.32
LOAD core/physmgr.32
LOAD core/pipe.32
LOAD core/terminal.32
LOAD core/tss.32
LOAD core/unixfile.32
LOAD core/virtmgr.32
LOAD coreobjs/c++.32
LOAD dbg/kconsole.32
LOAD fs/vfs.32
LOAD hal/bus.32
LOAD hal/buzzer.32
LOAD hal/clock.32
LOAD hal/device.32
LOAD hal/diskctrl.32
LOAD hal/diskphys.32
LOAD hal/fpu.32
LOAD hal/intctrl.32
LOAD hal/keybrd.32
LOAD hal/logidisk.32
LOAD hal/mouse.32
LOAD hal/partition.32
LOAD hal/serial.32
LOAD hal/timer.32
LOAD hal/vcache.32
LOAD hal/video.32
LOAD hw/acpi.32
LOAD hw/cpu.32
LOAD hw/ports.32
LOAD hw/smp.32
LOAD krnl/env.32
LOAD krnl/panic.32
LOAD net/ethernet.32
LOAD reg/registry.32
LOAD sys/sc_eject.32
LOAD sys/sc_exit.32
LOAD sys/sc_getcwd.32
LOAD sys/sc_getpid.32
LOAD sys/sc_getramdata.32
LOAD sys/sc_getvgaptr.32
LOAD sys/sc_loaddll.32
LOAD sys/sc_read.32
LOAD sys/sc_sbrk.32
LOAD sys/sc_setcwd.32
LOAD sys/sc_settime.32
LOAD sys/sc_timezone.32
LOAD sys/sc_write.32
LOAD sys/sc_wsbe.32
LOAD sys/sc_yield.32
LOAD sys/syscalls.32
LOAD thr/elf.32
LOAD thr/prcssthr.32
LOAD vm86/vm8086.32
LOAD vm86/x87em.32
LOAD fs/fat/vfslink.32
LOAD fs/iso9660/vfslink.32
LOAD hal/sound/sndchannel.32
LOAD hal/sound/sndhw.32
LOAD hw/bus/isa.32
LOAD hw/bus/pci.32
LOAD hw/diskctrl/ide.32
LOAD hw/diskctrl/satabus.32
LOAD hw/diskphys/ata.32
LOAD hw/diskphys/atapi.32
LOAD hw/diskphys/sata.32
LOAD hw/diskphys/satapi.32
LOAD hw/fpu/avx.32
LOAD hw/fpu/mmx.32
LOAD hw/fpu/sse.32
LOAD hw/fpu/x87.32
LOAD hw/intctrl/apic.32
LOAD hw/intctrl/pic.32
LOAD hw/timer/apictimer.32
LOAD hw/timer/pit.32
LOAD hw/fpu/x86/avx.32
LOAD hw/fpu/x86/sse.32
LOAD hw/fpu/x86/x87.32
LOAD /cygdrive/d/Users/Alex/Desktop/Toolchain/Output/bin/../lib/gcc/i386-banana/8.1.0/crtend.o
LOAD crtn.32
LOAD /cygdrive/d/Users/Alex/Desktop/Toolchain/Output/bin/../lib/gcc/i386-banana/8.1.0/libkgcc.a
LOAD D:/Users/Alex/Desktop/Banana/kernel/libsoftfp.a
LOAD D:/Users/Alex/Desktop/Banana/kernel/libk/libm32.a
                0x00000000c0000000                . = 0xc0000000

.text           0x00000000c0000000    0x28eb8
 *(.text)
 .text          0x00000000c0000000       0x41 D:/Users/Alex/Desktop/Banana/kernel/boot.32
                0x00000000c0000020                callGlobalConstructors
 .text          0x00000000c0000041        0x0 crti.32
 *fill*         0x00000000c0000041        0x3 
 .text          0x00000000c0000044      0x101 /cygdrive/d/Users/Alex/Desktop/Toolchain/Output/bin/../lib/gcc/i386-banana/8.1.0/crtbegin.o
 *fill*         0x00000000c0000145        0xb 
 .text          0x00000000c0000150      0x4fb D:/Users/Alex/Desktop/Banana/kernel/morenasm.32
                0x00000000c0000150                manualPCIProbe
                0x00000000c000019b                prepareTramp
                0x00000000c00001b4                voodooXADD
                0x00000000c000027f                doTPAUSE
                0x00000000c0000289                hasLegacyFPU
                0x00000000c00002ae                is486
                0x00000000c00002e4                detectCPUID
                0x00000000c00002fa                goToVM86
                0x00000000c000032a                goToUsermode
                0x00000000c0000354                switchToThreadASMFirstTime
                0x00000000c0000362                switchToThreadASM
                0x00000000c00003f2                asmQuickAcquireLock
                0x00000000c0000410                asmQuickReleaseLock
                0x00000000c000041c                asmAcquireLock
                0x00000000c000043d                asmReleaseLock
                0x00000000c0000450                loadGDT
                0x00000000c0000470                isr0
                0x00000000c0000480                isr1
                0x00000000c000048a                isr2
                0x00000000c0000494                isr3
                0x00000000c000049e                isr4
                0x00000000c00004a8                isr5
                0x00000000c00004b2                isr6
                0x00000000c00004bc                isr7
                0x00000000c00004c6                isr8
                0x00000000c00004ce                isr9
                0x00000000c00004d8                isr10
                0x00000000c00004e0                isr11
                0x00000000c00004e8                isr12
                0x00000000c00004f0                isr13
                0x00000000c00004f8                isr14
                0x00000000c0000500                isr15
                0x00000000c000050a                isr16
                0x00000000c0000514                isr17
                0x00000000c000051e                isr18
                0x00000000c0000528                irq3
                0x00000000c0000532                irq4
                0x00000000c000053c                irq5
                0x00000000c0000546                irq6
                0x00000000c0000550                irq7
                0x00000000c000055a                irq8
                0x00000000c0000564                irq9
                0x00000000c000056e                irq10
                0x00000000c0000578                irq11
                0x00000000c0000582                irq12
                0x00000000c000058c                irq13
                0x00000000c0000596                irq14
                0x00000000c00005a0                irq15
                0x00000000c00005aa                irq1
                0x00000000c00005b1                irq2
                0x00000000c00005b8                isr96
                0x00000000c00005bf                irq0
                0x00000000c00005c4                syscall_common_stub
                0x00000000c00005c4                int_common_stub
                0x00000000c00005f6                irq16
                0x00000000c0000600                irq17
                0x00000000c000060a                irq18
                0x00000000c0000614                irq19
                0x00000000c000061e                irq20
                0x00000000c0000628                irq21
                0x00000000c0000632                irq22
                0x00000000c000063c                irq23
                0x00000000c0000646                memcpy
 *fill*         0x00000000c000064b        0x1 
 .text          0x00000000c000064c      0x5dd acpica/utclib.32
                0x00000000c000064c                memcmp
                0x00000000c0000688                memmove
                0x00000000c0000750                memset
                0x00000000c000076c                strlen
                0x00000000c0000784                strpbrk
                0x00000000c00007c0                strtok
                0x00000000c000080c                strcpy
                0x00000000c0000830                strncpy
                0x00000000c0000898                strcmp
                0x00000000c00008d8                strchr
                0x00000000c00008fc                strncmp
                0x00000000c000094c                strcat
                0x00000000c000097c                strncat
                0x00000000c00009b8                strstr
                0x00000000c0000a00                toupper
                0x00000000c0000a14                tolower
                0x00000000c0000a28                simple_strtoul
 .text          0x00000000c0000c29      0xfad core/malloc.32
                0x00000000c0000d94                dlfree
                0x00000000c00010ef                dlmalloc
                0x00000000c000162c                dlrealloc
                0x00000000c00017cf                dlmemalign
                0x00000000c00018f2                dlcalloc
                0x00000000c000198c                dlcfree
                0x00000000c0001991                dlindependent_calloc
                0x00000000c00019b6                dlindependent_comalloc
                0x00000000c00019cd                dlvalloc
                0x00000000c00019f8                dlpvalloc
                0x00000000c0001a2e                dlmalloc_trim
                0x00000000c0001a3b                dlmalloc_usable_size
                0x00000000c0001a6c                dlmallinfo
                0x00000000c0001b3b                dlmalloc_stats
                0x00000000c0001b4c                dlmallopt
 .text          0x00000000c0001bd6        0x0 libk/string.32
 .text          0x00000000c0001bd6       0x51 fs/fat/diskio.32
                0x00000000c0001bd6                disk_status
                0x00000000c0001bd9                disk_initialize
                0x00000000c0001bdc                disk_read
                0x00000000c0001bf2                disk_write
                0x00000000c0001c08                disk_ioctl
 .text          0x00000000c0001c27     0x6833 fs/fat/ff.32
                0x00000000c0004ef5                f_mount
                0x00000000c0004f57                f_open
                0x00000000c0005393                f_read
                0x00000000c0005613                f_write
                0x00000000c00058cd                f_sync
                0x00000000c0005aa9                f_close
                0x00000000c0005ad8                f_lseek
                0x00000000c0005f8f                f_opendir
                0x00000000c0006091                f_closedir
                0x00000000c00060b3                f_readdir
                0x00000000c000614e                f_stat
                0x00000000c00061dd                f_getfree
                0x00000000c00063a8                f_truncate
                0x00000000c00064a0                f_unlink
                0x00000000c0006623                f_mkdir
                0x00000000c000684f                f_rename
                0x00000000c0006b42                f_chmod
                0x00000000c0006c20                f_utime
                0x00000000c0006cfe                f_getlabel
                0x00000000c0006eec                f_setlabel
                0x00000000c0007159                f_forward
                0x00000000c0007337                f_mkfs
 .text          0x00000000c000845a       0x2d fs/fat/ffsystem.32
                0x00000000c000845a                ff_memalloc
                0x00000000c0008470                ff_memfree
 .text          0x00000000c0008487      0x253 fs/fat/ffunicode.32
                0x00000000c0008487                ff_uni2oem
                0x00000000c0008517                ff_oem2uni
                0x00000000c0008583                ff_wtoupper
 .text          0x00000000c00086da      0x8fb hal/libresample/samplerate.32
                0x00000000c000871e                src_delete
                0x00000000c000875a                src_process
                0x00000000c0008910                src_callback_read
                0x00000000c0008a8d                src_set_ratio
                0x00000000c0008af7                src_get_channels
                0x00000000c0008b19                src_reset
                0x00000000c0008b65                src_new
                0x00000000c0008bf3                src_callback_new
                0x00000000c0008c55                src_get_name
                0x00000000c0008c8c                src_get_description
                0x00000000c0008cc3                src_get_version
                0x00000000c0008cc9                src_is_valid_ratio
                0x00000000c0008d1d                src_error
                0x00000000c0008d2b                src_strerror
                0x00000000c0008d3e                src_simple
                0x00000000c0008d91                src_short_to_float_array
                0x00000000c0008df6                src_float_to_short_array
                0x00000000c0008eb5                src_int_to_float_array
                0x00000000c0008f18                src_float_to_int_array
 .text          0x00000000c0008fd5      0x8cb hal/libresample/src_linear.32
                0x00000000c00097fb                linear_get_name
                0x00000000c000980a                linear_get_description
                0x00000000c0009819                linear_set_converter
 .text          0x00000000c00098a0     0x447c hal/libresample/src_sinc.32
                0x00000000c000dc33                sinc_get_name
                0x00000000c000dc46                sinc_get_description
                0x00000000c000dc59                sinc_set_converter
 .text          0x00000000c000dd1c      0x77c hal/libresample/src_zoh.32
                0x00000000c000e3f3                zoh_get_name
                0x00000000c000e402                zoh_get_description
                0x00000000c000e411                zoh_set_converter
 .text          0x00000000c000e498       0xa7 compat/inlines.32
                0x00000000c000e498                CPU::current()
                0x00000000c000e4a4                operator new(unsigned long)
                0x00000000c000e4a9                operator delete(void*)
                0x00000000c000e4ae                disableIRQs()
                0x00000000c000e4b6                enableIRQs()
                0x00000000c000e4c5                lockScheduler()
                0x00000000c000e4cd                unlockScheduler()
                0x00000000c000e4dc                lockStuff()
                0x00000000c000e4ea                unlockStuff()
                0x00000000c000e524                Virt::getAKernelVAS()
                0x00000000c000e52a                __not_memcpy
 .text          0x00000000c000e53f      0x111 compat/resolve.32
                0x00000000c000e53f                Krnl::resolveCompatibilitySymbol(char*)
 .text          0x00000000c000e650      0xa17 core/computer.32
                0x00000000c000e650                Computer::close(int, int, void*)
                0x00000000c000e694                Krnl::firstTask()
                0x00000000c000e784                Computer::Computer()
                0x00000000c000e784                Computer::Computer()
                0x00000000c000e8e0                Computer::setBootMessage(char const*)
                0x00000000c000e8e2                Computer::detectFeatures()
                0x00000000c000eaec                Computer::displayFeatures()
                0x00000000c000ee32                Computer::rdmsr(unsigned int)
                0x00000000c000ee5e                Computer::wrmsr(unsigned int, unsigned long long)
                0x00000000c000ee96                Computer::nmiEnabled()
                0x00000000c000eea2                Computer::readCMOS(unsigned char)
                0x00000000c000eebc                Computer::enableNMI(bool)
                0x00000000c000eed4                Computer::open(int, int, void*)
                0x00000000c000efaa                Computer::disableNMI()
                0x00000000c000efb8                Computer::writeCMOS(unsigned char, unsigned char)
                0x00000000c000efd6                Computer::handleNMI()
                0x00000000c000f03c                Computer::setDiskActivityLight(int, bool)
 *fill*         0x00000000c000f067        0x1 
 .text          0x00000000c000f068      0x1b7 core/gdt.32
                0x00000000c000f068                GDTEntry::setBase(unsigned int)
                0x00000000c000f084                GDTEntry::setLimit(unsigned int)
                0x00000000c000f0a2                GDT::GDT()
                0x00000000c000f0a2                GDT::GDT()
                0x00000000c000f0b8                GDT::addEntry(GDTEntry)
                0x00000000c000f0f4                GDT::getNumberOfEntries()
                0x00000000c000f0fc                GDT::flush()
                0x00000000c000f11e                GDT::setup()
 .text          0x00000000c000f21f       0x6b core/idle.32
                0x00000000c000f21f                idleFunction(void*)
 .text          0x00000000c000f28a      0x45e core/idt.32
                0x00000000c000f28a                IDTEntry::IDTEntry(bool)
                0x00000000c000f28a                IDTEntry::IDTEntry(bool)
                0x00000000c000f2f8                IDTEntry::setOffset(unsigned int)
                0x00000000c000f30c                IDT::IDT()
                0x00000000c000f30c                IDT::IDT()
                0x00000000c000f30e                IDT::getPointerToInvalidOpcodeEntryForF00F()
                0x00000000c000f316                IDT::addEntry(IDTEntry, int)
                0x00000000c000f330                IDT::addEntry(int, void (*)(), bool)
                0x00000000c000f368                IDT::flush()
                0x00000000c000f382                IDT::setup()
 .text          0x00000000c000f6e8      0x1fe core/kheap.32
                0x00000000c000f6e8                sbrk
                0x00000000c000f7f5                mmap
                0x00000000c000f80b                munmap
                0x00000000c000f821                liballoc_lock()
                0x00000000c000f82e                liballoc_unlock()
                0x00000000c000f842                liballoc_alloc(int)
                0x00000000c000f85d                liballoc_free(void*, int)
                0x00000000c000f878                realloc
                0x00000000c000f88c                malloc
                0x00000000c000f89c                free
                0x00000000c000f8ac                rfree
                0x00000000c000f8bc                calloc
 .text          0x00000000c000f8e6      0x135 core/main.32
                0x00000000c000f8e6                kernel_main
 .text          0x00000000c000fa1b      0x50d core/physmgr.32
                0x00000000c000fa1b                Phys::allocateDMA(unsigned long)
                0x00000000c000fabe                Phys::freeDMA(unsigned long, unsigned long)
                0x00000000c000fb06                Phys::setPageState(unsigned long, bool)
                0x00000000c000fb38                Phys::getPageState(unsigned long)
                0x00000000c000fb54                Phys::freePage(unsigned long)
                0x00000000c000fbaf                Phys::allocatePage()
                0x00000000c000fc64                Phys::allocateContiguousPages(int)
                0x00000000c000fcc0                Phys::allowSegmentToBeUsed(unsigned long, unsigned long)
                0x00000000c000fcf8                Phys::physicalMemorySetup(unsigned int)
 .text          0x00000000c000ff28      0x273 core/pipe.32
                0x00000000c000ff28                Pipe::isAtty()
                0x00000000c000ff2c                Pipe::~Pipe()
                0x00000000c000ff2c                Pipe::~Pipe()
                0x00000000c000ff50                Pipe::~Pipe()
                0x00000000c000ff78                Pipe::read(unsigned long long, void*, int*)
                0x00000000c0010074                Pipe::write(unsigned long long, void*, int*)
                0x00000000c0010134                Pipe::Pipe(int)
                0x00000000c0010134                Pipe::Pipe(int)
 *fill*         0x00000000c001019b        0x1 
 .text          0x00000000c001019c      0xc7b core/terminal.32
                0x00000000c001019c                VgaText::isAtty()
                0x00000000c00101a0                VgaText::~VgaText()
                0x00000000c00101a0                VgaText::~VgaText()
                0x00000000c00101c4                VgaText::~VgaText()
                0x00000000c00101ee                VgaText::read(unsigned long long, void*, int*)
                0x00000000c001020e                setTerminalScrollLock(bool)
                0x00000000c001020f                addToTerminalCycle(VgaText*)
                0x00000000c0010230                installVgaTextImplementation()
                0x00000000c0010245                scrollTerminalScrollLock(int)
                0x00000000c0010246                VgaText::updateTitle()
                0x00000000c0010284                VgaText::load()
                0x00000000c00102d2                VgaText::updateCursor()
                0x00000000c00102e8                VgaText::showCursor(bool)
                0x00000000c00102f4                VgaText::disableBlink(bool)
                0x00000000c0010328                VgaText::doANSI_SGR(int)
                0x00000000c001039c                VgaText::setDefaultBgColour(VgaColour)
                0x00000000c00103ac                VgaText::setDefaultFgColour(VgaColour)
                0x00000000c00103bc                VgaText::setDefaultColours(VgaColour, VgaColour)
                0x00000000c00103dc                VgaText::setTitleTextColour(VgaColour)
                0x00000000c00103ec                VgaText::setTitleColour(VgaColour)
                0x00000000c00103fc                VgaText::setTitle(char*)
                0x00000000c0010422                VgaText::combineColours(unsigned char, unsigned char)
                0x00000000c0010434                VgaText::scrollScreen()
                0x00000000c00104c8                VgaText::combineCharAndColour(char, unsigned char)
                0x00000000c00104da                VgaText::writeCharacter(char, VgaColour, VgaColour, int, int)
                0x00000000c0010536                VgaText::getCursorX()
                0x00000000c001053e                VgaText::getCursorY()
                0x00000000c0010546                VgaText::setCursor(int, int)
                0x00000000c001055e                VgaText::setCursorX(int)
                0x00000000c0010576                VgaText::setCursorY(int)
                0x00000000c001058e                VgaText::incrementCursor(bool)
                0x00000000c00105e2                VgaText::decrementCursor(bool)
                0x00000000c0010604                VgaText::putchar(char, VgaColour, VgaColour)
                0x00000000c00106dc                VgaText::isShowingCursor()
                0x00000000c00106e4                VgaText::isBlinkDisabled()
                0x00000000c00106f0                VgaText::setCursorHeight(int)
                0x00000000c0010708                VgaText::getCursorHeight()
                0x00000000c0010710                setActiveTerminal(VgaText*)
                0x00000000c00107b6                doTerminalCycle()
                0x00000000c00107d0                VgaText::doUpdate()
                0x00000000c00107de                VgaText::puts(char const*, VgaColour, VgaColour)
                0x00000000c0010956                VgaText::clearScreen()
                0x00000000c00109b0                VgaText::putchar(char)
                0x00000000c0010a9c                VgaText::putx(unsigned int)
                0x00000000c0010ae2                VgaText::puts(char const*)
                0x00000000c0010b08                VgaText::VgaText(char const*)
                0x00000000c0010b08                VgaText::VgaText(char const*)
                0x00000000c0010cb6                VgaText::receiveKey(unsigned char)
                0x00000000c0010d9e                VgaText::write(unsigned long long, void*, int*)
                0x00000000c0010df2                newTerminal(char*)
 *fill*         0x00000000c0010e17        0x1 
 .text          0x00000000c0010e18      0x1b3 core/tss.32
                0x00000000c0010e18                TSS::TSS()
                0x00000000c0010e18                TSS::TSS()
                0x00000000c0010e26                TSS::setESP(unsigned long)
                0x00000000c0010e38                TSS::flush()
                0x00000000c0010e58                TSS::setup(unsigned long, unsigned long)
 *fill*         0x00000000c0010fcb        0x1 
 .text          0x00000000c0010fcc      0x4c2 core/unixfile.32
                0x00000000c0010fcc                ReservedFilename::read(unsigned long long, void*, int*)
                0x00000000c0011022                ReservedFilename::isAtty()
                0x00000000c001103e                ReservedFilename::write(unsigned long long, void*, int*)
                0x00000000c001109c                UnixFile::getFileDescriptor()
                0x00000000c00110a4                UnixFile::UnixFile(int)
                0x00000000c00110a4                UnixFile::UnixFile(int)
                0x00000000c0011254                ReservedFilename::ReservedFilename(int)
                0x00000000c0011254                ReservedFilename::ReservedFilename(int)
                0x00000000c0011286                UnixFile::~UnixFile()
                0x00000000c0011286                UnixFile::~UnixFile()
                0x00000000c001131e                UnixFile::~UnixFile()
                0x00000000c0011346                ReservedFilename::~ReservedFilename()
                0x00000000c0011346                ReservedFilename::~ReservedFilename()
                0x00000000c001136a                ReservedFilename::~ReservedFilename()
                0x00000000c0011391                getFromFileDescriptor(int)
 .text          0x00000000c001148e     0x12f9 core/virtmgr.32
                0x00000000c001148e                Virt::setPageState(unsigned long, Virt::VirtPageState)
                0x00000000c00114c3                Virt::getPageState(unsigned long)
                0x00000000c00114e7                Virt::allocateKernelVirtualPages(int)
                0x00000000c00115f8                Virt::freeSwapfilePage(unsigned long)
                0x00000000c0011616                Virt::swapIDToSector(unsigned long)
                0x00000000c0011628                Virt::allocateSwapfilePage()
                0x00000000c00116a6                Virt::virtualMemorySetup()
                0x00000000c0011725                Virt::setupPageSwapping(int)
                0x00000000c00118f2                VAS::VAS()
                0x00000000c00118f2                VAS::VAS()
                0x00000000c001192e                VAS::VAS(VAS*)
                0x00000000c001192e                VAS::VAS(VAS*)
                0x00000000c001195c                VAS::getForeignPageTableEntry(bool, unsigned long)
                0x00000000c0011988                VAS::getPageTableEntry(unsigned long)
                0x00000000c00119a7                Virt::freeKernelVirtualPages(unsigned long)
                0x00000000c0011aca                VAS::freeAllocatedPages(unsigned long)
                0x00000000c0011aee                VAS::virtualToPhysical(unsigned long)
                0x00000000c0011b06                VAS::reflagRange(unsigned long, int, int, int)
                0x00000000c0011b46                VAS::setToWriteCombining(unsigned long, int)
                0x00000000c0011b78                VAS::mapOtherVASIn(bool, VAS*)
                0x00000000c0011ba2                VAS::~VAS()
                0x00000000c0011ba2                VAS::~VAS()
                0x00000000c0011d1e                VAS::mapPage(unsigned long, unsigned long, int)
                0x00000000c0011e20                VAS::allocatePages(int, int)
                0x00000000c0011ff8                VAS::setCPUSpecific(unsigned long)
                0x00000000c0012014                VAS::mapRange(unsigned long, unsigned long, int, int)
                0x00000000c00120da                VAS::mapForeignPage(bool, VAS*, unsigned long, unsigned long, int)
                0x00000000c00121c8                VAS::VAS(bool)
                0x00000000c00121c8                VAS::VAS(bool)
                0x00000000c0012448                VAS::evict(unsigned long)
                0x00000000c001250a                VAS::tryLoadBackOffDisk(unsigned long)
                0x00000000c001261a                VAS::scanForEviction()
                0x00000000c00126cb                mapVASFirstTime
 .text          0x00000000c0012787       0x95 coreobjs/c++.32
                0x00000000c0012787                __cxa_atexit
                0x00000000c001278a                __cxa_finalize
                0x00000000c001278b                __stack_chk_fail
                0x00000000c00127f7                __cxa_pure_virtual
                0x00000000c0012808                operator new[](unsigned long)
                0x00000000c001280d                operator delete(void*, unsigned long)
                0x00000000c0012812                operator delete[](void*)
                0x00000000c0012817                operator delete[](void*, unsigned long)
 .text          0x00000000c001281c      0x1ef dbg/kconsole.32
                0x00000000c001281c                Dbg::stringifyxWithBase(unsigned int, char*, int)
                0x00000000c001287d                Dbg::logc(char)
                0x00000000c0012894                Dbg::logs(char*)
                0x00000000c00128b1                Dbg::logWriteInt(unsigned int)
                0x00000000c00128ce                Dbg::logWriteIntBase(unsigned int, int)
                0x00000000c00128ed                Dbg::kprintf(char const*, ...)
 *fill*         0x00000000c0012a0b        0x1 
 .text          0x00000000c0012a0c      0xb82 fs/vfs.32
                0x00000000c0012a0c                File::read(unsigned long long, void*, int*)
                0x00000000c0012a64                File::write(unsigned long long, void*, int*)
                0x00000000c0012abc                Directory::read(unsigned long long, void*, int*)
                0x00000000c0012b14                Directory::write(unsigned long long, void*, int*)
                0x00000000c0012b42                File::isAtty()
                0x00000000c0012b46                Directory::isAtty()
                0x00000000c0012b4a                Filesystem::getlabel(LogicalDisk*, int, char*, unsigned int*)
                0x00000000c0012b50                Filesystem::setlabel(LogicalDisk*, int, char*)
                0x00000000c0012b56                Filesystem::getFileFirstSector(char const*)
                0x00000000c0012b5c                File::~File()
                0x00000000c0012b5c                File::~File()
                0x00000000c0012b80                File::~File()
                0x00000000c0012baa                Directory::~Directory()
                0x00000000c0012baa                Directory::~Directory()
                0x00000000c0012bce                Directory::~Directory()
                0x00000000c0012bf8                Filesystem::Filesystem()
                0x00000000c0012bf8                Filesystem::Filesystem()
                0x00000000c0012c1c                Filesystem::~Filesystem()
                0x00000000c0012c1c                Filesystem::~Filesystem()
                0x00000000c0012c2a                Filesystem::~Filesystem()
                0x00000000c0012c4e                Fs::getcwd(Process*, char*, int)
                0x00000000c0012c78                Fs::initVFS()
                0x00000000c0012ca2                Fs::standardiseFiles(char*, char const*, char const*)
                0x00000000c0012e4c                File::File(char const*, Process*)
                0x00000000c0012e4c                File::File(char const*, Process*)
                0x00000000c0012eb0                File::open(FileOpenMode)
                0x00000000c0012f0e                File::close()
                0x00000000c0012f6e                File::seek(unsigned long long)
                0x00000000c0012fc4                File::tell(unsigned long long*)
                0x00000000c0013014                File::rewind()
                0x00000000c0013028                File::unlink()
                0x00000000c0013074                File::rename(char const*)
                0x00000000c00130c2                File::chfatattr(unsigned char, unsigned char)
                0x00000000c001311e                File::exists()
                0x00000000c001315c                File::stat(unsigned long long*, bool*)
                0x00000000c00131bd                Fs::setcwd(Process*, char*)
                0x00000000c00132f8                Directory::Directory(char const*, Process*)
                0x00000000c00132f8                Directory::Directory(char const*, Process*)
                0x00000000c001335c                Directory::open()
                0x00000000c00133b8                Directory::close()
                0x00000000c0013418                Directory::unlink()
                0x00000000c0013464                Directory::rename(char const*)
                0x00000000c00134b2                Directory::exists()
                0x00000000c00134f0                Directory::read(dirent*)
                0x00000000c001353c                Directory::create()
                0x00000000c0013588                Filesystem::chfatattr(char const*, unsigned char, unsigned char)
 .text          0x00000000c001358e       0x84 hal/bus.32
                0x00000000c001358e                Bus::Bus(char const*)
                0x00000000c001358e                Bus::Bus(char const*)
                0x00000000c00135c4                Bus::~Bus()
                0x00000000c00135c4                Bus::~Bus()
                0x00000000c00135e8                Bus::~Bus()
 .text          0x00000000c0013612      0x156 hal/buzzer.32
                0x00000000c0013612                Buzzer::Buzzer(char const*)
                0x00000000c0013612                Buzzer::Buzzer(char const*)
                0x00000000c0013656                Buzzer::~Buzzer()
                0x00000000c0013656                Buzzer::~Buzzer()
                0x00000000c001367a                Buzzer::~Buzzer()
                0x00000000c00136a4                Buzzer::stop()
                0x00000000c00136b7                beepThread(void*)
                0x00000000c00136fa                Buzzer::beep(int, int, bool)
 .text          0x00000000c0013768      0x467 hal/clock.32
                0x00000000c0013768                User::loadClockSettings(int)
                0x00000000c00137ba                Clock::Clock(char const*)
                0x00000000c00137ba                Clock::Clock(char const*)
                0x00000000c00137f0                Clock::~Clock()
                0x00000000c00137f0                Clock::~Clock()
                0x00000000c0013814                Clock::~Clock()
                0x00000000c001383e                Clock::timeInSecondsLocal()
                0x00000000c0013886                Clock::setTimeInSecondsLocal(unsigned long long)
                0x00000000c00138df                datetimeToSeconds(datetime_t)
                0x00000000c0013a06                Clock::setTimeInDatetimeLocal(datetime_t)
                0x00000000c0013a66                secondsToDatetime(unsigned long long)
                0x00000000c0013baa                Clock::timeInDatetimeLocal()
 *fill*         0x00000000c0013bcf        0x1 
 .text          0x00000000c0013bd0      0x504 hal/device.32
                0x00000000c0013bd0                Device::hibernate()
                0x00000000c0013bd2                Device::wake()
                0x00000000c0013bd4                Device::detect()
                0x00000000c0013bd6                Device::disableLegacy()
                0x00000000c0013bd8                Device::powerSaving(PowerSavingLevel)
                0x00000000c0013bda                DriverlessDevice::close(int, int, void*)
                0x00000000c0013bde                DriverlessDevice::detect()
                0x00000000c0013be0                DriverlessDevice::open(int, int, void*)
                0x00000000c0013bf4                Device::~Device()
                0x00000000c0013bf4                Device::~Device()
                0x00000000c0013c02                Device::~Device()
                0x00000000c0013c2a                Device::findAndLoadDriver()
                0x00000000c0013c38                Device::preOpenPCI(PCIDeviceInfo)
                0x00000000c0013c5e                Device::preOpenACPI(void*, char*, char*)
                0x00000000c0013c9e                Device::addIRQHandler(int, void (*)(regs*, void*), bool, void*)
                0x00000000c0013cdc                Device::getParent()
                0x00000000c0013ce8                Device::removeIRQHandler(int, void (*)(regs*, void*), bool)
                0x00000000c0013d26                Device::addChild(Device*)
                0x00000000c0013d6a                Device::removeAllChildren()
                0x00000000c0013db0                Device::hibernateAll()
                0x00000000c0013de0                Device::wakeAll()
                0x00000000c0013e10                Device::detectAll()
                0x00000000c0013e40                Device::disableLegacyAll()
                0x00000000c0013e70                Device::loadDriversForAll()
                0x00000000c0013eb0                Device::closeAll()
                0x00000000c0013ee6                Device::powerSavingAll(PowerSavingLevel)
                0x00000000c0013f1c                Device::setName(char const*)
                0x00000000c0013f2a                Device::Device(char const*)
                0x00000000c0013f2a                Device::Device(char const*)
                0x00000000c0014026                Device::getName()
                0x00000000c0014030                DriverlessDevice::DriverlessDevice(char const*)
                0x00000000c0014030                DriverlessDevice::DriverlessDevice(char const*)
                0x00000000c0014066                Device::addToLinkedList(LinkedList<Device>&, DeviceType)
                0x00000000c00140aa                getDevicesOfType(DeviceType)
 .text          0x00000000c00140d4       0x84 hal/diskctrl.32
                0x00000000c00140d4                HardDiskController::HardDiskController(char const*)
                0x00000000c00140d4                HardDiskController::HardDiskController(char const*)
                0x00000000c001410a                HardDiskController::~HardDiskController()
                0x00000000c001410a                HardDiskController::~HardDiskController()
                0x00000000c001412e                HardDiskController::~HardDiskController()
 .text          0x00000000c0014158       0xf2 hal/diskphys.32
                0x00000000c0014158                PhysicalDisk::eject()
                0x00000000c001416c                PhysicalDisk::PhysicalDisk(char const*, int)
                0x00000000c001416c                PhysicalDisk::PhysicalDisk(char const*, int)
                0x00000000c00141d4                PhysicalDisk::startCache()
                0x00000000c00141fc                PhysicalDisk::~PhysicalDisk()
                0x00000000c00141fc                PhysicalDisk::~PhysicalDisk()
                0x00000000c0014220                PhysicalDisk::~PhysicalDisk()
 .text          0x00000000c001424a      0x13b hal/fpu.32
                0x00000000c001424a                FPU::FPU(char const*)
                0x00000000c001424a                FPU::FPU(char const*)
                0x00000000c0014280                FPU::~FPU()
                0x00000000c0014280                FPU::~FPU()
                0x00000000c00142a4                FPU::~FPU()
                0x00000000c00142ce                setupFPU()
 *fill*         0x00000000c0014385        0x1 
 .text          0x00000000c0014386     0x1413 hal/intctrl.32
                0x00000000c0014386                InterruptController::uninstallISRHandler(int, void (*)(regs*, void*))
                0x00000000c00143be                InterruptController::installISRHandler(int, void (*)(regs*, void*), void*)
                0x00000000c0014410                doubleFault(regs*, void*)
                0x00000000c001442a                InterruptController::installIRQHandler(int, void (*)(regs*, void*), bool, void*)
                0x00000000c00144c6                InterruptController::clearAllHandlers(int, bool)
                0x00000000c001456e                InterruptController::uninstallIRQHandler(int, void (*)(regs*, void*), bool)
                0x00000000c00145f5                nmiHandler(regs*, void*)
                0x00000000c0014603                int_handler
                0x00000000c00146a4                InterruptController::InterruptController(char const*)
                0x00000000c00146a4                InterruptController::InterruptController(char const*)
                0x00000000c001474a                InterruptController::~InterruptController()
                0x00000000c001474a                InterruptController::~InterruptController()
                0x00000000c001476e                InterruptController::~InterruptController()
                0x00000000c0014798                displayDebugInfo(regs*)
                0x00000000c0014c27                x87EmulHandler(regs*, void*)
                0x00000000c0014c9a                gpFault(regs*, void*)
                0x00000000c0014cd3                pgFault(regs*, void*)
                0x00000000c0014cea                otherISRHandler(regs*, void*)
                0x00000000c0014d09                opcodeFault(regs*, void*)
                0x00000000c0015326                displayProgramFault(char const*)
                0x00000000c001534e                setupInterruptController()
                0x00000000c001574c                InterruptController::convertLegacyIRQNumber(int)
 *fill*         0x00000000c0015799        0x1 
 .text          0x00000000c001579a      0x794 hal/keybrd.32
                0x00000000c001579a                startGUI(void*)
                0x00000000c0015806                startGUIVESA(void*)
                0x00000000c0015872                sendKeyToTerminal(unsigned char)
                0x00000000c0015930                sendKeyboardToken(KeyboardToken)
                0x00000000c0015d6d                clearInternalKeybuffer(VgaText*)
                0x00000000c0015da2                readKeyboard(VgaText*, char*, unsigned long)
                0x00000000c0015ea4                Keyboard::Keyboard(char const*)
                0x00000000c0015ea4                Keyboard::Keyboard(char const*)
                0x00000000c0015ee0                Keyboard::~Keyboard()
                0x00000000c0015ee0                Keyboard::~Keyboard()
                0x00000000c0015f04                Keyboard::~Keyboard()
 .text          0x00000000c0015f2e      0x414 hal/logidisk.32
                0x00000000c0015f2e                LogicalDisk::close(int, int, void*)
                0x00000000c0015f32                LogicalDisk::~LogicalDisk()
                0x00000000c0015f32                LogicalDisk::~LogicalDisk()
                0x00000000c0015f56                LogicalDisk::~LogicalDisk()
                0x00000000c0015f80                LogicalDisk::open(int, int, void*)
                0x00000000c0015f94                LogicalDisk::absoluteToRelative(unsigned long long)
                0x00000000c0015fcc                LogicalDisk::relativeToAbsolute(unsigned long long)
                0x00000000c0016012                LogicalDisk::LogicalDisk(char const*, PhysicalDisk*, unsigned long long, unsigned long long)
                0x00000000c0016012                LogicalDisk::LogicalDisk(char const*, PhysicalDisk*, unsigned long long, unsigned long long)
                0x00000000c00160c8                LogicalDisk::assignDriveLetter()
                0x00000000c001617e                LogicalDisk::mount()
                0x00000000c00161f0                LogicalDisk::unmount()
                0x00000000c0016200                LogicalDisk::eject()
                0x00000000c0016214                LogicalDisk::unassignDriveLetter()
                0x00000000c001626a                LogicalDisk::read(unsigned long long, int, void*)
                0x00000000c00162d6                LogicalDisk::write(unsigned long long, int, void*)
 .text          0x00000000c0016342       0x84 hal/mouse.32
                0x00000000c0016342                Mouse::Mouse(char const*)
                0x00000000c0016342                Mouse::Mouse(char const*)
                0x00000000c0016378                Mouse::~Mouse()
                0x00000000c0016378                Mouse::~Mouse()
                0x00000000c001639c                Mouse::~Mouse()
 .text          0x00000000c00163c6      0x359 hal/partition.32
                0x00000000c00163c6                makePartition(PhysicalDisk*, unsigned long long, unsigned long long)
                0x00000000c001648e                createPartitionsForDisk(PhysicalDisk*)
 *fill*         0x00000000c001671f        0x1 
 .text          0x00000000c0016720       0x84 hal/serial.32
                0x00000000c0016720                Serial::Serial(char const*)
                0x00000000c0016720                Serial::Serial(char const*)
                0x00000000c0016756                Serial::~Serial()
                0x00000000c0016756                Serial::~Serial()
                0x00000000c001677a                Serial::~Serial()
 .text          0x00000000c00167a4      0x2f3 hal/timer.32
                0x00000000c00167a4                Timer::Timer(char const*)
                0x00000000c00167a4                Timer::Timer(char const*)
                0x00000000c00167da                Timer::~Timer()
                0x00000000c00167da                Timer::~Timer()
                0x00000000c00167fe                Timer::~Timer()
                0x00000000c0016828                Timer::read()
                0x00000000c0016833                timerHandler(unsigned long long)
                0x00000000c00169a5                setupTimer(int)
 *fill*         0x00000000c0016a97        0x1 
 .text          0x00000000c0016a98      0x409 hal/vcache.32
                0x00000000c0016a98                VCache::VCache(PhysicalDisk*)
                0x00000000c0016a98                VCache::VCache(PhysicalDisk*)
                0x00000000c0016c00                VCache::invalidateReadBuffer()
                0x00000000c0016c10                VCache::writeWriteBuffer()
                0x00000000c0016c4c                VCache::~VCache()
                0x00000000c0016c4c                VCache::~VCache()
                0x00000000c0016ca0                VCache::~VCache()
                0x00000000c0016cc8                VCache::write(unsigned long long, int, void*)
                0x00000000c0016db2                VCache::read(unsigned long long, int, void*)
 *fill*         0x00000000c0016ea1        0x1 
 .text          0x00000000c0016ea2      0x4cd hal/video.32
                0x00000000c0016ea2                Video::putrect(int, int, int, int, unsigned int)
                0x00000000c0016eee                Video::bitblit(int, int, int, int, int, int, int, unsigned int*)
                0x00000000c0016f5e                Video::blit(unsigned int*, int, int, int, int)
                0x00000000c0016fdc                Video::clearScreen(unsigned int)
                0x00000000c0017010                Video::putpixel(int, int, unsigned int)
                0x00000000c001701e                Video::Video(char const*)
                0x00000000c001701e                Video::Video(char const*)
                0x00000000c0017054                Video::~Video()
                0x00000000c0017054                Video::~Video()
                0x00000000c0017078                Video::~Video()
                0x00000000c00170a2                Video::isMonochrome()
                0x00000000c00170ae                Video::getWidth()
                0x00000000c00170ba                Video::getHeight()
                0x00000000c00170c6                Video::drawCursor(int, int, unsigned char*, int)
                0x00000000c0017182                Video::tgaParse(unsigned char*, int, int*, int*)
                0x00000000c0017304                Video::putTGA(int, int, unsigned char*, int)
 *fill*         0x00000000c001736f        0x1 
 .text          0x00000000c0017370     0x1163 hw/acpi.32
                0x00000000c0017370                ACPI::close(int, int, void*)
                0x00000000c0017425                findRSDP()
                0x00000000c00174bf                loadACPITables(unsigned char*)
                0x00000000c0017716                findRSDT(unsigned char*)
                0x00000000c0017860                findDataTable(unsigned char*, char*)
                0x00000000c00178fc                scanMADT()
                0x00000000c0017d82                ACPI::ACPI()
                0x00000000c0017d82                ACPI::ACPI()
                0x00000000c0017dd6                ACPI::getPCIIRQAssignment(unsigned char, unsigned short, unsigned char)
                0x00000000c0017eb8                ACPI::registerPCIIRQAssignment(void*, unsigned short, unsigned char, unsigned char)
                0x00000000c0017f7e                ACPI::setScreenBrightnessLevel(void*, int)
                0x00000000c0017f84                ACPI::detectPCI()
                0x00000000c00180fe                ACPI::writeSimpleBootFlag(SimpleBootFlagTable*)
                0x00000000c0018146                ACPI::sleep()
                0x00000000c001815e                ACPI::open(int, int, void*)
 *fill*         0x00000000c00184d3        0x1 
 .text          0x00000000c00184d4     0x1717 hw/cpu.32
                0x00000000c00184d4                CPU::close(int, int, void*)
                0x00000000c00184d8                CPU::lookupAMDName(unsigned char, unsigned char)
                0x00000000c001866c                CPU::lookupIntelName(unsigned char, unsigned char)
                0x00000000c001891a                CPU::AMD_K6_write_msr(unsigned int, unsigned int, unsigned int, CPU::REGS*)
                0x00000000c0018936                CPU::AMD_K6_read_msr(unsigned int, CPU::REGS*)
                0x00000000c001894e                CPU::AMD_K6_writeback(int, int, int)
                0x00000000c00189c2                CPU::cpuid(int, unsigned long*, unsigned long*, unsigned long*, unsigned long*)
                0x00000000c0018a46                CPU::cpuidCheckEDX(unsigned int)
                0x00000000c0018a74                CPU::cpuidCheckECX(unsigned int)
                0x00000000c0018aa2                CPU::cpuidCheckExtendedEBX(unsigned int)
                0x00000000c0018ad0                CPU::cpuidCheckExtendedECX(unsigned int)
                0x00000000c0018afe                CPU::CPU()
                0x00000000c0018afe                CPU::CPU()
                0x00000000c0018b8c                CPU::displayFeatures()
                0x00000000c0018e08                CPU::detectFeatures()
                0x00000000c00197fa                CPU::setupSMEP()
                0x00000000c0019806                CPU::setupUMIP()
                0x00000000c0019810                CPU::setupTSC()
                0x00000000c001981a                CPU::setupLargePages()
                0x00000000c0019824                CPU::setupPAT()
                0x00000000c0019860                CPU::setupMTRR()
                0x00000000c0019862                CPU::setupGlobalPages()
                0x00000000c001986c                CPU::allowUsermodeDataAccess()
                0x00000000c001987e                CPU::prohibitUsermodeDataAccess()
                0x00000000c0019890                CPU::setupSMAP()
                0x00000000c001989e                CPU::setupFeatures()
                0x00000000c001991e                CPU::open(int, int, void*)
                0x00000000c00199f0                CPU::decodeAddress(regs*, int*, bool*, unsigned char*)
 .text          0x00000000c0019beb        0x0 hw/ports.32
 .text          0x00000000c0019beb      0x16a hw/smp.32
                0x00000000c0019beb                Krnl::smpEntry()
                0x00000000c0019bed                Krnl::startCPU(int)
                0x00000000c0019d36                Krnl::startCPUs()
 *fill*         0x00000000c0019d55        0x1 
 .text          0x00000000c0019d56      0x5cd krnl/env.32
                0x00000000c0019d56                EnvVarContainer::getEnv(char const*)
                0x00000000c0019d94                EnvVarContainer::setEnv(char const*, char const*)
                0x00000000c0019e56                EnvVarContainer::deleteEnv(char const*)
                0x00000000c0019e58                EnvVarContainer::loadFrom(char const*, char const*)
                0x00000000c001a05a                EnvVarContainer::__loadSystem()
                0x00000000c001a074                EnvVarContainer::__loadUser()
                0x00000000c001a076                EnvVarContainer::EnvVarContainer(Process*)
                0x00000000c001a076                EnvVarContainer::EnvVarContainer(Process*)
                0x00000000c001a098                EnvVarContainer::~EnvVarContainer()
                0x00000000c001a098                EnvVarContainer::~EnvVarContainer()
                0x00000000c001a0c8                Krnl::getEnv(Process*, char const*)
                0x00000000c001a12d                Krnl::setEnvSystem(char const*, char const*)
                0x00000000c001a147                Krnl::setEnvUser(char const*, char const*)
                0x00000000c001a166                Krnl::setEnvProcess(Process*, char const*, char const*)
                0x00000000c001a179                Krnl::deleteEnvSystem(char const*)
                0x00000000c001a17a                Krnl::deleteEnvUser(char const*)
                0x00000000c001a17b                Krnl::deleteEnvProcess(Process*, char const*)
                0x00000000c001a17c                Krnl::newProcessEnv(Process*)
                0x00000000c001a19e                Krnl::copyProcessEnv(Process*, Process*)
                0x00000000c001a1ea                Krnl::loadSystemEnv()
                0x00000000c001a218                Krnl::loadUserEnv()
                0x00000000c001a23e                Krnl::flushEnv()
                0x00000000c001a23f                Krnl::getProcessTotalEnvCount(Process*)
                0x00000000c001a25f                Krnl::getProcessEnvPair(Process*, int)
 .text          0x00000000c001a323      0x396 krnl/panic.32
                0x00000000c001a323                Krnl::panic(char const*)
 .text          0x00000000c001a6b9      0x57f net/ethernet.32
                0x00000000c001a6b9                Net::switchEndian16(unsigned short)
                0x00000000c001a6da                Net::switchEndian32(unsigned int)
                0x00000000c001a709                Net::crc32Calc(unsigned char*, int)
                0x00000000c001a79a                Net::wrapEthernetFrame(Net::UnwrappedEthernetFrame, unsigned char*)
                0x00000000c001a9ad                Net::unwrapEthernetFrame(unsigned char*, int)
 .text          0x00000000c001ac38      0x50e reg/registry.32
                0x00000000c001ac38                Reg::findLineFromLoadedData(char*, char*, char*)
                0x00000000c001ad90                Reg::getLineFromRegistry(char*, char*, char*, char*)
                0x00000000c001aee5                Reg::getLine(char*, char*, char*)
                0x00000000c001af1c                Reg::readInt(char*, char*, int*)
                0x00000000c001b007                Reg::readString(char*, char*, char*, int)
                0x00000000c001b088                Reg::readBool(char*, char*, bool*)
                0x00000000c001b0ad                Reg::readBoolWithDefault(char*, char*, bool)
                0x00000000c001b0d9                Reg::readIntWithDefault(char*, char*, int)
                0x00000000c001b105                Reg::readStringWithDefault(char*, char*, char*, int, char*)
 .text          0x00000000c001b146       0x36 sys/sc_eject.32
                0x00000000c001b146                Sys::eject(regs*)
 .text          0x00000000c001b17c       0x18 sys/sc_exit.32
                0x00000000c001b17c                Sys::exit(regs*)
 .text          0x00000000c001b194       0x1f sys/sc_getcwd.32
                0x00000000c001b194                Sys::getCwd(regs*)
 .text          0x00000000c001b1b3        0xc sys/sc_getpid.32
                0x00000000c001b1b3                Sys::getPID(regs*)
 .text          0x00000000c001b1bf       0x17 sys/sc_getramdata.32
                0x00000000c001b1bf                Sys::getRAMData(regs*)
 .text          0x00000000c001b1d6       0x84 sys/sc_getvgaptr.32
                0x00000000c001b1d6                Sys::getVGAPtr(regs*)
 .text          0x00000000c001b25a       0xa8 sys/sc_loaddll.32
                0x00000000c001b25a                Sys::loadDLL(regs*)
 .text          0x00000000c001b302       0x68 sys/sc_read.32
                0x00000000c001b302                Sys::read(regs*)
 .text          0x00000000c001b36a       0x55 sys/sc_sbrk.32
                0x00000000c001b36a                Sys::sbrk(regs*)
 .text          0x00000000c001b3bf       0x1c sys/sc_setcwd.32
                0x00000000c001b3bf                Sys::setCwd(regs*)
 .text          0x00000000c001b3db      0x128 sys/sc_settime.32
                0x00000000c001b3db                Sys::setTime(regs*)
 .text          0x00000000c001b503       0x4a sys/sc_timezone.32
                0x00000000c001b503                Sys::timezone(regs*)
 .text          0x00000000c001b54d       0x68 sys/sc_write.32
                0x00000000c001b54d                Sys::write(regs*)
 .text          0x00000000c001b5b5       0x62 sys/sc_wsbe.32
                0x00000000c001b5b5                Sys::wsbe(regs*)
 .text          0x00000000c001b617       0x46 sys/sc_yield.32
                0x00000000c001b617                Sys::yield(regs*)
 .text          0x00000000c001b65d     0x1101 sys/syscalls.32
                0x00000000c001b65d                sysCallSeekDir(regs*)
                0x00000000c001b662                sysCallTellDir(regs*)
                0x00000000c001b667                sysCallVerify(regs*)
                0x00000000c001b671                sysFormatDisk(regs*)
                0x00000000c001b6db                sysSetDiskVolumeLabel(regs*)
                0x00000000c001b721                sysGetDiskVolumeLabel(regs*)
                0x00000000c001b772                sysShutdown(regs*)
                0x00000000c001b7d0                sysCallRealpath(regs*)
                0x00000000c001b813                sysCallGetArgc(regs*)
                0x00000000c001b841                sysCallReadDir(regs*)
                0x00000000c001b8cf                sysCallIsATTY(regs*)
                0x00000000c001b929                sysCallSeek(regs*)
                0x00000000c001b992                sysCallTell(regs*)
                0x00000000c001ba0f                sysCallSize(regs*)
                0x00000000c001ba92                sysCallSizeFromFilename(regs*)
                0x00000000c001bb52                sysCallClose(regs*)
                0x00000000c001bbda                sysCallOpenDir(regs*)
                0x00000000c001bc4f                sysCallCloseDir(regs*)
                0x00000000c001bcb5                sysCallMakeDir(regs*)
                0x00000000c001bd25                sysCallWait(regs*)
                0x00000000c001bd3f                sysCallNotImpl(regs*)
                0x00000000c001bd5a                sysPanic(regs*)
                0x00000000c001bd80                sysCallRmdir(regs*)
                0x00000000c001bde4                sysCallUnlink(regs*)
                0x00000000c001be48                sysCallGetArgv(regs*)
                0x00000000c001be94                sysCallTTYName(regs*)
                0x00000000c001bf17                sysCallUSleep(regs*)
                0x00000000c001bf3e                sysCallSpawn(regs*)
                0x00000000c001bfb3                sysCallGetEnv(regs*)
                0x00000000c001c0eb                sysAppSettings(regs*)
                0x00000000c001c1ff                sysSetFatAttrib(regs*)
                0x00000000c001c271                sysPipe(regs*)
                0x00000000c001c2b6                sysGetUnixTime(regs*)
                0x00000000c001c2ca                string_ends_with(char const*, char const*)
                0x00000000c001c312                sysCallOpen(regs*)
                0x00000000c001c527                Sys::loadSyscalls()
                0x00000000c001c71c                Sys::systemCall(regs*, void*)
 .text          0x00000000c001c75e     0x11fd thr/elf.32
                0x00000000c001c75e                Thr::allocateMemoryForTask(Process*, File*, unsigned long, unsigned long, unsigned long)
                0x00000000c001ca08                Thr::loadProgramIntoMemory(Process*, char const*)
                0x00000000c001cc1e                Thr::runtimeReferenceHelper()
                0x00000000c001cc31                Thr::getAddressOfKernelSymbol(char const*)
                0x00000000c001cc80                Thr::loadKernelSymbolTable(char const*)
                0x00000000c001cf3e                Thr::loadDriverIntoMemory(char const*, unsigned long, bool)
                0x00000000c001d674                Thr::getDriverBaseFromAddress(unsigned long)
                0x00000000c001d6a6                Thr::getDriverNameFromAddress(unsigned long)
                0x00000000c001d6dd                Thr::getDriverOffsetFromAddress(unsigned long)
                0x00000000c001d6f7                Thr::loadDLL(char const*, bool)
                0x00000000c001d922                Thr::executeDLL(unsigned long, void*)
 *fill*         0x00000000c001d95b        0x1 
 .text          0x00000000c001d95c     0x1315 thr/prcssthr.32
                0x00000000c001d95c                userModeEntryPoint(void*)
                0x00000000c001d982                changeTSS
                0x00000000c001d9b2                switchToThread(ThreadControlBlock*)
                0x00000000c001da5c                Process::addArgs(char**)
                0x00000000c001dab6                Process::Process(char const*, Process*, char**)
                0x00000000c001dab6                Process::Process(char const*, Process*, char**)
                0x00000000c001dc9a                Process::Process(bool, char const*, Process*, char**)
                0x00000000c001dc9a                Process::Process(bool, char const*, Process*, char**)
                0x00000000c001de49                taskStartupFunction
                0x00000000c001de52                Semaphore::Semaphore(int)
                0x00000000c001de52                Semaphore::Semaphore(int)
                0x00000000c001de80                Mutex::Mutex()
                0x00000000c001de80                Mutex::Mutex()
                0x00000000c001de92                Process::createThread(void (*)(void*), void*, int)
                0x00000000c001df98                Process::createUserThread()
                0x00000000c001dfb4                setupMultitasking(void (*)())
                0x00000000c001e0d6                schedule()
                0x00000000c001e15c                Semaphore::tryAcquire()
                0x00000000c001e218                Semaphore::assertLocked(char const*)
                0x00000000c001e287                blockTaskWithSchedulerLockAlreadyHeld(TaskState)
                0x00000000c001e2d5                blockTask(TaskState)
                0x00000000c001e302                waitTask(int, int*, int)
                0x00000000c001e344                nanoSleepUntil(unsigned long long)
                0x00000000c001e3d9                nanoSleep(unsigned long long)
                0x00000000c001e3f1                sleep(unsigned long long)
                0x00000000c001e40e                Semaphore::acquire()
                0x00000000c001e4b0                taskReturned
                0x00000000c001e4eb                Thr::processFromPID(int)
                0x00000000c001e59a                unblockTask(ThreadControlBlock*)
                0x00000000c001e647                cleanupTerminatedTask(ThreadControlBlock*)
                0x00000000c001e910                cleanerTaskFunction(void*)
                0x00000000c001ea09                terminateTask(int)
                0x00000000c001eb3b                Thr::terminateFromIRQ(int)
                0x00000000c001eb48                Semaphore::release()
 .text          0x00000000c001ec71      0xada vm86/vm8086.32
                0x00000000c001ec71                Vm::inbv(unsigned short)
                0x00000000c001ec84                Vm::outbv(unsigned short, unsigned char)
                0x00000000c001ecba                Vm::realToLinear(unsigned short, unsigned short)
                0x00000000c001ecca                Vm::getSegment(unsigned int)
                0x00000000c001ecd2                Vm::getOffset(unsigned int)
                0x00000000c001ecd7                Vm::mainloop2()
                0x00000000c001ed11                Vm::mainVm8086Loop(void*)
                0x00000000c001ed21                Vm::mainloop3(unsigned long)
                0x00000000c001ed47                Vm::initialise8086()
                0x00000000c001ed8a                Vm::finish8086()
                0x00000000c001edeb                Vm::getOutput8086(unsigned char*)
                0x00000000c001ee10                Vm::start8086(char const*, unsigned short, unsigned short, unsigned short, unsigned short)
                0x00000000c001ef78                Vm::doISR(regs*, int, unsigned char*, unsigned short, unsigned short)
                0x00000000c001f002                Vm::readByteFromReal(unsigned short, unsigned short)
                0x00000000c001f013                Vm::readWordFromReal(unsigned short, unsigned short)
                0x00000000c001f025                Vm::readDwordFromReal(unsigned short, unsigned short)
                0x00000000c001f036                Vm::writeByteFromReal(unsigned short, unsigned short, unsigned char)
                0x00000000c001f04b                Vm::writeWordFromReal(unsigned short, unsigned short, unsigned short)
                0x00000000c001f061                Vm::writeDwordFromReal(unsigned short, unsigned short, unsigned int)
                0x00000000c001f076                Vm::faultHandler(regs*)
 .text          0x00000000c001f74b      0xefd vm86/x87em.32
                0x00000000c001f74b                Vm::fpuInternalTo32(unsigned long long)
                0x00000000c001f7a6                Vm::fpuInternalTo64(unsigned long long)
                0x00000000c001f7af                Vm::fpu32ToInternal(unsigned int)
                0x00000000c001f7f4                Vm::fpu64ToInternal(unsigned long long)
                0x00000000c001f7fd                Vm::fpuFloatToLong(unsigned long long)
                0x00000000c001f858                Vm::fpuULongToFloat(unsigned long long)
                0x00000000c001f88e                Vm::fpuLongToFloat(long long)
                0x00000000c001f8e4                Vm::fpuGet0()
                0x00000000c001f8e9                Vm::fpuGet1()
                0x00000000c001f8f1                Vm::fpuGetPi()
                0x00000000c001f8f9                Vm::fpuGetLog2E()
                0x00000000c001f911                Vm::fpuGetLogE2()
                0x00000000c001f929                Vm::fpuGetLog210()
                0x00000000c001f941                Vm::fpuGetLog102()
                0x00000000c001f959                Vm::fpuIsSecondLarger(unsigned long long, unsigned long long)
                0x00000000c001f96d                Vm::fpuAreEqual(unsigned long long, unsigned long long)
                0x00000000c001f983                Vm::fpuUnorderedCompare(unsigned long long, unsigned long long)
                0x00000000c001f9d6                Vm::fpuAdd(unsigned long long, unsigned long long)
                0x00000000c001f9e7                Vm::fpuAbs(unsigned long long)
                0x00000000c001f9f0                Vm::fpuChs(unsigned long long)
                0x00000000c001fa00                Vm::fpuSub(unsigned long long, unsigned long long)
                0x00000000c001fa0f                Vm::fpuMultiply(unsigned long long, unsigned long long)
                0x00000000c001fa2e                Vm::fpuDivide(unsigned long long, unsigned long long)
                0x00000000c001fa4a                Vm::fpuSquare(unsigned long long)
                0x00000000c001fa60                Vm::fpuGetReg(int)
                0x00000000c001faa3                Vm::fpuSetReg(int, unsigned long long)
                0x00000000c001faee                Vm::fpuPush(unsigned long long)
                0x00000000c001fb4b                Vm::fpuPop()
                0x00000000c001fb9d                Vm::x87Handler(regs*)
 .text          0x00000000c0020648     0x1203 fs/fat/vfslink.32
                0x00000000c0020648                FAT::getName()
                0x00000000c002064e                FAT::tell(void*, unsigned long long*)
                0x00000000c0020682                FAT::stat(void*, unsigned long long*)
                0x00000000c00206b6                FAT::~FAT()
                0x00000000c00206b6                FAT::~FAT()
                0x00000000c00206da                FAT::~FAT()
                0x00000000c0020702                FAT::getlabel(LogicalDisk*, int, char*, unsigned int*)
                0x00000000c00207a0                FAT::setlabel(LogicalDisk*, int, char*)
                0x00000000c002085a                FAT::format(LogicalDisk*, int, char const*, int)
                0x00000000c0020a3e                FAT::tryMount(LogicalDisk*, int)
                0x00000000c0020c44                FAT::getFileFirstSector(char const*)
                0x00000000c0020d06                FAT::readDir(void*, unsigned long, void*, int*)
                0x00000000c0020e60                FAT::read(void*, unsigned long, void*, int*)
                0x00000000c0020eba                FAT::write(void*, unsigned long, void*, int*)
                0x00000000c0020f14                FAT::close(void*)
                0x00000000c0020f60                FAT::closeDir(void*)
                0x00000000c0020fac                FAT::seek(void*, unsigned long long)
                0x00000000c0021000                fatWrapperReadDisk
                0x00000000c0021047                fatWrapperWriteDisk
                0x00000000c002108e                fatWrapperIoctl
                0x00000000c0021192                FAT::FAT()
                0x00000000c0021192                FAT::FAT()
                0x00000000c00211e4                FAT::fixFilepath(char*)
                0x00000000c002121c                FAT::open(char const*, void**, FileOpenMode)
                0x00000000c0021344                FAT::openDir(char const*, void**)
                0x00000000c00213ea                FAT::stat(char const*, unsigned long long*, bool*)
                0x00000000c00214d4                FAT::unlink(char const*)
                0x00000000c002154e                FAT::chfatattr(char const*, unsigned char, unsigned char)
                0x00000000c00216a2                FAT::rename(char const*, char const*)
                0x00000000c0021766                FAT::mkdir(char const*)
                0x00000000c00217e0                FAT::exists(char const*)
 *fill*         0x00000000c002184b        0x1 
 .text          0x00000000c002184c      0xba5 fs/iso9660/vfslink.32
                0x00000000c002184c                ISO9660::format(LogicalDisk*, int, char const*, int)
                0x00000000c0021852                ISO9660::seek(void*, unsigned long long)
                0x00000000c0021882                ISO9660::tell(void*, unsigned long long*)
                0x00000000c00218a6                ISO9660::getName()
                0x00000000c00218ac                ISO9660::stat(void*, unsigned long long*)
                0x00000000c00218d0                ISO9660::chfatattr(char const*, unsigned char, unsigned char)
                0x00000000c00218d6                ISO9660::unlink(char const*)
                0x00000000c00218dc                ISO9660::write(void*, unsigned long, void*, int*)
                0x00000000c00218e2                ISO9660::rename(char const*, char const*)
                0x00000000c00218e8                ISO9660::mkdir(char const*)
                0x00000000c00218ee                ISO9660::close(void*)
                0x00000000c0021910                ISO9660::closeDir(void*)
                0x00000000c0021932                ISO9660::~ISO9660()
                0x00000000c0021932                ISO9660::~ISO9660()
                0x00000000c0021956                ISO9660::~ISO9660()
                0x00000000c002197d                __memmem(unsigned char*, int, unsigned char*, int)
                0x00000000c00219bf                readSectorFromCDROM(unsigned int, unsigned char*, char)
                0x00000000c0021a1a                ISO9660::tryMount(LogicalDisk*, int)
                0x00000000c0021a6a                ISO9660::read(void*, unsigned long, void*, int*)
                0x00000000c0021c6e                ISO9660::readDir(void*, unsigned long, void*, int*)
                0x00000000c0021ee8                readRoot(unsigned int*, unsigned int*, char)
                0x00000000c0021f3c                readRecursively(char*, unsigned int, unsigned int, unsigned int*, unsigned int*, char, int*)
                0x00000000c002210f                getFileData(char*, unsigned int*, unsigned int*, char, int*)
                0x00000000c002219e                ISO9660::open(char const*, void**, FileOpenMode)
                0x00000000c002225e                ISO9660::exists(char const*)
                0x00000000c0022282                ISO9660::stat(char const*, unsigned long long*, bool*)
                0x00000000c0022316                ISO9660::openDir(char const*, void**)
                0x00000000c00223ce                ISO9660::ISO9660()
                0x00000000c00223ce                ISO9660::ISO9660()
 *fill*         0x00000000c00223f1        0x1 
 .text          0x00000000c00223f2      0x3a6 hal/sound/sndchannel.32
                0x00000000c00223f2                SoundChannel::SoundChannel(int, int, int, int)
                0x00000000c00223f2                SoundChannel::SoundChannel(int, int, int, int)
                0x00000000c002252c                SoundChannel::~SoundChannel()
                0x00000000c002252c                SoundChannel::~SoundChannel()
                0x00000000c0022548                SoundChannel::getSampleRate()
                0x00000000c0022550                SoundChannel::getBits()
                0x00000000c0022558                SoundChannel::getBufferUsed()
                0x00000000c0022560                SoundChannel::getBufferSize()
                0x00000000c0022568                SoundChannel::unbuffer(float*, int, int)
                0x00000000c00225fc                SoundChannel::buffer16(short*, int)
                0x00000000c00226f8                SoundChannel::buffer8(unsigned char*, int)
 .text          0x00000000c0022798      0x504 hal/sound/sndhw.32
                0x00000000c0022798                SoundDevice::SoundDevice(char const*)
                0x00000000c0022798                SoundDevice::SoundDevice(char const*)
                0x00000000c0022804                SoundDevice::~SoundDevice()
                0x00000000c0022804                SoundDevice::~SoundDevice()
                0x00000000c002287e                SoundDevice::~SoundDevice()
                0x00000000c00228a8                SoundDevice::getFreeChannelNum()
                0x00000000c00228c2                SoundDevice::addChannel(SoundChannel*)
                0x00000000c0022932                SoundDevice::removeChannel(int)
                0x00000000c0022964                SoundDevice::floatTo16(float*, short*, int)
                0x00000000c0022a52                SoundDevice::floatTo8(float*, unsigned char*, int)
                0x00000000c0022b3a                SoundDevice::getAudio(int, float*, float*)
 .text          0x00000000c0022c9c        0x0 hw/bus/isa.32
 .text          0x00000000c0022c9c      0xbbb hw/bus/pci.32
                0x00000000c0022c9c                PCI::open(int, int, void*)
                0x00000000c0022cba                PCI::close(int, int, void*)
                0x00000000c0022cbe                PCI::PCI()
                0x00000000c0022cbe                PCI::PCI()
                0x00000000c0022d54                PCI::readBAR8(unsigned int, int)
                0x00000000c0022d70                PCI::readBAR16(unsigned int, int)
                0x00000000c0022d8e                PCI::readBAR32(unsigned int, int)
                0x00000000c0022daa                PCI::writeBAR8(unsigned int, unsigned char, int)
                0x00000000c0022dca                PCI::writeBAR16(unsigned int, unsigned short, int)
                0x00000000c0022e0e                PCI::writeBAR32(unsigned int, unsigned int, int)
                0x00000000c0022e2e                PCI::legacyMechanism(unsigned char, unsigned char, unsigned char, unsigned char)
                0x00000000c0022e9c                PCI::pciReadWord(unsigned char, unsigned char, unsigned char, unsigned char)
                0x00000000c0022f44                PCI::getVendorID(unsigned char, unsigned char, unsigned char)
                0x00000000c0022f68                PCI::getHeaderType(unsigned char, unsigned char, unsigned char)
                0x00000000c0022f90                PCI::getClassCode(unsigned char, unsigned char, unsigned char)
                0x00000000c0022fda                PCI::getProgIF(unsigned char, unsigned char, unsigned char)
                0x00000000c0023002                PCI::getRevisionID(unsigned char, unsigned char, unsigned char)
                0x00000000c0023026                PCI::getInterruptNumber(unsigned char, unsigned char, unsigned char)
                0x00000000c002304a                PCI::getSecondaryBus(unsigned char, unsigned char, unsigned char)
                0x00000000c0023072                PCI::getBARAddress(unsigned char, unsigned char, unsigned char, unsigned char)
                0x00000000c00230d6                PCI::pciWriteWord(unsigned char, unsigned char, unsigned char, unsigned char, unsigned short)
                0x00000000c00231be                PCI::pciDetailsToFilepath(PCIDeviceInfo, char*)
                0x00000000c002344a                PCI::checkBus(unsigned char)
                0x00000000c002346e                PCI::foundDevice(PCIDeviceInfo)
                0x00000000c00235e0                PCI::getDeviceData(unsigned char, unsigned char, unsigned char)
                0x00000000c0023798                PCI::checkDevice(unsigned char, unsigned char)
                0x00000000c0023804                PCI::detect()
 *fill*         0x00000000c0023857        0x1 
 .text          0x00000000c0023858      0xc70 hw/diskctrl/ide.32
                0x00000000c0023858                IDE::close(int, int, void*)
                0x00000000c002385c                IDE::IDE()
                0x00000000c002385c                IDE::IDE()
                0x00000000c0023890                IDE::prepareInterrupt(unsigned char)
                0x00000000c00238a2                selectDrive(unsigned char, unsigned char)
                0x00000000c00238a4                IDE::getBase(unsigned char)
                0x00000000c00238b6                IDE::write(unsigned char, unsigned char, unsigned char)
                0x00000000c0023976                IDE::read(unsigned char, unsigned char)
                0x00000000c0023a24                IDE::waitInterrupt(unsigned char)
                0x00000000c0023a8a                ideChannel0IRQHandler(regs*, void*)
                0x00000000c0023aa6                ideChannel1IRQHandler(regs*, void*)
                0x00000000c0023ac2                IDE::enableIRQs(unsigned char, bool)
                0x00000000c0023b08                IDE::open(int, int, void*)
                0x00000000c0023f18                IDE::readBuffer(unsigned char, unsigned char, unsigned int, unsigned int)
                0x00000000c0023fe4                IDE::detect()
                0x00000000c00242cc                IDE::printError(unsigned char, unsigned char, unsigned char)
                0x00000000c0024462                IDE::polling(unsigned char, unsigned int)
 .text          0x00000000c00244c8      0x390 hw/diskctrl/satabus.32
                0x00000000c00244c8                SATABus::close(int, int, void*)
                0x00000000c00244cc                SATABus::detect()
                0x00000000c00244ce                SATABus::SATABus()
                0x00000000c00244ce                SATABus::SATABus()
                0x00000000c002457a                SATABus::findCmdslot(SATABus::tagHBA_PORT volatile*)
                0x00000000c00245c2                SATABus::checkType(SATABus::tagHBA_PORT volatile*)
                0x00000000c002460a                SATABus::startCmd(SATABus::tagHBA_PORT volatile*)
                0x00000000c002462a                SATABus::stopCmd(SATABus::tagHBA_PORT volatile*)
                0x00000000c0024654                SATABus::portRebase(SATABus::tagHBA_PORT volatile*, int)
                0x00000000c002475a                SATABus::probePort(SATABus::tagHBA_MEM volatile*)
                0x00000000c0024838                SATABus::open(int, int, void*)
 .text          0x00000000c0024858      0x604 hw/diskphys/ata.32
                0x00000000c0024858                ATA::close(int, int, void*)
                0x00000000c002487c                ATA::powerSaving(PowerSavingLevel)
                0x00000000c002487e                ATA::ATA()
                0x00000000c002487e                ATA::ATA()
                0x00000000c00248ac                ATA::flush(bool)
                0x00000000c00248f6                ATA::readyForCommand()
                0x00000000c0024946                ATA::access(unsigned long long, int, void*, bool)
                0x00000000c0024cce                ATA::read(unsigned long long, int, void*)
                0x00000000c0024d1a                ATA::write(unsigned long long, int, void*)
                0x00000000c0024d66                ATA::detectCHS()
                0x00000000c0024d90                ATA::open(int, int, void*)
 .text          0x00000000c0024e5c      0x5bd hw/diskphys/atapi.32
                0x00000000c0024e5c                ATAPI::write(unsigned long long, int, void*)
                0x00000000c0024e62                ATAPI::close(int, int, void*)
                0x00000000c0024e86                ATAPI::ATAPI()
                0x00000000c0024e86                ATAPI::ATAPI()
                0x00000000c0024eb4                ATAPI::readyForCommand()
                0x00000000c0024f04                ATAPI::sendPacket(unsigned char*, int, bool, unsigned short*, int)
                0x00000000c00251c4                ATAPI::diskRemoved()
                0x00000000c00251e0                ATAPI::eject()
                0x00000000c0025228                ATAPI::diskInserted()
                0x00000000c0025256                ATAPI::detectMedia()
                0x00000000c0025312                ATAPI::open(int, int, void*)
                0x00000000c002539a                ATAPI::read(unsigned long long, int, void*)
 *fill*         0x00000000c0025419        0x1 
 .text          0x00000000c002541a      0x41c hw/diskphys/sata.32
                0x00000000c002541a                SATA::close(int, int, void*)
                0x00000000c002543e                SATA::powerSaving(PowerSavingLevel)
                0x00000000c0025440                SATA::open(int, int, void*)
                0x00000000c00254ea                SATA::SATA()
                0x00000000c00254ea                SATA::SATA()
                0x00000000c0025518                SATA::access(unsigned long long, int, void*, bool)
                0x00000000c002577e                SATA::read(unsigned long long, int, void*)
                0x00000000c00257ca                SATA::write(unsigned long long, int, void*)
 .text          0x00000000c0025836      0x4fe hw/diskphys/satapi.32
                0x00000000c0025836                SATAPI::write(unsigned long long, int, void*)
                0x00000000c002583c                SATAPI::close(int, int, void*)
                0x00000000c0025860                SATAPI::SATAPI()
                0x00000000c0025860                SATAPI::SATAPI()
                0x00000000c002588e                SATAPI::diskRemoved()
                0x00000000c00258aa                SATAPI::diskInserted()
                0x00000000c00258d8                SATAPI::sendPacket(unsigned char*, int, unsigned long long, unsigned short*, int)
                0x00000000c0025ae0                SATAPI::eject()
                0x00000000c0025b28                SATAPI::detectMedia()
                0x00000000c0025bea                SATAPI::open(int, int, void*)
                0x00000000c0025c92                SATAPI::read(unsigned long long, int, void*)
 .text          0x00000000c0025d34       0x8e hw/fpu/avx.32
                0x00000000c0025d34                AVX::open(int, int, void*)
                0x00000000c0025d46                AVX::close(int, int, void*)
                0x00000000c0025d58                AVX::available()
                0x00000000c0025d6a                AVX::save(void*)
                0x00000000c0025d82                AVX::load(void*)
                0x00000000c0025d9a                AVX::AVX()
                0x00000000c0025d9a                AVX::AVX()
 .text          0x00000000c0025dc2       0x90 hw/fpu/mmx.32
                0x00000000c0025dc2                MMX::available()
                0x00000000c0025dd6                MMX::open(int, int, void*)
                0x00000000c0025de8                MMX::close(int, int, void*)
                0x00000000c0025dfa                MMX::save(void*)
                0x00000000c0025e12                MMX::load(void*)
                0x00000000c0025e2a                MMX::MMX()
                0x00000000c0025e2a                MMX::MMX()
 .text          0x00000000c0025e52       0x96 hw/fpu/sse.32
                0x00000000c0025e52                SSE::open(int, int, void*)
                0x00000000c0025e64                SSE::close(int, int, void*)
                0x00000000c0025e76                SSE::available()
                0x00000000c0025e90                SSE::save(void*)
                0x00000000c0025ea8                SSE::load(void*)
                0x00000000c0025ec0                SSE::SSE()
                0x00000000c0025ec0                SSE::SSE()
 .text          0x00000000c0025ee8       0x8e hw/fpu/x87.32
                0x00000000c0025ee8                x87::open(int, int, void*)
                0x00000000c0025efa                x87::close(int, int, void*)
                0x00000000c0025f0c                x87::available()
                0x00000000c0025f1e                x87::save(void*)
                0x00000000c0025f36                x87::load(void*)
                0x00000000c0025f4e                x87::x87()
                0x00000000c0025f4e                x87::x87()
 .text          0x00000000c0025f76      0x71e hw/intctrl/apic.32
                0x00000000c0025f76                APIC::disable()
                0x00000000c0025f78                APIC::close(int, int, void*)
                0x00000000c0025f9a                IOAPIC::close(int, int, void*)
                0x00000000c0025fa0                APIC::io_wait()
                0x00000000c0025fa6                APIC::getBase()
                0x00000000c0025fe8                APIC::eoi(unsigned char)
                0x00000000c0026016                APIC::open(int, int, void*)
                0x00000000c0026164                IOAPIC::IOAPIC()
                0x00000000c0026164                IOAPIC::IOAPIC()
                0x00000000c002618c                APIC::APIC()
                0x00000000c002618c                APIC::APIC()
                0x00000000c0026268                IOAPIC::handlesGSIWithNumber(unsigned int)
                0x00000000c002629a                IOAPIC::read(int)
                0x00000000c00262c2                IOAPIC::open(int, int, void*)
                0x00000000c00263b8                IOAPIC::write(int, int)
                0x00000000c00263e4                IOAPIC::redirect(unsigned char, unsigned long long, unsigned char, bool, bool)
                0x00000000c00264de                APIC::installIRQHandler(int, void (*)(regs*, void*), bool, void*)
 .text          0x00000000c0026694      0x3d3 hw/intctrl/pic.32
                0x00000000c0026694                PIC::disable()
                0x00000000c00266c2                PIC::close(int, int, void*)
                0x00000000c00266e4                PIC::PIC()
                0x00000000c00266e4                PIC::PIC()
                0x00000000c00267ba                PIC::ioWait()
                0x00000000c00267c0                PIC::getIRQReg(int)
                0x00000000c002682a                PIC::eoi(unsigned char)
                0x00000000c00268bc                PIC::remap()
                0x00000000c0026a28                PIC::open(int, int, void*)
 *fill*         0x00000000c0026a67        0x1 
 .text          0x00000000c0026a68      0x25e hw/timer/apictimer.32
                0x00000000c0026a68                APICTimer::close(int, int, void*)
                0x00000000c0026a6e                apicTimerHandler(regs*, void*)
                0x00000000c0026a9c                APICTimer::write(int)
                0x00000000c0026ba0                APICTimer::open(int, int, void*)
                0x00000000c0026c9e                APICTimer::APICTimer()
                0x00000000c0026c9e                APICTimer::APICTimer()
 .text          0x00000000c0026cc6      0x1a7 hw/timer/pit.32
                0x00000000c0026cc6                PIT::write(int)
                0x00000000c0026d44                pitHandler(regs*, void*)
                0x00000000c0026d70                PIT::open(int, int, void*)
                0x00000000c0026dbe                PIT::close(int, int, void*)
                0x00000000c0026dee                PIT::PIT()
                0x00000000c0026dee                PIT::PIT()
 *fill*         0x00000000c0026e6d        0x3 
 .text          0x00000000c0026e70       0x1e hw/fpu/x86/avx.32
                0x00000000c0026e70                avxDetect
                0x00000000c0026e76                avxSave
                0x00000000c0026e77                avxLoad
                0x00000000c0026e78                avxInit
                0x00000000c0026e79                avxClose
                0x00000000c0026e7a                wouldSheSayYes
 *fill*         0x00000000c0026e8e        0x2 
 .text          0x00000000c0026e90       0x35 hw/fpu/x86/sse.32
                0x00000000c0026e90                absolutelyNoChanceInHell
                0x00000000c0026e90                sseDetect
                0x00000000c0026ea8                sseSave
                0x00000000c0026eae                sseLoad
                0x00000000c0026eb4                sseInit
                0x00000000c0026ec4                sseClose
 *fill*         0x00000000c0026ec5        0xb 
 .text          0x00000000c0026ed0       0x4d hw/fpu/x86/x87.32
                0x00000000c0026ed6                x87Detect
                0x00000000c0026ef1                x87Save
                0x00000000c0026efa                x87Load
                0x00000000c0026f02                x87Init
                0x00000000c0026f1c                x87Close
 *fill*         0x00000000c0026f1d        0x3 
 .text          0x00000000c0026f20       0x25 /cygdrive/d/Users/Alex/Desktop/Toolchain/Output/bin/../lib/gcc/i386-banana/8.1.0/crtend.o
 .text          0x00000000c0026f45        0x0 crtn.32
 *fill*         0x00000000c0026f45        0x3 
 .text          0x00000000c0026f48      0x14b /cygdrive/d/Users/Alex/Desktop/Toolchain/Output/bin/../lib/gcc/i386-banana/8.1.0/libkgcc.a(_divdi3.o)
                0x00000000c0026f48                __divdi3
 *fill*         0x00000000c0027093        0x1 
 .text          0x00000000c0027094      0x17e /cygdrive/d/Users/Alex/Desktop/Toolchain/Output/bin/../lib/gcc/i386-banana/8.1.0/libkgcc.a(_moddi3.o)
                0x00000000c0027094                __moddi3
 *fill*         0x00000000c0027212        0x2 
 .text          0x00000000c0027214       0xff /cygdrive/d/Users/Alex/Desktop/Toolchain/Output/bin/../lib/gcc/i386-banana/8.1.0/libkgcc.a(_udivdi3.o)
                0x00000000c0027214                __udivdi3
 *fill*         0x00000000c0027313        0x1 
 .text          0x00000000c0027314      0x11a /cygdrive/d/Users/Alex/Desktop/Toolchain/Output/bin/../lib/gcc/i386-banana/8.1.0/libkgcc.a(_umoddi3.o)
                0x00000000c0027314                __umoddi3
 .text          0x00000000c002742e      0x96d D:/Users/Alex/Desktop/Banana/kernel/libsoftfp.a(sfieeelib.o)
                0x00000000c002742e                __addsf3
                0x00000000c0027730                __subsf3
                0x00000000c0027744                __negsf2
                0x00000000c0027751                __mulsf3
                0x00000000c0027914                __divsf3
                0x00000000c0027b3f                __floatsisf
                0x00000000c0027bb3                __floatunsisf
                0x00000000c0027bf5                __fixsfsi
                0x00000000c0027c57                __fixunssfsi
                0x00000000c0027c88                __cmpsf2
                0x00000000c0027d1d                __eqsf2
                0x00000000c0027d58                __nesf2
                0x00000000c0027d5a                __gtsf2