Archive member included to satisfy reference by file (symbol)

/cygdrive/d/Users/Alex/Desktop/Toolchain/Output/bin/../lib/gcc/i386-banana/8.1.0/libkgcc.a(_divdi3.o)
                              fs/fat/ff.32 (__divdi3)
/cygdrive/d/Users/Alex/Desktop/Toolchain/Output/bin/../lib/gcc/i386-banana/8.1.0/libkgcc.a(_moddi3.o)
                              compat/resolve.32 (__moddi3)
/cygdrive/d/Users/Alex/Desktop/Toolchain/Output/bin/../lib/gcc/i386-banana/8.1.0/libkgcc.a(_udivdi3.o)
                              fs/fat/ff.32 (__udivdi3)
/cygdrive/d/Users/Alex/Desktop/Toolchain/Output/bin/../lib/gcc/i386-banana/8.1.0/libkgcc.a(_umoddi3.o)
                              compat/resolve.32 (__umoddi3)
D:/Users/Alex/Desktop/Banana/kernel/libsoftfp.a(sfieeelib.o)
                              hal/libresample/src_linear.32 (__subsf3)
D:/Users/Alex/Desktop/Banana/kernel/libsoftfp.a(dfieeelib.o)
                              hal/libresample/src_linear.32 (__adddf3)
D:/Users/Alex/Desktop/Banana/kernel/libsoftfp.a(sfdfcvt.o)
                              hal/libresample/samplerate.32 (__truncdfsf2)
D:/Users/Alex/Desktop/Banana/kernel/libk/libm32.a(s_fabs.c.o)
                              hal/libresample/samplerate.32 (fabs)
D:/Users/Alex/Desktop/Banana/kernel/libk/libm32.a(s_lrint.S.o)
                              hal/libresample/samplerate.32 (lrint)
D:/Users/Alex/Desktop/Banana/kernel/libk/libm32.a(s_lrintf.S.o)
                              hal/sound/sndhw.32 (lrintf)

Discarded input sections

 .comment       0x0000000000000000       0x12 /cygdrive/d/Users/Alex/Desktop/Toolchain/Output/bin/../lib/gcc/i386-banana/8.1.0/crtbegin.o
 .comment       0x0000000000000000       0x12 acpica/utclib.32
 .comment       0x0000000000000000       0x12 core/malloc.32
 .comment       0x0000000000000000       0x12 libk/string.32
 .comment       0x0000000000000000       0x12 fs/fat/diskio.32
 .comment       0x0000000000000000       0x12 fs/fat/ff.32
 .comment       0x0000000000000000       0x12 fs/fat/ffsystem.32
 .comment       0x0000000000000000       0x12 fs/fat/ffunicode.32
 .comment       0x0000000000000000       0x12 hal/libresample/samplerate.32
 .comment       0x0000000000000000       0x12 hal/libresample/src_linear.32
 .comment       0x0000000000000000       0x12 hal/libresample/src_sinc.32
 .comment       0x0000000000000000       0x12 hal/libresample/src_zoh.32
 .comment       0x0000000000000000       0x12 compat/inlines.32
 .comment       0x0000000000000000       0x12 compat/resolve.32
 .group         0x0000000000000000       0x14 core/computer.32
 .group         0x0000000000000000        0xc core/computer.32
 .comment       0x0000000000000000       0x12 core/computer.32
 .comment       0x0000000000000000       0x12 core/gdt.32
 .group         0x0000000000000000        0xc core/idle.32
 .comment       0x0000000000000000       0x12 core/idle.32
 .comment       0x0000000000000000       0x12 core/idt.32
 .comment       0x0000000000000000       0x12 core/kheap.32
 .comment       0x0000000000000000       0x12 core/main.32
 .comment       0x0000000000000000       0x12 core/physmgr.32
 .group         0x0000000000000000        0xc core/pipe.32
 .comment       0x0000000000000000       0x12 core/pipe.32
 .group         0x0000000000000000        0xc core/terminal.32
 .comment       0x0000000000000000       0x12 core/terminal.32
 .comment       0x0000000000000000       0x12 core/tss.32
 .group         0x0000000000000000        0x8 core/unixfile.32
 .group         0x0000000000000000        0x8 core/unixfile.32
 .group         0x0000000000000000        0xc core/unixfile.32
 .group         0x0000000000000000        0x8 core/unixfile.32
 .group         0x0000000000000000        0xc core/unixfile.32
 .group         0x0000000000000000        0x8 core/unixfile.32
 .group         0x0000000000000000        0xc core/unixfile.32
 .group         0x0000000000000000        0xc core/unixfile.32
 .comment       0x0000000000000000       0x12 core/unixfile.32
 .comment       0x0000000000000000       0x12 core/virtmgr.32
 .comment       0x0000000000000000       0x12 coreobjs/c++.32
 .comment       0x0000000000000000       0x12 dbg/kconsole.32
 .group         0x0000000000000000        0xc fs/vfs.32
 .group         0x0000000000000000        0xc fs/vfs.32
 .group         0x0000000000000000        0xc fs/vfs.32
 .comment       0x0000000000000000       0x12 fs/vfs.32
 .group         0x0000000000000000        0xc hal/bus.32
 .comment       0x0000000000000000       0x12 hal/bus.32
 .group         0x0000000000000000        0xc hal/buzzer.32
 .comment       0x0000000000000000       0x12 hal/buzzer.32
 .group         0x0000000000000000        0xc hal/clock.32
 .comment       0x0000000000000000       0x12 hal/clock.32
 .group         0x0000000000000000       0x14 hal/device.32
 .group         0x0000000000000000        0xc hal/device.32
 .group         0x0000000000000000        0x8 hal/device.32
 .group         0x0000000000000000        0xc hal/device.32
[...]
Memory Configuration

Name             Origin             Length             Attributes
*default*        0x0000000000000000 0xffffffffffffffff

Linker script and memory map

LOAD D:/Users/Alex/Desktop/Banana/kernel/boot.32
LOAD crti.32
LOAD /cygdrive/d/Users/Alex/Desktop/Toolchain/Output/bin/../lib/gcc/i386-banana/8.1.0/crtbegin.o
LOAD D:/Users/Alex/Desktop/Banana/kernel/morenasm.32
LOAD acpica/utclib.32
LOAD core/malloc.32
LOAD libk/string.32
LOAD fs/fat/diskio.32
LOAD fs/fat/ff.32
LOAD fs/fat/ffsystem.32
LOAD fs/fat/ffunicode.32
LOAD hal/libresample/samplerate.32
LOAD hal/libresample/src_linear.32
LOAD hal/libresample/src_sinc.32
LOAD hal/libresample/src_zoh.32
LOAD compat/inlines.32
LOAD compat/resolve.32
LOAD core/computer.32
LOAD core/gdt.32
LOAD core/idle.32
LOAD core/idt.32
LOAD core/kheap.32
LOAD core/main.32
LOAD core/physmgr.32
LOAD core/pipe.32
LOAD core/terminal.32
LOAD core/tss.32
LOAD core/unixfile.32
LOAD core/virtmgr.32
LOAD coreobjs/c++.32
LOAD dbg/kconsole.32
LOAD fs/vfs.32
LOAD hal/bus.32
LOAD hal/buzzer.32
LOAD hal/clock.32
LOAD hal/device.32
LOAD hal/diskctrl.32
LOAD hal/diskphys.32
LOAD hal/fpu.32
LOAD hal/intctrl.32
LOAD hal/keybrd.32
LOAD hal/logidisk.32
LOAD hal/mouse.32
LOAD hal/partition.32
LOAD hal/serial.32
LOAD hal/timer.32
LOAD hal/vcache.32
LOAD hal/video.32
LOAD hw/acpi.32
LOAD hw/cpu.32
LOAD hw/ports.32
LOAD hw/smp.32
LOAD krnl/env.32
LOAD krnl/panic.32
LOAD net/ethernet.32
LOAD reg/registry.32
LOAD sys/sc_eject.32
LOAD sys/sc_exit.32
LOAD sys/sc_getcwd.32
LOAD sys/sc_getpid.32
LOAD sys/sc_getramdata.32
LOAD sys/sc_getvgaptr.32
LOAD sys/sc_loaddll.32
LOAD sys/sc_read.32
LOAD sys/sc_sbrk.32
LOAD sys/sc_setcwd.32
LOAD sys/sc_settime.32
LOAD sys/sc_timezone.32
LOAD sys/sc_write.32
LOAD sys/sc_wsbe.32
LOAD sys/sc_yield.32
LOAD sys/syscalls.32
LOAD thr/elf.32
LOAD thr/prcssthr.32
LOAD vm86/vm8086.32
LOAD vm86/x87em.32
LOAD fs/fat/vfslink.32
LOAD fs/iso9660/vfslink.32
LOAD hal/sound/sndchannel.32
LOAD hal/sound/sndhw.32
LOAD hw/bus/isa.32
LOAD hw/bus/pci.32
LOAD hw/diskctrl/ide.32
LOAD hw/diskctrl/satabus.32
LOAD hw/diskphys/ata.32
LOAD hw/diskphys/atapi.32
LOAD hw/diskphys/sata.32
LOAD hw/diskphys/satapi.32
LOAD hw/fpu/avx.32
LOAD hw/fpu/mmx.32
LOAD hw/fpu/sse.32
LOAD hw/fpu/x87.32
LOAD hw/intctrl/apic.32
LOAD hw/intctrl/pic.32
LOAD hw/timer/apictimer.32
LOAD hw/timer/pit.32
LOAD hw/fpu/x86/avx.32
LOAD hw/fpu/x86/sse.32
LOAD hw/fpu/x86/x87.32
LOAD /cygdrive/d/Users/Alex/Desktop/Toolchain/Output/bin/../lib/gcc/i386-banana/8.1.0/crtend.o
LOAD crtn.32
LOAD /cygdrive/d/Users/Alex/Desktop/Toolchain/Output/bin/../lib/gcc/i386-banana/8.1.0/libkgcc.a
LOAD D:/Users/Alex/Desktop/Banana/kernel/libsoftfp.a
LOAD D:/Users/Alex/Desktop/Banana/kernel/libk/libm32.a
                0x00000000c0000000                . = 0xc0000000

.text           0x00000000c0000000    0x283d8
 *(.text)
 .text          0x00000000c0000000       0x41 D:/Users/Alex/Desktop/Banana/kernel/boot.32
                0x00000000c0000020                callGlobalConstructors
 .text          0x00000000c0000041        0x0 crti.32
 *fill*         0x00000000c0000041        0x3 
 .text          0x00000000c0000044      0x101 /cygdrive/d/Users/Alex/Desktop/Toolchain/Output/bin/../lib/gcc/i386-banana/8.1.0/crtbegin.o
 *fill*         0x00000000c0000145        0xb 
 .text          0x00000000c0000150      0x4fb D:/Users/Alex/Desktop/Banana/kernel/morenasm.32
                0x00000000c0000150                manualPCIProbe
                0x00000000c000019b                prepareTramp
                0x00000000c00001b4                voodooXADD
                0x00000000c000027f                doTPAUSE
                0x00000000c0000289                hasLegacyFPU
                0x00000000c00002ae                is486
                0x00000000c00002e4                detectCPUID
                0x00000000c00002fa                goToVM86
                0x00000000c000032a                goToUsermode
                0x00000000c0000354                switchToThreadASMFirstTime
                0x00000000c0000362                switchToThreadASM
                0x00000000c00003f2                asmQuickAcquireLock
                0x00000000c0000410                asmQuickReleaseLock
                0x00000000c000041c                asmAcquireLock
                0x00000000c000043d                asmReleaseLock
                0x00000000c0000450                loadGDT
                0x00000000c0000470                isr0
                0x00000000c0000480                isr1
                0x00000000c000048a                isr2
                0x00000000c0000494                isr3
                0x00000000c000049e                isr4
                0x00000000c00004a8                isr5
                0x00000000c00004b2                isr6
                0x00000000c00004bc                isr7
                0x00000000c00004c6                isr8
                0x00000000c00004ce                isr9
                0x00000000c00004d8                isr10
                0x00000000c00004e0                isr11
                0x00000000c00004e8                isr12
                0x00000000c00004f0                isr13
                0x00000000c00004f8                isr14
                0x00000000c0000500                isr15
                0x00000000c000050a                isr16
                0x00000000c0000514                isr17
                0x00000000c000051e                isr18
                0x00000000c0000528                irq3
                0x00000000c0000532                irq4
                0x00000000c000053c                irq5
                0x00000000c0000546                irq6
                0x00000000c0000550                irq7
                0x00000000c000055a                irq8
                0x00000000c0000564                irq9
                0x00000000c000056e                irq10
                0x00000000c0000578                irq11
                0x00000000c0000582                irq12
                0x00000000c000058c                irq13
                0x00000000c0000596                irq14
                0x00000000c00005a0                irq15
                0x00000000c00005aa                irq1
                0x00000000c00005b1                irq2
                0x00000000c00005b8                isr96
                0x00000000c00005bf                irq0
                0x00000000c00005c4                syscall_common_stub
                0x00000000c00005c4                int_common_stub
                0x00000000c00005f6                irq16
                0x00000000c0000600                irq17
                0x00000000c000060a                irq18
                0x00000000c0000614                irq19
                0x00000000c000061e                irq20
                0x00000000c0000628                irq21
                0x00000000c0000632                irq22
                0x00000000c000063c                irq23
                0x00000000c0000646                memcpy
 *fill*         0x00000000c000064b        0x1 
 .text          0x00000000c000064c      0x5dd acpica/utclib.32
                0x00000000c000064c                memcmp
                0x00000000c0000688                memmove
                0x00000000c0000750                memset
                0x00000000c000076c                strlen
                0x00000000c0000784                strpbrk
                0x00000000c00007c0                strtok
                0x00000000c000080c                strcpy
                0x00000000c0000830                strncpy
                0x00000000c0000898                strcmp
                0x00000000c00008d8                strchr
                0x00000000c00008fc                strncmp
                0x00000000c000094c                strcat
                0x00000000c000097c                strncat
                0x00000000c00009b8                strstr
                0x00000000c0000a00                toupper
                0x00000000c0000a14                tolower
                0x00000000c0000a28                simple_strtoul
 .text          0x00000000c0000c29      0xfad core/malloc.32
                0x00000000c0000d94                dlfree
                0x00000000c00010ef                dlmalloc
                0x00000000c000162c                dlrealloc
                0x00000000c00017cf                dlmemalign
                0x00000000c00018f2                dlcalloc
                0x00000000c000198c                dlcfree
                0x00000000c0001991                dlindependent_calloc
                0x00000000c00019b6                dlindependent_comalloc
                0x00000000c00019cd                dlvalloc
                0x00000000c00019f8                dlpvalloc
                0x00000000c0001a2e                dlmalloc_trim
                0x00000000c0001a3b                dlmalloc_usable_size
                0x00000000c0001a6c                dlmallinfo
                0x00000000c0001b3b                dlmalloc_stats
                0x00000000c0001b4c                dlmallopt
 .text          0x00000000c0001bd6        0x0 libk/string.32
 .text          0x00000000c0001bd6       0x51 fs/fat/diskio.32
                0x00000000c0001bd6                disk_status
                0x00000000c0001bd9                disk_initialize
                0x00000000c0001bdc                disk_read
                0x00000000c0001bf2                disk_write
                0x00000000c0001c08                disk_ioctl
 .text          0x00000000c0001c27     0x6833 fs/fat/ff.32
                0x00000000c0004ef5                f_mount
                0x00000000c0004f57                f_open
                0x00000000c0005393                f_read
                0x00000000c0005613                f_write
                0x00000000c00058cd                f_sync
                0x00000000c0005aa9                f_close
                0x00000000c0005ad8                f_lseek
                0x00000000c0005f8f                f_opendir
                0x00000000c0006091                f_closedir
                0x00000000c00060b3                f_readdir
                0x00000000c000614e                f_stat
                0x00000000c00061dd                f_getfree
                0x00000000c00063a8                f_truncate
                0x00000000c00064a0                f_unlink
                0x00000000c0006623                f_mkdir
                0x00000000c000684f                f_rename
                0x00000000c0006b42                f_chmod
                0x00000000c0006c20                f_utime
                0x00000000c0006cfe                f_getlabel
                0x00000000c0006eec                f_setlabel
                0x00000000c0007159                f_forward
                0x00000000c0007337                f_mkfs
 .text          0x00000000c000845a       0x2d fs/fat/ffsystem.32
                0x00000000c000845a                ff_memalloc
                0x00000000c0008470                ff_memfree
 .text          0x00000000c0008487      0x253 fs/fat/ffunicode.32
                0x00000000c0008487                ff_uni2oem
                0x00000000c0008517                ff_oem2uni
                0x00000000c0008583                ff_wtoupper
 .text          0x00000000c00086da      0x8fb hal/libresample/samplerate.32
                0x00000000c000871e                src_delete
                0x00000000c000875a                src_process
                0x00000000c0008910                src_callback_read
                0x00000000c0008a8d                src_set_ratio
                0x00000000c0008af7                src_get_channels
                0x00000000c0008b19                src_reset
                0x00000000c0008b65                src_new
                0x00000000c0008bf3                src_callback_new
                0x00000000c0008c55                src_get_name
                0x00000000c0008c8c                src_get_description
                0x00000000c0008cc3                src_get_version
                0x00000000c0008cc9                src_is_valid_ratio
                0x00000000c0008d1d                src_error
                0x00000000c0008d2b                src_strerror
                0x00000000c0008d3e                src_simple
                0x00000000c0008d91                src_short_to_float_array
                0x00000000c0008df6                src_float_to_short_array
                0x00000000c0008eb5                src_int_to_float_array
                0x00000000c0008f18                src_float_to_int_array
 .text          0x00000000c0008fd5      0x8cb hal/libresample/src_linear.32
                0x00000000c00097fb                linear_get_name
                0x00000000c000980a                linear_get_description
                0x00000000c0009819                linear_set_converter
 .text          0x00000000c00098a0     0x447c hal/libresample/src_sinc.32
                0x00000000c000dc33                sinc_get_name
                0x00000000c000dc46                sinc_get_description
                0x00000000c000dc59                sinc_set_converter
 .text          0x00000000c000dd1c      0x77c hal/libresample/src_zoh.32
                0x00000000c000e3f3                zoh_get_name
                0x00000000c000e402                zoh_get_description
                0x00000000c000e411                zoh_set_converter
 .text          0x00000000c000e498       0xa7 compat/inlines.32
                0x00000000c000e498                CPU::current()
                0x00000000c000e4a4                operator new(unsigned long)
                0x00000000c000e4a9                operator delete(void*)
                0x00000000c000e4ae                disableIRQs()
                0x00000000c000e4b6                enableIRQs()
                0x00000000c000e4c5                lockScheduler()
                0x00000000c000e4cd                unlockScheduler()
                0x00000000c000e4dc                lockStuff()
                0x00000000c000e4ea                unlockStuff()
                0x00000000c000e524                Virt::getAKernelVAS()
                0x00000000c000e52a                __not_memcpy
 .text          0x00000000c000e53f      0x111 compat/resolve.32
                0x00000000c000e53f                Krnl::resolveCompatibilitySymbol(char*)
 .text          0x00000000c000e650      0x741 core/computer.32
                0x00000000c000e650                Computer::close(int, int, void*)
                0x00000000c000e694                Krnl::firstTask()
                0x00000000c000e7d6                Computer::Computer()
                0x00000000c000e7d6                Computer::Computer()
                0x00000000c000e932                Computer::setBootMessage(char const*)
                0x00000000c000e934                Computer::detectFeatures()
                0x00000000c000eb3e                Computer::displayFeatures()
                0x00000000c000eb40                Computer::rdmsr(unsigned int)
                0x00000000c000eb6c                Computer::wrmsr(unsigned int, unsigned long long)
                0x00000000c000eba4                Computer::nmiEnabled()
                0x00000000c000ebb0                Computer::readCMOS(unsigned char)
                0x00000000c000ebca                Computer::enableNMI(bool)
                0x00000000c000ebe2                Computer::open(int, int, void*)
                0x00000000c000ecd4                Computer::disableNMI()
                0x00000000c000ece2                Computer::writeCMOS(unsigned char, unsigned char)
                0x00000000c000ed00                Computer::handleNMI()
                0x00000000c000ed66                Computer::setDiskActivityLight(int, bool)
 *fill*         0x00000000c000ed91        0x1 
 .text          0x00000000c000ed92      0x19d core/gdt.32
                0x00000000c000ed92                GDTEntry::setBase(unsigned int)
                0x00000000c000edae                GDTEntry::setLimit(unsigned int)
                0x00000000c000edcc                GDT::GDT()
                0x00000000c000edcc                GDT::GDT()
                0x00000000c000ede2                GDT::addEntry(GDTEntry)
                0x00000000c000ee04                GDT::getNumberOfEntries()
                0x00000000c000ee0c                GDT::flush()
                0x00000000c000ee2e                GDT::setup()
 .text          0x00000000c000ef2f       0x6b core/idle.32
                0x00000000c000ef2f                idleFunction(void*)
 .text          0x00000000c000ef9a      0x45e core/idt.32
                0x00000000c000ef9a                IDTEntry::IDTEntry(bool)
                0x00000000c000ef9a                IDTEntry::IDTEntry(bool)
                0x00000000c000f008                IDTEntry::setOffset(unsigned int)
                0x00000000c000f01c                IDT::IDT()
                0x00000000c000f01c                IDT::IDT()
                0x00000000c000f01e                IDT::getPointerToInvalidOpcodeEntryForF00F()
                0x00000000c000f026                IDT::addEntry(IDTEntry, int)
                0x00000000c000f040                IDT::addEntry(int, void (*)(), bool)
                0x00000000c000f078                IDT::flush()
                0x00000000c000f092                IDT::setup()
 .text          0x00000000c000f3f8      0x1fb core/kheap.32
                0x00000000c000f3f8                sbrk
                0x00000000c000f505                mmap
                0x00000000c000f51b                munmap
                0x00000000c000f531                liballoc_lock()
                0x00000000c000f53e                liballoc_unlock()
                0x00000000c000f552                liballoc_alloc(int)
                0x00000000c000f56a                liballoc_free(void*, int)
                0x00000000c000f585                realloc
                0x00000000c000f599                malloc
                0x00000000c000f5a9                free
                0x00000000c000f5b9                rfree
                0x00000000c000f5c9                calloc
 .text          0x00000000c000f5f3      0x1b6 core/main.32
                0x00000000c000f5f3                Krnl::setBootMessage(char const*)
                0x00000000c000f65f                kernel_main
 .text          0x00000000c000f7a9      0x5b5 core/physmgr.32
                0x00000000c000f7a9                Phys::allocateDMA(unsigned long)
                0x00000000c000f877                Phys::freeDMA(unsigned long, unsigned long)
                0x00000000c000f8d6                Phys::setPageState(unsigned long, bool)
                0x00000000c000f908                Phys::getPageState(unsigned long)
                0x00000000c000f924                Phys::freePage(unsigned long)
                0x00000000c000f995                Phys::allocatePage()
                0x00000000c000fa8d                Phys::allocateContiguousPages(int)
                0x00000000c000fae9                Phys::allowSegmentToBeUsed(unsigned long, unsigned long)
                0x00000000c000fb21                Phys::physicalMemorySetup(unsigned int)
 .text          0x00000000c000fd5e      0x273 core/pipe.32
                0x00000000c000fd5e                Pipe::isAtty()
                0x00000000c000fd62                Pipe::~Pipe()
                0x00000000c000fd62                Pipe::~Pipe()
                0x00000000c000fd86                Pipe::~Pipe()
                0x00000000c000fdae                Pipe::read(unsigned long long, void*, int*)
                0x00000000c000feaa                Pipe::write(unsigned long long, void*, int*)
                0x00000000c000ff6a                Pipe::Pipe(int)
                0x00000000c000ff6a                Pipe::Pipe(int)
 *fill*         0x00000000c000ffd1        0x1 
 .text          0x00000000c000ffd2      0xb91 core/terminal.32
                0x00000000c000ffd2                VgaText::isAtty()
                0x00000000c000ffd6                VgaText::~VgaText()
                0x00000000c000ffd6                VgaText::~VgaText()
                0x00000000c000fffa                VgaText::~VgaText()
                0x00000000c0010024                VgaText::read(unsigned long long, void*, int*)
                0x00000000c0010044                setTerminalScrollLock(bool)
                0x00000000c0010045                addToTerminalCycle(VgaText*)
                0x00000000c0010066                installVgaTextImplementation()
                0x00000000c001007b                scrollTerminalScrollLock(int)
                0x00000000c001007c                VgaText::updateTitle()
                0x00000000c00100ba                VgaText::load()
                0x00000000c0010108                VgaText::updateCursor()
                0x00000000c001011e                VgaText::doANSI_SGR(int)
                0x00000000c0010192                VgaText::setDefaultBgColour(VgaColour)
                0x00000000c00101a2                VgaText::setDefaultFgColour(VgaColour)
                0x00000000c00101b2                VgaText::setDefaultColours(VgaColour, VgaColour)
                0x00000000c00101d2                VgaText::setTitleTextColour(VgaColour)
                0x00000000c00101e2                VgaText::setTitleColour(VgaColour)
                0x00000000c00101f2                VgaText::setTitle(char*)
                0x00000000c0010218                VgaText::combineColours(unsigned char, unsigned char)
                0x00000000c001022a                VgaText::scrollScreen()
                0x00000000c00102be                VgaText::combineCharAndColour(char, unsigned char)
                0x00000000c00102d0                VgaText::writeCharacter(char, VgaColour, VgaColour, int, int)
                0x00000000c001032c                VgaText::getCursorX()
                0x00000000c0010334                VgaText::getCursorY()
                0x00000000c001033c                VgaText::setCursor(int, int)
                0x00000000c0010353                setActiveTerminal(VgaText*)
                0x00000000c00103b5                doTerminalCycle()
                0x00000000c00103d0                VgaText::setCursorX(int)
                0x00000000c00103e8                VgaText::setCursorY(int)
                0x00000000c0010400                VgaText::incrementCursor(bool)
                0x00000000c0010454                VgaText::decrementCursor(bool)
                0x00000000c0010476                VgaText::putchar(char, VgaColour, VgaColour)
                0x00000000c001054e                VgaText::doUpdate()
                0x00000000c001055c                VgaText::puts(char const*, VgaColour, VgaColour)
                0x00000000c00106d4                VgaText::clearScreen()
                0x00000000c001072e                VgaText::putchar(char)
                0x00000000c001081a                VgaText::putx(unsigned int)
                0x00000000c0010860                VgaText::puts(char const*)
                0x00000000c0010886                VgaText::VgaText(char const*)
                0x00000000c0010886                VgaText::VgaText(char const*)
                0x00000000c0010a02                VgaText::receiveKey(unsigned char)
                0x00000000c0010aea                VgaText::write(unsigned long long, void*, int*)
                0x00000000c0010b3e                newTerminal(char*)
 *fill*         0x00000000c0010b63        0x1 
 .text          0x00000000c0010b64      0x19d core/tss.32
                0x00000000c0010b64                TSS::TSS()
                0x00000000c0010b64                TSS::TSS()
                0x00000000c0010b72                TSS::setESP(unsigned long)
                0x00000000c0010b84                TSS::flush()
                0x00000000c0010ba4                TSS::setup(unsigned long, unsigned long)
 *fill*         0x00000000c0010d01        0x1 
 .text          0x00000000c0010d02      0x4c2 core/unixfile.32
                0x00000000c0010d02                ReservedFilename::read(unsigned long long, void*, int*)
                0x00000000c0010d58                ReservedFilename::isAtty()
                0x00000000c0010d74                ReservedFilename::write(unsigned long long, void*, int*)
                0x00000000c0010dd2                UnixFile::getFileDescriptor()
                0x00000000c0010dda                UnixFile::UnixFile(int)
                0x00000000c0010dda                UnixFile::UnixFile(int)
                0x00000000c0010f8a                ReservedFilename::ReservedFilename(int)
                0x00000000c0010f8a                ReservedFilename::ReservedFilename(int)
                0x00000000c0010fbc                UnixFile::~UnixFile()
                0x00000000c0010fbc                UnixFile::~UnixFile()
                0x00000000c0011054                UnixFile::~UnixFile()
                0x00000000c001107c                ReservedFilename::~ReservedFilename()
                0x00000000c001107c                ReservedFilename::~ReservedFilename()
                0x00000000c00110a0                ReservedFilename::~ReservedFilename()
                0x00000000c00110c7                getFromFileDescriptor(int)
 .text          0x00000000c00111c4     0x13c7 core/virtmgr.32
                0x00000000c00111c4                Virt::setPageState(unsigned long, Virt::VirtPageState)
                0x00000000c00111f9                Virt::getPageState(unsigned long)
                0x00000000c001121d                Virt::allocateKernelVirtualPages(int)
                0x00000000c001132e                Virt::freeSwapfilePage(unsigned long)
                0x00000000c001134c                Virt::swapIDToSector(unsigned long)
                0x00000000c001135e                Virt::allocateSwapfilePage()
                0x00000000c00113dc                Virt::virtualMemorySetup()
                0x00000000c0011427                Virt::setupPageSwapping(int)
                0x00000000c00115ae                VAS::VAS()
                0x00000000c00115ae                VAS::VAS()
                0x00000000c00115ea                VAS::VAS(VAS*)
                0x00000000c00115ea                VAS::VAS(VAS*)
                0x00000000c0011618                VAS::getForeignPageTableEntry(bool, unsigned long)
                0x00000000c0011644                VAS::getPageTableEntry(unsigned long)
                0x00000000c0011663                Virt::freeKernelVirtualPages(unsigned long)
                0x00000000c0011786                VAS::freeAllocatedPages(unsigned long)
                0x00000000c00117aa                VAS::virtualToPhysical(unsigned long)
                0x00000000c00117c2                VAS::reflagRange(unsigned long, int, int, int)
                0x00000000c0011802                VAS::setToWriteCombining(unsigned long, int)
                0x00000000c0011834                VAS::mapOtherVASIn(bool, VAS*)
                0x00000000c001185e                VAS::~VAS()
                0x00000000c001185e                VAS::~VAS()
                0x00000000c00119da                VAS::mapPage(unsigned long, unsigned long, int)
                0x00000000c0011adc                VAS::allocatePages(int, int)
                0x00000000c0011cb4                VAS::setCPUSpecific(unsigned long)
                0x00000000c0011cd0                VAS::mapRange(unsigned long, unsigned long, int, int)
                0x00000000c0011d96                VAS::mapForeignPage(bool, VAS*, unsigned long, unsigned long, int)
                0x00000000c0011e84                VAS::VAS(bool)
                0x00000000c0011e84                VAS::VAS(bool)
                0x00000000c0012104                VAS::evict(unsigned long)
                0x00000000c00121f2                VAS::tryLoadBackOffDisk(unsigned long)
                0x00000000c001238e                VAS::scanForEviction()
                0x00000000c001245f                mapVASFirstTime
 .text          0x00000000c001258b       0x95 coreobjs/c++.32
                0x00000000c001258b                __cxa_atexit
                0x00000000c001258e                __cxa_finalize
                0x00000000c001258f                __stack_chk_fail
                0x00000000c00125fb                __cxa_pure_virtual
                0x00000000c001260c                operator new[](unsigned long)
                0x00000000c0012611                operator delete(void*, unsigned long)
                0x00000000c0012616                operator delete[](void*)
                0x00000000c001261b                operator delete[](void*, unsigned long)
 .text          0x00000000c0012620      0x1e7 dbg/kconsole.32
                0x00000000c0012620                Dbg::stringifyxWithBase(unsigned int, char*, int)
                0x00000000c0012679                Dbg::logc(char)
                0x00000000c0012690                Dbg::logs(char*)
                0x00000000c00126ad                Dbg::logWriteInt(unsigned int)
                0x00000000c00126ca                Dbg::logWriteIntBase(unsigned int, int)
                0x00000000c00126e9                Dbg::kprintf(char const*, ...)
 *fill*         0x00000000c0012807        0x1 
 .text          0x00000000c0012808      0xb82 fs/vfs.32
                0x00000000c0012808                File::read(unsigned long long, void*, int*)
                0x00000000c0012860                File::write(unsigned long long, void*, int*)
                0x00000000c00128b8                Directory::read(unsigned long long, void*, int*)
                0x00000000c0012910                Directory::write(unsigned long long, void*, int*)
                0x00000000c001293e                File::isAtty()
                0x00000000c0012942                Directory::isAtty()
                0x00000000c0012946                Filesystem::getlabel(LogicalDisk*, int, char*, unsigned int*)
                0x00000000c001294c                Filesystem::setlabel(LogicalDisk*, int, char*)
                0x00000000c0012952                Filesystem::getFileFirstSector(char const*)
                0x00000000c0012958                File::~File()
                0x00000000c0012958                File::~File()
                0x00000000c001297c                File::~File()
                0x00000000c00129a6                Directory::~Directory()
                0x00000000c00129a6                Directory::~Directory()
                0x00000000c00129ca                Directory::~Directory()
                0x00000000c00129f4                Filesystem::Filesystem()
                0x00000000c00129f4                Filesystem::Filesystem()
                0x00000000c0012a18                Filesystem::~Filesystem()
                0x00000000c0012a18                Filesystem::~Filesystem()
                0x00000000c0012a26                Filesystem::~Filesystem()
                0x00000000c0012a4a                Fs::getcwd(Process*, char*, int)
                0x00000000c0012a74                Fs::initVFS()
                0x00000000c0012a9e                Fs::standardiseFiles(char*, char const*, char const*)
                0x00000000c0012c48                File::File(char const*, Process*)
                0x00000000c0012c48                File::File(char const*, Process*)
                0x00000000c0012cac                File::open(FileOpenMode)
                0x00000000c0012d0a                File::close()
                0x00000000c0012d6a                File::seek(unsigned long long)
                0x00000000c0012dc0                File::tell(unsigned long long*)
                0x00000000c0012e10                File::rewind()
                0x00000000c0012e24                File::unlink()
                0x00000000c0012e70                File::rename(char const*)
                0x00000000c0012ebe                File::chfatattr(unsigned char, unsigned char)
                0x00000000c0012f1a                File::exists()
                0x00000000c0012f58                File::stat(unsigned long long*, bool*)
                0x00000000c0012fb9                Fs::setcwd(Process*, char*)
                0x00000000c00130f4                Directory::Directory(char const*, Process*)
                0x00000000c00130f4                Directory::Directory(char const*, Process*)
                0x00000000c0013158                Directory::open()
                0x00000000c00131b4                Directory::close()
                0x00000000c0013214                Directory::unlink()
                0x00000000c0013260                Directory::rename(char const*)
                0x00000000c00132ae                Directory::exists()
                0x00000000c00132ec                Directory::read(dirent*)
                0x00000000c0013338                Directory::create()
                0x00000000c0013384                Filesystem::chfatattr(char const*, unsigned char, unsigned char)
 .text          0x00000000c001338a       0x84 hal/bus.32
                0x00000000c001338a                Bus::Bus(char const*)
                0x00000000c001338a                Bus::Bus(char const*)
                0x00000000c00133c0                Bus::~Bus()
                0x00000000c00133c0                Bus::~Bus()
                0x00000000c00133e4                Bus::~Bus()
 .text          0x00000000c001340e      0x156 hal/buzzer.32
                0x00000000c001340e                Buzzer::Buzzer(char const*)
                0x00000000c001340e                Buzzer::Buzzer(char const*)
                0x00000000c0013452                Buzzer::~Buzzer()
                0x00000000c0013452                Buzzer::~Buzzer()
                0x00000000c0013476                Buzzer::~Buzzer()
                0x00000000c00134a0                Buzzer::stop()
                0x00000000c00134b3                beepThread(void*)
                0x00000000c00134f6                Buzzer::beep(int, int, bool)
 .text          0x00000000c0013564      0x467 hal/clock.32
                0x00000000c0013564                User::loadClockSettings(int)
                0x00000000c00135b6                Clock::Clock(char const*)
                0x00000000c00135b6                Clock::Clock(char const*)
                0x00000000c00135ec                Clock::~Clock()
                0x00000000c00135ec                Clock::~Clock()
                0x00000000c0013610                Clock::~Clock()
                0x00000000c001363a                Clock::timeInSecondsLocal()
                0x00000000c0013682                Clock::setTimeInSecondsLocal(unsigned long long)
                0x00000000c00136db                datetimeToSeconds(datetime_t)
                0x00000000c0013802                Clock::setTimeInDatetimeLocal(datetime_t)
                0x00000000c0013862                secondsToDatetime(unsigned long long)
                0x00000000c00139a6                Clock::timeInDatetimeLocal()
 *fill*         0x00000000c00139cb        0x1 
 .text          0x00000000c00139cc      0x504 hal/device.32
                0x00000000c00139cc                Device::hibernate()
                0x00000000c00139ce                Device::wake()
                0x00000000c00139d0                Device::detect()
                0x00000000c00139d2                Device::disableLegacy()
                0x00000000c00139d4                Device::powerSaving(PowerSavingLevel)
                0x00000000c00139d6                DriverlessDevice::close(int, int, void*)
                0x00000000c00139da                DriverlessDevice::detect()
                0x00000000c00139dc                DriverlessDevice::open(int, int, void*)
                0x00000000c00139f0                Device::~Device()
                0x00000000c00139f0                Device::~Device()
                0x00000000c00139fe                Device::~Device()
                0x00000000c0013a26                Device::findAndLoadDriver()
                0x00000000c0013a34                Device::preOpenPCI(PCIDeviceInfo)
                0x00000000c0013a5a                Device::preOpenACPI(void*, char*, char*)
                0x00000000c0013a9a                Device::addIRQHandler(int, void (*)(regs*, void*), bool, void*)
                0x00000000c0013ad8                Device::getParent()
                0x00000000c0013ae4                Device::removeIRQHandler(int, void (*)(regs*, void*), bool)
                0x00000000c0013b22                Device::addChild(Device*)
                0x00000000c0013b66                Device::removeAllChildren()
                0x00000000c0013bac                Device::hibernateAll()
                0x00000000c0013bdc                Device::wakeAll()
                0x00000000c0013c0c                Device::detectAll()
                0x00000000c0013c3c                Device::disableLegacyAll()
                0x00000000c0013c6c                Device::loadDriversForAll()
                0x00000000c0013cac                Device::closeAll()
                0x00000000c0013ce2                Device::powerSavingAll(PowerSavingLevel)
                0x00000000c0013d18                Device::setName(char const*)
                0x00000000c0013d26                Device::Device(char const*)
                0x00000000c0013d26                Device::Device(char const*)
                0x00000000c0013e22                Device::getName()
                0x00000000c0013e2c                DriverlessDevice::DriverlessDevice(char const*)
                0x00000000c0013e2c                DriverlessDevice::DriverlessDevice(char const*)
                0x00000000c0013e62                Device::addToLinkedList(LinkedList<Device>&, DeviceType)
                0x00000000c0013ea6                getDevicesOfType(DeviceType)
 .text          0x00000000c0013ed0       0x84 hal/diskctrl.32
                0x00000000c0013ed0                HardDiskController::HardDiskController(char const*)
                0x00000000c0013ed0                HardDiskController::HardDiskController(char const*)
                0x00000000c0013f06                HardDiskController::~HardDiskController()
                0x00000000c0013f06                HardDiskController::~HardDiskController()
                0x00000000c0013f2a                HardDiskController::~HardDiskController()
 .text          0x00000000c0013f54       0xe2 hal/diskphys.32
                0x00000000c0013f54                PhysicalDisk::eject()
                0x00000000c0013f58                PhysicalDisk::PhysicalDisk(char const*, int)
                0x00000000c0013f58                PhysicalDisk::PhysicalDisk(char const*, int)
                0x00000000c0013fc0                PhysicalDisk::startCache()
                0x00000000c0013fe8                PhysicalDisk::~PhysicalDisk()
                0x00000000c0013fe8                PhysicalDisk::~PhysicalDisk()
                0x00000000c001400c                PhysicalDisk::~PhysicalDisk()
 .text          0x00000000c0014036      0x13b hal/fpu.32
                0x00000000c0014036                FPU::FPU(char const*)
                0x00000000c0014036                FPU::FPU(char const*)
                0x00000000c001406c                FPU::~FPU()
                0x00000000c001406c                FPU::~FPU()
                0x00000000c0014090                FPU::~FPU()
                0x00000000c00140ba                setupFPU()
 *fill*         0x00000000c0014171        0x1 
 .text          0x00000000c0014172     0x1435 hal/intctrl.32
                0x00000000c0014172                InterruptController::uninstallISRHandler(int, void (*)(regs*, void*))
                0x00000000c00141aa                InterruptController::installISRHandler(int, void (*)(regs*, void*), void*)
                0x00000000c00141fc                doubleFault(regs*, void*)
                0x00000000c0014216                InterruptController::installIRQHandler(int, void (*)(regs*, void*), bool, void*)
                0x00000000c00142b2                InterruptController::clearAllHandlers(int, bool)
                0x00000000c001435a                InterruptController::uninstallIRQHandler(int, void (*)(regs*, void*), bool)
                0x00000000c00143e1                nmiHandler(regs*, void*)
                0x00000000c00143ef                int_handler
                0x00000000c0014490                InterruptController::InterruptController(char const*)
                0x00000000c0014490                InterruptController::InterruptController(char const*)
                0x00000000c0014536                InterruptController::~InterruptController()
                0x00000000c0014536                InterruptController::~InterruptController()
                0x00000000c001455a                InterruptController::~InterruptController()
                0x00000000c0014584                displayDebugInfo(regs*)
                0x00000000c0014a13                x87EmulHandler(regs*, void*)
                0x00000000c0014a86                gpFault(regs*, void*)
                0x00000000c0014abf                pgFault(regs*, void*)
                0x00000000c0014b07                otherISRHandler(regs*, void*)
                0x00000000c0014b26                opcodeFault(regs*, void*)
                0x00000000c0015143                displayProgramFault(char const*)
                0x00000000c001516b                setupInterruptController()
                0x00000000c001555a                InterruptController::convertLegacyIRQNumber(int)
 *fill*         0x00000000c00155a7        0x1 
 .text          0x00000000c00155a8      0x784 hal/keybrd.32
                0x00000000c00155a8                startGUI(void*)
                0x00000000c0015614                startGUIVESA(void*)
                0x00000000c0015680                sendKeyToTerminal(unsigned char)
                0x00000000c001573e                sendKeyboardToken(KeyboardToken)
                0x00000000c0015b7b                clearInternalKeybuffer(VgaText*)
                0x00000000c0015bb0                readKeyboard(VgaText*, char*, unsigned long)
                0x00000000c0015ca2                Keyboard::Keyboard(char const*)
                0x00000000c0015ca2                Keyboard::Keyboard(char const*)
                0x00000000c0015cde                Keyboard::~Keyboard()
                0x00000000c0015cde                Keyboard::~Keyboard()
                0x00000000c0015d02                Keyboard::~Keyboard()
 .text          0x00000000c0015d2c      0x3ea hal/logidisk.32
                0x00000000c0015d2c                LogicalDisk::close(int, int, void*)
                0x00000000c0015d30                LogicalDisk::~LogicalDisk()
                0x00000000c0015d30                LogicalDisk::~LogicalDisk()
                0x00000000c0015d54                LogicalDisk::~LogicalDisk()
                0x00000000c0015d7e                LogicalDisk::open(int, int, void*)
                0x00000000c0015d92                LogicalDisk::absoluteToRelative(unsigned long long)
                0x00000000c0015dca                LogicalDisk::relativeToAbsolute(unsigned long long)
                0x00000000c0015e10                LogicalDisk::LogicalDisk(char const*, PhysicalDisk*, unsigned long long, unsigned long long)
                0x00000000c0015e10                LogicalDisk::LogicalDisk(char const*, PhysicalDisk*, unsigned long long, unsigned long long)
                0x00000000c0015ec6                LogicalDisk::assignDriveLetter()
                0x00000000c0015f7c                LogicalDisk::mount()
                0x00000000c0015fc4                LogicalDisk::unmount()
                0x00000000c0015fd4                LogicalDisk::eject()
                0x00000000c0015fe8                LogicalDisk::unassignDriveLetter()
                0x00000000c001603e                LogicalDisk::read(unsigned long long, int, void*)
                0x00000000c00160aa                LogicalDisk::write(unsigned long long, int, void*)
 .text          0x00000000c0016116       0x84 hal/mouse.32
                0x00000000c0016116                Mouse::Mouse(char const*)
                0x00000000c0016116                Mouse::Mouse(char const*)
                0x00000000c001614c                Mouse::~Mouse()
                0x00000000c001614c                Mouse::~Mouse()
                0x00000000c0016170                Mouse::~Mouse()
 .text          0x00000000c001619a      0x339 hal/partition.32
                0x00000000c001619a                makePartition(PhysicalDisk*, unsigned long long, unsigned long long)
                0x00000000c0016242                createPartitionsForDisk(PhysicalDisk*)
 *fill*         0x00000000c00164d3        0x1 
 .text          0x00000000c00164d4       0x84 hal/serial.32
                0x00000000c00164d4                Serial::Serial(char const*)
                0x00000000c00164d4                Serial::Serial(char const*)
                0x00000000c001650a                Serial::~Serial()
                0x00000000c001650a                Serial::~Serial()
                0x00000000c001652e                Serial::~Serial()
 .text          0x00000000c0016558      0x2f3 hal/timer.32
                0x00000000c0016558                Timer::Timer(char const*)
                0x00000000c0016558                Timer::Timer(char const*)
                0x00000000c001658e                Timer::~Timer()
                0x00000000c001658e                Timer::~Timer()
                0x00000000c00165b2                Timer::~Timer()
                0x00000000c00165dc                Timer::read()
                0x00000000c00165e7                timerHandler(unsigned long long)
                0x00000000c0016759                setupTimer(int)
 *fill*         0x00000000c001684b        0x1 
 .text          0x00000000c001684c      0x409 hal/vcache.32
                0x00000000c001684c                VCache::VCache(PhysicalDisk*)
                0x00000000c001684c                VCache::VCache(PhysicalDisk*)
                0x00000000c00169b4                VCache::invalidateReadBuffer()
                0x00000000c00169c4                VCache::writeWriteBuffer()
                0x00000000c0016a00                VCache::~VCache()
                0x00000000c0016a00                VCache::~VCache()
                0x00000000c0016a54                VCache::~VCache()
                0x00000000c0016a7c                VCache::write(unsigned long long, int, void*)
                0x00000000c0016b66                VCache::read(unsigned long long, int, void*)
 *fill*         0x00000000c0016c55        0x1 
 .text          0x00000000c0016c56      0x4b3 hal/video.32
                0x00000000c0016c56                Video::putrect(int, int, int, int, unsigned int)
                0x00000000c0016ca2                Video::bitblit(int, int, int, int, int, int, int, unsigned int*)
                0x00000000c0016d12                Video::blit(unsigned int*, int, int, int, int)
                0x00000000c0016d90                Video::clearScreen(unsigned int)
                0x00000000c0016dc4                Video::putpixel(int, int, unsigned int)
                0x00000000c0016dd2                Video::Video(char const*)
                0x00000000c0016dd2                Video::Video(char const*)
                0x00000000c0016e08                Video::~Video()
                0x00000000c0016e08                Video::~Video()
                0x00000000c0016e2c                Video::~Video()
                0x00000000c0016e56                Video::isMonochrome()
                0x00000000c0016e62                Video::getWidth()
                0x00000000c0016e6e                Video::getHeight()
                0x00000000c0016e7a                Video::drawCursor(int, int, unsigned char*, int)
                0x00000000c0016f36                Video::tgaParse(unsigned char*, int, int*, int*)
                0x00000000c001709e                Video::putTGA(int, int, unsigned char*, int)
 *fill*         0x00000000c0017109        0x1 
 .text          0x00000000c001710a     0x11c9 hw/acpi.32
                0x00000000c001710a                ACPI::close(int, int, void*)
                0x00000000c00171af                findRSDP()
                0x00000000c0017239                loadACPITables(unsigned char*)
                0x00000000c0017490                findRSDT(unsigned char*)
                0x00000000c00175da                findDataTable(unsigned char*, char*)
                0x00000000c001764c                scanMADT()
                0x00000000c0017aba                ACPI::ACPI()
                0x00000000c0017aba                ACPI::ACPI()
                0x00000000c0017b0e                ACPI::getPCIIRQAssignment(unsigned char, unsigned short, unsigned char)
                0x00000000c0017bf0                ACPI::registerPCIIRQAssignment(void*, unsigned short, unsigned char, unsigned char)
                0x00000000c0017cb6                ACPI::setScreenBrightnessLevel(void*, int)
                0x00000000c0017cbc                ACPI::detectPCI()
                0x00000000c0017ebe                ACPI::writeSimpleBootFlag(SimpleBootFlagTable*)
                0x00000000c0017f06                ACPI::sleep()
                0x00000000c0017f1e                ACPI::open(int, int, void*)
 *fill*         0x00000000c00182d3        0x1 
 .text          0x00000000c00182d4     0x1495 hw/cpu.32
                0x00000000c00182d4                CPU::close(int, int, void*)
                0x00000000c00182d8                CPU::lookupAMDName(unsigned char, unsigned char)
                0x00000000c001846c                CPU::lookupIntelName(unsigned char, unsigned char)
                0x00000000c001871a                CPU::AMD_K6_write_msr(unsigned int, unsigned int, unsigned int, CPU::REGS*)
                0x00000000c0018736                CPU::AMD_K6_read_msr(unsigned int, CPU::REGS*)
                0x00000000c001874e                CPU::AMD_K6_writeback(int, int, int)
                0x00000000c00187c2                CPU::cpuid(int, unsigned long*, unsigned long*, unsigned long*, unsigned long*)
                0x00000000c0018846                CPU::cpuidCheckEDX(unsigned int)
                0x00000000c0018874                CPU::cpuidCheckECX(unsigned int)
                0x00000000c00188a2                CPU::cpuidCheckExtendedEBX(unsigned int)
                0x00000000c00188d0                CPU::cpuidCheckExtendedECX(unsigned int)
                0x00000000c00188fe                CPU::CPU()
                0x00000000c00188fe                CPU::CPU()
                0x00000000c001898c                CPU::displayFeatures()
                0x00000000c001898e                CPU::detectFeatures()
                0x00000000c0019380                CPU::setupSMEP()
                0x00000000c001938c                CPU::setupUMIP()
                0x00000000c0019396                CPU::setupTSC()
                0x00000000c00193a0                CPU::setupLargePages()
                0x00000000c00193aa                CPU::setupPAT()
                0x00000000c00193e6                CPU::setupMTRR()
                0x00000000c00193e8                CPU::setupGlobalPages()
                0x00000000c00193f2                CPU::allowUsermodeDataAccess()
                0x00000000c0019404                CPU::prohibitUsermodeDataAccess()
                0x00000000c0019416                CPU::setupSMAP()
                0x00000000c0019424                CPU::setupFeatures()
                0x00000000c00194a4                CPU::open(int, int, void*)
                0x00000000c001956e                CPU::decodeAddress(regs*, int*, bool*, unsigned char*)
 .text          0x00000000c0019769        0x0 hw/ports.32
 .text          0x00000000c0019769      0x16a hw/smp.32
                0x00000000c0019769                Krnl::smpEntry()
                0x00000000c001976b                Krnl::startCPU(int)
                0x00000000c00198b4                Krnl::startCPUs()
 *fill*         0x00000000c00198d3        0x1 
 .text          0x00000000c00198d4      0x581 krnl/env.32
                0x00000000c00198d4                EnvVarContainer::getEnv(char const*)
                0x00000000c0019912                EnvVarContainer::setEnv(char const*, char const*)
                0x00000000c00199d4                EnvVarContainer::deleteEnv(char const*)
                0x00000000c00199d6                EnvVarContainer::loadFrom(char const*, char const*)
                0x00000000c0019bbc                EnvVarContainer::__loadSystem()
                0x00000000c0019bd6                EnvVarContainer::__loadUser()
                0x00000000c0019bd8                EnvVarContainer::EnvVarContainer(Process*)
                0x00000000c0019bd8                EnvVarContainer::EnvVarContainer(Process*)
                0x00000000c0019bfa                EnvVarContainer::~EnvVarContainer()
                0x00000000c0019bfa                EnvVarContainer::~EnvVarContainer()
                0x00000000c0019c2a                Krnl::getEnv(Process*, char const*)
                0x00000000c0019c8f                Krnl::setEnvSystem(char const*, char const*)
                0x00000000c0019ca9                Krnl::setEnvUser(char const*, char const*)
                0x00000000c0019cc8                Krnl::setEnvProcess(Process*, char const*, char const*)
                0x00000000c0019cdb                Krnl::deleteEnvSystem(char const*)
                0x00000000c0019cdc                Krnl::deleteEnvUser(char const*)
                0x00000000c0019cdd                Krnl::deleteEnvProcess(Process*, char const*)
                0x00000000c0019cde                Krnl::newProcessEnv(Process*)
                0x00000000c0019d00                Krnl::copyProcessEnv(Process*, Process*)
                0x00000000c0019d4c                Krnl::loadSystemEnv()
                0x00000000c0019d7a                Krnl::loadUserEnv()
                0x00000000c0019da0                Krnl::flushEnv()
                0x00000000c0019da1                Krnl::getProcessTotalEnvCount(Process*)
                0x00000000c0019dc1                Krnl::getProcessEnvPair(Process*, int)
 .text          0x00000000c0019e55      0x39c krnl/panic.32
                0x00000000c0019e55                Krnl::panic(char const*)
 .text          0x00000000c001a1f1      0x57f net/ethernet.32
                0x00000000c001a1f1                Net::switchEndian16(unsigned short)
                0x00000000c001a212                Net::switchEndian32(unsigned int)
                0x00000000c001a241                Net::crc32Calc(unsigned char*, int)
                0x00000000c001a2d2                Net::wrapEthernetFrame(Net::UnwrappedEthernetFrame, unsigned char*)
                0x00000000c001a4e5                Net::unwrapEthernetFrame(unsigned char*, int)
 .text          0x00000000c001a770      0x50e reg/registry.32
                0x00000000c001a770                Reg::findLineFromLoadedData(char*, char*, char*)
                0x00000000c001a8c8                Reg::getLineFromRegistry(char*, char*, char*, char*)
                0x00000000c001aa1d                Reg::getLine(char*, char*, char*)
                0x00000000c001aa54                Reg::readInt(char*, char*, int*)
                0x00000000c001ab3f                Reg::readString(char*, char*, char*, int)
                0x00000000c001abc0                Reg::readBool(char*, char*, bool*)
                0x00000000c001abe5                Reg::readBoolWithDefault(char*, char*, bool)
                0x00000000c001ac11                Reg::readIntWithDefault(char*, char*, int)
                0x00000000c001ac3d                Reg::readStringWithDefault(char*, char*, char*, int, char*)
 .text          0x00000000c001ac7e       0x36 sys/sc_eject.32
                0x00000000c001ac7e                Sys::eject(regs*)
 .text          0x00000000c001acb4       0x18 sys/sc_exit.32
                0x00000000c001acb4                Sys::exit(regs*)
 .text          0x00000000c001accc       0x1f sys/sc_getcwd.32
                0x00000000c001accc                Sys::getCwd(regs*)
 .text          0x00000000c001aceb        0xc sys/sc_getpid.32
                0x00000000c001aceb                Sys::getPID(regs*)
 .text          0x00000000c001acf7       0x17 sys/sc_getramdata.32
                0x00000000c001acf7                Sys::getRAMData(regs*)
 .text          0x00000000c001ad0e       0x84 sys/sc_getvgaptr.32
                0x00000000c001ad0e                Sys::getVGAPtr(regs*)
 .text          0x00000000c001ad92       0xa8 sys/sc_loaddll.32
                0x00000000c001ad92                Sys::loadDLL(regs*)
 .text          0x00000000c001ae3a       0x68 sys/sc_read.32
                0x00000000c001ae3a                Sys::read(regs*)
 .text          0x00000000c001aea2       0x55 sys/sc_sbrk.32
                0x00000000c001aea2                Sys::sbrk(regs*)
 .text          0x00000000c001aef7       0x1c sys/sc_setcwd.32
                0x00000000c001aef7                Sys::setCwd(regs*)
 .text          0x00000000c001af13       0x95 sys/sc_settime.32
                0x00000000c001af13                Sys::setTime(regs*)
 .text          0x00000000c001afa8       0x4a sys/sc_timezone.32
                0x00000000c001afa8                Sys::timezone(regs*)
 .text          0x00000000c001aff2       0x68 sys/sc_write.32
                0x00000000c001aff2                Sys::write(regs*)
 .text          0x00000000c001b05a       0x62 sys/sc_wsbe.32
                0x00000000c001b05a                Sys::wsbe(regs*)
 .text          0x00000000c001b0bc       0x46 sys/sc_yield.32
                0x00000000c001b0bc                Sys::yield(regs*)
 .text          0x00000000c001b102      0xf84 sys/syscalls.32
                0x00000000c001b102                sysCallSeekDir(regs*)
                0x00000000c001b107                sysCallTellDir(regs*)
                0x00000000c001b10c                sysCallVerify(regs*)
                0x00000000c001b116                sysCallGetArgc(regs*)
                0x00000000c001b126                sysFormatDisk(regs*)
                0x00000000c001b190                sysSetDiskVolumeLabel(regs*)
                0x00000000c001b1d6                sysGetDiskVolumeLabel(regs*)
                0x00000000c001b227                sysShutdown(regs*)
                0x00000000c001b285                sysCallRealpath(regs*)
                0x00000000c001b2c8                sysCallReadDir(regs*)
                0x00000000c001b347                sysCallIsATTY(regs*)
                0x00000000c001b3a1                sysCallSeek(regs*)
                0x00000000c001b3f8                sysCallTell(regs*)
                0x00000000c001b464                sysCallSize(regs*)
                0x00000000c001b4d6                sysCallSizeFromFilename(regs*)
                0x00000000c001b585                sysCallClose(regs*)
                0x00000000c001b5e5                sysCallOpenDir(regs*)
                0x00000000c001b65a                sysCallCloseDir(regs*)
                0x00000000c001b6ae                sysCallMakeDir(regs*)
                0x00000000c001b71e                sysCallWait(regs*)
                0x00000000c001b738                sysCallNotImpl(regs*)
                0x00000000c001b753                sysPanic(regs*)
                0x00000000c001b76d                sysCallRmdir(regs*)
                0x00000000c001b7d1                sysCallUnlink(regs*)
                0x00000000c001b835                sysCallGetArgv(regs*)
                0x00000000c001b881                sysCallTTYName(regs*)
                0x00000000c001b904                sysCallUSleep(regs*)
                0x00000000c001b92b                sysCallSpawn(regs*)
                0x00000000c001b993                sysCallGetEnv(regs*)
                0x00000000c001ba40                sysAppSettings(regs*)
                0x00000000c001bb54                sysSetFatAttrib(regs*)
                0x00000000c001bbc6                sysPipe(regs*)
                0x00000000c001bc0b                sysGetUnixTime(regs*)
                0x00000000c001bc1f                string_ends_with(char const*, char const*)
                0x00000000c001bc67                sysCallOpen(regs*)
                0x00000000c001be4f                Sys::loadSyscalls()
                0x00000000c001c044                Sys::systemCall(regs*, void*)
 .text          0x00000000c001c086     0x1203 thr/elf.32
                0x00000000c001c086                Thr::allocateMemoryForTask(Process*, File*, unsigned long, unsigned long, unsigned long)
                0x00000000c001c330                Thr::loadProgramIntoMemory(Process*, char const*)
                0x00000000c001c546                Thr::runtimeReferenceHelper()
                0x00000000c001c559                Thr::getAddressOfKernelSymbol(char const*)
                0x00000000c001c5a8                Thr::loadKernelSymbolTable(char const*)
                0x00000000c001c866                Thr::loadDriverIntoMemory(char const*, unsigned long, bool)
                0x00000000c001cf9c                Thr::getDriverBaseFromAddress(unsigned long)
                0x00000000c001cfce                Thr::getDriverNameFromAddress(unsigned long)
                0x00000000c001d005                Thr::getDriverOffsetFromAddress(unsigned long)
                0x00000000c001d01f                Thr::loadDLL(char const*, bool)
                0x00000000c001d250                Thr::executeDLL(unsigned long, void*)
 *fill*         0x00000000c001d289        0x1 
 .text          0x00000000c001d28a     0x11ef thr/prcssthr.32
                0x00000000c001d28a                userModeEntryPoint(void*)
                0x00000000c001d2b0                changeTSS
                0x00000000c001d2e0                switchToThread(ThreadControlBlock*)
                0x00000000c001d38a                Process::addArgs(char**)
                0x00000000c001d3e4                Process::Process(char const*, Process*, char**)
                0x00000000c001d3e4                Process::Process(char const*, Process*, char**)
                0x00000000c001d5c8                Process::Process(bool, char const*, Process*, char**)
                0x00000000c001d5c8                Process::Process(bool, char const*, Process*, char**)
                0x00000000c001d777                taskStartupFunction
                0x00000000c001d780                Semaphore::Semaphore(int)
                0x00000000c001d780                Semaphore::Semaphore(int)
                0x00000000c001d7ae                Mutex::Mutex()
                0x00000000c001d7ae                Mutex::Mutex()
                0x00000000c001d7c0                Process::createThread(void (*)(void*), void*, int)
                0x00000000c001d8c6                Process::createUserThread()
                0x00000000c001d8e2                setupMultitasking(void (*)())
                0x00000000c001d9e5                schedule()
                0x00000000c001da6a                Semaphore::tryAcquire()
                0x00000000c001db26                Semaphore::assertLocked(char const*)
                0x00000000c001db95                blockTaskWithSchedulerLockAlreadyHeld(TaskState)
                0x00000000c001dbbb                blockTask(TaskState)
                0x00000000c001dbe8                waitTask(int, int*, int)
                0x00000000c001dc2a                nanoSleepUntil(unsigned long long)
                0x00000000c001dcbf                nanoSleep(unsigned long long)
                0x00000000c001dcd7                sleep(unsigned long long)
                0x00000000c001dcf4                Semaphore::acquire()
                0x00000000c001dd96                taskReturned
                0x00000000c001ddd1                Thr::processFromPID(int)
                0x00000000c001de68                unblockTask(ThreadControlBlock*)
                0x00000000c001defd                cleanupTerminatedTask(ThreadControlBlock*)
                0x00000000c001e1a4                cleanerTaskFunction(void*)
                0x00000000c001e285                terminateTask(int)
                0x00000000c001e344                Thr::terminateFromIRQ(int)
                0x00000000c001e350                Semaphore::release()
 .text          0x00000000c001e479      0xada vm86/vm8086.32
                0x00000000c001e479                Vm::inbv(unsigned short)
                0x00000000c001e48c                Vm::outbv(unsigned short, unsigned char)
                0x00000000c001e4c2                Vm::realToLinear(unsigned short, unsigned short)
                0x00000000c001e4d2                Vm::getSegment(unsigned int)
                0x00000000c001e4da                Vm::getOffset(unsigned int)
                0x00000000c001e4df                Vm::mainloop2()
                0x00000000c001e519                Vm::mainVm8086Loop(void*)
                0x00000000c001e529                Vm::mainloop3(unsigned long)
                0x00000000c001e54f                Vm::initialise8086()
                0x00000000c001e592                Vm::finish8086()
                0x00000000c001e5f3                Vm::getOutput8086(unsigned char*)
                0x00000000c001e618                Vm::start8086(char const*, unsigned short, unsigned short, unsigned short, unsigned short)
                0x00000000c001e780                Vm::doISR(regs*, int, unsigned char*, unsigned short, unsigned short)
                0x00000000c001e80a                Vm::readByteFromReal(unsigned short, unsigned short)
                0x00000000c001e81b                Vm::readWordFromReal(unsigned short, unsigned short)
                0x00000000c001e82d                Vm::readDwordFromReal(unsigned short, unsigned short)
                0x00000000c001e83e                Vm::writeByteFromReal(unsigned short, unsigned short, unsigned char)
                0x00000000c001e853                Vm::writeWordFromReal(unsigned short, unsigned short, unsigned short)
                0x00000000c001e869                Vm::writeDwordFromReal(unsigned short, unsigned short, unsigned int)
                0x00000000c001e87e                Vm::faultHandler(regs*)
 .text          0x00000000c001ef53      0xefd vm86/x87em.32
                0x00000000c001ef53                Vm::fpuInternalTo32(unsigned long long)
                0x00000000c001efae                Vm::fpuInternalTo64(unsigned long long)
                0x00000000c001efb7                Vm::fpu32ToInternal(unsigned int)
                0x00000000c001effc                Vm::fpu64ToInternal(unsigned long long)
                0x00000000c001f005                Vm::fpuFloatToLong(unsigned long long)
                0x00000000c001f060                Vm::fpuULongToFloat(unsigned long long)
                0x00000000c001f096                Vm::fpuLongToFloat(long long)
                0x00000000c001f0ec                Vm::fpuGet0()
                0x00000000c001f0f1                Vm::fpuGet1()
                0x00000000c001f0f9                Vm::fpuGetPi()
                0x00000000c001f101                Vm::fpuGetLog2E()
                0x00000000c001f119                Vm::fpuGetLogE2()
                0x00000000c001f131                Vm::fpuGetLog210()
                0x00000000c001f149                Vm::fpuGetLog102()
                0x00000000c001f161                Vm::fpuIsSecondLarger(unsigned long long, unsigned long long)
                0x00000000c001f175                Vm::fpuAreEqual(unsigned long long, unsigned long long)
                0x00000000c001f18b                Vm::fpuUnorderedCompare(unsigned long long, unsigned long long)
                0x00000000c001f1de                Vm::fpuAdd(unsigned long long, unsigned long long)
                0x00000000c001f1ef                Vm::fpuAbs(unsigned long long)
                0x00000000c001f1f8                Vm::fpuChs(unsigned long long)
                0x00000000c001f208                Vm::fpuSub(unsigned long long, unsigned long long)
                0x00000000c001f217                Vm::fpuMultiply(unsigned long long, unsigned long long)
                0x00000000c001f236                Vm::fpuDivide(unsigned long long, unsigned long long)
                0x00000000c001f252                Vm::fpuSquare(unsigned long long)
                0x00000000c001f268                Vm::fpuGetReg(int)
                0x00000000c001f2ab                Vm::fpuSetReg(int, unsigned long long)
                0x00000000c001f2f6                Vm::fpuPush(unsigned long long)
                0x00000000c001f353                Vm::fpuPop()
                0x00000000c001f3a5                Vm::x87Handler(regs*)
 .text          0x00000000c001fe50     0x11c1 fs/fat/vfslink.32
                0x00000000c001fe50                FAT::getName()
                0x00000000c001fe56                FAT::tell(void*, unsigned long long*)
                0x00000000c001fe8a                FAT::stat(void*, unsigned long long*)
                0x00000000c001febe                FAT::~FAT()
                0x00000000c001febe                FAT::~FAT()
                0x00000000c001fee2                FAT::~FAT()
                0x00000000c001ff0a                FAT::getlabel(LogicalDisk*, int, char*, unsigned int*)
                0x00000000c001ffa8                FAT::setlabel(LogicalDisk*, int, char*)
                0x00000000c0020062                FAT::format(LogicalDisk*, int, char const*, int)
                0x00000000c0020220                FAT::tryMount(LogicalDisk*, int)
                0x00000000c0020426                FAT::getFileFirstSector(char const*)
                0x00000000c00204cc                FAT::readDir(void*, unsigned long, void*, int*)
                0x00000000c0020626                FAT::read(void*, unsigned long, void*, int*)
                0x00000000c0020680                FAT::write(void*, unsigned long, void*, int*)
                0x00000000c00206da                FAT::close(void*)
                0x00000000c0020726                FAT::closeDir(void*)
                0x00000000c0020772                FAT::seek(void*, unsigned long long)
                0x00000000c00207c6                fatWrapperReadDisk
                0x00000000c002080d                fatWrapperWriteDisk
                0x00000000c0020854                fatWrapperIoctl
                0x00000000c0020958                FAT::FAT()
                0x00000000c0020958                FAT::FAT()
                0x00000000c00209aa                FAT::fixFilepath(char*)
                0x00000000c00209e2                FAT::open(char const*, void**, FileOpenMode)
                0x00000000c0020b0a                FAT::openDir(char const*, void**)
                0x00000000c0020bb0                FAT::stat(char const*, unsigned long long*, bool*)
                0x00000000c0020c9a                FAT::unlink(char const*)
                0x00000000c0020d14                FAT::chfatattr(char const*, unsigned char, unsigned char)
                0x00000000c0020e68                FAT::rename(char const*, char const*)
                0x00000000c0020f2c                FAT::mkdir(char const*)
                0x00000000c0020fa6                FAT::exists(char const*)
 *fill*         0x00000000c0021011        0x1 
 .text          0x00000000c0021012      0xb75 fs/iso9660/vfslink.32
                0x00000000c0021012                ISO9660::format(LogicalDisk*, int, char const*, int)
                0x00000000c0021018                ISO9660::seek(void*, unsigned long long)
                0x00000000c0021048                ISO9660::tell(void*, unsigned long long*)
                0x00000000c002106c                ISO9660::getName()
                0x00000000c0021072                ISO9660::stat(void*, unsigned long long*)
                0x00000000c0021096                ISO9660::chfatattr(char const*, unsigned char, unsigned char)
                0x00000000c002109c                ISO9660::unlink(char const*)
                0x00000000c00210a2                ISO9660::write(void*, unsigned long, void*, int*)
                0x00000000c00210a8                ISO9660::rename(char const*, char const*)
                0x00000000c00210ae                ISO9660::mkdir(char const*)
                0x00000000c00210b4                ISO9660::close(void*)
                0x00000000c00210d6                ISO9660::closeDir(void*)
                0x00000000c00210f8                ISO9660::~ISO9660()
                0x00000000c00210f8                ISO9660::~ISO9660()
                0x00000000c002111c                ISO9660::~ISO9660()
                0x00000000c0021143                __memmem(unsigned char*, int, unsigned char*, int)
                0x00000000c0021185                readSectorFromCDROM(unsigned int, unsigned char*, char)
                0x00000000c00211e0                ISO9660::tryMount(LogicalDisk*, int)
                0x00000000c0021230                ISO9660::read(void*, unsigned long, void*, int*)
                0x00000000c0021434                ISO9660::readDir(void*, unsigned long, void*, int*)
                0x00000000c00216ae                readRoot(unsigned int*, unsigned int*, char)
                0x00000000c0021702                readRecursively(char*, unsigned int, unsigned int, unsigned int*, unsigned int*, char, int*)
                0x00000000c00218d5                getFileData(char*, unsigned int*, unsigned int*, char, int*)
                0x00000000c0021964                ISO9660::open(char const*, void**, FileOpenMode)
                0x00000000c0021a12                ISO9660::exists(char const*)
                0x00000000c0021a36                ISO9660::stat(char const*, unsigned long long*, bool*)
                0x00000000c0021aca                ISO9660::openDir(char const*, void**)
                0x00000000c0021b64                ISO9660::ISO9660()
                0x00000000c0021b64                ISO9660::ISO9660()
 *fill*         0x00000000c0021b87        0x1 
 .text          0x00000000c0021b88      0x396 hal/sound/sndchannel.32
                0x00000000c0021b88                SoundChannel::SoundChannel(int, int, int, int)
                0x00000000c0021b88                SoundChannel::SoundChannel(int, int, int, int)
                0x00000000c0021cb2                SoundChannel::~SoundChannel()
                0x00000000c0021cb2                SoundChannel::~SoundChannel()
                0x00000000c0021cce                SoundChannel::getSampleRate()
                0x00000000c0021cd6                SoundChannel::getBits()
                0x00000000c0021cde                SoundChannel::getBufferUsed()
                0x00000000c0021ce6                SoundChannel::getBufferSize()
                0x00000000c0021cee                SoundChannel::unbuffer(float*, int, int)
                0x00000000c0021d82                SoundChannel::buffer16(short*, int)
                0x00000000c0021e7e                SoundChannel::buffer8(unsigned char*, int)
 .text          0x00000000c0021f1e      0x43e hal/sound/sndhw.32
                0x00000000c0021f1e                SoundDevice::SoundDevice(char const*)
                0x00000000c0021f1e                SoundDevice::SoundDevice(char const*)
                0x00000000c0021f8a                SoundDevice::~SoundDevice()
                0x00000000c0021f8a                SoundDevice::~SoundDevice()
                0x00000000c0022004                SoundDevice::~SoundDevice()
                0x00000000c002202e                SoundDevice::getFreeChannelNum()
                0x00000000c0022048                SoundDevice::addChannel(SoundChannel*)
                0x00000000c00220b8                SoundDevice::removeChannel(int)
                0x00000000c00220ea                SoundDevice::floatTo16(float*, short*, int)
                0x00000000c00221d8                SoundDevice::floatTo8(float*, unsigned char*, int)
                0x00000000c00222c0                SoundDevice::getAudio(int, float*, float*)
 .text          0x00000000c002235c        0x0 hw/bus/isa.32
 .text          0x00000000c002235c      0xb87 hw/bus/pci.32
                0x00000000c002235c                PCI::open(int, int, void*)
                0x00000000c002237a                PCI::close(int, int, void*)
                0x00000000c002237e                PCI::PCI()
                0x00000000c002237e                PCI::PCI()
                0x00000000c0022414                PCI::readBAR8(unsigned int, int)
                0x00000000c0022430                PCI::readBAR16(unsigned int, int)
                0x00000000c002244e                PCI::readBAR32(unsigned int, int)
                0x00000000c002246a                PCI::writeBAR8(unsigned int, unsigned char, int)
                0x00000000c002248a                PCI::writeBAR16(unsigned int, unsigned short, int)
                0x00000000c00224ac                PCI::writeBAR32(unsigned int, unsigned int, int)
                0x00000000c00224cc                PCI::legacyMechanism(unsigned char, unsigned char, unsigned char, unsigned char)
                0x00000000c002253a                PCI::pciReadWord(unsigned char, unsigned char, unsigned char, unsigned char)
                0x00000000c00225e2                PCI::getVendorID(unsigned char, unsigned char, unsigned char)
                0x00000000c0022606                PCI::getHeaderType(unsigned char, unsigned char, unsigned char)
                0x00000000c002262e                PCI::getClassCode(unsigned char, unsigned char, unsigned char)
                0x00000000c0022678                PCI::getProgIF(unsigned char, unsigned char, unsigned char)
                0x00000000c00226a0                PCI::getRevisionID(unsigned char, unsigned char, unsigned char)
                0x00000000c00226c4                PCI::getInterruptNumber(unsigned char, unsigned char, unsigned char)
                0x00000000c00226e8                PCI::getSecondaryBus(unsigned char, unsigned char, unsigned char)
                0x00000000c0022710                PCI::getBARAddress(unsigned char, unsigned char, unsigned char, unsigned char)
                0x00000000c0022774                PCI::pciWriteWord(unsigned char, unsigned char, unsigned char, unsigned char, unsigned short)
                0x00000000c002285c                PCI::pciDetailsToFilepath(PCIDeviceInfo, char*)
                0x00000000c0022ad6                PCI::checkBus(unsigned char)
                0x00000000c0022afa                PCI::foundDevice(PCIDeviceInfo)
                0x00000000c0022c6c                PCI::getDeviceData(unsigned char, unsigned char, unsigned char)
                0x00000000c0022e24                PCI::checkDevice(unsigned char, unsigned char)
                0x00000000c0022e90                PCI::detect()
 *fill*         0x00000000c0022ee3        0x1 
 .text          0x00000000c0022ee4      0xb54 hw/diskctrl/ide.32
                0x00000000c0022ee4                IDE::close(int, int, void*)
                0x00000000c0022ee8                IDE::IDE()
                0x00000000c0022ee8                IDE::IDE()
                0x00000000c0022f1c                IDE::prepareInterrupt(unsigned char)
                0x00000000c0022f2e                selectDrive(unsigned char, unsigned char)
                0x00000000c0022f30                IDE::getBase(unsigned char)
                0x00000000c0022f42                IDE::write(unsigned char, unsigned char, unsigned char)
                0x00000000c0023002                IDE::read(unsigned char, unsigned char)
                0x00000000c00230b0                IDE::waitInterrupt(unsigned char)
                0x00000000c0023116                ideChannel0IRQHandler(regs*, void*)
                0x00000000c0023132                ideChannel1IRQHandler(regs*, void*)
                0x00000000c002314e                IDE::enableIRQs(unsigned char, bool)
                0x00000000c0023194                IDE::open(int, int, void*)
                0x00000000c00235a2                IDE::readBuffer(unsigned char, unsigned char, unsigned int, unsigned int)
                0x00000000c002366e                IDE::detect()
                0x00000000c0023934                IDE::printError(unsigned char, unsigned char, unsigned char)
                0x00000000c00239e4                IDE::polling(unsigned char, unsigned int)
 .text          0x00000000c0023a38      0x336 hw/diskctrl/satabus.32
                0x00000000c0023a38                SATABus::close(int, int, void*)
                0x00000000c0023a3c                SATABus::detect()
                0x00000000c0023a3e                SATABus::SATABus()
                0x00000000c0023a3e                SATABus::SATABus()
                0x00000000c0023ac4                SATABus::findCmdslot(SATABus::tagHBA_PORT volatile*)
                0x00000000c0023b0c                SATABus::checkType(SATABus::tagHBA_PORT volatile*)
                0x00000000c0023b54                SATABus::startCmd(SATABus::tagHBA_PORT volatile*)
                0x00000000c0023b74                SATABus::stopCmd(SATABus::tagHBA_PORT volatile*)
                0x00000000c0023b9e                SATABus::portRebase(SATABus::tagHBA_PORT volatile*, int)
                0x00000000c0023ca4                SATABus::probePort(SATABus::tagHBA_MEM volatile*)
                0x00000000c0023d4e                SATABus::open(int, int, void*)
 .text          0x00000000c0023d6e      0x604 hw/diskphys/ata.32
                0x00000000c0023d6e                ATA::close(int, int, void*)
                0x00000000c0023d92                ATA::powerSaving(PowerSavingLevel)
                0x00000000c0023d94                ATA::ATA()
                0x00000000c0023d94                ATA::ATA()
                0x00000000c0023dc2                ATA::flush(bool)
                0x00000000c0023e0c                ATA::readyForCommand()
                0x00000000c0023e5c                ATA::access(unsigned long long, int, void*, bool)
                0x00000000c00241e4                ATA::read(unsigned long long, int, void*)
                0x00000000c0024230                ATA::write(unsigned long long, int, void*)
                0x00000000c002427c                ATA::detectCHS()
                0x00000000c00242a6                ATA::open(int, int, void*)
 .text          0x00000000c0024372      0x5bd hw/diskphys/atapi.32
                0x00000000c0024372                ATAPI::write(unsigned long long, int, void*)
                0x00000000c0024378                ATAPI::close(int, int, void*)
                0x00000000c002439c                ATAPI::ATAPI()
                0x00000000c002439c                ATAPI::ATAPI()
                0x00000000c00243ca                ATAPI::readyForCommand()
                0x00000000c002441a                ATAPI::sendPacket(unsigned char*, int, bool, unsigned short*, int)
                0x00000000c00246da                ATAPI::diskRemoved()
                0x00000000c00246f6                ATAPI::eject()
                0x00000000c002473e                ATAPI::diskInserted()
                0x00000000c002476c                ATAPI::detectMedia()
                0x00000000c0024828                ATAPI::open(int, int, void*)
                0x00000000c00248b0                ATAPI::read(unsigned long long, int, void*)
 *fill*         0x00000000c002492f        0x1 
 .text          0x00000000c0024930      0x41c hw/diskphys/sata.32
                0x00000000c0024930                SATA::close(int, int, void*)
                0x00000000c0024954                SATA::powerSaving(PowerSavingLevel)
                0x00000000c0024956                SATA::open(int, int, void*)
                0x00000000c0024a00                SATA::SATA()
                0x00000000c0024a00                SATA::SATA()
                0x00000000c0024a2e                SATA::access(unsigned long long, int, void*, bool)
                0x00000000c0024c94                SATA::read(unsigned long long, int, void*)
                0x00000000c0024ce0                SATA::write(unsigned long long, int, void*)
 .text          0x00000000c0024d4c      0x4fe hw/diskphys/satapi.32
                0x00000000c0024d4c                SATAPI::write(unsigned long long, int, void*)
                0x00000000c0024d52                SATAPI::close(int, int, void*)
                0x00000000c0024d76                SATAPI::SATAPI()
                0x00000000c0024d76                SATAPI::SATAPI()
                0x00000000c0024da4                SATAPI::diskRemoved()
                0x00000000c0024dc0                SATAPI::diskInserted()
                0x00000000c0024dee                SATAPI::sendPacket(unsigned char*, int, unsigned long long, unsigned short*, int)
                0x00000000c0024ff6                SATAPI::eject()
                0x00000000c002503e                SATAPI::detectMedia()
                0x00000000c0025100                SATAPI::open(int, int, void*)
                0x00000000c00251a8                SATAPI::read(unsigned long long, int, void*)
 .text          0x00000000c002524a       0x8e hw/fpu/avx.32
                0x00000000c002524a                AVX::open(int, int, void*)
                0x00000000c002525c                AVX::close(int, int, void*)
                0x00000000c002526e                AVX::available()
                0x00000000c0025280                AVX::save(void*)
                0x00000000c0025298                AVX::load(void*)
                0x00000000c00252b0                AVX::AVX()
                0x00000000c00252b0                AVX::AVX()
 .text          0x00000000c00252d8       0x90 hw/fpu/mmx.32
                0x00000000c00252d8                MMX::available()
                0x00000000c00252ec                MMX::open(int, int, void*)
                0x00000000c00252fe                MMX::close(int, int, void*)
                0x00000000c0025310                MMX::save(void*)
                0x00000000c0025328                MMX::load(void*)
                0x00000000c0025340                MMX::MMX()
                0x00000000c0025340                MMX::MMX()
 .text          0x00000000c0025368       0x96 hw/fpu/sse.32
                0x00000000c0025368                SSE::open(int, int, void*)
                0x00000000c002537a                SSE::close(int, int, void*)
                0x00000000c002538c                SSE::available()
                0x00000000c00253a6                SSE::save(void*)
                0x00000000c00253be                SSE::load(void*)
                0x00000000c00253d6                SSE::SSE()
                0x00000000c00253d6                SSE::SSE()
 .text          0x00000000c00253fe       0x8e hw/fpu/x87.32
                0x00000000c00253fe                x87::open(int, int, void*)
                0x00000000c0025410                x87::close(int, int, void*)
                0x00000000c0025422                x87::available()
                0x00000000c0025434                x87::save(void*)
                0x00000000c002544c                x87::load(void*)
                0x00000000c0025464                x87::x87()
                0x00000000c0025464                x87::x87()
 .text          0x00000000c002548c      0x71e hw/intctrl/apic.32
                0x00000000c002548c                APIC::disable()
                0x00000000c002548e                APIC::close(int, int, void*)
                0x00000000c00254b0                IOAPIC::close(int, int, void*)
                0x00000000c00254b6                APIC::io_wait()
                0x00000000c00254bc                APIC::getBase()
                0x00000000c00254fe                APIC::eoi(unsigned char)
                0x00000000c002552c                APIC::open(int, int, void*)
                0x00000000c002567a                IOAPIC::IOAPIC()
                0x00000000c002567a                IOAPIC::IOAPIC()
                0x00000000c00256a2                APIC::APIC()
                0x00000000c00256a2                APIC::APIC()
                0x00000000c002577e                IOAPIC::handlesGSIWithNumber(unsigned int)
                0x00000000c00257b0                IOAPIC::read(int)
                0x00000000c00257d8                IOAPIC::open(int, int, void*)
                0x00000000c00258ce                IOAPIC::write(int, int)
                0x00000000c00258fa                IOAPIC::redirect(unsigned char, unsigned long long, unsigned char, bool, bool)
                0x00000000c00259f4                APIC::installIRQHandler(int, void (*)(regs*, void*), bool, void*)
 .text          0x00000000c0025baa      0x3d3 hw/intctrl/pic.32
                0x00000000c0025baa                PIC::disable()
                0x00000000c0025bd8                PIC::close(int, int, void*)
                0x00000000c0025bfa                PIC::PIC()
                0x00000000c0025bfa                PIC::PIC()
                0x00000000c0025cd0                PIC::ioWait()
                0x00000000c0025cd6                PIC::getIRQReg(int)
                0x00000000c0025d40                PIC::eoi(unsigned char)
                0x00000000c0025dd2                PIC::remap()
                0x00000000c0025f3e                PIC::open(int, int, void*)
 *fill*         0x00000000c0025f7d        0x1 
 .text          0x00000000c0025f7e      0x25e hw/timer/apictimer.32
                0x00000000c0025f7e                APICTimer::close(int, int, void*)
                0x00000000c0025f84                apicTimerHandler(regs*, void*)
                0x00000000c0025fb2                APICTimer::write(int)
                0x00000000c00260b6                APICTimer::open(int, int, void*)
                0x00000000c00261b4                APICTimer::APICTimer()
                0x00000000c00261b4                APICTimer::APICTimer()
 .text          0x00000000c00261dc      0x1a7 hw/timer/pit.32
                0x00000000c00261dc                PIT::write(int)
                0x00000000c002625a                pitHandler(regs*, void*)
                0x00000000c0026286                PIT::open(int, int, void*)
                0x00000000c00262d4                PIT::close(int, int, void*)
                0x00000000c0026304                PIT::PIT()
                0x00000000c0026304                PIT::PIT()
 *fill*         0x00000000c0026383        0xd 
 .text          0x00000000c0026390       0x1e hw/fpu/x86/avx.32
                0x00000000c0026390                avxDetect
                0x00000000c0026396                avxSave
                0x00000000c0026397                avxLoad
                0x00000000c0026398                avxInit
                0x00000000c0026399                avxClose
                0x00000000c002639a                wouldSheSayYes
 *fill*         0x00000000c00263ae        0x2 
 .text          0x00000000c00263b0       0x35 hw/fpu/x86/sse.32
                0x00000000c00263b0                absolutelyNoChanceInHell
                0x00000000c00263b0                sseDetect
                0x00000000c00263c8                sseSave
                0x00000000c00263ce                sseLoad
                0x00000000c00263d4                sseInit
                0x00000000c00263e4                sseClose
 *fill*         0x00000000c00263e5        0xb 
 .text          0x00000000c00263f0       0x4d hw/fpu/x86/x87.32
                0x00000000c00263f6                x87Detect
                0x00000000c0026411                x87Save
                0x00000000c002641a                x87Load
                0x00000000c0026422                x87Init
                0x00000000c002643c                x87Close
 *fill*         0x00000000c002643d        0x3 
 .text          0x00000000c0026440       0x25 /cygdrive/d/Users/Alex/Desktop/Toolchain/Output/bin/../lib/gcc/i386-banana/8.1.0/crtend.o
 .text          0x00000000c0026465        0x0 crtn.32
 *fill*         0x00000000c0026465        0x3 
 .text          0x00000000c0026468      0x14b /cygdrive/d/Users/Alex/Desktop/Toolchain/Output/bin/../lib/gcc/i386-banana/8.1.0/libkgcc.a(_divdi3.o)
                0x00000000c0026468                __divdi3
 *fill*         0x00000000c00265b3        0x1 
 .text          0x00000000c00265b4      0x17e /cygdrive/d/Users/Alex/Desktop/Toolchain/Output/bin/../lib/gcc/i386-banana/8.1.0/libkgcc.a(_moddi3.o)
                0x00000000c00265b4                __moddi3
 *fill*         0x00000000c0026732        0x2 
 .text          0x00000000c0026734       0xff /cygdrive/d/Users/Alex/Desktop/Toolchain/Output/bin/../lib/gcc/i386-banana/8.1.0/libkgcc.a(_udivdi3.o)
                0x00000000c0026734                __udivdi3
 *fill*         0x00000000c0026833        0x1 
 .text          0x00000000c0026834      0x11a /cygdrive/d/Users/Alex/Desktop/Toolchain/Output/bin/../lib/gcc/i386-banana/8.1.0/libkgcc.a(_umoddi3.o)
                0x00000000c0026834                __umoddi3
 .text          0x00000000c002694e      0x96d D:/Users/Alex/Desktop/Banana/kernel/libsoftfp.a(sfieeelib.o)
                0x00000000c002694e                __addsf3
                0x00000000c0026c50                __subsf3
                0x00000000c0026c64                __negsf2
                0x00000000c0026c71                __mulsf3
                0x00000000c0026e34                __divsf3
                0x00000000c002705f                __floatsisf
                0x00000000c00270d3                __floatunsisf
                0x00000000c0027115                __fixsfsi
                0x00000000c0027177                __fixunssfsi
                0x00000000c00271a8                __cmpsf2
                0x00000000c002723d                __eqsf2
                0x00000000c0027278                __nesf2
                0x00000000c002727a                __gtsf2
                0x00000000c00272b5                __gesf2
                0x00000000c00272b7                __ltsf2
                0x00000000c00272b9                __lesf2
 .text          0x00000000c00272bb      0xf50 D:/Users/Alex/Desktop/Banana/kernel/libsoftfp.a(dfieeelib.o)
                0x00000000c00272bb                __adddf3
                0x00000000c002790c                __subdf3