Archive member included to satisfy reference by file (symbol)

/cygdrive/d/Users/Alex/Desktop/Toolchain/Output/bin/../lib/gcc/i386-banana/8.1.0/libkgcc.a(_divdi3.o)
                              fs/fat/ff.32 (__divdi3)
/cygdrive/d/Users/Alex/Desktop/Toolchain/Output/bin/../lib/gcc/i386-banana/8.1.0/libkgcc.a(_moddi3.o)
                              compat/resolve.32 (__moddi3)
/cygdrive/d/Users/Alex/Desktop/Toolchain/Output/bin/../lib/gcc/i386-banana/8.1.0/libkgcc.a(_udivdi3.o)
                              fs/fat/ff.32 (__udivdi3)
/cygdrive/d/Users/Alex/Desktop/Toolchain/Output/bin/../lib/gcc/i386-banana/8.1.0/libkgcc.a(_umoddi3.o)
                              compat/resolve.32 (__umoddi3)
D:/Users/Alex/Desktop/Banana/kernel/libsoftfp.a(sfieeelib.o)
                              hal/sound/sndhw.32 (__addsf3)
D:/Users/Alex/Desktop/Banana/kernel/libsoftfp.a(dfieeelib.o)
                              hal/libresample/src_linear.32 (__adddf3)
D:/Users/Alex/Desktop/Banana/kernel/libsoftfp.a(sfdfcvt.o)
                              hal/libresample/samplerate.32 (__truncdfsf2)
D:/Users/Alex/Desktop/Banana/kernel/libk/libm32.a(s_fabs.c.o)
                              hal/libresample/samplerate.32 (fabs)
D:/Users/Alex/Desktop/Banana/kernel/libk/libm32.a(s_lrint.S.o)
                              hal/libresample/samplerate.32 (lrint)
D:/Users/Alex/Desktop/Banana/kernel/libk/libm32.a(s_lrintf.S.o)
                              hal/sound/sndhw.32 (lrintf)

Discarded input sections

 .comment       0x0000000000000000       0x12 /cygdrive/d/Users/Alex/Desktop/Toolchain/Output/bin/../lib/gcc/i386-banana/8.1.0/crtbegin.o
 .comment       0x0000000000000000       0x12 acpica/utclib.32
 .comment       0x0000000000000000       0x12 core/malloc.32
 .comment       0x0000000000000000       0x12 libk/string.32
 .comment       0x0000000000000000       0x12 fs/fat/diskio.32
 .comment       0x0000000000000000       0x12 fs/fat/ff.32
 .comment       0x0000000000000000       0x12 fs/fat/ffsystem.32
 .comment       0x0000000000000000       0x12 fs/fat/ffunicode.32
 .comment       0x0000000000000000       0x12 hal/libresample/samplerate.32
 .comment       0x0000000000000000       0x12 hal/libresample/src_linear.32
 .comment       0x0000000000000000       0x12 hal/libresample/src_sinc.32
 .comment       0x0000000000000000       0x12 hal/libresample/src_zoh.32
 .comment       0x0000000000000000       0x12 compat/inlines.32
 .comment       0x0000000000000000       0x12 compat/resolve.32
 .group         0x0000000000000000       0x14 core/computer.32
 .group         0x0000000000000000        0xc core/computer.32
 .comment       0x0000000000000000       0x12 core/computer.32
 .comment       0x0000000000000000       0x12 core/gdt.32
 .group         0x0000000000000000        0xc core/idle.32
 .comment       0x0000000000000000       0x12 core/idle.32
 .comment       0x0000000000000000       0x12 core/idt.32
 .comment       0x0000000000000000       0x12 core/kheap.32
 .comment       0x0000000000000000       0x12 core/main.32
 .comment       0x0000000000000000       0x12 core/physmgr.32
 .group         0x0000000000000000        0xc core/pipe.32
 .comment       0x0000000000000000       0x12 core/pipe.32
 .group         0x0000000000000000        0xc core/terminal.32
 .comment       0x0000000000000000       0x12 core/terminal.32
 .comment       0x0000000000000000       0x12 core/tss.32
 .group         0x0000000000000000        0x8 core/unixfile.32
 .group         0x0000000000000000        0xc core/unixfile.32
 .group         0x0000000000000000        0xc core/unixfile.32
 .group         0x0000000000000000        0x8 core/unixfile.32
 .group         0x0000000000000000        0xc core/unixfile.32
 .group         0x0000000000000000        0x8 core/unixfile.32
 .group         0x0000000000000000        0xc core/unixfile.32
 .group         0x0000000000000000        0xc core/unixfile.32
 .comment       0x0000000000000000       0x12 core/unixfile.32
 .comment       0x0000000000000000       0x12 core/virtmgr.32
 .comment       0x0000000000000000       0x12 coreobjs/c++.32
 .comment       0x0000000000000000       0x12 dbg/kconsole.32
 .group         0x0000000000000000        0xc fs/vfs.32
 .group         0x0000000000000000        0xc fs/vfs.32
 .group         0x0000000000000000        0xc fs/vfs.32
 .comment       0x0000000000000000       0x12 fs/vfs.32
 .group         0x0000000000000000        0xc hal/bus.32
 .comment       0x0000000000000000       0x12 hal/bus.32
 .group         0x0000000000000000        0xc hal/buzzer.32
 .comment       0x0000000000000000       0x12 hal/buzzer.32
 .group         0x0000000000000000        0xc hal/clock.32
 .comment       0x0000000000000000       0x12 hal/clock.32
 .group         0x0000000000000000       0x14 hal/device.32
 .group         0x0000000000000000        0xc hal/device.32
 .group         0x0000000000000000        0xc hal/device.32
 .group         0x0000000000000000        0xc hal/device.32
[...]
Memory Configuration

Name             Origin             Length             Attributes
*default*        0x0000000000000000 0xffffffffffffffff

Linker script and memory map

LOAD D:/Users/Alex/Desktop/Banana/kernel/boot.32
LOAD crti.32
LOAD /cygdrive/d/Users/Alex/Desktop/Toolchain/Output/bin/../lib/gcc/i386-banana/8.1.0/crtbegin.o
LOAD D:/Users/Alex/Desktop/Banana/kernel/morenasm.32
LOAD acpica/utclib.32
LOAD core/malloc.32
LOAD libk/string.32
LOAD fs/fat/diskio.32
LOAD fs/fat/ff.32
LOAD fs/fat/ffsystem.32
LOAD fs/fat/ffunicode.32
LOAD hal/libresample/samplerate.32
LOAD hal/libresample/src_linear.32
LOAD hal/libresample/src_sinc.32
LOAD hal/libresample/src_zoh.32
LOAD compat/inlines.32
LOAD compat/resolve.32
LOAD core/computer.32
LOAD core/gdt.32
LOAD core/idle.32
LOAD core/idt.32
LOAD core/kheap.32
LOAD core/main.32
LOAD core/physmgr.32
LOAD core/pipe.32
LOAD core/terminal.32
LOAD core/tss.32
LOAD core/unixfile.32
LOAD core/virtmgr.32
LOAD coreobjs/c++.32
LOAD dbg/kconsole.32
LOAD fs/vfs.32
LOAD hal/bus.32
LOAD hal/buzzer.32
LOAD hal/clock.32
LOAD hal/device.32
LOAD hal/diskctrl.32
LOAD hal/diskphys.32
LOAD hal/fpu.32
LOAD hal/intctrl.32
LOAD hal/keybrd.32
LOAD hal/logidisk.32
LOAD hal/mouse.32
LOAD hal/partition.32
LOAD hal/serial.32
LOAD hal/timer.32
LOAD hal/vcache.32
LOAD hal/video.32
LOAD hw/acpi.32
LOAD hw/cpu.32
LOAD hw/ports.32
LOAD hw/smp.32
LOAD krnl/env.32
LOAD krnl/panic.32
LOAD net/ethernet.32
LOAD reg/registry.32
LOAD sys/sc_eject.32
LOAD sys/sc_exit.32
LOAD sys/sc_getcwd.32
LOAD sys/sc_getpid.32
LOAD sys/sc_getramdata.32
LOAD sys/sc_loaddll.32
LOAD sys/sc_read.32
LOAD sys/sc_sbrk.32
LOAD sys/sc_setcwd.32
LOAD sys/sc_settime.32
LOAD sys/sc_timezone.32
LOAD sys/sc_write.32
LOAD sys/sc_wsbe.32
LOAD sys/sc_yield.32
LOAD sys/syscalls.32
LOAD thr/elf.32
LOAD thr/prcssthr.32
LOAD vm86/vm8086.32
LOAD vm86/x87em.32
LOAD fs/fat/vfslink.32
LOAD fs/iso9660/vfslink.32
LOAD hal/sound/sndchannel.32
LOAD hal/sound/sndhw.32
LOAD hw/bus/isa.32
LOAD hw/bus/pci.32
LOAD hw/diskctrl/ide.32
LOAD hw/diskctrl/satabus.32
LOAD hw/diskphys/ata.32
LOAD hw/diskphys/atapi.32
LOAD hw/diskphys/sata.32
LOAD hw/diskphys/satapi.32
LOAD hw/fpu/avx.32
LOAD hw/fpu/mmx.32
LOAD hw/fpu/sse.32
LOAD hw/fpu/x87.32
LOAD hw/intctrl/apic.32
LOAD hw/intctrl/pic.32
LOAD hw/timer/apictimer.32
LOAD hw/timer/pit.32
LOAD hw/fpu/x86/avx.32
LOAD hw/fpu/x86/sse.32
LOAD hw/fpu/x86/x87.32
LOAD /cygdrive/d/Users/Alex/Desktop/Toolchain/Output/bin/../lib/gcc/i386-banana/8.1.0/crtend.o
LOAD crtn.32
LOAD /cygdrive/d/Users/Alex/Desktop/Toolchain/Output/bin/../lib/gcc/i386-banana/8.1.0/libkgcc.a
LOAD D:/Users/Alex/Desktop/Banana/kernel/libsoftfp.a
LOAD D:/Users/Alex/Desktop/Banana/kernel/libk/libm32.a
                0x00000000c0000000                . = 0xc0000000

.text           0x00000000c0000000    0x28618
 *(.text)
 .text          0x00000000c0000000       0x41 D:/Users/Alex/Desktop/Banana/kernel/boot.32
                0x00000000c0000020                callGlobalConstructors
 .text          0x00000000c0000041        0x0 crti.32
 *fill*         0x00000000c0000041        0x3 
 .text          0x00000000c0000044      0x101 /cygdrive/d/Users/Alex/Desktop/Toolchain/Output/bin/../lib/gcc/i386-banana/8.1.0/crtbegin.o
 *fill*         0x00000000c0000145        0xb 
 .text          0x00000000c0000150      0x4ed D:/Users/Alex/Desktop/Banana/kernel/morenasm.32
                0x00000000c0000150                manualPCIProbe
                0x00000000c000019b                prepareTramp
                0x00000000c00001b4                voodooXADD
                0x00000000c000027f                doTPAUSE
                0x00000000c0000289                hasLegacyFPU
                0x00000000c00002ae                is486
                0x00000000c00002e4                detectCPUID
                0x00000000c00002fa                goToVM86
                0x00000000c000032a                goToUsermode
                0x00000000c0000354                switchToThreadASMFirstTime
                0x00000000c0000362                switchToThreadASM
                0x00000000c00003ea                asmQuickAcquireLock
                0x00000000c0000408                asmQuickReleaseLock
                0x00000000c0000414                asmAcquireLock
                0x00000000c0000435                asmReleaseLock
                0x00000000c0000448                loadGDT
                0x00000000c0000468                isr0
                0x00000000c0000478                isr1
                0x00000000c0000482                isr2
                0x00000000c000048c                isr3
                0x00000000c0000496                isr4
                0x00000000c00004a0                isr5
                0x00000000c00004aa                isr6
                0x00000000c00004b4                isr7
                0x00000000c00004be                isr8
                0x00000000c00004c6                isr9
                0x00000000c00004d0                isr10
                0x00000000c00004d8                isr11
                0x00000000c00004e0                isr12
                0x00000000c00004e8                isr13
                0x00000000c00004f0                isr14
                0x00000000c00004f8                isr15
                0x00000000c0000502                isr16
                0x00000000c000050c                isr17
                0x00000000c0000516                isr18
                0x00000000c0000520                irq3
                0x00000000c000052a                irq4
                0x00000000c0000534                irq5
                0x00000000c000053e                irq6
                0x00000000c0000548                irq7
                0x00000000c0000552                irq8
                0x00000000c000055c                irq9
                0x00000000c0000566                irq10
                0x00000000c0000570                irq11
                0x00000000c000057a                irq12
                0x00000000c0000584                irq13
                0x00000000c000058e                irq14
                0x00000000c0000598                irq15
                0x00000000c00005a2                irq1
                0x00000000c00005a9                irq2
                0x00000000c00005b0                isr96
                0x00000000c00005b7                irq0
                0x00000000c00005bc                int_common_stub
                0x00000000c00005bc                syscall_common_stub
                0x00000000c00005ed                irq16
                0x00000000c00005f7                irq17
                0x00000000c0000601                irq18
                0x00000000c000060b                irq19
                0x00000000c0000615                irq20
                0x00000000c000061f                irq21
                0x00000000c0000629                irq22
                0x00000000c0000633                irq23
 *fill*         0x00000000c000063d        0x3 
 .text          0x00000000c0000640      0x611 acpica/utclib.32
                0x00000000c0000640                memcmp
                0x00000000c000067c                memmove
                0x00000000c0000744                memcpy
                0x00000000c0000778                memset
                0x00000000c0000794                strlen
                0x00000000c00007ac                strpbrk
                0x00000000c00007e8                strtok
                0x00000000c0000834                strcpy
                0x00000000c0000858                strncpy
                0x00000000c00008c0                strcmp
                0x00000000c0000900                strchr
                0x00000000c0000924                strncmp
                0x00000000c0000974                strcat
                0x00000000c00009a4                strncat
                0x00000000c00009e0                strstr
                0x00000000c0000a28                toupper
                0x00000000c0000a3c                tolower
                0x00000000c0000a50                simple_strtoul
 .text          0x00000000c0000c51      0xfbf core/malloc.32
                0x00000000c0000dbc                dlfree
                0x00000000c0001117                dlmalloc
                0x00000000c0001654                dlrealloc
                0x00000000c0001809                dlmemalign
                0x00000000c000192c                dlcalloc
                0x00000000c00019c6                dlcfree
                0x00000000c00019cb                dlindependent_calloc
                0x00000000c00019f0                dlindependent_comalloc
                0x00000000c0001a07                dlvalloc
                0x00000000c0001a32                dlpvalloc
                0x00000000c0001a68                dlmalloc_trim
                0x00000000c0001a75                dlmalloc_usable_size
                0x00000000c0001aa6                dlmallinfo
                0x00000000c0001b75                dlmalloc_stats
                0x00000000c0001b86                dlmallopt
 .text          0x00000000c0001c10        0x0 libk/string.32
 .text          0x00000000c0001c10       0x51 fs/fat/diskio.32
                0x00000000c0001c10                disk_status
                0x00000000c0001c13                disk_initialize
                0x00000000c0001c16                disk_read
                0x00000000c0001c2c                disk_write
                0x00000000c0001c42                disk_ioctl
 .text          0x00000000c0001c61     0x6833 fs/fat/ff.32
                0x00000000c0004f2f                f_mount
                0x00000000c0004f91                f_open
                0x00000000c00053cd                f_read
                0x00000000c000564d                f_write
                0x00000000c0005907                f_sync
                0x00000000c0005ae3                f_close
                0x00000000c0005b12                f_lseek
                0x00000000c0005fc9                f_opendir
                0x00000000c00060cb                f_closedir
                0x00000000c00060ed                f_readdir
                0x00000000c0006188                f_stat
                0x00000000c0006217                f_getfree
                0x00000000c00063e2                f_truncate
                0x00000000c00064da                f_unlink
                0x00000000c000665d                f_mkdir
                0x00000000c0006889                f_rename
                0x00000000c0006b7c                f_chmod
                0x00000000c0006c5a                f_utime
                0x00000000c0006d38                f_getlabel
                0x00000000c0006f26                f_setlabel
                0x00000000c0007193                f_forward
                0x00000000c0007371                f_mkfs
 .text          0x00000000c0008494       0x2d fs/fat/ffsystem.32
                0x00000000c0008494                ff_memalloc
                0x00000000c00084aa                ff_memfree
 .text          0x00000000c00084c1      0x253 fs/fat/ffunicode.32
                0x00000000c00084c1                ff_uni2oem
                0x00000000c0008551                ff_oem2uni
                0x00000000c00085bd                ff_wtoupper
 .text          0x00000000c0008714      0x8fb hal/libresample/samplerate.32
                0x00000000c0008758                src_delete
                0x00000000c0008794                src_process
                0x00000000c000894a                src_callback_read
                0x00000000c0008ac7                src_set_ratio
                0x00000000c0008b31                src_get_channels
                0x00000000c0008b53                src_reset
                0x00000000c0008b9f                src_new
                0x00000000c0008c2d                src_callback_new
                0x00000000c0008c8f                src_get_name
                0x00000000c0008cc6                src_get_description
                0x00000000c0008cfd                src_get_version
                0x00000000c0008d03                src_is_valid_ratio
                0x00000000c0008d57                src_error
                0x00000000c0008d65                src_strerror
                0x00000000c0008d78                src_simple
                0x00000000c0008dcb                src_short_to_float_array
                0x00000000c0008e30                src_float_to_short_array
                0x00000000c0008eef                src_int_to_float_array
                0x00000000c0008f52                src_float_to_int_array
 .text          0x00000000c000900f      0x8cb hal/libresample/src_linear.32
                0x00000000c0009835                linear_get_name
                0x00000000c0009844                linear_get_description
                0x00000000c0009853                linear_set_converter
 .text          0x00000000c00098da     0x447c hal/libresample/src_sinc.32
                0x00000000c000dc6d                sinc_get_name
                0x00000000c000dc80                sinc_get_description
                0x00000000c000dc93                sinc_set_converter
 .text          0x00000000c000dd56      0x77c hal/libresample/src_zoh.32
                0x00000000c000e42d                zoh_get_name
                0x00000000c000e43c                zoh_get_description
                0x00000000c000e44b                zoh_set_converter
 .text          0x00000000c000e4d2       0x23 compat/inlines.32
                0x00000000c000e4d2                CPU::current()
                0x00000000c000e4df                operator new(unsigned long)
 .text          0x00000000c000e4f5      0x111 compat/resolve.32
                0x00000000c000e4f5                Krnl::resolveCompatibilitySymbol(char*)
 .text          0x00000000c000e606      0xa17 core/computer.32
                0x00000000c000e606                Computer::close(int, int, void*)
                0x00000000c000e64a                Krnl::firstTask()
                0x00000000c000e73a                Computer::Computer()
                0x00000000c000e73a                Computer::Computer()
                0x00000000c000e896                Computer::setBootMessage(char const*)
                0x00000000c000e898                Computer::detectFeatures()
                0x00000000c000eaa2                Computer::displayFeatures()
                0x00000000c000ede8                Computer::rdmsr(unsigned int)
                0x00000000c000ee14                Computer::wrmsr(unsigned int, unsigned long long)
                0x00000000c000ee4c                Computer::nmiEnabled()
                0x00000000c000ee58                Computer::readCMOS(unsigned char)
                0x00000000c000ee72                Computer::enableNMI(bool)
                0x00000000c000ee8a                Computer::open(int, int, void*)
                0x00000000c000ef60                Computer::disableNMI()
                0x00000000c000ef6e                Computer::writeCMOS(unsigned char, unsigned char)
                0x00000000c000ef8c                Computer::handleNMI()
                0x00000000c000eff2                Computer::setDiskActivityLight(int, bool)
 *fill*         0x00000000c000f01d        0x1 
 .text          0x00000000c000f01e      0x1b7 core/gdt.32
                0x00000000c000f01e                GDTEntry::setBase(unsigned int)
                0x00000000c000f03a                GDTEntry::setLimit(unsigned int)
                0x00000000c000f058                GDT::GDT()
                0x00000000c000f058                GDT::GDT()
                0x00000000c000f06e                GDT::addEntry(GDTEntry)
                0x00000000c000f0aa                GDT::getNumberOfEntries()
                0x00000000c000f0b2                GDT::flush()
                0x00000000c000f0d4                GDT::setup()
 .text          0x00000000c000f1d5       0x62 core/idle.32
                0x00000000c000f1d5                idleFunction(void*)
 *fill*         0x00000000c000f237        0x1 
 .text          0x00000000c000f238      0x45f core/idt.32
                0x00000000c000f238                IDTEntry::IDTEntry(bool)
                0x00000000c000f238                IDTEntry::IDTEntry(bool)
                0x00000000c000f2a6                IDTEntry::setOffset(unsigned int)
                0x00000000c000f2ba                IDT::IDT()
                0x00000000c000f2ba                IDT::IDT()
                0x00000000c000f2bc                IDT::getPointerToInvalidOpcodeEntryForF00F()
                0x00000000c000f2c4                IDT::addEntry(IDTEntry, int)
                0x00000000c000f2de                IDT::addEntry(int, void (*)(), bool)
                0x00000000c000f316                IDT::flush()
                0x00000000c000f330                IDT::setup()
 .text          0x00000000c000f697      0x203 core/kheap.32
                0x00000000c000f697                sbrk
                0x00000000c000f7a5                mmap
                0x00000000c000f7bb                munmap
                0x00000000c000f7d1                liballoc_lock()
                0x00000000c000f7e2                liballoc_unlock()
                0x00000000c000f7f3                liballoc_alloc(int)
                0x00000000c000f80e                liballoc_free(void*, int)
                0x00000000c000f82c                realloc
                0x00000000c000f840                malloc
                0x00000000c000f850                free
                0x00000000c000f860                rfree
                0x00000000c000f870                calloc
 .text          0x00000000c000f89a      0x485 core/main.32
                0x00000000c000f89a                hwTextMode_loadInData(VgaText*)
                0x00000000c000f8e5                hwTextMode_loadInTitle(VgaText*, char*)
                0x00000000c000f963                hwTextMode_showCursor(VgaText*, bool)
                0x00000000c000f9c1                hwTextMode_update(VgaText*)
                0x00000000c000f9c2                hwTextMode_updateCursor(VgaText*)
                0x00000000c000fa13                hwTextMode_disableBlink(VgaText*, bool)
                0x00000000c000fa59                hwTextMode_scrollScreen(VgaText*)
                0x00000000c000fb06                hwTextMode_writeCharacter(VgaText*, char, VgaColour, VgaColour, int, int)
                0x00000000c000fb88                setupTextMode()
                0x00000000c000fbf8                kernel_main
 .text          0x00000000c000fd1f      0x5c8 core/physmgr.32
                0x00000000c000fd1f                Phys::allocateDMA(unsigned long)
                0x00000000c000fdc2                Phys::freeDMA(unsigned long, unsigned long)
                0x00000000c000fe0a                Phys::setPageState(unsigned long, bool)
                0x00000000c000fe3c                Phys::getPageState(unsigned long)
                0x00000000c000fe58                Phys::freePage(unsigned long)
                0x00000000c000fee2                Phys::allocatePage()
                0x00000000c0010025                Phys::allocateContiguousPages(int)
                0x00000000c001007f                Phys::allowSegmentToBeUsed(unsigned long, unsigned long)
                0x00000000c00100b7                Phys::physicalMemorySetup(unsigned int)
 *fill*         0x00000000c00102e7        0x1 
 .text          0x00000000c00102e8      0x273 core/pipe.32
                0x00000000c00102e8                Pipe::isAtty()
                0x00000000c00102ec                Pipe::~Pipe()
                0x00000000c00102ec                Pipe::~Pipe()
                0x00000000c0010310                Pipe::~Pipe()
                0x00000000c0010338                Pipe::read(unsigned long long, void*, int*)
                0x00000000c001042c                Pipe::write(unsigned long long, void*, int*)
                0x00000000c00104f4                Pipe::Pipe(int)
                0x00000000c00104f4                Pipe::Pipe(int)
 *fill*         0x00000000c001055b        0x1 
 .text          0x00000000c001055c      0xf73 core/terminal.32
                0x00000000c001055c                VgaText::isAtty()
                0x00000000c0010560                VgaText::~VgaText()
                0x00000000c0010560                VgaText::~VgaText()
                0x00000000c0010584                VgaText::~VgaText()
                0x00000000c00105ae                VgaText::read(unsigned long long, void*, int*)
                0x00000000c00105ce                setTerminalScrollLock(bool)
                0x00000000c00105cf                addToTerminalCycle(VgaText*)
                0x00000000c00105fc                installVgaTextImplementation()
                0x00000000c0010611                scrollTerminalScrollLock(int)
                0x00000000c0010612                VgaText::load()
                0x00000000c0010666                VgaText::updateCursor()
                0x00000000c0010680                VgaText::showCursor(bool)
                0x00000000c0010690                VgaText::disableBlink(bool)
                0x00000000c00106ca                VgaText::doANSI_SGR(int)
                0x00000000c0010756                VgaText::setDefaultBgColour(VgaColour)
                0x00000000c001076c                VgaText::setDefaultFgColour(VgaColour)
                0x00000000c0010782                VgaText::setDefaultColours(VgaColour, VgaColour)
                0x00000000c00107a2                VgaText::combineColours(unsigned char, unsigned char)
                0x00000000c00107b4                VgaText::scrollScreen()
                0x00000000c0010848                VgaText::combineCharAndColour(char, unsigned char)
                0x00000000c001085a                VgaText::writeCharacter(char, VgaColour, VgaColour, int, int)
                0x00000000c00108ba                VgaText::getCursorX()
                0x00000000c00108c6                VgaText::getCursorY()
                0x00000000c00108d2                VgaText::setCursor(int, int)
                0x00000000c00108f0                VgaText::setCursorX(int)
                0x00000000c001090c                VgaText::setCursorY(int)
                0x00000000c0010928                VgaText::incrementCursor(bool)
                0x00000000c0010990                VgaText::updateRAMUsageDisplay(int)
                0x00000000c00109f4                VgaText::updateDiskUsage()
                0x00000000c0010b5e                VgaText::updateTitle()
                0x00000000c0010ba4                VgaText::setTitleTextColour(VgaColour)
                0x00000000c0010bb4                VgaText::setTitleColour(VgaColour)
                0x00000000c0010bc4                VgaText::setTitle(char*)
                0x00000000c0010bea                VgaText::decrementCursor(bool)
                0x00000000c0010c12                VgaText::putchar(char, VgaColour, VgaColour)
                0x00000000c0010d0e                VgaText::isShowingCursor()
                0x00000000c0010d1a                VgaText::isBlinkDisabled()
                0x00000000c0010d28                VgaText::setCursorHeight(int)
                0x00000000c0010d46                VgaText::getCursorHeight()
                0x00000000c0010d51                setActiveTerminal(VgaText*)
                0x00000000c0010e03                doTerminalCycle()
                0x00000000c0010e20                VgaText::doUpdate()
                0x00000000c0010e32                VgaText::puts(char const*, VgaColour, VgaColour)
                0x00000000c0010ff2                VgaText::clearScreen()
                0x00000000c0011056                VgaText::putchar(char)
                0x00000000c0011170                VgaText::puts(char const*)
                0x00000000c0011196                VgaText::putx(unsigned int)
                0x00000000c00111dc                VgaText::VgaText(char const*)
                0x00000000c00111dc                VgaText::VgaText(char const*)
                0x00000000c001136e                VgaText::receiveKey(unsigned char)
                0x00000000c0011456                VgaText::write(unsigned long long, void*, int*)
                0x00000000c00114aa                newTerminal(char*)
 *fill*         0x00000000c00114cf        0x1 
 .text          0x00000000c00114d0      0x1b3 core/tss.32
                0x00000000c00114d0                TSS::TSS()
                0x00000000c00114d0                TSS::TSS()
                0x00000000c00114de                TSS::setESP(unsigned long)
                0x00000000c00114f0                TSS::flush()
                0x00000000c0011510                TSS::setup(unsigned long, unsigned long)
 *fill*         0x00000000c0011683        0x1 
 .text          0x00000000c0011684      0x4c2 core/unixfile.32
                0x00000000c0011684                ReservedFilename::read(unsigned long long, void*, int*)
                0x00000000c00116da                ReservedFilename::isAtty()
                0x00000000c00116f6                ReservedFilename::write(unsigned long long, void*, int*)
                0x00000000c0011754                UnixFile::getFileDescriptor()
                0x00000000c001175c                UnixFile::UnixFile(int)
                0x00000000c001175c                UnixFile::UnixFile(int)
                0x00000000c001190c                ReservedFilename::ReservedFilename(int)
                0x00000000c001190c                ReservedFilename::ReservedFilename(int)
                0x00000000c001193e                UnixFile::~UnixFile()
                0x00000000c001193e                UnixFile::~UnixFile()
                0x00000000c00119d6                UnixFile::~UnixFile()
                0x00000000c00119fe                ReservedFilename::~ReservedFilename()
                0x00000000c00119fe                ReservedFilename::~ReservedFilename()
                0x00000000c0011a22                ReservedFilename::~ReservedFilename()
                0x00000000c0011a49                getFromFileDescriptor(int)
 .text          0x00000000c0011b46     0x1228 core/virtmgr.32
                0x00000000c0011b46                Virt::setPageState(unsigned long, Virt::VirtPageState)
                0x00000000c0011b7b                Virt::getPageState(unsigned long)
                0x00000000c0011b9f                Virt::allocateKernelVirtualPages(int)
                0x00000000c0011cb0                Virt::freeSwapfilePage(unsigned long)
                0x00000000c0011cce                Virt::swapIDToSector(unsigned long)
                0x00000000c0011ce0                Virt::allocateSwapfilePage()
                0x00000000c0011d5e                Virt::virtualMemorySetup()
                0x00000000c0011ddd                Virt::swappingSetup()
                0x00000000c0011e3a                Virt::getAKernelVAS()
                0x00000000c0011e40                Virt::setupPageSwapping(int)
                0x00000000c0011f70                VAS::VAS()
                0x00000000c0011f70                VAS::VAS()
                0x00000000c0011fa0                VAS::VAS(VAS*)
                0x00000000c0011fa0                VAS::VAS(VAS*)
                0x00000000c0011fc4                VAS::getForeignPageTableEntry(bool, unsigned long)
                0x00000000c0011ff0                VAS::getPageTableEntry(unsigned long)
                0x00000000c001200f                Virt::freeKernelVirtualPages(unsigned long)
                0x00000000c0012132                VAS::freeAllocatedPages(unsigned long)
                0x00000000c0012156                VAS::virtualToPhysical(unsigned long)
                0x00000000c001216e                VAS::reflagRange(unsigned long, int, int, int)
                0x00000000c00121ae                VAS::setToWriteCombining(unsigned long, int)
                0x00000000c00121e0                VAS::mapOtherVASIn(bool, VAS*)
                0x00000000c001220a                VAS::~VAS()
                0x00000000c001220a                VAS::~VAS()
                0x00000000c0012376                VAS::mapPage(unsigned long, unsigned long, int)
                0x00000000c0012476                VAS::allocatePages(int, int)
                0x00000000c001264e                VAS::setCPUSpecific(unsigned long)
                0x00000000c001266a                VAS::mapRange(unsigned long, unsigned long, int, int)
                0x00000000c0012730                VAS::mapForeignPage(bool, VAS*, unsigned long, unsigned long, int)
                0x00000000c001281e                VAS::VAS(bool)
                0x00000000c001281e                VAS::VAS(bool)
                0x00000000c0012a7a                VAS::evict(unsigned long)
                0x00000000c0012b2a                VAS::tryLoadBackOffDisk(unsigned long)
                0x00000000c0012bfc                VAS::scanForEviction(int, int)
                0x00000000c0012cb2                mapVASFirstTime
 .text          0x00000000c0012d6e       0x95 coreobjs/c++.32
                0x00000000c0012d6e                __cxa_atexit
                0x00000000c0012d71                __cxa_finalize
                0x00000000c0012d72                __stack_chk_fail
                0x00000000c0012dde                __cxa_pure_virtual
                0x00000000c0012def                operator new[](unsigned long)
                0x00000000c0012df4                operator delete(void*, unsigned long)
                0x00000000c0012df9                operator delete[](void*)
                0x00000000c0012dfe                operator delete[](void*, unsigned long)
 .text          0x00000000c0012e03      0x1ef dbg/kconsole.32
                0x00000000c0012e03                Dbg::stringifyxWithBase(unsigned int, char*, int)
                0x00000000c0012e64                Dbg::logc(char)
                0x00000000c0012e7b                Dbg::logs(char*)
                0x00000000c0012e98                Dbg::logWriteInt(unsigned int)
                0x00000000c0012eb5                Dbg::logWriteIntBase(unsigned int, int)
                0x00000000c0012ed4                Dbg::kprintf(char const*, ...)
 .text          0x00000000c0012ff2      0xb7c fs/vfs.32
                0x00000000c0012ff2                File::read(unsigned long long, void*, int*)
                0x00000000c001304a                File::write(unsigned long long, void*, int*)
                0x00000000c00130a2                Directory::read(unsigned long long, void*, int*)
                0x00000000c00130fa                Directory::write(unsigned long long, void*, int*)
                0x00000000c0013128                File::isAtty()
                0x00000000c001312c                Directory::isAtty()
                0x00000000c0013130                Filesystem::getlabel(LogicalDisk*, int, char*, unsigned int*)
                0x00000000c0013136                Filesystem::setlabel(LogicalDisk*, int, char*)
                0x00000000c001313c                File::~File()
                0x00000000c001313c                File::~File()
                0x00000000c0013160                File::~File()
                0x00000000c001318a                Directory::~Directory()
                0x00000000c001318a                Directory::~Directory()
                0x00000000c00131ae                Directory::~Directory()
                0x00000000c00131d8                Filesystem::Filesystem()
                0x00000000c00131d8                Filesystem::Filesystem()
                0x00000000c00131fc                Filesystem::~Filesystem()
                0x00000000c00131fc                Filesystem::~Filesystem()
                0x00000000c001320a                Filesystem::~Filesystem()
                0x00000000c001322e                Fs::getcwd(Process*, char*, int)
                0x00000000c0013258                Fs::initVFS()
                0x00000000c0013282                Fs::standardiseFiles(char*, char const*, char const*)
                0x00000000c001342c                File::File(char const*, Process*)
                0x00000000c001342c                File::File(char const*, Process*)
                0x00000000c0013490                File::open(FileOpenMode)
                0x00000000c00134ee                File::close()
                0x00000000c001354e                File::seek(unsigned long long)
                0x00000000c00135a4                File::tell(unsigned long long*)
                0x00000000c00135f4                File::rewind()
                0x00000000c0013608                File::unlink()
                0x00000000c0013654                File::rename(char const*)
                0x00000000c00136a2                File::chfatattr(unsigned char, unsigned char)
                0x00000000c00136fe                File::exists()
                0x00000000c001373c                File::stat(unsigned long long*, bool*)
                0x00000000c001379d                Fs::setcwd(Process*, char*)
                0x00000000c00138d8                Directory::Directory(char const*, Process*)
                0x00000000c00138d8                Directory::Directory(char const*, Process*)
                0x00000000c001393c                Directory::open()
                0x00000000c0013998                Directory::close()
                0x00000000c00139f8                Directory::unlink()
                0x00000000c0013a44                Directory::rename(char const*)
                0x00000000c0013a92                Directory::exists()
                0x00000000c0013ad0                Directory::read(dirent*)
                0x00000000c0013b1c                Directory::create()
                0x00000000c0013b68                Filesystem::chfatattr(char const*, unsigned char, unsigned char)
 .text          0x00000000c0013b6e       0x84 hal/bus.32
                0x00000000c0013b6e                Bus::Bus(char const*)
                0x00000000c0013b6e                Bus::Bus(char const*)
                0x00000000c0013ba4                Bus::~Bus()
                0x00000000c0013ba4                Bus::~Bus()
                0x00000000c0013bc8                Bus::~Bus()
 .text          0x00000000c0013bf2      0x14e hal/buzzer.32
                0x00000000c0013bf2                Buzzer::Buzzer(char const*)
                0x00000000c0013bf2                Buzzer::Buzzer(char const*)
                0x00000000c0013c36                Buzzer::~Buzzer()
                0x00000000c0013c36                Buzzer::~Buzzer()
                0x00000000c0013c5a                Buzzer::~Buzzer()
                0x00000000c0013c84                Buzzer::stop()
                0x00000000c0013c97                beepThread(void*)
                0x00000000c0013cd2                Buzzer::beep(int, int, bool)
 .text          0x00000000c0013d40      0x467 hal/clock.32
                0x00000000c0013d40                User::loadClockSettings(int)
                0x00000000c0013d92                Clock::Clock(char const*)
                0x00000000c0013d92                Clock::Clock(char const*)
                0x00000000c0013dc8                Clock::~Clock()
                0x00000000c0013dc8                Clock::~Clock()
                0x00000000c0013dec                Clock::~Clock()
                0x00000000c0013e16                Clock::timeInSecondsLocal()
                0x00000000c0013e5e                Clock::setTimeInSecondsLocal(unsigned long long)
                0x00000000c0013eb7                datetimeToSeconds(datetime_t)
                0x00000000c0013fde                Clock::setTimeInDatetimeLocal(datetime_t)
                0x00000000c001403e                secondsToDatetime(unsigned long long)
                0x00000000c0014182                Clock::timeInDatetimeLocal()
 *fill*         0x00000000c00141a7        0x1 
 .text          0x00000000c00141a8      0x4de hal/device.32
                0x00000000c00141a8                Device::hibernate()
                0x00000000c00141aa                Device::wake()
                0x00000000c00141ac                Device::detect()
                0x00000000c00141ae                Device::disableLegacy()
                0x00000000c00141b0                Device::powerSaving(PowerSavingLevel)
                0x00000000c00141b2                DriverlessDevice::close(int, int, void*)
                0x00000000c00141b6                DriverlessDevice::detect()
                0x00000000c00141b8                DriverlessDevice::open(int, int, void*)
                0x00000000c00141cc                Device::~Device()
                0x00000000c00141cc                Device::~Device()
                0x00000000c00141da                Device::~Device()
                0x00000000c0014202                Device::findAndLoadDriver()
                0x00000000c0014204                Device::preOpenPCI(PCIDeviceInfo)
                0x00000000c001422a                Device::preOpenACPI(void*, char*, char*)
                0x00000000c001427e                Device::addIRQHandler(int, void (*)(regs*, void*), bool, void*)
                0x00000000c00142bc                Device::removeIRQHandler(int, void (*)(regs*, void*), bool)
                0x00000000c00142fa                Device::addChild(Device*)
                0x00000000c001433e                Device::removeAllChildren()
                0x00000000c0014384                Device::hibernateAll()
                0x00000000c00143b4                Device::wakeAll()
                0x00000000c00143e4                Device::detectAll()
                0x00000000c0014414                Device::disableLegacyAll()
                0x00000000c0014444                Device::loadDriversForAll()
                0x00000000c0014470                Device::closeAll()
                0x00000000c00144a6                Device::powerSavingAll(PowerSavingLevel)
                0x00000000c00144dc                Device::setName(char const*)
                0x00000000c00144ea                Device::Device(char const*)
                0x00000000c00144ea                Device::Device(char const*)
                0x00000000c00145e6                Device::getName()
                0x00000000c00145f0                DriverlessDevice::DriverlessDevice(char const*)
                0x00000000c00145f0                DriverlessDevice::DriverlessDevice(char const*)
                0x00000000c0014618                Device::addToLinkedList(LinkedList<Device>&, DeviceType)
                0x00000000c001465c                getDevicesOfType(DeviceType)
 .text          0x00000000c0014686       0x84 hal/diskctrl.32
                0x00000000c0014686                HardDiskController::HardDiskController(char const*)
                0x00000000c0014686                HardDiskController::HardDiskController(char const*)
                0x00000000c00146bc                HardDiskController::~HardDiskController()
                0x00000000c00146bc                HardDiskController::~HardDiskController()
                0x00000000c00146e0                HardDiskController::~HardDiskController()
 .text          0x00000000c001470a       0xf2 hal/diskphys.32
                0x00000000c001470a                PhysicalDisk::eject()
                0x00000000c001471e                PhysicalDisk::PhysicalDisk(char const*, int)
                0x00000000c001471e                PhysicalDisk::PhysicalDisk(char const*, int)
                0x00000000c0014786                PhysicalDisk::startCache()
                0x00000000c00147ae                PhysicalDisk::~PhysicalDisk()
                0x00000000c00147ae                PhysicalDisk::~PhysicalDisk()
                0x00000000c00147d2                PhysicalDisk::~PhysicalDisk()
 .text          0x00000000c00147fc      0x13b hal/fpu.32
                0x00000000c00147fc                FPU::FPU(char const*)
                0x00000000c00147fc                FPU::FPU(char const*)
                0x00000000c0014832                FPU::~FPU()
                0x00000000c0014832                FPU::~FPU()
                0x00000000c0014856                FPU::~FPU()
                0x00000000c0014880                setupFPU()
 *fill*         0x00000000c0014937        0x1 
 .text          0x00000000c0014938     0x13a7 hal/intctrl.32
                0x00000000c0014938                InterruptController::uninstallISRHandler(int, void (*)(regs*, void*))
                0x00000000c0014970                InterruptController::installISRHandler(int, void (*)(regs*, void*), void*)
                0x00000000c00149c2                doubleFault(regs*, void*)
                0x00000000c00149dc                InterruptController::installIRQHandler(int, void (*)(regs*, void*), bool, void*)
                0x00000000c0014a78                InterruptController::clearAllHandlers(int, bool)
                0x00000000c0014b20                InterruptController::uninstallIRQHandler(int, void (*)(regs*, void*), bool)
                0x00000000c0014ba7                nmiHandler(regs*, void*)
                0x00000000c0014bb5                int_handler
                0x00000000c0014c56                InterruptController::InterruptController(char const*)
                0x00000000c0014c56                InterruptController::InterruptController(char const*)
                0x00000000c0014cfc                InterruptController::~InterruptController()
                0x00000000c0014cfc                InterruptController::~InterruptController()
                0x00000000c0014d20                InterruptController::~InterruptController()
                0x00000000c0014d4a                displayDebugInfo(regs*)
                0x00000000c00151d9                x87EmulHandler(regs*, void*)
                0x00000000c0015208                gpFault(regs*, void*)
                0x00000000c0015241                pgFault(regs*, void*)
                0x00000000c001527e                otherISRHandler(regs*, void*)
                0x00000000c001529d                opcodeFault(regs*, void*)
                0x00000000c00158a3                displayProgramFault(char const*)
                0x00000000c00158cb                setupInterruptController()
                0x00000000c0015c92                InterruptController::convertLegacyIRQNumber(int)
 *fill*         0x00000000c0015cdf        0x1 
 .text          0x00000000c0015ce0      0x6c8 hal/keybrd.32
                0x00000000c0015ce0                startGUI(void*)
                0x00000000c0015d3c                startGUIVESA(void*)
                0x00000000c0015d98                sendKeyToTerminal(unsigned char)
                0x00000000c0015e04                sendKeyboardToken(KeyboardToken)
                0x00000000c0016241                clearInternalKeybuffer(VgaText*)
                0x00000000c0016276                readKeyboard(VgaText*, char*, unsigned long)
                0x00000000c001631e                Keyboard::Keyboard(char const*)
                0x00000000c001631e                Keyboard::Keyboard(char const*)
                0x00000000c001635a                Keyboard::~Keyboard()
                0x00000000c001635a                Keyboard::~Keyboard()
                0x00000000c001637e                Keyboard::~Keyboard()
 .text          0x00000000c00163a8      0x414 hal/logidisk.32
                0x00000000c00163a8                LogicalDisk::close(int, int, void*)
                0x00000000c00163ac                LogicalDisk::~LogicalDisk()
                0x00000000c00163ac                LogicalDisk::~LogicalDisk()
                0x00000000c00163d0                LogicalDisk::~LogicalDisk()
                0x00000000c00163fa                LogicalDisk::open(int, int, void*)
                0x00000000c001640e                LogicalDisk::absoluteToRelative(unsigned long long)
                0x00000000c0016446                LogicalDisk::relativeToAbsolute(unsigned long long)
                0x00000000c001648c                LogicalDisk::LogicalDisk(char const*, PhysicalDisk*, unsigned long long, unsigned long long)
                0x00000000c001648c                LogicalDisk::LogicalDisk(char const*, PhysicalDisk*, unsigned long long, unsigned long long)
                0x00000000c0016542                LogicalDisk::assignDriveLetter()
                0x00000000c00165f8                LogicalDisk::mount()
                0x00000000c001666a                LogicalDisk::unmount()
                0x00000000c001667a                LogicalDisk::eject()
                0x00000000c001668e                LogicalDisk::unassignDriveLetter()
                0x00000000c00166e4                LogicalDisk::read(unsigned long long, int, void*)
                0x00000000c0016750                LogicalDisk::write(unsigned long long, int, void*)
 .text          0x00000000c00167bc       0x84 hal/mouse.32
                0x00000000c00167bc                Mouse::Mouse(char const*)
                0x00000000c00167bc                Mouse::Mouse(char const*)
                0x00000000c00167f2                Mouse::~Mouse()
                0x00000000c00167f2                Mouse::~Mouse()
                0x00000000c0016816                Mouse::~Mouse()
 .text          0x00000000c0016840      0x34d hal/partition.32
                0x00000000c0016840                makePartition(PhysicalDisk*, unsigned long long, unsigned long long)
                0x00000000c00168fc                createPartitionsForDisk(PhysicalDisk*)
 *fill*         0x00000000c0016b8d        0x1 
 .text          0x00000000c0016b8e       0x84 hal/serial.32
                0x00000000c0016b8e                Serial::Serial(char const*)
                0x00000000c0016b8e                Serial::Serial(char const*)
                0x00000000c0016bc4                Serial::~Serial()
                0x00000000c0016bc4                Serial::~Serial()
                0x00000000c0016be8                Serial::~Serial()
 .text          0x00000000c0016c12      0x2b8 hal/timer.32
                0x00000000c0016c12                Timer::Timer(char const*)
                0x00000000c0016c12                Timer::Timer(char const*)
                0x00000000c0016c48                Timer::~Timer()
                0x00000000c0016c48                Timer::~Timer()
                0x00000000c0016c6c                Timer::~Timer()
                0x00000000c0016c96                Timer::read()
                0x00000000c0016ca1                timerHandler(unsigned long long)
                0x00000000c0016dd8                setupTimer(int)
 .text          0x00000000c0016eca      0x425 hal/vcache.32
                0x00000000c0016eca                VCache::VCache(PhysicalDisk*)
                0x00000000c0016eca                VCache::VCache(PhysicalDisk*)
                0x00000000c0017032                VCache::invalidateReadBuffer()
                0x00000000c0017042                VCache::writeWriteBuffer()
                0x00000000c001707e                VCache::~VCache()
                0x00000000c001707e                VCache::~VCache()
                0x00000000c00170d2                VCache::~VCache()
                0x00000000c00170fa                VCache::write(unsigned long long, int, void*)
                0x00000000c00171f0                VCache::read(unsigned long long, int, void*)
 *fill*         0x00000000c00172ef        0x1 
 .text          0x00000000c00172f0      0x4cd hal/video.32
                0x00000000c00172f0                Video::putrect(int, int, int, int, unsigned int)
                0x00000000c001733c                Video::bitblit(int, int, int, int, int, int, int, unsigned int*)
                0x00000000c00173ac                Video::blit(unsigned int*, int, int, int, int)
                0x00000000c001742a                Video::clearScreen(unsigned int)
                0x00000000c001745e                Video::putpixel(int, int, unsigned int)
                0x00000000c001746c                Video::Video(char const*)
                0x00000000c001746c                Video::Video(char const*)
                0x00000000c00174a2                Video::~Video()
                0x00000000c00174a2                Video::~Video()
                0x00000000c00174c6                Video::~Video()
                0x00000000c00174f0                Video::isMonochrome()
                0x00000000c00174fc                Video::getWidth()
                0x00000000c0017508                Video::getHeight()
                0x00000000c0017514                Video::drawCursor(int, int, unsigned char*, int)
                0x00000000c00175d0                Video::tgaParse(unsigned char*, int, int*, int*)
                0x00000000c0017752                Video::putTGA(int, int, unsigned char*, int)
 *fill*         0x00000000c00177bd        0x1 
 .text          0x00000000c00177be      0xf64 hw/acpi.32
                0x00000000c00177be                ACPI::close(int, int, void*)
                0x00000000c0017873                findRSDP()
                0x00000000c00178fd                loadACPITables(unsigned char*)
                0x00000000c0017b24                findRSDT(unsigned char*)
                0x00000000c0017c42                findDataTable(unsigned char*, char*)
                0x00000000c0017cde                scanMADT()
                0x00000000c0018164                ACPI::ACPI()
                0x00000000c0018164                ACPI::ACPI()
                0x00000000c00181ce                ACPI::getPCIIRQAssignment(unsigned char, unsigned short, unsigned char)
                0x00000000c00182b0                ACPI::registerPCIIRQAssignment(void*, unsigned short, unsigned char, unsigned char)
                0x00000000c0018376                ACPI::setScreenBrightnessLevel(void*, int)
                0x00000000c001837c                ACPI::writeSimpleBootFlag(SimpleBootFlagTable*)
                0x00000000c00183c4                ACPI::open(int, int, void*)
                0x00000000c001870a                ACPI::sleep()
 .text          0x00000000c0018722     0x1715 hw/cpu.32
                0x00000000c0018722                CPU::close(int, int, void*)
                0x00000000c0018726                CPU::lookupAMDName(unsigned char, unsigned char)
                0x00000000c00188ba                CPU::lookupIntelName(unsigned char, unsigned char)
                0x00000000c0018b68                CPU::AMD_K6_write_msr(unsigned int, unsigned int, unsigned int, CPU::REGS*)
                0x00000000c0018b84                CPU::AMD_K6_read_msr(unsigned int, CPU::REGS*)
                0x00000000c0018b9c                CPU::AMD_K6_writeback(int, int, int)
                0x00000000c0018c10                CPU::cpuid(int, unsigned long*, unsigned long*, unsigned long*, unsigned long*)
                0x00000000c0018c94                CPU::cpuidCheckEDX(unsigned int)
                0x00000000c0018cc2                CPU::cpuidCheckECX(unsigned int)
                0x00000000c0018cf0                CPU::cpuidCheckExtendedEBX(unsigned int)
                0x00000000c0018d1e                CPU::cpuidCheckExtendedECX(unsigned int)
                0x00000000c0018d4c                CPU::CPU()
                0x00000000c0018d4c                CPU::CPU()
                0x00000000c0018dda                CPU::displayFeatures()
                0x00000000c0019056                CPU::detectFeatures()
                0x00000000c0019a46                CPU::setupSMEP()
                0x00000000c0019a52                CPU::setupUMIP()
                0x00000000c0019a5c                CPU::setupTSC()
                0x00000000c0019a66                CPU::setupLargePages()
                0x00000000c0019a70                CPU::setupPAT()
                0x00000000c0019aac                CPU::setupMTRR()
                0x00000000c0019aae                CPU::setupGlobalPages()
                0x00000000c0019ab8                CPU::allowUsermodeDataAccess()
                0x00000000c0019aca                CPU::prohibitUsermodeDataAccess()
                0x00000000c0019adc                CPU::setupSMAP()
                0x00000000c0019aea                CPU::setupFeatures()
                0x00000000c0019b6a                CPU::open(int, int, void*)
                0x00000000c0019c3c                CPU::decodeAddress(regs*, int*, bool*, unsigned char*)
 .text          0x00000000c0019e37        0x0 hw/ports.32
 .text          0x00000000c0019e37      0x16a hw/smp.32
                0x00000000c0019e37                Krnl::smpEntry()
                0x00000000c0019e39                Krnl::startCPU(int)
                0x00000000c0019f82                Krnl::startCPUs()
 *fill*         0x00000000c0019fa1        0x1 
 .text          0x00000000c0019fa2      0x5d3 krnl/env.32
                0x00000000c0019fa2                EnvVarContainer::getEnv(char const*)
                0x00000000c0019fe0                EnvVarContainer::setEnv(char const*, char const*)
                0x00000000c001a0ac                EnvVarContainer::deleteEnv(char const*)
                0x00000000c001a0ae                EnvVarContainer::loadFrom(char const*, char const*)
                0x00000000c001a2a4                EnvVarContainer::__loadSystem()
                0x00000000c001a2be                EnvVarContainer::__loadUser()
                0x00000000c001a2c0                EnvVarContainer::EnvVarContainer(Process*)
                0x00000000c001a2c0                EnvVarContainer::EnvVarContainer(Process*)
                0x00000000c001a2e2                EnvVarContainer::~EnvVarContainer()
                0x00000000c001a2e2                EnvVarContainer::~EnvVarContainer()
                0x00000000c001a312                Krnl::getEnv(Process*, char const*)
                0x00000000c001a377                Krnl::setEnvSystem(char const*, char const*)
                0x00000000c001a391                Krnl::setEnvUser(char const*, char const*)
                0x00000000c001a3b0                Krnl::setEnvProcess(Process*, char const*, char const*)
                0x00000000c001a3c3                Krnl::deleteEnvSystem(char const*)
                0x00000000c001a3c4                Krnl::deleteEnvUser(char const*)
                0x00000000c001a3c5                Krnl::deleteEnvProcess(Process*, char const*)
                0x00000000c001a3c6                Krnl::newProcessEnv(Process*)
                0x00000000c001a3e8                Krnl::copyProcessEnv(Process*, Process*)
                0x00000000c001a43c                Krnl::loadSystemEnv()
                0x00000000c001a46a                Krnl::loadUserEnv()
                0x00000000c001a490                Krnl::flushEnv()
                0x00000000c001a491                Krnl::getProcessTotalEnvCount(Process*)
                0x00000000c001a4b1                Krnl::getProcessEnvPair(Process*, int)
 .text          0x00000000c001a575      0x396 krnl/panic.32
                0x00000000c001a575                Krnl::panic(char const*)
 .text          0x00000000c001a90b      0x3b6 net/ethernet.32
                0x00000000c001a90b                Net::switchEndian16(unsigned short)
                0x00000000c001a92c                Net::switchEndian32(unsigned int)
                0x00000000c001a95b                Net::crc32Calc(unsigned char*, int)
                0x00000000c001a9ec                Net::wrapEthernetFrame(Net::UnwrappedEthernetFrame, unsigned char*)
                0x00000000c001ab28                Net::unwrapEthernetFrame(unsigned char*, int)
 .text          0x00000000c001acc1      0x513 reg/registry.32
                0x00000000c001acc1                Reg::findLineFromLoadedData(char*, char*, char*)
                0x00000000c001ae19                Reg::getLineFromRegistry(char*, char*, char*, char*)
                0x00000000c001af6e                Reg::getLine(char*, char*, char*)
                0x00000000c001afa5                Reg::readInt(char*, char*, int*)
                0x00000000c001b090                Reg::readString(char*, char*, char*, int)
                0x00000000c001b111                Reg::readBool(char*, char*, bool*)
                0x00000000c001b136                Reg::readBoolWithDefault(char*, char*, bool)
                0x00000000c001b162                Reg::readIntWithDefault(char*, char*, int)
                0x00000000c001b18e                Reg::readStringWithDefault(char*, char*, char*, int, char*)
 .text          0x00000000c001b1d4       0x36 sys/sc_eject.32
                0x00000000c001b1d4                Sys::eject(regs*)
 .text          0x00000000c001b20a       0x18 sys/sc_exit.32
                0x00000000c001b20a                Sys::exit(regs*)
 .text          0x00000000c001b222       0x1f sys/sc_getcwd.32
                0x00000000c001b222                Sys::getCwd(regs*)
 .text          0x00000000c001b241        0xc sys/sc_getpid.32
                0x00000000c001b241                Sys::getPID(regs*)
 .text          0x00000000c001b24d       0x17 sys/sc_getramdata.32
                0x00000000c001b24d                Sys::getRAMData(regs*)
 .text          0x00000000c001b264       0xa8 sys/sc_loaddll.32
                0x00000000c001b264                Sys::loadDLL(regs*)
 .text          0x00000000c001b30c       0x68 sys/sc_read.32
                0x00000000c001b30c                Sys::read(regs*)
 .text          0x00000000c001b374       0x9f sys/sc_sbrk.32
                0x00000000c001b374                Sys::sbrk(regs*)
 .text          0x00000000c001b413       0x1c sys/sc_setcwd.32
                0x00000000c001b413                Sys::setCwd(regs*)
 .text          0x00000000c001b42f      0x128 sys/sc_settime.32
                0x00000000c001b42f                Sys::setTime(regs*)
 .text          0x00000000c001b557       0x4a sys/sc_timezone.32
                0x00000000c001b557                Sys::timezone(regs*)
 .text          0x00000000c001b5a1       0x68 sys/sc_write.32
                0x00000000c001b5a1                Sys::write(regs*)
 .text          0x00000000c001b609       0x62 sys/sc_wsbe.32
                0x00000000c001b609                Sys::wsbe(regs*)
 .text          0x00000000c001b66b       0x3b sys/sc_yield.32
                0x00000000c001b66b                Sys::yield(regs*)
 .text          0x00000000c001b6a6     0x10e5 sys/syscalls.32
                0x00000000c001b6a6                sysCallSeekDir(regs*)
                0x00000000c001b6ab                sysCallTellDir(regs*)
                0x00000000c001b6b0                sysCallVerify(regs*)
                0x00000000c001b6ba                sysFormatDisk(regs*)
                0x00000000c001b724                sysSetDiskVolumeLabel(regs*)
                0x00000000c001b76a                sysGetDiskVolumeLabel(regs*)
                0x00000000c001b7bb                sysShutdown(regs*)
                0x00000000c001b819                sysCallRealpath(regs*)
                0x00000000c001b85c                sysCallGetArgc(regs*)
                0x00000000c001b88a                sysCallReadDir(regs*)
                0x00000000c001b918                sysCallIsATTY(regs*)
                0x00000000c001b972                sysCallSeek(regs*)
                0x00000000c001b9db                sysCallTell(regs*)
                0x00000000c001ba58                sysCallSize(regs*)
                0x00000000c001badb                sysCallSizeFromFilename(regs*)
                0x00000000c001bb9b                sysCallClose(regs*)
                0x00000000c001bc23                sysCallOpenDir(regs*)
                0x00000000c001bc98                sysCallCloseDir(regs*)
                0x00000000c001bcfe                sysCallMakeDir(regs*)
                0x00000000c001bd6e                sysCallWait(regs*)
                0x00000000c001bd88                sysCallNotImpl(regs*)
                0x00000000c001bda3                sysPanic(regs*)
                0x00000000c001bdc9                sysCallRmdir(regs*)
                0x00000000c001be2d                sysCallUnlink(regs*)
                0x00000000c001be91                sysCallGetArgv(regs*)
                0x00000000c001bedd                sysCallTTYName(regs*)
                0x00000000c001bf60                sysCallUSleep(regs*)
                0x00000000c001bf87                sysCallSpawn(regs*)
                0x00000000c001bfdf                sysCallGetEnv(regs*)
                0x00000000c001c117                sysAppSettings(regs*)
                0x00000000c001c236                sysSetFatAttrib(regs*)
                0x00000000c001c2a8                sysPipe(regs*)
                0x00000000c001c2ed                sysGetUnixTime(regs*)
                0x00000000c001c301                string_ends_with(char const*, char const*)
                0x00000000c001c349                sysCallOpen(regs*)
                0x00000000c001c55e                Sys::loadSyscalls()
                0x00000000c001c749                Sys::systemCall(regs*, void*)
 .text          0x00000000c001c78b     0x11d4 thr/elf.32
                0x00000000c001c78b                Thr::allocateMemoryForTask(Process*, File*, unsigned long, unsigned long, unsigned long)
                0x00000000c001ca1d                Thr::loadProgramIntoMemory(Process*, char const*)
                0x00000000c001cc33                Thr::runtimeReferenceHelper()
                0x00000000c001cc46                Thr::getAddressOfKernelSymbol(char const*)
                0x00000000c001cc95                Thr::loadKernelSymbolTable(char const*)
                0x00000000c001cf53                Thr::loadDriverIntoMemory(char const*, unsigned long, bool)
                0x00000000c001d66f                Thr::getDriverBaseFromAddress(unsigned long)
                0x00000000c001d6a1                Thr::getDriverNameFromAddress(unsigned long)
                0x00000000c001d6d8                Thr::getDriverOffsetFromAddress(unsigned long)
                0x00000000c001d6f2                Thr::loadDLL(char const*, bool)
                0x00000000c001d926                Thr::executeDLL(unsigned long, void*)
 *fill*         0x00000000c001d95f        0x1 
 .text          0x00000000c001d960     0x1056 thr/prcssthr.32
                0x00000000c001d960                changeTSS
                0x00000000c001d990                Process::addArgs(char**)
                0x00000000c001d9ea                Process::Process(char const*, Process*, char**)
                0x00000000c001d9ea                Process::Process(char const*, Process*, char**)
                0x00000000c001dbce                Process::Process(bool, char const*, Process*, char**)
                0x00000000c001dbce                Process::Process(bool, char const*, Process*, char**)
                0x00000000c001dd7d                disableIRQs()
                0x00000000c001dd85                getIRQNestingLevel()
                0x00000000c001dd8b                enableIRQs()
                0x00000000c001dd9a                lockScheduler()
                0x00000000c001dd9c                unlockScheduler()
                0x00000000c001dd9e                userModeEntryPoint(void*)
                0x00000000c001ddc1                lockStuff()
                0x00000000c001ddcd                taskStartupFunction
                0x00000000c001ddd6                updateTimeUsed()
                0x00000000c001de3b                switchToThread(ThreadControlBlock*)
                0x00000000c001de8c                Semaphore::Semaphore(int)
                0x00000000c001de8c                Semaphore::Semaphore(int)
                0x00000000c001deba                Mutex::Mutex()
                0x00000000c001deba                Mutex::Mutex()
                0x00000000c001decc                Process::createThread(void (*)(void*), void*, int)
                0x00000000c001dfb0                Process::createUserThread()
                0x00000000c001dfcc                setupMultitasking(void (*)())
                0x00000000c001e0d6                schedule()
                0x00000000c001e15b                unlockStuff()
                0x00000000c001e190                Semaphore::tryAcquire()
                0x00000000c001e1be                Semaphore::assertLocked(char const*)
                0x00000000c001e1ee                blockTaskWithSchedulerLockAlreadyHeld(TaskState)
                0x00000000c001e230                blockTask(TaskState)
                0x00000000c001e251                waitTask(int, int*, int)
                0x00000000c001e293                nanoSleepUntil(unsigned long long)
                0x00000000c001e2ea                nanoSleep(unsigned long long)
                0x00000000c001e2ff                sleep(unsigned long long)
                0x00000000c001e31c                Semaphore::acquire()
                0x00000000c001e384                taskReturned
                0x00000000c001e3b2                unblockTask(ThreadControlBlock*)
                0x00000000c001e461                cleanupTerminatedTask(ThreadControlBlock*)
                0x00000000c001e72a                cleanerTaskFunction(void*)
                0x00000000c001e7dd                terminateTask(int)
                0x00000000c001e8bd                Thr::terminateFromIRQ(int)
                0x00000000c001e8ca                Semaphore::release()
 .text          0x00000000c001e9b6      0xc26 vm86/vm8086.32
                0x00000000c001e9b6                Vm::inbv(unsigned short)
                0x00000000c001e9c9                Vm::outbv(unsigned short, unsigned char)
                0x00000000c001ea1c                Vm::realToLinear(unsigned short, unsigned short)
                0x00000000c001ea2c                Vm::getSegment(unsigned int)
                0x00000000c001ea34                Vm::getOffset(unsigned int)
                0x00000000c001ea39                Vm::mainloop2()
                0x00000000c001ea74                Vm::mainVm8086Loop(void*)
                0x00000000c001ea81                Vm::mainloop3(unsigned long)
                0x00000000c001eaab                Vm::initialise8086()
                0x00000000c001eaee                Vm::finish8086()
                0x00000000c001eb33                Vm::getOutput8086(unsigned char*)
                0x00000000c001eb5d                Vm::start8086(char const*, unsigned short, unsigned short, unsigned short, unsigned short)
                0x00000000c001ecad                Vm::doISR(regs*, int, unsigned char*, unsigned short, unsigned short)
                0x00000000c001ed37                Vm::readByteFromReal(unsigned short, unsigned short)
                0x00000000c001ed48                Vm::readWordFromReal(unsigned short, unsigned short)
                0x00000000c001ed5a                Vm::readDwordFromReal(unsigned short, unsigned short)
                0x00000000c001ed6b                Vm::writeByteFromReal(unsigned short, unsigned short, unsigned char)
                0x00000000c001ed80                Vm::writeWordFromReal(unsigned short, unsigned short, unsigned short)
                0x00000000c001ed96                Vm::writeDwordFromReal(unsigned short, unsigned short, unsigned int)
                0x00000000c001edab                Vm::faultHandler(regs*)
 .text          0x00000000c001f5dc      0xefd vm86/x87em.32
                0x00000000c001f5dc                Vm::fpuInternalTo32(unsigned long long)
                0x00000000c001f637                Vm::fpuInternalTo64(unsigned long long)
                0x00000000c001f640                Vm::fpu32ToInternal(unsigned int)
                0x00000000c001f685                Vm::fpu64ToInternal(unsigned long long)
                0x00000000c001f68e                Vm::fpuFloatToLong(unsigned long long)
                0x00000000c001f6e9                Vm::fpuULongToFloat(unsigned long long)
                0x00000000c001f71f                Vm::fpuLongToFloat(long long)
                0x00000000c001f775                Vm::fpuGet0()
                0x00000000c001f77a                Vm::fpuGet1()
                0x00000000c001f782                Vm::fpuGetPi()
                0x00000000c001f78a                Vm::fpuGetLog2E()
                0x00000000c001f7a2                Vm::fpuGetLogE2()
                0x00000000c001f7ba                Vm::fpuGetLog210()
                0x00000000c001f7d2                Vm::fpuGetLog102()
                0x00000000c001f7ea                Vm::fpuIsSecondLarger(unsigned long long, unsigned long long)
                0x00000000c001f7fe                Vm::fpuAreEqual(unsigned long long, unsigned long long)
                0x00000000c001f814                Vm::fpuUnorderedCompare(unsigned long long, unsigned long long)
                0x00000000c001f867                Vm::fpuAdd(unsigned long long, unsigned long long)
                0x00000000c001f878                Vm::fpuAbs(unsigned long long)
                0x00000000c001f881                Vm::fpuChs(unsigned long long)
                0x00000000c001f891                Vm::fpuSub(unsigned long long, unsigned long long)
                0x00000000c001f8a0                Vm::fpuMultiply(unsigned long long, unsigned long long)
                0x00000000c001f8bf                Vm::fpuDivide(unsigned long long, unsigned long long)
                0x00000000c001f8db                Vm::fpuSquare(unsigned long long)
                0x00000000c001f8f1                Vm::fpuGetReg(int)
                0x00000000c001f934                Vm::fpuSetReg(int, unsigned long long)
                0x00000000c001f97f                Vm::fpuPush(unsigned long long)
                0x00000000c001f9dc                Vm::fpuPop()
                0x00000000c001fa2e                Vm::x87Handler(regs*)
 *fill*         0x00000000c00204d9        0x1 
 .text          0x00000000c00204da     0x10ed fs/fat/vfslink.32
                0x00000000c00204da                FAT::getName()
                0x00000000c00204e0                FAT::tell(void*, unsigned long long*)
                0x00000000c0020514                FAT::stat(void*, unsigned long long*)
                0x00000000c0020548                FAT::~FAT()
                0x00000000c0020548                FAT::~FAT()
                0x00000000c002056c                FAT::~FAT()
                0x00000000c0020594                FAT::getlabel(LogicalDisk*, int, char*, unsigned int*)
                0x00000000c0020632                FAT::setlabel(LogicalDisk*, int, char*)
                0x00000000c00206ec                FAT::format(LogicalDisk*, int, char const*, int)
                0x00000000c00208d0                FAT::tryMount(LogicalDisk*, int)
                0x00000000c0020ad6                FAT::readDir(void*, unsigned long, void*, int*)
                0x00000000c0020bdc                FAT::read(void*, unsigned long, void*, int*)
                0x00000000c0020c36                FAT::write(void*, unsigned long, void*, int*)
                0x00000000c0020c90                FAT::close(void*)
                0x00000000c0020cdc                FAT::closeDir(void*)
                0x00000000c0020d28                FAT::seek(void*, unsigned long long)
                0x00000000c0020d7c                fatWrapperReadDisk
                0x00000000c0020dc3                fatWrapperWriteDisk
                0x00000000c0020e0a                fatWrapperIoctl
                0x00000000c0020f0e                FAT::FAT()
                0x00000000c0020f0e                FAT::FAT()
                0x00000000c0020f60                FAT::fixFilepath(char*)
                0x00000000c0020f98                FAT::open(char const*, void**, FileOpenMode)
                0x00000000c00210c0                FAT::openDir(char const*, void**)
                0x00000000c0021166                FAT::stat(char const*, unsigned long long*, bool*)
                0x00000000c0021250                FAT::unlink(char const*)
                0x00000000c00212ca                FAT::chfatattr(char const*, unsigned char, unsigned char)
                0x00000000c002141e                FAT::rename(char const*, char const*)
                0x00000000c00214e2                FAT::mkdir(char const*)
                0x00000000c002155c                FAT::exists(char const*)
 *fill*         0x00000000c00215c7        0x1 
 .text          0x00000000c00215c8      0xbc1 fs/iso9660/vfslink.32
                0x00000000c00215c8                ISO9660::format(LogicalDisk*, int, char const*, int)
                0x00000000c00215ce                ISO9660::seek(void*, unsigned long long)
                0x00000000c00215fe                ISO9660::tell(void*, unsigned long long*)
                0x00000000c0021622                ISO9660::getName()
                0x00000000c0021628                ISO9660::stat(void*, unsigned long long*)
                0x00000000c002164c                ISO9660::chfatattr(char const*, unsigned char, unsigned char)
                0x00000000c0021652                ISO9660::unlink(char const*)
                0x00000000c0021658                ISO9660::write(void*, unsigned long, void*, int*)
                0x00000000c002165e                ISO9660::rename(char const*, char const*)
                0x00000000c0021664                ISO9660::mkdir(char const*)
                0x00000000c002166a                ISO9660::close(void*)
                0x00000000c002168c                ISO9660::closeDir(void*)
                0x00000000c00216ae                ISO9660::~ISO9660()
                0x00000000c00216ae                ISO9660::~ISO9660()
                0x00000000c00216d2                ISO9660::~ISO9660()
                0x00000000c00216f9                __memmem(unsigned char*, int, unsigned char*, int)
                0x00000000c002173b                readSectorFromCDROM(unsigned int, unsigned char*, char)
                0x00000000c00217a2                ISO9660::tryMount(LogicalDisk*, int)
                0x00000000c00217f2                ISO9660::read(void*, unsigned long, void*, int*)
                0x00000000c00219f2                ISO9660::readDir(void*, unsigned long, void*, int*)
                0x00000000c0021c7f                readRoot(unsigned int*, unsigned int*, char)
                0x00000000c0021cd4                readRecursively(char*, unsigned int, unsigned int, unsigned int*, unsigned int*, char, int*)
                0x00000000c0021ea7                getFileData(char*, unsigned int*, unsigned int*, char, int*)
                0x00000000c0021f36                ISO9660::open(char const*, void**, FileOpenMode)
                0x00000000c0021ff6                ISO9660::exists(char const*)
                0x00000000c002201a                ISO9660::stat(char const*, unsigned long long*, bool*)
                0x00000000c00220ae                ISO9660::openDir(char const*, void**)
                0x00000000c0022166                ISO9660::ISO9660()
                0x00000000c0022166                ISO9660::ISO9660()
 *fill*         0x00000000c0022189        0x1 
 .text          0x00000000c002218a      0x326 hal/sound/sndchannel.32
                0x00000000c002218a                SoundChannel::~SoundChannel()
                0x00000000c002218a                SoundChannel::~SoundChannel()
                0x00000000c00221a6                SoundChannel::setSpeed(float)
                0x00000000c00221b2                SoundChannel::getSpeed()
                0x00000000c00221ba                SoundChannel::setVolume(int)
                0x00000000c00221d6                SoundChannel::getVolume()
                0x00000000c00221de                SoundChannel::pause()
                0x00000000c00221e8                SoundChannel::SoundChannel(int, int, int, int)
                0x00000000c00221e8                SoundChannel::SoundChannel(int, int, int, int)
                0x00000000c002233e                SoundChannel::play()
                0x00000000c0022348                SoundChannel::paused()
                0x00000000c0022350                SoundChannel::getSampleRate()
                0x00000000c0022358                SoundChannel::getBits()
                0x00000000c0022360                SoundChannel::getBufferUsed()
                0x00000000c0022368                SoundChannel::getBufferSize()
                0x00000000c0022370                SoundChannel::unbuffer(float*, int, int)
                0x00000000c0022410                SoundChannel::buffer8(unsigned char*, int)
 .text          0x00000000c00224b0      0x3d5 hal/sound/sndhw.32
                0x00000000c00224b0                SoundDevice::SoundDevice(char const*)
                0x00000000c00224b0                SoundDevice::SoundDevice(char const*)
                0x00000000c002251c                SoundDevice::~SoundDevice()
                0x00000000c002251c                SoundDevice::~SoundDevice()
                0x00000000c0022596                SoundDevice::~SoundDevice()
                0x00000000c00225c0                SoundDevice::getFreeChannelNum()
                0x00000000c00225da                SoundDevice::addChannel(SoundChannel*)
                0x00000000c002264a                SoundDevice::removeChannel(int)
                0x00000000c002267c                SoundDevice::floatTo8(float*, unsigned char*, int)
                0x00000000c0022764                SoundDevice::getAudio(int, float*, float*)
 .text          0x00000000c0022885        0x0 hw/bus/isa.32
 *fill*         0x00000000c0022885        0x1 
 .text          0x00000000c0022886      0x6c3 hw/bus/pci.32
                0x00000000c0022886                PCI::open(int, int, void*)
                0x00000000c002289a                PCI::close(int, int, void*)
                0x00000000c002289e                PCI::PCI()
                0x00000000c002289e                PCI::PCI()
                0x00000000c002291e                PCI::pciReadWord(unsigned char, unsigned char, unsigned char, unsigned char)
                0x00000000c0022966                PCI::getVendorID(unsigned char, unsigned char, unsigned char)
                0x00000000c0022988                PCI::getHeaderType(unsigned char, unsigned char, unsigned char)
                0x00000000c00229ac                PCI::getClassCode(unsigned char, unsigned char, unsigned char)
                0x00000000c00229f0                PCI::getProgIF(unsigned char, unsigned char, unsigned char)
                0x00000000c0022a14                PCI::getRevisionID(unsigned char, unsigned char, unsigned char)
                0x00000000c0022a36                PCI::getInterruptNumber(unsigned char, unsigned char, unsigned char)
                0x00000000c0022a58                PCI::getSecondaryBus(unsigned char, unsigned char, unsigned char)
                0x00000000c0022a7c                PCI::getBARAddress(unsigned char, unsigned char, unsigned char, unsigned char)
                0x00000000c0022adc                PCI::pciWriteWord(unsigned char, unsigned char, unsigned char, unsigned char, unsigned short)
                0x00000000c0022b48                PCI::checkBus(unsigned char)
                0x00000000c0022b6c                PCI::foundDevice(PCIDeviceInfo)
                0x00000000c0022cde                PCI::getDeviceData(unsigned char, unsigned char, unsigned char)
                0x00000000c0022e8a                PCI::checkDevice(unsigned char, unsigned char)
                0x00000000c0022ef6                PCI::detect()
 *fill*         0x00000000c0022f49        0x1 
 .text          0x00000000c0022f4a      0xc70 hw/diskctrl/ide.32
                0x00000000c0022f4a                IDE::close(int, int, void*)
                0x00000000c0022f4e                IDE::IDE()
                0x00000000c0022f4e                IDE::IDE()
                0x00000000c0022f82                IDE::prepareInterrupt(unsigned char)
                0x00000000c0022f94                selectDrive(unsigned char, unsigned char)
                0x00000000c0022f96                IDE::getBase(unsigned char)
                0x00000000c0022fa8                IDE::write(unsigned char, unsigned char, unsigned char)
                0x00000000c0023068                IDE::read(unsigned char, unsigned char)
                0x00000000c0023116                IDE::waitInterrupt(unsigned char)
                0x00000000c002317c                ideChannel0IRQHandler(regs*, void*)
                0x00000000c0023198                ideChannel1IRQHandler(regs*, void*)
                0x00000000c00231b4                IDE::enableIRQs(unsigned char, bool)
                0x00000000c00231fa                IDE::open(int, int, void*)
                0x00000000c002360a                IDE::readBuffer(unsigned char, unsigned char, unsigned int, unsigned int)
                0x00000000c00236d6                IDE::detect()
                0x00000000c00239be                IDE::printError(unsigned char, unsigned char, unsigned char)
                0x00000000c0023b54                IDE::polling(unsigned char, unsigned int)
 .text          0x00000000c0023bba      0x390 hw/diskctrl/satabus.32
                0x00000000c0023bba                SATABus::close(int, int, void*)
                0x00000000c0023bbe                SATABus::detect()
                0x00000000c0023bc0                SATABus::SATABus()
                0x00000000c0023bc0                SATABus::SATABus()
                0x00000000c0023c6c                SATABus::findCmdslot(SATABus::tagHBA_PORT volatile*)
                0x00000000c0023cb4                SATABus::checkType(SATABus::tagHBA_PORT volatile*)
                0x00000000c0023cfc                SATABus::startCmd(SATABus::tagHBA_PORT volatile*)
                0x00000000c0023d1c                SATABus::stopCmd(SATABus::tagHBA_PORT volatile*)
                0x00000000c0023d46                SATABus::portRebase(SATABus::tagHBA_PORT volatile*, int)
                0x00000000c0023e4c                SATABus::probePort(SATABus::tagHBA_MEM volatile*)
                0x00000000c0023f2a                SATABus::open(int, int, void*)
 .text          0x00000000c0023f4a      0x63c hw/diskphys/ata.32
                0x00000000c0023f4a                ATA::close(int, int, void*)
                0x00000000c0023f6e                ATA::powerSaving(PowerSavingLevel)
                0x00000000c0023f70                ATA::ATA()
                0x00000000c0023f70                ATA::ATA()
                0x00000000c0023f9e                ATA::flush(bool)
                0x00000000c0023fe8                ATA::readyForCommand()
                0x00000000c0024038                ATA::access(unsigned long long, int, void*, bool)
                0x00000000c00243c0                ATA::read(unsigned long long, int, void*)
                0x00000000c0024428                ATA::write(unsigned long long, int, void*)
                0x00000000c0024490                ATA::detectCHS()
                0x00000000c00244ba                ATA::open(int, int, void*)
 .text          0x00000000c0024586      0x5bd hw/diskphys/atapi.32
                0x00000000c0024586                ATAPI::write(unsigned long long, int, void*)
                0x00000000c002458c                ATAPI::close(int, int, void*)
                0x00000000c00245b0                ATAPI::ATAPI()
                0x00000000c00245b0                ATAPI::ATAPI()
                0x00000000c00245de                ATAPI::readyForCommand()
                0x00000000c002462e                ATAPI::sendPacket(unsigned char*, int, bool, unsigned short*, int)
                0x00000000c00248ee                ATAPI::diskRemoved()
                0x00000000c002490a                ATAPI::eject()
                0x00000000c0024952                ATAPI::diskInserted()
                0x00000000c0024980                ATAPI::detectMedia()
                0x00000000c0024a3c                ATAPI::open(int, int, void*)
                0x00000000c0024ac4                ATAPI::read(unsigned long long, int, void*)
 *fill*         0x00000000c0024b43        0x1 
 .text          0x00000000c0024b44      0x455 hw/diskphys/sata.32
                0x00000000c0024b44                SATA::close(int, int, void*)
                0x00000000c0024b68                SATA::powerSaving(PowerSavingLevel)
                0x00000000c0024b6a                SATA::open(int, int, void*)
                0x00000000c0024c18                SATA::SATA()
                0x00000000c0024c18                SATA::SATA()
                0x00000000c0024c46                SATA::access(unsigned long long, int, void*, bool)
                0x00000000c0024eac                SATA::read(unsigned long long, int, void*)
                0x00000000c0024f14                SATA::write(unsigned long long, int, void*)
 *fill*         0x00000000c0024f99        0x1 
 .text          0x00000000c0024f9a      0x500 hw/diskphys/satapi.32
                0x00000000c0024f9a                SATAPI::write(unsigned long long, int, void*)
                0x00000000c0024fa0                SATAPI::close(int, int, void*)
                0x00000000c0024fc4                SATAPI::SATAPI()
                0x00000000c0024fc4                SATAPI::SATAPI()
                0x00000000c0024ff2                SATAPI::diskRemoved()
                0x00000000c002500e                SATAPI::diskInserted()
                0x00000000c002503c                SATAPI::sendPacket(unsigned char*, int, unsigned long long, unsigned short*, int)
                0x00000000c0025240                SATAPI::eject()
                0x00000000c0025288                SATAPI::detectMedia()
                0x00000000c002534a                SATAPI::open(int, int, void*)
                0x00000000c00253f8                SATAPI::read(unsigned long long, int, void*)
 .text          0x00000000c002549a       0x8e hw/fpu/avx.32
                0x00000000c002549a                AVX::open(int, int, void*)
                0x00000000c00254ac                AVX::close(int, int, void*)
                0x00000000c00254be                AVX::available()
                0x00000000c00254d0                AVX::save(void*)
                0x00000000c00254e8                AVX::load(void*)
                0x00000000c0025500                AVX::AVX()
                0x00000000c0025500                AVX::AVX()
 .text          0x00000000c0025528       0x90 hw/fpu/mmx.32
                0x00000000c0025528                MMX::available()
                0x00000000c002553c                MMX::open(int, int, void*)
                0x00000000c002554e                MMX::close(int, int, void*)
                0x00000000c0025560                MMX::save(void*)
                0x00000000c0025578                MMX::load(void*)
                0x00000000c0025590                MMX::MMX()
                0x00000000c0025590                MMX::MMX()
 .text          0x00000000c00255b8       0x96 hw/fpu/sse.32
                0x00000000c00255b8                SSE::open(int, int, void*)
                0x00000000c00255ca                SSE::close(int, int, void*)
                0x00000000c00255dc                SSE::available()
                0x00000000c00255f6                SSE::save(void*)
                0x00000000c002560e                SSE::load(void*)
                0x00000000c0025626                SSE::SSE()
                0x00000000c0025626                SSE::SSE()
 .text          0x00000000c002564e       0x8e hw/fpu/x87.32
                0x00000000c002564e                x87::open(int, int, void*)
                0x00000000c0025660                x87::close(int, int, void*)
                0x00000000c0025672                x87::available()
                0x00000000c0025684                x87::save(void*)
                0x00000000c002569c                x87::load(void*)
                0x00000000c00256b4                x87::x87()
                0x00000000c00256b4                x87::x87()
 .text          0x00000000c00256dc      0x71e hw/intctrl/apic.32
                0x00000000c00256dc                APIC::disable()
                0x00000000c00256de                APIC::close(int, int, void*)
                0x00000000c0025700                IOAPIC::close(int, int, void*)
                0x00000000c0025706                APIC::io_wait()
                0x00000000c002570c                APIC::getBase()
                0x00000000c002574e                APIC::eoi(unsigned char)
                0x00000000c002577c                APIC::open(int, int, void*)
                0x00000000c00258ca                IOAPIC::IOAPIC()
                0x00000000c00258ca                IOAPIC::IOAPIC()
                0x00000000c00258f2                APIC::APIC()
                0x00000000c00258f2                APIC::APIC()
                0x00000000c00259ce                IOAPIC::handlesGSIWithNumber(unsigned int)
                0x00000000c0025a00                IOAPIC::read(int)
                0x00000000c0025a28                IOAPIC::open(int, int, void*)
                0x00000000c0025b1e                IOAPIC::write(int, int)
                0x00000000c0025b4a                IOAPIC::redirect(unsigned char, unsigned long long, unsigned char, bool, bool)
                0x00000000c0025c44                APIC::installIRQHandler(int, void (*)(regs*, void*), bool, void*)
 .text          0x00000000c0025dfa      0x3d3 hw/intctrl/pic.32
                0x00000000c0025dfa                PIC::disable()
                0x00000000c0025e28                PIC::close(int, int, void*)
                0x00000000c0025e4a                PIC::PIC()
                0x00000000c0025e4a                PIC::PIC()
                0x00000000c0025f20                PIC::ioWait()
                0x00000000c0025f26                PIC::getIRQReg(int)
                0x00000000c0025f90                PIC::eoi(unsigned char)
                0x00000000c0026022                PIC::remap()
                0x00000000c002618e                PIC::open(int, int, void*)
 *fill*         0x00000000c00261cd        0x1 
 .text          0x00000000c00261ce      0x25e hw/timer/apictimer.32
                0x00000000c00261ce                APICTimer::close(int, int, void*)
                0x00000000c00261d4                apicTimerHandler(regs*, void*)
                0x00000000c0026202                APICTimer::write(int)
                0x00000000c0026306                APICTimer::open(int, int, void*)
                0x00000000c0026404                APICTimer::APICTimer()
                0x00000000c0026404                APICTimer::APICTimer()
 .text          0x00000000c002642c      0x1a7 hw/timer/pit.32
                0x00000000c002642c                PIT::write(int)
                0x00000000c00264aa                pitHandler(regs*, void*)
                0x00000000c00264d6                PIT::open(int, int, void*)
                0x00000000c0026524                PIT::close(int, int, void*)
                0x00000000c0026554                PIT::PIT()
                0x00000000c0026554                PIT::PIT()
 *fill*         0x00000000c00265d3        0xd 
 .text          0x00000000c00265e0       0x1e hw/fpu/x86/avx.32
                0x00000000c00265e0                avxDetect
                0x00000000c00265e6                avxSave
                0x00000000c00265e7                avxLoad
                0x00000000c00265e8                avxInit
                0x00000000c00265e9                avxClose
                0x00000000c00265ea                wouldSheSayYes
 *fill*         0x00000000c00265fe        0x2 
 .text          0x00000000c0026600       0x35 hw/fpu/x86/sse.32
                0x00000000c0026600                absolutelyNoChanceInHell
                0x00000000c0026600                sseDetect
                0x00000000c0026618                sseSave
                0x00000000c002661e                sseLoad
                0x00000000c0026624                sseInit
                0x00000000c0026634                sseClose
 *fill*         0x00000000c0026635        0xb 
 .text          0x00000000c0026640       0x47 hw/fpu/x86/x87.32
                0x00000000c0026646                x87Detect
                0x00000000c0026661                x87Save
                0x00000000c0026667                x87Load
                0x00000000c002666c                x87Init
                0x00000000c0026686                x87Close
 *fill*         0x00000000c0026687        0x1 
 .text          0x00000000c0026688       0x25 /cygdrive/d/Users/Alex/Desktop/Toolchain/Output/bin/../lib/gcc/i386-banana/8.1.0/crtend.o
 .text          0x00000000c00266ad        0x0 crtn.32
 *fill*         0x00000000c00266ad        0x3 
 .text          0x00000000c00266b0      0x14b /cygdrive/d/Users/Alex/Desktop/Toolchain/Output/bin/../lib/gcc/i386-banana/8.1.0/libkgcc.a(_divdi3.o)
                0x00000000c00266b0                __divdi3
 *fill*         0x00000000c00267fb        0x1 
 .text          0x00000000c00267fc      0x17e /cygdrive/d/Users/Alex/Desktop/Toolchain/Output/bin/../lib/gcc/i386-banana/8.1.0/libkgcc.a(_moddi3.o)
                0x00000000c00267fc                __moddi3
 *fill*         0x00000000c002697a        0x2 
 .text          0x00000000c002697c       0xff /cygdrive/d/Users/Alex/Desktop/Toolchain/Output/bin/../lib/gcc/i386-banana/8.1.0/libkgcc.a(_udivdi3.o)
                0x00000000c002697c                __udivdi3
 *fill*         0x00000000c0026a7b        0x1 
 .text          0x00000000c0026a7c      0x11a /cygdrive/d/Users/Alex/Desktop/Toolchain/Output/bin/../lib/gcc/i386-banana/8.1.0/libkgcc.a(_umoddi3.o)
                0x00000000c0026a7c                __umoddi3
 .text          0x00000000c0026b96      0x96d D:/Users/Alex/Desktop/Banana/kernel/libsoftfp.a(sfieeelib.o)
                0x00000000c0026b96                __addsf3
                0x00000000c0026e98                __subsf3
                0x00000000c0026eac                __negsf2
                0x00000000c0026eb9                __mulsf3
                0x00000000c002707c                __divsf3
                0x00000000c00272a7                __floatsisf
                0x00000000c002731b                __floatunsisf
                0x00000000c002735d                __fixsfsi
                0x00000000c00273bf                __fixunssfsi
                0x00000000c00273f0                __cmpsf2
                0x00000000c0027485                __eqsf2