Archive member included to satisfy reference by file (symbol)

/cygdrive/d/Users/Alex/Desktop/Toolchain/Output/bin/../lib/gcc/i386-banana/8.1.0/libkgcc.a(_divdi3.o)
                              fs/fat/ff.32 (__divdi3)
/cygdrive/d/Users/Alex/Desktop/Toolchain/Output/bin/../lib/gcc/i386-banana/8.1.0/libkgcc.a(_moddi3.o)
                              thr/elf.32 (__moddi3)
/cygdrive/d/Users/Alex/Desktop/Toolchain/Output/bin/../lib/gcc/i386-banana/8.1.0/libkgcc.a(_udivdi3.o)
                              fs/fat/ff.32 (__udivdi3)
/cygdrive/d/Users/Alex/Desktop/Toolchain/Output/bin/../lib/gcc/i386-banana/8.1.0/libkgcc.a(_umoddi3.o)
                              core/pipe.32 (__umoddi3)
D:/Users/Alex/Desktop/Banana/kernel/libsoftfp.a(sfieeelib.o)
                              hal/sound/sndhw.32 (__addsf3)
D:/Users/Alex/Desktop/Banana/kernel/libsoftfp.a(dfieeelib.o)
                              hal/libresample/src_linear.32 (__adddf3)
D:/Users/Alex/Desktop/Banana/kernel/libsoftfp.a(sfdfcvt.o)
                              hal/libresample/samplerate.32 (__truncdfsf2)
D:/Users/Alex/Desktop/Banana/kernel/libk/libm32.a(s_fabs.c.o)
                              hal/libresample/samplerate.32 (fabs)
D:/Users/Alex/Desktop/Banana/kernel/libk/libm32.a(s_lrint.S.o)
                              hal/libresample/samplerate.32 (lrint)
D:/Users/Alex/Desktop/Banana/kernel/libk/libm32.a(s_lrintf.S.o)
                              hal/sound/sndhw.32 (lrintf)

Discarded input sections

 .comment       0x0000000000000000       0x12 /cygdrive/d/Users/Alex/Desktop/Toolchain/Output/bin/../lib/gcc/i386-banana/8.1.0/crtbegin.o
 .comment       0x0000000000000000       0x12 acpica/utclib.32
 .comment       0x0000000000000000       0x12 core/malloc.32
 .comment       0x0000000000000000       0x12 libk/string.32
 .comment       0x0000000000000000       0x12 fs/fat/diskio.32
 .comment       0x0000000000000000       0x12 fs/fat/ff.32
 .comment       0x0000000000000000       0x12 fs/fat/ffsystem.32
 .comment       0x0000000000000000       0x12 fs/fat/ffunicode.32
 .comment       0x0000000000000000       0x12 hal/libresample/samplerate.32
 .comment       0x0000000000000000       0x12 hal/libresample/src_linear.32
 .comment       0x0000000000000000       0x12 hal/libresample/src_sinc.32
 .comment       0x0000000000000000       0x12 hal/libresample/src_zoh.32
 .group         0x0000000000000000       0x14 core/computer.32
 .group         0x0000000000000000        0xc core/computer.32
 .comment       0x0000000000000000       0x12 core/computer.32
 .comment       0x0000000000000000       0x12 core/gdt.32
 .group         0x0000000000000000        0xc core/idle.32
 .comment       0x0000000000000000       0x12 core/idle.32
 .comment       0x0000000000000000       0x12 core/idt.32
 .group         0x0000000000000000        0x8 core/kheap.32
 .group         0x0000000000000000        0x8 core/kheap.32
 .comment       0x0000000000000000       0x12 core/kheap.32
 .comment       0x0000000000000000       0x12 core/main.32
 .comment       0x0000000000000000       0x12 core/physmgr.32
 .group         0x0000000000000000        0xc core/pipe.32
 .comment       0x0000000000000000       0x12 core/pipe.32
 .group         0x0000000000000000        0xc core/terminal.32
 .comment       0x0000000000000000       0x12 core/terminal.32
 .group         0x0000000000000000        0x8 core/tss.32
 .text._ZN3CPU7readCR3Ev
                0x0000000000000000       0x12 core/tss.32
 .comment       0x0000000000000000       0x12 core/tss.32
 .group         0x0000000000000000        0x8 core/unixfile.32
 .group         0x0000000000000000        0xc core/unixfile.32
 .group         0x0000000000000000        0xc core/unixfile.32
 .group         0x0000000000000000        0x8 core/unixfile.32
 .group         0x0000000000000000        0xc core/unixfile.32
 .group         0x0000000000000000        0x8 core/unixfile.32
 .group         0x0000000000000000        0xc core/unixfile.32
 .group         0x0000000000000000        0xc core/unixfile.32
 .comment       0x0000000000000000       0x12 core/unixfile.32
 .group         0x0000000000000000        0x8 core/virtmgr.32
 .group         0x0000000000000000        0x8 core/virtmgr.32
 .text._ZN3CPU7readCR3Ev
                0x0000000000000000       0x12 core/virtmgr.32
 .text._ZN3CPU8writeCR3Em
                0x0000000000000000        0x9 core/virtmgr.32
 .comment       0x0000000000000000       0x12 core/virtmgr.32
 .comment       0x0000000000000000       0x12 coreobjs/c++.32
 .comment       0x0000000000000000       0x12 dbg/kconsole.32
 .group         0x0000000000000000        0xc fs/vfs.32
 .group         0x0000000000000000        0xc fs/vfs.32
 .group         0x0000000000000000        0xc fs/vfs.32
 .comment       0x0000000000000000       0x12 fs/vfs.32
 .group         0x0000000000000000        0xc hal/bus.32
 .comment       0x0000000000000000       0x12 hal/bus.32
 .group         0x0000000000000000        0xc hal/buzzer.32
[...]
Memory Configuration

Name             Origin             Length             Attributes
*default*        0x0000000000000000 0xffffffffffffffff

Linker script and memory map

LOAD D:/Users/Alex/Desktop/Banana/kernel/boot.32
LOAD crti.32
LOAD /cygdrive/d/Users/Alex/Desktop/Toolchain/Output/bin/../lib/gcc/i386-banana/8.1.0/crtbegin.o
LOAD D:/Users/Alex/Desktop/Banana/kernel/morenasm.32
LOAD acpica/utclib.32
LOAD core/malloc.32
LOAD libk/string.32
LOAD fs/fat/diskio.32
LOAD fs/fat/ff.32
LOAD fs/fat/ffsystem.32
LOAD fs/fat/ffunicode.32
LOAD hal/libresample/samplerate.32
LOAD hal/libresample/src_linear.32
LOAD hal/libresample/src_sinc.32
LOAD hal/libresample/src_zoh.32
LOAD core/computer.32
LOAD core/gdt.32
LOAD core/idle.32
LOAD core/idt.32
LOAD core/kheap.32
LOAD core/main.32
LOAD core/physmgr.32
LOAD core/pipe.32
LOAD core/terminal.32
LOAD core/tss.32
LOAD core/unixfile.32
LOAD core/virtmgr.32
LOAD coreobjs/c++.32
LOAD dbg/kconsole.32
LOAD fs/vfs.32
LOAD hal/bus.32
LOAD hal/buzzer.32
LOAD hal/clock.32
LOAD hal/device.32
LOAD hal/diskctrl.32
LOAD hal/diskphys.32
LOAD hal/fpu.32
LOAD hal/intctrl.32
LOAD hal/keybrd.32
LOAD hal/logidisk.32
LOAD hal/mouse.32
LOAD hal/partition.32
LOAD hal/timer.32
LOAD hal/vcache.32
LOAD hal/video.32
LOAD hw/acpi.32
LOAD hw/cpu.32
LOAD hw/ports.32
LOAD krnl/panic.32
LOAD reg/registry.32
LOAD sys/sc_exit.32
LOAD sys/sc_loaddll.32
LOAD sys/sc_read.32
LOAD sys/sc_sbrk.32
LOAD sys/sc_write.32
LOAD sys/sc_yield.32
LOAD sys/syscalls.32
LOAD thr/elf.32
LOAD thr/prcssthr.32
LOAD vm86/vm8086.32
LOAD vm86/x87em.32
LOAD fs/fat/vfslink.32
LOAD fs/iso9660/vfslink.32
LOAD hal/sound/sndchannel.32
LOAD hal/sound/sndhw.32
LOAD hw/bus/isa.32
LOAD hw/bus/pci.32
LOAD hw/diskctrl/ide.32
LOAD hw/diskphys/ata.32
LOAD hw/diskphys/atapi.32
LOAD hw/fpu/avx.32
LOAD hw/fpu/mmx.32
LOAD hw/fpu/sse.32
LOAD hw/fpu/x87.32
LOAD hw/intctrl/apic.32
LOAD hw/intctrl/pic.32
LOAD hw/timer/apictimer.32
LOAD hw/timer/pit.32
LOAD hw/fpu/x86/avx.32
LOAD hw/fpu/x86/sse.32
LOAD hw/fpu/x86/x87.32
LOAD /cygdrive/d/Users/Alex/Desktop/Toolchain/Output/bin/../lib/gcc/i386-banana/8.1.0/crtend.o
LOAD crtn.32
LOAD /cygdrive/d/Users/Alex/Desktop/Toolchain/Output/bin/../lib/gcc/i386-banana/8.1.0/libkgcc.a
LOAD D:/Users/Alex/Desktop/Banana/kernel/libsoftfp.a
LOAD D:/Users/Alex/Desktop/Banana/kernel/libk/libm32.a
                0x00000000c0000000                . = 0xc0000000

.text           0x00000000c0000000    0x24b08
 *(.text)
 .text          0x00000000c0000000       0x41 D:/Users/Alex/Desktop/Banana/kernel/boot.32
                0x00000000c0000020                callGlobalConstructors
 .text          0x00000000c0000041        0x0 crti.32
 *fill*         0x00000000c0000041        0x3 
 .text          0x00000000c0000044      0x101 /cygdrive/d/Users/Alex/Desktop/Toolchain/Output/bin/../lib/gcc/i386-banana/8.1.0/crtbegin.o
 *fill*         0x00000000c0000145        0xb 
 .text          0x00000000c0000150      0x4dc D:/Users/Alex/Desktop/Banana/kernel/morenasm.32
                0x00000000c0000150                prepareTramp
                0x00000000c0000169                voodooXADD
                0x00000000c0000234                doTPAUSE
                0x00000000c000023e                hasLegacyFPU
                0x00000000c0000263                is486
                0x00000000c0000299                goToVM86
                0x00000000c00002ca                goToUsermode
                0x00000000c00002f5                switchToThreadASMFirstTime
                0x00000000c0000303                switchToThreadASM
                0x00000000c00003a3                detectCPUID
                0x00000000c00003b9                asmQuickAcquireLock
                0x00000000c00003d7                asmQuickReleaseLock
                0x00000000c00003e3                asmAcquireLock
                0x00000000c0000404                asmReleaseLock
                0x00000000c0000417                loadGDT
                0x00000000c0000437                isr0
                0x00000000c0000447                isr1
                0x00000000c0000451                isr2
                0x00000000c000045b                isr3
                0x00000000c0000465                isr4
                0x00000000c000046f                isr5
                0x00000000c0000479                isr6
                0x00000000c0000483                isr7
                0x00000000c000048d                isr8
                0x00000000c0000495                isr9
                0x00000000c000049f                isr10
                0x00000000c00004a7                isr11
                0x00000000c00004af                isr12
                0x00000000c00004b7                isr13
                0x00000000c00004bf                isr14
                0x00000000c00004c7                isr15
                0x00000000c00004d1                isr16
                0x00000000c00004db                isr17
                0x00000000c00004e5                isr18
                0x00000000c00004ef                isr96
                0x00000000c00004f9                irq0
                0x00000000c0000503                irq1
                0x00000000c000050d                irq2
                0x00000000c0000517                irq3
                0x00000000c0000521                irq4
                0x00000000c000052b                irq5
                0x00000000c0000535                irq6
                0x00000000c000053f                irq7
                0x00000000c0000549                irq8
                0x00000000c0000553                irq9
                0x00000000c000055d                irq10
                0x00000000c0000567                irq11
                0x00000000c0000571                irq12
                0x00000000c000057b                irq13
                0x00000000c0000585                irq14
                0x00000000c000058f                irq15
                0x00000000c0000599                irq16
                0x00000000c00005a3                irq17
                0x00000000c00005ad                irq18
                0x00000000c00005b7                irq19
                0x00000000c00005c1                irq20
                0x00000000c00005cb                irq21
                0x00000000c00005d5                irq22
                0x00000000c00005df                irq23
                0x00000000c00005e9                int_common_stub
                0x00000000c000060a                syscall_common_stub
 .text          0x00000000c000062c      0x419 acpica/utclib.32
                0x00000000c000062c                memcmp
                0x00000000c0000657                memmove
                0x00000000c000068f                memcpy
                0x00000000c00006c5                memset
                0x00000000c00006e2                strlen
                0x00000000c00006f2                strpbrk
                0x00000000c0000715                strtok
                0x00000000c0000764                strcpy
                0x00000000c0000784                strncpy
                0x00000000c00007b7                strcmp
                0x00000000c00007d8                strchr
                0x00000000c00007ee                strncmp
                0x00000000c000081d                strcat
                0x00000000c0000844                strncat
                0x00000000c0000881                strstr
                0x00000000c00008be                toupper
                0x00000000c00008d2                tolower
                0x00000000c00008e6                simple_strtoul
 .text          0x00000000c0000a45      0xfba core/malloc.32
                0x00000000c0000bb3                dlfree
                0x00000000c0000f11                dlmalloc
                0x00000000c0001442                dlrealloc
                0x00000000c00015f8                dlmemalign
                0x00000000c000171b                dlcalloc
                0x00000000c00017b5                dlcfree
                0x00000000c00017ba                dlindependent_calloc
                0x00000000c00017df                dlindependent_comalloc
                0x00000000c00017f6                dlvalloc
                0x00000000c0001821                dlpvalloc
                0x00000000c0001857                dlmalloc_trim
                0x00000000c0001864                dlmalloc_usable_size
                0x00000000c0001895                dlmallinfo
                0x00000000c0001964                dlmalloc_stats
                0x00000000c0001975                dlmallopt
 .text          0x00000000c00019ff        0x0 libk/string.32
 .text          0x00000000c00019ff       0x51 fs/fat/diskio.32
                0x00000000c00019ff                disk_status
                0x00000000c0001a02                disk_initialize
                0x00000000c0001a05                disk_read
                0x00000000c0001a1b                disk_write
                0x00000000c0001a31                disk_ioctl
 .text          0x00000000c0001a50     0x6b5e fs/fat/ff.32
                0x00000000c0004e16                f_mount
                0x00000000c0004e78                f_open
                0x00000000c00052ef                f_read
                0x00000000c0005590                f_write
                0x00000000c000589a                f_sync
                0x00000000c0005a76                f_close
                0x00000000c0005aa5                f_lseek
                0x00000000c000601c                f_opendir
                0x00000000c000611e                f_closedir
                0x00000000c0006140                f_readdir
                0x00000000c00061db                f_stat
                0x00000000c000626a                f_getfree
                0x00000000c0006450                f_truncate
                0x00000000c0006546                f_unlink
                0x00000000c00066bd                f_mkdir
                0x00000000c00068e9                f_rename
                0x00000000c0006bde                f_chmod
                0x00000000c0006cbc                f_utime
                0x00000000c0006d9a                f_getlabel
                0x00000000c0006f90                f_setlabel
                0x00000000c00071fd                f_forward
                0x00000000c000740f                f_mkfs
 .text          0x00000000c00085ae       0x2d fs/fat/ffsystem.32
                0x00000000c00085ae                ff_memalloc
                0x00000000c00085c4                ff_memfree
 .text          0x00000000c00085db      0x252 fs/fat/ffunicode.32
                0x00000000c00085db                ff_uni2oem
                0x00000000c000866a                ff_oem2uni
                0x00000000c00086d6                ff_wtoupper
 .text          0x00000000c000882d      0x84e hal/libresample/samplerate.32
                0x00000000c00088de                src_delete
                0x00000000c000891a                src_process
                0x00000000c0008a70                src_callback_read
                0x00000000c0008bd9                src_set_ratio
                0x00000000c0008c31                src_get_channels
                0x00000000c0008c53                src_reset
                0x00000000c0008c9d                src_new
                0x00000000c0008d2b                src_callback_new
                0x00000000c0008d8d                src_get_name
                0x00000000c0008dc4                src_get_description
                0x00000000c0008dfb                src_get_version
                0x00000000c0008e01                src_is_valid_ratio
                0x00000000c0008e1d                src_error
                0x00000000c0008e2b                src_strerror
                0x00000000c0008e3e                src_simple
                0x00000000c0008e91                src_short_to_float_array
                0x00000000c0008eda                src_float_to_short_array
                0x00000000c0008f88                src_int_to_float_array
                0x00000000c0008fcf                src_float_to_int_array
 .text          0x00000000c000907b      0x840 hal/libresample/src_linear.32
                0x00000000c000980e                linear_get_name
                0x00000000c0009821                linear_get_description
                0x00000000c0009834                linear_set_converter
 .text          0x00000000c00098bb     0x3690 hal/libresample/src_sinc.32
                0x00000000c000ce62                sinc_get_name
                0x00000000c000ce75                sinc_get_description
                0x00000000c000ce88                sinc_set_converter
 .text          0x00000000c000cf4b      0x723 hal/libresample/src_zoh.32
                0x00000000c000d5c1                zoh_get_name
                0x00000000c000d5d4                zoh_get_description
                0x00000000c000d5e7                zoh_set_converter
 .text          0x00000000c000d66e      0x8ca core/computer.32
                0x00000000c000d66e                Computer::close(int, int, void*)
                0x00000000c000d6b2                Computer::Computer()
                0x00000000c000d6b2                Computer::Computer()
                0x00000000c000d80e                Computer::setBootMessage(char const*)
                0x00000000c000d810                Computer::start()
                0x00000000c000d8ee                firstTask()
                0x00000000c000d8fc                Computer::detectFeatures()
                0x00000000c000db08                Computer::displayFeatures()
                0x00000000c000dcfa                Computer::rdmsr(unsigned int)
                0x00000000c000dd26                Computer::wrmsr(unsigned int, unsigned long long)
                0x00000000c000dd62                Computer::nmiEnabled()
                0x00000000c000dd6e                Computer::readCMOS(unsigned char)
                0x00000000c000dd88                Computer::enableNMI(bool)
                0x00000000c000dda0                Computer::open(int, int, void*)
                0x00000000c000de76                Computer::disableNMI()
                0x00000000c000de84                Computer::writeCMOS(unsigned char, unsigned char)
                0x00000000c000dea2                Computer::handleNMI()
                0x00000000c000df0c                Computer::setDiskActivityLight(int, bool)
 .text          0x00000000c000df38      0x1b3 core/gdt.32
                0x00000000c000df38                GDTEntry::setBase(unsigned int)
                0x00000000c000df54                GDTEntry::setLimit(unsigned int)
                0x00000000c000df72                GDT::GDT()
                0x00000000c000df72                GDT::GDT()
                0x00000000c000df88                GDT::addEntry(GDTEntry)
                0x00000000c000dfc0                GDT::getNumberOfEntries()
                0x00000000c000dfc8                GDT::flush()
                0x00000000c000dfea                GDT::setup()
 .text          0x00000000c000e0eb       0x60 core/idle.32
                0x00000000c000e0eb                idleFunction(void*)
 *fill*         0x00000000c000e14b        0x1 
 .text          0x00000000c000e14c      0x456 core/idt.32
                0x00000000c000e14c                IDTEntry::IDTEntry(bool)
                0x00000000c000e14c                IDTEntry::IDTEntry(bool)
                0x00000000c000e1ba                IDTEntry::setOffset(unsigned int)
                0x00000000c000e1ce                IDT::IDT()
                0x00000000c000e1ce                IDT::IDT()
                0x00000000c000e1d0                IDT::getPointerToInvalidOpcodeEntryForF00F()
                0x00000000c000e1d8                IDT::addEntry(IDTEntry, int)
                0x00000000c000e1ec                IDT::addEntry(int, void (*)(), bool)
                0x00000000c000e224                IDT::flush()
                0x00000000c000e23e                IDT::setup()
 .text          0x00000000c000e5a2      0x209 core/kheap.32
                0x00000000c000e5a2                sbrk
                0x00000000c000e6b6                mmap
                0x00000000c000e6cc                munmap
                0x00000000c000e6e2                liballoc_lock()
                0x00000000c000e6f3                liballoc_unlock()
                0x00000000c000e704                liballoc_alloc(int)
                0x00000000c000e71f                liballoc_free(void*, int)
                0x00000000c000e73d                realloc
                0x00000000c000e751                malloc
                0x00000000c000e761                free
                0x00000000c000e771                rfree
                0x00000000c000e781                calloc
 .text          0x00000000c000e7ab      0x390 core/main.32
                0x00000000c000e7ab                hwTextMode_loadInData(VgaText*)
                0x00000000c000e7f0                hwTextMode_loadInTitle(VgaText*, char*)
                0x00000000c000e834                hwTextMode_showCursor(VgaText*, bool)
                0x00000000c000e888                hwTextMode_update(VgaText*)
                0x00000000c000e889                hwTextMode_updateCursor(VgaText*)
                0x00000000c000e8d2                hwTextMode_disableBlink(VgaText*, bool)
                0x00000000c000e90e                hwTextMode_scrollScreen(VgaText*)
                0x00000000c000e994                hwTextMode_writeCharacter(VgaText*, char, VgaColour, VgaColour, int, int)
                0x00000000c000e9f2                setupTextMode()
                0x00000000c000ea43                kernel_main
 .text          0x00000000c000eb3b      0x571 core/physmgr.32
                0x00000000c000eb3b                Phys::allocateDMA(unsigned long)
                0x00000000c000ebdf                Phys::freeDMA(unsigned long, unsigned long)
                0x00000000c000ec29                Phys::setPageState(unsigned long, bool)
                0x00000000c000ec61                Phys::getPageState(unsigned long)
                0x00000000c000ec80                Phys::freePage(unsigned long)
                0x00000000c000ed05                Phys::allocatePage()
                0x00000000c000edce                Phys::allowSegmentToBeUsed(unsigned long, unsigned long)
                0x00000000c000ee08                Phys::physicalMemorySetup(unsigned int)
 .text          0x00000000c000f0ac      0x275 core/pipe.32
                0x00000000c000f0ac                Pipe::isAtty()
                0x00000000c000f0b0                Pipe::~Pipe()
                0x00000000c000f0b0                Pipe::~Pipe()
                0x00000000c000f0d4                Pipe::~Pipe()
                0x00000000c000f0fc                Pipe::read(unsigned long long, void*, int*)
                0x00000000c000f1f2                Pipe::write(unsigned long long, void*, int*)
                0x00000000c000f2ba                Pipe::Pipe(int)
                0x00000000c000f2ba                Pipe::Pipe(int)
 *fill*         0x00000000c000f321        0x1 
 .text          0x00000000c000f322      0xfa3 core/terminal.32
                0x00000000c000f322                VgaText::isAtty()
                0x00000000c000f326                VgaText::~VgaText()
                0x00000000c000f326                VgaText::~VgaText()
                0x00000000c000f34a                VgaText::~VgaText()
                0x00000000c000f374                VgaText::read(unsigned long long, void*, int*)
                0x00000000c000f394                setTerminalScrollLock(bool)
                0x00000000c000f395                addToTerminalCycle(VgaText*)
                0x00000000c000f3c2                installVgaTextImplementation()
                0x00000000c000f3d7                scrollTerminalScrollLock(int)
                0x00000000c000f3d8                VgaText::load()
                0x00000000c000f42c                VgaText::updateCursor()
                0x00000000c000f446                VgaText::showCursor(bool)
                0x00000000c000f456                VgaText::disableBlink(bool)
                0x00000000c000f490                VgaText::doANSI_SGR(int)
                0x00000000c000f51c                VgaText::setDefaultBgColour(VgaColour)
                0x00000000c000f532                VgaText::setDefaultFgColour(VgaColour)
                0x00000000c000f548                VgaText::setDefaultColours(VgaColour, VgaColour)
                0x00000000c000f568                VgaText::combineColours(unsigned char, unsigned char)
                0x00000000c000f57a                VgaText::scrollScreen()
                0x00000000c000f60e                VgaText::combineCharAndColour(char, unsigned char)
                0x00000000c000f620                VgaText::writeCharacter(char, VgaColour, VgaColour, int, int)
                0x00000000c000f680                VgaText::getCursorX()
                0x00000000c000f68c                VgaText::getCursorY()
                0x00000000c000f698                VgaText::setCursor(int, int)
                0x00000000c000f6b6                VgaText::setCursorX(int)
                0x00000000c000f6d2                VgaText::setCursorY(int)
                0x00000000c000f6ee                VgaText::incrementCursor(bool)
                0x00000000c000f756                VgaText::updateRAMUsageDisplay(int)
                0x00000000c000f7b0                VgaText::updateDiskUsage()
                0x00000000c000f916                VgaText::updateTitle()
                0x00000000c000f95c                VgaText::setTitleTextColour(VgaColour)
                0x00000000c000f96c                VgaText::setTitleColour(VgaColour)
                0x00000000c000f97c                VgaText::setTitle(char*)
                0x00000000c000f9a2                VgaText::decrementCursor(bool)
                0x00000000c000f9ca                VgaText::putchar(char, VgaColour, VgaColour)
                0x00000000c000fac6                VgaText::isShowingCursor()
                0x00000000c000fad2                VgaText::isBlinkDisabled()
                0x00000000c000fae0                VgaText::setCursorHeight(int)
                0x00000000c000fafe                VgaText::getCursorHeight()
                0x00000000c000fb09                setActiveTerminal(VgaText*)
                0x00000000c000fbbb                doTerminalCycle()
                0x00000000c000fbd8                VgaText::doUpdate()
                0x00000000c000fbea                VgaText::puts(char const*, VgaColour, VgaColour)
                0x00000000c000fdaa                VgaText::clearScreen()
                0x00000000c000fe0e                VgaText::putchar(char)
                0x00000000c000ff1c                VgaText::puts(char const*)
                0x00000000c000ff42                VgaText::putx(unsigned int)
                0x00000000c000ff88                VgaText::VgaText(char const*)
                0x00000000c000ff88                VgaText::VgaText(char const*)
                0x00000000c0010162                VgaText::receiveKey(unsigned char)
                0x00000000c001024e                VgaText::write(unsigned long long, void*, int*)
                0x00000000c00102a2                newTerminal(char*)
 *fill*         0x00000000c00102c5        0x1 
 .text          0x00000000c00102c6      0x1a7 core/tss.32
                0x00000000c00102c6                TSS::TSS()
                0x00000000c00102c6                TSS::TSS()
                0x00000000c00102d4                TSS::setESP(unsigned long)
                0x00000000c00102e6                TSS::flush()
                0x00000000c0010306                TSS::setup(unsigned long, unsigned long)
 *fill*         0x00000000c001046d        0x1 
 .text          0x00000000c001046e      0x482 core/unixfile.32
                0x00000000c001046e                ReservedFilename::read(unsigned long long, void*, int*)
                0x00000000c00104c4                ReservedFilename::isAtty()
                0x00000000c00104e0                ReservedFilename::write(unsigned long long, void*, int*)
                0x00000000c001053e                UnixFile::getFileDescriptor()
                0x00000000c0010546                UnixFile::UnixFile(int)
                0x00000000c0010546                UnixFile::UnixFile(int)
                0x00000000c00106b6                ReservedFilename::ReservedFilename(int)
                0x00000000c00106b6                ReservedFilename::ReservedFilename(int)
                0x00000000c00106e8                UnixFile::~UnixFile()
                0x00000000c00106e8                UnixFile::~UnixFile()
                0x00000000c0010780                UnixFile::~UnixFile()
                0x00000000c00107a8                ReservedFilename::~ReservedFilename()
                0x00000000c00107a8                ReservedFilename::~ReservedFilename()
                0x00000000c00107cc                ReservedFilename::~ReservedFilename()
                0x00000000c00107f3                getFromFileDescriptor(int)
 .text          0x00000000c00108f0      0xeb4 core/virtmgr.32
                0x00000000c00108f0                Virt::setPageState(unsigned long, Virt::VirtPageState)
                0x00000000c0010925                Virt::getPageState(unsigned long)
                0x00000000c001094b                Virt::allocateKernelVirtualPages(int)
                0x00000000c0010a63                Virt::virtualMemorySetup()
                0x00000000c0010ae2                Virt::getAKernelVAS()
                0x00000000c0010ae8                Virt::setupPageSwapping(int)
                0x00000000c0010c10                VAS::VAS()
                0x00000000c0010c10                VAS::VAS()
                0x00000000c0010c40                VAS::VAS(VAS*)
                0x00000000c0010c40                VAS::VAS(VAS*)
                0x00000000c0010c64                VAS::getForeignPageTableEntry(bool, unsigned long)
                0x00000000c0010c90                VAS::getPageTableEntry(unsigned long)
                0x00000000c0010cb1                Virt::freeKernelVirtualPages(unsigned long)
                0x00000000c0010dc4                VAS::freeAllocatedPages(unsigned long)
                0x00000000c0010de8                VAS::virtualToPhysical(unsigned long)
                0x00000000c0010e00                VAS::reflagRange(unsigned long, int, int, int)
                0x00000000c0010e42                VAS::setToWriteCombining(unsigned long, int)
                0x00000000c0010e7a                VAS::mapOtherVASIn(bool, VAS*)
                0x00000000c0010eb0                VAS::~VAS()
                0x00000000c0010eb0                VAS::~VAS()
                0x00000000c001101c                VAS::mapPage(unsigned long, unsigned long, int)
                0x00000000c0011116                VAS::allocatePages(int, int)
                0x00000000c00112e0                VAS::setCPUSpecific(unsigned long)
                0x00000000c00112fc                VAS::mapRange(unsigned long, unsigned long, int, int)
                0x00000000c00113c4                VAS::mapForeignPage(bool, VAS*, unsigned long, unsigned long, int)
                0x00000000c00114ae                VAS::VAS(bool)
                0x00000000c00114ae                VAS::VAS(bool)
                0x00000000c00116db                mapVASFirstTime
 .text          0x00000000c00117a4       0x93 coreobjs/c++.32
                0x00000000c00117a4                __cxa_atexit
                0x00000000c00117a7                __cxa_finalize
                0x00000000c00117a8                __stack_chk_fail
                0x00000000c0011808                __cxa_pure_virtual
                0x00000000c0011819                operator new(unsigned long)
                0x00000000c001181e                operator new[](unsigned long)
                0x00000000c0011823                operator delete(void*)
                0x00000000c0011828                operator delete(void*, unsigned long)
                0x00000000c001182d                operator delete[](void*)
                0x00000000c0011832                operator delete[](void*, unsigned long)
 .text          0x00000000c0011837      0x200 dbg/kconsole.32
                0x00000000c0011837                Dbg::stringifyxWithBase(unsigned int, char*, int)
                0x00000000c00118aa                Dbg::logc(char)
                0x00000000c00118c1                Dbg::logs(char*)
                0x00000000c00118de                Dbg::logWriteInt(unsigned int)
                0x00000000c00118fb                Dbg::logWriteIntBase(unsigned int, int)
                0x00000000c001191a                Dbg::kprintf(char const*, ...)
 *fill*         0x00000000c0011a37        0x1 
 .text          0x00000000c0011a38      0xb68 fs/vfs.32
                0x00000000c0011a38                File::read(unsigned long long, void*, int*)
                0x00000000c0011a90                File::write(unsigned long long, void*, int*)
                0x00000000c0011ae8                Directory::read(unsigned long long, void*, int*)
                0x00000000c0011b40                Directory::write(unsigned long long, void*, int*)
                0x00000000c0011b6e                File::isAtty()
                0x00000000c0011b72                Directory::isAtty()
                0x00000000c0011b76                Filesystem::getlabel(LogicalDisk*, int, char*, unsigned int*)
                0x00000000c0011b7c                Filesystem::setlabel(LogicalDisk*, int, char*)
                0x00000000c0011b82                File::~File()
                0x00000000c0011b82                File::~File()
                0x00000000c0011ba6                File::~File()
                0x00000000c0011bd0                Directory::~Directory()
                0x00000000c0011bd0                Directory::~Directory()
                0x00000000c0011bf4                Directory::~Directory()
                0x00000000c0011c1e                Filesystem::Filesystem()
                0x00000000c0011c1e                Filesystem::Filesystem()
                0x00000000c0011c42                Filesystem::~Filesystem()
                0x00000000c0011c42                Filesystem::~Filesystem()
                0x00000000c0011c50                Filesystem::~Filesystem()
                0x00000000c0011c74                initVFS()
                0x00000000c0011c9e                standardiseFiles(char*, char const*, char const*)
                0x00000000c0011e48                File::File(char const*, Process*)
                0x00000000c0011e48                File::File(char const*, Process*)
                0x00000000c0011eac                File::open(FileOpenMode)
                0x00000000c0011f0a                File::close()
                0x00000000c0011f6a                File::seek(unsigned long long)
                0x00000000c0011fc0                File::tell(unsigned long long*)
                0x00000000c0012010                File::rewind()
                0x00000000c0012024                File::unlink()
                0x00000000c0012070                File::rename(char const*)
                0x00000000c00120be                File::chfatattr(unsigned char, unsigned char)
                0x00000000c001211a                File::exists()
                0x00000000c0012158                File::stat(unsigned long long*, bool*)
                0x00000000c00121b9                getcwd(Process*, char*, int)
                0x00000000c00121e3                setcwd(Process*, char*)
                0x00000000c001230a                Directory::Directory(char const*, Process*)
                0x00000000c001230a                Directory::Directory(char const*, Process*)
                0x00000000c001236e                Directory::open()
                0x00000000c00123ca                Directory::close()
                0x00000000c001242a                Directory::unlink()
                0x00000000c0012476                Directory::rename(char const*)
                0x00000000c00124c4                Directory::exists()
                0x00000000c0012502                Directory::read(dirent*)
                0x00000000c001254e                Directory::create()
                0x00000000c001259a                Filesystem::chfatattr(char const*, unsigned char, unsigned char)
 .text          0x00000000c00125a0       0x84 hal/bus.32
                0x00000000c00125a0                Bus::Bus(char const*)
                0x00000000c00125a0                Bus::Bus(char const*)
                0x00000000c00125d6                Bus::~Bus()
                0x00000000c00125d6                Bus::~Bus()
                0x00000000c00125fa                Bus::~Bus()
 .text          0x00000000c0012624      0x14e hal/buzzer.32
                0x00000000c0012624                Buzzer::Buzzer(char const*)
                0x00000000c0012624                Buzzer::Buzzer(char const*)
                0x00000000c0012668                Buzzer::~Buzzer()
                0x00000000c0012668                Buzzer::~Buzzer()
                0x00000000c001268c                Buzzer::~Buzzer()
                0x00000000c00126b6                Buzzer::stop()
                0x00000000c00126c9                beepThread(void*)
                0x00000000c0012704                Buzzer::beep(int, int, bool)
 .text          0x00000000c0012772      0x45d hal/clock.32
                0x00000000c0012772                loadClockSettings()
                0x00000000c001278c                Clock::Clock(char const*)
                0x00000000c001278c                Clock::Clock(char const*)
                0x00000000c00127c2                Clock::~Clock()
                0x00000000c00127c2                Clock::~Clock()
                0x00000000c00127e6                Clock::~Clock()
                0x00000000c0012810                Clock::timeInSecondsLocal()
                0x00000000c0012874                Clock::setTimeInSecondsLocal(unsigned long long)
                0x00000000c00128ce                datetimeToSeconds(datetime_t)
                0x00000000c00129f4                Clock::setTimeInDatetimeLocal(datetime_t)
                0x00000000c0012a65                secondsToDatetime(unsigned long long)
                0x00000000c0012baa                Clock::timeInDatetimeLocal()
 *fill*         0x00000000c0012bcf        0x1 
 .text          0x00000000c0012bd0      0x500 hal/device.32
                0x00000000c0012bd0                Device::hibernate()
                0x00000000c0012bd2                Device::wake()
                0x00000000c0012bd4                Device::detect()
                0x00000000c0012bd6                Device::disableLegacy()
                0x00000000c0012bd8                Device::powerSaving(PowerSavingLevel)
                0x00000000c0012bda                DriverlessDevice::close(int, int, void*)
                0x00000000c0012bde                DriverlessDevice::detect()
                0x00000000c0012be0                DriverlessDevice::open(int, int, void*)
                0x00000000c0012bf4                Device::~Device()
                0x00000000c0012bf4                Device::~Device()
                0x00000000c0012c02                Device::~Device()
                0x00000000c0012c2a                Device::findAndLoadDriver()
                0x00000000c0012c2c                Device::preOpenPCI(PCIDeviceInfo)
                0x00000000c0012c52                Device::preOpenACPI(void*, char*, char*)
                0x00000000c0012ca2                Device::addIRQHandler(int, void (*)(regs*, void*), bool, void*)
                0x00000000c0012d00                Device::removeIRQHandler(int, void (*)(regs*, void*), bool)
                0x00000000c0012d4e                Device::addChild(Device*)
                0x00000000c0012d92                Device::removeAllChildren()
                0x00000000c0012dd8                Device::hibernateAll()
                0x00000000c0012e08                Device::wakeAll()
                0x00000000c0012e38                Device::detectAll()
                0x00000000c0012e68                Device::disableLegacyAll()
                0x00000000c0012e98                Device::loadDriversForAll()
                0x00000000c0012ec4                Device::closeAll()
                0x00000000c0012efa                Device::powerSavingAll(PowerSavingLevel)
                0x00000000c0012f30                Device::setName(char const*)
                0x00000000c0012f3e                Device::Device(char const*)
                0x00000000c0012f3e                Device::Device(char const*)
                0x00000000c0013030                Device::getName()
                0x00000000c001303a                DriverlessDevice::DriverlessDevice(char const*)
                0x00000000c001303a                DriverlessDevice::DriverlessDevice(char const*)
                0x00000000c0013062                Device::addToLinkedList(LinkedList<Device>&, DeviceType)
                0x00000000c00130a6                getDevicesOfType(DeviceType)
 .text          0x00000000c00130d0       0x84 hal/diskctrl.32
                0x00000000c00130d0                HardDiskController::HardDiskController(char const*)
                0x00000000c00130d0                HardDiskController::HardDiskController(char const*)
                0x00000000c0013106                HardDiskController::~HardDiskController()
                0x00000000c0013106                HardDiskController::~HardDiskController()
                0x00000000c001312a                HardDiskController::~HardDiskController()
 .text          0x00000000c0013154       0xde hal/diskphys.32
                0x00000000c0013154                PhysicalDisk::PhysicalDisk(char const*, int)
                0x00000000c0013154                PhysicalDisk::PhysicalDisk(char const*, int)
                0x00000000c00131bc                PhysicalDisk::startCache()
                0x00000000c00131e4                PhysicalDisk::~PhysicalDisk()
                0x00000000c00131e4                PhysicalDisk::~PhysicalDisk()
                0x00000000c0013208                PhysicalDisk::~PhysicalDisk()
 .text          0x00000000c0013232      0x14c hal/fpu.32
                0x00000000c0013232                FPU::FPU(char const*)
                0x00000000c0013232                FPU::FPU(char const*)
                0x00000000c0013268                FPU::~FPU()
                0x00000000c0013268                FPU::~FPU()
                0x00000000c001328c                FPU::~FPU()
                0x00000000c00132b6                setupFPU()
 .text          0x00000000c001337e     0x12ab hal/intctrl.32
                0x00000000c001337e                InterruptController::uninstallISRHandler(int, void (*)(regs*, void*))
                0x00000000c00133b8                InterruptController::installISRHandler(int, void (*)(regs*, void*), void*)
                0x00000000c001340a                doubleFault(regs*, void*)
                0x00000000c0013424                InterruptController::installIRQHandler(int, void (*)(regs*, void*), bool, void*)
                0x00000000c00134c6                InterruptController::clearAllHandlers(int, bool)
                0x00000000c0013574                InterruptController::uninstallIRQHandler(int, void (*)(regs*, void*), bool)
                0x00000000c00135f1                nmiHandler(regs*, void*)
                0x00000000c00135ff                int_handler
                0x00000000c001369a                InterruptController::InterruptController(char const*)
                0x00000000c001369a                InterruptController::InterruptController(char const*)
                0x00000000c0013740                InterruptController::~InterruptController()
                0x00000000c0013740                InterruptController::~InterruptController()
                0x00000000c0013764                InterruptController::~InterruptController()
                0x00000000c001378e                displayDebugInfo(regs*)
                0x00000000c0013ba7                x87EmulHandler(regs*, void*)
                0x00000000c0013bd6                gpFault(regs*, void*)
                0x00000000c0013c0f                pgFault(regs*, void*)
                0x00000000c0013c26                otherISRHandler(regs*, void*)
                0x00000000c0013c45                opcodeFault(regs*, void*)
                0x00000000c00141fc                displayProgramFault(char const*)
                0x00000000c0014224                setupInterruptController()
                0x00000000c00145dc                InterruptController::convertLegacyIRQNumber(int)
 *fill*         0x00000000c0014629        0x1 
 .text          0x00000000c001462a      0x64c hal/keybrd.32
                0x00000000c001462a                startGUI(void*)
                0x00000000c001469c                sendKeyToTerminal(unsigned char)
                0x00000000c0014709                sendKeyboardToken(KeyboardToken)
                0x00000000c0014b0e                clearInternalKeybuffer(VgaText*)
                0x00000000c0014b44                readKeyboard(VgaText*, char*, unsigned long)
                0x00000000c0014bec                Keyboard::Keyboard(char const*)
                0x00000000c0014bec                Keyboard::Keyboard(char const*)
                0x00000000c0014c28                Keyboard::~Keyboard()
                0x00000000c0014c28                Keyboard::~Keyboard()
                0x00000000c0014c4c                Keyboard::~Keyboard()
 .text          0x00000000c0014c76      0x433 hal/logidisk.32
                0x00000000c0014c76                LogicalDisk::close(int, int, void*)
                0x00000000c0014c7a                LogicalDisk::~LogicalDisk()
                0x00000000c0014c7a                LogicalDisk::~LogicalDisk()
                0x00000000c0014c9e                LogicalDisk::~LogicalDisk()
                0x00000000c0014cc8                LogicalDisk::open(int, int, void*)
                0x00000000c0014cdc                LogicalDisk::absoluteToRelative(unsigned long long)
                0x00000000c0014d26                LogicalDisk::relativeToAbsolute(unsigned long long)
                0x00000000c0014d6e                LogicalDisk::LogicalDisk(char const*, PhysicalDisk*, unsigned long long, unsigned long long)
                0x00000000c0014d6e                LogicalDisk::LogicalDisk(char const*, PhysicalDisk*, unsigned long long, unsigned long long)
                0x00000000c0014e24                LogicalDisk::assignDriveLetter()
                0x00000000c0014ebe                LogicalDisk::mount()
                0x00000000c0014f30                LogicalDisk::unmount()
                0x00000000c0014f40                LogicalDisk::unassignDriveLetter()
                0x00000000c0014faa                LogicalDisk::read(unsigned long long, int, void*)
                0x00000000c001502a                LogicalDisk::write(unsigned long long, int, void*)
 *fill*         0x00000000c00150a9        0x1 
 .text          0x00000000c00150aa       0x84 hal/mouse.32
                0x00000000c00150aa                Mouse::Mouse(char const*)
                0x00000000c00150aa                Mouse::Mouse(char const*)
                0x00000000c00150e0                Mouse::~Mouse()
                0x00000000c00150e0                Mouse::~Mouse()
                0x00000000c0015104                Mouse::~Mouse()
 .text          0x00000000c001512e      0x348 hal/partition.32
                0x00000000c001512e                makePartition(PhysicalDisk*, unsigned long long, unsigned long long)
                0x00000000c00151d6                createPartitionsForDisk(PhysicalDisk*)
 .text          0x00000000c0015476      0x2f7 hal/timer.32
                0x00000000c0015476                Timer::Timer(char const*)
                0x00000000c0015476                Timer::Timer(char const*)
                0x00000000c00154ac                Timer::~Timer()
                0x00000000c00154ac                Timer::~Timer()
                0x00000000c00154d0                Timer::~Timer()
                0x00000000c00154fa                Timer::read()
                0x00000000c0015505                timerHandler(unsigned long long)
                0x00000000c001564c                setupTimer(int)
 *fill*         0x00000000c001576d        0x1 
 .text          0x00000000c001576e      0x2f9 hal/vcache.32
                0x00000000c001576e                VCache::VCache(PhysicalDisk*)
                0x00000000c001576e                VCache::VCache(PhysicalDisk*)
                0x00000000c001585e                VCache::writeWriteBuffer()
                0x00000000c001589a                VCache::~VCache()
                0x00000000c001589a                VCache::~VCache()
                0x00000000c00158da                VCache::~VCache()
                0x00000000c0015902                VCache::write(unsigned long long, int, void*)
                0x00000000c0015a0e                VCache::read(unsigned long long, int, void*)
 *fill*         0x00000000c0015a67        0x1 
 .text          0x00000000c0015a68      0x273 hal/video.32
                0x00000000c0015a68                Video::putrect(int, int, int, int, unsigned int)
                0x00000000c0015ab0                Video::blit(unsigned int*, int, int, int, int)
                0x00000000c0015b36                Video::clearScreen(unsigned int)
                0x00000000c0015b6a                Video::putpixel(int, int, unsigned int)
                0x00000000c0015b78                Video::Video(char const*)
                0x00000000c0015b78                Video::Video(char const*)
                0x00000000c0015bae                Video::~Video()
                0x00000000c0015bae                Video::~Video()
                0x00000000c0015bd2                Video::~Video()
                0x00000000c0015bfc                Video::isMonochrome()
                0x00000000c0015c08                Video::getWidth()
                0x00000000c0015c14                Video::getHeight()
                0x00000000c0015c20                Video::drawCursor(int, int, unsigned char*, int)
 *fill*         0x00000000c0015cdb        0x1 
 .text          0x00000000c0015cdc      0xdf4 hw/acpi.32
                0x00000000c0015cdc                ACPI::close(int, int, void*)
                0x00000000c0015d93                findRSDP()
                0x00000000c0015e1d                loadACPITables(unsigned char*)
                0x00000000c0016046                findRSDT(unsigned char*)
                0x00000000c0016166                findDataTable(unsigned char*, char*)
                0x00000000c0016202                scanMADT()
                0x00000000c001667e                ACPI::ACPI()
                0x00000000c001667e                ACPI::ACPI()
                0x00000000c00166de                ACPI::getPCIIRQAssignment(unsigned char, unsigned short, unsigned char)
                0x00000000c00167c0                ACPI::registerPCIIRQAssignment(void*, unsigned short, unsigned char, unsigned char)
                0x00000000c00168c6                ACPI::setScreenBrightnessLevel(void*, int)
                0x00000000c00168cc                ACPI::writeSimpleBootFlag(SimpleBootFlagTable*)
                0x00000000c0016916                ACPI::open(int, int, void*)
                0x00000000c0016ab8                ACPI::sleep()
 .text          0x00000000c0016ad0     0x176b hw/cpu.32
                0x00000000c0016ad0                CPU::close(int, int, void*)
                0x00000000c0016ad4                CPU::lookupAMDName(unsigned char, unsigned char)
                0x00000000c0016c8a                CPU::lookupIntelName(unsigned char, unsigned char)
                0x00000000c0016f44                CPU::AMD_K6_write_msr(unsigned int, unsigned int, unsigned int, CPU::REGS*)
                0x00000000c0016f60                CPU::AMD_K6_read_msr(unsigned int, CPU::REGS*)
                0x00000000c0016f78                CPU::AMD_K6_writeback(int, int, int)
                0x00000000c0016fec                CPU::cpuid(int, unsigned long*, unsigned long*, unsigned long*, unsigned long*)
                0x00000000c0017070                CPU::cpuidCheckEDX(unsigned int)
                0x00000000c001709e                CPU::cpuidCheckECX(unsigned int)
                0x00000000c00170cc                CPU::cpuidCheckExtendedEBX(unsigned int)
                0x00000000c00170fa                CPU::cpuidCheckExtendedECX(unsigned int)
                0x00000000c0017128                CPU::getNumber()
                0x00000000c001712c                CPU::current()
                0x00000000c0017140                CPU::CPU()
                0x00000000c0017140                CPU::CPU()
                0x00000000c00171ce                CPU::displayFeatures()
                0x00000000c00173c2                CPU::detectFeatures()
                0x00000000c0017d98                CPU::setupSMEP()
                0x00000000c0017db2                CPU::setupUMIP()
                0x00000000c0017dca                CPU::setupTSC()
                0x00000000c0017de2                CPU::setupLargePages()
                0x00000000c0017dfa                CPU::setupPAT()
                0x00000000c0017e42                CPU::setupMTRR()
                0x00000000c0017e44                CPU::setupGlobalPages()
                0x00000000c0017e5a                CPU::allowUsermodeDataAccess()
                0x00000000c0017e6c                CPU::prohibitUsermodeDataAccess()
                0x00000000c0017e7e                CPU::setupSMAP()
                0x00000000c0017ea4                CPU::setupFeatures()
                0x00000000c0017f46                CPU::open(int, int, void*)
                0x00000000c001801c                CPU::decodeAddress(regs*, int*, bool*, unsigned char*)
 .text          0x00000000c001823b        0x0 hw/ports.32
 .text          0x00000000c001823b      0x33a krnl/panic.32
                0x00000000c001823b                Krnl::panic(char const*)
 .text          0x00000000c0018575      0x526 reg/registry.32
                0x00000000c0018575                Reg::findLineFromLoadedData(char*, char*, char*)
                0x00000000c00186de                Reg::getLineFromRegistry(char*, char*, char*, char*)
                0x00000000c001883d                Reg::getLine(char*, char*, char*)
                0x00000000c0018874                Reg::readInt(char*, char*, int*)
                0x00000000c0018973                Reg::readString(char*, char*, char*, int)
                0x00000000c00189f4                Reg::readBool(char*, char*, bool*)
                0x00000000c0018a19                Reg::readBoolWithDefault(char*, char*, bool)
                0x00000000c0018a45                Reg::readIntWithDefault(char*, char*, int)
                0x00000000c0018a71                Reg::readStringWithDefault(char*, char*, char*, int, char*)
 .text          0x00000000c0018a9b       0x18 sys/sc_exit.32
                0x00000000c0018a9b                Sys::exit(regs*)
 .text          0x00000000c0018ab3       0xb2 sys/sc_loaddll.32
                0x00000000c0018ab3                Sys::loadDLL(regs*)
 .text          0x00000000c0018b65       0x68 sys/sc_read.32
                0x00000000c0018b65                Sys::read(regs*)
 .text          0x00000000c0018bcd       0x55 sys/sc_sbrk.32
                0x00000000c0018bcd                Sys::sbrk(regs*)
 .text          0x00000000c0018c22       0x68 sys/sc_write.32
                0x00000000c0018c22                Sys::write(regs*)
 .text          0x00000000c0018c8a       0x1a sys/sc_yield.32
                0x00000000c0018c8a                Sys::yield(regs*)
 .text          0x00000000c0018ca4     0x109a sys/syscalls.32
                0x00000000c0018ca4                sysCallGetPID(regs*)
                0x00000000c0018cb0                sysCallSeekDir(regs*)
                0x00000000c0018cb5                sysCallTellDir(regs*)
                0x00000000c0018cba                sysCallVerify(regs*)
                0x00000000c0018cc4                sysCallFork(regs*)
                0x00000000c0018ccf                sysCallExecve(regs*)
                0x00000000c0018cda                sysCallGetArgc(regs*)
                0x00000000c0018cea                sysFormatDisk(regs*)
                0x00000000c0018d71                sysSetDiskVolumeLabel(regs*)
                0x00000000c0018db7                sysGetDiskVolumeLabel(regs*)
                0x00000000c0018e04                sysShutdown(regs*)
                0x00000000c0018e9d                sysCallGetCwd(regs*)
                0x00000000c0018ebc                sysCallSetCwd(regs*)
                0x00000000c0018ed8                sysCallRealpath(regs*)
                0x00000000c0018f33                sysCallReadDir(regs*)
                0x00000000c0018fdf                sysCallIsATTY(regs*)
                0x00000000c0019039                sysCallSeek(regs*)
                0x00000000c00190b3                sysCallTell(regs*)
                0x00000000c001912c                sysCallSizeFromFilename(regs*)
                0x00000000c00191d2                sysCallSize(regs*)
                0x00000000c0019251                sysCallClose(regs*)
                0x00000000c00192fc                sysCallOpenDir(regs*)
                0x00000000c001937d                sysCallMakeDir(regs*)
                0x00000000c00193d6                sysCallCloseDir(regs*)
                0x00000000c0019447                sysCallWait(regs*)
                0x00000000c0019461                sysCallRmdir(regs*)
                0x00000000c00194b3                sysCallUnlink(regs*)
                0x00000000c0019505                sysCallGetArgv(regs*)
                0x00000000c0019574                sysCallTTYName(regs*)
                0x00000000c001960b                sysCallGetEnv(regs*)
                0x00000000c0019663                sysCallUSleep(regs*)
                0x00000000c001969f                sysCallSpawn(regs*)
                0x00000000c00196fd                sysAppSettings(regs*)
                0x00000000c0019817                sysSetFatAttrib(regs*)
                0x00000000c0019877                sysPanic(regs*)
                0x00000000c001989d                sysPipe(regs*)
                0x00000000c00198e2                sysGetUnixTime(regs*)
                0x00000000c00198f6                string_ends_with(char const*, char const*)
                0x00000000c0019941                sysCallOpen(regs*)
                0x00000000c0019b43                setupSystemCalls()
                0x00000000c0019cfc                systemCall(regs*, void*)
 .text          0x00000000c0019d3e     0x11c4 thr/elf.32
                0x00000000c0019d3e                Thr::allocateMemoryForTask(Process*, File*, unsigned long, unsigned long, unsigned long)
                0x00000000c0019fa1                Thr::loadProgramIntoMemory(Process*, char const*)
                0x00000000c001a1c0                Thr::runtimeReferenceHelper()
                0x00000000c001a1d3                Thr::getAddressOfKernelSymbol(char const*)
                0x00000000c001a222                Thr::loadKernelSymbolTable(char const*)
                0x00000000c001a4e3                Thr::loadDriverIntoMemory(char const*, unsigned long, bool)
                0x00000000c001ac89                Thr::getDriverBaseFromAddress(unsigned long)
                0x00000000c001acbb                Thr::getDriverNameFromAddress(unsigned long)
                0x00000000c001acf2                Thr::getDriverOffsetFromAddress(unsigned long)
                0x00000000c001ad0c                Thr::loadDLL(char const*, bool)
                0x00000000c001aed8                Thr::executeDLL(unsigned long, void*)
 .text          0x00000000c001af02      0xfb4 thr/prcssthr.32
                0x00000000c001af02                changeTSS
                0x00000000c001af30                Process::addArgs(char**)
                0x00000000c001af8a                Process::Process(char const*, Process*, char**)
                0x00000000c001af8a                Process::Process(char const*, Process*, char**)
                0x00000000c001b142                Process::Process(bool, char const*, Process*, char**)
                0x00000000c001b142                Process::Process(bool, char const*, Process*, char**)
                0x00000000c001b2c5                disableIRQs()
                0x00000000c001b2cd                getIRQNestingLevel()
                0x00000000c001b2d3                enableIRQs()
                0x00000000c001b2e2                lockScheduler()
                0x00000000c001b2e4                unlockScheduler()
                0x00000000c001b2e6                userModeEntryPoint(void*)
                0x00000000c001b309                lockStuff()
                0x00000000c001b315                taskStartupFunction
                0x00000000c001b31e                updateTimeUsed()
                0x00000000c001b376                switchToThread(ThreadControlBlock*)
                0x00000000c001b3c4                Semaphore::Semaphore(int)
                0x00000000c001b3c4                Semaphore::Semaphore(int)
                0x00000000c001b3f2                Mutex::Mutex()
                0x00000000c001b3f2                Mutex::Mutex()
                0x00000000c001b404                Process::createThread(void (*)(void*), void*, int)
                0x00000000c001b4dc                Process::createUserThread()
                0x00000000c001b4f8                setupMultitasking(void (*)())
                0x00000000c001b604                schedule()
                0x00000000c001b68b                unlockStuff()
                0x00000000c001b6c0                Semaphore::tryAcquire()
                0x00000000c001b6ee                Semaphore::assertLocked(char const*)
                0x00000000c001b71e                blockTaskWithSchedulerLockAlreadyHeld(TaskState)
                0x00000000c001b760                blockTask(TaskState)
                0x00000000c001b781                waitTask(int, int*, int)
                0x00000000c001b7c3                nanoSleepUntil(unsigned long long)
                0x00000000c001b81e                nanoSleep(unsigned long long)
                0x00000000c001b838                sleep(unsigned long long)
                0x00000000c001b85e                Semaphore::acquire()
                0x00000000c001b8c6                taskReturned
                0x00000000c001b8f4                unblockTask(ThreadControlBlock*)
                0x00000000c001b9a5                cleanupTerminatedTask(ThreadControlBlock*)
                0x00000000c001bc2b                cleanerTaskFunction(void*)
                0x00000000c001bcde                terminateTask(int)
                0x00000000c001bdbe                Thr::terminateFromIRQ(int)
                0x00000000c001bdca                Semaphore::release()
 .text          0x00000000c001beb6      0x8cc vm86/vm8086.32
                0x00000000c001beb6                Vm::vm8086EntryPoint(void*)
                0x00000000c001bee1                Vm::inbv(unsigned short)
                0x00000000c001bee7                Vm::outbv(unsigned short, unsigned char)
                0x00000000c001bef1                Vm::realToLinear(unsigned short, unsigned short)
                0x00000000c001bf01                Vm::getSegment(unsigned int)
                0x00000000c001bf0b                Vm::getOffset(unsigned int)
                0x00000000c001bf10                Vm::loadFileAsThread(Process*, char const*, unsigned short, unsigned short, unsigned short, unsigned short)
                0x00000000c001c03b                Vm::doISR(regs*, int, unsigned char*, unsigned short, unsigned short)
                0x00000000c001c0c5                Vm::readByteFromReal(unsigned short, unsigned short)
                0x00000000c001c0d6                Vm::readWordFromReal(unsigned short, unsigned short)
                0x00000000c001c0e8                Vm::readDwordFromReal(unsigned short, unsigned short)
                0x00000000c001c0f9                Vm::writeByteFromReal(unsigned short, unsigned short, unsigned char)
                0x00000000c001c10e                Vm::writeWordFromReal(unsigned short, unsigned short, unsigned short)
                0x00000000c001c124                Vm::writeDwordFromReal(unsigned short, unsigned short, unsigned int)
                0x00000000c001c139                Vm::faultHandler(regs*)
 .text          0x00000000c001c782      0xf4d vm86/x87em.32
                0x00000000c001c782                Vm::fpuInternalTo32(unsigned long long)
                0x00000000c001c7da                Vm::fpuInternalTo64(unsigned long long)
                0x00000000c001c7e3                Vm::fpu32ToInternal(unsigned int)
                0x00000000c001c845                Vm::fpu64ToInternal(unsigned long long)
                0x00000000c001c84e                Vm::fpuFloatToLong(unsigned long long)
                0x00000000c001c8b2                Vm::fpuULongToFloat(unsigned long long)
                0x00000000c001c8f3                Vm::fpuLongToFloat(long long)
                0x00000000c001c95a                Vm::fpuGet0()
                0x00000000c001c95f                Vm::fpuGet1()
                0x00000000c001c967                Vm::fpuGetPi()
                0x00000000c001c96f                Vm::fpuGetLog2E()
                0x00000000c001c987                Vm::fpuGetLogE2()
                0x00000000c001c99f                Vm::fpuGetLog210()
                0x00000000c001c9b7                Vm::fpuGetLog102()
                0x00000000c001c9cf                Vm::fpuIsSecondLarger(unsigned long long, unsigned long long)
                0x00000000c001c9e3                Vm::fpuAreEqual(unsigned long long, unsigned long long)
                0x00000000c001ca00                Vm::fpuUnorderedCompare(unsigned long long, unsigned long long)
                0x00000000c001ca53                Vm::fpuAdd(unsigned long long, unsigned long long)
                0x00000000c001ca6e                Vm::fpuAbs(unsigned long long)
                0x00000000c001ca77                Vm::fpuChs(unsigned long long)
                0x00000000c001ca87                Vm::fpuSub(unsigned long long, unsigned long long)
                0x00000000c001ca96                Vm::fpuMultiply(unsigned long long, unsigned long long)
                0x00000000c001cab8                Vm::fpuDivide(unsigned long long, unsigned long long)
                0x00000000c001cad4                Vm::fpuSquare(unsigned long long)
                0x00000000c001caea                Vm::fpuGetReg(int)
                0x00000000c001cb2f                Vm::fpuSetReg(int, unsigned long long)
                0x00000000c001cb7a                Vm::fpuPush(unsigned long long)
                0x00000000c001cbc9                Vm::fpuPop()
                0x00000000c001cc1b                Vm::x87Handler(regs*)
 *fill*         0x00000000c001d6cf        0x1 
 .text          0x00000000c001d6d0     0x10ef fs/fat/vfslink.32
                0x00000000c001d6d0                FAT::getName()
                0x00000000c001d6d6                FAT::tell(void*, unsigned long long*)
                0x00000000c001d70a                FAT::stat(void*, unsigned long long*)
                0x00000000c001d73e                FAT::~FAT()
                0x00000000c001d73e                FAT::~FAT()
                0x00000000c001d762                FAT::~FAT()
                0x00000000c001d78a                FAT::getlabel(LogicalDisk*, int, char*, unsigned int*)
                0x00000000c001d828                FAT::setlabel(LogicalDisk*, int, char*)
                0x00000000c001d8e2                FAT::format(LogicalDisk*, int, char const*, int)
                0x00000000c001dac6                FAT::tryMount(LogicalDisk*, int)
                0x00000000c001dccc                FAT::readDir(void*, unsigned long, void*, int*)
                0x00000000c001ddd2                FAT::read(void*, unsigned long, void*, int*)
                0x00000000c001de2c                FAT::write(void*, unsigned long, void*, int*)
                0x00000000c001de86                FAT::close(void*)
                0x00000000c001ded2                FAT::closeDir(void*)
                0x00000000c001df1e                FAT::seek(void*, unsigned long long)
                0x00000000c001df72                fatWrapperReadDisk
                0x00000000c001dfb9                fatWrapperWriteDisk
                0x00000000c001e000                fatWrapperIoctl
                0x00000000c001e106                FAT::FAT()
                0x00000000c001e106                FAT::FAT()
                0x00000000c001e158                FAT::fixFilepath(char*)
                0x00000000c001e190                FAT::open(char const*, void**, FileOpenMode)
                0x00000000c001e2b8                FAT::openDir(char const*, void**)
                0x00000000c001e35e                FAT::stat(char const*, unsigned long long*, bool*)
                0x00000000c001e448                FAT::unlink(char const*)
                0x00000000c001e4c2                FAT::chfatattr(char const*, unsigned char, unsigned char)
                0x00000000c001e616                FAT::rename(char const*, char const*)
                0x00000000c001e6da                FAT::mkdir(char const*)
                0x00000000c001e754                FAT::exists(char const*)
 *fill*         0x00000000c001e7bf        0x1 
 .text          0x00000000c001e7c0      0xbdf fs/iso9660/vfslink.32
                0x00000000c001e7c0                ISO9660::format(LogicalDisk*, int, char const*, int)
                0x00000000c001e7c6                ISO9660::seek(void*, unsigned long long)
                0x00000000c001e7f6                ISO9660::tell(void*, unsigned long long*)
                0x00000000c001e818                ISO9660::getName()
                0x00000000c001e81e                ISO9660::stat(void*, unsigned long long*)
                0x00000000c001e840                ISO9660::chfatattr(char const*, unsigned char, unsigned char)
                0x00000000c001e846                ISO9660::unlink(char const*)
                0x00000000c001e84c                ISO9660::write(void*, unsigned long, void*, int*)
                0x00000000c001e852                ISO9660::rename(char const*, char const*)
                0x00000000c001e858                ISO9660::mkdir(char const*)
                0x00000000c001e85e                ISO9660::close(void*)
                0x00000000c001e880                ISO9660::closeDir(void*)
                0x00000000c001e8a2                ISO9660::~ISO9660()
                0x00000000c001e8a2                ISO9660::~ISO9660()
                0x00000000c001e8c6                ISO9660::~ISO9660()
                0x00000000c001e8ed                __memmem(unsigned char*, int, unsigned char*, int)
                0x00000000c001e930                readSectorFromCDROM(unsigned int, unsigned char*, char)
                0x00000000c001e996                ISO9660::tryMount(LogicalDisk*, int)
                0x00000000c001e9e6                ISO9660::read(void*, unsigned long, void*, int*)
                0x00000000c001ec10                ISO9660::readDir(void*, unsigned long, void*, int*)
                0x00000000c001eec8                readRoot(unsigned int*, unsigned int*, char)
                0x00000000c001ef1d                readRecursively(char*, unsigned int, unsigned int, unsigned int*, unsigned int*, char, int*)
                0x00000000c001f0e3                getFileData(char*, unsigned int*, unsigned int*, char, int*)
                0x00000000c001f172                ISO9660::open(char const*, void**, FileOpenMode)
                0x00000000c001f20c                ISO9660::exists(char const*)
                0x00000000c001f230                ISO9660::stat(char const*, unsigned long long*, bool*)
                0x00000000c001f2c4                ISO9660::openDir(char const*, void**)
                0x00000000c001f37c                ISO9660::ISO9660()
                0x00000000c001f37c                ISO9660::ISO9660()
 *fill*         0x00000000c001f39f        0x1 
 .text          0x00000000c001f3a0      0x355 hal/sound/sndchannel.32
                0x00000000c001f3a0                SoundChannel::~SoundChannel()
                0x00000000c001f3a0                SoundChannel::~SoundChannel()
                0x00000000c001f3bc                SoundChannel::setSpeed(float)
                0x00000000c001f3cc                SoundChannel::getSpeed()
                0x00000000c001f3d4                SoundChannel::setVolume(int)
                0x00000000c001f3f6                SoundChannel::getVolume()
                0x00000000c001f3fe                SoundChannel::pause()
                0x00000000c001f408                SoundChannel::SoundChannel(int, int, int, int)
                0x00000000c001f408                SoundChannel::SoundChannel(int, int, int, int)
                0x00000000c001f57e                SoundChannel::play()
                0x00000000c001f588                SoundChannel::paused()
                0x00000000c001f590                SoundChannel::getSampleRate()
                0x00000000c001f598                SoundChannel::getBits()
                0x00000000c001f5a0                SoundChannel::getBufferUsed()
                0x00000000c001f5a8                SoundChannel::getBufferSize()
                0x00000000c001f5b0                SoundChannel::unbuffer(float*, int, int)
                0x00000000c001f650                SoundChannel::buffer8(unsigned char*, int)
 *fill*         0x00000000c001f6f5        0x1 
 .text          0x00000000c001f6f6      0x396 hal/sound/sndhw.32
                0x00000000c001f6f6                SoundDevice::SoundDevice(char const*)
                0x00000000c001f6f6                SoundDevice::SoundDevice(char const*)
                0x00000000c001f762                SoundDevice::~SoundDevice()
                0x00000000c001f762                SoundDevice::~SoundDevice()
                0x00000000c001f7dc                SoundDevice::~SoundDevice()
                0x00000000c001f806                SoundDevice::getFreeChannelNum()
                0x00000000c001f820                SoundDevice::addChannel(SoundChannel*)
                0x00000000c001f890                SoundDevice::removeChannel(int)
                0x00000000c001f8c2                SoundDevice::floatTo8(float*, unsigned char*, int)
                0x00000000c001f96c                SoundDevice::getAudio(int, float*, float*)
 .text          0x00000000c001fa8c        0x0 hw/bus/isa.32
 .text          0x00000000c001fa8c      0x6c5 hw/bus/pci.32
                0x00000000c001fa8c                PCI::open(int, int, void*)
                0x00000000c001faa0                PCI::close(int, int, void*)
                0x00000000c001faa4                PCI::PCI()
                0x00000000c001faa4                PCI::PCI()
                0x00000000c001fb24                PCI::pciReadWord(unsigned char, unsigned char, unsigned char, unsigned char)
                0x00000000c001fb6e                PCI::getVendorID(unsigned char, unsigned char, unsigned char)
                0x00000000c001fb90                PCI::getHeaderType(unsigned char, unsigned char, unsigned char)
                0x00000000c001fbb4                PCI::getClassCode(unsigned char, unsigned char, unsigned char)
                0x00000000c001fbf8                PCI::getProgIF(unsigned char, unsigned char, unsigned char)
                0x00000000c001fc1c                PCI::getRevisionID(unsigned char, unsigned char, unsigned char)
                0x00000000c001fc3e                PCI::getInterruptNumber(unsigned char, unsigned char, unsigned char)
                0x00000000c001fc60                PCI::getSecondaryBus(unsigned char, unsigned char, unsigned char)
                0x00000000c001fc84                PCI::getBARAddress(unsigned char, unsigned char, unsigned char, unsigned char)
                0x00000000c001fce2                PCI::pciWriteWord(unsigned char, unsigned char, unsigned char, unsigned char, unsigned short)
                0x00000000c001fd52                PCI::checkBus(unsigned char)
                0x00000000c001fd76                PCI::foundDevice(PCIDeviceInfo)
                0x00000000c001fee6                PCI::getDeviceData(unsigned char, unsigned char, unsigned char)
                0x00000000c0020092                PCI::checkDevice(unsigned char, unsigned char)
                0x00000000c00200fe                PCI::detect()
 *fill*         0x00000000c0020151        0x1 
 .text          0x00000000c0020152      0xc7e hw/diskctrl/ide.32
                0x00000000c0020152                IDE::close(int, int, void*)
                0x00000000c0020156                IDE::IDE()
                0x00000000c0020156                IDE::IDE()
                0x00000000c002018a                IDE::prepareInterrupt(unsigned char)
                0x00000000c002019c                selectDrive(unsigned char, unsigned char)
                0x00000000c002019e                IDE::getBase(unsigned char)
                0x00000000c00201b0                IDE::write(unsigned char, unsigned char, unsigned char)
                0x00000000c0020272                IDE::read(unsigned char, unsigned char)
                0x00000000c0020328                IDE::waitInterrupt(unsigned char)
                0x00000000c002038e                ideChannel0IRQHandler(regs*, void*)
                0x00000000c00203aa                ideChannel1IRQHandler(regs*, void*)
                0x00000000c00203c6                IDE::enableIRQs(unsigned char, bool)
                0x00000000c002040c                IDE::open(int, int, void*)
                0x00000000c002081c                IDE::readBuffer(unsigned char, unsigned char, unsigned int, unsigned int)
                0x00000000c00208e8                IDE::detect()
                0x00000000c0020bd4                IDE::printError(unsigned char, unsigned char, unsigned char)
                0x00000000c0020d6a                IDE::polling(unsigned char, unsigned int)
 .text          0x00000000c0020dd0      0x649 hw/diskphys/ata.32
                0x00000000c0020dd0                ATA::close(int, int, void*)
                0x00000000c0020df4                ATA::powerSaving(PowerSavingLevel)
                0x00000000c0020df6                ATA::ATA()
                0x00000000c0020df6                ATA::ATA()
                0x00000000c0020e24                ATA::flush(bool)
                0x00000000c0020e6e                ATA::readyForCommand()
                0x00000000c0020ebe                ATA::access(unsigned long long, int, void*, bool)
                0x00000000c0021264                ATA::read(unsigned long long, int, void*)
                0x00000000c00212c2                ATA::write(unsigned long long, int, void*)
                0x00000000c0021320                ATA::detectCHS()
                0x00000000c002134c                ATA::open(int, int, void*)
 *fill*         0x00000000c0021419        0x1 
 .text          0x00000000c002141a      0x5a8 hw/diskphys/atapi.32
                0x00000000c002141a                ATAPI::write(unsigned long long, int, void*)
                0x00000000c0021420                ATAPI::close(int, int, void*)
                0x00000000c0021444                ATAPI::ATAPI()
                0x00000000c0021444                ATAPI::ATAPI()
                0x00000000c0021472                ATAPI::readyForCommand()
                0x00000000c00214c2                ATAPI::sendPacket(unsigned char*, int, bool, unsigned short*, int)
                0x00000000c002177e                ATAPI::diskRemoved()
                0x00000000c002179a                ATAPI::eject()
                0x00000000c00217e0                ATAPI::diskInserted()
                0x00000000c002180e                ATAPI::detectMedia()
                0x00000000c00218ca                ATAPI::open(int, int, void*)
                0x00000000c002194a                ATAPI::read(unsigned long long, int, void*)
 .text          0x00000000c00219c2       0x8e hw/fpu/avx.32
                0x00000000c00219c2                AVX::open(int, int, void*)
                0x00000000c00219d4                AVX::close(int, int, void*)
                0x00000000c00219e6                AVX::available()
                0x00000000c00219f8                AVX::save(void*)
                0x00000000c0021a10                AVX::load(void*)
                0x00000000c0021a28                AVX::AVX()
                0x00000000c0021a28                AVX::AVX()
 .text          0x00000000c0021a50       0x90 hw/fpu/mmx.32
                0x00000000c0021a50                MMX::available()
                0x00000000c0021a64                MMX::open(int, int, void*)
                0x00000000c0021a76                MMX::close(int, int, void*)
                0x00000000c0021a88                MMX::save(void*)
                0x00000000c0021aa0                MMX::load(void*)
                0x00000000c0021ab8                MMX::MMX()
                0x00000000c0021ab8                MMX::MMX()
 .text          0x00000000c0021ae0       0x96 hw/fpu/sse.32
                0x00000000c0021ae0                SSE::open(int, int, void*)
                0x00000000c0021af2                SSE::close(int, int, void*)
                0x00000000c0021b04                SSE::available()
                0x00000000c0021b1e                SSE::save(void*)
                0x00000000c0021b36                SSE::load(void*)
                0x00000000c0021b4e                SSE::SSE()
                0x00000000c0021b4e                SSE::SSE()
 .text          0x00000000c0021b76       0x8e hw/fpu/x87.32
                0x00000000c0021b76                x87::open(int, int, void*)
                0x00000000c0021b88                x87::close(int, int, void*)
                0x00000000c0021b9a                x87::available()
                0x00000000c0021bac                x87::save(void*)
                0x00000000c0021bc4                x87::load(void*)
                0x00000000c0021bdc                x87::x87()
                0x00000000c0021bdc                x87::x87()
 .text          0x00000000c0021c04      0x6fa hw/intctrl/apic.32
                0x00000000c0021c04                APIC::disable()
                0x00000000c0021c06                APIC::close(int, int, void*)
                0x00000000c0021c28                IOAPIC::close(int, int, void*)
                0x00000000c0021c2e                APIC::io_wait()
                0x00000000c0021c34                APIC::getBase()
                0x00000000c0021c76                APIC::eoi(unsigned char)
                0x00000000c0021ca4                APIC::open(int, int, void*)
                0x00000000c0021de6                IOAPIC::IOAPIC()
                0x00000000c0021de6                IOAPIC::IOAPIC()
                0x00000000c0021e0e                APIC::APIC()
                0x00000000c0021e0e                APIC::APIC()
                0x00000000c0021ede                IOAPIC::handlesGSIWithNumber(unsigned int)
                0x00000000c0021f10                IOAPIC::read(int)
                0x00000000c0021f38                IOAPIC::open(int, int, void*)
                0x00000000c0022022                IOAPIC::write(int, int)
                0x00000000c002204e                IOAPIC::redirect(unsigned char, unsigned long long, unsigned char, bool, bool)
                0x00000000c0022148                APIC::installIRQHandler(int, void (*)(regs*, void*), bool, void*)
 .text          0x00000000c00222fe      0x3e1 hw/intctrl/pic.32
                0x00000000c00222fe                PIC::disable()
                0x00000000c002232c                PIC::close(int, int, void*)
                0x00000000c002234e                PIC::PIC()
                0x00000000c002234e                PIC::PIC()
                0x00000000c0022424                PIC::ioWait()
                0x00000000c002242a                PIC::getIRQReg(int)
                0x00000000c0022494                PIC::eoi(unsigned char)
                0x00000000c0022528                PIC::remap()
                0x00000000c00226a0                PIC::open(int, int, void*)
 *fill*         0x00000000c00226df        0x1 
 .text          0x00000000c00226e0      0x24a hw/timer/apictimer.32
                0x00000000c00226e0                APICTimer::close(int, int, void*)
                0x00000000c00226e6                apicTimerHandler(regs*, void*)
                0x00000000c0022714                APICTimer::write(int)
                0x00000000c0022810                APICTimer::open(int, int, void*)
                0x00000000c0022902                APICTimer::APICTimer()
                0x00000000c0022902                APICTimer::APICTimer()
 .text          0x00000000c002292a      0x1a7 hw/timer/pit.32
                0x00000000c002292a                PIT::write(int)
                0x00000000c00229a8                pitHandler(regs*, void*)
                0x00000000c00229d4                PIT::open(int, int, void*)
                0x00000000c0022a22                PIT::close(int, int, void*)
                0x00000000c0022a52                PIT::PIT()
                0x00000000c0022a52                PIT::PIT()
 *fill*         0x00000000c0022ad1        0xf 
 .text          0x00000000c0022ae0        0xa hw/fpu/x86/avx.32
                0x00000000c0022ae0                avxDetect
                0x00000000c0022ae6                avxSave
                0x00000000c0022ae7                avxLoad
                0x00000000c0022ae8                avxInit
                0x00000000c0022ae9                avxClose
 *fill*         0x00000000c0022aea        0x6 
 .text          0x00000000c0022af0       0x38 hw/fpu/x86/sse.32
                0x00000000c0022af0                sseDetect
                0x00000000c0022b0b                sseSave
                0x00000000c0022b11                sseLoad
                0x00000000c0022b17                sseInit
                0x00000000c0022b27                sseClose
 *fill*         0x00000000c0022b28        0x8 
 .text          0x00000000c0022b30       0x47 hw/fpu/x86/x87.32
                0x00000000c0022b36                x87Detect
                0x00000000c0022b51                x87Save
                0x00000000c0022b57                x87Load
                0x00000000c0022b5c                x87Init
                0x00000000c0022b76                x87Close
 *fill*         0x00000000c0022b77        0x1 
 .text          0x00000000c0022b78       0x25 /cygdrive/d/Users/Alex/Desktop/Toolchain/Output/bin/../lib/gcc/i386-banana/8.1.0/crtend.o
 .text          0x00000000c0022b9d        0x0 crtn.32
 *fill*         0x00000000c0022b9d        0x3 
 .text          0x00000000c0022ba0      0x14b /cygdrive/d/Users/Alex/Desktop/Toolchain/Output/bin/../lib/gcc/i386-banana/8.1.0/libkgcc.a(_divdi3.o)
                0x00000000c0022ba0                __divdi3
 *fill*         0x00000000c0022ceb        0x1 
 .text          0x00000000c0022cec      0x17e /cygdrive/d/Users/Alex/Desktop/Toolchain/Output/bin/../lib/gcc/i386-banana/8.1.0/libkgcc.a(_moddi3.o)
                0x00000000c0022cec                __moddi3
 *fill*         0x00000000c0022e6a        0x2 
 .text          0x00000000c0022e6c       0xff /cygdrive/d/Users/Alex/Desktop/Toolchain/Output/bin/../lib/gcc/i386-banana/8.1.0/libkgcc.a(_udivdi3.o)
                0x00000000c0022e6c                __udivdi3
 *fill*         0x00000000c0022f6b        0x1 
 .text          0x00000000c0022f6c      0x11a /cygdrive/d/Users/Alex/Desktop/Toolchain/Output/bin/../lib/gcc/i386-banana/8.1.0/libkgcc.a(_umoddi3.o)
                0x00000000c0022f6c                __umoddi3
 .text          0x00000000c0023086      0x96d D:/Users/Alex/Desktop/Banana/kernel/libsoftfp.a(sfieeelib.o)
                0x00000000c0023086                __addsf3
                0x00000000c0023388                __subsf3
                0x00000000c002339c                __negsf2
                0x00000000c00233a9                __mulsf3
                0x00000000c002356c                __divsf3
                0x00000000c0023797                __floatsisf
                0x00000000c002380b                __floatunsisf
                0x00000000c002384d                __fixsfsi
                0x00000000c00238af                __fixunssfsi
                0x00000000c00238e0                __cmpsf2
                0x00000000c0023975                __eqsf2
                0x00000000c00239b0                __nesf2
                0x00000000c00239b2                __gtsf2
                0x00000000c00239ed                __gesf2
                0x00000000c00239ef                __ltsf2
                0x00000000c00239f1                __lesf2
 .text          0x00000000c00239f3      0xf50 D:/Users/Alex/Desktop/Banana/kernel/libsoftfp.a(dfieeelib.o)
                0x00000000c00239f3                __adddf3
                0x00000000c0024044                __subdf3
                0x00000000c002405f                __negdf2
                0x00000000c0024070                __muldf3
                0x00000000c0024354                __divdf3
                0x00000000c00246d3                __floatsidf
                0x00000000c002472e                __floatunsidf
                0x00000000c002476c                __fixdfsi
                0x00000000c00247d9                __fixunsdfsi
                0x00000000c0024815                __cmpdf2
                0x00000000c0024903                __eqdf2
                0x00000000c002491f                __nedf2
                0x00000000c0024921                __gtdf2
                0x00000000c002493d                __gedf2
                0x00000000c002493f                __ltdf2
                0x00000000c0024941                __ledf2
 .text          0x00000000c0024943      0x18d D:/Users/Alex/Desktop/Banana/kernel/libsoftfp.a(sfdfcvt.o)
                0x00000000c0024943                __truncdfsf2
                0x00000000c0024a67                __extendsfdf2
 .text          0x00000000c0024ad0       0x1e D:/Users/Alex/Desktop/Banana/kernel/libk/libm32.a(s_fabs.c.o)
                0x00000000c0024ad0                fabs
 *fill*         0x00000000c0024aee        0x2 
 .text          0x00000000c0024af0        0xc D:/Users/Alex/Desktop/Banana/kernel/libk/libm32.a(s_lrint.S.o)
                0x00000000c0024af0                lrint
 .text          0x00000000c0024afc        0xc D:/Users/Alex/Desktop/Banana/kernel/libk/libm32.a(s_lrintf.S.o)
                0x00000000c0024afc                lrintf
 *(.gnu.linkonce.t*)

.iplt           0x00000000c0024b08        0x0
 .iplt          0x00000000c0024b08        0x0 D:/Users/Alex/Desktop/Banana/kernel/boot.32

.init           0x00000000c0024b08        0xf
 .init          0x00000000c0024b08        0x3 crti.32
                0x00000000c0024b08                _init
 .init          0x00000000c0024b0b        0x5 /cygdrive/d/Users/Alex/Desktop/Toolchain/Output/bin/../lib/gcc/i386-banana/8.1.0/crtbegin.o
 .init          0x00000000c0024b10        0x5 /cygdrive/d/Users/Alex/Desktop/Toolchain/Output/bin/../lib/gcc/i386-banana/8.1.0/crtend.o
 .init          0x00000000c0024b15        0x2 crtn.32

.fini           0x00000000c0024b17        0xa
 .fini          0x00000000c0024b17        0x3 crti.32
                0x00000000c0024b17                _fini
 .fini          0x00000000c0024b1a        0x5 /cygdrive/d/Users/Alex/Desktop/Toolchain/Output/bin/../lib/gcc/i386-banana/8.1.0/crtbegin.o
 .fini          0x00000000c0024b1f        0x2 crtn.32

.text._ZN8ComputerD2Ev
                0x00000000c0024b22       0x23
 .text._ZN8ComputerD2Ev
                0x00000000c0024b22       0x23 core/computer.32
                0x00000000c0024b22                Computer::~Computer()
                0x00000000c0024b22                Computer::~Computer()

.text._ZN8ComputerD0Ev
                0x00000000c0024b46       0x2a
 .text._ZN8ComputerD0Ev
                0x00000000c0024b46       0x2a core/computer.32
                0x00000000c0024b46                Computer::~Computer()

.text._Z10idleCommonv
                0x00000000c0024b70       0x15
 .text._Z10idleCommonv
                0x00000000c0024b70       0x15 core/idle.32
                0x00000000c0024b70                idleCommon()

.text._ZN3CPU7readCR3Ev
                0x00000000c0024b85       0x12
 .text._ZN3CPU7readCR3Ev
                0x00000000c0024b85       0x12 core/kheap.32
                0x00000000c0024b85                CPU::readCR3()

.text._ZN3CPU8writeCR3Em
                0x00000000c0024b97        0x9
 .text._ZN3CPU8writeCR3Em
                0x00000000c0024b97        0x9 core/kheap.32
                0x00000000c0024b97                CPU::writeCR3(unsigned long)

.text._ZN10LinkedListI8UnixFileED2Ev
                0x00000000c0024ba0        0x2
 .text._ZN10LinkedListI8UnixFileED2Ev
                0x00000000c0024ba0        0x2 core/unixfile.32
                0x00000000c0024ba0                LinkedList<UnixFile>::~LinkedList()
                0x00000000c0024ba0                LinkedList<UnixFile>::~LinkedList()

.text._ZN10LinkedListI8UnixFileEC2Ev
                0x00000000c0024ba2       0x58
 .text._ZN10LinkedListI8UnixFileEC2Ev
                0x00000000c0024ba2       0x58 core/unixfile.32
                0x00000000c0024ba2                LinkedList<UnixFile>::LinkedList()
                0x00000000c0024ba2                LinkedList<UnixFile>::LinkedList()

.text._ZN10LinkedListI8UnixFileE10addElementEPS0_
                0x00000000c0024bfa       0xd3
 .text._ZN10LinkedListI8UnixFileE10addElementEPS0_
                0x00000000c0024bfa       0xd3 core/unixfile.32
                0x00000000c0024bfa                LinkedList<UnixFile>::addElement(UnixFile*)

.text._ZN10LinkedListI8UnixFileE15getFirstElementEv
                0x00000000c0024cce        0x7
 .text._ZN10LinkedListI8UnixFileE15getFirstElementEv
                0x00000000c0024cce        0x7 core/unixfile.32
                0x00000000c0024cce                LinkedList<UnixFile>::getFirstElement()

.text._ZN10LinkedListI8UnixFileE11removeFirstEv
                0x00000000c0024cd6       0xa1
 .text._ZN10LinkedListI8UnixFileE11removeFirstEv
                0x00000000c0024cd6       0xa1 core/unixfile.32
                0x00000000c0024cd6                LinkedList<UnixFile>::removeFirst()

.text._ZN10LinkedListI8UnixFileE7getNextEPS0_
                0x00000000c0024d78        0x8
 .text._ZN10LinkedListI8UnixFileE7getNextEPS0_
                0x00000000c0024d78        0x8 core/unixfile.32
                0x00000000c0024d78                LinkedList<UnixFile>::getNext(UnixFile*)

.text._ZN16DriverlessDeviceD2Ev
                0x00000000c0024d80       0x1a
 .text._ZN16DriverlessDeviceD2Ev
                0x00000000c0024d80       0x1a hal/device.32
                0x00000000c0024d80                DriverlessDevice::~DriverlessDevice()
                0x00000000c0024d80                DriverlessDevice::~DriverlessDevice()

.text._ZN16DriverlessDeviceD0Ev
                0x00000000c0024d9a       0x2a
 .text._ZN16DriverlessDeviceD0Ev
                0x00000000c0024d9a       0x2a hal/device.32
                0x00000000c0024d9a                DriverlessDevice::~DriverlessDevice()

.text._ZN10LinkedListI6DeviceE10addElementEPS0_
                0x00000000c0024dc4       0xdc
 .text._ZN10LinkedListI6DeviceE10addElementEPS0_
                0x00000000c0024dc4       0xdc hal/device.32
                0x00000000c0024dc4                LinkedList<Device>::addElement(Device*)

.text._ZN10LinkedListI6DeviceEC2Ev
                0x00000000c0024ea0       0x58
 .text._ZN10LinkedListI6DeviceEC2Ev
                0x00000000c0024ea0       0x58 hal/device.32
                0x00000000c0024ea0                LinkedList<Device>::LinkedList()
                0x00000000c0024ea0                LinkedList<Device>::LinkedList()

.text._ZN3CPU7readCR0Ev
                0x00000000c0024ef8       0x12
 .text._ZN3CPU7readCR0Ev
                0x00000000c0024ef8       0x12 hal/fpu.32
                0x00000000c0024ef8                CPU::readCR0()

.text._ZN3CPU8writeCR0Em
                0x00000000c0024f0a        0x9
 .text._ZN3CPU8writeCR0Em
                0x00000000c0024f0a        0x9 hal/fpu.32
                0x00000000c0024f0a                CPU::writeCR0(unsigned long)

.text._ZN3CPU7readDR0Ev
                0x00000000c0024f13       0x12
 .text._ZN3CPU7readDR0Ev
                0x00000000c0024f13       0x12 hal/intctrl.32
                0x00000000c0024f13                CPU::readDR0()

.text._ZN3CPU7readDR1Ev
                0x00000000c0024f25       0x12
 .text._ZN3CPU7readDR1Ev
                0x00000000c0024f25       0x12 hal/intctrl.32
                0x00000000c0024f25                CPU::readDR1()

.text._ZN3CPU7readDR2Ev
                0x00000000c0024f37       0x12
 .text._ZN3CPU7readDR2Ev
                0x00000000c0024f37       0x12 hal/intctrl.32
                0x00000000c0024f37                CPU::readDR2()

.text._ZN3CPU7readDR3Ev
                0x00000000c0024f49       0x12
 .text._ZN3CPU7readDR3Ev
                0x00000000c0024f49       0x12 hal/intctrl.32
                0x00000000c0024f49                CPU::readDR3()

.text._ZN3CPU7readDR6Ev
                0x00000000c0024f5b       0x12
 .text._ZN3CPU7readDR6Ev
                0x00000000c0024f5b       0x12 hal/intctrl.32
                0x00000000c0024f5b                CPU::readDR6()

.text._ZN3CPU7readDR7Ev
                0x00000000c0024f6d       0x12
 .text._ZN3CPU7readDR7Ev
                0x00000000c0024f6d       0x12 hal/intctrl.32
                0x00000000c0024f6d                CPU::readDR7()

.text._ZN10LinkedListIV18ThreadControlBlockE15getFirstElementEv
                0x00000000c0024f80        0x7