Archive member included to satisfy reference by file (symbol)

/cygdrive/d/Users/Alex/Desktop/Toolchain/Output/bin/../lib/gcc/i386-banana/8.1.0/libkgcc.a(_divdi3.o)
                              fs/fat/ff.32 (__divdi3)
/cygdrive/d/Users/Alex/Desktop/Toolchain/Output/bin/../lib/gcc/i386-banana/8.1.0/libkgcc.a(_moddi3.o)
                              compat/resolve.32 (__moddi3)
/cygdrive/d/Users/Alex/Desktop/Toolchain/Output/bin/../lib/gcc/i386-banana/8.1.0/libkgcc.a(_udivdi3.o)
                              fs/fat/ff.32 (__udivdi3)
/cygdrive/d/Users/Alex/Desktop/Toolchain/Output/bin/../lib/gcc/i386-banana/8.1.0/libkgcc.a(_umoddi3.o)
                              compat/resolve.32 (__umoddi3)
D:/Users/Alex/Desktop/Banana/kernel/libsoftfp.a(sfieeelib.o)
                              hal/sound/sndhw.32 (__addsf3)
D:/Users/Alex/Desktop/Banana/kernel/libsoftfp.a(dfieeelib.o)
                              hal/libresample/src_linear.32 (__adddf3)
D:/Users/Alex/Desktop/Banana/kernel/libsoftfp.a(sfdfcvt.o)
                              hal/libresample/samplerate.32 (__truncdfsf2)
D:/Users/Alex/Desktop/Banana/kernel/libk/libm32.a(s_fabs.c.o)
                              hal/libresample/samplerate.32 (fabs)
D:/Users/Alex/Desktop/Banana/kernel/libk/libm32.a(s_lrint.S.o)
                              hal/libresample/samplerate.32 (lrint)
D:/Users/Alex/Desktop/Banana/kernel/libk/libm32.a(s_lrintf.S.o)
                              hal/sound/sndhw.32 (lrintf)

Discarded input sections

 .comment       0x0000000000000000       0x12 /cygdrive/d/Users/Alex/Desktop/Toolchain/Output/bin/../lib/gcc/i386-banana/8.1.0/crtbegin.o
 .comment       0x0000000000000000       0x12 acpica/utclib.32
 .comment       0x0000000000000000       0x12 core/malloc.32
 .comment       0x0000000000000000       0x12 libk/string.32
 .comment       0x0000000000000000       0x12 fs/fat/diskio.32
 .comment       0x0000000000000000       0x12 fs/fat/ff.32
 .comment       0x0000000000000000       0x12 fs/fat/ffsystem.32
 .comment       0x0000000000000000       0x12 fs/fat/ffunicode.32
 .comment       0x0000000000000000       0x12 hal/libresample/samplerate.32
 .comment       0x0000000000000000       0x12 hal/libresample/src_linear.32
 .comment       0x0000000000000000       0x12 hal/libresample/src_sinc.32
 .comment       0x0000000000000000       0x12 hal/libresample/src_zoh.32
 .comment       0x0000000000000000       0x12 compat/inlines.32
 .comment       0x0000000000000000       0x12 compat/resolve.32
 .group         0x0000000000000000       0x14 core/computer.32
 .group         0x0000000000000000        0xc core/computer.32
 .comment       0x0000000000000000       0x12 core/computer.32
 .comment       0x0000000000000000       0x12 core/gdt.32
 .group         0x0000000000000000        0xc core/idle.32
 .comment       0x0000000000000000       0x12 core/idle.32
 .comment       0x0000000000000000       0x12 core/idt.32
 .comment       0x0000000000000000       0x12 core/kheap.32
 .comment       0x0000000000000000       0x12 core/main.32
 .comment       0x0000000000000000       0x12 core/physmgr.32
 .group         0x0000000000000000        0xc core/pipe.32
 .comment       0x0000000000000000       0x12 core/pipe.32
 .group         0x0000000000000000        0xc core/terminal.32
 .comment       0x0000000000000000       0x12 core/terminal.32
 .comment       0x0000000000000000       0x12 core/tss.32
 .group         0x0000000000000000        0x8 core/unixfile.32
 .group         0x0000000000000000        0xc core/unixfile.32
 .group         0x0000000000000000        0xc core/unixfile.32
 .group         0x0000000000000000        0x8 core/unixfile.32
 .group         0x0000000000000000        0xc core/unixfile.32
 .group         0x0000000000000000        0x8 core/unixfile.32
 .group         0x0000000000000000        0xc core/unixfile.32
 .group         0x0000000000000000        0xc core/unixfile.32
 .comment       0x0000000000000000       0x12 core/unixfile.32
 .comment       0x0000000000000000       0x12 core/virtmgr.32
 .comment       0x0000000000000000       0x12 coreobjs/c++.32
 .comment       0x0000000000000000       0x12 dbg/kconsole.32
 .group         0x0000000000000000        0xc fs/vfs.32
 .group         0x0000000000000000        0xc fs/vfs.32
 .group         0x0000000000000000        0xc fs/vfs.32
 .comment       0x0000000000000000       0x12 fs/vfs.32
 .group         0x0000000000000000        0xc hal/bus.32
 .comment       0x0000000000000000       0x12 hal/bus.32
 .group         0x0000000000000000        0xc hal/buzzer.32
 .comment       0x0000000000000000       0x12 hal/buzzer.32
 .group         0x0000000000000000        0xc hal/clock.32
 .comment       0x0000000000000000       0x12 hal/clock.32
 .group         0x0000000000000000       0x14 hal/device.32
 .group         0x0000000000000000        0xc hal/device.32
 .group         0x0000000000000000        0xc hal/device.32
 .group         0x0000000000000000        0xc hal/device.32
[...]
Memory Configuration

Name             Origin             Length             Attributes
*default*        0x0000000000000000 0xffffffffffffffff

Linker script and memory map

LOAD D:/Users/Alex/Desktop/Banana/kernel/boot.32
LOAD crti.32
LOAD /cygdrive/d/Users/Alex/Desktop/Toolchain/Output/bin/../lib/gcc/i386-banana/8.1.0/crtbegin.o
LOAD D:/Users/Alex/Desktop/Banana/kernel/morenasm.32
LOAD acpica/utclib.32
LOAD core/malloc.32
LOAD libk/string.32
LOAD fs/fat/diskio.32
LOAD fs/fat/ff.32
LOAD fs/fat/ffsystem.32
LOAD fs/fat/ffunicode.32
LOAD hal/libresample/samplerate.32
LOAD hal/libresample/src_linear.32
LOAD hal/libresample/src_sinc.32
LOAD hal/libresample/src_zoh.32
LOAD compat/inlines.32
LOAD compat/resolve.32
LOAD core/computer.32
LOAD core/gdt.32
LOAD core/idle.32
LOAD core/idt.32
LOAD core/kheap.32
LOAD core/main.32
LOAD core/physmgr.32
LOAD core/pipe.32
LOAD core/terminal.32
LOAD core/tss.32
LOAD core/unixfile.32
LOAD core/virtmgr.32
LOAD coreobjs/c++.32
LOAD dbg/kconsole.32
LOAD fs/vfs.32
LOAD hal/bus.32
LOAD hal/buzzer.32
LOAD hal/clock.32
LOAD hal/device.32
LOAD hal/diskctrl.32
LOAD hal/diskphys.32
LOAD hal/fpu.32
LOAD hal/intctrl.32
LOAD hal/keybrd.32
LOAD hal/logidisk.32
LOAD hal/mouse.32
LOAD hal/partition.32
LOAD hal/serial.32
LOAD hal/timer.32
LOAD hal/vcache.32
LOAD hal/video.32
LOAD hw/acpi.32
LOAD hw/cpu.32
LOAD hw/ports.32
LOAD krnl/env.32
LOAD krnl/panic.32
LOAD net/ethernet.32
LOAD reg/registry.32
LOAD sys/sc_exit.32
LOAD sys/sc_getcwd.32
LOAD sys/sc_getpid.32
LOAD sys/sc_loaddll.32
LOAD sys/sc_read.32
LOAD sys/sc_sbrk.32
LOAD sys/sc_setcwd.32
LOAD sys/sc_settime.32
LOAD sys/sc_timezone.32
LOAD sys/sc_write.32
LOAD sys/sc_yield.32
LOAD sys/syscalls.32
LOAD thr/elf.32
LOAD thr/prcssthr.32
LOAD vm86/vm8086.32
LOAD vm86/x87em.32
LOAD fs/fat/vfslink.32
LOAD fs/iso9660/vfslink.32
LOAD hal/sound/sndchannel.32
LOAD hal/sound/sndhw.32
LOAD hw/bus/isa.32
LOAD hw/bus/pci.32
LOAD hw/diskctrl/ide.32
LOAD hw/diskctrl/satabus.32
LOAD hw/diskphys/ata.32
LOAD hw/diskphys/atapi.32
LOAD hw/diskphys/sata.32
LOAD hw/fpu/avx.32
LOAD hw/fpu/mmx.32
LOAD hw/fpu/sse.32
LOAD hw/fpu/x87.32
LOAD hw/intctrl/apic.32
LOAD hw/intctrl/pic.32
LOAD hw/timer/apictimer.32
LOAD hw/timer/pit.32
LOAD hw/fpu/x86/avx.32
LOAD hw/fpu/x86/sse.32
LOAD hw/fpu/x86/x87.32
LOAD /cygdrive/d/Users/Alex/Desktop/Toolchain/Output/bin/../lib/gcc/i386-banana/8.1.0/crtend.o
LOAD crtn.32
LOAD /cygdrive/d/Users/Alex/Desktop/Toolchain/Output/bin/../lib/gcc/i386-banana/8.1.0/libkgcc.a
LOAD D:/Users/Alex/Desktop/Banana/kernel/libsoftfp.a
LOAD D:/Users/Alex/Desktop/Banana/kernel/libk/libm32.a
                0x00000000c0000000                . = 0xc0000000

.text           0x00000000c0000000    0x27538
 *(.text)
 .text          0x00000000c0000000       0x41 D:/Users/Alex/Desktop/Banana/kernel/boot.32
                0x00000000c0000020                callGlobalConstructors
 .text          0x00000000c0000041        0x0 crti.32
 *fill*         0x00000000c0000041        0x3 
 .text          0x00000000c0000044      0x101 /cygdrive/d/Users/Alex/Desktop/Toolchain/Output/bin/../lib/gcc/i386-banana/8.1.0/crtbegin.o
 *fill*         0x00000000c0000145        0xb 
 .text          0x00000000c0000150      0x4ed D:/Users/Alex/Desktop/Banana/kernel/morenasm.32
                0x00000000c0000150                manualPCIProbe
                0x00000000c000019b                prepareTramp
                0x00000000c00001b4                voodooXADD
                0x00000000c000027f                doTPAUSE
                0x00000000c0000289                hasLegacyFPU
                0x00000000c00002ae                is486
                0x00000000c00002e4                detectCPUID
                0x00000000c00002fa                goToVM86
                0x00000000c000032a                goToUsermode
                0x00000000c0000354                switchToThreadASMFirstTime
                0x00000000c0000362                switchToThreadASM
                0x00000000c00003ea                asmQuickAcquireLock
                0x00000000c0000408                asmQuickReleaseLock
                0x00000000c0000414                asmAcquireLock
                0x00000000c0000435                asmReleaseLock
                0x00000000c0000448                loadGDT
                0x00000000c0000468                isr0
                0x00000000c0000478                isr1
                0x00000000c0000482                isr2
                0x00000000c000048c                isr3
                0x00000000c0000496                isr4
                0x00000000c00004a0                isr5
                0x00000000c00004aa                isr6
                0x00000000c00004b4                isr7
                0x00000000c00004be                isr8
                0x00000000c00004c6                isr9
                0x00000000c00004d0                isr10
                0x00000000c00004d8                isr11
                0x00000000c00004e0                isr12
                0x00000000c00004e8                isr13
                0x00000000c00004f0                isr14
                0x00000000c00004f8                isr15
                0x00000000c0000502                isr16
                0x00000000c000050c                isr17
                0x00000000c0000516                isr18
                0x00000000c0000520                irq3
                0x00000000c000052a                irq4
                0x00000000c0000534                irq5
                0x00000000c000053e                irq6
                0x00000000c0000548                irq7
                0x00000000c0000552                irq8
                0x00000000c000055c                irq9
                0x00000000c0000566                irq10
                0x00000000c0000570                irq11
                0x00000000c000057a                irq12
                0x00000000c0000584                irq13
                0x00000000c000058e                irq14
                0x00000000c0000598                irq15
                0x00000000c00005a2                irq1
                0x00000000c00005a9                irq2
                0x00000000c00005b0                isr96
                0x00000000c00005b7                irq0
                0x00000000c00005bc                int_common_stub
                0x00000000c00005bc                syscall_common_stub
                0x00000000c00005ed                irq16
                0x00000000c00005f7                irq17
                0x00000000c0000601                irq18
                0x00000000c000060b                irq19
                0x00000000c0000615                irq20
                0x00000000c000061f                irq21
                0x00000000c0000629                irq22
                0x00000000c0000633                irq23
 .text          0x00000000c000063d      0x3fd acpica/utclib.32
                0x00000000c000063d                memcmp
                0x00000000c0000668                memmove
                0x00000000c00006a0                memcpy
                0x00000000c00006c4                memset
                0x00000000c00006e1                strlen
                0x00000000c00006f1                strpbrk
                0x00000000c0000714                strtok
                0x00000000c0000763                strcpy
                0x00000000c0000783                strncpy
                0x00000000c00007b4                strcmp
                0x00000000c00007d5                strchr
                0x00000000c00007eb                strncmp
                0x00000000c000081a                strcat
                0x00000000c0000841                strncat
                0x00000000c000087b                strstr
                0x00000000c00008b8                toupper
                0x00000000c00008cc                tolower
                0x00000000c00008e0                simple_strtoul
 .text          0x00000000c0000a3a      0xfbf core/malloc.32
                0x00000000c0000ba5                dlfree
                0x00000000c0000f00                dlmalloc
                0x00000000c000143d                dlrealloc
                0x00000000c00015f2                dlmemalign
                0x00000000c0001715                dlcalloc
                0x00000000c00017af                dlcfree
                0x00000000c00017b4                dlindependent_calloc
                0x00000000c00017d9                dlindependent_comalloc
                0x00000000c00017f0                dlvalloc
                0x00000000c000181b                dlpvalloc
                0x00000000c0001851                dlmalloc_trim
                0x00000000c000185e                dlmalloc_usable_size
                0x00000000c000188f                dlmallinfo
                0x00000000c000195e                dlmalloc_stats
                0x00000000c000196f                dlmallopt
 .text          0x00000000c00019f9        0x0 libk/string.32
 .text          0x00000000c00019f9       0x51 fs/fat/diskio.32
                0x00000000c00019f9                disk_status
                0x00000000c00019fc                disk_initialize
                0x00000000c00019ff                disk_read
                0x00000000c0001a15                disk_write
                0x00000000c0001a2b                disk_ioctl
 .text          0x00000000c0001a4a     0x6833 fs/fat/ff.32
                0x00000000c0004d18                f_mount
                0x00000000c0004d7a                f_open
                0x00000000c00051b6                f_read
                0x00000000c0005436                f_write
                0x00000000c00056f0                f_sync
                0x00000000c00058cc                f_close
                0x00000000c00058fb                f_lseek
                0x00000000c0005db2                f_opendir
                0x00000000c0005eb4                f_closedir
                0x00000000c0005ed6                f_readdir
                0x00000000c0005f71                f_stat
                0x00000000c0006000                f_getfree
                0x00000000c00061cb                f_truncate
                0x00000000c00062c3                f_unlink
                0x00000000c0006446                f_mkdir
                0x00000000c0006672                f_rename
                0x00000000c0006965                f_chmod
                0x00000000c0006a43                f_utime
                0x00000000c0006b21                f_getlabel
                0x00000000c0006d0f                f_setlabel
                0x00000000c0006f7c                f_forward
                0x00000000c000715a                f_mkfs
 .text          0x00000000c000827d       0x2d fs/fat/ffsystem.32
                0x00000000c000827d                ff_memalloc
                0x00000000c0008293                ff_memfree
 .text          0x00000000c00082aa      0x253 fs/fat/ffunicode.32
                0x00000000c00082aa                ff_uni2oem
                0x00000000c000833a                ff_oem2uni
                0x00000000c00083a6                ff_wtoupper
 .text          0x00000000c00084fd      0x8fb hal/libresample/samplerate.32
                0x00000000c0008541                src_delete
                0x00000000c000857d                src_process
                0x00000000c0008733                src_callback_read
                0x00000000c00088b0                src_set_ratio
                0x00000000c000891a                src_get_channels
                0x00000000c000893c                src_reset
                0x00000000c0008988                src_new
                0x00000000c0008a16                src_callback_new
                0x00000000c0008a78                src_get_name
                0x00000000c0008aaf                src_get_description
                0x00000000c0008ae6                src_get_version
                0x00000000c0008aec                src_is_valid_ratio
                0x00000000c0008b40                src_error
                0x00000000c0008b4e                src_strerror
                0x00000000c0008b61                src_simple
                0x00000000c0008bb4                src_short_to_float_array
                0x00000000c0008c19                src_float_to_short_array
                0x00000000c0008cd8                src_int_to_float_array
                0x00000000c0008d3b                src_float_to_int_array
 .text          0x00000000c0008df8      0x8cb hal/libresample/src_linear.32
                0x00000000c000961e                linear_get_name
                0x00000000c000962d                linear_get_description
                0x00000000c000963c                linear_set_converter
 .text          0x00000000c00096c3     0x447c hal/libresample/src_sinc.32
                0x00000000c000da56                sinc_get_name
                0x00000000c000da69                sinc_get_description
                0x00000000c000da7c                sinc_set_converter
 .text          0x00000000c000db3f      0x77c hal/libresample/src_zoh.32
                0x00000000c000e216                zoh_get_name
                0x00000000c000e225                zoh_get_description
                0x00000000c000e234                zoh_set_converter
 .text          0x00000000c000e2bb       0x23 compat/inlines.32
                0x00000000c000e2bb                CPU::current()
                0x00000000c000e2c8                operator new(unsigned long)
 .text          0x00000000c000e2de      0x111 compat/resolve.32
                0x00000000c000e2de                Krnl::resolveCompatibilitySymbol(char*)
 *fill*         0x00000000c000e3ef        0x1 
 .text          0x00000000c000e3f0      0xa47 core/computer.32
                0x00000000c000e3f0                Computer::close(int, int, void*)
                0x00000000c000e434                Krnl::firstTask()
                0x00000000c000e51e                Computer::Computer()
                0x00000000c000e51e                Computer::Computer()
                0x00000000c000e67a                Computer::setBootMessage(char const*)
                0x00000000c000e67c                Computer::detectFeatures()
                0x00000000c000e886                Computer::displayFeatures()
                0x00000000c000ebcc                Computer::rdmsr(unsigned int)
                0x00000000c000ebf8                Computer::wrmsr(unsigned int, unsigned long long)
                0x00000000c000ec30                Computer::nmiEnabled()
                0x00000000c000ec3c                Computer::readCMOS(unsigned char)
                0x00000000c000ec56                Computer::enableNMI(bool)
                0x00000000c000ec6e                Computer::open(int, int, void*)
                0x00000000c000ed7a                Computer::disableNMI()
                0x00000000c000ed88                Computer::writeCMOS(unsigned char, unsigned char)
                0x00000000c000eda6                Computer::handleNMI()
                0x00000000c000ee0c                Computer::setDiskActivityLight(int, bool)
 *fill*         0x00000000c000ee37        0x1 
 .text          0x00000000c000ee38      0x1b7 core/gdt.32
                0x00000000c000ee38                GDTEntry::setBase(unsigned int)
                0x00000000c000ee54                GDTEntry::setLimit(unsigned int)
                0x00000000c000ee72                GDT::GDT()
                0x00000000c000ee72                GDT::GDT()
                0x00000000c000ee88                GDT::addEntry(GDTEntry)
                0x00000000c000eec4                GDT::getNumberOfEntries()
                0x00000000c000eecc                GDT::flush()
                0x00000000c000eeee                GDT::setup()
 .text          0x00000000c000efef       0x62 core/idle.32
                0x00000000c000efef                idleFunction(void*)
 *fill*         0x00000000c000f051        0x1 
 .text          0x00000000c000f052      0x45f core/idt.32
                0x00000000c000f052                IDTEntry::IDTEntry(bool)
                0x00000000c000f052                IDTEntry::IDTEntry(bool)
                0x00000000c000f0c0                IDTEntry::setOffset(unsigned int)
                0x00000000c000f0d4                IDT::IDT()
                0x00000000c000f0d4                IDT::IDT()
                0x00000000c000f0d6                IDT::getPointerToInvalidOpcodeEntryForF00F()
                0x00000000c000f0de                IDT::addEntry(IDTEntry, int)
                0x00000000c000f0f8                IDT::addEntry(int, void (*)(), bool)
                0x00000000c000f130                IDT::flush()
                0x00000000c000f14a                IDT::setup()
 .text          0x00000000c000f4b1      0x203 core/kheap.32
                0x00000000c000f4b1                sbrk
                0x00000000c000f5bf                mmap
                0x00000000c000f5d5                munmap
                0x00000000c000f5eb                liballoc_lock()
                0x00000000c000f5fc                liballoc_unlock()
                0x00000000c000f60d                liballoc_alloc(int)
                0x00000000c000f628                liballoc_free(void*, int)
                0x00000000c000f646                realloc
                0x00000000c000f65a                malloc
                0x00000000c000f66a                free
                0x00000000c000f67a                rfree
                0x00000000c000f68a                calloc
 .text          0x00000000c000f6b4      0x480 core/main.32
                0x00000000c000f6b4                hwTextMode_loadInData(VgaText*)
                0x00000000c000f6ff                hwTextMode_loadInTitle(VgaText*, char*)
                0x00000000c000f77d                hwTextMode_showCursor(VgaText*, bool)
                0x00000000c000f7db                hwTextMode_update(VgaText*)
                0x00000000c000f7dc                hwTextMode_updateCursor(VgaText*)
                0x00000000c000f82d                hwTextMode_disableBlink(VgaText*, bool)
                0x00000000c000f873                hwTextMode_scrollScreen(VgaText*)
                0x00000000c000f920                hwTextMode_writeCharacter(VgaText*, char, VgaColour, VgaColour, int, int)
                0x00000000c000f9a2                setupTextMode()
                0x00000000c000fa12                kernel_main
 .text          0x00000000c000fb34      0x54d core/physmgr.32
                0x00000000c000fb34                Phys::allocateDMA(unsigned long)
                0x00000000c000fbd7                Phys::freeDMA(unsigned long, unsigned long)
                0x00000000c000fc1f                Phys::setPageState(unsigned long, bool)
                0x00000000c000fc51                Phys::getPageState(unsigned long)
                0x00000000c000fc6d                Phys::freePage(unsigned long)
                0x00000000c000fcf7                Phys::allocatePage()
                0x00000000c000fdbf                Phys::allocateContiguousPages(int)
                0x00000000c000fe19                Phys::allowSegmentToBeUsed(unsigned long, unsigned long)
                0x00000000c000fe51                Phys::physicalMemorySetup(unsigned int)
 *fill*         0x00000000c0010081        0x1 
 .text          0x00000000c0010082      0x273 core/pipe.32
                0x00000000c0010082                Pipe::isAtty()
                0x00000000c0010086                Pipe::~Pipe()
                0x00000000c0010086                Pipe::~Pipe()
                0x00000000c00100aa                Pipe::~Pipe()
                0x00000000c00100d2                Pipe::read(unsigned long long, void*, int*)
                0x00000000c00101c6                Pipe::write(unsigned long long, void*, int*)
                0x00000000c001028e                Pipe::Pipe(int)
                0x00000000c001028e                Pipe::Pipe(int)
 *fill*         0x00000000c00102f5        0x1 
 .text          0x00000000c00102f6      0xf73 core/terminal.32
                0x00000000c00102f6                VgaText::isAtty()
                0x00000000c00102fa                VgaText::~VgaText()
                0x00000000c00102fa                VgaText::~VgaText()
                0x00000000c001031e                VgaText::~VgaText()
                0x00000000c0010348                VgaText::read(unsigned long long, void*, int*)
                0x00000000c0010368                setTerminalScrollLock(bool)
                0x00000000c0010369                addToTerminalCycle(VgaText*)
                0x00000000c0010396                installVgaTextImplementation()
                0x00000000c00103ab                scrollTerminalScrollLock(int)
                0x00000000c00103ac                VgaText::load()
                0x00000000c0010400                VgaText::updateCursor()
                0x00000000c001041a                VgaText::showCursor(bool)
                0x00000000c001042a                VgaText::disableBlink(bool)
                0x00000000c0010464                VgaText::doANSI_SGR(int)
                0x00000000c00104f0                VgaText::setDefaultBgColour(VgaColour)
                0x00000000c0010506                VgaText::setDefaultFgColour(VgaColour)
                0x00000000c001051c                VgaText::setDefaultColours(VgaColour, VgaColour)
                0x00000000c001053c                VgaText::combineColours(unsigned char, unsigned char)
                0x00000000c001054e                VgaText::scrollScreen()
                0x00000000c00105e2                VgaText::combineCharAndColour(char, unsigned char)
                0x00000000c00105f4                VgaText::writeCharacter(char, VgaColour, VgaColour, int, int)
                0x00000000c0010654                VgaText::getCursorX()
                0x00000000c0010660                VgaText::getCursorY()
                0x00000000c001066c                VgaText::setCursor(int, int)
                0x00000000c001068a                VgaText::setCursorX(int)
                0x00000000c00106a6                VgaText::setCursorY(int)
                0x00000000c00106c2                VgaText::incrementCursor(bool)
                0x00000000c001072a                VgaText::updateRAMUsageDisplay(int)
                0x00000000c001078e                VgaText::updateDiskUsage()
                0x00000000c00108f8                VgaText::updateTitle()
                0x00000000c001093e                VgaText::setTitleTextColour(VgaColour)
                0x00000000c001094e                VgaText::setTitleColour(VgaColour)
                0x00000000c001095e                VgaText::setTitle(char*)
                0x00000000c0010984                VgaText::decrementCursor(bool)
                0x00000000c00109ac                VgaText::putchar(char, VgaColour, VgaColour)
                0x00000000c0010aa8                VgaText::isShowingCursor()
                0x00000000c0010ab4                VgaText::isBlinkDisabled()
                0x00000000c0010ac2                VgaText::setCursorHeight(int)
                0x00000000c0010ae0                VgaText::getCursorHeight()
                0x00000000c0010aeb                setActiveTerminal(VgaText*)
                0x00000000c0010b9d                doTerminalCycle()
                0x00000000c0010bba                VgaText::doUpdate()
                0x00000000c0010bcc                VgaText::puts(char const*, VgaColour, VgaColour)
                0x00000000c0010d8c                VgaText::clearScreen()
                0x00000000c0010df0                VgaText::putchar(char)
                0x00000000c0010f0a                VgaText::puts(char const*)
                0x00000000c0010f30                VgaText::putx(unsigned int)
                0x00000000c0010f76                VgaText::VgaText(char const*)
                0x00000000c0010f76                VgaText::VgaText(char const*)
                0x00000000c0011108                VgaText::receiveKey(unsigned char)
                0x00000000c00111f0                VgaText::write(unsigned long long, void*, int*)
                0x00000000c0011244                newTerminal(char*)
 *fill*         0x00000000c0011269        0x1 
 .text          0x00000000c001126a      0x1b3 core/tss.32
                0x00000000c001126a                TSS::TSS()
                0x00000000c001126a                TSS::TSS()
                0x00000000c0011278                TSS::setESP(unsigned long)
                0x00000000c001128a                TSS::flush()
                0x00000000c00112aa                TSS::setup(unsigned long, unsigned long)
 *fill*         0x00000000c001141d        0x1 
 .text          0x00000000c001141e      0x4c2 core/unixfile.32
                0x00000000c001141e                ReservedFilename::read(unsigned long long, void*, int*)
                0x00000000c0011474                ReservedFilename::isAtty()
                0x00000000c0011490                ReservedFilename::write(unsigned long long, void*, int*)
                0x00000000c00114ee                UnixFile::getFileDescriptor()
                0x00000000c00114f6                UnixFile::UnixFile(int)
                0x00000000c00114f6                UnixFile::UnixFile(int)
                0x00000000c00116a6                ReservedFilename::ReservedFilename(int)
                0x00000000c00116a6                ReservedFilename::ReservedFilename(int)
                0x00000000c00116d8                UnixFile::~UnixFile()
                0x00000000c00116d8                UnixFile::~UnixFile()
                0x00000000c0011770                UnixFile::~UnixFile()
                0x00000000c0011798                ReservedFilename::~ReservedFilename()
                0x00000000c0011798                ReservedFilename::~ReservedFilename()
                0x00000000c00117bc                ReservedFilename::~ReservedFilename()
                0x00000000c00117e3                getFromFileDescriptor(int)
 .text          0x00000000c00118e0      0xee3 core/virtmgr.32
                0x00000000c00118e0                Virt::setPageState(unsigned long, Virt::VirtPageState)
                0x00000000c0011915                Virt::getPageState(unsigned long)
                0x00000000c0011939                Virt::allocateKernelVirtualPages(int)
                0x00000000c0011a4a                Virt::virtualMemorySetup()
                0x00000000c0011ac9                Virt::getAKernelVAS()
                0x00000000c0011acf                Virt::setupPageSwapping(int)
                0x00000000c0011bfe                VAS::VAS()
                0x00000000c0011bfe                VAS::VAS()
                0x00000000c0011c2e                VAS::VAS(VAS*)
                0x00000000c0011c2e                VAS::VAS(VAS*)
                0x00000000c0011c52                VAS::getForeignPageTableEntry(bool, unsigned long)
                0x00000000c0011c7e                VAS::getPageTableEntry(unsigned long)
                0x00000000c0011c9d                Virt::freeKernelVirtualPages(unsigned long)
                0x00000000c0011dc0                VAS::freeAllocatedPages(unsigned long)
                0x00000000c0011de4                VAS::virtualToPhysical(unsigned long)
                0x00000000c0011dfc                VAS::reflagRange(unsigned long, int, int, int)
                0x00000000c0011e3c                VAS::setToWriteCombining(unsigned long, int)
                0x00000000c0011e6e                VAS::mapOtherVASIn(bool, VAS*)
                0x00000000c0011e98                VAS::~VAS()
                0x00000000c0011e98                VAS::~VAS()
                0x00000000c0012004                VAS::mapPage(unsigned long, unsigned long, int)
                0x00000000c0012104                VAS::allocatePages(int, int)
                0x00000000c00122dc                VAS::setCPUSpecific(unsigned long)
                0x00000000c00122f8                VAS::mapRange(unsigned long, unsigned long, int, int)
                0x00000000c00123be                VAS::mapForeignPage(bool, VAS*, unsigned long, unsigned long, int)
                0x00000000c00124ac                VAS::VAS(bool)
                0x00000000c00124ac                VAS::VAS(bool)
                0x00000000c0012707                mapVASFirstTime
 .text          0x00000000c00127c3       0x95 coreobjs/c++.32
                0x00000000c00127c3                __cxa_atexit
                0x00000000c00127c6                __cxa_finalize
                0x00000000c00127c7                __stack_chk_fail
                0x00000000c0012833                __cxa_pure_virtual
                0x00000000c0012844                operator new[](unsigned long)
                0x00000000c0012849                operator delete(void*, unsigned long)
                0x00000000c001284e                operator delete[](void*)
                0x00000000c0012853                operator delete[](void*, unsigned long)
 .text          0x00000000c0012858      0x1ef dbg/kconsole.32
                0x00000000c0012858                Dbg::stringifyxWithBase(unsigned int, char*, int)
                0x00000000c00128b9                Dbg::logc(char)
                0x00000000c00128d0                Dbg::logs(char*)
                0x00000000c00128ed                Dbg::logWriteInt(unsigned int)
                0x00000000c001290a                Dbg::logWriteIntBase(unsigned int, int)
                0x00000000c0012929                Dbg::kprintf(char const*, ...)
 *fill*         0x00000000c0012a47        0x1 
 .text          0x00000000c0012a48      0xb7c fs/vfs.32
                0x00000000c0012a48                File::read(unsigned long long, void*, int*)
                0x00000000c0012aa0                File::write(unsigned long long, void*, int*)
                0x00000000c0012af8                Directory::read(unsigned long long, void*, int*)
                0x00000000c0012b50                Directory::write(unsigned long long, void*, int*)
                0x00000000c0012b7e                File::isAtty()
                0x00000000c0012b82                Directory::isAtty()
                0x00000000c0012b86                Filesystem::getlabel(LogicalDisk*, int, char*, unsigned int*)
                0x00000000c0012b8c                Filesystem::setlabel(LogicalDisk*, int, char*)
                0x00000000c0012b92                File::~File()
                0x00000000c0012b92                File::~File()
                0x00000000c0012bb6                File::~File()
                0x00000000c0012be0                Directory::~Directory()
                0x00000000c0012be0                Directory::~Directory()
                0x00000000c0012c04                Directory::~Directory()
                0x00000000c0012c2e                Filesystem::Filesystem()
                0x00000000c0012c2e                Filesystem::Filesystem()
                0x00000000c0012c52                Filesystem::~Filesystem()
                0x00000000c0012c52                Filesystem::~Filesystem()
                0x00000000c0012c60                Filesystem::~Filesystem()
                0x00000000c0012c84                Fs::getcwd(Process*, char*, int)
                0x00000000c0012cae                Fs::initVFS()
                0x00000000c0012cd8                Fs::standardiseFiles(char*, char const*, char const*)
                0x00000000c0012e82                File::File(char const*, Process*)
                0x00000000c0012e82                File::File(char const*, Process*)
                0x00000000c0012ee6                File::open(FileOpenMode)
                0x00000000c0012f44                File::close()
                0x00000000c0012fa4                File::seek(unsigned long long)
                0x00000000c0012ffa                File::tell(unsigned long long*)
                0x00000000c001304a                File::rewind()
                0x00000000c001305e                File::unlink()
                0x00000000c00130aa                File::rename(char const*)
                0x00000000c00130f8                File::chfatattr(unsigned char, unsigned char)
                0x00000000c0013154                File::exists()
                0x00000000c0013192                File::stat(unsigned long long*, bool*)
                0x00000000c00131f3                Fs::setcwd(Process*, char*)
                0x00000000c001332e                Directory::Directory(char const*, Process*)
                0x00000000c001332e                Directory::Directory(char const*, Process*)
                0x00000000c0013392                Directory::open()
                0x00000000c00133ee                Directory::close()
                0x00000000c001344e                Directory::unlink()
                0x00000000c001349a                Directory::rename(char const*)
                0x00000000c00134e8                Directory::exists()
                0x00000000c0013526                Directory::read(dirent*)
                0x00000000c0013572                Directory::create()
                0x00000000c00135be                Filesystem::chfatattr(char const*, unsigned char, unsigned char)
 .text          0x00000000c00135c4       0x84 hal/bus.32
                0x00000000c00135c4                Bus::Bus(char const*)
                0x00000000c00135c4                Bus::Bus(char const*)
                0x00000000c00135fa                Bus::~Bus()
                0x00000000c00135fa                Bus::~Bus()
                0x00000000c001361e                Bus::~Bus()
 .text          0x00000000c0013648      0x14e hal/buzzer.32
                0x00000000c0013648                Buzzer::Buzzer(char const*)
                0x00000000c0013648                Buzzer::Buzzer(char const*)
                0x00000000c001368c                Buzzer::~Buzzer()
                0x00000000c001368c                Buzzer::~Buzzer()
                0x00000000c00136b0                Buzzer::~Buzzer()
                0x00000000c00136da                Buzzer::stop()
                0x00000000c00136ed                beepThread(void*)
                0x00000000c0013728                Buzzer::beep(int, int, bool)
 .text          0x00000000c0013796      0x467 hal/clock.32
                0x00000000c0013796                User::loadClockSettings(int)
                0x00000000c00137e8                Clock::Clock(char const*)
                0x00000000c00137e8                Clock::Clock(char const*)
                0x00000000c001381e                Clock::~Clock()
                0x00000000c001381e                Clock::~Clock()
                0x00000000c0013842                Clock::~Clock()
                0x00000000c001386c                Clock::timeInSecondsLocal()
                0x00000000c00138b4                Clock::setTimeInSecondsLocal(unsigned long long)
                0x00000000c001390d                datetimeToSeconds(datetime_t)
                0x00000000c0013a34                Clock::setTimeInDatetimeLocal(datetime_t)
                0x00000000c0013a94                secondsToDatetime(unsigned long long)
                0x00000000c0013bd8                Clock::timeInDatetimeLocal()
 *fill*         0x00000000c0013bfd        0x1 
 .text          0x00000000c0013bfe      0x4de hal/device.32
                0x00000000c0013bfe                Device::hibernate()
                0x00000000c0013c00                Device::wake()
                0x00000000c0013c02                Device::detect()
                0x00000000c0013c04                Device::disableLegacy()
                0x00000000c0013c06                Device::powerSaving(PowerSavingLevel)
                0x00000000c0013c08                DriverlessDevice::close(int, int, void*)
                0x00000000c0013c0c                DriverlessDevice::detect()
                0x00000000c0013c0e                DriverlessDevice::open(int, int, void*)
                0x00000000c0013c22                Device::~Device()
                0x00000000c0013c22                Device::~Device()
                0x00000000c0013c30                Device::~Device()
                0x00000000c0013c58                Device::findAndLoadDriver()
                0x00000000c0013c5a                Device::preOpenPCI(PCIDeviceInfo)
                0x00000000c0013c80                Device::preOpenACPI(void*, char*, char*)
                0x00000000c0013cd4                Device::addIRQHandler(int, void (*)(regs*, void*), bool, void*)
                0x00000000c0013d12                Device::removeIRQHandler(int, void (*)(regs*, void*), bool)
                0x00000000c0013d50                Device::addChild(Device*)
                0x00000000c0013d94                Device::removeAllChildren()
                0x00000000c0013dda                Device::hibernateAll()
                0x00000000c0013e0a                Device::wakeAll()
                0x00000000c0013e3a                Device::detectAll()
                0x00000000c0013e6a                Device::disableLegacyAll()
                0x00000000c0013e9a                Device::loadDriversForAll()
                0x00000000c0013ec6                Device::closeAll()
                0x00000000c0013efc                Device::powerSavingAll(PowerSavingLevel)
                0x00000000c0013f32                Device::setName(char const*)
                0x00000000c0013f40                Device::Device(char const*)
                0x00000000c0013f40                Device::Device(char const*)
                0x00000000c001403c                Device::getName()
                0x00000000c0014046                DriverlessDevice::DriverlessDevice(char const*)
                0x00000000c0014046                DriverlessDevice::DriverlessDevice(char const*)
                0x00000000c001406e                Device::addToLinkedList(LinkedList<Device>&, DeviceType)
                0x00000000c00140b2                getDevicesOfType(DeviceType)
 .text          0x00000000c00140dc       0x84 hal/diskctrl.32
                0x00000000c00140dc                HardDiskController::HardDiskController(char const*)
                0x00000000c00140dc                HardDiskController::HardDiskController(char const*)
                0x00000000c0014112                HardDiskController::~HardDiskController()
                0x00000000c0014112                HardDiskController::~HardDiskController()
                0x00000000c0014136                HardDiskController::~HardDiskController()
 .text          0x00000000c0014160       0xde hal/diskphys.32
                0x00000000c0014160                PhysicalDisk::PhysicalDisk(char const*, int)
                0x00000000c0014160                PhysicalDisk::PhysicalDisk(char const*, int)
                0x00000000c00141c8                PhysicalDisk::startCache()
                0x00000000c00141f0                PhysicalDisk::~PhysicalDisk()
                0x00000000c00141f0                PhysicalDisk::~PhysicalDisk()
                0x00000000c0014214                PhysicalDisk::~PhysicalDisk()
 .text          0x00000000c001423e      0x13b hal/fpu.32
                0x00000000c001423e                FPU::FPU(char const*)
                0x00000000c001423e                FPU::FPU(char const*)
                0x00000000c0014274                FPU::~FPU()
                0x00000000c0014274                FPU::~FPU()
                0x00000000c0014298                FPU::~FPU()
                0x00000000c00142c2                setupFPU()
 *fill*         0x00000000c0014379        0x1 
 .text          0x00000000c001437a     0x12b1 hal/intctrl.32
                0x00000000c001437a                InterruptController::uninstallISRHandler(int, void (*)(regs*, void*))
                0x00000000c00143b2                InterruptController::installISRHandler(int, void (*)(regs*, void*), void*)
                0x00000000c0014404                doubleFault(regs*, void*)
                0x00000000c001441e                InterruptController::installIRQHandler(int, void (*)(regs*, void*), bool, void*)
                0x00000000c00144ba                InterruptController::clearAllHandlers(int, bool)
                0x00000000c0014562                InterruptController::uninstallIRQHandler(int, void (*)(regs*, void*), bool)
                0x00000000c00145e9                nmiHandler(regs*, void*)
                0x00000000c00145f7                int_handler
                0x00000000c0014698                InterruptController::InterruptController(char const*)
                0x00000000c0014698                InterruptController::InterruptController(char const*)
                0x00000000c001473e                InterruptController::~InterruptController()
                0x00000000c001473e                InterruptController::~InterruptController()
                0x00000000c0014762                InterruptController::~InterruptController()
                0x00000000c001478c                displayDebugInfo(regs*)
                0x00000000c0014b91                x87EmulHandler(regs*, void*)
                0x00000000c0014bc0                gpFault(regs*, void*)
                0x00000000c0014bf9                pgFault(regs*, void*)
                0x00000000c0014c10                otherISRHandler(regs*, void*)
                0x00000000c0014c2f                opcodeFault(regs*, void*)
                0x00000000c00151ee                displayProgramFault(char const*)
                0x00000000c0015216                setupInterruptController()
                0x00000000c00155de                InterruptController::convertLegacyIRQNumber(int)
 *fill*         0x00000000c001562b        0x1 
 .text          0x00000000c001562c      0x69a hal/keybrd.32
                0x00000000c001562c                startGUI(void*)
                0x00000000c0015688                startGUIVESA(void*)
                0x00000000c00156e4                sendKeyToTerminal(unsigned char)
                0x00000000c0015750                sendKeyboardToken(KeyboardToken)
                0x00000000c0015b60                clearInternalKeybuffer(VgaText*)
                0x00000000c0015b95                readKeyboard(VgaText*, char*, unsigned long)
                0x00000000c0015c3c                Keyboard::Keyboard(char const*)
                0x00000000c0015c3c                Keyboard::Keyboard(char const*)
                0x00000000c0015c78                Keyboard::~Keyboard()
                0x00000000c0015c78                Keyboard::~Keyboard()
                0x00000000c0015c9c                Keyboard::~Keyboard()
 .text          0x00000000c0015cc6      0x400 hal/logidisk.32
                0x00000000c0015cc6                LogicalDisk::close(int, int, void*)
                0x00000000c0015cca                LogicalDisk::~LogicalDisk()
                0x00000000c0015cca                LogicalDisk::~LogicalDisk()
                0x00000000c0015cee                LogicalDisk::~LogicalDisk()
                0x00000000c0015d18                LogicalDisk::open(int, int, void*)
                0x00000000c0015d2c                LogicalDisk::absoluteToRelative(unsigned long long)
                0x00000000c0015d64                LogicalDisk::relativeToAbsolute(unsigned long long)
                0x00000000c0015daa                LogicalDisk::LogicalDisk(char const*, PhysicalDisk*, unsigned long long, unsigned long long)
                0x00000000c0015daa                LogicalDisk::LogicalDisk(char const*, PhysicalDisk*, unsigned long long, unsigned long long)
                0x00000000c0015e60                LogicalDisk::assignDriveLetter()
                0x00000000c0015f16                LogicalDisk::mount()
                0x00000000c0015f88                LogicalDisk::unmount()
                0x00000000c0015f98                LogicalDisk::unassignDriveLetter()
                0x00000000c0015fee                LogicalDisk::read(unsigned long long, int, void*)
                0x00000000c001605a                LogicalDisk::write(unsigned long long, int, void*)
 .text          0x00000000c00160c6       0x84 hal/mouse.32
                0x00000000c00160c6                Mouse::Mouse(char const*)
                0x00000000c00160c6                Mouse::Mouse(char const*)
                0x00000000c00160fc                Mouse::~Mouse()
                0x00000000c00160fc                Mouse::~Mouse()
                0x00000000c0016120                Mouse::~Mouse()
 .text          0x00000000c001614a      0x339 hal/partition.32
                0x00000000c001614a                makePartition(PhysicalDisk*, unsigned long long, unsigned long long)
                0x00000000c00161f2                createPartitionsForDisk(PhysicalDisk*)
 *fill*         0x00000000c0016483        0x1 
 .text          0x00000000c0016484       0x84 hal/serial.32
                0x00000000c0016484                Serial::Serial(char const*)
                0x00000000c0016484                Serial::Serial(char const*)
                0x00000000c00164ba                Serial::~Serial()
                0x00000000c00164ba                Serial::~Serial()
                0x00000000c00164de                Serial::~Serial()
 .text          0x00000000c0016508      0x2b8 hal/timer.32
                0x00000000c0016508                Timer::Timer(char const*)
                0x00000000c0016508                Timer::Timer(char const*)
                0x00000000c001653e                Timer::~Timer()
                0x00000000c001653e                Timer::~Timer()
                0x00000000c0016562                Timer::~Timer()
                0x00000000c001658c                Timer::read()
                0x00000000c0016597                timerHandler(unsigned long long)
                0x00000000c00166ce                setupTimer(int)
 .text          0x00000000c00167c0      0x2db hal/vcache.32
                0x00000000c00167c0                VCache::VCache(PhysicalDisk*)
                0x00000000c00167c0                VCache::VCache(PhysicalDisk*)
                0x00000000c00168ba                VCache::writeWriteBuffer()
                0x00000000c00168f6                VCache::~VCache()
                0x00000000c00168f6                VCache::~VCache()
                0x00000000c0016936                VCache::~VCache()
                0x00000000c001695e                VCache::write(unsigned long long, int, void*)
                0x00000000c0016a42                VCache::read(unsigned long long, int, void*)
 *fill*         0x00000000c0016a9b        0x1 
 .text          0x00000000c0016a9c      0x4cd hal/video.32
                0x00000000c0016a9c                Video::putrect(int, int, int, int, unsigned int)
                0x00000000c0016ae8                Video::bitblit(int, int, int, int, int, int, int, unsigned int*)
                0x00000000c0016b58                Video::blit(unsigned int*, int, int, int, int)
                0x00000000c0016bd6                Video::clearScreen(unsigned int)
                0x00000000c0016c0a                Video::putpixel(int, int, unsigned int)
                0x00000000c0016c18                Video::Video(char const*)
                0x00000000c0016c18                Video::Video(char const*)
                0x00000000c0016c4e                Video::~Video()
                0x00000000c0016c4e                Video::~Video()
                0x00000000c0016c72                Video::~Video()
                0x00000000c0016c9c                Video::isMonochrome()
                0x00000000c0016ca8                Video::getWidth()
                0x00000000c0016cb4                Video::getHeight()
                0x00000000c0016cc0                Video::drawCursor(int, int, unsigned char*, int)
                0x00000000c0016d7c                Video::tgaParse(unsigned char*, int, int*, int*)
                0x00000000c0016efe                Video::putTGA(int, int, unsigned char*, int)
 *fill*         0x00000000c0016f69        0x1 
 .text          0x00000000c0016f6a     0x102c hw/acpi.32
                0x00000000c0016f6a                ACPI::close(int, int, void*)
                0x00000000c001701f                findRSDP()
                0x00000000c00170a9                loadACPITables(unsigned char*)
                0x00000000c00172d0                findRSDT(unsigned char*)
                0x00000000c00173ee                findDataTable(unsigned char*, char*)
                0x00000000c001748a                scanMADT()
                0x00000000c0017910                ACPI::ACPI()
                0x00000000c0017910                ACPI::ACPI()
                0x00000000c001797a                ACPI::getPCIIRQAssignment(unsigned char, unsigned short, unsigned char)
                0x00000000c0017a5c                ACPI::registerPCIIRQAssignment(void*, unsigned short, unsigned char, unsigned char)
                0x00000000c0017bea                ACPI::setScreenBrightnessLevel(void*, int)
                0x00000000c0017bf0                ACPI::writeSimpleBootFlag(SimpleBootFlagTable*)
                0x00000000c0017c38                ACPI::open(int, int, void*)
                0x00000000c0017f7e                ACPI::sleep()
 .text          0x00000000c0017f96     0x1715 hw/cpu.32
                0x00000000c0017f96                CPU::close(int, int, void*)
                0x00000000c0017f9a                CPU::lookupAMDName(unsigned char, unsigned char)
                0x00000000c001812e                CPU::lookupIntelName(unsigned char, unsigned char)
                0x00000000c00183dc                CPU::AMD_K6_write_msr(unsigned int, unsigned int, unsigned int, CPU::REGS*)
                0x00000000c00183f8                CPU::AMD_K6_read_msr(unsigned int, CPU::REGS*)
                0x00000000c0018410                CPU::AMD_K6_writeback(int, int, int)
                0x00000000c0018484                CPU::cpuid(int, unsigned long*, unsigned long*, unsigned long*, unsigned long*)
                0x00000000c0018508                CPU::cpuidCheckEDX(unsigned int)
                0x00000000c0018536                CPU::cpuidCheckECX(unsigned int)
                0x00000000c0018564                CPU::cpuidCheckExtendedEBX(unsigned int)
                0x00000000c0018592                CPU::cpuidCheckExtendedECX(unsigned int)
                0x00000000c00185c0                CPU::CPU()
                0x00000000c00185c0                CPU::CPU()
                0x00000000c001864e                CPU::displayFeatures()
                0x00000000c00188ca                CPU::detectFeatures()
                0x00000000c00192ba                CPU::setupSMEP()
                0x00000000c00192c6                CPU::setupUMIP()
                0x00000000c00192d0                CPU::setupTSC()
                0x00000000c00192da                CPU::setupLargePages()
                0x00000000c00192e4                CPU::setupPAT()
                0x00000000c0019320                CPU::setupMTRR()
                0x00000000c0019322                CPU::setupGlobalPages()
                0x00000000c001932c                CPU::allowUsermodeDataAccess()
                0x00000000c001933e                CPU::prohibitUsermodeDataAccess()
                0x00000000c0019350                CPU::setupSMAP()
                0x00000000c001935e                CPU::setupFeatures()
                0x00000000c00193de                CPU::open(int, int, void*)
                0x00000000c00194b0                CPU::decodeAddress(regs*, int*, bool*, unsigned char*)
 .text          0x00000000c00196ab        0x0 hw/ports.32
 *fill*         0x00000000c00196ab        0x1 
 .text          0x00000000c00196ac      0x5d3 krnl/env.32
                0x00000000c00196ac                EnvVarContainer::getEnv(char const*)
                0x00000000c00196ea                EnvVarContainer::setEnv(char const*, char const*)
                0x00000000c00197b6                EnvVarContainer::deleteEnv(char const*)
                0x00000000c00197b8                EnvVarContainer::loadFrom(char const*, char const*)
                0x00000000c00199ae                EnvVarContainer::__loadSystem()
                0x00000000c00199c8                EnvVarContainer::__loadUser()
                0x00000000c00199ca                EnvVarContainer::EnvVarContainer(Process*)
                0x00000000c00199ca                EnvVarContainer::EnvVarContainer(Process*)
                0x00000000c00199ec                EnvVarContainer::~EnvVarContainer()
                0x00000000c00199ec                EnvVarContainer::~EnvVarContainer()
                0x00000000c0019a1c                Krnl::getEnv(Process*, char const*)
                0x00000000c0019a81                Krnl::setEnvSystem(char const*, char const*)
                0x00000000c0019a9b                Krnl::setEnvUser(char const*, char const*)
                0x00000000c0019aba                Krnl::setEnvProcess(Process*, char const*, char const*)
                0x00000000c0019acd                Krnl::deleteEnvSystem(char const*)
                0x00000000c0019ace                Krnl::deleteEnvUser(char const*)
                0x00000000c0019acf                Krnl::deleteEnvProcess(Process*, char const*)
                0x00000000c0019ad0                Krnl::newProcessEnv(Process*)
                0x00000000c0019af2                Krnl::copyProcessEnv(Process*, Process*)
                0x00000000c0019b46                Krnl::loadSystemEnv()
                0x00000000c0019b74                Krnl::loadUserEnv()
                0x00000000c0019b9a                Krnl::flushEnv()
                0x00000000c0019b9b                Krnl::getProcessTotalEnvCount(Process*)
                0x00000000c0019bbb                Krnl::getProcessEnvPair(Process*, int)
 .text          0x00000000c0019c7f      0x32c krnl/panic.32
                0x00000000c0019c7f                Krnl::panic(char const*)
 .text          0x00000000c0019fab      0x3b6 net/ethernet.32
                0x00000000c0019fab                Net::switchEndian16(unsigned short)
                0x00000000c0019fcc                Net::switchEndian32(unsigned int)
                0x00000000c0019ffb                Net::crc32Calc(unsigned char*, int)
                0x00000000c001a08c                Net::wrapEthernetFrame(Net::UnwrappedEthernetFrame, unsigned char*)
                0x00000000c001a1c8                Net::unwrapEthernetFrame(unsigned char*, int)
 .text          0x00000000c001a361      0x513 reg/registry.32
                0x00000000c001a361                Reg::findLineFromLoadedData(char*, char*, char*)
                0x00000000c001a4b9                Reg::getLineFromRegistry(char*, char*, char*, char*)
                0x00000000c001a60e                Reg::getLine(char*, char*, char*)
                0x00000000c001a645                Reg::readInt(char*, char*, int*)
                0x00000000c001a730                Reg::readString(char*, char*, char*, int)
                0x00000000c001a7b1                Reg::readBool(char*, char*, bool*)
                0x00000000c001a7d6                Reg::readBoolWithDefault(char*, char*, bool)
                0x00000000c001a802                Reg::readIntWithDefault(char*, char*, int)
                0x00000000c001a82e                Reg::readStringWithDefault(char*, char*, char*, int, char*)
 .text          0x00000000c001a874       0x18 sys/sc_exit.32
                0x00000000c001a874                Sys::exit(regs*)
 .text          0x00000000c001a88c       0x1f sys/sc_getcwd.32
                0x00000000c001a88c                Sys::getCwd(regs*)
 .text          0x00000000c001a8ab        0xc sys/sc_getpid.32
                0x00000000c001a8ab                Sys::getPID(regs*)
 .text          0x00000000c001a8b7       0xa8 sys/sc_loaddll.32
                0x00000000c001a8b7                Sys::loadDLL(regs*)
 .text          0x00000000c001a95f       0x68 sys/sc_read.32
                0x00000000c001a95f                Sys::read(regs*)
 .text          0x00000000c001a9c7       0x55 sys/sc_sbrk.32
                0x00000000c001a9c7                Sys::sbrk(regs*)
 .text          0x00000000c001aa1c       0x1c sys/sc_setcwd.32
                0x00000000c001aa1c                Sys::setCwd(regs*)
 .text          0x00000000c001aa38      0x128 sys/sc_settime.32
                0x00000000c001aa38                Sys::setTime(regs*)
 .text          0x00000000c001ab60       0x4a sys/sc_timezone.32
                0x00000000c001ab60                Sys::timezone(regs*)
 .text          0x00000000c001abaa       0x68 sys/sc_write.32
                0x00000000c001abaa                Sys::write(regs*)
 .text          0x00000000c001ac12       0x3b sys/sc_yield.32
                0x00000000c001ac12                Sys::yield(regs*)
 .text          0x00000000c001ac4d     0x101e sys/syscalls.32
                0x00000000c001ac4d                sysCallSeekDir(regs*)
                0x00000000c001ac52                sysCallTellDir(regs*)
                0x00000000c001ac57                sysCallVerify(regs*)
                0x00000000c001ac61                sysCallGetArgc(regs*)
                0x00000000c001ac71                sysFormatDisk(regs*)
                0x00000000c001acdb                sysSetDiskVolumeLabel(regs*)
                0x00000000c001ad21                sysGetDiskVolumeLabel(regs*)
                0x00000000c001ad72                sysShutdown(regs*)
                0x00000000c001add0                sysCallRealpath(regs*)
                0x00000000c001ae13                sysCallReadDir(regs*)
                0x00000000c001aea1                sysCallIsATTY(regs*)
                0x00000000c001aefb                sysCallSeek(regs*)
                0x00000000c001af64                sysCallTell(regs*)
                0x00000000c001afe1                sysCallSize(regs*)
                0x00000000c001b064                sysCallSizeFromFilename(regs*)
                0x00000000c001b124                sysCallClose(regs*)
                0x00000000c001b1ac                sysCallOpenDir(regs*)
                0x00000000c001b221                sysCallCloseDir(regs*)
                0x00000000c001b287                sysCallMakeDir(regs*)
                0x00000000c001b2f7                sysCallWait(regs*)
                0x00000000c001b311                sysCallNotImpl(regs*)
                0x00000000c001b32c                sysPanic(regs*)
                0x00000000c001b352                sysCallRmdir(regs*)
                0x00000000c001b3b6                sysCallUnlink(regs*)
                0x00000000c001b41a                sysCallGetArgv(regs*)
                0x00000000c001b466                sysCallTTYName(regs*)
                0x00000000c001b4e9                sysCallUSleep(regs*)
                0x00000000c001b510                sysCallSpawn(regs*)
                0x00000000c001b568                sysCallGetEnv(regs*)
                0x00000000c001b615                sysAppSettings(regs*)
                0x00000000c001b734                sysSetFatAttrib(regs*)
                0x00000000c001b7a6                sysPipe(regs*)
                0x00000000c001b7eb                sysGetUnixTime(regs*)
                0x00000000c001b7ff                string_ends_with(char const*, char const*)
                0x00000000c001b847                sysCallOpen(regs*)
                0x00000000c001ba5c                Sys::loadSyscalls()
                0x00000000c001bc29                Sys::systemCall(regs*, void*)
 .text          0x00000000c001bc6b     0x1189 thr/elf.32
                0x00000000c001bc6b                Thr::allocateMemoryForTask(Process*, File*, unsigned long, unsigned long, unsigned long)
                0x00000000c001bee8                Thr::loadProgramIntoMemory(Process*, char const*)
                0x00000000c001c0fe                Thr::runtimeReferenceHelper()
                0x00000000c001c111                Thr::getAddressOfKernelSymbol(char const*)
                0x00000000c001c160                Thr::loadKernelSymbolTable(char const*)
                0x00000000c001c41c                Thr::loadDriverIntoMemory(char const*, unsigned long, bool)
                0x00000000c001cb38                Thr::getDriverBaseFromAddress(unsigned long)
                0x00000000c001cb6a                Thr::getDriverNameFromAddress(unsigned long)
                0x00000000c001cba1                Thr::getDriverOffsetFromAddress(unsigned long)
                0x00000000c001cbbb                Thr::loadDLL(char const*, bool)
                0x00000000c001cdca                Thr::executeDLL(unsigned long, void*)
 .text          0x00000000c001cdf4     0x1056 thr/prcssthr.32
                0x00000000c001cdf4                changeTSS
                0x00000000c001ce24                Process::addArgs(char**)
                0x00000000c001ce7e                Process::Process(char const*, Process*, char**)
                0x00000000c001ce7e                Process::Process(char const*, Process*, char**)
                0x00000000c001d062                Process::Process(bool, char const*, Process*, char**)
                0x00000000c001d062                Process::Process(bool, char const*, Process*, char**)
                0x00000000c001d211                disableIRQs()
                0x00000000c001d219                getIRQNestingLevel()
                0x00000000c001d21f                enableIRQs()
                0x00000000c001d22e                lockScheduler()
                0x00000000c001d230                unlockScheduler()
                0x00000000c001d232                userModeEntryPoint(void*)
                0x00000000c001d255                lockStuff()
                0x00000000c001d261                taskStartupFunction
                0x00000000c001d26a                updateTimeUsed()
                0x00000000c001d2cf                switchToThread(ThreadControlBlock*)
                0x00000000c001d320                Semaphore::Semaphore(int)
                0x00000000c001d320                Semaphore::Semaphore(int)
                0x00000000c001d34e                Mutex::Mutex()
                0x00000000c001d34e                Mutex::Mutex()
                0x00000000c001d360                Process::createThread(void (*)(void*), void*, int)
                0x00000000c001d444                Process::createUserThread()
                0x00000000c001d460                setupMultitasking(void (*)())
                0x00000000c001d56a                schedule()
                0x00000000c001d5ef                unlockStuff()
                0x00000000c001d624                Semaphore::tryAcquire()
                0x00000000c001d652                Semaphore::assertLocked(char const*)
                0x00000000c001d682                blockTaskWithSchedulerLockAlreadyHeld(TaskState)
                0x00000000c001d6c4                blockTask(TaskState)
                0x00000000c001d6e5                waitTask(int, int*, int)
                0x00000000c001d727                nanoSleepUntil(unsigned long long)
                0x00000000c001d77e                nanoSleep(unsigned long long)
                0x00000000c001d793                sleep(unsigned long long)
                0x00000000c001d7b0                Semaphore::acquire()
                0x00000000c001d818                taskReturned
                0x00000000c001d846                unblockTask(ThreadControlBlock*)
                0x00000000c001d8f5                cleanupTerminatedTask(ThreadControlBlock*)
                0x00000000c001dbbe                cleanerTaskFunction(void*)
                0x00000000c001dc71                terminateTask(int)
                0x00000000c001dd51                Thr::terminateFromIRQ(int)
                0x00000000c001dd5e                Semaphore::release()
 .text          0x00000000c001de4a      0xc26 vm86/vm8086.32
                0x00000000c001de4a                Vm::inbv(unsigned short)
                0x00000000c001de5d                Vm::outbv(unsigned short, unsigned char)
                0x00000000c001deb0                Vm::realToLinear(unsigned short, unsigned short)
                0x00000000c001dec0                Vm::getSegment(unsigned int)
                0x00000000c001dec8                Vm::getOffset(unsigned int)
                0x00000000c001decd                Vm::mainloop2()
                0x00000000c001df08                Vm::mainVm8086Loop(void*)
                0x00000000c001df15                Vm::mainloop3(unsigned long)
                0x00000000c001df3f                Vm::initialise8086()
                0x00000000c001df82                Vm::finish8086()
                0x00000000c001dfc7                Vm::getOutput8086(unsigned char*)
                0x00000000c001dff1                Vm::start8086(char const*, unsigned short, unsigned short, unsigned short, unsigned short)
                0x00000000c001e141                Vm::doISR(regs*, int, unsigned char*, unsigned short, unsigned short)
                0x00000000c001e1cb                Vm::readByteFromReal(unsigned short, unsigned short)
                0x00000000c001e1dc                Vm::readWordFromReal(unsigned short, unsigned short)
                0x00000000c001e1ee                Vm::readDwordFromReal(unsigned short, unsigned short)
                0x00000000c001e1ff                Vm::writeByteFromReal(unsigned short, unsigned short, unsigned char)
                0x00000000c001e214                Vm::writeWordFromReal(unsigned short, unsigned short, unsigned short)
                0x00000000c001e22a                Vm::writeDwordFromReal(unsigned short, unsigned short, unsigned int)
                0x00000000c001e23f                Vm::faultHandler(regs*)
 .text          0x00000000c001ea70      0xefd vm86/x87em.32
                0x00000000c001ea70                Vm::fpuInternalTo32(unsigned long long)
                0x00000000c001eacb                Vm::fpuInternalTo64(unsigned long long)
                0x00000000c001ead4                Vm::fpu32ToInternal(unsigned int)
                0x00000000c001eb19                Vm::fpu64ToInternal(unsigned long long)
                0x00000000c001eb22                Vm::fpuFloatToLong(unsigned long long)
                0x00000000c001eb7d                Vm::fpuULongToFloat(unsigned long long)
                0x00000000c001ebb3                Vm::fpuLongToFloat(long long)
                0x00000000c001ec09                Vm::fpuGet0()
                0x00000000c001ec0e                Vm::fpuGet1()
                0x00000000c001ec16                Vm::fpuGetPi()
                0x00000000c001ec1e                Vm::fpuGetLog2E()
                0x00000000c001ec36                Vm::fpuGetLogE2()
                0x00000000c001ec4e                Vm::fpuGetLog210()
                0x00000000c001ec66                Vm::fpuGetLog102()
                0x00000000c001ec7e                Vm::fpuIsSecondLarger(unsigned long long, unsigned long long)
                0x00000000c001ec92                Vm::fpuAreEqual(unsigned long long, unsigned long long)
                0x00000000c001eca8                Vm::fpuUnorderedCompare(unsigned long long, unsigned long long)
                0x00000000c001ecfb                Vm::fpuAdd(unsigned long long, unsigned long long)
                0x00000000c001ed0c                Vm::fpuAbs(unsigned long long)
                0x00000000c001ed15                Vm::fpuChs(unsigned long long)
                0x00000000c001ed25                Vm::fpuSub(unsigned long long, unsigned long long)
                0x00000000c001ed34                Vm::fpuMultiply(unsigned long long, unsigned long long)
                0x00000000c001ed53                Vm::fpuDivide(unsigned long long, unsigned long long)
                0x00000000c001ed6f                Vm::fpuSquare(unsigned long long)
                0x00000000c001ed85                Vm::fpuGetReg(int)
                0x00000000c001edc8                Vm::fpuSetReg(int, unsigned long long)
                0x00000000c001ee13                Vm::fpuPush(unsigned long long)
                0x00000000c001ee70                Vm::fpuPop()
                0x00000000c001eec2                Vm::x87Handler(regs*)
 *fill*         0x00000000c001f96d        0x1 
 .text          0x00000000c001f96e     0x10ed fs/fat/vfslink.32
                0x00000000c001f96e                FAT::getName()
                0x00000000c001f974                FAT::tell(void*, unsigned long long*)
                0x00000000c001f9a8                FAT::stat(void*, unsigned long long*)
                0x00000000c001f9dc                FAT::~FAT()
                0x00000000c001f9dc                FAT::~FAT()
                0x00000000c001fa00                FAT::~FAT()
                0x00000000c001fa28                FAT::getlabel(LogicalDisk*, int, char*, unsigned int*)
                0x00000000c001fac6                FAT::setlabel(LogicalDisk*, int, char*)
                0x00000000c001fb80                FAT::format(LogicalDisk*, int, char const*, int)
                0x00000000c001fd64                FAT::tryMount(LogicalDisk*, int)
                0x00000000c001ff6a                FAT::readDir(void*, unsigned long, void*, int*)
                0x00000000c0020070                FAT::read(void*, unsigned long, void*, int*)
                0x00000000c00200ca                FAT::write(void*, unsigned long, void*, int*)
                0x00000000c0020124                FAT::close(void*)
                0x00000000c0020170                FAT::closeDir(void*)
                0x00000000c00201bc                FAT::seek(void*, unsigned long long)
                0x00000000c0020210                fatWrapperReadDisk
                0x00000000c0020257                fatWrapperWriteDisk
                0x00000000c002029e                fatWrapperIoctl
                0x00000000c00203a2                FAT::FAT()
                0x00000000c00203a2                FAT::FAT()
                0x00000000c00203f4                FAT::fixFilepath(char*)
                0x00000000c002042c                FAT::open(char const*, void**, FileOpenMode)
                0x00000000c0020554                FAT::openDir(char const*, void**)
                0x00000000c00205fa                FAT::stat(char const*, unsigned long long*, bool*)
                0x00000000c00206e4                FAT::unlink(char const*)
                0x00000000c002075e                FAT::chfatattr(char const*, unsigned char, unsigned char)
                0x00000000c00208b2                FAT::rename(char const*, char const*)
                0x00000000c0020976                FAT::mkdir(char const*)
                0x00000000c00209f0                FAT::exists(char const*)
 *fill*         0x00000000c0020a5b        0x1 
 .text          0x00000000c0020a5c      0xbc1 fs/iso9660/vfslink.32
                0x00000000c0020a5c                ISO9660::format(LogicalDisk*, int, char const*, int)
                0x00000000c0020a62                ISO9660::seek(void*, unsigned long long)
                0x00000000c0020a92                ISO9660::tell(void*, unsigned long long*)
                0x00000000c0020ab6                ISO9660::getName()
                0x00000000c0020abc                ISO9660::stat(void*, unsigned long long*)
                0x00000000c0020ae0                ISO9660::chfatattr(char const*, unsigned char, unsigned char)
                0x00000000c0020ae6                ISO9660::unlink(char const*)
                0x00000000c0020aec                ISO9660::write(void*, unsigned long, void*, int*)
                0x00000000c0020af2                ISO9660::rename(char const*, char const*)
                0x00000000c0020af8                ISO9660::mkdir(char const*)
                0x00000000c0020afe                ISO9660::close(void*)
                0x00000000c0020b20                ISO9660::closeDir(void*)
                0x00000000c0020b42                ISO9660::~ISO9660()
                0x00000000c0020b42                ISO9660::~ISO9660()
                0x00000000c0020b66                ISO9660::~ISO9660()
                0x00000000c0020b8d                __memmem(unsigned char*, int, unsigned char*, int)
                0x00000000c0020bcf                readSectorFromCDROM(unsigned int, unsigned char*, char)
                0x00000000c0020c36                ISO9660::tryMount(LogicalDisk*, int)
                0x00000000c0020c86                ISO9660::read(void*, unsigned long, void*, int*)
                0x00000000c0020e86                ISO9660::readDir(void*, unsigned long, void*, int*)
                0x00000000c0021113                readRoot(unsigned int*, unsigned int*, char)
                0x00000000c0021168                readRecursively(char*, unsigned int, unsigned int, unsigned int*, unsigned int*, char, int*)
                0x00000000c002133b                getFileData(char*, unsigned int*, unsigned int*, char, int*)
                0x00000000c00213ca                ISO9660::open(char const*, void**, FileOpenMode)
                0x00000000c002148a                ISO9660::exists(char const*)
                0x00000000c00214ae                ISO9660::stat(char const*, unsigned long long*, bool*)
                0x00000000c0021542                ISO9660::openDir(char const*, void**)
                0x00000000c00215fa                ISO9660::ISO9660()
                0x00000000c00215fa                ISO9660::ISO9660()
 *fill*         0x00000000c002161d        0x1 
 .text          0x00000000c002161e      0x326 hal/sound/sndchannel.32
                0x00000000c002161e                SoundChannel::~SoundChannel()
                0x00000000c002161e                SoundChannel::~SoundChannel()
                0x00000000c002163a                SoundChannel::setSpeed(float)
                0x00000000c0021646                SoundChannel::getSpeed()
                0x00000000c002164e                SoundChannel::setVolume(int)
                0x00000000c002166a                SoundChannel::getVolume()
                0x00000000c0021672                SoundChannel::pause()
                0x00000000c002167c                SoundChannel::SoundChannel(int, int, int, int)
                0x00000000c002167c                SoundChannel::SoundChannel(int, int, int, int)
                0x00000000c00217d2                SoundChannel::play()
                0x00000000c00217dc                SoundChannel::paused()
                0x00000000c00217e4                SoundChannel::getSampleRate()
                0x00000000c00217ec                SoundChannel::getBits()
                0x00000000c00217f4                SoundChannel::getBufferUsed()
                0x00000000c00217fc                SoundChannel::getBufferSize()
                0x00000000c0021804                SoundChannel::unbuffer(float*, int, int)
                0x00000000c00218a4                SoundChannel::buffer8(unsigned char*, int)
 .text          0x00000000c0021944      0x3d5 hal/sound/sndhw.32
                0x00000000c0021944                SoundDevice::SoundDevice(char const*)
                0x00000000c0021944                SoundDevice::SoundDevice(char const*)
                0x00000000c00219b0                SoundDevice::~SoundDevice()
                0x00000000c00219b0                SoundDevice::~SoundDevice()
                0x00000000c0021a2a                SoundDevice::~SoundDevice()
                0x00000000c0021a54                SoundDevice::getFreeChannelNum()
                0x00000000c0021a6e                SoundDevice::addChannel(SoundChannel*)
                0x00000000c0021ade                SoundDevice::removeChannel(int)
                0x00000000c0021b10                SoundDevice::floatTo8(float*, unsigned char*, int)
                0x00000000c0021bf8                SoundDevice::getAudio(int, float*, float*)
 .text          0x00000000c0021d19        0x0 hw/bus/isa.32
 *fill*         0x00000000c0021d19        0x1 
 .text          0x00000000c0021d1a      0x6c3 hw/bus/pci.32
                0x00000000c0021d1a                PCI::open(int, int, void*)
                0x00000000c0021d2e                PCI::close(int, int, void*)
                0x00000000c0021d32                PCI::PCI()
                0x00000000c0021d32                PCI::PCI()
                0x00000000c0021db2                PCI::pciReadWord(unsigned char, unsigned char, unsigned char, unsigned char)
                0x00000000c0021dfa                PCI::getVendorID(unsigned char, unsigned char, unsigned char)
                0x00000000c0021e1c                PCI::getHeaderType(unsigned char, unsigned char, unsigned char)
                0x00000000c0021e40                PCI::getClassCode(unsigned char, unsigned char, unsigned char)
                0x00000000c0021e84                PCI::getProgIF(unsigned char, unsigned char, unsigned char)
                0x00000000c0021ea8                PCI::getRevisionID(unsigned char, unsigned char, unsigned char)
                0x00000000c0021eca                PCI::getInterruptNumber(unsigned char, unsigned char, unsigned char)
                0x00000000c0021eec                PCI::getSecondaryBus(unsigned char, unsigned char, unsigned char)
                0x00000000c0021f10                PCI::getBARAddress(unsigned char, unsigned char, unsigned char, unsigned char)
                0x00000000c0021f70                PCI::pciWriteWord(unsigned char, unsigned char, unsigned char, unsigned char, unsigned short)
                0x00000000c0021fdc                PCI::checkBus(unsigned char)
                0x00000000c0022000                PCI::foundDevice(PCIDeviceInfo)
                0x00000000c0022172                PCI::getDeviceData(unsigned char, unsigned char, unsigned char)
                0x00000000c002231e                PCI::checkDevice(unsigned char, unsigned char)
                0x00000000c002238a                PCI::detect()
 *fill*         0x00000000c00223dd        0x1 
 .text          0x00000000c00223de      0xc70 hw/diskctrl/ide.32
                0x00000000c00223de                IDE::close(int, int, void*)
                0x00000000c00223e2                IDE::IDE()
                0x00000000c00223e2                IDE::IDE()
                0x00000000c0022416                IDE::prepareInterrupt(unsigned char)
                0x00000000c0022428                selectDrive(unsigned char, unsigned char)
                0x00000000c002242a                IDE::getBase(unsigned char)
                0x00000000c002243c                IDE::write(unsigned char, unsigned char, unsigned char)
                0x00000000c00224fc                IDE::read(unsigned char, unsigned char)
                0x00000000c00225aa                IDE::waitInterrupt(unsigned char)
                0x00000000c0022610                ideChannel0IRQHandler(regs*, void*)
                0x00000000c002262c                ideChannel1IRQHandler(regs*, void*)
                0x00000000c0022648                IDE::enableIRQs(unsigned char, bool)
                0x00000000c002268e                IDE::open(int, int, void*)
                0x00000000c0022a9e                IDE::readBuffer(unsigned char, unsigned char, unsigned int, unsigned int)
                0x00000000c0022b6a                IDE::detect()
                0x00000000c0022e52                IDE::printError(unsigned char, unsigned char, unsigned char)
                0x00000000c0022fe8                IDE::polling(unsigned char, unsigned int)
 .text          0x00000000c002304e      0x37a hw/diskctrl/satabus.32
                0x00000000c002304e                SATABus::close(int, int, void*)
                0x00000000c0023052                SATABus::detect()
                0x00000000c0023054                SATABus::SATABus()
                0x00000000c0023054                SATABus::SATABus()
                0x00000000c0023100                SATABus::findCmdslot(SATABus::tagHBA_PORT volatile*)
                0x00000000c0023148                SATABus::checkType(SATABus::tagHBA_PORT volatile*)
                0x00000000c0023190                SATABus::startCmd(SATABus::tagHBA_PORT volatile*)
                0x00000000c00231b0                SATABus::stopCmd(SATABus::tagHBA_PORT volatile*)
                0x00000000c00231da                SATABus::portRebase(SATABus::tagHBA_PORT volatile*, int)
                0x00000000c00232e0                SATABus::probePort(SATABus::tagHBA_MEM volatile*)
                0x00000000c00233a8                SATABus::open(int, int, void*)
 .text          0x00000000c00233c8      0x62b hw/diskphys/ata.32
                0x00000000c00233c8                ATA::close(int, int, void*)
                0x00000000c00233ec                ATA::powerSaving(PowerSavingLevel)
                0x00000000c00233ee                ATA::ATA()
                0x00000000c00233ee                ATA::ATA()
                0x00000000c002341c                ATA::flush(bool)
                0x00000000c0023466                ATA::readyForCommand()
                0x00000000c00234b6                ATA::access(unsigned long long, int, void*, bool)
                0x00000000c0023834                ATA::read(unsigned long long, int, void*)
                0x00000000c002389c                ATA::write(unsigned long long, int, void*)
                0x00000000c0023904                ATA::detectCHS()
                0x00000000c002392e                ATA::open(int, int, void*)
 *fill*         0x00000000c00239f3        0x1 
 .text          0x00000000c00239f4      0x5b3 hw/diskphys/atapi.32
                0x00000000c00239f4                ATAPI::write(unsigned long long, int, void*)
                0x00000000c00239fa                ATAPI::close(int, int, void*)
                0x00000000c0023a1e                ATAPI::ATAPI()
                0x00000000c0023a1e                ATAPI::ATAPI()
                0x00000000c0023a4c                ATAPI::readyForCommand()
                0x00000000c0023a9c                ATAPI::sendPacket(unsigned char*, int, bool, unsigned short*, int)
                0x00000000c0023d5c                ATAPI::diskRemoved()
                0x00000000c0023d78                ATAPI::eject()
                0x00000000c0023dbe                ATAPI::diskInserted()
                0x00000000c0023dec                ATAPI::detectMedia()
                0x00000000c0023ea8                ATAPI::open(int, int, void*)
                0x00000000c0023f28                ATAPI::read(unsigned long long, int, void*)
 *fill*         0x00000000c0023fa7        0x1 
 .text          0x00000000c0023fa8      0x414 hw/diskphys/sata.32
                0x00000000c0023fa8                SATA::close(int, int, void*)
                0x00000000c0023fcc                SATA::powerSaving(PowerSavingLevel)
                0x00000000c0023fce                SATA::open(int, int, void*)
                0x00000000c002402a                SATA::SATA()
                0x00000000c002402a                SATA::SATA()
                0x00000000c0024058                SATA::access(unsigned long long, int, void*, bool)
                0x00000000c00242ec                SATA::read(unsigned long long, int, void*)
                0x00000000c0024354                SATA::write(unsigned long long, int, void*)
 .text          0x00000000c00243bc       0x8e hw/fpu/avx.32
                0x00000000c00243bc                AVX::open(int, int, void*)
                0x00000000c00243ce                AVX::close(int, int, void*)
                0x00000000c00243e0                AVX::available()
                0x00000000c00243f2                AVX::save(void*)
                0x00000000c002440a                AVX::load(void*)
                0x00000000c0024422                AVX::AVX()
                0x00000000c0024422                AVX::AVX()
 .text          0x00000000c002444a       0x90 hw/fpu/mmx.32
                0x00000000c002444a                MMX::available()
                0x00000000c002445e                MMX::open(int, int, void*)
                0x00000000c0024470                MMX::close(int, int, void*)
                0x00000000c0024482                MMX::save(void*)
                0x00000000c002449a                MMX::load(void*)
                0x00000000c00244b2                MMX::MMX()
                0x00000000c00244b2                MMX::MMX()
 .text          0x00000000c00244da       0x96 hw/fpu/sse.32
                0x00000000c00244da                SSE::open(int, int, void*)
                0x00000000c00244ec                SSE::close(int, int, void*)
                0x00000000c00244fe                SSE::available()
                0x00000000c0024518                SSE::save(void*)
                0x00000000c0024530                SSE::load(void*)
                0x00000000c0024548                SSE::SSE()
                0x00000000c0024548                SSE::SSE()
 .text          0x00000000c0024570       0x8e hw/fpu/x87.32
                0x00000000c0024570                x87::open(int, int, void*)
                0x00000000c0024582                x87::close(int, int, void*)
                0x00000000c0024594                x87::available()
                0x00000000c00245a6                x87::save(void*)
                0x00000000c00245be                x87::load(void*)
                0x00000000c00245d6                x87::x87()
                0x00000000c00245d6                x87::x87()
 .text          0x00000000c00245fe      0x71e hw/intctrl/apic.32
                0x00000000c00245fe                APIC::disable()
                0x00000000c0024600                APIC::close(int, int, void*)
                0x00000000c0024622                IOAPIC::close(int, int, void*)
                0x00000000c0024628                APIC::io_wait()
                0x00000000c002462e                APIC::getBase()
                0x00000000c0024670                APIC::eoi(unsigned char)
                0x00000000c002469e                APIC::open(int, int, void*)
                0x00000000c00247ec                IOAPIC::IOAPIC()
                0x00000000c00247ec                IOAPIC::IOAPIC()
                0x00000000c0024814                APIC::APIC()
                0x00000000c0024814                APIC::APIC()
                0x00000000c00248f0                IOAPIC::handlesGSIWithNumber(unsigned int)
                0x00000000c0024922                IOAPIC::read(int)
                0x00000000c002494a                IOAPIC::open(int, int, void*)
                0x00000000c0024a40                IOAPIC::write(int, int)
                0x00000000c0024a6c                IOAPIC::redirect(unsigned char, unsigned long long, unsigned char, bool, bool)
                0x00000000c0024b66                APIC::installIRQHandler(int, void (*)(regs*, void*), bool, void*)
 .text          0x00000000c0024d1c      0x3d3 hw/intctrl/pic.32
                0x00000000c0024d1c                PIC::disable()
                0x00000000c0024d4a                PIC::close(int, int, void*)
                0x00000000c0024d6c                PIC::PIC()
                0x00000000c0024d6c                PIC::PIC()
                0x00000000c0024e42                PIC::ioWait()
                0x00000000c0024e48                PIC::getIRQReg(int)
                0x00000000c0024eb2                PIC::eoi(unsigned char)
                0x00000000c0024f44                PIC::remap()
                0x00000000c00250b0                PIC::open(int, int, void*)
 *fill*         0x00000000c00250ef        0x1 
 .text          0x00000000c00250f0      0x25e hw/timer/apictimer.32
                0x00000000c00250f0                APICTimer::close(int, int, void*)
                0x00000000c00250f6                apicTimerHandler(regs*, void*)
                0x00000000c0025124                APICTimer::write(int)
                0x00000000c0025228                APICTimer::open(int, int, void*)
                0x00000000c0025326                APICTimer::APICTimer()
                0x00000000c0025326                APICTimer::APICTimer()
 .text          0x00000000c002534e      0x1a7 hw/timer/pit.32
                0x00000000c002534e                PIT::write(int)
                0x00000000c00253cc                pitHandler(regs*, void*)
                0x00000000c00253f8                PIT::open(int, int, void*)
                0x00000000c0025446                PIT::close(int, int, void*)
                0x00000000c0025476                PIT::PIT()
                0x00000000c0025476                PIT::PIT()
 *fill*         0x00000000c00254f5        0xb 
 .text          0x00000000c0025500       0x1e hw/fpu/x86/avx.32
                0x00000000c0025500                avxDetect
                0x00000000c0025506                avxSave
                0x00000000c0025507                avxLoad
                0x00000000c0025508                avxInit
                0x00000000c0025509                avxClose
                0x00000000c002550a                wouldSheSayYes
 *fill*         0x00000000c002551e        0x2 
 .text          0x00000000c0025520       0x35 hw/fpu/x86/sse.32
                0x00000000c0025520                absolutelyNoChanceInHell
                0x00000000c0025520                sseDetect
                0x00000000c0025538                sseSave
                0x00000000c002553e                sseLoad
                0x00000000c0025544                sseInit
                0x00000000c0025554                sseClose
 *fill*         0x00000000c0025555        0xb 
 .text          0x00000000c0025560       0x47 hw/fpu/x86/x87.32
                0x00000000c0025566                x87Detect
                0x00000000c0025581                x87Save
                0x00000000c0025587                x87Load
                0x00000000c002558c                x87Init
                0x00000000c00255a6                x87Close
 *fill*         0x00000000c00255a7        0x1 
 .text          0x00000000c00255a8       0x25 /cygdrive/d/Users/Alex/Desktop/Toolchain/Output/bin/../lib/gcc/i386-banana/8.1.0/crtend.o
 .text          0x00000000c00255cd        0x0 crtn.32
 *fill*         0x00000000c00255cd        0x3 
 .text          0x00000000c00255d0      0x14b /cygdrive/d/Users/Alex/Desktop/Toolchain/Output/bin/../lib/gcc/i386-banana/8.1.0/libkgcc.a(_divdi3.o)
                0x00000000c00255d0                __divdi3
 *fill*         0x00000000c002571b        0x1 
 .text          0x00000000c002571c      0x17e /cygdrive/d/Users/Alex/Desktop/Toolchain/Output/bin/../lib/gcc/i386-banana/8.1.0/libkgcc.a(_moddi3.o)
                0x00000000c002571c                __moddi3
 *fill*         0x00000000c002589a        0x2 
 .text          0x00000000c002589c       0xff /cygdrive/d/Users/Alex/Desktop/Toolchain/Output/bin/../lib/gcc/i386-banana/8.1.0/libkgcc.a(_udivdi3.o)
                0x00000000c002589c                __udivdi3
 *fill*         0x00000000c002599b        0x1 
 .text          0x00000000c002599c      0x11a /cygdrive/d/Users/Alex/Desktop/Toolchain/Output/bin/../lib/gcc/i386-banana/8.1.0/libkgcc.a(_umoddi3.o)
                0x00000000c002599c                __umoddi3
 .text          0x00000000c0025ab6      0x96d D:/Users/Alex/Desktop/Banana/kernel/libsoftfp.a(sfieeelib.o)
                0x00000000c0025ab6                __addsf3
                0x00000000c0025db8                __subsf3
                0x00000000c0025dcc                __negsf2
                0x00000000c0025dd9                __mulsf3
                0x00000000c0025f9c                __divsf3
                0x00000000c00261c7                __floatsisf
                0x00000000c002623b                __floatunsisf
                0x00000000c002627d                __fixsfsi
                0x00000000c00262df                __fixunssfsi
                0x00000000c0026310                __cmpsf2
                0x00000000c00263a5                __eqsf2
                0x00000000c00263e0                __nesf2
                0x00000000c00263e2                __gtsf2
                0x00000000c002641d                __gesf2
                0x00000000c002641f                __ltsf2
                0x00000000c0026421                __lesf2
 .text          0x00000000c0026423      0xf50 D:/Users/Alex/Desktop/Banana/kernel/libsoftfp.a(dfieeelib.o)
                0x00000000c0026423                __adddf3
                0x00000000c0026a74                __subdf3
                0x00000000c0026a8f                __negdf2
                0x00000000c0026aa0                __muldf3
                0x00000000c0026d84                __divdf3
                0x00000000c0027103                __floatsidf
                0x00000000c002715e                __floatunsidf
                0x00000000c002719c                __fixdfsi
                0x00000000c0027209                __fixunsdfsi
                0x00000000c0027245                __cmpdf2
                0x00000000c0027333                __eqdf2
                0x00000000c002734f                __nedf2
                0x00000000c0027351                __gtdf2
                0x00000000c002736d                __gedf2
                0x00000000c002736f                __ltdf2
                0x00000000c0027371                __ledf2
 .text          0x00000000c0027373      0x18d D:/Users/Alex/Desktop/Banana/kernel/libsoftfp.a(sfdfcvt.o)
                0x00000000c0027373                __truncdfsf2
                0x00000000c0027497                __extendsfdf2
 .text          0x00000000c0027500       0x1e D:/Users/Alex/Desktop/Banana/kernel/libk/libm32.a(s_fabs.c.o)
                0x00000000c0027500                fabs
 *fill*         0x00000000c002751e        0x2 
 .text          0x00000000c0027520        0xc D:/Users/Alex/Desktop/Banana/kernel/libk/libm32.a(s_lrint.S.o)
                0x00000000c0027520                lrint
 .text          0x00000000c002752c        0xc D:/Users/Alex/Desktop/Banana/kernel/libk/libm32.a(s_lrintf.S.o)
                0x00000000c002752c                lrintf
 *(.gnu.linkonce.t*)

.iplt           0x00000000c0027538        0x0
 .iplt          0x00000000c0027538        0x0 D:/Users/Alex/Desktop/Banana/kernel/boot.32

.init           0x00000000c0027538        0xf
 .init          0x00000000c0027538        0x3 crti.32
                0x00000000c0027538                _init