Archive member included to satisfy reference by file (symbol)

/cygdrive/d/Users/Alex/Desktop/Toolchain/Output/bin/../lib/gcc/i386-banana/8.1.0/libgcc.a(_divdi3.o)
                              fs/fat/ff.32 (__divdi3)
/cygdrive/d/Users/Alex/Desktop/Toolchain/Output/bin/../lib/gcc/i386-banana/8.1.0/libgcc.a(_moddi3.o)
                              thr/elf.32 (__moddi3)
/cygdrive/d/Users/Alex/Desktop/Toolchain/Output/bin/../lib/gcc/i386-banana/8.1.0/libgcc.a(_udivdi3.o)
                              fs/fat/ff.32 (__udivdi3)
/cygdrive/d/Users/Alex/Desktop/Toolchain/Output/bin/../lib/gcc/i386-banana/8.1.0/libgcc.a(_umoddi3.o)
                              core/pipe.32 (__umoddi3)
D:/Users/Alex/Desktop/Banana/kernel/libk/libm32.a(s_fabs.c.o)
                              hal/libresample/samplerate.32 (fabs)
D:/Users/Alex/Desktop/Banana/kernel/libk/libm32.a(s_lrint.S.o)
                              hal/libresample/samplerate.32 (lrint)
D:/Users/Alex/Desktop/Banana/kernel/libk/libm32.a(s_lrintf.S.o)
                              hal/sound/sndhw.32 (lrintf)

Discarded input sections

 .comment       0x0000000000000000       0x12 /cygdrive/d/Users/Alex/Desktop/Toolchain/Output/bin/../lib/gcc/i386-banana/8.1.0/crtbegin.o
 .comment       0x0000000000000000       0x12 acpica/utclib.32
 .comment       0x0000000000000000       0x12 core/malloc.32
 .comment       0x0000000000000000       0x12 libk/string.32
 .comment       0x0000000000000000       0x12 fs/fat/diskio.32
 .comment       0x0000000000000000       0x12 fs/fat/ff.32
 .comment       0x0000000000000000       0x12 fs/fat/ffsystem.32
 .comment       0x0000000000000000       0x12 fs/fat/ffunicode.32
 .comment       0x0000000000000000       0x12 hal/libresample/samplerate.32
 .comment       0x0000000000000000       0x12 hal/libresample/src_linear.32
 .comment       0x0000000000000000       0x12 hal/libresample/src_sinc.32
 .comment       0x0000000000000000       0x12 hal/libresample/src_zoh.32
 .group         0x0000000000000000       0x14 core/computer.32
 .group         0x0000000000000000        0xc core/computer.32
 .comment       0x0000000000000000       0x12 core/computer.32
 .comment       0x0000000000000000       0x12 core/gdt.32
 .group         0x0000000000000000        0xc core/idle.32
 .comment       0x0000000000000000       0x12 core/idle.32
 .comment       0x0000000000000000       0x12 core/idt.32
 .group         0x0000000000000000        0x8 core/kheap.32
 .group         0x0000000000000000        0x8 core/kheap.32
 .comment       0x0000000000000000       0x12 core/kheap.32
 .comment       0x0000000000000000       0x12 core/main.32
 .comment       0x0000000000000000       0x12 core/physmgr.32
 .group         0x0000000000000000        0xc core/pipe.32
 .comment       0x0000000000000000       0x12 core/pipe.32
 .group         0x0000000000000000        0xc core/terminal.32
 .comment       0x0000000000000000       0x12 core/terminal.32
 .group         0x0000000000000000        0x8 core/tss.32
 .text._ZN3CPU7readCR3Ev
                0x0000000000000000       0x12 core/tss.32
 .comment       0x0000000000000000       0x12 core/tss.32
 .group         0x0000000000000000        0x8 core/unixfile.32
 .group         0x0000000000000000        0xc core/unixfile.32
 .group         0x0000000000000000        0xc core/unixfile.32
 .group         0x0000000000000000        0x8 core/unixfile.32
 .group         0x0000000000000000        0xc core/unixfile.32
 .group         0x0000000000000000        0x8 core/unixfile.32
 .group         0x0000000000000000        0xc core/unixfile.32
 .group         0x0000000000000000        0xc core/unixfile.32
 .comment       0x0000000000000000       0x12 core/unixfile.32
 .group         0x0000000000000000        0x8 core/virtmgr.32
 .group         0x0000000000000000        0x8 core/virtmgr.32
 .text._ZN3CPU7readCR3Ev
                0x0000000000000000       0x12 core/virtmgr.32
 .text._ZN3CPU8writeCR3Em
                0x0000000000000000        0x9 core/virtmgr.32
 .comment       0x0000000000000000       0x12 core/virtmgr.32
 .comment       0x0000000000000000       0x12 coreobjs/c++.32
 .comment       0x0000000000000000       0x12 dbg/kconsole.32
 .group         0x0000000000000000        0xc fs/vfs.32
 .group         0x0000000000000000        0xc fs/vfs.32
 .group         0x0000000000000000        0xc fs/vfs.32
 .comment       0x0000000000000000       0x12 fs/vfs.32
 .group         0x0000000000000000        0xc hal/bus.32
 .comment       0x0000000000000000       0x12 hal/bus.32
 .group         0x0000000000000000        0xc hal/buzzer.32
 .comment       0x0000000000000000       0x12 hal/buzzer.32
 .group         0x0000000000000000        0xc hal/clock.32
 .comment       0x0000000000000000       0x12 hal/clock.32
 .group         0x0000000000000000       0x14 hal/device.32
 .group         0x0000000000000000        0xc hal/device.32
 .group         0x0000000000000000        0xc hal/device.32
[...]
Memory Configuration

Name             Origin             Length             Attributes
*default*        0x0000000000000000 0xffffffffffffffff

Linker script and memory map

LOAD D:/Users/Alex/Desktop/Banana/kernel/boot.32
LOAD crti.32
LOAD /cygdrive/d/Users/Alex/Desktop/Toolchain/Output/bin/../lib/gcc/i386-banana/8.1.0/crtbegin.o
LOAD D:/Users/Alex/Desktop/Banana/kernel/morenasm.32
LOAD acpica/utclib.32
LOAD core/malloc.32
LOAD libk/string.32
LOAD fs/fat/diskio.32
LOAD fs/fat/ff.32
LOAD fs/fat/ffsystem.32
LOAD fs/fat/ffunicode.32
LOAD hal/libresample/samplerate.32
LOAD hal/libresample/src_linear.32
LOAD hal/libresample/src_sinc.32
LOAD hal/libresample/src_zoh.32
LOAD core/computer.32
LOAD core/gdt.32
LOAD core/idle.32
LOAD core/idt.32
LOAD core/kheap.32
LOAD core/main.32
LOAD core/physmgr.32
LOAD core/pipe.32
LOAD core/terminal.32
LOAD core/tss.32
LOAD core/unixfile.32
LOAD core/virtmgr.32
LOAD coreobjs/c++.32
LOAD dbg/kconsole.32
LOAD fs/vfs.32
LOAD hal/bus.32
LOAD hal/buzzer.32
LOAD hal/clock.32
LOAD hal/device.32
LOAD hal/diskctrl.32
LOAD hal/diskphys.32
LOAD hal/fpu.32
LOAD hal/intctrl.32
LOAD hal/keybrd.32
LOAD hal/logidisk.32
LOAD hal/mouse.32
LOAD hal/partition.32
LOAD hal/timer.32
LOAD hal/vcache.32
LOAD hal/video.32
LOAD hw/acpi.32
LOAD hw/cpu.32
LOAD hw/ports.32
LOAD krnl/panic.32
LOAD reg/registry.32
LOAD sys/sc_exit.32
LOAD sys/sc_loaddll.32
LOAD sys/sc_read.32
LOAD sys/sc_sbrk.32
LOAD sys/sc_write.32
LOAD sys/sc_yield.32
LOAD sys/syscalls.32
LOAD thr/elf.32
LOAD thr/prcssthr.32
LOAD vm86/vm8086.32
LOAD fs/fat/vfslink.32
LOAD fs/iso9660/vfslink.32
LOAD hal/sound/sndchannel.32
LOAD hal/sound/sndhw.32
LOAD hw/bus/isa.32
LOAD hw/bus/pci.32
LOAD hw/diskctrl/ide.32
LOAD hw/diskphys/ata.32
LOAD hw/diskphys/atapi.32
LOAD hw/fpu/avx.32
LOAD hw/fpu/mmx.32
LOAD hw/fpu/sse.32
LOAD hw/fpu/x87.32
LOAD hw/intctrl/apic.32
LOAD hw/intctrl/pic.32
LOAD hw/timer/apictimer.32
LOAD hw/timer/pit.32
LOAD hw/fpu/x86/avx.32
LOAD hw/fpu/x86/sse.32
LOAD hw/fpu/x86/x87.32
LOAD /cygdrive/d/Users/Alex/Desktop/Toolchain/Output/bin/../lib/gcc/i386-banana/8.1.0/crtend.o
LOAD crtn.32
LOAD /cygdrive/d/Users/Alex/Desktop/Toolchain/Output/bin/../lib/gcc/i386-banana/8.1.0/libgcc.a
LOAD D:/Users/Alex/Desktop/Banana/kernel/libk/libm32.a
                0x00000000c0000000                . = 0xc0000000

.text           0x00000000c0000000    0x1e618
 *(.text)
 .text          0x00000000c0000000       0x41 D:/Users/Alex/Desktop/Banana/kernel/boot.32
                0x00000000c0000020                callGlobalConstructors
 .text          0x00000000c0000041        0x0 crti.32
 *fill*         0x00000000c0000041        0x3 
 .text          0x00000000c0000044      0x101 /cygdrive/d/Users/Alex/Desktop/Toolchain/Output/bin/../lib/gcc/i386-banana/8.1.0/crtbegin.o
 *fill*         0x00000000c0000145        0xb 
 .text          0x00000000c0000150      0x41f D:/Users/Alex/Desktop/Banana/kernel/morenasm.32
                0x00000000c0000150                doTPAUSE
                0x00000000c000015a                hasLegacyFPU
                0x00000000c000017f                is486
                0x00000000c00001b5                goToVM86
                0x00000000c00001e6                goToUsermode
                0x00000000c0000211                switchToThreadASMFirstTime
                0x00000000c000021f                switchToThreadASM
                0x00000000c00002bf                detectCPUID
                0x00000000c00002d5                asmQuickAcquireLock
                0x00000000c00002f3                asmQuickReleaseLock
                0x00000000c00002ff                asmAcquireLock
                0x00000000c0000320                asmReleaseLock
                0x00000000c0000333                loadGDT
                0x00000000c0000353                isr0
                0x00000000c0000363                isr1
                0x00000000c000036d                isr2
                0x00000000c0000377                isr3
                0x00000000c0000381                isr4
                0x00000000c000038b                isr5
                0x00000000c0000395                isr6
                0x00000000c000039f                isr7
                0x00000000c00003a9                isr8
                0x00000000c00003b1                isr9
                0x00000000c00003bb                isr10
                0x00000000c00003c3                isr11
                0x00000000c00003cb                isr12
                0x00000000c00003d3                isr13
                0x00000000c00003db                isr14
                0x00000000c00003e3                isr15
                0x00000000c00003ed                isr16
                0x00000000c00003f7                isr17
                0x00000000c0000401                isr18
                0x00000000c000040b                isr96
                0x00000000c0000415                irq0
                0x00000000c000041f                irq1
                0x00000000c0000429                irq2
                0x00000000c0000433                irq3
                0x00000000c000043d                irq4
                0x00000000c0000447                irq5
                0x00000000c0000451                irq6
                0x00000000c000045b                irq7
                0x00000000c0000465                irq8
                0x00000000c000046f                irq9
                0x00000000c0000479                irq10
                0x00000000c0000483                irq11
                0x00000000c000048d                irq12
                0x00000000c0000497                irq13
                0x00000000c00004a1                irq14
                0x00000000c00004ab                irq15
                0x00000000c00004b5                irq16
                0x00000000c00004bf                irq17
                0x00000000c00004c9                irq18
                0x00000000c00004d3                irq19
                0x00000000c00004dd                irq20
                0x00000000c00004e7                irq21
                0x00000000c00004f1                irq22
                0x00000000c00004fb                irq23
                0x00000000c0000505                int_common_stub
                0x00000000c0000535                syscall_common_stub
 .text          0x00000000c000056f      0x40f acpica/utclib.32
                0x00000000c000056f                memcmp
                0x00000000c000059a                memmove
                0x00000000c00005d2                memcpy
                0x00000000c0000608                memset
                0x00000000c0000625                strlen
                0x00000000c0000635                strpbrk
                0x00000000c0000658                strtok
                0x00000000c00006a7                strcpy
                0x00000000c00006c7                strncpy
                0x00000000c00006f8                strcmp
                0x00000000c0000719                strchr
                0x00000000c000072f                strncmp
                0x00000000c000075e                strcat
                0x00000000c0000785                strncat
                0x00000000c00007bf                strstr
                0x00000000c00007fc                toupper
                0x00000000c0000810                tolower
                0x00000000c0000824                simple_strtoul
 .text          0x00000000c000097e      0xfbf core/malloc.32
                0x00000000c0000ae9                dlfree
                0x00000000c0000e44                dlmalloc
                0x00000000c0001381                dlrealloc
                0x00000000c0001536                dlmemalign
                0x00000000c0001659                dlcalloc
                0x00000000c00016f3                dlcfree
                0x00000000c00016f8                dlindependent_calloc
                0x00000000c000171d                dlindependent_comalloc
                0x00000000c0001734                dlvalloc
                0x00000000c000175f                dlpvalloc
                0x00000000c0001795                dlmalloc_trim
                0x00000000c00017a2                dlmalloc_usable_size
                0x00000000c00017d3                dlmallinfo
                0x00000000c00018a2                dlmalloc_stats
                0x00000000c00018b3                dlmallopt
 .text          0x00000000c000193d        0x0 libk/string.32
 .text          0x00000000c000193d       0x51 fs/fat/diskio.32
                0x00000000c000193d                disk_status
                0x00000000c0001940                disk_initialize
                0x00000000c0001943                disk_read
                0x00000000c0001959                disk_write
                0x00000000c000196f                disk_ioctl
 .text          0x00000000c000198e     0x6833 fs/fat/ff.32
                0x00000000c0004c5c                f_mount
                0x00000000c0004cbe                f_open
                0x00000000c00050fa                f_read
                0x00000000c000537a                f_write
                0x00000000c0005634                f_sync
                0x00000000c0005810                f_close
                0x00000000c000583f                f_lseek
                0x00000000c0005cf6                f_opendir
                0x00000000c0005df8                f_closedir
                0x00000000c0005e1a                f_readdir
                0x00000000c0005eb5                f_stat
                0x00000000c0005f44                f_getfree
                0x00000000c000610f                f_truncate
                0x00000000c0006207                f_unlink
                0x00000000c000638a                f_mkdir
                0x00000000c00065b6                f_rename
                0x00000000c00068a9                f_chmod
                0x00000000c0006987                f_utime
                0x00000000c0006a65                f_getlabel
                0x00000000c0006c53                f_setlabel
                0x00000000c0006ec0                f_forward
                0x00000000c000709e                f_mkfs
 .text          0x00000000c00081c1       0x2d fs/fat/ffsystem.32
                0x00000000c00081c1                ff_memalloc
                0x00000000c00081d7                ff_memfree
 .text          0x00000000c00081ee      0x253 fs/fat/ffunicode.32
                0x00000000c00081ee                ff_uni2oem
                0x00000000c000827e                ff_oem2uni
                0x00000000c00082ea                ff_wtoupper
 .text          0x00000000c0008441      0x70e hal/libresample/samplerate.32
                0x00000000c00084c9                src_delete
                0x00000000c0008505                src_process
                0x00000000c000862d                src_callback_read
                0x00000000c000878e                src_set_ratio
                0x00000000c00087e5                src_get_channels
                0x00000000c0008807                src_reset
                0x00000000c000884b                src_new
                0x00000000c00088d9                src_callback_new
                0x00000000c000893b                src_get_name
                0x00000000c0008972                src_get_description
                0x00000000c00089a9                src_get_version
                0x00000000c00089af                src_is_valid_ratio
                0x00000000c00089c9                src_error
                0x00000000c00089d7                src_strerror
                0x00000000c00089ea                src_simple
                0x00000000c0008a3d                src_short_to_float_array
                0x00000000c0008a63                src_float_to_short_array
                0x00000000c0008ac7                src_int_to_float_array
                0x00000000c0008aed                src_float_to_int_array
 .text          0x00000000c0008b4f      0x3fd hal/libresample/src_linear.32
                0x00000000c0008ea7                linear_get_name
                0x00000000c0008eb6                linear_get_description
                0x00000000c0008ec5                linear_set_converter
 .text          0x00000000c0008f4c     0x1a3f hal/libresample/src_sinc.32
                0x00000000c000a8a2                sinc_get_name
                0x00000000c000a8b5                sinc_get_description
                0x00000000c000a8c8                sinc_set_converter
 .text          0x00000000c000a98b      0x3d3 hal/libresample/src_zoh.32
                0x00000000c000acb9                zoh_get_name
                0x00000000c000acc8                zoh_get_description
                0x00000000c000acd7                zoh_set_converter
 .text          0x00000000c000ad5e      0x695 core/computer.32
                0x00000000c000ad5e                Computer::close(int, int, void*)
                0x00000000c000ada2                Computer::Computer()
                0x00000000c000ada2                Computer::Computer()
                0x00000000c000aefe                Computer::setBootMessage(char const*)
                0x00000000c000af00                Computer::start()
                0x00000000c000afdc                firstTask()
                0x00000000c000afea                Computer::detectFeatures()
                0x00000000c000b1c4                Computer::displayFeatures()
                0x00000000c000b1c6                Computer::rdmsr(unsigned int)
                0x00000000c000b1f2                Computer::wrmsr(unsigned int, unsigned long long)
                0x00000000c000b22a                Computer::nmiEnabled()
                0x00000000c000b236                Computer::readCMOS(unsigned char)
                0x00000000c000b250                Computer::enableNMI(bool)
                0x00000000c000b268                Computer::open(int, int, void*)
                0x00000000c000b336                Computer::disableNMI()
                0x00000000c000b344                Computer::writeCMOS(unsigned char, unsigned char)
                0x00000000c000b362                Computer::handleNMI()
                0x00000000c000b3c8                Computer::setDiskActivityLight(int, bool)
 *fill*         0x00000000c000b3f3        0x1 
 .text          0x00000000c000b3f4      0x1b7 core/gdt.32
                0x00000000c000b3f4                GDTEntry::setBase(unsigned int)
                0x00000000c000b410                GDTEntry::setLimit(unsigned int)
                0x00000000c000b42e                GDT::GDT()
                0x00000000c000b42e                GDT::GDT()
                0x00000000c000b444                GDT::addEntry(GDTEntry)
                0x00000000c000b480                GDT::getNumberOfEntries()
                0x00000000c000b488                GDT::flush()
                0x00000000c000b4aa                GDT::setup()
 .text          0x00000000c000b5ab       0x61 core/idle.32
                0x00000000c000b5ab                idleFunction(void*)
 .text          0x00000000c000b60c      0x45f core/idt.32
                0x00000000c000b60c                IDTEntry::IDTEntry(bool)
                0x00000000c000b60c                IDTEntry::IDTEntry(bool)
                0x00000000c000b67a                IDTEntry::setOffset(unsigned int)
                0x00000000c000b68e                IDT::IDT()
                0x00000000c000b68e                IDT::IDT()
                0x00000000c000b690                IDT::getPointerToInvalidOpcodeEntryForF00F()
                0x00000000c000b698                IDT::addEntry(IDTEntry, int)
                0x00000000c000b6b2                IDT::addEntry(int, void (*)(), bool)
                0x00000000c000b6ea                IDT::flush()
                0x00000000c000b704                IDT::setup()
 .text          0x00000000c000ba6b      0x20d core/kheap.32
                0x00000000c000ba6b                sbrk
                0x00000000c000bb83                mmap
                0x00000000c000bb99                munmap
                0x00000000c000bbaf                liballoc_lock()
                0x00000000c000bbc0                liballoc_unlock()
                0x00000000c000bbd1                liballoc_alloc(int)
                0x00000000c000bbec                liballoc_free(void*, int)
                0x00000000c000bc0a                realloc
                0x00000000c000bc1e                malloc
                0x00000000c000bc2e                free
                0x00000000c000bc3e                rfree
                0x00000000c000bc4e                calloc
 .text          0x00000000c000bc78      0x38d core/main.32
                0x00000000c000bc78                hwTextMode_loadInData(VgaText*)
                0x00000000c000bcbd                hwTextMode_loadInTitle(VgaText*, char*)
                0x00000000c000bcff                hwTextMode_showCursor(VgaText*, bool)
                0x00000000c000bd53                hwTextMode_update(VgaText*)
                0x00000000c000bd54                hwTextMode_updateCursor(VgaText*)
                0x00000000c000bd9c                hwTextMode_disableBlink(VgaText*, bool)
                0x00000000c000bdd8                hwTextMode_scrollScreen(VgaText*)
                0x00000000c000be5e                hwTextMode_writeCharacter(VgaText*, char, VgaColour, VgaColour, int, int)
                0x00000000c000bebc                setupTextMode()
                0x00000000c000bf0d                kernel_main
 .text          0x00000000c000c005      0x4f3 core/physmgr.32
                0x00000000c000c005                Phys::allocateDMA(unsigned long)
                0x00000000c000c0a8                Phys::freeDMA(unsigned long, unsigned long)
                0x00000000c000c0f0                Phys::setPageState(unsigned long, bool)
                0x00000000c000c122                Phys::getPageState(unsigned long)
                0x00000000c000c13e                Phys::freePage(unsigned long)
                0x00000000c000c1c8                Phys::allocatePage()
                0x00000000c000c290                Phys::allowSegmentToBeUsed(unsigned long, unsigned long)
                0x00000000c000c2c8                Phys::physicalMemorySetup(unsigned int)
 .text          0x00000000c000c4f8      0x273 core/pipe.32
                0x00000000c000c4f8                Pipe::isAtty()
                0x00000000c000c4fc                Pipe::~Pipe()
                0x00000000c000c4fc                Pipe::~Pipe()
                0x00000000c000c520                Pipe::~Pipe()
                0x00000000c000c548                Pipe::read(unsigned long long, void*, int*)
                0x00000000c000c63c                Pipe::write(unsigned long long, void*, int*)
                0x00000000c000c704                Pipe::Pipe(int)
                0x00000000c000c704                Pipe::Pipe(int)
 *fill*         0x00000000c000c76b        0x1 
 .text          0x00000000c000c76c      0xf65 core/terminal.32
                0x00000000c000c76c                VgaText::isAtty()
                0x00000000c000c770                VgaText::~VgaText()
                0x00000000c000c770                VgaText::~VgaText()
                0x00000000c000c794                VgaText::~VgaText()
                0x00000000c000c7be                VgaText::read(unsigned long long, void*, int*)
                0x00000000c000c7de                setTerminalScrollLock(bool)
                0x00000000c000c7df                addToTerminalCycle(VgaText*)
                0x00000000c000c80c                installVgaTextImplementation()
                0x00000000c000c821                scrollTerminalScrollLock(int)
                0x00000000c000c822                VgaText::load()
                0x00000000c000c876                VgaText::updateCursor()
                0x00000000c000c890                VgaText::showCursor(bool)
                0x00000000c000c8a0                VgaText::disableBlink(bool)
                0x00000000c000c8da                VgaText::doANSI_SGR(int)
                0x00000000c000c966                VgaText::setDefaultBgColour(VgaColour)
                0x00000000c000c97c                VgaText::setDefaultFgColour(VgaColour)
                0x00000000c000c992                VgaText::setDefaultColours(VgaColour, VgaColour)
                0x00000000c000c9b2                VgaText::combineColours(unsigned char, unsigned char)
                0x00000000c000c9c4                VgaText::scrollScreen()
                0x00000000c000ca58                VgaText::combineCharAndColour(char, unsigned char)
                0x00000000c000ca6a                VgaText::writeCharacter(char, VgaColour, VgaColour, int, int)
                0x00000000c000caca                VgaText::getCursorX()
                0x00000000c000cad6                VgaText::getCursorY()
                0x00000000c000cae2                VgaText::setCursor(int, int)
                0x00000000c000cb00                VgaText::setCursorX(int)
                0x00000000c000cb1c                VgaText::setCursorY(int)
                0x00000000c000cb38                VgaText::incrementCursor(bool)
                0x00000000c000cba0                VgaText::updateRAMUsageDisplay(int)
                0x00000000c000cbfa                VgaText::updateDiskUsage()
                0x00000000c000cd60                VgaText::updateTitle()
                0x00000000c000cda6                VgaText::setTitleTextColour(VgaColour)
                0x00000000c000cdb6                VgaText::setTitleColour(VgaColour)
                0x00000000c000cdc6                VgaText::setTitle(char*)
                0x00000000c000cdec                VgaText::decrementCursor(bool)
                0x00000000c000ce14                VgaText::putchar(char, VgaColour, VgaColour)
                0x00000000c000cf10                VgaText::isShowingCursor()
                0x00000000c000cf1c                VgaText::isBlinkDisabled()
                0x00000000c000cf2a                VgaText::setCursorHeight(int)
                0x00000000c000cf48                VgaText::getCursorHeight()
                0x00000000c000cf53                setActiveTerminal(VgaText*)
                0x00000000c000d005                doTerminalCycle()
                0x00000000c000d022                VgaText::doUpdate()
                0x00000000c000d034                VgaText::puts(char const*, VgaColour, VgaColour)
                0x00000000c000d1f4                VgaText::clearScreen()
                0x00000000c000d258                VgaText::putchar(char)
                0x00000000c000d372                VgaText::puts(char const*)
                0x00000000c000d398                VgaText::putx(unsigned int)
                0x00000000c000d3de                VgaText::VgaText(char const*)
                0x00000000c000d3de                VgaText::VgaText(char const*)
                0x00000000c000d570                VgaText::receiveKey(unsigned char)
                0x00000000c000d658                VgaText::write(unsigned long long, void*, int*)
                0x00000000c000d6ac                newTerminal(char*)
 *fill*         0x00000000c000d6d1        0x1 
 .text          0x00000000c000d6d2      0x18f core/tss.32
                0x00000000c000d6d2                TSS::TSS()
                0x00000000c000d6d2                TSS::TSS()
                0x00000000c000d6e0                TSS::setESP(unsigned long)
                0x00000000c000d6f2                TSS::flush()
                0x00000000c000d712                TSS::setup(unsigned long, unsigned long)
 *fill*         0x00000000c000d861        0x1 
 .text          0x00000000c000d862      0x545 core/unixfile.32
                0x00000000c000d862                ReservedFilename::read(unsigned long long, void*, int*)
                0x00000000c000d8f8                ReservedFilename::isAtty()
                0x00000000c000d92e                ReservedFilename::write(unsigned long long, void*, int*)
                0x00000000c000d9c8                UnixFile::getFileDescriptor()
                0x00000000c000d9d0                UnixFile::UnixFile(int)
                0x00000000c000d9d0                UnixFile::UnixFile(int)
                0x00000000c000db40                ReservedFilename::ReservedFilename(int)
                0x00000000c000db40                ReservedFilename::ReservedFilename(int)
                0x00000000c000db72                UnixFile::~UnixFile()
                0x00000000c000db72                UnixFile::~UnixFile()
                0x00000000c000dc0a                UnixFile::~UnixFile()
                0x00000000c000dc32                ReservedFilename::~ReservedFilename()
                0x00000000c000dc32                ReservedFilename::~ReservedFilename()
                0x00000000c000dc56                ReservedFilename::~ReservedFilename()
                0x00000000c000dc7d                getFromFileDescriptor(int)
 *fill*         0x00000000c000dda7        0x1 
 .text          0x00000000c000dda8      0xe4f core/virtmgr.32
                0x00000000c000dda8                Virt::setPageState(unsigned long, Virt::VirtPageState)
                0x00000000c000dddd                Virt::getPageState(unsigned long)
                0x00000000c000de01                Virt::allocateKernelVirtualPages(int)
                0x00000000c000df12                Virt::virtualMemorySetup()
                0x00000000c000df91                Virt::getAKernelVAS()
                0x00000000c000df97                Virt::setupPageSwapping(int)
                0x00000000c000e0bc                VAS::VAS()
                0x00000000c000e0bc                VAS::VAS()
                0x00000000c000e0ec                VAS::VAS(VAS*)
                0x00000000c000e0ec                VAS::VAS(VAS*)
                0x00000000c000e110                VAS::getForeignPageTableEntry(bool, unsigned long)
                0x00000000c000e13c                VAS::getPageTableEntry(unsigned long)
                0x00000000c000e15b                Virt::freeKernelVirtualPages(unsigned long)
                0x00000000c000e27e                VAS::freeAllocatedPages(unsigned long)
                0x00000000c000e2a2                VAS::virtualToPhysical(unsigned long)
                0x00000000c000e2ba                VAS::mapOtherVASIn(bool, VAS*)
                0x00000000c000e2f0                VAS::~VAS()
                0x00000000c000e2f0                VAS::~VAS()
                0x00000000c000e45c                VAS::mapPage(unsigned long, unsigned long, int)
                0x00000000c000e55c                VAS::allocatePages(int, int)
                0x00000000c000e72c                VAS::setCPUSpecific(unsigned long)
                0x00000000c000e748                VAS::mapRange(unsigned long, unsigned long, int, int)
                0x00000000c000e812                VAS::mapForeignPage(bool, VAS*, unsigned long, unsigned long, int)
                0x00000000c000e900                VAS::VAS(bool)
                0x00000000c000e900                VAS::VAS(bool)
                0x00000000c000eb30                mapVASFirstTime
 .text          0x00000000c000ebf7       0x93 coreobjs/c++.32
                0x00000000c000ebf7                __cxa_atexit
                0x00000000c000ebfa                __cxa_finalize
                0x00000000c000ebfb                __stack_chk_fail
                0x00000000c000ec5b                __cxa_pure_virtual
                0x00000000c000ec6c                operator new(unsigned long)
                0x00000000c000ec71                operator new[](unsigned long)
                0x00000000c000ec76                operator delete(void*)
                0x00000000c000ec7b                operator delete(void*, unsigned long)
                0x00000000c000ec80                operator delete[](void*)
                0x00000000c000ec85                operator delete[](void*, unsigned long)
 .text          0x00000000c000ec8a      0x1ef dbg/kconsole.32
                0x00000000c000ec8a                Dbg::stringifyxWithBase(unsigned int, char*, int)
                0x00000000c000eceb                Dbg::logc(char)
                0x00000000c000ed02                Dbg::logs(char*)
                0x00000000c000ed1f                Dbg::logWriteInt(unsigned int)
                0x00000000c000ed3c                Dbg::logWriteIntBase(unsigned int, int)
                0x00000000c000ed5b                Dbg::kprintf(char const*, ...)
 *fill*         0x00000000c000ee79        0x1 
 .text          0x00000000c000ee7a      0xb68 fs/vfs.32
                0x00000000c000ee7a                File::read(unsigned long long, void*, int*)
                0x00000000c000eed2                File::write(unsigned long long, void*, int*)
                0x00000000c000ef2a                Directory::read(unsigned long long, void*, int*)
                0x00000000c000ef82                Directory::write(unsigned long long, void*, int*)
                0x00000000c000efb0                File::isAtty()
                0x00000000c000efb4                Directory::isAtty()
                0x00000000c000efb8                Filesystem::getlabel(LogicalDisk*, int, char*, unsigned int*)
                0x00000000c000efbe                Filesystem::setlabel(LogicalDisk*, int, char*)
                0x00000000c000efc4                File::~File()
                0x00000000c000efc4                File::~File()
                0x00000000c000efe8                File::~File()
                0x00000000c000f012                Directory::~Directory()
                0x00000000c000f012                Directory::~Directory()
                0x00000000c000f036                Directory::~Directory()
                0x00000000c000f060                Filesystem::Filesystem()
                0x00000000c000f060                Filesystem::Filesystem()
                0x00000000c000f084                Filesystem::~Filesystem()
                0x00000000c000f084                Filesystem::~Filesystem()
                0x00000000c000f092                Filesystem::~Filesystem()
                0x00000000c000f0b6                initVFS()
                0x00000000c000f0e0                standardiseFiles(char*, char const*, char const*)
                0x00000000c000f28a                File::File(char const*, Process*)
                0x00000000c000f28a                File::File(char const*, Process*)
                0x00000000c000f2ee                File::open(FileOpenMode)
                0x00000000c000f34c                File::close()
                0x00000000c000f3ac                File::seek(unsigned long long)
                0x00000000c000f402                File::tell(unsigned long long*)
                0x00000000c000f452                File::rewind()
                0x00000000c000f466                File::unlink()
                0x00000000c000f4b2                File::rename(char const*)
                0x00000000c000f500                File::chfatattr(unsigned char, unsigned char)
                0x00000000c000f55c                File::exists()
                0x00000000c000f59a                File::stat(unsigned long long*, bool*)
                0x00000000c000f5fb                getcwd(Process*, char*, int)
                0x00000000c000f625                setcwd(Process*, char*)
                0x00000000c000f74c                Directory::Directory(char const*, Process*)
                0x00000000c000f74c                Directory::Directory(char const*, Process*)
                0x00000000c000f7b0                Directory::open()
                0x00000000c000f80c                Directory::close()
                0x00000000c000f86c                Directory::unlink()
                0x00000000c000f8b8                Directory::rename(char const*)
                0x00000000c000f906                Directory::exists()
                0x00000000c000f944                Directory::read(dirent*)
                0x00000000c000f990                Directory::create()
                0x00000000c000f9dc                Filesystem::chfatattr(char const*, unsigned char, unsigned char)
 .text          0x00000000c000f9e2       0x84 hal/bus.32
                0x00000000c000f9e2                Bus::Bus(char const*)
                0x00000000c000f9e2                Bus::Bus(char const*)
                0x00000000c000fa18                Bus::~Bus()
                0x00000000c000fa18                Bus::~Bus()
                0x00000000c000fa3c                Bus::~Bus()
 .text          0x00000000c000fa66      0x14e hal/buzzer.32
                0x00000000c000fa66                Buzzer::Buzzer(char const*)
                0x00000000c000fa66                Buzzer::Buzzer(char const*)
                0x00000000c000faaa                Buzzer::~Buzzer()
                0x00000000c000faaa                Buzzer::~Buzzer()
                0x00000000c000face                Buzzer::~Buzzer()
                0x00000000c000faf8                Buzzer::stop()
                0x00000000c000fb0b                beepThread(void*)
                0x00000000c000fb46                Buzzer::beep(int, int, bool)
 .text          0x00000000c000fbb4      0x42f hal/clock.32
                0x00000000c000fbb4                loadClockSettings()
                0x00000000c000fbce                Clock::Clock(char const*)
                0x00000000c000fbce                Clock::Clock(char const*)
                0x00000000c000fc04                Clock::~Clock()
                0x00000000c000fc04                Clock::~Clock()
                0x00000000c000fc28                Clock::~Clock()
                0x00000000c000fc52                Clock::timeInSecondsLocal()
                0x00000000c000fc9a                Clock::setTimeInSecondsLocal(unsigned long long)
                0x00000000c000fcf3                datetimeToSeconds(datetime_t)
                0x00000000c000fe1a                Clock::setTimeInDatetimeLocal(datetime_t)
                0x00000000c000fe7a                secondsToDatetime(unsigned long long)
                0x00000000c000ffbe                Clock::timeInDatetimeLocal()
 *fill*         0x00000000c000ffe3        0x1 
 .text          0x00000000c000ffe4      0x504 hal/device.32
                0x00000000c000ffe4                Device::hibernate()
                0x00000000c000ffe6                Device::wake()
                0x00000000c000ffe8                Device::detect()
                0x00000000c000ffea                Device::disableLegacy()
                0x00000000c000ffec                Device::powerSaving(PowerSavingLevel)
                0x00000000c000ffee                DriverlessDevice::close(int, int, void*)
                0x00000000c000fff2                DriverlessDevice::detect()
                0x00000000c000fff4                DriverlessDevice::open(int, int, void*)
                0x00000000c0010008                Device::~Device()
                0x00000000c0010008                Device::~Device()
                0x00000000c0010016                Device::~Device()
                0x00000000c001003e                Device::findAndLoadDriver()
                0x00000000c0010040                Device::preOpenPCI(PCIDeviceInfo)
                0x00000000c0010066                Device::preOpenACPI(void*, char*, char*)
                0x00000000c00100ba                Device::addIRQHandler(int, void (*)(regs*, void*), bool, void*)
                0x00000000c0010118                Device::removeIRQHandler(int, void (*)(regs*, void*), bool)
                0x00000000c0010166                Device::addChild(Device*)
                0x00000000c00101aa                Device::removeAllChildren()
                0x00000000c00101f0                Device::hibernateAll()
                0x00000000c0010220                Device::wakeAll()
                0x00000000c0010250                Device::detectAll()
                0x00000000c0010280                Device::disableLegacyAll()
                0x00000000c00102b0                Device::loadDriversForAll()
                0x00000000c00102dc                Device::closeAll()
                0x00000000c0010312                Device::powerSavingAll(PowerSavingLevel)
                0x00000000c0010348                Device::setName(char const*)
                0x00000000c0010356                Device::Device(char const*)
                0x00000000c0010356                Device::Device(char const*)
                0x00000000c0010448                Device::getName()
                0x00000000c0010452                DriverlessDevice::DriverlessDevice(char const*)
                0x00000000c0010452                DriverlessDevice::DriverlessDevice(char const*)
                0x00000000c001047a                Device::addToLinkedList(LinkedList<Device>&, DeviceType)
                0x00000000c00104be                getDevicesOfType(DeviceType)
 .text          0x00000000c00104e8       0x84 hal/diskctrl.32
                0x00000000c00104e8                HardDiskController::HardDiskController(char const*)
                0x00000000c00104e8                HardDiskController::HardDiskController(char const*)
                0x00000000c001051e                HardDiskController::~HardDiskController()
                0x00000000c001051e                HardDiskController::~HardDiskController()
                0x00000000c0010542                HardDiskController::~HardDiskController()
 .text          0x00000000c001056c       0xde hal/diskphys.32
                0x00000000c001056c                PhysicalDisk::PhysicalDisk(char const*, int)
                0x00000000c001056c                PhysicalDisk::PhysicalDisk(char const*, int)
                0x00000000c00105d4                PhysicalDisk::startCache()
                0x00000000c00105fc                PhysicalDisk::~PhysicalDisk()
                0x00000000c00105fc                PhysicalDisk::~PhysicalDisk()
                0x00000000c0010620                PhysicalDisk::~PhysicalDisk()
 .text          0x00000000c001064a      0x142 hal/fpu.32
                0x00000000c001064a                FPU::FPU(char const*)
                0x00000000c001064a                FPU::FPU(char const*)
                0x00000000c0010680                FPU::~FPU()
                0x00000000c0010680                FPU::~FPU()
                0x00000000c00106a4                FPU::~FPU()
                0x00000000c00106ce                setupFPU()
 .text          0x00000000c001078c      0xc21 hal/intctrl.32
                0x00000000c001078c                InterruptController::uninstallISRHandler(int, void (*)(regs*, void*))
                0x00000000c00107c4                InterruptController::installISRHandler(int, void (*)(regs*, void*), void*)
                0x00000000c0010816                doubleFault(regs*, void*)
                0x00000000c0010824                InterruptController::installIRQHandler(int, void (*)(regs*, void*), bool, void*)
                0x00000000c00108c0                InterruptController::clearAllHandlers(int, bool)
                0x00000000c0010968                InterruptController::uninstallIRQHandler(int, void (*)(regs*, void*), bool)
                0x00000000c00109ef                nmiHandler(regs*, void*)
                0x00000000c00109fd                int_handler
                0x00000000c0010a98                InterruptController::InterruptController(char const*)
                0x00000000c0010a98                InterruptController::InterruptController(char const*)
                0x00000000c0010b3e                InterruptController::~InterruptController()
                0x00000000c0010b3e                InterruptController::~InterruptController()
                0x00000000c0010b62                InterruptController::~InterruptController()
                0x00000000c0010b8c                displayDebugInfo(regs*)
                0x00000000c0010fa3                x87EmulHandler(regs*, void*)
                0x00000000c0011006                gpFault(regs*, void*)
                0x00000000c001103f                pgFault(regs*, void*)
                0x00000000c0011056                otherISRHandler(regs*, void*)
                0x00000000c0011075                opcodeFault(regs*, void*)
                0x00000000c00110df                displayProgramFault(char const*)
                0x00000000c0011108                InterruptController::convertLegacyIRQNumber(int)
                0x00000000c0011152                setupInterruptController()
 *fill*         0x00000000c00113ad        0x1 
 .text          0x00000000c00113ae      0x608 hal/keybrd.32
                0x00000000c00113ae                startGUI(void*)
                0x00000000c0011420                sendKeyToTerminal(unsigned char)
                0x00000000c001148c                sendKeyboardToken(KeyboardToken)
                0x00000000c0011867                clearInternalKeybuffer(VgaText*)
                0x00000000c001189c                readKeyboard(VgaText*, char*, unsigned long)
                0x00000000c001192c                Keyboard::Keyboard(char const*)
                0x00000000c001192c                Keyboard::Keyboard(char const*)
                0x00000000c0011968                Keyboard::~Keyboard()
                0x00000000c0011968                Keyboard::~Keyboard()
                0x00000000c001198c                Keyboard::~Keyboard()
 .text          0x00000000c00119b6      0x400 hal/logidisk.32
                0x00000000c00119b6                LogicalDisk::close(int, int, void*)
                0x00000000c00119ba                LogicalDisk::~LogicalDisk()
                0x00000000c00119ba                LogicalDisk::~LogicalDisk()
                0x00000000c00119de                LogicalDisk::~LogicalDisk()
                0x00000000c0011a08                LogicalDisk::open(int, int, void*)
                0x00000000c0011a1c                LogicalDisk::absoluteToRelative(unsigned long long)
                0x00000000c0011a54                LogicalDisk::relativeToAbsolute(unsigned long long)
                0x00000000c0011a9a                LogicalDisk::LogicalDisk(char const*, PhysicalDisk*, unsigned long long, unsigned long long)
                0x00000000c0011a9a                LogicalDisk::LogicalDisk(char const*, PhysicalDisk*, unsigned long long, unsigned long long)
                0x00000000c0011b50                LogicalDisk::assignDriveLetter()
                0x00000000c0011c06                LogicalDisk::mount()
                0x00000000c0011c78                LogicalDisk::unmount()
                0x00000000c0011c88                LogicalDisk::unassignDriveLetter()
                0x00000000c0011cde                LogicalDisk::read(unsigned long long, int, void*)
                0x00000000c0011d4a                LogicalDisk::write(unsigned long long, int, void*)
 .text          0x00000000c0011db6       0x84 hal/mouse.32
                0x00000000c0011db6                Mouse::Mouse(char const*)
                0x00000000c0011db6                Mouse::Mouse(char const*)
                0x00000000c0011dec                Mouse::~Mouse()
                0x00000000c0011dec                Mouse::~Mouse()
                0x00000000c0011e10                Mouse::~Mouse()
 .text          0x00000000c0011e3a      0x339 hal/partition.32
                0x00000000c0011e3a                makePartition(PhysicalDisk*, unsigned long long, unsigned long long)
                0x00000000c0011ee2                createPartitionsForDisk(PhysicalDisk*)
 *fill*         0x00000000c0012173        0x1 
 .text          0x00000000c0012174      0x2e7 hal/timer.32
                0x00000000c0012174                Timer::Timer(char const*)
                0x00000000c0012174                Timer::Timer(char const*)
                0x00000000c00121aa                Timer::~Timer()
                0x00000000c00121aa                Timer::~Timer()
                0x00000000c00121ce                Timer::~Timer()
                0x00000000c00121f8                Timer::read()
                0x00000000c0012203                timerHandler(unsigned long long)
                0x00000000c001233a                setupTimer(int)
 *fill*         0x00000000c001245b        0x1 
 .text          0x00000000c001245c      0x2d1 hal/vcache.32
                0x00000000c001245c                VCache::VCache(PhysicalDisk*)
                0x00000000c001245c                VCache::VCache(PhysicalDisk*)
                0x00000000c001254c                VCache::writeWriteBuffer()
                0x00000000c0012588                VCache::~VCache()
                0x00000000c0012588                VCache::~VCache()
                0x00000000c00125c8                VCache::~VCache()
                0x00000000c00125f0                VCache::write(unsigned long long, int, void*)
                0x00000000c00126d4                VCache::read(unsigned long long, int, void*)
 *fill*         0x00000000c001272d        0x1 
 .text          0x00000000c001272e      0x26d hal/video.32
                0x00000000c001272e                Video::putrect(int, int, int, int, unsigned int)
                0x00000000c0012778                Video::blit(unsigned int*, int, int, int, int)
                0x00000000c00127f6                Video::clearScreen(unsigned int)
                0x00000000c001282a                Video::putpixel(int, int, unsigned int)
                0x00000000c0012838                Video::Video(char const*)
                0x00000000c0012838                Video::Video(char const*)
                0x00000000c001286e                Video::~Video()
                0x00000000c001286e                Video::~Video()
                0x00000000c0012892                Video::~Video()
                0x00000000c00128bc                Video::isMonochrome()
                0x00000000c00128c8                Video::getWidth()
                0x00000000c00128d4                Video::getHeight()
                0x00000000c00128e0                Video::drawCursor(int, int, unsigned char*, int)
 *fill*         0x00000000c001299b        0x1 
 .text          0x00000000c001299c      0xd28 hw/acpi.32
                0x00000000c001299c                ACPI::close(int, int, void*)
                0x00000000c0012a51                findRSDP()
                0x00000000c0012adb                loadACPITables(unsigned char*)
                0x00000000c0012d02                findRSDT(unsigned char*)
                0x00000000c0012e20                findDataTable(unsigned char*, char*)
                0x00000000c0012ebc                scanMADT()
                0x00000000c0013250                ACPI::ACPI()
                0x00000000c0013250                ACPI::ACPI()
                0x00000000c00132b0                ACPI::getPCIIRQAssignment(unsigned char, unsigned short, unsigned char)
                0x00000000c0013392                ACPI::registerPCIIRQAssignment(void*, unsigned short, unsigned char, unsigned char)
                0x00000000c0013498                ACPI::setScreenBrightnessLevel(void*, int)
                0x00000000c001349e                ACPI::writeSimpleBootFlag(SimpleBootFlagTable*)
                0x00000000c00134e6                ACPI::open(int, int, void*)
                0x00000000c00136ac                ACPI::sleep()
 .text          0x00000000c00136c4     0x132c hw/cpu.32
                0x00000000c00136c4                CPU::close(int, int, void*)
                0x00000000c00136c7                lookupAMDCPUName(unsigned char, unsigned char)
                0x00000000c001385b                lookupIntelCPUName(unsigned char, unsigned char)
                0x00000000c0013b09                AMD_K6_write_msr(unsigned int, unsigned int, unsigned int, REGS*)
                0x00000000c0013b25                AMD_K6_read_msr(unsigned int, REGS*)
                0x00000000c0013b3d                AMD_K6_writeback(int, int, int)
                0x00000000c0013bb0                cpuid(int, unsigned long*, unsigned long*, unsigned long*, unsigned long*)
                0x00000000c0013c33                cpuidCheckEDX(unsigned int)
                0x00000000c0013c60                cpuidCheckECX(unsigned int)
                0x00000000c0013c8d                cpuidCheckExtendedEBX(unsigned int)
                0x00000000c0013cba                cpuidCheckExtendedECX(unsigned int)
                0x00000000c0013ce7                getCPUNumber()
                0x00000000c0013cea                thisCPU()
                0x00000000c0013cfe                CPU::CPU()
                0x00000000c0013cfe                CPU::CPU()
                0x00000000c0013d8c                CPU::displayFeatures()
                0x00000000c0013d8e                CPU::detectFeatures()
                0x00000000c0014780                CPU::setupSMEP()
                0x00000000c001479a                CPU::setupUMIP()
                0x00000000c00147b2                CPU::setupTSC()
                0x00000000c00147ca                CPU::setupLargePages()
                0x00000000c00147e2                CPU::setupPAT()
                0x00000000c001481e                CPU::setupMTRR()
                0x00000000c0014820                CPU::setupGlobalPages()
                0x00000000c0014836                CPU::allowUsermodeDataAccess()
                0x00000000c0014848                CPU::prohibitUsermodeDataAccess()
                0x00000000c001485a                CPU::setupSMAP()
                0x00000000c0014880                CPU::setupFeatures()
                0x00000000c0014922                CPU::open(int, int, void*)
 .text          0x00000000c00149f0        0x0 hw/ports.32
 .text          0x00000000c00149f0      0x33b krnl/panic.32
                0x00000000c00149f0                Krnl::panic(char const*)
 .text          0x00000000c0014d2b      0x503 reg/registry.32
                0x00000000c0014d2b                Reg::findLineFromLoadedData(char*, char*, char*)
                0x00000000c0014e83                Reg::getLineFromRegistry(char*, char*, char*, char*)
                0x00000000c0014fe2                Reg::getLine(char*, char*, char*)
                0x00000000c0015019                Reg::readInt(char*, char*, int*)
                0x00000000c0015104                Reg::readString(char*, char*, char*, int)
                0x00000000c0015185                Reg::readBool(char*, char*, bool*)
                0x00000000c00151aa                Reg::readBoolWithDefault(char*, char*, bool)
                0x00000000c00151d6                Reg::readIntWithDefault(char*, char*, int)
                0x00000000c0015202                Reg::readStringWithDefault(char*, char*, char*, int, char*)
 .text          0x00000000c001522e       0x18 sys/sc_exit.32
                0x00000000c001522e                Sys::exit(regs*)
 .text          0x00000000c0015246       0x95 sys/sc_loaddll.32
                0x00000000c0015246                Sys::loadDLL(regs*)
 .text          0x00000000c00152db       0x68 sys/sc_read.32
                0x00000000c00152db                Sys::read(regs*)
 .text          0x00000000c0015343       0x74 sys/sc_sbrk.32
                0x00000000c0015343                Sys::sbrk(regs*)
 .text          0x00000000c00153b7       0x83 sys/sc_write.32
                0x00000000c00153b7                Sys::write(regs*)
 .text          0x00000000c001543a       0x1a sys/sc_yield.32
                0x00000000c001543a                Sys::yield(regs*)
 .text          0x00000000c0015454      0xfdf sys/syscalls.32
                0x00000000c0015454                sysCallGetPID(regs*)
                0x00000000c0015460                sysCallSeekDir(regs*)
                0x00000000c0015465                sysCallTellDir(regs*)
                0x00000000c001546a                sysCallVerify(regs*)
                0x00000000c0015474                sysCallFork(regs*)
                0x00000000c001547f                sysCallExecve(regs*)
                0x00000000c001548a                sysFormatDisk(regs*)
                0x00000000c00154f4                sysSetDiskVolumeLabel(regs*)
                0x00000000c001553a                sysGetDiskVolumeLabel(regs*)
                0x00000000c001558b                sysShutdown(regs*)
                0x00000000c00155e9                sysCallGetCwd(regs*)
                0x00000000c0015608                sysCallSetCwd(regs*)
                0x00000000c0015624                sysCallRealpath(regs*)
                0x00000000c0015667                sysCallGetArgc(regs*)
                0x00000000c0015695                sysCallReadDir(regs*)
                0x00000000c0015723                sysCallIsATTY(regs*)
                0x00000000c001577d                sysCallSeek(regs*)
                0x00000000c00157e6                sysCallTell(regs*)
                0x00000000c0015863                sysCallSizeFromFilename(regs*)
                0x00000000c0015914                sysCallSize(regs*)
                0x00000000c0015997                sysCallClose(regs*)
                0x00000000c0015a1f                sysCallOpenDir(regs*)
                0x00000000c0015a8c                sysCallMakeDir(regs*)
                0x00000000c0015ae5                sysCallCloseDir(regs*)
                0x00000000c0015b4b                sysCallWait(regs*)
                0x00000000c0015b65                sysCallRmdir(regs*)
                0x00000000c0015bb7                sysCallUnlink(regs*)
                0x00000000c0015c09                sysCallGetArgv(regs*)
                0x00000000c0015c55                sysCallTTYName(regs*)
                0x00000000c0015cd8                sysCallGetEnv(regs*)
                0x00000000c0015d4c                sysCallUSleep(regs*)
                0x00000000c0015d73                sysCallSpawn(regs*)
                0x00000000c0015dcb                sysAppSettings(regs*)
                0x00000000c0015eea                sysSetFatAttrib(regs*)
                0x00000000c0015f4a                sysPanic(regs*)
                0x00000000c0015f70                sysPipe(regs*)
                0x00000000c0015fb5                sysGetUnixTime(regs*)
                0x00000000c0015fc9                string_ends_with(char const*, char const*)
                0x00000000c0016011                sysCallOpen(regs*)
                0x00000000c001621e                setupSystemCalls()
                0x00000000c00163d7                systemCall(regs*, void*)
 .text          0x00000000c0016433     0x1205 thr/elf.32
                0x00000000c0016433                Thr::allocateMemoryForTask(Process*, File*, unsigned long, unsigned long, unsigned long)
                0x00000000c00166b0                Thr::loadProgramIntoMemory(Process*, char const*)
                0x00000000c00168c6                Thr::runtimeReferenceHelper()
                0x00000000c00168d9                Thr::getAddressOfKernelSymbol(char const*)
                0x00000000c0016928                Thr::loadKernelSymbolTable(char const*)
                0x00000000c0016be9                Thr::loadDriverIntoMemory(char const*, unsigned long, bool)
                0x00000000c0017387                Thr::getDriverBaseFromAddress(unsigned long)
                0x00000000c00173b9                Thr::getDriverNameFromAddress(unsigned long)
                0x00000000c00173f0                Thr::getDriverOffsetFromAddress(unsigned long)
                0x00000000c001740a                Thr::loadDLL(char const*, bool)
                0x00000000c001760e                Thr::executeDLL(unsigned long, void*)
 .text          0x00000000c0017638      0xfce thr/prcssthr.32
                0x00000000c0017638                changeTSS
                0x00000000c0017666                Process::addArgs(char**)
                0x00000000c00176c0                Process::Process(char const*, Process*, char**)
                0x00000000c00176c0                Process::Process(char const*, Process*, char**)
                0x00000000c0017878                Process::Process(bool, char const*, Process*, char**)
                0x00000000c0017878                Process::Process(bool, char const*, Process*, char**)
                0x00000000c00179fb                disableIRQs()
                0x00000000c0017a03                getIRQNestingLevel()
                0x00000000c0017a09                enableIRQs()
                0x00000000c0017a18                lockScheduler()
                0x00000000c0017a1a                unlockScheduler()
                0x00000000c0017a1c                userModeEntryPoint(void*)
                0x00000000c0017a3f                lockStuff()
                0x00000000c0017a4b                taskStartupFunction
                0x00000000c0017a54                updateTimeUsed()
                0x00000000c0017ab2                switchToThread(ThreadControlBlock*)
                0x00000000c0017b02                Semaphore::Semaphore(int)
                0x00000000c0017b02                Semaphore::Semaphore(int)
                0x00000000c0017b30                Mutex::Mutex()
                0x00000000c0017b30                Mutex::Mutex()
                0x00000000c0017b42                Process::createThread(void (*)(void*), void*, int)
                0x00000000c0017c26                Process::createUserThread()
                0x00000000c0017c42                setupMultitasking(void (*)())
                0x00000000c0017d4c                schedule()
                0x00000000c0017dd1                unlockStuff()
                0x00000000c0017e06                Semaphore::tryAcquire()
                0x00000000c0017e34                Semaphore::assertLocked(char const*)
                0x00000000c0017e64                blockTaskWithSchedulerLockAlreadyHeld(TaskState)
                0x00000000c0017ea6                blockTask(TaskState)
                0x00000000c0017ec7                waitTask(int, int*, int)
                0x00000000c0017f09                nanoSleepUntil(unsigned long long)
                0x00000000c0017f60                nanoSleep(unsigned long long)
                0x00000000c0017f75                sleep(unsigned long long)
                0x00000000c0017f92                Semaphore::acquire()
                0x00000000c0017ffa                taskReturned
                0x00000000c0018028                unblockTask(ThreadControlBlock*)
                0x00000000c00180d7                cleanupTerminatedTask(ThreadControlBlock*)
                0x00000000c001837b                cleanerTaskFunction(void*)
                0x00000000c001842e                terminateTask(int)
                0x00000000c001850e                Thr::terminateFromIRQ(int)
                0x00000000c001851a                Semaphore::release()
 .text          0x00000000c0018606      0x8bf vm86/vm8086.32
                0x00000000c0018606                Vm::vm8086EntryPoint(void*)
                0x00000000c0018631                Vm::inbv(unsigned short)
                0x00000000c0018637                Vm::outbv(unsigned short, unsigned char)
                0x00000000c0018641                Vm::realToLinear(unsigned short, unsigned short)
                0x00000000c0018651                Vm::getSegment(unsigned int)
                0x00000000c0018659                Vm::getOffset(unsigned int)
                0x00000000c001865e                Vm::loadFileAsThread(Process*, char const*, unsigned short, unsigned short, unsigned short, unsigned short)
                0x00000000c001878d                Vm::doISR(regs*, int, unsigned char*, unsigned short, unsigned short)
                0x00000000c0018817                Vm::readByteFromReal(unsigned short, unsigned short)
                0x00000000c0018828                Vm::readWordFromReal(unsigned short, unsigned short)
                0x00000000c001883a                Vm::readDwordFromReal(unsigned short, unsigned short)
                0x00000000c001884b                Vm::writeByteFromReal(unsigned short, unsigned short, unsigned char)
                0x00000000c0018860                Vm::writeWordFromReal(unsigned short, unsigned short, unsigned short)
                0x00000000c0018876                Vm::writeDwordFromReal(unsigned short, unsigned short, unsigned int)
                0x00000000c001888b                Vm::faultHandler(regs*)
 *fill*         0x00000000c0018ec5        0x1 
 .text          0x00000000c0018ec6     0x10ed fs/fat/vfslink.32
                0x00000000c0018ec6                FAT::getName()
                0x00000000c0018ecc                FAT::tell(void*, unsigned long long*)
                0x00000000c0018f00                FAT::stat(void*, unsigned long long*)
                0x00000000c0018f34                FAT::~FAT()
                0x00000000c0018f34                FAT::~FAT()
                0x00000000c0018f58                FAT::~FAT()
                0x00000000c0018f80                FAT::getlabel(LogicalDisk*, int, char*, unsigned int*)
                0x00000000c001901e                FAT::setlabel(LogicalDisk*, int, char*)
                0x00000000c00190d8                FAT::format(LogicalDisk*, int, char const*, int)
                0x00000000c00192bc                FAT::tryMount(LogicalDisk*, int)
                0x00000000c00194c2                FAT::readDir(void*, unsigned long, void*, int*)
                0x00000000c00195c8                FAT::read(void*, unsigned long, void*, int*)
                0x00000000c0019622                FAT::write(void*, unsigned long, void*, int*)
                0x00000000c001967c                FAT::close(void*)
                0x00000000c00196c8                FAT::closeDir(void*)
                0x00000000c0019714                FAT::seek(void*, unsigned long long)
                0x00000000c0019768                fatWrapperReadDisk
                0x00000000c00197af                fatWrapperWriteDisk
                0x00000000c00197f6                fatWrapperIoctl
                0x00000000c00198fa                FAT::FAT()
                0x00000000c00198fa                FAT::FAT()
                0x00000000c001994c                FAT::fixFilepath(char*)
                0x00000000c0019984                FAT::open(char const*, void**, FileOpenMode)
                0x00000000c0019aac                FAT::openDir(char const*, void**)
                0x00000000c0019b52                FAT::stat(char const*, unsigned long long*, bool*)
                0x00000000c0019c3c                FAT::unlink(char const*)
                0x00000000c0019cb6                FAT::chfatattr(char const*, unsigned char, unsigned char)
                0x00000000c0019e0a                FAT::rename(char const*, char const*)
                0x00000000c0019ece                FAT::mkdir(char const*)
                0x00000000c0019f48                FAT::exists(char const*)
 *fill*         0x00000000c0019fb3        0x1 
 .text          0x00000000c0019fb4      0xbdf fs/iso9660/vfslink.32
                0x00000000c0019fb4                ISO9660::format(LogicalDisk*, int, char const*, int)
                0x00000000c0019fba                ISO9660::seek(void*, unsigned long long)
                0x00000000c0019fea                ISO9660::tell(void*, unsigned long long*)
                0x00000000c001a00e                ISO9660::getName()
                0x00000000c001a014                ISO9660::stat(void*, unsigned long long*)
                0x00000000c001a038                ISO9660::chfatattr(char const*, unsigned char, unsigned char)
                0x00000000c001a03e                ISO9660::unlink(char const*)
                0x00000000c001a044                ISO9660::write(void*, unsigned long, void*, int*)
                0x00000000c001a04a                ISO9660::rename(char const*, char const*)
                0x00000000c001a050                ISO9660::mkdir(char const*)
                0x00000000c001a056                ISO9660::close(void*)
                0x00000000c001a078                ISO9660::closeDir(void*)
                0x00000000c001a09a                ISO9660::~ISO9660()
                0x00000000c001a09a                ISO9660::~ISO9660()
                0x00000000c001a0be                ISO9660::~ISO9660()
                0x00000000c001a0e5                __memmem(unsigned char*, int, unsigned char*, int)
                0x00000000c001a127                readSectorFromCDROM(unsigned int, unsigned char*, char)
                0x00000000c001a18e                ISO9660::tryMount(LogicalDisk*, int)
                0x00000000c001a1de                ISO9660::read(void*, unsigned long, void*, int*)
                0x00000000c001a422                ISO9660::readDir(void*, unsigned long, void*, int*)
                0x00000000c001a6af                readRoot(unsigned int*, unsigned int*, char)
                0x00000000c001a704                readRecursively(char*, unsigned int, unsigned int, unsigned int*, unsigned int*, char, int*)
                0x00000000c001a8d7                getFileData(char*, unsigned int*, unsigned int*, char, int*)
                0x00000000c001a966                ISO9660::open(char const*, void**, FileOpenMode)
                0x00000000c001aa00                ISO9660::exists(char const*)
                0x00000000c001aa24                ISO9660::stat(char const*, unsigned long long*, bool*)
                0x00000000c001aab8                ISO9660::openDir(char const*, void**)
                0x00000000c001ab70                ISO9660::ISO9660()
                0x00000000c001ab70                ISO9660::ISO9660()
 *fill*         0x00000000c001ab93        0x1 
 .text          0x00000000c001ab94      0x244 hal/sound/sndchannel.32
                0x00000000c001ab94                SoundChannel::~SoundChannel()
                0x00000000c001ab94                SoundChannel::~SoundChannel()
                0x00000000c001abb0                SoundChannel::setSpeed(float)
                0x00000000c001abbc                SoundChannel::getSpeed()
                0x00000000c001abc4                SoundChannel::setVolume(int)
                0x00000000c001abe0                SoundChannel::getVolume()
                0x00000000c001abe8                SoundChannel::pause()
                0x00000000c001abf2                SoundChannel::SoundChannel(int, int, int, int)
                0x00000000c001abf2                SoundChannel::SoundChannel(int, int, int, int)
                0x00000000c001ace8                SoundChannel::play()
                0x00000000c001acf2                SoundChannel::paused()
                0x00000000c001acfa                SoundChannel::getSampleRate()
                0x00000000c001ad02                SoundChannel::getBits()
                0x00000000c001ad0a                SoundChannel::getBufferUsed()
                0x00000000c001ad12                SoundChannel::getBufferSize()
                0x00000000c001ad1a                SoundChannel::unbuffer(float*, int, int)
                0x00000000c001ad8c                SoundChannel::buffer8(unsigned char*, int)
 .text          0x00000000c001add8      0x317 hal/sound/sndhw.32
                0x00000000c001add8                SoundDevice::SoundDevice(char const*)
                0x00000000c001add8                SoundDevice::SoundDevice(char const*)
                0x00000000c001ae44                SoundDevice::~SoundDevice()
                0x00000000c001ae44                SoundDevice::~SoundDevice()
                0x00000000c001aebe                SoundDevice::~SoundDevice()
                0x00000000c001aee8                SoundDevice::getFreeChannelNum()
                0x00000000c001af02                SoundDevice::addChannel(SoundChannel*)
                0x00000000c001af72                SoundDevice::removeChannel(int)
                0x00000000c001afa4                SoundDevice::floatTo8(float*, unsigned char*, int)
                0x00000000c001b010                SoundDevice::getAudio(int, float*, float*)
 .text          0x00000000c001b0ef        0x0 hw/bus/isa.32
 *fill*         0x00000000c001b0ef        0x1 
 .text          0x00000000c001b0f0      0x6e5 hw/bus/pci.32
                0x00000000c001b0f0                PCI::open(int, int, void*)
                0x00000000c001b104                PCI::close(int, int, void*)
                0x00000000c001b108                PCI::PCI()
                0x00000000c001b108                PCI::PCI()
                0x00000000c001b188                PCI::pciReadWord(unsigned char, unsigned char, unsigned char, unsigned char)
                0x00000000c001b1d0                PCI::getVendorID(unsigned char, unsigned char, unsigned char)
                0x00000000c001b1f2                PCI::getHeaderType(unsigned char, unsigned char, unsigned char)
                0x00000000c001b216                PCI::getClassCode(unsigned char, unsigned char, unsigned char)
                0x00000000c001b25a                PCI::getProgIF(unsigned char, unsigned char, unsigned char)
                0x00000000c001b27e                PCI::getRevisionID(unsigned char, unsigned char, unsigned char)
                0x00000000c001b2a0                PCI::getInterruptNumber(unsigned char, unsigned char, unsigned char)
                0x00000000c001b2c2                PCI::getSecondaryBus(unsigned char, unsigned char, unsigned char)
                0x00000000c001b2e6                PCI::getBARAddress(unsigned char, unsigned char, unsigned char, unsigned char)
                0x00000000c001b346                PCI::pciWriteWord(unsigned char, unsigned char, unsigned char, unsigned char, unsigned short)
                0x00000000c001b3b2                PCI::checkBus(unsigned char)
                0x00000000c001b3d6                PCI::foundDevice(PCIDeviceInfo)
                0x00000000c001b546                PCI::getDeviceData(unsigned char, unsigned char, unsigned char)
                0x00000000c001b716                PCI::checkDevice(unsigned char, unsigned char)
                0x00000000c001b782                PCI::detect()
 *fill*         0x00000000c001b7d5        0x1 
 .text          0x00000000c001b7d6      0xc70 hw/diskctrl/ide.32
                0x00000000c001b7d6                IDE::close(int, int, void*)
                0x00000000c001b7da                IDE::IDE()
                0x00000000c001b7da                IDE::IDE()
                0x00000000c001b80e                IDE::prepareInterrupt(unsigned char)
                0x00000000c001b820                selectDrive(unsigned char, unsigned char)
                0x00000000c001b822                IDE::getBase(unsigned char)
                0x00000000c001b834                IDE::write(unsigned char, unsigned char, unsigned char)
                0x00000000c001b8f4                IDE::read(unsigned char, unsigned char)
                0x00000000c001b9a2                IDE::waitInterrupt(unsigned char)
                0x00000000c001ba08                ideChannel0IRQHandler(regs*, void*)
                0x00000000c001ba24                ideChannel1IRQHandler(regs*, void*)
                0x00000000c001ba40                IDE::enableIRQs(unsigned char, bool)
                0x00000000c001ba86                IDE::open(int, int, void*)
                0x00000000c001be96                IDE::readBuffer(unsigned char, unsigned char, unsigned int, unsigned int)
                0x00000000c001bf62                IDE::detect()
                0x00000000c001c24a                IDE::printError(unsigned char, unsigned char, unsigned char)
                0x00000000c001c3e0                IDE::polling(unsigned char, unsigned int)
 .text          0x00000000c001c446      0x62b hw/diskphys/ata.32
                0x00000000c001c446                ATA::close(int, int, void*)
                0x00000000c001c46a                ATA::powerSaving(PowerSavingLevel)
                0x00000000c001c46c                ATA::ATA()
                0x00000000c001c46c                ATA::ATA()
                0x00000000c001c49a                ATA::flush(bool)
                0x00000000c001c4e4                ATA::readyForCommand()
                0x00000000c001c534                ATA::access(unsigned long long, int, void*, bool)
                0x00000000c001c8b2                ATA::read(unsigned long long, int, void*)
                0x00000000c001c91a                ATA::write(unsigned long long, int, void*)
                0x00000000c001c982                ATA::detectCHS()
                0x00000000c001c9ac                ATA::open(int, int, void*)
 *fill*         0x00000000c001ca71        0x1 
 .text          0x00000000c001ca72      0x5b3 hw/diskphys/atapi.32
                0x00000000c001ca72                ATAPI::write(unsigned long long, int, void*)
                0x00000000c001ca78                ATAPI::close(int, int, void*)
                0x00000000c001ca9c                ATAPI::ATAPI()
                0x00000000c001ca9c                ATAPI::ATAPI()
                0x00000000c001caca                ATAPI::readyForCommand()
                0x00000000c001cb1a                ATAPI::sendPacket(unsigned char*, int, bool, unsigned short*, int)
                0x00000000c001cdda                ATAPI::diskRemoved()
                0x00000000c001cdf6                ATAPI::eject()
                0x00000000c001ce3c                ATAPI::diskInserted()
                0x00000000c001ce6a                ATAPI::detectMedia()
                0x00000000c001cf26                ATAPI::open(int, int, void*)
                0x00000000c001cfa6                ATAPI::read(unsigned long long, int, void*)
 *fill*         0x00000000c001d025        0x1 
 .text          0x00000000c001d026       0x8e hw/fpu/avx.32
                0x00000000c001d026                AVX::open(int, int, void*)
                0x00000000c001d038                AVX::close(int, int, void*)
                0x00000000c001d04a                AVX::available()
                0x00000000c001d05c                AVX::save(void*)
                0x00000000c001d074                AVX::load(void*)
                0x00000000c001d08c                AVX::AVX()
                0x00000000c001d08c                AVX::AVX()
 .text          0x00000000c001d0b4       0x90 hw/fpu/mmx.32
                0x00000000c001d0b4                MMX::available()
                0x00000000c001d0c8                MMX::open(int, int, void*)
                0x00000000c001d0da                MMX::close(int, int, void*)
                0x00000000c001d0ec                MMX::save(void*)
                0x00000000c001d104                MMX::load(void*)
                0x00000000c001d11c                MMX::MMX()
                0x00000000c001d11c                MMX::MMX()
 .text          0x00000000c001d144       0x96 hw/fpu/sse.32
                0x00000000c001d144                SSE::open(int, int, void*)
                0x00000000c001d156                SSE::close(int, int, void*)
                0x00000000c001d168                SSE::available()
                0x00000000c001d182                SSE::save(void*)
                0x00000000c001d19a                SSE::load(void*)
                0x00000000c001d1b2                SSE::SSE()
                0x00000000c001d1b2                SSE::SSE()
 .text          0x00000000c001d1da       0x8e hw/fpu/x87.32
                0x00000000c001d1da                x87::open(int, int, void*)
                0x00000000c001d1ec                x87::close(int, int, void*)
                0x00000000c001d1fe                x87::available()
                0x00000000c001d210                x87::save(void*)
                0x00000000c001d228                x87::load(void*)
                0x00000000c001d240                x87::x87()
                0x00000000c001d240                x87::x87()
 .text          0x00000000c001d268      0x5f3 hw/intctrl/apic.32
                0x00000000c001d268                APIC::disable()
                0x00000000c001d26a                APIC::close(int, int, void*)
                0x00000000c001d28c                IOAPIC::close(int, int, void*)
                0x00000000c001d292                APIC::io_wait()
                0x00000000c001d298                APIC::getBase()
                0x00000000c001d2da                APIC::eoi(unsigned char)
                0x00000000c001d308                APIC::open(int, int, void*)
                0x00000000c001d3c2                IOAPIC::IOAPIC()
                0x00000000c001d3c2                IOAPIC::IOAPIC()
                0x00000000c001d3ea                APIC::APIC()
                0x00000000c001d3ea                APIC::APIC()
                0x00000000c001d4ba                IOAPIC::handlesGSIWithNumber(unsigned int)
                0x00000000c001d4ec                IOAPIC::read(int)
                0x00000000c001d514                IOAPIC::open(int, int, void*)
                0x00000000c001d60a                IOAPIC::write(int, int)
                0x00000000c001d636                IOAPIC::redirect(unsigned char, unsigned long long, unsigned char)
                0x00000000c001d6f0                APIC::installIRQHandler(int, void (*)(regs*, void*), bool, void*)
 *fill*         0x00000000c001d85b        0x1 
 .text          0x00000000c001d85c      0x3d3 hw/intctrl/pic.32
                0x00000000c001d85c                PIC::disable()
                0x00000000c001d88a                PIC::close(int, int, void*)
                0x00000000c001d8ac                PIC::PIC()
                0x00000000c001d8ac                PIC::PIC()
                0x00000000c001d982                PIC::ioWait()
                0x00000000c001d988                PIC::getIRQReg(int)
                0x00000000c001d9f2                PIC::eoi(unsigned char)
                0x00000000c001da84                PIC::remap()
                0x00000000c001dbf0                PIC::open(int, int, void*)
 *fill*         0x00000000c001dc2f        0x1 
 .text          0x00000000c001dc30      0x252 hw/timer/apictimer.32
                0x00000000c001dc30                APICTimer::close(int, int, void*)
                0x00000000c001dc36                apicTimerHandler(regs*, void*)
                0x00000000c001dc64                APICTimer::write(int)
                0x00000000c001dd62                APICTimer::open(int, int, void*)
                0x00000000c001de5a                APICTimer::APICTimer()
                0x00000000c001de5a                APICTimer::APICTimer()
 .text          0x00000000c001de82      0x1a7 hw/timer/pit.32
                0x00000000c001de82                PIT::write(int)
                0x00000000c001df00                pitHandler(regs*, void*)
                0x00000000c001df2c                PIT::open(int, int, void*)
                0x00000000c001df7a                PIT::close(int, int, void*)
                0x00000000c001dfaa                PIT::PIT()
                0x00000000c001dfaa                PIT::PIT()
 *fill*         0x00000000c001e029        0x7 
 .text          0x00000000c001e030        0xa hw/fpu/x86/avx.32
                0x00000000c001e030                avxDetect
                0x00000000c001e036                avxSave
                0x00000000c001e037                avxLoad
                0x00000000c001e038                avxInit
                0x00000000c001e039                avxClose
 *fill*         0x00000000c001e03a        0x6 
 .text          0x00000000c001e040       0x38 hw/fpu/x86/sse.32
                0x00000000c001e040                sseDetect
                0x00000000c001e05b                sseSave
                0x00000000c001e061                sseLoad
                0x00000000c001e067                sseInit
                0x00000000c001e077                sseClose
 *fill*         0x00000000c001e078        0x8 
 .text          0x00000000c001e080       0x47 hw/fpu/x86/x87.32
                0x00000000c001e086                x87Detect
                0x00000000c001e0a1                x87Save
                0x00000000c001e0a7                x87Load
                0x00000000c001e0ac                x87Init
                0x00000000c001e0c6                x87Close
 *fill*         0x00000000c001e0c7        0x1 
 .text          0x00000000c001e0c8       0x25 /cygdrive/d/Users/Alex/Desktop/Toolchain/Output/bin/../lib/gcc/i386-banana/8.1.0/crtend.o
 .text          0x00000000c001e0ed        0x0 crtn.32
 *fill*         0x00000000c001e0ed        0x3 
 .text          0x00000000c001e0f0      0x14b /cygdrive/d/Users/Alex/Desktop/Toolchain/Output/bin/../lib/gcc/i386-banana/8.1.0/libgcc.a(_divdi3.o)
                0x00000000c001e0f0                __divdi3
 *fill*         0x00000000c001e23b        0x1 
 .text          0x00000000c001e23c      0x17e /cygdrive/d/Users/Alex/Desktop/Toolchain/Output/bin/../lib/gcc/i386-banana/8.1.0/libgcc.a(_moddi3.o)
                0x00000000c001e23c                __moddi3
 *fill*         0x00000000c001e3ba        0x2 
 .text          0x00000000c001e3bc       0xff /cygdrive/d/Users/Alex/Desktop/Toolchain/Output/bin/../lib/gcc/i386-banana/8.1.0/libgcc.a(_udivdi3.o)
                0x00000000c001e3bc                __udivdi3
 *fill*         0x00000000c001e4bb        0x1 
 .text          0x00000000c001e4bc      0x11a /cygdrive/d/Users/Alex/Desktop/Toolchain/Output/bin/../lib/gcc/i386-banana/8.1.0/libgcc.a(_umoddi3.o)
                0x00000000c001e4bc                __umoddi3
 *fill*         0x00000000c001e5d6        0xa 
 .text          0x00000000c001e5e0       0x1e D:/Users/Alex/Desktop/Banana/kernel/libk/libm32.a(s_fabs.c.o)
                0x00000000c001e5e0                fabs
 *fill*         0x00000000c001e5fe        0x2 
 .text          0x00000000c001e600        0xc D:/Users/Alex/Desktop/Banana/kernel/libk/libm32.a(s_lrint.S.o)
                0x00000000c001e600                lrint
 .text          0x00000000c001e60c        0xc D:/Users/Alex/Desktop/Banana/kernel/libk/libm32.a(s_lrintf.S.o)
                0x00000000c001e60c                lrintf
 *(.gnu.linkonce.t*)

.iplt           0x00000000c001e618        0x0
 .iplt          0x00000000c001e618        0x0 D:/Users/Alex/Desktop/Banana/kernel/boot.32

.init           0x00000000c001e618        0xf
 .init          0x00000000c001e618        0x3 crti.32
                0x00000000c001e618                _init
 .init          0x00000000c001e61b        0x5 /cygdrive/d/Users/Alex/Desktop/Toolchain/Output/bin/../lib/gcc/i386-banana/8.1.0/crtbegin.o
 .init          0x00000000c001e620        0x5 /cygdrive/d/Users/Alex/Desktop/Toolchain/Output/bin/../lib/gcc/i386-banana/8.1.0/crtend.o
 .init          0x00000000c001e625        0x2 crtn.32

.fini           0x00000000c001e627        0xa
 .fini          0x00000000c001e627        0x3 crti.32
                0x00000000c001e627                _fini
 .fini          0x00000000c001e62a        0x5 /cygdrive/d/Users/Alex/Desktop/Toolchain/Output/bin/../lib/gcc/i386-banana/8.1.0/crtbegin.o
 .fini          0x00000000c001e62f        0x2 crtn.32

.text._ZN8ComputerD2Ev
                0x00000000c001e632       0x23
 .text._ZN8ComputerD2Ev
                0x00000000c001e632       0x23 core/computer.32
                0x00000000c001e632                Computer::~Computer()
                0x00000000c001e632                Computer::~Computer()

.text._ZN8ComputerD0Ev
                0x00000000c001e656       0x2a
 .text._ZN8ComputerD0Ev
                0x00000000c001e656       0x2a core/computer.32
                0x00000000c001e656                Computer::~Computer()

.text._Z10idleCommonv
                0x00000000c001e680       0x15
 .text._Z10idleCommonv
                0x00000000c001e680       0x15 core/idle.32
                0x00000000c001e680                idleCommon()

.text._ZN3CPU7readCR3Ev
                0x00000000c001e695       0x12
 .text._ZN3CPU7readCR3Ev
                0x00000000c001e695       0x12 core/kheap.32
                0x00000000c001e695                CPU::readCR3()

.text._ZN3CPU8writeCR3Em
                0x00000000c001e6a7        0x9
 .text._ZN3CPU8writeCR3Em
                0x00000000c001e6a7        0x9 core/kheap.32
                0x00000000c001e6a7                CPU::writeCR3(unsigned long)

.text._ZN10LinkedListI8UnixFileED2Ev
                0x00000000c001e6b0        0x2
 .text._ZN10LinkedListI8UnixFileED2Ev
                0x00000000c001e6b0        0x2 core/unixfile.32
                0x00000000c001e6b0                LinkedList<UnixFile>::~LinkedList()
                0x00000000c001e6b0                LinkedList<UnixFile>::~LinkedList()

.text._ZN10LinkedListI8UnixFileEC2Ev
                0x00000000c001e6b2       0x58
 .text._ZN10LinkedListI8UnixFileEC2Ev
                0x00000000c001e6b2       0x58 core/unixfile.32
                0x00000000c001e6b2                LinkedList<UnixFile>::LinkedList()
                0x00000000c001e6b2                LinkedList<UnixFile>::LinkedList()

.text._ZN10LinkedListI8UnixFileE10addElementEPS0_
                0x00000000c001e70a       0xd3
 .text._ZN10LinkedListI8UnixFileE10addElementEPS0_
                0x00000000c001e70a       0xd3 core/unixfile.32
                0x00000000c001e70a                LinkedList<UnixFile>::addElement(UnixFile*)

.text._ZN10LinkedListI8UnixFileE15getFirstElementEv
                0x00000000c001e7de        0x7
 .text._ZN10LinkedListI8UnixFileE15getFirstElementEv
                0x00000000c001e7de        0x7 core/unixfile.32
                0x00000000c001e7de                LinkedList<UnixFile>::getFirstElement()

.text._ZN10LinkedListI8UnixFileE11removeFirstEv
                0x00000000c001e7e6       0xa1
 .text._ZN10LinkedListI8UnixFileE11removeFirstEv
                0x00000000c001e7e6       0xa1 core/unixfile.32
                0x00000000c001e7e6                LinkedList<UnixFile>::removeFirst()

.text._ZN10LinkedListI8UnixFileE7getNextEPS0_
                0x00000000c001e888        0x8
 .text._ZN10LinkedListI8UnixFileE7getNextEPS0_
                0x00000000c001e888        0x8 core/unixfile.32
                0x00000000c001e888                LinkedList<UnixFile>::getNext(UnixFile*)

.text._ZN16DriverlessDeviceD2Ev
                0x00000000c001e890       0x1a
 .text._ZN16DriverlessDeviceD2Ev
                0x00000000c001e890       0x1a hal/device.32
                0x00000000c001e890                DriverlessDevice::~DriverlessDevice()
                0x00000000c001e890                DriverlessDevice::~DriverlessDevice()

.text._ZN16DriverlessDeviceD0Ev
                0x00000000c001e8aa       0x2a
 .text._ZN16DriverlessDeviceD0Ev
                0x00000000c001e8aa       0x2a hal/device.32
                0x00000000c001e8aa                DriverlessDevice::~DriverlessDevice()

.text._ZN10LinkedListI6DeviceE10addElementEPS0_
                0x00000000c001e8d4       0xdc
 .text._ZN10LinkedListI6DeviceE10addElementEPS0_
                0x00000000c001e8d4       0xdc hal/device.32
                0x00000000c001e8d4                LinkedList<Device>::addElement(Device*)

.text._ZN10LinkedListI6DeviceEC2Ev
                0x00000000c001e9b0       0x58
 .text._ZN10LinkedListI6DeviceEC2Ev
                0x00000000c001e9b0       0x58 hal/device.32
                0x00000000c001e9b0                LinkedList<Device>::LinkedList()
                0x00000000c001e9b0                LinkedList<Device>::LinkedList()

.text._ZN3CPU7readCR0Ev
                0x00000000c001ea08       0x12
 .text._ZN3CPU7readCR0Ev
                0x00000000c001ea08       0x12 hal/fpu.32
                0x00000000c001ea08                CPU::readCR0()

.text._ZN3CPU8writeCR0Em
                0x00000000c001ea1a        0x9
 .text._ZN3CPU8writeCR0Em
                0x00000000c001ea1a        0x9 hal/fpu.32
                0x00000000c001ea1a                CPU::writeCR0(unsigned long)

.text._ZN3CPU7readDR0Ev
                0x00000000c001ea23       0x12
 .text._ZN3CPU7readDR0Ev
                0x00000000c001ea23       0x12 hal/intctrl.32
                0x00000000c001ea23                CPU::readDR0()

.text._ZN3CPU7readDR1Ev
                0x00000000c001ea35       0x12
 .text._ZN3CPU7readDR1Ev
                0x00000000c001ea35       0x12 hal/intctrl.32
                0x00000000c001ea35                CPU::readDR1()

.text._ZN3CPU7readDR2Ev
                0x00000000c001ea47       0x12
 .text._ZN3CPU7readDR2Ev
                0x00000000c001ea47       0x12 hal/intctrl.32
                0x00000000c001ea47                CPU::readDR2()

.text._ZN3CPU7readDR3Ev
                0x00000000c001ea59       0x12
 .text._ZN3CPU7readDR3Ev
                0x00000000c001ea59       0x12 hal/intctrl.32
                0x00000000c001ea59                CPU::readDR3()

.text._ZN3CPU7readDR6Ev
                0x00000000c001ea6b       0x12
 .text._ZN3CPU7readDR6Ev
                0x00000000c001ea6b       0x12 hal/intctrl.32
                0x00000000c001ea6b                CPU::readDR6()

.text._ZN3CPU7readDR7Ev
                0x00000000c001ea7d       0x12
 .text._ZN3CPU7readDR7Ev
                0x00000000c001ea7d       0x12 hal/intctrl.32
                0x00000000c001ea7d                CPU::readDR7()

.text._ZN10LinkedListIV18ThreadControlBlockE15getFirstElementEv
                0x00000000c001ea90        0x7
 .text._ZN10LinkedListIV18ThreadControlBlockE15getFirstElementEv
                0x00000000c001ea90        0x7 hal/timer.32
                0x00000000c001ea90                LinkedList<ThreadControlBlock volatile>::getFirstElement()

.text._ZN10LinkedListIV18ThreadControlBlockE7isEmptyEv
                0x00000000c001ea98       0x1c
 .text._ZN10LinkedListIV18ThreadControlBlockE7isEmptyEv
                0x00000000c001ea98       0x1c hal/timer.32
                0x00000000c001ea98                LinkedList<ThreadControlBlock volatile>::isEmpty()

.text._ZN10LinkedListIV18ThreadControlBlockE11removeFirstEv
                0x00000000c001eab4       0xae
 .text._ZN10LinkedListIV18ThreadControlBlockE11removeFirstEv
                0x00000000c001eab4       0xae hal/timer.32
                0x00000000c001eab4                LinkedList<ThreadControlBlock volatile>::removeFirst()

.text._ZN10LinkedListIV18ThreadControlBlockE10addElementEPS1_
                0x00000000c001eb62       0xd3
 .text._ZN10LinkedListIV18ThreadControlBlockE10addElementEPS1_
                0x00000000c001eb62       0xd3 hal/timer.32
                0x00000000c001eb62                LinkedList<ThreadControlBlock volatile>::addElement(ThreadControlBlock volatile*)

.text._ZN4ACPID2Ev
                0x00000000c001ec36       0x23
 .text._ZN4ACPID2Ev
                0x00000000c001ec36       0x23 hw/acpi.32
                0x00000000c001ec36                ACPI::~ACPI()
                0x00000000c001ec36                ACPI::~ACPI()

.text._ZN4ACPID0Ev
                0x00000000c001ec5a       0x2a
 .text._ZN4ACPID0Ev
                0x00000000c001ec5a       0x2a hw/acpi.32
                0x00000000c001ec5a                ACPI::~ACPI()

.text._ZN3CPUD2Ev
                0x00000000c001ec84       0x23
 .text._ZN3CPUD2Ev
                0x00000000c001ec84       0x23 hw/cpu.32
                0x00000000c001ec84                CPU::~CPU()
                0x00000000c001ec84                CPU::~CPU()

.text._ZN3CPUD0Ev
                0x00000000c001eca8       0x2a
 .text._ZN3CPUD0Ev
                0x00000000c001eca8       0x2a hw/cpu.32
                0x00000000c001eca8                CPU::~CPU()

.text._ZN3CPU7readCR4Ev
                0x00000000c001ecd2       0x12
 .text._ZN3CPU7readCR4Ev
                0x00000000c001ecd2       0x12 hw/cpu.32
                0x00000000c001ecd2                CPU::readCR4()

.text._ZN3CPU8writeDR7Em
                0x00000000c001ece4        0x9
 .text._ZN3CPU8writeDR7Em
                0x00000000c001ece4        0x9 hw/cpu.32
                0x00000000c001ece4                CPU::writeDR7(unsigned long)

.text._ZN3CPU8writeCR4Em
                0x00000000c001eced        0x9
 .text._ZN3CPU8writeCR4Em
                0x00000000c001eced        0x9 hw/cpu.32
                0x00000000c001eced                CPU::writeCR4(unsigned long)

.text._ZN3CPU7readCR2Ev
                0x00000000c001ecf6       0x12
 .text._ZN3CPU7readCR2Ev
                0x00000000c001ecf6       0x12 krnl/panic.32
                0x00000000c001ecf6                CPU::readCR2()

.text._ZN10LinkedListIV18ThreadControlBlockED2Ev
                0x00000000c001ed08        0x2
 .text._ZN10LinkedListIV18ThreadControlBlockED2Ev
                0x00000000c001ed08        0x2 thr/prcssthr.32
                0x00000000c001ed08                LinkedList<ThreadControlBlock volatile>::~LinkedList()
                0x00000000c001ed08                LinkedList<ThreadControlBlock volatile>::~LinkedList()

.text._ZN18ThreadControlBlockC2Ev
                0x00000000c001ed0a       0x3e
 .text._ZN18ThreadControlBlockC2Ev
                0x00000000c001ed0a       0x3e thr/prcssthr.32
                0x00000000c001ed0a                ThreadControlBlock::ThreadControlBlock()
                0x00000000c001ed0a                ThreadControlBlock::ThreadControlBlock()

.text._ZN10LinkedListIV18ThreadControlBlockEC2Ev
                0x00000000c001ed48       0x58
 .text._ZN10LinkedListIV18ThreadControlBlockEC2Ev
                0x00000000c001ed48       0x58 thr/prcssthr.32
                0x00000000c001ed48                LinkedList<ThreadControlBlock volatile>::LinkedList()
                0x00000000c001ed48                LinkedList<ThreadControlBlock volatile>::LinkedList()

.text._ZN10LinkedListIV18ThreadControlBlockE7getNextEPS1_
                0x00000000c001eda0        0x8
 .text._ZN10LinkedListIV18ThreadControlBlockE7getNextEPS1_
                0x00000000c001eda0        0x8 thr/prcssthr.32
                0x00000000c001eda0                LinkedList<ThreadControlBlock volatile>::getNext(ThreadControlBlock volatile*)

.text._ZN3PCID2Ev
                0x00000000c001eda8       0x23
 .text._ZN3PCID2Ev
                0x00000000c001eda8       0x23 hw/bus/pci.32
                0x00000000c001eda8                PCI::~PCI()
                0x00000000c001eda8                PCI::~PCI()

.text._ZN3PCID0Ev
                0x00000000c001edcc       0x2a
 .text._ZN3PCID0Ev
                0x00000000c001edcc       0x2a hw/bus/pci.32
                0x00000000c001edcc                PCI::~PCI()

.text._ZN3IDED2Ev
                0x00000000c001edf6       0x23
 .text._ZN3IDED2Ev