Archive member included to satisfy reference by file (symbol)

/cygdrive/d/Users/Alex/Desktop/Toolchain/Output/bin/../lib/gcc/i386-banana/8.1.0/libkgcc.a(_divdi3.o)
                              krnl/resolve.32 (__divdi3)
/cygdrive/d/Users/Alex/Desktop/Toolchain/Output/bin/../lib/gcc/i386-banana/8.1.0/libkgcc.a(_moddi3.o)
                              krnl/resolve.32 (__moddi3)
/cygdrive/d/Users/Alex/Desktop/Toolchain/Output/bin/../lib/gcc/i386-banana/8.1.0/libkgcc.a(_udivdi3.o)
                              hal/clock.32 (__udivdi3)
/cygdrive/d/Users/Alex/Desktop/Toolchain/Output/bin/../lib/gcc/i386-banana/8.1.0/libkgcc.a(_umoddi3.o)
                              core/pipe.32 (__umoddi3)

Allocating common symbols
Common symbol       size              file

dcache              0x40              fs/iso9660/iso9660.32
cdDriveLetter       0x1               fs/iso9660/iso9660.32
icache              0x40              fs/iso9660/iso9660.32

Discarded input sections

 .comment       0x0000000000000000       0x12 /cygdrive/d/Users/Alex/Desktop/Toolchain/Output/bin/../lib/gcc/i386-banana/8.1.0/crtbegin.o
 .comment       0x0000000000000000       0x12 acpica/utclib.32
 .comment       0x0000000000000000       0x12 core/malloc.32
 .comment       0x0000000000000000       0x12 libk/ctype.32
 .comment       0x0000000000000000       0x12 libk/string.32
 .comment       0x0000000000000000       0x12 fs/fat/diskio.32
 .comment       0x0000000000000000       0x12 fs/fat/ff.32
 .comment       0x0000000000000000       0x12 fs/fat/ffsystem.32
 .comment       0x0000000000000000       0x12 fs/fat/ffunicode.32
 .comment       0x0000000000000000       0x12 fs/iso9660/iso9660.32
 .group         0x0000000000000000       0x14 core/computer.32
 .group         0x0000000000000000        0xc core/computer.32
 .comment       0x0000000000000000       0x12 core/computer.32
 .comment       0x0000000000000000       0x12 core/gdt.32
 .group         0x0000000000000000        0xc core/idle.32
 .comment       0x0000000000000000       0x12 core/idle.32
 .comment       0x0000000000000000       0x12 core/idt.32
 .comment       0x0000000000000000       0x12 core/kheap.32
 .comment       0x0000000000000000       0x12 core/main.32
 .comment       0x0000000000000000       0x12 core/physmgr.32
 .group         0x0000000000000000        0xc core/pipe.32
 .comment       0x0000000000000000       0x12 core/pipe.32
 .group         0x0000000000000000        0xc core/terminal.32
 .comment       0x0000000000000000       0x12 core/terminal.32
 .comment       0x0000000000000000       0x12 core/tss.32
 .group         0x0000000000000000        0x8 core/unixfile.32
 .group         0x0000000000000000        0x8 core/unixfile.32
 .group         0x0000000000000000        0xc core/unixfile.32
 .group         0x0000000000000000        0x8 core/unixfile.32
 .group         0x0000000000000000        0xc core/unixfile.32
 .group         0x0000000000000000        0x8 core/unixfile.32
 .group         0x0000000000000000        0xc core/unixfile.32
 .group         0x0000000000000000        0xc core/unixfile.32
 .comment       0x0000000000000000       0x12 core/unixfile.32
 .comment       0x0000000000000000       0x12 core/virtmgr.32
 .comment       0x0000000000000000       0x12 coreobjs/c++.32
 .comment       0x0000000000000000       0x12 dbg/kconsole.32
 .group         0x0000000000000000        0xc fs/vfs.32
 .group         0x0000000000000000        0xc fs/vfs.32
 .group         0x0000000000000000        0xc fs/vfs.32
 .comment       0x0000000000000000       0x12 fs/vfs.32
 .group         0x0000000000000000        0xc hal/bus.32
 .comment       0x0000000000000000       0x12 hal/bus.32
 .comment       0x0000000000000000       0x12 hal/buzzer.32
 .group         0x0000000000000000        0xc hal/clock.32
 .comment       0x0000000000000000       0x12 hal/clock.32
 .group         0x0000000000000000       0x14 hal/device.32
 .group         0x0000000000000000        0xc hal/device.32
 .group         0x0000000000000000        0x8 hal/device.32
 .group         0x0000000000000000        0xc hal/device.32
 .group         0x0000000000000000        0xc hal/device.32
 .comment       0x0000000000000000       0x12 hal/device.32
 .group         0x0000000000000000        0xc hal/diskctrl.32
 .comment       0x0000000000000000       0x12 hal/diskctrl.32
 .group         0x0000000000000000        0xc hal/diskphys.32
 .comment       0x0000000000000000       0x12 hal/diskphys.32
 .comment       0x0000000000000000       0x12 hal/fpu.32
 .comment       0x0000000000000000       0x12 hal/intctrl.32
 .group         0x0000000000000000        0xc hal/keybrd.32
 .comment       0x0000000000000000       0x12 hal/keybrd.32
 .group         0x0000000000000000        0xc hal/logidisk.32
 .comment       0x0000000000000000       0x12 hal/logidisk.32
 .group         0x0000000000000000        0xc hal/mouse.32
 .comment       0x0000000000000000       0x12 hal/mouse.32
[...]
Memory Configuration

Name             Origin             Length             Attributes
*default*        0x0000000000000000 0xffffffffffffffff

Linker script and memory map

LOAD D:/Users/Alex/Desktop/Banana/kernel/boot.32
LOAD crti.32
LOAD /cygdrive/d/Users/Alex/Desktop/Toolchain/Output/bin/../lib/gcc/i386-banana/8.1.0/crtbegin.o
LOAD D:/Users/Alex/Desktop/Banana/kernel/morenasm.32
LOAD acpica/utclib.32
LOAD core/malloc.32
LOAD libk/ctype.32
LOAD libk/string.32
LOAD fs/fat/diskio.32
LOAD fs/fat/ff.32
LOAD fs/fat/ffsystem.32
LOAD fs/fat/ffunicode.32
LOAD fs/iso9660/iso9660.32
LOAD core/computer.32
LOAD core/gdt.32
LOAD core/idle.32
LOAD core/idt.32
LOAD core/kheap.32
LOAD core/main.32
LOAD core/physmgr.32
LOAD core/pipe.32
LOAD core/terminal.32
LOAD core/tss.32
LOAD core/unixfile.32
LOAD core/virtmgr.32
LOAD coreobjs/c++.32
LOAD dbg/kconsole.32
LOAD fs/vfs.32
LOAD hal/bus.32
LOAD hal/buzzer.32
LOAD hal/clock.32
LOAD hal/device.32
LOAD hal/diskctrl.32
LOAD hal/diskphys.32
LOAD hal/fpu.32
LOAD hal/intctrl.32
LOAD hal/keybrd.32
LOAD hal/logidisk.32
LOAD hal/mouse.32
LOAD hal/partition.32
LOAD hal/serial.32
LOAD hal/timer.32
LOAD hal/vcache.32
LOAD hal/video.32
LOAD hw/acpi.32
LOAD hw/cpu.32
LOAD krnl/bootmsg.32
LOAD krnl/env.32
LOAD krnl/inlines.32
LOAD krnl/panic.32
LOAD krnl/powctrl.32
LOAD krnl/resolve.32
LOAD krnl/signal.32
LOAD krnl/syscalls.32
LOAD reg/registry.32
LOAD sys/eject.32
LOAD sys/exit.32
LOAD sys/getcwd.32
LOAD sys/getpid.32
LOAD sys/getramdata.32
LOAD sys/getvgaptr.32
LOAD sys/loaddll.32
LOAD sys/read.32
LOAD sys/registersignal.32
LOAD sys/sbrk.32
LOAD sys/setcwd.32
LOAD sys/settime.32
LOAD sys/timezone.32
LOAD sys/write.32
LOAD sys/wsbe.32
LOAD sys/yield.32
LOAD thr/elf.32
LOAD thr/prcssthr.32
LOAD vm86/vm8086.32
LOAD arch/i386/hal.32
LOAD arch/i386/pic.32
LOAD arch/i386/rtc.32
LOAD arch/i386/vga.32
LOAD fs/fat/vfslink.32
LOAD fs/iso9660/helper.32
LOAD fs/iso9660/vfslink.32
LOAD hal/sound/sndcard.32
LOAD hal/sound/sndport.32
LOAD hw/bus/isa.32
LOAD hw/bus/pci.32
LOAD hw/diskctrl/ide.32
LOAD hw/diskctrl/satabus.32
LOAD hw/diskphys/ata.32
LOAD hw/diskphys/atapi.32
LOAD hw/diskphys/sata.32
LOAD hw/diskphys/satapi.32
LOAD hw/intctrl/apic.32
LOAD hw/timer/apictimer.32
LOAD hw/timer/pit.32
LOAD arch/i386/avx.32
LOAD arch/i386/interrupt.32
LOAD arch/i386/rdrand.32
LOAD arch/i386/sse.32
LOAD arch/i386/x87.32
LOAD /cygdrive/d/Users/Alex/Desktop/Toolchain/Output/bin/../lib/gcc/i386-banana/8.1.0/crtend.o
LOAD crtn.32
LOAD /cygdrive/d/Users/Alex/Desktop/Toolchain/Output/bin/../lib/gcc/i386-banana/8.1.0/libkgcc.a
LOAD D:/Users/Alex/Desktop/Banana/kernel/libsoftfp.a
LOAD D:/Users/Alex/Desktop/Banana/kernel/libk/libm32.a
                0x00000000c0000000                . = 0xc0000000

.text           0x00000000c0000000    0x1c31a
 *(.text)
 .text          0x00000000c0000000       0x20 D:/Users/Alex/Desktop/Banana/kernel/boot.32
 .text          0x00000000c0000020        0x0 crti.32
 .text          0x00000000c0000020      0x101 /cygdrive/d/Users/Alex/Desktop/Toolchain/Output/bin/../lib/gcc/i386-banana/8.1.0/crtbegin.o
 *fill*         0x00000000c0000121        0xf 
 .text          0x00000000c0000130      0x252 D:/Users/Alex/Desktop/Banana/kernel/morenasm.32
                0x00000000c0000130                manualPCIProbe
                0x00000000c000017b                prepareTramp
                0x00000000c0000194                doTPAUSE
                0x00000000c000019e                hasLegacyFPU
                0x00000000c00001c3                is486
                0x00000000c00001f9                detectCPUID
                0x00000000c000020f                goToVM86
                0x00000000c000023f                goToUsermode
                0x00000000c0000269                switchToThreadASMFirstTime
                0x00000000c0000277                switchToThreadASM
                0x00000000c00002ff                asmQuickAcquireLock
                0x00000000c000031d                asmQuickReleaseLock
                0x00000000c0000329                asmAcquireLock
                0x00000000c000034a                asmReleaseLock
                0x00000000c000035d                loadGDT
                0x00000000c000037d                memcpy
 *fill*         0x00000000c0000382        0xe 
 .text          0x00000000c0000390      0x79e acpica/utclib.32
                0x00000000c0000390                memcmp
                0x00000000c00003e0                memmove
                0x00000000c00004d0                memset
                0x00000000c0000540                strlen
                0x00000000c0000570                strpbrk
                0x00000000c00005b0                strtok
                0x00000000c0000600                strcpy
                0x00000000c0000630                strncpy
                0x00000000c00006e0                strcmp
                0x00000000c0000730                strchr
                0x00000000c0000760                strncmp
                0x00000000c00007c0                strcat
                0x00000000c00007f0                strncat
                0x00000000c0000850                strstr
                0x00000000c00008b0                toupper
                0x00000000c00008d0                tolower
                0x00000000c00008f0                simple_strtoul
 .text          0x00000000c0000b2e      0xfad core/malloc.32
                0x00000000c0000c99                dlfree
                0x00000000c0000ff4                dlmalloc
                0x00000000c0001531                dlrealloc
                0x00000000c00016d4                dlmemalign
                0x00000000c00017f7                dlcalloc
                0x00000000c0001891                dlcfree
                0x00000000c0001896                dlindependent_calloc
                0x00000000c00018bb                dlindependent_comalloc
                0x00000000c00018d2                dlvalloc
                0x00000000c00018fd                dlpvalloc
                0x00000000c0001933                dlmalloc_trim
                0x00000000c0001940                dlmalloc_usable_size
                0x00000000c0001971                dlmallinfo
                0x00000000c0001a40                dlmalloc_stats
                0x00000000c0001a51                dlmallopt
 *fill*         0x00000000c0001adb        0x1 
 .text          0x00000000c0001adc      0x1f2 libk/ctype.32
                0x00000000c0001adc                isblank
                0x00000000c0001afc                iscntrl
                0x00000000c0001b1c                isdigit
                0x00000000c0001b38                islower
                0x00000000c0001b54                isspace
                0x00000000c0001b7c                isupper
                0x00000000c0001b98                isalpha
                0x00000000c0001bc8                isalnum
                0x00000000c0001bf8                ispunct
                0x00000000c0001c38                isgraph
                0x00000000c0001c68                isprint
                0x00000000c0001c90                isxdigit
 .text          0x00000000c0001cce        0x0 libk/string.32
 .text          0x00000000c0001cce       0x51 fs/fat/diskio.32
                0x00000000c0001cce                disk_status
                0x00000000c0001cd1                disk_initialize
                0x00000000c0001cd4                disk_read
                0x00000000c0001cea                disk_write
                0x00000000c0001d00                disk_ioctl
 .text          0x00000000c0001d1f     0x3d4b fs/fat/ff.32
                0x00000000c0003abb                f_mount
                0x00000000c0003b1d                f_open
                0x00000000c0003de8                f_read
                0x00000000c0003fe7                f_write
                0x00000000c000421b                f_sync
                0x00000000c00042d0                f_close
                0x00000000c00042ff                f_lseek
                0x00000000c00044a6                f_opendir
                0x00000000c0004571                f_closedir
                0x00000000c0004593                f_readdir
                0x00000000c0004625                f_stat
                0x00000000c00046a4                f_getfree
                0x00000000c00047a6                f_truncate
                0x00000000c000488a                f_unlink
                0x00000000c00049ac                f_mkdir
                0x00000000c0004b47                f_rename
                0x00000000c0004cfd                f_chmod
                0x00000000c0004da6                f_utime
                0x00000000c0004e54                f_getlabel
                0x00000000c0004fa5                f_setlabel
                0x00000000c0005135                f_expand
                0x00000000c0005295                f_mkfs
 *fill*         0x00000000c0005a6a        0x2 
 .text          0x00000000c0005a6c       0x2f fs/fat/ffsystem.32
                0x00000000c0005a6c                ff_memalloc
                0x00000000c0005a84                ff_memfree
 *fill*         0x00000000c0005a9b        0x1 
 .text          0x00000000c0005a9c      0x2a8 fs/fat/ffunicode.32
                0x00000000c0005a9c                ff_uni2oem
                0x00000000c0005b3c                ff_oem2uni
                0x00000000c0005bb4                ff_wtoupper
 .text          0x00000000c0005d44      0xc76 fs/iso9660/iso9660.32
                0x00000000c0005f63                isoReadDiscSector
                0x00000000c0005ffe                strnicmp
                0x00000000c00062b1                stricmp
                0x00000000c00062fd                iso_open
                0x00000000c0006387                iso_close
                0x00000000c00063a5                iso_read
                0x00000000c00064bb                iso_seek
                0x00000000c000653f                iso_tell
                0x00000000c0006570                iso_total
                0x00000000c000659b                fn_postprocess
                0x00000000c00065c1                iso_readdir
                0x00000000c00067b2                iso_reset
                0x00000000c00067bf                init_percd
                0x00000000c00068b9                iso_ioctl
                0x00000000c00068c1                fs_iso9660_init
                0x00000000c000694a                fs_iso9660_shutdown
 .text          0x00000000c00069ba      0x685 core/computer.32
                0x00000000c00069ba                Computer::close(int, int, void*)
                0x00000000c00069ff                Krnl::firstTask()
                0x00000000c0006b32                Computer::Computer()
                0x00000000c0006b32                Computer::Computer()
                0x00000000c0006be4                Computer::setBootMessage(char const*)
                0x00000000c0006be6                Computer::detectFeatures()
                0x00000000c0006df0                Computer::displayFeatures()
                0x00000000c0006df2                Computer::rdmsr(unsigned int)
                0x00000000c0006e1e                Computer::wrmsr(unsigned int, unsigned long long)
                0x00000000c0006e56                Computer::shutdown()
                0x00000000c0006e6e                Computer::restart()
                0x00000000c0006e86                Computer::sleep()
                0x00000000c0006e9a                Computer::nmiEnabled()
                0x00000000c0006ea6                Computer::readCMOS(unsigned char)
                0x00000000c0006ec0                Computer::enableNMI(bool)
                0x00000000c0006ed8                Computer::open(int, int, void*)
                0x00000000c0006fac                Computer::disableNMI()
                0x00000000c0006fbc                Computer::writeCMOS(unsigned char, unsigned char)
                0x00000000c0006fda                Computer::handleNMI()
 *fill*         0x00000000c000703f        0x1 
 .text          0x00000000c0007040      0x1cf core/gdt.32
                0x00000000c0007040                GDTEntry::setBase(unsigned int)
                0x00000000c000705c                GDTEntry::setLimit(unsigned int)
                0x00000000c000707a                GDT::GDT()
                0x00000000c000707a                GDT::GDT()
                0x00000000c0007090                GDT::addEntry(GDTEntry)
                0x00000000c00070b2                GDT::getNumberOfEntries()
                0x00000000c00070ba                GDT::flush()
                0x00000000c00070dc                GDT::setup()
 .text          0x00000000c000720f       0x1d core/idle.32
                0x00000000c000720f                idleFunction(void*)
 .text          0x00000000c000722c      0x464 core/idt.32
                0x00000000c000722c                IDTEntry::IDTEntry(bool)
                0x00000000c000722c                IDTEntry::IDTEntry(bool)
                0x00000000c000729e                IDTEntry::setOffset(unsigned int)
                0x00000000c00072b4                IDT::IDT()
                0x00000000c00072b4                IDT::IDT()
                0x00000000c00072b6                IDT::getPointerToInvalidOpcodeEntryForF00F()
                0x00000000c00072be                IDT::addEntry(IDTEntry, int)
                0x00000000c00072d8                IDT::addEntry(int, void (*)(), bool)
                0x00000000c0007310                IDT::flush()
                0x00000000c000732a                IDT::setup()
 .text          0x00000000c0007690      0x183 core/kheap.32
                0x00000000c0007690                sbrk
                0x00000000c0007725                mmap
                0x00000000c000773b                munmap
                0x00000000c0007751                liballoc_lock()
                0x00000000c000775e                liballoc_unlock()
                0x00000000c0007772                liballoc_alloc(int)
                0x00000000c000778a                liballoc_free(void*, int)
                0x00000000c00077a5                realloc
                0x00000000c00077b9                malloc
                0x00000000c00077c9                free
                0x00000000c00077d9                rfree
                0x00000000c00077e9                calloc
 .text          0x00000000c0007813       0xc3 core/main.32
                0x00000000c0007813                KeEntryPoint
 .text          0x00000000c00078d6      0x5dc core/physmgr.32
                0x00000000c00078d6                Phys::allocateDMA(unsigned long)
                0x00000000c00079ad                Phys::freeDMA(unsigned long, unsigned long)
                0x00000000c00079e0                Phys::setPageState(unsigned long, bool)
                0x00000000c0007a12                Phys::getPageState(unsigned long)
                0x00000000c0007a33                Phys::freePage(unsigned long)
                0x00000000c0007a95                Phys::allocatePage()
                0x00000000c0007b53                Phys::allocateContiguousPages(int)
                0x00000000c0007baf                Phys::allowSegmentToBeUsed(unsigned long, unsigned long)
                0x00000000c0007be7                Phys::physicalMemorySetup(unsigned int)
 .text          0x00000000c0007eb2      0x273 core/pipe.32
                0x00000000c0007eb2                Pipe::isAtty()
                0x00000000c0007eb6                Pipe::~Pipe()
                0x00000000c0007eb6                Pipe::~Pipe()
                0x00000000c0007eda                Pipe::~Pipe()
                0x00000000c0007f02                Pipe::write(unsigned long long, void*, int*)
                0x00000000c0007fc2                Pipe::read(unsigned long long, void*, int*)
                0x00000000c00080be                Pipe::Pipe(int)
                0x00000000c00080be                Pipe::Pipe(int)
 *fill*         0x00000000c0008125        0x1 
 .text          0x00000000c0008126      0xaaa core/terminal.32
                0x00000000c0008126                VgaText::isAtty()
                0x00000000c000812a                VgaText::~VgaText()
                0x00000000c000812a                VgaText::~VgaText()
                0x00000000c000814e                VgaText::~VgaText()
                0x00000000c0008178                VgaText::read(unsigned long long, void*, int*)
                0x00000000c0008198                setTerminalScrollLock(bool)
                0x00000000c0008199                doTerminalCycle()
                0x00000000c000819a                addToTerminalCycle(VgaText*)
                0x00000000c000819b                scrollTerminalScrollLock(int)
                0x00000000c000819c                VgaText::updateTitle()
                0x00000000c000819e                VgaText::load()
                0x00000000c00081a0                VgaText::updateCursor()
                0x00000000c00081b6                VgaText::doANSI_SGR(int)
                0x00000000c000822a                VgaText::setDefaultBgColour(VgaColour)
                0x00000000c000823a                VgaText::setDefaultFgColour(VgaColour)
                0x00000000c000824a                VgaText::setDefaultColours(VgaColour, VgaColour)
                0x00000000c000826a                VgaText::setTitleTextColour(VgaColour)
                0x00000000c0008276                VgaText::setTitleColour(VgaColour)
                0x00000000c0008282                VgaText::setTitle(char*)
                0x00000000c0008284                VgaText::combineColours(unsigned char, unsigned char)
                0x00000000c0008296                VgaText::scrollScreen()
                0x00000000c000832e                VgaText::combineCharAndColour(char, unsigned char)
                0x00000000c0008340                VgaText::writeCharacter(char, VgaColour, VgaColour, int, int)
                0x00000000c00083d0                VgaText::getCursorX()
                0x00000000c00083d8                VgaText::getCursorY()
                0x00000000c00083e0                VgaText::setCursor(int, int)
                0x00000000c00083f7                setActiveTerminal(VgaText*)
                0x00000000c0008442                VgaText::clearScreen()
                0x00000000c0008490                VgaText::setCursorX(int)
                0x00000000c00084a8                VgaText::setCursorY(int)
                0x00000000c00084c0                VgaText::incrementCursor(bool)
                0x00000000c0008514                VgaText::decrementCursor(bool)
                0x00000000c0008536                VgaText::putchar(char, VgaColour, VgaColour)
                0x00000000c0008604                VgaText::putchar(char)
                0x00000000c00086f0                VgaText::putx(unsigned int)
                0x00000000c0008736                VgaText::puts(char const*)
                0x00000000c000875c                VgaText::write(unsigned long long, void*, int*)
                0x00000000c00087a8                VgaText::puts(char const*, VgaColour, VgaColour)
                0x00000000c00088fa                VgaText::VgaText(char const*)
                0x00000000c00088fa                VgaText::VgaText(char const*)
                0x00000000c0008a46                VgaText::receiveKey(unsigned char)
                0x00000000c0008baa                VgaText::doUpdate()
                0x00000000c0008bab                newTerminal(char*)
 .text          0x00000000c0008bd0      0x1a1 core/tss.32
                0x00000000c0008bd0                TSS::TSS()
                0x00000000c0008bd0                TSS::TSS()
                0x00000000c0008be0                TSS::setESP(unsigned long)
                0x00000000c0008bf4                TSS::flush()
                0x00000000c0008c14                TSS::setup(unsigned long, unsigned long)
 *fill*         0x00000000c0008d71        0x1 
 .text          0x00000000c0008d72      0x4c2 core/unixfile.32
                0x00000000c0008d72                ReservedFilename::read(unsigned long long, void*, int*)
                0x00000000c0008dc8                ReservedFilename::isAtty()
                0x00000000c0008de4                ReservedFilename::write(unsigned long long, void*, int*)
                0x00000000c0008e42                UnixFile::getFileDescriptor()
                0x00000000c0008e4a                UnixFile::UnixFile(int)
                0x00000000c0008e4a                UnixFile::UnixFile(int)
                0x00000000c0008ffa                ReservedFilename::ReservedFilename(int)
                0x00000000c0008ffa                ReservedFilename::ReservedFilename(int)
                0x00000000c000902c                UnixFile::~UnixFile()
                0x00000000c000902c                UnixFile::~UnixFile()
                0x00000000c00090c4                UnixFile::~UnixFile()
                0x00000000c00090ec                ReservedFilename::~ReservedFilename()
                0x00000000c00090ec                ReservedFilename::~ReservedFilename()
                0x00000000c0009110                ReservedFilename::~ReservedFilename()
                0x00000000c0009137                getFromFileDescriptor(int)
 .text          0x00000000c0009234     0x11d0 core/virtmgr.32
                0x00000000c0009234                Virt::setPageState(unsigned long, Virt::VirtPageState)
                0x00000000c0009269                Virt::getPageState(unsigned long)
                0x00000000c000928d                Virt::allocateKernelVirtualPages(int)
                0x00000000c000939e                Virt::freeSwapfilePage(unsigned long)
                0x00000000c00093bc                Virt::swapIDToSector(unsigned long)
                0x00000000c00093ce                Virt::allocateSwapfilePage()
                0x00000000c000944c                Virt::virtualMemorySetup()
                0x00000000c0009497                Virt::setupPageSwapping(int)
                0x00000000c0009508                VAS::VAS(VAS*)
                0x00000000c0009508                VAS::VAS(VAS*)
                0x00000000c0009536                VAS::getForeignPageTableEntry(bool, unsigned long)
                0x00000000c0009562                VAS::getPageTableEntry(unsigned long)
                0x00000000c0009581                Virt::freeKernelVirtualPages(unsigned long)
                0x00000000c00096a6                VAS::freeAllocatedPages(unsigned long)
                0x00000000c00096ca                VAS::virtualToPhysical(unsigned long)
                0x00000000c00096e4                VAS::reflagRange(unsigned long, int, int, int)
                0x00000000c0009724                VAS::VAS()
                0x00000000c0009724                VAS::VAS()
                0x00000000c000978e                VAS::setToWriteCombining(unsigned long, int)
                0x00000000c00097c2                VAS::mapOtherVASIn(bool, VAS*)
                0x00000000c00097ec                VAS::~VAS()
                0x00000000c00097ec                VAS::~VAS()
                0x00000000c0009950                VAS::mapPage(unsigned long, unsigned long, int)
                0x00000000c0009a54                VAS::allocatePages(int, int)
                0x00000000c0009c2c                VAS::setCPUSpecific(unsigned long)
                0x00000000c0009c4a                VAS::mapRange(unsigned long, unsigned long, int, int)
                0x00000000c0009d10                VAS::mapForeignPage(bool, VAS*, unsigned long, unsigned long, int)
                0x00000000c0009dfe                VAS::VAS(bool)
                0x00000000c0009dfe                VAS::VAS(bool)
                0x00000000c000a07e                VAS::evict(unsigned long)
                0x00000000c000a140                VAS::tryLoadBackOffDisk(unsigned long)
                0x00000000c000a22e                VAS::scanForEviction()
                0x00000000c000a30e                mapVASFirstTime
 .text          0x00000000c000a404       0x5f coreobjs/c++.32
                0x00000000c000a404                __cxa_atexit
                0x00000000c000a407                __cxa_finalize
                0x00000000c000a408                __stack_chk_fail
                0x00000000c000a43e                __cxa_pure_virtual
                0x00000000c000a44f                operator new[](unsigned long)
                0x00000000c000a454                operator delete(void*, unsigned long)
                0x00000000c000a459                operator delete[](void*)
                0x00000000c000a45e                operator delete[](void*, unsigned long)
 .text          0x00000000c000a463      0x21c dbg/kconsole.32
                0x00000000c000a463                Dbg::stringifyxWithBase(unsigned int, char*, int)
                0x00000000c000a4ce                Dbg::logc(char)
                0x00000000c000a4ee                Dbg::logs(char*)
                0x00000000c000a50b                Dbg::logWriteInt(unsigned int)
                0x00000000c000a529                Dbg::logWriteIntBase(unsigned int, int)
                0x00000000c000a54a                Dbg::kprintf(char const*, ...)
 *fill*         0x00000000c000a67f        0x1 
 .text          0x00000000c000a680      0xc5c fs/vfs.32
                0x00000000c000a680                File::read(unsigned long long, void*, int*)
                0x00000000c000a6d8                File::write(unsigned long long, void*, int*)
                0x00000000c000a730                Directory::read(unsigned long long, void*, int*)
                0x00000000c000a788                Directory::write(unsigned long long, void*, int*)
                0x00000000c000a7b6                File::isAtty()
                0x00000000c000a7ba                Directory::isAtty()
                0x00000000c000a7be                Filesystem::getlabel(LogicalDisk*, int, char*, unsigned int*)
                0x00000000c000a7c4                Filesystem::setlabel(LogicalDisk*, int, char*)
                0x00000000c000a7ca                Filesystem::allocateSwapfile(char const*, int)
                0x00000000c000a7d0                File::~File()
                0x00000000c000a7d0                File::~File()
                0x00000000c000a7f4                File::~File()
                0x00000000c000a81e                Directory::~Directory()
                0x00000000c000a81e                Directory::~Directory()
                0x00000000c000a842                Directory::~Directory()
                0x00000000c000a86c                Filesystem::Filesystem()
                0x00000000c000a86c                Filesystem::Filesystem()
                0x00000000c000a890                Filesystem::~Filesystem()
                0x00000000c000a890                Filesystem::~Filesystem()
                0x00000000c000a89e                Filesystem::~Filesystem()
                0x00000000c000a8c2                Fs::getcwd(Process*, char*, int)
                0x00000000c000a8ec                Fs::initVFS()
                0x00000000c000a916                Fs::standardiseFiles(char*, char const*, char const*)
                0x00000000c000aac0                File::File(char const*, Process*)
                0x00000000c000aac0                File::File(char const*, Process*)
                0x00000000c000ab80                File::open(FileOpenMode)
                0x00000000c000abde                File::close()
                0x00000000c000ac3e                File::seek(unsigned long long)
                0x00000000c000ac94                File::tell(unsigned long long*)
                0x00000000c000ace4                File::rewind()
                0x00000000c000acf8                File::unlink()
                0x00000000c000ad44                File::rename(char const*)
                0x00000000c000ad92                File::chfatattr(unsigned char, unsigned char)
                0x00000000c000adee                File::exists()
                0x00000000c000ae2c                File::stat(unsigned long long*, bool*)
                0x00000000c000ae8d                Fs::setcwd(Process*, char*)
                0x00000000c000afea                Directory::Directory(char const*, Process*)
                0x00000000c000afea                Directory::Directory(char const*, Process*)
                0x00000000c000b0aa                Directory::open()
                0x00000000c000b106                Directory::close()
                0x00000000c000b166                Directory::unlink()
                0x00000000c000b1b2                Directory::rename(char const*)
                0x00000000c000b200                Directory::exists()
                0x00000000c000b23e                Directory::read(dirent*)
                0x00000000c000b28a                Directory::create()
                0x00000000c000b2d6                Filesystem::chfatattr(char const*, unsigned char, unsigned char)
 .text          0x00000000c000b2dc       0x86 hal/bus.32
                0x00000000c000b2dc                Bus::Bus(char const*)
                0x00000000c000b2dc                Bus::Bus(char const*)
                0x00000000c000b314                Bus::~Bus()
                0x00000000c000b314                Bus::~Bus()
                0x00000000c000b338                Bus::~Bus()
 .text          0x00000000c000b362       0x96 hal/buzzer.32
                0x00000000c000b362                beepThread(void*)
                0x00000000c000b39f                Krnl::beep(int, int, bool)
 .text          0x00000000c000b3f8      0x46d hal/clock.32
                0x00000000c000b3f8                User::loadClockSettings(int)
                0x00000000c000b44a                Clock::Clock(char const*)
                0x00000000c000b44a                Clock::Clock(char const*)
                0x00000000c000b480                Clock::~Clock()
                0x00000000c000b480                Clock::~Clock()
                0x00000000c000b4a4                Clock::~Clock()
                0x00000000c000b4ce                Clock::timeInSecondsLocal()
                0x00000000c000b516                Clock::setTimeInSecondsLocal(unsigned long long)
                0x00000000c000b56f                datetimeToSeconds(datetime_t)
                0x00000000c000b69c                Clock::setTimeInDatetimeLocal(datetime_t)
                0x00000000c000b6fc                secondsToDatetime(unsigned long long)
                0x00000000c000b840                Clock::timeInDatetimeLocal()
 *fill*         0x00000000c000b865        0x1 
 .text          0x00000000c000b866      0x464 hal/device.32
                0x00000000c000b866                Device::hibernate()
                0x00000000c000b868                Device::wake()
                0x00000000c000b86a                Device::detect()
                0x00000000c000b86c                Device::disableLegacy()
                0x00000000c000b86e                Device::powerSaving(PowerSavingLevel)
                0x00000000c000b870                DriverlessDevice::close(int, int, void*)
                0x00000000c000b874                DriverlessDevice::detect()
                0x00000000c000b876                DriverlessDevice::open(int, int, void*)
                0x00000000c000b88a                Device::~Device()
                0x00000000c000b88a                Device::~Device()
                0x00000000c000b898                Device::~Device()
                0x00000000c000b8c0                Device::findAndLoadDriver()
                0x00000000c000b8ce                Device::preOpenPCI(PCIDeviceInfo)
                0x00000000c000b8f4                Device::preOpenACPI(void*, char*, char*)
                0x00000000c000b934                Device::addIRQHandler(int, void (*)(regs*, void*), bool, void*)
                0x00000000c000b95e                Device::getParent()
                0x00000000c000b96a                Device::removeIRQHandler(int, void (*)(regs*, void*), bool)
                0x00000000c000b988                Device::addChild(Device*)
                0x00000000c000b9cc                Device::removeAllChildren()
                0x00000000c000ba12                Device::hibernateAll()
                0x00000000c000ba42                Device::wakeAll()
                0x00000000c000ba72                Device::detectAll()
                0x00000000c000baa2                Device::disableLegacyAll()
                0x00000000c000baa4                Device::loadDriversForAll()
                0x00000000c000baa6                Device::closeAll()
                0x00000000c000badc                Device::powerSavingAll(PowerSavingLevel)
                0x00000000c000bb12                Device::setName(char const*)
                0x00000000c000bb20                Device::Device(char const*)
                0x00000000c000bb20                Device::Device(char const*)
                0x00000000c000bc1c                Device::getName()
                0x00000000c000bc26                DriverlessDevice::DriverlessDevice(char const*)
                0x00000000c000bc26                DriverlessDevice::DriverlessDevice(char const*)
                0x00000000c000bc5c                Device::addToLinkedList(LinkedList<Device>&, DeviceType)
                0x00000000c000bca0                getDevicesOfType(DeviceType)
 *fill*         0x00000000c000bcca        0x2 
 .text          0x00000000c000bccc       0x86 hal/diskctrl.32
                0x00000000c000bccc                HardDiskController::HardDiskController(char const*)
                0x00000000c000bccc                HardDiskController::HardDiskController(char const*)
                0x00000000c000bd04                HardDiskController::~HardDiskController()
                0x00000000c000bd04                HardDiskController::~HardDiskController()
                0x00000000c000bd28                HardDiskController::~HardDiskController()
 .text          0x00000000c000bd52       0xe2 hal/diskphys.32
                0x00000000c000bd52                PhysicalDisk::eject()
                0x00000000c000bd56                PhysicalDisk::PhysicalDisk(char const*, int)
                0x00000000c000bd56                PhysicalDisk::PhysicalDisk(char const*, int)
                0x00000000c000bdbe                PhysicalDisk::startCache()
                0x00000000c000bde6                PhysicalDisk::~PhysicalDisk()
                0x00000000c000bde6                PhysicalDisk::~PhysicalDisk()
                0x00000000c000be0a                PhysicalDisk::~PhysicalDisk()
 .text          0x00000000c000be34        0x0 hal/fpu.32
 .text          0x00000000c000be34      0x35d hal/intctrl.32
                0x00000000c000be34                int_handler
                0x00000000c000bebc                installISRHandler(int, void (*)(regs*, void*), void*)
                0x00000000c000bf04                installIRQHandler(int, void (*)(regs*, void*), bool, void*)
                0x00000000c000c03c                uninstallISRHandler(int, void (*)(regs*, void*))
                0x00000000c000c070                uninstallIRQHandler(int, void (*)(regs*, void*), bool)
                0x00000000c000c0ef                setupINTS()
                0x00000000c000c14c                convertLegacyIRQNumber(int)
 *fill*         0x00000000c000c191        0x1 
 .text          0x00000000c000c192      0x7cc hal/keybrd.32
                0x00000000c000c192                startGUI(void*)
                0x00000000c000c1fe                startGUIVESA(void*)
                0x00000000c000c26a                sendKeyToTerminal(unsigned char)
                0x00000000c000c333                sendKeyboardToken(KeyboardToken)
                0x00000000c000c773                clearInternalKeybuffer(VgaText*)
                0x00000000c000c7a8                readKeyboard(VgaText*, char*, unsigned long)
                0x00000000c000c8d4                Keyboard::Keyboard(char const*)
                0x00000000c000c8d4                Keyboard::Keyboard(char const*)
                0x00000000c000c910                Keyboard::~Keyboard()
                0x00000000c000c910                Keyboard::~Keyboard()
                0x00000000c000c934                Keyboard::~Keyboard()
 .text          0x00000000c000c95e      0x3ea hal/logidisk.32
                0x00000000c000c95e                LogicalDisk::close(int, int, void*)
                0x00000000c000c962                LogicalDisk::~LogicalDisk()
                0x00000000c000c962                LogicalDisk::~LogicalDisk()
                0x00000000c000c986                LogicalDisk::~LogicalDisk()
                0x00000000c000c9b0                LogicalDisk::open(int, int, void*)
                0x00000000c000c9c4                LogicalDisk::absoluteToRelative(unsigned long long)
                0x00000000c000c9fc                LogicalDisk::relativeToAbsolute(unsigned long long)
                0x00000000c000ca42                LogicalDisk::LogicalDisk(char const*, PhysicalDisk*, unsigned long long, unsigned long long)
                0x00000000c000ca42                LogicalDisk::LogicalDisk(char const*, PhysicalDisk*, unsigned long long, unsigned long long)
                0x00000000c000caf8                LogicalDisk::assignDriveLetter()
                0x00000000c000cbae                LogicalDisk::mount()
                0x00000000c000cbf6                LogicalDisk::unmount()
                0x00000000c000cc06                LogicalDisk::eject()
                0x00000000c000cc1a                LogicalDisk::unassignDriveLetter()
                0x00000000c000cc70                LogicalDisk::read(unsigned long long, int, void*)
                0x00000000c000ccdc                LogicalDisk::write(unsigned long long, int, void*)
 .text          0x00000000c000cd48       0x86 hal/mouse.32
                0x00000000c000cd48                Mouse::Mouse(char const*)
                0x00000000c000cd48                Mouse::Mouse(char const*)
                0x00000000c000cd80                Mouse::~Mouse()
                0x00000000c000cd80                Mouse::~Mouse()
                0x00000000c000cda4                Mouse::~Mouse()
 .text          0x00000000c000cdce      0x339 hal/partition.32
                0x00000000c000cdce                makePartition(PhysicalDisk*, unsigned long long, unsigned long long)
                0x00000000c000ce76                createPartitionsForDisk(PhysicalDisk*)
 *fill*         0x00000000c000d107        0x1 
 .text          0x00000000c000d108       0x86 hal/serial.32
                0x00000000c000d108                Serial::Serial(char const*)
                0x00000000c000d108                Serial::Serial(char const*)
                0x00000000c000d140                Serial::~Serial()
                0x00000000c000d140                Serial::~Serial()
                0x00000000c000d164                Serial::~Serial()
 *fill*         0x00000000c000d18e        0x2 
 .text          0x00000000c000d190      0x234 hal/timer.32
                0x00000000c000d190                Timer::Timer(char const*)
                0x00000000c000d190                Timer::Timer(char const*)
                0x00000000c000d1c8                Timer::~Timer()
                0x00000000c000d1c8                Timer::~Timer()
                0x00000000c000d1ec                Timer::~Timer()
                0x00000000c000d216                Timer::read()
                0x00000000c000d221                setupTimer(int)
                0x00000000c000d25c                timerHandler(unsigned int)
 .text          0x00000000c000d3c4      0x3ce hal/vcache.32
                0x00000000c000d3c4                VCache::VCache(PhysicalDisk*)
                0x00000000c000d3c4                VCache::VCache(PhysicalDisk*)
                0x00000000c000d52c                VCache::invalidateReadBuffer()
                0x00000000c000d53c                VCache::writeWriteBuffer()
                0x00000000c000d588                VCache::~VCache()
                0x00000000c000d588                VCache::~VCache()
                0x00000000c000d5dc                VCache::~VCache()
                0x00000000c000d604                VCache::write(unsigned long long, int, void*)
                0x00000000c000d71a                VCache::read(unsigned long long, int, void*)
 .text          0x00000000c000d792      0x4b3 hal/video.32
                0x00000000c000d792                Video::putrect(int, int, int, int, unsigned int)
                0x00000000c000d7de                Video::bitblit(int, int, int, int, int, int, int, unsigned int*)
                0x00000000c000d84e                Video::blit(unsigned int*, int, int, int, int)
                0x00000000c000d8cc                Video::clearScreen(unsigned int)
                0x00000000c000d900                Video::putpixel(int, int, unsigned int)
                0x00000000c000d90e                Video::Video(char const*)
                0x00000000c000d90e                Video::Video(char const*)
                0x00000000c000d944                Video::~Video()
                0x00000000c000d944                Video::~Video()
                0x00000000c000d968                Video::~Video()
                0x00000000c000d992                Video::isMonochrome()
                0x00000000c000d99e                Video::getWidth()
                0x00000000c000d9aa                Video::getHeight()
                0x00000000c000d9b6                Video::drawCursor(int, int, unsigned char*, int)
                0x00000000c000da72                Video::tgaParse(unsigned char*, int, int*, int*)
                0x00000000c000dbda                Video::putTGA(int, int, unsigned char*, int)
 *fill*         0x00000000c000dc45        0x3 
 .text          0x00000000c000dc48     0x1307 hw/acpi.32
                0x00000000c000dc48                ACPI::close(int, int, void*)
                0x00000000c000dd00                findRSDP()
                0x00000000c000dd90                loadACPITables(unsigned char*)
                0x00000000c000dff4                findRSDT(unsigned char*)
                0x00000000c000e144                findDataTable(unsigned char*, char*)
                0x00000000c000e1bc                scanMADT()
                0x00000000c000e690                ACPI::ACPI()
                0x00000000c000e690                ACPI::ACPI()
                0x00000000c000e6e4                ACPI::getPCIIRQAssignment(unsigned char, unsigned short, unsigned char)
                0x00000000c000e7cc                ACPI::registerPCIIRQAssignment(void*, unsigned short, unsigned char, unsigned char)
                0x00000000c000e894                ACPI::setScreenBrightnessLevel(void*, int)
                0x00000000c000e89c                ACPI::detectPCI()
                0x00000000c000eaa4                ACPI::writeSimpleBootFlag(SimpleBootFlagTable*)
                0x00000000c000eaf8                ACPI::sleep()
                0x00000000c000eb14                ACPI::open(int, int, void*)
 *fill*         0x00000000c000ef4f        0x1 
 .text          0x00000000c000ef50      0xb95 hw/cpu.32
                0x00000000c000ef50                CPU::close(int, int, void*)
                0x00000000c000ef54                CPU::AMD_K6_write_msr(unsigned int, unsigned int, unsigned int, CPU::REGS*)
                0x00000000c000ef70                CPU::AMD_K6_read_msr(unsigned int, CPU::REGS*)
                0x00000000c000ef88                CPU::AMD_K6_writeback(int, int, int)
                0x00000000c000effc                CPU::cpuid(int, unsigned long*, unsigned long*, unsigned long*, unsigned long*)
                0x00000000c000f080                CPU::cpuidCheckEDX(unsigned int)
                0x00000000c000f0ae                CPU::cpuidCheckECX(unsigned int)
                0x00000000c000f0dc                CPU::cpuidCheckExtendedEBX(unsigned int)
                0x00000000c000f10a                CPU::cpuidCheckExtendedECX(unsigned int)
                0x00000000c000f138                CPU::CPU()
                0x00000000c000f138                CPU::CPU()
                0x00000000c000f1c6                CPU::displayFeatures()
                0x00000000c000f1c8                CPU::detectFeatures()
                0x00000000c000f88c                CPU::setupSMEP()
                0x00000000c000f898                CPU::setupUMIP()
                0x00000000c000f8a2                CPU::setupTSC()
                0x00000000c000f8ac                CPU::setupLargePages()
                0x00000000c000f8b6                CPU::setupPAT()
                0x00000000c000f8f2                CPU::setupMTRR()
                0x00000000c000f8f4                CPU::setupGlobalPages()
                0x00000000c000f8fe                CPU::allowUsermodeDataAccess()
                0x00000000c000f910                CPU::prohibitUsermodeDataAccess()
                0x00000000c000f922                CPU::setupSMAP()
                0x00000000c000f930                CPU::setupFeatures()
                0x00000000c000f9fc                CPU::open(int, int, void*)
 .text          0x00000000c000fae5       0xd1 krnl/bootmsg.32
                0x00000000c000fae5                KeDisplaySplashScreen()
                0x00000000c000fb53                KeSetBootMessage(char const*)
 .text          0x00000000c000fbb6      0x581 krnl/env.32
                0x00000000c000fbb6                EnvVarContainer::getEnv(char const*)
                0x00000000c000fbf4                EnvVarContainer::setEnv(char const*, char const*)
                0x00000000c000fcb6                EnvVarContainer::deleteEnv(char const*)
                0x00000000c000fcb8                EnvVarContainer::loadFrom(char const*, char const*)
                0x00000000c000fe9e                EnvVarContainer::__loadSystem()
                0x00000000c000feb8                EnvVarContainer::__loadUser()
                0x00000000c000feba                EnvVarContainer::EnvVarContainer(Process*)
                0x00000000c000feba                EnvVarContainer::EnvVarContainer(Process*)
                0x00000000c000fedc                EnvVarContainer::~EnvVarContainer()
                0x00000000c000fedc                EnvVarContainer::~EnvVarContainer()
                0x00000000c000ff0c                Krnl::getEnv(Process*, char const*)
                0x00000000c000ff71                Krnl::setEnvSystem(char const*, char const*)
                0x00000000c000ff8b                Krnl::setEnvUser(char const*, char const*)
                0x00000000c000ffaa                Krnl::setEnvProcess(Process*, char const*, char const*)
                0x00000000c000ffbd                Krnl::deleteEnvSystem(char const*)
                0x00000000c000ffbe                Krnl::deleteEnvUser(char const*)
                0x00000000c000ffbf                Krnl::deleteEnvProcess(Process*, char const*)
                0x00000000c000ffc0                Krnl::newProcessEnv(Process*)
                0x00000000c000ffe2                Krnl::copyProcessEnv(Process*, Process*)
                0x00000000c001002e                Krnl::loadSystemEnv()
                0x00000000c001005c                Krnl::loadUserEnv()
                0x00000000c0010082                Krnl::flushEnv()
                0x00000000c0010083                Krnl::getProcessTotalEnvCount(Process*)
                0x00000000c00100a3                Krnl::getProcessEnvPair(Process*, int)
 .text          0x00000000c0010137       0x94 krnl/inlines.32
                0x00000000c0010137                CPU::current()
                0x00000000c0010143                operator new(unsigned long)
                0x00000000c0010148                operator delete(void*)
                0x00000000c001014d                disableIRQs()
                0x00000000c001014f                enableIRQs()
                0x00000000c0010151                lockScheduler()
                0x00000000c0010159                unlockScheduler()
                0x00000000c0010168                lockStuff()
                0x00000000c0010176                unlockStuff()
                0x00000000c00101b0                Virt::getAKernelVAS()
                0x00000000c00101b6                __not_memcpy
 .text          0x00000000c00101cb        0xc krnl/panic.32
                0x00000000c00101cb                KePanic(char const*)
 .text          0x00000000c00101d7      0x142 krnl/powctrl.32
                0x00000000c00101d7                Krnl::powerThread(void*)
                0x00000000c0010205                Krnl::changePowerSettings(Krnl::PowerSettings)
                0x00000000c001021b                Krnl::userIOReceived()
                0x00000000c0010226                Krnl::handlePowerButton()
                0x00000000c001025b                Krnl::handleSleepButton()
                0x00000000c0010290                Krnl::setupPowerManager()
 *fill*         0x00000000c0010319        0x3 
 .text          0x00000000c001031c      0x190 krnl/resolve.32
                0x00000000c001031c                KeResolveCompatibilitySymbol(char*)
 .text          0x00000000c00104ac      0x2c3 krnl/signal.32
                0x00000000c00104ac                KiSigKill(int)
                0x00000000c00104d8                KiDefaultSignalHandlerIgnore(int)
                0x00000000c00104d9                KiDefaultSignalHandlerPause(int)
                0x00000000c0010505                KiDefaultSignalHandlerResume(int)
                0x00000000c0010531                KeDeinitSignals(SigHandlerBlock*)
                0x00000000c0010536                KeInitSignals()
                0x00000000c0010581                KeRegisterSignalHandler(SigHandlerBlock*, int, void (*)(int), unsigned int, int)
                0x00000000c00105b7                KeRaiseSignal(SigHandlerBlock*, int)
                0x00000000c0010634                KeCheckSignal(SigHandlerBlock*)
                0x00000000c001071f                KiCheckSignalZ
                0x00000000c0010734                KeCompleteSignal(SigHandlerBlock*, int)
 .text          0x00000000c001076f      0xcee krnl/syscalls.32
                0x00000000c001076f                SysSeekDir(regs*)
                0x00000000c0010774                SysTellDir(regs*)
                0x00000000c0010779                SysVerify(regs*)
                0x00000000c0010783                SysGetArgc(regs*)
                0x00000000c0010793                SysTTYName(regs*)
                0x00000000c001079b                SysFormatDisk(regs*)
                0x00000000c0010808                SysSetDiskVolumeLabel(regs*)
                0x00000000c0010852                SysGetDiskVolumeLabel(regs*)
                0x00000000c00108a7                SysShutdown(regs*)
                0x00000000c0010905                SysRealpath(regs*)
                0x00000000c0010948                SysReadDir(regs*)
                0x00000000c00109c8                SysIsATTY(regs*)
                0x00000000c0010a24                SysSeek(regs*)
                0x00000000c0010a7d                SysTell(regs*)
                0x00000000c0010aec                SysSize(regs*)
                0x00000000c0010b61                SysSizeFromFilename(regs*)
                0x00000000c0010c14                SysClose(regs*)
                0x00000000c0010c74                SysOpenDir(regs*)
                0x00000000c0010d85                SysCloseDir(regs*)
                0x00000000c0010dd9                SysMakeDir(regs*)
                0x00000000c0010e4b                SysWait(regs*)
                0x00000000c0010e68                SysNotImpl(regs*)
                0x00000000c0010e83                SysPanic(regs*)
                0x00000000c0010e9e                SysRmdir(regs*)
                0x00000000c0010f05                SysUnlink(regs*)
                0x00000000c0010f6c                SysGetArgv(regs*)
                0x00000000c0010fb9                SysUSleep(regs*)
                0x00000000c0010fe2                SysSpawn(regs*)
                0x00000000c001104b                SysGetEnv(regs*)
                0x00000000c00110fa                SysSetFatAttrib(regs*)
                0x00000000c0011171                SysPipe(regs*)
                0x00000000c00111b6                SysGetUnixTime(regs*)
                0x00000000c00111ca                string_ends_with(char const*, char const*)
                0x00000000c0011214                SysOpen(regs*)
                0x00000000c001141b                KeSystemCall(regs*, void*)
 .text          0x00000000c001145d      0x50e reg/registry.32
                0x00000000c001145d                Reg::findLineFromLoadedData(char*, char*, char*)
                0x00000000c00115b5                Reg::getLineFromRegistry(char*, char*, char*, char*)
                0x00000000c001170a                Reg::getLine(char*, char*, char*)
                0x00000000c0011741                Reg::readInt(char*, char*, int*)
                0x00000000c001182c                Reg::readString(char*, char*, char*, int)
                0x00000000c00118ad                Reg::readBool(char*, char*, bool*)
                0x00000000c00118d2                Reg::readBoolWithDefault(char*, char*, bool)
                0x00000000c00118fe                Reg::readIntWithDefault(char*, char*, int)
                0x00000000c001192a                Reg::readStringWithDefault(char*, char*, char*, int, char*)
 .text          0x00000000c001196b       0x36 sys/eject.32
                0x00000000c001196b                SysEject(regs*)
 .text          0x00000000c00119a1       0x18 sys/exit.32
                0x00000000c00119a1                SysExit(regs*)
 .text          0x00000000c00119b9       0x1f sys/getcwd.32
                0x00000000c00119b9                SysGetCwd(regs*)
 .text          0x00000000c00119d8        0xc sys/getpid.32
                0x00000000c00119d8                SysGetPID(regs*)
 .text          0x00000000c00119e4       0x1a sys/getramdata.32
                0x00000000c00119e4                SysGetRAMData(regs*)
 .text          0x00000000c00119fe       0x82 sys/getvgaptr.32
                0x00000000c00119fe                SysGetVGAPtr(regs*)
 .text          0x00000000c0011a80       0xa8 sys/loaddll.32
                0x00000000c0011a80                SysLoadDLL(regs*)
 .text          0x00000000c0011b28       0x68 sys/read.32
                0x00000000c0011b28                SysRead(regs*)
 .text          0x00000000c0011b90       0x29 sys/registersignal.32
                0x00000000c0011b90                SysRegisterSignal(regs*)
 .text          0x00000000c0011bb9       0x55 sys/sbrk.32
                0x00000000c0011bb9                SysSbrk(regs*)
 .text          0x00000000c0011c0e       0x1c sys/setcwd.32
                0x00000000c0011c0e                SysSetCwd(regs*)
 .text          0x00000000c0011c2a       0x95 sys/settime.32
                0x00000000c0011c2a                SysSetTime(regs*)
 .text          0x00000000c0011cbf       0x4a sys/timezone.32
                0x00000000c0011cbf                SysTimezone(regs*)
 .text          0x00000000c0011d09       0x68 sys/write.32
                0x00000000c0011d09                SysWrite(regs*)
 .text          0x00000000c0011d71       0x62 sys/wsbe.32
                0x00000000c0011d71                SysWsbe(regs*)
 .text          0x00000000c0011dd3       0x25 sys/yield.32
                0x00000000c0011dd3                SysYield(regs*)
 .text          0x00000000c0011df8     0x11e5 thr/elf.32
                0x00000000c0011df8                Thr::allocateMemoryForTask(Process*, File*, unsigned long, unsigned long, unsigned long)
                0x00000000c0012084                Thr::loadProgramIntoMemory(Process*, char const*)
                0x00000000c001229a                Thr::runtimeReferenceHelper()
                0x00000000c00122ad                Thr::getAddressOfKernelSymbol(char const*)
                0x00000000c00122fc                Thr::loadKernelSymbolTable(char const*)
                0x00000000c00125ba                Thr::loadDriverIntoMemory(char const*, unsigned long, bool)
                0x00000000c0012cf0                Thr::getDriverBaseFromAddress(unsigned long)
                0x00000000c0012d22                Thr::getDriverNameFromAddress(unsigned long)
                0x00000000c0012d59                Thr::getDriverOffsetFromAddress(unsigned long)
                0x00000000c0012d73                Thr::loadDLL(char const*, bool)
                0x00000000c0012fa4                Thr::executeDLL(unsigned long, void*)
 *fill*         0x00000000c0012fdd        0x3 
 .text          0x00000000c0012fe0     0x12fd thr/prcssthr.32
                0x00000000c0012fe0                userModeEntryPoint(void*)
                0x00000000c0013008                changeTSS
                0x00000000c0013038                switchToThread(ThreadControlBlock*)
                0x00000000c00130ec                Process::addArgs(char**)
                0x00000000c001314c                Process::Process(char const*, Process*, char**)
                0x00000000c001314c                Process::Process(char const*, Process*, char**)
                0x00000000c0013358                Process::Process(bool, char const*, Process*, char**)
                0x00000000c0013358                Process::Process(bool, char const*, Process*, char**)
                0x00000000c0013530                taskStartupFunction
                0x00000000c001353c                Semaphore::Semaphore(int)
                0x00000000c001353c                Semaphore::Semaphore(int)
                0x00000000c001356c                Mutex::Mutex()
                0x00000000c001356c                Mutex::Mutex()
                0x00000000c0013580                Process::createThread(void (*)(void*), void*, int)
                0x00000000c0013678                Process::createUserThread()
                0x00000000c0013698                setupMultitasking(void (*)())
                0x00000000c00137a0                schedule()
                0x00000000c0013830                Semaphore::tryAcquire()
                0x00000000c00138fc                Semaphore::assertLocked(char const*)
                0x00000000c0013974                blockTaskWithSchedulerLockAlreadyHeld(TaskState)
                0x00000000c001399c                blockTask(TaskState)
                0x00000000c00139cc                waitTask(int, int*, int)
                0x00000000c0013a10                milliTenthSleepUntil(unsigned int)
                0x00000000c0013aa0                milliTenthSleep(unsigned int)
                0x00000000c0013ab0                sleep(unsigned int)
                0x00000000c0013acc                Semaphore::acquire()
                0x00000000c0013b88                taskReturned
                0x00000000c0013bc4                Thr::processFromPID(int)
                0x00000000c0013c64                unblockTask(ThreadControlBlock*)
                0x00000000c0013d08                cleanupTerminatedTask(ThreadControlBlock*)
                0x00000000c0013fd4                cleanerTaskFunction(void*)
                0x00000000c00140c4                terminateTask(int)
                0x00000000c0014190                Thr::terminateFromIRQ(int)
                0x00000000c00141a0                Semaphore::release()
 .text          0x00000000c00142dd      0xb93 vm86/vm8086.32
                0x00000000c00142dd                Vm::inbv(unsigned short)
                0x00000000c00142f0                Vm::outbv(unsigned short, unsigned char)
                0x00000000c0014326                Vm::realToLinear(unsigned short, unsigned short)
                0x00000000c0014336                Vm::getSegment(unsigned int)
                0x00000000c001433e                Vm::getOffset(unsigned int)
                0x00000000c0014343                Vm::mainloop2()
                0x00000000c001437d                Vm::mainVm8086Loop(void*)
                0x00000000c001438d                Vm::mainloop3(unsigned long)
                0x00000000c00143b3                Vm::initialise8086()
                0x00000000c00143f6                Vm::finish8086()
                0x00000000c0014457                Vm::getOutput8086(unsigned char*)
                0x00000000c001447c                Vm::start8086FromBuffer(unsigned char*, int, unsigned short, unsigned short, unsigned short, unsigned short)
                0x00000000c0014535                Vm::start8086(char const*, unsigned short, unsigned short, unsigned short, unsigned short)
                0x00000000c001469d                Vm::doISR(regs*, int, unsigned char*, unsigned short, unsigned short)
                0x00000000c0014727                Vm::readByteFromReal(unsigned short, unsigned short)
                0x00000000c0014738                Vm::readWordFromReal(unsigned short, unsigned short)
                0x00000000c001474a                Vm::readDwordFromReal(unsigned short, unsigned short)
                0x00000000c001475b                Vm::writeByteFromReal(unsigned short, unsigned short, unsigned char)
                0x00000000c0014770                Vm::writeWordFromReal(unsigned short, unsigned short, unsigned short)
                0x00000000c0014786                Vm::writeDwordFromReal(unsigned short, unsigned short, unsigned int)
                0x00000000c001479b                Vm::faultHandler(regs*)
 .text          0x00000000c0014e70      0xa53 arch/i386/hal.32
                0x00000000c0014e70                noCopro(unsigned long)
                0x00000000c0014e71                nmiHandler(regs*, void*)
                0x00000000c0014e8a                doubleFault(regs*, void*)
                0x00000000c0014ea3                displayDebugInfo(regs*)
                0x00000000c00151c4                HalSystemIdle()
                0x00000000c001523a                displayProgramFault(char const*)
                0x00000000c0015286                gpFault(regs*, void*)
                0x00000000c00152eb                pgFault(regs*, void*)
                0x00000000c0015371                otherISRHandler(regs*, void*)
                0x00000000c00153a5                opcodeFault(regs*, void*)
                0x00000000c0015425                i386SaveCoprocessor(void*)
                0x00000000c0015439                i386LoadCoprocessor(void*)
                0x00000000c001544d                x87EmulHandler(regs*, void*)
                0x00000000c00154ea                HalInitialiseCoprocessor()
                0x00000000c0015598                HalPanic(char const*)
                0x00000000c0015691                HalQueryPerformanceCounter()
                0x00000000c00156ac                HalInitialise()
                0x00000000c0015852                HalMakeBeep(int)
                0x00000000c001588c                HalGetRand()
                0x00000000c001588f                HalEndOfInterrupt(int)
                0x00000000c00158c0                HalRestart()
                0x00000000c00158c1                HalShutdown()
                0x00000000c00158c2                HalSleep()
 *fill*         0x00000000c00158c3        0x1 
 .text          0x00000000c00158c4      0x2f4 arch/i386/pic.32
                0x00000000c00158c4                picIoWait()
                0x00000000c00158cc                picDisable()
                0x00000000c0015900                picGetIRQReg(int)
                0x00000000c0015984                picOpen()
                0x00000000c0015b14                picEOI(int)
 .text          0x00000000c0015bb8      0x64d arch/i386/rtc.32
                0x00000000c0015bb8                RTC::open(int, int, void*)
                0x00000000c0015bbc                RTC::close(int, int, void*)
                0x00000000c0015bc0                RTC::timeInSecondsUTC()
                0x00000000c0015bd2                RTC::timeInDatetimeUTC()
                0x00000000c0015bf8                RTC::setTimeInSecondsUTC(unsigned long long)
                0x00000000c0015c36                RTC::~RTC()
                0x00000000c0015c36                RTC::~RTC()
                0x00000000c0015c5a                RTC::~RTC()
                0x00000000c0015c84                RTC::get_update_in_progress_flag()
                0x00000000c0015c9c                RTC::completeRTCRefresh()
                0x00000000c0015f54                RTC::setTimeInDatetimeUTC(datetime_t)
                0x00000000c0016107                rtcIRQHandler(regs*, void*)
                0x00000000c001614c                RTC::RTC()
                0x00000000c001614c                RTC::RTC()
 *fill*         0x00000000c0016205        0x3 
 .text          0x00000000c0016208      0x203 arch/i386/vga.32
                0x00000000c0016208                HalConsoleScroll(int, int)
                0x00000000c0016310                HalConsoleWriteCharacter(char, int, int, int, int)
                0x00000000c001637c                HalConsoleCursorUpdate(int, int)
 *fill*         0x00000000c001640b        0x1 
 .text          0x00000000c001640c     0x13e7 fs/fat/vfslink.32
                0x00000000c001640c                FAT::getName()
                0x00000000c0016414                FAT::tell(void*, unsigned long long*)
                0x00000000c0016450                FAT::stat(void*, unsigned long long*)
                0x00000000c001648c                FAT::~FAT()
                0x00000000c001648c                FAT::~FAT()
                0x00000000c00164b0                FAT::~FAT()
                0x00000000c00164d8                FAT::getlabel(LogicalDisk*, int, char*, unsigned int*)
                0x00000000c001657c                FAT::setlabel(LogicalDisk*, int, char*)
                0x00000000c0016640                FAT::format(LogicalDisk*, int, char const*, int)
                0x00000000c0016814                FAT::tryMount(LogicalDisk*, int)
                0x00000000c0016a2c                FAT::allocateSwapfile(char const*, int)
                0x00000000c0016bec                FAT::readDir(void*, unsigned long, void*, int*)
                0x00000000c0016d58                FAT::read(void*, unsigned long, void*, int*)
                0x00000000c0016db8                FAT::write(void*, unsigned long, void*, int*)
                0x00000000c0016e18                FAT::close(void*)
                0x00000000c0016e6c                FAT::closeDir(void*)
                0x00000000c0016ec0                FAT::seek(void*, unsigned long long)
                0x00000000c0016f18                fatWrapperReadDisk
                0x00000000c0016f5c                fatWrapperWriteDisk
                0x00000000c0016fa0                fatWrapperIoctl
                0x00000000c00170bc                FAT::FAT()
                0x00000000c00170bc                FAT::FAT()
                0x00000000c0017110                FAT::fixFilepath(char*)
                0x00000000c001714c                FAT::open(char const*, void**, FileOpenMode)
                0x00000000c0017284                FAT::openDir(char const*, void**)
                0x00000000c0017334                FAT::stat(char const*, unsigned long long*, bool*)
                0x00000000c001742c                FAT::unlink(char const*)
                0x00000000c00174ac                FAT::chfatattr(char const*, unsigned char, unsigned char)
                0x00000000c0017638                FAT::rename(char const*, char const*)
                0x00000000c0017704                FAT::mkdir(char const*)
                0x00000000c0017784                FAT::exists(char const*)
 *fill*         0x00000000c00177f3        0x1 
 .text          0x00000000c00177f4       0xc6 fs/iso9660/helper.32
                0x00000000c00177f4                isoReadDiscSectorHelper
                0x00000000c0017850                iso_kprintf
                0x00000000c0017870                iso_kprintfd
 .text          0x00000000c00178ba      0x586 fs/iso9660/vfslink.32
                0x00000000c00178ba                ISO9660::format(LogicalDisk*, int, char const*, int)
                0x00000000c00178c0                ISO9660::getName()
                0x00000000c00178c6                ISO9660::closeDir(void*)
                0x00000000c00178d0                ISO9660::chfatattr(char const*, unsigned char, unsigned char)
                0x00000000c00178d6                ISO9660::unlink(char const*)
                0x00000000c00178dc                ISO9660::write(void*, unsigned long, void*, int*)
                0x00000000c00178e2                ISO9660::rename(char const*, char const*)
                0x00000000c00178e8                ISO9660::mkdir(char const*)
                0x00000000c00178ee                ISO9660::~ISO9660()
                0x00000000c00178ee                ISO9660::~ISO9660()
                0x00000000c0017912                ISO9660::~ISO9660()
                0x00000000c001793a                ISO9660::exists(char const*)
                0x00000000c001794e                ISO9660::open(char const*, void**, FileOpenMode)
                0x00000000c00179ee                ISO9660::openDir(char const*, void**)
                0x00000000c0017a7e                ISO9660::read(void*, unsigned long, void*, int*)
                0x00000000c0017abe                ISO9660::seek(void*, unsigned long long)
                0x00000000c0017af6                ISO9660::tell(void*, unsigned long long*)
                0x00000000c0017b2c                ISO9660::stat(void*, unsigned long long*)
                0x00000000c0017b66                ISO9660::stat(char const*, unsigned long long*, bool*)
                0x00000000c0017c38                ISO9660::close(void*)
                0x00000000c0017c5e                ISO9660::readDir(void*, unsigned long, void*, int*)
                0x00000000c0017d2b                readSectorFromCDROM(unsigned int, unsigned char*, char)
                0x00000000c0017da6                ISO9660::tryMount(LogicalDisk*, int)
                0x00000000c0017e18                ISO9660::ISO9660()
                0x00000000c0017e18                ISO9660::ISO9660()
 .text          0x00000000c0017e40      0x26c hal/sound/sndcard.32
                0x00000000c0017e40                SoundCard::beginPlayback()
                0x00000000c0017e4e                SoundCard::stopPlayback()
                0x00000000c0017e5c                SoundCard::SoundCard(char const*)
                0x00000000c0017e5c                SoundCard::SoundCard(char const*)
                0x00000000c0017efa                SoundCard::~SoundCard()
                0x00000000c0017efa                SoundCard::~SoundCard()
                0x00000000c0017f1e                SoundCard::~SoundCard()
                0x00000000c0017f48                SoundCard::configureRates(int, int, int)
                0x00000000c0017f78                SoundCard::getSamples16(int, short*)
                0x00000000c0017fd4                SoundCard::getSamples32(int, int*)
                0x00000000c001805a                SoundCard::addChannel(SoundPort*)
                0x00000000c0018098                SoundCard::removeChannel(int)
 .text          0x00000000c00180ac      0x377 hal/sound/sndport.32
                0x00000000c00180ac                SoundPort::SoundPort(int, int, int, int)
                0x00000000c00180ac                SoundPort::SoundPort(int, int, int, int)
                0x00000000c0018138                SoundPort::~SoundPort()
                0x00000000c0018138                SoundPort::~SoundPort()
                0x00000000c001816c                SoundPort::unpause()
                0x00000000c0018178                SoundPort::pause()
                0x00000000c0018184                SoundPort::getBufferUsed()
                0x00000000c001818c                SoundPort::getBufferSize()
                0x00000000c0018194                SoundPort::buffer16(short*, int)
                0x00000000c0018220                SoundPort::buffer32(int*, int)
                0x00000000c00182a8                SoundPort::unbufferAndAdd16(int, short*, SoundCard*)
                0x00000000c001836c                SoundPort::unbufferAndAdd32(int, int*, SoundCard*)
 .text          0x00000000c0018423        0x0 hw/bus/isa.32
 *fill*         0x00000000c0018423        0x1 
 .text          0x00000000c0018424      0xb49 hw/bus/pci.32
                0x00000000c0018424                PCI::open(int, int, void*)
                0x00000000c0018442                PCI::close(int, int, void*)
                0x00000000c0018446                PCI::PCI()
                0x00000000c0018446                PCI::PCI()
                0x00000000c00184e0                PCI::readBAR8(unsigned int, int)
                0x00000000c00184fc                PCI::readBAR16(unsigned int, int)
                0x00000000c001851a                PCI::readBAR32(unsigned int, int)
                0x00000000c0018536                PCI::writeBAR8(unsigned int, unsigned char, int)
                0x00000000c0018556                PCI::writeBAR16(unsigned int, unsigned short, int)
                0x00000000c0018578                PCI::writeBAR32(unsigned int, unsigned int, int)
                0x00000000c0018598                PCI::legacyMechanism(unsigned char, unsigned char, unsigned char, unsigned char)
                0x00000000c0018606                PCI::pciReadWord(unsigned char, unsigned char, unsigned char, unsigned char)
                0x00000000c00186ae                PCI::getVendorID(unsigned char, unsigned char, unsigned char)
                0x00000000c00186d2                PCI::getHeaderType(unsigned char, unsigned char, unsigned char)
                0x00000000c00186fa                PCI::getClassCode(unsigned char, unsigned char, unsigned char)
                0x00000000c0018744                PCI::getProgIF(unsigned char, unsigned char, unsigned char)
                0x00000000c001876c                PCI::getRevisionID(unsigned char, unsigned char, unsigned char)
                0x00000000c0018790                PCI::getInterruptNumber(unsigned char, unsigned char, unsigned char)
                0x00000000c00187b4                PCI::getSecondaryBus(unsigned char, unsigned char, unsigned char)
                0x00000000c00187dc                PCI::getBARAddress(unsigned char, unsigned char, unsigned char, unsigned char)
                0x00000000c0018840                PCI::pciWriteWord(unsigned char, unsigned char, unsigned char, unsigned char, unsigned short)
                0x00000000c0018928                PCI::pciDetailsToFilepath(PCIDeviceInfo, char*)
                0x00000000c0018ba2                PCI::checkBus(unsigned char)
                0x00000000c0018bc8                PCI::foundDevice(PCIDeviceInfo)
                0x00000000c0018d3a                PCI::getDeviceData(unsigned char, unsigned char, unsigned char)
                0x00000000c0018eae                PCI::checkDevice(unsigned char, unsigned char)
                0x00000000c0018f1a                PCI::detect()
 *fill*         0x00000000c0018f6d        0x1 
 .text          0x00000000c0018f6e      0xb5a hw/diskctrl/ide.32
                0x00000000c0018f6e                IDE::close(int, int, void*)
                0x00000000c0018f72                IDE::IDE()
                0x00000000c0018f72                IDE::IDE()
                0x00000000c0018fa6                IDE::prepareInterrupt(unsigned char)
                0x00000000c0018fb8                selectDrive(unsigned char, unsigned char)
                0x00000000c0018fba                IDE::getBase(unsigned char)
                0x00000000c0018fcc                IDE::write(unsigned char, unsigned char, unsigned char)
                0x00000000c001908c                IDE::read(unsigned char, unsigned char)
                0x00000000c001913a                IDE::waitInterrupt(unsigned char)
                0x00000000c00191a2                ideChannel0IRQHandler(regs*, void*)
                0x00000000c00191be                ideChannel1IRQHandler(regs*, void*)
                0x00000000c00191da                IDE::enableIRQs(unsigned char, bool)
                0x00000000c0019220                IDE::open(int, int, void*)
                0x00000000c001962e                IDE::readBuffer(unsigned char, unsigned char, unsigned int, unsigned int)
                0x00000000c00196fa                IDE::detect()
                0x00000000c00199ba                IDE::printError(unsigned char, unsigned char, unsigned char)
                0x00000000c0019a6a                IDE::polling(unsigned char, unsigned int)
 .text          0x00000000c0019ac8      0x32a hw/diskctrl/satabus.32
                0x00000000c0019ac8                SATABus::close(int, int, void*)
                0x00000000c0019acc                SATABus::detect()
                0x00000000c0019ace                SATABus::SATABus()
                0x00000000c0019ace                SATABus::SATABus()
                0x00000000c0019b54                SATABus::findCmdslot(SATABus::tagHBA_PORT volatile*)
                0x00000000c0019b86                SATABus::checkType(SATABus::tagHBA_PORT volatile*)
                0x00000000c0019bce                SATABus::startCmd(SATABus::tagHBA_PORT volatile*)
                0x00000000c0019bee                SATABus::stopCmd(SATABus::tagHBA_PORT volatile*)
                0x00000000c0019c18                SATABus::portRebase(SATABus::tagHBA_PORT volatile*, int)
                0x00000000c0019d28                SATABus::probePort(SATABus::tagHBA_MEM volatile*)
                0x00000000c0019dd2                SATABus::open(int, int, void*)
 .text          0x00000000c0019df2      0x5f4 hw/diskphys/ata.32
                0x00000000c0019df2                ATA::close(int, int, void*)
                0x00000000c0019e16                ATA::powerSaving(PowerSavingLevel)
                0x00000000c0019e18                ATA::ATA()
                0x00000000c0019e18                ATA::ATA()
                0x00000000c0019e46                ATA::flush(bool)
                0x00000000c0019e90                ATA::readyForCommand()
                0x00000000c0019edc                ATA::access(unsigned long long, int, void*, bool)
                0x00000000c001a258                ATA::read(unsigned long long, int, void*)
                0x00000000c001a2a4                ATA::write(unsigned long long, int, void*)
                0x00000000c001a2f0                ATA::detectCHS()
                0x00000000c001a31a                ATA::open(int, int, void*)
 .text          0x00000000c001a3e6      0x60e hw/diskphys/atapi.32
                0x00000000c001a3e6                ATAPI::write(unsigned long long, int, void*)
                0x00000000c001a3ec                ATAPI::close(int, int, void*)
                0x00000000c001a410                ATAPI::ATAPI()
                0x00000000c001a410                ATAPI::ATAPI()
                0x00000000c001a43e                ATAPI::readyForCommand()
                0x00000000c001a490                ATAPI::sendPacket(unsigned char*, int, bool, unsigned short*, int)
                0x00000000c001a750                ATAPI::diskRemoved()
                0x00000000c001a78a                ATAPI::eject()
                0x00000000c001a7d2                ATAPI::diskInserted()
                0x00000000c001a7de                ATAPI::detectMedia()
                0x00000000c001a89a                ATAPI::open(int, int, void*)
                0x00000000c001a97a                ATAPI::read(unsigned long long, int, void*)
 .text          0x00000000c001a9f4      0x402 hw/diskphys/sata.32
                0x00000000c001a9f4                SATA::close(int, int, void*)
                0x00000000c001aa18                SATA::powerSaving(PowerSavingLevel)
                0x00000000c001aa1a                SATA::open(int, int, void*)
                0x00000000c001aac4                SATA::SATA()
                0x00000000c001aac4                SATA::SATA()
                0x00000000c001aaf2                SATA::access(unsigned long long, int, void*, bool)
                0x00000000c001ad3e                SATA::read(unsigned long long, int, void*)
                0x00000000c001ad8a                SATA::write(unsigned long long, int, void*)
 .text          0x00000000c001adf6      0x5af hw/diskphys/satapi.32
                0x00000000c001adf6                SATAPI::write(unsigned long long, int, void*)
                0x00000000c001adfc                SATAPI::close(int, int, void*)
                0x00000000c001ae20                SATAPI::SATAPI()
                0x00000000c001ae20                SATAPI::SATAPI()
                0x00000000c001ae4e                SATAPI::diskRemoved()
                0x00000000c001ae50                SATAPI::diskInserted()
                0x00000000c001ae6c                SATAPI::sendPacket(unsigned char*, int, unsigned long long, unsigned short*, int)
                0x00000000c001b14c                SATAPI::eject()
                0x00000000c001b188                SATAPI::detectMedia()
                0x00000000c001b1ae                SATAPI::open(int, int, void*)
                0x00000000c001b2ae                SATAPI::read(unsigned long long, int, void*)
 *fill*         0x00000000c001b3a5        0x1 
 .text          0x00000000c001b3a6      0x455 hw/intctrl/apic.32
                0x00000000c001b3a6                IOAPIC::close(int, int, void*)
                0x00000000c001b3ac                apicGetBase()
                0x00000000c001b3ee                IOAPIC::IOAPIC()
                0x00000000c001b3ee                IOAPIC::IOAPIC()
                0x00000000c001b416                apicOpen()
                0x00000000c001b57c                IOAPIC::handlesGSIWithNumber(unsigned int)
                0x00000000c001b5ae                IOAPIC::read(int)
                0x00000000c001b5d6                IOAPIC::open(int, int, void*)
                0x00000000c001b6ca                IOAPIC::write(int, int)
                0x00000000c001b6f6                IOAPIC::redirect(unsigned char, unsigned long long, unsigned char, bool, bool)
 *fill*         0x00000000c001b7fb        0x1 
 .text          0x00000000c001b7fc       0xf0 hw/timer/apictimer.32
                0x00000000c001b7fc                APICTimer::close(int, int, void*)
                0x00000000c001b804                apicTimerHandler(regs*, void*)
                0x00000000c001b82c                APICTimer::open(int, int, void*)
                0x00000000c001b89c                APICTimer::write(int)
                0x00000000c001b8c4                APICTimer::APICTimer()
                0x00000000c001b8c4                APICTimer::APICTimer()
 .text          0x00000000c001b8ec      0x1aa hw/timer/pit.32
                0x00000000c001b8ec                PIT::write(int)
                0x00000000c001b970                pitHandler(regs*, void*)
                0x00000000c001b994                PIT::open(int, int, void*)
                0x00000000c001b9e4                PIT::close(int, int, void*)
                0x00000000c001ba14                PIT::PIT()
                0x00000000c001ba14                PIT::PIT()
 *fill*         0x00000000c001ba96        0xa 
 .text          0x00000000c001baa0       0x83 arch/i386/avx.32
                0x00000000c001baa0                avxDetect
                0x00000000c001baca                avxSave
                0x00000000c001badb                avxLoad
                0x00000000c001baec                avxInit
                0x00000000c001bb0e                avxClose
                0x00000000c001bb0f                wouldSheSayYes
 *fill*         0x00000000c001bb23        0xd 
 .text          0x00000000c001bb30      0x231 arch/i386/interrupt.32
                0x00000000c001bb30                isr0
                0x00000000c001bb40                isr1
                0x00000000c001bb4a                isr2
                0x00000000c001bb54                isr3
                0x00000000c001bb5e                isr4
                0x00000000c001bb68                isr5
                0x00000000c001bb72                isr6
                0x00000000c001bb7c                isr7
                0x00000000c001bb86                isr8
                0x00000000c001bb8e                isr9
                0x00000000c001bb98                isr10
                0x00000000c001bba0                isr11
                0x00000000c001bba8                isr12
                0x00000000c001bbb0                isr13
                0x00000000c001bbb8                isr14
                0x00000000c001bbc0                isr15
                0x00000000c001bbca                isr16
                0x00000000c001bbd4                isr17
                0x00000000c001bbde                isr18
                0x00000000c001bbe8                irq3
                0x00000000c001bbf2                irq4
                0x00000000c001bbfc                irq5
                0x00000000c001bc06                irq6
                0x00000000c001bc10                irq7
                0x00000000c001bc1a                irq8
                0x00000000c001bc24                irq9
                0x00000000c001bc2e                irq10
                0x00000000c001bc38                irq11
                0x00000000c001bc42                irq12
                0x00000000c001bc4c                irq13
                0x00000000c001bc56                irq14
                0x00000000c001bc60                irq15
                0x00000000c001bc6a                irq1
                0x00000000c001bc71                irq2
                0x00000000c001bc78                isr96
                0x00000000c001bc7f                irq0
                0x00000000c001bc84                int_common_stub
                0x00000000c001bcb6                syscall_common_stub
                0x00000000c001bd11                irq16
                0x00000000c001bd1b                irq17
                0x00000000c001bd25                irq18
                0x00000000c001bd2f                irq19
                0x00000000c001bd39                irq20
                0x00000000c001bd43                irq21
                0x00000000c001bd4d                irq22
                0x00000000c001bd57                irq23
 *fill*         0x00000000c001bd61        0xf 
 .text          0x00000000c001bd70       0x10 arch/i386/rdrand.32
                0x00000000c001bd70                i386GetRDRAND
 .text          0x00000000c001bd80       0x39 arch/i386/sse.32
                0x00000000c001bd80                absolutelyNoChanceInHell
                0x00000000c001bd80                sseDetect
                0x00000000c001bd98                sseSave
                0x00000000c001bda0                sseLoad
                0x00000000c001bda8                sseInit
                0x00000000c001bdb8                sseClose
 *fill*         0x00000000c001bdb9        0x7 
 .text          0x00000000c001bdc0       0x49 arch/i386/x87.32
                0x00000000c001bdc6                x87Detect
                0x00000000c001bde1                x87Save
                0x00000000c001bde8                x87Load
                0x00000000c001bdef                x87Init
                0x00000000c001be08                x87Close
 *fill*         0x00000000c001be09        0x3 
 .text          0x00000000c001be0c       0x25 /cygdrive/d/Users/Alex/Desktop/Toolchain/Output/bin/../lib/gcc/i386-banana/8.1.0/crtend.o
 .text          0x00000000c001be31        0x0 crtn.32
 *fill*         0x00000000c001be31        0x3 
 .text          0x00000000c001be34      0x14b /cygdrive/d/Users/Alex/Desktop/Toolchain/Output/bin/../lib/gcc/i386-banana/8.1.0/libkgcc.a(_divdi3.o)
                0x00000000c001be34                __divdi3
 *fill*         0x00000000c001bf7f        0x1 
 .text          0x00000000c001bf80      0x17e /cygdrive/d/Users/Alex/Desktop/Toolchain/Output/bin/../lib/gcc/i386-banana/8.1.0/libkgcc.a(_moddi3.o)
                0x00000000c001bf80                __moddi3
 *fill*         0x00000000c001c0fe        0x2 
 .text          0x00000000c001c100       0xff /cygdrive/d/Users/Alex/Desktop/Toolchain/Output/bin/../lib/gcc/i386-banana/8.1.0/libkgcc.a(_udivdi3.o)
                0x00000000c001c100                __udivdi3
 *fill*         0x00000000c001c1ff        0x1 
 .text          0x00000000c001c200      0x11a /cygdrive/d/Users/Alex/Desktop/Toolchain/Output/bin/../lib/gcc/i386-banana/8.1.0/libkgcc.a(_umoddi3.o)
                0x00000000c001c200                __umoddi3
 *(.gnu.linkonce.t*)

.iplt           0x00000000c001c320        0x0
 .iplt          0x00000000c001c320        0x0 D:/Users/Alex/Desktop/Banana/kernel/boot.32

.init           0x00000000c001c31a        0xf
 .init          0x00000000c001c31a        0x3 crti.32
                0x00000000c001c31a                _init
 .init          0x00000000c001c31d        0x5 /cygdrive/d/Users/Alex/Desktop/Toolchain/Output/bin/../lib/gcc/i386-banana/8.1.0/crtbegin.o
 .init          0x00000000c001c322        0x5 /cygdrive/d/Users/Alex/Desktop/Toolchain/Output/bin/../lib/gcc/i386-banana/8.1.0/crtend.o
 .init          0x00000000c001c327        0x2 crtn.32

.fini           0x00000000c001c329        0xa
 .fini          0x00000000c001c329        0x3 crti.32
                0x00000000c001c329                _fini
 .fini          0x00000000c001c32c        0x5 /cygdrive/d/Users/Alex/Desktop/Toolchain/Output/bin/../lib/gcc/i386-banana/8.1.0/crtbegin.o
 .fini          0x00000000c001c331        0x2 crtn.32

.text._ZN8ComputerD2Ev
                0x00000000c001c334       0x23
 .text._ZN8ComputerD2Ev
                0x00000000c001c334       0x23 core/computer.32
                0x00000000c001c334                Computer::~Computer()
                0x00000000c001c334                Computer::~Computer()

.text._ZN8ComputerD0Ev
                0x00000000c001c358       0x2a
 .text._ZN8ComputerD0Ev
                0x00000000c001c358       0x2a core/computer.32
                0x00000000c001c358                Computer::~Computer()

.text._Z10idleCommonv
                0x00000000c001c382       0x21
 .text._Z10idleCommonv
                0x00000000c001c382       0x21 core/idle.32
                0x00000000c001c382                idleCommon()

.text._ZN10LinkedListI8UnixFileED2Ev
                0x00000000c001c3a4        0x2
 .text._ZN10LinkedListI8UnixFileED2Ev
                0x00000000c001c3a4        0x2 core/unixfile.32
                0x00000000c001c3a4                LinkedList<UnixFile>::~LinkedList()
                0x00000000c001c3a4                LinkedList<UnixFile>::~LinkedList()

.text._ZN10LinkedListI8UnixFileEC2Ev
                0x00000000c001c3a6       0x42
 .text._ZN10LinkedListI8UnixFileEC2Ev
                0x00000000c001c3a6       0x42 core/unixfile.32
                0x00000000c001c3a6                LinkedList<UnixFile>::LinkedList()
                0x00000000c001c3a6                LinkedList<UnixFile>::LinkedList()

.text._ZN10LinkedListI8UnixFileE10addElementEPS0_
                0x00000000c001c3e8       0xd3
 .text._ZN10LinkedListI8UnixFileE10addElementEPS0_
                0x00000000c001c3e8       0xd3 core/unixfile.32
                0x00000000c001c3e8                LinkedList<UnixFile>::addElement(UnixFile*)

.text._ZN10LinkedListI8UnixFileE15getFirstElementEv
                0x00000000c001c4bc        0x7
 .text._ZN10LinkedListI8UnixFileE15getFirstElementEv
                0x00000000c001c4bc        0x7 core/unixfile.32
                0x00000000c001c4bc                LinkedList<UnixFile>::getFirstElement()

.text._ZN10LinkedListI8UnixFileE11removeFirstEv
                0x00000000c001c4c4       0xa1
 .text._ZN10LinkedListI8UnixFileE11removeFirstEv
                0x00000000c001c4c4       0xa1 core/unixfile.32
                0x00000000c001c4c4                LinkedList<UnixFile>::removeFirst()

.text._ZN10LinkedListI8UnixFileE7getNextEPS0_
                0x00000000c001c566        0x8
 .text._ZN10LinkedListI8UnixFileE7getNextEPS0_
                0x00000000c001c566        0x8 core/unixfile.32
                0x00000000c001c566                LinkedList<UnixFile>::getNext(UnixFile*)

.text._ZN16DriverlessDeviceD2Ev
                0x00000000c001c56e       0x1a
 .text._ZN16DriverlessDeviceD2Ev
                0x00000000c001c56e       0x1a hal/device.32
                0x00000000c001c56e                DriverlessDevice::~DriverlessDevice()
                0x00000000c001c56e                DriverlessDevice::~DriverlessDevice()

.text._ZN16DriverlessDeviceD0Ev
                0x00000000c001c588       0x2a
 .text._ZN16DriverlessDeviceD0Ev
                0x00000000c001c588       0x2a hal/device.32
                0x00000000c001c588                DriverlessDevice::~DriverlessDevice()

.text._ZN10LinkedListI6DeviceE10addElementEPS0_
                0x00000000c001c5b2       0xdc
 .text._ZN10LinkedListI6DeviceE10addElementEPS0_
                0x00000000c001c5b2       0xdc hal/device.32
                0x00000000c001c5b2                LinkedList<Device>::addElement(Device*)

.text._ZN10LinkedListI6DeviceEC2Ev
                0x00000000c001c68e       0x42
 .text._ZN10LinkedListI6DeviceEC2Ev
                0x00000000c001c68e       0x42 hal/device.32
                0x00000000c001c68e                LinkedList<Device>::LinkedList()
                0x00000000c001c68e                LinkedList<Device>::LinkedList()

.text._ZN10LinkedListIV18ThreadControlBlockE7isEmptyEv
                0x00000000c001c6d0       0x1c
 .text._ZN10LinkedListIV18ThreadControlBlockE7isEmptyEv
                0x00000000c001c6d0       0x1c hal/timer.32
                0x00000000c001c6d0                LinkedList<ThreadControlBlock volatile>::isEmpty()

.text._ZN10LinkedListIV18ThreadControlBlockE15getFirstElementEv
                0x00000000c001c6ec        0x7
 .text._ZN10LinkedListIV18ThreadControlBlockE15getFirstElementEv
                0x00000000c001c6ec        0x7 hal/timer.32
                0x00000000c001c6ec                LinkedList<ThreadControlBlock volatile>::getFirstElement()

.text._ZN10LinkedListIV18ThreadControlBlockE11removeFirstEv