Archive member included to satisfy reference by file (symbol)

/cygdrive/d/Users/Alex/Desktop/Toolchain/Output/bin/../lib/gcc/i386-banana/8.1.0/libgcc.a(_divdi3.o)
                              fs/fat/ff.32 (__divdi3)
/cygdrive/d/Users/Alex/Desktop/Toolchain/Output/bin/../lib/gcc/i386-banana/8.1.0/libgcc.a(_moddi3.o)
                              core/elf.32 (__moddi3)
/cygdrive/d/Users/Alex/Desktop/Toolchain/Output/bin/../lib/gcc/i386-banana/8.1.0/libgcc.a(_udivdi3.o)
                              fs/fat/ff.32 (__udivdi3)
/cygdrive/d/Users/Alex/Desktop/Toolchain/Output/bin/../lib/gcc/i386-banana/8.1.0/libgcc.a(_umoddi3.o)
                              core/elf.32 (__umoddi3)
D:/Users/Alex/Desktop/Banana/kernel/libk/libm32.a(s_fabs.c.o)
                              hal/libresample/samplerate.32 (fabs)
D:/Users/Alex/Desktop/Banana/kernel/libk/libm32.a(s_lrint.S.o)
                              hal/libresample/samplerate.32 (lrint)
D:/Users/Alex/Desktop/Banana/kernel/libk/libm32.a(s_lrintf.S.o)
                              hal/sound/sndhw.32 (lrintf)

Discarded input sections

 .comment       0x0000000000000000       0x12 /cygdrive/d/Users/Alex/Desktop/Toolchain/Output/bin/../lib/gcc/i386-banana/8.1.0/crtbegin.o
 .comment       0x0000000000000000       0x12 acpica/utclib.32
 .comment       0x0000000000000000       0x12 core/malloc.32
 .comment       0x0000000000000000       0x12 libk/string.32
 .comment       0x0000000000000000       0x12 fs/fat/diskio.32
 .comment       0x0000000000000000       0x12 fs/fat/ff.32
 .comment       0x0000000000000000       0x12 fs/fat/ffsystem.32
 .comment       0x0000000000000000       0x12 fs/fat/ffunicode.32
 .comment       0x0000000000000000       0x12 hal/libresample/samplerate.32
 .comment       0x0000000000000000       0x12 hal/libresample/src_linear.32
 .comment       0x0000000000000000       0x12 hal/libresample/src_sinc.32
 .comment       0x0000000000000000       0x12 hal/libresample/src_zoh.32
 .group         0x0000000000000000       0x14 core/computer.32
 .group         0x0000000000000000        0xc core/computer.32
 .comment       0x0000000000000000       0x12 core/computer.32
 .comment       0x0000000000000000       0x12 core/elf.32
 .comment       0x0000000000000000       0x12 core/gdt.32
 .group         0x0000000000000000        0xc core/idle.32
 .comment       0x0000000000000000       0x12 core/idle.32
 .comment       0x0000000000000000       0x12 core/idt.32
 .group         0x0000000000000000        0x8 core/kconsole.32
 .group         0x0000000000000000        0x8 core/kconsole.32
 .group         0x0000000000000000        0x8 core/kconsole.32
 .group         0x0000000000000000        0x8 core/kconsole.32
 .comment       0x0000000000000000       0x12 core/kconsole.32
 .group         0x0000000000000000        0x8 core/kheap.32
 .group         0x0000000000000000        0x8 core/kheap.32
 .text._ZN3CPU7readCR3Ev
                0x0000000000000000       0x12 core/kheap.32
 .comment       0x0000000000000000       0x12 core/kheap.32
 .comment       0x0000000000000000       0x12 core/main.32
 .comment       0x0000000000000000       0x12 core/physmgr.32
 .group         0x0000000000000000        0xc core/pipe.32
 .comment       0x0000000000000000       0x12 core/pipe.32
 .group         0x0000000000000000        0x8 core/prcssthr.32
 .group         0x0000000000000000        0x8 core/prcssthr.32
 .group         0x0000000000000000        0xc core/prcssthr.32
 .group         0x0000000000000000        0xc core/prcssthr.32
 .group         0x0000000000000000        0x8 core/prcssthr.32
 .group         0x0000000000000000        0xc core/prcssthr.32
 .group         0x0000000000000000        0x8 core/prcssthr.32
 .group         0x0000000000000000        0x8 core/prcssthr.32
 .comment       0x0000000000000000       0x12 core/prcssthr.32
 .comment       0x0000000000000000       0x12 core/syscalls.32
 .group         0x0000000000000000        0xc core/terminal.32
 .comment       0x0000000000000000       0x12 core/terminal.32
 .group         0x0000000000000000        0x8 core/tss.32
 .text._ZN3CPU7readCR3Ev
                0x0000000000000000       0x12 core/tss.32
 .comment       0x0000000000000000       0x12 core/tss.32
 .group         0x0000000000000000        0x8 core/unixfile.32
 .group         0x0000000000000000        0xc core/unixfile.32
 .group         0x0000000000000000        0x8 core/unixfile.32
 .group         0x0000000000000000        0xc core/unixfile.32
 .group         0x0000000000000000        0x8 core/unixfile.32
 .group         0x0000000000000000        0xc core/unixfile.32
 .group         0x0000000000000000        0xc core/unixfile.32
 .group         0x0000000000000000        0xc core/unixfile.32
 .comment       0x0000000000000000       0x12 core/unixfile.32
 .group         0x0000000000000000        0x8 core/virtmgr.32
 .group         0x0000000000000000        0x8 core/virtmgr.32
 .text._ZN3CPU7readCR3Ev
[...]
Memory Configuration

Name             Origin             Length             Attributes
*default*        0x0000000000000000 0xffffffffffffffff

Linker script and memory map

LOAD D:/Users/Alex/Desktop/Banana/kernel/boot.32
LOAD crti.32
LOAD /cygdrive/d/Users/Alex/Desktop/Toolchain/Output/bin/../lib/gcc/i386-banana/8.1.0/crtbegin.o
LOAD D:/Users/Alex/Desktop/Banana/kernel/morenasm.32
LOAD acpica/utclib.32
LOAD core/malloc.32
LOAD libk/string.32
LOAD fs/fat/diskio.32
LOAD fs/fat/ff.32
LOAD fs/fat/ffsystem.32
LOAD fs/fat/ffunicode.32
LOAD hal/libresample/samplerate.32
LOAD hal/libresample/src_linear.32
LOAD hal/libresample/src_sinc.32
LOAD hal/libresample/src_zoh.32
LOAD core/computer.32
LOAD core/elf.32
LOAD core/gdt.32
LOAD core/idle.32
LOAD core/idt.32
LOAD core/kconsole.32
LOAD core/kheap.32
LOAD core/main.32
LOAD core/physmgr.32
LOAD core/pipe.32
LOAD core/prcssthr.32
LOAD core/syscalls.32
LOAD core/terminal.32
LOAD core/tss.32
LOAD core/unixfile.32
LOAD core/virtmgr.32
LOAD coreobjs/c++.32
LOAD debugger/debug.32
LOAD fs/vfs.32
LOAD hal/bus.32
LOAD hal/buzzer.32
LOAD hal/clock.32
LOAD hal/device.32
LOAD hal/diskctrl.32
LOAD hal/diskphys.32
LOAD hal/fpu.32
LOAD hal/intctrl.32
LOAD hal/keybrd.32
LOAD hal/logidisk.32
LOAD hal/mouse.32
LOAD hal/partition.32
LOAD hal/timer.32
LOAD hal/vcache.32
LOAD hal/video.32
LOAD hw/acpi.32
LOAD hw/cpu.32
LOAD hw/ports.32
LOAD registry/registry.32
LOAD syscalls/sc_exit.32
LOAD syscalls/sc_read.32
LOAD syscalls/sc_sbrk.32
LOAD syscalls/sc_write.32
LOAD syscalls/sc_yield.32
LOAD vm86/vm8086.32
LOAD fs/fat/vfslink.32
LOAD fs/iso9660/vfslink.32
LOAD hal/sound/sndchannel.32
LOAD hal/sound/sndhw.32
LOAD hw/bus/isa.32
LOAD hw/bus/pci.32
LOAD hw/clock/rtc.32
LOAD hw/diskctrl/ide.32
LOAD hw/diskphys/ata.32
LOAD hw/diskphys/atapi.32
LOAD hw/fpu/avx.32
LOAD hw/fpu/mmx.32
LOAD hw/fpu/sse.32
LOAD hw/fpu/x87.32
LOAD hw/intctrl/apic.32
LOAD hw/intctrl/pic.32
LOAD hw/timer/apictimer.32
LOAD hw/timer/pit.32
LOAD hw/fpu/x86/avx.32
LOAD hw/fpu/x86/sse.32
LOAD hw/fpu/x86/x87.32
LOAD /cygdrive/d/Users/Alex/Desktop/Toolchain/Output/bin/../lib/gcc/i386-banana/8.1.0/crtend.o
LOAD crtn.32
LOAD /cygdrive/d/Users/Alex/Desktop/Toolchain/Output/bin/../lib/gcc/i386-banana/8.1.0/libgcc.a
LOAD D:/Users/Alex/Desktop/Banana/kernel/libk/libm32.a
                0x00000000c0000000                . = 0xc0000000

.text           0x00000000c0000000    0x1e678
 *(.text)
 .text          0x00000000c0000000       0x41 D:/Users/Alex/Desktop/Banana/kernel/boot.32
                0x00000000c0000020                callGlobalConstructors
 .text          0x00000000c0000041        0x0 crti.32
 *fill*         0x00000000c0000041        0x3 
 .text          0x00000000c0000044      0x101 /cygdrive/d/Users/Alex/Desktop/Toolchain/Output/bin/../lib/gcc/i386-banana/8.1.0/crtbegin.o
 *fill*         0x00000000c0000145        0xb 
 .text          0x00000000c0000150      0x41f D:/Users/Alex/Desktop/Banana/kernel/morenasm.32
                0x00000000c0000150                doTPAUSE
                0x00000000c000015a                hasLegacyFPU
                0x00000000c000017f                is486
                0x00000000c00001b5                goToVM86
                0x00000000c00001e6                goToUsermode
                0x00000000c0000211                switchToThreadASMFirstTime
                0x00000000c000021f                switchToThreadASM
                0x00000000c00002bf                detectCPUID
                0x00000000c00002d5                asmQuickAcquireLock
                0x00000000c00002f3                asmQuickReleaseLock
                0x00000000c00002ff                asmAcquireLock
                0x00000000c0000320                asmReleaseLock
                0x00000000c0000333                loadGDT
                0x00000000c0000353                isr0
                0x00000000c0000363                isr1
                0x00000000c000036d                isr2
                0x00000000c0000377                isr3
                0x00000000c0000381                isr4
                0x00000000c000038b                isr5
                0x00000000c0000395                isr6
                0x00000000c000039f                isr7
                0x00000000c00003a9                isr8
                0x00000000c00003b1                isr9
                0x00000000c00003bb                isr10
                0x00000000c00003c3                isr11
                0x00000000c00003cb                isr12
                0x00000000c00003d3                isr13
                0x00000000c00003db                isr14
                0x00000000c00003e3                isr15
                0x00000000c00003ed                isr16
                0x00000000c00003f7                isr17
                0x00000000c0000401                isr18
                0x00000000c000040b                isr96
                0x00000000c0000415                irq0
                0x00000000c000041f                irq1
                0x00000000c0000429                irq2
                0x00000000c0000433                irq3
                0x00000000c000043d                irq4
                0x00000000c0000447                irq5
                0x00000000c0000451                irq6
                0x00000000c000045b                irq7
                0x00000000c0000465                irq8
                0x00000000c000046f                irq9
                0x00000000c0000479                irq10
                0x00000000c0000483                irq11
                0x00000000c000048d                irq12
                0x00000000c0000497                irq13
                0x00000000c00004a1                irq14
                0x00000000c00004ab                irq15
                0x00000000c00004b5                irq16
                0x00000000c00004bf                irq17
                0x00000000c00004c9                irq18
                0x00000000c00004d3                irq19
                0x00000000c00004dd                irq20
                0x00000000c00004e7                irq21
                0x00000000c00004f1                irq22
                0x00000000c00004fb                irq23
                0x00000000c0000505                int_common_stub
                0x00000000c0000535                syscall_common_stub
 .text          0x00000000c000056f      0x40f acpica/utclib.32
                0x00000000c000056f                memcmp
                0x00000000c000059a                memmove
                0x00000000c00005d2                memcpy
                0x00000000c0000608                memset
                0x00000000c0000625                strlen
                0x00000000c0000635                strpbrk
                0x00000000c0000658                strtok
                0x00000000c00006a7                strcpy
                0x00000000c00006c7                strncpy
                0x00000000c00006f8                strcmp
                0x00000000c0000719                strchr
                0x00000000c000072f                strncmp
                0x00000000c000075e                strcat
                0x00000000c0000785                strncat
                0x00000000c00007bf                strstr
                0x00000000c00007fc                toupper
                0x00000000c0000810                tolower
                0x00000000c0000824                simple_strtoul
 .text          0x00000000c000097e      0xfbf core/malloc.32
                0x00000000c0000ae9                dlfree
                0x00000000c0000e44                dlmalloc
                0x00000000c0001381                dlrealloc
                0x00000000c0001536                dlmemalign
                0x00000000c0001659                dlcalloc
                0x00000000c00016f3                dlcfree
                0x00000000c00016f8                dlindependent_calloc
                0x00000000c000171d                dlindependent_comalloc
                0x00000000c0001734                dlvalloc
                0x00000000c000175f                dlpvalloc
                0x00000000c0001795                dlmalloc_trim
                0x00000000c00017a2                dlmalloc_usable_size
                0x00000000c00017d3                dlmallinfo
                0x00000000c00018a2                dlmalloc_stats
                0x00000000c00018b3                dlmallopt
 .text          0x00000000c000193d        0x0 libk/string.32
 .text          0x00000000c000193d       0x51 fs/fat/diskio.32
                0x00000000c000193d                disk_status
                0x00000000c0001940                disk_initialize
                0x00000000c0001943                disk_read
                0x00000000c0001959                disk_write
                0x00000000c000196f                disk_ioctl
 .text          0x00000000c000198e     0x6833 fs/fat/ff.32
                0x00000000c0004c5c                f_mount
                0x00000000c0004cbe                f_open
                0x00000000c00050fa                f_read
                0x00000000c000537a                f_write
                0x00000000c0005634                f_sync
                0x00000000c0005810                f_close
                0x00000000c000583f                f_lseek
                0x00000000c0005cf6                f_opendir
                0x00000000c0005df8                f_closedir
                0x00000000c0005e1a                f_readdir
                0x00000000c0005eb5                f_stat
                0x00000000c0005f44                f_getfree
                0x00000000c000610f                f_truncate
                0x00000000c0006207                f_unlink
                0x00000000c000638a                f_mkdir
                0x00000000c00065b6                f_rename
                0x00000000c00068a9                f_chmod
                0x00000000c0006987                f_utime
                0x00000000c0006a65                f_getlabel
                0x00000000c0006c53                f_setlabel
                0x00000000c0006ec0                f_forward
                0x00000000c000709e                f_mkfs
 .text          0x00000000c00081c1       0x2d fs/fat/ffsystem.32
                0x00000000c00081c1                ff_memalloc
                0x00000000c00081d7                ff_memfree
 .text          0x00000000c00081ee      0x253 fs/fat/ffunicode.32
                0x00000000c00081ee                ff_uni2oem
                0x00000000c000827e                ff_oem2uni
                0x00000000c00082ea                ff_wtoupper
 .text          0x00000000c0008441      0x70e hal/libresample/samplerate.32
                0x00000000c00084c9                src_delete
                0x00000000c0008505                src_process
                0x00000000c000862d                src_callback_read
                0x00000000c000878e                src_set_ratio
                0x00000000c00087e5                src_get_channels
                0x00000000c0008807                src_reset
                0x00000000c000884b                src_new
                0x00000000c00088d9                src_callback_new
                0x00000000c000893b                src_get_name
                0x00000000c0008972                src_get_description
                0x00000000c00089a9                src_get_version
                0x00000000c00089af                src_is_valid_ratio
                0x00000000c00089c9                src_error
                0x00000000c00089d7                src_strerror
                0x00000000c00089ea                src_simple
                0x00000000c0008a3d                src_short_to_float_array
                0x00000000c0008a63                src_float_to_short_array
                0x00000000c0008ac7                src_int_to_float_array
                0x00000000c0008aed                src_float_to_int_array
 .text          0x00000000c0008b4f      0x3fd hal/libresample/src_linear.32
                0x00000000c0008ea7                linear_get_name
                0x00000000c0008eb6                linear_get_description
                0x00000000c0008ec5                linear_set_converter
 .text          0x00000000c0008f4c     0x1b46 hal/libresample/src_sinc.32
                0x00000000c000a8a2                sinc_get_name
                0x00000000c000a8b5                sinc_get_description
                0x00000000c000a8c8                sinc_set_converter
 .text          0x00000000c000aa92      0x3d3 hal/libresample/src_zoh.32
                0x00000000c000adc0                zoh_get_name
                0x00000000c000adcf                zoh_get_description
                0x00000000c000adde                zoh_set_converter
 *fill*         0x00000000c000ae65        0x1 
 .text          0x00000000c000ae66      0x68d core/computer.32
                0x00000000c000ae66                Computer::close(int, int, void*)
                0x00000000c000aeaa                Computer::Computer()
                0x00000000c000aeaa                Computer::Computer()
                0x00000000c000b006                Computer::setBootMessage(char const*)
                0x00000000c000b008                Computer::start()
                0x00000000c000b0e2                firstTask()
                0x00000000c000b0f0                Computer::detectFeatures()
                0x00000000c000b2ca                Computer::displayFeatures()
                0x00000000c000b2cc                Computer::rdmsr(unsigned int)
                0x00000000c000b2f8                Computer::wrmsr(unsigned int, unsigned long long)
                0x00000000c000b330                Computer::nmiEnabled()
                0x00000000c000b33c                Computer::readCMOS(unsigned char)
                0x00000000c000b356                Computer::enableNMI(bool)
                0x00000000c000b36e                Computer::open(int, int, void*)
                0x00000000c000b436                Computer::disableNMI()
                0x00000000c000b444                Computer::writeCMOS(unsigned char, unsigned char)
                0x00000000c000b462                Computer::handleNMI()
                0x00000000c000b4c8                Computer::setDiskActivityLight(int, bool)
 .text          0x00000000c000b4f3      0xf95 core/elf.32
                0x00000000c000b4f3                allocateMemoryForTask(Process*, File*, unsigned long, unsigned long, unsigned long)
                0x00000000c000b770                loadProgramIntoMemory(Process*, char const*)
                0x00000000c000b986                runtimeReferenceHelper()
                0x00000000c000b999                getAddressOfKernelSymbol(char const*)
                0x00000000c000b9e8                loadKernelSymbolTable(char const*)
                0x00000000c000bca9                loadDriverIntoMemory(char const*, unsigned long)
                0x00000000c000c3b1                loadDLL(char const*)
                0x00000000c000c47a                executeDLL(unsigned long, void*)
 .text          0x00000000c000c488      0x1b7 core/gdt.32
                0x00000000c000c488                GDTEntry::setBase(unsigned int)
                0x00000000c000c4a4                GDTEntry::setLimit(unsigned int)
                0x00000000c000c4c2                GDT::GDT()
                0x00000000c000c4c2                GDT::GDT()
                0x00000000c000c4d8                GDT::addEntry(GDTEntry)
                0x00000000c000c514                GDT::getNumberOfEntries()
                0x00000000c000c51c                GDT::flush()
                0x00000000c000c53e                GDT::setup()
 .text          0x00000000c000c63f       0x61 core/idle.32
                0x00000000c000c63f                idleFunction(void*)
 .text          0x00000000c000c6a0      0x45f core/idt.32
                0x00000000c000c6a0                IDTEntry::IDTEntry(bool)
                0x00000000c000c6a0                IDTEntry::IDTEntry(bool)
                0x00000000c000c70e                IDTEntry::setOffset(unsigned int)
                0x00000000c000c722                IDT::IDT()
                0x00000000c000c722                IDT::IDT()
                0x00000000c000c724                IDT::getPointerToInvalidOpcodeEntryForF00F()
                0x00000000c000c72c                IDT::addEntry(IDTEntry, int)
                0x00000000c000c746                IDT::addEntry(int, void (*)(), bool)
                0x00000000c000c77e                IDT::flush()
                0x00000000c000c798                IDT::setup()
 .text          0x00000000c000caff      0x519 core/kconsole.32
                0x00000000c000caff                stringifyxWithBase(unsigned int, char*, int)
                0x00000000c000cb60                logc(char)
                0x00000000c000cb77                logs(char*)
                0x00000000c000cb94                logWriteInt(unsigned int)
                0x00000000c000cbb1                logWriteIntBase(unsigned int, int)
                0x00000000c000cbd0                kprintf(char const*, ...)
                0x00000000c000ccee                panic(char const*)
 .text          0x00000000c000d018      0x20d core/kheap.32
                0x00000000c000d018                sbrk
                0x00000000c000d130                mmap
                0x00000000c000d146                munmap
                0x00000000c000d15c                liballoc_lock()
                0x00000000c000d16d                liballoc_unlock()
                0x00000000c000d17e                liballoc_alloc(int)
                0x00000000c000d199                liballoc_free(void*, int)
                0x00000000c000d1b7                realloc
                0x00000000c000d1cb                malloc
                0x00000000c000d1db                free
                0x00000000c000d1eb                rfree
                0x00000000c000d1fb                calloc
 .text          0x00000000c000d225      0x38d core/main.32
                0x00000000c000d225                hwTextMode_loadInData(VgaText*)
                0x00000000c000d26a                hwTextMode_loadInTitle(VgaText*, char*)
                0x00000000c000d2ac                hwTextMode_showCursor(VgaText*, bool)
                0x00000000c000d300                hwTextMode_update(VgaText*)
                0x00000000c000d301                hwTextMode_updateCursor(VgaText*)
                0x00000000c000d349                hwTextMode_disableBlink(VgaText*, bool)
                0x00000000c000d385                hwTextMode_scrollScreen(VgaText*)
                0x00000000c000d40b                hwTextMode_writeCharacter(VgaText*, char, VgaColour, VgaColour, int, int)
                0x00000000c000d469                setupTextMode()
                0x00000000c000d4ba                kernel_main
 .text          0x00000000c000d5b2      0x46c core/physmgr.32
                0x00000000c000d5b2                Phys::allocateDMA(unsigned long)
                0x00000000c000d655                Phys::freeDMA(unsigned long, unsigned long)
                0x00000000c000d69d                Phys::setPageState(unsigned long, bool)
                0x00000000c000d6cf                Phys::getPageState(unsigned long)
                0x00000000c000d6eb                Phys::freePage(unsigned long)
                0x00000000c000d775                Phys::allocatePage()
                0x00000000c000d831                Phys::allowSegmentToBeUsed(unsigned long, unsigned long)
                0x00000000c000d869                Phys::physicalMemorySetup(unsigned int)
 .text          0x00000000c000da1e      0x273 core/pipe.32
                0x00000000c000da1e                Pipe::isAtty()
                0x00000000c000da22                Pipe::~Pipe()
                0x00000000c000da22                Pipe::~Pipe()
                0x00000000c000da46                Pipe::~Pipe()
                0x00000000c000da6e                Pipe::read(unsigned long long, void*, int*)
                0x00000000c000db62                Pipe::write(unsigned long long, void*, int*)
                0x00000000c000dc2a                Pipe::Pipe(int)
                0x00000000c000dc2a                Pipe::Pipe(int)
 *fill*         0x00000000c000dc91        0x1 
 .text          0x00000000c000dc92     0x1154 core/prcssthr.32
                0x00000000c000dc92                changeTSS
                0x00000000c000dcc0                Process::addArgs(char**)
                0x00000000c000dd1a                Process::Process(char const*, Process*, char**)
                0x00000000c000dd1a                Process::Process(char const*, Process*, char**)
                0x00000000c000ded2                Process::Process(bool, char const*, Process*, char**)
                0x00000000c000ded2                Process::Process(bool, char const*, Process*, char**)
                0x00000000c000e055                disableIRQs()
                0x00000000c000e05d                getIRQNestingLevel()
                0x00000000c000e063                enableIRQs()
                0x00000000c000e072                lockScheduler()
                0x00000000c000e074                unlockScheduler()
                0x00000000c000e076                userModeEntryPoint(void*)
                0x00000000c000e099                lockStuff()
                0x00000000c000e0a5                taskStartupFunction
                0x00000000c000e0ae                updateTimeUsed()
                0x00000000c000e10c                switchToThread(ThreadControlBlock*)
                0x00000000c000e15c                Semaphore::Semaphore(int)
                0x00000000c000e15c                Semaphore::Semaphore(int)
                0x00000000c000e18a                Mutex::Mutex()
                0x00000000c000e18a                Mutex::Mutex()
                0x00000000c000e19c                Process::createThread(void (*)(void*), void*, int)
                0x00000000c000e280                Process::createUserThread()
                0x00000000c000e29c                setupMultitasking(void (*)())
                0x00000000c000e3a6                schedule()
                0x00000000c000e42b                unlockStuff()
                0x00000000c000e460                forkProcess(regs*)
                0x00000000c000e5ce                Semaphore::tryAcquire()
                0x00000000c000e5fc                Semaphore::assertLocked(char const*)
                0x00000000c000e62f                blockTaskWithSchedulerLockAlreadyHeld(TaskState)
                0x00000000c000e671                blockTask(TaskState)
                0x00000000c000e692                waitTask(int, int*, int)
                0x00000000c000e6d4                nanoSleepUntil(unsigned long long)
                0x00000000c000e72b                nanoSleep(unsigned long long)
                0x00000000c000e740                sleep(unsigned long long)
                0x00000000c000e75e                Semaphore::acquire()
                0x00000000c000e7c6                execveProcess(char const*, char* const*, char* const*)
                0x00000000c000e854                taskReturned
                0x00000000c000e896                unblockTask(ThreadControlBlock*)
                0x00000000c000e945                cleanupTerminatedTask(ThreadControlBlock*)
                0x00000000c000ebe2                cleanerTaskFunction(void*)
                0x00000000c000ec72                terminateTask(int)
                0x00000000c000ecfa                Semaphore::release()
 .text          0x00000000c000ede6      0xd8a core/syscalls.32
                0x00000000c000ede6                sysCallGetPID(regs*)
                0x00000000c000edf2                sysCallSeekDir(regs*)
                0x00000000c000edf7                sysCallTellDir(regs*)
                0x00000000c000edfc                sysCallVerify(regs*)
                0x00000000c000ee06                sysCallGetArgc(regs*)
                0x00000000c000ee16                sysFormatDisk(regs*)
                0x00000000c000ee80                sysSetDiskVolumeLabel(regs*)
                0x00000000c000eec6                sysGetDiskVolumeLabel(regs*)
                0x00000000c000ef17                sysShutdown(regs*)
                0x00000000c000ef5f                sysCallGetCwd(regs*)
                0x00000000c000ef7e                sysCallSetCwd(regs*)
                0x00000000c000ef9a                sysCallRealpath(regs*)
                0x00000000c000efdd                sysCallOpen(regs*)
                0x00000000c000f0cd                sysCallReadDir(regs*)
                0x00000000c000f13c                sysCallIsATTY(regs*)
                0x00000000c000f18f                sysCallSeek(regs*)
                0x00000000c000f1e0                sysCallTell(regs*)
                0x00000000c000f22c                sysCallSizeFromFilename(regs*)
                0x00000000c000f2a5                sysCallSize(regs*)
                0x00000000c000f2f7                sysCallClose(regs*)
                0x00000000c000f345                sysCallOpenDir(regs*)
                0x00000000c000f3b2                sysCallMakeDir(regs*)
                0x00000000c000f40b                sysCallCloseDir(regs*)
                0x00000000c000f459                sysCallWait(regs*)
                0x00000000c000f473                sysCallFork(regs*)
                0x00000000c000f48f                sysCallExecve(regs*)
                0x00000000c000f4e4                sysCallRmdir(regs*)
                0x00000000c000f536                sysCallUnlink(regs*)
                0x00000000c000f588                sysCallGetArgv(regs*)
                0x00000000c000f5d4                sysCallTTYName(regs*)
                0x00000000c000f650                sysCallGetEnv(regs*)
                0x00000000c000f6a2                sysCallUSleep(regs*)
                0x00000000c000f6c9                sysCallSpawn(regs*)
                0x00000000c000f739                sysAppSettings(regs*)
                0x00000000c000f858                sysSetFatAttrib(regs*)
                0x00000000c000f8b8                sysPanic(regs*)
                0x00000000c000f8de                sysPipe(regs*)
                0x00000000c000f923                sysGetUnixTime(regs*)
                0x00000000c000f937                string_ends_with(char const*, char const*)
                0x00000000c000f97f                setupSystemCalls()
                0x00000000c000fb2e                systemCall(regs*, void*)
 .text          0x00000000c000fb70      0xf65 core/terminal.32
                0x00000000c000fb70                VgaText::isAtty()
                0x00000000c000fb74                VgaText::~VgaText()
                0x00000000c000fb74                VgaText::~VgaText()
                0x00000000c000fb98                VgaText::~VgaText()
                0x00000000c000fbc2                VgaText::read(unsigned long long, void*, int*)
                0x00000000c000fbe2                setTerminalScrollLock(bool)
                0x00000000c000fbe3                addToTerminalCycle(VgaText*)
                0x00000000c000fc10                installVgaTextImplementation()
                0x00000000c000fc25                scrollTerminalScrollLock(int)
                0x00000000c000fc26                VgaText::load()
                0x00000000c000fc7a                VgaText::updateCursor()
                0x00000000c000fc94                VgaText::showCursor(bool)
                0x00000000c000fca4                VgaText::disableBlink(bool)
                0x00000000c000fcde                VgaText::doANSI_SGR(int)
                0x00000000c000fd6a                VgaText::setDefaultBgColour(VgaColour)
                0x00000000c000fd80                VgaText::setDefaultFgColour(VgaColour)
                0x00000000c000fd96                VgaText::setDefaultColours(VgaColour, VgaColour)
                0x00000000c000fdb6                VgaText::combineColours(unsigned char, unsigned char)
                0x00000000c000fdc8                VgaText::scrollScreen()
                0x00000000c000fe5c                VgaText::combineCharAndColour(char, unsigned char)
                0x00000000c000fe6e                VgaText::writeCharacter(char, VgaColour, VgaColour, int, int)
                0x00000000c000fece                VgaText::getCursorX()
                0x00000000c000feda                VgaText::getCursorY()
                0x00000000c000fee6                VgaText::setCursor(int, int)
                0x00000000c000ff04                VgaText::setCursorX(int)
                0x00000000c000ff20                VgaText::setCursorY(int)
                0x00000000c000ff3c                VgaText::incrementCursor(bool)
                0x00000000c000ffa4                VgaText::updateRAMUsageDisplay(int)
                0x00000000c000fffe                VgaText::updateDiskUsage()
                0x00000000c0010164                VgaText::updateTitle()
                0x00000000c00101aa                VgaText::setTitleTextColour(VgaColour)
                0x00000000c00101ba                VgaText::setTitleColour(VgaColour)
                0x00000000c00101ca                VgaText::setTitle(char*)
                0x00000000c00101f0                VgaText::decrementCursor(bool)
                0x00000000c0010218                VgaText::putchar(char, VgaColour, VgaColour)
                0x00000000c0010314                VgaText::isShowingCursor()
                0x00000000c0010320                VgaText::isBlinkDisabled()
                0x00000000c001032e                VgaText::setCursorHeight(int)
                0x00000000c001034c                VgaText::getCursorHeight()
                0x00000000c0010357                setActiveTerminal(VgaText*)
                0x00000000c0010409                doTerminalCycle()
                0x00000000c0010426                VgaText::doUpdate()
                0x00000000c0010438                VgaText::puts(char const*, VgaColour, VgaColour)
                0x00000000c00105f8                VgaText::clearScreen()
                0x00000000c001065c                VgaText::putchar(char)
                0x00000000c0010776                VgaText::puts(char const*)
                0x00000000c001079c                VgaText::putx(unsigned int)
                0x00000000c00107e2                VgaText::VgaText(char const*)
                0x00000000c00107e2                VgaText::VgaText(char const*)
                0x00000000c0010974                VgaText::receiveKey(unsigned char)
                0x00000000c0010a5c                VgaText::write(unsigned long long, void*, int*)
                0x00000000c0010ab0                newTerminal(char*)
 *fill*         0x00000000c0010ad5        0x1 
 .text          0x00000000c0010ad6      0x18f core/tss.32
                0x00000000c0010ad6                TSS::TSS()
                0x00000000c0010ad6                TSS::TSS()
                0x00000000c0010ae4                TSS::setESP(unsigned long)
                0x00000000c0010af6                TSS::flush()
                0x00000000c0010b16                TSS::setup(unsigned long, unsigned long)
 *fill*         0x00000000c0010c65        0x1 
 .text          0x00000000c0010c66      0x32f core/unixfile.32
                0x00000000c0010c66                ReservedFilename::isAtty()
                0x00000000c0010c7c                ReservedFilename::read(unsigned long long, void*, int*)
                0x00000000c0010d0e                ReservedFilename::write(unsigned long long, void*, int*)
                0x00000000c0010da4                UnixFile::getFileDescriptor()
                0x00000000c0010dac                UnixFile::UnixFile(int)
                0x00000000c0010dac                UnixFile::UnixFile(int)
                0x00000000c0010de8                ReservedFilename::ReservedFilename(int)
                0x00000000c0010de8                ReservedFilename::ReservedFilename(int)
                0x00000000c0010e10                UnixFile::~UnixFile()
                0x00000000c0010e10                UnixFile::~UnixFile()
                0x00000000c0010e96                UnixFile::~UnixFile()
                0x00000000c0010ebe                ReservedFilename::~ReservedFilename()
                0x00000000c0010ebe                ReservedFilename::~ReservedFilename()
                0x00000000c0010ee2                ReservedFilename::~ReservedFilename()
                0x00000000c0010f09                getFromFileDescriptor(int)
 *fill*         0x00000000c0010f95        0x1 
 .text          0x00000000c0010f96     0x1175 core/virtmgr.32
                0x00000000c0010f96                Virt::setPageState(unsigned long, Virt::VirtPageState)
                0x00000000c0010fcb                Virt::getPageState(unsigned long)
                0x00000000c0010fef                Virt::allocateKernelVirtualPages(int)
                0x00000000c0011100                Virt::virtualMemorySetup()
                0x00000000c001117f                Virt::getAKernelVAS()
                0x00000000c0011185                Virt::setupPageSwapping(int)
                0x00000000c00112aa                VAS::VAS()
                0x00000000c00112aa                VAS::VAS()
                0x00000000c00112da                VAS::getForeignPageTableEntry(bool, unsigned long)
                0x00000000c0011306                VAS::getPageTableEntry(unsigned long)
                0x00000000c0011325                Virt::freeKernelVirtualPages(unsigned long)
                0x00000000c0011448                VAS::freeAllocatedPages(unsigned long)
                0x00000000c001146c                VAS::virtualToPhysical(unsigned long)
                0x00000000c0011484                VAS::mapOtherVASIn(bool, VAS*)
                0x00000000c00114ba                VAS::~VAS()
                0x00000000c00114ba                VAS::~VAS()
                0x00000000c0011626                VAS::mapPage(unsigned long, unsigned long, int)
                0x00000000c0011726                VAS::allocatePages(int, int)
                0x00000000c00118f6                VAS::setCPUSpecific(unsigned long)
                0x00000000c0011912                VAS::mapRange(unsigned long, unsigned long, int, int)
                0x00000000c00119dc                VAS::VAS(VAS*)
                0x00000000c00119dc                VAS::VAS(VAS*)
                0x00000000c0011d26                VAS::mapForeignPage(bool, VAS*, unsigned long, unsigned long, int)
                0x00000000c0011e14                VAS::VAS(bool)
                0x00000000c0011e14                VAS::VAS(bool)
                0x00000000c0012044                mapVASFirstTime
 .text          0x00000000c001210b       0x93 coreobjs/c++.32
                0x00000000c001210b                __cxa_atexit
                0x00000000c001210e                __cxa_finalize
                0x00000000c001210f                __stack_chk_fail
                0x00000000c001216f                __cxa_pure_virtual
                0x00000000c0012180                operator new(unsigned long)
                0x00000000c0012185                operator new[](unsigned long)
                0x00000000c001218a                operator delete(void*)
                0x00000000c001218f                operator delete(void*, unsigned long)
                0x00000000c0012194                operator delete[](void*)
                0x00000000c0012199                operator delete[](void*, unsigned long)
 .text          0x00000000c001219e        0x0 debugger/debug.32
 .text          0x00000000c001219e      0xb68 fs/vfs.32
                0x00000000c001219e                File::read(unsigned long long, void*, int*)
                0x00000000c00121f6                File::write(unsigned long long, void*, int*)
                0x00000000c001224e                Directory::read(unsigned long long, void*, int*)
                0x00000000c00122a6                Directory::write(unsigned long long, void*, int*)
                0x00000000c00122d4                File::isAtty()
                0x00000000c00122d8                Directory::isAtty()
                0x00000000c00122dc                Filesystem::getlabel(LogicalDisk*, int, char*, unsigned int*)
                0x00000000c00122e2                Filesystem::setlabel(LogicalDisk*, int, char*)
                0x00000000c00122e8                File::~File()
                0x00000000c00122e8                File::~File()
                0x00000000c001230c                File::~File()
                0x00000000c0012336                Directory::~Directory()
                0x00000000c0012336                Directory::~Directory()
                0x00000000c001235a                Directory::~Directory()
                0x00000000c0012384                Filesystem::Filesystem()
                0x00000000c0012384                Filesystem::Filesystem()
                0x00000000c00123a8                Filesystem::~Filesystem()
                0x00000000c00123a8                Filesystem::~Filesystem()
                0x00000000c00123b6                Filesystem::~Filesystem()
                0x00000000c00123da                initVFS()
                0x00000000c0012404                standardiseFiles(char*, char const*, char const*)
                0x00000000c00125ae                File::File(char const*, Process*)
                0x00000000c00125ae                File::File(char const*, Process*)
                0x00000000c0012612                File::open(FileOpenMode)
                0x00000000c0012670                File::close()
                0x00000000c00126d0                File::seek(unsigned long long)
                0x00000000c0012726                File::tell(unsigned long long*)
                0x00000000c0012776                File::rewind()
                0x00000000c001278a                File::unlink()
                0x00000000c00127d6                File::rename(char const*)
                0x00000000c0012824                File::chfatattr(unsigned char, unsigned char)
                0x00000000c0012880                File::exists()
                0x00000000c00128be                File::stat(unsigned long long*, bool*)
                0x00000000c001291f                getcwd(Process*, char*, int)
                0x00000000c0012949                setcwd(Process*, char*)
                0x00000000c0012a70                Directory::Directory(char const*, Process*)
                0x00000000c0012a70                Directory::Directory(char const*, Process*)
                0x00000000c0012ad4                Directory::open()
                0x00000000c0012b30                Directory::close()
                0x00000000c0012b90                Directory::unlink()
                0x00000000c0012bdc                Directory::rename(char const*)
                0x00000000c0012c2a                Directory::exists()
                0x00000000c0012c68                Directory::read(dirent*)
                0x00000000c0012cb4                Directory::create()
                0x00000000c0012d00                Filesystem::chfatattr(char const*, unsigned char, unsigned char)
 .text          0x00000000c0012d06       0x84 hal/bus.32
                0x00000000c0012d06                Bus::Bus(char const*)
                0x00000000c0012d06                Bus::Bus(char const*)
                0x00000000c0012d3c                Bus::~Bus()
                0x00000000c0012d3c                Bus::~Bus()
                0x00000000c0012d60                Bus::~Bus()
 .text          0x00000000c0012d8a      0x14e hal/buzzer.32
                0x00000000c0012d8a                Buzzer::Buzzer(char const*)
                0x00000000c0012d8a                Buzzer::Buzzer(char const*)
                0x00000000c0012dce                Buzzer::~Buzzer()
                0x00000000c0012dce                Buzzer::~Buzzer()
                0x00000000c0012df2                Buzzer::~Buzzer()
                0x00000000c0012e1c                Buzzer::stop()
                0x00000000c0012e2f                beepThread(void*)
                0x00000000c0012e6a                Buzzer::beep(int, int, bool)
 .text          0x00000000c0012ed8      0x42f hal/clock.32
                0x00000000c0012ed8                loadClockSettings()
                0x00000000c0012ef2                Clock::Clock(char const*)
                0x00000000c0012ef2                Clock::Clock(char const*)
                0x00000000c0012f28                Clock::~Clock()
                0x00000000c0012f28                Clock::~Clock()
                0x00000000c0012f4c                Clock::~Clock()
                0x00000000c0012f76                Clock::timeInSecondsLocal()
                0x00000000c0012fbe                Clock::setTimeInSecondsLocal(unsigned long long)
                0x00000000c0013017                datetimeToSeconds(datetime_t)
                0x00000000c001313e                Clock::setTimeInDatetimeLocal(datetime_t)
                0x00000000c001319e                secondsToDatetime(unsigned long long)
                0x00000000c00132e2                Clock::timeInDatetimeLocal()
 *fill*         0x00000000c0013307        0x1 
 .text          0x00000000c0013308      0x504 hal/device.32
                0x00000000c0013308                Device::hibernate()
                0x00000000c001330a                Device::wake()
                0x00000000c001330c                Device::detect()
                0x00000000c001330e                Device::disableLegacy()
                0x00000000c0013310                Device::powerSaving(PowerSavingLevel)
                0x00000000c0013312                DriverlessDevice::close(int, int, void*)
                0x00000000c0013316                DriverlessDevice::detect()
                0x00000000c0013318                DriverlessDevice::open(int, int, void*)
                0x00000000c001332c                Device::~Device()
                0x00000000c001332c                Device::~Device()
                0x00000000c001333a                Device::~Device()
                0x00000000c0013362                Device::findAndLoadDriver()
                0x00000000c0013364                Device::preOpenPCI(PCIDeviceInfo)
                0x00000000c001338a                Device::preOpenACPI(void*, char*, char*)
                0x00000000c00133de                Device::addIRQHandler(int, void (*)(regs*, void*), bool, void*)
                0x00000000c001343c                Device::removeIRQHandler(int, void (*)(regs*, void*), bool)
                0x00000000c001348a                Device::addChild(Device*)
                0x00000000c00134ce                Device::removeAllChildren()
                0x00000000c0013514                Device::hibernateAll()
                0x00000000c0013544                Device::wakeAll()
                0x00000000c0013574                Device::detectAll()
                0x00000000c00135a4                Device::disableLegacyAll()
                0x00000000c00135d4                Device::loadDriversForAll()
                0x00000000c0013600                Device::closeAll()
                0x00000000c0013636                Device::powerSavingAll(PowerSavingLevel)
                0x00000000c001366c                Device::setName(char const*)
                0x00000000c001367a                Device::Device(char const*)
                0x00000000c001367a                Device::Device(char const*)
                0x00000000c001376c                Device::getName()
                0x00000000c0013776                DriverlessDevice::DriverlessDevice(char const*)
                0x00000000c0013776                DriverlessDevice::DriverlessDevice(char const*)
                0x00000000c001379e                Device::addToLinkedList(LinkedList<Device>&, DeviceType)
                0x00000000c00137e2                getDevicesOfType(DeviceType)
 .text          0x00000000c001380c       0x84 hal/diskctrl.32
                0x00000000c001380c                HardDiskController::HardDiskController(char const*)
                0x00000000c001380c                HardDiskController::HardDiskController(char const*)
                0x00000000c0013842                HardDiskController::~HardDiskController()
                0x00000000c0013842                HardDiskController::~HardDiskController()
                0x00000000c0013866                HardDiskController::~HardDiskController()
 .text          0x00000000c0013890       0xde hal/diskphys.32
                0x00000000c0013890                PhysicalDisk::PhysicalDisk(char const*, int)
                0x00000000c0013890                PhysicalDisk::PhysicalDisk(char const*, int)
                0x00000000c00138f8                PhysicalDisk::startCache()
                0x00000000c0013920                PhysicalDisk::~PhysicalDisk()
                0x00000000c0013920                PhysicalDisk::~PhysicalDisk()
                0x00000000c0013944                PhysicalDisk::~PhysicalDisk()
 .text          0x00000000c001396e      0x128 hal/fpu.32
                0x00000000c001396e                FPU::FPU(char const*)
                0x00000000c001396e                FPU::FPU(char const*)
                0x00000000c00139a4                FPU::~FPU()
                0x00000000c00139a4                FPU::~FPU()
                0x00000000c00139c8                FPU::~FPU()
                0x00000000c00139f2                setupFPU()
 .text          0x00000000c0013a96      0xb89 hal/intctrl.32
                0x00000000c0013a96                InterruptController::uninstallISRHandler(int, void (*)(regs*, void*))
                0x00000000c0013ace                InterruptController::installISRHandler(int, void (*)(regs*, void*), void*)
                0x00000000c0013b20                doubleFault(regs*, void*)
                0x00000000c0013b2e                InterruptController::installIRQHandler(int, void (*)(regs*, void*), bool, void*)
                0x00000000c0013bca                InterruptController::clearAllHandlers(int, bool)
                0x00000000c0013c72                InterruptController::uninstallIRQHandler(int, void (*)(regs*, void*), bool)
                0x00000000c0013cf9                nmiHandler(regs*, void*)
                0x00000000c0013d07                int_handler
                0x00000000c0013da2                InterruptController::InterruptController(char const*)
                0x00000000c0013da2                InterruptController::InterruptController(char const*)
                0x00000000c0013e48                InterruptController::~InterruptController()
                0x00000000c0013e48                InterruptController::~InterruptController()
                0x00000000c0013e6c                InterruptController::~InterruptController()
                0x00000000c0013e96                displayDebugInfo(regs*)
                0x00000000c0014278                gpFault(regs*, void*)
                0x00000000c00142b1                pgFault(regs*, void*)
                0x00000000c00142c8                otherISRHandler(regs*, void*)
                0x00000000c00142e7                opcodeFault(regs*, void*)
                0x00000000c0014351                displayProgramFault(char const*)
                0x00000000c001437a                InterruptController::convertLegacyIRQNumber(int)
                0x00000000c00143c4                setupInterruptController()
 *fill*         0x00000000c001461f        0x1 
 .text          0x00000000c0014620      0x604 hal/keybrd.32
                0x00000000c0014620                startGUI(void*)
                0x00000000c001468e                sendKeyToTerminal(unsigned char)
                0x00000000c00146fa                sendKeyboardToken(KeyboardToken)
                0x00000000c0014ad5                clearInternalKeybuffer(VgaText*)
                0x00000000c0014b0a                readKeyboard(VgaText*, char*, unsigned long)
                0x00000000c0014b9a                Keyboard::Keyboard(char const*)
                0x00000000c0014b9a                Keyboard::Keyboard(char const*)
                0x00000000c0014bd6                Keyboard::~Keyboard()
                0x00000000c0014bd6                Keyboard::~Keyboard()
                0x00000000c0014bfa                Keyboard::~Keyboard()
 .text          0x00000000c0014c24      0x400 hal/logidisk.32
                0x00000000c0014c24                LogicalDisk::close(int, int, void*)
                0x00000000c0014c28                LogicalDisk::~LogicalDisk()
                0x00000000c0014c28                LogicalDisk::~LogicalDisk()
                0x00000000c0014c4c                LogicalDisk::~LogicalDisk()
                0x00000000c0014c76                LogicalDisk::open(int, int, void*)
                0x00000000c0014c8a                LogicalDisk::absoluteToRelative(unsigned long long)
                0x00000000c0014cc2                LogicalDisk::relativeToAbsolute(unsigned long long)
                0x00000000c0014d08                LogicalDisk::LogicalDisk(char const*, PhysicalDisk*, unsigned long long, unsigned long long)
                0x00000000c0014d08                LogicalDisk::LogicalDisk(char const*, PhysicalDisk*, unsigned long long, unsigned long long)
                0x00000000c0014dbe                LogicalDisk::assignDriveLetter()
                0x00000000c0014e74                LogicalDisk::mount()
                0x00000000c0014ee6                LogicalDisk::unmount()
                0x00000000c0014ef6                LogicalDisk::unassignDriveLetter()
                0x00000000c0014f4c                LogicalDisk::read(unsigned long long, int, void*)
                0x00000000c0014fb8                LogicalDisk::write(unsigned long long, int, void*)
 .text          0x00000000c0015024       0x84 hal/mouse.32
                0x00000000c0015024                Mouse::Mouse(char const*)
                0x00000000c0015024                Mouse::Mouse(char const*)
                0x00000000c001505a                Mouse::~Mouse()
                0x00000000c001505a                Mouse::~Mouse()
                0x00000000c001507e                Mouse::~Mouse()
 .text          0x00000000c00150a8      0x339 hal/partition.32
                0x00000000c00150a8                makePartition(PhysicalDisk*, unsigned long long, unsigned long long)
                0x00000000c0015150                createPartitionsForDisk(PhysicalDisk*)
 *fill*         0x00000000c00153e1        0x1 
 .text          0x00000000c00153e2      0x2e7 hal/timer.32
                0x00000000c00153e2                Timer::Timer(char const*)
                0x00000000c00153e2                Timer::Timer(char const*)
                0x00000000c0015418                Timer::~Timer()
                0x00000000c0015418                Timer::~Timer()
                0x00000000c001543c                Timer::~Timer()
                0x00000000c0015466                Timer::read()
                0x00000000c0015471                timerHandler(unsigned long long)
                0x00000000c00155a8                setupTimer(int)
 *fill*         0x00000000c00156c9        0x1 
 .text          0x00000000c00156ca      0x2d1 hal/vcache.32
                0x00000000c00156ca                VCache::VCache(PhysicalDisk*)
                0x00000000c00156ca                VCache::VCache(PhysicalDisk*)
                0x00000000c00157ba                VCache::writeWriteBuffer()
                0x00000000c00157f6                VCache::~VCache()
                0x00000000c00157f6                VCache::~VCache()
                0x00000000c0015836                VCache::~VCache()
                0x00000000c001585e                VCache::write(unsigned long long, int, void*)
                0x00000000c0015942                VCache::read(unsigned long long, int, void*)
 *fill*         0x00000000c001599b        0x1 
 .text          0x00000000c001599c      0x26d hal/video.32
                0x00000000c001599c                Video::putrect(int, int, int, int, unsigned int)
                0x00000000c00159e6                Video::blit(unsigned int*, int, int, int, int)
                0x00000000c0015a64                Video::clearScreen(unsigned int)
                0x00000000c0015a98                Video::putpixel(int, int, unsigned int)
                0x00000000c0015aa6                Video::Video(char const*)
                0x00000000c0015aa6                Video::Video(char const*)
                0x00000000c0015adc                Video::~Video()
                0x00000000c0015adc                Video::~Video()
                0x00000000c0015b00                Video::~Video()
                0x00000000c0015b2a                Video::isMonochrome()
                0x00000000c0015b36                Video::getWidth()
                0x00000000c0015b42                Video::getHeight()
                0x00000000c0015b4e                Video::drawCursor(int, int, unsigned char*, int)
 *fill*         0x00000000c0015c09        0x1 
 .text          0x00000000c0015c0a      0xc86 hw/acpi.32
                0x00000000c0015c0a                ACPI::close(int, int, void*)
                0x00000000c0015cbf                findRSDP()
                0x00000000c0015d49                loadACPITables(unsigned char*)
                0x00000000c0015f70                findRSDT(unsigned char*)
                0x00000000c001608e                findDataTable(unsigned char*, char*)
                0x00000000c001612a                scanMADT()
                0x00000000c00164be                ACPI::ACPI()
                0x00000000c00164be                ACPI::ACPI()
                0x00000000c001651e                ACPI::getPCIIRQAssignment(unsigned char, unsigned short, unsigned char)
                0x00000000c0016600                ACPI::registerPCIIRQAssignment(void*, unsigned short, unsigned char, unsigned char)
                0x00000000c0016706                ACPI::setScreenBrightnessLevel(void*, int)
                0x00000000c001670c                ACPI::writeSimpleBootFlag(SimpleBootFlagTable*)
                0x00000000c0016754                ACPI::open(int, int, void*)
                0x00000000c0016878                ACPI::sleep()
 .text          0x00000000c0016890     0x132c hw/cpu.32
                0x00000000c0016890                CPU::close(int, int, void*)
                0x00000000c0016893                lookupAMDCPUName(unsigned char, unsigned char)
                0x00000000c0016a27                lookupIntelCPUName(unsigned char, unsigned char)
                0x00000000c0016cd5                AMD_K6_write_msr(unsigned int, unsigned int, unsigned int, REGS*)
                0x00000000c0016cf1                AMD_K6_read_msr(unsigned int, REGS*)
                0x00000000c0016d09                AMD_K6_writeback(int, int, int)
                0x00000000c0016d7c                cpuid(int, unsigned long*, unsigned long*, unsigned long*, unsigned long*)
                0x00000000c0016dff                cpuidCheckEDX(unsigned int)
                0x00000000c0016e2c                cpuidCheckECX(unsigned int)
                0x00000000c0016e59                cpuidCheckExtendedEBX(unsigned int)
                0x00000000c0016e86                cpuidCheckExtendedECX(unsigned int)
                0x00000000c0016eb3                getCPUNumber()
                0x00000000c0016eb6                thisCPU()
                0x00000000c0016eca                CPU::CPU()
                0x00000000c0016eca                CPU::CPU()
                0x00000000c0016f58                CPU::displayFeatures()
                0x00000000c0016f5a                CPU::detectFeatures()
                0x00000000c001794c                CPU::setupSMEP()
                0x00000000c0017966                CPU::setupUMIP()
                0x00000000c001797e                CPU::setupTSC()
                0x00000000c0017996                CPU::setupLargePages()
                0x00000000c00179ae                CPU::setupPAT()
                0x00000000c00179ea                CPU::setupMTRR()
                0x00000000c00179ec                CPU::setupGlobalPages()
                0x00000000c0017a02                CPU::allowUsermodeDataAccess()
                0x00000000c0017a14                CPU::prohibitUsermodeDataAccess()
                0x00000000c0017a26                CPU::setupSMAP()
                0x00000000c0017a4c                CPU::setupFeatures()
                0x00000000c0017aee                CPU::open(int, int, void*)
 .text          0x00000000c0017bbc        0x0 hw/ports.32
 .text          0x00000000c0017bbc      0x503 registry/registry.32
                0x00000000c0017bbc                Reg::findLineFromLoadedData(char*, char*, char*)
                0x00000000c0017d14                Reg::getLineFromRegistry(char*, char*, char*, char*)
                0x00000000c0017e73                Reg::getLine(char*, char*, char*)
                0x00000000c0017eaa                Reg::readInt(char*, char*, int*)
                0x00000000c0017f95                Reg::readString(char*, char*, char*, int)
                0x00000000c0018016                Reg::readBool(char*, char*, bool*)
                0x00000000c001803b                Reg::readBoolWithDefault(char*, char*, bool)
                0x00000000c0018067                Reg::readIntWithDefault(char*, char*, int)
                0x00000000c0018093                Reg::readStringWithDefault(char*, char*, char*, int, char*)
 .text          0x00000000c00180bf       0x18 syscalls/sc_exit.32
                0x00000000c00180bf                Sys::exit(regs*)
 .text          0x00000000c00180d7       0x68 syscalls/sc_read.32
                0x00000000c00180d7                Sys::read(regs*)
 .text          0x00000000c001813f       0x55 syscalls/sc_sbrk.32
                0x00000000c001813f                Sys::sbrk(regs*)
 .text          0x00000000c0018194       0x68 syscalls/sc_write.32
                0x00000000c0018194                Sys::write(regs*)
 .text          0x00000000c00181fc       0x1a syscalls/sc_yield.32
                0x00000000c00181fc                Sys::yield(regs*)
 .text          0x00000000c0018216      0x8bf vm86/vm8086.32
                0x00000000c0018216                vm8086EntryPoint(void*)
                0x00000000c0018241                inbv(unsigned short)
                0x00000000c0018247                outbv(unsigned short, unsigned char)
                0x00000000c0018251                realToLinear(unsigned short, unsigned short)
                0x00000000c0018261                getSegment(unsigned int)
                0x00000000c0018269                getOffset(unsigned int)
                0x00000000c001826e                loadVM8086FileAsThread(Process*, char const*, unsigned short, unsigned short, unsigned short, unsigned short)
                0x00000000c001839d                vm8086DoISR(regs*, int, unsigned char*, unsigned short, unsigned short)
                0x00000000c0018427                readByteFromReal(unsigned short, unsigned short)
                0x00000000c0018438                readWordFromReal(unsigned short, unsigned short)
                0x00000000c001844a                readDwordFromReal(unsigned short, unsigned short)
                0x00000000c001845b                writeByteFromReal(unsigned short, unsigned short, unsigned char)
                0x00000000c0018470                writeWordFromReal(unsigned short, unsigned short, unsigned short)
                0x00000000c0018486                writeDwordFromReal(unsigned short, unsigned short, unsigned int)
                0x00000000c001849b                vm8086FaultHandler(regs*)
 *fill*         0x00000000c0018ad5        0x1 
 .text          0x00000000c0018ad6     0x1088 fs/fat/vfslink.32
                0x00000000c0018ad6                FAT::getName()
                0x00000000c0018adc                FAT::tell(void*, unsigned long long*)
                0x00000000c0018b10                FAT::stat(void*, unsigned long long*)
                0x00000000c0018b44                FAT::exists(char const*)
                0x00000000c0018b48                FAT::~FAT()
                0x00000000c0018b48                FAT::~FAT()
                0x00000000c0018b6c                FAT::~FAT()
                0x00000000c0018b94                FAT::getlabel(LogicalDisk*, int, char*, unsigned int*)
                0x00000000c0018c32                FAT::setlabel(LogicalDisk*, int, char*)
                0x00000000c0018cec                FAT::format(LogicalDisk*, int, char const*, int)
                0x00000000c0018ed0                FAT::tryMount(LogicalDisk*, int)
                0x00000000c00190d6                FAT::readDir(void*, unsigned long, void*, int*)
                0x00000000c00191de                FAT::read(void*, unsigned long, void*, int*)
                0x00000000c0019238                FAT::write(void*, unsigned long, void*, int*)
                0x00000000c0019292                FAT::close(void*)
                0x00000000c00192de                FAT::closeDir(void*)
                0x00000000c001932a                FAT::seek(void*, unsigned long long)
                0x00000000c001937e                fatWrapperReadDisk
                0x00000000c00193c5                fatWrapperWriteDisk
                0x00000000c001940c                fatWrapperIoctl
                0x00000000c0019510                FAT::FAT()
                0x00000000c0019510                FAT::FAT()
                0x00000000c0019562                FAT::fixFilepath(char*)
                0x00000000c001959a                FAT::open(char const*, void**, FileOpenMode)
                0x00000000c00196c2                FAT::openDir(char const*, void**)
                0x00000000c0019768                FAT::stat(char const*, unsigned long long*, bool*)
                0x00000000c0019852                FAT::unlink(char const*)
                0x00000000c00198cc                FAT::chfatattr(char const*, unsigned char, unsigned char)
                0x00000000c0019a20                FAT::rename(char const*, char const*)
                0x00000000c0019ae4                FAT::mkdir(char const*)
 .text          0x00000000c0019b5e      0xbdf fs/iso9660/vfslink.32
                0x00000000c0019b5e                ISO9660::format(LogicalDisk*, int, char const*, int)
                0x00000000c0019b64                ISO9660::seek(void*, unsigned long long)
                0x00000000c0019b94                ISO9660::tell(void*, unsigned long long*)
                0x00000000c0019bb8                ISO9660::getName()
                0x00000000c0019bbe                ISO9660::stat(void*, unsigned long long*)
                0x00000000c0019be2                ISO9660::chfatattr(char const*, unsigned char, unsigned char)
                0x00000000c0019be8                ISO9660::unlink(char const*)
                0x00000000c0019bee                ISO9660::write(void*, unsigned long, void*, int*)
                0x00000000c0019bf4                ISO9660::rename(char const*, char const*)
                0x00000000c0019bfa                ISO9660::mkdir(char const*)
                0x00000000c0019c00                ISO9660::close(void*)
                0x00000000c0019c22                ISO9660::closeDir(void*)
                0x00000000c0019c44                ISO9660::~ISO9660()
                0x00000000c0019c44                ISO9660::~ISO9660()
                0x00000000c0019c68                ISO9660::~ISO9660()
                0x00000000c0019c8f                __memmem(unsigned char*, int, unsigned char*, int)
                0x00000000c0019cd1                readSectorFromCDROM(unsigned int, unsigned char*, char)
                0x00000000c0019d38                ISO9660::tryMount(LogicalDisk*, int)
                0x00000000c0019d88                ISO9660::read(void*, unsigned long, void*, int*)
                0x00000000c0019fcc                ISO9660::readDir(void*, unsigned long, void*, int*)
                0x00000000c001a25a                readRoot(unsigned int*, unsigned int*, char)
                0x00000000c001a2af                readRecursively(char*, unsigned int, unsigned int, unsigned int*, unsigned int*, char, int*)
                0x00000000c001a482                getFileData(char*, unsigned int*, unsigned int*, char, int*)
                0x00000000c001a510                ISO9660::open(char const*, void**, FileOpenMode)
                0x00000000c001a5aa                ISO9660::exists(char const*)
                0x00000000c001a5ce                ISO9660::stat(char const*, unsigned long long*, bool*)
                0x00000000c001a662                ISO9660::openDir(char const*, void**)
                0x00000000c001a71a                ISO9660::ISO9660()
                0x00000000c001a71a                ISO9660::ISO9660()
 *fill*         0x00000000c001a73d        0x1 
 .text          0x00000000c001a73e      0x244 hal/sound/sndchannel.32
                0x00000000c001a73e                SoundChannel::~SoundChannel()
                0x00000000c001a73e                SoundChannel::~SoundChannel()
                0x00000000c001a75a                SoundChannel::setSpeed(float)
                0x00000000c001a766                SoundChannel::getSpeed()
                0x00000000c001a76e                SoundChannel::setVolume(int)
                0x00000000c001a78a                SoundChannel::getVolume()
                0x00000000c001a792                SoundChannel::pause()
                0x00000000c001a79c                SoundChannel::SoundChannel(int, int, int, int)
                0x00000000c001a79c                SoundChannel::SoundChannel(int, int, int, int)
                0x00000000c001a892                SoundChannel::play()
                0x00000000c001a89c                SoundChannel::paused()
                0x00000000c001a8a4                SoundChannel::getSampleRate()
                0x00000000c001a8ac                SoundChannel::getBits()
                0x00000000c001a8b4                SoundChannel::getBufferUsed()
                0x00000000c001a8bc                SoundChannel::getBufferSize()
                0x00000000c001a8c4                SoundChannel::unbuffer(float*, int, int)
                0x00000000c001a936                SoundChannel::buffer8(unsigned char*, int)
 .text          0x00000000c001a982      0x317 hal/sound/sndhw.32
                0x00000000c001a982                SoundDevice::SoundDevice(char const*)
                0x00000000c001a982                SoundDevice::SoundDevice(char const*)
                0x00000000c001a9ee                SoundDevice::~SoundDevice()
                0x00000000c001a9ee                SoundDevice::~SoundDevice()
                0x00000000c001aa68                SoundDevice::~SoundDevice()
                0x00000000c001aa92                SoundDevice::getFreeChannelNum()
                0x00000000c001aaac                SoundDevice::addChannel(SoundChannel*)
                0x00000000c001ab1c                SoundDevice::removeChannel(int)
                0x00000000c001ab4e                SoundDevice::floatTo8(float*, unsigned char*, int)
                0x00000000c001abba                SoundDevice::getAudio(int, float*, float*)
 .text          0x00000000c001ac99        0x0 hw/bus/isa.32
 *fill*         0x00000000c001ac99        0x1 
 .text          0x00000000c001ac9a      0x6e5 hw/bus/pci.32
                0x00000000c001ac9a                PCI::open(int, int, void*)
                0x00000000c001acae                PCI::close(int, int, void*)
                0x00000000c001acb2                PCI::PCI()
                0x00000000c001acb2                PCI::PCI()
                0x00000000c001ad32                PCI::pciReadWord(unsigned char, unsigned char, unsigned char, unsigned char)
                0x00000000c001ad7a                PCI::getVendorID(unsigned char, unsigned char, unsigned char)
                0x00000000c001ad9c                PCI::getHeaderType(unsigned char, unsigned char, unsigned char)
                0x00000000c001adc0                PCI::getClassCode(unsigned char, unsigned char, unsigned char)
                0x00000000c001ae04                PCI::getProgIF(unsigned char, unsigned char, unsigned char)
                0x00000000c001ae28                PCI::getRevisionID(unsigned char, unsigned char, unsigned char)
                0x00000000c001ae4a                PCI::getInterruptNumber(unsigned char, unsigned char, unsigned char)
                0x00000000c001ae6c                PCI::getSecondaryBus(unsigned char, unsigned char, unsigned char)
                0x00000000c001ae90                PCI::getBARAddress(unsigned char, unsigned char, unsigned char, unsigned char)
                0x00000000c001aef0                PCI::pciWriteWord(unsigned char, unsigned char, unsigned char, unsigned char, unsigned short)
                0x00000000c001af5c                PCI::checkBus(unsigned char)
                0x00000000c001af80                PCI::foundDevice(PCIDeviceInfo)
                0x00000000c001b0f0                PCI::getDeviceData(unsigned char, unsigned char, unsigned char)
                0x00000000c001b2c0                PCI::checkDevice(unsigned char, unsigned char)
                0x00000000c001b32c                PCI::detect()
 *fill*         0x00000000c001b37f        0x1 
 .text          0x00000000c001b380      0x4b9 hw/clock/rtc.32
                0x00000000c001b380                RTC::open(int, int, void*)
                0x00000000c001b384                RTC::close(int, int, void*)
                0x00000000c001b388                RTC::timeInSecondsUTC()
                0x00000000c001b39a                RTC::setTimeInDatetimeUTC(datetime_t)
                0x00000000c001b39e                RTC::timeInDatetimeUTC()
                0x00000000c001b3c4                RTC::setTimeInSecondsUTC(unsigned long long)
                0x00000000c001b402                RTC::~RTC()
                0x00000000c001b402                RTC::~RTC()
                0x00000000c001b426                RTC::~RTC()
                0x00000000c001b450                RTC::get_update_in_progress_flag()
                0x00000000c001b468                RTC::completeRTCRefresh()
                0x00000000c001b754                rtcIRQHandler(regs*, void*)
                0x00000000c001b79a                RTC::RTC()
                0x00000000c001b79a                RTC::RTC()
 *fill*         0x00000000c001b839        0x1 
 .text          0x00000000c001b83a      0xc70 hw/diskctrl/ide.32
                0x00000000c001b83a                IDE::close(int, int, void*)
                0x00000000c001b83e                IDE::IDE()
                0x00000000c001b83e                IDE::IDE()
                0x00000000c001b872                IDE::prepareInterrupt(unsigned char)
                0x00000000c001b884                selectDrive(unsigned char, unsigned char)
                0x00000000c001b886                IDE::getBase(unsigned char)
                0x00000000c001b898                IDE::write(unsigned char, unsigned char, unsigned char)
                0x00000000c001b958                IDE::read(unsigned char, unsigned char)
                0x00000000c001ba06                IDE::waitInterrupt(unsigned char)
                0x00000000c001ba6c                ideChannel0IRQHandler(regs*, void*)
                0x00000000c001ba88                ideChannel1IRQHandler(regs*, void*)
                0x00000000c001baa4                IDE::enableIRQs(unsigned char, bool)
                0x00000000c001baea                IDE::open(int, int, void*)
                0x00000000c001befa                IDE::readBuffer(unsigned char, unsigned char, unsigned int, unsigned int)
                0x00000000c001bfc6                IDE::detect()
                0x00000000c001c2ae                IDE::printError(unsigned char, unsigned char, unsigned char)
                0x00000000c001c444                IDE::polling(unsigned char, unsigned int)
 .text          0x00000000c001c4aa      0x62b hw/diskphys/ata.32
                0x00000000c001c4aa                ATA::close(int, int, void*)
                0x00000000c001c4ce                ATA::powerSaving(PowerSavingLevel)
                0x00000000c001c4d0                ATA::ATA()
                0x00000000c001c4d0                ATA::ATA()
                0x00000000c001c4fe                ATA::flush(bool)
                0x00000000c001c548                ATA::readyForCommand()
                0x00000000c001c598                ATA::access(unsigned long long, int, void*, bool)
                0x00000000c001c916                ATA::read(unsigned long long, int, void*)
                0x00000000c001c97e                ATA::write(unsigned long long, int, void*)
                0x00000000c001c9e6                ATA::detectCHS()
                0x00000000c001ca10                ATA::open(int, int, void*)
 *fill*         0x00000000c001cad5        0x1 
 .text          0x00000000c001cad6      0x5b3 hw/diskphys/atapi.32
                0x00000000c001cad6                ATAPI::write(unsigned long long, int, void*)
                0x00000000c001cadc                ATAPI::close(int, int, void*)
                0x00000000c001cb00                ATAPI::ATAPI()
                0x00000000c001cb00                ATAPI::ATAPI()
                0x00000000c001cb2e                ATAPI::readyForCommand()
                0x00000000c001cb7e                ATAPI::sendPacket(unsigned char*, int, bool, unsigned short*, int)
                0x00000000c001ce3e                ATAPI::diskRemoved()
                0x00000000c001ce5a                ATAPI::eject()
                0x00000000c001cea0                ATAPI::diskInserted()
                0x00000000c001cece                ATAPI::detectMedia()
                0x00000000c001cf8a                ATAPI::open(int, int, void*)
                0x00000000c001d00a                ATAPI::read(unsigned long long, int, void*)
 *fill*         0x00000000c001d089        0x1 
 .text          0x00000000c001d08a       0x8e hw/fpu/avx.32
                0x00000000c001d08a                AVX::open(int, int, void*)
                0x00000000c001d09c                AVX::close(int, int, void*)
                0x00000000c001d0ae                AVX::available()
                0x00000000c001d0c0                AVX::save(void*)
                0x00000000c001d0d8                AVX::load(void*)
                0x00000000c001d0f0                AVX::AVX()
                0x00000000c001d0f0                AVX::AVX()
 .text          0x00000000c001d118       0x90 hw/fpu/mmx.32
                0x00000000c001d118                MMX::available()
                0x00000000c001d12c                MMX::open(int, int, void*)
                0x00000000c001d13e                MMX::close(int, int, void*)
                0x00000000c001d150                MMX::save(void*)
                0x00000000c001d168                MMX::load(void*)
                0x00000000c001d180                MMX::MMX()
                0x00000000c001d180                MMX::MMX()
 .text          0x00000000c001d1a8       0x96 hw/fpu/sse.32
                0x00000000c001d1a8                SSE::open(int, int, void*)
                0x00000000c001d1ba                SSE::close(int, int, void*)
                0x00000000c001d1cc                SSE::available()
                0x00000000c001d1e6                SSE::save(void*)
                0x00000000c001d1fe                SSE::load(void*)
                0x00000000c001d216                SSE::SSE()
                0x00000000c001d216                SSE::SSE()
 .text          0x00000000c001d23e       0x8e hw/fpu/x87.32
                0x00000000c001d23e                x87::open(int, int, void*)
                0x00000000c001d250                x87::close(int, int, void*)
                0x00000000c001d262                x87::available()
                0x00000000c001d274                x87::save(void*)
                0x00000000c001d28c                x87::load(void*)
                0x00000000c001d2a4                x87::x87()
                0x00000000c001d2a4                x87::x87()
 .text          0x00000000c001d2cc      0x5f3 hw/intctrl/apic.32
                0x00000000c001d2cc                APIC::disable()
                0x00000000c001d2ce                APIC::close(int, int, void*)
                0x00000000c001d2f0                IOAPIC::close(int, int, void*)
                0x00000000c001d2f6                APIC::io_wait()
                0x00000000c001d2fc                APIC::getBase()
                0x00000000c001d33e                APIC::eoi(unsigned char)
                0x00000000c001d36c                APIC::open(int, int, void*)
                0x00000000c001d426                IOAPIC::IOAPIC()
                0x00000000c001d426                IOAPIC::IOAPIC()
                0x00000000c001d44e                APIC::APIC()
                0x00000000c001d44e                APIC::APIC()
                0x00000000c001d51e                IOAPIC::handlesGSIWithNumber(unsigned int)
                0x00000000c001d550                IOAPIC::read(int)
                0x00000000c001d578                IOAPIC::open(int, int, void*)
                0x00000000c001d66e                IOAPIC::write(int, int)
                0x00000000c001d69a                IOAPIC::redirect(unsigned char, unsigned long long, unsigned char)
                0x00000000c001d754                APIC::installIRQHandler(int, void (*)(regs*, void*), bool, void*)
 *fill*         0x00000000c001d8bf        0x1 
 .text          0x00000000c001d8c0      0x3d3 hw/intctrl/pic.32
                0x00000000c001d8c0                PIC::disable()
                0x00000000c001d8ee                PIC::close(int, int, void*)
                0x00000000c001d910                PIC::PIC()
                0x00000000c001d910                PIC::PIC()
                0x00000000c001d9e6                PIC::ioWait()
                0x00000000c001d9ec                PIC::getIRQReg(int)
                0x00000000c001da56                PIC::eoi(unsigned char)
                0x00000000c001dae8                PIC::remap()
                0x00000000c001dc54                PIC::open(int, int, void*)
 *fill*         0x00000000c001dc93        0x1 
 .text          0x00000000c001dc94      0x252 hw/timer/apictimer.32
                0x00000000c001dc94                APICTimer::close(int, int, void*)
                0x00000000c001dc9a                apicTimerHandler(regs*, void*)
                0x00000000c001dcc8                APICTimer::write(int)
                0x00000000c001ddc6                APICTimer::open(int, int, void*)
                0x00000000c001debe                APICTimer::APICTimer()
                0x00000000c001debe                APICTimer::APICTimer()
 .text          0x00000000c001dee6      0x1a7 hw/timer/pit.32
                0x00000000c001dee6                PIT::write(int)
                0x00000000c001df64                pitHandler(regs*, void*)
                0x00000000c001df90                PIT::open(int, int, void*)
                0x00000000c001dfde                PIT::close(int, int, void*)
                0x00000000c001e00e                PIT::PIT()
                0x00000000c001e00e                PIT::PIT()
 *fill*         0x00000000c001e08d        0x3 
 .text          0x00000000c001e090        0xa hw/fpu/x86/avx.32
                0x00000000c001e090                avxDetect
                0x00000000c001e096                avxSave
                0x00000000c001e097                avxLoad
                0x00000000c001e098                avxInit
                0x00000000c001e099                avxClose
 *fill*         0x00000000c001e09a        0x6 
 .text          0x00000000c001e0a0       0x38 hw/fpu/x86/sse.32
                0x00000000c001e0a0                sseDetect
                0x00000000c001e0bb                sseSave
                0x00000000c001e0c1                sseLoad
                0x00000000c001e0c7                sseInit
                0x00000000c001e0d7                sseClose
 *fill*         0x00000000c001e0d8        0x8 
 .text          0x00000000c001e0e0       0x47 hw/fpu/x86/x87.32
                0x00000000c001e0e6                x87Detect
                0x00000000c001e101                x87Save
                0x00000000c001e107                x87Load
                0x00000000c001e10c                x87Init
                0x00000000c001e126                x87Close
 *fill*         0x00000000c001e127        0x1 
 .text          0x00000000c001e128       0x25 /cygdrive/d/Users/Alex/Desktop/Toolchain/Output/bin/../lib/gcc/i386-banana/8.1.0/crtend.o
 .text          0x00000000c001e14d        0x0 crtn.32
 *fill*         0x00000000c001e14d        0x3 
 .text          0x00000000c001e150      0x14b /cygdrive/d/Users/Alex/Desktop/Toolchain/Output/bin/../lib/gcc/i386-banana/8.1.0/libgcc.a(_divdi3.o)
                0x00000000c001e150                __divdi3
 *fill*         0x00000000c001e29b        0x1 
 .text          0x00000000c001e29c      0x17e /cygdrive/d/Users/Alex/Desktop/Toolchain/Output/bin/../lib/gcc/i386-banana/8.1.0/libgcc.a(_moddi3.o)
                0x00000000c001e29c                __moddi3
 *fill*         0x00000000c001e41a        0x2 
 .text          0x00000000c001e41c       0xff /cygdrive/d/Users/Alex/Desktop/Toolchain/Output/bin/../lib/gcc/i386-banana/8.1.0/libgcc.a(_udivdi3.o)
                0x00000000c001e41c                __udivdi3
 *fill*         0x00000000c001e51b        0x1 
 .text          0x00000000c001e51c      0x11a /cygdrive/d/Users/Alex/Desktop/Toolchain/Output/bin/../lib/gcc/i386-banana/8.1.0/libgcc.a(_umoddi3.o)
                0x00000000c001e51c                __umoddi3
 *fill*         0x00000000c001e636        0xa 
 .text          0x00000000c001e640       0x1e D:/Users/Alex/Desktop/Banana/kernel/libk/libm32.a(s_fabs.c.o)
                0x00000000c001e640                fabs
 *fill*         0x00000000c001e65e        0x2 
 .text          0x00000000c001e660        0xc D:/Users/Alex/Desktop/Banana/kernel/libk/libm32.a(s_lrint.S.o)
                0x00000000c001e660                lrint
 .text          0x00000000c001e66c        0xc D:/Users/Alex/Desktop/Banana/kernel/libk/libm32.a(s_lrintf.S.o)
                0x00000000c001e66c                lrintf
 *(.gnu.linkonce.t*)

.iplt           0x00000000c001e678        0x0
 .iplt          0x00000000c001e678        0x0 D:/Users/Alex/Desktop/Banana/kernel/boot.32

.init           0x00000000c001e678        0xf
 .init          0x00000000c001e678        0x3 crti.32
                0x00000000c001e678                _init
 .init          0x00000000c001e67b        0x5 /cygdrive/d/Users/Alex/Desktop/Toolchain/Output/bin/../lib/gcc/i386-banana/8.1.0/crtbegin.o
 .init          0x00000000c001e680        0x5 /cygdrive/d/Users/Alex/Desktop/Toolchain/Output/bin/../lib/gcc/i386-banana/8.1.0/crtend.o
 .init          0x00000000c001e685        0x2 crtn.32

.fini           0x00000000c001e687        0xa
 .fini          0x00000000c001e687        0x3 crti.32
                0x00000000c001e687                _fini
 .fini          0x00000000c001e68a        0x5 /cygdrive/d/Users/Alex/Desktop/Toolchain/Output/bin/../lib/gcc/i386-banana/8.1.0/crtbegin.o
 .fini          0x00000000c001e68f        0x2 crtn.32

.text._ZN8ComputerD2Ev
                0x00000000c001e692       0x23
 .text._ZN8ComputerD2Ev
                0x00000000c001e692       0x23 core/computer.32
                0x00000000c001e692                Computer::~Computer()
                0x00000000c001e692                Computer::~Computer()

.text._ZN8ComputerD0Ev
                0x00000000c001e6b6       0x2a
 .text._ZN8ComputerD0Ev
                0x00000000c001e6b6       0x2a core/computer.32
                0x00000000c001e6b6                Computer::~Computer()

.text._Z10idleCommonv
                0x00000000c001e6e0       0x15
 .text._Z10idleCommonv
                0x00000000c001e6e0       0x15 core/idle.32
                0x00000000c001e6e0                idleCommon()

.text._ZN3CPU7readCR0Ev
                0x00000000c001e6f5       0x12
 .text._ZN3CPU7readCR0Ev
                0x00000000c001e6f5       0x12 core/kconsole.32
                0x00000000c001e6f5                CPU::readCR0()

.text._ZN3CPU7readCR2Ev
                0x00000000c001e707       0x12
 .text._ZN3CPU7readCR2Ev
                0x00000000c001e707       0x12 core/kconsole.32
                0x00000000c001e707                CPU::readCR2()

.text._ZN3CPU7readCR3Ev
                0x00000000c001e719       0x12
 .text._ZN3CPU7readCR3Ev
                0x00000000c001e719       0x12 core/kconsole.32
                0x00000000c001e719                CPU::readCR3()

.text._ZN3CPU7readCR4Ev
                0x00000000c001e72b       0x12
 .text._ZN3CPU7readCR4Ev
                0x00000000c001e72b       0x12 core/kconsole.32
                0x00000000c001e72b                CPU::readCR4()

.text._ZN3CPU8writeCR3Em
                0x00000000c001e73d        0x9
 .text._ZN3CPU8writeCR3Em
                0x00000000c001e73d        0x9 core/kheap.32
                0x00000000c001e73d                CPU::writeCR3(unsigned long)

.text._ZN10LinkedListIV18ThreadControlBlockED2Ev
                0x00000000c001e746        0x2
 .text._ZN10LinkedListIV18ThreadControlBlockED2Ev
                0x00000000c001e746        0x2 core/prcssthr.32
                0x00000000c001e746                LinkedList<ThreadControlBlock volatile>::~LinkedList()
                0x00000000c001e746                LinkedList<ThreadControlBlock volatile>::~LinkedList()

.text._ZN18ThreadControlBlockC2Ev
                0x00000000c001e748       0x3e
 .text._ZN18ThreadControlBlockC2Ev
                0x00000000c001e748       0x3e core/prcssthr.32
                0x00000000c001e748                ThreadControlBlock::ThreadControlBlock()
                0x00000000c001e748                ThreadControlBlock::ThreadControlBlock()

.text._ZN10LinkedListIV18ThreadControlBlockEC2Ev
                0x00000000c001e786       0x58
 .text._ZN10LinkedListIV18ThreadControlBlockEC2Ev
                0x00000000c001e786       0x58 core/prcssthr.32
                0x00000000c001e786                LinkedList<ThreadControlBlock volatile>::LinkedList()
                0x00000000c001e786                LinkedList<ThreadControlBlock volatile>::LinkedList()

.text._ZN10LinkedListIV18ThreadControlBlockE10addElementEPS1_
                0x00000000c001e7de       0xd3
 .text._ZN10LinkedListIV18ThreadControlBlockE10addElementEPS1_
                0x00000000c001e7de       0xd3 core/prcssthr.32
                0x00000000c001e7de                LinkedList<ThreadControlBlock volatile>::addElement(ThreadControlBlock volatile*)

.text._ZN10LinkedListIV18ThreadControlBlockE7isEmptyEv
                0x00000000c001e8b2       0x1c
 .text._ZN10LinkedListIV18ThreadControlBlockE7isEmptyEv
                0x00000000c001e8b2       0x1c core/prcssthr.32
                0x00000000c001e8b2                LinkedList<ThreadControlBlock volatile>::isEmpty()

.text._ZN10LinkedListIV18ThreadControlBlockE11removeFirstEv
                0x00000000c001e8ce       0xae
 .text._ZN10LinkedListIV18ThreadControlBlockE11removeFirstEv
                0x00000000c001e8ce       0xae core/prcssthr.32
                0x00000000c001e8ce                LinkedList<ThreadControlBlock volatile>::removeFirst()

.text._ZN10LinkedListIV18ThreadControlBlockE15getFirstElementEv
                0x00000000c001e97c        0x7
 .text._ZN10LinkedListIV18ThreadControlBlockE15getFirstElementEv
                0x00000000c001e97c        0x7 core/prcssthr.32
                0x00000000c001e97c                LinkedList<ThreadControlBlock volatile>::getFirstElement()

.text._ZN10LinkedListIV18ThreadControlBlockE7getNextEPS1_
                0x00000000c001e984        0x8
 .text._ZN10LinkedListIV18ThreadControlBlockE7getNextEPS1_
                0x00000000c001e984        0x8 core/prcssthr.32
                0x00000000c001e984                LinkedList<ThreadControlBlock volatile>::getNext(ThreadControlBlock volatile*)

.text._ZN10LinkedListI8UnixFileED2Ev
                0x00000000c001e98c        0x2
 .text._ZN10LinkedListI8UnixFileED2Ev
                0x00000000c001e98c        0x2 core/unixfile.32
                0x00000000c001e98c                LinkedList<UnixFile>::~LinkedList()
                0x00000000c001e98c                LinkedList<UnixFile>::~LinkedList()

.text._ZN10LinkedListI8UnixFileEC2Ev
                0x00000000c001e98e       0x58
 .text._ZN10LinkedListI8UnixFileEC2Ev
                0x00000000c001e98e       0x58 core/unixfile.32
                0x00000000c001e98e                LinkedList<UnixFile>::LinkedList()
                0x00000000c001e98e                LinkedList<UnixFile>::LinkedList()

.text._ZN10LinkedListI8UnixFileE15getFirstElementEv
                0x00000000c001e9e6        0x7
 .text._ZN10LinkedListI8UnixFileE15getFirstElementEv
                0x00000000c001e9e6        0x7 core/unixfile.32
                0x00000000c001e9e6                LinkedList<UnixFile>::getFirstElement()

.text._ZN10LinkedListI8UnixFileE11removeFirstEv
                0x00000000c001e9ee       0xa1
 .text._ZN10LinkedListI8UnixFileE11removeFirstEv
                0x00000000c001e9ee       0xa1 core/unixfile.32
                0x00000000c001e9ee                LinkedList<UnixFile>::removeFirst()

.text._ZN10LinkedListI8UnixFileE7getNextEPS0_
                0x00000000c001ea90        0x8
 .text._ZN10LinkedListI8UnixFileE7getNextEPS0_
                0x00000000c001ea90        0x8 core/unixfile.32
                0x00000000c001ea90                LinkedList<UnixFile>::getNext(UnixFile*)

.text._ZN10LinkedListI8UnixFileE10addElementEPS0_
                0x00000000c001ea98      0x130
 .text._ZN10LinkedListI8UnixFileE10addElementEPS0_
                0x00000000c001ea98      0x130 core/unixfile.32
                0x00000000c001ea98                LinkedList<UnixFile>::addElement(UnixFile*)

.text._ZN16DriverlessDeviceD2Ev
                0x00000000c001ebc8       0x1a
 .text._ZN16DriverlessDeviceD2Ev
                0x00000000c001ebc8       0x1a hal/device.32
                0x00000000c001ebc8                DriverlessDevice::~DriverlessDevice()
                0x00000000c001ebc8                DriverlessDevice::~DriverlessDevice()

.text._ZN16DriverlessDeviceD0Ev
                0x00000000c001ebe2       0x2a
 .text._ZN16DriverlessDeviceD0Ev
                0x00000000c001ebe2       0x2a hal/device.32
                0x00000000c001ebe2                DriverlessDevice::~DriverlessDevice()

.text._ZN10LinkedListI6DeviceE10addElementEPS0_
                0x00000000c001ec0c       0xdc
 .text._ZN10LinkedListI6DeviceE10addElementEPS0_
                0x00000000c001ec0c       0xdc hal/device.32
                0x00000000c001ec0c                LinkedList<Device>::addElement(Device*)

.text._ZN10LinkedListI6DeviceEC2Ev
                0x00000000c001ece8       0x58
 .text._ZN10LinkedListI6DeviceEC2Ev
                0x00000000c001ece8       0x58 hal/device.32
                0x00000000c001ece8                LinkedList<Device>::LinkedList()
                0x00000000c001ece8                LinkedList<Device>::LinkedList()

.text._ZN3CPU7readDR0Ev
                0x00000000c001ed40       0x12
 .text._ZN3CPU7readDR0Ev
                0x00000000c001ed40       0x12 hal/intctrl.32
                0x00000000c001ed40                CPU::readDR0()

.text._ZN3CPU7readDR1Ev
                0x00000000c001ed52       0x12
 .text._ZN3CPU7readDR1Ev
                0x00000000c001ed52       0x12 hal/intctrl.32
                0x00000000c001ed52                CPU::readDR1()

.text._ZN3CPU7readDR2Ev
                0x00000000c001ed64       0x12
 .text._ZN3CPU7readDR2Ev
                0x00000000c001ed64       0x12 hal/intctrl.32
                0x00000000c001ed64                CPU::readDR2()

.text._ZN3CPU7readDR3Ev
                0x00000000c001ed76       0x12
 .text._ZN3CPU7readDR3Ev
                0x00000000c001ed76       0x12 hal/intctrl.32
                0x00000000c001ed76                CPU::readDR3()

.text._ZN3CPU7readDR6Ev
                0x00000000c001ed88       0x12
 .text._ZN3CPU7readDR6Ev
                0x00000000c001ed88       0x12 hal/intctrl.32
                0x00000000c001ed88                CPU::readDR6()

.text._ZN3CPU7readDR7Ev
                0x00000000c001ed9a       0x12
 .text._ZN3CPU7readDR7Ev
                0x00000000c001ed9a       0x12 hal/intctrl.32
                0x00000000c001ed9a                CPU::readDR7()

.text._ZN4ACPID2Ev
                0x00000000c001edac       0x23
 .text._ZN4ACPID2Ev
                0x00000000c001edac       0x23 hw/acpi.32
                0x00000000c001edac                ACPI::~ACPI()
                0x00000000c001edac                ACPI::~ACPI()

.text._ZN4ACPID0Ev
                0x00000000c001edd0       0x2a
 .text._ZN4ACPID0Ev
                0x00000000c001edd0       0x2a hw/acpi.32
                0x00000000c001edd0                ACPI::~ACPI()

.text._ZN3CPUD2Ev
                0x00000000c001edfa       0x23
 .text._ZN3CPUD2Ev
                0x00000000c001edfa       0x23 hw/cpu.32
                0x00000000c001edfa                CPU::~CPU()
                0x00000000c001edfa                CPU::~CPU()

.text._ZN3CPUD0Ev
                0x00000000c001ee1e       0x2a
 .text._ZN3CPUD0Ev
                0x00000000c001ee1e       0x2a hw/cpu.32
                0x00000000c001ee1e                CPU::~CPU()

.text._ZN3CPU8writeDR7Em
                0x00000000c001ee48        0x9
 .text._ZN3CPU8writeDR7Em
                0x00000000c001ee48        0x9 hw/cpu.32
                0x00000000c001ee48                CPU::writeDR7(unsigned long)

.text._ZN3CPU8writeCR4Em
                0x00000000c001ee51        0x9
 .text._ZN3CPU8writeCR4Em
                0x00000000c001ee51        0x9 hw/cpu.32
                0x00000000c001ee51                CPU::writeCR4(unsigned long)

.text._ZN3PCID2Ev
                0x00000000c001ee5a       0x23
 .text._ZN3PCID2Ev
                0x00000000c001ee5a       0x23 hw/bus/pci.32
                0x00000000c001ee5a                PCI::~PCI()