Archive member included to satisfy reference by file (symbol)

/cygdrive/d/Users/Alex/Desktop/Toolchain/Output/bin/../lib/gcc/i386-banana/8.1.0/libkgcc.a(_divdi3.o)
                              krnl/resolve.32 (__divdi3)
/cygdrive/d/Users/Alex/Desktop/Toolchain/Output/bin/../lib/gcc/i386-banana/8.1.0/libkgcc.a(_moddi3.o)
                              krnl/resolve.32 (__moddi3)
/cygdrive/d/Users/Alex/Desktop/Toolchain/Output/bin/../lib/gcc/i386-banana/8.1.0/libkgcc.a(_udivdi3.o)
                              hal/clock.32 (__udivdi3)
/cygdrive/d/Users/Alex/Desktop/Toolchain/Output/bin/../lib/gcc/i386-banana/8.1.0/libkgcc.a(_umoddi3.o)
                              core/pipe.32 (__umoddi3)

Allocating common symbols
Common symbol       size              file

dcache              0x40              fs/iso9660/iso9660.32
cdDriveLetter       0x1               fs/iso9660/iso9660.32
icache              0x40              fs/iso9660/iso9660.32

Discarded input sections

 .comment       0x0000000000000000       0x12 /cygdrive/d/Users/Alex/Desktop/Toolchain/Output/bin/../lib/gcc/i386-banana/8.1.0/crtbegin.o
 .comment       0x0000000000000000       0x12 acpica/utclib.32
 .comment       0x0000000000000000       0x12 core/malloc.32
 .comment       0x0000000000000000       0x12 libk/ctype.32
 .comment       0x0000000000000000       0x12 libk/string.32
 .comment       0x0000000000000000       0x12 fs/fat/diskio.32
 .comment       0x0000000000000000       0x12 fs/fat/ff.32
 .comment       0x0000000000000000       0x12 fs/fat/ffsystem.32
 .comment       0x0000000000000000       0x12 fs/fat/ffunicode.32
 .comment       0x0000000000000000       0x12 fs/iso9660/iso9660.32
 .group         0x0000000000000000       0x14 core/computer.32
 .group         0x0000000000000000        0xc core/computer.32
 .comment       0x0000000000000000       0x12 core/computer.32
 .comment       0x0000000000000000       0x12 core/gdt.32
 .group         0x0000000000000000        0xc core/idle.32
 .comment       0x0000000000000000       0x12 core/idle.32
 .comment       0x0000000000000000       0x12 core/idt.32
 .comment       0x0000000000000000       0x12 core/kheap.32
 .comment       0x0000000000000000       0x12 core/main.32
 .comment       0x0000000000000000       0x12 core/physmgr.32
 .group         0x0000000000000000        0xc core/pipe.32
 .comment       0x0000000000000000       0x12 core/pipe.32
 .group         0x0000000000000000        0xc core/terminal.32
 .comment       0x0000000000000000       0x12 core/terminal.32
 .comment       0x0000000000000000       0x12 core/tss.32
 .group         0x0000000000000000        0x8 core/unixfile.32
 .group         0x0000000000000000        0x8 core/unixfile.32
 .group         0x0000000000000000        0xc core/unixfile.32
 .group         0x0000000000000000        0x8 core/unixfile.32
 .group         0x0000000000000000        0xc core/unixfile.32
 .group         0x0000000000000000        0x8 core/unixfile.32
 .group         0x0000000000000000        0xc core/unixfile.32
 .group         0x0000000000000000        0xc core/unixfile.32
 .comment       0x0000000000000000       0x12 core/unixfile.32
 .comment       0x0000000000000000       0x12 core/virtmgr.32
 .comment       0x0000000000000000       0x12 coreobjs/c++.32
 .comment       0x0000000000000000       0x12 dbg/kconsole.32
 .group         0x0000000000000000        0xc fs/vfs.32
 .group         0x0000000000000000        0xc fs/vfs.32
 .group         0x0000000000000000        0xc fs/vfs.32
 .comment       0x0000000000000000       0x12 fs/vfs.32
 .group         0x0000000000000000        0xc hal/bus.32
 .comment       0x0000000000000000       0x12 hal/bus.32
 .comment       0x0000000000000000       0x12 hal/buzzer.32
 .group         0x0000000000000000        0xc hal/clock.32
 .comment       0x0000000000000000       0x12 hal/clock.32
 .group         0x0000000000000000       0x14 hal/device.32
 .group         0x0000000000000000        0xc hal/device.32
 .group         0x0000000000000000        0x8 hal/device.32
 .group         0x0000000000000000        0xc hal/device.32
 .group         0x0000000000000000        0xc hal/device.32
 .comment       0x0000000000000000       0x12 hal/device.32
 .group         0x0000000000000000        0xc hal/diskctrl.32
 .comment       0x0000000000000000       0x12 hal/diskctrl.32
 .group         0x0000000000000000        0xc hal/diskphys.32
 .comment       0x0000000000000000       0x12 hal/diskphys.32
 .comment       0x0000000000000000       0x12 hal/fpu.32
 .comment       0x0000000000000000       0x12 hal/intctrl.32
 .group         0x0000000000000000        0xc hal/keybrd.32
 .comment       0x0000000000000000       0x12 hal/keybrd.32
 .group         0x0000000000000000        0xc hal/logidisk.32
 .comment       0x0000000000000000       0x12 hal/logidisk.32
 .group         0x0000000000000000        0xc hal/mouse.32
 .comment       0x0000000000000000       0x12 hal/mouse.32
[...]
Memory Configuration

Name             Origin             Length             Attributes
*default*        0x0000000000000000 0xffffffffffffffff

Linker script and memory map

LOAD D:/Users/Alex/Desktop/Banana/kernel/boot.32
LOAD crti.32
LOAD /cygdrive/d/Users/Alex/Desktop/Toolchain/Output/bin/../lib/gcc/i386-banana/8.1.0/crtbegin.o
LOAD D:/Users/Alex/Desktop/Banana/kernel/morenasm.32
LOAD acpica/utclib.32
LOAD core/malloc.32
LOAD libk/ctype.32
LOAD libk/string.32
LOAD fs/fat/diskio.32
LOAD fs/fat/ff.32
LOAD fs/fat/ffsystem.32
LOAD fs/fat/ffunicode.32
LOAD fs/iso9660/iso9660.32
LOAD core/computer.32
LOAD core/gdt.32
LOAD core/idle.32
LOAD core/idt.32
LOAD core/kheap.32
LOAD core/main.32
LOAD core/physmgr.32
LOAD core/pipe.32
LOAD core/terminal.32
LOAD core/tss.32
LOAD core/unixfile.32
LOAD core/virtmgr.32
LOAD coreobjs/c++.32
LOAD dbg/kconsole.32
LOAD fs/vfs.32
LOAD hal/bus.32
LOAD hal/buzzer.32
LOAD hal/clock.32
LOAD hal/device.32
LOAD hal/diskctrl.32
LOAD hal/diskphys.32
LOAD hal/fpu.32
LOAD hal/intctrl.32
LOAD hal/keybrd.32
LOAD hal/logidisk.32
LOAD hal/mouse.32
LOAD hal/partition.32
LOAD hal/serial.32
LOAD hal/timer.32
LOAD hal/vcache.32
LOAD hal/video.32
LOAD hw/acpi.32
LOAD hw/cpu.32
LOAD krnl/bootmsg.32
LOAD krnl/env.32
LOAD krnl/inlines.32
LOAD krnl/panic.32
LOAD krnl/powctrl.32
LOAD krnl/resolve.32
LOAD krnl/signal.32
LOAD krnl/syscalls.32
LOAD reg/registry.32
LOAD sys/eject.32
LOAD sys/exit.32
LOAD sys/getcwd.32
LOAD sys/getpid.32
LOAD sys/getramdata.32
LOAD sys/getvgaptr.32
LOAD sys/loaddll.32
LOAD sys/read.32
LOAD sys/registersignal.32
LOAD sys/sbrk.32
LOAD sys/setcwd.32
LOAD sys/settime.32
LOAD sys/timezone.32
LOAD sys/write.32
LOAD sys/wsbe.32
LOAD sys/yield.32
LOAD thr/elf.32
LOAD thr/prcssthr.32
LOAD vm86/vm8086.32
LOAD arch/i386/hal.32
LOAD arch/i386/pic.32
LOAD arch/i386/rtc.32
LOAD arch/i386/vga.32
LOAD fs/fat/vfslink.32
LOAD fs/iso9660/helper.32
LOAD fs/iso9660/vfslink.32
LOAD hal/sound/sndcard.32
LOAD hal/sound/sndport.32
LOAD hw/bus/isa.32
LOAD hw/bus/pci.32
LOAD hw/diskctrl/ide.32
LOAD hw/diskctrl/satabus.32
LOAD hw/diskphys/ata.32
LOAD hw/diskphys/atapi.32
LOAD hw/diskphys/sata.32
LOAD hw/diskphys/satapi.32
LOAD hw/intctrl/apic.32
LOAD hw/timer/apictimer.32
LOAD hw/timer/pit.32
LOAD arch/i386/avx.32
LOAD arch/i386/interrupt.32
LOAD arch/i386/rdrand.32
LOAD arch/i386/sse.32
LOAD arch/i386/x87.32
LOAD /cygdrive/d/Users/Alex/Desktop/Toolchain/Output/bin/../lib/gcc/i386-banana/8.1.0/crtend.o
LOAD crtn.32
LOAD /cygdrive/d/Users/Alex/Desktop/Toolchain/Output/bin/../lib/gcc/i386-banana/8.1.0/libkgcc.a
LOAD D:/Users/Alex/Desktop/Banana/kernel/libsoftfp.a
LOAD D:/Users/Alex/Desktop/Banana/kernel/libk/libm32.a
                0x00000000c0000000                . = 0xc0000000

.text           0x00000000c0000000    0x1cb3a
 *(.text)
 .text          0x00000000c0000000       0x20 D:/Users/Alex/Desktop/Banana/kernel/boot.32
 .text          0x00000000c0000020        0x0 crti.32
 .text          0x00000000c0000020      0x101 /cygdrive/d/Users/Alex/Desktop/Toolchain/Output/bin/../lib/gcc/i386-banana/8.1.0/crtbegin.o
 *fill*         0x00000000c0000121        0xf 
 .text          0x00000000c0000130      0x252 D:/Users/Alex/Desktop/Banana/kernel/morenasm.32
                0x00000000c0000130                manualPCIProbe
                0x00000000c000017b                prepareTramp
                0x00000000c0000194                doTPAUSE
                0x00000000c000019e                hasLegacyFPU
                0x00000000c00001c3                is486
                0x00000000c00001f9                detectCPUID
                0x00000000c000020f                goToVM86
                0x00000000c000023f                goToUsermode
                0x00000000c0000269                switchToThreadASMFirstTime
                0x00000000c0000277                switchToThreadASM
                0x00000000c00002ff                asmQuickAcquireLock
                0x00000000c000031d                asmQuickReleaseLock
                0x00000000c0000329                asmAcquireLock
                0x00000000c000034a                asmReleaseLock
                0x00000000c000035d                loadGDT
                0x00000000c000037d                memcpy
 *fill*         0x00000000c0000382        0xe 
 .text          0x00000000c0000390      0x79e acpica/utclib.32
                0x00000000c0000390                memcmp
                0x00000000c00003e0                memmove
                0x00000000c00004d0                memset
                0x00000000c0000540                strlen
                0x00000000c0000570                strpbrk
                0x00000000c00005b0                strtok
                0x00000000c0000600                strcpy
                0x00000000c0000630                strncpy
                0x00000000c00006e0                strcmp
                0x00000000c0000730                strchr
                0x00000000c0000760                strncmp
                0x00000000c00007c0                strcat
                0x00000000c00007f0                strncat
                0x00000000c0000850                strstr
                0x00000000c00008b0                toupper
                0x00000000c00008d0                tolower
                0x00000000c00008f0                simple_strtoul
 .text          0x00000000c0000b2e      0xfad core/malloc.32
                0x00000000c0000c99                dlfree
                0x00000000c0000ff4                dlmalloc
                0x00000000c0001531                dlrealloc
                0x00000000c00016d4                dlmemalign
                0x00000000c00017f7                dlcalloc
                0x00000000c0001891                dlcfree
                0x00000000c0001896                dlindependent_calloc
                0x00000000c00018bb                dlindependent_comalloc
                0x00000000c00018d2                dlvalloc
                0x00000000c00018fd                dlpvalloc
                0x00000000c0001933                dlmalloc_trim
                0x00000000c0001940                dlmalloc_usable_size
                0x00000000c0001971                dlmallinfo
                0x00000000c0001a40                dlmalloc_stats
                0x00000000c0001a51                dlmallopt
 *fill*         0x00000000c0001adb        0x1 
 .text          0x00000000c0001adc      0x1f2 libk/ctype.32
                0x00000000c0001adc                isblank
                0x00000000c0001afc                iscntrl
                0x00000000c0001b1c                isdigit
                0x00000000c0001b38                islower
                0x00000000c0001b54                isspace
                0x00000000c0001b7c                isupper
                0x00000000c0001b98                isalpha
                0x00000000c0001bc8                isalnum
                0x00000000c0001bf8                ispunct
                0x00000000c0001c38                isgraph
                0x00000000c0001c68                isprint
                0x00000000c0001c90                isxdigit
 .text          0x00000000c0001cce        0x0 libk/string.32
 .text          0x00000000c0001cce       0x51 fs/fat/diskio.32
                0x00000000c0001cce                disk_status
                0x00000000c0001cd1                disk_initialize
                0x00000000c0001cd4                disk_read
                0x00000000c0001cea                disk_write
                0x00000000c0001d00                disk_ioctl
 .text          0x00000000c0001d1f     0x3d4b fs/fat/ff.32
                0x00000000c0003abb                f_mount
                0x00000000c0003b1d                f_open
                0x00000000c0003de8                f_read
                0x00000000c0003fe7                f_write
                0x00000000c000421b                f_sync
                0x00000000c00042d0                f_close
                0x00000000c00042ff                f_lseek
                0x00000000c00044a6                f_opendir
                0x00000000c0004571                f_closedir
                0x00000000c0004593                f_readdir
                0x00000000c0004625                f_stat
                0x00000000c00046a4                f_getfree
                0x00000000c00047a6                f_truncate
                0x00000000c000488a                f_unlink
                0x00000000c00049ac                f_mkdir
                0x00000000c0004b47                f_rename
                0x00000000c0004cfd                f_chmod
                0x00000000c0004da6                f_utime
                0x00000000c0004e54                f_getlabel
                0x00000000c0004fa5                f_setlabel
                0x00000000c0005135                f_expand
                0x00000000c0005295                f_mkfs
 *fill*         0x00000000c0005a6a        0x2 
 .text          0x00000000c0005a6c       0x2f fs/fat/ffsystem.32
                0x00000000c0005a6c                ff_memalloc
                0x00000000c0005a84                ff_memfree
 *fill*         0x00000000c0005a9b        0x1 
 .text          0x00000000c0005a9c      0x2a8 fs/fat/ffunicode.32
                0x00000000c0005a9c                ff_uni2oem
                0x00000000c0005b3c                ff_oem2uni
                0x00000000c0005bb4                ff_wtoupper
 .text          0x00000000c0005d44      0xcdc fs/iso9660/iso9660.32
                0x00000000c0005f63                isoReadDiscSector
                0x00000000c0005ffe                strnicmp
                0x00000000c00062b1                stricmp
                0x00000000c00062fd                iso_open
                0x00000000c0006387                iso_close
                0x00000000c00063a5                iso_read
                0x00000000c00064bb                iso_seek
                0x00000000c000653f                iso_tell
                0x00000000c0006570                iso_total
                0x00000000c000659b                fn_postprocess
                0x00000000c00065c1                iso_readdir
                0x00000000c0006818                iso_reset
                0x00000000c0006825                init_percd
                0x00000000c000691f                iso_ioctl
                0x00000000c0006927                fs_iso9660_init
                0x00000000c00069b0                fs_iso9660_shutdown
 .text          0x00000000c0006a20      0x685 core/computer.32
                0x00000000c0006a20                Computer::close(int, int, void*)
                0x00000000c0006a65                Krnl::firstTask()
                0x00000000c0006b98                Computer::Computer()
                0x00000000c0006b98                Computer::Computer()
                0x00000000c0006c4a                Computer::setBootMessage(char const*)
                0x00000000c0006c4c                Computer::detectFeatures()
                0x00000000c0006e56                Computer::displayFeatures()
                0x00000000c0006e58                Computer::rdmsr(unsigned int)
                0x00000000c0006e84                Computer::wrmsr(unsigned int, unsigned long long)
                0x00000000c0006ebc                Computer::shutdown()
                0x00000000c0006ed4                Computer::restart()
                0x00000000c0006eec                Computer::sleep()
                0x00000000c0006f00                Computer::nmiEnabled()
                0x00000000c0006f0c                Computer::readCMOS(unsigned char)
                0x00000000c0006f26                Computer::enableNMI(bool)
                0x00000000c0006f3e                Computer::open(int, int, void*)
                0x00000000c0007012                Computer::disableNMI()
                0x00000000c0007022                Computer::writeCMOS(unsigned char, unsigned char)
                0x00000000c0007040                Computer::handleNMI()
 *fill*         0x00000000c00070a5        0x1 
 .text          0x00000000c00070a6      0x1cf core/gdt.32
                0x00000000c00070a6                GDTEntry::setBase(unsigned int)
                0x00000000c00070c2                GDTEntry::setLimit(unsigned int)
                0x00000000c00070e0                GDT::GDT()
                0x00000000c00070e0                GDT::GDT()
                0x00000000c00070f6                GDT::addEntry(GDTEntry)
                0x00000000c0007118                GDT::getNumberOfEntries()
                0x00000000c0007120                GDT::flush()
                0x00000000c0007142                GDT::setup()
 .text          0x00000000c0007275       0x1d core/idle.32
                0x00000000c0007275                idleFunction(void*)
 *fill*         0x00000000c0007292        0x2 
 .text          0x00000000c0007294      0x464 core/idt.32
                0x00000000c0007294                IDTEntry::IDTEntry(bool)
                0x00000000c0007294                IDTEntry::IDTEntry(bool)
                0x00000000c0007306                IDTEntry::setOffset(unsigned int)
                0x00000000c000731c                IDT::IDT()
                0x00000000c000731c                IDT::IDT()
                0x00000000c000731e                IDT::getPointerToInvalidOpcodeEntryForF00F()
                0x00000000c0007326                IDT::addEntry(IDTEntry, int)
                0x00000000c0007340                IDT::addEntry(int, void (*)(), bool)
                0x00000000c0007378                IDT::flush()
                0x00000000c0007392                IDT::setup()
 .text          0x00000000c00076f8      0x183 core/kheap.32
                0x00000000c00076f8                sbrk
                0x00000000c000778d                mmap
                0x00000000c00077a3                munmap
                0x00000000c00077b9                liballoc_lock()
                0x00000000c00077c6                liballoc_unlock()
                0x00000000c00077da                liballoc_alloc(int)
                0x00000000c00077f2                liballoc_free(void*, int)
                0x00000000c000780d                realloc
                0x00000000c0007821                malloc
                0x00000000c0007831                free
                0x00000000c0007841                rfree
                0x00000000c0007851                calloc
 .text          0x00000000c000787b       0xc3 core/main.32
                0x00000000c000787b                KeEntryPoint
 .text          0x00000000c000793e      0x5dc core/physmgr.32
                0x00000000c000793e                Phys::allocateDMA(unsigned long)
                0x00000000c0007a15                Phys::freeDMA(unsigned long, unsigned long)
                0x00000000c0007a48                Phys::setPageState(unsigned long, bool)
                0x00000000c0007a7a                Phys::getPageState(unsigned long)
                0x00000000c0007a9b                Phys::freePage(unsigned long)
                0x00000000c0007afd                Phys::allocatePage()
                0x00000000c0007bbb                Phys::allocateContiguousPages(int)
                0x00000000c0007c17                Phys::allowSegmentToBeUsed(unsigned long, unsigned long)
                0x00000000c0007c4f                Phys::physicalMemorySetup(unsigned int)
 .text          0x00000000c0007f1a      0x273 core/pipe.32
                0x00000000c0007f1a                Pipe::isAtty()
                0x00000000c0007f1e                Pipe::~Pipe()
                0x00000000c0007f1e                Pipe::~Pipe()
                0x00000000c0007f42                Pipe::~Pipe()
                0x00000000c0007f6a                Pipe::write(unsigned long long, void*, int*)
                0x00000000c000802a                Pipe::read(unsigned long long, void*, int*)
                0x00000000c0008126                Pipe::Pipe(int)
                0x00000000c0008126                Pipe::Pipe(int)
 *fill*         0x00000000c000818d        0x1 
 .text          0x00000000c000818e      0xab2 core/terminal.32
                0x00000000c000818e                VgaText::isAtty()
                0x00000000c0008192                VgaText::~VgaText()
                0x00000000c0008192                VgaText::~VgaText()
                0x00000000c00081b6                VgaText::~VgaText()
                0x00000000c00081e0                VgaText::read(unsigned long long, void*, int*)
                0x00000000c0008200                setTerminalScrollLock(bool)
                0x00000000c0008201                doTerminalCycle()
                0x00000000c0008202                addToTerminalCycle(VgaText*)
                0x00000000c0008203                scrollTerminalScrollLock(int)
                0x00000000c0008204                VgaText::updateTitle()
                0x00000000c0008206                VgaText::load()
                0x00000000c0008208                VgaText::updateCursor()
                0x00000000c000821e                VgaText::doANSI_SGR(int)
                0x00000000c0008292                VgaText::setDefaultBgColour(VgaColour)
                0x00000000c00082a2                VgaText::setDefaultFgColour(VgaColour)
                0x00000000c00082b2                VgaText::setDefaultColours(VgaColour, VgaColour)
                0x00000000c00082d2                VgaText::setTitleTextColour(VgaColour)
                0x00000000c00082de                VgaText::setTitleColour(VgaColour)
                0x00000000c00082ea                VgaText::setTitle(char*)
                0x00000000c00082ec                VgaText::combineColours(unsigned char, unsigned char)
                0x00000000c00082fe                VgaText::scrollScreen()
                0x00000000c0008396                VgaText::combineCharAndColour(char, unsigned char)
                0x00000000c00083a8                VgaText::writeCharacter(char, VgaColour, VgaColour, int, int)
                0x00000000c0008438                VgaText::getCursorX()
                0x00000000c0008440                VgaText::getCursorY()
                0x00000000c0008448                VgaText::setCursor(int, int)
                0x00000000c000845f                setActiveTerminal(VgaText*)
                0x00000000c00084aa                VgaText::clearScreen()
                0x00000000c00084f8                VgaText::setCursorX(int)
                0x00000000c0008510                VgaText::setCursorY(int)
                0x00000000c0008528                VgaText::incrementCursor(bool)
                0x00000000c000857c                VgaText::decrementCursor(bool)
                0x00000000c000859e                VgaText::putchar(char, VgaColour, VgaColour)
                0x00000000c000866c                VgaText::putchar(char)
                0x00000000c0008758                VgaText::putx(unsigned int)
                0x00000000c000879e                VgaText::puts(char const*)
                0x00000000c00087c4                VgaText::write(unsigned long long, void*, int*)
                0x00000000c0008810                VgaText::puts(char const*, VgaColour, VgaColour)
                0x00000000c0008962                VgaText::VgaText(char const*)
                0x00000000c0008962                VgaText::VgaText(char const*)
                0x00000000c0008ab2                VgaText::receiveKey(unsigned char)
                0x00000000c0008c1a                VgaText::doUpdate()
                0x00000000c0008c1b                newTerminal(char*)
 .text          0x00000000c0008c40      0x1a1 core/tss.32
                0x00000000c0008c40                TSS::TSS()
                0x00000000c0008c40                TSS::TSS()
                0x00000000c0008c50                TSS::setESP(unsigned long)
                0x00000000c0008c64                TSS::flush()
                0x00000000c0008c84                TSS::setup(unsigned long, unsigned long)
 *fill*         0x00000000c0008de1        0x1 
 .text          0x00000000c0008de2      0x4c2 core/unixfile.32
                0x00000000c0008de2                ReservedFilename::read(unsigned long long, void*, int*)
                0x00000000c0008e38                ReservedFilename::isAtty()
                0x00000000c0008e54                ReservedFilename::write(unsigned long long, void*, int*)
                0x00000000c0008eb2                UnixFile::getFileDescriptor()
                0x00000000c0008eba                UnixFile::UnixFile(int)
                0x00000000c0008eba                UnixFile::UnixFile(int)
                0x00000000c000906a                ReservedFilename::ReservedFilename(int)
                0x00000000c000906a                ReservedFilename::ReservedFilename(int)
                0x00000000c000909c                UnixFile::~UnixFile()
                0x00000000c000909c                UnixFile::~UnixFile()
                0x00000000c0009134                UnixFile::~UnixFile()
                0x00000000c000915c                ReservedFilename::~ReservedFilename()
                0x00000000c000915c                ReservedFilename::~ReservedFilename()
                0x00000000c0009180                ReservedFilename::~ReservedFilename()
                0x00000000c00091a7                getFromFileDescriptor(int)
 .text          0x00000000c00092a4     0x11d0 core/virtmgr.32
                0x00000000c00092a4                Virt::setPageState(unsigned long, Virt::VirtPageState)
                0x00000000c00092d9                Virt::getPageState(unsigned long)
                0x00000000c00092fd                Virt::allocateKernelVirtualPages(int)
                0x00000000c000940e                Virt::freeSwapfilePage(unsigned long)
                0x00000000c000942c                Virt::swapIDToSector(unsigned long)
                0x00000000c000943e                Virt::allocateSwapfilePage()
                0x00000000c00094bc                Virt::virtualMemorySetup()
                0x00000000c0009507                Virt::setupPageSwapping(int)
                0x00000000c0009578                VAS::VAS(VAS*)
                0x00000000c0009578                VAS::VAS(VAS*)
                0x00000000c00095a6                VAS::getForeignPageTableEntry(bool, unsigned long)
                0x00000000c00095d2                VAS::getPageTableEntry(unsigned long)
                0x00000000c00095f1                Virt::freeKernelVirtualPages(unsigned long)
                0x00000000c0009716                VAS::freeAllocatedPages(unsigned long)
                0x00000000c000973a                VAS::virtualToPhysical(unsigned long)
                0x00000000c0009754                VAS::reflagRange(unsigned long, int, int, int)
                0x00000000c0009794                VAS::VAS()
                0x00000000c0009794                VAS::VAS()
                0x00000000c00097fe                VAS::setToWriteCombining(unsigned long, int)
                0x00000000c0009832                VAS::mapOtherVASIn(bool, VAS*)
                0x00000000c000985c                VAS::~VAS()
                0x00000000c000985c                VAS::~VAS()
                0x00000000c00099c0                VAS::mapPage(unsigned long, unsigned long, int)
                0x00000000c0009ac4                VAS::allocatePages(int, int)
                0x00000000c0009c9c                VAS::setCPUSpecific(unsigned long)
                0x00000000c0009cba                VAS::mapRange(unsigned long, unsigned long, int, int)
                0x00000000c0009d80                VAS::mapForeignPage(bool, VAS*, unsigned long, unsigned long, int)
                0x00000000c0009e6e                VAS::VAS(bool)
                0x00000000c0009e6e                VAS::VAS(bool)
                0x00000000c000a0ee                VAS::evict(unsigned long)
                0x00000000c000a1b0                VAS::tryLoadBackOffDisk(unsigned long)
                0x00000000c000a29e                VAS::scanForEviction()
                0x00000000c000a37e                mapVASFirstTime
 .text          0x00000000c000a474       0x5f coreobjs/c++.32
                0x00000000c000a474                __cxa_atexit
                0x00000000c000a477                __cxa_finalize
                0x00000000c000a478                __stack_chk_fail
                0x00000000c000a4ae                __cxa_pure_virtual
                0x00000000c000a4bf                operator new[](unsigned long)
                0x00000000c000a4c4                operator delete(void*, unsigned long)
                0x00000000c000a4c9                operator delete[](void*)
                0x00000000c000a4ce                operator delete[](void*, unsigned long)
 .text          0x00000000c000a4d3      0x21c dbg/kconsole.32
                0x00000000c000a4d3                Dbg::stringifyxWithBase(unsigned int, char*, int)
                0x00000000c000a53e                Dbg::logc(char)
                0x00000000c000a55e                Dbg::logs(char*)
                0x00000000c000a57b                Dbg::logWriteInt(unsigned int)
                0x00000000c000a599                Dbg::logWriteIntBase(unsigned int, int)
                0x00000000c000a5ba                Dbg::kprintf(char const*, ...)
 *fill*         0x00000000c000a6ef        0x1 
 .text          0x00000000c000a6f0      0xc5c fs/vfs.32
                0x00000000c000a6f0                File::read(unsigned long long, void*, int*)
                0x00000000c000a748                File::write(unsigned long long, void*, int*)
                0x00000000c000a7a0                Directory::read(unsigned long long, void*, int*)
                0x00000000c000a7f8                Directory::write(unsigned long long, void*, int*)
                0x00000000c000a826                File::isAtty()
                0x00000000c000a82a                Directory::isAtty()
                0x00000000c000a82e                Filesystem::getlabel(LogicalDisk*, int, char*, unsigned int*)
                0x00000000c000a834                Filesystem::setlabel(LogicalDisk*, int, char*)
                0x00000000c000a83a                Filesystem::allocateSwapfile(char const*, int)
                0x00000000c000a840                File::~File()
                0x00000000c000a840                File::~File()
                0x00000000c000a864                File::~File()
                0x00000000c000a88e                Directory::~Directory()
                0x00000000c000a88e                Directory::~Directory()
                0x00000000c000a8b2                Directory::~Directory()
                0x00000000c000a8dc                Filesystem::Filesystem()
                0x00000000c000a8dc                Filesystem::Filesystem()
                0x00000000c000a900                Filesystem::~Filesystem()
                0x00000000c000a900                Filesystem::~Filesystem()
                0x00000000c000a90e                Filesystem::~Filesystem()
                0x00000000c000a932                Fs::getcwd(Process*, char*, int)
                0x00000000c000a95c                Fs::initVFS()
                0x00000000c000a986                Fs::standardiseFiles(char*, char const*, char const*)
                0x00000000c000ab30                File::File(char const*, Process*)
                0x00000000c000ab30                File::File(char const*, Process*)
                0x00000000c000abf0                File::open(FileOpenMode)
                0x00000000c000ac4e                File::close()
                0x00000000c000acae                File::seek(unsigned long long)
                0x00000000c000ad04                File::tell(unsigned long long*)
                0x00000000c000ad54                File::rewind()
                0x00000000c000ad68                File::unlink()
                0x00000000c000adb4                File::rename(char const*)
                0x00000000c000ae02                File::chfatattr(unsigned char, unsigned char)
                0x00000000c000ae5e                File::exists()
                0x00000000c000ae9c                File::stat(unsigned long long*, bool*)
                0x00000000c000aefd                Fs::setcwd(Process*, char*)
                0x00000000c000b05a                Directory::Directory(char const*, Process*)
                0x00000000c000b05a                Directory::Directory(char const*, Process*)
                0x00000000c000b11a                Directory::open()
                0x00000000c000b176                Directory::close()
                0x00000000c000b1d6                Directory::unlink()
                0x00000000c000b222                Directory::rename(char const*)
                0x00000000c000b270                Directory::exists()
                0x00000000c000b2ae                Directory::read(dirent*)
                0x00000000c000b2fa                Directory::create()
                0x00000000c000b346                Filesystem::chfatattr(char const*, unsigned char, unsigned char)
 .text          0x00000000c000b34c       0x86 hal/bus.32
                0x00000000c000b34c                Bus::Bus(char const*)
                0x00000000c000b34c                Bus::Bus(char const*)
                0x00000000c000b384                Bus::~Bus()
                0x00000000c000b384                Bus::~Bus()
                0x00000000c000b3a8                Bus::~Bus()
 .text          0x00000000c000b3d2       0x96 hal/buzzer.32
                0x00000000c000b3d2                beepThread(void*)
                0x00000000c000b40f                Krnl::beep(int, int, bool)
 .text          0x00000000c000b468      0x46d hal/clock.32
                0x00000000c000b468                User::loadClockSettings(int)
                0x00000000c000b4ba                Clock::Clock(char const*)
                0x00000000c000b4ba                Clock::Clock(char const*)
                0x00000000c000b4f0                Clock::~Clock()
                0x00000000c000b4f0                Clock::~Clock()
                0x00000000c000b514                Clock::~Clock()
                0x00000000c000b53e                Clock::timeInSecondsLocal()
                0x00000000c000b586                Clock::setTimeInSecondsLocal(unsigned long long)
                0x00000000c000b5df                datetimeToSeconds(datetime_t)
                0x00000000c000b70c                Clock::setTimeInDatetimeLocal(datetime_t)
                0x00000000c000b76c                secondsToDatetime(unsigned long long)
                0x00000000c000b8b0                Clock::timeInDatetimeLocal()
 *fill*         0x00000000c000b8d5        0x1 
 .text          0x00000000c000b8d6      0x464 hal/device.32
                0x00000000c000b8d6                Device::hibernate()
                0x00000000c000b8d8                Device::wake()
                0x00000000c000b8da                Device::detect()
                0x00000000c000b8dc                Device::disableLegacy()
                0x00000000c000b8de                Device::powerSaving(PowerSavingLevel)
                0x00000000c000b8e0                DriverlessDevice::close(int, int, void*)
                0x00000000c000b8e4                DriverlessDevice::detect()
                0x00000000c000b8e6                DriverlessDevice::open(int, int, void*)
                0x00000000c000b8fa                Device::~Device()
                0x00000000c000b8fa                Device::~Device()
                0x00000000c000b908                Device::~Device()
                0x00000000c000b930                Device::findAndLoadDriver()
                0x00000000c000b93e                Device::preOpenPCI(PCIDeviceInfo)
                0x00000000c000b964                Device::preOpenACPI(void*, char*, char*)
                0x00000000c000b9a4                Device::addIRQHandler(int, void (*)(regs*, void*), bool, void*)
                0x00000000c000b9ce                Device::getParent()
                0x00000000c000b9da                Device::removeIRQHandler(int, void (*)(regs*, void*), bool)
                0x00000000c000b9f8                Device::addChild(Device*)
                0x00000000c000ba3c                Device::removeAllChildren()
                0x00000000c000ba82                Device::hibernateAll()
                0x00000000c000bab2                Device::wakeAll()
                0x00000000c000bae2                Device::detectAll()
                0x00000000c000bb12                Device::disableLegacyAll()
                0x00000000c000bb14                Device::loadDriversForAll()
                0x00000000c000bb16                Device::closeAll()
                0x00000000c000bb4c                Device::powerSavingAll(PowerSavingLevel)
                0x00000000c000bb82                Device::setName(char const*)
                0x00000000c000bb90                Device::Device(char const*)
                0x00000000c000bb90                Device::Device(char const*)
                0x00000000c000bc8c                Device::getName()
                0x00000000c000bc96                DriverlessDevice::DriverlessDevice(char const*)
                0x00000000c000bc96                DriverlessDevice::DriverlessDevice(char const*)
                0x00000000c000bccc                Device::addToLinkedList(LinkedList<Device>&, DeviceType)
                0x00000000c000bd10                getDevicesOfType(DeviceType)
 *fill*         0x00000000c000bd3a        0x2 
 .text          0x00000000c000bd3c       0x86 hal/diskctrl.32
                0x00000000c000bd3c                HardDiskController::HardDiskController(char const*)
                0x00000000c000bd3c                HardDiskController::HardDiskController(char const*)
                0x00000000c000bd74                HardDiskController::~HardDiskController()
                0x00000000c000bd74                HardDiskController::~HardDiskController()
                0x00000000c000bd98                HardDiskController::~HardDiskController()
 .text          0x00000000c000bdc2       0xe2 hal/diskphys.32
                0x00000000c000bdc2                PhysicalDisk::eject()
                0x00000000c000bdc6                PhysicalDisk::PhysicalDisk(char const*, int)
                0x00000000c000bdc6                PhysicalDisk::PhysicalDisk(char const*, int)
                0x00000000c000be2e                PhysicalDisk::startCache()
                0x00000000c000be56                PhysicalDisk::~PhysicalDisk()
                0x00000000c000be56                PhysicalDisk::~PhysicalDisk()
                0x00000000c000be7a                PhysicalDisk::~PhysicalDisk()
 .text          0x00000000c000bea4        0x0 hal/fpu.32
 .text          0x00000000c000bea4      0x35d hal/intctrl.32
                0x00000000c000bea4                int_handler
                0x00000000c000bf2c                installISRHandler(int, void (*)(regs*, void*), void*)
                0x00000000c000bf74                installIRQHandler(int, void (*)(regs*, void*), bool, void*)
                0x00000000c000c0ac                uninstallISRHandler(int, void (*)(regs*, void*))
                0x00000000c000c0e0                uninstallIRQHandler(int, void (*)(regs*, void*), bool)
                0x00000000c000c15f                setupINTS()
                0x00000000c000c1bc                convertLegacyIRQNumber(int)
 *fill*         0x00000000c000c201        0x1 
 .text          0x00000000c000c202      0x7bc hal/keybrd.32
                0x00000000c000c202                startGUI(void*)
                0x00000000c000c26e                startGUIVESA(void*)
                0x00000000c000c2da                sendKeyToTerminal(unsigned char)
                0x00000000c000c3a3                sendKeyboardToken(KeyboardToken)
                0x00000000c000c7e3                clearInternalKeybuffer(VgaText*)
                0x00000000c000c818                readKeyboard(VgaText*, char*, unsigned long)
                0x00000000c000c934                Keyboard::Keyboard(char const*)
                0x00000000c000c934                Keyboard::Keyboard(char const*)
                0x00000000c000c970                Keyboard::~Keyboard()
                0x00000000c000c970                Keyboard::~Keyboard()
                0x00000000c000c994                Keyboard::~Keyboard()
 .text          0x00000000c000c9be      0x3ea hal/logidisk.32
                0x00000000c000c9be                LogicalDisk::close(int, int, void*)
                0x00000000c000c9c2                LogicalDisk::~LogicalDisk()
                0x00000000c000c9c2                LogicalDisk::~LogicalDisk()
                0x00000000c000c9e6                LogicalDisk::~LogicalDisk()
                0x00000000c000ca10                LogicalDisk::open(int, int, void*)
                0x00000000c000ca24                LogicalDisk::absoluteToRelative(unsigned long long)
                0x00000000c000ca5c                LogicalDisk::relativeToAbsolute(unsigned long long)
                0x00000000c000caa2                LogicalDisk::LogicalDisk(char const*, PhysicalDisk*, unsigned long long, unsigned long long)
                0x00000000c000caa2                LogicalDisk::LogicalDisk(char const*, PhysicalDisk*, unsigned long long, unsigned long long)
                0x00000000c000cb58                LogicalDisk::assignDriveLetter()
                0x00000000c000cc0e                LogicalDisk::mount()
                0x00000000c000cc56                LogicalDisk::unmount()
                0x00000000c000cc66                LogicalDisk::eject()
                0x00000000c000cc7a                LogicalDisk::unassignDriveLetter()
                0x00000000c000ccd0                LogicalDisk::read(unsigned long long, int, void*)
                0x00000000c000cd3c                LogicalDisk::write(unsigned long long, int, void*)
 .text          0x00000000c000cda8       0x86 hal/mouse.32
                0x00000000c000cda8                Mouse::Mouse(char const*)
                0x00000000c000cda8                Mouse::Mouse(char const*)
                0x00000000c000cde0                Mouse::~Mouse()
                0x00000000c000cde0                Mouse::~Mouse()
                0x00000000c000ce04                Mouse::~Mouse()
 .text          0x00000000c000ce2e      0x339 hal/partition.32
                0x00000000c000ce2e                makePartition(PhysicalDisk*, unsigned long long, unsigned long long)
                0x00000000c000ced6                createPartitionsForDisk(PhysicalDisk*)
 *fill*         0x00000000c000d167        0x1 
 .text          0x00000000c000d168       0x86 hal/serial.32
                0x00000000c000d168                Serial::Serial(char const*)
                0x00000000c000d168                Serial::Serial(char const*)
                0x00000000c000d1a0                Serial::~Serial()
                0x00000000c000d1a0                Serial::~Serial()
                0x00000000c000d1c4                Serial::~Serial()
 *fill*         0x00000000c000d1ee        0x2 
 .text          0x00000000c000d1f0      0x234 hal/timer.32
                0x00000000c000d1f0                Timer::Timer(char const*)
                0x00000000c000d1f0                Timer::Timer(char const*)
                0x00000000c000d228                Timer::~Timer()
                0x00000000c000d228                Timer::~Timer()
                0x00000000c000d24c                Timer::~Timer()
                0x00000000c000d276                Timer::read()
                0x00000000c000d281                setupTimer(int)
                0x00000000c000d2bc                timerHandler(unsigned int)
 .text          0x00000000c000d424      0x468 hal/vcache.32
                0x00000000c000d424                VCache::VCache(PhysicalDisk*)
                0x00000000c000d424                VCache::VCache(PhysicalDisk*)
                0x00000000c000d594                VCache::invalidateReadBuffer()
                0x00000000c000d5a4                VCache::writeWriteBuffer()
                0x00000000c000d5f0                VCache::~VCache()
                0x00000000c000d5f0                VCache::~VCache()
                0x00000000c000d644                VCache::~VCache()
                0x00000000c000d66c                VCache::write(unsigned long long, int, void*)
                0x00000000c000d782                VCache::read(unsigned long long, int, void*)
 .text          0x00000000c000d88c      0x4b3 hal/video.32
                0x00000000c000d88c                Video::putrect(int, int, int, int, unsigned int)
                0x00000000c000d8d8                Video::bitblit(int, int, int, int, int, int, int, unsigned int*)
                0x00000000c000d948                Video::blit(unsigned int*, int, int, int, int)
                0x00000000c000d9c6                Video::clearScreen(unsigned int)
                0x00000000c000d9fa                Video::putpixel(int, int, unsigned int)
                0x00000000c000da08                Video::Video(char const*)
                0x00000000c000da08                Video::Video(char const*)
                0x00000000c000da3e                Video::~Video()
                0x00000000c000da3e                Video::~Video()
                0x00000000c000da62                Video::~Video()
                0x00000000c000da8c                Video::isMonochrome()
                0x00000000c000da98                Video::getWidth()
                0x00000000c000daa4                Video::getHeight()
                0x00000000c000dab0                Video::drawCursor(int, int, unsigned char*, int)
                0x00000000c000db6c                Video::tgaParse(unsigned char*, int, int*, int*)
                0x00000000c000dcd4                Video::putTGA(int, int, unsigned char*, int)
 *fill*         0x00000000c000dd3f        0x1 
 .text          0x00000000c000dd40     0x1307 hw/acpi.32
                0x00000000c000dd40                ACPI::close(int, int, void*)
                0x00000000c000ddf8                findRSDP()
                0x00000000c000de88                loadACPITables(unsigned char*)
                0x00000000c000e0ec                findRSDT(unsigned char*)
                0x00000000c000e23c                findDataTable(unsigned char*, char*)
                0x00000000c000e2b4                scanMADT()
                0x00000000c000e788                ACPI::ACPI()
                0x00000000c000e788                ACPI::ACPI()
                0x00000000c000e7dc                ACPI::getPCIIRQAssignment(unsigned char, unsigned short, unsigned char)
                0x00000000c000e8c4                ACPI::registerPCIIRQAssignment(void*, unsigned short, unsigned char, unsigned char)
                0x00000000c000e98c                ACPI::setScreenBrightnessLevel(void*, int)
                0x00000000c000e994                ACPI::detectPCI()
                0x00000000c000eb9c                ACPI::writeSimpleBootFlag(SimpleBootFlagTable*)
                0x00000000c000ebf0                ACPI::sleep()
                0x00000000c000ec0c                ACPI::open(int, int, void*)
 *fill*         0x00000000c000f047        0x1 
 .text          0x00000000c000f048      0xb95 hw/cpu.32
                0x00000000c000f048                CPU::close(int, int, void*)
                0x00000000c000f04c                CPU::AMD_K6_write_msr(unsigned int, unsigned int, unsigned int, CPU::REGS*)
                0x00000000c000f068                CPU::AMD_K6_read_msr(unsigned int, CPU::REGS*)
                0x00000000c000f080                CPU::AMD_K6_writeback(int, int, int)
                0x00000000c000f0f4                CPU::cpuid(int, unsigned long*, unsigned long*, unsigned long*, unsigned long*)
                0x00000000c000f178                CPU::cpuidCheckEDX(unsigned int)
                0x00000000c000f1a6                CPU::cpuidCheckECX(unsigned int)
                0x00000000c000f1d4                CPU::cpuidCheckExtendedEBX(unsigned int)
                0x00000000c000f202                CPU::cpuidCheckExtendedECX(unsigned int)
                0x00000000c000f230                CPU::CPU()
                0x00000000c000f230                CPU::CPU()
                0x00000000c000f2be                CPU::displayFeatures()
                0x00000000c000f2c0                CPU::detectFeatures()
                0x00000000c000f984                CPU::setupSMEP()
                0x00000000c000f990                CPU::setupUMIP()
                0x00000000c000f99a                CPU::setupTSC()
                0x00000000c000f9a4                CPU::setupLargePages()
                0x00000000c000f9ae                CPU::setupPAT()
                0x00000000c000f9ea                CPU::setupMTRR()
                0x00000000c000f9ec                CPU::setupGlobalPages()
                0x00000000c000f9f6                CPU::allowUsermodeDataAccess()
                0x00000000c000fa08                CPU::prohibitUsermodeDataAccess()
                0x00000000c000fa1a                CPU::setupSMAP()
                0x00000000c000fa28                CPU::setupFeatures()
                0x00000000c000faf4                CPU::open(int, int, void*)
 .text          0x00000000c000fbdd       0xd1 krnl/bootmsg.32
                0x00000000c000fbdd                KeDisplaySplashScreen()
                0x00000000c000fc4b                KeSetBootMessage(char const*)
 .text          0x00000000c000fcae      0x581 krnl/env.32
                0x00000000c000fcae                EnvVarContainer::getEnv(char const*)
                0x00000000c000fcec                EnvVarContainer::setEnv(char const*, char const*)
                0x00000000c000fdae                EnvVarContainer::deleteEnv(char const*)
                0x00000000c000fdb0                EnvVarContainer::loadFrom(char const*, char const*)
                0x00000000c000ff96                EnvVarContainer::__loadSystem()
                0x00000000c000ffb0                EnvVarContainer::__loadUser()
                0x00000000c000ffb2                EnvVarContainer::EnvVarContainer(Process*)
                0x00000000c000ffb2                EnvVarContainer::EnvVarContainer(Process*)
                0x00000000c000ffd4                EnvVarContainer::~EnvVarContainer()
                0x00000000c000ffd4                EnvVarContainer::~EnvVarContainer()
                0x00000000c0010004                Krnl::getEnv(Process*, char const*)
                0x00000000c0010069                Krnl::setEnvSystem(char const*, char const*)
                0x00000000c0010083                Krnl::setEnvUser(char const*, char const*)
                0x00000000c00100a2                Krnl::setEnvProcess(Process*, char const*, char const*)
                0x00000000c00100b5                Krnl::deleteEnvSystem(char const*)
                0x00000000c00100b6                Krnl::deleteEnvUser(char const*)
                0x00000000c00100b7                Krnl::deleteEnvProcess(Process*, char const*)
                0x00000000c00100b8                Krnl::newProcessEnv(Process*)
                0x00000000c00100da                Krnl::copyProcessEnv(Process*, Process*)
                0x00000000c0010126                Krnl::loadSystemEnv()
                0x00000000c0010154                Krnl::loadUserEnv()
                0x00000000c001017a                Krnl::flushEnv()
                0x00000000c001017b                Krnl::getProcessTotalEnvCount(Process*)
                0x00000000c001019b                Krnl::getProcessEnvPair(Process*, int)
 .text          0x00000000c001022f       0x94 krnl/inlines.32
                0x00000000c001022f                CPU::current()
                0x00000000c001023b                operator new(unsigned long)
                0x00000000c0010240                operator delete(void*)
                0x00000000c0010245                disableIRQs()
                0x00000000c0010247                enableIRQs()
                0x00000000c0010249                lockScheduler()
                0x00000000c0010251                unlockScheduler()
                0x00000000c0010260                lockStuff()
                0x00000000c001026e                unlockStuff()
                0x00000000c00102a8                Virt::getAKernelVAS()
                0x00000000c00102ae                __not_memcpy
 .text          0x00000000c00102c3        0xc krnl/panic.32
                0x00000000c00102c3                KePanic(char const*)
 .text          0x00000000c00102cf      0x142 krnl/powctrl.32
                0x00000000c00102cf                Krnl::powerThread(void*)
                0x00000000c00102fd                Krnl::changePowerSettings(Krnl::PowerSettings)
                0x00000000c0010313                Krnl::userIOReceived()
                0x00000000c001031e                Krnl::handlePowerButton()
                0x00000000c0010353                Krnl::handleSleepButton()
                0x00000000c0010388                Krnl::setupPowerManager()
 *fill*         0x00000000c0010411        0x3 
 .text          0x00000000c0010414      0x190 krnl/resolve.32
                0x00000000c0010414                KeResolveCompatibilitySymbol(char*)
 .text          0x00000000c00105a4      0x2c3 krnl/signal.32
                0x00000000c00105a4                KiSigKill(int)
                0x00000000c00105d0                KiDefaultSignalHandlerIgnore(int)
                0x00000000c00105d1                KiDefaultSignalHandlerPause(int)
                0x00000000c00105fd                KiDefaultSignalHandlerResume(int)
                0x00000000c0010629                KeDeinitSignals(SigHandlerBlock*)
                0x00000000c001062e                KeInitSignals()
                0x00000000c0010679                KeRegisterSignalHandler(SigHandlerBlock*, int, void (*)(int), unsigned int, int)
                0x00000000c00106af                KeRaiseSignal(SigHandlerBlock*, int)
                0x00000000c001072c                KeCheckSignal(SigHandlerBlock*)
                0x00000000c0010817                KiCheckSignalZ
                0x00000000c001082c                KeCompleteSignal(SigHandlerBlock*, int)
 .text          0x00000000c0010867      0xc39 krnl/syscalls.32
                0x00000000c0010867                SysSeekDir(regs*)
                0x00000000c001086c                SysTellDir(regs*)
                0x00000000c0010871                SysVerify(regs*)
                0x00000000c001087b                SysGetArgc(regs*)
                0x00000000c001088b                SysTTYName(regs*)
                0x00000000c0010893                SysFormatDisk(regs*)
                0x00000000c0010900                SysSetDiskVolumeLabel(regs*)
                0x00000000c001094a                SysGetDiskVolumeLabel(regs*)
                0x00000000c001099f                SysShutdown(regs*)
                0x00000000c00109fd                SysRealpath(regs*)
                0x00000000c0010a40                SysReadDir(regs*)
                0x00000000c0010ac0                SysIsATTY(regs*)
                0x00000000c0010b1c                SysSeek(regs*)
                0x00000000c0010b75                SysTell(regs*)
                0x00000000c0010be4                SysSize(regs*)
                0x00000000c0010c59                SysSizeFromFilename(regs*)
                0x00000000c0010d0c                SysClose(regs*)
                0x00000000c0010d6c                SysOpenDir(regs*)
                0x00000000c0010de3                SysMakeDir(regs*)
                0x00000000c0010e4d                SysCloseDir(regs*)
                0x00000000c0010ea1                SysWait(regs*)
                0x00000000c0010ebe                SysNotImpl(regs*)
                0x00000000c0010ed9                SysPanic(regs*)
                0x00000000c0010ef4                SysRmdir(regs*)
                0x00000000c0010f5b                SysUnlink(regs*)
                0x00000000c0010fc2                SysGetArgv(regs*)
                0x00000000c001100f                SysUSleep(regs*)
                0x00000000c0011038                SysSpawn(regs*)
                0x00000000c00110a1                SysGetEnv(regs*)
                0x00000000c0011150                SysSetFatAttrib(regs*)
                0x00000000c00111c7                SysPipe(regs*)
                0x00000000c001120c                SysGetUnixTime(regs*)
                0x00000000c0011220                string_ends_with(char const*, char const*)
                0x00000000c001126a                SysOpen(regs*)
                0x00000000c001145e                KeSystemCall(regs*, void*)
 .text          0x00000000c00114a0      0x50e reg/registry.32
                0x00000000c00114a0                Reg::findLineFromLoadedData(char*, char*, char*)
                0x00000000c00115f8                Reg::getLineFromRegistry(char*, char*, char*, char*)
                0x00000000c001174d                Reg::getLine(char*, char*, char*)
                0x00000000c0011784                Reg::readInt(char*, char*, int*)
                0x00000000c001186f                Reg::readString(char*, char*, char*, int)
                0x00000000c00118f0                Reg::readBool(char*, char*, bool*)
                0x00000000c0011915                Reg::readBoolWithDefault(char*, char*, bool)
                0x00000000c0011941                Reg::readIntWithDefault(char*, char*, int)
                0x00000000c001196d                Reg::readStringWithDefault(char*, char*, char*, int, char*)
 .text          0x00000000c00119ae       0x36 sys/eject.32
                0x00000000c00119ae                SysEject(regs*)
 .text          0x00000000c00119e4       0x18 sys/exit.32
                0x00000000c00119e4                SysExit(regs*)
 .text          0x00000000c00119fc       0x1f sys/getcwd.32
                0x00000000c00119fc                SysGetCwd(regs*)
 .text          0x00000000c0011a1b        0xc sys/getpid.32
                0x00000000c0011a1b                SysGetPID(regs*)
 .text          0x00000000c0011a27       0x1a sys/getramdata.32
                0x00000000c0011a27                SysGetRAMData(regs*)
 .text          0x00000000c0011a41       0x82 sys/getvgaptr.32
                0x00000000c0011a41                SysGetVGAPtr(regs*)
 .text          0x00000000c0011ac3       0xa8 sys/loaddll.32
                0x00000000c0011ac3                SysLoadDLL(regs*)
 .text          0x00000000c0011b6b       0x68 sys/read.32
                0x00000000c0011b6b                SysRead(regs*)
 .text          0x00000000c0011bd3       0x29 sys/registersignal.32
                0x00000000c0011bd3                SysRegisterSignal(regs*)
 .text          0x00000000c0011bfc       0x55 sys/sbrk.32
                0x00000000c0011bfc                SysSbrk(regs*)
 .text          0x00000000c0011c51       0x1c sys/setcwd.32
                0x00000000c0011c51                SysSetCwd(regs*)
 .text          0x00000000c0011c6d       0x95 sys/settime.32
                0x00000000c0011c6d                SysSetTime(regs*)
 .text          0x00000000c0011d02       0x4a sys/timezone.32
                0x00000000c0011d02                SysTimezone(regs*)
 .text          0x00000000c0011d4c       0x68 sys/write.32
                0x00000000c0011d4c                SysWrite(regs*)
 .text          0x00000000c0011db4       0x62 sys/wsbe.32
                0x00000000c0011db4                SysWsbe(regs*)
 .text          0x00000000c0011e16       0x25 sys/yield.32
                0x00000000c0011e16                SysYield(regs*)
 .text          0x00000000c0011e3b     0x11e5 thr/elf.32
                0x00000000c0011e3b                Thr::allocateMemoryForTask(Process*, File*, unsigned long, unsigned long, unsigned long)
                0x00000000c00120c7                Thr::loadProgramIntoMemory(Process*, char const*)
                0x00000000c00122dd                Thr::runtimeReferenceHelper()
                0x00000000c00122f0                Thr::getAddressOfKernelSymbol(char const*)
                0x00000000c001233f                Thr::loadKernelSymbolTable(char const*)
                0x00000000c00125fd                Thr::loadDriverIntoMemory(char const*, unsigned long, bool)
                0x00000000c0012d33                Thr::getDriverBaseFromAddress(unsigned long)
                0x00000000c0012d65                Thr::getDriverNameFromAddress(unsigned long)
                0x00000000c0012d9c                Thr::getDriverOffsetFromAddress(unsigned long)
                0x00000000c0012db6                Thr::loadDLL(char const*, bool)
                0x00000000c0012fe7                Thr::executeDLL(unsigned long, void*)
 .text          0x00000000c0013020     0x12fd thr/prcssthr.32
                0x00000000c0013020                userModeEntryPoint(void*)
                0x00000000c0013048                changeTSS
                0x00000000c0013078                switchToThread(ThreadControlBlock*)
                0x00000000c001312c                Process::addArgs(char**)
                0x00000000c001318c                Process::Process(char const*, Process*, char**)
                0x00000000c001318c                Process::Process(char const*, Process*, char**)
                0x00000000c0013398                Process::Process(bool, char const*, Process*, char**)
                0x00000000c0013398                Process::Process(bool, char const*, Process*, char**)
                0x00000000c0013570                taskStartupFunction
                0x00000000c001357c                Semaphore::Semaphore(int)
                0x00000000c001357c                Semaphore::Semaphore(int)
                0x00000000c00135ac                Mutex::Mutex()
                0x00000000c00135ac                Mutex::Mutex()
                0x00000000c00135c0                Process::createThread(void (*)(void*), void*, int)
                0x00000000c00136b8                Process::createUserThread()
                0x00000000c00136d8                setupMultitasking(void (*)())
                0x00000000c00137e0                schedule()
                0x00000000c0013870                Semaphore::tryAcquire()
                0x00000000c001393c                Semaphore::assertLocked(char const*)
                0x00000000c00139b4                blockTaskWithSchedulerLockAlreadyHeld(TaskState)
                0x00000000c00139dc                blockTask(TaskState)
                0x00000000c0013a0c                waitTask(int, int*, int)
                0x00000000c0013a50                milliTenthSleepUntil(unsigned int)
                0x00000000c0013ae0                milliTenthSleep(unsigned int)
                0x00000000c0013af0                sleep(unsigned int)
                0x00000000c0013b0c                Semaphore::acquire()
                0x00000000c0013bc8                taskReturned
                0x00000000c0013c04                Thr::processFromPID(int)
                0x00000000c0013ca4                unblockTask(ThreadControlBlock*)
                0x00000000c0013d48                cleanupTerminatedTask(ThreadControlBlock*)
                0x00000000c0014014                cleanerTaskFunction(void*)
                0x00000000c0014104                terminateTask(int)
                0x00000000c00141d0                Thr::terminateFromIRQ(int)
                0x00000000c00141e0                Semaphore::release()
 .text          0x00000000c001431d      0xb93 vm86/vm8086.32
                0x00000000c001431d                Vm::inbv(unsigned short)
                0x00000000c0014330                Vm::outbv(unsigned short, unsigned char)
                0x00000000c0014366                Vm::realToLinear(unsigned short, unsigned short)
                0x00000000c0014376                Vm::getSegment(unsigned int)
                0x00000000c001437e                Vm::getOffset(unsigned int)
                0x00000000c0014383                Vm::mainloop2()
                0x00000000c00143bd                Vm::mainVm8086Loop(void*)
                0x00000000c00143cd                Vm::mainloop3(unsigned long)
                0x00000000c00143f3                Vm::initialise8086()
                0x00000000c0014436                Vm::finish8086()
                0x00000000c0014497                Vm::getOutput8086(unsigned char*)
                0x00000000c00144bc                Vm::start8086FromBuffer(unsigned char*, int, unsigned short, unsigned short, unsigned short, unsigned short)
                0x00000000c0014575                Vm::start8086(char const*, unsigned short, unsigned short, unsigned short, unsigned short)
                0x00000000c00146dd                Vm::doISR(regs*, int, unsigned char*, unsigned short, unsigned short)
                0x00000000c0014767                Vm::readByteFromReal(unsigned short, unsigned short)
                0x00000000c0014778                Vm::readWordFromReal(unsigned short, unsigned short)
                0x00000000c001478a                Vm::readDwordFromReal(unsigned short, unsigned short)
                0x00000000c001479b                Vm::writeByteFromReal(unsigned short, unsigned short, unsigned char)
                0x00000000c00147b0                Vm::writeWordFromReal(unsigned short, unsigned short, unsigned short)
                0x00000000c00147c6                Vm::writeDwordFromReal(unsigned short, unsigned short, unsigned int)
                0x00000000c00147db                Vm::faultHandler(regs*)
 .text          0x00000000c0014eb0      0xa53 arch/i386/hal.32
                0x00000000c0014eb0                noCopro(unsigned long)
                0x00000000c0014eb1                nmiHandler(regs*, void*)
                0x00000000c0014eca                doubleFault(regs*, void*)
                0x00000000c0014ee3                displayDebugInfo(regs*)
                0x00000000c0015204                HalSystemIdle()
                0x00000000c001527a                displayProgramFault(char const*)
                0x00000000c00152c6                gpFault(regs*, void*)
                0x00000000c001532b                pgFault(regs*, void*)
                0x00000000c00153b1                otherISRHandler(regs*, void*)
                0x00000000c00153e5                opcodeFault(regs*, void*)
                0x00000000c0015465                i386SaveCoprocessor(void*)
                0x00000000c0015479                i386LoadCoprocessor(void*)
                0x00000000c001548d                x87EmulHandler(regs*, void*)
                0x00000000c001552a                HalInitialiseCoprocessor()
                0x00000000c00155d8                HalPanic(char const*)
                0x00000000c00156d1                HalQueryPerformanceCounter()
                0x00000000c00156ec                HalInitialise()
                0x00000000c0015892                HalMakeBeep(int)
                0x00000000c00158cc                HalGetRand()
                0x00000000c00158cf                HalEndOfInterrupt(int)
                0x00000000c0015900                HalRestart()
                0x00000000c0015901                HalShutdown()
                0x00000000c0015902                HalSleep()
 *fill*         0x00000000c0015903        0x1 
 .text          0x00000000c0015904      0x2f4 arch/i386/pic.32
                0x00000000c0015904                picIoWait()
                0x00000000c001590c                picDisable()
                0x00000000c0015940                picGetIRQReg(int)
                0x00000000c00159c4                picOpen()
                0x00000000c0015b54                picEOI(int)
 .text          0x00000000c0015bf8      0x64d arch/i386/rtc.32
                0x00000000c0015bf8                RTC::open(int, int, void*)
                0x00000000c0015bfc                RTC::close(int, int, void*)
                0x00000000c0015c00                RTC::timeInSecondsUTC()
                0x00000000c0015c12                RTC::timeInDatetimeUTC()
                0x00000000c0015c38                RTC::setTimeInSecondsUTC(unsigned long long)
                0x00000000c0015c76                RTC::~RTC()
                0x00000000c0015c76                RTC::~RTC()
                0x00000000c0015c9a                RTC::~RTC()
                0x00000000c0015cc4                RTC::get_update_in_progress_flag()
                0x00000000c0015cdc                RTC::completeRTCRefresh()
                0x00000000c0015f94                RTC::setTimeInDatetimeUTC(datetime_t)
                0x00000000c0016147                rtcIRQHandler(regs*, void*)
                0x00000000c001618c                RTC::RTC()
                0x00000000c001618c                RTC::RTC()
 *fill*         0x00000000c0016245        0x3 
 .text          0x00000000c0016248      0x203 arch/i386/vga.32
                0x00000000c0016248                HalConsoleScroll(int, int)
                0x00000000c0016350                HalConsoleWriteCharacter(char, int, int, int, int)
                0x00000000c00163bc                HalConsoleCursorUpdate(int, int)
 *fill*         0x00000000c001644b        0x1 
 .text          0x00000000c001644c     0x13e7 fs/fat/vfslink.32
                0x00000000c001644c                FAT::getName()
                0x00000000c0016454                FAT::tell(void*, unsigned long long*)
                0x00000000c0016490                FAT::stat(void*, unsigned long long*)
                0x00000000c00164cc                FAT::~FAT()
                0x00000000c00164cc                FAT::~FAT()
                0x00000000c00164f0                FAT::~FAT()
                0x00000000c0016518                FAT::getlabel(LogicalDisk*, int, char*, unsigned int*)
                0x00000000c00165bc                FAT::setlabel(LogicalDisk*, int, char*)
                0x00000000c0016680                FAT::format(LogicalDisk*, int, char const*, int)
                0x00000000c0016854                FAT::tryMount(LogicalDisk*, int)
                0x00000000c0016a6c                FAT::allocateSwapfile(char const*, int)
                0x00000000c0016c2c                FAT::readDir(void*, unsigned long, void*, int*)
                0x00000000c0016d98                FAT::read(void*, unsigned long, void*, int*)
                0x00000000c0016df8                FAT::write(void*, unsigned long, void*, int*)
                0x00000000c0016e58                FAT::close(void*)
                0x00000000c0016eac                FAT::closeDir(void*)
                0x00000000c0016f00                FAT::seek(void*, unsigned long long)
                0x00000000c0016f58                fatWrapperReadDisk
                0x00000000c0016f9c                fatWrapperWriteDisk
                0x00000000c0016fe0                fatWrapperIoctl
                0x00000000c00170fc                FAT::FAT()
                0x00000000c00170fc                FAT::FAT()
                0x00000000c0017150                FAT::fixFilepath(char*)
                0x00000000c001718c                FAT::open(char const*, void**, FileOpenMode)
                0x00000000c00172c4                FAT::openDir(char const*, void**)
                0x00000000c0017374                FAT::stat(char const*, unsigned long long*, bool*)
                0x00000000c001746c                FAT::unlink(char const*)
                0x00000000c00174ec                FAT::chfatattr(char const*, unsigned char, unsigned char)
                0x00000000c0017678                FAT::rename(char const*, char const*)
                0x00000000c0017744                FAT::mkdir(char const*)
                0x00000000c00177c4                FAT::exists(char const*)
 *fill*         0x00000000c0017833        0x1 
 .text          0x00000000c0017834       0xc6 fs/iso9660/helper.32
                0x00000000c0017834                isoReadDiscSectorHelper
                0x00000000c0017890                iso_kprintf
                0x00000000c00178b0                iso_kprintfd
 .text          0x00000000c00178fa      0x656 fs/iso9660/vfslink.32
                0x00000000c00178fa                ISO9660::format(LogicalDisk*, int, char const*, int)
                0x00000000c0017900                ISO9660::getName()
                0x00000000c0017906                ISO9660::closeDir(void*)
                0x00000000c0017910                ISO9660::chfatattr(char const*, unsigned char, unsigned char)
                0x00000000c0017916                ISO9660::unlink(char const*)
                0x00000000c001791c                ISO9660::write(void*, unsigned long, void*, int*)
                0x00000000c0017922                ISO9660::rename(char const*, char const*)
                0x00000000c0017928                ISO9660::mkdir(char const*)
                0x00000000c001792e                ISO9660::~ISO9660()
                0x00000000c001792e                ISO9660::~ISO9660()
                0x00000000c0017952                ISO9660::~ISO9660()
                0x00000000c001797a                ISO9660::exists(char const*)
                0x00000000c001798e                ISO9660::open(char const*, void**, FileOpenMode)
                0x00000000c0017a34                ISO9660::read(void*, unsigned long, void*, int*)
                0x00000000c0017a7c                ISO9660::seek(void*, unsigned long long)
                0x00000000c0017abe                ISO9660::tell(void*, unsigned long long*)
                0x00000000c0017afc                ISO9660::openDir(char const*, void**)
                0x00000000c0017bca                ISO9660::stat(void*, unsigned long long*)
                0x00000000c0017c1c                ISO9660::stat(char const*, unsigned long long*, bool*)
                0x00000000c0017d06                ISO9660::close(void*)
                0x00000000c0017d36                ISO9660::readDir(void*, unsigned long, void*, int*)
                0x00000000c0017e3b                readSectorFromCDROM(unsigned int, unsigned char*, char)
                0x00000000c0017eb6                ISO9660::tryMount(LogicalDisk*, int)
                0x00000000c0017f28                ISO9660::ISO9660()
                0x00000000c0017f28                ISO9660::ISO9660()
 .text          0x00000000c0017f50      0x26c hal/sound/sndcard.32
                0x00000000c0017f50                SoundCard::beginPlayback()
                0x00000000c0017f5e                SoundCard::stopPlayback()
                0x00000000c0017f6c                SoundCard::SoundCard(char const*)
                0x00000000c0017f6c                SoundCard::SoundCard(char const*)
                0x00000000c001800a                SoundCard::~SoundCard()
                0x00000000c001800a                SoundCard::~SoundCard()
                0x00000000c001802e                SoundCard::~SoundCard()
                0x00000000c0018058                SoundCard::configureRates(int, int, int)
                0x00000000c0018088                SoundCard::getSamples16(int, short*)
                0x00000000c00180e4                SoundCard::getSamples32(int, int*)
                0x00000000c001816a                SoundCard::addChannel(SoundPort*)
                0x00000000c00181a8                SoundCard::removeChannel(int)
 .text          0x00000000c00181bc      0x377 hal/sound/sndport.32
                0x00000000c00181bc                SoundPort::SoundPort(int, int, int, int)
                0x00000000c00181bc                SoundPort::SoundPort(int, int, int, int)
                0x00000000c0018248                SoundPort::~SoundPort()
                0x00000000c0018248                SoundPort::~SoundPort()
                0x00000000c001827c                SoundPort::unpause()
                0x00000000c0018288                SoundPort::pause()
                0x00000000c0018294                SoundPort::getBufferUsed()
                0x00000000c001829c                SoundPort::getBufferSize()
                0x00000000c00182a4                SoundPort::buffer16(short*, int)
                0x00000000c0018330                SoundPort::buffer32(int*, int)
                0x00000000c00183b8                SoundPort::unbufferAndAdd16(int, short*, SoundCard*)
                0x00000000c001847c                SoundPort::unbufferAndAdd32(int, int*, SoundCard*)
 .text          0x00000000c0018533        0x0 hw/bus/isa.32
 *fill*         0x00000000c0018533        0x1 
 .text          0x00000000c0018534      0xb49 hw/bus/pci.32
                0x00000000c0018534                PCI::open(int, int, void*)
                0x00000000c0018552                PCI::close(int, int, void*)
                0x00000000c0018556                PCI::PCI()
                0x00000000c0018556                PCI::PCI()
                0x00000000c00185f0                PCI::readBAR8(unsigned int, int)
                0x00000000c001860c                PCI::readBAR16(unsigned int, int)
                0x00000000c001862a                PCI::readBAR32(unsigned int, int)
                0x00000000c0018646                PCI::writeBAR8(unsigned int, unsigned char, int)
                0x00000000c0018666                PCI::writeBAR16(unsigned int, unsigned short, int)
                0x00000000c0018688                PCI::writeBAR32(unsigned int, unsigned int, int)
                0x00000000c00186a8                PCI::legacyMechanism(unsigned char, unsigned char, unsigned char, unsigned char)
                0x00000000c0018716                PCI::pciReadWord(unsigned char, unsigned char, unsigned char, unsigned char)
                0x00000000c00187be                PCI::getVendorID(unsigned char, unsigned char, unsigned char)
                0x00000000c00187e2                PCI::getHeaderType(unsigned char, unsigned char, unsigned char)
                0x00000000c001880a                PCI::getClassCode(unsigned char, unsigned char, unsigned char)
                0x00000000c0018854                PCI::getProgIF(unsigned char, unsigned char, unsigned char)
                0x00000000c001887c                PCI::getRevisionID(unsigned char, unsigned char, unsigned char)
                0x00000000c00188a0                PCI::getInterruptNumber(unsigned char, unsigned char, unsigned char)
                0x00000000c00188c4                PCI::getSecondaryBus(unsigned char, unsigned char, unsigned char)
                0x00000000c00188ec                PCI::getBARAddress(unsigned char, unsigned char, unsigned char, unsigned char)
                0x00000000c0018950                PCI::pciWriteWord(unsigned char, unsigned char, unsigned char, unsigned char, unsigned short)
                0x00000000c0018a38                PCI::pciDetailsToFilepath(PCIDeviceInfo, char*)
                0x00000000c0018cb2                PCI::checkBus(unsigned char)
                0x00000000c0018cd8                PCI::foundDevice(PCIDeviceInfo)
                0x00000000c0018e4a                PCI::getDeviceData(unsigned char, unsigned char, unsigned char)
                0x00000000c0018fbe                PCI::checkDevice(unsigned char, unsigned char)
                0x00000000c001902a                PCI::detect()
 *fill*         0x00000000c001907d        0x1 
 .text          0x00000000c001907e      0xb5a hw/diskctrl/ide.32
                0x00000000c001907e                IDE::close(int, int, void*)
                0x00000000c0019082                IDE::IDE()
                0x00000000c0019082                IDE::IDE()
                0x00000000c00190b6                IDE::prepareInterrupt(unsigned char)
                0x00000000c00190c8                selectDrive(unsigned char, unsigned char)
                0x00000000c00190ca                IDE::getBase(unsigned char)
                0x00000000c00190dc                IDE::write(unsigned char, unsigned char, unsigned char)
                0x00000000c001919c                IDE::read(unsigned char, unsigned char)
                0x00000000c001924a                IDE::waitInterrupt(unsigned char)
                0x00000000c00192b2                ideChannel0IRQHandler(regs*, void*)
                0x00000000c00192ce                ideChannel1IRQHandler(regs*, void*)
                0x00000000c00192ea                IDE::enableIRQs(unsigned char, bool)
                0x00000000c0019330                IDE::open(int, int, void*)
                0x00000000c001973e                IDE::readBuffer(unsigned char, unsigned char, unsigned int, unsigned int)
                0x00000000c001980a                IDE::detect()
                0x00000000c0019aca                IDE::printError(unsigned char, unsigned char, unsigned char)
                0x00000000c0019b7a                IDE::polling(unsigned char, unsigned int)
 .text          0x00000000c0019bd8      0x32a hw/diskctrl/satabus.32
                0x00000000c0019bd8                SATABus::close(int, int, void*)
                0x00000000c0019bdc                SATABus::detect()
                0x00000000c0019bde                SATABus::SATABus()
                0x00000000c0019bde                SATABus::SATABus()
                0x00000000c0019c64                SATABus::findCmdslot(SATABus::tagHBA_PORT volatile*)
                0x00000000c0019c96                SATABus::checkType(SATABus::tagHBA_PORT volatile*)
                0x00000000c0019cde                SATABus::startCmd(SATABus::tagHBA_PORT volatile*)
                0x00000000c0019cfe                SATABus::stopCmd(SATABus::tagHBA_PORT volatile*)
                0x00000000c0019d28                SATABus::portRebase(SATABus::tagHBA_PORT volatile*, int)
                0x00000000c0019e38                SATABus::probePort(SATABus::tagHBA_MEM volatile*)
                0x00000000c0019ee2                SATABus::open(int, int, void*)
 .text          0x00000000c0019f02      0x921 hw/diskphys/ata.32
                0x00000000c0019f02                ATA::close(int, int, void*)
                0x00000000c0019f26                ATA::powerSaving(PowerSavingLevel)
                0x00000000c0019f28                ATA::ATA()
                0x00000000c0019f28                ATA::ATA()
                0x00000000c0019f56                ATA::flush(bool)
                0x00000000c0019fa0                ATA::readyForCommand()
                0x00000000c0019fec                ATA::access(unsigned long long, int, void*, bool)
                0x00000000c001a368                ATA::detectCHS()
                0x00000000c001a392                ATA::open(int, int, void*)
                0x00000000c001a45e                combineCharAndColour(char, unsigned char)
                0x00000000c001a46f                combineColours(unsigned char, unsigned char)
                0x00000000c001a47c                ATA::read(unsigned long long, int, void*)
                0x00000000c001a652                ATA::write(unsigned long long, int, void*)
 *fill*         0x00000000c001a823        0x1 
 .text          0x00000000c001a824      0x60e hw/diskphys/atapi.32
                0x00000000c001a824                ATAPI::write(unsigned long long, int, void*)
                0x00000000c001a82a                ATAPI::close(int, int, void*)
                0x00000000c001a84e                ATAPI::ATAPI()
                0x00000000c001a84e                ATAPI::ATAPI()
                0x00000000c001a87c                ATAPI::readyForCommand()
                0x00000000c001a8ce                ATAPI::sendPacket(unsigned char*, int, bool, unsigned short*, int)
                0x00000000c001ab8e                ATAPI::diskRemoved()
                0x00000000c001abc8                ATAPI::eject()
                0x00000000c001ac10                ATAPI::diskInserted()
                0x00000000c001ac1c                ATAPI::detectMedia()
                0x00000000c001acd8                ATAPI::open(int, int, void*)
                0x00000000c001adb8                ATAPI::read(unsigned long long, int, void*)
 .text          0x00000000c001ae32      0x7ff hw/diskphys/sata.32
                0x00000000c001ae32                SATA::close(int, int, void*)
                0x00000000c001ae56                SATA::powerSaving(PowerSavingLevel)
                0x00000000c001ae58                SATA::open(int, int, void*)
                0x00000000c001af02                SATA::SATA()
                0x00000000c001af02                SATA::SATA()
                0x00000000c001af30                SATA::access(unsigned long long, int, void*, bool)
                0x00000000c001b17c                SATA::read(unsigned long long, int, void*)
                0x00000000c001b3cc                SATA::write(unsigned long long, int, void*)
 *fill*         0x00000000c001b631        0x1 
 .text          0x00000000c001b632      0x596 hw/diskphys/satapi.32
                0x00000000c001b632                SATAPI::write(unsigned long long, int, void*)
                0x00000000c001b638                SATAPI::close(int, int, void*)
                0x00000000c001b65c                SATAPI::SATAPI()
                0x00000000c001b65c                SATAPI::SATAPI()
                0x00000000c001b68a                SATAPI::diskRemoved()
                0x00000000c001b68c                SATAPI::diskInserted()
                0x00000000c001b6a8                SATAPI::sendPacket(unsigned char*, int, unsigned long long, unsigned short*, int)
                0x00000000c001b97c                SATAPI::eject()
                0x00000000c001b9b8                SATAPI::detectMedia()
                0x00000000c001b9de                SATAPI::open(int, int, void*)
                0x00000000c001bade                SATAPI::read(unsigned long long, int, void*)
 .text          0x00000000c001bbc8      0x455 hw/intctrl/apic.32
                0x00000000c001bbc8                IOAPIC::close(int, int, void*)
                0x00000000c001bbce                apicGetBase()
                0x00000000c001bc10                IOAPIC::IOAPIC()
                0x00000000c001bc10                IOAPIC::IOAPIC()
                0x00000000c001bc38                apicOpen()
                0x00000000c001bd9e                IOAPIC::handlesGSIWithNumber(unsigned int)
                0x00000000c001bdd0                IOAPIC::read(int)
                0x00000000c001bdf8                IOAPIC::open(int, int, void*)
                0x00000000c001beec                IOAPIC::write(int, int)
                0x00000000c001bf18                IOAPIC::redirect(unsigned char, unsigned long long, unsigned char, bool, bool)
 *fill*         0x00000000c001c01d        0x3 
 .text          0x00000000c001c020       0xf0 hw/timer/apictimer.32
                0x00000000c001c020                APICTimer::close(int, int, void*)
                0x00000000c001c028                apicTimerHandler(regs*, void*)
                0x00000000c001c050                APICTimer::open(int, int, void*)
                0x00000000c001c0c0                APICTimer::write(int)
                0x00000000c001c0e8                APICTimer::APICTimer()
                0x00000000c001c0e8                APICTimer::APICTimer()
 .text          0x00000000c001c110      0x1aa hw/timer/pit.32
                0x00000000c001c110                PIT::write(int)
                0x00000000c001c194                pitHandler(regs*, void*)
                0x00000000c001c1b8                PIT::open(int, int, void*)
                0x00000000c001c208                PIT::close(int, int, void*)
                0x00000000c001c238                PIT::PIT()
                0x00000000c001c238                PIT::PIT()
 *fill*         0x00000000c001c2ba        0x6 
 .text          0x00000000c001c2c0       0x83 arch/i386/avx.32
                0x00000000c001c2c0                avxDetect
                0x00000000c001c2ea                avxSave
                0x00000000c001c2fb                avxLoad
                0x00000000c001c30c                avxInit
                0x00000000c001c32e                avxClose
                0x00000000c001c32f                wouldSheSayYes
 *fill*         0x00000000c001c343        0xd 
 .text          0x00000000c001c350      0x231 arch/i386/interrupt.32
                0x00000000c001c350                isr0
                0x00000000c001c360                isr1
                0x00000000c001c36a                isr2
                0x00000000c001c374                isr3
                0x00000000c001c37e                isr4
                0x00000000c001c388                isr5
                0x00000000c001c392                isr6
                0x00000000c001c39c                isr7
                0x00000000c001c3a6                isr8
                0x00000000c001c3ae                isr9
                0x00000000c001c3b8                isr10
                0x00000000c001c3c0                isr11
                0x00000000c001c3c8                isr12
                0x00000000c001c3d0                isr13
                0x00000000c001c3d8                isr14
                0x00000000c001c3e0                isr15
                0x00000000c001c3ea                isr16
                0x00000000c001c3f4                isr17
                0x00000000c001c3fe                isr18
                0x00000000c001c408                irq3
                0x00000000c001c412                irq4
                0x00000000c001c41c                irq5
                0x00000000c001c426                irq6
                0x00000000c001c430                irq7
                0x00000000c001c43a                irq8
                0x00000000c001c444                irq9
                0x00000000c001c44e                irq10
                0x00000000c001c458                irq11
                0x00000000c001c462                irq12
                0x00000000c001c46c                irq13
                0x00000000c001c476                irq14
                0x00000000c001c480                irq15
                0x00000000c001c48a                irq1
                0x00000000c001c491                irq2
                0x00000000c001c498                isr96
                0x00000000c001c49f                irq0
                0x00000000c001c4a4                int_common_stub
                0x00000000c001c4d6                syscall_common_stub
                0x00000000c001c531                irq16
                0x00000000c001c53b                irq17
                0x00000000c001c545                irq18
                0x00000000c001c54f                irq19
                0x00000000c001c559                irq20
                0x00000000c001c563                irq21
                0x00000000c001c56d                irq22
                0x00000000c001c577                irq23
 *fill*         0x00000000c001c581        0xf 
 .text          0x00000000c001c590       0x10 arch/i386/rdrand.32
                0x00000000c001c590                i386GetRDRAND
 .text          0x00000000c001c5a0       0x39 arch/i386/sse.32
                0x00000000c001c5a0                absolutelyNoChanceInHell
                0x00000000c001c5a0                sseDetect
                0x00000000c001c5b8                sseSave
                0x00000000c001c5c0                sseLoad
                0x00000000c001c5c8                sseInit
                0x00000000c001c5d8                sseClose
 *fill*         0x00000000c001c5d9        0x7 
 .text          0x00000000c001c5e0       0x49 arch/i386/x87.32
                0x00000000c001c5e6                x87Detect
                0x00000000c001c601                x87Save
                0x00000000c001c608                x87Load
                0x00000000c001c60f                x87Init
                0x00000000c001c628                x87Close
 *fill*         0x00000000c001c629        0x3 
 .text          0x00000000c001c62c       0x25 /cygdrive/d/Users/Alex/Desktop/Toolchain/Output/bin/../lib/gcc/i386-banana/8.1.0/crtend.o
 .text          0x00000000c001c651        0x0 crtn.32
 *fill*         0x00000000c001c651        0x3 
 .text          0x00000000c001c654      0x14b /cygdrive/d/Users/Alex/Desktop/Toolchain/Output/bin/../lib/gcc/i386-banana/8.1.0/libkgcc.a(_divdi3.o)
                0x00000000c001c654                __divdi3
 *fill*         0x00000000c001c79f        0x1 
 .text          0x00000000c001c7a0      0x17e /cygdrive/d/Users/Alex/Desktop/Toolchain/Output/bin/../lib/gcc/i386-banana/8.1.0/libkgcc.a(_moddi3.o)
                0x00000000c001c7a0                __moddi3
 *fill*         0x00000000c001c91e        0x2 
 .text          0x00000000c001c920       0xff /cygdrive/d/Users/Alex/Desktop/Toolchain/Output/bin/../lib/gcc/i386-banana/8.1.0/libkgcc.a(_udivdi3.o)
                0x00000000c001c920                __udivdi3
 *fill*         0x00000000c001ca1f        0x1 
 .text          0x00000000c001ca20      0x11a /cygdrive/d/Users/Alex/Desktop/Toolchain/Output/bin/../lib/gcc/i386-banana/8.1.0/libkgcc.a(_umoddi3.o)
                0x00000000c001ca20                __umoddi3
 *(.gnu.linkonce.t*)

.iplt           0x00000000c001cb40        0x0
 .iplt          0x00000000c001cb40        0x0 D:/Users/Alex/Desktop/Banana/kernel/boot.32

.init           0x00000000c001cb3a        0xf
 .init          0x00000000c001cb3a        0x3 crti.32
                0x00000000c001cb3a                _init
 .init          0x00000000c001cb3d        0x5 /cygdrive/d/Users/Alex/Desktop/Toolchain/Output/bin/../lib/gcc/i386-banana/8.1.0/crtbegin.o
 .init          0x00000000c001cb42        0x5 /cygdrive/d/Users/Alex/Desktop/Toolchain/Output/bin/../lib/gcc/i386-banana/8.1.0/crtend.o
 .init          0x00000000c001cb47        0x2 crtn.32

.fini           0x00000000c001cb49        0xa
 .fini          0x00000000c001cb49        0x3 crti.32
                0x00000000c001cb49                _fini
 .fini          0x00000000c001cb4c        0x5 /cygdrive/d/Users/Alex/Desktop/Toolchain/Output/bin/../lib/gcc/i386-banana/8.1.0/crtbegin.o
 .fini          0x00000000c001cb51        0x2 crtn.32

.text._ZN8ComputerD2Ev
                0x00000000c001cb54       0x23
 .text._ZN8ComputerD2Ev
                0x00000000c001cb54       0x23 core/computer.32
                0x00000000c001cb54                Computer::~Computer()
                0x00000000c001cb54                Computer::~Computer()

.text._ZN8ComputerD0Ev
                0x00000000c001cb78       0x2a
 .text._ZN8ComputerD0Ev
                0x00000000c001cb78       0x2a core/computer.32
                0x00000000c001cb78                Computer::~Computer()

.text._Z10idleCommonv
                0x00000000c001cba2       0x21
 .text._Z10idleCommonv
                0x00000000c001cba2       0x21 core/idle.32
                0x00000000c001cba2                idleCommon()

.text._ZN10LinkedListI8UnixFileED2Ev
                0x00000000c001cbc4        0x2
 .text._ZN10LinkedListI8UnixFileED2Ev
                0x00000000c001cbc4        0x2 core/unixfile.32
                0x00000000c001cbc4                LinkedList<UnixFile>::~LinkedList()
                0x00000000c001cbc4                LinkedList<UnixFile>::~LinkedList()

.text._ZN10LinkedListI8UnixFileEC2Ev
                0x00000000c001cbc6       0x42
 .text._ZN10LinkedListI8UnixFileEC2Ev
                0x00000000c001cbc6       0x42 core/unixfile.32
                0x00000000c001cbc6                LinkedList<UnixFile>::LinkedList()
                0x00000000c001cbc6                LinkedList<UnixFile>::LinkedList()

.text._ZN10LinkedListI8UnixFileE10addElementEPS0_
                0x00000000c001cc08       0xd3
 .text._ZN10LinkedListI8UnixFileE10addElementEPS0_
                0x00000000c001cc08       0xd3 core/unixfile.32
                0x00000000c001cc08                LinkedList<UnixFile>::addElement(UnixFile*)

.text._ZN10LinkedListI8UnixFileE15getFirstElementEv
                0x00000000c001ccdc        0x7
 .text._ZN10LinkedListI8UnixFileE15getFirstElementEv
                0x00000000c001ccdc        0x7 core/unixfile.32
                0x00000000c001ccdc                LinkedList<UnixFile>::getFirstElement()

.text._ZN10LinkedListI8UnixFileE11removeFirstEv
                0x00000000c001cce4       0xa1
 .text._ZN10LinkedListI8UnixFileE11removeFirstEv
                0x00000000c001cce4       0xa1 core/unixfile.32
                0x00000000c001cce4                LinkedList<UnixFile>::removeFirst()

.text._ZN10LinkedListI8UnixFileE7getNextEPS0_
                0x00000000c001cd86        0x8
 .text._ZN10LinkedListI8UnixFileE7getNextEPS0_
                0x00000000c001cd86        0x8 core/unixfile.32
                0x00000000c001cd86                LinkedList<UnixFile>::getNext(UnixFile*)

.text._ZN16DriverlessDeviceD2Ev
                0x00000000c001cd8e       0x1a
 .text._ZN16DriverlessDeviceD2Ev
                0x00000000c001cd8e       0x1a hal/device.32
                0x00000000c001cd8e                DriverlessDevice::~DriverlessDevice()
                0x00000000c001cd8e                DriverlessDevice::~DriverlessDevice()

.text._ZN16DriverlessDeviceD0Ev
                0x00000000c001cda8       0x2a
 .text._ZN16DriverlessDeviceD0Ev
                0x00000000c001cda8       0x2a hal/device.32
                0x00000000c001cda8                DriverlessDevice::~DriverlessDevice()

.text._ZN10LinkedListI6DeviceE10addElementEPS0_
                0x00000000c001cdd2       0xdc
 .text._ZN10LinkedListI6DeviceE10addElementEPS0_
                0x00000000c001cdd2       0xdc hal/device.32
                0x00000000c001cdd2                LinkedList<Device>::addElement(Device*)

.text._ZN10LinkedListI6DeviceEC2Ev
                0x00000000c001ceae       0x42
 .text._ZN10LinkedListI6DeviceEC2Ev
                0x00000000c001ceae       0x42 hal/device.32
                0x00000000c001ceae                LinkedList<Device>::LinkedList()
                0x00000000c001ceae                LinkedList<Device>::LinkedList()

.text._ZN10LinkedListIV18ThreadControlBlockE7isEmptyEv
                0x00000000c001cef0       0x1c
 .text._ZN10LinkedListIV18ThreadControlBlockE7isEmptyEv
                0x00000000c001cef0       0x1c hal/timer.32
                0x00000000c001cef0                LinkedList<ThreadControlBlock volatile>::isEmpty()

.text._ZN10LinkedListIV18ThreadControlBlockE15getFirstElementEv
                0x00000000c001cf0c        0x7
 .text._ZN10LinkedListIV18ThreadControlBlockE15getFirstElementEv