Archive member included to satisfy reference by file (symbol)

/cygdrive/d/Users/Alex/Desktop/Toolchain/Output/bin/../lib/gcc/i386-banana/8.1.0/libkgcc.a(_divdi3.o)
                              krnl/resolve.32 (__divdi3)
/cygdrive/d/Users/Alex/Desktop/Toolchain/Output/bin/../lib/gcc/i386-banana/8.1.0/libkgcc.a(_moddi3.o)
                              krnl/resolve.32 (__moddi3)
/cygdrive/d/Users/Alex/Desktop/Toolchain/Output/bin/../lib/gcc/i386-banana/8.1.0/libkgcc.a(_udivdi3.o)
                              hal/clock.32 (__udivdi3)
/cygdrive/d/Users/Alex/Desktop/Toolchain/Output/bin/../lib/gcc/i386-banana/8.1.0/libkgcc.a(_umoddi3.o)
                              core/pipe.32 (__umoddi3)

Allocating common symbols
Common symbol       size              file

dcache              0x40              fs/iso9660/iso9660.32
cdDriveLetter       0x1               fs/iso9660/iso9660.32
icache              0x40              fs/iso9660/iso9660.32

Discarded input sections

 .comment       0x0000000000000000       0x12 /cygdrive/d/Users/Alex/Desktop/Toolchain/Output/bin/../lib/gcc/i386-banana/8.1.0/crtbegin.o
 .comment       0x0000000000000000       0x12 acpica/utclib.32
 .comment       0x0000000000000000       0x12 core/malloc.32
 .comment       0x0000000000000000       0x12 libk/ctype.32
 .comment       0x0000000000000000       0x12 libk/string.32
 .comment       0x0000000000000000       0x12 fs/fat/diskio.32
 .comment       0x0000000000000000       0x12 fs/fat/ff.32
 .comment       0x0000000000000000       0x12 fs/fat/ffsystem.32
 .comment       0x0000000000000000       0x12 fs/fat/ffunicode.32
 .comment       0x0000000000000000       0x12 fs/iso9660/iso9660.32
 .group         0x0000000000000000       0x14 core/computer.32
 .group         0x0000000000000000        0xc core/computer.32
 .comment       0x0000000000000000       0x12 core/computer.32
 .comment       0x0000000000000000       0x12 core/gdt.32
 .group         0x0000000000000000        0xc core/idle.32
 .comment       0x0000000000000000       0x12 core/idle.32
 .comment       0x0000000000000000       0x12 core/idt.32
 .comment       0x0000000000000000       0x12 core/kheap.32
 .comment       0x0000000000000000       0x12 core/main.32
 .comment       0x0000000000000000       0x12 core/physmgr.32
 .group         0x0000000000000000        0xc core/pipe.32
 .comment       0x0000000000000000       0x12 core/pipe.32
 .group         0x0000000000000000        0xc core/terminal.32
 .comment       0x0000000000000000       0x12 core/terminal.32
 .comment       0x0000000000000000       0x12 core/tss.32
 .group         0x0000000000000000        0x8 core/unixfile.32
 .group         0x0000000000000000        0x8 core/unixfile.32
 .group         0x0000000000000000        0xc core/unixfile.32
 .group         0x0000000000000000        0x8 core/unixfile.32
 .group         0x0000000000000000        0xc core/unixfile.32
 .group         0x0000000000000000        0x8 core/unixfile.32
 .group         0x0000000000000000        0xc core/unixfile.32
 .group         0x0000000000000000        0xc core/unixfile.32
 .comment       0x0000000000000000       0x12 core/unixfile.32
 .comment       0x0000000000000000       0x12 core/virtmgr.32
 .comment       0x0000000000000000       0x12 coreobjs/c++.32
 .comment       0x0000000000000000       0x12 dbg/kconsole.32
 .group         0x0000000000000000        0xc fs/vfs.32
 .group         0x0000000000000000        0xc fs/vfs.32
 .group         0x0000000000000000        0xc fs/vfs.32
 .comment       0x0000000000000000       0x12 fs/vfs.32
 .group         0x0000000000000000        0xc hal/bus.32
 .comment       0x0000000000000000       0x12 hal/bus.32
 .comment       0x0000000000000000       0x12 hal/buzzer.32
 .group         0x0000000000000000        0xc hal/clock.32
 .comment       0x0000000000000000       0x12 hal/clock.32
 .group         0x0000000000000000       0x14 hal/device.32
 .group         0x0000000000000000        0xc hal/device.32
 .group         0x0000000000000000        0x8 hal/device.32
 .group         0x0000000000000000        0xc hal/device.32
 .group         0x0000000000000000        0xc hal/device.32
 .comment       0x0000000000000000       0x12 hal/device.32
 .group         0x0000000000000000        0xc hal/diskctrl.32
 .comment       0x0000000000000000       0x12 hal/diskctrl.32
 .group         0x0000000000000000        0xc hal/diskphys.32
 .comment       0x0000000000000000       0x12 hal/diskphys.32
 .comment       0x0000000000000000       0x12 hal/fpu.32
 .comment       0x0000000000000000       0x12 hal/intctrl.32
 .group         0x0000000000000000        0xc hal/keybrd.32
 .comment       0x0000000000000000       0x12 hal/keybrd.32
 .group         0x0000000000000000        0xc hal/logidisk.32
 .comment       0x0000000000000000       0x12 hal/logidisk.32
 .group         0x0000000000000000        0xc hal/mouse.32
 .comment       0x0000000000000000       0x12 hal/mouse.32
[...]
Memory Configuration

Name             Origin             Length             Attributes
*default*        0x0000000000000000 0xffffffffffffffff

Linker script and memory map

LOAD D:/Users/Alex/Desktop/Banana/kernel/boot.32
LOAD crti.32
LOAD /cygdrive/d/Users/Alex/Desktop/Toolchain/Output/bin/../lib/gcc/i386-banana/8.1.0/crtbegin.o
LOAD D:/Users/Alex/Desktop/Banana/kernel/morenasm.32
LOAD acpica/utclib.32
LOAD core/malloc.32
LOAD libk/ctype.32
LOAD libk/string.32
LOAD fs/fat/diskio.32
LOAD fs/fat/ff.32
LOAD fs/fat/ffsystem.32
LOAD fs/fat/ffunicode.32
LOAD fs/iso9660/iso9660.32
LOAD core/computer.32
LOAD core/gdt.32
LOAD core/idle.32
LOAD core/idt.32
LOAD core/kheap.32
LOAD core/main.32
LOAD core/physmgr.32
LOAD core/pipe.32
LOAD core/terminal.32
LOAD core/tss.32
LOAD core/unixfile.32
LOAD core/virtmgr.32
LOAD coreobjs/c++.32
LOAD dbg/kconsole.32
LOAD fs/vfs.32
LOAD hal/bus.32
LOAD hal/buzzer.32
LOAD hal/clock.32
LOAD hal/device.32
LOAD hal/diskctrl.32
LOAD hal/diskphys.32
LOAD hal/fpu.32
LOAD hal/intctrl.32
LOAD hal/keybrd.32
LOAD hal/logidisk.32
LOAD hal/mouse.32
LOAD hal/partition.32
LOAD hal/serial.32
LOAD hal/timer.32
LOAD hal/vcache.32
LOAD hal/video.32
LOAD hw/acpi.32
LOAD hw/cpu.32
LOAD krnl/bootmsg.32
LOAD krnl/env.32
LOAD krnl/inlines.32
LOAD krnl/panic.32
LOAD krnl/powctrl.32
LOAD krnl/resolve.32
LOAD krnl/signal.32
LOAD krnl/syscalls.32
LOAD reg/registry.32
LOAD sys/eject.32
LOAD sys/exit.32
LOAD sys/getcwd.32
LOAD sys/getpid.32
LOAD sys/getramdata.32
LOAD sys/getvgaptr.32
LOAD sys/loaddll.32
LOAD sys/read.32
LOAD sys/registersignal.32
LOAD sys/sbrk.32
LOAD sys/setcwd.32
LOAD sys/settime.32
LOAD sys/timezone.32
LOAD sys/write.32
LOAD sys/wsbe.32
LOAD sys/yield.32
LOAD thr/elf.32
LOAD thr/prcssthr.32
LOAD vm86/vm8086.32
LOAD arch/i386/hal.32
LOAD arch/i386/pic.32
LOAD arch/i386/rtc.32
LOAD arch/i386/vga.32
LOAD fs/fat/vfslink.32
LOAD fs/iso9660/helper.32
LOAD fs/iso9660/vfslink.32
LOAD hal/sound/sndcard.32
LOAD hal/sound/sndport.32
LOAD hw/bus/isa.32
LOAD hw/bus/pci.32
LOAD hw/diskctrl/ide.32
LOAD hw/diskctrl/satabus.32
LOAD hw/diskphys/ata.32
LOAD hw/diskphys/atapi.32
LOAD hw/diskphys/sata.32
LOAD hw/diskphys/satapi.32
LOAD hw/intctrl/apic.32
LOAD hw/timer/apictimer.32
LOAD hw/timer/pit.32
LOAD arch/i386/avx.32
LOAD arch/i386/interrupt.32
LOAD arch/i386/rdrand.32
LOAD arch/i386/sse.32
LOAD arch/i386/x87.32
LOAD /cygdrive/d/Users/Alex/Desktop/Toolchain/Output/bin/../lib/gcc/i386-banana/8.1.0/crtend.o
LOAD crtn.32
LOAD /cygdrive/d/Users/Alex/Desktop/Toolchain/Output/bin/../lib/gcc/i386-banana/8.1.0/libkgcc.a
LOAD D:/Users/Alex/Desktop/Banana/kernel/libsoftfp.a
LOAD D:/Users/Alex/Desktop/Banana/kernel/libk/libm32.a
                0x00000000c0000000                . = 0xc0000000

.text           0x00000000c0000000    0x1c3ea
 *(.text)
 .text          0x00000000c0000000       0x20 D:/Users/Alex/Desktop/Banana/kernel/boot.32
 .text          0x00000000c0000020        0x0 crti.32
 .text          0x00000000c0000020      0x101 /cygdrive/d/Users/Alex/Desktop/Toolchain/Output/bin/../lib/gcc/i386-banana/8.1.0/crtbegin.o
 *fill*         0x00000000c0000121        0xf 
 .text          0x00000000c0000130      0x252 D:/Users/Alex/Desktop/Banana/kernel/morenasm.32
                0x00000000c0000130                manualPCIProbe
                0x00000000c000017b                prepareTramp
                0x00000000c0000194                doTPAUSE
                0x00000000c000019e                hasLegacyFPU
                0x00000000c00001c3                is486
                0x00000000c00001f9                detectCPUID
                0x00000000c000020f                goToVM86
                0x00000000c000023f                goToUsermode
                0x00000000c0000269                switchToThreadASMFirstTime
                0x00000000c0000277                switchToThreadASM
                0x00000000c00002ff                asmQuickAcquireLock
                0x00000000c000031d                asmQuickReleaseLock
                0x00000000c0000329                asmAcquireLock
                0x00000000c000034a                asmReleaseLock
                0x00000000c000035d                loadGDT
                0x00000000c000037d                memcpy
 *fill*         0x00000000c0000382        0xe 
 .text          0x00000000c0000390      0x79e acpica/utclib.32
                0x00000000c0000390                memcmp
                0x00000000c00003e0                memmove
                0x00000000c00004d0                memset
                0x00000000c0000540                strlen
                0x00000000c0000570                strpbrk
                0x00000000c00005b0                strtok
                0x00000000c0000600                strcpy
                0x00000000c0000630                strncpy
                0x00000000c00006e0                strcmp
                0x00000000c0000730                strchr
                0x00000000c0000760                strncmp
                0x00000000c00007c0                strcat
                0x00000000c00007f0                strncat
                0x00000000c0000850                strstr
                0x00000000c00008b0                toupper
                0x00000000c00008d0                tolower
                0x00000000c00008f0                simple_strtoul
 .text          0x00000000c0000b2e      0xfad core/malloc.32
                0x00000000c0000c99                dlfree
                0x00000000c0000ff4                dlmalloc
                0x00000000c0001531                dlrealloc
                0x00000000c00016d4                dlmemalign
                0x00000000c00017f7                dlcalloc
                0x00000000c0001891                dlcfree
                0x00000000c0001896                dlindependent_calloc
                0x00000000c00018bb                dlindependent_comalloc
                0x00000000c00018d2                dlvalloc
                0x00000000c00018fd                dlpvalloc
                0x00000000c0001933                dlmalloc_trim
                0x00000000c0001940                dlmalloc_usable_size
                0x00000000c0001971                dlmallinfo
                0x00000000c0001a40                dlmalloc_stats
                0x00000000c0001a51                dlmallopt
 *fill*         0x00000000c0001adb        0x1 
 .text          0x00000000c0001adc      0x1f2 libk/ctype.32
                0x00000000c0001adc                isblank
                0x00000000c0001afc                iscntrl
                0x00000000c0001b1c                isdigit
                0x00000000c0001b38                islower
                0x00000000c0001b54                isspace
                0x00000000c0001b7c                isupper
                0x00000000c0001b98                isalpha
                0x00000000c0001bc8                isalnum
                0x00000000c0001bf8                ispunct
                0x00000000c0001c38                isgraph
                0x00000000c0001c68                isprint
                0x00000000c0001c90                isxdigit
 .text          0x00000000c0001cce        0x0 libk/string.32
 .text          0x00000000c0001cce       0x51 fs/fat/diskio.32
                0x00000000c0001cce                disk_status
                0x00000000c0001cd1                disk_initialize
                0x00000000c0001cd4                disk_read
                0x00000000c0001cea                disk_write
                0x00000000c0001d00                disk_ioctl
 .text          0x00000000c0001d1f     0x3d4b fs/fat/ff.32
                0x00000000c0003abb                f_mount
                0x00000000c0003b1d                f_open
                0x00000000c0003de8                f_read
                0x00000000c0003fe7                f_write
                0x00000000c000421b                f_sync
                0x00000000c00042d0                f_close
                0x00000000c00042ff                f_lseek
                0x00000000c00044a6                f_opendir
                0x00000000c0004571                f_closedir
                0x00000000c0004593                f_readdir
                0x00000000c0004625                f_stat
                0x00000000c00046a4                f_getfree
                0x00000000c00047a6                f_truncate
                0x00000000c000488a                f_unlink
                0x00000000c00049ac                f_mkdir
                0x00000000c0004b47                f_rename
                0x00000000c0004cfd                f_chmod
                0x00000000c0004da6                f_utime
                0x00000000c0004e54                f_getlabel
                0x00000000c0004fa5                f_setlabel
                0x00000000c0005135                f_expand
                0x00000000c0005295                f_mkfs
 *fill*         0x00000000c0005a6a        0x2 
 .text          0x00000000c0005a6c       0x2f fs/fat/ffsystem.32
                0x00000000c0005a6c                ff_memalloc
                0x00000000c0005a84                ff_memfree
 *fill*         0x00000000c0005a9b        0x1 
 .text          0x00000000c0005a9c      0x2a8 fs/fat/ffunicode.32
                0x00000000c0005a9c                ff_uni2oem
                0x00000000c0005b3c                ff_oem2uni
                0x00000000c0005bb4                ff_wtoupper
 .text          0x00000000c0005d44      0xc76 fs/iso9660/iso9660.32
                0x00000000c0005f63                isoReadDiscSector
                0x00000000c0005ffe                strnicmp
                0x00000000c00062b1                stricmp
                0x00000000c00062fd                iso_open
                0x00000000c0006387                iso_close
                0x00000000c00063a5                iso_read
                0x00000000c00064bb                iso_seek
                0x00000000c000653f                iso_tell
                0x00000000c0006570                iso_total
                0x00000000c000659b                fn_postprocess
                0x00000000c00065c1                iso_readdir
                0x00000000c00067b2                iso_reset
                0x00000000c00067bf                init_percd
                0x00000000c00068b9                iso_ioctl
                0x00000000c00068c1                fs_iso9660_init
                0x00000000c000694a                fs_iso9660_shutdown
 .text          0x00000000c00069ba      0x685 core/computer.32
                0x00000000c00069ba                Computer::close(int, int, void*)
                0x00000000c00069ff                Krnl::firstTask()
                0x00000000c0006b32                Computer::Computer()
                0x00000000c0006b32                Computer::Computer()
                0x00000000c0006be4                Computer::setBootMessage(char const*)
                0x00000000c0006be6                Computer::detectFeatures()
                0x00000000c0006df0                Computer::displayFeatures()
                0x00000000c0006df2                Computer::rdmsr(unsigned int)
                0x00000000c0006e1e                Computer::wrmsr(unsigned int, unsigned long long)
                0x00000000c0006e56                Computer::shutdown()
                0x00000000c0006e6e                Computer::restart()
                0x00000000c0006e86                Computer::sleep()
                0x00000000c0006e9a                Computer::nmiEnabled()
                0x00000000c0006ea6                Computer::readCMOS(unsigned char)
                0x00000000c0006ec0                Computer::enableNMI(bool)
                0x00000000c0006ed8                Computer::open(int, int, void*)
                0x00000000c0006fac                Computer::disableNMI()
                0x00000000c0006fbc                Computer::writeCMOS(unsigned char, unsigned char)
                0x00000000c0006fda                Computer::handleNMI()
 *fill*         0x00000000c000703f        0x1 
 .text          0x00000000c0007040      0x1cf core/gdt.32
                0x00000000c0007040                GDTEntry::setBase(unsigned int)
                0x00000000c000705c                GDTEntry::setLimit(unsigned int)
                0x00000000c000707a                GDT::GDT()
                0x00000000c000707a                GDT::GDT()
                0x00000000c0007090                GDT::addEntry(GDTEntry)
                0x00000000c00070b2                GDT::getNumberOfEntries()
                0x00000000c00070ba                GDT::flush()
                0x00000000c00070dc                GDT::setup()
 .text          0x00000000c000720f       0x1d core/idle.32
                0x00000000c000720f                idleFunction(void*)
 .text          0x00000000c000722c      0x464 core/idt.32
                0x00000000c000722c                IDTEntry::IDTEntry(bool)
                0x00000000c000722c                IDTEntry::IDTEntry(bool)
                0x00000000c000729e                IDTEntry::setOffset(unsigned int)
                0x00000000c00072b4                IDT::IDT()
                0x00000000c00072b4                IDT::IDT()
                0x00000000c00072b6                IDT::getPointerToInvalidOpcodeEntryForF00F()
                0x00000000c00072be                IDT::addEntry(IDTEntry, int)
                0x00000000c00072d8                IDT::addEntry(int, void (*)(), bool)
                0x00000000c0007310                IDT::flush()
                0x00000000c000732a                IDT::setup()
 .text          0x00000000c0007690      0x183 core/kheap.32
                0x00000000c0007690                sbrk
                0x00000000c0007725                mmap
                0x00000000c000773b                munmap
                0x00000000c0007751                liballoc_lock()
                0x00000000c000775e                liballoc_unlock()
                0x00000000c0007772                liballoc_alloc(int)
                0x00000000c000778a                liballoc_free(void*, int)
                0x00000000c00077a5                realloc
                0x00000000c00077b9                malloc
                0x00000000c00077c9                free
                0x00000000c00077d9                rfree
                0x00000000c00077e9                calloc
 .text          0x00000000c0007813       0xc3 core/main.32
                0x00000000c0007813                KeEntryPoint
 .text          0x00000000c00078d6      0x5dc core/physmgr.32
                0x00000000c00078d6                Phys::allocateDMA(unsigned long)
                0x00000000c00079ad                Phys::freeDMA(unsigned long, unsigned long)
                0x00000000c00079e0                Phys::setPageState(unsigned long, bool)
                0x00000000c0007a12                Phys::getPageState(unsigned long)
                0x00000000c0007a33                Phys::freePage(unsigned long)
                0x00000000c0007a95                Phys::allocatePage()
                0x00000000c0007b53                Phys::allocateContiguousPages(int)
                0x00000000c0007baf                Phys::allowSegmentToBeUsed(unsigned long, unsigned long)
                0x00000000c0007be7                Phys::physicalMemorySetup(unsigned int)
 .text          0x00000000c0007eb2      0x273 core/pipe.32
                0x00000000c0007eb2                Pipe::isAtty()
                0x00000000c0007eb6                Pipe::~Pipe()
                0x00000000c0007eb6                Pipe::~Pipe()
                0x00000000c0007eda                Pipe::~Pipe()
                0x00000000c0007f02                Pipe::write(unsigned long long, void*, int*)
                0x00000000c0007fc2                Pipe::read(unsigned long long, void*, int*)
                0x00000000c00080be                Pipe::Pipe(int)
                0x00000000c00080be                Pipe::Pipe(int)
 *fill*         0x00000000c0008125        0x1 
 .text          0x00000000c0008126      0xaa0 core/terminal.32
                0x00000000c0008126                VgaText::isAtty()
                0x00000000c000812a                VgaText::~VgaText()
                0x00000000c000812a                VgaText::~VgaText()
                0x00000000c000814e                VgaText::~VgaText()
                0x00000000c0008178                VgaText::read(unsigned long long, void*, int*)
                0x00000000c0008198                setTerminalScrollLock(bool)
                0x00000000c0008199                doTerminalCycle()
                0x00000000c000819a                addToTerminalCycle(VgaText*)
                0x00000000c000819b                scrollTerminalScrollLock(int)
                0x00000000c000819c                VgaText::updateTitle()
                0x00000000c000819e                VgaText::load()
                0x00000000c00081a0                VgaText::updateCursor()
                0x00000000c00081b6                VgaText::doANSI_SGR(int)
                0x00000000c000822a                VgaText::setDefaultBgColour(VgaColour)
                0x00000000c000823a                VgaText::setDefaultFgColour(VgaColour)
                0x00000000c000824a                VgaText::setDefaultColours(VgaColour, VgaColour)
                0x00000000c000826a                VgaText::setTitleTextColour(VgaColour)
                0x00000000c0008276                VgaText::setTitleColour(VgaColour)
                0x00000000c0008282                VgaText::setTitle(char*)
                0x00000000c0008284                VgaText::combineColours(unsigned char, unsigned char)
                0x00000000c0008296                VgaText::scrollScreen()
                0x00000000c000832e                VgaText::combineCharAndColour(char, unsigned char)
                0x00000000c0008340                VgaText::writeCharacter(char, VgaColour, VgaColour, int, int)
                0x00000000c00083d0                VgaText::getCursorX()
                0x00000000c00083d8                VgaText::getCursorY()
                0x00000000c00083e0                VgaText::setCursor(int, int)
                0x00000000c00083f7                setActiveTerminal(VgaText*)
                0x00000000c0008442                VgaText::clearScreen()
                0x00000000c0008490                VgaText::setCursorX(int)
                0x00000000c00084a8                VgaText::setCursorY(int)
                0x00000000c00084c0                VgaText::incrementCursor(bool)
                0x00000000c0008514                VgaText::decrementCursor(bool)
                0x00000000c0008536                VgaText::putchar(char, VgaColour, VgaColour)
                0x00000000c0008604                VgaText::putchar(char)
                0x00000000c00086f0                VgaText::putx(unsigned int)
                0x00000000c0008736                VgaText::puts(char const*)
                0x00000000c000875c                VgaText::write(unsigned long long, void*, int*)
                0x00000000c00087a8                VgaText::puts(char const*, VgaColour, VgaColour)
                0x00000000c00088fa                VgaText::VgaText(char const*)
                0x00000000c00088fa                VgaText::VgaText(char const*)
                0x00000000c0008a46                VgaText::receiveKey(unsigned char)
                0x00000000c0008ba0                VgaText::doUpdate()
                0x00000000c0008ba1                newTerminal(char*)
 *fill*         0x00000000c0008bc6        0x2 
 .text          0x00000000c0008bc8      0x1a1 core/tss.32
                0x00000000c0008bc8                TSS::TSS()
                0x00000000c0008bc8                TSS::TSS()
                0x00000000c0008bd8                TSS::setESP(unsigned long)
                0x00000000c0008bec                TSS::flush()
                0x00000000c0008c0c                TSS::setup(unsigned long, unsigned long)
 *fill*         0x00000000c0008d69        0x1 
 .text          0x00000000c0008d6a      0x4c2 core/unixfile.32
                0x00000000c0008d6a                ReservedFilename::read(unsigned long long, void*, int*)
                0x00000000c0008dc0                ReservedFilename::isAtty()
                0x00000000c0008ddc                ReservedFilename::write(unsigned long long, void*, int*)
                0x00000000c0008e3a                UnixFile::getFileDescriptor()
                0x00000000c0008e42                UnixFile::UnixFile(int)
                0x00000000c0008e42                UnixFile::UnixFile(int)
                0x00000000c0008ff2                ReservedFilename::ReservedFilename(int)
                0x00000000c0008ff2                ReservedFilename::ReservedFilename(int)
                0x00000000c0009024                UnixFile::~UnixFile()
                0x00000000c0009024                UnixFile::~UnixFile()
                0x00000000c00090bc                UnixFile::~UnixFile()
                0x00000000c00090e4                ReservedFilename::~ReservedFilename()
                0x00000000c00090e4                ReservedFilename::~ReservedFilename()
                0x00000000c0009108                ReservedFilename::~ReservedFilename()
                0x00000000c000912f                getFromFileDescriptor(int)
 .text          0x00000000c000922c     0x1291 core/virtmgr.32
                0x00000000c000922c                Virt::setPageState(unsigned long, Virt::VirtPageState)
                0x00000000c0009261                Virt::getPageState(unsigned long)
                0x00000000c0009285                Virt::allocateKernelVirtualPages(int)
                0x00000000c0009396                Virt::freeSwapfilePage(unsigned long)
                0x00000000c00093b4                Virt::swapIDToSector(unsigned long)
                0x00000000c00093c6                Virt::allocateSwapfilePage()
                0x00000000c0009444                Virt::virtualMemorySetup()
                0x00000000c000948f                Virt::setupPageSwapping(int)
                0x00000000c0009500                VAS::VAS(VAS*)
                0x00000000c0009500                VAS::VAS(VAS*)
                0x00000000c000952e                VAS::getForeignPageTableEntry(bool, unsigned long)
                0x00000000c000955a                VAS::getPageTableEntry(unsigned long)
                0x00000000c0009579                Virt::freeKernelVirtualPages(unsigned long)
                0x00000000c000969e                VAS::freeAllocatedPages(unsigned long)
                0x00000000c00096c2                VAS::virtualToPhysical(unsigned long)
                0x00000000c00096dc                VAS::reflagRange(unsigned long, int, int, int)
                0x00000000c0009732                VAS::setToWriteCombining(unsigned long, int)
                0x00000000c000976a                VAS::mapOtherVASIn(bool, VAS*)
                0x00000000c0009794                VAS::~VAS()
                0x00000000c0009794                VAS::~VAS()
                0x00000000c00098f8                VAS::mapPage(unsigned long, unsigned long, int)
                0x00000000c00099fc                VAS::allocatePages(int, int)
                0x00000000c0009bd4                VAS::setCPUSpecific(unsigned long)
                0x00000000c0009bf2                VAS::mapRange(unsigned long, unsigned long, int, int)
                0x00000000c0009cb8                VAS::VAS()
                0x00000000c0009cb8                VAS::VAS()
                0x00000000c0009d30                VAS::mapForeignPage(bool, VAS*, unsigned long, unsigned long, int)
                0x00000000c0009e1e                VAS::VAS(bool)
                0x00000000c0009e1e                VAS::VAS(bool)
                0x00000000c000a14e                VAS::evict(unsigned long)
                0x00000000c000a210                VAS::tryLoadBackOffDisk(unsigned long)
                0x00000000c000a2fe                VAS::scanForEviction()
                0x00000000c000a3de                mapVASFirstTime
 .text          0x00000000c000a4bd       0x5f coreobjs/c++.32
                0x00000000c000a4bd                __cxa_atexit
                0x00000000c000a4c0                __cxa_finalize
                0x00000000c000a4c1                __stack_chk_fail
                0x00000000c000a4f7                __cxa_pure_virtual
                0x00000000c000a508                operator new[](unsigned long)
                0x00000000c000a50d                operator delete(void*, unsigned long)
                0x00000000c000a512                operator delete[](void*)
                0x00000000c000a517                operator delete[](void*, unsigned long)
 .text          0x00000000c000a51c      0x21c dbg/kconsole.32
                0x00000000c000a51c                Dbg::stringifyxWithBase(unsigned int, char*, int)
                0x00000000c000a587                Dbg::logc(char)
                0x00000000c000a5a7                Dbg::logs(char*)
                0x00000000c000a5c4                Dbg::logWriteInt(unsigned int)
                0x00000000c000a5e2                Dbg::logWriteIntBase(unsigned int, int)
                0x00000000c000a603                Dbg::kprintf(char const*, ...)
 .text          0x00000000c000a738      0xc5c fs/vfs.32
                0x00000000c000a738                File::read(unsigned long long, void*, int*)
                0x00000000c000a790                File::write(unsigned long long, void*, int*)
                0x00000000c000a7e8                Directory::read(unsigned long long, void*, int*)
                0x00000000c000a840                Directory::write(unsigned long long, void*, int*)
                0x00000000c000a86e                File::isAtty()
                0x00000000c000a872                Directory::isAtty()
                0x00000000c000a876                Filesystem::getlabel(LogicalDisk*, int, char*, unsigned int*)
                0x00000000c000a87c                Filesystem::setlabel(LogicalDisk*, int, char*)
                0x00000000c000a882                Filesystem::allocateSwapfile(char const*, int)
                0x00000000c000a888                File::~File()
                0x00000000c000a888                File::~File()
                0x00000000c000a8ac                File::~File()
                0x00000000c000a8d6                Directory::~Directory()
                0x00000000c000a8d6                Directory::~Directory()
                0x00000000c000a8fa                Directory::~Directory()
                0x00000000c000a924                Filesystem::Filesystem()
                0x00000000c000a924                Filesystem::Filesystem()
                0x00000000c000a948                Filesystem::~Filesystem()
                0x00000000c000a948                Filesystem::~Filesystem()
                0x00000000c000a956                Filesystem::~Filesystem()
                0x00000000c000a97a                Fs::getcwd(Process*, char*, int)
                0x00000000c000a9a4                Fs::initVFS()
                0x00000000c000a9ce                Fs::standardiseFiles(char*, char const*, char const*)
                0x00000000c000ab78                File::File(char const*, Process*)
                0x00000000c000ab78                File::File(char const*, Process*)
                0x00000000c000ac38                File::open(FileOpenMode)
                0x00000000c000ac96                File::close()
                0x00000000c000acf6                File::seek(unsigned long long)
                0x00000000c000ad4c                File::tell(unsigned long long*)
                0x00000000c000ad9c                File::rewind()
                0x00000000c000adb0                File::unlink()
                0x00000000c000adfc                File::rename(char const*)
                0x00000000c000ae4a                File::chfatattr(unsigned char, unsigned char)
                0x00000000c000aea6                File::exists()
                0x00000000c000aee4                File::stat(unsigned long long*, bool*)
                0x00000000c000af45                Fs::setcwd(Process*, char*)
                0x00000000c000b0a2                Directory::Directory(char const*, Process*)
                0x00000000c000b0a2                Directory::Directory(char const*, Process*)
                0x00000000c000b162                Directory::open()
                0x00000000c000b1be                Directory::close()
                0x00000000c000b21e                Directory::unlink()
                0x00000000c000b26a                Directory::rename(char const*)
                0x00000000c000b2b8                Directory::exists()
                0x00000000c000b2f6                Directory::read(dirent*)
                0x00000000c000b342                Directory::create()
                0x00000000c000b38e                Filesystem::chfatattr(char const*, unsigned char, unsigned char)
 .text          0x00000000c000b394       0x86 hal/bus.32
                0x00000000c000b394                Bus::Bus(char const*)
                0x00000000c000b394                Bus::Bus(char const*)
                0x00000000c000b3cc                Bus::~Bus()
                0x00000000c000b3cc                Bus::~Bus()
                0x00000000c000b3f0                Bus::~Bus()
 .text          0x00000000c000b41a       0x96 hal/buzzer.32
                0x00000000c000b41a                beepThread(void*)
                0x00000000c000b457                Krnl::beep(int, int, bool)
 .text          0x00000000c000b4b0      0x46d hal/clock.32
                0x00000000c000b4b0                User::loadClockSettings(int)
                0x00000000c000b502                Clock::Clock(char const*)
                0x00000000c000b502                Clock::Clock(char const*)
                0x00000000c000b538                Clock::~Clock()
                0x00000000c000b538                Clock::~Clock()
                0x00000000c000b55c                Clock::~Clock()
                0x00000000c000b586                Clock::timeInSecondsLocal()
                0x00000000c000b5ce                Clock::setTimeInSecondsLocal(unsigned long long)
                0x00000000c000b627                datetimeToSeconds(datetime_t)
                0x00000000c000b754                Clock::setTimeInDatetimeLocal(datetime_t)
                0x00000000c000b7b4                secondsToDatetime(unsigned long long)
                0x00000000c000b8f8                Clock::timeInDatetimeLocal()
 *fill*         0x00000000c000b91d        0x1 
 .text          0x00000000c000b91e      0x464 hal/device.32
                0x00000000c000b91e                Device::hibernate()
                0x00000000c000b920                Device::wake()
                0x00000000c000b922                Device::detect()
                0x00000000c000b924                Device::disableLegacy()
                0x00000000c000b926                Device::powerSaving(PowerSavingLevel)
                0x00000000c000b928                DriverlessDevice::close(int, int, void*)
                0x00000000c000b92c                DriverlessDevice::detect()
                0x00000000c000b92e                DriverlessDevice::open(int, int, void*)
                0x00000000c000b942                Device::~Device()
                0x00000000c000b942                Device::~Device()
                0x00000000c000b950                Device::~Device()
                0x00000000c000b978                Device::findAndLoadDriver()
                0x00000000c000b986                Device::preOpenPCI(PCIDeviceInfo)
                0x00000000c000b9ac                Device::preOpenACPI(void*, char*, char*)
                0x00000000c000b9ec                Device::addIRQHandler(int, void (*)(regs*, void*), bool, void*)
                0x00000000c000ba16                Device::getParent()
                0x00000000c000ba22                Device::removeIRQHandler(int, void (*)(regs*, void*), bool)
                0x00000000c000ba40                Device::addChild(Device*)
                0x00000000c000ba84                Device::removeAllChildren()
                0x00000000c000baca                Device::hibernateAll()
                0x00000000c000bafa                Device::wakeAll()
                0x00000000c000bb2a                Device::detectAll()
                0x00000000c000bb5a                Device::disableLegacyAll()
                0x00000000c000bb5c                Device::loadDriversForAll()
                0x00000000c000bb5e                Device::closeAll()
                0x00000000c000bb94                Device::powerSavingAll(PowerSavingLevel)
                0x00000000c000bbca                Device::setName(char const*)
                0x00000000c000bbd8                Device::Device(char const*)
                0x00000000c000bbd8                Device::Device(char const*)
                0x00000000c000bcd4                Device::getName()
                0x00000000c000bcde                DriverlessDevice::DriverlessDevice(char const*)
                0x00000000c000bcde                DriverlessDevice::DriverlessDevice(char const*)
                0x00000000c000bd14                Device::addToLinkedList(LinkedList<Device>&, DeviceType)
                0x00000000c000bd58                getDevicesOfType(DeviceType)
 *fill*         0x00000000c000bd82        0x2 
 .text          0x00000000c000bd84       0x86 hal/diskctrl.32
                0x00000000c000bd84                HardDiskController::HardDiskController(char const*)
                0x00000000c000bd84                HardDiskController::HardDiskController(char const*)
                0x00000000c000bdbc                HardDiskController::~HardDiskController()
                0x00000000c000bdbc                HardDiskController::~HardDiskController()
                0x00000000c000bde0                HardDiskController::~HardDiskController()
 .text          0x00000000c000be0a       0xe2 hal/diskphys.32
                0x00000000c000be0a                PhysicalDisk::eject()
                0x00000000c000be0e                PhysicalDisk::PhysicalDisk(char const*, int)
                0x00000000c000be0e                PhysicalDisk::PhysicalDisk(char const*, int)
                0x00000000c000be76                PhysicalDisk::startCache()
                0x00000000c000be9e                PhysicalDisk::~PhysicalDisk()
                0x00000000c000be9e                PhysicalDisk::~PhysicalDisk()
                0x00000000c000bec2                PhysicalDisk::~PhysicalDisk()
 .text          0x00000000c000beec        0x0 hal/fpu.32
 .text          0x00000000c000beec      0x35d hal/intctrl.32
                0x00000000c000beec                int_handler
                0x00000000c000bf74                installISRHandler(int, void (*)(regs*, void*), void*)
                0x00000000c000bfbc                installIRQHandler(int, void (*)(regs*, void*), bool, void*)
                0x00000000c000c0f4                uninstallISRHandler(int, void (*)(regs*, void*))
                0x00000000c000c128                uninstallIRQHandler(int, void (*)(regs*, void*), bool)
                0x00000000c000c1a7                setupINTS()
                0x00000000c000c204                convertLegacyIRQNumber(int)
 *fill*         0x00000000c000c249        0x1 
 .text          0x00000000c000c24a      0x7cc hal/keybrd.32
                0x00000000c000c24a                startGUI(void*)
                0x00000000c000c2b6                startGUIVESA(void*)
                0x00000000c000c322                sendKeyToTerminal(unsigned char)
                0x00000000c000c3eb                sendKeyboardToken(KeyboardToken)
                0x00000000c000c82b                clearInternalKeybuffer(VgaText*)
                0x00000000c000c860                readKeyboard(VgaText*, char*, unsigned long)
                0x00000000c000c98c                Keyboard::Keyboard(char const*)
                0x00000000c000c98c                Keyboard::Keyboard(char const*)
                0x00000000c000c9c8                Keyboard::~Keyboard()
                0x00000000c000c9c8                Keyboard::~Keyboard()
                0x00000000c000c9ec                Keyboard::~Keyboard()
 .text          0x00000000c000ca16      0x3ea hal/logidisk.32
                0x00000000c000ca16                LogicalDisk::close(int, int, void*)
                0x00000000c000ca1a                LogicalDisk::~LogicalDisk()
                0x00000000c000ca1a                LogicalDisk::~LogicalDisk()
                0x00000000c000ca3e                LogicalDisk::~LogicalDisk()
                0x00000000c000ca68                LogicalDisk::open(int, int, void*)
                0x00000000c000ca7c                LogicalDisk::absoluteToRelative(unsigned long long)
                0x00000000c000cab4                LogicalDisk::relativeToAbsolute(unsigned long long)
                0x00000000c000cafa                LogicalDisk::LogicalDisk(char const*, PhysicalDisk*, unsigned long long, unsigned long long)
                0x00000000c000cafa                LogicalDisk::LogicalDisk(char const*, PhysicalDisk*, unsigned long long, unsigned long long)
                0x00000000c000cbb0                LogicalDisk::assignDriveLetter()
                0x00000000c000cc66                LogicalDisk::mount()
                0x00000000c000ccae                LogicalDisk::unmount()
                0x00000000c000ccbe                LogicalDisk::eject()
                0x00000000c000ccd2                LogicalDisk::unassignDriveLetter()
                0x00000000c000cd28                LogicalDisk::read(unsigned long long, int, void*)
                0x00000000c000cd94                LogicalDisk::write(unsigned long long, int, void*)
 .text          0x00000000c000ce00       0x86 hal/mouse.32
                0x00000000c000ce00                Mouse::Mouse(char const*)
                0x00000000c000ce00                Mouse::Mouse(char const*)
                0x00000000c000ce38                Mouse::~Mouse()
                0x00000000c000ce38                Mouse::~Mouse()
                0x00000000c000ce5c                Mouse::~Mouse()
 .text          0x00000000c000ce86      0x339 hal/partition.32
                0x00000000c000ce86                makePartition(PhysicalDisk*, unsigned long long, unsigned long long)
                0x00000000c000cf2e                createPartitionsForDisk(PhysicalDisk*)
 *fill*         0x00000000c000d1bf        0x1 
 .text          0x00000000c000d1c0       0x86 hal/serial.32
                0x00000000c000d1c0                Serial::Serial(char const*)
                0x00000000c000d1c0                Serial::Serial(char const*)
                0x00000000c000d1f8                Serial::~Serial()
                0x00000000c000d1f8                Serial::~Serial()
                0x00000000c000d21c                Serial::~Serial()
 *fill*         0x00000000c000d246        0x2 
 .text          0x00000000c000d248      0x234 hal/timer.32
                0x00000000c000d248                Timer::Timer(char const*)
                0x00000000c000d248                Timer::Timer(char const*)
                0x00000000c000d280                Timer::~Timer()
                0x00000000c000d280                Timer::~Timer()
                0x00000000c000d2a4                Timer::~Timer()
                0x00000000c000d2ce                Timer::read()
                0x00000000c000d2d9                setupTimer(int)
                0x00000000c000d314                timerHandler(unsigned int)
 .text          0x00000000c000d47c      0x3ce hal/vcache.32
                0x00000000c000d47c                VCache::VCache(PhysicalDisk*)
                0x00000000c000d47c                VCache::VCache(PhysicalDisk*)
                0x00000000c000d5e4                VCache::invalidateReadBuffer()
                0x00000000c000d5f4                VCache::writeWriteBuffer()
                0x00000000c000d640                VCache::~VCache()
                0x00000000c000d640                VCache::~VCache()
                0x00000000c000d694                VCache::~VCache()
                0x00000000c000d6bc                VCache::write(unsigned long long, int, void*)
                0x00000000c000d7d2                VCache::read(unsigned long long, int, void*)
 .text          0x00000000c000d84a      0x4b3 hal/video.32
                0x00000000c000d84a                Video::putrect(int, int, int, int, unsigned int)
                0x00000000c000d896                Video::bitblit(int, int, int, int, int, int, int, unsigned int*)
                0x00000000c000d906                Video::blit(unsigned int*, int, int, int, int)
                0x00000000c000d984                Video::clearScreen(unsigned int)
                0x00000000c000d9b8                Video::putpixel(int, int, unsigned int)
                0x00000000c000d9c6                Video::Video(char const*)
                0x00000000c000d9c6                Video::Video(char const*)
                0x00000000c000d9fc                Video::~Video()
                0x00000000c000d9fc                Video::~Video()
                0x00000000c000da20                Video::~Video()
                0x00000000c000da4a                Video::isMonochrome()
                0x00000000c000da56                Video::getWidth()
                0x00000000c000da62                Video::getHeight()
                0x00000000c000da6e                Video::drawCursor(int, int, unsigned char*, int)
                0x00000000c000db2a                Video::tgaParse(unsigned char*, int, int*, int*)
                0x00000000c000dc92                Video::putTGA(int, int, unsigned char*, int)
 *fill*         0x00000000c000dcfd        0x3 
 .text          0x00000000c000dd00     0x1307 hw/acpi.32
                0x00000000c000dd00                ACPI::close(int, int, void*)
                0x00000000c000ddb8                findRSDP()
                0x00000000c000de48                loadACPITables(unsigned char*)
                0x00000000c000e0ac                findRSDT(unsigned char*)
                0x00000000c000e1fc                findDataTable(unsigned char*, char*)
                0x00000000c000e274                scanMADT()
                0x00000000c000e748                ACPI::ACPI()
                0x00000000c000e748                ACPI::ACPI()
                0x00000000c000e79c                ACPI::getPCIIRQAssignment(unsigned char, unsigned short, unsigned char)
                0x00000000c000e884                ACPI::registerPCIIRQAssignment(void*, unsigned short, unsigned char, unsigned char)
                0x00000000c000e94c                ACPI::setScreenBrightnessLevel(void*, int)
                0x00000000c000e954                ACPI::detectPCI()
                0x00000000c000eb5c                ACPI::writeSimpleBootFlag(SimpleBootFlagTable*)
                0x00000000c000ebb0                ACPI::sleep()
                0x00000000c000ebcc                ACPI::open(int, int, void*)
 *fill*         0x00000000c000f007        0x1 
 .text          0x00000000c000f008      0xb95 hw/cpu.32
                0x00000000c000f008                CPU::close(int, int, void*)
                0x00000000c000f00c                CPU::AMD_K6_write_msr(unsigned int, unsigned int, unsigned int, CPU::REGS*)
                0x00000000c000f028                CPU::AMD_K6_read_msr(unsigned int, CPU::REGS*)
                0x00000000c000f040                CPU::AMD_K6_writeback(int, int, int)
                0x00000000c000f0b4                CPU::cpuid(int, unsigned long*, unsigned long*, unsigned long*, unsigned long*)
                0x00000000c000f138                CPU::cpuidCheckEDX(unsigned int)
                0x00000000c000f166                CPU::cpuidCheckECX(unsigned int)
                0x00000000c000f194                CPU::cpuidCheckExtendedEBX(unsigned int)
                0x00000000c000f1c2                CPU::cpuidCheckExtendedECX(unsigned int)
                0x00000000c000f1f0                CPU::CPU()
                0x00000000c000f1f0                CPU::CPU()
                0x00000000c000f27e                CPU::displayFeatures()
                0x00000000c000f280                CPU::detectFeatures()
                0x00000000c000f944                CPU::setupSMEP()
                0x00000000c000f950                CPU::setupUMIP()
                0x00000000c000f95a                CPU::setupTSC()
                0x00000000c000f964                CPU::setupLargePages()
                0x00000000c000f96e                CPU::setupPAT()
                0x00000000c000f9aa                CPU::setupMTRR()
                0x00000000c000f9ac                CPU::setupGlobalPages()
                0x00000000c000f9b6                CPU::allowUsermodeDataAccess()
                0x00000000c000f9c8                CPU::prohibitUsermodeDataAccess()
                0x00000000c000f9da                CPU::setupSMAP()
                0x00000000c000f9e8                CPU::setupFeatures()
                0x00000000c000fab4                CPU::open(int, int, void*)
 .text          0x00000000c000fb9d       0xd1 krnl/bootmsg.32
                0x00000000c000fb9d                KeDisplaySplashScreen()
                0x00000000c000fc0b                KeSetBootMessage(char const*)
 .text          0x00000000c000fc6e      0x581 krnl/env.32
                0x00000000c000fc6e                EnvVarContainer::getEnv(char const*)
                0x00000000c000fcac                EnvVarContainer::setEnv(char const*, char const*)
                0x00000000c000fd6e                EnvVarContainer::deleteEnv(char const*)
                0x00000000c000fd70                EnvVarContainer::loadFrom(char const*, char const*)
                0x00000000c000ff56                EnvVarContainer::__loadSystem()
                0x00000000c000ff70                EnvVarContainer::__loadUser()
                0x00000000c000ff72                EnvVarContainer::EnvVarContainer(Process*)
                0x00000000c000ff72                EnvVarContainer::EnvVarContainer(Process*)
                0x00000000c000ff94                EnvVarContainer::~EnvVarContainer()
                0x00000000c000ff94                EnvVarContainer::~EnvVarContainer()
                0x00000000c000ffc4                Krnl::getEnv(Process*, char const*)
                0x00000000c0010029                Krnl::setEnvSystem(char const*, char const*)
                0x00000000c0010043                Krnl::setEnvUser(char const*, char const*)
                0x00000000c0010062                Krnl::setEnvProcess(Process*, char const*, char const*)
                0x00000000c0010075                Krnl::deleteEnvSystem(char const*)
                0x00000000c0010076                Krnl::deleteEnvUser(char const*)
                0x00000000c0010077                Krnl::deleteEnvProcess(Process*, char const*)
                0x00000000c0010078                Krnl::newProcessEnv(Process*)
                0x00000000c001009a                Krnl::copyProcessEnv(Process*, Process*)
                0x00000000c00100e6                Krnl::loadSystemEnv()
                0x00000000c0010114                Krnl::loadUserEnv()
                0x00000000c001013a                Krnl::flushEnv()
                0x00000000c001013b                Krnl::getProcessTotalEnvCount(Process*)
                0x00000000c001015b                Krnl::getProcessEnvPair(Process*, int)
 .text          0x00000000c00101ef       0x94 krnl/inlines.32
                0x00000000c00101ef                CPU::current()
                0x00000000c00101fb                operator new(unsigned long)
                0x00000000c0010200                operator delete(void*)
                0x00000000c0010205                disableIRQs()
                0x00000000c0010207                enableIRQs()
                0x00000000c0010209                lockScheduler()
                0x00000000c0010211                unlockScheduler()
                0x00000000c0010220                lockStuff()
                0x00000000c001022e                unlockStuff()
                0x00000000c0010268                Virt::getAKernelVAS()
                0x00000000c001026e                __not_memcpy
 .text          0x00000000c0010283        0xc krnl/panic.32
                0x00000000c0010283                KePanic(char const*)
 .text          0x00000000c001028f      0x142 krnl/powctrl.32
                0x00000000c001028f                Krnl::powerThread(void*)
                0x00000000c00102bd                Krnl::changePowerSettings(Krnl::PowerSettings)
                0x00000000c00102d3                Krnl::userIOReceived()
                0x00000000c00102de                Krnl::handlePowerButton()
                0x00000000c0010313                Krnl::handleSleepButton()
                0x00000000c0010348                Krnl::setupPowerManager()
 *fill*         0x00000000c00103d1        0x3 
 .text          0x00000000c00103d4      0x190 krnl/resolve.32
                0x00000000c00103d4                KeResolveCompatibilitySymbol(char*)
 .text          0x00000000c0010564      0x2c3 krnl/signal.32
                0x00000000c0010564                KiSigKill(int)
                0x00000000c0010590                KiDefaultSignalHandlerIgnore(int)
                0x00000000c0010591                KiDefaultSignalHandlerPause(int)
                0x00000000c00105bd                KiDefaultSignalHandlerResume(int)
                0x00000000c00105e9                KeDeinitSignals(SigHandlerBlock*)
                0x00000000c00105ee                KeInitSignals()
                0x00000000c0010639                KeRegisterSignalHandler(SigHandlerBlock*, int, void (*)(int), unsigned int, int)
                0x00000000c001066f                KeRaiseSignal(SigHandlerBlock*, int)
                0x00000000c00106ec                KeCheckSignal(SigHandlerBlock*)
                0x00000000c00107d7                KiCheckSignalZ
                0x00000000c00107ec                KeCompleteSignal(SigHandlerBlock*, int)
 .text          0x00000000c0010827      0xcfe krnl/syscalls.32
                0x00000000c0010827                SysSeekDir(regs*)
                0x00000000c001082c                SysTellDir(regs*)
                0x00000000c0010831                SysVerify(regs*)
                0x00000000c001083b                SysGetArgc(regs*)
                0x00000000c001084b                SysTTYName(regs*)
                0x00000000c0010853                SysFormatDisk(regs*)
                0x00000000c00108c0                SysSetDiskVolumeLabel(regs*)
                0x00000000c001090a                SysGetDiskVolumeLabel(regs*)
                0x00000000c001095f                SysShutdown(regs*)
                0x00000000c00109bd                SysRealpath(regs*)
                0x00000000c0010a00                SysReadDir(regs*)
                0x00000000c0010a80                SysIsATTY(regs*)
                0x00000000c0010adc                SysSeek(regs*)
                0x00000000c0010b35                SysTell(regs*)
                0x00000000c0010ba4                SysSize(regs*)
                0x00000000c0010c19                SysSizeFromFilename(regs*)
                0x00000000c0010ccc                SysClose(regs*)
                0x00000000c0010d2c                SysOpenDir(regs*)
                0x00000000c0010e3d                SysCloseDir(regs*)
                0x00000000c0010e91                SysMakeDir(regs*)
                0x00000000c0010f03                SysWait(regs*)
                0x00000000c0010f20                SysNotImpl(regs*)
                0x00000000c0010f3b                SysPanic(regs*)
                0x00000000c0010f56                SysRmdir(regs*)
                0x00000000c0010fbd                SysUnlink(regs*)
                0x00000000c0011024                SysGetArgv(regs*)
                0x00000000c0011071                SysUSleep(regs*)
                0x00000000c001109a                SysSpawn(regs*)
                0x00000000c0011103                SysGetEnv(regs*)
                0x00000000c00111b2                SysSetFatAttrib(regs*)
                0x00000000c0011229                SysPipe(regs*)
                0x00000000c001126e                SysGetUnixTime(regs*)
                0x00000000c0011282                string_ends_with(char const*, char const*)
                0x00000000c00112cc                SysOpen(regs*)
                0x00000000c00114d3                KeSystemCall(regs*, void*)
 .text          0x00000000c0011525      0x50e reg/registry.32
                0x00000000c0011525                Reg::findLineFromLoadedData(char*, char*, char*)
                0x00000000c001167d                Reg::getLineFromRegistry(char*, char*, char*, char*)
                0x00000000c00117d2                Reg::getLine(char*, char*, char*)
                0x00000000c0011809                Reg::readInt(char*, char*, int*)
                0x00000000c00118f4                Reg::readString(char*, char*, char*, int)
                0x00000000c0011975                Reg::readBool(char*, char*, bool*)
                0x00000000c001199a                Reg::readBoolWithDefault(char*, char*, bool)
                0x00000000c00119c6                Reg::readIntWithDefault(char*, char*, int)
                0x00000000c00119f2                Reg::readStringWithDefault(char*, char*, char*, int, char*)
 .text          0x00000000c0011a33       0x36 sys/eject.32
                0x00000000c0011a33                SysEject(regs*)
 .text          0x00000000c0011a69       0x18 sys/exit.32
                0x00000000c0011a69                SysExit(regs*)
 .text          0x00000000c0011a81       0x1f sys/getcwd.32
                0x00000000c0011a81                SysGetCwd(regs*)
 .text          0x00000000c0011aa0        0xc sys/getpid.32
                0x00000000c0011aa0                SysGetPID(regs*)
 .text          0x00000000c0011aac       0x1a sys/getramdata.32
                0x00000000c0011aac                SysGetRAMData(regs*)
 .text          0x00000000c0011ac6       0x82 sys/getvgaptr.32
                0x00000000c0011ac6                SysGetVGAPtr(regs*)
 .text          0x00000000c0011b48       0xa8 sys/loaddll.32
                0x00000000c0011b48                SysLoadDLL(regs*)
 .text          0x00000000c0011bf0       0x68 sys/read.32
                0x00000000c0011bf0                SysRead(regs*)
 .text          0x00000000c0011c58       0x29 sys/registersignal.32
                0x00000000c0011c58                SysRegisterSignal(regs*)
 .text          0x00000000c0011c81       0x67 sys/sbrk.32
                0x00000000c0011c81                SysSbrk(regs*)
 .text          0x00000000c0011ce8       0x1c sys/setcwd.32
                0x00000000c0011ce8                SysSetCwd(regs*)
 .text          0x00000000c0011d04       0x95 sys/settime.32
                0x00000000c0011d04                SysSetTime(regs*)
 .text          0x00000000c0011d99       0x4a sys/timezone.32
                0x00000000c0011d99                SysTimezone(regs*)
 .text          0x00000000c0011de3       0x68 sys/write.32
                0x00000000c0011de3                SysWrite(regs*)
 .text          0x00000000c0011e4b       0x62 sys/wsbe.32
                0x00000000c0011e4b                SysWsbe(regs*)
 .text          0x00000000c0011ead       0x25 sys/yield.32
                0x00000000c0011ead                SysYield(regs*)
 .text          0x00000000c0011ed2     0x11e5 thr/elf.32
                0x00000000c0011ed2                Thr::allocateMemoryForTask(Process*, File*, unsigned long, unsigned long, unsigned long)
                0x00000000c001215e                Thr::loadProgramIntoMemory(Process*, char const*)
                0x00000000c0012374                Thr::runtimeReferenceHelper()
                0x00000000c0012387                Thr::getAddressOfKernelSymbol(char const*)
                0x00000000c00123d6                Thr::loadKernelSymbolTable(char const*)
                0x00000000c0012694                Thr::loadDriverIntoMemory(char const*, unsigned long, bool)
                0x00000000c0012dca                Thr::getDriverBaseFromAddress(unsigned long)
                0x00000000c0012dfc                Thr::getDriverNameFromAddress(unsigned long)
                0x00000000c0012e33                Thr::getDriverOffsetFromAddress(unsigned long)
                0x00000000c0012e4d                Thr::loadDLL(char const*, bool)
                0x00000000c001307e                Thr::executeDLL(unsigned long, void*)
 *fill*         0x00000000c00130b7        0x1 
 .text          0x00000000c00130b8     0x12fd thr/prcssthr.32
                0x00000000c00130b8                userModeEntryPoint(void*)
                0x00000000c00130e0                changeTSS
                0x00000000c0013110                switchToThread(ThreadControlBlock*)
                0x00000000c00131c4                Process::addArgs(char**)
                0x00000000c0013224                Process::Process(char const*, Process*, char**)
                0x00000000c0013224                Process::Process(char const*, Process*, char**)
                0x00000000c0013430                Process::Process(bool, char const*, Process*, char**)
                0x00000000c0013430                Process::Process(bool, char const*, Process*, char**)
                0x00000000c0013608                taskStartupFunction
                0x00000000c0013614                Semaphore::Semaphore(int)
                0x00000000c0013614                Semaphore::Semaphore(int)
                0x00000000c0013644                Mutex::Mutex()
                0x00000000c0013644                Mutex::Mutex()
                0x00000000c0013658                Process::createThread(void (*)(void*), void*, int)
                0x00000000c0013750                Process::createUserThread()
                0x00000000c0013770                setupMultitasking(void (*)())
                0x00000000c0013878                schedule()
                0x00000000c0013908                Semaphore::tryAcquire()
                0x00000000c00139d4                Semaphore::assertLocked(char const*)
                0x00000000c0013a4c                blockTaskWithSchedulerLockAlreadyHeld(TaskState)
                0x00000000c0013a74                blockTask(TaskState)
                0x00000000c0013aa4                waitTask(int, int*, int)
                0x00000000c0013ae8                milliTenthSleepUntil(unsigned int)
                0x00000000c0013b78                milliTenthSleep(unsigned int)
                0x00000000c0013b88                sleep(unsigned int)
                0x00000000c0013ba4                Semaphore::acquire()
                0x00000000c0013c60                taskReturned
                0x00000000c0013c9c                Thr::processFromPID(int)
                0x00000000c0013d3c                unblockTask(ThreadControlBlock*)
                0x00000000c0013de0                cleanupTerminatedTask(ThreadControlBlock*)
                0x00000000c00140ac                cleanerTaskFunction(void*)
                0x00000000c001419c                terminateTask(int)
                0x00000000c0014268                Thr::terminateFromIRQ(int)
                0x00000000c0014278                Semaphore::release()
 .text          0x00000000c00143b5      0xb93 vm86/vm8086.32
                0x00000000c00143b5                Vm::inbv(unsigned short)
                0x00000000c00143c8                Vm::outbv(unsigned short, unsigned char)
                0x00000000c00143fe                Vm::realToLinear(unsigned short, unsigned short)
                0x00000000c001440e                Vm::getSegment(unsigned int)
                0x00000000c0014416                Vm::getOffset(unsigned int)
                0x00000000c001441b                Vm::mainloop2()
                0x00000000c0014455                Vm::mainVm8086Loop(void*)
                0x00000000c0014465                Vm::mainloop3(unsigned long)
                0x00000000c001448b                Vm::initialise8086()
                0x00000000c00144ce                Vm::finish8086()
                0x00000000c001452f                Vm::getOutput8086(unsigned char*)
                0x00000000c0014554                Vm::start8086FromBuffer(unsigned char*, int, unsigned short, unsigned short, unsigned short, unsigned short)
                0x00000000c001460d                Vm::start8086(char const*, unsigned short, unsigned short, unsigned short, unsigned short)
                0x00000000c0014775                Vm::doISR(regs*, int, unsigned char*, unsigned short, unsigned short)
                0x00000000c00147ff                Vm::readByteFromReal(unsigned short, unsigned short)
                0x00000000c0014810                Vm::readWordFromReal(unsigned short, unsigned short)
                0x00000000c0014822                Vm::readDwordFromReal(unsigned short, unsigned short)
                0x00000000c0014833                Vm::writeByteFromReal(unsigned short, unsigned short, unsigned char)
                0x00000000c0014848                Vm::writeWordFromReal(unsigned short, unsigned short, unsigned short)
                0x00000000c001485e                Vm::writeDwordFromReal(unsigned short, unsigned short, unsigned int)
                0x00000000c0014873                Vm::faultHandler(regs*)
 .text          0x00000000c0014f48      0xa53 arch/i386/hal.32
                0x00000000c0014f48                noCopro(unsigned long)
                0x00000000c0014f49                nmiHandler(regs*, void*)
                0x00000000c0014f62                doubleFault(regs*, void*)
                0x00000000c0014f7b                displayDebugInfo(regs*)
                0x00000000c001529c                HalSystemIdle()
                0x00000000c0015312                displayProgramFault(char const*)
                0x00000000c001535e                gpFault(regs*, void*)
                0x00000000c00153c3                pgFault(regs*, void*)
                0x00000000c0015449                otherISRHandler(regs*, void*)
                0x00000000c001547d                opcodeFault(regs*, void*)
                0x00000000c00154fd                i386SaveCoprocessor(void*)
                0x00000000c0015511                i386LoadCoprocessor(void*)
                0x00000000c0015525                x87EmulHandler(regs*, void*)
                0x00000000c00155c2                HalInitialiseCoprocessor()
                0x00000000c0015670                HalPanic(char const*)
                0x00000000c0015769                HalQueryPerformanceCounter()
                0x00000000c0015784                HalInitialise()
                0x00000000c001592a                HalMakeBeep(int)
                0x00000000c0015964                HalGetRand()
                0x00000000c0015967                HalEndOfInterrupt(int)
                0x00000000c0015998                HalRestart()
                0x00000000c0015999                HalShutdown()
                0x00000000c001599a                HalSleep()
 *fill*         0x00000000c001599b        0x1 
 .text          0x00000000c001599c      0x2f4 arch/i386/pic.32
                0x00000000c001599c                picIoWait()
                0x00000000c00159a4                picDisable()
                0x00000000c00159d8                picGetIRQReg(int)
                0x00000000c0015a5c                picOpen()
                0x00000000c0015bec                picEOI(int)
 .text          0x00000000c0015c90      0x64d arch/i386/rtc.32
                0x00000000c0015c90                RTC::open(int, int, void*)
                0x00000000c0015c94                RTC::close(int, int, void*)
                0x00000000c0015c98                RTC::timeInSecondsUTC()
                0x00000000c0015caa                RTC::timeInDatetimeUTC()
                0x00000000c0015cd0                RTC::setTimeInSecondsUTC(unsigned long long)
                0x00000000c0015d0e                RTC::~RTC()
                0x00000000c0015d0e                RTC::~RTC()
                0x00000000c0015d32                RTC::~RTC()
                0x00000000c0015d5c                RTC::get_update_in_progress_flag()
                0x00000000c0015d74                RTC::completeRTCRefresh()
                0x00000000c001602c                RTC::setTimeInDatetimeUTC(datetime_t)
                0x00000000c00161df                rtcIRQHandler(regs*, void*)
                0x00000000c0016224                RTC::RTC()
                0x00000000c0016224                RTC::RTC()
 *fill*         0x00000000c00162dd        0x3 
 .text          0x00000000c00162e0      0x203 arch/i386/vga.32
                0x00000000c00162e0                HalConsoleScroll(int, int)
                0x00000000c00163e8                HalConsoleWriteCharacter(char, int, int, int, int)
                0x00000000c0016454                HalConsoleCursorUpdate(int, int)
 *fill*         0x00000000c00164e3        0x1 
 .text          0x00000000c00164e4     0x13e7 fs/fat/vfslink.32
                0x00000000c00164e4                FAT::getName()
                0x00000000c00164ec                FAT::tell(void*, unsigned long long*)
                0x00000000c0016528                FAT::stat(void*, unsigned long long*)
                0x00000000c0016564                FAT::~FAT()
                0x00000000c0016564                FAT::~FAT()
                0x00000000c0016588                FAT::~FAT()
                0x00000000c00165b0                FAT::getlabel(LogicalDisk*, int, char*, unsigned int*)
                0x00000000c0016654                FAT::setlabel(LogicalDisk*, int, char*)
                0x00000000c0016718                FAT::format(LogicalDisk*, int, char const*, int)
                0x00000000c00168ec                FAT::tryMount(LogicalDisk*, int)
                0x00000000c0016b04                FAT::allocateSwapfile(char const*, int)
                0x00000000c0016cc4                FAT::readDir(void*, unsigned long, void*, int*)
                0x00000000c0016e30                FAT::read(void*, unsigned long, void*, int*)
                0x00000000c0016e90                FAT::write(void*, unsigned long, void*, int*)
                0x00000000c0016ef0                FAT::close(void*)
                0x00000000c0016f44                FAT::closeDir(void*)
                0x00000000c0016f98                FAT::seek(void*, unsigned long long)
                0x00000000c0016ff0                fatWrapperReadDisk
                0x00000000c0017034                fatWrapperWriteDisk
                0x00000000c0017078                fatWrapperIoctl
                0x00000000c0017194                FAT::FAT()
                0x00000000c0017194                FAT::FAT()
                0x00000000c00171e8                FAT::fixFilepath(char*)
                0x00000000c0017224                FAT::open(char const*, void**, FileOpenMode)
                0x00000000c001735c                FAT::openDir(char const*, void**)
                0x00000000c001740c                FAT::stat(char const*, unsigned long long*, bool*)
                0x00000000c0017504                FAT::unlink(char const*)
                0x00000000c0017584                FAT::chfatattr(char const*, unsigned char, unsigned char)
                0x00000000c0017710                FAT::rename(char const*, char const*)
                0x00000000c00177dc                FAT::mkdir(char const*)
                0x00000000c001785c                FAT::exists(char const*)
 *fill*         0x00000000c00178cb        0x1 
 .text          0x00000000c00178cc       0xc6 fs/iso9660/helper.32
                0x00000000c00178cc                isoReadDiscSectorHelper
                0x00000000c0017928                iso_kprintf
                0x00000000c0017948                iso_kprintfd
 .text          0x00000000c0017992      0x586 fs/iso9660/vfslink.32
                0x00000000c0017992                ISO9660::format(LogicalDisk*, int, char const*, int)
                0x00000000c0017998                ISO9660::getName()
                0x00000000c001799e                ISO9660::closeDir(void*)
                0x00000000c00179a8                ISO9660::chfatattr(char const*, unsigned char, unsigned char)
                0x00000000c00179ae                ISO9660::unlink(char const*)
                0x00000000c00179b4                ISO9660::write(void*, unsigned long, void*, int*)
                0x00000000c00179ba                ISO9660::rename(char const*, char const*)
                0x00000000c00179c0                ISO9660::mkdir(char const*)
                0x00000000c00179c6                ISO9660::~ISO9660()
                0x00000000c00179c6                ISO9660::~ISO9660()
                0x00000000c00179ea                ISO9660::~ISO9660()
                0x00000000c0017a12                ISO9660::exists(char const*)
                0x00000000c0017a26                ISO9660::open(char const*, void**, FileOpenMode)
                0x00000000c0017ac6                ISO9660::openDir(char const*, void**)
                0x00000000c0017b56                ISO9660::read(void*, unsigned long, void*, int*)
                0x00000000c0017b96                ISO9660::seek(void*, unsigned long long)
                0x00000000c0017bce                ISO9660::tell(void*, unsigned long long*)
                0x00000000c0017c04                ISO9660::stat(void*, unsigned long long*)
                0x00000000c0017c3e                ISO9660::stat(char const*, unsigned long long*, bool*)
                0x00000000c0017d10                ISO9660::close(void*)
                0x00000000c0017d36                ISO9660::readDir(void*, unsigned long, void*, int*)
                0x00000000c0017e03                readSectorFromCDROM(unsigned int, unsigned char*, char)
                0x00000000c0017e7e                ISO9660::tryMount(LogicalDisk*, int)
                0x00000000c0017ef0                ISO9660::ISO9660()
                0x00000000c0017ef0                ISO9660::ISO9660()
 .text          0x00000000c0017f18      0x26c hal/sound/sndcard.32
                0x00000000c0017f18                SoundCard::beginPlayback()
                0x00000000c0017f26                SoundCard::stopPlayback()
                0x00000000c0017f34                SoundCard::SoundCard(char const*)
                0x00000000c0017f34                SoundCard::SoundCard(char const*)
                0x00000000c0017fd2                SoundCard::~SoundCard()
                0x00000000c0017fd2                SoundCard::~SoundCard()
                0x00000000c0017ff6                SoundCard::~SoundCard()
                0x00000000c0018020                SoundCard::configureRates(int, int, int)
                0x00000000c0018050                SoundCard::getSamples16(int, short*)
                0x00000000c00180ac                SoundCard::getSamples32(int, int*)
                0x00000000c0018132                SoundCard::addChannel(SoundPort*)
                0x00000000c0018170                SoundCard::removeChannel(int)
 .text          0x00000000c0018184      0x377 hal/sound/sndport.32
                0x00000000c0018184                SoundPort::SoundPort(int, int, int, int)
                0x00000000c0018184                SoundPort::SoundPort(int, int, int, int)
                0x00000000c0018210                SoundPort::~SoundPort()
                0x00000000c0018210                SoundPort::~SoundPort()
                0x00000000c0018244                SoundPort::unpause()
                0x00000000c0018250                SoundPort::pause()
                0x00000000c001825c                SoundPort::getBufferUsed()
                0x00000000c0018264                SoundPort::getBufferSize()
                0x00000000c001826c                SoundPort::buffer16(short*, int)
                0x00000000c00182f8                SoundPort::buffer32(int*, int)
                0x00000000c0018380                SoundPort::unbufferAndAdd16(int, short*, SoundCard*)
                0x00000000c0018444                SoundPort::unbufferAndAdd32(int, int*, SoundCard*)
 .text          0x00000000c00184fb        0x0 hw/bus/isa.32
 *fill*         0x00000000c00184fb        0x1 
 .text          0x00000000c00184fc      0xb49 hw/bus/pci.32
                0x00000000c00184fc                PCI::open(int, int, void*)
                0x00000000c001851a                PCI::close(int, int, void*)
                0x00000000c001851e                PCI::PCI()
                0x00000000c001851e                PCI::PCI()
                0x00000000c00185b8                PCI::readBAR8(unsigned int, int)
                0x00000000c00185d4                PCI::readBAR16(unsigned int, int)
                0x00000000c00185f2                PCI::readBAR32(unsigned int, int)
                0x00000000c001860e                PCI::writeBAR8(unsigned int, unsigned char, int)
                0x00000000c001862e                PCI::writeBAR16(unsigned int, unsigned short, int)
                0x00000000c0018650                PCI::writeBAR32(unsigned int, unsigned int, int)
                0x00000000c0018670                PCI::legacyMechanism(unsigned char, unsigned char, unsigned char, unsigned char)
                0x00000000c00186de                PCI::pciReadWord(unsigned char, unsigned char, unsigned char, unsigned char)
                0x00000000c0018786                PCI::getVendorID(unsigned char, unsigned char, unsigned char)
                0x00000000c00187aa                PCI::getHeaderType(unsigned char, unsigned char, unsigned char)
                0x00000000c00187d2                PCI::getClassCode(unsigned char, unsigned char, unsigned char)
                0x00000000c001881c                PCI::getProgIF(unsigned char, unsigned char, unsigned char)
                0x00000000c0018844                PCI::getRevisionID(unsigned char, unsigned char, unsigned char)
                0x00000000c0018868                PCI::getInterruptNumber(unsigned char, unsigned char, unsigned char)
                0x00000000c001888c                PCI::getSecondaryBus(unsigned char, unsigned char, unsigned char)
                0x00000000c00188b4                PCI::getBARAddress(unsigned char, unsigned char, unsigned char, unsigned char)
                0x00000000c0018918                PCI::pciWriteWord(unsigned char, unsigned char, unsigned char, unsigned char, unsigned short)
                0x00000000c0018a00                PCI::pciDetailsToFilepath(PCIDeviceInfo, char*)
                0x00000000c0018c7a                PCI::checkBus(unsigned char)
                0x00000000c0018ca0                PCI::foundDevice(PCIDeviceInfo)
                0x00000000c0018e12                PCI::getDeviceData(unsigned char, unsigned char, unsigned char)
                0x00000000c0018f86                PCI::checkDevice(unsigned char, unsigned char)
                0x00000000c0018ff2                PCI::detect()
 *fill*         0x00000000c0019045        0x1 
 .text          0x00000000c0019046      0xb5a hw/diskctrl/ide.32
                0x00000000c0019046                IDE::close(int, int, void*)
                0x00000000c001904a                IDE::IDE()
                0x00000000c001904a                IDE::IDE()
                0x00000000c001907e                IDE::prepareInterrupt(unsigned char)
                0x00000000c0019090                selectDrive(unsigned char, unsigned char)
                0x00000000c0019092                IDE::getBase(unsigned char)
                0x00000000c00190a4                IDE::write(unsigned char, unsigned char, unsigned char)
                0x00000000c0019164                IDE::read(unsigned char, unsigned char)
                0x00000000c0019212                IDE::waitInterrupt(unsigned char)
                0x00000000c001927a                ideChannel0IRQHandler(regs*, void*)
                0x00000000c0019296                ideChannel1IRQHandler(regs*, void*)
                0x00000000c00192b2                IDE::enableIRQs(unsigned char, bool)
                0x00000000c00192f8                IDE::open(int, int, void*)
                0x00000000c0019706                IDE::readBuffer(unsigned char, unsigned char, unsigned int, unsigned int)
                0x00000000c00197d2                IDE::detect()
                0x00000000c0019a92                IDE::printError(unsigned char, unsigned char, unsigned char)
                0x00000000c0019b42                IDE::polling(unsigned char, unsigned int)
 .text          0x00000000c0019ba0      0x32a hw/diskctrl/satabus.32
                0x00000000c0019ba0                SATABus::close(int, int, void*)
                0x00000000c0019ba4                SATABus::detect()
                0x00000000c0019ba6                SATABus::SATABus()
                0x00000000c0019ba6                SATABus::SATABus()
                0x00000000c0019c2c                SATABus::findCmdslot(SATABus::tagHBA_PORT volatile*)
                0x00000000c0019c5e                SATABus::checkType(SATABus::tagHBA_PORT volatile*)
                0x00000000c0019ca6                SATABus::startCmd(SATABus::tagHBA_PORT volatile*)
                0x00000000c0019cc6                SATABus::stopCmd(SATABus::tagHBA_PORT volatile*)
                0x00000000c0019cf0                SATABus::portRebase(SATABus::tagHBA_PORT volatile*, int)
                0x00000000c0019e00                SATABus::probePort(SATABus::tagHBA_MEM volatile*)
                0x00000000c0019eaa                SATABus::open(int, int, void*)
 .text          0x00000000c0019eca      0x5f4 hw/diskphys/ata.32
                0x00000000c0019eca                ATA::close(int, int, void*)
                0x00000000c0019eee                ATA::powerSaving(PowerSavingLevel)
                0x00000000c0019ef0                ATA::ATA()
                0x00000000c0019ef0                ATA::ATA()
                0x00000000c0019f1e                ATA::flush(bool)
                0x00000000c0019f68                ATA::readyForCommand()
                0x00000000c0019fb4                ATA::access(unsigned long long, int, void*, bool)
                0x00000000c001a330                ATA::read(unsigned long long, int, void*)
                0x00000000c001a37c                ATA::write(unsigned long long, int, void*)
                0x00000000c001a3c8                ATA::detectCHS()
                0x00000000c001a3f2                ATA::open(int, int, void*)
 .text          0x00000000c001a4be      0x60e hw/diskphys/atapi.32
                0x00000000c001a4be                ATAPI::write(unsigned long long, int, void*)
                0x00000000c001a4c4                ATAPI::close(int, int, void*)
                0x00000000c001a4e8                ATAPI::ATAPI()
                0x00000000c001a4e8                ATAPI::ATAPI()
                0x00000000c001a516                ATAPI::readyForCommand()
                0x00000000c001a568                ATAPI::sendPacket(unsigned char*, int, bool, unsigned short*, int)
                0x00000000c001a828                ATAPI::diskRemoved()
                0x00000000c001a862                ATAPI::eject()
                0x00000000c001a8aa                ATAPI::diskInserted()
                0x00000000c001a8b6                ATAPI::detectMedia()
                0x00000000c001a972                ATAPI::open(int, int, void*)
                0x00000000c001aa52                ATAPI::read(unsigned long long, int, void*)
 .text          0x00000000c001aacc      0x402 hw/diskphys/sata.32
                0x00000000c001aacc                SATA::close(int, int, void*)
                0x00000000c001aaf0                SATA::powerSaving(PowerSavingLevel)
                0x00000000c001aaf2                SATA::open(int, int, void*)
                0x00000000c001ab9c                SATA::SATA()
                0x00000000c001ab9c                SATA::SATA()
                0x00000000c001abca                SATA::access(unsigned long long, int, void*, bool)
                0x00000000c001ae16                SATA::read(unsigned long long, int, void*)
                0x00000000c001ae62                SATA::write(unsigned long long, int, void*)
 .text          0x00000000c001aece      0x5af hw/diskphys/satapi.32
                0x00000000c001aece                SATAPI::write(unsigned long long, int, void*)
                0x00000000c001aed4                SATAPI::close(int, int, void*)
                0x00000000c001aef8                SATAPI::SATAPI()
                0x00000000c001aef8                SATAPI::SATAPI()
                0x00000000c001af26                SATAPI::diskRemoved()
                0x00000000c001af28                SATAPI::diskInserted()
                0x00000000c001af44                SATAPI::sendPacket(unsigned char*, int, unsigned long long, unsigned short*, int)
                0x00000000c001b224                SATAPI::eject()
                0x00000000c001b260                SATAPI::detectMedia()
                0x00000000c001b286                SATAPI::open(int, int, void*)
                0x00000000c001b386                SATAPI::read(unsigned long long, int, void*)
 *fill*         0x00000000c001b47d        0x1 
 .text          0x00000000c001b47e      0x455 hw/intctrl/apic.32
                0x00000000c001b47e                IOAPIC::close(int, int, void*)
                0x00000000c001b484                apicGetBase()
                0x00000000c001b4c6                IOAPIC::IOAPIC()
                0x00000000c001b4c6                IOAPIC::IOAPIC()
                0x00000000c001b4ee                apicOpen()
                0x00000000c001b654                IOAPIC::handlesGSIWithNumber(unsigned int)
                0x00000000c001b686                IOAPIC::read(int)
                0x00000000c001b6ae                IOAPIC::open(int, int, void*)
                0x00000000c001b7a2                IOAPIC::write(int, int)
                0x00000000c001b7ce                IOAPIC::redirect(unsigned char, unsigned long long, unsigned char, bool, bool)
 *fill*         0x00000000c001b8d3        0x1 
 .text          0x00000000c001b8d4       0xf0 hw/timer/apictimer.32
                0x00000000c001b8d4                APICTimer::close(int, int, void*)
                0x00000000c001b8dc                apicTimerHandler(regs*, void*)
                0x00000000c001b904                APICTimer::open(int, int, void*)
                0x00000000c001b974                APICTimer::write(int)
                0x00000000c001b99c                APICTimer::APICTimer()
                0x00000000c001b99c                APICTimer::APICTimer()
 .text          0x00000000c001b9c4      0x1aa hw/timer/pit.32
                0x00000000c001b9c4                PIT::write(int)
                0x00000000c001ba48                pitHandler(regs*, void*)
                0x00000000c001ba6c                PIT::open(int, int, void*)
                0x00000000c001babc                PIT::close(int, int, void*)
                0x00000000c001baec                PIT::PIT()
                0x00000000c001baec                PIT::PIT()
 *fill*         0x00000000c001bb6e        0x2 
 .text          0x00000000c001bb70       0x83 arch/i386/avx.32
                0x00000000c001bb70                avxDetect
                0x00000000c001bb9a                avxSave
                0x00000000c001bbab                avxLoad
                0x00000000c001bbbc                avxInit
                0x00000000c001bbde                avxClose
                0x00000000c001bbdf                wouldSheSayYes
 *fill*         0x00000000c001bbf3        0xd 
 .text          0x00000000c001bc00      0x231 arch/i386/interrupt.32
                0x00000000c001bc00                isr0
                0x00000000c001bc10                isr1
                0x00000000c001bc1a                isr2
                0x00000000c001bc24                isr3
                0x00000000c001bc2e                isr4
                0x00000000c001bc38                isr5
                0x00000000c001bc42                isr6
                0x00000000c001bc4c                isr7
                0x00000000c001bc56                isr8
                0x00000000c001bc5e                isr9
                0x00000000c001bc68                isr10
                0x00000000c001bc70                isr11
                0x00000000c001bc78                isr12
                0x00000000c001bc80                isr13
                0x00000000c001bc88                isr14
                0x00000000c001bc90                isr15
                0x00000000c001bc9a                isr16
                0x00000000c001bca4                isr17
                0x00000000c001bcae                isr18
                0x00000000c001bcb8                irq3
                0x00000000c001bcc2                irq4
                0x00000000c001bccc                irq5
                0x00000000c001bcd6                irq6
                0x00000000c001bce0                irq7
                0x00000000c001bcea                irq8
                0x00000000c001bcf4                irq9
                0x00000000c001bcfe                irq10
                0x00000000c001bd08                irq11
                0x00000000c001bd12                irq12
                0x00000000c001bd1c                irq13
                0x00000000c001bd26                irq14
                0x00000000c001bd30                irq15
                0x00000000c001bd3a                irq1
                0x00000000c001bd41                irq2
                0x00000000c001bd48                isr96
                0x00000000c001bd4f                irq0
                0x00000000c001bd54                int_common_stub
                0x00000000c001bd86                syscall_common_stub
                0x00000000c001bde1                irq16
                0x00000000c001bdeb                irq17
                0x00000000c001bdf5                irq18
                0x00000000c001bdff                irq19
                0x00000000c001be09                irq20
                0x00000000c001be13                irq21
                0x00000000c001be1d                irq22
                0x00000000c001be27                irq23
 *fill*         0x00000000c001be31        0xf 
 .text          0x00000000c001be40       0x10 arch/i386/rdrand.32
                0x00000000c001be40                i386GetRDRAND
 .text          0x00000000c001be50       0x39 arch/i386/sse.32
                0x00000000c001be50                absolutelyNoChanceInHell
                0x00000000c001be50                sseDetect
                0x00000000c001be68                sseSave
                0x00000000c001be70                sseLoad
                0x00000000c001be78                sseInit
                0x00000000c001be88                sseClose
 *fill*         0x00000000c001be89        0x7 
 .text          0x00000000c001be90       0x49 arch/i386/x87.32
                0x00000000c001be96                x87Detect
                0x00000000c001beb1                x87Save
                0x00000000c001beb8                x87Load
                0x00000000c001bebf                x87Init
                0x00000000c001bed8                x87Close
 *fill*         0x00000000c001bed9        0x3 
 .text          0x00000000c001bedc       0x25 /cygdrive/d/Users/Alex/Desktop/Toolchain/Output/bin/../lib/gcc/i386-banana/8.1.0/crtend.o
 .text          0x00000000c001bf01        0x0 crtn.32
 *fill*         0x00000000c001bf01        0x3 
 .text          0x00000000c001bf04      0x14b /cygdrive/d/Users/Alex/Desktop/Toolchain/Output/bin/../lib/gcc/i386-banana/8.1.0/libkgcc.a(_divdi3.o)
                0x00000000c001bf04                __divdi3
 *fill*         0x00000000c001c04f        0x1 
 .text          0x00000000c001c050      0x17e /cygdrive/d/Users/Alex/Desktop/Toolchain/Output/bin/../lib/gcc/i386-banana/8.1.0/libkgcc.a(_moddi3.o)
                0x00000000c001c050                __moddi3
 *fill*         0x00000000c001c1ce        0x2 
 .text          0x00000000c001c1d0       0xff /cygdrive/d/Users/Alex/Desktop/Toolchain/Output/bin/../lib/gcc/i386-banana/8.1.0/libkgcc.a(_udivdi3.o)
                0x00000000c001c1d0                __udivdi3
 *fill*         0x00000000c001c2cf        0x1 
 .text          0x00000000c001c2d0      0x11a /cygdrive/d/Users/Alex/Desktop/Toolchain/Output/bin/../lib/gcc/i386-banana/8.1.0/libkgcc.a(_umoddi3.o)
                0x00000000c001c2d0                __umoddi3
 *(.gnu.linkonce.t*)

.iplt           0x00000000c001c3f0        0x0
 .iplt          0x00000000c001c3f0        0x0 D:/Users/Alex/Desktop/Banana/kernel/boot.32

.init           0x00000000c001c3ea        0xf
 .init          0x00000000c001c3ea        0x3 crti.32
                0x00000000c001c3ea                _init
 .init          0x00000000c001c3ed        0x5 /cygdrive/d/Users/Alex/Desktop/Toolchain/Output/bin/../lib/gcc/i386-banana/8.1.0/crtbegin.o
 .init          0x00000000c001c3f2        0x5 /cygdrive/d/Users/Alex/Desktop/Toolchain/Output/bin/../lib/gcc/i386-banana/8.1.0/crtend.o
 .init          0x00000000c001c3f7        0x2 crtn.32

.fini           0x00000000c001c3f9        0xa
 .fini          0x00000000c001c3f9        0x3 crti.32
                0x00000000c001c3f9                _fini
 .fini          0x00000000c001c3fc        0x5 /cygdrive/d/Users/Alex/Desktop/Toolchain/Output/bin/../lib/gcc/i386-banana/8.1.0/crtbegin.o
 .fini          0x00000000c001c401        0x2 crtn.32

.text._ZN8ComputerD2Ev
                0x00000000c001c404       0x23
 .text._ZN8ComputerD2Ev
                0x00000000c001c404       0x23 core/computer.32
                0x00000000c001c404                Computer::~Computer()
                0x00000000c001c404                Computer::~Computer()

.text._ZN8ComputerD0Ev
                0x00000000c001c428       0x2a
 .text._ZN8ComputerD0Ev
                0x00000000c001c428       0x2a core/computer.32
                0x00000000c001c428                Computer::~Computer()

.text._Z10idleCommonv
                0x00000000c001c452       0x21
 .text._Z10idleCommonv
                0x00000000c001c452       0x21 core/idle.32
                0x00000000c001c452                idleCommon()

.text._ZN10LinkedListI8UnixFileED2Ev
                0x00000000c001c474        0x2
 .text._ZN10LinkedListI8UnixFileED2Ev
                0x00000000c001c474        0x2 core/unixfile.32
                0x00000000c001c474                LinkedList<UnixFile>::~LinkedList()
                0x00000000c001c474                LinkedList<UnixFile>::~LinkedList()

.text._ZN10LinkedListI8UnixFileEC2Ev
                0x00000000c001c476       0x42
 .text._ZN10LinkedListI8UnixFileEC2Ev
                0x00000000c001c476       0x42 core/unixfile.32
                0x00000000c001c476                LinkedList<UnixFile>::LinkedList()
                0x00000000c001c476                LinkedList<UnixFile>::LinkedList()

.text._ZN10LinkedListI8UnixFileE10addElementEPS0_
                0x00000000c001c4b8       0xd3
 .text._ZN10LinkedListI8UnixFileE10addElementEPS0_
                0x00000000c001c4b8       0xd3 core/unixfile.32
                0x00000000c001c4b8                LinkedList<UnixFile>::addElement(UnixFile*)

.text._ZN10LinkedListI8UnixFileE15getFirstElementEv
                0x00000000c001c58c        0x7
 .text._ZN10LinkedListI8UnixFileE15getFirstElementEv
                0x00000000c001c58c        0x7 core/unixfile.32
                0x00000000c001c58c                LinkedList<UnixFile>::getFirstElement()

.text._ZN10LinkedListI8UnixFileE11removeFirstEv
                0x00000000c001c594       0xa1
 .text._ZN10LinkedListI8UnixFileE11removeFirstEv
                0x00000000c001c594       0xa1 core/unixfile.32
                0x00000000c001c594                LinkedList<UnixFile>::removeFirst()

.text._ZN10LinkedListI8UnixFileE7getNextEPS0_
                0x00000000c001c636        0x8
 .text._ZN10LinkedListI8UnixFileE7getNextEPS0_
                0x00000000c001c636        0x8 core/unixfile.32
                0x00000000c001c636                LinkedList<UnixFile>::getNext(UnixFile*)

.text._ZN16DriverlessDeviceD2Ev
                0x00000000c001c63e       0x1a
 .text._ZN16DriverlessDeviceD2Ev
                0x00000000c001c63e       0x1a hal/device.32
                0x00000000c001c63e                DriverlessDevice::~DriverlessDevice()
                0x00000000c001c63e                DriverlessDevice::~DriverlessDevice()

.text._ZN16DriverlessDeviceD0Ev
                0x00000000c001c658       0x2a
 .text._ZN16DriverlessDeviceD0Ev
                0x00000000c001c658       0x2a hal/device.32
                0x00000000c001c658                DriverlessDevice::~DriverlessDevice()

.text._ZN10LinkedListI6DeviceE10addElementEPS0_
                0x00000000c001c682       0xdc
 .text._ZN10LinkedListI6DeviceE10addElementEPS0_
                0x00000000c001c682       0xdc hal/device.32
                0x00000000c001c682                LinkedList<Device>::addElement(Device*)

.text._ZN10LinkedListI6DeviceEC2Ev
                0x00000000c001c75e       0x42
 .text._ZN10LinkedListI6DeviceEC2Ev
                0x00000000c001c75e       0x42 hal/device.32
                0x00000000c001c75e                LinkedList<Device>::LinkedList()
                0x00000000c001c75e                LinkedList<Device>::LinkedList()

.text._ZN10LinkedListIV18ThreadControlBlockE7isEmptyEv
                0x00000000c001c7a0       0x1c
 .text._ZN10LinkedListIV18ThreadControlBlockE7isEmptyEv
                0x00000000c001c7a0       0x1c hal/timer.32
                0x00000000c001c7a0                LinkedList<ThreadControlBlock volatile>::isEmpty()

.text._ZN10LinkedListIV18ThreadControlBlockE15getFirstElementEv
                0x00000000c001c7bc        0x7
 .text._ZN10LinkedListIV18ThreadControlBlockE15getFirstElementEv
                0x00000000c001c7bc        0x7 hal/timer.32
                0x00000000c001c7bc                LinkedList<ThreadControlBlock volatile>::getFirstElement()

.text._ZN10LinkedListIV18ThreadControlBlockE11removeFirstEv