Archive member included to satisfy reference by file (symbol)

/cygdrive/d/Users/Alex/Desktop/Toolchain/Output/bin/../lib/gcc/i386-banana/8.1.0/libkgcc.a(_divdi3.o)
                              fs/fat/ff.32 (__divdi3)
/cygdrive/d/Users/Alex/Desktop/Toolchain/Output/bin/../lib/gcc/i386-banana/8.1.0/libkgcc.a(_moddi3.o)
                              compat/resolve.32 (__moddi3)
/cygdrive/d/Users/Alex/Desktop/Toolchain/Output/bin/../lib/gcc/i386-banana/8.1.0/libkgcc.a(_udivdi3.o)
                              fs/fat/ff.32 (__udivdi3)
/cygdrive/d/Users/Alex/Desktop/Toolchain/Output/bin/../lib/gcc/i386-banana/8.1.0/libkgcc.a(_umoddi3.o)
                              compat/resolve.32 (__umoddi3)

Discarded input sections

 .comment       0x0000000000000000       0x12 /cygdrive/d/Users/Alex/Desktop/Toolchain/Output/bin/../lib/gcc/i386-banana/8.1.0/crtbegin.o
 .comment       0x0000000000000000       0x12 acpica/utclib.32
 .comment       0x0000000000000000       0x12 core/malloc.32
 .comment       0x0000000000000000       0x12 libk/string.32
 .comment       0x0000000000000000       0x12 fs/fat/diskio.32
 .comment       0x0000000000000000       0x12 fs/fat/ff.32
 .comment       0x0000000000000000       0x12 fs/fat/ffsystem.32
 .comment       0x0000000000000000       0x12 fs/fat/ffunicode.32
 .comment       0x0000000000000000       0x12 compat/inlines.32
 .comment       0x0000000000000000       0x12 compat/resolve.32
 .group         0x0000000000000000       0x14 core/computer.32
 .group         0x0000000000000000        0xc core/computer.32
 .comment       0x0000000000000000       0x12 core/computer.32
 .comment       0x0000000000000000       0x12 core/gdt.32
 .group         0x0000000000000000        0xc core/idle.32
 .comment       0x0000000000000000       0x12 core/idle.32
 .comment       0x0000000000000000       0x12 core/idt.32
 .comment       0x0000000000000000       0x12 core/kheap.32
 .comment       0x0000000000000000       0x12 core/main.32
 .comment       0x0000000000000000       0x12 core/physmgr.32
 .group         0x0000000000000000        0xc core/pipe.32
 .comment       0x0000000000000000       0x12 core/pipe.32
 .group         0x0000000000000000        0xc core/terminal.32
 .comment       0x0000000000000000       0x12 core/terminal.32
 .comment       0x0000000000000000       0x12 core/tss.32
 .group         0x0000000000000000        0x8 core/unixfile.32
 .group         0x0000000000000000        0x8 core/unixfile.32
 .group         0x0000000000000000        0xc core/unixfile.32
 .group         0x0000000000000000        0x8 core/unixfile.32
 .group         0x0000000000000000        0xc core/unixfile.32
 .group         0x0000000000000000        0x8 core/unixfile.32
 .group         0x0000000000000000        0xc core/unixfile.32
 .group         0x0000000000000000        0xc core/unixfile.32
 .comment       0x0000000000000000       0x12 core/unixfile.32
 .comment       0x0000000000000000       0x12 core/virtmgr.32
 .comment       0x0000000000000000       0x12 coreobjs/c++.32
 .comment       0x0000000000000000       0x12 dbg/kconsole.32
 .group         0x0000000000000000        0xc fs/vfs.32
 .group         0x0000000000000000        0xc fs/vfs.32
 .group         0x0000000000000000        0xc fs/vfs.32
 .comment       0x0000000000000000       0x12 fs/vfs.32
 .group         0x0000000000000000        0xc hal/bus.32
 .comment       0x0000000000000000       0x12 hal/bus.32
 .comment       0x0000000000000000       0x12 hal/buzzer.32
 .group         0x0000000000000000        0xc hal/clock.32
 .comment       0x0000000000000000       0x12 hal/clock.32
 .group         0x0000000000000000       0x14 hal/device.32
 .group         0x0000000000000000        0xc hal/device.32
 .group         0x0000000000000000        0x8 hal/device.32
 .group         0x0000000000000000        0xc hal/device.32
 .group         0x0000000000000000        0xc hal/device.32
 .comment       0x0000000000000000       0x12 hal/device.32
 .group         0x0000000000000000        0xc hal/diskctrl.32
 .comment       0x0000000000000000       0x12 hal/diskctrl.32
 .group         0x0000000000000000        0xc hal/diskphys.32
 .comment       0x0000000000000000       0x12 hal/diskphys.32
 .group         0x0000000000000000        0xc hal/fpu.32
 .comment       0x0000000000000000       0x12 hal/fpu.32
 .group         0x0000000000000000        0xc hal/intctrl.32
 .comment       0x0000000000000000       0x12 hal/intctrl.32
 .group         0x0000000000000000        0xc hal/keybrd.32
 .comment       0x0000000000000000       0x12 hal/keybrd.32
 .group         0x0000000000000000        0xc hal/logidisk.32
 .comment       0x0000000000000000       0x12 hal/logidisk.32
 .group         0x0000000000000000        0xc hal/mouse.32
 .comment       0x0000000000000000       0x12 hal/mouse.32
 .comment       0x0000000000000000       0x12 hal/partition.32
 .group         0x0000000000000000        0xc hal/serial.32
 .comment       0x0000000000000000       0x12 hal/serial.32
[...]
Memory Configuration

Name             Origin             Length             Attributes
*default*        0x0000000000000000 0xffffffffffffffff

Linker script and memory map

LOAD D:/Users/Alex/Desktop/Banana/kernel/boot.32
LOAD crti.32
LOAD /cygdrive/d/Users/Alex/Desktop/Toolchain/Output/bin/../lib/gcc/i386-banana/8.1.0/crtbegin.o
LOAD D:/Users/Alex/Desktop/Banana/kernel/morenasm.32
LOAD acpica/utclib.32
LOAD core/malloc.32
LOAD libk/string.32
LOAD fs/fat/diskio.32
LOAD fs/fat/ff.32
LOAD fs/fat/ffsystem.32
LOAD fs/fat/ffunicode.32
LOAD compat/inlines.32
LOAD compat/resolve.32
LOAD core/computer.32
LOAD core/gdt.32
LOAD core/idle.32
LOAD core/idt.32
LOAD core/kheap.32
LOAD core/main.32
LOAD core/physmgr.32
LOAD core/pipe.32
LOAD core/terminal.32
LOAD core/tss.32
LOAD core/unixfile.32
LOAD core/virtmgr.32
LOAD coreobjs/c++.32
LOAD dbg/kconsole.32
LOAD fs/vfs.32
LOAD hal/bus.32
LOAD hal/buzzer.32
LOAD hal/clock.32
LOAD hal/device.32
LOAD hal/diskctrl.32
LOAD hal/diskphys.32
LOAD hal/fpu.32
LOAD hal/intctrl.32
LOAD hal/keybrd.32
LOAD hal/logidisk.32
LOAD hal/mouse.32
LOAD hal/partition.32
LOAD hal/serial.32
LOAD hal/timer.32
LOAD hal/vcache.32
LOAD hal/video.32
LOAD hw/acpi.32
LOAD hw/cpu.32
LOAD hw/smp.32
LOAD krnl/env.32
LOAD krnl/panic.32
LOAD krnl/powctrl.32
LOAD reg/registry.32
LOAD sys/sc_eject.32
LOAD sys/sc_exit.32
LOAD sys/sc_getcwd.32
LOAD sys/sc_getpid.32
LOAD sys/sc_getramdata.32
LOAD sys/sc_getvgaptr.32
LOAD sys/sc_loaddll.32
LOAD sys/sc_read.32
LOAD sys/sc_sbrk.32
LOAD sys/sc_setcwd.32
LOAD sys/sc_settime.32
LOAD sys/sc_timezone.32
LOAD sys/sc_write.32
LOAD sys/sc_wsbe.32
LOAD sys/sc_yield.32
LOAD sys/syscalls.32
LOAD thr/elf.32
LOAD thr/prcssthr.32
LOAD vm86/vm8086.32
LOAD vm86/x87em.32
LOAD arch/i386/hal.32
LOAD fs/fat/vfslink.32
LOAD fs/iso9660/vfslink.32
LOAD hal/sound/sndcard.32
LOAD hal/sound/sndport.32
LOAD hw/bus/isa.32
LOAD hw/bus/pci.32
LOAD hw/diskctrl/ide.32
LOAD hw/diskctrl/satabus.32
LOAD hw/diskphys/ata.32
LOAD hw/diskphys/atapi.32
LOAD hw/diskphys/sata.32
LOAD hw/diskphys/satapi.32
LOAD hw/fpu/avx.32
LOAD hw/fpu/mmx.32
LOAD hw/fpu/sse.32
LOAD hw/fpu/x87.32
LOAD hw/intctrl/apic.32
LOAD hw/intctrl/pic.32
LOAD hw/timer/apictimer.32
LOAD hw/timer/pit.32
LOAD arch/i386/avx.32
LOAD arch/i386/rdrand.32
LOAD arch/i386/sse.32
LOAD arch/i386/x87.32
LOAD /cygdrive/d/Users/Alex/Desktop/Toolchain/Output/bin/../lib/gcc/i386-banana/8.1.0/crtend.o
LOAD crtn.32
LOAD /cygdrive/d/Users/Alex/Desktop/Toolchain/Output/bin/../lib/gcc/i386-banana/8.1.0/libkgcc.a
LOAD D:/Users/Alex/Desktop/Banana/kernel/libsoftfp.a
LOAD D:/Users/Alex/Desktop/Banana/kernel/libk/libm32.a
                0x00000000c0000000                . = 0xc0000000

.text           0x00000000c0000000    0x229fa
 *(.text)
 .text          0x00000000c0000000       0x41 D:/Users/Alex/Desktop/Banana/kernel/boot.32
                0x00000000c0000020                callGlobalConstructors
 .text          0x00000000c0000041        0x0 crti.32
 *fill*         0x00000000c0000041        0x3 
 .text          0x00000000c0000044      0x101 /cygdrive/d/Users/Alex/Desktop/Toolchain/Output/bin/../lib/gcc/i386-banana/8.1.0/crtbegin.o
 *fill*         0x00000000c0000145        0xb 
 .text          0x00000000c0000150      0x430 D:/Users/Alex/Desktop/Banana/kernel/morenasm.32
                0x00000000c0000150                manualPCIProbe
                0x00000000c000019b                prepareTramp
                0x00000000c00001b4                doTPAUSE
                0x00000000c00001be                hasLegacyFPU
                0x00000000c00001e3                is486
                0x00000000c0000219                detectCPUID
                0x00000000c000022f                goToVM86
                0x00000000c000025f                goToUsermode
                0x00000000c0000289                switchToThreadASMFirstTime
                0x00000000c0000297                switchToThreadASM
                0x00000000c0000327                asmQuickAcquireLock
                0x00000000c0000345                asmQuickReleaseLock
                0x00000000c0000351                asmAcquireLock
                0x00000000c0000372                asmReleaseLock
                0x00000000c0000385                loadGDT
                0x00000000c00003a5                isr0
                0x00000000c00003b5                isr1
                0x00000000c00003bf                isr2
                0x00000000c00003c9                isr3
                0x00000000c00003d3                isr4
                0x00000000c00003dd                isr5
                0x00000000c00003e7                isr6
                0x00000000c00003f1                isr7
                0x00000000c00003fb                isr8
                0x00000000c0000403                isr9
                0x00000000c000040d                isr10
                0x00000000c0000415                isr11
                0x00000000c000041d                isr12
                0x00000000c0000425                isr13
                0x00000000c000042d                isr14
                0x00000000c0000435                isr15
                0x00000000c000043f                isr16
                0x00000000c0000449                isr17
                0x00000000c0000453                isr18
                0x00000000c000045d                irq3
                0x00000000c0000467                irq4
                0x00000000c0000471                irq5
                0x00000000c000047b                irq6
                0x00000000c0000485                irq7
                0x00000000c000048f                irq8
                0x00000000c0000499                irq9
                0x00000000c00004a3                irq10
                0x00000000c00004ad                irq11
                0x00000000c00004b7                irq12
                0x00000000c00004c1                irq13
                0x00000000c00004cb                irq14
                0x00000000c00004d5                irq15
                0x00000000c00004df                irq1
                0x00000000c00004e6                irq2
                0x00000000c00004ed                isr96
                0x00000000c00004f4                irq0
                0x00000000c00004f9                int_common_stub
                0x00000000c00004f9                syscall_common_stub
                0x00000000c000052b                irq16
                0x00000000c0000535                irq17
                0x00000000c000053f                irq18
                0x00000000c0000549                irq19
                0x00000000c0000553                irq20
                0x00000000c000055d                irq21
                0x00000000c0000567                irq22
                0x00000000c0000571                irq23
                0x00000000c000057b                memcpy
 .text          0x00000000c0000580      0x5dd acpica/utclib.32
                0x00000000c0000580                memcmp
                0x00000000c00005bc                memmove
                0x00000000c0000684                memset
                0x00000000c00006a0                strlen
                0x00000000c00006b8                strpbrk
                0x00000000c00006f4                strtok
                0x00000000c0000740                strcpy
                0x00000000c0000764                strncpy
                0x00000000c00007cc                strcmp
                0x00000000c000080c                strchr
                0x00000000c0000830                strncmp
                0x00000000c0000880                strcat
                0x00000000c00008b0                strncat
                0x00000000c00008ec                strstr
                0x00000000c0000934                toupper
                0x00000000c0000948                tolower
                0x00000000c000095c                simple_strtoul
 .text          0x00000000c0000b5d      0xfad core/malloc.32
                0x00000000c0000cc8                dlfree
                0x00000000c0001023                dlmalloc
                0x00000000c0001560                dlrealloc
                0x00000000c0001703                dlmemalign
                0x00000000c0001826                dlcalloc
                0x00000000c00018c0                dlcfree
                0x00000000c00018c5                dlindependent_calloc
                0x00000000c00018ea                dlindependent_comalloc
                0x00000000c0001901                dlvalloc
                0x00000000c000192c                dlpvalloc
                0x00000000c0001962                dlmalloc_trim
                0x00000000c000196f                dlmalloc_usable_size
                0x00000000c00019a0                dlmallinfo
                0x00000000c0001a6f                dlmalloc_stats
                0x00000000c0001a80                dlmallopt
 .text          0x00000000c0001b0a        0x0 libk/string.32
 .text          0x00000000c0001b0a       0x51 fs/fat/diskio.32
                0x00000000c0001b0a                disk_status
                0x00000000c0001b0d                disk_initialize
                0x00000000c0001b10                disk_read
                0x00000000c0001b26                disk_write
                0x00000000c0001b3c                disk_ioctl
 .text          0x00000000c0001b5b     0x6a69 fs/fat/ff.32
                0x00000000c0004e29                f_mount
                0x00000000c0004e8b                f_open
                0x00000000c00052c7                f_read
                0x00000000c0005547                f_write
                0x00000000c0005801                f_sync
                0x00000000c00059dd                f_close
                0x00000000c0005a0c                f_lseek
                0x00000000c0005ec3                f_opendir
                0x00000000c0005fc5                f_closedir
                0x00000000c0005fe7                f_readdir
                0x00000000c0006082                f_stat
                0x00000000c0006111                f_getfree
                0x00000000c00062dc                f_truncate
                0x00000000c00063d4                f_unlink
                0x00000000c0006557                f_mkdir
                0x00000000c0006783                f_rename
                0x00000000c0006a76                f_chmod
                0x00000000c0006b54                f_utime
                0x00000000c0006c32                f_getlabel
                0x00000000c0006e20                f_setlabel
                0x00000000c000708d                f_expand
                0x00000000c00072c3                f_forward
                0x00000000c00074a1                f_mkfs
 .text          0x00000000c00085c4       0x2f fs/fat/ffsystem.32
                0x00000000c00085c4                ff_memalloc
                0x00000000c00085dc                ff_memfree
 *fill*         0x00000000c00085f3        0x1 
 .text          0x00000000c00085f4      0x274 fs/fat/ffunicode.32
                0x00000000c00085f4                ff_uni2oem
                0x00000000c000868c                ff_oem2uni
                0x00000000c0008700                ff_wtoupper
 .text          0x00000000c0008868       0xa7 compat/inlines.32
                0x00000000c0008868                CPU::current()
                0x00000000c0008874                operator new(unsigned long)
                0x00000000c0008879                operator delete(void*)
                0x00000000c000887e                disableIRQs()
                0x00000000c0008886                enableIRQs()
                0x00000000c0008895                lockScheduler()
                0x00000000c000889d                unlockScheduler()
                0x00000000c00088ac                lockStuff()
                0x00000000c00088ba                unlockStuff()
                0x00000000c00088f4                Virt::getAKernelVAS()
                0x00000000c00088fa                __not_memcpy
 *fill*         0x00000000c000890f        0x1 
 .text          0x00000000c0008910      0x118 compat/resolve.32
                0x00000000c0008910                Krnl::resolveCompatibilitySymbol(char*)
 .text          0x00000000c0008a28      0xafd core/computer.32
                0x00000000c0008a28                Computer::close(int, int, void*)
                0x00000000c0008a6c                Krnl::firstTask()
                0x00000000c0008bc0                Computer::Computer()
                0x00000000c0008bc0                Computer::Computer()
                0x00000000c0008d1c                Computer::setBootMessage(char const*)
                0x00000000c0008d1e                Computer::detectFeatures()
                0x00000000c0008f28                Computer::displayFeatures()
                0x00000000c000926e                Computer::rdmsr(unsigned int)
                0x00000000c000929a                Computer::wrmsr(unsigned int, unsigned long long)
                0x00000000c00092d2                Computer::shutdown()
                0x00000000c00092ea                Computer::restart()
                0x00000000c0009302                Computer::sleep()
                0x00000000c0009316                Computer::nmiEnabled()
                0x00000000c0009322                Computer::readCMOS(unsigned char)
                0x00000000c000933c                Computer::enableNMI(bool)
                0x00000000c0009354                Computer::open(int, int, void*)
                0x00000000c0009468                Computer::disableNMI()
                0x00000000c0009476                Computer::writeCMOS(unsigned char, unsigned char)
                0x00000000c0009494                Computer::handleNMI()
                0x00000000c00094fa                Computer::setDiskActivityLight(int, bool)
 *fill*         0x00000000c0009525        0x1 
 .text          0x00000000c0009526      0x211 core/gdt.32
                0x00000000c0009526                GDTEntry::setBase(unsigned int)
                0x00000000c0009542                GDTEntry::setLimit(unsigned int)
                0x00000000c0009560                GDT::GDT()
                0x00000000c0009560                GDT::GDT()
                0x00000000c0009576                GDT::addEntry(GDTEntry)
                0x00000000c0009598                GDT::getNumberOfEntries()
                0x00000000c00095a0                GDT::flush()
                0x00000000c00095c2                GDT::setup()
 .text          0x00000000c0009737       0x6b core/idle.32
                0x00000000c0009737                idleFunction(void*)
 *fill*         0x00000000c00097a2        0x2 
 .text          0x00000000c00097a4      0x464 core/idt.32
                0x00000000c00097a4                IDTEntry::IDTEntry(bool)
                0x00000000c00097a4                IDTEntry::IDTEntry(bool)
                0x00000000c0009816                IDTEntry::setOffset(unsigned int)
                0x00000000c000982c                IDT::IDT()
                0x00000000c000982c                IDT::IDT()
                0x00000000c000982e                IDT::getPointerToInvalidOpcodeEntryForF00F()
                0x00000000c0009836                IDT::addEntry(IDTEntry, int)
                0x00000000c0009850                IDT::addEntry(int, void (*)(), bool)
                0x00000000c0009888                IDT::flush()
                0x00000000c00098a2                IDT::setup()
 .text          0x00000000c0009c08      0x191 core/kheap.32
                0x00000000c0009c08                sbrk
                0x00000000c0009cab                mmap
                0x00000000c0009cc1                munmap
                0x00000000c0009cd7                liballoc_lock()
                0x00000000c0009ce4                liballoc_unlock()
                0x00000000c0009cf8                liballoc_alloc(int)
                0x00000000c0009d10                liballoc_free(void*, int)
                0x00000000c0009d2b                realloc
                0x00000000c0009d3f                malloc
                0x00000000c0009d4f                free
                0x00000000c0009d5f                rfree
                0x00000000c0009d6f                calloc
 .text          0x00000000c0009d99      0x437 core/main.32
                0x00000000c0009d99                Krnl::setBootMessage(char const*)
                0x00000000c0009e05                kernel_main
 .text          0x00000000c000a1d0      0x668 core/physmgr.32
                0x00000000c000a1d0                Phys::allocateDMA(unsigned long)
                0x00000000c000a2df                Phys::freeDMA(unsigned long, unsigned long)
                0x00000000c000a325                Phys::setPageState(unsigned long, bool)
                0x00000000c000a357                Phys::getPageState(unsigned long)
                0x00000000c000a373                Phys::freePage(unsigned long)
                0x00000000c000a3f6                Phys::allocatePage()
                0x00000000c000a4e1                Phys::allocateContiguousPages(int)
                0x00000000c000a53d                Phys::allowSegmentToBeUsed(unsigned long, unsigned long)
                0x00000000c000a575                Phys::physicalMemorySetup(unsigned int)
 .text          0x00000000c000a838      0x273 core/pipe.32
                0x00000000c000a838                Pipe::isAtty()
                0x00000000c000a83c                Pipe::~Pipe()
                0x00000000c000a83c                Pipe::~Pipe()
                0x00000000c000a860                Pipe::~Pipe()
                0x00000000c000a888                Pipe::read(unsigned long long, void*, int*)
                0x00000000c000a984                Pipe::write(unsigned long long, void*, int*)
                0x00000000c000aa44                Pipe::Pipe(int)
                0x00000000c000aa44                Pipe::Pipe(int)
 *fill*         0x00000000c000aaab        0x1 
 .text          0x00000000c000aaac      0xb85 core/terminal.32
                0x00000000c000aaac                VgaText::isAtty()
                0x00000000c000aab0                VgaText::~VgaText()
                0x00000000c000aab0                VgaText::~VgaText()
                0x00000000c000aad4                VgaText::~VgaText()
                0x00000000c000aafe                VgaText::read(unsigned long long, void*, int*)
                0x00000000c000ab1e                setTerminalScrollLock(bool)
                0x00000000c000ab1f                addToTerminalCycle(VgaText*)
                0x00000000c000ab40                installVgaTextImplementation()
                0x00000000c000ab55                scrollTerminalScrollLock(int)
                0x00000000c000ab56                VgaText::updateTitle()
                0x00000000c000ab94                VgaText::load()
                0x00000000c000abe2                VgaText::updateCursor()
                0x00000000c000abf8                VgaText::doANSI_SGR(int)
                0x00000000c000ac6c                VgaText::setDefaultBgColour(VgaColour)
                0x00000000c000ac7c                VgaText::setDefaultFgColour(VgaColour)
                0x00000000c000ac8c                VgaText::setDefaultColours(VgaColour, VgaColour)
                0x00000000c000acac                VgaText::setTitleTextColour(VgaColour)
                0x00000000c000acbc                VgaText::setTitleColour(VgaColour)
                0x00000000c000accc                VgaText::setTitle(char*)
                0x00000000c000acf2                VgaText::combineColours(unsigned char, unsigned char)
                0x00000000c000ad04                VgaText::scrollScreen()
                0x00000000c000ad98                VgaText::combineCharAndColour(char, unsigned char)
                0x00000000c000adaa                VgaText::writeCharacter(char, VgaColour, VgaColour, int, int)
                0x00000000c000ae06                VgaText::getCursorX()
                0x00000000c000ae0e                VgaText::getCursorY()
                0x00000000c000ae16                VgaText::setCursor(int, int)
                0x00000000c000ae2d                setActiveTerminal(VgaText*)
                0x00000000c000ae8f                doTerminalCycle()
                0x00000000c000aeaa                VgaText::setCursorX(int)
                0x00000000c000aec2                VgaText::setCursorY(int)
                0x00000000c000aeda                VgaText::incrementCursor(bool)
                0x00000000c000af2e                VgaText::decrementCursor(bool)
                0x00000000c000af50                VgaText::putchar(char, VgaColour, VgaColour)
                0x00000000c000b01e                VgaText::doUpdate()
                0x00000000c000b02c                VgaText::puts(char const*, VgaColour, VgaColour)
                0x00000000c000b1a4                VgaText::clearScreen()
                0x00000000c000b1fe                VgaText::putchar(char)
                0x00000000c000b2ea                VgaText::putx(unsigned int)
                0x00000000c000b330                VgaText::puts(char const*)
                0x00000000c000b356                VgaText::VgaText(char const*)
                0x00000000c000b356                VgaText::VgaText(char const*)
                0x00000000c000b4d2                VgaText::receiveKey(unsigned char)
                0x00000000c000b5b8                VgaText::write(unsigned long long, void*, int*)
                0x00000000c000b60c                newTerminal(char*)
 *fill*         0x00000000c000b631        0x3 
 .text          0x00000000c000b634      0x1a1 core/tss.32
                0x00000000c000b634                TSS::TSS()
                0x00000000c000b634                TSS::TSS()
                0x00000000c000b644                TSS::setESP(unsigned long)
                0x00000000c000b658                TSS::flush()
                0x00000000c000b678                TSS::setup(unsigned long, unsigned long)
 *fill*         0x00000000c000b7d5        0x1 
 .text          0x00000000c000b7d6      0x4c2 core/unixfile.32
                0x00000000c000b7d6                ReservedFilename::read(unsigned long long, void*, int*)
                0x00000000c000b82c                ReservedFilename::isAtty()
                0x00000000c000b848                ReservedFilename::write(unsigned long long, void*, int*)
                0x00000000c000b8a6                UnixFile::getFileDescriptor()
                0x00000000c000b8ae                UnixFile::UnixFile(int)
                0x00000000c000b8ae                UnixFile::UnixFile(int)
                0x00000000c000ba5e                ReservedFilename::ReservedFilename(int)
                0x00000000c000ba5e                ReservedFilename::ReservedFilename(int)
                0x00000000c000ba90                UnixFile::~UnixFile()
                0x00000000c000ba90                UnixFile::~UnixFile()
                0x00000000c000bb28                UnixFile::~UnixFile()
                0x00000000c000bb50                ReservedFilename::~ReservedFilename()
                0x00000000c000bb50                ReservedFilename::~ReservedFilename()
                0x00000000c000bb74                ReservedFilename::~ReservedFilename()
                0x00000000c000bb9b                getFromFileDescriptor(int)
 .text          0x00000000c000bc98     0x124c core/virtmgr.32
                0x00000000c000bc98                Virt::setPageState(unsigned long, Virt::VirtPageState)
                0x00000000c000bccd                Virt::getPageState(unsigned long)
                0x00000000c000bcf1                Virt::allocateKernelVirtualPages(int)
                0x00000000c000be02                Virt::freeSwapfilePage(unsigned long)
                0x00000000c000be20                Virt::swapIDToSector(unsigned long)
                0x00000000c000be32                Virt::allocateSwapfilePage()
                0x00000000c000beb0                Virt::virtualMemorySetup()
                0x00000000c000befb                Virt::setupPageSwapping(int)
                0x00000000c000bf6c                VAS::VAS(VAS*)
                0x00000000c000bf6c                VAS::VAS(VAS*)
                0x00000000c000bf9a                VAS::getForeignPageTableEntry(bool, unsigned long)
                0x00000000c000bfc6                VAS::getPageTableEntry(unsigned long)
                0x00000000c000bfe5                Virt::freeKernelVirtualPages(unsigned long)
                0x00000000c000c108                VAS::freeAllocatedPages(unsigned long)
                0x00000000c000c12c                VAS::virtualToPhysical(unsigned long)
                0x00000000c000c144                VAS::reflagRange(unsigned long, int, int, int)
                0x00000000c000c184                VAS::setToWriteCombining(unsigned long, int)
                0x00000000c000c1b6                VAS::mapOtherVASIn(bool, VAS*)
                0x00000000c000c1e0                VAS::~VAS()
                0x00000000c000c1e0                VAS::~VAS()
                0x00000000c000c35c                VAS::mapPage(unsigned long, unsigned long, int)
                0x00000000c000c45e                VAS::allocatePages(int, int)
                0x00000000c000c636                VAS::setCPUSpecific(unsigned long)
                0x00000000c000c652                VAS::mapRange(unsigned long, unsigned long, int, int)
                0x00000000c000c718                VAS::mapForeignPage(bool, VAS*, unsigned long, unsigned long, int)
                0x00000000c000c806                VAS::VAS(bool)
                0x00000000c000c806                VAS::VAS(bool)
                0x00000000c000ca86                VAS::VAS()
                0x00000000c000ca86                VAS::VAS()
                0x00000000c000caf6                VAS::evict(unsigned long)
                0x00000000c000cbc6                VAS::tryLoadBackOffDisk(unsigned long)
                0x00000000c000ccda                VAS::scanForEviction()
                0x00000000c000cdb8                mapVASFirstTime
 .text          0x00000000c000cee4       0x95 coreobjs/c++.32
                0x00000000c000cee4                __cxa_atexit
                0x00000000c000cee7                __cxa_finalize
                0x00000000c000cee8                __stack_chk_fail
                0x00000000c000cf54                __cxa_pure_virtual
                0x00000000c000cf65                operator new[](unsigned long)
                0x00000000c000cf6a                operator delete(void*, unsigned long)
                0x00000000c000cf6f                operator delete[](void*)
                0x00000000c000cf74                operator delete[](void*, unsigned long)
 .text          0x00000000c000cf79      0x1fc dbg/kconsole.32
                0x00000000c000cf79                Dbg::stringifyxWithBase(unsigned int, char*, int)
                0x00000000c000cfd2                Dbg::logc(char)
                0x00000000c000cff2                Dbg::logs(char*)
                0x00000000c000d00f                Dbg::logWriteInt(unsigned int)
                0x00000000c000d02c                Dbg::logWriteIntBase(unsigned int, int)
                0x00000000c000d04b                Dbg::kprintf(char const*, ...)
 *fill*         0x00000000c000d175        0x1 
 .text          0x00000000c000d176      0xcac fs/vfs.32
                0x00000000c000d176                File::read(unsigned long long, void*, int*)
                0x00000000c000d1ce                File::write(unsigned long long, void*, int*)
                0x00000000c000d226                Directory::read(unsigned long long, void*, int*)
                0x00000000c000d27e                Directory::write(unsigned long long, void*, int*)
                0x00000000c000d2ac                File::isAtty()
                0x00000000c000d2b0                Directory::isAtty()
                0x00000000c000d2b4                Filesystem::getlabel(LogicalDisk*, int, char*, unsigned int*)
                0x00000000c000d2ba                Filesystem::setlabel(LogicalDisk*, int, char*)
                0x00000000c000d2c0                Filesystem::allocateSwapfile(char const*, int)
                0x00000000c000d2c6                File::~File()
                0x00000000c000d2c6                File::~File()
                0x00000000c000d2ea                File::~File()
                0x00000000c000d314                Directory::~Directory()
                0x00000000c000d314                Directory::~Directory()
                0x00000000c000d338                Directory::~Directory()
                0x00000000c000d362                Filesystem::Filesystem()
                0x00000000c000d362                Filesystem::Filesystem()
                0x00000000c000d386                Filesystem::~Filesystem()
                0x00000000c000d386                Filesystem::~Filesystem()
                0x00000000c000d394                Filesystem::~Filesystem()
                0x00000000c000d3b8                Fs::getcwd(Process*, char*, int)
                0x00000000c000d3e2                Fs::initVFS()
                0x00000000c000d40c                Fs::standardiseFiles(char*, char const*, char const*)
                0x00000000c000d5b6                File::File(char const*, Process*)
                0x00000000c000d5b6                File::File(char const*, Process*)
                0x00000000c000d690                File::open(FileOpenMode)
                0x00000000c000d6ee                File::close()
                0x00000000c000d74e                File::seek(unsigned long long)
                0x00000000c000d7a4                File::tell(unsigned long long*)
                0x00000000c000d7f4                File::rewind()
                0x00000000c000d808                File::unlink()
                0x00000000c000d854                File::rename(char const*)
                0x00000000c000d8a2                File::chfatattr(unsigned char, unsigned char)
                0x00000000c000d8fe                File::exists()
                0x00000000c000d93c                File::stat(unsigned long long*, bool*)
                0x00000000c000d99d                Fs::setcwd(Process*, char*)
                0x00000000c000db16                Directory::Directory(char const*, Process*)
                0x00000000c000db16                Directory::Directory(char const*, Process*)
                0x00000000c000dbf0                Directory::open()
                0x00000000c000dc4c                Directory::close()
                0x00000000c000dcac                Directory::unlink()
                0x00000000c000dcf8                Directory::rename(char const*)
                0x00000000c000dd46                Directory::exists()
                0x00000000c000dd84                Directory::read(dirent*)
                0x00000000c000ddd0                Directory::create()
                0x00000000c000de1c                Filesystem::chfatattr(char const*, unsigned char, unsigned char)
 *fill*         0x00000000c000de22        0x2 
 .text          0x00000000c000de24       0x86 hal/bus.32
                0x00000000c000de24                Bus::Bus(char const*)
                0x00000000c000de24                Bus::Bus(char const*)
                0x00000000c000de5c                Bus::~Bus()
                0x00000000c000de5c                Bus::~Bus()
                0x00000000c000de80                Bus::~Bus()
 .text          0x00000000c000deaa       0x96 hal/buzzer.32
                0x00000000c000deaa                beepThread(void*)
                0x00000000c000dee7                Krnl::beep(int, int, bool)
 .text          0x00000000c000df40      0x467 hal/clock.32
                0x00000000c000df40                User::loadClockSettings(int)
                0x00000000c000df92                Clock::Clock(char const*)
                0x00000000c000df92                Clock::Clock(char const*)
                0x00000000c000dfc8                Clock::~Clock()
                0x00000000c000dfc8                Clock::~Clock()
                0x00000000c000dfec                Clock::~Clock()
                0x00000000c000e016                Clock::timeInSecondsLocal()
                0x00000000c000e05e                Clock::setTimeInSecondsLocal(unsigned long long)
                0x00000000c000e0b7                datetimeToSeconds(datetime_t)
                0x00000000c000e1de                Clock::setTimeInDatetimeLocal(datetime_t)
                0x00000000c000e23e                secondsToDatetime(unsigned long long)
                0x00000000c000e382                Clock::timeInDatetimeLocal()
 *fill*         0x00000000c000e3a7        0x1 
 .text          0x00000000c000e3a8      0x504 hal/device.32
                0x00000000c000e3a8                Device::hibernate()
                0x00000000c000e3aa                Device::wake()
                0x00000000c000e3ac                Device::detect()
                0x00000000c000e3ae                Device::disableLegacy()
                0x00000000c000e3b0                Device::powerSaving(PowerSavingLevel)
                0x00000000c000e3b2                DriverlessDevice::close(int, int, void*)
                0x00000000c000e3b6                DriverlessDevice::detect()
                0x00000000c000e3b8                DriverlessDevice::open(int, int, void*)
                0x00000000c000e3cc                Device::~Device()
                0x00000000c000e3cc                Device::~Device()
                0x00000000c000e3da                Device::~Device()
                0x00000000c000e402                Device::findAndLoadDriver()
                0x00000000c000e410                Device::preOpenPCI(PCIDeviceInfo)
                0x00000000c000e436                Device::preOpenACPI(void*, char*, char*)
                0x00000000c000e476                Device::addIRQHandler(int, void (*)(regs*, void*), bool, void*)
                0x00000000c000e4b4                Device::getParent()
                0x00000000c000e4c0                Device::removeIRQHandler(int, void (*)(regs*, void*), bool)
                0x00000000c000e4fe                Device::addChild(Device*)
                0x00000000c000e542                Device::removeAllChildren()
                0x00000000c000e588                Device::hibernateAll()
                0x00000000c000e5b8                Device::wakeAll()
                0x00000000c000e5e8                Device::detectAll()
                0x00000000c000e618                Device::disableLegacyAll()
                0x00000000c000e648                Device::loadDriversForAll()
                0x00000000c000e688                Device::closeAll()
                0x00000000c000e6be                Device::powerSavingAll(PowerSavingLevel)
                0x00000000c000e6f4                Device::setName(char const*)
                0x00000000c000e702                Device::Device(char const*)
                0x00000000c000e702                Device::Device(char const*)
                0x00000000c000e7fe                Device::getName()
                0x00000000c000e808                DriverlessDevice::DriverlessDevice(char const*)
                0x00000000c000e808                DriverlessDevice::DriverlessDevice(char const*)
                0x00000000c000e83e                Device::addToLinkedList(LinkedList<Device>&, DeviceType)
                0x00000000c000e882                getDevicesOfType(DeviceType)
 .text          0x00000000c000e8ac       0x86 hal/diskctrl.32
                0x00000000c000e8ac                HardDiskController::HardDiskController(char const*)
                0x00000000c000e8ac                HardDiskController::HardDiskController(char const*)
                0x00000000c000e8e4                HardDiskController::~HardDiskController()
                0x00000000c000e8e4                HardDiskController::~HardDiskController()
                0x00000000c000e908                HardDiskController::~HardDiskController()
 .text          0x00000000c000e932       0xe2 hal/diskphys.32
                0x00000000c000e932                PhysicalDisk::eject()
                0x00000000c000e936                PhysicalDisk::PhysicalDisk(char const*, int)
                0x00000000c000e936                PhysicalDisk::PhysicalDisk(char const*, int)
                0x00000000c000e99e                PhysicalDisk::startCache()
                0x00000000c000e9c6                PhysicalDisk::~PhysicalDisk()
                0x00000000c000e9c6                PhysicalDisk::~PhysicalDisk()
                0x00000000c000e9ea                PhysicalDisk::~PhysicalDisk()
 .text          0x00000000c000ea14      0x15f hal/fpu.32
                0x00000000c000ea14                FPU::FPU(char const*)
                0x00000000c000ea14                FPU::FPU(char const*)
                0x00000000c000ea4c                FPU::~FPU()
                0x00000000c000ea4c                FPU::~FPU()
                0x00000000c000ea70                FPU::~FPU()
                0x00000000c000ea9a                setupFPU()
 *fill*         0x00000000c000eb73        0x1 
 .text          0x00000000c000eb74     0x12cf hal/intctrl.32
                0x00000000c000eb74                InterruptController::uninstallISRHandler(int, void (*)(regs*, void*))
                0x00000000c000ebac                InterruptController::installISRHandler(int, void (*)(regs*, void*), void*)
                0x00000000c000ebfe                doubleFault(regs*, void*)
                0x00000000c000ec18                InterruptController::installIRQHandler(int, void (*)(regs*, void*), bool, void*)
                0x00000000c000ecb4                InterruptController::clearAllHandlers(int, bool)
                0x00000000c000ed5c                InterruptController::uninstallIRQHandler(int, void (*)(regs*, void*), bool)
                0x00000000c000ede3                nmiHandler(regs*, void*)
                0x00000000c000edf1                int_handler
                0x00000000c000ee92                InterruptController::InterruptController(char const*)
                0x00000000c000ee92                InterruptController::InterruptController(char const*)
                0x00000000c000ef38                InterruptController::~InterruptController()
                0x00000000c000ef38                InterruptController::~InterruptController()
                0x00000000c000ef5c                InterruptController::~InterruptController()
                0x00000000c000ef86                displayDebugInfo(regs*)
                0x00000000c000f415                x87EmulHandler(regs*, void*)
                0x00000000c000f55e                gpFault(regs*, void*)
                0x00000000c000f597                pgFault(regs*, void*)
                0x00000000c000f5e6                otherISRHandler(regs*, void*)
                0x00000000c000f605                opcodeFault(regs*, void*)
                0x00000000c000f9df                displayProgramFault(char const*)
                0x00000000c000fa07                setupInterruptController()
                0x00000000c000fdf6                InterruptController::convertLegacyIRQNumber(int)
 *fill*         0x00000000c000fe43        0x1 
 .text          0x00000000c000fe44      0x778 hal/keybrd.32
                0x00000000c000fe44                startGUI(void*)
                0x00000000c000feb0                startGUIVESA(void*)
                0x00000000c000ff1c                sendKeyToTerminal(unsigned char)
                0x00000000c000ffda                sendKeyboardToken(KeyboardToken)
                0x00000000c001040c                clearInternalKeybuffer(VgaText*)
                0x00000000c0010441                readKeyboard(VgaText*, char*, unsigned long)
                0x00000000c0010532                Keyboard::Keyboard(char const*)
                0x00000000c0010532                Keyboard::Keyboard(char const*)
                0x00000000c001056e                Keyboard::~Keyboard()
                0x00000000c001056e                Keyboard::~Keyboard()
                0x00000000c0010592                Keyboard::~Keyboard()
 .text          0x00000000c00105bc      0x42a hal/logidisk.32
                0x00000000c00105bc                LogicalDisk::close(int, int, void*)
                0x00000000c00105c0                LogicalDisk::~LogicalDisk()
                0x00000000c00105c0                LogicalDisk::~LogicalDisk()
                0x00000000c00105e4                LogicalDisk::~LogicalDisk()
                0x00000000c001060e                LogicalDisk::open(int, int, void*)
                0x00000000c0010622                LogicalDisk::absoluteToRelative(unsigned long long)
                0x00000000c001065a                LogicalDisk::relativeToAbsolute(unsigned long long)
                0x00000000c00106a0                LogicalDisk::LogicalDisk(char const*, PhysicalDisk*, unsigned long long, unsigned long long)
                0x00000000c00106a0                LogicalDisk::LogicalDisk(char const*, PhysicalDisk*, unsigned long long, unsigned long long)
                0x00000000c0010756                LogicalDisk::assignDriveLetter()
                0x00000000c001080c                LogicalDisk::mount()
                0x00000000c0010894                LogicalDisk::unmount()
                0x00000000c00108a4                LogicalDisk::eject()
                0x00000000c00108b8                LogicalDisk::unassignDriveLetter()
                0x00000000c001090e                LogicalDisk::read(unsigned long long, int, void*)
                0x00000000c001097a                LogicalDisk::write(unsigned long long, int, void*)
 *fill*         0x00000000c00109e6        0x2 
 .text          0x00000000c00109e8       0x86 hal/mouse.32
                0x00000000c00109e8                Mouse::Mouse(char const*)
                0x00000000c00109e8                Mouse::Mouse(char const*)
                0x00000000c0010a20                Mouse::~Mouse()
                0x00000000c0010a20                Mouse::~Mouse()
                0x00000000c0010a44                Mouse::~Mouse()
 .text          0x00000000c0010a6e      0x339 hal/partition.32
                0x00000000c0010a6e                makePartition(PhysicalDisk*, unsigned long long, unsigned long long)
                0x00000000c0010b16                createPartitionsForDisk(PhysicalDisk*)
 *fill*         0x00000000c0010da7        0x1 
 .text          0x00000000c0010da8       0x86 hal/serial.32
                0x00000000c0010da8                Serial::Serial(char const*)
                0x00000000c0010da8                Serial::Serial(char const*)
                0x00000000c0010de0                Serial::~Serial()
                0x00000000c0010de0                Serial::~Serial()
                0x00000000c0010e04                Serial::~Serial()
 *fill*         0x00000000c0010e2e        0x2 
 .text          0x00000000c0010e30      0x2f2 hal/timer.32
                0x00000000c0010e30                Timer::Timer(char const*)
                0x00000000c0010e30                Timer::Timer(char const*)
                0x00000000c0010e68                Timer::~Timer()
                0x00000000c0010e68                Timer::~Timer()
                0x00000000c0010e8c                Timer::~Timer()
                0x00000000c0010eb6                Timer::read()
                0x00000000c0010ec1                timerHandler(unsigned int)
                0x00000000c0011028                setupTimer(int)
 *fill*         0x00000000c0011122        0x2 
 .text          0x00000000c0011124      0x43e hal/vcache.32
                0x00000000c0011124                VCache::VCache(PhysicalDisk*)
                0x00000000c0011124                VCache::VCache(PhysicalDisk*)
                0x00000000c001128c                VCache::invalidateReadBuffer()
                0x00000000c001129c                VCache::writeWriteBuffer()
                0x00000000c00112e8                VCache::~VCache()
                0x00000000c00112e8                VCache::~VCache()
                0x00000000c001133c                VCache::~VCache()
                0x00000000c0011364                VCache::write(unsigned long long, int, void*)
                0x00000000c001145e                VCache::read(unsigned long long, int, void*)
 .text          0x00000000c0011562      0x4b3 hal/video.32
                0x00000000c0011562                Video::putrect(int, int, int, int, unsigned int)
                0x00000000c00115ae                Video::bitblit(int, int, int, int, int, int, int, unsigned int*)
                0x00000000c001161e                Video::blit(unsigned int*, int, int, int, int)
                0x00000000c001169c                Video::clearScreen(unsigned int)
                0x00000000c00116d0                Video::putpixel(int, int, unsigned int)
                0x00000000c00116de                Video::Video(char const*)
                0x00000000c00116de                Video::Video(char const*)
                0x00000000c0011714                Video::~Video()
                0x00000000c0011714                Video::~Video()
                0x00000000c0011738                Video::~Video()
                0x00000000c0011762                Video::isMonochrome()
                0x00000000c001176e                Video::getWidth()
                0x00000000c001177a                Video::getHeight()
                0x00000000c0011786                Video::drawCursor(int, int, unsigned char*, int)
                0x00000000c0011842                Video::tgaParse(unsigned char*, int, int*, int*)
                0x00000000c00119aa                Video::putTGA(int, int, unsigned char*, int)
 *fill*         0x00000000c0011a15        0x3 
 .text          0x00000000c0011a18     0x1707 hw/acpi.32
                0x00000000c0011a18                ACPI::close(int, int, void*)
                0x00000000c0011acc                findRSDP()
                0x00000000c0011ba0                loadACPITables(unsigned char*)
                0x00000000c0011e04                findRSDT(unsigned char*)
                0x00000000c0011fc4                findDataTable(unsigned char*, char*)
                0x00000000c001203c                scanMADT()
                0x00000000c0012518                ACPI::ACPI()
                0x00000000c0012518                ACPI::ACPI()
                0x00000000c001257c                ACPI::getPCIIRQAssignment(unsigned char, unsigned short, unsigned char)
                0x00000000c0012664                ACPI::registerPCIIRQAssignment(void*, unsigned short, unsigned char, unsigned char)
                0x00000000c001272c                ACPI::setScreenBrightnessLevel(void*, int)
                0x00000000c0012734                ACPI::detectPCI()
                0x00000000c0012c18                ACPI::writeSimpleBootFlag(SimpleBootFlagTable*)
                0x00000000c0012c60                ACPI::sleep()
                0x00000000c0012c9c                ACPI::open(int, int, void*)
 *fill*         0x00000000c001311f        0x1 
 .text          0x00000000c0013120     0x1861 hw/cpu.32
                0x00000000c0013120                CPU::close(int, int, void*)
                0x00000000c0013124                CPU::lookupAMDName(unsigned char, unsigned char)
                0x00000000c00132b8                CPU::lookupIntelName(unsigned char, unsigned char)
                0x00000000c0013566                CPU::AMD_K6_write_msr(unsigned int, unsigned int, unsigned int, CPU::REGS*)
                0x00000000c0013582                CPU::AMD_K6_read_msr(unsigned int, CPU::REGS*)
                0x00000000c001359a                CPU::AMD_K6_writeback(int, int, int)
                0x00000000c001360e                CPU::cpuid(int, unsigned long*, unsigned long*, unsigned long*, unsigned long*)
                0x00000000c0013692                CPU::cpuidCheckEDX(unsigned int)
                0x00000000c00136c0                CPU::cpuidCheckECX(unsigned int)
                0x00000000c00136ee                CPU::cpuidCheckExtendedEBX(unsigned int)
                0x00000000c001371c                CPU::cpuidCheckExtendedECX(unsigned int)
                0x00000000c001374a                CPU::CPU()
                0x00000000c001374a                CPU::CPU()
                0x00000000c00137d8                CPU::displayFeatures()
                0x00000000c0013a78                CPU::detectFeatures()
                0x00000000c00144a2                CPU::setupSMEP()
                0x00000000c00144ae                CPU::setupUMIP()
                0x00000000c00144b8                CPU::setupTSC()
                0x00000000c00144c2                CPU::setupLargePages()
                0x00000000c00144cc                CPU::setupPAT()
                0x00000000c0014508                CPU::setupMTRR()
                0x00000000c001450a                CPU::setupGlobalPages()
                0x00000000c0014514                CPU::allowUsermodeDataAccess()
                0x00000000c0014526                CPU::prohibitUsermodeDataAccess()
                0x00000000c0014538                CPU::setupSMAP()
                0x00000000c0014546                CPU::setupFeatures()
                0x00000000c0014612                CPU::open(int, int, void*)
                0x00000000c0014786                CPU::decodeAddress(regs*, int*, bool*, unsigned char*)
 .text          0x00000000c0014981      0x16a hw/smp.32
                0x00000000c0014981                Krnl::smpEntry()
                0x00000000c0014983                Krnl::startCPU(int)
                0x00000000c0014acc                Krnl::startCPUs()
 *fill*         0x00000000c0014aeb        0x1 
 .text          0x00000000c0014aec      0x581 krnl/env.32
                0x00000000c0014aec                EnvVarContainer::getEnv(char const*)
                0x00000000c0014b2a                EnvVarContainer::setEnv(char const*, char const*)
                0x00000000c0014bec                EnvVarContainer::deleteEnv(char const*)
                0x00000000c0014bee                EnvVarContainer::loadFrom(char const*, char const*)
                0x00000000c0014dd4                EnvVarContainer::__loadSystem()
                0x00000000c0014dee                EnvVarContainer::__loadUser()
                0x00000000c0014df0                EnvVarContainer::EnvVarContainer(Process*)
                0x00000000c0014df0                EnvVarContainer::EnvVarContainer(Process*)
                0x00000000c0014e12                EnvVarContainer::~EnvVarContainer()
                0x00000000c0014e12                EnvVarContainer::~EnvVarContainer()
                0x00000000c0014e42                Krnl::getEnv(Process*, char const*)
                0x00000000c0014ea7                Krnl::setEnvSystem(char const*, char const*)
                0x00000000c0014ec1                Krnl::setEnvUser(char const*, char const*)
                0x00000000c0014ee0                Krnl::setEnvProcess(Process*, char const*, char const*)
                0x00000000c0014ef3                Krnl::deleteEnvSystem(char const*)
                0x00000000c0014ef4                Krnl::deleteEnvUser(char const*)
                0x00000000c0014ef5                Krnl::deleteEnvProcess(Process*, char const*)
                0x00000000c0014ef6                Krnl::newProcessEnv(Process*)
                0x00000000c0014f18                Krnl::copyProcessEnv(Process*, Process*)
                0x00000000c0014f64                Krnl::loadSystemEnv()
                0x00000000c0014f92                Krnl::loadUserEnv()
                0x00000000c0014fb8                Krnl::flushEnv()
                0x00000000c0014fb9                Krnl::getProcessTotalEnvCount(Process*)
                0x00000000c0014fd9                Krnl::getProcessEnvPair(Process*, int)
 .text          0x00000000c001506d      0x243 krnl/panic.32
                0x00000000c001506d                Krnl::panic(char const*)
 .text          0x00000000c00152b0      0x194 krnl/powctrl.32
                0x00000000c00152b0                Krnl::powerThread(void*)
                0x00000000c0015330                Krnl::changePowerSettings(Krnl::PowerSettings)
                0x00000000c0015346                Krnl::userIOReceived()
                0x00000000c0015351                Krnl::handlePowerButton()
                0x00000000c0015386                Krnl::handleSleepButton()
                0x00000000c00153bb                Krnl::setupPowerManager()
 .text          0x00000000c0015444      0x50e reg/registry.32
                0x00000000c0015444                Reg::findLineFromLoadedData(char*, char*, char*)
                0x00000000c001559c                Reg::getLineFromRegistry(char*, char*, char*, char*)
                0x00000000c00156f1                Reg::getLine(char*, char*, char*)
                0x00000000c0015728                Reg::readInt(char*, char*, int*)
                0x00000000c0015813                Reg::readString(char*, char*, char*, int)
                0x00000000c0015894                Reg::readBool(char*, char*, bool*)
                0x00000000c00158b9                Reg::readBoolWithDefault(char*, char*, bool)
                0x00000000c00158e5                Reg::readIntWithDefault(char*, char*, int)
                0x00000000c0015911                Reg::readStringWithDefault(char*, char*, char*, int, char*)
 .text          0x00000000c0015952       0x36 sys/sc_eject.32
                0x00000000c0015952                Sys::eject(regs*)
 .text          0x00000000c0015988       0x18 sys/sc_exit.32
                0x00000000c0015988                Sys::exit(regs*)
 .text          0x00000000c00159a0       0x1f sys/sc_getcwd.32
                0x00000000c00159a0                Sys::getCwd(regs*)
 .text          0x00000000c00159bf        0xc sys/sc_getpid.32
                0x00000000c00159bf                Sys::getPID(regs*)
 .text          0x00000000c00159cb       0x1a sys/sc_getramdata.32
                0x00000000c00159cb                Sys::getRAMData(regs*)
 .text          0x00000000c00159e5       0x84 sys/sc_getvgaptr.32
                0x00000000c00159e5                Sys::getVGAPtr(regs*)
 .text          0x00000000c0015a69       0xa8 sys/sc_loaddll.32
                0x00000000c0015a69                Sys::loadDLL(regs*)
 .text          0x00000000c0015b11       0x68 sys/sc_read.32
                0x00000000c0015b11                Sys::read(regs*)
 .text          0x00000000c0015b79       0x55 sys/sc_sbrk.32
                0x00000000c0015b79                Sys::sbrk(regs*)
 .text          0x00000000c0015bce       0x1c sys/sc_setcwd.32
                0x00000000c0015bce                Sys::setCwd(regs*)
 .text          0x00000000c0015bea       0x95 sys/sc_settime.32
                0x00000000c0015bea                Sys::setTime(regs*)
 .text          0x00000000c0015c7f       0x4a sys/sc_timezone.32
                0x00000000c0015c7f                Sys::timezone(regs*)
 .text          0x00000000c0015cc9       0x68 sys/sc_write.32
                0x00000000c0015cc9                Sys::write(regs*)
 .text          0x00000000c0015d31       0x62 sys/sc_wsbe.32
                0x00000000c0015d31                Sys::wsbe(regs*)
 .text          0x00000000c0015d93       0x38 sys/sc_yield.32
                0x00000000c0015d93                Sys::yield(regs*)
 .text          0x00000000c0015dcb      0xf8e sys/syscalls.32
                0x00000000c0015dcb                sysCallSeekDir(regs*)
                0x00000000c0015dd0                sysCallTellDir(regs*)
                0x00000000c0015dd5                sysCallVerify(regs*)
                0x00000000c0015ddf                sysCallGetArgc(regs*)
                0x00000000c0015def                sysFormatDisk(regs*)
                0x00000000c0015e59                sysSetDiskVolumeLabel(regs*)
                0x00000000c0015ea3                sysGetDiskVolumeLabel(regs*)
                0x00000000c0015ef8                sysShutdown(regs*)
                0x00000000c0015f56                sysCallRealpath(regs*)
                0x00000000c0015f99                sysCallReadDir(regs*)
                0x00000000c0016018                sysCallIsATTY(regs*)
                0x00000000c0016072                sysCallSeek(regs*)
                0x00000000c00160c9                sysCallTell(regs*)
                0x00000000c0016135                sysCallSize(regs*)
                0x00000000c00161a7                sysCallSizeFromFilename(regs*)
                0x00000000c0016256                sysCallClose(regs*)
                0x00000000c00162b6                sysCallOpenDir(regs*)
                0x00000000c001632b                sysCallCloseDir(regs*)
                0x00000000c001637f                sysCallMakeDir(regs*)
                0x00000000c00163ef                sysCallWait(regs*)
                0x00000000c0016409                sysCallNotImpl(regs*)
                0x00000000c0016424                sysPanic(regs*)
                0x00000000c001643e                sysCallRmdir(regs*)
                0x00000000c00164a2                sysCallUnlink(regs*)
                0x00000000c0016506                sysCallGetArgv(regs*)
                0x00000000c0016552                sysCallTTYName(regs*)
                0x00000000c00165d5                sysCallUSleep(regs*)
                0x00000000c00165fe                sysCallSpawn(regs*)
                0x00000000c0016666                sysCallGetEnv(regs*)
                0x00000000c0016713                sysAppSettings(regs*)
                0x00000000c0016827                sysSetFatAttrib(regs*)
                0x00000000c0016899                sysPipe(regs*)
                0x00000000c00168de                sysGetUnixTime(regs*)
                0x00000000c00168f2                string_ends_with(char const*, char const*)
                0x00000000c001693a                sysCallOpen(regs*)
                0x00000000c0016b22                Sys::loadSyscalls()
                0x00000000c0016d17                Sys::systemCall(regs*, void*)
 .text          0x00000000c0016d59     0x1203 thr/elf.32
                0x00000000c0016d59                Thr::allocateMemoryForTask(Process*, File*, unsigned long, unsigned long, unsigned long)
                0x00000000c0017003                Thr::loadProgramIntoMemory(Process*, char const*)
                0x00000000c0017219                Thr::runtimeReferenceHelper()
                0x00000000c001722c                Thr::getAddressOfKernelSymbol(char const*)
                0x00000000c001727b                Thr::loadKernelSymbolTable(char const*)
                0x00000000c0017539                Thr::loadDriverIntoMemory(char const*, unsigned long, bool)
                0x00000000c0017c6f                Thr::getDriverBaseFromAddress(unsigned long)
                0x00000000c0017ca1                Thr::getDriverNameFromAddress(unsigned long)
                0x00000000c0017cd8                Thr::getDriverOffsetFromAddress(unsigned long)
                0x00000000c0017cf2                Thr::loadDLL(char const*, bool)
                0x00000000c0017f23                Thr::executeDLL(unsigned long, void*)
 .text          0x00000000c0017f5c     0x12a9 thr/prcssthr.32
                0x00000000c0017f5c                userModeEntryPoint(void*)
                0x00000000c0017f84                changeTSS
                0x00000000c0017fb4                switchToThread(ThreadControlBlock*)
                0x00000000c0018068                Process::addArgs(char**)
                0x00000000c00180c8                Process::Process(char const*, Process*, char**)
                0x00000000c00180c8                Process::Process(char const*, Process*, char**)
                0x00000000c00182b4                Process::Process(bool, char const*, Process*, char**)
                0x00000000c00182b4                Process::Process(bool, char const*, Process*, char**)
                0x00000000c001846c                taskStartupFunction
                0x00000000c0018478                Semaphore::Semaphore(int)
                0x00000000c0018478                Semaphore::Semaphore(int)
                0x00000000c00184a8                Mutex::Mutex()
                0x00000000c00184a8                Mutex::Mutex()
                0x00000000c00184bc                Process::createThread(void (*)(void*), void*, int)
                0x00000000c00185b4                Process::createUserThread()
                0x00000000c00185d0                setupMultitasking(void (*)())
                0x00000000c00186d8                schedule()
                0x00000000c0018764                Semaphore::tryAcquire()
                0x00000000c0018830                Semaphore::assertLocked(char const*)
                0x00000000c00188a8                blockTaskWithSchedulerLockAlreadyHeld(TaskState)
                0x00000000c00188d0                blockTask(TaskState)
                0x00000000c0018900                waitTask(int, int*, int)
                0x00000000c0018944                milliTenthSleepUntil(unsigned int)
                0x00000000c00189d0                milliTenthSleep(unsigned int)
                0x00000000c00189e0                sleep(unsigned int)
                0x00000000c00189fc                Semaphore::acquire()
                0x00000000c0018ab8                taskReturned
                0x00000000c0018af4                Thr::processFromPID(int)
                0x00000000c0018b94                unblockTask(ThreadControlBlock*)
                0x00000000c0018c38                cleanupTerminatedTask(ThreadControlBlock*)
                0x00000000c0018f00                cleanerTaskFunction(void*)
                0x00000000c0018ff0                terminateTask(int)
                0x00000000c00190bc                Thr::terminateFromIRQ(int)
                0x00000000c00190c8                Semaphore::release()
 .text          0x00000000c0019205      0xb93 vm86/vm8086.32
                0x00000000c0019205                Vm::inbv(unsigned short)
                0x00000000c0019218                Vm::outbv(unsigned short, unsigned char)
                0x00000000c001924e                Vm::realToLinear(unsigned short, unsigned short)
                0x00000000c001925e                Vm::getSegment(unsigned int)
                0x00000000c0019266                Vm::getOffset(unsigned int)
                0x00000000c001926b                Vm::mainloop2()
                0x00000000c00192a5                Vm::mainVm8086Loop(void*)
                0x00000000c00192b5                Vm::mainloop3(unsigned long)
                0x00000000c00192db                Vm::initialise8086()
                0x00000000c001931e                Vm::finish8086()
                0x00000000c001937f                Vm::getOutput8086(unsigned char*)
                0x00000000c00193a4                Vm::start8086FromBuffer(unsigned char*, int, unsigned short, unsigned short, unsigned short, unsigned short)
                0x00000000c001945d                Vm::start8086(char const*, unsigned short, unsigned short, unsigned short, unsigned short)
                0x00000000c00195c5                Vm::doISR(regs*, int, unsigned char*, unsigned short, unsigned short)
                0x00000000c001964f                Vm::readByteFromReal(unsigned short, unsigned short)
                0x00000000c0019660                Vm::readWordFromReal(unsigned short, unsigned short)
                0x00000000c0019672                Vm::readDwordFromReal(unsigned short, unsigned short)
                0x00000000c0019683                Vm::writeByteFromReal(unsigned short, unsigned short, unsigned char)
                0x00000000c0019698                Vm::writeWordFromReal(unsigned short, unsigned short, unsigned short)
                0x00000000c00196ae                Vm::writeDwordFromReal(unsigned short, unsigned short, unsigned int)
                0x00000000c00196c3                Vm::faultHandler(regs*)
 .text          0x00000000c0019d98      0xfcd vm86/x87em.32
                0x00000000c0019d98                Vm::fpuInternalTo32(unsigned long long)
                0x00000000c0019df6                Vm::fpuInternalTo64(unsigned long long)
                0x00000000c0019dff                Vm::fpu32ToInternal(unsigned int)
                0x00000000c0019e44                Vm::fpu64ToInternal(unsigned long long)
                0x00000000c0019e4d                Vm::fpuFloatToLong(unsigned long long)
                0x00000000c0019eac                Vm::fpuULongToFloat(unsigned long long)
                0x00000000c0019ee8                Vm::fpuLongToFloat(long long)
                0x00000000c0019f47                Vm::fpuGet0()
                0x00000000c0019f4c                Vm::fpuGet1()
                0x00000000c0019f54                Vm::fpuGetPi()
                0x00000000c0019f5c                Vm::fpuGetLog2E()
                0x00000000c0019f74                Vm::fpuGetLogE2()
                0x00000000c0019f8c                Vm::fpuGetLog210()
                0x00000000c0019fa4                Vm::fpuGetLog102()
                0x00000000c0019fbc                Vm::fpuIsSecondLarger(unsigned long long, unsigned long long)
                0x00000000c0019fd0                Vm::fpuAreEqual(unsigned long long, unsigned long long)
                0x00000000c0019fe6                Vm::fpuUnorderedCompare(unsigned long long, unsigned long long)
                0x00000000c001a03c                Vm::fpuAdd(unsigned long long, unsigned long long)
                0x00000000c001a04d                Vm::fpuAbs(unsigned long long)
                0x00000000c001a056                Vm::fpuChs(unsigned long long)
                0x00000000c001a066                Vm::fpuSub(unsigned long long, unsigned long long)
                0x00000000c001a075                Vm::fpuMultiply(unsigned long long, unsigned long long)
                0x00000000c001a094                Vm::fpuDivide(unsigned long long, unsigned long long)
                0x00000000c001a0b0                Vm::fpuSquare(unsigned long long)
                0x00000000c001a0c6                Vm::fpuGetReg(int)
                0x00000000c001a109                Vm::fpuSetReg(int, unsigned long long)
                0x00000000c001a155                Vm::fpuPush(unsigned long long)
                0x00000000c001a1b3                Vm::fpuPop()
                0x00000000c001a206                Vm::x87Handler(regs*)
 .text          0x00000000c001ad65       0x69 arch/i386/hal.32
                0x00000000c001ad65                Hal::noTSC()
                0x00000000c001ad6a                Hal::readTSC()
                0x00000000c001ad6d                Hal::initialise()
                0x00000000c001ad91                Hal::makeBeep(int)
                0x00000000c001adcb                Hal::getRand()
 *fill*         0x00000000c001adce        0x2 
 .text          0x00000000c001add0     0x13b7 fs/fat/vfslink.32
                0x00000000c001add0                FAT::getName()
                0x00000000c001add8                FAT::tell(void*, unsigned long long*)
                0x00000000c001ae14                FAT::stat(void*, unsigned long long*)
                0x00000000c001ae50                FAT::~FAT()
                0x00000000c001ae50                FAT::~FAT()
                0x00000000c001ae74                FAT::~FAT()
                0x00000000c001ae9c                FAT::getlabel(LogicalDisk*, int, char*, unsigned int*)
                0x00000000c001af40                FAT::setlabel(LogicalDisk*, int, char*)
                0x00000000c001b004                FAT::format(LogicalDisk*, int, char const*, int)
                0x00000000c001b1d8                FAT::tryMount(LogicalDisk*, int)
                0x00000000c001b3f0                FAT::allocateSwapfile(char const*, int)
                0x00000000c001b5ac                FAT::readDir(void*, unsigned long, void*, int*)
                0x00000000c001b718                FAT::read(void*, unsigned long, void*, int*)
                0x00000000c001b778                FAT::write(void*, unsigned long, void*, int*)
                0x00000000c001b7d8                FAT::close(void*)
                0x00000000c001b82c                FAT::closeDir(void*)
                0x00000000c001b880                FAT::seek(void*, unsigned long long)
                0x00000000c001b8dc                fatWrapperReadDisk
                0x00000000c001b924                fatWrapperWriteDisk
                0x00000000c001b96c                fatWrapperIoctl
                0x00000000c001ba7c                FAT::FAT()
                0x00000000c001ba7c                FAT::FAT()
                0x00000000c001bad0                FAT::fixFilepath(char*)
                0x00000000c001bb0c                FAT::open(char const*, void**, FileOpenMode)
                0x00000000c001bc40                FAT::openDir(char const*, void**)
                0x00000000c001bcf0                FAT::stat(char const*, unsigned long long*, bool*)
                0x00000000c001bde4                FAT::unlink(char const*)
                0x00000000c001be64                FAT::chfatattr(char const*, unsigned char, unsigned char)
                0x00000000c001bfcc                FAT::rename(char const*, char const*)
                0x00000000c001c098                FAT::mkdir(char const*)
                0x00000000c001c118                FAT::exists(char const*)
 *fill*         0x00000000c001c187        0x1 
 .text          0x00000000c001c188      0xba7 fs/iso9660/vfslink.32
                0x00000000c001c188                ISO9660::format(LogicalDisk*, int, char const*, int)
                0x00000000c001c18e                ISO9660::seek(void*, unsigned long long)
                0x00000000c001c1be                ISO9660::tell(void*, unsigned long long*)
                0x00000000c001c1e2                ISO9660::getName()
                0x00000000c001c1e8                ISO9660::stat(void*, unsigned long long*)
                0x00000000c001c20c                ISO9660::chfatattr(char const*, unsigned char, unsigned char)
                0x00000000c001c212                ISO9660::unlink(char const*)
                0x00000000c001c218                ISO9660::write(void*, unsigned long, void*, int*)
                0x00000000c001c21e                ISO9660::rename(char const*, char const*)
                0x00000000c001c224                ISO9660::mkdir(char const*)
                0x00000000c001c22a                ISO9660::close(void*)
                0x00000000c001c24c                ISO9660::closeDir(void*)
                0x00000000c001c26e                ISO9660::~ISO9660()
                0x00000000c001c26e                ISO9660::~ISO9660()
                0x00000000c001c292                ISO9660::~ISO9660()
                0x00000000c001c2b9                __memmem(unsigned char*, int, unsigned char*, int)
                0x00000000c001c2fb                readSectorFromCDROM(unsigned int, unsigned char*, char)
                0x00000000c001c376                ISO9660::tryMount(LogicalDisk*, int)
                0x00000000c001c3d6                ISO9660::read(void*, unsigned long, void*, int*)
                0x00000000c001c5da                ISO9660::readDir(void*, unsigned long, void*, int*)
                0x00000000c001c854                readRoot(unsigned int*, unsigned int*, char)
                0x00000000c001c8a8                readRecursively(char*, unsigned int, unsigned int, unsigned int*, unsigned int*, char, int*)
                0x00000000c001ca7e                getFileData(char*, unsigned int*, unsigned int*, char, int*)
                0x00000000c001cb0c                ISO9660::open(char const*, void**, FileOpenMode)
                0x00000000c001cbba                ISO9660::exists(char const*)
                0x00000000c001cbde                ISO9660::stat(char const*, unsigned long long*, bool*)
                0x00000000c001cc72                ISO9660::openDir(char const*, void**)
                0x00000000c001cd0c                ISO9660::ISO9660()
                0x00000000c001cd0c                ISO9660::ISO9660()
 *fill*         0x00000000c001cd2f        0x1 
 .text          0x00000000c001cd30      0x298 hal/sound/sndcard.32
                0x00000000c001cd30                SoundCard::beginPlayback()
                0x00000000c001cd3e                SoundCard::stopPlayback()
                0x00000000c001cd4c                SoundCard::SoundCard(char const*)
                0x00000000c001cd4c                SoundCard::SoundCard(char const*)
                0x00000000c001cdea                SoundCard::~SoundCard()
                0x00000000c001cdea                SoundCard::~SoundCard()
                0x00000000c001ce0e                SoundCard::~SoundCard()
                0x00000000c001ce38                SoundCard::configureRates(int, int, int)
                0x00000000c001ce68                SoundCard::getSamples16(int, short*)
                0x00000000c001ced2                SoundCard::getSamples32(int, int*)
                0x00000000c001cf58                SoundCard::addChannel(SoundPort*)
                0x00000000c001cfb4                SoundCard::removeChannel(int)
 .text          0x00000000c001cfc8      0x3fb hal/sound/sndport.32
                0x00000000c001cfc8                SoundPort::SoundPort(int, int, int, int)
                0x00000000c001cfc8                SoundPort::SoundPort(int, int, int, int)
                0x00000000c001d054                SoundPort::~SoundPort()
                0x00000000c001d054                SoundPort::~SoundPort()
                0x00000000c001d088                SoundPort::unpause()
                0x00000000c001d094                SoundPort::pause()
                0x00000000c001d0a0                SoundPort::getBufferUsed()
                0x00000000c001d0a8                SoundPort::getBufferSize()
                0x00000000c001d0b0                SoundPort::buffer16(short*, int)
                0x00000000c001d164                SoundPort::buffer32(int*, int)
                0x00000000c001d210                SoundPort::unbufferAndAdd16(int, short*, SoundCard*)
                0x00000000c001d30c                SoundPort::unbufferAndAdd32(int, int*, SoundCard*)
 .text          0x00000000c001d3c3        0x0 hw/bus/isa.32
 *fill*         0x00000000c001d3c3        0x1 
 .text          0x00000000c001d3c4     0x1187 hw/bus/pci.32
                0x00000000c001d3c4                PCI::open(int, int, void*)
                0x00000000c001d3e2                PCI::close(int, int, void*)
                0x00000000c001d3e6                PCI::PCI()
                0x00000000c001d3e6                PCI::PCI()
                0x00000000c001d47c                PCI::readBAR8(unsigned int, int)
                0x00000000c001d498                PCI::readBAR16(unsigned int, int)
                0x00000000c001d4b6                PCI::readBAR32(unsigned int, int)
                0x00000000c001d4d2                PCI::writeBAR8(unsigned int, unsigned char, int)
                0x00000000c001d4f2                PCI::writeBAR16(unsigned int, unsigned short, int)
                0x00000000c001d514                PCI::writeBAR32(unsigned int, unsigned int, int)
                0x00000000c001d534                PCI::legacyMechanism(unsigned char, unsigned char, unsigned char, unsigned char)
                0x00000000c001d5a2                PCI::pciReadWord(unsigned char, unsigned char, unsigned char, unsigned char)
                0x00000000c001d64a                PCI::getVendorID(unsigned char, unsigned char, unsigned char)
                0x00000000c001d66e                PCI::getHeaderType(unsigned char, unsigned char, unsigned char)
                0x00000000c001d696                PCI::getClassCode(unsigned char, unsigned char, unsigned char)
                0x00000000c001d6e0                PCI::getProgIF(unsigned char, unsigned char, unsigned char)
                0x00000000c001d708                PCI::getRevisionID(unsigned char, unsigned char, unsigned char)
                0x00000000c001d72c                PCI::getInterruptNumber(unsigned char, unsigned char, unsigned char)
                0x00000000c001d750                PCI::getSecondaryBus(unsigned char, unsigned char, unsigned char)
                0x00000000c001d778                PCI::getBARAddress(unsigned char, unsigned char, unsigned char, unsigned char)
                0x00000000c001d7dc                PCI::pciWriteWord(unsigned char, unsigned char, unsigned char, unsigned char, unsigned short)
                0x00000000c001d8c4                PCI::pciDetailsToFilepath(PCIDeviceInfo, char*)
                0x00000000c001dcb6                PCI::checkBus(unsigned char)
                0x00000000c001dcda                PCI::foundDevice(PCIDeviceInfo)
                0x00000000c001e11a                PCI::getDeviceData(unsigned char, unsigned char, unsigned char)
                0x00000000c001e48c                PCI::checkDevice(unsigned char, unsigned char)
                0x00000000c001e4f8                PCI::detect()
 *fill*         0x00000000c001e54b        0x1 
 .text          0x00000000c001e54c      0xb66 hw/diskctrl/ide.32
                0x00000000c001e54c                IDE::close(int, int, void*)
                0x00000000c001e550                IDE::IDE()
                0x00000000c001e550                IDE::IDE()
                0x00000000c001e584                IDE::prepareInterrupt(unsigned char)
                0x00000000c001e596                selectDrive(unsigned char, unsigned char)
                0x00000000c001e598                IDE::getBase(unsigned char)
                0x00000000c001e5aa                IDE::write(unsigned char, unsigned char, unsigned char)
                0x00000000c001e66a                IDE::read(unsigned char, unsigned char)
                0x00000000c001e718                IDE::waitInterrupt(unsigned char)
                0x00000000c001e77a                ideChannel0IRQHandler(regs*, void*)
                0x00000000c001e796                ideChannel1IRQHandler(regs*, void*)
                0x00000000c001e7b2                IDE::enableIRQs(unsigned char, bool)
                0x00000000c001e7f8                IDE::open(int, int, void*)
                0x00000000c001ec22                IDE::readBuffer(unsigned char, unsigned char, unsigned int, unsigned int)
                0x00000000c001ecee                IDE::detect()
                0x00000000c001efae                IDE::printError(unsigned char, unsigned char, unsigned char)
                0x00000000c001f05e                IDE::polling(unsigned char, unsigned int)
 .text          0x00000000c001f0b2      0x46c hw/diskctrl/satabus.32
                0x00000000c001f0b2                SATABus::close(int, int, void*)
                0x00000000c001f0b6                SATABus::detect()
                0x00000000c001f0b8                SATABus::SATABus()
                0x00000000c001f0b8                SATABus::SATABus()
                0x00000000c001f13e                SATABus::findCmdslot(SATABus::tagHBA_PORT volatile*)
                0x00000000c001f170                SATABus::checkType(SATABus::tagHBA_PORT volatile*)
                0x00000000c001f1b8                SATABus::startCmd(SATABus::tagHBA_PORT volatile*)
                0x00000000c001f1d8                SATABus::stopCmd(SATABus::tagHBA_PORT volatile*)
                0x00000000c001f202                SATABus::portRebase(SATABus::tagHBA_PORT volatile*, int)
                0x00000000c001f308                SATABus::probePort(SATABus::tagHBA_MEM volatile*)
                0x00000000c001f4ea                SATABus::open(int, int, void*)
 .text          0x00000000c001f51e      0x684 hw/diskphys/ata.32
                0x00000000c001f51e                ATA::close(int, int, void*)
                0x00000000c001f542                ATA::powerSaving(PowerSavingLevel)
                0x00000000c001f544                ATA::ATA()
                0x00000000c001f544                ATA::ATA()
                0x00000000c001f572                ATA::flush(bool)
                0x00000000c001f5bc                ATA::readyForCommand()
                0x00000000c001f608                ATA::access(unsigned long long, int, void*, bool)
                0x00000000c001f9fe                ATA::read(unsigned long long, int, void*)
                0x00000000c001fa4a                ATA::write(unsigned long long, int, void*)
                0x00000000c001faac                ATA::detectCHS()
                0x00000000c001fad6                ATA::open(int, int, void*)
 .text          0x00000000c001fba2      0x645 hw/diskphys/atapi.32
                0x00000000c001fba2                ATAPI::write(unsigned long long, int, void*)
                0x00000000c001fba8                ATAPI::close(int, int, void*)
                0x00000000c001fbcc                ATAPI::ATAPI()
                0x00000000c001fbcc                ATAPI::ATAPI()
                0x00000000c001fbfa                ATAPI::readyForCommand()
                0x00000000c001fc4c                ATAPI::sendPacket(unsigned char*, int, bool, unsigned short*, int)
                0x00000000c001ff0c                ATAPI::diskRemoved()
                0x00000000c001ff68                ATAPI::eject()
                0x00000000c001ffb0                ATAPI::diskInserted()
                0x00000000c001ffcc                ATAPI::detectMedia()
                0x00000000c0020088                ATAPI::open(int, int, void*)
                0x00000000c0020168                ATAPI::read(unsigned long long, int, void*)
 *fill*         0x00000000c00201e7        0x1 
 .text          0x00000000c00201e8      0xa68 hw/diskphys/sata.32
                0x00000000c00201e8                SATA::close(int, int, void*)
                0x00000000c002020c                SATA::powerSaving(PowerSavingLevel)
                0x00000000c002020e                SATA::open(int, int, void*)
                0x00000000c0020404                SATA::SATA()
                0x00000000c0020404                SATA::SATA()
                0x00000000c0020432                SATA::access(unsigned long long, int, void*, bool)
                0x00000000c0020a2a                SATA::read(unsigned long long, int, void*)
                0x00000000c0020b2a                SATA::write(unsigned long long, int, void*)
 .text          0x00000000c0020c50      0x642 hw/diskphys/satapi.32
                0x00000000c0020c50                SATAPI::write(unsigned long long, int, void*)
                0x00000000c0020c56                SATAPI::close(int, int, void*)
                0x00000000c0020c7a                SATAPI::SATAPI()
                0x00000000c0020c7a                SATAPI::SATAPI()
                0x00000000c0020ca8                SATAPI::diskRemoved()
                0x00000000c0020caa                SATAPI::diskInserted()
                0x00000000c0020cc6                SATAPI::sendPacket(unsigned char*, int, unsigned long long, unsigned short*, int)
                0x00000000c0020f54                SATAPI::eject()
                0x00000000c0020f90                SATAPI::detectMedia()
                0x00000000c00210ba                SATAPI::open(int, int, void*)
                0x00000000c00211ba                SATAPI::read(unsigned long long, int, void*)
 *fill*         0x00000000c0021292        0x2 
 .text          0x00000000c0021294       0x94 hw/fpu/avx.32
                0x00000000c0021294                AVX::open(int, int, void*)
                0x00000000c00212a8                AVX::close(int, int, void*)
                0x00000000c00212bc                AVX::available()
                0x00000000c00212d0                AVX::save(void*)
                0x00000000c00212e8                AVX::load(void*)
                0x00000000c0021300                AVX::AVX()
                0x00000000c0021300                AVX::AVX()
 .text          0x00000000c0021328       0x94 hw/fpu/mmx.32
                0x00000000c0021328                MMX::available()
                0x00000000c002133c                MMX::open(int, int, void*)
                0x00000000c0021350                MMX::close(int, int, void*)
                0x00000000c0021364                MMX::save(void*)
                0x00000000c002137c                MMX::load(void*)
                0x00000000c0021394                MMX::MMX()
                0x00000000c0021394                MMX::MMX()
 .text          0x00000000c00213bc       0x9c hw/fpu/sse.32
                0x00000000c00213bc                SSE::open(int, int, void*)
                0x00000000c00213d0                SSE::close(int, int, void*)
                0x00000000c00213e4                SSE::available()
                0x00000000c0021400                SSE::save(void*)
                0x00000000c0021418                SSE::load(void*)
                0x00000000c0021430                SSE::SSE()
                0x00000000c0021430                SSE::SSE()
 .text          0x00000000c0021458       0x8e hw/fpu/x87.32
                0x00000000c0021458                x87::open(int, int, void*)
                0x00000000c002146a                x87::close(int, int, void*)
                0x00000000c002147c                x87::available()
                0x00000000c002148e                x87::save(void*)
                0x00000000c00214a6                x87::load(void*)
                0x00000000c00214be                x87::x87()
                0x00000000c00214be                x87::x87()
 .text          0x00000000c00214e6      0x71e hw/intctrl/apic.32
                0x00000000c00214e6                APIC::disable()
                0x00000000c00214e8                APIC::close(int, int, void*)
                0x00000000c002150a                IOAPIC::close(int, int, void*)
                0x00000000c0021510                APIC::io_wait()
                0x00000000c0021516                APIC::getBase()
                0x00000000c0021558                APIC::eoi(unsigned char)
                0x00000000c0021586                APIC::open(int, int, void*)
                0x00000000c00216d4                IOAPIC::IOAPIC()
                0x00000000c00216d4                IOAPIC::IOAPIC()
                0x00000000c00216fc                APIC::APIC()
                0x00000000c00216fc                APIC::APIC()
                0x00000000c00217d8                IOAPIC::handlesGSIWithNumber(unsigned int)
                0x00000000c002180a                IOAPIC::read(int)
                0x00000000c0021832                IOAPIC::open(int, int, void*)
                0x00000000c0021928                IOAPIC::write(int, int)
                0x00000000c0021954                IOAPIC::redirect(unsigned char, unsigned long long, unsigned char, bool, bool)
                0x00000000c0021a4e                APIC::installIRQHandler(int, void (*)(regs*, void*), bool, void*)
 .text          0x00000000c0021c04      0x3d3 hw/intctrl/pic.32
                0x00000000c0021c04                PIC::disable()
                0x00000000c0021c32                PIC::close(int, int, void*)
                0x00000000c0021c54                PIC::PIC()
                0x00000000c0021c54                PIC::PIC()
                0x00000000c0021d2a                PIC::ioWait()
                0x00000000c0021d30                PIC::getIRQReg(int)
                0x00000000c0021d9a                PIC::eoi(unsigned char)
                0x00000000c0021e2c                PIC::remap()
                0x00000000c0021f98                PIC::open(int, int, void*)
 *fill*         0x00000000c0021fd7        0x1 
 .text          0x00000000c0021fd8      0x240 hw/timer/apictimer.32
                0x00000000c0021fd8                APICTimer::close(int, int, void*)
                0x00000000c0021fe0                apicTimerHandler(regs*, void*)
                0x00000000c0022008                APICTimer::write(int)
                0x00000000c00220f0                APICTimer::open(int, int, void*)
                0x00000000c00221f0                APICTimer::APICTimer()
                0x00000000c00221f0                APICTimer::APICTimer()
 .text          0x00000000c0022218      0x1a3 hw/timer/pit.32
                0x00000000c0022218                PIT::write(int)
                0x00000000c0022298                pitHandler(regs*, void*)
                0x00000000c00222bc                PIT::open(int, int, void*)
                0x00000000c002230c                PIT::close(int, int, void*)
                0x00000000c002233c                PIT::PIT()
                0x00000000c002233c                PIT::PIT()
 *fill*         0x00000000c00223bb        0x5 
 .text          0x00000000c00223c0       0x83 arch/i386/avx.32
                0x00000000c00223c0                avxDetect
                0x00000000c00223ea                avxSave
                0x00000000c00223fb                avxLoad
                0x00000000c002240c                avxInit
                0x00000000c002242e                avxClose
                0x00000000c002242f                wouldSheSayYes
 *fill*         0x00000000c0022443        0xd 
 .text          0x00000000c0022450       0x10 arch/i386/rdrand.32
                0x00000000c0022450                _i386_getRDRAND
 .text          0x00000000c0022460       0x39 arch/i386/sse.32
                0x00000000c0022460                absolutelyNoChanceInHell
                0x00000000c0022460                sseDetect
                0x00000000c0022478                sseSave
                0x00000000c0022480                sseLoad
                0x00000000c0022488                sseInit
                0x00000000c0022498                sseClose
 *fill*         0x00000000c0022499        0x7 
 .text          0x00000000c00224a0       0x49 arch/i386/x87.32
                0x00000000c00224a6                x87Detect
                0x00000000c00224c1                x87Save
                0x00000000c00224c8                x87Load
                0x00000000c00224cf                x87Init
                0x00000000c00224e8                x87Close
 *fill*         0x00000000c00224e9        0x3 
 .text          0x00000000c00224ec       0x25 /cygdrive/d/Users/Alex/Desktop/Toolchain/Output/bin/../lib/gcc/i386-banana/8.1.0/crtend.o
 .text          0x00000000c0022511        0x0 crtn.32
 *fill*         0x00000000c0022511        0x3 
 .text          0x00000000c0022514      0x14b /cygdrive/d/Users/Alex/Desktop/Toolchain/Output/bin/../lib/gcc/i386-banana/8.1.0/libkgcc.a(_divdi3.o)
                0x00000000c0022514                __divdi3
 *fill*         0x00000000c002265f        0x1 
 .text          0x00000000c0022660      0x17e /cygdrive/d/Users/Alex/Desktop/Toolchain/Output/bin/../lib/gcc/i386-banana/8.1.0/libkgcc.a(_moddi3.o)
                0x00000000c0022660                __moddi3
 *fill*         0x00000000c00227de        0x2 
 .text          0x00000000c00227e0       0xff /cygdrive/d/Users/Alex/Desktop/Toolchain/Output/bin/../lib/gcc/i386-banana/8.1.0/libkgcc.a(_udivdi3.o)
                0x00000000c00227e0                __udivdi3
 *fill*         0x00000000c00228df        0x1 
 .text          0x00000000c00228e0      0x11a /cygdrive/d/Users/Alex/Desktop/Toolchain/Output/bin/../lib/gcc/i386-banana/8.1.0/libkgcc.a(_umoddi3.o)
                0x00000000c00228e0                __umoddi3
 *(.gnu.linkonce.t*)

.iplt           0x00000000c0022a00        0x0
 .iplt          0x00000000c0022a00        0x0 D:/Users/Alex/Desktop/Banana/kernel/boot.32

.init           0x00000000c00229fa        0xf
 .init          0x00000000c00229fa        0x3 crti.32
                0x00000000c00229fa                _init
 .init          0x00000000c00229fd        0x5 /cygdrive/d/Users/Alex/Desktop/Toolchain/Output/bin/../lib/gcc/i386-banana/8.1.0/crtbegin.o
 .init          0x00000000c0022a02        0x5 /cygdrive/d/Users/Alex/Desktop/Toolchain/Output/bin/../lib/gcc/i386-banana/8.1.0/crtend.o
 .init          0x00000000c0022a07        0x2 crtn.32

.fini           0x00000000c0022a09        0xa
 .fini          0x00000000c0022a09        0x3 crti.32
                0x00000000c0022a09                _fini
 .fini          0x00000000c0022a0c        0x5 /cygdrive/d/Users/Alex/Desktop/Toolchain/Output/bin/../lib/gcc/i386-banana/8.1.0/crtbegin.o
 .fini          0x00000000c0022a11        0x2 crtn.32

.text._ZN8ComputerD2Ev
                0x00000000c0022a14       0x23
 .text._ZN8ComputerD2Ev
                0x00000000c0022a14       0x23 core/computer.32
                0x00000000c0022a14                Computer::~Computer()
                0x00000000c0022a14                Computer::~Computer()

.text._ZN8ComputerD0Ev
                0x00000000c0022a38       0x2a
 .text._ZN8ComputerD0Ev
                0x00000000c0022a38       0x2a core/computer.32
                0x00000000c0022a38                Computer::~Computer()

.text._Z10idleCommonv
                0x00000000c0022a62       0x21
 .text._Z10idleCommonv
                0x00000000c0022a62       0x21 core/idle.32
                0x00000000c0022a62                idleCommon()

.text._ZN10LinkedListI8UnixFileED2Ev
                0x00000000c0022a84        0x2
 .text._ZN10LinkedListI8UnixFileED2Ev
                0x00000000c0022a84        0x2 core/unixfile.32
                0x00000000c0022a84                LinkedList<UnixFile>::~LinkedList()
                0x00000000c0022a84                LinkedList<UnixFile>::~LinkedList()

.text._ZN10LinkedListI8UnixFileEC2Ev
                0x00000000c0022a86       0x42
 .text._ZN10LinkedListI8UnixFileEC2Ev
                0x00000000c0022a86       0x42 core/unixfile.32
                0x00000000c0022a86                LinkedList<UnixFile>::LinkedList()
                0x00000000c0022a86                LinkedList<UnixFile>::LinkedList()

.text._ZN10LinkedListI8UnixFileE10addElementEPS0_
                0x00000000c0022ac8       0xd3
 .text._ZN10LinkedListI8UnixFileE10addElementEPS0_
                0x00000000c0022ac8       0xd3 core/unixfile.32
                0x00000000c0022ac8                LinkedList<UnixFile>::addElement(UnixFile*)

.text._ZN10LinkedListI8UnixFileE15getFirstElementEv