Archive member included to satisfy reference by file (symbol)

/cygdrive/d/Users/Alex/Desktop/Toolchain/Output/bin/../lib/gcc/i386-banana/8.1.0/libkgcc.a(_divdi3.o)
                              fs/fat/ff.32 (__divdi3)
/cygdrive/d/Users/Alex/Desktop/Toolchain/Output/bin/../lib/gcc/i386-banana/8.1.0/libkgcc.a(_moddi3.o)
                              compat/resolve.32 (__moddi3)
/cygdrive/d/Users/Alex/Desktop/Toolchain/Output/bin/../lib/gcc/i386-banana/8.1.0/libkgcc.a(_udivdi3.o)
                              fs/fat/ff.32 (__udivdi3)
/cygdrive/d/Users/Alex/Desktop/Toolchain/Output/bin/../lib/gcc/i386-banana/8.1.0/libkgcc.a(_umoddi3.o)
                              compat/resolve.32 (__umoddi3)
D:/Users/Alex/Desktop/Banana/kernel/libsoftfp.a(sfieeelib.o)
                              hal/sound/sndhw.32 (__addsf3)
D:/Users/Alex/Desktop/Banana/kernel/libsoftfp.a(dfieeelib.o)
                              hal/libresample/src_linear.32 (__adddf3)
D:/Users/Alex/Desktop/Banana/kernel/libsoftfp.a(sfdfcvt.o)
                              hal/libresample/samplerate.32 (__truncdfsf2)
D:/Users/Alex/Desktop/Banana/kernel/libk/libm32.a(s_fabs.c.o)
                              hal/libresample/samplerate.32 (fabs)
D:/Users/Alex/Desktop/Banana/kernel/libk/libm32.a(s_lrint.S.o)
                              hal/libresample/samplerate.32 (lrint)
D:/Users/Alex/Desktop/Banana/kernel/libk/libm32.a(s_lrintf.S.o)
                              hal/sound/sndhw.32 (lrintf)

Discarded input sections

 .comment       0x0000000000000000       0x12 /cygdrive/d/Users/Alex/Desktop/Toolchain/Output/bin/../lib/gcc/i386-banana/8.1.0/crtbegin.o
 .comment       0x0000000000000000       0x12 acpica/utclib.32
 .comment       0x0000000000000000       0x12 core/malloc.32
 .comment       0x0000000000000000       0x12 libk/string.32
 .comment       0x0000000000000000       0x12 fs/fat/diskio.32
 .comment       0x0000000000000000       0x12 fs/fat/ff.32
 .comment       0x0000000000000000       0x12 fs/fat/ffsystem.32
 .comment       0x0000000000000000       0x12 fs/fat/ffunicode.32
 .comment       0x0000000000000000       0x12 hal/libresample/samplerate.32
 .comment       0x0000000000000000       0x12 hal/libresample/src_linear.32
 .comment       0x0000000000000000       0x12 hal/libresample/src_sinc.32
 .comment       0x0000000000000000       0x12 hal/libresample/src_zoh.32
 .comment       0x0000000000000000       0x12 compat/inlines.32
 .comment       0x0000000000000000       0x12 compat/resolve.32
 .group         0x0000000000000000       0x14 core/computer.32
 .group         0x0000000000000000        0xc core/computer.32
 .comment       0x0000000000000000       0x12 core/computer.32
 .comment       0x0000000000000000       0x12 core/gdt.32
 .group         0x0000000000000000        0xc core/idle.32
 .comment       0x0000000000000000       0x12 core/idle.32
 .comment       0x0000000000000000       0x12 core/idt.32
 .comment       0x0000000000000000       0x12 core/kheap.32
 .comment       0x0000000000000000       0x12 core/main.32
 .comment       0x0000000000000000       0x12 core/physmgr.32
 .group         0x0000000000000000        0xc core/pipe.32
 .comment       0x0000000000000000       0x12 core/pipe.32
 .group         0x0000000000000000        0xc core/terminal.32
 .comment       0x0000000000000000       0x12 core/terminal.32
 .comment       0x0000000000000000       0x12 core/tss.32
 .group         0x0000000000000000        0x8 core/unixfile.32
 .group         0x0000000000000000        0xc core/unixfile.32
 .group         0x0000000000000000        0xc core/unixfile.32
 .group         0x0000000000000000        0x8 core/unixfile.32
 .group         0x0000000000000000        0xc core/unixfile.32
 .group         0x0000000000000000        0x8 core/unixfile.32
 .group         0x0000000000000000        0xc core/unixfile.32
 .group         0x0000000000000000        0xc core/unixfile.32
 .comment       0x0000000000000000       0x12 core/unixfile.32
 .comment       0x0000000000000000       0x12 core/virtmgr.32
 .comment       0x0000000000000000       0x12 coreobjs/c++.32
 .comment       0x0000000000000000       0x12 dbg/kconsole.32
 .group         0x0000000000000000        0xc fs/vfs.32
 .group         0x0000000000000000        0xc fs/vfs.32
 .group         0x0000000000000000        0xc fs/vfs.32
 .comment       0x0000000000000000       0x12 fs/vfs.32
 .group         0x0000000000000000        0xc hal/bus.32
 .comment       0x0000000000000000       0x12 hal/bus.32
 .group         0x0000000000000000        0xc hal/buzzer.32
 .comment       0x0000000000000000       0x12 hal/buzzer.32
 .group         0x0000000000000000        0xc hal/clock.32
 .comment       0x0000000000000000       0x12 hal/clock.32
 .group         0x0000000000000000       0x14 hal/device.32
 .group         0x0000000000000000        0xc hal/device.32
 .group         0x0000000000000000        0xc hal/device.32
 .group         0x0000000000000000        0xc hal/device.32
[...]
Memory Configuration

Name             Origin             Length             Attributes
*default*        0x0000000000000000 0xffffffffffffffff

Linker script and memory map

LOAD D:/Users/Alex/Desktop/Banana/kernel/boot.32
LOAD crti.32
LOAD /cygdrive/d/Users/Alex/Desktop/Toolchain/Output/bin/../lib/gcc/i386-banana/8.1.0/crtbegin.o
LOAD D:/Users/Alex/Desktop/Banana/kernel/morenasm.32
LOAD acpica/utclib.32
LOAD core/malloc.32
LOAD libk/string.32
LOAD fs/fat/diskio.32
LOAD fs/fat/ff.32
LOAD fs/fat/ffsystem.32
LOAD fs/fat/ffunicode.32
LOAD hal/libresample/samplerate.32
LOAD hal/libresample/src_linear.32
LOAD hal/libresample/src_sinc.32
LOAD hal/libresample/src_zoh.32
LOAD compat/inlines.32
LOAD compat/resolve.32
LOAD core/computer.32
LOAD core/gdt.32
LOAD core/idle.32
LOAD core/idt.32
LOAD core/kheap.32
LOAD core/main.32
LOAD core/physmgr.32
LOAD core/pipe.32
LOAD core/terminal.32
LOAD core/tss.32
LOAD core/unixfile.32
LOAD core/virtmgr.32
LOAD coreobjs/c++.32
LOAD dbg/kconsole.32
LOAD fs/vfs.32
LOAD hal/bus.32
LOAD hal/buzzer.32
LOAD hal/clock.32
LOAD hal/device.32
LOAD hal/diskctrl.32
LOAD hal/diskphys.32
LOAD hal/fpu.32
LOAD hal/intctrl.32
LOAD hal/keybrd.32
LOAD hal/logidisk.32
LOAD hal/mouse.32
LOAD hal/partition.32
LOAD hal/serial.32
LOAD hal/timer.32
LOAD hal/vcache.32
LOAD hal/video.32
LOAD hw/acpi.32
LOAD hw/cpu.32
LOAD hw/ports.32
LOAD hw/smp.32
LOAD krnl/env.32
LOAD krnl/panic.32
LOAD net/ethernet.32
LOAD reg/registry.32
LOAD sys/sc_eject.32
LOAD sys/sc_exit.32
LOAD sys/sc_getcwd.32
LOAD sys/sc_getpid.32
LOAD sys/sc_getramdata.32
LOAD sys/sc_getvgaptr.32
LOAD sys/sc_loaddll.32
LOAD sys/sc_read.32
LOAD sys/sc_sbrk.32
LOAD sys/sc_setcwd.32
LOAD sys/sc_settime.32
LOAD sys/sc_timezone.32
LOAD sys/sc_write.32
LOAD sys/sc_wsbe.32
LOAD sys/sc_yield.32
LOAD sys/syscalls.32
LOAD thr/elf.32
LOAD thr/prcssthr.32
LOAD vm86/vm8086.32
LOAD vm86/x87em.32
LOAD fs/fat/vfslink.32
LOAD fs/iso9660/vfslink.32
LOAD hal/sound/sndchannel.32
LOAD hal/sound/sndhw.32
LOAD hw/bus/isa.32
LOAD hw/bus/pci.32
LOAD hw/diskctrl/ide.32
LOAD hw/diskctrl/satabus.32
LOAD hw/diskphys/ata.32
LOAD hw/diskphys/atapi.32
LOAD hw/diskphys/sata.32
LOAD hw/diskphys/satapi.32
LOAD hw/fpu/avx.32
LOAD hw/fpu/mmx.32
LOAD hw/fpu/sse.32
LOAD hw/fpu/x87.32
LOAD hw/intctrl/apic.32
LOAD hw/intctrl/pic.32
LOAD hw/timer/apictimer.32
LOAD hw/timer/pit.32
LOAD hw/fpu/x86/avx.32
LOAD hw/fpu/x86/sse.32
LOAD hw/fpu/x86/x87.32
LOAD /cygdrive/d/Users/Alex/Desktop/Toolchain/Output/bin/../lib/gcc/i386-banana/8.1.0/crtend.o
LOAD crtn.32
LOAD /cygdrive/d/Users/Alex/Desktop/Toolchain/Output/bin/../lib/gcc/i386-banana/8.1.0/libkgcc.a
LOAD D:/Users/Alex/Desktop/Banana/kernel/libsoftfp.a
LOAD D:/Users/Alex/Desktop/Banana/kernel/libk/libm32.a
                0x00000000c0000000                . = 0xc0000000

.text           0x00000000c0000000    0x282b8
 *(.text)
 .text          0x00000000c0000000       0x41 D:/Users/Alex/Desktop/Banana/kernel/boot.32
                0x00000000c0000020                callGlobalConstructors
 .text          0x00000000c0000041        0x0 crti.32
 *fill*         0x00000000c0000041        0x3 
 .text          0x00000000c0000044      0x101 /cygdrive/d/Users/Alex/Desktop/Toolchain/Output/bin/../lib/gcc/i386-banana/8.1.0/crtbegin.o
 *fill*         0x00000000c0000145        0xb 
 .text          0x00000000c0000150      0x4f5 D:/Users/Alex/Desktop/Banana/kernel/morenasm.32
                0x00000000c0000150                manualPCIProbe
                0x00000000c000019b                prepareTramp
                0x00000000c00001b4                voodooXADD
                0x00000000c000027f                doTPAUSE
                0x00000000c0000289                hasLegacyFPU
                0x00000000c00002ae                is486
                0x00000000c00002e4                detectCPUID
                0x00000000c00002fa                goToVM86
                0x00000000c000032a                goToUsermode
                0x00000000c0000354                switchToThreadASMFirstTime
                0x00000000c0000362                switchToThreadASM
                0x00000000c00003f2                asmQuickAcquireLock
                0x00000000c0000410                asmQuickReleaseLock
                0x00000000c000041c                asmAcquireLock
                0x00000000c000043d                asmReleaseLock
                0x00000000c0000450                loadGDT
                0x00000000c0000470                isr0
                0x00000000c0000480                isr1
                0x00000000c000048a                isr2
                0x00000000c0000494                isr3
                0x00000000c000049e                isr4
                0x00000000c00004a8                isr5
                0x00000000c00004b2                isr6
                0x00000000c00004bc                isr7
                0x00000000c00004c6                isr8
                0x00000000c00004ce                isr9
                0x00000000c00004d8                isr10
                0x00000000c00004e0                isr11
                0x00000000c00004e8                isr12
                0x00000000c00004f0                isr13
                0x00000000c00004f8                isr14
                0x00000000c0000500                isr15
                0x00000000c000050a                isr16
                0x00000000c0000514                isr17
                0x00000000c000051e                isr18
                0x00000000c0000528                irq3
                0x00000000c0000532                irq4
                0x00000000c000053c                irq5
                0x00000000c0000546                irq6
                0x00000000c0000550                irq7
                0x00000000c000055a                irq8
                0x00000000c0000564                irq9
                0x00000000c000056e                irq10
                0x00000000c0000578                irq11
                0x00000000c0000582                irq12
                0x00000000c000058c                irq13
                0x00000000c0000596                irq14
                0x00000000c00005a0                irq15
                0x00000000c00005aa                irq1
                0x00000000c00005b1                irq2
                0x00000000c00005b8                isr96
                0x00000000c00005bf                irq0
                0x00000000c00005c4                int_common_stub
                0x00000000c00005c4                syscall_common_stub
                0x00000000c00005f5                irq16
                0x00000000c00005ff                irq17
                0x00000000c0000609                irq18
                0x00000000c0000613                irq19
                0x00000000c000061d                irq20
                0x00000000c0000627                irq21
                0x00000000c0000631                irq22
                0x00000000c000063b                irq23
 *fill*         0x00000000c0000645        0xb 
 .text          0x00000000c0000650      0x847 acpica/utclib.32
                0x00000000c0000650                memcmp
                0x00000000c00006a0                memmove
                0x00000000c0000850                memcpy
                0x00000000c0000890                memset
                0x00000000c00008c0                strlen
                0x00000000c00008f0                strpbrk
                0x00000000c0000940                strtok
                0x00000000c0000990                strcpy
                0x00000000c00009c0                strncpy
                0x00000000c0000a50                strcmp
                0x00000000c0000aa0                strchr
                0x00000000c0000ad0                strncmp
                0x00000000c0000b30                strcat
                0x00000000c0000b60                strncat
                0x00000000c0000bc0                strstr
                0x00000000c0000c20                toupper
                0x00000000c0000c40                tolower
                0x00000000c0000c60                simple_strtoul
 .text          0x00000000c0000e97      0xfba core/malloc.32
                0x00000000c0001005                dlfree
                0x00000000c0001363                dlmalloc
                0x00000000c0001894                dlrealloc
                0x00000000c0001a4a                dlmemalign
                0x00000000c0001b6d                dlcalloc
                0x00000000c0001c07                dlcfree
                0x00000000c0001c0c                dlindependent_calloc
                0x00000000c0001c31                dlindependent_comalloc
                0x00000000c0001c48                dlvalloc
                0x00000000c0001c73                dlpvalloc
                0x00000000c0001ca9                dlmalloc_trim
                0x00000000c0001cb6                dlmalloc_usable_size
                0x00000000c0001ce7                dlmallinfo
                0x00000000c0001db6                dlmalloc_stats
                0x00000000c0001dc7                dlmallopt
 .text          0x00000000c0001e51        0x0 libk/string.32
 .text          0x00000000c0001e51       0x51 fs/fat/diskio.32
                0x00000000c0001e51                disk_status
                0x00000000c0001e54                disk_initialize
                0x00000000c0001e57                disk_read
                0x00000000c0001e6d                disk_write
                0x00000000c0001e83                disk_ioctl
 .text          0x00000000c0001ea2     0x6b5e fs/fat/ff.32
                0x00000000c0005268                f_mount
                0x00000000c00052ca                f_open
                0x00000000c0005741                f_read
                0x00000000c00059e2                f_write
                0x00000000c0005cec                f_sync
                0x00000000c0005ec8                f_close
                0x00000000c0005ef7                f_lseek
                0x00000000c000646e                f_opendir
                0x00000000c0006570                f_closedir
                0x00000000c0006592                f_readdir
                0x00000000c000662d                f_stat
                0x00000000c00066bc                f_getfree
                0x00000000c00068a2                f_truncate
                0x00000000c0006998                f_unlink
                0x00000000c0006b0f                f_mkdir
                0x00000000c0006d3b                f_rename
                0x00000000c0007030                f_chmod
                0x00000000c000710e                f_utime
                0x00000000c00071ec                f_getlabel
                0x00000000c00073e2                f_setlabel
                0x00000000c000764f                f_forward
                0x00000000c0007861                f_mkfs
 .text          0x00000000c0008a00       0x2d fs/fat/ffsystem.32
                0x00000000c0008a00                ff_memalloc
                0x00000000c0008a16                ff_memfree
 .text          0x00000000c0008a2d      0x252 fs/fat/ffunicode.32
                0x00000000c0008a2d                ff_uni2oem
                0x00000000c0008abc                ff_oem2uni
                0x00000000c0008b28                ff_wtoupper
 .text          0x00000000c0008c7f      0x8b3 hal/libresample/samplerate.32
                0x00000000c0008cc3                src_delete
                0x00000000c0008cff                src_process
                0x00000000c0008e94                src_callback_read
                0x00000000c0009025                src_set_ratio
                0x00000000c00090b0                src_get_channels
                0x00000000c00090d2                src_reset
                0x00000000c000911c                src_new
                0x00000000c00091aa                src_callback_new
                0x00000000c000920c                src_get_name
                0x00000000c0009243                src_get_description
                0x00000000c000927a                src_get_version
                0x00000000c0009280                src_is_valid_ratio
                0x00000000c00092d4                src_error
                0x00000000c00092e2                src_strerror
                0x00000000c00092f5                src_simple
                0x00000000c0009348                src_short_to_float_array
                0x00000000c0009391                src_float_to_short_array
                0x00000000c000943f                src_int_to_float_array
                0x00000000c0009486                src_float_to_int_array
 .text          0x00000000c0009532      0x7e2 hal/libresample/src_linear.32
                0x00000000c0009c67                linear_get_name
                0x00000000c0009c7a                linear_get_description
                0x00000000c0009c8d                linear_set_converter
 .text          0x00000000c0009d14     0x394a hal/libresample/src_sinc.32
                0x00000000c000d575                sinc_get_name
                0x00000000c000d588                sinc_get_description
                0x00000000c000d59b                sinc_set_converter
 .text          0x00000000c000d65e      0x6ca hal/libresample/src_zoh.32
                0x00000000c000dc7b                zoh_get_name
                0x00000000c000dc8e                zoh_get_description
                0x00000000c000dca1                zoh_set_converter
 .text          0x00000000c000dd28       0x23 compat/inlines.32
                0x00000000c000dd28                CPU::current()
                0x00000000c000dd35                operator new(unsigned long)
 .text          0x00000000c000dd4b      0x111 compat/resolve.32
                0x00000000c000dd4b                Krnl::resolveCompatibilitySymbol(char*)
 .text          0x00000000c000de5c      0x8ce core/computer.32
                0x00000000c000de5c                Computer::close(int, int, void*)
                0x00000000c000dea0                Krnl::firstTask()
                0x00000000c000df90                Computer::Computer()
                0x00000000c000df90                Computer::Computer()
                0x00000000c000e0ec                Computer::setBootMessage(char const*)
                0x00000000c000e0ee                Computer::detectFeatures()
                0x00000000c000e2fa                Computer::displayFeatures()
                0x00000000c000e4ec                Computer::rdmsr(unsigned int)
                0x00000000c000e518                Computer::wrmsr(unsigned int, unsigned long long)
                0x00000000c000e554                Computer::nmiEnabled()
                0x00000000c000e560                Computer::readCMOS(unsigned char)
                0x00000000c000e57a                Computer::enableNMI(bool)
                0x00000000c000e592                Computer::open(int, int, void*)
                0x00000000c000e668                Computer::disableNMI()
                0x00000000c000e676                Computer::writeCMOS(unsigned char, unsigned char)
                0x00000000c000e694                Computer::handleNMI()
                0x00000000c000e6fe                Computer::setDiskActivityLight(int, bool)
 .text          0x00000000c000e72a      0x1b3 core/gdt.32
                0x00000000c000e72a                GDTEntry::setBase(unsigned int)
                0x00000000c000e746                GDTEntry::setLimit(unsigned int)
                0x00000000c000e764                GDT::GDT()
                0x00000000c000e764                GDT::GDT()
                0x00000000c000e77a                GDT::addEntry(GDTEntry)
                0x00000000c000e7b2                GDT::getNumberOfEntries()
                0x00000000c000e7ba                GDT::flush()
                0x00000000c000e7dc                GDT::setup()
 .text          0x00000000c000e8dd       0x61 core/idle.32
                0x00000000c000e8dd                idleFunction(void*)
 .text          0x00000000c000e93e      0x456 core/idt.32
                0x00000000c000e93e                IDTEntry::IDTEntry(bool)
                0x00000000c000e93e                IDTEntry::IDTEntry(bool)
                0x00000000c000e9ac                IDTEntry::setOffset(unsigned int)
                0x00000000c000e9c0                IDT::IDT()
                0x00000000c000e9c0                IDT::IDT()
                0x00000000c000e9c2                IDT::getPointerToInvalidOpcodeEntryForF00F()
                0x00000000c000e9ca                IDT::addEntry(IDTEntry, int)
                0x00000000c000e9de                IDT::addEntry(int, void (*)(), bool)
                0x00000000c000ea16                IDT::flush()
                0x00000000c000ea30                IDT::setup()
 .text          0x00000000c000ed94      0x203 core/kheap.32
                0x00000000c000ed94                sbrk
                0x00000000c000ee9f                mmap
                0x00000000c000eeb5                munmap
                0x00000000c000eecb                liballoc_lock()
                0x00000000c000eedc                liballoc_unlock()
                0x00000000c000eeed                liballoc_alloc(int)
                0x00000000c000ef0b                liballoc_free(void*, int)
                0x00000000c000ef29                realloc
                0x00000000c000ef3d                malloc
                0x00000000c000ef4d                free
                0x00000000c000ef5d                rfree
                0x00000000c000ef6d                calloc
 .text          0x00000000c000ef97      0x466 core/main.32
                0x00000000c000ef97                hwTextMode_loadInData(VgaText*)
                0x00000000c000efdc                hwTextMode_loadInTitle(VgaText*, char*)
                0x00000000c000f05b                hwTextMode_showCursor(VgaText*, bool)
                0x00000000c000f0b6                hwTextMode_update(VgaText*)
                0x00000000c000f0b7                hwTextMode_updateCursor(VgaText*)
                0x00000000c000f100                hwTextMode_disableBlink(VgaText*, bool)
                0x00000000c000f146                hwTextMode_scrollScreen(VgaText*)
                0x00000000c000f1e7                hwTextMode_writeCharacter(VgaText*, char, VgaColour, VgaColour, int, int)
                0x00000000c000f268                setupTextMode()
                0x00000000c000f2d9                kernel_main
 .text          0x00000000c000f3fd      0x5e8 core/physmgr.32
                0x00000000c000f3fd                Phys::allocateDMA(unsigned long)
                0x00000000c000f4a1                Phys::freeDMA(unsigned long, unsigned long)
                0x00000000c000f4eb                Phys::setPageState(unsigned long, bool)
                0x00000000c000f523                Phys::getPageState(unsigned long)
                0x00000000c000f542                Phys::freePage(unsigned long)
                0x00000000c000f5c7                Phys::allocatePage()
                0x00000000c000f6ad                Phys::allocateContiguousPages(int)
                0x00000000c000f707                Phys::allowSegmentToBeUsed(unsigned long, unsigned long)
                0x00000000c000f741                Phys::physicalMemorySetup(unsigned int)
 *fill*         0x00000000c000f9e5        0x1 
 .text          0x00000000c000f9e6      0x275 core/pipe.32
                0x00000000c000f9e6                Pipe::isAtty()
                0x00000000c000f9ea                Pipe::~Pipe()
                0x00000000c000f9ea                Pipe::~Pipe()
                0x00000000c000fa0e                Pipe::~Pipe()
                0x00000000c000fa36                Pipe::read(unsigned long long, void*, int*)
                0x00000000c000fb2c                Pipe::write(unsigned long long, void*, int*)
                0x00000000c000fbf4                Pipe::Pipe(int)
                0x00000000c000fbf4                Pipe::Pipe(int)
 *fill*         0x00000000c000fc5b        0x1 
 .text          0x00000000c000fc5c      0xe7d core/terminal.32
                0x00000000c000fc5c                VgaText::isAtty()
                0x00000000c000fc60                VgaText::~VgaText()
                0x00000000c000fc60                VgaText::~VgaText()
                0x00000000c000fc84                VgaText::~VgaText()
                0x00000000c000fcae                VgaText::read(unsigned long long, void*, int*)
                0x00000000c000fcce                setTerminalScrollLock(bool)
                0x00000000c000fccf                addToTerminalCycle(VgaText*)
                0x00000000c000fcf0                installVgaTextImplementation()
                0x00000000c000fd05                scrollTerminalScrollLock(int)
                0x00000000c000fd06                VgaText::load()
                0x00000000c000fd54                VgaText::updateCursor()
                0x00000000c000fd6a                VgaText::showCursor(bool)
                0x00000000c000fd76                VgaText::disableBlink(bool)
                0x00000000c000fdaa                VgaText::doANSI_SGR(int)
                0x00000000c000fe1e                VgaText::setDefaultBgColour(VgaColour)
                0x00000000c000fe2e                VgaText::setDefaultFgColour(VgaColour)
                0x00000000c000fe3e                VgaText::setDefaultColours(VgaColour, VgaColour)
                0x00000000c000fe5e                VgaText::combineColours(unsigned char, unsigned char)
                0x00000000c000fe70                VgaText::scrollScreen()
                0x00000000c000ff04                VgaText::combineCharAndColour(char, unsigned char)
                0x00000000c000ff16                VgaText::writeCharacter(char, VgaColour, VgaColour, int, int)
                0x00000000c000ff72                VgaText::getCursorX()
                0x00000000c000ff7a                VgaText::getCursorY()
                0x00000000c000ff82                VgaText::setCursor(int, int)
                0x00000000c000ff9a                VgaText::setCursorX(int)
                0x00000000c000ffb2                VgaText::setCursorY(int)
                0x00000000c000ffca                VgaText::incrementCursor(bool)
                0x00000000c001001e                VgaText::updateRAMUsageDisplay(int)
                0x00000000c0010082                VgaText::updateDiskUsage()
                0x00000000c00101ec                VgaText::updateTitle()
                0x00000000c0010230                VgaText::setTitleTextColour(VgaColour)
                0x00000000c001023e                VgaText::setTitleColour(VgaColour)
                0x00000000c001024c                VgaText::setTitle(char*)
                0x00000000c0010272                VgaText::decrementCursor(bool)
                0x00000000c0010294                VgaText::putchar(char, VgaColour, VgaColour)
                0x00000000c001036c                VgaText::isShowingCursor()
                0x00000000c0010374                VgaText::isBlinkDisabled()
                0x00000000c0010380                VgaText::setCursorHeight(int)
                0x00000000c0010398                VgaText::getCursorHeight()
                0x00000000c00103a0                setActiveTerminal(VgaText*)
                0x00000000c0010446                doTerminalCycle()
                0x00000000c0010460                VgaText::doUpdate()
                0x00000000c001046e                VgaText::puts(char const*, VgaColour, VgaColour)
                0x00000000c00105e6                VgaText::clearScreen()
                0x00000000c0010640                VgaText::putchar(char)
                0x00000000c0010724                VgaText::puts(char const*)
                0x00000000c001074a                VgaText::putx(unsigned int)
                0x00000000c0010790                VgaText::VgaText(char const*)
                0x00000000c0010790                VgaText::VgaText(char const*)
                0x00000000c0010976                VgaText::receiveKey(unsigned char)
                0x00000000c0010a62                VgaText::write(unsigned long long, void*, int*)
                0x00000000c0010ab6                newTerminal(char*)
 *fill*         0x00000000c0010ad9        0x1 
 .text          0x00000000c0010ada      0x1b3 core/tss.32
                0x00000000c0010ada                TSS::TSS()
                0x00000000c0010ada                TSS::TSS()
                0x00000000c0010ae8                TSS::setESP(unsigned long)
                0x00000000c0010afa                TSS::flush()
                0x00000000c0010b1a                TSS::setup(unsigned long, unsigned long)
 *fill*         0x00000000c0010c8d        0x1 
 .text          0x00000000c0010c8e      0x4c2 core/unixfile.32
                0x00000000c0010c8e                ReservedFilename::read(unsigned long long, void*, int*)
                0x00000000c0010ce4                ReservedFilename::isAtty()
                0x00000000c0010d00                ReservedFilename::write(unsigned long long, void*, int*)
                0x00000000c0010d5e                UnixFile::getFileDescriptor()
                0x00000000c0010d66                UnixFile::UnixFile(int)
                0x00000000c0010d66                UnixFile::UnixFile(int)
                0x00000000c0010f16                ReservedFilename::ReservedFilename(int)
                0x00000000c0010f16                ReservedFilename::ReservedFilename(int)
                0x00000000c0010f48                UnixFile::~UnixFile()
                0x00000000c0010f48                UnixFile::~UnixFile()
                0x00000000c0010fe0                UnixFile::~UnixFile()
                0x00000000c0011008                ReservedFilename::~ReservedFilename()
                0x00000000c0011008                ReservedFilename::~ReservedFilename()
                0x00000000c001102c                ReservedFilename::~ReservedFilename()
                0x00000000c0011053                getFromFileDescriptor(int)
 .text          0x00000000c0011150     0x12c9 core/virtmgr.32
                0x00000000c0011150                Virt::setPageState(unsigned long, Virt::VirtPageState)
                0x00000000c0011185                Virt::getPageState(unsigned long)
                0x00000000c00111ab                Virt::allocateKernelVirtualPages(int)
                0x00000000c00112c3                Virt::freeSwapfilePage(unsigned long)
                0x00000000c00112e4                Virt::swapIDToSector(unsigned long)
                0x00000000c00112f6                Virt::allocateSwapfilePage()
                0x00000000c0011374                Virt::virtualMemorySetup()
                0x00000000c00113f3                Virt::swappingSetup()
                0x00000000c00113f4                Virt::getAKernelVAS()
                0x00000000c00113fa                Virt::setupPageSwapping(int)
                0x00000000c00115ce                VAS::VAS()
                0x00000000c00115ce                VAS::VAS()
                0x00000000c001160a                VAS::VAS(VAS*)
                0x00000000c001160a                VAS::VAS(VAS*)
                0x00000000c0011638                VAS::getForeignPageTableEntry(bool, unsigned long)
                0x00000000c0011664                VAS::getPageTableEntry(unsigned long)
                0x00000000c0011685                Virt::freeKernelVirtualPages(unsigned long)
                0x00000000c0011798                VAS::freeAllocatedPages(unsigned long)
                0x00000000c00117bc                VAS::virtualToPhysical(unsigned long)
                0x00000000c00117d4                VAS::reflagRange(unsigned long, int, int, int)
                0x00000000c0011816                VAS::setToWriteCombining(unsigned long, int)
                0x00000000c0011848                VAS::mapOtherVASIn(bool, VAS*)
                0x00000000c0011872                VAS::~VAS()
                0x00000000c0011872                VAS::~VAS()
                0x00000000c00119de                VAS::mapPage(unsigned long, unsigned long, int)
                0x00000000c0011ad8                VAS::allocatePages(int, int)
                0x00000000c0011caa                VAS::setCPUSpecific(unsigned long)
                0x00000000c0011cc6                VAS::mapRange(unsigned long, unsigned long, int, int)
                0x00000000c0011d88                VAS::mapForeignPage(bool, VAS*, unsigned long, unsigned long, int)
                0x00000000c0011e72                VAS::VAS(bool)
                0x00000000c0011e72                VAS::VAS(bool)
                0x00000000c00120d0                VAS::evict(unsigned long)
                0x00000000c0012192                VAS::tryLoadBackOffDisk(unsigned long)
                0x00000000c00122aa                VAS::scanForEviction()
                0x00000000c001235b                mapVASFirstTime
 .text          0x00000000c0012419       0x95 coreobjs/c++.32
                0x00000000c0012419                __cxa_atexit
                0x00000000c001241c                __cxa_finalize
                0x00000000c001241d                __stack_chk_fail
                0x00000000c0012489                __cxa_pure_virtual
                0x00000000c001249a                operator new[](unsigned long)
                0x00000000c001249f                operator delete(void*, unsigned long)
                0x00000000c00124a4                operator delete[](void*)
                0x00000000c00124a9                operator delete[](void*, unsigned long)
 .text          0x00000000c00124ae      0x200 dbg/kconsole.32
                0x00000000c00124ae                Dbg::stringifyxWithBase(unsigned int, char*, int)
                0x00000000c0012521                Dbg::logc(char)
                0x00000000c0012538                Dbg::logs(char*)
                0x00000000c0012555                Dbg::logWriteInt(unsigned int)
                0x00000000c0012572                Dbg::logWriteIntBase(unsigned int, int)
                0x00000000c0012591                Dbg::kprintf(char const*, ...)
 .text          0x00000000c00126ae      0xb82 fs/vfs.32
                0x00000000c00126ae                File::read(unsigned long long, void*, int*)
                0x00000000c0012706                File::write(unsigned long long, void*, int*)
                0x00000000c001275e                Directory::read(unsigned long long, void*, int*)
                0x00000000c00127b6                Directory::write(unsigned long long, void*, int*)
                0x00000000c00127e4                File::isAtty()
                0x00000000c00127e8                Directory::isAtty()
                0x00000000c00127ec                Filesystem::getlabel(LogicalDisk*, int, char*, unsigned int*)
                0x00000000c00127f2                Filesystem::setlabel(LogicalDisk*, int, char*)
                0x00000000c00127f8                Filesystem::getFileFirstSector(char const*)
                0x00000000c00127fe                File::~File()
                0x00000000c00127fe                File::~File()
                0x00000000c0012822                File::~File()
                0x00000000c001284c                Directory::~Directory()
                0x00000000c001284c                Directory::~Directory()
                0x00000000c0012870                Directory::~Directory()
                0x00000000c001289a                Filesystem::Filesystem()
                0x00000000c001289a                Filesystem::Filesystem()
                0x00000000c00128be                Filesystem::~Filesystem()
                0x00000000c00128be                Filesystem::~Filesystem()
                0x00000000c00128cc                Filesystem::~Filesystem()
                0x00000000c00128f0                Fs::getcwd(Process*, char*, int)
                0x00000000c001291a                Fs::initVFS()
                0x00000000c0012944                Fs::standardiseFiles(char*, char const*, char const*)
                0x00000000c0012aee                File::File(char const*, Process*)
                0x00000000c0012aee                File::File(char const*, Process*)
                0x00000000c0012b52                File::open(FileOpenMode)
                0x00000000c0012bb0                File::close()
                0x00000000c0012c10                File::seek(unsigned long long)
                0x00000000c0012c66                File::tell(unsigned long long*)
                0x00000000c0012cb6                File::rewind()
                0x00000000c0012cca                File::unlink()
                0x00000000c0012d16                File::rename(char const*)
                0x00000000c0012d64                File::chfatattr(unsigned char, unsigned char)
                0x00000000c0012dc0                File::exists()
                0x00000000c0012dfe                File::stat(unsigned long long*, bool*)
                0x00000000c0012e5f                Fs::setcwd(Process*, char*)
                0x00000000c0012f9a                Directory::Directory(char const*, Process*)
                0x00000000c0012f9a                Directory::Directory(char const*, Process*)
                0x00000000c0012ffe                Directory::open()
                0x00000000c001305a                Directory::close()
                0x00000000c00130ba                Directory::unlink()
                0x00000000c0013106                Directory::rename(char const*)
                0x00000000c0013154                Directory::exists()
                0x00000000c0013192                Directory::read(dirent*)
                0x00000000c00131de                Directory::create()
                0x00000000c001322a                Filesystem::chfatattr(char const*, unsigned char, unsigned char)
 .text          0x00000000c0013230       0x84 hal/bus.32
                0x00000000c0013230                Bus::Bus(char const*)
                0x00000000c0013230                Bus::Bus(char const*)
                0x00000000c0013266                Bus::~Bus()
                0x00000000c0013266                Bus::~Bus()
                0x00000000c001328a                Bus::~Bus()
 .text          0x00000000c00132b4      0x14e hal/buzzer.32
                0x00000000c00132b4                Buzzer::Buzzer(char const*)
                0x00000000c00132b4                Buzzer::Buzzer(char const*)
                0x00000000c00132f8                Buzzer::~Buzzer()
                0x00000000c00132f8                Buzzer::~Buzzer()
                0x00000000c001331c                Buzzer::~Buzzer()
                0x00000000c0013346                Buzzer::stop()
                0x00000000c0013359                beepThread(void*)
                0x00000000c0013394                Buzzer::beep(int, int, bool)
 .text          0x00000000c0013402      0x495 hal/clock.32
                0x00000000c0013402                User::loadClockSettings(int)
                0x00000000c0013454                Clock::Clock(char const*)
                0x00000000c0013454                Clock::Clock(char const*)
                0x00000000c001348a                Clock::~Clock()
                0x00000000c001348a                Clock::~Clock()
                0x00000000c00134ae                Clock::~Clock()
                0x00000000c00134d8                Clock::timeInSecondsLocal()
                0x00000000c001353c                Clock::setTimeInSecondsLocal(unsigned long long)
                0x00000000c0013596                datetimeToSeconds(datetime_t)
                0x00000000c00136bc                Clock::setTimeInDatetimeLocal(datetime_t)
                0x00000000c001372d                secondsToDatetime(unsigned long long)
                0x00000000c0013872                Clock::timeInDatetimeLocal()
 *fill*         0x00000000c0013897        0x1 
 .text          0x00000000c0013898      0x4da hal/device.32
                0x00000000c0013898                Device::hibernate()
                0x00000000c001389a                Device::wake()
                0x00000000c001389c                Device::detect()
                0x00000000c001389e                Device::disableLegacy()
                0x00000000c00138a0                Device::powerSaving(PowerSavingLevel)
                0x00000000c00138a2                DriverlessDevice::close(int, int, void*)
                0x00000000c00138a6                DriverlessDevice::detect()
                0x00000000c00138a8                DriverlessDevice::open(int, int, void*)
                0x00000000c00138bc                Device::~Device()
                0x00000000c00138bc                Device::~Device()
                0x00000000c00138ca                Device::~Device()
                0x00000000c00138f2                Device::findAndLoadDriver()
                0x00000000c00138f4                Device::preOpenPCI(PCIDeviceInfo)
                0x00000000c001391a                Device::preOpenACPI(void*, char*, char*)
                0x00000000c001396a                Device::addIRQHandler(int, void (*)(regs*, void*), bool, void*)
                0x00000000c00139a8                Device::removeIRQHandler(int, void (*)(regs*, void*), bool)
                0x00000000c00139e6                Device::addChild(Device*)
                0x00000000c0013a2a                Device::removeAllChildren()
                0x00000000c0013a70                Device::hibernateAll()
                0x00000000c0013aa0                Device::wakeAll()
                0x00000000c0013ad0                Device::detectAll()
                0x00000000c0013b00                Device::disableLegacyAll()
                0x00000000c0013b30                Device::loadDriversForAll()
                0x00000000c0013b5c                Device::closeAll()
                0x00000000c0013b92                Device::powerSavingAll(PowerSavingLevel)
                0x00000000c0013bc8                Device::setName(char const*)
                0x00000000c0013bd6                Device::Device(char const*)
                0x00000000c0013bd6                Device::Device(char const*)
                0x00000000c0013cd2                Device::getName()
                0x00000000c0013cdc                DriverlessDevice::DriverlessDevice(char const*)
                0x00000000c0013cdc                DriverlessDevice::DriverlessDevice(char const*)
                0x00000000c0013d04                Device::addToLinkedList(LinkedList<Device>&, DeviceType)
                0x00000000c0013d48                getDevicesOfType(DeviceType)
 .text          0x00000000c0013d72       0x84 hal/diskctrl.32
                0x00000000c0013d72                HardDiskController::HardDiskController(char const*)
                0x00000000c0013d72                HardDiskController::HardDiskController(char const*)
                0x00000000c0013da8                HardDiskController::~HardDiskController()
                0x00000000c0013da8                HardDiskController::~HardDiskController()
                0x00000000c0013dcc                HardDiskController::~HardDiskController()
 .text          0x00000000c0013df6       0xf2 hal/diskphys.32
                0x00000000c0013df6                PhysicalDisk::eject()
                0x00000000c0013e0a                PhysicalDisk::PhysicalDisk(char const*, int)
                0x00000000c0013e0a                PhysicalDisk::PhysicalDisk(char const*, int)
                0x00000000c0013e72                PhysicalDisk::startCache()
                0x00000000c0013e9a                PhysicalDisk::~PhysicalDisk()
                0x00000000c0013e9a                PhysicalDisk::~PhysicalDisk()
                0x00000000c0013ebe                PhysicalDisk::~PhysicalDisk()
 .text          0x00000000c0013ee8      0x13b hal/fpu.32
                0x00000000c0013ee8                FPU::FPU(char const*)
                0x00000000c0013ee8                FPU::FPU(char const*)
                0x00000000c0013f1e                FPU::~FPU()
                0x00000000c0013f1e                FPU::~FPU()
                0x00000000c0013f42                FPU::~FPU()
                0x00000000c0013f6c                setupFPU()
 *fill*         0x00000000c0014023        0x1 
 .text          0x00000000c0014024     0x1425 hal/intctrl.32
                0x00000000c0014024                InterruptController::uninstallISRHandler(int, void (*)(regs*, void*))
                0x00000000c001405e                InterruptController::installISRHandler(int, void (*)(regs*, void*), void*)
                0x00000000c00140b0                doubleFault(regs*, void*)
                0x00000000c00140ca                InterruptController::installIRQHandler(int, void (*)(regs*, void*), bool, void*)
                0x00000000c001416c                InterruptController::clearAllHandlers(int, bool)
                0x00000000c001421a                InterruptController::uninstallIRQHandler(int, void (*)(regs*, void*), bool)
                0x00000000c0014297                nmiHandler(regs*, void*)
                0x00000000c00142a5                int_handler
                0x00000000c0014346                InterruptController::InterruptController(char const*)
                0x00000000c0014346                InterruptController::InterruptController(char const*)
                0x00000000c00143ec                InterruptController::~InterruptController()
                0x00000000c00143ec                InterruptController::~InterruptController()
                0x00000000c0014410                InterruptController::~InterruptController()
                0x00000000c001443a                displayDebugInfo(regs*)
                0x00000000c00148cb                x87EmulHandler(regs*, void*)
                0x00000000c001493e                gpFault(regs*, void*)
                0x00000000c0014977                pgFault(regs*, void*)
                0x00000000c00149b3                otherISRHandler(regs*, void*)
                0x00000000c00149d2                opcodeFault(regs*, void*)
                0x00000000c0014fd6                displayProgramFault(char const*)
                0x00000000c0014ffe                setupInterruptController()
                0x00000000c00153fc                InterruptController::convertLegacyIRQNumber(int)
 *fill*         0x00000000c0015449        0x1 
 .text          0x00000000c001544a      0x738 hal/keybrd.32
                0x00000000c001544a                startGUI(void*)
                0x00000000c00154a6                startGUIVESA(void*)
                0x00000000c0015502                sendKeyToTerminal(unsigned char)
                0x00000000c001556f                sendKeyboardToken(KeyboardToken)
                0x00000000c00159d7                clearInternalKeybuffer(VgaText*)
                0x00000000c0015a0d                readKeyboard(VgaText*, char*, unsigned long)
                0x00000000c0015af8                Keyboard::Keyboard(char const*)
                0x00000000c0015af8                Keyboard::Keyboard(char const*)
                0x00000000c0015b34                Keyboard::~Keyboard()
                0x00000000c0015b34                Keyboard::~Keyboard()
                0x00000000c0015b58                Keyboard::~Keyboard()
 .text          0x00000000c0015b82      0x447 hal/logidisk.32
                0x00000000c0015b82                LogicalDisk::close(int, int, void*)
                0x00000000c0015b86                LogicalDisk::~LogicalDisk()
                0x00000000c0015b86                LogicalDisk::~LogicalDisk()
                0x00000000c0015baa                LogicalDisk::~LogicalDisk()
                0x00000000c0015bd4                LogicalDisk::open(int, int, void*)
                0x00000000c0015be8                LogicalDisk::absoluteToRelative(unsigned long long)
                0x00000000c0015c32                LogicalDisk::relativeToAbsolute(unsigned long long)
                0x00000000c0015c7a                LogicalDisk::LogicalDisk(char const*, PhysicalDisk*, unsigned long long, unsigned long long)
                0x00000000c0015c7a                LogicalDisk::LogicalDisk(char const*, PhysicalDisk*, unsigned long long, unsigned long long)
                0x00000000c0015d30                LogicalDisk::assignDriveLetter()
                0x00000000c0015dca                LogicalDisk::mount()
                0x00000000c0015e3c                LogicalDisk::unmount()
                0x00000000c0015e4c                LogicalDisk::eject()
                0x00000000c0015e60                LogicalDisk::unassignDriveLetter()
                0x00000000c0015eca                LogicalDisk::read(unsigned long long, int, void*)
                0x00000000c0015f4a                LogicalDisk::write(unsigned long long, int, void*)
 *fill*         0x00000000c0015fc9        0x1 
 .text          0x00000000c0015fca       0x84 hal/mouse.32
                0x00000000c0015fca                Mouse::Mouse(char const*)
                0x00000000c0015fca                Mouse::Mouse(char const*)
                0x00000000c0016000                Mouse::~Mouse()
                0x00000000c0016000                Mouse::~Mouse()
                0x00000000c0016024                Mouse::~Mouse()
 .text          0x00000000c001604e      0x367 hal/partition.32
                0x00000000c001604e                makePartition(PhysicalDisk*, unsigned long long, unsigned long long)
                0x00000000c0016115                createPartitionsForDisk(PhysicalDisk*)
 *fill*         0x00000000c00163b5        0x1 
 .text          0x00000000c00163b6       0x84 hal/serial.32
                0x00000000c00163b6                Serial::Serial(char const*)
                0x00000000c00163b6                Serial::Serial(char const*)
                0x00000000c00163ec                Serial::~Serial()
                0x00000000c00163ec                Serial::~Serial()
                0x00000000c0016410                Serial::~Serial()
 .text          0x00000000c001643a      0x2c8 hal/timer.32
                0x00000000c001643a                Timer::Timer(char const*)
                0x00000000c001643a                Timer::Timer(char const*)
                0x00000000c0016470                Timer::~Timer()
                0x00000000c0016470                Timer::~Timer()
                0x00000000c0016494                Timer::~Timer()
                0x00000000c00164be                Timer::read()
                0x00000000c00164c9                timerHandler(unsigned long long)
                0x00000000c0016610                setupTimer(int)
 .text          0x00000000c0016702      0x461 hal/vcache.32
                0x00000000c0016702                VCache::VCache(PhysicalDisk*)
                0x00000000c0016702                VCache::VCache(PhysicalDisk*)
                0x00000000c001686a                VCache::invalidateReadBuffer()
                0x00000000c001687a                VCache::writeWriteBuffer()
                0x00000000c00168b6                VCache::~VCache()
                0x00000000c00168b6                VCache::~VCache()
                0x00000000c001690a                VCache::~VCache()
                0x00000000c0016932                VCache::write(unsigned long long, int, void*)
                0x00000000c0016a52                VCache::read(unsigned long long, int, void*)
 *fill*         0x00000000c0016b63        0x1 
 .text          0x00000000c0016b64      0x4cb hal/video.32
                0x00000000c0016b64                Video::putrect(int, int, int, int, unsigned int)
                0x00000000c0016bae                Video::bitblit(int, int, int, int, int, int, int, unsigned int*)
                0x00000000c0016c18                Video::blit(unsigned int*, int, int, int, int)
                0x00000000c0016c9e                Video::clearScreen(unsigned int)
                0x00000000c0016cd2                Video::putpixel(int, int, unsigned int)
                0x00000000c0016ce0                Video::Video(char const*)
                0x00000000c0016ce0                Video::Video(char const*)
                0x00000000c0016d16                Video::~Video()
                0x00000000c0016d16                Video::~Video()
                0x00000000c0016d3a                Video::~Video()
                0x00000000c0016d64                Video::isMonochrome()
                0x00000000c0016d70                Video::getWidth()
                0x00000000c0016d7c                Video::getHeight()
                0x00000000c0016d88                Video::drawCursor(int, int, unsigned char*, int)
                0x00000000c0016e44                Video::tgaParse(unsigned char*, int, int*, int*)
                0x00000000c0016fc4                Video::putTGA(int, int, unsigned char*, int)
 *fill*         0x00000000c001702f        0x1 
 .text          0x00000000c0017030      0xf7e hw/acpi.32
                0x00000000c0017030                ACPI::close(int, int, void*)
                0x00000000c00170e7                findRSDP()
                0x00000000c0017181                loadACPITables(unsigned char*)
                0x00000000c00173aa                findRSDT(unsigned char*)
                0x00000000c00174ca                findDataTable(unsigned char*, char*)
                0x00000000c0017566                scanMADT()
                0x00000000c00179e2                ACPI::ACPI()
                0x00000000c00179e2                ACPI::ACPI()
                0x00000000c0017a4c                ACPI::getPCIIRQAssignment(unsigned char, unsigned short, unsigned char)
                0x00000000c0017b2e                ACPI::registerPCIIRQAssignment(void*, unsigned short, unsigned char, unsigned char)
                0x00000000c0017bf4                ACPI::setScreenBrightnessLevel(void*, int)
                0x00000000c0017bfa                ACPI::writeSimpleBootFlag(SimpleBootFlagTable*)
                0x00000000c0017c44                ACPI::open(int, int, void*)
                0x00000000c0017f96                ACPI::sleep()
 .text          0x00000000c0017fae     0x16cf hw/cpu.32
                0x00000000c0017fae                CPU::close(int, int, void*)
                0x00000000c0017fb2                CPU::lookupAMDName(unsigned char, unsigned char)
                0x00000000c0018168                CPU::lookupIntelName(unsigned char, unsigned char)
                0x00000000c0018422                CPU::AMD_K6_write_msr(unsigned int, unsigned int, unsigned int, CPU::REGS*)
                0x00000000c001843e                CPU::AMD_K6_read_msr(unsigned int, CPU::REGS*)
                0x00000000c0018456                CPU::AMD_K6_writeback(int, int, int)
                0x00000000c00184ca                CPU::cpuid(int, unsigned long*, unsigned long*, unsigned long*, unsigned long*)
                0x00000000c001854e                CPU::cpuidCheckEDX(unsigned int)
                0x00000000c001857c                CPU::cpuidCheckECX(unsigned int)
                0x00000000c00185aa                CPU::cpuidCheckExtendedEBX(unsigned int)
                0x00000000c00185d8                CPU::cpuidCheckExtendedECX(unsigned int)
                0x00000000c0018606                CPU::CPU()
                0x00000000c0018606                CPU::CPU()
                0x00000000c0018694                CPU::displayFeatures()
                0x00000000c0018888                CPU::detectFeatures()
                0x00000000c001925c                CPU::setupSMEP()
                0x00000000c0019268                CPU::setupUMIP()
                0x00000000c0019272                CPU::setupTSC()
                0x00000000c001927c                CPU::setupLargePages()
                0x00000000c0019286                CPU::setupPAT()
                0x00000000c00192ce                CPU::setupMTRR()
                0x00000000c00192d0                CPU::setupGlobalPages()
                0x00000000c00192da                CPU::allowUsermodeDataAccess()
                0x00000000c00192ec                CPU::prohibitUsermodeDataAccess()
                0x00000000c00192fe                CPU::setupSMAP()
                0x00000000c001930c                CPU::setupFeatures()
                0x00000000c001938c                CPU::open(int, int, void*)
                0x00000000c001945e                CPU::decodeAddress(regs*, int*, bool*, unsigned char*)
 .text          0x00000000c001967d        0x0 hw/ports.32
 .text          0x00000000c001967d      0x16c hw/smp.32
                0x00000000c001967d                Krnl::smpEntry()
                0x00000000c001967f                Krnl::startCPU(int)
                0x00000000c00197ca                Krnl::startCPUs()
 *fill*         0x00000000c00197e9        0x1 
 .text          0x00000000c00197ea      0x5f1 krnl/env.32
                0x00000000c00197ea                EnvVarContainer::getEnv(char const*)
                0x00000000c0019828                EnvVarContainer::setEnv(char const*, char const*)
                0x00000000c00198f4                EnvVarContainer::deleteEnv(char const*)
                0x00000000c00198f6                EnvVarContainer::loadFrom(char const*, char const*)
                0x00000000c0019aec                EnvVarContainer::__loadSystem()
                0x00000000c0019b06                EnvVarContainer::__loadUser()
                0x00000000c0019b08                EnvVarContainer::EnvVarContainer(Process*)
                0x00000000c0019b08                EnvVarContainer::EnvVarContainer(Process*)
                0x00000000c0019b2a                EnvVarContainer::~EnvVarContainer()
                0x00000000c0019b2a                EnvVarContainer::~EnvVarContainer()
                0x00000000c0019b5a                Krnl::getEnv(Process*, char const*)
                0x00000000c0019bbf                Krnl::setEnvSystem(char const*, char const*)
                0x00000000c0019bd9                Krnl::setEnvUser(char const*, char const*)
                0x00000000c0019bf8                Krnl::setEnvProcess(Process*, char const*, char const*)
                0x00000000c0019c0b                Krnl::deleteEnvSystem(char const*)
                0x00000000c0019c0c                Krnl::deleteEnvUser(char const*)
                0x00000000c0019c0d                Krnl::deleteEnvProcess(Process*, char const*)
                0x00000000c0019c0e                Krnl::newProcessEnv(Process*)
                0x00000000c0019c2e                Krnl::copyProcessEnv(Process*, Process*)
                0x00000000c0019c82                Krnl::loadSystemEnv()
                0x00000000c0019cb0                Krnl::loadUserEnv()
                0x00000000c0019cd6                Krnl::flushEnv()
                0x00000000c0019cd7                Krnl::getProcessTotalEnvCount(Process*)
                0x00000000c0019cf7                Krnl::getProcessEnvPair(Process*, int)
 .text          0x00000000c0019ddb      0x396 krnl/panic.32
                0x00000000c0019ddb                Krnl::panic(char const*)
 .text          0x00000000c001a171      0x3bf net/ethernet.32
                0x00000000c001a171                Net::switchEndian16(unsigned short)
                0x00000000c001a192                Net::switchEndian32(unsigned int)
                0x00000000c001a1c1                Net::crc32Calc(unsigned char*, int)
                0x00000000c001a252                Net::wrapEthernetFrame(Net::UnwrappedEthernetFrame, unsigned char*)
                0x00000000c001a392                Net::unwrapEthernetFrame(unsigned char*, int)
 .text          0x00000000c001a530      0x534 reg/registry.32
                0x00000000c001a530                Reg::findLineFromLoadedData(char*, char*, char*)
                0x00000000c001a699                Reg::getLineFromRegistry(char*, char*, char*, char*)
                0x00000000c001a7ea                Reg::getLine(char*, char*, char*)
                0x00000000c001a821                Reg::readInt(char*, char*, int*)
                0x00000000c001a920                Reg::readString(char*, char*, char*, int)
                0x00000000c001a9a1                Reg::readBool(char*, char*, bool*)
                0x00000000c001a9c6                Reg::readBoolWithDefault(char*, char*, bool)
                0x00000000c001a9f2                Reg::readIntWithDefault(char*, char*, int)
                0x00000000c001aa1e                Reg::readStringWithDefault(char*, char*, char*, int, char*)
 .text          0x00000000c001aa64       0x36 sys/sc_eject.32
                0x00000000c001aa64                Sys::eject(regs*)
 .text          0x00000000c001aa9a       0x18 sys/sc_exit.32
                0x00000000c001aa9a                Sys::exit(regs*)
 .text          0x00000000c001aab2       0x1f sys/sc_getcwd.32
                0x00000000c001aab2                Sys::getCwd(regs*)
 .text          0x00000000c001aad1        0xc sys/sc_getpid.32
                0x00000000c001aad1                Sys::getPID(regs*)
 .text          0x00000000c001aadd       0x17 sys/sc_getramdata.32
                0x00000000c001aadd                Sys::getRAMData(regs*)
 .text          0x00000000c001aaf4       0x8f sys/sc_getvgaptr.32
                0x00000000c001aaf4                Sys::getVGAPtr(regs*)
 .text          0x00000000c001ab83       0xc4 sys/sc_loaddll.32
                0x00000000c001ab83                Sys::loadDLL(regs*)
 .text          0x00000000c001ac47       0x68 sys/sc_read.32
                0x00000000c001ac47                Sys::read(regs*)
 .text          0x00000000c001acaf       0x55 sys/sc_sbrk.32
                0x00000000c001acaf                Sys::sbrk(regs*)
 .text          0x00000000c001ad04       0x1c sys/sc_setcwd.32
                0x00000000c001ad04                Sys::setCwd(regs*)
 .text          0x00000000c001ad20      0x124 sys/sc_settime.32
                0x00000000c001ad20                Sys::setTime(regs*)
 .text          0x00000000c001ae44       0x54 sys/sc_timezone.32
                0x00000000c001ae44                Sys::timezone(regs*)
 .text          0x00000000c001ae98       0x68 sys/sc_write.32
                0x00000000c001ae98                Sys::write(regs*)
 .text          0x00000000c001af00       0x62 sys/sc_wsbe.32
                0x00000000c001af00                Sys::wsbe(regs*)
 .text          0x00000000c001af62       0x42 sys/sc_yield.32
                0x00000000c001af62                Sys::yield(regs*)
 .text          0x00000000c001afa4     0x120b sys/syscalls.32
                0x00000000c001afa4                sysCallSeekDir(regs*)
                0x00000000c001afa9                sysCallTellDir(regs*)
                0x00000000c001afae                sysCallVerify(regs*)
                0x00000000c001afb8                sysFormatDisk(regs*)
                0x00000000c001b03f                sysSetDiskVolumeLabel(regs*)
                0x00000000c001b085                sysGetDiskVolumeLabel(regs*)
                0x00000000c001b0d2                sysShutdown(regs*)
                0x00000000c001b16b                sysCallRealpath(regs*)
                0x00000000c001b1c6                sysCallGetArgc(regs*)
                0x00000000c001b1f4                sysCallReadDir(regs*)
                0x00000000c001b2a0                sysCallIsATTY(regs*)
                0x00000000c001b2fa                sysCallSeek(regs*)
                0x00000000c001b374                sysCallTell(regs*)
                0x00000000c001b3ed                sysCallSize(regs*)
                0x00000000c001b46c                sysCallSizeFromFilename(regs*)
                0x00000000c001b51a                sysCallClose(regs*)
                0x00000000c001b5c5                sysCallOpenDir(regs*)
                0x00000000c001b64e                sysCallCloseDir(regs*)
                0x00000000c001b6bf                sysCallMakeDir(regs*)
                0x00000000c001b733                sysCallWait(regs*)
                0x00000000c001b74d                sysCallNotImpl(regs*)
                0x00000000c001b768                sysPanic(regs*)
                0x00000000c001b78e                sysCallRmdir(regs*)
                0x00000000c001b7eb                sysCallUnlink(regs*)
                0x00000000c001b848                sysCallGetArgv(regs*)
                0x00000000c001b8b7                sysCallTTYName(regs*)
                0x00000000c001b94e                sysCallUSleep(regs*)
                0x00000000c001b98a                sysCallSpawn(regs*)
                0x00000000c001ba03                sysCallGetEnv(regs*)
                0x00000000c001bb40                sysAppSettings(regs*)
                0x00000000c001bc5a                sysSetFatAttrib(regs*)
                0x00000000c001bcc2                sysPipe(regs*)
                0x00000000c001bd07                sysGetUnixTime(regs*)
                0x00000000c001bd1b                string_ends_with(char const*, char const*)
                0x00000000c001bd66                sysCallOpen(regs*)
                0x00000000c001bf78                Sys::loadSyscalls()
                0x00000000c001c16d                Sys::systemCall(regs*, void*)
 .text          0x00000000c001c1af     0x11f3 thr/elf.32
                0x00000000c001c1af                Thr::allocateMemoryForTask(Process*, File*, unsigned long, unsigned long, unsigned long)
                0x00000000c001c43c                Thr::loadProgramIntoMemory(Process*, char const*)
                0x00000000c001c65b                Thr::runtimeReferenceHelper()
                0x00000000c001c66e                Thr::getAddressOfKernelSymbol(char const*)
                0x00000000c001c6bd                Thr::loadKernelSymbolTable(char const*)
                0x00000000c001c97b                Thr::loadDriverIntoMemory(char const*, unsigned long, bool)
                0x00000000c001d0ac                Thr::getDriverBaseFromAddress(unsigned long)
                0x00000000c001d0de                Thr::getDriverNameFromAddress(unsigned long)
                0x00000000c001d115                Thr::getDriverOffsetFromAddress(unsigned long)
                0x00000000c001d12f                Thr::loadDLL(char const*, bool)
                0x00000000c001d369                Thr::executeDLL(unsigned long, void*)
 .text          0x00000000c001d3a2     0x10f8 thr/prcssthr.32
                0x00000000c001d3a2                changeTSS
                0x00000000c001d3d2                Process::addArgs(char**)
                0x00000000c001d42c                Process::Process(char const*, Process*, char**)
                0x00000000c001d42c                Process::Process(char const*, Process*, char**)
                0x00000000c001d610                Process::Process(bool, char const*, Process*, char**)
                0x00000000c001d610                Process::Process(bool, char const*, Process*, char**)
                0x00000000c001d7bf                disableIRQs()
                0x00000000c001d7c7                getIRQNestingLevel()
                0x00000000c001d7cd                enableIRQs()
                0x00000000c001d7dc                lockScheduler()
                0x00000000c001d7de                unlockScheduler()
                0x00000000c001d7e0                userModeEntryPoint(void*)
                0x00000000c001d803                lockStuff()
                0x00000000c001d80f                taskStartupFunction
                0x00000000c001d818                updateTimeUsed()
                0x00000000c001d870                switchToThread(ThreadControlBlock*)
                0x00000000c001d8ba                Semaphore::Semaphore(int)
                0x00000000c001d8ba                Semaphore::Semaphore(int)
                0x00000000c001d8e8                Mutex::Mutex()
                0x00000000c001d8e8                Mutex::Mutex()
                0x00000000c001d8fa                Process::createThread(void (*)(void*), void*, int)
                0x00000000c001d9ea                Process::createUserThread()
                0x00000000c001da06                setupMultitasking(void (*)())
                0x00000000c001db2a                schedule()
                0x00000000c001dbb1                unlockStuff()
                0x00000000c001dbe6                Semaphore::tryAcquire()
                0x00000000c001dc14                Semaphore::assertLocked(char const*)
                0x00000000c001dc44                blockTaskWithSchedulerLockAlreadyHeld(TaskState)
                0x00000000c001dc86                blockTask(TaskState)
                0x00000000c001dca7                waitTask(int, int*, int)
                0x00000000c001dce9                nanoSleepUntil(unsigned long long)
                0x00000000c001dd44                nanoSleep(unsigned long long)
                0x00000000c001dd5e                sleep(unsigned long long)
                0x00000000c001dd84                Semaphore::acquire()
                0x00000000c001ddec                taskReturned
                0x00000000c001de1a                Thr::processFromPID(int)
                0x00000000c001deb3                unblockTask(ThreadControlBlock*)
                0x00000000c001df64                cleanupTerminatedTask(ThreadControlBlock*)
                0x00000000c001e20f                cleanerTaskFunction(void*)
                0x00000000c001e2c2                terminateTask(int)
                0x00000000c001e3a2                Thr::terminateFromIRQ(int)
                0x00000000c001e3ae                Semaphore::release()
 .text          0x00000000c001e49a      0xc41 vm86/vm8086.32
                0x00000000c001e49a                Vm::inbv(unsigned short)
                0x00000000c001e4ad                Vm::outbv(unsigned short, unsigned char)
                0x00000000c001e500                Vm::realToLinear(unsigned short, unsigned short)
                0x00000000c001e510                Vm::getSegment(unsigned int)
                0x00000000c001e51a                Vm::getOffset(unsigned int)
                0x00000000c001e51f                Vm::mainloop2()
                0x00000000c001e55a                Vm::mainVm8086Loop(void*)
                0x00000000c001e567                Vm::mainloop3(unsigned long)
                0x00000000c001e591                Vm::initialise8086()
                0x00000000c001e5d4                Vm::finish8086()
                0x00000000c001e619                Vm::getOutput8086(unsigned char*)
                0x00000000c001e643                Vm::start8086(char const*, unsigned short, unsigned short, unsigned short, unsigned short)
                0x00000000c001e790                Vm::doISR(regs*, int, unsigned char*, unsigned short, unsigned short)
                0x00000000c001e81a                Vm::readByteFromReal(unsigned short, unsigned short)
                0x00000000c001e82b                Vm::readWordFromReal(unsigned short, unsigned short)
                0x00000000c001e83d                Vm::readDwordFromReal(unsigned short, unsigned short)
                0x00000000c001e84e                Vm::writeByteFromReal(unsigned short, unsigned short, unsigned char)
                0x00000000c001e863                Vm::writeWordFromReal(unsigned short, unsigned short, unsigned short)
                0x00000000c001e879                Vm::writeDwordFromReal(unsigned short, unsigned short, unsigned int)
                0x00000000c001e88e                Vm::faultHandler(regs*)
 .text          0x00000000c001f0db      0xf4d vm86/x87em.32
                0x00000000c001f0db                Vm::fpuInternalTo32(unsigned long long)
                0x00000000c001f133                Vm::fpuInternalTo64(unsigned long long)
                0x00000000c001f13c                Vm::fpu32ToInternal(unsigned int)
                0x00000000c001f19e                Vm::fpu64ToInternal(unsigned long long)
                0x00000000c001f1a7                Vm::fpuFloatToLong(unsigned long long)
                0x00000000c001f20b                Vm::fpuULongToFloat(unsigned long long)
                0x00000000c001f24c                Vm::fpuLongToFloat(long long)
                0x00000000c001f2b3                Vm::fpuGet0()
                0x00000000c001f2b8                Vm::fpuGet1()
                0x00000000c001f2c0                Vm::fpuGetPi()
                0x00000000c001f2c8                Vm::fpuGetLog2E()
                0x00000000c001f2e0                Vm::fpuGetLogE2()
                0x00000000c001f2f8                Vm::fpuGetLog210()
                0x00000000c001f310                Vm::fpuGetLog102()
                0x00000000c001f328                Vm::fpuIsSecondLarger(unsigned long long, unsigned long long)
                0x00000000c001f33c                Vm::fpuAreEqual(unsigned long long, unsigned long long)
                0x00000000c001f359                Vm::fpuUnorderedCompare(unsigned long long, unsigned long long)
                0x00000000c001f3ac                Vm::fpuAdd(unsigned long long, unsigned long long)
                0x00000000c001f3c7                Vm::fpuAbs(unsigned long long)
                0x00000000c001f3d0                Vm::fpuChs(unsigned long long)
                0x00000000c001f3e0                Vm::fpuSub(unsigned long long, unsigned long long)
                0x00000000c001f3ef                Vm::fpuMultiply(unsigned long long, unsigned long long)
                0x00000000c001f411                Vm::fpuDivide(unsigned long long, unsigned long long)
                0x00000000c001f42d                Vm::fpuSquare(unsigned long long)
                0x00000000c001f443                Vm::fpuGetReg(int)
                0x00000000c001f488                Vm::fpuSetReg(int, unsigned long long)
                0x00000000c001f4d3                Vm::fpuPush(unsigned long long)
                0x00000000c001f522                Vm::fpuPop()
                0x00000000c001f574                Vm::x87Handler(regs*)
 .text          0x00000000c0020028     0x11b9 fs/fat/vfslink.32
                0x00000000c0020028                FAT::getName()
                0x00000000c002002e                FAT::tell(void*, unsigned long long*)
                0x00000000c0020062                FAT::stat(void*, unsigned long long*)
                0x00000000c0020096                FAT::~FAT()
                0x00000000c0020096                FAT::~FAT()
                0x00000000c00200ba                FAT::~FAT()
                0x00000000c00200e2                FAT::getlabel(LogicalDisk*, int, char*, unsigned int*)
                0x00000000c0020180                FAT::setlabel(LogicalDisk*, int, char*)
                0x00000000c002023a                FAT::format(LogicalDisk*, int, char const*, int)
                0x00000000c002041e                FAT::tryMount(LogicalDisk*, int)
                0x00000000c0020624                FAT::getFileFirstSector(char const*)
                0x00000000c00206ee                FAT::readDir(void*, unsigned long, void*, int*)
                0x00000000c00207f4                FAT::read(void*, unsigned long, void*, int*)
                0x00000000c002084e                FAT::write(void*, unsigned long, void*, int*)
                0x00000000c00208a8                FAT::close(void*)
                0x00000000c00208f4                FAT::closeDir(void*)
                0x00000000c0020940                FAT::seek(void*, unsigned long long)
                0x00000000c0020994                fatWrapperReadDisk
                0x00000000c00209db                fatWrapperWriteDisk
                0x00000000c0020a22                fatWrapperIoctl
                0x00000000c0020b28                FAT::FAT()
                0x00000000c0020b28                FAT::FAT()
                0x00000000c0020b7a                FAT::fixFilepath(char*)
                0x00000000c0020bb2                FAT::open(char const*, void**, FileOpenMode)
                0x00000000c0020cda                FAT::openDir(char const*, void**)
                0x00000000c0020d80                FAT::stat(char const*, unsigned long long*, bool*)
                0x00000000c0020e6a                FAT::unlink(char const*)
                0x00000000c0020ee4                FAT::chfatattr(char const*, unsigned char, unsigned char)
                0x00000000c0021038                FAT::rename(char const*, char const*)
                0x00000000c00210fc                FAT::mkdir(char const*)
                0x00000000c0021176                FAT::exists(char const*)
 *fill*         0x00000000c00211e1        0x1 
 .text          0x00000000c00211e2      0xc09 fs/iso9660/vfslink.32
                0x00000000c00211e2                ISO9660::format(LogicalDisk*, int, char const*, int)
                0x00000000c00211e8                ISO9660::seek(void*, unsigned long long)
                0x00000000c0021218                ISO9660::tell(void*, unsigned long long*)
                0x00000000c002123a                ISO9660::getName()
                0x00000000c0021240                ISO9660::stat(void*, unsigned long long*)
                0x00000000c0021262                ISO9660::chfatattr(char const*, unsigned char, unsigned char)
                0x00000000c0021268                ISO9660::unlink(char const*)
                0x00000000c002126e                ISO9660::write(void*, unsigned long, void*, int*)
                0x00000000c0021274                ISO9660::rename(char const*, char const*)
                0x00000000c002127a                ISO9660::mkdir(char const*)
                0x00000000c0021280                ISO9660::close(void*)
                0x00000000c00212a2                ISO9660::closeDir(void*)
                0x00000000c00212c4                ISO9660::~ISO9660()
                0x00000000c00212c4                ISO9660::~ISO9660()
                0x00000000c00212e8                ISO9660::~ISO9660()
                0x00000000c002130f                __memmem(unsigned char*, int, unsigned char*, int)
                0x00000000c0021352                readSectorFromCDROM(unsigned int, unsigned char*, char)
                0x00000000c00213b8                ISO9660::tryMount(LogicalDisk*, int)
                0x00000000c0021408                ISO9660::read(void*, unsigned long, void*, int*)
                0x00000000c0021636                ISO9660::readDir(void*, unsigned long, void*, int*)
                0x00000000c00218ee                readRoot(unsigned int*, unsigned int*, char)
                0x00000000c0021943                readRecursively(char*, unsigned int, unsigned int, unsigned int*, unsigned int*, char, int*)
                0x00000000c0021b09                getFileData(char*, unsigned int*, unsigned int*, char, int*)
                0x00000000c0021b98                ISO9660::open(char const*, void**, FileOpenMode)
                0x00000000c0021c58                ISO9660::exists(char const*)
                0x00000000c0021c7c                ISO9660::stat(char const*, unsigned long long*, bool*)
                0x00000000c0021d10                ISO9660::openDir(char const*, void**)
                0x00000000c0021dc8                ISO9660::ISO9660()
                0x00000000c0021dc8                ISO9660::ISO9660()
 *fill*         0x00000000c0021deb        0x1 
 .text          0x00000000c0021dec      0x355 hal/sound/sndchannel.32
                0x00000000c0021dec                SoundChannel::~SoundChannel()
                0x00000000c0021dec                SoundChannel::~SoundChannel()
                0x00000000c0021e08                SoundChannel::setSpeed(float)
                0x00000000c0021e18                SoundChannel::getSpeed()
                0x00000000c0021e20                SoundChannel::setVolume(int)
                0x00000000c0021e42                SoundChannel::getVolume()
                0x00000000c0021e4a                SoundChannel::pause()
                0x00000000c0021e54                SoundChannel::SoundChannel(int, int, int, int)
                0x00000000c0021e54                SoundChannel::SoundChannel(int, int, int, int)
                0x00000000c0021fca                SoundChannel::play()
                0x00000000c0021fd4                SoundChannel::paused()
                0x00000000c0021fdc                SoundChannel::getSampleRate()
                0x00000000c0021fe4                SoundChannel::getBits()
                0x00000000c0021fec                SoundChannel::getBufferUsed()
                0x00000000c0021ff4                SoundChannel::getBufferSize()
                0x00000000c0021ffc                SoundChannel::unbuffer(float*, int, int)
                0x00000000c002209c                SoundChannel::buffer8(unsigned char*, int)
 *fill*         0x00000000c0022141        0x1 
 .text          0x00000000c0022142      0x396 hal/sound/sndhw.32
                0x00000000c0022142                SoundDevice::SoundDevice(char const*)
                0x00000000c0022142                SoundDevice::SoundDevice(char const*)
                0x00000000c00221ae                SoundDevice::~SoundDevice()
                0x00000000c00221ae                SoundDevice::~SoundDevice()
                0x00000000c0022228                SoundDevice::~SoundDevice()
                0x00000000c0022252                SoundDevice::getFreeChannelNum()
                0x00000000c002226c                SoundDevice::addChannel(SoundChannel*)
                0x00000000c00222dc                SoundDevice::removeChannel(int)
                0x00000000c002230e                SoundDevice::floatTo8(float*, unsigned char*, int)
                0x00000000c00223b8                SoundDevice::getAudio(int, float*, float*)
 .text          0x00000000c00224d8        0x0 hw/bus/isa.32
 .text          0x00000000c00224d8      0x6c7 hw/bus/pci.32
                0x00000000c00224d8                PCI::open(int, int, void*)
                0x00000000c00224ec                PCI::close(int, int, void*)
                0x00000000c00224f0                PCI::PCI()
                0x00000000c00224f0                PCI::PCI()
                0x00000000c0022570                PCI::pciReadWord(unsigned char, unsigned char, unsigned char, unsigned char)
                0x00000000c00225ba                PCI::getVendorID(unsigned char, unsigned char, unsigned char)
                0x00000000c00225dc                PCI::getHeaderType(unsigned char, unsigned char, unsigned char)
                0x00000000c0022600                PCI::getClassCode(unsigned char, unsigned char, unsigned char)
                0x00000000c0022644                PCI::getProgIF(unsigned char, unsigned char, unsigned char)
                0x00000000c0022668                PCI::getRevisionID(unsigned char, unsigned char, unsigned char)
                0x00000000c002268a                PCI::getInterruptNumber(unsigned char, unsigned char, unsigned char)
                0x00000000c00226ac                PCI::getSecondaryBus(unsigned char, unsigned char, unsigned char)
                0x00000000c00226d0                PCI::getBARAddress(unsigned char, unsigned char, unsigned char, unsigned char)
                0x00000000c002272e                PCI::pciWriteWord(unsigned char, unsigned char, unsigned char, unsigned char, unsigned short)
                0x00000000c002279e                PCI::checkBus(unsigned char)
                0x00000000c00227c2                PCI::foundDevice(PCIDeviceInfo)
                0x00000000c0022934                PCI::getDeviceData(unsigned char, unsigned char, unsigned char)
                0x00000000c0022ae0                PCI::checkDevice(unsigned char, unsigned char)
                0x00000000c0022b4c                PCI::detect()
 *fill*         0x00000000c0022b9f        0x1 
 .text          0x00000000c0022ba0      0xc7e hw/diskctrl/ide.32
                0x00000000c0022ba0                IDE::close(int, int, void*)
                0x00000000c0022ba4                IDE::IDE()
                0x00000000c0022ba4                IDE::IDE()
                0x00000000c0022bd8                IDE::prepareInterrupt(unsigned char)
                0x00000000c0022bea                selectDrive(unsigned char, unsigned char)
                0x00000000c0022bec                IDE::getBase(unsigned char)
                0x00000000c0022bfe                IDE::write(unsigned char, unsigned char, unsigned char)
                0x00000000c0022cc0                IDE::read(unsigned char, unsigned char)
                0x00000000c0022d76                IDE::waitInterrupt(unsigned char)
                0x00000000c0022ddc                ideChannel0IRQHandler(regs*, void*)
                0x00000000c0022df8                ideChannel1IRQHandler(regs*, void*)
                0x00000000c0022e14                IDE::enableIRQs(unsigned char, bool)
                0x00000000c0022e5a                IDE::open(int, int, void*)
                0x00000000c002326a                IDE::readBuffer(unsigned char, unsigned char, unsigned int, unsigned int)
                0x00000000c0023336                IDE::detect()
                0x00000000c0023622                IDE::printError(unsigned char, unsigned char, unsigned char)
                0x00000000c00237b8                IDE::polling(unsigned char, unsigned int)
 .text          0x00000000c002381e      0x392 hw/diskctrl/satabus.32
                0x00000000c002381e                SATABus::close(int, int, void*)
                0x00000000c0023822                SATABus::detect()
                0x00000000c0023824                SATABus::SATABus()
                0x00000000c0023824                SATABus::SATABus()
                0x00000000c00238d2                SATABus::findCmdslot(SATABus::tagHBA_PORT volatile*)
                0x00000000c002391a                SATABus::checkType(SATABus::tagHBA_PORT volatile*)
                0x00000000c0023962                SATABus::startCmd(SATABus::tagHBA_PORT volatile*)
                0x00000000c0023982                SATABus::stopCmd(SATABus::tagHBA_PORT volatile*)
                0x00000000c00239ac                SATABus::portRebase(SATABus::tagHBA_PORT volatile*, int)
                0x00000000c0023ab2                SATABus::probePort(SATABus::tagHBA_MEM volatile*)
                0x00000000c0023b90                SATABus::open(int, int, void*)
 .text          0x00000000c0023bb0      0x65e hw/diskphys/ata.32
                0x00000000c0023bb0                ATA::close(int, int, void*)
                0x00000000c0023bd4                ATA::powerSaving(PowerSavingLevel)
                0x00000000c0023bd6                ATA::ATA()
                0x00000000c0023bd6                ATA::ATA()
                0x00000000c0023c04                ATA::flush(bool)
                0x00000000c0023c4e                ATA::readyForCommand()
                0x00000000c0023c9e                ATA::access(unsigned long long, int, void*, bool)
                0x00000000c0024052                ATA::read(unsigned long long, int, void*)
                0x00000000c00240b0                ATA::write(unsigned long long, int, void*)
                0x00000000c002410e                ATA::detectCHS()
                0x00000000c002413a                ATA::open(int, int, void*)
 .text          0x00000000c002420e      0x5b2 hw/diskphys/atapi.32
                0x00000000c002420e                ATAPI::write(unsigned long long, int, void*)
                0x00000000c0024214                ATAPI::close(int, int, void*)
                0x00000000c0024238                ATAPI::ATAPI()
                0x00000000c0024238                ATAPI::ATAPI()
                0x00000000c0024266                ATAPI::readyForCommand()
                0x00000000c00242b6                ATAPI::sendPacket(unsigned char*, int, bool, unsigned short*, int)
                0x00000000c0024572                ATAPI::diskRemoved()
                0x00000000c002458e                ATAPI::eject()
                0x00000000c00245d6                ATAPI::diskInserted()
                0x00000000c0024604                ATAPI::detectMedia()
                0x00000000c00246c0                ATAPI::open(int, int, void*)
                0x00000000c0024748                ATAPI::read(unsigned long long, int, void*)
 .text          0x00000000c00247c0      0x470 hw/diskphys/sata.32
                0x00000000c00247c0                SATA::close(int, int, void*)
                0x00000000c00247e4                SATA::powerSaving(PowerSavingLevel)
                0x00000000c00247e6                SATA::open(int, int, void*)
                0x00000000c0024894                SATA::SATA()
                0x00000000c0024894                SATA::SATA()
                0x00000000c00248c2                SATA::access(unsigned long long, int, void*, bool)
                0x00000000c0024b36                SATA::read(unsigned long long, int, void*)
                0x00000000c0024b94                SATA::write(unsigned long long, int, void*)
 .text          0x00000000c0024c30      0x50a hw/diskphys/satapi.32
                0x00000000c0024c30                SATAPI::write(unsigned long long, int, void*)
                0x00000000c0024c36                SATAPI::close(int, int, void*)
                0x00000000c0024c5a                SATAPI::SATAPI()
                0x00000000c0024c5a                SATAPI::SATAPI()
                0x00000000c0024c88                SATAPI::diskRemoved()
                0x00000000c0024ca4                SATAPI::diskInserted()
                0x00000000c0024cd2                SATAPI::sendPacket(unsigned char*, int, unsigned long long, unsigned short*, int)
                0x00000000c0024ee0                SATAPI::eject()
                0x00000000c0024f28                SATAPI::detectMedia()
                0x00000000c0024fea                SATAPI::open(int, int, void*)
                0x00000000c0025098                SATAPI::read(unsigned long long, int, void*)
 .text          0x00000000c002513a       0x8e hw/fpu/avx.32
                0x00000000c002513a                AVX::open(int, int, void*)
                0x00000000c002514c                AVX::close(int, int, void*)
                0x00000000c002515e                AVX::available()
                0x00000000c0025170                AVX::save(void*)
                0x00000000c0025188                AVX::load(void*)
                0x00000000c00251a0                AVX::AVX()
                0x00000000c00251a0                AVX::AVX()
 .text          0x00000000c00251c8       0x90 hw/fpu/mmx.32
                0x00000000c00251c8                MMX::available()
                0x00000000c00251dc                MMX::open(int, int, void*)
                0x00000000c00251ee                MMX::close(int, int, void*)
                0x00000000c0025200                MMX::save(void*)
                0x00000000c0025218                MMX::load(void*)
                0x00000000c0025230                MMX::MMX()
                0x00000000c0025230                MMX::MMX()
 .text          0x00000000c0025258       0x96 hw/fpu/sse.32
                0x00000000c0025258                SSE::open(int, int, void*)
                0x00000000c002526a                SSE::close(int, int, void*)
                0x00000000c002527c                SSE::available()
                0x00000000c0025296                SSE::save(void*)
                0x00000000c00252ae                SSE::load(void*)
                0x00000000c00252c6                SSE::SSE()
                0x00000000c00252c6                SSE::SSE()
 .text          0x00000000c00252ee       0x8e hw/fpu/x87.32
                0x00000000c00252ee                x87::open(int, int, void*)
                0x00000000c0025300                x87::close(int, int, void*)
                0x00000000c0025312                x87::available()
                0x00000000c0025324                x87::save(void*)
                0x00000000c002533c                x87::load(void*)
                0x00000000c0025354                x87::x87()
                0x00000000c0025354                x87::x87()
 .text          0x00000000c002537c      0x706 hw/intctrl/apic.32
                0x00000000c002537c                APIC::disable()
                0x00000000c002537e                APIC::close(int, int, void*)
                0x00000000c00253a0                IOAPIC::close(int, int, void*)
                0x00000000c00253a6                APIC::io_wait()
                0x00000000c00253ac                APIC::getBase()
                0x00000000c00253ee                APIC::eoi(unsigned char)
                0x00000000c002541c                APIC::open(int, int, void*)
                0x00000000c002555e                IOAPIC::IOAPIC()
                0x00000000c002555e                IOAPIC::IOAPIC()
                0x00000000c0025586                APIC::APIC()
                0x00000000c0025586                APIC::APIC()
                0x00000000c0025662                IOAPIC::handlesGSIWithNumber(unsigned int)
                0x00000000c0025694                IOAPIC::read(int)
                0x00000000c00256bc                IOAPIC::open(int, int, void*)
                0x00000000c00257a6                IOAPIC::write(int, int)
                0x00000000c00257d2                IOAPIC::redirect(unsigned char, unsigned long long, unsigned char, bool, bool)
                0x00000000c00258cc                APIC::installIRQHandler(int, void (*)(regs*, void*), bool, void*)
 .text          0x00000000c0025a82      0x3e1 hw/intctrl/pic.32
                0x00000000c0025a82                PIC::disable()
                0x00000000c0025ab0                PIC::close(int, int, void*)
                0x00000000c0025ad2                PIC::PIC()
                0x00000000c0025ad2                PIC::PIC()
                0x00000000c0025ba8                PIC::ioWait()
                0x00000000c0025bae                PIC::getIRQReg(int)
                0x00000000c0025c18                PIC::eoi(unsigned char)
                0x00000000c0025cac                PIC::remap()
                0x00000000c0025e24                PIC::open(int, int, void*)
 *fill*         0x00000000c0025e63        0x1 
 .text          0x00000000c0025e64      0x256 hw/timer/apictimer.32
                0x00000000c0025e64                APICTimer::close(int, int, void*)
                0x00000000c0025e6a                apicTimerHandler(regs*, void*)
                0x00000000c0025e98                APICTimer::write(int)
                0x00000000c0025f9a                APICTimer::open(int, int, void*)
                0x00000000c0026092                APICTimer::APICTimer()
                0x00000000c0026092                APICTimer::APICTimer()
 .text          0x00000000c00260ba      0x1a7 hw/timer/pit.32
                0x00000000c00260ba                PIT::write(int)
                0x00000000c0026138                pitHandler(regs*, void*)
                0x00000000c0026164                PIT::open(int, int, void*)
                0x00000000c00261b2                PIT::close(int, int, void*)
                0x00000000c00261e2                PIT::PIT()
                0x00000000c00261e2                PIT::PIT()
 *fill*         0x00000000c0026261        0xf 
 .text          0x00000000c0026270       0x1e hw/fpu/x86/avx.32
                0x00000000c0026270                avxDetect
                0x00000000c0026276                avxSave
                0x00000000c0026277                avxLoad
                0x00000000c0026278                avxInit
                0x00000000c0026279                avxClose
                0x00000000c002627a                wouldSheSayYes
 *fill*         0x00000000c002628e        0x2 
 .text          0x00000000c0026290       0x35 hw/fpu/x86/sse.32
                0x00000000c0026290                absolutelyNoChanceInHell
                0x00000000c0026290                sseDetect
                0x00000000c00262a8                sseSave
                0x00000000c00262ae                sseLoad
                0x00000000c00262b4                sseInit
                0x00000000c00262c4                sseClose
 *fill*         0x00000000c00262c5        0xb 
 .text          0x00000000c00262d0       0x4d hw/fpu/x86/x87.32
                0x00000000c00262d6                x87Detect
                0x00000000c00262f1                x87Save
                0x00000000c00262fa                x87Load
                0x00000000c0026302                x87Init
                0x00000000c002631c                x87Close
 *fill*         0x00000000c002631d        0x3 
 .text          0x00000000c0026320       0x25 /cygdrive/d/Users/Alex/Desktop/Toolchain/Output/bin/../lib/gcc/i386-banana/8.1.0/crtend.o
 .text          0x00000000c0026345        0x0 crtn.32
 *fill*         0x00000000c0026345        0x3 
 .text          0x00000000c0026348      0x14b /cygdrive/d/Users/Alex/Desktop/Toolchain/Output/bin/../lib/gcc/i386-banana/8.1.0/libkgcc.a(_divdi3.o)
                0x00000000c0026348                __divdi3
 *fill*         0x00000000c0026493        0x1 
 .text          0x00000000c0026494      0x17e /cygdrive/d/Users/Alex/Desktop/Toolchain/Output/bin/../lib/gcc/i386-banana/8.1.0/libkgcc.a(_moddi3.o)
                0x00000000c0026494                __moddi3
 *fill*         0x00000000c0026612        0x2 
 .text          0x00000000c0026614       0xff /cygdrive/d/Users/Alex/Desktop/Toolchain/Output/bin/../lib/gcc/i386-banana/8.1.0/libkgcc.a(_udivdi3.o)
                0x00000000c0026614                __udivdi3
 *fill*         0x00000000c0026713        0x1 
 .text          0x00000000c0026714      0x11a /cygdrive/d/Users/Alex/Desktop/Toolchain/Output/bin/../lib/gcc/i386-banana/8.1.0/libkgcc.a(_umoddi3.o)
                0x00000000c0026714                __umoddi3
 .text          0x00000000c002682e      0x96d D:/Users/Alex/Desktop/Banana/kernel/libsoftfp.a(sfieeelib.o)
                0x00000000c002682e                __addsf3
                0x00000000c0026b30                __subsf3
                0x00000000c0026b44                __negsf2
                0x00000000c0026b51                __mulsf3
                0x00000000c0026d14                __divsf3
                0x00000000c0026f3f                __floatsisf
                0x00000000c0026fb3                __floatunsisf
                0x00000000c0026ff5                __fixsfsi