Archive member included to satisfy reference by file (symbol)

/cygdrive/d/Users/Alex/Desktop/Toolchain/Output/bin/../lib/gcc/i386-banana/8.1.0/libkgcc.a(_divdi3.o)
                              fs/fat/ff.32 (__divdi3)
/cygdrive/d/Users/Alex/Desktop/Toolchain/Output/bin/../lib/gcc/i386-banana/8.1.0/libkgcc.a(_moddi3.o)
                              compat/resolve.32 (__moddi3)
/cygdrive/d/Users/Alex/Desktop/Toolchain/Output/bin/../lib/gcc/i386-banana/8.1.0/libkgcc.a(_udivdi3.o)
                              fs/fat/ff.32 (__udivdi3)
/cygdrive/d/Users/Alex/Desktop/Toolchain/Output/bin/../lib/gcc/i386-banana/8.1.0/libkgcc.a(_umoddi3.o)
                              compat/resolve.32 (__umoddi3)
D:/Users/Alex/Desktop/Banana/kernel/libsoftfp.a(sfieeelib.o)
                              hal/libresample/src_linear.32 (__subsf3)
D:/Users/Alex/Desktop/Banana/kernel/libsoftfp.a(dfieeelib.o)
                              hal/libresample/src_linear.32 (__adddf3)
D:/Users/Alex/Desktop/Banana/kernel/libsoftfp.a(sfdfcvt.o)
                              hal/libresample/samplerate.32 (__truncdfsf2)
D:/Users/Alex/Desktop/Banana/kernel/libk/libm32.a(s_fabs.c.o)
                              hal/libresample/samplerate.32 (fabs)
D:/Users/Alex/Desktop/Banana/kernel/libk/libm32.a(s_lrint.S.o)
                              hal/libresample/samplerate.32 (lrint)
D:/Users/Alex/Desktop/Banana/kernel/libk/libm32.a(s_lrintf.S.o)
                              hal/sound/sndhw.32 (lrintf)

Discarded input sections

 .comment       0x0000000000000000       0x12 /cygdrive/d/Users/Alex/Desktop/Toolchain/Output/bin/../lib/gcc/i386-banana/8.1.0/crtbegin.o
 .comment       0x0000000000000000       0x12 acpica/utclib.32
 .comment       0x0000000000000000       0x12 core/malloc.32
 .comment       0x0000000000000000       0x12 libk/string.32
 .comment       0x0000000000000000       0x12 fs/fat/diskio.32
 .comment       0x0000000000000000       0x12 fs/fat/ff.32
 .comment       0x0000000000000000       0x12 fs/fat/ffsystem.32
 .comment       0x0000000000000000       0x12 fs/fat/ffunicode.32
 .comment       0x0000000000000000       0x12 hal/libresample/samplerate.32
 .comment       0x0000000000000000       0x12 hal/libresample/src_linear.32
 .comment       0x0000000000000000       0x12 hal/libresample/src_sinc.32
 .comment       0x0000000000000000       0x12 hal/libresample/src_zoh.32
 .comment       0x0000000000000000       0x12 compat/inlines.32
 .comment       0x0000000000000000       0x12 compat/resolve.32
 .group         0x0000000000000000       0x14 core/computer.32
 .group         0x0000000000000000        0xc core/computer.32
 .comment       0x0000000000000000       0x12 core/computer.32
 .comment       0x0000000000000000       0x12 core/gdt.32
 .group         0x0000000000000000        0xc core/idle.32
 .comment       0x0000000000000000       0x12 core/idle.32
 .comment       0x0000000000000000       0x12 core/idt.32
 .comment       0x0000000000000000       0x12 core/kheap.32
 .comment       0x0000000000000000       0x12 core/main.32
 .comment       0x0000000000000000       0x12 core/physmgr.32
 .group         0x0000000000000000        0xc core/pipe.32
 .comment       0x0000000000000000       0x12 core/pipe.32
 .group         0x0000000000000000        0xc core/terminal.32
 .comment       0x0000000000000000       0x12 core/terminal.32
 .comment       0x0000000000000000       0x12 core/tss.32
 .group         0x0000000000000000        0x8 core/unixfile.32
 .group         0x0000000000000000        0xc core/unixfile.32
 .group         0x0000000000000000        0xc core/unixfile.32
 .group         0x0000000000000000        0x8 core/unixfile.32
 .group         0x0000000000000000        0xc core/unixfile.32
 .group         0x0000000000000000        0x8 core/unixfile.32
 .group         0x0000000000000000        0xc core/unixfile.32
 .group         0x0000000000000000        0xc core/unixfile.32
 .comment       0x0000000000000000       0x12 core/unixfile.32
 .comment       0x0000000000000000       0x12 core/virtmgr.32
 .comment       0x0000000000000000       0x12 coreobjs/c++.32
 .comment       0x0000000000000000       0x12 dbg/kconsole.32
 .group         0x0000000000000000        0xc fs/vfs.32
 .group         0x0000000000000000        0xc fs/vfs.32
 .group         0x0000000000000000        0xc fs/vfs.32
 .comment       0x0000000000000000       0x12 fs/vfs.32
 .group         0x0000000000000000        0xc hal/bus.32
 .comment       0x0000000000000000       0x12 hal/bus.32
 .group         0x0000000000000000        0xc hal/buzzer.32
 .comment       0x0000000000000000       0x12 hal/buzzer.32
 .group         0x0000000000000000        0xc hal/clock.32
 .comment       0x0000000000000000       0x12 hal/clock.32
 .group         0x0000000000000000       0x14 hal/device.32
 .group         0x0000000000000000        0xc hal/device.32
 .group         0x0000000000000000        0xc hal/device.32
 .group         0x0000000000000000        0xc hal/device.32
[...]
Memory Configuration

Name             Origin             Length             Attributes
*default*        0x0000000000000000 0xffffffffffffffff

Linker script and memory map

LOAD D:/Users/Alex/Desktop/Banana/kernel/boot.32
LOAD crti.32
LOAD /cygdrive/d/Users/Alex/Desktop/Toolchain/Output/bin/../lib/gcc/i386-banana/8.1.0/crtbegin.o
LOAD D:/Users/Alex/Desktop/Banana/kernel/morenasm.32
LOAD acpica/utclib.32
LOAD core/malloc.32
LOAD libk/string.32
LOAD fs/fat/diskio.32
LOAD fs/fat/ff.32
LOAD fs/fat/ffsystem.32
LOAD fs/fat/ffunicode.32
LOAD hal/libresample/samplerate.32
LOAD hal/libresample/src_linear.32
LOAD hal/libresample/src_sinc.32
LOAD hal/libresample/src_zoh.32
LOAD compat/inlines.32
LOAD compat/resolve.32
LOAD core/computer.32
LOAD core/gdt.32
LOAD core/idle.32
LOAD core/idt.32
LOAD core/kheap.32
LOAD core/main.32
LOAD core/physmgr.32
LOAD core/pipe.32
LOAD core/terminal.32
LOAD core/tss.32
LOAD core/unixfile.32
LOAD core/virtmgr.32
LOAD coreobjs/c++.32
LOAD dbg/kconsole.32
LOAD fs/vfs.32
LOAD hal/bus.32
LOAD hal/buzzer.32
LOAD hal/clock.32
LOAD hal/device.32
LOAD hal/diskctrl.32
LOAD hal/diskphys.32
LOAD hal/fpu.32
LOAD hal/intctrl.32
LOAD hal/keybrd.32
LOAD hal/logidisk.32
LOAD hal/mouse.32
LOAD hal/partition.32
LOAD hal/serial.32
LOAD hal/timer.32
LOAD hal/vcache.32
LOAD hal/video.32
LOAD hw/acpi.32
LOAD hw/cpu.32
LOAD hw/ports.32
LOAD hw/smp.32
LOAD krnl/env.32
LOAD krnl/panic.32
LOAD net/ethernet.32
LOAD reg/registry.32
LOAD sys/sc_eject.32
LOAD sys/sc_exit.32
LOAD sys/sc_getcwd.32
LOAD sys/sc_getpid.32
LOAD sys/sc_getramdata.32
LOAD sys/sc_getvgaptr.32
LOAD sys/sc_loaddll.32
LOAD sys/sc_read.32
LOAD sys/sc_sbrk.32
LOAD sys/sc_setcwd.32
LOAD sys/sc_settime.32
LOAD sys/sc_timezone.32
LOAD sys/sc_write.32
LOAD sys/sc_wsbe.32
LOAD sys/sc_yield.32
LOAD sys/syscalls.32
LOAD thr/elf.32
LOAD thr/prcssthr.32
LOAD vm86/vm8086.32
LOAD vm86/x87em.32
LOAD fs/fat/vfslink.32
LOAD fs/iso9660/vfslink.32
LOAD hal/sound/sndchannel.32
LOAD hal/sound/sndhw.32
LOAD hw/bus/isa.32
LOAD hw/bus/pci.32
LOAD hw/diskctrl/ide.32
LOAD hw/diskctrl/satabus.32
LOAD hw/diskphys/ata.32
LOAD hw/diskphys/atapi.32
LOAD hw/diskphys/sata.32
LOAD hw/diskphys/satapi.32
LOAD hw/fpu/avx.32
LOAD hw/fpu/mmx.32
LOAD hw/fpu/sse.32
LOAD hw/fpu/x87.32
LOAD hw/intctrl/apic.32
LOAD hw/intctrl/pic.32
LOAD hw/timer/apictimer.32
LOAD hw/timer/pit.32
LOAD hw/fpu/x86/avx.32
LOAD hw/fpu/x86/sse.32
LOAD hw/fpu/x86/x87.32
LOAD /cygdrive/d/Users/Alex/Desktop/Toolchain/Output/bin/../lib/gcc/i386-banana/8.1.0/crtend.o
LOAD crtn.32
LOAD /cygdrive/d/Users/Alex/Desktop/Toolchain/Output/bin/../lib/gcc/i386-banana/8.1.0/libkgcc.a
LOAD D:/Users/Alex/Desktop/Banana/kernel/libsoftfp.a
LOAD D:/Users/Alex/Desktop/Banana/kernel/libk/libm32.a
                0x00000000c0000000                . = 0xc0000000

.text           0x00000000c0000000    0x28e98
 *(.text)
 .text          0x00000000c0000000       0x41 D:/Users/Alex/Desktop/Banana/kernel/boot.32
                0x00000000c0000020                callGlobalConstructors
 .text          0x00000000c0000041        0x0 crti.32
 *fill*         0x00000000c0000041        0x3 
 .text          0x00000000c0000044      0x101 /cygdrive/d/Users/Alex/Desktop/Toolchain/Output/bin/../lib/gcc/i386-banana/8.1.0/crtbegin.o
 *fill*         0x00000000c0000145        0xb 
 .text          0x00000000c0000150      0x4fb D:/Users/Alex/Desktop/Banana/kernel/morenasm.32
                0x00000000c0000150                manualPCIProbe
                0x00000000c000019b                prepareTramp
                0x00000000c00001b4                voodooXADD
                0x00000000c000027f                doTPAUSE
                0x00000000c0000289                hasLegacyFPU
                0x00000000c00002ae                is486
                0x00000000c00002e4                detectCPUID
                0x00000000c00002fa                goToVM86
                0x00000000c000032a                goToUsermode
                0x00000000c0000354                switchToThreadASMFirstTime
                0x00000000c0000362                switchToThreadASM
                0x00000000c00003f2                asmQuickAcquireLock
                0x00000000c0000410                asmQuickReleaseLock
                0x00000000c000041c                asmAcquireLock
                0x00000000c000043d                asmReleaseLock
                0x00000000c0000450                loadGDT
                0x00000000c0000470                isr0
                0x00000000c0000480                isr1
                0x00000000c000048a                isr2
                0x00000000c0000494                isr3
                0x00000000c000049e                isr4
                0x00000000c00004a8                isr5
                0x00000000c00004b2                isr6
                0x00000000c00004bc                isr7
                0x00000000c00004c6                isr8
                0x00000000c00004ce                isr9
                0x00000000c00004d8                isr10
                0x00000000c00004e0                isr11
                0x00000000c00004e8                isr12
                0x00000000c00004f0                isr13
                0x00000000c00004f8                isr14
                0x00000000c0000500                isr15
                0x00000000c000050a                isr16
                0x00000000c0000514                isr17
                0x00000000c000051e                isr18
                0x00000000c0000528                irq3
                0x00000000c0000532                irq4
                0x00000000c000053c                irq5
                0x00000000c0000546                irq6
                0x00000000c0000550                irq7
                0x00000000c000055a                irq8
                0x00000000c0000564                irq9
                0x00000000c000056e                irq10
                0x00000000c0000578                irq11
                0x00000000c0000582                irq12
                0x00000000c000058c                irq13
                0x00000000c0000596                irq14
                0x00000000c00005a0                irq15
                0x00000000c00005aa                irq1
                0x00000000c00005b1                irq2
                0x00000000c00005b8                isr96
                0x00000000c00005bf                irq0
                0x00000000c00005c4                syscall_common_stub
                0x00000000c00005c4                int_common_stub
                0x00000000c00005f6                irq16
                0x00000000c0000600                irq17
                0x00000000c000060a                irq18
                0x00000000c0000614                irq19
                0x00000000c000061e                irq20
                0x00000000c0000628                irq21
                0x00000000c0000632                irq22
                0x00000000c000063c                irq23
                0x00000000c0000646                memcpy
 *fill*         0x00000000c000064b        0x1 
 .text          0x00000000c000064c      0x5dd acpica/utclib.32
                0x00000000c000064c                memcmp
                0x00000000c0000688                memmove
                0x00000000c0000750                memset
                0x00000000c000076c                strlen
                0x00000000c0000784                strpbrk
                0x00000000c00007c0                strtok
                0x00000000c000080c                strcpy
                0x00000000c0000830                strncpy
                0x00000000c0000898                strcmp
                0x00000000c00008d8                strchr
                0x00000000c00008fc                strncmp
                0x00000000c000094c                strcat
                0x00000000c000097c                strncat
                0x00000000c00009b8                strstr
                0x00000000c0000a00                toupper
                0x00000000c0000a14                tolower
                0x00000000c0000a28                simple_strtoul
 .text          0x00000000c0000c29      0xfad core/malloc.32
                0x00000000c0000d94                dlfree
                0x00000000c00010ef                dlmalloc
                0x00000000c000162c                dlrealloc
                0x00000000c00017cf                dlmemalign
                0x00000000c00018f2                dlcalloc
                0x00000000c000198c                dlcfree
                0x00000000c0001991                dlindependent_calloc
                0x00000000c00019b6                dlindependent_comalloc
                0x00000000c00019cd                dlvalloc
                0x00000000c00019f8                dlpvalloc
                0x00000000c0001a2e                dlmalloc_trim
                0x00000000c0001a3b                dlmalloc_usable_size
                0x00000000c0001a6c                dlmallinfo
                0x00000000c0001b3b                dlmalloc_stats
                0x00000000c0001b4c                dlmallopt
 .text          0x00000000c0001bd6        0x0 libk/string.32
 .text          0x00000000c0001bd6       0x51 fs/fat/diskio.32
                0x00000000c0001bd6                disk_status
                0x00000000c0001bd9                disk_initialize
                0x00000000c0001bdc                disk_read
                0x00000000c0001bf2                disk_write
                0x00000000c0001c08                disk_ioctl
 .text          0x00000000c0001c27     0x6833 fs/fat/ff.32
                0x00000000c0004ef5                f_mount
                0x00000000c0004f57                f_open
                0x00000000c0005393                f_read
                0x00000000c0005613                f_write
                0x00000000c00058cd                f_sync
                0x00000000c0005aa9                f_close
                0x00000000c0005ad8                f_lseek
                0x00000000c0005f8f                f_opendir
                0x00000000c0006091                f_closedir
                0x00000000c00060b3                f_readdir
                0x00000000c000614e                f_stat
                0x00000000c00061dd                f_getfree
                0x00000000c00063a8                f_truncate
                0x00000000c00064a0                f_unlink
                0x00000000c0006623                f_mkdir
                0x00000000c000684f                f_rename
                0x00000000c0006b42                f_chmod
                0x00000000c0006c20                f_utime
                0x00000000c0006cfe                f_getlabel
                0x00000000c0006eec                f_setlabel
                0x00000000c0007159                f_forward
                0x00000000c0007337                f_mkfs
 .text          0x00000000c000845a       0x2d fs/fat/ffsystem.32
                0x00000000c000845a                ff_memalloc
                0x00000000c0008470                ff_memfree
 .text          0x00000000c0008487      0x253 fs/fat/ffunicode.32
                0x00000000c0008487                ff_uni2oem
                0x00000000c0008517                ff_oem2uni
                0x00000000c0008583                ff_wtoupper
 .text          0x00000000c00086da      0x8fb hal/libresample/samplerate.32
                0x00000000c000871e                src_delete
                0x00000000c000875a                src_process
                0x00000000c0008910                src_callback_read
                0x00000000c0008a8d                src_set_ratio
                0x00000000c0008af7                src_get_channels
                0x00000000c0008b19                src_reset
                0x00000000c0008b65                src_new
                0x00000000c0008bf3                src_callback_new
                0x00000000c0008c55                src_get_name
                0x00000000c0008c8c                src_get_description
                0x00000000c0008cc3                src_get_version
                0x00000000c0008cc9                src_is_valid_ratio
                0x00000000c0008d1d                src_error
                0x00000000c0008d2b                src_strerror
                0x00000000c0008d3e                src_simple
                0x00000000c0008d91                src_short_to_float_array
                0x00000000c0008df6                src_float_to_short_array
                0x00000000c0008eb5                src_int_to_float_array
                0x00000000c0008f18                src_float_to_int_array
 .text          0x00000000c0008fd5      0x8cb hal/libresample/src_linear.32
                0x00000000c00097fb                linear_get_name
                0x00000000c000980a                linear_get_description
                0x00000000c0009819                linear_set_converter
 .text          0x00000000c00098a0     0x447c hal/libresample/src_sinc.32
                0x00000000c000dc33                sinc_get_name
                0x00000000c000dc46                sinc_get_description
                0x00000000c000dc59                sinc_set_converter
 .text          0x00000000c000dd1c      0x77c hal/libresample/src_zoh.32
                0x00000000c000e3f3                zoh_get_name
                0x00000000c000e402                zoh_get_description
                0x00000000c000e411                zoh_set_converter
 .text          0x00000000c000e498       0xa7 compat/inlines.32
                0x00000000c000e498                CPU::current()
                0x00000000c000e4a4                operator new(unsigned long)
                0x00000000c000e4a9                operator delete(void*)
                0x00000000c000e4ae                disableIRQs()
                0x00000000c000e4b6                enableIRQs()
                0x00000000c000e4c5                lockScheduler()
                0x00000000c000e4cd                unlockScheduler()
                0x00000000c000e4dc                lockStuff()
                0x00000000c000e4ea                unlockStuff()
                0x00000000c000e524                Virt::getAKernelVAS()
                0x00000000c000e52a                __not_memcpy
 .text          0x00000000c000e53f      0x111 compat/resolve.32
                0x00000000c000e53f                Krnl::resolveCompatibilitySymbol(char*)
 .text          0x00000000c000e650      0xa17 core/computer.32
                0x00000000c000e650                Computer::close(int, int, void*)
                0x00000000c000e694                Krnl::firstTask()
                0x00000000c000e784                Computer::Computer()
                0x00000000c000e784                Computer::Computer()
                0x00000000c000e8e0                Computer::setBootMessage(char const*)
                0x00000000c000e8e2                Computer::detectFeatures()
                0x00000000c000eaec                Computer::displayFeatures()
                0x00000000c000ee32                Computer::rdmsr(unsigned int)
                0x00000000c000ee5e                Computer::wrmsr(unsigned int, unsigned long long)
                0x00000000c000ee96                Computer::nmiEnabled()
                0x00000000c000eea2                Computer::readCMOS(unsigned char)
                0x00000000c000eebc                Computer::enableNMI(bool)
                0x00000000c000eed4                Computer::open(int, int, void*)
                0x00000000c000efaa                Computer::disableNMI()
                0x00000000c000efb8                Computer::writeCMOS(unsigned char, unsigned char)
                0x00000000c000efd6                Computer::handleNMI()
                0x00000000c000f03c                Computer::setDiskActivityLight(int, bool)
 *fill*         0x00000000c000f067        0x1 
 .text          0x00000000c000f068      0x1b7 core/gdt.32
                0x00000000c000f068                GDTEntry::setBase(unsigned int)
                0x00000000c000f084                GDTEntry::setLimit(unsigned int)
                0x00000000c000f0a2                GDT::GDT()
                0x00000000c000f0a2                GDT::GDT()
                0x00000000c000f0b8                GDT::addEntry(GDTEntry)
                0x00000000c000f0f4                GDT::getNumberOfEntries()
                0x00000000c000f0fc                GDT::flush()
                0x00000000c000f11e                GDT::setup()
 .text          0x00000000c000f21f       0x6b core/idle.32
                0x00000000c000f21f                idleFunction(void*)
 .text          0x00000000c000f28a      0x45e core/idt.32
                0x00000000c000f28a                IDTEntry::IDTEntry(bool)
                0x00000000c000f28a                IDTEntry::IDTEntry(bool)
                0x00000000c000f2f8                IDTEntry::setOffset(unsigned int)
                0x00000000c000f30c                IDT::IDT()
                0x00000000c000f30c                IDT::IDT()
                0x00000000c000f30e                IDT::getPointerToInvalidOpcodeEntryForF00F()
                0x00000000c000f316                IDT::addEntry(IDTEntry, int)
                0x00000000c000f330                IDT::addEntry(int, void (*)(), bool)
                0x00000000c000f368                IDT::flush()
                0x00000000c000f382                IDT::setup()
 .text          0x00000000c000f6e8      0x1fe core/kheap.32
                0x00000000c000f6e8                sbrk
                0x00000000c000f7f5                mmap
                0x00000000c000f80b                munmap
                0x00000000c000f821                liballoc_lock()
                0x00000000c000f82e                liballoc_unlock()
                0x00000000c000f842                liballoc_alloc(int)
                0x00000000c000f85d                liballoc_free(void*, int)
                0x00000000c000f878                realloc
                0x00000000c000f88c                malloc
                0x00000000c000f89c                free
                0x00000000c000f8ac                rfree
                0x00000000c000f8bc                calloc
 .text          0x00000000c000f8e6      0x117 core/main.32
                0x00000000c000f8e6                kernel_main
 .text          0x00000000c000f9fd      0x50d core/physmgr.32
                0x00000000c000f9fd                Phys::allocateDMA(unsigned long)
                0x00000000c000faa0                Phys::freeDMA(unsigned long, unsigned long)
                0x00000000c000fae8                Phys::setPageState(unsigned long, bool)
                0x00000000c000fb1a                Phys::getPageState(unsigned long)
                0x00000000c000fb36                Phys::freePage(unsigned long)
                0x00000000c000fb91                Phys::allocatePage()
                0x00000000c000fc46                Phys::allocateContiguousPages(int)
                0x00000000c000fca2                Phys::allowSegmentToBeUsed(unsigned long, unsigned long)
                0x00000000c000fcda                Phys::physicalMemorySetup(unsigned int)
 .text          0x00000000c000ff0a      0x273 core/pipe.32
                0x00000000c000ff0a                Pipe::isAtty()
                0x00000000c000ff0e                Pipe::~Pipe()
                0x00000000c000ff0e                Pipe::~Pipe()
                0x00000000c000ff32                Pipe::~Pipe()
                0x00000000c000ff5a                Pipe::read(unsigned long long, void*, int*)
                0x00000000c0010056                Pipe::write(unsigned long long, void*, int*)
                0x00000000c0010116                Pipe::Pipe(int)
                0x00000000c0010116                Pipe::Pipe(int)
 *fill*         0x00000000c001017d        0x1 
 .text          0x00000000c001017e      0xc7b core/terminal.32
                0x00000000c001017e                VgaText::isAtty()
                0x00000000c0010182                VgaText::~VgaText()
                0x00000000c0010182                VgaText::~VgaText()
                0x00000000c00101a6                VgaText::~VgaText()
                0x00000000c00101d0                VgaText::read(unsigned long long, void*, int*)
                0x00000000c00101f0                setTerminalScrollLock(bool)
                0x00000000c00101f1                addToTerminalCycle(VgaText*)
                0x00000000c0010212                installVgaTextImplementation()
                0x00000000c0010227                scrollTerminalScrollLock(int)
                0x00000000c0010228                VgaText::updateTitle()
                0x00000000c0010266                VgaText::load()
                0x00000000c00102b4                VgaText::updateCursor()
                0x00000000c00102ca                VgaText::showCursor(bool)
                0x00000000c00102d6                VgaText::disableBlink(bool)
                0x00000000c001030a                VgaText::doANSI_SGR(int)
                0x00000000c001037e                VgaText::setDefaultBgColour(VgaColour)
                0x00000000c001038e                VgaText::setDefaultFgColour(VgaColour)
                0x00000000c001039e                VgaText::setDefaultColours(VgaColour, VgaColour)
                0x00000000c00103be                VgaText::setTitleTextColour(VgaColour)
                0x00000000c00103ce                VgaText::setTitleColour(VgaColour)
                0x00000000c00103de                VgaText::setTitle(char*)
                0x00000000c0010404                VgaText::combineColours(unsigned char, unsigned char)
                0x00000000c0010416                VgaText::scrollScreen()
                0x00000000c00104aa                VgaText::combineCharAndColour(char, unsigned char)
                0x00000000c00104bc                VgaText::writeCharacter(char, VgaColour, VgaColour, int, int)
                0x00000000c0010518                VgaText::getCursorX()
                0x00000000c0010520                VgaText::getCursorY()
                0x00000000c0010528                VgaText::setCursor(int, int)
                0x00000000c0010540                VgaText::setCursorX(int)
                0x00000000c0010558                VgaText::setCursorY(int)
                0x00000000c0010570                VgaText::incrementCursor(bool)
                0x00000000c00105c4                VgaText::decrementCursor(bool)
                0x00000000c00105e6                VgaText::putchar(char, VgaColour, VgaColour)
                0x00000000c00106be                VgaText::isShowingCursor()
                0x00000000c00106c6                VgaText::isBlinkDisabled()
                0x00000000c00106d2                VgaText::setCursorHeight(int)
                0x00000000c00106ea                VgaText::getCursorHeight()
                0x00000000c00106f2                setActiveTerminal(VgaText*)
                0x00000000c0010798                doTerminalCycle()
                0x00000000c00107b2                VgaText::doUpdate()
                0x00000000c00107c0                VgaText::puts(char const*, VgaColour, VgaColour)
                0x00000000c0010938                VgaText::clearScreen()
                0x00000000c0010992                VgaText::putchar(char)
                0x00000000c0010a7e                VgaText::putx(unsigned int)
                0x00000000c0010ac4                VgaText::puts(char const*)
                0x00000000c0010aea                VgaText::VgaText(char const*)
                0x00000000c0010aea                VgaText::VgaText(char const*)
                0x00000000c0010c98                VgaText::receiveKey(unsigned char)
                0x00000000c0010d80                VgaText::write(unsigned long long, void*, int*)
                0x00000000c0010dd4                newTerminal(char*)
 *fill*         0x00000000c0010df9        0x1 
 .text          0x00000000c0010dfa      0x1b3 core/tss.32
                0x00000000c0010dfa                TSS::TSS()
                0x00000000c0010dfa                TSS::TSS()
                0x00000000c0010e08                TSS::setESP(unsigned long)
                0x00000000c0010e1a                TSS::flush()
                0x00000000c0010e3a                TSS::setup(unsigned long, unsigned long)
 *fill*         0x00000000c0010fad        0x1 
 .text          0x00000000c0010fae      0x4c2 core/unixfile.32
                0x00000000c0010fae                ReservedFilename::read(unsigned long long, void*, int*)
                0x00000000c0011004                ReservedFilename::isAtty()
                0x00000000c0011020                ReservedFilename::write(unsigned long long, void*, int*)
                0x00000000c001107e                UnixFile::getFileDescriptor()
                0x00000000c0011086                UnixFile::UnixFile(int)
                0x00000000c0011086                UnixFile::UnixFile(int)
                0x00000000c0011236                ReservedFilename::ReservedFilename(int)
                0x00000000c0011236                ReservedFilename::ReservedFilename(int)
                0x00000000c0011268                UnixFile::~UnixFile()
                0x00000000c0011268                UnixFile::~UnixFile()
                0x00000000c0011300                UnixFile::~UnixFile()
                0x00000000c0011328                ReservedFilename::~ReservedFilename()
                0x00000000c0011328                ReservedFilename::~ReservedFilename()
                0x00000000c001134c                ReservedFilename::~ReservedFilename()
                0x00000000c0011373                getFromFileDescriptor(int)
 .text          0x00000000c0011470     0x12f9 core/virtmgr.32
                0x00000000c0011470                Virt::setPageState(unsigned long, Virt::VirtPageState)
                0x00000000c00114a5                Virt::getPageState(unsigned long)
                0x00000000c00114c9                Virt::allocateKernelVirtualPages(int)
                0x00000000c00115da                Virt::freeSwapfilePage(unsigned long)
                0x00000000c00115f8                Virt::swapIDToSector(unsigned long)
                0x00000000c001160a                Virt::allocateSwapfilePage()
                0x00000000c0011688                Virt::virtualMemorySetup()
                0x00000000c0011707                Virt::setupPageSwapping(int)
                0x00000000c00118d4                VAS::VAS()
                0x00000000c00118d4                VAS::VAS()
                0x00000000c0011910                VAS::VAS(VAS*)
                0x00000000c0011910                VAS::VAS(VAS*)
                0x00000000c001193e                VAS::getForeignPageTableEntry(bool, unsigned long)
                0x00000000c001196a                VAS::getPageTableEntry(unsigned long)
                0x00000000c0011989                Virt::freeKernelVirtualPages(unsigned long)
                0x00000000c0011aac                VAS::freeAllocatedPages(unsigned long)
                0x00000000c0011ad0                VAS::virtualToPhysical(unsigned long)
                0x00000000c0011ae8                VAS::reflagRange(unsigned long, int, int, int)
                0x00000000c0011b28                VAS::setToWriteCombining(unsigned long, int)
                0x00000000c0011b5a                VAS::mapOtherVASIn(bool, VAS*)
                0x00000000c0011b84                VAS::~VAS()
                0x00000000c0011b84                VAS::~VAS()
                0x00000000c0011d00                VAS::mapPage(unsigned long, unsigned long, int)
                0x00000000c0011e02                VAS::allocatePages(int, int)
                0x00000000c0011fda                VAS::setCPUSpecific(unsigned long)
                0x00000000c0011ff6                VAS::mapRange(unsigned long, unsigned long, int, int)
                0x00000000c00120bc                VAS::mapForeignPage(bool, VAS*, unsigned long, unsigned long, int)
                0x00000000c00121aa                VAS::VAS(bool)
                0x00000000c00121aa                VAS::VAS(bool)
                0x00000000c001242a                VAS::evict(unsigned long)
                0x00000000c00124ec                VAS::tryLoadBackOffDisk(unsigned long)
                0x00000000c00125fc                VAS::scanForEviction()
                0x00000000c00126ad                mapVASFirstTime
 .text          0x00000000c0012769       0x95 coreobjs/c++.32
                0x00000000c0012769                __cxa_atexit
                0x00000000c001276c                __cxa_finalize
                0x00000000c001276d                __stack_chk_fail
                0x00000000c00127d9                __cxa_pure_virtual
                0x00000000c00127ea                operator new[](unsigned long)
                0x00000000c00127ef                operator delete(void*, unsigned long)
                0x00000000c00127f4                operator delete[](void*)
                0x00000000c00127f9                operator delete[](void*, unsigned long)
 .text          0x00000000c00127fe      0x1ef dbg/kconsole.32
                0x00000000c00127fe                Dbg::stringifyxWithBase(unsigned int, char*, int)
                0x00000000c001285f                Dbg::logc(char)
                0x00000000c0012876                Dbg::logs(char*)
                0x00000000c0012893                Dbg::logWriteInt(unsigned int)
                0x00000000c00128b0                Dbg::logWriteIntBase(unsigned int, int)
                0x00000000c00128cf                Dbg::kprintf(char const*, ...)
 *fill*         0x00000000c00129ed        0x1 
 .text          0x00000000c00129ee      0xb82 fs/vfs.32
                0x00000000c00129ee                File::read(unsigned long long, void*, int*)
                0x00000000c0012a46                File::write(unsigned long long, void*, int*)
                0x00000000c0012a9e                Directory::read(unsigned long long, void*, int*)
                0x00000000c0012af6                Directory::write(unsigned long long, void*, int*)
                0x00000000c0012b24                File::isAtty()
                0x00000000c0012b28                Directory::isAtty()
                0x00000000c0012b2c                Filesystem::getlabel(LogicalDisk*, int, char*, unsigned int*)
                0x00000000c0012b32                Filesystem::setlabel(LogicalDisk*, int, char*)
                0x00000000c0012b38                Filesystem::getFileFirstSector(char const*)
                0x00000000c0012b3e                File::~File()
                0x00000000c0012b3e                File::~File()
                0x00000000c0012b62                File::~File()
                0x00000000c0012b8c                Directory::~Directory()
                0x00000000c0012b8c                Directory::~Directory()
                0x00000000c0012bb0                Directory::~Directory()
                0x00000000c0012bda                Filesystem::Filesystem()
                0x00000000c0012bda                Filesystem::Filesystem()
                0x00000000c0012bfe                Filesystem::~Filesystem()
                0x00000000c0012bfe                Filesystem::~Filesystem()
                0x00000000c0012c0c                Filesystem::~Filesystem()
                0x00000000c0012c30                Fs::getcwd(Process*, char*, int)
                0x00000000c0012c5a                Fs::initVFS()
                0x00000000c0012c84                Fs::standardiseFiles(char*, char const*, char const*)
                0x00000000c0012e2e                File::File(char const*, Process*)
                0x00000000c0012e2e                File::File(char const*, Process*)
                0x00000000c0012e92                File::open(FileOpenMode)
                0x00000000c0012ef0                File::close()
                0x00000000c0012f50                File::seek(unsigned long long)
                0x00000000c0012fa6                File::tell(unsigned long long*)
                0x00000000c0012ff6                File::rewind()
                0x00000000c001300a                File::unlink()
                0x00000000c0013056                File::rename(char const*)
                0x00000000c00130a4                File::chfatattr(unsigned char, unsigned char)
                0x00000000c0013100                File::exists()
                0x00000000c001313e                File::stat(unsigned long long*, bool*)
                0x00000000c001319f                Fs::setcwd(Process*, char*)
                0x00000000c00132da                Directory::Directory(char const*, Process*)
                0x00000000c00132da                Directory::Directory(char const*, Process*)
                0x00000000c001333e                Directory::open()
                0x00000000c001339a                Directory::close()
                0x00000000c00133fa                Directory::unlink()
                0x00000000c0013446                Directory::rename(char const*)
                0x00000000c0013494                Directory::exists()
                0x00000000c00134d2                Directory::read(dirent*)
                0x00000000c001351e                Directory::create()
                0x00000000c001356a                Filesystem::chfatattr(char const*, unsigned char, unsigned char)
 .text          0x00000000c0013570       0x84 hal/bus.32
                0x00000000c0013570                Bus::Bus(char const*)
                0x00000000c0013570                Bus::Bus(char const*)
                0x00000000c00135a6                Bus::~Bus()
                0x00000000c00135a6                Bus::~Bus()
                0x00000000c00135ca                Bus::~Bus()
 .text          0x00000000c00135f4      0x156 hal/buzzer.32
                0x00000000c00135f4                Buzzer::Buzzer(char const*)
                0x00000000c00135f4                Buzzer::Buzzer(char const*)
                0x00000000c0013638                Buzzer::~Buzzer()
                0x00000000c0013638                Buzzer::~Buzzer()
                0x00000000c001365c                Buzzer::~Buzzer()
                0x00000000c0013686                Buzzer::stop()
                0x00000000c0013699                beepThread(void*)
                0x00000000c00136dc                Buzzer::beep(int, int, bool)
 .text          0x00000000c001374a      0x467 hal/clock.32
                0x00000000c001374a                User::loadClockSettings(int)
                0x00000000c001379c                Clock::Clock(char const*)
                0x00000000c001379c                Clock::Clock(char const*)
                0x00000000c00137d2                Clock::~Clock()
                0x00000000c00137d2                Clock::~Clock()
                0x00000000c00137f6                Clock::~Clock()
                0x00000000c0013820                Clock::timeInSecondsLocal()
                0x00000000c0013868                Clock::setTimeInSecondsLocal(unsigned long long)
                0x00000000c00138c1                datetimeToSeconds(datetime_t)
                0x00000000c00139e8                Clock::setTimeInDatetimeLocal(datetime_t)
                0x00000000c0013a48                secondsToDatetime(unsigned long long)
                0x00000000c0013b8c                Clock::timeInDatetimeLocal()
 *fill*         0x00000000c0013bb1        0x1 
 .text          0x00000000c0013bb2      0x504 hal/device.32
                0x00000000c0013bb2                Device::hibernate()
                0x00000000c0013bb4                Device::wake()
                0x00000000c0013bb6                Device::detect()
                0x00000000c0013bb8                Device::disableLegacy()
                0x00000000c0013bba                Device::powerSaving(PowerSavingLevel)
                0x00000000c0013bbc                DriverlessDevice::close(int, int, void*)
                0x00000000c0013bc0                DriverlessDevice::detect()
                0x00000000c0013bc2                DriverlessDevice::open(int, int, void*)
                0x00000000c0013bd6                Device::~Device()
                0x00000000c0013bd6                Device::~Device()
                0x00000000c0013be4                Device::~Device()
                0x00000000c0013c0c                Device::findAndLoadDriver()
                0x00000000c0013c1a                Device::preOpenPCI(PCIDeviceInfo)
                0x00000000c0013c40                Device::preOpenACPI(void*, char*, char*)
                0x00000000c0013c80                Device::addIRQHandler(int, void (*)(regs*, void*), bool, void*)
                0x00000000c0013cbe                Device::getParent()
                0x00000000c0013cca                Device::removeIRQHandler(int, void (*)(regs*, void*), bool)
                0x00000000c0013d08                Device::addChild(Device*)
                0x00000000c0013d4c                Device::removeAllChildren()
                0x00000000c0013d92                Device::hibernateAll()
                0x00000000c0013dc2                Device::wakeAll()
                0x00000000c0013df2                Device::detectAll()
                0x00000000c0013e22                Device::disableLegacyAll()
                0x00000000c0013e52                Device::loadDriversForAll()
                0x00000000c0013e92                Device::closeAll()
                0x00000000c0013ec8                Device::powerSavingAll(PowerSavingLevel)
                0x00000000c0013efe                Device::setName(char const*)
                0x00000000c0013f0c                Device::Device(char const*)
                0x00000000c0013f0c                Device::Device(char const*)
                0x00000000c0014008                Device::getName()
                0x00000000c0014012                DriverlessDevice::DriverlessDevice(char const*)
                0x00000000c0014012                DriverlessDevice::DriverlessDevice(char const*)
                0x00000000c0014048                Device::addToLinkedList(LinkedList<Device>&, DeviceType)
                0x00000000c001408c                getDevicesOfType(DeviceType)
 .text          0x00000000c00140b6       0x84 hal/diskctrl.32
                0x00000000c00140b6                HardDiskController::HardDiskController(char const*)
                0x00000000c00140b6                HardDiskController::HardDiskController(char const*)
                0x00000000c00140ec                HardDiskController::~HardDiskController()
                0x00000000c00140ec                HardDiskController::~HardDiskController()
                0x00000000c0014110                HardDiskController::~HardDiskController()
 .text          0x00000000c001413a       0xf2 hal/diskphys.32
                0x00000000c001413a                PhysicalDisk::eject()
                0x00000000c001414e                PhysicalDisk::PhysicalDisk(char const*, int)
                0x00000000c001414e                PhysicalDisk::PhysicalDisk(char const*, int)
                0x00000000c00141b6                PhysicalDisk::startCache()
                0x00000000c00141de                PhysicalDisk::~PhysicalDisk()
                0x00000000c00141de                PhysicalDisk::~PhysicalDisk()
                0x00000000c0014202                PhysicalDisk::~PhysicalDisk()
 .text          0x00000000c001422c      0x13b hal/fpu.32
                0x00000000c001422c                FPU::FPU(char const*)
                0x00000000c001422c                FPU::FPU(char const*)
                0x00000000c0014262                FPU::~FPU()
                0x00000000c0014262                FPU::~FPU()
                0x00000000c0014286                FPU::~FPU()
                0x00000000c00142b0                setupFPU()
 *fill*         0x00000000c0014367        0x1 
 .text          0x00000000c0014368     0x1413 hal/intctrl.32
                0x00000000c0014368                InterruptController::uninstallISRHandler(int, void (*)(regs*, void*))
                0x00000000c00143a0                InterruptController::installISRHandler(int, void (*)(regs*, void*), void*)
                0x00000000c00143f2                doubleFault(regs*, void*)
                0x00000000c001440c                InterruptController::installIRQHandler(int, void (*)(regs*, void*), bool, void*)
                0x00000000c00144a8                InterruptController::clearAllHandlers(int, bool)
                0x00000000c0014550                InterruptController::uninstallIRQHandler(int, void (*)(regs*, void*), bool)
                0x00000000c00145d7                nmiHandler(regs*, void*)
                0x00000000c00145e5                int_handler
                0x00000000c0014686                InterruptController::InterruptController(char const*)
                0x00000000c0014686                InterruptController::InterruptController(char const*)
                0x00000000c001472c                InterruptController::~InterruptController()
                0x00000000c001472c                InterruptController::~InterruptController()
                0x00000000c0014750                InterruptController::~InterruptController()
                0x00000000c001477a                displayDebugInfo(regs*)
                0x00000000c0014c09                x87EmulHandler(regs*, void*)
                0x00000000c0014c7c                gpFault(regs*, void*)
                0x00000000c0014cb5                pgFault(regs*, void*)
                0x00000000c0014ccc                otherISRHandler(regs*, void*)
                0x00000000c0014ceb                opcodeFault(regs*, void*)
                0x00000000c0015308                displayProgramFault(char const*)
                0x00000000c0015330                setupInterruptController()
                0x00000000c001572e                InterruptController::convertLegacyIRQNumber(int)
 *fill*         0x00000000c001577b        0x1 
 .text          0x00000000c001577c      0x794 hal/keybrd.32
                0x00000000c001577c                startGUI(void*)
                0x00000000c00157e8                startGUIVESA(void*)
                0x00000000c0015854                sendKeyToTerminal(unsigned char)
                0x00000000c0015912                sendKeyboardToken(KeyboardToken)
                0x00000000c0015d4f                clearInternalKeybuffer(VgaText*)
                0x00000000c0015d84                readKeyboard(VgaText*, char*, unsigned long)
                0x00000000c0015e86                Keyboard::Keyboard(char const*)
                0x00000000c0015e86                Keyboard::Keyboard(char const*)
                0x00000000c0015ec2                Keyboard::~Keyboard()
                0x00000000c0015ec2                Keyboard::~Keyboard()
                0x00000000c0015ee6                Keyboard::~Keyboard()
 .text          0x00000000c0015f10      0x414 hal/logidisk.32
                0x00000000c0015f10                LogicalDisk::close(int, int, void*)
                0x00000000c0015f14                LogicalDisk::~LogicalDisk()
                0x00000000c0015f14                LogicalDisk::~LogicalDisk()
                0x00000000c0015f38                LogicalDisk::~LogicalDisk()
                0x00000000c0015f62                LogicalDisk::open(int, int, void*)
                0x00000000c0015f76                LogicalDisk::absoluteToRelative(unsigned long long)
                0x00000000c0015fae                LogicalDisk::relativeToAbsolute(unsigned long long)
                0x00000000c0015ff4                LogicalDisk::LogicalDisk(char const*, PhysicalDisk*, unsigned long long, unsigned long long)
                0x00000000c0015ff4                LogicalDisk::LogicalDisk(char const*, PhysicalDisk*, unsigned long long, unsigned long long)
                0x00000000c00160aa                LogicalDisk::assignDriveLetter()
                0x00000000c0016160                LogicalDisk::mount()
                0x00000000c00161d2                LogicalDisk::unmount()
                0x00000000c00161e2                LogicalDisk::eject()
                0x00000000c00161f6                LogicalDisk::unassignDriveLetter()
                0x00000000c001624c                LogicalDisk::read(unsigned long long, int, void*)
                0x00000000c00162b8                LogicalDisk::write(unsigned long long, int, void*)
 .text          0x00000000c0016324       0x84 hal/mouse.32
                0x00000000c0016324                Mouse::Mouse(char const*)
                0x00000000c0016324                Mouse::Mouse(char const*)
                0x00000000c001635a                Mouse::~Mouse()
                0x00000000c001635a                Mouse::~Mouse()
                0x00000000c001637e                Mouse::~Mouse()
 .text          0x00000000c00163a8      0x359 hal/partition.32
                0x00000000c00163a8                makePartition(PhysicalDisk*, unsigned long long, unsigned long long)
                0x00000000c0016470                createPartitionsForDisk(PhysicalDisk*)
 *fill*         0x00000000c0016701        0x1 
 .text          0x00000000c0016702       0x84 hal/serial.32
                0x00000000c0016702                Serial::Serial(char const*)
                0x00000000c0016702                Serial::Serial(char const*)
                0x00000000c0016738                Serial::~Serial()
                0x00000000c0016738                Serial::~Serial()
                0x00000000c001675c                Serial::~Serial()
 .text          0x00000000c0016786      0x2f3 hal/timer.32
                0x00000000c0016786                Timer::Timer(char const*)
                0x00000000c0016786                Timer::Timer(char const*)
                0x00000000c00167bc                Timer::~Timer()
                0x00000000c00167bc                Timer::~Timer()
                0x00000000c00167e0                Timer::~Timer()
                0x00000000c001680a                Timer::read()
                0x00000000c0016815                timerHandler(unsigned long long)
                0x00000000c0016987                setupTimer(int)
 *fill*         0x00000000c0016a79        0x1 
 .text          0x00000000c0016a7a      0x409 hal/vcache.32
                0x00000000c0016a7a                VCache::VCache(PhysicalDisk*)
                0x00000000c0016a7a                VCache::VCache(PhysicalDisk*)
                0x00000000c0016be2                VCache::invalidateReadBuffer()
                0x00000000c0016bf2                VCache::writeWriteBuffer()
                0x00000000c0016c2e                VCache::~VCache()
                0x00000000c0016c2e                VCache::~VCache()
                0x00000000c0016c82                VCache::~VCache()
                0x00000000c0016caa                VCache::write(unsigned long long, int, void*)
                0x00000000c0016d94                VCache::read(unsigned long long, int, void*)
 *fill*         0x00000000c0016e83        0x1 
 .text          0x00000000c0016e84      0x4cd hal/video.32
                0x00000000c0016e84                Video::putrect(int, int, int, int, unsigned int)
                0x00000000c0016ed0                Video::bitblit(int, int, int, int, int, int, int, unsigned int*)
                0x00000000c0016f40                Video::blit(unsigned int*, int, int, int, int)
                0x00000000c0016fbe                Video::clearScreen(unsigned int)
                0x00000000c0016ff2                Video::putpixel(int, int, unsigned int)
                0x00000000c0017000                Video::Video(char const*)
                0x00000000c0017000                Video::Video(char const*)
                0x00000000c0017036                Video::~Video()
                0x00000000c0017036                Video::~Video()
                0x00000000c001705a                Video::~Video()
                0x00000000c0017084                Video::isMonochrome()
                0x00000000c0017090                Video::getWidth()
                0x00000000c001709c                Video::getHeight()
                0x00000000c00170a8                Video::drawCursor(int, int, unsigned char*, int)
                0x00000000c0017164                Video::tgaParse(unsigned char*, int, int*, int*)
                0x00000000c00172e6                Video::putTGA(int, int, unsigned char*, int)
 *fill*         0x00000000c0017351        0x1 
 .text          0x00000000c0017352     0x1163 hw/acpi.32
                0x00000000c0017352                ACPI::close(int, int, void*)
                0x00000000c0017407                findRSDP()
                0x00000000c00174a1                loadACPITables(unsigned char*)
                0x00000000c00176f8                findRSDT(unsigned char*)
                0x00000000c0017842                findDataTable(unsigned char*, char*)
                0x00000000c00178de                scanMADT()
                0x00000000c0017d64                ACPI::ACPI()
                0x00000000c0017d64                ACPI::ACPI()
                0x00000000c0017db8                ACPI::getPCIIRQAssignment(unsigned char, unsigned short, unsigned char)
                0x00000000c0017e9a                ACPI::registerPCIIRQAssignment(void*, unsigned short, unsigned char, unsigned char)
                0x00000000c0017f60                ACPI::setScreenBrightnessLevel(void*, int)
                0x00000000c0017f66                ACPI::detectPCI()
                0x00000000c00180e0                ACPI::writeSimpleBootFlag(SimpleBootFlagTable*)
                0x00000000c0018128                ACPI::sleep()
                0x00000000c0018140                ACPI::open(int, int, void*)
 *fill*         0x00000000c00184b5        0x1 
 .text          0x00000000c00184b6     0x1717 hw/cpu.32
                0x00000000c00184b6                CPU::close(int, int, void*)
                0x00000000c00184ba                CPU::lookupAMDName(unsigned char, unsigned char)
                0x00000000c001864e                CPU::lookupIntelName(unsigned char, unsigned char)
                0x00000000c00188fc                CPU::AMD_K6_write_msr(unsigned int, unsigned int, unsigned int, CPU::REGS*)
                0x00000000c0018918                CPU::AMD_K6_read_msr(unsigned int, CPU::REGS*)
                0x00000000c0018930                CPU::AMD_K6_writeback(int, int, int)
                0x00000000c00189a4                CPU::cpuid(int, unsigned long*, unsigned long*, unsigned long*, unsigned long*)
                0x00000000c0018a28                CPU::cpuidCheckEDX(unsigned int)
                0x00000000c0018a56                CPU::cpuidCheckECX(unsigned int)
                0x00000000c0018a84                CPU::cpuidCheckExtendedEBX(unsigned int)
                0x00000000c0018ab2                CPU::cpuidCheckExtendedECX(unsigned int)
                0x00000000c0018ae0                CPU::CPU()
                0x00000000c0018ae0                CPU::CPU()
                0x00000000c0018b6e                CPU::displayFeatures()
                0x00000000c0018dea                CPU::detectFeatures()
                0x00000000c00197dc                CPU::setupSMEP()
                0x00000000c00197e8                CPU::setupUMIP()
                0x00000000c00197f2                CPU::setupTSC()
                0x00000000c00197fc                CPU::setupLargePages()
                0x00000000c0019806                CPU::setupPAT()
                0x00000000c0019842                CPU::setupMTRR()
                0x00000000c0019844                CPU::setupGlobalPages()
                0x00000000c001984e                CPU::allowUsermodeDataAccess()
                0x00000000c0019860                CPU::prohibitUsermodeDataAccess()
                0x00000000c0019872                CPU::setupSMAP()
                0x00000000c0019880                CPU::setupFeatures()
                0x00000000c0019900                CPU::open(int, int, void*)
                0x00000000c00199d2                CPU::decodeAddress(regs*, int*, bool*, unsigned char*)
 .text          0x00000000c0019bcd        0x0 hw/ports.32
 .text          0x00000000c0019bcd      0x16a hw/smp.32
                0x00000000c0019bcd                Krnl::smpEntry()
                0x00000000c0019bcf                Krnl::startCPU(int)
                0x00000000c0019d18                Krnl::startCPUs()
 *fill*         0x00000000c0019d37        0x1 
 .text          0x00000000c0019d38      0x5cd krnl/env.32
                0x00000000c0019d38                EnvVarContainer::getEnv(char const*)
                0x00000000c0019d76                EnvVarContainer::setEnv(char const*, char const*)
                0x00000000c0019e38                EnvVarContainer::deleteEnv(char const*)
                0x00000000c0019e3a                EnvVarContainer::loadFrom(char const*, char const*)
                0x00000000c001a03c                EnvVarContainer::__loadSystem()
                0x00000000c001a056                EnvVarContainer::__loadUser()
                0x00000000c001a058                EnvVarContainer::EnvVarContainer(Process*)
                0x00000000c001a058                EnvVarContainer::EnvVarContainer(Process*)
                0x00000000c001a07a                EnvVarContainer::~EnvVarContainer()
                0x00000000c001a07a                EnvVarContainer::~EnvVarContainer()
                0x00000000c001a0aa                Krnl::getEnv(Process*, char const*)
                0x00000000c001a10f                Krnl::setEnvSystem(char const*, char const*)
                0x00000000c001a129                Krnl::setEnvUser(char const*, char const*)
                0x00000000c001a148                Krnl::setEnvProcess(Process*, char const*, char const*)
                0x00000000c001a15b                Krnl::deleteEnvSystem(char const*)
                0x00000000c001a15c                Krnl::deleteEnvUser(char const*)
                0x00000000c001a15d                Krnl::deleteEnvProcess(Process*, char const*)
                0x00000000c001a15e                Krnl::newProcessEnv(Process*)
                0x00000000c001a180                Krnl::copyProcessEnv(Process*, Process*)
                0x00000000c001a1cc                Krnl::loadSystemEnv()
                0x00000000c001a1fa                Krnl::loadUserEnv()
                0x00000000c001a220                Krnl::flushEnv()
                0x00000000c001a221                Krnl::getProcessTotalEnvCount(Process*)
                0x00000000c001a241                Krnl::getProcessEnvPair(Process*, int)
 .text          0x00000000c001a305      0x396 krnl/panic.32
                0x00000000c001a305                Krnl::panic(char const*)
 .text          0x00000000c001a69b      0x57f net/ethernet.32
                0x00000000c001a69b                Net::switchEndian16(unsigned short)
                0x00000000c001a6bc                Net::switchEndian32(unsigned int)
                0x00000000c001a6eb                Net::crc32Calc(unsigned char*, int)
                0x00000000c001a77c                Net::wrapEthernetFrame(Net::UnwrappedEthernetFrame, unsigned char*)
                0x00000000c001a98f                Net::unwrapEthernetFrame(unsigned char*, int)
 .text          0x00000000c001ac1a      0x50e reg/registry.32
                0x00000000c001ac1a                Reg::findLineFromLoadedData(char*, char*, char*)
                0x00000000c001ad72                Reg::getLineFromRegistry(char*, char*, char*, char*)
                0x00000000c001aec7                Reg::getLine(char*, char*, char*)
                0x00000000c001aefe                Reg::readInt(char*, char*, int*)
                0x00000000c001afe9                Reg::readString(char*, char*, char*, int)
                0x00000000c001b06a                Reg::readBool(char*, char*, bool*)
                0x00000000c001b08f                Reg::readBoolWithDefault(char*, char*, bool)
                0x00000000c001b0bb                Reg::readIntWithDefault(char*, char*, int)
                0x00000000c001b0e7                Reg::readStringWithDefault(char*, char*, char*, int, char*)
 .text          0x00000000c001b128       0x36 sys/sc_eject.32
                0x00000000c001b128                Sys::eject(regs*)
 .text          0x00000000c001b15e       0x18 sys/sc_exit.32
                0x00000000c001b15e                Sys::exit(regs*)
 .text          0x00000000c001b176       0x1f sys/sc_getcwd.32
                0x00000000c001b176                Sys::getCwd(regs*)
 .text          0x00000000c001b195        0xc sys/sc_getpid.32
                0x00000000c001b195                Sys::getPID(regs*)
 .text          0x00000000c001b1a1       0x17 sys/sc_getramdata.32
                0x00000000c001b1a1                Sys::getRAMData(regs*)
 .text          0x00000000c001b1b8       0x84 sys/sc_getvgaptr.32
                0x00000000c001b1b8                Sys::getVGAPtr(regs*)
 .text          0x00000000c001b23c       0xa8 sys/sc_loaddll.32
                0x00000000c001b23c                Sys::loadDLL(regs*)
 .text          0x00000000c001b2e4       0x68 sys/sc_read.32
                0x00000000c001b2e4                Sys::read(regs*)
 .text          0x00000000c001b34c       0x55 sys/sc_sbrk.32
                0x00000000c001b34c                Sys::sbrk(regs*)
 .text          0x00000000c001b3a1       0x1c sys/sc_setcwd.32
                0x00000000c001b3a1                Sys::setCwd(regs*)
 .text          0x00000000c001b3bd      0x128 sys/sc_settime.32
                0x00000000c001b3bd                Sys::setTime(regs*)
 .text          0x00000000c001b4e5       0x4a sys/sc_timezone.32
                0x00000000c001b4e5                Sys::timezone(regs*)
 .text          0x00000000c001b52f       0x68 sys/sc_write.32
                0x00000000c001b52f                Sys::write(regs*)
 .text          0x00000000c001b597       0x62 sys/sc_wsbe.32
                0x00000000c001b597                Sys::wsbe(regs*)
 .text          0x00000000c001b5f9       0x46 sys/sc_yield.32
                0x00000000c001b5f9                Sys::yield(regs*)
 .text          0x00000000c001b63f     0x1101 sys/syscalls.32
                0x00000000c001b63f                sysCallSeekDir(regs*)
                0x00000000c001b644                sysCallTellDir(regs*)
                0x00000000c001b649                sysCallVerify(regs*)
                0x00000000c001b653                sysFormatDisk(regs*)
                0x00000000c001b6bd                sysSetDiskVolumeLabel(regs*)
                0x00000000c001b703                sysGetDiskVolumeLabel(regs*)
                0x00000000c001b754                sysShutdown(regs*)
                0x00000000c001b7b2                sysCallRealpath(regs*)
                0x00000000c001b7f5                sysCallGetArgc(regs*)
                0x00000000c001b823                sysCallReadDir(regs*)
                0x00000000c001b8b1                sysCallIsATTY(regs*)
                0x00000000c001b90b                sysCallSeek(regs*)
                0x00000000c001b974                sysCallTell(regs*)
                0x00000000c001b9f1                sysCallSize(regs*)
                0x00000000c001ba74                sysCallSizeFromFilename(regs*)
                0x00000000c001bb34                sysCallClose(regs*)
                0x00000000c001bbbc                sysCallOpenDir(regs*)
                0x00000000c001bc31                sysCallCloseDir(regs*)
                0x00000000c001bc97                sysCallMakeDir(regs*)
                0x00000000c001bd07                sysCallWait(regs*)
                0x00000000c001bd21                sysCallNotImpl(regs*)
                0x00000000c001bd3c                sysPanic(regs*)
                0x00000000c001bd62                sysCallRmdir(regs*)
                0x00000000c001bdc6                sysCallUnlink(regs*)
                0x00000000c001be2a                sysCallGetArgv(regs*)
                0x00000000c001be76                sysCallTTYName(regs*)
                0x00000000c001bef9                sysCallUSleep(regs*)
                0x00000000c001bf20                sysCallSpawn(regs*)
                0x00000000c001bf95                sysCallGetEnv(regs*)
                0x00000000c001c0cd                sysAppSettings(regs*)
                0x00000000c001c1e1                sysSetFatAttrib(regs*)
                0x00000000c001c253                sysPipe(regs*)
                0x00000000c001c298                sysGetUnixTime(regs*)
                0x00000000c001c2ac                string_ends_with(char const*, char const*)
                0x00000000c001c2f4                sysCallOpen(regs*)
                0x00000000c001c509                Sys::loadSyscalls()
                0x00000000c001c6fe                Sys::systemCall(regs*, void*)
 .text          0x00000000c001c740     0x11fd thr/elf.32
                0x00000000c001c740                Thr::allocateMemoryForTask(Process*, File*, unsigned long, unsigned long, unsigned long)
                0x00000000c001c9ea                Thr::loadProgramIntoMemory(Process*, char const*)
                0x00000000c001cc00                Thr::runtimeReferenceHelper()
                0x00000000c001cc13                Thr::getAddressOfKernelSymbol(char const*)
                0x00000000c001cc62                Thr::loadKernelSymbolTable(char const*)
                0x00000000c001cf20                Thr::loadDriverIntoMemory(char const*, unsigned long, bool)
                0x00000000c001d656                Thr::getDriverBaseFromAddress(unsigned long)
                0x00000000c001d688                Thr::getDriverNameFromAddress(unsigned long)
                0x00000000c001d6bf                Thr::getDriverOffsetFromAddress(unsigned long)
                0x00000000c001d6d9                Thr::loadDLL(char const*, bool)
                0x00000000c001d904                Thr::executeDLL(unsigned long, void*)
 *fill*         0x00000000c001d93d        0x1 
 .text          0x00000000c001d93e     0x1315 thr/prcssthr.32
                0x00000000c001d93e                userModeEntryPoint(void*)
                0x00000000c001d964                changeTSS
                0x00000000c001d994                switchToThread(ThreadControlBlock*)
                0x00000000c001da3e                Process::addArgs(char**)
                0x00000000c001da98                Process::Process(char const*, Process*, char**)
                0x00000000c001da98                Process::Process(char const*, Process*, char**)
                0x00000000c001dc7c                Process::Process(bool, char const*, Process*, char**)
                0x00000000c001dc7c                Process::Process(bool, char const*, Process*, char**)
                0x00000000c001de2b                taskStartupFunction
                0x00000000c001de34                Semaphore::Semaphore(int)
                0x00000000c001de34                Semaphore::Semaphore(int)
                0x00000000c001de62                Mutex::Mutex()
                0x00000000c001de62                Mutex::Mutex()
                0x00000000c001de74                Process::createThread(void (*)(void*), void*, int)
                0x00000000c001df7a                Process::createUserThread()
                0x00000000c001df96                setupMultitasking(void (*)())
                0x00000000c001e0b8                schedule()
                0x00000000c001e13e                Semaphore::tryAcquire()
                0x00000000c001e1fa                Semaphore::assertLocked(char const*)
                0x00000000c001e269                blockTaskWithSchedulerLockAlreadyHeld(TaskState)
                0x00000000c001e2b7                blockTask(TaskState)
                0x00000000c001e2e4                waitTask(int, int*, int)
                0x00000000c001e326                nanoSleepUntil(unsigned long long)
                0x00000000c001e3bb                nanoSleep(unsigned long long)
                0x00000000c001e3d3                sleep(unsigned long long)
                0x00000000c001e3f0                Semaphore::acquire()
                0x00000000c001e492                taskReturned
                0x00000000c001e4cd                Thr::processFromPID(int)
                0x00000000c001e57c                unblockTask(ThreadControlBlock*)
                0x00000000c001e629                cleanupTerminatedTask(ThreadControlBlock*)
                0x00000000c001e8f2                cleanerTaskFunction(void*)
                0x00000000c001e9eb                terminateTask(int)
                0x00000000c001eb1d                Thr::terminateFromIRQ(int)
                0x00000000c001eb2a                Semaphore::release()
 .text          0x00000000c001ec53      0xada vm86/vm8086.32
                0x00000000c001ec53                Vm::inbv(unsigned short)
                0x00000000c001ec66                Vm::outbv(unsigned short, unsigned char)
                0x00000000c001ec9c                Vm::realToLinear(unsigned short, unsigned short)
                0x00000000c001ecac                Vm::getSegment(unsigned int)
                0x00000000c001ecb4                Vm::getOffset(unsigned int)
                0x00000000c001ecb9                Vm::mainloop2()
                0x00000000c001ecf3                Vm::mainVm8086Loop(void*)
                0x00000000c001ed03                Vm::mainloop3(unsigned long)
                0x00000000c001ed29                Vm::initialise8086()
                0x00000000c001ed6c                Vm::finish8086()
                0x00000000c001edcd                Vm::getOutput8086(unsigned char*)
                0x00000000c001edf2                Vm::start8086(char const*, unsigned short, unsigned short, unsigned short, unsigned short)
                0x00000000c001ef5a                Vm::doISR(regs*, int, unsigned char*, unsigned short, unsigned short)
                0x00000000c001efe4                Vm::readByteFromReal(unsigned short, unsigned short)
                0x00000000c001eff5                Vm::readWordFromReal(unsigned short, unsigned short)
                0x00000000c001f007                Vm::readDwordFromReal(unsigned short, unsigned short)
                0x00000000c001f018                Vm::writeByteFromReal(unsigned short, unsigned short, unsigned char)
                0x00000000c001f02d                Vm::writeWordFromReal(unsigned short, unsigned short, unsigned short)
                0x00000000c001f043                Vm::writeDwordFromReal(unsigned short, unsigned short, unsigned int)
                0x00000000c001f058                Vm::faultHandler(regs*)
 .text          0x00000000c001f72d      0xefd vm86/x87em.32
                0x00000000c001f72d                Vm::fpuInternalTo32(unsigned long long)
                0x00000000c001f788                Vm::fpuInternalTo64(unsigned long long)
                0x00000000c001f791                Vm::fpu32ToInternal(unsigned int)
                0x00000000c001f7d6                Vm::fpu64ToInternal(unsigned long long)
                0x00000000c001f7df                Vm::fpuFloatToLong(unsigned long long)
                0x00000000c001f83a                Vm::fpuULongToFloat(unsigned long long)
                0x00000000c001f870                Vm::fpuLongToFloat(long long)
                0x00000000c001f8c6                Vm::fpuGet0()
                0x00000000c001f8cb                Vm::fpuGet1()
                0x00000000c001f8d3                Vm::fpuGetPi()
                0x00000000c001f8db                Vm::fpuGetLog2E()
                0x00000000c001f8f3                Vm::fpuGetLogE2()
                0x00000000c001f90b                Vm::fpuGetLog210()
                0x00000000c001f923                Vm::fpuGetLog102()
                0x00000000c001f93b                Vm::fpuIsSecondLarger(unsigned long long, unsigned long long)
                0x00000000c001f94f                Vm::fpuAreEqual(unsigned long long, unsigned long long)
                0x00000000c001f965                Vm::fpuUnorderedCompare(unsigned long long, unsigned long long)
                0x00000000c001f9b8                Vm::fpuAdd(unsigned long long, unsigned long long)
                0x00000000c001f9c9                Vm::fpuAbs(unsigned long long)
                0x00000000c001f9d2                Vm::fpuChs(unsigned long long)
                0x00000000c001f9e2                Vm::fpuSub(unsigned long long, unsigned long long)
                0x00000000c001f9f1                Vm::fpuMultiply(unsigned long long, unsigned long long)
                0x00000000c001fa10                Vm::fpuDivide(unsigned long long, unsigned long long)
                0x00000000c001fa2c                Vm::fpuSquare(unsigned long long)
                0x00000000c001fa42                Vm::fpuGetReg(int)
                0x00000000c001fa85                Vm::fpuSetReg(int, unsigned long long)
                0x00000000c001fad0                Vm::fpuPush(unsigned long long)
                0x00000000c001fb2d                Vm::fpuPop()
                0x00000000c001fb7f                Vm::x87Handler(regs*)
 .text          0x00000000c002062a     0x1203 fs/fat/vfslink.32
                0x00000000c002062a                FAT::getName()
                0x00000000c0020630                FAT::tell(void*, unsigned long long*)
                0x00000000c0020664                FAT::stat(void*, unsigned long long*)
                0x00000000c0020698                FAT::~FAT()
                0x00000000c0020698                FAT::~FAT()
                0x00000000c00206bc                FAT::~FAT()
                0x00000000c00206e4                FAT::getlabel(LogicalDisk*, int, char*, unsigned int*)
                0x00000000c0020782                FAT::setlabel(LogicalDisk*, int, char*)
                0x00000000c002083c                FAT::format(LogicalDisk*, int, char const*, int)
                0x00000000c0020a20                FAT::tryMount(LogicalDisk*, int)
                0x00000000c0020c26                FAT::getFileFirstSector(char const*)
                0x00000000c0020ce8                FAT::readDir(void*, unsigned long, void*, int*)
                0x00000000c0020e42                FAT::read(void*, unsigned long, void*, int*)
                0x00000000c0020e9c                FAT::write(void*, unsigned long, void*, int*)
                0x00000000c0020ef6                FAT::close(void*)
                0x00000000c0020f42                FAT::closeDir(void*)
                0x00000000c0020f8e                FAT::seek(void*, unsigned long long)
                0x00000000c0020fe2                fatWrapperReadDisk
                0x00000000c0021029                fatWrapperWriteDisk
                0x00000000c0021070                fatWrapperIoctl
                0x00000000c0021174                FAT::FAT()
                0x00000000c0021174                FAT::FAT()
                0x00000000c00211c6                FAT::fixFilepath(char*)
                0x00000000c00211fe                FAT::open(char const*, void**, FileOpenMode)
                0x00000000c0021326                FAT::openDir(char const*, void**)
                0x00000000c00213cc                FAT::stat(char const*, unsigned long long*, bool*)
                0x00000000c00214b6                FAT::unlink(char const*)
                0x00000000c0021530                FAT::chfatattr(char const*, unsigned char, unsigned char)
                0x00000000c0021684                FAT::rename(char const*, char const*)
                0x00000000c0021748                FAT::mkdir(char const*)
                0x00000000c00217c2                FAT::exists(char const*)
 *fill*         0x00000000c002182d        0x1 
 .text          0x00000000c002182e      0xba5 fs/iso9660/vfslink.32
                0x00000000c002182e                ISO9660::format(LogicalDisk*, int, char const*, int)
                0x00000000c0021834                ISO9660::seek(void*, unsigned long long)
                0x00000000c0021864                ISO9660::tell(void*, unsigned long long*)
                0x00000000c0021888                ISO9660::getName()
                0x00000000c002188e                ISO9660::stat(void*, unsigned long long*)
                0x00000000c00218b2                ISO9660::chfatattr(char const*, unsigned char, unsigned char)
                0x00000000c00218b8                ISO9660::unlink(char const*)
                0x00000000c00218be                ISO9660::write(void*, unsigned long, void*, int*)
                0x00000000c00218c4                ISO9660::rename(char const*, char const*)
                0x00000000c00218ca                ISO9660::mkdir(char const*)
                0x00000000c00218d0                ISO9660::close(void*)
                0x00000000c00218f2                ISO9660::closeDir(void*)
                0x00000000c0021914                ISO9660::~ISO9660()
                0x00000000c0021914                ISO9660::~ISO9660()
                0x00000000c0021938                ISO9660::~ISO9660()
                0x00000000c002195f                __memmem(unsigned char*, int, unsigned char*, int)
                0x00000000c00219a1                readSectorFromCDROM(unsigned int, unsigned char*, char)
                0x00000000c00219fc                ISO9660::tryMount(LogicalDisk*, int)
                0x00000000c0021a4c                ISO9660::read(void*, unsigned long, void*, int*)
                0x00000000c0021c50                ISO9660::readDir(void*, unsigned long, void*, int*)
                0x00000000c0021eca                readRoot(unsigned int*, unsigned int*, char)
                0x00000000c0021f1e                readRecursively(char*, unsigned int, unsigned int, unsigned int*, unsigned int*, char, int*)
                0x00000000c00220f1                getFileData(char*, unsigned int*, unsigned int*, char, int*)
                0x00000000c0022180                ISO9660::open(char const*, void**, FileOpenMode)
                0x00000000c0022240                ISO9660::exists(char const*)
                0x00000000c0022264                ISO9660::stat(char const*, unsigned long long*, bool*)
                0x00000000c00222f8                ISO9660::openDir(char const*, void**)
                0x00000000c00223b0                ISO9660::ISO9660()
                0x00000000c00223b0                ISO9660::ISO9660()
 *fill*         0x00000000c00223d3        0x1 
 .text          0x00000000c00223d4      0x3a6 hal/sound/sndchannel.32
                0x00000000c00223d4                SoundChannel::SoundChannel(int, int, int, int)
                0x00000000c00223d4                SoundChannel::SoundChannel(int, int, int, int)
                0x00000000c002250e                SoundChannel::~SoundChannel()
                0x00000000c002250e                SoundChannel::~SoundChannel()
                0x00000000c002252a                SoundChannel::getSampleRate()
                0x00000000c0022532                SoundChannel::getBits()
                0x00000000c002253a                SoundChannel::getBufferUsed()
                0x00000000c0022542                SoundChannel::getBufferSize()
                0x00000000c002254a                SoundChannel::unbuffer(float*, int, int)
                0x00000000c00225de                SoundChannel::buffer16(short*, int)
                0x00000000c00226da                SoundChannel::buffer8(unsigned char*, int)
 .text          0x00000000c002277a      0x504 hal/sound/sndhw.32
                0x00000000c002277a                SoundDevice::SoundDevice(char const*)
                0x00000000c002277a                SoundDevice::SoundDevice(char const*)
                0x00000000c00227e6                SoundDevice::~SoundDevice()
                0x00000000c00227e6                SoundDevice::~SoundDevice()
                0x00000000c0022860                SoundDevice::~SoundDevice()
                0x00000000c002288a                SoundDevice::getFreeChannelNum()
                0x00000000c00228a4                SoundDevice::addChannel(SoundChannel*)
                0x00000000c0022914                SoundDevice::removeChannel(int)
                0x00000000c0022946                SoundDevice::floatTo16(float*, short*, int)
                0x00000000c0022a34                SoundDevice::floatTo8(float*, unsigned char*, int)
                0x00000000c0022b1c                SoundDevice::getAudio(int, float*, float*)
 .text          0x00000000c0022c7e        0x0 hw/bus/isa.32
 .text          0x00000000c0022c7e      0xbbb hw/bus/pci.32
                0x00000000c0022c7e                PCI::open(int, int, void*)
                0x00000000c0022c9c                PCI::close(int, int, void*)
                0x00000000c0022ca0                PCI::PCI()
                0x00000000c0022ca0                PCI::PCI()
                0x00000000c0022d36                PCI::readBAR8(unsigned int, int)
                0x00000000c0022d52                PCI::readBAR16(unsigned int, int)
                0x00000000c0022d70                PCI::readBAR32(unsigned int, int)
                0x00000000c0022d8c                PCI::writeBAR8(unsigned int, unsigned char, int)
                0x00000000c0022dac                PCI::writeBAR16(unsigned int, unsigned short, int)
                0x00000000c0022df0                PCI::writeBAR32(unsigned int, unsigned int, int)
                0x00000000c0022e10                PCI::legacyMechanism(unsigned char, unsigned char, unsigned char, unsigned char)
                0x00000000c0022e7e                PCI::pciReadWord(unsigned char, unsigned char, unsigned char, unsigned char)
                0x00000000c0022f26                PCI::getVendorID(unsigned char, unsigned char, unsigned char)
                0x00000000c0022f4a                PCI::getHeaderType(unsigned char, unsigned char, unsigned char)
                0x00000000c0022f72                PCI::getClassCode(unsigned char, unsigned char, unsigned char)
                0x00000000c0022fbc                PCI::getProgIF(unsigned char, unsigned char, unsigned char)
                0x00000000c0022fe4                PCI::getRevisionID(unsigned char, unsigned char, unsigned char)
                0x00000000c0023008                PCI::getInterruptNumber(unsigned char, unsigned char, unsigned char)
                0x00000000c002302c                PCI::getSecondaryBus(unsigned char, unsigned char, unsigned char)
                0x00000000c0023054                PCI::getBARAddress(unsigned char, unsigned char, unsigned char, unsigned char)
                0x00000000c00230b8                PCI::pciWriteWord(unsigned char, unsigned char, unsigned char, unsigned char, unsigned short)
                0x00000000c00231a0                PCI::pciDetailsToFilepath(PCIDeviceInfo, char*)
                0x00000000c002342c                PCI::checkBus(unsigned char)
                0x00000000c0023450                PCI::foundDevice(PCIDeviceInfo)
                0x00000000c00235c2                PCI::getDeviceData(unsigned char, unsigned char, unsigned char)
                0x00000000c002377a                PCI::checkDevice(unsigned char, unsigned char)
                0x00000000c00237e6                PCI::detect()
 *fill*         0x00000000c0023839        0x1 
 .text          0x00000000c002383a      0xc70 hw/diskctrl/ide.32
                0x00000000c002383a                IDE::close(int, int, void*)
                0x00000000c002383e                IDE::IDE()
                0x00000000c002383e                IDE::IDE()
                0x00000000c0023872                IDE::prepareInterrupt(unsigned char)
                0x00000000c0023884                selectDrive(unsigned char, unsigned char)
                0x00000000c0023886                IDE::getBase(unsigned char)
                0x00000000c0023898                IDE::write(unsigned char, unsigned char, unsigned char)
                0x00000000c0023958                IDE::read(unsigned char, unsigned char)
                0x00000000c0023a06                IDE::waitInterrupt(unsigned char)
                0x00000000c0023a6c                ideChannel0IRQHandler(regs*, void*)
                0x00000000c0023a88                ideChannel1IRQHandler(regs*, void*)
                0x00000000c0023aa4                IDE::enableIRQs(unsigned char, bool)
                0x00000000c0023aea                IDE::open(int, int, void*)
                0x00000000c0023efa                IDE::readBuffer(unsigned char, unsigned char, unsigned int, unsigned int)
                0x00000000c0023fc6                IDE::detect()
                0x00000000c00242ae                IDE::printError(unsigned char, unsigned char, unsigned char)
                0x00000000c0024444                IDE::polling(unsigned char, unsigned int)
 .text          0x00000000c00244aa      0x390 hw/diskctrl/satabus.32
                0x00000000c00244aa                SATABus::close(int, int, void*)
                0x00000000c00244ae                SATABus::detect()
                0x00000000c00244b0                SATABus::SATABus()
                0x00000000c00244b0                SATABus::SATABus()
                0x00000000c002455c                SATABus::findCmdslot(SATABus::tagHBA_PORT volatile*)
                0x00000000c00245a4                SATABus::checkType(SATABus::tagHBA_PORT volatile*)
                0x00000000c00245ec                SATABus::startCmd(SATABus::tagHBA_PORT volatile*)
                0x00000000c002460c                SATABus::stopCmd(SATABus::tagHBA_PORT volatile*)
                0x00000000c0024636                SATABus::portRebase(SATABus::tagHBA_PORT volatile*, int)
                0x00000000c002473c                SATABus::probePort(SATABus::tagHBA_MEM volatile*)
                0x00000000c002481a                SATABus::open(int, int, void*)
 .text          0x00000000c002483a      0x604 hw/diskphys/ata.32
                0x00000000c002483a                ATA::close(int, int, void*)
                0x00000000c002485e                ATA::powerSaving(PowerSavingLevel)
                0x00000000c0024860                ATA::ATA()
                0x00000000c0024860                ATA::ATA()
                0x00000000c002488e                ATA::flush(bool)
                0x00000000c00248d8                ATA::readyForCommand()
                0x00000000c0024928                ATA::access(unsigned long long, int, void*, bool)
                0x00000000c0024cb0                ATA::read(unsigned long long, int, void*)
                0x00000000c0024cfc                ATA::write(unsigned long long, int, void*)
                0x00000000c0024d48                ATA::detectCHS()
                0x00000000c0024d72                ATA::open(int, int, void*)
 .text          0x00000000c0024e3e      0x5bd hw/diskphys/atapi.32
                0x00000000c0024e3e                ATAPI::write(unsigned long long, int, void*)
                0x00000000c0024e44                ATAPI::close(int, int, void*)
                0x00000000c0024e68                ATAPI::ATAPI()
                0x00000000c0024e68                ATAPI::ATAPI()
                0x00000000c0024e96                ATAPI::readyForCommand()
                0x00000000c0024ee6                ATAPI::sendPacket(unsigned char*, int, bool, unsigned short*, int)
                0x00000000c00251a6                ATAPI::diskRemoved()
                0x00000000c00251c2                ATAPI::eject()
                0x00000000c002520a                ATAPI::diskInserted()
                0x00000000c0025238                ATAPI::detectMedia()
                0x00000000c00252f4                ATAPI::open(int, int, void*)
                0x00000000c002537c                ATAPI::read(unsigned long long, int, void*)
 *fill*         0x00000000c00253fb        0x1 
 .text          0x00000000c00253fc      0x41c hw/diskphys/sata.32
                0x00000000c00253fc                SATA::close(int, int, void*)
                0x00000000c0025420                SATA::powerSaving(PowerSavingLevel)
                0x00000000c0025422                SATA::open(int, int, void*)
                0x00000000c00254cc                SATA::SATA()
                0x00000000c00254cc                SATA::SATA()
                0x00000000c00254fa                SATA::access(unsigned long long, int, void*, bool)
                0x00000000c0025760                SATA::read(unsigned long long, int, void*)
                0x00000000c00257ac                SATA::write(unsigned long long, int, void*)
 .text          0x00000000c0025818      0x4fe hw/diskphys/satapi.32
                0x00000000c0025818                SATAPI::write(unsigned long long, int, void*)
                0x00000000c002581e                SATAPI::close(int, int, void*)
                0x00000000c0025842                SATAPI::SATAPI()
                0x00000000c0025842                SATAPI::SATAPI()
                0x00000000c0025870                SATAPI::diskRemoved()
                0x00000000c002588c                SATAPI::diskInserted()
                0x00000000c00258ba                SATAPI::sendPacket(unsigned char*, int, unsigned long long, unsigned short*, int)
                0x00000000c0025ac2                SATAPI::eject()
                0x00000000c0025b0a                SATAPI::detectMedia()
                0x00000000c0025bcc                SATAPI::open(int, int, void*)
                0x00000000c0025c74                SATAPI::read(unsigned long long, int, void*)
 .text          0x00000000c0025d16       0x8e hw/fpu/avx.32
                0x00000000c0025d16                AVX::open(int, int, void*)
                0x00000000c0025d28                AVX::close(int, int, void*)
                0x00000000c0025d3a                AVX::available()
                0x00000000c0025d4c                AVX::save(void*)
                0x00000000c0025d64                AVX::load(void*)
                0x00000000c0025d7c                AVX::AVX()
                0x00000000c0025d7c                AVX::AVX()
 .text          0x00000000c0025da4       0x90 hw/fpu/mmx.32
                0x00000000c0025da4                MMX::available()
                0x00000000c0025db8                MMX::open(int, int, void*)
                0x00000000c0025dca                MMX::close(int, int, void*)
                0x00000000c0025ddc                MMX::save(void*)
                0x00000000c0025df4                MMX::load(void*)
                0x00000000c0025e0c                MMX::MMX()
                0x00000000c0025e0c                MMX::MMX()
 .text          0x00000000c0025e34       0x96 hw/fpu/sse.32
                0x00000000c0025e34                SSE::open(int, int, void*)
                0x00000000c0025e46                SSE::close(int, int, void*)
                0x00000000c0025e58                SSE::available()
                0x00000000c0025e72                SSE::save(void*)
                0x00000000c0025e8a                SSE::load(void*)
                0x00000000c0025ea2                SSE::SSE()
                0x00000000c0025ea2                SSE::SSE()
 .text          0x00000000c0025eca       0x8e hw/fpu/x87.32
                0x00000000c0025eca                x87::open(int, int, void*)
                0x00000000c0025edc                x87::close(int, int, void*)
                0x00000000c0025eee                x87::available()
                0x00000000c0025f00                x87::save(void*)
                0x00000000c0025f18                x87::load(void*)
                0x00000000c0025f30                x87::x87()
                0x00000000c0025f30                x87::x87()
 .text          0x00000000c0025f58      0x71e hw/intctrl/apic.32
                0x00000000c0025f58                APIC::disable()
                0x00000000c0025f5a                APIC::close(int, int, void*)
                0x00000000c0025f7c                IOAPIC::close(int, int, void*)
                0x00000000c0025f82                APIC::io_wait()
                0x00000000c0025f88                APIC::getBase()
                0x00000000c0025fca                APIC::eoi(unsigned char)
                0x00000000c0025ff8                APIC::open(int, int, void*)
                0x00000000c0026146                IOAPIC::IOAPIC()
                0x00000000c0026146                IOAPIC::IOAPIC()
                0x00000000c002616e                APIC::APIC()
                0x00000000c002616e                APIC::APIC()
                0x00000000c002624a                IOAPIC::handlesGSIWithNumber(unsigned int)
                0x00000000c002627c                IOAPIC::read(int)
                0x00000000c00262a4                IOAPIC::open(int, int, void*)
                0x00000000c002639a                IOAPIC::write(int, int)
                0x00000000c00263c6                IOAPIC::redirect(unsigned char, unsigned long long, unsigned char, bool, bool)
                0x00000000c00264c0                APIC::installIRQHandler(int, void (*)(regs*, void*), bool, void*)
 .text          0x00000000c0026676      0x3d3 hw/intctrl/pic.32
                0x00000000c0026676                PIC::disable()
                0x00000000c00266a4                PIC::close(int, int, void*)
                0x00000000c00266c6                PIC::PIC()
                0x00000000c00266c6                PIC::PIC()
                0x00000000c002679c                PIC::ioWait()
                0x00000000c00267a2                PIC::getIRQReg(int)
                0x00000000c002680c                PIC::eoi(unsigned char)
                0x00000000c002689e                PIC::remap()
                0x00000000c0026a0a                PIC::open(int, int, void*)
 *fill*         0x00000000c0026a49        0x1 
 .text          0x00000000c0026a4a      0x25e hw/timer/apictimer.32
                0x00000000c0026a4a                APICTimer::close(int, int, void*)
                0x00000000c0026a50                apicTimerHandler(regs*, void*)
                0x00000000c0026a7e                APICTimer::write(int)
                0x00000000c0026b82                APICTimer::open(int, int, void*)
                0x00000000c0026c80                APICTimer::APICTimer()
                0x00000000c0026c80                APICTimer::APICTimer()
 .text          0x00000000c0026ca8      0x1a7 hw/timer/pit.32
                0x00000000c0026ca8                PIT::write(int)
                0x00000000c0026d26                pitHandler(regs*, void*)
                0x00000000c0026d52                PIT::open(int, int, void*)
                0x00000000c0026da0                PIT::close(int, int, void*)
                0x00000000c0026dd0                PIT::PIT()
                0x00000000c0026dd0                PIT::PIT()
 *fill*         0x00000000c0026e4f        0x1 
 .text          0x00000000c0026e50       0x1e hw/fpu/x86/avx.32
                0x00000000c0026e50                avxDetect
                0x00000000c0026e56                avxSave
                0x00000000c0026e57                avxLoad
                0x00000000c0026e58                avxInit
                0x00000000c0026e59                avxClose
                0x00000000c0026e5a                wouldSheSayYes
 *fill*         0x00000000c0026e6e        0x2 
 .text          0x00000000c0026e70       0x35 hw/fpu/x86/sse.32
                0x00000000c0026e70                absolutelyNoChanceInHell
                0x00000000c0026e70                sseDetect
                0x00000000c0026e88                sseSave
                0x00000000c0026e8e                sseLoad
                0x00000000c0026e94                sseInit
                0x00000000c0026ea4                sseClose
 *fill*         0x00000000c0026ea5        0xb 
 .text          0x00000000c0026eb0       0x4d hw/fpu/x86/x87.32
                0x00000000c0026eb6                x87Detect
                0x00000000c0026ed1                x87Save
                0x00000000c0026eda                x87Load
                0x00000000c0026ee2                x87Init
                0x00000000c0026efc                x87Close
 *fill*         0x00000000c0026efd        0x3 
 .text          0x00000000c0026f00       0x25 /cygdrive/d/Users/Alex/Desktop/Toolchain/Output/bin/../lib/gcc/i386-banana/8.1.0/crtend.o
 .text          0x00000000c0026f25        0x0 crtn.32
 *fill*         0x00000000c0026f25        0x3 
 .text          0x00000000c0026f28      0x14b /cygdrive/d/Users/Alex/Desktop/Toolchain/Output/bin/../lib/gcc/i386-banana/8.1.0/libkgcc.a(_divdi3.o)
                0x00000000c0026f28                __divdi3
 *fill*         0x00000000c0027073        0x1 
 .text          0x00000000c0027074      0x17e /cygdrive/d/Users/Alex/Desktop/Toolchain/Output/bin/../lib/gcc/i386-banana/8.1.0/libkgcc.a(_moddi3.o)
                0x00000000c0027074                __moddi3
 *fill*         0x00000000c00271f2        0x2 
 .text          0x00000000c00271f4       0xff /cygdrive/d/Users/Alex/Desktop/Toolchain/Output/bin/../lib/gcc/i386-banana/8.1.0/libkgcc.a(_udivdi3.o)
                0x00000000c00271f4                __udivdi3
 *fill*         0x00000000c00272f3        0x1 
 .text          0x00000000c00272f4      0x11a /cygdrive/d/Users/Alex/Desktop/Toolchain/Output/bin/../lib/gcc/i386-banana/8.1.0/libkgcc.a(_umoddi3.o)
                0x00000000c00272f4                __umoddi3
 .text          0x00000000c002740e      0x96d D:/Users/Alex/Desktop/Banana/kernel/libsoftfp.a(sfieeelib.o)
                0x00000000c002740e                __addsf3
                0x00000000c0027710                __subsf3
                0x00000000c0027724                __negsf2
                0x00000000c0027731                __mulsf3
                0x00000000c00278f4                __divsf3
                0x00000000c0027b1f                __floatsisf
                0x00000000c0027b93                __floatunsisf
                0x00000000c0027bd5                __fixsfsi
                0x00000000c0027c37                __fixunssfsi
                0x00000000c0027c68                __cmpsf2
                0x00000000c0027cfd                __eqsf2
                0x00000000c0027d38                __nesf2
                0x00000000c0027d3a                __gtsf2