Archive member included to satisfy reference by file (symbol)

/cygdrive/d/Users/Alex/Desktop/Toolchain/Output/bin/../lib/gcc/i386-banana/8.1.0/libkgcc.a(_divdi3.o)
                              fs/fat/ff.32 (__divdi3)
/cygdrive/d/Users/Alex/Desktop/Toolchain/Output/bin/../lib/gcc/i386-banana/8.1.0/libkgcc.a(_moddi3.o)
                              compat/resolve.32 (__moddi3)
/cygdrive/d/Users/Alex/Desktop/Toolchain/Output/bin/../lib/gcc/i386-banana/8.1.0/libkgcc.a(_udivdi3.o)
                              fs/fat/ff.32 (__udivdi3)
/cygdrive/d/Users/Alex/Desktop/Toolchain/Output/bin/../lib/gcc/i386-banana/8.1.0/libkgcc.a(_umoddi3.o)
                              compat/resolve.32 (__umoddi3)
D:/Users/Alex/Desktop/Banana/kernel/libsoftfp.a(sfieeelib.o)
                              hal/sound/sndhw.32 (__addsf3)
D:/Users/Alex/Desktop/Banana/kernel/libsoftfp.a(dfieeelib.o)
                              hal/libresample/src_linear.32 (__adddf3)
D:/Users/Alex/Desktop/Banana/kernel/libsoftfp.a(sfdfcvt.o)
                              hal/libresample/samplerate.32 (__truncdfsf2)
D:/Users/Alex/Desktop/Banana/kernel/libk/libm32.a(s_fabs.c.o)
                              hal/libresample/samplerate.32 (fabs)
D:/Users/Alex/Desktop/Banana/kernel/libk/libm32.a(s_lrint.S.o)
                              hal/libresample/samplerate.32 (lrint)
D:/Users/Alex/Desktop/Banana/kernel/libk/libm32.a(s_lrintf.S.o)
                              hal/sound/sndhw.32 (lrintf)

Discarded input sections

 .comment       0x0000000000000000       0x12 /cygdrive/d/Users/Alex/Desktop/Toolchain/Output/bin/../lib/gcc/i386-banana/8.1.0/crtbegin.o
 .comment       0x0000000000000000       0x12 acpica/utclib.32
 .comment       0x0000000000000000       0x12 core/malloc.32
 .comment       0x0000000000000000       0x12 libk/string.32
 .comment       0x0000000000000000       0x12 fs/fat/diskio.32
 .comment       0x0000000000000000       0x12 fs/fat/ff.32
 .comment       0x0000000000000000       0x12 fs/fat/ffsystem.32
 .comment       0x0000000000000000       0x12 fs/fat/ffunicode.32
 .comment       0x0000000000000000       0x12 hal/libresample/samplerate.32
 .comment       0x0000000000000000       0x12 hal/libresample/src_linear.32
 .comment       0x0000000000000000       0x12 hal/libresample/src_sinc.32
 .comment       0x0000000000000000       0x12 hal/libresample/src_zoh.32
 .comment       0x0000000000000000       0x12 compat/inlines.32
 .comment       0x0000000000000000       0x12 compat/resolve.32
 .group         0x0000000000000000       0x14 core/computer.32
 .group         0x0000000000000000        0xc core/computer.32
 .comment       0x0000000000000000       0x12 core/computer.32
 .comment       0x0000000000000000       0x12 core/gdt.32
 .group         0x0000000000000000        0xc core/idle.32
 .comment       0x0000000000000000       0x12 core/idle.32
 .comment       0x0000000000000000       0x12 core/idt.32
 .comment       0x0000000000000000       0x12 core/kheap.32
 .comment       0x0000000000000000       0x12 core/main.32
 .comment       0x0000000000000000       0x12 core/physmgr.32
 .group         0x0000000000000000        0xc core/pipe.32
 .comment       0x0000000000000000       0x12 core/pipe.32
 .group         0x0000000000000000        0xc core/terminal.32
 .comment       0x0000000000000000       0x12 core/terminal.32
 .comment       0x0000000000000000       0x12 core/tss.32
 .group         0x0000000000000000        0x8 core/unixfile.32
 .group         0x0000000000000000        0xc core/unixfile.32
 .group         0x0000000000000000        0xc core/unixfile.32
 .group         0x0000000000000000        0x8 core/unixfile.32
 .group         0x0000000000000000        0xc core/unixfile.32
 .group         0x0000000000000000        0x8 core/unixfile.32
 .group         0x0000000000000000        0xc core/unixfile.32
 .group         0x0000000000000000        0xc core/unixfile.32
 .comment       0x0000000000000000       0x12 core/unixfile.32
 .comment       0x0000000000000000       0x12 core/virtmgr.32
 .comment       0x0000000000000000       0x12 coreobjs/c++.32
 .comment       0x0000000000000000       0x12 dbg/kconsole.32
 .group         0x0000000000000000        0xc fs/vfs.32
 .group         0x0000000000000000        0xc fs/vfs.32
 .group         0x0000000000000000        0xc fs/vfs.32
 .comment       0x0000000000000000       0x12 fs/vfs.32
 .group         0x0000000000000000        0xc hal/bus.32
 .comment       0x0000000000000000       0x12 hal/bus.32
 .group         0x0000000000000000        0xc hal/buzzer.32
 .comment       0x0000000000000000       0x12 hal/buzzer.32
 .group         0x0000000000000000        0xc hal/clock.32
 .comment       0x0000000000000000       0x12 hal/clock.32
 .group         0x0000000000000000       0x14 hal/device.32
 .group         0x0000000000000000        0xc hal/device.32
 .group         0x0000000000000000        0xc hal/device.32
 .group         0x0000000000000000        0xc hal/device.32
[...]
Memory Configuration

Name             Origin             Length             Attributes
*default*        0x0000000000000000 0xffffffffffffffff

Linker script and memory map

LOAD D:/Users/Alex/Desktop/Banana/kernel/boot.32
LOAD crti.32
LOAD /cygdrive/d/Users/Alex/Desktop/Toolchain/Output/bin/../lib/gcc/i386-banana/8.1.0/crtbegin.o
LOAD D:/Users/Alex/Desktop/Banana/kernel/morenasm.32
LOAD acpica/utclib.32
LOAD core/malloc.32
LOAD libk/string.32
LOAD fs/fat/diskio.32
LOAD fs/fat/ff.32
LOAD fs/fat/ffsystem.32
LOAD fs/fat/ffunicode.32
LOAD hal/libresample/samplerate.32
LOAD hal/libresample/src_linear.32
LOAD hal/libresample/src_sinc.32
LOAD hal/libresample/src_zoh.32
LOAD compat/inlines.32
LOAD compat/resolve.32
LOAD core/computer.32
LOAD core/gdt.32
LOAD core/idle.32
LOAD core/idt.32
LOAD core/kheap.32
LOAD core/main.32
LOAD core/physmgr.32
LOAD core/pipe.32
LOAD core/terminal.32
LOAD core/tss.32
LOAD core/unixfile.32
LOAD core/virtmgr.32
LOAD coreobjs/c++.32
LOAD dbg/kconsole.32
LOAD fs/vfs.32
LOAD hal/bus.32
LOAD hal/buzzer.32
LOAD hal/clock.32
LOAD hal/device.32
LOAD hal/diskctrl.32
LOAD hal/diskphys.32
LOAD hal/fpu.32
LOAD hal/intctrl.32
LOAD hal/keybrd.32
LOAD hal/logidisk.32
LOAD hal/mouse.32
LOAD hal/partition.32
LOAD hal/serial.32
LOAD hal/timer.32
LOAD hal/vcache.32
LOAD hal/video.32
LOAD hw/acpi.32
LOAD hw/cpu.32
LOAD hw/ports.32
LOAD krnl/env.32
LOAD krnl/panic.32
LOAD net/ethernet.32
LOAD reg/registry.32
LOAD sys/sc_exit.32
LOAD sys/sc_getcwd.32
LOAD sys/sc_getpid.32
LOAD sys/sc_loaddll.32
LOAD sys/sc_read.32
LOAD sys/sc_sbrk.32
LOAD sys/sc_setcwd.32
LOAD sys/sc_settime.32
LOAD sys/sc_timezone.32
LOAD sys/sc_write.32
LOAD sys/sc_yield.32
LOAD sys/syscalls.32
LOAD thr/elf.32
LOAD thr/prcssthr.32
LOAD vm86/vm8086.32
LOAD vm86/x87em.32
LOAD fs/fat/vfslink.32
LOAD fs/iso9660/vfslink.32
LOAD hal/sound/sndchannel.32
LOAD hal/sound/sndhw.32
LOAD hw/bus/isa.32
LOAD hw/bus/pci.32
LOAD hw/diskctrl/ide.32
LOAD hw/diskctrl/satabus.32
LOAD hw/diskphys/ata.32
LOAD hw/diskphys/atapi.32
LOAD hw/diskphys/sata.32
LOAD hw/fpu/avx.32
LOAD hw/fpu/mmx.32
LOAD hw/fpu/sse.32
LOAD hw/fpu/x87.32
LOAD hw/intctrl/apic.32
LOAD hw/intctrl/pic.32
LOAD hw/timer/apictimer.32
LOAD hw/timer/pit.32
LOAD hw/fpu/x86/avx.32
LOAD hw/fpu/x86/sse.32
LOAD hw/fpu/x86/x87.32
LOAD /cygdrive/d/Users/Alex/Desktop/Toolchain/Output/bin/../lib/gcc/i386-banana/8.1.0/crtend.o
LOAD crtn.32
LOAD /cygdrive/d/Users/Alex/Desktop/Toolchain/Output/bin/../lib/gcc/i386-banana/8.1.0/libkgcc.a
LOAD D:/Users/Alex/Desktop/Banana/kernel/libsoftfp.a
LOAD D:/Users/Alex/Desktop/Banana/kernel/libk/libm32.a
                0x00000000c0000000                . = 0xc0000000

.text           0x00000000c0000000    0x27468
 *(.text)
 .text          0x00000000c0000000       0x41 D:/Users/Alex/Desktop/Banana/kernel/boot.32
                0x00000000c0000020                callGlobalConstructors
 .text          0x00000000c0000041        0x0 crti.32
 *fill*         0x00000000c0000041        0x3 
 .text          0x00000000c0000044      0x101 /cygdrive/d/Users/Alex/Desktop/Toolchain/Output/bin/../lib/gcc/i386-banana/8.1.0/crtbegin.o
 *fill*         0x00000000c0000145        0xb 
 .text          0x00000000c0000150      0x4ed D:/Users/Alex/Desktop/Banana/kernel/morenasm.32
                0x00000000c0000150                manualPCIProbe
                0x00000000c000019b                prepareTramp
                0x00000000c00001b4                voodooXADD
                0x00000000c000027f                doTPAUSE
                0x00000000c0000289                hasLegacyFPU
                0x00000000c00002ae                is486
                0x00000000c00002e4                detectCPUID
                0x00000000c00002fa                goToVM86
                0x00000000c000032a                goToUsermode
                0x00000000c0000354                switchToThreadASMFirstTime
                0x00000000c0000362                switchToThreadASM
                0x00000000c00003ea                asmQuickAcquireLock
                0x00000000c0000408                asmQuickReleaseLock
                0x00000000c0000414                asmAcquireLock
                0x00000000c0000435                asmReleaseLock
                0x00000000c0000448                loadGDT
                0x00000000c0000468                isr0
                0x00000000c0000478                isr1
                0x00000000c0000482                isr2
                0x00000000c000048c                isr3
                0x00000000c0000496                isr4
                0x00000000c00004a0                isr5
                0x00000000c00004aa                isr6
                0x00000000c00004b4                isr7
                0x00000000c00004be                isr8
                0x00000000c00004c6                isr9
                0x00000000c00004d0                isr10
                0x00000000c00004d8                isr11
                0x00000000c00004e0                isr12
                0x00000000c00004e8                isr13
                0x00000000c00004f0                isr14
                0x00000000c00004f8                isr15
                0x00000000c0000502                isr16
                0x00000000c000050c                isr17
                0x00000000c0000516                isr18
                0x00000000c0000520                irq3
                0x00000000c000052a                irq4
                0x00000000c0000534                irq5
                0x00000000c000053e                irq6
                0x00000000c0000548                irq7
                0x00000000c0000552                irq8
                0x00000000c000055c                irq9
                0x00000000c0000566                irq10
                0x00000000c0000570                irq11
                0x00000000c000057a                irq12
                0x00000000c0000584                irq13
                0x00000000c000058e                irq14
                0x00000000c0000598                irq15
                0x00000000c00005a2                irq1
                0x00000000c00005a9                irq2
                0x00000000c00005b0                isr96
                0x00000000c00005b7                irq0
                0x00000000c00005bc                int_common_stub
                0x00000000c00005bc                syscall_common_stub
                0x00000000c00005ed                irq16
                0x00000000c00005f7                irq17
                0x00000000c0000601                irq18
                0x00000000c000060b                irq19
                0x00000000c0000615                irq20
                0x00000000c000061f                irq21
                0x00000000c0000629                irq22
                0x00000000c0000633                irq23
 .text          0x00000000c000063d      0x3fd acpica/utclib.32
                0x00000000c000063d                memcmp
                0x00000000c0000668                memmove
                0x00000000c00006a0                memcpy
                0x00000000c00006c4                memset
                0x00000000c00006e1                strlen
                0x00000000c00006f1                strpbrk
                0x00000000c0000714                strtok
                0x00000000c0000763                strcpy
                0x00000000c0000783                strncpy
                0x00000000c00007b4                strcmp
                0x00000000c00007d5                strchr
                0x00000000c00007eb                strncmp
                0x00000000c000081a                strcat
                0x00000000c0000841                strncat
                0x00000000c000087b                strstr
                0x00000000c00008b8                toupper
                0x00000000c00008cc                tolower
                0x00000000c00008e0                simple_strtoul
 .text          0x00000000c0000a3a      0xfbf core/malloc.32
                0x00000000c0000ba5                dlfree
                0x00000000c0000f00                dlmalloc
                0x00000000c000143d                dlrealloc
                0x00000000c00015f2                dlmemalign
                0x00000000c0001715                dlcalloc
                0x00000000c00017af                dlcfree
                0x00000000c00017b4                dlindependent_calloc
                0x00000000c00017d9                dlindependent_comalloc
                0x00000000c00017f0                dlvalloc
                0x00000000c000181b                dlpvalloc
                0x00000000c0001851                dlmalloc_trim
                0x00000000c000185e                dlmalloc_usable_size
                0x00000000c000188f                dlmallinfo
                0x00000000c000195e                dlmalloc_stats
                0x00000000c000196f                dlmallopt
 .text          0x00000000c00019f9        0x0 libk/string.32
 .text          0x00000000c00019f9       0x51 fs/fat/diskio.32
                0x00000000c00019f9                disk_status
                0x00000000c00019fc                disk_initialize
                0x00000000c00019ff                disk_read
                0x00000000c0001a15                disk_write
                0x00000000c0001a2b                disk_ioctl
 .text          0x00000000c0001a4a     0x6833 fs/fat/ff.32
                0x00000000c0004d18                f_mount
                0x00000000c0004d7a                f_open
                0x00000000c00051b6                f_read
                0x00000000c0005436                f_write
                0x00000000c00056f0                f_sync
                0x00000000c00058cc                f_close
                0x00000000c00058fb                f_lseek
                0x00000000c0005db2                f_opendir
                0x00000000c0005eb4                f_closedir
                0x00000000c0005ed6                f_readdir
                0x00000000c0005f71                f_stat
                0x00000000c0006000                f_getfree
                0x00000000c00061cb                f_truncate
                0x00000000c00062c3                f_unlink
                0x00000000c0006446                f_mkdir
                0x00000000c0006672                f_rename
                0x00000000c0006965                f_chmod
                0x00000000c0006a43                f_utime
                0x00000000c0006b21                f_getlabel
                0x00000000c0006d0f                f_setlabel
                0x00000000c0006f7c                f_forward
                0x00000000c000715a                f_mkfs
 .text          0x00000000c000827d       0x2d fs/fat/ffsystem.32
                0x00000000c000827d                ff_memalloc
                0x00000000c0008293                ff_memfree
 .text          0x00000000c00082aa      0x253 fs/fat/ffunicode.32
                0x00000000c00082aa                ff_uni2oem
                0x00000000c000833a                ff_oem2uni
                0x00000000c00083a6                ff_wtoupper
 .text          0x00000000c00084fd      0x8fb hal/libresample/samplerate.32
                0x00000000c0008541                src_delete
                0x00000000c000857d                src_process
                0x00000000c0008733                src_callback_read
                0x00000000c00088b0                src_set_ratio
                0x00000000c000891a                src_get_channels
                0x00000000c000893c                src_reset
                0x00000000c0008988                src_new
                0x00000000c0008a16                src_callback_new
                0x00000000c0008a78                src_get_name
                0x00000000c0008aaf                src_get_description
                0x00000000c0008ae6                src_get_version
                0x00000000c0008aec                src_is_valid_ratio
                0x00000000c0008b40                src_error
                0x00000000c0008b4e                src_strerror
                0x00000000c0008b61                src_simple
                0x00000000c0008bb4                src_short_to_float_array
                0x00000000c0008c19                src_float_to_short_array
                0x00000000c0008cd8                src_int_to_float_array
                0x00000000c0008d3b                src_float_to_int_array
 .text          0x00000000c0008df8      0x8cb hal/libresample/src_linear.32
                0x00000000c000961e                linear_get_name
                0x00000000c000962d                linear_get_description
                0x00000000c000963c                linear_set_converter
 .text          0x00000000c00096c3     0x447c hal/libresample/src_sinc.32
                0x00000000c000da56                sinc_get_name
                0x00000000c000da69                sinc_get_description
                0x00000000c000da7c                sinc_set_converter
 .text          0x00000000c000db3f      0x77c hal/libresample/src_zoh.32
                0x00000000c000e216                zoh_get_name
                0x00000000c000e225                zoh_get_description
                0x00000000c000e234                zoh_set_converter
 .text          0x00000000c000e2bb       0x23 compat/inlines.32
                0x00000000c000e2bb                CPU::current()
                0x00000000c000e2c8                operator new(unsigned long)
 .text          0x00000000c000e2de      0x111 compat/resolve.32
                0x00000000c000e2de                Krnl::resolveCompatibilitySymbol(char*)
 *fill*         0x00000000c000e3ef        0x1 
 .text          0x00000000c000e3f0      0xa11 core/computer.32
                0x00000000c000e3f0                Computer::close(int, int, void*)
                0x00000000c000e434                Krnl::firstTask()
                0x00000000c000e51e                Computer::Computer()
                0x00000000c000e51e                Computer::Computer()
                0x00000000c000e67a                Computer::setBootMessage(char const*)
                0x00000000c000e67c                Computer::detectFeatures()
                0x00000000c000e886                Computer::displayFeatures()
                0x00000000c000ebcc                Computer::rdmsr(unsigned int)
                0x00000000c000ebf8                Computer::wrmsr(unsigned int, unsigned long long)
                0x00000000c000ec30                Computer::nmiEnabled()
                0x00000000c000ec3c                Computer::readCMOS(unsigned char)
                0x00000000c000ec56                Computer::enableNMI(bool)
                0x00000000c000ec6e                Computer::open(int, int, void*)
                0x00000000c000ed44                Computer::disableNMI()
                0x00000000c000ed52                Computer::writeCMOS(unsigned char, unsigned char)
                0x00000000c000ed70                Computer::handleNMI()
                0x00000000c000edd6                Computer::setDiskActivityLight(int, bool)
 *fill*         0x00000000c000ee01        0x1 
 .text          0x00000000c000ee02      0x1b7 core/gdt.32
                0x00000000c000ee02                GDTEntry::setBase(unsigned int)
                0x00000000c000ee1e                GDTEntry::setLimit(unsigned int)
                0x00000000c000ee3c                GDT::GDT()
                0x00000000c000ee3c                GDT::GDT()
                0x00000000c000ee52                GDT::addEntry(GDTEntry)
                0x00000000c000ee8e                GDT::getNumberOfEntries()
                0x00000000c000ee96                GDT::flush()
                0x00000000c000eeb8                GDT::setup()
 .text          0x00000000c000efb9       0x62 core/idle.32
                0x00000000c000efb9                idleFunction(void*)
 *fill*         0x00000000c000f01b        0x1 
 .text          0x00000000c000f01c      0x45f core/idt.32
                0x00000000c000f01c                IDTEntry::IDTEntry(bool)
                0x00000000c000f01c                IDTEntry::IDTEntry(bool)
                0x00000000c000f08a                IDTEntry::setOffset(unsigned int)
                0x00000000c000f09e                IDT::IDT()
                0x00000000c000f09e                IDT::IDT()
                0x00000000c000f0a0                IDT::getPointerToInvalidOpcodeEntryForF00F()
                0x00000000c000f0a8                IDT::addEntry(IDTEntry, int)
                0x00000000c000f0c2                IDT::addEntry(int, void (*)(), bool)
                0x00000000c000f0fa                IDT::flush()
                0x00000000c000f114                IDT::setup()
 .text          0x00000000c000f47b      0x203 core/kheap.32
                0x00000000c000f47b                sbrk
                0x00000000c000f589                mmap
                0x00000000c000f59f                munmap
                0x00000000c000f5b5                liballoc_lock()
                0x00000000c000f5c6                liballoc_unlock()
                0x00000000c000f5d7                liballoc_alloc(int)
                0x00000000c000f5f2                liballoc_free(void*, int)
                0x00000000c000f610                realloc
                0x00000000c000f624                malloc
                0x00000000c000f634                free
                0x00000000c000f644                rfree
                0x00000000c000f654                calloc
 .text          0x00000000c000f67e      0x480 core/main.32
                0x00000000c000f67e                hwTextMode_loadInData(VgaText*)
                0x00000000c000f6c9                hwTextMode_loadInTitle(VgaText*, char*)
                0x00000000c000f747                hwTextMode_showCursor(VgaText*, bool)
                0x00000000c000f7a5                hwTextMode_update(VgaText*)
                0x00000000c000f7a6                hwTextMode_updateCursor(VgaText*)
                0x00000000c000f7f7                hwTextMode_disableBlink(VgaText*, bool)
                0x00000000c000f83d                hwTextMode_scrollScreen(VgaText*)
                0x00000000c000f8ea                hwTextMode_writeCharacter(VgaText*, char, VgaColour, VgaColour, int, int)
                0x00000000c000f96c                setupTextMode()
                0x00000000c000f9dc                kernel_main
 .text          0x00000000c000fafe      0x54d core/physmgr.32
                0x00000000c000fafe                Phys::allocateDMA(unsigned long)
                0x00000000c000fba1                Phys::freeDMA(unsigned long, unsigned long)
                0x00000000c000fbe9                Phys::setPageState(unsigned long, bool)
                0x00000000c000fc1b                Phys::getPageState(unsigned long)
                0x00000000c000fc37                Phys::freePage(unsigned long)
                0x00000000c000fcc1                Phys::allocatePage()
                0x00000000c000fd89                Phys::allocateContiguousPages(int)
                0x00000000c000fde3                Phys::allowSegmentToBeUsed(unsigned long, unsigned long)
                0x00000000c000fe1b                Phys::physicalMemorySetup(unsigned int)
 *fill*         0x00000000c001004b        0x1 
 .text          0x00000000c001004c      0x273 core/pipe.32
                0x00000000c001004c                Pipe::isAtty()
                0x00000000c0010050                Pipe::~Pipe()
                0x00000000c0010050                Pipe::~Pipe()
                0x00000000c0010074                Pipe::~Pipe()
                0x00000000c001009c                Pipe::read(unsigned long long, void*, int*)
                0x00000000c0010190                Pipe::write(unsigned long long, void*, int*)
                0x00000000c0010258                Pipe::Pipe(int)
                0x00000000c0010258                Pipe::Pipe(int)
 *fill*         0x00000000c00102bf        0x1 
 .text          0x00000000c00102c0      0xf73 core/terminal.32
                0x00000000c00102c0                VgaText::isAtty()
                0x00000000c00102c4                VgaText::~VgaText()
                0x00000000c00102c4                VgaText::~VgaText()
                0x00000000c00102e8                VgaText::~VgaText()
                0x00000000c0010312                VgaText::read(unsigned long long, void*, int*)
                0x00000000c0010332                setTerminalScrollLock(bool)
                0x00000000c0010333                addToTerminalCycle(VgaText*)
                0x00000000c0010360                installVgaTextImplementation()
                0x00000000c0010375                scrollTerminalScrollLock(int)
                0x00000000c0010376                VgaText::load()
                0x00000000c00103ca                VgaText::updateCursor()
                0x00000000c00103e4                VgaText::showCursor(bool)
                0x00000000c00103f4                VgaText::disableBlink(bool)
                0x00000000c001042e                VgaText::doANSI_SGR(int)
                0x00000000c00104ba                VgaText::setDefaultBgColour(VgaColour)
                0x00000000c00104d0                VgaText::setDefaultFgColour(VgaColour)
                0x00000000c00104e6                VgaText::setDefaultColours(VgaColour, VgaColour)
                0x00000000c0010506                VgaText::combineColours(unsigned char, unsigned char)
                0x00000000c0010518                VgaText::scrollScreen()
                0x00000000c00105ac                VgaText::combineCharAndColour(char, unsigned char)
                0x00000000c00105be                VgaText::writeCharacter(char, VgaColour, VgaColour, int, int)
                0x00000000c001061e                VgaText::getCursorX()
                0x00000000c001062a                VgaText::getCursorY()
                0x00000000c0010636                VgaText::setCursor(int, int)
                0x00000000c0010654                VgaText::setCursorX(int)
                0x00000000c0010670                VgaText::setCursorY(int)
                0x00000000c001068c                VgaText::incrementCursor(bool)
                0x00000000c00106f4                VgaText::updateRAMUsageDisplay(int)
                0x00000000c0010758                VgaText::updateDiskUsage()
                0x00000000c00108c2                VgaText::updateTitle()
                0x00000000c0010908                VgaText::setTitleTextColour(VgaColour)
                0x00000000c0010918                VgaText::setTitleColour(VgaColour)
                0x00000000c0010928                VgaText::setTitle(char*)
                0x00000000c001094e                VgaText::decrementCursor(bool)
                0x00000000c0010976                VgaText::putchar(char, VgaColour, VgaColour)
                0x00000000c0010a72                VgaText::isShowingCursor()
                0x00000000c0010a7e                VgaText::isBlinkDisabled()
                0x00000000c0010a8c                VgaText::setCursorHeight(int)
                0x00000000c0010aaa                VgaText::getCursorHeight()
                0x00000000c0010ab5                setActiveTerminal(VgaText*)
                0x00000000c0010b67                doTerminalCycle()
                0x00000000c0010b84                VgaText::doUpdate()
                0x00000000c0010b96                VgaText::puts(char const*, VgaColour, VgaColour)
                0x00000000c0010d56                VgaText::clearScreen()
                0x00000000c0010dba                VgaText::putchar(char)
                0x00000000c0010ed4                VgaText::puts(char const*)
                0x00000000c0010efa                VgaText::putx(unsigned int)
                0x00000000c0010f40                VgaText::VgaText(char const*)
                0x00000000c0010f40                VgaText::VgaText(char const*)
                0x00000000c00110d2                VgaText::receiveKey(unsigned char)
                0x00000000c00111ba                VgaText::write(unsigned long long, void*, int*)
                0x00000000c001120e                newTerminal(char*)
 *fill*         0x00000000c0011233        0x1 
 .text          0x00000000c0011234      0x1b3 core/tss.32
                0x00000000c0011234                TSS::TSS()
                0x00000000c0011234                TSS::TSS()
                0x00000000c0011242                TSS::setESP(unsigned long)
                0x00000000c0011254                TSS::flush()
                0x00000000c0011274                TSS::setup(unsigned long, unsigned long)
 *fill*         0x00000000c00113e7        0x1 
 .text          0x00000000c00113e8      0x4c2 core/unixfile.32
                0x00000000c00113e8                ReservedFilename::read(unsigned long long, void*, int*)
                0x00000000c001143e                ReservedFilename::isAtty()
                0x00000000c001145a                ReservedFilename::write(unsigned long long, void*, int*)
                0x00000000c00114b8                UnixFile::getFileDescriptor()
                0x00000000c00114c0                UnixFile::UnixFile(int)
                0x00000000c00114c0                UnixFile::UnixFile(int)
                0x00000000c0011670                ReservedFilename::ReservedFilename(int)
                0x00000000c0011670                ReservedFilename::ReservedFilename(int)
                0x00000000c00116a2                UnixFile::~UnixFile()
                0x00000000c00116a2                UnixFile::~UnixFile()
                0x00000000c001173a                UnixFile::~UnixFile()
                0x00000000c0011762                ReservedFilename::~ReservedFilename()
                0x00000000c0011762                ReservedFilename::~ReservedFilename()
                0x00000000c0011786                ReservedFilename::~ReservedFilename()
                0x00000000c00117ad                getFromFileDescriptor(int)
 .text          0x00000000c00118aa      0xee3 core/virtmgr.32
                0x00000000c00118aa                Virt::setPageState(unsigned long, Virt::VirtPageState)
                0x00000000c00118df                Virt::getPageState(unsigned long)
                0x00000000c0011903                Virt::allocateKernelVirtualPages(int)
                0x00000000c0011a14                Virt::virtualMemorySetup()
                0x00000000c0011a93                Virt::getAKernelVAS()
                0x00000000c0011a99                Virt::setupPageSwapping(int)
                0x00000000c0011bc8                VAS::VAS()
                0x00000000c0011bc8                VAS::VAS()
                0x00000000c0011bf8                VAS::VAS(VAS*)
                0x00000000c0011bf8                VAS::VAS(VAS*)
                0x00000000c0011c1c                VAS::getForeignPageTableEntry(bool, unsigned long)
                0x00000000c0011c48                VAS::getPageTableEntry(unsigned long)
                0x00000000c0011c67                Virt::freeKernelVirtualPages(unsigned long)
                0x00000000c0011d8a                VAS::freeAllocatedPages(unsigned long)
                0x00000000c0011dae                VAS::virtualToPhysical(unsigned long)
                0x00000000c0011dc6                VAS::reflagRange(unsigned long, int, int, int)
                0x00000000c0011e06                VAS::setToWriteCombining(unsigned long, int)
                0x00000000c0011e38                VAS::mapOtherVASIn(bool, VAS*)
                0x00000000c0011e62                VAS::~VAS()
                0x00000000c0011e62                VAS::~VAS()
                0x00000000c0011fce                VAS::mapPage(unsigned long, unsigned long, int)
                0x00000000c00120ce                VAS::allocatePages(int, int)
                0x00000000c00122a6                VAS::setCPUSpecific(unsigned long)
                0x00000000c00122c2                VAS::mapRange(unsigned long, unsigned long, int, int)
                0x00000000c0012388                VAS::mapForeignPage(bool, VAS*, unsigned long, unsigned long, int)
                0x00000000c0012476                VAS::VAS(bool)
                0x00000000c0012476                VAS::VAS(bool)
                0x00000000c00126d1                mapVASFirstTime
 .text          0x00000000c001278d       0x95 coreobjs/c++.32
                0x00000000c001278d                __cxa_atexit
                0x00000000c0012790                __cxa_finalize
                0x00000000c0012791                __stack_chk_fail
                0x00000000c00127fd                __cxa_pure_virtual
                0x00000000c001280e                operator new[](unsigned long)
                0x00000000c0012813                operator delete(void*, unsigned long)
                0x00000000c0012818                operator delete[](void*)
                0x00000000c001281d                operator delete[](void*, unsigned long)
 .text          0x00000000c0012822      0x1ef dbg/kconsole.32
                0x00000000c0012822                Dbg::stringifyxWithBase(unsigned int, char*, int)
                0x00000000c0012883                Dbg::logc(char)
                0x00000000c001289a                Dbg::logs(char*)
                0x00000000c00128b7                Dbg::logWriteInt(unsigned int)
                0x00000000c00128d4                Dbg::logWriteIntBase(unsigned int, int)
                0x00000000c00128f3                Dbg::kprintf(char const*, ...)
 *fill*         0x00000000c0012a11        0x1 
 .text          0x00000000c0012a12      0xb7c fs/vfs.32
                0x00000000c0012a12                File::read(unsigned long long, void*, int*)
                0x00000000c0012a6a                File::write(unsigned long long, void*, int*)
                0x00000000c0012ac2                Directory::read(unsigned long long, void*, int*)
                0x00000000c0012b1a                Directory::write(unsigned long long, void*, int*)
                0x00000000c0012b48                File::isAtty()
                0x00000000c0012b4c                Directory::isAtty()
                0x00000000c0012b50                Filesystem::getlabel(LogicalDisk*, int, char*, unsigned int*)
                0x00000000c0012b56                Filesystem::setlabel(LogicalDisk*, int, char*)
                0x00000000c0012b5c                File::~File()
                0x00000000c0012b5c                File::~File()
                0x00000000c0012b80                File::~File()
                0x00000000c0012baa                Directory::~Directory()
                0x00000000c0012baa                Directory::~Directory()
                0x00000000c0012bce                Directory::~Directory()
                0x00000000c0012bf8                Filesystem::Filesystem()
                0x00000000c0012bf8                Filesystem::Filesystem()
                0x00000000c0012c1c                Filesystem::~Filesystem()
                0x00000000c0012c1c                Filesystem::~Filesystem()
                0x00000000c0012c2a                Filesystem::~Filesystem()
                0x00000000c0012c4e                Fs::getcwd(Process*, char*, int)
                0x00000000c0012c78                Fs::initVFS()
                0x00000000c0012ca2                Fs::standardiseFiles(char*, char const*, char const*)
                0x00000000c0012e4c                File::File(char const*, Process*)
                0x00000000c0012e4c                File::File(char const*, Process*)
                0x00000000c0012eb0                File::open(FileOpenMode)
                0x00000000c0012f0e                File::close()
                0x00000000c0012f6e                File::seek(unsigned long long)
                0x00000000c0012fc4                File::tell(unsigned long long*)
                0x00000000c0013014                File::rewind()
                0x00000000c0013028                File::unlink()
                0x00000000c0013074                File::rename(char const*)
                0x00000000c00130c2                File::chfatattr(unsigned char, unsigned char)
                0x00000000c001311e                File::exists()
                0x00000000c001315c                File::stat(unsigned long long*, bool*)
                0x00000000c00131bd                Fs::setcwd(Process*, char*)
                0x00000000c00132f8                Directory::Directory(char const*, Process*)
                0x00000000c00132f8                Directory::Directory(char const*, Process*)
                0x00000000c001335c                Directory::open()
                0x00000000c00133b8                Directory::close()
                0x00000000c0013418                Directory::unlink()
                0x00000000c0013464                Directory::rename(char const*)
                0x00000000c00134b2                Directory::exists()
                0x00000000c00134f0                Directory::read(dirent*)
                0x00000000c001353c                Directory::create()
                0x00000000c0013588                Filesystem::chfatattr(char const*, unsigned char, unsigned char)
 .text          0x00000000c001358e       0x84 hal/bus.32
                0x00000000c001358e                Bus::Bus(char const*)
                0x00000000c001358e                Bus::Bus(char const*)
                0x00000000c00135c4                Bus::~Bus()
                0x00000000c00135c4                Bus::~Bus()
                0x00000000c00135e8                Bus::~Bus()
 .text          0x00000000c0013612      0x14e hal/buzzer.32
                0x00000000c0013612                Buzzer::Buzzer(char const*)
                0x00000000c0013612                Buzzer::Buzzer(char const*)
                0x00000000c0013656                Buzzer::~Buzzer()
                0x00000000c0013656                Buzzer::~Buzzer()
                0x00000000c001367a                Buzzer::~Buzzer()
                0x00000000c00136a4                Buzzer::stop()
                0x00000000c00136b7                beepThread(void*)
                0x00000000c00136f2                Buzzer::beep(int, int, bool)
 .text          0x00000000c0013760      0x467 hal/clock.32
                0x00000000c0013760                User::loadClockSettings(int)
                0x00000000c00137b2                Clock::Clock(char const*)
                0x00000000c00137b2                Clock::Clock(char const*)
                0x00000000c00137e8                Clock::~Clock()
                0x00000000c00137e8                Clock::~Clock()
                0x00000000c001380c                Clock::~Clock()
                0x00000000c0013836                Clock::timeInSecondsLocal()
                0x00000000c001387e                Clock::setTimeInSecondsLocal(unsigned long long)
                0x00000000c00138d7                datetimeToSeconds(datetime_t)
                0x00000000c00139fe                Clock::setTimeInDatetimeLocal(datetime_t)
                0x00000000c0013a5e                secondsToDatetime(unsigned long long)
                0x00000000c0013ba2                Clock::timeInDatetimeLocal()
 *fill*         0x00000000c0013bc7        0x1 
 .text          0x00000000c0013bc8      0x4de hal/device.32
                0x00000000c0013bc8                Device::hibernate()
                0x00000000c0013bca                Device::wake()
                0x00000000c0013bcc                Device::detect()
                0x00000000c0013bce                Device::disableLegacy()
                0x00000000c0013bd0                Device::powerSaving(PowerSavingLevel)
                0x00000000c0013bd2                DriverlessDevice::close(int, int, void*)
                0x00000000c0013bd6                DriverlessDevice::detect()
                0x00000000c0013bd8                DriverlessDevice::open(int, int, void*)
                0x00000000c0013bec                Device::~Device()
                0x00000000c0013bec                Device::~Device()
                0x00000000c0013bfa                Device::~Device()
                0x00000000c0013c22                Device::findAndLoadDriver()
                0x00000000c0013c24                Device::preOpenPCI(PCIDeviceInfo)
                0x00000000c0013c4a                Device::preOpenACPI(void*, char*, char*)
                0x00000000c0013c9e                Device::addIRQHandler(int, void (*)(regs*, void*), bool, void*)
                0x00000000c0013cdc                Device::removeIRQHandler(int, void (*)(regs*, void*), bool)
                0x00000000c0013d1a                Device::addChild(Device*)
                0x00000000c0013d5e                Device::removeAllChildren()
                0x00000000c0013da4                Device::hibernateAll()
                0x00000000c0013dd4                Device::wakeAll()
                0x00000000c0013e04                Device::detectAll()
                0x00000000c0013e34                Device::disableLegacyAll()
                0x00000000c0013e64                Device::loadDriversForAll()
                0x00000000c0013e90                Device::closeAll()
                0x00000000c0013ec6                Device::powerSavingAll(PowerSavingLevel)
                0x00000000c0013efc                Device::setName(char const*)
                0x00000000c0013f0a                Device::Device(char const*)
                0x00000000c0013f0a                Device::Device(char const*)
                0x00000000c0014006                Device::getName()
                0x00000000c0014010                DriverlessDevice::DriverlessDevice(char const*)
                0x00000000c0014010                DriverlessDevice::DriverlessDevice(char const*)
                0x00000000c0014038                Device::addToLinkedList(LinkedList<Device>&, DeviceType)
                0x00000000c001407c                getDevicesOfType(DeviceType)
 .text          0x00000000c00140a6       0x84 hal/diskctrl.32
                0x00000000c00140a6                HardDiskController::HardDiskController(char const*)
                0x00000000c00140a6                HardDiskController::HardDiskController(char const*)
                0x00000000c00140dc                HardDiskController::~HardDiskController()
                0x00000000c00140dc                HardDiskController::~HardDiskController()
                0x00000000c0014100                HardDiskController::~HardDiskController()
 .text          0x00000000c001412a       0xde hal/diskphys.32
                0x00000000c001412a                PhysicalDisk::PhysicalDisk(char const*, int)
                0x00000000c001412a                PhysicalDisk::PhysicalDisk(char const*, int)
                0x00000000c0014192                PhysicalDisk::startCache()
                0x00000000c00141ba                PhysicalDisk::~PhysicalDisk()
                0x00000000c00141ba                PhysicalDisk::~PhysicalDisk()
                0x00000000c00141de                PhysicalDisk::~PhysicalDisk()
 .text          0x00000000c0014208      0x13b hal/fpu.32
                0x00000000c0014208                FPU::FPU(char const*)
                0x00000000c0014208                FPU::FPU(char const*)
                0x00000000c001423e                FPU::~FPU()
                0x00000000c001423e                FPU::~FPU()
                0x00000000c0014262                FPU::~FPU()
                0x00000000c001428c                setupFPU()
 *fill*         0x00000000c0014343        0x1 
 .text          0x00000000c0014344     0x12b1 hal/intctrl.32
                0x00000000c0014344                InterruptController::uninstallISRHandler(int, void (*)(regs*, void*))
                0x00000000c001437c                InterruptController::installISRHandler(int, void (*)(regs*, void*), void*)
                0x00000000c00143ce                doubleFault(regs*, void*)
                0x00000000c00143e8                InterruptController::installIRQHandler(int, void (*)(regs*, void*), bool, void*)
                0x00000000c0014484                InterruptController::clearAllHandlers(int, bool)
                0x00000000c001452c                InterruptController::uninstallIRQHandler(int, void (*)(regs*, void*), bool)
                0x00000000c00145b3                nmiHandler(regs*, void*)
                0x00000000c00145c1                int_handler
                0x00000000c0014662                InterruptController::InterruptController(char const*)
                0x00000000c0014662                InterruptController::InterruptController(char const*)
                0x00000000c0014708                InterruptController::~InterruptController()
                0x00000000c0014708                InterruptController::~InterruptController()
                0x00000000c001472c                InterruptController::~InterruptController()
                0x00000000c0014756                displayDebugInfo(regs*)
                0x00000000c0014b5b                x87EmulHandler(regs*, void*)
                0x00000000c0014b8a                gpFault(regs*, void*)
                0x00000000c0014bc3                pgFault(regs*, void*)
                0x00000000c0014bda                otherISRHandler(regs*, void*)
                0x00000000c0014bf9                opcodeFault(regs*, void*)
                0x00000000c00151b8                displayProgramFault(char const*)
                0x00000000c00151e0                setupInterruptController()
                0x00000000c00155a8                InterruptController::convertLegacyIRQNumber(int)
 *fill*         0x00000000c00155f5        0x1 
 .text          0x00000000c00155f6      0x69a hal/keybrd.32
                0x00000000c00155f6                startGUI(void*)
                0x00000000c0015652                startGUIVESA(void*)
                0x00000000c00156ae                sendKeyToTerminal(unsigned char)
                0x00000000c001571a                sendKeyboardToken(KeyboardToken)
                0x00000000c0015b2a                clearInternalKeybuffer(VgaText*)
                0x00000000c0015b5f                readKeyboard(VgaText*, char*, unsigned long)
                0x00000000c0015c06                Keyboard::Keyboard(char const*)
                0x00000000c0015c06                Keyboard::Keyboard(char const*)
                0x00000000c0015c42                Keyboard::~Keyboard()
                0x00000000c0015c42                Keyboard::~Keyboard()
                0x00000000c0015c66                Keyboard::~Keyboard()
 .text          0x00000000c0015c90      0x400 hal/logidisk.32
                0x00000000c0015c90                LogicalDisk::close(int, int, void*)
                0x00000000c0015c94                LogicalDisk::~LogicalDisk()
                0x00000000c0015c94                LogicalDisk::~LogicalDisk()
                0x00000000c0015cb8                LogicalDisk::~LogicalDisk()
                0x00000000c0015ce2                LogicalDisk::open(int, int, void*)
                0x00000000c0015cf6                LogicalDisk::absoluteToRelative(unsigned long long)
                0x00000000c0015d2e                LogicalDisk::relativeToAbsolute(unsigned long long)
                0x00000000c0015d74                LogicalDisk::LogicalDisk(char const*, PhysicalDisk*, unsigned long long, unsigned long long)
                0x00000000c0015d74                LogicalDisk::LogicalDisk(char const*, PhysicalDisk*, unsigned long long, unsigned long long)
                0x00000000c0015e2a                LogicalDisk::assignDriveLetter()
                0x00000000c0015ee0                LogicalDisk::mount()
                0x00000000c0015f52                LogicalDisk::unmount()
                0x00000000c0015f62                LogicalDisk::unassignDriveLetter()
                0x00000000c0015fb8                LogicalDisk::read(unsigned long long, int, void*)
                0x00000000c0016024                LogicalDisk::write(unsigned long long, int, void*)
 .text          0x00000000c0016090       0x84 hal/mouse.32
                0x00000000c0016090                Mouse::Mouse(char const*)
                0x00000000c0016090                Mouse::Mouse(char const*)
                0x00000000c00160c6                Mouse::~Mouse()
                0x00000000c00160c6                Mouse::~Mouse()
                0x00000000c00160ea                Mouse::~Mouse()
 .text          0x00000000c0016114      0x339 hal/partition.32
                0x00000000c0016114                makePartition(PhysicalDisk*, unsigned long long, unsigned long long)
                0x00000000c00161bc                createPartitionsForDisk(PhysicalDisk*)
 *fill*         0x00000000c001644d        0x1 
 .text          0x00000000c001644e       0x84 hal/serial.32
                0x00000000c001644e                Serial::Serial(char const*)
                0x00000000c001644e                Serial::Serial(char const*)
                0x00000000c0016484                Serial::~Serial()
                0x00000000c0016484                Serial::~Serial()
                0x00000000c00164a8                Serial::~Serial()
 .text          0x00000000c00164d2      0x2b8 hal/timer.32
                0x00000000c00164d2                Timer::Timer(char const*)
                0x00000000c00164d2                Timer::Timer(char const*)
                0x00000000c0016508                Timer::~Timer()
                0x00000000c0016508                Timer::~Timer()
                0x00000000c001652c                Timer::~Timer()
                0x00000000c0016556                Timer::read()
                0x00000000c0016561                timerHandler(unsigned long long)
                0x00000000c0016698                setupTimer(int)
 .text          0x00000000c001678a      0x2db hal/vcache.32
                0x00000000c001678a                VCache::VCache(PhysicalDisk*)
                0x00000000c001678a                VCache::VCache(PhysicalDisk*)
                0x00000000c0016884                VCache::writeWriteBuffer()
                0x00000000c00168c0                VCache::~VCache()
                0x00000000c00168c0                VCache::~VCache()
                0x00000000c0016900                VCache::~VCache()
                0x00000000c0016928                VCache::write(unsigned long long, int, void*)
                0x00000000c0016a0c                VCache::read(unsigned long long, int, void*)
 *fill*         0x00000000c0016a65        0x1 
 .text          0x00000000c0016a66      0x4cd hal/video.32
                0x00000000c0016a66                Video::putrect(int, int, int, int, unsigned int)
                0x00000000c0016ab2                Video::bitblit(int, int, int, int, int, int, int, unsigned int*)
                0x00000000c0016b22                Video::blit(unsigned int*, int, int, int, int)
                0x00000000c0016ba0                Video::clearScreen(unsigned int)
                0x00000000c0016bd4                Video::putpixel(int, int, unsigned int)
                0x00000000c0016be2                Video::Video(char const*)
                0x00000000c0016be2                Video::Video(char const*)
                0x00000000c0016c18                Video::~Video()
                0x00000000c0016c18                Video::~Video()
                0x00000000c0016c3c                Video::~Video()
                0x00000000c0016c66                Video::isMonochrome()
                0x00000000c0016c72                Video::getWidth()
                0x00000000c0016c7e                Video::getHeight()
                0x00000000c0016c8a                Video::drawCursor(int, int, unsigned char*, int)
                0x00000000c0016d46                Video::tgaParse(unsigned char*, int, int*, int*)
                0x00000000c0016ec8                Video::putTGA(int, int, unsigned char*, int)
 *fill*         0x00000000c0016f33        0x1 
 .text          0x00000000c0016f34      0xf64 hw/acpi.32
                0x00000000c0016f34                ACPI::close(int, int, void*)
                0x00000000c0016fe9                findRSDP()
                0x00000000c0017073                loadACPITables(unsigned char*)
                0x00000000c001729a                findRSDT(unsigned char*)
                0x00000000c00173b8                findDataTable(unsigned char*, char*)
                0x00000000c0017454                scanMADT()
                0x00000000c00178da                ACPI::ACPI()
                0x00000000c00178da                ACPI::ACPI()
                0x00000000c0017944                ACPI::getPCIIRQAssignment(unsigned char, unsigned short, unsigned char)
                0x00000000c0017a26                ACPI::registerPCIIRQAssignment(void*, unsigned short, unsigned char, unsigned char)
                0x00000000c0017aec                ACPI::setScreenBrightnessLevel(void*, int)
                0x00000000c0017af2                ACPI::writeSimpleBootFlag(SimpleBootFlagTable*)
                0x00000000c0017b3a                ACPI::open(int, int, void*)
                0x00000000c0017e80                ACPI::sleep()
 .text          0x00000000c0017e98     0x1715 hw/cpu.32
                0x00000000c0017e98                CPU::close(int, int, void*)
                0x00000000c0017e9c                CPU::lookupAMDName(unsigned char, unsigned char)
                0x00000000c0018030                CPU::lookupIntelName(unsigned char, unsigned char)
                0x00000000c00182de                CPU::AMD_K6_write_msr(unsigned int, unsigned int, unsigned int, CPU::REGS*)
                0x00000000c00182fa                CPU::AMD_K6_read_msr(unsigned int, CPU::REGS*)
                0x00000000c0018312                CPU::AMD_K6_writeback(int, int, int)
                0x00000000c0018386                CPU::cpuid(int, unsigned long*, unsigned long*, unsigned long*, unsigned long*)
                0x00000000c001840a                CPU::cpuidCheckEDX(unsigned int)
                0x00000000c0018438                CPU::cpuidCheckECX(unsigned int)
                0x00000000c0018466                CPU::cpuidCheckExtendedEBX(unsigned int)
                0x00000000c0018494                CPU::cpuidCheckExtendedECX(unsigned int)
                0x00000000c00184c2                CPU::CPU()
                0x00000000c00184c2                CPU::CPU()
                0x00000000c0018550                CPU::displayFeatures()
                0x00000000c00187cc                CPU::detectFeatures()
                0x00000000c00191bc                CPU::setupSMEP()
                0x00000000c00191c8                CPU::setupUMIP()
                0x00000000c00191d2                CPU::setupTSC()
                0x00000000c00191dc                CPU::setupLargePages()
                0x00000000c00191e6                CPU::setupPAT()
                0x00000000c0019222                CPU::setupMTRR()
                0x00000000c0019224                CPU::setupGlobalPages()
                0x00000000c001922e                CPU::allowUsermodeDataAccess()
                0x00000000c0019240                CPU::prohibitUsermodeDataAccess()
                0x00000000c0019252                CPU::setupSMAP()
                0x00000000c0019260                CPU::setupFeatures()
                0x00000000c00192e0                CPU::open(int, int, void*)
                0x00000000c00193b2                CPU::decodeAddress(regs*, int*, bool*, unsigned char*)
 .text          0x00000000c00195ad        0x0 hw/ports.32
 *fill*         0x00000000c00195ad        0x1 
 .text          0x00000000c00195ae      0x5d3 krnl/env.32
                0x00000000c00195ae                EnvVarContainer::getEnv(char const*)
                0x00000000c00195ec                EnvVarContainer::setEnv(char const*, char const*)
                0x00000000c00196b8                EnvVarContainer::deleteEnv(char const*)
                0x00000000c00196ba                EnvVarContainer::loadFrom(char const*, char const*)
                0x00000000c00198b0                EnvVarContainer::__loadSystem()
                0x00000000c00198ca                EnvVarContainer::__loadUser()
                0x00000000c00198cc                EnvVarContainer::EnvVarContainer(Process*)
                0x00000000c00198cc                EnvVarContainer::EnvVarContainer(Process*)
                0x00000000c00198ee                EnvVarContainer::~EnvVarContainer()
                0x00000000c00198ee                EnvVarContainer::~EnvVarContainer()
                0x00000000c001991e                Krnl::getEnv(Process*, char const*)
                0x00000000c0019983                Krnl::setEnvSystem(char const*, char const*)
                0x00000000c001999d                Krnl::setEnvUser(char const*, char const*)
                0x00000000c00199bc                Krnl::setEnvProcess(Process*, char const*, char const*)
                0x00000000c00199cf                Krnl::deleteEnvSystem(char const*)
                0x00000000c00199d0                Krnl::deleteEnvUser(char const*)
                0x00000000c00199d1                Krnl::deleteEnvProcess(Process*, char const*)
                0x00000000c00199d2                Krnl::newProcessEnv(Process*)
                0x00000000c00199f4                Krnl::copyProcessEnv(Process*, Process*)
                0x00000000c0019a48                Krnl::loadSystemEnv()
                0x00000000c0019a76                Krnl::loadUserEnv()
                0x00000000c0019a9c                Krnl::flushEnv()
                0x00000000c0019a9d                Krnl::getProcessTotalEnvCount(Process*)
                0x00000000c0019abd                Krnl::getProcessEnvPair(Process*, int)
 .text          0x00000000c0019b81      0x32c krnl/panic.32
                0x00000000c0019b81                Krnl::panic(char const*)
 .text          0x00000000c0019ead      0x3b6 net/ethernet.32
                0x00000000c0019ead                Net::switchEndian16(unsigned short)
                0x00000000c0019ece                Net::switchEndian32(unsigned int)
                0x00000000c0019efd                Net::crc32Calc(unsigned char*, int)
                0x00000000c0019f8e                Net::wrapEthernetFrame(Net::UnwrappedEthernetFrame, unsigned char*)
                0x00000000c001a0ca                Net::unwrapEthernetFrame(unsigned char*, int)
 .text          0x00000000c001a263      0x513 reg/registry.32
                0x00000000c001a263                Reg::findLineFromLoadedData(char*, char*, char*)
                0x00000000c001a3bb                Reg::getLineFromRegistry(char*, char*, char*, char*)
                0x00000000c001a510                Reg::getLine(char*, char*, char*)
                0x00000000c001a547                Reg::readInt(char*, char*, int*)
                0x00000000c001a632                Reg::readString(char*, char*, char*, int)
                0x00000000c001a6b3                Reg::readBool(char*, char*, bool*)
                0x00000000c001a6d8                Reg::readBoolWithDefault(char*, char*, bool)
                0x00000000c001a704                Reg::readIntWithDefault(char*, char*, int)
                0x00000000c001a730                Reg::readStringWithDefault(char*, char*, char*, int, char*)
 .text          0x00000000c001a776       0x18 sys/sc_exit.32
                0x00000000c001a776                Sys::exit(regs*)
 .text          0x00000000c001a78e       0x1f sys/sc_getcwd.32
                0x00000000c001a78e                Sys::getCwd(regs*)
 .text          0x00000000c001a7ad        0xc sys/sc_getpid.32
                0x00000000c001a7ad                Sys::getPID(regs*)
 .text          0x00000000c001a7b9       0xa8 sys/sc_loaddll.32
                0x00000000c001a7b9                Sys::loadDLL(regs*)
 .text          0x00000000c001a861       0x68 sys/sc_read.32
                0x00000000c001a861                Sys::read(regs*)
 .text          0x00000000c001a8c9       0x55 sys/sc_sbrk.32
                0x00000000c001a8c9                Sys::sbrk(regs*)
 .text          0x00000000c001a91e       0x1c sys/sc_setcwd.32
                0x00000000c001a91e                Sys::setCwd(regs*)
 .text          0x00000000c001a93a      0x128 sys/sc_settime.32
                0x00000000c001a93a                Sys::setTime(regs*)
 .text          0x00000000c001aa62       0x4a sys/sc_timezone.32
                0x00000000c001aa62                Sys::timezone(regs*)
 .text          0x00000000c001aaac       0x68 sys/sc_write.32
                0x00000000c001aaac                Sys::write(regs*)
 .text          0x00000000c001ab14       0x3b sys/sc_yield.32
                0x00000000c001ab14                Sys::yield(regs*)
 .text          0x00000000c001ab4f     0x101e sys/syscalls.32
                0x00000000c001ab4f                sysCallSeekDir(regs*)
                0x00000000c001ab54                sysCallTellDir(regs*)
                0x00000000c001ab59                sysCallVerify(regs*)
                0x00000000c001ab63                sysCallGetArgc(regs*)
                0x00000000c001ab73                sysFormatDisk(regs*)
                0x00000000c001abdd                sysSetDiskVolumeLabel(regs*)
                0x00000000c001ac23                sysGetDiskVolumeLabel(regs*)
                0x00000000c001ac74                sysShutdown(regs*)
                0x00000000c001acd2                sysCallRealpath(regs*)
                0x00000000c001ad15                sysCallReadDir(regs*)
                0x00000000c001ada3                sysCallIsATTY(regs*)
                0x00000000c001adfd                sysCallSeek(regs*)
                0x00000000c001ae66                sysCallTell(regs*)
                0x00000000c001aee3                sysCallSize(regs*)
                0x00000000c001af66                sysCallSizeFromFilename(regs*)
                0x00000000c001b026                sysCallClose(regs*)
                0x00000000c001b0ae                sysCallOpenDir(regs*)
                0x00000000c001b123                sysCallCloseDir(regs*)
                0x00000000c001b189                sysCallMakeDir(regs*)
                0x00000000c001b1f9                sysCallWait(regs*)
                0x00000000c001b213                sysCallNotImpl(regs*)
                0x00000000c001b22e                sysPanic(regs*)
                0x00000000c001b254                sysCallRmdir(regs*)
                0x00000000c001b2b8                sysCallUnlink(regs*)
                0x00000000c001b31c                sysCallGetArgv(regs*)
                0x00000000c001b368                sysCallTTYName(regs*)
                0x00000000c001b3eb                sysCallUSleep(regs*)
                0x00000000c001b412                sysCallSpawn(regs*)
                0x00000000c001b46a                sysCallGetEnv(regs*)
                0x00000000c001b517                sysAppSettings(regs*)
                0x00000000c001b636                sysSetFatAttrib(regs*)
                0x00000000c001b6a8                sysPipe(regs*)
                0x00000000c001b6ed                sysGetUnixTime(regs*)
                0x00000000c001b701                string_ends_with(char const*, char const*)
                0x00000000c001b749                sysCallOpen(regs*)
                0x00000000c001b95e                Sys::loadSyscalls()
                0x00000000c001bb2b                Sys::systemCall(regs*, void*)
 .text          0x00000000c001bb6d     0x1189 thr/elf.32
                0x00000000c001bb6d                Thr::allocateMemoryForTask(Process*, File*, unsigned long, unsigned long, unsigned long)
                0x00000000c001bdea                Thr::loadProgramIntoMemory(Process*, char const*)
                0x00000000c001c000                Thr::runtimeReferenceHelper()
                0x00000000c001c013                Thr::getAddressOfKernelSymbol(char const*)
                0x00000000c001c062                Thr::loadKernelSymbolTable(char const*)
                0x00000000c001c31e                Thr::loadDriverIntoMemory(char const*, unsigned long, bool)
                0x00000000c001ca3a                Thr::getDriverBaseFromAddress(unsigned long)
                0x00000000c001ca6c                Thr::getDriverNameFromAddress(unsigned long)
                0x00000000c001caa3                Thr::getDriverOffsetFromAddress(unsigned long)
                0x00000000c001cabd                Thr::loadDLL(char const*, bool)
                0x00000000c001cccc                Thr::executeDLL(unsigned long, void*)
 .text          0x00000000c001ccf6     0x1056 thr/prcssthr.32
                0x00000000c001ccf6                changeTSS
                0x00000000c001cd26                Process::addArgs(char**)
                0x00000000c001cd80                Process::Process(char const*, Process*, char**)
                0x00000000c001cd80                Process::Process(char const*, Process*, char**)
                0x00000000c001cf64                Process::Process(bool, char const*, Process*, char**)
                0x00000000c001cf64                Process::Process(bool, char const*, Process*, char**)
                0x00000000c001d113                disableIRQs()
                0x00000000c001d11b                getIRQNestingLevel()
                0x00000000c001d121                enableIRQs()
                0x00000000c001d130                lockScheduler()
                0x00000000c001d132                unlockScheduler()
                0x00000000c001d134                userModeEntryPoint(void*)
                0x00000000c001d157                lockStuff()
                0x00000000c001d163                taskStartupFunction
                0x00000000c001d16c                updateTimeUsed()
                0x00000000c001d1d1                switchToThread(ThreadControlBlock*)
                0x00000000c001d222                Semaphore::Semaphore(int)
                0x00000000c001d222                Semaphore::Semaphore(int)
                0x00000000c001d250                Mutex::Mutex()
                0x00000000c001d250                Mutex::Mutex()
                0x00000000c001d262                Process::createThread(void (*)(void*), void*, int)
                0x00000000c001d346                Process::createUserThread()
                0x00000000c001d362                setupMultitasking(void (*)())
                0x00000000c001d46c                schedule()
                0x00000000c001d4f1                unlockStuff()
                0x00000000c001d526                Semaphore::tryAcquire()
                0x00000000c001d554                Semaphore::assertLocked(char const*)
                0x00000000c001d584                blockTaskWithSchedulerLockAlreadyHeld(TaskState)
                0x00000000c001d5c6                blockTask(TaskState)
                0x00000000c001d5e7                waitTask(int, int*, int)
                0x00000000c001d629                nanoSleepUntil(unsigned long long)
                0x00000000c001d680                nanoSleep(unsigned long long)
                0x00000000c001d695                sleep(unsigned long long)
                0x00000000c001d6b2                Semaphore::acquire()
                0x00000000c001d71a                taskReturned
                0x00000000c001d748                unblockTask(ThreadControlBlock*)
                0x00000000c001d7f7                cleanupTerminatedTask(ThreadControlBlock*)
                0x00000000c001dac0                cleanerTaskFunction(void*)
                0x00000000c001db73                terminateTask(int)
                0x00000000c001dc53                Thr::terminateFromIRQ(int)
                0x00000000c001dc60                Semaphore::release()
 .text          0x00000000c001dd4c      0xc26 vm86/vm8086.32
                0x00000000c001dd4c                Vm::inbv(unsigned short)
                0x00000000c001dd5f                Vm::outbv(unsigned short, unsigned char)
                0x00000000c001ddb2                Vm::realToLinear(unsigned short, unsigned short)
                0x00000000c001ddc2                Vm::getSegment(unsigned int)
                0x00000000c001ddca                Vm::getOffset(unsigned int)
                0x00000000c001ddcf                Vm::mainloop2()
                0x00000000c001de0a                Vm::mainVm8086Loop(void*)
                0x00000000c001de17                Vm::mainloop3(unsigned long)
                0x00000000c001de41                Vm::initialise8086()
                0x00000000c001de84                Vm::finish8086()
                0x00000000c001dec9                Vm::getOutput8086(unsigned char*)
                0x00000000c001def3                Vm::start8086(char const*, unsigned short, unsigned short, unsigned short, unsigned short)
                0x00000000c001e043                Vm::doISR(regs*, int, unsigned char*, unsigned short, unsigned short)
                0x00000000c001e0cd                Vm::readByteFromReal(unsigned short, unsigned short)
                0x00000000c001e0de                Vm::readWordFromReal(unsigned short, unsigned short)
                0x00000000c001e0f0                Vm::readDwordFromReal(unsigned short, unsigned short)
                0x00000000c001e101                Vm::writeByteFromReal(unsigned short, unsigned short, unsigned char)
                0x00000000c001e116                Vm::writeWordFromReal(unsigned short, unsigned short, unsigned short)
                0x00000000c001e12c                Vm::writeDwordFromReal(unsigned short, unsigned short, unsigned int)
                0x00000000c001e141                Vm::faultHandler(regs*)
 .text          0x00000000c001e972      0xefd vm86/x87em.32
                0x00000000c001e972                Vm::fpuInternalTo32(unsigned long long)
                0x00000000c001e9cd                Vm::fpuInternalTo64(unsigned long long)
                0x00000000c001e9d6                Vm::fpu32ToInternal(unsigned int)
                0x00000000c001ea1b                Vm::fpu64ToInternal(unsigned long long)
                0x00000000c001ea24                Vm::fpuFloatToLong(unsigned long long)
                0x00000000c001ea7f                Vm::fpuULongToFloat(unsigned long long)
                0x00000000c001eab5                Vm::fpuLongToFloat(long long)
                0x00000000c001eb0b                Vm::fpuGet0()
                0x00000000c001eb10                Vm::fpuGet1()
                0x00000000c001eb18                Vm::fpuGetPi()
                0x00000000c001eb20                Vm::fpuGetLog2E()
                0x00000000c001eb38                Vm::fpuGetLogE2()
                0x00000000c001eb50                Vm::fpuGetLog210()
                0x00000000c001eb68                Vm::fpuGetLog102()
                0x00000000c001eb80                Vm::fpuIsSecondLarger(unsigned long long, unsigned long long)
                0x00000000c001eb94                Vm::fpuAreEqual(unsigned long long, unsigned long long)
                0x00000000c001ebaa                Vm::fpuUnorderedCompare(unsigned long long, unsigned long long)
                0x00000000c001ebfd                Vm::fpuAdd(unsigned long long, unsigned long long)
                0x00000000c001ec0e                Vm::fpuAbs(unsigned long long)
                0x00000000c001ec17                Vm::fpuChs(unsigned long long)
                0x00000000c001ec27                Vm::fpuSub(unsigned long long, unsigned long long)
                0x00000000c001ec36                Vm::fpuMultiply(unsigned long long, unsigned long long)
                0x00000000c001ec55                Vm::fpuDivide(unsigned long long, unsigned long long)
                0x00000000c001ec71                Vm::fpuSquare(unsigned long long)
                0x00000000c001ec87                Vm::fpuGetReg(int)
                0x00000000c001ecca                Vm::fpuSetReg(int, unsigned long long)
                0x00000000c001ed15                Vm::fpuPush(unsigned long long)
                0x00000000c001ed72                Vm::fpuPop()
                0x00000000c001edc4                Vm::x87Handler(regs*)
 *fill*         0x00000000c001f86f        0x1 
 .text          0x00000000c001f870     0x10ed fs/fat/vfslink.32
                0x00000000c001f870                FAT::getName()
                0x00000000c001f876                FAT::tell(void*, unsigned long long*)
                0x00000000c001f8aa                FAT::stat(void*, unsigned long long*)
                0x00000000c001f8de                FAT::~FAT()
                0x00000000c001f8de                FAT::~FAT()
                0x00000000c001f902                FAT::~FAT()
                0x00000000c001f92a                FAT::getlabel(LogicalDisk*, int, char*, unsigned int*)
                0x00000000c001f9c8                FAT::setlabel(LogicalDisk*, int, char*)
                0x00000000c001fa82                FAT::format(LogicalDisk*, int, char const*, int)
                0x00000000c001fc66                FAT::tryMount(LogicalDisk*, int)
                0x00000000c001fe6c                FAT::readDir(void*, unsigned long, void*, int*)
                0x00000000c001ff72                FAT::read(void*, unsigned long, void*, int*)
                0x00000000c001ffcc                FAT::write(void*, unsigned long, void*, int*)
                0x00000000c0020026                FAT::close(void*)
                0x00000000c0020072                FAT::closeDir(void*)
                0x00000000c00200be                FAT::seek(void*, unsigned long long)
                0x00000000c0020112                fatWrapperReadDisk
                0x00000000c0020159                fatWrapperWriteDisk
                0x00000000c00201a0                fatWrapperIoctl
                0x00000000c00202a4                FAT::FAT()
                0x00000000c00202a4                FAT::FAT()
                0x00000000c00202f6                FAT::fixFilepath(char*)
                0x00000000c002032e                FAT::open(char const*, void**, FileOpenMode)
                0x00000000c0020456                FAT::openDir(char const*, void**)
                0x00000000c00204fc                FAT::stat(char const*, unsigned long long*, bool*)
                0x00000000c00205e6                FAT::unlink(char const*)
                0x00000000c0020660                FAT::chfatattr(char const*, unsigned char, unsigned char)
                0x00000000c00207b4                FAT::rename(char const*, char const*)
                0x00000000c0020878                FAT::mkdir(char const*)
                0x00000000c00208f2                FAT::exists(char const*)
 *fill*         0x00000000c002095d        0x1 
 .text          0x00000000c002095e      0xbc1 fs/iso9660/vfslink.32
                0x00000000c002095e                ISO9660::format(LogicalDisk*, int, char const*, int)
                0x00000000c0020964                ISO9660::seek(void*, unsigned long long)
                0x00000000c0020994                ISO9660::tell(void*, unsigned long long*)
                0x00000000c00209b8                ISO9660::getName()
                0x00000000c00209be                ISO9660::stat(void*, unsigned long long*)
                0x00000000c00209e2                ISO9660::chfatattr(char const*, unsigned char, unsigned char)
                0x00000000c00209e8                ISO9660::unlink(char const*)
                0x00000000c00209ee                ISO9660::write(void*, unsigned long, void*, int*)
                0x00000000c00209f4                ISO9660::rename(char const*, char const*)
                0x00000000c00209fa                ISO9660::mkdir(char const*)
                0x00000000c0020a00                ISO9660::close(void*)
                0x00000000c0020a22                ISO9660::closeDir(void*)
                0x00000000c0020a44                ISO9660::~ISO9660()
                0x00000000c0020a44                ISO9660::~ISO9660()
                0x00000000c0020a68                ISO9660::~ISO9660()
                0x00000000c0020a8f                __memmem(unsigned char*, int, unsigned char*, int)
                0x00000000c0020ad1                readSectorFromCDROM(unsigned int, unsigned char*, char)
                0x00000000c0020b38                ISO9660::tryMount(LogicalDisk*, int)
                0x00000000c0020b88                ISO9660::read(void*, unsigned long, void*, int*)
                0x00000000c0020d88                ISO9660::readDir(void*, unsigned long, void*, int*)
                0x00000000c0021015                readRoot(unsigned int*, unsigned int*, char)
                0x00000000c002106a                readRecursively(char*, unsigned int, unsigned int, unsigned int*, unsigned int*, char, int*)
                0x00000000c002123d                getFileData(char*, unsigned int*, unsigned int*, char, int*)
                0x00000000c00212cc                ISO9660::open(char const*, void**, FileOpenMode)
                0x00000000c002138c                ISO9660::exists(char const*)
                0x00000000c00213b0                ISO9660::stat(char const*, unsigned long long*, bool*)
                0x00000000c0021444                ISO9660::openDir(char const*, void**)
                0x00000000c00214fc                ISO9660::ISO9660()
                0x00000000c00214fc                ISO9660::ISO9660()
 *fill*         0x00000000c002151f        0x1 
 .text          0x00000000c0021520      0x326 hal/sound/sndchannel.32
                0x00000000c0021520                SoundChannel::~SoundChannel()
                0x00000000c0021520                SoundChannel::~SoundChannel()
                0x00000000c002153c                SoundChannel::setSpeed(float)
                0x00000000c0021548                SoundChannel::getSpeed()
                0x00000000c0021550                SoundChannel::setVolume(int)
                0x00000000c002156c                SoundChannel::getVolume()
                0x00000000c0021574                SoundChannel::pause()
                0x00000000c002157e                SoundChannel::SoundChannel(int, int, int, int)
                0x00000000c002157e                SoundChannel::SoundChannel(int, int, int, int)
                0x00000000c00216d4                SoundChannel::play()
                0x00000000c00216de                SoundChannel::paused()
                0x00000000c00216e6                SoundChannel::getSampleRate()
                0x00000000c00216ee                SoundChannel::getBits()
                0x00000000c00216f6                SoundChannel::getBufferUsed()
                0x00000000c00216fe                SoundChannel::getBufferSize()
                0x00000000c0021706                SoundChannel::unbuffer(float*, int, int)
                0x00000000c00217a6                SoundChannel::buffer8(unsigned char*, int)
 .text          0x00000000c0021846      0x3d5 hal/sound/sndhw.32
                0x00000000c0021846                SoundDevice::SoundDevice(char const*)
                0x00000000c0021846                SoundDevice::SoundDevice(char const*)
                0x00000000c00218b2                SoundDevice::~SoundDevice()
                0x00000000c00218b2                SoundDevice::~SoundDevice()
                0x00000000c002192c                SoundDevice::~SoundDevice()
                0x00000000c0021956                SoundDevice::getFreeChannelNum()
                0x00000000c0021970                SoundDevice::addChannel(SoundChannel*)
                0x00000000c00219e0                SoundDevice::removeChannel(int)
                0x00000000c0021a12                SoundDevice::floatTo8(float*, unsigned char*, int)
                0x00000000c0021afa                SoundDevice::getAudio(int, float*, float*)
 .text          0x00000000c0021c1b        0x0 hw/bus/isa.32
 *fill*         0x00000000c0021c1b        0x1 
 .text          0x00000000c0021c1c      0x6c3 hw/bus/pci.32
                0x00000000c0021c1c                PCI::open(int, int, void*)
                0x00000000c0021c30                PCI::close(int, int, void*)
                0x00000000c0021c34                PCI::PCI()
                0x00000000c0021c34                PCI::PCI()
                0x00000000c0021cb4                PCI::pciReadWord(unsigned char, unsigned char, unsigned char, unsigned char)
                0x00000000c0021cfc                PCI::getVendorID(unsigned char, unsigned char, unsigned char)
                0x00000000c0021d1e                PCI::getHeaderType(unsigned char, unsigned char, unsigned char)
                0x00000000c0021d42                PCI::getClassCode(unsigned char, unsigned char, unsigned char)
                0x00000000c0021d86                PCI::getProgIF(unsigned char, unsigned char, unsigned char)
                0x00000000c0021daa                PCI::getRevisionID(unsigned char, unsigned char, unsigned char)
                0x00000000c0021dcc                PCI::getInterruptNumber(unsigned char, unsigned char, unsigned char)
                0x00000000c0021dee                PCI::getSecondaryBus(unsigned char, unsigned char, unsigned char)
                0x00000000c0021e12                PCI::getBARAddress(unsigned char, unsigned char, unsigned char, unsigned char)
                0x00000000c0021e72                PCI::pciWriteWord(unsigned char, unsigned char, unsigned char, unsigned char, unsigned short)
                0x00000000c0021ede                PCI::checkBus(unsigned char)
                0x00000000c0021f02                PCI::foundDevice(PCIDeviceInfo)
                0x00000000c0022074                PCI::getDeviceData(unsigned char, unsigned char, unsigned char)
                0x00000000c0022220                PCI::checkDevice(unsigned char, unsigned char)
                0x00000000c002228c                PCI::detect()
 *fill*         0x00000000c00222df        0x1 
 .text          0x00000000c00222e0      0xc70 hw/diskctrl/ide.32
                0x00000000c00222e0                IDE::close(int, int, void*)
                0x00000000c00222e4                IDE::IDE()
                0x00000000c00222e4                IDE::IDE()
                0x00000000c0022318                IDE::prepareInterrupt(unsigned char)
                0x00000000c002232a                selectDrive(unsigned char, unsigned char)
                0x00000000c002232c                IDE::getBase(unsigned char)
                0x00000000c002233e                IDE::write(unsigned char, unsigned char, unsigned char)
                0x00000000c00223fe                IDE::read(unsigned char, unsigned char)
                0x00000000c00224ac                IDE::waitInterrupt(unsigned char)
                0x00000000c0022512                ideChannel0IRQHandler(regs*, void*)
                0x00000000c002252e                ideChannel1IRQHandler(regs*, void*)
                0x00000000c002254a                IDE::enableIRQs(unsigned char, bool)
                0x00000000c0022590                IDE::open(int, int, void*)
                0x00000000c00229a0                IDE::readBuffer(unsigned char, unsigned char, unsigned int, unsigned int)
                0x00000000c0022a6c                IDE::detect()
                0x00000000c0022d54                IDE::printError(unsigned char, unsigned char, unsigned char)
                0x00000000c0022eea                IDE::polling(unsigned char, unsigned int)
 .text          0x00000000c0022f50      0x37a hw/diskctrl/satabus.32
                0x00000000c0022f50                SATABus::close(int, int, void*)
                0x00000000c0022f54                SATABus::detect()
                0x00000000c0022f56                SATABus::SATABus()
                0x00000000c0022f56                SATABus::SATABus()
                0x00000000c0023002                SATABus::findCmdslot(SATABus::tagHBA_PORT volatile*)
                0x00000000c002304a                SATABus::checkType(SATABus::tagHBA_PORT volatile*)
                0x00000000c0023092                SATABus::startCmd(SATABus::tagHBA_PORT volatile*)
                0x00000000c00230b2                SATABus::stopCmd(SATABus::tagHBA_PORT volatile*)
                0x00000000c00230dc                SATABus::portRebase(SATABus::tagHBA_PORT volatile*, int)
                0x00000000c00231e2                SATABus::probePort(SATABus::tagHBA_MEM volatile*)
                0x00000000c00232aa                SATABus::open(int, int, void*)
 .text          0x00000000c00232ca      0x62b hw/diskphys/ata.32
                0x00000000c00232ca                ATA::close(int, int, void*)
                0x00000000c00232ee                ATA::powerSaving(PowerSavingLevel)
                0x00000000c00232f0                ATA::ATA()
                0x00000000c00232f0                ATA::ATA()
                0x00000000c002331e                ATA::flush(bool)
                0x00000000c0023368                ATA::readyForCommand()
                0x00000000c00233b8                ATA::access(unsigned long long, int, void*, bool)
                0x00000000c0023736                ATA::read(unsigned long long, int, void*)
                0x00000000c002379e                ATA::write(unsigned long long, int, void*)
                0x00000000c0023806                ATA::detectCHS()
                0x00000000c0023830                ATA::open(int, int, void*)
 *fill*         0x00000000c00238f5        0x1 
 .text          0x00000000c00238f6      0x5b3 hw/diskphys/atapi.32
                0x00000000c00238f6                ATAPI::write(unsigned long long, int, void*)
                0x00000000c00238fc                ATAPI::close(int, int, void*)
                0x00000000c0023920                ATAPI::ATAPI()
                0x00000000c0023920                ATAPI::ATAPI()
                0x00000000c002394e                ATAPI::readyForCommand()
                0x00000000c002399e                ATAPI::sendPacket(unsigned char*, int, bool, unsigned short*, int)
                0x00000000c0023c5e                ATAPI::diskRemoved()
                0x00000000c0023c7a                ATAPI::eject()
                0x00000000c0023cc0                ATAPI::diskInserted()
                0x00000000c0023cee                ATAPI::detectMedia()
                0x00000000c0023daa                ATAPI::open(int, int, void*)
                0x00000000c0023e2a                ATAPI::read(unsigned long long, int, void*)
 *fill*         0x00000000c0023ea9        0x1 
 .text          0x00000000c0023eaa      0x43e hw/diskphys/sata.32
                0x00000000c0023eaa                SATA::close(int, int, void*)
                0x00000000c0023ece                SATA::powerSaving(PowerSavingLevel)
                0x00000000c0023ed0                SATA::open(int, int, void*)
                0x00000000c0023f62                SATA::SATA()
                0x00000000c0023f62                SATA::SATA()
                0x00000000c0023f90                SATA::access(unsigned long long, int, void*, bool)
                0x00000000c0024218                SATA::read(unsigned long long, int, void*)
                0x00000000c0024280                SATA::write(unsigned long long, int, void*)
 .text          0x00000000c00242e8       0x8e hw/fpu/avx.32
                0x00000000c00242e8                AVX::open(int, int, void*)
                0x00000000c00242fa                AVX::close(int, int, void*)
                0x00000000c002430c                AVX::available()
                0x00000000c002431e                AVX::save(void*)
                0x00000000c0024336                AVX::load(void*)
                0x00000000c002434e                AVX::AVX()
                0x00000000c002434e                AVX::AVX()
 .text          0x00000000c0024376       0x90 hw/fpu/mmx.32
                0x00000000c0024376                MMX::available()
                0x00000000c002438a                MMX::open(int, int, void*)
                0x00000000c002439c                MMX::close(int, int, void*)
                0x00000000c00243ae                MMX::save(void*)
                0x00000000c00243c6                MMX::load(void*)
                0x00000000c00243de                MMX::MMX()
                0x00000000c00243de                MMX::MMX()
 .text          0x00000000c0024406       0x96 hw/fpu/sse.32
                0x00000000c0024406                SSE::open(int, int, void*)
                0x00000000c0024418                SSE::close(int, int, void*)
                0x00000000c002442a                SSE::available()
                0x00000000c0024444                SSE::save(void*)
                0x00000000c002445c                SSE::load(void*)
                0x00000000c0024474                SSE::SSE()
                0x00000000c0024474                SSE::SSE()
 .text          0x00000000c002449c       0x8e hw/fpu/x87.32
                0x00000000c002449c                x87::open(int, int, void*)
                0x00000000c00244ae                x87::close(int, int, void*)
                0x00000000c00244c0                x87::available()
                0x00000000c00244d2                x87::save(void*)
                0x00000000c00244ea                x87::load(void*)
                0x00000000c0024502                x87::x87()
                0x00000000c0024502                x87::x87()
 .text          0x00000000c002452a      0x71e hw/intctrl/apic.32
                0x00000000c002452a                APIC::disable()
                0x00000000c002452c                APIC::close(int, int, void*)
                0x00000000c002454e                IOAPIC::close(int, int, void*)
                0x00000000c0024554                APIC::io_wait()
                0x00000000c002455a                APIC::getBase()
                0x00000000c002459c                APIC::eoi(unsigned char)
                0x00000000c00245ca                APIC::open(int, int, void*)
                0x00000000c0024718                IOAPIC::IOAPIC()
                0x00000000c0024718                IOAPIC::IOAPIC()
                0x00000000c0024740                APIC::APIC()
                0x00000000c0024740                APIC::APIC()
                0x00000000c002481c                IOAPIC::handlesGSIWithNumber(unsigned int)
                0x00000000c002484e                IOAPIC::read(int)
                0x00000000c0024876                IOAPIC::open(int, int, void*)
                0x00000000c002496c                IOAPIC::write(int, int)
                0x00000000c0024998                IOAPIC::redirect(unsigned char, unsigned long long, unsigned char, bool, bool)
                0x00000000c0024a92                APIC::installIRQHandler(int, void (*)(regs*, void*), bool, void*)
 .text          0x00000000c0024c48      0x3d3 hw/intctrl/pic.32
                0x00000000c0024c48                PIC::disable()
                0x00000000c0024c76                PIC::close(int, int, void*)
                0x00000000c0024c98                PIC::PIC()
                0x00000000c0024c98                PIC::PIC()
                0x00000000c0024d6e                PIC::ioWait()
                0x00000000c0024d74                PIC::getIRQReg(int)
                0x00000000c0024dde                PIC::eoi(unsigned char)
                0x00000000c0024e70                PIC::remap()
                0x00000000c0024fdc                PIC::open(int, int, void*)
 *fill*         0x00000000c002501b        0x1 
 .text          0x00000000c002501c      0x25e hw/timer/apictimer.32
                0x00000000c002501c                APICTimer::close(int, int, void*)
                0x00000000c0025022                apicTimerHandler(regs*, void*)
                0x00000000c0025050                APICTimer::write(int)
                0x00000000c0025154                APICTimer::open(int, int, void*)
                0x00000000c0025252                APICTimer::APICTimer()
                0x00000000c0025252                APICTimer::APICTimer()
 .text          0x00000000c002527a      0x1a7 hw/timer/pit.32
                0x00000000c002527a                PIT::write(int)
                0x00000000c00252f8                pitHandler(regs*, void*)
                0x00000000c0025324                PIT::open(int, int, void*)
                0x00000000c0025372                PIT::close(int, int, void*)
                0x00000000c00253a2                PIT::PIT()
                0x00000000c00253a2                PIT::PIT()
 *fill*         0x00000000c0025421        0xf 
 .text          0x00000000c0025430       0x1e hw/fpu/x86/avx.32
                0x00000000c0025430                avxDetect
                0x00000000c0025436                avxSave
                0x00000000c0025437                avxLoad
                0x00000000c0025438                avxInit
                0x00000000c0025439                avxClose
                0x00000000c002543a                wouldSheSayYes
 *fill*         0x00000000c002544e        0x2 
 .text          0x00000000c0025450       0x35 hw/fpu/x86/sse.32
                0x00000000c0025450                absolutelyNoChanceInHell
                0x00000000c0025450                sseDetect
                0x00000000c0025468                sseSave
                0x00000000c002546e                sseLoad
                0x00000000c0025474                sseInit
                0x00000000c0025484                sseClose
 *fill*         0x00000000c0025485        0xb 
 .text          0x00000000c0025490       0x47 hw/fpu/x86/x87.32
                0x00000000c0025496                x87Detect
                0x00000000c00254b1                x87Save
                0x00000000c00254b7                x87Load
                0x00000000c00254bc                x87Init
                0x00000000c00254d6                x87Close
 *fill*         0x00000000c00254d7        0x1 
 .text          0x00000000c00254d8       0x25 /cygdrive/d/Users/Alex/Desktop/Toolchain/Output/bin/../lib/gcc/i386-banana/8.1.0/crtend.o
 .text          0x00000000c00254fd        0x0 crtn.32
 *fill*         0x00000000c00254fd        0x3 
 .text          0x00000000c0025500      0x14b /cygdrive/d/Users/Alex/Desktop/Toolchain/Output/bin/../lib/gcc/i386-banana/8.1.0/libkgcc.a(_divdi3.o)
                0x00000000c0025500                __divdi3
 *fill*         0x00000000c002564b        0x1 
 .text          0x00000000c002564c      0x17e /cygdrive/d/Users/Alex/Desktop/Toolchain/Output/bin/../lib/gcc/i386-banana/8.1.0/libkgcc.a(_moddi3.o)
                0x00000000c002564c                __moddi3
 *fill*         0x00000000c00257ca        0x2 
 .text          0x00000000c00257cc       0xff /cygdrive/d/Users/Alex/Desktop/Toolchain/Output/bin/../lib/gcc/i386-banana/8.1.0/libkgcc.a(_udivdi3.o)
                0x00000000c00257cc                __udivdi3
 *fill*         0x00000000c00258cb        0x1 
 .text          0x00000000c00258cc      0x11a /cygdrive/d/Users/Alex/Desktop/Toolchain/Output/bin/../lib/gcc/i386-banana/8.1.0/libkgcc.a(_umoddi3.o)
                0x00000000c00258cc                __umoddi3
 .text          0x00000000c00259e6      0x96d D:/Users/Alex/Desktop/Banana/kernel/libsoftfp.a(sfieeelib.o)
                0x00000000c00259e6                __addsf3
                0x00000000c0025ce8                __subsf3
                0x00000000c0025cfc                __negsf2
                0x00000000c0025d09                __mulsf3
                0x00000000c0025ecc                __divsf3
                0x00000000c00260f7                __floatsisf
                0x00000000c002616b                __floatunsisf
                0x00000000c00261ad                __fixsfsi
                0x00000000c002620f                __fixunssfsi
                0x00000000c0026240                __cmpsf2
                0x00000000c00262d5                __eqsf2
                0x00000000c0026310                __nesf2
                0x00000000c0026312                __gtsf2
                0x00000000c002634d                __gesf2
                0x00000000c002634f                __ltsf2
                0x00000000c0026351                __lesf2
 .text          0x00000000c0026353      0xf50 D:/Users/Alex/Desktop/Banana/kernel/libsoftfp.a(dfieeelib.o)
                0x00000000c0026353                __adddf3
                0x00000000c00269a4                __subdf3
                0x00000000c00269bf                __negdf2
                0x00000000c00269d0                __muldf3
                0x00000000c0026cb4                __divdf3
                0x00000000c0027033                __floatsidf
                0x00000000c002708e                __floatunsidf
                0x00000000c00270cc                __fixdfsi
                0x00000000c0027139                __fixunsdfsi
                0x00000000c0027175                __cmpdf2
                0x00000000c0027263                __eqdf2
                0x00000000c002727f                __nedf2
                0x00000000c0027281                __gtdf2
                0x00000000c002729d                __gedf2
                0x00000000c002729f                __ltdf2
                0x00000000c00272a1                __ledf2
 .text          0x00000000c00272a3      0x18d D:/Users/Alex/Desktop/Banana/kernel/libsoftfp.a(sfdfcvt.o)
                0x00000000c00272a3                __truncdfsf2
                0x00000000c00273c7                __extendsfdf2
 .text          0x00000000c0027430       0x1e D:/Users/Alex/Desktop/Banana/kernel/libk/libm32.a(s_fabs.c.o)
                0x00000000c0027430                fabs
 *fill*         0x00000000c002744e        0x2 
 .text          0x00000000c0027450        0xc D:/Users/Alex/Desktop/Banana/kernel/libk/libm32.a(s_lrint.S.o)
                0x00000000c0027450                lrint
 .text          0x00000000c002745c        0xc D:/Users/Alex/Desktop/Banana/kernel/libk/libm32.a(s_lrintf.S.o)
                0x00000000c002745c                lrintf
 *(.gnu.linkonce.t*)

.iplt           0x00000000c0027468        0x0
 .iplt          0x00000000c0027468        0x0 D:/Users/Alex/Desktop/Banana/kernel/boot.32

.init           0x00000000c0027468        0xf
 .init          0x00000000c0027468        0x3 crti.32
                0x00000000c0027468                _init