Archive member included to satisfy reference by file (symbol)

/cygdrive/d/Users/Alex/Desktop/Toolchain/Output/bin/../lib/gcc/i386-banana/8.1.0/libkgcc.a(_divdi3.o)
                              fs/fat/ff.32 (__divdi3)
/cygdrive/d/Users/Alex/Desktop/Toolchain/Output/bin/../lib/gcc/i386-banana/8.1.0/libkgcc.a(_moddi3.o)
                              thr/elf.32 (__moddi3)
/cygdrive/d/Users/Alex/Desktop/Toolchain/Output/bin/../lib/gcc/i386-banana/8.1.0/libkgcc.a(_udivdi3.o)
                              fs/fat/ff.32 (__udivdi3)
/cygdrive/d/Users/Alex/Desktop/Toolchain/Output/bin/../lib/gcc/i386-banana/8.1.0/libkgcc.a(_umoddi3.o)
                              core/pipe.32 (__umoddi3)
D:/Users/Alex/Desktop/Banana/kernel/libsoftfp.a(sfieeelib.o)
                              hal/sound/sndhw.32 (__addsf3)
D:/Users/Alex/Desktop/Banana/kernel/libsoftfp.a(dfieeelib.o)
                              hal/libresample/src_linear.32 (__adddf3)
D:/Users/Alex/Desktop/Banana/kernel/libsoftfp.a(sfdfcvt.o)
                              hal/libresample/samplerate.32 (__truncdfsf2)
D:/Users/Alex/Desktop/Banana/kernel/libk/libm32.a(s_fabs.c.o)
                              hal/libresample/samplerate.32 (fabs)
D:/Users/Alex/Desktop/Banana/kernel/libk/libm32.a(s_lrint.S.o)
                              hal/libresample/samplerate.32 (lrint)
D:/Users/Alex/Desktop/Banana/kernel/libk/libm32.a(s_lrintf.S.o)
                              hal/sound/sndhw.32 (lrintf)

Discarded input sections

 .comment       0x0000000000000000       0x12 /cygdrive/d/Users/Alex/Desktop/Toolchain/Output/bin/../lib/gcc/i386-banana/8.1.0/crtbegin.o
 .comment       0x0000000000000000       0x12 acpica/utclib.32
 .comment       0x0000000000000000       0x12 core/malloc.32
 .comment       0x0000000000000000       0x12 libk/string.32
 .comment       0x0000000000000000       0x12 fs/fat/diskio.32
 .comment       0x0000000000000000       0x12 fs/fat/ff.32
 .comment       0x0000000000000000       0x12 fs/fat/ffsystem.32
 .comment       0x0000000000000000       0x12 fs/fat/ffunicode.32
 .comment       0x0000000000000000       0x12 hal/libresample/samplerate.32
 .comment       0x0000000000000000       0x12 hal/libresample/src_linear.32
 .comment       0x0000000000000000       0x12 hal/libresample/src_sinc.32
 .comment       0x0000000000000000       0x12 hal/libresample/src_zoh.32
 .group         0x0000000000000000       0x14 core/computer.32
 .group         0x0000000000000000        0xc core/computer.32
 .comment       0x0000000000000000       0x12 core/computer.32
 .comment       0x0000000000000000       0x12 core/gdt.32
 .group         0x0000000000000000        0xc core/idle.32
 .comment       0x0000000000000000       0x12 core/idle.32
 .comment       0x0000000000000000       0x12 core/idt.32
 .group         0x0000000000000000        0x8 core/kheap.32
 .group         0x0000000000000000        0x8 core/kheap.32
 .comment       0x0000000000000000       0x12 core/kheap.32
 .comment       0x0000000000000000       0x12 core/main.32
 .comment       0x0000000000000000       0x12 core/physmgr.32
 .group         0x0000000000000000        0xc core/pipe.32
 .comment       0x0000000000000000       0x12 core/pipe.32
 .group         0x0000000000000000        0xc core/terminal.32
 .comment       0x0000000000000000       0x12 core/terminal.32
 .group         0x0000000000000000        0x8 core/tss.32
 .text._ZN3CPU7readCR3Ev
                0x0000000000000000       0x12 core/tss.32
 .comment       0x0000000000000000       0x12 core/tss.32
 .group         0x0000000000000000        0x8 core/unixfile.32
 .group         0x0000000000000000        0xc core/unixfile.32
 .group         0x0000000000000000        0xc core/unixfile.32
 .group         0x0000000000000000        0x8 core/unixfile.32
 .group         0x0000000000000000        0xc core/unixfile.32
 .group         0x0000000000000000        0x8 core/unixfile.32
 .group         0x0000000000000000        0xc core/unixfile.32
 .group         0x0000000000000000        0xc core/unixfile.32
 .comment       0x0000000000000000       0x12 core/unixfile.32
 .group         0x0000000000000000        0x8 core/virtmgr.32
 .group         0x0000000000000000        0x8 core/virtmgr.32
 .text._ZN3CPU7readCR3Ev
                0x0000000000000000       0x12 core/virtmgr.32
 .text._ZN3CPU8writeCR3Em
                0x0000000000000000        0x9 core/virtmgr.32
 .comment       0x0000000000000000       0x12 core/virtmgr.32
 .comment       0x0000000000000000       0x12 coreobjs/c++.32
 .comment       0x0000000000000000       0x12 dbg/kconsole.32
 .group         0x0000000000000000        0xc fs/vfs.32
 .group         0x0000000000000000        0xc fs/vfs.32
 .group         0x0000000000000000        0xc fs/vfs.32
 .comment       0x0000000000000000       0x12 fs/vfs.32
 .group         0x0000000000000000        0xc hal/bus.32
 .comment       0x0000000000000000       0x12 hal/bus.32
 .group         0x0000000000000000        0xc hal/buzzer.32
[...]
Memory Configuration

Name             Origin             Length             Attributes
*default*        0x0000000000000000 0xffffffffffffffff

Linker script and memory map

LOAD D:/Users/Alex/Desktop/Banana/kernel/boot.32
LOAD crti.32
LOAD /cygdrive/d/Users/Alex/Desktop/Toolchain/Output/bin/../lib/gcc/i386-banana/8.1.0/crtbegin.o
LOAD D:/Users/Alex/Desktop/Banana/kernel/morenasm.32
LOAD acpica/utclib.32
LOAD core/malloc.32
LOAD libk/string.32
LOAD fs/fat/diskio.32
LOAD fs/fat/ff.32
LOAD fs/fat/ffsystem.32
LOAD fs/fat/ffunicode.32
LOAD hal/libresample/samplerate.32
LOAD hal/libresample/src_linear.32
LOAD hal/libresample/src_sinc.32
LOAD hal/libresample/src_zoh.32
LOAD core/computer.32
LOAD core/gdt.32
LOAD core/idle.32
LOAD core/idt.32
LOAD core/kheap.32
LOAD core/main.32
LOAD core/physmgr.32
LOAD core/pipe.32
LOAD core/terminal.32
LOAD core/tss.32
LOAD core/unixfile.32
LOAD core/virtmgr.32
LOAD coreobjs/c++.32
LOAD dbg/kconsole.32
LOAD fs/vfs.32
LOAD hal/bus.32
LOAD hal/buzzer.32
LOAD hal/clock.32
LOAD hal/device.32
LOAD hal/diskctrl.32
LOAD hal/diskphys.32
LOAD hal/fpu.32
LOAD hal/intctrl.32
LOAD hal/keybrd.32
LOAD hal/logidisk.32
LOAD hal/mouse.32
LOAD hal/partition.32
LOAD hal/timer.32
LOAD hal/vcache.32
LOAD hal/video.32
LOAD hw/acpi.32
LOAD hw/cpu.32
LOAD hw/ports.32
LOAD krnl/panic.32
LOAD reg/registry.32
LOAD sys/sc_exit.32
LOAD sys/sc_loaddll.32
LOAD sys/sc_read.32
LOAD sys/sc_sbrk.32
LOAD sys/sc_write.32
LOAD sys/sc_yield.32
LOAD sys/syscalls.32
LOAD thr/elf.32
LOAD thr/prcssthr.32
LOAD vm86/vm8086.32
LOAD vm86/x87em.32
LOAD fs/fat/vfslink.32
LOAD fs/iso9660/vfslink.32
LOAD hal/sound/sndchannel.32
LOAD hal/sound/sndhw.32
LOAD hw/bus/isa.32
LOAD hw/bus/pci.32
LOAD hw/diskctrl/ide.32
LOAD hw/diskphys/ata.32
LOAD hw/diskphys/atapi.32
LOAD hw/fpu/avx.32
LOAD hw/fpu/mmx.32
LOAD hw/fpu/sse.32
LOAD hw/fpu/x87.32
LOAD hw/intctrl/apic.32
LOAD hw/intctrl/pic.32
LOAD hw/timer/apictimer.32
LOAD hw/timer/pit.32
LOAD hw/fpu/x86/avx.32
LOAD hw/fpu/x86/sse.32
LOAD hw/fpu/x86/x87.32
LOAD /cygdrive/d/Users/Alex/Desktop/Toolchain/Output/bin/../lib/gcc/i386-banana/8.1.0/crtend.o
LOAD crtn.32
LOAD /cygdrive/d/Users/Alex/Desktop/Toolchain/Output/bin/../lib/gcc/i386-banana/8.1.0/libkgcc.a
LOAD D:/Users/Alex/Desktop/Banana/kernel/libsoftfp.a
LOAD D:/Users/Alex/Desktop/Banana/kernel/libk/libm32.a
                0x00000000c0000000                . = 0xc0000000

.text           0x00000000c0000000    0x24ff8
 *(.text)
 .text          0x00000000c0000000       0x41 D:/Users/Alex/Desktop/Banana/kernel/boot.32
                0x00000000c0000020                callGlobalConstructors
 .text          0x00000000c0000041        0x0 crti.32
 *fill*         0x00000000c0000041        0x3 
 .text          0x00000000c0000044      0x101 /cygdrive/d/Users/Alex/Desktop/Toolchain/Output/bin/../lib/gcc/i386-banana/8.1.0/crtbegin.o
 *fill*         0x00000000c0000145        0xb 
 .text          0x00000000c0000150      0x4e5 D:/Users/Alex/Desktop/Banana/kernel/morenasm.32
                0x00000000c0000150                prepareTramp
                0x00000000c0000169                voodooXADD
                0x00000000c0000234                doTPAUSE
                0x00000000c000023e                hasLegacyFPU
                0x00000000c0000263                is486
                0x00000000c0000299                goToVM86
                0x00000000c00002ca                goToUsermode
                0x00000000c00002f5                switchToThreadASMFirstTime
                0x00000000c0000303                switchToThreadASM
                0x00000000c00003a3                detectCPUID
                0x00000000c00003b9                asmQuickAcquireLock
                0x00000000c00003d7                asmQuickReleaseLock
                0x00000000c00003e3                asmAcquireLock
                0x00000000c0000404                asmReleaseLock
                0x00000000c0000417                loadGDT
                0x00000000c0000437                isr0
                0x00000000c0000447                isr1
                0x00000000c0000451                isr2
                0x00000000c000045b                isr3
                0x00000000c0000465                isr4
                0x00000000c000046f                isr5
                0x00000000c0000479                isr6
                0x00000000c0000483                isr7
                0x00000000c000048d                isr8
                0x00000000c0000495                isr9
                0x00000000c000049f                isr10
                0x00000000c00004a7                isr11
                0x00000000c00004af                isr12
                0x00000000c00004b7                isr13
                0x00000000c00004bf                isr14
                0x00000000c00004c7                isr15
                0x00000000c00004d1                isr16
                0x00000000c00004db                isr17
                0x00000000c00004e5                isr18
                0x00000000c00004ef                isr96
                0x00000000c00004f9                irq0
                0x00000000c0000503                irq1
                0x00000000c000050d                irq2
                0x00000000c0000517                irq3
                0x00000000c0000521                irq4
                0x00000000c000052b                irq5
                0x00000000c0000535                irq6
                0x00000000c000053f                irq7
                0x00000000c0000549                irq8
                0x00000000c0000553                irq9
                0x00000000c000055d                irq10
                0x00000000c0000567                irq11
                0x00000000c0000571                irq12
                0x00000000c000057b                irq13
                0x00000000c0000585                irq14
                0x00000000c000058f                irq15
                0x00000000c0000599                irq16
                0x00000000c00005a3                irq17
                0x00000000c00005ad                irq18
                0x00000000c00005b7                irq19
                0x00000000c00005c1                irq20
                0x00000000c00005cb                irq21
                0x00000000c00005d5                irq22
                0x00000000c00005df                irq23
                0x00000000c00005e9                int_common_stub
                0x00000000c000060a                syscall_common_stub
 .text          0x00000000c0000635      0x40f acpica/utclib.32
                0x00000000c0000635                memcmp
                0x00000000c0000660                memmove
                0x00000000c0000698                memcpy
                0x00000000c00006ce                memset
                0x00000000c00006eb                strlen
                0x00000000c00006fb                strpbrk
                0x00000000c000071e                strtok
                0x00000000c000076d                strcpy
                0x00000000c000078d                strncpy
                0x00000000c00007be                strcmp
                0x00000000c00007df                strchr
                0x00000000c00007f5                strncmp
                0x00000000c0000824                strcat
                0x00000000c000084b                strncat
                0x00000000c0000885                strstr
                0x00000000c00008c2                toupper
                0x00000000c00008d6                tolower
                0x00000000c00008ea                simple_strtoul
 .text          0x00000000c0000a44      0xfbf core/malloc.32
                0x00000000c0000baf                dlfree
                0x00000000c0000f0a                dlmalloc
                0x00000000c0001447                dlrealloc
                0x00000000c00015fc                dlmemalign
                0x00000000c000171f                dlcalloc
                0x00000000c00017b9                dlcfree
                0x00000000c00017be                dlindependent_calloc
                0x00000000c00017e3                dlindependent_comalloc
                0x00000000c00017fa                dlvalloc
                0x00000000c0001825                dlpvalloc
                0x00000000c000185b                dlmalloc_trim
                0x00000000c0001868                dlmalloc_usable_size
                0x00000000c0001899                dlmallinfo
                0x00000000c0001968                dlmalloc_stats
                0x00000000c0001979                dlmallopt
 .text          0x00000000c0001a03        0x0 libk/string.32
 .text          0x00000000c0001a03       0x51 fs/fat/diskio.32
                0x00000000c0001a03                disk_status
                0x00000000c0001a06                disk_initialize
                0x00000000c0001a09                disk_read
                0x00000000c0001a1f                disk_write
                0x00000000c0001a35                disk_ioctl
 .text          0x00000000c0001a54     0x6833 fs/fat/ff.32
                0x00000000c0004d22                f_mount
                0x00000000c0004d84                f_open
                0x00000000c00051c0                f_read
                0x00000000c0005440                f_write
                0x00000000c00056fa                f_sync
                0x00000000c00058d6                f_close
                0x00000000c0005905                f_lseek
                0x00000000c0005dbc                f_opendir
                0x00000000c0005ebe                f_closedir
                0x00000000c0005ee0                f_readdir
                0x00000000c0005f7b                f_stat
                0x00000000c000600a                f_getfree
                0x00000000c00061d5                f_truncate
                0x00000000c00062cd                f_unlink
                0x00000000c0006450                f_mkdir
                0x00000000c000667c                f_rename
                0x00000000c000696f                f_chmod
                0x00000000c0006a4d                f_utime
                0x00000000c0006b2b                f_getlabel
                0x00000000c0006d19                f_setlabel
                0x00000000c0006f86                f_forward
                0x00000000c0007164                f_mkfs
 .text          0x00000000c0008287       0x2d fs/fat/ffsystem.32
                0x00000000c0008287                ff_memalloc
                0x00000000c000829d                ff_memfree
 .text          0x00000000c00082b4      0x253 fs/fat/ffunicode.32
                0x00000000c00082b4                ff_uni2oem
                0x00000000c0008344                ff_oem2uni
                0x00000000c00083b0                ff_wtoupper
 .text          0x00000000c0008507      0x8a1 hal/libresample/samplerate.32
                0x00000000c00085ae                src_delete
                0x00000000c00085ea                src_process
                0x00000000c000875e                src_callback_read
                0x00000000c00088b9                src_set_ratio
                0x00000000c0008902                src_get_channels
                0x00000000c0008924                src_reset
                0x00000000c0008970                src_new
                0x00000000c00089fe                src_callback_new
                0x00000000c0008a60                src_get_name
                0x00000000c0008a97                src_get_description
                0x00000000c0008ace                src_get_version
                0x00000000c0008ad4                src_is_valid_ratio
                0x00000000c0008af0                src_error
                0x00000000c0008afe                src_strerror
                0x00000000c0008b11                src_simple
                0x00000000c0008b64                src_short_to_float_array
                0x00000000c0008bc9                src_float_to_short_array
                0x00000000c0008c88                src_int_to_float_array
                0x00000000c0008ceb                src_float_to_int_array
 .text          0x00000000c0008da8      0x8f0 hal/libresample/src_linear.32
                0x00000000c00095f3                linear_get_name
                0x00000000c0009602                linear_get_description
                0x00000000c0009611                linear_set_converter
 .text          0x00000000c0009698     0x40fd hal/libresample/src_sinc.32
                0x00000000c000d6ac                sinc_get_name
                0x00000000c000d6bf                sinc_get_description
                0x00000000c000d6d2                sinc_set_converter
 .text          0x00000000c000d795      0x7a6 hal/libresample/src_zoh.32
                0x00000000c000de96                zoh_get_name
                0x00000000c000dea5                zoh_get_description
                0x00000000c000deb4                zoh_set_converter
 *fill*         0x00000000c000df3b        0x1 
 .text          0x00000000c000df3c      0x9e1 core/computer.32
                0x00000000c000df3c                Computer::close(int, int, void*)
                0x00000000c000df80                Computer::Computer()
                0x00000000c000df80                Computer::Computer()
                0x00000000c000e0dc                Computer::setBootMessage(char const*)
                0x00000000c000e0de                Computer::start()
                0x00000000c000e1ba                firstTask()
                0x00000000c000e1c8                Computer::detectFeatures()
                0x00000000c000e3a2                Computer::displayFeatures()
                0x00000000c000e6e8                Computer::rdmsr(unsigned int)
                0x00000000c000e714                Computer::wrmsr(unsigned int, unsigned long long)
                0x00000000c000e74c                Computer::nmiEnabled()
                0x00000000c000e758                Computer::readCMOS(unsigned char)
                0x00000000c000e772                Computer::enableNMI(bool)
                0x00000000c000e78a                Computer::open(int, int, void*)
                0x00000000c000e860                Computer::disableNMI()
                0x00000000c000e86e                Computer::writeCMOS(unsigned char, unsigned char)
                0x00000000c000e88c                Computer::handleNMI()
                0x00000000c000e8f2                Computer::setDiskActivityLight(int, bool)
 *fill*         0x00000000c000e91d        0x1 
 .text          0x00000000c000e91e      0x1b7 core/gdt.32
                0x00000000c000e91e                GDTEntry::setBase(unsigned int)
                0x00000000c000e93a                GDTEntry::setLimit(unsigned int)
                0x00000000c000e958                GDT::GDT()
                0x00000000c000e958                GDT::GDT()
                0x00000000c000e96e                GDT::addEntry(GDTEntry)
                0x00000000c000e9aa                GDT::getNumberOfEntries()
                0x00000000c000e9b2                GDT::flush()
                0x00000000c000e9d4                GDT::setup()
 .text          0x00000000c000ead5       0x61 core/idle.32
                0x00000000c000ead5                idleFunction(void*)
 .text          0x00000000c000eb36      0x45f core/idt.32
                0x00000000c000eb36                IDTEntry::IDTEntry(bool)
                0x00000000c000eb36                IDTEntry::IDTEntry(bool)
                0x00000000c000eba4                IDTEntry::setOffset(unsigned int)
                0x00000000c000ebb8                IDT::IDT()
                0x00000000c000ebb8                IDT::IDT()
                0x00000000c000ebba                IDT::getPointerToInvalidOpcodeEntryForF00F()
                0x00000000c000ebc2                IDT::addEntry(IDTEntry, int)
                0x00000000c000ebdc                IDT::addEntry(int, void (*)(), bool)
                0x00000000c000ec14                IDT::flush()
                0x00000000c000ec2e                IDT::setup()
 .text          0x00000000c000ef95      0x20d core/kheap.32
                0x00000000c000ef95                sbrk
                0x00000000c000f0ad                mmap
                0x00000000c000f0c3                munmap
                0x00000000c000f0d9                liballoc_lock()
                0x00000000c000f0ea                liballoc_unlock()
                0x00000000c000f0fb                liballoc_alloc(int)
                0x00000000c000f116                liballoc_free(void*, int)
                0x00000000c000f134                realloc
                0x00000000c000f148                malloc
                0x00000000c000f158                free
                0x00000000c000f168                rfree
                0x00000000c000f178                calloc
 .text          0x00000000c000f1a2      0x38d core/main.32
                0x00000000c000f1a2                hwTextMode_loadInData(VgaText*)
                0x00000000c000f1e7                hwTextMode_loadInTitle(VgaText*, char*)
                0x00000000c000f229                hwTextMode_showCursor(VgaText*, bool)
                0x00000000c000f27d                hwTextMode_update(VgaText*)
                0x00000000c000f27e                hwTextMode_updateCursor(VgaText*)
                0x00000000c000f2c6                hwTextMode_disableBlink(VgaText*, bool)
                0x00000000c000f302                hwTextMode_scrollScreen(VgaText*)
                0x00000000c000f388                hwTextMode_writeCharacter(VgaText*, char, VgaColour, VgaColour, int, int)
                0x00000000c000f3e6                setupTextMode()
                0x00000000c000f437                kernel_main
 .text          0x00000000c000f52f      0x4f3 core/physmgr.32
                0x00000000c000f52f                Phys::allocateDMA(unsigned long)
                0x00000000c000f5d2                Phys::freeDMA(unsigned long, unsigned long)
                0x00000000c000f61a                Phys::setPageState(unsigned long, bool)
                0x00000000c000f64c                Phys::getPageState(unsigned long)
                0x00000000c000f668                Phys::freePage(unsigned long)
                0x00000000c000f6f2                Phys::allocatePage()
                0x00000000c000f7ba                Phys::allowSegmentToBeUsed(unsigned long, unsigned long)
                0x00000000c000f7f2                Phys::physicalMemorySetup(unsigned int)
 .text          0x00000000c000fa22      0x273 core/pipe.32
                0x00000000c000fa22                Pipe::isAtty()
                0x00000000c000fa26                Pipe::~Pipe()
                0x00000000c000fa26                Pipe::~Pipe()
                0x00000000c000fa4a                Pipe::~Pipe()
                0x00000000c000fa72                Pipe::read(unsigned long long, void*, int*)
                0x00000000c000fb66                Pipe::write(unsigned long long, void*, int*)
                0x00000000c000fc2e                Pipe::Pipe(int)
                0x00000000c000fc2e                Pipe::Pipe(int)
 *fill*         0x00000000c000fc95        0x1 
 .text          0x00000000c000fc96      0xf65 core/terminal.32
                0x00000000c000fc96                VgaText::isAtty()
                0x00000000c000fc9a                VgaText::~VgaText()
                0x00000000c000fc9a                VgaText::~VgaText()
                0x00000000c000fcbe                VgaText::~VgaText()
                0x00000000c000fce8                VgaText::read(unsigned long long, void*, int*)
                0x00000000c000fd08                setTerminalScrollLock(bool)
                0x00000000c000fd09                addToTerminalCycle(VgaText*)
                0x00000000c000fd36                installVgaTextImplementation()
                0x00000000c000fd4b                scrollTerminalScrollLock(int)
                0x00000000c000fd4c                VgaText::load()
                0x00000000c000fda0                VgaText::updateCursor()
                0x00000000c000fdba                VgaText::showCursor(bool)
                0x00000000c000fdca                VgaText::disableBlink(bool)
                0x00000000c000fe04                VgaText::doANSI_SGR(int)
                0x00000000c000fe90                VgaText::setDefaultBgColour(VgaColour)
                0x00000000c000fea6                VgaText::setDefaultFgColour(VgaColour)
                0x00000000c000febc                VgaText::setDefaultColours(VgaColour, VgaColour)
                0x00000000c000fedc                VgaText::combineColours(unsigned char, unsigned char)
                0x00000000c000feee                VgaText::scrollScreen()
                0x00000000c000ff82                VgaText::combineCharAndColour(char, unsigned char)
                0x00000000c000ff94                VgaText::writeCharacter(char, VgaColour, VgaColour, int, int)
                0x00000000c000fff4                VgaText::getCursorX()
                0x00000000c0010000                VgaText::getCursorY()
                0x00000000c001000c                VgaText::setCursor(int, int)
                0x00000000c001002a                VgaText::setCursorX(int)
                0x00000000c0010046                VgaText::setCursorY(int)
                0x00000000c0010062                VgaText::incrementCursor(bool)
                0x00000000c00100ca                VgaText::updateRAMUsageDisplay(int)
                0x00000000c0010124                VgaText::updateDiskUsage()
                0x00000000c001028a                VgaText::updateTitle()
                0x00000000c00102d0                VgaText::setTitleTextColour(VgaColour)
                0x00000000c00102e0                VgaText::setTitleColour(VgaColour)
                0x00000000c00102f0                VgaText::setTitle(char*)
                0x00000000c0010316                VgaText::decrementCursor(bool)
                0x00000000c001033e                VgaText::putchar(char, VgaColour, VgaColour)
                0x00000000c001043a                VgaText::isShowingCursor()
                0x00000000c0010446                VgaText::isBlinkDisabled()
                0x00000000c0010454                VgaText::setCursorHeight(int)
                0x00000000c0010472                VgaText::getCursorHeight()
                0x00000000c001047d                setActiveTerminal(VgaText*)
                0x00000000c001052f                doTerminalCycle()
                0x00000000c001054c                VgaText::doUpdate()
                0x00000000c001055e                VgaText::puts(char const*, VgaColour, VgaColour)
                0x00000000c001071e                VgaText::clearScreen()
                0x00000000c0010782                VgaText::putchar(char)
                0x00000000c001089c                VgaText::puts(char const*)
                0x00000000c00108c2                VgaText::putx(unsigned int)
                0x00000000c0010908                VgaText::VgaText(char const*)
                0x00000000c0010908                VgaText::VgaText(char const*)
                0x00000000c0010a9a                VgaText::receiveKey(unsigned char)
                0x00000000c0010b82                VgaText::write(unsigned long long, void*, int*)
                0x00000000c0010bd6                newTerminal(char*)
 *fill*         0x00000000c0010bfb        0x1 
 .text          0x00000000c0010bfc      0x1a7 core/tss.32
                0x00000000c0010bfc                TSS::TSS()
                0x00000000c0010bfc                TSS::TSS()
                0x00000000c0010c0a                TSS::setESP(unsigned long)
                0x00000000c0010c1c                TSS::flush()
                0x00000000c0010c3c                TSS::setup(unsigned long, unsigned long)
 *fill*         0x00000000c0010da3        0x1 
 .text          0x00000000c0010da4      0x482 core/unixfile.32
                0x00000000c0010da4                ReservedFilename::read(unsigned long long, void*, int*)
                0x00000000c0010dfa                ReservedFilename::isAtty()
                0x00000000c0010e16                ReservedFilename::write(unsigned long long, void*, int*)
                0x00000000c0010e74                UnixFile::getFileDescriptor()
                0x00000000c0010e7c                UnixFile::UnixFile(int)
                0x00000000c0010e7c                UnixFile::UnixFile(int)
                0x00000000c0010fec                ReservedFilename::ReservedFilename(int)
                0x00000000c0010fec                ReservedFilename::ReservedFilename(int)
                0x00000000c001101e                UnixFile::~UnixFile()
                0x00000000c001101e                UnixFile::~UnixFile()
                0x00000000c00110b6                UnixFile::~UnixFile()
                0x00000000c00110de                ReservedFilename::~ReservedFilename()
                0x00000000c00110de                ReservedFilename::~ReservedFilename()
                0x00000000c0011102                ReservedFilename::~ReservedFilename()
                0x00000000c0011129                getFromFileDescriptor(int)
 .text          0x00000000c0011226      0xec7 core/virtmgr.32
                0x00000000c0011226                Virt::setPageState(unsigned long, Virt::VirtPageState)
                0x00000000c001125b                Virt::getPageState(unsigned long)
                0x00000000c001127f                Virt::allocateKernelVirtualPages(int)
                0x00000000c0011390                Virt::virtualMemorySetup()
                0x00000000c001140f                Virt::getAKernelVAS()
                0x00000000c0011415                Virt::setupPageSwapping(int)
                0x00000000c001153a                VAS::VAS()
                0x00000000c001153a                VAS::VAS()
                0x00000000c001156a                VAS::VAS(VAS*)
                0x00000000c001156a                VAS::VAS(VAS*)
                0x00000000c001158e                VAS::getForeignPageTableEntry(bool, unsigned long)
                0x00000000c00115ba                VAS::getPageTableEntry(unsigned long)
                0x00000000c00115d9                Virt::freeKernelVirtualPages(unsigned long)
                0x00000000c00116fc                VAS::freeAllocatedPages(unsigned long)
                0x00000000c0011720                VAS::virtualToPhysical(unsigned long)
                0x00000000c0011738                VAS::reflagRange(unsigned long, int, int, int)
                0x00000000c0011778                VAS::setToWriteCombining(unsigned long, int)
                0x00000000c00117b0                VAS::mapOtherVASIn(bool, VAS*)
                0x00000000c00117e6                VAS::~VAS()
                0x00000000c00117e6                VAS::~VAS()
                0x00000000c0011952                VAS::mapPage(unsigned long, unsigned long, int)
                0x00000000c0011a52                VAS::allocatePages(int, int)
                0x00000000c0011c22                VAS::setCPUSpecific(unsigned long)
                0x00000000c0011c3e                VAS::mapRange(unsigned long, unsigned long, int, int)
                0x00000000c0011d08                VAS::mapForeignPage(bool, VAS*, unsigned long, unsigned long, int)
                0x00000000c0011df6                VAS::VAS(bool)
                0x00000000c0011df6                VAS::VAS(bool)
                0x00000000c0012026                mapVASFirstTime
 .text          0x00000000c00120ed       0x93 coreobjs/c++.32
                0x00000000c00120ed                __cxa_atexit
                0x00000000c00120f0                __cxa_finalize
                0x00000000c00120f1                __stack_chk_fail
                0x00000000c0012151                __cxa_pure_virtual
                0x00000000c0012162                operator new(unsigned long)
                0x00000000c0012167                operator new[](unsigned long)
                0x00000000c001216c                operator delete(void*)
                0x00000000c0012171                operator delete(void*, unsigned long)
                0x00000000c0012176                operator delete[](void*)
                0x00000000c001217b                operator delete[](void*, unsigned long)
 .text          0x00000000c0012180      0x1ef dbg/kconsole.32
                0x00000000c0012180                Dbg::stringifyxWithBase(unsigned int, char*, int)
                0x00000000c00121e1                Dbg::logc(char)
                0x00000000c00121f8                Dbg::logs(char*)
                0x00000000c0012215                Dbg::logWriteInt(unsigned int)
                0x00000000c0012232                Dbg::logWriteIntBase(unsigned int, int)
                0x00000000c0012251                Dbg::kprintf(char const*, ...)
 *fill*         0x00000000c001236f        0x1 
 .text          0x00000000c0012370      0xb68 fs/vfs.32
                0x00000000c0012370                File::read(unsigned long long, void*, int*)
                0x00000000c00123c8                File::write(unsigned long long, void*, int*)
                0x00000000c0012420                Directory::read(unsigned long long, void*, int*)
                0x00000000c0012478                Directory::write(unsigned long long, void*, int*)
                0x00000000c00124a6                File::isAtty()
                0x00000000c00124aa                Directory::isAtty()
                0x00000000c00124ae                Filesystem::getlabel(LogicalDisk*, int, char*, unsigned int*)
                0x00000000c00124b4                Filesystem::setlabel(LogicalDisk*, int, char*)
                0x00000000c00124ba                File::~File()
                0x00000000c00124ba                File::~File()
                0x00000000c00124de                File::~File()
                0x00000000c0012508                Directory::~Directory()
                0x00000000c0012508                Directory::~Directory()
                0x00000000c001252c                Directory::~Directory()
                0x00000000c0012556                Filesystem::Filesystem()
                0x00000000c0012556                Filesystem::Filesystem()
                0x00000000c001257a                Filesystem::~Filesystem()
                0x00000000c001257a                Filesystem::~Filesystem()
                0x00000000c0012588                Filesystem::~Filesystem()
                0x00000000c00125ac                initVFS()
                0x00000000c00125d6                standardiseFiles(char*, char const*, char const*)
                0x00000000c0012780                File::File(char const*, Process*)
                0x00000000c0012780                File::File(char const*, Process*)
                0x00000000c00127e4                File::open(FileOpenMode)
                0x00000000c0012842                File::close()
                0x00000000c00128a2                File::seek(unsigned long long)
                0x00000000c00128f8                File::tell(unsigned long long*)
                0x00000000c0012948                File::rewind()
                0x00000000c001295c                File::unlink()
                0x00000000c00129a8                File::rename(char const*)
                0x00000000c00129f6                File::chfatattr(unsigned char, unsigned char)
                0x00000000c0012a52                File::exists()
                0x00000000c0012a90                File::stat(unsigned long long*, bool*)
                0x00000000c0012af1                getcwd(Process*, char*, int)
                0x00000000c0012b1b                setcwd(Process*, char*)
                0x00000000c0012c42                Directory::Directory(char const*, Process*)
                0x00000000c0012c42                Directory::Directory(char const*, Process*)
                0x00000000c0012ca6                Directory::open()
                0x00000000c0012d02                Directory::close()
                0x00000000c0012d62                Directory::unlink()
                0x00000000c0012dae                Directory::rename(char const*)
                0x00000000c0012dfc                Directory::exists()
                0x00000000c0012e3a                Directory::read(dirent*)
                0x00000000c0012e86                Directory::create()
                0x00000000c0012ed2                Filesystem::chfatattr(char const*, unsigned char, unsigned char)
 .text          0x00000000c0012ed8       0x84 hal/bus.32
                0x00000000c0012ed8                Bus::Bus(char const*)
                0x00000000c0012ed8                Bus::Bus(char const*)
                0x00000000c0012f0e                Bus::~Bus()
                0x00000000c0012f0e                Bus::~Bus()
                0x00000000c0012f32                Bus::~Bus()
 .text          0x00000000c0012f5c      0x14e hal/buzzer.32
                0x00000000c0012f5c                Buzzer::Buzzer(char const*)
                0x00000000c0012f5c                Buzzer::Buzzer(char const*)
                0x00000000c0012fa0                Buzzer::~Buzzer()
                0x00000000c0012fa0                Buzzer::~Buzzer()
                0x00000000c0012fc4                Buzzer::~Buzzer()
                0x00000000c0012fee                Buzzer::stop()
                0x00000000c0013001                beepThread(void*)
                0x00000000c001303c                Buzzer::beep(int, int, bool)
 .text          0x00000000c00130aa      0x42f hal/clock.32
                0x00000000c00130aa                loadClockSettings()
                0x00000000c00130c4                Clock::Clock(char const*)
                0x00000000c00130c4                Clock::Clock(char const*)
                0x00000000c00130fa                Clock::~Clock()
                0x00000000c00130fa                Clock::~Clock()
                0x00000000c001311e                Clock::~Clock()
                0x00000000c0013148                Clock::timeInSecondsLocal()
                0x00000000c0013190                Clock::setTimeInSecondsLocal(unsigned long long)
                0x00000000c00131e9                datetimeToSeconds(datetime_t)
                0x00000000c0013310                Clock::setTimeInDatetimeLocal(datetime_t)
                0x00000000c0013370                secondsToDatetime(unsigned long long)
                0x00000000c00134b4                Clock::timeInDatetimeLocal()
 *fill*         0x00000000c00134d9        0x1 
 .text          0x00000000c00134da      0x504 hal/device.32
                0x00000000c00134da                Device::hibernate()
                0x00000000c00134dc                Device::wake()
                0x00000000c00134de                Device::detect()
                0x00000000c00134e0                Device::disableLegacy()
                0x00000000c00134e2                Device::powerSaving(PowerSavingLevel)
                0x00000000c00134e4                DriverlessDevice::close(int, int, void*)
                0x00000000c00134e8                DriverlessDevice::detect()
                0x00000000c00134ea                DriverlessDevice::open(int, int, void*)
                0x00000000c00134fe                Device::~Device()
                0x00000000c00134fe                Device::~Device()
                0x00000000c001350c                Device::~Device()
                0x00000000c0013534                Device::findAndLoadDriver()
                0x00000000c0013536                Device::preOpenPCI(PCIDeviceInfo)
                0x00000000c001355c                Device::preOpenACPI(void*, char*, char*)
                0x00000000c00135b0                Device::addIRQHandler(int, void (*)(regs*, void*), bool, void*)
                0x00000000c001360e                Device::removeIRQHandler(int, void (*)(regs*, void*), bool)
                0x00000000c001365c                Device::addChild(Device*)
                0x00000000c00136a0                Device::removeAllChildren()
                0x00000000c00136e6                Device::hibernateAll()
                0x00000000c0013716                Device::wakeAll()
                0x00000000c0013746                Device::detectAll()
                0x00000000c0013776                Device::disableLegacyAll()
                0x00000000c00137a6                Device::loadDriversForAll()
                0x00000000c00137d2                Device::closeAll()
                0x00000000c0013808                Device::powerSavingAll(PowerSavingLevel)
                0x00000000c001383e                Device::setName(char const*)
                0x00000000c001384c                Device::Device(char const*)
                0x00000000c001384c                Device::Device(char const*)
                0x00000000c001393e                Device::getName()
                0x00000000c0013948                DriverlessDevice::DriverlessDevice(char const*)
                0x00000000c0013948                DriverlessDevice::DriverlessDevice(char const*)
                0x00000000c0013970                Device::addToLinkedList(LinkedList<Device>&, DeviceType)
                0x00000000c00139b4                getDevicesOfType(DeviceType)
 .text          0x00000000c00139de       0x84 hal/diskctrl.32
                0x00000000c00139de                HardDiskController::HardDiskController(char const*)
                0x00000000c00139de                HardDiskController::HardDiskController(char const*)
                0x00000000c0013a14                HardDiskController::~HardDiskController()
                0x00000000c0013a14                HardDiskController::~HardDiskController()
                0x00000000c0013a38                HardDiskController::~HardDiskController()
 .text          0x00000000c0013a62       0xde hal/diskphys.32
                0x00000000c0013a62                PhysicalDisk::PhysicalDisk(char const*, int)
                0x00000000c0013a62                PhysicalDisk::PhysicalDisk(char const*, int)
                0x00000000c0013aca                PhysicalDisk::startCache()
                0x00000000c0013af2                PhysicalDisk::~PhysicalDisk()
                0x00000000c0013af2                PhysicalDisk::~PhysicalDisk()
                0x00000000c0013b16                PhysicalDisk::~PhysicalDisk()
 .text          0x00000000c0013b40      0x14c hal/fpu.32
                0x00000000c0013b40                FPU::FPU(char const*)
                0x00000000c0013b40                FPU::FPU(char const*)
                0x00000000c0013b76                FPU::~FPU()
                0x00000000c0013b76                FPU::~FPU()
                0x00000000c0013b9a                FPU::~FPU()
                0x00000000c0013bc4                setupFPU()
 .text          0x00000000c0013c8c     0x12a7 hal/intctrl.32
                0x00000000c0013c8c                InterruptController::uninstallISRHandler(int, void (*)(regs*, void*))
                0x00000000c0013cc4                InterruptController::installISRHandler(int, void (*)(regs*, void*), void*)
                0x00000000c0013d16                doubleFault(regs*, void*)
                0x00000000c0013d30                InterruptController::installIRQHandler(int, void (*)(regs*, void*), bool, void*)
                0x00000000c0013dcc                InterruptController::clearAllHandlers(int, bool)
                0x00000000c0013e74                InterruptController::uninstallIRQHandler(int, void (*)(regs*, void*), bool)
                0x00000000c0013efb                nmiHandler(regs*, void*)
                0x00000000c0013f09                int_handler
                0x00000000c0013fa4                InterruptController::InterruptController(char const*)
                0x00000000c0013fa4                InterruptController::InterruptController(char const*)
                0x00000000c001404a                InterruptController::~InterruptController()
                0x00000000c001404a                InterruptController::~InterruptController()
                0x00000000c001406e                InterruptController::~InterruptController()
                0x00000000c0014098                displayDebugInfo(regs*)
                0x00000000c00144af                x87EmulHandler(regs*, void*)
                0x00000000c00144de                gpFault(regs*, void*)
                0x00000000c0014517                pgFault(regs*, void*)
                0x00000000c001452e                otherISRHandler(regs*, void*)
                0x00000000c001454d                opcodeFault(regs*, void*)
                0x00000000c0014b06                displayProgramFault(char const*)
                0x00000000c0014b2e                setupInterruptController()
                0x00000000c0014ee6                InterruptController::convertLegacyIRQNumber(int)
 *fill*         0x00000000c0014f33        0x1 
 .text          0x00000000c0014f34      0x620 hal/keybrd.32
                0x00000000c0014f34                startGUI(void*)
                0x00000000c0014fa6                sendKeyToTerminal(unsigned char)
                0x00000000c0015012                sendKeyboardToken(KeyboardToken)
                0x00000000c00153ed                clearInternalKeybuffer(VgaText*)
                0x00000000c0015422                readKeyboard(VgaText*, char*, unsigned long)
                0x00000000c00154ca                Keyboard::Keyboard(char const*)
                0x00000000c00154ca                Keyboard::Keyboard(char const*)
                0x00000000c0015506                Keyboard::~Keyboard()
                0x00000000c0015506                Keyboard::~Keyboard()
                0x00000000c001552a                Keyboard::~Keyboard()
 .text          0x00000000c0015554      0x400 hal/logidisk.32
                0x00000000c0015554                LogicalDisk::close(int, int, void*)
                0x00000000c0015558                LogicalDisk::~LogicalDisk()
                0x00000000c0015558                LogicalDisk::~LogicalDisk()
                0x00000000c001557c                LogicalDisk::~LogicalDisk()
                0x00000000c00155a6                LogicalDisk::open(int, int, void*)
                0x00000000c00155ba                LogicalDisk::absoluteToRelative(unsigned long long)
                0x00000000c00155f2                LogicalDisk::relativeToAbsolute(unsigned long long)
                0x00000000c0015638                LogicalDisk::LogicalDisk(char const*, PhysicalDisk*, unsigned long long, unsigned long long)
                0x00000000c0015638                LogicalDisk::LogicalDisk(char const*, PhysicalDisk*, unsigned long long, unsigned long long)
                0x00000000c00156ee                LogicalDisk::assignDriveLetter()
                0x00000000c00157a4                LogicalDisk::mount()
                0x00000000c0015816                LogicalDisk::unmount()
                0x00000000c0015826                LogicalDisk::unassignDriveLetter()
                0x00000000c001587c                LogicalDisk::read(unsigned long long, int, void*)
                0x00000000c00158e8                LogicalDisk::write(unsigned long long, int, void*)
 .text          0x00000000c0015954       0x84 hal/mouse.32
                0x00000000c0015954                Mouse::Mouse(char const*)
                0x00000000c0015954                Mouse::Mouse(char const*)
                0x00000000c001598a                Mouse::~Mouse()
                0x00000000c001598a                Mouse::~Mouse()
                0x00000000c00159ae                Mouse::~Mouse()
 .text          0x00000000c00159d8      0x339 hal/partition.32
                0x00000000c00159d8                makePartition(PhysicalDisk*, unsigned long long, unsigned long long)
                0x00000000c0015a80                createPartitionsForDisk(PhysicalDisk*)
 *fill*         0x00000000c0015d11        0x1 
 .text          0x00000000c0015d12      0x2e7 hal/timer.32
                0x00000000c0015d12                Timer::Timer(char const*)
                0x00000000c0015d12                Timer::Timer(char const*)
                0x00000000c0015d48                Timer::~Timer()
                0x00000000c0015d48                Timer::~Timer()
                0x00000000c0015d6c                Timer::~Timer()
                0x00000000c0015d96                Timer::read()
                0x00000000c0015da1                timerHandler(unsigned long long)
                0x00000000c0015ed8                setupTimer(int)
 *fill*         0x00000000c0015ff9        0x1 
 .text          0x00000000c0015ffa      0x2d1 hal/vcache.32
                0x00000000c0015ffa                VCache::VCache(PhysicalDisk*)
                0x00000000c0015ffa                VCache::VCache(PhysicalDisk*)
                0x00000000c00160ea                VCache::writeWriteBuffer()
                0x00000000c0016126                VCache::~VCache()
                0x00000000c0016126                VCache::~VCache()
                0x00000000c0016166                VCache::~VCache()
                0x00000000c001618e                VCache::write(unsigned long long, int, void*)
                0x00000000c0016272                VCache::read(unsigned long long, int, void*)
 *fill*         0x00000000c00162cb        0x1 
 .text          0x00000000c00162cc      0x26d hal/video.32
                0x00000000c00162cc                Video::putrect(int, int, int, int, unsigned int)
                0x00000000c0016316                Video::blit(unsigned int*, int, int, int, int)
                0x00000000c0016394                Video::clearScreen(unsigned int)
                0x00000000c00163c8                Video::putpixel(int, int, unsigned int)
                0x00000000c00163d6                Video::Video(char const*)
                0x00000000c00163d6                Video::Video(char const*)
                0x00000000c001640c                Video::~Video()
                0x00000000c001640c                Video::~Video()
                0x00000000c0016430                Video::~Video()
                0x00000000c001645a                Video::isMonochrome()
                0x00000000c0016466                Video::getWidth()
                0x00000000c0016472                Video::getHeight()
                0x00000000c001647e                Video::drawCursor(int, int, unsigned char*, int)
 *fill*         0x00000000c0016539        0x1 
 .text          0x00000000c001653a      0xd04 hw/acpi.32
                0x00000000c001653a                ACPI::close(int, int, void*)
                0x00000000c00165ef                findRSDP()
                0x00000000c0016679                loadACPITables(unsigned char*)
                0x00000000c00168a0                findRSDT(unsigned char*)
                0x00000000c00169be                findDataTable(unsigned char*, char*)
                0x00000000c0016a5a                scanMADT()
                0x00000000c0016dee                ACPI::ACPI()
                0x00000000c0016dee                ACPI::ACPI()
                0x00000000c0016e4e                ACPI::getPCIIRQAssignment(unsigned char, unsigned short, unsigned char)
                0x00000000c0016f30                ACPI::registerPCIIRQAssignment(void*, unsigned short, unsigned char, unsigned char)
                0x00000000c0017036                ACPI::setScreenBrightnessLevel(void*, int)
                0x00000000c001703c                ACPI::writeSimpleBootFlag(SimpleBootFlagTable*)
                0x00000000c0017084                ACPI::open(int, int, void*)
                0x00000000c0017226                ACPI::sleep()
 .text          0x00000000c001723e     0x17b1 hw/cpu.32
                0x00000000c001723e                CPU::close(int, int, void*)
                0x00000000c0017242                CPU::lookupAMDName(unsigned char, unsigned char)
                0x00000000c00173d6                CPU::lookupIntelName(unsigned char, unsigned char)
                0x00000000c0017684                CPU::AMD_K6_write_msr(unsigned int, unsigned int, unsigned int, CPU::REGS*)
                0x00000000c00176a0                CPU::AMD_K6_read_msr(unsigned int, CPU::REGS*)
                0x00000000c00176b8                CPU::AMD_K6_writeback(int, int, int)
                0x00000000c001772c                CPU::cpuid(int, unsigned long*, unsigned long*, unsigned long*, unsigned long*)
                0x00000000c00177b0                CPU::cpuidCheckEDX(unsigned int)
                0x00000000c00177de                CPU::cpuidCheckECX(unsigned int)
                0x00000000c001780c                CPU::cpuidCheckExtendedEBX(unsigned int)
                0x00000000c001783a                CPU::cpuidCheckExtendedECX(unsigned int)
                0x00000000c0017868                CPU::getNumber()
                0x00000000c001786c                CPU::current()
                0x00000000c0017880                CPU::CPU()
                0x00000000c0017880                CPU::CPU()
                0x00000000c001790e                CPU::displayFeatures()
                0x00000000c0017b8a                CPU::detectFeatures()
                0x00000000c001857c                CPU::setupSMEP()
                0x00000000c0018596                CPU::setupUMIP()
                0x00000000c00185ae                CPU::setupTSC()
                0x00000000c00185c6                CPU::setupLargePages()
                0x00000000c00185de                CPU::setupPAT()
                0x00000000c001861a                CPU::setupMTRR()
                0x00000000c001861c                CPU::setupGlobalPages()
                0x00000000c0018632                CPU::allowUsermodeDataAccess()
                0x00000000c0018644                CPU::prohibitUsermodeDataAccess()
                0x00000000c0018656                CPU::setupSMAP()
                0x00000000c001867c                CPU::setupFeatures()
                0x00000000c001871e                CPU::open(int, int, void*)
                0x00000000c00187f4                CPU::decodeAddress(regs*, int*, bool*, unsigned char*)
 .text          0x00000000c00189ef        0x0 hw/ports.32
 .text          0x00000000c00189ef      0x338 krnl/panic.32
                0x00000000c00189ef                Krnl::panic(char const*)
 .text          0x00000000c0018d27      0x503 reg/registry.32
                0x00000000c0018d27                Reg::findLineFromLoadedData(char*, char*, char*)
                0x00000000c0018e7f                Reg::getLineFromRegistry(char*, char*, char*, char*)
                0x00000000c0018fde                Reg::getLine(char*, char*, char*)
                0x00000000c0019015                Reg::readInt(char*, char*, int*)
                0x00000000c0019100                Reg::readString(char*, char*, char*, int)
                0x00000000c0019181                Reg::readBool(char*, char*, bool*)
                0x00000000c00191a6                Reg::readBoolWithDefault(char*, char*, bool)
                0x00000000c00191d2                Reg::readIntWithDefault(char*, char*, int)
                0x00000000c00191fe                Reg::readStringWithDefault(char*, char*, char*, int, char*)
 .text          0x00000000c001922a       0x18 sys/sc_exit.32
                0x00000000c001922a                Sys::exit(regs*)
 .text          0x00000000c0019242       0x95 sys/sc_loaddll.32
                0x00000000c0019242                Sys::loadDLL(regs*)
 .text          0x00000000c00192d7       0x68 sys/sc_read.32
                0x00000000c00192d7                Sys::read(regs*)
 .text          0x00000000c001933f       0x55 sys/sc_sbrk.32
                0x00000000c001933f                Sys::sbrk(regs*)
 .text          0x00000000c0019394       0x68 sys/sc_write.32
                0x00000000c0019394                Sys::write(regs*)
 .text          0x00000000c00193fc       0x1a sys/sc_yield.32
                0x00000000c00193fc                Sys::yield(regs*)
 .text          0x00000000c0019416      0xf85 sys/syscalls.32
                0x00000000c0019416                sysCallGetPID(regs*)
                0x00000000c0019422                sysCallSeekDir(regs*)
                0x00000000c0019427                sysCallTellDir(regs*)
                0x00000000c001942c                sysCallVerify(regs*)
                0x00000000c0019436                sysCallFork(regs*)
                0x00000000c0019441                sysCallExecve(regs*)
                0x00000000c001944c                sysCallGetArgc(regs*)
                0x00000000c001945c                sysFormatDisk(regs*)
                0x00000000c00194c6                sysSetDiskVolumeLabel(regs*)
                0x00000000c001950c                sysGetDiskVolumeLabel(regs*)
                0x00000000c001955d                sysShutdown(regs*)
                0x00000000c00195bb                sysCallGetCwd(regs*)
                0x00000000c00195da                sysCallSetCwd(regs*)
                0x00000000c00195f6                sysCallRealpath(regs*)
                0x00000000c0019639                sysCallReadDir(regs*)
                0x00000000c00196c7                sysCallIsATTY(regs*)
                0x00000000c0019721                sysCallSeek(regs*)
                0x00000000c001978a                sysCallTell(regs*)
                0x00000000c0019807                sysCallSizeFromFilename(regs*)
                0x00000000c00198b8                sysCallSize(regs*)
                0x00000000c001993b                sysCallClose(regs*)
                0x00000000c00199c3                sysCallOpenDir(regs*)
                0x00000000c0019a30                sysCallMakeDir(regs*)
                0x00000000c0019a89                sysCallCloseDir(regs*)
                0x00000000c0019aef                sysCallWait(regs*)
                0x00000000c0019b09                sysCallRmdir(regs*)
                0x00000000c0019b5b                sysCallUnlink(regs*)
                0x00000000c0019bad                sysCallGetArgv(regs*)
                0x00000000c0019bf9                sysCallTTYName(regs*)
                0x00000000c0019c7c                sysCallGetEnv(regs*)
                0x00000000c0019cce                sysCallUSleep(regs*)
                0x00000000c0019cf5                sysCallSpawn(regs*)
                0x00000000c0019d4d                sysAppSettings(regs*)
                0x00000000c0019e6c                sysSetFatAttrib(regs*)
                0x00000000c0019ecc                sysPanic(regs*)
                0x00000000c0019ef2                sysPipe(regs*)
                0x00000000c0019f37                sysGetUnixTime(regs*)
                0x00000000c0019f4b                string_ends_with(char const*, char const*)
                0x00000000c0019f93                sysCallOpen(regs*)
                0x00000000c001a1a0                setupSystemCalls()
                0x00000000c001a359                systemCall(regs*, void*)
 .text          0x00000000c001a39b     0x11c7 thr/elf.32
                0x00000000c001a39b                Thr::allocateMemoryForTask(Process*, File*, unsigned long, unsigned long, unsigned long)
                0x00000000c001a618                Thr::loadProgramIntoMemory(Process*, char const*)
                0x00000000c001a82e                Thr::runtimeReferenceHelper()
                0x00000000c001a841                Thr::getAddressOfKernelSymbol(char const*)
                0x00000000c001a890                Thr::loadKernelSymbolTable(char const*)
                0x00000000c001ab51                Thr::loadDriverIntoMemory(char const*, unsigned long, bool)
                0x00000000c001b2ef                Thr::getDriverBaseFromAddress(unsigned long)
                0x00000000c001b321                Thr::getDriverNameFromAddress(unsigned long)
                0x00000000c001b358                Thr::getDriverOffsetFromAddress(unsigned long)
                0x00000000c001b372                Thr::loadDLL(char const*, bool)
                0x00000000c001b538                Thr::executeDLL(unsigned long, void*)
 .text          0x00000000c001b562      0xfce thr/prcssthr.32
                0x00000000c001b562                changeTSS
                0x00000000c001b590                Process::addArgs(char**)
                0x00000000c001b5ea                Process::Process(char const*, Process*, char**)
                0x00000000c001b5ea                Process::Process(char const*, Process*, char**)
                0x00000000c001b7a2                Process::Process(bool, char const*, Process*, char**)
                0x00000000c001b7a2                Process::Process(bool, char const*, Process*, char**)
                0x00000000c001b925                disableIRQs()
                0x00000000c001b92d                getIRQNestingLevel()
                0x00000000c001b933                enableIRQs()
                0x00000000c001b942                lockScheduler()
                0x00000000c001b944                unlockScheduler()
                0x00000000c001b946                userModeEntryPoint(void*)
                0x00000000c001b969                lockStuff()
                0x00000000c001b975                taskStartupFunction
                0x00000000c001b97e                updateTimeUsed()
                0x00000000c001b9dc                switchToThread(ThreadControlBlock*)
                0x00000000c001ba2c                Semaphore::Semaphore(int)
                0x00000000c001ba2c                Semaphore::Semaphore(int)
                0x00000000c001ba5a                Mutex::Mutex()
                0x00000000c001ba5a                Mutex::Mutex()
                0x00000000c001ba6c                Process::createThread(void (*)(void*), void*, int)
                0x00000000c001bb50                Process::createUserThread()
                0x00000000c001bb6c                setupMultitasking(void (*)())
                0x00000000c001bc76                schedule()
                0x00000000c001bcfb                unlockStuff()
                0x00000000c001bd30                Semaphore::tryAcquire()
                0x00000000c001bd5e                Semaphore::assertLocked(char const*)
                0x00000000c001bd8e                blockTaskWithSchedulerLockAlreadyHeld(TaskState)
                0x00000000c001bdd0                blockTask(TaskState)
                0x00000000c001bdf1                waitTask(int, int*, int)
                0x00000000c001be33                nanoSleepUntil(unsigned long long)
                0x00000000c001be8a                nanoSleep(unsigned long long)
                0x00000000c001be9f                sleep(unsigned long long)
                0x00000000c001bebc                Semaphore::acquire()
                0x00000000c001bf24                taskReturned
                0x00000000c001bf52                unblockTask(ThreadControlBlock*)
                0x00000000c001c001                cleanupTerminatedTask(ThreadControlBlock*)
                0x00000000c001c2a5                cleanerTaskFunction(void*)
                0x00000000c001c358                terminateTask(int)
                0x00000000c001c438                Thr::terminateFromIRQ(int)
                0x00000000c001c444                Semaphore::release()
 .text          0x00000000c001c530      0x8bf vm86/vm8086.32
                0x00000000c001c530                Vm::vm8086EntryPoint(void*)
                0x00000000c001c55b                Vm::inbv(unsigned short)
                0x00000000c001c561                Vm::outbv(unsigned short, unsigned char)
                0x00000000c001c56b                Vm::realToLinear(unsigned short, unsigned short)
                0x00000000c001c57b                Vm::getSegment(unsigned int)
                0x00000000c001c583                Vm::getOffset(unsigned int)
                0x00000000c001c588                Vm::loadFileAsThread(Process*, char const*, unsigned short, unsigned short, unsigned short, unsigned short)
                0x00000000c001c6b7                Vm::doISR(regs*, int, unsigned char*, unsigned short, unsigned short)
                0x00000000c001c741                Vm::readByteFromReal(unsigned short, unsigned short)
                0x00000000c001c752                Vm::readWordFromReal(unsigned short, unsigned short)
                0x00000000c001c764                Vm::readDwordFromReal(unsigned short, unsigned short)
                0x00000000c001c775                Vm::writeByteFromReal(unsigned short, unsigned short, unsigned char)
                0x00000000c001c78a                Vm::writeWordFromReal(unsigned short, unsigned short, unsigned short)
                0x00000000c001c7a0                Vm::writeDwordFromReal(unsigned short, unsigned short, unsigned int)
                0x00000000c001c7b5                Vm::faultHandler(regs*)
 .text          0x00000000c001cdef      0xefd vm86/x87em.32
                0x00000000c001cdef                Vm::fpuInternalTo32(unsigned long long)
                0x00000000c001ce4a                Vm::fpuInternalTo64(unsigned long long)
                0x00000000c001ce53                Vm::fpu32ToInternal(unsigned int)
                0x00000000c001ce98                Vm::fpu64ToInternal(unsigned long long)
                0x00000000c001cea1                Vm::fpuFloatToLong(unsigned long long)
                0x00000000c001cefc                Vm::fpuULongToFloat(unsigned long long)
                0x00000000c001cf32                Vm::fpuLongToFloat(long long)
                0x00000000c001cf88                Vm::fpuGet0()
                0x00000000c001cf8d                Vm::fpuGet1()
                0x00000000c001cf95                Vm::fpuGetPi()
                0x00000000c001cf9d                Vm::fpuGetLog2E()
                0x00000000c001cfb5                Vm::fpuGetLogE2()
                0x00000000c001cfcd                Vm::fpuGetLog210()
                0x00000000c001cfe5                Vm::fpuGetLog102()
                0x00000000c001cffd                Vm::fpuIsSecondLarger(unsigned long long, unsigned long long)
                0x00000000c001d011                Vm::fpuAreEqual(unsigned long long, unsigned long long)
                0x00000000c001d027                Vm::fpuUnorderedCompare(unsigned long long, unsigned long long)
                0x00000000c001d07a                Vm::fpuAdd(unsigned long long, unsigned long long)
                0x00000000c001d08b                Vm::fpuAbs(unsigned long long)
                0x00000000c001d094                Vm::fpuChs(unsigned long long)
                0x00000000c001d0a4                Vm::fpuSub(unsigned long long, unsigned long long)
                0x00000000c001d0b3                Vm::fpuMultiply(unsigned long long, unsigned long long)
                0x00000000c001d0d2                Vm::fpuDivide(unsigned long long, unsigned long long)
                0x00000000c001d0ee                Vm::fpuSquare(unsigned long long)
                0x00000000c001d104                Vm::fpuGetReg(int)
                0x00000000c001d147                Vm::fpuSetReg(int, unsigned long long)
                0x00000000c001d192                Vm::fpuPush(unsigned long long)
                0x00000000c001d1ef                Vm::fpuPop()
                0x00000000c001d241                Vm::x87Handler(regs*)
 .text          0x00000000c001dcec     0x10ed fs/fat/vfslink.32
                0x00000000c001dcec                FAT::getName()
                0x00000000c001dcf2                FAT::tell(void*, unsigned long long*)
                0x00000000c001dd26                FAT::stat(void*, unsigned long long*)
                0x00000000c001dd5a                FAT::~FAT()
                0x00000000c001dd5a                FAT::~FAT()
                0x00000000c001dd7e                FAT::~FAT()
                0x00000000c001dda6                FAT::getlabel(LogicalDisk*, int, char*, unsigned int*)
                0x00000000c001de44                FAT::setlabel(LogicalDisk*, int, char*)
                0x00000000c001defe                FAT::format(LogicalDisk*, int, char const*, int)
                0x00000000c001e0e2                FAT::tryMount(LogicalDisk*, int)
                0x00000000c001e2e8                FAT::readDir(void*, unsigned long, void*, int*)
                0x00000000c001e3ee                FAT::read(void*, unsigned long, void*, int*)
                0x00000000c001e448                FAT::write(void*, unsigned long, void*, int*)
                0x00000000c001e4a2                FAT::close(void*)
                0x00000000c001e4ee                FAT::closeDir(void*)
                0x00000000c001e53a                FAT::seek(void*, unsigned long long)
                0x00000000c001e58e                fatWrapperReadDisk
                0x00000000c001e5d5                fatWrapperWriteDisk
                0x00000000c001e61c                fatWrapperIoctl
                0x00000000c001e720                FAT::FAT()
                0x00000000c001e720                FAT::FAT()
                0x00000000c001e772                FAT::fixFilepath(char*)
                0x00000000c001e7aa                FAT::open(char const*, void**, FileOpenMode)
                0x00000000c001e8d2                FAT::openDir(char const*, void**)
                0x00000000c001e978                FAT::stat(char const*, unsigned long long*, bool*)
                0x00000000c001ea62                FAT::unlink(char const*)
                0x00000000c001eadc                FAT::chfatattr(char const*, unsigned char, unsigned char)
                0x00000000c001ec30                FAT::rename(char const*, char const*)
                0x00000000c001ecf4                FAT::mkdir(char const*)
                0x00000000c001ed6e                FAT::exists(char const*)
 *fill*         0x00000000c001edd9        0x1 
 .text          0x00000000c001edda      0xbdf fs/iso9660/vfslink.32
                0x00000000c001edda                ISO9660::format(LogicalDisk*, int, char const*, int)
                0x00000000c001ede0                ISO9660::seek(void*, unsigned long long)
                0x00000000c001ee10                ISO9660::tell(void*, unsigned long long*)
                0x00000000c001ee34                ISO9660::getName()
                0x00000000c001ee3a                ISO9660::stat(void*, unsigned long long*)
                0x00000000c001ee5e                ISO9660::chfatattr(char const*, unsigned char, unsigned char)
                0x00000000c001ee64                ISO9660::unlink(char const*)
                0x00000000c001ee6a                ISO9660::write(void*, unsigned long, void*, int*)
                0x00000000c001ee70                ISO9660::rename(char const*, char const*)
                0x00000000c001ee76                ISO9660::mkdir(char const*)
                0x00000000c001ee7c                ISO9660::close(void*)
                0x00000000c001ee9e                ISO9660::closeDir(void*)
                0x00000000c001eec0                ISO9660::~ISO9660()
                0x00000000c001eec0                ISO9660::~ISO9660()
                0x00000000c001eee4                ISO9660::~ISO9660()
                0x00000000c001ef0b                __memmem(unsigned char*, int, unsigned char*, int)
                0x00000000c001ef4d                readSectorFromCDROM(unsigned int, unsigned char*, char)
                0x00000000c001efb4                ISO9660::tryMount(LogicalDisk*, int)
                0x00000000c001f004                ISO9660::read(void*, unsigned long, void*, int*)
                0x00000000c001f248                ISO9660::readDir(void*, unsigned long, void*, int*)
                0x00000000c001f4d5                readRoot(unsigned int*, unsigned int*, char)
                0x00000000c001f52a                readRecursively(char*, unsigned int, unsigned int, unsigned int*, unsigned int*, char, int*)
                0x00000000c001f6fd                getFileData(char*, unsigned int*, unsigned int*, char, int*)
                0x00000000c001f78c                ISO9660::open(char const*, void**, FileOpenMode)
                0x00000000c001f826                ISO9660::exists(char const*)
                0x00000000c001f84a                ISO9660::stat(char const*, unsigned long long*, bool*)
                0x00000000c001f8de                ISO9660::openDir(char const*, void**)
                0x00000000c001f996                ISO9660::ISO9660()
                0x00000000c001f996                ISO9660::ISO9660()
 *fill*         0x00000000c001f9b9        0x1 
 .text          0x00000000c001f9ba      0x326 hal/sound/sndchannel.32
                0x00000000c001f9ba                SoundChannel::~SoundChannel()
                0x00000000c001f9ba                SoundChannel::~SoundChannel()
                0x00000000c001f9d6                SoundChannel::setSpeed(float)
                0x00000000c001f9e2                SoundChannel::getSpeed()
                0x00000000c001f9ea                SoundChannel::setVolume(int)
                0x00000000c001fa06                SoundChannel::getVolume()
                0x00000000c001fa0e                SoundChannel::pause()
                0x00000000c001fa18                SoundChannel::SoundChannel(int, int, int, int)
                0x00000000c001fa18                SoundChannel::SoundChannel(int, int, int, int)
                0x00000000c001fb6e                SoundChannel::play()
                0x00000000c001fb78                SoundChannel::paused()
                0x00000000c001fb80                SoundChannel::getSampleRate()
                0x00000000c001fb88                SoundChannel::getBits()
                0x00000000c001fb90                SoundChannel::getBufferUsed()
                0x00000000c001fb98                SoundChannel::getBufferSize()
                0x00000000c001fba0                SoundChannel::unbuffer(float*, int, int)
                0x00000000c001fc40                SoundChannel::buffer8(unsigned char*, int)
 .text          0x00000000c001fce0      0x3d5 hal/sound/sndhw.32
                0x00000000c001fce0                SoundDevice::SoundDevice(char const*)
                0x00000000c001fce0                SoundDevice::SoundDevice(char const*)
                0x00000000c001fd4c                SoundDevice::~SoundDevice()
                0x00000000c001fd4c                SoundDevice::~SoundDevice()
                0x00000000c001fdc6                SoundDevice::~SoundDevice()
                0x00000000c001fdf0                SoundDevice::getFreeChannelNum()
                0x00000000c001fe0a                SoundDevice::addChannel(SoundChannel*)
                0x00000000c001fe7a                SoundDevice::removeChannel(int)
                0x00000000c001feac                SoundDevice::floatTo8(float*, unsigned char*, int)
                0x00000000c001ff94                SoundDevice::getAudio(int, float*, float*)
 .text          0x00000000c00200b5        0x0 hw/bus/isa.32
 *fill*         0x00000000c00200b5        0x1 
 .text          0x00000000c00200b6      0x6c1 hw/bus/pci.32
                0x00000000c00200b6                PCI::open(int, int, void*)
                0x00000000c00200ca                PCI::close(int, int, void*)
                0x00000000c00200ce                PCI::PCI()
                0x00000000c00200ce                PCI::PCI()
                0x00000000c002014e                PCI::pciReadWord(unsigned char, unsigned char, unsigned char, unsigned char)
                0x00000000c0020196                PCI::getVendorID(unsigned char, unsigned char, unsigned char)
                0x00000000c00201b8                PCI::getHeaderType(unsigned char, unsigned char, unsigned char)
                0x00000000c00201dc                PCI::getClassCode(unsigned char, unsigned char, unsigned char)
                0x00000000c0020220                PCI::getProgIF(unsigned char, unsigned char, unsigned char)
                0x00000000c0020244                PCI::getRevisionID(unsigned char, unsigned char, unsigned char)
                0x00000000c0020266                PCI::getInterruptNumber(unsigned char, unsigned char, unsigned char)
                0x00000000c0020288                PCI::getSecondaryBus(unsigned char, unsigned char, unsigned char)
                0x00000000c00202ac                PCI::getBARAddress(unsigned char, unsigned char, unsigned char, unsigned char)
                0x00000000c002030c                PCI::pciWriteWord(unsigned char, unsigned char, unsigned char, unsigned char, unsigned short)
                0x00000000c0020378                PCI::checkBus(unsigned char)
                0x00000000c002039c                PCI::foundDevice(PCIDeviceInfo)
                0x00000000c002050c                PCI::getDeviceData(unsigned char, unsigned char, unsigned char)
                0x00000000c00206b8                PCI::checkDevice(unsigned char, unsigned char)
                0x00000000c0020724                PCI::detect()
 *fill*         0x00000000c0020777        0x1 
 .text          0x00000000c0020778      0xc70 hw/diskctrl/ide.32
                0x00000000c0020778                IDE::close(int, int, void*)
                0x00000000c002077c                IDE::IDE()
                0x00000000c002077c                IDE::IDE()
                0x00000000c00207b0                IDE::prepareInterrupt(unsigned char)
                0x00000000c00207c2                selectDrive(unsigned char, unsigned char)
                0x00000000c00207c4                IDE::getBase(unsigned char)
                0x00000000c00207d6                IDE::write(unsigned char, unsigned char, unsigned char)
                0x00000000c0020896                IDE::read(unsigned char, unsigned char)
                0x00000000c0020944                IDE::waitInterrupt(unsigned char)
                0x00000000c00209aa                ideChannel0IRQHandler(regs*, void*)
                0x00000000c00209c6                ideChannel1IRQHandler(regs*, void*)
                0x00000000c00209e2                IDE::enableIRQs(unsigned char, bool)
                0x00000000c0020a28                IDE::open(int, int, void*)
                0x00000000c0020e38                IDE::readBuffer(unsigned char, unsigned char, unsigned int, unsigned int)
                0x00000000c0020f04                IDE::detect()
                0x00000000c00211ec                IDE::printError(unsigned char, unsigned char, unsigned char)
                0x00000000c0021382                IDE::polling(unsigned char, unsigned int)
 .text          0x00000000c00213e8      0x62b hw/diskphys/ata.32
                0x00000000c00213e8                ATA::close(int, int, void*)
                0x00000000c002140c                ATA::powerSaving(PowerSavingLevel)
                0x00000000c002140e                ATA::ATA()
                0x00000000c002140e                ATA::ATA()
                0x00000000c002143c                ATA::flush(bool)
                0x00000000c0021486                ATA::readyForCommand()
                0x00000000c00214d6                ATA::access(unsigned long long, int, void*, bool)
                0x00000000c0021854                ATA::read(unsigned long long, int, void*)
                0x00000000c00218bc                ATA::write(unsigned long long, int, void*)
                0x00000000c0021924                ATA::detectCHS()
                0x00000000c002194e                ATA::open(int, int, void*)
 *fill*         0x00000000c0021a13        0x1 
 .text          0x00000000c0021a14      0x5b3 hw/diskphys/atapi.32
                0x00000000c0021a14                ATAPI::write(unsigned long long, int, void*)
                0x00000000c0021a1a                ATAPI::close(int, int, void*)
                0x00000000c0021a3e                ATAPI::ATAPI()
                0x00000000c0021a3e                ATAPI::ATAPI()
                0x00000000c0021a6c                ATAPI::readyForCommand()
                0x00000000c0021abc                ATAPI::sendPacket(unsigned char*, int, bool, unsigned short*, int)
                0x00000000c0021d7c                ATAPI::diskRemoved()
                0x00000000c0021d98                ATAPI::eject()
                0x00000000c0021dde                ATAPI::diskInserted()
                0x00000000c0021e0c                ATAPI::detectMedia()
                0x00000000c0021ec8                ATAPI::open(int, int, void*)
                0x00000000c0021f48                ATAPI::read(unsigned long long, int, void*)
 *fill*         0x00000000c0021fc7        0x1 
 .text          0x00000000c0021fc8       0x8e hw/fpu/avx.32
                0x00000000c0021fc8                AVX::open(int, int, void*)
                0x00000000c0021fda                AVX::close(int, int, void*)
                0x00000000c0021fec                AVX::available()
                0x00000000c0021ffe                AVX::save(void*)
                0x00000000c0022016                AVX::load(void*)
                0x00000000c002202e                AVX::AVX()
                0x00000000c002202e                AVX::AVX()
 .text          0x00000000c0022056       0x90 hw/fpu/mmx.32
                0x00000000c0022056                MMX::available()
                0x00000000c002206a                MMX::open(int, int, void*)
                0x00000000c002207c                MMX::close(int, int, void*)
                0x00000000c002208e                MMX::save(void*)
                0x00000000c00220a6                MMX::load(void*)
                0x00000000c00220be                MMX::MMX()
                0x00000000c00220be                MMX::MMX()
 .text          0x00000000c00220e6       0x96 hw/fpu/sse.32
                0x00000000c00220e6                SSE::open(int, int, void*)
                0x00000000c00220f8                SSE::close(int, int, void*)
                0x00000000c002210a                SSE::available()
                0x00000000c0022124                SSE::save(void*)
                0x00000000c002213c                SSE::load(void*)
                0x00000000c0022154                SSE::SSE()
                0x00000000c0022154                SSE::SSE()
 .text          0x00000000c002217c       0x8e hw/fpu/x87.32
                0x00000000c002217c                x87::open(int, int, void*)
                0x00000000c002218e                x87::close(int, int, void*)
                0x00000000c00221a0                x87::available()
                0x00000000c00221b2                x87::save(void*)
                0x00000000c00221ca                x87::load(void*)
                0x00000000c00221e2                x87::x87()
                0x00000000c00221e2                x87::x87()
 .text          0x00000000c002220a      0x5f3 hw/intctrl/apic.32
                0x00000000c002220a                APIC::disable()
                0x00000000c002220c                APIC::close(int, int, void*)
                0x00000000c002222e                IOAPIC::close(int, int, void*)
                0x00000000c0022234                APIC::io_wait()
                0x00000000c002223a                APIC::getBase()
                0x00000000c002227c                APIC::eoi(unsigned char)
                0x00000000c00222aa                APIC::open(int, int, void*)
                0x00000000c0022364                IOAPIC::IOAPIC()
                0x00000000c0022364                IOAPIC::IOAPIC()
                0x00000000c002238c                APIC::APIC()
                0x00000000c002238c                APIC::APIC()
                0x00000000c002245c                IOAPIC::handlesGSIWithNumber(unsigned int)
                0x00000000c002248e                IOAPIC::read(int)
                0x00000000c00224b6                IOAPIC::open(int, int, void*)
                0x00000000c00225ac                IOAPIC::write(int, int)
                0x00000000c00225d8                IOAPIC::redirect(unsigned char, unsigned long long, unsigned char)
                0x00000000c0022692                APIC::installIRQHandler(int, void (*)(regs*, void*), bool, void*)
 *fill*         0x00000000c00227fd        0x1 
 .text          0x00000000c00227fe      0x3d3 hw/intctrl/pic.32
                0x00000000c00227fe                PIC::disable()
                0x00000000c002282c                PIC::close(int, int, void*)
                0x00000000c002284e                PIC::PIC()
                0x00000000c002284e                PIC::PIC()
                0x00000000c0022924                PIC::ioWait()
                0x00000000c002292a                PIC::getIRQReg(int)
                0x00000000c0022994                PIC::eoi(unsigned char)
                0x00000000c0022a26                PIC::remap()
                0x00000000c0022b92                PIC::open(int, int, void*)
 *fill*         0x00000000c0022bd1        0x1 
 .text          0x00000000c0022bd2      0x252 hw/timer/apictimer.32
                0x00000000c0022bd2                APICTimer::close(int, int, void*)
                0x00000000c0022bd8                apicTimerHandler(regs*, void*)
                0x00000000c0022c06                APICTimer::write(int)
                0x00000000c0022d04                APICTimer::open(int, int, void*)
                0x00000000c0022dfc                APICTimer::APICTimer()
                0x00000000c0022dfc                APICTimer::APICTimer()
 .text          0x00000000c0022e24      0x1a7 hw/timer/pit.32
                0x00000000c0022e24                PIT::write(int)
                0x00000000c0022ea2                pitHandler(regs*, void*)
                0x00000000c0022ece                PIT::open(int, int, void*)
                0x00000000c0022f1c                PIT::close(int, int, void*)
                0x00000000c0022f4c                PIT::PIT()
                0x00000000c0022f4c                PIT::PIT()
 *fill*         0x00000000c0022fcb        0x5 
 .text          0x00000000c0022fd0        0xa hw/fpu/x86/avx.32
                0x00000000c0022fd0                avxDetect
                0x00000000c0022fd6                avxSave
                0x00000000c0022fd7                avxLoad
                0x00000000c0022fd8                avxInit
                0x00000000c0022fd9                avxClose
 *fill*         0x00000000c0022fda        0x6 
 .text          0x00000000c0022fe0       0x38 hw/fpu/x86/sse.32
                0x00000000c0022fe0                sseDetect
                0x00000000c0022ffb                sseSave
                0x00000000c0023001                sseLoad
                0x00000000c0023007                sseInit
                0x00000000c0023017                sseClose
 *fill*         0x00000000c0023018        0x8 
 .text          0x00000000c0023020       0x47 hw/fpu/x86/x87.32
                0x00000000c0023026                x87Detect
                0x00000000c0023041                x87Save
                0x00000000c0023047                x87Load
                0x00000000c002304c                x87Init
                0x00000000c0023066                x87Close
 *fill*         0x00000000c0023067        0x1 
 .text          0x00000000c0023068       0x25 /cygdrive/d/Users/Alex/Desktop/Toolchain/Output/bin/../lib/gcc/i386-banana/8.1.0/crtend.o
 .text          0x00000000c002308d        0x0 crtn.32
 *fill*         0x00000000c002308d        0x3 
 .text          0x00000000c0023090      0x14b /cygdrive/d/Users/Alex/Desktop/Toolchain/Output/bin/../lib/gcc/i386-banana/8.1.0/libkgcc.a(_divdi3.o)
                0x00000000c0023090                __divdi3
 *fill*         0x00000000c00231db        0x1 
 .text          0x00000000c00231dc      0x17e /cygdrive/d/Users/Alex/Desktop/Toolchain/Output/bin/../lib/gcc/i386-banana/8.1.0/libkgcc.a(_moddi3.o)
                0x00000000c00231dc                __moddi3
 *fill*         0x00000000c002335a        0x2 
 .text          0x00000000c002335c       0xff /cygdrive/d/Users/Alex/Desktop/Toolchain/Output/bin/../lib/gcc/i386-banana/8.1.0/libkgcc.a(_udivdi3.o)
                0x00000000c002335c                __udivdi3
 *fill*         0x00000000c002345b        0x1 
 .text          0x00000000c002345c      0x11a /cygdrive/d/Users/Alex/Desktop/Toolchain/Output/bin/../lib/gcc/i386-banana/8.1.0/libkgcc.a(_umoddi3.o)
                0x00000000c002345c                __umoddi3
 .text          0x00000000c0023576      0x96d D:/Users/Alex/Desktop/Banana/kernel/libsoftfp.a(sfieeelib.o)
                0x00000000c0023576                __addsf3
                0x00000000c0023878                __subsf3
                0x00000000c002388c                __negsf2
                0x00000000c0023899                __mulsf3
                0x00000000c0023a5c                __divsf3
                0x00000000c0023c87                __floatsisf
                0x00000000c0023cfb                __floatunsisf
                0x00000000c0023d3d                __fixsfsi
                0x00000000c0023d9f                __fixunssfsi
                0x00000000c0023dd0                __cmpsf2
                0x00000000c0023e65                __eqsf2
                0x00000000c0023ea0                __nesf2
                0x00000000c0023ea2                __gtsf2
                0x00000000c0023edd                __gesf2
                0x00000000c0023edf                __ltsf2
                0x00000000c0023ee1                __lesf2
 .text          0x00000000c0023ee3      0xf50 D:/Users/Alex/Desktop/Banana/kernel/libsoftfp.a(dfieeelib.o)
                0x00000000c0023ee3                __adddf3
                0x00000000c0024534                __subdf3
                0x00000000c002454f                __negdf2
                0x00000000c0024560                __muldf3
                0x00000000c0024844                __divdf3
                0x00000000c0024bc3                __floatsidf
                0x00000000c0024c1e                __floatunsidf
                0x00000000c0024c5c                __fixdfsi
                0x00000000c0024cc9                __fixunsdfsi
                0x00000000c0024d05                __cmpdf2
                0x00000000c0024df3                __eqdf2
                0x00000000c0024e0f                __nedf2
                0x00000000c0024e11                __gtdf2
                0x00000000c0024e2d                __gedf2
                0x00000000c0024e2f                __ltdf2
                0x00000000c0024e31                __ledf2
 .text          0x00000000c0024e33      0x18d D:/Users/Alex/Desktop/Banana/kernel/libsoftfp.a(sfdfcvt.o)
                0x00000000c0024e33                __truncdfsf2
                0x00000000c0024f57                __extendsfdf2
 .text          0x00000000c0024fc0       0x1e D:/Users/Alex/Desktop/Banana/kernel/libk/libm32.a(s_fabs.c.o)
                0x00000000c0024fc0                fabs
 *fill*         0x00000000c0024fde        0x2 
 .text          0x00000000c0024fe0        0xc D:/Users/Alex/Desktop/Banana/kernel/libk/libm32.a(s_lrint.S.o)
                0x00000000c0024fe0                lrint
 .text          0x00000000c0024fec        0xc D:/Users/Alex/Desktop/Banana/kernel/libk/libm32.a(s_lrintf.S.o)
                0x00000000c0024fec                lrintf
 *(.gnu.linkonce.t*)

.iplt           0x00000000c0024ff8        0x0
 .iplt          0x00000000c0024ff8        0x0 D:/Users/Alex/Desktop/Banana/kernel/boot.32

.init           0x00000000c0024ff8        0xf
 .init          0x00000000c0024ff8        0x3 crti.32
                0x00000000c0024ff8                _init
 .init          0x00000000c0024ffb        0x5 /cygdrive/d/Users/Alex/Desktop/Toolchain/Output/bin/../lib/gcc/i386-banana/8.1.0/crtbegin.o
 .init          0x00000000c0025000        0x5 /cygdrive/d/Users/Alex/Desktop/Toolchain/Output/bin/../lib/gcc/i386-banana/8.1.0/crtend.o
 .init          0x00000000c0025005        0x2 crtn.32

.fini           0x00000000c0025007        0xa
 .fini          0x00000000c0025007        0x3 crti.32
                0x00000000c0025007                _fini
 .fini          0x00000000c002500a        0x5 /cygdrive/d/Users/Alex/Desktop/Toolchain/Output/bin/../lib/gcc/i386-banana/8.1.0/crtbegin.o
 .fini          0x00000000c002500f        0x2 crtn.32

.text._ZN8ComputerD2Ev
                0x00000000c0025012       0x23
 .text._ZN8ComputerD2Ev
                0x00000000c0025012       0x23 core/computer.32
                0x00000000c0025012                Computer::~Computer()
                0x00000000c0025012                Computer::~Computer()

.text._ZN8ComputerD0Ev
                0x00000000c0025036       0x2a
 .text._ZN8ComputerD0Ev
                0x00000000c0025036       0x2a core/computer.32
                0x00000000c0025036                Computer::~Computer()

.text._Z10idleCommonv
                0x00000000c0025060       0x15
 .text._Z10idleCommonv
                0x00000000c0025060       0x15 core/idle.32
                0x00000000c0025060                idleCommon()

.text._ZN3CPU7readCR3Ev
                0x00000000c0025075       0x12
 .text._ZN3CPU7readCR3Ev
                0x00000000c0025075       0x12 core/kheap.32
                0x00000000c0025075                CPU::readCR3()

.text._ZN3CPU8writeCR3Em
                0x00000000c0025087        0x9
 .text._ZN3CPU8writeCR3Em
                0x00000000c0025087        0x9 core/kheap.32
                0x00000000c0025087                CPU::writeCR3(unsigned long)

.text._ZN10LinkedListI8UnixFileED2Ev
                0x00000000c0025090        0x2
 .text._ZN10LinkedListI8UnixFileED2Ev
                0x00000000c0025090        0x2 core/unixfile.32
                0x00000000c0025090                LinkedList<UnixFile>::~LinkedList()
                0x00000000c0025090                LinkedList<UnixFile>::~LinkedList()

.text._ZN10LinkedListI8UnixFileEC2Ev
                0x00000000c0025092       0x58
 .text._ZN10LinkedListI8UnixFileEC2Ev
                0x00000000c0025092       0x58 core/unixfile.32
                0x00000000c0025092                LinkedList<UnixFile>::LinkedList()
                0x00000000c0025092                LinkedList<UnixFile>::LinkedList()

.text._ZN10LinkedListI8UnixFileE10addElementEPS0_
                0x00000000c00250ea       0xd3
 .text._ZN10LinkedListI8UnixFileE10addElementEPS0_
                0x00000000c00250ea       0xd3 core/unixfile.32
                0x00000000c00250ea                LinkedList<UnixFile>::addElement(UnixFile*)

.text._ZN10LinkedListI8UnixFileE15getFirstElementEv
                0x00000000c00251be        0x7
 .text._ZN10LinkedListI8UnixFileE15getFirstElementEv
                0x00000000c00251be        0x7 core/unixfile.32
                0x00000000c00251be                LinkedList<UnixFile>::getFirstElement()

.text._ZN10LinkedListI8UnixFileE11removeFirstEv
                0x00000000c00251c6       0xa1
 .text._ZN10LinkedListI8UnixFileE11removeFirstEv
                0x00000000c00251c6       0xa1 core/unixfile.32
                0x00000000c00251c6                LinkedList<UnixFile>::removeFirst()

.text._ZN10LinkedListI8UnixFileE7getNextEPS0_
                0x00000000c0025268        0x8
 .text._ZN10LinkedListI8UnixFileE7getNextEPS0_
                0x00000000c0025268        0x8 core/unixfile.32
                0x00000000c0025268                LinkedList<UnixFile>::getNext(UnixFile*)

.text._ZN16DriverlessDeviceD2Ev
                0x00000000c0025270       0x1a
 .text._ZN16DriverlessDeviceD2Ev
                0x00000000c0025270       0x1a hal/device.32
                0x00000000c0025270                DriverlessDevice::~DriverlessDevice()
                0x00000000c0025270                DriverlessDevice::~DriverlessDevice()

.text._ZN16DriverlessDeviceD0Ev
                0x00000000c002528a       0x2a
 .text._ZN16DriverlessDeviceD0Ev
                0x00000000c002528a       0x2a hal/device.32
                0x00000000c002528a                DriverlessDevice::~DriverlessDevice()

.text._ZN10LinkedListI6DeviceE10addElementEPS0_
                0x00000000c00252b4       0xdc
 .text._ZN10LinkedListI6DeviceE10addElementEPS0_
                0x00000000c00252b4       0xdc hal/device.32
                0x00000000c00252b4                LinkedList<Device>::addElement(Device*)

.text._ZN10LinkedListI6DeviceEC2Ev
                0x00000000c0025390       0x58
 .text._ZN10LinkedListI6DeviceEC2Ev
                0x00000000c0025390       0x58 hal/device.32
                0x00000000c0025390                LinkedList<Device>::LinkedList()
                0x00000000c0025390                LinkedList<Device>::LinkedList()

.text._ZN3CPU7readCR0Ev
                0x00000000c00253e8       0x12
 .text._ZN3CPU7readCR0Ev
                0x00000000c00253e8       0x12 hal/fpu.32
                0x00000000c00253e8                CPU::readCR0()

.text._ZN3CPU8writeCR0Em
                0x00000000c00253fa        0x9
 .text._ZN3CPU8writeCR0Em
                0x00000000c00253fa        0x9 hal/fpu.32
                0x00000000c00253fa                CPU::writeCR0(unsigned long)

.text._ZN3CPU7readDR0Ev
                0x00000000c0025403       0x12
 .text._ZN3CPU7readDR0Ev
                0x00000000c0025403       0x12 hal/intctrl.32
                0x00000000c0025403                CPU::readDR0()

.text._ZN3CPU7readDR1Ev
                0x00000000c0025415       0x12
 .text._ZN3CPU7readDR1Ev
                0x00000000c0025415       0x12 hal/intctrl.32
                0x00000000c0025415                CPU::readDR1()

.text._ZN3CPU7readDR2Ev
                0x00000000c0025427       0x12
 .text._ZN3CPU7readDR2Ev
                0x00000000c0025427       0x12 hal/intctrl.32
                0x00000000c0025427                CPU::readDR2()

.text._ZN3CPU7readDR3Ev
                0x00000000c0025439       0x12
 .text._ZN3CPU7readDR3Ev
                0x00000000c0025439       0x12 hal/intctrl.32
                0x00000000c0025439                CPU::readDR3()

.text._ZN3CPU7readDR6Ev
                0x00000000c002544b       0x12
 .text._ZN3CPU7readDR6Ev
                0x00000000c002544b       0x12 hal/intctrl.32
                0x00000000c002544b                CPU::readDR6()

.text._ZN3CPU7readDR7Ev
                0x00000000c002545d       0x12
 .text._ZN3CPU7readDR7Ev
                0x00000000c002545d       0x12 hal/intctrl.32
                0x00000000c002545d                CPU::readDR7()
