Archive member included to satisfy reference by file (symbol)

/cygdrive/d/Users/Alex/Desktop/Toolchain/Output/bin/../lib/gcc/i386-banana/8.1.0/libkgcc.a(_divdi3.o)
                              krnl/resolve.32 (__divdi3)
/cygdrive/d/Users/Alex/Desktop/Toolchain/Output/bin/../lib/gcc/i386-banana/8.1.0/libkgcc.a(_moddi3.o)
                              krnl/resolve.32 (__moddi3)
/cygdrive/d/Users/Alex/Desktop/Toolchain/Output/bin/../lib/gcc/i386-banana/8.1.0/libkgcc.a(_udivdi3.o)
                              hal/clock.32 (__udivdi3)
/cygdrive/d/Users/Alex/Desktop/Toolchain/Output/bin/../lib/gcc/i386-banana/8.1.0/libkgcc.a(_umoddi3.o)
                              core/pipe.32 (__umoddi3)

Allocating common symbols
Common symbol       size              file

dcache              0x40              fs/iso9660/iso9660.32
cdDriveLetter       0x1               fs/iso9660/iso9660.32
icache              0x40              fs/iso9660/iso9660.32

Discarded input sections

 .comment       0x0000000000000000       0x12 /cygdrive/d/Users/Alex/Desktop/Toolchain/Output/bin/../lib/gcc/i386-banana/8.1.0/crtbegin.o
 .comment       0x0000000000000000       0x12 acpica/utclib.32
 .comment       0x0000000000000000       0x12 core/malloc.32
 .comment       0x0000000000000000       0x12 libk/ctype.32
 .comment       0x0000000000000000       0x12 libk/string.32
 .comment       0x0000000000000000       0x12 fs/fat/diskio.32
 .comment       0x0000000000000000       0x12 fs/fat/ff.32
 .comment       0x0000000000000000       0x12 fs/fat/ffsystem.32
 .comment       0x0000000000000000       0x12 fs/fat/ffunicode.32
 .comment       0x0000000000000000       0x12 fs/iso9660/iso9660.32
 .group         0x0000000000000000       0x14 core/computer.32
 .group         0x0000000000000000        0xc core/computer.32
 .comment       0x0000000000000000       0x12 core/computer.32
 .comment       0x0000000000000000       0x12 core/gdt.32
 .group         0x0000000000000000        0xc core/idle.32
 .comment       0x0000000000000000       0x12 core/idle.32
 .comment       0x0000000000000000       0x12 core/idt.32
 .comment       0x0000000000000000       0x12 core/kheap.32
 .comment       0x0000000000000000       0x12 core/main.32
 .comment       0x0000000000000000       0x12 core/physmgr.32
 .group         0x0000000000000000        0xc core/pipe.32
 .comment       0x0000000000000000       0x12 core/pipe.32
 .group         0x0000000000000000        0xc core/terminal.32
 .comment       0x0000000000000000       0x12 core/terminal.32
 .comment       0x0000000000000000       0x12 core/tss.32
 .group         0x0000000000000000        0x8 core/unixfile.32
 .group         0x0000000000000000        0x8 core/unixfile.32
 .group         0x0000000000000000        0xc core/unixfile.32
 .group         0x0000000000000000        0x8 core/unixfile.32
 .group         0x0000000000000000        0xc core/unixfile.32
 .group         0x0000000000000000        0x8 core/unixfile.32
 .group         0x0000000000000000        0xc core/unixfile.32
 .group         0x0000000000000000        0xc core/unixfile.32
 .comment       0x0000000000000000       0x12 core/unixfile.32
 .comment       0x0000000000000000       0x12 core/virtmgr.32
 .comment       0x0000000000000000       0x12 coreobjs/c++.32
 .comment       0x0000000000000000       0x12 dbg/kconsole.32
 .group         0x0000000000000000        0xc fs/vfs.32
 .group         0x0000000000000000        0xc fs/vfs.32
 .group         0x0000000000000000        0xc fs/vfs.32
 .comment       0x0000000000000000       0x12 fs/vfs.32
 .group         0x0000000000000000        0xc hal/bus.32
 .comment       0x0000000000000000       0x12 hal/bus.32
 .comment       0x0000000000000000       0x12 hal/buzzer.32
 .group         0x0000000000000000        0xc hal/clock.32
 .comment       0x0000000000000000       0x12 hal/clock.32
 .group         0x0000000000000000       0x14 hal/device.32
 .group         0x0000000000000000        0xc hal/device.32
 .group         0x0000000000000000        0x8 hal/device.32
 .group         0x0000000000000000        0xc hal/device.32
 .group         0x0000000000000000        0xc hal/device.32
 .comment       0x0000000000000000       0x12 hal/device.32
 .group         0x0000000000000000        0xc hal/diskctrl.32
 .comment       0x0000000000000000       0x12 hal/diskctrl.32
 .group         0x0000000000000000        0xc hal/diskphys.32
 .comment       0x0000000000000000       0x12 hal/diskphys.32
 .comment       0x0000000000000000       0x12 hal/fpu.32
 .comment       0x0000000000000000       0x12 hal/intctrl.32
 .group         0x0000000000000000        0xc hal/keybrd.32
 .comment       0x0000000000000000       0x12 hal/keybrd.32
 .group         0x0000000000000000        0xc hal/logidisk.32
 .comment       0x0000000000000000       0x12 hal/logidisk.32
 .group         0x0000000000000000        0xc hal/mouse.32
 .comment       0x0000000000000000       0x12 hal/mouse.32
[...]
Memory Configuration

Name             Origin             Length             Attributes
*default*        0x0000000000000000 0xffffffffffffffff

Linker script and memory map

LOAD D:/Users/Alex/Desktop/Banana/kernel/boot.32
LOAD crti.32
LOAD /cygdrive/d/Users/Alex/Desktop/Toolchain/Output/bin/../lib/gcc/i386-banana/8.1.0/crtbegin.o
LOAD D:/Users/Alex/Desktop/Banana/kernel/morenasm.32
LOAD acpica/utclib.32
LOAD core/malloc.32
LOAD libk/ctype.32
LOAD libk/string.32
LOAD fs/fat/diskio.32
LOAD fs/fat/ff.32
LOAD fs/fat/ffsystem.32
LOAD fs/fat/ffunicode.32
LOAD fs/iso9660/iso9660.32
LOAD core/computer.32
LOAD core/gdt.32
LOAD core/idle.32
LOAD core/idt.32
LOAD core/kheap.32
LOAD core/main.32
LOAD core/physmgr.32
LOAD core/pipe.32
LOAD core/terminal.32
LOAD core/tss.32
LOAD core/unixfile.32
LOAD core/virtmgr.32
LOAD coreobjs/c++.32
LOAD dbg/kconsole.32
LOAD fs/vfs.32
LOAD hal/bus.32
LOAD hal/buzzer.32
LOAD hal/clock.32
LOAD hal/device.32
LOAD hal/diskctrl.32
LOAD hal/diskphys.32
LOAD hal/fpu.32
LOAD hal/intctrl.32
LOAD hal/keybrd.32
LOAD hal/logidisk.32
LOAD hal/mouse.32
LOAD hal/partition.32
LOAD hal/serial.32
LOAD hal/timer.32
LOAD hal/vcache.32
LOAD hal/video.32
LOAD hw/acpi.32
LOAD hw/cpu.32
LOAD krnl/bootmsg.32
LOAD krnl/env.32
LOAD krnl/inlines.32
LOAD krnl/panic.32
LOAD krnl/powctrl.32
LOAD krnl/resolve.32
LOAD krnl/syscalls.32
LOAD reg/registry.32
LOAD sys/eject.32
LOAD sys/exit.32
LOAD sys/getcwd.32
LOAD sys/getpid.32
LOAD sys/getramdata.32
LOAD sys/getvgaptr.32
LOAD sys/loaddll.32
LOAD sys/read.32
LOAD sys/sbrk.32
LOAD sys/setcwd.32
LOAD sys/settime.32
LOAD sys/timezone.32
LOAD sys/write.32
LOAD sys/wsbe.32
LOAD sys/yield.32
LOAD thr/elf.32
LOAD thr/prcssthr.32
LOAD vm86/vm8086.32
LOAD arch/i386/hal.32
LOAD arch/i386/pic.32
LOAD arch/i386/rtc.32
LOAD arch/i386/vga.32
LOAD fs/fat/vfslink.32
LOAD fs/iso9660/helper.32
LOAD fs/iso9660/vfslink.32
LOAD hal/sound/sndcard.32
LOAD hal/sound/sndport.32
LOAD hw/bus/isa.32
LOAD hw/bus/pci.32
LOAD hw/diskctrl/ide.32
LOAD hw/diskctrl/satabus.32
LOAD hw/diskphys/ata.32
LOAD hw/diskphys/atapi.32
LOAD hw/diskphys/sata.32
LOAD hw/diskphys/satapi.32
LOAD hw/intctrl/apic.32
LOAD hw/timer/apictimer.32
LOAD hw/timer/pit.32
LOAD arch/i386/avx.32
LOAD arch/i386/interrupt.32
LOAD arch/i386/rdrand.32
LOAD arch/i386/sse.32
LOAD arch/i386/x87.32
LOAD /cygdrive/d/Users/Alex/Desktop/Toolchain/Output/bin/../lib/gcc/i386-banana/8.1.0/crtend.o
LOAD crtn.32
LOAD /cygdrive/d/Users/Alex/Desktop/Toolchain/Output/bin/../lib/gcc/i386-banana/8.1.0/libkgcc.a
LOAD D:/Users/Alex/Desktop/Banana/kernel/libsoftfp.a
LOAD D:/Users/Alex/Desktop/Banana/kernel/libk/libm32.a
                0x00000000c0000000                . = 0xc0000000

.text           0x00000000c0000000    0x1be6a
 *(.text)
 .text          0x00000000c0000000       0x20 D:/Users/Alex/Desktop/Banana/kernel/boot.32
 .text          0x00000000c0000020        0x0 crti.32
 .text          0x00000000c0000020      0x101 /cygdrive/d/Users/Alex/Desktop/Toolchain/Output/bin/../lib/gcc/i386-banana/8.1.0/crtbegin.o
 *fill*         0x00000000c0000121        0xf 
 .text          0x00000000c0000130      0x252 D:/Users/Alex/Desktop/Banana/kernel/morenasm.32
                0x00000000c0000130                manualPCIProbe
                0x00000000c000017b                prepareTramp
                0x00000000c0000194                doTPAUSE
                0x00000000c000019e                hasLegacyFPU
                0x00000000c00001c3                is486
                0x00000000c00001f9                detectCPUID
                0x00000000c000020f                goToVM86
                0x00000000c000023f                goToUsermode
                0x00000000c0000269                switchToThreadASMFirstTime
                0x00000000c0000277                switchToThreadASM
                0x00000000c00002ff                asmQuickAcquireLock
                0x00000000c000031d                asmQuickReleaseLock
                0x00000000c0000329                asmAcquireLock
                0x00000000c000034a                asmReleaseLock
                0x00000000c000035d                loadGDT
                0x00000000c000037d                memcpy
 *fill*         0x00000000c0000382        0xe 
 .text          0x00000000c0000390      0x79e acpica/utclib.32
                0x00000000c0000390                memcmp
                0x00000000c00003e0                memmove
                0x00000000c00004d0                memset
                0x00000000c0000540                strlen
                0x00000000c0000570                strpbrk
                0x00000000c00005b0                strtok
                0x00000000c0000600                strcpy
                0x00000000c0000630                strncpy
                0x00000000c00006e0                strcmp
                0x00000000c0000730                strchr
                0x00000000c0000760                strncmp
                0x00000000c00007c0                strcat
                0x00000000c00007f0                strncat
                0x00000000c0000850                strstr
                0x00000000c00008b0                toupper
                0x00000000c00008d0                tolower
                0x00000000c00008f0                simple_strtoul
 .text          0x00000000c0000b2e      0xfad core/malloc.32
                0x00000000c0000c99                dlfree
                0x00000000c0000ff4                dlmalloc
                0x00000000c0001531                dlrealloc
                0x00000000c00016d4                dlmemalign
                0x00000000c00017f7                dlcalloc
                0x00000000c0001891                dlcfree
                0x00000000c0001896                dlindependent_calloc
                0x00000000c00018bb                dlindependent_comalloc
                0x00000000c00018d2                dlvalloc
                0x00000000c00018fd                dlpvalloc
                0x00000000c0001933                dlmalloc_trim
                0x00000000c0001940                dlmalloc_usable_size
                0x00000000c0001971                dlmallinfo
                0x00000000c0001a40                dlmalloc_stats
                0x00000000c0001a51                dlmallopt
 *fill*         0x00000000c0001adb        0x1 
 .text          0x00000000c0001adc      0x1f2 libk/ctype.32
                0x00000000c0001adc                isblank
                0x00000000c0001afc                iscntrl
                0x00000000c0001b1c                isdigit
                0x00000000c0001b38                islower
                0x00000000c0001b54                isspace
                0x00000000c0001b7c                isupper
                0x00000000c0001b98                isalpha
                0x00000000c0001bc8                isalnum
                0x00000000c0001bf8                ispunct
                0x00000000c0001c38                isgraph
                0x00000000c0001c68                isprint
                0x00000000c0001c90                isxdigit
 .text          0x00000000c0001cce        0x0 libk/string.32
 .text          0x00000000c0001cce       0x51 fs/fat/diskio.32
                0x00000000c0001cce                disk_status
                0x00000000c0001cd1                disk_initialize
                0x00000000c0001cd4                disk_read
                0x00000000c0001cea                disk_write
                0x00000000c0001d00                disk_ioctl
 .text          0x00000000c0001d1f     0x3d4b fs/fat/ff.32
                0x00000000c0003abb                f_mount
                0x00000000c0003b1d                f_open
                0x00000000c0003de8                f_read
                0x00000000c0003fe7                f_write
                0x00000000c000421b                f_sync
                0x00000000c00042d0                f_close
                0x00000000c00042ff                f_lseek
                0x00000000c00044a6                f_opendir
                0x00000000c0004571                f_closedir
                0x00000000c0004593                f_readdir
                0x00000000c0004625                f_stat
                0x00000000c00046a4                f_getfree
                0x00000000c00047a6                f_truncate
                0x00000000c000488a                f_unlink
                0x00000000c00049ac                f_mkdir
                0x00000000c0004b47                f_rename
                0x00000000c0004cfd                f_chmod
                0x00000000c0004da6                f_utime
                0x00000000c0004e54                f_getlabel
                0x00000000c0004fa5                f_setlabel
                0x00000000c0005135                f_expand
                0x00000000c0005295                f_mkfs
 *fill*         0x00000000c0005a6a        0x2 
 .text          0x00000000c0005a6c       0x2f fs/fat/ffsystem.32
                0x00000000c0005a6c                ff_memalloc
                0x00000000c0005a84                ff_memfree
 *fill*         0x00000000c0005a9b        0x1 
 .text          0x00000000c0005a9c      0x2a8 fs/fat/ffunicode.32
                0x00000000c0005a9c                ff_uni2oem
                0x00000000c0005b3c                ff_oem2uni
                0x00000000c0005bb4                ff_wtoupper
 .text          0x00000000c0005d44      0xcbc fs/iso9660/iso9660.32
                0x00000000c0005f63                isoReadDiscSector
                0x00000000c0005ffe                strnicmp
                0x00000000c00062b1                stricmp
                0x00000000c00062fd                iso_open
                0x00000000c0006387                iso_close
                0x00000000c00063a5                iso_read
                0x00000000c00064bb                iso_seek
                0x00000000c000653f                iso_tell
                0x00000000c0006570                iso_total
                0x00000000c000659b                fn_postprocess
                0x00000000c00065c1                iso_readdir
                0x00000000c00067b2                iso_reset
                0x00000000c00067bf                init_percd
                0x00000000c00068ff                iso_ioctl
                0x00000000c0006907                fs_iso9660_init
                0x00000000c0006990                fs_iso9660_shutdown
 .text          0x00000000c0006a00      0x685 core/computer.32
                0x00000000c0006a00                Computer::close(int, int, void*)
                0x00000000c0006a45                Krnl::firstTask()
                0x00000000c0006b78                Computer::Computer()
                0x00000000c0006b78                Computer::Computer()
                0x00000000c0006c2a                Computer::setBootMessage(char const*)
                0x00000000c0006c2c                Computer::detectFeatures()
                0x00000000c0006e36                Computer::displayFeatures()
                0x00000000c0006e38                Computer::rdmsr(unsigned int)
                0x00000000c0006e64                Computer::wrmsr(unsigned int, unsigned long long)
                0x00000000c0006e9c                Computer::shutdown()
                0x00000000c0006eb4                Computer::restart()
                0x00000000c0006ecc                Computer::sleep()
                0x00000000c0006ee0                Computer::nmiEnabled()
                0x00000000c0006eec                Computer::readCMOS(unsigned char)
                0x00000000c0006f06                Computer::enableNMI(bool)
                0x00000000c0006f1e                Computer::open(int, int, void*)
                0x00000000c0006ff2                Computer::disableNMI()
                0x00000000c0007002                Computer::writeCMOS(unsigned char, unsigned char)
                0x00000000c0007020                Computer::handleNMI()
 *fill*         0x00000000c0007085        0x1 
 .text          0x00000000c0007086      0x1cf core/gdt.32
                0x00000000c0007086                GDTEntry::setBase(unsigned int)
                0x00000000c00070a2                GDTEntry::setLimit(unsigned int)
                0x00000000c00070c0                GDT::GDT()
                0x00000000c00070c0                GDT::GDT()
                0x00000000c00070d6                GDT::addEntry(GDTEntry)
                0x00000000c00070f8                GDT::getNumberOfEntries()
                0x00000000c0007100                GDT::flush()
                0x00000000c0007122                GDT::setup()
 .text          0x00000000c0007255       0x1d core/idle.32
                0x00000000c0007255                idleFunction(void*)
 *fill*         0x00000000c0007272        0x2 
 .text          0x00000000c0007274      0x464 core/idt.32
                0x00000000c0007274                IDTEntry::IDTEntry(bool)
                0x00000000c0007274                IDTEntry::IDTEntry(bool)
                0x00000000c00072e6                IDTEntry::setOffset(unsigned int)
                0x00000000c00072fc                IDT::IDT()
                0x00000000c00072fc                IDT::IDT()
                0x00000000c00072fe                IDT::getPointerToInvalidOpcodeEntryForF00F()
                0x00000000c0007306                IDT::addEntry(IDTEntry, int)
                0x00000000c0007320                IDT::addEntry(int, void (*)(), bool)
                0x00000000c0007358                IDT::flush()
                0x00000000c0007372                IDT::setup()
 .text          0x00000000c00076d8      0x183 core/kheap.32
                0x00000000c00076d8                sbrk
                0x00000000c000776d                mmap
                0x00000000c0007783                munmap
                0x00000000c0007799                liballoc_lock()
                0x00000000c00077a6                liballoc_unlock()
                0x00000000c00077ba                liballoc_alloc(int)
                0x00000000c00077d2                liballoc_free(void*, int)
                0x00000000c00077ed                realloc
                0x00000000c0007801                malloc
                0x00000000c0007811                free
                0x00000000c0007821                rfree
                0x00000000c0007831                calloc
 .text          0x00000000c000785b       0xc3 core/main.32
                0x00000000c000785b                KeEntryPoint
 .text          0x00000000c000791e      0x5dc core/physmgr.32
                0x00000000c000791e                Phys::allocateDMA(unsigned long)
                0x00000000c00079f5                Phys::freeDMA(unsigned long, unsigned long)
                0x00000000c0007a28                Phys::setPageState(unsigned long, bool)
                0x00000000c0007a5a                Phys::getPageState(unsigned long)
                0x00000000c0007a7b                Phys::freePage(unsigned long)
                0x00000000c0007add                Phys::allocatePage()
                0x00000000c0007b9b                Phys::allocateContiguousPages(int)
                0x00000000c0007bf7                Phys::allowSegmentToBeUsed(unsigned long, unsigned long)
                0x00000000c0007c2f                Phys::physicalMemorySetup(unsigned int)
 .text          0x00000000c0007efa      0x273 core/pipe.32
                0x00000000c0007efa                Pipe::isAtty()
                0x00000000c0007efe                Pipe::~Pipe()
                0x00000000c0007efe                Pipe::~Pipe()
                0x00000000c0007f22                Pipe::~Pipe()
                0x00000000c0007f4a                Pipe::write(unsigned long long, void*, int*)
                0x00000000c000800a                Pipe::read(unsigned long long, void*, int*)
                0x00000000c0008106                Pipe::Pipe(int)
                0x00000000c0008106                Pipe::Pipe(int)
 *fill*         0x00000000c000816d        0x1 
 .text          0x00000000c000816e      0xa1e core/terminal.32
                0x00000000c000816e                VgaText::isAtty()
                0x00000000c0008172                VgaText::~VgaText()
                0x00000000c0008172                VgaText::~VgaText()
                0x00000000c0008196                VgaText::~VgaText()
                0x00000000c00081c0                VgaText::read(unsigned long long, void*, int*)
                0x00000000c00081e0                setTerminalScrollLock(bool)
                0x00000000c00081e1                doTerminalCycle()
                0x00000000c00081e2                addToTerminalCycle(VgaText*)
                0x00000000c00081e3                scrollTerminalScrollLock(int)
                0x00000000c00081e4                VgaText::updateTitle()
                0x00000000c00081e6                VgaText::load()
                0x00000000c00081e8                VgaText::updateCursor()
                0x00000000c00081fe                VgaText::doANSI_SGR(int)
                0x00000000c0008272                VgaText::setDefaultBgColour(VgaColour)
                0x00000000c0008282                VgaText::setDefaultFgColour(VgaColour)
                0x00000000c0008292                VgaText::setDefaultColours(VgaColour, VgaColour)
                0x00000000c00082b2                VgaText::setTitleTextColour(VgaColour)
                0x00000000c00082be                VgaText::setTitleColour(VgaColour)
                0x00000000c00082ca                VgaText::setTitle(char*)
                0x00000000c00082cc                VgaText::combineColours(unsigned char, unsigned char)
                0x00000000c00082de                VgaText::scrollScreen()
                0x00000000c0008376                VgaText::combineCharAndColour(char, unsigned char)
                0x00000000c0008388                VgaText::writeCharacter(char, VgaColour, VgaColour, int, int)
                0x00000000c0008418                VgaText::getCursorX()
                0x00000000c0008420                VgaText::getCursorY()
                0x00000000c0008428                VgaText::setCursor(int, int)
                0x00000000c000843f                setActiveTerminal(VgaText*)
                0x00000000c000848a                VgaText::clearScreen()
                0x00000000c00084d8                VgaText::setCursorX(int)
                0x00000000c00084f0                VgaText::setCursorY(int)
                0x00000000c0008508                VgaText::incrementCursor(bool)
                0x00000000c000855c                VgaText::decrementCursor(bool)
                0x00000000c000857e                VgaText::putchar(char, VgaColour, VgaColour)
                0x00000000c000864c                VgaText::putchar(char)
                0x00000000c0008738                VgaText::putx(unsigned int)
                0x00000000c000877e                VgaText::puts(char const*)
                0x00000000c00087a4                VgaText::write(unsigned long long, void*, int*)
                0x00000000c00087f0                VgaText::puts(char const*, VgaColour, VgaColour)
                0x00000000c0008942                VgaText::VgaText(char const*)
                0x00000000c0008942                VgaText::VgaText(char const*)
                0x00000000c0008a8e                VgaText::receiveKey(unsigned char)
                0x00000000c0008b66                VgaText::doUpdate()
                0x00000000c0008b67                newTerminal(char*)
 .text          0x00000000c0008b8c      0x1a1 core/tss.32
                0x00000000c0008b8c                TSS::TSS()
                0x00000000c0008b8c                TSS::TSS()
                0x00000000c0008b9c                TSS::setESP(unsigned long)
                0x00000000c0008bb0                TSS::flush()
                0x00000000c0008bd0                TSS::setup(unsigned long, unsigned long)
 *fill*         0x00000000c0008d2d        0x1 
 .text          0x00000000c0008d2e      0x4c2 core/unixfile.32
                0x00000000c0008d2e                ReservedFilename::read(unsigned long long, void*, int*)
                0x00000000c0008d84                ReservedFilename::isAtty()
                0x00000000c0008da0                ReservedFilename::write(unsigned long long, void*, int*)
                0x00000000c0008dfe                UnixFile::getFileDescriptor()
                0x00000000c0008e06                UnixFile::UnixFile(int)
                0x00000000c0008e06                UnixFile::UnixFile(int)
                0x00000000c0008fb6                ReservedFilename::ReservedFilename(int)
                0x00000000c0008fb6                ReservedFilename::ReservedFilename(int)
                0x00000000c0008fe8                UnixFile::~UnixFile()
                0x00000000c0008fe8                UnixFile::~UnixFile()
                0x00000000c0009080                UnixFile::~UnixFile()
                0x00000000c00090a8                ReservedFilename::~ReservedFilename()
                0x00000000c00090a8                ReservedFilename::~ReservedFilename()
                0x00000000c00090cc                ReservedFilename::~ReservedFilename()
                0x00000000c00090f3                getFromFileDescriptor(int)
 .text          0x00000000c00091f0     0x1166 core/virtmgr.32
                0x00000000c00091f0                Virt::setPageState(unsigned long, Virt::VirtPageState)
                0x00000000c0009225                Virt::getPageState(unsigned long)
                0x00000000c0009249                Virt::allocateKernelVirtualPages(int)
                0x00000000c000935a                Virt::freeSwapfilePage(unsigned long)
                0x00000000c0009378                Virt::swapIDToSector(unsigned long)
                0x00000000c000938a                Virt::allocateSwapfilePage()
                0x00000000c0009408                Virt::virtualMemorySetup()
                0x00000000c0009453                Virt::setupPageSwapping(int)
                0x00000000c00094c4                VAS::VAS()
                0x00000000c00094c4                VAS::VAS()
                0x00000000c0009500                VAS::VAS(VAS*)
                0x00000000c0009500                VAS::VAS(VAS*)
                0x00000000c000952e                VAS::getForeignPageTableEntry(bool, unsigned long)
                0x00000000c000955a                VAS::getPageTableEntry(unsigned long)
                0x00000000c0009579                Virt::freeKernelVirtualPages(unsigned long)
                0x00000000c000969e                VAS::freeAllocatedPages(unsigned long)
                0x00000000c00096c2                VAS::virtualToPhysical(unsigned long)
                0x00000000c00096dc                VAS::reflagRange(unsigned long, int, int, int)
                0x00000000c000971c                VAS::setToWriteCombining(unsigned long, int)
                0x00000000c0009750                VAS::mapOtherVASIn(bool, VAS*)
                0x00000000c000977a                VAS::~VAS()
                0x00000000c000977a                VAS::~VAS()
                0x00000000c00098de                VAS::mapPage(unsigned long, unsigned long, int)
                0x00000000c00099e2                VAS::allocatePages(int, int)
                0x00000000c0009bba                VAS::setCPUSpecific(unsigned long)
                0x00000000c0009bd8                VAS::mapRange(unsigned long, unsigned long, int, int)
                0x00000000c0009c9e                VAS::mapForeignPage(bool, VAS*, unsigned long, unsigned long, int)
                0x00000000c0009d8c                VAS::VAS(bool)
                0x00000000c0009d8c                VAS::VAS(bool)
                0x00000000c000a00c                VAS::evict(unsigned long)
                0x00000000c000a0ce                VAS::tryLoadBackOffDisk(unsigned long)
                0x00000000c000a1bc                VAS::scanForEviction()
                0x00000000c000a29c                mapVASFirstTime
 .text          0x00000000c000a356       0x5f coreobjs/c++.32
                0x00000000c000a356                __cxa_atexit
                0x00000000c000a359                __cxa_finalize
                0x00000000c000a35a                __stack_chk_fail
                0x00000000c000a390                __cxa_pure_virtual
                0x00000000c000a3a1                operator new[](unsigned long)
                0x00000000c000a3a6                operator delete(void*, unsigned long)
                0x00000000c000a3ab                operator delete[](void*)
                0x00000000c000a3b0                operator delete[](void*, unsigned long)
 .text          0x00000000c000a3b5      0x21c dbg/kconsole.32
                0x00000000c000a3b5                Dbg::stringifyxWithBase(unsigned int, char*, int)
                0x00000000c000a420                Dbg::logc(char)
                0x00000000c000a440                Dbg::logs(char*)
                0x00000000c000a45d                Dbg::logWriteInt(unsigned int)
                0x00000000c000a47b                Dbg::logWriteIntBase(unsigned int, int)
                0x00000000c000a49c                Dbg::kprintf(char const*, ...)
 *fill*         0x00000000c000a5d1        0x1 
 .text          0x00000000c000a5d2      0xc5c fs/vfs.32
                0x00000000c000a5d2                File::read(unsigned long long, void*, int*)
                0x00000000c000a62a                File::write(unsigned long long, void*, int*)
                0x00000000c000a682                Directory::read(unsigned long long, void*, int*)
                0x00000000c000a6da                Directory::write(unsigned long long, void*, int*)
                0x00000000c000a708                File::isAtty()
                0x00000000c000a70c                Directory::isAtty()
                0x00000000c000a710                Filesystem::getlabel(LogicalDisk*, int, char*, unsigned int*)
                0x00000000c000a716                Filesystem::setlabel(LogicalDisk*, int, char*)
                0x00000000c000a71c                Filesystem::allocateSwapfile(char const*, int)
                0x00000000c000a722                File::~File()
                0x00000000c000a722                File::~File()
                0x00000000c000a746                File::~File()
                0x00000000c000a770                Directory::~Directory()
                0x00000000c000a770                Directory::~Directory()
                0x00000000c000a794                Directory::~Directory()
                0x00000000c000a7be                Filesystem::Filesystem()
                0x00000000c000a7be                Filesystem::Filesystem()
                0x00000000c000a7e2                Filesystem::~Filesystem()
                0x00000000c000a7e2                Filesystem::~Filesystem()
                0x00000000c000a7f0                Filesystem::~Filesystem()
                0x00000000c000a814                Fs::getcwd(Process*, char*, int)
                0x00000000c000a83e                Fs::initVFS()
                0x00000000c000a868                Fs::standardiseFiles(char*, char const*, char const*)
                0x00000000c000aa12                File::File(char const*, Process*)
                0x00000000c000aa12                File::File(char const*, Process*)
                0x00000000c000aad2                File::open(FileOpenMode)
                0x00000000c000ab30                File::close()
                0x00000000c000ab90                File::seek(unsigned long long)
                0x00000000c000abe6                File::tell(unsigned long long*)
                0x00000000c000ac36                File::rewind()
                0x00000000c000ac4a                File::unlink()
                0x00000000c000ac96                File::rename(char const*)
                0x00000000c000ace4                File::chfatattr(unsigned char, unsigned char)
                0x00000000c000ad40                File::exists()
                0x00000000c000ad7e                File::stat(unsigned long long*, bool*)
                0x00000000c000addf                Fs::setcwd(Process*, char*)
                0x00000000c000af3c                Directory::Directory(char const*, Process*)
                0x00000000c000af3c                Directory::Directory(char const*, Process*)
                0x00000000c000affc                Directory::open()
                0x00000000c000b058                Directory::close()
                0x00000000c000b0b8                Directory::unlink()
                0x00000000c000b104                Directory::rename(char const*)
                0x00000000c000b152                Directory::exists()
                0x00000000c000b190                Directory::read(dirent*)
                0x00000000c000b1dc                Directory::create()
                0x00000000c000b228                Filesystem::chfatattr(char const*, unsigned char, unsigned char)
 *fill*         0x00000000c000b22e        0x2 
 .text          0x00000000c000b230       0x86 hal/bus.32
                0x00000000c000b230                Bus::Bus(char const*)
                0x00000000c000b230                Bus::Bus(char const*)
                0x00000000c000b268                Bus::~Bus()
                0x00000000c000b268                Bus::~Bus()
                0x00000000c000b28c                Bus::~Bus()
 .text          0x00000000c000b2b6       0x96 hal/buzzer.32
                0x00000000c000b2b6                beepThread(void*)
                0x00000000c000b2f3                Krnl::beep(int, int, bool)
 .text          0x00000000c000b34c      0x46d hal/clock.32
                0x00000000c000b34c                User::loadClockSettings(int)
                0x00000000c000b39e                Clock::Clock(char const*)
                0x00000000c000b39e                Clock::Clock(char const*)
                0x00000000c000b3d4                Clock::~Clock()
                0x00000000c000b3d4                Clock::~Clock()
                0x00000000c000b3f8                Clock::~Clock()
                0x00000000c000b422                Clock::timeInSecondsLocal()
                0x00000000c000b46a                Clock::setTimeInSecondsLocal(unsigned long long)
                0x00000000c000b4c3                datetimeToSeconds(datetime_t)
                0x00000000c000b5f0                Clock::setTimeInDatetimeLocal(datetime_t)
                0x00000000c000b650                secondsToDatetime(unsigned long long)
                0x00000000c000b794                Clock::timeInDatetimeLocal()
 *fill*         0x00000000c000b7b9        0x1 
 .text          0x00000000c000b7ba      0x464 hal/device.32
                0x00000000c000b7ba                Device::hibernate()
                0x00000000c000b7bc                Device::wake()
                0x00000000c000b7be                Device::detect()
                0x00000000c000b7c0                Device::disableLegacy()
                0x00000000c000b7c2                Device::powerSaving(PowerSavingLevel)
                0x00000000c000b7c4                DriverlessDevice::close(int, int, void*)
                0x00000000c000b7c8                DriverlessDevice::detect()
                0x00000000c000b7ca                DriverlessDevice::open(int, int, void*)
                0x00000000c000b7de                Device::~Device()
                0x00000000c000b7de                Device::~Device()
                0x00000000c000b7ec                Device::~Device()
                0x00000000c000b814                Device::findAndLoadDriver()
                0x00000000c000b822                Device::preOpenPCI(PCIDeviceInfo)
                0x00000000c000b848                Device::preOpenACPI(void*, char*, char*)
                0x00000000c000b888                Device::addIRQHandler(int, void (*)(regs*, void*), bool, void*)
                0x00000000c000b8b2                Device::getParent()
                0x00000000c000b8be                Device::removeIRQHandler(int, void (*)(regs*, void*), bool)
                0x00000000c000b8dc                Device::addChild(Device*)
                0x00000000c000b920                Device::removeAllChildren()
                0x00000000c000b966                Device::hibernateAll()
                0x00000000c000b996                Device::wakeAll()
                0x00000000c000b9c6                Device::detectAll()
                0x00000000c000b9f6                Device::disableLegacyAll()
                0x00000000c000b9f8                Device::loadDriversForAll()
                0x00000000c000b9fa                Device::closeAll()
                0x00000000c000ba30                Device::powerSavingAll(PowerSavingLevel)
                0x00000000c000ba66                Device::setName(char const*)
                0x00000000c000ba74                Device::Device(char const*)
                0x00000000c000ba74                Device::Device(char const*)
                0x00000000c000bb70                Device::getName()
                0x00000000c000bb7a                DriverlessDevice::DriverlessDevice(char const*)
                0x00000000c000bb7a                DriverlessDevice::DriverlessDevice(char const*)
                0x00000000c000bbb0                Device::addToLinkedList(LinkedList<Device>&, DeviceType)
                0x00000000c000bbf4                getDevicesOfType(DeviceType)
 *fill*         0x00000000c000bc1e        0x2 
 .text          0x00000000c000bc20       0x86 hal/diskctrl.32
                0x00000000c000bc20                HardDiskController::HardDiskController(char const*)
                0x00000000c000bc20                HardDiskController::HardDiskController(char const*)
                0x00000000c000bc58                HardDiskController::~HardDiskController()
                0x00000000c000bc58                HardDiskController::~HardDiskController()
                0x00000000c000bc7c                HardDiskController::~HardDiskController()
 .text          0x00000000c000bca6       0xe2 hal/diskphys.32
                0x00000000c000bca6                PhysicalDisk::eject()
                0x00000000c000bcaa                PhysicalDisk::PhysicalDisk(char const*, int)
                0x00000000c000bcaa                PhysicalDisk::PhysicalDisk(char const*, int)
                0x00000000c000bd12                PhysicalDisk::startCache()
                0x00000000c000bd3a                PhysicalDisk::~PhysicalDisk()
                0x00000000c000bd3a                PhysicalDisk::~PhysicalDisk()
                0x00000000c000bd5e                PhysicalDisk::~PhysicalDisk()
 .text          0x00000000c000bd88        0x0 hal/fpu.32
 .text          0x00000000c000bd88      0x35d hal/intctrl.32
                0x00000000c000bd88                int_handler
                0x00000000c000be10                installISRHandler(int, void (*)(regs*, void*), void*)
                0x00000000c000be58                installIRQHandler(int, void (*)(regs*, void*), bool, void*)
                0x00000000c000bf90                uninstallISRHandler(int, void (*)(regs*, void*))
                0x00000000c000bfc4                uninstallIRQHandler(int, void (*)(regs*, void*), bool)
                0x00000000c000c043                setupINTS()
                0x00000000c000c0a0                convertLegacyIRQNumber(int)
 *fill*         0x00000000c000c0e5        0x1 
 .text          0x00000000c000c0e6      0x78c hal/keybrd.32
                0x00000000c000c0e6                startGUI(void*)
                0x00000000c000c152                startGUIVESA(void*)
                0x00000000c000c1be                sendKeyToTerminal(unsigned char)
                0x00000000c000c281                sendKeyboardToken(KeyboardToken)
                0x00000000c000c6c1                clearInternalKeybuffer(VgaText*)
                0x00000000c000c6f6                readKeyboard(VgaText*, char*, unsigned long)
                0x00000000c000c7e8                Keyboard::Keyboard(char const*)
                0x00000000c000c7e8                Keyboard::Keyboard(char const*)
                0x00000000c000c824                Keyboard::~Keyboard()
                0x00000000c000c824                Keyboard::~Keyboard()
                0x00000000c000c848                Keyboard::~Keyboard()
 .text          0x00000000c000c872      0x3ea hal/logidisk.32
                0x00000000c000c872                LogicalDisk::close(int, int, void*)
                0x00000000c000c876                LogicalDisk::~LogicalDisk()
                0x00000000c000c876                LogicalDisk::~LogicalDisk()
                0x00000000c000c89a                LogicalDisk::~LogicalDisk()
                0x00000000c000c8c4                LogicalDisk::open(int, int, void*)
                0x00000000c000c8d8                LogicalDisk::absoluteToRelative(unsigned long long)
                0x00000000c000c910                LogicalDisk::relativeToAbsolute(unsigned long long)
                0x00000000c000c956                LogicalDisk::LogicalDisk(char const*, PhysicalDisk*, unsigned long long, unsigned long long)
                0x00000000c000c956                LogicalDisk::LogicalDisk(char const*, PhysicalDisk*, unsigned long long, unsigned long long)
                0x00000000c000ca0c                LogicalDisk::assignDriveLetter()
                0x00000000c000cac2                LogicalDisk::mount()
                0x00000000c000cb0a                LogicalDisk::unmount()
                0x00000000c000cb1a                LogicalDisk::eject()
                0x00000000c000cb2e                LogicalDisk::unassignDriveLetter()
                0x00000000c000cb84                LogicalDisk::read(unsigned long long, int, void*)
                0x00000000c000cbf0                LogicalDisk::write(unsigned long long, int, void*)
 .text          0x00000000c000cc5c       0x86 hal/mouse.32
                0x00000000c000cc5c                Mouse::Mouse(char const*)
                0x00000000c000cc5c                Mouse::Mouse(char const*)
                0x00000000c000cc94                Mouse::~Mouse()
                0x00000000c000cc94                Mouse::~Mouse()
                0x00000000c000ccb8                Mouse::~Mouse()
 .text          0x00000000c000cce2      0x339 hal/partition.32
                0x00000000c000cce2                makePartition(PhysicalDisk*, unsigned long long, unsigned long long)
                0x00000000c000cd8a                createPartitionsForDisk(PhysicalDisk*)
 *fill*         0x00000000c000d01b        0x1 
 .text          0x00000000c000d01c       0x86 hal/serial.32
                0x00000000c000d01c                Serial::Serial(char const*)
                0x00000000c000d01c                Serial::Serial(char const*)
                0x00000000c000d054                Serial::~Serial()
                0x00000000c000d054                Serial::~Serial()
                0x00000000c000d078                Serial::~Serial()
 *fill*         0x00000000c000d0a2        0x2 
 .text          0x00000000c000d0a4      0x234 hal/timer.32
                0x00000000c000d0a4                Timer::Timer(char const*)
                0x00000000c000d0a4                Timer::Timer(char const*)
                0x00000000c000d0dc                Timer::~Timer()
                0x00000000c000d0dc                Timer::~Timer()
                0x00000000c000d100                Timer::~Timer()
                0x00000000c000d12a                Timer::read()
                0x00000000c000d135                setupTimer(int)
                0x00000000c000d170                timerHandler(unsigned int)
 .text          0x00000000c000d2d8      0x3ee hal/vcache.32
                0x00000000c000d2d8                VCache::VCache(PhysicalDisk*)
                0x00000000c000d2d8                VCache::VCache(PhysicalDisk*)
                0x00000000c000d440                VCache::invalidateReadBuffer()
                0x00000000c000d450                VCache::writeWriteBuffer()
                0x00000000c000d49c                VCache::~VCache()
                0x00000000c000d49c                VCache::~VCache()
                0x00000000c000d4f0                VCache::~VCache()
                0x00000000c000d518                VCache::write(unsigned long long, int, void*)
                0x00000000c000d62e                VCache::read(unsigned long long, int, void*)
 .text          0x00000000c000d6c6      0x4b3 hal/video.32
                0x00000000c000d6c6                Video::putrect(int, int, int, int, unsigned int)
                0x00000000c000d712                Video::bitblit(int, int, int, int, int, int, int, unsigned int*)
                0x00000000c000d782                Video::blit(unsigned int*, int, int, int, int)
                0x00000000c000d800                Video::clearScreen(unsigned int)
                0x00000000c000d834                Video::putpixel(int, int, unsigned int)
                0x00000000c000d842                Video::Video(char const*)
                0x00000000c000d842                Video::Video(char const*)
                0x00000000c000d878                Video::~Video()
                0x00000000c000d878                Video::~Video()
                0x00000000c000d89c                Video::~Video()
                0x00000000c000d8c6                Video::isMonochrome()
                0x00000000c000d8d2                Video::getWidth()
                0x00000000c000d8de                Video::getHeight()
                0x00000000c000d8ea                Video::drawCursor(int, int, unsigned char*, int)
                0x00000000c000d9a6                Video::tgaParse(unsigned char*, int, int*, int*)
                0x00000000c000db0e                Video::putTGA(int, int, unsigned char*, int)
 *fill*         0x00000000c000db79        0x3 
 .text          0x00000000c000db7c     0x1307 hw/acpi.32
                0x00000000c000db7c                ACPI::close(int, int, void*)
                0x00000000c000dc34                findRSDP()
                0x00000000c000dcc4                loadACPITables(unsigned char*)
                0x00000000c000df28                findRSDT(unsigned char*)
                0x00000000c000e078                findDataTable(unsigned char*, char*)
                0x00000000c000e0f0                scanMADT()
                0x00000000c000e5c4                ACPI::ACPI()
                0x00000000c000e5c4                ACPI::ACPI()
                0x00000000c000e618                ACPI::getPCIIRQAssignment(unsigned char, unsigned short, unsigned char)
                0x00000000c000e700                ACPI::registerPCIIRQAssignment(void*, unsigned short, unsigned char, unsigned char)
                0x00000000c000e7c8                ACPI::setScreenBrightnessLevel(void*, int)
                0x00000000c000e7d0                ACPI::detectPCI()
                0x00000000c000e9d8                ACPI::writeSimpleBootFlag(SimpleBootFlagTable*)
                0x00000000c000ea2c                ACPI::sleep()
                0x00000000c000ea48                ACPI::open(int, int, void*)
 *fill*         0x00000000c000ee83        0x1 
 .text          0x00000000c000ee84      0xb95 hw/cpu.32
                0x00000000c000ee84                CPU::close(int, int, void*)
                0x00000000c000ee88                CPU::AMD_K6_write_msr(unsigned int, unsigned int, unsigned int, CPU::REGS*)
                0x00000000c000eea4                CPU::AMD_K6_read_msr(unsigned int, CPU::REGS*)
                0x00000000c000eebc                CPU::AMD_K6_writeback(int, int, int)
                0x00000000c000ef30                CPU::cpuid(int, unsigned long*, unsigned long*, unsigned long*, unsigned long*)
                0x00000000c000efb4                CPU::cpuidCheckEDX(unsigned int)
                0x00000000c000efe2                CPU::cpuidCheckECX(unsigned int)
                0x00000000c000f010                CPU::cpuidCheckExtendedEBX(unsigned int)
                0x00000000c000f03e                CPU::cpuidCheckExtendedECX(unsigned int)
                0x00000000c000f06c                CPU::CPU()
                0x00000000c000f06c                CPU::CPU()
                0x00000000c000f0fa                CPU::displayFeatures()
                0x00000000c000f0fc                CPU::detectFeatures()
                0x00000000c000f7c0                CPU::setupSMEP()
                0x00000000c000f7cc                CPU::setupUMIP()
                0x00000000c000f7d6                CPU::setupTSC()
                0x00000000c000f7e0                CPU::setupLargePages()
                0x00000000c000f7ea                CPU::setupPAT()
                0x00000000c000f826                CPU::setupMTRR()
                0x00000000c000f828                CPU::setupGlobalPages()
                0x00000000c000f832                CPU::allowUsermodeDataAccess()
                0x00000000c000f844                CPU::prohibitUsermodeDataAccess()
                0x00000000c000f856                CPU::setupSMAP()
                0x00000000c000f864                CPU::setupFeatures()
                0x00000000c000f930                CPU::open(int, int, void*)
 .text          0x00000000c000fa19       0xd1 krnl/bootmsg.32
                0x00000000c000fa19                KeDisplaySplashScreen()
                0x00000000c000fa87                KeSetBootMessage(char const*)
 .text          0x00000000c000faea      0x581 krnl/env.32
                0x00000000c000faea                EnvVarContainer::getEnv(char const*)
                0x00000000c000fb28                EnvVarContainer::setEnv(char const*, char const*)
                0x00000000c000fbea                EnvVarContainer::deleteEnv(char const*)
                0x00000000c000fbec                EnvVarContainer::loadFrom(char const*, char const*)
                0x00000000c000fdd2                EnvVarContainer::__loadSystem()
                0x00000000c000fdec                EnvVarContainer::__loadUser()
                0x00000000c000fdee                EnvVarContainer::EnvVarContainer(Process*)
                0x00000000c000fdee                EnvVarContainer::EnvVarContainer(Process*)
                0x00000000c000fe10                EnvVarContainer::~EnvVarContainer()
                0x00000000c000fe10                EnvVarContainer::~EnvVarContainer()
                0x00000000c000fe40                Krnl::getEnv(Process*, char const*)
                0x00000000c000fea5                Krnl::setEnvSystem(char const*, char const*)
                0x00000000c000febf                Krnl::setEnvUser(char const*, char const*)
                0x00000000c000fede                Krnl::setEnvProcess(Process*, char const*, char const*)
                0x00000000c000fef1                Krnl::deleteEnvSystem(char const*)
                0x00000000c000fef2                Krnl::deleteEnvUser(char const*)
                0x00000000c000fef3                Krnl::deleteEnvProcess(Process*, char const*)
                0x00000000c000fef4                Krnl::newProcessEnv(Process*)
                0x00000000c000ff16                Krnl::copyProcessEnv(Process*, Process*)
                0x00000000c000ff62                Krnl::loadSystemEnv()
                0x00000000c000ff90                Krnl::loadUserEnv()
                0x00000000c000ffb6                Krnl::flushEnv()
                0x00000000c000ffb7                Krnl::getProcessTotalEnvCount(Process*)
                0x00000000c000ffd7                Krnl::getProcessEnvPair(Process*, int)
 .text          0x00000000c001006b       0x94 krnl/inlines.32
                0x00000000c001006b                CPU::current()
                0x00000000c0010077                operator new(unsigned long)
                0x00000000c001007c                operator delete(void*)
                0x00000000c0010081                disableIRQs()
                0x00000000c0010083                enableIRQs()
                0x00000000c0010085                lockScheduler()
                0x00000000c001008d                unlockScheduler()
                0x00000000c001009c                lockStuff()
                0x00000000c00100aa                unlockStuff()
                0x00000000c00100e4                Virt::getAKernelVAS()
                0x00000000c00100ea                __not_memcpy
 .text          0x00000000c00100ff        0xc krnl/panic.32
                0x00000000c00100ff                KePanic(char const*)
 .text          0x00000000c001010b      0x142 krnl/powctrl.32
                0x00000000c001010b                Krnl::powerThread(void*)
                0x00000000c0010139                Krnl::changePowerSettings(Krnl::PowerSettings)
                0x00000000c001014f                Krnl::userIOReceived()
                0x00000000c001015a                Krnl::handlePowerButton()
                0x00000000c001018f                Krnl::handleSleepButton()
                0x00000000c00101c4                Krnl::setupPowerManager()
 *fill*         0x00000000c001024d        0x3 
 .text          0x00000000c0010250      0x190 krnl/resolve.32
                0x00000000c0010250                KeResolveCompatibilitySymbol(char*)
 .text          0x00000000c00103e0      0xc41 krnl/syscalls.32
                0x00000000c00103e0                SysSeekDir(regs*)
                0x00000000c00103e5                SysTellDir(regs*)
                0x00000000c00103ea                SysVerify(regs*)
                0x00000000c00103f4                SysGetArgc(regs*)
                0x00000000c0010404                SysTTYName(regs*)
                0x00000000c001040c                SysFormatDisk(regs*)
                0x00000000c0010479                SysSetDiskVolumeLabel(regs*)
                0x00000000c00104c3                SysGetDiskVolumeLabel(regs*)
                0x00000000c0010518                SysShutdown(regs*)
                0x00000000c0010576                SysRealpath(regs*)
                0x00000000c00105b9                SysReadDir(regs*)
                0x00000000c0010639                SysIsATTY(regs*)
                0x00000000c0010695                SysSeek(regs*)
                0x00000000c00106ee                SysTell(regs*)
                0x00000000c001075d                SysSize(regs*)
                0x00000000c00107d2                SysSizeFromFilename(regs*)
                0x00000000c0010885                SysClose(regs*)
                0x00000000c00108e5                SysOpenDir(regs*)
                0x00000000c001095c                SysCloseDir(regs*)
                0x00000000c00109b0                SysMakeDir(regs*)
                0x00000000c0010a22                SysWait(regs*)
                0x00000000c0010a3f                SysNotImpl(regs*)
                0x00000000c0010a5a                SysPanic(regs*)
                0x00000000c0010a75                SysRmdir(regs*)
                0x00000000c0010adc                SysUnlink(regs*)
                0x00000000c0010b43                SysGetArgv(regs*)
                0x00000000c0010b90                SysUSleep(regs*)
                0x00000000c0010bb9                SysSpawn(regs*)
                0x00000000c0010c22                SysGetEnv(regs*)
                0x00000000c0010cd1                SysSetFatAttrib(regs*)
                0x00000000c0010d48                SysPipe(regs*)
                0x00000000c0010d8d                SysGetUnixTime(regs*)
                0x00000000c0010da1                string_ends_with(char const*, char const*)
                0x00000000c0010deb                SysOpen(regs*)
                0x00000000c0010fdf                KeSystemCall(regs*, void*)
 .text          0x00000000c0011021      0x50e reg/registry.32
                0x00000000c0011021                Reg::findLineFromLoadedData(char*, char*, char*)
                0x00000000c0011179                Reg::getLineFromRegistry(char*, char*, char*, char*)
                0x00000000c00112ce                Reg::getLine(char*, char*, char*)
                0x00000000c0011305                Reg::readInt(char*, char*, int*)
                0x00000000c00113f0                Reg::readString(char*, char*, char*, int)
                0x00000000c0011471                Reg::readBool(char*, char*, bool*)
                0x00000000c0011496                Reg::readBoolWithDefault(char*, char*, bool)
                0x00000000c00114c2                Reg::readIntWithDefault(char*, char*, int)
                0x00000000c00114ee                Reg::readStringWithDefault(char*, char*, char*, int, char*)
 .text          0x00000000c001152f       0x36 sys/eject.32
                0x00000000c001152f                SysEject(regs*)
 .text          0x00000000c0011565       0x18 sys/exit.32
                0x00000000c0011565                SysExit(regs*)
 .text          0x00000000c001157d       0x1f sys/getcwd.32
                0x00000000c001157d                SysGetCwd(regs*)
 .text          0x00000000c001159c        0xc sys/getpid.32
                0x00000000c001159c                SysGetPID(regs*)
 .text          0x00000000c00115a8       0x1a sys/getramdata.32
                0x00000000c00115a8                SysGetRAMData(regs*)
 .text          0x00000000c00115c2       0x82 sys/getvgaptr.32
                0x00000000c00115c2                SysGetVGAPtr(regs*)
 .text          0x00000000c0011644       0xa8 sys/loaddll.32
                0x00000000c0011644                SysLoadDLL(regs*)
 .text          0x00000000c00116ec       0x68 sys/read.32
                0x00000000c00116ec                SysRead(regs*)
 .text          0x00000000c0011754       0x55 sys/sbrk.32
                0x00000000c0011754                SysSbrk(regs*)
 .text          0x00000000c00117a9       0x1c sys/setcwd.32
                0x00000000c00117a9                SysSetCwd(regs*)
 .text          0x00000000c00117c5       0x95 sys/settime.32
                0x00000000c00117c5                SysSetTime(regs*)
 .text          0x00000000c001185a       0x4a sys/timezone.32
                0x00000000c001185a                SysTimezone(regs*)
 .text          0x00000000c00118a4       0x68 sys/write.32
                0x00000000c00118a4                SysWrite(regs*)
 .text          0x00000000c001190c       0x62 sys/wsbe.32
                0x00000000c001190c                SysWsbe(regs*)
 .text          0x00000000c001196e       0x25 sys/yield.32
                0x00000000c001196e                SysYield(regs*)
 .text          0x00000000c0011993     0x11e5 thr/elf.32
                0x00000000c0011993                Thr::allocateMemoryForTask(Process*, File*, unsigned long, unsigned long, unsigned long)
                0x00000000c0011c1f                Thr::loadProgramIntoMemory(Process*, char const*)
                0x00000000c0011e35                Thr::runtimeReferenceHelper()
                0x00000000c0011e48                Thr::getAddressOfKernelSymbol(char const*)
                0x00000000c0011e97                Thr::loadKernelSymbolTable(char const*)
                0x00000000c0012155                Thr::loadDriverIntoMemory(char const*, unsigned long, bool)
                0x00000000c001288b                Thr::getDriverBaseFromAddress(unsigned long)
                0x00000000c00128bd                Thr::getDriverNameFromAddress(unsigned long)
                0x00000000c00128f4                Thr::getDriverOffsetFromAddress(unsigned long)
                0x00000000c001290e                Thr::loadDLL(char const*, bool)
                0x00000000c0012b3f                Thr::executeDLL(unsigned long, void*)
 .text          0x00000000c0012b78     0x12c5 thr/prcssthr.32
                0x00000000c0012b78                userModeEntryPoint(void*)
                0x00000000c0012ba0                changeTSS
                0x00000000c0012bd0                switchToThread(ThreadControlBlock*)
                0x00000000c0012c84                Process::addArgs(char**)
                0x00000000c0012ce4                Process::Process(char const*, Process*, char**)
                0x00000000c0012ce4                Process::Process(char const*, Process*, char**)
                0x00000000c0012ed4                Process::Process(bool, char const*, Process*, char**)
                0x00000000c0012ed4                Process::Process(bool, char const*, Process*, char**)
                0x00000000c0013090                taskStartupFunction
                0x00000000c001309c                Semaphore::Semaphore(int)
                0x00000000c001309c                Semaphore::Semaphore(int)
                0x00000000c00130cc                Mutex::Mutex()
                0x00000000c00130cc                Mutex::Mutex()
                0x00000000c00130e0                Process::createThread(void (*)(void*), void*, int)
                0x00000000c00131d8                Process::createUserThread()
                0x00000000c00131f8                setupMultitasking(void (*)())
                0x00000000c0013300                schedule()
                0x00000000c0013390                Semaphore::tryAcquire()
                0x00000000c001345c                Semaphore::assertLocked(char const*)
                0x00000000c00134d4                blockTaskWithSchedulerLockAlreadyHeld(TaskState)
                0x00000000c00134fc                blockTask(TaskState)
                0x00000000c001352c                waitTask(int, int*, int)
                0x00000000c0013570                milliTenthSleepUntil(unsigned int)
                0x00000000c0013600                milliTenthSleep(unsigned int)
                0x00000000c0013610                sleep(unsigned int)
                0x00000000c001362c                Semaphore::acquire()
                0x00000000c00136e8                taskReturned
                0x00000000c0013724                Thr::processFromPID(int)
                0x00000000c00137c4                unblockTask(ThreadControlBlock*)
                0x00000000c0013868                cleanupTerminatedTask(ThreadControlBlock*)
                0x00000000c0013b34                cleanerTaskFunction(void*)
                0x00000000c0013c24                terminateTask(int)
                0x00000000c0013cf0                Thr::terminateFromIRQ(int)
                0x00000000c0013d00                Semaphore::release()
 .text          0x00000000c0013e3d      0xb93 vm86/vm8086.32
                0x00000000c0013e3d                Vm::inbv(unsigned short)
                0x00000000c0013e50                Vm::outbv(unsigned short, unsigned char)
                0x00000000c0013e86                Vm::realToLinear(unsigned short, unsigned short)
                0x00000000c0013e96                Vm::getSegment(unsigned int)
                0x00000000c0013e9e                Vm::getOffset(unsigned int)
                0x00000000c0013ea3                Vm::mainloop2()
                0x00000000c0013edd                Vm::mainVm8086Loop(void*)
                0x00000000c0013eed                Vm::mainloop3(unsigned long)
                0x00000000c0013f13                Vm::initialise8086()
                0x00000000c0013f56                Vm::finish8086()
                0x00000000c0013fb7                Vm::getOutput8086(unsigned char*)
                0x00000000c0013fdc                Vm::start8086FromBuffer(unsigned char*, int, unsigned short, unsigned short, unsigned short, unsigned short)
                0x00000000c0014095                Vm::start8086(char const*, unsigned short, unsigned short, unsigned short, unsigned short)
                0x00000000c00141fd                Vm::doISR(regs*, int, unsigned char*, unsigned short, unsigned short)
                0x00000000c0014287                Vm::readByteFromReal(unsigned short, unsigned short)
                0x00000000c0014298                Vm::readWordFromReal(unsigned short, unsigned short)
                0x00000000c00142aa                Vm::readDwordFromReal(unsigned short, unsigned short)
                0x00000000c00142bb                Vm::writeByteFromReal(unsigned short, unsigned short, unsigned char)
                0x00000000c00142d0                Vm::writeWordFromReal(unsigned short, unsigned short, unsigned short)
                0x00000000c00142e6                Vm::writeDwordFromReal(unsigned short, unsigned short, unsigned int)
                0x00000000c00142fb                Vm::faultHandler(regs*)
 .text          0x00000000c00149d0      0xa53 arch/i386/hal.32
                0x00000000c00149d0                noCopro(unsigned long)
                0x00000000c00149d1                nmiHandler(regs*, void*)
                0x00000000c00149ea                doubleFault(regs*, void*)
                0x00000000c0014a03                displayDebugInfo(regs*)
                0x00000000c0014d24                HalSystemIdle()
                0x00000000c0014d9a                displayProgramFault(char const*)
                0x00000000c0014de6                gpFault(regs*, void*)
                0x00000000c0014e4b                pgFault(regs*, void*)
                0x00000000c0014ed1                otherISRHandler(regs*, void*)
                0x00000000c0014f05                opcodeFault(regs*, void*)
                0x00000000c0014f85                i386SaveCoprocessor(void*)
                0x00000000c0014f99                i386LoadCoprocessor(void*)
                0x00000000c0014fad                x87EmulHandler(regs*, void*)
                0x00000000c001504a                HalInitialiseCoprocessor()
                0x00000000c00150f8                HalPanic(char const*)
                0x00000000c00151f1                HalQueryPerformanceCounter()
                0x00000000c001520c                HalInitialise()
                0x00000000c00153b2                HalMakeBeep(int)
                0x00000000c00153ec                HalGetRand()
                0x00000000c00153ef                HalEndOfInterrupt(int)
                0x00000000c0015420                HalRestart()
                0x00000000c0015421                HalShutdown()
                0x00000000c0015422                HalSleep()
 *fill*         0x00000000c0015423        0x1 
 .text          0x00000000c0015424      0x2f4 arch/i386/pic.32
                0x00000000c0015424                picIoWait()
                0x00000000c001542c                picDisable()
                0x00000000c0015460                picGetIRQReg(int)
                0x00000000c00154e4                picOpen()
                0x00000000c0015674                picEOI(int)
 .text          0x00000000c0015718      0x64d arch/i386/rtc.32
                0x00000000c0015718                RTC::open(int, int, void*)
                0x00000000c001571c                RTC::close(int, int, void*)
                0x00000000c0015720                RTC::timeInSecondsUTC()
                0x00000000c0015732                RTC::timeInDatetimeUTC()
                0x00000000c0015758                RTC::setTimeInSecondsUTC(unsigned long long)
                0x00000000c0015796                RTC::~RTC()
                0x00000000c0015796                RTC::~RTC()
                0x00000000c00157ba                RTC::~RTC()
                0x00000000c00157e4                RTC::get_update_in_progress_flag()
                0x00000000c00157fc                RTC::completeRTCRefresh()
                0x00000000c0015ab4                RTC::setTimeInDatetimeUTC(datetime_t)
                0x00000000c0015c67                rtcIRQHandler(regs*, void*)
                0x00000000c0015cac                RTC::RTC()
                0x00000000c0015cac                RTC::RTC()
 *fill*         0x00000000c0015d65        0x3 
 .text          0x00000000c0015d68      0x203 arch/i386/vga.32
                0x00000000c0015d68                HalConsoleScroll(int, int)
                0x00000000c0015e70                HalConsoleWriteCharacter(char, int, int, int, int)
                0x00000000c0015edc                HalConsoleCursorUpdate(int, int)
 *fill*         0x00000000c0015f6b        0x1 
 .text          0x00000000c0015f6c     0x13e7 fs/fat/vfslink.32
                0x00000000c0015f6c                FAT::getName()
                0x00000000c0015f74                FAT::tell(void*, unsigned long long*)
                0x00000000c0015fb0                FAT::stat(void*, unsigned long long*)
                0x00000000c0015fec                FAT::~FAT()
                0x00000000c0015fec                FAT::~FAT()
                0x00000000c0016010                FAT::~FAT()
                0x00000000c0016038                FAT::getlabel(LogicalDisk*, int, char*, unsigned int*)
                0x00000000c00160dc                FAT::setlabel(LogicalDisk*, int, char*)
                0x00000000c00161a0                FAT::format(LogicalDisk*, int, char const*, int)
                0x00000000c0016374                FAT::tryMount(LogicalDisk*, int)
                0x00000000c001658c                FAT::allocateSwapfile(char const*, int)
                0x00000000c001674c                FAT::readDir(void*, unsigned long, void*, int*)
                0x00000000c00168b8                FAT::read(void*, unsigned long, void*, int*)
                0x00000000c0016918                FAT::write(void*, unsigned long, void*, int*)
                0x00000000c0016978                FAT::close(void*)
                0x00000000c00169cc                FAT::closeDir(void*)
                0x00000000c0016a20                FAT::seek(void*, unsigned long long)
                0x00000000c0016a78                fatWrapperReadDisk
                0x00000000c0016abc                fatWrapperWriteDisk
                0x00000000c0016b00                fatWrapperIoctl
                0x00000000c0016c1c                FAT::FAT()
                0x00000000c0016c1c                FAT::FAT()
                0x00000000c0016c70                FAT::fixFilepath(char*)
                0x00000000c0016cac                FAT::open(char const*, void**, FileOpenMode)
                0x00000000c0016de4                FAT::openDir(char const*, void**)
                0x00000000c0016e94                FAT::stat(char const*, unsigned long long*, bool*)
                0x00000000c0016f8c                FAT::unlink(char const*)
                0x00000000c001700c                FAT::chfatattr(char const*, unsigned char, unsigned char)
                0x00000000c0017198                FAT::rename(char const*, char const*)
                0x00000000c0017264                FAT::mkdir(char const*)
                0x00000000c00172e4                FAT::exists(char const*)
 *fill*         0x00000000c0017353        0x1 
 .text          0x00000000c0017354       0xc6 fs/iso9660/helper.32
                0x00000000c0017354                isoReadDiscSectorHelper
                0x00000000c00173b0                iso_kprintf
                0x00000000c00173d0                iso_kprintfd
 .text          0x00000000c001741a      0x58c fs/iso9660/vfslink.32
                0x00000000c001741a                ISO9660::format(LogicalDisk*, int, char const*, int)
                0x00000000c0017420                ISO9660::getName()
                0x00000000c0017426                ISO9660::closeDir(void*)
                0x00000000c0017430                ISO9660::chfatattr(char const*, unsigned char, unsigned char)
                0x00000000c0017436                ISO9660::unlink(char const*)
                0x00000000c001743c                ISO9660::write(void*, unsigned long, void*, int*)
                0x00000000c0017442                ISO9660::rename(char const*, char const*)
                0x00000000c0017448                ISO9660::mkdir(char const*)
                0x00000000c001744e                ISO9660::~ISO9660()
                0x00000000c001744e                ISO9660::~ISO9660()
                0x00000000c0017472                ISO9660::~ISO9660()
                0x00000000c001749a                ISO9660::exists(char const*)
                0x00000000c00174ae                ISO9660::open(char const*, void**, FileOpenMode)
                0x00000000c001753a                ISO9660::openDir(char const*, void**)
                0x00000000c00175ba                ISO9660::read(void*, unsigned long, void*, int*)
                0x00000000c00175fa                ISO9660::seek(void*, unsigned long long)
                0x00000000c0017632                ISO9660::tell(void*, unsigned long long*)
                0x00000000c0017668                ISO9660::stat(void*, unsigned long long*)
                0x00000000c00176a2                ISO9660::stat(char const*, unsigned long long*, bool*)
                0x00000000c001778e                ISO9660::close(void*)
                0x00000000c00177b4                ISO9660::readDir(void*, unsigned long, void*, int*)
                0x00000000c0017881                readSectorFromCDROM(unsigned int, unsigned char*, char)
                0x00000000c001790c                ISO9660::tryMount(LogicalDisk*, int)
                0x00000000c001797e                ISO9660::ISO9660()
                0x00000000c001797e                ISO9660::ISO9660()
 .text          0x00000000c00179a6      0x26c hal/sound/sndcard.32
                0x00000000c00179a6                SoundCard::beginPlayback()
                0x00000000c00179b4                SoundCard::stopPlayback()
                0x00000000c00179c2                SoundCard::SoundCard(char const*)
                0x00000000c00179c2                SoundCard::SoundCard(char const*)
                0x00000000c0017a60                SoundCard::~SoundCard()
                0x00000000c0017a60                SoundCard::~SoundCard()
                0x00000000c0017a84                SoundCard::~SoundCard()
                0x00000000c0017aae                SoundCard::configureRates(int, int, int)
                0x00000000c0017ade                SoundCard::getSamples16(int, short*)
                0x00000000c0017b3a                SoundCard::getSamples32(int, int*)
                0x00000000c0017bc0                SoundCard::addChannel(SoundPort*)
                0x00000000c0017bfe                SoundCard::removeChannel(int)
 *fill*         0x00000000c0017c12        0x2 
 .text          0x00000000c0017c14      0x377 hal/sound/sndport.32
                0x00000000c0017c14                SoundPort::SoundPort(int, int, int, int)
                0x00000000c0017c14                SoundPort::SoundPort(int, int, int, int)
                0x00000000c0017ca0                SoundPort::~SoundPort()
                0x00000000c0017ca0                SoundPort::~SoundPort()
                0x00000000c0017cd4                SoundPort::unpause()
                0x00000000c0017ce0                SoundPort::pause()
                0x00000000c0017cec                SoundPort::getBufferUsed()
                0x00000000c0017cf4                SoundPort::getBufferSize()
                0x00000000c0017cfc                SoundPort::buffer16(short*, int)
                0x00000000c0017d88                SoundPort::buffer32(int*, int)
                0x00000000c0017e10                SoundPort::unbufferAndAdd16(int, short*, SoundCard*)
                0x00000000c0017ed4                SoundPort::unbufferAndAdd32(int, int*, SoundCard*)
 .text          0x00000000c0017f8b        0x0 hw/bus/isa.32
 *fill*         0x00000000c0017f8b        0x1 
 .text          0x00000000c0017f8c      0xb49 hw/bus/pci.32
                0x00000000c0017f8c                PCI::open(int, int, void*)
                0x00000000c0017faa                PCI::close(int, int, void*)
                0x00000000c0017fae                PCI::PCI()
                0x00000000c0017fae                PCI::PCI()
                0x00000000c0018048                PCI::readBAR8(unsigned int, int)
                0x00000000c0018064                PCI::readBAR16(unsigned int, int)
                0x00000000c0018082                PCI::readBAR32(unsigned int, int)
                0x00000000c001809e                PCI::writeBAR8(unsigned int, unsigned char, int)
                0x00000000c00180be                PCI::writeBAR16(unsigned int, unsigned short, int)
                0x00000000c00180e0                PCI::writeBAR32(unsigned int, unsigned int, int)
                0x00000000c0018100                PCI::legacyMechanism(unsigned char, unsigned char, unsigned char, unsigned char)
                0x00000000c001816e                PCI::pciReadWord(unsigned char, unsigned char, unsigned char, unsigned char)
                0x00000000c0018216                PCI::getVendorID(unsigned char, unsigned char, unsigned char)
                0x00000000c001823a                PCI::getHeaderType(unsigned char, unsigned char, unsigned char)
                0x00000000c0018262                PCI::getClassCode(unsigned char, unsigned char, unsigned char)
                0x00000000c00182ac                PCI::getProgIF(unsigned char, unsigned char, unsigned char)
                0x00000000c00182d4                PCI::getRevisionID(unsigned char, unsigned char, unsigned char)
                0x00000000c00182f8                PCI::getInterruptNumber(unsigned char, unsigned char, unsigned char)
                0x00000000c001831c                PCI::getSecondaryBus(unsigned char, unsigned char, unsigned char)
                0x00000000c0018344                PCI::getBARAddress(unsigned char, unsigned char, unsigned char, unsigned char)
                0x00000000c00183a8                PCI::pciWriteWord(unsigned char, unsigned char, unsigned char, unsigned char, unsigned short)
                0x00000000c0018490                PCI::pciDetailsToFilepath(PCIDeviceInfo, char*)
                0x00000000c001870a                PCI::checkBus(unsigned char)
                0x00000000c0018730                PCI::foundDevice(PCIDeviceInfo)
                0x00000000c00188a2                PCI::getDeviceData(unsigned char, unsigned char, unsigned char)
                0x00000000c0018a16                PCI::checkDevice(unsigned char, unsigned char)
                0x00000000c0018a82                PCI::detect()
 *fill*         0x00000000c0018ad5        0x1 
 .text          0x00000000c0018ad6      0xb5a hw/diskctrl/ide.32
                0x00000000c0018ad6                IDE::close(int, int, void*)
                0x00000000c0018ada                IDE::IDE()
                0x00000000c0018ada                IDE::IDE()
                0x00000000c0018b0e                IDE::prepareInterrupt(unsigned char)
                0x00000000c0018b20                selectDrive(unsigned char, unsigned char)
                0x00000000c0018b22                IDE::getBase(unsigned char)
                0x00000000c0018b34                IDE::write(unsigned char, unsigned char, unsigned char)
                0x00000000c0018bf4                IDE::read(unsigned char, unsigned char)
                0x00000000c0018ca2                IDE::waitInterrupt(unsigned char)
                0x00000000c0018d0a                ideChannel0IRQHandler(regs*, void*)
                0x00000000c0018d26                ideChannel1IRQHandler(regs*, void*)
                0x00000000c0018d42                IDE::enableIRQs(unsigned char, bool)
                0x00000000c0018d88                IDE::open(int, int, void*)
                0x00000000c0019196                IDE::readBuffer(unsigned char, unsigned char, unsigned int, unsigned int)
                0x00000000c0019262                IDE::detect()
                0x00000000c0019522                IDE::printError(unsigned char, unsigned char, unsigned char)
                0x00000000c00195d2                IDE::polling(unsigned char, unsigned int)
 .text          0x00000000c0019630      0x32a hw/diskctrl/satabus.32
                0x00000000c0019630                SATABus::close(int, int, void*)
                0x00000000c0019634                SATABus::detect()
                0x00000000c0019636                SATABus::SATABus()
                0x00000000c0019636                SATABus::SATABus()
                0x00000000c00196bc                SATABus::findCmdslot(SATABus::tagHBA_PORT volatile*)
                0x00000000c00196ee                SATABus::checkType(SATABus::tagHBA_PORT volatile*)
                0x00000000c0019736                SATABus::startCmd(SATABus::tagHBA_PORT volatile*)
                0x00000000c0019756                SATABus::stopCmd(SATABus::tagHBA_PORT volatile*)
                0x00000000c0019780                SATABus::portRebase(SATABus::tagHBA_PORT volatile*, int)
                0x00000000c0019890                SATABus::probePort(SATABus::tagHBA_MEM volatile*)
                0x00000000c001993a                SATABus::open(int, int, void*)
 .text          0x00000000c001995a      0x5f4 hw/diskphys/ata.32
                0x00000000c001995a                ATA::close(int, int, void*)
                0x00000000c001997e                ATA::powerSaving(PowerSavingLevel)
                0x00000000c0019980                ATA::ATA()
                0x00000000c0019980                ATA::ATA()
                0x00000000c00199ae                ATA::flush(bool)
                0x00000000c00199f8                ATA::readyForCommand()
                0x00000000c0019a44                ATA::access(unsigned long long, int, void*, bool)
                0x00000000c0019dc0                ATA::read(unsigned long long, int, void*)
                0x00000000c0019e0c                ATA::write(unsigned long long, int, void*)
                0x00000000c0019e58                ATA::detectCHS()
                0x00000000c0019e82                ATA::open(int, int, void*)
 .text          0x00000000c0019f4e      0x60e hw/diskphys/atapi.32
                0x00000000c0019f4e                ATAPI::write(unsigned long long, int, void*)
                0x00000000c0019f54                ATAPI::close(int, int, void*)
                0x00000000c0019f78                ATAPI::ATAPI()
                0x00000000c0019f78                ATAPI::ATAPI()
                0x00000000c0019fa6                ATAPI::readyForCommand()
                0x00000000c0019ff8                ATAPI::sendPacket(unsigned char*, int, bool, unsigned short*, int)
                0x00000000c001a2b8                ATAPI::diskRemoved()
                0x00000000c001a2f2                ATAPI::eject()
                0x00000000c001a33a                ATAPI::diskInserted()
                0x00000000c001a346                ATAPI::detectMedia()
                0x00000000c001a402                ATAPI::open(int, int, void*)
                0x00000000c001a4e2                ATAPI::read(unsigned long long, int, void*)
 .text          0x00000000c001a55c      0x402 hw/diskphys/sata.32
                0x00000000c001a55c                SATA::close(int, int, void*)
                0x00000000c001a580                SATA::powerSaving(PowerSavingLevel)
                0x00000000c001a582                SATA::open(int, int, void*)
                0x00000000c001a62c                SATA::SATA()
                0x00000000c001a62c                SATA::SATA()
                0x00000000c001a65a                SATA::access(unsigned long long, int, void*, bool)
                0x00000000c001a8a6                SATA::read(unsigned long long, int, void*)
                0x00000000c001a8f2                SATA::write(unsigned long long, int, void*)
 .text          0x00000000c001a95e      0x5f5 hw/diskphys/satapi.32
                0x00000000c001a95e                SATAPI::write(unsigned long long, int, void*)
                0x00000000c001a964                SATAPI::close(int, int, void*)
                0x00000000c001a988                SATAPI::SATAPI()
                0x00000000c001a988                SATAPI::SATAPI()
                0x00000000c001a9b6                SATAPI::diskRemoved()
                0x00000000c001a9b8                SATAPI::diskInserted()
                0x00000000c001a9d4                SATAPI::sendPacket(unsigned char*, int, unsigned long long, unsigned short*, int)
                0x00000000c001acb0                SATAPI::eject()
                0x00000000c001acec                SATAPI::detectMedia()
                0x00000000c001ad12                SATAPI::open(int, int, void*)
                0x00000000c001ae12                SATAPI::read(unsigned long long, int, void*)
 *fill*         0x00000000c001af53        0x1 
 .text          0x00000000c001af54      0x455 hw/intctrl/apic.32
                0x00000000c001af54                IOAPIC::close(int, int, void*)
                0x00000000c001af5a                apicGetBase()
                0x00000000c001af9c                IOAPIC::IOAPIC()
                0x00000000c001af9c                IOAPIC::IOAPIC()
                0x00000000c001afc4                apicOpen()
                0x00000000c001b12a                IOAPIC::handlesGSIWithNumber(unsigned int)
                0x00000000c001b15c                IOAPIC::read(int)
                0x00000000c001b184                IOAPIC::open(int, int, void*)
                0x00000000c001b278                IOAPIC::write(int, int)
                0x00000000c001b2a4                IOAPIC::redirect(unsigned char, unsigned long long, unsigned char, bool, bool)
 *fill*         0x00000000c001b3a9        0x3 
 .text          0x00000000c001b3ac       0xf0 hw/timer/apictimer.32
                0x00000000c001b3ac                APICTimer::close(int, int, void*)
                0x00000000c001b3b4                apicTimerHandler(regs*, void*)
                0x00000000c001b3dc                APICTimer::open(int, int, void*)
                0x00000000c001b44c                APICTimer::write(int)
                0x00000000c001b474                APICTimer::APICTimer()
                0x00000000c001b474                APICTimer::APICTimer()
 .text          0x00000000c001b49c      0x1aa hw/timer/pit.32
                0x00000000c001b49c                PIT::write(int)
                0x00000000c001b520                pitHandler(regs*, void*)
                0x00000000c001b544                PIT::open(int, int, void*)
                0x00000000c001b594                PIT::close(int, int, void*)
                0x00000000c001b5c4                PIT::PIT()
                0x00000000c001b5c4                PIT::PIT()
 *fill*         0x00000000c001b646        0xa 
 .text          0x00000000c001b650       0x83 arch/i386/avx.32
                0x00000000c001b650                avxDetect
                0x00000000c001b67a                avxSave
                0x00000000c001b68b                avxLoad
                0x00000000c001b69c                avxInit
                0x00000000c001b6be                avxClose
                0x00000000c001b6bf                wouldSheSayYes
 *fill*         0x00000000c001b6d3        0xd 
 .text          0x00000000c001b6e0      0x1d6 arch/i386/interrupt.32
                0x00000000c001b6e0                isr0
                0x00000000c001b6f0                isr1
                0x00000000c001b6fa                isr2
                0x00000000c001b704                isr3
                0x00000000c001b70e                isr4
                0x00000000c001b718                isr5
                0x00000000c001b722                isr6
                0x00000000c001b72c                isr7
                0x00000000c001b736                isr8
                0x00000000c001b73e                isr9
                0x00000000c001b748                isr10
                0x00000000c001b750                isr11
                0x00000000c001b758                isr12
                0x00000000c001b760                isr13
                0x00000000c001b768                isr14
                0x00000000c001b770                isr15
                0x00000000c001b77a                isr16
                0x00000000c001b784                isr17
                0x00000000c001b78e                isr18
                0x00000000c001b798                irq3
                0x00000000c001b7a2                irq4
                0x00000000c001b7ac                irq5
                0x00000000c001b7b6                irq6
                0x00000000c001b7c0                irq7
                0x00000000c001b7ca                irq8
                0x00000000c001b7d4                irq9
                0x00000000c001b7de                irq10
                0x00000000c001b7e8                irq11
                0x00000000c001b7f2                irq12
                0x00000000c001b7fc                irq13
                0x00000000c001b806                irq14
                0x00000000c001b810                irq15
                0x00000000c001b81a                irq1
                0x00000000c001b821                irq2
                0x00000000c001b828                isr96
                0x00000000c001b82f                irq0
                0x00000000c001b834                int_common_stub
                0x00000000c001b834                syscall_common_stub
                0x00000000c001b866                irq16
                0x00000000c001b870                irq17
                0x00000000c001b87a                irq18
                0x00000000c001b884                irq19
                0x00000000c001b88e                irq20
                0x00000000c001b898                irq21
                0x00000000c001b8a2                irq22
                0x00000000c001b8ac                irq23
 *fill*         0x00000000c001b8b6        0xa 
 .text          0x00000000c001b8c0       0x10 arch/i386/rdrand.32
                0x00000000c001b8c0                i386GetRDRAND
 .text          0x00000000c001b8d0       0x39 arch/i386/sse.32
                0x00000000c001b8d0                absolutelyNoChanceInHell
                0x00000000c001b8d0                sseDetect
                0x00000000c001b8e8                sseSave
                0x00000000c001b8f0                sseLoad
                0x00000000c001b8f8                sseInit
                0x00000000c001b908                sseClose
 *fill*         0x00000000c001b909        0x7 
 .text          0x00000000c001b910       0x49 arch/i386/x87.32
                0x00000000c001b916                x87Detect
                0x00000000c001b931                x87Save
                0x00000000c001b938                x87Load
                0x00000000c001b93f                x87Init
                0x00000000c001b958                x87Close
 *fill*         0x00000000c001b959        0x3 
 .text          0x00000000c001b95c       0x25 /cygdrive/d/Users/Alex/Desktop/Toolchain/Output/bin/../lib/gcc/i386-banana/8.1.0/crtend.o
 .text          0x00000000c001b981        0x0 crtn.32
 *fill*         0x00000000c001b981        0x3 
 .text          0x00000000c001b984      0x14b /cygdrive/d/Users/Alex/Desktop/Toolchain/Output/bin/../lib/gcc/i386-banana/8.1.0/libkgcc.a(_divdi3.o)
                0x00000000c001b984                __divdi3
 *fill*         0x00000000c001bacf        0x1 
 .text          0x00000000c001bad0      0x17e /cygdrive/d/Users/Alex/Desktop/Toolchain/Output/bin/../lib/gcc/i386-banana/8.1.0/libkgcc.a(_moddi3.o)
                0x00000000c001bad0                __moddi3
 *fill*         0x00000000c001bc4e        0x2 
 .text          0x00000000c001bc50       0xff /cygdrive/d/Users/Alex/Desktop/Toolchain/Output/bin/../lib/gcc/i386-banana/8.1.0/libkgcc.a(_udivdi3.o)
                0x00000000c001bc50                __udivdi3
 *fill*         0x00000000c001bd4f        0x1 
 .text          0x00000000c001bd50      0x11a /cygdrive/d/Users/Alex/Desktop/Toolchain/Output/bin/../lib/gcc/i386-banana/8.1.0/libkgcc.a(_umoddi3.o)
                0x00000000c001bd50                __umoddi3
 *(.gnu.linkonce.t*)

.iplt           0x00000000c001be70        0x0
 .iplt          0x00000000c001be70        0x0 D:/Users/Alex/Desktop/Banana/kernel/boot.32

.init           0x00000000c001be6a        0xf
 .init          0x00000000c001be6a        0x3 crti.32
                0x00000000c001be6a                _init
 .init          0x00000000c001be6d        0x5 /cygdrive/d/Users/Alex/Desktop/Toolchain/Output/bin/../lib/gcc/i386-banana/8.1.0/crtbegin.o
 .init          0x00000000c001be72        0x5 /cygdrive/d/Users/Alex/Desktop/Toolchain/Output/bin/../lib/gcc/i386-banana/8.1.0/crtend.o
 .init          0x00000000c001be77        0x2 crtn.32

.fini           0x00000000c001be79        0xa
 .fini          0x00000000c001be79        0x3 crti.32
                0x00000000c001be79                _fini
 .fini          0x00000000c001be7c        0x5 /cygdrive/d/Users/Alex/Desktop/Toolchain/Output/bin/../lib/gcc/i386-banana/8.1.0/crtbegin.o
 .fini          0x00000000c001be81        0x2 crtn.32

.text._ZN8ComputerD2Ev
                0x00000000c001be84       0x23
 .text._ZN8ComputerD2Ev
                0x00000000c001be84       0x23 core/computer.32
                0x00000000c001be84                Computer::~Computer()
                0x00000000c001be84                Computer::~Computer()

.text._ZN8ComputerD0Ev
                0x00000000c001bea8       0x2a
 .text._ZN8ComputerD0Ev
                0x00000000c001bea8       0x2a core/computer.32
                0x00000000c001bea8                Computer::~Computer()

.text._Z10idleCommonv
                0x00000000c001bed2       0x21
 .text._Z10idleCommonv
                0x00000000c001bed2       0x21 core/idle.32
                0x00000000c001bed2                idleCommon()

.text._ZN10LinkedListI8UnixFileED2Ev
                0x00000000c001bef4        0x2
 .text._ZN10LinkedListI8UnixFileED2Ev
                0x00000000c001bef4        0x2 core/unixfile.32
                0x00000000c001bef4                LinkedList<UnixFile>::~LinkedList()
                0x00000000c001bef4                LinkedList<UnixFile>::~LinkedList()

.text._ZN10LinkedListI8UnixFileEC2Ev
                0x00000000c001bef6       0x42
 .text._ZN10LinkedListI8UnixFileEC2Ev
                0x00000000c001bef6       0x42 core/unixfile.32
                0x00000000c001bef6                LinkedList<UnixFile>::LinkedList()
                0x00000000c001bef6                LinkedList<UnixFile>::LinkedList()

.text._ZN10LinkedListI8UnixFileE10addElementEPS0_
                0x00000000c001bf38       0xd3
 .text._ZN10LinkedListI8UnixFileE10addElementEPS0_
                0x00000000c001bf38       0xd3 core/unixfile.32
                0x00000000c001bf38                LinkedList<UnixFile>::addElement(UnixFile*)

.text._ZN10LinkedListI8UnixFileE15getFirstElementEv
                0x00000000c001c00c        0x7
 .text._ZN10LinkedListI8UnixFileE15getFirstElementEv
                0x00000000c001c00c        0x7 core/unixfile.32
                0x00000000c001c00c                LinkedList<UnixFile>::getFirstElement()

.text._ZN10LinkedListI8UnixFileE11removeFirstEv
                0x00000000c001c014       0xa1
 .text._ZN10LinkedListI8UnixFileE11removeFirstEv
                0x00000000c001c014       0xa1 core/unixfile.32
                0x00000000c001c014                LinkedList<UnixFile>::removeFirst()

.text._ZN10LinkedListI8UnixFileE7getNextEPS0_
                0x00000000c001c0b6        0x8
 .text._ZN10LinkedListI8UnixFileE7getNextEPS0_
                0x00000000c001c0b6        0x8 core/unixfile.32
                0x00000000c001c0b6                LinkedList<UnixFile>::getNext(UnixFile*)

.text._ZN16DriverlessDeviceD2Ev
                0x00000000c001c0be       0x1a
 .text._ZN16DriverlessDeviceD2Ev
                0x00000000c001c0be       0x1a hal/device.32
                0x00000000c001c0be                DriverlessDevice::~DriverlessDevice()
                0x00000000c001c0be                DriverlessDevice::~DriverlessDevice()

.text._ZN16DriverlessDeviceD0Ev
                0x00000000c001c0d8       0x2a
 .text._ZN16DriverlessDeviceD0Ev
                0x00000000c001c0d8       0x2a hal/device.32
                0x00000000c001c0d8                DriverlessDevice::~DriverlessDevice()

.text._ZN10LinkedListI6DeviceE10addElementEPS0_
                0x00000000c001c102       0xdc
 .text._ZN10LinkedListI6DeviceE10addElementEPS0_
                0x00000000c001c102       0xdc hal/device.32
                0x00000000c001c102                LinkedList<Device>::addElement(Device*)

.text._ZN10LinkedListI6DeviceEC2Ev
                0x00000000c001c1de       0x42
 .text._ZN10LinkedListI6DeviceEC2Ev
                0x00000000c001c1de       0x42 hal/device.32
                0x00000000c001c1de                LinkedList<Device>::LinkedList()
                0x00000000c001c1de                LinkedList<Device>::LinkedList()

.text._ZN10LinkedListIV18ThreadControlBlockE7isEmptyEv
                0x00000000c001c220       0x1c
 .text._ZN10LinkedListIV18ThreadControlBlockE7isEmptyEv
                0x00000000c001c220       0x1c hal/timer.32
                0x00000000c001c220                LinkedList<ThreadControlBlock volatile>::isEmpty()

.text._ZN10LinkedListIV18ThreadControlBlockE15getFirstElementEv
                0x00000000c001c23c        0x7
 .text._ZN10LinkedListIV18ThreadControlBlockE15getFirstElementEv
                0x00000000c001c23c        0x7 hal/timer.32
                0x00000000c001c23c                LinkedList<ThreadControlBlock volatile>::getFirstElement()

.text._ZN10LinkedListIV18ThreadControlBlockE11removeFirstEv
                0x00000000c001c244       0xb8
 .text._ZN10LinkedListIV18ThreadControlBlockE11removeFirstEv
                0x00000000c001c244       0xb8 hal/timer.32
                0x00000000c001c244                LinkedList<ThreadControlBlock volatile>::removeFirst()

.text._ZN10LinkedListIV18ThreadControlBlockE10addElementEPS1_
                0x00000000c001c2fc       0xda
 .text._ZN10LinkedListIV18ThreadControlBlockE10addElementEPS1_
                0x00000000c001c2fc       0xda hal/timer.32
                0x00000000c001c2fc                LinkedList<ThreadControlBlock volatile>::addElement(ThreadControlBlock volatile*)

.text._ZN4ACPID2Ev
                0x00000000c001c3d8       0x23
 .text._ZN4ACPID2Ev
                0x00000000c001c3d8       0x23 hw/acpi.32
                0x00000000c001c3d8                ACPI::~ACPI()
                0x00000000c001c3d8                ACPI::~ACPI()

.text._ZN4ACPID0Ev
                0x00000000c001c3fc       0x2a
 .text._ZN4ACPID0Ev
                0x00000000c001c3fc       0x2a hw/acpi.32