Archive member included to satisfy reference by file (symbol)

/cygdrive/d/Users/Alex/Desktop/Toolchain/Output/bin/../lib/gcc/i386-banana/8.1.0/libkgcc.a(_divdi3.o)
                              fs/fat/ff.32 (__divdi3)
/cygdrive/d/Users/Alex/Desktop/Toolchain/Output/bin/../lib/gcc/i386-banana/8.1.0/libkgcc.a(_moddi3.o)
                              compat/resolve.32 (__moddi3)
/cygdrive/d/Users/Alex/Desktop/Toolchain/Output/bin/../lib/gcc/i386-banana/8.1.0/libkgcc.a(_udivdi3.o)
                              fs/fat/ff.32 (__udivdi3)
/cygdrive/d/Users/Alex/Desktop/Toolchain/Output/bin/../lib/gcc/i386-banana/8.1.0/libkgcc.a(_umoddi3.o)
                              compat/resolve.32 (__umoddi3)
D:/Users/Alex/Desktop/Banana/kernel/libsoftfp.a(sfieeelib.o)
                              hal/libresample/src_linear.32 (__subsf3)
D:/Users/Alex/Desktop/Banana/kernel/libsoftfp.a(dfieeelib.o)
                              hal/libresample/src_linear.32 (__adddf3)
D:/Users/Alex/Desktop/Banana/kernel/libsoftfp.a(sfdfcvt.o)
                              hal/libresample/samplerate.32 (__truncdfsf2)
D:/Users/Alex/Desktop/Banana/kernel/libk/libm32.a(s_fabs.c.o)
                              hal/libresample/samplerate.32 (fabs)
D:/Users/Alex/Desktop/Banana/kernel/libk/libm32.a(s_lrint.S.o)
                              hal/libresample/samplerate.32 (lrint)
D:/Users/Alex/Desktop/Banana/kernel/libk/libm32.a(s_lrintf.S.o)
                              hal/sound/sndhw.32 (lrintf)

Discarded input sections

 .comment       0x0000000000000000       0x12 /cygdrive/d/Users/Alex/Desktop/Toolchain/Output/bin/../lib/gcc/i386-banana/8.1.0/crtbegin.o
 .comment       0x0000000000000000       0x12 acpica/utclib.32
 .comment       0x0000000000000000       0x12 core/malloc.32
 .comment       0x0000000000000000       0x12 libk/string.32
 .comment       0x0000000000000000       0x12 fs/fat/diskio.32
 .comment       0x0000000000000000       0x12 fs/fat/ff.32
 .comment       0x0000000000000000       0x12 fs/fat/ffsystem.32
 .comment       0x0000000000000000       0x12 fs/fat/ffunicode.32
 .comment       0x0000000000000000       0x12 hal/libresample/samplerate.32
 .comment       0x0000000000000000       0x12 hal/libresample/src_linear.32
 .comment       0x0000000000000000       0x12 hal/libresample/src_sinc.32
 .comment       0x0000000000000000       0x12 hal/libresample/src_zoh.32
 .comment       0x0000000000000000       0x12 compat/inlines.32
 .comment       0x0000000000000000       0x12 compat/resolve.32
 .group         0x0000000000000000       0x14 core/computer.32
 .group         0x0000000000000000        0xc core/computer.32
 .comment       0x0000000000000000       0x12 core/computer.32
 .comment       0x0000000000000000       0x12 core/gdt.32
 .group         0x0000000000000000        0xc core/idle.32
 .comment       0x0000000000000000       0x12 core/idle.32
 .comment       0x0000000000000000       0x12 core/idt.32
 .comment       0x0000000000000000       0x12 core/kheap.32
 .comment       0x0000000000000000       0x12 core/main.32
 .comment       0x0000000000000000       0x12 core/physmgr.32
 .group         0x0000000000000000        0xc core/pipe.32
 .comment       0x0000000000000000       0x12 core/pipe.32
 .group         0x0000000000000000        0xc core/terminal.32
 .comment       0x0000000000000000       0x12 core/terminal.32
 .comment       0x0000000000000000       0x12 core/tss.32
 .group         0x0000000000000000        0x8 core/unixfile.32
 .group         0x0000000000000000        0x8 core/unixfile.32
 .group         0x0000000000000000        0xc core/unixfile.32
 .group         0x0000000000000000        0x8 core/unixfile.32
 .group         0x0000000000000000        0xc core/unixfile.32
 .group         0x0000000000000000        0x8 core/unixfile.32
 .group         0x0000000000000000        0xc core/unixfile.32
 .group         0x0000000000000000        0xc core/unixfile.32
 .comment       0x0000000000000000       0x12 core/unixfile.32
 .comment       0x0000000000000000       0x12 core/virtmgr.32
 .comment       0x0000000000000000       0x12 coreobjs/c++.32
 .comment       0x0000000000000000       0x12 dbg/kconsole.32
 .group         0x0000000000000000        0xc fs/vfs.32
 .group         0x0000000000000000        0xc fs/vfs.32
 .group         0x0000000000000000        0xc fs/vfs.32
 .comment       0x0000000000000000       0x12 fs/vfs.32
 .group         0x0000000000000000        0xc hal/bus.32
 .comment       0x0000000000000000       0x12 hal/bus.32
 .group         0x0000000000000000        0xc hal/buzzer.32
 .comment       0x0000000000000000       0x12 hal/buzzer.32
 .group         0x0000000000000000        0xc hal/clock.32
 .comment       0x0000000000000000       0x12 hal/clock.32
 .group         0x0000000000000000       0x14 hal/device.32
 .group         0x0000000000000000        0xc hal/device.32
 .group         0x0000000000000000        0x8 hal/device.32
 .group         0x0000000000000000        0xc hal/device.32
[...]
Memory Configuration

Name             Origin             Length             Attributes
*default*        0x0000000000000000 0xffffffffffffffff

Linker script and memory map

LOAD D:/Users/Alex/Desktop/Banana/kernel/boot.32
LOAD crti.32
LOAD /cygdrive/d/Users/Alex/Desktop/Toolchain/Output/bin/../lib/gcc/i386-banana/8.1.0/crtbegin.o
LOAD D:/Users/Alex/Desktop/Banana/kernel/morenasm.32
LOAD acpica/utclib.32
LOAD core/malloc.32
LOAD libk/string.32
LOAD fs/fat/diskio.32
LOAD fs/fat/ff.32
LOAD fs/fat/ffsystem.32
LOAD fs/fat/ffunicode.32
LOAD hal/libresample/samplerate.32
LOAD hal/libresample/src_linear.32
LOAD hal/libresample/src_sinc.32
LOAD hal/libresample/src_zoh.32
LOAD compat/inlines.32
LOAD compat/resolve.32
LOAD core/computer.32
LOAD core/gdt.32
LOAD core/idle.32
LOAD core/idt.32
LOAD core/kheap.32
LOAD core/main.32
LOAD core/physmgr.32
LOAD core/pipe.32
LOAD core/terminal.32
LOAD core/tss.32
LOAD core/unixfile.32
LOAD core/virtmgr.32
LOAD coreobjs/c++.32
LOAD dbg/kconsole.32
LOAD fs/vfs.32
LOAD hal/bus.32
LOAD hal/buzzer.32
LOAD hal/clock.32
LOAD hal/device.32
LOAD hal/diskctrl.32
LOAD hal/diskphys.32
LOAD hal/fpu.32
LOAD hal/intctrl.32
LOAD hal/keybrd.32
LOAD hal/logidisk.32
LOAD hal/mouse.32
LOAD hal/partition.32
LOAD hal/serial.32
LOAD hal/timer.32
LOAD hal/vcache.32
LOAD hal/video.32
LOAD hw/acpi.32
LOAD hw/cpu.32
LOAD hw/ports.32
LOAD hw/smp.32
LOAD krnl/env.32
LOAD krnl/panic.32
LOAD net/ethernet.32
LOAD reg/registry.32
LOAD sys/sc_eject.32
LOAD sys/sc_exit.32
LOAD sys/sc_getcwd.32
LOAD sys/sc_getpid.32
LOAD sys/sc_getramdata.32
LOAD sys/sc_getvgaptr.32
LOAD sys/sc_loaddll.32
LOAD sys/sc_read.32
LOAD sys/sc_sbrk.32
LOAD sys/sc_setcwd.32
LOAD sys/sc_settime.32
LOAD sys/sc_timezone.32
LOAD sys/sc_write.32
LOAD sys/sc_wsbe.32
LOAD sys/sc_yield.32
LOAD sys/syscalls.32
LOAD thr/elf.32
LOAD thr/prcssthr.32
LOAD vm86/vm8086.32
LOAD vm86/x87em.32
LOAD fs/fat/vfslink.32
LOAD fs/iso9660/vfslink.32
LOAD hal/sound/sndchannel.32
LOAD hal/sound/sndhw.32
LOAD hw/bus/isa.32
LOAD hw/bus/pci.32
LOAD hw/diskctrl/ide.32
LOAD hw/diskctrl/satabus.32
LOAD hw/diskphys/ata.32
LOAD hw/diskphys/atapi.32
LOAD hw/diskphys/sata.32
LOAD hw/diskphys/satapi.32
LOAD hw/fpu/avx.32
LOAD hw/fpu/mmx.32
LOAD hw/fpu/sse.32
LOAD hw/fpu/x87.32
LOAD hw/intctrl/apic.32
LOAD hw/intctrl/pic.32
LOAD hw/timer/apictimer.32
LOAD hw/timer/pit.32
LOAD hw/fpu/x86/avx.32
LOAD hw/fpu/x86/sse.32
LOAD hw/fpu/x86/x87.32
LOAD /cygdrive/d/Users/Alex/Desktop/Toolchain/Output/bin/../lib/gcc/i386-banana/8.1.0/crtend.o
LOAD crtn.32
LOAD /cygdrive/d/Users/Alex/Desktop/Toolchain/Output/bin/../lib/gcc/i386-banana/8.1.0/libkgcc.a
LOAD D:/Users/Alex/Desktop/Banana/kernel/libsoftfp.a
LOAD D:/Users/Alex/Desktop/Banana/kernel/libk/libm32.a
                0x00000000c0000000                . = 0xc0000000

.text           0x00000000c0000000    0x28348
 *(.text)
 .text          0x00000000c0000000       0x41 D:/Users/Alex/Desktop/Banana/kernel/boot.32
                0x00000000c0000020                callGlobalConstructors
 .text          0x00000000c0000041        0x0 crti.32
 *fill*         0x00000000c0000041        0x3 
 .text          0x00000000c0000044      0x101 /cygdrive/d/Users/Alex/Desktop/Toolchain/Output/bin/../lib/gcc/i386-banana/8.1.0/crtbegin.o
 *fill*         0x00000000c0000145        0xb 
 .text          0x00000000c0000150      0x4fb D:/Users/Alex/Desktop/Banana/kernel/morenasm.32
                0x00000000c0000150                manualPCIProbe
                0x00000000c000019b                prepareTramp
                0x00000000c00001b4                voodooXADD
                0x00000000c000027f                doTPAUSE
                0x00000000c0000289                hasLegacyFPU
                0x00000000c00002ae                is486
                0x00000000c00002e4                detectCPUID
                0x00000000c00002fa                goToVM86
                0x00000000c000032a                goToUsermode
                0x00000000c0000354                switchToThreadASMFirstTime
                0x00000000c0000362                switchToThreadASM
                0x00000000c00003f2                asmQuickAcquireLock
                0x00000000c0000410                asmQuickReleaseLock
                0x00000000c000041c                asmAcquireLock
                0x00000000c000043d                asmReleaseLock
                0x00000000c0000450                loadGDT
                0x00000000c0000470                isr0
                0x00000000c0000480                isr1
                0x00000000c000048a                isr2
                0x00000000c0000494                isr3
                0x00000000c000049e                isr4
                0x00000000c00004a8                isr5
                0x00000000c00004b2                isr6
                0x00000000c00004bc                isr7
                0x00000000c00004c6                isr8
                0x00000000c00004ce                isr9
                0x00000000c00004d8                isr10
                0x00000000c00004e0                isr11
                0x00000000c00004e8                isr12
                0x00000000c00004f0                isr13
                0x00000000c00004f8                isr14
                0x00000000c0000500                isr15
                0x00000000c000050a                isr16
                0x00000000c0000514                isr17
                0x00000000c000051e                isr18
                0x00000000c0000528                irq3
                0x00000000c0000532                irq4
                0x00000000c000053c                irq5
                0x00000000c0000546                irq6
                0x00000000c0000550                irq7
                0x00000000c000055a                irq8
                0x00000000c0000564                irq9
                0x00000000c000056e                irq10
                0x00000000c0000578                irq11
                0x00000000c0000582                irq12
                0x00000000c000058c                irq13
                0x00000000c0000596                irq14
                0x00000000c00005a0                irq15
                0x00000000c00005aa                irq1
                0x00000000c00005b1                irq2
                0x00000000c00005b8                isr96
                0x00000000c00005bf                irq0
                0x00000000c00005c4                syscall_common_stub
                0x00000000c00005c4                int_common_stub
                0x00000000c00005f6                irq16
                0x00000000c0000600                irq17
                0x00000000c000060a                irq18
                0x00000000c0000614                irq19
                0x00000000c000061e                irq20
                0x00000000c0000628                irq21
                0x00000000c0000632                irq22
                0x00000000c000063c                irq23
                0x00000000c0000646                memcpy
 *fill*         0x00000000c000064b        0x1 
 .text          0x00000000c000064c      0x5dd acpica/utclib.32
                0x00000000c000064c                memcmp
                0x00000000c0000688                memmove
                0x00000000c0000750                memset
                0x00000000c000076c                strlen
                0x00000000c0000784                strpbrk
                0x00000000c00007c0                strtok
                0x00000000c000080c                strcpy
                0x00000000c0000830                strncpy
                0x00000000c0000898                strcmp
                0x00000000c00008d8                strchr
                0x00000000c00008fc                strncmp
                0x00000000c000094c                strcat
                0x00000000c000097c                strncat
                0x00000000c00009b8                strstr
                0x00000000c0000a00                toupper
                0x00000000c0000a14                tolower
                0x00000000c0000a28                simple_strtoul
 .text          0x00000000c0000c29      0xfad core/malloc.32
                0x00000000c0000d94                dlfree
                0x00000000c00010ef                dlmalloc
                0x00000000c000162c                dlrealloc
                0x00000000c00017cf                dlmemalign
                0x00000000c00018f2                dlcalloc
                0x00000000c000198c                dlcfree
                0x00000000c0001991                dlindependent_calloc
                0x00000000c00019b6                dlindependent_comalloc
                0x00000000c00019cd                dlvalloc
                0x00000000c00019f8                dlpvalloc
                0x00000000c0001a2e                dlmalloc_trim
                0x00000000c0001a3b                dlmalloc_usable_size
                0x00000000c0001a6c                dlmallinfo
                0x00000000c0001b3b                dlmalloc_stats
                0x00000000c0001b4c                dlmallopt
 .text          0x00000000c0001bd6        0x0 libk/string.32
 .text          0x00000000c0001bd6       0x51 fs/fat/diskio.32
                0x00000000c0001bd6                disk_status
                0x00000000c0001bd9                disk_initialize
                0x00000000c0001bdc                disk_read
                0x00000000c0001bf2                disk_write
                0x00000000c0001c08                disk_ioctl
 .text          0x00000000c0001c27     0x6833 fs/fat/ff.32
                0x00000000c0004ef5                f_mount
                0x00000000c0004f57                f_open
                0x00000000c0005393                f_read
                0x00000000c0005613                f_write
                0x00000000c00058cd                f_sync
                0x00000000c0005aa9                f_close
                0x00000000c0005ad8                f_lseek
                0x00000000c0005f8f                f_opendir
                0x00000000c0006091                f_closedir
                0x00000000c00060b3                f_readdir
                0x00000000c000614e                f_stat
                0x00000000c00061dd                f_getfree
                0x00000000c00063a8                f_truncate
                0x00000000c00064a0                f_unlink
                0x00000000c0006623                f_mkdir
                0x00000000c000684f                f_rename
                0x00000000c0006b42                f_chmod
                0x00000000c0006c20                f_utime
                0x00000000c0006cfe                f_getlabel
                0x00000000c0006eec                f_setlabel
                0x00000000c0007159                f_forward
                0x00000000c0007337                f_mkfs
 .text          0x00000000c000845a       0x2d fs/fat/ffsystem.32
                0x00000000c000845a                ff_memalloc
                0x00000000c0008470                ff_memfree
 .text          0x00000000c0008487      0x253 fs/fat/ffunicode.32
                0x00000000c0008487                ff_uni2oem
                0x00000000c0008517                ff_oem2uni
                0x00000000c0008583                ff_wtoupper
 .text          0x00000000c00086da      0x8fb hal/libresample/samplerate.32
                0x00000000c000871e                src_delete
                0x00000000c000875a                src_process
                0x00000000c0008910                src_callback_read
                0x00000000c0008a8d                src_set_ratio
                0x00000000c0008af7                src_get_channels
                0x00000000c0008b19                src_reset
                0x00000000c0008b65                src_new
                0x00000000c0008bf3                src_callback_new
                0x00000000c0008c55                src_get_name
                0x00000000c0008c8c                src_get_description
                0x00000000c0008cc3                src_get_version
                0x00000000c0008cc9                src_is_valid_ratio
                0x00000000c0008d1d                src_error
                0x00000000c0008d2b                src_strerror
                0x00000000c0008d3e                src_simple
                0x00000000c0008d91                src_short_to_float_array
                0x00000000c0008df6                src_float_to_short_array
                0x00000000c0008eb5                src_int_to_float_array
                0x00000000c0008f18                src_float_to_int_array
 .text          0x00000000c0008fd5      0x8cb hal/libresample/src_linear.32
                0x00000000c00097fb                linear_get_name
                0x00000000c000980a                linear_get_description
                0x00000000c0009819                linear_set_converter
 .text          0x00000000c00098a0     0x447c hal/libresample/src_sinc.32
                0x00000000c000dc33                sinc_get_name
                0x00000000c000dc46                sinc_get_description
                0x00000000c000dc59                sinc_set_converter
 .text          0x00000000c000dd1c      0x77c hal/libresample/src_zoh.32
                0x00000000c000e3f3                zoh_get_name
                0x00000000c000e402                zoh_get_description
                0x00000000c000e411                zoh_set_converter
 .text          0x00000000c000e498       0xa7 compat/inlines.32
                0x00000000c000e498                CPU::current()
                0x00000000c000e4a4                operator new(unsigned long)
                0x00000000c000e4a9                operator delete(void*)
                0x00000000c000e4ae                disableIRQs()
                0x00000000c000e4b6                enableIRQs()
                0x00000000c000e4c5                lockScheduler()
                0x00000000c000e4cd                unlockScheduler()
                0x00000000c000e4dc                lockStuff()
                0x00000000c000e4ea                unlockStuff()
                0x00000000c000e524                Virt::getAKernelVAS()
                0x00000000c000e52a                __not_memcpy
 .text          0x00000000c000e53f      0x111 compat/resolve.32
                0x00000000c000e53f                Krnl::resolveCompatibilitySymbol(char*)
 .text          0x00000000c000e650      0x741 core/computer.32
                0x00000000c000e650                Computer::close(int, int, void*)
                0x00000000c000e694                Krnl::firstTask()
                0x00000000c000e7d6                Computer::Computer()
                0x00000000c000e7d6                Computer::Computer()
                0x00000000c000e932                Computer::setBootMessage(char const*)
                0x00000000c000e934                Computer::detectFeatures()
                0x00000000c000eb3e                Computer::displayFeatures()
                0x00000000c000eb40                Computer::rdmsr(unsigned int)
                0x00000000c000eb6c                Computer::wrmsr(unsigned int, unsigned long long)
                0x00000000c000eba4                Computer::nmiEnabled()
                0x00000000c000ebb0                Computer::readCMOS(unsigned char)
                0x00000000c000ebca                Computer::enableNMI(bool)
                0x00000000c000ebe2                Computer::open(int, int, void*)
                0x00000000c000ecd4                Computer::disableNMI()
                0x00000000c000ece2                Computer::writeCMOS(unsigned char, unsigned char)
                0x00000000c000ed00                Computer::handleNMI()
                0x00000000c000ed66                Computer::setDiskActivityLight(int, bool)
 *fill*         0x00000000c000ed91        0x1 
 .text          0x00000000c000ed92      0x19d core/gdt.32
                0x00000000c000ed92                GDTEntry::setBase(unsigned int)
                0x00000000c000edae                GDTEntry::setLimit(unsigned int)
                0x00000000c000edcc                GDT::GDT()
                0x00000000c000edcc                GDT::GDT()
                0x00000000c000ede2                GDT::addEntry(GDTEntry)
                0x00000000c000ee04                GDT::getNumberOfEntries()
                0x00000000c000ee0c                GDT::flush()
                0x00000000c000ee2e                GDT::setup()
 .text          0x00000000c000ef2f       0x6b core/idle.32
                0x00000000c000ef2f                idleFunction(void*)
 .text          0x00000000c000ef9a      0x45e core/idt.32
                0x00000000c000ef9a                IDTEntry::IDTEntry(bool)
                0x00000000c000ef9a                IDTEntry::IDTEntry(bool)
                0x00000000c000f008                IDTEntry::setOffset(unsigned int)
                0x00000000c000f01c                IDT::IDT()
                0x00000000c000f01c                IDT::IDT()
                0x00000000c000f01e                IDT::getPointerToInvalidOpcodeEntryForF00F()
                0x00000000c000f026                IDT::addEntry(IDTEntry, int)
                0x00000000c000f040                IDT::addEntry(int, void (*)(), bool)
                0x00000000c000f078                IDT::flush()
                0x00000000c000f092                IDT::setup()
 .text          0x00000000c000f3f8      0x1fb core/kheap.32
                0x00000000c000f3f8                sbrk
                0x00000000c000f505                mmap
                0x00000000c000f51b                munmap
                0x00000000c000f531                liballoc_lock()
                0x00000000c000f53e                liballoc_unlock()
                0x00000000c000f552                liballoc_alloc(int)
                0x00000000c000f56a                liballoc_free(void*, int)
                0x00000000c000f585                realloc
                0x00000000c000f599                malloc
                0x00000000c000f5a9                free
                0x00000000c000f5b9                rfree
                0x00000000c000f5c9                calloc
 .text          0x00000000c000f5f3      0x1b6 core/main.32
                0x00000000c000f5f3                Krnl::setBootMessage(char const*)
                0x00000000c000f65f                kernel_main
 .text          0x00000000c000f7a9      0x597 core/physmgr.32
                0x00000000c000f7a9                Phys::allocateDMA(unsigned long)
                0x00000000c000f86a                Phys::freeDMA(unsigned long, unsigned long)
                0x00000000c000f8b2                Phys::setPageState(unsigned long, bool)
                0x00000000c000f8e4                Phys::getPageState(unsigned long)
                0x00000000c000f900                Phys::freePage(unsigned long)
                0x00000000c000f971                Phys::allocatePage()
                0x00000000c000fa48                Phys::allocateContiguousPages(int)
                0x00000000c000faa4                Phys::allowSegmentToBeUsed(unsigned long, unsigned long)
                0x00000000c000fadc                Phys::physicalMemorySetup(unsigned int)
 .text          0x00000000c000fd40      0x273 core/pipe.32
                0x00000000c000fd40                Pipe::isAtty()
                0x00000000c000fd44                Pipe::~Pipe()
                0x00000000c000fd44                Pipe::~Pipe()
                0x00000000c000fd68                Pipe::~Pipe()
                0x00000000c000fd90                Pipe::read(unsigned long long, void*, int*)
                0x00000000c000fe8c                Pipe::write(unsigned long long, void*, int*)
                0x00000000c000ff4c                Pipe::Pipe(int)
                0x00000000c000ff4c                Pipe::Pipe(int)
 *fill*         0x00000000c000ffb3        0x1 
 .text          0x00000000c000ffb4      0xb91 core/terminal.32
                0x00000000c000ffb4                VgaText::isAtty()
                0x00000000c000ffb8                VgaText::~VgaText()
                0x00000000c000ffb8                VgaText::~VgaText()
                0x00000000c000ffdc                VgaText::~VgaText()
                0x00000000c0010006                VgaText::read(unsigned long long, void*, int*)
                0x00000000c0010026                setTerminalScrollLock(bool)
                0x00000000c0010027                addToTerminalCycle(VgaText*)
                0x00000000c0010048                installVgaTextImplementation()
                0x00000000c001005d                scrollTerminalScrollLock(int)
                0x00000000c001005e                VgaText::updateTitle()
                0x00000000c001009c                VgaText::load()
                0x00000000c00100ea                VgaText::updateCursor()
                0x00000000c0010100                VgaText::doANSI_SGR(int)
                0x00000000c0010174                VgaText::setDefaultBgColour(VgaColour)
                0x00000000c0010184                VgaText::setDefaultFgColour(VgaColour)
                0x00000000c0010194                VgaText::setDefaultColours(VgaColour, VgaColour)
                0x00000000c00101b4                VgaText::setTitleTextColour(VgaColour)
                0x00000000c00101c4                VgaText::setTitleColour(VgaColour)
                0x00000000c00101d4                VgaText::setTitle(char*)
                0x00000000c00101fa                VgaText::combineColours(unsigned char, unsigned char)
                0x00000000c001020c                VgaText::scrollScreen()
                0x00000000c00102a0                VgaText::combineCharAndColour(char, unsigned char)
                0x00000000c00102b2                VgaText::writeCharacter(char, VgaColour, VgaColour, int, int)
                0x00000000c001030e                VgaText::getCursorX()
                0x00000000c0010316                VgaText::getCursorY()
                0x00000000c001031e                VgaText::setCursor(int, int)
                0x00000000c0010335                setActiveTerminal(VgaText*)
                0x00000000c0010397                doTerminalCycle()
                0x00000000c00103b2                VgaText::setCursorX(int)
                0x00000000c00103ca                VgaText::setCursorY(int)
                0x00000000c00103e2                VgaText::incrementCursor(bool)
                0x00000000c0010436                VgaText::decrementCursor(bool)
                0x00000000c0010458                VgaText::putchar(char, VgaColour, VgaColour)
                0x00000000c0010530                VgaText::doUpdate()
                0x00000000c001053e                VgaText::puts(char const*, VgaColour, VgaColour)
                0x00000000c00106b6                VgaText::clearScreen()
                0x00000000c0010710                VgaText::putchar(char)
                0x00000000c00107fc                VgaText::putx(unsigned int)
                0x00000000c0010842                VgaText::puts(char const*)
                0x00000000c0010868                VgaText::VgaText(char const*)
                0x00000000c0010868                VgaText::VgaText(char const*)
                0x00000000c00109e4                VgaText::receiveKey(unsigned char)
                0x00000000c0010acc                VgaText::write(unsigned long long, void*, int*)
                0x00000000c0010b20                newTerminal(char*)
 *fill*         0x00000000c0010b45        0x1 
 .text          0x00000000c0010b46      0x19d core/tss.32
                0x00000000c0010b46                TSS::TSS()
                0x00000000c0010b46                TSS::TSS()
                0x00000000c0010b54                TSS::setESP(unsigned long)
                0x00000000c0010b66                TSS::flush()
                0x00000000c0010b86                TSS::setup(unsigned long, unsigned long)
 *fill*         0x00000000c0010ce3        0x1 
 .text          0x00000000c0010ce4      0x4c2 core/unixfile.32
                0x00000000c0010ce4                ReservedFilename::read(unsigned long long, void*, int*)
                0x00000000c0010d3a                ReservedFilename::isAtty()
                0x00000000c0010d56                ReservedFilename::write(unsigned long long, void*, int*)
                0x00000000c0010db4                UnixFile::getFileDescriptor()
                0x00000000c0010dbc                UnixFile::UnixFile(int)
                0x00000000c0010dbc                UnixFile::UnixFile(int)
                0x00000000c0010f6c                ReservedFilename::ReservedFilename(int)
                0x00000000c0010f6c                ReservedFilename::ReservedFilename(int)
                0x00000000c0010f9e                UnixFile::~UnixFile()
                0x00000000c0010f9e                UnixFile::~UnixFile()
                0x00000000c0011036                UnixFile::~UnixFile()
                0x00000000c001105e                ReservedFilename::~ReservedFilename()
                0x00000000c001105e                ReservedFilename::~ReservedFilename()
                0x00000000c0011082                ReservedFilename::~ReservedFilename()
                0x00000000c00110a9                getFromFileDescriptor(int)
 .text          0x00000000c00111a6     0x135c core/virtmgr.32
                0x00000000c00111a6                Virt::setPageState(unsigned long, Virt::VirtPageState)
                0x00000000c00111db                Virt::getPageState(unsigned long)
                0x00000000c00111ff                Virt::allocateKernelVirtualPages(int)
                0x00000000c0011310                Virt::freeSwapfilePage(unsigned long)
                0x00000000c001132e                Virt::swapIDToSector(unsigned long)
                0x00000000c0011340                Virt::allocateSwapfilePage()
                0x00000000c00113be                Virt::virtualMemorySetup()
                0x00000000c0011409                Virt::setupPageSwapping(int)
                0x00000000c0011590                VAS::VAS()
                0x00000000c0011590                VAS::VAS()
                0x00000000c00115cc                VAS::VAS(VAS*)
                0x00000000c00115cc                VAS::VAS(VAS*)
                0x00000000c00115fa                VAS::getForeignPageTableEntry(bool, unsigned long)
                0x00000000c0011626                VAS::getPageTableEntry(unsigned long)
                0x00000000c0011645                Virt::freeKernelVirtualPages(unsigned long)
                0x00000000c0011768                VAS::freeAllocatedPages(unsigned long)
                0x00000000c001178c                VAS::virtualToPhysical(unsigned long)
                0x00000000c00117a4                VAS::reflagRange(unsigned long, int, int, int)
                0x00000000c00117e4                VAS::setToWriteCombining(unsigned long, int)
                0x00000000c0011816                VAS::mapOtherVASIn(bool, VAS*)
                0x00000000c0011840                VAS::~VAS()
                0x00000000c0011840                VAS::~VAS()
                0x00000000c00119bc                VAS::mapPage(unsigned long, unsigned long, int)
                0x00000000c0011abe                VAS::allocatePages(int, int)
                0x00000000c0011c96                VAS::setCPUSpecific(unsigned long)
                0x00000000c0011cb2                VAS::mapRange(unsigned long, unsigned long, int, int)
                0x00000000c0011d78                VAS::mapForeignPage(bool, VAS*, unsigned long, unsigned long, int)
                0x00000000c0011e66                VAS::VAS(bool)
                0x00000000c0011e66                VAS::VAS(bool)
                0x00000000c00120e6                VAS::evict(unsigned long)
                0x00000000c00121d4                VAS::tryLoadBackOffDisk(unsigned long)
                0x00000000c001235c                VAS::scanForEviction()
                0x00000000c001240d                mapVASFirstTime
 .text          0x00000000c0012502       0x95 coreobjs/c++.32
                0x00000000c0012502                __cxa_atexit
                0x00000000c0012505                __cxa_finalize
                0x00000000c0012506                __stack_chk_fail
                0x00000000c0012572                __cxa_pure_virtual
                0x00000000c0012583                operator new[](unsigned long)
                0x00000000c0012588                operator delete(void*, unsigned long)
                0x00000000c001258d                operator delete[](void*)
                0x00000000c0012592                operator delete[](void*, unsigned long)
 .text          0x00000000c0012597      0x1e7 dbg/kconsole.32
                0x00000000c0012597                Dbg::stringifyxWithBase(unsigned int, char*, int)
                0x00000000c00125f0                Dbg::logc(char)
                0x00000000c0012607                Dbg::logs(char*)
                0x00000000c0012624                Dbg::logWriteInt(unsigned int)
                0x00000000c0012641                Dbg::logWriteIntBase(unsigned int, int)
                0x00000000c0012660                Dbg::kprintf(char const*, ...)
 .text          0x00000000c001277e      0xb82 fs/vfs.32
                0x00000000c001277e                File::read(unsigned long long, void*, int*)
                0x00000000c00127d6                File::write(unsigned long long, void*, int*)
                0x00000000c001282e                Directory::read(unsigned long long, void*, int*)
                0x00000000c0012886                Directory::write(unsigned long long, void*, int*)
                0x00000000c00128b4                File::isAtty()
                0x00000000c00128b8                Directory::isAtty()
                0x00000000c00128bc                Filesystem::getlabel(LogicalDisk*, int, char*, unsigned int*)
                0x00000000c00128c2                Filesystem::setlabel(LogicalDisk*, int, char*)
                0x00000000c00128c8                Filesystem::getFileFirstSector(char const*)
                0x00000000c00128ce                File::~File()
                0x00000000c00128ce                File::~File()
                0x00000000c00128f2                File::~File()
                0x00000000c001291c                Directory::~Directory()
                0x00000000c001291c                Directory::~Directory()
                0x00000000c0012940                Directory::~Directory()
                0x00000000c001296a                Filesystem::Filesystem()
                0x00000000c001296a                Filesystem::Filesystem()
                0x00000000c001298e                Filesystem::~Filesystem()
                0x00000000c001298e                Filesystem::~Filesystem()
                0x00000000c001299c                Filesystem::~Filesystem()
                0x00000000c00129c0                Fs::getcwd(Process*, char*, int)
                0x00000000c00129ea                Fs::initVFS()
                0x00000000c0012a14                Fs::standardiseFiles(char*, char const*, char const*)
                0x00000000c0012bbe                File::File(char const*, Process*)
                0x00000000c0012bbe                File::File(char const*, Process*)
                0x00000000c0012c22                File::open(FileOpenMode)
                0x00000000c0012c80                File::close()
                0x00000000c0012ce0                File::seek(unsigned long long)
                0x00000000c0012d36                File::tell(unsigned long long*)
                0x00000000c0012d86                File::rewind()
                0x00000000c0012d9a                File::unlink()
                0x00000000c0012de6                File::rename(char const*)
                0x00000000c0012e34                File::chfatattr(unsigned char, unsigned char)
                0x00000000c0012e90                File::exists()
                0x00000000c0012ece                File::stat(unsigned long long*, bool*)
                0x00000000c0012f2f                Fs::setcwd(Process*, char*)
                0x00000000c001306a                Directory::Directory(char const*, Process*)
                0x00000000c001306a                Directory::Directory(char const*, Process*)
                0x00000000c00130ce                Directory::open()
                0x00000000c001312a                Directory::close()
                0x00000000c001318a                Directory::unlink()
                0x00000000c00131d6                Directory::rename(char const*)
                0x00000000c0013224                Directory::exists()
                0x00000000c0013262                Directory::read(dirent*)
                0x00000000c00132ae                Directory::create()
                0x00000000c00132fa                Filesystem::chfatattr(char const*, unsigned char, unsigned char)
 .text          0x00000000c0013300       0x84 hal/bus.32
                0x00000000c0013300                Bus::Bus(char const*)
                0x00000000c0013300                Bus::Bus(char const*)
                0x00000000c0013336                Bus::~Bus()
                0x00000000c0013336                Bus::~Bus()
                0x00000000c001335a                Bus::~Bus()
 .text          0x00000000c0013384      0x156 hal/buzzer.32
                0x00000000c0013384                Buzzer::Buzzer(char const*)
                0x00000000c0013384                Buzzer::Buzzer(char const*)
                0x00000000c00133c8                Buzzer::~Buzzer()
                0x00000000c00133c8                Buzzer::~Buzzer()
                0x00000000c00133ec                Buzzer::~Buzzer()
                0x00000000c0013416                Buzzer::stop()
                0x00000000c0013429                beepThread(void*)
                0x00000000c001346c                Buzzer::beep(int, int, bool)
 .text          0x00000000c00134da      0x467 hal/clock.32
                0x00000000c00134da                User::loadClockSettings(int)
                0x00000000c001352c                Clock::Clock(char const*)
                0x00000000c001352c                Clock::Clock(char const*)
                0x00000000c0013562                Clock::~Clock()
                0x00000000c0013562                Clock::~Clock()
                0x00000000c0013586                Clock::~Clock()
                0x00000000c00135b0                Clock::timeInSecondsLocal()
                0x00000000c00135f8                Clock::setTimeInSecondsLocal(unsigned long long)
                0x00000000c0013651                datetimeToSeconds(datetime_t)
                0x00000000c0013778                Clock::setTimeInDatetimeLocal(datetime_t)
                0x00000000c00137d8                secondsToDatetime(unsigned long long)
                0x00000000c001391c                Clock::timeInDatetimeLocal()
 *fill*         0x00000000c0013941        0x1 
 .text          0x00000000c0013942      0x504 hal/device.32
                0x00000000c0013942                Device::hibernate()
                0x00000000c0013944                Device::wake()
                0x00000000c0013946                Device::detect()
                0x00000000c0013948                Device::disableLegacy()
                0x00000000c001394a                Device::powerSaving(PowerSavingLevel)
                0x00000000c001394c                DriverlessDevice::close(int, int, void*)
                0x00000000c0013950                DriverlessDevice::detect()
                0x00000000c0013952                DriverlessDevice::open(int, int, void*)
                0x00000000c0013966                Device::~Device()
                0x00000000c0013966                Device::~Device()
                0x00000000c0013974                Device::~Device()
                0x00000000c001399c                Device::findAndLoadDriver()
                0x00000000c00139aa                Device::preOpenPCI(PCIDeviceInfo)
                0x00000000c00139d0                Device::preOpenACPI(void*, char*, char*)
                0x00000000c0013a10                Device::addIRQHandler(int, void (*)(regs*, void*), bool, void*)
                0x00000000c0013a4e                Device::getParent()
                0x00000000c0013a5a                Device::removeIRQHandler(int, void (*)(regs*, void*), bool)
                0x00000000c0013a98                Device::addChild(Device*)
                0x00000000c0013adc                Device::removeAllChildren()
                0x00000000c0013b22                Device::hibernateAll()
                0x00000000c0013b52                Device::wakeAll()
                0x00000000c0013b82                Device::detectAll()
                0x00000000c0013bb2                Device::disableLegacyAll()
                0x00000000c0013be2                Device::loadDriversForAll()
                0x00000000c0013c22                Device::closeAll()
                0x00000000c0013c58                Device::powerSavingAll(PowerSavingLevel)
                0x00000000c0013c8e                Device::setName(char const*)
                0x00000000c0013c9c                Device::Device(char const*)
                0x00000000c0013c9c                Device::Device(char const*)
                0x00000000c0013d98                Device::getName()
                0x00000000c0013da2                DriverlessDevice::DriverlessDevice(char const*)
                0x00000000c0013da2                DriverlessDevice::DriverlessDevice(char const*)
                0x00000000c0013dd8                Device::addToLinkedList(LinkedList<Device>&, DeviceType)
                0x00000000c0013e1c                getDevicesOfType(DeviceType)
 .text          0x00000000c0013e46       0x84 hal/diskctrl.32
                0x00000000c0013e46                HardDiskController::HardDiskController(char const*)
                0x00000000c0013e46                HardDiskController::HardDiskController(char const*)
                0x00000000c0013e7c                HardDiskController::~HardDiskController()
                0x00000000c0013e7c                HardDiskController::~HardDiskController()
                0x00000000c0013ea0                HardDiskController::~HardDiskController()
 .text          0x00000000c0013eca       0xe2 hal/diskphys.32
                0x00000000c0013eca                PhysicalDisk::eject()
                0x00000000c0013ece                PhysicalDisk::PhysicalDisk(char const*, int)
                0x00000000c0013ece                PhysicalDisk::PhysicalDisk(char const*, int)
                0x00000000c0013f36                PhysicalDisk::startCache()
                0x00000000c0013f5e                PhysicalDisk::~PhysicalDisk()
                0x00000000c0013f5e                PhysicalDisk::~PhysicalDisk()
                0x00000000c0013f82                PhysicalDisk::~PhysicalDisk()
 .text          0x00000000c0013fac      0x13b hal/fpu.32
                0x00000000c0013fac                FPU::FPU(char const*)
                0x00000000c0013fac                FPU::FPU(char const*)
                0x00000000c0013fe2                FPU::~FPU()
                0x00000000c0013fe2                FPU::~FPU()
                0x00000000c0014006                FPU::~FPU()
                0x00000000c0014030                setupFPU()
 *fill*         0x00000000c00140e7        0x1 
 .text          0x00000000c00140e8     0x1435 hal/intctrl.32
                0x00000000c00140e8                InterruptController::uninstallISRHandler(int, void (*)(regs*, void*))
                0x00000000c0014120                InterruptController::installISRHandler(int, void (*)(regs*, void*), void*)
                0x00000000c0014172                doubleFault(regs*, void*)
                0x00000000c001418c                InterruptController::installIRQHandler(int, void (*)(regs*, void*), bool, void*)
                0x00000000c0014228                InterruptController::clearAllHandlers(int, bool)
                0x00000000c00142d0                InterruptController::uninstallIRQHandler(int, void (*)(regs*, void*), bool)
                0x00000000c0014357                nmiHandler(regs*, void*)
                0x00000000c0014365                int_handler
                0x00000000c0014406                InterruptController::InterruptController(char const*)
                0x00000000c0014406                InterruptController::InterruptController(char const*)
                0x00000000c00144ac                InterruptController::~InterruptController()
                0x00000000c00144ac                InterruptController::~InterruptController()
                0x00000000c00144d0                InterruptController::~InterruptController()
                0x00000000c00144fa                displayDebugInfo(regs*)
                0x00000000c0014989                x87EmulHandler(regs*, void*)
                0x00000000c00149fc                gpFault(regs*, void*)
                0x00000000c0014a35                pgFault(regs*, void*)
                0x00000000c0014a7d                otherISRHandler(regs*, void*)
                0x00000000c0014a9c                opcodeFault(regs*, void*)
                0x00000000c00150b9                displayProgramFault(char const*)
                0x00000000c00150e1                setupInterruptController()
                0x00000000c00154d0                InterruptController::convertLegacyIRQNumber(int)
 *fill*         0x00000000c001551d        0x1 
 .text          0x00000000c001551e      0x784 hal/keybrd.32
                0x00000000c001551e                startGUI(void*)
                0x00000000c001558a                startGUIVESA(void*)
                0x00000000c00155f6                sendKeyToTerminal(unsigned char)
                0x00000000c00156b4                sendKeyboardToken(KeyboardToken)
                0x00000000c0015af1                clearInternalKeybuffer(VgaText*)
                0x00000000c0015b26                readKeyboard(VgaText*, char*, unsigned long)
                0x00000000c0015c18                Keyboard::Keyboard(char const*)
                0x00000000c0015c18                Keyboard::Keyboard(char const*)
                0x00000000c0015c54                Keyboard::~Keyboard()
                0x00000000c0015c54                Keyboard::~Keyboard()
                0x00000000c0015c78                Keyboard::~Keyboard()
 .text          0x00000000c0015ca2      0x3ea hal/logidisk.32
                0x00000000c0015ca2                LogicalDisk::close(int, int, void*)
                0x00000000c0015ca6                LogicalDisk::~LogicalDisk()
                0x00000000c0015ca6                LogicalDisk::~LogicalDisk()
                0x00000000c0015cca                LogicalDisk::~LogicalDisk()
                0x00000000c0015cf4                LogicalDisk::open(int, int, void*)
                0x00000000c0015d08                LogicalDisk::absoluteToRelative(unsigned long long)
                0x00000000c0015d40                LogicalDisk::relativeToAbsolute(unsigned long long)
                0x00000000c0015d86                LogicalDisk::LogicalDisk(char const*, PhysicalDisk*, unsigned long long, unsigned long long)
                0x00000000c0015d86                LogicalDisk::LogicalDisk(char const*, PhysicalDisk*, unsigned long long, unsigned long long)
                0x00000000c0015e3c                LogicalDisk::assignDriveLetter()
                0x00000000c0015ef2                LogicalDisk::mount()
                0x00000000c0015f3a                LogicalDisk::unmount()
                0x00000000c0015f4a                LogicalDisk::eject()
                0x00000000c0015f5e                LogicalDisk::unassignDriveLetter()
                0x00000000c0015fb4                LogicalDisk::read(unsigned long long, int, void*)
                0x00000000c0016020                LogicalDisk::write(unsigned long long, int, void*)
 .text          0x00000000c001608c       0x84 hal/mouse.32
                0x00000000c001608c                Mouse::Mouse(char const*)
                0x00000000c001608c                Mouse::Mouse(char const*)
                0x00000000c00160c2                Mouse::~Mouse()
                0x00000000c00160c2                Mouse::~Mouse()
                0x00000000c00160e6                Mouse::~Mouse()
 .text          0x00000000c0016110      0x339 hal/partition.32
                0x00000000c0016110                makePartition(PhysicalDisk*, unsigned long long, unsigned long long)
                0x00000000c00161b8                createPartitionsForDisk(PhysicalDisk*)
 *fill*         0x00000000c0016449        0x1 
 .text          0x00000000c001644a       0x84 hal/serial.32
                0x00000000c001644a                Serial::Serial(char const*)
                0x00000000c001644a                Serial::Serial(char const*)
                0x00000000c0016480                Serial::~Serial()
                0x00000000c0016480                Serial::~Serial()
                0x00000000c00164a4                Serial::~Serial()
 .text          0x00000000c00164ce      0x2f3 hal/timer.32
                0x00000000c00164ce                Timer::Timer(char const*)
                0x00000000c00164ce                Timer::Timer(char const*)
                0x00000000c0016504                Timer::~Timer()
                0x00000000c0016504                Timer::~Timer()
                0x00000000c0016528                Timer::~Timer()
                0x00000000c0016552                Timer::read()
                0x00000000c001655d                timerHandler(unsigned long long)
                0x00000000c00166cf                setupTimer(int)
 *fill*         0x00000000c00167c1        0x1 
 .text          0x00000000c00167c2      0x409 hal/vcache.32
                0x00000000c00167c2                VCache::VCache(PhysicalDisk*)
                0x00000000c00167c2                VCache::VCache(PhysicalDisk*)
                0x00000000c001692a                VCache::invalidateReadBuffer()
                0x00000000c001693a                VCache::writeWriteBuffer()
                0x00000000c0016976                VCache::~VCache()
                0x00000000c0016976                VCache::~VCache()
                0x00000000c00169ca                VCache::~VCache()
                0x00000000c00169f2                VCache::write(unsigned long long, int, void*)
                0x00000000c0016adc                VCache::read(unsigned long long, int, void*)
 *fill*         0x00000000c0016bcb        0x1 
 .text          0x00000000c0016bcc      0x4b3 hal/video.32
                0x00000000c0016bcc                Video::putrect(int, int, int, int, unsigned int)
                0x00000000c0016c18                Video::bitblit(int, int, int, int, int, int, int, unsigned int*)
                0x00000000c0016c88                Video::blit(unsigned int*, int, int, int, int)
                0x00000000c0016d06                Video::clearScreen(unsigned int)
                0x00000000c0016d3a                Video::putpixel(int, int, unsigned int)
                0x00000000c0016d48                Video::Video(char const*)
                0x00000000c0016d48                Video::Video(char const*)
                0x00000000c0016d7e                Video::~Video()
                0x00000000c0016d7e                Video::~Video()
                0x00000000c0016da2                Video::~Video()
                0x00000000c0016dcc                Video::isMonochrome()
                0x00000000c0016dd8                Video::getWidth()
                0x00000000c0016de4                Video::getHeight()
                0x00000000c0016df0                Video::drawCursor(int, int, unsigned char*, int)
                0x00000000c0016eac                Video::tgaParse(unsigned char*, int, int*, int*)
                0x00000000c0017014                Video::putTGA(int, int, unsigned char*, int)
 *fill*         0x00000000c001707f        0x1 
 .text          0x00000000c0017080     0x11c9 hw/acpi.32
                0x00000000c0017080                ACPI::close(int, int, void*)
                0x00000000c0017125                findRSDP()
                0x00000000c00171af                loadACPITables(unsigned char*)
                0x00000000c0017406                findRSDT(unsigned char*)
                0x00000000c0017550                findDataTable(unsigned char*, char*)
                0x00000000c00175c2                scanMADT()
                0x00000000c0017a30                ACPI::ACPI()
                0x00000000c0017a30                ACPI::ACPI()
                0x00000000c0017a84                ACPI::getPCIIRQAssignment(unsigned char, unsigned short, unsigned char)
                0x00000000c0017b66                ACPI::registerPCIIRQAssignment(void*, unsigned short, unsigned char, unsigned char)
                0x00000000c0017c2c                ACPI::setScreenBrightnessLevel(void*, int)
                0x00000000c0017c32                ACPI::detectPCI()
                0x00000000c0017e34                ACPI::writeSimpleBootFlag(SimpleBootFlagTable*)
                0x00000000c0017e7c                ACPI::sleep()
                0x00000000c0017e94                ACPI::open(int, int, void*)
 *fill*         0x00000000c0018249        0x1 
 .text          0x00000000c001824a     0x1495 hw/cpu.32
                0x00000000c001824a                CPU::close(int, int, void*)
                0x00000000c001824e                CPU::lookupAMDName(unsigned char, unsigned char)
                0x00000000c00183e2                CPU::lookupIntelName(unsigned char, unsigned char)
                0x00000000c0018690                CPU::AMD_K6_write_msr(unsigned int, unsigned int, unsigned int, CPU::REGS*)
                0x00000000c00186ac                CPU::AMD_K6_read_msr(unsigned int, CPU::REGS*)
                0x00000000c00186c4                CPU::AMD_K6_writeback(int, int, int)
                0x00000000c0018738                CPU::cpuid(int, unsigned long*, unsigned long*, unsigned long*, unsigned long*)
                0x00000000c00187bc                CPU::cpuidCheckEDX(unsigned int)
                0x00000000c00187ea                CPU::cpuidCheckECX(unsigned int)
                0x00000000c0018818                CPU::cpuidCheckExtendedEBX(unsigned int)
                0x00000000c0018846                CPU::cpuidCheckExtendedECX(unsigned int)
                0x00000000c0018874                CPU::CPU()
                0x00000000c0018874                CPU::CPU()
                0x00000000c0018902                CPU::displayFeatures()
                0x00000000c0018904                CPU::detectFeatures()
                0x00000000c00192f6                CPU::setupSMEP()
                0x00000000c0019302                CPU::setupUMIP()
                0x00000000c001930c                CPU::setupTSC()
                0x00000000c0019316                CPU::setupLargePages()
                0x00000000c0019320                CPU::setupPAT()
                0x00000000c001935c                CPU::setupMTRR()
                0x00000000c001935e                CPU::setupGlobalPages()
                0x00000000c0019368                CPU::allowUsermodeDataAccess()
                0x00000000c001937a                CPU::prohibitUsermodeDataAccess()
                0x00000000c001938c                CPU::setupSMAP()
                0x00000000c001939a                CPU::setupFeatures()
                0x00000000c001941a                CPU::open(int, int, void*)
                0x00000000c00194e4                CPU::decodeAddress(regs*, int*, bool*, unsigned char*)
 .text          0x00000000c00196df        0x0 hw/ports.32
 .text          0x00000000c00196df      0x16a hw/smp.32
                0x00000000c00196df                Krnl::smpEntry()
                0x00000000c00196e1                Krnl::startCPU(int)
                0x00000000c001982a                Krnl::startCPUs()
 *fill*         0x00000000c0019849        0x1 
 .text          0x00000000c001984a      0x581 krnl/env.32
                0x00000000c001984a                EnvVarContainer::getEnv(char const*)
                0x00000000c0019888                EnvVarContainer::setEnv(char const*, char const*)
                0x00000000c001994a                EnvVarContainer::deleteEnv(char const*)
                0x00000000c001994c                EnvVarContainer::loadFrom(char const*, char const*)
                0x00000000c0019b32                EnvVarContainer::__loadSystem()
                0x00000000c0019b4c                EnvVarContainer::__loadUser()
                0x00000000c0019b4e                EnvVarContainer::EnvVarContainer(Process*)
                0x00000000c0019b4e                EnvVarContainer::EnvVarContainer(Process*)
                0x00000000c0019b70                EnvVarContainer::~EnvVarContainer()
                0x00000000c0019b70                EnvVarContainer::~EnvVarContainer()
                0x00000000c0019ba0                Krnl::getEnv(Process*, char const*)
                0x00000000c0019c05                Krnl::setEnvSystem(char const*, char const*)
                0x00000000c0019c1f                Krnl::setEnvUser(char const*, char const*)
                0x00000000c0019c3e                Krnl::setEnvProcess(Process*, char const*, char const*)
                0x00000000c0019c51                Krnl::deleteEnvSystem(char const*)
                0x00000000c0019c52                Krnl::deleteEnvUser(char const*)
                0x00000000c0019c53                Krnl::deleteEnvProcess(Process*, char const*)
                0x00000000c0019c54                Krnl::newProcessEnv(Process*)
                0x00000000c0019c76                Krnl::copyProcessEnv(Process*, Process*)
                0x00000000c0019cc2                Krnl::loadSystemEnv()
                0x00000000c0019cf0                Krnl::loadUserEnv()
                0x00000000c0019d16                Krnl::flushEnv()
                0x00000000c0019d17                Krnl::getProcessTotalEnvCount(Process*)
                0x00000000c0019d37                Krnl::getProcessEnvPair(Process*, int)
 .text          0x00000000c0019dcb      0x39c krnl/panic.32
                0x00000000c0019dcb                Krnl::panic(char const*)
 .text          0x00000000c001a167      0x57f net/ethernet.32
                0x00000000c001a167                Net::switchEndian16(unsigned short)
                0x00000000c001a188                Net::switchEndian32(unsigned int)
                0x00000000c001a1b7                Net::crc32Calc(unsigned char*, int)
                0x00000000c001a248                Net::wrapEthernetFrame(Net::UnwrappedEthernetFrame, unsigned char*)
                0x00000000c001a45b                Net::unwrapEthernetFrame(unsigned char*, int)
 .text          0x00000000c001a6e6      0x50e reg/registry.32
                0x00000000c001a6e6                Reg::findLineFromLoadedData(char*, char*, char*)
                0x00000000c001a83e                Reg::getLineFromRegistry(char*, char*, char*, char*)
                0x00000000c001a993                Reg::getLine(char*, char*, char*)
                0x00000000c001a9ca                Reg::readInt(char*, char*, int*)
                0x00000000c001aab5                Reg::readString(char*, char*, char*, int)
                0x00000000c001ab36                Reg::readBool(char*, char*, bool*)
                0x00000000c001ab5b                Reg::readBoolWithDefault(char*, char*, bool)
                0x00000000c001ab87                Reg::readIntWithDefault(char*, char*, int)
                0x00000000c001abb3                Reg::readStringWithDefault(char*, char*, char*, int, char*)
 .text          0x00000000c001abf4       0x36 sys/sc_eject.32
                0x00000000c001abf4                Sys::eject(regs*)
 .text          0x00000000c001ac2a       0x18 sys/sc_exit.32
                0x00000000c001ac2a                Sys::exit(regs*)
 .text          0x00000000c001ac42       0x1f sys/sc_getcwd.32
                0x00000000c001ac42                Sys::getCwd(regs*)
 .text          0x00000000c001ac61        0xc sys/sc_getpid.32
                0x00000000c001ac61                Sys::getPID(regs*)
 .text          0x00000000c001ac6d       0x17 sys/sc_getramdata.32
                0x00000000c001ac6d                Sys::getRAMData(regs*)
 .text          0x00000000c001ac84       0x84 sys/sc_getvgaptr.32
                0x00000000c001ac84                Sys::getVGAPtr(regs*)
 .text          0x00000000c001ad08       0xa8 sys/sc_loaddll.32
                0x00000000c001ad08                Sys::loadDLL(regs*)
 .text          0x00000000c001adb0       0x68 sys/sc_read.32
                0x00000000c001adb0                Sys::read(regs*)
 .text          0x00000000c001ae18       0x55 sys/sc_sbrk.32
                0x00000000c001ae18                Sys::sbrk(regs*)
 .text          0x00000000c001ae6d       0x1c sys/sc_setcwd.32
                0x00000000c001ae6d                Sys::setCwd(regs*)
 .text          0x00000000c001ae89       0x95 sys/sc_settime.32
                0x00000000c001ae89                Sys::setTime(regs*)
 .text          0x00000000c001af1e       0x4a sys/sc_timezone.32
                0x00000000c001af1e                Sys::timezone(regs*)
 .text          0x00000000c001af68       0x68 sys/sc_write.32
                0x00000000c001af68                Sys::write(regs*)
 .text          0x00000000c001afd0       0x62 sys/sc_wsbe.32
                0x00000000c001afd0                Sys::wsbe(regs*)
 .text          0x00000000c001b032       0x46 sys/sc_yield.32
                0x00000000c001b032                Sys::yield(regs*)
 .text          0x00000000c001b078      0xf84 sys/syscalls.32
                0x00000000c001b078                sysCallSeekDir(regs*)
                0x00000000c001b07d                sysCallTellDir(regs*)
                0x00000000c001b082                sysCallVerify(regs*)
                0x00000000c001b08c                sysCallGetArgc(regs*)
                0x00000000c001b09c                sysFormatDisk(regs*)
                0x00000000c001b106                sysSetDiskVolumeLabel(regs*)
                0x00000000c001b14c                sysGetDiskVolumeLabel(regs*)
                0x00000000c001b19d                sysShutdown(regs*)
                0x00000000c001b1fb                sysCallRealpath(regs*)
                0x00000000c001b23e                sysCallReadDir(regs*)
                0x00000000c001b2bd                sysCallIsATTY(regs*)
                0x00000000c001b317                sysCallSeek(regs*)
                0x00000000c001b36e                sysCallTell(regs*)
                0x00000000c001b3da                sysCallSize(regs*)
                0x00000000c001b44c                sysCallSizeFromFilename(regs*)
                0x00000000c001b4fb                sysCallClose(regs*)
                0x00000000c001b55b                sysCallOpenDir(regs*)
                0x00000000c001b5d0                sysCallCloseDir(regs*)
                0x00000000c001b624                sysCallMakeDir(regs*)
                0x00000000c001b694                sysCallWait(regs*)
                0x00000000c001b6ae                sysCallNotImpl(regs*)
                0x00000000c001b6c9                sysPanic(regs*)
                0x00000000c001b6e3                sysCallRmdir(regs*)
                0x00000000c001b747                sysCallUnlink(regs*)
                0x00000000c001b7ab                sysCallGetArgv(regs*)
                0x00000000c001b7f7                sysCallTTYName(regs*)
                0x00000000c001b87a                sysCallUSleep(regs*)
                0x00000000c001b8a1                sysCallSpawn(regs*)
                0x00000000c001b909                sysCallGetEnv(regs*)
                0x00000000c001b9b6                sysAppSettings(regs*)
                0x00000000c001baca                sysSetFatAttrib(regs*)
                0x00000000c001bb3c                sysPipe(regs*)
                0x00000000c001bb81                sysGetUnixTime(regs*)
                0x00000000c001bb95                string_ends_with(char const*, char const*)
                0x00000000c001bbdd                sysCallOpen(regs*)
                0x00000000c001bdc5                Sys::loadSyscalls()
                0x00000000c001bfba                Sys::systemCall(regs*, void*)
 .text          0x00000000c001bffc     0x11fd thr/elf.32
                0x00000000c001bffc                Thr::allocateMemoryForTask(Process*, File*, unsigned long, unsigned long, unsigned long)
                0x00000000c001c2a6                Thr::loadProgramIntoMemory(Process*, char const*)
                0x00000000c001c4bc                Thr::runtimeReferenceHelper()
                0x00000000c001c4cf                Thr::getAddressOfKernelSymbol(char const*)
                0x00000000c001c51e                Thr::loadKernelSymbolTable(char const*)
                0x00000000c001c7dc                Thr::loadDriverIntoMemory(char const*, unsigned long, bool)
                0x00000000c001cf12                Thr::getDriverBaseFromAddress(unsigned long)
                0x00000000c001cf44                Thr::getDriverNameFromAddress(unsigned long)
                0x00000000c001cf7b                Thr::getDriverOffsetFromAddress(unsigned long)
                0x00000000c001cf95                Thr::loadDLL(char const*, bool)
                0x00000000c001d1c0                Thr::executeDLL(unsigned long, void*)
 *fill*         0x00000000c001d1f9        0x1 
 .text          0x00000000c001d1fa     0x11ef thr/prcssthr.32
                0x00000000c001d1fa                userModeEntryPoint(void*)
                0x00000000c001d220                changeTSS
                0x00000000c001d250                switchToThread(ThreadControlBlock*)
                0x00000000c001d2fa                Process::addArgs(char**)
                0x00000000c001d354                Process::Process(char const*, Process*, char**)
                0x00000000c001d354                Process::Process(char const*, Process*, char**)
                0x00000000c001d538                Process::Process(bool, char const*, Process*, char**)
                0x00000000c001d538                Process::Process(bool, char const*, Process*, char**)
                0x00000000c001d6e7                taskStartupFunction
                0x00000000c001d6f0                Semaphore::Semaphore(int)
                0x00000000c001d6f0                Semaphore::Semaphore(int)
                0x00000000c001d71e                Mutex::Mutex()
                0x00000000c001d71e                Mutex::Mutex()
                0x00000000c001d730                Process::createThread(void (*)(void*), void*, int)
                0x00000000c001d836                Process::createUserThread()
                0x00000000c001d852                setupMultitasking(void (*)())
                0x00000000c001d955                schedule()
                0x00000000c001d9da                Semaphore::tryAcquire()
                0x00000000c001da96                Semaphore::assertLocked(char const*)
                0x00000000c001db05                blockTaskWithSchedulerLockAlreadyHeld(TaskState)
                0x00000000c001db2b                blockTask(TaskState)
                0x00000000c001db58                waitTask(int, int*, int)
                0x00000000c001db9a                nanoSleepUntil(unsigned long long)
                0x00000000c001dc2f                nanoSleep(unsigned long long)
                0x00000000c001dc47                sleep(unsigned long long)
                0x00000000c001dc64                Semaphore::acquire()
                0x00000000c001dd06                taskReturned
                0x00000000c001dd41                Thr::processFromPID(int)
                0x00000000c001ddd8                unblockTask(ThreadControlBlock*)
                0x00000000c001de6d                cleanupTerminatedTask(ThreadControlBlock*)
                0x00000000c001e114                cleanerTaskFunction(void*)
                0x00000000c001e1f5                terminateTask(int)
                0x00000000c001e2b4                Thr::terminateFromIRQ(int)
                0x00000000c001e2c0                Semaphore::release()
 .text          0x00000000c001e3e9      0xada vm86/vm8086.32
                0x00000000c001e3e9                Vm::inbv(unsigned short)
                0x00000000c001e3fc                Vm::outbv(unsigned short, unsigned char)
                0x00000000c001e432                Vm::realToLinear(unsigned short, unsigned short)
                0x00000000c001e442                Vm::getSegment(unsigned int)
                0x00000000c001e44a                Vm::getOffset(unsigned int)
                0x00000000c001e44f                Vm::mainloop2()
                0x00000000c001e489                Vm::mainVm8086Loop(void*)
                0x00000000c001e499                Vm::mainloop3(unsigned long)
                0x00000000c001e4bf                Vm::initialise8086()
                0x00000000c001e502                Vm::finish8086()
                0x00000000c001e563                Vm::getOutput8086(unsigned char*)
                0x00000000c001e588                Vm::start8086(char const*, unsigned short, unsigned short, unsigned short, unsigned short)
                0x00000000c001e6f0                Vm::doISR(regs*, int, unsigned char*, unsigned short, unsigned short)
                0x00000000c001e77a                Vm::readByteFromReal(unsigned short, unsigned short)
                0x00000000c001e78b                Vm::readWordFromReal(unsigned short, unsigned short)
                0x00000000c001e79d                Vm::readDwordFromReal(unsigned short, unsigned short)
                0x00000000c001e7ae                Vm::writeByteFromReal(unsigned short, unsigned short, unsigned char)
                0x00000000c001e7c3                Vm::writeWordFromReal(unsigned short, unsigned short, unsigned short)
                0x00000000c001e7d9                Vm::writeDwordFromReal(unsigned short, unsigned short, unsigned int)
                0x00000000c001e7ee                Vm::faultHandler(regs*)
 .text          0x00000000c001eec3      0xefd vm86/x87em.32
                0x00000000c001eec3                Vm::fpuInternalTo32(unsigned long long)
                0x00000000c001ef1e                Vm::fpuInternalTo64(unsigned long long)
                0x00000000c001ef27                Vm::fpu32ToInternal(unsigned int)
                0x00000000c001ef6c                Vm::fpu64ToInternal(unsigned long long)
                0x00000000c001ef75                Vm::fpuFloatToLong(unsigned long long)
                0x00000000c001efd0                Vm::fpuULongToFloat(unsigned long long)
                0x00000000c001f006                Vm::fpuLongToFloat(long long)
                0x00000000c001f05c                Vm::fpuGet0()
                0x00000000c001f061                Vm::fpuGet1()
                0x00000000c001f069                Vm::fpuGetPi()
                0x00000000c001f071                Vm::fpuGetLog2E()
                0x00000000c001f089                Vm::fpuGetLogE2()
                0x00000000c001f0a1                Vm::fpuGetLog210()
                0x00000000c001f0b9                Vm::fpuGetLog102()
                0x00000000c001f0d1                Vm::fpuIsSecondLarger(unsigned long long, unsigned long long)
                0x00000000c001f0e5                Vm::fpuAreEqual(unsigned long long, unsigned long long)
                0x00000000c001f0fb                Vm::fpuUnorderedCompare(unsigned long long, unsigned long long)
                0x00000000c001f14e                Vm::fpuAdd(unsigned long long, unsigned long long)
                0x00000000c001f15f                Vm::fpuAbs(unsigned long long)
                0x00000000c001f168                Vm::fpuChs(unsigned long long)
                0x00000000c001f178                Vm::fpuSub(unsigned long long, unsigned long long)
                0x00000000c001f187                Vm::fpuMultiply(unsigned long long, unsigned long long)
                0x00000000c001f1a6                Vm::fpuDivide(unsigned long long, unsigned long long)
                0x00000000c001f1c2                Vm::fpuSquare(unsigned long long)
                0x00000000c001f1d8                Vm::fpuGetReg(int)
                0x00000000c001f21b                Vm::fpuSetReg(int, unsigned long long)
                0x00000000c001f266                Vm::fpuPush(unsigned long long)
                0x00000000c001f2c3                Vm::fpuPop()
                0x00000000c001f315                Vm::x87Handler(regs*)
 .text          0x00000000c001fdc0     0x11c1 fs/fat/vfslink.32
                0x00000000c001fdc0                FAT::getName()
                0x00000000c001fdc6                FAT::tell(void*, unsigned long long*)
                0x00000000c001fdfa                FAT::stat(void*, unsigned long long*)
                0x00000000c001fe2e                FAT::~FAT()
                0x00000000c001fe2e                FAT::~FAT()
                0x00000000c001fe52                FAT::~FAT()
                0x00000000c001fe7a                FAT::getlabel(LogicalDisk*, int, char*, unsigned int*)
                0x00000000c001ff18                FAT::setlabel(LogicalDisk*, int, char*)
                0x00000000c001ffd2                FAT::format(LogicalDisk*, int, char const*, int)
                0x00000000c0020190                FAT::tryMount(LogicalDisk*, int)
                0x00000000c0020396                FAT::getFileFirstSector(char const*)
                0x00000000c002043c                FAT::readDir(void*, unsigned long, void*, int*)
                0x00000000c0020596                FAT::read(void*, unsigned long, void*, int*)
                0x00000000c00205f0                FAT::write(void*, unsigned long, void*, int*)
                0x00000000c002064a                FAT::close(void*)
                0x00000000c0020696                FAT::closeDir(void*)
                0x00000000c00206e2                FAT::seek(void*, unsigned long long)
                0x00000000c0020736                fatWrapperReadDisk
                0x00000000c002077d                fatWrapperWriteDisk
                0x00000000c00207c4                fatWrapperIoctl
                0x00000000c00208c8                FAT::FAT()
                0x00000000c00208c8                FAT::FAT()
                0x00000000c002091a                FAT::fixFilepath(char*)
                0x00000000c0020952                FAT::open(char const*, void**, FileOpenMode)
                0x00000000c0020a7a                FAT::openDir(char const*, void**)
                0x00000000c0020b20                FAT::stat(char const*, unsigned long long*, bool*)
                0x00000000c0020c0a                FAT::unlink(char const*)
                0x00000000c0020c84                FAT::chfatattr(char const*, unsigned char, unsigned char)
                0x00000000c0020dd8                FAT::rename(char const*, char const*)
                0x00000000c0020e9c                FAT::mkdir(char const*)
                0x00000000c0020f16                FAT::exists(char const*)
 *fill*         0x00000000c0020f81        0x1 
 .text          0x00000000c0020f82      0xb75 fs/iso9660/vfslink.32
                0x00000000c0020f82                ISO9660::format(LogicalDisk*, int, char const*, int)
                0x00000000c0020f88                ISO9660::seek(void*, unsigned long long)
                0x00000000c0020fb8                ISO9660::tell(void*, unsigned long long*)
                0x00000000c0020fdc                ISO9660::getName()
                0x00000000c0020fe2                ISO9660::stat(void*, unsigned long long*)
                0x00000000c0021006                ISO9660::chfatattr(char const*, unsigned char, unsigned char)
                0x00000000c002100c                ISO9660::unlink(char const*)
                0x00000000c0021012                ISO9660::write(void*, unsigned long, void*, int*)
                0x00000000c0021018                ISO9660::rename(char const*, char const*)
                0x00000000c002101e                ISO9660::mkdir(char const*)
                0x00000000c0021024                ISO9660::close(void*)
                0x00000000c0021046                ISO9660::closeDir(void*)
                0x00000000c0021068                ISO9660::~ISO9660()
                0x00000000c0021068                ISO9660::~ISO9660()
                0x00000000c002108c                ISO9660::~ISO9660()
                0x00000000c00210b3                __memmem(unsigned char*, int, unsigned char*, int)
                0x00000000c00210f5                readSectorFromCDROM(unsigned int, unsigned char*, char)
                0x00000000c0021150                ISO9660::tryMount(LogicalDisk*, int)
                0x00000000c00211a0                ISO9660::read(void*, unsigned long, void*, int*)
                0x00000000c00213a4                ISO9660::readDir(void*, unsigned long, void*, int*)
                0x00000000c002161e                readRoot(unsigned int*, unsigned int*, char)
                0x00000000c0021672                readRecursively(char*, unsigned int, unsigned int, unsigned int*, unsigned int*, char, int*)
                0x00000000c0021845                getFileData(char*, unsigned int*, unsigned int*, char, int*)
                0x00000000c00218d4                ISO9660::open(char const*, void**, FileOpenMode)
                0x00000000c0021982                ISO9660::exists(char const*)
                0x00000000c00219a6                ISO9660::stat(char const*, unsigned long long*, bool*)
                0x00000000c0021a3a                ISO9660::openDir(char const*, void**)
                0x00000000c0021ad4                ISO9660::ISO9660()
                0x00000000c0021ad4                ISO9660::ISO9660()
 *fill*         0x00000000c0021af7        0x1 
 .text          0x00000000c0021af8      0x396 hal/sound/sndchannel.32
                0x00000000c0021af8                SoundChannel::SoundChannel(int, int, int, int)
                0x00000000c0021af8                SoundChannel::SoundChannel(int, int, int, int)
                0x00000000c0021c22                SoundChannel::~SoundChannel()
                0x00000000c0021c22                SoundChannel::~SoundChannel()
                0x00000000c0021c3e                SoundChannel::getSampleRate()
                0x00000000c0021c46                SoundChannel::getBits()
                0x00000000c0021c4e                SoundChannel::getBufferUsed()
                0x00000000c0021c56                SoundChannel::getBufferSize()
                0x00000000c0021c5e                SoundChannel::unbuffer(float*, int, int)
                0x00000000c0021cf2                SoundChannel::buffer16(short*, int)
                0x00000000c0021dee                SoundChannel::buffer8(unsigned char*, int)
 .text          0x00000000c0021e8e      0x43e hal/sound/sndhw.32
                0x00000000c0021e8e                SoundDevice::SoundDevice(char const*)
                0x00000000c0021e8e                SoundDevice::SoundDevice(char const*)
                0x00000000c0021efa                SoundDevice::~SoundDevice()
                0x00000000c0021efa                SoundDevice::~SoundDevice()
                0x00000000c0021f74                SoundDevice::~SoundDevice()
                0x00000000c0021f9e                SoundDevice::getFreeChannelNum()
                0x00000000c0021fb8                SoundDevice::addChannel(SoundChannel*)
                0x00000000c0022028                SoundDevice::removeChannel(int)
                0x00000000c002205a                SoundDevice::floatTo16(float*, short*, int)
                0x00000000c0022148                SoundDevice::floatTo8(float*, unsigned char*, int)
                0x00000000c0022230                SoundDevice::getAudio(int, float*, float*)
 .text          0x00000000c00222cc        0x0 hw/bus/isa.32
 .text          0x00000000c00222cc      0xb87 hw/bus/pci.32
                0x00000000c00222cc                PCI::open(int, int, void*)
                0x00000000c00222ea                PCI::close(int, int, void*)
                0x00000000c00222ee                PCI::PCI()
                0x00000000c00222ee                PCI::PCI()
                0x00000000c0022384                PCI::readBAR8(unsigned int, int)
                0x00000000c00223a0                PCI::readBAR16(unsigned int, int)
                0x00000000c00223be                PCI::readBAR32(unsigned int, int)
                0x00000000c00223da                PCI::writeBAR8(unsigned int, unsigned char, int)
                0x00000000c00223fa                PCI::writeBAR16(unsigned int, unsigned short, int)
                0x00000000c002241c                PCI::writeBAR32(unsigned int, unsigned int, int)
                0x00000000c002243c                PCI::legacyMechanism(unsigned char, unsigned char, unsigned char, unsigned char)
                0x00000000c00224aa                PCI::pciReadWord(unsigned char, unsigned char, unsigned char, unsigned char)
                0x00000000c0022552                PCI::getVendorID(unsigned char, unsigned char, unsigned char)
                0x00000000c0022576                PCI::getHeaderType(unsigned char, unsigned char, unsigned char)
                0x00000000c002259e                PCI::getClassCode(unsigned char, unsigned char, unsigned char)
                0x00000000c00225e8                PCI::getProgIF(unsigned char, unsigned char, unsigned char)
                0x00000000c0022610                PCI::getRevisionID(unsigned char, unsigned char, unsigned char)
                0x00000000c0022634                PCI::getInterruptNumber(unsigned char, unsigned char, unsigned char)
                0x00000000c0022658                PCI::getSecondaryBus(unsigned char, unsigned char, unsigned char)
                0x00000000c0022680                PCI::getBARAddress(unsigned char, unsigned char, unsigned char, unsigned char)
                0x00000000c00226e4                PCI::pciWriteWord(unsigned char, unsigned char, unsigned char, unsigned char, unsigned short)
                0x00000000c00227cc                PCI::pciDetailsToFilepath(PCIDeviceInfo, char*)
                0x00000000c0022a46                PCI::checkBus(unsigned char)
                0x00000000c0022a6a                PCI::foundDevice(PCIDeviceInfo)
                0x00000000c0022bdc                PCI::getDeviceData(unsigned char, unsigned char, unsigned char)
                0x00000000c0022d94                PCI::checkDevice(unsigned char, unsigned char)
                0x00000000c0022e00                PCI::detect()
 *fill*         0x00000000c0022e53        0x1 
 .text          0x00000000c0022e54      0xb54 hw/diskctrl/ide.32
                0x00000000c0022e54                IDE::close(int, int, void*)
                0x00000000c0022e58                IDE::IDE()
                0x00000000c0022e58                IDE::IDE()
                0x00000000c0022e8c                IDE::prepareInterrupt(unsigned char)
                0x00000000c0022e9e                selectDrive(unsigned char, unsigned char)
                0x00000000c0022ea0                IDE::getBase(unsigned char)
                0x00000000c0022eb2                IDE::write(unsigned char, unsigned char, unsigned char)
                0x00000000c0022f72                IDE::read(unsigned char, unsigned char)
                0x00000000c0023020                IDE::waitInterrupt(unsigned char)
                0x00000000c0023086                ideChannel0IRQHandler(regs*, void*)
                0x00000000c00230a2                ideChannel1IRQHandler(regs*, void*)
                0x00000000c00230be                IDE::enableIRQs(unsigned char, bool)
                0x00000000c0023104                IDE::open(int, int, void*)
                0x00000000c0023512                IDE::readBuffer(unsigned char, unsigned char, unsigned int, unsigned int)
                0x00000000c00235de                IDE::detect()
                0x00000000c00238a4                IDE::printError(unsigned char, unsigned char, unsigned char)
                0x00000000c0023954                IDE::polling(unsigned char, unsigned int)
 .text          0x00000000c00239a8      0x336 hw/diskctrl/satabus.32
                0x00000000c00239a8                SATABus::close(int, int, void*)
                0x00000000c00239ac                SATABus::detect()
                0x00000000c00239ae                SATABus::SATABus()
                0x00000000c00239ae                SATABus::SATABus()
                0x00000000c0023a34                SATABus::findCmdslot(SATABus::tagHBA_PORT volatile*)
                0x00000000c0023a7c                SATABus::checkType(SATABus::tagHBA_PORT volatile*)
                0x00000000c0023ac4                SATABus::startCmd(SATABus::tagHBA_PORT volatile*)
                0x00000000c0023ae4                SATABus::stopCmd(SATABus::tagHBA_PORT volatile*)
                0x00000000c0023b0e                SATABus::portRebase(SATABus::tagHBA_PORT volatile*, int)
                0x00000000c0023c14                SATABus::probePort(SATABus::tagHBA_MEM volatile*)
                0x00000000c0023cbe                SATABus::open(int, int, void*)
 .text          0x00000000c0023cde      0x604 hw/diskphys/ata.32
                0x00000000c0023cde                ATA::close(int, int, void*)
                0x00000000c0023d02                ATA::powerSaving(PowerSavingLevel)
                0x00000000c0023d04                ATA::ATA()
                0x00000000c0023d04                ATA::ATA()
                0x00000000c0023d32                ATA::flush(bool)
                0x00000000c0023d7c                ATA::readyForCommand()
                0x00000000c0023dcc                ATA::access(unsigned long long, int, void*, bool)
                0x00000000c0024154                ATA::read(unsigned long long, int, void*)
                0x00000000c00241a0                ATA::write(unsigned long long, int, void*)
                0x00000000c00241ec                ATA::detectCHS()
                0x00000000c0024216                ATA::open(int, int, void*)
 .text          0x00000000c00242e2      0x5bd hw/diskphys/atapi.32
                0x00000000c00242e2                ATAPI::write(unsigned long long, int, void*)
                0x00000000c00242e8                ATAPI::close(int, int, void*)
                0x00000000c002430c                ATAPI::ATAPI()
                0x00000000c002430c                ATAPI::ATAPI()
                0x00000000c002433a                ATAPI::readyForCommand()
                0x00000000c002438a                ATAPI::sendPacket(unsigned char*, int, bool, unsigned short*, int)
                0x00000000c002464a                ATAPI::diskRemoved()
                0x00000000c0024666                ATAPI::eject()
                0x00000000c00246ae                ATAPI::diskInserted()
                0x00000000c00246dc                ATAPI::detectMedia()
                0x00000000c0024798                ATAPI::open(int, int, void*)
                0x00000000c0024820                ATAPI::read(unsigned long long, int, void*)
 *fill*         0x00000000c002489f        0x1 
 .text          0x00000000c00248a0      0x41c hw/diskphys/sata.32
                0x00000000c00248a0                SATA::close(int, int, void*)
                0x00000000c00248c4                SATA::powerSaving(PowerSavingLevel)
                0x00000000c00248c6                SATA::open(int, int, void*)
                0x00000000c0024970                SATA::SATA()
                0x00000000c0024970                SATA::SATA()
                0x00000000c002499e                SATA::access(unsigned long long, int, void*, bool)
                0x00000000c0024c04                SATA::read(unsigned long long, int, void*)
                0x00000000c0024c50                SATA::write(unsigned long long, int, void*)
 .text          0x00000000c0024cbc      0x4fe hw/diskphys/satapi.32
                0x00000000c0024cbc                SATAPI::write(unsigned long long, int, void*)
                0x00000000c0024cc2                SATAPI::close(int, int, void*)
                0x00000000c0024ce6                SATAPI::SATAPI()
                0x00000000c0024ce6                SATAPI::SATAPI()
                0x00000000c0024d14                SATAPI::diskRemoved()
                0x00000000c0024d30                SATAPI::diskInserted()
                0x00000000c0024d5e                SATAPI::sendPacket(unsigned char*, int, unsigned long long, unsigned short*, int)
                0x00000000c0024f66                SATAPI::eject()
                0x00000000c0024fae                SATAPI::detectMedia()
                0x00000000c0025070                SATAPI::open(int, int, void*)
                0x00000000c0025118                SATAPI::read(unsigned long long, int, void*)
 .text          0x00000000c00251ba       0x8e hw/fpu/avx.32
                0x00000000c00251ba                AVX::open(int, int, void*)
                0x00000000c00251cc                AVX::close(int, int, void*)
                0x00000000c00251de                AVX::available()
                0x00000000c00251f0                AVX::save(void*)
                0x00000000c0025208                AVX::load(void*)
                0x00000000c0025220                AVX::AVX()
                0x00000000c0025220                AVX::AVX()
 .text          0x00000000c0025248       0x90 hw/fpu/mmx.32
                0x00000000c0025248                MMX::available()
                0x00000000c002525c                MMX::open(int, int, void*)
                0x00000000c002526e                MMX::close(int, int, void*)
                0x00000000c0025280                MMX::save(void*)
                0x00000000c0025298                MMX::load(void*)
                0x00000000c00252b0                MMX::MMX()
                0x00000000c00252b0                MMX::MMX()
 .text          0x00000000c00252d8       0x96 hw/fpu/sse.32
                0x00000000c00252d8                SSE::open(int, int, void*)
                0x00000000c00252ea                SSE::close(int, int, void*)
                0x00000000c00252fc                SSE::available()
                0x00000000c0025316                SSE::save(void*)
                0x00000000c002532e                SSE::load(void*)
                0x00000000c0025346                SSE::SSE()
                0x00000000c0025346                SSE::SSE()
 .text          0x00000000c002536e       0x8e hw/fpu/x87.32
                0x00000000c002536e                x87::open(int, int, void*)
                0x00000000c0025380                x87::close(int, int, void*)
                0x00000000c0025392                x87::available()
                0x00000000c00253a4                x87::save(void*)
                0x00000000c00253bc                x87::load(void*)
                0x00000000c00253d4                x87::x87()
                0x00000000c00253d4                x87::x87()
 .text          0x00000000c00253fc      0x71e hw/intctrl/apic.32
                0x00000000c00253fc                APIC::disable()
                0x00000000c00253fe                APIC::close(int, int, void*)
                0x00000000c0025420                IOAPIC::close(int, int, void*)
                0x00000000c0025426                APIC::io_wait()
                0x00000000c002542c                APIC::getBase()
                0x00000000c002546e                APIC::eoi(unsigned char)
                0x00000000c002549c                APIC::open(int, int, void*)
                0x00000000c00255ea                IOAPIC::IOAPIC()
                0x00000000c00255ea                IOAPIC::IOAPIC()
                0x00000000c0025612                APIC::APIC()
                0x00000000c0025612                APIC::APIC()
                0x00000000c00256ee                IOAPIC::handlesGSIWithNumber(unsigned int)
                0x00000000c0025720                IOAPIC::read(int)
                0x00000000c0025748                IOAPIC::open(int, int, void*)
                0x00000000c002583e                IOAPIC::write(int, int)
                0x00000000c002586a                IOAPIC::redirect(unsigned char, unsigned long long, unsigned char, bool, bool)
                0x00000000c0025964                APIC::installIRQHandler(int, void (*)(regs*, void*), bool, void*)
 .text          0x00000000c0025b1a      0x3d3 hw/intctrl/pic.32
                0x00000000c0025b1a                PIC::disable()
                0x00000000c0025b48                PIC::close(int, int, void*)
                0x00000000c0025b6a                PIC::PIC()
                0x00000000c0025b6a                PIC::PIC()
                0x00000000c0025c40                PIC::ioWait()
                0x00000000c0025c46                PIC::getIRQReg(int)
                0x00000000c0025cb0                PIC::eoi(unsigned char)
                0x00000000c0025d42                PIC::remap()
                0x00000000c0025eae                PIC::open(int, int, void*)
 *fill*         0x00000000c0025eed        0x1 
 .text          0x00000000c0025eee      0x25e hw/timer/apictimer.32
                0x00000000c0025eee                APICTimer::close(int, int, void*)
                0x00000000c0025ef4                apicTimerHandler(regs*, void*)
                0x00000000c0025f22                APICTimer::write(int)
                0x00000000c0026026                APICTimer::open(int, int, void*)
                0x00000000c0026124                APICTimer::APICTimer()
                0x00000000c0026124                APICTimer::APICTimer()
 .text          0x00000000c002614c      0x1a7 hw/timer/pit.32
                0x00000000c002614c                PIT::write(int)
                0x00000000c00261ca                pitHandler(regs*, void*)
                0x00000000c00261f6                PIT::open(int, int, void*)
                0x00000000c0026244                PIT::close(int, int, void*)
                0x00000000c0026274                PIT::PIT()
                0x00000000c0026274                PIT::PIT()
 *fill*         0x00000000c00262f3        0xd 
 .text          0x00000000c0026300       0x1e hw/fpu/x86/avx.32
                0x00000000c0026300                avxDetect
                0x00000000c0026306                avxSave
                0x00000000c0026307                avxLoad
                0x00000000c0026308                avxInit
                0x00000000c0026309                avxClose
                0x00000000c002630a                wouldSheSayYes
 *fill*         0x00000000c002631e        0x2 
 .text          0x00000000c0026320       0x35 hw/fpu/x86/sse.32
                0x00000000c0026320                absolutelyNoChanceInHell
                0x00000000c0026320                sseDetect
                0x00000000c0026338                sseSave
                0x00000000c002633e                sseLoad
                0x00000000c0026344                sseInit
                0x00000000c0026354                sseClose
 *fill*         0x00000000c0026355        0xb 
 .text          0x00000000c0026360       0x4d hw/fpu/x86/x87.32
                0x00000000c0026366                x87Detect
                0x00000000c0026381                x87Save
                0x00000000c002638a                x87Load
                0x00000000c0026392                x87Init
                0x00000000c00263ac                x87Close
 *fill*         0x00000000c00263ad        0x3 
 .text          0x00000000c00263b0       0x25 /cygdrive/d/Users/Alex/Desktop/Toolchain/Output/bin/../lib/gcc/i386-banana/8.1.0/crtend.o
 .text          0x00000000c00263d5        0x0 crtn.32
 *fill*         0x00000000c00263d5        0x3 
 .text          0x00000000c00263d8      0x14b /cygdrive/d/Users/Alex/Desktop/Toolchain/Output/bin/../lib/gcc/i386-banana/8.1.0/libkgcc.a(_divdi3.o)
                0x00000000c00263d8                __divdi3
 *fill*         0x00000000c0026523        0x1 
 .text          0x00000000c0026524      0x17e /cygdrive/d/Users/Alex/Desktop/Toolchain/Output/bin/../lib/gcc/i386-banana/8.1.0/libkgcc.a(_moddi3.o)
                0x00000000c0026524                __moddi3
 *fill*         0x00000000c00266a2        0x2 
 .text          0x00000000c00266a4       0xff /cygdrive/d/Users/Alex/Desktop/Toolchain/Output/bin/../lib/gcc/i386-banana/8.1.0/libkgcc.a(_udivdi3.o)
                0x00000000c00266a4                __udivdi3
 *fill*         0x00000000c00267a3        0x1 
 .text          0x00000000c00267a4      0x11a /cygdrive/d/Users/Alex/Desktop/Toolchain/Output/bin/../lib/gcc/i386-banana/8.1.0/libkgcc.a(_umoddi3.o)
                0x00000000c00267a4                __umoddi3
 .text          0x00000000c00268be      0x96d D:/Users/Alex/Desktop/Banana/kernel/libsoftfp.a(sfieeelib.o)
                0x00000000c00268be                __addsf3
                0x00000000c0026bc0                __subsf3
                0x00000000c0026bd4                __negsf2
                0x00000000c0026be1                __mulsf3
                0x00000000c0026da4                __divsf3
                0x00000000c0026fcf                __floatsisf
                0x00000000c0027043                __floatunsisf
                0x00000000c0027085                __fixsfsi
                0x00000000c00270e7                __fixunssfsi
                0x00000000c0027118                __cmpsf2
                0x00000000c00271ad                __eqsf2
                0x00000000c00271e8                __nesf2
                0x00000000c00271ea                __gtsf2
                0x00000000c0027225                __gesf2
                0x00000000c0027227                __ltsf2
                0x00000000c0027229                __lesf2
 .text          0x00000000c002722b      0xf50 D:/Users/Alex/Desktop/Banana/kernel/libsoftfp.a(dfieeelib.o)
                0x00000000c002722b                __adddf3
                0x00000000c002787c                __subdf3