Archive member included to satisfy reference by file (symbol)

/cygdrive/d/Users/Alex/Desktop/Toolchain/Output/bin/../lib/gcc/i386-banana/8.1.0/libkgcc.a(_divdi3.o)
                              fs/fat/ff.32 (__divdi3)
/cygdrive/d/Users/Alex/Desktop/Toolchain/Output/bin/../lib/gcc/i386-banana/8.1.0/libkgcc.a(_moddi3.o)
                              thr/elf.32 (__moddi3)
/cygdrive/d/Users/Alex/Desktop/Toolchain/Output/bin/../lib/gcc/i386-banana/8.1.0/libkgcc.a(_udivdi3.o)
                              fs/fat/ff.32 (__udivdi3)
/cygdrive/d/Users/Alex/Desktop/Toolchain/Output/bin/../lib/gcc/i386-banana/8.1.0/libkgcc.a(_umoddi3.o)
                              core/pipe.32 (__umoddi3)
D:/Users/Alex/Desktop/Banana/kernel/libsoftfp.a(sfieeelib.o)
                              hal/sound/sndhw.32 (__addsf3)
D:/Users/Alex/Desktop/Banana/kernel/libsoftfp.a(dfieeelib.o)
                              hal/libresample/src_linear.32 (__adddf3)
D:/Users/Alex/Desktop/Banana/kernel/libsoftfp.a(sfdfcvt.o)
                              hal/libresample/samplerate.32 (__truncdfsf2)
D:/Users/Alex/Desktop/Banana/kernel/libk/libm32.a(s_fabs.c.o)
                              hal/libresample/samplerate.32 (fabs)
D:/Users/Alex/Desktop/Banana/kernel/libk/libm32.a(s_lrint.S.o)
                              hal/libresample/samplerate.32 (lrint)
D:/Users/Alex/Desktop/Banana/kernel/libk/libm32.a(s_lrintf.S.o)
                              hal/sound/sndhw.32 (lrintf)

Discarded input sections

 .comment       0x0000000000000000       0x12 /cygdrive/d/Users/Alex/Desktop/Toolchain/Output/bin/../lib/gcc/i386-banana/8.1.0/crtbegin.o
 .comment       0x0000000000000000       0x12 acpica/utclib.32
 .comment       0x0000000000000000       0x12 core/malloc.32
 .comment       0x0000000000000000       0x12 libk/string.32
 .comment       0x0000000000000000       0x12 fs/fat/diskio.32
 .comment       0x0000000000000000       0x12 fs/fat/ff.32
 .comment       0x0000000000000000       0x12 fs/fat/ffsystem.32
 .comment       0x0000000000000000       0x12 fs/fat/ffunicode.32
 .comment       0x0000000000000000       0x12 hal/libresample/samplerate.32
 .comment       0x0000000000000000       0x12 hal/libresample/src_linear.32
 .comment       0x0000000000000000       0x12 hal/libresample/src_sinc.32
 .comment       0x0000000000000000       0x12 hal/libresample/src_zoh.32
 .comment       0x0000000000000000       0x12 compat/inlines.32
 .group         0x0000000000000000       0x14 core/computer.32
 .group         0x0000000000000000        0xc core/computer.32
 .comment       0x0000000000000000       0x12 core/computer.32
 .comment       0x0000000000000000       0x12 core/gdt.32
 .group         0x0000000000000000        0xc core/idle.32
 .comment       0x0000000000000000       0x12 core/idle.32
 .comment       0x0000000000000000       0x12 core/idt.32
 .comment       0x0000000000000000       0x12 core/kheap.32
 .comment       0x0000000000000000       0x12 core/main.32
 .comment       0x0000000000000000       0x12 core/physmgr.32
 .group         0x0000000000000000        0xc core/pipe.32
 .comment       0x0000000000000000       0x12 core/pipe.32
 .group         0x0000000000000000        0xc core/terminal.32
 .comment       0x0000000000000000       0x12 core/terminal.32
 .comment       0x0000000000000000       0x12 core/tss.32
 .group         0x0000000000000000        0x8 core/unixfile.32
 .group         0x0000000000000000        0xc core/unixfile.32
 .group         0x0000000000000000        0xc core/unixfile.32
 .group         0x0000000000000000        0x8 core/unixfile.32
 .group         0x0000000000000000        0xc core/unixfile.32
 .group         0x0000000000000000        0x8 core/unixfile.32
 .group         0x0000000000000000        0xc core/unixfile.32
 .group         0x0000000000000000        0xc core/unixfile.32
 .comment       0x0000000000000000       0x12 core/unixfile.32
 .comment       0x0000000000000000       0x12 core/virtmgr.32
 .comment       0x0000000000000000       0x12 coreobjs/c++.32
 .comment       0x0000000000000000       0x12 dbg/kconsole.32
 .group         0x0000000000000000        0xc fs/vfs.32
 .group         0x0000000000000000        0xc fs/vfs.32
 .group         0x0000000000000000        0xc fs/vfs.32
 .comment       0x0000000000000000       0x12 fs/vfs.32
 .group         0x0000000000000000        0xc hal/bus.32
 .comment       0x0000000000000000       0x12 hal/bus.32
 .group         0x0000000000000000        0xc hal/buzzer.32
 .comment       0x0000000000000000       0x12 hal/buzzer.32
 .group         0x0000000000000000        0xc hal/clock.32
 .comment       0x0000000000000000       0x12 hal/clock.32
 .group         0x0000000000000000       0x14 hal/device.32
 .group         0x0000000000000000        0xc hal/device.32
 .group         0x0000000000000000        0xc hal/device.32
 .group         0x0000000000000000        0xc hal/device.32
 .group         0x0000000000000000        0xc hal/device.32
[...]
Memory Configuration

Name             Origin             Length             Attributes
*default*        0x0000000000000000 0xffffffffffffffff

Linker script and memory map

LOAD D:/Users/Alex/Desktop/Banana/kernel/boot.32
LOAD crti.32
LOAD /cygdrive/d/Users/Alex/Desktop/Toolchain/Output/bin/../lib/gcc/i386-banana/8.1.0/crtbegin.o
LOAD D:/Users/Alex/Desktop/Banana/kernel/morenasm.32
LOAD acpica/utclib.32
LOAD core/malloc.32
LOAD libk/string.32
LOAD fs/fat/diskio.32
LOAD fs/fat/ff.32
LOAD fs/fat/ffsystem.32
LOAD fs/fat/ffunicode.32
LOAD hal/libresample/samplerate.32
LOAD hal/libresample/src_linear.32
LOAD hal/libresample/src_sinc.32
LOAD hal/libresample/src_zoh.32
LOAD compat/inlines.32
LOAD core/computer.32
LOAD core/gdt.32
LOAD core/idle.32
LOAD core/idt.32
LOAD core/kheap.32
LOAD core/main.32
LOAD core/physmgr.32
LOAD core/pipe.32
LOAD core/terminal.32
LOAD core/tss.32
LOAD core/unixfile.32
LOAD core/virtmgr.32
LOAD coreobjs/c++.32
LOAD dbg/kconsole.32
LOAD fs/vfs.32
LOAD hal/bus.32
LOAD hal/buzzer.32
LOAD hal/clock.32
LOAD hal/device.32
LOAD hal/diskctrl.32
LOAD hal/diskphys.32
LOAD hal/fpu.32
LOAD hal/intctrl.32
LOAD hal/keybrd.32
LOAD hal/logidisk.32
LOAD hal/mouse.32
LOAD hal/partition.32
LOAD hal/serial.32
LOAD hal/timer.32
LOAD hal/vcache.32
LOAD hal/video.32
LOAD hw/acpi.32
LOAD hw/cpu.32
LOAD hw/ports.32
LOAD krnl/panic.32
LOAD reg/registry.32
LOAD sys/sc_exit.32
LOAD sys/sc_getcwd.32
LOAD sys/sc_getpid.32
LOAD sys/sc_loaddll.32
LOAD sys/sc_read.32
LOAD sys/sc_sbrk.32
LOAD sys/sc_setcwd.32
LOAD sys/sc_write.32
LOAD sys/sc_yield.32
LOAD sys/syscalls.32
LOAD thr/elf.32
LOAD thr/prcssthr.32
LOAD vm86/vm8086.32
LOAD vm86/x87em.32
LOAD fs/fat/vfslink.32
LOAD fs/iso9660/vfslink.32
LOAD hal/sound/sndchannel.32
LOAD hal/sound/sndhw.32
LOAD hw/bus/isa.32
LOAD hw/bus/pci.32
LOAD hw/diskctrl/ide.32
LOAD hw/diskctrl/satabus.32
LOAD hw/diskphys/ata.32
LOAD hw/diskphys/atapi.32
LOAD hw/diskphys/sata.32
LOAD hw/fpu/avx.32
LOAD hw/fpu/mmx.32
LOAD hw/fpu/sse.32
LOAD hw/fpu/x87.32
LOAD hw/intctrl/apic.32
LOAD hw/intctrl/pic.32
LOAD hw/timer/apictimer.32
LOAD hw/timer/pit.32
LOAD hw/fpu/x86/avx.32
LOAD hw/fpu/x86/sse.32
LOAD hw/fpu/x86/x87.32
LOAD /cygdrive/d/Users/Alex/Desktop/Toolchain/Output/bin/../lib/gcc/i386-banana/8.1.0/crtend.o
LOAD crtn.32
LOAD /cygdrive/d/Users/Alex/Desktop/Toolchain/Output/bin/../lib/gcc/i386-banana/8.1.0/libkgcc.a
LOAD D:/Users/Alex/Desktop/Banana/kernel/libsoftfp.a
LOAD D:/Users/Alex/Desktop/Banana/kernel/libk/libm32.a
                0x00000000c0000000                . = 0xc0000000

.text           0x00000000c0000000    0x262b8
 *(.text)
 .text          0x00000000c0000000       0x41 D:/Users/Alex/Desktop/Banana/kernel/boot.32
                0x00000000c0000020                callGlobalConstructors
 .text          0x00000000c0000041        0x0 crti.32
 *fill*         0x00000000c0000041        0x3 
 .text          0x00000000c0000044      0x101 /cygdrive/d/Users/Alex/Desktop/Toolchain/Output/bin/../lib/gcc/i386-banana/8.1.0/crtbegin.o
 *fill*         0x00000000c0000145        0xb 
 .text          0x00000000c0000150      0x4a2 D:/Users/Alex/Desktop/Banana/kernel/morenasm.32
                0x00000000c0000150                prepareTramp
                0x00000000c0000169                voodooXADD
                0x00000000c0000234                doTPAUSE
                0x00000000c000023e                hasLegacyFPU
                0x00000000c0000263                is486
                0x00000000c0000299                detectCPUID
                0x00000000c00002af                goToVM86
                0x00000000c00002df                goToUsermode
                0x00000000c0000309                switchToThreadASMFirstTime
                0x00000000c0000317                switchToThreadASM
                0x00000000c000039f                asmQuickAcquireLock
                0x00000000c00003bd                asmQuickReleaseLock
                0x00000000c00003c9                asmAcquireLock
                0x00000000c00003ea                asmReleaseLock
                0x00000000c00003fd                loadGDT
                0x00000000c000041d                isr0
                0x00000000c000042d                isr1
                0x00000000c0000437                isr2
                0x00000000c0000441                isr3
                0x00000000c000044b                isr4
                0x00000000c0000455                isr5
                0x00000000c000045f                isr6
                0x00000000c0000469                isr7
                0x00000000c0000473                isr8
                0x00000000c000047b                isr9
                0x00000000c0000485                isr10
                0x00000000c000048d                isr11
                0x00000000c0000495                isr12
                0x00000000c000049d                isr13
                0x00000000c00004a5                isr14
                0x00000000c00004ad                isr15
                0x00000000c00004b7                isr16
                0x00000000c00004c1                isr17
                0x00000000c00004cb                isr18
                0x00000000c00004d5                irq3
                0x00000000c00004df                irq4
                0x00000000c00004e9                irq5
                0x00000000c00004f3                irq6
                0x00000000c00004fd                irq7
                0x00000000c0000507                irq8
                0x00000000c0000511                irq9
                0x00000000c000051b                irq10
                0x00000000c0000525                irq11
                0x00000000c000052f                irq12
                0x00000000c0000539                irq13
                0x00000000c0000543                irq14
                0x00000000c000054d                irq15
                0x00000000c0000557                irq1
                0x00000000c000055e                irq2
                0x00000000c0000565                isr96
                0x00000000c000056c                irq0
                0x00000000c0000571                syscall_common_stub
                0x00000000c0000571                int_common_stub
                0x00000000c00005a2                irq16
                0x00000000c00005ac                irq17
                0x00000000c00005b6                irq18
                0x00000000c00005c0                irq19
                0x00000000c00005ca                irq20
                0x00000000c00005d4                irq21
                0x00000000c00005de                irq22
                0x00000000c00005e8                irq23
 .text          0x00000000c00005f2      0x40f acpica/utclib.32
                0x00000000c00005f2                memcmp
                0x00000000c000061d                memmove
                0x00000000c0000655                memcpy
                0x00000000c000068b                memset
                0x00000000c00006a8                strlen
                0x00000000c00006b8                strpbrk
                0x00000000c00006db                strtok
                0x00000000c000072a                strcpy
                0x00000000c000074a                strncpy
                0x00000000c000077b                strcmp
                0x00000000c000079c                strchr
                0x00000000c00007b2                strncmp
                0x00000000c00007e1                strcat
                0x00000000c0000808                strncat
                0x00000000c0000842                strstr
                0x00000000c000087f                toupper
                0x00000000c0000893                tolower
                0x00000000c00008a7                simple_strtoul
 .text          0x00000000c0000a01      0xfbf core/malloc.32
                0x00000000c0000b6c                dlfree
                0x00000000c0000ec7                dlmalloc
                0x00000000c0001404                dlrealloc
                0x00000000c00015b9                dlmemalign
                0x00000000c00016dc                dlcalloc
                0x00000000c0001776                dlcfree
                0x00000000c000177b                dlindependent_calloc
                0x00000000c00017a0                dlindependent_comalloc
                0x00000000c00017b7                dlvalloc
                0x00000000c00017e2                dlpvalloc
                0x00000000c0001818                dlmalloc_trim
                0x00000000c0001825                dlmalloc_usable_size
                0x00000000c0001856                dlmallinfo
                0x00000000c0001925                dlmalloc_stats
                0x00000000c0001936                dlmallopt
 .text          0x00000000c00019c0        0x0 libk/string.32
 .text          0x00000000c00019c0       0x51 fs/fat/diskio.32
                0x00000000c00019c0                disk_status
                0x00000000c00019c3                disk_initialize
                0x00000000c00019c6                disk_read
                0x00000000c00019dc                disk_write
                0x00000000c00019f2                disk_ioctl
 .text          0x00000000c0001a11     0x6833 fs/fat/ff.32
                0x00000000c0004cdf                f_mount
                0x00000000c0004d41                f_open
                0x00000000c000517d                f_read
                0x00000000c00053fd                f_write
                0x00000000c00056b7                f_sync
                0x00000000c0005893                f_close
                0x00000000c00058c2                f_lseek
                0x00000000c0005d79                f_opendir
                0x00000000c0005e7b                f_closedir
                0x00000000c0005e9d                f_readdir
                0x00000000c0005f38                f_stat
                0x00000000c0005fc7                f_getfree
                0x00000000c0006192                f_truncate
                0x00000000c000628a                f_unlink
                0x00000000c000640d                f_mkdir
                0x00000000c0006639                f_rename
                0x00000000c000692c                f_chmod
                0x00000000c0006a0a                f_utime
                0x00000000c0006ae8                f_getlabel
                0x00000000c0006cd6                f_setlabel
                0x00000000c0006f43                f_forward
                0x00000000c0007121                f_mkfs
 .text          0x00000000c0008244       0x2d fs/fat/ffsystem.32
                0x00000000c0008244                ff_memalloc
                0x00000000c000825a                ff_memfree
 .text          0x00000000c0008271      0x253 fs/fat/ffunicode.32
                0x00000000c0008271                ff_uni2oem
                0x00000000c0008301                ff_oem2uni
                0x00000000c000836d                ff_wtoupper
 .text          0x00000000c00084c4      0x8fb hal/libresample/samplerate.32
                0x00000000c0008508                src_delete
                0x00000000c0008544                src_process
                0x00000000c00086fa                src_callback_read
                0x00000000c0008877                src_set_ratio
                0x00000000c00088e1                src_get_channels
                0x00000000c0008903                src_reset
                0x00000000c000894f                src_new
                0x00000000c00089dd                src_callback_new
                0x00000000c0008a3f                src_get_name
                0x00000000c0008a76                src_get_description
                0x00000000c0008aad                src_get_version
                0x00000000c0008ab3                src_is_valid_ratio
                0x00000000c0008b07                src_error
                0x00000000c0008b15                src_strerror
                0x00000000c0008b28                src_simple
                0x00000000c0008b7b                src_short_to_float_array
                0x00000000c0008be0                src_float_to_short_array
                0x00000000c0008c9f                src_int_to_float_array
                0x00000000c0008d02                src_float_to_int_array
 .text          0x00000000c0008dbf      0x8cb hal/libresample/src_linear.32
                0x00000000c00095e5                linear_get_name
                0x00000000c00095f4                linear_get_description
                0x00000000c0009603                linear_set_converter
 .text          0x00000000c000968a     0x447c hal/libresample/src_sinc.32
                0x00000000c000da1d                sinc_get_name
                0x00000000c000da30                sinc_get_description
                0x00000000c000da43                sinc_set_converter
 .text          0x00000000c000db06      0x77c hal/libresample/src_zoh.32
                0x00000000c000e1dd                zoh_get_name
                0x00000000c000e1ec                zoh_get_description
                0x00000000c000e1fb                zoh_set_converter
 .text          0x00000000c000e282       0x23 compat/inlines.32
                0x00000000c000e282                CPU::current()
                0x00000000c000e28f                operator new(unsigned long)
 *fill*         0x00000000c000e2a5        0x1 
 .text          0x00000000c000e2a6      0xa07 core/computer.32
                0x00000000c000e2a6                Computer::close(int, int, void*)
                0x00000000c000e2ea                Computer::Computer()
                0x00000000c000e2ea                Computer::Computer()
                0x00000000c000e446                Computer::setBootMessage(char const*)
                0x00000000c000e448                Computer::start()
                0x00000000c000e519                firstTask()
                0x00000000c000e528                Computer::detectFeatures()
                0x00000000c000e732                Computer::displayFeatures()
                0x00000000c000ea78                Computer::rdmsr(unsigned int)
                0x00000000c000eaa4                Computer::wrmsr(unsigned int, unsigned long long)
                0x00000000c000eadc                Computer::nmiEnabled()
                0x00000000c000eae8                Computer::readCMOS(unsigned char)
                0x00000000c000eb02                Computer::enableNMI(bool)
                0x00000000c000eb1a                Computer::open(int, int, void*)
                0x00000000c000ebf0                Computer::disableNMI()
                0x00000000c000ebfe                Computer::writeCMOS(unsigned char, unsigned char)
                0x00000000c000ec1c                Computer::handleNMI()
                0x00000000c000ec82                Computer::setDiskActivityLight(int, bool)
 *fill*         0x00000000c000ecad        0x1 
 .text          0x00000000c000ecae      0x1b7 core/gdt.32
                0x00000000c000ecae                GDTEntry::setBase(unsigned int)
                0x00000000c000ecca                GDTEntry::setLimit(unsigned int)
                0x00000000c000ece8                GDT::GDT()
                0x00000000c000ece8                GDT::GDT()
                0x00000000c000ecfe                GDT::addEntry(GDTEntry)
                0x00000000c000ed3a                GDT::getNumberOfEntries()
                0x00000000c000ed42                GDT::flush()
                0x00000000c000ed64                GDT::setup()
 .text          0x00000000c000ee65       0x62 core/idle.32
                0x00000000c000ee65                idleFunction(void*)
 *fill*         0x00000000c000eec7        0x1 
 .text          0x00000000c000eec8      0x45f core/idt.32
                0x00000000c000eec8                IDTEntry::IDTEntry(bool)
                0x00000000c000eec8                IDTEntry::IDTEntry(bool)
                0x00000000c000ef36                IDTEntry::setOffset(unsigned int)
                0x00000000c000ef4a                IDT::IDT()
                0x00000000c000ef4a                IDT::IDT()
                0x00000000c000ef4c                IDT::getPointerToInvalidOpcodeEntryForF00F()
                0x00000000c000ef54                IDT::addEntry(IDTEntry, int)
                0x00000000c000ef6e                IDT::addEntry(int, void (*)(), bool)
                0x00000000c000efa6                IDT::flush()
                0x00000000c000efc0                IDT::setup()
 .text          0x00000000c000f327      0x203 core/kheap.32
                0x00000000c000f327                sbrk
                0x00000000c000f435                mmap
                0x00000000c000f44b                munmap
                0x00000000c000f461                liballoc_lock()
                0x00000000c000f472                liballoc_unlock()
                0x00000000c000f483                liballoc_alloc(int)
                0x00000000c000f49e                liballoc_free(void*, int)
                0x00000000c000f4bc                realloc
                0x00000000c000f4d0                malloc
                0x00000000c000f4e0                free
                0x00000000c000f4f0                rfree
                0x00000000c000f500                calloc
 .text          0x00000000c000f52a      0x38d core/main.32
                0x00000000c000f52a                hwTextMode_loadInData(VgaText*)
                0x00000000c000f56f                hwTextMode_loadInTitle(VgaText*, char*)
                0x00000000c000f5b1                hwTextMode_showCursor(VgaText*, bool)
                0x00000000c000f605                hwTextMode_update(VgaText*)
                0x00000000c000f606                hwTextMode_updateCursor(VgaText*)
                0x00000000c000f64e                hwTextMode_disableBlink(VgaText*, bool)
                0x00000000c000f68a                hwTextMode_scrollScreen(VgaText*)
                0x00000000c000f710                hwTextMode_writeCharacter(VgaText*, char, VgaColour, VgaColour, int, int)
                0x00000000c000f76e                setupTextMode()
                0x00000000c000f7bf                kernel_main
 .text          0x00000000c000f8b7      0x54d core/physmgr.32
                0x00000000c000f8b7                Phys::allocateDMA(unsigned long)
                0x00000000c000f95a                Phys::freeDMA(unsigned long, unsigned long)
                0x00000000c000f9a2                Phys::setPageState(unsigned long, bool)
                0x00000000c000f9d4                Phys::getPageState(unsigned long)
                0x00000000c000f9f0                Phys::freePage(unsigned long)
                0x00000000c000fa7a                Phys::allocatePage()
                0x00000000c000fb42                Phys::allocateContiguousPages(int)
                0x00000000c000fb9c                Phys::allowSegmentToBeUsed(unsigned long, unsigned long)
                0x00000000c000fbd4                Phys::physicalMemorySetup(unsigned int)
 .text          0x00000000c000fe04      0x273 core/pipe.32
                0x00000000c000fe04                Pipe::isAtty()
                0x00000000c000fe08                Pipe::~Pipe()
                0x00000000c000fe08                Pipe::~Pipe()
                0x00000000c000fe2c                Pipe::~Pipe()
                0x00000000c000fe54                Pipe::read(unsigned long long, void*, int*)
                0x00000000c000ff48                Pipe::write(unsigned long long, void*, int*)
                0x00000000c0010010                Pipe::Pipe(int)
                0x00000000c0010010                Pipe::Pipe(int)
 *fill*         0x00000000c0010077        0x1 
 .text          0x00000000c0010078      0xf65 core/terminal.32
                0x00000000c0010078                VgaText::isAtty()
                0x00000000c001007c                VgaText::~VgaText()
                0x00000000c001007c                VgaText::~VgaText()
                0x00000000c00100a0                VgaText::~VgaText()
                0x00000000c00100ca                VgaText::read(unsigned long long, void*, int*)
                0x00000000c00100ea                setTerminalScrollLock(bool)
                0x00000000c00100eb                addToTerminalCycle(VgaText*)
                0x00000000c0010118                installVgaTextImplementation()
                0x00000000c001012d                scrollTerminalScrollLock(int)
                0x00000000c001012e                VgaText::load()
                0x00000000c0010182                VgaText::updateCursor()
                0x00000000c001019c                VgaText::showCursor(bool)
                0x00000000c00101ac                VgaText::disableBlink(bool)
                0x00000000c00101e6                VgaText::doANSI_SGR(int)
                0x00000000c0010272                VgaText::setDefaultBgColour(VgaColour)
                0x00000000c0010288                VgaText::setDefaultFgColour(VgaColour)
                0x00000000c001029e                VgaText::setDefaultColours(VgaColour, VgaColour)
                0x00000000c00102be                VgaText::combineColours(unsigned char, unsigned char)
                0x00000000c00102d0                VgaText::scrollScreen()
                0x00000000c0010364                VgaText::combineCharAndColour(char, unsigned char)
                0x00000000c0010376                VgaText::writeCharacter(char, VgaColour, VgaColour, int, int)
                0x00000000c00103d6                VgaText::getCursorX()
                0x00000000c00103e2                VgaText::getCursorY()
                0x00000000c00103ee                VgaText::setCursor(int, int)
                0x00000000c001040c                VgaText::setCursorX(int)
                0x00000000c0010428                VgaText::setCursorY(int)
                0x00000000c0010444                VgaText::incrementCursor(bool)
                0x00000000c00104ac                VgaText::updateRAMUsageDisplay(int)
                0x00000000c0010506                VgaText::updateDiskUsage()
                0x00000000c001066c                VgaText::updateTitle()
                0x00000000c00106b2                VgaText::setTitleTextColour(VgaColour)
                0x00000000c00106c2                VgaText::setTitleColour(VgaColour)
                0x00000000c00106d2                VgaText::setTitle(char*)
                0x00000000c00106f8                VgaText::decrementCursor(bool)
                0x00000000c0010720                VgaText::putchar(char, VgaColour, VgaColour)
                0x00000000c001081c                VgaText::isShowingCursor()
                0x00000000c0010828                VgaText::isBlinkDisabled()
                0x00000000c0010836                VgaText::setCursorHeight(int)
                0x00000000c0010854                VgaText::getCursorHeight()
                0x00000000c001085f                setActiveTerminal(VgaText*)
                0x00000000c0010911                doTerminalCycle()
                0x00000000c001092e                VgaText::doUpdate()
                0x00000000c0010940                VgaText::puts(char const*, VgaColour, VgaColour)
                0x00000000c0010b00                VgaText::clearScreen()
                0x00000000c0010b64                VgaText::putchar(char)
                0x00000000c0010c7e                VgaText::puts(char const*)
                0x00000000c0010ca4                VgaText::putx(unsigned int)
                0x00000000c0010cea                VgaText::VgaText(char const*)
                0x00000000c0010cea                VgaText::VgaText(char const*)
                0x00000000c0010e7c                VgaText::receiveKey(unsigned char)
                0x00000000c0010f64                VgaText::write(unsigned long long, void*, int*)
                0x00000000c0010fb8                newTerminal(char*)
 *fill*         0x00000000c0010fdd        0x1 
 .text          0x00000000c0010fde      0x1b3 core/tss.32
                0x00000000c0010fde                TSS::TSS()
                0x00000000c0010fde                TSS::TSS()
                0x00000000c0010fec                TSS::setESP(unsigned long)
                0x00000000c0010ffe                TSS::flush()
                0x00000000c001101e                TSS::setup(unsigned long, unsigned long)
 *fill*         0x00000000c0011191        0x1 
 .text          0x00000000c0011192      0x4c2 core/unixfile.32
                0x00000000c0011192                ReservedFilename::read(unsigned long long, void*, int*)
                0x00000000c00111e8                ReservedFilename::isAtty()
                0x00000000c0011204                ReservedFilename::write(unsigned long long, void*, int*)
                0x00000000c0011262                UnixFile::getFileDescriptor()
                0x00000000c001126a                UnixFile::UnixFile(int)
                0x00000000c001126a                UnixFile::UnixFile(int)
                0x00000000c001141a                ReservedFilename::ReservedFilename(int)
                0x00000000c001141a                ReservedFilename::ReservedFilename(int)
                0x00000000c001144c                UnixFile::~UnixFile()
                0x00000000c001144c                UnixFile::~UnixFile()
                0x00000000c00114e4                UnixFile::~UnixFile()
                0x00000000c001150c                ReservedFilename::~ReservedFilename()
                0x00000000c001150c                ReservedFilename::~ReservedFilename()
                0x00000000c0011530                ReservedFilename::~ReservedFilename()
                0x00000000c0011557                getFromFileDescriptor(int)
 .text          0x00000000c0011654      0xee3 core/virtmgr.32
                0x00000000c0011654                Virt::setPageState(unsigned long, Virt::VirtPageState)
                0x00000000c0011689                Virt::getPageState(unsigned long)
                0x00000000c00116ad                Virt::allocateKernelVirtualPages(int)
                0x00000000c00117be                Virt::virtualMemorySetup()
                0x00000000c001183d                Virt::getAKernelVAS()
                0x00000000c0011843                Virt::setupPageSwapping(int)
                0x00000000c0011972                VAS::VAS()
                0x00000000c0011972                VAS::VAS()
                0x00000000c00119a2                VAS::VAS(VAS*)
                0x00000000c00119a2                VAS::VAS(VAS*)
                0x00000000c00119c6                VAS::getForeignPageTableEntry(bool, unsigned long)
                0x00000000c00119f2                VAS::getPageTableEntry(unsigned long)
                0x00000000c0011a11                Virt::freeKernelVirtualPages(unsigned long)
                0x00000000c0011b34                VAS::freeAllocatedPages(unsigned long)
                0x00000000c0011b58                VAS::virtualToPhysical(unsigned long)
                0x00000000c0011b70                VAS::reflagRange(unsigned long, int, int, int)
                0x00000000c0011bb0                VAS::setToWriteCombining(unsigned long, int)
                0x00000000c0011be2                VAS::mapOtherVASIn(bool, VAS*)
                0x00000000c0011c0c                VAS::~VAS()
                0x00000000c0011c0c                VAS::~VAS()
                0x00000000c0011d78                VAS::mapPage(unsigned long, unsigned long, int)
                0x00000000c0011e78                VAS::allocatePages(int, int)
                0x00000000c0012050                VAS::setCPUSpecific(unsigned long)
                0x00000000c001206c                VAS::mapRange(unsigned long, unsigned long, int, int)
                0x00000000c0012132                VAS::mapForeignPage(bool, VAS*, unsigned long, unsigned long, int)
                0x00000000c0012220                VAS::VAS(bool)
                0x00000000c0012220                VAS::VAS(bool)
                0x00000000c001247b                mapVASFirstTime
 .text          0x00000000c0012537       0x95 coreobjs/c++.32
                0x00000000c0012537                __cxa_atexit
                0x00000000c001253a                __cxa_finalize
                0x00000000c001253b                __stack_chk_fail
                0x00000000c00125a7                __cxa_pure_virtual
                0x00000000c00125b8                operator new[](unsigned long)
                0x00000000c00125bd                operator delete(void*, unsigned long)
                0x00000000c00125c2                operator delete[](void*)
                0x00000000c00125c7                operator delete[](void*, unsigned long)
 .text          0x00000000c00125cc      0x1ef dbg/kconsole.32
                0x00000000c00125cc                Dbg::stringifyxWithBase(unsigned int, char*, int)
                0x00000000c001262d                Dbg::logc(char)
                0x00000000c0012644                Dbg::logs(char*)
                0x00000000c0012661                Dbg::logWriteInt(unsigned int)
                0x00000000c001267e                Dbg::logWriteIntBase(unsigned int, int)
                0x00000000c001269d                Dbg::kprintf(char const*, ...)
 *fill*         0x00000000c00127bb        0x1 
 .text          0x00000000c00127bc      0xb7c fs/vfs.32
                0x00000000c00127bc                File::read(unsigned long long, void*, int*)
                0x00000000c0012814                File::write(unsigned long long, void*, int*)
                0x00000000c001286c                Directory::read(unsigned long long, void*, int*)
                0x00000000c00128c4                Directory::write(unsigned long long, void*, int*)
                0x00000000c00128f2                File::isAtty()
                0x00000000c00128f6                Directory::isAtty()
                0x00000000c00128fa                Filesystem::getlabel(LogicalDisk*, int, char*, unsigned int*)
                0x00000000c0012900                Filesystem::setlabel(LogicalDisk*, int, char*)
                0x00000000c0012906                File::~File()
                0x00000000c0012906                File::~File()
                0x00000000c001292a                File::~File()
                0x00000000c0012954                Directory::~Directory()
                0x00000000c0012954                Directory::~Directory()
                0x00000000c0012978                Directory::~Directory()
                0x00000000c00129a2                Filesystem::Filesystem()
                0x00000000c00129a2                Filesystem::Filesystem()
                0x00000000c00129c6                Filesystem::~Filesystem()
                0x00000000c00129c6                Filesystem::~Filesystem()
                0x00000000c00129d4                Filesystem::~Filesystem()
                0x00000000c00129f8                initVFS()
                0x00000000c0012a22                standardiseFiles(char*, char const*, char const*)
                0x00000000c0012bcc                File::File(char const*, Process*)
                0x00000000c0012bcc                File::File(char const*, Process*)
                0x00000000c0012c30                File::open(FileOpenMode)
                0x00000000c0012c8e                File::close()
                0x00000000c0012cee                File::seek(unsigned long long)
                0x00000000c0012d44                File::tell(unsigned long long*)
                0x00000000c0012d94                File::rewind()
                0x00000000c0012da8                File::unlink()
                0x00000000c0012df4                File::rename(char const*)
                0x00000000c0012e42                File::chfatattr(unsigned char, unsigned char)
                0x00000000c0012e9e                File::exists()
                0x00000000c0012edc                File::stat(unsigned long long*, bool*)
                0x00000000c0012f3d                getcwd(Process*, char*, int)
                0x00000000c0012f67                setcwd(Process*, char*)
                0x00000000c00130a2                Directory::Directory(char const*, Process*)
                0x00000000c00130a2                Directory::Directory(char const*, Process*)
                0x00000000c0013106                Directory::open()
                0x00000000c0013162                Directory::close()
                0x00000000c00131c2                Directory::unlink()
                0x00000000c001320e                Directory::rename(char const*)
                0x00000000c001325c                Directory::exists()
                0x00000000c001329a                Directory::read(dirent*)
                0x00000000c00132e6                Directory::create()
                0x00000000c0013332                Filesystem::chfatattr(char const*, unsigned char, unsigned char)
 .text          0x00000000c0013338       0x84 hal/bus.32
                0x00000000c0013338                Bus::Bus(char const*)
                0x00000000c0013338                Bus::Bus(char const*)
                0x00000000c001336e                Bus::~Bus()
                0x00000000c001336e                Bus::~Bus()
                0x00000000c0013392                Bus::~Bus()
 .text          0x00000000c00133bc      0x14e hal/buzzer.32
                0x00000000c00133bc                Buzzer::Buzzer(char const*)
                0x00000000c00133bc                Buzzer::Buzzer(char const*)
                0x00000000c0013400                Buzzer::~Buzzer()
                0x00000000c0013400                Buzzer::~Buzzer()
                0x00000000c0013424                Buzzer::~Buzzer()
                0x00000000c001344e                Buzzer::stop()
                0x00000000c0013461                beepThread(void*)
                0x00000000c001349c                Buzzer::beep(int, int, bool)
 .text          0x00000000c001350a      0x42f hal/clock.32
                0x00000000c001350a                loadClockSettings()
                0x00000000c0013524                Clock::Clock(char const*)
                0x00000000c0013524                Clock::Clock(char const*)
                0x00000000c001355a                Clock::~Clock()
                0x00000000c001355a                Clock::~Clock()
                0x00000000c001357e                Clock::~Clock()
                0x00000000c00135a8                Clock::timeInSecondsLocal()
                0x00000000c00135f0                Clock::setTimeInSecondsLocal(unsigned long long)
                0x00000000c0013649                datetimeToSeconds(datetime_t)
                0x00000000c0013770                Clock::setTimeInDatetimeLocal(datetime_t)
                0x00000000c00137d0                secondsToDatetime(unsigned long long)
                0x00000000c0013914                Clock::timeInDatetimeLocal()
 *fill*         0x00000000c0013939        0x1 
 .text          0x00000000c001393a      0x4de hal/device.32
                0x00000000c001393a                Device::hibernate()
                0x00000000c001393c                Device::wake()
                0x00000000c001393e                Device::detect()
                0x00000000c0013940                Device::disableLegacy()
                0x00000000c0013942                Device::powerSaving(PowerSavingLevel)
                0x00000000c0013944                DriverlessDevice::close(int, int, void*)
                0x00000000c0013948                DriverlessDevice::detect()
                0x00000000c001394a                DriverlessDevice::open(int, int, void*)
                0x00000000c001395e                Device::~Device()
                0x00000000c001395e                Device::~Device()
                0x00000000c001396c                Device::~Device()
                0x00000000c0013994                Device::findAndLoadDriver()
                0x00000000c0013996                Device::preOpenPCI(PCIDeviceInfo)
                0x00000000c00139bc                Device::preOpenACPI(void*, char*, char*)
                0x00000000c0013a10                Device::addIRQHandler(int, void (*)(regs*, void*), bool, void*)
                0x00000000c0013a4e                Device::removeIRQHandler(int, void (*)(regs*, void*), bool)
                0x00000000c0013a8c                Device::addChild(Device*)
                0x00000000c0013ad0                Device::removeAllChildren()
                0x00000000c0013b16                Device::hibernateAll()
                0x00000000c0013b46                Device::wakeAll()
                0x00000000c0013b76                Device::detectAll()
                0x00000000c0013ba6                Device::disableLegacyAll()
                0x00000000c0013bd6                Device::loadDriversForAll()
                0x00000000c0013c02                Device::closeAll()
                0x00000000c0013c38                Device::powerSavingAll(PowerSavingLevel)
                0x00000000c0013c6e                Device::setName(char const*)
                0x00000000c0013c7c                Device::Device(char const*)
                0x00000000c0013c7c                Device::Device(char const*)
                0x00000000c0013d78                Device::getName()
                0x00000000c0013d82                DriverlessDevice::DriverlessDevice(char const*)
                0x00000000c0013d82                DriverlessDevice::DriverlessDevice(char const*)
                0x00000000c0013daa                Device::addToLinkedList(LinkedList<Device>&, DeviceType)
                0x00000000c0013dee                getDevicesOfType(DeviceType)
 .text          0x00000000c0013e18       0x84 hal/diskctrl.32
                0x00000000c0013e18                HardDiskController::HardDiskController(char const*)
                0x00000000c0013e18                HardDiskController::HardDiskController(char const*)
                0x00000000c0013e4e                HardDiskController::~HardDiskController()
                0x00000000c0013e4e                HardDiskController::~HardDiskController()
                0x00000000c0013e72                HardDiskController::~HardDiskController()
 .text          0x00000000c0013e9c       0xde hal/diskphys.32
                0x00000000c0013e9c                PhysicalDisk::PhysicalDisk(char const*, int)
                0x00000000c0013e9c                PhysicalDisk::PhysicalDisk(char const*, int)
                0x00000000c0013f04                PhysicalDisk::startCache()
                0x00000000c0013f2c                PhysicalDisk::~PhysicalDisk()
                0x00000000c0013f2c                PhysicalDisk::~PhysicalDisk()
                0x00000000c0013f50                PhysicalDisk::~PhysicalDisk()
 .text          0x00000000c0013f7a      0x13b hal/fpu.32
                0x00000000c0013f7a                FPU::FPU(char const*)
                0x00000000c0013f7a                FPU::FPU(char const*)
                0x00000000c0013fb0                FPU::~FPU()
                0x00000000c0013fb0                FPU::~FPU()
                0x00000000c0013fd4                FPU::~FPU()
                0x00000000c0013ffe                setupFPU()
 *fill*         0x00000000c00140b5        0x1 
 .text          0x00000000c00140b6     0x12b1 hal/intctrl.32
                0x00000000c00140b6                InterruptController::uninstallISRHandler(int, void (*)(regs*, void*))
                0x00000000c00140ee                InterruptController::installISRHandler(int, void (*)(regs*, void*), void*)
                0x00000000c0014140                doubleFault(regs*, void*)
                0x00000000c001415a                InterruptController::installIRQHandler(int, void (*)(regs*, void*), bool, void*)
                0x00000000c00141f6                InterruptController::clearAllHandlers(int, bool)
                0x00000000c001429e                InterruptController::uninstallIRQHandler(int, void (*)(regs*, void*), bool)
                0x00000000c0014325                nmiHandler(regs*, void*)
                0x00000000c0014333                int_handler
                0x00000000c00143d4                InterruptController::InterruptController(char const*)
                0x00000000c00143d4                InterruptController::InterruptController(char const*)
                0x00000000c001447a                InterruptController::~InterruptController()
                0x00000000c001447a                InterruptController::~InterruptController()
                0x00000000c001449e                InterruptController::~InterruptController()
                0x00000000c00144c8                displayDebugInfo(regs*)
                0x00000000c00148cd                x87EmulHandler(regs*, void*)
                0x00000000c00148fc                gpFault(regs*, void*)
                0x00000000c0014935                pgFault(regs*, void*)
                0x00000000c001494c                otherISRHandler(regs*, void*)
                0x00000000c001496b                opcodeFault(regs*, void*)
                0x00000000c0014f2a                displayProgramFault(char const*)
                0x00000000c0014f52                setupInterruptController()
                0x00000000c001531a                InterruptController::convertLegacyIRQNumber(int)
 *fill*         0x00000000c0015367        0x1 
 .text          0x00000000c0015368      0x620 hal/keybrd.32
                0x00000000c0015368                startGUI(void*)
                0x00000000c00153da                sendKeyToTerminal(unsigned char)
                0x00000000c0015446                sendKeyboardToken(KeyboardToken)
                0x00000000c0015821                clearInternalKeybuffer(VgaText*)
                0x00000000c0015856                readKeyboard(VgaText*, char*, unsigned long)
                0x00000000c00158fe                Keyboard::Keyboard(char const*)
                0x00000000c00158fe                Keyboard::Keyboard(char const*)
                0x00000000c001593a                Keyboard::~Keyboard()
                0x00000000c001593a                Keyboard::~Keyboard()
                0x00000000c001595e                Keyboard::~Keyboard()
 .text          0x00000000c0015988      0x400 hal/logidisk.32
                0x00000000c0015988                LogicalDisk::close(int, int, void*)
                0x00000000c001598c                LogicalDisk::~LogicalDisk()
                0x00000000c001598c                LogicalDisk::~LogicalDisk()
                0x00000000c00159b0                LogicalDisk::~LogicalDisk()
                0x00000000c00159da                LogicalDisk::open(int, int, void*)
                0x00000000c00159ee                LogicalDisk::absoluteToRelative(unsigned long long)
                0x00000000c0015a26                LogicalDisk::relativeToAbsolute(unsigned long long)
                0x00000000c0015a6c                LogicalDisk::LogicalDisk(char const*, PhysicalDisk*, unsigned long long, unsigned long long)
                0x00000000c0015a6c                LogicalDisk::LogicalDisk(char const*, PhysicalDisk*, unsigned long long, unsigned long long)
                0x00000000c0015b22                LogicalDisk::assignDriveLetter()
                0x00000000c0015bd8                LogicalDisk::mount()
                0x00000000c0015c4a                LogicalDisk::unmount()
                0x00000000c0015c5a                LogicalDisk::unassignDriveLetter()
                0x00000000c0015cb0                LogicalDisk::read(unsigned long long, int, void*)
                0x00000000c0015d1c                LogicalDisk::write(unsigned long long, int, void*)
 .text          0x00000000c0015d88       0x84 hal/mouse.32
                0x00000000c0015d88                Mouse::Mouse(char const*)
                0x00000000c0015d88                Mouse::Mouse(char const*)
                0x00000000c0015dbe                Mouse::~Mouse()
                0x00000000c0015dbe                Mouse::~Mouse()
                0x00000000c0015de2                Mouse::~Mouse()
 .text          0x00000000c0015e0c      0x339 hal/partition.32
                0x00000000c0015e0c                makePartition(PhysicalDisk*, unsigned long long, unsigned long long)
                0x00000000c0015eb4                createPartitionsForDisk(PhysicalDisk*)
 *fill*         0x00000000c0016145        0x1 
 .text          0x00000000c0016146       0x84 hal/serial.32
                0x00000000c0016146                Serial::Serial(char const*)
                0x00000000c0016146                Serial::Serial(char const*)
                0x00000000c001617c                Serial::~Serial()
                0x00000000c001617c                Serial::~Serial()
                0x00000000c00161a0                Serial::~Serial()
 .text          0x00000000c00161ca      0x2b8 hal/timer.32
                0x00000000c00161ca                Timer::Timer(char const*)
                0x00000000c00161ca                Timer::Timer(char const*)
                0x00000000c0016200                Timer::~Timer()
                0x00000000c0016200                Timer::~Timer()
                0x00000000c0016224                Timer::~Timer()
                0x00000000c001624e                Timer::read()
                0x00000000c0016259                timerHandler(unsigned long long)
                0x00000000c0016390                setupTimer(int)
 .text          0x00000000c0016482      0x2db hal/vcache.32
                0x00000000c0016482                VCache::VCache(PhysicalDisk*)
                0x00000000c0016482                VCache::VCache(PhysicalDisk*)
                0x00000000c001657c                VCache::writeWriteBuffer()
                0x00000000c00165b8                VCache::~VCache()
                0x00000000c00165b8                VCache::~VCache()
                0x00000000c00165f8                VCache::~VCache()
                0x00000000c0016620                VCache::write(unsigned long long, int, void*)
                0x00000000c0016704                VCache::read(unsigned long long, int, void*)
 *fill*         0x00000000c001675d        0x1 
 .text          0x00000000c001675e      0x4cb hal/video.32
                0x00000000c001675e                Video::putrect(int, int, int, int, unsigned int)
                0x00000000c00167a8                Video::bitblit(int, int, int, int, int, int, int, unsigned int*)
                0x00000000c0016818                Video::blit(unsigned int*, int, int, int, int)
                0x00000000c0016896                Video::clearScreen(unsigned int)
                0x00000000c00168ca                Video::putpixel(int, int, unsigned int)
                0x00000000c00168d8                Video::Video(char const*)
                0x00000000c00168d8                Video::Video(char const*)
                0x00000000c001690e                Video::~Video()
                0x00000000c001690e                Video::~Video()
                0x00000000c0016932                Video::~Video()
                0x00000000c001695c                Video::isMonochrome()
                0x00000000c0016968                Video::getWidth()
                0x00000000c0016974                Video::getHeight()
                0x00000000c0016980                Video::drawCursor(int, int, unsigned char*, int)
                0x00000000c0016a3c                Video::tgaParse(unsigned char*, int, int*, int*)
                0x00000000c0016bbe                Video::putTGA(int, int, unsigned char*, int)
 *fill*         0x00000000c0016c29        0x1 
 .text          0x00000000c0016c2a      0xe28 hw/acpi.32
                0x00000000c0016c2a                ACPI::close(int, int, void*)
                0x00000000c0016cdf                findRSDP()
                0x00000000c0016d69                loadACPITables(unsigned char*)
                0x00000000c0016f90                findRSDT(unsigned char*)
                0x00000000c00170ae                findDataTable(unsigned char*, char*)
                0x00000000c001714a                scanMADT()
                0x00000000c00175d0                ACPI::ACPI()
                0x00000000c00175d0                ACPI::ACPI()
                0x00000000c0017630                ACPI::getPCIIRQAssignment(unsigned char, unsigned short, unsigned char)
                0x00000000c0017712                ACPI::registerPCIIRQAssignment(void*, unsigned short, unsigned char, unsigned char)
                0x00000000c0017818                ACPI::setScreenBrightnessLevel(void*, int)
                0x00000000c001781e                ACPI::writeSimpleBootFlag(SimpleBootFlagTable*)
                0x00000000c0017866                ACPI::open(int, int, void*)
                0x00000000c0017a3a                ACPI::sleep()
 .text          0x00000000c0017a52     0x1715 hw/cpu.32
                0x00000000c0017a52                CPU::close(int, int, void*)
                0x00000000c0017a56                CPU::lookupAMDName(unsigned char, unsigned char)
                0x00000000c0017bea                CPU::lookupIntelName(unsigned char, unsigned char)
                0x00000000c0017e98                CPU::AMD_K6_write_msr(unsigned int, unsigned int, unsigned int, CPU::REGS*)
                0x00000000c0017eb4                CPU::AMD_K6_read_msr(unsigned int, CPU::REGS*)
                0x00000000c0017ecc                CPU::AMD_K6_writeback(int, int, int)
                0x00000000c0017f40                CPU::cpuid(int, unsigned long*, unsigned long*, unsigned long*, unsigned long*)
                0x00000000c0017fc4                CPU::cpuidCheckEDX(unsigned int)
                0x00000000c0017ff2                CPU::cpuidCheckECX(unsigned int)
                0x00000000c0018020                CPU::cpuidCheckExtendedEBX(unsigned int)
                0x00000000c001804e                CPU::cpuidCheckExtendedECX(unsigned int)
                0x00000000c001807c                CPU::CPU()
                0x00000000c001807c                CPU::CPU()
                0x00000000c001810a                CPU::displayFeatures()
                0x00000000c0018386                CPU::detectFeatures()
                0x00000000c0018d76                CPU::setupSMEP()
                0x00000000c0018d82                CPU::setupUMIP()
                0x00000000c0018d8c                CPU::setupTSC()
                0x00000000c0018d96                CPU::setupLargePages()
                0x00000000c0018da0                CPU::setupPAT()
                0x00000000c0018ddc                CPU::setupMTRR()
                0x00000000c0018dde                CPU::setupGlobalPages()
                0x00000000c0018de8                CPU::allowUsermodeDataAccess()
                0x00000000c0018dfa                CPU::prohibitUsermodeDataAccess()
                0x00000000c0018e0c                CPU::setupSMAP()
                0x00000000c0018e1a                CPU::setupFeatures()
                0x00000000c0018e9a                CPU::open(int, int, void*)
                0x00000000c0018f6c                CPU::decodeAddress(regs*, int*, bool*, unsigned char*)
 .text          0x00000000c0019167        0x0 hw/ports.32
 .text          0x00000000c0019167      0x32c krnl/panic.32
                0x00000000c0019167                Krnl::panic(char const*)
 .text          0x00000000c0019493      0x513 reg/registry.32
                0x00000000c0019493                Reg::findLineFromLoadedData(char*, char*, char*)
                0x00000000c00195eb                Reg::getLineFromRegistry(char*, char*, char*, char*)
                0x00000000c0019740                Reg::getLine(char*, char*, char*)
                0x00000000c0019777                Reg::readInt(char*, char*, int*)
                0x00000000c0019862                Reg::readString(char*, char*, char*, int)
                0x00000000c00198e3                Reg::readBool(char*, char*, bool*)
                0x00000000c0019908                Reg::readBoolWithDefault(char*, char*, bool)
                0x00000000c0019934                Reg::readIntWithDefault(char*, char*, int)
                0x00000000c0019960                Reg::readStringWithDefault(char*, char*, char*, int, char*)
 .text          0x00000000c00199a6       0x18 sys/sc_exit.32
                0x00000000c00199a6                Sys::exit(regs*)
 .text          0x00000000c00199be       0x1f sys/sc_getcwd.32
                0x00000000c00199be                Sys::getCwd(regs*)
 .text          0x00000000c00199dd        0xc sys/sc_getpid.32
                0x00000000c00199dd                Sys::getPID(regs*)
 .text          0x00000000c00199e9       0xa8 sys/sc_loaddll.32
                0x00000000c00199e9                Sys::loadDLL(regs*)
 .text          0x00000000c0019a91       0x68 sys/sc_read.32
                0x00000000c0019a91                Sys::read(regs*)
 .text          0x00000000c0019af9       0x55 sys/sc_sbrk.32
                0x00000000c0019af9                Sys::sbrk(regs*)
 .text          0x00000000c0019b4e       0x1c sys/sc_setcwd.32
                0x00000000c0019b4e                Sys::setCwd(regs*)
 .text          0x00000000c0019b6a       0x68 sys/sc_write.32
                0x00000000c0019b6a                Sys::write(regs*)
 .text          0x00000000c0019bd2       0x3b sys/sc_yield.32
                0x00000000c0019bd2                Sys::yield(regs*)
 .text          0x00000000c0019c0d      0xfaf sys/syscalls.32
                0x00000000c0019c0d                sysCallSeekDir(regs*)
                0x00000000c0019c12                sysCallTellDir(regs*)
                0x00000000c0019c17                sysCallVerify(regs*)
                0x00000000c0019c21                sysCallGetArgc(regs*)
                0x00000000c0019c31                sysFormatDisk(regs*)
                0x00000000c0019c9b                sysSetDiskVolumeLabel(regs*)
                0x00000000c0019ce1                sysGetDiskVolumeLabel(regs*)
                0x00000000c0019d32                sysShutdown(regs*)
                0x00000000c0019d90                sysCallRealpath(regs*)
                0x00000000c0019dd3                sysCallReadDir(regs*)
                0x00000000c0019e61                sysCallIsATTY(regs*)
                0x00000000c0019ebb                sysCallSeek(regs*)
                0x00000000c0019f24                sysCallTell(regs*)
                0x00000000c0019fa1                sysCallSize(regs*)
                0x00000000c001a024                sysCallSizeFromFilename(regs*)
                0x00000000c001a0e4                sysCallClose(regs*)
                0x00000000c001a16c                sysCallOpenDir(regs*)
                0x00000000c001a1e1                sysCallCloseDir(regs*)
                0x00000000c001a247                sysCallMakeDir(regs*)
                0x00000000c001a2b7                sysCallWait(regs*)
                0x00000000c001a2d1                sysCallNotImpl(regs*)
                0x00000000c001a2ec                sysPanic(regs*)
                0x00000000c001a312                sysCallRmdir(regs*)
                0x00000000c001a376                sysCallUnlink(regs*)
                0x00000000c001a3da                sysCallGetArgv(regs*)
                0x00000000c001a426                sysCallTTYName(regs*)
                0x00000000c001a4a9                sysCallGetEnv(regs*)
                0x00000000c001a4fb                sysCallUSleep(regs*)
                0x00000000c001a522                sysCallSpawn(regs*)
                0x00000000c001a57a                sysAppSettings(regs*)
                0x00000000c001a699                sysSetFatAttrib(regs*)
                0x00000000c001a70b                sysPipe(regs*)
                0x00000000c001a750                sysGetUnixTime(regs*)
                0x00000000c001a764                string_ends_with(char const*, char const*)
                0x00000000c001a7ac                sysCallOpen(regs*)
                0x00000000c001a9c1                setupSystemCalls()
                0x00000000c001ab7a                systemCall(regs*, void*)
 .text          0x00000000c001abbc     0x11ee thr/elf.32
                0x00000000c001abbc                Thr::allocateMemoryForTask(Process*, File*, unsigned long, unsigned long, unsigned long)
                0x00000000c001ae39                Thr::loadProgramIntoMemory(Process*, char const*)
                0x00000000c001b04f                Thr::runtimeReferenceHelper()
                0x00000000c001b062                Thr::getAddressOfKernelSymbol(char const*)
                0x00000000c001b0b1                Thr::loadKernelSymbolTable(char const*)
                0x00000000c001b36d                Thr::loadDriverIntoMemory(char const*, unsigned long, bool)
                0x00000000c001baee                Thr::getDriverBaseFromAddress(unsigned long)
                0x00000000c001bb20                Thr::getDriverNameFromAddress(unsigned long)
                0x00000000c001bb57                Thr::getDriverOffsetFromAddress(unsigned long)
                0x00000000c001bb71                Thr::loadDLL(char const*, bool)
                0x00000000c001bd80                Thr::executeDLL(unsigned long, void*)
 .text          0x00000000c001bdaa      0xff8 thr/prcssthr.32
                0x00000000c001bdaa                changeTSS
                0x00000000c001bdda                Process::addArgs(char**)
                0x00000000c001be34                Process::Process(char const*, Process*, char**)
                0x00000000c001be34                Process::Process(char const*, Process*, char**)
                0x00000000c001bffc                Process::Process(bool, char const*, Process*, char**)
                0x00000000c001bffc                Process::Process(bool, char const*, Process*, char**)
                0x00000000c001c190                disableIRQs()
                0x00000000c001c198                getIRQNestingLevel()
                0x00000000c001c19e                enableIRQs()
                0x00000000c001c1ad                lockScheduler()
                0x00000000c001c1af                unlockScheduler()
                0x00000000c001c1b1                userModeEntryPoint(void*)
                0x00000000c001c1d4                lockStuff()
                0x00000000c001c1e0                taskStartupFunction
                0x00000000c001c1e9                updateTimeUsed()
                0x00000000c001c24e                switchToThread(ThreadControlBlock*)
                0x00000000c001c29e                Semaphore::Semaphore(int)
                0x00000000c001c29e                Semaphore::Semaphore(int)
                0x00000000c001c2cc                Mutex::Mutex()
                0x00000000c001c2cc                Mutex::Mutex()
                0x00000000c001c2de                Process::createThread(void (*)(void*), void*, int)
                0x00000000c001c3c2                Process::createUserThread()
                0x00000000c001c3de                setupMultitasking(void (*)())
                0x00000000c001c4e8                schedule()
                0x00000000c001c56d                unlockStuff()
                0x00000000c001c5a2                Semaphore::tryAcquire()
                0x00000000c001c5d0                Semaphore::assertLocked(char const*)
                0x00000000c001c600                blockTaskWithSchedulerLockAlreadyHeld(TaskState)
                0x00000000c001c642                blockTask(TaskState)
                0x00000000c001c663                waitTask(int, int*, int)
                0x00000000c001c6a5                nanoSleepUntil(unsigned long long)
                0x00000000c001c6fc                nanoSleep(unsigned long long)
                0x00000000c001c711                sleep(unsigned long long)
                0x00000000c001c72e                Semaphore::acquire()
                0x00000000c001c796                taskReturned
                0x00000000c001c7c4                unblockTask(ThreadControlBlock*)
                0x00000000c001c873                cleanupTerminatedTask(ThreadControlBlock*)
                0x00000000c001cb17                cleanerTaskFunction(void*)
                0x00000000c001cbca                terminateTask(int)
                0x00000000c001ccaa                Thr::terminateFromIRQ(int)
                0x00000000c001ccb6                Semaphore::release()
 .text          0x00000000c001cda2      0xa31 vm86/vm8086.32
                0x00000000c001cda2                Vm::inbv(unsigned short)
                0x00000000c001cda8                Vm::outbv(unsigned short, unsigned char)
                0x00000000c001cdb2                Vm::realToLinear(unsigned short, unsigned short)
                0x00000000c001cdc2                Vm::getSegment(unsigned int)
                0x00000000c001cdca                Vm::getOffset(unsigned int)
                0x00000000c001cdcf                Vm::mainloop2()
                0x00000000c001ce0a                Vm::mainVm8086Loop(void*)
                0x00000000c001ce17                Vm::mainloop3(unsigned long)
                0x00000000c001ce41                Vm::initialise8086()
                0x00000000c001ce84                Vm::finish8086()
                0x00000000c001cec9                Vm::start8086(char const*, unsigned short, unsigned short, unsigned short, unsigned short)
                0x00000000c001d001                Vm::doISR(regs*, int, unsigned char*, unsigned short, unsigned short)
                0x00000000c001d08b                Vm::readByteFromReal(unsigned short, unsigned short)
                0x00000000c001d09c                Vm::readWordFromReal(unsigned short, unsigned short)
                0x00000000c001d0ae                Vm::readDwordFromReal(unsigned short, unsigned short)
                0x00000000c001d0bf                Vm::writeByteFromReal(unsigned short, unsigned short, unsigned char)
                0x00000000c001d0d4                Vm::writeWordFromReal(unsigned short, unsigned short, unsigned short)
                0x00000000c001d0ea                Vm::writeDwordFromReal(unsigned short, unsigned short, unsigned int)
                0x00000000c001d0ff                Vm::faultHandler(regs*)
 .text          0x00000000c001d7d3      0xefd vm86/x87em.32
                0x00000000c001d7d3                Vm::fpuInternalTo32(unsigned long long)
                0x00000000c001d82e                Vm::fpuInternalTo64(unsigned long long)
                0x00000000c001d837                Vm::fpu32ToInternal(unsigned int)
                0x00000000c001d87c                Vm::fpu64ToInternal(unsigned long long)
                0x00000000c001d885                Vm::fpuFloatToLong(unsigned long long)
                0x00000000c001d8e0                Vm::fpuULongToFloat(unsigned long long)
                0x00000000c001d916                Vm::fpuLongToFloat(long long)
                0x00000000c001d96c                Vm::fpuGet0()
                0x00000000c001d971                Vm::fpuGet1()
                0x00000000c001d979                Vm::fpuGetPi()
                0x00000000c001d981                Vm::fpuGetLog2E()
                0x00000000c001d999                Vm::fpuGetLogE2()
                0x00000000c001d9b1                Vm::fpuGetLog210()
                0x00000000c001d9c9                Vm::fpuGetLog102()
                0x00000000c001d9e1                Vm::fpuIsSecondLarger(unsigned long long, unsigned long long)
                0x00000000c001d9f5                Vm::fpuAreEqual(unsigned long long, unsigned long long)
                0x00000000c001da0b                Vm::fpuUnorderedCompare(unsigned long long, unsigned long long)
                0x00000000c001da5e                Vm::fpuAdd(unsigned long long, unsigned long long)
                0x00000000c001da6f                Vm::fpuAbs(unsigned long long)
                0x00000000c001da78                Vm::fpuChs(unsigned long long)
                0x00000000c001da88                Vm::fpuSub(unsigned long long, unsigned long long)
                0x00000000c001da97                Vm::fpuMultiply(unsigned long long, unsigned long long)
                0x00000000c001dab6                Vm::fpuDivide(unsigned long long, unsigned long long)
                0x00000000c001dad2                Vm::fpuSquare(unsigned long long)
                0x00000000c001dae8                Vm::fpuGetReg(int)
                0x00000000c001db2b                Vm::fpuSetReg(int, unsigned long long)
                0x00000000c001db76                Vm::fpuPush(unsigned long long)
                0x00000000c001dbd3                Vm::fpuPop()
                0x00000000c001dc25                Vm::x87Handler(regs*)
 .text          0x00000000c001e6d0     0x10ed fs/fat/vfslink.32
                0x00000000c001e6d0                FAT::getName()
                0x00000000c001e6d6                FAT::tell(void*, unsigned long long*)
                0x00000000c001e70a                FAT::stat(void*, unsigned long long*)
                0x00000000c001e73e                FAT::~FAT()
                0x00000000c001e73e                FAT::~FAT()
                0x00000000c001e762                FAT::~FAT()
                0x00000000c001e78a                FAT::getlabel(LogicalDisk*, int, char*, unsigned int*)
                0x00000000c001e828                FAT::setlabel(LogicalDisk*, int, char*)
                0x00000000c001e8e2                FAT::format(LogicalDisk*, int, char const*, int)
                0x00000000c001eac6                FAT::tryMount(LogicalDisk*, int)
                0x00000000c001eccc                FAT::readDir(void*, unsigned long, void*, int*)
                0x00000000c001edd2                FAT::read(void*, unsigned long, void*, int*)
                0x00000000c001ee2c                FAT::write(void*, unsigned long, void*, int*)
                0x00000000c001ee86                FAT::close(void*)
                0x00000000c001eed2                FAT::closeDir(void*)
                0x00000000c001ef1e                FAT::seek(void*, unsigned long long)
                0x00000000c001ef72                fatWrapperReadDisk
                0x00000000c001efb9                fatWrapperWriteDisk
                0x00000000c001f000                fatWrapperIoctl
                0x00000000c001f104                FAT::FAT()
                0x00000000c001f104                FAT::FAT()
                0x00000000c001f156                FAT::fixFilepath(char*)
                0x00000000c001f18e                FAT::open(char const*, void**, FileOpenMode)
                0x00000000c001f2b6                FAT::openDir(char const*, void**)
                0x00000000c001f35c                FAT::stat(char const*, unsigned long long*, bool*)
                0x00000000c001f446                FAT::unlink(char const*)
                0x00000000c001f4c0                FAT::chfatattr(char const*, unsigned char, unsigned char)
                0x00000000c001f614                FAT::rename(char const*, char const*)
                0x00000000c001f6d8                FAT::mkdir(char const*)
                0x00000000c001f752                FAT::exists(char const*)
 *fill*         0x00000000c001f7bd        0x1 
 .text          0x00000000c001f7be      0xbdf fs/iso9660/vfslink.32
                0x00000000c001f7be                ISO9660::format(LogicalDisk*, int, char const*, int)
                0x00000000c001f7c4                ISO9660::seek(void*, unsigned long long)
                0x00000000c001f7f4                ISO9660::tell(void*, unsigned long long*)
                0x00000000c001f818                ISO9660::getName()
                0x00000000c001f81e                ISO9660::stat(void*, unsigned long long*)
                0x00000000c001f842                ISO9660::chfatattr(char const*, unsigned char, unsigned char)
                0x00000000c001f848                ISO9660::unlink(char const*)
                0x00000000c001f84e                ISO9660::write(void*, unsigned long, void*, int*)
                0x00000000c001f854                ISO9660::rename(char const*, char const*)
                0x00000000c001f85a                ISO9660::mkdir(char const*)
                0x00000000c001f860                ISO9660::close(void*)
                0x00000000c001f882                ISO9660::closeDir(void*)
                0x00000000c001f8a4                ISO9660::~ISO9660()
                0x00000000c001f8a4                ISO9660::~ISO9660()
                0x00000000c001f8c8                ISO9660::~ISO9660()
                0x00000000c001f8ef                __memmem(unsigned char*, int, unsigned char*, int)
                0x00000000c001f931                readSectorFromCDROM(unsigned int, unsigned char*, char)
                0x00000000c001f998                ISO9660::tryMount(LogicalDisk*, int)
                0x00000000c001f9e8                ISO9660::read(void*, unsigned long, void*, int*)
                0x00000000c001fc2c                ISO9660::readDir(void*, unsigned long, void*, int*)
                0x00000000c001feb9                readRoot(unsigned int*, unsigned int*, char)
                0x00000000c001ff0e                readRecursively(char*, unsigned int, unsigned int, unsigned int*, unsigned int*, char, int*)
                0x00000000c00200e1                getFileData(char*, unsigned int*, unsigned int*, char, int*)
                0x00000000c0020170                ISO9660::open(char const*, void**, FileOpenMode)
                0x00000000c002020a                ISO9660::exists(char const*)
                0x00000000c002022e                ISO9660::stat(char const*, unsigned long long*, bool*)
                0x00000000c00202c2                ISO9660::openDir(char const*, void**)
                0x00000000c002037a                ISO9660::ISO9660()
                0x00000000c002037a                ISO9660::ISO9660()
 *fill*         0x00000000c002039d        0x1 
 .text          0x00000000c002039e      0x326 hal/sound/sndchannel.32
                0x00000000c002039e                SoundChannel::~SoundChannel()
                0x00000000c002039e                SoundChannel::~SoundChannel()
                0x00000000c00203ba                SoundChannel::setSpeed(float)
                0x00000000c00203c6                SoundChannel::getSpeed()
                0x00000000c00203ce                SoundChannel::setVolume(int)
                0x00000000c00203ea                SoundChannel::getVolume()
                0x00000000c00203f2                SoundChannel::pause()
                0x00000000c00203fc                SoundChannel::SoundChannel(int, int, int, int)
                0x00000000c00203fc                SoundChannel::SoundChannel(int, int, int, int)
                0x00000000c0020552                SoundChannel::play()
                0x00000000c002055c                SoundChannel::paused()
                0x00000000c0020564                SoundChannel::getSampleRate()
                0x00000000c002056c                SoundChannel::getBits()
                0x00000000c0020574                SoundChannel::getBufferUsed()
                0x00000000c002057c                SoundChannel::getBufferSize()
                0x00000000c0020584                SoundChannel::unbuffer(float*, int, int)
                0x00000000c0020624                SoundChannel::buffer8(unsigned char*, int)
 .text          0x00000000c00206c4      0x3d5 hal/sound/sndhw.32
                0x00000000c00206c4                SoundDevice::SoundDevice(char const*)
                0x00000000c00206c4                SoundDevice::SoundDevice(char const*)
                0x00000000c0020730                SoundDevice::~SoundDevice()
                0x00000000c0020730                SoundDevice::~SoundDevice()
                0x00000000c00207aa                SoundDevice::~SoundDevice()
                0x00000000c00207d4                SoundDevice::getFreeChannelNum()
                0x00000000c00207ee                SoundDevice::addChannel(SoundChannel*)
                0x00000000c002085e                SoundDevice::removeChannel(int)
                0x00000000c0020890                SoundDevice::floatTo8(float*, unsigned char*, int)
                0x00000000c0020978                SoundDevice::getAudio(int, float*, float*)
 .text          0x00000000c0020a99        0x0 hw/bus/isa.32
 *fill*         0x00000000c0020a99        0x1 
 .text          0x00000000c0020a9a      0x6c3 hw/bus/pci.32
                0x00000000c0020a9a                PCI::open(int, int, void*)
                0x00000000c0020aae                PCI::close(int, int, void*)
                0x00000000c0020ab2                PCI::PCI()
                0x00000000c0020ab2                PCI::PCI()
                0x00000000c0020b32                PCI::pciReadWord(unsigned char, unsigned char, unsigned char, unsigned char)
                0x00000000c0020b7a                PCI::getVendorID(unsigned char, unsigned char, unsigned char)
                0x00000000c0020b9c                PCI::getHeaderType(unsigned char, unsigned char, unsigned char)
                0x00000000c0020bc0                PCI::getClassCode(unsigned char, unsigned char, unsigned char)
                0x00000000c0020c04                PCI::getProgIF(unsigned char, unsigned char, unsigned char)
                0x00000000c0020c28                PCI::getRevisionID(unsigned char, unsigned char, unsigned char)
                0x00000000c0020c4a                PCI::getInterruptNumber(unsigned char, unsigned char, unsigned char)
                0x00000000c0020c6c                PCI::getSecondaryBus(unsigned char, unsigned char, unsigned char)
                0x00000000c0020c90                PCI::getBARAddress(unsigned char, unsigned char, unsigned char, unsigned char)
                0x00000000c0020cf0                PCI::pciWriteWord(unsigned char, unsigned char, unsigned char, unsigned char, unsigned short)
                0x00000000c0020d5c                PCI::checkBus(unsigned char)
                0x00000000c0020d80                PCI::foundDevice(PCIDeviceInfo)
                0x00000000c0020ef2                PCI::getDeviceData(unsigned char, unsigned char, unsigned char)
                0x00000000c002109e                PCI::checkDevice(unsigned char, unsigned char)
                0x00000000c002110a                PCI::detect()
 *fill*         0x00000000c002115d        0x1 
 .text          0x00000000c002115e      0xc70 hw/diskctrl/ide.32
                0x00000000c002115e                IDE::close(int, int, void*)
                0x00000000c0021162                IDE::IDE()
                0x00000000c0021162                IDE::IDE()
                0x00000000c0021196                IDE::prepareInterrupt(unsigned char)
                0x00000000c00211a8                selectDrive(unsigned char, unsigned char)
                0x00000000c00211aa                IDE::getBase(unsigned char)
                0x00000000c00211bc                IDE::write(unsigned char, unsigned char, unsigned char)
                0x00000000c002127c                IDE::read(unsigned char, unsigned char)
                0x00000000c002132a                IDE::waitInterrupt(unsigned char)
                0x00000000c0021390                ideChannel0IRQHandler(regs*, void*)
                0x00000000c00213ac                ideChannel1IRQHandler(regs*, void*)
                0x00000000c00213c8                IDE::enableIRQs(unsigned char, bool)
                0x00000000c002140e                IDE::open(int, int, void*)
                0x00000000c002181e                IDE::readBuffer(unsigned char, unsigned char, unsigned int, unsigned int)
                0x00000000c00218ea                IDE::detect()
                0x00000000c0021bd2                IDE::printError(unsigned char, unsigned char, unsigned char)
                0x00000000c0021d68                IDE::polling(unsigned char, unsigned int)
 .text          0x00000000c0021dce      0x37a hw/diskctrl/satabus.32
                0x00000000c0021dce                SATABus::close(int, int, void*)
                0x00000000c0021dd2                SATABus::detect()
                0x00000000c0021dd4                SATABus::SATABus()
                0x00000000c0021dd4                SATABus::SATABus()
                0x00000000c0021e80                SATABus::findCmdslot(SATABus::tagHBA_PORT volatile*)
                0x00000000c0021ec8                SATABus::checkType(SATABus::tagHBA_PORT volatile*)
                0x00000000c0021f10                SATABus::startCmd(SATABus::tagHBA_PORT volatile*)
                0x00000000c0021f30                SATABus::stopCmd(SATABus::tagHBA_PORT volatile*)
                0x00000000c0021f5a                SATABus::portRebase(SATABus::tagHBA_PORT volatile*, int)
                0x00000000c0022060                SATABus::probePort(SATABus::tagHBA_MEM volatile*)
                0x00000000c0022128                SATABus::open(int, int, void*)
 .text          0x00000000c0022148      0x62b hw/diskphys/ata.32
                0x00000000c0022148                ATA::close(int, int, void*)
                0x00000000c002216c                ATA::powerSaving(PowerSavingLevel)
                0x00000000c002216e                ATA::ATA()
                0x00000000c002216e                ATA::ATA()
                0x00000000c002219c                ATA::flush(bool)
                0x00000000c00221e6                ATA::readyForCommand()
                0x00000000c0022236                ATA::access(unsigned long long, int, void*, bool)
                0x00000000c00225b4                ATA::read(unsigned long long, int, void*)
                0x00000000c002261c                ATA::write(unsigned long long, int, void*)
                0x00000000c0022684                ATA::detectCHS()
                0x00000000c00226ae                ATA::open(int, int, void*)
 *fill*         0x00000000c0022773        0x1 
 .text          0x00000000c0022774      0x5b3 hw/diskphys/atapi.32
                0x00000000c0022774                ATAPI::write(unsigned long long, int, void*)
                0x00000000c002277a                ATAPI::close(int, int, void*)
                0x00000000c002279e                ATAPI::ATAPI()
                0x00000000c002279e                ATAPI::ATAPI()
                0x00000000c00227cc                ATAPI::readyForCommand()
                0x00000000c002281c                ATAPI::sendPacket(unsigned char*, int, bool, unsigned short*, int)
                0x00000000c0022adc                ATAPI::diskRemoved()
                0x00000000c0022af8                ATAPI::eject()
                0x00000000c0022b3e                ATAPI::diskInserted()
                0x00000000c0022b6c                ATAPI::detectMedia()
                0x00000000c0022c28                ATAPI::open(int, int, void*)
                0x00000000c0022ca8                ATAPI::read(unsigned long long, int, void*)
 *fill*         0x00000000c0022d27        0x1 
 .text          0x00000000c0022d28      0x414 hw/diskphys/sata.32
                0x00000000c0022d28                SATA::close(int, int, void*)
                0x00000000c0022d4c                SATA::powerSaving(PowerSavingLevel)
                0x00000000c0022d4e                SATA::open(int, int, void*)
                0x00000000c0022daa                SATA::SATA()
                0x00000000c0022daa                SATA::SATA()
                0x00000000c0022dd8                SATA::access(unsigned long long, int, void*, bool)
                0x00000000c002306c                SATA::read(unsigned long long, int, void*)
                0x00000000c00230d4                SATA::write(unsigned long long, int, void*)
 .text          0x00000000c002313c       0x8e hw/fpu/avx.32
                0x00000000c002313c                AVX::open(int, int, void*)
                0x00000000c002314e                AVX::close(int, int, void*)
                0x00000000c0023160                AVX::available()
                0x00000000c0023172                AVX::save(void*)
                0x00000000c002318a                AVX::load(void*)
                0x00000000c00231a2                AVX::AVX()
                0x00000000c00231a2                AVX::AVX()
 .text          0x00000000c00231ca       0x90 hw/fpu/mmx.32
                0x00000000c00231ca                MMX::available()
                0x00000000c00231de                MMX::open(int, int, void*)
                0x00000000c00231f0                MMX::close(int, int, void*)
                0x00000000c0023202                MMX::save(void*)
                0x00000000c002321a                MMX::load(void*)
                0x00000000c0023232                MMX::MMX()
                0x00000000c0023232                MMX::MMX()
 .text          0x00000000c002325a       0x96 hw/fpu/sse.32
                0x00000000c002325a                SSE::open(int, int, void*)
                0x00000000c002326c                SSE::close(int, int, void*)
                0x00000000c002327e                SSE::available()
                0x00000000c0023298                SSE::save(void*)
                0x00000000c00232b0                SSE::load(void*)
                0x00000000c00232c8                SSE::SSE()
                0x00000000c00232c8                SSE::SSE()
 .text          0x00000000c00232f0       0x8e hw/fpu/x87.32
                0x00000000c00232f0                x87::open(int, int, void*)
                0x00000000c0023302                x87::close(int, int, void*)
                0x00000000c0023314                x87::available()
                0x00000000c0023326                x87::save(void*)
                0x00000000c002333e                x87::load(void*)
                0x00000000c0023356                x87::x87()
                0x00000000c0023356                x87::x87()
 .text          0x00000000c002337e      0x71e hw/intctrl/apic.32
                0x00000000c002337e                APIC::disable()
                0x00000000c0023380                APIC::close(int, int, void*)
                0x00000000c00233a2                IOAPIC::close(int, int, void*)
                0x00000000c00233a8                APIC::io_wait()
                0x00000000c00233ae                APIC::getBase()
                0x00000000c00233f0                APIC::eoi(unsigned char)
                0x00000000c002341e                APIC::open(int, int, void*)
                0x00000000c002356c                IOAPIC::IOAPIC()
                0x00000000c002356c                IOAPIC::IOAPIC()
                0x00000000c0023594                APIC::APIC()
                0x00000000c0023594                APIC::APIC()
                0x00000000c0023670                IOAPIC::handlesGSIWithNumber(unsigned int)
                0x00000000c00236a2                IOAPIC::read(int)
                0x00000000c00236ca                IOAPIC::open(int, int, void*)
                0x00000000c00237c0                IOAPIC::write(int, int)
                0x00000000c00237ec                IOAPIC::redirect(unsigned char, unsigned long long, unsigned char, bool, bool)
                0x00000000c00238e6                APIC::installIRQHandler(int, void (*)(regs*, void*), bool, void*)
 .text          0x00000000c0023a9c      0x3d3 hw/intctrl/pic.32
                0x00000000c0023a9c                PIC::disable()
                0x00000000c0023aca                PIC::close(int, int, void*)
                0x00000000c0023aec                PIC::PIC()
                0x00000000c0023aec                PIC::PIC()
                0x00000000c0023bc2                PIC::ioWait()
                0x00000000c0023bc8                PIC::getIRQReg(int)
                0x00000000c0023c32                PIC::eoi(unsigned char)
                0x00000000c0023cc4                PIC::remap()
                0x00000000c0023e30                PIC::open(int, int, void*)
 *fill*         0x00000000c0023e6f        0x1 
 .text          0x00000000c0023e70      0x25e hw/timer/apictimer.32
                0x00000000c0023e70                APICTimer::close(int, int, void*)
                0x00000000c0023e76                apicTimerHandler(regs*, void*)
                0x00000000c0023ea4                APICTimer::write(int)
                0x00000000c0023fa8                APICTimer::open(int, int, void*)
                0x00000000c00240a6                APICTimer::APICTimer()
                0x00000000c00240a6                APICTimer::APICTimer()
 .text          0x00000000c00240ce      0x1a7 hw/timer/pit.32
                0x00000000c00240ce                PIT::write(int)
                0x00000000c002414c                pitHandler(regs*, void*)
                0x00000000c0024178                PIT::open(int, int, void*)
                0x00000000c00241c6                PIT::close(int, int, void*)
                0x00000000c00241f6                PIT::PIT()
                0x00000000c00241f6                PIT::PIT()
 *fill*         0x00000000c0024275        0xb 
 .text          0x00000000c0024280       0x1e hw/fpu/x86/avx.32
                0x00000000c0024280                avxDetect
                0x00000000c0024286                avxSave
                0x00000000c0024287                avxLoad
                0x00000000c0024288                avxInit
                0x00000000c0024289                avxClose
                0x00000000c002428a                wouldSheSayYes
 *fill*         0x00000000c002429e        0x2 
 .text          0x00000000c00242a0       0x35 hw/fpu/x86/sse.32
                0x00000000c00242a0                absolutelyNoChanceInHell
                0x00000000c00242a0                sseDetect
                0x00000000c00242b8                sseSave
                0x00000000c00242be                sseLoad
                0x00000000c00242c4                sseInit
                0x00000000c00242d4                sseClose
 *fill*         0x00000000c00242d5        0xb 
 .text          0x00000000c00242e0       0x47 hw/fpu/x86/x87.32
                0x00000000c00242e6                x87Detect
                0x00000000c0024301                x87Save
                0x00000000c0024307                x87Load
                0x00000000c002430c                x87Init
                0x00000000c0024326                x87Close
 *fill*         0x00000000c0024327        0x1 
 .text          0x00000000c0024328       0x25 /cygdrive/d/Users/Alex/Desktop/Toolchain/Output/bin/../lib/gcc/i386-banana/8.1.0/crtend.o
 .text          0x00000000c002434d        0x0 crtn.32
 *fill*         0x00000000c002434d        0x3 
 .text          0x00000000c0024350      0x14b /cygdrive/d/Users/Alex/Desktop/Toolchain/Output/bin/../lib/gcc/i386-banana/8.1.0/libkgcc.a(_divdi3.o)
                0x00000000c0024350                __divdi3
 *fill*         0x00000000c002449b        0x1 
 .text          0x00000000c002449c      0x17e /cygdrive/d/Users/Alex/Desktop/Toolchain/Output/bin/../lib/gcc/i386-banana/8.1.0/libkgcc.a(_moddi3.o)
                0x00000000c002449c                __moddi3
 *fill*         0x00000000c002461a        0x2 
 .text          0x00000000c002461c       0xff /cygdrive/d/Users/Alex/Desktop/Toolchain/Output/bin/../lib/gcc/i386-banana/8.1.0/libkgcc.a(_udivdi3.o)
                0x00000000c002461c                __udivdi3
 *fill*         0x00000000c002471b        0x1 
 .text          0x00000000c002471c      0x11a /cygdrive/d/Users/Alex/Desktop/Toolchain/Output/bin/../lib/gcc/i386-banana/8.1.0/libkgcc.a(_umoddi3.o)
                0x00000000c002471c                __umoddi3
 .text          0x00000000c0024836      0x96d D:/Users/Alex/Desktop/Banana/kernel/libsoftfp.a(sfieeelib.o)
                0x00000000c0024836                __addsf3
                0x00000000c0024b38                __subsf3
                0x00000000c0024b4c                __negsf2
                0x00000000c0024b59                __mulsf3
                0x00000000c0024d1c                __divsf3
                0x00000000c0024f47                __floatsisf
                0x00000000c0024fbb                __floatunsisf
                0x00000000c0024ffd                __fixsfsi
                0x00000000c002505f                __fixunssfsi
                0x00000000c0025090                __cmpsf2
                0x00000000c0025125                __eqsf2
                0x00000000c0025160                __nesf2
                0x00000000c0025162                __gtsf2
                0x00000000c002519d                __gesf2
                0x00000000c002519f                __ltsf2
                0x00000000c00251a1                __lesf2
 .text          0x00000000c00251a3      0xf50 D:/Users/Alex/Desktop/Banana/kernel/libsoftfp.a(dfieeelib.o)
                0x00000000c00251a3                __adddf3
                0x00000000c00257f4                __subdf3
                0x00000000c002580f                __negdf2
                0x00000000c0025820                __muldf3
                0x00000000c0025b04                __divdf3
                0x00000000c0025e83                __floatsidf
                0x00000000c0025ede                __floatunsidf
                0x00000000c0025f1c                __fixdfsi
                0x00000000c0025f89                __fixunsdfsi
                0x00000000c0025fc5                __cmpdf2
                0x00000000c00260b3                __eqdf2
                0x00000000c00260cf                __nedf2
                0x00000000c00260d1                __gtdf2
                0x00000000c00260ed                __gedf2
                0x00000000c00260ef                __ltdf2
                0x00000000c00260f1                __ledf2
 .text          0x00000000c00260f3      0x18d D:/Users/Alex/Desktop/Banana/kernel/libsoftfp.a(sfdfcvt.o)
                0x00000000c00260f3                __truncdfsf2
                0x00000000c0026217                __extendsfdf2
 .text          0x00000000c0026280       0x1e D:/Users/Alex/Desktop/Banana/kernel/libk/libm32.a(s_fabs.c.o)
                0x00000000c0026280                fabs
 *fill*         0x00000000c002629e        0x2 
 .text          0x00000000c00262a0        0xc D:/Users/Alex/Desktop/Banana/kernel/libk/libm32.a(s_lrint.S.o)
                0x00000000c00262a0                lrint
 .text          0x00000000c00262ac        0xc D:/Users/Alex/Desktop/Banana/kernel/libk/libm32.a(s_lrintf.S.o)
                0x00000000c00262ac                lrintf
 *(.gnu.linkonce.t*)

.iplt           0x00000000c00262b8        0x0
 .iplt          0x00000000c00262b8        0x0 D:/Users/Alex/Desktop/Banana/kernel/boot.32

.init           0x00000000c00262b8        0xf
 .init          0x00000000c00262b8        0x3 crti.32
                0x00000000c00262b8                _init
 .init          0x00000000c00262bb        0x5 /cygdrive/d/Users/Alex/Desktop/Toolchain/Output/bin/../lib/gcc/i386-banana/8.1.0/crtbegin.o
 .init          0x00000000c00262c0        0x5 /cygdrive/d/Users/Alex/Desktop/Toolchain/Output/bin/../lib/gcc/i386-banana/8.1.0/crtend.o
 .init          0x00000000c00262c5        0x2 crtn.32

.fini           0x00000000c00262c7        0xa
 .fini          0x00000000c00262c7        0x3 crti.32
                0x00000000c00262c7                _fini
 .fini          0x00000000c00262ca        0x5 /cygdrive/d/Users/Alex/Desktop/Toolchain/Output/bin/../lib/gcc/i386-banana/8.1.0/crtbegin.o
 .fini          0x00000000c00262cf        0x2 crtn.32

.text._ZN8ComputerD2Ev
                0x00000000c00262d2       0x23
 .text._ZN8ComputerD2Ev
                0x00000000c00262d2       0x23 core/computer.32
                0x00000000c00262d2                Computer::~Computer()
                0x00000000c00262d2                Computer::~Computer()

.text._ZN8ComputerD0Ev
                0x00000000c00262f6       0x2a
 .text._ZN8ComputerD0Ev
                0x00000000c00262f6       0x2a core/computer.32
                0x00000000c00262f6                Computer::~Computer()

.text._Z10idleCommonv
                0x00000000c0026320       0x15
 .text._Z10idleCommonv
                0x00000000c0026320       0x15 core/idle.32
                0x00000000c0026320                idleCommon()

.text._ZN10LinkedListI8UnixFileED2Ev
                0x00000000c0026336        0x2
 .text._ZN10LinkedListI8UnixFileED2Ev
                0x00000000c0026336        0x2 core/unixfile.32
                0x00000000c0026336                LinkedList<UnixFile>::~LinkedList()
                0x00000000c0026336                LinkedList<UnixFile>::~LinkedList()

.text._ZN10LinkedListI8UnixFileEC2Ev
                0x00000000c0026338       0x58
 .text._ZN10LinkedListI8UnixFileEC2Ev
                0x00000000c0026338       0x58 core/unixfile.32
                0x00000000c0026338                LinkedList<UnixFile>::LinkedList()
                0x00000000c0026338                LinkedList<UnixFile>::LinkedList()

.text._ZN10LinkedListI8UnixFileE10addElementEPS0_
                0x00000000c0026390       0xd3
 .text._ZN10LinkedListI8UnixFileE10addElementEPS0_
                0x00000000c0026390       0xd3 core/unixfile.32
                0x00000000c0026390                LinkedList<UnixFile>::addElement(UnixFile*)

.text._ZN10LinkedListI8UnixFileE15getFirstElementEv
                0x00000000c0026464        0x7
 .text._ZN10LinkedListI8UnixFileE15getFirstElementEv
                0x00000000c0026464        0x7 core/unixfile.32
                0x00000000c0026464                LinkedList<UnixFile>::getFirstElement()

.text._ZN10LinkedListI8UnixFileE11removeFirstEv
                0x00000000c002646c       0xa1
 .text._ZN10LinkedListI8UnixFileE11removeFirstEv
                0x00000000c002646c       0xa1 core/unixfile.32
                0x00000000c002646c                LinkedList<UnixFile>::removeFirst()

.text._ZN10LinkedListI8UnixFileE7getNextEPS0_
                0x00000000c002650e        0x8
 .text._ZN10LinkedListI8UnixFileE7getNextEPS0_
                0x00000000c002650e        0x8 core/unixfile.32
                0x00000000c002650e                LinkedList<UnixFile>::getNext(UnixFile*)

.text._ZN16DriverlessDeviceD2Ev
                0x00000000c0026516       0x1a
 .text._ZN16DriverlessDeviceD2Ev
                0x00000000c0026516       0x1a hal/device.32
                0x00000000c0026516                DriverlessDevice::~DriverlessDevice()