Archive member included to satisfy reference by file (symbol)

/cygdrive/d/Users/Alex/Desktop/Toolchain/Output/bin/../lib/gcc/i386-banana/8.1.0/libkgcc.a(_divdi3.o)
                              fs/fat/ff.32 (__divdi3)
/cygdrive/d/Users/Alex/Desktop/Toolchain/Output/bin/../lib/gcc/i386-banana/8.1.0/libkgcc.a(_moddi3.o)
                              thr/elf.32 (__moddi3)
/cygdrive/d/Users/Alex/Desktop/Toolchain/Output/bin/../lib/gcc/i386-banana/8.1.0/libkgcc.a(_udivdi3.o)
                              fs/fat/ff.32 (__udivdi3)
/cygdrive/d/Users/Alex/Desktop/Toolchain/Output/bin/../lib/gcc/i386-banana/8.1.0/libkgcc.a(_umoddi3.o)
                              core/pipe.32 (__umoddi3)
D:/Users/Alex/Desktop/Banana/kernel/libsoftfp.a(sfieeelib.o)
                              hal/sound/sndhw.32 (__addsf3)
D:/Users/Alex/Desktop/Banana/kernel/libsoftfp.a(dfieeelib.o)
                              hal/libresample/src_linear.32 (__adddf3)
D:/Users/Alex/Desktop/Banana/kernel/libsoftfp.a(sfdfcvt.o)
                              hal/libresample/samplerate.32 (__truncdfsf2)
D:/Users/Alex/Desktop/Banana/kernel/libk/libm32.a(s_fabs.c.o)
                              hal/libresample/samplerate.32 (fabs)
D:/Users/Alex/Desktop/Banana/kernel/libk/libm32.a(s_lrint.S.o)
                              hal/libresample/samplerate.32 (lrint)
D:/Users/Alex/Desktop/Banana/kernel/libk/libm32.a(s_lrintf.S.o)
                              hal/sound/sndhw.32 (lrintf)

Discarded input sections

 .comment       0x0000000000000000       0x12 /cygdrive/d/Users/Alex/Desktop/Toolchain/Output/bin/../lib/gcc/i386-banana/8.1.0/crtbegin.o
 .comment       0x0000000000000000       0x12 acpica/utclib.32
 .comment       0x0000000000000000       0x12 core/malloc.32
 .comment       0x0000000000000000       0x12 libk/string.32
 .comment       0x0000000000000000       0x12 fs/fat/diskio.32
 .comment       0x0000000000000000       0x12 fs/fat/ff.32
 .comment       0x0000000000000000       0x12 fs/fat/ffsystem.32
 .comment       0x0000000000000000       0x12 fs/fat/ffunicode.32
 .comment       0x0000000000000000       0x12 hal/libresample/samplerate.32
 .comment       0x0000000000000000       0x12 hal/libresample/src_linear.32
 .comment       0x0000000000000000       0x12 hal/libresample/src_sinc.32
 .comment       0x0000000000000000       0x12 hal/libresample/src_zoh.32
 .group         0x0000000000000000       0x14 core/computer.32
 .group         0x0000000000000000        0xc core/computer.32
 .comment       0x0000000000000000       0x12 core/computer.32
 .comment       0x0000000000000000       0x12 core/gdt.32
 .group         0x0000000000000000        0xc core/idle.32
 .comment       0x0000000000000000       0x12 core/idle.32
 .comment       0x0000000000000000       0x12 core/idt.32
 .group         0x0000000000000000        0x8 core/kheap.32
 .group         0x0000000000000000        0x8 core/kheap.32
 .comment       0x0000000000000000       0x12 core/kheap.32
 .comment       0x0000000000000000       0x12 core/main.32
 .comment       0x0000000000000000       0x12 core/physmgr.32
 .group         0x0000000000000000        0xc core/pipe.32
 .comment       0x0000000000000000       0x12 core/pipe.32
 .group         0x0000000000000000        0xc core/terminal.32
 .comment       0x0000000000000000       0x12 core/terminal.32
 .group         0x0000000000000000        0x8 core/tss.32
 .text._ZN3CPU7readCR3Ev
                0x0000000000000000       0x12 core/tss.32
 .comment       0x0000000000000000       0x12 core/tss.32
 .group         0x0000000000000000        0x8 core/unixfile.32
 .group         0x0000000000000000        0xc core/unixfile.32
 .group         0x0000000000000000        0xc core/unixfile.32
 .group         0x0000000000000000        0x8 core/unixfile.32
 .group         0x0000000000000000        0xc core/unixfile.32
 .group         0x0000000000000000        0x8 core/unixfile.32
 .group         0x0000000000000000        0xc core/unixfile.32
 .group         0x0000000000000000        0xc core/unixfile.32
 .comment       0x0000000000000000       0x12 core/unixfile.32
 .group         0x0000000000000000        0x8 core/virtmgr.32
 .group         0x0000000000000000        0x8 core/virtmgr.32
 .text._ZN3CPU7readCR3Ev
                0x0000000000000000       0x12 core/virtmgr.32
 .text._ZN3CPU8writeCR3Em
                0x0000000000000000        0x9 core/virtmgr.32
 .comment       0x0000000000000000       0x12 core/virtmgr.32
 .comment       0x0000000000000000       0x12 coreobjs/c++.32
 .comment       0x0000000000000000       0x12 dbg/kconsole.32
 .group         0x0000000000000000        0xc fs/vfs.32
 .group         0x0000000000000000        0xc fs/vfs.32
 .group         0x0000000000000000        0xc fs/vfs.32
 .comment       0x0000000000000000       0x12 fs/vfs.32
 .group         0x0000000000000000        0xc hal/bus.32
 .comment       0x0000000000000000       0x12 hal/bus.32
 .group         0x0000000000000000        0xc hal/buzzer.32
[...]
Memory Configuration

Name             Origin             Length             Attributes
*default*        0x0000000000000000 0xffffffffffffffff

Linker script and memory map

LOAD D:/Users/Alex/Desktop/Banana/kernel/boot.32
LOAD crti.32
LOAD /cygdrive/d/Users/Alex/Desktop/Toolchain/Output/bin/../lib/gcc/i386-banana/8.1.0/crtbegin.o
LOAD D:/Users/Alex/Desktop/Banana/kernel/morenasm.32
LOAD acpica/utclib.32
LOAD core/malloc.32
LOAD libk/string.32
LOAD fs/fat/diskio.32
LOAD fs/fat/ff.32
LOAD fs/fat/ffsystem.32
LOAD fs/fat/ffunicode.32
LOAD hal/libresample/samplerate.32
LOAD hal/libresample/src_linear.32
LOAD hal/libresample/src_sinc.32
LOAD hal/libresample/src_zoh.32
LOAD core/computer.32
LOAD core/gdt.32
LOAD core/idle.32
LOAD core/idt.32
LOAD core/kheap.32
LOAD core/main.32
LOAD core/physmgr.32
LOAD core/pipe.32
LOAD core/terminal.32
LOAD core/tss.32
LOAD core/unixfile.32
LOAD core/virtmgr.32
LOAD coreobjs/c++.32
LOAD dbg/kconsole.32
LOAD fs/vfs.32
LOAD hal/bus.32
LOAD hal/buzzer.32
LOAD hal/clock.32
LOAD hal/device.32
LOAD hal/diskctrl.32
LOAD hal/diskphys.32
LOAD hal/fpu.32
LOAD hal/intctrl.32
LOAD hal/keybrd.32
LOAD hal/logidisk.32
LOAD hal/mouse.32
LOAD hal/partition.32
LOAD hal/timer.32
LOAD hal/vcache.32
LOAD hal/video.32
LOAD hw/acpi.32
LOAD hw/cpu.32
LOAD hw/ports.32
LOAD krnl/panic.32
LOAD reg/registry.32
LOAD sys/sc_exit.32
LOAD sys/sc_loaddll.32
LOAD sys/sc_read.32
LOAD sys/sc_sbrk.32
LOAD sys/sc_write.32
LOAD sys/sc_yield.32
LOAD sys/syscalls.32
LOAD thr/elf.32
LOAD thr/prcssthr.32
LOAD vm86/vm8086.32
LOAD vm86/x87em.32
LOAD fs/fat/vfslink.32
LOAD fs/iso9660/vfslink.32
LOAD hal/sound/sndchannel.32
LOAD hal/sound/sndhw.32
LOAD hw/bus/isa.32
LOAD hw/bus/pci.32
LOAD hw/diskctrl/ide.32
LOAD hw/diskphys/ata.32
LOAD hw/diskphys/atapi.32
LOAD hw/fpu/avx.32
LOAD hw/fpu/mmx.32
LOAD hw/fpu/sse.32
LOAD hw/fpu/x87.32
LOAD hw/intctrl/apic.32
LOAD hw/intctrl/pic.32
LOAD hw/timer/apictimer.32
LOAD hw/timer/pit.32
LOAD hw/fpu/x86/avx.32
LOAD hw/fpu/x86/sse.32
LOAD hw/fpu/x86/x87.32
LOAD /cygdrive/d/Users/Alex/Desktop/Toolchain/Output/bin/../lib/gcc/i386-banana/8.1.0/crtend.o
LOAD crtn.32
LOAD /cygdrive/d/Users/Alex/Desktop/Toolchain/Output/bin/../lib/gcc/i386-banana/8.1.0/libkgcc.a
LOAD D:/Users/Alex/Desktop/Banana/kernel/libsoftfp.a
LOAD D:/Users/Alex/Desktop/Banana/kernel/libk/libm32.a
                0x00000000c0000000                . = 0xc0000000

.text           0x00000000c0000000    0x24ff8
 *(.text)
 .text          0x00000000c0000000       0x41 D:/Users/Alex/Desktop/Banana/kernel/boot.32
                0x00000000c0000020                callGlobalConstructors
 .text          0x00000000c0000041        0x0 crti.32
 *fill*         0x00000000c0000041        0x3 
 .text          0x00000000c0000044      0x101 /cygdrive/d/Users/Alex/Desktop/Toolchain/Output/bin/../lib/gcc/i386-banana/8.1.0/crtbegin.o
 *fill*         0x00000000c0000145        0xb 
 .text          0x00000000c0000150      0x503 D:/Users/Alex/Desktop/Banana/kernel/morenasm.32
                0x00000000c0000150                prepareTramp
                0x00000000c0000169                voodooXADD
                0x00000000c0000234                doTPAUSE
                0x00000000c000023e                hasLegacyFPU
                0x00000000c0000263                is486
                0x00000000c0000299                goToVM86
                0x00000000c00002ca                goToUsermode
                0x00000000c00002f5                switchToThreadASMFirstTime
                0x00000000c0000303                switchToThreadASM
                0x00000000c00003a3                detectCPUID
                0x00000000c00003b9                asmQuickAcquireLock
                0x00000000c00003d7                asmQuickReleaseLock
                0x00000000c00003e3                asmAcquireLock
                0x00000000c0000404                asmReleaseLock
                0x00000000c0000417                loadGDT
                0x00000000c0000437                isr0
                0x00000000c0000447                isr1
                0x00000000c0000451                isr2
                0x00000000c000045b                isr3
                0x00000000c0000465                isr4
                0x00000000c000046f                isr5
                0x00000000c0000479                isr6
                0x00000000c0000483                isr7
                0x00000000c000048d                isr8
                0x00000000c0000495                isr9
                0x00000000c000049f                isr10
                0x00000000c00004a7                isr11
                0x00000000c00004af                isr12
                0x00000000c00004b7                isr13
                0x00000000c00004bf                isr14
                0x00000000c00004c7                isr15
                0x00000000c00004d1                isr16
                0x00000000c00004db                isr17
                0x00000000c00004e5                isr18
                0x00000000c00004ef                isr96
                0x00000000c00004f9                irq0
                0x00000000c0000503                irq1
                0x00000000c000050d                irq2
                0x00000000c0000517                irq3
                0x00000000c0000521                irq4
                0x00000000c000052b                irq5
                0x00000000c0000535                irq6
                0x00000000c000053f                irq7
                0x00000000c0000549                irq8
                0x00000000c0000553                irq9
                0x00000000c000055d                irq10
                0x00000000c0000567                irq11
                0x00000000c0000571                irq12
                0x00000000c000057b                irq13
                0x00000000c0000585                irq14
                0x00000000c000058f                irq15
                0x00000000c0000599                irq16
                0x00000000c00005a3                irq17
                0x00000000c00005ad                irq18
                0x00000000c00005b7                irq19
                0x00000000c00005c1                irq20
                0x00000000c00005cb                irq21
                0x00000000c00005d5                irq22
                0x00000000c00005df                irq23
                0x00000000c00005e9                int_common_stub
                0x00000000c0000619                syscall_common_stub
 .text          0x00000000c0000653      0x40f acpica/utclib.32
                0x00000000c0000653                memcmp
                0x00000000c000067e                memmove
                0x00000000c00006b6                memcpy
                0x00000000c00006ec                memset
                0x00000000c0000709                strlen
                0x00000000c0000719                strpbrk
                0x00000000c000073c                strtok
                0x00000000c000078b                strcpy
                0x00000000c00007ab                strncpy
                0x00000000c00007dc                strcmp
                0x00000000c00007fd                strchr
                0x00000000c0000813                strncmp
                0x00000000c0000842                strcat
                0x00000000c0000869                strncat
                0x00000000c00008a3                strstr
                0x00000000c00008e0                toupper
                0x00000000c00008f4                tolower
                0x00000000c0000908                simple_strtoul
 .text          0x00000000c0000a62      0xfbf core/malloc.32
                0x00000000c0000bcd                dlfree
                0x00000000c0000f28                dlmalloc
                0x00000000c0001465                dlrealloc
                0x00000000c000161a                dlmemalign
                0x00000000c000173d                dlcalloc
                0x00000000c00017d7                dlcfree
                0x00000000c00017dc                dlindependent_calloc
                0x00000000c0001801                dlindependent_comalloc
                0x00000000c0001818                dlvalloc
                0x00000000c0001843                dlpvalloc
                0x00000000c0001879                dlmalloc_trim
                0x00000000c0001886                dlmalloc_usable_size
                0x00000000c00018b7                dlmallinfo
                0x00000000c0001986                dlmalloc_stats
                0x00000000c0001997                dlmallopt
 .text          0x00000000c0001a21        0x0 libk/string.32
 .text          0x00000000c0001a21       0x51 fs/fat/diskio.32
                0x00000000c0001a21                disk_status
                0x00000000c0001a24                disk_initialize
                0x00000000c0001a27                disk_read
                0x00000000c0001a3d                disk_write
                0x00000000c0001a53                disk_ioctl
 .text          0x00000000c0001a72     0x6833 fs/fat/ff.32
                0x00000000c0004d40                f_mount
                0x00000000c0004da2                f_open
                0x00000000c00051de                f_read
                0x00000000c000545e                f_write
                0x00000000c0005718                f_sync
                0x00000000c00058f4                f_close
                0x00000000c0005923                f_lseek
                0x00000000c0005dda                f_opendir
                0x00000000c0005edc                f_closedir
                0x00000000c0005efe                f_readdir
                0x00000000c0005f99                f_stat
                0x00000000c0006028                f_getfree
                0x00000000c00061f3                f_truncate
                0x00000000c00062eb                f_unlink
                0x00000000c000646e                f_mkdir
                0x00000000c000669a                f_rename
                0x00000000c000698d                f_chmod
                0x00000000c0006a6b                f_utime
                0x00000000c0006b49                f_getlabel
                0x00000000c0006d37                f_setlabel
                0x00000000c0006fa4                f_forward
                0x00000000c0007182                f_mkfs
 .text          0x00000000c00082a5       0x2d fs/fat/ffsystem.32
                0x00000000c00082a5                ff_memalloc
                0x00000000c00082bb                ff_memfree
 .text          0x00000000c00082d2      0x253 fs/fat/ffunicode.32
                0x00000000c00082d2                ff_uni2oem
                0x00000000c0008362                ff_oem2uni
                0x00000000c00083ce                ff_wtoupper
 .text          0x00000000c0008525      0x8a1 hal/libresample/samplerate.32
                0x00000000c00085cc                src_delete
                0x00000000c0008608                src_process
                0x00000000c000877c                src_callback_read
                0x00000000c00088d7                src_set_ratio
                0x00000000c0008920                src_get_channels
                0x00000000c0008942                src_reset
                0x00000000c000898e                src_new
                0x00000000c0008a1c                src_callback_new
                0x00000000c0008a7e                src_get_name
                0x00000000c0008ab5                src_get_description
                0x00000000c0008aec                src_get_version
                0x00000000c0008af2                src_is_valid_ratio
                0x00000000c0008b0e                src_error
                0x00000000c0008b1c                src_strerror
                0x00000000c0008b2f                src_simple
                0x00000000c0008b82                src_short_to_float_array
                0x00000000c0008be7                src_float_to_short_array
                0x00000000c0008ca6                src_int_to_float_array
                0x00000000c0008d09                src_float_to_int_array
 .text          0x00000000c0008dc6      0x8f0 hal/libresample/src_linear.32
                0x00000000c0009611                linear_get_name
                0x00000000c0009620                linear_get_description
                0x00000000c000962f                linear_set_converter
 .text          0x00000000c00096b6     0x40fd hal/libresample/src_sinc.32
                0x00000000c000d6ca                sinc_get_name
                0x00000000c000d6dd                sinc_get_description
                0x00000000c000d6f0                sinc_set_converter
 .text          0x00000000c000d7b3      0x7a6 hal/libresample/src_zoh.32
                0x00000000c000deb4                zoh_get_name
                0x00000000c000dec3                zoh_get_description
                0x00000000c000ded2                zoh_set_converter
 *fill*         0x00000000c000df59        0x1 
 .text          0x00000000c000df5a      0x9e1 core/computer.32
                0x00000000c000df5a                Computer::close(int, int, void*)
                0x00000000c000df9e                Computer::Computer()
                0x00000000c000df9e                Computer::Computer()
                0x00000000c000e0fa                Computer::setBootMessage(char const*)
                0x00000000c000e0fc                Computer::start()
                0x00000000c000e1d8                firstTask()
                0x00000000c000e1e6                Computer::detectFeatures()
                0x00000000c000e3c0                Computer::displayFeatures()
                0x00000000c000e706                Computer::rdmsr(unsigned int)
                0x00000000c000e732                Computer::wrmsr(unsigned int, unsigned long long)
                0x00000000c000e76a                Computer::nmiEnabled()
                0x00000000c000e776                Computer::readCMOS(unsigned char)
                0x00000000c000e790                Computer::enableNMI(bool)
                0x00000000c000e7a8                Computer::open(int, int, void*)
                0x00000000c000e87e                Computer::disableNMI()
                0x00000000c000e88c                Computer::writeCMOS(unsigned char, unsigned char)
                0x00000000c000e8aa                Computer::handleNMI()
                0x00000000c000e910                Computer::setDiskActivityLight(int, bool)
 *fill*         0x00000000c000e93b        0x1 
 .text          0x00000000c000e93c      0x1b7 core/gdt.32
                0x00000000c000e93c                GDTEntry::setBase(unsigned int)
                0x00000000c000e958                GDTEntry::setLimit(unsigned int)
                0x00000000c000e976                GDT::GDT()
                0x00000000c000e976                GDT::GDT()
                0x00000000c000e98c                GDT::addEntry(GDTEntry)
                0x00000000c000e9c8                GDT::getNumberOfEntries()
                0x00000000c000e9d0                GDT::flush()
                0x00000000c000e9f2                GDT::setup()
 .text          0x00000000c000eaf3       0x61 core/idle.32
                0x00000000c000eaf3                idleFunction(void*)
 .text          0x00000000c000eb54      0x45f core/idt.32
                0x00000000c000eb54                IDTEntry::IDTEntry(bool)
                0x00000000c000eb54                IDTEntry::IDTEntry(bool)
                0x00000000c000ebc2                IDTEntry::setOffset(unsigned int)
                0x00000000c000ebd6                IDT::IDT()
                0x00000000c000ebd6                IDT::IDT()
                0x00000000c000ebd8                IDT::getPointerToInvalidOpcodeEntryForF00F()
                0x00000000c000ebe0                IDT::addEntry(IDTEntry, int)
                0x00000000c000ebfa                IDT::addEntry(int, void (*)(), bool)
                0x00000000c000ec32                IDT::flush()
                0x00000000c000ec4c                IDT::setup()
 .text          0x00000000c000efb3      0x20d core/kheap.32
                0x00000000c000efb3                sbrk
                0x00000000c000f0cb                mmap
                0x00000000c000f0e1                munmap
                0x00000000c000f0f7                liballoc_lock()
                0x00000000c000f108                liballoc_unlock()
                0x00000000c000f119                liballoc_alloc(int)
                0x00000000c000f134                liballoc_free(void*, int)
                0x00000000c000f152                realloc
                0x00000000c000f166                malloc
                0x00000000c000f176                free
                0x00000000c000f186                rfree
                0x00000000c000f196                calloc
 .text          0x00000000c000f1c0      0x38d core/main.32
                0x00000000c000f1c0                hwTextMode_loadInData(VgaText*)
                0x00000000c000f205                hwTextMode_loadInTitle(VgaText*, char*)
                0x00000000c000f247                hwTextMode_showCursor(VgaText*, bool)
                0x00000000c000f29b                hwTextMode_update(VgaText*)
                0x00000000c000f29c                hwTextMode_updateCursor(VgaText*)
                0x00000000c000f2e4                hwTextMode_disableBlink(VgaText*, bool)
                0x00000000c000f320                hwTextMode_scrollScreen(VgaText*)
                0x00000000c000f3a6                hwTextMode_writeCharacter(VgaText*, char, VgaColour, VgaColour, int, int)
                0x00000000c000f404                setupTextMode()
                0x00000000c000f455                kernel_main
 .text          0x00000000c000f54d      0x4f3 core/physmgr.32
                0x00000000c000f54d                Phys::allocateDMA(unsigned long)
                0x00000000c000f5f0                Phys::freeDMA(unsigned long, unsigned long)
                0x00000000c000f638                Phys::setPageState(unsigned long, bool)
                0x00000000c000f66a                Phys::getPageState(unsigned long)
                0x00000000c000f686                Phys::freePage(unsigned long)
                0x00000000c000f710                Phys::allocatePage()
                0x00000000c000f7d8                Phys::allowSegmentToBeUsed(unsigned long, unsigned long)
                0x00000000c000f810                Phys::physicalMemorySetup(unsigned int)
 .text          0x00000000c000fa40      0x273 core/pipe.32
                0x00000000c000fa40                Pipe::isAtty()
                0x00000000c000fa44                Pipe::~Pipe()
                0x00000000c000fa44                Pipe::~Pipe()
                0x00000000c000fa68                Pipe::~Pipe()
                0x00000000c000fa90                Pipe::read(unsigned long long, void*, int*)
                0x00000000c000fb84                Pipe::write(unsigned long long, void*, int*)
                0x00000000c000fc4c                Pipe::Pipe(int)
                0x00000000c000fc4c                Pipe::Pipe(int)
 *fill*         0x00000000c000fcb3        0x1 
 .text          0x00000000c000fcb4      0xf65 core/terminal.32
                0x00000000c000fcb4                VgaText::isAtty()
                0x00000000c000fcb8                VgaText::~VgaText()
                0x00000000c000fcb8                VgaText::~VgaText()
                0x00000000c000fcdc                VgaText::~VgaText()
                0x00000000c000fd06                VgaText::read(unsigned long long, void*, int*)
                0x00000000c000fd26                setTerminalScrollLock(bool)
                0x00000000c000fd27                addToTerminalCycle(VgaText*)
                0x00000000c000fd54                installVgaTextImplementation()
                0x00000000c000fd69                scrollTerminalScrollLock(int)
                0x00000000c000fd6a                VgaText::load()
                0x00000000c000fdbe                VgaText::updateCursor()
                0x00000000c000fdd8                VgaText::showCursor(bool)
                0x00000000c000fde8                VgaText::disableBlink(bool)
                0x00000000c000fe22                VgaText::doANSI_SGR(int)
                0x00000000c000feae                VgaText::setDefaultBgColour(VgaColour)
                0x00000000c000fec4                VgaText::setDefaultFgColour(VgaColour)
                0x00000000c000feda                VgaText::setDefaultColours(VgaColour, VgaColour)
                0x00000000c000fefa                VgaText::combineColours(unsigned char, unsigned char)
                0x00000000c000ff0c                VgaText::scrollScreen()
                0x00000000c000ffa0                VgaText::combineCharAndColour(char, unsigned char)
                0x00000000c000ffb2                VgaText::writeCharacter(char, VgaColour, VgaColour, int, int)
                0x00000000c0010012                VgaText::getCursorX()
                0x00000000c001001e                VgaText::getCursorY()
                0x00000000c001002a                VgaText::setCursor(int, int)
                0x00000000c0010048                VgaText::setCursorX(int)
                0x00000000c0010064                VgaText::setCursorY(int)
                0x00000000c0010080                VgaText::incrementCursor(bool)
                0x00000000c00100e8                VgaText::updateRAMUsageDisplay(int)
                0x00000000c0010142                VgaText::updateDiskUsage()
                0x00000000c00102a8                VgaText::updateTitle()
                0x00000000c00102ee                VgaText::setTitleTextColour(VgaColour)
                0x00000000c00102fe                VgaText::setTitleColour(VgaColour)
                0x00000000c001030e                VgaText::setTitle(char*)
                0x00000000c0010334                VgaText::decrementCursor(bool)
                0x00000000c001035c                VgaText::putchar(char, VgaColour, VgaColour)
                0x00000000c0010458                VgaText::isShowingCursor()
                0x00000000c0010464                VgaText::isBlinkDisabled()
                0x00000000c0010472                VgaText::setCursorHeight(int)
                0x00000000c0010490                VgaText::getCursorHeight()
                0x00000000c001049b                setActiveTerminal(VgaText*)
                0x00000000c001054d                doTerminalCycle()
                0x00000000c001056a                VgaText::doUpdate()
                0x00000000c001057c                VgaText::puts(char const*, VgaColour, VgaColour)
                0x00000000c001073c                VgaText::clearScreen()
                0x00000000c00107a0                VgaText::putchar(char)
                0x00000000c00108ba                VgaText::puts(char const*)
                0x00000000c00108e0                VgaText::putx(unsigned int)
                0x00000000c0010926                VgaText::VgaText(char const*)
                0x00000000c0010926                VgaText::VgaText(char const*)
                0x00000000c0010ab8                VgaText::receiveKey(unsigned char)
                0x00000000c0010ba0                VgaText::write(unsigned long long, void*, int*)
                0x00000000c0010bf4                newTerminal(char*)
 *fill*         0x00000000c0010c19        0x1 
 .text          0x00000000c0010c1a      0x18f core/tss.32
                0x00000000c0010c1a                TSS::TSS()
                0x00000000c0010c1a                TSS::TSS()
                0x00000000c0010c28                TSS::setESP(unsigned long)
                0x00000000c0010c3a                TSS::flush()
                0x00000000c0010c5a                TSS::setup(unsigned long, unsigned long)
 *fill*         0x00000000c0010da9        0x1 
 .text          0x00000000c0010daa      0x482 core/unixfile.32
                0x00000000c0010daa                ReservedFilename::read(unsigned long long, void*, int*)
                0x00000000c0010e00                ReservedFilename::isAtty()
                0x00000000c0010e1c                ReservedFilename::write(unsigned long long, void*, int*)
                0x00000000c0010e7a                UnixFile::getFileDescriptor()
                0x00000000c0010e82                UnixFile::UnixFile(int)
                0x00000000c0010e82                UnixFile::UnixFile(int)
                0x00000000c0010ff2                ReservedFilename::ReservedFilename(int)
                0x00000000c0010ff2                ReservedFilename::ReservedFilename(int)
                0x00000000c0011024                UnixFile::~UnixFile()
                0x00000000c0011024                UnixFile::~UnixFile()
                0x00000000c00110bc                UnixFile::~UnixFile()
                0x00000000c00110e4                ReservedFilename::~ReservedFilename()
                0x00000000c00110e4                ReservedFilename::~ReservedFilename()
                0x00000000c0011108                ReservedFilename::~ReservedFilename()
                0x00000000c001112f                getFromFileDescriptor(int)
 .text          0x00000000c001122c      0xec7 core/virtmgr.32
                0x00000000c001122c                Virt::setPageState(unsigned long, Virt::VirtPageState)
                0x00000000c0011261                Virt::getPageState(unsigned long)
                0x00000000c0011285                Virt::allocateKernelVirtualPages(int)
                0x00000000c0011396                Virt::virtualMemorySetup()
                0x00000000c0011415                Virt::getAKernelVAS()
                0x00000000c001141b                Virt::setupPageSwapping(int)
                0x00000000c0011540                VAS::VAS()
                0x00000000c0011540                VAS::VAS()
                0x00000000c0011570                VAS::VAS(VAS*)
                0x00000000c0011570                VAS::VAS(VAS*)
                0x00000000c0011594                VAS::getForeignPageTableEntry(bool, unsigned long)
                0x00000000c00115c0                VAS::getPageTableEntry(unsigned long)
                0x00000000c00115df                Virt::freeKernelVirtualPages(unsigned long)
                0x00000000c0011702                VAS::freeAllocatedPages(unsigned long)
                0x00000000c0011726                VAS::virtualToPhysical(unsigned long)
                0x00000000c001173e                VAS::reflagRange(unsigned long, int, int, int)
                0x00000000c001177e                VAS::setToWriteCombining(unsigned long, int)
                0x00000000c00117b6                VAS::mapOtherVASIn(bool, VAS*)
                0x00000000c00117ec                VAS::~VAS()
                0x00000000c00117ec                VAS::~VAS()
                0x00000000c0011958                VAS::mapPage(unsigned long, unsigned long, int)
                0x00000000c0011a58                VAS::allocatePages(int, int)
                0x00000000c0011c28                VAS::setCPUSpecific(unsigned long)
                0x00000000c0011c44                VAS::mapRange(unsigned long, unsigned long, int, int)
                0x00000000c0011d0e                VAS::mapForeignPage(bool, VAS*, unsigned long, unsigned long, int)
                0x00000000c0011dfc                VAS::VAS(bool)
                0x00000000c0011dfc                VAS::VAS(bool)
                0x00000000c001202c                mapVASFirstTime
 .text          0x00000000c00120f3       0x93 coreobjs/c++.32
                0x00000000c00120f3                __cxa_atexit
                0x00000000c00120f6                __cxa_finalize
                0x00000000c00120f7                __stack_chk_fail
                0x00000000c0012157                __cxa_pure_virtual
                0x00000000c0012168                operator new(unsigned long)
                0x00000000c001216d                operator new[](unsigned long)
                0x00000000c0012172                operator delete(void*)
                0x00000000c0012177                operator delete(void*, unsigned long)
                0x00000000c001217c                operator delete[](void*)
                0x00000000c0012181                operator delete[](void*, unsigned long)
 .text          0x00000000c0012186      0x1ef dbg/kconsole.32
                0x00000000c0012186                Dbg::stringifyxWithBase(unsigned int, char*, int)
                0x00000000c00121e7                Dbg::logc(char)
                0x00000000c00121fe                Dbg::logs(char*)
                0x00000000c001221b                Dbg::logWriteInt(unsigned int)
                0x00000000c0012238                Dbg::logWriteIntBase(unsigned int, int)
                0x00000000c0012257                Dbg::kprintf(char const*, ...)
 *fill*         0x00000000c0012375        0x1 
 .text          0x00000000c0012376      0xb68 fs/vfs.32
                0x00000000c0012376                File::read(unsigned long long, void*, int*)
                0x00000000c00123ce                File::write(unsigned long long, void*, int*)
                0x00000000c0012426                Directory::read(unsigned long long, void*, int*)
                0x00000000c001247e                Directory::write(unsigned long long, void*, int*)
                0x00000000c00124ac                File::isAtty()
                0x00000000c00124b0                Directory::isAtty()
                0x00000000c00124b4                Filesystem::getlabel(LogicalDisk*, int, char*, unsigned int*)
                0x00000000c00124ba                Filesystem::setlabel(LogicalDisk*, int, char*)
                0x00000000c00124c0                File::~File()
                0x00000000c00124c0                File::~File()
                0x00000000c00124e4                File::~File()
                0x00000000c001250e                Directory::~Directory()
                0x00000000c001250e                Directory::~Directory()
                0x00000000c0012532                Directory::~Directory()
                0x00000000c001255c                Filesystem::Filesystem()
                0x00000000c001255c                Filesystem::Filesystem()
                0x00000000c0012580                Filesystem::~Filesystem()
                0x00000000c0012580                Filesystem::~Filesystem()
                0x00000000c001258e                Filesystem::~Filesystem()
                0x00000000c00125b2                initVFS()
                0x00000000c00125dc                standardiseFiles(char*, char const*, char const*)
                0x00000000c0012786                File::File(char const*, Process*)
                0x00000000c0012786                File::File(char const*, Process*)
                0x00000000c00127ea                File::open(FileOpenMode)
                0x00000000c0012848                File::close()
                0x00000000c00128a8                File::seek(unsigned long long)
                0x00000000c00128fe                File::tell(unsigned long long*)
                0x00000000c001294e                File::rewind()
                0x00000000c0012962                File::unlink()
                0x00000000c00129ae                File::rename(char const*)
                0x00000000c00129fc                File::chfatattr(unsigned char, unsigned char)
                0x00000000c0012a58                File::exists()
                0x00000000c0012a96                File::stat(unsigned long long*, bool*)
                0x00000000c0012af7                getcwd(Process*, char*, int)
                0x00000000c0012b21                setcwd(Process*, char*)
                0x00000000c0012c48                Directory::Directory(char const*, Process*)
                0x00000000c0012c48                Directory::Directory(char const*, Process*)
                0x00000000c0012cac                Directory::open()
                0x00000000c0012d08                Directory::close()
                0x00000000c0012d68                Directory::unlink()
                0x00000000c0012db4                Directory::rename(char const*)
                0x00000000c0012e02                Directory::exists()
                0x00000000c0012e40                Directory::read(dirent*)
                0x00000000c0012e8c                Directory::create()
                0x00000000c0012ed8                Filesystem::chfatattr(char const*, unsigned char, unsigned char)
 .text          0x00000000c0012ede       0x84 hal/bus.32
                0x00000000c0012ede                Bus::Bus(char const*)
                0x00000000c0012ede                Bus::Bus(char const*)
                0x00000000c0012f14                Bus::~Bus()
                0x00000000c0012f14                Bus::~Bus()
                0x00000000c0012f38                Bus::~Bus()
 .text          0x00000000c0012f62      0x14e hal/buzzer.32
                0x00000000c0012f62                Buzzer::Buzzer(char const*)
                0x00000000c0012f62                Buzzer::Buzzer(char const*)
                0x00000000c0012fa6                Buzzer::~Buzzer()
                0x00000000c0012fa6                Buzzer::~Buzzer()
                0x00000000c0012fca                Buzzer::~Buzzer()
                0x00000000c0012ff4                Buzzer::stop()
                0x00000000c0013007                beepThread(void*)
                0x00000000c0013042                Buzzer::beep(int, int, bool)
 .text          0x00000000c00130b0      0x42f hal/clock.32
                0x00000000c00130b0                loadClockSettings()
                0x00000000c00130ca                Clock::Clock(char const*)
                0x00000000c00130ca                Clock::Clock(char const*)
                0x00000000c0013100                Clock::~Clock()
                0x00000000c0013100                Clock::~Clock()
                0x00000000c0013124                Clock::~Clock()
                0x00000000c001314e                Clock::timeInSecondsLocal()
                0x00000000c0013196                Clock::setTimeInSecondsLocal(unsigned long long)
                0x00000000c00131ef                datetimeToSeconds(datetime_t)
                0x00000000c0013316                Clock::setTimeInDatetimeLocal(datetime_t)
                0x00000000c0013376                secondsToDatetime(unsigned long long)
                0x00000000c00134ba                Clock::timeInDatetimeLocal()
 *fill*         0x00000000c00134df        0x1 
 .text          0x00000000c00134e0      0x504 hal/device.32
                0x00000000c00134e0                Device::hibernate()
                0x00000000c00134e2                Device::wake()
                0x00000000c00134e4                Device::detect()
                0x00000000c00134e6                Device::disableLegacy()
                0x00000000c00134e8                Device::powerSaving(PowerSavingLevel)
                0x00000000c00134ea                DriverlessDevice::close(int, int, void*)
                0x00000000c00134ee                DriverlessDevice::detect()
                0x00000000c00134f0                DriverlessDevice::open(int, int, void*)
                0x00000000c0013504                Device::~Device()
                0x00000000c0013504                Device::~Device()
                0x00000000c0013512                Device::~Device()
                0x00000000c001353a                Device::findAndLoadDriver()
                0x00000000c001353c                Device::preOpenPCI(PCIDeviceInfo)
                0x00000000c0013562                Device::preOpenACPI(void*, char*, char*)
                0x00000000c00135b6                Device::addIRQHandler(int, void (*)(regs*, void*), bool, void*)
                0x00000000c0013614                Device::removeIRQHandler(int, void (*)(regs*, void*), bool)
                0x00000000c0013662                Device::addChild(Device*)
                0x00000000c00136a6                Device::removeAllChildren()
                0x00000000c00136ec                Device::hibernateAll()
                0x00000000c001371c                Device::wakeAll()
                0x00000000c001374c                Device::detectAll()
                0x00000000c001377c                Device::disableLegacyAll()
                0x00000000c00137ac                Device::loadDriversForAll()
                0x00000000c00137d8                Device::closeAll()
                0x00000000c001380e                Device::powerSavingAll(PowerSavingLevel)
                0x00000000c0013844                Device::setName(char const*)
                0x00000000c0013852                Device::Device(char const*)
                0x00000000c0013852                Device::Device(char const*)
                0x00000000c0013944                Device::getName()
                0x00000000c001394e                DriverlessDevice::DriverlessDevice(char const*)
                0x00000000c001394e                DriverlessDevice::DriverlessDevice(char const*)
                0x00000000c0013976                Device::addToLinkedList(LinkedList<Device>&, DeviceType)
                0x00000000c00139ba                getDevicesOfType(DeviceType)
 .text          0x00000000c00139e4       0x84 hal/diskctrl.32
                0x00000000c00139e4                HardDiskController::HardDiskController(char const*)
                0x00000000c00139e4                HardDiskController::HardDiskController(char const*)
                0x00000000c0013a1a                HardDiskController::~HardDiskController()
                0x00000000c0013a1a                HardDiskController::~HardDiskController()
                0x00000000c0013a3e                HardDiskController::~HardDiskController()
 .text          0x00000000c0013a68       0xde hal/diskphys.32
                0x00000000c0013a68                PhysicalDisk::PhysicalDisk(char const*, int)
                0x00000000c0013a68                PhysicalDisk::PhysicalDisk(char const*, int)
                0x00000000c0013ad0                PhysicalDisk::startCache()
                0x00000000c0013af8                PhysicalDisk::~PhysicalDisk()
                0x00000000c0013af8                PhysicalDisk::~PhysicalDisk()
                0x00000000c0013b1c                PhysicalDisk::~PhysicalDisk()
 .text          0x00000000c0013b46      0x14c hal/fpu.32
                0x00000000c0013b46                FPU::FPU(char const*)
                0x00000000c0013b46                FPU::FPU(char const*)
                0x00000000c0013b7c                FPU::~FPU()
                0x00000000c0013b7c                FPU::~FPU()
                0x00000000c0013ba0                FPU::~FPU()
                0x00000000c0013bca                setupFPU()
 .text          0x00000000c0013c92     0x12a7 hal/intctrl.32
                0x00000000c0013c92                InterruptController::uninstallISRHandler(int, void (*)(regs*, void*))
                0x00000000c0013cca                InterruptController::installISRHandler(int, void (*)(regs*, void*), void*)
                0x00000000c0013d1c                doubleFault(regs*, void*)
                0x00000000c0013d36                InterruptController::installIRQHandler(int, void (*)(regs*, void*), bool, void*)
                0x00000000c0013dd2                InterruptController::clearAllHandlers(int, bool)
                0x00000000c0013e7a                InterruptController::uninstallIRQHandler(int, void (*)(regs*, void*), bool)
                0x00000000c0013f01                nmiHandler(regs*, void*)
                0x00000000c0013f0f                int_handler
                0x00000000c0013faa                InterruptController::InterruptController(char const*)
                0x00000000c0013faa                InterruptController::InterruptController(char const*)
                0x00000000c0014050                InterruptController::~InterruptController()
                0x00000000c0014050                InterruptController::~InterruptController()
                0x00000000c0014074                InterruptController::~InterruptController()
                0x00000000c001409e                displayDebugInfo(regs*)
                0x00000000c00144b5                x87EmulHandler(regs*, void*)
                0x00000000c00144e4                gpFault(regs*, void*)
                0x00000000c001451d                pgFault(regs*, void*)
                0x00000000c0014534                otherISRHandler(regs*, void*)
                0x00000000c0014553                opcodeFault(regs*, void*)
                0x00000000c0014b0c                displayProgramFault(char const*)
                0x00000000c0014b34                setupInterruptController()
                0x00000000c0014eec                InterruptController::convertLegacyIRQNumber(int)
 *fill*         0x00000000c0014f39        0x1 
 .text          0x00000000c0014f3a      0x620 hal/keybrd.32
                0x00000000c0014f3a                startGUI(void*)
                0x00000000c0014fac                sendKeyToTerminal(unsigned char)
                0x00000000c0015018                sendKeyboardToken(KeyboardToken)
                0x00000000c00153f3                clearInternalKeybuffer(VgaText*)
                0x00000000c0015428                readKeyboard(VgaText*, char*, unsigned long)
                0x00000000c00154d0                Keyboard::Keyboard(char const*)
                0x00000000c00154d0                Keyboard::Keyboard(char const*)
                0x00000000c001550c                Keyboard::~Keyboard()
                0x00000000c001550c                Keyboard::~Keyboard()
                0x00000000c0015530                Keyboard::~Keyboard()
 .text          0x00000000c001555a      0x400 hal/logidisk.32
                0x00000000c001555a                LogicalDisk::close(int, int, void*)
                0x00000000c001555e                LogicalDisk::~LogicalDisk()
                0x00000000c001555e                LogicalDisk::~LogicalDisk()
                0x00000000c0015582                LogicalDisk::~LogicalDisk()
                0x00000000c00155ac                LogicalDisk::open(int, int, void*)
                0x00000000c00155c0                LogicalDisk::absoluteToRelative(unsigned long long)
                0x00000000c00155f8                LogicalDisk::relativeToAbsolute(unsigned long long)
                0x00000000c001563e                LogicalDisk::LogicalDisk(char const*, PhysicalDisk*, unsigned long long, unsigned long long)
                0x00000000c001563e                LogicalDisk::LogicalDisk(char const*, PhysicalDisk*, unsigned long long, unsigned long long)
                0x00000000c00156f4                LogicalDisk::assignDriveLetter()
                0x00000000c00157aa                LogicalDisk::mount()
                0x00000000c001581c                LogicalDisk::unmount()
                0x00000000c001582c                LogicalDisk::unassignDriveLetter()
                0x00000000c0015882                LogicalDisk::read(unsigned long long, int, void*)
                0x00000000c00158ee                LogicalDisk::write(unsigned long long, int, void*)
 .text          0x00000000c001595a       0x84 hal/mouse.32
                0x00000000c001595a                Mouse::Mouse(char const*)
                0x00000000c001595a                Mouse::Mouse(char const*)
                0x00000000c0015990                Mouse::~Mouse()
                0x00000000c0015990                Mouse::~Mouse()
                0x00000000c00159b4                Mouse::~Mouse()
 .text          0x00000000c00159de      0x339 hal/partition.32
                0x00000000c00159de                makePartition(PhysicalDisk*, unsigned long long, unsigned long long)
                0x00000000c0015a86                createPartitionsForDisk(PhysicalDisk*)
 *fill*         0x00000000c0015d17        0x1 
 .text          0x00000000c0015d18      0x2e7 hal/timer.32
                0x00000000c0015d18                Timer::Timer(char const*)
                0x00000000c0015d18                Timer::Timer(char const*)
                0x00000000c0015d4e                Timer::~Timer()
                0x00000000c0015d4e                Timer::~Timer()
                0x00000000c0015d72                Timer::~Timer()
                0x00000000c0015d9c                Timer::read()
                0x00000000c0015da7                timerHandler(unsigned long long)
                0x00000000c0015ede                setupTimer(int)
 *fill*         0x00000000c0015fff        0x1 
 .text          0x00000000c0016000      0x2d1 hal/vcache.32
                0x00000000c0016000                VCache::VCache(PhysicalDisk*)
                0x00000000c0016000                VCache::VCache(PhysicalDisk*)
                0x00000000c00160f0                VCache::writeWriteBuffer()
                0x00000000c001612c                VCache::~VCache()
                0x00000000c001612c                VCache::~VCache()
                0x00000000c001616c                VCache::~VCache()
                0x00000000c0016194                VCache::write(unsigned long long, int, void*)
                0x00000000c0016278                VCache::read(unsigned long long, int, void*)
 *fill*         0x00000000c00162d1        0x1 
 .text          0x00000000c00162d2      0x26d hal/video.32
                0x00000000c00162d2                Video::putrect(int, int, int, int, unsigned int)
                0x00000000c001631c                Video::blit(unsigned int*, int, int, int, int)
                0x00000000c001639a                Video::clearScreen(unsigned int)
                0x00000000c00163ce                Video::putpixel(int, int, unsigned int)
                0x00000000c00163dc                Video::Video(char const*)
                0x00000000c00163dc                Video::Video(char const*)
                0x00000000c0016412                Video::~Video()
                0x00000000c0016412                Video::~Video()
                0x00000000c0016436                Video::~Video()
                0x00000000c0016460                Video::isMonochrome()
                0x00000000c001646c                Video::getWidth()
                0x00000000c0016478                Video::getHeight()
                0x00000000c0016484                Video::drawCursor(int, int, unsigned char*, int)
 *fill*         0x00000000c001653f        0x1 
 .text          0x00000000c0016540      0xd04 hw/acpi.32
                0x00000000c0016540                ACPI::close(int, int, void*)
                0x00000000c00165f5                findRSDP()
                0x00000000c001667f                loadACPITables(unsigned char*)
                0x00000000c00168a6                findRSDT(unsigned char*)
                0x00000000c00169c4                findDataTable(unsigned char*, char*)
                0x00000000c0016a60                scanMADT()
                0x00000000c0016df4                ACPI::ACPI()
                0x00000000c0016df4                ACPI::ACPI()
                0x00000000c0016e54                ACPI::getPCIIRQAssignment(unsigned char, unsigned short, unsigned char)
                0x00000000c0016f36                ACPI::registerPCIIRQAssignment(void*, unsigned short, unsigned char, unsigned char)
                0x00000000c001703c                ACPI::setScreenBrightnessLevel(void*, int)
                0x00000000c0017042                ACPI::writeSimpleBootFlag(SimpleBootFlagTable*)
                0x00000000c001708a                ACPI::open(int, int, void*)
                0x00000000c001722c                ACPI::sleep()
 .text          0x00000000c0017244     0x17a9 hw/cpu.32
                0x00000000c0017244                CPU::close(int, int, void*)
                0x00000000c0017247                lookupAMDCPUName(unsigned char, unsigned char)
                0x00000000c00173db                lookupIntelCPUName(unsigned char, unsigned char)
                0x00000000c0017689                AMD_K6_write_msr(unsigned int, unsigned int, unsigned int, REGS*)
                0x00000000c00176a5                AMD_K6_read_msr(unsigned int, REGS*)
                0x00000000c00176bd                AMD_K6_writeback(int, int, int)
                0x00000000c0017730                cpuid(int, unsigned long*, unsigned long*, unsigned long*, unsigned long*)
                0x00000000c00177b3                cpuidCheckEDX(unsigned int)
                0x00000000c00177e0                cpuidCheckECX(unsigned int)
                0x00000000c001780d                cpuidCheckExtendedEBX(unsigned int)
                0x00000000c001783a                cpuidCheckExtendedECX(unsigned int)
                0x00000000c0017867                CPU::getNumber()
                0x00000000c001786a                CPU::current()
                0x00000000c001787e                CPU::CPU()
                0x00000000c001787e                CPU::CPU()
                0x00000000c001790c                CPU::displayFeatures()
                0x00000000c0017b88                CPU::detectFeatures()
                0x00000000c001857a                CPU::setupSMEP()
                0x00000000c0018594                CPU::setupUMIP()
                0x00000000c00185ac                CPU::setupTSC()
                0x00000000c00185c4                CPU::setupLargePages()
                0x00000000c00185dc                CPU::setupPAT()
                0x00000000c0018618                CPU::setupMTRR()
                0x00000000c001861a                CPU::setupGlobalPages()
                0x00000000c0018630                CPU::allowUsermodeDataAccess()
                0x00000000c0018642                CPU::prohibitUsermodeDataAccess()
                0x00000000c0018654                CPU::setupSMAP()
                0x00000000c001867a                CPU::setupFeatures()
                0x00000000c001871c                CPU::open(int, int, void*)
                0x00000000c00187f2                CPU::decodeAddress(regs*, int*, bool*, unsigned char*)
 .text          0x00000000c00189ed        0x0 hw/ports.32
 .text          0x00000000c00189ed      0x338 krnl/panic.32
                0x00000000c00189ed                Krnl::panic(char const*)
 .text          0x00000000c0018d25      0x503 reg/registry.32
                0x00000000c0018d25                Reg::findLineFromLoadedData(char*, char*, char*)
                0x00000000c0018e7d                Reg::getLineFromRegistry(char*, char*, char*, char*)
                0x00000000c0018fdc                Reg::getLine(char*, char*, char*)
                0x00000000c0019013                Reg::readInt(char*, char*, int*)
                0x00000000c00190fe                Reg::readString(char*, char*, char*, int)
                0x00000000c001917f                Reg::readBool(char*, char*, bool*)
                0x00000000c00191a4                Reg::readBoolWithDefault(char*, char*, bool)
                0x00000000c00191d0                Reg::readIntWithDefault(char*, char*, int)
                0x00000000c00191fc                Reg::readStringWithDefault(char*, char*, char*, int, char*)
 .text          0x00000000c0019228       0x18 sys/sc_exit.32
                0x00000000c0019228                Sys::exit(regs*)
 .text          0x00000000c0019240       0x95 sys/sc_loaddll.32
                0x00000000c0019240                Sys::loadDLL(regs*)
 .text          0x00000000c00192d5       0x68 sys/sc_read.32
                0x00000000c00192d5                Sys::read(regs*)
 .text          0x00000000c001933d       0x55 sys/sc_sbrk.32
                0x00000000c001933d                Sys::sbrk(regs*)
 .text          0x00000000c0019392       0x68 sys/sc_write.32
                0x00000000c0019392                Sys::write(regs*)
 .text          0x00000000c00193fa       0x1a sys/sc_yield.32
                0x00000000c00193fa                Sys::yield(regs*)
 .text          0x00000000c0019414      0xf85 sys/syscalls.32
                0x00000000c0019414                sysCallGetPID(regs*)
                0x00000000c0019420                sysCallSeekDir(regs*)
                0x00000000c0019425                sysCallTellDir(regs*)
                0x00000000c001942a                sysCallVerify(regs*)
                0x00000000c0019434                sysCallFork(regs*)
                0x00000000c001943f                sysCallExecve(regs*)
                0x00000000c001944a                sysCallGetArgc(regs*)
                0x00000000c001945a                sysFormatDisk(regs*)
                0x00000000c00194c4                sysSetDiskVolumeLabel(regs*)
                0x00000000c001950a                sysGetDiskVolumeLabel(regs*)
                0x00000000c001955b                sysShutdown(regs*)
                0x00000000c00195b9                sysCallGetCwd(regs*)
                0x00000000c00195d8                sysCallSetCwd(regs*)
                0x00000000c00195f4                sysCallRealpath(regs*)
                0x00000000c0019637                sysCallReadDir(regs*)
                0x00000000c00196c5                sysCallIsATTY(regs*)
                0x00000000c001971f                sysCallSeek(regs*)
                0x00000000c0019788                sysCallTell(regs*)
                0x00000000c0019805                sysCallSizeFromFilename(regs*)
                0x00000000c00198b6                sysCallSize(regs*)
                0x00000000c0019939                sysCallClose(regs*)
                0x00000000c00199c1                sysCallOpenDir(regs*)
                0x00000000c0019a2e                sysCallMakeDir(regs*)
                0x00000000c0019a87                sysCallCloseDir(regs*)
                0x00000000c0019aed                sysCallWait(regs*)
                0x00000000c0019b07                sysCallRmdir(regs*)
                0x00000000c0019b59                sysCallUnlink(regs*)
                0x00000000c0019bab                sysCallGetArgv(regs*)
                0x00000000c0019bf7                sysCallTTYName(regs*)
                0x00000000c0019c7a                sysCallGetEnv(regs*)
                0x00000000c0019ccc                sysCallUSleep(regs*)
                0x00000000c0019cf3                sysCallSpawn(regs*)
                0x00000000c0019d4b                sysAppSettings(regs*)
                0x00000000c0019e6a                sysSetFatAttrib(regs*)
                0x00000000c0019eca                sysPanic(regs*)
                0x00000000c0019ef0                sysPipe(regs*)
                0x00000000c0019f35                sysGetUnixTime(regs*)
                0x00000000c0019f49                string_ends_with(char const*, char const*)
                0x00000000c0019f91                sysCallOpen(regs*)
                0x00000000c001a19e                setupSystemCalls()
                0x00000000c001a357                systemCall(regs*, void*)
 .text          0x00000000c001a399     0x11c7 thr/elf.32
                0x00000000c001a399                Thr::allocateMemoryForTask(Process*, File*, unsigned long, unsigned long, unsigned long)
                0x00000000c001a616                Thr::loadProgramIntoMemory(Process*, char const*)
                0x00000000c001a82c                Thr::runtimeReferenceHelper()
                0x00000000c001a83f                Thr::getAddressOfKernelSymbol(char const*)
                0x00000000c001a88e                Thr::loadKernelSymbolTable(char const*)
                0x00000000c001ab4f                Thr::loadDriverIntoMemory(char const*, unsigned long, bool)
                0x00000000c001b2ed                Thr::getDriverBaseFromAddress(unsigned long)
                0x00000000c001b31f                Thr::getDriverNameFromAddress(unsigned long)
                0x00000000c001b356                Thr::getDriverOffsetFromAddress(unsigned long)
                0x00000000c001b370                Thr::loadDLL(char const*, bool)
                0x00000000c001b536                Thr::executeDLL(unsigned long, void*)
 .text          0x00000000c001b560      0xfce thr/prcssthr.32
                0x00000000c001b560                changeTSS
                0x00000000c001b58e                Process::addArgs(char**)
                0x00000000c001b5e8                Process::Process(char const*, Process*, char**)
                0x00000000c001b5e8                Process::Process(char const*, Process*, char**)
                0x00000000c001b7a0                Process::Process(bool, char const*, Process*, char**)
                0x00000000c001b7a0                Process::Process(bool, char const*, Process*, char**)
                0x00000000c001b923                disableIRQs()
                0x00000000c001b92b                getIRQNestingLevel()
                0x00000000c001b931                enableIRQs()
                0x00000000c001b940                lockScheduler()
                0x00000000c001b942                unlockScheduler()
                0x00000000c001b944                userModeEntryPoint(void*)
                0x00000000c001b967                lockStuff()
                0x00000000c001b973                taskStartupFunction
                0x00000000c001b97c                updateTimeUsed()
                0x00000000c001b9da                switchToThread(ThreadControlBlock*)
                0x00000000c001ba2a                Semaphore::Semaphore(int)
                0x00000000c001ba2a                Semaphore::Semaphore(int)
                0x00000000c001ba58                Mutex::Mutex()
                0x00000000c001ba58                Mutex::Mutex()
                0x00000000c001ba6a                Process::createThread(void (*)(void*), void*, int)
                0x00000000c001bb4e                Process::createUserThread()
                0x00000000c001bb6a                setupMultitasking(void (*)())
                0x00000000c001bc74                schedule()
                0x00000000c001bcf9                unlockStuff()
                0x00000000c001bd2e                Semaphore::tryAcquire()
                0x00000000c001bd5c                Semaphore::assertLocked(char const*)
                0x00000000c001bd8c                blockTaskWithSchedulerLockAlreadyHeld(TaskState)
                0x00000000c001bdce                blockTask(TaskState)
                0x00000000c001bdef                waitTask(int, int*, int)
                0x00000000c001be31                nanoSleepUntil(unsigned long long)
                0x00000000c001be88                nanoSleep(unsigned long long)
                0x00000000c001be9d                sleep(unsigned long long)
                0x00000000c001beba                Semaphore::acquire()
                0x00000000c001bf22                taskReturned
                0x00000000c001bf50                unblockTask(ThreadControlBlock*)
                0x00000000c001bfff                cleanupTerminatedTask(ThreadControlBlock*)
                0x00000000c001c2a3                cleanerTaskFunction(void*)
                0x00000000c001c356                terminateTask(int)
                0x00000000c001c436                Thr::terminateFromIRQ(int)
                0x00000000c001c442                Semaphore::release()
 .text          0x00000000c001c52e      0x8bf vm86/vm8086.32
                0x00000000c001c52e                Vm::vm8086EntryPoint(void*)
                0x00000000c001c559                Vm::inbv(unsigned short)
                0x00000000c001c55f                Vm::outbv(unsigned short, unsigned char)
                0x00000000c001c569                Vm::realToLinear(unsigned short, unsigned short)
                0x00000000c001c579                Vm::getSegment(unsigned int)
                0x00000000c001c581                Vm::getOffset(unsigned int)
                0x00000000c001c586                Vm::loadFileAsThread(Process*, char const*, unsigned short, unsigned short, unsigned short, unsigned short)
                0x00000000c001c6b5                Vm::doISR(regs*, int, unsigned char*, unsigned short, unsigned short)
                0x00000000c001c73f                Vm::readByteFromReal(unsigned short, unsigned short)
                0x00000000c001c750                Vm::readWordFromReal(unsigned short, unsigned short)
                0x00000000c001c762                Vm::readDwordFromReal(unsigned short, unsigned short)
                0x00000000c001c773                Vm::writeByteFromReal(unsigned short, unsigned short, unsigned char)
                0x00000000c001c788                Vm::writeWordFromReal(unsigned short, unsigned short, unsigned short)
                0x00000000c001c79e                Vm::writeDwordFromReal(unsigned short, unsigned short, unsigned int)
                0x00000000c001c7b3                Vm::faultHandler(regs*)
 .text          0x00000000c001cded      0xefd vm86/x87em.32
                0x00000000c001cded                Vm::fpuInternalTo32(unsigned long long)
                0x00000000c001ce48                Vm::fpuInternalTo64(unsigned long long)
                0x00000000c001ce51                Vm::fpu32ToInternal(unsigned int)
                0x00000000c001ce96                Vm::fpu64ToInternal(unsigned long long)
                0x00000000c001ce9f                Vm::fpuFloatToLong(unsigned long long)
                0x00000000c001cefa                Vm::fpuULongToFloat(unsigned long long)
                0x00000000c001cf30                Vm::fpuLongToFloat(long long)
                0x00000000c001cf86                Vm::fpuGet0()
                0x00000000c001cf8b                Vm::fpuGet1()
                0x00000000c001cf93                Vm::fpuGetPi()
                0x00000000c001cf9b                Vm::fpuGetLog2E()
                0x00000000c001cfb3                Vm::fpuGetLogE2()
                0x00000000c001cfcb                Vm::fpuGetLog210()
                0x00000000c001cfe3                Vm::fpuGetLog102()
                0x00000000c001cffb                Vm::fpuIsSecondLarger(unsigned long long, unsigned long long)
                0x00000000c001d00f                Vm::fpuAreEqual(unsigned long long, unsigned long long)
                0x00000000c001d025                Vm::fpuUnorderedCompare(unsigned long long, unsigned long long)
                0x00000000c001d078                Vm::fpuAdd(unsigned long long, unsigned long long)
                0x00000000c001d089                Vm::fpuAbs(unsigned long long)
                0x00000000c001d092                Vm::fpuChs(unsigned long long)
                0x00000000c001d0a2                Vm::fpuSub(unsigned long long, unsigned long long)
                0x00000000c001d0b1                Vm::fpuMultiply(unsigned long long, unsigned long long)
                0x00000000c001d0d0                Vm::fpuDivide(unsigned long long, unsigned long long)
                0x00000000c001d0ec                Vm::fpuSquare(unsigned long long)
                0x00000000c001d102                Vm::fpuGetReg(int)
                0x00000000c001d145                Vm::fpuSetReg(int, unsigned long long)
                0x00000000c001d190                Vm::fpuPush(unsigned long long)
                0x00000000c001d1ed                Vm::fpuPop()
                0x00000000c001d23f                Vm::x87Handler(regs*)
 .text          0x00000000c001dcea     0x10ed fs/fat/vfslink.32
                0x00000000c001dcea                FAT::getName()
                0x00000000c001dcf0                FAT::tell(void*, unsigned long long*)
                0x00000000c001dd24                FAT::stat(void*, unsigned long long*)
                0x00000000c001dd58                FAT::~FAT()
                0x00000000c001dd58                FAT::~FAT()
                0x00000000c001dd7c                FAT::~FAT()
                0x00000000c001dda4                FAT::getlabel(LogicalDisk*, int, char*, unsigned int*)
                0x00000000c001de42                FAT::setlabel(LogicalDisk*, int, char*)
                0x00000000c001defc                FAT::format(LogicalDisk*, int, char const*, int)
                0x00000000c001e0e0                FAT::tryMount(LogicalDisk*, int)
                0x00000000c001e2e6                FAT::readDir(void*, unsigned long, void*, int*)
                0x00000000c001e3ec                FAT::read(void*, unsigned long, void*, int*)
                0x00000000c001e446                FAT::write(void*, unsigned long, void*, int*)
                0x00000000c001e4a0                FAT::close(void*)
                0x00000000c001e4ec                FAT::closeDir(void*)
                0x00000000c001e538                FAT::seek(void*, unsigned long long)
                0x00000000c001e58c                fatWrapperReadDisk
                0x00000000c001e5d3                fatWrapperWriteDisk
                0x00000000c001e61a                fatWrapperIoctl
                0x00000000c001e71e                FAT::FAT()
                0x00000000c001e71e                FAT::FAT()
                0x00000000c001e770                FAT::fixFilepath(char*)
                0x00000000c001e7a8                FAT::open(char const*, void**, FileOpenMode)
                0x00000000c001e8d0                FAT::openDir(char const*, void**)
                0x00000000c001e976                FAT::stat(char const*, unsigned long long*, bool*)
                0x00000000c001ea60                FAT::unlink(char const*)
                0x00000000c001eada                FAT::chfatattr(char const*, unsigned char, unsigned char)
                0x00000000c001ec2e                FAT::rename(char const*, char const*)
                0x00000000c001ecf2                FAT::mkdir(char const*)
                0x00000000c001ed6c                FAT::exists(char const*)
 *fill*         0x00000000c001edd7        0x1 
 .text          0x00000000c001edd8      0xbdf fs/iso9660/vfslink.32
                0x00000000c001edd8                ISO9660::format(LogicalDisk*, int, char const*, int)
                0x00000000c001edde                ISO9660::seek(void*, unsigned long long)
                0x00000000c001ee0e                ISO9660::tell(void*, unsigned long long*)
                0x00000000c001ee32                ISO9660::getName()
                0x00000000c001ee38                ISO9660::stat(void*, unsigned long long*)
                0x00000000c001ee5c                ISO9660::chfatattr(char const*, unsigned char, unsigned char)
                0x00000000c001ee62                ISO9660::unlink(char const*)
                0x00000000c001ee68                ISO9660::write(void*, unsigned long, void*, int*)
                0x00000000c001ee6e                ISO9660::rename(char const*, char const*)
                0x00000000c001ee74                ISO9660::mkdir(char const*)
                0x00000000c001ee7a                ISO9660::close(void*)
                0x00000000c001ee9c                ISO9660::closeDir(void*)
                0x00000000c001eebe                ISO9660::~ISO9660()
                0x00000000c001eebe                ISO9660::~ISO9660()
                0x00000000c001eee2                ISO9660::~ISO9660()
                0x00000000c001ef09                __memmem(unsigned char*, int, unsigned char*, int)
                0x00000000c001ef4b                readSectorFromCDROM(unsigned int, unsigned char*, char)
                0x00000000c001efb2                ISO9660::tryMount(LogicalDisk*, int)
                0x00000000c001f002                ISO9660::read(void*, unsigned long, void*, int*)
                0x00000000c001f246                ISO9660::readDir(void*, unsigned long, void*, int*)
                0x00000000c001f4d3                readRoot(unsigned int*, unsigned int*, char)
                0x00000000c001f528                readRecursively(char*, unsigned int, unsigned int, unsigned int*, unsigned int*, char, int*)
                0x00000000c001f6fb                getFileData(char*, unsigned int*, unsigned int*, char, int*)
                0x00000000c001f78a                ISO9660::open(char const*, void**, FileOpenMode)
                0x00000000c001f824                ISO9660::exists(char const*)
                0x00000000c001f848                ISO9660::stat(char const*, unsigned long long*, bool*)
                0x00000000c001f8dc                ISO9660::openDir(char const*, void**)
                0x00000000c001f994                ISO9660::ISO9660()
                0x00000000c001f994                ISO9660::ISO9660()
 *fill*         0x00000000c001f9b7        0x1 
 .text          0x00000000c001f9b8      0x326 hal/sound/sndchannel.32
                0x00000000c001f9b8                SoundChannel::~SoundChannel()
                0x00000000c001f9b8                SoundChannel::~SoundChannel()
                0x00000000c001f9d4                SoundChannel::setSpeed(float)
                0x00000000c001f9e0                SoundChannel::getSpeed()
                0x00000000c001f9e8                SoundChannel::setVolume(int)
                0x00000000c001fa04                SoundChannel::getVolume()
                0x00000000c001fa0c                SoundChannel::pause()
                0x00000000c001fa16                SoundChannel::SoundChannel(int, int, int, int)
                0x00000000c001fa16                SoundChannel::SoundChannel(int, int, int, int)
                0x00000000c001fb6c                SoundChannel::play()
                0x00000000c001fb76                SoundChannel::paused()
                0x00000000c001fb7e                SoundChannel::getSampleRate()
                0x00000000c001fb86                SoundChannel::getBits()
                0x00000000c001fb8e                SoundChannel::getBufferUsed()
                0x00000000c001fb96                SoundChannel::getBufferSize()
                0x00000000c001fb9e                SoundChannel::unbuffer(float*, int, int)
                0x00000000c001fc3e                SoundChannel::buffer8(unsigned char*, int)
 .text          0x00000000c001fcde      0x3d5 hal/sound/sndhw.32
                0x00000000c001fcde                SoundDevice::SoundDevice(char const*)
                0x00000000c001fcde                SoundDevice::SoundDevice(char const*)
                0x00000000c001fd4a                SoundDevice::~SoundDevice()
                0x00000000c001fd4a                SoundDevice::~SoundDevice()
                0x00000000c001fdc4                SoundDevice::~SoundDevice()
                0x00000000c001fdee                SoundDevice::getFreeChannelNum()
                0x00000000c001fe08                SoundDevice::addChannel(SoundChannel*)
                0x00000000c001fe78                SoundDevice::removeChannel(int)
                0x00000000c001feaa                SoundDevice::floatTo8(float*, unsigned char*, int)
                0x00000000c001ff92                SoundDevice::getAudio(int, float*, float*)
 .text          0x00000000c00200b3        0x0 hw/bus/isa.32
 *fill*         0x00000000c00200b3        0x1 
 .text          0x00000000c00200b4      0x6c1 hw/bus/pci.32
                0x00000000c00200b4                PCI::open(int, int, void*)
                0x00000000c00200c8                PCI::close(int, int, void*)
                0x00000000c00200cc                PCI::PCI()
                0x00000000c00200cc                PCI::PCI()
                0x00000000c002014c                PCI::pciReadWord(unsigned char, unsigned char, unsigned char, unsigned char)
                0x00000000c0020194                PCI::getVendorID(unsigned char, unsigned char, unsigned char)
                0x00000000c00201b6                PCI::getHeaderType(unsigned char, unsigned char, unsigned char)
                0x00000000c00201da                PCI::getClassCode(unsigned char, unsigned char, unsigned char)
                0x00000000c002021e                PCI::getProgIF(unsigned char, unsigned char, unsigned char)
                0x00000000c0020242                PCI::getRevisionID(unsigned char, unsigned char, unsigned char)
                0x00000000c0020264                PCI::getInterruptNumber(unsigned char, unsigned char, unsigned char)
                0x00000000c0020286                PCI::getSecondaryBus(unsigned char, unsigned char, unsigned char)
                0x00000000c00202aa                PCI::getBARAddress(unsigned char, unsigned char, unsigned char, unsigned char)
                0x00000000c002030a                PCI::pciWriteWord(unsigned char, unsigned char, unsigned char, unsigned char, unsigned short)
                0x00000000c0020376                PCI::checkBus(unsigned char)
                0x00000000c002039a                PCI::foundDevice(PCIDeviceInfo)
                0x00000000c002050a                PCI::getDeviceData(unsigned char, unsigned char, unsigned char)
                0x00000000c00206b6                PCI::checkDevice(unsigned char, unsigned char)
                0x00000000c0020722                PCI::detect()
 *fill*         0x00000000c0020775        0x1 
 .text          0x00000000c0020776      0xc70 hw/diskctrl/ide.32
                0x00000000c0020776                IDE::close(int, int, void*)
                0x00000000c002077a                IDE::IDE()
                0x00000000c002077a                IDE::IDE()
                0x00000000c00207ae                IDE::prepareInterrupt(unsigned char)
                0x00000000c00207c0                selectDrive(unsigned char, unsigned char)
                0x00000000c00207c2                IDE::getBase(unsigned char)
                0x00000000c00207d4                IDE::write(unsigned char, unsigned char, unsigned char)
                0x00000000c0020894                IDE::read(unsigned char, unsigned char)
                0x00000000c0020942                IDE::waitInterrupt(unsigned char)
                0x00000000c00209a8                ideChannel0IRQHandler(regs*, void*)
                0x00000000c00209c4                ideChannel1IRQHandler(regs*, void*)
                0x00000000c00209e0                IDE::enableIRQs(unsigned char, bool)
                0x00000000c0020a26                IDE::open(int, int, void*)
                0x00000000c0020e36                IDE::readBuffer(unsigned char, unsigned char, unsigned int, unsigned int)
                0x00000000c0020f02                IDE::detect()
                0x00000000c00211ea                IDE::printError(unsigned char, unsigned char, unsigned char)
                0x00000000c0021380                IDE::polling(unsigned char, unsigned int)
 .text          0x00000000c00213e6      0x62b hw/diskphys/ata.32
                0x00000000c00213e6                ATA::close(int, int, void*)
                0x00000000c002140a                ATA::powerSaving(PowerSavingLevel)
                0x00000000c002140c                ATA::ATA()
                0x00000000c002140c                ATA::ATA()
                0x00000000c002143a                ATA::flush(bool)
                0x00000000c0021484                ATA::readyForCommand()
                0x00000000c00214d4                ATA::access(unsigned long long, int, void*, bool)
                0x00000000c0021852                ATA::read(unsigned long long, int, void*)
                0x00000000c00218ba                ATA::write(unsigned long long, int, void*)
                0x00000000c0021922                ATA::detectCHS()
                0x00000000c002194c                ATA::open(int, int, void*)
 *fill*         0x00000000c0021a11        0x1 
 .text          0x00000000c0021a12      0x5b3 hw/diskphys/atapi.32
                0x00000000c0021a12                ATAPI::write(unsigned long long, int, void*)
                0x00000000c0021a18                ATAPI::close(int, int, void*)
                0x00000000c0021a3c                ATAPI::ATAPI()
                0x00000000c0021a3c                ATAPI::ATAPI()
                0x00000000c0021a6a                ATAPI::readyForCommand()
                0x00000000c0021aba                ATAPI::sendPacket(unsigned char*, int, bool, unsigned short*, int)
                0x00000000c0021d7a                ATAPI::diskRemoved()
                0x00000000c0021d96                ATAPI::eject()
                0x00000000c0021ddc                ATAPI::diskInserted()
                0x00000000c0021e0a                ATAPI::detectMedia()
                0x00000000c0021ec6                ATAPI::open(int, int, void*)
                0x00000000c0021f46                ATAPI::read(unsigned long long, int, void*)
 *fill*         0x00000000c0021fc5        0x1 
 .text          0x00000000c0021fc6       0x8e hw/fpu/avx.32
                0x00000000c0021fc6                AVX::open(int, int, void*)
                0x00000000c0021fd8                AVX::close(int, int, void*)
                0x00000000c0021fea                AVX::available()
                0x00000000c0021ffc                AVX::save(void*)
                0x00000000c0022014                AVX::load(void*)
                0x00000000c002202c                AVX::AVX()
                0x00000000c002202c                AVX::AVX()
 .text          0x00000000c0022054       0x90 hw/fpu/mmx.32
                0x00000000c0022054                MMX::available()
                0x00000000c0022068                MMX::open(int, int, void*)
                0x00000000c002207a                MMX::close(int, int, void*)
                0x00000000c002208c                MMX::save(void*)
                0x00000000c00220a4                MMX::load(void*)
                0x00000000c00220bc                MMX::MMX()
                0x00000000c00220bc                MMX::MMX()
 .text          0x00000000c00220e4       0x96 hw/fpu/sse.32
                0x00000000c00220e4                SSE::open(int, int, void*)
                0x00000000c00220f6                SSE::close(int, int, void*)
                0x00000000c0022108                SSE::available()
                0x00000000c0022122                SSE::save(void*)
                0x00000000c002213a                SSE::load(void*)
                0x00000000c0022152                SSE::SSE()
                0x00000000c0022152                SSE::SSE()
 .text          0x00000000c002217a       0x8e hw/fpu/x87.32
                0x00000000c002217a                x87::open(int, int, void*)
                0x00000000c002218c                x87::close(int, int, void*)
                0x00000000c002219e                x87::available()
                0x00000000c00221b0                x87::save(void*)
                0x00000000c00221c8                x87::load(void*)
                0x00000000c00221e0                x87::x87()
                0x00000000c00221e0                x87::x87()
 .text          0x00000000c0022208      0x5f3 hw/intctrl/apic.32
                0x00000000c0022208                APIC::disable()
                0x00000000c002220a                APIC::close(int, int, void*)
                0x00000000c002222c                IOAPIC::close(int, int, void*)
                0x00000000c0022232                APIC::io_wait()
                0x00000000c0022238                APIC::getBase()
                0x00000000c002227a                APIC::eoi(unsigned char)
                0x00000000c00222a8                APIC::open(int, int, void*)
                0x00000000c0022362                IOAPIC::IOAPIC()
                0x00000000c0022362                IOAPIC::IOAPIC()
                0x00000000c002238a                APIC::APIC()
                0x00000000c002238a                APIC::APIC()
                0x00000000c002245a                IOAPIC::handlesGSIWithNumber(unsigned int)
                0x00000000c002248c                IOAPIC::read(int)
                0x00000000c00224b4                IOAPIC::open(int, int, void*)
                0x00000000c00225aa                IOAPIC::write(int, int)
                0x00000000c00225d6                IOAPIC::redirect(unsigned char, unsigned long long, unsigned char)
                0x00000000c0022690                APIC::installIRQHandler(int, void (*)(regs*, void*), bool, void*)
 *fill*         0x00000000c00227fb        0x1 
 .text          0x00000000c00227fc      0x3d3 hw/intctrl/pic.32
                0x00000000c00227fc                PIC::disable()
                0x00000000c002282a                PIC::close(int, int, void*)
                0x00000000c002284c                PIC::PIC()
                0x00000000c002284c                PIC::PIC()
                0x00000000c0022922                PIC::ioWait()
                0x00000000c0022928                PIC::getIRQReg(int)
                0x00000000c0022992                PIC::eoi(unsigned char)
                0x00000000c0022a24                PIC::remap()
                0x00000000c0022b90                PIC::open(int, int, void*)
 *fill*         0x00000000c0022bcf        0x1 
 .text          0x00000000c0022bd0      0x252 hw/timer/apictimer.32
                0x00000000c0022bd0                APICTimer::close(int, int, void*)
                0x00000000c0022bd6                apicTimerHandler(regs*, void*)
                0x00000000c0022c04                APICTimer::write(int)
                0x00000000c0022d02                APICTimer::open(int, int, void*)
                0x00000000c0022dfa                APICTimer::APICTimer()
                0x00000000c0022dfa                APICTimer::APICTimer()
 .text          0x00000000c0022e22      0x1a7 hw/timer/pit.32
                0x00000000c0022e22                PIT::write(int)
                0x00000000c0022ea0                pitHandler(regs*, void*)
                0x00000000c0022ecc                PIT::open(int, int, void*)
                0x00000000c0022f1a                PIT::close(int, int, void*)
                0x00000000c0022f4a                PIT::PIT()
                0x00000000c0022f4a                PIT::PIT()
 *fill*         0x00000000c0022fc9        0x7 
 .text          0x00000000c0022fd0        0xa hw/fpu/x86/avx.32
                0x00000000c0022fd0                avxDetect
                0x00000000c0022fd6                avxSave
                0x00000000c0022fd7                avxLoad
                0x00000000c0022fd8                avxInit
                0x00000000c0022fd9                avxClose
 *fill*         0x00000000c0022fda        0x6 
 .text          0x00000000c0022fe0       0x38 hw/fpu/x86/sse.32
                0x00000000c0022fe0                sseDetect
                0x00000000c0022ffb                sseSave
                0x00000000c0023001                sseLoad
                0x00000000c0023007                sseInit
                0x00000000c0023017                sseClose
 *fill*         0x00000000c0023018        0x8 
 .text          0x00000000c0023020       0x47 hw/fpu/x86/x87.32
                0x00000000c0023026                x87Detect
                0x00000000c0023041                x87Save
                0x00000000c0023047                x87Load
                0x00000000c002304c                x87Init
                0x00000000c0023066                x87Close
 *fill*         0x00000000c0023067        0x1 
 .text          0x00000000c0023068       0x25 /cygdrive/d/Users/Alex/Desktop/Toolchain/Output/bin/../lib/gcc/i386-banana/8.1.0/crtend.o
 .text          0x00000000c002308d        0x0 crtn.32
 *fill*         0x00000000c002308d        0x3 
 .text          0x00000000c0023090      0x14b /cygdrive/d/Users/Alex/Desktop/Toolchain/Output/bin/../lib/gcc/i386-banana/8.1.0/libkgcc.a(_divdi3.o)
                0x00000000c0023090                __divdi3
 *fill*         0x00000000c00231db        0x1 
 .text          0x00000000c00231dc      0x17e /cygdrive/d/Users/Alex/Desktop/Toolchain/Output/bin/../lib/gcc/i386-banana/8.1.0/libkgcc.a(_moddi3.o)
                0x00000000c00231dc                __moddi3
 *fill*         0x00000000c002335a        0x2 
 .text          0x00000000c002335c       0xff /cygdrive/d/Users/Alex/Desktop/Toolchain/Output/bin/../lib/gcc/i386-banana/8.1.0/libkgcc.a(_udivdi3.o)
                0x00000000c002335c                __udivdi3
 *fill*         0x00000000c002345b        0x1 
 .text          0x00000000c002345c      0x11a /cygdrive/d/Users/Alex/Desktop/Toolchain/Output/bin/../lib/gcc/i386-banana/8.1.0/libkgcc.a(_umoddi3.o)
                0x00000000c002345c                __umoddi3
 .text          0x00000000c0023576      0x96d D:/Users/Alex/Desktop/Banana/kernel/libsoftfp.a(sfieeelib.o)
                0x00000000c0023576                __addsf3
                0x00000000c0023878                __subsf3
                0x00000000c002388c                __negsf2
                0x00000000c0023899                __mulsf3
                0x00000000c0023a5c                __divsf3
                0x00000000c0023c87                __floatsisf
                0x00000000c0023cfb                __floatunsisf
                0x00000000c0023d3d                __fixsfsi
                0x00000000c0023d9f                __fixunssfsi
                0x00000000c0023dd0                __cmpsf2
                0x00000000c0023e65                __eqsf2
                0x00000000c0023ea0                __nesf2
                0x00000000c0023ea2                __gtsf2
                0x00000000c0023edd                __gesf2
                0x00000000c0023edf                __ltsf2
                0x00000000c0023ee1                __lesf2
 .text          0x00000000c0023ee3      0xf50 D:/Users/Alex/Desktop/Banana/kernel/libsoftfp.a(dfieeelib.o)
                0x00000000c0023ee3                __adddf3
                0x00000000c0024534                __subdf3
                0x00000000c002454f                __negdf2
                0x00000000c0024560                __muldf3
                0x00000000c0024844                __divdf3
                0x00000000c0024bc3                __floatsidf
                0x00000000c0024c1e                __floatunsidf
                0x00000000c0024c5c                __fixdfsi
                0x00000000c0024cc9                __fixunsdfsi
                0x00000000c0024d05                __cmpdf2
                0x00000000c0024df3                __eqdf2
                0x00000000c0024e0f                __nedf2
                0x00000000c0024e11                __gtdf2
                0x00000000c0024e2d                __gedf2
                0x00000000c0024e2f                __ltdf2
                0x00000000c0024e31                __ledf2
 .text          0x00000000c0024e33      0x18d D:/Users/Alex/Desktop/Banana/kernel/libsoftfp.a(sfdfcvt.o)
                0x00000000c0024e33                __truncdfsf2
                0x00000000c0024f57                __extendsfdf2
 .text          0x00000000c0024fc0       0x1e D:/Users/Alex/Desktop/Banana/kernel/libk/libm32.a(s_fabs.c.o)
                0x00000000c0024fc0                fabs
 *fill*         0x00000000c0024fde        0x2 
 .text          0x00000000c0024fe0        0xc D:/Users/Alex/Desktop/Banana/kernel/libk/libm32.a(s_lrint.S.o)
                0x00000000c0024fe0                lrint
 .text          0x00000000c0024fec        0xc D:/Users/Alex/Desktop/Banana/kernel/libk/libm32.a(s_lrintf.S.o)
                0x00000000c0024fec                lrintf
 *(.gnu.linkonce.t*)

.iplt           0x00000000c0024ff8        0x0
 .iplt          0x00000000c0024ff8        0x0 D:/Users/Alex/Desktop/Banana/kernel/boot.32

.init           0x00000000c0024ff8        0xf
 .init          0x00000000c0024ff8        0x3 crti.32
                0x00000000c0024ff8                _init
 .init          0x00000000c0024ffb        0x5 /cygdrive/d/Users/Alex/Desktop/Toolchain/Output/bin/../lib/gcc/i386-banana/8.1.0/crtbegin.o
 .init          0x00000000c0025000        0x5 /cygdrive/d/Users/Alex/Desktop/Toolchain/Output/bin/../lib/gcc/i386-banana/8.1.0/crtend.o
 .init          0x00000000c0025005        0x2 crtn.32

.fini           0x00000000c0025007        0xa
 .fini          0x00000000c0025007        0x3 crti.32
                0x00000000c0025007                _fini
 .fini          0x00000000c002500a        0x5 /cygdrive/d/Users/Alex/Desktop/Toolchain/Output/bin/../lib/gcc/i386-banana/8.1.0/crtbegin.o
 .fini          0x00000000c002500f        0x2 crtn.32

.text._ZN8ComputerD2Ev
                0x00000000c0025012       0x23
 .text._ZN8ComputerD2Ev
                0x00000000c0025012       0x23 core/computer.32
                0x00000000c0025012                Computer::~Computer()
                0x00000000c0025012                Computer::~Computer()

.text._ZN8ComputerD0Ev
                0x00000000c0025036       0x2a
 .text._ZN8ComputerD0Ev
                0x00000000c0025036       0x2a core/computer.32
                0x00000000c0025036                Computer::~Computer()

.text._Z10idleCommonv
                0x00000000c0025060       0x15
 .text._Z10idleCommonv
                0x00000000c0025060       0x15 core/idle.32
                0x00000000c0025060                idleCommon()

.text._ZN3CPU7readCR3Ev
                0x00000000c0025075       0x12
 .text._ZN3CPU7readCR3Ev
                0x00000000c0025075       0x12 core/kheap.32
                0x00000000c0025075                CPU::readCR3()

.text._ZN3CPU8writeCR3Em
                0x00000000c0025087        0x9
 .text._ZN3CPU8writeCR3Em
                0x00000000c0025087        0x9 core/kheap.32
                0x00000000c0025087                CPU::writeCR3(unsigned long)

.text._ZN10LinkedListI8UnixFileED2Ev
                0x00000000c0025090        0x2
 .text._ZN10LinkedListI8UnixFileED2Ev
                0x00000000c0025090        0x2 core/unixfile.32
                0x00000000c0025090                LinkedList<UnixFile>::~LinkedList()
                0x00000000c0025090                LinkedList<UnixFile>::~LinkedList()

.text._ZN10LinkedListI8UnixFileEC2Ev
                0x00000000c0025092       0x58
 .text._ZN10LinkedListI8UnixFileEC2Ev
                0x00000000c0025092       0x58 core/unixfile.32
                0x00000000c0025092                LinkedList<UnixFile>::LinkedList()
                0x00000000c0025092                LinkedList<UnixFile>::LinkedList()

.text._ZN10LinkedListI8UnixFileE10addElementEPS0_
                0x00000000c00250ea       0xd3
 .text._ZN10LinkedListI8UnixFileE10addElementEPS0_
                0x00000000c00250ea       0xd3 core/unixfile.32
                0x00000000c00250ea                LinkedList<UnixFile>::addElement(UnixFile*)

.text._ZN10LinkedListI8UnixFileE15getFirstElementEv
                0x00000000c00251be        0x7
 .text._ZN10LinkedListI8UnixFileE15getFirstElementEv
                0x00000000c00251be        0x7 core/unixfile.32
                0x00000000c00251be                LinkedList<UnixFile>::getFirstElement()

.text._ZN10LinkedListI8UnixFileE11removeFirstEv
                0x00000000c00251c6       0xa1
 .text._ZN10LinkedListI8UnixFileE11removeFirstEv
                0x00000000c00251c6       0xa1 core/unixfile.32
                0x00000000c00251c6                LinkedList<UnixFile>::removeFirst()

.text._ZN10LinkedListI8UnixFileE7getNextEPS0_
                0x00000000c0025268        0x8
 .text._ZN10LinkedListI8UnixFileE7getNextEPS0_
                0x00000000c0025268        0x8 core/unixfile.32
                0x00000000c0025268                LinkedList<UnixFile>::getNext(UnixFile*)

.text._ZN16DriverlessDeviceD2Ev
                0x00000000c0025270       0x1a
 .text._ZN16DriverlessDeviceD2Ev
                0x00000000c0025270       0x1a hal/device.32
                0x00000000c0025270                DriverlessDevice::~DriverlessDevice()
                0x00000000c0025270                DriverlessDevice::~DriverlessDevice()

.text._ZN16DriverlessDeviceD0Ev
                0x00000000c002528a       0x2a
 .text._ZN16DriverlessDeviceD0Ev
                0x00000000c002528a       0x2a hal/device.32
                0x00000000c002528a                DriverlessDevice::~DriverlessDevice()

.text._ZN10LinkedListI6DeviceE10addElementEPS0_
                0x00000000c00252b4       0xdc
 .text._ZN10LinkedListI6DeviceE10addElementEPS0_
                0x00000000c00252b4       0xdc hal/device.32
                0x00000000c00252b4                LinkedList<Device>::addElement(Device*)

.text._ZN10LinkedListI6DeviceEC2Ev
                0x00000000c0025390       0x58
 .text._ZN10LinkedListI6DeviceEC2Ev
                0x00000000c0025390       0x58 hal/device.32
                0x00000000c0025390                LinkedList<Device>::LinkedList()
                0x00000000c0025390                LinkedList<Device>::LinkedList()

.text._ZN3CPU7readCR0Ev
                0x00000000c00253e8       0x12
 .text._ZN3CPU7readCR0Ev
                0x00000000c00253e8       0x12 hal/fpu.32
                0x00000000c00253e8                CPU::readCR0()

.text._ZN3CPU8writeCR0Em
                0x00000000c00253fa        0x9
 .text._ZN3CPU8writeCR0Em
                0x00000000c00253fa        0x9 hal/fpu.32
                0x00000000c00253fa                CPU::writeCR0(unsigned long)

.text._ZN3CPU7readDR0Ev
                0x00000000c0025403       0x12
 .text._ZN3CPU7readDR0Ev
                0x00000000c0025403       0x12 hal/intctrl.32
                0x00000000c0025403                CPU::readDR0()

.text._ZN3CPU7readDR1Ev
                0x00000000c0025415       0x12
 .text._ZN3CPU7readDR1Ev
                0x00000000c0025415       0x12 hal/intctrl.32
                0x00000000c0025415                CPU::readDR1()

.text._ZN3CPU7readDR2Ev
                0x00000000c0025427       0x12
 .text._ZN3CPU7readDR2Ev
                0x00000000c0025427       0x12 hal/intctrl.32
                0x00000000c0025427                CPU::readDR2()

.text._ZN3CPU7readDR3Ev
                0x00000000c0025439       0x12
 .text._ZN3CPU7readDR3Ev
                0x00000000c0025439       0x12 hal/intctrl.32
                0x00000000c0025439                CPU::readDR3()

.text._ZN3CPU7readDR6Ev
                0x00000000c002544b       0x12
 .text._ZN3CPU7readDR6Ev
                0x00000000c002544b       0x12 hal/intctrl.32
                0x00000000c002544b                CPU::readDR6()

.text._ZN3CPU7readDR7Ev
                0x00000000c002545d       0x12
 .text._ZN3CPU7readDR7Ev
                0x00000000c002545d       0x12 hal/intctrl.32
                0x00000000c002545d                CPU::readDR7()

.text._ZN10LinkedListIV18ThreadControlBlockE15getFirstElementEv