Archive member included to satisfy reference by file (symbol)

/cygdrive/d/Users/Alex/Desktop/Toolchain/Output/bin/../lib/gcc/i386-banana/8.1.0/libkgcc.a(_divdi3.o)
                              fs/fat/ff.32 (__divdi3)
/cygdrive/d/Users/Alex/Desktop/Toolchain/Output/bin/../lib/gcc/i386-banana/8.1.0/libkgcc.a(_moddi3.o)
                              compat/resolve.32 (__moddi3)
/cygdrive/d/Users/Alex/Desktop/Toolchain/Output/bin/../lib/gcc/i386-banana/8.1.0/libkgcc.a(_udivdi3.o)
                              fs/fat/ff.32 (__udivdi3)
/cygdrive/d/Users/Alex/Desktop/Toolchain/Output/bin/../lib/gcc/i386-banana/8.1.0/libkgcc.a(_umoddi3.o)
                              compat/resolve.32 (__umoddi3)
D:/Users/Alex/Desktop/Banana/kernel/libsoftfp.a(sfieeelib.o)
                              hal/libresample/src_linear.32 (__subsf3)
D:/Users/Alex/Desktop/Banana/kernel/libsoftfp.a(dfieeelib.o)
                              hal/libresample/src_linear.32 (__adddf3)
D:/Users/Alex/Desktop/Banana/kernel/libsoftfp.a(sfdfcvt.o)
                              hal/libresample/samplerate.32 (__truncdfsf2)
D:/Users/Alex/Desktop/Banana/kernel/libk/libm32.a(s_fabs.c.o)
                              hal/libresample/samplerate.32 (fabs)
D:/Users/Alex/Desktop/Banana/kernel/libk/libm32.a(s_lrint.S.o)
                              hal/libresample/samplerate.32 (lrint)
D:/Users/Alex/Desktop/Banana/kernel/libk/libm32.a(s_lrintf.S.o)
                              hal/sound/sndhw.32 (lrintf)

Discarded input sections

 .comment       0x0000000000000000       0x12 /cygdrive/d/Users/Alex/Desktop/Toolchain/Output/bin/../lib/gcc/i386-banana/8.1.0/crtbegin.o
 .comment       0x0000000000000000       0x12 acpica/utclib.32
 .comment       0x0000000000000000       0x12 core/malloc.32
 .comment       0x0000000000000000       0x12 libk/string.32
 .comment       0x0000000000000000       0x12 fs/fat/diskio.32
 .comment       0x0000000000000000       0x12 fs/fat/ff.32
 .comment       0x0000000000000000       0x12 fs/fat/ffsystem.32
 .comment       0x0000000000000000       0x12 fs/fat/ffunicode.32
 .comment       0x0000000000000000       0x12 hal/libresample/samplerate.32
 .comment       0x0000000000000000       0x12 hal/libresample/src_linear.32
 .comment       0x0000000000000000       0x12 hal/libresample/src_sinc.32
 .comment       0x0000000000000000       0x12 hal/libresample/src_zoh.32
 .comment       0x0000000000000000       0x12 compat/inlines.32
 .comment       0x0000000000000000       0x12 compat/resolve.32
 .group         0x0000000000000000       0x14 core/computer.32
 .group         0x0000000000000000        0xc core/computer.32
 .comment       0x0000000000000000       0x12 core/computer.32
 .comment       0x0000000000000000       0x12 core/gdt.32
 .group         0x0000000000000000        0xc core/idle.32
 .comment       0x0000000000000000       0x12 core/idle.32
 .comment       0x0000000000000000       0x12 core/idt.32
 .comment       0x0000000000000000       0x12 core/kheap.32
 .comment       0x0000000000000000       0x12 core/main.32
 .comment       0x0000000000000000       0x12 core/physmgr.32
 .group         0x0000000000000000        0xc core/pipe.32
 .comment       0x0000000000000000       0x12 core/pipe.32
 .group         0x0000000000000000        0xc core/terminal.32
 .comment       0x0000000000000000       0x12 core/terminal.32
 .comment       0x0000000000000000       0x12 core/tss.32
 .group         0x0000000000000000        0x8 core/unixfile.32
 .group         0x0000000000000000        0x8 core/unixfile.32
 .group         0x0000000000000000        0xc core/unixfile.32
 .group         0x0000000000000000        0x8 core/unixfile.32
 .group         0x0000000000000000        0xc core/unixfile.32
 .group         0x0000000000000000        0x8 core/unixfile.32
 .group         0x0000000000000000        0xc core/unixfile.32
 .group         0x0000000000000000        0xc core/unixfile.32
 .comment       0x0000000000000000       0x12 core/unixfile.32
 .comment       0x0000000000000000       0x12 core/virtmgr.32
 .comment       0x0000000000000000       0x12 coreobjs/c++.32
 .comment       0x0000000000000000       0x12 dbg/kconsole.32
 .group         0x0000000000000000        0xc fs/vfs.32
 .group         0x0000000000000000        0xc fs/vfs.32
 .group         0x0000000000000000        0xc fs/vfs.32
 .comment       0x0000000000000000       0x12 fs/vfs.32
 .group         0x0000000000000000        0xc hal/bus.32
 .comment       0x0000000000000000       0x12 hal/bus.32
 .group         0x0000000000000000        0xc hal/buzzer.32
 .comment       0x0000000000000000       0x12 hal/buzzer.32
 .group         0x0000000000000000        0xc hal/clock.32
 .comment       0x0000000000000000       0x12 hal/clock.32
 .group         0x0000000000000000       0x14 hal/device.32
 .group         0x0000000000000000        0xc hal/device.32
 .group         0x0000000000000000        0x8 hal/device.32
 .group         0x0000000000000000        0xc hal/device.32
[...]
Memory Configuration

Name             Origin             Length             Attributes
*default*        0x0000000000000000 0xffffffffffffffff

Linker script and memory map

LOAD D:/Users/Alex/Desktop/Banana/kernel/boot.32
LOAD crti.32
LOAD /cygdrive/d/Users/Alex/Desktop/Toolchain/Output/bin/../lib/gcc/i386-banana/8.1.0/crtbegin.o
LOAD D:/Users/Alex/Desktop/Banana/kernel/morenasm.32
LOAD acpica/utclib.32
LOAD core/malloc.32
LOAD libk/string.32
LOAD fs/fat/diskio.32
LOAD fs/fat/ff.32
LOAD fs/fat/ffsystem.32
LOAD fs/fat/ffunicode.32
LOAD hal/libresample/samplerate.32
LOAD hal/libresample/src_linear.32
LOAD hal/libresample/src_sinc.32
LOAD hal/libresample/src_zoh.32
LOAD compat/inlines.32
LOAD compat/resolve.32
LOAD core/computer.32
LOAD core/gdt.32
LOAD core/idle.32
LOAD core/idt.32
LOAD core/kheap.32
LOAD core/main.32
LOAD core/physmgr.32
LOAD core/pipe.32
LOAD core/terminal.32
LOAD core/tss.32
LOAD core/unixfile.32
LOAD core/virtmgr.32
LOAD coreobjs/c++.32
LOAD dbg/kconsole.32
LOAD fs/vfs.32
LOAD hal/bus.32
LOAD hal/buzzer.32
LOAD hal/clock.32
LOAD hal/device.32
LOAD hal/diskctrl.32
LOAD hal/diskphys.32
LOAD hal/fpu.32
LOAD hal/intctrl.32
LOAD hal/keybrd.32
LOAD hal/logidisk.32
LOAD hal/mouse.32
LOAD hal/partition.32
LOAD hal/serial.32
LOAD hal/timer.32
LOAD hal/vcache.32
LOAD hal/video.32
LOAD hw/acpi.32
LOAD hw/cpu.32
LOAD hw/ports.32
LOAD hw/smp.32
LOAD krnl/env.32
LOAD krnl/panic.32
LOAD net/ethernet.32
LOAD reg/registry.32
LOAD sys/sc_eject.32
LOAD sys/sc_exit.32
LOAD sys/sc_getcwd.32
LOAD sys/sc_getpid.32
LOAD sys/sc_getramdata.32
LOAD sys/sc_getvgaptr.32
LOAD sys/sc_loaddll.32
LOAD sys/sc_read.32
LOAD sys/sc_sbrk.32
LOAD sys/sc_setcwd.32
LOAD sys/sc_settime.32
LOAD sys/sc_timezone.32
LOAD sys/sc_write.32
LOAD sys/sc_wsbe.32
LOAD sys/sc_yield.32
LOAD sys/syscalls.32
LOAD thr/elf.32
LOAD thr/prcssthr.32
LOAD vm86/vm8086.32
LOAD vm86/x87em.32
LOAD fs/fat/vfslink.32
LOAD fs/iso9660/vfslink.32
LOAD hal/sound/sndchannel.32
LOAD hal/sound/sndhw.32
LOAD hw/bus/isa.32
LOAD hw/bus/pci.32
LOAD hw/diskctrl/ide.32
LOAD hw/diskctrl/satabus.32
LOAD hw/diskphys/ata.32
LOAD hw/diskphys/atapi.32
LOAD hw/diskphys/sata.32
LOAD hw/diskphys/satapi.32
LOAD hw/fpu/avx.32
LOAD hw/fpu/mmx.32
LOAD hw/fpu/sse.32
LOAD hw/fpu/x87.32
LOAD hw/intctrl/apic.32
LOAD hw/intctrl/pic.32
LOAD hw/timer/apictimer.32
LOAD hw/timer/pit.32
LOAD hw/fpu/x86/avx.32
LOAD hw/fpu/x86/sse.32
LOAD hw/fpu/x86/x87.32
LOAD /cygdrive/d/Users/Alex/Desktop/Toolchain/Output/bin/../lib/gcc/i386-banana/8.1.0/crtend.o
LOAD crtn.32
LOAD /cygdrive/d/Users/Alex/Desktop/Toolchain/Output/bin/../lib/gcc/i386-banana/8.1.0/libkgcc.a
LOAD D:/Users/Alex/Desktop/Banana/kernel/libsoftfp.a
LOAD D:/Users/Alex/Desktop/Banana/kernel/libk/libm32.a
                0x00000000c0000000                . = 0xc0000000

.text           0x00000000c0000000    0x28498
 *(.text)
 .text          0x00000000c0000000       0x41 D:/Users/Alex/Desktop/Banana/kernel/boot.32
                0x00000000c0000020                callGlobalConstructors
 .text          0x00000000c0000041        0x0 crti.32
 *fill*         0x00000000c0000041        0x3 
 .text          0x00000000c0000044      0x101 /cygdrive/d/Users/Alex/Desktop/Toolchain/Output/bin/../lib/gcc/i386-banana/8.1.0/crtbegin.o
 *fill*         0x00000000c0000145        0xb 
 .text          0x00000000c0000150      0x4fb D:/Users/Alex/Desktop/Banana/kernel/morenasm.32
                0x00000000c0000150                manualPCIProbe
                0x00000000c000019b                prepareTramp
                0x00000000c00001b4                voodooXADD
                0x00000000c000027f                doTPAUSE
                0x00000000c0000289                hasLegacyFPU
                0x00000000c00002ae                is486
                0x00000000c00002e4                detectCPUID
                0x00000000c00002fa                goToVM86
                0x00000000c000032a                goToUsermode
                0x00000000c0000354                switchToThreadASMFirstTime
                0x00000000c0000362                switchToThreadASM
                0x00000000c00003f2                asmQuickAcquireLock
                0x00000000c0000410                asmQuickReleaseLock
                0x00000000c000041c                asmAcquireLock
                0x00000000c000043d                asmReleaseLock
                0x00000000c0000450                loadGDT
                0x00000000c0000470                isr0
                0x00000000c0000480                isr1
                0x00000000c000048a                isr2
                0x00000000c0000494                isr3
                0x00000000c000049e                isr4
                0x00000000c00004a8                isr5
                0x00000000c00004b2                isr6
                0x00000000c00004bc                isr7
                0x00000000c00004c6                isr8
                0x00000000c00004ce                isr9
                0x00000000c00004d8                isr10
                0x00000000c00004e0                isr11
                0x00000000c00004e8                isr12
                0x00000000c00004f0                isr13
                0x00000000c00004f8                isr14
                0x00000000c0000500                isr15
                0x00000000c000050a                isr16
                0x00000000c0000514                isr17
                0x00000000c000051e                isr18
                0x00000000c0000528                irq3
                0x00000000c0000532                irq4
                0x00000000c000053c                irq5
                0x00000000c0000546                irq6
                0x00000000c0000550                irq7
                0x00000000c000055a                irq8
                0x00000000c0000564                irq9
                0x00000000c000056e                irq10
                0x00000000c0000578                irq11
                0x00000000c0000582                irq12
                0x00000000c000058c                irq13
                0x00000000c0000596                irq14
                0x00000000c00005a0                irq15
                0x00000000c00005aa                irq1
                0x00000000c00005b1                irq2
                0x00000000c00005b8                isr96
                0x00000000c00005bf                irq0
                0x00000000c00005c4                syscall_common_stub
                0x00000000c00005c4                int_common_stub
                0x00000000c00005f6                irq16
                0x00000000c0000600                irq17
                0x00000000c000060a                irq18
                0x00000000c0000614                irq19
                0x00000000c000061e                irq20
                0x00000000c0000628                irq21
                0x00000000c0000632                irq22
                0x00000000c000063c                irq23
                0x00000000c0000646                memcpy
 *fill*         0x00000000c000064b        0x1 
 .text          0x00000000c000064c      0x5dd acpica/utclib.32
                0x00000000c000064c                memcmp
                0x00000000c0000688                memmove
                0x00000000c0000750                memset
                0x00000000c000076c                strlen
                0x00000000c0000784                strpbrk
                0x00000000c00007c0                strtok
                0x00000000c000080c                strcpy
                0x00000000c0000830                strncpy
                0x00000000c0000898                strcmp
                0x00000000c00008d8                strchr
                0x00000000c00008fc                strncmp
                0x00000000c000094c                strcat
                0x00000000c000097c                strncat
                0x00000000c00009b8                strstr
                0x00000000c0000a00                toupper
                0x00000000c0000a14                tolower
                0x00000000c0000a28                simple_strtoul
 .text          0x00000000c0000c29      0xfad core/malloc.32
                0x00000000c0000d94                dlfree
                0x00000000c00010ef                dlmalloc
                0x00000000c000162c                dlrealloc
                0x00000000c00017cf                dlmemalign
                0x00000000c00018f2                dlcalloc
                0x00000000c000198c                dlcfree
                0x00000000c0001991                dlindependent_calloc
                0x00000000c00019b6                dlindependent_comalloc
                0x00000000c00019cd                dlvalloc
                0x00000000c00019f8                dlpvalloc
                0x00000000c0001a2e                dlmalloc_trim
                0x00000000c0001a3b                dlmalloc_usable_size
                0x00000000c0001a6c                dlmallinfo
                0x00000000c0001b3b                dlmalloc_stats
                0x00000000c0001b4c                dlmallopt
 .text          0x00000000c0001bd6        0x0 libk/string.32
 .text          0x00000000c0001bd6       0x51 fs/fat/diskio.32
                0x00000000c0001bd6                disk_status
                0x00000000c0001bd9                disk_initialize
                0x00000000c0001bdc                disk_read
                0x00000000c0001bf2                disk_write
                0x00000000c0001c08                disk_ioctl
 .text          0x00000000c0001c27     0x6833 fs/fat/ff.32
                0x00000000c0004ef5                f_mount
                0x00000000c0004f57                f_open
                0x00000000c0005393                f_read
                0x00000000c0005613                f_write
                0x00000000c00058cd                f_sync
                0x00000000c0005aa9                f_close
                0x00000000c0005ad8                f_lseek
                0x00000000c0005f8f                f_opendir
                0x00000000c0006091                f_closedir
                0x00000000c00060b3                f_readdir
                0x00000000c000614e                f_stat
                0x00000000c00061dd                f_getfree
                0x00000000c00063a8                f_truncate
                0x00000000c00064a0                f_unlink
                0x00000000c0006623                f_mkdir
                0x00000000c000684f                f_rename
                0x00000000c0006b42                f_chmod
                0x00000000c0006c20                f_utime
                0x00000000c0006cfe                f_getlabel
                0x00000000c0006eec                f_setlabel
                0x00000000c0007159                f_forward
                0x00000000c0007337                f_mkfs
 .text          0x00000000c000845a       0x2d fs/fat/ffsystem.32
                0x00000000c000845a                ff_memalloc
                0x00000000c0008470                ff_memfree
 .text          0x00000000c0008487      0x253 fs/fat/ffunicode.32
                0x00000000c0008487                ff_uni2oem
                0x00000000c0008517                ff_oem2uni
                0x00000000c0008583                ff_wtoupper
 .text          0x00000000c00086da      0x8fb hal/libresample/samplerate.32
                0x00000000c000871e                src_delete
                0x00000000c000875a                src_process
                0x00000000c0008910                src_callback_read
                0x00000000c0008a8d                src_set_ratio
                0x00000000c0008af7                src_get_channels
                0x00000000c0008b19                src_reset
                0x00000000c0008b65                src_new
                0x00000000c0008bf3                src_callback_new
                0x00000000c0008c55                src_get_name
                0x00000000c0008c8c                src_get_description
                0x00000000c0008cc3                src_get_version
                0x00000000c0008cc9                src_is_valid_ratio
                0x00000000c0008d1d                src_error
                0x00000000c0008d2b                src_strerror
                0x00000000c0008d3e                src_simple
                0x00000000c0008d91                src_short_to_float_array
                0x00000000c0008df6                src_float_to_short_array
                0x00000000c0008eb5                src_int_to_float_array
                0x00000000c0008f18                src_float_to_int_array
 .text          0x00000000c0008fd5      0x8cb hal/libresample/src_linear.32
                0x00000000c00097fb                linear_get_name
                0x00000000c000980a                linear_get_description
                0x00000000c0009819                linear_set_converter
 .text          0x00000000c00098a0     0x447c hal/libresample/src_sinc.32
                0x00000000c000dc33                sinc_get_name
                0x00000000c000dc46                sinc_get_description
                0x00000000c000dc59                sinc_set_converter
 .text          0x00000000c000dd1c      0x77c hal/libresample/src_zoh.32
                0x00000000c000e3f3                zoh_get_name
                0x00000000c000e402                zoh_get_description
                0x00000000c000e411                zoh_set_converter
 .text          0x00000000c000e498       0xa7 compat/inlines.32
                0x00000000c000e498                CPU::current()
                0x00000000c000e4a4                operator new(unsigned long)
                0x00000000c000e4a9                operator delete(void*)
                0x00000000c000e4ae                disableIRQs()
                0x00000000c000e4b6                enableIRQs()
                0x00000000c000e4c5                lockScheduler()
                0x00000000c000e4cd                unlockScheduler()
                0x00000000c000e4dc                lockStuff()
                0x00000000c000e4ea                unlockStuff()
                0x00000000c000e524                Virt::getAKernelVAS()
                0x00000000c000e52a                __not_memcpy
 .text          0x00000000c000e53f      0x111 compat/resolve.32
                0x00000000c000e53f                Krnl::resolveCompatibilitySymbol(char*)
 .text          0x00000000c000e650      0x741 core/computer.32
                0x00000000c000e650                Computer::close(int, int, void*)
                0x00000000c000e694                Krnl::firstTask()
                0x00000000c000e7d6                Computer::Computer()
                0x00000000c000e7d6                Computer::Computer()
                0x00000000c000e932                Computer::setBootMessage(char const*)
                0x00000000c000e934                Computer::detectFeatures()
                0x00000000c000eb3e                Computer::displayFeatures()
                0x00000000c000eb40                Computer::rdmsr(unsigned int)
                0x00000000c000eb6c                Computer::wrmsr(unsigned int, unsigned long long)
                0x00000000c000eba4                Computer::nmiEnabled()
                0x00000000c000ebb0                Computer::readCMOS(unsigned char)
                0x00000000c000ebca                Computer::enableNMI(bool)
                0x00000000c000ebe2                Computer::open(int, int, void*)
                0x00000000c000ecd4                Computer::disableNMI()
                0x00000000c000ece2                Computer::writeCMOS(unsigned char, unsigned char)
                0x00000000c000ed00                Computer::handleNMI()
                0x00000000c000ed66                Computer::setDiskActivityLight(int, bool)
 *fill*         0x00000000c000ed91        0x1 
 .text          0x00000000c000ed92      0x19d core/gdt.32
                0x00000000c000ed92                GDTEntry::setBase(unsigned int)
                0x00000000c000edae                GDTEntry::setLimit(unsigned int)
                0x00000000c000edcc                GDT::GDT()
                0x00000000c000edcc                GDT::GDT()
                0x00000000c000ede2                GDT::addEntry(GDTEntry)
                0x00000000c000ee04                GDT::getNumberOfEntries()
                0x00000000c000ee0c                GDT::flush()
                0x00000000c000ee2e                GDT::setup()
 .text          0x00000000c000ef2f       0x6b core/idle.32
                0x00000000c000ef2f                idleFunction(void*)
 .text          0x00000000c000ef9a      0x45e core/idt.32
                0x00000000c000ef9a                IDTEntry::IDTEntry(bool)
                0x00000000c000ef9a                IDTEntry::IDTEntry(bool)
                0x00000000c000f008                IDTEntry::setOffset(unsigned int)
                0x00000000c000f01c                IDT::IDT()
                0x00000000c000f01c                IDT::IDT()
                0x00000000c000f01e                IDT::getPointerToInvalidOpcodeEntryForF00F()
                0x00000000c000f026                IDT::addEntry(IDTEntry, int)
                0x00000000c000f040                IDT::addEntry(int, void (*)(), bool)
                0x00000000c000f078                IDT::flush()
                0x00000000c000f092                IDT::setup()
 .text          0x00000000c000f3f8      0x1fb core/kheap.32
                0x00000000c000f3f8                sbrk
                0x00000000c000f505                mmap
                0x00000000c000f51b                munmap
                0x00000000c000f531                liballoc_lock()
                0x00000000c000f53e                liballoc_unlock()
                0x00000000c000f552                liballoc_alloc(int)
                0x00000000c000f56a                liballoc_free(void*, int)
                0x00000000c000f585                realloc
                0x00000000c000f599                malloc
                0x00000000c000f5a9                free
                0x00000000c000f5b9                rfree
                0x00000000c000f5c9                calloc
 .text          0x00000000c000f5f3      0x1b6 core/main.32
                0x00000000c000f5f3                Krnl::setBootMessage(char const*)
                0x00000000c000f65f                kernel_main
 .text          0x00000000c000f7a9      0x5b5 core/physmgr.32
                0x00000000c000f7a9                Phys::allocateDMA(unsigned long)
                0x00000000c000f877                Phys::freeDMA(unsigned long, unsigned long)
                0x00000000c000f8d6                Phys::setPageState(unsigned long, bool)
                0x00000000c000f908                Phys::getPageState(unsigned long)
                0x00000000c000f924                Phys::freePage(unsigned long)
                0x00000000c000f995                Phys::allocatePage()
                0x00000000c000fa8d                Phys::allocateContiguousPages(int)
                0x00000000c000fae9                Phys::allowSegmentToBeUsed(unsigned long, unsigned long)
                0x00000000c000fb21                Phys::physicalMemorySetup(unsigned int)
 .text          0x00000000c000fd5e      0x273 core/pipe.32
                0x00000000c000fd5e                Pipe::isAtty()
                0x00000000c000fd62                Pipe::~Pipe()
                0x00000000c000fd62                Pipe::~Pipe()
                0x00000000c000fd86                Pipe::~Pipe()
                0x00000000c000fdae                Pipe::read(unsigned long long, void*, int*)
                0x00000000c000feaa                Pipe::write(unsigned long long, void*, int*)
                0x00000000c000ff6a                Pipe::Pipe(int)
                0x00000000c000ff6a                Pipe::Pipe(int)
 *fill*         0x00000000c000ffd1        0x1 
 .text          0x00000000c000ffd2      0xb93 core/terminal.32
                0x00000000c000ffd2                VgaText::isAtty()
                0x00000000c000ffd6                VgaText::~VgaText()
                0x00000000c000ffd6                VgaText::~VgaText()
                0x00000000c000fffa                VgaText::~VgaText()
                0x00000000c0010024                VgaText::read(unsigned long long, void*, int*)
                0x00000000c0010044                setTerminalScrollLock(bool)
                0x00000000c0010045                addToTerminalCycle(VgaText*)
                0x00000000c0010066                installVgaTextImplementation()
                0x00000000c001007b                scrollTerminalScrollLock(int)
                0x00000000c001007c                VgaText::updateTitle()
                0x00000000c00100ba                VgaText::load()
                0x00000000c0010108                VgaText::updateCursor()
                0x00000000c001011e                VgaText::doANSI_SGR(int)
                0x00000000c0010192                VgaText::setDefaultBgColour(VgaColour)
                0x00000000c00101a2                VgaText::setDefaultFgColour(VgaColour)
                0x00000000c00101b2                VgaText::setDefaultColours(VgaColour, VgaColour)
                0x00000000c00101d2                VgaText::setTitleTextColour(VgaColour)
                0x00000000c00101e2                VgaText::setTitleColour(VgaColour)
                0x00000000c00101f2                VgaText::setTitle(char*)
                0x00000000c0010218                VgaText::combineColours(unsigned char, unsigned char)
                0x00000000c001022a                VgaText::scrollScreen()
                0x00000000c00102be                VgaText::combineCharAndColour(char, unsigned char)
                0x00000000c00102d0                VgaText::writeCharacter(char, VgaColour, VgaColour, int, int)
                0x00000000c001032c                VgaText::getCursorX()
                0x00000000c0010334                VgaText::getCursorY()
                0x00000000c001033c                VgaText::setCursor(int, int)
                0x00000000c0010353                setActiveTerminal(VgaText*)
                0x00000000c00103b5                doTerminalCycle()
                0x00000000c00103d0                VgaText::setCursorX(int)
                0x00000000c00103e8                VgaText::setCursorY(int)
                0x00000000c0010400                VgaText::incrementCursor(bool)
                0x00000000c0010454                VgaText::decrementCursor(bool)
                0x00000000c0010476                VgaText::putchar(char, VgaColour, VgaColour)
                0x00000000c001054e                VgaText::doUpdate()
                0x00000000c001055c                VgaText::puts(char const*, VgaColour, VgaColour)
                0x00000000c00106d4                VgaText::clearScreen()
                0x00000000c001072e                VgaText::putchar(char)
                0x00000000c001081a                VgaText::putx(unsigned int)
                0x00000000c0010860                VgaText::puts(char const*)
                0x00000000c0010886                VgaText::VgaText(char const*)
                0x00000000c0010886                VgaText::VgaText(char const*)
                0x00000000c0010a04                VgaText::receiveKey(unsigned char)
                0x00000000c0010aec                VgaText::write(unsigned long long, void*, int*)
                0x00000000c0010b40                newTerminal(char*)
 *fill*         0x00000000c0010b65        0x1 
 .text          0x00000000c0010b66      0x19d core/tss.32
                0x00000000c0010b66                TSS::TSS()
                0x00000000c0010b66                TSS::TSS()
                0x00000000c0010b74                TSS::setESP(unsigned long)
                0x00000000c0010b86                TSS::flush()
                0x00000000c0010ba6                TSS::setup(unsigned long, unsigned long)
 *fill*         0x00000000c0010d03        0x1 
 .text          0x00000000c0010d04      0x4c2 core/unixfile.32
                0x00000000c0010d04                ReservedFilename::read(unsigned long long, void*, int*)
                0x00000000c0010d5a                ReservedFilename::isAtty()
                0x00000000c0010d76                ReservedFilename::write(unsigned long long, void*, int*)
                0x00000000c0010dd4                UnixFile::getFileDescriptor()
                0x00000000c0010ddc                UnixFile::UnixFile(int)
                0x00000000c0010ddc                UnixFile::UnixFile(int)
                0x00000000c0010f8c                ReservedFilename::ReservedFilename(int)
                0x00000000c0010f8c                ReservedFilename::ReservedFilename(int)
                0x00000000c0010fbe                UnixFile::~UnixFile()
                0x00000000c0010fbe                UnixFile::~UnixFile()
                0x00000000c0011056                UnixFile::~UnixFile()
                0x00000000c001107e                ReservedFilename::~ReservedFilename()
                0x00000000c001107e                ReservedFilename::~ReservedFilename()
                0x00000000c00110a2                ReservedFilename::~ReservedFilename()
                0x00000000c00110c9                getFromFileDescriptor(int)
 .text          0x00000000c00111c6     0x148f core/virtmgr.32
                0x00000000c00111c6                Virt::setPageState(unsigned long, Virt::VirtPageState)
                0x00000000c00111fb                Virt::getPageState(unsigned long)
                0x00000000c001121f                Virt::allocateKernelVirtualPages(int)
                0x00000000c0011330                Virt::freeSwapfilePage(unsigned long)
                0x00000000c001134e                Virt::swapIDToSector(unsigned long)
                0x00000000c0011360                Virt::allocateSwapfilePage()
                0x00000000c00113de                Virt::virtualMemorySetup()
                0x00000000c0011429                Virt::setupPageSwapping(int)
                0x00000000c0011646                VAS::VAS()
                0x00000000c0011646                VAS::VAS()
                0x00000000c0011682                VAS::VAS(VAS*)
                0x00000000c0011682                VAS::VAS(VAS*)
                0x00000000c00116b0                VAS::getForeignPageTableEntry(bool, unsigned long)
                0x00000000c00116dc                VAS::getPageTableEntry(unsigned long)
                0x00000000c00116fb                Virt::freeKernelVirtualPages(unsigned long)
                0x00000000c001181e                VAS::freeAllocatedPages(unsigned long)
                0x00000000c0011842                VAS::virtualToPhysical(unsigned long)
                0x00000000c001185a                VAS::reflagRange(unsigned long, int, int, int)
                0x00000000c001189a                VAS::setToWriteCombining(unsigned long, int)
                0x00000000c00118cc                VAS::mapOtherVASIn(bool, VAS*)
                0x00000000c00118f6                VAS::~VAS()
                0x00000000c00118f6                VAS::~VAS()
                0x00000000c0011a72                VAS::mapPage(unsigned long, unsigned long, int)
                0x00000000c0011b74                VAS::allocatePages(int, int)
                0x00000000c0011d4c                VAS::setCPUSpecific(unsigned long)
                0x00000000c0011d68                VAS::mapRange(unsigned long, unsigned long, int, int)
                0x00000000c0011e2e                VAS::mapForeignPage(bool, VAS*, unsigned long, unsigned long, int)
                0x00000000c0011f1c                VAS::VAS(bool)
                0x00000000c0011f1c                VAS::VAS(bool)
                0x00000000c001219c                VAS::evict(unsigned long)
                0x00000000c00122ba                VAS::tryLoadBackOffDisk(unsigned long)
                0x00000000c0012442                VAS::scanForEviction()
                0x00000000c0012529                mapVASFirstTime
 .text          0x00000000c0012655       0x95 coreobjs/c++.32
                0x00000000c0012655                __cxa_atexit
                0x00000000c0012658                __cxa_finalize
                0x00000000c0012659                __stack_chk_fail
                0x00000000c00126c5                __cxa_pure_virtual
                0x00000000c00126d6                operator new[](unsigned long)
                0x00000000c00126db                operator delete(void*, unsigned long)
                0x00000000c00126e0                operator delete[](void*)
                0x00000000c00126e5                operator delete[](void*, unsigned long)
 .text          0x00000000c00126ea      0x1e7 dbg/kconsole.32
                0x00000000c00126ea                Dbg::stringifyxWithBase(unsigned int, char*, int)
                0x00000000c0012743                Dbg::logc(char)
                0x00000000c001275a                Dbg::logs(char*)
                0x00000000c0012777                Dbg::logWriteInt(unsigned int)
                0x00000000c0012794                Dbg::logWriteIntBase(unsigned int, int)
                0x00000000c00127b3                Dbg::kprintf(char const*, ...)
 *fill*         0x00000000c00128d1        0x1 
 .text          0x00000000c00128d2      0xb82 fs/vfs.32
                0x00000000c00128d2                File::read(unsigned long long, void*, int*)
                0x00000000c001292a                File::write(unsigned long long, void*, int*)
                0x00000000c0012982                Directory::read(unsigned long long, void*, int*)
                0x00000000c00129da                Directory::write(unsigned long long, void*, int*)
                0x00000000c0012a08                File::isAtty()
                0x00000000c0012a0c                Directory::isAtty()
                0x00000000c0012a10                Filesystem::getlabel(LogicalDisk*, int, char*, unsigned int*)
                0x00000000c0012a16                Filesystem::setlabel(LogicalDisk*, int, char*)
                0x00000000c0012a1c                Filesystem::getFileFirstSector(char const*)
                0x00000000c0012a22                File::~File()
                0x00000000c0012a22                File::~File()
                0x00000000c0012a46                File::~File()
                0x00000000c0012a70                Directory::~Directory()
                0x00000000c0012a70                Directory::~Directory()
                0x00000000c0012a94                Directory::~Directory()
                0x00000000c0012abe                Filesystem::Filesystem()
                0x00000000c0012abe                Filesystem::Filesystem()
                0x00000000c0012ae2                Filesystem::~Filesystem()
                0x00000000c0012ae2                Filesystem::~Filesystem()
                0x00000000c0012af0                Filesystem::~Filesystem()
                0x00000000c0012b14                Fs::getcwd(Process*, char*, int)
                0x00000000c0012b3e                Fs::initVFS()
                0x00000000c0012b68                Fs::standardiseFiles(char*, char const*, char const*)
                0x00000000c0012d12                File::File(char const*, Process*)
                0x00000000c0012d12                File::File(char const*, Process*)
                0x00000000c0012d76                File::open(FileOpenMode)
                0x00000000c0012dd4                File::close()
                0x00000000c0012e34                File::seek(unsigned long long)
                0x00000000c0012e8a                File::tell(unsigned long long*)
                0x00000000c0012eda                File::rewind()
                0x00000000c0012eee                File::unlink()
                0x00000000c0012f3a                File::rename(char const*)
                0x00000000c0012f88                File::chfatattr(unsigned char, unsigned char)
                0x00000000c0012fe4                File::exists()
                0x00000000c0013022                File::stat(unsigned long long*, bool*)
                0x00000000c0013083                Fs::setcwd(Process*, char*)
                0x00000000c00131be                Directory::Directory(char const*, Process*)
                0x00000000c00131be                Directory::Directory(char const*, Process*)
                0x00000000c0013222                Directory::open()
                0x00000000c001327e                Directory::close()
                0x00000000c00132de                Directory::unlink()
                0x00000000c001332a                Directory::rename(char const*)
                0x00000000c0013378                Directory::exists()
                0x00000000c00133b6                Directory::read(dirent*)
                0x00000000c0013402                Directory::create()
                0x00000000c001344e                Filesystem::chfatattr(char const*, unsigned char, unsigned char)
 .text          0x00000000c0013454       0x84 hal/bus.32
                0x00000000c0013454                Bus::Bus(char const*)
                0x00000000c0013454                Bus::Bus(char const*)
                0x00000000c001348a                Bus::~Bus()
                0x00000000c001348a                Bus::~Bus()
                0x00000000c00134ae                Bus::~Bus()
 .text          0x00000000c00134d8      0x156 hal/buzzer.32
                0x00000000c00134d8                Buzzer::Buzzer(char const*)
                0x00000000c00134d8                Buzzer::Buzzer(char const*)
                0x00000000c001351c                Buzzer::~Buzzer()
                0x00000000c001351c                Buzzer::~Buzzer()
                0x00000000c0013540                Buzzer::~Buzzer()
                0x00000000c001356a                Buzzer::stop()
                0x00000000c001357d                beepThread(void*)
                0x00000000c00135c0                Buzzer::beep(int, int, bool)
 .text          0x00000000c001362e      0x467 hal/clock.32
                0x00000000c001362e                User::loadClockSettings(int)
                0x00000000c0013680                Clock::Clock(char const*)
                0x00000000c0013680                Clock::Clock(char const*)
                0x00000000c00136b6                Clock::~Clock()
                0x00000000c00136b6                Clock::~Clock()
                0x00000000c00136da                Clock::~Clock()
                0x00000000c0013704                Clock::timeInSecondsLocal()
                0x00000000c001374c                Clock::setTimeInSecondsLocal(unsigned long long)
                0x00000000c00137a5                datetimeToSeconds(datetime_t)
                0x00000000c00138cc                Clock::setTimeInDatetimeLocal(datetime_t)
                0x00000000c001392c                secondsToDatetime(unsigned long long)
                0x00000000c0013a70                Clock::timeInDatetimeLocal()
 *fill*         0x00000000c0013a95        0x1 
 .text          0x00000000c0013a96      0x504 hal/device.32
                0x00000000c0013a96                Device::hibernate()
                0x00000000c0013a98                Device::wake()
                0x00000000c0013a9a                Device::detect()
                0x00000000c0013a9c                Device::disableLegacy()
                0x00000000c0013a9e                Device::powerSaving(PowerSavingLevel)
                0x00000000c0013aa0                DriverlessDevice::close(int, int, void*)
                0x00000000c0013aa4                DriverlessDevice::detect()
                0x00000000c0013aa6                DriverlessDevice::open(int, int, void*)
                0x00000000c0013aba                Device::~Device()
                0x00000000c0013aba                Device::~Device()
                0x00000000c0013ac8                Device::~Device()
                0x00000000c0013af0                Device::findAndLoadDriver()
                0x00000000c0013afe                Device::preOpenPCI(PCIDeviceInfo)
                0x00000000c0013b24                Device::preOpenACPI(void*, char*, char*)
                0x00000000c0013b64                Device::addIRQHandler(int, void (*)(regs*, void*), bool, void*)
                0x00000000c0013ba2                Device::getParent()
                0x00000000c0013bae                Device::removeIRQHandler(int, void (*)(regs*, void*), bool)
                0x00000000c0013bec                Device::addChild(Device*)
                0x00000000c0013c30                Device::removeAllChildren()
                0x00000000c0013c76                Device::hibernateAll()
                0x00000000c0013ca6                Device::wakeAll()
                0x00000000c0013cd6                Device::detectAll()
                0x00000000c0013d06                Device::disableLegacyAll()
                0x00000000c0013d36                Device::loadDriversForAll()
                0x00000000c0013d76                Device::closeAll()
                0x00000000c0013dac                Device::powerSavingAll(PowerSavingLevel)
                0x00000000c0013de2                Device::setName(char const*)
                0x00000000c0013df0                Device::Device(char const*)
                0x00000000c0013df0                Device::Device(char const*)
                0x00000000c0013eec                Device::getName()
                0x00000000c0013ef6                DriverlessDevice::DriverlessDevice(char const*)
                0x00000000c0013ef6                DriverlessDevice::DriverlessDevice(char const*)
                0x00000000c0013f2c                Device::addToLinkedList(LinkedList<Device>&, DeviceType)
                0x00000000c0013f70                getDevicesOfType(DeviceType)
 .text          0x00000000c0013f9a       0x84 hal/diskctrl.32
                0x00000000c0013f9a                HardDiskController::HardDiskController(char const*)
                0x00000000c0013f9a                HardDiskController::HardDiskController(char const*)
                0x00000000c0013fd0                HardDiskController::~HardDiskController()
                0x00000000c0013fd0                HardDiskController::~HardDiskController()
                0x00000000c0013ff4                HardDiskController::~HardDiskController()
 .text          0x00000000c001401e       0xe2 hal/diskphys.32
                0x00000000c001401e                PhysicalDisk::eject()
                0x00000000c0014022                PhysicalDisk::PhysicalDisk(char const*, int)
                0x00000000c0014022                PhysicalDisk::PhysicalDisk(char const*, int)
                0x00000000c001408a                PhysicalDisk::startCache()
                0x00000000c00140b2                PhysicalDisk::~PhysicalDisk()
                0x00000000c00140b2                PhysicalDisk::~PhysicalDisk()
                0x00000000c00140d6                PhysicalDisk::~PhysicalDisk()
 .text          0x00000000c0014100      0x13b hal/fpu.32
                0x00000000c0014100                FPU::FPU(char const*)
                0x00000000c0014100                FPU::FPU(char const*)
                0x00000000c0014136                FPU::~FPU()
                0x00000000c0014136                FPU::~FPU()
                0x00000000c001415a                FPU::~FPU()
                0x00000000c0014184                setupFPU()
 *fill*         0x00000000c001423b        0x1 
 .text          0x00000000c001423c     0x1435 hal/intctrl.32
                0x00000000c001423c                InterruptController::uninstallISRHandler(int, void (*)(regs*, void*))
                0x00000000c0014274                InterruptController::installISRHandler(int, void (*)(regs*, void*), void*)
                0x00000000c00142c6                doubleFault(regs*, void*)
                0x00000000c00142e0                InterruptController::installIRQHandler(int, void (*)(regs*, void*), bool, void*)
                0x00000000c001437c                InterruptController::clearAllHandlers(int, bool)
                0x00000000c0014424                InterruptController::uninstallIRQHandler(int, void (*)(regs*, void*), bool)
                0x00000000c00144ab                nmiHandler(regs*, void*)
                0x00000000c00144b9                int_handler
                0x00000000c001455a                InterruptController::InterruptController(char const*)
                0x00000000c001455a                InterruptController::InterruptController(char const*)
                0x00000000c0014600                InterruptController::~InterruptController()
                0x00000000c0014600                InterruptController::~InterruptController()
                0x00000000c0014624                InterruptController::~InterruptController()
                0x00000000c001464e                displayDebugInfo(regs*)
                0x00000000c0014add                x87EmulHandler(regs*, void*)
                0x00000000c0014b50                gpFault(regs*, void*)
                0x00000000c0014b89                pgFault(regs*, void*)
                0x00000000c0014bd1                otherISRHandler(regs*, void*)
                0x00000000c0014bf0                opcodeFault(regs*, void*)
                0x00000000c001520d                displayProgramFault(char const*)
                0x00000000c0015235                setupInterruptController()
                0x00000000c0015624                InterruptController::convertLegacyIRQNumber(int)
 *fill*         0x00000000c0015671        0x1 
 .text          0x00000000c0015672      0x784 hal/keybrd.32
                0x00000000c0015672                startGUI(void*)
                0x00000000c00156de                startGUIVESA(void*)
                0x00000000c001574a                sendKeyToTerminal(unsigned char)
                0x00000000c0015808                sendKeyboardToken(KeyboardToken)
                0x00000000c0015c45                clearInternalKeybuffer(VgaText*)
                0x00000000c0015c7a                readKeyboard(VgaText*, char*, unsigned long)
                0x00000000c0015d6c                Keyboard::Keyboard(char const*)
                0x00000000c0015d6c                Keyboard::Keyboard(char const*)
                0x00000000c0015da8                Keyboard::~Keyboard()
                0x00000000c0015da8                Keyboard::~Keyboard()
                0x00000000c0015dcc                Keyboard::~Keyboard()
 .text          0x00000000c0015df6      0x3ea hal/logidisk.32
                0x00000000c0015df6                LogicalDisk::close(int, int, void*)
                0x00000000c0015dfa                LogicalDisk::~LogicalDisk()
                0x00000000c0015dfa                LogicalDisk::~LogicalDisk()
                0x00000000c0015e1e                LogicalDisk::~LogicalDisk()
                0x00000000c0015e48                LogicalDisk::open(int, int, void*)
                0x00000000c0015e5c                LogicalDisk::absoluteToRelative(unsigned long long)
                0x00000000c0015e94                LogicalDisk::relativeToAbsolute(unsigned long long)
                0x00000000c0015eda                LogicalDisk::LogicalDisk(char const*, PhysicalDisk*, unsigned long long, unsigned long long)
                0x00000000c0015eda                LogicalDisk::LogicalDisk(char const*, PhysicalDisk*, unsigned long long, unsigned long long)
                0x00000000c0015f90                LogicalDisk::assignDriveLetter()
                0x00000000c0016046                LogicalDisk::mount()
                0x00000000c001608e                LogicalDisk::unmount()
                0x00000000c001609e                LogicalDisk::eject()
                0x00000000c00160b2                LogicalDisk::unassignDriveLetter()
                0x00000000c0016108                LogicalDisk::read(unsigned long long, int, void*)
                0x00000000c0016174                LogicalDisk::write(unsigned long long, int, void*)
 .text          0x00000000c00161e0       0x84 hal/mouse.32
                0x00000000c00161e0                Mouse::Mouse(char const*)
                0x00000000c00161e0                Mouse::Mouse(char const*)
                0x00000000c0016216                Mouse::~Mouse()
                0x00000000c0016216                Mouse::~Mouse()
                0x00000000c001623a                Mouse::~Mouse()
 .text          0x00000000c0016264      0x339 hal/partition.32
                0x00000000c0016264                makePartition(PhysicalDisk*, unsigned long long, unsigned long long)
                0x00000000c001630c                createPartitionsForDisk(PhysicalDisk*)
 *fill*         0x00000000c001659d        0x1 
 .text          0x00000000c001659e       0x84 hal/serial.32
                0x00000000c001659e                Serial::Serial(char const*)
                0x00000000c001659e                Serial::Serial(char const*)
                0x00000000c00165d4                Serial::~Serial()
                0x00000000c00165d4                Serial::~Serial()
                0x00000000c00165f8                Serial::~Serial()
 .text          0x00000000c0016622      0x2f3 hal/timer.32
                0x00000000c0016622                Timer::Timer(char const*)
                0x00000000c0016622                Timer::Timer(char const*)
                0x00000000c0016658                Timer::~Timer()
                0x00000000c0016658                Timer::~Timer()
                0x00000000c001667c                Timer::~Timer()
                0x00000000c00166a6                Timer::read()
                0x00000000c00166b1                timerHandler(unsigned long long)
                0x00000000c0016823                setupTimer(int)
 *fill*         0x00000000c0016915        0x1 
 .text          0x00000000c0016916      0x409 hal/vcache.32
                0x00000000c0016916                VCache::VCache(PhysicalDisk*)
                0x00000000c0016916                VCache::VCache(PhysicalDisk*)
                0x00000000c0016a7e                VCache::invalidateReadBuffer()
                0x00000000c0016a8e                VCache::writeWriteBuffer()
                0x00000000c0016aca                VCache::~VCache()
                0x00000000c0016aca                VCache::~VCache()
                0x00000000c0016b1e                VCache::~VCache()
                0x00000000c0016b46                VCache::write(unsigned long long, int, void*)
                0x00000000c0016c30                VCache::read(unsigned long long, int, void*)
 *fill*         0x00000000c0016d1f        0x1 
 .text          0x00000000c0016d20      0x4b3 hal/video.32
                0x00000000c0016d20                Video::putrect(int, int, int, int, unsigned int)
                0x00000000c0016d6c                Video::bitblit(int, int, int, int, int, int, int, unsigned int*)
                0x00000000c0016ddc                Video::blit(unsigned int*, int, int, int, int)
                0x00000000c0016e5a                Video::clearScreen(unsigned int)
                0x00000000c0016e8e                Video::putpixel(int, int, unsigned int)
                0x00000000c0016e9c                Video::Video(char const*)
                0x00000000c0016e9c                Video::Video(char const*)
                0x00000000c0016ed2                Video::~Video()
                0x00000000c0016ed2                Video::~Video()
                0x00000000c0016ef6                Video::~Video()
                0x00000000c0016f20                Video::isMonochrome()
                0x00000000c0016f2c                Video::getWidth()
                0x00000000c0016f38                Video::getHeight()
                0x00000000c0016f44                Video::drawCursor(int, int, unsigned char*, int)
                0x00000000c0017000                Video::tgaParse(unsigned char*, int, int*, int*)
                0x00000000c0017168                Video::putTGA(int, int, unsigned char*, int)
 *fill*         0x00000000c00171d3        0x1 
 .text          0x00000000c00171d4     0x11c9 hw/acpi.32
                0x00000000c00171d4                ACPI::close(int, int, void*)
                0x00000000c0017279                findRSDP()
                0x00000000c0017303                loadACPITables(unsigned char*)
                0x00000000c001755a                findRSDT(unsigned char*)
                0x00000000c00176a4                findDataTable(unsigned char*, char*)
                0x00000000c0017716                scanMADT()
                0x00000000c0017b84                ACPI::ACPI()
                0x00000000c0017b84                ACPI::ACPI()
                0x00000000c0017bd8                ACPI::getPCIIRQAssignment(unsigned char, unsigned short, unsigned char)
                0x00000000c0017cba                ACPI::registerPCIIRQAssignment(void*, unsigned short, unsigned char, unsigned char)
                0x00000000c0017d80                ACPI::setScreenBrightnessLevel(void*, int)
                0x00000000c0017d86                ACPI::detectPCI()
                0x00000000c0017f88                ACPI::writeSimpleBootFlag(SimpleBootFlagTable*)
                0x00000000c0017fd0                ACPI::sleep()
                0x00000000c0017fe8                ACPI::open(int, int, void*)
 *fill*         0x00000000c001839d        0x1 
 .text          0x00000000c001839e     0x1495 hw/cpu.32
                0x00000000c001839e                CPU::close(int, int, void*)
                0x00000000c00183a2                CPU::lookupAMDName(unsigned char, unsigned char)
                0x00000000c0018536                CPU::lookupIntelName(unsigned char, unsigned char)
                0x00000000c00187e4                CPU::AMD_K6_write_msr(unsigned int, unsigned int, unsigned int, CPU::REGS*)
                0x00000000c0018800                CPU::AMD_K6_read_msr(unsigned int, CPU::REGS*)
                0x00000000c0018818                CPU::AMD_K6_writeback(int, int, int)
                0x00000000c001888c                CPU::cpuid(int, unsigned long*, unsigned long*, unsigned long*, unsigned long*)
                0x00000000c0018910                CPU::cpuidCheckEDX(unsigned int)
                0x00000000c001893e                CPU::cpuidCheckECX(unsigned int)
                0x00000000c001896c                CPU::cpuidCheckExtendedEBX(unsigned int)
                0x00000000c001899a                CPU::cpuidCheckExtendedECX(unsigned int)
                0x00000000c00189c8                CPU::CPU()
                0x00000000c00189c8                CPU::CPU()
                0x00000000c0018a56                CPU::displayFeatures()
                0x00000000c0018a58                CPU::detectFeatures()
                0x00000000c001944a                CPU::setupSMEP()
                0x00000000c0019456                CPU::setupUMIP()
                0x00000000c0019460                CPU::setupTSC()
                0x00000000c001946a                CPU::setupLargePages()
                0x00000000c0019474                CPU::setupPAT()
                0x00000000c00194b0                CPU::setupMTRR()
                0x00000000c00194b2                CPU::setupGlobalPages()
                0x00000000c00194bc                CPU::allowUsermodeDataAccess()
                0x00000000c00194ce                CPU::prohibitUsermodeDataAccess()
                0x00000000c00194e0                CPU::setupSMAP()
                0x00000000c00194ee                CPU::setupFeatures()
                0x00000000c001956e                CPU::open(int, int, void*)
                0x00000000c0019638                CPU::decodeAddress(regs*, int*, bool*, unsigned char*)
 .text          0x00000000c0019833        0x0 hw/ports.32
 .text          0x00000000c0019833      0x16a hw/smp.32
                0x00000000c0019833                Krnl::smpEntry()
                0x00000000c0019835                Krnl::startCPU(int)
                0x00000000c001997e                Krnl::startCPUs()
 *fill*         0x00000000c001999d        0x1 
 .text          0x00000000c001999e      0x581 krnl/env.32
                0x00000000c001999e                EnvVarContainer::getEnv(char const*)
                0x00000000c00199dc                EnvVarContainer::setEnv(char const*, char const*)
                0x00000000c0019a9e                EnvVarContainer::deleteEnv(char const*)
                0x00000000c0019aa0                EnvVarContainer::loadFrom(char const*, char const*)
                0x00000000c0019c86                EnvVarContainer::__loadSystem()
                0x00000000c0019ca0                EnvVarContainer::__loadUser()
                0x00000000c0019ca2                EnvVarContainer::EnvVarContainer(Process*)
                0x00000000c0019ca2                EnvVarContainer::EnvVarContainer(Process*)
                0x00000000c0019cc4                EnvVarContainer::~EnvVarContainer()
                0x00000000c0019cc4                EnvVarContainer::~EnvVarContainer()
                0x00000000c0019cf4                Krnl::getEnv(Process*, char const*)
                0x00000000c0019d59                Krnl::setEnvSystem(char const*, char const*)
                0x00000000c0019d73                Krnl::setEnvUser(char const*, char const*)
                0x00000000c0019d92                Krnl::setEnvProcess(Process*, char const*, char const*)
                0x00000000c0019da5                Krnl::deleteEnvSystem(char const*)
                0x00000000c0019da6                Krnl::deleteEnvUser(char const*)
                0x00000000c0019da7                Krnl::deleteEnvProcess(Process*, char const*)
                0x00000000c0019da8                Krnl::newProcessEnv(Process*)
                0x00000000c0019dca                Krnl::copyProcessEnv(Process*, Process*)
                0x00000000c0019e16                Krnl::loadSystemEnv()
                0x00000000c0019e44                Krnl::loadUserEnv()
                0x00000000c0019e6a                Krnl::flushEnv()
                0x00000000c0019e6b                Krnl::getProcessTotalEnvCount(Process*)
                0x00000000c0019e8b                Krnl::getProcessEnvPair(Process*, int)
 .text          0x00000000c0019f1f      0x39c krnl/panic.32
                0x00000000c0019f1f                Krnl::panic(char const*)
 .text          0x00000000c001a2bb      0x57f net/ethernet.32
                0x00000000c001a2bb                Net::switchEndian16(unsigned short)
                0x00000000c001a2dc                Net::switchEndian32(unsigned int)
                0x00000000c001a30b                Net::crc32Calc(unsigned char*, int)
                0x00000000c001a39c                Net::wrapEthernetFrame(Net::UnwrappedEthernetFrame, unsigned char*)
                0x00000000c001a5af                Net::unwrapEthernetFrame(unsigned char*, int)
 .text          0x00000000c001a83a      0x50e reg/registry.32
                0x00000000c001a83a                Reg::findLineFromLoadedData(char*, char*, char*)
                0x00000000c001a992                Reg::getLineFromRegistry(char*, char*, char*, char*)
                0x00000000c001aae7                Reg::getLine(char*, char*, char*)
                0x00000000c001ab1e                Reg::readInt(char*, char*, int*)
                0x00000000c001ac09                Reg::readString(char*, char*, char*, int)
                0x00000000c001ac8a                Reg::readBool(char*, char*, bool*)
                0x00000000c001acaf                Reg::readBoolWithDefault(char*, char*, bool)
                0x00000000c001acdb                Reg::readIntWithDefault(char*, char*, int)
                0x00000000c001ad07                Reg::readStringWithDefault(char*, char*, char*, int, char*)
 .text          0x00000000c001ad48       0x36 sys/sc_eject.32
                0x00000000c001ad48                Sys::eject(regs*)
 .text          0x00000000c001ad7e       0x18 sys/sc_exit.32
                0x00000000c001ad7e                Sys::exit(regs*)
 .text          0x00000000c001ad96       0x1f sys/sc_getcwd.32
                0x00000000c001ad96                Sys::getCwd(regs*)
 .text          0x00000000c001adb5        0xc sys/sc_getpid.32
                0x00000000c001adb5                Sys::getPID(regs*)
 .text          0x00000000c001adc1       0x1a sys/sc_getramdata.32
                0x00000000c001adc1                Sys::getRAMData(regs*)
 .text          0x00000000c001addb       0x84 sys/sc_getvgaptr.32
                0x00000000c001addb                Sys::getVGAPtr(regs*)
 .text          0x00000000c001ae5f       0xa8 sys/sc_loaddll.32
                0x00000000c001ae5f                Sys::loadDLL(regs*)
 .text          0x00000000c001af07       0x68 sys/sc_read.32
                0x00000000c001af07                Sys::read(regs*)
 .text          0x00000000c001af6f       0x55 sys/sc_sbrk.32
                0x00000000c001af6f                Sys::sbrk(regs*)
 .text          0x00000000c001afc4       0x1c sys/sc_setcwd.32
                0x00000000c001afc4                Sys::setCwd(regs*)
 .text          0x00000000c001afe0       0x95 sys/sc_settime.32
                0x00000000c001afe0                Sys::setTime(regs*)
 .text          0x00000000c001b075       0x4a sys/sc_timezone.32
                0x00000000c001b075                Sys::timezone(regs*)
 .text          0x00000000c001b0bf       0x68 sys/sc_write.32
                0x00000000c001b0bf                Sys::write(regs*)
 .text          0x00000000c001b127       0x62 sys/sc_wsbe.32
                0x00000000c001b127                Sys::wsbe(regs*)
 .text          0x00000000c001b189       0x46 sys/sc_yield.32
                0x00000000c001b189                Sys::yield(regs*)
 .text          0x00000000c001b1cf      0xf84 sys/syscalls.32
                0x00000000c001b1cf                sysCallSeekDir(regs*)
                0x00000000c001b1d4                sysCallTellDir(regs*)
                0x00000000c001b1d9                sysCallVerify(regs*)
                0x00000000c001b1e3                sysCallGetArgc(regs*)
                0x00000000c001b1f3                sysFormatDisk(regs*)
                0x00000000c001b25d                sysSetDiskVolumeLabel(regs*)
                0x00000000c001b2a3                sysGetDiskVolumeLabel(regs*)
                0x00000000c001b2f4                sysShutdown(regs*)
                0x00000000c001b352                sysCallRealpath(regs*)
                0x00000000c001b395                sysCallReadDir(regs*)
                0x00000000c001b414                sysCallIsATTY(regs*)
                0x00000000c001b46e                sysCallSeek(regs*)
                0x00000000c001b4c5                sysCallTell(regs*)
                0x00000000c001b531                sysCallSize(regs*)
                0x00000000c001b5a3                sysCallSizeFromFilename(regs*)
                0x00000000c001b652                sysCallClose(regs*)
                0x00000000c001b6b2                sysCallOpenDir(regs*)
                0x00000000c001b727                sysCallCloseDir(regs*)
                0x00000000c001b77b                sysCallMakeDir(regs*)
                0x00000000c001b7eb                sysCallWait(regs*)
                0x00000000c001b805                sysCallNotImpl(regs*)
                0x00000000c001b820                sysPanic(regs*)
                0x00000000c001b83a                sysCallRmdir(regs*)
                0x00000000c001b89e                sysCallUnlink(regs*)
                0x00000000c001b902                sysCallGetArgv(regs*)
                0x00000000c001b94e                sysCallTTYName(regs*)
                0x00000000c001b9d1                sysCallUSleep(regs*)
                0x00000000c001b9f8                sysCallSpawn(regs*)
                0x00000000c001ba60                sysCallGetEnv(regs*)
                0x00000000c001bb0d                sysAppSettings(regs*)
                0x00000000c001bc21                sysSetFatAttrib(regs*)
                0x00000000c001bc93                sysPipe(regs*)
                0x00000000c001bcd8                sysGetUnixTime(regs*)
                0x00000000c001bcec                string_ends_with(char const*, char const*)
                0x00000000c001bd34                sysCallOpen(regs*)
                0x00000000c001bf1c                Sys::loadSyscalls()
                0x00000000c001c111                Sys::systemCall(regs*, void*)
 .text          0x00000000c001c153     0x1203 thr/elf.32
                0x00000000c001c153                Thr::allocateMemoryForTask(Process*, File*, unsigned long, unsigned long, unsigned long)
                0x00000000c001c3fd                Thr::loadProgramIntoMemory(Process*, char const*)
                0x00000000c001c613                Thr::runtimeReferenceHelper()
                0x00000000c001c626                Thr::getAddressOfKernelSymbol(char const*)
                0x00000000c001c675                Thr::loadKernelSymbolTable(char const*)
                0x00000000c001c933                Thr::loadDriverIntoMemory(char const*, unsigned long, bool)
                0x00000000c001d069                Thr::getDriverBaseFromAddress(unsigned long)
                0x00000000c001d09b                Thr::getDriverNameFromAddress(unsigned long)
                0x00000000c001d0d2                Thr::getDriverOffsetFromAddress(unsigned long)
                0x00000000c001d0ec                Thr::loadDLL(char const*, bool)
                0x00000000c001d31d                Thr::executeDLL(unsigned long, void*)
 .text          0x00000000c001d356     0x11ef thr/prcssthr.32
                0x00000000c001d356                userModeEntryPoint(void*)
                0x00000000c001d37c                changeTSS
                0x00000000c001d3ac                switchToThread(ThreadControlBlock*)
                0x00000000c001d456                Process::addArgs(char**)
                0x00000000c001d4b0                Process::Process(char const*, Process*, char**)
                0x00000000c001d4b0                Process::Process(char const*, Process*, char**)
                0x00000000c001d694                Process::Process(bool, char const*, Process*, char**)
                0x00000000c001d694                Process::Process(bool, char const*, Process*, char**)
                0x00000000c001d843                taskStartupFunction
                0x00000000c001d84c                Semaphore::Semaphore(int)
                0x00000000c001d84c                Semaphore::Semaphore(int)
                0x00000000c001d87a                Mutex::Mutex()
                0x00000000c001d87a                Mutex::Mutex()
                0x00000000c001d88c                Process::createThread(void (*)(void*), void*, int)
                0x00000000c001d992                Process::createUserThread()
                0x00000000c001d9ae                setupMultitasking(void (*)())
                0x00000000c001dab1                schedule()
                0x00000000c001db36                Semaphore::tryAcquire()
                0x00000000c001dbf2                Semaphore::assertLocked(char const*)
                0x00000000c001dc61                blockTaskWithSchedulerLockAlreadyHeld(TaskState)
                0x00000000c001dc87                blockTask(TaskState)
                0x00000000c001dcb4                waitTask(int, int*, int)
                0x00000000c001dcf6                nanoSleepUntil(unsigned long long)
                0x00000000c001dd8b                nanoSleep(unsigned long long)
                0x00000000c001dda3                sleep(unsigned long long)
                0x00000000c001ddc0                Semaphore::acquire()
                0x00000000c001de62                taskReturned
                0x00000000c001de9d                Thr::processFromPID(int)
                0x00000000c001df34                unblockTask(ThreadControlBlock*)
                0x00000000c001dfc9                cleanupTerminatedTask(ThreadControlBlock*)
                0x00000000c001e270                cleanerTaskFunction(void*)
                0x00000000c001e351                terminateTask(int)
                0x00000000c001e410                Thr::terminateFromIRQ(int)
                0x00000000c001e41c                Semaphore::release()
 .text          0x00000000c001e545      0xada vm86/vm8086.32
                0x00000000c001e545                Vm::inbv(unsigned short)
                0x00000000c001e558                Vm::outbv(unsigned short, unsigned char)
                0x00000000c001e58e                Vm::realToLinear(unsigned short, unsigned short)
                0x00000000c001e59e                Vm::getSegment(unsigned int)
                0x00000000c001e5a6                Vm::getOffset(unsigned int)
                0x00000000c001e5ab                Vm::mainloop2()
                0x00000000c001e5e5                Vm::mainVm8086Loop(void*)
                0x00000000c001e5f5                Vm::mainloop3(unsigned long)
                0x00000000c001e61b                Vm::initialise8086()
                0x00000000c001e65e                Vm::finish8086()
                0x00000000c001e6bf                Vm::getOutput8086(unsigned char*)
                0x00000000c001e6e4                Vm::start8086(char const*, unsigned short, unsigned short, unsigned short, unsigned short)
                0x00000000c001e84c                Vm::doISR(regs*, int, unsigned char*, unsigned short, unsigned short)
                0x00000000c001e8d6                Vm::readByteFromReal(unsigned short, unsigned short)
                0x00000000c001e8e7                Vm::readWordFromReal(unsigned short, unsigned short)
                0x00000000c001e8f9                Vm::readDwordFromReal(unsigned short, unsigned short)
                0x00000000c001e90a                Vm::writeByteFromReal(unsigned short, unsigned short, unsigned char)
                0x00000000c001e91f                Vm::writeWordFromReal(unsigned short, unsigned short, unsigned short)
                0x00000000c001e935                Vm::writeDwordFromReal(unsigned short, unsigned short, unsigned int)
                0x00000000c001e94a                Vm::faultHandler(regs*)
 .text          0x00000000c001f01f      0xefd vm86/x87em.32
                0x00000000c001f01f                Vm::fpuInternalTo32(unsigned long long)
                0x00000000c001f07a                Vm::fpuInternalTo64(unsigned long long)
                0x00000000c001f083                Vm::fpu32ToInternal(unsigned int)
                0x00000000c001f0c8                Vm::fpu64ToInternal(unsigned long long)
                0x00000000c001f0d1                Vm::fpuFloatToLong(unsigned long long)
                0x00000000c001f12c                Vm::fpuULongToFloat(unsigned long long)
                0x00000000c001f162                Vm::fpuLongToFloat(long long)
                0x00000000c001f1b8                Vm::fpuGet0()
                0x00000000c001f1bd                Vm::fpuGet1()
                0x00000000c001f1c5                Vm::fpuGetPi()
                0x00000000c001f1cd                Vm::fpuGetLog2E()
                0x00000000c001f1e5                Vm::fpuGetLogE2()
                0x00000000c001f1fd                Vm::fpuGetLog210()
                0x00000000c001f215                Vm::fpuGetLog102()
                0x00000000c001f22d                Vm::fpuIsSecondLarger(unsigned long long, unsigned long long)
                0x00000000c001f241                Vm::fpuAreEqual(unsigned long long, unsigned long long)
                0x00000000c001f257                Vm::fpuUnorderedCompare(unsigned long long, unsigned long long)
                0x00000000c001f2aa                Vm::fpuAdd(unsigned long long, unsigned long long)
                0x00000000c001f2bb                Vm::fpuAbs(unsigned long long)
                0x00000000c001f2c4                Vm::fpuChs(unsigned long long)
                0x00000000c001f2d4                Vm::fpuSub(unsigned long long, unsigned long long)
                0x00000000c001f2e3                Vm::fpuMultiply(unsigned long long, unsigned long long)
                0x00000000c001f302                Vm::fpuDivide(unsigned long long, unsigned long long)
                0x00000000c001f31e                Vm::fpuSquare(unsigned long long)
                0x00000000c001f334                Vm::fpuGetReg(int)
                0x00000000c001f377                Vm::fpuSetReg(int, unsigned long long)
                0x00000000c001f3c2                Vm::fpuPush(unsigned long long)
                0x00000000c001f41f                Vm::fpuPop()
                0x00000000c001f471                Vm::x87Handler(regs*)
 .text          0x00000000c001ff1c     0x11c1 fs/fat/vfslink.32
                0x00000000c001ff1c                FAT::getName()
                0x00000000c001ff22                FAT::tell(void*, unsigned long long*)
                0x00000000c001ff56                FAT::stat(void*, unsigned long long*)
                0x00000000c001ff8a                FAT::~FAT()
                0x00000000c001ff8a                FAT::~FAT()
                0x00000000c001ffae                FAT::~FAT()
                0x00000000c001ffd6                FAT::getlabel(LogicalDisk*, int, char*, unsigned int*)
                0x00000000c0020074                FAT::setlabel(LogicalDisk*, int, char*)
                0x00000000c002012e                FAT::format(LogicalDisk*, int, char const*, int)
                0x00000000c00202ec                FAT::tryMount(LogicalDisk*, int)
                0x00000000c00204f2                FAT::getFileFirstSector(char const*)
                0x00000000c0020598                FAT::readDir(void*, unsigned long, void*, int*)
                0x00000000c00206f2                FAT::read(void*, unsigned long, void*, int*)
                0x00000000c002074c                FAT::write(void*, unsigned long, void*, int*)
                0x00000000c00207a6                FAT::close(void*)
                0x00000000c00207f2                FAT::closeDir(void*)
                0x00000000c002083e                FAT::seek(void*, unsigned long long)
                0x00000000c0020892                fatWrapperReadDisk
                0x00000000c00208d9                fatWrapperWriteDisk
                0x00000000c0020920                fatWrapperIoctl
                0x00000000c0020a24                FAT::FAT()
                0x00000000c0020a24                FAT::FAT()
                0x00000000c0020a76                FAT::fixFilepath(char*)
                0x00000000c0020aae                FAT::open(char const*, void**, FileOpenMode)
                0x00000000c0020bd6                FAT::openDir(char const*, void**)
                0x00000000c0020c7c                FAT::stat(char const*, unsigned long long*, bool*)
                0x00000000c0020d66                FAT::unlink(char const*)
                0x00000000c0020de0                FAT::chfatattr(char const*, unsigned char, unsigned char)
                0x00000000c0020f34                FAT::rename(char const*, char const*)
                0x00000000c0020ff8                FAT::mkdir(char const*)
                0x00000000c0021072                FAT::exists(char const*)
 *fill*         0x00000000c00210dd        0x1 
 .text          0x00000000c00210de      0xb75 fs/iso9660/vfslink.32
                0x00000000c00210de                ISO9660::format(LogicalDisk*, int, char const*, int)
                0x00000000c00210e4                ISO9660::seek(void*, unsigned long long)
                0x00000000c0021114                ISO9660::tell(void*, unsigned long long*)
                0x00000000c0021138                ISO9660::getName()
                0x00000000c002113e                ISO9660::stat(void*, unsigned long long*)
                0x00000000c0021162                ISO9660::chfatattr(char const*, unsigned char, unsigned char)
                0x00000000c0021168                ISO9660::unlink(char const*)
                0x00000000c002116e                ISO9660::write(void*, unsigned long, void*, int*)
                0x00000000c0021174                ISO9660::rename(char const*, char const*)
                0x00000000c002117a                ISO9660::mkdir(char const*)
                0x00000000c0021180                ISO9660::close(void*)
                0x00000000c00211a2                ISO9660::closeDir(void*)
                0x00000000c00211c4                ISO9660::~ISO9660()
                0x00000000c00211c4                ISO9660::~ISO9660()
                0x00000000c00211e8                ISO9660::~ISO9660()
                0x00000000c002120f                __memmem(unsigned char*, int, unsigned char*, int)
                0x00000000c0021251                readSectorFromCDROM(unsigned int, unsigned char*, char)
                0x00000000c00212ac                ISO9660::tryMount(LogicalDisk*, int)
                0x00000000c00212fc                ISO9660::read(void*, unsigned long, void*, int*)
                0x00000000c0021500                ISO9660::readDir(void*, unsigned long, void*, int*)
                0x00000000c002177a                readRoot(unsigned int*, unsigned int*, char)
                0x00000000c00217ce                readRecursively(char*, unsigned int, unsigned int, unsigned int*, unsigned int*, char, int*)
                0x00000000c00219a1                getFileData(char*, unsigned int*, unsigned int*, char, int*)
                0x00000000c0021a30                ISO9660::open(char const*, void**, FileOpenMode)
                0x00000000c0021ade                ISO9660::exists(char const*)
                0x00000000c0021b02                ISO9660::stat(char const*, unsigned long long*, bool*)
                0x00000000c0021b96                ISO9660::openDir(char const*, void**)
                0x00000000c0021c30                ISO9660::ISO9660()
                0x00000000c0021c30                ISO9660::ISO9660()
 *fill*         0x00000000c0021c53        0x1 
 .text          0x00000000c0021c54      0x396 hal/sound/sndchannel.32
                0x00000000c0021c54                SoundChannel::SoundChannel(int, int, int, int)
                0x00000000c0021c54                SoundChannel::SoundChannel(int, int, int, int)
                0x00000000c0021d7e                SoundChannel::~SoundChannel()
                0x00000000c0021d7e                SoundChannel::~SoundChannel()
                0x00000000c0021d9a                SoundChannel::getSampleRate()
                0x00000000c0021da2                SoundChannel::getBits()
                0x00000000c0021daa                SoundChannel::getBufferUsed()
                0x00000000c0021db2                SoundChannel::getBufferSize()
                0x00000000c0021dba                SoundChannel::unbuffer(float*, int, int)
                0x00000000c0021e4e                SoundChannel::buffer16(short*, int)
                0x00000000c0021f4a                SoundChannel::buffer8(unsigned char*, int)
 .text          0x00000000c0021fea      0x43e hal/sound/sndhw.32
                0x00000000c0021fea                SoundDevice::SoundDevice(char const*)
                0x00000000c0021fea                SoundDevice::SoundDevice(char const*)
                0x00000000c0022056                SoundDevice::~SoundDevice()
                0x00000000c0022056                SoundDevice::~SoundDevice()
                0x00000000c00220d0                SoundDevice::~SoundDevice()
                0x00000000c00220fa                SoundDevice::getFreeChannelNum()
                0x00000000c0022114                SoundDevice::addChannel(SoundChannel*)
                0x00000000c0022184                SoundDevice::removeChannel(int)
                0x00000000c00221b6                SoundDevice::floatTo16(float*, short*, int)
                0x00000000c00222a4                SoundDevice::floatTo8(float*, unsigned char*, int)
                0x00000000c002238c                SoundDevice::getAudio(int, float*, float*)
 .text          0x00000000c0022428        0x0 hw/bus/isa.32
 .text          0x00000000c0022428      0xb87 hw/bus/pci.32
                0x00000000c0022428                PCI::open(int, int, void*)
                0x00000000c0022446                PCI::close(int, int, void*)
                0x00000000c002244a                PCI::PCI()
                0x00000000c002244a                PCI::PCI()
                0x00000000c00224e0                PCI::readBAR8(unsigned int, int)
                0x00000000c00224fc                PCI::readBAR16(unsigned int, int)
                0x00000000c002251a                PCI::readBAR32(unsigned int, int)
                0x00000000c0022536                PCI::writeBAR8(unsigned int, unsigned char, int)
                0x00000000c0022556                PCI::writeBAR16(unsigned int, unsigned short, int)
                0x00000000c0022578                PCI::writeBAR32(unsigned int, unsigned int, int)
                0x00000000c0022598                PCI::legacyMechanism(unsigned char, unsigned char, unsigned char, unsigned char)
                0x00000000c0022606                PCI::pciReadWord(unsigned char, unsigned char, unsigned char, unsigned char)
                0x00000000c00226ae                PCI::getVendorID(unsigned char, unsigned char, unsigned char)
                0x00000000c00226d2                PCI::getHeaderType(unsigned char, unsigned char, unsigned char)
                0x00000000c00226fa                PCI::getClassCode(unsigned char, unsigned char, unsigned char)
                0x00000000c0022744                PCI::getProgIF(unsigned char, unsigned char, unsigned char)
                0x00000000c002276c                PCI::getRevisionID(unsigned char, unsigned char, unsigned char)
                0x00000000c0022790                PCI::getInterruptNumber(unsigned char, unsigned char, unsigned char)
                0x00000000c00227b4                PCI::getSecondaryBus(unsigned char, unsigned char, unsigned char)
                0x00000000c00227dc                PCI::getBARAddress(unsigned char, unsigned char, unsigned char, unsigned char)
                0x00000000c0022840                PCI::pciWriteWord(unsigned char, unsigned char, unsigned char, unsigned char, unsigned short)
                0x00000000c0022928                PCI::pciDetailsToFilepath(PCIDeviceInfo, char*)
                0x00000000c0022ba2                PCI::checkBus(unsigned char)
                0x00000000c0022bc6                PCI::foundDevice(PCIDeviceInfo)
                0x00000000c0022d38                PCI::getDeviceData(unsigned char, unsigned char, unsigned char)
                0x00000000c0022ef0                PCI::checkDevice(unsigned char, unsigned char)
                0x00000000c0022f5c                PCI::detect()
 *fill*         0x00000000c0022faf        0x1 
 .text          0x00000000c0022fb0      0xb54 hw/diskctrl/ide.32
                0x00000000c0022fb0                IDE::close(int, int, void*)
                0x00000000c0022fb4                IDE::IDE()
                0x00000000c0022fb4                IDE::IDE()
                0x00000000c0022fe8                IDE::prepareInterrupt(unsigned char)
                0x00000000c0022ffa                selectDrive(unsigned char, unsigned char)
                0x00000000c0022ffc                IDE::getBase(unsigned char)
                0x00000000c002300e                IDE::write(unsigned char, unsigned char, unsigned char)
                0x00000000c00230ce                IDE::read(unsigned char, unsigned char)
                0x00000000c002317c                IDE::waitInterrupt(unsigned char)
                0x00000000c00231e2                ideChannel0IRQHandler(regs*, void*)
                0x00000000c00231fe                ideChannel1IRQHandler(regs*, void*)
                0x00000000c002321a                IDE::enableIRQs(unsigned char, bool)
                0x00000000c0023260                IDE::open(int, int, void*)
                0x00000000c002366e                IDE::readBuffer(unsigned char, unsigned char, unsigned int, unsigned int)
                0x00000000c002373a                IDE::detect()
                0x00000000c0023a00                IDE::printError(unsigned char, unsigned char, unsigned char)
                0x00000000c0023ab0                IDE::polling(unsigned char, unsigned int)
 .text          0x00000000c0023b04      0x336 hw/diskctrl/satabus.32
                0x00000000c0023b04                SATABus::close(int, int, void*)
                0x00000000c0023b08                SATABus::detect()
                0x00000000c0023b0a                SATABus::SATABus()
                0x00000000c0023b0a                SATABus::SATABus()
                0x00000000c0023b90                SATABus::findCmdslot(SATABus::tagHBA_PORT volatile*)
                0x00000000c0023bd8                SATABus::checkType(SATABus::tagHBA_PORT volatile*)
                0x00000000c0023c20                SATABus::startCmd(SATABus::tagHBA_PORT volatile*)
                0x00000000c0023c40                SATABus::stopCmd(SATABus::tagHBA_PORT volatile*)
                0x00000000c0023c6a                SATABus::portRebase(SATABus::tagHBA_PORT volatile*, int)
                0x00000000c0023d70                SATABus::probePort(SATABus::tagHBA_MEM volatile*)
                0x00000000c0023e1a                SATABus::open(int, int, void*)
 .text          0x00000000c0023e3a      0x604 hw/diskphys/ata.32
                0x00000000c0023e3a                ATA::close(int, int, void*)
                0x00000000c0023e5e                ATA::powerSaving(PowerSavingLevel)
                0x00000000c0023e60                ATA::ATA()
                0x00000000c0023e60                ATA::ATA()
                0x00000000c0023e8e                ATA::flush(bool)
                0x00000000c0023ed8                ATA::readyForCommand()
                0x00000000c0023f28                ATA::access(unsigned long long, int, void*, bool)
                0x00000000c00242b0                ATA::read(unsigned long long, int, void*)
                0x00000000c00242fc                ATA::write(unsigned long long, int, void*)
                0x00000000c0024348                ATA::detectCHS()
                0x00000000c0024372                ATA::open(int, int, void*)
 .text          0x00000000c002443e      0x5bd hw/diskphys/atapi.32
                0x00000000c002443e                ATAPI::write(unsigned long long, int, void*)
                0x00000000c0024444                ATAPI::close(int, int, void*)
                0x00000000c0024468                ATAPI::ATAPI()
                0x00000000c0024468                ATAPI::ATAPI()
                0x00000000c0024496                ATAPI::readyForCommand()
                0x00000000c00244e6                ATAPI::sendPacket(unsigned char*, int, bool, unsigned short*, int)
                0x00000000c00247a6                ATAPI::diskRemoved()
                0x00000000c00247c2                ATAPI::eject()
                0x00000000c002480a                ATAPI::diskInserted()
                0x00000000c0024838                ATAPI::detectMedia()
                0x00000000c00248f4                ATAPI::open(int, int, void*)
                0x00000000c002497c                ATAPI::read(unsigned long long, int, void*)
 *fill*         0x00000000c00249fb        0x1 
 .text          0x00000000c00249fc      0x41c hw/diskphys/sata.32
                0x00000000c00249fc                SATA::close(int, int, void*)
                0x00000000c0024a20                SATA::powerSaving(PowerSavingLevel)
                0x00000000c0024a22                SATA::open(int, int, void*)
                0x00000000c0024acc                SATA::SATA()
                0x00000000c0024acc                SATA::SATA()
                0x00000000c0024afa                SATA::access(unsigned long long, int, void*, bool)
                0x00000000c0024d60                SATA::read(unsigned long long, int, void*)
                0x00000000c0024dac                SATA::write(unsigned long long, int, void*)
 .text          0x00000000c0024e18      0x4fe hw/diskphys/satapi.32
                0x00000000c0024e18                SATAPI::write(unsigned long long, int, void*)
                0x00000000c0024e1e                SATAPI::close(int, int, void*)
                0x00000000c0024e42                SATAPI::SATAPI()
                0x00000000c0024e42                SATAPI::SATAPI()
                0x00000000c0024e70                SATAPI::diskRemoved()
                0x00000000c0024e8c                SATAPI::diskInserted()
                0x00000000c0024eba                SATAPI::sendPacket(unsigned char*, int, unsigned long long, unsigned short*, int)
                0x00000000c00250c2                SATAPI::eject()
                0x00000000c002510a                SATAPI::detectMedia()
                0x00000000c00251cc                SATAPI::open(int, int, void*)
                0x00000000c0025274                SATAPI::read(unsigned long long, int, void*)
 .text          0x00000000c0025316       0x8e hw/fpu/avx.32
                0x00000000c0025316                AVX::open(int, int, void*)
                0x00000000c0025328                AVX::close(int, int, void*)
                0x00000000c002533a                AVX::available()
                0x00000000c002534c                AVX::save(void*)
                0x00000000c0025364                AVX::load(void*)
                0x00000000c002537c                AVX::AVX()
                0x00000000c002537c                AVX::AVX()
 .text          0x00000000c00253a4       0x90 hw/fpu/mmx.32
                0x00000000c00253a4                MMX::available()
                0x00000000c00253b8                MMX::open(int, int, void*)
                0x00000000c00253ca                MMX::close(int, int, void*)
                0x00000000c00253dc                MMX::save(void*)
                0x00000000c00253f4                MMX::load(void*)
                0x00000000c002540c                MMX::MMX()
                0x00000000c002540c                MMX::MMX()
 .text          0x00000000c0025434       0x96 hw/fpu/sse.32
                0x00000000c0025434                SSE::open(int, int, void*)
                0x00000000c0025446                SSE::close(int, int, void*)
                0x00000000c0025458                SSE::available()
                0x00000000c0025472                SSE::save(void*)
                0x00000000c002548a                SSE::load(void*)
                0x00000000c00254a2                SSE::SSE()
                0x00000000c00254a2                SSE::SSE()
 .text          0x00000000c00254ca       0x8e hw/fpu/x87.32
                0x00000000c00254ca                x87::open(int, int, void*)
                0x00000000c00254dc                x87::close(int, int, void*)
                0x00000000c00254ee                x87::available()
                0x00000000c0025500                x87::save(void*)
                0x00000000c0025518                x87::load(void*)
                0x00000000c0025530                x87::x87()
                0x00000000c0025530                x87::x87()
 .text          0x00000000c0025558      0x71e hw/intctrl/apic.32
                0x00000000c0025558                APIC::disable()
                0x00000000c002555a                APIC::close(int, int, void*)
                0x00000000c002557c                IOAPIC::close(int, int, void*)
                0x00000000c0025582                APIC::io_wait()
                0x00000000c0025588                APIC::getBase()
                0x00000000c00255ca                APIC::eoi(unsigned char)
                0x00000000c00255f8                APIC::open(int, int, void*)
                0x00000000c0025746                IOAPIC::IOAPIC()
                0x00000000c0025746                IOAPIC::IOAPIC()
                0x00000000c002576e                APIC::APIC()
                0x00000000c002576e                APIC::APIC()
                0x00000000c002584a                IOAPIC::handlesGSIWithNumber(unsigned int)
                0x00000000c002587c                IOAPIC::read(int)
                0x00000000c00258a4                IOAPIC::open(int, int, void*)
                0x00000000c002599a                IOAPIC::write(int, int)
                0x00000000c00259c6                IOAPIC::redirect(unsigned char, unsigned long long, unsigned char, bool, bool)
                0x00000000c0025ac0                APIC::installIRQHandler(int, void (*)(regs*, void*), bool, void*)
 .text          0x00000000c0025c76      0x3d3 hw/intctrl/pic.32
                0x00000000c0025c76                PIC::disable()
                0x00000000c0025ca4                PIC::close(int, int, void*)
                0x00000000c0025cc6                PIC::PIC()
                0x00000000c0025cc6                PIC::PIC()
                0x00000000c0025d9c                PIC::ioWait()
                0x00000000c0025da2                PIC::getIRQReg(int)
                0x00000000c0025e0c                PIC::eoi(unsigned char)
                0x00000000c0025e9e                PIC::remap()
                0x00000000c002600a                PIC::open(int, int, void*)
 *fill*         0x00000000c0026049        0x1 
 .text          0x00000000c002604a      0x25e hw/timer/apictimer.32
                0x00000000c002604a                APICTimer::close(int, int, void*)
                0x00000000c0026050                apicTimerHandler(regs*, void*)
                0x00000000c002607e                APICTimer::write(int)
                0x00000000c0026182                APICTimer::open(int, int, void*)
                0x00000000c0026280                APICTimer::APICTimer()
                0x00000000c0026280                APICTimer::APICTimer()
 .text          0x00000000c00262a8      0x1a7 hw/timer/pit.32
                0x00000000c00262a8                PIT::write(int)
                0x00000000c0026326                pitHandler(regs*, void*)
                0x00000000c0026352                PIT::open(int, int, void*)
                0x00000000c00263a0                PIT::close(int, int, void*)
                0x00000000c00263d0                PIT::PIT()
                0x00000000c00263d0                PIT::PIT()
 *fill*         0x00000000c002644f        0x1 
 .text          0x00000000c0026450       0x1e hw/fpu/x86/avx.32
                0x00000000c0026450                avxDetect
                0x00000000c0026456                avxSave
                0x00000000c0026457                avxLoad
                0x00000000c0026458                avxInit
                0x00000000c0026459                avxClose
                0x00000000c002645a                wouldSheSayYes
 *fill*         0x00000000c002646e        0x2 
 .text          0x00000000c0026470       0x35 hw/fpu/x86/sse.32
                0x00000000c0026470                absolutelyNoChanceInHell
                0x00000000c0026470                sseDetect
                0x00000000c0026488                sseSave
                0x00000000c002648e                sseLoad
                0x00000000c0026494                sseInit
                0x00000000c00264a4                sseClose
 *fill*         0x00000000c00264a5        0xb 
 .text          0x00000000c00264b0       0x4d hw/fpu/x86/x87.32
                0x00000000c00264b6                x87Detect
                0x00000000c00264d1                x87Save
                0x00000000c00264da                x87Load
                0x00000000c00264e2                x87Init
                0x00000000c00264fc                x87Close
 *fill*         0x00000000c00264fd        0x3 
 .text          0x00000000c0026500       0x25 /cygdrive/d/Users/Alex/Desktop/Toolchain/Output/bin/../lib/gcc/i386-banana/8.1.0/crtend.o
 .text          0x00000000c0026525        0x0 crtn.32
 *fill*         0x00000000c0026525        0x3 
 .text          0x00000000c0026528      0x14b /cygdrive/d/Users/Alex/Desktop/Toolchain/Output/bin/../lib/gcc/i386-banana/8.1.0/libkgcc.a(_divdi3.o)
                0x00000000c0026528                __divdi3
 *fill*         0x00000000c0026673        0x1 
 .text          0x00000000c0026674      0x17e /cygdrive/d/Users/Alex/Desktop/Toolchain/Output/bin/../lib/gcc/i386-banana/8.1.0/libkgcc.a(_moddi3.o)
                0x00000000c0026674                __moddi3
 *fill*         0x00000000c00267f2        0x2 
 .text          0x00000000c00267f4       0xff /cygdrive/d/Users/Alex/Desktop/Toolchain/Output/bin/../lib/gcc/i386-banana/8.1.0/libkgcc.a(_udivdi3.o)
                0x00000000c00267f4                __udivdi3
 *fill*         0x00000000c00268f3        0x1 
 .text          0x00000000c00268f4      0x11a /cygdrive/d/Users/Alex/Desktop/Toolchain/Output/bin/../lib/gcc/i386-banana/8.1.0/libkgcc.a(_umoddi3.o)
                0x00000000c00268f4                __umoddi3
 .text          0x00000000c0026a0e      0x96d D:/Users/Alex/Desktop/Banana/kernel/libsoftfp.a(sfieeelib.o)
                0x00000000c0026a0e                __addsf3
                0x00000000c0026d10                __subsf3
                0x00000000c0026d24                __negsf2
                0x00000000c0026d31                __mulsf3
                0x00000000c0026ef4                __divsf3
                0x00000000c002711f                __floatsisf
                0x00000000c0027193                __floatunsisf
                0x00000000c00271d5                __fixsfsi
                0x00000000c0027237                __fixunssfsi
                0x00000000c0027268                __cmpsf2
                0x00000000c00272fd                __eqsf2
                0x00000000c0027338                __nesf2
                0x00000000c002733a                __gtsf2
                0x00000000c0027375                __gesf2
                0x00000000c0027377                __ltsf2
                0x00000000c0027379                __lesf2
 .text          0x00000000c002737b      0xf50 D:/Users/Alex/Desktop/Banana/kernel/libsoftfp.a(dfieeelib.o)
                0x00000000c002737b                __adddf3
                0x00000000c00279cc                __subdf3