Archive member included to satisfy reference by file (symbol)

/cygdrive/d/Users/Alex/Desktop/Toolchain/Output/bin/../lib/gcc/i386-banana/8.1.0/libkgcc.a(_divdi3.o)
                              fs/fat/ff.32 (__divdi3)
/cygdrive/d/Users/Alex/Desktop/Toolchain/Output/bin/../lib/gcc/i386-banana/8.1.0/libkgcc.a(_moddi3.o)
                              thr/elf.32 (__moddi3)
/cygdrive/d/Users/Alex/Desktop/Toolchain/Output/bin/../lib/gcc/i386-banana/8.1.0/libkgcc.a(_udivdi3.o)
                              fs/fat/ff.32 (__udivdi3)
/cygdrive/d/Users/Alex/Desktop/Toolchain/Output/bin/../lib/gcc/i386-banana/8.1.0/libkgcc.a(_umoddi3.o)
                              core/pipe.32 (__umoddi3)
D:/Users/Alex/Desktop/Banana/kernel/libsoftfp.a(sfieeelib.o)
                              hal/sound/sndhw.32 (__addsf3)
D:/Users/Alex/Desktop/Banana/kernel/libsoftfp.a(dfieeelib.o)
                              hal/libresample/src_linear.32 (__adddf3)
D:/Users/Alex/Desktop/Banana/kernel/libsoftfp.a(sfdfcvt.o)
                              hal/libresample/samplerate.32 (__truncdfsf2)
D:/Users/Alex/Desktop/Banana/kernel/libk/libm32.a(s_fabs.c.o)
                              hal/libresample/samplerate.32 (fabs)
D:/Users/Alex/Desktop/Banana/kernel/libk/libm32.a(s_lrint.S.o)
                              hal/libresample/samplerate.32 (lrint)
D:/Users/Alex/Desktop/Banana/kernel/libk/libm32.a(s_lrintf.S.o)
                              hal/sound/sndhw.32 (lrintf)

Discarded input sections

 .comment       0x0000000000000000       0x12 /cygdrive/d/Users/Alex/Desktop/Toolchain/Output/bin/../lib/gcc/i386-banana/8.1.0/crtbegin.o
 .comment       0x0000000000000000       0x12 acpica/utclib.32
 .comment       0x0000000000000000       0x12 core/malloc.32
 .comment       0x0000000000000000       0x12 libk/string.32
 .comment       0x0000000000000000       0x12 fs/fat/diskio.32
 .comment       0x0000000000000000       0x12 fs/fat/ff.32
 .comment       0x0000000000000000       0x12 fs/fat/ffsystem.32
 .comment       0x0000000000000000       0x12 fs/fat/ffunicode.32
 .comment       0x0000000000000000       0x12 hal/libresample/samplerate.32
 .comment       0x0000000000000000       0x12 hal/libresample/src_linear.32
 .comment       0x0000000000000000       0x12 hal/libresample/src_sinc.32
 .comment       0x0000000000000000       0x12 hal/libresample/src_zoh.32
 .comment       0x0000000000000000       0x12 compat/inlines.32
 .group         0x0000000000000000       0x14 core/computer.32
 .group         0x0000000000000000        0xc core/computer.32
 .comment       0x0000000000000000       0x12 core/computer.32
 .comment       0x0000000000000000       0x12 core/gdt.32
 .group         0x0000000000000000        0xc core/idle.32
 .comment       0x0000000000000000       0x12 core/idle.32
 .comment       0x0000000000000000       0x12 core/idt.32
 .comment       0x0000000000000000       0x12 core/kheap.32
 .comment       0x0000000000000000       0x12 core/main.32
 .comment       0x0000000000000000       0x12 core/physmgr.32
 .group         0x0000000000000000        0xc core/pipe.32
 .comment       0x0000000000000000       0x12 core/pipe.32
 .group         0x0000000000000000        0xc core/terminal.32
 .comment       0x0000000000000000       0x12 core/terminal.32
 .comment       0x0000000000000000       0x12 core/tss.32
 .group         0x0000000000000000        0x8 core/unixfile.32
 .group         0x0000000000000000        0xc core/unixfile.32
 .group         0x0000000000000000        0xc core/unixfile.32
 .group         0x0000000000000000        0x8 core/unixfile.32
 .group         0x0000000000000000        0xc core/unixfile.32
 .group         0x0000000000000000        0x8 core/unixfile.32
 .group         0x0000000000000000        0xc core/unixfile.32
 .group         0x0000000000000000        0xc core/unixfile.32
 .comment       0x0000000000000000       0x12 core/unixfile.32
 .comment       0x0000000000000000       0x12 core/virtmgr.32
 .comment       0x0000000000000000       0x12 coreobjs/c++.32
 .comment       0x0000000000000000       0x12 dbg/kconsole.32
 .group         0x0000000000000000        0xc fs/vfs.32
 .group         0x0000000000000000        0xc fs/vfs.32
 .group         0x0000000000000000        0xc fs/vfs.32
 .comment       0x0000000000000000       0x12 fs/vfs.32
 .group         0x0000000000000000        0xc hal/bus.32
 .comment       0x0000000000000000       0x12 hal/bus.32
 .group         0x0000000000000000        0xc hal/buzzer.32
 .comment       0x0000000000000000       0x12 hal/buzzer.32
 .group         0x0000000000000000        0xc hal/clock.32
 .comment       0x0000000000000000       0x12 hal/clock.32
 .group         0x0000000000000000       0x14 hal/device.32
 .group         0x0000000000000000        0xc hal/device.32
 .group         0x0000000000000000        0xc hal/device.32
 .group         0x0000000000000000        0xc hal/device.32
 .group         0x0000000000000000        0xc hal/device.32
[...]
Memory Configuration

Name             Origin             Length             Attributes
*default*        0x0000000000000000 0xffffffffffffffff

Linker script and memory map

LOAD D:/Users/Alex/Desktop/Banana/kernel/boot.32
LOAD crti.32
LOAD /cygdrive/d/Users/Alex/Desktop/Toolchain/Output/bin/../lib/gcc/i386-banana/8.1.0/crtbegin.o
LOAD D:/Users/Alex/Desktop/Banana/kernel/morenasm.32
LOAD acpica/utclib.32
LOAD core/malloc.32
LOAD libk/string.32
LOAD fs/fat/diskio.32
LOAD fs/fat/ff.32
LOAD fs/fat/ffsystem.32
LOAD fs/fat/ffunicode.32
LOAD hal/libresample/samplerate.32
LOAD hal/libresample/src_linear.32
LOAD hal/libresample/src_sinc.32
LOAD hal/libresample/src_zoh.32
LOAD compat/inlines.32
LOAD core/computer.32
LOAD core/gdt.32
LOAD core/idle.32
LOAD core/idt.32
LOAD core/kheap.32
LOAD core/main.32
LOAD core/physmgr.32
LOAD core/pipe.32
LOAD core/terminal.32
LOAD core/tss.32
LOAD core/unixfile.32
LOAD core/virtmgr.32
LOAD coreobjs/c++.32
LOAD dbg/kconsole.32
LOAD fs/vfs.32
LOAD hal/bus.32
LOAD hal/buzzer.32
LOAD hal/clock.32
LOAD hal/device.32
LOAD hal/diskctrl.32
LOAD hal/diskphys.32
LOAD hal/fpu.32
LOAD hal/intctrl.32
LOAD hal/keybrd.32
LOAD hal/logidisk.32
LOAD hal/mouse.32
LOAD hal/partition.32
LOAD hal/timer.32
LOAD hal/vcache.32
LOAD hal/video.32
LOAD hw/acpi.32
LOAD hw/cpu.32
LOAD hw/ports.32
LOAD krnl/panic.32
LOAD reg/registry.32
LOAD sys/sc_exit.32
LOAD sys/sc_loaddll.32
LOAD sys/sc_read.32
LOAD sys/sc_sbrk.32
LOAD sys/sc_write.32
LOAD sys/sc_yield.32
LOAD sys/syscalls.32
LOAD thr/elf.32
LOAD thr/prcssthr.32
LOAD vm86/vm8086.32
LOAD vm86/x87em.32
LOAD fs/fat/vfslink.32
LOAD fs/iso9660/vfslink.32
LOAD hal/sound/sndchannel.32
LOAD hal/sound/sndhw.32
LOAD hw/bus/isa.32
LOAD hw/bus/pci.32
LOAD hw/diskctrl/ide.32
LOAD hw/diskphys/ata.32
LOAD hw/diskphys/atapi.32
LOAD hw/fpu/avx.32
LOAD hw/fpu/mmx.32
LOAD hw/fpu/sse.32
LOAD hw/fpu/x87.32
LOAD hw/intctrl/apic.32
LOAD hw/intctrl/pic.32
LOAD hw/timer/apictimer.32
LOAD hw/timer/pit.32
LOAD hw/fpu/x86/avx.32
LOAD hw/fpu/x86/sse.32
LOAD hw/fpu/x86/x87.32
LOAD /cygdrive/d/Users/Alex/Desktop/Toolchain/Output/bin/../lib/gcc/i386-banana/8.1.0/crtend.o
LOAD crtn.32
LOAD /cygdrive/d/Users/Alex/Desktop/Toolchain/Output/bin/../lib/gcc/i386-banana/8.1.0/libkgcc.a
LOAD D:/Users/Alex/Desktop/Banana/kernel/libsoftfp.a
LOAD D:/Users/Alex/Desktop/Banana/kernel/libk/libm32.a
                0x00000000c0000000                . = 0xc0000000

.text           0x00000000c0000000    0x25478
 *(.text)
 .text          0x00000000c0000000       0x41 D:/Users/Alex/Desktop/Banana/kernel/boot.32
                0x00000000c0000020                callGlobalConstructors
 .text          0x00000000c0000041        0x0 crti.32
 *fill*         0x00000000c0000041        0x3 
 .text          0x00000000c0000044      0x101 /cygdrive/d/Users/Alex/Desktop/Toolchain/Output/bin/../lib/gcc/i386-banana/8.1.0/crtbegin.o
 *fill*         0x00000000c0000145        0xb 
 .text          0x00000000c0000150      0x494 D:/Users/Alex/Desktop/Banana/kernel/morenasm.32
                0x00000000c0000150                prepareTramp
                0x00000000c0000169                voodooXADD
                0x00000000c0000234                doTPAUSE
                0x00000000c000023e                hasLegacyFPU
                0x00000000c0000263                is486
                0x00000000c0000299                detectCPUID
                0x00000000c00002af                goToVM86
                0x00000000c00002e0                goToUsermode
                0x00000000c000030b                switchToThreadASMFirstTime
                0x00000000c0000319                switchToThreadASM
                0x00000000c00003a1                asmQuickAcquireLock
                0x00000000c00003bf                asmQuickReleaseLock
                0x00000000c00003cb                asmAcquireLock
                0x00000000c00003ec                asmReleaseLock
                0x00000000c00003ff                loadGDT
                0x00000000c000041f                isr0
                0x00000000c000042f                isr1
                0x00000000c0000439                isr2
                0x00000000c0000443                isr3
                0x00000000c000044d                isr4
                0x00000000c0000457                isr5
                0x00000000c0000461                isr6
                0x00000000c000046b                isr7
                0x00000000c0000475                isr8
                0x00000000c000047d                isr9
                0x00000000c0000487                isr10
                0x00000000c000048f                isr11
                0x00000000c0000497                isr12
                0x00000000c000049f                isr13
                0x00000000c00004a7                isr14
                0x00000000c00004af                isr15
                0x00000000c00004b9                isr16
                0x00000000c00004c3                isr17
                0x00000000c00004cd                isr18
                0x00000000c00004d7                irq3
                0x00000000c00004e1                irq4
                0x00000000c00004eb                irq5
                0x00000000c00004f5                irq6
                0x00000000c00004ff                irq7
                0x00000000c0000509                irq8
                0x00000000c0000513                irq9
                0x00000000c000051d                irq10
                0x00000000c0000527                irq11
                0x00000000c0000531                irq12
                0x00000000c000053b                irq13
                0x00000000c0000545                irq14
                0x00000000c000054f                irq15
                0x00000000c0000559                irq1
                0x00000000c0000560                irq2
                0x00000000c0000567                isr96
                0x00000000c000056e                irq0
                0x00000000c0000573                syscall_common_stub
                0x00000000c0000573                int_common_stub
                0x00000000c0000594                irq16
                0x00000000c000059e                irq17
                0x00000000c00005a8                irq18
                0x00000000c00005b2                irq19
                0x00000000c00005bc                irq20
                0x00000000c00005c6                irq21
                0x00000000c00005d0                irq22
                0x00000000c00005da                irq23
 .text          0x00000000c00005e4      0x40f acpica/utclib.32
                0x00000000c00005e4                memcmp
                0x00000000c000060f                memmove
                0x00000000c0000647                memcpy
                0x00000000c000067d                memset
                0x00000000c000069a                strlen
                0x00000000c00006aa                strpbrk
                0x00000000c00006cd                strtok
                0x00000000c000071c                strcpy
                0x00000000c000073c                strncpy
                0x00000000c000076d                strcmp
                0x00000000c000078e                strchr
                0x00000000c00007a4                strncmp
                0x00000000c00007d3                strcat
                0x00000000c00007fa                strncat
                0x00000000c0000834                strstr
                0x00000000c0000871                toupper
                0x00000000c0000885                tolower
                0x00000000c0000899                simple_strtoul
 .text          0x00000000c00009f3      0xfbf core/malloc.32
                0x00000000c0000b5e                dlfree
                0x00000000c0000eb9                dlmalloc
                0x00000000c00013f6                dlrealloc
                0x00000000c00015ab                dlmemalign
                0x00000000c00016ce                dlcalloc
                0x00000000c0001768                dlcfree
                0x00000000c000176d                dlindependent_calloc
                0x00000000c0001792                dlindependent_comalloc
                0x00000000c00017a9                dlvalloc
                0x00000000c00017d4                dlpvalloc
                0x00000000c000180a                dlmalloc_trim
                0x00000000c0001817                dlmalloc_usable_size
                0x00000000c0001848                dlmallinfo
                0x00000000c0001917                dlmalloc_stats
                0x00000000c0001928                dlmallopt
 .text          0x00000000c00019b2        0x0 libk/string.32
 .text          0x00000000c00019b2       0x51 fs/fat/diskio.32
                0x00000000c00019b2                disk_status
                0x00000000c00019b5                disk_initialize
                0x00000000c00019b8                disk_read
                0x00000000c00019ce                disk_write
                0x00000000c00019e4                disk_ioctl
 .text          0x00000000c0001a03     0x6833 fs/fat/ff.32
                0x00000000c0004cd1                f_mount
                0x00000000c0004d33                f_open
                0x00000000c000516f                f_read
                0x00000000c00053ef                f_write
                0x00000000c00056a9                f_sync
                0x00000000c0005885                f_close
                0x00000000c00058b4                f_lseek
                0x00000000c0005d6b                f_opendir
                0x00000000c0005e6d                f_closedir
                0x00000000c0005e8f                f_readdir
                0x00000000c0005f2a                f_stat
                0x00000000c0005fb9                f_getfree
                0x00000000c0006184                f_truncate
                0x00000000c000627c                f_unlink
                0x00000000c00063ff                f_mkdir
                0x00000000c000662b                f_rename
                0x00000000c000691e                f_chmod
                0x00000000c00069fc                f_utime
                0x00000000c0006ada                f_getlabel
                0x00000000c0006cc8                f_setlabel
                0x00000000c0006f35                f_forward
                0x00000000c0007113                f_mkfs
 .text          0x00000000c0008236       0x2d fs/fat/ffsystem.32
                0x00000000c0008236                ff_memalloc
                0x00000000c000824c                ff_memfree
 .text          0x00000000c0008263      0x253 fs/fat/ffunicode.32
                0x00000000c0008263                ff_uni2oem
                0x00000000c00082f3                ff_oem2uni
                0x00000000c000835f                ff_wtoupper
 .text          0x00000000c00084b6      0x8fb hal/libresample/samplerate.32
                0x00000000c00084fa                src_delete
                0x00000000c0008536                src_process
                0x00000000c00086ec                src_callback_read
                0x00000000c0008869                src_set_ratio
                0x00000000c00088d3                src_get_channels
                0x00000000c00088f5                src_reset
                0x00000000c0008941                src_new
                0x00000000c00089cf                src_callback_new
                0x00000000c0008a31                src_get_name
                0x00000000c0008a68                src_get_description
                0x00000000c0008a9f                src_get_version
                0x00000000c0008aa5                src_is_valid_ratio
                0x00000000c0008af9                src_error
                0x00000000c0008b07                src_strerror
                0x00000000c0008b1a                src_simple
                0x00000000c0008b6d                src_short_to_float_array
                0x00000000c0008bd2                src_float_to_short_array
                0x00000000c0008c91                src_int_to_float_array
                0x00000000c0008cf4                src_float_to_int_array
 .text          0x00000000c0008db1      0x8cb hal/libresample/src_linear.32
                0x00000000c00095d7                linear_get_name
                0x00000000c00095e6                linear_get_description
                0x00000000c00095f5                linear_set_converter
 .text          0x00000000c000967c     0x447c hal/libresample/src_sinc.32
                0x00000000c000da0f                sinc_get_name
                0x00000000c000da22                sinc_get_description
                0x00000000c000da35                sinc_set_converter
 .text          0x00000000c000daf8      0x77c hal/libresample/src_zoh.32
                0x00000000c000e1cf                zoh_get_name
                0x00000000c000e1de                zoh_get_description
                0x00000000c000e1ed                zoh_set_converter
 .text          0x00000000c000e274        0xd compat/inlines.32
                0x00000000c000e274                CPU::current()
 *fill*         0x00000000c000e281        0x1 
 .text          0x00000000c000e282      0xa11 core/computer.32
                0x00000000c000e282                Computer::close(int, int, void*)
                0x00000000c000e2c6                Computer::Computer()
                0x00000000c000e2c6                Computer::Computer()
                0x00000000c000e422                Computer::setBootMessage(char const*)
                0x00000000c000e424                Computer::start()
                0x00000000c000e500                firstTask()
                0x00000000c000e50e                Computer::detectFeatures()
                0x00000000c000e718                Computer::displayFeatures()
                0x00000000c000ea5e                Computer::rdmsr(unsigned int)
                0x00000000c000ea8a                Computer::wrmsr(unsigned int, unsigned long long)
                0x00000000c000eac2                Computer::nmiEnabled()
                0x00000000c000eace                Computer::readCMOS(unsigned char)
                0x00000000c000eae8                Computer::enableNMI(bool)
                0x00000000c000eb00                Computer::open(int, int, void*)
                0x00000000c000ebd6                Computer::disableNMI()
                0x00000000c000ebe4                Computer::writeCMOS(unsigned char, unsigned char)
                0x00000000c000ec02                Computer::handleNMI()
                0x00000000c000ec68                Computer::setDiskActivityLight(int, bool)
 *fill*         0x00000000c000ec93        0x1 
 .text          0x00000000c000ec94      0x1b7 core/gdt.32
                0x00000000c000ec94                GDTEntry::setBase(unsigned int)
                0x00000000c000ecb0                GDTEntry::setLimit(unsigned int)
                0x00000000c000ecce                GDT::GDT()
                0x00000000c000ecce                GDT::GDT()
                0x00000000c000ece4                GDT::addEntry(GDTEntry)
                0x00000000c000ed20                GDT::getNumberOfEntries()
                0x00000000c000ed28                GDT::flush()
                0x00000000c000ed4a                GDT::setup()
 .text          0x00000000c000ee4b       0x62 core/idle.32
                0x00000000c000ee4b                idleFunction(void*)
 *fill*         0x00000000c000eead        0x1 
 .text          0x00000000c000eeae      0x45f core/idt.32
                0x00000000c000eeae                IDTEntry::IDTEntry(bool)
                0x00000000c000eeae                IDTEntry::IDTEntry(bool)
                0x00000000c000ef1c                IDTEntry::setOffset(unsigned int)
                0x00000000c000ef30                IDT::IDT()
                0x00000000c000ef30                IDT::IDT()
                0x00000000c000ef32                IDT::getPointerToInvalidOpcodeEntryForF00F()
                0x00000000c000ef3a                IDT::addEntry(IDTEntry, int)
                0x00000000c000ef54                IDT::addEntry(int, void (*)(), bool)
                0x00000000c000ef8c                IDT::flush()
                0x00000000c000efa6                IDT::setup()
 .text          0x00000000c000f30d      0x203 core/kheap.32
                0x00000000c000f30d                sbrk
                0x00000000c000f41b                mmap
                0x00000000c000f431                munmap
                0x00000000c000f447                liballoc_lock()
                0x00000000c000f458                liballoc_unlock()
                0x00000000c000f469                liballoc_alloc(int)
                0x00000000c000f484                liballoc_free(void*, int)
                0x00000000c000f4a2                realloc
                0x00000000c000f4b6                malloc
                0x00000000c000f4c6                free
                0x00000000c000f4d6                rfree
                0x00000000c000f4e6                calloc
 .text          0x00000000c000f510      0x38d core/main.32
                0x00000000c000f510                hwTextMode_loadInData(VgaText*)
                0x00000000c000f555                hwTextMode_loadInTitle(VgaText*, char*)
                0x00000000c000f597                hwTextMode_showCursor(VgaText*, bool)
                0x00000000c000f5eb                hwTextMode_update(VgaText*)
                0x00000000c000f5ec                hwTextMode_updateCursor(VgaText*)
                0x00000000c000f634                hwTextMode_disableBlink(VgaText*, bool)
                0x00000000c000f670                hwTextMode_scrollScreen(VgaText*)
                0x00000000c000f6f6                hwTextMode_writeCharacter(VgaText*, char, VgaColour, VgaColour, int, int)
                0x00000000c000f754                setupTextMode()
                0x00000000c000f7a5                kernel_main
 .text          0x00000000c000f89d      0x4f3 core/physmgr.32
                0x00000000c000f89d                Phys::allocateDMA(unsigned long)
                0x00000000c000f940                Phys::freeDMA(unsigned long, unsigned long)
                0x00000000c000f988                Phys::setPageState(unsigned long, bool)
                0x00000000c000f9ba                Phys::getPageState(unsigned long)
                0x00000000c000f9d6                Phys::freePage(unsigned long)
                0x00000000c000fa60                Phys::allocatePage()
                0x00000000c000fb28                Phys::allowSegmentToBeUsed(unsigned long, unsigned long)
                0x00000000c000fb60                Phys::physicalMemorySetup(unsigned int)
 .text          0x00000000c000fd90      0x273 core/pipe.32
                0x00000000c000fd90                Pipe::isAtty()
                0x00000000c000fd94                Pipe::~Pipe()
                0x00000000c000fd94                Pipe::~Pipe()
                0x00000000c000fdb8                Pipe::~Pipe()
                0x00000000c000fde0                Pipe::read(unsigned long long, void*, int*)
                0x00000000c000fed4                Pipe::write(unsigned long long, void*, int*)
                0x00000000c000ff9c                Pipe::Pipe(int)
                0x00000000c000ff9c                Pipe::Pipe(int)
 *fill*         0x00000000c0010003        0x1 
 .text          0x00000000c0010004      0xf65 core/terminal.32
                0x00000000c0010004                VgaText::isAtty()
                0x00000000c0010008                VgaText::~VgaText()
                0x00000000c0010008                VgaText::~VgaText()
                0x00000000c001002c                VgaText::~VgaText()
                0x00000000c0010056                VgaText::read(unsigned long long, void*, int*)
                0x00000000c0010076                setTerminalScrollLock(bool)
                0x00000000c0010077                addToTerminalCycle(VgaText*)
                0x00000000c00100a4                installVgaTextImplementation()
                0x00000000c00100b9                scrollTerminalScrollLock(int)
                0x00000000c00100ba                VgaText::load()
                0x00000000c001010e                VgaText::updateCursor()
                0x00000000c0010128                VgaText::showCursor(bool)
                0x00000000c0010138                VgaText::disableBlink(bool)
                0x00000000c0010172                VgaText::doANSI_SGR(int)
                0x00000000c00101fe                VgaText::setDefaultBgColour(VgaColour)
                0x00000000c0010214                VgaText::setDefaultFgColour(VgaColour)
                0x00000000c001022a                VgaText::setDefaultColours(VgaColour, VgaColour)
                0x00000000c001024a                VgaText::combineColours(unsigned char, unsigned char)
                0x00000000c001025c                VgaText::scrollScreen()
                0x00000000c00102f0                VgaText::combineCharAndColour(char, unsigned char)
                0x00000000c0010302                VgaText::writeCharacter(char, VgaColour, VgaColour, int, int)
                0x00000000c0010362                VgaText::getCursorX()
                0x00000000c001036e                VgaText::getCursorY()
                0x00000000c001037a                VgaText::setCursor(int, int)
                0x00000000c0010398                VgaText::setCursorX(int)
                0x00000000c00103b4                VgaText::setCursorY(int)
                0x00000000c00103d0                VgaText::incrementCursor(bool)
                0x00000000c0010438                VgaText::updateRAMUsageDisplay(int)
                0x00000000c0010492                VgaText::updateDiskUsage()
                0x00000000c00105f8                VgaText::updateTitle()
                0x00000000c001063e                VgaText::setTitleTextColour(VgaColour)
                0x00000000c001064e                VgaText::setTitleColour(VgaColour)
                0x00000000c001065e                VgaText::setTitle(char*)
                0x00000000c0010684                VgaText::decrementCursor(bool)
                0x00000000c00106ac                VgaText::putchar(char, VgaColour, VgaColour)
                0x00000000c00107a8                VgaText::isShowingCursor()
                0x00000000c00107b4                VgaText::isBlinkDisabled()
                0x00000000c00107c2                VgaText::setCursorHeight(int)
                0x00000000c00107e0                VgaText::getCursorHeight()
                0x00000000c00107eb                setActiveTerminal(VgaText*)
                0x00000000c001089d                doTerminalCycle()
                0x00000000c00108ba                VgaText::doUpdate()
                0x00000000c00108cc                VgaText::puts(char const*, VgaColour, VgaColour)
                0x00000000c0010a8c                VgaText::clearScreen()
                0x00000000c0010af0                VgaText::putchar(char)
                0x00000000c0010c0a                VgaText::puts(char const*)
                0x00000000c0010c30                VgaText::putx(unsigned int)
                0x00000000c0010c76                VgaText::VgaText(char const*)
                0x00000000c0010c76                VgaText::VgaText(char const*)
                0x00000000c0010e08                VgaText::receiveKey(unsigned char)
                0x00000000c0010ef0                VgaText::write(unsigned long long, void*, int*)
                0x00000000c0010f44                newTerminal(char*)
 *fill*         0x00000000c0010f69        0x1 
 .text          0x00000000c0010f6a      0x1b3 core/tss.32
                0x00000000c0010f6a                TSS::TSS()
                0x00000000c0010f6a                TSS::TSS()
                0x00000000c0010f78                TSS::setESP(unsigned long)
                0x00000000c0010f8a                TSS::flush()
                0x00000000c0010faa                TSS::setup(unsigned long, unsigned long)
 *fill*         0x00000000c001111d        0x1 
 .text          0x00000000c001111e      0x482 core/unixfile.32
                0x00000000c001111e                ReservedFilename::read(unsigned long long, void*, int*)
                0x00000000c0011174                ReservedFilename::isAtty()
                0x00000000c0011190                ReservedFilename::write(unsigned long long, void*, int*)
                0x00000000c00111ee                UnixFile::getFileDescriptor()
                0x00000000c00111f6                UnixFile::UnixFile(int)
                0x00000000c00111f6                UnixFile::UnixFile(int)
                0x00000000c0011366                ReservedFilename::ReservedFilename(int)
                0x00000000c0011366                ReservedFilename::ReservedFilename(int)
                0x00000000c0011398                UnixFile::~UnixFile()
                0x00000000c0011398                UnixFile::~UnixFile()
                0x00000000c0011430                UnixFile::~UnixFile()
                0x00000000c0011458                ReservedFilename::~ReservedFilename()
                0x00000000c0011458                ReservedFilename::~ReservedFilename()
                0x00000000c001147c                ReservedFilename::~ReservedFilename()
                0x00000000c00114a3                getFromFileDescriptor(int)
 .text          0x00000000c00115a0      0xed9 core/virtmgr.32
                0x00000000c00115a0                Virt::setPageState(unsigned long, Virt::VirtPageState)
                0x00000000c00115d5                Virt::getPageState(unsigned long)
                0x00000000c00115f9                Virt::allocateKernelVirtualPages(int)
                0x00000000c001170a                Virt::virtualMemorySetup()
                0x00000000c0011789                Virt::getAKernelVAS()
                0x00000000c001178f                Virt::setupPageSwapping(int)
                0x00000000c00118b4                VAS::VAS()
                0x00000000c00118b4                VAS::VAS()
                0x00000000c00118e4                VAS::VAS(VAS*)
                0x00000000c00118e4                VAS::VAS(VAS*)
                0x00000000c0011908                VAS::getForeignPageTableEntry(bool, unsigned long)
                0x00000000c0011934                VAS::getPageTableEntry(unsigned long)
                0x00000000c0011953                Virt::freeKernelVirtualPages(unsigned long)
                0x00000000c0011a76                VAS::freeAllocatedPages(unsigned long)
                0x00000000c0011a9a                VAS::virtualToPhysical(unsigned long)
                0x00000000c0011ab2                VAS::reflagRange(unsigned long, int, int, int)
                0x00000000c0011af2                VAS::setToWriteCombining(unsigned long, int)
                0x00000000c0011b24                VAS::mapOtherVASIn(bool, VAS*)
                0x00000000c0011b4e                VAS::~VAS()
                0x00000000c0011b4e                VAS::~VAS()
                0x00000000c0011cba                VAS::mapPage(unsigned long, unsigned long, int)
                0x00000000c0011dba                VAS::allocatePages(int, int)
                0x00000000c0011f92                VAS::setCPUSpecific(unsigned long)
                0x00000000c0011fae                VAS::mapRange(unsigned long, unsigned long, int, int)
                0x00000000c0012074                VAS::mapForeignPage(bool, VAS*, unsigned long, unsigned long, int)
                0x00000000c0012162                VAS::VAS(bool)
                0x00000000c0012162                VAS::VAS(bool)
                0x00000000c00123bd                mapVASFirstTime
 .text          0x00000000c0012479       0x75 coreobjs/c++.32
                0x00000000c0012479                __cxa_atexit
                0x00000000c001247c                __cxa_finalize
                0x00000000c001247d                __stack_chk_fail
                0x00000000c00124dd                __cxa_pure_virtual
 .text          0x00000000c00124ee      0x1ef dbg/kconsole.32
                0x00000000c00124ee                Dbg::stringifyxWithBase(unsigned int, char*, int)
                0x00000000c001254f                Dbg::logc(char)
                0x00000000c0012566                Dbg::logs(char*)
                0x00000000c0012583                Dbg::logWriteInt(unsigned int)
                0x00000000c00125a0                Dbg::logWriteIntBase(unsigned int, int)
                0x00000000c00125bf                Dbg::kprintf(char const*, ...)
 *fill*         0x00000000c00126dd        0x1 
 .text          0x00000000c00126de      0xb68 fs/vfs.32
                0x00000000c00126de                File::read(unsigned long long, void*, int*)
                0x00000000c0012736                File::write(unsigned long long, void*, int*)
                0x00000000c001278e                Directory::read(unsigned long long, void*, int*)
                0x00000000c00127e6                Directory::write(unsigned long long, void*, int*)
                0x00000000c0012814                File::isAtty()
                0x00000000c0012818                Directory::isAtty()
                0x00000000c001281c                Filesystem::getlabel(LogicalDisk*, int, char*, unsigned int*)
                0x00000000c0012822                Filesystem::setlabel(LogicalDisk*, int, char*)
                0x00000000c0012828                File::~File()
                0x00000000c0012828                File::~File()
                0x00000000c001284c                File::~File()
                0x00000000c0012876                Directory::~Directory()
                0x00000000c0012876                Directory::~Directory()
                0x00000000c001289a                Directory::~Directory()
                0x00000000c00128c4                Filesystem::Filesystem()
                0x00000000c00128c4                Filesystem::Filesystem()
                0x00000000c00128e8                Filesystem::~Filesystem()
                0x00000000c00128e8                Filesystem::~Filesystem()
                0x00000000c00128f6                Filesystem::~Filesystem()
                0x00000000c001291a                initVFS()
                0x00000000c0012944                standardiseFiles(char*, char const*, char const*)
                0x00000000c0012aee                File::File(char const*, Process*)
                0x00000000c0012aee                File::File(char const*, Process*)
                0x00000000c0012b52                File::open(FileOpenMode)
                0x00000000c0012bb0                File::close()
                0x00000000c0012c10                File::seek(unsigned long long)
                0x00000000c0012c66                File::tell(unsigned long long*)
                0x00000000c0012cb6                File::rewind()
                0x00000000c0012cca                File::unlink()
                0x00000000c0012d16                File::rename(char const*)
                0x00000000c0012d64                File::chfatattr(unsigned char, unsigned char)
                0x00000000c0012dc0                File::exists()
                0x00000000c0012dfe                File::stat(unsigned long long*, bool*)
                0x00000000c0012e5f                getcwd(Process*, char*, int)
                0x00000000c0012e89                setcwd(Process*, char*)
                0x00000000c0012fb0                Directory::Directory(char const*, Process*)
                0x00000000c0012fb0                Directory::Directory(char const*, Process*)
                0x00000000c0013014                Directory::open()
                0x00000000c0013070                Directory::close()
                0x00000000c00130d0                Directory::unlink()
                0x00000000c001311c                Directory::rename(char const*)
                0x00000000c001316a                Directory::exists()
                0x00000000c00131a8                Directory::read(dirent*)
                0x00000000c00131f4                Directory::create()
                0x00000000c0013240                Filesystem::chfatattr(char const*, unsigned char, unsigned char)
 .text          0x00000000c0013246       0x84 hal/bus.32
                0x00000000c0013246                Bus::Bus(char const*)
                0x00000000c0013246                Bus::Bus(char const*)
                0x00000000c001327c                Bus::~Bus()
                0x00000000c001327c                Bus::~Bus()
                0x00000000c00132a0                Bus::~Bus()
 .text          0x00000000c00132ca      0x14e hal/buzzer.32
                0x00000000c00132ca                Buzzer::Buzzer(char const*)
                0x00000000c00132ca                Buzzer::Buzzer(char const*)
                0x00000000c001330e                Buzzer::~Buzzer()
                0x00000000c001330e                Buzzer::~Buzzer()
                0x00000000c0013332                Buzzer::~Buzzer()
                0x00000000c001335c                Buzzer::stop()
                0x00000000c001336f                beepThread(void*)
                0x00000000c00133aa                Buzzer::beep(int, int, bool)
 .text          0x00000000c0013418      0x42f hal/clock.32
                0x00000000c0013418                loadClockSettings()
                0x00000000c0013432                Clock::Clock(char const*)
                0x00000000c0013432                Clock::Clock(char const*)
                0x00000000c0013468                Clock::~Clock()
                0x00000000c0013468                Clock::~Clock()
                0x00000000c001348c                Clock::~Clock()
                0x00000000c00134b6                Clock::timeInSecondsLocal()
                0x00000000c00134fe                Clock::setTimeInSecondsLocal(unsigned long long)
                0x00000000c0013557                datetimeToSeconds(datetime_t)
                0x00000000c001367e                Clock::setTimeInDatetimeLocal(datetime_t)
                0x00000000c00136de                secondsToDatetime(unsigned long long)
                0x00000000c0013822                Clock::timeInDatetimeLocal()
 *fill*         0x00000000c0013847        0x1 
 .text          0x00000000c0013848      0x4d4 hal/device.32
                0x00000000c0013848                Device::hibernate()
                0x00000000c001384a                Device::wake()
                0x00000000c001384c                Device::detect()
                0x00000000c001384e                Device::disableLegacy()
                0x00000000c0013850                Device::powerSaving(PowerSavingLevel)
                0x00000000c0013852                DriverlessDevice::close(int, int, void*)
                0x00000000c0013856                DriverlessDevice::detect()
                0x00000000c0013858                DriverlessDevice::open(int, int, void*)
                0x00000000c001386c                Device::~Device()
                0x00000000c001386c                Device::~Device()
                0x00000000c001387a                Device::~Device()
                0x00000000c00138a2                Device::findAndLoadDriver()
                0x00000000c00138a4                Device::preOpenPCI(PCIDeviceInfo)
                0x00000000c00138ca                Device::preOpenACPI(void*, char*, char*)
                0x00000000c001391e                Device::addIRQHandler(int, void (*)(regs*, void*), bool, void*)
                0x00000000c001395c                Device::removeIRQHandler(int, void (*)(regs*, void*), bool)
                0x00000000c001399a                Device::addChild(Device*)
                0x00000000c00139de                Device::removeAllChildren()
                0x00000000c0013a24                Device::hibernateAll()
                0x00000000c0013a54                Device::wakeAll()
                0x00000000c0013a84                Device::detectAll()
                0x00000000c0013ab4                Device::disableLegacyAll()
                0x00000000c0013ae4                Device::loadDriversForAll()
                0x00000000c0013b10                Device::closeAll()
                0x00000000c0013b46                Device::powerSavingAll(PowerSavingLevel)
                0x00000000c0013b7c                Device::setName(char const*)
                0x00000000c0013b8a                Device::Device(char const*)
                0x00000000c0013b8a                Device::Device(char const*)
                0x00000000c0013c7c                Device::getName()
                0x00000000c0013c86                DriverlessDevice::DriverlessDevice(char const*)
                0x00000000c0013c86                DriverlessDevice::DriverlessDevice(char const*)
                0x00000000c0013cae                Device::addToLinkedList(LinkedList<Device>&, DeviceType)
                0x00000000c0013cf2                getDevicesOfType(DeviceType)
 .text          0x00000000c0013d1c       0x84 hal/diskctrl.32
                0x00000000c0013d1c                HardDiskController::HardDiskController(char const*)
                0x00000000c0013d1c                HardDiskController::HardDiskController(char const*)
                0x00000000c0013d52                HardDiskController::~HardDiskController()
                0x00000000c0013d52                HardDiskController::~HardDiskController()
                0x00000000c0013d76                HardDiskController::~HardDiskController()
 .text          0x00000000c0013da0       0xde hal/diskphys.32
                0x00000000c0013da0                PhysicalDisk::PhysicalDisk(char const*, int)
                0x00000000c0013da0                PhysicalDisk::PhysicalDisk(char const*, int)
                0x00000000c0013e08                PhysicalDisk::startCache()
                0x00000000c0013e30                PhysicalDisk::~PhysicalDisk()
                0x00000000c0013e30                PhysicalDisk::~PhysicalDisk()
                0x00000000c0013e54                PhysicalDisk::~PhysicalDisk()
 .text          0x00000000c0013e7e      0x13b hal/fpu.32
                0x00000000c0013e7e                FPU::FPU(char const*)
                0x00000000c0013e7e                FPU::FPU(char const*)
                0x00000000c0013eb4                FPU::~FPU()
                0x00000000c0013eb4                FPU::~FPU()
                0x00000000c0013ed8                FPU::~FPU()
                0x00000000c0013f02                setupFPU()
 *fill*         0x00000000c0013fb9        0x1 
 .text          0x00000000c0013fba     0x12a1 hal/intctrl.32
                0x00000000c0013fba                InterruptController::uninstallISRHandler(int, void (*)(regs*, void*))
                0x00000000c0013ff2                InterruptController::installISRHandler(int, void (*)(regs*, void*), void*)
                0x00000000c0014044                doubleFault(regs*, void*)
                0x00000000c001405e                InterruptController::installIRQHandler(int, void (*)(regs*, void*), bool, void*)
                0x00000000c00140fa                InterruptController::clearAllHandlers(int, bool)
                0x00000000c00141a2                InterruptController::uninstallIRQHandler(int, void (*)(regs*, void*), bool)
                0x00000000c0014229                nmiHandler(regs*, void*)
                0x00000000c0014237                int_handler
                0x00000000c00142d8                InterruptController::InterruptController(char const*)
                0x00000000c00142d8                InterruptController::InterruptController(char const*)
                0x00000000c001437e                InterruptController::~InterruptController()
                0x00000000c001437e                InterruptController::~InterruptController()
                0x00000000c00143a2                InterruptController::~InterruptController()
                0x00000000c00143cc                displayDebugInfo(regs*)
                0x00000000c00147d1                x87EmulHandler(regs*, void*)
                0x00000000c0014800                gpFault(regs*, void*)
                0x00000000c0014839                pgFault(regs*, void*)
                0x00000000c0014850                otherISRHandler(regs*, void*)
                0x00000000c001486f                opcodeFault(regs*, void*)
                0x00000000c0014e2e                displayProgramFault(char const*)
                0x00000000c0014e56                setupInterruptController()
                0x00000000c001520e                InterruptController::convertLegacyIRQNumber(int)
 *fill*         0x00000000c001525b        0x1 
 .text          0x00000000c001525c      0x620 hal/keybrd.32
                0x00000000c001525c                startGUI(void*)
                0x00000000c00152ce                sendKeyToTerminal(unsigned char)
                0x00000000c001533a                sendKeyboardToken(KeyboardToken)
                0x00000000c0015715                clearInternalKeybuffer(VgaText*)
                0x00000000c001574a                readKeyboard(VgaText*, char*, unsigned long)
                0x00000000c00157f2                Keyboard::Keyboard(char const*)
                0x00000000c00157f2                Keyboard::Keyboard(char const*)
                0x00000000c001582e                Keyboard::~Keyboard()
                0x00000000c001582e                Keyboard::~Keyboard()
                0x00000000c0015852                Keyboard::~Keyboard()
 .text          0x00000000c001587c      0x400 hal/logidisk.32
                0x00000000c001587c                LogicalDisk::close(int, int, void*)
                0x00000000c0015880                LogicalDisk::~LogicalDisk()
                0x00000000c0015880                LogicalDisk::~LogicalDisk()
                0x00000000c00158a4                LogicalDisk::~LogicalDisk()
                0x00000000c00158ce                LogicalDisk::open(int, int, void*)
                0x00000000c00158e2                LogicalDisk::absoluteToRelative(unsigned long long)
                0x00000000c001591a                LogicalDisk::relativeToAbsolute(unsigned long long)
                0x00000000c0015960                LogicalDisk::LogicalDisk(char const*, PhysicalDisk*, unsigned long long, unsigned long long)
                0x00000000c0015960                LogicalDisk::LogicalDisk(char const*, PhysicalDisk*, unsigned long long, unsigned long long)
                0x00000000c0015a16                LogicalDisk::assignDriveLetter()
                0x00000000c0015acc                LogicalDisk::mount()
                0x00000000c0015b3e                LogicalDisk::unmount()
                0x00000000c0015b4e                LogicalDisk::unassignDriveLetter()
                0x00000000c0015ba4                LogicalDisk::read(unsigned long long, int, void*)
                0x00000000c0015c10                LogicalDisk::write(unsigned long long, int, void*)
 .text          0x00000000c0015c7c       0x84 hal/mouse.32
                0x00000000c0015c7c                Mouse::Mouse(char const*)
                0x00000000c0015c7c                Mouse::Mouse(char const*)
                0x00000000c0015cb2                Mouse::~Mouse()
                0x00000000c0015cb2                Mouse::~Mouse()
                0x00000000c0015cd6                Mouse::~Mouse()
 .text          0x00000000c0015d00      0x339 hal/partition.32
                0x00000000c0015d00                makePartition(PhysicalDisk*, unsigned long long, unsigned long long)
                0x00000000c0015da8                createPartitionsForDisk(PhysicalDisk*)
 *fill*         0x00000000c0016039        0x1 
 .text          0x00000000c001603a      0x2b8 hal/timer.32
                0x00000000c001603a                Timer::Timer(char const*)
                0x00000000c001603a                Timer::Timer(char const*)
                0x00000000c0016070                Timer::~Timer()
                0x00000000c0016070                Timer::~Timer()
                0x00000000c0016094                Timer::~Timer()
                0x00000000c00160be                Timer::read()
                0x00000000c00160c9                timerHandler(unsigned long long)
                0x00000000c0016200                setupTimer(int)
 .text          0x00000000c00162f2      0x2d1 hal/vcache.32
                0x00000000c00162f2                VCache::VCache(PhysicalDisk*)
                0x00000000c00162f2                VCache::VCache(PhysicalDisk*)
                0x00000000c00163e2                VCache::writeWriteBuffer()
                0x00000000c001641e                VCache::~VCache()
                0x00000000c001641e                VCache::~VCache()
                0x00000000c001645e                VCache::~VCache()
                0x00000000c0016486                VCache::write(unsigned long long, int, void*)
                0x00000000c001656a                VCache::read(unsigned long long, int, void*)
 *fill*         0x00000000c00165c3        0x1 
 .text          0x00000000c00165c4      0x26d hal/video.32
                0x00000000c00165c4                Video::putrect(int, int, int, int, unsigned int)
                0x00000000c001660e                Video::blit(unsigned int*, int, int, int, int)
                0x00000000c001668c                Video::clearScreen(unsigned int)
                0x00000000c00166c0                Video::putpixel(int, int, unsigned int)
                0x00000000c00166ce                Video::Video(char const*)
                0x00000000c00166ce                Video::Video(char const*)
                0x00000000c0016704                Video::~Video()
                0x00000000c0016704                Video::~Video()
                0x00000000c0016728                Video::~Video()
                0x00000000c0016752                Video::isMonochrome()
                0x00000000c001675e                Video::getWidth()
                0x00000000c001676a                Video::getHeight()
                0x00000000c0016776                Video::drawCursor(int, int, unsigned char*, int)
 *fill*         0x00000000c0016831        0x1 
 .text          0x00000000c0016832      0xdf6 hw/acpi.32
                0x00000000c0016832                ACPI::close(int, int, void*)
                0x00000000c00168e7                findRSDP()
                0x00000000c0016971                loadACPITables(unsigned char*)
                0x00000000c0016b98                findRSDT(unsigned char*)
                0x00000000c0016cb6                findDataTable(unsigned char*, char*)
                0x00000000c0016d52                scanMADT()
                0x00000000c00171d8                ACPI::ACPI()
                0x00000000c00171d8                ACPI::ACPI()
                0x00000000c0017238                ACPI::getPCIIRQAssignment(unsigned char, unsigned short, unsigned char)
                0x00000000c001731a                ACPI::registerPCIIRQAssignment(void*, unsigned short, unsigned char, unsigned char)
                0x00000000c0017420                ACPI::setScreenBrightnessLevel(void*, int)
                0x00000000c0017426                ACPI::writeSimpleBootFlag(SimpleBootFlagTable*)
                0x00000000c001746e                ACPI::open(int, int, void*)
                0x00000000c0017610                ACPI::sleep()
 .text          0x00000000c0017628     0x1715 hw/cpu.32
                0x00000000c0017628                CPU::close(int, int, void*)
                0x00000000c001762c                CPU::lookupAMDName(unsigned char, unsigned char)
                0x00000000c00177c0                CPU::lookupIntelName(unsigned char, unsigned char)
                0x00000000c0017a6e                CPU::AMD_K6_write_msr(unsigned int, unsigned int, unsigned int, CPU::REGS*)
                0x00000000c0017a8a                CPU::AMD_K6_read_msr(unsigned int, CPU::REGS*)
                0x00000000c0017aa2                CPU::AMD_K6_writeback(int, int, int)
                0x00000000c0017b16                CPU::cpuid(int, unsigned long*, unsigned long*, unsigned long*, unsigned long*)
                0x00000000c0017b9a                CPU::cpuidCheckEDX(unsigned int)
                0x00000000c0017bc8                CPU::cpuidCheckECX(unsigned int)
                0x00000000c0017bf6                CPU::cpuidCheckExtendedEBX(unsigned int)
                0x00000000c0017c24                CPU::cpuidCheckExtendedECX(unsigned int)
                0x00000000c0017c52                CPU::CPU()
                0x00000000c0017c52                CPU::CPU()
                0x00000000c0017ce0                CPU::displayFeatures()
                0x00000000c0017f5c                CPU::detectFeatures()
                0x00000000c001894c                CPU::setupSMEP()
                0x00000000c0018958                CPU::setupUMIP()
                0x00000000c0018962                CPU::setupTSC()
                0x00000000c001896c                CPU::setupLargePages()
                0x00000000c0018976                CPU::setupPAT()
                0x00000000c00189b2                CPU::setupMTRR()
                0x00000000c00189b4                CPU::setupGlobalPages()
                0x00000000c00189be                CPU::allowUsermodeDataAccess()
                0x00000000c00189d0                CPU::prohibitUsermodeDataAccess()
                0x00000000c00189e2                CPU::setupSMAP()
                0x00000000c00189f0                CPU::setupFeatures()
                0x00000000c0018a70                CPU::open(int, int, void*)
                0x00000000c0018b42                CPU::decodeAddress(regs*, int*, bool*, unsigned char*)
 .text          0x00000000c0018d3d        0x0 hw/ports.32
 .text          0x00000000c0018d3d      0x32c krnl/panic.32
                0x00000000c0018d3d                Krnl::panic(char const*)
 .text          0x00000000c0019069      0x503 reg/registry.32
                0x00000000c0019069                Reg::findLineFromLoadedData(char*, char*, char*)
                0x00000000c00191c1                Reg::getLineFromRegistry(char*, char*, char*, char*)
                0x00000000c0019320                Reg::getLine(char*, char*, char*)
                0x00000000c0019357                Reg::readInt(char*, char*, int*)
                0x00000000c0019442                Reg::readString(char*, char*, char*, int)
                0x00000000c00194c3                Reg::readBool(char*, char*, bool*)
                0x00000000c00194e8                Reg::readBoolWithDefault(char*, char*, bool)
                0x00000000c0019514                Reg::readIntWithDefault(char*, char*, int)
                0x00000000c0019540                Reg::readStringWithDefault(char*, char*, char*, int, char*)
 .text          0x00000000c001956c       0x18 sys/sc_exit.32
                0x00000000c001956c                Sys::exit(regs*)
 .text          0x00000000c0019584       0x95 sys/sc_loaddll.32
                0x00000000c0019584                Sys::loadDLL(regs*)
 .text          0x00000000c0019619       0x68 sys/sc_read.32
                0x00000000c0019619                Sys::read(regs*)
 .text          0x00000000c0019681       0x55 sys/sc_sbrk.32
                0x00000000c0019681                Sys::sbrk(regs*)
 .text          0x00000000c00196d6       0x68 sys/sc_write.32
                0x00000000c00196d6                Sys::write(regs*)
 .text          0x00000000c001973e       0x1a sys/sc_yield.32
                0x00000000c001973e                Sys::yield(regs*)
 .text          0x00000000c0019758      0xf85 sys/syscalls.32
                0x00000000c0019758                sysCallGetPID(regs*)
                0x00000000c0019764                sysCallSeekDir(regs*)
                0x00000000c0019769                sysCallTellDir(regs*)
                0x00000000c001976e                sysCallVerify(regs*)
                0x00000000c0019778                sysCallFork(regs*)
                0x00000000c0019783                sysCallExecve(regs*)
                0x00000000c001978e                sysCallGetArgc(regs*)
                0x00000000c001979e                sysFormatDisk(regs*)
                0x00000000c0019808                sysSetDiskVolumeLabel(regs*)
                0x00000000c001984e                sysGetDiskVolumeLabel(regs*)
                0x00000000c001989f                sysShutdown(regs*)
                0x00000000c00198fd                sysCallGetCwd(regs*)
                0x00000000c001991c                sysCallSetCwd(regs*)
                0x00000000c0019938                sysCallRealpath(regs*)
                0x00000000c001997b                sysCallReadDir(regs*)
                0x00000000c0019a09                sysCallIsATTY(regs*)
                0x00000000c0019a63                sysCallSeek(regs*)
                0x00000000c0019acc                sysCallTell(regs*)
                0x00000000c0019b49                sysCallSizeFromFilename(regs*)
                0x00000000c0019bfa                sysCallSize(regs*)
                0x00000000c0019c7d                sysCallClose(regs*)
                0x00000000c0019d05                sysCallOpenDir(regs*)
                0x00000000c0019d72                sysCallMakeDir(regs*)
                0x00000000c0019dcb                sysCallCloseDir(regs*)
                0x00000000c0019e31                sysCallWait(regs*)
                0x00000000c0019e4b                sysCallRmdir(regs*)
                0x00000000c0019e9d                sysCallUnlink(regs*)
                0x00000000c0019eef                sysCallGetArgv(regs*)
                0x00000000c0019f3b                sysCallTTYName(regs*)
                0x00000000c0019fbe                sysCallGetEnv(regs*)
                0x00000000c001a010                sysCallUSleep(regs*)
                0x00000000c001a037                sysCallSpawn(regs*)
                0x00000000c001a08f                sysAppSettings(regs*)
                0x00000000c001a1ae                sysSetFatAttrib(regs*)
                0x00000000c001a20e                sysPanic(regs*)
                0x00000000c001a234                sysPipe(regs*)
                0x00000000c001a279                sysGetUnixTime(regs*)
                0x00000000c001a28d                string_ends_with(char const*, char const*)
                0x00000000c001a2d5                sysCallOpen(regs*)
                0x00000000c001a4e2                setupSystemCalls()
                0x00000000c001a69b                systemCall(regs*, void*)
 .text          0x00000000c001a6dd     0x11c7 thr/elf.32
                0x00000000c001a6dd                Thr::allocateMemoryForTask(Process*, File*, unsigned long, unsigned long, unsigned long)
                0x00000000c001a95a                Thr::loadProgramIntoMemory(Process*, char const*)
                0x00000000c001ab70                Thr::runtimeReferenceHelper()
                0x00000000c001ab83                Thr::getAddressOfKernelSymbol(char const*)
                0x00000000c001abd2                Thr::loadKernelSymbolTable(char const*)
                0x00000000c001ae93                Thr::loadDriverIntoMemory(char const*, unsigned long, bool)
                0x00000000c001b631                Thr::getDriverBaseFromAddress(unsigned long)
                0x00000000c001b663                Thr::getDriverNameFromAddress(unsigned long)
                0x00000000c001b69a                Thr::getDriverOffsetFromAddress(unsigned long)
                0x00000000c001b6b4                Thr::loadDLL(char const*, bool)
                0x00000000c001b87a                Thr::executeDLL(unsigned long, void*)
 .text          0x00000000c001b8a4      0xfd8 thr/prcssthr.32
                0x00000000c001b8a4                changeTSS
                0x00000000c001b8d4                Process::addArgs(char**)
                0x00000000c001b92e                Process::Process(char const*, Process*, char**)
                0x00000000c001b92e                Process::Process(char const*, Process*, char**)
                0x00000000c001bae6                Process::Process(bool, char const*, Process*, char**)
                0x00000000c001bae6                Process::Process(bool, char const*, Process*, char**)
                0x00000000c001bc69                disableIRQs()
                0x00000000c001bc71                getIRQNestingLevel()
                0x00000000c001bc77                enableIRQs()
                0x00000000c001bc86                lockScheduler()
                0x00000000c001bc88                unlockScheduler()
                0x00000000c001bc8a                userModeEntryPoint(void*)
                0x00000000c001bcad                lockStuff()
                0x00000000c001bcb9                taskStartupFunction
                0x00000000c001bcc2                updateTimeUsed()
                0x00000000c001bd27                switchToThread(ThreadControlBlock*)
                0x00000000c001bd78                Semaphore::Semaphore(int)
                0x00000000c001bd78                Semaphore::Semaphore(int)
                0x00000000c001bda6                Mutex::Mutex()
                0x00000000c001bda6                Mutex::Mutex()
                0x00000000c001bdb8                Process::createThread(void (*)(void*), void*, int)
                0x00000000c001be9c                Process::createUserThread()
                0x00000000c001beb8                setupMultitasking(void (*)())
                0x00000000c001bfc2                schedule()
                0x00000000c001c047                unlockStuff()
                0x00000000c001c07c                Semaphore::tryAcquire()
                0x00000000c001c0aa                Semaphore::assertLocked(char const*)
                0x00000000c001c0da                blockTaskWithSchedulerLockAlreadyHeld(TaskState)
                0x00000000c001c11c                blockTask(TaskState)
                0x00000000c001c13d                waitTask(int, int*, int)
                0x00000000c001c17f                nanoSleepUntil(unsigned long long)
                0x00000000c001c1d6                nanoSleep(unsigned long long)
                0x00000000c001c1eb                sleep(unsigned long long)
                0x00000000c001c208                Semaphore::acquire()
                0x00000000c001c270                taskReturned
                0x00000000c001c29e                unblockTask(ThreadControlBlock*)
                0x00000000c001c34d                cleanupTerminatedTask(ThreadControlBlock*)
                0x00000000c001c5f1                cleanerTaskFunction(void*)
                0x00000000c001c6a4                terminateTask(int)
                0x00000000c001c784                Thr::terminateFromIRQ(int)
                0x00000000c001c790                Semaphore::release()
 .text          0x00000000c001c87c      0x8bf vm86/vm8086.32
                0x00000000c001c87c                Vm::vm8086EntryPoint(void*)
                0x00000000c001c8a7                Vm::inbv(unsigned short)
                0x00000000c001c8ad                Vm::outbv(unsigned short, unsigned char)
                0x00000000c001c8b7                Vm::realToLinear(unsigned short, unsigned short)
                0x00000000c001c8c7                Vm::getSegment(unsigned int)
                0x00000000c001c8cf                Vm::getOffset(unsigned int)
                0x00000000c001c8d4                Vm::loadFileAsThread(Process*, char const*, unsigned short, unsigned short, unsigned short, unsigned short)
                0x00000000c001ca03                Vm::doISR(regs*, int, unsigned char*, unsigned short, unsigned short)
                0x00000000c001ca8d                Vm::readByteFromReal(unsigned short, unsigned short)
                0x00000000c001ca9e                Vm::readWordFromReal(unsigned short, unsigned short)
                0x00000000c001cab0                Vm::readDwordFromReal(unsigned short, unsigned short)
                0x00000000c001cac1                Vm::writeByteFromReal(unsigned short, unsigned short, unsigned char)
                0x00000000c001cad6                Vm::writeWordFromReal(unsigned short, unsigned short, unsigned short)
                0x00000000c001caec                Vm::writeDwordFromReal(unsigned short, unsigned short, unsigned int)
                0x00000000c001cb01                Vm::faultHandler(regs*)
 .text          0x00000000c001d13b      0xefd vm86/x87em.32
                0x00000000c001d13b                Vm::fpuInternalTo32(unsigned long long)
                0x00000000c001d196                Vm::fpuInternalTo64(unsigned long long)
                0x00000000c001d19f                Vm::fpu32ToInternal(unsigned int)
                0x00000000c001d1e4                Vm::fpu64ToInternal(unsigned long long)
                0x00000000c001d1ed                Vm::fpuFloatToLong(unsigned long long)
                0x00000000c001d248                Vm::fpuULongToFloat(unsigned long long)
                0x00000000c001d27e                Vm::fpuLongToFloat(long long)
                0x00000000c001d2d4                Vm::fpuGet0()
                0x00000000c001d2d9                Vm::fpuGet1()
                0x00000000c001d2e1                Vm::fpuGetPi()
                0x00000000c001d2e9                Vm::fpuGetLog2E()
                0x00000000c001d301                Vm::fpuGetLogE2()
                0x00000000c001d319                Vm::fpuGetLog210()
                0x00000000c001d331                Vm::fpuGetLog102()
                0x00000000c001d349                Vm::fpuIsSecondLarger(unsigned long long, unsigned long long)
                0x00000000c001d35d                Vm::fpuAreEqual(unsigned long long, unsigned long long)
                0x00000000c001d373                Vm::fpuUnorderedCompare(unsigned long long, unsigned long long)
                0x00000000c001d3c6                Vm::fpuAdd(unsigned long long, unsigned long long)
                0x00000000c001d3d7                Vm::fpuAbs(unsigned long long)
                0x00000000c001d3e0                Vm::fpuChs(unsigned long long)
                0x00000000c001d3f0                Vm::fpuSub(unsigned long long, unsigned long long)
                0x00000000c001d3ff                Vm::fpuMultiply(unsigned long long, unsigned long long)
                0x00000000c001d41e                Vm::fpuDivide(unsigned long long, unsigned long long)
                0x00000000c001d43a                Vm::fpuSquare(unsigned long long)
                0x00000000c001d450                Vm::fpuGetReg(int)
                0x00000000c001d493                Vm::fpuSetReg(int, unsigned long long)
                0x00000000c001d4de                Vm::fpuPush(unsigned long long)
                0x00000000c001d53b                Vm::fpuPop()
                0x00000000c001d58d                Vm::x87Handler(regs*)
 .text          0x00000000c001e038     0x10ed fs/fat/vfslink.32
                0x00000000c001e038                FAT::getName()
                0x00000000c001e03e                FAT::tell(void*, unsigned long long*)
                0x00000000c001e072                FAT::stat(void*, unsigned long long*)
                0x00000000c001e0a6                FAT::~FAT()
                0x00000000c001e0a6                FAT::~FAT()
                0x00000000c001e0ca                FAT::~FAT()
                0x00000000c001e0f2                FAT::getlabel(LogicalDisk*, int, char*, unsigned int*)
                0x00000000c001e190                FAT::setlabel(LogicalDisk*, int, char*)
                0x00000000c001e24a                FAT::format(LogicalDisk*, int, char const*, int)
                0x00000000c001e42e                FAT::tryMount(LogicalDisk*, int)
                0x00000000c001e634                FAT::readDir(void*, unsigned long, void*, int*)
                0x00000000c001e73a                FAT::read(void*, unsigned long, void*, int*)
                0x00000000c001e794                FAT::write(void*, unsigned long, void*, int*)
                0x00000000c001e7ee                FAT::close(void*)
                0x00000000c001e83a                FAT::closeDir(void*)
                0x00000000c001e886                FAT::seek(void*, unsigned long long)
                0x00000000c001e8da                fatWrapperReadDisk
                0x00000000c001e921                fatWrapperWriteDisk
                0x00000000c001e968                fatWrapperIoctl
                0x00000000c001ea6c                FAT::FAT()
                0x00000000c001ea6c                FAT::FAT()
                0x00000000c001eabe                FAT::fixFilepath(char*)
                0x00000000c001eaf6                FAT::open(char const*, void**, FileOpenMode)
                0x00000000c001ec1e                FAT::openDir(char const*, void**)
                0x00000000c001ecc4                FAT::stat(char const*, unsigned long long*, bool*)
                0x00000000c001edae                FAT::unlink(char const*)
                0x00000000c001ee28                FAT::chfatattr(char const*, unsigned char, unsigned char)
                0x00000000c001ef7c                FAT::rename(char const*, char const*)
                0x00000000c001f040                FAT::mkdir(char const*)
                0x00000000c001f0ba                FAT::exists(char const*)
 *fill*         0x00000000c001f125        0x1 
 .text          0x00000000c001f126      0xbdf fs/iso9660/vfslink.32
                0x00000000c001f126                ISO9660::format(LogicalDisk*, int, char const*, int)
                0x00000000c001f12c                ISO9660::seek(void*, unsigned long long)
                0x00000000c001f15c                ISO9660::tell(void*, unsigned long long*)
                0x00000000c001f180                ISO9660::getName()
                0x00000000c001f186                ISO9660::stat(void*, unsigned long long*)
                0x00000000c001f1aa                ISO9660::chfatattr(char const*, unsigned char, unsigned char)
                0x00000000c001f1b0                ISO9660::unlink(char const*)
                0x00000000c001f1b6                ISO9660::write(void*, unsigned long, void*, int*)
                0x00000000c001f1bc                ISO9660::rename(char const*, char const*)
                0x00000000c001f1c2                ISO9660::mkdir(char const*)
                0x00000000c001f1c8                ISO9660::close(void*)
                0x00000000c001f1ea                ISO9660::closeDir(void*)
                0x00000000c001f20c                ISO9660::~ISO9660()
                0x00000000c001f20c                ISO9660::~ISO9660()
                0x00000000c001f230                ISO9660::~ISO9660()
                0x00000000c001f257                __memmem(unsigned char*, int, unsigned char*, int)
                0x00000000c001f299                readSectorFromCDROM(unsigned int, unsigned char*, char)
                0x00000000c001f300                ISO9660::tryMount(LogicalDisk*, int)
                0x00000000c001f350                ISO9660::read(void*, unsigned long, void*, int*)
                0x00000000c001f594                ISO9660::readDir(void*, unsigned long, void*, int*)
                0x00000000c001f821                readRoot(unsigned int*, unsigned int*, char)
                0x00000000c001f876                readRecursively(char*, unsigned int, unsigned int, unsigned int*, unsigned int*, char, int*)
                0x00000000c001fa49                getFileData(char*, unsigned int*, unsigned int*, char, int*)
                0x00000000c001fad8                ISO9660::open(char const*, void**, FileOpenMode)
                0x00000000c001fb72                ISO9660::exists(char const*)
                0x00000000c001fb96                ISO9660::stat(char const*, unsigned long long*, bool*)
                0x00000000c001fc2a                ISO9660::openDir(char const*, void**)
                0x00000000c001fce2                ISO9660::ISO9660()
                0x00000000c001fce2                ISO9660::ISO9660()
 *fill*         0x00000000c001fd05        0x1 
 .text          0x00000000c001fd06      0x326 hal/sound/sndchannel.32
                0x00000000c001fd06                SoundChannel::~SoundChannel()
                0x00000000c001fd06                SoundChannel::~SoundChannel()
                0x00000000c001fd22                SoundChannel::setSpeed(float)
                0x00000000c001fd2e                SoundChannel::getSpeed()
                0x00000000c001fd36                SoundChannel::setVolume(int)
                0x00000000c001fd52                SoundChannel::getVolume()
                0x00000000c001fd5a                SoundChannel::pause()
                0x00000000c001fd64                SoundChannel::SoundChannel(int, int, int, int)
                0x00000000c001fd64                SoundChannel::SoundChannel(int, int, int, int)
                0x00000000c001feba                SoundChannel::play()
                0x00000000c001fec4                SoundChannel::paused()
                0x00000000c001fecc                SoundChannel::getSampleRate()
                0x00000000c001fed4                SoundChannel::getBits()
                0x00000000c001fedc                SoundChannel::getBufferUsed()
                0x00000000c001fee4                SoundChannel::getBufferSize()
                0x00000000c001feec                SoundChannel::unbuffer(float*, int, int)
                0x00000000c001ff8c                SoundChannel::buffer8(unsigned char*, int)
 .text          0x00000000c002002c      0x3d5 hal/sound/sndhw.32
                0x00000000c002002c                SoundDevice::SoundDevice(char const*)
                0x00000000c002002c                SoundDevice::SoundDevice(char const*)
                0x00000000c0020098                SoundDevice::~SoundDevice()
                0x00000000c0020098                SoundDevice::~SoundDevice()
                0x00000000c0020112                SoundDevice::~SoundDevice()
                0x00000000c002013c                SoundDevice::getFreeChannelNum()
                0x00000000c0020156                SoundDevice::addChannel(SoundChannel*)
                0x00000000c00201c6                SoundDevice::removeChannel(int)
                0x00000000c00201f8                SoundDevice::floatTo8(float*, unsigned char*, int)
                0x00000000c00202e0                SoundDevice::getAudio(int, float*, float*)
 .text          0x00000000c0020401        0x0 hw/bus/isa.32
 *fill*         0x00000000c0020401        0x1 
 .text          0x00000000c0020402      0x6c1 hw/bus/pci.32
                0x00000000c0020402                PCI::open(int, int, void*)
                0x00000000c0020416                PCI::close(int, int, void*)
                0x00000000c002041a                PCI::PCI()
                0x00000000c002041a                PCI::PCI()
                0x00000000c002049a                PCI::pciReadWord(unsigned char, unsigned char, unsigned char, unsigned char)
                0x00000000c00204e2                PCI::getVendorID(unsigned char, unsigned char, unsigned char)
                0x00000000c0020504                PCI::getHeaderType(unsigned char, unsigned char, unsigned char)
                0x00000000c0020528                PCI::getClassCode(unsigned char, unsigned char, unsigned char)
                0x00000000c002056c                PCI::getProgIF(unsigned char, unsigned char, unsigned char)
                0x00000000c0020590                PCI::getRevisionID(unsigned char, unsigned char, unsigned char)
                0x00000000c00205b2                PCI::getInterruptNumber(unsigned char, unsigned char, unsigned char)
                0x00000000c00205d4                PCI::getSecondaryBus(unsigned char, unsigned char, unsigned char)
                0x00000000c00205f8                PCI::getBARAddress(unsigned char, unsigned char, unsigned char, unsigned char)
                0x00000000c0020658                PCI::pciWriteWord(unsigned char, unsigned char, unsigned char, unsigned char, unsigned short)
                0x00000000c00206c4                PCI::checkBus(unsigned char)
                0x00000000c00206e8                PCI::foundDevice(PCIDeviceInfo)
                0x00000000c0020858                PCI::getDeviceData(unsigned char, unsigned char, unsigned char)
                0x00000000c0020a04                PCI::checkDevice(unsigned char, unsigned char)
                0x00000000c0020a70                PCI::detect()
 *fill*         0x00000000c0020ac3        0x1 
 .text          0x00000000c0020ac4      0xc70 hw/diskctrl/ide.32
                0x00000000c0020ac4                IDE::close(int, int, void*)
                0x00000000c0020ac8                IDE::IDE()
                0x00000000c0020ac8                IDE::IDE()
                0x00000000c0020afc                IDE::prepareInterrupt(unsigned char)
                0x00000000c0020b0e                selectDrive(unsigned char, unsigned char)
                0x00000000c0020b10                IDE::getBase(unsigned char)
                0x00000000c0020b22                IDE::write(unsigned char, unsigned char, unsigned char)
                0x00000000c0020be2                IDE::read(unsigned char, unsigned char)
                0x00000000c0020c90                IDE::waitInterrupt(unsigned char)
                0x00000000c0020cf6                ideChannel0IRQHandler(regs*, void*)
                0x00000000c0020d12                ideChannel1IRQHandler(regs*, void*)
                0x00000000c0020d2e                IDE::enableIRQs(unsigned char, bool)
                0x00000000c0020d74                IDE::open(int, int, void*)
                0x00000000c0021184                IDE::readBuffer(unsigned char, unsigned char, unsigned int, unsigned int)
                0x00000000c0021250                IDE::detect()
                0x00000000c0021538                IDE::printError(unsigned char, unsigned char, unsigned char)
                0x00000000c00216ce                IDE::polling(unsigned char, unsigned int)
 .text          0x00000000c0021734      0x62b hw/diskphys/ata.32
                0x00000000c0021734                ATA::close(int, int, void*)
                0x00000000c0021758                ATA::powerSaving(PowerSavingLevel)
                0x00000000c002175a                ATA::ATA()
                0x00000000c002175a                ATA::ATA()
                0x00000000c0021788                ATA::flush(bool)
                0x00000000c00217d2                ATA::readyForCommand()
                0x00000000c0021822                ATA::access(unsigned long long, int, void*, bool)
                0x00000000c0021ba0                ATA::read(unsigned long long, int, void*)
                0x00000000c0021c08                ATA::write(unsigned long long, int, void*)
                0x00000000c0021c70                ATA::detectCHS()
                0x00000000c0021c9a                ATA::open(int, int, void*)
 *fill*         0x00000000c0021d5f        0x1 
 .text          0x00000000c0021d60      0x5b3 hw/diskphys/atapi.32
                0x00000000c0021d60                ATAPI::write(unsigned long long, int, void*)
                0x00000000c0021d66                ATAPI::close(int, int, void*)
                0x00000000c0021d8a                ATAPI::ATAPI()
                0x00000000c0021d8a                ATAPI::ATAPI()
                0x00000000c0021db8                ATAPI::readyForCommand()
                0x00000000c0021e08                ATAPI::sendPacket(unsigned char*, int, bool, unsigned short*, int)
                0x00000000c00220c8                ATAPI::diskRemoved()
                0x00000000c00220e4                ATAPI::eject()
                0x00000000c002212a                ATAPI::diskInserted()
                0x00000000c0022158                ATAPI::detectMedia()
                0x00000000c0022214                ATAPI::open(int, int, void*)
                0x00000000c0022294                ATAPI::read(unsigned long long, int, void*)
 *fill*         0x00000000c0022313        0x1 
 .text          0x00000000c0022314       0x8e hw/fpu/avx.32
                0x00000000c0022314                AVX::open(int, int, void*)
                0x00000000c0022326                AVX::close(int, int, void*)
                0x00000000c0022338                AVX::available()
                0x00000000c002234a                AVX::save(void*)
                0x00000000c0022362                AVX::load(void*)
                0x00000000c002237a                AVX::AVX()
                0x00000000c002237a                AVX::AVX()
 .text          0x00000000c00223a2       0x90 hw/fpu/mmx.32
                0x00000000c00223a2                MMX::available()
                0x00000000c00223b6                MMX::open(int, int, void*)
                0x00000000c00223c8                MMX::close(int, int, void*)
                0x00000000c00223da                MMX::save(void*)
                0x00000000c00223f2                MMX::load(void*)
                0x00000000c002240a                MMX::MMX()
                0x00000000c002240a                MMX::MMX()
 .text          0x00000000c0022432       0x96 hw/fpu/sse.32
                0x00000000c0022432                SSE::open(int, int, void*)
                0x00000000c0022444                SSE::close(int, int, void*)
                0x00000000c0022456                SSE::available()
                0x00000000c0022470                SSE::save(void*)
                0x00000000c0022488                SSE::load(void*)
                0x00000000c00224a0                SSE::SSE()
                0x00000000c00224a0                SSE::SSE()
 .text          0x00000000c00224c8       0x8e hw/fpu/x87.32
                0x00000000c00224c8                x87::open(int, int, void*)
                0x00000000c00224da                x87::close(int, int, void*)
                0x00000000c00224ec                x87::available()
                0x00000000c00224fe                x87::save(void*)
                0x00000000c0022516                x87::load(void*)
                0x00000000c002252e                x87::x87()
                0x00000000c002252e                x87::x87()
 .text          0x00000000c0022556      0x712 hw/intctrl/apic.32
                0x00000000c0022556                APIC::disable()
                0x00000000c0022558                APIC::close(int, int, void*)
                0x00000000c002257a                IOAPIC::close(int, int, void*)
                0x00000000c0022580                APIC::io_wait()
                0x00000000c0022586                APIC::getBase()
                0x00000000c00225c8                APIC::eoi(unsigned char)
                0x00000000c00225f6                APIC::open(int, int, void*)
                0x00000000c0022744                IOAPIC::IOAPIC()
                0x00000000c0022744                IOAPIC::IOAPIC()
                0x00000000c002276c                APIC::APIC()
                0x00000000c002276c                APIC::APIC()
                0x00000000c002283c                IOAPIC::handlesGSIWithNumber(unsigned int)
                0x00000000c002286e                IOAPIC::read(int)
                0x00000000c0022896                IOAPIC::open(int, int, void*)
                0x00000000c002298c                IOAPIC::write(int, int)
                0x00000000c00229b8                IOAPIC::redirect(unsigned char, unsigned long long, unsigned char, bool, bool)
                0x00000000c0022ab2                APIC::installIRQHandler(int, void (*)(regs*, void*), bool, void*)
 .text          0x00000000c0022c68      0x3d3 hw/intctrl/pic.32
                0x00000000c0022c68                PIC::disable()
                0x00000000c0022c96                PIC::close(int, int, void*)
                0x00000000c0022cb8                PIC::PIC()
                0x00000000c0022cb8                PIC::PIC()
                0x00000000c0022d8e                PIC::ioWait()
                0x00000000c0022d94                PIC::getIRQReg(int)
                0x00000000c0022dfe                PIC::eoi(unsigned char)
                0x00000000c0022e90                PIC::remap()
                0x00000000c0022ffc                PIC::open(int, int, void*)
 *fill*         0x00000000c002303b        0x1 
 .text          0x00000000c002303c      0x25e hw/timer/apictimer.32
                0x00000000c002303c                APICTimer::close(int, int, void*)
                0x00000000c0023042                apicTimerHandler(regs*, void*)
                0x00000000c0023070                APICTimer::write(int)
                0x00000000c0023174                APICTimer::open(int, int, void*)
                0x00000000c0023272                APICTimer::APICTimer()
                0x00000000c0023272                APICTimer::APICTimer()
 .text          0x00000000c002329a      0x1a7 hw/timer/pit.32
                0x00000000c002329a                PIT::write(int)
                0x00000000c0023318                pitHandler(regs*, void*)
                0x00000000c0023344                PIT::open(int, int, void*)
                0x00000000c0023392                PIT::close(int, int, void*)
                0x00000000c00233c2                PIT::PIT()
                0x00000000c00233c2                PIT::PIT()
 *fill*         0x00000000c0023441        0xf 
 .text          0x00000000c0023450        0xa hw/fpu/x86/avx.32
                0x00000000c0023450                avxDetect
                0x00000000c0023456                avxSave
                0x00000000c0023457                avxLoad
                0x00000000c0023458                avxInit
                0x00000000c0023459                avxClose
 *fill*         0x00000000c002345a        0x6 
 .text          0x00000000c0023460       0x38 hw/fpu/x86/sse.32
                0x00000000c0023460                sseDetect
                0x00000000c002347b                sseSave
                0x00000000c0023481                sseLoad
                0x00000000c0023487                sseInit
                0x00000000c0023497                sseClose
 *fill*         0x00000000c0023498        0x8 
 .text          0x00000000c00234a0       0x47 hw/fpu/x86/x87.32
                0x00000000c00234a6                x87Detect
                0x00000000c00234c1                x87Save
                0x00000000c00234c7                x87Load
                0x00000000c00234cc                x87Init
                0x00000000c00234e6                x87Close
 *fill*         0x00000000c00234e7        0x1 
 .text          0x00000000c00234e8       0x25 /cygdrive/d/Users/Alex/Desktop/Toolchain/Output/bin/../lib/gcc/i386-banana/8.1.0/crtend.o
 .text          0x00000000c002350d        0x0 crtn.32
 *fill*         0x00000000c002350d        0x3 
 .text          0x00000000c0023510      0x14b /cygdrive/d/Users/Alex/Desktop/Toolchain/Output/bin/../lib/gcc/i386-banana/8.1.0/libkgcc.a(_divdi3.o)
                0x00000000c0023510                __divdi3
 *fill*         0x00000000c002365b        0x1 
 .text          0x00000000c002365c      0x17e /cygdrive/d/Users/Alex/Desktop/Toolchain/Output/bin/../lib/gcc/i386-banana/8.1.0/libkgcc.a(_moddi3.o)
                0x00000000c002365c                __moddi3
 *fill*         0x00000000c00237da        0x2 
 .text          0x00000000c00237dc       0xff /cygdrive/d/Users/Alex/Desktop/Toolchain/Output/bin/../lib/gcc/i386-banana/8.1.0/libkgcc.a(_udivdi3.o)
                0x00000000c00237dc                __udivdi3
 *fill*         0x00000000c00238db        0x1 
 .text          0x00000000c00238dc      0x11a /cygdrive/d/Users/Alex/Desktop/Toolchain/Output/bin/../lib/gcc/i386-banana/8.1.0/libkgcc.a(_umoddi3.o)
                0x00000000c00238dc                __umoddi3
 .text          0x00000000c00239f6      0x96d D:/Users/Alex/Desktop/Banana/kernel/libsoftfp.a(sfieeelib.o)
                0x00000000c00239f6                __addsf3
                0x00000000c0023cf8                __subsf3
                0x00000000c0023d0c                __negsf2
                0x00000000c0023d19                __mulsf3
                0x00000000c0023edc                __divsf3
                0x00000000c0024107                __floatsisf
                0x00000000c002417b                __floatunsisf
                0x00000000c00241bd                __fixsfsi
                0x00000000c002421f                __fixunssfsi
                0x00000000c0024250                __cmpsf2
                0x00000000c00242e5                __eqsf2
                0x00000000c0024320                __nesf2
                0x00000000c0024322                __gtsf2
                0x00000000c002435d                __gesf2
                0x00000000c002435f                __ltsf2
                0x00000000c0024361                __lesf2
 .text          0x00000000c0024363      0xf50 D:/Users/Alex/Desktop/Banana/kernel/libsoftfp.a(dfieeelib.o)
                0x00000000c0024363                __adddf3
                0x00000000c00249b4                __subdf3
                0x00000000c00249cf                __negdf2
                0x00000000c00249e0                __muldf3
                0x00000000c0024cc4                __divdf3
                0x00000000c0025043                __floatsidf
                0x00000000c002509e                __floatunsidf
                0x00000000c00250dc                __fixdfsi
                0x00000000c0025149                __fixunsdfsi
                0x00000000c0025185                __cmpdf2
                0x00000000c0025273                __eqdf2
                0x00000000c002528f                __nedf2
                0x00000000c0025291                __gtdf2
                0x00000000c00252ad                __gedf2
                0x00000000c00252af                __ltdf2
                0x00000000c00252b1                __ledf2
 .text          0x00000000c00252b3      0x18d D:/Users/Alex/Desktop/Banana/kernel/libsoftfp.a(sfdfcvt.o)
                0x00000000c00252b3                __truncdfsf2
                0x00000000c00253d7                __extendsfdf2
 .text          0x00000000c0025440       0x1e D:/Users/Alex/Desktop/Banana/kernel/libk/libm32.a(s_fabs.c.o)
                0x00000000c0025440                fabs
 *fill*         0x00000000c002545e        0x2 
 .text          0x00000000c0025460        0xc D:/Users/Alex/Desktop/Banana/kernel/libk/libm32.a(s_lrint.S.o)
                0x00000000c0025460                lrint
 .text          0x00000000c002546c        0xc D:/Users/Alex/Desktop/Banana/kernel/libk/libm32.a(s_lrintf.S.o)
                0x00000000c002546c                lrintf
 *(.gnu.linkonce.t*)

.iplt           0x00000000c0025478        0x0
 .iplt          0x00000000c0025478        0x0 D:/Users/Alex/Desktop/Banana/kernel/boot.32

.init           0x00000000c0025478        0xf
 .init          0x00000000c0025478        0x3 crti.32
                0x00000000c0025478                _init
 .init          0x00000000c002547b        0x5 /cygdrive/d/Users/Alex/Desktop/Toolchain/Output/bin/../lib/gcc/i386-banana/8.1.0/crtbegin.o
 .init          0x00000000c0025480        0x5 /cygdrive/d/Users/Alex/Desktop/Toolchain/Output/bin/../lib/gcc/i386-banana/8.1.0/crtend.o
 .init          0x00000000c0025485        0x2 crtn.32

.fini           0x00000000c0025487        0xa
 .fini          0x00000000c0025487        0x3 crti.32
                0x00000000c0025487                _fini
 .fini          0x00000000c002548a        0x5 /cygdrive/d/Users/Alex/Desktop/Toolchain/Output/bin/../lib/gcc/i386-banana/8.1.0/crtbegin.o
 .fini          0x00000000c002548f        0x2 crtn.32

.text._ZN8ComputerD2Ev
                0x00000000c0025492       0x23
 .text._ZN8ComputerD2Ev
                0x00000000c0025492       0x23 core/computer.32
                0x00000000c0025492                Computer::~Computer()
                0x00000000c0025492                Computer::~Computer()

.text._ZN8ComputerD0Ev
                0x00000000c00254b6       0x2a
 .text._ZN8ComputerD0Ev
                0x00000000c00254b6       0x2a core/computer.32
                0x00000000c00254b6                Computer::~Computer()

.text._Z10idleCommonv
                0x00000000c00254e0       0x15
 .text._Z10idleCommonv
                0x00000000c00254e0       0x15 core/idle.32
                0x00000000c00254e0                idleCommon()

.text._ZN10LinkedListI8UnixFileED2Ev
                0x00000000c00254f6        0x2
 .text._ZN10LinkedListI8UnixFileED2Ev
                0x00000000c00254f6        0x2 core/unixfile.32
                0x00000000c00254f6                LinkedList<UnixFile>::~LinkedList()
                0x00000000c00254f6                LinkedList<UnixFile>::~LinkedList()

.text._ZN10LinkedListI8UnixFileEC2Ev
                0x00000000c00254f8       0x58
 .text._ZN10LinkedListI8UnixFileEC2Ev
                0x00000000c00254f8       0x58 core/unixfile.32
                0x00000000c00254f8                LinkedList<UnixFile>::LinkedList()
                0x00000000c00254f8                LinkedList<UnixFile>::LinkedList()

.text._ZN10LinkedListI8UnixFileE10addElementEPS0_
                0x00000000c0025550       0xd3
 .text._ZN10LinkedListI8UnixFileE10addElementEPS0_
                0x00000000c0025550       0xd3 core/unixfile.32
                0x00000000c0025550                LinkedList<UnixFile>::addElement(UnixFile*)

.text._ZN10LinkedListI8UnixFileE15getFirstElementEv
                0x00000000c0025624        0x7
 .text._ZN10LinkedListI8UnixFileE15getFirstElementEv
                0x00000000c0025624        0x7 core/unixfile.32
                0x00000000c0025624                LinkedList<UnixFile>::getFirstElement()

.text._ZN10LinkedListI8UnixFileE11removeFirstEv
                0x00000000c002562c       0xa1
 .text._ZN10LinkedListI8UnixFileE11removeFirstEv
                0x00000000c002562c       0xa1 core/unixfile.32
                0x00000000c002562c                LinkedList<UnixFile>::removeFirst()

.text._ZN10LinkedListI8UnixFileE7getNextEPS0_
                0x00000000c00256ce        0x8
 .text._ZN10LinkedListI8UnixFileE7getNextEPS0_
                0x00000000c00256ce        0x8 core/unixfile.32
                0x00000000c00256ce                LinkedList<UnixFile>::getNext(UnixFile*)

.text._ZN16DriverlessDeviceD2Ev
                0x00000000c00256d6       0x1a
 .text._ZN16DriverlessDeviceD2Ev
                0x00000000c00256d6       0x1a hal/device.32
                0x00000000c00256d6                DriverlessDevice::~DriverlessDevice()
                0x00000000c00256d6                DriverlessDevice::~DriverlessDevice()

.text._ZN16DriverlessDeviceD0Ev
                0x00000000c00256f0       0x2a
 .text._ZN16DriverlessDeviceD0Ev
                0x00000000c00256f0       0x2a hal/device.32
                0x00000000c00256f0                DriverlessDevice::~DriverlessDevice()

.text._ZN10LinkedListI6DeviceE10addElementEPS0_
                0x00000000c002571a       0xdc
 .text._ZN10LinkedListI6DeviceE10addElementEPS0_
                0x00000000c002571a       0xdc hal/device.32
                0x00000000c002571a                LinkedList<Device>::addElement(Device*)

.text._ZN10LinkedListI6DeviceEC2Ev
                0x00000000c00257f6       0x58
 .text._ZN10LinkedListI6DeviceEC2Ev
                0x00000000c00257f6       0x58 hal/device.32
                0x00000000c00257f6                LinkedList<Device>::LinkedList()
                0x00000000c00257f6                LinkedList<Device>::LinkedList()

.text._ZN10LinkedListIV18ThreadControlBlockE15getFirstElementEv
                0x00000000c002584e        0x7
 .text._ZN10LinkedListIV18ThreadControlBlockE15getFirstElementEv
                0x00000000c002584e        0x7 hal/timer.32
                0x00000000c002584e                LinkedList<ThreadControlBlock volatile>::getFirstElement()

.text._ZN10LinkedListIV18ThreadControlBlockE7isEmptyEv
                0x00000000c0025856       0x1c
 .text._ZN10LinkedListIV18ThreadControlBlockE7isEmptyEv
                0x00000000c0025856       0x1c hal/timer.32
                0x00000000c0025856                LinkedList<ThreadControlBlock volatile>::isEmpty()

.text._ZN10LinkedListIV18ThreadControlBlockE11removeFirstEv
                0x00000000c0025872       0xae
 .text._ZN10LinkedListIV18ThreadControlBlockE11removeFirstEv
                0x00000000c0025872       0xae hal/timer.32
                0x00000000c0025872                LinkedList<ThreadControlBlock volatile>::removeFirst()

.text._ZN10LinkedListIV18ThreadControlBlockE10addElementEPS1_
                0x00000000c0025920       0xd3
 .text._ZN10LinkedListIV18ThreadControlBlockE10addElementEPS1_
                0x00000000c0025920       0xd3 hal/timer.32
                0x00000000c0025920                LinkedList<ThreadControlBlock volatile>::addElement(ThreadControlBlock volatile*)

.text._ZN4ACPID2Ev
                0x00000000c00259f4       0x23
 .text._ZN4ACPID2Ev
                0x00000000c00259f4       0x23 hw/acpi.32
                0x00000000c00259f4                ACPI::~ACPI()
                0x00000000c00259f4                ACPI::~ACPI()

.text._ZN4ACPID0Ev
                0x00000000c0025a18       0x2a
 .text._ZN4ACPID0Ev
                0x00000000c0025a18       0x2a hw/acpi.32
                0x00000000c0025a18                ACPI::~ACPI()

.text._ZN3CPUD2Ev
                0x00000000c0025a42       0x23
 .text._ZN3CPUD2Ev
                0x00000000c0025a42       0x23 hw/cpu.32
                0x00000000c0025a42                CPU::~CPU()
                0x00000000c0025a42                CPU::~CPU()

.text._ZN3CPUD0Ev
                0x00000000c0025a66       0x2a
 .text._ZN3CPUD0Ev
                0x00000000c0025a66       0x2a hw/cpu.32
                0x00000000c0025a66                CPU::~CPU()

.text._ZN10LinkedListIV18ThreadControlBlockED2Ev
                0x00000000c0025a90        0x2
 .text._ZN10LinkedListIV18ThreadControlBlockED2Ev
                0x00000000c0025a90        0x2 thr/prcssthr.32
                0x00000000c0025a90                LinkedList<ThreadControlBlock volatile>::~LinkedList()
                0x00000000c0025a90                LinkedList<ThreadControlBlock volatile>::~LinkedList()
