Archive member included to satisfy reference by file (symbol)

/cygdrive/d/Users/Alex/Desktop/Toolchain/Output/bin/../lib/gcc/i386-banana/8.1.0/libkgcc.a(_divdi3.o)
                              fs/fat/ff.32 (__divdi3)
/cygdrive/d/Users/Alex/Desktop/Toolchain/Output/bin/../lib/gcc/i386-banana/8.1.0/libkgcc.a(_moddi3.o)
                              compat/resolve.32 (__moddi3)
/cygdrive/d/Users/Alex/Desktop/Toolchain/Output/bin/../lib/gcc/i386-banana/8.1.0/libkgcc.a(_udivdi3.o)
                              fs/fat/ff.32 (__udivdi3)
/cygdrive/d/Users/Alex/Desktop/Toolchain/Output/bin/../lib/gcc/i386-banana/8.1.0/libkgcc.a(_umoddi3.o)
                              compat/resolve.32 (__umoddi3)
D:/Users/Alex/Desktop/Banana/kernel/libsoftfp.a(sfieeelib.o)
                              hal/sound/sndhw.32 (__addsf3)
D:/Users/Alex/Desktop/Banana/kernel/libsoftfp.a(dfieeelib.o)
                              hal/libresample/src_linear.32 (__adddf3)
D:/Users/Alex/Desktop/Banana/kernel/libsoftfp.a(sfdfcvt.o)
                              hal/libresample/samplerate.32 (__truncdfsf2)
D:/Users/Alex/Desktop/Banana/kernel/libk/libm32.a(s_fabs.c.o)
                              hal/libresample/samplerate.32 (fabs)
D:/Users/Alex/Desktop/Banana/kernel/libk/libm32.a(s_lrint.S.o)
                              hal/libresample/samplerate.32 (lrint)
D:/Users/Alex/Desktop/Banana/kernel/libk/libm32.a(s_lrintf.S.o)
                              hal/sound/sndhw.32 (lrintf)

Discarded input sections

 .comment       0x0000000000000000       0x12 /cygdrive/d/Users/Alex/Desktop/Toolchain/Output/bin/../lib/gcc/i386-banana/8.1.0/crtbegin.o
 .comment       0x0000000000000000       0x12 acpica/utclib.32
 .comment       0x0000000000000000       0x12 core/malloc.32
 .comment       0x0000000000000000       0x12 libk/string.32
 .comment       0x0000000000000000       0x12 fs/fat/diskio.32
 .comment       0x0000000000000000       0x12 fs/fat/ff.32
 .comment       0x0000000000000000       0x12 fs/fat/ffsystem.32
 .comment       0x0000000000000000       0x12 fs/fat/ffunicode.32
 .comment       0x0000000000000000       0x12 hal/libresample/samplerate.32
 .comment       0x0000000000000000       0x12 hal/libresample/src_linear.32
 .comment       0x0000000000000000       0x12 hal/libresample/src_sinc.32
 .comment       0x0000000000000000       0x12 hal/libresample/src_zoh.32
 .comment       0x0000000000000000       0x12 compat/inlines.32
 .comment       0x0000000000000000       0x12 compat/resolve.32
 .group         0x0000000000000000       0x14 core/computer.32
 .group         0x0000000000000000        0xc core/computer.32
 .comment       0x0000000000000000       0x12 core/computer.32
 .comment       0x0000000000000000       0x12 core/gdt.32
 .group         0x0000000000000000        0xc core/idle.32
 .comment       0x0000000000000000       0x12 core/idle.32
 .comment       0x0000000000000000       0x12 core/idt.32
 .comment       0x0000000000000000       0x12 core/kheap.32
 .comment       0x0000000000000000       0x12 core/main.32
 .comment       0x0000000000000000       0x12 core/physmgr.32
 .group         0x0000000000000000        0xc core/pipe.32
 .comment       0x0000000000000000       0x12 core/pipe.32
 .group         0x0000000000000000        0xc core/terminal.32
 .comment       0x0000000000000000       0x12 core/terminal.32
 .comment       0x0000000000000000       0x12 core/tss.32
 .group         0x0000000000000000        0x8 core/unixfile.32
 .group         0x0000000000000000        0xc core/unixfile.32
 .group         0x0000000000000000        0xc core/unixfile.32
 .group         0x0000000000000000        0x8 core/unixfile.32
 .group         0x0000000000000000        0xc core/unixfile.32
 .group         0x0000000000000000        0x8 core/unixfile.32
 .group         0x0000000000000000        0xc core/unixfile.32
 .group         0x0000000000000000        0xc core/unixfile.32
 .comment       0x0000000000000000       0x12 core/unixfile.32
 .comment       0x0000000000000000       0x12 core/virtmgr.32
 .comment       0x0000000000000000       0x12 coreobjs/c++.32
 .comment       0x0000000000000000       0x12 dbg/kconsole.32
 .group         0x0000000000000000        0xc fs/vfs.32
 .group         0x0000000000000000        0xc fs/vfs.32
 .group         0x0000000000000000        0xc fs/vfs.32
 .comment       0x0000000000000000       0x12 fs/vfs.32
 .group         0x0000000000000000        0xc hal/bus.32
 .comment       0x0000000000000000       0x12 hal/bus.32
 .group         0x0000000000000000        0xc hal/buzzer.32
 .comment       0x0000000000000000       0x12 hal/buzzer.32
 .group         0x0000000000000000        0xc hal/clock.32
 .comment       0x0000000000000000       0x12 hal/clock.32
 .group         0x0000000000000000       0x14 hal/device.32
 .group         0x0000000000000000        0xc hal/device.32
 .group         0x0000000000000000        0xc hal/device.32
 .group         0x0000000000000000        0xc hal/device.32
[...]
Memory Configuration

Name             Origin             Length             Attributes
*default*        0x0000000000000000 0xffffffffffffffff

Linker script and memory map

LOAD D:/Users/Alex/Desktop/Banana/kernel/boot.32
LOAD crti.32
LOAD /cygdrive/d/Users/Alex/Desktop/Toolchain/Output/bin/../lib/gcc/i386-banana/8.1.0/crtbegin.o
LOAD D:/Users/Alex/Desktop/Banana/kernel/morenasm.32
LOAD acpica/utclib.32
LOAD core/malloc.32
LOAD libk/string.32
LOAD fs/fat/diskio.32
LOAD fs/fat/ff.32
LOAD fs/fat/ffsystem.32
LOAD fs/fat/ffunicode.32
LOAD hal/libresample/samplerate.32
LOAD hal/libresample/src_linear.32
LOAD hal/libresample/src_sinc.32
LOAD hal/libresample/src_zoh.32
LOAD compat/inlines.32
LOAD compat/resolve.32
LOAD core/computer.32
LOAD core/gdt.32
LOAD core/idle.32
LOAD core/idt.32
LOAD core/kheap.32
LOAD core/main.32
LOAD core/physmgr.32
LOAD core/pipe.32
LOAD core/terminal.32
LOAD core/tss.32
LOAD core/unixfile.32
LOAD core/virtmgr.32
LOAD coreobjs/c++.32
LOAD dbg/kconsole.32
LOAD fs/vfs.32
LOAD hal/bus.32
LOAD hal/buzzer.32
LOAD hal/clock.32
LOAD hal/device.32
LOAD hal/diskctrl.32
LOAD hal/diskphys.32
LOAD hal/fpu.32
LOAD hal/intctrl.32
LOAD hal/keybrd.32
LOAD hal/logidisk.32
LOAD hal/mouse.32
LOAD hal/partition.32
LOAD hal/serial.32
LOAD hal/timer.32
LOAD hal/vcache.32
LOAD hal/video.32
LOAD hw/acpi.32
LOAD hw/cpu.32
LOAD hw/ports.32
LOAD hw/smp.32
LOAD krnl/env.32
LOAD krnl/panic.32
LOAD net/ethernet.32
LOAD reg/registry.32
LOAD sys/sc_eject.32
LOAD sys/sc_exit.32
LOAD sys/sc_getcwd.32
LOAD sys/sc_getpid.32
LOAD sys/sc_getramdata.32
LOAD sys/sc_getvgaptr.32
LOAD sys/sc_loaddll.32
LOAD sys/sc_read.32
LOAD sys/sc_sbrk.32
LOAD sys/sc_setcwd.32
LOAD sys/sc_settime.32
LOAD sys/sc_timezone.32
LOAD sys/sc_write.32
LOAD sys/sc_wsbe.32
LOAD sys/sc_yield.32
LOAD sys/syscalls.32
LOAD thr/elf.32
LOAD thr/prcssthr.32
LOAD vm86/vm8086.32
LOAD vm86/x87em.32
LOAD fs/fat/vfslink.32
LOAD fs/iso9660/vfslink.32
LOAD hal/sound/sndchannel.32
LOAD hal/sound/sndhw.32
LOAD hw/bus/isa.32
LOAD hw/bus/pci.32
LOAD hw/diskctrl/ide.32
LOAD hw/diskctrl/satabus.32
LOAD hw/diskphys/ata.32
LOAD hw/diskphys/atapi.32
LOAD hw/diskphys/sata.32
LOAD hw/diskphys/satapi.32
LOAD hw/fpu/avx.32
LOAD hw/fpu/mmx.32
LOAD hw/fpu/sse.32
LOAD hw/fpu/x87.32
LOAD hw/intctrl/apic.32
LOAD hw/intctrl/pic.32
LOAD hw/timer/apictimer.32
LOAD hw/timer/pit.32
LOAD hw/fpu/x86/avx.32
LOAD hw/fpu/x86/sse.32
LOAD hw/fpu/x86/x87.32
LOAD /cygdrive/d/Users/Alex/Desktop/Toolchain/Output/bin/../lib/gcc/i386-banana/8.1.0/crtend.o
LOAD crtn.32
LOAD /cygdrive/d/Users/Alex/Desktop/Toolchain/Output/bin/../lib/gcc/i386-banana/8.1.0/libkgcc.a
LOAD D:/Users/Alex/Desktop/Banana/kernel/libsoftfp.a
LOAD D:/Users/Alex/Desktop/Banana/kernel/libk/libm32.a
                0x00000000c0000000                . = 0xc0000000

.text           0x00000000c0000000    0x28828
 *(.text)
 .text          0x00000000c0000000       0x41 D:/Users/Alex/Desktop/Banana/kernel/boot.32
                0x00000000c0000020                callGlobalConstructors
 .text          0x00000000c0000041        0x0 crti.32
 *fill*         0x00000000c0000041        0x3 
 .text          0x00000000c0000044      0x101 /cygdrive/d/Users/Alex/Desktop/Toolchain/Output/bin/../lib/gcc/i386-banana/8.1.0/crtbegin.o
 *fill*         0x00000000c0000145        0xb 
 .text          0x00000000c0000150      0x4f5 D:/Users/Alex/Desktop/Banana/kernel/morenasm.32
                0x00000000c0000150                manualPCIProbe
                0x00000000c000019b                prepareTramp
                0x00000000c00001b4                voodooXADD
                0x00000000c000027f                doTPAUSE
                0x00000000c0000289                hasLegacyFPU
                0x00000000c00002ae                is486
                0x00000000c00002e4                detectCPUID
                0x00000000c00002fa                goToVM86
                0x00000000c000032a                goToUsermode
                0x00000000c0000354                switchToThreadASMFirstTime
                0x00000000c0000362                switchToThreadASM
                0x00000000c00003f2                asmQuickAcquireLock
                0x00000000c0000410                asmQuickReleaseLock
                0x00000000c000041c                asmAcquireLock
                0x00000000c000043d                asmReleaseLock
                0x00000000c0000450                loadGDT
                0x00000000c0000470                isr0
                0x00000000c0000480                isr1
                0x00000000c000048a                isr2
                0x00000000c0000494                isr3
                0x00000000c000049e                isr4
                0x00000000c00004a8                isr5
                0x00000000c00004b2                isr6
                0x00000000c00004bc                isr7
                0x00000000c00004c6                isr8
                0x00000000c00004ce                isr9
                0x00000000c00004d8                isr10
                0x00000000c00004e0                isr11
                0x00000000c00004e8                isr12
                0x00000000c00004f0                isr13
                0x00000000c00004f8                isr14
                0x00000000c0000500                isr15
                0x00000000c000050a                isr16
                0x00000000c0000514                isr17
                0x00000000c000051e                isr18
                0x00000000c0000528                irq3
                0x00000000c0000532                irq4
                0x00000000c000053c                irq5
                0x00000000c0000546                irq6
                0x00000000c0000550                irq7
                0x00000000c000055a                irq8
                0x00000000c0000564                irq9
                0x00000000c000056e                irq10
                0x00000000c0000578                irq11
                0x00000000c0000582                irq12
                0x00000000c000058c                irq13
                0x00000000c0000596                irq14
                0x00000000c00005a0                irq15
                0x00000000c00005aa                irq1
                0x00000000c00005b1                irq2
                0x00000000c00005b8                isr96
                0x00000000c00005bf                irq0
                0x00000000c00005c4                int_common_stub
                0x00000000c00005c4                syscall_common_stub
                0x00000000c00005f5                irq16
                0x00000000c00005ff                irq17
                0x00000000c0000609                irq18
                0x00000000c0000613                irq19
                0x00000000c000061d                irq20
                0x00000000c0000627                irq21
                0x00000000c0000631                irq22
                0x00000000c000063b                irq23
 *fill*         0x00000000c0000645        0x3 
 .text          0x00000000c0000648      0x611 acpica/utclib.32
                0x00000000c0000648                memcmp
                0x00000000c0000684                memmove
                0x00000000c000074c                memcpy
                0x00000000c0000780                memset
                0x00000000c000079c                strlen
                0x00000000c00007b4                strpbrk
                0x00000000c00007f0                strtok
                0x00000000c000083c                strcpy
                0x00000000c0000860                strncpy
                0x00000000c00008c8                strcmp
                0x00000000c0000908                strchr
                0x00000000c000092c                strncmp
                0x00000000c000097c                strcat
                0x00000000c00009ac                strncat
                0x00000000c00009e8                strstr
                0x00000000c0000a30                toupper
                0x00000000c0000a44                tolower
                0x00000000c0000a58                simple_strtoul
 .text          0x00000000c0000c59      0xfbf core/malloc.32
                0x00000000c0000dc4                dlfree
                0x00000000c000111f                dlmalloc
                0x00000000c000165c                dlrealloc
                0x00000000c0001811                dlmemalign
                0x00000000c0001934                dlcalloc
                0x00000000c00019ce                dlcfree
                0x00000000c00019d3                dlindependent_calloc
                0x00000000c00019f8                dlindependent_comalloc
                0x00000000c0001a0f                dlvalloc
                0x00000000c0001a3a                dlpvalloc
                0x00000000c0001a70                dlmalloc_trim
                0x00000000c0001a7d                dlmalloc_usable_size
                0x00000000c0001aae                dlmallinfo
                0x00000000c0001b7d                dlmalloc_stats
                0x00000000c0001b8e                dlmallopt
 .text          0x00000000c0001c18        0x0 libk/string.32
 .text          0x00000000c0001c18       0x51 fs/fat/diskio.32
                0x00000000c0001c18                disk_status
                0x00000000c0001c1b                disk_initialize
                0x00000000c0001c1e                disk_read
                0x00000000c0001c34                disk_write
                0x00000000c0001c4a                disk_ioctl
 .text          0x00000000c0001c69     0x6833 fs/fat/ff.32
                0x00000000c0004f37                f_mount
                0x00000000c0004f99                f_open
                0x00000000c00053d5                f_read
                0x00000000c0005655                f_write
                0x00000000c000590f                f_sync
                0x00000000c0005aeb                f_close
                0x00000000c0005b1a                f_lseek
                0x00000000c0005fd1                f_opendir
                0x00000000c00060d3                f_closedir
                0x00000000c00060f5                f_readdir
                0x00000000c0006190                f_stat
                0x00000000c000621f                f_getfree
                0x00000000c00063ea                f_truncate
                0x00000000c00064e2                f_unlink
                0x00000000c0006665                f_mkdir
                0x00000000c0006891                f_rename
                0x00000000c0006b84                f_chmod
                0x00000000c0006c62                f_utime
                0x00000000c0006d40                f_getlabel
                0x00000000c0006f2e                f_setlabel
                0x00000000c000719b                f_forward
                0x00000000c0007379                f_mkfs
 .text          0x00000000c000849c       0x2d fs/fat/ffsystem.32
                0x00000000c000849c                ff_memalloc
                0x00000000c00084b2                ff_memfree
 .text          0x00000000c00084c9      0x253 fs/fat/ffunicode.32
                0x00000000c00084c9                ff_uni2oem
                0x00000000c0008559                ff_oem2uni
                0x00000000c00085c5                ff_wtoupper
 .text          0x00000000c000871c      0x8fb hal/libresample/samplerate.32
                0x00000000c0008760                src_delete
                0x00000000c000879c                src_process
                0x00000000c0008952                src_callback_read
                0x00000000c0008acf                src_set_ratio
                0x00000000c0008b39                src_get_channels
                0x00000000c0008b5b                src_reset
                0x00000000c0008ba7                src_new
                0x00000000c0008c35                src_callback_new
                0x00000000c0008c97                src_get_name
                0x00000000c0008cce                src_get_description
                0x00000000c0008d05                src_get_version
                0x00000000c0008d0b                src_is_valid_ratio
                0x00000000c0008d5f                src_error
                0x00000000c0008d6d                src_strerror
                0x00000000c0008d80                src_simple
                0x00000000c0008dd3                src_short_to_float_array
                0x00000000c0008e38                src_float_to_short_array
                0x00000000c0008ef7                src_int_to_float_array
                0x00000000c0008f5a                src_float_to_int_array
 .text          0x00000000c0009017      0x8cb hal/libresample/src_linear.32
                0x00000000c000983d                linear_get_name
                0x00000000c000984c                linear_get_description
                0x00000000c000985b                linear_set_converter
 .text          0x00000000c00098e2     0x447c hal/libresample/src_sinc.32
                0x00000000c000dc75                sinc_get_name
                0x00000000c000dc88                sinc_get_description
                0x00000000c000dc9b                sinc_set_converter
 .text          0x00000000c000dd5e      0x77c hal/libresample/src_zoh.32
                0x00000000c000e435                zoh_get_name
                0x00000000c000e444                zoh_get_description
                0x00000000c000e453                zoh_set_converter
 .text          0x00000000c000e4da       0x23 compat/inlines.32
                0x00000000c000e4da                CPU::current()
                0x00000000c000e4e7                operator new(unsigned long)
 .text          0x00000000c000e4fd      0x111 compat/resolve.32
                0x00000000c000e4fd                Krnl::resolveCompatibilitySymbol(char*)
 .text          0x00000000c000e60e      0xa17 core/computer.32
                0x00000000c000e60e                Computer::close(int, int, void*)
                0x00000000c000e652                Krnl::firstTask()
                0x00000000c000e742                Computer::Computer()
                0x00000000c000e742                Computer::Computer()
                0x00000000c000e89e                Computer::setBootMessage(char const*)
                0x00000000c000e8a0                Computer::detectFeatures()
                0x00000000c000eaaa                Computer::displayFeatures()
                0x00000000c000edf0                Computer::rdmsr(unsigned int)
                0x00000000c000ee1c                Computer::wrmsr(unsigned int, unsigned long long)
                0x00000000c000ee54                Computer::nmiEnabled()
                0x00000000c000ee60                Computer::readCMOS(unsigned char)
                0x00000000c000ee7a                Computer::enableNMI(bool)
                0x00000000c000ee92                Computer::open(int, int, void*)
                0x00000000c000ef68                Computer::disableNMI()
                0x00000000c000ef76                Computer::writeCMOS(unsigned char, unsigned char)
                0x00000000c000ef94                Computer::handleNMI()
                0x00000000c000effa                Computer::setDiskActivityLight(int, bool)
 *fill*         0x00000000c000f025        0x1 
 .text          0x00000000c000f026      0x1b7 core/gdt.32
                0x00000000c000f026                GDTEntry::setBase(unsigned int)
                0x00000000c000f042                GDTEntry::setLimit(unsigned int)
                0x00000000c000f060                GDT::GDT()
                0x00000000c000f060                GDT::GDT()
                0x00000000c000f076                GDT::addEntry(GDTEntry)
                0x00000000c000f0b2                GDT::getNumberOfEntries()
                0x00000000c000f0ba                GDT::flush()
                0x00000000c000f0dc                GDT::setup()
 .text          0x00000000c000f1dd       0x62 core/idle.32
                0x00000000c000f1dd                idleFunction(void*)
 *fill*         0x00000000c000f23f        0x1 
 .text          0x00000000c000f240      0x45f core/idt.32
                0x00000000c000f240                IDTEntry::IDTEntry(bool)
                0x00000000c000f240                IDTEntry::IDTEntry(bool)
                0x00000000c000f2ae                IDTEntry::setOffset(unsigned int)
                0x00000000c000f2c2                IDT::IDT()
                0x00000000c000f2c2                IDT::IDT()
                0x00000000c000f2c4                IDT::getPointerToInvalidOpcodeEntryForF00F()
                0x00000000c000f2cc                IDT::addEntry(IDTEntry, int)
                0x00000000c000f2e6                IDT::addEntry(int, void (*)(), bool)
                0x00000000c000f31e                IDT::flush()
                0x00000000c000f338                IDT::setup()
 .text          0x00000000c000f69f      0x206 core/kheap.32
                0x00000000c000f69f                sbrk
                0x00000000c000f7ad                mmap
                0x00000000c000f7c3                munmap
                0x00000000c000f7d9                liballoc_lock()
                0x00000000c000f7ea                liballoc_unlock()
                0x00000000c000f7fb                liballoc_alloc(int)
                0x00000000c000f819                liballoc_free(void*, int)
                0x00000000c000f837                realloc
                0x00000000c000f84b                malloc
                0x00000000c000f85b                free
                0x00000000c000f86b                rfree
                0x00000000c000f87b                calloc
 .text          0x00000000c000f8a5      0x44f core/main.32
                0x00000000c000f8a5                hwTextMode_loadInData(VgaText*)
                0x00000000c000f8ea                hwTextMode_loadInTitle(VgaText*, char*)
                0x00000000c000f956                hwTextMode_showCursor(VgaText*, bool)
                0x00000000c000f9b1                hwTextMode_update(VgaText*)
                0x00000000c000f9b2                hwTextMode_updateCursor(VgaText*)
                0x00000000c000f9fa                hwTextMode_disableBlink(VgaText*, bool)
                0x00000000c000fa40                hwTextMode_scrollScreen(VgaText*)
                0x00000000c000fae1                hwTextMode_writeCharacter(VgaText*, char, VgaColour, VgaColour, int, int)
                0x00000000c000fb60                setupTextMode()
                0x00000000c000fbd0                kernel_main
 .text          0x00000000c000fcf4      0x56a core/physmgr.32
                0x00000000c000fcf4                Phys::allocateDMA(unsigned long)
                0x00000000c000fd97                Phys::freeDMA(unsigned long, unsigned long)
                0x00000000c000fddf                Phys::setPageState(unsigned long, bool)
                0x00000000c000fe11                Phys::getPageState(unsigned long)
                0x00000000c000fe2d                Phys::freePage(unsigned long)
                0x00000000c000feb7                Phys::allocatePage()
                0x00000000c000ff9c                Phys::allocateContiguousPages(int)
                0x00000000c000fff6                Phys::allowSegmentToBeUsed(unsigned long, unsigned long)
                0x00000000c001002e                Phys::physicalMemorySetup(unsigned int)
 .text          0x00000000c001025e      0x273 core/pipe.32
                0x00000000c001025e                Pipe::isAtty()
                0x00000000c0010262                Pipe::~Pipe()
                0x00000000c0010262                Pipe::~Pipe()
                0x00000000c0010286                Pipe::~Pipe()
                0x00000000c00102ae                Pipe::read(unsigned long long, void*, int*)
                0x00000000c00103a2                Pipe::write(unsigned long long, void*, int*)
                0x00000000c001046a                Pipe::Pipe(int)
                0x00000000c001046a                Pipe::Pipe(int)
 *fill*         0x00000000c00104d1        0x1 
 .text          0x00000000c00104d2      0xe4d core/terminal.32
                0x00000000c00104d2                VgaText::isAtty()
                0x00000000c00104d6                VgaText::~VgaText()
                0x00000000c00104d6                VgaText::~VgaText()
                0x00000000c00104fa                VgaText::~VgaText()
                0x00000000c0010524                VgaText::read(unsigned long long, void*, int*)
                0x00000000c0010544                setTerminalScrollLock(bool)
                0x00000000c0010545                addToTerminalCycle(VgaText*)
                0x00000000c0010566                installVgaTextImplementation()
                0x00000000c001057b                scrollTerminalScrollLock(int)
                0x00000000c001057c                VgaText::load()
                0x00000000c00105ca                VgaText::updateCursor()
                0x00000000c00105e0                VgaText::showCursor(bool)
                0x00000000c00105ec                VgaText::disableBlink(bool)
                0x00000000c0010620                VgaText::doANSI_SGR(int)
                0x00000000c0010694                VgaText::setDefaultBgColour(VgaColour)
                0x00000000c00106a4                VgaText::setDefaultFgColour(VgaColour)
                0x00000000c00106b4                VgaText::setDefaultColours(VgaColour, VgaColour)
                0x00000000c00106d4                VgaText::combineColours(unsigned char, unsigned char)
                0x00000000c00106e6                VgaText::scrollScreen()
                0x00000000c001077a                VgaText::combineCharAndColour(char, unsigned char)
                0x00000000c001078c                VgaText::writeCharacter(char, VgaColour, VgaColour, int, int)
                0x00000000c00107e8                VgaText::getCursorX()
                0x00000000c00107f0                VgaText::getCursorY()
                0x00000000c00107f8                VgaText::setCursor(int, int)
                0x00000000c0010810                VgaText::setCursorX(int)
                0x00000000c0010828                VgaText::setCursorY(int)
                0x00000000c0010840                VgaText::incrementCursor(bool)
                0x00000000c0010894                VgaText::updateRAMUsageDisplay(int)
                0x00000000c00108f8                VgaText::updateDiskUsage()
                0x00000000c0010a62                VgaText::updateTitle()
                0x00000000c0010aa6                VgaText::setTitleTextColour(VgaColour)
                0x00000000c0010ab4                VgaText::setTitleColour(VgaColour)
                0x00000000c0010ac2                VgaText::setTitle(char*)
                0x00000000c0010ae8                VgaText::decrementCursor(bool)
                0x00000000c0010b0a                VgaText::putchar(char, VgaColour, VgaColour)
                0x00000000c0010be2                VgaText::isShowingCursor()
                0x00000000c0010bea                VgaText::isBlinkDisabled()
                0x00000000c0010bf6                VgaText::setCursorHeight(int)
                0x00000000c0010c0e                VgaText::getCursorHeight()
                0x00000000c0010c16                setActiveTerminal(VgaText*)
                0x00000000c0010cbc                doTerminalCycle()
                0x00000000c0010cd6                VgaText::doUpdate()
                0x00000000c0010ce4                VgaText::puts(char const*, VgaColour, VgaColour)
                0x00000000c0010e5c                VgaText::clearScreen()
                0x00000000c0010eb6                VgaText::putchar(char)
                0x00000000c0010fa2                VgaText::puts(char const*)
                0x00000000c0010fc8                VgaText::putx(unsigned int)
                0x00000000c001100e                VgaText::VgaText(char const*)
                0x00000000c001100e                VgaText::VgaText(char const*)
                0x00000000c00111be                VgaText::receiveKey(unsigned char)
                0x00000000c00112a6                VgaText::write(unsigned long long, void*, int*)
                0x00000000c00112fa                newTerminal(char*)
 *fill*         0x00000000c001131f        0x1 
 .text          0x00000000c0011320      0x1b3 core/tss.32
                0x00000000c0011320                TSS::TSS()
                0x00000000c0011320                TSS::TSS()
                0x00000000c001132e                TSS::setESP(unsigned long)
                0x00000000c0011340                TSS::flush()
                0x00000000c0011360                TSS::setup(unsigned long, unsigned long)
 *fill*         0x00000000c00114d3        0x1 
 .text          0x00000000c00114d4      0x4c2 core/unixfile.32
                0x00000000c00114d4                ReservedFilename::read(unsigned long long, void*, int*)
                0x00000000c001152a                ReservedFilename::isAtty()
                0x00000000c0011546                ReservedFilename::write(unsigned long long, void*, int*)
                0x00000000c00115a4                UnixFile::getFileDescriptor()
                0x00000000c00115ac                UnixFile::UnixFile(int)
                0x00000000c00115ac                UnixFile::UnixFile(int)
                0x00000000c001175c                ReservedFilename::ReservedFilename(int)
                0x00000000c001175c                ReservedFilename::ReservedFilename(int)
                0x00000000c001178e                UnixFile::~UnixFile()
                0x00000000c001178e                UnixFile::~UnixFile()
                0x00000000c0011826                UnixFile::~UnixFile()
                0x00000000c001184e                ReservedFilename::~ReservedFilename()
                0x00000000c001184e                ReservedFilename::~ReservedFilename()
                0x00000000c0011872                ReservedFilename::~ReservedFilename()
                0x00000000c0011899                getFromFileDescriptor(int)
 .text          0x00000000c0011996     0x12c7 core/virtmgr.32
                0x00000000c0011996                Virt::setPageState(unsigned long, Virt::VirtPageState)
                0x00000000c00119cb                Virt::getPageState(unsigned long)
                0x00000000c00119ef                Virt::allocateKernelVirtualPages(int)
                0x00000000c0011b00                Virt::freeSwapfilePage(unsigned long)
                0x00000000c0011b1e                Virt::swapIDToSector(unsigned long)
                0x00000000c0011b30                Virt::allocateSwapfilePage()
                0x00000000c0011bae                Virt::virtualMemorySetup()
                0x00000000c0011c2d                Virt::swappingSetup()
                0x00000000c0011c2e                Virt::getAKernelVAS()
                0x00000000c0011c34                Virt::setupPageSwapping(int)
                0x00000000c0011e00                VAS::VAS()
                0x00000000c0011e00                VAS::VAS()
                0x00000000c0011e3c                VAS::VAS(VAS*)
                0x00000000c0011e3c                VAS::VAS(VAS*)
                0x00000000c0011e6a                VAS::getForeignPageTableEntry(bool, unsigned long)
                0x00000000c0011e96                VAS::getPageTableEntry(unsigned long)
                0x00000000c0011eb5                Virt::freeKernelVirtualPages(unsigned long)
                0x00000000c0011fd8                VAS::freeAllocatedPages(unsigned long)
                0x00000000c0011ffc                VAS::virtualToPhysical(unsigned long)
                0x00000000c0012014                VAS::reflagRange(unsigned long, int, int, int)
                0x00000000c0012054                VAS::setToWriteCombining(unsigned long, int)
                0x00000000c0012086                VAS::mapOtherVASIn(bool, VAS*)
                0x00000000c00120b0                VAS::~VAS()
                0x00000000c00120b0                VAS::~VAS()
                0x00000000c001221c                VAS::mapPage(unsigned long, unsigned long, int)
                0x00000000c001231c                VAS::allocatePages(int, int)
                0x00000000c00124f4                VAS::setCPUSpecific(unsigned long)
                0x00000000c0012510                VAS::mapRange(unsigned long, unsigned long, int, int)
                0x00000000c00125d6                VAS::mapForeignPage(bool, VAS*, unsigned long, unsigned long, int)
                0x00000000c00126c4                VAS::VAS(bool)
                0x00000000c00126c4                VAS::VAS(bool)
                0x00000000c001292a                VAS::evict(unsigned long)
                0x00000000c00129ec                VAS::tryLoadBackOffDisk(unsigned long)
                0x00000000c0012af0                VAS::scanForEviction()
                0x00000000c0012ba1                mapVASFirstTime
 .text          0x00000000c0012c5d       0x95 coreobjs/c++.32
                0x00000000c0012c5d                __cxa_atexit
                0x00000000c0012c60                __cxa_finalize
                0x00000000c0012c61                __stack_chk_fail
                0x00000000c0012ccd                __cxa_pure_virtual
                0x00000000c0012cde                operator new[](unsigned long)
                0x00000000c0012ce3                operator delete(void*, unsigned long)
                0x00000000c0012ce8                operator delete[](void*)
                0x00000000c0012ced                operator delete[](void*, unsigned long)
 .text          0x00000000c0012cf2      0x1ef dbg/kconsole.32
                0x00000000c0012cf2                Dbg::stringifyxWithBase(unsigned int, char*, int)
                0x00000000c0012d53                Dbg::logc(char)
                0x00000000c0012d6a                Dbg::logs(char*)
                0x00000000c0012d87                Dbg::logWriteInt(unsigned int)
                0x00000000c0012da4                Dbg::logWriteIntBase(unsigned int, int)
                0x00000000c0012dc3                Dbg::kprintf(char const*, ...)
 *fill*         0x00000000c0012ee1        0x1 
 .text          0x00000000c0012ee2      0xb82 fs/vfs.32
                0x00000000c0012ee2                File::read(unsigned long long, void*, int*)
                0x00000000c0012f3a                File::write(unsigned long long, void*, int*)
                0x00000000c0012f92                Directory::read(unsigned long long, void*, int*)
                0x00000000c0012fea                Directory::write(unsigned long long, void*, int*)
                0x00000000c0013018                File::isAtty()
                0x00000000c001301c                Directory::isAtty()
                0x00000000c0013020                Filesystem::getlabel(LogicalDisk*, int, char*, unsigned int*)
                0x00000000c0013026                Filesystem::setlabel(LogicalDisk*, int, char*)
                0x00000000c001302c                Filesystem::getFileFirstSector(char const*)
                0x00000000c0013032                File::~File()
                0x00000000c0013032                File::~File()
                0x00000000c0013056                File::~File()
                0x00000000c0013080                Directory::~Directory()
                0x00000000c0013080                Directory::~Directory()
                0x00000000c00130a4                Directory::~Directory()
                0x00000000c00130ce                Filesystem::Filesystem()
                0x00000000c00130ce                Filesystem::Filesystem()
                0x00000000c00130f2                Filesystem::~Filesystem()
                0x00000000c00130f2                Filesystem::~Filesystem()
                0x00000000c0013100                Filesystem::~Filesystem()
                0x00000000c0013124                Fs::getcwd(Process*, char*, int)
                0x00000000c001314e                Fs::initVFS()
                0x00000000c0013178                Fs::standardiseFiles(char*, char const*, char const*)
                0x00000000c0013322                File::File(char const*, Process*)
                0x00000000c0013322                File::File(char const*, Process*)
                0x00000000c0013386                File::open(FileOpenMode)
                0x00000000c00133e4                File::close()
                0x00000000c0013444                File::seek(unsigned long long)
                0x00000000c001349a                File::tell(unsigned long long*)
                0x00000000c00134ea                File::rewind()
                0x00000000c00134fe                File::unlink()
                0x00000000c001354a                File::rename(char const*)
                0x00000000c0013598                File::chfatattr(unsigned char, unsigned char)
                0x00000000c00135f4                File::exists()
                0x00000000c0013632                File::stat(unsigned long long*, bool*)
                0x00000000c0013693                Fs::setcwd(Process*, char*)
                0x00000000c00137ce                Directory::Directory(char const*, Process*)
                0x00000000c00137ce                Directory::Directory(char const*, Process*)
                0x00000000c0013832                Directory::open()
                0x00000000c001388e                Directory::close()
                0x00000000c00138ee                Directory::unlink()
                0x00000000c001393a                Directory::rename(char const*)
                0x00000000c0013988                Directory::exists()
                0x00000000c00139c6                Directory::read(dirent*)
                0x00000000c0013a12                Directory::create()
                0x00000000c0013a5e                Filesystem::chfatattr(char const*, unsigned char, unsigned char)
 .text          0x00000000c0013a64       0x84 hal/bus.32
                0x00000000c0013a64                Bus::Bus(char const*)
                0x00000000c0013a64                Bus::Bus(char const*)
                0x00000000c0013a9a                Bus::~Bus()
                0x00000000c0013a9a                Bus::~Bus()
                0x00000000c0013abe                Bus::~Bus()
 .text          0x00000000c0013ae8      0x14e hal/buzzer.32
                0x00000000c0013ae8                Buzzer::Buzzer(char const*)
                0x00000000c0013ae8                Buzzer::Buzzer(char const*)
                0x00000000c0013b2c                Buzzer::~Buzzer()
                0x00000000c0013b2c                Buzzer::~Buzzer()
                0x00000000c0013b50                Buzzer::~Buzzer()
                0x00000000c0013b7a                Buzzer::stop()
                0x00000000c0013b8d                beepThread(void*)
                0x00000000c0013bc8                Buzzer::beep(int, int, bool)
 .text          0x00000000c0013c36      0x467 hal/clock.32
                0x00000000c0013c36                User::loadClockSettings(int)
                0x00000000c0013c88                Clock::Clock(char const*)
                0x00000000c0013c88                Clock::Clock(char const*)
                0x00000000c0013cbe                Clock::~Clock()
                0x00000000c0013cbe                Clock::~Clock()
                0x00000000c0013ce2                Clock::~Clock()
                0x00000000c0013d0c                Clock::timeInSecondsLocal()
                0x00000000c0013d54                Clock::setTimeInSecondsLocal(unsigned long long)
                0x00000000c0013dad                datetimeToSeconds(datetime_t)
                0x00000000c0013ed4                Clock::setTimeInDatetimeLocal(datetime_t)
                0x00000000c0013f34                secondsToDatetime(unsigned long long)
                0x00000000c0014078                Clock::timeInDatetimeLocal()
 *fill*         0x00000000c001409d        0x1 
 .text          0x00000000c001409e      0x4de hal/device.32
                0x00000000c001409e                Device::hibernate()
                0x00000000c00140a0                Device::wake()
                0x00000000c00140a2                Device::detect()
                0x00000000c00140a4                Device::disableLegacy()
                0x00000000c00140a6                Device::powerSaving(PowerSavingLevel)
                0x00000000c00140a8                DriverlessDevice::close(int, int, void*)
                0x00000000c00140ac                DriverlessDevice::detect()
                0x00000000c00140ae                DriverlessDevice::open(int, int, void*)
                0x00000000c00140c2                Device::~Device()
                0x00000000c00140c2                Device::~Device()
                0x00000000c00140d0                Device::~Device()
                0x00000000c00140f8                Device::findAndLoadDriver()
                0x00000000c00140fa                Device::preOpenPCI(PCIDeviceInfo)
                0x00000000c0014120                Device::preOpenACPI(void*, char*, char*)
                0x00000000c0014174                Device::addIRQHandler(int, void (*)(regs*, void*), bool, void*)
                0x00000000c00141b2                Device::removeIRQHandler(int, void (*)(regs*, void*), bool)
                0x00000000c00141f0                Device::addChild(Device*)
                0x00000000c0014234                Device::removeAllChildren()
                0x00000000c001427a                Device::hibernateAll()
                0x00000000c00142aa                Device::wakeAll()
                0x00000000c00142da                Device::detectAll()
                0x00000000c001430a                Device::disableLegacyAll()
                0x00000000c001433a                Device::loadDriversForAll()
                0x00000000c0014366                Device::closeAll()
                0x00000000c001439c                Device::powerSavingAll(PowerSavingLevel)
                0x00000000c00143d2                Device::setName(char const*)
                0x00000000c00143e0                Device::Device(char const*)
                0x00000000c00143e0                Device::Device(char const*)
                0x00000000c00144dc                Device::getName()
                0x00000000c00144e6                DriverlessDevice::DriverlessDevice(char const*)
                0x00000000c00144e6                DriverlessDevice::DriverlessDevice(char const*)
                0x00000000c001450e                Device::addToLinkedList(LinkedList<Device>&, DeviceType)
                0x00000000c0014552                getDevicesOfType(DeviceType)
 .text          0x00000000c001457c       0x84 hal/diskctrl.32
                0x00000000c001457c                HardDiskController::HardDiskController(char const*)
                0x00000000c001457c                HardDiskController::HardDiskController(char const*)
                0x00000000c00145b2                HardDiskController::~HardDiskController()
                0x00000000c00145b2                HardDiskController::~HardDiskController()
                0x00000000c00145d6                HardDiskController::~HardDiskController()
 .text          0x00000000c0014600       0xf2 hal/diskphys.32
                0x00000000c0014600                PhysicalDisk::eject()
                0x00000000c0014614                PhysicalDisk::PhysicalDisk(char const*, int)
                0x00000000c0014614                PhysicalDisk::PhysicalDisk(char const*, int)
                0x00000000c001467c                PhysicalDisk::startCache()
                0x00000000c00146a4                PhysicalDisk::~PhysicalDisk()
                0x00000000c00146a4                PhysicalDisk::~PhysicalDisk()
                0x00000000c00146c8                PhysicalDisk::~PhysicalDisk()
 .text          0x00000000c00146f2      0x13b hal/fpu.32
                0x00000000c00146f2                FPU::FPU(char const*)
                0x00000000c00146f2                FPU::FPU(char const*)
                0x00000000c0014728                FPU::~FPU()
                0x00000000c0014728                FPU::~FPU()
                0x00000000c001474c                FPU::~FPU()
                0x00000000c0014776                setupFPU()
 *fill*         0x00000000c001482d        0x1 
 .text          0x00000000c001482e     0x1421 hal/intctrl.32
                0x00000000c001482e                InterruptController::uninstallISRHandler(int, void (*)(regs*, void*))
                0x00000000c0014866                InterruptController::installISRHandler(int, void (*)(regs*, void*), void*)
                0x00000000c00148b8                doubleFault(regs*, void*)
                0x00000000c00148d2                InterruptController::installIRQHandler(int, void (*)(regs*, void*), bool, void*)
                0x00000000c001496e                InterruptController::clearAllHandlers(int, bool)
                0x00000000c0014a16                InterruptController::uninstallIRQHandler(int, void (*)(regs*, void*), bool)
                0x00000000c0014a9d                nmiHandler(regs*, void*)
                0x00000000c0014aab                int_handler
                0x00000000c0014b4c                InterruptController::InterruptController(char const*)
                0x00000000c0014b4c                InterruptController::InterruptController(char const*)
                0x00000000c0014bf2                InterruptController::~InterruptController()
                0x00000000c0014bf2                InterruptController::~InterruptController()
                0x00000000c0014c16                InterruptController::~InterruptController()
                0x00000000c0014c40                displayDebugInfo(regs*)
                0x00000000c00150cf                x87EmulHandler(regs*, void*)
                0x00000000c0015142                gpFault(regs*, void*)
                0x00000000c001517b                pgFault(regs*, void*)
                0x00000000c00151b7                otherISRHandler(regs*, void*)
                0x00000000c00151d6                opcodeFault(regs*, void*)
                0x00000000c00157dc                displayProgramFault(char const*)
                0x00000000c0015804                setupInterruptController()
                0x00000000c0015c02                InterruptController::convertLegacyIRQNumber(int)
 *fill*         0x00000000c0015c4f        0x1 
 .text          0x00000000c0015c50      0x70a hal/keybrd.32
                0x00000000c0015c50                startGUI(void*)
                0x00000000c0015cac                startGUIVESA(void*)
                0x00000000c0015d08                sendKeyToTerminal(unsigned char)
                0x00000000c0015d74                sendKeyboardToken(KeyboardToken)
                0x00000000c00161b1                clearInternalKeybuffer(VgaText*)
                0x00000000c00161e6                readKeyboard(VgaText*, char*, unsigned long)
                0x00000000c00162d0                Keyboard::Keyboard(char const*)
                0x00000000c00162d0                Keyboard::Keyboard(char const*)
                0x00000000c001630c                Keyboard::~Keyboard()
                0x00000000c001630c                Keyboard::~Keyboard()
                0x00000000c0016330                Keyboard::~Keyboard()
 .text          0x00000000c001635a      0x414 hal/logidisk.32
                0x00000000c001635a                LogicalDisk::close(int, int, void*)
                0x00000000c001635e                LogicalDisk::~LogicalDisk()
                0x00000000c001635e                LogicalDisk::~LogicalDisk()
                0x00000000c0016382                LogicalDisk::~LogicalDisk()
                0x00000000c00163ac                LogicalDisk::open(int, int, void*)
                0x00000000c00163c0                LogicalDisk::absoluteToRelative(unsigned long long)
                0x00000000c00163f8                LogicalDisk::relativeToAbsolute(unsigned long long)
                0x00000000c001643e                LogicalDisk::LogicalDisk(char const*, PhysicalDisk*, unsigned long long, unsigned long long)
                0x00000000c001643e                LogicalDisk::LogicalDisk(char const*, PhysicalDisk*, unsigned long long, unsigned long long)
                0x00000000c00164f4                LogicalDisk::assignDriveLetter()
                0x00000000c00165aa                LogicalDisk::mount()
                0x00000000c001661c                LogicalDisk::unmount()
                0x00000000c001662c                LogicalDisk::eject()
                0x00000000c0016640                LogicalDisk::unassignDriveLetter()
                0x00000000c0016696                LogicalDisk::read(unsigned long long, int, void*)
                0x00000000c0016702                LogicalDisk::write(unsigned long long, int, void*)
 .text          0x00000000c001676e       0x84 hal/mouse.32
                0x00000000c001676e                Mouse::Mouse(char const*)
                0x00000000c001676e                Mouse::Mouse(char const*)
                0x00000000c00167a4                Mouse::~Mouse()
                0x00000000c00167a4                Mouse::~Mouse()
                0x00000000c00167c8                Mouse::~Mouse()
 .text          0x00000000c00167f2      0x372 hal/partition.32
                0x00000000c00167f2                makePartition(PhysicalDisk*, unsigned long long, unsigned long long)
                0x00000000c00168ba                createPartitionsForDisk(PhysicalDisk*)
 .text          0x00000000c0016b64       0x84 hal/serial.32
                0x00000000c0016b64                Serial::Serial(char const*)
                0x00000000c0016b64                Serial::Serial(char const*)
                0x00000000c0016b9a                Serial::~Serial()
                0x00000000c0016b9a                Serial::~Serial()
                0x00000000c0016bbe                Serial::~Serial()
 .text          0x00000000c0016be8      0x2b8 hal/timer.32
                0x00000000c0016be8                Timer::Timer(char const*)
                0x00000000c0016be8                Timer::Timer(char const*)
                0x00000000c0016c1e                Timer::~Timer()
                0x00000000c0016c1e                Timer::~Timer()
                0x00000000c0016c42                Timer::~Timer()
                0x00000000c0016c6c                Timer::read()
                0x00000000c0016c77                timerHandler(unsigned long long)
                0x00000000c0016dae                setupTimer(int)
 .text          0x00000000c0016ea0      0x425 hal/vcache.32
                0x00000000c0016ea0                VCache::VCache(PhysicalDisk*)
                0x00000000c0016ea0                VCache::VCache(PhysicalDisk*)
                0x00000000c0017008                VCache::invalidateReadBuffer()
                0x00000000c0017018                VCache::writeWriteBuffer()
                0x00000000c0017054                VCache::~VCache()
                0x00000000c0017054                VCache::~VCache()
                0x00000000c00170a8                VCache::~VCache()
                0x00000000c00170d0                VCache::write(unsigned long long, int, void*)
                0x00000000c00171c6                VCache::read(unsigned long long, int, void*)
 *fill*         0x00000000c00172c5        0x1 
 .text          0x00000000c00172c6      0x4cd hal/video.32
                0x00000000c00172c6                Video::putrect(int, int, int, int, unsigned int)
                0x00000000c0017312                Video::bitblit(int, int, int, int, int, int, int, unsigned int*)
                0x00000000c0017382                Video::blit(unsigned int*, int, int, int, int)
                0x00000000c0017400                Video::clearScreen(unsigned int)
                0x00000000c0017434                Video::putpixel(int, int, unsigned int)
                0x00000000c0017442                Video::Video(char const*)
                0x00000000c0017442                Video::Video(char const*)
                0x00000000c0017478                Video::~Video()
                0x00000000c0017478                Video::~Video()
                0x00000000c001749c                Video::~Video()
                0x00000000c00174c6                Video::isMonochrome()
                0x00000000c00174d2                Video::getWidth()
                0x00000000c00174de                Video::getHeight()
                0x00000000c00174ea                Video::drawCursor(int, int, unsigned char*, int)
                0x00000000c00175a6                Video::tgaParse(unsigned char*, int, int*, int*)
                0x00000000c0017728                Video::putTGA(int, int, unsigned char*, int)
 *fill*         0x00000000c0017793        0x1 
 .text          0x00000000c0017794      0xf80 hw/acpi.32
                0x00000000c0017794                ACPI::close(int, int, void*)
                0x00000000c0017849                findRSDP()
                0x00000000c00178e3                loadACPITables(unsigned char*)
                0x00000000c0017b0a                findRSDT(unsigned char*)
                0x00000000c0017c28                findDataTable(unsigned char*, char*)
                0x00000000c0017cc4                scanMADT()
                0x00000000c001814a                ACPI::ACPI()
                0x00000000c001814a                ACPI::ACPI()
                0x00000000c00181b4                ACPI::getPCIIRQAssignment(unsigned char, unsigned short, unsigned char)
                0x00000000c0018296                ACPI::registerPCIIRQAssignment(void*, unsigned short, unsigned char, unsigned char)
                0x00000000c001835c                ACPI::setScreenBrightnessLevel(void*, int)
                0x00000000c0018362                ACPI::writeSimpleBootFlag(SimpleBootFlagTable*)
                0x00000000c00183aa                ACPI::open(int, int, void*)
                0x00000000c00186fc                ACPI::sleep()
 .text          0x00000000c0018714     0x1715 hw/cpu.32
                0x00000000c0018714                CPU::close(int, int, void*)
                0x00000000c0018718                CPU::lookupAMDName(unsigned char, unsigned char)
                0x00000000c00188ac                CPU::lookupIntelName(unsigned char, unsigned char)
                0x00000000c0018b5a                CPU::AMD_K6_write_msr(unsigned int, unsigned int, unsigned int, CPU::REGS*)
                0x00000000c0018b76                CPU::AMD_K6_read_msr(unsigned int, CPU::REGS*)
                0x00000000c0018b8e                CPU::AMD_K6_writeback(int, int, int)
                0x00000000c0018c02                CPU::cpuid(int, unsigned long*, unsigned long*, unsigned long*, unsigned long*)
                0x00000000c0018c86                CPU::cpuidCheckEDX(unsigned int)
                0x00000000c0018cb4                CPU::cpuidCheckECX(unsigned int)
                0x00000000c0018ce2                CPU::cpuidCheckExtendedEBX(unsigned int)
                0x00000000c0018d10                CPU::cpuidCheckExtendedECX(unsigned int)
                0x00000000c0018d3e                CPU::CPU()
                0x00000000c0018d3e                CPU::CPU()
                0x00000000c0018dcc                CPU::displayFeatures()
                0x00000000c0019048                CPU::detectFeatures()
                0x00000000c0019a38                CPU::setupSMEP()
                0x00000000c0019a44                CPU::setupUMIP()
                0x00000000c0019a4e                CPU::setupTSC()
                0x00000000c0019a58                CPU::setupLargePages()
                0x00000000c0019a62                CPU::setupPAT()
                0x00000000c0019a9e                CPU::setupMTRR()
                0x00000000c0019aa0                CPU::setupGlobalPages()
                0x00000000c0019aaa                CPU::allowUsermodeDataAccess()
                0x00000000c0019abc                CPU::prohibitUsermodeDataAccess()
                0x00000000c0019ace                CPU::setupSMAP()
                0x00000000c0019adc                CPU::setupFeatures()
                0x00000000c0019b5c                CPU::open(int, int, void*)
                0x00000000c0019c2e                CPU::decodeAddress(regs*, int*, bool*, unsigned char*)
 .text          0x00000000c0019e29        0x0 hw/ports.32
 .text          0x00000000c0019e29      0x16a hw/smp.32
                0x00000000c0019e29                Krnl::smpEntry()
                0x00000000c0019e2b                Krnl::startCPU(int)
                0x00000000c0019f74                Krnl::startCPUs()
 *fill*         0x00000000c0019f93        0x1 
 .text          0x00000000c0019f94      0x5d3 krnl/env.32
                0x00000000c0019f94                EnvVarContainer::getEnv(char const*)
                0x00000000c0019fd2                EnvVarContainer::setEnv(char const*, char const*)
                0x00000000c001a09e                EnvVarContainer::deleteEnv(char const*)
                0x00000000c001a0a0                EnvVarContainer::loadFrom(char const*, char const*)
                0x00000000c001a296                EnvVarContainer::__loadSystem()
                0x00000000c001a2b0                EnvVarContainer::__loadUser()
                0x00000000c001a2b2                EnvVarContainer::EnvVarContainer(Process*)
                0x00000000c001a2b2                EnvVarContainer::EnvVarContainer(Process*)
                0x00000000c001a2d4                EnvVarContainer::~EnvVarContainer()
                0x00000000c001a2d4                EnvVarContainer::~EnvVarContainer()
                0x00000000c001a304                Krnl::getEnv(Process*, char const*)
                0x00000000c001a369                Krnl::setEnvSystem(char const*, char const*)
                0x00000000c001a383                Krnl::setEnvUser(char const*, char const*)
                0x00000000c001a3a2                Krnl::setEnvProcess(Process*, char const*, char const*)
                0x00000000c001a3b5                Krnl::deleteEnvSystem(char const*)
                0x00000000c001a3b6                Krnl::deleteEnvUser(char const*)
                0x00000000c001a3b7                Krnl::deleteEnvProcess(Process*, char const*)
                0x00000000c001a3b8                Krnl::newProcessEnv(Process*)
                0x00000000c001a3da                Krnl::copyProcessEnv(Process*, Process*)
                0x00000000c001a42e                Krnl::loadSystemEnv()
                0x00000000c001a45c                Krnl::loadUserEnv()
                0x00000000c001a482                Krnl::flushEnv()
                0x00000000c001a483                Krnl::getProcessTotalEnvCount(Process*)
                0x00000000c001a4a3                Krnl::getProcessEnvPair(Process*, int)
 .text          0x00000000c001a567      0x396 krnl/panic.32
                0x00000000c001a567                Krnl::panic(char const*)
 .text          0x00000000c001a8fd      0x3b6 net/ethernet.32
                0x00000000c001a8fd                Net::switchEndian16(unsigned short)
                0x00000000c001a91e                Net::switchEndian32(unsigned int)
                0x00000000c001a94d                Net::crc32Calc(unsigned char*, int)
                0x00000000c001a9de                Net::wrapEthernetFrame(Net::UnwrappedEthernetFrame, unsigned char*)
                0x00000000c001ab1a                Net::unwrapEthernetFrame(unsigned char*, int)
 .text          0x00000000c001acb3      0x513 reg/registry.32
                0x00000000c001acb3                Reg::findLineFromLoadedData(char*, char*, char*)
                0x00000000c001ae0b                Reg::getLineFromRegistry(char*, char*, char*, char*)
                0x00000000c001af60                Reg::getLine(char*, char*, char*)
                0x00000000c001af97                Reg::readInt(char*, char*, int*)
                0x00000000c001b082                Reg::readString(char*, char*, char*, int)
                0x00000000c001b103                Reg::readBool(char*, char*, bool*)
                0x00000000c001b128                Reg::readBoolWithDefault(char*, char*, bool)
                0x00000000c001b154                Reg::readIntWithDefault(char*, char*, int)
                0x00000000c001b180                Reg::readStringWithDefault(char*, char*, char*, int, char*)
 .text          0x00000000c001b1c6       0x36 sys/sc_eject.32
                0x00000000c001b1c6                Sys::eject(regs*)
 .text          0x00000000c001b1fc       0x18 sys/sc_exit.32
                0x00000000c001b1fc                Sys::exit(regs*)
 .text          0x00000000c001b214       0x1f sys/sc_getcwd.32
                0x00000000c001b214                Sys::getCwd(regs*)
 .text          0x00000000c001b233        0xc sys/sc_getpid.32
                0x00000000c001b233                Sys::getPID(regs*)
 .text          0x00000000c001b23f       0x17 sys/sc_getramdata.32
                0x00000000c001b23f                Sys::getRAMData(regs*)
 .text          0x00000000c001b256       0x82 sys/sc_getvgaptr.32
                0x00000000c001b256                Sys::getVGAPtr(regs*)
 .text          0x00000000c001b2d8       0xa8 sys/sc_loaddll.32
                0x00000000c001b2d8                Sys::loadDLL(regs*)
 .text          0x00000000c001b380       0x68 sys/sc_read.32
                0x00000000c001b380                Sys::read(regs*)
 .text          0x00000000c001b3e8       0x55 sys/sc_sbrk.32
                0x00000000c001b3e8                Sys::sbrk(regs*)
 .text          0x00000000c001b43d       0x1c sys/sc_setcwd.32
                0x00000000c001b43d                Sys::setCwd(regs*)
 .text          0x00000000c001b459      0x128 sys/sc_settime.32
                0x00000000c001b459                Sys::setTime(regs*)
 .text          0x00000000c001b581       0x4a sys/sc_timezone.32
                0x00000000c001b581                Sys::timezone(regs*)
 .text          0x00000000c001b5cb       0x68 sys/sc_write.32
                0x00000000c001b5cb                Sys::write(regs*)
 .text          0x00000000c001b633       0x62 sys/sc_wsbe.32
                0x00000000c001b633                Sys::wsbe(regs*)
 .text          0x00000000c001b695       0x3b sys/sc_yield.32
                0x00000000c001b695                Sys::yield(regs*)
 .text          0x00000000c001b6d0     0x110c sys/syscalls.32
                0x00000000c001b6d0                sysCallSeekDir(regs*)
                0x00000000c001b6d5                sysCallTellDir(regs*)
                0x00000000c001b6da                sysCallVerify(regs*)
                0x00000000c001b6e4                sysFormatDisk(regs*)
                0x00000000c001b74e                sysSetDiskVolumeLabel(regs*)
                0x00000000c001b794                sysGetDiskVolumeLabel(regs*)
                0x00000000c001b7e5                sysShutdown(regs*)
                0x00000000c001b843                sysCallRealpath(regs*)
                0x00000000c001b886                sysCallGetArgc(regs*)
                0x00000000c001b8b4                sysCallReadDir(regs*)
                0x00000000c001b942                sysCallIsATTY(regs*)
                0x00000000c001b99c                sysCallSeek(regs*)
                0x00000000c001ba05                sysCallTell(regs*)
                0x00000000c001ba82                sysCallSize(regs*)
                0x00000000c001bb05                sysCallSizeFromFilename(regs*)
                0x00000000c001bbc5                sysCallClose(regs*)
                0x00000000c001bc4d                sysCallOpenDir(regs*)
                0x00000000c001bcc2                sysCallCloseDir(regs*)
                0x00000000c001bd28                sysCallMakeDir(regs*)
                0x00000000c001bd98                sysCallWait(regs*)
                0x00000000c001bdb2                sysCallNotImpl(regs*)
                0x00000000c001bdcd                sysPanic(regs*)
                0x00000000c001bdf3                sysCallRmdir(regs*)
                0x00000000c001be57                sysCallUnlink(regs*)
                0x00000000c001bebb                sysCallGetArgv(regs*)
                0x00000000c001bf07                sysCallTTYName(regs*)
                0x00000000c001bf8a                sysCallUSleep(regs*)
                0x00000000c001bfb1                sysCallSpawn(regs*)
                0x00000000c001c026                sysCallGetEnv(regs*)
                0x00000000c001c15e                sysAppSettings(regs*)
                0x00000000c001c27d                sysSetFatAttrib(regs*)
                0x00000000c001c2ef                sysPipe(regs*)
                0x00000000c001c334                sysGetUnixTime(regs*)
                0x00000000c001c348                string_ends_with(char const*, char const*)
                0x00000000c001c390                sysCallOpen(regs*)
                0x00000000c001c5a5                Sys::loadSyscalls()
                0x00000000c001c79a                Sys::systemCall(regs*, void*)
 .text          0x00000000c001c7dc     0x11ee thr/elf.32
                0x00000000c001c7dc                Thr::allocateMemoryForTask(Process*, File*, unsigned long, unsigned long, unsigned long)
                0x00000000c001ca6e                Thr::loadProgramIntoMemory(Process*, char const*)
                0x00000000c001cc84                Thr::runtimeReferenceHelper()
                0x00000000c001cc97                Thr::getAddressOfKernelSymbol(char const*)
                0x00000000c001cce6                Thr::loadKernelSymbolTable(char const*)
                0x00000000c001cfa4                Thr::loadDriverIntoMemory(char const*, unsigned long, bool)
                0x00000000c001d6da                Thr::getDriverBaseFromAddress(unsigned long)
                0x00000000c001d70c                Thr::getDriverNameFromAddress(unsigned long)
                0x00000000c001d743                Thr::getDriverOffsetFromAddress(unsigned long)
                0x00000000c001d75d                Thr::loadDLL(char const*, bool)
                0x00000000c001d991                Thr::executeDLL(unsigned long, void*)
 .text          0x00000000c001d9ca     0x1128 thr/prcssthr.32
                0x00000000c001d9ca                changeTSS
                0x00000000c001d9fa                Process::addArgs(char**)
                0x00000000c001da54                Process::Process(char const*, Process*, char**)
                0x00000000c001da54                Process::Process(char const*, Process*, char**)
                0x00000000c001dc38                Process::Process(bool, char const*, Process*, char**)
                0x00000000c001dc38                Process::Process(bool, char const*, Process*, char**)
                0x00000000c001dde7                disableIRQs()
                0x00000000c001ddef                getIRQNestingLevel()
                0x00000000c001ddf5                enableIRQs()
                0x00000000c001de04                lockScheduler()
                0x00000000c001de06                unlockScheduler()
                0x00000000c001de08                userModeEntryPoint(void*)
                0x00000000c001de2b                lockStuff()
                0x00000000c001de37                taskStartupFunction
                0x00000000c001de40                updateTimeUsed()
                0x00000000c001dea5                switchToThread(ThreadControlBlock*)
                0x00000000c001def6                Semaphore::Semaphore(int)
                0x00000000c001def6                Semaphore::Semaphore(int)
                0x00000000c001df24                Mutex::Mutex()
                0x00000000c001df24                Mutex::Mutex()
                0x00000000c001df36                Process::createThread(void (*)(void*), void*, int)
                0x00000000c001e03c                Process::createUserThread()
                0x00000000c001e058                setupMultitasking(void (*)())
                0x00000000c001e17a                schedule()
                0x00000000c001e1ff                unlockStuff()
                0x00000000c001e234                Semaphore::tryAcquire()
                0x00000000c001e262                Semaphore::assertLocked(char const*)
                0x00000000c001e292                blockTaskWithSchedulerLockAlreadyHeld(TaskState)
                0x00000000c001e2d4                blockTask(TaskState)
                0x00000000c001e2f5                waitTask(int, int*, int)
                0x00000000c001e337                nanoSleepUntil(unsigned long long)
                0x00000000c001e38e                nanoSleep(unsigned long long)
                0x00000000c001e3a3                sleep(unsigned long long)
                0x00000000c001e3c0                Semaphore::acquire()
                0x00000000c001e428                taskReturned
                0x00000000c001e456                Thr::processFromPID(int)
                0x00000000c001e4ef                unblockTask(ThreadControlBlock*)
                0x00000000c001e59e                cleanupTerminatedTask(ThreadControlBlock*)
                0x00000000c001e867                cleanerTaskFunction(void*)
                0x00000000c001e91a                terminateTask(int)
                0x00000000c001e9fa                Thr::terminateFromIRQ(int)
                0x00000000c001ea06                Semaphore::release()
 .text          0x00000000c001eaf2      0xc26 vm86/vm8086.32
                0x00000000c001eaf2                Vm::inbv(unsigned short)
                0x00000000c001eb05                Vm::outbv(unsigned short, unsigned char)
                0x00000000c001eb58                Vm::realToLinear(unsigned short, unsigned short)
                0x00000000c001eb68                Vm::getSegment(unsigned int)
                0x00000000c001eb70                Vm::getOffset(unsigned int)
                0x00000000c001eb75                Vm::mainloop2()
                0x00000000c001ebb0                Vm::mainVm8086Loop(void*)
                0x00000000c001ebbd                Vm::mainloop3(unsigned long)
                0x00000000c001ebe7                Vm::initialise8086()
                0x00000000c001ec2a                Vm::finish8086()
                0x00000000c001ec6f                Vm::getOutput8086(unsigned char*)
                0x00000000c001ec99                Vm::start8086(char const*, unsigned short, unsigned short, unsigned short, unsigned short)
                0x00000000c001ede9                Vm::doISR(regs*, int, unsigned char*, unsigned short, unsigned short)
                0x00000000c001ee73                Vm::readByteFromReal(unsigned short, unsigned short)
                0x00000000c001ee84                Vm::readWordFromReal(unsigned short, unsigned short)
                0x00000000c001ee96                Vm::readDwordFromReal(unsigned short, unsigned short)
                0x00000000c001eea7                Vm::writeByteFromReal(unsigned short, unsigned short, unsigned char)
                0x00000000c001eebc                Vm::writeWordFromReal(unsigned short, unsigned short, unsigned short)
                0x00000000c001eed2                Vm::writeDwordFromReal(unsigned short, unsigned short, unsigned int)
                0x00000000c001eee7                Vm::faultHandler(regs*)
 .text          0x00000000c001f718      0xefd vm86/x87em.32
                0x00000000c001f718                Vm::fpuInternalTo32(unsigned long long)
                0x00000000c001f773                Vm::fpuInternalTo64(unsigned long long)
                0x00000000c001f77c                Vm::fpu32ToInternal(unsigned int)
                0x00000000c001f7c1                Vm::fpu64ToInternal(unsigned long long)
                0x00000000c001f7ca                Vm::fpuFloatToLong(unsigned long long)
                0x00000000c001f825                Vm::fpuULongToFloat(unsigned long long)
                0x00000000c001f85b                Vm::fpuLongToFloat(long long)
                0x00000000c001f8b1                Vm::fpuGet0()
                0x00000000c001f8b6                Vm::fpuGet1()
                0x00000000c001f8be                Vm::fpuGetPi()
                0x00000000c001f8c6                Vm::fpuGetLog2E()
                0x00000000c001f8de                Vm::fpuGetLogE2()
                0x00000000c001f8f6                Vm::fpuGetLog210()
                0x00000000c001f90e                Vm::fpuGetLog102()
                0x00000000c001f926                Vm::fpuIsSecondLarger(unsigned long long, unsigned long long)
                0x00000000c001f93a                Vm::fpuAreEqual(unsigned long long, unsigned long long)
                0x00000000c001f950                Vm::fpuUnorderedCompare(unsigned long long, unsigned long long)
                0x00000000c001f9a3                Vm::fpuAdd(unsigned long long, unsigned long long)
                0x00000000c001f9b4                Vm::fpuAbs(unsigned long long)
                0x00000000c001f9bd                Vm::fpuChs(unsigned long long)
                0x00000000c001f9cd                Vm::fpuSub(unsigned long long, unsigned long long)
                0x00000000c001f9dc                Vm::fpuMultiply(unsigned long long, unsigned long long)
                0x00000000c001f9fb                Vm::fpuDivide(unsigned long long, unsigned long long)
                0x00000000c001fa17                Vm::fpuSquare(unsigned long long)
                0x00000000c001fa2d                Vm::fpuGetReg(int)
                0x00000000c001fa70                Vm::fpuSetReg(int, unsigned long long)
                0x00000000c001fabb                Vm::fpuPush(unsigned long long)
                0x00000000c001fb18                Vm::fpuPop()
                0x00000000c001fb6a                Vm::x87Handler(regs*)
 *fill*         0x00000000c0020615        0x1 
 .text          0x00000000c0020616     0x11af fs/fat/vfslink.32
                0x00000000c0020616                FAT::getName()
                0x00000000c002061c                FAT::tell(void*, unsigned long long*)
                0x00000000c0020650                FAT::stat(void*, unsigned long long*)
                0x00000000c0020684                FAT::~FAT()
                0x00000000c0020684                FAT::~FAT()
                0x00000000c00206a8                FAT::~FAT()
                0x00000000c00206d0                FAT::getlabel(LogicalDisk*, int, char*, unsigned int*)
                0x00000000c002076e                FAT::setlabel(LogicalDisk*, int, char*)
                0x00000000c0020828                FAT::format(LogicalDisk*, int, char const*, int)
                0x00000000c0020a0c                FAT::tryMount(LogicalDisk*, int)
                0x00000000c0020c12                FAT::getFileFirstSector(char const*)
                0x00000000c0020cd4                FAT::readDir(void*, unsigned long, void*, int*)
                0x00000000c0020dda                FAT::read(void*, unsigned long, void*, int*)
                0x00000000c0020e34                FAT::write(void*, unsigned long, void*, int*)
                0x00000000c0020e8e                FAT::close(void*)
                0x00000000c0020eda                FAT::closeDir(void*)
                0x00000000c0020f26                FAT::seek(void*, unsigned long long)
                0x00000000c0020f7a                fatWrapperReadDisk
                0x00000000c0020fc1                fatWrapperWriteDisk
                0x00000000c0021008                fatWrapperIoctl
                0x00000000c002110c                FAT::FAT()
                0x00000000c002110c                FAT::FAT()
                0x00000000c002115e                FAT::fixFilepath(char*)
                0x00000000c0021196                FAT::open(char const*, void**, FileOpenMode)
                0x00000000c00212be                FAT::openDir(char const*, void**)
                0x00000000c0021364                FAT::stat(char const*, unsigned long long*, bool*)
                0x00000000c002144e                FAT::unlink(char const*)
                0x00000000c00214c8                FAT::chfatattr(char const*, unsigned char, unsigned char)
                0x00000000c002161c                FAT::rename(char const*, char const*)
                0x00000000c00216e0                FAT::mkdir(char const*)
                0x00000000c002175a                FAT::exists(char const*)
 *fill*         0x00000000c00217c5        0x1 
 .text          0x00000000c00217c6      0xbc1 fs/iso9660/vfslink.32
                0x00000000c00217c6                ISO9660::format(LogicalDisk*, int, char const*, int)
                0x00000000c00217cc                ISO9660::seek(void*, unsigned long long)
                0x00000000c00217fc                ISO9660::tell(void*, unsigned long long*)
                0x00000000c0021820                ISO9660::getName()
                0x00000000c0021826                ISO9660::stat(void*, unsigned long long*)
                0x00000000c002184a                ISO9660::chfatattr(char const*, unsigned char, unsigned char)
                0x00000000c0021850                ISO9660::unlink(char const*)
                0x00000000c0021856                ISO9660::write(void*, unsigned long, void*, int*)
                0x00000000c002185c                ISO9660::rename(char const*, char const*)
                0x00000000c0021862                ISO9660::mkdir(char const*)
                0x00000000c0021868                ISO9660::close(void*)
                0x00000000c002188a                ISO9660::closeDir(void*)
                0x00000000c00218ac                ISO9660::~ISO9660()
                0x00000000c00218ac                ISO9660::~ISO9660()
                0x00000000c00218d0                ISO9660::~ISO9660()
                0x00000000c00218f7                __memmem(unsigned char*, int, unsigned char*, int)
                0x00000000c0021939                readSectorFromCDROM(unsigned int, unsigned char*, char)
                0x00000000c00219a0                ISO9660::tryMount(LogicalDisk*, int)
                0x00000000c00219f0                ISO9660::read(void*, unsigned long, void*, int*)
                0x00000000c0021bf0                ISO9660::readDir(void*, unsigned long, void*, int*)
                0x00000000c0021e7d                readRoot(unsigned int*, unsigned int*, char)
                0x00000000c0021ed2                readRecursively(char*, unsigned int, unsigned int, unsigned int*, unsigned int*, char, int*)
                0x00000000c00220a5                getFileData(char*, unsigned int*, unsigned int*, char, int*)
                0x00000000c0022134                ISO9660::open(char const*, void**, FileOpenMode)
                0x00000000c00221f4                ISO9660::exists(char const*)
                0x00000000c0022218                ISO9660::stat(char const*, unsigned long long*, bool*)
                0x00000000c00222ac                ISO9660::openDir(char const*, void**)
                0x00000000c0022364                ISO9660::ISO9660()
                0x00000000c0022364                ISO9660::ISO9660()
 *fill*         0x00000000c0022387        0x1 
 .text          0x00000000c0022388      0x326 hal/sound/sndchannel.32
                0x00000000c0022388                SoundChannel::~SoundChannel()
                0x00000000c0022388                SoundChannel::~SoundChannel()
                0x00000000c00223a4                SoundChannel::setSpeed(float)
                0x00000000c00223b0                SoundChannel::getSpeed()
                0x00000000c00223b8                SoundChannel::setVolume(int)
                0x00000000c00223d4                SoundChannel::getVolume()
                0x00000000c00223dc                SoundChannel::pause()
                0x00000000c00223e6                SoundChannel::SoundChannel(int, int, int, int)
                0x00000000c00223e6                SoundChannel::SoundChannel(int, int, int, int)
                0x00000000c002253c                SoundChannel::play()
                0x00000000c0022546                SoundChannel::paused()
                0x00000000c002254e                SoundChannel::getSampleRate()
                0x00000000c0022556                SoundChannel::getBits()
                0x00000000c002255e                SoundChannel::getBufferUsed()
                0x00000000c0022566                SoundChannel::getBufferSize()
                0x00000000c002256e                SoundChannel::unbuffer(float*, int, int)
                0x00000000c002260e                SoundChannel::buffer8(unsigned char*, int)
 .text          0x00000000c00226ae      0x3d5 hal/sound/sndhw.32
                0x00000000c00226ae                SoundDevice::SoundDevice(char const*)
                0x00000000c00226ae                SoundDevice::SoundDevice(char const*)
                0x00000000c002271a                SoundDevice::~SoundDevice()
                0x00000000c002271a                SoundDevice::~SoundDevice()
                0x00000000c0022794                SoundDevice::~SoundDevice()
                0x00000000c00227be                SoundDevice::getFreeChannelNum()
                0x00000000c00227d8                SoundDevice::addChannel(SoundChannel*)
                0x00000000c0022848                SoundDevice::removeChannel(int)
                0x00000000c002287a                SoundDevice::floatTo8(float*, unsigned char*, int)
                0x00000000c0022962                SoundDevice::getAudio(int, float*, float*)
 .text          0x00000000c0022a83        0x0 hw/bus/isa.32
 *fill*         0x00000000c0022a83        0x1 
 .text          0x00000000c0022a84      0x6c3 hw/bus/pci.32
                0x00000000c0022a84                PCI::open(int, int, void*)
                0x00000000c0022a98                PCI::close(int, int, void*)
                0x00000000c0022a9c                PCI::PCI()
                0x00000000c0022a9c                PCI::PCI()
                0x00000000c0022b1c                PCI::pciReadWord(unsigned char, unsigned char, unsigned char, unsigned char)
                0x00000000c0022b64                PCI::getVendorID(unsigned char, unsigned char, unsigned char)
                0x00000000c0022b86                PCI::getHeaderType(unsigned char, unsigned char, unsigned char)
                0x00000000c0022baa                PCI::getClassCode(unsigned char, unsigned char, unsigned char)
                0x00000000c0022bee                PCI::getProgIF(unsigned char, unsigned char, unsigned char)
                0x00000000c0022c12                PCI::getRevisionID(unsigned char, unsigned char, unsigned char)
                0x00000000c0022c34                PCI::getInterruptNumber(unsigned char, unsigned char, unsigned char)
                0x00000000c0022c56                PCI::getSecondaryBus(unsigned char, unsigned char, unsigned char)
                0x00000000c0022c7a                PCI::getBARAddress(unsigned char, unsigned char, unsigned char, unsigned char)
                0x00000000c0022cda                PCI::pciWriteWord(unsigned char, unsigned char, unsigned char, unsigned char, unsigned short)
                0x00000000c0022d46                PCI::checkBus(unsigned char)
                0x00000000c0022d6a                PCI::foundDevice(PCIDeviceInfo)
                0x00000000c0022edc                PCI::getDeviceData(unsigned char, unsigned char, unsigned char)
                0x00000000c0023088                PCI::checkDevice(unsigned char, unsigned char)
                0x00000000c00230f4                PCI::detect()
 *fill*         0x00000000c0023147        0x1 
 .text          0x00000000c0023148      0xc70 hw/diskctrl/ide.32
                0x00000000c0023148                IDE::close(int, int, void*)
                0x00000000c002314c                IDE::IDE()
                0x00000000c002314c                IDE::IDE()
                0x00000000c0023180                IDE::prepareInterrupt(unsigned char)
                0x00000000c0023192                selectDrive(unsigned char, unsigned char)
                0x00000000c0023194                IDE::getBase(unsigned char)
                0x00000000c00231a6                IDE::write(unsigned char, unsigned char, unsigned char)
                0x00000000c0023266                IDE::read(unsigned char, unsigned char)
                0x00000000c0023314                IDE::waitInterrupt(unsigned char)
                0x00000000c002337a                ideChannel0IRQHandler(regs*, void*)
                0x00000000c0023396                ideChannel1IRQHandler(regs*, void*)
                0x00000000c00233b2                IDE::enableIRQs(unsigned char, bool)
                0x00000000c00233f8                IDE::open(int, int, void*)
                0x00000000c0023808                IDE::readBuffer(unsigned char, unsigned char, unsigned int, unsigned int)
                0x00000000c00238d4                IDE::detect()
                0x00000000c0023bbc                IDE::printError(unsigned char, unsigned char, unsigned char)
                0x00000000c0023d52                IDE::polling(unsigned char, unsigned int)
 .text          0x00000000c0023db8      0x390 hw/diskctrl/satabus.32
                0x00000000c0023db8                SATABus::close(int, int, void*)
                0x00000000c0023dbc                SATABus::detect()
                0x00000000c0023dbe                SATABus::SATABus()
                0x00000000c0023dbe                SATABus::SATABus()
                0x00000000c0023e6a                SATABus::findCmdslot(SATABus::tagHBA_PORT volatile*)
                0x00000000c0023eb2                SATABus::checkType(SATABus::tagHBA_PORT volatile*)
                0x00000000c0023efa                SATABus::startCmd(SATABus::tagHBA_PORT volatile*)
                0x00000000c0023f1a                SATABus::stopCmd(SATABus::tagHBA_PORT volatile*)
                0x00000000c0023f44                SATABus::portRebase(SATABus::tagHBA_PORT volatile*, int)
                0x00000000c002404a                SATABus::probePort(SATABus::tagHBA_MEM volatile*)
                0x00000000c0024128                SATABus::open(int, int, void*)
 .text          0x00000000c0024148      0x63c hw/diskphys/ata.32
                0x00000000c0024148                ATA::close(int, int, void*)
                0x00000000c002416c                ATA::powerSaving(PowerSavingLevel)
                0x00000000c002416e                ATA::ATA()
                0x00000000c002416e                ATA::ATA()
                0x00000000c002419c                ATA::flush(bool)
                0x00000000c00241e6                ATA::readyForCommand()
                0x00000000c0024236                ATA::access(unsigned long long, int, void*, bool)
                0x00000000c00245be                ATA::read(unsigned long long, int, void*)
                0x00000000c0024626                ATA::write(unsigned long long, int, void*)
                0x00000000c002468e                ATA::detectCHS()
                0x00000000c00246b8                ATA::open(int, int, void*)
 .text          0x00000000c0024784      0x5bd hw/diskphys/atapi.32
                0x00000000c0024784                ATAPI::write(unsigned long long, int, void*)
                0x00000000c002478a                ATAPI::close(int, int, void*)
                0x00000000c00247ae                ATAPI::ATAPI()
                0x00000000c00247ae                ATAPI::ATAPI()
                0x00000000c00247dc                ATAPI::readyForCommand()
                0x00000000c002482c                ATAPI::sendPacket(unsigned char*, int, bool, unsigned short*, int)
                0x00000000c0024aec                ATAPI::diskRemoved()
                0x00000000c0024b08                ATAPI::eject()
                0x00000000c0024b50                ATAPI::diskInserted()
                0x00000000c0024b7e                ATAPI::detectMedia()
                0x00000000c0024c3a                ATAPI::open(int, int, void*)
                0x00000000c0024cc2                ATAPI::read(unsigned long long, int, void*)
 *fill*         0x00000000c0024d41        0x1 
 .text          0x00000000c0024d42      0x455 hw/diskphys/sata.32
                0x00000000c0024d42                SATA::close(int, int, void*)
                0x00000000c0024d66                SATA::powerSaving(PowerSavingLevel)
                0x00000000c0024d68                SATA::open(int, int, void*)
                0x00000000c0024e16                SATA::SATA()
                0x00000000c0024e16                SATA::SATA()
                0x00000000c0024e44                SATA::access(unsigned long long, int, void*, bool)
                0x00000000c00250aa                SATA::read(unsigned long long, int, void*)
                0x00000000c0025112                SATA::write(unsigned long long, int, void*)
 *fill*         0x00000000c0025197        0x1 
 .text          0x00000000c0025198      0x500 hw/diskphys/satapi.32
                0x00000000c0025198                SATAPI::write(unsigned long long, int, void*)
                0x00000000c002519e                SATAPI::close(int, int, void*)
                0x00000000c00251c2                SATAPI::SATAPI()
                0x00000000c00251c2                SATAPI::SATAPI()
                0x00000000c00251f0                SATAPI::diskRemoved()
                0x00000000c002520c                SATAPI::diskInserted()
                0x00000000c002523a                SATAPI::sendPacket(unsigned char*, int, unsigned long long, unsigned short*, int)
                0x00000000c002543e                SATAPI::eject()
                0x00000000c0025486                SATAPI::detectMedia()
                0x00000000c0025548                SATAPI::open(int, int, void*)
                0x00000000c00255f6                SATAPI::read(unsigned long long, int, void*)
 .text          0x00000000c0025698       0x8e hw/fpu/avx.32
                0x00000000c0025698                AVX::open(int, int, void*)
                0x00000000c00256aa                AVX::close(int, int, void*)
                0x00000000c00256bc                AVX::available()
                0x00000000c00256ce                AVX::save(void*)
                0x00000000c00256e6                AVX::load(void*)
                0x00000000c00256fe                AVX::AVX()
                0x00000000c00256fe                AVX::AVX()
 .text          0x00000000c0025726       0x90 hw/fpu/mmx.32
                0x00000000c0025726                MMX::available()
                0x00000000c002573a                MMX::open(int, int, void*)
                0x00000000c002574c                MMX::close(int, int, void*)
                0x00000000c002575e                MMX::save(void*)
                0x00000000c0025776                MMX::load(void*)
                0x00000000c002578e                MMX::MMX()
                0x00000000c002578e                MMX::MMX()
 .text          0x00000000c00257b6       0x96 hw/fpu/sse.32
                0x00000000c00257b6                SSE::open(int, int, void*)
                0x00000000c00257c8                SSE::close(int, int, void*)
                0x00000000c00257da                SSE::available()
                0x00000000c00257f4                SSE::save(void*)
                0x00000000c002580c                SSE::load(void*)
                0x00000000c0025824                SSE::SSE()
                0x00000000c0025824                SSE::SSE()
 .text          0x00000000c002584c       0x8e hw/fpu/x87.32
                0x00000000c002584c                x87::open(int, int, void*)
                0x00000000c002585e                x87::close(int, int, void*)
                0x00000000c0025870                x87::available()
                0x00000000c0025882                x87::save(void*)
                0x00000000c002589a                x87::load(void*)
                0x00000000c00258b2                x87::x87()
                0x00000000c00258b2                x87::x87()
 .text          0x00000000c00258da      0x71e hw/intctrl/apic.32
                0x00000000c00258da                APIC::disable()
                0x00000000c00258dc                APIC::close(int, int, void*)
                0x00000000c00258fe                IOAPIC::close(int, int, void*)
                0x00000000c0025904                APIC::io_wait()
                0x00000000c002590a                APIC::getBase()
                0x00000000c002594c                APIC::eoi(unsigned char)
                0x00000000c002597a                APIC::open(int, int, void*)
                0x00000000c0025ac8                IOAPIC::IOAPIC()
                0x00000000c0025ac8                IOAPIC::IOAPIC()
                0x00000000c0025af0                APIC::APIC()
                0x00000000c0025af0                APIC::APIC()
                0x00000000c0025bcc                IOAPIC::handlesGSIWithNumber(unsigned int)
                0x00000000c0025bfe                IOAPIC::read(int)
                0x00000000c0025c26                IOAPIC::open(int, int, void*)
                0x00000000c0025d1c                IOAPIC::write(int, int)
                0x00000000c0025d48                IOAPIC::redirect(unsigned char, unsigned long long, unsigned char, bool, bool)
                0x00000000c0025e42                APIC::installIRQHandler(int, void (*)(regs*, void*), bool, void*)
 .text          0x00000000c0025ff8      0x3d3 hw/intctrl/pic.32
                0x00000000c0025ff8                PIC::disable()
                0x00000000c0026026                PIC::close(int, int, void*)
                0x00000000c0026048                PIC::PIC()
                0x00000000c0026048                PIC::PIC()
                0x00000000c002611e                PIC::ioWait()
                0x00000000c0026124                PIC::getIRQReg(int)
                0x00000000c002618e                PIC::eoi(unsigned char)
                0x00000000c0026220                PIC::remap()
                0x00000000c002638c                PIC::open(int, int, void*)
 *fill*         0x00000000c00263cb        0x1 
 .text          0x00000000c00263cc      0x25e hw/timer/apictimer.32
                0x00000000c00263cc                APICTimer::close(int, int, void*)
                0x00000000c00263d2                apicTimerHandler(regs*, void*)
                0x00000000c0026400                APICTimer::write(int)
                0x00000000c0026504                APICTimer::open(int, int, void*)
                0x00000000c0026602                APICTimer::APICTimer()
                0x00000000c0026602                APICTimer::APICTimer()
 .text          0x00000000c002662a      0x1a7 hw/timer/pit.32
                0x00000000c002662a                PIT::write(int)
                0x00000000c00266a8                pitHandler(regs*, void*)
                0x00000000c00266d4                PIT::open(int, int, void*)
                0x00000000c0026722                PIT::close(int, int, void*)
                0x00000000c0026752                PIT::PIT()
                0x00000000c0026752                PIT::PIT()
 *fill*         0x00000000c00267d1        0xf 
 .text          0x00000000c00267e0       0x1e hw/fpu/x86/avx.32
                0x00000000c00267e0                avxDetect
                0x00000000c00267e6                avxSave
                0x00000000c00267e7                avxLoad
                0x00000000c00267e8                avxInit
                0x00000000c00267e9                avxClose
                0x00000000c00267ea                wouldSheSayYes
 *fill*         0x00000000c00267fe        0x2 
 .text          0x00000000c0026800       0x35 hw/fpu/x86/sse.32
                0x00000000c0026800                absolutelyNoChanceInHell
                0x00000000c0026800                sseDetect
                0x00000000c0026818                sseSave
                0x00000000c002681e                sseLoad
                0x00000000c0026824                sseInit
                0x00000000c0026834                sseClose
 *fill*         0x00000000c0026835        0xb 
 .text          0x00000000c0026840       0x4d hw/fpu/x86/x87.32
                0x00000000c0026846                x87Detect
                0x00000000c0026861                x87Save
                0x00000000c002686a                x87Load
                0x00000000c0026872                x87Init
                0x00000000c002688c                x87Close
 *fill*         0x00000000c002688d        0x3 
 .text          0x00000000c0026890       0x25 /cygdrive/d/Users/Alex/Desktop/Toolchain/Output/bin/../lib/gcc/i386-banana/8.1.0/crtend.o
 .text          0x00000000c00268b5        0x0 crtn.32
 *fill*         0x00000000c00268b5        0x3 
 .text          0x00000000c00268b8      0x14b /cygdrive/d/Users/Alex/Desktop/Toolchain/Output/bin/../lib/gcc/i386-banana/8.1.0/libkgcc.a(_divdi3.o)
                0x00000000c00268b8                __divdi3
 *fill*         0x00000000c0026a03        0x1 
 .text          0x00000000c0026a04      0x17e /cygdrive/d/Users/Alex/Desktop/Toolchain/Output/bin/../lib/gcc/i386-banana/8.1.0/libkgcc.a(_moddi3.o)
                0x00000000c0026a04                __moddi3
 *fill*         0x00000000c0026b82        0x2 
 .text          0x00000000c0026b84       0xff /cygdrive/d/Users/Alex/Desktop/Toolchain/Output/bin/../lib/gcc/i386-banana/8.1.0/libkgcc.a(_udivdi3.o)
                0x00000000c0026b84                __udivdi3
 *fill*         0x00000000c0026c83        0x1 
 .text          0x00000000c0026c84      0x11a /cygdrive/d/Users/Alex/Desktop/Toolchain/Output/bin/../lib/gcc/i386-banana/8.1.0/libkgcc.a(_umoddi3.o)
                0x00000000c0026c84                __umoddi3
 .text          0x00000000c0026d9e      0x96d D:/Users/Alex/Desktop/Banana/kernel/libsoftfp.a(sfieeelib.o)
                0x00000000c0026d9e                __addsf3
                0x00000000c00270a0                __subsf3
                0x00000000c00270b4                __negsf2
                0x00000000c00270c1                __mulsf3
                0x00000000c0027284                __divsf3