Archive member included to satisfy reference by file (symbol)

/cygdrive/d/Users/Alex/Desktop/Toolchain/Output/bin/../lib/gcc/i386-banana/8.1.0/libkgcc.a(_divdi3.o)
                              fs/fat/ff.32 (__divdi3)
/cygdrive/d/Users/Alex/Desktop/Toolchain/Output/bin/../lib/gcc/i386-banana/8.1.0/libkgcc.a(_moddi3.o)
                              compat/resolve.32 (__moddi3)
/cygdrive/d/Users/Alex/Desktop/Toolchain/Output/bin/../lib/gcc/i386-banana/8.1.0/libkgcc.a(_udivdi3.o)
                              fs/fat/ff.32 (__udivdi3)
/cygdrive/d/Users/Alex/Desktop/Toolchain/Output/bin/../lib/gcc/i386-banana/8.1.0/libkgcc.a(_umoddi3.o)
                              compat/resolve.32 (__umoddi3)
D:/Users/Alex/Desktop/Banana/kernel/libsoftfp.a(sfieeelib.o)
                              hal/sound/sndhw.32 (__addsf3)
D:/Users/Alex/Desktop/Banana/kernel/libsoftfp.a(dfieeelib.o)
                              hal/libresample/src_linear.32 (__adddf3)
D:/Users/Alex/Desktop/Banana/kernel/libsoftfp.a(sfdfcvt.o)
                              hal/libresample/samplerate.32 (__truncdfsf2)
D:/Users/Alex/Desktop/Banana/kernel/libk/libm32.a(s_fabs.c.o)
                              hal/libresample/samplerate.32 (fabs)
D:/Users/Alex/Desktop/Banana/kernel/libk/libm32.a(s_lrint.S.o)
                              hal/libresample/samplerate.32 (lrint)
D:/Users/Alex/Desktop/Banana/kernel/libk/libm32.a(s_lrintf.S.o)
                              hal/sound/sndhw.32 (lrintf)

Discarded input sections

 .comment       0x0000000000000000       0x12 /cygdrive/d/Users/Alex/Desktop/Toolchain/Output/bin/../lib/gcc/i386-banana/8.1.0/crtbegin.o
 .comment       0x0000000000000000       0x12 acpica/utclib.32
 .comment       0x0000000000000000       0x12 core/malloc.32
 .comment       0x0000000000000000       0x12 libk/string.32
 .comment       0x0000000000000000       0x12 fs/fat/diskio.32
 .comment       0x0000000000000000       0x12 fs/fat/ff.32
 .comment       0x0000000000000000       0x12 fs/fat/ffsystem.32
 .comment       0x0000000000000000       0x12 fs/fat/ffunicode.32
 .comment       0x0000000000000000       0x12 hal/libresample/samplerate.32
 .comment       0x0000000000000000       0x12 hal/libresample/src_linear.32
 .comment       0x0000000000000000       0x12 hal/libresample/src_sinc.32
 .comment       0x0000000000000000       0x12 hal/libresample/src_zoh.32
 .comment       0x0000000000000000       0x12 compat/inlines.32
 .comment       0x0000000000000000       0x12 compat/resolve.32
 .group         0x0000000000000000       0x14 core/computer.32
 .group         0x0000000000000000        0xc core/computer.32
 .comment       0x0000000000000000       0x12 core/computer.32
 .comment       0x0000000000000000       0x12 core/gdt.32
 .group         0x0000000000000000        0xc core/idle.32
 .comment       0x0000000000000000       0x12 core/idle.32
 .comment       0x0000000000000000       0x12 core/idt.32
 .comment       0x0000000000000000       0x12 core/kheap.32
 .comment       0x0000000000000000       0x12 core/main.32
 .comment       0x0000000000000000       0x12 core/physmgr.32
 .group         0x0000000000000000        0xc core/pipe.32
 .comment       0x0000000000000000       0x12 core/pipe.32
 .group         0x0000000000000000        0xc core/terminal.32
 .comment       0x0000000000000000       0x12 core/terminal.32
 .comment       0x0000000000000000       0x12 core/tss.32
 .group         0x0000000000000000        0x8 core/unixfile.32
 .group         0x0000000000000000        0xc core/unixfile.32
 .group         0x0000000000000000        0xc core/unixfile.32
 .group         0x0000000000000000        0x8 core/unixfile.32
 .group         0x0000000000000000        0xc core/unixfile.32
 .group         0x0000000000000000        0x8 core/unixfile.32
 .group         0x0000000000000000        0xc core/unixfile.32
 .group         0x0000000000000000        0xc core/unixfile.32
 .comment       0x0000000000000000       0x12 core/unixfile.32
 .comment       0x0000000000000000       0x12 core/virtmgr.32
 .comment       0x0000000000000000       0x12 coreobjs/c++.32
 .comment       0x0000000000000000       0x12 dbg/kconsole.32
 .group         0x0000000000000000        0xc fs/vfs.32
 .group         0x0000000000000000        0xc fs/vfs.32
 .group         0x0000000000000000        0xc fs/vfs.32
 .comment       0x0000000000000000       0x12 fs/vfs.32
 .group         0x0000000000000000        0xc hal/bus.32
 .comment       0x0000000000000000       0x12 hal/bus.32
 .group         0x0000000000000000        0xc hal/buzzer.32
 .comment       0x0000000000000000       0x12 hal/buzzer.32
 .group         0x0000000000000000        0xc hal/clock.32
 .comment       0x0000000000000000       0x12 hal/clock.32
 .group         0x0000000000000000       0x14 hal/device.32
 .group         0x0000000000000000        0xc hal/device.32
 .group         0x0000000000000000        0xc hal/device.32
 .group         0x0000000000000000        0xc hal/device.32
[...]
Memory Configuration

Name             Origin             Length             Attributes
*default*        0x0000000000000000 0xffffffffffffffff

Linker script and memory map

LOAD D:/Users/Alex/Desktop/Banana/kernel/boot.32
LOAD crti.32
LOAD /cygdrive/d/Users/Alex/Desktop/Toolchain/Output/bin/../lib/gcc/i386-banana/8.1.0/crtbegin.o
LOAD D:/Users/Alex/Desktop/Banana/kernel/morenasm.32
LOAD acpica/utclib.32
LOAD core/malloc.32
LOAD libk/string.32
LOAD fs/fat/diskio.32
LOAD fs/fat/ff.32
LOAD fs/fat/ffsystem.32
LOAD fs/fat/ffunicode.32
LOAD hal/libresample/samplerate.32
LOAD hal/libresample/src_linear.32
LOAD hal/libresample/src_sinc.32
LOAD hal/libresample/src_zoh.32
LOAD compat/inlines.32
LOAD compat/resolve.32
LOAD core/computer.32
LOAD core/gdt.32
LOAD core/idle.32
LOAD core/idt.32
LOAD core/kheap.32
LOAD core/main.32
LOAD core/physmgr.32
LOAD core/pipe.32
LOAD core/terminal.32
LOAD core/tss.32
LOAD core/unixfile.32
LOAD core/virtmgr.32
LOAD coreobjs/c++.32
LOAD dbg/kconsole.32
LOAD fs/vfs.32
LOAD hal/bus.32
LOAD hal/buzzer.32
LOAD hal/clock.32
LOAD hal/device.32
LOAD hal/diskctrl.32
LOAD hal/diskphys.32
LOAD hal/fpu.32
LOAD hal/intctrl.32
LOAD hal/keybrd.32
LOAD hal/logidisk.32
LOAD hal/mouse.32
LOAD hal/partition.32
LOAD hal/serial.32
LOAD hal/timer.32
LOAD hal/vcache.32
LOAD hal/video.32
LOAD hw/acpi.32
LOAD hw/cpu.32
LOAD hw/ports.32
LOAD hw/smp.32
LOAD krnl/env.32
LOAD krnl/panic.32
LOAD net/ethernet.32
LOAD reg/registry.32
LOAD sys/sc_eject.32
LOAD sys/sc_exit.32
LOAD sys/sc_getcwd.32
LOAD sys/sc_getpid.32
LOAD sys/sc_getramdata.32
LOAD sys/sc_loaddll.32
LOAD sys/sc_read.32
LOAD sys/sc_sbrk.32
LOAD sys/sc_setcwd.32
LOAD sys/sc_settime.32
LOAD sys/sc_timezone.32
LOAD sys/sc_write.32
LOAD sys/sc_wsbe.32
LOAD sys/sc_yield.32
LOAD sys/syscalls.32
LOAD thr/elf.32
LOAD thr/prcssthr.32
LOAD vm86/vm8086.32
LOAD vm86/x87em.32
LOAD fs/fat/vfslink.32
LOAD fs/iso9660/vfslink.32
LOAD hal/sound/sndchannel.32
LOAD hal/sound/sndhw.32
LOAD hw/bus/isa.32
LOAD hw/bus/pci.32
LOAD hw/diskctrl/ide.32
LOAD hw/diskctrl/satabus.32
LOAD hw/diskphys/ata.32
LOAD hw/diskphys/atapi.32
LOAD hw/diskphys/sata.32
LOAD hw/diskphys/satapi.32
LOAD hw/fpu/avx.32
LOAD hw/fpu/mmx.32
LOAD hw/fpu/sse.32
LOAD hw/fpu/x87.32
LOAD hw/intctrl/apic.32
LOAD hw/intctrl/pic.32
LOAD hw/timer/apictimer.32
LOAD hw/timer/pit.32
LOAD hw/fpu/x86/avx.32
LOAD hw/fpu/x86/sse.32
LOAD hw/fpu/x86/x87.32
LOAD /cygdrive/d/Users/Alex/Desktop/Toolchain/Output/bin/../lib/gcc/i386-banana/8.1.0/crtend.o
LOAD crtn.32
LOAD /cygdrive/d/Users/Alex/Desktop/Toolchain/Output/bin/../lib/gcc/i386-banana/8.1.0/libkgcc.a
LOAD D:/Users/Alex/Desktop/Banana/kernel/libsoftfp.a
LOAD D:/Users/Alex/Desktop/Banana/kernel/libk/libm32.a
                0x00000000c0000000                . = 0xc0000000

.text           0x00000000c0000000    0x286f8
 *(.text)
 .text          0x00000000c0000000       0x41 D:/Users/Alex/Desktop/Banana/kernel/boot.32
                0x00000000c0000020                callGlobalConstructors
 .text          0x00000000c0000041        0x0 crti.32
 *fill*         0x00000000c0000041        0x3 
 .text          0x00000000c0000044      0x101 /cygdrive/d/Users/Alex/Desktop/Toolchain/Output/bin/../lib/gcc/i386-banana/8.1.0/crtbegin.o
 *fill*         0x00000000c0000145        0xb 
 .text          0x00000000c0000150      0x4ed D:/Users/Alex/Desktop/Banana/kernel/morenasm.32
                0x00000000c0000150                manualPCIProbe
                0x00000000c000019b                prepareTramp
                0x00000000c00001b4                voodooXADD
                0x00000000c000027f                doTPAUSE
                0x00000000c0000289                hasLegacyFPU
                0x00000000c00002ae                is486
                0x00000000c00002e4                detectCPUID
                0x00000000c00002fa                goToVM86
                0x00000000c000032a                goToUsermode
                0x00000000c0000354                switchToThreadASMFirstTime
                0x00000000c0000362                switchToThreadASM
                0x00000000c00003ea                asmQuickAcquireLock
                0x00000000c0000408                asmQuickReleaseLock
                0x00000000c0000414                asmAcquireLock
                0x00000000c0000435                asmReleaseLock
                0x00000000c0000448                loadGDT
                0x00000000c0000468                isr0
                0x00000000c0000478                isr1
                0x00000000c0000482                isr2
                0x00000000c000048c                isr3
                0x00000000c0000496                isr4
                0x00000000c00004a0                isr5
                0x00000000c00004aa                isr6
                0x00000000c00004b4                isr7
                0x00000000c00004be                isr8
                0x00000000c00004c6                isr9
                0x00000000c00004d0                isr10
                0x00000000c00004d8                isr11
                0x00000000c00004e0                isr12
                0x00000000c00004e8                isr13
                0x00000000c00004f0                isr14
                0x00000000c00004f8                isr15
                0x00000000c0000502                isr16
                0x00000000c000050c                isr17
                0x00000000c0000516                isr18
                0x00000000c0000520                irq3
                0x00000000c000052a                irq4
                0x00000000c0000534                irq5
                0x00000000c000053e                irq6
                0x00000000c0000548                irq7
                0x00000000c0000552                irq8
                0x00000000c000055c                irq9
                0x00000000c0000566                irq10
                0x00000000c0000570                irq11
                0x00000000c000057a                irq12
                0x00000000c0000584                irq13
                0x00000000c000058e                irq14
                0x00000000c0000598                irq15
                0x00000000c00005a2                irq1
                0x00000000c00005a9                irq2
                0x00000000c00005b0                isr96
                0x00000000c00005b7                irq0
                0x00000000c00005bc                int_common_stub
                0x00000000c00005bc                syscall_common_stub
                0x00000000c00005ed                irq16
                0x00000000c00005f7                irq17
                0x00000000c0000601                irq18
                0x00000000c000060b                irq19
                0x00000000c0000615                irq20
                0x00000000c000061f                irq21
                0x00000000c0000629                irq22
                0x00000000c0000633                irq23
 *fill*         0x00000000c000063d        0x3 
 .text          0x00000000c0000640      0x611 acpica/utclib.32
                0x00000000c0000640                memcmp
                0x00000000c000067c                memmove
                0x00000000c0000744                memcpy
                0x00000000c0000778                memset
                0x00000000c0000794                strlen
                0x00000000c00007ac                strpbrk
                0x00000000c00007e8                strtok
                0x00000000c0000834                strcpy
                0x00000000c0000858                strncpy
                0x00000000c00008c0                strcmp
                0x00000000c0000900                strchr
                0x00000000c0000924                strncmp
                0x00000000c0000974                strcat
                0x00000000c00009a4                strncat
                0x00000000c00009e0                strstr
                0x00000000c0000a28                toupper
                0x00000000c0000a3c                tolower
                0x00000000c0000a50                simple_strtoul
 .text          0x00000000c0000c51      0xfbf core/malloc.32
                0x00000000c0000dbc                dlfree
                0x00000000c0001117                dlmalloc
                0x00000000c0001654                dlrealloc
                0x00000000c0001809                dlmemalign
                0x00000000c000192c                dlcalloc
                0x00000000c00019c6                dlcfree
                0x00000000c00019cb                dlindependent_calloc
                0x00000000c00019f0                dlindependent_comalloc
                0x00000000c0001a07                dlvalloc
                0x00000000c0001a32                dlpvalloc
                0x00000000c0001a68                dlmalloc_trim
                0x00000000c0001a75                dlmalloc_usable_size
                0x00000000c0001aa6                dlmallinfo
                0x00000000c0001b75                dlmalloc_stats
                0x00000000c0001b86                dlmallopt
 .text          0x00000000c0001c10        0x0 libk/string.32
 .text          0x00000000c0001c10       0x51 fs/fat/diskio.32
                0x00000000c0001c10                disk_status
                0x00000000c0001c13                disk_initialize
                0x00000000c0001c16                disk_read
                0x00000000c0001c2c                disk_write
                0x00000000c0001c42                disk_ioctl
 .text          0x00000000c0001c61     0x6833 fs/fat/ff.32
                0x00000000c0004f2f                f_mount
                0x00000000c0004f91                f_open
                0x00000000c00053cd                f_read
                0x00000000c000564d                f_write
                0x00000000c0005907                f_sync
                0x00000000c0005ae3                f_close
                0x00000000c0005b12                f_lseek
                0x00000000c0005fc9                f_opendir
                0x00000000c00060cb                f_closedir
                0x00000000c00060ed                f_readdir
                0x00000000c0006188                f_stat
                0x00000000c0006217                f_getfree
                0x00000000c00063e2                f_truncate
                0x00000000c00064da                f_unlink
                0x00000000c000665d                f_mkdir
                0x00000000c0006889                f_rename
                0x00000000c0006b7c                f_chmod
                0x00000000c0006c5a                f_utime
                0x00000000c0006d38                f_getlabel
                0x00000000c0006f26                f_setlabel
                0x00000000c0007193                f_forward
                0x00000000c0007371                f_mkfs
 .text          0x00000000c0008494       0x2d fs/fat/ffsystem.32
                0x00000000c0008494                ff_memalloc
                0x00000000c00084aa                ff_memfree
 .text          0x00000000c00084c1      0x253 fs/fat/ffunicode.32
                0x00000000c00084c1                ff_uni2oem
                0x00000000c0008551                ff_oem2uni
                0x00000000c00085bd                ff_wtoupper
 .text          0x00000000c0008714      0x8fb hal/libresample/samplerate.32
                0x00000000c0008758                src_delete
                0x00000000c0008794                src_process
                0x00000000c000894a                src_callback_read
                0x00000000c0008ac7                src_set_ratio
                0x00000000c0008b31                src_get_channels
                0x00000000c0008b53                src_reset
                0x00000000c0008b9f                src_new
                0x00000000c0008c2d                src_callback_new
                0x00000000c0008c8f                src_get_name
                0x00000000c0008cc6                src_get_description
                0x00000000c0008cfd                src_get_version
                0x00000000c0008d03                src_is_valid_ratio
                0x00000000c0008d57                src_error
                0x00000000c0008d65                src_strerror
                0x00000000c0008d78                src_simple
                0x00000000c0008dcb                src_short_to_float_array
                0x00000000c0008e30                src_float_to_short_array
                0x00000000c0008eef                src_int_to_float_array
                0x00000000c0008f52                src_float_to_int_array
 .text          0x00000000c000900f      0x8cb hal/libresample/src_linear.32
                0x00000000c0009835                linear_get_name
                0x00000000c0009844                linear_get_description
                0x00000000c0009853                linear_set_converter
 .text          0x00000000c00098da     0x447c hal/libresample/src_sinc.32
                0x00000000c000dc6d                sinc_get_name
                0x00000000c000dc80                sinc_get_description
                0x00000000c000dc93                sinc_set_converter
 .text          0x00000000c000dd56      0x77c hal/libresample/src_zoh.32
                0x00000000c000e42d                zoh_get_name
                0x00000000c000e43c                zoh_get_description
                0x00000000c000e44b                zoh_set_converter
 .text          0x00000000c000e4d2       0x23 compat/inlines.32
                0x00000000c000e4d2                CPU::current()
                0x00000000c000e4df                operator new(unsigned long)
 .text          0x00000000c000e4f5      0x111 compat/resolve.32
                0x00000000c000e4f5                Krnl::resolveCompatibilitySymbol(char*)
 .text          0x00000000c000e606      0xa17 core/computer.32
                0x00000000c000e606                Computer::close(int, int, void*)
                0x00000000c000e64a                Krnl::firstTask()
                0x00000000c000e73a                Computer::Computer()
                0x00000000c000e73a                Computer::Computer()
                0x00000000c000e896                Computer::setBootMessage(char const*)
                0x00000000c000e898                Computer::detectFeatures()
                0x00000000c000eaa2                Computer::displayFeatures()
                0x00000000c000ede8                Computer::rdmsr(unsigned int)
                0x00000000c000ee14                Computer::wrmsr(unsigned int, unsigned long long)
                0x00000000c000ee4c                Computer::nmiEnabled()
                0x00000000c000ee58                Computer::readCMOS(unsigned char)
                0x00000000c000ee72                Computer::enableNMI(bool)
                0x00000000c000ee8a                Computer::open(int, int, void*)
                0x00000000c000ef60                Computer::disableNMI()
                0x00000000c000ef6e                Computer::writeCMOS(unsigned char, unsigned char)
                0x00000000c000ef8c                Computer::handleNMI()
                0x00000000c000eff2                Computer::setDiskActivityLight(int, bool)
 *fill*         0x00000000c000f01d        0x1 
 .text          0x00000000c000f01e      0x1b7 core/gdt.32
                0x00000000c000f01e                GDTEntry::setBase(unsigned int)
                0x00000000c000f03a                GDTEntry::setLimit(unsigned int)
                0x00000000c000f058                GDT::GDT()
                0x00000000c000f058                GDT::GDT()
                0x00000000c000f06e                GDT::addEntry(GDTEntry)
                0x00000000c000f0aa                GDT::getNumberOfEntries()
                0x00000000c000f0b2                GDT::flush()
                0x00000000c000f0d4                GDT::setup()
 .text          0x00000000c000f1d5       0x62 core/idle.32
                0x00000000c000f1d5                idleFunction(void*)
 *fill*         0x00000000c000f237        0x1 
 .text          0x00000000c000f238      0x45f core/idt.32
                0x00000000c000f238                IDTEntry::IDTEntry(bool)
                0x00000000c000f238                IDTEntry::IDTEntry(bool)
                0x00000000c000f2a6                IDTEntry::setOffset(unsigned int)
                0x00000000c000f2ba                IDT::IDT()
                0x00000000c000f2ba                IDT::IDT()
                0x00000000c000f2bc                IDT::getPointerToInvalidOpcodeEntryForF00F()
                0x00000000c000f2c4                IDT::addEntry(IDTEntry, int)
                0x00000000c000f2de                IDT::addEntry(int, void (*)(), bool)
                0x00000000c000f316                IDT::flush()
                0x00000000c000f330                IDT::setup()
 .text          0x00000000c000f697      0x206 core/kheap.32
                0x00000000c000f697                sbrk
                0x00000000c000f7a5                mmap
                0x00000000c000f7bb                munmap
                0x00000000c000f7d1                liballoc_lock()
                0x00000000c000f7e2                liballoc_unlock()
                0x00000000c000f7f3                liballoc_alloc(int)
                0x00000000c000f811                liballoc_free(void*, int)
                0x00000000c000f82f                realloc
                0x00000000c000f843                malloc
                0x00000000c000f853                free
                0x00000000c000f863                rfree
                0x00000000c000f873                calloc
 .text          0x00000000c000f89d      0x480 core/main.32
                0x00000000c000f89d                hwTextMode_loadInData(VgaText*)
                0x00000000c000f8e8                hwTextMode_loadInTitle(VgaText*, char*)
                0x00000000c000f966                hwTextMode_showCursor(VgaText*, bool)
                0x00000000c000f9c4                hwTextMode_update(VgaText*)
                0x00000000c000f9c5                hwTextMode_updateCursor(VgaText*)
                0x00000000c000fa16                hwTextMode_disableBlink(VgaText*, bool)
                0x00000000c000fa5c                hwTextMode_scrollScreen(VgaText*)
                0x00000000c000fb09                hwTextMode_writeCharacter(VgaText*, char, VgaColour, VgaColour, int, int)
                0x00000000c000fb8b                setupTextMode()
                0x00000000c000fbfb                kernel_main
 .text          0x00000000c000fd1d      0x5a6 core/physmgr.32
                0x00000000c000fd1d                Phys::allocateDMA(unsigned long)
                0x00000000c000fdc0                Phys::freeDMA(unsigned long, unsigned long)
                0x00000000c000fe08                Phys::setPageState(unsigned long, bool)
                0x00000000c000fe3a                Phys::getPageState(unsigned long)
                0x00000000c000fe56                Phys::freePage(unsigned long)
                0x00000000c000fee0                Phys::allocatePage()
                0x00000000c0010001                Phys::allocateContiguousPages(int)
                0x00000000c001005b                Phys::allowSegmentToBeUsed(unsigned long, unsigned long)
                0x00000000c0010093                Phys::physicalMemorySetup(unsigned int)
 *fill*         0x00000000c00102c3        0x1 
 .text          0x00000000c00102c4      0x273 core/pipe.32
                0x00000000c00102c4                Pipe::isAtty()
                0x00000000c00102c8                Pipe::~Pipe()
                0x00000000c00102c8                Pipe::~Pipe()
                0x00000000c00102ec                Pipe::~Pipe()
                0x00000000c0010314                Pipe::read(unsigned long long, void*, int*)
                0x00000000c0010408                Pipe::write(unsigned long long, void*, int*)
                0x00000000c00104d0                Pipe::Pipe(int)
                0x00000000c00104d0                Pipe::Pipe(int)
 *fill*         0x00000000c0010537        0x1 
 .text          0x00000000c0010538      0xf73 core/terminal.32
                0x00000000c0010538                VgaText::isAtty()
                0x00000000c001053c                VgaText::~VgaText()
                0x00000000c001053c                VgaText::~VgaText()
                0x00000000c0010560                VgaText::~VgaText()
                0x00000000c001058a                VgaText::read(unsigned long long, void*, int*)
                0x00000000c00105aa                setTerminalScrollLock(bool)
                0x00000000c00105ab                addToTerminalCycle(VgaText*)
                0x00000000c00105d8                installVgaTextImplementation()
                0x00000000c00105ed                scrollTerminalScrollLock(int)
                0x00000000c00105ee                VgaText::load()
                0x00000000c0010642                VgaText::updateCursor()
                0x00000000c001065c                VgaText::showCursor(bool)
                0x00000000c001066c                VgaText::disableBlink(bool)
                0x00000000c00106a6                VgaText::doANSI_SGR(int)
                0x00000000c0010732                VgaText::setDefaultBgColour(VgaColour)
                0x00000000c0010748                VgaText::setDefaultFgColour(VgaColour)
                0x00000000c001075e                VgaText::setDefaultColours(VgaColour, VgaColour)
                0x00000000c001077e                VgaText::combineColours(unsigned char, unsigned char)
                0x00000000c0010790                VgaText::scrollScreen()
                0x00000000c0010824                VgaText::combineCharAndColour(char, unsigned char)
                0x00000000c0010836                VgaText::writeCharacter(char, VgaColour, VgaColour, int, int)
                0x00000000c0010896                VgaText::getCursorX()
                0x00000000c00108a2                VgaText::getCursorY()
                0x00000000c00108ae                VgaText::setCursor(int, int)
                0x00000000c00108cc                VgaText::setCursorX(int)
                0x00000000c00108e8                VgaText::setCursorY(int)
                0x00000000c0010904                VgaText::incrementCursor(bool)
                0x00000000c001096c                VgaText::updateRAMUsageDisplay(int)
                0x00000000c00109d0                VgaText::updateDiskUsage()
                0x00000000c0010b3a                VgaText::updateTitle()
                0x00000000c0010b80                VgaText::setTitleTextColour(VgaColour)
                0x00000000c0010b90                VgaText::setTitleColour(VgaColour)
                0x00000000c0010ba0                VgaText::setTitle(char*)
                0x00000000c0010bc6                VgaText::decrementCursor(bool)
                0x00000000c0010bee                VgaText::putchar(char, VgaColour, VgaColour)
                0x00000000c0010cea                VgaText::isShowingCursor()
                0x00000000c0010cf6                VgaText::isBlinkDisabled()
                0x00000000c0010d04                VgaText::setCursorHeight(int)
                0x00000000c0010d22                VgaText::getCursorHeight()
                0x00000000c0010d2d                setActiveTerminal(VgaText*)
                0x00000000c0010ddf                doTerminalCycle()
                0x00000000c0010dfc                VgaText::doUpdate()
                0x00000000c0010e0e                VgaText::puts(char const*, VgaColour, VgaColour)
                0x00000000c0010fce                VgaText::clearScreen()
                0x00000000c0011032                VgaText::putchar(char)
                0x00000000c001114c                VgaText::puts(char const*)
                0x00000000c0011172                VgaText::putx(unsigned int)
                0x00000000c00111b8                VgaText::VgaText(char const*)
                0x00000000c00111b8                VgaText::VgaText(char const*)
                0x00000000c001134a                VgaText::receiveKey(unsigned char)
                0x00000000c0011432                VgaText::write(unsigned long long, void*, int*)
                0x00000000c0011486                newTerminal(char*)
 *fill*         0x00000000c00114ab        0x1 
 .text          0x00000000c00114ac      0x1b3 core/tss.32
                0x00000000c00114ac                TSS::TSS()
                0x00000000c00114ac                TSS::TSS()
                0x00000000c00114ba                TSS::setESP(unsigned long)
                0x00000000c00114cc                TSS::flush()
                0x00000000c00114ec                TSS::setup(unsigned long, unsigned long)
 *fill*         0x00000000c001165f        0x1 
 .text          0x00000000c0011660      0x4c2 core/unixfile.32
                0x00000000c0011660                ReservedFilename::read(unsigned long long, void*, int*)
                0x00000000c00116b6                ReservedFilename::isAtty()
                0x00000000c00116d2                ReservedFilename::write(unsigned long long, void*, int*)
                0x00000000c0011730                UnixFile::getFileDescriptor()
                0x00000000c0011738                UnixFile::UnixFile(int)
                0x00000000c0011738                UnixFile::UnixFile(int)
                0x00000000c00118e8                ReservedFilename::ReservedFilename(int)
                0x00000000c00118e8                ReservedFilename::ReservedFilename(int)
                0x00000000c001191a                UnixFile::~UnixFile()
                0x00000000c001191a                UnixFile::~UnixFile()
                0x00000000c00119b2                UnixFile::~UnixFile()
                0x00000000c00119da                ReservedFilename::~ReservedFilename()
                0x00000000c00119da                ReservedFilename::~ReservedFilename()
                0x00000000c00119fe                ReservedFilename::~ReservedFilename()
                0x00000000c0011a25                getFromFileDescriptor(int)
 .text          0x00000000c0011b22     0x1362 core/virtmgr.32
                0x00000000c0011b22                Virt::swappingSetup()
                0x00000000c0011c92                Virt::setPageState(unsigned long, Virt::VirtPageState)
                0x00000000c0011cc7                Virt::getPageState(unsigned long)
                0x00000000c0011ceb                Virt::allocateKernelVirtualPages(int)
                0x00000000c0011dfc                Virt::freeSwapfilePage(unsigned long)
                0x00000000c0011e1a                Virt::swapIDToSector(unsigned long)
                0x00000000c0011e2c                Virt::allocateSwapfilePage()
                0x00000000c0011eaa                Virt::virtualMemorySetup()
                0x00000000c0011f29                Virt::getAKernelVAS()
                0x00000000c0011f2f                Virt::setupPageSwapping(int)
                0x00000000c001205e                VAS::VAS()
                0x00000000c001205e                VAS::VAS()
                0x00000000c001209a                VAS::VAS(VAS*)
                0x00000000c001209a                VAS::VAS(VAS*)
                0x00000000c00120c8                VAS::getForeignPageTableEntry(bool, unsigned long)
                0x00000000c00120f4                VAS::getPageTableEntry(unsigned long)
                0x00000000c0012113                Virt::freeKernelVirtualPages(unsigned long)
                0x00000000c0012236                VAS::freeAllocatedPages(unsigned long)
                0x00000000c001225a                VAS::virtualToPhysical(unsigned long)
                0x00000000c0012272                VAS::reflagRange(unsigned long, int, int, int)
                0x00000000c00122b2                VAS::setToWriteCombining(unsigned long, int)
                0x00000000c00122e4                VAS::mapOtherVASIn(bool, VAS*)
                0x00000000c001230e                VAS::~VAS()
                0x00000000c001230e                VAS::~VAS()
                0x00000000c001247a                VAS::mapPage(unsigned long, unsigned long, int)
                0x00000000c001257a                VAS::allocatePages(int, int)
                0x00000000c0012752                VAS::setCPUSpecific(unsigned long)
                0x00000000c001276e                VAS::mapRange(unsigned long, unsigned long, int, int)
                0x00000000c0012834                VAS::mapForeignPage(bool, VAS*, unsigned long, unsigned long, int)
                0x00000000c0012922                VAS::VAS(bool)
                0x00000000c0012922                VAS::VAS(bool)
                0x00000000c0012b88                VAS::evict(unsigned long)
                0x00000000c0012c10                VAS::tryLoadBackOffDisk(unsigned long)
                0x00000000c0012ce6                VAS::scanForEviction()
                0x00000000c0012dc8                mapVASFirstTime
 .text          0x00000000c0012e84       0x95 coreobjs/c++.32
                0x00000000c0012e84                __cxa_atexit
                0x00000000c0012e87                __cxa_finalize
                0x00000000c0012e88                __stack_chk_fail
                0x00000000c0012ef4                __cxa_pure_virtual
                0x00000000c0012f05                operator new[](unsigned long)
                0x00000000c0012f0a                operator delete(void*, unsigned long)
                0x00000000c0012f0f                operator delete[](void*)
                0x00000000c0012f14                operator delete[](void*, unsigned long)
 .text          0x00000000c0012f19      0x1ef dbg/kconsole.32
                0x00000000c0012f19                Dbg::stringifyxWithBase(unsigned int, char*, int)
                0x00000000c0012f7a                Dbg::logc(char)
                0x00000000c0012f91                Dbg::logs(char*)
                0x00000000c0012fae                Dbg::logWriteInt(unsigned int)
                0x00000000c0012fcb                Dbg::logWriteIntBase(unsigned int, int)
                0x00000000c0012fea                Dbg::kprintf(char const*, ...)
 .text          0x00000000c0013108      0xb7c fs/vfs.32
                0x00000000c0013108                File::read(unsigned long long, void*, int*)
                0x00000000c0013160                File::write(unsigned long long, void*, int*)
                0x00000000c00131b8                Directory::read(unsigned long long, void*, int*)
                0x00000000c0013210                Directory::write(unsigned long long, void*, int*)
                0x00000000c001323e                File::isAtty()
                0x00000000c0013242                Directory::isAtty()
                0x00000000c0013246                Filesystem::getlabel(LogicalDisk*, int, char*, unsigned int*)
                0x00000000c001324c                Filesystem::setlabel(LogicalDisk*, int, char*)
                0x00000000c0013252                File::~File()
                0x00000000c0013252                File::~File()
                0x00000000c0013276                File::~File()
                0x00000000c00132a0                Directory::~Directory()
                0x00000000c00132a0                Directory::~Directory()
                0x00000000c00132c4                Directory::~Directory()
                0x00000000c00132ee                Filesystem::Filesystem()
                0x00000000c00132ee                Filesystem::Filesystem()
                0x00000000c0013312                Filesystem::~Filesystem()
                0x00000000c0013312                Filesystem::~Filesystem()
                0x00000000c0013320                Filesystem::~Filesystem()
                0x00000000c0013344                Fs::getcwd(Process*, char*, int)
                0x00000000c001336e                Fs::initVFS()
                0x00000000c0013398                Fs::standardiseFiles(char*, char const*, char const*)
                0x00000000c0013542                File::File(char const*, Process*)
                0x00000000c0013542                File::File(char const*, Process*)
                0x00000000c00135a6                File::open(FileOpenMode)
                0x00000000c0013604                File::close()
                0x00000000c0013664                File::seek(unsigned long long)
                0x00000000c00136ba                File::tell(unsigned long long*)
                0x00000000c001370a                File::rewind()
                0x00000000c001371e                File::unlink()
                0x00000000c001376a                File::rename(char const*)
                0x00000000c00137b8                File::chfatattr(unsigned char, unsigned char)
                0x00000000c0013814                File::exists()
                0x00000000c0013852                File::stat(unsigned long long*, bool*)
                0x00000000c00138b3                Fs::setcwd(Process*, char*)
                0x00000000c00139ee                Directory::Directory(char const*, Process*)
                0x00000000c00139ee                Directory::Directory(char const*, Process*)
                0x00000000c0013a52                Directory::open()
                0x00000000c0013aae                Directory::close()
                0x00000000c0013b0e                Directory::unlink()
                0x00000000c0013b5a                Directory::rename(char const*)
                0x00000000c0013ba8                Directory::exists()
                0x00000000c0013be6                Directory::read(dirent*)
                0x00000000c0013c32                Directory::create()
                0x00000000c0013c7e                Filesystem::chfatattr(char const*, unsigned char, unsigned char)
 .text          0x00000000c0013c84       0x84 hal/bus.32
                0x00000000c0013c84                Bus::Bus(char const*)
                0x00000000c0013c84                Bus::Bus(char const*)
                0x00000000c0013cba                Bus::~Bus()
                0x00000000c0013cba                Bus::~Bus()
                0x00000000c0013cde                Bus::~Bus()
 .text          0x00000000c0013d08      0x14e hal/buzzer.32
                0x00000000c0013d08                Buzzer::Buzzer(char const*)
                0x00000000c0013d08                Buzzer::Buzzer(char const*)
                0x00000000c0013d4c                Buzzer::~Buzzer()
                0x00000000c0013d4c                Buzzer::~Buzzer()
                0x00000000c0013d70                Buzzer::~Buzzer()
                0x00000000c0013d9a                Buzzer::stop()
                0x00000000c0013dad                beepThread(void*)
                0x00000000c0013de8                Buzzer::beep(int, int, bool)
 .text          0x00000000c0013e56      0x467 hal/clock.32
                0x00000000c0013e56                User::loadClockSettings(int)
                0x00000000c0013ea8                Clock::Clock(char const*)
                0x00000000c0013ea8                Clock::Clock(char const*)
                0x00000000c0013ede                Clock::~Clock()
                0x00000000c0013ede                Clock::~Clock()
                0x00000000c0013f02                Clock::~Clock()
                0x00000000c0013f2c                Clock::timeInSecondsLocal()
                0x00000000c0013f74                Clock::setTimeInSecondsLocal(unsigned long long)
                0x00000000c0013fcd                datetimeToSeconds(datetime_t)
                0x00000000c00140f4                Clock::setTimeInDatetimeLocal(datetime_t)
                0x00000000c0014154                secondsToDatetime(unsigned long long)
                0x00000000c0014298                Clock::timeInDatetimeLocal()
 *fill*         0x00000000c00142bd        0x1 
 .text          0x00000000c00142be      0x4de hal/device.32
                0x00000000c00142be                Device::hibernate()
                0x00000000c00142c0                Device::wake()
                0x00000000c00142c2                Device::detect()
                0x00000000c00142c4                Device::disableLegacy()
                0x00000000c00142c6                Device::powerSaving(PowerSavingLevel)
                0x00000000c00142c8                DriverlessDevice::close(int, int, void*)
                0x00000000c00142cc                DriverlessDevice::detect()
                0x00000000c00142ce                DriverlessDevice::open(int, int, void*)
                0x00000000c00142e2                Device::~Device()
                0x00000000c00142e2                Device::~Device()
                0x00000000c00142f0                Device::~Device()
                0x00000000c0014318                Device::findAndLoadDriver()
                0x00000000c001431a                Device::preOpenPCI(PCIDeviceInfo)
                0x00000000c0014340                Device::preOpenACPI(void*, char*, char*)
                0x00000000c0014394                Device::addIRQHandler(int, void (*)(regs*, void*), bool, void*)
                0x00000000c00143d2                Device::removeIRQHandler(int, void (*)(regs*, void*), bool)
                0x00000000c0014410                Device::addChild(Device*)
                0x00000000c0014454                Device::removeAllChildren()
                0x00000000c001449a                Device::hibernateAll()
                0x00000000c00144ca                Device::wakeAll()
                0x00000000c00144fa                Device::detectAll()
                0x00000000c001452a                Device::disableLegacyAll()
                0x00000000c001455a                Device::loadDriversForAll()
                0x00000000c0014586                Device::closeAll()
                0x00000000c00145bc                Device::powerSavingAll(PowerSavingLevel)
                0x00000000c00145f2                Device::setName(char const*)
                0x00000000c0014600                Device::Device(char const*)
                0x00000000c0014600                Device::Device(char const*)
                0x00000000c00146fc                Device::getName()
                0x00000000c0014706                DriverlessDevice::DriverlessDevice(char const*)
                0x00000000c0014706                DriverlessDevice::DriverlessDevice(char const*)
                0x00000000c001472e                Device::addToLinkedList(LinkedList<Device>&, DeviceType)
                0x00000000c0014772                getDevicesOfType(DeviceType)
 .text          0x00000000c001479c       0x84 hal/diskctrl.32
                0x00000000c001479c                HardDiskController::HardDiskController(char const*)
                0x00000000c001479c                HardDiskController::HardDiskController(char const*)
                0x00000000c00147d2                HardDiskController::~HardDiskController()
                0x00000000c00147d2                HardDiskController::~HardDiskController()
                0x00000000c00147f6                HardDiskController::~HardDiskController()
 .text          0x00000000c0014820       0xf2 hal/diskphys.32
                0x00000000c0014820                PhysicalDisk::eject()
                0x00000000c0014834                PhysicalDisk::PhysicalDisk(char const*, int)
                0x00000000c0014834                PhysicalDisk::PhysicalDisk(char const*, int)
                0x00000000c001489c                PhysicalDisk::startCache()
                0x00000000c00148c4                PhysicalDisk::~PhysicalDisk()
                0x00000000c00148c4                PhysicalDisk::~PhysicalDisk()
                0x00000000c00148e8                PhysicalDisk::~PhysicalDisk()
 .text          0x00000000c0014912      0x13b hal/fpu.32
                0x00000000c0014912                FPU::FPU(char const*)
                0x00000000c0014912                FPU::FPU(char const*)
                0x00000000c0014948                FPU::~FPU()
                0x00000000c0014948                FPU::~FPU()
                0x00000000c001496c                FPU::~FPU()
                0x00000000c0014996                setupFPU()
 *fill*         0x00000000c0014a4d        0x1 
 .text          0x00000000c0014a4e     0x13a7 hal/intctrl.32
                0x00000000c0014a4e                InterruptController::uninstallISRHandler(int, void (*)(regs*, void*))
                0x00000000c0014a86                InterruptController::installISRHandler(int, void (*)(regs*, void*), void*)
                0x00000000c0014ad8                doubleFault(regs*, void*)
                0x00000000c0014af2                InterruptController::installIRQHandler(int, void (*)(regs*, void*), bool, void*)
                0x00000000c0014b8e                InterruptController::clearAllHandlers(int, bool)
                0x00000000c0014c36                InterruptController::uninstallIRQHandler(int, void (*)(regs*, void*), bool)
                0x00000000c0014cbd                nmiHandler(regs*, void*)
                0x00000000c0014ccb                int_handler
                0x00000000c0014d6c                InterruptController::InterruptController(char const*)
                0x00000000c0014d6c                InterruptController::InterruptController(char const*)
                0x00000000c0014e12                InterruptController::~InterruptController()
                0x00000000c0014e12                InterruptController::~InterruptController()
                0x00000000c0014e36                InterruptController::~InterruptController()
                0x00000000c0014e60                displayDebugInfo(regs*)
                0x00000000c00152ef                x87EmulHandler(regs*, void*)
                0x00000000c001531e                gpFault(regs*, void*)
                0x00000000c0015357                pgFault(regs*, void*)
                0x00000000c0015393                otherISRHandler(regs*, void*)
                0x00000000c00153b2                opcodeFault(regs*, void*)
                0x00000000c00159b8                displayProgramFault(char const*)
                0x00000000c00159e0                setupInterruptController()
                0x00000000c0015da8                InterruptController::convertLegacyIRQNumber(int)
 *fill*         0x00000000c0015df5        0x1 
 .text          0x00000000c0015df6      0x6c8 hal/keybrd.32
                0x00000000c0015df6                startGUI(void*)
                0x00000000c0015e52                startGUIVESA(void*)
                0x00000000c0015eae                sendKeyToTerminal(unsigned char)
                0x00000000c0015f1a                sendKeyboardToken(KeyboardToken)
                0x00000000c0016357                clearInternalKeybuffer(VgaText*)
                0x00000000c001638c                readKeyboard(VgaText*, char*, unsigned long)
                0x00000000c0016434                Keyboard::Keyboard(char const*)
                0x00000000c0016434                Keyboard::Keyboard(char const*)
                0x00000000c0016470                Keyboard::~Keyboard()
                0x00000000c0016470                Keyboard::~Keyboard()
                0x00000000c0016494                Keyboard::~Keyboard()
 .text          0x00000000c00164be      0x414 hal/logidisk.32
                0x00000000c00164be                LogicalDisk::close(int, int, void*)
                0x00000000c00164c2                LogicalDisk::~LogicalDisk()
                0x00000000c00164c2                LogicalDisk::~LogicalDisk()
                0x00000000c00164e6                LogicalDisk::~LogicalDisk()
                0x00000000c0016510                LogicalDisk::open(int, int, void*)
                0x00000000c0016524                LogicalDisk::absoluteToRelative(unsigned long long)
                0x00000000c001655c                LogicalDisk::relativeToAbsolute(unsigned long long)
                0x00000000c00165a2                LogicalDisk::LogicalDisk(char const*, PhysicalDisk*, unsigned long long, unsigned long long)
                0x00000000c00165a2                LogicalDisk::LogicalDisk(char const*, PhysicalDisk*, unsigned long long, unsigned long long)
                0x00000000c0016658                LogicalDisk::assignDriveLetter()
                0x00000000c001670e                LogicalDisk::mount()
                0x00000000c0016780                LogicalDisk::unmount()
                0x00000000c0016790                LogicalDisk::eject()
                0x00000000c00167a4                LogicalDisk::unassignDriveLetter()
                0x00000000c00167fa                LogicalDisk::read(unsigned long long, int, void*)
                0x00000000c0016866                LogicalDisk::write(unsigned long long, int, void*)
 .text          0x00000000c00168d2       0x84 hal/mouse.32
                0x00000000c00168d2                Mouse::Mouse(char const*)
                0x00000000c00168d2                Mouse::Mouse(char const*)
                0x00000000c0016908                Mouse::~Mouse()
                0x00000000c0016908                Mouse::~Mouse()
                0x00000000c001692c                Mouse::~Mouse()
 .text          0x00000000c0016956      0x34d hal/partition.32
                0x00000000c0016956                makePartition(PhysicalDisk*, unsigned long long, unsigned long long)
                0x00000000c0016a12                createPartitionsForDisk(PhysicalDisk*)
 *fill*         0x00000000c0016ca3        0x1 
 .text          0x00000000c0016ca4       0x84 hal/serial.32
                0x00000000c0016ca4                Serial::Serial(char const*)
                0x00000000c0016ca4                Serial::Serial(char const*)
                0x00000000c0016cda                Serial::~Serial()
                0x00000000c0016cda                Serial::~Serial()
                0x00000000c0016cfe                Serial::~Serial()
 .text          0x00000000c0016d28      0x2b8 hal/timer.32
                0x00000000c0016d28                Timer::Timer(char const*)
                0x00000000c0016d28                Timer::Timer(char const*)
                0x00000000c0016d5e                Timer::~Timer()
                0x00000000c0016d5e                Timer::~Timer()
                0x00000000c0016d82                Timer::~Timer()
                0x00000000c0016dac                Timer::read()
                0x00000000c0016db7                timerHandler(unsigned long long)
                0x00000000c0016eee                setupTimer(int)
 .text          0x00000000c0016fe0      0x425 hal/vcache.32
                0x00000000c0016fe0                VCache::VCache(PhysicalDisk*)
                0x00000000c0016fe0                VCache::VCache(PhysicalDisk*)
                0x00000000c0017148                VCache::invalidateReadBuffer()
                0x00000000c0017158                VCache::writeWriteBuffer()
                0x00000000c0017194                VCache::~VCache()
                0x00000000c0017194                VCache::~VCache()
                0x00000000c00171e8                VCache::~VCache()
                0x00000000c0017210                VCache::write(unsigned long long, int, void*)
                0x00000000c0017306                VCache::read(unsigned long long, int, void*)
 *fill*         0x00000000c0017405        0x1 
 .text          0x00000000c0017406      0x4cd hal/video.32
                0x00000000c0017406                Video::putrect(int, int, int, int, unsigned int)
                0x00000000c0017452                Video::bitblit(int, int, int, int, int, int, int, unsigned int*)
                0x00000000c00174c2                Video::blit(unsigned int*, int, int, int, int)
                0x00000000c0017540                Video::clearScreen(unsigned int)
                0x00000000c0017574                Video::putpixel(int, int, unsigned int)
                0x00000000c0017582                Video::Video(char const*)
                0x00000000c0017582                Video::Video(char const*)
                0x00000000c00175b8                Video::~Video()
                0x00000000c00175b8                Video::~Video()
                0x00000000c00175dc                Video::~Video()
                0x00000000c0017606                Video::isMonochrome()
                0x00000000c0017612                Video::getWidth()
                0x00000000c001761e                Video::getHeight()
                0x00000000c001762a                Video::drawCursor(int, int, unsigned char*, int)
                0x00000000c00176e6                Video::tgaParse(unsigned char*, int, int*, int*)
                0x00000000c0017868                Video::putTGA(int, int, unsigned char*, int)
 *fill*         0x00000000c00178d3        0x1 
 .text          0x00000000c00178d4      0xf68 hw/acpi.32
                0x00000000c00178d4                ACPI::close(int, int, void*)
                0x00000000c0017989                findRSDP()
                0x00000000c0017a13                loadACPITables(unsigned char*)
                0x00000000c0017c3a                findRSDT(unsigned char*)
                0x00000000c0017d58                findDataTable(unsigned char*, char*)
                0x00000000c0017df4                scanMADT()
                0x00000000c001827a                ACPI::ACPI()
                0x00000000c001827a                ACPI::ACPI()
                0x00000000c00182e4                ACPI::getPCIIRQAssignment(unsigned char, unsigned short, unsigned char)
                0x00000000c00183c6                ACPI::registerPCIIRQAssignment(void*, unsigned short, unsigned char, unsigned char)
                0x00000000c001848c                ACPI::setScreenBrightnessLevel(void*, int)
                0x00000000c0018492                ACPI::writeSimpleBootFlag(SimpleBootFlagTable*)
                0x00000000c00184da                ACPI::open(int, int, void*)
                0x00000000c0018824                ACPI::sleep()
 .text          0x00000000c001883c     0x1715 hw/cpu.32
                0x00000000c001883c                CPU::close(int, int, void*)
                0x00000000c0018840                CPU::lookupAMDName(unsigned char, unsigned char)
                0x00000000c00189d4                CPU::lookupIntelName(unsigned char, unsigned char)
                0x00000000c0018c82                CPU::AMD_K6_write_msr(unsigned int, unsigned int, unsigned int, CPU::REGS*)
                0x00000000c0018c9e                CPU::AMD_K6_read_msr(unsigned int, CPU::REGS*)
                0x00000000c0018cb6                CPU::AMD_K6_writeback(int, int, int)
                0x00000000c0018d2a                CPU::cpuid(int, unsigned long*, unsigned long*, unsigned long*, unsigned long*)
                0x00000000c0018dae                CPU::cpuidCheckEDX(unsigned int)
                0x00000000c0018ddc                CPU::cpuidCheckECX(unsigned int)
                0x00000000c0018e0a                CPU::cpuidCheckExtendedEBX(unsigned int)
                0x00000000c0018e38                CPU::cpuidCheckExtendedECX(unsigned int)
                0x00000000c0018e66                CPU::CPU()
                0x00000000c0018e66                CPU::CPU()
                0x00000000c0018ef4                CPU::displayFeatures()
                0x00000000c0019170                CPU::detectFeatures()
                0x00000000c0019b60                CPU::setupSMEP()
                0x00000000c0019b6c                CPU::setupUMIP()
                0x00000000c0019b76                CPU::setupTSC()
                0x00000000c0019b80                CPU::setupLargePages()
                0x00000000c0019b8a                CPU::setupPAT()
                0x00000000c0019bc6                CPU::setupMTRR()
                0x00000000c0019bc8                CPU::setupGlobalPages()
                0x00000000c0019bd2                CPU::allowUsermodeDataAccess()
                0x00000000c0019be4                CPU::prohibitUsermodeDataAccess()
                0x00000000c0019bf6                CPU::setupSMAP()
                0x00000000c0019c04                CPU::setupFeatures()
                0x00000000c0019c84                CPU::open(int, int, void*)
                0x00000000c0019d56                CPU::decodeAddress(regs*, int*, bool*, unsigned char*)
 .text          0x00000000c0019f51        0x0 hw/ports.32
 .text          0x00000000c0019f51      0x16a hw/smp.32
                0x00000000c0019f51                Krnl::smpEntry()
                0x00000000c0019f53                Krnl::startCPU(int)
                0x00000000c001a09c                Krnl::startCPUs()
 *fill*         0x00000000c001a0bb        0x1 
 .text          0x00000000c001a0bc      0x5d3 krnl/env.32
                0x00000000c001a0bc                EnvVarContainer::getEnv(char const*)
                0x00000000c001a0fa                EnvVarContainer::setEnv(char const*, char const*)
                0x00000000c001a1c6                EnvVarContainer::deleteEnv(char const*)
                0x00000000c001a1c8                EnvVarContainer::loadFrom(char const*, char const*)
                0x00000000c001a3be                EnvVarContainer::__loadSystem()
                0x00000000c001a3d8                EnvVarContainer::__loadUser()
                0x00000000c001a3da                EnvVarContainer::EnvVarContainer(Process*)
                0x00000000c001a3da                EnvVarContainer::EnvVarContainer(Process*)
                0x00000000c001a3fc                EnvVarContainer::~EnvVarContainer()
                0x00000000c001a3fc                EnvVarContainer::~EnvVarContainer()
                0x00000000c001a42c                Krnl::getEnv(Process*, char const*)
                0x00000000c001a491                Krnl::setEnvSystem(char const*, char const*)
                0x00000000c001a4ab                Krnl::setEnvUser(char const*, char const*)
                0x00000000c001a4ca                Krnl::setEnvProcess(Process*, char const*, char const*)
                0x00000000c001a4dd                Krnl::deleteEnvSystem(char const*)
                0x00000000c001a4de                Krnl::deleteEnvUser(char const*)
                0x00000000c001a4df                Krnl::deleteEnvProcess(Process*, char const*)
                0x00000000c001a4e0                Krnl::newProcessEnv(Process*)
                0x00000000c001a502                Krnl::copyProcessEnv(Process*, Process*)
                0x00000000c001a556                Krnl::loadSystemEnv()
                0x00000000c001a584                Krnl::loadUserEnv()
                0x00000000c001a5aa                Krnl::flushEnv()
                0x00000000c001a5ab                Krnl::getProcessTotalEnvCount(Process*)
                0x00000000c001a5cb                Krnl::getProcessEnvPair(Process*, int)
 .text          0x00000000c001a68f      0x396 krnl/panic.32
                0x00000000c001a68f                Krnl::panic(char const*)
 .text          0x00000000c001aa25      0x3b6 net/ethernet.32
                0x00000000c001aa25                Net::switchEndian16(unsigned short)
                0x00000000c001aa46                Net::switchEndian32(unsigned int)
                0x00000000c001aa75                Net::crc32Calc(unsigned char*, int)
                0x00000000c001ab06                Net::wrapEthernetFrame(Net::UnwrappedEthernetFrame, unsigned char*)
                0x00000000c001ac42                Net::unwrapEthernetFrame(unsigned char*, int)
 .text          0x00000000c001addb      0x513 reg/registry.32
                0x00000000c001addb                Reg::findLineFromLoadedData(char*, char*, char*)
                0x00000000c001af33                Reg::getLineFromRegistry(char*, char*, char*, char*)
                0x00000000c001b088                Reg::getLine(char*, char*, char*)
                0x00000000c001b0bf                Reg::readInt(char*, char*, int*)
                0x00000000c001b1aa                Reg::readString(char*, char*, char*, int)
                0x00000000c001b22b                Reg::readBool(char*, char*, bool*)
                0x00000000c001b250                Reg::readBoolWithDefault(char*, char*, bool)
                0x00000000c001b27c                Reg::readIntWithDefault(char*, char*, int)
                0x00000000c001b2a8                Reg::readStringWithDefault(char*, char*, char*, int, char*)
 .text          0x00000000c001b2ee       0x36 sys/sc_eject.32
                0x00000000c001b2ee                Sys::eject(regs*)
 .text          0x00000000c001b324       0x18 sys/sc_exit.32
                0x00000000c001b324                Sys::exit(regs*)
 .text          0x00000000c001b33c       0x1f sys/sc_getcwd.32
                0x00000000c001b33c                Sys::getCwd(regs*)
 .text          0x00000000c001b35b        0xc sys/sc_getpid.32
                0x00000000c001b35b                Sys::getPID(regs*)
 .text          0x00000000c001b367       0x17 sys/sc_getramdata.32
                0x00000000c001b367                Sys::getRAMData(regs*)
 .text          0x00000000c001b37e       0xa8 sys/sc_loaddll.32
                0x00000000c001b37e                Sys::loadDLL(regs*)
 .text          0x00000000c001b426       0x68 sys/sc_read.32
                0x00000000c001b426                Sys::read(regs*)
 .text          0x00000000c001b48e       0x55 sys/sc_sbrk.32
                0x00000000c001b48e                Sys::sbrk(regs*)
 .text          0x00000000c001b4e3       0x1c sys/sc_setcwd.32
                0x00000000c001b4e3                Sys::setCwd(regs*)
 .text          0x00000000c001b4ff      0x128 sys/sc_settime.32
                0x00000000c001b4ff                Sys::setTime(regs*)
 .text          0x00000000c001b627       0x4a sys/sc_timezone.32
                0x00000000c001b627                Sys::timezone(regs*)
 .text          0x00000000c001b671       0x68 sys/sc_write.32
                0x00000000c001b671                Sys::write(regs*)
 .text          0x00000000c001b6d9       0x62 sys/sc_wsbe.32
                0x00000000c001b6d9                Sys::wsbe(regs*)
 .text          0x00000000c001b73b       0x3b sys/sc_yield.32
                0x00000000c001b73b                Sys::yield(regs*)
 .text          0x00000000c001b776     0x10e5 sys/syscalls.32
                0x00000000c001b776                sysCallSeekDir(regs*)
                0x00000000c001b77b                sysCallTellDir(regs*)
                0x00000000c001b780                sysCallVerify(regs*)
                0x00000000c001b78a                sysFormatDisk(regs*)
                0x00000000c001b7f4                sysSetDiskVolumeLabel(regs*)
                0x00000000c001b83a                sysGetDiskVolumeLabel(regs*)
                0x00000000c001b88b                sysShutdown(regs*)
                0x00000000c001b8e9                sysCallRealpath(regs*)
                0x00000000c001b92c                sysCallGetArgc(regs*)
                0x00000000c001b95a                sysCallReadDir(regs*)
                0x00000000c001b9e8                sysCallIsATTY(regs*)
                0x00000000c001ba42                sysCallSeek(regs*)
                0x00000000c001baab                sysCallTell(regs*)
                0x00000000c001bb28                sysCallSize(regs*)
                0x00000000c001bbab                sysCallSizeFromFilename(regs*)
                0x00000000c001bc6b                sysCallClose(regs*)
                0x00000000c001bcf3                sysCallOpenDir(regs*)
                0x00000000c001bd68                sysCallCloseDir(regs*)
                0x00000000c001bdce                sysCallMakeDir(regs*)
                0x00000000c001be3e                sysCallWait(regs*)
                0x00000000c001be58                sysCallNotImpl(regs*)
                0x00000000c001be73                sysPanic(regs*)
                0x00000000c001be99                sysCallRmdir(regs*)
                0x00000000c001befd                sysCallUnlink(regs*)
                0x00000000c001bf61                sysCallGetArgv(regs*)
                0x00000000c001bfad                sysCallTTYName(regs*)
                0x00000000c001c030                sysCallUSleep(regs*)
                0x00000000c001c057                sysCallSpawn(regs*)
                0x00000000c001c0af                sysCallGetEnv(regs*)
                0x00000000c001c1e7                sysAppSettings(regs*)
                0x00000000c001c306                sysSetFatAttrib(regs*)
                0x00000000c001c378                sysPipe(regs*)
                0x00000000c001c3bd                sysGetUnixTime(regs*)
                0x00000000c001c3d1                string_ends_with(char const*, char const*)
                0x00000000c001c419                sysCallOpen(regs*)
                0x00000000c001c62e                Sys::loadSyscalls()
                0x00000000c001c819                Sys::systemCall(regs*, void*)
 .text          0x00000000c001c85b     0x11ef thr/elf.32
                0x00000000c001c85b                Thr::allocateMemoryForTask(Process*, File*, unsigned long, unsigned long, unsigned long)
                0x00000000c001caed                Thr::loadProgramIntoMemory(Process*, char const*)
                0x00000000c001cd03                Thr::runtimeReferenceHelper()
                0x00000000c001cd16                Thr::getAddressOfKernelSymbol(char const*)
                0x00000000c001cd65                Thr::loadKernelSymbolTable(char const*)
                0x00000000c001d023                Thr::loadDriverIntoMemory(char const*, unsigned long, bool)
                0x00000000c001d73f                Thr::getDriverBaseFromAddress(unsigned long)
                0x00000000c001d771                Thr::getDriverNameFromAddress(unsigned long)
                0x00000000c001d7a8                Thr::getDriverOffsetFromAddress(unsigned long)
                0x00000000c001d7c2                Thr::loadDLL(char const*, bool)
                0x00000000c001da11                Thr::executeDLL(unsigned long, void*)
 .text          0x00000000c001da4a     0x1056 thr/prcssthr.32
                0x00000000c001da4a                changeTSS
                0x00000000c001da7a                Process::addArgs(char**)
                0x00000000c001dad4                Process::Process(char const*, Process*, char**)
                0x00000000c001dad4                Process::Process(char const*, Process*, char**)
                0x00000000c001dcb8                Process::Process(bool, char const*, Process*, char**)
                0x00000000c001dcb8                Process::Process(bool, char const*, Process*, char**)
                0x00000000c001de67                disableIRQs()
                0x00000000c001de6f                getIRQNestingLevel()
                0x00000000c001de75                enableIRQs()
                0x00000000c001de84                lockScheduler()
                0x00000000c001de86                unlockScheduler()
                0x00000000c001de88                userModeEntryPoint(void*)
                0x00000000c001deab                lockStuff()
                0x00000000c001deb7                taskStartupFunction
                0x00000000c001dec0                updateTimeUsed()
                0x00000000c001df25                switchToThread(ThreadControlBlock*)
                0x00000000c001df76                Semaphore::Semaphore(int)
                0x00000000c001df76                Semaphore::Semaphore(int)
                0x00000000c001dfa4                Mutex::Mutex()
                0x00000000c001dfa4                Mutex::Mutex()
                0x00000000c001dfb6                Process::createThread(void (*)(void*), void*, int)
                0x00000000c001e09a                Process::createUserThread()
                0x00000000c001e0b6                setupMultitasking(void (*)())
                0x00000000c001e1c0                schedule()
                0x00000000c001e245                unlockStuff()
                0x00000000c001e27a                Semaphore::tryAcquire()
                0x00000000c001e2a8                Semaphore::assertLocked(char const*)
                0x00000000c001e2d8                blockTaskWithSchedulerLockAlreadyHeld(TaskState)
                0x00000000c001e31a                blockTask(TaskState)
                0x00000000c001e33b                waitTask(int, int*, int)
                0x00000000c001e37d                nanoSleepUntil(unsigned long long)
                0x00000000c001e3d4                nanoSleep(unsigned long long)
                0x00000000c001e3e9                sleep(unsigned long long)
                0x00000000c001e406                Semaphore::acquire()
                0x00000000c001e46e                taskReturned
                0x00000000c001e49c                unblockTask(ThreadControlBlock*)
                0x00000000c001e54b                cleanupTerminatedTask(ThreadControlBlock*)
                0x00000000c001e814                cleanerTaskFunction(void*)
                0x00000000c001e8c7                terminateTask(int)
                0x00000000c001e9a7                Thr::terminateFromIRQ(int)
                0x00000000c001e9b4                Semaphore::release()
 .text          0x00000000c001eaa0      0xc26 vm86/vm8086.32
                0x00000000c001eaa0                Vm::inbv(unsigned short)
                0x00000000c001eab3                Vm::outbv(unsigned short, unsigned char)
                0x00000000c001eb06                Vm::realToLinear(unsigned short, unsigned short)
                0x00000000c001eb16                Vm::getSegment(unsigned int)
                0x00000000c001eb1e                Vm::getOffset(unsigned int)
                0x00000000c001eb23                Vm::mainloop2()
                0x00000000c001eb5e                Vm::mainVm8086Loop(void*)
                0x00000000c001eb6b                Vm::mainloop3(unsigned long)
                0x00000000c001eb95                Vm::initialise8086()
                0x00000000c001ebd8                Vm::finish8086()
                0x00000000c001ec1d                Vm::getOutput8086(unsigned char*)
                0x00000000c001ec47                Vm::start8086(char const*, unsigned short, unsigned short, unsigned short, unsigned short)
                0x00000000c001ed97                Vm::doISR(regs*, int, unsigned char*, unsigned short, unsigned short)
                0x00000000c001ee21                Vm::readByteFromReal(unsigned short, unsigned short)
                0x00000000c001ee32                Vm::readWordFromReal(unsigned short, unsigned short)
                0x00000000c001ee44                Vm::readDwordFromReal(unsigned short, unsigned short)
                0x00000000c001ee55                Vm::writeByteFromReal(unsigned short, unsigned short, unsigned char)
                0x00000000c001ee6a                Vm::writeWordFromReal(unsigned short, unsigned short, unsigned short)
                0x00000000c001ee80                Vm::writeDwordFromReal(unsigned short, unsigned short, unsigned int)
                0x00000000c001ee95                Vm::faultHandler(regs*)
 .text          0x00000000c001f6c6      0xefd vm86/x87em.32
                0x00000000c001f6c6                Vm::fpuInternalTo32(unsigned long long)
                0x00000000c001f721                Vm::fpuInternalTo64(unsigned long long)
                0x00000000c001f72a                Vm::fpu32ToInternal(unsigned int)
                0x00000000c001f76f                Vm::fpu64ToInternal(unsigned long long)
                0x00000000c001f778                Vm::fpuFloatToLong(unsigned long long)
                0x00000000c001f7d3                Vm::fpuULongToFloat(unsigned long long)
                0x00000000c001f809                Vm::fpuLongToFloat(long long)
                0x00000000c001f85f                Vm::fpuGet0()
                0x00000000c001f864                Vm::fpuGet1()
                0x00000000c001f86c                Vm::fpuGetPi()
                0x00000000c001f874                Vm::fpuGetLog2E()
                0x00000000c001f88c                Vm::fpuGetLogE2()
                0x00000000c001f8a4                Vm::fpuGetLog210()
                0x00000000c001f8bc                Vm::fpuGetLog102()
                0x00000000c001f8d4                Vm::fpuIsSecondLarger(unsigned long long, unsigned long long)
                0x00000000c001f8e8                Vm::fpuAreEqual(unsigned long long, unsigned long long)
                0x00000000c001f8fe                Vm::fpuUnorderedCompare(unsigned long long, unsigned long long)
                0x00000000c001f951                Vm::fpuAdd(unsigned long long, unsigned long long)
                0x00000000c001f962                Vm::fpuAbs(unsigned long long)
                0x00000000c001f96b                Vm::fpuChs(unsigned long long)
                0x00000000c001f97b                Vm::fpuSub(unsigned long long, unsigned long long)
                0x00000000c001f98a                Vm::fpuMultiply(unsigned long long, unsigned long long)
                0x00000000c001f9a9                Vm::fpuDivide(unsigned long long, unsigned long long)
                0x00000000c001f9c5                Vm::fpuSquare(unsigned long long)
                0x00000000c001f9db                Vm::fpuGetReg(int)
                0x00000000c001fa1e                Vm::fpuSetReg(int, unsigned long long)
                0x00000000c001fa69                Vm::fpuPush(unsigned long long)
                0x00000000c001fac6                Vm::fpuPop()
                0x00000000c001fb18                Vm::x87Handler(regs*)
 *fill*         0x00000000c00205c3        0x1 
 .text          0x00000000c00205c4     0x10ed fs/fat/vfslink.32
                0x00000000c00205c4                FAT::getName()
                0x00000000c00205ca                FAT::tell(void*, unsigned long long*)
                0x00000000c00205fe                FAT::stat(void*, unsigned long long*)
                0x00000000c0020632                FAT::~FAT()
                0x00000000c0020632                FAT::~FAT()
                0x00000000c0020656                FAT::~FAT()
                0x00000000c002067e                FAT::getlabel(LogicalDisk*, int, char*, unsigned int*)
                0x00000000c002071c                FAT::setlabel(LogicalDisk*, int, char*)
                0x00000000c00207d6                FAT::format(LogicalDisk*, int, char const*, int)
                0x00000000c00209ba                FAT::tryMount(LogicalDisk*, int)
                0x00000000c0020bc0                FAT::readDir(void*, unsigned long, void*, int*)
                0x00000000c0020cc6                FAT::read(void*, unsigned long, void*, int*)
                0x00000000c0020d20                FAT::write(void*, unsigned long, void*, int*)
                0x00000000c0020d7a                FAT::close(void*)
                0x00000000c0020dc6                FAT::closeDir(void*)
                0x00000000c0020e12                FAT::seek(void*, unsigned long long)
                0x00000000c0020e66                fatWrapperReadDisk
                0x00000000c0020ead                fatWrapperWriteDisk
                0x00000000c0020ef4                fatWrapperIoctl
                0x00000000c0020ff8                FAT::FAT()
                0x00000000c0020ff8                FAT::FAT()
                0x00000000c002104a                FAT::fixFilepath(char*)
                0x00000000c0021082                FAT::open(char const*, void**, FileOpenMode)
                0x00000000c00211aa                FAT::openDir(char const*, void**)
                0x00000000c0021250                FAT::stat(char const*, unsigned long long*, bool*)
                0x00000000c002133a                FAT::unlink(char const*)
                0x00000000c00213b4                FAT::chfatattr(char const*, unsigned char, unsigned char)
                0x00000000c0021508                FAT::rename(char const*, char const*)
                0x00000000c00215cc                FAT::mkdir(char const*)
                0x00000000c0021646                FAT::exists(char const*)
 *fill*         0x00000000c00216b1        0x1 
 .text          0x00000000c00216b2      0xbc1 fs/iso9660/vfslink.32
                0x00000000c00216b2                ISO9660::format(LogicalDisk*, int, char const*, int)
                0x00000000c00216b8                ISO9660::seek(void*, unsigned long long)
                0x00000000c00216e8                ISO9660::tell(void*, unsigned long long*)
                0x00000000c002170c                ISO9660::getName()
                0x00000000c0021712                ISO9660::stat(void*, unsigned long long*)
                0x00000000c0021736                ISO9660::chfatattr(char const*, unsigned char, unsigned char)
                0x00000000c002173c                ISO9660::unlink(char const*)
                0x00000000c0021742                ISO9660::write(void*, unsigned long, void*, int*)
                0x00000000c0021748                ISO9660::rename(char const*, char const*)
                0x00000000c002174e                ISO9660::mkdir(char const*)
                0x00000000c0021754                ISO9660::close(void*)
                0x00000000c0021776                ISO9660::closeDir(void*)
                0x00000000c0021798                ISO9660::~ISO9660()
                0x00000000c0021798                ISO9660::~ISO9660()
                0x00000000c00217bc                ISO9660::~ISO9660()
                0x00000000c00217e3                __memmem(unsigned char*, int, unsigned char*, int)
                0x00000000c0021825                readSectorFromCDROM(unsigned int, unsigned char*, char)
                0x00000000c002188c                ISO9660::tryMount(LogicalDisk*, int)
                0x00000000c00218dc                ISO9660::read(void*, unsigned long, void*, int*)
                0x00000000c0021adc                ISO9660::readDir(void*, unsigned long, void*, int*)
                0x00000000c0021d69                readRoot(unsigned int*, unsigned int*, char)
                0x00000000c0021dbe                readRecursively(char*, unsigned int, unsigned int, unsigned int*, unsigned int*, char, int*)
                0x00000000c0021f91                getFileData(char*, unsigned int*, unsigned int*, char, int*)
                0x00000000c0022020                ISO9660::open(char const*, void**, FileOpenMode)
                0x00000000c00220e0                ISO9660::exists(char const*)
                0x00000000c0022104                ISO9660::stat(char const*, unsigned long long*, bool*)
                0x00000000c0022198                ISO9660::openDir(char const*, void**)
                0x00000000c0022250                ISO9660::ISO9660()
                0x00000000c0022250                ISO9660::ISO9660()
 *fill*         0x00000000c0022273        0x1 
 .text          0x00000000c0022274      0x326 hal/sound/sndchannel.32
                0x00000000c0022274                SoundChannel::~SoundChannel()
                0x00000000c0022274                SoundChannel::~SoundChannel()
                0x00000000c0022290                SoundChannel::setSpeed(float)
                0x00000000c002229c                SoundChannel::getSpeed()
                0x00000000c00222a4                SoundChannel::setVolume(int)
                0x00000000c00222c0                SoundChannel::getVolume()
                0x00000000c00222c8                SoundChannel::pause()
                0x00000000c00222d2                SoundChannel::SoundChannel(int, int, int, int)
                0x00000000c00222d2                SoundChannel::SoundChannel(int, int, int, int)
                0x00000000c0022428                SoundChannel::play()
                0x00000000c0022432                SoundChannel::paused()
                0x00000000c002243a                SoundChannel::getSampleRate()
                0x00000000c0022442                SoundChannel::getBits()
                0x00000000c002244a                SoundChannel::getBufferUsed()
                0x00000000c0022452                SoundChannel::getBufferSize()
                0x00000000c002245a                SoundChannel::unbuffer(float*, int, int)
                0x00000000c00224fa                SoundChannel::buffer8(unsigned char*, int)
 .text          0x00000000c002259a      0x3d5 hal/sound/sndhw.32
                0x00000000c002259a                SoundDevice::SoundDevice(char const*)
                0x00000000c002259a                SoundDevice::SoundDevice(char const*)
                0x00000000c0022606                SoundDevice::~SoundDevice()
                0x00000000c0022606                SoundDevice::~SoundDevice()
                0x00000000c0022680                SoundDevice::~SoundDevice()
                0x00000000c00226aa                SoundDevice::getFreeChannelNum()
                0x00000000c00226c4                SoundDevice::addChannel(SoundChannel*)
                0x00000000c0022734                SoundDevice::removeChannel(int)
                0x00000000c0022766                SoundDevice::floatTo8(float*, unsigned char*, int)
                0x00000000c002284e                SoundDevice::getAudio(int, float*, float*)
 .text          0x00000000c002296f        0x0 hw/bus/isa.32
 *fill*         0x00000000c002296f        0x1 
 .text          0x00000000c0022970      0x6c3 hw/bus/pci.32
                0x00000000c0022970                PCI::open(int, int, void*)
                0x00000000c0022984                PCI::close(int, int, void*)
                0x00000000c0022988                PCI::PCI()
                0x00000000c0022988                PCI::PCI()
                0x00000000c0022a08                PCI::pciReadWord(unsigned char, unsigned char, unsigned char, unsigned char)
                0x00000000c0022a50                PCI::getVendorID(unsigned char, unsigned char, unsigned char)
                0x00000000c0022a72                PCI::getHeaderType(unsigned char, unsigned char, unsigned char)
                0x00000000c0022a96                PCI::getClassCode(unsigned char, unsigned char, unsigned char)
                0x00000000c0022ada                PCI::getProgIF(unsigned char, unsigned char, unsigned char)
                0x00000000c0022afe                PCI::getRevisionID(unsigned char, unsigned char, unsigned char)
                0x00000000c0022b20                PCI::getInterruptNumber(unsigned char, unsigned char, unsigned char)
                0x00000000c0022b42                PCI::getSecondaryBus(unsigned char, unsigned char, unsigned char)
                0x00000000c0022b66                PCI::getBARAddress(unsigned char, unsigned char, unsigned char, unsigned char)
                0x00000000c0022bc6                PCI::pciWriteWord(unsigned char, unsigned char, unsigned char, unsigned char, unsigned short)
                0x00000000c0022c32                PCI::checkBus(unsigned char)
                0x00000000c0022c56                PCI::foundDevice(PCIDeviceInfo)
                0x00000000c0022dc8                PCI::getDeviceData(unsigned char, unsigned char, unsigned char)
                0x00000000c0022f74                PCI::checkDevice(unsigned char, unsigned char)
                0x00000000c0022fe0                PCI::detect()
 *fill*         0x00000000c0023033        0x1 
 .text          0x00000000c0023034      0xc70 hw/diskctrl/ide.32
                0x00000000c0023034                IDE::close(int, int, void*)
                0x00000000c0023038                IDE::IDE()
                0x00000000c0023038                IDE::IDE()
                0x00000000c002306c                IDE::prepareInterrupt(unsigned char)
                0x00000000c002307e                selectDrive(unsigned char, unsigned char)
                0x00000000c0023080                IDE::getBase(unsigned char)
                0x00000000c0023092                IDE::write(unsigned char, unsigned char, unsigned char)
                0x00000000c0023152                IDE::read(unsigned char, unsigned char)
                0x00000000c0023200                IDE::waitInterrupt(unsigned char)
                0x00000000c0023266                ideChannel0IRQHandler(regs*, void*)
                0x00000000c0023282                ideChannel1IRQHandler(regs*, void*)
                0x00000000c002329e                IDE::enableIRQs(unsigned char, bool)
                0x00000000c00232e4                IDE::open(int, int, void*)
                0x00000000c00236f4                IDE::readBuffer(unsigned char, unsigned char, unsigned int, unsigned int)
                0x00000000c00237c0                IDE::detect()
                0x00000000c0023aa8                IDE::printError(unsigned char, unsigned char, unsigned char)
                0x00000000c0023c3e                IDE::polling(unsigned char, unsigned int)
 .text          0x00000000c0023ca4      0x390 hw/diskctrl/satabus.32
                0x00000000c0023ca4                SATABus::close(int, int, void*)
                0x00000000c0023ca8                SATABus::detect()
                0x00000000c0023caa                SATABus::SATABus()
                0x00000000c0023caa                SATABus::SATABus()
                0x00000000c0023d56                SATABus::findCmdslot(SATABus::tagHBA_PORT volatile*)
                0x00000000c0023d9e                SATABus::checkType(SATABus::tagHBA_PORT volatile*)
                0x00000000c0023de6                SATABus::startCmd(SATABus::tagHBA_PORT volatile*)
                0x00000000c0023e06                SATABus::stopCmd(SATABus::tagHBA_PORT volatile*)
                0x00000000c0023e30                SATABus::portRebase(SATABus::tagHBA_PORT volatile*, int)
                0x00000000c0023f36                SATABus::probePort(SATABus::tagHBA_MEM volatile*)
                0x00000000c0024014                SATABus::open(int, int, void*)
 .text          0x00000000c0024034      0x63c hw/diskphys/ata.32
                0x00000000c0024034                ATA::close(int, int, void*)
                0x00000000c0024058                ATA::powerSaving(PowerSavingLevel)
                0x00000000c002405a                ATA::ATA()
                0x00000000c002405a                ATA::ATA()
                0x00000000c0024088                ATA::flush(bool)
                0x00000000c00240d2                ATA::readyForCommand()
                0x00000000c0024122                ATA::access(unsigned long long, int, void*, bool)
                0x00000000c00244aa                ATA::read(unsigned long long, int, void*)
                0x00000000c0024512                ATA::write(unsigned long long, int, void*)
                0x00000000c002457a                ATA::detectCHS()
                0x00000000c00245a4                ATA::open(int, int, void*)
 .text          0x00000000c0024670      0x5bd hw/diskphys/atapi.32
                0x00000000c0024670                ATAPI::write(unsigned long long, int, void*)
                0x00000000c0024676                ATAPI::close(int, int, void*)
                0x00000000c002469a                ATAPI::ATAPI()
                0x00000000c002469a                ATAPI::ATAPI()
                0x00000000c00246c8                ATAPI::readyForCommand()
                0x00000000c0024718                ATAPI::sendPacket(unsigned char*, int, bool, unsigned short*, int)
                0x00000000c00249d8                ATAPI::diskRemoved()
                0x00000000c00249f4                ATAPI::eject()
                0x00000000c0024a3c                ATAPI::diskInserted()
                0x00000000c0024a6a                ATAPI::detectMedia()
                0x00000000c0024b26                ATAPI::open(int, int, void*)
                0x00000000c0024bae                ATAPI::read(unsigned long long, int, void*)
 *fill*         0x00000000c0024c2d        0x1 
 .text          0x00000000c0024c2e      0x455 hw/diskphys/sata.32
                0x00000000c0024c2e                SATA::close(int, int, void*)
                0x00000000c0024c52                SATA::powerSaving(PowerSavingLevel)
                0x00000000c0024c54                SATA::open(int, int, void*)
                0x00000000c0024d02                SATA::SATA()
                0x00000000c0024d02                SATA::SATA()
                0x00000000c0024d30                SATA::access(unsigned long long, int, void*, bool)
                0x00000000c0024f96                SATA::read(unsigned long long, int, void*)
                0x00000000c0024ffe                SATA::write(unsigned long long, int, void*)
 *fill*         0x00000000c0025083        0x1 
 .text          0x00000000c0025084      0x500 hw/diskphys/satapi.32
                0x00000000c0025084                SATAPI::write(unsigned long long, int, void*)
                0x00000000c002508a                SATAPI::close(int, int, void*)
                0x00000000c00250ae                SATAPI::SATAPI()
                0x00000000c00250ae                SATAPI::SATAPI()
                0x00000000c00250dc                SATAPI::diskRemoved()
                0x00000000c00250f8                SATAPI::diskInserted()
                0x00000000c0025126                SATAPI::sendPacket(unsigned char*, int, unsigned long long, unsigned short*, int)
                0x00000000c002532a                SATAPI::eject()
                0x00000000c0025372                SATAPI::detectMedia()
                0x00000000c0025434                SATAPI::open(int, int, void*)
                0x00000000c00254e2                SATAPI::read(unsigned long long, int, void*)
 .text          0x00000000c0025584       0x8e hw/fpu/avx.32
                0x00000000c0025584                AVX::open(int, int, void*)
                0x00000000c0025596                AVX::close(int, int, void*)
                0x00000000c00255a8                AVX::available()
                0x00000000c00255ba                AVX::save(void*)
                0x00000000c00255d2                AVX::load(void*)
                0x00000000c00255ea                AVX::AVX()
                0x00000000c00255ea                AVX::AVX()
 .text          0x00000000c0025612       0x90 hw/fpu/mmx.32
                0x00000000c0025612                MMX::available()
                0x00000000c0025626                MMX::open(int, int, void*)
                0x00000000c0025638                MMX::close(int, int, void*)
                0x00000000c002564a                MMX::save(void*)
                0x00000000c0025662                MMX::load(void*)
                0x00000000c002567a                MMX::MMX()
                0x00000000c002567a                MMX::MMX()
 .text          0x00000000c00256a2       0x96 hw/fpu/sse.32
                0x00000000c00256a2                SSE::open(int, int, void*)
                0x00000000c00256b4                SSE::close(int, int, void*)
                0x00000000c00256c6                SSE::available()
                0x00000000c00256e0                SSE::save(void*)
                0x00000000c00256f8                SSE::load(void*)
                0x00000000c0025710                SSE::SSE()
                0x00000000c0025710                SSE::SSE()
 .text          0x00000000c0025738       0x8e hw/fpu/x87.32
                0x00000000c0025738                x87::open(int, int, void*)
                0x00000000c002574a                x87::close(int, int, void*)
                0x00000000c002575c                x87::available()
                0x00000000c002576e                x87::save(void*)
                0x00000000c0025786                x87::load(void*)
                0x00000000c002579e                x87::x87()
                0x00000000c002579e                x87::x87()
 .text          0x00000000c00257c6      0x71e hw/intctrl/apic.32
                0x00000000c00257c6                APIC::disable()
                0x00000000c00257c8                APIC::close(int, int, void*)
                0x00000000c00257ea                IOAPIC::close(int, int, void*)
                0x00000000c00257f0                APIC::io_wait()
                0x00000000c00257f6                APIC::getBase()
                0x00000000c0025838                APIC::eoi(unsigned char)
                0x00000000c0025866                APIC::open(int, int, void*)
                0x00000000c00259b4                IOAPIC::IOAPIC()
                0x00000000c00259b4                IOAPIC::IOAPIC()
                0x00000000c00259dc                APIC::APIC()
                0x00000000c00259dc                APIC::APIC()
                0x00000000c0025ab8                IOAPIC::handlesGSIWithNumber(unsigned int)
                0x00000000c0025aea                IOAPIC::read(int)
                0x00000000c0025b12                IOAPIC::open(int, int, void*)
                0x00000000c0025c08                IOAPIC::write(int, int)
                0x00000000c0025c34                IOAPIC::redirect(unsigned char, unsigned long long, unsigned char, bool, bool)
                0x00000000c0025d2e                APIC::installIRQHandler(int, void (*)(regs*, void*), bool, void*)
 .text          0x00000000c0025ee4      0x3d3 hw/intctrl/pic.32
                0x00000000c0025ee4                PIC::disable()
                0x00000000c0025f12                PIC::close(int, int, void*)
                0x00000000c0025f34                PIC::PIC()
                0x00000000c0025f34                PIC::PIC()
                0x00000000c002600a                PIC::ioWait()
                0x00000000c0026010                PIC::getIRQReg(int)
                0x00000000c002607a                PIC::eoi(unsigned char)
                0x00000000c002610c                PIC::remap()
                0x00000000c0026278                PIC::open(int, int, void*)
 *fill*         0x00000000c00262b7        0x1 
 .text          0x00000000c00262b8      0x25e hw/timer/apictimer.32
                0x00000000c00262b8                APICTimer::close(int, int, void*)
                0x00000000c00262be                apicTimerHandler(regs*, void*)
                0x00000000c00262ec                APICTimer::write(int)
                0x00000000c00263f0                APICTimer::open(int, int, void*)
                0x00000000c00264ee                APICTimer::APICTimer()
                0x00000000c00264ee                APICTimer::APICTimer()
 .text          0x00000000c0026516      0x1a7 hw/timer/pit.32
                0x00000000c0026516                PIT::write(int)
                0x00000000c0026594                pitHandler(regs*, void*)
                0x00000000c00265c0                PIT::open(int, int, void*)
                0x00000000c002660e                PIT::close(int, int, void*)
                0x00000000c002663e                PIT::PIT()
                0x00000000c002663e                PIT::PIT()
 *fill*         0x00000000c00266bd        0x3 
 .text          0x00000000c00266c0       0x1e hw/fpu/x86/avx.32
                0x00000000c00266c0                avxDetect
                0x00000000c00266c6                avxSave
                0x00000000c00266c7                avxLoad
                0x00000000c00266c8                avxInit
                0x00000000c00266c9                avxClose
                0x00000000c00266ca                wouldSheSayYes
 *fill*         0x00000000c00266de        0x2 
 .text          0x00000000c00266e0       0x35 hw/fpu/x86/sse.32
                0x00000000c00266e0                absolutelyNoChanceInHell
                0x00000000c00266e0                sseDetect
                0x00000000c00266f8                sseSave
                0x00000000c00266fe                sseLoad
                0x00000000c0026704                sseInit
                0x00000000c0026714                sseClose
 *fill*         0x00000000c0026715        0xb 
 .text          0x00000000c0026720       0x47 hw/fpu/x86/x87.32
                0x00000000c0026726                x87Detect
                0x00000000c0026741                x87Save
                0x00000000c0026747                x87Load
                0x00000000c002674c                x87Init
                0x00000000c0026766                x87Close
 *fill*         0x00000000c0026767        0x1 
 .text          0x00000000c0026768       0x25 /cygdrive/d/Users/Alex/Desktop/Toolchain/Output/bin/../lib/gcc/i386-banana/8.1.0/crtend.o
 .text          0x00000000c002678d        0x0 crtn.32
 *fill*         0x00000000c002678d        0x3 
 .text          0x00000000c0026790      0x14b /cygdrive/d/Users/Alex/Desktop/Toolchain/Output/bin/../lib/gcc/i386-banana/8.1.0/libkgcc.a(_divdi3.o)
                0x00000000c0026790                __divdi3
 *fill*         0x00000000c00268db        0x1 
 .text          0x00000000c00268dc      0x17e /cygdrive/d/Users/Alex/Desktop/Toolchain/Output/bin/../lib/gcc/i386-banana/8.1.0/libkgcc.a(_moddi3.o)
                0x00000000c00268dc                __moddi3
 *fill*         0x00000000c0026a5a        0x2 
 .text          0x00000000c0026a5c       0xff /cygdrive/d/Users/Alex/Desktop/Toolchain/Output/bin/../lib/gcc/i386-banana/8.1.0/libkgcc.a(_udivdi3.o)
                0x00000000c0026a5c                __udivdi3
 *fill*         0x00000000c0026b5b        0x1 
 .text          0x00000000c0026b5c      0x11a /cygdrive/d/Users/Alex/Desktop/Toolchain/Output/bin/../lib/gcc/i386-banana/8.1.0/libkgcc.a(_umoddi3.o)
                0x00000000c0026b5c                __umoddi3
 .text          0x00000000c0026c76      0x96d D:/Users/Alex/Desktop/Banana/kernel/libsoftfp.a(sfieeelib.o)
                0x00000000c0026c76                __addsf3
                0x00000000c0026f78                __subsf3
                0x00000000c0026f8c                __negsf2
                0x00000000c0026f99                __mulsf3
                0x00000000c002715c                __divsf3
                0x00000000c0027387                __floatsisf
                0x00000000c00273fb                __floatunsisf
                0x00000000c002743d                __fixsfsi
                0x00000000c002749f                __fixunssfsi
                0x00000000c00274d0                __cmpsf2
                0x00000000c0027565                __eqsf2
                0x00000000c00275a0                __nesf2