Archive member included to satisfy reference by file (symbol)

/cygdrive/d/Users/Alex/Desktop/Toolchain/Output/bin/../lib/gcc/i386-banana/8.1.0/libkgcc.a(_divdi3.o)
                              krnl/resolve.32 (__divdi3)
/cygdrive/d/Users/Alex/Desktop/Toolchain/Output/bin/../lib/gcc/i386-banana/8.1.0/libkgcc.a(_moddi3.o)
                              krnl/resolve.32 (__moddi3)
/cygdrive/d/Users/Alex/Desktop/Toolchain/Output/bin/../lib/gcc/i386-banana/8.1.0/libkgcc.a(_udivdi3.o)
                              hal/clock.32 (__udivdi3)
/cygdrive/d/Users/Alex/Desktop/Toolchain/Output/bin/../lib/gcc/i386-banana/8.1.0/libkgcc.a(_umoddi3.o)
                              core/pipe.32 (__umoddi3)

Allocating common symbols
Common symbol       size              file

dcache              0x40              fs/iso9660/iso9660.32
cdDriveLetter       0x1               fs/iso9660/iso9660.32
icache              0x40              fs/iso9660/iso9660.32

Discarded input sections

 .comment       0x0000000000000000       0x12 /cygdrive/d/Users/Alex/Desktop/Toolchain/Output/bin/../lib/gcc/i386-banana/8.1.0/crtbegin.o
 .comment       0x0000000000000000       0x12 acpica/utclib.32
 .comment       0x0000000000000000       0x12 core/malloc.32
 .comment       0x0000000000000000       0x12 libk/ctype.32
 .comment       0x0000000000000000       0x12 libk/string.32
 .comment       0x0000000000000000       0x12 fs/fat/diskio.32
 .comment       0x0000000000000000       0x12 fs/fat/ff.32
 .comment       0x0000000000000000       0x12 fs/fat/ffsystem.32
 .comment       0x0000000000000000       0x12 fs/fat/ffunicode.32
 .comment       0x0000000000000000       0x12 fs/iso9660/iso9660.32
 .group         0x0000000000000000       0x14 core/computer.32
 .group         0x0000000000000000        0xc core/computer.32
 .comment       0x0000000000000000       0x12 core/computer.32
 .comment       0x0000000000000000       0x12 core/gdt.32
 .group         0x0000000000000000        0xc core/idle.32
 .comment       0x0000000000000000       0x12 core/idle.32
 .comment       0x0000000000000000       0x12 core/idt.32
 .comment       0x0000000000000000       0x12 core/kheap.32
 .comment       0x0000000000000000       0x12 core/main.32
 .comment       0x0000000000000000       0x12 core/physmgr.32
 .group         0x0000000000000000        0xc core/pipe.32
 .comment       0x0000000000000000       0x12 core/pipe.32
 .group         0x0000000000000000        0xc core/terminal.32
 .comment       0x0000000000000000       0x12 core/terminal.32
 .comment       0x0000000000000000       0x12 core/tss.32
 .group         0x0000000000000000        0x8 core/unixfile.32
 .group         0x0000000000000000        0x8 core/unixfile.32
 .group         0x0000000000000000        0xc core/unixfile.32
 .group         0x0000000000000000        0x8 core/unixfile.32
 .group         0x0000000000000000        0xc core/unixfile.32
 .group         0x0000000000000000        0x8 core/unixfile.32
 .group         0x0000000000000000        0xc core/unixfile.32
 .group         0x0000000000000000        0xc core/unixfile.32
 .comment       0x0000000000000000       0x12 core/unixfile.32
 .comment       0x0000000000000000       0x12 core/virtmgr.32
 .comment       0x0000000000000000       0x12 coreobjs/c++.32
 .comment       0x0000000000000000       0x12 dbg/kconsole.32
 .comment       0x0000000000000000       0x12 dbg/usban.32
 .comment       0x0000000000000000       0x12 fs/symlink.32
 .group         0x0000000000000000        0xc fs/vfs.32
 .group         0x0000000000000000        0xc fs/vfs.32
 .group         0x0000000000000000        0xc fs/vfs.32
 .comment       0x0000000000000000       0x12 fs/vfs.32
 .group         0x0000000000000000        0xc hal/bus.32
 .comment       0x0000000000000000       0x12 hal/bus.32
 .comment       0x0000000000000000       0x12 hal/buzzer.32
 .group         0x0000000000000000        0xc hal/clock.32
 .comment       0x0000000000000000       0x12 hal/clock.32
 .group         0x0000000000000000       0x14 hal/device.32
 .group         0x0000000000000000        0xc hal/device.32
 .group         0x0000000000000000        0x8 hal/device.32
 .group         0x0000000000000000        0xc hal/device.32
 .group         0x0000000000000000        0xc hal/device.32
 .comment       0x0000000000000000       0x12 hal/device.32
 .group         0x0000000000000000        0xc hal/diskctrl.32
 .comment       0x0000000000000000       0x12 hal/diskctrl.32
 .group         0x0000000000000000        0xc hal/diskphys.32
 .comment       0x0000000000000000       0x12 hal/diskphys.32
 .comment       0x0000000000000000       0x12 hal/fpu.32
 .comment       0x0000000000000000       0x12 hal/intctrl.32
 .group         0x0000000000000000        0xc hal/keybrd.32
 .comment       0x0000000000000000       0x12 hal/keybrd.32
 .group         0x0000000000000000        0xc hal/logidisk.32
 .comment       0x0000000000000000       0x12 hal/logidisk.32
[...]
Memory Configuration

Name             Origin             Length             Attributes
*default*        0x0000000000000000 0xffffffffffffffff

Linker script and memory map

LOAD D:/Users/Alex/Desktop/Banana/kernel/boot.32
LOAD crti.32
LOAD /cygdrive/d/Users/Alex/Desktop/Toolchain/Output/bin/../lib/gcc/i386-banana/8.1.0/crtbegin.o
LOAD D:/Users/Alex/Desktop/Banana/kernel/morenasm.32
LOAD acpica/utclib.32
LOAD core/malloc.32
LOAD libk/ctype.32
LOAD libk/string.32
LOAD fs/fat/diskio.32
LOAD fs/fat/ff.32
LOAD fs/fat/ffsystem.32
LOAD fs/fat/ffunicode.32
LOAD fs/iso9660/iso9660.32
LOAD core/computer.32
LOAD core/gdt.32
LOAD core/idle.32
LOAD core/idt.32
LOAD core/kheap.32
LOAD core/main.32
LOAD core/physmgr.32
LOAD core/pipe.32
LOAD core/terminal.32
LOAD core/tss.32
LOAD core/unixfile.32
LOAD core/virtmgr.32
LOAD coreobjs/c++.32
LOAD dbg/kconsole.32
LOAD dbg/usban.32
LOAD fs/symlink.32
LOAD fs/vfs.32
LOAD hal/bus.32
LOAD hal/buzzer.32
LOAD hal/clock.32
LOAD hal/device.32
LOAD hal/diskctrl.32
LOAD hal/diskphys.32
LOAD hal/fpu.32
LOAD hal/intctrl.32
LOAD hal/keybrd.32
LOAD hal/logidisk.32
LOAD hal/mouse.32
LOAD hal/nic.32
LOAD hal/partition.32
LOAD hal/serial.32
LOAD hal/timer.32
LOAD hal/vcache.32
LOAD hal/video.32
LOAD hw/acpi.32
LOAD hw/cpu.32
LOAD krnl/atexit.32
LOAD krnl/bootmsg.32
LOAD krnl/compat.32
LOAD krnl/env.32
LOAD krnl/inlines.32
LOAD krnl/panic.32
LOAD krnl/powctrl.32
LOAD krnl/random.32
LOAD krnl/resolve.32
LOAD krnl/signal.32
LOAD krnl/syscalls.32
LOAD net/ethernet.32
LOAD reg/cm.32
LOAD reg/registry.32
LOAD sys/eject.32
LOAD sys/exit.32
LOAD sys/getcwd.32
LOAD sys/getpid.32
LOAD sys/getramdata.32
LOAD sys/getvgaptr.32
LOAD sys/kill.32
LOAD sys/loaddll.32
LOAD sys/read.32
LOAD sys/registersignal.32
LOAD sys/registry.32
LOAD sys/sbrk.32
LOAD sys/setcwd.32
LOAD sys/settime.32
LOAD sys/timezone.32
LOAD sys/truncate.32
LOAD sys/write.32
LOAD sys/wsbe.32
LOAD sys/yield.32
LOAD thr/elf.32
LOAD thr/prcssthr.32
LOAD vm86/vm8086.32
LOAD arch/i386/hal.32
LOAD arch/i386/pic.32
LOAD arch/i386/rtc.32
LOAD arch/i386/vga.32
LOAD fs/fat/vfslink.32
LOAD fs/iso9660/helper.32
LOAD fs/iso9660/vfslink.32
LOAD hal/sound/sndcard.32
LOAD hal/sound/sndport.32
LOAD hw/bus/isa.32
LOAD hw/bus/pci.32
LOAD hw/diskctrl/ide.32
LOAD hw/diskctrl/satabus.32
LOAD hw/diskphys/ata.32
LOAD hw/diskphys/atapi.32
LOAD hw/diskphys/sata.32
LOAD hw/diskphys/satapi.32
LOAD hw/intctrl/apic.32
LOAD hw/timer/apictimer.32
LOAD hw/timer/pit.32
LOAD arch/i386/avx.32
LOAD arch/i386/interrupt.32
LOAD arch/i386/rdrand.32
LOAD arch/i386/sse.32
LOAD arch/i386/x87.32
LOAD /cygdrive/d/Users/Alex/Desktop/Toolchain/Output/bin/../lib/gcc/i386-banana/8.1.0/crtend.o
LOAD crtn.32
LOAD /cygdrive/d/Users/Alex/Desktop/Toolchain/Output/bin/../lib/gcc/i386-banana/8.1.0/libkgcc.a
LOAD D:/Users/Alex/Desktop/Banana/kernel/libsoftfp.a
LOAD D:/Users/Alex/Desktop/Banana/kernel/libk/libm32.a
                0x00000000c0000000                . = 0xc0000000

.text           0x00000000c0000000    0x1f39a
 *(.text)
 .text          0x00000000c0000000       0x20 D:/Users/Alex/Desktop/Banana/kernel/boot.32
 .text          0x00000000c0000020        0x0 crti.32
 .text          0x00000000c0000020      0x101 /cygdrive/d/Users/Alex/Desktop/Toolchain/Output/bin/../lib/gcc/i386-banana/8.1.0/crtbegin.o
 *fill*         0x00000000c0000121        0xf 
 .text          0x00000000c0000130      0x24f D:/Users/Alex/Desktop/Banana/kernel/morenasm.32
                0x00000000c0000130                manualPCIProbe
                0x00000000c000017b                prepareTramp
                0x00000000c0000194                doTPAUSE
                0x00000000c000019e                hasLegacyFPU
                0x00000000c00001c3                is486
                0x00000000c00001f9                detectCPUID
                0x00000000c000020f                goToVM86
                0x00000000c000023f                goToUsermode
                0x00000000c0000269                switchToThreadASMFirstTime
                0x00000000c0000277                switchToThreadASM
                0x00000000c00002fc                asmQuickAcquireLock
                0x00000000c000031a                asmQuickReleaseLock
                0x00000000c0000326                asmAcquireLock
                0x00000000c0000347                asmReleaseLock
                0x00000000c000035a                loadGDT
                0x00000000c000037a                memcpy
 *fill*         0x00000000c000037f        0x1 
 .text          0x00000000c0000380      0x868 acpica/utclib.32
                0x00000000c0000380                memcmp
                0x00000000c00003d0                memmove
                0x00000000c00004f0                memset
                0x00000000c0000570                strlen
                0x00000000c00005a0                strpbrk
                0x00000000c00005f0                strtok
                0x00000000c0000640                strcpy
                0x00000000c0000680                strncpy
                0x00000000c0000750                strcmp
                0x00000000c00007a0                strchr
                0x00000000c00007e0                strncmp
                0x00000000c0000840                strcat
                0x00000000c0000870                strncat
                0x00000000c00008d0                strstr
                0x00000000c0000930                toupper
                0x00000000c0000950                tolower
                0x00000000c0000970                simple_strtoul
 .text          0x00000000c0000be8      0xfaa core/malloc.32
                0x00000000c0000d53                dlfree
                0x00000000c00010ab                dlmalloc
                0x00000000c00015e8                dlrealloc
                0x00000000c000178b                dlmemalign
                0x00000000c00018ae                dlcalloc
                0x00000000c0001948                dlcfree
                0x00000000c000194d                dlindependent_calloc
                0x00000000c0001972                dlindependent_comalloc
                0x00000000c0001989                dlvalloc
                0x00000000c00019b4                dlpvalloc
                0x00000000c00019ea                dlmalloc_trim
                0x00000000c00019f7                dlmalloc_usable_size
                0x00000000c0001a28                dlmallinfo
                0x00000000c0001af7                dlmalloc_stats
                0x00000000c0001b08                dlmallopt
 *fill*         0x00000000c0001b92        0x2 
 .text          0x00000000c0001b94      0x1f2 libk/ctype.32
                0x00000000c0001b94                isblank
                0x00000000c0001bb4                iscntrl
                0x00000000c0001bd4                isdigit
                0x00000000c0001bf0                islower
                0x00000000c0001c0c                isspace
                0x00000000c0001c34                isupper
                0x00000000c0001c50                isalpha
                0x00000000c0001c80                isalnum
                0x00000000c0001cb0                ispunct
                0x00000000c0001cf0                isgraph
                0x00000000c0001d20                isprint
                0x00000000c0001d48                isxdigit
 .text          0x00000000c0001d86        0x0 libk/string.32
 .text          0x00000000c0001d86       0x51 fs/fat/diskio.32
                0x00000000c0001d86                disk_status
                0x00000000c0001d89                disk_initialize
                0x00000000c0001d8c                disk_read
                0x00000000c0001da2                disk_write
                0x00000000c0001db8                disk_ioctl
 .text          0x00000000c0001dd7     0x3e46 fs/fat/ff.32
                0x00000000c0003bf8                f_mount
                0x00000000c0003c5a                f_open
                0x00000000c0003f1d                f_read
                0x00000000c000411c                f_write
                0x00000000c0004364                f_sync
                0x00000000c0004429                f_close
                0x00000000c0004458                f_lseek
                0x00000000c0004609                f_opendir
                0x00000000c00046d4                f_closedir
                0x00000000c00046f6                f_readdir
                0x00000000c0004788                f_stat
                0x00000000c0004807                f_getfree
                0x00000000c0004910                f_truncate
                0x00000000c00049fa                f_unlink
                0x00000000c0004b1c                f_mkdir
                0x00000000c0004cb7                f_rename
                0x00000000c0004e6f                f_chmod
                0x00000000c0004f1f                f_utime
                0x00000000c0004fcf                f_getlabel
                0x00000000c0005120                f_setlabel
                0x00000000c00052b0                f_expand
                0x00000000c000541d                f_mkfs
 *fill*         0x00000000c0005c1d        0x3 
 .text          0x00000000c0005c20       0x2f fs/fat/ffsystem.32
                0x00000000c0005c20                ff_memalloc
                0x00000000c0005c38                ff_memfree
 *fill*         0x00000000c0005c4f        0x1 
 .text          0x00000000c0005c50      0x2dc fs/fat/ffunicode.32
                0x00000000c0005c50                ff_uni2oem
                0x00000000c0005cf0                ff_oem2uni
                0x00000000c0005d68                ff_wtoupper
 .text          0x00000000c0005f2c      0xd32 fs/iso9660/iso9660.32
                0x00000000c0006177                isoReadDiscSector
                0x00000000c0006212                strnicmp
                0x00000000c00064c1                stricmp
                0x00000000c000650d                iso_open
                0x00000000c0006597                iso_close
                0x00000000c00065b5                iso_read
                0x00000000c00066cb                iso_seek
                0x00000000c000674f                iso_tell
                0x00000000c0006780                iso_total
                0x00000000c00067ab                fn_postprocess
                0x00000000c00067d2                iso_readdir
                0x00000000c0006a29                iso_reset
                0x00000000c0006a46                init_percd
                0x00000000c0006b40                iso_ioctl
                0x00000000c0006b58                fs_iso9660_init
                0x00000000c0006bee                fs_iso9660_shutdown
 .text          0x00000000c0006c5e      0x6c3 core/computer.32
                0x00000000c0006c5e                Computer::close(int, int, void*)
                0x00000000c0006ca8                Krnl::firstTask()
                0x00000000c0006de6                Computer::Computer()
                0x00000000c0006de6                Computer::Computer()
                0x00000000c0006e96                Computer::setBootMessage(char const*)
                0x00000000c0006e98                Computer::detectFeatures()
                0x00000000c00070be                Computer::displayFeatures()
                0x00000000c00070c0                Computer::rdmsr(unsigned int)
                0x00000000c00070ec                Computer::wrmsr(unsigned int, unsigned long long)
                0x00000000c0007128                Computer::shutdown()
                0x00000000c0007140                Computer::restart()
                0x00000000c0007158                Computer::sleep()
                0x00000000c000716c                Computer::nmiEnabled()
                0x00000000c0007178                Computer::readCMOS(unsigned char)
                0x00000000c0007196                Computer::enableNMI(bool)
                0x00000000c00071ae                Computer::open(int, int, void*)
                0x00000000c0007282                Computer::disableNMI()
                0x00000000c0007292                Computer::writeCMOS(unsigned char, unsigned char)
                0x00000000c00072b6                Computer::handleNMI()
 *fill*         0x00000000c0007321        0x1 
 .text          0x00000000c0007322      0x1db core/gdt.32
                0x00000000c0007322                GDTEntry::setBase(unsigned int)
                0x00000000c000733e                GDTEntry::setLimit(unsigned int)
                0x00000000c000735c                GDT::GDT()
                0x00000000c000735c                GDT::GDT()
                0x00000000c0007372                GDT::addEntry(GDTEntry)
                0x00000000c0007394                GDT::getNumberOfEntries()
                0x00000000c000739c                GDT::flush()
                0x00000000c00073be                GDT::setup()
 .text          0x00000000c00074fd       0x1d core/idle.32
                0x00000000c00074fd                idleFunction(void*)
 *fill*         0x00000000c000751a        0x2 
 .text          0x00000000c000751c      0x46c core/idt.32
                0x00000000c000751c                IDTEntry::IDTEntry(bool)
                0x00000000c000751c                IDTEntry::IDTEntry(bool)
                0x00000000c0007596                IDTEntry::setOffset(unsigned int)
                0x00000000c00075ac                IDT::IDT()
                0x00000000c00075ac                IDT::IDT()
                0x00000000c00075ae                IDT::getPointerToInvalidOpcodeEntryForF00F()
                0x00000000c00075b6                IDT::addEntry(IDTEntry, int)
                0x00000000c00075d0                IDT::addEntry(int, void (*)(), bool)
                0x00000000c0007608                IDT::flush()
                0x00000000c0007622                IDT::setup()
 .text          0x00000000c0007988      0x188 core/kheap.32
                0x00000000c0007988                sbrk
                0x00000000c0007a1f                mmap
                0x00000000c0007a35                munmap
                0x00000000c0007a4b                liballoc_lock()
                0x00000000c0007a59                liballoc_unlock()
                0x00000000c0007a6f                liballoc_alloc(int)
                0x00000000c0007a87                liballoc_free(void*, int)
                0x00000000c0007aa2                realloc
                0x00000000c0007ab6                malloc
                0x00000000c0007ac6                free
                0x00000000c0007ad6                rfree
                0x00000000c0007ae6                calloc
 .text          0x00000000c0007b10       0xc7 core/main.32
                0x00000000c0007b10                KeEntryPoint
 .text          0x00000000c0007bd7      0x644 core/physmgr.32
                0x00000000c0007bd7                Phys::allocateDMA(unsigned long)
                0x00000000c0007cbf                Phys::freeDMA(unsigned long, unsigned long)
                0x00000000c0007cfa                Phys::setPageState(unsigned long, bool)
                0x00000000c0007d3a                Phys::getPageState(unsigned long)
                0x00000000c0007d56                Phys::freePage(unsigned long)
                0x00000000c0007dbf                Phys::allocatePage()
                0x00000000c0007e8e                Phys::allocateContiguousPages(int)
                0x00000000c0007ef5                Phys::allowSegmentToBeUsed(unsigned long, unsigned long)
                0x00000000c0007f2d                Phys::physicalMemorySetup(unsigned int)
 *fill*         0x00000000c000821b        0x1 
 .text          0x00000000c000821c      0x273 core/pipe.32
                0x00000000c000821c                Pipe::isAtty()
                0x00000000c0008220                Pipe::~Pipe()
                0x00000000c0008220                Pipe::~Pipe()
                0x00000000c0008244                Pipe::~Pipe()
                0x00000000c000826c                Pipe::write(unsigned long long, void*, int*)
                0x00000000c000832c                Pipe::read(unsigned long long, void*, int*)
                0x00000000c0008428                Pipe::Pipe(int)
                0x00000000c0008428                Pipe::Pipe(int)
 *fill*         0x00000000c000848f        0x1 
 .text          0x00000000c0008490      0xab3 core/terminal.32
                0x00000000c0008490                VgaText::isAtty()
                0x00000000c0008494                VgaText::~VgaText()
                0x00000000c0008494                VgaText::~VgaText()
                0x00000000c00084b8                VgaText::~VgaText()
                0x00000000c00084e2                VgaText::read(unsigned long long, void*, int*)
                0x00000000c0008502                setTerminalScrollLock(bool)
                0x00000000c0008503                doTerminalCycle()
                0x00000000c0008504                addToTerminalCycle(VgaText*)
                0x00000000c0008505                scrollTerminalScrollLock(int)
                0x00000000c0008506                VgaText::updateTitle()
                0x00000000c0008508                VgaText::load()
                0x00000000c000850a                VgaText::updateCursor()
                0x00000000c0008520                VgaText::doANSI_SGR(int)
                0x00000000c0008594                VgaText::setDefaultBgColour(VgaColour)
                0x00000000c00085a4                VgaText::setDefaultFgColour(VgaColour)
                0x00000000c00085b4                VgaText::setDefaultColours(VgaColour, VgaColour)
                0x00000000c00085d4                VgaText::setTitleTextColour(VgaColour)
                0x00000000c00085e0                VgaText::setTitleColour(VgaColour)
                0x00000000c00085ec                VgaText::setTitle(char*)
                0x00000000c00085ee                VgaText::combineColours(unsigned char, unsigned char)
                0x00000000c0008600                VgaText::scrollScreen()
                0x00000000c0008692                VgaText::combineCharAndColour(char, unsigned char)
                0x00000000c00086a2                VgaText::writeCharacter(char, VgaColour, VgaColour, int, int)
                0x00000000c0008732                VgaText::getCursorX()
                0x00000000c000873a                VgaText::getCursorY()
                0x00000000c0008742                VgaText::setCursor(int, int)
                0x00000000c0008759                setActiveTerminal(VgaText*)
                0x00000000c00087a4                VgaText::clearScreen()
                0x00000000c00087f2                VgaText::setCursorX(int)
                0x00000000c000880a                VgaText::setCursorY(int)
                0x00000000c0008822                VgaText::incrementCursor(bool)
                0x00000000c0008876                VgaText::decrementCursor(bool)
                0x00000000c0008898                VgaText::putchar(char, VgaColour, VgaColour)
                0x00000000c0008968                VgaText::putchar(char)
                0x00000000c0008a60                VgaText::putx(unsigned int)
                0x00000000c0008aa6                VgaText::puts(char const*)
                0x00000000c0008acc                VgaText::write(unsigned long long, void*, int*)
                0x00000000c0008b18                VgaText::puts(char const*, VgaColour, VgaColour)
                0x00000000c0008c66                VgaText::VgaText(char const*)
                0x00000000c0008c66                VgaText::VgaText(char const*)
                0x00000000c0008db6                VgaText::receiveKey(unsigned char)
                0x00000000c0008f42                VgaText::doUpdate()
 *fill*         0x00000000c0008f43        0x1 
 .text          0x00000000c0008f44      0x1a1 core/tss.32
                0x00000000c0008f44                TSS::TSS()
                0x00000000c0008f44                TSS::TSS()
                0x00000000c0008f54                TSS::setESP(unsigned long)
                0x00000000c0008f68                TSS::flush()
                0x00000000c0008f88                TSS::setup(unsigned long, unsigned long)
 *fill*         0x00000000c00090e5        0x1 
 .text          0x00000000c00090e6      0x4ca core/unixfile.32
                0x00000000c00090e6                ReservedFilename::read(unsigned long long, void*, int*)
                0x00000000c000913c                ReservedFilename::isAtty()
                0x00000000c0009158                ReservedFilename::write(unsigned long long, void*, int*)
                0x00000000c00091b6                UnixFile::getFileDescriptor()
                0x00000000c00091be                UnixFile::UnixFile(int)
                0x00000000c00091be                UnixFile::UnixFile(int)
                0x00000000c0009372                ReservedFilename::ReservedFilename(int)
                0x00000000c0009372                ReservedFilename::ReservedFilename(int)
                0x00000000c00093a4                UnixFile::~UnixFile()
                0x00000000c00093a4                UnixFile::~UnixFile()
                0x00000000c0009440                UnixFile::~UnixFile()
                0x00000000c0009468                ReservedFilename::~ReservedFilename()
                0x00000000c0009468                ReservedFilename::~ReservedFilename()
                0x00000000c000948c                ReservedFilename::~ReservedFilename()
                0x00000000c00094b3                KeGetFileFromDescriptor(int)
 .text          0x00000000c00095b0     0x1218 core/virtmgr.32
                0x00000000c00095b0                Virt::setPageState(unsigned long, Virt::VirtPageState)
                0x00000000c00095ea                Virt::getPageState(unsigned long)
                0x00000000c000960d                Virt::allocateKernelVirtualPages(int)
                0x00000000c0009732                Virt::freeSwapfilePage(unsigned long)
                0x00000000c0009755                Virt::swapIDToSector(unsigned long)
                0x00000000c000976b                Virt::allocateSwapfilePage()
                0x00000000c00097eb                Virt::virtualMemorySetup()
                0x00000000c000983c                Virt::setupPageSwapping(int)
                0x00000000c00098ae                VAS::setCPUSpecific(unsigned long)
                0x00000000c00098b0                VAS::VAS(VAS*)
                0x00000000c00098b0                VAS::VAS(VAS*)
                0x00000000c00098de                VAS::getForeignPageTableEntry(bool, unsigned long)
                0x00000000c000990c                VAS::getPageTableEntry(unsigned long)
                0x00000000c000992b                Virt::freeKernelVirtualPages(unsigned long)
                0x00000000c0009a68                VAS::freeAllocatedPages(unsigned long)
                0x00000000c0009a8c                VAS::virtualToPhysical(unsigned long)
                0x00000000c0009aa6                VAS::reflagRange(unsigned long, int, unsigned long, unsigned long)
                0x00000000c0009ae8                VAS::VAS()
                0x00000000c0009ae8                VAS::VAS()
                0x00000000c0009b52                VAS::setToWriteCombining(unsigned long, int)
                0x00000000c0009b86                VAS::mapOtherVASIn(bool, VAS*)
                0x00000000c0009bb2                VAS::~VAS()
                0x00000000c0009bb2                VAS::~VAS()
                0x00000000c0009d20                VAS::mapPage(unsigned long, unsigned long, int)
                0x00000000c0009e24                VAS::allocatePages(int, int)
                0x00000000c0009f1a                VAS::mapRange(unsigned long, unsigned long, int, int)
                0x00000000c0009f72                VAS::mapForeignPage(bool, VAS*, unsigned long, unsigned long, int)
                0x00000000c000a068                VAS::VAS(bool)
                0x00000000c000a068                VAS::VAS(bool)
                0x00000000c000a2b2                VAS::evict(unsigned long)
                0x00000000c000a390                VAS::tryLoadBackOffDisk(unsigned long)
                0x00000000c000a52a                VAS::allocateSharedMemoryWithKernel(unsigned long, unsigned long*)
                0x00000000c000a59e                VAS::freeSharedMemoryWithKernel(unsigned long, unsigned long)
                0x00000000c000a5ca                VAS::scanForEviction()
                0x00000000c000a6cd                mapVASFirstTime
 .text          0x00000000c000a7c8       0x5f coreobjs/c++.32
                0x00000000c000a7c8                __cxa_atexit
                0x00000000c000a7cb                __cxa_finalize
                0x00000000c000a7cc                __stack_chk_fail
                0x00000000c000a802                __cxa_pure_virtual
                0x00000000c000a813                operator new[](unsigned long)
                0x00000000c000a818                operator delete(void*, unsigned long)
                0x00000000c000a81d                operator delete[](void*)
                0x00000000c000a822                operator delete[](void*, unsigned long)
 .text          0x00000000c000a827      0x254 dbg/kconsole.32
                0x00000000c000a827                Dbg::stringifyxWithBase(unsigned int, char*, int)
                0x00000000c000a8c7                Dbg::logc(char)
                0x00000000c000a8e7                Dbg::logs(char*)
                0x00000000c000a906                Dbg::logWriteInt(unsigned int)
                0x00000000c000a924                Dbg::logWriteIntBase(unsigned int, int)
                0x00000000c000a945                Dbg::kprintf(char const*, ...)
 *fill*         0x00000000c000aa7b        0x1 
 .text          0x00000000c000aa7c      0x2d4 dbg/usban.32
                0x00000000c000aa7c                KiUbsanPrintDetails(char const*, void*)
                0x00000000c000aae8                __ubsan_handle_type_mismatch_v1
                0x00000000c000abc4                __ubsan_handle_pointer_overflow
                0x00000000c000abf0                __ubsan_handle_out_of_bounds
                0x00000000c000ac1c                __ubsan_handle_add_overflow
                0x00000000c000ac48                __ubsan_handle_load_invalid_value
                0x00000000c000ac74                __ubsan_handle_divrem_overflow
                0x00000000c000aca0                __ubsan_handle_mul_overflow
                0x00000000c000accc                __ubsan_handle_sub_overflow
                0x00000000c000acf8                __ubsan_handle_shift_out_of_bounds
                0x00000000c000ad24                __ubsan_handle_negate_overflow
 .text          0x00000000c000ad50      0x57c fs/symlink.32
                0x00000000c000ad50                KiCreateSymlinkID()
                0x00000000c000adbd                KiFlushSymlinkChanges()
                0x00000000c000ae90                KiDeinitialiseSymlinks(void*)
                0x00000000c000ae95                KeRegisterSymlink(char const*, unsigned long long)
                0x00000000c000af04                KiIsSymlinkRegistered(char const*)
                0x00000000c000af4b                KeDereferenceSymlink(char const*, char*)
                0x00000000c000b0d9                KeCreateSymlink(char const*, char const*)
                0x00000000c000b216                KeInitialiseSymlinks()
 .text          0x00000000c000b2cc      0xcb6 fs/vfs.32
                0x00000000c000b2cc                File::read(unsigned long long, void*, int*)
                0x00000000c000b324                File::write(unsigned long long, void*, int*)
                0x00000000c000b37c                Directory::read(unsigned long long, void*, int*)
                0x00000000c000b3d4                Directory::write(unsigned long long, void*, int*)
                0x00000000c000b402                File::isAtty()
                0x00000000c000b406                Directory::isAtty()
                0x00000000c000b40a                Filesystem::getlabel(LogicalDisk*, int, char*, unsigned int*)
                0x00000000c000b410                Filesystem::setlabel(LogicalDisk*, int, char*)
                0x00000000c000b416                Filesystem::allocateSwapfile(char const*, int)
                0x00000000c000b41c                File::~File()
                0x00000000c000b41c                File::~File()
                0x00000000c000b440                File::~File()
                0x00000000c000b46a                Directory::~Directory()
                0x00000000c000b46a                Directory::~Directory()
                0x00000000c000b48e                Directory::~Directory()
                0x00000000c000b4b8                Filesystem::Filesystem()
                0x00000000c000b4b8                Filesystem::Filesystem()
                0x00000000c000b4dc                Filesystem::~Filesystem()
                0x00000000c000b4dc                Filesystem::~Filesystem()
                0x00000000c000b4ea                Filesystem::~Filesystem()
                0x00000000c000b50e                Fs::getcwd(Process*, char*, int)
                0x00000000c000b538                Fs::initVFS()
                0x00000000c000b562                Fs::standardiseFiles(char*, char const*, char const*)
                0x00000000c000b718                File::File(char const*, Process*)
                0x00000000c000b718                File::File(char const*, Process*)
                0x00000000c000b7d4                File::open(FileOpenMode)
                0x00000000c000b832                File::close()
                0x00000000c000b892                File::seek(unsigned long long)
                0x00000000c000b8e8                File::truncate(unsigned long long)
                0x00000000c000b93e                File::tell(unsigned long long*)
                0x00000000c000b98e                File::rewind()
                0x00000000c000b9a2                File::unlink()
                0x00000000c000b9ee                File::rename(char const*)
                0x00000000c000ba3c                File::chfatattr(unsigned char, unsigned char)
                0x00000000c000ba98                File::exists()
                0x00000000c000bad6                File::stat(unsigned long long*, bool*)
                0x00000000c000bb37                Fs::setcwd(Process*, char*)
                0x00000000c000bc94                Directory::Directory(char const*, Process*)
                0x00000000c000bc94                Directory::Directory(char const*, Process*)
                0x00000000c000bd50                Directory::open()
                0x00000000c000bdac                Directory::close()
                0x00000000c000be0c                Directory::unlink()
                0x00000000c000be58                Directory::rename(char const*)
                0x00000000c000bea6                Directory::exists()
                0x00000000c000bee4                Directory::read(dirent*)
                0x00000000c000bf30                Directory::create()
                0x00000000c000bf7c                Filesystem::chfatattr(char const*, unsigned char, unsigned char)
 *fill*         0x00000000c000bf82        0x2 
 .text          0x00000000c000bf84       0x86 hal/bus.32
                0x00000000c000bf84                Bus::Bus(char const*)
                0x00000000c000bf84                Bus::Bus(char const*)
                0x00000000c000bfbc                Bus::~Bus()
                0x00000000c000bfbc                Bus::~Bus()
                0x00000000c000bfe0                Bus::~Bus()
 .text          0x00000000c000c00a       0x96 hal/buzzer.32
                0x00000000c000c00a                beepThread(void*)
                0x00000000c000c047                Krnl::beep(int, int, bool)
 .text          0x00000000c000c0a0      0x45f hal/clock.32
                0x00000000c000c0a0                User::loadClockSettings(int)
                0x00000000c000c0f2                Clock::Clock(char const*)
                0x00000000c000c0f2                Clock::Clock(char const*)
                0x00000000c000c128                Clock::~Clock()
                0x00000000c000c128                Clock::~Clock()
                0x00000000c000c14c                Clock::~Clock()
                0x00000000c000c176                Clock::timeInSecondsLocal()
                0x00000000c000c1be                Clock::setTimeInSecondsLocal(unsigned long long)
                0x00000000c000c217                datetimeToSeconds(datetime_t)
                0x00000000c000c336                Clock::setTimeInDatetimeLocal(datetime_t)
                0x00000000c000c396                secondsToDatetime(unsigned long long)
                0x00000000c000c4da                Clock::timeInDatetimeLocal()
 *fill*         0x00000000c000c4ff        0x1 
 .text          0x00000000c000c500      0x464 hal/device.32
                0x00000000c000c500                Device::hibernate()
                0x00000000c000c502                Device::wake()
                0x00000000c000c504                Device::detect()
                0x00000000c000c506                Device::disableLegacy()
                0x00000000c000c508                Device::powerSaving(PowerSavingLevel)
                0x00000000c000c50a                DriverlessDevice::close(int, int, void*)
                0x00000000c000c50e                DriverlessDevice::detect()
                0x00000000c000c510                DriverlessDevice::open(int, int, void*)
                0x00000000c000c524                Device::~Device()
                0x00000000c000c524                Device::~Device()
                0x00000000c000c532                Device::~Device()
                0x00000000c000c55a                Device::findAndLoadDriver()
                0x00000000c000c568                Device::preOpenPCI(PCIDeviceInfo)
                0x00000000c000c58e                Device::preOpenACPI(void*, char*, char*)
                0x00000000c000c5ce                Device::addIRQHandler(int, void (*)(regs*, void*), bool, void*)
                0x00000000c000c5f8                Device::getParent()
                0x00000000c000c604                Device::removeIRQHandler(int, void (*)(regs*, void*), bool)
                0x00000000c000c622                Device::addChild(Device*)
                0x00000000c000c666                Device::removeAllChildren()
                0x00000000c000c6ac                Device::hibernateAll()
                0x00000000c000c6dc                Device::wakeAll()
                0x00000000c000c70c                Device::detectAll()
                0x00000000c000c73c                Device::disableLegacyAll()
                0x00000000c000c73e                Device::loadDriversForAll()
                0x00000000c000c740                Device::closeAll()
                0x00000000c000c776                Device::powerSavingAll(PowerSavingLevel)
                0x00000000c000c7ac                Device::setName(char const*)
                0x00000000c000c7ba                Device::Device(char const*)
                0x00000000c000c7ba                Device::Device(char const*)
                0x00000000c000c8b6                Device::getName()
                0x00000000c000c8c0                DriverlessDevice::DriverlessDevice(char const*)
                0x00000000c000c8c0                DriverlessDevice::DriverlessDevice(char const*)
                0x00000000c000c8f6                Device::addToLinkedList(LinkedList<Device>&, DeviceType)
                0x00000000c000c93a                getDevicesOfType(DeviceType)
 .text          0x00000000c000c964       0x86 hal/diskctrl.32
                0x00000000c000c964                HardDiskController::HardDiskController(char const*)
                0x00000000c000c964                HardDiskController::HardDiskController(char const*)
                0x00000000c000c99c                HardDiskController::~HardDiskController()
                0x00000000c000c99c                HardDiskController::~HardDiskController()
                0x00000000c000c9c0                HardDiskController::~HardDiskController()
 .text          0x00000000c000c9ea       0xe2 hal/diskphys.32
                0x00000000c000c9ea                PhysicalDisk::eject()
                0x00000000c000c9ee                PhysicalDisk::PhysicalDisk(char const*, int)
                0x00000000c000c9ee                PhysicalDisk::PhysicalDisk(char const*, int)
                0x00000000c000ca56                PhysicalDisk::startCache()
                0x00000000c000ca7e                PhysicalDisk::~PhysicalDisk()
                0x00000000c000ca7e                PhysicalDisk::~PhysicalDisk()
                0x00000000c000caa2                PhysicalDisk::~PhysicalDisk()
 .text          0x00000000c000cacc        0x0 hal/fpu.32
 .text          0x00000000c000cacc      0x359 hal/intctrl.32
                0x00000000c000cacc                int_handler
                0x00000000c000cb56                installISRHandler(int, void (*)(regs*, void*), void*)
                0x00000000c000cba0                installIRQHandler(int, void (*)(regs*, void*), bool, void*)
                0x00000000c000ccd4                uninstallISRHandler(int, void (*)(regs*, void*))
                0x00000000c000cd08                uninstallIRQHandler(int, void (*)(regs*, void*), bool)
                0x00000000c000cd86                setupINTS()
                0x00000000c000cde3                convertLegacyIRQNumber(int)
 *fill*         0x00000000c000ce25        0x1 
 .text          0x00000000c000ce26      0x8be hal/keybrd.32
                0x00000000c000ce26                startGUI(void*)
                0x00000000c000ce94                startGUIVESA(void*)
                0x00000000c000cf02                sendKeyToTerminal(unsigned char)
                0x00000000c000cfdd                sendKeyboardToken(KeyboardToken)
                0x00000000c000d4c7                clearInternalKeybuffer(VgaText*)
                0x00000000c000d4fc                readKeyboard(VgaText*, char*, unsigned long)
                0x00000000c000d65a                Keyboard::Keyboard(char const*)
                0x00000000c000d65a                Keyboard::Keyboard(char const*)
                0x00000000c000d696                Keyboard::~Keyboard()
                0x00000000c000d696                Keyboard::~Keyboard()
                0x00000000c000d6ba                Keyboard::~Keyboard()
 .text          0x00000000c000d6e4      0x3f8 hal/logidisk.32
                0x00000000c000d6e4                LogicalDisk::close(int, int, void*)
                0x00000000c000d6e8                LogicalDisk::~LogicalDisk()
                0x00000000c000d6e8                LogicalDisk::~LogicalDisk()
                0x00000000c000d70c                LogicalDisk::~LogicalDisk()
                0x00000000c000d736                LogicalDisk::open(int, int, void*)
                0x00000000c000d74a                LogicalDisk::absoluteToRelative(unsigned long long)
                0x00000000c000d782                LogicalDisk::relativeToAbsolute(unsigned long long)
                0x00000000c000d7c8                LogicalDisk::LogicalDisk(char const*, PhysicalDisk*, unsigned long long, unsigned long long)
                0x00000000c000d7c8                LogicalDisk::LogicalDisk(char const*, PhysicalDisk*, unsigned long long, unsigned long long)
                0x00000000c000d888                LogicalDisk::assignDriveLetter()
                0x00000000c000d942                LogicalDisk::mount()
                0x00000000c000d98a                LogicalDisk::unmount()
                0x00000000c000d99a                LogicalDisk::eject()
                0x00000000c000d9ae                LogicalDisk::unassignDriveLetter()
                0x00000000c000da04                LogicalDisk::read(unsigned long long, int, void*)
                0x00000000c000da70                LogicalDisk::write(unsigned long long, int, void*)
 .text          0x00000000c000dadc       0x86 hal/mouse.32
                0x00000000c000dadc                Mouse::Mouse(char const*)
                0x00000000c000dadc                Mouse::Mouse(char const*)
                0x00000000c000db14                Mouse::~Mouse()
                0x00000000c000db14                Mouse::~Mouse()
                0x00000000c000db38                Mouse::~Mouse()
 .text          0x00000000c000db62       0x90 hal/nic.32
                0x00000000c000db62                NIC::getMAC()
                0x00000000c000db68                NIC::write(int, unsigned char*, int*)
                0x00000000c000db6e                NIC::NIC(char const*)
                0x00000000c000db6e                NIC::NIC(char const*)
                0x00000000c000dba4                NIC::~NIC()
                0x00000000c000dba4                NIC::~NIC()
                0x00000000c000dbc8                NIC::~NIC()
 .text          0x00000000c000dbf2      0x33b hal/partition.32
                0x00000000c000dbf2                makePartition(PhysicalDisk*, unsigned long long, unsigned long long)
                0x00000000c000dc9a                createPartitionsForDisk(PhysicalDisk*)
 *fill*         0x00000000c000df2d        0x3 
 .text          0x00000000c000df30       0x86 hal/serial.32
                0x00000000c000df30                Serial::Serial(char const*)
                0x00000000c000df30                Serial::Serial(char const*)
                0x00000000c000df68                Serial::~Serial()
                0x00000000c000df68                Serial::~Serial()
                0x00000000c000df8c                Serial::~Serial()
 *fill*         0x00000000c000dfb6        0x2 
 .text          0x00000000c000dfb8      0x234 hal/timer.32
                0x00000000c000dfb8                Timer::Timer(char const*)
                0x00000000c000dfb8                Timer::Timer(char const*)
                0x00000000c000dff0                Timer::~Timer()
                0x00000000c000dff0                Timer::~Timer()
                0x00000000c000e014                Timer::~Timer()
                0x00000000c000e03e                Timer::read()
                0x00000000c000e049                setupTimer(int)
                0x00000000c000e084                timerHandler(unsigned int)
 .text          0x00000000c000e1ec      0x444 hal/vcache.32
                0x00000000c000e1ec                VCache::VCache(PhysicalDisk*)
                0x00000000c000e1ec                VCache::VCache(PhysicalDisk*)
                0x00000000c000e35c                VCache::invalidateReadBuffer()
                0x00000000c000e36c                VCache::writeWriteBuffer()
                0x00000000c000e3b8                VCache::~VCache()
                0x00000000c000e3b8                VCache::~VCache()
                0x00000000c000e410                VCache::~VCache()
                0x00000000c000e438                VCache::write(unsigned long long, int, void*)
                0x00000000c000e526                VCache::read(unsigned long long, int, void*)
 .text          0x00000000c000e630      0x4c7 hal/video.32
                0x00000000c000e630                Video::putrect(int, int, int, int, unsigned int)
                0x00000000c000e67c                Video::bitblit(int, int, int, int, int, int, int, unsigned int*)
                0x00000000c000e6ec                Video::blit(unsigned int*, int, int, int, int)
                0x00000000c000e76a                Video::clearScreen(unsigned int)
                0x00000000c000e79e                Video::putpixel(int, int, unsigned int)
                0x00000000c000e7ac                Video::readPixelApprox(int, int)
                0x00000000c000e7c0                Video::Video(char const*)
                0x00000000c000e7c0                Video::Video(char const*)
                0x00000000c000e7f6                Video::~Video()
                0x00000000c000e7f6                Video::~Video()
                0x00000000c000e81a                Video::~Video()
                0x00000000c000e844                Video::isMonochrome()
                0x00000000c000e850                Video::getWidth()
                0x00000000c000e85c                Video::getHeight()
                0x00000000c000e868                Video::drawCursor(int, int, unsigned int*, int)
                0x00000000c000e924                Video::tgaParse(unsigned char*, int, int*, int*)
                0x00000000c000ea8c                Video::putTGA(int, int, unsigned char*, int)
 *fill*         0x00000000c000eaf7        0x1 
 .text          0x00000000c000eaf8     0x138b hw/acpi.32
                0x00000000c000eaf8                ACPI::close(int, int, void*)
                0x00000000c000ebac                findRSDP()
                0x00000000c000ec44                loadACPITables(unsigned char*)
                0x00000000c000eeb0                findRSDT(unsigned char*)
                0x00000000c000f008                findDataTable(unsigned char*, char*)
                0x00000000c000f088                scanMADT()
                0x00000000c000f540                ACPI::ACPI()
                0x00000000c000f540                ACPI::ACPI()
                0x00000000c000f594                ACPI::getPCIIRQAssignment(unsigned char, unsigned short, unsigned char)
                0x00000000c000f690                ACPI::registerPCIIRQAssignment(void*, unsigned short, unsigned char, unsigned char)
                0x00000000c000f75c                ACPI::setScreenBrightnessLevel(void*, int)
                0x00000000c000f764                ACPI::detectPCI()
                0x00000000c000f984                ACPI::writeSimpleBootFlag(SimpleBootFlagTable*)
                0x00000000c000f9cc                ACPI::sleep()
                0x00000000c000f9e8                ACPI::open(int, int, void*)
 *fill*         0x00000000c000fe83        0x1 
 .text          0x00000000c000fe84      0xbc5 hw/cpu.32
                0x00000000c000fe84                CPU::close(int, int, void*)
                0x00000000c000fe88                CPU::AMD_K6_write_msr(unsigned int, unsigned int, unsigned int, CPU::REGS*)
                0x00000000c000fea4                CPU::AMD_K6_read_msr(unsigned int, CPU::REGS*)
                0x00000000c000febc                CPU::AMD_K6_writeback(int, int, int)
                0x00000000c000ff30                CPU::cpuid(int, unsigned long*, unsigned long*, unsigned long*, unsigned long*)
                0x00000000c000ffb4                CPU::cpuidCheckEDX(unsigned int)
                0x00000000c000ffe2                CPU::cpuidCheckECX(unsigned int)
                0x00000000c0010010                CPU::cpuidCheckExtendedEBX(unsigned int)
                0x00000000c001003e                CPU::cpuidCheckExtendedECX(unsigned int)
                0x00000000c001006c                CPU::CPU()
                0x00000000c001006c                CPU::CPU()
                0x00000000c00100fa                CPU::displayFeatures()
                0x00000000c00100fc                CPU::detectFeatures()
                0x00000000c00107d0                CPU::setupSMEP()
                0x00000000c00107dc                CPU::setupUMIP()
                0x00000000c00107e6                CPU::setupTSC()
                0x00000000c00107f0                CPU::setupLargePages()
                0x00000000c00107fa                CPU::setupPAT()
                0x00000000c0010836                CPU::setupMTRR()
                0x00000000c0010838                CPU::setupGlobalPages()
                0x00000000c0010842                CPU::allowUsermodeDataAccess()
                0x00000000c0010854                CPU::prohibitUsermodeDataAccess()
                0x00000000c0010866                CPU::setupSMAP()
                0x00000000c0010874                CPU::setupFeatures()
                0x00000000c0010940                CPU::open(int, int, void*)
 .text          0x00000000c0010a49       0xb6 krnl/atexit.32
                0x00000000c0010a49                KeInitialiseAtexit()
                0x00000000c0010a68                KeRegisterAtexit(void (*)(void*), void*)
                0x00000000c0010a9c                KeExecuteAtexit()
 .text          0x00000000c0010aff       0xdf krnl/bootmsg.32
                0x00000000c0010aff                KeDisplaySplashScreen()
                0x00000000c0010b7b                KeSetBootMessage(char const*)
 *fill*         0x00000000c0010bde        0x2 
 .text          0x00000000c0010be0       0x1d krnl/compat.32
                0x00000000c0010be0                Krnl::handlePowerButton()
                0x00000000c0010bf0                Krnl::handleSleepButton()
 *fill*         0x00000000c0010bfd        0x1 
 .text          0x00000000c0010bfe      0x5bf krnl/env.32
                0x00000000c0010bfe                EnvVarContainer::getEnv(char const*)
                0x00000000c0010c3c                EnvVarContainer::setEnv(char const*, char const*)
                0x00000000c0010cfe                EnvVarContainer::deleteEnv(char const*)
                0x00000000c0010d00                EnvVarContainer::loadFrom(char const*, char const*)
                0x00000000c0010f24                EnvVarContainer::__loadSystem()
                0x00000000c0010f3e                EnvVarContainer::__loadUser()
                0x00000000c0010f40                EnvVarContainer::EnvVarContainer(Process*)
                0x00000000c0010f40                EnvVarContainer::EnvVarContainer(Process*)
                0x00000000c0010f62                EnvVarContainer::~EnvVarContainer()
                0x00000000c0010f62                EnvVarContainer::~EnvVarContainer()
                0x00000000c0010f92                KeGetEnv(Process*, char const*)
                0x00000000c0010ff7                KeSetEnvSystem(char const*, char const*)
                0x00000000c0011011                KeSetEnvUser(char const*, char const*)
                0x00000000c0011030                KeSetEnvProcess(Process*, char const*, char const*)
                0x00000000c0011043                KeDeleteEnvSystem(char const*)
                0x00000000c0011044                KeDeleteEnvUser(char const*)
                0x00000000c0011045                KeDeleteEnvProcess(Process*, char const*)
                0x00000000c0011046                KeNewProcessEnv(Process*)
                0x00000000c0011068                KeCopyProcessEnv(Process*, Process*)
                0x00000000c00110b4                KeLoadSystemEnv()
                0x00000000c00110e2                KeLoadUserEnv()
                0x00000000c0011108                KeFlushEnv()
                0x00000000c0011109                KeGetProcessTotalEnvCount(Process*)
                0x00000000c0011129                KeGetProcessEnvPair(Process*, int)
 .text          0x00000000c00111bd       0x94 krnl/inlines.32
                0x00000000c00111bd                CPU::current()
                0x00000000c00111c9                operator new(unsigned long)
                0x00000000c00111ce                operator delete(void*)
                0x00000000c00111d3                disableIRQs()
                0x00000000c00111d5                enableIRQs()
                0x00000000c00111d7                lockScheduler()
                0x00000000c00111df                unlockScheduler()
                0x00000000c00111ee                lockStuff()
                0x00000000c00111fc                unlockStuff()
                0x00000000c0011236                Virt::getAKernelVAS()
                0x00000000c001123c                __not_memcpy
 .text          0x00000000c0011251        0xc krnl/panic.32
                0x00000000c0011251                KePanic(char const*)
 .text          0x00000000c001125d      0x142 krnl/powctrl.32
                0x00000000c001125d                KePowerThread(void*)
                0x00000000c001128b                KeChangePowerSettings(PowerSettings)
                0x00000000c00112a1                KeUserIOReceived()
                0x00000000c00112ac                KeHandlePowerButton()
                0x00000000c00112e1                KeHandleSleepButton()
                0x00000000c0011316                KeSetupPowerManager()
 .text          0x00000000c001139f       0x9d krnl/random.32
                0x00000000c001139f                KeRand()
                0x00000000c00113e1                KeSeedRand(unsigned int)
                0x00000000c001140a                KeInitRand()
 .text          0x00000000c001143c      0x1bc krnl/resolve.32
                0x00000000c001143c                KeResolveCompatibilitySymbol(char*)
 .text          0x00000000c00115f8      0x322 krnl/signal.32
                0x00000000c00115f8                KiSigKill(int)
                0x00000000c001160c                KiDefaultSignalHandlerIgnore(int)
                0x00000000c001160d                KiDefaultSignalHandlerPause(int)
                0x00000000c0011639                KiDefaultSignalHandlerResume(int)
                0x00000000c0011665                KeDeinitSignals(SigHandlerBlock*)
                0x00000000c001166a                KeInitSignals()
                0x00000000c00116bc                KeRegisterSignalHandler(SigHandlerBlock*, int, void (*)(int), unsigned int, int)
                0x00000000c00116f2                KeRaiseSignal(SigHandlerBlock*, int)
                0x00000000c001176f                KeCheckSignal(SigHandlerBlock*, int*)
                0x00000000c0011866                KiCheckSignalZ
                0x00000000c00118a8                KeCompleteSignal(SigHandlerBlock*, int)
                0x00000000c00118e3                KiFinishSignalZ
 .text          0x00000000c001191a      0xc61 krnl/syscalls.32
                0x00000000c001191a                SysSeekDir(regs*)
                0x00000000c001191f                SysTellDir(regs*)
                0x00000000c0011924                SysVerify(regs*)
                0x00000000c001192e                SysGetArgc(regs*)
                0x00000000c0011942                SysTTYName(regs*)
                0x00000000c001194a                SysFormatDisk(regs*)
                0x00000000c00119c1                SysSetDiskVolumeLabel(regs*)
                0x00000000c0011a15                SysGetDiskVolumeLabel(regs*)
                0x00000000c0011a6e                SysShutdown(regs*)
                0x00000000c0011acc                SysRealpath(regs*)
                0x00000000c0011b11                SysReadDir(regs*)
                0x00000000c0011b91                SysIsATTY(regs*)
                0x00000000c0011beb                SysSeek(regs*)
                0x00000000c0011c42                SysTell(regs*)
                0x00000000c0011caf                SysSize(regs*)
                0x00000000c0011d22                SysSizeFromFilename(regs*)
                0x00000000c0011dd3                SysClose(regs*)
                0x00000000c0011e33                SysOpenDir(regs*)
                0x00000000c0011eb0                SysMakeDir(regs*)
                0x00000000c0011f1e                SysCloseDir(regs*)
                0x00000000c0011f72                SysWait(regs*)
                0x00000000c0011f93                SysNotImpl(regs*)
                0x00000000c0011fae                SysPanic(regs*)
                0x00000000c0011fc9                SysRmdir(regs*)
                0x00000000c001202e                SysUnlink(regs*)
                0x00000000c0012093                SysGetArgv(regs*)
                0x00000000c00120e0                SysUSleep(regs*)
                0x00000000c0012109                SysSpawn(regs*)
                0x00000000c001217c                SysGetEnv(regs*)
                0x00000000c001222d                SysSetFatAttrib(regs*)
                0x00000000c00122a0                SysPipe(regs*)
                0x00000000c00122e5                SysGetUnixTime(regs*)
                0x00000000c00122f9                string_ends_with(char const*, char const*)
                0x00000000c0012341                SysOpen(regs*)
                0x00000000c0012539                KeSystemCall(regs*, void*)
 *fill*         0x00000000c001257b        0x1 
 .text          0x00000000c001257c      0x159 net/ethernet.32
                0x00000000c001257c                KeSwitchEndian16(unsigned short)
                0x00000000c00125a0                KeSwitchEndian32(unsigned int)
                0x00000000c00125d0                EthernetCRC32(unsigned char*, int)
                0x00000000c0012674                EthernetReceivedPacket(EthernetUnwrappedFrame*, unsigned short)
 .text          0x00000000c00126d5      0xd56 reg/cm.32
                0x00000000c00126d5                CmOpen(char const*)
                0x00000000c00127f3                CmClose(Reghive_Tag*)
                0x00000000c0012809                CmReadExtent(Reghive_Tag*, int, unsigned char*)
                0x00000000c0012845                CmGetString(Reghive_Tag*, int, char*)
                0x00000000c00128bc                CmEnterDirectory(Reghive_Tag*, int)
                0x00000000c00128fb                CmGetNext(Reghive_Tag*, int)
                0x00000000c001292d                CmWriteExtent(Reghive_Tag*, int, unsigned char*)
                0x00000000c0012969                CmFreeExtent(Reghive_Tag*, int)
                0x00000000c0012991                CmUpdateHeader(Reghive_Tag*)
                0x00000000c00129b2                CmExpand(Reghive_Tag*, int)
                0x00000000c0012a2d                CmFindUnusedExtent(Reghive_Tag*)
                0x00000000c0012ab3                CmCreateExtent(Reghive_Tag*, int, int, unsigned char*)
                0x00000000c0012ba7                CmSetString(Reghive_Tag*, int, char const*)
                0x00000000c0012ce3                CmGetMatch(char*, char*, bool, bool*)
                0x00000000c0012d44                CmAddShift(unsigned int*, int*, unsigned char, int)
                0x00000000c0012d74                CmGetShift(unsigned int*, int*, int, bool*)
                0x00000000c0012dab                CmGetInteger(Reghive_Tag*, int, unsigned long long*)
                0x00000000c0012dd5                CmSetInteger(Reghive_Tag*, int, unsigned long long)
                0x00000000c0012e15                CmConvertFromInternalFilename(unsigned char const*, char*)
                0x00000000c0012eb9                CmGetNameAndTypeFromExtent(Reghive_Tag*, int, char*)
                0x00000000c0012ee7                CmConvertToInternalFilename(char const*, unsigned char*)
                0x00000000c0013085                CmCreateString(Reghive_Tag*, int, char const*)
                0x00000000c00130d2                CmFindInDirectory(Reghive_Tag*, int, char const*)
                0x00000000c001314c                CmCreateInteger(Reghive_Tag*, int, char const*, unsigned long long, int)
                0x00000000c001319f                CmCreateDirectory(Reghive_Tag*, int, char const*)
                0x00000000c0013263                zStrtok(char*, char const*)
                0x00000000c00132d5                CmFindObjectFromPath(Reghive_Tag*, char const*)
                0x00000000c0013356                CmDisplayTree(Reghive_Tag*, int, int)
                0x00000000c00133f9                CmSplitFinalSlashInPlace(char*)
 .text          0x00000000c001342b      0x52a reg/registry.32
                0x00000000c001342b                Reg::findLineFromLoadedData(char*, char*, char*)
                0x00000000c001359c                Reg::getLineFromRegistry(char*, char*, char*, char*)
                0x00000000c00136f1                Reg::getLine(char*, char*, char*)
                0x00000000c0013728                Reg::readInt(char*, char*, int*)
                0x00000000c0013816                Reg::readString(char*, char*, char*, int)
                0x00000000c0013897                Reg::readBool(char*, char*, bool*)
                0x00000000c00138bc                Reg::readBoolWithDefault(char*, char*, bool)
                0x00000000c00138e8                Reg::readIntWithDefault(char*, char*, int)
                0x00000000c0013914                Reg::readStringWithDefault(char*, char*, char*, int, char*)
 .text          0x00000000c0013955       0x36 sys/eject.32
                0x00000000c0013955                SysEject(regs*)
 .text          0x00000000c001398b       0x18 sys/exit.32
                0x00000000c001398b                SysExit(regs*)
 .text          0x00000000c00139a3       0x1f sys/getcwd.32
                0x00000000c00139a3                SysGetCwd(regs*)
 .text          0x00000000c00139c2        0xc sys/getpid.32
                0x00000000c00139c2                SysGetPID(regs*)
 .text          0x00000000c00139ce       0x1a sys/getramdata.32
                0x00000000c00139ce                SysGetRAMData(regs*)
 .text          0x00000000c00139e8       0x82 sys/getvgaptr.32
                0x00000000c00139e8                SysGetVGAPtr(regs*)
 *fill*         0x00000000c0013a6a        0x2 
 .text          0x00000000c0013a6c       0xb9 sys/kill.32
                0x00000000c0013a6c                SysKill(regs*)
 .text          0x00000000c0013b25       0xa8 sys/loaddll.32
                0x00000000c0013b25                SysLoadDLL(regs*)
 .text          0x00000000c0013bcd       0x68 sys/read.32
                0x00000000c0013bcd                SysRead(regs*)
 .text          0x00000000c0013c35       0x29 sys/registersignal.32
                0x00000000c0013c35                SysRegisterSignal(regs*)
 .text          0x00000000c0013c5e      0x19c sys/registry.32
                0x00000000c0013c5e                SysRegistryGetTypeFromPath(regs*)
                0x00000000c0013cd5                SysRegistryReadExtent(regs*)
                0x00000000c0013d1d                SysRegistryPathToExtentLookup(regs*)
                0x00000000c0013d45                SysRegistryEnterDirectory(regs*)
                0x00000000c0013d6d                SysRegistryGetNext(regs*)
                0x00000000c0013d95                SysRegistryGetNameAndTypeFromExtent(regs*)
                0x00000000c0013dcf                SysRegistryOpen(regs*)
                0x00000000c0013de3                SysRegistryClose(regs*)
 .text          0x00000000c0013dfa       0x55 sys/sbrk.32
                0x00000000c0013dfa                SysSbrk(regs*)
 .text          0x00000000c0013e4f       0x1c sys/setcwd.32
                0x00000000c0013e4f                SysSetCwd(regs*)
 .text          0x00000000c0013e6b       0x96 sys/settime.32
                0x00000000c0013e6b                SysSetTime(regs*)
 .text          0x00000000c0013f01       0x4a sys/timezone.32
                0x00000000c0013f01                SysTimezone(regs*)
 .text          0x00000000c0013f4b       0xfc sys/truncate.32
                0x00000000c0013f4b                SysTruncate(regs*)
 .text          0x00000000c0014047       0x68 sys/write.32
                0x00000000c0014047                SysWrite(regs*)
 .text          0x00000000c00140af       0x62 sys/wsbe.32
                0x00000000c00140af                SysWsbe(regs*)
 .text          0x00000000c0014111       0x25 sys/yield.32
                0x00000000c0014111                SysYield(regs*)
 .text          0x00000000c0014136     0x11e6 thr/elf.32
                0x00000000c0014136                Thr::allocateMemoryForTask(Process*, File*, unsigned long, unsigned long, unsigned long)
                0x00000000c00143c4                Thr::loadProgramIntoMemory(Process*, char const*)
                0x00000000c00145d6                Thr::runtimeReferenceHelper()
                0x00000000c00145e9                Thr::getAddressOfKernelSymbol(char const*)
                0x00000000c0014638                Thr::loadKernelSymbolTable(char const*)
                0x00000000c00148f6                Thr::loadDriverIntoMemory(char const*, unsigned long, bool)
                0x00000000c001502f                Thr::getDriverBaseFromAddress(unsigned long)
                0x00000000c0015061                Thr::getDriverNameFromAddress(unsigned long)
                0x00000000c0015098                Thr::getDriverOffsetFromAddress(unsigned long)
                0x00000000c00150b2                Thr::loadDLL(char const*, bool)
                0x00000000c00152e3                Thr::executeDLL(unsigned long, void*)
 .text          0x00000000c001531c     0x13d9 thr/prcssthr.32
                0x00000000c001531c                userModeEntryPoint(void*)
                0x00000000c0015344                changeTSS
                0x00000000c0015374                switchToThread(ThreadControlBlock*)
                0x00000000c0015424                Process::addArgs(char**)
                0x00000000c0015490                Process::Process(char const*, Process*, char**)
                0x00000000c0015490                Process::Process(char const*, Process*, char**)
                0x00000000c001569c                Process::Process(bool, char const*, Process*, char**)
                0x00000000c001569c                Process::Process(bool, char const*, Process*, char**)
                0x00000000c0015870                taskStartupFunction
                0x00000000c001587c                Semaphore::Semaphore(int)
                0x00000000c001587c                Semaphore::Semaphore(int)
                0x00000000c00158ac                Mutex::Mutex()
                0x00000000c00158ac                Mutex::Mutex()
                0x00000000c00158c0                Process::createThread(void (*)(void*), void*, int)
                0x00000000c00159cc                Process::createUserThread()
                0x00000000c00159ec                setupMultitasking(void (*)())
                0x00000000c0015b10                schedule()
                0x00000000c0015ba4                Semaphore::tryAcquire()
                0x00000000c0015c78                Semaphore::assertLocked(char const*)
                0x00000000c0015cfc                blockTaskWithSchedulerLockAlreadyHeld(TaskState)
                0x00000000c0015d24                blockTask(TaskState)
                0x00000000c0015d5c                waitTask(int, int*, int)
                0x00000000c0015da0                milliTenthSleepUntil(unsigned int)
                0x00000000c0015e40                milliTenthSleep(unsigned int)
                0x00000000c0015e54                sleep(unsigned int)
                0x00000000c0015e70                Semaphore::acquire()
                0x00000000c0015f38                taskReturned
                0x00000000c0015f7c                Thr::processFromPID(int)
                0x00000000c0016028                unblockTask(ThreadControlBlock*)
                0x00000000c00160d4                cleanupTerminatedTask(ThreadControlBlock*)
                0x00000000c00163a8                cleanerTaskFunction(void*)
                0x00000000c00164b0                terminateTask(int)
                0x00000000c001659c                Thr::terminateFromIRQ(int)
                0x00000000c00165ac                Semaphore::release()
 .text          0x00000000c00166f5      0xc27 vm86/vm8086.32
                0x00000000c00166f5                Vm::inbv(unsigned short)
                0x00000000c0016708                Vm::outbv(unsigned short, unsigned char)
                0x00000000c001673e                Vm::realToLinear(unsigned short, unsigned short)
                0x00000000c001674e                Vm::getSegment(unsigned int)
                0x00000000c0016756                Vm::getOffset(unsigned int)
                0x00000000c001675b                Vm::mainloop2()
                0x00000000c0016795                Vm::mainVm8086Loop(void*)
                0x00000000c00167a5                Vm::mainloop3(unsigned long)
                0x00000000c00167cb                Vm::initialise8086()
                0x00000000c001680e                Vm::finish8086()
                0x00000000c001686f                Vm::getOutput8086(unsigned char*)
                0x00000000c0016894                Vm::start8086FromBuffer(unsigned char*, int, unsigned short, unsigned short, unsigned short, unsigned short)
                0x00000000c001694d                Vm::start8086(char const*, unsigned short, unsigned short, unsigned short, unsigned short)
                0x00000000c0016aeb                Vm::doISR(regs*, int, unsigned char*, unsigned short, unsigned short)
                0x00000000c0016b84                Vm::readByteFromReal(unsigned short, unsigned short)
                0x00000000c0016b95                Vm::readWordFromReal(unsigned short, unsigned short)
                0x00000000c0016ba7                Vm::readDwordFromReal(unsigned short, unsigned short)
                0x00000000c0016bb8                Vm::writeByteFromReal(unsigned short, unsigned short, unsigned char)
                0x00000000c0016bcd                Vm::writeWordFromReal(unsigned short, unsigned short, unsigned short)
                0x00000000c0016be3                Vm::writeDwordFromReal(unsigned short, unsigned short, unsigned int)
                0x00000000c0016bf8                Vm::faultHandler(regs*)
 .text          0x00000000c001731c      0xaf0 arch/i386/hal.32
                0x00000000c001731c                noCopro(unsigned long)
                0x00000000c001731d                nmiHandler(regs*, void*)
                0x00000000c0017336                doubleFault(regs*, void*)
                0x00000000c001734f                displayDebugInfo(regs*)
                0x00000000c00176d4                HalSystemIdle()
                0x00000000c0017750                displayProgramFault(char const*)
                0x00000000c001779c                gpFault(regs*, void*)
                0x00000000c0017803                pgFault(regs*, void*)
                0x00000000c001788c                otherISRHandler(regs*, void*)
                0x00000000c00178c0                opcodeFault(regs*, void*)
                0x00000000c0017943                i386SaveCoprocessor(void*)
                0x00000000c0017957                i386LoadCoprocessor(void*)
                0x00000000c001796b                x87EmulHandler(regs*, void*)
                0x00000000c0017a08                HalInitialiseCoprocessor()
                0x00000000c0017ab6                HalPanic(char const*)
                0x00000000c0017bca                HalQueryPerformanceCounter()
                0x00000000c0017be5                HalInitialise()
                0x00000000c0017d9b                HalMakeBeep(int)
                0x00000000c0017dd5                HalGetRand()
                0x00000000c0017dd8                HalEndOfInterrupt(int)
                0x00000000c0017e09                HalRestart()
                0x00000000c0017e0a                HalShutdown()
                0x00000000c0017e0b                HalSleep()
 .text          0x00000000c0017e0c      0x2dc arch/i386/pic.32
                0x00000000c0017e0c                picIoWait()
                0x00000000c0017e14                picDisable()
                0x00000000c0017e48                picGetIRQReg(int)
                0x00000000c0017ec4                picOpen()
                0x00000000c0018048                picEOI(int)
 .text          0x00000000c00180e8      0x674 arch/i386/rtc.32
                0x00000000c00180e8                RTC::open(int, int, void*)
                0x00000000c00180ec                RTC::close(int, int, void*)
                0x00000000c00180f0                RTC::timeInSecondsUTC()
                0x00000000c0018102                RTC::timeInDatetimeUTC()
                0x00000000c0018128                RTC::setTimeInSecondsUTC(unsigned long long)
                0x00000000c0018166                RTC::~RTC()
                0x00000000c0018166                RTC::~RTC()
                0x00000000c001818a                RTC::~RTC()
                0x00000000c00181b4                RTC::get_update_in_progress_flag()
                0x00000000c00181ce                RTC::completeRTCRefresh()
                0x00000000c00184ae                RTC::setTimeInDatetimeUTC(datetime_t)
                0x00000000c001865c                rtcIRQHandler(regs*, void*)
                0x00000000c00186a2                RTC::RTC()
                0x00000000c00186a2                RTC::RTC()
 .text          0x00000000c001875c      0x1f4 arch/i386/vga.32
                0x00000000c001875c                HalConsoleScroll(int, int)
                0x00000000c0018864                HalConsoleWriteCharacter(char, int, int, int, int)
                0x00000000c00188c8                HalConsoleCursorUpdate(int, int)
 .text          0x00000000c0018950     0x14cf fs/fat/vfslink.32
                0x00000000c0018950                FAT::getName()
                0x00000000c0018958                FAT::tell(void*, unsigned long long*)
                0x00000000c0018994                FAT::stat(void*, unsigned long long*)
                0x00000000c00189d0                FAT::~FAT()
                0x00000000c00189d0                FAT::~FAT()
                0x00000000c00189f4                FAT::~FAT()
                0x00000000c0018a1c                FAT::getlabel(LogicalDisk*, int, char*, unsigned int*)
                0x00000000c0018ac0                FAT::setlabel(LogicalDisk*, int, char*)
                0x00000000c0018b84                FAT::format(LogicalDisk*, int, char const*, int)
                0x00000000c0018d68                FAT::tryMount(LogicalDisk*, int)
                0x00000000c0018f84                FAT::allocateSwapfile(char const*, int)
                0x00000000c0019144                FAT::readDir(void*, unsigned long, void*, int*)
                0x00000000c00192b4                FAT::read(void*, unsigned long, void*, int*)
                0x00000000c0019314                FAT::write(void*, unsigned long, void*, int*)
                0x00000000c0019374                FAT::close(void*)
                0x00000000c00193c8                FAT::closeDir(void*)
                0x00000000c001941c                FAT::truncate(void*, unsigned long long)
                0x00000000c0019488                FAT::seek(void*, unsigned long long)
                0x00000000c00194e0                fatWrapperReadDisk
                0x00000000c0019520                fatWrapperWriteDisk
                0x00000000c0019560                fatWrapperIoctl
                0x00000000c001967c                FAT::FAT()
                0x00000000c001967c                FAT::FAT()
                0x00000000c00196d4                FAT::fixFilepath(char*)
                0x00000000c0019714                FAT::open(char const*, void**, FileOpenMode)
                0x00000000c0019888                FAT::openDir(char const*, void**)
                0x00000000c0019938                FAT::stat(char const*, unsigned long long*, bool*)
                0x00000000c0019a30                FAT::unlink(char const*)
                0x00000000c0019ab0                FAT::chfatattr(char const*, unsigned char, unsigned char)
                0x00000000c0019c64                FAT::rename(char const*, char const*)
                0x00000000c0019d30                FAT::mkdir(char const*)
                0x00000000c0019db0                FAT::exists(char const*)
 *fill*         0x00000000c0019e1f        0x1 
 .text          0x00000000c0019e20       0x94 fs/iso9660/helper.32
                0x00000000c0019e20                isoReadDiscSectorHelper
                0x00000000c0019e7c                iso_kprintf
                0x00000000c0019e98                iso_kprintfd
 .text          0x00000000c0019eb4      0x71c fs/iso9660/vfslink.32
                0x00000000c0019eb4                ISO9660::format(LogicalDisk*, int, char const*, int)
                0x00000000c0019eba                ISO9660::truncate(void*, unsigned long long)
                0x00000000c0019ec0                ISO9660::getName()
                0x00000000c0019ec6                ISO9660::closeDir(void*)
                0x00000000c0019ed0                ISO9660::chfatattr(char const*, unsigned char, unsigned char)
                0x00000000c0019ed6                ISO9660::unlink(char const*)
                0x00000000c0019edc                ISO9660::write(void*, unsigned long, void*, int*)
                0x00000000c0019ee2                ISO9660::rename(char const*, char const*)
                0x00000000c0019ee8                ISO9660::mkdir(char const*)
                0x00000000c0019eee                ISO9660::~ISO9660()
                0x00000000c0019eee                ISO9660::~ISO9660()
                0x00000000c0019f12                ISO9660::~ISO9660()
                0x00000000c0019f3a                ISO9660::exists(char const*)
                0x00000000c0019f4e                ISO9660::open(char const*, void**, FileOpenMode)
                0x00000000c001a034                ISO9660::read(void*, unsigned long, void*, int*)
                0x00000000c001a07c                ISO9660::seek(void*, unsigned long long)
                0x00000000c001a0be                ISO9660::tell(void*, unsigned long long*)
                0x00000000c001a0fc                ISO9660::stat(void*, unsigned long long*)
                0x00000000c001a14e                ISO9660::stat(char const*, unsigned long long*, bool*)
                0x00000000c001a290                ISO9660::close(void*)
                0x00000000c001a2c0                ISO9660::openDir(char const*, void**)
                0x00000000c001a39a                ISO9660::readDir(void*, unsigned long, void*, int*)
                0x00000000c001a4b7                readSectorFromCDROM(unsigned int, unsigned char*, char)
                0x00000000c001a536                ISO9660::tryMount(LogicalDisk*, int)
                0x00000000c001a5a8                ISO9660::ISO9660()
                0x00000000c001a5a8                ISO9660::ISO9660()
 .text          0x00000000c001a5d0      0x26c hal/sound/sndcard.32
                0x00000000c001a5d0                SoundCard::beginPlayback()
                0x00000000c001a5de                SoundCard::stopPlayback()
                0x00000000c001a5ec                SoundCard::SoundCard(char const*)
                0x00000000c001a5ec                SoundCard::SoundCard(char const*)
                0x00000000c001a68a                SoundCard::~SoundCard()
                0x00000000c001a68a                SoundCard::~SoundCard()
                0x00000000c001a6ae                SoundCard::~SoundCard()
                0x00000000c001a6d8                SoundCard::configureRates(int, int, int)
                0x00000000c001a708                SoundCard::getSamples16(int, short*)
                0x00000000c001a764                SoundCard::getSamples32(int, int*)
                0x00000000c001a7ea                SoundCard::addChannel(SoundPort*)
                0x00000000c001a828                SoundCard::removeChannel(int)
 .text          0x00000000c001a83c      0x38a hal/sound/sndport.32
                0x00000000c001a83c                SoundPort::SoundPort(int, int, int, int)
                0x00000000c001a83c                SoundPort::SoundPort(int, int, int, int)
                0x00000000c001a8c8                SoundPort::~SoundPort()
                0x00000000c001a8c8                SoundPort::~SoundPort()
                0x00000000c001a8fc                SoundPort::unpause()
                0x00000000c001a908                SoundPort::pause()
                0x00000000c001a914                SoundPort::getBufferUsed()
                0x00000000c001a91c                SoundPort::getBufferSize()
                0x00000000c001a924                SoundPort::buffer16(short*, int)
                0x00000000c001a9b0                SoundPort::buffer32(int*, int)
                0x00000000c001aa3c                SoundPort::unbufferAndAdd16(int, short*, SoundCard*)
                0x00000000c001ab08                SoundPort::unbufferAndAdd32(int, int*, SoundCard*)
 .text          0x00000000c001abc6        0x0 hw/bus/isa.32
 .text          0x00000000c001abc6      0xbb7 hw/bus/pci.32
                0x00000000c001abc6                PCI::open(int, int, void*)
                0x00000000c001abe4                PCI::close(int, int, void*)
                0x00000000c001abe8                PCI::PCI()
                0x00000000c001abe8                PCI::PCI()
                0x00000000c001ac80                PCI::readBAR8(unsigned int, int)
                0x00000000c001ac9c                PCI::readBAR16(unsigned int, int)
                0x00000000c001acba                PCI::readBAR32(unsigned int, int)
                0x00000000c001acd6                PCI::writeBAR8(unsigned int, unsigned char, int)
                0x00000000c001acf6                PCI::writeBAR16(unsigned int, unsigned short, int)
                0x00000000c001ad18                PCI::writeBAR32(unsigned int, unsigned int, int)
                0x00000000c001ad38                PCI::legacyMechanism(unsigned char, unsigned char, unsigned char, unsigned char)
                0x00000000c001adae                PCI::pciReadWord(unsigned char, unsigned char, unsigned char, unsigned char)
                0x00000000c001ae58                PCI::getVendorID(unsigned char, unsigned char, unsigned char)
                0x00000000c001ae7c                PCI::getHeaderType(unsigned char, unsigned char, unsigned char)
                0x00000000c001aea4                PCI::getClassCode(unsigned char, unsigned char, unsigned char)
                0x00000000c001aeee                PCI::getProgIF(unsigned char, unsigned char, unsigned char)
                0x00000000c001af16                PCI::getRevisionID(unsigned char, unsigned char, unsigned char)
                0x00000000c001af3a                PCI::getInterruptNumber(unsigned char, unsigned char, unsigned char)
                0x00000000c001af5e                PCI::getSecondaryBus(unsigned char, unsigned char, unsigned char)
                0x00000000c001af86                PCI::getBARAddress(unsigned char, unsigned char, unsigned char, unsigned char)
                0x00000000c001afea                PCI::pciWriteWord(unsigned char, unsigned char, unsigned char, unsigned char, unsigned short)
                0x00000000c001b0d2                PCI::pciDetailsToFilepath(PCIDeviceInfo, char*)
                0x00000000c001b398                PCI::checkBus(unsigned char)
                0x00000000c001b3bc                PCI::foundDevice(PCIDeviceInfo)
                0x00000000c001b536                PCI::getDeviceData(unsigned char, unsigned char, unsigned char)
                0x00000000c001b6b2                PCI::checkDevice(unsigned char, unsigned char)
                0x00000000c001b724                PCI::detect()
 *fill*         0x00000000c001b77d        0x1 
 .text          0x00000000c001b77e      0xb9a hw/diskctrl/ide.32
                0x00000000c001b77e                IDE::close(int, int, void*)
                0x00000000c001b782                IDE::IDE()
                0x00000000c001b782                IDE::IDE()
                0x00000000c001b7b6                IDE::prepareInterrupt(unsigned char)
                0x00000000c001b7c8                selectDrive(unsigned char, unsigned char)
                0x00000000c001b7ca                IDE::getBase(unsigned char)
                0x00000000c001b7dc                IDE::write(unsigned char, unsigned char, unsigned char)
                0x00000000c001b89c                IDE::read(unsigned char, unsigned char)
                0x00000000c001b94a                IDE::waitInterrupt(unsigned char)
                0x00000000c001b9ac                ideChannel0IRQHandler(regs*, void*)
                0x00000000c001b9c8                ideChannel1IRQHandler(regs*, void*)
                0x00000000c001b9e4                IDE::enableIRQs(unsigned char, bool)
                0x00000000c001ba2e                IDE::open(int, int, void*)
                0x00000000c001be6c                IDE::readBuffer(unsigned char, unsigned char, unsigned int, unsigned int)
                0x00000000c001bf3c                IDE::detect()
                0x00000000c001c20a                IDE::printError(unsigned char, unsigned char, unsigned char)
                0x00000000c001c2c4                IDE::polling(unsigned char, unsigned int)
 .text          0x00000000c001c318      0x32a hw/diskctrl/satabus.32
                0x00000000c001c318                SATABus::close(int, int, void*)
                0x00000000c001c31c                SATABus::detect()
                0x00000000c001c31e                SATABus::SATABus()
                0x00000000c001c31e                SATABus::SATABus()
                0x00000000c001c3a4                SATABus::findCmdslot(SATABus::tagHBA_PORT volatile*)
                0x00000000c001c3d6                SATABus::checkType(SATABus::tagHBA_PORT volatile*)
                0x00000000c001c41e                SATABus::startCmd(SATABus::tagHBA_PORT volatile*)
                0x00000000c001c43e                SATABus::stopCmd(SATABus::tagHBA_PORT volatile*)
                0x00000000c001c468                SATABus::portRebase(SATABus::tagHBA_PORT volatile*, int)
                0x00000000c001c578                SATABus::probePort(SATABus::tagHBA_MEM volatile*)
                0x00000000c001c622                SATABus::open(int, int, void*)
 .text          0x00000000c001c642      0x93f hw/diskphys/ata.32
                0x00000000c001c642                ATA::close(int, int, void*)
                0x00000000c001c666                ATA::powerSaving(PowerSavingLevel)
                0x00000000c001c668                ATA::ATA()
                0x00000000c001c668                ATA::ATA()
                0x00000000c001c696                ATA::flush(bool)
                0x00000000c001c6e4                ATA::readyForCommand()
                0x00000000c001c730                ATA::access(unsigned long long, int, void*, bool)
                0x00000000c001cac6                ATA::detectCHS()
                0x00000000c001caf0                ATA::open(int, int, void*)
                0x00000000c001cbbc                combineCharAndColour(char, unsigned char)
                0x00000000c001cbcd                combineColours(unsigned char, unsigned char)
                0x00000000c001cbda                ATA::read(unsigned long long, int, void*)
                0x00000000c001cdb0                ATA::write(unsigned long long, int, void*)
 *fill*         0x00000000c001cf81        0x1 
 .text          0x00000000c001cf82      0x618 hw/diskphys/atapi.32
                0x00000000c001cf82                ATAPI::write(unsigned long long, int, void*)
                0x00000000c001cf88                ATAPI::close(int, int, void*)
                0x00000000c001cfac                ATAPI::ATAPI()
                0x00000000c001cfac                ATAPI::ATAPI()
                0x00000000c001cfda                ATAPI::readyForCommand()
                0x00000000c001d02c                ATAPI::sendPacket(unsigned char*, int, bool, unsigned short*, int)
                0x00000000c001d2f4                ATAPI::diskRemoved()
                0x00000000c001d32e                ATAPI::eject()
                0x00000000c001d376                ATAPI::diskInserted()
                0x00000000c001d382                ATAPI::detectMedia()
                0x00000000c001d440                ATAPI::open(int, int, void*)
                0x00000000c001d520                ATAPI::read(unsigned long long, int, void*)
 .text          0x00000000c001d59a      0x807 hw/diskphys/sata.32
                0x00000000c001d59a                SATA::close(int, int, void*)
                0x00000000c001d5be                SATA::powerSaving(PowerSavingLevel)
                0x00000000c001d5c0                SATA::open(int, int, void*)
                0x00000000c001d66a                SATA::SATA()
                0x00000000c001d66a                SATA::SATA()
                0x00000000c001d698                SATA::access(unsigned long long, int, void*, bool)
                0x00000000c001d8ec                SATA::read(unsigned long long, int, void*)
                0x00000000c001db3c                SATA::write(unsigned long long, int, void*)
 *fill*         0x00000000c001dda1        0x1 
 .text          0x00000000c001dda2      0x5d0 hw/diskphys/satapi.32
                0x00000000c001dda2                SATAPI::write(unsigned long long, int, void*)
                0x00000000c001dda8                SATAPI::close(int, int, void*)
                0x00000000c001ddcc                SATAPI::SATAPI()
                0x00000000c001ddcc                SATAPI::SATAPI()
                0x00000000c001ddfa                SATAPI::diskRemoved()
                0x00000000c001ddfc                SATAPI::diskInserted()
                0x00000000c001de18                SATAPI::sendPacket(unsigned char*, int, unsigned long long, unsigned short*, int)
                0x00000000c001e0f6                SATAPI::eject()
                0x00000000c001e132                SATAPI::detectMedia()
                0x00000000c001e188                SATAPI::open(int, int, void*)
                0x00000000c001e288                SATAPI::read(unsigned long long, int, void*)
 .text          0x00000000c001e372      0x45b hw/intctrl/apic.32
                0x00000000c001e372                IOAPIC::close(int, int, void*)
                0x00000000c001e378                apicGetBase()
                0x00000000c001e3be                IOAPIC::IOAPIC()
                0x00000000c001e3be                IOAPIC::IOAPIC()
                0x00000000c001e3e6                apicOpen()
                0x00000000c001e562                IOAPIC::handlesGSIWithNumber(unsigned int)
                0x00000000c001e594                IOAPIC::read(int)
                0x00000000c001e5bc                IOAPIC::open(int, int, void*)
                0x00000000c001e6a2                IOAPIC::write(int, int)
                0x00000000c001e6ce                IOAPIC::redirect(unsigned char, unsigned long long, unsigned char, bool, bool)
 *fill*         0x00000000c001e7cd        0x3 
 .text          0x00000000c001e7d0       0xf0 hw/timer/apictimer.32
                0x00000000c001e7d0                APICTimer::close(int, int, void*)
                0x00000000c001e7d8                apicTimerHandler(regs*, void*)
                0x00000000c001e800                APICTimer::open(int, int, void*)
                0x00000000c001e870                APICTimer::write(int)
                0x00000000c001e898                APICTimer::APICTimer()
                0x00000000c001e898                APICTimer::APICTimer()
 .text          0x00000000c001e8c0      0x1ad hw/timer/pit.32
                0x00000000c001e8c0                PIT::write(int)
                0x00000000c001e944                pitHandler(regs*, void*)
                0x00000000c001e96c                PIT::open(int, int, void*)
                0x00000000c001e9bc                PIT::close(int, int, void*)
                0x00000000c001e9ec                PIT::PIT()
                0x00000000c001e9ec                PIT::PIT()
 *fill*         0x00000000c001ea6d        0x3 
 .text          0x00000000c001ea70       0x83 arch/i386/avx.32
                0x00000000c001ea70                avxDetect
                0x00000000c001ea9a                avxSave
                0x00000000c001eaab                avxLoad
                0x00000000c001eabc                avxInit
                0x00000000c001eade                avxClose
                0x00000000c001eadf                wouldSheSayYes
 *fill*         0x00000000c001eaf3        0xd 
 .text          0x00000000c001eb00      0x2ec arch/i386/interrupt.32
                0x00000000c001eb00                isr0
                0x00000000c001eb10                isr1
                0x00000000c001eb1a                isr2
                0x00000000c001eb24                isr3
                0x00000000c001eb2e                isr4
                0x00000000c001eb38                isr5
                0x00000000c001eb42                isr6
                0x00000000c001eb4c                isr7
                0x00000000c001eb56                isr8
                0x00000000c001eb5e                isr9
                0x00000000c001eb68                isr10
                0x00000000c001eb70                isr11
                0x00000000c001eb78                isr12
                0x00000000c001eb80                isr13
                0x00000000c001eb9a                isr14
                0x00000000c001eba2                isr15
                0x00000000c001ebac                isr16
                0x00000000c001ebb6                isr17
                0x00000000c001ebc0                isr18
                0x00000000c001ebca                irq3
                0x00000000c001ebd4                irq4
                0x00000000c001ebde                irq5
                0x00000000c001ebe8                irq6
                0x00000000c001ebf2                irq7
                0x00000000c001ebfc                irq8
                0x00000000c001ec06                irq9
                0x00000000c001ec10                irq10
                0x00000000c001ec1a                irq11
                0x00000000c001ec24                irq12
                0x00000000c001ec2e                irq13
                0x00000000c001ec38                irq14
                0x00000000c001ec42                irq15
                0x00000000c001ec4c                irq1
                0x00000000c001ec53                irq2
                0x00000000c001ec5a                isr96
                0x00000000c001ec61                irq0
                0x00000000c001ec66                int_common_stub
                0x00000000c001ec98                syscall_common_stub
                0x00000000c001ed9c                irq16
                0x00000000c001eda6                irq17
                0x00000000c001edb0                irq18
                0x00000000c001edba                irq19