Archive member included to satisfy reference by file (symbol)

/cygdrive/d/Users/Alex/Desktop/Toolchain/Output/bin/../lib/gcc/i386-banana/8.1.0/libgcc.a(_divdi3.o)
                              fs/fat/ff.32 (__divdi3)
/cygdrive/d/Users/Alex/Desktop/Toolchain/Output/bin/../lib/gcc/i386-banana/8.1.0/libgcc.a(_moddi3.o)
                              thr/elf.32 (__moddi3)
/cygdrive/d/Users/Alex/Desktop/Toolchain/Output/bin/../lib/gcc/i386-banana/8.1.0/libgcc.a(_udivdi3.o)
                              fs/fat/ff.32 (__udivdi3)
/cygdrive/d/Users/Alex/Desktop/Toolchain/Output/bin/../lib/gcc/i386-banana/8.1.0/libgcc.a(_umoddi3.o)
                              core/pipe.32 (__umoddi3)
D:/Users/Alex/Desktop/Banana/kernel/libk/libm32.a(s_fabs.c.o)
                              hal/libresample/samplerate.32 (fabs)
D:/Users/Alex/Desktop/Banana/kernel/libk/libm32.a(s_lrint.S.o)
                              hal/libresample/samplerate.32 (lrint)
D:/Users/Alex/Desktop/Banana/kernel/libk/libm32.a(s_lrintf.S.o)
                              hal/sound/sndhw.32 (lrintf)

Discarded input sections

 .comment       0x0000000000000000       0x12 /cygdrive/d/Users/Alex/Desktop/Toolchain/Output/bin/../lib/gcc/i386-banana/8.1.0/crtbegin.o
 .comment       0x0000000000000000       0x12 acpica/utclib.32
 .comment       0x0000000000000000       0x12 core/malloc.32
 .comment       0x0000000000000000       0x12 libk/string.32
 .comment       0x0000000000000000       0x12 fs/fat/diskio.32
 .comment       0x0000000000000000       0x12 fs/fat/ff.32
 .comment       0x0000000000000000       0x12 fs/fat/ffsystem.32
 .comment       0x0000000000000000       0x12 fs/fat/ffunicode.32
 .comment       0x0000000000000000       0x12 hal/libresample/samplerate.32
 .comment       0x0000000000000000       0x12 hal/libresample/src_linear.32
 .comment       0x0000000000000000       0x12 hal/libresample/src_sinc.32
 .comment       0x0000000000000000       0x12 hal/libresample/src_zoh.32
 .group         0x0000000000000000       0x14 core/computer.32
 .group         0x0000000000000000        0xc core/computer.32
 .comment       0x0000000000000000       0x12 core/computer.32
 .comment       0x0000000000000000       0x12 core/gdt.32
 .group         0x0000000000000000        0xc core/idle.32
 .comment       0x0000000000000000       0x12 core/idle.32
 .comment       0x0000000000000000       0x12 core/idt.32
 .group         0x0000000000000000        0x8 core/kheap.32
 .group         0x0000000000000000        0x8 core/kheap.32
 .comment       0x0000000000000000       0x12 core/kheap.32
 .comment       0x0000000000000000       0x12 core/main.32
 .comment       0x0000000000000000       0x12 core/physmgr.32
 .group         0x0000000000000000        0xc core/pipe.32
 .comment       0x0000000000000000       0x12 core/pipe.32
 .group         0x0000000000000000        0xc core/terminal.32
 .comment       0x0000000000000000       0x12 core/terminal.32
 .group         0x0000000000000000        0x8 core/tss.32
 .text._ZN3CPU7readCR3Ev
                0x0000000000000000       0x12 core/tss.32
 .comment       0x0000000000000000       0x12 core/tss.32
 .group         0x0000000000000000        0x8 core/unixfile.32
 .group         0x0000000000000000        0xc core/unixfile.32
 .group         0x0000000000000000        0xc core/unixfile.32
 .group         0x0000000000000000        0x8 core/unixfile.32
 .group         0x0000000000000000        0xc core/unixfile.32
 .group         0x0000000000000000        0x8 core/unixfile.32
 .group         0x0000000000000000        0xc core/unixfile.32
 .group         0x0000000000000000        0xc core/unixfile.32
 .comment       0x0000000000000000       0x12 core/unixfile.32
 .group         0x0000000000000000        0x8 core/virtmgr.32
 .group         0x0000000000000000        0x8 core/virtmgr.32
 .text._ZN3CPU7readCR3Ev
                0x0000000000000000       0x12 core/virtmgr.32
 .text._ZN3CPU8writeCR3Em
                0x0000000000000000        0x9 core/virtmgr.32
 .comment       0x0000000000000000       0x12 core/virtmgr.32
 .comment       0x0000000000000000       0x12 coreobjs/c++.32
 .comment       0x0000000000000000       0x12 dbg/kconsole.32
 .group         0x0000000000000000        0xc fs/vfs.32
 .group         0x0000000000000000        0xc fs/vfs.32
 .group         0x0000000000000000        0xc fs/vfs.32
 .comment       0x0000000000000000       0x12 fs/vfs.32
 .group         0x0000000000000000        0xc hal/bus.32
 .comment       0x0000000000000000       0x12 hal/bus.32
 .group         0x0000000000000000        0xc hal/buzzer.32
 .comment       0x0000000000000000       0x12 hal/buzzer.32
 .group         0x0000000000000000        0xc hal/clock.32
 .comment       0x0000000000000000       0x12 hal/clock.32
 .group         0x0000000000000000       0x14 hal/device.32
 .group         0x0000000000000000        0xc hal/device.32
 .group         0x0000000000000000        0xc hal/device.32
[...]
Memory Configuration

Name             Origin             Length             Attributes
*default*        0x0000000000000000 0xffffffffffffffff

Linker script and memory map

LOAD D:/Users/Alex/Desktop/Banana/kernel/boot.32
LOAD crti.32
LOAD /cygdrive/d/Users/Alex/Desktop/Toolchain/Output/bin/../lib/gcc/i386-banana/8.1.0/crtbegin.o
LOAD D:/Users/Alex/Desktop/Banana/kernel/morenasm.32
LOAD acpica/utclib.32
LOAD core/malloc.32
LOAD libk/string.32
LOAD fs/fat/diskio.32
LOAD fs/fat/ff.32
LOAD fs/fat/ffsystem.32
LOAD fs/fat/ffunicode.32
LOAD hal/libresample/samplerate.32
LOAD hal/libresample/src_linear.32
LOAD hal/libresample/src_sinc.32
LOAD hal/libresample/src_zoh.32
LOAD core/computer.32
LOAD core/gdt.32
LOAD core/idle.32
LOAD core/idt.32
LOAD core/kheap.32
LOAD core/main.32
LOAD core/physmgr.32
LOAD core/pipe.32
LOAD core/terminal.32
LOAD core/tss.32
LOAD core/unixfile.32
LOAD core/virtmgr.32
LOAD coreobjs/c++.32
LOAD dbg/kconsole.32
LOAD fs/vfs.32
LOAD hal/bus.32
LOAD hal/buzzer.32
LOAD hal/clock.32
LOAD hal/device.32
LOAD hal/diskctrl.32
LOAD hal/diskphys.32
LOAD hal/fpu.32
LOAD hal/intctrl.32
LOAD hal/keybrd.32
LOAD hal/logidisk.32
LOAD hal/mouse.32
LOAD hal/partition.32
LOAD hal/timer.32
LOAD hal/vcache.32
LOAD hal/video.32
LOAD hw/acpi.32
LOAD hw/cpu.32
LOAD hw/ports.32
LOAD krnl/panic.32
LOAD reg/registry.32
LOAD sys/sc_exit.32
LOAD sys/sc_loaddll.32
LOAD sys/sc_read.32
LOAD sys/sc_sbrk.32
LOAD sys/sc_write.32
LOAD sys/sc_yield.32
LOAD sys/syscalls.32
LOAD thr/elf.32
LOAD thr/prcssthr.32
LOAD vm86/vm8086.32
LOAD fs/fat/vfslink.32
LOAD fs/iso9660/vfslink.32
LOAD hal/sound/sndchannel.32
LOAD hal/sound/sndhw.32
LOAD hw/bus/isa.32
LOAD hw/bus/pci.32
LOAD hw/diskctrl/ide.32
LOAD hw/diskphys/ata.32
LOAD hw/diskphys/atapi.32
LOAD hw/fpu/avx.32
LOAD hw/fpu/mmx.32
LOAD hw/fpu/sse.32
LOAD hw/fpu/x87.32
LOAD hw/intctrl/apic.32
LOAD hw/intctrl/pic.32
LOAD hw/timer/apictimer.32
LOAD hw/timer/pit.32
LOAD hw/fpu/x86/avx.32
LOAD hw/fpu/x86/sse.32
LOAD hw/fpu/x86/x87.32
LOAD /cygdrive/d/Users/Alex/Desktop/Toolchain/Output/bin/../lib/gcc/i386-banana/8.1.0/crtend.o
LOAD crtn.32
LOAD /cygdrive/d/Users/Alex/Desktop/Toolchain/Output/bin/../lib/gcc/i386-banana/8.1.0/libgcc.a
LOAD D:/Users/Alex/Desktop/Banana/kernel/libk/libm32.a
                0x00000000c0000000                . = 0xc0000000

.text           0x00000000c0000000    0x1f768
 *(.text)
 .text          0x00000000c0000000       0x41 D:/Users/Alex/Desktop/Banana/kernel/boot.32
                0x00000000c0000020                callGlobalConstructors
 .text          0x00000000c0000041        0x0 crti.32
 *fill*         0x00000000c0000041        0x3 
 .text          0x00000000c0000044      0x101 /cygdrive/d/Users/Alex/Desktop/Toolchain/Output/bin/../lib/gcc/i386-banana/8.1.0/crtbegin.o
 *fill*         0x00000000c0000145        0xb 
 .text          0x00000000c0000150      0x4db D:/Users/Alex/Desktop/Banana/kernel/morenasm.32
                0x00000000c0000150                voodooXADD
                0x00000000c0000207                doTPAUSE
                0x00000000c0000211                hasLegacyFPU
                0x00000000c0000236                is486
                0x00000000c000026c                goToVM86
                0x00000000c000029d                goToUsermode
                0x00000000c00002cd                switchToThreadASMFirstTime
                0x00000000c00002db                switchToThreadASM
                0x00000000c000037b                detectCPUID
                0x00000000c0000391                asmQuickAcquireLock
                0x00000000c00003af                asmQuickReleaseLock
                0x00000000c00003bb                asmAcquireLock
                0x00000000c00003dc                asmReleaseLock
                0x00000000c00003ef                loadGDT
                0x00000000c000040f                isr0
                0x00000000c000041f                isr1
                0x00000000c0000429                isr2
                0x00000000c0000433                isr3
                0x00000000c000043d                isr4
                0x00000000c0000447                isr5
                0x00000000c0000451                isr6
                0x00000000c000045b                isr7
                0x00000000c0000465                isr8
                0x00000000c000046d                isr9
                0x00000000c0000477                isr10
                0x00000000c000047f                isr11
                0x00000000c0000487                isr12
                0x00000000c000048f                isr13
                0x00000000c0000497                isr14
                0x00000000c000049f                isr15
                0x00000000c00004a9                isr16
                0x00000000c00004b3                isr17
                0x00000000c00004bd                isr18
                0x00000000c00004c7                isr96
                0x00000000c00004d1                irq0
                0x00000000c00004db                irq1
                0x00000000c00004e5                irq2
                0x00000000c00004ef                irq3
                0x00000000c00004f9                irq4
                0x00000000c0000503                irq5
                0x00000000c000050d                irq6
                0x00000000c0000517                irq7
                0x00000000c0000521                irq8
                0x00000000c000052b                irq9
                0x00000000c0000535                irq10
                0x00000000c000053f                irq11
                0x00000000c0000549                irq12
                0x00000000c0000553                irq13
                0x00000000c000055d                irq14
                0x00000000c0000567                irq15
                0x00000000c0000571                irq16
                0x00000000c000057b                irq17
                0x00000000c0000585                irq18
                0x00000000c000058f                irq19
                0x00000000c0000599                irq20
                0x00000000c00005a3                irq21
                0x00000000c00005ad                irq22
                0x00000000c00005b7                irq23
                0x00000000c00005c1                int_common_stub
                0x00000000c00005f1                syscall_common_stub
 .text          0x00000000c000062b      0x411 acpica/utclib.32
                0x00000000c000062b                memcmp
                0x00000000c0000656                memmove
                0x00000000c000068e                memcpy
                0x00000000c00006c4                memset
                0x00000000c00006e1                strlen
                0x00000000c00006f1                strpbrk
                0x00000000c0000714                strtok
                0x00000000c0000763                strcpy
                0x00000000c0000783                strncpy
                0x00000000c00007b4                strcmp
                0x00000000c00007d5                strchr
                0x00000000c00007eb                strncmp
                0x00000000c000081a                strcat
                0x00000000c0000841                strncat
                0x00000000c000087b                strstr
                0x00000000c00008b8                toupper
                0x00000000c00008cc                tolower
                0x00000000c00008e0                simple_strtoul
 .text          0x00000000c0000a3c      0xfc2 core/malloc.32
                0x00000000c0000ba7                dlfree
                0x00000000c0000f05                dlmalloc
                0x00000000c0001442                dlrealloc
                0x00000000c00015f7                dlmemalign
                0x00000000c000171a                dlcalloc
                0x00000000c00017b4                dlcfree
                0x00000000c00017b9                dlindependent_calloc
                0x00000000c00017de                dlindependent_comalloc
                0x00000000c00017f5                dlvalloc
                0x00000000c0001820                dlpvalloc
                0x00000000c0001856                dlmalloc_trim
                0x00000000c0001863                dlmalloc_usable_size
                0x00000000c0001894                dlmallinfo
                0x00000000c0001963                dlmalloc_stats
                0x00000000c0001974                dlmallopt
 .text          0x00000000c00019fe        0x0 libk/string.32
 .text          0x00000000c00019fe       0x51 fs/fat/diskio.32
                0x00000000c00019fe                disk_status
                0x00000000c0001a01                disk_initialize
                0x00000000c0001a04                disk_read
                0x00000000c0001a1a                disk_write
                0x00000000c0001a30                disk_ioctl
 .text          0x00000000c0001a4f     0x67e6 fs/fat/ff.32
                0x00000000c0004d05                f_mount
                0x00000000c0004d67                f_open
                0x00000000c00051a3                f_read
                0x00000000c0005423                f_write
                0x00000000c00056dd                f_sync
                0x00000000c00058b9                f_close
                0x00000000c00058e8                f_lseek
                0x00000000c0005d4d                f_opendir
                0x00000000c0005e4f                f_closedir
                0x00000000c0005e71                f_readdir
                0x00000000c0005f0c                f_stat
                0x00000000c0005f9b                f_getfree
                0x00000000c0006183                f_truncate
                0x00000000c000627b                f_unlink
                0x00000000c00063fc                f_mkdir
                0x00000000c0006628                f_rename
                0x00000000c000691b                f_chmod
                0x00000000c00069f9                f_utime
                0x00000000c0006ad7                f_getlabel
                0x00000000c0006ccb                f_setlabel
                0x00000000c0006f38                f_forward
                0x00000000c0007116                f_mkfs
 .text          0x00000000c0008235       0x2d fs/fat/ffsystem.32
                0x00000000c0008235                ff_memalloc
                0x00000000c000824b                ff_memfree
 .text          0x00000000c0008262      0x280 fs/fat/ffunicode.32
                0x00000000c0008262                ff_uni2oem
                0x00000000c00082f8                ff_oem2uni
                0x00000000c0008367                ff_wtoupper
 .text          0x00000000c00084e2      0x70e hal/libresample/samplerate.32
                0x00000000c000856a                src_delete
                0x00000000c00085a6                src_process
                0x00000000c00086ce                src_callback_read
                0x00000000c000882f                src_set_ratio
                0x00000000c0008886                src_get_channels
                0x00000000c00088a8                src_reset
                0x00000000c00088ec                src_new
                0x00000000c000897a                src_callback_new
                0x00000000c00089dc                src_get_name
                0x00000000c0008a13                src_get_description
                0x00000000c0008a4a                src_get_version
                0x00000000c0008a50                src_is_valid_ratio
                0x00000000c0008a6a                src_error
                0x00000000c0008a78                src_strerror
                0x00000000c0008a8b                src_simple
                0x00000000c0008ade                src_short_to_float_array
                0x00000000c0008b04                src_float_to_short_array
                0x00000000c0008b68                src_int_to_float_array
                0x00000000c0008b8e                src_float_to_int_array
 .text          0x00000000c0008bf0      0x3f9 hal/libresample/src_linear.32
                0x00000000c0008f44                linear_get_name
                0x00000000c0008f53                linear_get_description
                0x00000000c0008f62                linear_set_converter
 .text          0x00000000c0008fe9     0x1a31 hal/libresample/src_sinc.32
                0x00000000c000a931                sinc_get_name
                0x00000000c000a944                sinc_get_description
                0x00000000c000a957                sinc_set_converter
 .text          0x00000000c000aa1a      0x3cf hal/libresample/src_zoh.32
                0x00000000c000ad44                zoh_get_name
                0x00000000c000ad53                zoh_get_description
                0x00000000c000ad62                zoh_set_converter
 *fill*         0x00000000c000ade9        0x1 
 .text          0x00000000c000adea      0x9d0 core/computer.32
                0x00000000c000adea                Computer::close(int, int, void*)
                0x00000000c000ae30                Computer::Computer()
                0x00000000c000ae30                Computer::Computer()
                0x00000000c000af96                Computer::setBootMessage(char const*)
                0x00000000c000af98                Computer::start()
                0x00000000c000b09b                firstTask()
                0x00000000c000b0aa                Computer::detectFeatures()
                0x00000000c000b2a4                Computer::displayFeatures()
                0x00000000c000b580                Computer::rdmsr(unsigned int)
                0x00000000c000b5ac                Computer::wrmsr(unsigned int, unsigned long long)
                0x00000000c000b5e4                Computer::nmiEnabled()
                0x00000000c000b5f0                Computer::readCMOS(unsigned char)
                0x00000000c000b60c                Computer::enableNMI(bool)
                0x00000000c000b624                Computer::open(int, int, void*)
                0x00000000c000b6f8                Computer::disableNMI()
                0x00000000c000b708                Computer::writeCMOS(unsigned char, unsigned char)
                0x00000000c000b728                Computer::handleNMI()
                0x00000000c000b78e                Computer::setDiskActivityLight(int, bool)
 .text          0x00000000c000b7ba      0x1b7 core/gdt.32
                0x00000000c000b7ba                GDTEntry::setBase(unsigned int)
                0x00000000c000b7d6                GDTEntry::setLimit(unsigned int)
                0x00000000c000b7f4                GDT::GDT()
                0x00000000c000b7f4                GDT::GDT()
                0x00000000c000b80a                GDT::addEntry(GDTEntry)
                0x00000000c000b846                GDT::getNumberOfEntries()
                0x00000000c000b84e                GDT::flush()
                0x00000000c000b870                GDT::setup()
 .text          0x00000000c000b971       0x61 core/idle.32
                0x00000000c000b971                idleFunction(void*)
 .text          0x00000000c000b9d2      0x45f core/idt.32
                0x00000000c000b9d2                IDTEntry::IDTEntry(bool)
                0x00000000c000b9d2                IDTEntry::IDTEntry(bool)
                0x00000000c000ba40                IDTEntry::setOffset(unsigned int)
                0x00000000c000ba54                IDT::IDT()
                0x00000000c000ba54                IDT::IDT()
                0x00000000c000ba56                IDT::getPointerToInvalidOpcodeEntryForF00F()
                0x00000000c000ba5e                IDT::addEntry(IDTEntry, int)
                0x00000000c000ba78                IDT::addEntry(int, void (*)(), bool)
                0x00000000c000bab0                IDT::flush()
                0x00000000c000baca                IDT::setup()
 .text          0x00000000c000be31      0x20c core/kheap.32
                0x00000000c000be31                sbrk
                0x00000000c000bf48                mmap
                0x00000000c000bf5e                munmap
                0x00000000c000bf74                liballoc_lock()
                0x00000000c000bf85                liballoc_unlock()
                0x00000000c000bf96                liballoc_alloc(int)
                0x00000000c000bfb1                liballoc_free(void*, int)
                0x00000000c000bfcf                realloc
                0x00000000c000bfe3                malloc
                0x00000000c000bff3                free
                0x00000000c000c003                rfree
                0x00000000c000c013                calloc
 .text          0x00000000c000c03d      0x3a9 core/main.32
                0x00000000c000c03d                hwTextMode_loadInData(VgaText*)
                0x00000000c000c082                hwTextMode_loadInTitle(VgaText*, char*)
                0x00000000c000c0cc                hwTextMode_showCursor(VgaText*, bool)
                0x00000000c000c120                hwTextMode_update(VgaText*)
                0x00000000c000c121                hwTextMode_updateCursor(VgaText*)
                0x00000000c000c16f                hwTextMode_disableBlink(VgaText*, bool)
                0x00000000c000c1ab                hwTextMode_scrollScreen(VgaText*)
                0x00000000c000c237                hwTextMode_writeCharacter(VgaText*, char, VgaColour, VgaColour, int, int)
                0x00000000c000c29d                setupTextMode()
                0x00000000c000c2ee                kernel_main
 .text          0x00000000c000c3e6      0x504 core/physmgr.32
                0x00000000c000c3e6                Phys::allocateDMA(unsigned long)
                0x00000000c000c48a                Phys::freeDMA(unsigned long, unsigned long)
                0x00000000c000c4d2                Phys::setPageState(unsigned long, bool)
                0x00000000c000c50b                Phys::getPageState(unsigned long)
                0x00000000c000c52c                Phys::freePage(unsigned long)
                0x00000000c000c5b9                Phys::allocatePage()
                0x00000000c000c685                Phys::allowSegmentToBeUsed(unsigned long, unsigned long)
                0x00000000c000c6bd                Phys::physicalMemorySetup(unsigned int)
 .text          0x00000000c000c8ea      0x273 core/pipe.32
                0x00000000c000c8ea                Pipe::isAtty()
                0x00000000c000c8ee                Pipe::~Pipe()
                0x00000000c000c8ee                Pipe::~Pipe()
                0x00000000c000c912                Pipe::~Pipe()
                0x00000000c000c93a                Pipe::read(unsigned long long, void*, int*)
                0x00000000c000ca2e                Pipe::write(unsigned long long, void*, int*)
                0x00000000c000caf6                Pipe::Pipe(int)
                0x00000000c000caf6                Pipe::Pipe(int)
 *fill*         0x00000000c000cb5d        0x1 
 .text          0x00000000c000cb5e      0xf67 core/terminal.32
                0x00000000c000cb5e                VgaText::isAtty()
                0x00000000c000cb62                VgaText::~VgaText()
                0x00000000c000cb62                VgaText::~VgaText()
                0x00000000c000cb86                VgaText::~VgaText()
                0x00000000c000cbb0                VgaText::read(unsigned long long, void*, int*)
                0x00000000c000cbd0                setTerminalScrollLock(bool)
                0x00000000c000cbd1                addToTerminalCycle(VgaText*)
                0x00000000c000cbfe                installVgaTextImplementation()
                0x00000000c000cc13                scrollTerminalScrollLock(int)
                0x00000000c000cc14                VgaText::load()
                0x00000000c000cc68                VgaText::updateCursor()
                0x00000000c000cc82                VgaText::showCursor(bool)
                0x00000000c000cc92                VgaText::disableBlink(bool)
                0x00000000c000cccc                VgaText::doANSI_SGR(int)
                0x00000000c000cd58                VgaText::setDefaultBgColour(VgaColour)
                0x00000000c000cd6e                VgaText::setDefaultFgColour(VgaColour)
                0x00000000c000cd84                VgaText::setDefaultColours(VgaColour, VgaColour)
                0x00000000c000cda4                VgaText::combineColours(unsigned char, unsigned char)
                0x00000000c000cdb6                VgaText::scrollScreen()
                0x00000000c000ce4a                VgaText::combineCharAndColour(char, unsigned char)
                0x00000000c000ce5c                VgaText::writeCharacter(char, VgaColour, VgaColour, int, int)
                0x00000000c000cebc                VgaText::getCursorX()
                0x00000000c000cec8                VgaText::getCursorY()
                0x00000000c000ced4                VgaText::setCursor(int, int)
                0x00000000c000cef2                VgaText::setCursorX(int)
                0x00000000c000cf0e                VgaText::setCursorY(int)
                0x00000000c000cf2a                VgaText::incrementCursor(bool)
                0x00000000c000cf92                VgaText::updateRAMUsageDisplay(int)
                0x00000000c000cfec                VgaText::updateDiskUsage()
                0x00000000c000d152                VgaText::updateTitle()
                0x00000000c000d198                VgaText::setTitleTextColour(VgaColour)
                0x00000000c000d1a8                VgaText::setTitleColour(VgaColour)
                0x00000000c000d1b8                VgaText::setTitle(char*)
                0x00000000c000d1de                VgaText::decrementCursor(bool)
                0x00000000c000d206                VgaText::putchar(char, VgaColour, VgaColour)
                0x00000000c000d302                VgaText::isShowingCursor()
                0x00000000c000d30e                VgaText::isBlinkDisabled()
                0x00000000c000d31c                VgaText::setCursorHeight(int)
                0x00000000c000d33a                VgaText::getCursorHeight()
                0x00000000c000d345                setActiveTerminal(VgaText*)
                0x00000000c000d3f7                doTerminalCycle()
                0x00000000c000d414                VgaText::doUpdate()
                0x00000000c000d426                VgaText::puts(char const*, VgaColour, VgaColour)
                0x00000000c000d5e8                VgaText::clearScreen()
                0x00000000c000d64c                VgaText::putchar(char)
                0x00000000c000d766                VgaText::puts(char const*)
                0x00000000c000d78c                VgaText::putx(unsigned int)
                0x00000000c000d7d2                VgaText::VgaText(char const*)
                0x00000000c000d7d2                VgaText::VgaText(char const*)
                0x00000000c000d964                VgaText::receiveKey(unsigned char)
                0x00000000c000da4c                VgaText::write(unsigned long long, void*, int*)
                0x00000000c000daa0                newTerminal(char*)
 *fill*         0x00000000c000dac5        0x1 
 .text          0x00000000c000dac6      0x18f core/tss.32
                0x00000000c000dac6                TSS::TSS()
                0x00000000c000dac6                TSS::TSS()
                0x00000000c000dad4                TSS::setESP(unsigned long)
                0x00000000c000dae6                TSS::flush()
                0x00000000c000db06                TSS::setup(unsigned long, unsigned long)
 *fill*         0x00000000c000dc55        0x1 
 .text          0x00000000c000dc56      0x545 core/unixfile.32
                0x00000000c000dc56                ReservedFilename::read(unsigned long long, void*, int*)
                0x00000000c000dcec                ReservedFilename::isAtty()
                0x00000000c000dd22                ReservedFilename::write(unsigned long long, void*, int*)
                0x00000000c000ddbc                UnixFile::getFileDescriptor()
                0x00000000c000ddc4                UnixFile::UnixFile(int)
                0x00000000c000ddc4                UnixFile::UnixFile(int)
                0x00000000c000df34                ReservedFilename::ReservedFilename(int)
                0x00000000c000df34                ReservedFilename::ReservedFilename(int)
                0x00000000c000df66                UnixFile::~UnixFile()
                0x00000000c000df66                UnixFile::~UnixFile()
                0x00000000c000dffe                UnixFile::~UnixFile()
                0x00000000c000e026                ReservedFilename::~ReservedFilename()
                0x00000000c000e026                ReservedFilename::~ReservedFilename()
                0x00000000c000e04a                ReservedFilename::~ReservedFilename()
                0x00000000c000e071                getFromFileDescriptor(int)
 *fill*         0x00000000c000e19b        0x1 
 .text          0x00000000c000e19c      0xecf core/virtmgr.32
                0x00000000c000e19c                Virt::setPageState(unsigned long, Virt::VirtPageState)
                0x00000000c000e1d3                Virt::getPageState(unsigned long)
                0x00000000c000e1fa                Virt::allocateKernelVirtualPages(int)
                0x00000000c000e30b                Virt::virtualMemorySetup()
                0x00000000c000e387                Virt::getAKernelVAS()
                0x00000000c000e38d                Virt::setupPageSwapping(int)
                0x00000000c000e4a8                VAS::VAS()
                0x00000000c000e4a8                VAS::VAS()
                0x00000000c000e4d8                VAS::VAS(VAS*)
                0x00000000c000e4d8                VAS::VAS(VAS*)
                0x00000000c000e4fc                VAS::getForeignPageTableEntry(bool, unsigned long)
                0x00000000c000e528                VAS::getPageTableEntry(unsigned long)
                0x00000000c000e547                Virt::freeKernelVirtualPages(unsigned long)
                0x00000000c000e668                VAS::freeAllocatedPages(unsigned long)
                0x00000000c000e68c                VAS::virtualToPhysical(unsigned long)
                0x00000000c000e6a6                VAS::reflagRange(unsigned long, int, int, int)
                0x00000000c000e6ea                VAS::setToWriteCombining(unsigned long, int)
                0x00000000c000e724                VAS::mapOtherVASIn(bool, VAS*)
                0x00000000c000e75a                VAS::~VAS()
                0x00000000c000e75a                VAS::~VAS()
                0x00000000c000e8c6                VAS::mapPage(unsigned long, unsigned long, int)
                0x00000000c000e9c8                VAS::allocatePages(int, int)
                0x00000000c000eb9a                VAS::setCPUSpecific(unsigned long)
                0x00000000c000ebb8                VAS::mapRange(unsigned long, unsigned long, int, int)
                0x00000000c000ec82                VAS::mapForeignPage(bool, VAS*, unsigned long, unsigned long, int)
                0x00000000c000ed74                VAS::VAS(bool)
                0x00000000c000ed74                VAS::VAS(bool)
                0x00000000c000efa4                mapVASFirstTime
 .text          0x00000000c000f06b       0x93 coreobjs/c++.32
                0x00000000c000f06b                __cxa_atexit
                0x00000000c000f06e                __cxa_finalize
                0x00000000c000f06f                __stack_chk_fail
                0x00000000c000f0cf                __cxa_pure_virtual
                0x00000000c000f0e0                operator new(unsigned long)
                0x00000000c000f0e5                operator new[](unsigned long)
                0x00000000c000f0ea                operator delete(void*)
                0x00000000c000f0ef                operator delete(void*, unsigned long)
                0x00000000c000f0f4                operator delete[](void*)
                0x00000000c000f0f9                operator delete[](void*, unsigned long)
 .text          0x00000000c000f0fe      0x23d dbg/kconsole.32
                0x00000000c000f0fe                Dbg::stringifyxWithBase(unsigned int, char*, int)
                0x00000000c000f1a2                Dbg::logc(char)
                0x00000000c000f1b9                Dbg::logs(char*)
                0x00000000c000f1d6                Dbg::logWriteInt(unsigned int)
                0x00000000c000f1f4                Dbg::logWriteIntBase(unsigned int, int)
                0x00000000c000f215                Dbg::kprintf(char const*, ...)
 *fill*         0x00000000c000f33b        0x1 
 .text          0x00000000c000f33c      0xb68 fs/vfs.32
                0x00000000c000f33c                File::read(unsigned long long, void*, int*)
                0x00000000c000f394                File::write(unsigned long long, void*, int*)
                0x00000000c000f3ec                Directory::read(unsigned long long, void*, int*)
                0x00000000c000f444                Directory::write(unsigned long long, void*, int*)
                0x00000000c000f472                File::isAtty()
                0x00000000c000f476                Directory::isAtty()
                0x00000000c000f47a                Filesystem::getlabel(LogicalDisk*, int, char*, unsigned int*)
                0x00000000c000f480                Filesystem::setlabel(LogicalDisk*, int, char*)
                0x00000000c000f486                File::~File()
                0x00000000c000f486                File::~File()
                0x00000000c000f4aa                File::~File()
                0x00000000c000f4d4                Directory::~Directory()
                0x00000000c000f4d4                Directory::~Directory()
                0x00000000c000f4f8                Directory::~Directory()
                0x00000000c000f522                Filesystem::Filesystem()
                0x00000000c000f522                Filesystem::Filesystem()
                0x00000000c000f546                Filesystem::~Filesystem()
                0x00000000c000f546                Filesystem::~Filesystem()
                0x00000000c000f554                Filesystem::~Filesystem()
                0x00000000c000f578                initVFS()
                0x00000000c000f5a2                standardiseFiles(char*, char const*, char const*)
                0x00000000c000f74c                File::File(char const*, Process*)
                0x00000000c000f74c                File::File(char const*, Process*)
                0x00000000c000f7b0                File::open(FileOpenMode)
                0x00000000c000f80e                File::close()
                0x00000000c000f86e                File::seek(unsigned long long)
                0x00000000c000f8c4                File::tell(unsigned long long*)
                0x00000000c000f914                File::rewind()
                0x00000000c000f928                File::unlink()
                0x00000000c000f974                File::rename(char const*)
                0x00000000c000f9c2                File::chfatattr(unsigned char, unsigned char)
                0x00000000c000fa1e                File::exists()
                0x00000000c000fa5c                File::stat(unsigned long long*, bool*)
                0x00000000c000fabd                getcwd(Process*, char*, int)
                0x00000000c000fae7                setcwd(Process*, char*)
                0x00000000c000fc0e                Directory::Directory(char const*, Process*)
                0x00000000c000fc0e                Directory::Directory(char const*, Process*)
                0x00000000c000fc72                Directory::open()
                0x00000000c000fcce                Directory::close()
                0x00000000c000fd2e                Directory::unlink()
                0x00000000c000fd7a                Directory::rename(char const*)
                0x00000000c000fdc8                Directory::exists()
                0x00000000c000fe06                Directory::read(dirent*)
                0x00000000c000fe52                Directory::create()
                0x00000000c000fe9e                Filesystem::chfatattr(char const*, unsigned char, unsigned char)
 .text          0x00000000c000fea4       0x84 hal/bus.32
                0x00000000c000fea4                Bus::Bus(char const*)
                0x00000000c000fea4                Bus::Bus(char const*)
                0x00000000c000feda                Bus::~Bus()
                0x00000000c000feda                Bus::~Bus()
                0x00000000c000fefe                Bus::~Bus()
 .text          0x00000000c000ff28      0x14e hal/buzzer.32
                0x00000000c000ff28                Buzzer::Buzzer(char const*)
                0x00000000c000ff28                Buzzer::Buzzer(char const*)
                0x00000000c000ff6c                Buzzer::~Buzzer()
                0x00000000c000ff6c                Buzzer::~Buzzer()
                0x00000000c000ff90                Buzzer::~Buzzer()
                0x00000000c000ffba                Buzzer::stop()
                0x00000000c000ffcd                beepThread(void*)
                0x00000000c0010008                Buzzer::beep(int, int, bool)
 .text          0x00000000c0010076      0x435 hal/clock.32
                0x00000000c0010076                loadClockSettings()
                0x00000000c0010090                Clock::Clock(char const*)
                0x00000000c0010090                Clock::Clock(char const*)
                0x00000000c00100c6                Clock::~Clock()
                0x00000000c00100c6                Clock::~Clock()
                0x00000000c00100ea                Clock::~Clock()
                0x00000000c0010114                Clock::timeInSecondsLocal()
                0x00000000c001015c                Clock::setTimeInSecondsLocal(unsigned long long)
                0x00000000c00101b5                datetimeToSeconds(datetime_t)
                0x00000000c00102e2                Clock::setTimeInDatetimeLocal(datetime_t)
                0x00000000c0010342                secondsToDatetime(unsigned long long)
                0x00000000c0010486                Clock::timeInDatetimeLocal()
 *fill*         0x00000000c00104ab        0x1 
 .text          0x00000000c00104ac      0x500 hal/device.32
                0x00000000c00104ac                Device::hibernate()
                0x00000000c00104ae                Device::wake()
                0x00000000c00104b0                Device::detect()
                0x00000000c00104b2                Device::disableLegacy()
                0x00000000c00104b4                Device::powerSaving(PowerSavingLevel)
                0x00000000c00104b6                DriverlessDevice::close(int, int, void*)
                0x00000000c00104ba                DriverlessDevice::detect()
                0x00000000c00104bc                DriverlessDevice::open(int, int, void*)
                0x00000000c00104d0                Device::~Device()
                0x00000000c00104d0                Device::~Device()
                0x00000000c00104de                Device::~Device()
                0x00000000c0010506                Device::findAndLoadDriver()
                0x00000000c0010508                Device::preOpenPCI(PCIDeviceInfo)
                0x00000000c001052a                Device::preOpenACPI(void*, char*, char*)
                0x00000000c001057e                Device::addIRQHandler(int, void (*)(regs*, void*), bool, void*)
                0x00000000c00105dc                Device::removeIRQHandler(int, void (*)(regs*, void*), bool)
                0x00000000c001062a                Device::addChild(Device*)
                0x00000000c001066e                Device::removeAllChildren()
                0x00000000c00106b4                Device::hibernateAll()
                0x00000000c00106e4                Device::wakeAll()
                0x00000000c0010714                Device::detectAll()
                0x00000000c0010744                Device::disableLegacyAll()
                0x00000000c0010774                Device::loadDriversForAll()
                0x00000000c00107a0                Device::closeAll()
                0x00000000c00107d6                Device::powerSavingAll(PowerSavingLevel)
                0x00000000c001080c                Device::setName(char const*)
                0x00000000c001081a                Device::Device(char const*)
                0x00000000c001081a                Device::Device(char const*)
                0x00000000c001090c                Device::getName()
                0x00000000c0010916                DriverlessDevice::DriverlessDevice(char const*)
                0x00000000c0010916                DriverlessDevice::DriverlessDevice(char const*)
                0x00000000c001093e                Device::addToLinkedList(LinkedList<Device>&, DeviceType)
                0x00000000c0010982                getDevicesOfType(DeviceType)
 .text          0x00000000c00109ac       0x84 hal/diskctrl.32
                0x00000000c00109ac                HardDiskController::HardDiskController(char const*)
                0x00000000c00109ac                HardDiskController::HardDiskController(char const*)
                0x00000000c00109e2                HardDiskController::~HardDiskController()
                0x00000000c00109e2                HardDiskController::~HardDiskController()
                0x00000000c0010a06                HardDiskController::~HardDiskController()
 .text          0x00000000c0010a30       0xde hal/diskphys.32
                0x00000000c0010a30                PhysicalDisk::PhysicalDisk(char const*, int)
                0x00000000c0010a30                PhysicalDisk::PhysicalDisk(char const*, int)
                0x00000000c0010a98                PhysicalDisk::startCache()
                0x00000000c0010ac0                PhysicalDisk::~PhysicalDisk()
                0x00000000c0010ac0                PhysicalDisk::~PhysicalDisk()
                0x00000000c0010ae4                PhysicalDisk::~PhysicalDisk()
 .text          0x00000000c0010b0e      0x142 hal/fpu.32
                0x00000000c0010b0e                FPU::FPU(char const*)
                0x00000000c0010b0e                FPU::FPU(char const*)
                0x00000000c0010b44                FPU::~FPU()
                0x00000000c0010b44                FPU::~FPU()
                0x00000000c0010b68                FPU::~FPU()
                0x00000000c0010b92                setupFPU()
 .text          0x00000000c0010c50     0x12db hal/intctrl.32
                0x00000000c0010c50                InterruptController::uninstallISRHandler(int, void (*)(regs*, void*))
                0x00000000c0010c88                InterruptController::installISRHandler(int, void (*)(regs*, void*), void*)
                0x00000000c0010cda                doubleFault(regs*, void*)
                0x00000000c0010cf4                InterruptController::installIRQHandler(int, void (*)(regs*, void*), bool, void*)
                0x00000000c0010d90                InterruptController::clearAllHandlers(int, bool)
                0x00000000c0010e38                InterruptController::uninstallIRQHandler(int, void (*)(regs*, void*), bool)
                0x00000000c0010ebf                nmiHandler(regs*, void*)
                0x00000000c0010ecd                int_handler
                0x00000000c0010f68                InterruptController::InterruptController(char const*)
                0x00000000c0010f68                InterruptController::InterruptController(char const*)
                0x00000000c001100e                InterruptController::~InterruptController()
                0x00000000c001100e                InterruptController::~InterruptController()
                0x00000000c0011032                InterruptController::~InterruptController()
                0x00000000c001105c                displayDebugInfo(regs*)
                0x00000000c0011473                x87EmulHandler(regs*, void*)
                0x00000000c00114d6                gpFault(regs*, void*)
                0x00000000c001150f                pgFault(regs*, void*)
                0x00000000c0011526                otherISRHandler(regs*, void*)
                0x00000000c0011545                opcodeFault(regs*, void*)
                0x00000000c0011afe                displayProgramFault(char const*)
                0x00000000c0011b26                setupInterruptController()
                0x00000000c0011ede                InterruptController::convertLegacyIRQNumber(int)
 *fill*         0x00000000c0011f2b        0x1 
 .text          0x00000000c0011f2c      0x61c hal/keybrd.32
                0x00000000c0011f2c                startGUI(void*)
                0x00000000c0011f9e                sendKeyToTerminal(unsigned char)
                0x00000000c001200f                sendKeyboardToken(KeyboardToken)
                0x00000000c00123f8                clearInternalKeybuffer(VgaText*)
                0x00000000c001242d                readKeyboard(VgaText*, char*, unsigned long)
                0x00000000c00124be                Keyboard::Keyboard(char const*)
                0x00000000c00124be                Keyboard::Keyboard(char const*)
                0x00000000c00124fa                Keyboard::~Keyboard()
                0x00000000c00124fa                Keyboard::~Keyboard()
                0x00000000c001251e                Keyboard::~Keyboard()
 .text          0x00000000c0012548      0x400 hal/logidisk.32
                0x00000000c0012548                LogicalDisk::close(int, int, void*)
                0x00000000c001254c                LogicalDisk::~LogicalDisk()
                0x00000000c001254c                LogicalDisk::~LogicalDisk()
                0x00000000c0012570                LogicalDisk::~LogicalDisk()
                0x00000000c001259a                LogicalDisk::open(int, int, void*)
                0x00000000c00125ae                LogicalDisk::absoluteToRelative(unsigned long long)
                0x00000000c00125e6                LogicalDisk::relativeToAbsolute(unsigned long long)
                0x00000000c001262c                LogicalDisk::LogicalDisk(char const*, PhysicalDisk*, unsigned long long, unsigned long long)
                0x00000000c001262c                LogicalDisk::LogicalDisk(char const*, PhysicalDisk*, unsigned long long, unsigned long long)
                0x00000000c00126e2                LogicalDisk::assignDriveLetter()
                0x00000000c0012798                LogicalDisk::mount()
                0x00000000c001280a                LogicalDisk::unmount()
                0x00000000c001281a                LogicalDisk::unassignDriveLetter()
                0x00000000c0012870                LogicalDisk::read(unsigned long long, int, void*)
                0x00000000c00128dc                LogicalDisk::write(unsigned long long, int, void*)
 .text          0x00000000c0012948       0x84 hal/mouse.32
                0x00000000c0012948                Mouse::Mouse(char const*)
                0x00000000c0012948                Mouse::Mouse(char const*)
                0x00000000c001297e                Mouse::~Mouse()
                0x00000000c001297e                Mouse::~Mouse()
                0x00000000c00129a2                Mouse::~Mouse()
 .text          0x00000000c00129cc      0x339 hal/partition.32
                0x00000000c00129cc                makePartition(PhysicalDisk*, unsigned long long, unsigned long long)
                0x00000000c0012a74                createPartitionsForDisk(PhysicalDisk*)
 *fill*         0x00000000c0012d05        0x1 
 .text          0x00000000c0012d06      0x2e7 hal/timer.32
                0x00000000c0012d06                Timer::Timer(char const*)
                0x00000000c0012d06                Timer::Timer(char const*)
                0x00000000c0012d3c                Timer::~Timer()
                0x00000000c0012d3c                Timer::~Timer()
                0x00000000c0012d60                Timer::~Timer()
                0x00000000c0012d8a                Timer::read()
                0x00000000c0012d95                timerHandler(unsigned long long)
                0x00000000c0012ecc                setupTimer(int)
 *fill*         0x00000000c0012fed        0x1 
 .text          0x00000000c0012fee      0x2d1 hal/vcache.32
                0x00000000c0012fee                VCache::VCache(PhysicalDisk*)
                0x00000000c0012fee                VCache::VCache(PhysicalDisk*)
                0x00000000c00130de                VCache::writeWriteBuffer()
                0x00000000c001311a                VCache::~VCache()
                0x00000000c001311a                VCache::~VCache()
                0x00000000c001315a                VCache::~VCache()
                0x00000000c0013182                VCache::write(unsigned long long, int, void*)
                0x00000000c0013266                VCache::read(unsigned long long, int, void*)
 *fill*         0x00000000c00132bf        0x1 
 .text          0x00000000c00132c0      0x26d hal/video.32
                0x00000000c00132c0                Video::putrect(int, int, int, int, unsigned int)
                0x00000000c001330a                Video::blit(unsigned int*, int, int, int, int)
                0x00000000c0013388                Video::clearScreen(unsigned int)
                0x00000000c00133bc                Video::putpixel(int, int, unsigned int)
                0x00000000c00133ca                Video::Video(char const*)
                0x00000000c00133ca                Video::Video(char const*)
                0x00000000c0013400                Video::~Video()
                0x00000000c0013400                Video::~Video()
                0x00000000c0013424                Video::~Video()
                0x00000000c001344e                Video::isMonochrome()
                0x00000000c001345a                Video::getWidth()
                0x00000000c0013466                Video::getHeight()
                0x00000000c0013472                Video::drawCursor(int, int, unsigned char*, int)
 *fill*         0x00000000c001352d        0x1 
 .text          0x00000000c001352e      0xd68 hw/acpi.32
                0x00000000c001352e                ACPI::close(int, int, void*)
                0x00000000c00135e7                findRSDP()
                0x00000000c0013671                loadACPITables(unsigned char*)
                0x00000000c0013898                findRSDT(unsigned char*)
                0x00000000c00139b6                findDataTable(unsigned char*, char*)
                0x00000000c0013a52                scanMADT()
                0x00000000c0013e0e                ACPI::ACPI()
                0x00000000c0013e0e                ACPI::ACPI()
                0x00000000c0013e6e                ACPI::getPCIIRQAssignment(unsigned char, unsigned short, unsigned char)
                0x00000000c0013f50                ACPI::registerPCIIRQAssignment(void*, unsigned short, unsigned char, unsigned char)
                0x00000000c0014060                ACPI::setScreenBrightnessLevel(void*, int)
                0x00000000c0014066                ACPI::writeSimpleBootFlag(SimpleBootFlagTable*)
                0x00000000c00140b8                ACPI::open(int, int, void*)
                0x00000000c001427e                ACPI::sleep()
 .text          0x00000000c0014296     0x17ae hw/cpu.32
                0x00000000c0014296                CPU::close(int, int, void*)
                0x00000000c0014299                lookupAMDCPUName(unsigned char, unsigned char)
                0x00000000c001443e                lookupIntelCPUName(unsigned char, unsigned char)
                0x00000000c00146f7                AMD_K6_write_msr(unsigned int, unsigned int, unsigned int, REGS*)
                0x00000000c0014713                AMD_K6_read_msr(unsigned int, REGS*)
                0x00000000c001472b                AMD_K6_writeback(int, int, int)
                0x00000000c001479e                cpuid(int, unsigned long*, unsigned long*, unsigned long*, unsigned long*)
                0x00000000c0014821                cpuidCheckEDX(unsigned int)
                0x00000000c001484e                cpuidCheckECX(unsigned int)
                0x00000000c001487b                cpuidCheckExtendedEBX(unsigned int)
                0x00000000c00148a8                cpuidCheckExtendedECX(unsigned int)
                0x00000000c00148d5                getCPUNumber()
                0x00000000c00148d8                thisCPU()
                0x00000000c00148ec                CPU::CPU()
                0x00000000c00148ec                CPU::CPU()
                0x00000000c001497a                CPU::displayFeatures()
                0x00000000c0014bf6                CPU::detectFeatures()
                0x00000000c00155cc                CPU::setupSMEP()
                0x00000000c00155e6                CPU::setupUMIP()
                0x00000000c00155fe                CPU::setupTSC()
                0x00000000c0015616                CPU::setupLargePages()
                0x00000000c001562e                CPU::setupPAT()
                0x00000000c001566a                CPU::setupMTRR()
                0x00000000c001566c                CPU::setupGlobalPages()
                0x00000000c0015682                CPU::allowUsermodeDataAccess()
                0x00000000c0015694                CPU::prohibitUsermodeDataAccess()
                0x00000000c00156a6                CPU::setupSMAP()
                0x00000000c00156cc                CPU::setupFeatures()
                0x00000000c001576e                CPU::open(int, int, void*)
                0x00000000c0015844                CPU::decodeAddress(regs*, int*, bool*, unsigned char*)
 .text          0x00000000c0015a44        0x0 hw/ports.32
 .text          0x00000000c0015a44      0x354 krnl/panic.32
                0x00000000c0015a44                Krnl::panic(char const*)
 .text          0x00000000c0015d98      0x511 reg/registry.32
                0x00000000c0015d98                Reg::findLineFromLoadedData(char*, char*, char*)
                0x00000000c0015eff                Reg::getLineFromRegistry(char*, char*, char*, char*)
                0x00000000c001605e                Reg::getLine(char*, char*, char*)
                0x00000000c0016095                Reg::readInt(char*, char*, int*)
                0x00000000c001617f                Reg::readString(char*, char*, char*, int)
                0x00000000c0016200                Reg::readBool(char*, char*, bool*)
                0x00000000c0016225                Reg::readBoolWithDefault(char*, char*, bool)
                0x00000000c0016251                Reg::readIntWithDefault(char*, char*, int)
                0x00000000c001627d                Reg::readStringWithDefault(char*, char*, char*, int, char*)
 .text          0x00000000c00162a9       0x18 sys/sc_exit.32
                0x00000000c00162a9                Sys::exit(regs*)
 .text          0x00000000c00162c1       0x95 sys/sc_loaddll.32
                0x00000000c00162c1                Sys::loadDLL(regs*)
 .text          0x00000000c0016356       0x68 sys/sc_read.32
                0x00000000c0016356                Sys::read(regs*)
 .text          0x00000000c00163be       0x55 sys/sc_sbrk.32
                0x00000000c00163be                Sys::sbrk(regs*)
 .text          0x00000000c0016413       0x83 sys/sc_write.32
                0x00000000c0016413                Sys::write(regs*)
 .text          0x00000000c0016496       0x1a sys/sc_yield.32
                0x00000000c0016496                Sys::yield(regs*)
 .text          0x00000000c00164b0      0xfe6 sys/syscalls.32
                0x00000000c00164b0                sysCallGetPID(regs*)
                0x00000000c00164c0                sysCallSeekDir(regs*)
                0x00000000c00164c5                sysCallTellDir(regs*)
                0x00000000c00164ca                sysCallVerify(regs*)
                0x00000000c00164d4                sysCallFork(regs*)
                0x00000000c00164db                sysCallExecve(regs*)
                0x00000000c00164e2                sysCallGetArgc(regs*)
                0x00000000c00164f6                sysFormatDisk(regs*)
                0x00000000c0016559                sysSetDiskVolumeLabel(regs*)
                0x00000000c00165a1                sysGetDiskVolumeLabel(regs*)
                0x00000000c00165f4                sysShutdown(regs*)
                0x00000000c001666f                sysCallGetCwd(regs*)
                0x00000000c0016695                sysCallSetCwd(regs*)
                0x00000000c00166b7                sysCallRealpath(regs*)
                0x00000000c0016704                sysCallReadDir(regs*)
                0x00000000c0016797                sysCallIsATTY(regs*)
                0x00000000c00167ef                sysCallSeek(regs*)
                0x00000000c0016855                sysCallTell(regs*)
                0x00000000c00168d0                sysCallSizeFromFilename(regs*)
                0x00000000c001697e                sysCallSize(regs*)
                0x00000000c00169ff                sysCallClose(regs*)
                0x00000000c0016a82                sysCallOpenDir(regs*)
                0x00000000c0016aed                sysCallMakeDir(regs*)
                0x00000000c0016b48                sysCallCloseDir(regs*)
                0x00000000c0016ba9                sysCallWait(regs*)
                0x00000000c0016bca                sysCallRmdir(regs*)
                0x00000000c0016c1d                sysCallUnlink(regs*)
                0x00000000c0016c70                sysCallGetArgv(regs*)
                0x00000000c0016cbc                sysCallTTYName(regs*)
                0x00000000c0016d3d                sysCallGetEnv(regs*)
                0x00000000c0016d94                sysCallUSleep(regs*)
                0x00000000c0016dd6                sysCallSpawn(regs*)
                0x00000000c0016e35                sysAppSettings(regs*)
                0x00000000c0016f5a                sysSetFatAttrib(regs*)
                0x00000000c0016fbd                sysPanic(regs*)
                0x00000000c0016fe4                sysPipe(regs*)
                0x00000000c0017029                sysGetUnixTime(regs*)
                0x00000000c001703d                string_ends_with(char const*, char const*)
                0x00000000c0017087                sysCallOpen(regs*)
                0x00000000c001729b                setupSystemCalls()
                0x00000000c0017454                systemCall(regs*, void*)
 .text          0x00000000c0017496     0x11c1 thr/elf.32
                0x00000000c0017496                Thr::allocateMemoryForTask(Process*, File*, unsigned long, unsigned long, unsigned long)
                0x00000000c001770d                Thr::loadProgramIntoMemory(Process*, char const*)
                0x00000000c0017923                Thr::runtimeReferenceHelper()
                0x00000000c0017936                Thr::getAddressOfKernelSymbol(char const*)
                0x00000000c0017985                Thr::loadKernelSymbolTable(char const*)
                0x00000000c0017c46                Thr::loadDriverIntoMemory(char const*, unsigned long, bool)
                0x00000000c00183e4                Thr::getDriverBaseFromAddress(unsigned long)
                0x00000000c0018416                Thr::getDriverNameFromAddress(unsigned long)
                0x00000000c001844d                Thr::getDriverOffsetFromAddress(unsigned long)
                0x00000000c0018467                Thr::loadDLL(char const*, bool)
                0x00000000c001862d                Thr::executeDLL(unsigned long, void*)
 *fill*         0x00000000c0018657        0x1 
 .text          0x00000000c0018658     0x1002 thr/prcssthr.32
                0x00000000c0018658                changeTSS
                0x00000000c0018686                Process::addArgs(char**)
                0x00000000c00186e8                Process::Process(char const*, Process*, char**)
                0x00000000c00186e8                Process::Process(char const*, Process*, char**)
                0x00000000c00188a4                Process::Process(bool, char const*, Process*, char**)
                0x00000000c00188a4                Process::Process(bool, char const*, Process*, char**)
                0x00000000c0018a2b                disableIRQs()
                0x00000000c0018a38                getIRQNestingLevel()
                0x00000000c0018a3e                enableIRQs()
                0x00000000c0018a4d                lockScheduler()
                0x00000000c0018a4f                unlockScheduler()
                0x00000000c0018a51                userModeEntryPoint(void*)
                0x00000000c0018a74                lockStuff()
                0x00000000c0018a85                taskStartupFunction
                0x00000000c0018a8e                updateTimeUsed()
                0x00000000c0018aec                switchToThread(ThreadControlBlock*)
                0x00000000c0018b42                Semaphore::Semaphore(int)
                0x00000000c0018b42                Semaphore::Semaphore(int)
                0x00000000c0018b70                Mutex::Mutex()
                0x00000000c0018b70                Mutex::Mutex()
                0x00000000c0018b82                Process::createThread(void (*)(void*), void*, int)
                0x00000000c0018c64                Process::createUserThread()
                0x00000000c0018c81                setupMultitasking(void (*)())
                0x00000000c0018d96                schedule()
                0x00000000c0018e1b                unlockStuff()
                0x00000000c0018e50                Semaphore::tryAcquire()
                0x00000000c0018e7e                Semaphore::assertLocked(char const*)
                0x00000000c0018eae                blockTaskWithSchedulerLockAlreadyHeld(TaskState)
                0x00000000c0018eef                blockTask(TaskState)
                0x00000000c0018f10                waitTask(int, int*, int)
                0x00000000c0018f52                nanoSleepUntil(unsigned long long)
                0x00000000c0018fab                nanoSleep(unsigned long long)
                0x00000000c0018fc0                sleep(unsigned long long)
                0x00000000c0018fde                Semaphore::acquire()
                0x00000000c0019043                taskReturned
                0x00000000c0019071                unblockTask(ThreadControlBlock*)
                0x00000000c001911e                cleanupTerminatedTask(ThreadControlBlock*)
                0x00000000c00193c7                cleanerTaskFunction(void*)
                0x00000000c001947a                terminateTask(int)
                0x00000000c001955c                Thr::terminateFromIRQ(int)
                0x00000000c001956a                Semaphore::release()
 .text          0x00000000c001965a      0x8bf vm86/vm8086.32
                0x00000000c001965a                Vm::vm8086EntryPoint(void*)
                0x00000000c0019685                Vm::inbv(unsigned short)
                0x00000000c001968b                Vm::outbv(unsigned short, unsigned char)
                0x00000000c0019695                Vm::realToLinear(unsigned short, unsigned short)
                0x00000000c00196a5                Vm::getSegment(unsigned int)
                0x00000000c00196ad                Vm::getOffset(unsigned int)
                0x00000000c00196b2                Vm::loadFileAsThread(Process*, char const*, unsigned short, unsigned short, unsigned short, unsigned short)
                0x00000000c00197e1                Vm::doISR(regs*, int, unsigned char*, unsigned short, unsigned short)
                0x00000000c001986b                Vm::readByteFromReal(unsigned short, unsigned short)
                0x00000000c001987c                Vm::readWordFromReal(unsigned short, unsigned short)
                0x00000000c001988e                Vm::readDwordFromReal(unsigned short, unsigned short)
                0x00000000c001989f                Vm::writeByteFromReal(unsigned short, unsigned short, unsigned char)
                0x00000000c00198b4                Vm::writeWordFromReal(unsigned short, unsigned short, unsigned short)
                0x00000000c00198ca                Vm::writeDwordFromReal(unsigned short, unsigned short, unsigned int)
                0x00000000c00198df                Vm::faultHandler(regs*)
 *fill*         0x00000000c0019f19        0x1 
 .text          0x00000000c0019f1a     0x112f fs/fat/vfslink.32
                0x00000000c0019f1a                FAT::getName()
                0x00000000c0019f20                FAT::tell(void*, unsigned long long*)
                0x00000000c0019f54                FAT::stat(void*, unsigned long long*)
                0x00000000c0019f88                FAT::~FAT()
                0x00000000c0019f88                FAT::~FAT()
                0x00000000c0019fac                FAT::~FAT()
                0x00000000c0019fd4                FAT::getlabel(LogicalDisk*, int, char*, unsigned int*)
                0x00000000c001a072                FAT::setlabel(LogicalDisk*, int, char*)
                0x00000000c001a12c                FAT::format(LogicalDisk*, int, char const*, int)
                0x00000000c001a310                FAT::tryMount(LogicalDisk*, int)
                0x00000000c001a516                FAT::readDir(void*, unsigned long, void*, int*)
                0x00000000c001a61e                FAT::read(void*, unsigned long, void*, int*)
                0x00000000c001a678                FAT::write(void*, unsigned long, void*, int*)
                0x00000000c001a6d2                FAT::close(void*)
                0x00000000c001a71e                FAT::closeDir(void*)
                0x00000000c001a76a                FAT::seek(void*, unsigned long long)
                0x00000000c001a7be                fatWrapperReadDisk
                0x00000000c001a809                fatWrapperWriteDisk
                0x00000000c001a854                fatWrapperIoctl
                0x00000000c001a964                FAT::FAT()
                0x00000000c001a964                FAT::FAT()
                0x00000000c001a9b6                FAT::fixFilepath(char*)
                0x00000000c001a9ee                FAT::open(char const*, void**, FileOpenMode)
                0x00000000c001ab1a                FAT::openDir(char const*, void**)
                0x00000000c001abc0                FAT::stat(char const*, unsigned long long*, bool*)
                0x00000000c001acac                FAT::unlink(char const*)
                0x00000000c001ad26                FAT::chfatattr(char const*, unsigned char, unsigned char)
                0x00000000c001aea0                FAT::rename(char const*, char const*)
                0x00000000c001af64                FAT::mkdir(char const*)
                0x00000000c001afde                FAT::exists(char const*)
 *fill*         0x00000000c001b049        0x1 
 .text          0x00000000c001b04a      0xbdd fs/iso9660/vfslink.32
                0x00000000c001b04a                ISO9660::format(LogicalDisk*, int, char const*, int)
                0x00000000c001b050                ISO9660::seek(void*, unsigned long long)
                0x00000000c001b080                ISO9660::tell(void*, unsigned long long*)
                0x00000000c001b0a4                ISO9660::getName()
                0x00000000c001b0aa                ISO9660::stat(void*, unsigned long long*)
                0x00000000c001b0ce                ISO9660::chfatattr(char const*, unsigned char, unsigned char)
                0x00000000c001b0d4                ISO9660::unlink(char const*)
                0x00000000c001b0da                ISO9660::write(void*, unsigned long, void*, int*)
                0x00000000c001b0e0                ISO9660::rename(char const*, char const*)
                0x00000000c001b0e6                ISO9660::mkdir(char const*)
                0x00000000c001b0ec                ISO9660::close(void*)
                0x00000000c001b10e                ISO9660::closeDir(void*)
                0x00000000c001b130                ISO9660::~ISO9660()
                0x00000000c001b130                ISO9660::~ISO9660()
                0x00000000c001b154                ISO9660::~ISO9660()
                0x00000000c001b17b                __memmem(unsigned char*, int, unsigned char*, int)
                0x00000000c001b1bd                readSectorFromCDROM(unsigned int, unsigned char*, char)
                0x00000000c001b224                ISO9660::tryMount(LogicalDisk*, int)
                0x00000000c001b274                ISO9660::read(void*, unsigned long, void*, int*)
                0x00000000c001b4b8                ISO9660::readDir(void*, unsigned long, void*, int*)
                0x00000000c001b743                readRoot(unsigned int*, unsigned int*, char)
                0x00000000c001b798                readRecursively(char*, unsigned int, unsigned int, unsigned int*, unsigned int*, char, int*)
                0x00000000c001b96b                getFileData(char*, unsigned int*, unsigned int*, char, int*)
                0x00000000c001b9fa                ISO9660::open(char const*, void**, FileOpenMode)
                0x00000000c001ba94                ISO9660::exists(char const*)
                0x00000000c001bab8                ISO9660::stat(char const*, unsigned long long*, bool*)
                0x00000000c001bb4c                ISO9660::openDir(char const*, void**)
                0x00000000c001bc04                ISO9660::ISO9660()
                0x00000000c001bc04                ISO9660::ISO9660()
 *fill*         0x00000000c001bc27        0x1 
 .text          0x00000000c001bc28      0x248 hal/sound/sndchannel.32
                0x00000000c001bc28                SoundChannel::~SoundChannel()
                0x00000000c001bc28                SoundChannel::~SoundChannel()
                0x00000000c001bc44                SoundChannel::setSpeed(float)
                0x00000000c001bc50                SoundChannel::getSpeed()
                0x00000000c001bc58                SoundChannel::setVolume(int)
                0x00000000c001bc74                SoundChannel::getVolume()
                0x00000000c001bc7c                SoundChannel::pause()
                0x00000000c001bc86                SoundChannel::SoundChannel(int, int, int, int)
                0x00000000c001bc86                SoundChannel::SoundChannel(int, int, int, int)
                0x00000000c001bd80                SoundChannel::play()
                0x00000000c001bd8a                SoundChannel::paused()
                0x00000000c001bd92                SoundChannel::getSampleRate()
                0x00000000c001bd9a                SoundChannel::getBits()
                0x00000000c001bda2                SoundChannel::getBufferUsed()
                0x00000000c001bdaa                SoundChannel::getBufferSize()
                0x00000000c001bdb2                SoundChannel::unbuffer(float*, int, int)
                0x00000000c001be24                SoundChannel::buffer8(unsigned char*, int)
 .text          0x00000000c001be70      0x30f hal/sound/sndhw.32
                0x00000000c001be70                SoundDevice::SoundDevice(char const*)
                0x00000000c001be70                SoundDevice::SoundDevice(char const*)
                0x00000000c001bedc                SoundDevice::~SoundDevice()
                0x00000000c001bedc                SoundDevice::~SoundDevice()
                0x00000000c001bf56                SoundDevice::~SoundDevice()
                0x00000000c001bf80                SoundDevice::getFreeChannelNum()
                0x00000000c001bf9a                SoundDevice::addChannel(SoundChannel*)
                0x00000000c001c00a                SoundDevice::removeChannel(int)
                0x00000000c001c03c                SoundDevice::floatTo8(float*, unsigned char*, int)
                0x00000000c001c0a8                SoundDevice::getAudio(int, float*, float*)
 .text          0x00000000c001c17f        0x0 hw/bus/isa.32
 *fill*         0x00000000c001c17f        0x1 
 .text          0x00000000c001c180      0x6e9 hw/bus/pci.32
                0x00000000c001c180                PCI::open(int, int, void*)
                0x00000000c001c194                PCI::close(int, int, void*)
                0x00000000c001c198                PCI::PCI()
                0x00000000c001c198                PCI::PCI()
                0x00000000c001c21a                PCI::pciReadWord(unsigned char, unsigned char, unsigned char, unsigned char)
                0x00000000c001c262                PCI::getVendorID(unsigned char, unsigned char, unsigned char)
                0x00000000c001c284                PCI::getHeaderType(unsigned char, unsigned char, unsigned char)
                0x00000000c001c2a8                PCI::getClassCode(unsigned char, unsigned char, unsigned char)
                0x00000000c001c2ec                PCI::getProgIF(unsigned char, unsigned char, unsigned char)
                0x00000000c001c310                PCI::getRevisionID(unsigned char, unsigned char, unsigned char)
                0x00000000c001c332                PCI::getInterruptNumber(unsigned char, unsigned char, unsigned char)
                0x00000000c001c354                PCI::getSecondaryBus(unsigned char, unsigned char, unsigned char)
                0x00000000c001c378                PCI::getBARAddress(unsigned char, unsigned char, unsigned char, unsigned char)
                0x00000000c001c3d8                PCI::pciWriteWord(unsigned char, unsigned char, unsigned char, unsigned char, unsigned short)
                0x00000000c001c444                PCI::checkBus(unsigned char)
                0x00000000c001c46a                PCI::foundDevice(PCIDeviceInfo)
                0x00000000c001c5da                PCI::getDeviceData(unsigned char, unsigned char, unsigned char)
                0x00000000c001c7aa                PCI::checkDevice(unsigned char, unsigned char)
                0x00000000c001c816                PCI::detect()
 *fill*         0x00000000c001c869        0x1 
 .text          0x00000000c001c86a      0xc84 hw/diskctrl/ide.32
                0x00000000c001c86a                IDE::close(int, int, void*)
                0x00000000c001c86e                IDE::IDE()
                0x00000000c001c86e                IDE::IDE()
                0x00000000c001c8a2                IDE::prepareInterrupt(unsigned char)
                0x00000000c001c8b4                selectDrive(unsigned char, unsigned char)
                0x00000000c001c8b6                IDE::getBase(unsigned char)
                0x00000000c001c8c8                IDE::write(unsigned char, unsigned char, unsigned char)
                0x00000000c001c988                IDE::read(unsigned char, unsigned char)
                0x00000000c001ca36                IDE::waitInterrupt(unsigned char)
                0x00000000c001caa2                ideChannel0IRQHandler(regs*, void*)
                0x00000000c001cabe                ideChannel1IRQHandler(regs*, void*)
                0x00000000c001cada                IDE::enableIRQs(unsigned char, bool)
                0x00000000c001cb20                IDE::open(int, int, void*)
                0x00000000c001cf32                IDE::readBuffer(unsigned char, unsigned char, unsigned int, unsigned int)
                0x00000000c001cffe                IDE::detect()
                0x00000000c001d2e8                IDE::printError(unsigned char, unsigned char, unsigned char)
                0x00000000c001d47e                IDE::polling(unsigned char, unsigned int)
 .text          0x00000000c001d4ee      0x64f hw/diskphys/ata.32
                0x00000000c001d4ee                ATA::close(int, int, void*)
                0x00000000c001d512                ATA::powerSaving(PowerSavingLevel)
                0x00000000c001d514                ATA::ATA()
                0x00000000c001d514                ATA::ATA()
                0x00000000c001d542                ATA::flush(bool)
                0x00000000c001d58c                ATA::readyForCommand()
                0x00000000c001d5dc                ATA::access(unsigned long long, int, void*, bool)
                0x00000000c001d97e                ATA::read(unsigned long long, int, void*)
                0x00000000c001d9e6                ATA::write(unsigned long long, int, void*)
                0x00000000c001da4e                ATA::detectCHS()
                0x00000000c001da78                ATA::open(int, int, void*)
 *fill*         0x00000000c001db3d        0x1 
 .text          0x00000000c001db3e      0x5ae hw/diskphys/atapi.32
                0x00000000c001db3e                ATAPI::write(unsigned long long, int, void*)
                0x00000000c001db44                ATAPI::close(int, int, void*)
                0x00000000c001db68                ATAPI::ATAPI()
                0x00000000c001db68                ATAPI::ATAPI()
                0x00000000c001db96                ATAPI::readyForCommand()
                0x00000000c001dbe6                ATAPI::sendPacket(unsigned char*, int, bool, unsigned short*, int)
                0x00000000c001dea6                ATAPI::diskRemoved()
                0x00000000c001dec2                ATAPI::eject()
                0x00000000c001df08                ATAPI::diskInserted()
                0x00000000c001df36                ATAPI::detectMedia()
                0x00000000c001dff2                ATAPI::open(int, int, void*)
                0x00000000c001e072                ATAPI::read(unsigned long long, int, void*)
 .text          0x00000000c001e0ec       0x8e hw/fpu/avx.32
                0x00000000c001e0ec                AVX::open(int, int, void*)
                0x00000000c001e0fe                AVX::close(int, int, void*)
                0x00000000c001e110                AVX::available()
                0x00000000c001e122                AVX::save(void*)
                0x00000000c001e13a                AVX::load(void*)
                0x00000000c001e152                AVX::AVX()
                0x00000000c001e152                AVX::AVX()
 .text          0x00000000c001e17a       0x90 hw/fpu/mmx.32
                0x00000000c001e17a                MMX::available()
                0x00000000c001e18e                MMX::open(int, int, void*)
                0x00000000c001e1a0                MMX::close(int, int, void*)
                0x00000000c001e1b2                MMX::save(void*)
                0x00000000c001e1ca                MMX::load(void*)
                0x00000000c001e1e2                MMX::MMX()
                0x00000000c001e1e2                MMX::MMX()
 .text          0x00000000c001e20a       0x96 hw/fpu/sse.32
                0x00000000c001e20a                SSE::open(int, int, void*)
                0x00000000c001e21c                SSE::close(int, int, void*)
                0x00000000c001e22e                SSE::available()
                0x00000000c001e248                SSE::save(void*)
                0x00000000c001e260                SSE::load(void*)
                0x00000000c001e278                SSE::SSE()
                0x00000000c001e278                SSE::SSE()
 .text          0x00000000c001e2a0       0x8e hw/fpu/x87.32
                0x00000000c001e2a0                x87::open(int, int, void*)
                0x00000000c001e2b2                x87::close(int, int, void*)
                0x00000000c001e2c4                x87::available()
                0x00000000c001e2d6                x87::save(void*)
                0x00000000c001e2ee                x87::load(void*)
                0x00000000c001e306                x87::x87()
                0x00000000c001e306                x87::x87()
 .text          0x00000000c001e32e      0x63b hw/intctrl/apic.32
                0x00000000c001e32e                APIC::disable()
                0x00000000c001e330                APIC::close(int, int, void*)
                0x00000000c001e352                IOAPIC::close(int, int, void*)
                0x00000000c001e358                APIC::io_wait()
                0x00000000c001e35e                APIC::getBase()
                0x00000000c001e3a0                APIC::eoi(unsigned char)
                0x00000000c001e3ce                APIC::open(int, int, void*)
                0x00000000c001e498                IOAPIC::IOAPIC()
                0x00000000c001e498                IOAPIC::IOAPIC()
                0x00000000c001e4c0                APIC::APIC()
                0x00000000c001e4c0                APIC::APIC()
                0x00000000c001e59c                IOAPIC::handlesGSIWithNumber(unsigned int)
                0x00000000c001e5ce                IOAPIC::read(int)
                0x00000000c001e5f6                IOAPIC::open(int, int, void*)
                0x00000000c001e6fe                IOAPIC::write(int, int)
                0x00000000c001e72a                IOAPIC::redirect(unsigned char, unsigned long long, unsigned char)
                0x00000000c001e7f0                APIC::installIRQHandler(int, void (*)(regs*, void*), bool, void*)
 *fill*         0x00000000c001e969        0x1 
 .text          0x00000000c001e96a      0x3f3 hw/intctrl/pic.32
                0x00000000c001e96a                PIC::disable()
                0x00000000c001e998                PIC::close(int, int, void*)
                0x00000000c001e9ba                PIC::PIC()
                0x00000000c001e9ba                PIC::PIC()
                0x00000000c001ea96                PIC::ioWait()
                0x00000000c001ea9c                PIC::getIRQReg(int)
                0x00000000c001eb0e                PIC::eoi(unsigned char)
                0x00000000c001eba6                PIC::remap()
                0x00000000c001ed1e                PIC::open(int, int, void*)
 *fill*         0x00000000c001ed5d        0x1 
 .text          0x00000000c001ed5e      0x264 hw/timer/apictimer.32
                0x00000000c001ed5e                APICTimer::close(int, int, void*)
                0x00000000c001ed64                apicTimerHandler(regs*, void*)
                0x00000000c001ed96                APICTimer::write(int)
                0x00000000c001ee94                APICTimer::open(int, int, void*)
                0x00000000c001ef9a                APICTimer::APICTimer()
                0x00000000c001ef9a                APICTimer::APICTimer()
 .text          0x00000000c001efc2      0x1b6 hw/timer/pit.32
                0x00000000c001efc2                PIT::write(int)
                0x00000000c001f048                pitHandler(regs*, void*)
                0x00000000c001f078                PIT::open(int, int, void*)
                0x00000000c001f0c6                PIT::close(int, int, void*)
                0x00000000c001f0f6                PIT::PIT()
                0x00000000c001f0f6                PIT::PIT()
 *fill*         0x00000000c001f178        0x8 
 .text          0x00000000c001f180        0xa hw/fpu/x86/avx.32
                0x00000000c001f180                avxDetect
                0x00000000c001f186                avxSave
                0x00000000c001f187                avxLoad
                0x00000000c001f188                avxInit
                0x00000000c001f189                avxClose
 *fill*         0x00000000c001f18a        0x6 
 .text          0x00000000c001f190       0x38 hw/fpu/x86/sse.32
                0x00000000c001f190                sseDetect
                0x00000000c001f1ab                sseSave
                0x00000000c001f1b1                sseLoad
                0x00000000c001f1b7                sseInit
                0x00000000c001f1c7                sseClose
 *fill*         0x00000000c001f1c8        0x8 
 .text          0x00000000c001f1d0       0x47 hw/fpu/x86/x87.32
                0x00000000c001f1d6                x87Detect
                0x00000000c001f1f1                x87Save
                0x00000000c001f1f7                x87Load
                0x00000000c001f1fc                x87Init
                0x00000000c001f216                x87Close
 *fill*         0x00000000c001f217        0x1 
 .text          0x00000000c001f218       0x25 /cygdrive/d/Users/Alex/Desktop/Toolchain/Output/bin/../lib/gcc/i386-banana/8.1.0/crtend.o
 .text          0x00000000c001f23d        0x0 crtn.32
 *fill*         0x00000000c001f23d        0x3 
 .text          0x00000000c001f240      0x14b /cygdrive/d/Users/Alex/Desktop/Toolchain/Output/bin/../lib/gcc/i386-banana/8.1.0/libgcc.a(_divdi3.o)
                0x00000000c001f240                __divdi3
 *fill*         0x00000000c001f38b        0x1 
 .text          0x00000000c001f38c      0x17e /cygdrive/d/Users/Alex/Desktop/Toolchain/Output/bin/../lib/gcc/i386-banana/8.1.0/libgcc.a(_moddi3.o)
                0x00000000c001f38c                __moddi3
 *fill*         0x00000000c001f50a        0x2 
 .text          0x00000000c001f50c       0xff /cygdrive/d/Users/Alex/Desktop/Toolchain/Output/bin/../lib/gcc/i386-banana/8.1.0/libgcc.a(_udivdi3.o)
                0x00000000c001f50c                __udivdi3
 *fill*         0x00000000c001f60b        0x1 
 .text          0x00000000c001f60c      0x11a /cygdrive/d/Users/Alex/Desktop/Toolchain/Output/bin/../lib/gcc/i386-banana/8.1.0/libgcc.a(_umoddi3.o)
                0x00000000c001f60c                __umoddi3
 *fill*         0x00000000c001f726        0xa 
 .text          0x00000000c001f730       0x1e D:/Users/Alex/Desktop/Banana/kernel/libk/libm32.a(s_fabs.c.o)
                0x00000000c001f730                fabs
 *fill*         0x00000000c001f74e        0x2 
 .text          0x00000000c001f750        0xc D:/Users/Alex/Desktop/Banana/kernel/libk/libm32.a(s_lrint.S.o)
                0x00000000c001f750                lrint
 .text          0x00000000c001f75c        0xc D:/Users/Alex/Desktop/Banana/kernel/libk/libm32.a(s_lrintf.S.o)
                0x00000000c001f75c                lrintf
 *(.gnu.linkonce.t*)

.iplt           0x00000000c001f768        0x0
 .iplt          0x00000000c001f768        0x0 D:/Users/Alex/Desktop/Banana/kernel/boot.32

.init           0x00000000c001f768        0xf
 .init          0x00000000c001f768        0x3 crti.32
                0x00000000c001f768                _init
 .init          0x00000000c001f76b        0x5 /cygdrive/d/Users/Alex/Desktop/Toolchain/Output/bin/../lib/gcc/i386-banana/8.1.0/crtbegin.o
 .init          0x00000000c001f770        0x5 /cygdrive/d/Users/Alex/Desktop/Toolchain/Output/bin/../lib/gcc/i386-banana/8.1.0/crtend.o
 .init          0x00000000c001f775        0x2 crtn.32

.fini           0x00000000c001f777        0xa
 .fini          0x00000000c001f777        0x3 crti.32
                0x00000000c001f777                _fini
 .fini          0x00000000c001f77a        0x5 /cygdrive/d/Users/Alex/Desktop/Toolchain/Output/bin/../lib/gcc/i386-banana/8.1.0/crtbegin.o
 .fini          0x00000000c001f77f        0x2 crtn.32

.text._ZN8ComputerD2Ev
                0x00000000c001f782       0x23
 .text._ZN8ComputerD2Ev
                0x00000000c001f782       0x23 core/computer.32
                0x00000000c001f782                Computer::~Computer()
                0x00000000c001f782                Computer::~Computer()

.text._ZN8ComputerD0Ev
                0x00000000c001f7a6       0x2a
 .text._ZN8ComputerD0Ev
                0x00000000c001f7a6       0x2a core/computer.32
                0x00000000c001f7a6                Computer::~Computer()

.text._Z10idleCommonv
                0x00000000c001f7d0       0x15
 .text._Z10idleCommonv
                0x00000000c001f7d0       0x15 core/idle.32
                0x00000000c001f7d0                idleCommon()

.text._ZN3CPU7readCR3Ev
                0x00000000c001f7e5       0x12
 .text._ZN3CPU7readCR3Ev
                0x00000000c001f7e5       0x12 core/kheap.32
                0x00000000c001f7e5                CPU::readCR3()

.text._ZN3CPU8writeCR3Em
                0x00000000c001f7f7        0x9
 .text._ZN3CPU8writeCR3Em
                0x00000000c001f7f7        0x9 core/kheap.32
                0x00000000c001f7f7                CPU::writeCR3(unsigned long)

.text._ZN10LinkedListI8UnixFileED2Ev
                0x00000000c001f800        0x2
 .text._ZN10LinkedListI8UnixFileED2Ev
                0x00000000c001f800        0x2 core/unixfile.32
                0x00000000c001f800                LinkedList<UnixFile>::~LinkedList()
                0x00000000c001f800                LinkedList<UnixFile>::~LinkedList()

.text._ZN10LinkedListI8UnixFileEC2Ev
                0x00000000c001f802       0x58
 .text._ZN10LinkedListI8UnixFileEC2Ev
                0x00000000c001f802       0x58 core/unixfile.32
                0x00000000c001f802                LinkedList<UnixFile>::LinkedList()
                0x00000000c001f802                LinkedList<UnixFile>::LinkedList()

.text._ZN10LinkedListI8UnixFileE10addElementEPS0_
                0x00000000c001f85a       0xd3
 .text._ZN10LinkedListI8UnixFileE10addElementEPS0_
                0x00000000c001f85a       0xd3 core/unixfile.32
                0x00000000c001f85a                LinkedList<UnixFile>::addElement(UnixFile*)

.text._ZN10LinkedListI8UnixFileE15getFirstElementEv
                0x00000000c001f92e        0x7
 .text._ZN10LinkedListI8UnixFileE15getFirstElementEv
                0x00000000c001f92e        0x7 core/unixfile.32
                0x00000000c001f92e                LinkedList<UnixFile>::getFirstElement()

.text._ZN10LinkedListI8UnixFileE11removeFirstEv
                0x00000000c001f936       0xa1
 .text._ZN10LinkedListI8UnixFileE11removeFirstEv
                0x00000000c001f936       0xa1 core/unixfile.32
                0x00000000c001f936                LinkedList<UnixFile>::removeFirst()

.text._ZN10LinkedListI8UnixFileE7getNextEPS0_
                0x00000000c001f9d8        0x8
 .text._ZN10LinkedListI8UnixFileE7getNextEPS0_
                0x00000000c001f9d8        0x8 core/unixfile.32
                0x00000000c001f9d8                LinkedList<UnixFile>::getNext(UnixFile*)

.text._ZN16DriverlessDeviceD2Ev
                0x00000000c001f9e0       0x1a
 .text._ZN16DriverlessDeviceD2Ev
                0x00000000c001f9e0       0x1a hal/device.32
                0x00000000c001f9e0                DriverlessDevice::~DriverlessDevice()
                0x00000000c001f9e0                DriverlessDevice::~DriverlessDevice()

.text._ZN16DriverlessDeviceD0Ev
                0x00000000c001f9fa       0x2a
 .text._ZN16DriverlessDeviceD0Ev
                0x00000000c001f9fa       0x2a hal/device.32
                0x00000000c001f9fa                DriverlessDevice::~DriverlessDevice()

.text._ZN10LinkedListI6DeviceE10addElementEPS0_
                0x00000000c001fa24       0xdc
 .text._ZN10LinkedListI6DeviceE10addElementEPS0_
                0x00000000c001fa24       0xdc hal/device.32
                0x00000000c001fa24                LinkedList<Device>::addElement(Device*)

.text._ZN10LinkedListI6DeviceEC2Ev
                0x00000000c001fb00       0x58
 .text._ZN10LinkedListI6DeviceEC2Ev
                0x00000000c001fb00       0x58 hal/device.32
                0x00000000c001fb00                LinkedList<Device>::LinkedList()
                0x00000000c001fb00                LinkedList<Device>::LinkedList()

.text._ZN3CPU7readCR0Ev
                0x00000000c001fb58       0x12
 .text._ZN3CPU7readCR0Ev
                0x00000000c001fb58       0x12 hal/fpu.32
                0x00000000c001fb58                CPU::readCR0()

.text._ZN3CPU8writeCR0Em
                0x00000000c001fb6a        0x9
 .text._ZN3CPU8writeCR0Em
                0x00000000c001fb6a        0x9 hal/fpu.32
                0x00000000c001fb6a                CPU::writeCR0(unsigned long)

.text._ZN3CPU7readDR0Ev
                0x00000000c001fb73       0x12
 .text._ZN3CPU7readDR0Ev
                0x00000000c001fb73       0x12 hal/intctrl.32
                0x00000000c001fb73                CPU::readDR0()

.text._ZN3CPU7readDR1Ev
                0x00000000c001fb85       0x12
 .text._ZN3CPU7readDR1Ev
                0x00000000c001fb85       0x12 hal/intctrl.32
                0x00000000c001fb85                CPU::readDR1()

.text._ZN3CPU7readDR2Ev
                0x00000000c001fb97       0x12
 .text._ZN3CPU7readDR2Ev
                0x00000000c001fb97       0x12 hal/intctrl.32
                0x00000000c001fb97                CPU::readDR2()

.text._ZN3CPU7readDR3Ev
                0x00000000c001fba9       0x12
 .text._ZN3CPU7readDR3Ev
                0x00000000c001fba9       0x12 hal/intctrl.32
                0x00000000c001fba9                CPU::readDR3()

.text._ZN3CPU7readDR6Ev
                0x00000000c001fbbb       0x12
 .text._ZN3CPU7readDR6Ev
                0x00000000c001fbbb       0x12 hal/intctrl.32
                0x00000000c001fbbb                CPU::readDR6()

.text._ZN3CPU7readDR7Ev
                0x00000000c001fbcd       0x12
 .text._ZN3CPU7readDR7Ev
                0x00000000c001fbcd       0x12 hal/intctrl.32
                0x00000000c001fbcd                CPU::readDR7()

.text._ZN10LinkedListIV18ThreadControlBlockE15getFirstElementEv
                0x00000000c001fbe0        0x7
 .text._ZN10LinkedListIV18ThreadControlBlockE15getFirstElementEv
                0x00000000c001fbe0        0x7 hal/timer.32
                0x00000000c001fbe0                LinkedList<ThreadControlBlock volatile>::getFirstElement()

.text._ZN10LinkedListIV18ThreadControlBlockE7isEmptyEv
                0x00000000c001fbe8       0x1c
 .text._ZN10LinkedListIV18ThreadControlBlockE7isEmptyEv
                0x00000000c001fbe8       0x1c hal/timer.32
                0x00000000c001fbe8                LinkedList<ThreadControlBlock volatile>::isEmpty()

.text._ZN10LinkedListIV18ThreadControlBlockE11removeFirstEv
                0x00000000c001fc04       0xae
 .text._ZN10LinkedListIV18ThreadControlBlockE11removeFirstEv
                0x00000000c001fc04       0xae hal/timer.32
                0x00000000c001fc04                LinkedList<ThreadControlBlock volatile>::removeFirst()

.text._ZN10LinkedListIV18ThreadControlBlockE10addElementEPS1_
                0x00000000c001fcb2       0xd3
 .text._ZN10LinkedListIV18ThreadControlBlockE10addElementEPS1_
                0x00000000c001fcb2       0xd3 hal/timer.32
                0x00000000c001fcb2                LinkedList<ThreadControlBlock volatile>::addElement(ThreadControlBlock volatile*)

.text._ZN4ACPID2Ev
                0x00000000c001fd86       0x23
 .text._ZN4ACPID2Ev
                0x00000000c001fd86       0x23 hw/acpi.32
                0x00000000c001fd86                ACPI::~ACPI()
                0x00000000c001fd86                ACPI::~ACPI()

.text._ZN4ACPID0Ev
                0x00000000c001fdaa       0x2a
 .text._ZN4ACPID0Ev
                0x00000000c001fdaa       0x2a hw/acpi.32
                0x00000000c001fdaa                ACPI::~ACPI()

.text._ZN3CPUD2Ev
                0x00000000c001fdd4       0x23
 .text._ZN3CPUD2Ev
                0x00000000c001fdd4       0x23 hw/cpu.32
                0x00000000c001fdd4                CPU::~CPU()
                0x00000000c001fdd4                CPU::~CPU()

.text._ZN3CPUD0Ev
                0x00000000c001fdf8       0x2a
 .text._ZN3CPUD0Ev
                0x00000000c001fdf8       0x2a hw/cpu.32
                0x00000000c001fdf8                CPU::~CPU()

.text._ZN3CPU7readCR4Ev
                0x00000000c001fe22       0x12
 .text._ZN3CPU7readCR4Ev
                0x00000000c001fe22       0x12 hw/cpu.32
                0x00000000c001fe22                CPU::readCR4()

.text._ZN3CPU8writeDR7Em
                0x00000000c001fe34        0x9
 .text._ZN3CPU8writeDR7Em
                0x00000000c001fe34        0x9 hw/cpu.32
                0x00000000c001fe34                CPU::writeDR7(unsigned long)

.text._ZN3CPU8writeCR4Em
                0x00000000c001fe3d        0x9
 .text._ZN3CPU8writeCR4Em
                0x00000000c001fe3d        0x9 hw/cpu.32
                0x00000000c001fe3d                CPU::writeCR4(unsigned long)

.text._ZN3CPU7readCR2Ev
                0x00000000c001fe46       0x12
 .text._ZN3CPU7readCR2Ev
                0x00000000c001fe46       0x12 krnl/panic.32
                0x00000000c001fe46                CPU::readCR2()

.text._ZN10LinkedListIV18ThreadControlBlockED2Ev
                0x00000000c001fe58        0x2
 .text._ZN10LinkedListIV18ThreadControlBlockED2Ev
                0x00000000c001fe58        0x2 thr/prcssthr.32
                0x00000000c001fe58                LinkedList<ThreadControlBlock volatile>::~LinkedList()
                0x00000000c001fe58                LinkedList<ThreadControlBlock volatile>::~LinkedList()

.text._ZN18ThreadControlBlockC2Ev
                0x00000000c001fe5a       0x3e
 .text._ZN18ThreadControlBlockC2Ev
                0x00000000c001fe5a       0x3e thr/prcssthr.32
                0x00000000c001fe5a                ThreadControlBlock::ThreadControlBlock()
                0x00000000c001fe5a                ThreadControlBlock::ThreadControlBlock()

.text._ZN10LinkedListIV18ThreadControlBlockEC2Ev
                0x00000000c001fe98       0x58
 .text._ZN10LinkedListIV18ThreadControlBlockEC2Ev
                0x00000000c001fe98       0x58 thr/prcssthr.32
                0x00000000c001fe98                LinkedList<ThreadControlBlock volatile>::LinkedList()
                0x00000000c001fe98                LinkedList<ThreadControlBlock volatile>::LinkedList()

.text._ZN10LinkedListIV18ThreadControlBlockE7getNextEPS1_
                0x00000000c001fef0        0x8
 .text._ZN10LinkedListIV18ThreadControlBlockE7getNextEPS1_
                0x00000000c001fef0        0x8 thr/prcssthr.32
                0x00000000c001fef0                LinkedList<ThreadControlBlock volatile>::getNext(ThreadControlBlock volatile*)

.text._ZN3PCID2Ev
                0x00000000c001fef8       0x23
 .text._ZN3PCID2Ev
                0x00000000c001fef8       0x23 hw/bus/pci.32
                0x00000000c001fef8                PCI::~PCI()