Archive member included to satisfy reference by file (symbol)

/cygdrive/d/Users/Alex/Desktop/Toolchain/Output/bin/../lib/gcc/i386-banana/8.1.0/libkgcc.a(_divdi3.o)
                              krnl/resolve.32 (__divdi3)
/cygdrive/d/Users/Alex/Desktop/Toolchain/Output/bin/../lib/gcc/i386-banana/8.1.0/libkgcc.a(_moddi3.o)
                              krnl/resolve.32 (__moddi3)
/cygdrive/d/Users/Alex/Desktop/Toolchain/Output/bin/../lib/gcc/i386-banana/8.1.0/libkgcc.a(_udivdi3.o)
                              hal/clock.32 (__udivdi3)
/cygdrive/d/Users/Alex/Desktop/Toolchain/Output/bin/../lib/gcc/i386-banana/8.1.0/libkgcc.a(_umoddi3.o)
                              core/pipe.32 (__umoddi3)

Allocating common symbols
Common symbol       size              file

current_iphdr_src   0x4               net/core/ipv4/ip.32
netif_list          0x4               net/core/netif.32
tcp_active_pcbs     0x4               net/core/tcp.32
udp_pcbs            0x4               net/core/udp.32
current_netif       0x4               net/core/ipv4/ip.32
tcp_ticks           0x4               net/core/tcp.32
tcp_listen_pcbs     0x4               net/core/tcp.32
current_iphdr_dest  0x4               net/core/ipv4/ip.32
tcp_tmp_pcb         0x4               net/core/tcp.32
tcp_input_pcb       0x4               net/core/tcp_in.32
dcache              0x40              fs/iso9660/iso9660.32
current_header      0x4               net/core/ipv4/ip.32
tcp_bound_pcbs      0x4               net/core/tcp.32
cdDriveLetter       0x1               fs/iso9660/iso9660.32
tcp_tw_pcbs         0x4               net/core/tcp.32
lwip_stats          0x150             net/core/stats.32
netif_default       0x4               net/core/netif.32
ram_heap            0x64d             net/core/mem.32
icache              0x40              fs/iso9660/iso9660.32

Discarded input sections

 .comment       0x0000000000000000       0x12 /cygdrive/d/Users/Alex/Desktop/Toolchain/Output/bin/../lib/gcc/i386-banana/8.1.0/crtbegin.o
 .comment       0x0000000000000000       0x12 acpica/utclib.32
 .comment       0x0000000000000000       0x12 arch/cc.32
 .comment       0x0000000000000000       0x12 arch/sys_arch.32
 .comment       0x0000000000000000       0x12 core/malloc.32
 .comment       0x0000000000000000       0x12 libk/ctype.32
 .comment       0x0000000000000000       0x12 libk/string.32
 .comment       0x0000000000000000       0x12 fs/fat/diskio.32
 .comment       0x0000000000000000       0x12 fs/fat/ff.32
 .comment       0x0000000000000000       0x12 fs/fat/ffsystem.32
 .comment       0x0000000000000000       0x12 fs/fat/ffunicode.32
 .comment       0x0000000000000000       0x12 fs/iso9660/iso9660.32
 .comment       0x0000000000000000       0x12 net/core/def.32
 .comment       0x0000000000000000       0x12 net/core/dhcp.32
 .comment       0x0000000000000000       0x12 net/core/dns.32
 .comment       0x0000000000000000       0x12 net/core/init.32
 .comment       0x0000000000000000       0x12 net/core/mem.32
 .comment       0x0000000000000000       0x12 net/core/memp.32
 .comment       0x0000000000000000       0x12 net/core/netif.32
 .comment       0x0000000000000000       0x12 net/core/pbuf.32
 .comment       0x0000000000000000       0x12 net/core/raw.32
 .comment       0x0000000000000000       0x12 net/core/stats.32
 .comment       0x0000000000000000       0x12 net/core/sys.32
 .comment       0x0000000000000000       0x12 net/core/tcp.32
 .comment       0x0000000000000000       0x12 net/core/tcp_in.32
 .comment       0x0000000000000000       0x12 net/core/tcp_out.32
 .comment       0x0000000000000000       0x12 net/core/timers.32
 .comment       0x0000000000000000       0x12 net/core/udp.32
 .comment       0x0000000000000000       0x12 net/netif/etharp.32
 .comment       0x0000000000000000       0x12 net/netif/ethernetif.32
 .comment       0x0000000000000000       0x12 net/netif/slipif.32
 .comment       0x0000000000000000       0x12 net/core/ipv4/autoip.32
 .comment       0x0000000000000000       0x12 net/core/ipv4/icmp.32
 .comment       0x0000000000000000       0x12 net/core/ipv4/igmp.32
 .comment       0x0000000000000000       0x12 net/core/ipv4/inet.32
 .comment       0x0000000000000000       0x12 net/core/ipv4/inet_chksum.32
 .comment       0x0000000000000000       0x12 net/core/ipv4/ip.32
 .comment       0x0000000000000000       0x12 net/core/ipv4/ip_addr.32
 .comment       0x0000000000000000       0x12 net/core/ipv4/ip_frag.32
 .comment       0x0000000000000000       0x12 net/core/snmp/asn1_dec.32
 .comment       0x0000000000000000       0x12 net/core/snmp/asn1_enc.32
 .comment       0x0000000000000000       0x12 net/core/snmp/mib2.32
 .comment       0x0000000000000000       0x12 net/core/snmp/mib_structs.32
 .comment       0x0000000000000000       0x12 net/core/snmp/msg_in.32
 .comment       0x0000000000000000       0x12 net/core/snmp/msg_out.32
 .comment       0x0000000000000000       0x12 net/netif/ppp/auth.32
[...]
Memory Configuration

Name             Origin             Length             Attributes
*default*        0x0000000000000000 0xffffffffffffffff

Linker script and memory map

LOAD D:/Users/Alex/Desktop/Banana/kernel/boot.32
LOAD crti.32
LOAD /cygdrive/d/Users/Alex/Desktop/Toolchain/Output/bin/../lib/gcc/i386-banana/8.1.0/crtbegin.o
LOAD D:/Users/Alex/Desktop/Banana/kernel/morenasm.32
LOAD acpica/utclib.32
LOAD arch/cc.32
LOAD arch/sys_arch.32
LOAD core/malloc.32
LOAD libk/ctype.32
LOAD libk/string.32
LOAD fs/fat/diskio.32
LOAD fs/fat/ff.32
LOAD fs/fat/ffsystem.32
LOAD fs/fat/ffunicode.32
LOAD fs/iso9660/iso9660.32
LOAD net/core/def.32
LOAD net/core/dhcp.32
LOAD net/core/dns.32
LOAD net/core/init.32
LOAD net/core/mem.32
LOAD net/core/memp.32
LOAD net/core/netif.32
LOAD net/core/pbuf.32
LOAD net/core/raw.32
LOAD net/core/stats.32
LOAD net/core/sys.32
LOAD net/core/tcp.32
LOAD net/core/tcp_in.32
LOAD net/core/tcp_out.32
LOAD net/core/timers.32
LOAD net/core/udp.32
LOAD net/netif/etharp.32
LOAD net/netif/ethernetif.32
LOAD net/netif/slipif.32
LOAD net/core/ipv4/autoip.32
LOAD net/core/ipv4/icmp.32
LOAD net/core/ipv4/igmp.32
LOAD net/core/ipv4/inet.32
LOAD net/core/ipv4/inet_chksum.32
LOAD net/core/ipv4/ip.32
LOAD net/core/ipv4/ip_addr.32
LOAD net/core/ipv4/ip_frag.32
LOAD net/core/snmp/asn1_dec.32
LOAD net/core/snmp/asn1_enc.32
LOAD net/core/snmp/mib2.32
LOAD net/core/snmp/mib_structs.32
LOAD net/core/snmp/msg_in.32
LOAD net/core/snmp/msg_out.32
LOAD net/netif/ppp/auth.32
LOAD net/netif/ppp/chap.32
LOAD net/netif/ppp/chpms.32
LOAD net/netif/ppp/fsm.32
LOAD net/netif/ppp/ipcp.32
LOAD net/netif/ppp/lcp.32
LOAD net/netif/ppp/magic.32
LOAD net/netif/ppp/md5.32
LOAD net/netif/ppp/pap.32
LOAD net/netif/ppp/ppp.32
LOAD net/netif/ppp/ppp_oe.32
LOAD net/netif/ppp/randm.32
LOAD net/netif/ppp/vj.32
LOAD core/computer.32
LOAD core/gdt.32
LOAD core/idle.32
LOAD core/idt.32
LOAD core/kheap.32
LOAD core/main.32
LOAD core/physmgr.32
LOAD core/pipe.32
LOAD core/terminal.32
LOAD core/tss.32
LOAD core/unixfile.32
LOAD core/virtmgr.32
LOAD coreobjs/c++.32
LOAD dbg/kconsole.32
LOAD dbg/usban.32
LOAD fs/symlink.32
LOAD fs/vfs.32
LOAD hal/bus.32
LOAD hal/buzzer.32
LOAD hal/clock.32
LOAD hal/device.32
LOAD hal/diskctrl.32
LOAD hal/diskphys.32
LOAD hal/fpu.32
LOAD hal/intctrl.32
LOAD hal/keybrd.32
LOAD hal/logidisk.32
LOAD hal/mouse.32
LOAD hal/nic.32
LOAD hal/partition.32
LOAD hal/serial.32
LOAD hal/timer.32
LOAD hal/vcache.32
LOAD hal/video.32
LOAD hw/acpi.32
LOAD hw/cpu.32
LOAD krnl/atexit.32
LOAD krnl/bootmsg.32
LOAD krnl/cdefs.32
LOAD krnl/compat.32
LOAD krnl/crc32.32
LOAD krnl/env.32
LOAD krnl/inlines.32
LOAD krnl/mutex.32
LOAD krnl/panic.32
LOAD krnl/powctrl.32
LOAD krnl/random.32
LOAD krnl/resolve.32
LOAD krnl/semaphore.32
LOAD krnl/signal.32
LOAD krnl/syscalls.32
LOAD net/ethernet.32
LOAD net/netosl.32
LOAD reg/cm.32
LOAD reg/registry.32
LOAD sys/eject.32
LOAD sys/exit.32
LOAD sys/getcwd.32
LOAD sys/getpid.32
LOAD sys/getramdata.32
LOAD sys/getvgaptr.32
LOAD sys/kill.32
LOAD sys/loaddll.32
LOAD sys/read.32
LOAD sys/registersignal.32
LOAD sys/registry.32
LOAD sys/sbrk.32
LOAD sys/setcwd.32
LOAD sys/settime.32
LOAD sys/symlink.32
LOAD sys/timezone.32
LOAD sys/truncate.32
LOAD sys/write.32
LOAD sys/wsbe.32
LOAD sys/yield.32
LOAD thr/elf.32
LOAD thr/prcssthr.32
LOAD vm86/vm8086.32
LOAD arch/i386/hal.32
LOAD arch/i386/pic.32
LOAD arch/i386/rtc.32
LOAD arch/i386/vga.32
LOAD fs/fat/vfslink.32
LOAD fs/iso9660/helper.32
LOAD fs/iso9660/vfslink.32
LOAD hal/sound/sndcard.32
LOAD hal/sound/sndport.32
LOAD hw/bus/isa.32
LOAD hw/bus/pci.32
LOAD hw/diskctrl/ide.32
LOAD hw/diskctrl/satabus.32
LOAD hw/diskphys/ata.32
LOAD hw/diskphys/atapi.32
LOAD hw/diskphys/sata.32
LOAD hw/diskphys/satapi.32
LOAD hw/intctrl/apic.32
LOAD hw/timer/apictimer.32
LOAD hw/timer/pit.32
LOAD arch/i386/avx.32
LOAD arch/i386/interrupt.32
LOAD arch/i386/rdrand.32
LOAD arch/i386/sse.32
LOAD arch/i386/x87.32
LOAD /cygdrive/d/Users/Alex/Desktop/Toolchain/Output/bin/../lib/gcc/i386-banana/8.1.0/crtend.o
LOAD crtn.32
LOAD /cygdrive/d/Users/Alex/Desktop/Toolchain/Output/bin/../lib/gcc/i386-banana/8.1.0/libkgcc.a
LOAD D:/Users/Alex/Desktop/Banana/kernel/libsoftfp.a
LOAD D:/Users/Alex/Desktop/Banana/kernel/libk/libm32.a
                0x00000000c0000000                . = 0xc0000000

.text           0x00000000c0000000    0x2eaea
 *(.text)
 .text          0x00000000c0000000       0x20 D:/Users/Alex/Desktop/Banana/kernel/boot.32
 .text          0x00000000c0000020        0x0 crti.32
 .text          0x00000000c0000020      0x101 /cygdrive/d/Users/Alex/Desktop/Toolchain/Output/bin/../lib/gcc/i386-banana/8.1.0/crtbegin.o
 *fill*         0x00000000c0000121        0xf 
 .text          0x00000000c0000130      0x24f D:/Users/Alex/Desktop/Banana/kernel/morenasm.32
                0x00000000c0000130                manualPCIProbe
                0x00000000c000017b                prepareTramp
                0x00000000c0000194                doTPAUSE
                0x00000000c000019e                hasLegacyFPU
                0x00000000c00001c3                is486
                0x00000000c00001f9                detectCPUID
                0x00000000c000020f                goToVM86
                0x00000000c000023f                goToUsermode
                0x00000000c0000269                switchToThreadASMFirstTime
                0x00000000c0000277                switchToThreadASM
                0x00000000c00002fc                asmQuickAcquireLock
                0x00000000c000031a                asmQuickReleaseLock
                0x00000000c0000326                asmAcquireLock
                0x00000000c0000347                asmReleaseLock
                0x00000000c000035a                loadGDT
                0x00000000c000037a                memcpy
 *fill*         0x00000000c000037f        0x1 
 .text          0x00000000c0000380      0x868 acpica/utclib.32
                0x00000000c0000380                memcmp
                0x00000000c00003d0                memmove
                0x00000000c00004f0                memset
                0x00000000c0000570                strlen
                0x00000000c00005a0                strpbrk
                0x00000000c00005f0                strtok
                0x00000000c0000640                strcpy
                0x00000000c0000680                strncpy
                0x00000000c0000750                strcmp
                0x00000000c00007a0                strchr
                0x00000000c00007e0                strncmp
                0x00000000c0000840                strcat
                0x00000000c0000870                strncat
                0x00000000c00008d0                strstr
                0x00000000c0000930                toupper
                0x00000000c0000950                tolower
                0x00000000c0000970                simple_strtoul
 .text          0x00000000c0000be8       0x53 arch/cc.32
                0x00000000c0000be8                LWIP_PLATFORM_HTONS
                0x00000000c0000c0c                LWIP_PLATFORM_HTONL
 *fill*         0x00000000c0000c3b        0x1 
 .text          0x00000000c0000c3c      0x162 arch/sys_arch.32
                0x00000000c0000c3c                lwip_socket_init
                0x00000000c0000c54                tcpip_callback_with_block
                0x00000000c0000c6c                sys_sem_new
                0x00000000c0000c94                sys_sem_free
                0x00000000c0000cac                sys_sem_signal
                0x00000000c0000cc4                sys_arch_sem_wait
                0x00000000c0000ce0                sys_mbox_new
                0x00000000c0000cfc                sys_mbox_free
                0x00000000c0000d14                sys_mbox_post
                0x00000000c0000d2c                sys_arch_mbox_fetch
                0x00000000c0000d48                sys_arch_mbox_tryfetch
                0x00000000c0000d64                sys_mbox_trypost
                0x00000000c0000d7c                sys_thread_new
                0x00000000c0000d9c                sys_init
 .text          0x00000000c0000d9e     0x1140 core/malloc.32
                0x00000000c0000f09                dlfree
                0x00000000c00013d0                dlmalloc
                0x00000000c000190d                dlrealloc
                0x00000000c0001aea                dlmemalign
                0x00000000c0001c0d                dlcalloc
                0x00000000c0001c9e                dlcfree
                0x00000000c0001ca3                dlindependent_calloc
                0x00000000c0001cc8                dlindependent_comalloc
                0x00000000c0001cdf                dlvalloc
                0x00000000c0001d0a                dlpvalloc
                0x00000000c0001d40                dlmalloc_trim
                0x00000000c0001d4d                dlmalloc_usable_size
                0x00000000c0001d7e                dlmallinfo
                0x00000000c0001e4d                dlmalloc_stats
                0x00000000c0001e5e                dlmallopt
 *fill*         0x00000000c0001ede        0x2 
 .text          0x00000000c0001ee0      0x1f2 libk/ctype.32
                0x00000000c0001ee0                isblank
                0x00000000c0001f00                iscntrl
                0x00000000c0001f20                isdigit
                0x00000000c0001f3c                islower
                0x00000000c0001f58                isspace
                0x00000000c0001f80                isupper
                0x00000000c0001f9c                isalpha
                0x00000000c0001fcc                isalnum
                0x00000000c0001ffc                ispunct
                0x00000000c000203c                isgraph
                0x00000000c000206c                isprint
                0x00000000c0002094                isxdigit
 .text          0x00000000c00020d2        0x0 libk/string.32
 .text          0x00000000c00020d2       0x51 fs/fat/diskio.32
                0x00000000c00020d2                disk_status
                0x00000000c00020d5                disk_initialize
                0x00000000c00020d8                disk_read
                0x00000000c00020ee                disk_write
                0x00000000c0002104                disk_ioctl
 .text          0x00000000c0002123     0x3e46 fs/fat/ff.32
                0x00000000c0003f44                f_mount
                0x00000000c0003fa6                f_open
                0x00000000c0004269                f_read
                0x00000000c0004468                f_write
                0x00000000c00046b0                f_sync
                0x00000000c0004775                f_close
                0x00000000c00047a4                f_lseek
                0x00000000c0004955                f_opendir
                0x00000000c0004a20                f_closedir
                0x00000000c0004a42                f_readdir
                0x00000000c0004ad4                f_stat
                0x00000000c0004b53                f_getfree
                0x00000000c0004c5c                f_truncate
                0x00000000c0004d46                f_unlink
                0x00000000c0004e68                f_mkdir
                0x00000000c0005003                f_rename
                0x00000000c00051bb                f_chmod
                0x00000000c000526b                f_utime
                0x00000000c000531b                f_getlabel
                0x00000000c000546c                f_setlabel
                0x00000000c00055fc                f_expand
                0x00000000c0005769                f_mkfs
 *fill*         0x00000000c0005f69        0x3 
 .text          0x00000000c0005f6c       0x2f fs/fat/ffsystem.32
                0x00000000c0005f6c                ff_memalloc
                0x00000000c0005f84                ff_memfree
 *fill*         0x00000000c0005f9b        0x1 
 .text          0x00000000c0005f9c      0x2dc fs/fat/ffunicode.32
                0x00000000c0005f9c                ff_uni2oem
                0x00000000c000603c                ff_oem2uni
                0x00000000c00060b4                ff_wtoupper
 .text          0x00000000c0006278      0xd32 fs/iso9660/iso9660.32
                0x00000000c00064c3                isoReadDiscSector
                0x00000000c000655e                strnicmp
                0x00000000c000680d                stricmp
                0x00000000c0006859                iso_open
                0x00000000c00068e3                iso_close
                0x00000000c0006901                iso_read
                0x00000000c0006a17                iso_seek
                0x00000000c0006a9b                iso_tell
                0x00000000c0006acc                iso_total
                0x00000000c0006af7                fn_postprocess
                0x00000000c0006b1e                iso_readdir
                0x00000000c0006d75                iso_reset
                0x00000000c0006d92                init_percd
                0x00000000c0006e8c                iso_ioctl
                0x00000000c0006ea4                fs_iso9660_init
                0x00000000c0006f3a                fs_iso9660_shutdown
 .text          0x00000000c0006faa        0x0 net/core/def.32
 .text          0x00000000c0006faa        0x0 net/core/dhcp.32
 .text          0x00000000c0006faa        0x0 net/core/dns.32
 *fill*         0x00000000c0006faa        0x2 
 .text          0x00000000c0006fac       0x2b net/core/init.32
                0x00000000c0006fac                lwip_init
 *fill*         0x00000000c0006fd7        0x1 
 .text          0x00000000c0006fd8      0x9f0 net/core/mem.32
                0x00000000c000716c                mem_init
                0x00000000c0007214                mem_free
                0x00000000c0007338                mem_trim
                0x00000000c0007648                mem_malloc
                0x00000000c0007964                mem_calloc
 .text          0x00000000c00079c8      0x2e8 net/core/memp.32
                0x00000000c00079c8                memp_init
                0x00000000c0007b0c                memp_malloc
                0x00000000c0007c38                memp_free
 .text          0x00000000c0007cb0      0x4ba net/core/netif.32
                0x00000000c0007cb0                netif_init
                0x00000000c0007cb4                netif_find
                0x00000000c0007d4c                netif_set_ipaddr
                0x00000000c0007e44                netif_set_gw
                0x00000000c0007e68                netif_set_netmask
                0x00000000c0007e8c                netif_set_addr
                0x00000000c0007ed0                netif_add
                0x00000000c0007f9c                netif_set_default
                0x00000000c0007fa8                netif_set_up
                0x00000000c000800c                netif_set_down
                0x00000000c0008034                netif_remove
                0x00000000c00080e0                netif_set_link_up
                0x00000000c0008144                netif_set_link_down
 *fill*         0x00000000c000816a        0x2 
 .text          0x00000000c000816c     0x16ac net/core/pbuf.32
                0x00000000c0008234                pbuf_alloced_custom
                0x00000000c0008358                pbuf_header
                0x00000000c00084f4                pbuf_free
                0x00000000c00086cc                pbuf_alloc
                0x00000000c0008ac4                pbuf_realloc
                0x00000000c0008cc8                pbuf_clen
                0x00000000c0008cfc                pbuf_ref
                0x00000000c0008d2c                pbuf_cat
                0x00000000c0008e0c                pbuf_chain
                0x00000000c0008e38                pbuf_dechain
                0x00000000c0008f2c                pbuf_copy
                0x00000000c0009194                pbuf_copy_partial
                0x00000000c0009338                pbuf_take
                0x00000000c00094b8                pbuf_coalesce
                0x00000000c000954c                pbuf_get_at
                0x00000000c00095e4                pbuf_memcmp
                0x00000000c00096f0                pbuf_memfind
                0x00000000c00097a4                pbuf_strstr
 .text          0x00000000c0009818      0x3e4 net/core/raw.32
                0x00000000c0009818                raw_input
                0x00000000c0009924                raw_bind
                0x00000000c0009948                raw_connect
                0x00000000c000996c                raw_recv
                0x00000000c0009984                raw_sendto
                0x00000000c0009af0                raw_send
                0x00000000c0009b14                raw_remove
                0x00000000c0009b94                raw_new
 .text          0x00000000c0009bfc        0x2 net/core/stats.32
                0x00000000c0009bfc                stats_init
 *fill*         0x00000000c0009bfe        0x2 
 .text          0x00000000c0009c00       0x55 net/core/sys.32
                0x00000000c0009c00                sys_msleep
 *fill*         0x00000000c0009c55        0x3 
 .text          0x00000000c0009c58     0x1dec net/core/tcp.32
                0x00000000c0009c68                tcp_listen_with_backlog
                0x00000000c0009e18                tcp_update_rcv_ann_wnd
                0x00000000c0009ef4                tcp_recved
                0x00000000c000a03c                tcp_bind
                0x00000000c000a16c                tcp_seg_free
                0x00000000c000a1b0                tcp_segs_free
                0x00000000c000a1e8                tcp_setprio
                0x00000000c000a204                tcp_seg_copy
                0x00000000c000a258                tcp_arg
                0x00000000c000a268                tcp_recv
                0x00000000c000a278                tcp_sent
                0x00000000c000a288                tcp_err
                0x00000000c000a298                tcp_accept
                0x00000000c000a2a8                tcp_poll
                0x00000000c000a2d0                tcp_pcb_purge
                0x00000000c000a3b4                tcp_slowtmr
                0x00000000c000ab38                tcp_pcb_remove
                0x00000000c000afe0                tcp_close
                0x00000000c000b01c                tcp_recv_null
                0x00000000c000b080                tcp_fasttmr
                0x00000000c000b1a4                tcp_tmr
                0x00000000c000b1d4                tcp_shutdown
                0x00000000c000b280                tcp_abandon
                0x00000000c000b414                tcp_abort
                0x00000000c000b580                tcp_next_iss
                0x00000000c000b598                tcp_alloc
                0x00000000c000b744                tcp_new
                0x00000000c000b758                tcp_eff_send_mss
                0x00000000c000b7c8                tcp_connect
                0x00000000c000ba38                tcp_debug_state_str
 .text          0x00000000c000ba44     0x3131 net/core/tcp_in.32
                0x00000000c000e0a4                tcp_input
 *fill*         0x00000000c000eb75        0x3 
 .text          0x00000000c000eb78     0x1f81 net/core/tcp_out.32
                0x00000000c000f0e8                tcp_write
                0x00000000c000f988                tcp_enqueue_flags
                0x00000000c000fc74                tcp_send_fin
                0x00000000c000fd14                tcp_send_empty_ack
                0x00000000c0010024                tcp_output
                0x00000000c00104b0                tcp_rst
                0x00000000c0010624                tcp_rexmit_rto
                0x00000000c00106b4                tcp_rexmit
                0x00000000c001077c                tcp_rexmit_fast
                0x00000000c0010860                tcp_keepalive
                0x00000000c0010928                tcp_zero_window_probe
 *fill*         0x00000000c0010af9        0x3 
 .text          0x00000000c0010afc      0x44d net/core/timers.32
                0x00000000c0010afc                sys_timeout
                0x00000000c0010cb4                tcp_timer_needed
                0x00000000c0010d48                sys_timeouts_init
                0x00000000c0010d80                sys_untimeout
                0x00000000c0010e4c                sys_timeouts_mbox_fetch
 *fill*         0x00000000c0010f49        0x3 
 .text          0x00000000c0010f4c      0xae8 net/core/udp.32
                0x00000000c0010f4c                udp_input
                0x00000000c00113c0                udp_bind
                0x00000000c0011540                udp_sendto_if
                0x00000000c00117c0                udp_sendto
                0x00000000c0011824                udp_send
                0x00000000c0011850                udp_connect
                0x00000000c0011930                udp_disconnect
                0x00000000c001195c                udp_recv
                0x00000000c0011974                udp_remove
                0x00000000c00119f4                udp_new
 .text          0x00000000c0011a34     0x1204 net/netif/etharp.32
                0x00000000c0011a8c                etharp_tmr
                0x00000000c001205c                etharp_find_addr
                0x00000000c00125bc                etharp_request
                0x00000000c00125f8                etharp_query
                0x00000000c0012934                etharp_output
                0x00000000c0012af4                ethernet_input
 .text          0x00000000c0012c38        0x0 net/netif/ethernetif.32
 .text          0x00000000c0012c38        0x0 net/netif/slipif.32
 .text          0x00000000c0012c38        0x0 net/core/ipv4/autoip.32
 .text          0x00000000c0012c38      0x5dd net/core/ipv4/icmp.32
                0x00000000c0012c38                icmp_input
                0x00000000c00131d0                icmp_dest_unreach
                0x00000000c00131f4                icmp_time_exceeded
 .text          0x00000000c0013215        0x0 net/core/ipv4/igmp.32
 .text          0x00000000c0013215        0x0 net/core/ipv4/inet.32
 *fill*         0x00000000c0013215        0x3 
 .text          0x00000000c0013218      0x582 net/core/ipv4/inet_chksum.32
                0x00000000c0013310                inet_chksum_pseudo
                0x00000000c00134a0                inet_chksum_pseudo_partial
                0x00000000c0013690                inet_chksum
                0x00000000c00136b8                inet_chksum_pbuf
 *fill*         0x00000000c001379a        0x2 
 .text          0x00000000c001379c      0x84c net/core/ipv4/ip.32
                0x00000000c001379c                ip_route
                0x00000000c0013830                ip_input
                0x00000000c0013c74                ip_output_if
                0x00000000c0013f44                ip_output
 .text          0x00000000c0013fe8      0x5ac net/core/ipv4/ip_addr.32
                0x00000000c0013fe8                ip4_addr_isbroadcast
                0x00000000c0014070                ip4_addr_netmask_valid
                0x00000000c00140d4                ipaddr_aton
                0x00000000c0014404                ipaddr_addr
                0x00000000c0014434                ipaddr_ntoa_r
                0x00000000c0014580                ipaddr_ntoa
 .text          0x00000000c0014594     0x1161 net/core/ipv4/ip_frag.32
                0x00000000c00147f8                ip_reass_tmr
                0x00000000c0014e88                ip_reass
                0x00000000c0015348                ip_frag
 .text          0x00000000c00156f5        0x0 net/core/snmp/asn1_dec.32
 .text          0x00000000c00156f5        0x0 net/core/snmp/asn1_enc.32
 .text          0x00000000c00156f5        0x0 net/core/snmp/mib2.32
 .text          0x00000000c00156f5        0x0 net/core/snmp/mib_structs.32
 .text          0x00000000c00156f5        0x0 net/core/snmp/msg_in.32
 .text          0x00000000c00156f5        0x0 net/core/snmp/msg_out.32
 .text          0x00000000c00156f5        0x0 net/netif/ppp/auth.32
 .text          0x00000000c00156f5        0x0 net/netif/ppp/chap.32
 .text          0x00000000c00156f5        0x0 net/netif/ppp/chpms.32
 .text          0x00000000c00156f5        0x0 net/netif/ppp/fsm.32
 .text          0x00000000c00156f5        0x0 net/netif/ppp/ipcp.32
 .text          0x00000000c00156f5        0x0 net/netif/ppp/lcp.32
 .text          0x00000000c00156f5        0x0 net/netif/ppp/magic.32
 .text          0x00000000c00156f5        0x0 net/netif/ppp/md5.32
 .text          0x00000000c00156f5        0x0 net/netif/ppp/pap.32
 .text          0x00000000c00156f5        0x0 net/netif/ppp/ppp.32
 .text          0x00000000c00156f5        0x0 net/netif/ppp/ppp_oe.32
 .text          0x00000000c00156f5        0x0 net/netif/ppp/randm.32
 .text          0x00000000c00156f5        0x0 net/netif/ppp/vj.32
 *fill*         0x00000000c00156f5        0x1 
 .text          0x00000000c00156f6      0x6cb core/computer.32
                0x00000000c00156f6                Computer::close(int, int, void*)
                0x00000000c0015744                Krnl::firstTask()
                0x00000000c0015886                Computer::Computer()
                0x00000000c0015886                Computer::Computer()
                0x00000000c0015936                Computer::setBootMessage(char const*)
                0x00000000c0015938                Computer::detectFeatures()
                0x00000000c0015b5e                Computer::displayFeatures()
                0x00000000c0015b60                Computer::rdmsr(unsigned int)
                0x00000000c0015b8c                Computer::wrmsr(unsigned int, unsigned long long)
                0x00000000c0015bc8                Computer::shutdown()
                0x00000000c0015be0                Computer::restart()
                0x00000000c0015bf8                Computer::sleep()
                0x00000000c0015c0c                Computer::nmiEnabled()
                0x00000000c0015c18                Computer::readCMOS(unsigned char)
                0x00000000c0015c36                Computer::enableNMI(bool)
                0x00000000c0015c4e                Computer::open(int, int, void*)
                0x00000000c0015d22                Computer::disableNMI()
                0x00000000c0015d32                Computer::writeCMOS(unsigned char, unsigned char)
                0x00000000c0015d56                Computer::handleNMI()
 *fill*         0x00000000c0015dc1        0x1 
 .text          0x00000000c0015dc2      0x1db core/gdt.32
                0x00000000c0015dc2                GDTEntry::setBase(unsigned int)
                0x00000000c0015dde                GDTEntry::setLimit(unsigned int)
                0x00000000c0015dfc                GDT::GDT()
                0x00000000c0015dfc                GDT::GDT()
                0x00000000c0015e12                GDT::addEntry(GDTEntry)
                0x00000000c0015e34                GDT::getNumberOfEntries()
                0x00000000c0015e3c                GDT::flush()
                0x00000000c0015e5e                GDT::setup()
 .text          0x00000000c0015f9d       0x1d core/idle.32
                0x00000000c0015f9d                idleFunction(void*)
 *fill*         0x00000000c0015fba        0x2 
 .text          0x00000000c0015fbc      0x46c core/idt.32
                0x00000000c0015fbc                IDTEntry::IDTEntry(bool)
                0x00000000c0015fbc                IDTEntry::IDTEntry(bool)
                0x00000000c0016036                IDTEntry::setOffset(unsigned int)
                0x00000000c001604c                IDT::IDT()
                0x00000000c001604c                IDT::IDT()
                0x00000000c001604e                IDT::getPointerToInvalidOpcodeEntryForF00F()
                0x00000000c0016056                IDT::addEntry(IDTEntry, int)
                0x00000000c0016070                IDT::addEntry(int, void (*)(), bool)
                0x00000000c00160a8                IDT::flush()
                0x00000000c00160c2                IDT::setup()
 .text          0x00000000c0016428      0x24a core/kheap.32
                0x00000000c0016428                sbrk
                0x00000000c00164bf                sbrk_thunk
                0x00000000c00164f5                mmap
                0x00000000c0016573                munmap
                0x00000000c00165ad                liballoc_lock()
                0x00000000c00165bb                liballoc_unlock()
                0x00000000c00165d1                liballoc_alloc(int)
                0x00000000c00165e9                liballoc_free(void*, int)
                0x00000000c0016604                realloc
                0x00000000c0016618                malloc
                0x00000000c0016628                free
                0x00000000c0016638                rfree
                0x00000000c0016648                calloc
 .text          0x00000000c0016672       0xc7 core/main.32
                0x00000000c0016672                KeEntryPoint
 .text          0x00000000c0016739      0x644 core/physmgr.32
                0x00000000c0016739                Phys::allocateDMA(unsigned long)
                0x00000000c0016821                Phys::freeDMA(unsigned long, unsigned long)
                0x00000000c001685c                Phys::setPageState(unsigned long, bool)
                0x00000000c001689c                Phys::getPageState(unsigned long)
                0x00000000c00168b8                Phys::freePage(unsigned long)
                0x00000000c0016921                Phys::allocatePage()
                0x00000000c00169f0                Phys::allocateContiguousPages(int)
                0x00000000c0016a57                Phys::allowSegmentToBeUsed(unsigned long, unsigned long)
                0x00000000c0016a8f                Phys::physicalMemorySetup(unsigned int)
 *fill*         0x00000000c0016d7d        0x1 
 .text          0x00000000c0016d7e      0x273 core/pipe.32
                0x00000000c0016d7e                Pipe::isAtty()
                0x00000000c0016d82                Pipe::~Pipe()
                0x00000000c0016d82                Pipe::~Pipe()
                0x00000000c0016da6                Pipe::~Pipe()
                0x00000000c0016dce                Pipe::write(unsigned long long, void*, int*)
                0x00000000c0016e8e                Pipe::read(unsigned long long, void*, int*)
                0x00000000c0016f8a                Pipe::Pipe(int)
                0x00000000c0016f8a                Pipe::Pipe(int)
 *fill*         0x00000000c0016ff1        0x1 
 .text          0x00000000c0016ff2      0xab3 core/terminal.32
                0x00000000c0016ff2                VgaText::isAtty()
                0x00000000c0016ff6                VgaText::~VgaText()
                0x00000000c0016ff6                VgaText::~VgaText()
                0x00000000c001701a                VgaText::~VgaText()
                0x00000000c0017044                VgaText::read(unsigned long long, void*, int*)
                0x00000000c0017064                setTerminalScrollLock(bool)
                0x00000000c0017065                doTerminalCycle()
                0x00000000c0017066                addToTerminalCycle(VgaText*)
                0x00000000c0017067                scrollTerminalScrollLock(int)
                0x00000000c0017068                VgaText::updateTitle()
                0x00000000c001706a                VgaText::load()
                0x00000000c001706c                VgaText::updateCursor()
                0x00000000c0017082                VgaText::doANSI_SGR(int)
                0x00000000c00170f6                VgaText::setDefaultBgColour(VgaColour)
                0x00000000c0017106                VgaText::setDefaultFgColour(VgaColour)
                0x00000000c0017116                VgaText::setDefaultColours(VgaColour, VgaColour)
                0x00000000c0017136                VgaText::setTitleTextColour(VgaColour)
                0x00000000c0017142                VgaText::setTitleColour(VgaColour)
                0x00000000c001714e                VgaText::setTitle(char*)
                0x00000000c0017150                VgaText::combineColours(unsigned char, unsigned char)
                0x00000000c0017162                VgaText::scrollScreen()
                0x00000000c00171f4                VgaText::combineCharAndColour(char, unsigned char)
                0x00000000c0017204                VgaText::writeCharacter(char, VgaColour, VgaColour, int, int)
                0x00000000c0017294                VgaText::getCursorX()
                0x00000000c001729c                VgaText::getCursorY()
                0x00000000c00172a4                VgaText::setCursor(int, int)
                0x00000000c00172bb                setActiveTerminal(VgaText*)
                0x00000000c0017306                VgaText::clearScreen()
                0x00000000c0017354                VgaText::setCursorX(int)
                0x00000000c001736c                VgaText::setCursorY(int)
                0x00000000c0017384                VgaText::incrementCursor(bool)
                0x00000000c00173d8                VgaText::decrementCursor(bool)
                0x00000000c00173fa                VgaText::putchar(char, VgaColour, VgaColour)
                0x00000000c00174ca                VgaText::putchar(char)
                0x00000000c00175c2                VgaText::putx(unsigned int)
                0x00000000c0017608                VgaText::puts(char const*)
                0x00000000c001762e                VgaText::write(unsigned long long, void*, int*)
                0x00000000c001767a                VgaText::puts(char const*, VgaColour, VgaColour)
                0x00000000c00177c8                VgaText::VgaText(char const*)
                0x00000000c00177c8                VgaText::VgaText(char const*)
                0x00000000c0017918                VgaText::receiveKey(unsigned char)
                0x00000000c0017aa4                VgaText::doUpdate()
 *fill*         0x00000000c0017aa5        0x3 
 .text          0x00000000c0017aa8      0x1a1 core/tss.32
                0x00000000c0017aa8                TSS::TSS()
                0x00000000c0017aa8                TSS::TSS()
                0x00000000c0017ab8                TSS::setESP(unsigned long)
                0x00000000c0017acc                TSS::flush()
                0x00000000c0017aec                TSS::setup(unsigned long, unsigned long)
 *fill*         0x00000000c0017c49        0x1 
 .text          0x00000000c0017c4a      0x4ca core/unixfile.32
                0x00000000c0017c4a                ReservedFilename::read(unsigned long long, void*, int*)
                0x00000000c0017ca0                ReservedFilename::isAtty()
                0x00000000c0017cbc                ReservedFilename::write(unsigned long long, void*, int*)
                0x00000000c0017d1a                UnixFile::getFileDescriptor()
                0x00000000c0017d22                UnixFile::UnixFile(int)
                0x00000000c0017d22                UnixFile::UnixFile(int)
                0x00000000c0017ed6                ReservedFilename::ReservedFilename(int)
                0x00000000c0017ed6                ReservedFilename::ReservedFilename(int)
                0x00000000c0017f08                UnixFile::~UnixFile()
                0x00000000c0017f08                UnixFile::~UnixFile()
                0x00000000c0017fa4                UnixFile::~UnixFile()
                0x00000000c0017fcc                ReservedFilename::~ReservedFilename()
                0x00000000c0017fcc                ReservedFilename::~ReservedFilename()
                0x00000000c0017ff0                ReservedFilename::~ReservedFilename()
                0x00000000c0018017                KeGetFileFromDescriptor(int)
 .text          0x00000000c0018114     0x1218 core/virtmgr.32
                0x00000000c0018114                Virt::setPageState(unsigned long, Virt::VirtPageState)
                0x00000000c001814e                Virt::getPageState(unsigned long)
                0x00000000c0018171                Virt::allocateKernelVirtualPages(int)
                0x00000000c0018296                Virt::freeSwapfilePage(unsigned long)
                0x00000000c00182b9                Virt::swapIDToSector(unsigned long)
                0x00000000c00182cf                Virt::allocateSwapfilePage()
                0x00000000c001834f                Virt::virtualMemorySetup()
                0x00000000c00183a0                Virt::setupPageSwapping(int)
                0x00000000c0018412                VAS::setCPUSpecific(unsigned long)
                0x00000000c0018414                VAS::VAS(VAS*)
                0x00000000c0018414                VAS::VAS(VAS*)
                0x00000000c0018442                VAS::getForeignPageTableEntry(bool, unsigned long)
                0x00000000c0018470                VAS::getPageTableEntry(unsigned long)
                0x00000000c001848f                Virt::freeKernelVirtualPages(unsigned long)
                0x00000000c00185cc                VAS::freeAllocatedPages(unsigned long)
                0x00000000c00185f0                VAS::virtualToPhysical(unsigned long)
                0x00000000c001860a                VAS::reflagRange(unsigned long, int, unsigned long, unsigned long)
                0x00000000c001864c                VAS::VAS()
                0x00000000c001864c                VAS::VAS()
                0x00000000c00186b6                VAS::setToWriteCombining(unsigned long, int)
                0x00000000c00186ea                VAS::mapOtherVASIn(bool, VAS*)
                0x00000000c0018716                VAS::~VAS()
                0x00000000c0018716                VAS::~VAS()
                0x00000000c0018884                VAS::mapPage(unsigned long, unsigned long, int)
                0x00000000c0018988                VAS::allocatePages(int, int)
                0x00000000c0018a7e                VAS::mapRange(unsigned long, unsigned long, int, int)
                0x00000000c0018ad6                VAS::mapForeignPage(bool, VAS*, unsigned long, unsigned long, int)
                0x00000000c0018bcc                VAS::VAS(bool)
                0x00000000c0018bcc                VAS::VAS(bool)
                0x00000000c0018e16                VAS::evict(unsigned long)
                0x00000000c0018ef4                VAS::tryLoadBackOffDisk(unsigned long)
                0x00000000c001908e                VAS::allocateSharedMemoryWithKernel(unsigned long, unsigned long*)
                0x00000000c0019102                VAS::freeSharedMemoryWithKernel(unsigned long, unsigned long)
                0x00000000c001912e                VAS::scanForEviction()
                0x00000000c0019231                mapVASFirstTime
 .text          0x00000000c001932c       0x5f coreobjs/c++.32
                0x00000000c001932c                __cxa_atexit
                0x00000000c001932f                __cxa_finalize
                0x00000000c0019330                __stack_chk_fail
                0x00000000c0019366                __cxa_pure_virtual
                0x00000000c0019377                operator new[](unsigned long)
                0x00000000c001937c                operator delete(void*, unsigned long)
                0x00000000c0019381                operator delete[](void*)
                0x00000000c0019386                operator delete[](void*, unsigned long)
 .text          0x00000000c001938b      0x254 dbg/kconsole.32
                0x00000000c001938b                Dbg::stringifyxWithBase(unsigned int, char*, int)
                0x00000000c001942b                Dbg::logc(char)
                0x00000000c001944b                Dbg::logs(char*)
                0x00000000c001946a                Dbg::logWriteInt(unsigned int)
                0x00000000c0019488                Dbg::logWriteIntBase(unsigned int, int)
                0x00000000c00194a9                Dbg::kprintf(char const*, ...)
 *fill*         0x00000000c00195df        0x1 
 .text          0x00000000c00195e0      0x2d4 dbg/usban.32
                0x00000000c00195e0                KiUbsanPrintDetails(char const*, void*)
                0x00000000c001964c                __ubsan_handle_type_mismatch_v1
                0x00000000c0019728                __ubsan_handle_pointer_overflow
                0x00000000c0019754                __ubsan_handle_out_of_bounds
                0x00000000c0019780                __ubsan_handle_add_overflow
                0x00000000c00197ac                __ubsan_handle_load_invalid_value
                0x00000000c00197d8                __ubsan_handle_divrem_overflow
                0x00000000c0019804                __ubsan_handle_mul_overflow
                0x00000000c0019830                __ubsan_handle_sub_overflow
                0x00000000c001985c                __ubsan_handle_shift_out_of_bounds
                0x00000000c0019888                __ubsan_handle_negate_overflow
 .text          0x00000000c00198b4      0x86d fs/symlink.32
                0x00000000c0019a03                KiDeinitialiseSymlinks(void*)
                0x00000000c0019a96                KeRegisterSymlink(char const*, unsigned long long)
                0x00000000c0019b28                KeInitialiseSymlinks()
                0x00000000c0019c9c                KiIsSymlinkRegistered(char const*)
                0x00000000c0019e20                KeDereferenceSymlink(char const*, char*)
                0x00000000c0019fc7                KeCreateSymlink(char const*, char const*)
 *fill*         0x00000000c001a121        0x1 
 .text          0x00000000c001a122      0xd68 fs/vfs.32
                0x00000000c001a122                File::read(unsigned long long, void*, int*)
                0x00000000c001a17a                File::write(unsigned long long, void*, int*)
                0x00000000c001a1d2                Directory::read(unsigned long long, void*, int*)
                0x00000000c001a22a                Directory::write(unsigned long long, void*, int*)
                0x00000000c001a258                File::isAtty()
                0x00000000c001a25c                Directory::isAtty()
                0x00000000c001a260                Filesystem::getlabel(LogicalDisk*, int, char*, unsigned int*)
                0x00000000c001a266                Filesystem::setlabel(LogicalDisk*, int, char*)
                0x00000000c001a26c                Filesystem::allocateSwapfile(char const*, int)
                0x00000000c001a272                File::~File()
                0x00000000c001a272                File::~File()
                0x00000000c001a296                File::~File()
                0x00000000c001a2c0                Directory::~Directory()
                0x00000000c001a2c0                Directory::~Directory()
                0x00000000c001a2e4                Directory::~Directory()
                0x00000000c001a30e                Filesystem::Filesystem()
                0x00000000c001a30e                Filesystem::Filesystem()
                0x00000000c001a332                Filesystem::~Filesystem()
                0x00000000c001a332                Filesystem::~Filesystem()
                0x00000000c001a340                Filesystem::~Filesystem()
                0x00000000c001a364                Fs::getcwd(Process*, char*, int)
                0x00000000c001a38e                Fs::initVFS()
                0x00000000c001a3b8                Fs::standardiseFiles(char*, char const*, char const*, bool)
                0x00000000c001a5d2                File::File(char const*, Process*, bool)
                0x00000000c001a5d2                File::File(char const*, Process*, bool)
                0x00000000c001a6b0                File::File(char const*, Process*)
                0x00000000c001a6b0                File::File(char const*, Process*)
                0x00000000c001a6ce                File::open(FileOpenMode)
                0x00000000c001a72c                File::close()
                0x00000000c001a78c                File::seek(unsigned long long)
                0x00000000c001a7e2                File::truncate(unsigned long long)
                0x00000000c001a838                File::tell(unsigned long long*)
                0x00000000c001a888                File::rewind()
                0x00000000c001a89c                File::unlink()
                0x00000000c001a8e8                File::rename(char const*)
                0x00000000c001a936                File::chfatattr(unsigned char, unsigned char)
                0x00000000c001a992                File::exists()
                0x00000000c001a9d0                File::stat(unsigned long long*, bool*)
                0x00000000c001aa31                Fs::setcwd(Process*, char*)
                0x00000000c001ab90                Directory::Directory(char const*, Process*)
                0x00000000c001ab90                Directory::Directory(char const*, Process*)
                0x00000000c001ac58                Directory::open()
                0x00000000c001acb4                Directory::close()
                0x00000000c001ad14                Directory::unlink()
                0x00000000c001ad60                Directory::rename(char const*)
                0x00000000c001adae                Directory::exists()
                0x00000000c001adec                Directory::read(dirent*)
                0x00000000c001ae38                Directory::create()
                0x00000000c001ae84                Filesystem::chfatattr(char const*, unsigned char, unsigned char)
 *fill*         0x00000000c001ae8a        0x2 
 .text          0x00000000c001ae8c       0x86 hal/bus.32
                0x00000000c001ae8c                Bus::Bus(char const*)
                0x00000000c001ae8c                Bus::Bus(char const*)
                0x00000000c001aec4                Bus::~Bus()
                0x00000000c001aec4                Bus::~Bus()
                0x00000000c001aee8                Bus::~Bus()
 .text          0x00000000c001af12       0x96 hal/buzzer.32
                0x00000000c001af12                beepThread(void*)
                0x00000000c001af4f                Krnl::beep(int, int, bool)
 .text          0x00000000c001afa8      0x45f hal/clock.32
                0x00000000c001afa8                User::loadClockSettings(int)
                0x00000000c001affa                Clock::Clock(char const*)
                0x00000000c001affa                Clock::Clock(char const*)
                0x00000000c001b030                Clock::~Clock()
                0x00000000c001b030                Clock::~Clock()
                0x00000000c001b054                Clock::~Clock()
                0x00000000c001b07e                Clock::timeInSecondsLocal()
                0x00000000c001b0c6                Clock::setTimeInSecondsLocal(unsigned long long)
                0x00000000c001b11f                datetimeToSeconds(datetime_t)
                0x00000000c001b23e                Clock::setTimeInDatetimeLocal(datetime_t)
                0x00000000c001b29e                secondsToDatetime(unsigned long long)
                0x00000000c001b3e2                Clock::timeInDatetimeLocal()
 *fill*         0x00000000c001b407        0x1 
 .text          0x00000000c001b408      0x47a hal/device.32
                0x00000000c001b408                Device::hibernate()
                0x00000000c001b40a                Device::wake()
                0x00000000c001b40c                Device::detect()
                0x00000000c001b40e                Device::disableLegacy()
                0x00000000c001b410                Device::powerSaving(PowerSavingLevel)
                0x00000000c001b412                DriverlessDevice::close(int, int, void*)
                0x00000000c001b416                DriverlessDevice::detect()
                0x00000000c001b418                DriverlessDevice::open(int, int, void*)
                0x00000000c001b42c                Device::~Device()
                0x00000000c001b42c                Device::~Device()
                0x00000000c001b43a                Device::~Device()
                0x00000000c001b462                Device::findAndLoadDriver()
                0x00000000c001b470                Device::preOpenPCI(PCIDeviceInfo)
                0x00000000c001b496                Device::preOpenACPI(void*, char*, char*)
                0x00000000c001b4d6                Device::addIRQHandler(int, void (*)(regs*, void*), bool, void*)
                0x00000000c001b500                Device::getParent()
                0x00000000c001b50c                Device::removeIRQHandler(int, void (*)(regs*, void*), bool)
                0x00000000c001b52a                Device::addChild(Device*)
                0x00000000c001b56e                Device::removeAllChildren()
                0x00000000c001b5b4                Device::hibernateAll()
                0x00000000c001b5e4                Device::wakeAll()
                0x00000000c001b614                Device::detectAll()
                0x00000000c001b644                Device::disableLegacyAll()
                0x00000000c001b646                Device::loadDriversForAll()
                0x00000000c001b648                Device::powerSavingAll(PowerSavingLevel)
                0x00000000c001b67e                Device::setName(char const*)
                0x00000000c001b68c                Device::Device(char const*)
                0x00000000c001b68c                Device::Device(char const*)
                0x00000000c001b788                Device::getName()
                0x00000000c001b792                Device::closeAll()
                0x00000000c001b7de                DriverlessDevice::DriverlessDevice(char const*)
                0x00000000c001b7de                DriverlessDevice::DriverlessDevice(char const*)
                0x00000000c001b814                Device::addToLinkedList(LinkedList<Device>&, DeviceType)
                0x00000000c001b858                getDevicesOfType(DeviceType)
 *fill*         0x00000000c001b882        0x2 
 .text          0x00000000c001b884       0x86 hal/diskctrl.32
                0x00000000c001b884                HardDiskController::HardDiskController(char const*)
                0x00000000c001b884                HardDiskController::HardDiskController(char const*)
                0x00000000c001b8bc                HardDiskController::~HardDiskController()
                0x00000000c001b8bc                HardDiskController::~HardDiskController()
                0x00000000c001b8e0                HardDiskController::~HardDiskController()
 .text          0x00000000c001b90a       0xe2 hal/diskphys.32
                0x00000000c001b90a                PhysicalDisk::eject()
                0x00000000c001b90e                PhysicalDisk::PhysicalDisk(char const*, int)
                0x00000000c001b90e                PhysicalDisk::PhysicalDisk(char const*, int)
                0x00000000c001b976                PhysicalDisk::startCache()
                0x00000000c001b99e                PhysicalDisk::~PhysicalDisk()
                0x00000000c001b99e                PhysicalDisk::~PhysicalDisk()
                0x00000000c001b9c2                PhysicalDisk::~PhysicalDisk()
 .text          0x00000000c001b9ec        0x0 hal/fpu.32
 .text          0x00000000c001b9ec      0x359 hal/intctrl.32
                0x00000000c001b9ec                int_handler
                0x00000000c001ba76                installISRHandler(int, void (*)(regs*, void*), void*)
                0x00000000c001bac0                installIRQHandler(int, void (*)(regs*, void*), bool, void*)
                0x00000000c001bbf4                uninstallISRHandler(int, void (*)(regs*, void*))
                0x00000000c001bc28                uninstallIRQHandler(int, void (*)(regs*, void*), bool)
                0x00000000c001bca6                setupINTS()
                0x00000000c001bd03                convertLegacyIRQNumber(int)
 *fill*         0x00000000c001bd45        0x1 
 .text          0x00000000c001bd46      0x8b6 hal/keybrd.32
                0x00000000c001bd46                startGUI(void*)
                0x00000000c001bdb0                startGUIVESA(void*)
                0x00000000c001be1a                sendKeyToTerminal(unsigned char)
                0x00000000c001bef5                sendKeyboardToken(KeyboardToken)
                0x00000000c001c3df                clearInternalKeybuffer(VgaText*)
                0x00000000c001c414                readKeyboard(VgaText*, char*, unsigned long)
                0x00000000c001c572                Keyboard::Keyboard(char const*)
                0x00000000c001c572                Keyboard::Keyboard(char const*)
                0x00000000c001c5ae                Keyboard::~Keyboard()
                0x00000000c001c5ae                Keyboard::~Keyboard()
                0x00000000c001c5d2                Keyboard::~Keyboard()
 .text          0x00000000c001c5fc      0x3f8 hal/logidisk.32
                0x00000000c001c5fc                LogicalDisk::close(int, int, void*)
                0x00000000c001c600                LogicalDisk::~LogicalDisk()
                0x00000000c001c600                LogicalDisk::~LogicalDisk()
                0x00000000c001c624                LogicalDisk::~LogicalDisk()
                0x00000000c001c64e                LogicalDisk::open(int, int, void*)
                0x00000000c001c662                LogicalDisk::absoluteToRelative(unsigned long long)
                0x00000000c001c69a                LogicalDisk::relativeToAbsolute(unsigned long long)
                0x00000000c001c6e0                LogicalDisk::LogicalDisk(char const*, PhysicalDisk*, unsigned long long, unsigned long long)
                0x00000000c001c6e0                LogicalDisk::LogicalDisk(char const*, PhysicalDisk*, unsigned long long, unsigned long long)
                0x00000000c001c7a0                LogicalDisk::assignDriveLetter()
                0x00000000c001c85a                LogicalDisk::mount()
                0x00000000c001c8a2                LogicalDisk::unmount()
                0x00000000c001c8b2                LogicalDisk::eject()
                0x00000000c001c8c6                LogicalDisk::unassignDriveLetter()
                0x00000000c001c91c                LogicalDisk::read(unsigned long long, int, void*)
                0x00000000c001c988                LogicalDisk::write(unsigned long long, int, void*)
 .text          0x00000000c001c9f4       0x86 hal/mouse.32
                0x00000000c001c9f4                Mouse::Mouse(char const*)
                0x00000000c001c9f4                Mouse::Mouse(char const*)
                0x00000000c001ca2c                Mouse::~Mouse()
                0x00000000c001ca2c                Mouse::~Mouse()
                0x00000000c001ca50                Mouse::~Mouse()
 .text          0x00000000c001ca7a       0x90 hal/nic.32
                0x00000000c001ca7a                NIC::getMAC()
                0x00000000c001ca80                NIC::write(int, unsigned char*, int*)
                0x00000000c001ca86                NIC::NIC(char const*)
                0x00000000c001ca86                NIC::NIC(char const*)
                0x00000000c001cabc                NIC::~NIC()
                0x00000000c001cabc                NIC::~NIC()
                0x00000000c001cae0                NIC::~NIC()
 .text          0x00000000c001cb0a      0x33b hal/partition.32
                0x00000000c001cb0a                makePartition(PhysicalDisk*, unsigned long long, unsigned long long)
                0x00000000c001cbb2                createPartitionsForDisk(PhysicalDisk*)
 *fill*         0x00000000c001ce45        0x3 
 .text          0x00000000c001ce48       0x86 hal/serial.32
                0x00000000c001ce48                Serial::Serial(char const*)
                0x00000000c001ce48                Serial::Serial(char const*)
                0x00000000c001ce80                Serial::~Serial()
                0x00000000c001ce80                Serial::~Serial()
                0x00000000c001cea4                Serial::~Serial()
 *fill*         0x00000000c001cece        0x2 
 .text          0x00000000c001ced0      0x230 hal/timer.32
                0x00000000c001ced0                Timer::Timer(char const*)
                0x00000000c001ced0                Timer::Timer(char const*)
                0x00000000c001cf08                Timer::~Timer()
                0x00000000c001cf08                Timer::~Timer()
                0x00000000c001cf2c                Timer::~Timer()
                0x00000000c001cf56                Timer::read()
                0x00000000c001cf61                setupTimer(int)
                0x00000000c001cf9c                timerHandler(unsigned int)
 .text          0x00000000c001d100      0x444 hal/vcache.32
                0x00000000c001d100                VCache::VCache(PhysicalDisk*)
                0x00000000c001d100                VCache::VCache(PhysicalDisk*)
                0x00000000c001d270                VCache::invalidateReadBuffer()
                0x00000000c001d280                VCache::writeWriteBuffer()
                0x00000000c001d2cc                VCache::~VCache()
                0x00000000c001d2cc                VCache::~VCache()
                0x00000000c001d324                VCache::~VCache()
                0x00000000c001d34c                VCache::write(unsigned long long, int, void*)
                0x00000000c001d440                VCache::read(unsigned long long, int, void*)
 .text          0x00000000c001d544      0x70e hal/video.32
                0x00000000c001d544                Video::putrect(int, int, int, int, unsigned int)
                0x00000000c001d590                Video::bitblit(int, int, int, int, int, int, int, unsigned int*)
                0x00000000c001d600                Video::blit(unsigned int*, int, int, int, int)
                0x00000000c001d67e                Video::clearScreen(unsigned int)
                0x00000000c001d6b2                Video::putpixel(int, int, unsigned int)
                0x00000000c001d6c0                Video::readPixelApprox(int, int)
                0x00000000c001d6d4                Video::Video(char const*)
                0x00000000c001d6d4                Video::Video(char const*)
                0x00000000c001d70a                Video::~Video()
                0x00000000c001d70a                Video::~Video()
                0x00000000c001d72e                Video::~Video()
                0x00000000c001d758                Video::isMonochrome()
                0x00000000c001d764                Video::getWidth()
                0x00000000c001d770                Video::getHeight()
                0x00000000c001d77c                Video::drawCursor(int, int, unsigned int*, int)
                0x00000000c001d838                Video::tgaParse(unsigned char*, int, int*, int*)
                0x00000000c001dbe2                Video::putTGA(int, int, unsigned char*, int)
 *fill*         0x00000000c001dc52        0x2 
 .text          0x00000000c001dc54     0x1413 hw/acpi.32
                0x00000000c001dc54                ACPI::close(int, int, void*)
                0x00000000c001dd90                findRSDP()
                0x00000000c001de28                loadACPITables(unsigned char*)
                0x00000000c001e094                findRSDT(unsigned char*)
                0x00000000c001e1ec                findDataTable(unsigned char*, char*)
                0x00000000c001e26c                scanMADT()
                0x00000000c001e724                ACPI::ACPI()
                0x00000000c001e724                ACPI::ACPI()
                0x00000000c001e778                ACPI::getPCIIRQAssignment(unsigned char, unsigned short, unsigned char)
                0x00000000c001e874                ACPI::registerPCIIRQAssignment(void*, unsigned short, unsigned char, unsigned char)
                0x00000000c001e940                ACPI::setScreenBrightnessLevel(void*, int)
                0x00000000c001e948                ACPI::detectPCI()
                0x00000000c001eb68                ACPI::writeSimpleBootFlag(SimpleBootFlagTable*)
                0x00000000c001ebb0                ACPI::sleep()
                0x00000000c001ebcc                ACPI::open(int, int, void*)
 *fill*         0x00000000c001f067        0x1 
 .text          0x00000000c001f068      0xbc5 hw/cpu.32
                0x00000000c001f068                CPU::close(int, int, void*)
                0x00000000c001f06c                CPU::AMD_K6_write_msr(unsigned int, unsigned int, unsigned int, CPU::REGS*)
                0x00000000c001f088                CPU::AMD_K6_read_msr(unsigned int, CPU::REGS*)
                0x00000000c001f0a0                CPU::AMD_K6_writeback(int, int, int)
                0x00000000c001f114                CPU::cpuid(int, unsigned long*, unsigned long*, unsigned long*, unsigned long*)
                0x00000000c001f198                CPU::cpuidCheckEDX(unsigned int)
                0x00000000c001f1c6                CPU::cpuidCheckECX(unsigned int)
                0x00000000c001f1f4                CPU::cpuidCheckExtendedEBX(unsigned int)
                0x00000000c001f222                CPU::cpuidCheckExtendedECX(unsigned int)
                0x00000000c001f250                CPU::CPU()
                0x00000000c001f250                CPU::CPU()
                0x00000000c001f2de                CPU::displayFeatures()
                0x00000000c001f2e0                CPU::detectFeatures()
                0x00000000c001f9b4                CPU::setupSMEP()
                0x00000000c001f9c0                CPU::setupUMIP()
                0x00000000c001f9ca                CPU::setupTSC()
                0x00000000c001f9d4                CPU::setupLargePages()
                0x00000000c001f9de                CPU::setupPAT()
                0x00000000c001fa1a                CPU::setupMTRR()
                0x00000000c001fa1c                CPU::setupGlobalPages()
                0x00000000c001fa26                CPU::allowUsermodeDataAccess()
                0x00000000c001fa38                CPU::prohibitUsermodeDataAccess()
                0x00000000c001fa4a                CPU::setupSMAP()
                0x00000000c001fa58                CPU::setupFeatures()
                0x00000000c001fb24                CPU::open(int, int, void*)
 .text          0x00000000c001fc2d       0xb6 krnl/atexit.32
                0x00000000c001fc2d                KeInitialiseAtexit()
                0x00000000c001fc4c                KeRegisterAtexit(void (*)(void*), void*)
                0x00000000c001fc80                KeExecuteAtexit()
 .text          0x00000000c001fce3       0xdf krnl/bootmsg.32
                0x00000000c001fce3                KeDisplaySplashScreen()
                0x00000000c001fd5f                KeSetBootMessage(char const*)
 *fill*         0x00000000c001fdc2        0x2 
 .text          0x00000000c001fdc4       0x48 krnl/cdefs.32
                0x00000000c001fdc4                CUnlockScheduler
                0x00000000c001fde0                CLockScheduler
                0x00000000c001fdf0                CPrintf
 .text          0x00000000c001fe0c       0x1d krnl/compat.32
                0x00000000c001fe0c                Krnl::handlePowerButton()
                0x00000000c001fe1c                Krnl::handleSleepButton()
 .text          0x00000000c001fe29       0x2b krnl/crc32.32
                0x00000000c001fe29                KeCalculateCRC32(unsigned char*, int)
 .text          0x00000000c001fe54      0x5bf krnl/env.32
                0x00000000c001fe54                EnvVarContainer::getEnv(char const*)
                0x00000000c001fe92                EnvVarContainer::setEnv(char const*, char const*)
                0x00000000c001ff54                EnvVarContainer::deleteEnv(char const*)
                0x00000000c001ff56                EnvVarContainer::loadFrom(char const*, char const*)
                0x00000000c002017a                EnvVarContainer::__loadSystem()
                0x00000000c0020194                EnvVarContainer::__loadUser()
                0x00000000c0020196                EnvVarContainer::EnvVarContainer(Process*)
                0x00000000c0020196                EnvVarContainer::EnvVarContainer(Process*)
                0x00000000c00201b8                EnvVarContainer::~EnvVarContainer()
                0x00000000c00201b8                EnvVarContainer::~EnvVarContainer()
                0x00000000c00201e8                KeGetEnv(Process*, char const*)
                0x00000000c002024d                KeSetEnvSystem(char const*, char const*)
                0x00000000c0020267                KeSetEnvUser(char const*, char const*)
                0x00000000c0020286                KeSetEnvProcess(Process*, char const*, char const*)
                0x00000000c0020299                KeDeleteEnvSystem(char const*)
                0x00000000c002029a                KeDeleteEnvUser(char const*)
                0x00000000c002029b                KeDeleteEnvProcess(Process*, char const*)
                0x00000000c002029c                KeNewProcessEnv(Process*)
                0x00000000c00202be                KeCopyProcessEnv(Process*, Process*)
                0x00000000c002030a                KeLoadSystemEnv()
                0x00000000c0020338                KeLoadUserEnv()
                0x00000000c002035e                KeFlushEnv()
                0x00000000c002035f                KeGetProcessTotalEnvCount(Process*)
                0x00000000c002037f                KeGetProcessEnvPair(Process*, int)
 .text          0x00000000c0020413       0x94 krnl/inlines.32
                0x00000000c0020413                CPU::current()
                0x00000000c002041f                operator new(unsigned long)
                0x00000000c0020424                operator delete(void*)
                0x00000000c0020429                disableIRQs()
                0x00000000c002042b                enableIRQs()
                0x00000000c002042d                lockScheduler()
                0x00000000c0020435                unlockScheduler()
                0x00000000c0020444                lockStuff()
                0x00000000c0020452                unlockStuff()
                0x00000000c002048c                Virt::getAKernelVAS()
                0x00000000c0020492                __not_memcpy
 *fill*         0x00000000c00204a7        0x1 
 .text          0x00000000c00204a8       0x1a krnl/mutex.32
                0x00000000c00204a8                Mutex::Mutex()
                0x00000000c00204a8                Mutex::Mutex()
 .text          0x00000000c00204c2        0xc krnl/panic.32
                0x00000000c00204c2                KePanic(char const*)
 .text          0x00000000c00204ce      0x142 krnl/powctrl.32
                0x00000000c00204ce                KePowerThread(void*)
                0x00000000c00204fc                KeChangePowerSettings(PowerSettings)
                0x00000000c0020512                KeUserIOReceived()
                0x00000000c002051d                KeHandlePowerButton()
                0x00000000c0020552                KeHandleSleepButton()
                0x00000000c0020587                KeSetupPowerManager()
 .text          0x00000000c0020610       0x9d krnl/random.32
                0x00000000c0020610                KeRand()
                0x00000000c0020652                KeSeedRand(unsigned int)
                0x00000000c002067b                KeInitRand()
 *fill*         0x00000000c00206ad        0x3 
 .text          0x00000000c00206b0      0x1bc krnl/resolve.32
                0x00000000c00206b0                KeResolveCompatibilitySymbol(char*)
 .text          0x00000000c002086c      0x415 krnl/semaphore.32
                0x00000000c002086c                Semaphore::Semaphore(int)
                0x00000000c002086c                Semaphore::Semaphore(int)
                0x00000000c002089c                Semaphore::tryAcquire()
                0x00000000c0020978                Semaphore::assertLocked(char const*)
                0x00000000c0020a08                Semaphore::acquire(int)
                0x00000000c0020bb0                Semaphore::acquire()
                0x00000000c0020bcc                Semaphore::release()
 .text          0x00000000c0020c81      0x322 krnl/signal.32
                0x00000000c0020c81                KiSigKill(int)
                0x00000000c0020c95                KiDefaultSignalHandlerIgnore(int)
                0x00000000c0020c96                KiDefaultSignalHandlerPause(int)
                0x00000000c0020cc2                KiDefaultSignalHandlerResume(int)
                0x00000000c0020cee                KeDeinitSignals(SigHandlerBlock*)
                0x00000000c0020cf3                KeInitSignals()
                0x00000000c0020d45                KeRegisterSignalHandler(SigHandlerBlock*, int, void (*)(int), unsigned int, int)
                0x00000000c0020d7b                KeRaiseSignal(SigHandlerBlock*, int)
                0x00000000c0020df8                KeCheckSignal(SigHandlerBlock*, int*)
                0x00000000c0020eef                KiCheckSignalZ
                0x00000000c0020f31                KeCompleteSignal(SigHandlerBlock*, int)
                0x00000000c0020f6c                KiFinishSignalZ
 .text          0x00000000c0020fa3      0xe10 krnl/syscalls.32
                0x00000000c0020fa3                SysSeekDir(regs*)
                0x00000000c0020fa8                SysTellDir(regs*)
                0x00000000c0020fad                SysVerify(regs*)
                0x00000000c0020fb7                SysGetArgc(regs*)
                0x00000000c0020fcb                SysTTYName(regs*)
                0x00000000c0020fd3                SysFormatDisk(regs*)
                0x00000000c002104a                SysSetDiskVolumeLabel(regs*)
                0x00000000c002109e                SysGetDiskVolumeLabel(regs*)
                0x00000000c00210f7                SysShutdown(regs*)
                0x00000000c0021155                SysRealpath(regs*)
                0x00000000c0021199                SysReadDir(regs*)
                0x00000000c0021219                SysIsATTY(regs*)
                0x00000000c0021273                SysSeek(regs*)
                0x00000000c00212ca                SysTell(regs*)
                0x00000000c0021337                SysSize(regs*)
                0x00000000c00213aa                SysSizeFromFilename(regs*)
                0x00000000c00214db                SysSizeFromFilenameNoSymlink(regs*)
                0x00000000c002160c                SysClose(regs*)
                0x00000000c002166c                SysOpenDir(regs*)
                0x00000000c00216e9                SysMakeDir(regs*)
                0x00000000c0021757                SysCloseDir(regs*)
                0x00000000c00217ab                SysWait(regs*)
                0x00000000c00217cc                SysNotImpl(regs*)
                0x00000000c00217e7                SysPanic(regs*)
                0x00000000c0021802                SysRmdir(regs*)
                0x00000000c0021867                SysUnlink(regs*)
                0x00000000c00218cc                SysGetArgv(regs*)
                0x00000000c0021919                SysUSleep(regs*)
                0x00000000c0021942                SysSpawn(regs*)
                0x00000000c00219b5                SysGetEnv(regs*)
                0x00000000c0021a66                SysSetFatAttrib(regs*)
                0x00000000c0021ad9                SysPipe(regs*)
                0x00000000c0021b1e                SysGetUnixTime(regs*)
                0x00000000c0021b32                string_ends_with(char const*, char const*)
                0x00000000c0021b7a                SysOpen(regs*)
                0x00000000c0021d71                KeSystemCall(regs*, void*)
 *fill*         0x00000000c0021db3        0x1 
 .text          0x00000000c0021db4      0x159 net/ethernet.32
                0x00000000c0021db4                KeSwitchEndian16(unsigned short)
                0x00000000c0021dd8                KeSwitchEndian32(unsigned int)
                0x00000000c0021e08                EthernetCRC32(unsigned char*, int)
                0x00000000c0021eac                EthernetReceivedPacket(EthernetUnwrappedFrame*, unsigned short)
 *fill*         0x00000000c0021f0d        0x3 
 .text          0x00000000c0021f10       0xf4 net/netosl.32
                0x00000000c0021f10                KeNetCreateSemaphore
                0x00000000c0021f54                KeNetFreeSemaphore
                0x00000000c0021f70                KeNetSignalSemaphore
                0x00000000c0021f8c                KeNetWaitSemaphore
                0x00000000c0021fac                KeNetCreateThread
                0x00000000c0021fd0                KeCPanic
                0x00000000c0021fe8                KeCPuts
 .text          0x00000000c0022004      0xd56 reg/cm.32
                0x00000000c0022004                CmOpen(char const*)
                0x00000000c0022122                CmClose(Reghive_Tag*)
                0x00000000c0022138                CmReadExtent(Reghive_Tag*, int, unsigned char*)
                0x00000000c0022174                CmGetString(Reghive_Tag*, int, char*)
                0x00000000c00221eb                CmEnterDirectory(Reghive_Tag*, int)
                0x00000000c002222a                CmGetNext(Reghive_Tag*, int)
                0x00000000c002225c                CmWriteExtent(Reghive_Tag*, int, unsigned char*)
                0x00000000c0022298                CmFreeExtent(Reghive_Tag*, int)
                0x00000000c00222c0                CmUpdateHeader(Reghive_Tag*)
                0x00000000c00222e1                CmExpand(Reghive_Tag*, int)
                0x00000000c002235c                CmFindUnusedExtent(Reghive_Tag*)
                0x00000000c00223e2                CmCreateExtent(Reghive_Tag*, int, int, unsigned char*)
                0x00000000c00224d6                CmSetString(Reghive_Tag*, int, char const*)
                0x00000000c0022612                CmGetMatch(char*, char*, bool, bool*)
                0x00000000c0022673                CmAddShift(unsigned int*, int*, unsigned char, int)
                0x00000000c00226a3                CmGetShift(unsigned int*, int*, int, bool*)
                0x00000000c00226da                CmGetInteger(Reghive_Tag*, int, unsigned long long*)
                0x00000000c0022704                CmSetInteger(Reghive_Tag*, int, unsigned long long)
                0x00000000c0022744                CmConvertFromInternalFilename(unsigned char const*, char*)
                0x00000000c00227e8                CmGetNameAndTypeFromExtent(Reghive_Tag*, int, char*)
                0x00000000c0022816                CmConvertToInternalFilename(char const*, unsigned char*)
                0x00000000c00229b4                CmCreateString(Reghive_Tag*, int, char const*)
                0x00000000c0022a01                CmFindInDirectory(Reghive_Tag*, int, char const*)
                0x00000000c0022a7b                CmCreateInteger(Reghive_Tag*, int, char const*, unsigned long long, int)
                0x00000000c0022ace                CmCreateDirectory(Reghive_Tag*, int, char const*)
                0x00000000c0022b92                zStrtok(char*, char const*)
                0x00000000c0022c04                CmFindObjectFromPath(Reghive_Tag*, char const*)
                0x00000000c0022c85                CmDisplayTree(Reghive_Tag*, int, int)
                0x00000000c0022d28                CmSplitFinalSlashInPlace(char*)
 .text          0x00000000c0022d5a      0x52a reg/registry.32
                0x00000000c0022d5a                Reg::findLineFromLoadedData(char*, char*, char*)
                0x00000000c0022ecb                Reg::getLineFromRegistry(char*, char*, char*, char*)
                0x00000000c0023020                Reg::getLine(char*, char*, char*)
                0x00000000c0023057                Reg::readInt(char*, char*, int*)
                0x00000000c0023145                Reg::readString(char*, char*, char*, int)
                0x00000000c00231c6                Reg::readBool(char*, char*, bool*)
                0x00000000c00231eb                Reg::readBoolWithDefault(char*, char*, bool)
                0x00000000c0023217                Reg::readIntWithDefault(char*, char*, int)
                0x00000000c0023243                Reg::readStringWithDefault(char*, char*, char*, int, char*)
 .text          0x00000000c0023284       0x36 sys/eject.32
                0x00000000c0023284                SysEject(regs*)
 .text          0x00000000c00232ba       0x18 sys/exit.32
                0x00000000c00232ba                SysExit(regs*)
 .text          0x00000000c00232d2       0x1f sys/getcwd.32
                0x00000000c00232d2                SysGetCwd(regs*)
 .text          0x00000000c00232f1        0xc sys/getpid.32
                0x00000000c00232f1                SysGetPID(regs*)
 .text          0x00000000c00232fd       0x1a sys/getramdata.32
                0x00000000c00232fd                SysGetRAMData(regs*)
 .text          0x00000000c0023317       0x82 sys/getvgaptr.32
                0x00000000c0023317                SysGetVGAPtr(regs*)
 *fill*         0x00000000c0023399        0x3 
 .text          0x00000000c002339c       0xb9 sys/kill.32
                0x00000000c002339c                SysKill(regs*)
 .text          0x00000000c0023455       0xa8 sys/loaddll.32
                0x00000000c0023455                SysLoadDLL(regs*)
 .text          0x00000000c00234fd       0x68 sys/read.32
                0x00000000c00234fd                SysRead(regs*)
 .text          0x00000000c0023565       0x29 sys/registersignal.32
                0x00000000c0023565                SysRegisterSignal(regs*)
 .text          0x00000000c002358e      0x19c sys/registry.32
                0x00000000c002358e                SysRegistryGetTypeFromPath(regs*)
                0x00000000c0023605                SysRegistryReadExtent(regs*)
                0x00000000c002364d                SysRegistryPathToExtentLookup(regs*)
                0x00000000c0023675                SysRegistryEnterDirectory(regs*)
                0x00000000c002369d                SysRegistryGetNext(regs*)
                0x00000000c00236c5                SysRegistryGetNameAndTypeFromExtent(regs*)
                0x00000000c00236ff                SysRegistryOpen(regs*)
                0x00000000c0023713                SysRegistryClose(regs*)
 .text          0x00000000c002372a       0x55 sys/sbrk.32
                0x00000000c002372a                SysSbrk(regs*)
 .text          0x00000000c002377f       0x1c sys/setcwd.32
                0x00000000c002377f                SysSetCwd(regs*)
 .text          0x00000000c002379b       0x96 sys/settime.32
                0x00000000c002379b                SysSetTime(regs*)
 .text          0x00000000c0023831       0x73 sys/symlink.32
                0x00000000c0023831                SysSymlink(regs*)
 .text          0x00000000c00238a4       0x4a sys/timezone.32
                0x00000000c00238a4                SysTimezone(regs*)
 .text          0x00000000c00238ee       0xfc sys/truncate.32
                0x00000000c00238ee                SysTruncate(regs*)
 .text          0x00000000c00239ea       0x68 sys/write.32
                0x00000000c00239ea                SysWrite(regs*)
 .text          0x00000000c0023a52       0x62 sys/wsbe.32
                0x00000000c0023a52                SysWsbe(regs*)
 .text          0x00000000c0023ab4       0x25 sys/yield.32
                0x00000000c0023ab4                SysYield(regs*)
 .text          0x00000000c0023ad9     0x1207 thr/elf.32
                0x00000000c0023ad9                Thr::allocateMemoryForTask(Process*, File*, unsigned long, unsigned long, unsigned long)
                0x00000000c0023d67                Thr::loadProgramIntoMemory(Process*, char const*)
                0x00000000c0023f79                Thr::runtimeReferenceHelper()
                0x00000000c0023f8c                Thr::getAddressOfKernelSymbol(char const*)
                0x00000000c0023fdb                Thr::loadKernelSymbolTable(char const*)
                0x00000000c0024299                Thr::loadDriverIntoMemory(char const*, unsigned long, bool)
                0x00000000c00249d2                Thr::getDriverBaseFromAddress(unsigned long)
                0x00000000c0024a04                Thr::getDriverNameFromAddress(unsigned long)
                0x00000000c0024a3b                Thr::getDriverOffsetFromAddress(unsigned long)
                0x00000000c0024a55                Thr::loadDLL(char const*, bool)
                0x00000000c0024ca7                Thr::executeDLL(unsigned long, void*)
 .text          0x00000000c0024ce0     0x1131 thr/prcssthr.32
                0x00000000c0024ce0                userModeEntryPoint(void*)
                0x00000000c0024d08                changeTSS
                0x00000000c0024d38                switchToThread(ThreadControlBlock*)
                0x00000000c0024de8                Process::addArgs(char**)
                0x00000000c0024e54                Process::Process(char const*, Process*, char**)
                0x00000000c0024e54                Process::Process(char const*, Process*, char**)
                0x00000000c0025060                Process::Process(bool, char const*, Process*, char**)
                0x00000000c0025060                Process::Process(bool, char const*, Process*, char**)
                0x00000000c0025234                taskStartupFunction
                0x00000000c0025240                KeDisablePreemption()
                0x00000000c0025268                KeRestorePreemption()
                0x00000000c0025288                Process::createThread(void (*)(void*), void*, int)
                0x00000000c0025394                Process::createUserThread()
                0x00000000c00253b4                setupMultitasking(void (*)())
                0x00000000c00254d8                schedule()
                0x00000000c002556c                blockTaskWithSchedulerLockAlreadyHeld(TaskState)
                0x00000000c0025594                blockTask(TaskState)
                0x00000000c00255cc                waitTask(int, int*, int)
                0x00000000c0025610                milliTenthSleepUntil(unsigned int)
                0x00000000c00256b0                milliTenthSleep(unsigned int)
                0x00000000c00256c4                sleep(unsigned int)
                0x00000000c00256e0                taskReturned
                0x00000000c0025724                Thr::processFromPID(int)
                0x00000000c00257d0                unblockTask(ThreadControlBlock*)
                0x00000000c002587c                cleanupTerminatedTask(ThreadControlBlock*)
                0x00000000c0025b50                cleanerTaskFunction(void*)
                0x00000000c0025c58                terminateTask(int)
                0x00000000c0025d44                Thr::terminateFromIRQ(int)
 .text          0x00000000c0025e11      0xc27 vm86/vm8086.32
                0x00000000c0025e11                Vm::inbv(unsigned short)
                0x00000000c0025e24                Vm::outbv(unsigned short, unsigned char)
                0x00000000c0025e5a                Vm::realToLinear(unsigned short, unsigned short)
                0x00000000c0025e6a                Vm::getSegment(unsigned int)
                0x00000000c0025e72                Vm::getOffset(unsigned int)
                0x00000000c0025e77                Vm::mainloop2()
                0x00000000c0025eb1                Vm::mainVm8086Loop(void*)
                0x00000000c0025ec1                Vm::mainloop3(unsigned long)
                0x00000000c0025ee7                Vm::initialise8086()
                0x00000000c0025f2a                Vm::finish8086()
                0x00000000c0025f8b                Vm::getOutput8086(unsigned char*)
                0x00000000c0025fb0                Vm::start8086FromBuffer(unsigned char*, int, unsigned short, unsigned short, unsigned short, unsigned short)
                0x00000000c0026069                Vm::start8086(char const*, unsigned short, unsigned short, unsigned short, unsigned short)
                0x00000000c0026207                Vm::doISR(regs*, int, unsigned char*, unsigned short, unsigned short)
                0x00000000c00262a0                Vm::readByteFromReal(unsigned short, unsigned short)
                0x00000000c00262b1                Vm::readWordFromReal(unsigned short, unsigned short)
                0x00000000c00262c3                Vm::readDwordFromReal(unsigned short, unsigned short)
                0x00000000c00262d4                Vm::writeByteFromReal(unsigned short, unsigned short, unsigned char)
                0x00000000c00262e9                Vm::writeWordFromReal(unsigned short, unsigned short, unsigned short)
                0x00000000c00262ff                Vm::writeDwordFromReal(unsigned short, unsigned short, unsigned int)
                0x00000000c0026314                Vm::faultHandler(regs*)
 .text          0x00000000c0026a38      0xaf0 arch/i386/hal.32
                0x00000000c0026a38                noCopro(unsigned long)
                0x00000000c0026a39                nmiHandler(regs*, void*)
                0x00000000c0026a52                doubleFault(regs*, void*)
                0x00000000c0026a6b                displayDebugInfo(regs*)
                0x00000000c0026df0                HalSystemIdle()
                0x00000000c0026e6c                displayProgramFault(char const*)
                0x00000000c0026eb8                gpFault(regs*, void*)
                0x00000000c0026f1f                pgFault(regs*, void*)
                0x00000000c0026fa8                otherISRHandler(regs*, void*)
                0x00000000c0026fdc                opcodeFault(regs*, void*)
                0x00000000c002705f                i386SaveCoprocessor(void*)
                0x00000000c0027073                i386LoadCoprocessor(void*)
                0x00000000c0027087                x87EmulHandler(regs*, void*)
                0x00000000c0027124                HalInitialiseCoprocessor()
                0x00000000c00271d2                HalPanic(char const*)
                0x00000000c00272e6                HalQueryPerformanceCounter()
                0x00000000c0027301                HalInitialise()
                0x00000000c00274b7                HalMakeBeep(int)
                0x00000000c00274f1                HalGetRand()
                0x00000000c00274f4                HalEndOfInterrupt(int)
                0x00000000c0027525                HalRestart()
                0x00000000c0027526                HalShutdown()
                0x00000000c0027527                HalSleep()
 .text          0x00000000c0027528      0x2dc arch/i386/pic.32
                0x00000000c0027528                picIoWait()
                0x00000000c0027530                picDisable()
                0x00000000c0027564                picGetIRQReg(int)
                0x00000000c00275e0                picOpen()
                0x00000000c0027764                picEOI(int)
 .text          0x00000000c0027804      0x674 arch/i386/rtc.32
                0x00000000c0027804                RTC::open(int, int, void*)
                0x00000000c0027808                RTC::close(int, int, void*)
                0x00000000c002780c                RTC::timeInSecondsUTC()
                0x00000000c002781e                RTC::timeInDatetimeUTC()
                0x00000000c0027844                RTC::setTimeInSecondsUTC(unsigned long long)
                0x00000000c0027882                RTC::~RTC()
                0x00000000c0027882                RTC::~RTC()
                0x00000000c00278a6                RTC::~RTC()
                0x00000000c00278d0                RTC::get_update_in_progress_flag()
                0x00000000c00278ea                RTC::completeRTCRefresh()
                0x00000000c0027bca                RTC::setTimeInDatetimeUTC(datetime_t)
                0x00000000c0027d78                rtcIRQHandler(regs*, void*)
                0x00000000c0027dbe                RTC::RTC()
                0x00000000c0027dbe                RTC::RTC()
 .text          0x00000000c0027e78      0x1f4 arch/i386/vga.32
                0x00000000c0027e78                HalConsoleScroll(int, int)
                0x00000000c0027f80                HalConsoleWriteCharacter(char, int, int, int, int)
                0x00000000c0027fe4                HalConsoleCursorUpdate(int, int)
 .text          0x00000000c002806c     0x14cf fs/fat/vfslink.32
                0x00000000c002806c                FAT::getName()
                0x00000000c0028074                FAT::tell(void*, unsigned long long*)
                0x00000000c00280b0                FAT::stat(void*, unsigned long long*)
                0x00000000c00280ec                FAT::~FAT()
                0x00000000c00280ec                FAT::~FAT()
                0x00000000c0028110                FAT::~FAT()
                0x00000000c0028138                FAT::getlabel(LogicalDisk*, int, char*, unsigned int*)
                0x00000000c00281dc                FAT::setlabel(LogicalDisk*, int, char*)
                0x00000000c00282a0                FAT::format(LogicalDisk*, int, char const*, int)
                0x00000000c0028484                FAT::tryMount(LogicalDisk*, int)
                0x00000000c00286a0                FAT::allocateSwapfile(char const*, int)
                0x00000000c0028860                FAT::readDir(void*, unsigned long, void*, int*)
                0x00000000c00289d0                FAT::read(void*, unsigned long, void*, int*)
                0x00000000c0028a30                FAT::write(void*, unsigned long, void*, int*)
                0x00000000c0028a90                FAT::close(void*)
                0x00000000c0028ae4                FAT::closeDir(void*)
                0x00000000c0028b38                FAT::truncate(void*, unsigned long long)
                0x00000000c0028ba4                FAT::seek(void*, unsigned long long)
                0x00000000c0028bfc                fatWrapperReadDisk
                0x00000000c0028c3c                fatWrapperWriteDisk
                0x00000000c0028c7c                fatWrapperIoctl
                0x00000000c0028d98                FAT::FAT()
                0x00000000c0028d98                FAT::FAT()
                0x00000000c0028df0                FAT::fixFilepath(char*)
                0x00000000c0028e30                FAT::open(char const*, void**, FileOpenMode)
                0x00000000c0028fa4                FAT::openDir(char const*, void**)
                0x00000000c0029054                FAT::stat(char const*, unsigned long long*, bool*)
                0x00000000c002914c                FAT::unlink(char const*)
                0x00000000c00291cc                FAT::chfatattr(char const*, unsigned char, unsigned char)
                0x00000000c0029380                FAT::rename(char const*, char const*)
                0x00000000c002944c                FAT::mkdir(char const*)
                0x00000000c00294cc                FAT::exists(char const*)
 *fill*         0x00000000c002953b        0x1 
 .text          0x00000000c002953c       0x94 fs/iso9660/helper.32
                0x00000000c002953c                isoReadDiscSectorHelper
                0x00000000c0029598                iso_kprintf
                0x00000000c00295b4                iso_kprintfd
 .text          0x00000000c00295d0      0x71c fs/iso9660/vfslink.32
                0x00000000c00295d0                ISO9660::format(LogicalDisk*, int, char const*, int)
                0x00000000c00295d6                ISO9660::truncate(void*, unsigned long long)
                0x00000000c00295dc                ISO9660::getName()
                0x00000000c00295e2                ISO9660::closeDir(void*)
                0x00000000c00295ec                ISO9660::chfatattr(char const*, unsigned char, unsigned char)
                0x00000000c00295f2                ISO9660::unlink(char const*)
                0x00000000c00295f8                ISO9660::write(void*, unsigned long, void*, int*)
                0x00000000c00295fe                ISO9660::rename(char const*, char const*)
                0x00000000c0029604                ISO9660::mkdir(char const*)
                0x00000000c002960a                ISO9660::~ISO9660()
                0x00000000c002960a                ISO9660::~ISO9660()
                0x00000000c002962e                ISO9660::~ISO9660()
                0x00000000c0029656                ISO9660::exists(char const*)
                0x00000000c002966a                ISO9660::open(char const*, void**, FileOpenMode)
                0x00000000c0029750                ISO9660::read(void*, unsigned long, void*, int*)
                0x00000000c0029798                ISO9660::seek(void*, unsigned long long)
                0x00000000c00297da                ISO9660::tell(void*, unsigned long long*)
                0x00000000c0029818                ISO9660::stat(void*, unsigned long long*)
                0x00000000c002986a                ISO9660::stat(char const*, unsigned long long*, bool*)
                0x00000000c00299ac                ISO9660::close(void*)
                0x00000000c00299dc                ISO9660::openDir(char const*, void**)
                0x00000000c0029ab6                ISO9660::readDir(void*, unsigned long, void*, int*)
                0x00000000c0029bd3                readSectorFromCDROM(unsigned int, unsigned char*, char)
                0x00000000c0029c52                ISO9660::tryMount(LogicalDisk*, int)
                0x00000000c0029cc4                ISO9660::ISO9660()