Archive member included to satisfy reference by file (symbol)

/cygdrive/d/Users/Alex/Desktop/Toolchain/Output/bin/../lib/gcc/i386-banana/8.1.0/libkgcc.a(_divdi3.o)
                              fs/fat/ff.32 (__divdi3)
/cygdrive/d/Users/Alex/Desktop/Toolchain/Output/bin/../lib/gcc/i386-banana/8.1.0/libkgcc.a(_moddi3.o)
                              thr/elf.32 (__moddi3)
/cygdrive/d/Users/Alex/Desktop/Toolchain/Output/bin/../lib/gcc/i386-banana/8.1.0/libkgcc.a(_udivdi3.o)
                              fs/fat/ff.32 (__udivdi3)
/cygdrive/d/Users/Alex/Desktop/Toolchain/Output/bin/../lib/gcc/i386-banana/8.1.0/libkgcc.a(_umoddi3.o)
                              core/pipe.32 (__umoddi3)
D:/Users/Alex/Desktop/Banana/kernel/libsoftfp.a(sfieeelib.o)
                              hal/sound/sndhw.32 (__addsf3)
D:/Users/Alex/Desktop/Banana/kernel/libsoftfp.a(dfieeelib.o)
                              hal/libresample/src_linear.32 (__adddf3)
D:/Users/Alex/Desktop/Banana/kernel/libsoftfp.a(sfdfcvt.o)
                              hal/libresample/samplerate.32 (__truncdfsf2)
D:/Users/Alex/Desktop/Banana/kernel/libk/libm32.a(s_fabs.c.o)
                              hal/libresample/samplerate.32 (fabs)
D:/Users/Alex/Desktop/Banana/kernel/libk/libm32.a(s_lrint.S.o)
                              hal/libresample/samplerate.32 (lrint)
D:/Users/Alex/Desktop/Banana/kernel/libk/libm32.a(s_lrintf.S.o)
                              hal/sound/sndhw.32 (lrintf)

Discarded input sections

 .comment       0x0000000000000000       0x12 /cygdrive/d/Users/Alex/Desktop/Toolchain/Output/bin/../lib/gcc/i386-banana/8.1.0/crtbegin.o
 .comment       0x0000000000000000       0x12 acpica/utclib.32
 .comment       0x0000000000000000       0x12 core/malloc.32
 .comment       0x0000000000000000       0x12 libk/string.32
 .comment       0x0000000000000000       0x12 fs/fat/diskio.32
 .comment       0x0000000000000000       0x12 fs/fat/ff.32
 .comment       0x0000000000000000       0x12 fs/fat/ffsystem.32
 .comment       0x0000000000000000       0x12 fs/fat/ffunicode.32
 .comment       0x0000000000000000       0x12 hal/libresample/samplerate.32
 .comment       0x0000000000000000       0x12 hal/libresample/src_linear.32
 .comment       0x0000000000000000       0x12 hal/libresample/src_sinc.32
 .comment       0x0000000000000000       0x12 hal/libresample/src_zoh.32
 .comment       0x0000000000000000       0x12 compat/inlines.32
 .group         0x0000000000000000       0x14 core/computer.32
 .group         0x0000000000000000        0xc core/computer.32
 .comment       0x0000000000000000       0x12 core/computer.32
 .comment       0x0000000000000000       0x12 core/gdt.32
 .group         0x0000000000000000        0xc core/idle.32
 .comment       0x0000000000000000       0x12 core/idle.32
 .comment       0x0000000000000000       0x12 core/idt.32
 .comment       0x0000000000000000       0x12 core/kheap.32
 .comment       0x0000000000000000       0x12 core/main.32
 .comment       0x0000000000000000       0x12 core/physmgr.32
 .group         0x0000000000000000        0xc core/pipe.32
 .comment       0x0000000000000000       0x12 core/pipe.32
 .group         0x0000000000000000        0xc core/terminal.32
 .comment       0x0000000000000000       0x12 core/terminal.32
 .comment       0x0000000000000000       0x12 core/tss.32
 .group         0x0000000000000000        0x8 core/unixfile.32
 .group         0x0000000000000000        0xc core/unixfile.32
 .group         0x0000000000000000        0xc core/unixfile.32
 .group         0x0000000000000000        0x8 core/unixfile.32
 .group         0x0000000000000000        0xc core/unixfile.32
 .group         0x0000000000000000        0x8 core/unixfile.32
 .group         0x0000000000000000        0xc core/unixfile.32
 .group         0x0000000000000000        0xc core/unixfile.32
 .comment       0x0000000000000000       0x12 core/unixfile.32
 .comment       0x0000000000000000       0x12 core/virtmgr.32
 .comment       0x0000000000000000       0x12 coreobjs/c++.32
 .comment       0x0000000000000000       0x12 dbg/kconsole.32
 .group         0x0000000000000000        0xc fs/vfs.32
 .group         0x0000000000000000        0xc fs/vfs.32
 .group         0x0000000000000000        0xc fs/vfs.32
 .comment       0x0000000000000000       0x12 fs/vfs.32
 .group         0x0000000000000000        0xc hal/bus.32
 .comment       0x0000000000000000       0x12 hal/bus.32
 .group         0x0000000000000000        0xc hal/buzzer.32
 .comment       0x0000000000000000       0x12 hal/buzzer.32
 .group         0x0000000000000000        0xc hal/clock.32
 .comment       0x0000000000000000       0x12 hal/clock.32
 .group         0x0000000000000000       0x14 hal/device.32
 .group         0x0000000000000000        0xc hal/device.32
 .group         0x0000000000000000        0xc hal/device.32
 .group         0x0000000000000000        0xc hal/device.32
 .group         0x0000000000000000        0xc hal/device.32
[...]
Memory Configuration

Name             Origin             Length             Attributes
*default*        0x0000000000000000 0xffffffffffffffff

Linker script and memory map

LOAD D:/Users/Alex/Desktop/Banana/kernel/boot.32
LOAD crti.32
LOAD /cygdrive/d/Users/Alex/Desktop/Toolchain/Output/bin/../lib/gcc/i386-banana/8.1.0/crtbegin.o
LOAD D:/Users/Alex/Desktop/Banana/kernel/morenasm.32
LOAD acpica/utclib.32
LOAD core/malloc.32
LOAD libk/string.32
LOAD fs/fat/diskio.32
LOAD fs/fat/ff.32
LOAD fs/fat/ffsystem.32
LOAD fs/fat/ffunicode.32
LOAD hal/libresample/samplerate.32
LOAD hal/libresample/src_linear.32
LOAD hal/libresample/src_sinc.32
LOAD hal/libresample/src_zoh.32
LOAD compat/inlines.32
LOAD core/computer.32
LOAD core/gdt.32
LOAD core/idle.32
LOAD core/idt.32
LOAD core/kheap.32
LOAD core/main.32
LOAD core/physmgr.32
LOAD core/pipe.32
LOAD core/terminal.32
LOAD core/tss.32
LOAD core/unixfile.32
LOAD core/virtmgr.32
LOAD coreobjs/c++.32
LOAD dbg/kconsole.32
LOAD fs/vfs.32
LOAD hal/bus.32
LOAD hal/buzzer.32
LOAD hal/clock.32
LOAD hal/device.32
LOAD hal/diskctrl.32
LOAD hal/diskphys.32
LOAD hal/fpu.32
LOAD hal/intctrl.32
LOAD hal/keybrd.32
LOAD hal/logidisk.32
LOAD hal/mouse.32
LOAD hal/partition.32
LOAD hal/timer.32
LOAD hal/vcache.32
LOAD hal/video.32
LOAD hw/acpi.32
LOAD hw/cpu.32
LOAD hw/ports.32
LOAD krnl/panic.32
LOAD reg/registry.32
LOAD sys/sc_exit.32
LOAD sys/sc_loaddll.32
LOAD sys/sc_read.32
LOAD sys/sc_sbrk.32
LOAD sys/sc_write.32
LOAD sys/sc_yield.32
LOAD sys/syscalls.32
LOAD thr/elf.32
LOAD thr/prcssthr.32
LOAD vm86/vm8086.32
LOAD vm86/x87em.32
LOAD fs/fat/vfslink.32
LOAD fs/iso9660/vfslink.32
LOAD hal/sound/sndchannel.32
LOAD hal/sound/sndhw.32
LOAD hw/bus/isa.32
LOAD hw/bus/pci.32
LOAD hw/diskctrl/ide.32
LOAD hw/diskphys/ata.32
LOAD hw/diskphys/atapi.32
LOAD hw/fpu/avx.32
LOAD hw/fpu/mmx.32
LOAD hw/fpu/sse.32
LOAD hw/fpu/x87.32
LOAD hw/intctrl/apic.32
LOAD hw/intctrl/pic.32
LOAD hw/timer/apictimer.32
LOAD hw/timer/pit.32
LOAD hw/fpu/x86/avx.32
LOAD hw/fpu/x86/sse.32
LOAD hw/fpu/x86/x87.32
LOAD /cygdrive/d/Users/Alex/Desktop/Toolchain/Output/bin/../lib/gcc/i386-banana/8.1.0/crtend.o
LOAD crtn.32
LOAD /cygdrive/d/Users/Alex/Desktop/Toolchain/Output/bin/../lib/gcc/i386-banana/8.1.0/libkgcc.a
LOAD D:/Users/Alex/Desktop/Banana/kernel/libsoftfp.a
LOAD D:/Users/Alex/Desktop/Banana/kernel/libk/libm32.a
                0x00000000c0000000                . = 0xc0000000

.text           0x00000000c0000000    0x25618
 *(.text)
 .text          0x00000000c0000000       0x41 D:/Users/Alex/Desktop/Banana/kernel/boot.32
                0x00000000c0000020                callGlobalConstructors
 .text          0x00000000c0000041        0x0 crti.32
 *fill*         0x00000000c0000041        0x3 
 .text          0x00000000c0000044      0x101 /cygdrive/d/Users/Alex/Desktop/Toolchain/Output/bin/../lib/gcc/i386-banana/8.1.0/crtbegin.o
 *fill*         0x00000000c0000145        0xb 
 .text          0x00000000c0000150      0x494 D:/Users/Alex/Desktop/Banana/kernel/morenasm.32
                0x00000000c0000150                prepareTramp
                0x00000000c0000169                voodooXADD
                0x00000000c0000234                doTPAUSE
                0x00000000c000023e                hasLegacyFPU
                0x00000000c0000263                is486
                0x00000000c0000299                detectCPUID
                0x00000000c00002af                goToVM86
                0x00000000c00002e0                goToUsermode
                0x00000000c000030b                switchToThreadASMFirstTime
                0x00000000c0000319                switchToThreadASM
                0x00000000c00003a1                asmQuickAcquireLock
                0x00000000c00003bf                asmQuickReleaseLock
                0x00000000c00003cb                asmAcquireLock
                0x00000000c00003ec                asmReleaseLock
                0x00000000c00003ff                loadGDT
                0x00000000c000041f                isr0
                0x00000000c000042f                isr1
                0x00000000c0000439                isr2
                0x00000000c0000443                isr3
                0x00000000c000044d                isr4
                0x00000000c0000457                isr5
                0x00000000c0000461                isr6
                0x00000000c000046b                isr7
                0x00000000c0000475                isr8
                0x00000000c000047d                isr9
                0x00000000c0000487                isr10
                0x00000000c000048f                isr11
                0x00000000c0000497                isr12
                0x00000000c000049f                isr13
                0x00000000c00004a7                isr14
                0x00000000c00004af                isr15
                0x00000000c00004b9                isr16
                0x00000000c00004c3                isr17
                0x00000000c00004cd                isr18
                0x00000000c00004d7                irq3
                0x00000000c00004e1                irq4
                0x00000000c00004eb                irq5
                0x00000000c00004f5                irq6
                0x00000000c00004ff                irq7
                0x00000000c0000509                irq8
                0x00000000c0000513                irq9
                0x00000000c000051d                irq10
                0x00000000c0000527                irq11
                0x00000000c0000531                irq12
                0x00000000c000053b                irq13
                0x00000000c0000545                irq14
                0x00000000c000054f                irq15
                0x00000000c0000559                irq1
                0x00000000c0000560                irq2
                0x00000000c0000567                isr96
                0x00000000c000056e                irq0
                0x00000000c0000573                syscall_common_stub
                0x00000000c0000573                int_common_stub
                0x00000000c0000594                irq16
                0x00000000c000059e                irq17
                0x00000000c00005a8                irq18
                0x00000000c00005b2                irq19
                0x00000000c00005bc                irq20
                0x00000000c00005c6                irq21
                0x00000000c00005d0                irq22
                0x00000000c00005da                irq23
 .text          0x00000000c00005e4      0x40f acpica/utclib.32
                0x00000000c00005e4                memcmp
                0x00000000c000060f                memmove
                0x00000000c0000647                memcpy
                0x00000000c000067d                memset
                0x00000000c000069a                strlen
                0x00000000c00006aa                strpbrk
                0x00000000c00006cd                strtok
                0x00000000c000071c                strcpy
                0x00000000c000073c                strncpy
                0x00000000c000076d                strcmp
                0x00000000c000078e                strchr
                0x00000000c00007a4                strncmp
                0x00000000c00007d3                strcat
                0x00000000c00007fa                strncat
                0x00000000c0000834                strstr
                0x00000000c0000871                toupper
                0x00000000c0000885                tolower
                0x00000000c0000899                simple_strtoul
 .text          0x00000000c00009f3      0xfbf core/malloc.32
                0x00000000c0000b5e                dlfree
                0x00000000c0000eb9                dlmalloc
                0x00000000c00013f6                dlrealloc
                0x00000000c00015ab                dlmemalign
                0x00000000c00016ce                dlcalloc
                0x00000000c0001768                dlcfree
                0x00000000c000176d                dlindependent_calloc
                0x00000000c0001792                dlindependent_comalloc
                0x00000000c00017a9                dlvalloc
                0x00000000c00017d4                dlpvalloc
                0x00000000c000180a                dlmalloc_trim
                0x00000000c0001817                dlmalloc_usable_size
                0x00000000c0001848                dlmallinfo
                0x00000000c0001917                dlmalloc_stats
                0x00000000c0001928                dlmallopt
 .text          0x00000000c00019b2        0x0 libk/string.32
 .text          0x00000000c00019b2       0x51 fs/fat/diskio.32
                0x00000000c00019b2                disk_status
                0x00000000c00019b5                disk_initialize
                0x00000000c00019b8                disk_read
                0x00000000c00019ce                disk_write
                0x00000000c00019e4                disk_ioctl
 .text          0x00000000c0001a03     0x6833 fs/fat/ff.32
                0x00000000c0004cd1                f_mount
                0x00000000c0004d33                f_open
                0x00000000c000516f                f_read
                0x00000000c00053ef                f_write
                0x00000000c00056a9                f_sync
                0x00000000c0005885                f_close
                0x00000000c00058b4                f_lseek
                0x00000000c0005d6b                f_opendir
                0x00000000c0005e6d                f_closedir
                0x00000000c0005e8f                f_readdir
                0x00000000c0005f2a                f_stat
                0x00000000c0005fb9                f_getfree
                0x00000000c0006184                f_truncate
                0x00000000c000627c                f_unlink
                0x00000000c00063ff                f_mkdir
                0x00000000c000662b                f_rename
                0x00000000c000691e                f_chmod
                0x00000000c00069fc                f_utime
                0x00000000c0006ada                f_getlabel
                0x00000000c0006cc8                f_setlabel
                0x00000000c0006f35                f_forward
                0x00000000c0007113                f_mkfs
 .text          0x00000000c0008236       0x2d fs/fat/ffsystem.32
                0x00000000c0008236                ff_memalloc
                0x00000000c000824c                ff_memfree
 .text          0x00000000c0008263      0x253 fs/fat/ffunicode.32
                0x00000000c0008263                ff_uni2oem
                0x00000000c00082f3                ff_oem2uni
                0x00000000c000835f                ff_wtoupper
 .text          0x00000000c00084b6      0x8fb hal/libresample/samplerate.32
                0x00000000c00084fa                src_delete
                0x00000000c0008536                src_process
                0x00000000c00086ec                src_callback_read
                0x00000000c0008869                src_set_ratio
                0x00000000c00088d3                src_get_channels
                0x00000000c00088f5                src_reset
                0x00000000c0008941                src_new
                0x00000000c00089cf                src_callback_new
                0x00000000c0008a31                src_get_name
                0x00000000c0008a68                src_get_description
                0x00000000c0008a9f                src_get_version
                0x00000000c0008aa5                src_is_valid_ratio
                0x00000000c0008af9                src_error
                0x00000000c0008b07                src_strerror
                0x00000000c0008b1a                src_simple
                0x00000000c0008b6d                src_short_to_float_array
                0x00000000c0008bd2                src_float_to_short_array
                0x00000000c0008c91                src_int_to_float_array
                0x00000000c0008cf4                src_float_to_int_array
 .text          0x00000000c0008db1      0x8cb hal/libresample/src_linear.32
                0x00000000c00095d7                linear_get_name
                0x00000000c00095e6                linear_get_description
                0x00000000c00095f5                linear_set_converter
 .text          0x00000000c000967c     0x447c hal/libresample/src_sinc.32
                0x00000000c000da0f                sinc_get_name
                0x00000000c000da22                sinc_get_description
                0x00000000c000da35                sinc_set_converter
 .text          0x00000000c000daf8      0x77c hal/libresample/src_zoh.32
                0x00000000c000e1cf                zoh_get_name
                0x00000000c000e1de                zoh_get_description
                0x00000000c000e1ed                zoh_set_converter
 .text          0x00000000c000e274        0xd compat/inlines.32
                0x00000000c000e274                CPU::current()
 *fill*         0x00000000c000e281        0x1 
 .text          0x00000000c000e282      0xa11 core/computer.32
                0x00000000c000e282                Computer::close(int, int, void*)
                0x00000000c000e2c6                Computer::Computer()
                0x00000000c000e2c6                Computer::Computer()
                0x00000000c000e422                Computer::setBootMessage(char const*)
                0x00000000c000e424                Computer::start()
                0x00000000c000e500                firstTask()
                0x00000000c000e50e                Computer::detectFeatures()
                0x00000000c000e718                Computer::displayFeatures()
                0x00000000c000ea5e                Computer::rdmsr(unsigned int)
                0x00000000c000ea8a                Computer::wrmsr(unsigned int, unsigned long long)
                0x00000000c000eac2                Computer::nmiEnabled()
                0x00000000c000eace                Computer::readCMOS(unsigned char)
                0x00000000c000eae8                Computer::enableNMI(bool)
                0x00000000c000eb00                Computer::open(int, int, void*)
                0x00000000c000ebd6                Computer::disableNMI()
                0x00000000c000ebe4                Computer::writeCMOS(unsigned char, unsigned char)
                0x00000000c000ec02                Computer::handleNMI()
                0x00000000c000ec68                Computer::setDiskActivityLight(int, bool)
 *fill*         0x00000000c000ec93        0x1 
 .text          0x00000000c000ec94      0x1b7 core/gdt.32
                0x00000000c000ec94                GDTEntry::setBase(unsigned int)
                0x00000000c000ecb0                GDTEntry::setLimit(unsigned int)
                0x00000000c000ecce                GDT::GDT()
                0x00000000c000ecce                GDT::GDT()
                0x00000000c000ece4                GDT::addEntry(GDTEntry)
                0x00000000c000ed20                GDT::getNumberOfEntries()
                0x00000000c000ed28                GDT::flush()
                0x00000000c000ed4a                GDT::setup()
 .text          0x00000000c000ee4b       0x62 core/idle.32
                0x00000000c000ee4b                idleFunction(void*)
 *fill*         0x00000000c000eead        0x1 
 .text          0x00000000c000eeae      0x45f core/idt.32
                0x00000000c000eeae                IDTEntry::IDTEntry(bool)
                0x00000000c000eeae                IDTEntry::IDTEntry(bool)
                0x00000000c000ef1c                IDTEntry::setOffset(unsigned int)
                0x00000000c000ef30                IDT::IDT()
                0x00000000c000ef30                IDT::IDT()
                0x00000000c000ef32                IDT::getPointerToInvalidOpcodeEntryForF00F()
                0x00000000c000ef3a                IDT::addEntry(IDTEntry, int)
                0x00000000c000ef54                IDT::addEntry(int, void (*)(), bool)
                0x00000000c000ef8c                IDT::flush()
                0x00000000c000efa6                IDT::setup()
 .text          0x00000000c000f30d      0x203 core/kheap.32
                0x00000000c000f30d                sbrk
                0x00000000c000f41b                mmap
                0x00000000c000f431                munmap
                0x00000000c000f447                liballoc_lock()
                0x00000000c000f458                liballoc_unlock()
                0x00000000c000f469                liballoc_alloc(int)
                0x00000000c000f484                liballoc_free(void*, int)
                0x00000000c000f4a2                realloc
                0x00000000c000f4b6                malloc
                0x00000000c000f4c6                free
                0x00000000c000f4d6                rfree
                0x00000000c000f4e6                calloc
 .text          0x00000000c000f510      0x38d core/main.32
                0x00000000c000f510                hwTextMode_loadInData(VgaText*)
                0x00000000c000f555                hwTextMode_loadInTitle(VgaText*, char*)
                0x00000000c000f597                hwTextMode_showCursor(VgaText*, bool)
                0x00000000c000f5eb                hwTextMode_update(VgaText*)
                0x00000000c000f5ec                hwTextMode_updateCursor(VgaText*)
                0x00000000c000f634                hwTextMode_disableBlink(VgaText*, bool)
                0x00000000c000f670                hwTextMode_scrollScreen(VgaText*)
                0x00000000c000f6f6                hwTextMode_writeCharacter(VgaText*, char, VgaColour, VgaColour, int, int)
                0x00000000c000f754                setupTextMode()
                0x00000000c000f7a5                kernel_main
 .text          0x00000000c000f89d      0x4f3 core/physmgr.32
                0x00000000c000f89d                Phys::allocateDMA(unsigned long)
                0x00000000c000f940                Phys::freeDMA(unsigned long, unsigned long)
                0x00000000c000f988                Phys::setPageState(unsigned long, bool)
                0x00000000c000f9ba                Phys::getPageState(unsigned long)
                0x00000000c000f9d6                Phys::freePage(unsigned long)
                0x00000000c000fa60                Phys::allocatePage()
                0x00000000c000fb28                Phys::allowSegmentToBeUsed(unsigned long, unsigned long)
                0x00000000c000fb60                Phys::physicalMemorySetup(unsigned int)
 .text          0x00000000c000fd90      0x273 core/pipe.32
                0x00000000c000fd90                Pipe::isAtty()
                0x00000000c000fd94                Pipe::~Pipe()
                0x00000000c000fd94                Pipe::~Pipe()
                0x00000000c000fdb8                Pipe::~Pipe()
                0x00000000c000fde0                Pipe::read(unsigned long long, void*, int*)
                0x00000000c000fed4                Pipe::write(unsigned long long, void*, int*)
                0x00000000c000ff9c                Pipe::Pipe(int)
                0x00000000c000ff9c                Pipe::Pipe(int)
 *fill*         0x00000000c0010003        0x1 
 .text          0x00000000c0010004      0xf65 core/terminal.32
                0x00000000c0010004                VgaText::isAtty()
                0x00000000c0010008                VgaText::~VgaText()
                0x00000000c0010008                VgaText::~VgaText()
                0x00000000c001002c                VgaText::~VgaText()
                0x00000000c0010056                VgaText::read(unsigned long long, void*, int*)
                0x00000000c0010076                setTerminalScrollLock(bool)
                0x00000000c0010077                addToTerminalCycle(VgaText*)
                0x00000000c00100a4                installVgaTextImplementation()
                0x00000000c00100b9                scrollTerminalScrollLock(int)
                0x00000000c00100ba                VgaText::load()
                0x00000000c001010e                VgaText::updateCursor()
                0x00000000c0010128                VgaText::showCursor(bool)
                0x00000000c0010138                VgaText::disableBlink(bool)
                0x00000000c0010172                VgaText::doANSI_SGR(int)
                0x00000000c00101fe                VgaText::setDefaultBgColour(VgaColour)
                0x00000000c0010214                VgaText::setDefaultFgColour(VgaColour)
                0x00000000c001022a                VgaText::setDefaultColours(VgaColour, VgaColour)
                0x00000000c001024a                VgaText::combineColours(unsigned char, unsigned char)
                0x00000000c001025c                VgaText::scrollScreen()
                0x00000000c00102f0                VgaText::combineCharAndColour(char, unsigned char)
                0x00000000c0010302                VgaText::writeCharacter(char, VgaColour, VgaColour, int, int)
                0x00000000c0010362                VgaText::getCursorX()
                0x00000000c001036e                VgaText::getCursorY()
                0x00000000c001037a                VgaText::setCursor(int, int)
                0x00000000c0010398                VgaText::setCursorX(int)
                0x00000000c00103b4                VgaText::setCursorY(int)
                0x00000000c00103d0                VgaText::incrementCursor(bool)
                0x00000000c0010438                VgaText::updateRAMUsageDisplay(int)
                0x00000000c0010492                VgaText::updateDiskUsage()
                0x00000000c00105f8                VgaText::updateTitle()
                0x00000000c001063e                VgaText::setTitleTextColour(VgaColour)
                0x00000000c001064e                VgaText::setTitleColour(VgaColour)
                0x00000000c001065e                VgaText::setTitle(char*)
                0x00000000c0010684                VgaText::decrementCursor(bool)
                0x00000000c00106ac                VgaText::putchar(char, VgaColour, VgaColour)
                0x00000000c00107a8                VgaText::isShowingCursor()
                0x00000000c00107b4                VgaText::isBlinkDisabled()
                0x00000000c00107c2                VgaText::setCursorHeight(int)
                0x00000000c00107e0                VgaText::getCursorHeight()
                0x00000000c00107eb                setActiveTerminal(VgaText*)
                0x00000000c001089d                doTerminalCycle()
                0x00000000c00108ba                VgaText::doUpdate()
                0x00000000c00108cc                VgaText::puts(char const*, VgaColour, VgaColour)
                0x00000000c0010a8c                VgaText::clearScreen()
                0x00000000c0010af0                VgaText::putchar(char)
                0x00000000c0010c0a                VgaText::puts(char const*)
                0x00000000c0010c30                VgaText::putx(unsigned int)
                0x00000000c0010c76                VgaText::VgaText(char const*)
                0x00000000c0010c76                VgaText::VgaText(char const*)
                0x00000000c0010e08                VgaText::receiveKey(unsigned char)
                0x00000000c0010ef0                VgaText::write(unsigned long long, void*, int*)
                0x00000000c0010f44                newTerminal(char*)
 *fill*         0x00000000c0010f69        0x1 
 .text          0x00000000c0010f6a      0x1b3 core/tss.32
                0x00000000c0010f6a                TSS::TSS()
                0x00000000c0010f6a                TSS::TSS()
                0x00000000c0010f78                TSS::setESP(unsigned long)
                0x00000000c0010f8a                TSS::flush()
                0x00000000c0010faa                TSS::setup(unsigned long, unsigned long)
 *fill*         0x00000000c001111d        0x1 
 .text          0x00000000c001111e      0x4c2 core/unixfile.32
                0x00000000c001111e                ReservedFilename::read(unsigned long long, void*, int*)
                0x00000000c0011174                ReservedFilename::isAtty()
                0x00000000c0011190                ReservedFilename::write(unsigned long long, void*, int*)
                0x00000000c00111ee                UnixFile::getFileDescriptor()
                0x00000000c00111f6                UnixFile::UnixFile(int)
                0x00000000c00111f6                UnixFile::UnixFile(int)
                0x00000000c00113a6                ReservedFilename::ReservedFilename(int)
                0x00000000c00113a6                ReservedFilename::ReservedFilename(int)
                0x00000000c00113d8                UnixFile::~UnixFile()
                0x00000000c00113d8                UnixFile::~UnixFile()
                0x00000000c0011470                UnixFile::~UnixFile()
                0x00000000c0011498                ReservedFilename::~ReservedFilename()
                0x00000000c0011498                ReservedFilename::~ReservedFilename()
                0x00000000c00114bc                ReservedFilename::~ReservedFilename()
                0x00000000c00114e3                getFromFileDescriptor(int)
 .text          0x00000000c00115e0      0xee3 core/virtmgr.32
                0x00000000c00115e0                Virt::setPageState(unsigned long, Virt::VirtPageState)
                0x00000000c0011615                Virt::getPageState(unsigned long)
                0x00000000c0011639                Virt::allocateKernelVirtualPages(int)
                0x00000000c001174a                Virt::virtualMemorySetup()
                0x00000000c00117c9                Virt::getAKernelVAS()
                0x00000000c00117cf                Virt::setupPageSwapping(int)
                0x00000000c00118fe                VAS::VAS()
                0x00000000c00118fe                VAS::VAS()
                0x00000000c001192e                VAS::VAS(VAS*)
                0x00000000c001192e                VAS::VAS(VAS*)
                0x00000000c0011952                VAS::getForeignPageTableEntry(bool, unsigned long)
                0x00000000c001197e                VAS::getPageTableEntry(unsigned long)
                0x00000000c001199d                Virt::freeKernelVirtualPages(unsigned long)
                0x00000000c0011ac0                VAS::freeAllocatedPages(unsigned long)
                0x00000000c0011ae4                VAS::virtualToPhysical(unsigned long)
                0x00000000c0011afc                VAS::reflagRange(unsigned long, int, int, int)
                0x00000000c0011b3c                VAS::setToWriteCombining(unsigned long, int)
                0x00000000c0011b6e                VAS::mapOtherVASIn(bool, VAS*)
                0x00000000c0011b98                VAS::~VAS()
                0x00000000c0011b98                VAS::~VAS()
                0x00000000c0011d04                VAS::mapPage(unsigned long, unsigned long, int)
                0x00000000c0011e04                VAS::allocatePages(int, int)
                0x00000000c0011fdc                VAS::setCPUSpecific(unsigned long)
                0x00000000c0011ff8                VAS::mapRange(unsigned long, unsigned long, int, int)
                0x00000000c00120be                VAS::mapForeignPage(bool, VAS*, unsigned long, unsigned long, int)
                0x00000000c00121ac                VAS::VAS(bool)
                0x00000000c00121ac                VAS::VAS(bool)
                0x00000000c0012407                mapVASFirstTime
 .text          0x00000000c00124c3       0x95 coreobjs/c++.32
                0x00000000c00124c3                __cxa_atexit
                0x00000000c00124c6                __cxa_finalize
                0x00000000c00124c7                __stack_chk_fail
                0x00000000c0012533                __cxa_pure_virtual
                0x00000000c0012544                operator new[](unsigned long)
                0x00000000c0012549                operator delete(void*, unsigned long)
                0x00000000c001254e                operator delete[](void*)
                0x00000000c0012553                operator delete[](void*, unsigned long)
 .text          0x00000000c0012558      0x1ef dbg/kconsole.32
                0x00000000c0012558                Dbg::stringifyxWithBase(unsigned int, char*, int)
                0x00000000c00125b9                Dbg::logc(char)
                0x00000000c00125d0                Dbg::logs(char*)
                0x00000000c00125ed                Dbg::logWriteInt(unsigned int)
                0x00000000c001260a                Dbg::logWriteIntBase(unsigned int, int)
                0x00000000c0012629                Dbg::kprintf(char const*, ...)
 *fill*         0x00000000c0012747        0x1 
 .text          0x00000000c0012748      0xb7c fs/vfs.32
                0x00000000c0012748                File::read(unsigned long long, void*, int*)
                0x00000000c00127a0                File::write(unsigned long long, void*, int*)
                0x00000000c00127f8                Directory::read(unsigned long long, void*, int*)
                0x00000000c0012850                Directory::write(unsigned long long, void*, int*)
                0x00000000c001287e                File::isAtty()
                0x00000000c0012882                Directory::isAtty()
                0x00000000c0012886                Filesystem::getlabel(LogicalDisk*, int, char*, unsigned int*)
                0x00000000c001288c                Filesystem::setlabel(LogicalDisk*, int, char*)
                0x00000000c0012892                File::~File()
                0x00000000c0012892                File::~File()
                0x00000000c00128b6                File::~File()
                0x00000000c00128e0                Directory::~Directory()
                0x00000000c00128e0                Directory::~Directory()
                0x00000000c0012904                Directory::~Directory()
                0x00000000c001292e                Filesystem::Filesystem()
                0x00000000c001292e                Filesystem::Filesystem()
                0x00000000c0012952                Filesystem::~Filesystem()
                0x00000000c0012952                Filesystem::~Filesystem()
                0x00000000c0012960                Filesystem::~Filesystem()
                0x00000000c0012984                initVFS()
                0x00000000c00129ae                standardiseFiles(char*, char const*, char const*)
                0x00000000c0012b58                File::File(char const*, Process*)
                0x00000000c0012b58                File::File(char const*, Process*)
                0x00000000c0012bbc                File::open(FileOpenMode)
                0x00000000c0012c1a                File::close()
                0x00000000c0012c7a                File::seek(unsigned long long)
                0x00000000c0012cd0                File::tell(unsigned long long*)
                0x00000000c0012d20                File::rewind()
                0x00000000c0012d34                File::unlink()
                0x00000000c0012d80                File::rename(char const*)
                0x00000000c0012dce                File::chfatattr(unsigned char, unsigned char)
                0x00000000c0012e2a                File::exists()
                0x00000000c0012e68                File::stat(unsigned long long*, bool*)
                0x00000000c0012ec9                getcwd(Process*, char*, int)
                0x00000000c0012ef3                setcwd(Process*, char*)
                0x00000000c001302e                Directory::Directory(char const*, Process*)
                0x00000000c001302e                Directory::Directory(char const*, Process*)
                0x00000000c0013092                Directory::open()
                0x00000000c00130ee                Directory::close()
                0x00000000c001314e                Directory::unlink()
                0x00000000c001319a                Directory::rename(char const*)
                0x00000000c00131e8                Directory::exists()
                0x00000000c0013226                Directory::read(dirent*)
                0x00000000c0013272                Directory::create()
                0x00000000c00132be                Filesystem::chfatattr(char const*, unsigned char, unsigned char)
 .text          0x00000000c00132c4       0x84 hal/bus.32
                0x00000000c00132c4                Bus::Bus(char const*)
                0x00000000c00132c4                Bus::Bus(char const*)
                0x00000000c00132fa                Bus::~Bus()
                0x00000000c00132fa                Bus::~Bus()
                0x00000000c001331e                Bus::~Bus()
 .text          0x00000000c0013348      0x14e hal/buzzer.32
                0x00000000c0013348                Buzzer::Buzzer(char const*)
                0x00000000c0013348                Buzzer::Buzzer(char const*)
                0x00000000c001338c                Buzzer::~Buzzer()
                0x00000000c001338c                Buzzer::~Buzzer()
                0x00000000c00133b0                Buzzer::~Buzzer()
                0x00000000c00133da                Buzzer::stop()
                0x00000000c00133ed                beepThread(void*)
                0x00000000c0013428                Buzzer::beep(int, int, bool)
 .text          0x00000000c0013496      0x42f hal/clock.32
                0x00000000c0013496                loadClockSettings()
                0x00000000c00134b0                Clock::Clock(char const*)
                0x00000000c00134b0                Clock::Clock(char const*)
                0x00000000c00134e6                Clock::~Clock()
                0x00000000c00134e6                Clock::~Clock()
                0x00000000c001350a                Clock::~Clock()
                0x00000000c0013534                Clock::timeInSecondsLocal()
                0x00000000c001357c                Clock::setTimeInSecondsLocal(unsigned long long)
                0x00000000c00135d5                datetimeToSeconds(datetime_t)
                0x00000000c00136fc                Clock::setTimeInDatetimeLocal(datetime_t)
                0x00000000c001375c                secondsToDatetime(unsigned long long)
                0x00000000c00138a0                Clock::timeInDatetimeLocal()
 *fill*         0x00000000c00138c5        0x1 
 .text          0x00000000c00138c6      0x4de hal/device.32
                0x00000000c00138c6                Device::hibernate()
                0x00000000c00138c8                Device::wake()
                0x00000000c00138ca                Device::detect()
                0x00000000c00138cc                Device::disableLegacy()
                0x00000000c00138ce                Device::powerSaving(PowerSavingLevel)
                0x00000000c00138d0                DriverlessDevice::close(int, int, void*)
                0x00000000c00138d4                DriverlessDevice::detect()
                0x00000000c00138d6                DriverlessDevice::open(int, int, void*)
                0x00000000c00138ea                Device::~Device()
                0x00000000c00138ea                Device::~Device()
                0x00000000c00138f8                Device::~Device()
                0x00000000c0013920                Device::findAndLoadDriver()
                0x00000000c0013922                Device::preOpenPCI(PCIDeviceInfo)
                0x00000000c0013948                Device::preOpenACPI(void*, char*, char*)
                0x00000000c001399c                Device::addIRQHandler(int, void (*)(regs*, void*), bool, void*)
                0x00000000c00139da                Device::removeIRQHandler(int, void (*)(regs*, void*), bool)
                0x00000000c0013a18                Device::addChild(Device*)
                0x00000000c0013a5c                Device::removeAllChildren()
                0x00000000c0013aa2                Device::hibernateAll()
                0x00000000c0013ad2                Device::wakeAll()
                0x00000000c0013b02                Device::detectAll()
                0x00000000c0013b32                Device::disableLegacyAll()
                0x00000000c0013b62                Device::loadDriversForAll()
                0x00000000c0013b8e                Device::closeAll()
                0x00000000c0013bc4                Device::powerSavingAll(PowerSavingLevel)
                0x00000000c0013bfa                Device::setName(char const*)
                0x00000000c0013c08                Device::Device(char const*)
                0x00000000c0013c08                Device::Device(char const*)
                0x00000000c0013d04                Device::getName()
                0x00000000c0013d0e                DriverlessDevice::DriverlessDevice(char const*)
                0x00000000c0013d0e                DriverlessDevice::DriverlessDevice(char const*)
                0x00000000c0013d36                Device::addToLinkedList(LinkedList<Device>&, DeviceType)
                0x00000000c0013d7a                getDevicesOfType(DeviceType)
 .text          0x00000000c0013da4       0x84 hal/diskctrl.32
                0x00000000c0013da4                HardDiskController::HardDiskController(char const*)
                0x00000000c0013da4                HardDiskController::HardDiskController(char const*)
                0x00000000c0013dda                HardDiskController::~HardDiskController()
                0x00000000c0013dda                HardDiskController::~HardDiskController()
                0x00000000c0013dfe                HardDiskController::~HardDiskController()
 .text          0x00000000c0013e28       0xde hal/diskphys.32
                0x00000000c0013e28                PhysicalDisk::PhysicalDisk(char const*, int)
                0x00000000c0013e28                PhysicalDisk::PhysicalDisk(char const*, int)
                0x00000000c0013e90                PhysicalDisk::startCache()
                0x00000000c0013eb8                PhysicalDisk::~PhysicalDisk()
                0x00000000c0013eb8                PhysicalDisk::~PhysicalDisk()
                0x00000000c0013edc                PhysicalDisk::~PhysicalDisk()
 .text          0x00000000c0013f06      0x13b hal/fpu.32
                0x00000000c0013f06                FPU::FPU(char const*)
                0x00000000c0013f06                FPU::FPU(char const*)
                0x00000000c0013f3c                FPU::~FPU()
                0x00000000c0013f3c                FPU::~FPU()
                0x00000000c0013f60                FPU::~FPU()
                0x00000000c0013f8a                setupFPU()
 *fill*         0x00000000c0014041        0x1 
 .text          0x00000000c0014042     0x12b1 hal/intctrl.32
                0x00000000c0014042                InterruptController::uninstallISRHandler(int, void (*)(regs*, void*))
                0x00000000c001407a                InterruptController::installISRHandler(int, void (*)(regs*, void*), void*)
                0x00000000c00140cc                doubleFault(regs*, void*)
                0x00000000c00140e6                InterruptController::installIRQHandler(int, void (*)(regs*, void*), bool, void*)
                0x00000000c0014182                InterruptController::clearAllHandlers(int, bool)
                0x00000000c001422a                InterruptController::uninstallIRQHandler(int, void (*)(regs*, void*), bool)
                0x00000000c00142b1                nmiHandler(regs*, void*)
                0x00000000c00142bf                int_handler
                0x00000000c0014360                InterruptController::InterruptController(char const*)
                0x00000000c0014360                InterruptController::InterruptController(char const*)
                0x00000000c0014406                InterruptController::~InterruptController()
                0x00000000c0014406                InterruptController::~InterruptController()
                0x00000000c001442a                InterruptController::~InterruptController()
                0x00000000c0014454                displayDebugInfo(regs*)
                0x00000000c0014859                x87EmulHandler(regs*, void*)
                0x00000000c0014888                gpFault(regs*, void*)
                0x00000000c00148c1                pgFault(regs*, void*)
                0x00000000c00148d8                otherISRHandler(regs*, void*)
                0x00000000c00148f7                opcodeFault(regs*, void*)
                0x00000000c0014eb6                displayProgramFault(char const*)
                0x00000000c0014ede                setupInterruptController()
                0x00000000c00152a6                InterruptController::convertLegacyIRQNumber(int)
 *fill*         0x00000000c00152f3        0x1 
 .text          0x00000000c00152f4      0x620 hal/keybrd.32
                0x00000000c00152f4                startGUI(void*)
                0x00000000c0015366                sendKeyToTerminal(unsigned char)
                0x00000000c00153d2                sendKeyboardToken(KeyboardToken)
                0x00000000c00157ad                clearInternalKeybuffer(VgaText*)
                0x00000000c00157e2                readKeyboard(VgaText*, char*, unsigned long)
                0x00000000c001588a                Keyboard::Keyboard(char const*)
                0x00000000c001588a                Keyboard::Keyboard(char const*)
                0x00000000c00158c6                Keyboard::~Keyboard()
                0x00000000c00158c6                Keyboard::~Keyboard()
                0x00000000c00158ea                Keyboard::~Keyboard()
 .text          0x00000000c0015914      0x400 hal/logidisk.32
                0x00000000c0015914                LogicalDisk::close(int, int, void*)
                0x00000000c0015918                LogicalDisk::~LogicalDisk()
                0x00000000c0015918                LogicalDisk::~LogicalDisk()
                0x00000000c001593c                LogicalDisk::~LogicalDisk()
                0x00000000c0015966                LogicalDisk::open(int, int, void*)
                0x00000000c001597a                LogicalDisk::absoluteToRelative(unsigned long long)
                0x00000000c00159b2                LogicalDisk::relativeToAbsolute(unsigned long long)
                0x00000000c00159f8                LogicalDisk::LogicalDisk(char const*, PhysicalDisk*, unsigned long long, unsigned long long)
                0x00000000c00159f8                LogicalDisk::LogicalDisk(char const*, PhysicalDisk*, unsigned long long, unsigned long long)
                0x00000000c0015aae                LogicalDisk::assignDriveLetter()
                0x00000000c0015b64                LogicalDisk::mount()
                0x00000000c0015bd6                LogicalDisk::unmount()
                0x00000000c0015be6                LogicalDisk::unassignDriveLetter()
                0x00000000c0015c3c                LogicalDisk::read(unsigned long long, int, void*)
                0x00000000c0015ca8                LogicalDisk::write(unsigned long long, int, void*)
 .text          0x00000000c0015d14       0x84 hal/mouse.32
                0x00000000c0015d14                Mouse::Mouse(char const*)
                0x00000000c0015d14                Mouse::Mouse(char const*)
                0x00000000c0015d4a                Mouse::~Mouse()
                0x00000000c0015d4a                Mouse::~Mouse()
                0x00000000c0015d6e                Mouse::~Mouse()
 .text          0x00000000c0015d98      0x339 hal/partition.32
                0x00000000c0015d98                makePartition(PhysicalDisk*, unsigned long long, unsigned long long)
                0x00000000c0015e40                createPartitionsForDisk(PhysicalDisk*)
 *fill*         0x00000000c00160d1        0x1 
 .text          0x00000000c00160d2      0x2b8 hal/timer.32
                0x00000000c00160d2                Timer::Timer(char const*)
                0x00000000c00160d2                Timer::Timer(char const*)
                0x00000000c0016108                Timer::~Timer()
                0x00000000c0016108                Timer::~Timer()
                0x00000000c001612c                Timer::~Timer()
                0x00000000c0016156                Timer::read()
                0x00000000c0016161                timerHandler(unsigned long long)
                0x00000000c0016298                setupTimer(int)
 .text          0x00000000c001638a      0x2db hal/vcache.32
                0x00000000c001638a                VCache::VCache(PhysicalDisk*)
                0x00000000c001638a                VCache::VCache(PhysicalDisk*)
                0x00000000c0016484                VCache::writeWriteBuffer()
                0x00000000c00164c0                VCache::~VCache()
                0x00000000c00164c0                VCache::~VCache()
                0x00000000c0016500                VCache::~VCache()
                0x00000000c0016528                VCache::write(unsigned long long, int, void*)
                0x00000000c001660c                VCache::read(unsigned long long, int, void*)
 *fill*         0x00000000c0016665        0x1 
 .text          0x00000000c0016666      0x26d hal/video.32
                0x00000000c0016666                Video::putrect(int, int, int, int, unsigned int)
                0x00000000c00166b0                Video::blit(unsigned int*, int, int, int, int)
                0x00000000c001672e                Video::clearScreen(unsigned int)
                0x00000000c0016762                Video::putpixel(int, int, unsigned int)
                0x00000000c0016770                Video::Video(char const*)
                0x00000000c0016770                Video::Video(char const*)
                0x00000000c00167a6                Video::~Video()
                0x00000000c00167a6                Video::~Video()
                0x00000000c00167ca                Video::~Video()
                0x00000000c00167f4                Video::isMonochrome()
                0x00000000c0016800                Video::getWidth()
                0x00000000c001680c                Video::getHeight()
                0x00000000c0016818                Video::drawCursor(int, int, unsigned char*, int)
 *fill*         0x00000000c00168d3        0x1 
 .text          0x00000000c00168d4      0xe04 hw/acpi.32
                0x00000000c00168d4                ACPI::close(int, int, void*)
                0x00000000c0016989                findRSDP()
                0x00000000c0016a13                loadACPITables(unsigned char*)
                0x00000000c0016c3a                findRSDT(unsigned char*)
                0x00000000c0016d58                findDataTable(unsigned char*, char*)
                0x00000000c0016df4                scanMADT()
                0x00000000c001727a                ACPI::ACPI()
                0x00000000c001727a                ACPI::ACPI()
                0x00000000c00172da                ACPI::getPCIIRQAssignment(unsigned char, unsigned short, unsigned char)
                0x00000000c00173bc                ACPI::registerPCIIRQAssignment(void*, unsigned short, unsigned char, unsigned char)
                0x00000000c00174c2                ACPI::setScreenBrightnessLevel(void*, int)
                0x00000000c00174c8                ACPI::writeSimpleBootFlag(SimpleBootFlagTable*)
                0x00000000c0017510                ACPI::open(int, int, void*)
                0x00000000c00176c0                ACPI::sleep()
 .text          0x00000000c00176d8     0x1715 hw/cpu.32
                0x00000000c00176d8                CPU::close(int, int, void*)
                0x00000000c00176dc                CPU::lookupAMDName(unsigned char, unsigned char)
                0x00000000c0017870                CPU::lookupIntelName(unsigned char, unsigned char)
                0x00000000c0017b1e                CPU::AMD_K6_write_msr(unsigned int, unsigned int, unsigned int, CPU::REGS*)
                0x00000000c0017b3a                CPU::AMD_K6_read_msr(unsigned int, CPU::REGS*)
                0x00000000c0017b52                CPU::AMD_K6_writeback(int, int, int)
                0x00000000c0017bc6                CPU::cpuid(int, unsigned long*, unsigned long*, unsigned long*, unsigned long*)
                0x00000000c0017c4a                CPU::cpuidCheckEDX(unsigned int)
                0x00000000c0017c78                CPU::cpuidCheckECX(unsigned int)
                0x00000000c0017ca6                CPU::cpuidCheckExtendedEBX(unsigned int)
                0x00000000c0017cd4                CPU::cpuidCheckExtendedECX(unsigned int)
                0x00000000c0017d02                CPU::CPU()
                0x00000000c0017d02                CPU::CPU()
                0x00000000c0017d90                CPU::displayFeatures()
                0x00000000c001800c                CPU::detectFeatures()
                0x00000000c00189fc                CPU::setupSMEP()
                0x00000000c0018a08                CPU::setupUMIP()
                0x00000000c0018a12                CPU::setupTSC()
                0x00000000c0018a1c                CPU::setupLargePages()
                0x00000000c0018a26                CPU::setupPAT()
                0x00000000c0018a62                CPU::setupMTRR()
                0x00000000c0018a64                CPU::setupGlobalPages()
                0x00000000c0018a6e                CPU::allowUsermodeDataAccess()
                0x00000000c0018a80                CPU::prohibitUsermodeDataAccess()
                0x00000000c0018a92                CPU::setupSMAP()
                0x00000000c0018aa0                CPU::setupFeatures()
                0x00000000c0018b20                CPU::open(int, int, void*)
                0x00000000c0018bf2                CPU::decodeAddress(regs*, int*, bool*, unsigned char*)
 .text          0x00000000c0018ded        0x0 hw/ports.32
 .text          0x00000000c0018ded      0x32c krnl/panic.32
                0x00000000c0018ded                Krnl::panic(char const*)
 .text          0x00000000c0019119      0x4f9 reg/registry.32
                0x00000000c0019119                Reg::findLineFromLoadedData(char*, char*, char*)
                0x00000000c0019271                Reg::getLineFromRegistry(char*, char*, char*, char*)
                0x00000000c00193c6                Reg::getLine(char*, char*, char*)
                0x00000000c00193fd                Reg::readInt(char*, char*, int*)
                0x00000000c00194e8                Reg::readString(char*, char*, char*, int)
                0x00000000c0019569                Reg::readBool(char*, char*, bool*)
                0x00000000c001958e                Reg::readBoolWithDefault(char*, char*, bool)
                0x00000000c00195ba                Reg::readIntWithDefault(char*, char*, int)
                0x00000000c00195e6                Reg::readStringWithDefault(char*, char*, char*, int, char*)
 .text          0x00000000c0019612       0x18 sys/sc_exit.32
                0x00000000c0019612                Sys::exit(regs*)
 .text          0x00000000c001962a       0xa8 sys/sc_loaddll.32
                0x00000000c001962a                Sys::loadDLL(regs*)
 .text          0x00000000c00196d2       0x68 sys/sc_read.32
                0x00000000c00196d2                Sys::read(regs*)
 .text          0x00000000c001973a       0x55 sys/sc_sbrk.32
                0x00000000c001973a                Sys::sbrk(regs*)
 .text          0x00000000c001978f       0x68 sys/sc_write.32
                0x00000000c001978f                Sys::write(regs*)
 .text          0x00000000c00197f7       0x1a sys/sc_yield.32
                0x00000000c00197f7                Sys::yield(regs*)
 .text          0x00000000c0019811      0xff1 sys/syscalls.32
                0x00000000c0019811                sysCallGetPID(regs*)
                0x00000000c001981d                sysCallSeekDir(regs*)
                0x00000000c0019822                sysCallTellDir(regs*)
                0x00000000c0019827                sysCallVerify(regs*)
                0x00000000c0019831                sysCallFork(regs*)
                0x00000000c001983c                sysCallExecve(regs*)
                0x00000000c0019847                sysCallGetArgc(regs*)
                0x00000000c0019857                sysFormatDisk(regs*)
                0x00000000c00198c1                sysSetDiskVolumeLabel(regs*)
                0x00000000c0019907                sysGetDiskVolumeLabel(regs*)
                0x00000000c0019958                sysShutdown(regs*)
                0x00000000c00199b6                sysCallGetCwd(regs*)
                0x00000000c00199d5                sysCallSetCwd(regs*)
                0x00000000c00199f1                sysCallRealpath(regs*)
                0x00000000c0019a34                sysCallReadDir(regs*)
                0x00000000c0019ac2                sysCallIsATTY(regs*)
                0x00000000c0019b1c                sysCallSeek(regs*)
                0x00000000c0019b85                sysCallTell(regs*)
                0x00000000c0019c02                sysCallSize(regs*)
                0x00000000c0019c85                sysCallSizeFromFilename(regs*)
                0x00000000c0019d45                sysCallClose(regs*)
                0x00000000c0019dcd                sysCallOpenDir(regs*)
                0x00000000c0019e42                sysCallCloseDir(regs*)
                0x00000000c0019ea8                sysCallMakeDir(regs*)
                0x00000000c0019f18                sysCallWait(regs*)
                0x00000000c0019f32                sysCallRmdir(regs*)
                0x00000000c0019f96                sysCallUnlink(regs*)
                0x00000000c0019ffa                sysCallGetArgv(regs*)
                0x00000000c001a046                sysCallTTYName(regs*)
                0x00000000c001a0c9                sysCallGetEnv(regs*)
                0x00000000c001a11b                sysCallUSleep(regs*)
                0x00000000c001a142                sysCallSpawn(regs*)
                0x00000000c001a19a                sysAppSettings(regs*)
                0x00000000c001a2b9                sysSetFatAttrib(regs*)
                0x00000000c001a32b                sysPanic(regs*)
                0x00000000c001a351                sysPipe(regs*)
                0x00000000c001a396                sysGetUnixTime(regs*)
                0x00000000c001a3aa                string_ends_with(char const*, char const*)
                0x00000000c001a3f2                sysCallOpen(regs*)
                0x00000000c001a607                setupSystemCalls()
                0x00000000c001a7c0                systemCall(regs*, void*)
 .text          0x00000000c001a802     0x120b thr/elf.32
                0x00000000c001a802                Thr::allocateMemoryForTask(Process*, File*, unsigned long, unsigned long, unsigned long)
                0x00000000c001aa7f                Thr::loadProgramIntoMemory(Process*, char const*)
                0x00000000c001ac95                Thr::runtimeReferenceHelper()
                0x00000000c001aca8                Thr::getAddressOfKernelSymbol(char const*)
                0x00000000c001acf7                Thr::loadKernelSymbolTable(char const*)
                0x00000000c001afb3                Thr::loadDriverIntoMemory(char const*, unsigned long, bool)
                0x00000000c001b751                Thr::getDriverBaseFromAddress(unsigned long)
                0x00000000c001b783                Thr::getDriverNameFromAddress(unsigned long)
                0x00000000c001b7ba                Thr::getDriverOffsetFromAddress(unsigned long)
                0x00000000c001b7d4                Thr::loadDLL(char const*, bool)
                0x00000000c001b9e3                Thr::executeDLL(unsigned long, void*)
 *fill*         0x00000000c001ba0d        0x1 
 .text          0x00000000c001ba0e      0xff8 thr/prcssthr.32
                0x00000000c001ba0e                changeTSS
                0x00000000c001ba3e                Process::addArgs(char**)
                0x00000000c001ba98                Process::Process(char const*, Process*, char**)
                0x00000000c001ba98                Process::Process(char const*, Process*, char**)
                0x00000000c001bc60                Process::Process(bool, char const*, Process*, char**)
                0x00000000c001bc60                Process::Process(bool, char const*, Process*, char**)
                0x00000000c001bdf4                disableIRQs()
                0x00000000c001bdfc                getIRQNestingLevel()
                0x00000000c001be02                enableIRQs()
                0x00000000c001be11                lockScheduler()
                0x00000000c001be13                unlockScheduler()
                0x00000000c001be15                userModeEntryPoint(void*)
                0x00000000c001be38                lockStuff()
                0x00000000c001be44                taskStartupFunction
                0x00000000c001be4d                updateTimeUsed()
                0x00000000c001beb2                switchToThread(ThreadControlBlock*)
                0x00000000c001bf02                Semaphore::Semaphore(int)
                0x00000000c001bf02                Semaphore::Semaphore(int)
                0x00000000c001bf30                Mutex::Mutex()
                0x00000000c001bf30                Mutex::Mutex()
                0x00000000c001bf42                Process::createThread(void (*)(void*), void*, int)
                0x00000000c001c026                Process::createUserThread()
                0x00000000c001c042                setupMultitasking(void (*)())
                0x00000000c001c14c                schedule()
                0x00000000c001c1d1                unlockStuff()
                0x00000000c001c206                Semaphore::tryAcquire()
                0x00000000c001c234                Semaphore::assertLocked(char const*)
                0x00000000c001c264                blockTaskWithSchedulerLockAlreadyHeld(TaskState)
                0x00000000c001c2a6                blockTask(TaskState)
                0x00000000c001c2c7                waitTask(int, int*, int)
                0x00000000c001c309                nanoSleepUntil(unsigned long long)
                0x00000000c001c360                nanoSleep(unsigned long long)
                0x00000000c001c375                sleep(unsigned long long)
                0x00000000c001c392                Semaphore::acquire()
                0x00000000c001c3fa                taskReturned
                0x00000000c001c428                unblockTask(ThreadControlBlock*)
                0x00000000c001c4d7                cleanupTerminatedTask(ThreadControlBlock*)
                0x00000000c001c77b                cleanerTaskFunction(void*)
                0x00000000c001c82e                terminateTask(int)
                0x00000000c001c90e                Thr::terminateFromIRQ(int)
                0x00000000c001c91a                Semaphore::release()
 .text          0x00000000c001ca06      0x8ce vm86/vm8086.32
                0x00000000c001ca06                Vm::vm8086EntryPoint(void*)
                0x00000000c001ca31                Vm::inbv(unsigned short)
                0x00000000c001ca37                Vm::outbv(unsigned short, unsigned char)
                0x00000000c001ca41                Vm::realToLinear(unsigned short, unsigned short)
                0x00000000c001ca51                Vm::getSegment(unsigned int)
                0x00000000c001ca59                Vm::getOffset(unsigned int)
                0x00000000c001ca5e                Vm::loadFileAsThread(Process*, char const*, unsigned short, unsigned short, unsigned short, unsigned short)
                0x00000000c001cb9c                Vm::doISR(regs*, int, unsigned char*, unsigned short, unsigned short)
                0x00000000c001cc26                Vm::readByteFromReal(unsigned short, unsigned short)
                0x00000000c001cc37                Vm::readWordFromReal(unsigned short, unsigned short)
                0x00000000c001cc49                Vm::readDwordFromReal(unsigned short, unsigned short)
                0x00000000c001cc5a                Vm::writeByteFromReal(unsigned short, unsigned short, unsigned char)
                0x00000000c001cc6f                Vm::writeWordFromReal(unsigned short, unsigned short, unsigned short)
                0x00000000c001cc85                Vm::writeDwordFromReal(unsigned short, unsigned short, unsigned int)
                0x00000000c001cc9a                Vm::faultHandler(regs*)
 .text          0x00000000c001d2d4      0xefd vm86/x87em.32
                0x00000000c001d2d4                Vm::fpuInternalTo32(unsigned long long)
                0x00000000c001d32f                Vm::fpuInternalTo64(unsigned long long)
                0x00000000c001d338                Vm::fpu32ToInternal(unsigned int)
                0x00000000c001d37d                Vm::fpu64ToInternal(unsigned long long)
                0x00000000c001d386                Vm::fpuFloatToLong(unsigned long long)
                0x00000000c001d3e1                Vm::fpuULongToFloat(unsigned long long)
                0x00000000c001d417                Vm::fpuLongToFloat(long long)
                0x00000000c001d46d                Vm::fpuGet0()
                0x00000000c001d472                Vm::fpuGet1()
                0x00000000c001d47a                Vm::fpuGetPi()
                0x00000000c001d482                Vm::fpuGetLog2E()
                0x00000000c001d49a                Vm::fpuGetLogE2()
                0x00000000c001d4b2                Vm::fpuGetLog210()
                0x00000000c001d4ca                Vm::fpuGetLog102()
                0x00000000c001d4e2                Vm::fpuIsSecondLarger(unsigned long long, unsigned long long)
                0x00000000c001d4f6                Vm::fpuAreEqual(unsigned long long, unsigned long long)
                0x00000000c001d50c                Vm::fpuUnorderedCompare(unsigned long long, unsigned long long)
                0x00000000c001d55f                Vm::fpuAdd(unsigned long long, unsigned long long)
                0x00000000c001d570                Vm::fpuAbs(unsigned long long)
                0x00000000c001d579                Vm::fpuChs(unsigned long long)
                0x00000000c001d589                Vm::fpuSub(unsigned long long, unsigned long long)
                0x00000000c001d598                Vm::fpuMultiply(unsigned long long, unsigned long long)
                0x00000000c001d5b7                Vm::fpuDivide(unsigned long long, unsigned long long)
                0x00000000c001d5d3                Vm::fpuSquare(unsigned long long)
                0x00000000c001d5e9                Vm::fpuGetReg(int)
                0x00000000c001d62c                Vm::fpuSetReg(int, unsigned long long)
                0x00000000c001d677                Vm::fpuPush(unsigned long long)
                0x00000000c001d6d4                Vm::fpuPop()
                0x00000000c001d726                Vm::x87Handler(regs*)
 *fill*         0x00000000c001e1d1        0x1 
 .text          0x00000000c001e1d2     0x10ed fs/fat/vfslink.32
                0x00000000c001e1d2                FAT::getName()
                0x00000000c001e1d8                FAT::tell(void*, unsigned long long*)
                0x00000000c001e20c                FAT::stat(void*, unsigned long long*)
                0x00000000c001e240                FAT::~FAT()
                0x00000000c001e240                FAT::~FAT()
                0x00000000c001e264                FAT::~FAT()
                0x00000000c001e28c                FAT::getlabel(LogicalDisk*, int, char*, unsigned int*)
                0x00000000c001e32a                FAT::setlabel(LogicalDisk*, int, char*)
                0x00000000c001e3e4                FAT::format(LogicalDisk*, int, char const*, int)
                0x00000000c001e5c8                FAT::tryMount(LogicalDisk*, int)
                0x00000000c001e7ce                FAT::readDir(void*, unsigned long, void*, int*)
                0x00000000c001e8d4                FAT::read(void*, unsigned long, void*, int*)
                0x00000000c001e92e                FAT::write(void*, unsigned long, void*, int*)
                0x00000000c001e988                FAT::close(void*)
                0x00000000c001e9d4                FAT::closeDir(void*)
                0x00000000c001ea20                FAT::seek(void*, unsigned long long)
                0x00000000c001ea74                fatWrapperReadDisk
                0x00000000c001eabb                fatWrapperWriteDisk
                0x00000000c001eb02                fatWrapperIoctl
                0x00000000c001ec06                FAT::FAT()
                0x00000000c001ec06                FAT::FAT()
                0x00000000c001ec58                FAT::fixFilepath(char*)
                0x00000000c001ec90                FAT::open(char const*, void**, FileOpenMode)
                0x00000000c001edb8                FAT::openDir(char const*, void**)
                0x00000000c001ee5e                FAT::stat(char const*, unsigned long long*, bool*)
                0x00000000c001ef48                FAT::unlink(char const*)
                0x00000000c001efc2                FAT::chfatattr(char const*, unsigned char, unsigned char)
                0x00000000c001f116                FAT::rename(char const*, char const*)
                0x00000000c001f1da                FAT::mkdir(char const*)
                0x00000000c001f254                FAT::exists(char const*)
 *fill*         0x00000000c001f2bf        0x1 
 .text          0x00000000c001f2c0      0xbdf fs/iso9660/vfslink.32
                0x00000000c001f2c0                ISO9660::format(LogicalDisk*, int, char const*, int)
                0x00000000c001f2c6                ISO9660::seek(void*, unsigned long long)
                0x00000000c001f2f6                ISO9660::tell(void*, unsigned long long*)
                0x00000000c001f31a                ISO9660::getName()
                0x00000000c001f320                ISO9660::stat(void*, unsigned long long*)
                0x00000000c001f344                ISO9660::chfatattr(char const*, unsigned char, unsigned char)
                0x00000000c001f34a                ISO9660::unlink(char const*)
                0x00000000c001f350                ISO9660::write(void*, unsigned long, void*, int*)
                0x00000000c001f356                ISO9660::rename(char const*, char const*)
                0x00000000c001f35c                ISO9660::mkdir(char const*)
                0x00000000c001f362                ISO9660::close(void*)
                0x00000000c001f384                ISO9660::closeDir(void*)
                0x00000000c001f3a6                ISO9660::~ISO9660()
                0x00000000c001f3a6                ISO9660::~ISO9660()
                0x00000000c001f3ca                ISO9660::~ISO9660()
                0x00000000c001f3f1                __memmem(unsigned char*, int, unsigned char*, int)
                0x00000000c001f433                readSectorFromCDROM(unsigned int, unsigned char*, char)
                0x00000000c001f49a                ISO9660::tryMount(LogicalDisk*, int)
                0x00000000c001f4ea                ISO9660::read(void*, unsigned long, void*, int*)
                0x00000000c001f72e                ISO9660::readDir(void*, unsigned long, void*, int*)
                0x00000000c001f9bb                readRoot(unsigned int*, unsigned int*, char)
                0x00000000c001fa10                readRecursively(char*, unsigned int, unsigned int, unsigned int*, unsigned int*, char, int*)
                0x00000000c001fbe3                getFileData(char*, unsigned int*, unsigned int*, char, int*)
                0x00000000c001fc72                ISO9660::open(char const*, void**, FileOpenMode)
                0x00000000c001fd0c                ISO9660::exists(char const*)
                0x00000000c001fd30                ISO9660::stat(char const*, unsigned long long*, bool*)
                0x00000000c001fdc4                ISO9660::openDir(char const*, void**)
                0x00000000c001fe7c                ISO9660::ISO9660()
                0x00000000c001fe7c                ISO9660::ISO9660()
 *fill*         0x00000000c001fe9f        0x1 
 .text          0x00000000c001fea0      0x326 hal/sound/sndchannel.32
                0x00000000c001fea0                SoundChannel::~SoundChannel()
                0x00000000c001fea0                SoundChannel::~SoundChannel()
                0x00000000c001febc                SoundChannel::setSpeed(float)
                0x00000000c001fec8                SoundChannel::getSpeed()
                0x00000000c001fed0                SoundChannel::setVolume(int)
                0x00000000c001feec                SoundChannel::getVolume()
                0x00000000c001fef4                SoundChannel::pause()
                0x00000000c001fefe                SoundChannel::SoundChannel(int, int, int, int)
                0x00000000c001fefe                SoundChannel::SoundChannel(int, int, int, int)
                0x00000000c0020054                SoundChannel::play()
                0x00000000c002005e                SoundChannel::paused()
                0x00000000c0020066                SoundChannel::getSampleRate()
                0x00000000c002006e                SoundChannel::getBits()
                0x00000000c0020076                SoundChannel::getBufferUsed()
                0x00000000c002007e                SoundChannel::getBufferSize()
                0x00000000c0020086                SoundChannel::unbuffer(float*, int, int)
                0x00000000c0020126                SoundChannel::buffer8(unsigned char*, int)
 .text          0x00000000c00201c6      0x3d5 hal/sound/sndhw.32
                0x00000000c00201c6                SoundDevice::SoundDevice(char const*)
                0x00000000c00201c6                SoundDevice::SoundDevice(char const*)
                0x00000000c0020232                SoundDevice::~SoundDevice()
                0x00000000c0020232                SoundDevice::~SoundDevice()
                0x00000000c00202ac                SoundDevice::~SoundDevice()
                0x00000000c00202d6                SoundDevice::getFreeChannelNum()
                0x00000000c00202f0                SoundDevice::addChannel(SoundChannel*)
                0x00000000c0020360                SoundDevice::removeChannel(int)
                0x00000000c0020392                SoundDevice::floatTo8(float*, unsigned char*, int)
                0x00000000c002047a                SoundDevice::getAudio(int, float*, float*)
 .text          0x00000000c002059b        0x0 hw/bus/isa.32
 *fill*         0x00000000c002059b        0x1 
 .text          0x00000000c002059c      0x6c1 hw/bus/pci.32
                0x00000000c002059c                PCI::open(int, int, void*)
                0x00000000c00205b0                PCI::close(int, int, void*)
                0x00000000c00205b4                PCI::PCI()
                0x00000000c00205b4                PCI::PCI()
                0x00000000c0020634                PCI::pciReadWord(unsigned char, unsigned char, unsigned char, unsigned char)
                0x00000000c002067c                PCI::getVendorID(unsigned char, unsigned char, unsigned char)
                0x00000000c002069e                PCI::getHeaderType(unsigned char, unsigned char, unsigned char)
                0x00000000c00206c2                PCI::getClassCode(unsigned char, unsigned char, unsigned char)
                0x00000000c0020706                PCI::getProgIF(unsigned char, unsigned char, unsigned char)
                0x00000000c002072a                PCI::getRevisionID(unsigned char, unsigned char, unsigned char)
                0x00000000c002074c                PCI::getInterruptNumber(unsigned char, unsigned char, unsigned char)
                0x00000000c002076e                PCI::getSecondaryBus(unsigned char, unsigned char, unsigned char)
                0x00000000c0020792                PCI::getBARAddress(unsigned char, unsigned char, unsigned char, unsigned char)
                0x00000000c00207f2                PCI::pciWriteWord(unsigned char, unsigned char, unsigned char, unsigned char, unsigned short)
                0x00000000c002085e                PCI::checkBus(unsigned char)
                0x00000000c0020882                PCI::foundDevice(PCIDeviceInfo)
                0x00000000c00209f2                PCI::getDeviceData(unsigned char, unsigned char, unsigned char)
                0x00000000c0020b9e                PCI::checkDevice(unsigned char, unsigned char)
                0x00000000c0020c0a                PCI::detect()
 *fill*         0x00000000c0020c5d        0x1 
 .text          0x00000000c0020c5e      0xc70 hw/diskctrl/ide.32
                0x00000000c0020c5e                IDE::close(int, int, void*)
                0x00000000c0020c62                IDE::IDE()
                0x00000000c0020c62                IDE::IDE()
                0x00000000c0020c96                IDE::prepareInterrupt(unsigned char)
                0x00000000c0020ca8                selectDrive(unsigned char, unsigned char)
                0x00000000c0020caa                IDE::getBase(unsigned char)
                0x00000000c0020cbc                IDE::write(unsigned char, unsigned char, unsigned char)
                0x00000000c0020d7c                IDE::read(unsigned char, unsigned char)
                0x00000000c0020e2a                IDE::waitInterrupt(unsigned char)
                0x00000000c0020e90                ideChannel0IRQHandler(regs*, void*)
                0x00000000c0020eac                ideChannel1IRQHandler(regs*, void*)
                0x00000000c0020ec8                IDE::enableIRQs(unsigned char, bool)
                0x00000000c0020f0e                IDE::open(int, int, void*)
                0x00000000c002131e                IDE::readBuffer(unsigned char, unsigned char, unsigned int, unsigned int)
                0x00000000c00213ea                IDE::detect()
                0x00000000c00216d2                IDE::printError(unsigned char, unsigned char, unsigned char)
                0x00000000c0021868                IDE::polling(unsigned char, unsigned int)
 .text          0x00000000c00218ce      0x62b hw/diskphys/ata.32
                0x00000000c00218ce                ATA::close(int, int, void*)
                0x00000000c00218f2                ATA::powerSaving(PowerSavingLevel)
                0x00000000c00218f4                ATA::ATA()
                0x00000000c00218f4                ATA::ATA()
                0x00000000c0021922                ATA::flush(bool)
                0x00000000c002196c                ATA::readyForCommand()
                0x00000000c00219bc                ATA::access(unsigned long long, int, void*, bool)
                0x00000000c0021d3a                ATA::read(unsigned long long, int, void*)
                0x00000000c0021da2                ATA::write(unsigned long long, int, void*)
                0x00000000c0021e0a                ATA::detectCHS()
                0x00000000c0021e34                ATA::open(int, int, void*)
 *fill*         0x00000000c0021ef9        0x1 
 .text          0x00000000c0021efa      0x5b3 hw/diskphys/atapi.32
                0x00000000c0021efa                ATAPI::write(unsigned long long, int, void*)
                0x00000000c0021f00                ATAPI::close(int, int, void*)
                0x00000000c0021f24                ATAPI::ATAPI()
                0x00000000c0021f24                ATAPI::ATAPI()
                0x00000000c0021f52                ATAPI::readyForCommand()
                0x00000000c0021fa2                ATAPI::sendPacket(unsigned char*, int, bool, unsigned short*, int)
                0x00000000c0022262                ATAPI::diskRemoved()
                0x00000000c002227e                ATAPI::eject()
                0x00000000c00222c4                ATAPI::diskInserted()
                0x00000000c00222f2                ATAPI::detectMedia()
                0x00000000c00223ae                ATAPI::open(int, int, void*)
                0x00000000c002242e                ATAPI::read(unsigned long long, int, void*)
 *fill*         0x00000000c00224ad        0x1 
 .text          0x00000000c00224ae       0x8e hw/fpu/avx.32
                0x00000000c00224ae                AVX::open(int, int, void*)
                0x00000000c00224c0                AVX::close(int, int, void*)
                0x00000000c00224d2                AVX::available()
                0x00000000c00224e4                AVX::save(void*)
                0x00000000c00224fc                AVX::load(void*)
                0x00000000c0022514                AVX::AVX()
                0x00000000c0022514                AVX::AVX()
 .text          0x00000000c002253c       0x90 hw/fpu/mmx.32
                0x00000000c002253c                MMX::available()
                0x00000000c0022550                MMX::open(int, int, void*)
                0x00000000c0022562                MMX::close(int, int, void*)
                0x00000000c0022574                MMX::save(void*)
                0x00000000c002258c                MMX::load(void*)
                0x00000000c00225a4                MMX::MMX()
                0x00000000c00225a4                MMX::MMX()
 .text          0x00000000c00225cc       0x96 hw/fpu/sse.32
                0x00000000c00225cc                SSE::open(int, int, void*)
                0x00000000c00225de                SSE::close(int, int, void*)
                0x00000000c00225f0                SSE::available()
                0x00000000c002260a                SSE::save(void*)
                0x00000000c0022622                SSE::load(void*)
                0x00000000c002263a                SSE::SSE()
                0x00000000c002263a                SSE::SSE()
 .text          0x00000000c0022662       0x8e hw/fpu/x87.32
                0x00000000c0022662                x87::open(int, int, void*)
                0x00000000c0022674                x87::close(int, int, void*)
                0x00000000c0022686                x87::available()
                0x00000000c0022698                x87::save(void*)
                0x00000000c00226b0                x87::load(void*)
                0x00000000c00226c8                x87::x87()
                0x00000000c00226c8                x87::x87()
 .text          0x00000000c00226f0      0x71e hw/intctrl/apic.32
                0x00000000c00226f0                APIC::disable()
                0x00000000c00226f2                APIC::close(int, int, void*)
                0x00000000c0022714                IOAPIC::close(int, int, void*)
                0x00000000c002271a                APIC::io_wait()
                0x00000000c0022720                APIC::getBase()
                0x00000000c0022762                APIC::eoi(unsigned char)
                0x00000000c0022790                APIC::open(int, int, void*)
                0x00000000c00228de                IOAPIC::IOAPIC()
                0x00000000c00228de                IOAPIC::IOAPIC()
                0x00000000c0022906                APIC::APIC()
                0x00000000c0022906                APIC::APIC()
                0x00000000c00229e2                IOAPIC::handlesGSIWithNumber(unsigned int)
                0x00000000c0022a14                IOAPIC::read(int)
                0x00000000c0022a3c                IOAPIC::open(int, int, void*)
                0x00000000c0022b32                IOAPIC::write(int, int)
                0x00000000c0022b5e                IOAPIC::redirect(unsigned char, unsigned long long, unsigned char, bool, bool)
                0x00000000c0022c58                APIC::installIRQHandler(int, void (*)(regs*, void*), bool, void*)
 .text          0x00000000c0022e0e      0x3d3 hw/intctrl/pic.32
                0x00000000c0022e0e                PIC::disable()
                0x00000000c0022e3c                PIC::close(int, int, void*)
                0x00000000c0022e5e                PIC::PIC()
                0x00000000c0022e5e                PIC::PIC()
                0x00000000c0022f34                PIC::ioWait()
                0x00000000c0022f3a                PIC::getIRQReg(int)
                0x00000000c0022fa4                PIC::eoi(unsigned char)
                0x00000000c0023036                PIC::remap()
                0x00000000c00231a2                PIC::open(int, int, void*)
 *fill*         0x00000000c00231e1        0x1 
 .text          0x00000000c00231e2      0x25e hw/timer/apictimer.32
                0x00000000c00231e2                APICTimer::close(int, int, void*)
                0x00000000c00231e8                apicTimerHandler(regs*, void*)
                0x00000000c0023216                APICTimer::write(int)
                0x00000000c002331a                APICTimer::open(int, int, void*)
                0x00000000c0023418                APICTimer::APICTimer()
                0x00000000c0023418                APICTimer::APICTimer()
 .text          0x00000000c0023440      0x1a7 hw/timer/pit.32
                0x00000000c0023440                PIT::write(int)
                0x00000000c00234be                pitHandler(regs*, void*)
                0x00000000c00234ea                PIT::open(int, int, void*)
                0x00000000c0023538                PIT::close(int, int, void*)
                0x00000000c0023568                PIT::PIT()
                0x00000000c0023568                PIT::PIT()
 *fill*         0x00000000c00235e7        0x9 
 .text          0x00000000c00235f0        0xa hw/fpu/x86/avx.32
                0x00000000c00235f0                avxDetect
                0x00000000c00235f6                avxSave
                0x00000000c00235f7                avxLoad
                0x00000000c00235f8                avxInit
                0x00000000c00235f9                avxClose
 *fill*         0x00000000c00235fa        0x6 
 .text          0x00000000c0023600       0x38 hw/fpu/x86/sse.32
                0x00000000c0023600                sseDetect
                0x00000000c002361b                sseSave
                0x00000000c0023621                sseLoad
                0x00000000c0023627                sseInit
                0x00000000c0023637                sseClose
 *fill*         0x00000000c0023638        0x8 
 .text          0x00000000c0023640       0x47 hw/fpu/x86/x87.32
                0x00000000c0023646                x87Detect
                0x00000000c0023661                x87Save
                0x00000000c0023667                x87Load
                0x00000000c002366c                x87Init
                0x00000000c0023686                x87Close
 *fill*         0x00000000c0023687        0x1 
 .text          0x00000000c0023688       0x25 /cygdrive/d/Users/Alex/Desktop/Toolchain/Output/bin/../lib/gcc/i386-banana/8.1.0/crtend.o
 .text          0x00000000c00236ad        0x0 crtn.32
 *fill*         0x00000000c00236ad        0x3 
 .text          0x00000000c00236b0      0x14b /cygdrive/d/Users/Alex/Desktop/Toolchain/Output/bin/../lib/gcc/i386-banana/8.1.0/libkgcc.a(_divdi3.o)
                0x00000000c00236b0                __divdi3
 *fill*         0x00000000c00237fb        0x1 
 .text          0x00000000c00237fc      0x17e /cygdrive/d/Users/Alex/Desktop/Toolchain/Output/bin/../lib/gcc/i386-banana/8.1.0/libkgcc.a(_moddi3.o)
                0x00000000c00237fc                __moddi3
 *fill*         0x00000000c002397a        0x2 
 .text          0x00000000c002397c       0xff /cygdrive/d/Users/Alex/Desktop/Toolchain/Output/bin/../lib/gcc/i386-banana/8.1.0/libkgcc.a(_udivdi3.o)
                0x00000000c002397c                __udivdi3
 *fill*         0x00000000c0023a7b        0x1 
 .text          0x00000000c0023a7c      0x11a /cygdrive/d/Users/Alex/Desktop/Toolchain/Output/bin/../lib/gcc/i386-banana/8.1.0/libkgcc.a(_umoddi3.o)
                0x00000000c0023a7c                __umoddi3
 .text          0x00000000c0023b96      0x96d D:/Users/Alex/Desktop/Banana/kernel/libsoftfp.a(sfieeelib.o)
                0x00000000c0023b96                __addsf3
                0x00000000c0023e98                __subsf3
                0x00000000c0023eac                __negsf2
                0x00000000c0023eb9                __mulsf3
                0x00000000c002407c                __divsf3
                0x00000000c00242a7                __floatsisf
                0x00000000c002431b                __floatunsisf
                0x00000000c002435d                __fixsfsi
                0x00000000c00243bf                __fixunssfsi
                0x00000000c00243f0                __cmpsf2
                0x00000000c0024485                __eqsf2
                0x00000000c00244c0                __nesf2
                0x00000000c00244c2                __gtsf2
                0x00000000c00244fd                __gesf2
                0x00000000c00244ff                __ltsf2
                0x00000000c0024501                __lesf2
 .text          0x00000000c0024503      0xf50 D:/Users/Alex/Desktop/Banana/kernel/libsoftfp.a(dfieeelib.o)
                0x00000000c0024503                __adddf3
                0x00000000c0024b54                __subdf3
                0x00000000c0024b6f                __negdf2
                0x00000000c0024b80                __muldf3
                0x00000000c0024e64                __divdf3
                0x00000000c00251e3                __floatsidf
                0x00000000c002523e                __floatunsidf
                0x00000000c002527c                __fixdfsi
                0x00000000c00252e9                __fixunsdfsi
                0x00000000c0025325                __cmpdf2
                0x00000000c0025413                __eqdf2
                0x00000000c002542f                __nedf2
                0x00000000c0025431                __gtdf2
                0x00000000c002544d                __gedf2
                0x00000000c002544f                __ltdf2
                0x00000000c0025451                __ledf2
 .text          0x00000000c0025453      0x18d D:/Users/Alex/Desktop/Banana/kernel/libsoftfp.a(sfdfcvt.o)
                0x00000000c0025453                __truncdfsf2
                0x00000000c0025577                __extendsfdf2
 .text          0x00000000c00255e0       0x1e D:/Users/Alex/Desktop/Banana/kernel/libk/libm32.a(s_fabs.c.o)
                0x00000000c00255e0                fabs
 *fill*         0x00000000c00255fe        0x2 
 .text          0x00000000c0025600        0xc D:/Users/Alex/Desktop/Banana/kernel/libk/libm32.a(s_lrint.S.o)
                0x00000000c0025600                lrint
 .text          0x00000000c002560c        0xc D:/Users/Alex/Desktop/Banana/kernel/libk/libm32.a(s_lrintf.S.o)
                0x00000000c002560c                lrintf
 *(.gnu.linkonce.t*)

.iplt           0x00000000c0025618        0x0
 .iplt          0x00000000c0025618        0x0 D:/Users/Alex/Desktop/Banana/kernel/boot.32

.init           0x00000000c0025618        0xf
 .init          0x00000000c0025618        0x3 crti.32
                0x00000000c0025618                _init
 .init          0x00000000c002561b        0x5 /cygdrive/d/Users/Alex/Desktop/Toolchain/Output/bin/../lib/gcc/i386-banana/8.1.0/crtbegin.o
 .init          0x00000000c0025620        0x5 /cygdrive/d/Users/Alex/Desktop/Toolchain/Output/bin/../lib/gcc/i386-banana/8.1.0/crtend.o
 .init          0x00000000c0025625        0x2 crtn.32

.fini           0x00000000c0025627        0xa
 .fini          0x00000000c0025627        0x3 crti.32
                0x00000000c0025627                _fini
 .fini          0x00000000c002562a        0x5 /cygdrive/d/Users/Alex/Desktop/Toolchain/Output/bin/../lib/gcc/i386-banana/8.1.0/crtbegin.o
 .fini          0x00000000c002562f        0x2 crtn.32

.text._ZN8ComputerD2Ev
                0x00000000c0025632       0x23
 .text._ZN8ComputerD2Ev
                0x00000000c0025632       0x23 core/computer.32
                0x00000000c0025632                Computer::~Computer()
                0x00000000c0025632                Computer::~Computer()

.text._ZN8ComputerD0Ev
                0x00000000c0025656       0x2a
 .text._ZN8ComputerD0Ev
                0x00000000c0025656       0x2a core/computer.32
                0x00000000c0025656                Computer::~Computer()

.text._Z10idleCommonv
                0x00000000c0025680       0x15
 .text._Z10idleCommonv
                0x00000000c0025680       0x15 core/idle.32
                0x00000000c0025680                idleCommon()

.text._ZN10LinkedListI8UnixFileED2Ev
                0x00000000c0025696        0x2
 .text._ZN10LinkedListI8UnixFileED2Ev
                0x00000000c0025696        0x2 core/unixfile.32
                0x00000000c0025696                LinkedList<UnixFile>::~LinkedList()
                0x00000000c0025696                LinkedList<UnixFile>::~LinkedList()

.text._ZN10LinkedListI8UnixFileEC2Ev
                0x00000000c0025698       0x58
 .text._ZN10LinkedListI8UnixFileEC2Ev
                0x00000000c0025698       0x58 core/unixfile.32
                0x00000000c0025698                LinkedList<UnixFile>::LinkedList()
                0x00000000c0025698                LinkedList<UnixFile>::LinkedList()

.text._ZN10LinkedListI8UnixFileE10addElementEPS0_
                0x00000000c00256f0       0xd3
 .text._ZN10LinkedListI8UnixFileE10addElementEPS0_
                0x00000000c00256f0       0xd3 core/unixfile.32
                0x00000000c00256f0                LinkedList<UnixFile>::addElement(UnixFile*)

.text._ZN10LinkedListI8UnixFileE15getFirstElementEv
                0x00000000c00257c4        0x7
 .text._ZN10LinkedListI8UnixFileE15getFirstElementEv
                0x00000000c00257c4        0x7 core/unixfile.32
                0x00000000c00257c4                LinkedList<UnixFile>::getFirstElement()

.text._ZN10LinkedListI8UnixFileE11removeFirstEv
                0x00000000c00257cc       0xa1
 .text._ZN10LinkedListI8UnixFileE11removeFirstEv
                0x00000000c00257cc       0xa1 core/unixfile.32
                0x00000000c00257cc                LinkedList<UnixFile>::removeFirst()

.text._ZN10LinkedListI8UnixFileE7getNextEPS0_
                0x00000000c002586e        0x8
 .text._ZN10LinkedListI8UnixFileE7getNextEPS0_
                0x00000000c002586e        0x8 core/unixfile.32
                0x00000000c002586e                LinkedList<UnixFile>::getNext(UnixFile*)

.text._ZN16DriverlessDeviceD2Ev
                0x00000000c0025876       0x1a
 .text._ZN16DriverlessDeviceD2Ev
                0x00000000c0025876       0x1a hal/device.32
                0x00000000c0025876                DriverlessDevice::~DriverlessDevice()
                0x00000000c0025876                DriverlessDevice::~DriverlessDevice()

.text._ZN16DriverlessDeviceD0Ev
                0x00000000c0025890       0x2a
 .text._ZN16DriverlessDeviceD0Ev
                0x00000000c0025890       0x2a hal/device.32
                0x00000000c0025890                DriverlessDevice::~DriverlessDevice()

.text._ZN10LinkedListI6DeviceE10addElementEPS0_
                0x00000000c00258ba       0xdc
 .text._ZN10LinkedListI6DeviceE10addElementEPS0_
                0x00000000c00258ba       0xdc hal/device.32
                0x00000000c00258ba                LinkedList<Device>::addElement(Device*)

.text._ZN10LinkedListI6DeviceEC2Ev
                0x00000000c0025996       0x58
 .text._ZN10LinkedListI6DeviceEC2Ev
                0x00000000c0025996       0x58 hal/device.32
                0x00000000c0025996                LinkedList<Device>::LinkedList()
                0x00000000c0025996                LinkedList<Device>::LinkedList()

.text._ZN10LinkedListIV18ThreadControlBlockE15getFirstElementEv
                0x00000000c00259ee        0x7
 .text._ZN10LinkedListIV18ThreadControlBlockE15getFirstElementEv
                0x00000000c00259ee        0x7 hal/timer.32
                0x00000000c00259ee                LinkedList<ThreadControlBlock volatile>::getFirstElement()

.text._ZN10LinkedListIV18ThreadControlBlockE7isEmptyEv
                0x00000000c00259f6       0x1c
 .text._ZN10LinkedListIV18ThreadControlBlockE7isEmptyEv
                0x00000000c00259f6       0x1c hal/timer.32
                0x00000000c00259f6                LinkedList<ThreadControlBlock volatile>::isEmpty()

.text._ZN10LinkedListIV18ThreadControlBlockE11removeFirstEv
                0x00000000c0025a12       0xae
 .text._ZN10LinkedListIV18ThreadControlBlockE11removeFirstEv
                0x00000000c0025a12       0xae hal/timer.32
                0x00000000c0025a12                LinkedList<ThreadControlBlock volatile>::removeFirst()

.text._ZN10LinkedListIV18ThreadControlBlockE10addElementEPS1_
                0x00000000c0025ac0       0xd3
 .text._ZN10LinkedListIV18ThreadControlBlockE10addElementEPS1_
                0x00000000c0025ac0       0xd3 hal/timer.32
                0x00000000c0025ac0                LinkedList<ThreadControlBlock volatile>::addElement(ThreadControlBlock volatile*)

.text._ZN4ACPID2Ev
                0x00000000c0025b94       0x23
 .text._ZN4ACPID2Ev
                0x00000000c0025b94       0x23 hw/acpi.32
                0x00000000c0025b94                ACPI::~ACPI()
                0x00000000c0025b94                ACPI::~ACPI()

.text._ZN4ACPID0Ev
                0x00000000c0025bb8       0x2a
 .text._ZN4ACPID0Ev
                0x00000000c0025bb8       0x2a hw/acpi.32
                0x00000000c0025bb8                ACPI::~ACPI()

.text._ZN3CPUD2Ev
                0x00000000c0025be2       0x23
 .text._ZN3CPUD2Ev
                0x00000000c0025be2       0x23 hw/cpu.32
                0x00000000c0025be2                CPU::~CPU()
                0x00000000c0025be2                CPU::~CPU()

.text._ZN3CPUD0Ev
                0x00000000c0025c06       0x2a
 .text._ZN3CPUD0Ev
                0x00000000c0025c06       0x2a hw/cpu.32
                0x00000000c0025c06                CPU::~CPU()
