Archive member included to satisfy reference by file (symbol)

/cygdrive/d/Users/Alex/Desktop/Toolchain/Output/bin/../lib/gcc/i386-banana/8.1.0/libgcc.a(_divdi3.o)
                              fs/fat/ff.32 (__divdi3)
/cygdrive/d/Users/Alex/Desktop/Toolchain/Output/bin/../lib/gcc/i386-banana/8.1.0/libgcc.a(_moddi3.o)
                              acpica/osl.32 (__moddi3)
/cygdrive/d/Users/Alex/Desktop/Toolchain/Output/bin/../lib/gcc/i386-banana/8.1.0/libgcc.a(_udivdi3.o)
                              fs/fat/ff.32 (__udivdi3)
/cygdrive/d/Users/Alex/Desktop/Toolchain/Output/bin/../lib/gcc/i386-banana/8.1.0/libgcc.a(_umoddi3.o)
                              core/elf.32 (__umoddi3)
D:/Users/Alex/Desktop/Banana/kernel/libk/libm32.a(s_fabs.c.o)
                              hal/libresample/samplerate.32 (fabs)
D:/Users/Alex/Desktop/Banana/kernel/libk/libm32.a(s_lrint.S.o)
                              hal/libresample/samplerate.32 (lrint)
D:/Users/Alex/Desktop/Banana/kernel/libk/libm32.a(s_lrintf.S.o)
                              hal/sound/sndhw.32 (lrintf)

Discarded input sections

 .comment       0x0000000000000000       0x12 /cygdrive/d/Users/Alex/Desktop/Toolchain/Output/bin/../lib/gcc/i386-banana/8.1.0/crtbegin.o
 .comment       0x0000000000000000       0x12 acpica/utclib.32
 .comment       0x0000000000000000       0x12 core/malloc.32
 .comment       0x0000000000000000       0x12 libk/string.32
 .comment       0x0000000000000000       0x12 fs/fat/diskio.32
 .comment       0x0000000000000000       0x12 fs/fat/ff.32
 .comment       0x0000000000000000       0x12 fs/fat/ffsystem.32
 .comment       0x0000000000000000       0x12 fs/fat/ffunicode.32
 .comment       0x0000000000000000       0x12 hal/libresample/samplerate.32
 .comment       0x0000000000000000       0x12 hal/libresample/src_linear.32
 .comment       0x0000000000000000       0x12 hal/libresample/src_sinc.32
 .comment       0x0000000000000000       0x12 hal/libresample/src_zoh.32
 .comment       0x0000000000000000       0x12 acpica/osl.32
 .group         0x0000000000000000       0x14 core/computer.32
 .group         0x0000000000000000        0xc core/computer.32
 .comment       0x0000000000000000       0x12 core/computer.32
 .comment       0x0000000000000000       0x12 core/elf.32
 .comment       0x0000000000000000       0x12 core/gdt.32
 .group         0x0000000000000000        0xc core/idle.32
 .comment       0x0000000000000000       0x12 core/idle.32
 .comment       0x0000000000000000       0x12 core/idt.32
 .comment       0x0000000000000000       0x12 core/kconsole.32
 .comment       0x0000000000000000       0x12 core/kheap.32
 .comment       0x0000000000000000       0x12 core/main.32
 .comment       0x0000000000000000       0x12 core/physmgr.32
 .group         0x0000000000000000        0xc core/pipe.32
 .comment       0x0000000000000000       0x12 core/pipe.32
 .group         0x0000000000000000        0x8 core/prcssthr.32
 .group         0x0000000000000000        0x8 core/prcssthr.32
 .group         0x0000000000000000        0xc core/prcssthr.32
 .group         0x0000000000000000        0xc core/prcssthr.32
 .group         0x0000000000000000        0x8 core/prcssthr.32
 .group         0x0000000000000000        0xc core/prcssthr.32
 .group         0x0000000000000000        0x8 core/prcssthr.32
 .group         0x0000000000000000        0x8 core/prcssthr.32
 .comment       0x0000000000000000       0x12 core/prcssthr.32
 .comment       0x0000000000000000       0x12 core/syscalls.32
 .group         0x0000000000000000        0xc core/terminal.32
 .comment       0x0000000000000000       0x12 core/terminal.32
 .comment       0x0000000000000000       0x12 core/tss.32
 .group         0x0000000000000000        0x8 core/unixfile.32
 .group         0x0000000000000000        0xc core/unixfile.32
 .group         0x0000000000000000        0x8 core/unixfile.32
 .group         0x0000000000000000        0xc core/unixfile.32
 .group         0x0000000000000000        0x8 core/unixfile.32
 .group         0x0000000000000000        0xc core/unixfile.32
 .group         0x0000000000000000        0xc core/unixfile.32
 .group         0x0000000000000000        0xc core/unixfile.32
 .comment       0x0000000000000000       0x12 core/unixfile.32
 .comment       0x0000000000000000       0x12 core/virtmgr.32
 .comment       0x0000000000000000       0x12 coreobjs/c++.32
 .group         0x0000000000000000        0xc fs/vfs.32
 .group         0x0000000000000000        0xc fs/vfs.32
 .group         0x0000000000000000        0xc fs/vfs.32
 .comment       0x0000000000000000       0x12 fs/vfs.32
 .group         0x0000000000000000        0xc hal/bus.32
 .comment       0x0000000000000000       0x12 hal/bus.32
 .group         0x0000000000000000        0xc hal/buzzer.32
 .comment       0x0000000000000000       0x12 hal/buzzer.32
 .group         0x0000000000000000        0xc hal/clock.32
 .comment       0x0000000000000000       0x12 hal/clock.32
[...]
Memory Configuration

Name             Origin             Length             Attributes
*default*        0x0000000000000000 0xffffffffffffffff

Linker script and memory map

LOAD D:/Users/Alex/Desktop/Banana/kernel/boot.32
LOAD crti.32
LOAD /cygdrive/d/Users/Alex/Desktop/Toolchain/Output/bin/../lib/gcc/i386-banana/8.1.0/crtbegin.o
LOAD D:/Users/Alex/Desktop/Banana/kernel/morenasm.32
LOAD acpica/utclib.32
LOAD core/malloc.32
LOAD libk/string.32
LOAD fs/fat/diskio.32
LOAD fs/fat/ff.32
LOAD fs/fat/ffsystem.32
LOAD fs/fat/ffunicode.32
LOAD hal/libresample/samplerate.32
LOAD hal/libresample/src_linear.32
LOAD hal/libresample/src_sinc.32
LOAD hal/libresample/src_zoh.32
LOAD acpica/osl.32
LOAD core/computer.32
LOAD core/elf.32
LOAD core/gdt.32
LOAD core/idle.32
LOAD core/idt.32
LOAD core/kconsole.32
LOAD core/kheap.32
LOAD core/main.32
LOAD core/physmgr.32
LOAD core/pipe.32
LOAD core/prcssthr.32
LOAD core/syscalls.32
LOAD core/terminal.32
LOAD core/tss.32
LOAD core/unixfile.32
LOAD core/virtmgr.32
LOAD coreobjs/c++.32
LOAD fs/vfs.32
LOAD hal/bus.32
LOAD hal/buzzer.32
LOAD hal/clock.32
LOAD hal/device.32
LOAD hal/diskctrl.32
LOAD hal/diskphys.32
LOAD hal/fpu.32
LOAD hal/intctrl.32
LOAD hal/keybrd.32
LOAD hal/logidisk.32
LOAD hal/partition.32
LOAD hal/timer.32
LOAD hal/vcache.32
LOAD hw/acpi.32
LOAD hw/cpu.32
LOAD hw/ports.32
LOAD registry/registry.32
LOAD syscalls/sc_exit.32
LOAD syscalls/sc_sbrk.32
LOAD syscalls/sc_yield.32
LOAD vm86/vm8086.32
LOAD fs/fat/vfslink.32
LOAD fs/iso9660/vfslink.32
LOAD hal/sound/sndchannel.32
LOAD hal/sound/sndhw.32
LOAD hw/audio/sb16.32
LOAD hw/bus/isa.32
LOAD hw/bus/pci.32
LOAD hw/bus/ps2.32
LOAD hw/bus/ps2port.32
LOAD hw/buzzer/pcspk.32
LOAD hw/clock/rtc.32
LOAD hw/diskctrl/ide.32
LOAD hw/diskphys/ata.32
LOAD hw/diskphys/atapi.32
LOAD hw/dma/isadma.32
LOAD hw/fpu/avx.32
LOAD hw/fpu/mmx.32
LOAD hw/fpu/sse.32
LOAD hw/fpu/x87.32
LOAD hw/intctrl/apic.32
LOAD hw/intctrl/pic.32
LOAD hw/keybrd/ps2key.32
LOAD hw/timer/apictimer.32
LOAD hw/timer/pit.32
LOAD hw/fpu/x86/avx.32
LOAD hw/fpu/x86/sse.32
LOAD hw/fpu/x86/x87.32
LOAD /cygdrive/d/Users/Alex/Desktop/Toolchain/Output/bin/../lib/gcc/i386-banana/8.1.0/crtend.o
LOAD crtn.32
LOAD /cygdrive/d/Users/Alex/Desktop/Toolchain/Output/bin/../lib/gcc/i386-banana/8.1.0/libgcc.a
LOAD D:/Users/Alex/Desktop/Banana/kernel/libk/libm32.a
                0x00000000c0000000                . = 0xc0000000

.text           0x00000000c0000000    0x28968
 *(.text)
 .text          0x00000000c0000000       0x39 D:/Users/Alex/Desktop/Banana/kernel/boot.32
                0x00000000c000001e                callGlobalConstructors
 .text          0x00000000c0000039        0x0 crti.32
 *fill*         0x00000000c0000039        0x3 
 .text          0x00000000c000003c      0x101 /cygdrive/d/Users/Alex/Desktop/Toolchain/Output/bin/../lib/gcc/i386-banana/8.1.0/crtbegin.o
 *fill*         0x00000000c000013d        0x3 
 .text          0x00000000c0000140      0x54f D:/Users/Alex/Desktop/Banana/kernel/morenasm.32
                0x00000000c0000140                doTPAUSE
                0x00000000c000014a                hasLegacyFPU
                0x00000000c000017c                is486
                0x00000000c00001e4                goToVM86
                0x00000000c0000215                goToUsermode
                0x00000000c0000240                switchToThreadASMFirstTime
                0x00000000c000024e                switchToThreadASM
                0x00000000c00002f0                detectCPUID
                0x00000000c0000306                asmQuickAcquireLock
                0x00000000c0000324                asmQuickReleaseLock
                0x00000000c0000330                asmAcquireLock
                0x00000000c0000351                asmReleaseLock
                0x00000000c0000364                loadGDT
                0x00000000c0000384                isr0
                0x00000000c0000394                isr1
                0x00000000c00003a4                isr2
                0x00000000c00003b4                isr3
                0x00000000c00003c4                isr4
                0x00000000c00003d4                isr5
                0x00000000c00003e4                isr6
                0x00000000c00003f4                isr7
                0x00000000c0000404                isr8
                0x00000000c000040f                isr9
                0x00000000c000041f                isr10
                0x00000000c000042a                isr11
                0x00000000c0000435                isr12
                0x00000000c0000440                isr13
                0x00000000c000044b                isr14
                0x00000000c0000456                isr15
                0x00000000c0000466                isr16
                0x00000000c0000476                isr17
                0x00000000c0000486                isr18
                0x00000000c0000496                isr96
                0x00000000c00004a6                irq0
                0x00000000c00004b6                irq1
                0x00000000c00004c6                irq2
                0x00000000c00004d6                irq3
                0x00000000c00004e6                irq4
                0x00000000c00004f6                irq5
                0x00000000c0000506                irq6
                0x00000000c0000516                irq7
                0x00000000c0000526                irq8
                0x00000000c0000536                irq9
                0x00000000c0000546                irq10
                0x00000000c0000556                irq11
                0x00000000c0000566                irq12
                0x00000000c0000576                irq13
                0x00000000c0000586                irq14
                0x00000000c0000596                irq15
                0x00000000c00005a6                irq16
                0x00000000c00005b6                irq17
                0x00000000c00005c6                irq18
                0x00000000c00005d6                irq19
                0x00000000c00005e6                irq20
                0x00000000c00005f6                irq21
                0x00000000c0000606                irq22
                0x00000000c0000616                irq23
                0x00000000c0000626                int_common_stub
                0x00000000c0000656                syscall_common_stub
 .text          0x00000000c000068f      0x7bd acpica/utclib.32
                0x00000000c000068f                memcmp
                0x00000000c00006f3                memmove
                0x00000000c0000778                memcpy
                0x00000000c0000802                memset
                0x00000000c0000832                strlen
                0x00000000c0000859                strpbrk
                0x00000000c00008a3                strtok
                0x00000000c000093c                strcpy
                0x00000000c0000976                strncpy
                0x00000000c00009d8                strcmp
                0x00000000c0000a1c                strchr
                0x00000000c0000a45                strncmp
                0x00000000c0000aa5                strcat
                0x00000000c0000aef                strncat
                0x00000000c0000b59                strstr
                0x00000000c0000bb6                toupper
                0x00000000c0000bd8                tolower
                0x00000000c0000bfa                simple_strtoul
 .text          0x00000000c0000e4c      0xfd0 core/malloc.32
                0x00000000c0000fb7                dlfree
                0x00000000c0001314                dlmalloc
                0x00000000c0001860                dlrealloc
                0x00000000c0001a15                dlmemalign
                0x00000000c0001b38                dlcalloc
                0x00000000c0001bd2                dlcfree
                0x00000000c0001bd7                dlindependent_calloc
                0x00000000c0001bfc                dlindependent_comalloc
                0x00000000c0001c13                dlvalloc
                0x00000000c0001c3e                dlpvalloc
                0x00000000c0001c74                dlmalloc_trim
                0x00000000c0001c81                dlmalloc_usable_size
                0x00000000c0001cb2                dlmallinfo
                0x00000000c0001d81                dlmalloc_stats
                0x00000000c0001d92                dlmallopt
 .text          0x00000000c0001e1c        0x0 libk/string.32
 .text          0x00000000c0001e1c       0x51 fs/fat/diskio.32
                0x00000000c0001e1c                disk_status
                0x00000000c0001e1f                disk_initialize
                0x00000000c0001e22                disk_read
                0x00000000c0001e38                disk_write
                0x00000000c0001e4e                disk_ioctl
 .text          0x00000000c0001e6d     0x681b fs/fat/ff.32
                0x00000000c0005136                f_mount
                0x00000000c0005194                f_open
                0x00000000c00055cc                f_read
                0x00000000c000584c                f_write
                0x00000000c0005b06                f_sync
                0x00000000c0005cde                f_close
                0x00000000c0005d0d                f_lseek
                0x00000000c00061c4                f_opendir
                0x00000000c00062c6                f_closedir
                0x00000000c00062e8                f_readdir
                0x00000000c0006383                f_stat
                0x00000000c0006412                f_getfree
                0x00000000c00065dd                f_truncate
                0x00000000c00066d5                f_unlink
                0x00000000c0006859                f_mkdir
                0x00000000c0006a85                f_rename
                0x00000000c0006d74                f_chmod
                0x00000000c0006e52                f_utime
                0x00000000c0006f30                f_getlabel
                0x00000000c000711e                f_setlabel
                0x00000000c0007387                f_forward
                0x00000000c0007565                f_mkfs
 .text          0x00000000c0008688       0x2d fs/fat/ffsystem.32
                0x00000000c0008688                ff_memalloc
                0x00000000c000869e                ff_memfree
 .text          0x00000000c00086b5      0x253 fs/fat/ffunicode.32
                0x00000000c00086b5                ff_uni2oem
                0x00000000c0008745                ff_oem2uni
                0x00000000c00087b1                ff_wtoupper
 .text          0x00000000c0008908      0xc07 hal/libresample/samplerate.32
                0x00000000c000894c                src_delete
                0x00000000c00089a7                src_process
                0x00000000c0008b96                src_callback_read
                0x00000000c0008dd0                src_set_ratio
                0x00000000c0008e42                src_get_channels
                0x00000000c0008e83                src_reset
                0x00000000c0008ef5                src_get_name
                0x00000000c0008f61                src_get_description
                0x00000000c0008fcd                src_get_version
                0x00000000c0008fd3                src_is_valid_ratio
                0x00000000c0009009                src_error
                0x00000000c000901e                src_strerror
                0x00000000c00090cf                src_short_to_float_array
                0x00000000c0009121                src_float_to_short_array
                0x00000000c00091d1                src_int_to_float_array
                0x00000000c0009222                src_float_to_int_array
                0x00000000c0009342                src_new
                0x00000000c0009416                src_callback_new
                0x00000000c00094aa                src_simple
 .text          0x00000000c000950f      0x7bb hal/libresample/src_linear.32
                0x00000000c0009bcb                linear_get_name
                0x00000000c0009bde                linear_get_description
                0x00000000c0009bf1                linear_set_converter
 .text          0x00000000c0009cca     0x3a11 hal/libresample/src_sinc.32
                0x00000000c000b704                sinc_get_name
                0x00000000c000b731                sinc_get_description
                0x00000000c000b760                sinc_set_converter
 .text          0x00000000c000d6db      0x743 hal/libresample/src_zoh.32
                0x00000000c000dd1f                zoh_get_name
                0x00000000c000dd32                zoh_get_description
                0x00000000c000dd45                zoh_set_converter
 .text          0x00000000c000de1e      0xff1 acpica/osl.32
                0x00000000c000de1e                Subhandler
                0x00000000c000de5a                isblank
                0x00000000c000de72                iscntrl
                0x00000000c000de8a                isdigit
                0x00000000c000dea2                islower
                0x00000000c000deba                isspace
                0x00000000c000dedb                isupper
                0x00000000c000def3                isalpha
                0x00000000c000df1d                isalnum
                0x00000000c000df47                ispunct
                0x00000000c000df81                isgraph
                0x00000000c000dfab                isprint
                0x00000000c000dfcc                isxdigit
                0x00000000c000e002                AcpiOsInitialize
                0x00000000c000e008                AcpiOsTerminate
                0x00000000c000e00e                AcpiOsGetRootPointer
                0x00000000c000e03d                AcpiOsPredefinedOverride
                0x00000000c000e061                AcpiOsTableOverride
                0x00000000c000e071                AcpiOsPhysicalTableOverride
                0x00000000c000e088                AcpiOsReadPort
                0x00000000c000e119                AcpiOsWritePort
                0x00000000c000e1a4                AcpiOsGetTimer
                0x00000000c000e1c4                AcpiOsWaitEventsComplete
                0x00000000c000e1dc                AcpiOsReadPciConfiguration
                0x00000000c000e2a4                AcpiOsWritePciConfiguration
                0x00000000c000e386                AcpiOsSignal
                0x00000000c000e3bc                AcpiOsReadMemory
                0x00000000c000e488                AcpiOsEnterSleep
                0x00000000c000e49b                AcpiOsWriteMemory
                0x00000000c000e54f                AcpiOsMapMemory
                0x00000000c000e5e6                AcpiOsUnmapMemory
                0x00000000c000e5e8                AcpiOsGetPhysicalAddress
                0x00000000c000e618                AcpiOsAllocate
                0x00000000c000e636                AcpiOsFree
                0x00000000c000e64d                AcpiOsReadable
                0x00000000c000e666                AcpiOsWritable
                0x00000000c000e67f                AcpiOsGetThreadId
                0x00000000c000e68a                AcpiOsExecute
                0x00000000c000e6a6                AcpiOsSleep
                0x00000000c000e6ec                AcpiOsStall
                0x00000000c000e746                AcpiOsCreateSemaphore
                0x00000000c000e78d                AcpiOsDeleteSemaphore
                0x00000000c000e7aa                AcpiOsWaitSemaphore
                0x00000000c000e87e                AcpiOsSignalSemaphore
                0x00000000c000e8a7                AcpiOsCreateLock
                0x00000000c000e8d4                AcpiOsDeleteLock
                0x00000000c000e8d6                AcpiOsAcquireLock
                0x00000000c000e8ec                AcpiOsReleaseLock
                0x00000000c000e907                AcpiOsInstallInterruptHandler
                0x00000000c000e966                AcpiOsRemoveInterruptHandler
                0x00000000c000e982                __i__int_str
                0x00000000c000ed3f                __i_displayCharacter
                0x00000000c000ed95                __i_displayString
                0x00000000c000ede6                __i_internal_printf
                0x00000000c000edec                AcpiOsVprintf
                0x00000000c000edee                AcpiOsPrintf
 *fill*         0x00000000c000ee0f        0x1 
 .text          0x00000000c000ee10      0xc10 core/computer.32
                0x00000000c000ee10                Computer::close(int, int, void*)
                0x00000000c000ee58                Computer::Computer()
                0x00000000c000ee58                Computer::Computer()
                0x00000000c000efb4                Computer::setBootMessage(char const*)
                0x00000000c000efb6                Computer::start()
                0x00000000c000f185                firstTask()
                0x00000000c000f1a0                Computer::detectFeatures()
                0x00000000c000f65e                Computer::displayFeatures()
                0x00000000c000f660                Computer::rdmsr(unsigned int)
                0x00000000c000f69c                Computer::wrmsr(unsigned int, unsigned long long)
                0x00000000c000f6dc                Computer::nmiEnabled()
                0x00000000c000f6ea                Computer::readCMOS(unsigned char)
                0x00000000c000f72e                Computer::enableNMI(bool)
                0x00000000c000f75a                Computer::open(int, int, void*)
                0x00000000c000f8b6                Computer::disableNMI()
                0x00000000c000f8d0                Computer::writeCMOS(unsigned char, unsigned char)
                0x00000000c000f920                Computer::handleNMI()
                0x00000000c000f9aa                Computer::setDiskActivityLight(int, bool)
 .text          0x00000000c000fa20      0xe65 core/elf.32
                0x00000000c000fa20                allocateMemoryForTask(Process*, File*, unsigned long, unsigned long, unsigned long)
                0x00000000c000fc9d                loadProgramIntoMemory(Process*, char const*)
                0x00000000c000fec1                runtimeReferenceHelper()
                0x00000000c000fed4                getAddressOfKernelSymbol(char const*)
                0x00000000c000ff23                loadKernelSymbolTable(char const*)
                0x00000000c00101eb                loadDriverIntoMemory(char const*, unsigned long)
                0x00000000c00107ae                loadDLL(char const*)
                0x00000000c0010877                executeDLL(unsigned long, void*)
 *fill*         0x00000000c0010885        0x3 
 .text          0x00000000c0010888      0x19f core/gdt.32
                0x00000000c0010888                GDTEntry::setBase(unsigned int)
                0x00000000c00108a4                GDTEntry::setLimit(unsigned int)
                0x00000000c00108c4                GDT::GDT()
                0x00000000c00108c4                GDT::GDT()
                0x00000000c00108da                GDT::addEntry(GDTEntry)
                0x00000000c00108fc                GDT::getNumberOfEntries()
                0x00000000c0010904                GDT::flush()
                0x00000000c0010926                GDT::setup()
 .text          0x00000000c0010a27       0x61 core/idle.32
                0x00000000c0010a27                idleFunction(void*)
 .text          0x00000000c0010a88      0x3dd core/idt.32
                0x00000000c0010a88                IDTEntry::IDTEntry(bool)
                0x00000000c0010a88                IDTEntry::IDTEntry(bool)
                0x00000000c0010af6                IDTEntry::setOffset(unsigned int)
                0x00000000c0010b0a                IDT::IDT()
                0x00000000c0010b0a                IDT::IDT()
                0x00000000c0010b0c                IDT::getPointerToInvalidOpcodeEntryForF00F()
                0x00000000c0010b14                IDT::addEntry(IDTEntry, int)
                0x00000000c0010b2e                IDT::addEntry(int, void (*)(), bool)
                0x00000000c0010b66                IDT::flush()
                0x00000000c0010b80                IDT::setup()
 .text          0x00000000c0010e65      0x6fa core/kconsole.32
                0x00000000c0010e65                stringifyxWithBase(unsigned int, char*, int)
                0x00000000c0010efc                logc(char)
                0x00000000c0010f43                logs(char*)
                0x00000000c0010f71                logWriteInt(unsigned int)
                0x00000000c0010f97                logWriteIntBase(unsigned int, int)
                0x00000000c0010fbe                kprintf(char const*, ...)
                0x00000000c0011122                panic(char const*)
 .text          0x00000000c001155f      0x185 core/kheap.32
                0x00000000c001155f                sbrk
                0x00000000c00115ef                mmap
                0x00000000c0011605                munmap
                0x00000000c001161b                liballoc_lock()
                0x00000000c001162c                liballoc_unlock()
                0x00000000c001163d                liballoc_alloc(int)
                0x00000000c0011658                liballoc_free(void*, int)
                0x00000000c0011676                realloc
                0x00000000c001168a                malloc
                0x00000000c001169a                free
                0x00000000c00116aa                rfree
                0x00000000c00116ba                calloc
 .text          0x00000000c00116e4      0x647 core/main.32
                0x00000000c00116e4                hwTextMode_loadInData(VgaText*)
                0x00000000c0011748                hwTextMode_loadInTitle(VgaText*, char*)
                0x00000000c00117aa                hwTextMode_update(VgaText*)
                0x00000000c00117ac                hwTextMode_scrollScreen(VgaText*)
                0x00000000c00118a6                hwTextMode_writeCharacter(VgaText*, char, VgaColour, VgaColour, int, int)
                0x00000000c001192d                hwTextMode_updateCursor(VgaText*)
                0x00000000c00119cc                hwTextMode_showCursor(VgaText*, bool)
                0x00000000c0011a93                hwTextMode_disableBlink(VgaText*, bool)
                0x00000000c0011b42                setupTextMode()
                0x00000000c0011b94                kernel_main
 .text          0x00000000c0011d2b      0x67d core/physmgr.32
                0x00000000c0011d2b                PhysMem::allocateDMA(unsigned long)
                0x00000000c0011e31                PhysMem::freeDMA(unsigned long, unsigned long)
                0x00000000c0011e9a                PhysMem::setPageState(unsigned long, bool)
                0x00000000c0011f21                PhysMem::getPageState(unsigned long)
                0x00000000c0011f61                PhysMem::freePage(unsigned long)
                0x00000000c0012014                PhysMem::allocatePage()
                0x00000000c0012105                PhysMem::allowSegmentToBeUsed(unsigned long, unsigned long)
                0x00000000c0012158                PhysMem::physicalMemorySetup(unsigned int)
 .text          0x00000000c00123a8      0x273 core/pipe.32
                0x00000000c00123a8                Pipe::isAtty()
                0x00000000c00123ac                Pipe::~Pipe()
                0x00000000c00123ac                Pipe::~Pipe()
                0x00000000c00123d0                Pipe::~Pipe()
                0x00000000c00123f8                Pipe::read(unsigned long long, void*, int*)
                0x00000000c00124ec                Pipe::write(unsigned long long, void*, int*)
                0x00000000c00125b4                Pipe::Pipe(int)
                0x00000000c00125b4                Pipe::Pipe(int)
 *fill*         0x00000000c001261b        0x1 
 .text          0x00000000c001261c     0x1859 core/prcssthr.32
                0x00000000c001261c                changeTSS
                0x00000000c0012654                Process::addArgs(char**)
                0x00000000c001273a                Process::Process(char const*, Process*, char**)
                0x00000000c001273a                Process::Process(char const*, Process*, char**)
                0x00000000c00128f2                Process::Process(bool, char const*, Process*, char**)
                0x00000000c00128f2                Process::Process(bool, char const*, Process*, char**)
                0x00000000c0012a75                disableIRQs()
                0x00000000c0012a83                getIRQNestingLevel()
                0x00000000c0012a89                enableIRQs()
                0x00000000c0012aa0                lockScheduler()
                0x00000000c0012aae                unlockScheduler()
                0x00000000c0012abc                userModeEntryPoint(void*)
                0x00000000c0012ae7                lockStuff()
                0x00000000c0012b00                taskStartupFunction
                0x00000000c0012b0b                updateTimeUsed()
                0x00000000c0012ba4                switchToThread(ThreadControlBlock*)
                0x00000000c0012c0e                Semaphore::Semaphore(int)
                0x00000000c0012c0e                Semaphore::Semaphore(int)
                0x00000000c0012c3c                Mutex::Mutex()
                0x00000000c0012c3c                Mutex::Mutex()
                0x00000000c0012c4e                Process::createThread(void (*)(void*), void*, int)
                0x00000000c0012e66                Process::createUserThread()
                0x00000000c0012e85                setupMultitasking(void (*)())
                0x00000000c0012ff4                schedule()
                0x00000000c00130a0                unlockStuff()
                0x00000000c00130da                forkProcess(regs*)
                0x00000000c00132e2                Semaphore::tryAcquire()
                0x00000000c001331e                Semaphore::assertLocked(char const*)
                0x00000000c001334e                blockTaskWithSchedulerLockAlreadyHeld(TaskState)
                0x00000000c001339a                blockTask(TaskState)
                0x00000000c00133bf                waitTask(int, int*, int)
                0x00000000c001341c                nanoSleepUntil(unsigned long long)
                0x00000000c001348a                nanoSleep(unsigned long long)
                0x00000000c00134c6                sleep(unsigned long long)
                0x00000000c0013506                Semaphore::acquire()
                0x00000000c001358a                execveProcess(char const*, char* const*, char* const*)
                0x00000000c001364c                taskReturned
                0x00000000c001368e                unblockTask(ThreadControlBlock*)
                0x00000000c0013763                cleanupTerminatedTask(ThreadControlBlock*)
                0x00000000c0013c3a                cleanerTaskFunction(void*)
                0x00000000c0013cd4                terminateTask(int)
                0x00000000c0013d70                Semaphore::release()
 .text          0x00000000c0013e75     0x15ba core/syscalls.32
                0x00000000c0013e75                sysCallGetPID(regs*)
                0x00000000c0013e83                sysCallSeekDir(regs*)
                0x00000000c0013e8e                sysCallTellDir(regs*)
                0x00000000c0013e99                sysCallVerify(regs*)
                0x00000000c0013ea9                sysCallGetArgc(regs*)
                0x00000000c0013ebb                sysFormatDisk(regs*)
                0x00000000c0013f6b                sysSetDiskVolumeLabel(regs*)
                0x00000000c0013ffd                sysGetDiskVolumeLabel(regs*)
                0x00000000c00140aa                sysShutdown(regs*)
                0x00000000c0014117                sysCallWrite(regs*)
                0x00000000c00141b1                sysCallRead(regs*)
                0x00000000c001424b                sysCallReadDir(regs*)
                0x00000000c0014305                sysCallIsATTY(regs*)
                0x00000000c0014370                sysCallGetCwd(regs*)
                0x00000000c00143a1                sysCallSetCwd(regs*)
                0x00000000c00143c9                sysCallRealpath(regs*)
                0x00000000c001442a                sysCallOpen(regs*)
                0x00000000c00145d8                sysCallSeek(regs*)
                0x00000000c001464d                sysCallTell(regs*)
                0x00000000c00146bc                sysCallSizeFromFilename(regs*)
                0x00000000c0014776                sysCallSize(regs*)
                0x00000000c00147eb                sysCallClose(regs*)
                0x00000000c0014859                sysCallOpenDir(regs*)
                0x00000000c001490c                sysCallMakeDir(regs*)
                0x00000000c00149a7                sysCallCloseDir(regs*)
                0x00000000c0014a15                sysCallWait(regs*)
                0x00000000c0014a42                sysCallFork(regs*)
                0x00000000c0014a69                sysCallExecve(regs*)
                0x00000000c0014ad4                sysCallRmdir(regs*)
                0x00000000c0014b60                sysCallUnlink(regs*)
                0x00000000c0014bec                sysCallGetArgv(regs*)
                0x00000000c0014c87                sysCallTTYName(regs*)
                0x00000000c0014d40                sysCallGetEnv(regs*)
                0x00000000c0014dac                sysCallUSleep(regs*)
                0x00000000c0014e31                sysCallSpawn(regs*)
                0x00000000c0014edc                sysAppSettings(regs*)
                0x00000000c0015076                sysSetFatAttrib(regs*)
                0x00000000c0015119                sysPanic(regs*)
                0x00000000c001514d                sysPipe(regs*)
                0x00000000c00151c4                sysGetUnixTime(regs*)
                0x00000000c00151e3                string_ends_with(char const*, char const*)
                0x00000000c001523e                setupSystemCalls()
                0x00000000c00153ed                systemCall(regs*, void*)
 *fill*         0x00000000c001542f        0x1 
 .text          0x00000000c0015430      0xf53 core/terminal.32
                0x00000000c0015430                VgaText::isAtty()
                0x00000000c0015434                VgaText::~VgaText()
                0x00000000c0015434                VgaText::~VgaText()
                0x00000000c0015458                VgaText::~VgaText()
                0x00000000c0015482                VgaText::read(unsigned long long, void*, int*)
                0x00000000c00154a2                setTerminalScrollLock(bool)
                0x00000000c00154a3                addToTerminalCycle(VgaText*)
                0x00000000c00154d0                installVgaTextImplementation()
                0x00000000c00154e5                scrollTerminalScrollLock(int)
                0x00000000c00154e6                VgaText::load()
                0x00000000c001553a                VgaText::updateCursor()
                0x00000000c0015554                VgaText::showCursor(bool)
                0x00000000c0015564                VgaText::disableBlink(bool)
                0x00000000c001559e                VgaText::doANSI_SGR(int)
                0x00000000c001562a                VgaText::setDefaultBgColour(VgaColour)
                0x00000000c0015640                VgaText::setDefaultFgColour(VgaColour)
                0x00000000c0015656                VgaText::setDefaultColours(VgaColour, VgaColour)
                0x00000000c0015676                VgaText::combineColours(unsigned char, unsigned char)
                0x00000000c0015688                VgaText::scrollScreen()
                0x00000000c001571c                VgaText::combineCharAndColour(char, unsigned char)
                0x00000000c001572e                VgaText::writeCharacter(char, VgaColour, VgaColour, int, int)
                0x00000000c001578e                VgaText::getCursorX()
                0x00000000c001579a                VgaText::getCursorY()
                0x00000000c00157a6                VgaText::setCursor(int, int)
                0x00000000c00157c4                VgaText::setCursorX(int)
                0x00000000c00157e0                VgaText::setCursorY(int)
                0x00000000c00157fc                VgaText::incrementCursor(bool)
                0x00000000c0015864                VgaText::updateRAMUsageDisplay(int)
                0x00000000c00158be                VgaText::updateDiskUsage()
                0x00000000c0015a10                VgaText::updateTitle()
                0x00000000c0015a56                VgaText::setTitleTextColour(VgaColour)
                0x00000000c0015a66                VgaText::setTitleColour(VgaColour)
                0x00000000c0015a76                VgaText::setTitle(char*)
                0x00000000c0015a9c                VgaText::decrementCursor(bool)
                0x00000000c0015ac4                VgaText::putchar(char, VgaColour, VgaColour)
                0x00000000c0015bc0                VgaText::isShowingCursor()
                0x00000000c0015bcc                VgaText::isBlinkDisabled()
                0x00000000c0015bda                VgaText::setCursorHeight(int)
                0x00000000c0015bf8                VgaText::getCursorHeight()
                0x00000000c0015c03                setActiveTerminal(VgaText*)
                0x00000000c0015cb5                doTerminalCycle()
                0x00000000c0015cd2                VgaText::doUpdate()
                0x00000000c0015ce4                VgaText::puts(char const*, VgaColour, VgaColour)
                0x00000000c0015ea4                VgaText::clearScreen()
                0x00000000c0015f08                VgaText::putchar(char)
                0x00000000c0016022                VgaText::puts(char const*)
                0x00000000c0016048                VgaText::putx(unsigned int)
                0x00000000c0016090                VgaText::VgaText(char const*)
                0x00000000c0016090                VgaText::VgaText(char const*)
                0x00000000c0016222                VgaText::receiveKey(unsigned char)
                0x00000000c001630a                VgaText::write(unsigned long long, void*, int*)
                0x00000000c001635e                newTerminal(char*)
 *fill*         0x00000000c0016383        0x1 
 .text          0x00000000c0016384      0x106 core/tss.32
                0x00000000c0016384                TSS::TSS()
                0x00000000c0016384                TSS::TSS()
                0x00000000c0016386                TSS::setESP(unsigned long)
                0x00000000c00163a2                TSS::setup(unsigned long)
 *fill*         0x00000000c001648a        0x2 
 .text          0x00000000c001648c      0x335 core/unixfile.32
                0x00000000c001648c                ReservedFilename::isAtty()
                0x00000000c00164a2                ReservedFilename::read(unsigned long long, void*, int*)
                0x00000000c0016534                ReservedFilename::write(unsigned long long, void*, int*)
                0x00000000c00165ca                UnixFile::getFileDescriptor()
                0x00000000c00165d4                UnixFile::UnixFile(int)
                0x00000000c00165d4                UnixFile::UnixFile(int)
                0x00000000c0016610                ReservedFilename::ReservedFilename(int)
                0x00000000c0016610                ReservedFilename::ReservedFilename(int)
                0x00000000c0016638                UnixFile::~UnixFile()
                0x00000000c0016638                UnixFile::~UnixFile()
                0x00000000c00166c0                UnixFile::~UnixFile()
                0x00000000c00166e8                ReservedFilename::~ReservedFilename()
                0x00000000c00166e8                ReservedFilename::~ReservedFilename()
                0x00000000c001670c                ReservedFilename::~ReservedFilename()
                0x00000000c0016733                getFromFileDescriptor(int)
 *fill*         0x00000000c00167c1        0x1 
 .text          0x00000000c00167c2     0x121f core/virtmgr.32
                0x00000000c00167c2                VirtMem::setPageState(unsigned long, VirtMem::VirtPageState)
                0x00000000c0016851                VirtMem::getPageState(unsigned long)
                0x00000000c00168a5                VirtMem::allocateKernelVirtualPages(int)
                0x00000000c00169eb                VirtMem::virtualMemorySetup()
                0x00000000c0016a9b                VirtMem::getAKernelVAS()
                0x00000000c0016aa1                VirtMem::setupPageSwapping(int)
                0x00000000c0016c28                VAS::VAS()
                0x00000000c0016c28                VAS::VAS()
                0x00000000c0016c58                VAS::getForeignPageTableEntry(bool, unsigned long)
                0x00000000c0016caa                VAS::getPageTableEntry(unsigned long)
                0x00000000c0016ce6                VirtMem::freeKernelVirtualPages(unsigned long)
                0x00000000c0016e2c                VAS::freeAllocatedPages(unsigned long)
                0x00000000c0016e60                VAS::virtualToPhysical(unsigned long)
                0x00000000c0016e7a                VAS::mapOtherVASIn(bool, VAS*)
                0x00000000c0016ed8                VAS::~VAS()
                0x00000000c0016ed8                VAS::~VAS()
                0x00000000c001704a                VAS::mapForeignPage(bool, VAS*, unsigned long, unsigned long, int)
                0x00000000c00170fc                VAS::mapPage(unsigned long, unsigned long, int)
                0x00000000c00171c2                VAS::allocatePages(int, int)
                0x00000000c00172a6                VAS::mapRange(unsigned long, unsigned long, int, int)
                0x00000000c00172f0                VAS::VAS(VAS*)
                0x00000000c00172f0                VAS::VAS(VAS*)
                0x00000000c001764e                VAS::VAS(bool)
                0x00000000c001764e                VAS::VAS(bool)
                0x00000000c001786c                mapVASFirstTime
 .text          0x00000000c00179e1      0x120 coreobjs/c++.32
                0x00000000c00179e1                __cxa_atexit
                0x00000000c00179e7                __cxa_finalize
                0x00000000c00179e9                __stack_chk_fail
                0x00000000c0017a61                __cxa_pure_virtual
                0x00000000c0017a79                operator new(unsigned long)
                0x00000000c0017a8f                operator new[](unsigned long)
                0x00000000c0017aa5                operator delete(void*)
                0x00000000c0017abc                operator delete(void*, unsigned long)
                0x00000000c0017ad3                operator delete[](void*)
                0x00000000c0017aea                operator delete[](void*, unsigned long)
 *fill*         0x00000000c0017b01        0x3 
 .text          0x00000000c0017b04      0xb5e fs/vfs.32
                0x00000000c0017b04                File::read(unsigned long long, void*, int*)
                0x00000000c0017b5c                File::write(unsigned long long, void*, int*)
                0x00000000c0017bb4                Directory::read(unsigned long long, void*, int*)
                0x00000000c0017c0c                Directory::write(unsigned long long, void*, int*)
                0x00000000c0017c3a                File::isAtty()
                0x00000000c0017c3e                Directory::isAtty()
                0x00000000c0017c42                Filesystem::getlabel(LogicalDisk*, int, char*, unsigned int*)
                0x00000000c0017c48                Filesystem::setlabel(LogicalDisk*, int, char*)
                0x00000000c0017c50                File::~File()
                0x00000000c0017c50                File::~File()
                0x00000000c0017c74                File::~File()
                0x00000000c0017ca0                Directory::~Directory()
                0x00000000c0017ca0                Directory::~Directory()
                0x00000000c0017cc4                Directory::~Directory()
                0x00000000c0017cf0                Filesystem::Filesystem()
                0x00000000c0017cf0                Filesystem::Filesystem()
                0x00000000c0017d14                Filesystem::~Filesystem()
                0x00000000c0017d14                Filesystem::~Filesystem()
                0x00000000c0017d24                Filesystem::~Filesystem()
                0x00000000c0017d48                initVFS()
                0x00000000c0017d5e                standardiseFiles(char*, char const*, char const*)
                0x00000000c0017f08                File::File(char const*, Process*)
                0x00000000c0017f08                File::File(char const*, Process*)
                0x00000000c0017f6c                File::open(FileOpenMode)
                0x00000000c0017fca                File::close()
                0x00000000c001802a                File::seek(unsigned long long)
                0x00000000c0018080                File::tell(unsigned long long*)
                0x00000000c00180d0                File::rewind()
                0x00000000c00180e4                File::unlink()
                0x00000000c0018130                File::rename(char const*)
                0x00000000c001817e                File::chfatattr(unsigned char, unsigned char)
                0x00000000c00181da                File::exists()
                0x00000000c0018218                File::stat(unsigned long long*, bool*)
                0x00000000c0018279                getcwd(Process*, char*, int)
                0x00000000c00182a3                setcwd(Process*, char*)
                0x00000000c00183cc                Directory::Directory(char const*, Process*)
                0x00000000c00183cc                Directory::Directory(char const*, Process*)
                0x00000000c0018430                Directory::open()
                0x00000000c001848c                Directory::close()
                0x00000000c00184ec                Directory::unlink()
                0x00000000c0018538                Directory::rename(char const*)
                0x00000000c0018586                Directory::exists()
                0x00000000c00185c4                Directory::read(dirent*)
                0x00000000c0018610                Directory::create()
                0x00000000c001865c                Filesystem::chfatattr(char const*, unsigned char, unsigned char)
 .text          0x00000000c0018662       0x84 hal/bus.32
                0x00000000c0018662                Bus::Bus(char const*)
                0x00000000c0018662                Bus::Bus(char const*)
                0x00000000c0018698                Bus::~Bus()
                0x00000000c0018698                Bus::~Bus()
                0x00000000c00186bc                Bus::~Bus()
 .text          0x00000000c00186e6      0x146 hal/buzzer.32
                0x00000000c00186e6                Buzzer::Buzzer(char const*)
                0x00000000c00186e6                Buzzer::Buzzer(char const*)
                0x00000000c001872a                Buzzer::~Buzzer()
                0x00000000c001872a                Buzzer::~Buzzer()
                0x00000000c001874e                Buzzer::~Buzzer()
                0x00000000c0018778                Buzzer::stop()
                0x00000000c001878b                beepThread(void*)
                0x00000000c00187be                Buzzer::beep(int, int, bool)
 .text          0x00000000c001882c      0x433 hal/clock.32
                0x00000000c001882c                loadClockSettings()
                0x00000000c0018848                Clock::Clock(char const*)
                0x00000000c0018848                Clock::Clock(char const*)
                0x00000000c0018880                Clock::~Clock()
                0x00000000c0018880                Clock::~Clock()
                0x00000000c00188a4                Clock::~Clock()
                0x00000000c00188ce                Clock::timeInSecondsLocal()
                0x00000000c0018916                Clock::setTimeInSecondsLocal(unsigned long long)
                0x00000000c001896f                datetimeToSeconds(datetime_t)
                0x00000000c0018a96                Clock::setTimeInDatetimeLocal(datetime_t)
                0x00000000c0018af6                secondsToDatetime(unsigned long long)
                0x00000000c0018c3a                Clock::timeInDatetimeLocal()
 *fill*         0x00000000c0018c5f        0x1 
 .text          0x00000000c0018c60      0x506 hal/device.32
                0x00000000c0018c60                Device::hibernate()
                0x00000000c0018c62                Device::wake()
                0x00000000c0018c64                Device::detect()
                0x00000000c0018c66                Device::disableLegacy()
                0x00000000c0018c68                Device::powerSaving(PowerSavingLevel)
                0x00000000c0018c6a                DriverlessDevice::close(int, int, void*)
                0x00000000c0018c6e                DriverlessDevice::detect()
                0x00000000c0018c70                DriverlessDevice::open(int, int, void*)
                0x00000000c0018c84                Device::~Device()
                0x00000000c0018c84                Device::~Device()
                0x00000000c0018c94                Device::~Device()
                0x00000000c0018cbc                Device::findAndLoadDriver()
                0x00000000c0018cbe                Device::preOpenPCI(PCIDeviceInfo)
                0x00000000c0018ce4                Device::preOpenACPI(void*, char*, char*)
                0x00000000c0018d38                Device::addIRQHandler(int, void (*)(regs*, void*), bool, void*)
                0x00000000c0018d96                Device::removeIRQHandler(int, void (*)(regs*, void*), bool)
                0x00000000c0018de4                Device::addChild(Device*)
                0x00000000c0018e28                Device::removeAllChildren()
                0x00000000c0018e6e                Device::hibernateAll()
                0x00000000c0018e9e                Device::wakeAll()
                0x00000000c0018ece                Device::detectAll()
                0x00000000c0018efe                Device::disableLegacyAll()
                0x00000000c0018f2e                Device::loadDriversForAll()
                0x00000000c0018f5a                Device::closeAll()
                0x00000000c0018f90                Device::powerSavingAll(PowerSavingLevel)
                0x00000000c0018fc6                Device::setName(char const*)
                0x00000000c0018fd4                Device::Device(char const*)
                0x00000000c0018fd4                Device::Device(char const*)
                0x00000000c00190c6                Device::getName()
                0x00000000c00190d0                DriverlessDevice::DriverlessDevice(char const*)
                0x00000000c00190d0                DriverlessDevice::DriverlessDevice(char const*)
                0x00000000c00190f8                Device::addToLinkedList(LinkedList<Device>&, DeviceType)
                0x00000000c001913c                getDevicesOfType(DeviceType)
 .text          0x00000000c0019166       0x84 hal/diskctrl.32
                0x00000000c0019166                HardDiskController::HardDiskController(char const*)
                0x00000000c0019166                HardDiskController::HardDiskController(char const*)
                0x00000000c001919c                HardDiskController::~HardDiskController()
                0x00000000c001919c                HardDiskController::~HardDiskController()
                0x00000000c00191c0                HardDiskController::~HardDiskController()
 .text          0x00000000c00191ea       0xde hal/diskphys.32
                0x00000000c00191ea                PhysicalDisk::PhysicalDisk(char const*, int)
                0x00000000c00191ea                PhysicalDisk::PhysicalDisk(char const*, int)
                0x00000000c0019252                PhysicalDisk::startCache()
                0x00000000c001927a                PhysicalDisk::~PhysicalDisk()
                0x00000000c001927a                PhysicalDisk::~PhysicalDisk()
                0x00000000c001929e                PhysicalDisk::~PhysicalDisk()
 .text          0x00000000c00192c8      0x128 hal/fpu.32
                0x00000000c00192c8                FPU::FPU(char const*)
                0x00000000c00192c8                FPU::FPU(char const*)
                0x00000000c00192fe                FPU::~FPU()
                0x00000000c00192fe                FPU::~FPU()
                0x00000000c0019322                FPU::~FPU()
                0x00000000c001934c                setupFPU()
 .text          0x00000000c00193f0      0xf07 hal/intctrl.32
                0x00000000c00193f0                InterruptController::uninstallISRHandler(int, void (*)(regs*, void*))
                0x00000000c0019466                InterruptController::installISRHandler(int, void (*)(regs*, void*), void*)
                0x00000000c00194ea                doubleFault(regs*, void*)
                0x00000000c0019504                InterruptController::installIRQHandler(int, void (*)(regs*, void*), bool, void*)
                0x00000000c00195ea                InterruptController::clearAllHandlers(int, bool)
                0x00000000c001969a                InterruptController::uninstallIRQHandler(int, void (*)(regs*, void*), bool)
                0x00000000c0019767                nmiHandler(regs*, void*)
                0x00000000c0019781                int_handler
                0x00000000c00198b0                InterruptController::InterruptController(char const*)
                0x00000000c00198b0                InterruptController::InterruptController(char const*)
                0x00000000c0019956                InterruptController::~InterruptController()
                0x00000000c0019956                InterruptController::~InterruptController()
                0x00000000c001997a                InterruptController::~InterruptController()
                0x00000000c00199a4                displayDebugInfo(regs*)
                0x00000000c0019cc0                displayProgramFault(char const*)
                0x00000000c0019cfd                gpFault(regs*, void*)
                0x00000000c0019d6f                pgFault(regs*, void*)
                0x00000000c0019db3                otherISRHandler(regs*, void*)
                0x00000000c0019e05                opcodeFault(regs*, void*)
                0x00000000c0019ef2                setupInterruptController()
                0x00000000c001a2aa                InterruptController::convertLegacyIRQNumber(int)
 *fill*         0x00000000c001a2f7        0x1 
 .text          0x00000000c001a2f8      0x564 hal/keybrd.32
                0x00000000c001a2f8                sendKeyToTerminal(unsigned char)
                0x00000000c001a364                sendKeyboardToken(KeyboardToken)
                0x00000000c001a70c                clearInternalKeybuffer(VgaText*)
                0x00000000c001a741                readKeyboard(VgaText*, char*, unsigned long)
                0x00000000c001a7d2                Keyboard::Keyboard(char const*)
                0x00000000c001a7d2                Keyboard::Keyboard(char const*)
                0x00000000c001a80e                Keyboard::~Keyboard()
                0x00000000c001a80e                Keyboard::~Keyboard()
                0x00000000c001a832                Keyboard::~Keyboard()
 .text          0x00000000c001a85c      0x400 hal/logidisk.32
                0x00000000c001a85c                LogicalDisk::close(int, int, void*)
                0x00000000c001a860                LogicalDisk::~LogicalDisk()
                0x00000000c001a860                LogicalDisk::~LogicalDisk()
                0x00000000c001a884                LogicalDisk::~LogicalDisk()
                0x00000000c001a8ae                LogicalDisk::open(int, int, void*)
                0x00000000c001a8c2                LogicalDisk::absoluteToRelative(unsigned long long)
                0x00000000c001a8fa                LogicalDisk::relativeToAbsolute(unsigned long long)
                0x00000000c001a940                LogicalDisk::LogicalDisk(char const*, PhysicalDisk*, unsigned long long, unsigned long long)
                0x00000000c001a940                LogicalDisk::LogicalDisk(char const*, PhysicalDisk*, unsigned long long, unsigned long long)
                0x00000000c001a9f6                LogicalDisk::assignDriveLetter()
                0x00000000c001aaac                LogicalDisk::mount()
                0x00000000c001ab1e                LogicalDisk::unmount()
                0x00000000c001ab2e                LogicalDisk::unassignDriveLetter()
                0x00000000c001ab84                LogicalDisk::read(unsigned long long, int, void*)
                0x00000000c001abf0                LogicalDisk::write(unsigned long long, int, void*)
 .text          0x00000000c001ac5c      0x57f hal/partition.32
                0x00000000c001ac5c                makePartition(PhysicalDisk*, unsigned long long, unsigned long long)
                0x00000000c001ad5d                createPartitionsForDisk(PhysicalDisk*)
 *fill*         0x00000000c001b1db        0x1 
 .text          0x00000000c001b1dc      0x2e7 hal/timer.32
                0x00000000c001b1dc                Timer::Timer(char const*)
                0x00000000c001b1dc                Timer::Timer(char const*)
                0x00000000c001b212                Timer::~Timer()
                0x00000000c001b212                Timer::~Timer()
                0x00000000c001b236                Timer::~Timer()
                0x00000000c001b260                Timer::read()
                0x00000000c001b26b                timerHandler(unsigned long long)
                0x00000000c001b3a2                setupTimer(int)
 *fill*         0x00000000c001b4c3        0x1 
 .text          0x00000000c001b4c4      0x1a6 hal/vcache.32
                0x00000000c001b4c4                VCache::~VCache()
                0x00000000c001b4c4                VCache::~VCache()
                0x00000000c001b4d2                VCache::~VCache()
                0x00000000c001b4f6                VCache::VCache(PhysicalDisk*)
                0x00000000c001b4f6                VCache::VCache(PhysicalDisk*)
                0x00000000c001b5e6                VCache::write(unsigned long long, int, void*)
                0x00000000c001b628                VCache::read(unsigned long long, int, void*)
 .text          0x00000000c001b66a     0x1a7a hw/acpi.32
                0x00000000c001b66a                acpiGlobalEventHandler(unsigned int, void*, unsigned int, void*)
                0x00000000c001b69e                acpiWalkAscendingCallback(void*, unsigned int, void*, void**)
                0x00000000c001b6a4                acpicaShutdown()
                0x00000000c001b6d8                acpicaSleep()
                0x00000000c001b714                acpicaReset()
                0x00000000c001b722                ACPI::close(int, int, void*)
                0x00000000c001b7cb                findRSDP()
                0x00000000c001b855                loadACPITables(unsigned char*)
                0x00000000c001ba7c                findRSDT(unsigned char*)
                0x00000000c001bb9a                findDataTable(unsigned char*, char*)
                0x00000000c001bc36                scanMADT()
                0x00000000c001bfca                ACPI::ACPI()
                0x00000000c001bfca                ACPI::ACPI()
                0x00000000c001c029                acpicaSetBrightness(void*, int)
                0x00000000c001c072                ACPI::getPCIIRQAssignment(unsigned char, unsigned short, unsigned char)
                0x00000000c001c154                ACPI::registerPCIIRQAssignment(void*, unsigned short, unsigned char, unsigned char)
                0x00000000c001c219                acpiDynamicIrqCallback(acpi_resource*, void*)
                0x00000000c001c314                acpiWalkCallback(void*, unsigned int, void*, void**)
                0x00000000c001c50a                ACPI::setScreenBrightnessLevel(void*, int)
                0x00000000c001c524                acpiWalkDescendingCallback(void*, unsigned int, void*, void**)
                0x00000000c001cc62                ACPI::writeSimpleBootFlag(SimpleBootFlagTable*)
                0x00000000c001ccaa                ACPI::open(int, int, void*)
                0x00000000c001d0cc                ACPI::sleep()
 .text          0x00000000c001d0e4     0x1304 hw/cpu.32
                0x00000000c001d0e4                CPU::close(int, int, void*)
                0x00000000c001d0e7                lookupAMDCPUName(unsigned char, unsigned char)
                0x00000000c001d27b                lookupIntelCPUName(unsigned char, unsigned char)
                0x00000000c001d529                AMD_K6_write_msr(unsigned int, unsigned int, unsigned int, REGS*)
                0x00000000c001d545                AMD_K6_read_msr(unsigned int, REGS*)
                0x00000000c001d55d                AMD_K6_writeback(int, int, int)
                0x00000000c001d5d0                cpuid(int, unsigned long*, unsigned long*, unsigned long*, unsigned long*)
                0x00000000c001d653                cpuidCheckEDX(unsigned int)
                0x00000000c001d680                cpuidCheckECX(unsigned int)
                0x00000000c001d6ad                cpuidCheckExtendedEBX(unsigned int)
                0x00000000c001d6da                cpuidCheckExtendedECX(unsigned int)
                0x00000000c001d707                getCPUNumber()
                0x00000000c001d70a                thisCPU()
                0x00000000c001d720                CPU::CPU()
                0x00000000c001d720                CPU::CPU()
                0x00000000c001d7a0                CPU::displayFeatures()
                0x00000000c001d7a2                CPU::readCR0()
                0x00000000c001d7a6                CPU::detectFeatures()
                0x00000000c001e1c6                CPU::readCR2()
                0x00000000c001e1ca                CPU::readCR3()
                0x00000000c001e1ce                CPU::readCR4()
                0x00000000c001e1d2                CPU::writeCR0(unsigned long)
                0x00000000c001e1da                CPU::writeCR3(unsigned long)
                0x00000000c001e1e2                CPU::writeCR4(unsigned long)
                0x00000000c001e1ea                CPU::setupSMEP()
                0x00000000c001e204                CPU::setupUMIP()
                0x00000000c001e21c                CPU::setupTSC()
                0x00000000c001e234                CPU::setupLargePages()
                0x00000000c001e24c                CPU::setupPAT()
                0x00000000c001e288                CPU::setupMTRR()
                0x00000000c001e28a                CPU::setupGlobalPages()
                0x00000000c001e2a2                CPU::allowUsermodeDataAccess()
                0x00000000c001e2b4                CPU::prohibitUsermodeDataAccess()
                0x00000000c001e2c6                CPU::setupSMAP()
                0x00000000c001e2e6                CPU::setupFeatures()
                0x00000000c001e366                CPU::open(int, int, void*)
 .text          0x00000000c001e3e8      0x1ea hw/ports.32
                0x00000000c001e3e8                inb(unsigned short)
                0x00000000c001e405                inw(unsigned short)
                0x00000000c001e425                inl(unsigned short)
                0x00000000c001e442                insb(unsigned short, void*, unsigned long)
                0x00000000c001e475                insw(unsigned short, void*, unsigned long)
                0x00000000c001e4a9                insl(unsigned short, void*, unsigned long)
                0x00000000c001e4dc                outb(unsigned short, unsigned char)
                0x00000000c001e4fe                outw(unsigned short, unsigned short)
                0x00000000c001e520                outl(unsigned short, unsigned int)
                0x00000000c001e538                outsb(unsigned short, void const*, unsigned long)
                0x00000000c001e56b                outsw(unsigned short, void const*, unsigned long)
                0x00000000c001e59f                outsl(unsigned short, void const*, unsigned long)
 .text          0x00000000c001e5d2      0x49d registry/registry.32
                0x00000000c001e5d2                Registry::findLineFromLoadedData(char*, char*, char*)
                0x00000000c001e72a                Registry::getLineFromRegistry(char*, char*, char*, char*)
                0x00000000c001e889                Registry::getLine(char*, char*, char*)
                0x00000000c001e8c0                Registry::readInt(char*, char*, int*)
                0x00000000c001e945                Registry::readString(char*, char*, char*, int)
                0x00000000c001e9c6                Registry::readBool(char*, char*, bool*)
                0x00000000c001e9eb                Registry::readBoolWithDefault(char*, char*, bool)
                0x00000000c001ea17                Registry::readIntWithDefault(char*, char*, int)
                0x00000000c001ea43                Registry::readStringWithDefault(char*, char*, char*, int, char*)
 .text          0x00000000c001ea6f       0x18 syscalls/sc_exit.32
                0x00000000c001ea6f                sysCallExit(regs*)
 .text          0x00000000c001ea87       0x55 syscalls/sc_sbrk.32
                0x00000000c001ea87                sysCallSbrk(regs*)
 .text          0x00000000c001eadc       0x1a syscalls/sc_yield.32
                0x00000000c001eadc                sysCallYield(regs*)
 .text          0x00000000c001eaf6     0x1270 vm86/vm8086.32
                0x00000000c001eaf6                vm8086EntryPoint(void*)
                0x00000000c001eb5a                inbv(unsigned short)
                0x00000000c001eb91                outbv(unsigned short, unsigned char)
                0x00000000c001ebdf                realToLinear(unsigned short, unsigned short)
                0x00000000c001ec07                getSegment(unsigned int)
                0x00000000c001ec0f                getOffset(unsigned int)
                0x00000000c001ec14                loadVM8086FileAsThread(Process*, char const*, unsigned short, unsigned short, unsigned short, unsigned short)
                0x00000000c001eeb6                vm8086DoISR(regs*, int, unsigned char*, unsigned short, unsigned short)
                0x00000000c001efbe                readByteFromReal(unsigned short, unsigned short)
                0x00000000c001eff0                readWordFromReal(unsigned short, unsigned short)
                0x00000000c001f023                readDwordFromReal(unsigned short, unsigned short)
                0x00000000c001f055                writeByteFromReal(unsigned short, unsigned short, unsigned char)
                0x00000000c001f096                writeWordFromReal(unsigned short, unsigned short, unsigned short)
                0x00000000c001f0d7                writeDwordFromReal(unsigned short, unsigned short, unsigned int)
                0x00000000c001f10e                vm8086FaultHandler(regs*)
 .text          0x00000000c001fd66     0x1064 fs/fat/vfslink.32
                0x00000000c001fd66                FAT::getName()
                0x00000000c001fd6c                FAT::tell(void*, unsigned long long*)
                0x00000000c001fda0                FAT::stat(void*, unsigned long long*)
                0x00000000c001fdd4                FAT::exists(char const*)
                0x00000000c001fdd8                FAT::~FAT()
                0x00000000c001fdd8                FAT::~FAT()
                0x00000000c001fdfc                FAT::~FAT()
                0x00000000c001fe24                FAT::getlabel(LogicalDisk*, int, char*, unsigned int*)
                0x00000000c001fec2                FAT::setlabel(LogicalDisk*, int, char*)
                0x00000000c001ff7c                FAT::format(LogicalDisk*, int, char const*, int)
                0x00000000c0020160                FAT::tryMount(LogicalDisk*, int)
                0x00000000c0020344                FAT::readDir(void*, unsigned long, void*, int*)
                0x00000000c002044a                FAT::read(void*, unsigned long, void*, int*)
                0x00000000c00204a4                FAT::write(void*, unsigned long, void*, int*)
                0x00000000c00204fe                FAT::close(void*)
                0x00000000c002054a                FAT::closeDir(void*)
                0x00000000c0020596                FAT::seek(void*, unsigned long long)
                0x00000000c00205ea                fatWrapperReadDisk
                0x00000000c0020631                fatWrapperWriteDisk
                0x00000000c0020678                fatWrapperIoctl
                0x00000000c002077c                FAT::FAT()
                0x00000000c002077c                FAT::FAT()
                0x00000000c00207ce                FAT::fixFilepath(char*)
                0x00000000c0020806                FAT::open(char const*, void**, FileOpenMode)
                0x00000000c002092e                FAT::openDir(char const*, void**)
                0x00000000c00209d4                FAT::stat(char const*, unsigned long long*, bool*)
                0x00000000c0020abe                FAT::unlink(char const*)
                0x00000000c0020b38                FAT::chfatattr(char const*, unsigned char, unsigned char)
                0x00000000c0020c8c                FAT::rename(char const*, char const*)
                0x00000000c0020d50                FAT::mkdir(char const*)
 *fill*         0x00000000c0020dca        0x2 
 .text          0x00000000c0020dcc      0x773 fs/iso9660/vfslink.32
                0x00000000c0020dcc                ISO9660::format(LogicalDisk*, int, char const*, int)
                0x00000000c0020dd2                ISO9660::exists(char const*)
                0x00000000c0020dd6                ISO9660::seek(void*, unsigned long long)
                0x00000000c0020de2                ISO9660::tell(void*, unsigned long long*)
                0x00000000c0020e0a                ISO9660::getName()
                0x00000000c0020e10                ISO9660::stat(void*, unsigned long long*)
                0x00000000c0020e38                ISO9660::stat(char const*, unsigned long long*, bool*)
                0x00000000c0020e74                ISO9660::close(void*)
                0x00000000c0020e80                ISO9660::openDir(char const*, void**)
                0x00000000c0020e9a                ISO9660::readDir(void*, unsigned long, void*, int*)
                0x00000000c0020eb4                ISO9660::closeDir(void*)
                0x00000000c0020ec0                ISO9660::unlink(char const*)
                0x00000000c0020ecc                ISO9660::write(void*, unsigned long, void*, int*)
                0x00000000c0020eee                ISO9660::mkdir(char const*)
                0x00000000c0020efa                ISO9660::rename(char const*, char const*)
                0x00000000c0020f10                __memmem(unsigned char*, int, unsigned char*, int)
                0x00000000c0020f52                readSectorFromCDROM(unsigned int, unsigned char*, char)
                0x00000000c0020f78                ISO9660::tryMount(LogicalDisk*, int)
                0x00000000c0020fe6                ISO9660::read(void*, unsigned long, void*, int*)
                0x00000000c00211e0                readRoot(unsigned int*, unsigned int*, char)
                0x00000000c0021235                readRecursively(char*, unsigned int, unsigned int, unsigned int*, unsigned int*, char)
                0x00000000c00213e7                getFileData(char*, unsigned int*, unsigned int*, char)
                0x00000000c0021444                ISO9660::open(char const*, void**, FileOpenMode)
                0x00000000c00214d0                ISO9660::ISO9660()
                0x00000000c00214d0                ISO9660::ISO9660()
                0x00000000c00214f4                ISO9660::~ISO9660()
                0x00000000c00214f4                ISO9660::~ISO9660()
                0x00000000c0021518                ISO9660::~ISO9660()
 *fill*         0x00000000c002153f        0x1 
 .text          0x00000000c0021540      0x303 hal/sound/sndchannel.32
                0x00000000c0021540                SoundChannel::~SoundChannel()
                0x00000000c0021540                SoundChannel::~SoundChannel()
                0x00000000c002155c                SoundChannel::setSpeed(float)
                0x00000000c002156a                SoundChannel::getSpeed()
                0x00000000c0021572                SoundChannel::setVolume(int)
                0x00000000c002159e                SoundChannel::getVolume()
                0x00000000c00215a6                SoundChannel::pause()
                0x00000000c00215b0                SoundChannel::SoundChannel(int, int, int, int)
                0x00000000c00215b0                SoundChannel::SoundChannel(int, int, int, int)
                0x00000000c00216a6                SoundChannel::play()
                0x00000000c00216b0                SoundChannel::paused()
                0x00000000c00216b8                SoundChannel::getSampleRate()
                0x00000000c00216c0                SoundChannel::getBits()
                0x00000000c00216c8                SoundChannel::getBufferUsed()
                0x00000000c00216d0                SoundChannel::getBufferSize()
                0x00000000c00216d8                SoundChannel::unbuffer(float*, int, int)
                0x00000000c002179a                SoundChannel::buffer8(unsigned char*, int)
 *fill*         0x00000000c0021843        0x1 
 .text          0x00000000c0021844      0x317 hal/sound/sndhw.32
                0x00000000c0021844                SoundDevice::SoundDevice(char const*)
                0x00000000c0021844                SoundDevice::SoundDevice(char const*)
                0x00000000c00218b0                SoundDevice::~SoundDevice()
                0x00000000c00218b0                SoundDevice::~SoundDevice()
                0x00000000c002192a                SoundDevice::~SoundDevice()
                0x00000000c0021954                SoundDevice::getFreeChannelNum()
                0x00000000c002196e                SoundDevice::addChannel(SoundChannel*)
                0x00000000c00219de                SoundDevice::removeChannel(int)
                0x00000000c0021a10                SoundDevice::floatTo8(float*, unsigned char*, int)
                0x00000000c0021a7c                SoundDevice::getAudio(int, float*, float*)
 *fill*         0x00000000c0021b5b        0x1 
 .text          0x00000000c0021b5c      0xbe0 hw/audio/sb16.32
                0x00000000c0021b5c                SoundBlaster16::getNumHwChannels()
                0x00000000c0021b62                SoundBlaster16::close(int, int, void*)
                0x00000000c0021b98                sb16Demo(void*)
                0x00000000c0021d34                SoundBlaster16::resetDSP()
                0x00000000c0021e00                SoundBlaster16::DSPOut(unsigned short, unsigned char)
                0x00000000c0021e4a                SoundBlaster16::turnSpeakerOn(bool)
                0x00000000c0021ec0                SoundBlaster16::beginPlayback(int, int)
                0x00000000c002201e                SoundBlaster16::stopPlayback()
                0x00000000c0022038                SoundBlaster16::open(int, int, void*)
                0x00000000c0022528                SoundBlaster16::SoundBlaster16()
                0x00000000c0022528                SoundBlaster16::SoundBlaster16()
                0x00000000c0022598                SoundBlaster16::onInterrupt()
                0x00000000c00226a4                SoundBlaster16::handleIRQ()
                0x00000000c0022725                sb16Handler(regs*, void*)
 .text          0x00000000c002273c      0x21b hw/bus/isa.32
                0x00000000c002273c                ISA::open(int, int, void*)
                0x00000000c0022750                ISA::close(int, int, void*)
                0x00000000c0022754                ISA::doSoundblaster()
                0x00000000c0022756                ISA::doGameport()
                0x00000000c0022758                ISA::doFloppy()
                0x00000000c002275a                ISA::doATA()
                0x00000000c002275c                ISA::doSpeaker()
                0x00000000c00227b0                ISA::doPS2()
                0x00000000c00227e6                ISA::doRTC()
                0x00000000c0022840                ISA::detect()
                0x00000000c002292c                ISA::ISA()
                0x00000000c002292c                ISA::ISA()
                0x00000000c0022954                ISA::doSerial()
                0x00000000c0022956                ISA::doParallel()
 *fill*         0x00000000c0022957        0x1 
 .text          0x00000000c0022958      0x741 hw/bus/pci.32
                0x00000000c0022958                PCI::open(int, int, void*)
                0x00000000c002296c                PCI::close(int, int, void*)
                0x00000000c0022970                PCI::PCI()
                0x00000000c0022970                PCI::PCI()
                0x00000000c00229f0                PCI::pciReadWord(unsigned char, unsigned char, unsigned char, unsigned char)
                0x00000000c0022a4a                PCI::getVendorID(unsigned char, unsigned char, unsigned char)
                0x00000000c0022a6e                PCI::getHeaderType(unsigned char, unsigned char, unsigned char)
                0x00000000c0022a96                PCI::getClassCode(unsigned char, unsigned char, unsigned char)
                0x00000000c0022ae0                PCI::getProgIF(unsigned char, unsigned char, unsigned char)
                0x00000000c0022b08                PCI::getRevisionID(unsigned char, unsigned char, unsigned char)
                0x00000000c0022b2c                PCI::getInterruptNumber(unsigned char, unsigned char, unsigned char)
                0x00000000c0022b50                PCI::getSecondaryBus(unsigned char, unsigned char, unsigned char)
                0x00000000c0022b78                PCI::getBARAddress(unsigned char, unsigned char, unsigned char, unsigned char)
                0x00000000c0022bdc                PCI::pciWriteWord(unsigned char, unsigned char, unsigned char, unsigned char, unsigned short)
                0x00000000c0022c6c                PCI::checkBus(unsigned char)
                0x00000000c0022c90                PCI::foundDevice(PCIDeviceInfo)
                0x00000000c0022e00                PCI::getDeviceData(unsigned char, unsigned char, unsigned char)
                0x00000000c0022fda                PCI::checkDevice(unsigned char, unsigned char)
                0x00000000c0023046                PCI::detect()
 *fill*         0x00000000c0023099        0x3 
 .text          0x00000000c002309c      0x24b hw/bus/ps2.32
                0x00000000c002309c                PS2::close(int, int, void*)
                0x00000000c00230a0                PS2::detect()
                0x00000000c00230a4                PS2::PS2()
                0x00000000c00230a4                PS2::PS2()
                0x00000000c002317a                PS2::controllerWrite(unsigned char)
                0x00000000c0023190                PS2::controllerWrite(unsigned char, unsigned char)
                0x00000000c00231e6                PS2::controllerRead()
                0x00000000c0023226                PS2::open(int, int, void*)
 *fill*         0x00000000c00232e7        0x1 
 .text          0x00000000c00232e8      0x113 hw/bus/ps2port.32
                0x00000000c00232e8                PS2Port::open(int, int, void*)
                0x00000000c0023310                PS2Port::close(int, int, void*)
                0x00000000c0023314                PS2Port::detect()
                0x00000000c002335c                PS2Port::PS2Port()
                0x00000000c002335c                PS2Port::PS2Port()
                0x00000000c0023384                PS2Port::deviceWrite(unsigned char)
                0x00000000c00233e8                PS2Port::deviceRead()
 *fill*         0x00000000c00233fb        0x1 
 .text          0x00000000c00233fc      0x176 hw/buzzer/pcspk.32
                0x00000000c00233fc                Beep::open(int, int, void*)
                0x00000000c0023400                Beep::close(int, int, void*)
                0x00000000c0023404                Beep::start(int)
                0x00000000c002349c                Beep::Beep()
                0x00000000c002349c                Beep::Beep()
 *fill*         0x00000000c0023572        0x2 
 .text          0x00000000c0023574      0x4bb hw/clock/rtc.32
                0x00000000c0023574                RTC::open(int, int, void*)
                0x00000000c0023578                RTC::close(int, int, void*)
                0x00000000c002357c                RTC::timeInSecondsUTC()
                0x00000000c002358e                RTC::setTimeInDatetimeUTC(datetime_t)
                0x00000000c0023592                RTC::timeInDatetimeUTC()
                0x00000000c00235b8                RTC::setTimeInSecondsUTC(unsigned long long)
                0x00000000c00235f8                RTC::~RTC()
                0x00000000c00235f8                RTC::~RTC()
                0x00000000c002361c                RTC::~RTC()
                0x00000000c0023646                RTC::get_update_in_progress_flag()
                0x00000000c002365e                RTC::completeRTCRefresh()
                0x00000000c002394a                rtcIRQHandler(regs*, void*)
                0x00000000c0023990                RTC::RTC()
                0x00000000c0023990                RTC::RTC()
 *fill*         0x00000000c0023a2f        0x1 
 .text          0x00000000c0023a30      0xdcc hw/diskctrl/ide.32
                0x00000000c0023a30                IDE::close(int, int, void*)
                0x00000000c0023a34                IDE::IDE()
                0x00000000c0023a34                IDE::IDE()
                0x00000000c0023a68                IDE::prepareInterrupt(unsigned char)
                0x00000000c0023a7a                selectDrive(unsigned char, unsigned char)
                0x00000000c0023a7c                IDE::getBase(unsigned char)
                0x00000000c0023a8e                IDE::write(unsigned char, unsigned char, unsigned char)
                0x00000000c0023b80                IDE::read(unsigned char, unsigned char)
                0x00000000c0023c48                IDE::waitInterrupt(unsigned char)
                0x00000000c0023cca                ideChannel0IRQHandler(regs*, void*)
                0x00000000c0023ce6                ideChannel1IRQHandler(regs*, void*)
                0x00000000c0023d02                IDE::enableIRQs(unsigned char, bool)
                0x00000000c0023d48                IDE::open(int, int, void*)
                0x00000000c0024210                IDE::readBuffer(unsigned char, unsigned char, unsigned int, unsigned int)
                0x00000000c0024318                IDE::detect()
                0x00000000c0024600                IDE::printError(unsigned char, unsigned char, unsigned char)
                0x00000000c0024796                IDE::polling(unsigned char, unsigned int)
 .text          0x00000000c00247fc      0x633 hw/diskphys/ata.32
                0x00000000c00247fc                ATA::close(int, int, void*)
                0x00000000c0024820                ATA::powerSaving(PowerSavingLevel)
                0x00000000c0024824                ATA::ATA()
                0x00000000c0024824                ATA::ATA()
                0x00000000c0024852                ATA::flush(bool)
                0x00000000c002489c                ATA::readyForCommand()
                0x00000000c00248ec                ATA::access(unsigned long long, int, void*, bool)
                0x00000000c0024c70                ATA::read(unsigned long long, int, void*)
                0x00000000c0024cd8                ATA::write(unsigned long long, int, void*)
                0x00000000c0024d40                ATA::detectCHS()
                0x00000000c0024d6a                ATA::open(int, int, void*)
 *fill*         0x00000000c0024e2f        0x1 
 .text          0x00000000c0024e30      0x4bb hw/diskphys/atapi.32
                0x00000000c0024e30                ATAPI::write(unsigned long long, int, void*)
                0x00000000c0024e36                ATAPI::close(int, int, void*)
                0x00000000c0024e5c                ATAPI::ATAPI()
                0x00000000c0024e5c                ATAPI::ATAPI()
                0x00000000c0024e8a                ATAPI::readyForCommand()
                0x00000000c0024eda                ATAPI::sendPacket(unsigned char*, int, bool, unsigned short*, int)
                0x00000000c00251b4                ATAPI::read(unsigned long long, int, void*)
                0x00000000c0025218                ATAPI::eject()
                0x00000000c0025252                ATAPI::open(int, int, void*)
                0x00000000c00252d2                ATAPI::diskRemoved()
                0x00000000c00252de                ATAPI::diskInserted()
                0x00000000c00252ea                ATAPI::detectMedia()
 *fill*         0x00000000c00252eb        0x1 
 .text          0x00000000c00252ec      0x748 hw/dma/isadma.32
                0x00000000c00252ec                DMA::close(int, int, void*)
                0x00000000c00252f0                DMA::open(int, int, void*)
                0x00000000c002531c                DMAChannel::DMAChannel(int)
                0x00000000c002531c                DMAChannel::DMAChannel(int)
                0x00000000c0025374                DMAChannel::~DMAChannel()
                0x00000000c0025374                DMAChannel::~DMAChannel()
                0x00000000c00253a2                DMAChannel::getAddress()
                0x00000000c00253aa                DMAChannel::getChannelNum()
                0x00000000c00253b2                DMAChannel::setLength(unsigned int)
                0x00000000c00253d2                DMAChannel::setAddress(unsigned int)
                0x00000000c00253de                DMAChannel::allocateAddressAndSet(unsigned short)
                0x00000000c0025404                DMAChannel::stop()
                0x00000000c0025406                DMAChannel::mask(bool)
                0x00000000c0025436                DMAChannel::unmask()
                0x00000000c0025448                DMAChannel::setMode(unsigned char)
                0x00000000c0025494                DMAChannel::start()
                0x00000000c00255d0                DMA::DMA()
                0x00000000c00255d0                DMA::DMA()
                0x00000000c0025810                DMA::getAvailable()
                0x00000000c0025848                DMA::tryLockChannelWithBase(int)
                0x00000000c00258b6                DMA::lockChannelWithBase(int)
                0x00000000c00258d4                DMA::tryLockChannel8()
                0x00000000c00258e6                DMA::tryLockChannel16()
                0x00000000c00258f8                DMA::tryLockChannel(int)
                0x00000000c0025972                DMA::lockChannel8()
                0x00000000c0025984                DMA::lockChannel16()
                0x00000000c0025996                DMA::lockChannel(int)
                0x00000000c00259c4                DMA::unlockChannel(DMAChannel*)
 .text          0x00000000c0025a34       0x8e hw/fpu/avx.32
                0x00000000c0025a34                AVX::open(int, int, void*)
                0x00000000c0025a46                AVX::close(int, int, void*)
                0x00000000c0025a58                AVX::available()
                0x00000000c0025a6a                AVX::save(void*)
                0x00000000c0025a82                AVX::load(void*)
                0x00000000c0025a9a                AVX::AVX()
                0x00000000c0025a9a                AVX::AVX()
 .text          0x00000000c0025ac2       0x90 hw/fpu/mmx.32
                0x00000000c0025ac2                MMX::available()
                0x00000000c0025ad6                MMX::open(int, int, void*)
                0x00000000c0025ae8                MMX::close(int, int, void*)
                0x00000000c0025afa                MMX::save(void*)
                0x00000000c0025b12                MMX::load(void*)
                0x00000000c0025b2a                MMX::MMX()
                0x00000000c0025b2a                MMX::MMX()
 .text          0x00000000c0025b52       0x96 hw/fpu/sse.32
                0x00000000c0025b52                SSE::open(int, int, void*)
                0x00000000c0025b64                SSE::close(int, int, void*)
                0x00000000c0025b76                SSE::available()
                0x00000000c0025b90                SSE::save(void*)
                0x00000000c0025ba8                SSE::load(void*)
                0x00000000c0025bc0                SSE::SSE()
                0x00000000c0025bc0                SSE::SSE()
 .text          0x00000000c0025be8       0x8e hw/fpu/x87.32
                0x00000000c0025be8                x87::open(int, int, void*)
                0x00000000c0025bfa                x87::close(int, int, void*)
                0x00000000c0025c0c                x87::available()
                0x00000000c0025c1e                x87::save(void*)
                0x00000000c0025c36                x87::load(void*)
                0x00000000c0025c4e                x87::x87()
                0x00000000c0025c4e                x87::x87()
 .text          0x00000000c0025c76      0x64e hw/intctrl/apic.32
                0x00000000c0025c76                APIC::disable()
                0x00000000c0025c78                APIC::close(int, int, void*)
                0x00000000c0025c9c                IOAPIC::close(int, int, void*)
                0x00000000c0025ca2                APIC::io_wait()
                0x00000000c0025ca8                APIC::getBase()
                0x00000000c0025cec                APIC::eoi(unsigned char)
                0x00000000c0025d1e                APIC::open(int, int, void*)
                0x00000000c0025de2                IOAPIC::IOAPIC()
                0x00000000c0025de2                IOAPIC::IOAPIC()
                0x00000000c0025e0a                APIC::APIC()
                0x00000000c0025e0a                APIC::APIC()
                0x00000000c0025eda                IOAPIC::handlesGSIWithNumber(unsigned int)
                0x00000000c0025f0e                IOAPIC::read(int)
                0x00000000c0025f3a                IOAPIC::open(int, int, void*)
                0x00000000c0026034                IOAPIC::write(int, int)
                0x00000000c0026064                IOAPIC::redirect(unsigned char, unsigned long long, unsigned char)
                0x00000000c002613c                APIC::installIRQHandler(int, void (*)(regs*, void*), bool, void*)
 .text          0x00000000c00262c4      0x3d4 hw/intctrl/pic.32
                0x00000000c00262c4                PIC::close(int, int, void*)
                0x00000000c00262e8                PIC::disable()
                0x00000000c0026318                PIC::PIC()
                0x00000000c0026318                PIC::PIC()
                0x00000000c00263ee                PIC::ioWait()
                0x00000000c00263f4                PIC::getIRQReg(int)
                0x00000000c0026454                PIC::eoi(unsigned char)
                0x00000000c00264ee                PIC::remap()
                0x00000000c002665c                PIC::open(int, int, void*)
 .text          0x00000000c0026698     0x18f7 hw/keybrd/ps2key.32
                0x00000000c0026698                PS2Keyboard::setRepeatRate(int)
                0x00000000c002669a                PS2Keyboard::setRepeatDelay(int)
                0x00000000c002669c                PS2Keyboard::close(int, int, void*)
                0x00000000c00266a2                PS2Keyboard::~PS2Keyboard()
                0x00000000c00266a2                PS2Keyboard::~PS2Keyboard()
                0x00000000c00266c6                PS2Keyboard::~PS2Keyboard()
                0x00000000c00266f0                PS2Keyboard::open(int, int, void*)
                0x00000000c002675c                PS2Keyboard::PS2Keyboard()
                0x00000000c002675c                PS2Keyboard::PS2Keyboard()
                0x00000000c00267fe                PS2Keyboard::sendKey(unsigned short, bool)
                0x00000000c0026874                PS2Keyboard::sendKey(KeyboardSpecialKeys, bool)
                0x00000000c00268de                PS2Keyboard::updateKeyboardLEDs()
                0x00000000c0026984                PS2Keyboard::handler()
                0x00000000c0027f78                ps2KeyboardHandler(regs*, void*)
 *fill*         0x00000000c0027f8f        0x1 
 .text          0x00000000c0027f90      0x252 hw/timer/apictimer.32
                0x00000000c0027f90                APICTimer::close(int, int, void*)
                0x00000000c0027f96                apicTimerHandler(regs*, void*)
                0x00000000c0027fc4                APICTimer::write(int)
                0x00000000c00280c2                APICTimer::open(int, int, void*)
                0x00000000c00281ba                APICTimer::APICTimer()
                0x00000000c00281ba                APICTimer::APICTimer()
 .text          0x00000000c00281e2      0x193 hw/timer/pit.32
                0x00000000c00281e2                pitHandler(regs*, void*)
                0x00000000c002820e                PIT::open(int, int, void*)
                0x00000000c002825c                PIT::write(int)
                0x00000000c00282c6                PIT::close(int, int, void*)
                0x00000000c00282f6                PIT::PIT()
                0x00000000c00282f6                PIT::PIT()
 *fill*         0x00000000c0028375        0xb 
 .text          0x00000000c0028380        0xa hw/fpu/x86/avx.32
                0x00000000c0028380                avxDetect
                0x00000000c0028386                avxSave
                0x00000000c0028387                avxLoad
                0x00000000c0028388                avxInit
                0x00000000c0028389                avxClose
 *fill*         0x00000000c002838a        0x6 
 .text          0x00000000c0028390       0x38 hw/fpu/x86/sse.32
                0x00000000c0028390                sseDetect
                0x00000000c00283ab                sseSave
                0x00000000c00283b1                sseLoad
                0x00000000c00283b7                sseInit
                0x00000000c00283c7                sseClose
 *fill*         0x00000000c00283c8        0x8 
 .text          0x00000000c00283d0       0x47 hw/fpu/x86/x87.32
                0x00000000c00283d6                x87Detect
                0x00000000c00283f1                x87Save
                0x00000000c00283f7                x87Load
                0x00000000c00283fc                x87Init
                0x00000000c0028416                x87Close
 *fill*         0x00000000c0028417        0x1 
 .text          0x00000000c0028418       0x25 /cygdrive/d/Users/Alex/Desktop/Toolchain/Output/bin/../lib/gcc/i386-banana/8.1.0/crtend.o
 .text          0x00000000c002843d        0x0 crtn.32
 *fill*         0x00000000c002843d        0x3 
 .text          0x00000000c0028440      0x14b /cygdrive/d/Users/Alex/Desktop/Toolchain/Output/bin/../lib/gcc/i386-banana/8.1.0/libgcc.a(_divdi3.o)
                0x00000000c0028440                __divdi3
 *fill*         0x00000000c002858b        0x1 
 .text          0x00000000c002858c      0x17e /cygdrive/d/Users/Alex/Desktop/Toolchain/Output/bin/../lib/gcc/i386-banana/8.1.0/libgcc.a(_moddi3.o)
                0x00000000c002858c                __moddi3
 *fill*         0x00000000c002870a        0x2 
 .text          0x00000000c002870c       0xff /cygdrive/d/Users/Alex/Desktop/Toolchain/Output/bin/../lib/gcc/i386-banana/8.1.0/libgcc.a(_udivdi3.o)
                0x00000000c002870c                __udivdi3
 *fill*         0x00000000c002880b        0x1 
 .text          0x00000000c002880c      0x11a /cygdrive/d/Users/Alex/Desktop/Toolchain/Output/bin/../lib/gcc/i386-banana/8.1.0/libgcc.a(_umoddi3.o)
                0x00000000c002880c                __umoddi3
 *fill*         0x00000000c0028926        0xa 
 .text          0x00000000c0028930       0x1e D:/Users/Alex/Desktop/Banana/kernel/libk/libm32.a(s_fabs.c.o)
                0x00000000c0028930                fabs
 *fill*         0x00000000c002894e        0x2 
 .text          0x00000000c0028950        0xc D:/Users/Alex/Desktop/Banana/kernel/libk/libm32.a(s_lrint.S.o)
                0x00000000c0028950                lrint
 .text          0x00000000c002895c        0xc D:/Users/Alex/Desktop/Banana/kernel/libk/libm32.a(s_lrintf.S.o)
                0x00000000c002895c                lrintf
 *(.gnu.linkonce.t*)

.iplt           0x00000000c0028968        0x0
 .iplt          0x00000000c0028968        0x0 D:/Users/Alex/Desktop/Banana/kernel/boot.32

.init           0x00000000c0028968        0xf
 .init          0x00000000c0028968        0x3 crti.32