Archive member included to satisfy reference by file (symbol)

/cygdrive/d/Users/Alex/Desktop/Toolchain/Output/bin/../lib/gcc/i386-banana/8.1.0/libgcc.a(_divdi3.o)
                              fs/fat/ff.32 (__divdi3)
/cygdrive/d/Users/Alex/Desktop/Toolchain/Output/bin/../lib/gcc/i386-banana/8.1.0/libgcc.a(_moddi3.o)
                              thr/elf.32 (__moddi3)
/cygdrive/d/Users/Alex/Desktop/Toolchain/Output/bin/../lib/gcc/i386-banana/8.1.0/libgcc.a(_udivdi3.o)
                              fs/fat/ff.32 (__udivdi3)
/cygdrive/d/Users/Alex/Desktop/Toolchain/Output/bin/../lib/gcc/i386-banana/8.1.0/libgcc.a(_umoddi3.o)
                              core/pipe.32 (__umoddi3)
D:/Users/Alex/Desktop/Banana/kernel/libk/libm32.a(s_fabs.c.o)
                              hal/libresample/samplerate.32 (fabs)
D:/Users/Alex/Desktop/Banana/kernel/libk/libm32.a(s_lrint.S.o)
                              hal/libresample/samplerate.32 (lrint)
D:/Users/Alex/Desktop/Banana/kernel/libk/libm32.a(s_lrintf.S.o)
                              hal/sound/sndhw.32 (lrintf)

Discarded input sections

 .comment       0x0000000000000000       0x12 /cygdrive/d/Users/Alex/Desktop/Toolchain/Output/bin/../lib/gcc/i386-banana/8.1.0/crtbegin.o
 .comment       0x0000000000000000       0x12 acpica/utclib.32
 .comment       0x0000000000000000       0x12 core/malloc.32
 .comment       0x0000000000000000       0x12 libk/string.32
 .comment       0x0000000000000000       0x12 fs/fat/diskio.32
 .comment       0x0000000000000000       0x12 fs/fat/ff.32
 .comment       0x0000000000000000       0x12 fs/fat/ffsystem.32
 .comment       0x0000000000000000       0x12 fs/fat/ffunicode.32
 .comment       0x0000000000000000       0x12 hal/libresample/samplerate.32
 .comment       0x0000000000000000       0x12 hal/libresample/src_linear.32
 .comment       0x0000000000000000       0x12 hal/libresample/src_sinc.32
 .comment       0x0000000000000000       0x12 hal/libresample/src_zoh.32
 .group         0x0000000000000000       0x14 core/computer.32
 .group         0x0000000000000000        0xc core/computer.32
 .comment       0x0000000000000000       0x12 core/computer.32
 .comment       0x0000000000000000       0x12 core/gdt.32
 .group         0x0000000000000000        0xc core/idle.32
 .comment       0x0000000000000000       0x12 core/idle.32
 .comment       0x0000000000000000       0x12 core/idt.32
 .group         0x0000000000000000        0x8 core/kheap.32
 .group         0x0000000000000000        0x8 core/kheap.32
 .comment       0x0000000000000000       0x12 core/kheap.32
 .comment       0x0000000000000000       0x12 core/main.32
 .comment       0x0000000000000000       0x12 core/physmgr.32
 .group         0x0000000000000000        0xc core/pipe.32
 .comment       0x0000000000000000       0x12 core/pipe.32
 .group         0x0000000000000000        0xc core/terminal.32
 .comment       0x0000000000000000       0x12 core/terminal.32
 .group         0x0000000000000000        0x8 core/tss.32
 .text._ZN3CPU7readCR3Ev
                0x0000000000000000       0x12 core/tss.32
 .comment       0x0000000000000000       0x12 core/tss.32
 .group         0x0000000000000000        0x8 core/unixfile.32
 .group         0x0000000000000000        0xc core/unixfile.32
 .group         0x0000000000000000        0xc core/unixfile.32
 .group         0x0000000000000000        0x8 core/unixfile.32
 .group         0x0000000000000000        0xc core/unixfile.32
 .group         0x0000000000000000        0x8 core/unixfile.32
 .group         0x0000000000000000        0xc core/unixfile.32
 .group         0x0000000000000000        0xc core/unixfile.32
 .comment       0x0000000000000000       0x12 core/unixfile.32
 .group         0x0000000000000000        0x8 core/virtmgr.32
 .group         0x0000000000000000        0x8 core/virtmgr.32
 .text._ZN3CPU7readCR3Ev
                0x0000000000000000       0x12 core/virtmgr.32
 .text._ZN3CPU8writeCR3Em
                0x0000000000000000        0x9 core/virtmgr.32
 .comment       0x0000000000000000       0x12 core/virtmgr.32
 .comment       0x0000000000000000       0x12 coreobjs/c++.32
 .comment       0x0000000000000000       0x12 dbg/kconsole.32
 .group         0x0000000000000000        0xc fs/vfs.32
 .group         0x0000000000000000        0xc fs/vfs.32
 .group         0x0000000000000000        0xc fs/vfs.32
 .comment       0x0000000000000000       0x12 fs/vfs.32
 .group         0x0000000000000000        0xc hal/bus.32
 .comment       0x0000000000000000       0x12 hal/bus.32
 .group         0x0000000000000000        0xc hal/buzzer.32
 .comment       0x0000000000000000       0x12 hal/buzzer.32
 .group         0x0000000000000000        0xc hal/clock.32
 .comment       0x0000000000000000       0x12 hal/clock.32
 .group         0x0000000000000000       0x14 hal/device.32
 .group         0x0000000000000000        0xc hal/device.32
 .group         0x0000000000000000        0xc hal/device.32
[...]
Memory Configuration

Name             Origin             Length             Attributes
*default*        0x0000000000000000 0xffffffffffffffff

Linker script and memory map

LOAD D:/Users/Alex/Desktop/Banana/kernel/boot.32
LOAD crti.32
LOAD /cygdrive/d/Users/Alex/Desktop/Toolchain/Output/bin/../lib/gcc/i386-banana/8.1.0/crtbegin.o
LOAD D:/Users/Alex/Desktop/Banana/kernel/morenasm.32
LOAD acpica/utclib.32
LOAD core/malloc.32
LOAD libk/string.32
LOAD fs/fat/diskio.32
LOAD fs/fat/ff.32
LOAD fs/fat/ffsystem.32
LOAD fs/fat/ffunicode.32
LOAD hal/libresample/samplerate.32
LOAD hal/libresample/src_linear.32
LOAD hal/libresample/src_sinc.32
LOAD hal/libresample/src_zoh.32
LOAD core/computer.32
LOAD core/gdt.32
LOAD core/idle.32
LOAD core/idt.32
LOAD core/kheap.32
LOAD core/main.32
LOAD core/physmgr.32
LOAD core/pipe.32
LOAD core/terminal.32
LOAD core/tss.32
LOAD core/unixfile.32
LOAD core/virtmgr.32
LOAD coreobjs/c++.32
LOAD dbg/kconsole.32
LOAD fs/vfs.32
LOAD hal/bus.32
LOAD hal/buzzer.32
LOAD hal/clock.32
LOAD hal/device.32
LOAD hal/diskctrl.32
LOAD hal/diskphys.32
LOAD hal/fpu.32
LOAD hal/intctrl.32
LOAD hal/keybrd.32
LOAD hal/logidisk.32
LOAD hal/mouse.32
LOAD hal/partition.32
LOAD hal/timer.32
LOAD hal/vcache.32
LOAD hal/video.32
LOAD hw/acpi.32
LOAD hw/cpu.32
LOAD hw/ports.32
LOAD krnl/panic.32
LOAD reg/registry.32
LOAD sys/sc_exit.32
LOAD sys/sc_loaddll.32
LOAD sys/sc_read.32
LOAD sys/sc_sbrk.32
LOAD sys/sc_write.32
LOAD sys/sc_yield.32
LOAD sys/syscalls.32
LOAD thr/elf.32
LOAD thr/prcssthr.32
LOAD vm86/vm8086.32
LOAD fs/fat/vfslink.32
LOAD fs/iso9660/vfslink.32
LOAD hal/sound/sndchannel.32
LOAD hal/sound/sndhw.32
LOAD hw/bus/isa.32
LOAD hw/bus/pci.32
LOAD hw/diskctrl/ide.32
LOAD hw/diskphys/ata.32
LOAD hw/diskphys/atapi.32
LOAD hw/fpu/avx.32
LOAD hw/fpu/mmx.32
LOAD hw/fpu/sse.32
LOAD hw/fpu/x87.32
LOAD hw/intctrl/apic.32
LOAD hw/intctrl/pic.32
LOAD hw/timer/apictimer.32
LOAD hw/timer/pit.32
LOAD hw/fpu/x86/avx.32
LOAD hw/fpu/x86/sse.32
LOAD hw/fpu/x86/x87.32
LOAD /cygdrive/d/Users/Alex/Desktop/Toolchain/Output/bin/../lib/gcc/i386-banana/8.1.0/crtend.o
LOAD crtn.32
LOAD /cygdrive/d/Users/Alex/Desktop/Toolchain/Output/bin/../lib/gcc/i386-banana/8.1.0/libgcc.a
LOAD D:/Users/Alex/Desktop/Banana/kernel/libk/libm32.a
                0x00000000c0000000                . = 0xc0000000

.text           0x00000000c0000000    0x1e9c8
 *(.text)
 .text          0x00000000c0000000       0x41 D:/Users/Alex/Desktop/Banana/kernel/boot.32
                0x00000000c0000020                callGlobalConstructors
 .text          0x00000000c0000041        0x0 crti.32
 *fill*         0x00000000c0000041        0x3 
 .text          0x00000000c0000044      0x101 /cygdrive/d/Users/Alex/Desktop/Toolchain/Output/bin/../lib/gcc/i386-banana/8.1.0/crtbegin.o
 *fill*         0x00000000c0000145        0xb 
 .text          0x00000000c0000150      0x41f D:/Users/Alex/Desktop/Banana/kernel/morenasm.32
                0x00000000c0000150                doTPAUSE
                0x00000000c000015a                hasLegacyFPU
                0x00000000c000017f                is486
                0x00000000c00001b5                goToVM86
                0x00000000c00001e6                goToUsermode
                0x00000000c0000211                switchToThreadASMFirstTime
                0x00000000c000021f                switchToThreadASM
                0x00000000c00002bf                detectCPUID
                0x00000000c00002d5                asmQuickAcquireLock
                0x00000000c00002f3                asmQuickReleaseLock
                0x00000000c00002ff                asmAcquireLock
                0x00000000c0000320                asmReleaseLock
                0x00000000c0000333                loadGDT
                0x00000000c0000353                isr0
                0x00000000c0000363                isr1
                0x00000000c000036d                isr2
                0x00000000c0000377                isr3
                0x00000000c0000381                isr4
                0x00000000c000038b                isr5
                0x00000000c0000395                isr6
                0x00000000c000039f                isr7
                0x00000000c00003a9                isr8
                0x00000000c00003b1                isr9
                0x00000000c00003bb                isr10
                0x00000000c00003c3                isr11
                0x00000000c00003cb                isr12
                0x00000000c00003d3                isr13
                0x00000000c00003db                isr14
                0x00000000c00003e3                isr15
                0x00000000c00003ed                isr16
                0x00000000c00003f7                isr17
                0x00000000c0000401                isr18
                0x00000000c000040b                isr96
                0x00000000c0000415                irq0
                0x00000000c000041f                irq1
                0x00000000c0000429                irq2
                0x00000000c0000433                irq3
                0x00000000c000043d                irq4
                0x00000000c0000447                irq5
                0x00000000c0000451                irq6
                0x00000000c000045b                irq7
                0x00000000c0000465                irq8
                0x00000000c000046f                irq9
                0x00000000c0000479                irq10
                0x00000000c0000483                irq11
                0x00000000c000048d                irq12
                0x00000000c0000497                irq13
                0x00000000c00004a1                irq14
                0x00000000c00004ab                irq15
                0x00000000c00004b5                irq16
                0x00000000c00004bf                irq17
                0x00000000c00004c9                irq18
                0x00000000c00004d3                irq19
                0x00000000c00004dd                irq20
                0x00000000c00004e7                irq21
                0x00000000c00004f1                irq22
                0x00000000c00004fb                irq23
                0x00000000c0000505                int_common_stub
                0x00000000c0000535                syscall_common_stub
 .text          0x00000000c000056f      0x40f acpica/utclib.32
                0x00000000c000056f                memcmp
                0x00000000c000059a                memmove
                0x00000000c00005d2                memcpy
                0x00000000c0000608                memset
                0x00000000c0000625                strlen
                0x00000000c0000635                strpbrk
                0x00000000c0000658                strtok
                0x00000000c00006a7                strcpy
                0x00000000c00006c7                strncpy
                0x00000000c00006f8                strcmp
                0x00000000c0000719                strchr
                0x00000000c000072f                strncmp
                0x00000000c000075e                strcat
                0x00000000c0000785                strncat
                0x00000000c00007bf                strstr
                0x00000000c00007fc                toupper
                0x00000000c0000810                tolower
                0x00000000c0000824                simple_strtoul
 .text          0x00000000c000097e      0xfbf core/malloc.32
                0x00000000c0000ae9                dlfree
                0x00000000c0000e44                dlmalloc
                0x00000000c0001381                dlrealloc
                0x00000000c0001536                dlmemalign
                0x00000000c0001659                dlcalloc
                0x00000000c00016f3                dlcfree
                0x00000000c00016f8                dlindependent_calloc
                0x00000000c000171d                dlindependent_comalloc
                0x00000000c0001734                dlvalloc
                0x00000000c000175f                dlpvalloc
                0x00000000c0001795                dlmalloc_trim
                0x00000000c00017a2                dlmalloc_usable_size
                0x00000000c00017d3                dlmallinfo
                0x00000000c00018a2                dlmalloc_stats
                0x00000000c00018b3                dlmallopt
 .text          0x00000000c000193d        0x0 libk/string.32
 .text          0x00000000c000193d       0x51 fs/fat/diskio.32
                0x00000000c000193d                disk_status
                0x00000000c0001940                disk_initialize
                0x00000000c0001943                disk_read
                0x00000000c0001959                disk_write
                0x00000000c000196f                disk_ioctl
 .text          0x00000000c000198e     0x6833 fs/fat/ff.32
                0x00000000c0004c5c                f_mount
                0x00000000c0004cbe                f_open
                0x00000000c00050fa                f_read
                0x00000000c000537a                f_write
                0x00000000c0005634                f_sync
                0x00000000c0005810                f_close
                0x00000000c000583f                f_lseek
                0x00000000c0005cf6                f_opendir
                0x00000000c0005df8                f_closedir
                0x00000000c0005e1a                f_readdir
                0x00000000c0005eb5                f_stat
                0x00000000c0005f44                f_getfree
                0x00000000c000610f                f_truncate
                0x00000000c0006207                f_unlink
                0x00000000c000638a                f_mkdir
                0x00000000c00065b6                f_rename
                0x00000000c00068a9                f_chmod
                0x00000000c0006987                f_utime
                0x00000000c0006a65                f_getlabel
                0x00000000c0006c53                f_setlabel
                0x00000000c0006ec0                f_forward
                0x00000000c000709e                f_mkfs
 .text          0x00000000c00081c1       0x2d fs/fat/ffsystem.32
                0x00000000c00081c1                ff_memalloc
                0x00000000c00081d7                ff_memfree
 .text          0x00000000c00081ee      0x253 fs/fat/ffunicode.32
                0x00000000c00081ee                ff_uni2oem
                0x00000000c000827e                ff_oem2uni
                0x00000000c00082ea                ff_wtoupper
 .text          0x00000000c0008441      0x70e hal/libresample/samplerate.32
                0x00000000c00084c9                src_delete
                0x00000000c0008505                src_process
                0x00000000c000862d                src_callback_read
                0x00000000c000878e                src_set_ratio
                0x00000000c00087e5                src_get_channels
                0x00000000c0008807                src_reset
                0x00000000c000884b                src_new
                0x00000000c00088d9                src_callback_new
                0x00000000c000893b                src_get_name
                0x00000000c0008972                src_get_description
                0x00000000c00089a9                src_get_version
                0x00000000c00089af                src_is_valid_ratio
                0x00000000c00089c9                src_error
                0x00000000c00089d7                src_strerror
                0x00000000c00089ea                src_simple
                0x00000000c0008a3d                src_short_to_float_array
                0x00000000c0008a63                src_float_to_short_array
                0x00000000c0008ac7                src_int_to_float_array
                0x00000000c0008aed                src_float_to_int_array
 .text          0x00000000c0008b4f      0x3fd hal/libresample/src_linear.32
                0x00000000c0008ea7                linear_get_name
                0x00000000c0008eb6                linear_get_description
                0x00000000c0008ec5                linear_set_converter
 .text          0x00000000c0008f4c     0x1a3f hal/libresample/src_sinc.32
                0x00000000c000a8a2                sinc_get_name
                0x00000000c000a8b5                sinc_get_description
                0x00000000c000a8c8                sinc_set_converter
 .text          0x00000000c000a98b      0x3d3 hal/libresample/src_zoh.32
                0x00000000c000acb9                zoh_get_name
                0x00000000c000acc8                zoh_get_description
                0x00000000c000acd7                zoh_set_converter
 .text          0x00000000c000ad5e      0x695 core/computer.32
                0x00000000c000ad5e                Computer::close(int, int, void*)
                0x00000000c000ada2                Computer::Computer()
                0x00000000c000ada2                Computer::Computer()
                0x00000000c000aefe                Computer::setBootMessage(char const*)
                0x00000000c000af00                Computer::start()
                0x00000000c000afdc                firstTask()
                0x00000000c000afea                Computer::detectFeatures()
                0x00000000c000b1c4                Computer::displayFeatures()
                0x00000000c000b1c6                Computer::rdmsr(unsigned int)
                0x00000000c000b1f2                Computer::wrmsr(unsigned int, unsigned long long)
                0x00000000c000b22a                Computer::nmiEnabled()
                0x00000000c000b236                Computer::readCMOS(unsigned char)
                0x00000000c000b250                Computer::enableNMI(bool)
                0x00000000c000b268                Computer::open(int, int, void*)
                0x00000000c000b336                Computer::disableNMI()
                0x00000000c000b344                Computer::writeCMOS(unsigned char, unsigned char)
                0x00000000c000b362                Computer::handleNMI()
                0x00000000c000b3c8                Computer::setDiskActivityLight(int, bool)
 *fill*         0x00000000c000b3f3        0x1 
 .text          0x00000000c000b3f4      0x1b7 core/gdt.32
                0x00000000c000b3f4                GDTEntry::setBase(unsigned int)
                0x00000000c000b410                GDTEntry::setLimit(unsigned int)
                0x00000000c000b42e                GDT::GDT()
                0x00000000c000b42e                GDT::GDT()
                0x00000000c000b444                GDT::addEntry(GDTEntry)
                0x00000000c000b480                GDT::getNumberOfEntries()
                0x00000000c000b488                GDT::flush()
                0x00000000c000b4aa                GDT::setup()
 .text          0x00000000c000b5ab       0x61 core/idle.32
                0x00000000c000b5ab                idleFunction(void*)
 .text          0x00000000c000b60c      0x45f core/idt.32
                0x00000000c000b60c                IDTEntry::IDTEntry(bool)
                0x00000000c000b60c                IDTEntry::IDTEntry(bool)
                0x00000000c000b67a                IDTEntry::setOffset(unsigned int)
                0x00000000c000b68e                IDT::IDT()
                0x00000000c000b68e                IDT::IDT()
                0x00000000c000b690                IDT::getPointerToInvalidOpcodeEntryForF00F()
                0x00000000c000b698                IDT::addEntry(IDTEntry, int)
                0x00000000c000b6b2                IDT::addEntry(int, void (*)(), bool)
                0x00000000c000b6ea                IDT::flush()
                0x00000000c000b704                IDT::setup()
 .text          0x00000000c000ba6b      0x20d core/kheap.32
                0x00000000c000ba6b                sbrk
                0x00000000c000bb83                mmap
                0x00000000c000bb99                munmap
                0x00000000c000bbaf                liballoc_lock()
                0x00000000c000bbc0                liballoc_unlock()
                0x00000000c000bbd1                liballoc_alloc(int)
                0x00000000c000bbec                liballoc_free(void*, int)
                0x00000000c000bc0a                realloc
                0x00000000c000bc1e                malloc
                0x00000000c000bc2e                free
                0x00000000c000bc3e                rfree
                0x00000000c000bc4e                calloc
 .text          0x00000000c000bc78      0x38d core/main.32
                0x00000000c000bc78                hwTextMode_loadInData(VgaText*)
                0x00000000c000bcbd                hwTextMode_loadInTitle(VgaText*, char*)
                0x00000000c000bcff                hwTextMode_showCursor(VgaText*, bool)
                0x00000000c000bd53                hwTextMode_update(VgaText*)
                0x00000000c000bd54                hwTextMode_updateCursor(VgaText*)
                0x00000000c000bd9c                hwTextMode_disableBlink(VgaText*, bool)
                0x00000000c000bdd8                hwTextMode_scrollScreen(VgaText*)
                0x00000000c000be5e                hwTextMode_writeCharacter(VgaText*, char, VgaColour, VgaColour, int, int)
                0x00000000c000bebc                setupTextMode()
                0x00000000c000bf0d                kernel_main
 .text          0x00000000c000c005      0x46c core/physmgr.32
                0x00000000c000c005                Phys::allocateDMA(unsigned long)
                0x00000000c000c0a8                Phys::freeDMA(unsigned long, unsigned long)
                0x00000000c000c0f0                Phys::setPageState(unsigned long, bool)
                0x00000000c000c122                Phys::getPageState(unsigned long)
                0x00000000c000c13e                Phys::freePage(unsigned long)
                0x00000000c000c1c8                Phys::allocatePage()
                0x00000000c000c284                Phys::allowSegmentToBeUsed(unsigned long, unsigned long)
                0x00000000c000c2bc                Phys::physicalMemorySetup(unsigned int)
 *fill*         0x00000000c000c471        0x1 
 .text          0x00000000c000c472      0x273 core/pipe.32
                0x00000000c000c472                Pipe::isAtty()
                0x00000000c000c476                Pipe::~Pipe()
                0x00000000c000c476                Pipe::~Pipe()
                0x00000000c000c49a                Pipe::~Pipe()
                0x00000000c000c4c2                Pipe::read(unsigned long long, void*, int*)
                0x00000000c000c5b6                Pipe::write(unsigned long long, void*, int*)
                0x00000000c000c67e                Pipe::Pipe(int)
                0x00000000c000c67e                Pipe::Pipe(int)
 *fill*         0x00000000c000c6e5        0x1 
 .text          0x00000000c000c6e6      0xf65 core/terminal.32
                0x00000000c000c6e6                VgaText::isAtty()
                0x00000000c000c6ea                VgaText::~VgaText()
                0x00000000c000c6ea                VgaText::~VgaText()
                0x00000000c000c70e                VgaText::~VgaText()
                0x00000000c000c738                VgaText::read(unsigned long long, void*, int*)
                0x00000000c000c758                setTerminalScrollLock(bool)
                0x00000000c000c759                addToTerminalCycle(VgaText*)
                0x00000000c000c786                installVgaTextImplementation()
                0x00000000c000c79b                scrollTerminalScrollLock(int)
                0x00000000c000c79c                VgaText::load()
                0x00000000c000c7f0                VgaText::updateCursor()
                0x00000000c000c80a                VgaText::showCursor(bool)
                0x00000000c000c81a                VgaText::disableBlink(bool)
                0x00000000c000c854                VgaText::doANSI_SGR(int)
                0x00000000c000c8e0                VgaText::setDefaultBgColour(VgaColour)
                0x00000000c000c8f6                VgaText::setDefaultFgColour(VgaColour)
                0x00000000c000c90c                VgaText::setDefaultColours(VgaColour, VgaColour)
                0x00000000c000c92c                VgaText::combineColours(unsigned char, unsigned char)
                0x00000000c000c93e                VgaText::scrollScreen()
                0x00000000c000c9d2                VgaText::combineCharAndColour(char, unsigned char)
                0x00000000c000c9e4                VgaText::writeCharacter(char, VgaColour, VgaColour, int, int)
                0x00000000c000ca44                VgaText::getCursorX()
                0x00000000c000ca50                VgaText::getCursorY()
                0x00000000c000ca5c                VgaText::setCursor(int, int)
                0x00000000c000ca7a                VgaText::setCursorX(int)
                0x00000000c000ca96                VgaText::setCursorY(int)
                0x00000000c000cab2                VgaText::incrementCursor(bool)
                0x00000000c000cb1a                VgaText::updateRAMUsageDisplay(int)
                0x00000000c000cb74                VgaText::updateDiskUsage()
                0x00000000c000ccda                VgaText::updateTitle()
                0x00000000c000cd20                VgaText::setTitleTextColour(VgaColour)
                0x00000000c000cd30                VgaText::setTitleColour(VgaColour)
                0x00000000c000cd40                VgaText::setTitle(char*)
                0x00000000c000cd66                VgaText::decrementCursor(bool)
                0x00000000c000cd8e                VgaText::putchar(char, VgaColour, VgaColour)
                0x00000000c000ce8a                VgaText::isShowingCursor()
                0x00000000c000ce96                VgaText::isBlinkDisabled()
                0x00000000c000cea4                VgaText::setCursorHeight(int)
                0x00000000c000cec2                VgaText::getCursorHeight()
                0x00000000c000cecd                setActiveTerminal(VgaText*)
                0x00000000c000cf7f                doTerminalCycle()
                0x00000000c000cf9c                VgaText::doUpdate()
                0x00000000c000cfae                VgaText::puts(char const*, VgaColour, VgaColour)
                0x00000000c000d16e                VgaText::clearScreen()
                0x00000000c000d1d2                VgaText::putchar(char)
                0x00000000c000d2ec                VgaText::puts(char const*)
                0x00000000c000d312                VgaText::putx(unsigned int)
                0x00000000c000d358                VgaText::VgaText(char const*)
                0x00000000c000d358                VgaText::VgaText(char const*)
                0x00000000c000d4ea                VgaText::receiveKey(unsigned char)
                0x00000000c000d5d2                VgaText::write(unsigned long long, void*, int*)
                0x00000000c000d626                newTerminal(char*)
 *fill*         0x00000000c000d64b        0x1 
 .text          0x00000000c000d64c      0x18f core/tss.32
                0x00000000c000d64c                TSS::TSS()
                0x00000000c000d64c                TSS::TSS()
                0x00000000c000d65a                TSS::setESP(unsigned long)
                0x00000000c000d66c                TSS::flush()
                0x00000000c000d68c                TSS::setup(unsigned long, unsigned long)
 *fill*         0x00000000c000d7db        0x1 
 .text          0x00000000c000d7dc      0x545 core/unixfile.32
                0x00000000c000d7dc                ReservedFilename::read(unsigned long long, void*, int*)
                0x00000000c000d872                ReservedFilename::isAtty()
                0x00000000c000d8a8                ReservedFilename::write(unsigned long long, void*, int*)
                0x00000000c000d942                UnixFile::getFileDescriptor()
                0x00000000c000d94a                UnixFile::UnixFile(int)
                0x00000000c000d94a                UnixFile::UnixFile(int)
                0x00000000c000daba                ReservedFilename::ReservedFilename(int)
                0x00000000c000daba                ReservedFilename::ReservedFilename(int)
                0x00000000c000daec                UnixFile::~UnixFile()
                0x00000000c000daec                UnixFile::~UnixFile()
                0x00000000c000db84                UnixFile::~UnixFile()
                0x00000000c000dbac                ReservedFilename::~ReservedFilename()
                0x00000000c000dbac                ReservedFilename::~ReservedFilename()
                0x00000000c000dbd0                ReservedFilename::~ReservedFilename()
                0x00000000c000dbf7                getFromFileDescriptor(int)
 *fill*         0x00000000c000dd21        0x1 
 .text          0x00000000c000dd22     0x1175 core/virtmgr.32
                0x00000000c000dd22                Virt::setPageState(unsigned long, Virt::VirtPageState)
                0x00000000c000dd57                Virt::getPageState(unsigned long)
                0x00000000c000dd7b                Virt::allocateKernelVirtualPages(int)
                0x00000000c000de8c                Virt::virtualMemorySetup()
                0x00000000c000df0b                Virt::getAKernelVAS()
                0x00000000c000df11                Virt::setupPageSwapping(int)
                0x00000000c000e036                VAS::VAS()
                0x00000000c000e036                VAS::VAS()
                0x00000000c000e066                VAS::getForeignPageTableEntry(bool, unsigned long)
                0x00000000c000e092                VAS::getPageTableEntry(unsigned long)
                0x00000000c000e0b1                Virt::freeKernelVirtualPages(unsigned long)
                0x00000000c000e1d4                VAS::freeAllocatedPages(unsigned long)
                0x00000000c000e1f8                VAS::virtualToPhysical(unsigned long)
                0x00000000c000e210                VAS::mapOtherVASIn(bool, VAS*)
                0x00000000c000e246                VAS::~VAS()
                0x00000000c000e246                VAS::~VAS()
                0x00000000c000e3b2                VAS::mapPage(unsigned long, unsigned long, int)
                0x00000000c000e4b2                VAS::allocatePages(int, int)
                0x00000000c000e682                VAS::setCPUSpecific(unsigned long)
                0x00000000c000e69e                VAS::mapRange(unsigned long, unsigned long, int, int)
                0x00000000c000e768                VAS::VAS(VAS*)
                0x00000000c000e768                VAS::VAS(VAS*)
                0x00000000c000eab2                VAS::mapForeignPage(bool, VAS*, unsigned long, unsigned long, int)
                0x00000000c000eba0                VAS::VAS(bool)
                0x00000000c000eba0                VAS::VAS(bool)
                0x00000000c000edd0                mapVASFirstTime
 .text          0x00000000c000ee97       0x93 coreobjs/c++.32
                0x00000000c000ee97                __cxa_atexit
                0x00000000c000ee9a                __cxa_finalize
                0x00000000c000ee9b                __stack_chk_fail
                0x00000000c000eefb                __cxa_pure_virtual
                0x00000000c000ef0c                operator new(unsigned long)
                0x00000000c000ef11                operator new[](unsigned long)
                0x00000000c000ef16                operator delete(void*)
                0x00000000c000ef1b                operator delete(void*, unsigned long)
                0x00000000c000ef20                operator delete[](void*)
                0x00000000c000ef25                operator delete[](void*, unsigned long)
 .text          0x00000000c000ef2a      0x1ef dbg/kconsole.32
                0x00000000c000ef2a                Dbg::stringifyxWithBase(unsigned int, char*, int)
                0x00000000c000ef8b                Dbg::logc(char)
                0x00000000c000efa2                Dbg::logs(char*)
                0x00000000c000efbf                Dbg::logWriteInt(unsigned int)
                0x00000000c000efdc                Dbg::logWriteIntBase(unsigned int, int)
                0x00000000c000effb                Dbg::kprintf(char const*, ...)
 *fill*         0x00000000c000f119        0x1 
 .text          0x00000000c000f11a      0xb68 fs/vfs.32
                0x00000000c000f11a                File::read(unsigned long long, void*, int*)
                0x00000000c000f172                File::write(unsigned long long, void*, int*)
                0x00000000c000f1ca                Directory::read(unsigned long long, void*, int*)
                0x00000000c000f222                Directory::write(unsigned long long, void*, int*)
                0x00000000c000f250                File::isAtty()
                0x00000000c000f254                Directory::isAtty()
                0x00000000c000f258                Filesystem::getlabel(LogicalDisk*, int, char*, unsigned int*)
                0x00000000c000f25e                Filesystem::setlabel(LogicalDisk*, int, char*)
                0x00000000c000f264                File::~File()
                0x00000000c000f264                File::~File()
                0x00000000c000f288                File::~File()
                0x00000000c000f2b2                Directory::~Directory()
                0x00000000c000f2b2                Directory::~Directory()
                0x00000000c000f2d6                Directory::~Directory()
                0x00000000c000f300                Filesystem::Filesystem()
                0x00000000c000f300                Filesystem::Filesystem()
                0x00000000c000f324                Filesystem::~Filesystem()
                0x00000000c000f324                Filesystem::~Filesystem()
                0x00000000c000f332                Filesystem::~Filesystem()
                0x00000000c000f356                initVFS()
                0x00000000c000f380                standardiseFiles(char*, char const*, char const*)
                0x00000000c000f52a                File::File(char const*, Process*)
                0x00000000c000f52a                File::File(char const*, Process*)
                0x00000000c000f58e                File::open(FileOpenMode)
                0x00000000c000f5ec                File::close()
                0x00000000c000f64c                File::seek(unsigned long long)
                0x00000000c000f6a2                File::tell(unsigned long long*)
                0x00000000c000f6f2                File::rewind()
                0x00000000c000f706                File::unlink()
                0x00000000c000f752                File::rename(char const*)
                0x00000000c000f7a0                File::chfatattr(unsigned char, unsigned char)
                0x00000000c000f7fc                File::exists()
                0x00000000c000f83a                File::stat(unsigned long long*, bool*)
                0x00000000c000f89b                getcwd(Process*, char*, int)
                0x00000000c000f8c5                setcwd(Process*, char*)
                0x00000000c000f9ec                Directory::Directory(char const*, Process*)
                0x00000000c000f9ec                Directory::Directory(char const*, Process*)
                0x00000000c000fa50                Directory::open()
                0x00000000c000faac                Directory::close()
                0x00000000c000fb0c                Directory::unlink()
                0x00000000c000fb58                Directory::rename(char const*)
                0x00000000c000fba6                Directory::exists()
                0x00000000c000fbe4                Directory::read(dirent*)
                0x00000000c000fc30                Directory::create()
                0x00000000c000fc7c                Filesystem::chfatattr(char const*, unsigned char, unsigned char)
 .text          0x00000000c000fc82       0x84 hal/bus.32
                0x00000000c000fc82                Bus::Bus(char const*)
                0x00000000c000fc82                Bus::Bus(char const*)
                0x00000000c000fcb8                Bus::~Bus()
                0x00000000c000fcb8                Bus::~Bus()
                0x00000000c000fcdc                Bus::~Bus()
 .text          0x00000000c000fd06      0x14e hal/buzzer.32
                0x00000000c000fd06                Buzzer::Buzzer(char const*)
                0x00000000c000fd06                Buzzer::Buzzer(char const*)
                0x00000000c000fd4a                Buzzer::~Buzzer()
                0x00000000c000fd4a                Buzzer::~Buzzer()
                0x00000000c000fd6e                Buzzer::~Buzzer()
                0x00000000c000fd98                Buzzer::stop()
                0x00000000c000fdab                beepThread(void*)
                0x00000000c000fde6                Buzzer::beep(int, int, bool)
 .text          0x00000000c000fe54      0x42f hal/clock.32
                0x00000000c000fe54                loadClockSettings()
                0x00000000c000fe6e                Clock::Clock(char const*)
                0x00000000c000fe6e                Clock::Clock(char const*)
                0x00000000c000fea4                Clock::~Clock()
                0x00000000c000fea4                Clock::~Clock()
                0x00000000c000fec8                Clock::~Clock()
                0x00000000c000fef2                Clock::timeInSecondsLocal()
                0x00000000c000ff3a                Clock::setTimeInSecondsLocal(unsigned long long)
                0x00000000c000ff93                datetimeToSeconds(datetime_t)
                0x00000000c00100ba                Clock::setTimeInDatetimeLocal(datetime_t)
                0x00000000c001011a                secondsToDatetime(unsigned long long)
                0x00000000c001025e                Clock::timeInDatetimeLocal()
 *fill*         0x00000000c0010283        0x1 
 .text          0x00000000c0010284      0x504 hal/device.32
                0x00000000c0010284                Device::hibernate()
                0x00000000c0010286                Device::wake()
                0x00000000c0010288                Device::detect()
                0x00000000c001028a                Device::disableLegacy()
                0x00000000c001028c                Device::powerSaving(PowerSavingLevel)
                0x00000000c001028e                DriverlessDevice::close(int, int, void*)
                0x00000000c0010292                DriverlessDevice::detect()
                0x00000000c0010294                DriverlessDevice::open(int, int, void*)
                0x00000000c00102a8                Device::~Device()
                0x00000000c00102a8                Device::~Device()
                0x00000000c00102b6                Device::~Device()
                0x00000000c00102de                Device::findAndLoadDriver()
                0x00000000c00102e0                Device::preOpenPCI(PCIDeviceInfo)
                0x00000000c0010306                Device::preOpenACPI(void*, char*, char*)
                0x00000000c001035a                Device::addIRQHandler(int, void (*)(regs*, void*), bool, void*)
                0x00000000c00103b8                Device::removeIRQHandler(int, void (*)(regs*, void*), bool)
                0x00000000c0010406                Device::addChild(Device*)
                0x00000000c001044a                Device::removeAllChildren()
                0x00000000c0010490                Device::hibernateAll()
                0x00000000c00104c0                Device::wakeAll()
                0x00000000c00104f0                Device::detectAll()
                0x00000000c0010520                Device::disableLegacyAll()
                0x00000000c0010550                Device::loadDriversForAll()
                0x00000000c001057c                Device::closeAll()
                0x00000000c00105b2                Device::powerSavingAll(PowerSavingLevel)
                0x00000000c00105e8                Device::setName(char const*)
                0x00000000c00105f6                Device::Device(char const*)
                0x00000000c00105f6                Device::Device(char const*)
                0x00000000c00106e8                Device::getName()
                0x00000000c00106f2                DriverlessDevice::DriverlessDevice(char const*)
                0x00000000c00106f2                DriverlessDevice::DriverlessDevice(char const*)
                0x00000000c001071a                Device::addToLinkedList(LinkedList<Device>&, DeviceType)
                0x00000000c001075e                getDevicesOfType(DeviceType)
 .text          0x00000000c0010788       0x84 hal/diskctrl.32
                0x00000000c0010788                HardDiskController::HardDiskController(char const*)
                0x00000000c0010788                HardDiskController::HardDiskController(char const*)
                0x00000000c00107be                HardDiskController::~HardDiskController()
                0x00000000c00107be                HardDiskController::~HardDiskController()
                0x00000000c00107e2                HardDiskController::~HardDiskController()
 .text          0x00000000c001080c       0xde hal/diskphys.32
                0x00000000c001080c                PhysicalDisk::PhysicalDisk(char const*, int)
                0x00000000c001080c                PhysicalDisk::PhysicalDisk(char const*, int)
                0x00000000c0010874                PhysicalDisk::startCache()
                0x00000000c001089c                PhysicalDisk::~PhysicalDisk()
                0x00000000c001089c                PhysicalDisk::~PhysicalDisk()
                0x00000000c00108c0                PhysicalDisk::~PhysicalDisk()
 .text          0x00000000c00108ea      0x142 hal/fpu.32
                0x00000000c00108ea                FPU::FPU(char const*)
                0x00000000c00108ea                FPU::FPU(char const*)
                0x00000000c0010920                FPU::~FPU()
                0x00000000c0010920                FPU::~FPU()
                0x00000000c0010944                FPU::~FPU()
                0x00000000c001096e                setupFPU()
 .text          0x00000000c0010a2c      0xc21 hal/intctrl.32
                0x00000000c0010a2c                InterruptController::uninstallISRHandler(int, void (*)(regs*, void*))
                0x00000000c0010a64                InterruptController::installISRHandler(int, void (*)(regs*, void*), void*)
                0x00000000c0010ab6                doubleFault(regs*, void*)
                0x00000000c0010ac4                InterruptController::installIRQHandler(int, void (*)(regs*, void*), bool, void*)
                0x00000000c0010b60                InterruptController::clearAllHandlers(int, bool)
                0x00000000c0010c08                InterruptController::uninstallIRQHandler(int, void (*)(regs*, void*), bool)
                0x00000000c0010c8f                nmiHandler(regs*, void*)
                0x00000000c0010c9d                int_handler
                0x00000000c0010d38                InterruptController::InterruptController(char const*)
                0x00000000c0010d38                InterruptController::InterruptController(char const*)
                0x00000000c0010dde                InterruptController::~InterruptController()
                0x00000000c0010dde                InterruptController::~InterruptController()
                0x00000000c0010e02                InterruptController::~InterruptController()
                0x00000000c0010e2c                displayDebugInfo(regs*)
                0x00000000c0011243                x87EmulHandler(regs*, void*)
                0x00000000c00112a6                gpFault(regs*, void*)
                0x00000000c00112df                pgFault(regs*, void*)
                0x00000000c00112f6                otherISRHandler(regs*, void*)
                0x00000000c0011315                opcodeFault(regs*, void*)
                0x00000000c001137f                displayProgramFault(char const*)
                0x00000000c00113a8                InterruptController::convertLegacyIRQNumber(int)
                0x00000000c00113f2                setupInterruptController()
 *fill*         0x00000000c001164d        0x1 
 .text          0x00000000c001164e      0x608 hal/keybrd.32
                0x00000000c001164e                startGUI(void*)
                0x00000000c00116c0                sendKeyToTerminal(unsigned char)
                0x00000000c001172c                sendKeyboardToken(KeyboardToken)
                0x00000000c0011b07                clearInternalKeybuffer(VgaText*)
                0x00000000c0011b3c                readKeyboard(VgaText*, char*, unsigned long)
                0x00000000c0011bcc                Keyboard::Keyboard(char const*)
                0x00000000c0011bcc                Keyboard::Keyboard(char const*)
                0x00000000c0011c08                Keyboard::~Keyboard()
                0x00000000c0011c08                Keyboard::~Keyboard()
                0x00000000c0011c2c                Keyboard::~Keyboard()
 .text          0x00000000c0011c56      0x400 hal/logidisk.32
                0x00000000c0011c56                LogicalDisk::close(int, int, void*)
                0x00000000c0011c5a                LogicalDisk::~LogicalDisk()
                0x00000000c0011c5a                LogicalDisk::~LogicalDisk()
                0x00000000c0011c7e                LogicalDisk::~LogicalDisk()
                0x00000000c0011ca8                LogicalDisk::open(int, int, void*)
                0x00000000c0011cbc                LogicalDisk::absoluteToRelative(unsigned long long)
                0x00000000c0011cf4                LogicalDisk::relativeToAbsolute(unsigned long long)
                0x00000000c0011d3a                LogicalDisk::LogicalDisk(char const*, PhysicalDisk*, unsigned long long, unsigned long long)
                0x00000000c0011d3a                LogicalDisk::LogicalDisk(char const*, PhysicalDisk*, unsigned long long, unsigned long long)
                0x00000000c0011df0                LogicalDisk::assignDriveLetter()
                0x00000000c0011ea6                LogicalDisk::mount()
                0x00000000c0011f18                LogicalDisk::unmount()
                0x00000000c0011f28                LogicalDisk::unassignDriveLetter()
                0x00000000c0011f7e                LogicalDisk::read(unsigned long long, int, void*)
                0x00000000c0011fea                LogicalDisk::write(unsigned long long, int, void*)
 .text          0x00000000c0012056       0x84 hal/mouse.32
                0x00000000c0012056                Mouse::Mouse(char const*)
                0x00000000c0012056                Mouse::Mouse(char const*)
                0x00000000c001208c                Mouse::~Mouse()
                0x00000000c001208c                Mouse::~Mouse()
                0x00000000c00120b0                Mouse::~Mouse()
 .text          0x00000000c00120da      0x339 hal/partition.32
                0x00000000c00120da                makePartition(PhysicalDisk*, unsigned long long, unsigned long long)
                0x00000000c0012182                createPartitionsForDisk(PhysicalDisk*)
 *fill*         0x00000000c0012413        0x1 
 .text          0x00000000c0012414      0x2e7 hal/timer.32
                0x00000000c0012414                Timer::Timer(char const*)
                0x00000000c0012414                Timer::Timer(char const*)
                0x00000000c001244a                Timer::~Timer()
                0x00000000c001244a                Timer::~Timer()
                0x00000000c001246e                Timer::~Timer()
                0x00000000c0012498                Timer::read()
                0x00000000c00124a3                timerHandler(unsigned long long)
                0x00000000c00125da                setupTimer(int)
 *fill*         0x00000000c00126fb        0x1 
 .text          0x00000000c00126fc      0x2d1 hal/vcache.32
                0x00000000c00126fc                VCache::VCache(PhysicalDisk*)
                0x00000000c00126fc                VCache::VCache(PhysicalDisk*)
                0x00000000c00127ec                VCache::writeWriteBuffer()
                0x00000000c0012828                VCache::~VCache()
                0x00000000c0012828                VCache::~VCache()
                0x00000000c0012868                VCache::~VCache()
                0x00000000c0012890                VCache::write(unsigned long long, int, void*)
                0x00000000c0012974                VCache::read(unsigned long long, int, void*)
 *fill*         0x00000000c00129cd        0x1 
 .text          0x00000000c00129ce      0x26d hal/video.32
                0x00000000c00129ce                Video::putrect(int, int, int, int, unsigned int)
                0x00000000c0012a18                Video::blit(unsigned int*, int, int, int, int)
                0x00000000c0012a96                Video::clearScreen(unsigned int)
                0x00000000c0012aca                Video::putpixel(int, int, unsigned int)
                0x00000000c0012ad8                Video::Video(char const*)
                0x00000000c0012ad8                Video::Video(char const*)
                0x00000000c0012b0e                Video::~Video()
                0x00000000c0012b0e                Video::~Video()
                0x00000000c0012b32                Video::~Video()
                0x00000000c0012b5c                Video::isMonochrome()
                0x00000000c0012b68                Video::getWidth()
                0x00000000c0012b74                Video::getHeight()
                0x00000000c0012b80                Video::drawCursor(int, int, unsigned char*, int)
 *fill*         0x00000000c0012c3b        0x1 
 .text          0x00000000c0012c3c      0xd28 hw/acpi.32
                0x00000000c0012c3c                ACPI::close(int, int, void*)
                0x00000000c0012cf1                findRSDP()
                0x00000000c0012d7b                loadACPITables(unsigned char*)
                0x00000000c0012fa2                findRSDT(unsigned char*)
                0x00000000c00130c0                findDataTable(unsigned char*, char*)
                0x00000000c001315c                scanMADT()
                0x00000000c00134f0                ACPI::ACPI()
                0x00000000c00134f0                ACPI::ACPI()
                0x00000000c0013550                ACPI::getPCIIRQAssignment(unsigned char, unsigned short, unsigned char)
                0x00000000c0013632                ACPI::registerPCIIRQAssignment(void*, unsigned short, unsigned char, unsigned char)
                0x00000000c0013738                ACPI::setScreenBrightnessLevel(void*, int)
                0x00000000c001373e                ACPI::writeSimpleBootFlag(SimpleBootFlagTable*)
                0x00000000c0013786                ACPI::open(int, int, void*)
                0x00000000c001394c                ACPI::sleep()
 .text          0x00000000c0013964     0x132c hw/cpu.32
                0x00000000c0013964                CPU::close(int, int, void*)
                0x00000000c0013967                lookupAMDCPUName(unsigned char, unsigned char)
                0x00000000c0013afb                lookupIntelCPUName(unsigned char, unsigned char)
                0x00000000c0013da9                AMD_K6_write_msr(unsigned int, unsigned int, unsigned int, REGS*)
                0x00000000c0013dc5                AMD_K6_read_msr(unsigned int, REGS*)
                0x00000000c0013ddd                AMD_K6_writeback(int, int, int)
                0x00000000c0013e50                cpuid(int, unsigned long*, unsigned long*, unsigned long*, unsigned long*)
                0x00000000c0013ed3                cpuidCheckEDX(unsigned int)
                0x00000000c0013f00                cpuidCheckECX(unsigned int)
                0x00000000c0013f2d                cpuidCheckExtendedEBX(unsigned int)
                0x00000000c0013f5a                cpuidCheckExtendedECX(unsigned int)
                0x00000000c0013f87                getCPUNumber()
                0x00000000c0013f8a                thisCPU()
                0x00000000c0013f9e                CPU::CPU()
                0x00000000c0013f9e                CPU::CPU()
                0x00000000c001402c                CPU::displayFeatures()
                0x00000000c001402e                CPU::detectFeatures()
                0x00000000c0014a20                CPU::setupSMEP()
                0x00000000c0014a3a                CPU::setupUMIP()
                0x00000000c0014a52                CPU::setupTSC()
                0x00000000c0014a6a                CPU::setupLargePages()
                0x00000000c0014a82                CPU::setupPAT()
                0x00000000c0014abe                CPU::setupMTRR()
                0x00000000c0014ac0                CPU::setupGlobalPages()
                0x00000000c0014ad6                CPU::allowUsermodeDataAccess()
                0x00000000c0014ae8                CPU::prohibitUsermodeDataAccess()
                0x00000000c0014afa                CPU::setupSMAP()
                0x00000000c0014b20                CPU::setupFeatures()
                0x00000000c0014bc2                CPU::open(int, int, void*)
 .text          0x00000000c0014c90        0x0 hw/ports.32
 .text          0x00000000c0014c90      0x32c krnl/panic.32
                0x00000000c0014c90                Krnl::panic(char const*)
 .text          0x00000000c0014fbc      0x503 reg/registry.32
                0x00000000c0014fbc                Reg::findLineFromLoadedData(char*, char*, char*)
                0x00000000c0015114                Reg::getLineFromRegistry(char*, char*, char*, char*)
                0x00000000c0015273                Reg::getLine(char*, char*, char*)
                0x00000000c00152aa                Reg::readInt(char*, char*, int*)
                0x00000000c0015395                Reg::readString(char*, char*, char*, int)
                0x00000000c0015416                Reg::readBool(char*, char*, bool*)
                0x00000000c001543b                Reg::readBoolWithDefault(char*, char*, bool)
                0x00000000c0015467                Reg::readIntWithDefault(char*, char*, int)
                0x00000000c0015493                Reg::readStringWithDefault(char*, char*, char*, int, char*)
 .text          0x00000000c00154bf       0x18 sys/sc_exit.32
                0x00000000c00154bf                Sys::exit(regs*)
 .text          0x00000000c00154d7       0x95 sys/sc_loaddll.32
                0x00000000c00154d7                Sys::loadDLL(regs*)
 .text          0x00000000c001556c       0x68 sys/sc_read.32
                0x00000000c001556c                Sys::read(regs*)
 .text          0x00000000c00155d4       0x55 sys/sc_sbrk.32
                0x00000000c00155d4                Sys::sbrk(regs*)
 .text          0x00000000c0015629       0x83 sys/sc_write.32
                0x00000000c0015629                Sys::write(regs*)
 .text          0x00000000c00156ac       0x1a sys/sc_yield.32
                0x00000000c00156ac                Sys::yield(regs*)
 .text          0x00000000c00156c6      0xfef sys/syscalls.32
                0x00000000c00156c6                sysCallGetPID(regs*)
                0x00000000c00156d2                sysCallSeekDir(regs*)
                0x00000000c00156d7                sysCallTellDir(regs*)
                0x00000000c00156dc                sysCallVerify(regs*)
                0x00000000c00156e6                sysCallGetArgc(regs*)
                0x00000000c00156f6                sysFormatDisk(regs*)
                0x00000000c0015760                sysSetDiskVolumeLabel(regs*)
                0x00000000c00157a6                sysGetDiskVolumeLabel(regs*)
                0x00000000c00157f7                sysShutdown(regs*)
                0x00000000c0015855                sysCallGetCwd(regs*)
                0x00000000c0015874                sysCallSetCwd(regs*)
                0x00000000c0015890                sysCallRealpath(regs*)
                0x00000000c00158d3                sysCallReadDir(regs*)
                0x00000000c0015961                sysCallIsATTY(regs*)
                0x00000000c00159bb                sysCallSeek(regs*)
                0x00000000c0015a24                sysCallTell(regs*)
                0x00000000c0015aa1                sysCallSizeFromFilename(regs*)
                0x00000000c0015b52                sysCallSize(regs*)
                0x00000000c0015bd5                sysCallClose(regs*)
                0x00000000c0015c5d                sysCallOpenDir(regs*)
                0x00000000c0015cca                sysCallMakeDir(regs*)
                0x00000000c0015d23                sysCallCloseDir(regs*)
                0x00000000c0015d89                sysCallWait(regs*)
                0x00000000c0015da3                sysCallFork(regs*)
                0x00000000c0015dbf                sysCallExecve(regs*)
                0x00000000c0015e14                sysCallRmdir(regs*)
                0x00000000c0015e66                sysCallUnlink(regs*)
                0x00000000c0015eb8                sysCallGetArgv(regs*)
                0x00000000c0015f04                sysCallTTYName(regs*)
                0x00000000c0015f87                sysCallGetEnv(regs*)
                0x00000000c0015fd9                sysCallUSleep(regs*)
                0x00000000c0016000                sysCallSpawn(regs*)
                0x00000000c0016070                sysAppSettings(regs*)
                0x00000000c001618f                sysSetFatAttrib(regs*)
                0x00000000c00161ef                sysPanic(regs*)
                0x00000000c0016215                sysPipe(regs*)
                0x00000000c001625a                sysGetUnixTime(regs*)
                0x00000000c001626e                string_ends_with(char const*, char const*)
                0x00000000c00162b6                sysCallOpen(regs*)
                0x00000000c00164ba                setupSystemCalls()
                0x00000000c0016673                systemCall(regs*, void*)
 .text          0x00000000c00166b5     0x1137 thr/elf.32
                0x00000000c00166b5                Thr::allocateMemoryForTask(Process*, File*, unsigned long, unsigned long, unsigned long)
                0x00000000c0016932                Thr::loadProgramIntoMemory(Process*, char const*)
                0x00000000c0016b48                Thr::runtimeReferenceHelper()
                0x00000000c0016b5b                Thr::getAddressOfKernelSymbol(char const*)
                0x00000000c0016baa                Thr::loadKernelSymbolTable(char const*)
                0x00000000c0016e6b                Thr::loadDriverIntoMemory(char const*, unsigned long, bool)
                0x00000000c00175ec                Thr::getDriverBaseFromAddress(unsigned long)
                0x00000000c001761e                Thr::getDriverNameFromAddress(unsigned long)
                0x00000000c0017655                Thr::getDriverOffsetFromAddress(unsigned long)
                0x00000000c001766f                Thr::loadDLL(char const*, bool)
                0x00000000c00177c2                Thr::executeDLL(unsigned long, void*)
 .text          0x00000000c00177ec     0x11c2 thr/prcssthr.32
                0x00000000c00177ec                changeTSS
                0x00000000c001781a                Process::addArgs(char**)
                0x00000000c0017874                Process::Process(char const*, Process*, char**)
                0x00000000c0017874                Process::Process(char const*, Process*, char**)
                0x00000000c0017a2c                Process::Process(bool, char const*, Process*, char**)
                0x00000000c0017a2c                Process::Process(bool, char const*, Process*, char**)
                0x00000000c0017baf                disableIRQs()
                0x00000000c0017bb7                getIRQNestingLevel()
                0x00000000c0017bbd                enableIRQs()
                0x00000000c0017bcc                lockScheduler()
                0x00000000c0017bce                unlockScheduler()
                0x00000000c0017bd0                userModeEntryPoint(void*)
                0x00000000c0017bf3                lockStuff()
                0x00000000c0017bff                taskStartupFunction
                0x00000000c0017c08                updateTimeUsed()
                0x00000000c0017c66                switchToThread(ThreadControlBlock*)
                0x00000000c0017cb6                Semaphore::Semaphore(int)
                0x00000000c0017cb6                Semaphore::Semaphore(int)
                0x00000000c0017ce4                Mutex::Mutex()
                0x00000000c0017ce4                Mutex::Mutex()
                0x00000000c0017cf6                Process::createThread(void (*)(void*), void*, int)
                0x00000000c0017dda                Process::createUserThread()
                0x00000000c0017df6                setupMultitasking(void (*)())
                0x00000000c0017f00                schedule()
                0x00000000c0017f85                unlockStuff()
                0x00000000c0017fba                forkProcess(regs*)
                0x00000000c0018128                Semaphore::tryAcquire()
                0x00000000c0018156                Semaphore::assertLocked(char const*)
                0x00000000c0018189                blockTaskWithSchedulerLockAlreadyHeld(TaskState)
                0x00000000c00181cb                blockTask(TaskState)
                0x00000000c00181ec                waitTask(int, int*, int)
                0x00000000c001822e                nanoSleepUntil(unsigned long long)
                0x00000000c0018285                nanoSleep(unsigned long long)
                0x00000000c001829a                sleep(unsigned long long)
                0x00000000c00182b8                Semaphore::acquire()
                0x00000000c0018320                execveProcess(char const*, char* const*, char* const*)
                0x00000000c00183ae                taskReturned
                0x00000000c00183dc                unblockTask(ThreadControlBlock*)
                0x00000000c001848b                cleanupTerminatedTask(ThreadControlBlock*)
                0x00000000c001872f                cleanerTaskFunction(void*)
                0x00000000c00187e2                terminateTask(int)
                0x00000000c00188b6                Thr::terminateFromIRQ(int)
                0x00000000c00188c2                Semaphore::release()
 .text          0x00000000c00189ae      0x8bf vm86/vm8086.32
                0x00000000c00189ae                Vm::vm8086EntryPoint(void*)
                0x00000000c00189d9                Vm::inbv(unsigned short)
                0x00000000c00189df                Vm::outbv(unsigned short, unsigned char)
                0x00000000c00189e9                Vm::realToLinear(unsigned short, unsigned short)
                0x00000000c00189f9                Vm::getSegment(unsigned int)
                0x00000000c0018a01                Vm::getOffset(unsigned int)
                0x00000000c0018a06                Vm::loadFileAsThread(Process*, char const*, unsigned short, unsigned short, unsigned short, unsigned short)
                0x00000000c0018b35                Vm::doISR(regs*, int, unsigned char*, unsigned short, unsigned short)
                0x00000000c0018bbf                Vm::readByteFromReal(unsigned short, unsigned short)
                0x00000000c0018bd0                Vm::readWordFromReal(unsigned short, unsigned short)
                0x00000000c0018be2                Vm::readDwordFromReal(unsigned short, unsigned short)
                0x00000000c0018bf3                Vm::writeByteFromReal(unsigned short, unsigned short, unsigned char)
                0x00000000c0018c08                Vm::writeWordFromReal(unsigned short, unsigned short, unsigned short)
                0x00000000c0018c1e                Vm::writeDwordFromReal(unsigned short, unsigned short, unsigned int)
                0x00000000c0018c33                Vm::faultHandler(regs*)
 *fill*         0x00000000c001926d        0x1 
 .text          0x00000000c001926e     0x10ed fs/fat/vfslink.32
                0x00000000c001926e                FAT::getName()
                0x00000000c0019274                FAT::tell(void*, unsigned long long*)
                0x00000000c00192a8                FAT::stat(void*, unsigned long long*)
                0x00000000c00192dc                FAT::~FAT()
                0x00000000c00192dc                FAT::~FAT()
                0x00000000c0019300                FAT::~FAT()
                0x00000000c0019328                FAT::getlabel(LogicalDisk*, int, char*, unsigned int*)
                0x00000000c00193c6                FAT::setlabel(LogicalDisk*, int, char*)
                0x00000000c0019480                FAT::format(LogicalDisk*, int, char const*, int)
                0x00000000c0019664                FAT::tryMount(LogicalDisk*, int)
                0x00000000c001986a                FAT::readDir(void*, unsigned long, void*, int*)
                0x00000000c0019970                FAT::read(void*, unsigned long, void*, int*)
                0x00000000c00199ca                FAT::write(void*, unsigned long, void*, int*)
                0x00000000c0019a24                FAT::close(void*)
                0x00000000c0019a70                FAT::closeDir(void*)
                0x00000000c0019abc                FAT::seek(void*, unsigned long long)
                0x00000000c0019b10                fatWrapperReadDisk
                0x00000000c0019b57                fatWrapperWriteDisk
                0x00000000c0019b9e                fatWrapperIoctl
                0x00000000c0019ca2                FAT::FAT()
                0x00000000c0019ca2                FAT::FAT()
                0x00000000c0019cf4                FAT::fixFilepath(char*)
                0x00000000c0019d2c                FAT::open(char const*, void**, FileOpenMode)
                0x00000000c0019e54                FAT::openDir(char const*, void**)
                0x00000000c0019efa                FAT::stat(char const*, unsigned long long*, bool*)
                0x00000000c0019fe4                FAT::unlink(char const*)
                0x00000000c001a05e                FAT::chfatattr(char const*, unsigned char, unsigned char)
                0x00000000c001a1b2                FAT::rename(char const*, char const*)
                0x00000000c001a276                FAT::mkdir(char const*)
                0x00000000c001a2f0                FAT::exists(char const*)
 *fill*         0x00000000c001a35b        0x1 
 .text          0x00000000c001a35c      0xbdf fs/iso9660/vfslink.32
                0x00000000c001a35c                ISO9660::format(LogicalDisk*, int, char const*, int)
                0x00000000c001a362                ISO9660::seek(void*, unsigned long long)
                0x00000000c001a392                ISO9660::tell(void*, unsigned long long*)
                0x00000000c001a3b6                ISO9660::getName()
                0x00000000c001a3bc                ISO9660::stat(void*, unsigned long long*)
                0x00000000c001a3e0                ISO9660::chfatattr(char const*, unsigned char, unsigned char)
                0x00000000c001a3e6                ISO9660::unlink(char const*)
                0x00000000c001a3ec                ISO9660::write(void*, unsigned long, void*, int*)
                0x00000000c001a3f2                ISO9660::rename(char const*, char const*)
                0x00000000c001a3f8                ISO9660::mkdir(char const*)
                0x00000000c001a3fe                ISO9660::close(void*)
                0x00000000c001a420                ISO9660::closeDir(void*)
                0x00000000c001a442                ISO9660::~ISO9660()
                0x00000000c001a442                ISO9660::~ISO9660()
                0x00000000c001a466                ISO9660::~ISO9660()
                0x00000000c001a48d                __memmem(unsigned char*, int, unsigned char*, int)
                0x00000000c001a4cf                readSectorFromCDROM(unsigned int, unsigned char*, char)
                0x00000000c001a536                ISO9660::tryMount(LogicalDisk*, int)
                0x00000000c001a586                ISO9660::read(void*, unsigned long, void*, int*)
                0x00000000c001a7ca                ISO9660::readDir(void*, unsigned long, void*, int*)
                0x00000000c001aa57                readRoot(unsigned int*, unsigned int*, char)
                0x00000000c001aaac                readRecursively(char*, unsigned int, unsigned int, unsigned int*, unsigned int*, char, int*)
                0x00000000c001ac7f                getFileData(char*, unsigned int*, unsigned int*, char, int*)
                0x00000000c001ad0e                ISO9660::open(char const*, void**, FileOpenMode)
                0x00000000c001ada8                ISO9660::exists(char const*)
                0x00000000c001adcc                ISO9660::stat(char const*, unsigned long long*, bool*)
                0x00000000c001ae60                ISO9660::openDir(char const*, void**)
                0x00000000c001af18                ISO9660::ISO9660()
                0x00000000c001af18                ISO9660::ISO9660()
 *fill*         0x00000000c001af3b        0x1 
 .text          0x00000000c001af3c      0x244 hal/sound/sndchannel.32
                0x00000000c001af3c                SoundChannel::~SoundChannel()
                0x00000000c001af3c                SoundChannel::~SoundChannel()
                0x00000000c001af58                SoundChannel::setSpeed(float)
                0x00000000c001af64                SoundChannel::getSpeed()
                0x00000000c001af6c                SoundChannel::setVolume(int)
                0x00000000c001af88                SoundChannel::getVolume()
                0x00000000c001af90                SoundChannel::pause()
                0x00000000c001af9a                SoundChannel::SoundChannel(int, int, int, int)
                0x00000000c001af9a                SoundChannel::SoundChannel(int, int, int, int)
                0x00000000c001b090                SoundChannel::play()
                0x00000000c001b09a                SoundChannel::paused()
                0x00000000c001b0a2                SoundChannel::getSampleRate()
                0x00000000c001b0aa                SoundChannel::getBits()
                0x00000000c001b0b2                SoundChannel::getBufferUsed()
                0x00000000c001b0ba                SoundChannel::getBufferSize()
                0x00000000c001b0c2                SoundChannel::unbuffer(float*, int, int)
                0x00000000c001b134                SoundChannel::buffer8(unsigned char*, int)
 .text          0x00000000c001b180      0x317 hal/sound/sndhw.32
                0x00000000c001b180                SoundDevice::SoundDevice(char const*)
                0x00000000c001b180                SoundDevice::SoundDevice(char const*)
                0x00000000c001b1ec                SoundDevice::~SoundDevice()
                0x00000000c001b1ec                SoundDevice::~SoundDevice()
                0x00000000c001b266                SoundDevice::~SoundDevice()
                0x00000000c001b290                SoundDevice::getFreeChannelNum()
                0x00000000c001b2aa                SoundDevice::addChannel(SoundChannel*)
                0x00000000c001b31a                SoundDevice::removeChannel(int)
                0x00000000c001b34c                SoundDevice::floatTo8(float*, unsigned char*, int)
                0x00000000c001b3b8                SoundDevice::getAudio(int, float*, float*)
 .text          0x00000000c001b497        0x0 hw/bus/isa.32
 *fill*         0x00000000c001b497        0x1 
 .text          0x00000000c001b498      0x6e5 hw/bus/pci.32
                0x00000000c001b498                PCI::open(int, int, void*)
                0x00000000c001b4ac                PCI::close(int, int, void*)
                0x00000000c001b4b0                PCI::PCI()
                0x00000000c001b4b0                PCI::PCI()
                0x00000000c001b530                PCI::pciReadWord(unsigned char, unsigned char, unsigned char, unsigned char)
                0x00000000c001b578                PCI::getVendorID(unsigned char, unsigned char, unsigned char)
                0x00000000c001b59a                PCI::getHeaderType(unsigned char, unsigned char, unsigned char)
                0x00000000c001b5be                PCI::getClassCode(unsigned char, unsigned char, unsigned char)
                0x00000000c001b602                PCI::getProgIF(unsigned char, unsigned char, unsigned char)
                0x00000000c001b626                PCI::getRevisionID(unsigned char, unsigned char, unsigned char)
                0x00000000c001b648                PCI::getInterruptNumber(unsigned char, unsigned char, unsigned char)
                0x00000000c001b66a                PCI::getSecondaryBus(unsigned char, unsigned char, unsigned char)
                0x00000000c001b68e                PCI::getBARAddress(unsigned char, unsigned char, unsigned char, unsigned char)
                0x00000000c001b6ee                PCI::pciWriteWord(unsigned char, unsigned char, unsigned char, unsigned char, unsigned short)
                0x00000000c001b75a                PCI::checkBus(unsigned char)
                0x00000000c001b77e                PCI::foundDevice(PCIDeviceInfo)
                0x00000000c001b8ee                PCI::getDeviceData(unsigned char, unsigned char, unsigned char)
                0x00000000c001babe                PCI::checkDevice(unsigned char, unsigned char)
                0x00000000c001bb2a                PCI::detect()
 *fill*         0x00000000c001bb7d        0x1 
 .text          0x00000000c001bb7e      0xc70 hw/diskctrl/ide.32
                0x00000000c001bb7e                IDE::close(int, int, void*)
                0x00000000c001bb82                IDE::IDE()
                0x00000000c001bb82                IDE::IDE()
                0x00000000c001bbb6                IDE::prepareInterrupt(unsigned char)
                0x00000000c001bbc8                selectDrive(unsigned char, unsigned char)
                0x00000000c001bbca                IDE::getBase(unsigned char)
                0x00000000c001bbdc                IDE::write(unsigned char, unsigned char, unsigned char)
                0x00000000c001bc9c                IDE::read(unsigned char, unsigned char)
                0x00000000c001bd4a                IDE::waitInterrupt(unsigned char)
                0x00000000c001bdb0                ideChannel0IRQHandler(regs*, void*)
                0x00000000c001bdcc                ideChannel1IRQHandler(regs*, void*)
                0x00000000c001bde8                IDE::enableIRQs(unsigned char, bool)
                0x00000000c001be2e                IDE::open(int, int, void*)
                0x00000000c001c23e                IDE::readBuffer(unsigned char, unsigned char, unsigned int, unsigned int)
                0x00000000c001c30a                IDE::detect()
                0x00000000c001c5f2                IDE::printError(unsigned char, unsigned char, unsigned char)
                0x00000000c001c788                IDE::polling(unsigned char, unsigned int)
 .text          0x00000000c001c7ee      0x62b hw/diskphys/ata.32
                0x00000000c001c7ee                ATA::close(int, int, void*)
                0x00000000c001c812                ATA::powerSaving(PowerSavingLevel)
                0x00000000c001c814                ATA::ATA()
                0x00000000c001c814                ATA::ATA()
                0x00000000c001c842                ATA::flush(bool)
                0x00000000c001c88c                ATA::readyForCommand()
                0x00000000c001c8dc                ATA::access(unsigned long long, int, void*, bool)
                0x00000000c001cc5a                ATA::read(unsigned long long, int, void*)
                0x00000000c001ccc2                ATA::write(unsigned long long, int, void*)
                0x00000000c001cd2a                ATA::detectCHS()
                0x00000000c001cd54                ATA::open(int, int, void*)
 *fill*         0x00000000c001ce19        0x1 
 .text          0x00000000c001ce1a      0x5b3 hw/diskphys/atapi.32
                0x00000000c001ce1a                ATAPI::write(unsigned long long, int, void*)
                0x00000000c001ce20                ATAPI::close(int, int, void*)
                0x00000000c001ce44                ATAPI::ATAPI()
                0x00000000c001ce44                ATAPI::ATAPI()
                0x00000000c001ce72                ATAPI::readyForCommand()
                0x00000000c001cec2                ATAPI::sendPacket(unsigned char*, int, bool, unsigned short*, int)
                0x00000000c001d182                ATAPI::diskRemoved()
                0x00000000c001d19e                ATAPI::eject()
                0x00000000c001d1e4                ATAPI::diskInserted()
                0x00000000c001d212                ATAPI::detectMedia()
                0x00000000c001d2ce                ATAPI::open(int, int, void*)
                0x00000000c001d34e                ATAPI::read(unsigned long long, int, void*)
 *fill*         0x00000000c001d3cd        0x1 
 .text          0x00000000c001d3ce       0x8e hw/fpu/avx.32
                0x00000000c001d3ce                AVX::open(int, int, void*)
                0x00000000c001d3e0                AVX::close(int, int, void*)
                0x00000000c001d3f2                AVX::available()
                0x00000000c001d404                AVX::save(void*)
                0x00000000c001d41c                AVX::load(void*)
                0x00000000c001d434                AVX::AVX()
                0x00000000c001d434                AVX::AVX()
 .text          0x00000000c001d45c       0x90 hw/fpu/mmx.32
                0x00000000c001d45c                MMX::available()
                0x00000000c001d470                MMX::open(int, int, void*)
                0x00000000c001d482                MMX::close(int, int, void*)
                0x00000000c001d494                MMX::save(void*)
                0x00000000c001d4ac                MMX::load(void*)
                0x00000000c001d4c4                MMX::MMX()
                0x00000000c001d4c4                MMX::MMX()
 .text          0x00000000c001d4ec       0x96 hw/fpu/sse.32
                0x00000000c001d4ec                SSE::open(int, int, void*)
                0x00000000c001d4fe                SSE::close(int, int, void*)
                0x00000000c001d510                SSE::available()
                0x00000000c001d52a                SSE::save(void*)
                0x00000000c001d542                SSE::load(void*)
                0x00000000c001d55a                SSE::SSE()
                0x00000000c001d55a                SSE::SSE()
 .text          0x00000000c001d582       0x8e hw/fpu/x87.32
                0x00000000c001d582                x87::open(int, int, void*)
                0x00000000c001d594                x87::close(int, int, void*)
                0x00000000c001d5a6                x87::available()
                0x00000000c001d5b8                x87::save(void*)
                0x00000000c001d5d0                x87::load(void*)
                0x00000000c001d5e8                x87::x87()
                0x00000000c001d5e8                x87::x87()
 .text          0x00000000c001d610      0x5f3 hw/intctrl/apic.32
                0x00000000c001d610                APIC::disable()
                0x00000000c001d612                APIC::close(int, int, void*)
                0x00000000c001d634                IOAPIC::close(int, int, void*)
                0x00000000c001d63a                APIC::io_wait()
                0x00000000c001d640                APIC::getBase()
                0x00000000c001d682                APIC::eoi(unsigned char)
                0x00000000c001d6b0                APIC::open(int, int, void*)
                0x00000000c001d76a                IOAPIC::IOAPIC()
                0x00000000c001d76a                IOAPIC::IOAPIC()
                0x00000000c001d792                APIC::APIC()
                0x00000000c001d792                APIC::APIC()
                0x00000000c001d862                IOAPIC::handlesGSIWithNumber(unsigned int)
                0x00000000c001d894                IOAPIC::read(int)
                0x00000000c001d8bc                IOAPIC::open(int, int, void*)
                0x00000000c001d9b2                IOAPIC::write(int, int)
                0x00000000c001d9de                IOAPIC::redirect(unsigned char, unsigned long long, unsigned char)
                0x00000000c001da98                APIC::installIRQHandler(int, void (*)(regs*, void*), bool, void*)
 *fill*         0x00000000c001dc03        0x1 
 .text          0x00000000c001dc04      0x3d3 hw/intctrl/pic.32
                0x00000000c001dc04                PIC::disable()
                0x00000000c001dc32                PIC::close(int, int, void*)
                0x00000000c001dc54                PIC::PIC()
                0x00000000c001dc54                PIC::PIC()
                0x00000000c001dd2a                PIC::ioWait()
                0x00000000c001dd30                PIC::getIRQReg(int)
                0x00000000c001dd9a                PIC::eoi(unsigned char)
                0x00000000c001de2c                PIC::remap()
                0x00000000c001df98                PIC::open(int, int, void*)
 *fill*         0x00000000c001dfd7        0x1 
 .text          0x00000000c001dfd8      0x252 hw/timer/apictimer.32
                0x00000000c001dfd8                APICTimer::close(int, int, void*)
                0x00000000c001dfde                apicTimerHandler(regs*, void*)
                0x00000000c001e00c                APICTimer::write(int)
                0x00000000c001e10a                APICTimer::open(int, int, void*)
                0x00000000c001e202                APICTimer::APICTimer()
                0x00000000c001e202                APICTimer::APICTimer()
 .text          0x00000000c001e22a      0x1a7 hw/timer/pit.32
                0x00000000c001e22a                PIT::write(int)
                0x00000000c001e2a8                pitHandler(regs*, void*)
                0x00000000c001e2d4                PIT::open(int, int, void*)
                0x00000000c001e322                PIT::close(int, int, void*)
                0x00000000c001e352                PIT::PIT()
                0x00000000c001e352                PIT::PIT()
 *fill*         0x00000000c001e3d1        0xf 
 .text          0x00000000c001e3e0        0xa hw/fpu/x86/avx.32
                0x00000000c001e3e0                avxDetect
                0x00000000c001e3e6                avxSave
                0x00000000c001e3e7                avxLoad
                0x00000000c001e3e8                avxInit
                0x00000000c001e3e9                avxClose
 *fill*         0x00000000c001e3ea        0x6 
 .text          0x00000000c001e3f0       0x38 hw/fpu/x86/sse.32
                0x00000000c001e3f0                sseDetect
                0x00000000c001e40b                sseSave
                0x00000000c001e411                sseLoad
                0x00000000c001e417                sseInit
                0x00000000c001e427                sseClose
 *fill*         0x00000000c001e428        0x8 
 .text          0x00000000c001e430       0x47 hw/fpu/x86/x87.32
                0x00000000c001e436                x87Detect
                0x00000000c001e451                x87Save
                0x00000000c001e457                x87Load
                0x00000000c001e45c                x87Init
                0x00000000c001e476                x87Close
 *fill*         0x00000000c001e477        0x1 
 .text          0x00000000c001e478       0x25 /cygdrive/d/Users/Alex/Desktop/Toolchain/Output/bin/../lib/gcc/i386-banana/8.1.0/crtend.o
 .text          0x00000000c001e49d        0x0 crtn.32
 *fill*         0x00000000c001e49d        0x3 
 .text          0x00000000c001e4a0      0x14b /cygdrive/d/Users/Alex/Desktop/Toolchain/Output/bin/../lib/gcc/i386-banana/8.1.0/libgcc.a(_divdi3.o)
                0x00000000c001e4a0                __divdi3
 *fill*         0x00000000c001e5eb        0x1 
 .text          0x00000000c001e5ec      0x17e /cygdrive/d/Users/Alex/Desktop/Toolchain/Output/bin/../lib/gcc/i386-banana/8.1.0/libgcc.a(_moddi3.o)
                0x00000000c001e5ec                __moddi3
 *fill*         0x00000000c001e76a        0x2 
 .text          0x00000000c001e76c       0xff /cygdrive/d/Users/Alex/Desktop/Toolchain/Output/bin/../lib/gcc/i386-banana/8.1.0/libgcc.a(_udivdi3.o)
                0x00000000c001e76c                __udivdi3
 *fill*         0x00000000c001e86b        0x1 
 .text          0x00000000c001e86c      0x11a /cygdrive/d/Users/Alex/Desktop/Toolchain/Output/bin/../lib/gcc/i386-banana/8.1.0/libgcc.a(_umoddi3.o)
                0x00000000c001e86c                __umoddi3
 *fill*         0x00000000c001e986        0xa 
 .text          0x00000000c001e990       0x1e D:/Users/Alex/Desktop/Banana/kernel/libk/libm32.a(s_fabs.c.o)
                0x00000000c001e990                fabs
 *fill*         0x00000000c001e9ae        0x2 
 .text          0x00000000c001e9b0        0xc D:/Users/Alex/Desktop/Banana/kernel/libk/libm32.a(s_lrint.S.o)
                0x00000000c001e9b0                lrint
 .text          0x00000000c001e9bc        0xc D:/Users/Alex/Desktop/Banana/kernel/libk/libm32.a(s_lrintf.S.o)
                0x00000000c001e9bc                lrintf
 *(.gnu.linkonce.t*)

.iplt           0x00000000c001e9c8        0x0
 .iplt          0x00000000c001e9c8        0x0 D:/Users/Alex/Desktop/Banana/kernel/boot.32

.init           0x00000000c001e9c8        0xf
 .init          0x00000000c001e9c8        0x3 crti.32
                0x00000000c001e9c8                _init
 .init          0x00000000c001e9cb        0x5 /cygdrive/d/Users/Alex/Desktop/Toolchain/Output/bin/../lib/gcc/i386-banana/8.1.0/crtbegin.o
 .init          0x00000000c001e9d0        0x5 /cygdrive/d/Users/Alex/Desktop/Toolchain/Output/bin/../lib/gcc/i386-banana/8.1.0/crtend.o
 .init          0x00000000c001e9d5        0x2 crtn.32

.fini           0x00000000c001e9d7        0xa
 .fini          0x00000000c001e9d7        0x3 crti.32
                0x00000000c001e9d7                _fini
 .fini          0x00000000c001e9da        0x5 /cygdrive/d/Users/Alex/Desktop/Toolchain/Output/bin/../lib/gcc/i386-banana/8.1.0/crtbegin.o
 .fini          0x00000000c001e9df        0x2 crtn.32

.text._ZN8ComputerD2Ev
                0x00000000c001e9e2       0x23
 .text._ZN8ComputerD2Ev
                0x00000000c001e9e2       0x23 core/computer.32
                0x00000000c001e9e2                Computer::~Computer()
                0x00000000c001e9e2                Computer::~Computer()

.text._ZN8ComputerD0Ev
                0x00000000c001ea06       0x2a
 .text._ZN8ComputerD0Ev
                0x00000000c001ea06       0x2a core/computer.32
                0x00000000c001ea06                Computer::~Computer()

.text._Z10idleCommonv
                0x00000000c001ea30       0x15
 .text._Z10idleCommonv
                0x00000000c001ea30       0x15 core/idle.32
                0x00000000c001ea30                idleCommon()

.text._ZN3CPU7readCR3Ev
                0x00000000c001ea45       0x12
 .text._ZN3CPU7readCR3Ev
                0x00000000c001ea45       0x12 core/kheap.32
                0x00000000c001ea45                CPU::readCR3()

.text._ZN3CPU8writeCR3Em
                0x00000000c001ea57        0x9
 .text._ZN3CPU8writeCR3Em
                0x00000000c001ea57        0x9 core/kheap.32
                0x00000000c001ea57                CPU::writeCR3(unsigned long)

.text._ZN10LinkedListI8UnixFileED2Ev
                0x00000000c001ea60        0x2
 .text._ZN10LinkedListI8UnixFileED2Ev
                0x00000000c001ea60        0x2 core/unixfile.32
                0x00000000c001ea60                LinkedList<UnixFile>::~LinkedList()
                0x00000000c001ea60                LinkedList<UnixFile>::~LinkedList()

.text._ZN10LinkedListI8UnixFileEC2Ev
                0x00000000c001ea62       0x58
 .text._ZN10LinkedListI8UnixFileEC2Ev
                0x00000000c001ea62       0x58 core/unixfile.32
                0x00000000c001ea62                LinkedList<UnixFile>::LinkedList()
                0x00000000c001ea62                LinkedList<UnixFile>::LinkedList()

.text._ZN10LinkedListI8UnixFileE10addElementEPS0_
                0x00000000c001eaba       0xd3
 .text._ZN10LinkedListI8UnixFileE10addElementEPS0_
                0x00000000c001eaba       0xd3 core/unixfile.32
                0x00000000c001eaba                LinkedList<UnixFile>::addElement(UnixFile*)

.text._ZN10LinkedListI8UnixFileE15getFirstElementEv
                0x00000000c001eb8e        0x7
 .text._ZN10LinkedListI8UnixFileE15getFirstElementEv
                0x00000000c001eb8e        0x7 core/unixfile.32
                0x00000000c001eb8e                LinkedList<UnixFile>::getFirstElement()

.text._ZN10LinkedListI8UnixFileE11removeFirstEv
                0x00000000c001eb96       0xa1
 .text._ZN10LinkedListI8UnixFileE11removeFirstEv
                0x00000000c001eb96       0xa1 core/unixfile.32
                0x00000000c001eb96                LinkedList<UnixFile>::removeFirst()

.text._ZN10LinkedListI8UnixFileE7getNextEPS0_
                0x00000000c001ec38        0x8
 .text._ZN10LinkedListI8UnixFileE7getNextEPS0_
                0x00000000c001ec38        0x8 core/unixfile.32
                0x00000000c001ec38                LinkedList<UnixFile>::getNext(UnixFile*)

.text._ZN16DriverlessDeviceD2Ev
                0x00000000c001ec40       0x1a
 .text._ZN16DriverlessDeviceD2Ev
                0x00000000c001ec40       0x1a hal/device.32
                0x00000000c001ec40                DriverlessDevice::~DriverlessDevice()
                0x00000000c001ec40                DriverlessDevice::~DriverlessDevice()

.text._ZN16DriverlessDeviceD0Ev
                0x00000000c001ec5a       0x2a
 .text._ZN16DriverlessDeviceD0Ev
                0x00000000c001ec5a       0x2a hal/device.32
                0x00000000c001ec5a                DriverlessDevice::~DriverlessDevice()

.text._ZN10LinkedListI6DeviceE10addElementEPS0_
                0x00000000c001ec84       0xdc
 .text._ZN10LinkedListI6DeviceE10addElementEPS0_
                0x00000000c001ec84       0xdc hal/device.32
                0x00000000c001ec84                LinkedList<Device>::addElement(Device*)

.text._ZN10LinkedListI6DeviceEC2Ev
                0x00000000c001ed60       0x58
 .text._ZN10LinkedListI6DeviceEC2Ev
                0x00000000c001ed60       0x58 hal/device.32
                0x00000000c001ed60                LinkedList<Device>::LinkedList()
                0x00000000c001ed60                LinkedList<Device>::LinkedList()

.text._ZN3CPU7readCR0Ev
                0x00000000c001edb8       0x12
 .text._ZN3CPU7readCR0Ev
                0x00000000c001edb8       0x12 hal/fpu.32
                0x00000000c001edb8                CPU::readCR0()

.text._ZN3CPU8writeCR0Em
                0x00000000c001edca        0x9
 .text._ZN3CPU8writeCR0Em
                0x00000000c001edca        0x9 hal/fpu.32
                0x00000000c001edca                CPU::writeCR0(unsigned long)

.text._ZN3CPU7readDR0Ev
                0x00000000c001edd3       0x12
 .text._ZN3CPU7readDR0Ev
                0x00000000c001edd3       0x12 hal/intctrl.32
                0x00000000c001edd3                CPU::readDR0()

.text._ZN3CPU7readDR1Ev
                0x00000000c001ede5       0x12
 .text._ZN3CPU7readDR1Ev
                0x00000000c001ede5       0x12 hal/intctrl.32
                0x00000000c001ede5                CPU::readDR1()

.text._ZN3CPU7readDR2Ev
                0x00000000c001edf7       0x12
 .text._ZN3CPU7readDR2Ev
                0x00000000c001edf7       0x12 hal/intctrl.32
                0x00000000c001edf7                CPU::readDR2()

.text._ZN3CPU7readDR3Ev
                0x00000000c001ee09       0x12
 .text._ZN3CPU7readDR3Ev
                0x00000000c001ee09       0x12 hal/intctrl.32
                0x00000000c001ee09                CPU::readDR3()

.text._ZN3CPU7readDR6Ev
                0x00000000c001ee1b       0x12
 .text._ZN3CPU7readDR6Ev
                0x00000000c001ee1b       0x12 hal/intctrl.32
                0x00000000c001ee1b                CPU::readDR6()

.text._ZN3CPU7readDR7Ev
                0x00000000c001ee2d       0x12
 .text._ZN3CPU7readDR7Ev
                0x00000000c001ee2d       0x12 hal/intctrl.32
                0x00000000c001ee2d                CPU::readDR7()

.text._ZN10LinkedListIV18ThreadControlBlockE15getFirstElementEv
                0x00000000c001ee40        0x7
 .text._ZN10LinkedListIV18ThreadControlBlockE15getFirstElementEv
                0x00000000c001ee40        0x7 hal/timer.32
                0x00000000c001ee40                LinkedList<ThreadControlBlock volatile>::getFirstElement()

.text._ZN10LinkedListIV18ThreadControlBlockE7isEmptyEv
                0x00000000c001ee48       0x1c
 .text._ZN10LinkedListIV18ThreadControlBlockE7isEmptyEv
                0x00000000c001ee48       0x1c hal/timer.32
                0x00000000c001ee48                LinkedList<ThreadControlBlock volatile>::isEmpty()

.text._ZN10LinkedListIV18ThreadControlBlockE11removeFirstEv
                0x00000000c001ee64       0xae
 .text._ZN10LinkedListIV18ThreadControlBlockE11removeFirstEv
                0x00000000c001ee64       0xae hal/timer.32
                0x00000000c001ee64                LinkedList<ThreadControlBlock volatile>::removeFirst()

.text._ZN10LinkedListIV18ThreadControlBlockE10addElementEPS1_
                0x00000000c001ef12       0xd3
 .text._ZN10LinkedListIV18ThreadControlBlockE10addElementEPS1_
                0x00000000c001ef12       0xd3 hal/timer.32
                0x00000000c001ef12                LinkedList<ThreadControlBlock volatile>::addElement(ThreadControlBlock volatile*)

.text._ZN4ACPID2Ev
                0x00000000c001efe6       0x23
 .text._ZN4ACPID2Ev
                0x00000000c001efe6       0x23 hw/acpi.32
                0x00000000c001efe6                ACPI::~ACPI()
                0x00000000c001efe6                ACPI::~ACPI()

.text._ZN4ACPID0Ev
                0x00000000c001f00a       0x2a
 .text._ZN4ACPID0Ev
                0x00000000c001f00a       0x2a hw/acpi.32
                0x00000000c001f00a                ACPI::~ACPI()

.text._ZN3CPUD2Ev
                0x00000000c001f034       0x23
 .text._ZN3CPUD2Ev
                0x00000000c001f034       0x23 hw/cpu.32
                0x00000000c001f034                CPU::~CPU()
                0x00000000c001f034                CPU::~CPU()

.text._ZN3CPUD0Ev
                0x00000000c001f058       0x2a
 .text._ZN3CPUD0Ev
                0x00000000c001f058       0x2a hw/cpu.32
                0x00000000c001f058                CPU::~CPU()

.text._ZN3CPU7readCR4Ev
                0x00000000c001f082       0x12
 .text._ZN3CPU7readCR4Ev
                0x00000000c001f082       0x12 hw/cpu.32
                0x00000000c001f082                CPU::readCR4()

.text._ZN3CPU8writeDR7Em
                0x00000000c001f094        0x9
 .text._ZN3CPU8writeDR7Em
                0x00000000c001f094        0x9 hw/cpu.32
                0x00000000c001f094                CPU::writeDR7(unsigned long)

.text._ZN3CPU8writeCR4Em
                0x00000000c001f09d        0x9
 .text._ZN3CPU8writeCR4Em
                0x00000000c001f09d        0x9 hw/cpu.32
                0x00000000c001f09d                CPU::writeCR4(unsigned long)

.text._ZN3CPU7readCR2Ev
                0x00000000c001f0a6       0x12
 .text._ZN3CPU7readCR2Ev
                0x00000000c001f0a6       0x12 krnl/panic.32
                0x00000000c001f0a6                CPU::readCR2()

.text._ZN10LinkedListIV18ThreadControlBlockED2Ev
                0x00000000c001f0b8        0x2
 .text._ZN10LinkedListIV18ThreadControlBlockED2Ev
                0x00000000c001f0b8        0x2 thr/prcssthr.32
                0x00000000c001f0b8                LinkedList<ThreadControlBlock volatile>::~LinkedList()
                0x00000000c001f0b8                LinkedList<ThreadControlBlock volatile>::~LinkedList()

.text._ZN18ThreadControlBlockC2Ev
                0x00000000c001f0ba       0x3e
 .text._ZN18ThreadControlBlockC2Ev
                0x00000000c001f0ba       0x3e thr/prcssthr.32
                0x00000000c001f0ba                ThreadControlBlock::ThreadControlBlock()
                0x00000000c001f0ba                ThreadControlBlock::ThreadControlBlock()

.text._ZN10LinkedListIV18ThreadControlBlockEC2Ev
                0x00000000c001f0f8       0x58
 .text._ZN10LinkedListIV18ThreadControlBlockEC2Ev
                0x00000000c001f0f8       0x58 thr/prcssthr.32
                0x00000000c001f0f8                LinkedList<ThreadControlBlock volatile>::LinkedList()
                0x00000000c001f0f8                LinkedList<ThreadControlBlock volatile>::LinkedList()

.text._ZN10LinkedListIV18ThreadControlBlockE7getNextEPS1_
                0x00000000c001f150        0x8
 .text._ZN10LinkedListIV18ThreadControlBlockE7getNextEPS1_
                0x00000000c001f150        0x8 thr/prcssthr.32
                0x00000000c001f150                LinkedList<ThreadControlBlock volatile>::getNext(ThreadControlBlock volatile*)

.text._ZN3PCID2Ev
                0x00000000c001f158       0x23
 .text._ZN3PCID2Ev
                0x00000000c001f158       0x23 hw/bus/pci.32
                0x00000000c001f158                PCI::~PCI()
                0x00000000c001f158                PCI::~PCI()

.text._ZN3PCID0Ev
                0x00000000c001f17c       0x2a
 .text._ZN3PCID0Ev