Archive member included to satisfy reference by file (symbol)

/cygdrive/d/Users/Alex/Desktop/Toolchain/Output/bin/../lib/gcc/i386-banana/8.1.0/libkgcc.a(_divdi3.o)
                              krnl/resolve.32 (__divdi3)
/cygdrive/d/Users/Alex/Desktop/Toolchain/Output/bin/../lib/gcc/i386-banana/8.1.0/libkgcc.a(_moddi3.o)
                              krnl/resolve.32 (__moddi3)
/cygdrive/d/Users/Alex/Desktop/Toolchain/Output/bin/../lib/gcc/i386-banana/8.1.0/libkgcc.a(_udivdi3.o)
                              hal/clock.32 (__udivdi3)
/cygdrive/d/Users/Alex/Desktop/Toolchain/Output/bin/../lib/gcc/i386-banana/8.1.0/libkgcc.a(_umoddi3.o)
                              core/pipe.32 (__umoddi3)

Allocating common symbols
Common symbol       size              file

current_iphdr_src   0x4               net/core/ipv4/ip.32
netif_list          0x4               net/core/netif.32
tcp_active_pcbs     0x4               net/core/tcp.32
udp_pcbs            0x4               net/core/udp.32
current_netif       0x4               net/core/ipv4/ip.32
tcp_ticks           0x4               net/core/tcp.32
tcp_listen_pcbs     0x4               net/core/tcp.32
current_iphdr_dest  0x4               net/core/ipv4/ip.32
tcp_tmp_pcb         0x4               net/core/tcp.32
tcp_input_pcb       0x4               net/core/tcp_in.32
dcache              0x40              fs/iso9660/iso9660.32
current_header      0x4               net/core/ipv4/ip.32
tcp_bound_pcbs      0x4               net/core/tcp.32
cdDriveLetter       0x1               fs/iso9660/iso9660.32
tcp_tw_pcbs         0x4               net/core/tcp.32
lwip_stats          0x150             net/core/stats.32
netif_default       0x4               net/core/netif.32
ram_heap            0x64d             net/core/mem.32
icache              0x40              fs/iso9660/iso9660.32

Discarded input sections

 .comment       0x0000000000000000       0x12 /cygdrive/d/Users/Alex/Desktop/Toolchain/Output/bin/../lib/gcc/i386-banana/8.1.0/crtbegin.o
 .comment       0x0000000000000000       0x12 acpica/utclib.32
 .comment       0x0000000000000000       0x12 arch/cc.32
 .comment       0x0000000000000000       0x12 arch/sys_arch.32
 .comment       0x0000000000000000       0x12 core/malloc.32
 .comment       0x0000000000000000       0x12 libk/ctype.32
 .comment       0x0000000000000000       0x12 libk/string.32
 .comment       0x0000000000000000       0x12 fs/fat/diskio.32
 .comment       0x0000000000000000       0x12 fs/fat/ff.32
 .comment       0x0000000000000000       0x12 fs/fat/ffsystem.32
 .comment       0x0000000000000000       0x12 fs/fat/ffunicode.32
 .comment       0x0000000000000000       0x12 fs/iso9660/iso9660.32
 .comment       0x0000000000000000       0x12 net/core/def.32
 .comment       0x0000000000000000       0x12 net/core/dhcp.32
 .comment       0x0000000000000000       0x12 net/core/dns.32
 .comment       0x0000000000000000       0x12 net/core/init.32
 .comment       0x0000000000000000       0x12 net/core/mem.32
 .comment       0x0000000000000000       0x12 net/core/memp.32
 .comment       0x0000000000000000       0x12 net/core/netif.32
 .comment       0x0000000000000000       0x12 net/core/pbuf.32
 .comment       0x0000000000000000       0x12 net/core/raw.32
 .comment       0x0000000000000000       0x12 net/core/stats.32
 .comment       0x0000000000000000       0x12 net/core/sys.32
 .comment       0x0000000000000000       0x12 net/core/tcp.32
 .comment       0x0000000000000000       0x12 net/core/tcp_in.32
 .comment       0x0000000000000000       0x12 net/core/tcp_out.32
 .comment       0x0000000000000000       0x12 net/core/timers.32
 .comment       0x0000000000000000       0x12 net/core/udp.32
 .comment       0x0000000000000000       0x12 net/netif/etharp.32
 .comment       0x0000000000000000       0x12 net/netif/ethernetif.32
 .comment       0x0000000000000000       0x12 net/netif/slipif.32
 .comment       0x0000000000000000       0x12 net/core/ipv4/autoip.32
 .comment       0x0000000000000000       0x12 net/core/ipv4/icmp.32
 .comment       0x0000000000000000       0x12 net/core/ipv4/igmp.32
 .comment       0x0000000000000000       0x12 net/core/ipv4/inet.32
 .comment       0x0000000000000000       0x12 net/core/ipv4/inet_chksum.32
 .comment       0x0000000000000000       0x12 net/core/ipv4/ip.32
 .comment       0x0000000000000000       0x12 net/core/ipv4/ip_addr.32
 .comment       0x0000000000000000       0x12 net/core/ipv4/ip_frag.32
 .comment       0x0000000000000000       0x12 net/core/snmp/asn1_dec.32
 .comment       0x0000000000000000       0x12 net/core/snmp/asn1_enc.32
 .comment       0x0000000000000000       0x12 net/core/snmp/mib2.32
 .comment       0x0000000000000000       0x12 net/core/snmp/mib_structs.32
 .comment       0x0000000000000000       0x12 net/core/snmp/msg_in.32
 .comment       0x0000000000000000       0x12 net/core/snmp/msg_out.32
 .comment       0x0000000000000000       0x12 net/netif/ppp/auth.32
[...]
Memory Configuration

Name             Origin             Length             Attributes
*default*        0x0000000000000000 0xffffffffffffffff

Linker script and memory map

LOAD D:/Users/Alex/Desktop/Banana/kernel/boot.32
LOAD crti.32
LOAD /cygdrive/d/Users/Alex/Desktop/Toolchain/Output/bin/../lib/gcc/i386-banana/8.1.0/crtbegin.o
LOAD D:/Users/Alex/Desktop/Banana/kernel/morenasm.32
LOAD acpica/utclib.32
LOAD arch/cc.32
LOAD arch/sys_arch.32
LOAD core/malloc.32
LOAD libk/ctype.32
LOAD libk/string.32
LOAD fs/fat/diskio.32
LOAD fs/fat/ff.32
LOAD fs/fat/ffsystem.32
LOAD fs/fat/ffunicode.32
LOAD fs/iso9660/iso9660.32
LOAD net/core/def.32
LOAD net/core/dhcp.32
LOAD net/core/dns.32
LOAD net/core/init.32
LOAD net/core/mem.32
LOAD net/core/memp.32
LOAD net/core/netif.32
LOAD net/core/pbuf.32
LOAD net/core/raw.32
LOAD net/core/stats.32
LOAD net/core/sys.32
LOAD net/core/tcp.32
LOAD net/core/tcp_in.32
LOAD net/core/tcp_out.32
LOAD net/core/timers.32
LOAD net/core/udp.32
LOAD net/netif/etharp.32
LOAD net/netif/ethernetif.32
LOAD net/netif/slipif.32
LOAD net/core/ipv4/autoip.32
LOAD net/core/ipv4/icmp.32
LOAD net/core/ipv4/igmp.32
LOAD net/core/ipv4/inet.32
LOAD net/core/ipv4/inet_chksum.32
LOAD net/core/ipv4/ip.32
LOAD net/core/ipv4/ip_addr.32
LOAD net/core/ipv4/ip_frag.32
LOAD net/core/snmp/asn1_dec.32
LOAD net/core/snmp/asn1_enc.32
LOAD net/core/snmp/mib2.32
LOAD net/core/snmp/mib_structs.32
LOAD net/core/snmp/msg_in.32
LOAD net/core/snmp/msg_out.32
LOAD net/netif/ppp/auth.32
LOAD net/netif/ppp/chap.32
LOAD net/netif/ppp/chpms.32
LOAD net/netif/ppp/fsm.32
LOAD net/netif/ppp/ipcp.32
LOAD net/netif/ppp/lcp.32
LOAD net/netif/ppp/magic.32
LOAD net/netif/ppp/md5.32
LOAD net/netif/ppp/pap.32
LOAD net/netif/ppp/ppp.32
LOAD net/netif/ppp/ppp_oe.32
LOAD net/netif/ppp/randm.32
LOAD net/netif/ppp/vj.32
LOAD core/computer.32
LOAD core/gdt.32
LOAD core/idle.32
LOAD core/idt.32
LOAD core/kheap.32
LOAD core/main.32
LOAD core/physmgr.32
LOAD core/pipe.32
LOAD core/terminal.32
LOAD core/tss.32
LOAD core/unixfile.32
LOAD core/virtmgr.32
LOAD coreobjs/c++.32
LOAD dbg/kconsole.32
LOAD dbg/usban.32
LOAD fs/symlink.32
LOAD fs/vfs.32
LOAD hal/bus.32
LOAD hal/buzzer.32
LOAD hal/clock.32
LOAD hal/device.32
LOAD hal/diskctrl.32
LOAD hal/diskphys.32
LOAD hal/fpu.32
LOAD hal/intctrl.32
LOAD hal/keybrd.32
LOAD hal/logidisk.32
LOAD hal/mouse.32
LOAD hal/nic.32
LOAD hal/partition.32
LOAD hal/serial.32
LOAD hal/timer.32
LOAD hal/vcache.32
LOAD hal/video.32
LOAD hw/acpi.32
LOAD hw/cpu.32
LOAD krnl/atexit.32
LOAD krnl/bootmsg.32
LOAD krnl/cdefs.32
LOAD krnl/compat.32
LOAD krnl/crc32.32
LOAD krnl/env.32
LOAD krnl/inlines.32
LOAD krnl/mutex.32
LOAD krnl/panic.32
LOAD krnl/powctrl.32
LOAD krnl/random.32
LOAD krnl/resolve.32
LOAD krnl/semaphore.32
LOAD krnl/signal.32
LOAD krnl/syscalls.32
LOAD net/ethernet.32
LOAD net/netosl.32
LOAD reg/cm.32
LOAD reg/registry.32
LOAD sys/eject.32
LOAD sys/exit.32
LOAD sys/getcwd.32
LOAD sys/getpid.32
LOAD sys/getramdata.32
LOAD sys/getvgaptr.32
LOAD sys/kill.32
LOAD sys/loaddll.32
LOAD sys/read.32
LOAD sys/registersignal.32
LOAD sys/registry.32
LOAD sys/sbrk.32
LOAD sys/setcwd.32
LOAD sys/settime.32
LOAD sys/symlink.32
LOAD sys/timezone.32
LOAD sys/truncate.32
LOAD sys/write.32
LOAD sys/wsbe.32
LOAD sys/yield.32
LOAD thr/elf.32
LOAD thr/prcssthr.32
LOAD vm86/vm8086.32
LOAD arch/i386/hal.32
LOAD arch/i386/pic.32
LOAD arch/i386/rtc.32
LOAD arch/i386/vga.32
LOAD fs/fat/vfslink.32
LOAD fs/iso9660/helper.32
LOAD fs/iso9660/vfslink.32
LOAD hal/sound/sndcard.32
LOAD hal/sound/sndport.32
LOAD hw/bus/isa.32
LOAD hw/bus/pci.32
LOAD hw/diskctrl/ide.32
LOAD hw/diskctrl/satabus.32
LOAD hw/diskphys/ata.32
LOAD hw/diskphys/atapi.32
LOAD hw/diskphys/sata.32
LOAD hw/diskphys/satapi.32
LOAD hw/intctrl/apic.32
LOAD hw/timer/apictimer.32
LOAD hw/timer/pit.32
LOAD arch/i386/avx.32
LOAD arch/i386/interrupt.32
LOAD arch/i386/rdrand.32
LOAD arch/i386/sse.32
LOAD arch/i386/x87.32
LOAD /cygdrive/d/Users/Alex/Desktop/Toolchain/Output/bin/../lib/gcc/i386-banana/8.1.0/crtend.o
LOAD crtn.32
LOAD /cygdrive/d/Users/Alex/Desktop/Toolchain/Output/bin/../lib/gcc/i386-banana/8.1.0/libkgcc.a
LOAD D:/Users/Alex/Desktop/Banana/kernel/libsoftfp.a
LOAD D:/Users/Alex/Desktop/Banana/kernel/libk/libm32.a
                0x00000000c0000000                . = 0xc0000000

.text           0x00000000c0000000    0x2e8aa
 *(.text)
 .text          0x00000000c0000000       0x20 D:/Users/Alex/Desktop/Banana/kernel/boot.32
 .text          0x00000000c0000020        0x0 crti.32
 .text          0x00000000c0000020      0x101 /cygdrive/d/Users/Alex/Desktop/Toolchain/Output/bin/../lib/gcc/i386-banana/8.1.0/crtbegin.o
 *fill*         0x00000000c0000121        0xf 
 .text          0x00000000c0000130      0x24f D:/Users/Alex/Desktop/Banana/kernel/morenasm.32
                0x00000000c0000130                manualPCIProbe
                0x00000000c000017b                prepareTramp
                0x00000000c0000194                doTPAUSE
                0x00000000c000019e                hasLegacyFPU
                0x00000000c00001c3                is486
                0x00000000c00001f9                detectCPUID
                0x00000000c000020f                goToVM86
                0x00000000c000023f                goToUsermode
                0x00000000c0000269                switchToThreadASMFirstTime
                0x00000000c0000277                switchToThreadASM
                0x00000000c00002fc                asmQuickAcquireLock
                0x00000000c000031a                asmQuickReleaseLock
                0x00000000c0000326                asmAcquireLock
                0x00000000c0000347                asmReleaseLock
                0x00000000c000035a                loadGDT
                0x00000000c000037a                memcpy
 *fill*         0x00000000c000037f        0x1 
 .text          0x00000000c0000380      0x868 acpica/utclib.32
                0x00000000c0000380                memcmp
                0x00000000c00003d0                memmove
                0x00000000c00004f0                memset
                0x00000000c0000570                strlen
                0x00000000c00005a0                strpbrk
                0x00000000c00005f0                strtok
                0x00000000c0000640                strcpy
                0x00000000c0000680                strncpy
                0x00000000c0000750                strcmp
                0x00000000c00007a0                strchr
                0x00000000c00007e0                strncmp
                0x00000000c0000840                strcat
                0x00000000c0000870                strncat
                0x00000000c00008d0                strstr
                0x00000000c0000930                toupper
                0x00000000c0000950                tolower
                0x00000000c0000970                simple_strtoul
 .text          0x00000000c0000be8       0x53 arch/cc.32
                0x00000000c0000be8                LWIP_PLATFORM_HTONS
                0x00000000c0000c0c                LWIP_PLATFORM_HTONL
 *fill*         0x00000000c0000c3b        0x1 
 .text          0x00000000c0000c3c      0x162 arch/sys_arch.32
                0x00000000c0000c3c                lwip_socket_init
                0x00000000c0000c54                tcpip_callback_with_block
                0x00000000c0000c6c                sys_sem_new
                0x00000000c0000c94                sys_sem_free
                0x00000000c0000cac                sys_sem_signal
                0x00000000c0000cc4                sys_arch_sem_wait
                0x00000000c0000ce0                sys_mbox_new
                0x00000000c0000cfc                sys_mbox_free
                0x00000000c0000d14                sys_mbox_post
                0x00000000c0000d2c                sys_arch_mbox_fetch
                0x00000000c0000d48                sys_arch_mbox_tryfetch
                0x00000000c0000d64                sys_mbox_trypost
                0x00000000c0000d7c                sys_thread_new
                0x00000000c0000d9c                sys_init
 .text          0x00000000c0000d9e      0xfaa core/malloc.32
                0x00000000c0000f09                dlfree
                0x00000000c0001261                dlmalloc
                0x00000000c000179e                dlrealloc
                0x00000000c0001941                dlmemalign
                0x00000000c0001a64                dlcalloc
                0x00000000c0001afe                dlcfree
                0x00000000c0001b03                dlindependent_calloc
                0x00000000c0001b28                dlindependent_comalloc
                0x00000000c0001b3f                dlvalloc
                0x00000000c0001b6a                dlpvalloc
                0x00000000c0001ba0                dlmalloc_trim
                0x00000000c0001bad                dlmalloc_usable_size
                0x00000000c0001bde                dlmallinfo
                0x00000000c0001cad                dlmalloc_stats
                0x00000000c0001cbe                dlmallopt
 .text          0x00000000c0001d48      0x1f2 libk/ctype.32
                0x00000000c0001d48                isblank
                0x00000000c0001d68                iscntrl
                0x00000000c0001d88                isdigit
                0x00000000c0001da4                islower
                0x00000000c0001dc0                isspace
                0x00000000c0001de8                isupper
                0x00000000c0001e04                isalpha
                0x00000000c0001e34                isalnum
                0x00000000c0001e64                ispunct
                0x00000000c0001ea4                isgraph
                0x00000000c0001ed4                isprint
                0x00000000c0001efc                isxdigit
 .text          0x00000000c0001f3a        0x0 libk/string.32
 .text          0x00000000c0001f3a       0x51 fs/fat/diskio.32
                0x00000000c0001f3a                disk_status
                0x00000000c0001f3d                disk_initialize
                0x00000000c0001f40                disk_read
                0x00000000c0001f56                disk_write
                0x00000000c0001f6c                disk_ioctl
 .text          0x00000000c0001f8b     0x3e46 fs/fat/ff.32
                0x00000000c0003dac                f_mount
                0x00000000c0003e0e                f_open
                0x00000000c00040d1                f_read
                0x00000000c00042d0                f_write
                0x00000000c0004518                f_sync
                0x00000000c00045dd                f_close
                0x00000000c000460c                f_lseek
                0x00000000c00047bd                f_opendir
                0x00000000c0004888                f_closedir
                0x00000000c00048aa                f_readdir
                0x00000000c000493c                f_stat
                0x00000000c00049bb                f_getfree
                0x00000000c0004ac4                f_truncate
                0x00000000c0004bae                f_unlink
                0x00000000c0004cd0                f_mkdir
                0x00000000c0004e6b                f_rename
                0x00000000c0005023                f_chmod
                0x00000000c00050d3                f_utime
                0x00000000c0005183                f_getlabel
                0x00000000c00052d4                f_setlabel
                0x00000000c0005464                f_expand
                0x00000000c00055d1                f_mkfs
 *fill*         0x00000000c0005dd1        0x3 
 .text          0x00000000c0005dd4       0x2f fs/fat/ffsystem.32
                0x00000000c0005dd4                ff_memalloc
                0x00000000c0005dec                ff_memfree
 *fill*         0x00000000c0005e03        0x1 
 .text          0x00000000c0005e04      0x2dc fs/fat/ffunicode.32
                0x00000000c0005e04                ff_uni2oem
                0x00000000c0005ea4                ff_oem2uni
                0x00000000c0005f1c                ff_wtoupper
 .text          0x00000000c00060e0      0xd32 fs/iso9660/iso9660.32
                0x00000000c000632b                isoReadDiscSector
                0x00000000c00063c6                strnicmp
                0x00000000c0006675                stricmp
                0x00000000c00066c1                iso_open
                0x00000000c000674b                iso_close
                0x00000000c0006769                iso_read
                0x00000000c000687f                iso_seek
                0x00000000c0006903                iso_tell
                0x00000000c0006934                iso_total
                0x00000000c000695f                fn_postprocess
                0x00000000c0006986                iso_readdir
                0x00000000c0006bdd                iso_reset
                0x00000000c0006bfa                init_percd
                0x00000000c0006cf4                iso_ioctl
                0x00000000c0006d0c                fs_iso9660_init
                0x00000000c0006da2                fs_iso9660_shutdown
 .text          0x00000000c0006e12        0x0 net/core/def.32
 .text          0x00000000c0006e12        0x0 net/core/dhcp.32
 .text          0x00000000c0006e12        0x0 net/core/dns.32
 *fill*         0x00000000c0006e12        0x2 
 .text          0x00000000c0006e14       0x2b net/core/init.32
                0x00000000c0006e14                lwip_init
 *fill*         0x00000000c0006e3f        0x1 
 .text          0x00000000c0006e40      0x9f0 net/core/mem.32
                0x00000000c0006fd4                mem_init
                0x00000000c000707c                mem_free
                0x00000000c00071a0                mem_trim
                0x00000000c00074b0                mem_malloc
                0x00000000c00077cc                mem_calloc
 .text          0x00000000c0007830      0x2e8 net/core/memp.32
                0x00000000c0007830                memp_init
                0x00000000c0007974                memp_malloc
                0x00000000c0007aa0                memp_free
 .text          0x00000000c0007b18      0x4ba net/core/netif.32
                0x00000000c0007b18                netif_init
                0x00000000c0007b1c                netif_find
                0x00000000c0007bb4                netif_set_ipaddr
                0x00000000c0007cac                netif_set_gw
                0x00000000c0007cd0                netif_set_netmask
                0x00000000c0007cf4                netif_set_addr
                0x00000000c0007d38                netif_add
                0x00000000c0007e04                netif_set_default
                0x00000000c0007e10                netif_set_up
                0x00000000c0007e74                netif_set_down
                0x00000000c0007e9c                netif_remove
                0x00000000c0007f48                netif_set_link_up
                0x00000000c0007fac                netif_set_link_down
 *fill*         0x00000000c0007fd2        0x2 
 .text          0x00000000c0007fd4     0x16ac net/core/pbuf.32
                0x00000000c000809c                pbuf_alloced_custom
                0x00000000c00081c0                pbuf_header
                0x00000000c000835c                pbuf_free
                0x00000000c0008534                pbuf_alloc
                0x00000000c000892c                pbuf_realloc
                0x00000000c0008b30                pbuf_clen
                0x00000000c0008b64                pbuf_ref
                0x00000000c0008b94                pbuf_cat
                0x00000000c0008c74                pbuf_chain
                0x00000000c0008ca0                pbuf_dechain
                0x00000000c0008d94                pbuf_copy
                0x00000000c0008ffc                pbuf_copy_partial
                0x00000000c00091a0                pbuf_take
                0x00000000c0009320                pbuf_coalesce
                0x00000000c00093b4                pbuf_get_at
                0x00000000c000944c                pbuf_memcmp
                0x00000000c0009558                pbuf_memfind
                0x00000000c000960c                pbuf_strstr
 .text          0x00000000c0009680      0x3e4 net/core/raw.32
                0x00000000c0009680                raw_input
                0x00000000c000978c                raw_bind
                0x00000000c00097b0                raw_connect
                0x00000000c00097d4                raw_recv
                0x00000000c00097ec                raw_sendto
                0x00000000c0009958                raw_send
                0x00000000c000997c                raw_remove
                0x00000000c00099fc                raw_new
 .text          0x00000000c0009a64        0x2 net/core/stats.32
                0x00000000c0009a64                stats_init
 *fill*         0x00000000c0009a66        0x2 
 .text          0x00000000c0009a68       0x55 net/core/sys.32
                0x00000000c0009a68                sys_msleep
 *fill*         0x00000000c0009abd        0x3 
 .text          0x00000000c0009ac0     0x1dec net/core/tcp.32
                0x00000000c0009ad0                tcp_listen_with_backlog
                0x00000000c0009c80                tcp_update_rcv_ann_wnd
                0x00000000c0009d5c                tcp_recved
                0x00000000c0009ea4                tcp_bind
                0x00000000c0009fd4                tcp_seg_free
                0x00000000c000a018                tcp_segs_free
                0x00000000c000a050                tcp_setprio
                0x00000000c000a06c                tcp_seg_copy
                0x00000000c000a0c0                tcp_arg
                0x00000000c000a0d0                tcp_recv
                0x00000000c000a0e0                tcp_sent
                0x00000000c000a0f0                tcp_err
                0x00000000c000a100                tcp_accept
                0x00000000c000a110                tcp_poll
                0x00000000c000a138                tcp_pcb_purge
                0x00000000c000a21c                tcp_slowtmr
                0x00000000c000a9a0                tcp_pcb_remove
                0x00000000c000ae48                tcp_close
                0x00000000c000ae84                tcp_recv_null
                0x00000000c000aee8                tcp_fasttmr
                0x00000000c000b00c                tcp_tmr
                0x00000000c000b03c                tcp_shutdown
                0x00000000c000b0e8                tcp_abandon
                0x00000000c000b27c                tcp_abort
                0x00000000c000b3e8                tcp_next_iss
                0x00000000c000b400                tcp_alloc
                0x00000000c000b5ac                tcp_new
                0x00000000c000b5c0                tcp_eff_send_mss
                0x00000000c000b630                tcp_connect
                0x00000000c000b8a0                tcp_debug_state_str
 .text          0x00000000c000b8ac     0x3131 net/core/tcp_in.32
                0x00000000c000df0c                tcp_input
 *fill*         0x00000000c000e9dd        0x3 
 .text          0x00000000c000e9e0     0x1f81 net/core/tcp_out.32
                0x00000000c000ef50                tcp_write
                0x00000000c000f7f0                tcp_enqueue_flags
                0x00000000c000fadc                tcp_send_fin
                0x00000000c000fb7c                tcp_send_empty_ack
                0x00000000c000fe8c                tcp_output
                0x00000000c0010318                tcp_rst
                0x00000000c001048c                tcp_rexmit_rto
                0x00000000c001051c                tcp_rexmit
                0x00000000c00105e4                tcp_rexmit_fast
                0x00000000c00106c8                tcp_keepalive
                0x00000000c0010790                tcp_zero_window_probe
 *fill*         0x00000000c0010961        0x3 
 .text          0x00000000c0010964      0x44d net/core/timers.32
                0x00000000c0010964                sys_timeout
                0x00000000c0010b1c                tcp_timer_needed
                0x00000000c0010bb0                sys_timeouts_init
                0x00000000c0010be8                sys_untimeout
                0x00000000c0010cb4                sys_timeouts_mbox_fetch
 *fill*         0x00000000c0010db1        0x3 
 .text          0x00000000c0010db4      0xae8 net/core/udp.32
                0x00000000c0010db4                udp_input
                0x00000000c0011228                udp_bind
                0x00000000c00113a8                udp_sendto_if
                0x00000000c0011628                udp_sendto
                0x00000000c001168c                udp_send
                0x00000000c00116b8                udp_connect
                0x00000000c0011798                udp_disconnect
                0x00000000c00117c4                udp_recv
                0x00000000c00117dc                udp_remove
                0x00000000c001185c                udp_new
 .text          0x00000000c001189c     0x1204 net/netif/etharp.32
                0x00000000c00118f4                etharp_tmr
                0x00000000c0011ec4                etharp_find_addr
                0x00000000c0012424                etharp_request
                0x00000000c0012460                etharp_query
                0x00000000c001279c                etharp_output
                0x00000000c001295c                ethernet_input
 .text          0x00000000c0012aa0        0x0 net/netif/ethernetif.32
 .text          0x00000000c0012aa0        0x0 net/netif/slipif.32
 .text          0x00000000c0012aa0        0x0 net/core/ipv4/autoip.32
 .text          0x00000000c0012aa0      0x5dd net/core/ipv4/icmp.32
                0x00000000c0012aa0                icmp_input
                0x00000000c0013038                icmp_dest_unreach
                0x00000000c001305c                icmp_time_exceeded
 .text          0x00000000c001307d        0x0 net/core/ipv4/igmp.32
 .text          0x00000000c001307d        0x0 net/core/ipv4/inet.32
 *fill*         0x00000000c001307d        0x3 
 .text          0x00000000c0013080      0x582 net/core/ipv4/inet_chksum.32
                0x00000000c0013178                inet_chksum_pseudo
                0x00000000c0013308                inet_chksum_pseudo_partial
                0x00000000c00134f8                inet_chksum
                0x00000000c0013520                inet_chksum_pbuf
 *fill*         0x00000000c0013602        0x2 
 .text          0x00000000c0013604      0x84c net/core/ipv4/ip.32
                0x00000000c0013604                ip_route
                0x00000000c0013698                ip_input
                0x00000000c0013adc                ip_output_if
                0x00000000c0013dac                ip_output
 .text          0x00000000c0013e50      0x5ac net/core/ipv4/ip_addr.32
                0x00000000c0013e50                ip4_addr_isbroadcast
                0x00000000c0013ed8                ip4_addr_netmask_valid
                0x00000000c0013f3c                ipaddr_aton
                0x00000000c001426c                ipaddr_addr
                0x00000000c001429c                ipaddr_ntoa_r
                0x00000000c00143e8                ipaddr_ntoa
 .text          0x00000000c00143fc     0x1161 net/core/ipv4/ip_frag.32
                0x00000000c0014660                ip_reass_tmr
                0x00000000c0014cf0                ip_reass
                0x00000000c00151b0                ip_frag
 .text          0x00000000c001555d        0x0 net/core/snmp/asn1_dec.32
 .text          0x00000000c001555d        0x0 net/core/snmp/asn1_enc.32
 .text          0x00000000c001555d        0x0 net/core/snmp/mib2.32
 .text          0x00000000c001555d        0x0 net/core/snmp/mib_structs.32
 .text          0x00000000c001555d        0x0 net/core/snmp/msg_in.32
 .text          0x00000000c001555d        0x0 net/core/snmp/msg_out.32
 .text          0x00000000c001555d        0x0 net/netif/ppp/auth.32
 .text          0x00000000c001555d        0x0 net/netif/ppp/chap.32
 .text          0x00000000c001555d        0x0 net/netif/ppp/chpms.32
 .text          0x00000000c001555d        0x0 net/netif/ppp/fsm.32
 .text          0x00000000c001555d        0x0 net/netif/ppp/ipcp.32
 .text          0x00000000c001555d        0x0 net/netif/ppp/lcp.32
 .text          0x00000000c001555d        0x0 net/netif/ppp/magic.32
 .text          0x00000000c001555d        0x0 net/netif/ppp/md5.32
 .text          0x00000000c001555d        0x0 net/netif/ppp/pap.32
 .text          0x00000000c001555d        0x0 net/netif/ppp/ppp.32
 .text          0x00000000c001555d        0x0 net/netif/ppp/ppp_oe.32
 .text          0x00000000c001555d        0x0 net/netif/ppp/randm.32
 .text          0x00000000c001555d        0x0 net/netif/ppp/vj.32
 *fill*         0x00000000c001555d        0x1 
 .text          0x00000000c001555e      0x6cb core/computer.32
                0x00000000c001555e                Computer::close(int, int, void*)
                0x00000000c00155ac                Krnl::firstTask()
                0x00000000c00156ee                Computer::Computer()
                0x00000000c00156ee                Computer::Computer()
                0x00000000c001579e                Computer::setBootMessage(char const*)
                0x00000000c00157a0                Computer::detectFeatures()
                0x00000000c00159c6                Computer::displayFeatures()
                0x00000000c00159c8                Computer::rdmsr(unsigned int)
                0x00000000c00159f4                Computer::wrmsr(unsigned int, unsigned long long)
                0x00000000c0015a30                Computer::shutdown()
                0x00000000c0015a48                Computer::restart()
                0x00000000c0015a60                Computer::sleep()
                0x00000000c0015a74                Computer::nmiEnabled()
                0x00000000c0015a80                Computer::readCMOS(unsigned char)
                0x00000000c0015a9e                Computer::enableNMI(bool)
                0x00000000c0015ab6                Computer::open(int, int, void*)
                0x00000000c0015b8a                Computer::disableNMI()
                0x00000000c0015b9a                Computer::writeCMOS(unsigned char, unsigned char)
                0x00000000c0015bbe                Computer::handleNMI()
 *fill*         0x00000000c0015c29        0x1 
 .text          0x00000000c0015c2a      0x1db core/gdt.32
                0x00000000c0015c2a                GDTEntry::setBase(unsigned int)
                0x00000000c0015c46                GDTEntry::setLimit(unsigned int)
                0x00000000c0015c64                GDT::GDT()
                0x00000000c0015c64                GDT::GDT()
                0x00000000c0015c7a                GDT::addEntry(GDTEntry)
                0x00000000c0015c9c                GDT::getNumberOfEntries()
                0x00000000c0015ca4                GDT::flush()
                0x00000000c0015cc6                GDT::setup()
 .text          0x00000000c0015e05       0x1d core/idle.32
                0x00000000c0015e05                idleFunction(void*)
 *fill*         0x00000000c0015e22        0x2 
 .text          0x00000000c0015e24      0x46c core/idt.32
                0x00000000c0015e24                IDTEntry::IDTEntry(bool)
                0x00000000c0015e24                IDTEntry::IDTEntry(bool)
                0x00000000c0015e9e                IDTEntry::setOffset(unsigned int)
                0x00000000c0015eb4                IDT::IDT()
                0x00000000c0015eb4                IDT::IDT()
                0x00000000c0015eb6                IDT::getPointerToInvalidOpcodeEntryForF00F()
                0x00000000c0015ebe                IDT::addEntry(IDTEntry, int)
                0x00000000c0015ed8                IDT::addEntry(int, void (*)(), bool)
                0x00000000c0015f10                IDT::flush()
                0x00000000c0015f2a                IDT::setup()
 .text          0x00000000c0016290      0x198 core/kheap.32
                0x00000000c0016290                sbrk
                0x00000000c0016327                mmap
                0x00000000c001633d                munmap
                0x00000000c0016353                liballoc_lock()
                0x00000000c0016361                liballoc_unlock()
                0x00000000c0016377                liballoc_alloc(int)
                0x00000000c001638f                liballoc_free(void*, int)
                0x00000000c00163aa                realloc
                0x00000000c00163be                malloc
                0x00000000c00163de                free
                0x00000000c00163ee                rfree
                0x00000000c00163fe                calloc
 .text          0x00000000c0016428       0xc7 core/main.32
                0x00000000c0016428                KeEntryPoint
 .text          0x00000000c00164ef      0x644 core/physmgr.32
                0x00000000c00164ef                Phys::allocateDMA(unsigned long)
                0x00000000c00165d7                Phys::freeDMA(unsigned long, unsigned long)
                0x00000000c0016612                Phys::setPageState(unsigned long, bool)
                0x00000000c0016652                Phys::getPageState(unsigned long)
                0x00000000c001666e                Phys::freePage(unsigned long)
                0x00000000c00166d7                Phys::allocatePage()
                0x00000000c00167a6                Phys::allocateContiguousPages(int)
                0x00000000c001680d                Phys::allowSegmentToBeUsed(unsigned long, unsigned long)
                0x00000000c0016845                Phys::physicalMemorySetup(unsigned int)
 *fill*         0x00000000c0016b33        0x1 
 .text          0x00000000c0016b34      0x273 core/pipe.32
                0x00000000c0016b34                Pipe::isAtty()
                0x00000000c0016b38                Pipe::~Pipe()
                0x00000000c0016b38                Pipe::~Pipe()
                0x00000000c0016b5c                Pipe::~Pipe()
                0x00000000c0016b84                Pipe::write(unsigned long long, void*, int*)
                0x00000000c0016c44                Pipe::read(unsigned long long, void*, int*)
                0x00000000c0016d40                Pipe::Pipe(int)
                0x00000000c0016d40                Pipe::Pipe(int)
 *fill*         0x00000000c0016da7        0x1 
 .text          0x00000000c0016da8      0xab3 core/terminal.32
                0x00000000c0016da8                VgaText::isAtty()
                0x00000000c0016dac                VgaText::~VgaText()
                0x00000000c0016dac                VgaText::~VgaText()
                0x00000000c0016dd0                VgaText::~VgaText()
                0x00000000c0016dfa                VgaText::read(unsigned long long, void*, int*)
                0x00000000c0016e1a                setTerminalScrollLock(bool)
                0x00000000c0016e1b                doTerminalCycle()
                0x00000000c0016e1c                addToTerminalCycle(VgaText*)
                0x00000000c0016e1d                scrollTerminalScrollLock(int)
                0x00000000c0016e1e                VgaText::updateTitle()
                0x00000000c0016e20                VgaText::load()
                0x00000000c0016e22                VgaText::updateCursor()
                0x00000000c0016e38                VgaText::doANSI_SGR(int)
                0x00000000c0016eac                VgaText::setDefaultBgColour(VgaColour)
                0x00000000c0016ebc                VgaText::setDefaultFgColour(VgaColour)
                0x00000000c0016ecc                VgaText::setDefaultColours(VgaColour, VgaColour)
                0x00000000c0016eec                VgaText::setTitleTextColour(VgaColour)
                0x00000000c0016ef8                VgaText::setTitleColour(VgaColour)
                0x00000000c0016f04                VgaText::setTitle(char*)
                0x00000000c0016f06                VgaText::combineColours(unsigned char, unsigned char)
                0x00000000c0016f18                VgaText::scrollScreen()
                0x00000000c0016faa                VgaText::combineCharAndColour(char, unsigned char)
                0x00000000c0016fba                VgaText::writeCharacter(char, VgaColour, VgaColour, int, int)
                0x00000000c001704a                VgaText::getCursorX()
                0x00000000c0017052                VgaText::getCursorY()
                0x00000000c001705a                VgaText::setCursor(int, int)
                0x00000000c0017071                setActiveTerminal(VgaText*)
                0x00000000c00170bc                VgaText::clearScreen()
                0x00000000c001710a                VgaText::setCursorX(int)
                0x00000000c0017122                VgaText::setCursorY(int)
                0x00000000c001713a                VgaText::incrementCursor(bool)
                0x00000000c001718e                VgaText::decrementCursor(bool)
                0x00000000c00171b0                VgaText::putchar(char, VgaColour, VgaColour)
                0x00000000c0017280                VgaText::putchar(char)
                0x00000000c0017378                VgaText::putx(unsigned int)
                0x00000000c00173be                VgaText::puts(char const*)
                0x00000000c00173e4                VgaText::write(unsigned long long, void*, int*)
                0x00000000c0017430                VgaText::puts(char const*, VgaColour, VgaColour)
                0x00000000c001757e                VgaText::VgaText(char const*)
                0x00000000c001757e                VgaText::VgaText(char const*)
                0x00000000c00176ce                VgaText::receiveKey(unsigned char)
                0x00000000c001785a                VgaText::doUpdate()
 *fill*         0x00000000c001785b        0x1 
 .text          0x00000000c001785c      0x1a1 core/tss.32
                0x00000000c001785c                TSS::TSS()
                0x00000000c001785c                TSS::TSS()
                0x00000000c001786c                TSS::setESP(unsigned long)
                0x00000000c0017880                TSS::flush()
                0x00000000c00178a0                TSS::setup(unsigned long, unsigned long)
 *fill*         0x00000000c00179fd        0x1 
 .text          0x00000000c00179fe      0x4ca core/unixfile.32
                0x00000000c00179fe                ReservedFilename::read(unsigned long long, void*, int*)
                0x00000000c0017a54                ReservedFilename::isAtty()
                0x00000000c0017a70                ReservedFilename::write(unsigned long long, void*, int*)
                0x00000000c0017ace                UnixFile::getFileDescriptor()
                0x00000000c0017ad6                UnixFile::UnixFile(int)
                0x00000000c0017ad6                UnixFile::UnixFile(int)
                0x00000000c0017c8a                ReservedFilename::ReservedFilename(int)
                0x00000000c0017c8a                ReservedFilename::ReservedFilename(int)
                0x00000000c0017cbc                UnixFile::~UnixFile()
                0x00000000c0017cbc                UnixFile::~UnixFile()
                0x00000000c0017d58                UnixFile::~UnixFile()
                0x00000000c0017d80                ReservedFilename::~ReservedFilename()
                0x00000000c0017d80                ReservedFilename::~ReservedFilename()
                0x00000000c0017da4                ReservedFilename::~ReservedFilename()
                0x00000000c0017dcb                KeGetFileFromDescriptor(int)
 .text          0x00000000c0017ec8     0x1218 core/virtmgr.32
                0x00000000c0017ec8                Virt::setPageState(unsigned long, Virt::VirtPageState)
                0x00000000c0017f02                Virt::getPageState(unsigned long)
                0x00000000c0017f25                Virt::allocateKernelVirtualPages(int)
                0x00000000c001804a                Virt::freeSwapfilePage(unsigned long)
                0x00000000c001806d                Virt::swapIDToSector(unsigned long)
                0x00000000c0018083                Virt::allocateSwapfilePage()
                0x00000000c0018103                Virt::virtualMemorySetup()
                0x00000000c0018154                Virt::setupPageSwapping(int)
                0x00000000c00181c6                VAS::setCPUSpecific(unsigned long)
                0x00000000c00181c8                VAS::VAS(VAS*)
                0x00000000c00181c8                VAS::VAS(VAS*)
                0x00000000c00181f6                VAS::getForeignPageTableEntry(bool, unsigned long)
                0x00000000c0018224                VAS::getPageTableEntry(unsigned long)
                0x00000000c0018243                Virt::freeKernelVirtualPages(unsigned long)
                0x00000000c0018380                VAS::freeAllocatedPages(unsigned long)
                0x00000000c00183a4                VAS::virtualToPhysical(unsigned long)
                0x00000000c00183be                VAS::reflagRange(unsigned long, int, unsigned long, unsigned long)
                0x00000000c0018400                VAS::VAS()
                0x00000000c0018400                VAS::VAS()
                0x00000000c001846a                VAS::setToWriteCombining(unsigned long, int)
                0x00000000c001849e                VAS::mapOtherVASIn(bool, VAS*)
                0x00000000c00184ca                VAS::~VAS()
                0x00000000c00184ca                VAS::~VAS()
                0x00000000c0018638                VAS::mapPage(unsigned long, unsigned long, int)
                0x00000000c001873c                VAS::allocatePages(int, int)
                0x00000000c0018832                VAS::mapRange(unsigned long, unsigned long, int, int)
                0x00000000c001888a                VAS::mapForeignPage(bool, VAS*, unsigned long, unsigned long, int)
                0x00000000c0018980                VAS::VAS(bool)
                0x00000000c0018980                VAS::VAS(bool)
                0x00000000c0018bca                VAS::evict(unsigned long)
                0x00000000c0018ca8                VAS::tryLoadBackOffDisk(unsigned long)
                0x00000000c0018e42                VAS::allocateSharedMemoryWithKernel(unsigned long, unsigned long*)
                0x00000000c0018eb6                VAS::freeSharedMemoryWithKernel(unsigned long, unsigned long)
                0x00000000c0018ee2                VAS::scanForEviction()
                0x00000000c0018fe5                mapVASFirstTime
 .text          0x00000000c00190e0       0x5f coreobjs/c++.32
                0x00000000c00190e0                __cxa_atexit
                0x00000000c00190e3                __cxa_finalize
                0x00000000c00190e4                __stack_chk_fail
                0x00000000c001911a                __cxa_pure_virtual
                0x00000000c001912b                operator new[](unsigned long)
                0x00000000c0019130                operator delete(void*, unsigned long)
                0x00000000c0019135                operator delete[](void*)
                0x00000000c001913a                operator delete[](void*, unsigned long)
 .text          0x00000000c001913f      0x254 dbg/kconsole.32
                0x00000000c001913f                Dbg::stringifyxWithBase(unsigned int, char*, int)
                0x00000000c00191df                Dbg::logc(char)
                0x00000000c00191ff                Dbg::logs(char*)
                0x00000000c001921e                Dbg::logWriteInt(unsigned int)
                0x00000000c001923c                Dbg::logWriteIntBase(unsigned int, int)
                0x00000000c001925d                Dbg::kprintf(char const*, ...)
 *fill*         0x00000000c0019393        0x1 
 .text          0x00000000c0019394      0x2d4 dbg/usban.32
                0x00000000c0019394                KiUbsanPrintDetails(char const*, void*)
                0x00000000c0019400                __ubsan_handle_type_mismatch_v1
                0x00000000c00194dc                __ubsan_handle_pointer_overflow
                0x00000000c0019508                __ubsan_handle_out_of_bounds
                0x00000000c0019534                __ubsan_handle_add_overflow
                0x00000000c0019560                __ubsan_handle_load_invalid_value
                0x00000000c001958c                __ubsan_handle_divrem_overflow
                0x00000000c00195b8                __ubsan_handle_mul_overflow
                0x00000000c00195e4                __ubsan_handle_sub_overflow
                0x00000000c0019610                __ubsan_handle_shift_out_of_bounds
                0x00000000c001963c                __ubsan_handle_negate_overflow
 .text          0x00000000c0019668      0x86d fs/symlink.32
                0x00000000c00197b7                KiDeinitialiseSymlinks(void*)
                0x00000000c001984a                KeRegisterSymlink(char const*, unsigned long long)
                0x00000000c00198dc                KeInitialiseSymlinks()
                0x00000000c0019a50                KiIsSymlinkRegistered(char const*)
                0x00000000c0019bd4                KeDereferenceSymlink(char const*, char*)
                0x00000000c0019d7b                KeCreateSymlink(char const*, char const*)
 *fill*         0x00000000c0019ed5        0x1 
 .text          0x00000000c0019ed6      0xd68 fs/vfs.32
                0x00000000c0019ed6                File::read(unsigned long long, void*, int*)
                0x00000000c0019f2e                File::write(unsigned long long, void*, int*)
                0x00000000c0019f86                Directory::read(unsigned long long, void*, int*)
                0x00000000c0019fde                Directory::write(unsigned long long, void*, int*)
                0x00000000c001a00c                File::isAtty()
                0x00000000c001a010                Directory::isAtty()
                0x00000000c001a014                Filesystem::getlabel(LogicalDisk*, int, char*, unsigned int*)
                0x00000000c001a01a                Filesystem::setlabel(LogicalDisk*, int, char*)
                0x00000000c001a020                Filesystem::allocateSwapfile(char const*, int)
                0x00000000c001a026                File::~File()
                0x00000000c001a026                File::~File()
                0x00000000c001a04a                File::~File()
                0x00000000c001a074                Directory::~Directory()
                0x00000000c001a074                Directory::~Directory()
                0x00000000c001a098                Directory::~Directory()
                0x00000000c001a0c2                Filesystem::Filesystem()
                0x00000000c001a0c2                Filesystem::Filesystem()
                0x00000000c001a0e6                Filesystem::~Filesystem()
                0x00000000c001a0e6                Filesystem::~Filesystem()
                0x00000000c001a0f4                Filesystem::~Filesystem()
                0x00000000c001a118                Fs::getcwd(Process*, char*, int)
                0x00000000c001a142                Fs::initVFS()
                0x00000000c001a16c                Fs::standardiseFiles(char*, char const*, char const*, bool)
                0x00000000c001a386                File::File(char const*, Process*, bool)
                0x00000000c001a386                File::File(char const*, Process*, bool)
                0x00000000c001a464                File::File(char const*, Process*)
                0x00000000c001a464                File::File(char const*, Process*)
                0x00000000c001a482                File::open(FileOpenMode)
                0x00000000c001a4e0                File::close()
                0x00000000c001a540                File::seek(unsigned long long)
                0x00000000c001a596                File::truncate(unsigned long long)
                0x00000000c001a5ec                File::tell(unsigned long long*)
                0x00000000c001a63c                File::rewind()
                0x00000000c001a650                File::unlink()
                0x00000000c001a69c                File::rename(char const*)
                0x00000000c001a6ea                File::chfatattr(unsigned char, unsigned char)
                0x00000000c001a746                File::exists()
                0x00000000c001a784                File::stat(unsigned long long*, bool*)
                0x00000000c001a7e5                Fs::setcwd(Process*, char*)
                0x00000000c001a944                Directory::Directory(char const*, Process*)
                0x00000000c001a944                Directory::Directory(char const*, Process*)
                0x00000000c001aa0c                Directory::open()
                0x00000000c001aa68                Directory::close()
                0x00000000c001aac8                Directory::unlink()
                0x00000000c001ab14                Directory::rename(char const*)
                0x00000000c001ab62                Directory::exists()
                0x00000000c001aba0                Directory::read(dirent*)
                0x00000000c001abec                Directory::create()
                0x00000000c001ac38                Filesystem::chfatattr(char const*, unsigned char, unsigned char)
 *fill*         0x00000000c001ac3e        0x2 
 .text          0x00000000c001ac40       0x86 hal/bus.32
                0x00000000c001ac40                Bus::Bus(char const*)
                0x00000000c001ac40                Bus::Bus(char const*)
                0x00000000c001ac78                Bus::~Bus()
                0x00000000c001ac78                Bus::~Bus()
                0x00000000c001ac9c                Bus::~Bus()
 .text          0x00000000c001acc6       0x96 hal/buzzer.32
                0x00000000c001acc6                beepThread(void*)
                0x00000000c001ad03                Krnl::beep(int, int, bool)
 .text          0x00000000c001ad5c      0x45f hal/clock.32
                0x00000000c001ad5c                User::loadClockSettings(int)
                0x00000000c001adae                Clock::Clock(char const*)
                0x00000000c001adae                Clock::Clock(char const*)
                0x00000000c001ade4                Clock::~Clock()
                0x00000000c001ade4                Clock::~Clock()
                0x00000000c001ae08                Clock::~Clock()
                0x00000000c001ae32                Clock::timeInSecondsLocal()
                0x00000000c001ae7a                Clock::setTimeInSecondsLocal(unsigned long long)
                0x00000000c001aed3                datetimeToSeconds(datetime_t)
                0x00000000c001aff2                Clock::setTimeInDatetimeLocal(datetime_t)
                0x00000000c001b052                secondsToDatetime(unsigned long long)
                0x00000000c001b196                Clock::timeInDatetimeLocal()
 *fill*         0x00000000c001b1bb        0x1 
 .text          0x00000000c001b1bc      0x47a hal/device.32
                0x00000000c001b1bc                Device::hibernate()
                0x00000000c001b1be                Device::wake()
                0x00000000c001b1c0                Device::detect()
                0x00000000c001b1c2                Device::disableLegacy()
                0x00000000c001b1c4                Device::powerSaving(PowerSavingLevel)
                0x00000000c001b1c6                DriverlessDevice::close(int, int, void*)
                0x00000000c001b1ca                DriverlessDevice::detect()
                0x00000000c001b1cc                DriverlessDevice::open(int, int, void*)
                0x00000000c001b1e0                Device::~Device()
                0x00000000c001b1e0                Device::~Device()
                0x00000000c001b1ee                Device::~Device()
                0x00000000c001b216                Device::findAndLoadDriver()
                0x00000000c001b224                Device::preOpenPCI(PCIDeviceInfo)
                0x00000000c001b24a                Device::preOpenACPI(void*, char*, char*)
                0x00000000c001b28a                Device::addIRQHandler(int, void (*)(regs*, void*), bool, void*)
                0x00000000c001b2b4                Device::getParent()
                0x00000000c001b2c0                Device::removeIRQHandler(int, void (*)(regs*, void*), bool)
                0x00000000c001b2de                Device::addChild(Device*)
                0x00000000c001b322                Device::removeAllChildren()
                0x00000000c001b368                Device::hibernateAll()
                0x00000000c001b398                Device::wakeAll()
                0x00000000c001b3c8                Device::detectAll()
                0x00000000c001b3f8                Device::disableLegacyAll()
                0x00000000c001b3fa                Device::loadDriversForAll()
                0x00000000c001b3fc                Device::powerSavingAll(PowerSavingLevel)
                0x00000000c001b432                Device::setName(char const*)
                0x00000000c001b440                Device::Device(char const*)
                0x00000000c001b440                Device::Device(char const*)
                0x00000000c001b53c                Device::getName()
                0x00000000c001b546                Device::closeAll()
                0x00000000c001b592                DriverlessDevice::DriverlessDevice(char const*)
                0x00000000c001b592                DriverlessDevice::DriverlessDevice(char const*)
                0x00000000c001b5c8                Device::addToLinkedList(LinkedList<Device>&, DeviceType)
                0x00000000c001b60c                getDevicesOfType(DeviceType)
 *fill*         0x00000000c001b636        0x2 
 .text          0x00000000c001b638       0x86 hal/diskctrl.32
                0x00000000c001b638                HardDiskController::HardDiskController(char const*)
                0x00000000c001b638                HardDiskController::HardDiskController(char const*)
                0x00000000c001b670                HardDiskController::~HardDiskController()
                0x00000000c001b670                HardDiskController::~HardDiskController()
                0x00000000c001b694                HardDiskController::~HardDiskController()
 .text          0x00000000c001b6be       0xe2 hal/diskphys.32
                0x00000000c001b6be                PhysicalDisk::eject()
                0x00000000c001b6c2                PhysicalDisk::PhysicalDisk(char const*, int)
                0x00000000c001b6c2                PhysicalDisk::PhysicalDisk(char const*, int)
                0x00000000c001b72a                PhysicalDisk::startCache()
                0x00000000c001b752                PhysicalDisk::~PhysicalDisk()
                0x00000000c001b752                PhysicalDisk::~PhysicalDisk()
                0x00000000c001b776                PhysicalDisk::~PhysicalDisk()
 .text          0x00000000c001b7a0        0x0 hal/fpu.32
 .text          0x00000000c001b7a0      0x359 hal/intctrl.32
                0x00000000c001b7a0                int_handler
                0x00000000c001b82a                installISRHandler(int, void (*)(regs*, void*), void*)
                0x00000000c001b874                installIRQHandler(int, void (*)(regs*, void*), bool, void*)
                0x00000000c001b9a8                uninstallISRHandler(int, void (*)(regs*, void*))
                0x00000000c001b9dc                uninstallIRQHandler(int, void (*)(regs*, void*), bool)
                0x00000000c001ba5a                setupINTS()
                0x00000000c001bab7                convertLegacyIRQNumber(int)
 *fill*         0x00000000c001baf9        0x1 
 .text          0x00000000c001bafa      0x8b6 hal/keybrd.32
                0x00000000c001bafa                startGUI(void*)
                0x00000000c001bb64                startGUIVESA(void*)
                0x00000000c001bbce                sendKeyToTerminal(unsigned char)
                0x00000000c001bca9                sendKeyboardToken(KeyboardToken)
                0x00000000c001c193                clearInternalKeybuffer(VgaText*)
                0x00000000c001c1c8                readKeyboard(VgaText*, char*, unsigned long)
                0x00000000c001c326                Keyboard::Keyboard(char const*)
                0x00000000c001c326                Keyboard::Keyboard(char const*)
                0x00000000c001c362                Keyboard::~Keyboard()
                0x00000000c001c362                Keyboard::~Keyboard()
                0x00000000c001c386                Keyboard::~Keyboard()
 .text          0x00000000c001c3b0      0x3f8 hal/logidisk.32
                0x00000000c001c3b0                LogicalDisk::close(int, int, void*)
                0x00000000c001c3b4                LogicalDisk::~LogicalDisk()
                0x00000000c001c3b4                LogicalDisk::~LogicalDisk()
                0x00000000c001c3d8                LogicalDisk::~LogicalDisk()
                0x00000000c001c402                LogicalDisk::open(int, int, void*)
                0x00000000c001c416                LogicalDisk::absoluteToRelative(unsigned long long)
                0x00000000c001c44e                LogicalDisk::relativeToAbsolute(unsigned long long)
                0x00000000c001c494                LogicalDisk::LogicalDisk(char const*, PhysicalDisk*, unsigned long long, unsigned long long)
                0x00000000c001c494                LogicalDisk::LogicalDisk(char const*, PhysicalDisk*, unsigned long long, unsigned long long)
                0x00000000c001c554                LogicalDisk::assignDriveLetter()
                0x00000000c001c60e                LogicalDisk::mount()
                0x00000000c001c656                LogicalDisk::unmount()
                0x00000000c001c666                LogicalDisk::eject()
                0x00000000c001c67a                LogicalDisk::unassignDriveLetter()
                0x00000000c001c6d0                LogicalDisk::read(unsigned long long, int, void*)
                0x00000000c001c73c                LogicalDisk::write(unsigned long long, int, void*)
 .text          0x00000000c001c7a8       0x86 hal/mouse.32
                0x00000000c001c7a8                Mouse::Mouse(char const*)
                0x00000000c001c7a8                Mouse::Mouse(char const*)
                0x00000000c001c7e0                Mouse::~Mouse()
                0x00000000c001c7e0                Mouse::~Mouse()
                0x00000000c001c804                Mouse::~Mouse()
 .text          0x00000000c001c82e       0x90 hal/nic.32
                0x00000000c001c82e                NIC::getMAC()
                0x00000000c001c834                NIC::write(int, unsigned char*, int*)
                0x00000000c001c83a                NIC::NIC(char const*)
                0x00000000c001c83a                NIC::NIC(char const*)
                0x00000000c001c870                NIC::~NIC()
                0x00000000c001c870                NIC::~NIC()
                0x00000000c001c894                NIC::~NIC()
 .text          0x00000000c001c8be      0x33b hal/partition.32
                0x00000000c001c8be                makePartition(PhysicalDisk*, unsigned long long, unsigned long long)
                0x00000000c001c966                createPartitionsForDisk(PhysicalDisk*)
 *fill*         0x00000000c001cbf9        0x3 
 .text          0x00000000c001cbfc       0x86 hal/serial.32
                0x00000000c001cbfc                Serial::Serial(char const*)
                0x00000000c001cbfc                Serial::Serial(char const*)
                0x00000000c001cc34                Serial::~Serial()
                0x00000000c001cc34                Serial::~Serial()
                0x00000000c001cc58                Serial::~Serial()
 *fill*         0x00000000c001cc82        0x2 
 .text          0x00000000c001cc84      0x230 hal/timer.32
                0x00000000c001cc84                Timer::Timer(char const*)
                0x00000000c001cc84                Timer::Timer(char const*)
                0x00000000c001ccbc                Timer::~Timer()
                0x00000000c001ccbc                Timer::~Timer()
                0x00000000c001cce0                Timer::~Timer()
                0x00000000c001cd0a                Timer::read()
                0x00000000c001cd15                setupTimer(int)
                0x00000000c001cd50                timerHandler(unsigned int)
 .text          0x00000000c001ceb4      0x444 hal/vcache.32
                0x00000000c001ceb4                VCache::VCache(PhysicalDisk*)
                0x00000000c001ceb4                VCache::VCache(PhysicalDisk*)
                0x00000000c001d024                VCache::invalidateReadBuffer()
                0x00000000c001d034                VCache::writeWriteBuffer()
                0x00000000c001d080                VCache::~VCache()
                0x00000000c001d080                VCache::~VCache()
                0x00000000c001d0d8                VCache::~VCache()
                0x00000000c001d100                VCache::write(unsigned long long, int, void*)
                0x00000000c001d1f4                VCache::read(unsigned long long, int, void*)
 .text          0x00000000c001d2f8      0x70e hal/video.32
                0x00000000c001d2f8                Video::putrect(int, int, int, int, unsigned int)
                0x00000000c001d344                Video::bitblit(int, int, int, int, int, int, int, unsigned int*)
                0x00000000c001d3b4                Video::blit(unsigned int*, int, int, int, int)
                0x00000000c001d432                Video::clearScreen(unsigned int)
                0x00000000c001d466                Video::putpixel(int, int, unsigned int)
                0x00000000c001d474                Video::readPixelApprox(int, int)
                0x00000000c001d488                Video::Video(char const*)
                0x00000000c001d488                Video::Video(char const*)
                0x00000000c001d4be                Video::~Video()
                0x00000000c001d4be                Video::~Video()
                0x00000000c001d4e2                Video::~Video()
                0x00000000c001d50c                Video::isMonochrome()
                0x00000000c001d518                Video::getWidth()
                0x00000000c001d524                Video::getHeight()
                0x00000000c001d530                Video::drawCursor(int, int, unsigned int*, int)
                0x00000000c001d5ec                Video::tgaParse(unsigned char*, int, int*, int*)
                0x00000000c001d996                Video::putTGA(int, int, unsigned char*, int)
 *fill*         0x00000000c001da06        0x2 
 .text          0x00000000c001da08     0x1413 hw/acpi.32
                0x00000000c001da08                ACPI::close(int, int, void*)
                0x00000000c001db44                findRSDP()
                0x00000000c001dbdc                loadACPITables(unsigned char*)
                0x00000000c001de48                findRSDT(unsigned char*)
                0x00000000c001dfa0                findDataTable(unsigned char*, char*)
                0x00000000c001e020                scanMADT()
                0x00000000c001e4d8                ACPI::ACPI()
                0x00000000c001e4d8                ACPI::ACPI()
                0x00000000c001e52c                ACPI::getPCIIRQAssignment(unsigned char, unsigned short, unsigned char)
                0x00000000c001e628                ACPI::registerPCIIRQAssignment(void*, unsigned short, unsigned char, unsigned char)
                0x00000000c001e6f4                ACPI::setScreenBrightnessLevel(void*, int)
                0x00000000c001e6fc                ACPI::detectPCI()
                0x00000000c001e91c                ACPI::writeSimpleBootFlag(SimpleBootFlagTable*)
                0x00000000c001e964                ACPI::sleep()
                0x00000000c001e980                ACPI::open(int, int, void*)
 *fill*         0x00000000c001ee1b        0x1 
 .text          0x00000000c001ee1c      0xbc5 hw/cpu.32
                0x00000000c001ee1c                CPU::close(int, int, void*)
                0x00000000c001ee20                CPU::AMD_K6_write_msr(unsigned int, unsigned int, unsigned int, CPU::REGS*)
                0x00000000c001ee3c                CPU::AMD_K6_read_msr(unsigned int, CPU::REGS*)
                0x00000000c001ee54                CPU::AMD_K6_writeback(int, int, int)
                0x00000000c001eec8                CPU::cpuid(int, unsigned long*, unsigned long*, unsigned long*, unsigned long*)
                0x00000000c001ef4c                CPU::cpuidCheckEDX(unsigned int)
                0x00000000c001ef7a                CPU::cpuidCheckECX(unsigned int)
                0x00000000c001efa8                CPU::cpuidCheckExtendedEBX(unsigned int)
                0x00000000c001efd6                CPU::cpuidCheckExtendedECX(unsigned int)
                0x00000000c001f004                CPU::CPU()
                0x00000000c001f004                CPU::CPU()
                0x00000000c001f092                CPU::displayFeatures()
                0x00000000c001f094                CPU::detectFeatures()
                0x00000000c001f768                CPU::setupSMEP()
                0x00000000c001f774                CPU::setupUMIP()
                0x00000000c001f77e                CPU::setupTSC()
                0x00000000c001f788                CPU::setupLargePages()
                0x00000000c001f792                CPU::setupPAT()
                0x00000000c001f7ce                CPU::setupMTRR()
                0x00000000c001f7d0                CPU::setupGlobalPages()
                0x00000000c001f7da                CPU::allowUsermodeDataAccess()
                0x00000000c001f7ec                CPU::prohibitUsermodeDataAccess()
                0x00000000c001f7fe                CPU::setupSMAP()
                0x00000000c001f80c                CPU::setupFeatures()
                0x00000000c001f8d8                CPU::open(int, int, void*)
 .text          0x00000000c001f9e1       0xb6 krnl/atexit.32
                0x00000000c001f9e1                KeInitialiseAtexit()
                0x00000000c001fa00                KeRegisterAtexit(void (*)(void*), void*)
                0x00000000c001fa34                KeExecuteAtexit()
 .text          0x00000000c001fa97       0xdf krnl/bootmsg.32
                0x00000000c001fa97                KeDisplaySplashScreen()
                0x00000000c001fb13                KeSetBootMessage(char const*)
 *fill*         0x00000000c001fb76        0x2 
 .text          0x00000000c001fb78       0x48 krnl/cdefs.32
                0x00000000c001fb78                CUnlockScheduler
                0x00000000c001fb94                CLockScheduler
                0x00000000c001fba4                CPrintf
 .text          0x00000000c001fbc0       0x1d krnl/compat.32
                0x00000000c001fbc0                Krnl::handlePowerButton()
                0x00000000c001fbd0                Krnl::handleSleepButton()
 .text          0x00000000c001fbdd       0x2b krnl/crc32.32
                0x00000000c001fbdd                KeCalculateCRC32(unsigned char*, int)
 .text          0x00000000c001fc08      0x5bf krnl/env.32
                0x00000000c001fc08                EnvVarContainer::getEnv(char const*)
                0x00000000c001fc46                EnvVarContainer::setEnv(char const*, char const*)
                0x00000000c001fd08                EnvVarContainer::deleteEnv(char const*)
                0x00000000c001fd0a                EnvVarContainer::loadFrom(char const*, char const*)
                0x00000000c001ff2e                EnvVarContainer::__loadSystem()
                0x00000000c001ff48                EnvVarContainer::__loadUser()
                0x00000000c001ff4a                EnvVarContainer::EnvVarContainer(Process*)
                0x00000000c001ff4a                EnvVarContainer::EnvVarContainer(Process*)
                0x00000000c001ff6c                EnvVarContainer::~EnvVarContainer()
                0x00000000c001ff6c                EnvVarContainer::~EnvVarContainer()
                0x00000000c001ff9c                KeGetEnv(Process*, char const*)
                0x00000000c0020001                KeSetEnvSystem(char const*, char const*)
                0x00000000c002001b                KeSetEnvUser(char const*, char const*)
                0x00000000c002003a                KeSetEnvProcess(Process*, char const*, char const*)
                0x00000000c002004d                KeDeleteEnvSystem(char const*)
                0x00000000c002004e                KeDeleteEnvUser(char const*)
                0x00000000c002004f                KeDeleteEnvProcess(Process*, char const*)
                0x00000000c0020050                KeNewProcessEnv(Process*)
                0x00000000c0020072                KeCopyProcessEnv(Process*, Process*)
                0x00000000c00200be                KeLoadSystemEnv()
                0x00000000c00200ec                KeLoadUserEnv()
                0x00000000c0020112                KeFlushEnv()
                0x00000000c0020113                KeGetProcessTotalEnvCount(Process*)
                0x00000000c0020133                KeGetProcessEnvPair(Process*, int)
 .text          0x00000000c00201c7       0x94 krnl/inlines.32
                0x00000000c00201c7                CPU::current()
                0x00000000c00201d3                operator new(unsigned long)
                0x00000000c00201d8                operator delete(void*)
                0x00000000c00201dd                disableIRQs()
                0x00000000c00201df                enableIRQs()
                0x00000000c00201e1                lockScheduler()
                0x00000000c00201e9                unlockScheduler()
                0x00000000c00201f8                lockStuff()
                0x00000000c0020206                unlockStuff()
                0x00000000c0020240                Virt::getAKernelVAS()
                0x00000000c0020246                __not_memcpy
 *fill*         0x00000000c002025b        0x1 
 .text          0x00000000c002025c       0x1a krnl/mutex.32
                0x00000000c002025c                Mutex::Mutex()
                0x00000000c002025c                Mutex::Mutex()
 .text          0x00000000c0020276        0xc krnl/panic.32
                0x00000000c0020276                KePanic(char const*)
 .text          0x00000000c0020282      0x142 krnl/powctrl.32
                0x00000000c0020282                KePowerThread(void*)
                0x00000000c00202b0                KeChangePowerSettings(PowerSettings)
                0x00000000c00202c6                KeUserIOReceived()
                0x00000000c00202d1                KeHandlePowerButton()
                0x00000000c0020306                KeHandleSleepButton()
                0x00000000c002033b                KeSetupPowerManager()
 .text          0x00000000c00203c4       0x9d krnl/random.32
                0x00000000c00203c4                KeRand()
                0x00000000c0020406                KeSeedRand(unsigned int)
                0x00000000c002042f                KeInitRand()
 *fill*         0x00000000c0020461        0x3 
 .text          0x00000000c0020464      0x1bc krnl/resolve.32
                0x00000000c0020464                KeResolveCompatibilitySymbol(char*)
 .text          0x00000000c0020620      0x415 krnl/semaphore.32
                0x00000000c0020620                Semaphore::Semaphore(int)
                0x00000000c0020620                Semaphore::Semaphore(int)
                0x00000000c0020650                Semaphore::tryAcquire()
                0x00000000c002072c                Semaphore::assertLocked(char const*)
                0x00000000c00207bc                Semaphore::acquire(int)
                0x00000000c0020964                Semaphore::acquire()
                0x00000000c0020980                Semaphore::release()
 .text          0x00000000c0020a35      0x322 krnl/signal.32
                0x00000000c0020a35                KiSigKill(int)
                0x00000000c0020a49                KiDefaultSignalHandlerIgnore(int)
                0x00000000c0020a4a                KiDefaultSignalHandlerPause(int)
                0x00000000c0020a76                KiDefaultSignalHandlerResume(int)
                0x00000000c0020aa2                KeDeinitSignals(SigHandlerBlock*)
                0x00000000c0020aa7                KeInitSignals()
                0x00000000c0020af9                KeRegisterSignalHandler(SigHandlerBlock*, int, void (*)(int), unsigned int, int)
                0x00000000c0020b2f                KeRaiseSignal(SigHandlerBlock*, int)
                0x00000000c0020bac                KeCheckSignal(SigHandlerBlock*, int*)
                0x00000000c0020ca3                KiCheckSignalZ
                0x00000000c0020ce5                KeCompleteSignal(SigHandlerBlock*, int)
                0x00000000c0020d20                KiFinishSignalZ
 .text          0x00000000c0020d57      0xe10 krnl/syscalls.32
                0x00000000c0020d57                SysSeekDir(regs*)
                0x00000000c0020d5c                SysTellDir(regs*)
                0x00000000c0020d61                SysVerify(regs*)
                0x00000000c0020d6b                SysGetArgc(regs*)
                0x00000000c0020d7f                SysTTYName(regs*)
                0x00000000c0020d87                SysFormatDisk(regs*)
                0x00000000c0020dfe                SysSetDiskVolumeLabel(regs*)
                0x00000000c0020e52                SysGetDiskVolumeLabel(regs*)
                0x00000000c0020eab                SysShutdown(regs*)
                0x00000000c0020f09                SysRealpath(regs*)
                0x00000000c0020f4d                SysReadDir(regs*)
                0x00000000c0020fcd                SysIsATTY(regs*)
                0x00000000c0021027                SysSeek(regs*)
                0x00000000c002107e                SysTell(regs*)
                0x00000000c00210eb                SysSize(regs*)
                0x00000000c002115e                SysSizeFromFilename(regs*)
                0x00000000c002128f                SysSizeFromFilenameNoSymlink(regs*)
                0x00000000c00213c0                SysClose(regs*)
                0x00000000c0021420                SysOpenDir(regs*)
                0x00000000c002149d                SysMakeDir(regs*)
                0x00000000c002150b                SysCloseDir(regs*)
                0x00000000c002155f                SysWait(regs*)
                0x00000000c0021580                SysNotImpl(regs*)
                0x00000000c002159b                SysPanic(regs*)
                0x00000000c00215b6                SysRmdir(regs*)
                0x00000000c002161b                SysUnlink(regs*)
                0x00000000c0021680                SysGetArgv(regs*)
                0x00000000c00216cd                SysUSleep(regs*)
                0x00000000c00216f6                SysSpawn(regs*)
                0x00000000c0021769                SysGetEnv(regs*)
                0x00000000c002181a                SysSetFatAttrib(regs*)
                0x00000000c002188d                SysPipe(regs*)
                0x00000000c00218d2                SysGetUnixTime(regs*)
                0x00000000c00218e6                string_ends_with(char const*, char const*)
                0x00000000c002192e                SysOpen(regs*)
                0x00000000c0021b25                KeSystemCall(regs*, void*)
 *fill*         0x00000000c0021b67        0x1 
 .text          0x00000000c0021b68      0x159 net/ethernet.32
                0x00000000c0021b68                KeSwitchEndian16(unsigned short)
                0x00000000c0021b8c                KeSwitchEndian32(unsigned int)
                0x00000000c0021bbc                EthernetCRC32(unsigned char*, int)
                0x00000000c0021c60                EthernetReceivedPacket(EthernetUnwrappedFrame*, unsigned short)
 *fill*         0x00000000c0021cc1        0x3 
 .text          0x00000000c0021cc4       0xf4 net/netosl.32
                0x00000000c0021cc4                KeNetCreateSemaphore
                0x00000000c0021d08                KeNetFreeSemaphore
                0x00000000c0021d24                KeNetSignalSemaphore
                0x00000000c0021d40                KeNetWaitSemaphore
                0x00000000c0021d60                KeNetCreateThread
                0x00000000c0021d84                KeCPanic
                0x00000000c0021d9c                KeCPuts
 .text          0x00000000c0021db8      0xd56 reg/cm.32
                0x00000000c0021db8                CmOpen(char const*)
                0x00000000c0021ed6                CmClose(Reghive_Tag*)
                0x00000000c0021eec                CmReadExtent(Reghive_Tag*, int, unsigned char*)
                0x00000000c0021f28                CmGetString(Reghive_Tag*, int, char*)
                0x00000000c0021f9f                CmEnterDirectory(Reghive_Tag*, int)
                0x00000000c0021fde                CmGetNext(Reghive_Tag*, int)
                0x00000000c0022010                CmWriteExtent(Reghive_Tag*, int, unsigned char*)
                0x00000000c002204c                CmFreeExtent(Reghive_Tag*, int)
                0x00000000c0022074                CmUpdateHeader(Reghive_Tag*)
                0x00000000c0022095                CmExpand(Reghive_Tag*, int)
                0x00000000c0022110                CmFindUnusedExtent(Reghive_Tag*)
                0x00000000c0022196                CmCreateExtent(Reghive_Tag*, int, int, unsigned char*)
                0x00000000c002228a                CmSetString(Reghive_Tag*, int, char const*)
                0x00000000c00223c6                CmGetMatch(char*, char*, bool, bool*)
                0x00000000c0022427                CmAddShift(unsigned int*, int*, unsigned char, int)
                0x00000000c0022457                CmGetShift(unsigned int*, int*, int, bool*)
                0x00000000c002248e                CmGetInteger(Reghive_Tag*, int, unsigned long long*)
                0x00000000c00224b8                CmSetInteger(Reghive_Tag*, int, unsigned long long)
                0x00000000c00224f8                CmConvertFromInternalFilename(unsigned char const*, char*)
                0x00000000c002259c                CmGetNameAndTypeFromExtent(Reghive_Tag*, int, char*)
                0x00000000c00225ca                CmConvertToInternalFilename(char const*, unsigned char*)
                0x00000000c0022768                CmCreateString(Reghive_Tag*, int, char const*)
                0x00000000c00227b5                CmFindInDirectory(Reghive_Tag*, int, char const*)
                0x00000000c002282f                CmCreateInteger(Reghive_Tag*, int, char const*, unsigned long long, int)
                0x00000000c0022882                CmCreateDirectory(Reghive_Tag*, int, char const*)
                0x00000000c0022946                zStrtok(char*, char const*)
                0x00000000c00229b8                CmFindObjectFromPath(Reghive_Tag*, char const*)
                0x00000000c0022a39                CmDisplayTree(Reghive_Tag*, int, int)
                0x00000000c0022adc                CmSplitFinalSlashInPlace(char*)
 .text          0x00000000c0022b0e      0x52a reg/registry.32
                0x00000000c0022b0e                Reg::findLineFromLoadedData(char*, char*, char*)
                0x00000000c0022c7f                Reg::getLineFromRegistry(char*, char*, char*, char*)
                0x00000000c0022dd4                Reg::getLine(char*, char*, char*)
                0x00000000c0022e0b                Reg::readInt(char*, char*, int*)
                0x00000000c0022ef9                Reg::readString(char*, char*, char*, int)
                0x00000000c0022f7a                Reg::readBool(char*, char*, bool*)
                0x00000000c0022f9f                Reg::readBoolWithDefault(char*, char*, bool)
                0x00000000c0022fcb                Reg::readIntWithDefault(char*, char*, int)
                0x00000000c0022ff7                Reg::readStringWithDefault(char*, char*, char*, int, char*)
 .text          0x00000000c0023038       0x36 sys/eject.32
                0x00000000c0023038                SysEject(regs*)
 .text          0x00000000c002306e       0x18 sys/exit.32
                0x00000000c002306e                SysExit(regs*)
 .text          0x00000000c0023086       0x1f sys/getcwd.32
                0x00000000c0023086                SysGetCwd(regs*)
 .text          0x00000000c00230a5        0xc sys/getpid.32
                0x00000000c00230a5                SysGetPID(regs*)
 .text          0x00000000c00230b1       0x1a sys/getramdata.32
                0x00000000c00230b1                SysGetRAMData(regs*)
 .text          0x00000000c00230cb       0x82 sys/getvgaptr.32
                0x00000000c00230cb                SysGetVGAPtr(regs*)
 *fill*         0x00000000c002314d        0x3 
 .text          0x00000000c0023150       0xb9 sys/kill.32
                0x00000000c0023150                SysKill(regs*)
 .text          0x00000000c0023209       0xa8 sys/loaddll.32
                0x00000000c0023209                SysLoadDLL(regs*)
 .text          0x00000000c00232b1       0x68 sys/read.32
                0x00000000c00232b1                SysRead(regs*)
 .text          0x00000000c0023319       0x29 sys/registersignal.32
                0x00000000c0023319                SysRegisterSignal(regs*)
 .text          0x00000000c0023342      0x19c sys/registry.32
                0x00000000c0023342                SysRegistryGetTypeFromPath(regs*)
                0x00000000c00233b9                SysRegistryReadExtent(regs*)
                0x00000000c0023401                SysRegistryPathToExtentLookup(regs*)
                0x00000000c0023429                SysRegistryEnterDirectory(regs*)
                0x00000000c0023451                SysRegistryGetNext(regs*)
                0x00000000c0023479                SysRegistryGetNameAndTypeFromExtent(regs*)
                0x00000000c00234b3                SysRegistryOpen(regs*)
                0x00000000c00234c7                SysRegistryClose(regs*)
 .text          0x00000000c00234de       0x55 sys/sbrk.32
                0x00000000c00234de                SysSbrk(regs*)
 .text          0x00000000c0023533       0x1c sys/setcwd.32
                0x00000000c0023533                SysSetCwd(regs*)
 .text          0x00000000c002354f       0x96 sys/settime.32
                0x00000000c002354f                SysSetTime(regs*)
 .text          0x00000000c00235e5       0x73 sys/symlink.32
                0x00000000c00235e5                SysSymlink(regs*)
 .text          0x00000000c0023658       0x4a sys/timezone.32
                0x00000000c0023658                SysTimezone(regs*)
 .text          0x00000000c00236a2       0xfc sys/truncate.32
                0x00000000c00236a2                SysTruncate(regs*)
 .text          0x00000000c002379e       0x68 sys/write.32
                0x00000000c002379e                SysWrite(regs*)
 .text          0x00000000c0023806       0x62 sys/wsbe.32
                0x00000000c0023806                SysWsbe(regs*)
 .text          0x00000000c0023868       0x25 sys/yield.32
                0x00000000c0023868                SysYield(regs*)
 .text          0x00000000c002388d     0x1207 thr/elf.32
                0x00000000c002388d                Thr::allocateMemoryForTask(Process*, File*, unsigned long, unsigned long, unsigned long)
                0x00000000c0023b1b                Thr::loadProgramIntoMemory(Process*, char const*)
                0x00000000c0023d2d                Thr::runtimeReferenceHelper()
                0x00000000c0023d40                Thr::getAddressOfKernelSymbol(char const*)
                0x00000000c0023d8f                Thr::loadKernelSymbolTable(char const*)
                0x00000000c002404d                Thr::loadDriverIntoMemory(char const*, unsigned long, bool)
                0x00000000c0024786                Thr::getDriverBaseFromAddress(unsigned long)
                0x00000000c00247b8                Thr::getDriverNameFromAddress(unsigned long)
                0x00000000c00247ef                Thr::getDriverOffsetFromAddress(unsigned long)
                0x00000000c0024809                Thr::loadDLL(char const*, bool)
                0x00000000c0024a5b                Thr::executeDLL(unsigned long, void*)
 .text          0x00000000c0024a94     0x1131 thr/prcssthr.32
                0x00000000c0024a94                userModeEntryPoint(void*)
                0x00000000c0024abc                changeTSS
                0x00000000c0024aec                switchToThread(ThreadControlBlock*)
                0x00000000c0024b9c                Process::addArgs(char**)
                0x00000000c0024c08                Process::Process(char const*, Process*, char**)
                0x00000000c0024c08                Process::Process(char const*, Process*, char**)
                0x00000000c0024e14                Process::Process(bool, char const*, Process*, char**)
                0x00000000c0024e14                Process::Process(bool, char const*, Process*, char**)
                0x00000000c0024fe8                taskStartupFunction
                0x00000000c0024ff4                KeDisablePreemption()
                0x00000000c002501c                KeRestorePreemption()
                0x00000000c002503c                Process::createThread(void (*)(void*), void*, int)
                0x00000000c0025148                Process::createUserThread()
                0x00000000c0025168                setupMultitasking(void (*)())
                0x00000000c002528c                schedule()
                0x00000000c0025320                blockTaskWithSchedulerLockAlreadyHeld(TaskState)
                0x00000000c0025348                blockTask(TaskState)
                0x00000000c0025380                waitTask(int, int*, int)
                0x00000000c00253c4                milliTenthSleepUntil(unsigned int)
                0x00000000c0025464                milliTenthSleep(unsigned int)
                0x00000000c0025478                sleep(unsigned int)
                0x00000000c0025494                taskReturned
                0x00000000c00254d8                Thr::processFromPID(int)
                0x00000000c0025584                unblockTask(ThreadControlBlock*)
                0x00000000c0025630                cleanupTerminatedTask(ThreadControlBlock*)
                0x00000000c0025904                cleanerTaskFunction(void*)
                0x00000000c0025a0c                terminateTask(int)
                0x00000000c0025af8                Thr::terminateFromIRQ(int)
 .text          0x00000000c0025bc5      0xc27 vm86/vm8086.32
                0x00000000c0025bc5                Vm::inbv(unsigned short)
                0x00000000c0025bd8                Vm::outbv(unsigned short, unsigned char)
                0x00000000c0025c0e                Vm::realToLinear(unsigned short, unsigned short)
                0x00000000c0025c1e                Vm::getSegment(unsigned int)
                0x00000000c0025c26                Vm::getOffset(unsigned int)
                0x00000000c0025c2b                Vm::mainloop2()
                0x00000000c0025c65                Vm::mainVm8086Loop(void*)
                0x00000000c0025c75                Vm::mainloop3(unsigned long)
                0x00000000c0025c9b                Vm::initialise8086()
                0x00000000c0025cde                Vm::finish8086()
                0x00000000c0025d3f                Vm::getOutput8086(unsigned char*)
                0x00000000c0025d64                Vm::start8086FromBuffer(unsigned char*, int, unsigned short, unsigned short, unsigned short, unsigned short)
                0x00000000c0025e1d                Vm::start8086(char const*, unsigned short, unsigned short, unsigned short, unsigned short)
                0x00000000c0025fbb                Vm::doISR(regs*, int, unsigned char*, unsigned short, unsigned short)
                0x00000000c0026054                Vm::readByteFromReal(unsigned short, unsigned short)
                0x00000000c0026065                Vm::readWordFromReal(unsigned short, unsigned short)
                0x00000000c0026077                Vm::readDwordFromReal(unsigned short, unsigned short)
                0x00000000c0026088                Vm::writeByteFromReal(unsigned short, unsigned short, unsigned char)
                0x00000000c002609d                Vm::writeWordFromReal(unsigned short, unsigned short, unsigned short)
                0x00000000c00260b3                Vm::writeDwordFromReal(unsigned short, unsigned short, unsigned int)
                0x00000000c00260c8                Vm::faultHandler(regs*)
 .text          0x00000000c00267ec      0xaf0 arch/i386/hal.32
                0x00000000c00267ec                noCopro(unsigned long)
                0x00000000c00267ed                nmiHandler(regs*, void*)
                0x00000000c0026806                doubleFault(regs*, void*)
                0x00000000c002681f                displayDebugInfo(regs*)
                0x00000000c0026ba4                HalSystemIdle()
                0x00000000c0026c20                displayProgramFault(char const*)
                0x00000000c0026c6c                gpFault(regs*, void*)
                0x00000000c0026cd3                pgFault(regs*, void*)
                0x00000000c0026d5c                otherISRHandler(regs*, void*)
                0x00000000c0026d90                opcodeFault(regs*, void*)
                0x00000000c0026e13                i386SaveCoprocessor(void*)
                0x00000000c0026e27                i386LoadCoprocessor(void*)
                0x00000000c0026e3b                x87EmulHandler(regs*, void*)
                0x00000000c0026ed8                HalInitialiseCoprocessor()
                0x00000000c0026f86                HalPanic(char const*)
                0x00000000c002709a                HalQueryPerformanceCounter()
                0x00000000c00270b5                HalInitialise()
                0x00000000c002726b                HalMakeBeep(int)
                0x00000000c00272a5                HalGetRand()
                0x00000000c00272a8                HalEndOfInterrupt(int)
                0x00000000c00272d9                HalRestart()
                0x00000000c00272da                HalShutdown()
                0x00000000c00272db                HalSleep()
 .text          0x00000000c00272dc      0x2dc arch/i386/pic.32
                0x00000000c00272dc                picIoWait()
                0x00000000c00272e4                picDisable()
                0x00000000c0027318                picGetIRQReg(int)
                0x00000000c0027394                picOpen()
                0x00000000c0027518                picEOI(int)
 .text          0x00000000c00275b8      0x674 arch/i386/rtc.32
                0x00000000c00275b8                RTC::open(int, int, void*)
                0x00000000c00275bc                RTC::close(int, int, void*)
                0x00000000c00275c0                RTC::timeInSecondsUTC()
                0x00000000c00275d2                RTC::timeInDatetimeUTC()
                0x00000000c00275f8                RTC::setTimeInSecondsUTC(unsigned long long)
                0x00000000c0027636                RTC::~RTC()
                0x00000000c0027636                RTC::~RTC()
                0x00000000c002765a                RTC::~RTC()
                0x00000000c0027684                RTC::get_update_in_progress_flag()
                0x00000000c002769e                RTC::completeRTCRefresh()
                0x00000000c002797e                RTC::setTimeInDatetimeUTC(datetime_t)
                0x00000000c0027b2c                rtcIRQHandler(regs*, void*)
                0x00000000c0027b72                RTC::RTC()
                0x00000000c0027b72                RTC::RTC()
 .text          0x00000000c0027c2c      0x1f4 arch/i386/vga.32
                0x00000000c0027c2c                HalConsoleScroll(int, int)
                0x00000000c0027d34                HalConsoleWriteCharacter(char, int, int, int, int)
                0x00000000c0027d98                HalConsoleCursorUpdate(int, int)
 .text          0x00000000c0027e20     0x14cf fs/fat/vfslink.32
                0x00000000c0027e20                FAT::getName()
                0x00000000c0027e28                FAT::tell(void*, unsigned long long*)
                0x00000000c0027e64                FAT::stat(void*, unsigned long long*)
                0x00000000c0027ea0                FAT::~FAT()
                0x00000000c0027ea0                FAT::~FAT()
                0x00000000c0027ec4                FAT::~FAT()
                0x00000000c0027eec                FAT::getlabel(LogicalDisk*, int, char*, unsigned int*)
                0x00000000c0027f90                FAT::setlabel(LogicalDisk*, int, char*)
                0x00000000c0028054                FAT::format(LogicalDisk*, int, char const*, int)
                0x00000000c0028238                FAT::tryMount(LogicalDisk*, int)
                0x00000000c0028454                FAT::allocateSwapfile(char const*, int)
                0x00000000c0028614                FAT::readDir(void*, unsigned long, void*, int*)
                0x00000000c0028784                FAT::read(void*, unsigned long, void*, int*)
                0x00000000c00287e4                FAT::write(void*, unsigned long, void*, int*)
                0x00000000c0028844                FAT::close(void*)
                0x00000000c0028898                FAT::closeDir(void*)
                0x00000000c00288ec                FAT::truncate(void*, unsigned long long)
                0x00000000c0028958                FAT::seek(void*, unsigned long long)
                0x00000000c00289b0                fatWrapperReadDisk
                0x00000000c00289f0                fatWrapperWriteDisk
                0x00000000c0028a30                fatWrapperIoctl
                0x00000000c0028b4c                FAT::FAT()
                0x00000000c0028b4c                FAT::FAT()
                0x00000000c0028ba4                FAT::fixFilepath(char*)
                0x00000000c0028be4                FAT::open(char const*, void**, FileOpenMode)
                0x00000000c0028d58                FAT::openDir(char const*, void**)
                0x00000000c0028e08                FAT::stat(char const*, unsigned long long*, bool*)
                0x00000000c0028f00                FAT::unlink(char const*)
                0x00000000c0028f80                FAT::chfatattr(char const*, unsigned char, unsigned char)
                0x00000000c0029134                FAT::rename(char const*, char const*)
                0x00000000c0029200                FAT::mkdir(char const*)
                0x00000000c0029280                FAT::exists(char const*)
 *fill*         0x00000000c00292ef        0x1 
 .text          0x00000000c00292f0       0x94 fs/iso9660/helper.32
                0x00000000c00292f0                isoReadDiscSectorHelper
                0x00000000c002934c                iso_kprintf
                0x00000000c0029368                iso_kprintfd
 .text          0x00000000c0029384      0x71c fs/iso9660/vfslink.32
                0x00000000c0029384                ISO9660::format(LogicalDisk*, int, char const*, int)
                0x00000000c002938a                ISO9660::truncate(void*, unsigned long long)
                0x00000000c0029390                ISO9660::getName()
                0x00000000c0029396                ISO9660::closeDir(void*)
                0x00000000c00293a0                ISO9660::chfatattr(char const*, unsigned char, unsigned char)
                0x00000000c00293a6                ISO9660::unlink(char const*)
                0x00000000c00293ac                ISO9660::write(void*, unsigned long, void*, int*)
                0x00000000c00293b2                ISO9660::rename(char const*, char const*)
                0x00000000c00293b8                ISO9660::mkdir(char const*)
                0x00000000c00293be                ISO9660::~ISO9660()
                0x00000000c00293be                ISO9660::~ISO9660()
                0x00000000c00293e2                ISO9660::~ISO9660()
                0x00000000c002940a                ISO9660::exists(char const*)
                0x00000000c002941e                ISO9660::open(char const*, void**, FileOpenMode)
                0x00000000c0029504                ISO9660::read(void*, unsigned long, void*, int*)
                0x00000000c002954c                ISO9660::seek(void*, unsigned long long)
                0x00000000c002958e                ISO9660::tell(void*, unsigned long long*)
                0x00000000c00295cc                ISO9660::stat(void*, unsigned long long*)
                0x00000000c002961e                ISO9660::stat(char const*, unsigned long long*, bool*)
                0x00000000c0029760                ISO9660::close(void*)
                0x00000000c0029790                ISO9660::openDir(char const*, void**)
                0x00000000c002986a                ISO9660::readDir(void*, unsigned long, void*, int*)
                0x00000000c0029987                readSectorFromCDROM(unsigned int, unsigned char*, char)
                0x00000000c0029a06                ISO9660::tryMount(LogicalDisk*, int)
                0x00000000c0029a78                ISO9660::ISO9660()
                0x00000000c0029a78                ISO9660::ISO9660()
 .text          0x00000000c0029aa0      0x26c hal/sound/sndcard.32