Archive member included to satisfy reference by file (symbol)

/cygdrive/d/Users/Alex/Desktop/Toolchain/Output/bin/../lib/gcc/i386-banana/8.1.0/libgcc.a(_divdi3.o)
                              fs/fat/ff.32 (__divdi3)
/cygdrive/d/Users/Alex/Desktop/Toolchain/Output/bin/../lib/gcc/i386-banana/8.1.0/libgcc.a(_moddi3.o)
                              thr/elf.32 (__moddi3)
/cygdrive/d/Users/Alex/Desktop/Toolchain/Output/bin/../lib/gcc/i386-banana/8.1.0/libgcc.a(_udivdi3.o)
                              fs/fat/ff.32 (__udivdi3)
/cygdrive/d/Users/Alex/Desktop/Toolchain/Output/bin/../lib/gcc/i386-banana/8.1.0/libgcc.a(_umoddi3.o)
                              core/pipe.32 (__umoddi3)
D:/Users/Alex/Desktop/Banana/kernel/libk/libm32.a(s_fabs.c.o)
                              hal/libresample/samplerate.32 (fabs)
D:/Users/Alex/Desktop/Banana/kernel/libk/libm32.a(s_lrint.S.o)
                              hal/libresample/samplerate.32 (lrint)
D:/Users/Alex/Desktop/Banana/kernel/libk/libm32.a(s_lrintf.S.o)
                              hal/sound/sndhw.32 (lrintf)

Discarded input sections

 .comment       0x0000000000000000       0x12 /cygdrive/d/Users/Alex/Desktop/Toolchain/Output/bin/../lib/gcc/i386-banana/8.1.0/crtbegin.o
 .comment       0x0000000000000000       0x12 acpica/utclib.32
 .comment       0x0000000000000000       0x12 core/malloc.32
 .comment       0x0000000000000000       0x12 libk/string.32
 .comment       0x0000000000000000       0x12 fs/fat/diskio.32
 .comment       0x0000000000000000       0x12 fs/fat/ff.32
 .comment       0x0000000000000000       0x12 fs/fat/ffsystem.32
 .comment       0x0000000000000000       0x12 fs/fat/ffunicode.32
 .comment       0x0000000000000000       0x12 hal/libresample/samplerate.32
 .comment       0x0000000000000000       0x12 hal/libresample/src_linear.32
 .comment       0x0000000000000000       0x12 hal/libresample/src_sinc.32
 .comment       0x0000000000000000       0x12 hal/libresample/src_zoh.32
 .group         0x0000000000000000       0x14 core/computer.32
 .group         0x0000000000000000        0xc core/computer.32
 .comment       0x0000000000000000       0x12 core/computer.32
 .comment       0x0000000000000000       0x12 core/gdt.32
 .group         0x0000000000000000        0xc core/idle.32
 .comment       0x0000000000000000       0x12 core/idle.32
 .comment       0x0000000000000000       0x12 core/idt.32
 .group         0x0000000000000000        0x8 core/kheap.32
 .group         0x0000000000000000        0x8 core/kheap.32
 .comment       0x0000000000000000       0x12 core/kheap.32
 .comment       0x0000000000000000       0x12 core/main.32
 .comment       0x0000000000000000       0x12 core/physmgr.32
 .group         0x0000000000000000        0xc core/pipe.32
 .comment       0x0000000000000000       0x12 core/pipe.32
 .group         0x0000000000000000        0xc core/terminal.32
 .comment       0x0000000000000000       0x12 core/terminal.32
 .group         0x0000000000000000        0x8 core/tss.32
 .text._ZN3CPU7readCR3Ev
                0x0000000000000000       0x12 core/tss.32
 .comment       0x0000000000000000       0x12 core/tss.32
 .group         0x0000000000000000        0x8 core/unixfile.32
 .group         0x0000000000000000        0xc core/unixfile.32
 .group         0x0000000000000000        0xc core/unixfile.32
 .group         0x0000000000000000        0x8 core/unixfile.32
 .group         0x0000000000000000        0xc core/unixfile.32
 .group         0x0000000000000000        0x8 core/unixfile.32
 .group         0x0000000000000000        0xc core/unixfile.32
 .group         0x0000000000000000        0xc core/unixfile.32
 .comment       0x0000000000000000       0x12 core/unixfile.32
 .group         0x0000000000000000        0x8 core/virtmgr.32
 .group         0x0000000000000000        0x8 core/virtmgr.32
 .text._ZN3CPU7readCR3Ev
                0x0000000000000000       0x12 core/virtmgr.32
 .text._ZN3CPU8writeCR3Em
                0x0000000000000000        0x9 core/virtmgr.32
 .comment       0x0000000000000000       0x12 core/virtmgr.32
 .comment       0x0000000000000000       0x12 coreobjs/c++.32
 .comment       0x0000000000000000       0x12 dbg/kconsole.32
 .group         0x0000000000000000        0xc fs/vfs.32
 .group         0x0000000000000000        0xc fs/vfs.32
 .group         0x0000000000000000        0xc fs/vfs.32
 .comment       0x0000000000000000       0x12 fs/vfs.32
 .group         0x0000000000000000        0xc hal/bus.32
 .comment       0x0000000000000000       0x12 hal/bus.32
 .group         0x0000000000000000        0xc hal/buzzer.32
 .comment       0x0000000000000000       0x12 hal/buzzer.32
 .group         0x0000000000000000        0xc hal/clock.32
 .comment       0x0000000000000000       0x12 hal/clock.32
 .group         0x0000000000000000       0x14 hal/device.32
 .group         0x0000000000000000        0xc hal/device.32
 .group         0x0000000000000000        0xc hal/device.32
[...]
Memory Configuration

Name             Origin             Length             Attributes
*default*        0x0000000000000000 0xffffffffffffffff

Linker script and memory map

LOAD D:/Users/Alex/Desktop/Banana/kernel/boot.32
LOAD crti.32
LOAD /cygdrive/d/Users/Alex/Desktop/Toolchain/Output/bin/../lib/gcc/i386-banana/8.1.0/crtbegin.o
LOAD D:/Users/Alex/Desktop/Banana/kernel/morenasm.32
LOAD acpica/utclib.32
LOAD core/malloc.32
LOAD libk/string.32
LOAD fs/fat/diskio.32
LOAD fs/fat/ff.32
LOAD fs/fat/ffsystem.32
LOAD fs/fat/ffunicode.32
LOAD hal/libresample/samplerate.32
LOAD hal/libresample/src_linear.32
LOAD hal/libresample/src_sinc.32
LOAD hal/libresample/src_zoh.32
LOAD core/computer.32
LOAD core/gdt.32
LOAD core/idle.32
LOAD core/idt.32
LOAD core/kheap.32
LOAD core/main.32
LOAD core/physmgr.32
LOAD core/pipe.32
LOAD core/terminal.32
LOAD core/tss.32
LOAD core/unixfile.32
LOAD core/virtmgr.32
LOAD coreobjs/c++.32
LOAD dbg/kconsole.32
LOAD fs/vfs.32
LOAD hal/bus.32
LOAD hal/buzzer.32
LOAD hal/clock.32
LOAD hal/device.32
LOAD hal/diskctrl.32
LOAD hal/diskphys.32
LOAD hal/fpu.32
LOAD hal/intctrl.32
LOAD hal/keybrd.32
LOAD hal/logidisk.32
LOAD hal/mouse.32
LOAD hal/partition.32
LOAD hal/timer.32
LOAD hal/vcache.32
LOAD hal/video.32
LOAD hw/acpi.32
LOAD hw/cpu.32
LOAD hw/ports.32
LOAD krnl/panic.32
LOAD reg/registry.32
LOAD sys/sc_exit.32
LOAD sys/sc_loaddll.32
LOAD sys/sc_read.32
LOAD sys/sc_sbrk.32
LOAD sys/sc_write.32
LOAD sys/sc_yield.32
LOAD sys/syscalls.32
LOAD thr/elf.32
LOAD thr/prcssthr.32
LOAD vm86/vm8086.32
LOAD fs/fat/vfslink.32
LOAD fs/iso9660/vfslink.32
LOAD hal/sound/sndchannel.32
LOAD hal/sound/sndhw.32
LOAD hw/bus/isa.32
LOAD hw/bus/pci.32
LOAD hw/diskctrl/ide.32
LOAD hw/diskphys/ata.32
LOAD hw/diskphys/atapi.32
LOAD hw/fpu/avx.32
LOAD hw/fpu/mmx.32
LOAD hw/fpu/sse.32
LOAD hw/fpu/x87.32
LOAD hw/intctrl/apic.32
LOAD hw/intctrl/pic.32
LOAD hw/timer/apictimer.32
LOAD hw/timer/pit.32
LOAD hw/fpu/x86/avx.32
LOAD hw/fpu/x86/sse.32
LOAD hw/fpu/x86/x87.32
LOAD /cygdrive/d/Users/Alex/Desktop/Toolchain/Output/bin/../lib/gcc/i386-banana/8.1.0/crtend.o
LOAD crtn.32
LOAD /cygdrive/d/Users/Alex/Desktop/Toolchain/Output/bin/../lib/gcc/i386-banana/8.1.0/libgcc.a
LOAD D:/Users/Alex/Desktop/Banana/kernel/libk/libm32.a
                0x00000000c0000000                . = 0xc0000000

.text           0x00000000c0000000    0x1f768
 *(.text)
 .text          0x00000000c0000000       0x41 D:/Users/Alex/Desktop/Banana/kernel/boot.32
                0x00000000c0000020                callGlobalConstructors
 .text          0x00000000c0000041        0x0 crti.32
 *fill*         0x00000000c0000041        0x3 
 .text          0x00000000c0000044      0x101 /cygdrive/d/Users/Alex/Desktop/Toolchain/Output/bin/../lib/gcc/i386-banana/8.1.0/crtbegin.o
 *fill*         0x00000000c0000145        0xb 
 .text          0x00000000c0000150      0x4e9 D:/Users/Alex/Desktop/Banana/kernel/morenasm.32
                0x00000000c0000150                voodooXADD
                0x00000000c0000215                doTPAUSE
                0x00000000c000021f                hasLegacyFPU
                0x00000000c0000244                is486
                0x00000000c000027a                goToVM86
                0x00000000c00002ab                goToUsermode
                0x00000000c00002db                switchToThreadASMFirstTime
                0x00000000c00002e9                switchToThreadASM
                0x00000000c0000389                detectCPUID
                0x00000000c000039f                asmQuickAcquireLock
                0x00000000c00003bd                asmQuickReleaseLock
                0x00000000c00003c9                asmAcquireLock
                0x00000000c00003ea                asmReleaseLock
                0x00000000c00003fd                loadGDT
                0x00000000c000041d                isr0
                0x00000000c000042d                isr1
                0x00000000c0000437                isr2
                0x00000000c0000441                isr3
                0x00000000c000044b                isr4
                0x00000000c0000455                isr5
                0x00000000c000045f                isr6
                0x00000000c0000469                isr7
                0x00000000c0000473                isr8
                0x00000000c000047b                isr9
                0x00000000c0000485                isr10
                0x00000000c000048d                isr11
                0x00000000c0000495                isr12
                0x00000000c000049d                isr13
                0x00000000c00004a5                isr14
                0x00000000c00004ad                isr15
                0x00000000c00004b7                isr16
                0x00000000c00004c1                isr17
                0x00000000c00004cb                isr18
                0x00000000c00004d5                isr96
                0x00000000c00004df                irq0
                0x00000000c00004e9                irq1
                0x00000000c00004f3                irq2
                0x00000000c00004fd                irq3
                0x00000000c0000507                irq4
                0x00000000c0000511                irq5
                0x00000000c000051b                irq6
                0x00000000c0000525                irq7
                0x00000000c000052f                irq8
                0x00000000c0000539                irq9
                0x00000000c0000543                irq10
                0x00000000c000054d                irq11
                0x00000000c0000557                irq12
                0x00000000c0000561                irq13
                0x00000000c000056b                irq14
                0x00000000c0000575                irq15
                0x00000000c000057f                irq16
                0x00000000c0000589                irq17
                0x00000000c0000593                irq18
                0x00000000c000059d                irq19
                0x00000000c00005a7                irq20
                0x00000000c00005b1                irq21
                0x00000000c00005bb                irq22
                0x00000000c00005c5                irq23
                0x00000000c00005cf                int_common_stub
                0x00000000c00005ff                syscall_common_stub
 .text          0x00000000c0000639      0x411 acpica/utclib.32
                0x00000000c0000639                memcmp
                0x00000000c0000664                memmove
                0x00000000c000069c                memcpy
                0x00000000c00006d2                memset
                0x00000000c00006ef                strlen
                0x00000000c00006ff                strpbrk
                0x00000000c0000722                strtok
                0x00000000c0000771                strcpy
                0x00000000c0000791                strncpy
                0x00000000c00007c2                strcmp
                0x00000000c00007e3                strchr
                0x00000000c00007f9                strncmp
                0x00000000c0000828                strcat
                0x00000000c000084f                strncat
                0x00000000c0000889                strstr
                0x00000000c00008c6                toupper
                0x00000000c00008da                tolower
                0x00000000c00008ee                simple_strtoul
 .text          0x00000000c0000a4a      0xfc2 core/malloc.32
                0x00000000c0000bb5                dlfree
                0x00000000c0000f13                dlmalloc
                0x00000000c0001450                dlrealloc
                0x00000000c0001605                dlmemalign
                0x00000000c0001728                dlcalloc
                0x00000000c00017c2                dlcfree
                0x00000000c00017c7                dlindependent_calloc
                0x00000000c00017ec                dlindependent_comalloc
                0x00000000c0001803                dlvalloc
                0x00000000c000182e                dlpvalloc
                0x00000000c0001864                dlmalloc_trim
                0x00000000c0001871                dlmalloc_usable_size
                0x00000000c00018a2                dlmallinfo
                0x00000000c0001971                dlmalloc_stats
                0x00000000c0001982                dlmallopt
 .text          0x00000000c0001a0c        0x0 libk/string.32
 .text          0x00000000c0001a0c       0x51 fs/fat/diskio.32
                0x00000000c0001a0c                disk_status
                0x00000000c0001a0f                disk_initialize
                0x00000000c0001a12                disk_read
                0x00000000c0001a28                disk_write
                0x00000000c0001a3e                disk_ioctl
 .text          0x00000000c0001a5d     0x67e6 fs/fat/ff.32
                0x00000000c0004d13                f_mount
                0x00000000c0004d75                f_open
                0x00000000c00051b1                f_read
                0x00000000c0005431                f_write
                0x00000000c00056eb                f_sync
                0x00000000c00058c7                f_close
                0x00000000c00058f6                f_lseek
                0x00000000c0005d5b                f_opendir
                0x00000000c0005e5d                f_closedir
                0x00000000c0005e7f                f_readdir
                0x00000000c0005f1a                f_stat
                0x00000000c0005fa9                f_getfree
                0x00000000c0006191                f_truncate
                0x00000000c0006289                f_unlink
                0x00000000c000640a                f_mkdir
                0x00000000c0006636                f_rename
                0x00000000c0006929                f_chmod
                0x00000000c0006a07                f_utime
                0x00000000c0006ae5                f_getlabel
                0x00000000c0006cd9                f_setlabel
                0x00000000c0006f46                f_forward
                0x00000000c0007124                f_mkfs
 .text          0x00000000c0008243       0x2d fs/fat/ffsystem.32
                0x00000000c0008243                ff_memalloc
                0x00000000c0008259                ff_memfree
 .text          0x00000000c0008270      0x280 fs/fat/ffunicode.32
                0x00000000c0008270                ff_uni2oem
                0x00000000c0008306                ff_oem2uni
                0x00000000c0008375                ff_wtoupper
 .text          0x00000000c00084f0      0x70e hal/libresample/samplerate.32
                0x00000000c0008578                src_delete
                0x00000000c00085b4                src_process
                0x00000000c00086dc                src_callback_read
                0x00000000c000883d                src_set_ratio
                0x00000000c0008894                src_get_channels
                0x00000000c00088b6                src_reset
                0x00000000c00088fa                src_new
                0x00000000c0008988                src_callback_new
                0x00000000c00089ea                src_get_name
                0x00000000c0008a21                src_get_description
                0x00000000c0008a58                src_get_version
                0x00000000c0008a5e                src_is_valid_ratio
                0x00000000c0008a78                src_error
                0x00000000c0008a86                src_strerror
                0x00000000c0008a99                src_simple
                0x00000000c0008aec                src_short_to_float_array
                0x00000000c0008b12                src_float_to_short_array
                0x00000000c0008b76                src_int_to_float_array
                0x00000000c0008b9c                src_float_to_int_array
 .text          0x00000000c0008bfe      0x3f9 hal/libresample/src_linear.32
                0x00000000c0008f52                linear_get_name
                0x00000000c0008f61                linear_get_description
                0x00000000c0008f70                linear_set_converter
 .text          0x00000000c0008ff7     0x1a31 hal/libresample/src_sinc.32
                0x00000000c000a93f                sinc_get_name
                0x00000000c000a952                sinc_get_description
                0x00000000c000a965                sinc_set_converter
 .text          0x00000000c000aa28      0x3cf hal/libresample/src_zoh.32
                0x00000000c000ad52                zoh_get_name
                0x00000000c000ad61                zoh_get_description
                0x00000000c000ad70                zoh_set_converter
 *fill*         0x00000000c000adf7        0x1 
 .text          0x00000000c000adf8      0x9d0 core/computer.32
                0x00000000c000adf8                Computer::close(int, int, void*)
                0x00000000c000ae3e                Computer::Computer()
                0x00000000c000ae3e                Computer::Computer()
                0x00000000c000afa4                Computer::setBootMessage(char const*)
                0x00000000c000afa6                Computer::start()
                0x00000000c000b0a9                firstTask()
                0x00000000c000b0b8                Computer::detectFeatures()
                0x00000000c000b2b2                Computer::displayFeatures()
                0x00000000c000b58e                Computer::rdmsr(unsigned int)
                0x00000000c000b5ba                Computer::wrmsr(unsigned int, unsigned long long)
                0x00000000c000b5f2                Computer::nmiEnabled()
                0x00000000c000b5fe                Computer::readCMOS(unsigned char)
                0x00000000c000b61a                Computer::enableNMI(bool)
                0x00000000c000b632                Computer::open(int, int, void*)
                0x00000000c000b706                Computer::disableNMI()
                0x00000000c000b716                Computer::writeCMOS(unsigned char, unsigned char)
                0x00000000c000b736                Computer::handleNMI()
                0x00000000c000b79c                Computer::setDiskActivityLight(int, bool)
 .text          0x00000000c000b7c8      0x1b7 core/gdt.32
                0x00000000c000b7c8                GDTEntry::setBase(unsigned int)
                0x00000000c000b7e4                GDTEntry::setLimit(unsigned int)
                0x00000000c000b802                GDT::GDT()
                0x00000000c000b802                GDT::GDT()
                0x00000000c000b818                GDT::addEntry(GDTEntry)
                0x00000000c000b854                GDT::getNumberOfEntries()
                0x00000000c000b85c                GDT::flush()
                0x00000000c000b87e                GDT::setup()
 .text          0x00000000c000b97f       0x61 core/idle.32
                0x00000000c000b97f                idleFunction(void*)
 .text          0x00000000c000b9e0      0x45f core/idt.32
                0x00000000c000b9e0                IDTEntry::IDTEntry(bool)
                0x00000000c000b9e0                IDTEntry::IDTEntry(bool)
                0x00000000c000ba4e                IDTEntry::setOffset(unsigned int)
                0x00000000c000ba62                IDT::IDT()
                0x00000000c000ba62                IDT::IDT()
                0x00000000c000ba64                IDT::getPointerToInvalidOpcodeEntryForF00F()
                0x00000000c000ba6c                IDT::addEntry(IDTEntry, int)
                0x00000000c000ba86                IDT::addEntry(int, void (*)(), bool)
                0x00000000c000babe                IDT::flush()
                0x00000000c000bad8                IDT::setup()
 .text          0x00000000c000be3f      0x20c core/kheap.32
                0x00000000c000be3f                sbrk
                0x00000000c000bf56                mmap
                0x00000000c000bf6c                munmap
                0x00000000c000bf82                liballoc_lock()
                0x00000000c000bf93                liballoc_unlock()
                0x00000000c000bfa4                liballoc_alloc(int)
                0x00000000c000bfbf                liballoc_free(void*, int)
                0x00000000c000bfdd                realloc
                0x00000000c000bff1                malloc
                0x00000000c000c001                free
                0x00000000c000c011                rfree
                0x00000000c000c021                calloc
 .text          0x00000000c000c04b      0x3a9 core/main.32
                0x00000000c000c04b                hwTextMode_loadInData(VgaText*)
                0x00000000c000c090                hwTextMode_loadInTitle(VgaText*, char*)
                0x00000000c000c0da                hwTextMode_showCursor(VgaText*, bool)
                0x00000000c000c12e                hwTextMode_update(VgaText*)
                0x00000000c000c12f                hwTextMode_updateCursor(VgaText*)
                0x00000000c000c17d                hwTextMode_disableBlink(VgaText*, bool)
                0x00000000c000c1b9                hwTextMode_scrollScreen(VgaText*)
                0x00000000c000c245                hwTextMode_writeCharacter(VgaText*, char, VgaColour, VgaColour, int, int)
                0x00000000c000c2ab                setupTextMode()
                0x00000000c000c2fc                kernel_main
 .text          0x00000000c000c3f4      0x504 core/physmgr.32
                0x00000000c000c3f4                Phys::allocateDMA(unsigned long)
                0x00000000c000c498                Phys::freeDMA(unsigned long, unsigned long)
                0x00000000c000c4e0                Phys::setPageState(unsigned long, bool)
                0x00000000c000c519                Phys::getPageState(unsigned long)
                0x00000000c000c53a                Phys::freePage(unsigned long)
                0x00000000c000c5c7                Phys::allocatePage()
                0x00000000c000c693                Phys::allowSegmentToBeUsed(unsigned long, unsigned long)
                0x00000000c000c6cb                Phys::physicalMemorySetup(unsigned int)
 .text          0x00000000c000c8f8      0x273 core/pipe.32
                0x00000000c000c8f8                Pipe::isAtty()
                0x00000000c000c8fc                Pipe::~Pipe()
                0x00000000c000c8fc                Pipe::~Pipe()
                0x00000000c000c920                Pipe::~Pipe()
                0x00000000c000c948                Pipe::read(unsigned long long, void*, int*)
                0x00000000c000ca3c                Pipe::write(unsigned long long, void*, int*)
                0x00000000c000cb04                Pipe::Pipe(int)
                0x00000000c000cb04                Pipe::Pipe(int)
 *fill*         0x00000000c000cb6b        0x1 
 .text          0x00000000c000cb6c      0xf67 core/terminal.32
                0x00000000c000cb6c                VgaText::isAtty()
                0x00000000c000cb70                VgaText::~VgaText()
                0x00000000c000cb70                VgaText::~VgaText()
                0x00000000c000cb94                VgaText::~VgaText()
                0x00000000c000cbbe                VgaText::read(unsigned long long, void*, int*)
                0x00000000c000cbde                setTerminalScrollLock(bool)
                0x00000000c000cbdf                addToTerminalCycle(VgaText*)
                0x00000000c000cc0c                installVgaTextImplementation()
                0x00000000c000cc21                scrollTerminalScrollLock(int)
                0x00000000c000cc22                VgaText::load()
                0x00000000c000cc76                VgaText::updateCursor()
                0x00000000c000cc90                VgaText::showCursor(bool)
                0x00000000c000cca0                VgaText::disableBlink(bool)
                0x00000000c000ccda                VgaText::doANSI_SGR(int)
                0x00000000c000cd66                VgaText::setDefaultBgColour(VgaColour)
                0x00000000c000cd7c                VgaText::setDefaultFgColour(VgaColour)
                0x00000000c000cd92                VgaText::setDefaultColours(VgaColour, VgaColour)
                0x00000000c000cdb2                VgaText::combineColours(unsigned char, unsigned char)
                0x00000000c000cdc4                VgaText::scrollScreen()
                0x00000000c000ce58                VgaText::combineCharAndColour(char, unsigned char)
                0x00000000c000ce6a                VgaText::writeCharacter(char, VgaColour, VgaColour, int, int)
                0x00000000c000ceca                VgaText::getCursorX()
                0x00000000c000ced6                VgaText::getCursorY()
                0x00000000c000cee2                VgaText::setCursor(int, int)
                0x00000000c000cf00                VgaText::setCursorX(int)
                0x00000000c000cf1c                VgaText::setCursorY(int)
                0x00000000c000cf38                VgaText::incrementCursor(bool)
                0x00000000c000cfa0                VgaText::updateRAMUsageDisplay(int)
                0x00000000c000cffa                VgaText::updateDiskUsage()
                0x00000000c000d160                VgaText::updateTitle()
                0x00000000c000d1a6                VgaText::setTitleTextColour(VgaColour)
                0x00000000c000d1b6                VgaText::setTitleColour(VgaColour)
                0x00000000c000d1c6                VgaText::setTitle(char*)
                0x00000000c000d1ec                VgaText::decrementCursor(bool)
                0x00000000c000d214                VgaText::putchar(char, VgaColour, VgaColour)
                0x00000000c000d310                VgaText::isShowingCursor()
                0x00000000c000d31c                VgaText::isBlinkDisabled()
                0x00000000c000d32a                VgaText::setCursorHeight(int)
                0x00000000c000d348                VgaText::getCursorHeight()
                0x00000000c000d353                setActiveTerminal(VgaText*)
                0x00000000c000d405                doTerminalCycle()
                0x00000000c000d422                VgaText::doUpdate()
                0x00000000c000d434                VgaText::puts(char const*, VgaColour, VgaColour)
                0x00000000c000d5f6                VgaText::clearScreen()
                0x00000000c000d65a                VgaText::putchar(char)
                0x00000000c000d774                VgaText::puts(char const*)
                0x00000000c000d79a                VgaText::putx(unsigned int)
                0x00000000c000d7e0                VgaText::VgaText(char const*)
                0x00000000c000d7e0                VgaText::VgaText(char const*)
                0x00000000c000d972                VgaText::receiveKey(unsigned char)
                0x00000000c000da5a                VgaText::write(unsigned long long, void*, int*)
                0x00000000c000daae                newTerminal(char*)
 *fill*         0x00000000c000dad3        0x1 
 .text          0x00000000c000dad4      0x18f core/tss.32
                0x00000000c000dad4                TSS::TSS()
                0x00000000c000dad4                TSS::TSS()
                0x00000000c000dae2                TSS::setESP(unsigned long)
                0x00000000c000daf4                TSS::flush()
                0x00000000c000db14                TSS::setup(unsigned long, unsigned long)
 *fill*         0x00000000c000dc63        0x1 
 .text          0x00000000c000dc64      0x545 core/unixfile.32
                0x00000000c000dc64                ReservedFilename::read(unsigned long long, void*, int*)
                0x00000000c000dcfa                ReservedFilename::isAtty()
                0x00000000c000dd30                ReservedFilename::write(unsigned long long, void*, int*)
                0x00000000c000ddca                UnixFile::getFileDescriptor()
                0x00000000c000ddd2                UnixFile::UnixFile(int)
                0x00000000c000ddd2                UnixFile::UnixFile(int)
                0x00000000c000df42                ReservedFilename::ReservedFilename(int)
                0x00000000c000df42                ReservedFilename::ReservedFilename(int)
                0x00000000c000df74                UnixFile::~UnixFile()
                0x00000000c000df74                UnixFile::~UnixFile()
                0x00000000c000e00c                UnixFile::~UnixFile()
                0x00000000c000e034                ReservedFilename::~ReservedFilename()
                0x00000000c000e034                ReservedFilename::~ReservedFilename()
                0x00000000c000e058                ReservedFilename::~ReservedFilename()
                0x00000000c000e07f                getFromFileDescriptor(int)
 *fill*         0x00000000c000e1a9        0x1 
 .text          0x00000000c000e1aa      0xecf core/virtmgr.32
                0x00000000c000e1aa                Virt::setPageState(unsigned long, Virt::VirtPageState)
                0x00000000c000e1e1                Virt::getPageState(unsigned long)
                0x00000000c000e208                Virt::allocateKernelVirtualPages(int)
                0x00000000c000e319                Virt::virtualMemorySetup()
                0x00000000c000e395                Virt::getAKernelVAS()
                0x00000000c000e39b                Virt::setupPageSwapping(int)
                0x00000000c000e4b6                VAS::VAS()
                0x00000000c000e4b6                VAS::VAS()
                0x00000000c000e4e6                VAS::VAS(VAS*)
                0x00000000c000e4e6                VAS::VAS(VAS*)
                0x00000000c000e50a                VAS::getForeignPageTableEntry(bool, unsigned long)
                0x00000000c000e536                VAS::getPageTableEntry(unsigned long)
                0x00000000c000e555                Virt::freeKernelVirtualPages(unsigned long)
                0x00000000c000e676                VAS::freeAllocatedPages(unsigned long)
                0x00000000c000e69a                VAS::virtualToPhysical(unsigned long)
                0x00000000c000e6b4                VAS::reflagRange(unsigned long, int, int, int)
                0x00000000c000e6f8                VAS::setToWriteCombining(unsigned long, int)
                0x00000000c000e732                VAS::mapOtherVASIn(bool, VAS*)
                0x00000000c000e768                VAS::~VAS()
                0x00000000c000e768                VAS::~VAS()
                0x00000000c000e8d4                VAS::mapPage(unsigned long, unsigned long, int)
                0x00000000c000e9d6                VAS::allocatePages(int, int)
                0x00000000c000eba8                VAS::setCPUSpecific(unsigned long)
                0x00000000c000ebc6                VAS::mapRange(unsigned long, unsigned long, int, int)
                0x00000000c000ec90                VAS::mapForeignPage(bool, VAS*, unsigned long, unsigned long, int)
                0x00000000c000ed82                VAS::VAS(bool)
                0x00000000c000ed82                VAS::VAS(bool)
                0x00000000c000efb2                mapVASFirstTime
 .text          0x00000000c000f079       0x93 coreobjs/c++.32
                0x00000000c000f079                __cxa_atexit
                0x00000000c000f07c                __cxa_finalize
                0x00000000c000f07d                __stack_chk_fail
                0x00000000c000f0dd                __cxa_pure_virtual
                0x00000000c000f0ee                operator new(unsigned long)
                0x00000000c000f0f3                operator new[](unsigned long)
                0x00000000c000f0f8                operator delete(void*)
                0x00000000c000f0fd                operator delete(void*, unsigned long)
                0x00000000c000f102                operator delete[](void*)
                0x00000000c000f107                operator delete[](void*, unsigned long)
 .text          0x00000000c000f10c      0x23d dbg/kconsole.32
                0x00000000c000f10c                Dbg::stringifyxWithBase(unsigned int, char*, int)
                0x00000000c000f1b0                Dbg::logc(char)
                0x00000000c000f1c7                Dbg::logs(char*)
                0x00000000c000f1e4                Dbg::logWriteInt(unsigned int)
                0x00000000c000f202                Dbg::logWriteIntBase(unsigned int, int)
                0x00000000c000f223                Dbg::kprintf(char const*, ...)
 *fill*         0x00000000c000f349        0x1 
 .text          0x00000000c000f34a      0xb68 fs/vfs.32
                0x00000000c000f34a                File::read(unsigned long long, void*, int*)
                0x00000000c000f3a2                File::write(unsigned long long, void*, int*)
                0x00000000c000f3fa                Directory::read(unsigned long long, void*, int*)
                0x00000000c000f452                Directory::write(unsigned long long, void*, int*)
                0x00000000c000f480                File::isAtty()
                0x00000000c000f484                Directory::isAtty()
                0x00000000c000f488                Filesystem::getlabel(LogicalDisk*, int, char*, unsigned int*)
                0x00000000c000f48e                Filesystem::setlabel(LogicalDisk*, int, char*)
                0x00000000c000f494                File::~File()
                0x00000000c000f494                File::~File()
                0x00000000c000f4b8                File::~File()
                0x00000000c000f4e2                Directory::~Directory()
                0x00000000c000f4e2                Directory::~Directory()
                0x00000000c000f506                Directory::~Directory()
                0x00000000c000f530                Filesystem::Filesystem()
                0x00000000c000f530                Filesystem::Filesystem()
                0x00000000c000f554                Filesystem::~Filesystem()
                0x00000000c000f554                Filesystem::~Filesystem()
                0x00000000c000f562                Filesystem::~Filesystem()
                0x00000000c000f586                initVFS()
                0x00000000c000f5b0                standardiseFiles(char*, char const*, char const*)
                0x00000000c000f75a                File::File(char const*, Process*)
                0x00000000c000f75a                File::File(char const*, Process*)
                0x00000000c000f7be                File::open(FileOpenMode)
                0x00000000c000f81c                File::close()
                0x00000000c000f87c                File::seek(unsigned long long)
                0x00000000c000f8d2                File::tell(unsigned long long*)
                0x00000000c000f922                File::rewind()
                0x00000000c000f936                File::unlink()
                0x00000000c000f982                File::rename(char const*)
                0x00000000c000f9d0                File::chfatattr(unsigned char, unsigned char)
                0x00000000c000fa2c                File::exists()
                0x00000000c000fa6a                File::stat(unsigned long long*, bool*)
                0x00000000c000facb                getcwd(Process*, char*, int)
                0x00000000c000faf5                setcwd(Process*, char*)
                0x00000000c000fc1c                Directory::Directory(char const*, Process*)
                0x00000000c000fc1c                Directory::Directory(char const*, Process*)
                0x00000000c000fc80                Directory::open()
                0x00000000c000fcdc                Directory::close()
                0x00000000c000fd3c                Directory::unlink()
                0x00000000c000fd88                Directory::rename(char const*)
                0x00000000c000fdd6                Directory::exists()
                0x00000000c000fe14                Directory::read(dirent*)
                0x00000000c000fe60                Directory::create()
                0x00000000c000feac                Filesystem::chfatattr(char const*, unsigned char, unsigned char)
 .text          0x00000000c000feb2       0x84 hal/bus.32
                0x00000000c000feb2                Bus::Bus(char const*)
                0x00000000c000feb2                Bus::Bus(char const*)
                0x00000000c000fee8                Bus::~Bus()
                0x00000000c000fee8                Bus::~Bus()
                0x00000000c000ff0c                Bus::~Bus()
 .text          0x00000000c000ff36      0x14e hal/buzzer.32
                0x00000000c000ff36                Buzzer::Buzzer(char const*)
                0x00000000c000ff36                Buzzer::Buzzer(char const*)
                0x00000000c000ff7a                Buzzer::~Buzzer()
                0x00000000c000ff7a                Buzzer::~Buzzer()
                0x00000000c000ff9e                Buzzer::~Buzzer()
                0x00000000c000ffc8                Buzzer::stop()
                0x00000000c000ffdb                beepThread(void*)
                0x00000000c0010016                Buzzer::beep(int, int, bool)
 .text          0x00000000c0010084      0x435 hal/clock.32
                0x00000000c0010084                loadClockSettings()
                0x00000000c001009e                Clock::Clock(char const*)
                0x00000000c001009e                Clock::Clock(char const*)
                0x00000000c00100d4                Clock::~Clock()
                0x00000000c00100d4                Clock::~Clock()
                0x00000000c00100f8                Clock::~Clock()
                0x00000000c0010122                Clock::timeInSecondsLocal()
                0x00000000c001016a                Clock::setTimeInSecondsLocal(unsigned long long)
                0x00000000c00101c3                datetimeToSeconds(datetime_t)
                0x00000000c00102f0                Clock::setTimeInDatetimeLocal(datetime_t)
                0x00000000c0010350                secondsToDatetime(unsigned long long)
                0x00000000c0010494                Clock::timeInDatetimeLocal()
 *fill*         0x00000000c00104b9        0x1 
 .text          0x00000000c00104ba      0x500 hal/device.32
                0x00000000c00104ba                Device::hibernate()
                0x00000000c00104bc                Device::wake()
                0x00000000c00104be                Device::detect()
                0x00000000c00104c0                Device::disableLegacy()
                0x00000000c00104c2                Device::powerSaving(PowerSavingLevel)
                0x00000000c00104c4                DriverlessDevice::close(int, int, void*)
                0x00000000c00104c8                DriverlessDevice::detect()
                0x00000000c00104ca                DriverlessDevice::open(int, int, void*)
                0x00000000c00104de                Device::~Device()
                0x00000000c00104de                Device::~Device()
                0x00000000c00104ec                Device::~Device()
                0x00000000c0010514                Device::findAndLoadDriver()
                0x00000000c0010516                Device::preOpenPCI(PCIDeviceInfo)
                0x00000000c0010538                Device::preOpenACPI(void*, char*, char*)
                0x00000000c001058c                Device::addIRQHandler(int, void (*)(regs*, void*), bool, void*)
                0x00000000c00105ea                Device::removeIRQHandler(int, void (*)(regs*, void*), bool)
                0x00000000c0010638                Device::addChild(Device*)
                0x00000000c001067c                Device::removeAllChildren()
                0x00000000c00106c2                Device::hibernateAll()
                0x00000000c00106f2                Device::wakeAll()
                0x00000000c0010722                Device::detectAll()
                0x00000000c0010752                Device::disableLegacyAll()
                0x00000000c0010782                Device::loadDriversForAll()
                0x00000000c00107ae                Device::closeAll()
                0x00000000c00107e4                Device::powerSavingAll(PowerSavingLevel)
                0x00000000c001081a                Device::setName(char const*)
                0x00000000c0010828                Device::Device(char const*)
                0x00000000c0010828                Device::Device(char const*)
                0x00000000c001091a                Device::getName()
                0x00000000c0010924                DriverlessDevice::DriverlessDevice(char const*)
                0x00000000c0010924                DriverlessDevice::DriverlessDevice(char const*)
                0x00000000c001094c                Device::addToLinkedList(LinkedList<Device>&, DeviceType)
                0x00000000c0010990                getDevicesOfType(DeviceType)
 .text          0x00000000c00109ba       0x84 hal/diskctrl.32
                0x00000000c00109ba                HardDiskController::HardDiskController(char const*)
                0x00000000c00109ba                HardDiskController::HardDiskController(char const*)
                0x00000000c00109f0                HardDiskController::~HardDiskController()
                0x00000000c00109f0                HardDiskController::~HardDiskController()
                0x00000000c0010a14                HardDiskController::~HardDiskController()
 .text          0x00000000c0010a3e       0xde hal/diskphys.32
                0x00000000c0010a3e                PhysicalDisk::PhysicalDisk(char const*, int)
                0x00000000c0010a3e                PhysicalDisk::PhysicalDisk(char const*, int)
                0x00000000c0010aa6                PhysicalDisk::startCache()
                0x00000000c0010ace                PhysicalDisk::~PhysicalDisk()
                0x00000000c0010ace                PhysicalDisk::~PhysicalDisk()
                0x00000000c0010af2                PhysicalDisk::~PhysicalDisk()
 .text          0x00000000c0010b1c      0x142 hal/fpu.32
                0x00000000c0010b1c                FPU::FPU(char const*)
                0x00000000c0010b1c                FPU::FPU(char const*)
                0x00000000c0010b52                FPU::~FPU()
                0x00000000c0010b52                FPU::~FPU()
                0x00000000c0010b76                FPU::~FPU()
                0x00000000c0010ba0                setupFPU()
 .text          0x00000000c0010c5e     0x12d5 hal/intctrl.32
                0x00000000c0010c5e                InterruptController::uninstallISRHandler(int, void (*)(regs*, void*))
                0x00000000c0010c96                InterruptController::installISRHandler(int, void (*)(regs*, void*), void*)
                0x00000000c0010ce8                doubleFault(regs*, void*)
                0x00000000c0010d02                InterruptController::installIRQHandler(int, void (*)(regs*, void*), bool, void*)
                0x00000000c0010d9e                InterruptController::clearAllHandlers(int, bool)
                0x00000000c0010e46                InterruptController::uninstallIRQHandler(int, void (*)(regs*, void*), bool)
                0x00000000c0010ecd                nmiHandler(regs*, void*)
                0x00000000c0010edb                int_handler
                0x00000000c0010f76                InterruptController::InterruptController(char const*)
                0x00000000c0010f76                InterruptController::InterruptController(char const*)
                0x00000000c001101c                InterruptController::~InterruptController()
                0x00000000c001101c                InterruptController::~InterruptController()
                0x00000000c0011040                InterruptController::~InterruptController()
                0x00000000c001106a                displayDebugInfo(regs*)
                0x00000000c0011481                x87EmulHandler(regs*, void*)
                0x00000000c00114e4                gpFault(regs*, void*)
                0x00000000c001151d                pgFault(regs*, void*)
                0x00000000c0011534                otherISRHandler(regs*, void*)
                0x00000000c0011553                opcodeFault(regs*, void*)
                0x00000000c0011b06                displayProgramFault(char const*)
                0x00000000c0011b2e                setupInterruptController()
                0x00000000c0011ee6                InterruptController::convertLegacyIRQNumber(int)
 *fill*         0x00000000c0011f33        0x1 
 .text          0x00000000c0011f34      0x61c hal/keybrd.32
                0x00000000c0011f34                startGUI(void*)
                0x00000000c0011fa6                sendKeyToTerminal(unsigned char)
                0x00000000c0012017                sendKeyboardToken(KeyboardToken)
                0x00000000c0012400                clearInternalKeybuffer(VgaText*)
                0x00000000c0012435                readKeyboard(VgaText*, char*, unsigned long)
                0x00000000c00124c6                Keyboard::Keyboard(char const*)
                0x00000000c00124c6                Keyboard::Keyboard(char const*)
                0x00000000c0012502                Keyboard::~Keyboard()
                0x00000000c0012502                Keyboard::~Keyboard()
                0x00000000c0012526                Keyboard::~Keyboard()
 .text          0x00000000c0012550      0x400 hal/logidisk.32
                0x00000000c0012550                LogicalDisk::close(int, int, void*)
                0x00000000c0012554                LogicalDisk::~LogicalDisk()
                0x00000000c0012554                LogicalDisk::~LogicalDisk()
                0x00000000c0012578                LogicalDisk::~LogicalDisk()
                0x00000000c00125a2                LogicalDisk::open(int, int, void*)
                0x00000000c00125b6                LogicalDisk::absoluteToRelative(unsigned long long)
                0x00000000c00125ee                LogicalDisk::relativeToAbsolute(unsigned long long)
                0x00000000c0012634                LogicalDisk::LogicalDisk(char const*, PhysicalDisk*, unsigned long long, unsigned long long)
                0x00000000c0012634                LogicalDisk::LogicalDisk(char const*, PhysicalDisk*, unsigned long long, unsigned long long)
                0x00000000c00126ea                LogicalDisk::assignDriveLetter()
                0x00000000c00127a0                LogicalDisk::mount()
                0x00000000c0012812                LogicalDisk::unmount()
                0x00000000c0012822                LogicalDisk::unassignDriveLetter()
                0x00000000c0012878                LogicalDisk::read(unsigned long long, int, void*)
                0x00000000c00128e4                LogicalDisk::write(unsigned long long, int, void*)
 .text          0x00000000c0012950       0x84 hal/mouse.32
                0x00000000c0012950                Mouse::Mouse(char const*)
                0x00000000c0012950                Mouse::Mouse(char const*)
                0x00000000c0012986                Mouse::~Mouse()
                0x00000000c0012986                Mouse::~Mouse()
                0x00000000c00129aa                Mouse::~Mouse()
 .text          0x00000000c00129d4      0x339 hal/partition.32
                0x00000000c00129d4                makePartition(PhysicalDisk*, unsigned long long, unsigned long long)
                0x00000000c0012a7c                createPartitionsForDisk(PhysicalDisk*)
 *fill*         0x00000000c0012d0d        0x1 
 .text          0x00000000c0012d0e      0x2e7 hal/timer.32
                0x00000000c0012d0e                Timer::Timer(char const*)
                0x00000000c0012d0e                Timer::Timer(char const*)
                0x00000000c0012d44                Timer::~Timer()
                0x00000000c0012d44                Timer::~Timer()
                0x00000000c0012d68                Timer::~Timer()
                0x00000000c0012d92                Timer::read()
                0x00000000c0012d9d                timerHandler(unsigned long long)
                0x00000000c0012ed4                setupTimer(int)
 *fill*         0x00000000c0012ff5        0x1 
 .text          0x00000000c0012ff6      0x2d1 hal/vcache.32
                0x00000000c0012ff6                VCache::VCache(PhysicalDisk*)
                0x00000000c0012ff6                VCache::VCache(PhysicalDisk*)
                0x00000000c00130e6                VCache::writeWriteBuffer()
                0x00000000c0013122                VCache::~VCache()
                0x00000000c0013122                VCache::~VCache()
                0x00000000c0013162                VCache::~VCache()
                0x00000000c001318a                VCache::write(unsigned long long, int, void*)
                0x00000000c001326e                VCache::read(unsigned long long, int, void*)
 *fill*         0x00000000c00132c7        0x1 
 .text          0x00000000c00132c8      0x26d hal/video.32
                0x00000000c00132c8                Video::putrect(int, int, int, int, unsigned int)
                0x00000000c0013312                Video::blit(unsigned int*, int, int, int, int)
                0x00000000c0013390                Video::clearScreen(unsigned int)
                0x00000000c00133c4                Video::putpixel(int, int, unsigned int)
                0x00000000c00133d2                Video::Video(char const*)
                0x00000000c00133d2                Video::Video(char const*)
                0x00000000c0013408                Video::~Video()
                0x00000000c0013408                Video::~Video()
                0x00000000c001342c                Video::~Video()
                0x00000000c0013456                Video::isMonochrome()
                0x00000000c0013462                Video::getWidth()
                0x00000000c001346e                Video::getHeight()
                0x00000000c001347a                Video::drawCursor(int, int, unsigned char*, int)
 *fill*         0x00000000c0013535        0x1 
 .text          0x00000000c0013536      0xd68 hw/acpi.32
                0x00000000c0013536                ACPI::close(int, int, void*)
                0x00000000c00135ef                findRSDP()
                0x00000000c0013679                loadACPITables(unsigned char*)
                0x00000000c00138a0                findRSDT(unsigned char*)
                0x00000000c00139be                findDataTable(unsigned char*, char*)
                0x00000000c0013a5a                scanMADT()
                0x00000000c0013e16                ACPI::ACPI()
                0x00000000c0013e16                ACPI::ACPI()
                0x00000000c0013e76                ACPI::getPCIIRQAssignment(unsigned char, unsigned short, unsigned char)
                0x00000000c0013f58                ACPI::registerPCIIRQAssignment(void*, unsigned short, unsigned char, unsigned char)
                0x00000000c0014068                ACPI::setScreenBrightnessLevel(void*, int)
                0x00000000c001406e                ACPI::writeSimpleBootFlag(SimpleBootFlagTable*)
                0x00000000c00140c0                ACPI::open(int, int, void*)
                0x00000000c0014286                ACPI::sleep()
 .text          0x00000000c001429e     0x17ae hw/cpu.32
                0x00000000c001429e                CPU::close(int, int, void*)
                0x00000000c00142a1                lookupAMDCPUName(unsigned char, unsigned char)
                0x00000000c0014446                lookupIntelCPUName(unsigned char, unsigned char)
                0x00000000c00146ff                AMD_K6_write_msr(unsigned int, unsigned int, unsigned int, REGS*)
                0x00000000c001471b                AMD_K6_read_msr(unsigned int, REGS*)
                0x00000000c0014733                AMD_K6_writeback(int, int, int)
                0x00000000c00147a6                cpuid(int, unsigned long*, unsigned long*, unsigned long*, unsigned long*)
                0x00000000c0014829                cpuidCheckEDX(unsigned int)
                0x00000000c0014856                cpuidCheckECX(unsigned int)
                0x00000000c0014883                cpuidCheckExtendedEBX(unsigned int)
                0x00000000c00148b0                cpuidCheckExtendedECX(unsigned int)
                0x00000000c00148dd                getCPUNumber()
                0x00000000c00148e0                thisCPU()
                0x00000000c00148f4                CPU::CPU()
                0x00000000c00148f4                CPU::CPU()
                0x00000000c0014982                CPU::displayFeatures()
                0x00000000c0014bfe                CPU::detectFeatures()
                0x00000000c00155d4                CPU::setupSMEP()
                0x00000000c00155ee                CPU::setupUMIP()
                0x00000000c0015606                CPU::setupTSC()
                0x00000000c001561e                CPU::setupLargePages()
                0x00000000c0015636                CPU::setupPAT()
                0x00000000c0015672                CPU::setupMTRR()
                0x00000000c0015674                CPU::setupGlobalPages()
                0x00000000c001568a                CPU::allowUsermodeDataAccess()
                0x00000000c001569c                CPU::prohibitUsermodeDataAccess()
                0x00000000c00156ae                CPU::setupSMAP()
                0x00000000c00156d4                CPU::setupFeatures()
                0x00000000c0015776                CPU::open(int, int, void*)
                0x00000000c001584c                CPU::decodeAddress(regs*, int*, bool*, unsigned char*)
 .text          0x00000000c0015a4c        0x0 hw/ports.32
 .text          0x00000000c0015a4c      0x354 krnl/panic.32
                0x00000000c0015a4c                Krnl::panic(char const*)
 .text          0x00000000c0015da0      0x511 reg/registry.32
                0x00000000c0015da0                Reg::findLineFromLoadedData(char*, char*, char*)
                0x00000000c0015f07                Reg::getLineFromRegistry(char*, char*, char*, char*)
                0x00000000c0016066                Reg::getLine(char*, char*, char*)
                0x00000000c001609d                Reg::readInt(char*, char*, int*)
                0x00000000c0016187                Reg::readString(char*, char*, char*, int)
                0x00000000c0016208                Reg::readBool(char*, char*, bool*)
                0x00000000c001622d                Reg::readBoolWithDefault(char*, char*, bool)
                0x00000000c0016259                Reg::readIntWithDefault(char*, char*, int)
                0x00000000c0016285                Reg::readStringWithDefault(char*, char*, char*, int, char*)
 .text          0x00000000c00162b1       0x18 sys/sc_exit.32
                0x00000000c00162b1                Sys::exit(regs*)
 .text          0x00000000c00162c9       0x95 sys/sc_loaddll.32
                0x00000000c00162c9                Sys::loadDLL(regs*)
 .text          0x00000000c001635e       0x68 sys/sc_read.32
                0x00000000c001635e                Sys::read(regs*)
 .text          0x00000000c00163c6       0x55 sys/sc_sbrk.32
                0x00000000c00163c6                Sys::sbrk(regs*)
 .text          0x00000000c001641b       0x83 sys/sc_write.32
                0x00000000c001641b                Sys::write(regs*)
 .text          0x00000000c001649e       0x1a sys/sc_yield.32
                0x00000000c001649e                Sys::yield(regs*)
 .text          0x00000000c00164b8      0xfe6 sys/syscalls.32
                0x00000000c00164b8                sysCallGetPID(regs*)
                0x00000000c00164c8                sysCallSeekDir(regs*)
                0x00000000c00164cd                sysCallTellDir(regs*)
                0x00000000c00164d2                sysCallVerify(regs*)
                0x00000000c00164dc                sysCallFork(regs*)
                0x00000000c00164e3                sysCallExecve(regs*)
                0x00000000c00164ea                sysCallGetArgc(regs*)
                0x00000000c00164fe                sysFormatDisk(regs*)
                0x00000000c0016561                sysSetDiskVolumeLabel(regs*)
                0x00000000c00165a9                sysGetDiskVolumeLabel(regs*)
                0x00000000c00165fc                sysShutdown(regs*)
                0x00000000c0016677                sysCallGetCwd(regs*)
                0x00000000c001669d                sysCallSetCwd(regs*)
                0x00000000c00166bf                sysCallRealpath(regs*)
                0x00000000c001670c                sysCallReadDir(regs*)
                0x00000000c001679f                sysCallIsATTY(regs*)
                0x00000000c00167f7                sysCallSeek(regs*)
                0x00000000c001685d                sysCallTell(regs*)
                0x00000000c00168d8                sysCallSizeFromFilename(regs*)
                0x00000000c0016986                sysCallSize(regs*)
                0x00000000c0016a07                sysCallClose(regs*)
                0x00000000c0016a8a                sysCallOpenDir(regs*)
                0x00000000c0016af5                sysCallMakeDir(regs*)
                0x00000000c0016b50                sysCallCloseDir(regs*)
                0x00000000c0016bb1                sysCallWait(regs*)
                0x00000000c0016bd2                sysCallRmdir(regs*)
                0x00000000c0016c25                sysCallUnlink(regs*)
                0x00000000c0016c78                sysCallGetArgv(regs*)
                0x00000000c0016cc4                sysCallTTYName(regs*)
                0x00000000c0016d45                sysCallGetEnv(regs*)
                0x00000000c0016d9c                sysCallUSleep(regs*)
                0x00000000c0016dde                sysCallSpawn(regs*)
                0x00000000c0016e3d                sysAppSettings(regs*)
                0x00000000c0016f62                sysSetFatAttrib(regs*)
                0x00000000c0016fc5                sysPanic(regs*)
                0x00000000c0016fec                sysPipe(regs*)
                0x00000000c0017031                sysGetUnixTime(regs*)
                0x00000000c0017045                string_ends_with(char const*, char const*)
                0x00000000c001708f                sysCallOpen(regs*)
                0x00000000c00172a3                setupSystemCalls()
                0x00000000c001745c                systemCall(regs*, void*)
 .text          0x00000000c001749e     0x11c1 thr/elf.32
                0x00000000c001749e                Thr::allocateMemoryForTask(Process*, File*, unsigned long, unsigned long, unsigned long)
                0x00000000c0017715                Thr::loadProgramIntoMemory(Process*, char const*)
                0x00000000c001792b                Thr::runtimeReferenceHelper()
                0x00000000c001793e                Thr::getAddressOfKernelSymbol(char const*)
                0x00000000c001798d                Thr::loadKernelSymbolTable(char const*)
                0x00000000c0017c4e                Thr::loadDriverIntoMemory(char const*, unsigned long, bool)
                0x00000000c00183ec                Thr::getDriverBaseFromAddress(unsigned long)
                0x00000000c001841e                Thr::getDriverNameFromAddress(unsigned long)
                0x00000000c0018455                Thr::getDriverOffsetFromAddress(unsigned long)
                0x00000000c001846f                Thr::loadDLL(char const*, bool)
                0x00000000c0018635                Thr::executeDLL(unsigned long, void*)
 *fill*         0x00000000c001865f        0x1 
 .text          0x00000000c0018660     0x1002 thr/prcssthr.32
                0x00000000c0018660                changeTSS
                0x00000000c001868e                Process::addArgs(char**)
                0x00000000c00186f0                Process::Process(char const*, Process*, char**)
                0x00000000c00186f0                Process::Process(char const*, Process*, char**)
                0x00000000c00188ac                Process::Process(bool, char const*, Process*, char**)
                0x00000000c00188ac                Process::Process(bool, char const*, Process*, char**)
                0x00000000c0018a33                disableIRQs()
                0x00000000c0018a40                getIRQNestingLevel()
                0x00000000c0018a46                enableIRQs()
                0x00000000c0018a55                lockScheduler()
                0x00000000c0018a57                unlockScheduler()
                0x00000000c0018a59                userModeEntryPoint(void*)
                0x00000000c0018a7c                lockStuff()
                0x00000000c0018a8d                taskStartupFunction
                0x00000000c0018a96                updateTimeUsed()
                0x00000000c0018af4                switchToThread(ThreadControlBlock*)
                0x00000000c0018b4a                Semaphore::Semaphore(int)
                0x00000000c0018b4a                Semaphore::Semaphore(int)
                0x00000000c0018b78                Mutex::Mutex()
                0x00000000c0018b78                Mutex::Mutex()
                0x00000000c0018b8a                Process::createThread(void (*)(void*), void*, int)
                0x00000000c0018c6c                Process::createUserThread()
                0x00000000c0018c89                setupMultitasking(void (*)())
                0x00000000c0018d9e                schedule()
                0x00000000c0018e23                unlockStuff()
                0x00000000c0018e58                Semaphore::tryAcquire()
                0x00000000c0018e86                Semaphore::assertLocked(char const*)
                0x00000000c0018eb6                blockTaskWithSchedulerLockAlreadyHeld(TaskState)
                0x00000000c0018ef7                blockTask(TaskState)
                0x00000000c0018f18                waitTask(int, int*, int)
                0x00000000c0018f5a                nanoSleepUntil(unsigned long long)
                0x00000000c0018fb3                nanoSleep(unsigned long long)
                0x00000000c0018fc8                sleep(unsigned long long)
                0x00000000c0018fe6                Semaphore::acquire()
                0x00000000c001904b                taskReturned
                0x00000000c0019079                unblockTask(ThreadControlBlock*)
                0x00000000c0019126                cleanupTerminatedTask(ThreadControlBlock*)
                0x00000000c00193cf                cleanerTaskFunction(void*)
                0x00000000c0019482                terminateTask(int)
                0x00000000c0019564                Thr::terminateFromIRQ(int)
                0x00000000c0019572                Semaphore::release()
 .text          0x00000000c0019662      0x8bf vm86/vm8086.32
                0x00000000c0019662                Vm::vm8086EntryPoint(void*)
                0x00000000c001968d                Vm::inbv(unsigned short)
                0x00000000c0019693                Vm::outbv(unsigned short, unsigned char)
                0x00000000c001969d                Vm::realToLinear(unsigned short, unsigned short)
                0x00000000c00196ad                Vm::getSegment(unsigned int)
                0x00000000c00196b5                Vm::getOffset(unsigned int)
                0x00000000c00196ba                Vm::loadFileAsThread(Process*, char const*, unsigned short, unsigned short, unsigned short, unsigned short)
                0x00000000c00197e9                Vm::doISR(regs*, int, unsigned char*, unsigned short, unsigned short)
                0x00000000c0019873                Vm::readByteFromReal(unsigned short, unsigned short)
                0x00000000c0019884                Vm::readWordFromReal(unsigned short, unsigned short)
                0x00000000c0019896                Vm::readDwordFromReal(unsigned short, unsigned short)
                0x00000000c00198a7                Vm::writeByteFromReal(unsigned short, unsigned short, unsigned char)
                0x00000000c00198bc                Vm::writeWordFromReal(unsigned short, unsigned short, unsigned short)
                0x00000000c00198d2                Vm::writeDwordFromReal(unsigned short, unsigned short, unsigned int)
                0x00000000c00198e7                Vm::faultHandler(regs*)
 *fill*         0x00000000c0019f21        0x1 
 .text          0x00000000c0019f22     0x112f fs/fat/vfslink.32
                0x00000000c0019f22                FAT::getName()
                0x00000000c0019f28                FAT::tell(void*, unsigned long long*)
                0x00000000c0019f5c                FAT::stat(void*, unsigned long long*)
                0x00000000c0019f90                FAT::~FAT()
                0x00000000c0019f90                FAT::~FAT()
                0x00000000c0019fb4                FAT::~FAT()
                0x00000000c0019fdc                FAT::getlabel(LogicalDisk*, int, char*, unsigned int*)
                0x00000000c001a07a                FAT::setlabel(LogicalDisk*, int, char*)
                0x00000000c001a134                FAT::format(LogicalDisk*, int, char const*, int)
                0x00000000c001a318                FAT::tryMount(LogicalDisk*, int)
                0x00000000c001a51e                FAT::readDir(void*, unsigned long, void*, int*)
                0x00000000c001a626                FAT::read(void*, unsigned long, void*, int*)
                0x00000000c001a680                FAT::write(void*, unsigned long, void*, int*)
                0x00000000c001a6da                FAT::close(void*)
                0x00000000c001a726                FAT::closeDir(void*)
                0x00000000c001a772                FAT::seek(void*, unsigned long long)
                0x00000000c001a7c6                fatWrapperReadDisk
                0x00000000c001a811                fatWrapperWriteDisk
                0x00000000c001a85c                fatWrapperIoctl
                0x00000000c001a96c                FAT::FAT()
                0x00000000c001a96c                FAT::FAT()
                0x00000000c001a9be                FAT::fixFilepath(char*)
                0x00000000c001a9f6                FAT::open(char const*, void**, FileOpenMode)
                0x00000000c001ab22                FAT::openDir(char const*, void**)
                0x00000000c001abc8                FAT::stat(char const*, unsigned long long*, bool*)
                0x00000000c001acb4                FAT::unlink(char const*)
                0x00000000c001ad2e                FAT::chfatattr(char const*, unsigned char, unsigned char)
                0x00000000c001aea8                FAT::rename(char const*, char const*)
                0x00000000c001af6c                FAT::mkdir(char const*)
                0x00000000c001afe6                FAT::exists(char const*)
 *fill*         0x00000000c001b051        0x1 
 .text          0x00000000c001b052      0xbdd fs/iso9660/vfslink.32
                0x00000000c001b052                ISO9660::format(LogicalDisk*, int, char const*, int)
                0x00000000c001b058                ISO9660::seek(void*, unsigned long long)
                0x00000000c001b088                ISO9660::tell(void*, unsigned long long*)
                0x00000000c001b0ac                ISO9660::getName()
                0x00000000c001b0b2                ISO9660::stat(void*, unsigned long long*)
                0x00000000c001b0d6                ISO9660::chfatattr(char const*, unsigned char, unsigned char)
                0x00000000c001b0dc                ISO9660::unlink(char const*)
                0x00000000c001b0e2                ISO9660::write(void*, unsigned long, void*, int*)
                0x00000000c001b0e8                ISO9660::rename(char const*, char const*)
                0x00000000c001b0ee                ISO9660::mkdir(char const*)
                0x00000000c001b0f4                ISO9660::close(void*)
                0x00000000c001b116                ISO9660::closeDir(void*)
                0x00000000c001b138                ISO9660::~ISO9660()
                0x00000000c001b138                ISO9660::~ISO9660()
                0x00000000c001b15c                ISO9660::~ISO9660()
                0x00000000c001b183                __memmem(unsigned char*, int, unsigned char*, int)
                0x00000000c001b1c5                readSectorFromCDROM(unsigned int, unsigned char*, char)
                0x00000000c001b22c                ISO9660::tryMount(LogicalDisk*, int)
                0x00000000c001b27c                ISO9660::read(void*, unsigned long, void*, int*)
                0x00000000c001b4c0                ISO9660::readDir(void*, unsigned long, void*, int*)
                0x00000000c001b74b                readRoot(unsigned int*, unsigned int*, char)
                0x00000000c001b7a0                readRecursively(char*, unsigned int, unsigned int, unsigned int*, unsigned int*, char, int*)
                0x00000000c001b973                getFileData(char*, unsigned int*, unsigned int*, char, int*)
                0x00000000c001ba02                ISO9660::open(char const*, void**, FileOpenMode)
                0x00000000c001ba9c                ISO9660::exists(char const*)
                0x00000000c001bac0                ISO9660::stat(char const*, unsigned long long*, bool*)
                0x00000000c001bb54                ISO9660::openDir(char const*, void**)
                0x00000000c001bc0c                ISO9660::ISO9660()
                0x00000000c001bc0c                ISO9660::ISO9660()
 *fill*         0x00000000c001bc2f        0x1 
 .text          0x00000000c001bc30      0x248 hal/sound/sndchannel.32
                0x00000000c001bc30                SoundChannel::~SoundChannel()
                0x00000000c001bc30                SoundChannel::~SoundChannel()
                0x00000000c001bc4c                SoundChannel::setSpeed(float)
                0x00000000c001bc58                SoundChannel::getSpeed()
                0x00000000c001bc60                SoundChannel::setVolume(int)
                0x00000000c001bc7c                SoundChannel::getVolume()
                0x00000000c001bc84                SoundChannel::pause()
                0x00000000c001bc8e                SoundChannel::SoundChannel(int, int, int, int)
                0x00000000c001bc8e                SoundChannel::SoundChannel(int, int, int, int)
                0x00000000c001bd88                SoundChannel::play()
                0x00000000c001bd92                SoundChannel::paused()
                0x00000000c001bd9a                SoundChannel::getSampleRate()
                0x00000000c001bda2                SoundChannel::getBits()
                0x00000000c001bdaa                SoundChannel::getBufferUsed()
                0x00000000c001bdb2                SoundChannel::getBufferSize()
                0x00000000c001bdba                SoundChannel::unbuffer(float*, int, int)
                0x00000000c001be2c                SoundChannel::buffer8(unsigned char*, int)
 .text          0x00000000c001be78      0x30f hal/sound/sndhw.32
                0x00000000c001be78                SoundDevice::SoundDevice(char const*)
                0x00000000c001be78                SoundDevice::SoundDevice(char const*)
                0x00000000c001bee4                SoundDevice::~SoundDevice()
                0x00000000c001bee4                SoundDevice::~SoundDevice()
                0x00000000c001bf5e                SoundDevice::~SoundDevice()
                0x00000000c001bf88                SoundDevice::getFreeChannelNum()
                0x00000000c001bfa2                SoundDevice::addChannel(SoundChannel*)
                0x00000000c001c012                SoundDevice::removeChannel(int)
                0x00000000c001c044                SoundDevice::floatTo8(float*, unsigned char*, int)
                0x00000000c001c0b0                SoundDevice::getAudio(int, float*, float*)
 .text          0x00000000c001c187        0x0 hw/bus/isa.32
 *fill*         0x00000000c001c187        0x1 
 .text          0x00000000c001c188      0x6e9 hw/bus/pci.32
                0x00000000c001c188                PCI::open(int, int, void*)
                0x00000000c001c19c                PCI::close(int, int, void*)
                0x00000000c001c1a0                PCI::PCI()
                0x00000000c001c1a0                PCI::PCI()
                0x00000000c001c222                PCI::pciReadWord(unsigned char, unsigned char, unsigned char, unsigned char)
                0x00000000c001c26a                PCI::getVendorID(unsigned char, unsigned char, unsigned char)
                0x00000000c001c28c                PCI::getHeaderType(unsigned char, unsigned char, unsigned char)
                0x00000000c001c2b0                PCI::getClassCode(unsigned char, unsigned char, unsigned char)
                0x00000000c001c2f4                PCI::getProgIF(unsigned char, unsigned char, unsigned char)
                0x00000000c001c318                PCI::getRevisionID(unsigned char, unsigned char, unsigned char)
                0x00000000c001c33a                PCI::getInterruptNumber(unsigned char, unsigned char, unsigned char)
                0x00000000c001c35c                PCI::getSecondaryBus(unsigned char, unsigned char, unsigned char)
                0x00000000c001c380                PCI::getBARAddress(unsigned char, unsigned char, unsigned char, unsigned char)
                0x00000000c001c3e0                PCI::pciWriteWord(unsigned char, unsigned char, unsigned char, unsigned char, unsigned short)
                0x00000000c001c44c                PCI::checkBus(unsigned char)
                0x00000000c001c472                PCI::foundDevice(PCIDeviceInfo)
                0x00000000c001c5e2                PCI::getDeviceData(unsigned char, unsigned char, unsigned char)
                0x00000000c001c7b2                PCI::checkDevice(unsigned char, unsigned char)
                0x00000000c001c81e                PCI::detect()
 *fill*         0x00000000c001c871        0x1 
 .text          0x00000000c001c872      0xc84 hw/diskctrl/ide.32
                0x00000000c001c872                IDE::close(int, int, void*)
                0x00000000c001c876                IDE::IDE()
                0x00000000c001c876                IDE::IDE()
                0x00000000c001c8aa                IDE::prepareInterrupt(unsigned char)
                0x00000000c001c8bc                selectDrive(unsigned char, unsigned char)
                0x00000000c001c8be                IDE::getBase(unsigned char)
                0x00000000c001c8d0                IDE::write(unsigned char, unsigned char, unsigned char)
                0x00000000c001c990                IDE::read(unsigned char, unsigned char)
                0x00000000c001ca3e                IDE::waitInterrupt(unsigned char)
                0x00000000c001caaa                ideChannel0IRQHandler(regs*, void*)
                0x00000000c001cac6                ideChannel1IRQHandler(regs*, void*)
                0x00000000c001cae2                IDE::enableIRQs(unsigned char, bool)
                0x00000000c001cb28                IDE::open(int, int, void*)
                0x00000000c001cf3a                IDE::readBuffer(unsigned char, unsigned char, unsigned int, unsigned int)
                0x00000000c001d006                IDE::detect()
                0x00000000c001d2f0                IDE::printError(unsigned char, unsigned char, unsigned char)
                0x00000000c001d486                IDE::polling(unsigned char, unsigned int)
 .text          0x00000000c001d4f6      0x64f hw/diskphys/ata.32
                0x00000000c001d4f6                ATA::close(int, int, void*)
                0x00000000c001d51a                ATA::powerSaving(PowerSavingLevel)
                0x00000000c001d51c                ATA::ATA()
                0x00000000c001d51c                ATA::ATA()
                0x00000000c001d54a                ATA::flush(bool)
                0x00000000c001d594                ATA::readyForCommand()
                0x00000000c001d5e4                ATA::access(unsigned long long, int, void*, bool)
                0x00000000c001d986                ATA::read(unsigned long long, int, void*)
                0x00000000c001d9ee                ATA::write(unsigned long long, int, void*)
                0x00000000c001da56                ATA::detectCHS()
                0x00000000c001da80                ATA::open(int, int, void*)
 *fill*         0x00000000c001db45        0x1 
 .text          0x00000000c001db46      0x5ae hw/diskphys/atapi.32
                0x00000000c001db46                ATAPI::write(unsigned long long, int, void*)
                0x00000000c001db4c                ATAPI::close(int, int, void*)
                0x00000000c001db70                ATAPI::ATAPI()
                0x00000000c001db70                ATAPI::ATAPI()
                0x00000000c001db9e                ATAPI::readyForCommand()
                0x00000000c001dbee                ATAPI::sendPacket(unsigned char*, int, bool, unsigned short*, int)
                0x00000000c001deae                ATAPI::diskRemoved()
                0x00000000c001deca                ATAPI::eject()
                0x00000000c001df10                ATAPI::diskInserted()
                0x00000000c001df3e                ATAPI::detectMedia()
                0x00000000c001dffa                ATAPI::open(int, int, void*)
                0x00000000c001e07a                ATAPI::read(unsigned long long, int, void*)
 .text          0x00000000c001e0f4       0x8e hw/fpu/avx.32
                0x00000000c001e0f4                AVX::open(int, int, void*)
                0x00000000c001e106                AVX::close(int, int, void*)
                0x00000000c001e118                AVX::available()
                0x00000000c001e12a                AVX::save(void*)
                0x00000000c001e142                AVX::load(void*)
                0x00000000c001e15a                AVX::AVX()
                0x00000000c001e15a                AVX::AVX()
 .text          0x00000000c001e182       0x90 hw/fpu/mmx.32
                0x00000000c001e182                MMX::available()
                0x00000000c001e196                MMX::open(int, int, void*)
                0x00000000c001e1a8                MMX::close(int, int, void*)
                0x00000000c001e1ba                MMX::save(void*)
                0x00000000c001e1d2                MMX::load(void*)
                0x00000000c001e1ea                MMX::MMX()
                0x00000000c001e1ea                MMX::MMX()
 .text          0x00000000c001e212       0x96 hw/fpu/sse.32
                0x00000000c001e212                SSE::open(int, int, void*)
                0x00000000c001e224                SSE::close(int, int, void*)
                0x00000000c001e236                SSE::available()
                0x00000000c001e250                SSE::save(void*)
                0x00000000c001e268                SSE::load(void*)
                0x00000000c001e280                SSE::SSE()
                0x00000000c001e280                SSE::SSE()
 .text          0x00000000c001e2a8       0x8e hw/fpu/x87.32
                0x00000000c001e2a8                x87::open(int, int, void*)
                0x00000000c001e2ba                x87::close(int, int, void*)
                0x00000000c001e2cc                x87::available()
                0x00000000c001e2de                x87::save(void*)
                0x00000000c001e2f6                x87::load(void*)
                0x00000000c001e30e                x87::x87()
                0x00000000c001e30e                x87::x87()
 .text          0x00000000c001e336      0x63b hw/intctrl/apic.32
                0x00000000c001e336                APIC::disable()
                0x00000000c001e338                APIC::close(int, int, void*)
                0x00000000c001e35a                IOAPIC::close(int, int, void*)
                0x00000000c001e360                APIC::io_wait()
                0x00000000c001e366                APIC::getBase()
                0x00000000c001e3a8                APIC::eoi(unsigned char)
                0x00000000c001e3d6                APIC::open(int, int, void*)
                0x00000000c001e4a0                IOAPIC::IOAPIC()
                0x00000000c001e4a0                IOAPIC::IOAPIC()
                0x00000000c001e4c8                APIC::APIC()
                0x00000000c001e4c8                APIC::APIC()
                0x00000000c001e5a4                IOAPIC::handlesGSIWithNumber(unsigned int)
                0x00000000c001e5d6                IOAPIC::read(int)
                0x00000000c001e5fe                IOAPIC::open(int, int, void*)
                0x00000000c001e706                IOAPIC::write(int, int)
                0x00000000c001e732                IOAPIC::redirect(unsigned char, unsigned long long, unsigned char)
                0x00000000c001e7f8                APIC::installIRQHandler(int, void (*)(regs*, void*), bool, void*)
 *fill*         0x00000000c001e971        0x1 
 .text          0x00000000c001e972      0x3f3 hw/intctrl/pic.32
                0x00000000c001e972                PIC::disable()
                0x00000000c001e9a0                PIC::close(int, int, void*)
                0x00000000c001e9c2                PIC::PIC()
                0x00000000c001e9c2                PIC::PIC()
                0x00000000c001ea9e                PIC::ioWait()
                0x00000000c001eaa4                PIC::getIRQReg(int)
                0x00000000c001eb16                PIC::eoi(unsigned char)
                0x00000000c001ebae                PIC::remap()
                0x00000000c001ed26                PIC::open(int, int, void*)
 *fill*         0x00000000c001ed65        0x1 
 .text          0x00000000c001ed66      0x264 hw/timer/apictimer.32
                0x00000000c001ed66                APICTimer::close(int, int, void*)
                0x00000000c001ed6c                apicTimerHandler(regs*, void*)
                0x00000000c001ed9e                APICTimer::write(int)
                0x00000000c001ee9c                APICTimer::open(int, int, void*)
                0x00000000c001efa2                APICTimer::APICTimer()
                0x00000000c001efa2                APICTimer::APICTimer()
 .text          0x00000000c001efca      0x1b6 hw/timer/pit.32
                0x00000000c001efca                PIT::write(int)
                0x00000000c001f050                pitHandler(regs*, void*)
                0x00000000c001f080                PIT::open(int, int, void*)
                0x00000000c001f0ce                PIT::close(int, int, void*)
                0x00000000c001f0fe                PIT::PIT()
                0x00000000c001f0fe                PIT::PIT()
 .text          0x00000000c001f180        0xa hw/fpu/x86/avx.32
                0x00000000c001f180                avxDetect
                0x00000000c001f186                avxSave
                0x00000000c001f187                avxLoad
                0x00000000c001f188                avxInit
                0x00000000c001f189                avxClose
 *fill*         0x00000000c001f18a        0x6 
 .text          0x00000000c001f190       0x38 hw/fpu/x86/sse.32
                0x00000000c001f190                sseDetect
                0x00000000c001f1ab                sseSave
                0x00000000c001f1b1                sseLoad
                0x00000000c001f1b7                sseInit
                0x00000000c001f1c7                sseClose
 *fill*         0x00000000c001f1c8        0x8 
 .text          0x00000000c001f1d0       0x47 hw/fpu/x86/x87.32
                0x00000000c001f1d6                x87Detect
                0x00000000c001f1f1                x87Save
                0x00000000c001f1f7                x87Load
                0x00000000c001f1fc                x87Init
                0x00000000c001f216                x87Close
 *fill*         0x00000000c001f217        0x1 
 .text          0x00000000c001f218       0x25 /cygdrive/d/Users/Alex/Desktop/Toolchain/Output/bin/../lib/gcc/i386-banana/8.1.0/crtend.o
 .text          0x00000000c001f23d        0x0 crtn.32
 *fill*         0x00000000c001f23d        0x3 
 .text          0x00000000c001f240      0x14b /cygdrive/d/Users/Alex/Desktop/Toolchain/Output/bin/../lib/gcc/i386-banana/8.1.0/libgcc.a(_divdi3.o)
                0x00000000c001f240                __divdi3
 *fill*         0x00000000c001f38b        0x1 
 .text          0x00000000c001f38c      0x17e /cygdrive/d/Users/Alex/Desktop/Toolchain/Output/bin/../lib/gcc/i386-banana/8.1.0/libgcc.a(_moddi3.o)
                0x00000000c001f38c                __moddi3
 *fill*         0x00000000c001f50a        0x2 
 .text          0x00000000c001f50c       0xff /cygdrive/d/Users/Alex/Desktop/Toolchain/Output/bin/../lib/gcc/i386-banana/8.1.0/libgcc.a(_udivdi3.o)
                0x00000000c001f50c                __udivdi3
 *fill*         0x00000000c001f60b        0x1 
 .text          0x00000000c001f60c      0x11a /cygdrive/d/Users/Alex/Desktop/Toolchain/Output/bin/../lib/gcc/i386-banana/8.1.0/libgcc.a(_umoddi3.o)
                0x00000000c001f60c                __umoddi3
 *fill*         0x00000000c001f726        0xa 
 .text          0x00000000c001f730       0x1e D:/Users/Alex/Desktop/Banana/kernel/libk/libm32.a(s_fabs.c.o)
                0x00000000c001f730                fabs
 *fill*         0x00000000c001f74e        0x2 
 .text          0x00000000c001f750        0xc D:/Users/Alex/Desktop/Banana/kernel/libk/libm32.a(s_lrint.S.o)
                0x00000000c001f750                lrint
 .text          0x00000000c001f75c        0xc D:/Users/Alex/Desktop/Banana/kernel/libk/libm32.a(s_lrintf.S.o)
                0x00000000c001f75c                lrintf
 *(.gnu.linkonce.t*)

.iplt           0x00000000c001f768        0x0
 .iplt          0x00000000c001f768        0x0 D:/Users/Alex/Desktop/Banana/kernel/boot.32

.init           0x00000000c001f768        0xf
 .init          0x00000000c001f768        0x3 crti.32
                0x00000000c001f768                _init
 .init          0x00000000c001f76b        0x5 /cygdrive/d/Users/Alex/Desktop/Toolchain/Output/bin/../lib/gcc/i386-banana/8.1.0/crtbegin.o
 .init          0x00000000c001f770        0x5 /cygdrive/d/Users/Alex/Desktop/Toolchain/Output/bin/../lib/gcc/i386-banana/8.1.0/crtend.o
 .init          0x00000000c001f775        0x2 crtn.32

.fini           0x00000000c001f777        0xa
 .fini          0x00000000c001f777        0x3 crti.32
                0x00000000c001f777                _fini
 .fini          0x00000000c001f77a        0x5 /cygdrive/d/Users/Alex/Desktop/Toolchain/Output/bin/../lib/gcc/i386-banana/8.1.0/crtbegin.o
 .fini          0x00000000c001f77f        0x2 crtn.32

.text._ZN8ComputerD2Ev
                0x00000000c001f782       0x23
 .text._ZN8ComputerD2Ev
                0x00000000c001f782       0x23 core/computer.32
                0x00000000c001f782                Computer::~Computer()
                0x00000000c001f782                Computer::~Computer()

.text._ZN8ComputerD0Ev
                0x00000000c001f7a6       0x2a
 .text._ZN8ComputerD0Ev
                0x00000000c001f7a6       0x2a core/computer.32
                0x00000000c001f7a6                Computer::~Computer()

.text._Z10idleCommonv
                0x00000000c001f7d0       0x15
 .text._Z10idleCommonv
                0x00000000c001f7d0       0x15 core/idle.32
                0x00000000c001f7d0                idleCommon()

.text._ZN3CPU7readCR3Ev
                0x00000000c001f7e5       0x12
 .text._ZN3CPU7readCR3Ev
                0x00000000c001f7e5       0x12 core/kheap.32
                0x00000000c001f7e5                CPU::readCR3()

.text._ZN3CPU8writeCR3Em
                0x00000000c001f7f7        0x9
 .text._ZN3CPU8writeCR3Em
                0x00000000c001f7f7        0x9 core/kheap.32
                0x00000000c001f7f7                CPU::writeCR3(unsigned long)

.text._ZN10LinkedListI8UnixFileED2Ev
                0x00000000c001f800        0x2
 .text._ZN10LinkedListI8UnixFileED2Ev
                0x00000000c001f800        0x2 core/unixfile.32
                0x00000000c001f800                LinkedList<UnixFile>::~LinkedList()
                0x00000000c001f800                LinkedList<UnixFile>::~LinkedList()

.text._ZN10LinkedListI8UnixFileEC2Ev
                0x00000000c001f802       0x58
 .text._ZN10LinkedListI8UnixFileEC2Ev
                0x00000000c001f802       0x58 core/unixfile.32
                0x00000000c001f802                LinkedList<UnixFile>::LinkedList()
                0x00000000c001f802                LinkedList<UnixFile>::LinkedList()

.text._ZN10LinkedListI8UnixFileE10addElementEPS0_
                0x00000000c001f85a       0xd3
 .text._ZN10LinkedListI8UnixFileE10addElementEPS0_
                0x00000000c001f85a       0xd3 core/unixfile.32
                0x00000000c001f85a                LinkedList<UnixFile>::addElement(UnixFile*)

.text._ZN10LinkedListI8UnixFileE15getFirstElementEv
                0x00000000c001f92e        0x7
 .text._ZN10LinkedListI8UnixFileE15getFirstElementEv
                0x00000000c001f92e        0x7 core/unixfile.32
                0x00000000c001f92e                LinkedList<UnixFile>::getFirstElement()

.text._ZN10LinkedListI8UnixFileE11removeFirstEv
                0x00000000c001f936       0xa1
 .text._ZN10LinkedListI8UnixFileE11removeFirstEv
                0x00000000c001f936       0xa1 core/unixfile.32
                0x00000000c001f936                LinkedList<UnixFile>::removeFirst()

.text._ZN10LinkedListI8UnixFileE7getNextEPS0_
                0x00000000c001f9d8        0x8
 .text._ZN10LinkedListI8UnixFileE7getNextEPS0_
                0x00000000c001f9d8        0x8 core/unixfile.32
                0x00000000c001f9d8                LinkedList<UnixFile>::getNext(UnixFile*)

.text._ZN16DriverlessDeviceD2Ev
                0x00000000c001f9e0       0x1a
 .text._ZN16DriverlessDeviceD2Ev
                0x00000000c001f9e0       0x1a hal/device.32
                0x00000000c001f9e0                DriverlessDevice::~DriverlessDevice()
                0x00000000c001f9e0                DriverlessDevice::~DriverlessDevice()

.text._ZN16DriverlessDeviceD0Ev
                0x00000000c001f9fa       0x2a
 .text._ZN16DriverlessDeviceD0Ev
                0x00000000c001f9fa       0x2a hal/device.32
                0x00000000c001f9fa                DriverlessDevice::~DriverlessDevice()

.text._ZN10LinkedListI6DeviceE10addElementEPS0_
                0x00000000c001fa24       0xdc
 .text._ZN10LinkedListI6DeviceE10addElementEPS0_
                0x00000000c001fa24       0xdc hal/device.32
                0x00000000c001fa24                LinkedList<Device>::addElement(Device*)

.text._ZN10LinkedListI6DeviceEC2Ev
                0x00000000c001fb00       0x58
 .text._ZN10LinkedListI6DeviceEC2Ev
                0x00000000c001fb00       0x58 hal/device.32
                0x00000000c001fb00                LinkedList<Device>::LinkedList()
                0x00000000c001fb00                LinkedList<Device>::LinkedList()

.text._ZN3CPU7readCR0Ev
                0x00000000c001fb58       0x12
 .text._ZN3CPU7readCR0Ev
                0x00000000c001fb58       0x12 hal/fpu.32
                0x00000000c001fb58                CPU::readCR0()

.text._ZN3CPU8writeCR0Em
                0x00000000c001fb6a        0x9
 .text._ZN3CPU8writeCR0Em
                0x00000000c001fb6a        0x9 hal/fpu.32
                0x00000000c001fb6a                CPU::writeCR0(unsigned long)

.text._ZN3CPU7readDR0Ev
                0x00000000c001fb73       0x12
 .text._ZN3CPU7readDR0Ev
                0x00000000c001fb73       0x12 hal/intctrl.32
                0x00000000c001fb73                CPU::readDR0()

.text._ZN3CPU7readDR1Ev
                0x00000000c001fb85       0x12
 .text._ZN3CPU7readDR1Ev
                0x00000000c001fb85       0x12 hal/intctrl.32
                0x00000000c001fb85                CPU::readDR1()

.text._ZN3CPU7readDR2Ev
                0x00000000c001fb97       0x12
 .text._ZN3CPU7readDR2Ev
                0x00000000c001fb97       0x12 hal/intctrl.32
                0x00000000c001fb97                CPU::readDR2()

.text._ZN3CPU7readDR3Ev
                0x00000000c001fba9       0x12
 .text._ZN3CPU7readDR3Ev
                0x00000000c001fba9       0x12 hal/intctrl.32
                0x00000000c001fba9                CPU::readDR3()

.text._ZN3CPU7readDR6Ev
                0x00000000c001fbbb       0x12
 .text._ZN3CPU7readDR6Ev
                0x00000000c001fbbb       0x12 hal/intctrl.32
                0x00000000c001fbbb                CPU::readDR6()

.text._ZN3CPU7readDR7Ev
                0x00000000c001fbcd       0x12
 .text._ZN3CPU7readDR7Ev
                0x00000000c001fbcd       0x12 hal/intctrl.32
                0x00000000c001fbcd                CPU::readDR7()

.text._ZN10LinkedListIV18ThreadControlBlockE15getFirstElementEv
                0x00000000c001fbe0        0x7
 .text._ZN10LinkedListIV18ThreadControlBlockE15getFirstElementEv
                0x00000000c001fbe0        0x7 hal/timer.32
                0x00000000c001fbe0                LinkedList<ThreadControlBlock volatile>::getFirstElement()

.text._ZN10LinkedListIV18ThreadControlBlockE7isEmptyEv
                0x00000000c001fbe8       0x1c
 .text._ZN10LinkedListIV18ThreadControlBlockE7isEmptyEv
                0x00000000c001fbe8       0x1c hal/timer.32
                0x00000000c001fbe8                LinkedList<ThreadControlBlock volatile>::isEmpty()

.text._ZN10LinkedListIV18ThreadControlBlockE11removeFirstEv
                0x00000000c001fc04       0xae
 .text._ZN10LinkedListIV18ThreadControlBlockE11removeFirstEv
                0x00000000c001fc04       0xae hal/timer.32
                0x00000000c001fc04                LinkedList<ThreadControlBlock volatile>::removeFirst()

.text._ZN10LinkedListIV18ThreadControlBlockE10addElementEPS1_
                0x00000000c001fcb2       0xd3
 .text._ZN10LinkedListIV18ThreadControlBlockE10addElementEPS1_
                0x00000000c001fcb2       0xd3 hal/timer.32
                0x00000000c001fcb2                LinkedList<ThreadControlBlock volatile>::addElement(ThreadControlBlock volatile*)

.text._ZN4ACPID2Ev
                0x00000000c001fd86       0x23
 .text._ZN4ACPID2Ev
                0x00000000c001fd86       0x23 hw/acpi.32
                0x00000000c001fd86                ACPI::~ACPI()
                0x00000000c001fd86                ACPI::~ACPI()

.text._ZN4ACPID0Ev
                0x00000000c001fdaa       0x2a
 .text._ZN4ACPID0Ev
                0x00000000c001fdaa       0x2a hw/acpi.32
                0x00000000c001fdaa                ACPI::~ACPI()

.text._ZN3CPUD2Ev
                0x00000000c001fdd4       0x23
 .text._ZN3CPUD2Ev
                0x00000000c001fdd4       0x23 hw/cpu.32
                0x00000000c001fdd4                CPU::~CPU()
                0x00000000c001fdd4                CPU::~CPU()

.text._ZN3CPUD0Ev
                0x00000000c001fdf8       0x2a
 .text._ZN3CPUD0Ev
                0x00000000c001fdf8       0x2a hw/cpu.32
                0x00000000c001fdf8                CPU::~CPU()

.text._ZN3CPU7readCR4Ev
                0x00000000c001fe22       0x12
 .text._ZN3CPU7readCR4Ev
                0x00000000c001fe22       0x12 hw/cpu.32
                0x00000000c001fe22                CPU::readCR4()

.text._ZN3CPU8writeDR7Em
                0x00000000c001fe34        0x9
 .text._ZN3CPU8writeDR7Em
                0x00000000c001fe34        0x9 hw/cpu.32
                0x00000000c001fe34                CPU::writeDR7(unsigned long)

.text._ZN3CPU8writeCR4Em
                0x00000000c001fe3d        0x9
 .text._ZN3CPU8writeCR4Em
                0x00000000c001fe3d        0x9 hw/cpu.32
                0x00000000c001fe3d                CPU::writeCR4(unsigned long)

.text._ZN3CPU7readCR2Ev
                0x00000000c001fe46       0x12
 .text._ZN3CPU7readCR2Ev
                0x00000000c001fe46       0x12 krnl/panic.32
                0x00000000c001fe46                CPU::readCR2()

.text._ZN10LinkedListIV18ThreadControlBlockED2Ev
                0x00000000c001fe58        0x2
 .text._ZN10LinkedListIV18ThreadControlBlockED2Ev
                0x00000000c001fe58        0x2 thr/prcssthr.32
                0x00000000c001fe58                LinkedList<ThreadControlBlock volatile>::~LinkedList()
                0x00000000c001fe58                LinkedList<ThreadControlBlock volatile>::~LinkedList()

.text._ZN18ThreadControlBlockC2Ev
                0x00000000c001fe5a       0x3e
 .text._ZN18ThreadControlBlockC2Ev
                0x00000000c001fe5a       0x3e thr/prcssthr.32
                0x00000000c001fe5a                ThreadControlBlock::ThreadControlBlock()
                0x00000000c001fe5a                ThreadControlBlock::ThreadControlBlock()

.text._ZN10LinkedListIV18ThreadControlBlockEC2Ev
                0x00000000c001fe98       0x58
 .text._ZN10LinkedListIV18ThreadControlBlockEC2Ev
                0x00000000c001fe98       0x58 thr/prcssthr.32
                0x00000000c001fe98                LinkedList<ThreadControlBlock volatile>::LinkedList()
                0x00000000c001fe98                LinkedList<ThreadControlBlock volatile>::LinkedList()

.text._ZN10LinkedListIV18ThreadControlBlockE7getNextEPS1_
                0x00000000c001fef0        0x8
 .text._ZN10LinkedListIV18ThreadControlBlockE7getNextEPS1_
                0x00000000c001fef0        0x8 thr/prcssthr.32
                0x00000000c001fef0                LinkedList<ThreadControlBlock volatile>::getNext(ThreadControlBlock volatile*)

.text._ZN3PCID2Ev
                0x00000000c001fef8       0x23
 .text._ZN3PCID2Ev
                0x00000000c001fef8       0x23 hw/bus/pci.32
                0x00000000c001fef8                PCI::~PCI()
                0x00000000c001fef8                PCI::~PCI()

.text._ZN3PCID0Ev