Archive member included to satisfy reference by file (symbol)

/cygdrive/d/Users/Alex/Desktop/Toolchain/Output/bin/../lib/gcc/i386-banana/8.1.0/libkgcc.a(_divdi3.o)
                              fs/fat/ff.32 (__divdi3)
/cygdrive/d/Users/Alex/Desktop/Toolchain/Output/bin/../lib/gcc/i386-banana/8.1.0/libkgcc.a(_moddi3.o)
                              thr/elf.32 (__moddi3)
/cygdrive/d/Users/Alex/Desktop/Toolchain/Output/bin/../lib/gcc/i386-banana/8.1.0/libkgcc.a(_udivdi3.o)
                              fs/fat/ff.32 (__udivdi3)
/cygdrive/d/Users/Alex/Desktop/Toolchain/Output/bin/../lib/gcc/i386-banana/8.1.0/libkgcc.a(_umoddi3.o)
                              core/pipe.32 (__umoddi3)
D:/Users/Alex/Desktop/Banana/kernel/libsoftfp.a(sfieeelib.o)
                              hal/sound/sndhw.32 (__addsf3)
D:/Users/Alex/Desktop/Banana/kernel/libsoftfp.a(dfieeelib.o)
                              hal/libresample/src_linear.32 (__adddf3)
D:/Users/Alex/Desktop/Banana/kernel/libsoftfp.a(sfdfcvt.o)
                              hal/libresample/samplerate.32 (__truncdfsf2)
D:/Users/Alex/Desktop/Banana/kernel/libk/libm32.a(s_fabs.c.o)
                              hal/libresample/samplerate.32 (fabs)
D:/Users/Alex/Desktop/Banana/kernel/libk/libm32.a(s_lrint.S.o)
                              hal/libresample/samplerate.32 (lrint)
D:/Users/Alex/Desktop/Banana/kernel/libk/libm32.a(s_lrintf.S.o)
                              hal/sound/sndhw.32 (lrintf)

Discarded input sections

 .comment       0x0000000000000000       0x12 /cygdrive/d/Users/Alex/Desktop/Toolchain/Output/bin/../lib/gcc/i386-banana/8.1.0/crtbegin.o
 .comment       0x0000000000000000       0x12 acpica/utclib.32
 .comment       0x0000000000000000       0x12 core/malloc.32
 .comment       0x0000000000000000       0x12 libk/string.32
 .comment       0x0000000000000000       0x12 fs/fat/diskio.32
 .comment       0x0000000000000000       0x12 fs/fat/ff.32
 .comment       0x0000000000000000       0x12 fs/fat/ffsystem.32
 .comment       0x0000000000000000       0x12 fs/fat/ffunicode.32
 .comment       0x0000000000000000       0x12 hal/libresample/samplerate.32
 .comment       0x0000000000000000       0x12 hal/libresample/src_linear.32
 .comment       0x0000000000000000       0x12 hal/libresample/src_sinc.32
 .comment       0x0000000000000000       0x12 hal/libresample/src_zoh.32
 .comment       0x0000000000000000       0x12 compat/inlines.32
 .group         0x0000000000000000       0x14 core/computer.32
 .group         0x0000000000000000        0xc core/computer.32
 .comment       0x0000000000000000       0x12 core/computer.32
 .comment       0x0000000000000000       0x12 core/gdt.32
 .group         0x0000000000000000        0xc core/idle.32
 .comment       0x0000000000000000       0x12 core/idle.32
 .comment       0x0000000000000000       0x12 core/idt.32
 .comment       0x0000000000000000       0x12 core/kheap.32
 .comment       0x0000000000000000       0x12 core/main.32
 .comment       0x0000000000000000       0x12 core/physmgr.32
 .group         0x0000000000000000        0xc core/pipe.32
 .comment       0x0000000000000000       0x12 core/pipe.32
 .group         0x0000000000000000        0xc core/terminal.32
 .comment       0x0000000000000000       0x12 core/terminal.32
 .comment       0x0000000000000000       0x12 core/tss.32
 .group         0x0000000000000000        0x8 core/unixfile.32
 .group         0x0000000000000000        0xc core/unixfile.32
 .group         0x0000000000000000        0xc core/unixfile.32
 .group         0x0000000000000000        0x8 core/unixfile.32
 .group         0x0000000000000000        0xc core/unixfile.32
 .group         0x0000000000000000        0x8 core/unixfile.32
 .group         0x0000000000000000        0xc core/unixfile.32
 .group         0x0000000000000000        0xc core/unixfile.32
 .comment       0x0000000000000000       0x12 core/unixfile.32
 .comment       0x0000000000000000       0x12 core/virtmgr.32
 .comment       0x0000000000000000       0x12 coreobjs/c++.32
 .comment       0x0000000000000000       0x12 dbg/kconsole.32
 .group         0x0000000000000000        0xc fs/vfs.32
 .group         0x0000000000000000        0xc fs/vfs.32
 .group         0x0000000000000000        0xc fs/vfs.32
 .comment       0x0000000000000000       0x12 fs/vfs.32
 .group         0x0000000000000000        0xc hal/bus.32
 .comment       0x0000000000000000       0x12 hal/bus.32
 .group         0x0000000000000000        0xc hal/buzzer.32
 .comment       0x0000000000000000       0x12 hal/buzzer.32
 .group         0x0000000000000000        0xc hal/clock.32
 .comment       0x0000000000000000       0x12 hal/clock.32
 .group         0x0000000000000000       0x14 hal/device.32
 .group         0x0000000000000000        0xc hal/device.32
 .group         0x0000000000000000        0xc hal/device.32
 .group         0x0000000000000000        0xc hal/device.32
 .group         0x0000000000000000        0xc hal/device.32
[...]
Memory Configuration

Name             Origin             Length             Attributes
*default*        0x0000000000000000 0xffffffffffffffff

Linker script and memory map

LOAD D:/Users/Alex/Desktop/Banana/kernel/boot.32
LOAD crti.32
LOAD /cygdrive/d/Users/Alex/Desktop/Toolchain/Output/bin/../lib/gcc/i386-banana/8.1.0/crtbegin.o
LOAD D:/Users/Alex/Desktop/Banana/kernel/morenasm.32
LOAD acpica/utclib.32
LOAD core/malloc.32
LOAD libk/string.32
LOAD fs/fat/diskio.32
LOAD fs/fat/ff.32
LOAD fs/fat/ffsystem.32
LOAD fs/fat/ffunicode.32
LOAD hal/libresample/samplerate.32
LOAD hal/libresample/src_linear.32
LOAD hal/libresample/src_sinc.32
LOAD hal/libresample/src_zoh.32
LOAD compat/inlines.32
LOAD core/computer.32
LOAD core/gdt.32
LOAD core/idle.32
LOAD core/idt.32
LOAD core/kheap.32
LOAD core/main.32
LOAD core/physmgr.32
LOAD core/pipe.32
LOAD core/terminal.32
LOAD core/tss.32
LOAD core/unixfile.32
LOAD core/virtmgr.32
LOAD coreobjs/c++.32
LOAD dbg/kconsole.32
LOAD fs/vfs.32
LOAD hal/bus.32
LOAD hal/buzzer.32
LOAD hal/clock.32
LOAD hal/device.32
LOAD hal/diskctrl.32
LOAD hal/diskphys.32
LOAD hal/fpu.32
LOAD hal/intctrl.32
LOAD hal/keybrd.32
LOAD hal/logidisk.32
LOAD hal/mouse.32
LOAD hal/partition.32
LOAD hal/serial.32
LOAD hal/timer.32
LOAD hal/vcache.32
LOAD hal/video.32
LOAD hw/acpi.32
LOAD hw/cpu.32
LOAD hw/ports.32
LOAD krnl/panic.32
LOAD reg/registry.32
LOAD sys/sc_exit.32
LOAD sys/sc_getcwd.32
LOAD sys/sc_getpid.32
LOAD sys/sc_loaddll.32
LOAD sys/sc_read.32
LOAD sys/sc_sbrk.32
LOAD sys/sc_setcwd.32
LOAD sys/sc_write.32
LOAD sys/sc_yield.32
LOAD sys/syscalls.32
LOAD thr/elf.32
LOAD thr/prcssthr.32
LOAD vm86/vm8086.32
LOAD vm86/x87em.32
LOAD fs/fat/vfslink.32
LOAD fs/iso9660/vfslink.32
LOAD hal/sound/sndchannel.32
LOAD hal/sound/sndhw.32
LOAD hw/bus/isa.32
LOAD hw/bus/pci.32
LOAD hw/diskctrl/ide.32
LOAD hw/diskctrl/satabus.32
LOAD hw/diskphys/ata.32
LOAD hw/diskphys/atapi.32
LOAD hw/diskphys/sata.32
LOAD hw/fpu/avx.32
LOAD hw/fpu/mmx.32
LOAD hw/fpu/sse.32
LOAD hw/fpu/x87.32
LOAD hw/intctrl/apic.32
LOAD hw/intctrl/pic.32
LOAD hw/timer/apictimer.32
LOAD hw/timer/pit.32
LOAD hw/fpu/x86/avx.32
LOAD hw/fpu/x86/sse.32
LOAD hw/fpu/x86/x87.32
LOAD /cygdrive/d/Users/Alex/Desktop/Toolchain/Output/bin/../lib/gcc/i386-banana/8.1.0/crtend.o
LOAD crtn.32
LOAD /cygdrive/d/Users/Alex/Desktop/Toolchain/Output/bin/../lib/gcc/i386-banana/8.1.0/libkgcc.a
LOAD D:/Users/Alex/Desktop/Banana/kernel/libsoftfp.a
LOAD D:/Users/Alex/Desktop/Banana/kernel/libk/libm32.a
                0x00000000c0000000                . = 0xc0000000

.text           0x00000000c0000000    0x264f8
 *(.text)
 .text          0x00000000c0000000       0x41 D:/Users/Alex/Desktop/Banana/kernel/boot.32
                0x00000000c0000020                callGlobalConstructors
 .text          0x00000000c0000041        0x0 crti.32
 *fill*         0x00000000c0000041        0x3 
 .text          0x00000000c0000044      0x101 /cygdrive/d/Users/Alex/Desktop/Toolchain/Output/bin/../lib/gcc/i386-banana/8.1.0/crtbegin.o
 *fill*         0x00000000c0000145        0xb 
 .text          0x00000000c0000150      0x4a3 D:/Users/Alex/Desktop/Banana/kernel/morenasm.32
                0x00000000c0000150                prepareTramp
                0x00000000c0000169                voodooXADD
                0x00000000c0000234                doTPAUSE
                0x00000000c000023e                hasLegacyFPU
                0x00000000c0000263                is486
                0x00000000c0000299                detectCPUID
                0x00000000c00002af                goToVM86
                0x00000000c00002e0                goToUsermode
                0x00000000c000030a                switchToThreadASMFirstTime
                0x00000000c0000318                switchToThreadASM
                0x00000000c00003a0                asmQuickAcquireLock
                0x00000000c00003be                asmQuickReleaseLock
                0x00000000c00003ca                asmAcquireLock
                0x00000000c00003eb                asmReleaseLock
                0x00000000c00003fe                loadGDT
                0x00000000c000041e                isr0
                0x00000000c000042e                isr1
                0x00000000c0000438                isr2
                0x00000000c0000442                isr3
                0x00000000c000044c                isr4
                0x00000000c0000456                isr5
                0x00000000c0000460                isr6
                0x00000000c000046a                isr7
                0x00000000c0000474                isr8
                0x00000000c000047c                isr9
                0x00000000c0000486                isr10
                0x00000000c000048e                isr11
                0x00000000c0000496                isr12
                0x00000000c000049e                isr13
                0x00000000c00004a6                isr14
                0x00000000c00004ae                isr15
                0x00000000c00004b8                isr16
                0x00000000c00004c2                isr17
                0x00000000c00004cc                isr18
                0x00000000c00004d6                irq3
                0x00000000c00004e0                irq4
                0x00000000c00004ea                irq5
                0x00000000c00004f4                irq6
                0x00000000c00004fe                irq7
                0x00000000c0000508                irq8
                0x00000000c0000512                irq9
                0x00000000c000051c                irq10
                0x00000000c0000526                irq11
                0x00000000c0000530                irq12
                0x00000000c000053a                irq13
                0x00000000c0000544                irq14
                0x00000000c000054e                irq15
                0x00000000c0000558                irq1
                0x00000000c000055f                irq2
                0x00000000c0000566                isr96
                0x00000000c000056d                irq0
                0x00000000c0000572                syscall_common_stub
                0x00000000c0000572                int_common_stub
                0x00000000c00005a3                irq16
                0x00000000c00005ad                irq17
                0x00000000c00005b7                irq18
                0x00000000c00005c1                irq19
                0x00000000c00005cb                irq20
                0x00000000c00005d5                irq21
                0x00000000c00005df                irq22
                0x00000000c00005e9                irq23
 .text          0x00000000c00005f3      0x40f acpica/utclib.32
                0x00000000c00005f3                memcmp
                0x00000000c000061e                memmove
                0x00000000c0000656                memcpy
                0x00000000c000068c                memset
                0x00000000c00006a9                strlen
                0x00000000c00006b9                strpbrk
                0x00000000c00006dc                strtok
                0x00000000c000072b                strcpy
                0x00000000c000074b                strncpy
                0x00000000c000077c                strcmp
                0x00000000c000079d                strchr
                0x00000000c00007b3                strncmp
                0x00000000c00007e2                strcat
                0x00000000c0000809                strncat
                0x00000000c0000843                strstr
                0x00000000c0000880                toupper
                0x00000000c0000894                tolower
                0x00000000c00008a8                simple_strtoul
 .text          0x00000000c0000a02      0xfbf core/malloc.32
                0x00000000c0000b6d                dlfree
                0x00000000c0000ec8                dlmalloc
                0x00000000c0001405                dlrealloc
                0x00000000c00015ba                dlmemalign
                0x00000000c00016dd                dlcalloc
                0x00000000c0001777                dlcfree
                0x00000000c000177c                dlindependent_calloc
                0x00000000c00017a1                dlindependent_comalloc
                0x00000000c00017b8                dlvalloc
                0x00000000c00017e3                dlpvalloc
                0x00000000c0001819                dlmalloc_trim
                0x00000000c0001826                dlmalloc_usable_size
                0x00000000c0001857                dlmallinfo
                0x00000000c0001926                dlmalloc_stats
                0x00000000c0001937                dlmallopt
 .text          0x00000000c00019c1        0x0 libk/string.32
 .text          0x00000000c00019c1       0x51 fs/fat/diskio.32
                0x00000000c00019c1                disk_status
                0x00000000c00019c4                disk_initialize
                0x00000000c00019c7                disk_read
                0x00000000c00019dd                disk_write
                0x00000000c00019f3                disk_ioctl
 .text          0x00000000c0001a12     0x6833 fs/fat/ff.32
                0x00000000c0004ce0                f_mount
                0x00000000c0004d42                f_open
                0x00000000c000517e                f_read
                0x00000000c00053fe                f_write
                0x00000000c00056b8                f_sync
                0x00000000c0005894                f_close
                0x00000000c00058c3                f_lseek
                0x00000000c0005d7a                f_opendir
                0x00000000c0005e7c                f_closedir
                0x00000000c0005e9e                f_readdir
                0x00000000c0005f39                f_stat
                0x00000000c0005fc8                f_getfree
                0x00000000c0006193                f_truncate
                0x00000000c000628b                f_unlink
                0x00000000c000640e                f_mkdir
                0x00000000c000663a                f_rename
                0x00000000c000692d                f_chmod
                0x00000000c0006a0b                f_utime
                0x00000000c0006ae9                f_getlabel
                0x00000000c0006cd7                f_setlabel
                0x00000000c0006f44                f_forward
                0x00000000c0007122                f_mkfs
 .text          0x00000000c0008245       0x2d fs/fat/ffsystem.32
                0x00000000c0008245                ff_memalloc
                0x00000000c000825b                ff_memfree
 .text          0x00000000c0008272      0x253 fs/fat/ffunicode.32
                0x00000000c0008272                ff_uni2oem
                0x00000000c0008302                ff_oem2uni
                0x00000000c000836e                ff_wtoupper
 .text          0x00000000c00084c5      0x8fb hal/libresample/samplerate.32
                0x00000000c0008509                src_delete
                0x00000000c0008545                src_process
                0x00000000c00086fb                src_callback_read
                0x00000000c0008878                src_set_ratio
                0x00000000c00088e2                src_get_channels
                0x00000000c0008904                src_reset
                0x00000000c0008950                src_new
                0x00000000c00089de                src_callback_new
                0x00000000c0008a40                src_get_name
                0x00000000c0008a77                src_get_description
                0x00000000c0008aae                src_get_version
                0x00000000c0008ab4                src_is_valid_ratio
                0x00000000c0008b08                src_error
                0x00000000c0008b16                src_strerror
                0x00000000c0008b29                src_simple
                0x00000000c0008b7c                src_short_to_float_array
                0x00000000c0008be1                src_float_to_short_array
                0x00000000c0008ca0                src_int_to_float_array
                0x00000000c0008d03                src_float_to_int_array
 .text          0x00000000c0008dc0      0x8cb hal/libresample/src_linear.32
                0x00000000c00095e6                linear_get_name
                0x00000000c00095f5                linear_get_description
                0x00000000c0009604                linear_set_converter
 .text          0x00000000c000968b     0x447c hal/libresample/src_sinc.32
                0x00000000c000da1e                sinc_get_name
                0x00000000c000da31                sinc_get_description
                0x00000000c000da44                sinc_set_converter
 .text          0x00000000c000db07      0x77c hal/libresample/src_zoh.32
                0x00000000c000e1de                zoh_get_name
                0x00000000c000e1ed                zoh_get_description
                0x00000000c000e1fc                zoh_set_converter
 .text          0x00000000c000e283       0x23 compat/inlines.32
                0x00000000c000e283                CPU::current()
                0x00000000c000e290                operator new(unsigned long)
 .text          0x00000000c000e2a6      0xa07 core/computer.32
                0x00000000c000e2a6                Computer::close(int, int, void*)
                0x00000000c000e2ea                Computer::Computer()
                0x00000000c000e2ea                Computer::Computer()
                0x00000000c000e446                Computer::setBootMessage(char const*)
                0x00000000c000e448                Computer::start()
                0x00000000c000e519                firstTask()
                0x00000000c000e528                Computer::detectFeatures()
                0x00000000c000e732                Computer::displayFeatures()
                0x00000000c000ea78                Computer::rdmsr(unsigned int)
                0x00000000c000eaa4                Computer::wrmsr(unsigned int, unsigned long long)
                0x00000000c000eadc                Computer::nmiEnabled()
                0x00000000c000eae8                Computer::readCMOS(unsigned char)
                0x00000000c000eb02                Computer::enableNMI(bool)
                0x00000000c000eb1a                Computer::open(int, int, void*)
                0x00000000c000ebf0                Computer::disableNMI()
                0x00000000c000ebfe                Computer::writeCMOS(unsigned char, unsigned char)
                0x00000000c000ec1c                Computer::handleNMI()
                0x00000000c000ec82                Computer::setDiskActivityLight(int, bool)
 *fill*         0x00000000c000ecad        0x1 
 .text          0x00000000c000ecae      0x1b7 core/gdt.32
                0x00000000c000ecae                GDTEntry::setBase(unsigned int)
                0x00000000c000ecca                GDTEntry::setLimit(unsigned int)
                0x00000000c000ece8                GDT::GDT()
                0x00000000c000ece8                GDT::GDT()
                0x00000000c000ecfe                GDT::addEntry(GDTEntry)
                0x00000000c000ed3a                GDT::getNumberOfEntries()
                0x00000000c000ed42                GDT::flush()
                0x00000000c000ed64                GDT::setup()
 .text          0x00000000c000ee65       0x62 core/idle.32
                0x00000000c000ee65                idleFunction(void*)
 *fill*         0x00000000c000eec7        0x1 
 .text          0x00000000c000eec8      0x45f core/idt.32
                0x00000000c000eec8                IDTEntry::IDTEntry(bool)
                0x00000000c000eec8                IDTEntry::IDTEntry(bool)
                0x00000000c000ef36                IDTEntry::setOffset(unsigned int)
                0x00000000c000ef4a                IDT::IDT()
                0x00000000c000ef4a                IDT::IDT()
                0x00000000c000ef4c                IDT::getPointerToInvalidOpcodeEntryForF00F()
                0x00000000c000ef54                IDT::addEntry(IDTEntry, int)
                0x00000000c000ef6e                IDT::addEntry(int, void (*)(), bool)
                0x00000000c000efa6                IDT::flush()
                0x00000000c000efc0                IDT::setup()
 .text          0x00000000c000f327      0x203 core/kheap.32
                0x00000000c000f327                sbrk
                0x00000000c000f435                mmap
                0x00000000c000f44b                munmap
                0x00000000c000f461                liballoc_lock()
                0x00000000c000f472                liballoc_unlock()
                0x00000000c000f483                liballoc_alloc(int)
                0x00000000c000f49e                liballoc_free(void*, int)
                0x00000000c000f4bc                realloc
                0x00000000c000f4d0                malloc
                0x00000000c000f4e0                free
                0x00000000c000f4f0                rfree
                0x00000000c000f500                calloc
 .text          0x00000000c000f52a      0x38d core/main.32
                0x00000000c000f52a                hwTextMode_loadInData(VgaText*)
                0x00000000c000f56f                hwTextMode_loadInTitle(VgaText*, char*)
                0x00000000c000f5b1                hwTextMode_showCursor(VgaText*, bool)
                0x00000000c000f605                hwTextMode_update(VgaText*)
                0x00000000c000f606                hwTextMode_updateCursor(VgaText*)
                0x00000000c000f64e                hwTextMode_disableBlink(VgaText*, bool)
                0x00000000c000f68a                hwTextMode_scrollScreen(VgaText*)
                0x00000000c000f710                hwTextMode_writeCharacter(VgaText*, char, VgaColour, VgaColour, int, int)
                0x00000000c000f76e                setupTextMode()
                0x00000000c000f7bf                kernel_main
 .text          0x00000000c000f8b7      0x54d core/physmgr.32
                0x00000000c000f8b7                Phys::allocateDMA(unsigned long)
                0x00000000c000f95a                Phys::freeDMA(unsigned long, unsigned long)
                0x00000000c000f9a2                Phys::setPageState(unsigned long, bool)
                0x00000000c000f9d4                Phys::getPageState(unsigned long)
                0x00000000c000f9f0                Phys::freePage(unsigned long)
                0x00000000c000fa7a                Phys::allocatePage()
                0x00000000c000fb42                Phys::allocateContiguousPages(int)
                0x00000000c000fb9c                Phys::allowSegmentToBeUsed(unsigned long, unsigned long)
                0x00000000c000fbd4                Phys::physicalMemorySetup(unsigned int)
 .text          0x00000000c000fe04      0x273 core/pipe.32
                0x00000000c000fe04                Pipe::isAtty()
                0x00000000c000fe08                Pipe::~Pipe()
                0x00000000c000fe08                Pipe::~Pipe()
                0x00000000c000fe2c                Pipe::~Pipe()
                0x00000000c000fe54                Pipe::read(unsigned long long, void*, int*)
                0x00000000c000ff48                Pipe::write(unsigned long long, void*, int*)
                0x00000000c0010010                Pipe::Pipe(int)
                0x00000000c0010010                Pipe::Pipe(int)
 *fill*         0x00000000c0010077        0x1 
 .text          0x00000000c0010078      0xf65 core/terminal.32
                0x00000000c0010078                VgaText::isAtty()
                0x00000000c001007c                VgaText::~VgaText()
                0x00000000c001007c                VgaText::~VgaText()
                0x00000000c00100a0                VgaText::~VgaText()
                0x00000000c00100ca                VgaText::read(unsigned long long, void*, int*)
                0x00000000c00100ea                setTerminalScrollLock(bool)
                0x00000000c00100eb                addToTerminalCycle(VgaText*)
                0x00000000c0010118                installVgaTextImplementation()
                0x00000000c001012d                scrollTerminalScrollLock(int)
                0x00000000c001012e                VgaText::load()
                0x00000000c0010182                VgaText::updateCursor()
                0x00000000c001019c                VgaText::showCursor(bool)
                0x00000000c00101ac                VgaText::disableBlink(bool)
                0x00000000c00101e6                VgaText::doANSI_SGR(int)
                0x00000000c0010272                VgaText::setDefaultBgColour(VgaColour)
                0x00000000c0010288                VgaText::setDefaultFgColour(VgaColour)
                0x00000000c001029e                VgaText::setDefaultColours(VgaColour, VgaColour)
                0x00000000c00102be                VgaText::combineColours(unsigned char, unsigned char)
                0x00000000c00102d0                VgaText::scrollScreen()
                0x00000000c0010364                VgaText::combineCharAndColour(char, unsigned char)
                0x00000000c0010376                VgaText::writeCharacter(char, VgaColour, VgaColour, int, int)
                0x00000000c00103d6                VgaText::getCursorX()
                0x00000000c00103e2                VgaText::getCursorY()
                0x00000000c00103ee                VgaText::setCursor(int, int)
                0x00000000c001040c                VgaText::setCursorX(int)
                0x00000000c0010428                VgaText::setCursorY(int)
                0x00000000c0010444                VgaText::incrementCursor(bool)
                0x00000000c00104ac                VgaText::updateRAMUsageDisplay(int)
                0x00000000c0010506                VgaText::updateDiskUsage()
                0x00000000c001066c                VgaText::updateTitle()
                0x00000000c00106b2                VgaText::setTitleTextColour(VgaColour)
                0x00000000c00106c2                VgaText::setTitleColour(VgaColour)
                0x00000000c00106d2                VgaText::setTitle(char*)
                0x00000000c00106f8                VgaText::decrementCursor(bool)
                0x00000000c0010720                VgaText::putchar(char, VgaColour, VgaColour)
                0x00000000c001081c                VgaText::isShowingCursor()
                0x00000000c0010828                VgaText::isBlinkDisabled()
                0x00000000c0010836                VgaText::setCursorHeight(int)
                0x00000000c0010854                VgaText::getCursorHeight()
                0x00000000c001085f                setActiveTerminal(VgaText*)
                0x00000000c0010911                doTerminalCycle()
                0x00000000c001092e                VgaText::doUpdate()
                0x00000000c0010940                VgaText::puts(char const*, VgaColour, VgaColour)
                0x00000000c0010b00                VgaText::clearScreen()
                0x00000000c0010b64                VgaText::putchar(char)
                0x00000000c0010c7e                VgaText::puts(char const*)
                0x00000000c0010ca4                VgaText::putx(unsigned int)
                0x00000000c0010cea                VgaText::VgaText(char const*)
                0x00000000c0010cea                VgaText::VgaText(char const*)
                0x00000000c0010e7c                VgaText::receiveKey(unsigned char)
                0x00000000c0010f64                VgaText::write(unsigned long long, void*, int*)
                0x00000000c0010fb8                newTerminal(char*)
 *fill*         0x00000000c0010fdd        0x1 
 .text          0x00000000c0010fde      0x1b3 core/tss.32
                0x00000000c0010fde                TSS::TSS()
                0x00000000c0010fde                TSS::TSS()
                0x00000000c0010fec                TSS::setESP(unsigned long)
                0x00000000c0010ffe                TSS::flush()
                0x00000000c001101e                TSS::setup(unsigned long, unsigned long)
 *fill*         0x00000000c0011191        0x1 
 .text          0x00000000c0011192      0x4c2 core/unixfile.32
                0x00000000c0011192                ReservedFilename::read(unsigned long long, void*, int*)
                0x00000000c00111e8                ReservedFilename::isAtty()
                0x00000000c0011204                ReservedFilename::write(unsigned long long, void*, int*)
                0x00000000c0011262                UnixFile::getFileDescriptor()
                0x00000000c001126a                UnixFile::UnixFile(int)
                0x00000000c001126a                UnixFile::UnixFile(int)
                0x00000000c001141a                ReservedFilename::ReservedFilename(int)
                0x00000000c001141a                ReservedFilename::ReservedFilename(int)
                0x00000000c001144c                UnixFile::~UnixFile()
                0x00000000c001144c                UnixFile::~UnixFile()
                0x00000000c00114e4                UnixFile::~UnixFile()
                0x00000000c001150c                ReservedFilename::~ReservedFilename()
                0x00000000c001150c                ReservedFilename::~ReservedFilename()
                0x00000000c0011530                ReservedFilename::~ReservedFilename()
                0x00000000c0011557                getFromFileDescriptor(int)
 .text          0x00000000c0011654      0xee3 core/virtmgr.32
                0x00000000c0011654                Virt::setPageState(unsigned long, Virt::VirtPageState)
                0x00000000c0011689                Virt::getPageState(unsigned long)
                0x00000000c00116ad                Virt::allocateKernelVirtualPages(int)
                0x00000000c00117be                Virt::virtualMemorySetup()
                0x00000000c001183d                Virt::getAKernelVAS()
                0x00000000c0011843                Virt::setupPageSwapping(int)
                0x00000000c0011972                VAS::VAS()
                0x00000000c0011972                VAS::VAS()
                0x00000000c00119a2                VAS::VAS(VAS*)
                0x00000000c00119a2                VAS::VAS(VAS*)
                0x00000000c00119c6                VAS::getForeignPageTableEntry(bool, unsigned long)
                0x00000000c00119f2                VAS::getPageTableEntry(unsigned long)
                0x00000000c0011a11                Virt::freeKernelVirtualPages(unsigned long)
                0x00000000c0011b34                VAS::freeAllocatedPages(unsigned long)
                0x00000000c0011b58                VAS::virtualToPhysical(unsigned long)
                0x00000000c0011b70                VAS::reflagRange(unsigned long, int, int, int)
                0x00000000c0011bb0                VAS::setToWriteCombining(unsigned long, int)
                0x00000000c0011be2                VAS::mapOtherVASIn(bool, VAS*)
                0x00000000c0011c0c                VAS::~VAS()
                0x00000000c0011c0c                VAS::~VAS()
                0x00000000c0011d78                VAS::mapPage(unsigned long, unsigned long, int)
                0x00000000c0011e78                VAS::allocatePages(int, int)
                0x00000000c0012050                VAS::setCPUSpecific(unsigned long)
                0x00000000c001206c                VAS::mapRange(unsigned long, unsigned long, int, int)
                0x00000000c0012132                VAS::mapForeignPage(bool, VAS*, unsigned long, unsigned long, int)
                0x00000000c0012220                VAS::VAS(bool)
                0x00000000c0012220                VAS::VAS(bool)
                0x00000000c001247b                mapVASFirstTime
 .text          0x00000000c0012537       0x95 coreobjs/c++.32
                0x00000000c0012537                __cxa_atexit
                0x00000000c001253a                __cxa_finalize
                0x00000000c001253b                __stack_chk_fail
                0x00000000c00125a7                __cxa_pure_virtual
                0x00000000c00125b8                operator new[](unsigned long)
                0x00000000c00125bd                operator delete(void*, unsigned long)
                0x00000000c00125c2                operator delete[](void*)
                0x00000000c00125c7                operator delete[](void*, unsigned long)
 .text          0x00000000c00125cc      0x1ef dbg/kconsole.32
                0x00000000c00125cc                Dbg::stringifyxWithBase(unsigned int, char*, int)
                0x00000000c001262d                Dbg::logc(char)
                0x00000000c0012644                Dbg::logs(char*)
                0x00000000c0012661                Dbg::logWriteInt(unsigned int)
                0x00000000c001267e                Dbg::logWriteIntBase(unsigned int, int)
                0x00000000c001269d                Dbg::kprintf(char const*, ...)
 *fill*         0x00000000c00127bb        0x1 
 .text          0x00000000c00127bc      0xb7c fs/vfs.32
                0x00000000c00127bc                File::read(unsigned long long, void*, int*)
                0x00000000c0012814                File::write(unsigned long long, void*, int*)
                0x00000000c001286c                Directory::read(unsigned long long, void*, int*)
                0x00000000c00128c4                Directory::write(unsigned long long, void*, int*)
                0x00000000c00128f2                File::isAtty()
                0x00000000c00128f6                Directory::isAtty()
                0x00000000c00128fa                Filesystem::getlabel(LogicalDisk*, int, char*, unsigned int*)
                0x00000000c0012900                Filesystem::setlabel(LogicalDisk*, int, char*)
                0x00000000c0012906                File::~File()
                0x00000000c0012906                File::~File()
                0x00000000c001292a                File::~File()
                0x00000000c0012954                Directory::~Directory()
                0x00000000c0012954                Directory::~Directory()
                0x00000000c0012978                Directory::~Directory()
                0x00000000c00129a2                Filesystem::Filesystem()
                0x00000000c00129a2                Filesystem::Filesystem()
                0x00000000c00129c6                Filesystem::~Filesystem()
                0x00000000c00129c6                Filesystem::~Filesystem()
                0x00000000c00129d4                Filesystem::~Filesystem()
                0x00000000c00129f8                initVFS()
                0x00000000c0012a22                standardiseFiles(char*, char const*, char const*)
                0x00000000c0012bcc                File::File(char const*, Process*)
                0x00000000c0012bcc                File::File(char const*, Process*)
                0x00000000c0012c30                File::open(FileOpenMode)
                0x00000000c0012c8e                File::close()
                0x00000000c0012cee                File::seek(unsigned long long)
                0x00000000c0012d44                File::tell(unsigned long long*)
                0x00000000c0012d94                File::rewind()
                0x00000000c0012da8                File::unlink()
                0x00000000c0012df4                File::rename(char const*)
                0x00000000c0012e42                File::chfatattr(unsigned char, unsigned char)
                0x00000000c0012e9e                File::exists()
                0x00000000c0012edc                File::stat(unsigned long long*, bool*)
                0x00000000c0012f3d                getcwd(Process*, char*, int)
                0x00000000c0012f67                setcwd(Process*, char*)
                0x00000000c00130a2                Directory::Directory(char const*, Process*)
                0x00000000c00130a2                Directory::Directory(char const*, Process*)
                0x00000000c0013106                Directory::open()
                0x00000000c0013162                Directory::close()
                0x00000000c00131c2                Directory::unlink()
                0x00000000c001320e                Directory::rename(char const*)
                0x00000000c001325c                Directory::exists()
                0x00000000c001329a                Directory::read(dirent*)
                0x00000000c00132e6                Directory::create()
                0x00000000c0013332                Filesystem::chfatattr(char const*, unsigned char, unsigned char)
 .text          0x00000000c0013338       0x84 hal/bus.32
                0x00000000c0013338                Bus::Bus(char const*)
                0x00000000c0013338                Bus::Bus(char const*)
                0x00000000c001336e                Bus::~Bus()
                0x00000000c001336e                Bus::~Bus()
                0x00000000c0013392                Bus::~Bus()
 .text          0x00000000c00133bc      0x14e hal/buzzer.32
                0x00000000c00133bc                Buzzer::Buzzer(char const*)
                0x00000000c00133bc                Buzzer::Buzzer(char const*)
                0x00000000c0013400                Buzzer::~Buzzer()
                0x00000000c0013400                Buzzer::~Buzzer()
                0x00000000c0013424                Buzzer::~Buzzer()
                0x00000000c001344e                Buzzer::stop()
                0x00000000c0013461                beepThread(void*)
                0x00000000c001349c                Buzzer::beep(int, int, bool)
 .text          0x00000000c001350a      0x42f hal/clock.32
                0x00000000c001350a                loadClockSettings()
                0x00000000c0013524                Clock::Clock(char const*)
                0x00000000c0013524                Clock::Clock(char const*)
                0x00000000c001355a                Clock::~Clock()
                0x00000000c001355a                Clock::~Clock()
                0x00000000c001357e                Clock::~Clock()
                0x00000000c00135a8                Clock::timeInSecondsLocal()
                0x00000000c00135f0                Clock::setTimeInSecondsLocal(unsigned long long)
                0x00000000c0013649                datetimeToSeconds(datetime_t)
                0x00000000c0013770                Clock::setTimeInDatetimeLocal(datetime_t)
                0x00000000c00137d0                secondsToDatetime(unsigned long long)
                0x00000000c0013914                Clock::timeInDatetimeLocal()
 *fill*         0x00000000c0013939        0x1 
 .text          0x00000000c001393a      0x4de hal/device.32
                0x00000000c001393a                Device::hibernate()
                0x00000000c001393c                Device::wake()
                0x00000000c001393e                Device::detect()
                0x00000000c0013940                Device::disableLegacy()
                0x00000000c0013942                Device::powerSaving(PowerSavingLevel)
                0x00000000c0013944                DriverlessDevice::close(int, int, void*)
                0x00000000c0013948                DriverlessDevice::detect()
                0x00000000c001394a                DriverlessDevice::open(int, int, void*)
                0x00000000c001395e                Device::~Device()
                0x00000000c001395e                Device::~Device()
                0x00000000c001396c                Device::~Device()
                0x00000000c0013994                Device::findAndLoadDriver()
                0x00000000c0013996                Device::preOpenPCI(PCIDeviceInfo)
                0x00000000c00139bc                Device::preOpenACPI(void*, char*, char*)
                0x00000000c0013a10                Device::addIRQHandler(int, void (*)(regs*, void*), bool, void*)
                0x00000000c0013a4e                Device::removeIRQHandler(int, void (*)(regs*, void*), bool)
                0x00000000c0013a8c                Device::addChild(Device*)
                0x00000000c0013ad0                Device::removeAllChildren()
                0x00000000c0013b16                Device::hibernateAll()
                0x00000000c0013b46                Device::wakeAll()
                0x00000000c0013b76                Device::detectAll()
                0x00000000c0013ba6                Device::disableLegacyAll()
                0x00000000c0013bd6                Device::loadDriversForAll()
                0x00000000c0013c02                Device::closeAll()
                0x00000000c0013c38                Device::powerSavingAll(PowerSavingLevel)
                0x00000000c0013c6e                Device::setName(char const*)
                0x00000000c0013c7c                Device::Device(char const*)
                0x00000000c0013c7c                Device::Device(char const*)
                0x00000000c0013d78                Device::getName()
                0x00000000c0013d82                DriverlessDevice::DriverlessDevice(char const*)
                0x00000000c0013d82                DriverlessDevice::DriverlessDevice(char const*)
                0x00000000c0013daa                Device::addToLinkedList(LinkedList<Device>&, DeviceType)
                0x00000000c0013dee                getDevicesOfType(DeviceType)
 .text          0x00000000c0013e18       0x84 hal/diskctrl.32
                0x00000000c0013e18                HardDiskController::HardDiskController(char const*)
                0x00000000c0013e18                HardDiskController::HardDiskController(char const*)
                0x00000000c0013e4e                HardDiskController::~HardDiskController()
                0x00000000c0013e4e                HardDiskController::~HardDiskController()
                0x00000000c0013e72                HardDiskController::~HardDiskController()
 .text          0x00000000c0013e9c       0xde hal/diskphys.32
                0x00000000c0013e9c                PhysicalDisk::PhysicalDisk(char const*, int)
                0x00000000c0013e9c                PhysicalDisk::PhysicalDisk(char const*, int)
                0x00000000c0013f04                PhysicalDisk::startCache()
                0x00000000c0013f2c                PhysicalDisk::~PhysicalDisk()
                0x00000000c0013f2c                PhysicalDisk::~PhysicalDisk()
                0x00000000c0013f50                PhysicalDisk::~PhysicalDisk()
 .text          0x00000000c0013f7a      0x13b hal/fpu.32
                0x00000000c0013f7a                FPU::FPU(char const*)
                0x00000000c0013f7a                FPU::FPU(char const*)
                0x00000000c0013fb0                FPU::~FPU()
                0x00000000c0013fb0                FPU::~FPU()
                0x00000000c0013fd4                FPU::~FPU()
                0x00000000c0013ffe                setupFPU()
 *fill*         0x00000000c00140b5        0x1 
 .text          0x00000000c00140b6     0x12b1 hal/intctrl.32
                0x00000000c00140b6                InterruptController::uninstallISRHandler(int, void (*)(regs*, void*))
                0x00000000c00140ee                InterruptController::installISRHandler(int, void (*)(regs*, void*), void*)
                0x00000000c0014140                doubleFault(regs*, void*)
                0x00000000c001415a                InterruptController::installIRQHandler(int, void (*)(regs*, void*), bool, void*)
                0x00000000c00141f6                InterruptController::clearAllHandlers(int, bool)
                0x00000000c001429e                InterruptController::uninstallIRQHandler(int, void (*)(regs*, void*), bool)
                0x00000000c0014325                nmiHandler(regs*, void*)
                0x00000000c0014333                int_handler
                0x00000000c00143d4                InterruptController::InterruptController(char const*)
                0x00000000c00143d4                InterruptController::InterruptController(char const*)
                0x00000000c001447a                InterruptController::~InterruptController()
                0x00000000c001447a                InterruptController::~InterruptController()
                0x00000000c001449e                InterruptController::~InterruptController()
                0x00000000c00144c8                displayDebugInfo(regs*)
                0x00000000c00148cd                x87EmulHandler(regs*, void*)
                0x00000000c00148fc                gpFault(regs*, void*)
                0x00000000c0014935                pgFault(regs*, void*)
                0x00000000c001494c                otherISRHandler(regs*, void*)
                0x00000000c001496b                opcodeFault(regs*, void*)
                0x00000000c0014f2a                displayProgramFault(char const*)
                0x00000000c0014f52                setupInterruptController()
                0x00000000c001531a                InterruptController::convertLegacyIRQNumber(int)
 *fill*         0x00000000c0015367        0x1 
 .text          0x00000000c0015368      0x620 hal/keybrd.32
                0x00000000c0015368                startGUI(void*)
                0x00000000c00153da                sendKeyToTerminal(unsigned char)
                0x00000000c0015446                sendKeyboardToken(KeyboardToken)
                0x00000000c0015821                clearInternalKeybuffer(VgaText*)
                0x00000000c0015856                readKeyboard(VgaText*, char*, unsigned long)
                0x00000000c00158fe                Keyboard::Keyboard(char const*)
                0x00000000c00158fe                Keyboard::Keyboard(char const*)
                0x00000000c001593a                Keyboard::~Keyboard()
                0x00000000c001593a                Keyboard::~Keyboard()
                0x00000000c001595e                Keyboard::~Keyboard()
 .text          0x00000000c0015988      0x400 hal/logidisk.32
                0x00000000c0015988                LogicalDisk::close(int, int, void*)
                0x00000000c001598c                LogicalDisk::~LogicalDisk()
                0x00000000c001598c                LogicalDisk::~LogicalDisk()
                0x00000000c00159b0                LogicalDisk::~LogicalDisk()
                0x00000000c00159da                LogicalDisk::open(int, int, void*)
                0x00000000c00159ee                LogicalDisk::absoluteToRelative(unsigned long long)
                0x00000000c0015a26                LogicalDisk::relativeToAbsolute(unsigned long long)
                0x00000000c0015a6c                LogicalDisk::LogicalDisk(char const*, PhysicalDisk*, unsigned long long, unsigned long long)
                0x00000000c0015a6c                LogicalDisk::LogicalDisk(char const*, PhysicalDisk*, unsigned long long, unsigned long long)
                0x00000000c0015b22                LogicalDisk::assignDriveLetter()
                0x00000000c0015bd8                LogicalDisk::mount()
                0x00000000c0015c4a                LogicalDisk::unmount()
                0x00000000c0015c5a                LogicalDisk::unassignDriveLetter()
                0x00000000c0015cb0                LogicalDisk::read(unsigned long long, int, void*)
                0x00000000c0015d1c                LogicalDisk::write(unsigned long long, int, void*)
 .text          0x00000000c0015d88       0x84 hal/mouse.32
                0x00000000c0015d88                Mouse::Mouse(char const*)
                0x00000000c0015d88                Mouse::Mouse(char const*)
                0x00000000c0015dbe                Mouse::~Mouse()
                0x00000000c0015dbe                Mouse::~Mouse()
                0x00000000c0015de2                Mouse::~Mouse()
 .text          0x00000000c0015e0c      0x339 hal/partition.32
                0x00000000c0015e0c                makePartition(PhysicalDisk*, unsigned long long, unsigned long long)
                0x00000000c0015eb4                createPartitionsForDisk(PhysicalDisk*)
 *fill*         0x00000000c0016145        0x1 
 .text          0x00000000c0016146       0x84 hal/serial.32
                0x00000000c0016146                Serial::Serial(char const*)
                0x00000000c0016146                Serial::Serial(char const*)
                0x00000000c001617c                Serial::~Serial()
                0x00000000c001617c                Serial::~Serial()
                0x00000000c00161a0                Serial::~Serial()
 .text          0x00000000c00161ca      0x2b8 hal/timer.32
                0x00000000c00161ca                Timer::Timer(char const*)
                0x00000000c00161ca                Timer::Timer(char const*)
                0x00000000c0016200                Timer::~Timer()
                0x00000000c0016200                Timer::~Timer()
                0x00000000c0016224                Timer::~Timer()
                0x00000000c001624e                Timer::read()
                0x00000000c0016259                timerHandler(unsigned long long)
                0x00000000c0016390                setupTimer(int)
 .text          0x00000000c0016482      0x2db hal/vcache.32
                0x00000000c0016482                VCache::VCache(PhysicalDisk*)
                0x00000000c0016482                VCache::VCache(PhysicalDisk*)
                0x00000000c001657c                VCache::writeWriteBuffer()
                0x00000000c00165b8                VCache::~VCache()
                0x00000000c00165b8                VCache::~VCache()
                0x00000000c00165f8                VCache::~VCache()
                0x00000000c0016620                VCache::write(unsigned long long, int, void*)
                0x00000000c0016704                VCache::read(unsigned long long, int, void*)
 *fill*         0x00000000c001675d        0x1 
 .text          0x00000000c001675e      0x4cb hal/video.32
                0x00000000c001675e                Video::putrect(int, int, int, int, unsigned int)
                0x00000000c00167a8                Video::bitblit(int, int, int, int, int, int, int, unsigned int*)
                0x00000000c0016818                Video::blit(unsigned int*, int, int, int, int)
                0x00000000c0016896                Video::clearScreen(unsigned int)
                0x00000000c00168ca                Video::putpixel(int, int, unsigned int)
                0x00000000c00168d8                Video::Video(char const*)
                0x00000000c00168d8                Video::Video(char const*)
                0x00000000c001690e                Video::~Video()
                0x00000000c001690e                Video::~Video()
                0x00000000c0016932                Video::~Video()
                0x00000000c001695c                Video::isMonochrome()
                0x00000000c0016968                Video::getWidth()
                0x00000000c0016974                Video::getHeight()
                0x00000000c0016980                Video::drawCursor(int, int, unsigned char*, int)
                0x00000000c0016a3c                Video::tgaParse(unsigned char*, int, int*, int*)
                0x00000000c0016bbe                Video::putTGA(int, int, unsigned char*, int)
 *fill*         0x00000000c0016c29        0x1 
 .text          0x00000000c0016c2a      0xe28 hw/acpi.32
                0x00000000c0016c2a                ACPI::close(int, int, void*)
                0x00000000c0016cdf                findRSDP()
                0x00000000c0016d69                loadACPITables(unsigned char*)
                0x00000000c0016f90                findRSDT(unsigned char*)
                0x00000000c00170ae                findDataTable(unsigned char*, char*)
                0x00000000c001714a                scanMADT()
                0x00000000c00175d0                ACPI::ACPI()
                0x00000000c00175d0                ACPI::ACPI()
                0x00000000c0017630                ACPI::getPCIIRQAssignment(unsigned char, unsigned short, unsigned char)
                0x00000000c0017712                ACPI::registerPCIIRQAssignment(void*, unsigned short, unsigned char, unsigned char)
                0x00000000c0017818                ACPI::setScreenBrightnessLevel(void*, int)
                0x00000000c001781e                ACPI::writeSimpleBootFlag(SimpleBootFlagTable*)
                0x00000000c0017866                ACPI::open(int, int, void*)
                0x00000000c0017a3a                ACPI::sleep()
 .text          0x00000000c0017a52     0x1715 hw/cpu.32
                0x00000000c0017a52                CPU::close(int, int, void*)
                0x00000000c0017a56                CPU::lookupAMDName(unsigned char, unsigned char)
                0x00000000c0017bea                CPU::lookupIntelName(unsigned char, unsigned char)
                0x00000000c0017e98                CPU::AMD_K6_write_msr(unsigned int, unsigned int, unsigned int, CPU::REGS*)
                0x00000000c0017eb4                CPU::AMD_K6_read_msr(unsigned int, CPU::REGS*)
                0x00000000c0017ecc                CPU::AMD_K6_writeback(int, int, int)
                0x00000000c0017f40                CPU::cpuid(int, unsigned long*, unsigned long*, unsigned long*, unsigned long*)
                0x00000000c0017fc4                CPU::cpuidCheckEDX(unsigned int)
                0x00000000c0017ff2                CPU::cpuidCheckECX(unsigned int)
                0x00000000c0018020                CPU::cpuidCheckExtendedEBX(unsigned int)
                0x00000000c001804e                CPU::cpuidCheckExtendedECX(unsigned int)
                0x00000000c001807c                CPU::CPU()
                0x00000000c001807c                CPU::CPU()
                0x00000000c001810a                CPU::displayFeatures()
                0x00000000c0018386                CPU::detectFeatures()
                0x00000000c0018d76                CPU::setupSMEP()
                0x00000000c0018d82                CPU::setupUMIP()
                0x00000000c0018d8c                CPU::setupTSC()
                0x00000000c0018d96                CPU::setupLargePages()
                0x00000000c0018da0                CPU::setupPAT()
                0x00000000c0018ddc                CPU::setupMTRR()
                0x00000000c0018dde                CPU::setupGlobalPages()
                0x00000000c0018de8                CPU::allowUsermodeDataAccess()
                0x00000000c0018dfa                CPU::prohibitUsermodeDataAccess()
                0x00000000c0018e0c                CPU::setupSMAP()
                0x00000000c0018e1a                CPU::setupFeatures()
                0x00000000c0018e9a                CPU::open(int, int, void*)
                0x00000000c0018f6c                CPU::decodeAddress(regs*, int*, bool*, unsigned char*)
 .text          0x00000000c0019167        0x0 hw/ports.32
 .text          0x00000000c0019167      0x32c krnl/panic.32
                0x00000000c0019167                Krnl::panic(char const*)
 .text          0x00000000c0019493      0x513 reg/registry.32
                0x00000000c0019493                Reg::findLineFromLoadedData(char*, char*, char*)
                0x00000000c00195eb                Reg::getLineFromRegistry(char*, char*, char*, char*)
                0x00000000c0019740                Reg::getLine(char*, char*, char*)
                0x00000000c0019777                Reg::readInt(char*, char*, int*)
                0x00000000c0019862                Reg::readString(char*, char*, char*, int)
                0x00000000c00198e3                Reg::readBool(char*, char*, bool*)
                0x00000000c0019908                Reg::readBoolWithDefault(char*, char*, bool)
                0x00000000c0019934                Reg::readIntWithDefault(char*, char*, int)
                0x00000000c0019960                Reg::readStringWithDefault(char*, char*, char*, int, char*)
 .text          0x00000000c00199a6       0x18 sys/sc_exit.32
                0x00000000c00199a6                Sys::exit(regs*)
 .text          0x00000000c00199be       0x1f sys/sc_getcwd.32
                0x00000000c00199be                Sys::getCwd(regs*)
 .text          0x00000000c00199dd        0xc sys/sc_getpid.32
                0x00000000c00199dd                Sys::getPID(regs*)
 .text          0x00000000c00199e9       0xa8 sys/sc_loaddll.32
                0x00000000c00199e9                Sys::loadDLL(regs*)
 .text          0x00000000c0019a91       0x68 sys/sc_read.32
                0x00000000c0019a91                Sys::read(regs*)
 .text          0x00000000c0019af9       0x55 sys/sc_sbrk.32
                0x00000000c0019af9                Sys::sbrk(regs*)
 .text          0x00000000c0019b4e       0x1c sys/sc_setcwd.32
                0x00000000c0019b4e                Sys::setCwd(regs*)
 .text          0x00000000c0019b6a       0x68 sys/sc_write.32
                0x00000000c0019b6a                Sys::write(regs*)
 .text          0x00000000c0019bd2       0x3b sys/sc_yield.32
                0x00000000c0019bd2                Sys::yield(regs*)
 .text          0x00000000c0019c0d      0xfaf sys/syscalls.32
                0x00000000c0019c0d                sysCallSeekDir(regs*)
                0x00000000c0019c12                sysCallTellDir(regs*)
                0x00000000c0019c17                sysCallVerify(regs*)
                0x00000000c0019c21                sysCallGetArgc(regs*)
                0x00000000c0019c31                sysFormatDisk(regs*)
                0x00000000c0019c9b                sysSetDiskVolumeLabel(regs*)
                0x00000000c0019ce1                sysGetDiskVolumeLabel(regs*)
                0x00000000c0019d32                sysShutdown(regs*)
                0x00000000c0019d90                sysCallRealpath(regs*)
                0x00000000c0019dd3                sysCallReadDir(regs*)
                0x00000000c0019e61                sysCallIsATTY(regs*)
                0x00000000c0019ebb                sysCallSeek(regs*)
                0x00000000c0019f24                sysCallTell(regs*)
                0x00000000c0019fa1                sysCallSize(regs*)
                0x00000000c001a024                sysCallSizeFromFilename(regs*)
                0x00000000c001a0e4                sysCallClose(regs*)
                0x00000000c001a16c                sysCallOpenDir(regs*)
                0x00000000c001a1e1                sysCallCloseDir(regs*)
                0x00000000c001a247                sysCallMakeDir(regs*)
                0x00000000c001a2b7                sysCallWait(regs*)
                0x00000000c001a2d1                sysCallNotImpl(regs*)
                0x00000000c001a2ec                sysPanic(regs*)
                0x00000000c001a312                sysCallRmdir(regs*)
                0x00000000c001a376                sysCallUnlink(regs*)
                0x00000000c001a3da                sysCallGetArgv(regs*)
                0x00000000c001a426                sysCallTTYName(regs*)
                0x00000000c001a4a9                sysCallGetEnv(regs*)
                0x00000000c001a4fb                sysCallUSleep(regs*)
                0x00000000c001a522                sysCallSpawn(regs*)
                0x00000000c001a57a                sysAppSettings(regs*)
                0x00000000c001a699                sysSetFatAttrib(regs*)
                0x00000000c001a70b                sysPipe(regs*)
                0x00000000c001a750                sysGetUnixTime(regs*)
                0x00000000c001a764                string_ends_with(char const*, char const*)
                0x00000000c001a7ac                sysCallOpen(regs*)
                0x00000000c001a9c1                setupSystemCalls()
                0x00000000c001ab7a                systemCall(regs*, void*)
 .text          0x00000000c001abbc     0x11ee thr/elf.32
                0x00000000c001abbc                Thr::allocateMemoryForTask(Process*, File*, unsigned long, unsigned long, unsigned long)
                0x00000000c001ae39                Thr::loadProgramIntoMemory(Process*, char const*)
                0x00000000c001b04f                Thr::runtimeReferenceHelper()
                0x00000000c001b062                Thr::getAddressOfKernelSymbol(char const*)
                0x00000000c001b0b1                Thr::loadKernelSymbolTable(char const*)
                0x00000000c001b36d                Thr::loadDriverIntoMemory(char const*, unsigned long, bool)
                0x00000000c001baee                Thr::getDriverBaseFromAddress(unsigned long)
                0x00000000c001bb20                Thr::getDriverNameFromAddress(unsigned long)
                0x00000000c001bb57                Thr::getDriverOffsetFromAddress(unsigned long)
                0x00000000c001bb71                Thr::loadDLL(char const*, bool)
                0x00000000c001bd80                Thr::executeDLL(unsigned long, void*)
 .text          0x00000000c001bdaa      0xff8 thr/prcssthr.32
                0x00000000c001bdaa                changeTSS
                0x00000000c001bdda                Process::addArgs(char**)
                0x00000000c001be34                Process::Process(char const*, Process*, char**)
                0x00000000c001be34                Process::Process(char const*, Process*, char**)
                0x00000000c001bffc                Process::Process(bool, char const*, Process*, char**)
                0x00000000c001bffc                Process::Process(bool, char const*, Process*, char**)
                0x00000000c001c190                disableIRQs()
                0x00000000c001c198                getIRQNestingLevel()
                0x00000000c001c19e                enableIRQs()
                0x00000000c001c1ad                lockScheduler()
                0x00000000c001c1af                unlockScheduler()
                0x00000000c001c1b1                userModeEntryPoint(void*)
                0x00000000c001c1d4                lockStuff()
                0x00000000c001c1e0                taskStartupFunction
                0x00000000c001c1e9                updateTimeUsed()
                0x00000000c001c24e                switchToThread(ThreadControlBlock*)
                0x00000000c001c29e                Semaphore::Semaphore(int)
                0x00000000c001c29e                Semaphore::Semaphore(int)
                0x00000000c001c2cc                Mutex::Mutex()
                0x00000000c001c2cc                Mutex::Mutex()
                0x00000000c001c2de                Process::createThread(void (*)(void*), void*, int)
                0x00000000c001c3c2                Process::createUserThread()
                0x00000000c001c3de                setupMultitasking(void (*)())
                0x00000000c001c4e8                schedule()
                0x00000000c001c56d                unlockStuff()
                0x00000000c001c5a2                Semaphore::tryAcquire()
                0x00000000c001c5d0                Semaphore::assertLocked(char const*)
                0x00000000c001c600                blockTaskWithSchedulerLockAlreadyHeld(TaskState)
                0x00000000c001c642                blockTask(TaskState)
                0x00000000c001c663                waitTask(int, int*, int)
                0x00000000c001c6a5                nanoSleepUntil(unsigned long long)
                0x00000000c001c6fc                nanoSleep(unsigned long long)
                0x00000000c001c711                sleep(unsigned long long)
                0x00000000c001c72e                Semaphore::acquire()
                0x00000000c001c796                taskReturned
                0x00000000c001c7c4                unblockTask(ThreadControlBlock*)
                0x00000000c001c873                cleanupTerminatedTask(ThreadControlBlock*)
                0x00000000c001cb17                cleanerTaskFunction(void*)
                0x00000000c001cbca                terminateTask(int)
                0x00000000c001ccaa                Thr::terminateFromIRQ(int)
                0x00000000c001ccb6                Semaphore::release()
 .text          0x00000000c001cda2      0xc74 vm86/vm8086.32
                0x00000000c001cda2                Vm::inbv(unsigned short)
                0x00000000c001cdc0                Vm::outbv(unsigned short, unsigned char)
                0x00000000c001cdea                Vm::realToLinear(unsigned short, unsigned short)
                0x00000000c001cdfa                Vm::getSegment(unsigned int)
                0x00000000c001ce02                Vm::getOffset(unsigned int)
                0x00000000c001ce07                Vm::mainloop2()
                0x00000000c001ce76                Vm::mainVm8086Loop(void*)
                0x00000000c001ce90                Vm::mainloop3(unsigned long)
                0x00000000c001cec9                Vm::initialise8086()
                0x00000000c001cf21                Vm::finish8086()
                0x00000000c001cf8a                Vm::start8086(char const*, unsigned short, unsigned short, unsigned short, unsigned short)
                0x00000000c001d0f6                Vm::doISR(regs*, int, unsigned char*, unsigned short, unsigned short)
                0x00000000c001d180                Vm::readByteFromReal(unsigned short, unsigned short)
                0x00000000c001d191                Vm::readWordFromReal(unsigned short, unsigned short)
                0x00000000c001d1a3                Vm::readDwordFromReal(unsigned short, unsigned short)
                0x00000000c001d1b4                Vm::writeByteFromReal(unsigned short, unsigned short, unsigned char)
                0x00000000c001d1c9                Vm::writeWordFromReal(unsigned short, unsigned short, unsigned short)
                0x00000000c001d1df                Vm::writeDwordFromReal(unsigned short, unsigned short, unsigned int)
                0x00000000c001d1f4                Vm::faultHandler(regs*)
 .text          0x00000000c001da16      0xefd vm86/x87em.32
                0x00000000c001da16                Vm::fpuInternalTo32(unsigned long long)
                0x00000000c001da71                Vm::fpuInternalTo64(unsigned long long)
                0x00000000c001da7a                Vm::fpu32ToInternal(unsigned int)
                0x00000000c001dabf                Vm::fpu64ToInternal(unsigned long long)
                0x00000000c001dac8                Vm::fpuFloatToLong(unsigned long long)
                0x00000000c001db23                Vm::fpuULongToFloat(unsigned long long)
                0x00000000c001db59                Vm::fpuLongToFloat(long long)
                0x00000000c001dbaf                Vm::fpuGet0()
                0x00000000c001dbb4                Vm::fpuGet1()
                0x00000000c001dbbc                Vm::fpuGetPi()
                0x00000000c001dbc4                Vm::fpuGetLog2E()
                0x00000000c001dbdc                Vm::fpuGetLogE2()
                0x00000000c001dbf4                Vm::fpuGetLog210()
                0x00000000c001dc0c                Vm::fpuGetLog102()
                0x00000000c001dc24                Vm::fpuIsSecondLarger(unsigned long long, unsigned long long)
                0x00000000c001dc38                Vm::fpuAreEqual(unsigned long long, unsigned long long)
                0x00000000c001dc4e                Vm::fpuUnorderedCompare(unsigned long long, unsigned long long)
                0x00000000c001dca1                Vm::fpuAdd(unsigned long long, unsigned long long)
                0x00000000c001dcb2                Vm::fpuAbs(unsigned long long)
                0x00000000c001dcbb                Vm::fpuChs(unsigned long long)
                0x00000000c001dccb                Vm::fpuSub(unsigned long long, unsigned long long)
                0x00000000c001dcda                Vm::fpuMultiply(unsigned long long, unsigned long long)
                0x00000000c001dcf9                Vm::fpuDivide(unsigned long long, unsigned long long)
                0x00000000c001dd15                Vm::fpuSquare(unsigned long long)
                0x00000000c001dd2b                Vm::fpuGetReg(int)
                0x00000000c001dd6e                Vm::fpuSetReg(int, unsigned long long)
                0x00000000c001ddb9                Vm::fpuPush(unsigned long long)
                0x00000000c001de16                Vm::fpuPop()
                0x00000000c001de68                Vm::x87Handler(regs*)
 *fill*         0x00000000c001e913        0x1 
 .text          0x00000000c001e914     0x10ed fs/fat/vfslink.32
                0x00000000c001e914                FAT::getName()
                0x00000000c001e91a                FAT::tell(void*, unsigned long long*)
                0x00000000c001e94e                FAT::stat(void*, unsigned long long*)
                0x00000000c001e982                FAT::~FAT()
                0x00000000c001e982                FAT::~FAT()
                0x00000000c001e9a6                FAT::~FAT()
                0x00000000c001e9ce                FAT::getlabel(LogicalDisk*, int, char*, unsigned int*)
                0x00000000c001ea6c                FAT::setlabel(LogicalDisk*, int, char*)
                0x00000000c001eb26                FAT::format(LogicalDisk*, int, char const*, int)
                0x00000000c001ed0a                FAT::tryMount(LogicalDisk*, int)
                0x00000000c001ef10                FAT::readDir(void*, unsigned long, void*, int*)
                0x00000000c001f016                FAT::read(void*, unsigned long, void*, int*)
                0x00000000c001f070                FAT::write(void*, unsigned long, void*, int*)
                0x00000000c001f0ca                FAT::close(void*)
                0x00000000c001f116                FAT::closeDir(void*)
                0x00000000c001f162                FAT::seek(void*, unsigned long long)
                0x00000000c001f1b6                fatWrapperReadDisk
                0x00000000c001f1fd                fatWrapperWriteDisk
                0x00000000c001f244                fatWrapperIoctl
                0x00000000c001f348                FAT::FAT()
                0x00000000c001f348                FAT::FAT()
                0x00000000c001f39a                FAT::fixFilepath(char*)
                0x00000000c001f3d2                FAT::open(char const*, void**, FileOpenMode)
                0x00000000c001f4fa                FAT::openDir(char const*, void**)
                0x00000000c001f5a0                FAT::stat(char const*, unsigned long long*, bool*)
                0x00000000c001f68a                FAT::unlink(char const*)
                0x00000000c001f704                FAT::chfatattr(char const*, unsigned char, unsigned char)
                0x00000000c001f858                FAT::rename(char const*, char const*)
                0x00000000c001f91c                FAT::mkdir(char const*)
                0x00000000c001f996                FAT::exists(char const*)
 *fill*         0x00000000c001fa01        0x1 
 .text          0x00000000c001fa02      0xbdf fs/iso9660/vfslink.32
                0x00000000c001fa02                ISO9660::format(LogicalDisk*, int, char const*, int)
                0x00000000c001fa08                ISO9660::seek(void*, unsigned long long)
                0x00000000c001fa38                ISO9660::tell(void*, unsigned long long*)
                0x00000000c001fa5c                ISO9660::getName()
                0x00000000c001fa62                ISO9660::stat(void*, unsigned long long*)
                0x00000000c001fa86                ISO9660::chfatattr(char const*, unsigned char, unsigned char)
                0x00000000c001fa8c                ISO9660::unlink(char const*)
                0x00000000c001fa92                ISO9660::write(void*, unsigned long, void*, int*)
                0x00000000c001fa98                ISO9660::rename(char const*, char const*)
                0x00000000c001fa9e                ISO9660::mkdir(char const*)
                0x00000000c001faa4                ISO9660::close(void*)
                0x00000000c001fac6                ISO9660::closeDir(void*)
                0x00000000c001fae8                ISO9660::~ISO9660()
                0x00000000c001fae8                ISO9660::~ISO9660()
                0x00000000c001fb0c                ISO9660::~ISO9660()
                0x00000000c001fb33                __memmem(unsigned char*, int, unsigned char*, int)
                0x00000000c001fb75                readSectorFromCDROM(unsigned int, unsigned char*, char)
                0x00000000c001fbdc                ISO9660::tryMount(LogicalDisk*, int)
                0x00000000c001fc2c                ISO9660::read(void*, unsigned long, void*, int*)
                0x00000000c001fe70                ISO9660::readDir(void*, unsigned long, void*, int*)
                0x00000000c00200fd                readRoot(unsigned int*, unsigned int*, char)
                0x00000000c0020152                readRecursively(char*, unsigned int, unsigned int, unsigned int*, unsigned int*, char, int*)
                0x00000000c0020325                getFileData(char*, unsigned int*, unsigned int*, char, int*)
                0x00000000c00203b4                ISO9660::open(char const*, void**, FileOpenMode)
                0x00000000c002044e                ISO9660::exists(char const*)
                0x00000000c0020472                ISO9660::stat(char const*, unsigned long long*, bool*)
                0x00000000c0020506                ISO9660::openDir(char const*, void**)
                0x00000000c00205be                ISO9660::ISO9660()
                0x00000000c00205be                ISO9660::ISO9660()
 *fill*         0x00000000c00205e1        0x1 
 .text          0x00000000c00205e2      0x326 hal/sound/sndchannel.32
                0x00000000c00205e2                SoundChannel::~SoundChannel()
                0x00000000c00205e2                SoundChannel::~SoundChannel()
                0x00000000c00205fe                SoundChannel::setSpeed(float)
                0x00000000c002060a                SoundChannel::getSpeed()
                0x00000000c0020612                SoundChannel::setVolume(int)
                0x00000000c002062e                SoundChannel::getVolume()
                0x00000000c0020636                SoundChannel::pause()
                0x00000000c0020640                SoundChannel::SoundChannel(int, int, int, int)
                0x00000000c0020640                SoundChannel::SoundChannel(int, int, int, int)
                0x00000000c0020796                SoundChannel::play()
                0x00000000c00207a0                SoundChannel::paused()
                0x00000000c00207a8                SoundChannel::getSampleRate()
                0x00000000c00207b0                SoundChannel::getBits()
                0x00000000c00207b8                SoundChannel::getBufferUsed()
                0x00000000c00207c0                SoundChannel::getBufferSize()
                0x00000000c00207c8                SoundChannel::unbuffer(float*, int, int)
                0x00000000c0020868                SoundChannel::buffer8(unsigned char*, int)
 .text          0x00000000c0020908      0x3d5 hal/sound/sndhw.32
                0x00000000c0020908                SoundDevice::SoundDevice(char const*)
                0x00000000c0020908                SoundDevice::SoundDevice(char const*)
                0x00000000c0020974                SoundDevice::~SoundDevice()
                0x00000000c0020974                SoundDevice::~SoundDevice()
                0x00000000c00209ee                SoundDevice::~SoundDevice()
                0x00000000c0020a18                SoundDevice::getFreeChannelNum()
                0x00000000c0020a32                SoundDevice::addChannel(SoundChannel*)
                0x00000000c0020aa2                SoundDevice::removeChannel(int)
                0x00000000c0020ad4                SoundDevice::floatTo8(float*, unsigned char*, int)
                0x00000000c0020bbc                SoundDevice::getAudio(int, float*, float*)
 .text          0x00000000c0020cdd        0x0 hw/bus/isa.32
 *fill*         0x00000000c0020cdd        0x1 
 .text          0x00000000c0020cde      0x6c3 hw/bus/pci.32
                0x00000000c0020cde                PCI::open(int, int, void*)
                0x00000000c0020cf2                PCI::close(int, int, void*)
                0x00000000c0020cf6                PCI::PCI()
                0x00000000c0020cf6                PCI::PCI()
                0x00000000c0020d76                PCI::pciReadWord(unsigned char, unsigned char, unsigned char, unsigned char)
                0x00000000c0020dbe                PCI::getVendorID(unsigned char, unsigned char, unsigned char)
                0x00000000c0020de0                PCI::getHeaderType(unsigned char, unsigned char, unsigned char)
                0x00000000c0020e04                PCI::getClassCode(unsigned char, unsigned char, unsigned char)
                0x00000000c0020e48                PCI::getProgIF(unsigned char, unsigned char, unsigned char)
                0x00000000c0020e6c                PCI::getRevisionID(unsigned char, unsigned char, unsigned char)
                0x00000000c0020e8e                PCI::getInterruptNumber(unsigned char, unsigned char, unsigned char)
                0x00000000c0020eb0                PCI::getSecondaryBus(unsigned char, unsigned char, unsigned char)
                0x00000000c0020ed4                PCI::getBARAddress(unsigned char, unsigned char, unsigned char, unsigned char)
                0x00000000c0020f34                PCI::pciWriteWord(unsigned char, unsigned char, unsigned char, unsigned char, unsigned short)
                0x00000000c0020fa0                PCI::checkBus(unsigned char)
                0x00000000c0020fc4                PCI::foundDevice(PCIDeviceInfo)
                0x00000000c0021136                PCI::getDeviceData(unsigned char, unsigned char, unsigned char)
                0x00000000c00212e2                PCI::checkDevice(unsigned char, unsigned char)
                0x00000000c002134e                PCI::detect()
 *fill*         0x00000000c00213a1        0x1 
 .text          0x00000000c00213a2      0xc70 hw/diskctrl/ide.32
                0x00000000c00213a2                IDE::close(int, int, void*)
                0x00000000c00213a6                IDE::IDE()
                0x00000000c00213a6                IDE::IDE()
                0x00000000c00213da                IDE::prepareInterrupt(unsigned char)
                0x00000000c00213ec                selectDrive(unsigned char, unsigned char)
                0x00000000c00213ee                IDE::getBase(unsigned char)
                0x00000000c0021400                IDE::write(unsigned char, unsigned char, unsigned char)
                0x00000000c00214c0                IDE::read(unsigned char, unsigned char)
                0x00000000c002156e                IDE::waitInterrupt(unsigned char)
                0x00000000c00215d4                ideChannel0IRQHandler(regs*, void*)
                0x00000000c00215f0                ideChannel1IRQHandler(regs*, void*)
                0x00000000c002160c                IDE::enableIRQs(unsigned char, bool)
                0x00000000c0021652                IDE::open(int, int, void*)
                0x00000000c0021a62                IDE::readBuffer(unsigned char, unsigned char, unsigned int, unsigned int)
                0x00000000c0021b2e                IDE::detect()
                0x00000000c0021e16                IDE::printError(unsigned char, unsigned char, unsigned char)
                0x00000000c0021fac                IDE::polling(unsigned char, unsigned int)
 .text          0x00000000c0022012      0x37a hw/diskctrl/satabus.32
                0x00000000c0022012                SATABus::close(int, int, void*)
                0x00000000c0022016                SATABus::detect()
                0x00000000c0022018                SATABus::SATABus()
                0x00000000c0022018                SATABus::SATABus()
                0x00000000c00220c4                SATABus::findCmdslot(SATABus::tagHBA_PORT volatile*)
                0x00000000c002210c                SATABus::checkType(SATABus::tagHBA_PORT volatile*)
                0x00000000c0022154                SATABus::startCmd(SATABus::tagHBA_PORT volatile*)
                0x00000000c0022174                SATABus::stopCmd(SATABus::tagHBA_PORT volatile*)
                0x00000000c002219e                SATABus::portRebase(SATABus::tagHBA_PORT volatile*, int)
                0x00000000c00222a4                SATABus::probePort(SATABus::tagHBA_MEM volatile*)
                0x00000000c002236c                SATABus::open(int, int, void*)
 .text          0x00000000c002238c      0x62b hw/diskphys/ata.32
                0x00000000c002238c                ATA::close(int, int, void*)
                0x00000000c00223b0                ATA::powerSaving(PowerSavingLevel)
                0x00000000c00223b2                ATA::ATA()
                0x00000000c00223b2                ATA::ATA()
                0x00000000c00223e0                ATA::flush(bool)
                0x00000000c002242a                ATA::readyForCommand()
                0x00000000c002247a                ATA::access(unsigned long long, int, void*, bool)
                0x00000000c00227f8                ATA::read(unsigned long long, int, void*)
                0x00000000c0022860                ATA::write(unsigned long long, int, void*)
                0x00000000c00228c8                ATA::detectCHS()
                0x00000000c00228f2                ATA::open(int, int, void*)
 *fill*         0x00000000c00229b7        0x1 
 .text          0x00000000c00229b8      0x5b3 hw/diskphys/atapi.32
                0x00000000c00229b8                ATAPI::write(unsigned long long, int, void*)
                0x00000000c00229be                ATAPI::close(int, int, void*)
                0x00000000c00229e2                ATAPI::ATAPI()
                0x00000000c00229e2                ATAPI::ATAPI()
                0x00000000c0022a10                ATAPI::readyForCommand()
                0x00000000c0022a60                ATAPI::sendPacket(unsigned char*, int, bool, unsigned short*, int)
                0x00000000c0022d20                ATAPI::diskRemoved()
                0x00000000c0022d3c                ATAPI::eject()
                0x00000000c0022d82                ATAPI::diskInserted()
                0x00000000c0022db0                ATAPI::detectMedia()
                0x00000000c0022e6c                ATAPI::open(int, int, void*)
                0x00000000c0022eec                ATAPI::read(unsigned long long, int, void*)
 *fill*         0x00000000c0022f6b        0x1 
 .text          0x00000000c0022f6c      0x414 hw/diskphys/sata.32
                0x00000000c0022f6c                SATA::close(int, int, void*)
                0x00000000c0022f90                SATA::powerSaving(PowerSavingLevel)
                0x00000000c0022f92                SATA::open(int, int, void*)
                0x00000000c0022fee                SATA::SATA()
                0x00000000c0022fee                SATA::SATA()
                0x00000000c002301c                SATA::access(unsigned long long, int, void*, bool)
                0x00000000c00232b0                SATA::read(unsigned long long, int, void*)
                0x00000000c0023318                SATA::write(unsigned long long, int, void*)
 .text          0x00000000c0023380       0x8e hw/fpu/avx.32
                0x00000000c0023380                AVX::open(int, int, void*)
                0x00000000c0023392                AVX::close(int, int, void*)
                0x00000000c00233a4                AVX::available()
                0x00000000c00233b6                AVX::save(void*)
                0x00000000c00233ce                AVX::load(void*)
                0x00000000c00233e6                AVX::AVX()
                0x00000000c00233e6                AVX::AVX()
 .text          0x00000000c002340e       0x90 hw/fpu/mmx.32
                0x00000000c002340e                MMX::available()
                0x00000000c0023422                MMX::open(int, int, void*)
                0x00000000c0023434                MMX::close(int, int, void*)
                0x00000000c0023446                MMX::save(void*)
                0x00000000c002345e                MMX::load(void*)
                0x00000000c0023476                MMX::MMX()
                0x00000000c0023476                MMX::MMX()
 .text          0x00000000c002349e       0x96 hw/fpu/sse.32
                0x00000000c002349e                SSE::open(int, int, void*)
                0x00000000c00234b0                SSE::close(int, int, void*)
                0x00000000c00234c2                SSE::available()
                0x00000000c00234dc                SSE::save(void*)
                0x00000000c00234f4                SSE::load(void*)
                0x00000000c002350c                SSE::SSE()
                0x00000000c002350c                SSE::SSE()
 .text          0x00000000c0023534       0x8e hw/fpu/x87.32
                0x00000000c0023534                x87::open(int, int, void*)
                0x00000000c0023546                x87::close(int, int, void*)
                0x00000000c0023558                x87::available()
                0x00000000c002356a                x87::save(void*)
                0x00000000c0023582                x87::load(void*)
                0x00000000c002359a                x87::x87()
                0x00000000c002359a                x87::x87()
 .text          0x00000000c00235c2      0x71e hw/intctrl/apic.32
                0x00000000c00235c2                APIC::disable()
                0x00000000c00235c4                APIC::close(int, int, void*)
                0x00000000c00235e6                IOAPIC::close(int, int, void*)
                0x00000000c00235ec                APIC::io_wait()
                0x00000000c00235f2                APIC::getBase()
                0x00000000c0023634                APIC::eoi(unsigned char)
                0x00000000c0023662                APIC::open(int, int, void*)
                0x00000000c00237b0                IOAPIC::IOAPIC()
                0x00000000c00237b0                IOAPIC::IOAPIC()
                0x00000000c00237d8                APIC::APIC()
                0x00000000c00237d8                APIC::APIC()
                0x00000000c00238b4                IOAPIC::handlesGSIWithNumber(unsigned int)
                0x00000000c00238e6                IOAPIC::read(int)
                0x00000000c002390e                IOAPIC::open(int, int, void*)
                0x00000000c0023a04                IOAPIC::write(int, int)
                0x00000000c0023a30                IOAPIC::redirect(unsigned char, unsigned long long, unsigned char, bool, bool)
                0x00000000c0023b2a                APIC::installIRQHandler(int, void (*)(regs*, void*), bool, void*)
 .text          0x00000000c0023ce0      0x3d3 hw/intctrl/pic.32
                0x00000000c0023ce0                PIC::disable()
                0x00000000c0023d0e                PIC::close(int, int, void*)
                0x00000000c0023d30                PIC::PIC()
                0x00000000c0023d30                PIC::PIC()
                0x00000000c0023e06                PIC::ioWait()
                0x00000000c0023e0c                PIC::getIRQReg(int)
                0x00000000c0023e76                PIC::eoi(unsigned char)
                0x00000000c0023f08                PIC::remap()
                0x00000000c0024074                PIC::open(int, int, void*)
 *fill*         0x00000000c00240b3        0x1 
 .text          0x00000000c00240b4      0x25e hw/timer/apictimer.32
                0x00000000c00240b4                APICTimer::close(int, int, void*)
                0x00000000c00240ba                apicTimerHandler(regs*, void*)
                0x00000000c00240e8                APICTimer::write(int)
                0x00000000c00241ec                APICTimer::open(int, int, void*)
                0x00000000c00242ea                APICTimer::APICTimer()
                0x00000000c00242ea                APICTimer::APICTimer()
 .text          0x00000000c0024312      0x1a7 hw/timer/pit.32
                0x00000000c0024312                PIT::write(int)
                0x00000000c0024390                pitHandler(regs*, void*)
                0x00000000c00243bc                PIT::open(int, int, void*)
                0x00000000c002440a                PIT::close(int, int, void*)
                0x00000000c002443a                PIT::PIT()
                0x00000000c002443a                PIT::PIT()
 *fill*         0x00000000c00244b9        0x7 
 .text          0x00000000c00244c0       0x1e hw/fpu/x86/avx.32
                0x00000000c00244c0                avxDetect
                0x00000000c00244c6                avxSave
                0x00000000c00244c7                avxLoad
                0x00000000c00244c8                avxInit
                0x00000000c00244c9                avxClose
                0x00000000c00244ca                wouldSheSayYes
 *fill*         0x00000000c00244de        0x2 
 .text          0x00000000c00244e0       0x35 hw/fpu/x86/sse.32
                0x00000000c00244e0                absolutelyNoChanceInHell
                0x00000000c00244e0                sseDetect
                0x00000000c00244f8                sseSave
                0x00000000c00244fe                sseLoad
                0x00000000c0024504                sseInit
                0x00000000c0024514                sseClose
 *fill*         0x00000000c0024515        0xb 
 .text          0x00000000c0024520       0x47 hw/fpu/x86/x87.32
                0x00000000c0024526                x87Detect
                0x00000000c0024541                x87Save
                0x00000000c0024547                x87Load
                0x00000000c002454c                x87Init
                0x00000000c0024566                x87Close
 *fill*         0x00000000c0024567        0x1 
 .text          0x00000000c0024568       0x25 /cygdrive/d/Users/Alex/Desktop/Toolchain/Output/bin/../lib/gcc/i386-banana/8.1.0/crtend.o
 .text          0x00000000c002458d        0x0 crtn.32
 *fill*         0x00000000c002458d        0x3 
 .text          0x00000000c0024590      0x14b /cygdrive/d/Users/Alex/Desktop/Toolchain/Output/bin/../lib/gcc/i386-banana/8.1.0/libkgcc.a(_divdi3.o)
                0x00000000c0024590                __divdi3
 *fill*         0x00000000c00246db        0x1 
 .text          0x00000000c00246dc      0x17e /cygdrive/d/Users/Alex/Desktop/Toolchain/Output/bin/../lib/gcc/i386-banana/8.1.0/libkgcc.a(_moddi3.o)
                0x00000000c00246dc                __moddi3
 *fill*         0x00000000c002485a        0x2 
 .text          0x00000000c002485c       0xff /cygdrive/d/Users/Alex/Desktop/Toolchain/Output/bin/../lib/gcc/i386-banana/8.1.0/libkgcc.a(_udivdi3.o)
                0x00000000c002485c                __udivdi3
 *fill*         0x00000000c002495b        0x1 
 .text          0x00000000c002495c      0x11a /cygdrive/d/Users/Alex/Desktop/Toolchain/Output/bin/../lib/gcc/i386-banana/8.1.0/libkgcc.a(_umoddi3.o)
                0x00000000c002495c                __umoddi3
 .text          0x00000000c0024a76      0x96d D:/Users/Alex/Desktop/Banana/kernel/libsoftfp.a(sfieeelib.o)
                0x00000000c0024a76                __addsf3
                0x00000000c0024d78                __subsf3
                0x00000000c0024d8c                __negsf2
                0x00000000c0024d99                __mulsf3
                0x00000000c0024f5c                __divsf3
                0x00000000c0025187                __floatsisf
                0x00000000c00251fb                __floatunsisf
                0x00000000c002523d                __fixsfsi
                0x00000000c002529f                __fixunssfsi
                0x00000000c00252d0                __cmpsf2
                0x00000000c0025365                __eqsf2
                0x00000000c00253a0                __nesf2
                0x00000000c00253a2                __gtsf2
                0x00000000c00253dd                __gesf2
                0x00000000c00253df                __ltsf2
                0x00000000c00253e1                __lesf2
 .text          0x00000000c00253e3      0xf50 D:/Users/Alex/Desktop/Banana/kernel/libsoftfp.a(dfieeelib.o)
                0x00000000c00253e3                __adddf3
                0x00000000c0025a34                __subdf3
                0x00000000c0025a4f                __negdf2
                0x00000000c0025a60                __muldf3
                0x00000000c0025d44                __divdf3
                0x00000000c00260c3                __floatsidf
                0x00000000c002611e                __floatunsidf
                0x00000000c002615c                __fixdfsi
                0x00000000c00261c9                __fixunsdfsi
                0x00000000c0026205                __cmpdf2
                0x00000000c00262f3                __eqdf2
                0x00000000c002630f                __nedf2
                0x00000000c0026311                __gtdf2
                0x00000000c002632d                __gedf2
                0x00000000c002632f                __ltdf2
                0x00000000c0026331                __ledf2
 .text          0x00000000c0026333      0x18d D:/Users/Alex/Desktop/Banana/kernel/libsoftfp.a(sfdfcvt.o)
                0x00000000c0026333                __truncdfsf2
                0x00000000c0026457                __extendsfdf2
 .text          0x00000000c00264c0       0x1e D:/Users/Alex/Desktop/Banana/kernel/libk/libm32.a(s_fabs.c.o)
                0x00000000c00264c0                fabs
 *fill*         0x00000000c00264de        0x2 
 .text          0x00000000c00264e0        0xc D:/Users/Alex/Desktop/Banana/kernel/libk/libm32.a(s_lrint.S.o)
                0x00000000c00264e0                lrint
 .text          0x00000000c00264ec        0xc D:/Users/Alex/Desktop/Banana/kernel/libk/libm32.a(s_lrintf.S.o)
                0x00000000c00264ec                lrintf
 *(.gnu.linkonce.t*)

.iplt           0x00000000c00264f8        0x0
 .iplt          0x00000000c00264f8        0x0 D:/Users/Alex/Desktop/Banana/kernel/boot.32

.init           0x00000000c00264f8        0xf
 .init          0x00000000c00264f8        0x3 crti.32
                0x00000000c00264f8                _init
 .init          0x00000000c00264fb        0x5 /cygdrive/d/Users/Alex/Desktop/Toolchain/Output/bin/../lib/gcc/i386-banana/8.1.0/crtbegin.o
 .init          0x00000000c0026500        0x5 /cygdrive/d/Users/Alex/Desktop/Toolchain/Output/bin/../lib/gcc/i386-banana/8.1.0/crtend.o
 .init          0x00000000c0026505        0x2 crtn.32

.fini           0x00000000c0026507        0xa
 .fini          0x00000000c0026507        0x3 crti.32
                0x00000000c0026507                _fini
 .fini          0x00000000c002650a        0x5 /cygdrive/d/Users/Alex/Desktop/Toolchain/Output/bin/../lib/gcc/i386-banana/8.1.0/crtbegin.o
 .fini          0x00000000c002650f        0x2 crtn.32

.text._ZN8ComputerD2Ev
                0x00000000c0026512       0x23
 .text._ZN8ComputerD2Ev
                0x00000000c0026512       0x23 core/computer.32
                0x00000000c0026512                Computer::~Computer()
                0x00000000c0026512                Computer::~Computer()

.text._ZN8ComputerD0Ev
                0x00000000c0026536       0x2a
 .text._ZN8ComputerD0Ev
                0x00000000c0026536       0x2a core/computer.32
                0x00000000c0026536                Computer::~Computer()

.text._Z10idleCommonv
                0x00000000c0026560       0x15
 .text._Z10idleCommonv
                0x00000000c0026560       0x15 core/idle.32
                0x00000000c0026560                idleCommon()

.text._ZN10LinkedListI8UnixFileED2Ev
                0x00000000c0026576        0x2
 .text._ZN10LinkedListI8UnixFileED2Ev
                0x00000000c0026576        0x2 core/unixfile.32
                0x00000000c0026576                LinkedList<UnixFile>::~LinkedList()
                0x00000000c0026576                LinkedList<UnixFile>::~LinkedList()

.text._ZN10LinkedListI8UnixFileEC2Ev
                0x00000000c0026578       0x58
 .text._ZN10LinkedListI8UnixFileEC2Ev
                0x00000000c0026578       0x58 core/unixfile.32
                0x00000000c0026578                LinkedList<UnixFile>::LinkedList()
                0x00000000c0026578                LinkedList<UnixFile>::LinkedList()

.text._ZN10LinkedListI8UnixFileE10addElementEPS0_
                0x00000000c00265d0       0xd3
 .text._ZN10LinkedListI8UnixFileE10addElementEPS0_
                0x00000000c00265d0       0xd3 core/unixfile.32
                0x00000000c00265d0                LinkedList<UnixFile>::addElement(UnixFile*)

.text._ZN10LinkedListI8UnixFileE15getFirstElementEv
                0x00000000c00266a4        0x7
 .text._ZN10LinkedListI8UnixFileE15getFirstElementEv
                0x00000000c00266a4        0x7 core/unixfile.32
                0x00000000c00266a4                LinkedList<UnixFile>::getFirstElement()

.text._ZN10LinkedListI8UnixFileE11removeFirstEv
                0x00000000c00266ac       0xa1
 .text._ZN10LinkedListI8UnixFileE11removeFirstEv
                0x00000000c00266ac       0xa1 core/unixfile.32
                0x00000000c00266ac                LinkedList<UnixFile>::removeFirst()

.text._ZN10LinkedListI8UnixFileE7getNextEPS0_
                0x00000000c002674e        0x8
 .text._ZN10LinkedListI8UnixFileE7getNextEPS0_
                0x00000000c002674e        0x8 core/unixfile.32
                0x00000000c002674e                LinkedList<UnixFile>::getNext(UnixFile*)

.text._ZN16DriverlessDeviceD2Ev
                0x00000000c0026756       0x1a
 .text._ZN16DriverlessDeviceD2Ev
                0x00000000c0026756       0x1a hal/device.32
                0x00000000c0026756                DriverlessDevice::~DriverlessDevice()