Archive member included to satisfy reference by file (symbol)

/cygdrive/d/Users/Alex/Desktop/Toolchain/Output/bin/../lib/gcc/i386-banana/8.1.0/libkgcc.a(_divdi3.o)
                              fs/fat/ff.32 (__divdi3)
/cygdrive/d/Users/Alex/Desktop/Toolchain/Output/bin/../lib/gcc/i386-banana/8.1.0/libkgcc.a(_moddi3.o)
                              compat/resolve.32 (__moddi3)
/cygdrive/d/Users/Alex/Desktop/Toolchain/Output/bin/../lib/gcc/i386-banana/8.1.0/libkgcc.a(_udivdi3.o)
                              fs/fat/ff.32 (__udivdi3)
/cygdrive/d/Users/Alex/Desktop/Toolchain/Output/bin/../lib/gcc/i386-banana/8.1.0/libkgcc.a(_umoddi3.o)
                              compat/resolve.32 (__umoddi3)
D:/Users/Alex/Desktop/Banana/kernel/libsoftfp.a(sfieeelib.o)
                              hal/sound/sndhw.32 (__addsf3)
D:/Users/Alex/Desktop/Banana/kernel/libsoftfp.a(dfieeelib.o)
                              hal/libresample/src_linear.32 (__adddf3)
D:/Users/Alex/Desktop/Banana/kernel/libsoftfp.a(sfdfcvt.o)
                              hal/libresample/samplerate.32 (__truncdfsf2)
D:/Users/Alex/Desktop/Banana/kernel/libk/libm32.a(s_fabs.c.o)
                              hal/libresample/samplerate.32 (fabs)
D:/Users/Alex/Desktop/Banana/kernel/libk/libm32.a(s_lrint.S.o)
                              hal/libresample/samplerate.32 (lrint)
D:/Users/Alex/Desktop/Banana/kernel/libk/libm32.a(s_lrintf.S.o)
                              hal/sound/sndhw.32 (lrintf)

Discarded input sections

 .comment       0x0000000000000000       0x12 /cygdrive/d/Users/Alex/Desktop/Toolchain/Output/bin/../lib/gcc/i386-banana/8.1.0/crtbegin.o
 .comment       0x0000000000000000       0x12 acpica/utclib.32
 .comment       0x0000000000000000       0x12 core/malloc.32
 .comment       0x0000000000000000       0x12 libk/string.32
 .comment       0x0000000000000000       0x12 fs/fat/diskio.32
 .comment       0x0000000000000000       0x12 fs/fat/ff.32
 .comment       0x0000000000000000       0x12 fs/fat/ffsystem.32
 .comment       0x0000000000000000       0x12 fs/fat/ffunicode.32
 .comment       0x0000000000000000       0x12 hal/libresample/samplerate.32
 .comment       0x0000000000000000       0x12 hal/libresample/src_linear.32
 .comment       0x0000000000000000       0x12 hal/libresample/src_sinc.32
 .comment       0x0000000000000000       0x12 hal/libresample/src_zoh.32
 .comment       0x0000000000000000       0x12 compat/inlines.32
 .comment       0x0000000000000000       0x12 compat/resolve.32
 .group         0x0000000000000000       0x14 core/computer.32
 .group         0x0000000000000000        0xc core/computer.32
 .comment       0x0000000000000000       0x12 core/computer.32
 .comment       0x0000000000000000       0x12 core/gdt.32
 .group         0x0000000000000000        0xc core/idle.32
 .comment       0x0000000000000000       0x12 core/idle.32
 .comment       0x0000000000000000       0x12 core/idt.32
 .comment       0x0000000000000000       0x12 core/kheap.32
 .comment       0x0000000000000000       0x12 core/main.32
 .comment       0x0000000000000000       0x12 core/physmgr.32
 .group         0x0000000000000000        0xc core/pipe.32
 .comment       0x0000000000000000       0x12 core/pipe.32
 .group         0x0000000000000000        0xc core/terminal.32
 .comment       0x0000000000000000       0x12 core/terminal.32
 .comment       0x0000000000000000       0x12 core/tss.32
 .group         0x0000000000000000        0x8 core/unixfile.32
 .group         0x0000000000000000        0xc core/unixfile.32
 .group         0x0000000000000000        0xc core/unixfile.32
 .group         0x0000000000000000        0x8 core/unixfile.32
 .group         0x0000000000000000        0xc core/unixfile.32
 .group         0x0000000000000000        0x8 core/unixfile.32
 .group         0x0000000000000000        0xc core/unixfile.32
 .group         0x0000000000000000        0xc core/unixfile.32
 .comment       0x0000000000000000       0x12 core/unixfile.32
 .comment       0x0000000000000000       0x12 core/virtmgr.32
 .comment       0x0000000000000000       0x12 coreobjs/c++.32
 .comment       0x0000000000000000       0x12 dbg/kconsole.32
 .group         0x0000000000000000        0xc fs/vfs.32
 .group         0x0000000000000000        0xc fs/vfs.32
 .group         0x0000000000000000        0xc fs/vfs.32
 .comment       0x0000000000000000       0x12 fs/vfs.32
 .group         0x0000000000000000        0xc hal/bus.32
 .comment       0x0000000000000000       0x12 hal/bus.32
 .group         0x0000000000000000        0xc hal/buzzer.32
 .comment       0x0000000000000000       0x12 hal/buzzer.32
 .group         0x0000000000000000        0xc hal/clock.32
 .comment       0x0000000000000000       0x12 hal/clock.32
 .group         0x0000000000000000       0x14 hal/device.32
 .group         0x0000000000000000        0xc hal/device.32
 .group         0x0000000000000000        0xc hal/device.32
 .group         0x0000000000000000        0xc hal/device.32
[...]
Memory Configuration

Name             Origin             Length             Attributes
*default*        0x0000000000000000 0xffffffffffffffff

Linker script and memory map

LOAD D:/Users/Alex/Desktop/Banana/kernel/boot.32
LOAD crti.32
LOAD /cygdrive/d/Users/Alex/Desktop/Toolchain/Output/bin/../lib/gcc/i386-banana/8.1.0/crtbegin.o
LOAD D:/Users/Alex/Desktop/Banana/kernel/morenasm.32
LOAD acpica/utclib.32
LOAD core/malloc.32
LOAD libk/string.32
LOAD fs/fat/diskio.32
LOAD fs/fat/ff.32
LOAD fs/fat/ffsystem.32
LOAD fs/fat/ffunicode.32
LOAD hal/libresample/samplerate.32
LOAD hal/libresample/src_linear.32
LOAD hal/libresample/src_sinc.32
LOAD hal/libresample/src_zoh.32
LOAD compat/inlines.32
LOAD compat/resolve.32
LOAD core/computer.32
LOAD core/gdt.32
LOAD core/idle.32
LOAD core/idt.32
LOAD core/kheap.32
LOAD core/main.32
LOAD core/physmgr.32
LOAD core/pipe.32
LOAD core/terminal.32
LOAD core/tss.32
LOAD core/unixfile.32
LOAD core/virtmgr.32
LOAD coreobjs/c++.32
LOAD dbg/kconsole.32
LOAD fs/vfs.32
LOAD hal/bus.32
LOAD hal/buzzer.32
LOAD hal/clock.32
LOAD hal/device.32
LOAD hal/diskctrl.32
LOAD hal/diskphys.32
LOAD hal/fpu.32
LOAD hal/intctrl.32
LOAD hal/keybrd.32
LOAD hal/logidisk.32
LOAD hal/mouse.32
LOAD hal/partition.32
LOAD hal/serial.32
LOAD hal/timer.32
LOAD hal/vcache.32
LOAD hal/video.32
LOAD hw/acpi.32
LOAD hw/cpu.32
LOAD hw/ports.32
LOAD hw/smp.32
LOAD krnl/env.32
LOAD krnl/panic.32
LOAD net/ethernet.32
LOAD reg/registry.32
LOAD sys/sc_eject.32
LOAD sys/sc_exit.32
LOAD sys/sc_getcwd.32
LOAD sys/sc_getpid.32
LOAD sys/sc_getramdata.32
LOAD sys/sc_loaddll.32
LOAD sys/sc_read.32
LOAD sys/sc_sbrk.32
LOAD sys/sc_setcwd.32
LOAD sys/sc_settime.32
LOAD sys/sc_timezone.32
LOAD sys/sc_write.32
LOAD sys/sc_wsbe.32
LOAD sys/sc_yield.32
LOAD sys/syscalls.32
LOAD thr/elf.32
LOAD thr/prcssthr.32
LOAD vm86/vm8086.32
LOAD vm86/x87em.32
LOAD fs/fat/vfslink.32
LOAD fs/iso9660/vfslink.32
LOAD hal/sound/sndchannel.32
LOAD hal/sound/sndhw.32
LOAD hw/bus/isa.32
LOAD hw/bus/pci.32
LOAD hw/diskctrl/ide.32
LOAD hw/diskctrl/satabus.32
LOAD hw/diskphys/ata.32
LOAD hw/diskphys/atapi.32
LOAD hw/diskphys/sata.32
LOAD hw/diskphys/satapi.32
LOAD hw/fpu/avx.32
LOAD hw/fpu/mmx.32
LOAD hw/fpu/sse.32
LOAD hw/fpu/x87.32
LOAD hw/intctrl/apic.32
LOAD hw/intctrl/pic.32
LOAD hw/timer/apictimer.32
LOAD hw/timer/pit.32
LOAD hw/fpu/x86/avx.32
LOAD hw/fpu/x86/sse.32
LOAD hw/fpu/x86/x87.32
LOAD /cygdrive/d/Users/Alex/Desktop/Toolchain/Output/bin/../lib/gcc/i386-banana/8.1.0/crtend.o
LOAD crtn.32
LOAD /cygdrive/d/Users/Alex/Desktop/Toolchain/Output/bin/../lib/gcc/i386-banana/8.1.0/libkgcc.a
LOAD D:/Users/Alex/Desktop/Banana/kernel/libsoftfp.a
LOAD D:/Users/Alex/Desktop/Banana/kernel/libk/libm32.a
                0x00000000c0000000                . = 0xc0000000

.text           0x00000000c0000000    0x28668
 *(.text)
 .text          0x00000000c0000000       0x41 D:/Users/Alex/Desktop/Banana/kernel/boot.32
                0x00000000c0000020                callGlobalConstructors
 .text          0x00000000c0000041        0x0 crti.32
 *fill*         0x00000000c0000041        0x3 
 .text          0x00000000c0000044      0x101 /cygdrive/d/Users/Alex/Desktop/Toolchain/Output/bin/../lib/gcc/i386-banana/8.1.0/crtbegin.o
 *fill*         0x00000000c0000145        0xb 
 .text          0x00000000c0000150      0x4ed D:/Users/Alex/Desktop/Banana/kernel/morenasm.32
                0x00000000c0000150                manualPCIProbe
                0x00000000c000019b                prepareTramp
                0x00000000c00001b4                voodooXADD
                0x00000000c000027f                doTPAUSE
                0x00000000c0000289                hasLegacyFPU
                0x00000000c00002ae                is486
                0x00000000c00002e4                detectCPUID
                0x00000000c00002fa                goToVM86
                0x00000000c000032a                goToUsermode
                0x00000000c0000354                switchToThreadASMFirstTime
                0x00000000c0000362                switchToThreadASM
                0x00000000c00003ea                asmQuickAcquireLock
                0x00000000c0000408                asmQuickReleaseLock
                0x00000000c0000414                asmAcquireLock
                0x00000000c0000435                asmReleaseLock
                0x00000000c0000448                loadGDT
                0x00000000c0000468                isr0
                0x00000000c0000478                isr1
                0x00000000c0000482                isr2
                0x00000000c000048c                isr3
                0x00000000c0000496                isr4
                0x00000000c00004a0                isr5
                0x00000000c00004aa                isr6
                0x00000000c00004b4                isr7
                0x00000000c00004be                isr8
                0x00000000c00004c6                isr9
                0x00000000c00004d0                isr10
                0x00000000c00004d8                isr11
                0x00000000c00004e0                isr12
                0x00000000c00004e8                isr13
                0x00000000c00004f0                isr14
                0x00000000c00004f8                isr15
                0x00000000c0000502                isr16
                0x00000000c000050c                isr17
                0x00000000c0000516                isr18
                0x00000000c0000520                irq3
                0x00000000c000052a                irq4
                0x00000000c0000534                irq5
                0x00000000c000053e                irq6
                0x00000000c0000548                irq7
                0x00000000c0000552                irq8
                0x00000000c000055c                irq9
                0x00000000c0000566                irq10
                0x00000000c0000570                irq11
                0x00000000c000057a                irq12
                0x00000000c0000584                irq13
                0x00000000c000058e                irq14
                0x00000000c0000598                irq15
                0x00000000c00005a2                irq1
                0x00000000c00005a9                irq2
                0x00000000c00005b0                isr96
                0x00000000c00005b7                irq0
                0x00000000c00005bc                int_common_stub
                0x00000000c00005bc                syscall_common_stub
                0x00000000c00005ed                irq16
                0x00000000c00005f7                irq17
                0x00000000c0000601                irq18
                0x00000000c000060b                irq19
                0x00000000c0000615                irq20
                0x00000000c000061f                irq21
                0x00000000c0000629                irq22
                0x00000000c0000633                irq23
 *fill*         0x00000000c000063d        0x3 
 .text          0x00000000c0000640      0x611 acpica/utclib.32
                0x00000000c0000640                memcmp
                0x00000000c000067c                memmove
                0x00000000c0000744                memcpy
                0x00000000c0000778                memset
                0x00000000c0000794                strlen
                0x00000000c00007ac                strpbrk
                0x00000000c00007e8                strtok
                0x00000000c0000834                strcpy
                0x00000000c0000858                strncpy
                0x00000000c00008c0                strcmp
                0x00000000c0000900                strchr
                0x00000000c0000924                strncmp
                0x00000000c0000974                strcat
                0x00000000c00009a4                strncat
                0x00000000c00009e0                strstr
                0x00000000c0000a28                toupper
                0x00000000c0000a3c                tolower
                0x00000000c0000a50                simple_strtoul
 .text          0x00000000c0000c51      0xfbf core/malloc.32
                0x00000000c0000dbc                dlfree
                0x00000000c0001117                dlmalloc
                0x00000000c0001654                dlrealloc
                0x00000000c0001809                dlmemalign
                0x00000000c000192c                dlcalloc
                0x00000000c00019c6                dlcfree
                0x00000000c00019cb                dlindependent_calloc
                0x00000000c00019f0                dlindependent_comalloc
                0x00000000c0001a07                dlvalloc
                0x00000000c0001a32                dlpvalloc
                0x00000000c0001a68                dlmalloc_trim
                0x00000000c0001a75                dlmalloc_usable_size
                0x00000000c0001aa6                dlmallinfo
                0x00000000c0001b75                dlmalloc_stats
                0x00000000c0001b86                dlmallopt
 .text          0x00000000c0001c10        0x0 libk/string.32
 .text          0x00000000c0001c10       0x51 fs/fat/diskio.32
                0x00000000c0001c10                disk_status
                0x00000000c0001c13                disk_initialize
                0x00000000c0001c16                disk_read
                0x00000000c0001c2c                disk_write
                0x00000000c0001c42                disk_ioctl
 .text          0x00000000c0001c61     0x6833 fs/fat/ff.32
                0x00000000c0004f2f                f_mount
                0x00000000c0004f91                f_open
                0x00000000c00053cd                f_read
                0x00000000c000564d                f_write
                0x00000000c0005907                f_sync
                0x00000000c0005ae3                f_close
                0x00000000c0005b12                f_lseek
                0x00000000c0005fc9                f_opendir
                0x00000000c00060cb                f_closedir
                0x00000000c00060ed                f_readdir
                0x00000000c0006188                f_stat
                0x00000000c0006217                f_getfree
                0x00000000c00063e2                f_truncate
                0x00000000c00064da                f_unlink
                0x00000000c000665d                f_mkdir
                0x00000000c0006889                f_rename
                0x00000000c0006b7c                f_chmod
                0x00000000c0006c5a                f_utime
                0x00000000c0006d38                f_getlabel
                0x00000000c0006f26                f_setlabel
                0x00000000c0007193                f_forward
                0x00000000c0007371                f_mkfs
 .text          0x00000000c0008494       0x2d fs/fat/ffsystem.32
                0x00000000c0008494                ff_memalloc
                0x00000000c00084aa                ff_memfree
 .text          0x00000000c00084c1      0x253 fs/fat/ffunicode.32
                0x00000000c00084c1                ff_uni2oem
                0x00000000c0008551                ff_oem2uni
                0x00000000c00085bd                ff_wtoupper
 .text          0x00000000c0008714      0x8fb hal/libresample/samplerate.32
                0x00000000c0008758                src_delete
                0x00000000c0008794                src_process
                0x00000000c000894a                src_callback_read
                0x00000000c0008ac7                src_set_ratio
                0x00000000c0008b31                src_get_channels
                0x00000000c0008b53                src_reset
                0x00000000c0008b9f                src_new
                0x00000000c0008c2d                src_callback_new
                0x00000000c0008c8f                src_get_name
                0x00000000c0008cc6                src_get_description
                0x00000000c0008cfd                src_get_version
                0x00000000c0008d03                src_is_valid_ratio
                0x00000000c0008d57                src_error
                0x00000000c0008d65                src_strerror
                0x00000000c0008d78                src_simple
                0x00000000c0008dcb                src_short_to_float_array
                0x00000000c0008e30                src_float_to_short_array
                0x00000000c0008eef                src_int_to_float_array
                0x00000000c0008f52                src_float_to_int_array
 .text          0x00000000c000900f      0x8cb hal/libresample/src_linear.32
                0x00000000c0009835                linear_get_name
                0x00000000c0009844                linear_get_description
                0x00000000c0009853                linear_set_converter
 .text          0x00000000c00098da     0x447c hal/libresample/src_sinc.32
                0x00000000c000dc6d                sinc_get_name
                0x00000000c000dc80                sinc_get_description
                0x00000000c000dc93                sinc_set_converter
 .text          0x00000000c000dd56      0x77c hal/libresample/src_zoh.32
                0x00000000c000e42d                zoh_get_name
                0x00000000c000e43c                zoh_get_description
                0x00000000c000e44b                zoh_set_converter
 .text          0x00000000c000e4d2       0x23 compat/inlines.32
                0x00000000c000e4d2                CPU::current()
                0x00000000c000e4df                operator new(unsigned long)
 .text          0x00000000c000e4f5      0x111 compat/resolve.32
                0x00000000c000e4f5                Krnl::resolveCompatibilitySymbol(char*)
 .text          0x00000000c000e606      0xa17 core/computer.32
                0x00000000c000e606                Computer::close(int, int, void*)
                0x00000000c000e64a                Krnl::firstTask()
                0x00000000c000e73a                Computer::Computer()
                0x00000000c000e73a                Computer::Computer()
                0x00000000c000e896                Computer::setBootMessage(char const*)
                0x00000000c000e898                Computer::detectFeatures()
                0x00000000c000eaa2                Computer::displayFeatures()
                0x00000000c000ede8                Computer::rdmsr(unsigned int)
                0x00000000c000ee14                Computer::wrmsr(unsigned int, unsigned long long)
                0x00000000c000ee4c                Computer::nmiEnabled()
                0x00000000c000ee58                Computer::readCMOS(unsigned char)
                0x00000000c000ee72                Computer::enableNMI(bool)
                0x00000000c000ee8a                Computer::open(int, int, void*)
                0x00000000c000ef60                Computer::disableNMI()
                0x00000000c000ef6e                Computer::writeCMOS(unsigned char, unsigned char)
                0x00000000c000ef8c                Computer::handleNMI()
                0x00000000c000eff2                Computer::setDiskActivityLight(int, bool)
 *fill*         0x00000000c000f01d        0x1 
 .text          0x00000000c000f01e      0x1b7 core/gdt.32
                0x00000000c000f01e                GDTEntry::setBase(unsigned int)
                0x00000000c000f03a                GDTEntry::setLimit(unsigned int)
                0x00000000c000f058                GDT::GDT()
                0x00000000c000f058                GDT::GDT()
                0x00000000c000f06e                GDT::addEntry(GDTEntry)
                0x00000000c000f0aa                GDT::getNumberOfEntries()
                0x00000000c000f0b2                GDT::flush()
                0x00000000c000f0d4                GDT::setup()
 .text          0x00000000c000f1d5       0x62 core/idle.32
                0x00000000c000f1d5                idleFunction(void*)
 *fill*         0x00000000c000f237        0x1 
 .text          0x00000000c000f238      0x45f core/idt.32
                0x00000000c000f238                IDTEntry::IDTEntry(bool)
                0x00000000c000f238                IDTEntry::IDTEntry(bool)
                0x00000000c000f2a6                IDTEntry::setOffset(unsigned int)
                0x00000000c000f2ba                IDT::IDT()
                0x00000000c000f2ba                IDT::IDT()
                0x00000000c000f2bc                IDT::getPointerToInvalidOpcodeEntryForF00F()
                0x00000000c000f2c4                IDT::addEntry(IDTEntry, int)
                0x00000000c000f2de                IDT::addEntry(int, void (*)(), bool)
                0x00000000c000f316                IDT::flush()
                0x00000000c000f330                IDT::setup()
 .text          0x00000000c000f697      0x206 core/kheap.32
                0x00000000c000f697                sbrk
                0x00000000c000f7a5                mmap
                0x00000000c000f7bb                munmap
                0x00000000c000f7d1                liballoc_lock()
                0x00000000c000f7e2                liballoc_unlock()
                0x00000000c000f7f3                liballoc_alloc(int)
                0x00000000c000f811                liballoc_free(void*, int)
                0x00000000c000f82f                realloc
                0x00000000c000f843                malloc
                0x00000000c000f853                free
                0x00000000c000f863                rfree
                0x00000000c000f873                calloc
 .text          0x00000000c000f89d      0x485 core/main.32
                0x00000000c000f89d                hwTextMode_loadInData(VgaText*)
                0x00000000c000f8e8                hwTextMode_loadInTitle(VgaText*, char*)
                0x00000000c000f966                hwTextMode_showCursor(VgaText*, bool)
                0x00000000c000f9c4                hwTextMode_update(VgaText*)
                0x00000000c000f9c5                hwTextMode_updateCursor(VgaText*)
                0x00000000c000fa16                hwTextMode_disableBlink(VgaText*, bool)
                0x00000000c000fa5c                hwTextMode_scrollScreen(VgaText*)
                0x00000000c000fb09                hwTextMode_writeCharacter(VgaText*, char, VgaColour, VgaColour, int, int)
                0x00000000c000fb8b                setupTextMode()
                0x00000000c000fbfb                kernel_main
 .text          0x00000000c000fd22      0x5cb core/physmgr.32
                0x00000000c000fd22                Phys::allocateDMA(unsigned long)
                0x00000000c000fdc5                Phys::freeDMA(unsigned long, unsigned long)
                0x00000000c000fe0d                Phys::setPageState(unsigned long, bool)
                0x00000000c000fe3f                Phys::getPageState(unsigned long)
                0x00000000c000fe5b                Phys::freePage(unsigned long)
                0x00000000c000fee5                Phys::allocatePage()
                0x00000000c001002b                Phys::allocateContiguousPages(int)
                0x00000000c0010085                Phys::allowSegmentToBeUsed(unsigned long, unsigned long)
                0x00000000c00100bd                Phys::physicalMemorySetup(unsigned int)
 *fill*         0x00000000c00102ed        0x1 
 .text          0x00000000c00102ee      0x273 core/pipe.32
                0x00000000c00102ee                Pipe::isAtty()
                0x00000000c00102f2                Pipe::~Pipe()
                0x00000000c00102f2                Pipe::~Pipe()
                0x00000000c0010316                Pipe::~Pipe()
                0x00000000c001033e                Pipe::read(unsigned long long, void*, int*)
                0x00000000c0010432                Pipe::write(unsigned long long, void*, int*)
                0x00000000c00104fa                Pipe::Pipe(int)
                0x00000000c00104fa                Pipe::Pipe(int)
 *fill*         0x00000000c0010561        0x1 
 .text          0x00000000c0010562      0xf73 core/terminal.32
                0x00000000c0010562                VgaText::isAtty()
                0x00000000c0010566                VgaText::~VgaText()
                0x00000000c0010566                VgaText::~VgaText()
                0x00000000c001058a                VgaText::~VgaText()
                0x00000000c00105b4                VgaText::read(unsigned long long, void*, int*)
                0x00000000c00105d4                setTerminalScrollLock(bool)
                0x00000000c00105d5                addToTerminalCycle(VgaText*)
                0x00000000c0010602                installVgaTextImplementation()
                0x00000000c0010617                scrollTerminalScrollLock(int)
                0x00000000c0010618                VgaText::load()
                0x00000000c001066c                VgaText::updateCursor()
                0x00000000c0010686                VgaText::showCursor(bool)
                0x00000000c0010696                VgaText::disableBlink(bool)
                0x00000000c00106d0                VgaText::doANSI_SGR(int)
                0x00000000c001075c                VgaText::setDefaultBgColour(VgaColour)
                0x00000000c0010772                VgaText::setDefaultFgColour(VgaColour)
                0x00000000c0010788                VgaText::setDefaultColours(VgaColour, VgaColour)
                0x00000000c00107a8                VgaText::combineColours(unsigned char, unsigned char)
                0x00000000c00107ba                VgaText::scrollScreen()
                0x00000000c001084e                VgaText::combineCharAndColour(char, unsigned char)
                0x00000000c0010860                VgaText::writeCharacter(char, VgaColour, VgaColour, int, int)
                0x00000000c00108c0                VgaText::getCursorX()
                0x00000000c00108cc                VgaText::getCursorY()
                0x00000000c00108d8                VgaText::setCursor(int, int)
                0x00000000c00108f6                VgaText::setCursorX(int)
                0x00000000c0010912                VgaText::setCursorY(int)
                0x00000000c001092e                VgaText::incrementCursor(bool)
                0x00000000c0010996                VgaText::updateRAMUsageDisplay(int)
                0x00000000c00109fa                VgaText::updateDiskUsage()
                0x00000000c0010b64                VgaText::updateTitle()
                0x00000000c0010baa                VgaText::setTitleTextColour(VgaColour)
                0x00000000c0010bba                VgaText::setTitleColour(VgaColour)
                0x00000000c0010bca                VgaText::setTitle(char*)
                0x00000000c0010bf0                VgaText::decrementCursor(bool)
                0x00000000c0010c18                VgaText::putchar(char, VgaColour, VgaColour)
                0x00000000c0010d14                VgaText::isShowingCursor()
                0x00000000c0010d20                VgaText::isBlinkDisabled()
                0x00000000c0010d2e                VgaText::setCursorHeight(int)
                0x00000000c0010d4c                VgaText::getCursorHeight()
                0x00000000c0010d57                setActiveTerminal(VgaText*)
                0x00000000c0010e09                doTerminalCycle()
                0x00000000c0010e26                VgaText::doUpdate()
                0x00000000c0010e38                VgaText::puts(char const*, VgaColour, VgaColour)
                0x00000000c0010ff8                VgaText::clearScreen()
                0x00000000c001105c                VgaText::putchar(char)
                0x00000000c0011176                VgaText::puts(char const*)
                0x00000000c001119c                VgaText::putx(unsigned int)
                0x00000000c00111e2                VgaText::VgaText(char const*)
                0x00000000c00111e2                VgaText::VgaText(char const*)
                0x00000000c0011374                VgaText::receiveKey(unsigned char)
                0x00000000c001145c                VgaText::write(unsigned long long, void*, int*)
                0x00000000c00114b0                newTerminal(char*)
 *fill*         0x00000000c00114d5        0x1 
 .text          0x00000000c00114d6      0x1b3 core/tss.32
                0x00000000c00114d6                TSS::TSS()
                0x00000000c00114d6                TSS::TSS()
                0x00000000c00114e4                TSS::setESP(unsigned long)
                0x00000000c00114f6                TSS::flush()
                0x00000000c0011516                TSS::setup(unsigned long, unsigned long)
 *fill*         0x00000000c0011689        0x1 
 .text          0x00000000c001168a      0x4c2 core/unixfile.32
                0x00000000c001168a                ReservedFilename::read(unsigned long long, void*, int*)
                0x00000000c00116e0                ReservedFilename::isAtty()
                0x00000000c00116fc                ReservedFilename::write(unsigned long long, void*, int*)
                0x00000000c001175a                UnixFile::getFileDescriptor()
                0x00000000c0011762                UnixFile::UnixFile(int)
                0x00000000c0011762                UnixFile::UnixFile(int)
                0x00000000c0011912                ReservedFilename::ReservedFilename(int)
                0x00000000c0011912                ReservedFilename::ReservedFilename(int)
                0x00000000c0011944                UnixFile::~UnixFile()
                0x00000000c0011944                UnixFile::~UnixFile()
                0x00000000c00119dc                UnixFile::~UnixFile()
                0x00000000c0011a04                ReservedFilename::~ReservedFilename()
                0x00000000c0011a04                ReservedFilename::~ReservedFilename()
                0x00000000c0011a28                ReservedFilename::~ReservedFilename()
                0x00000000c0011a4f                getFromFileDescriptor(int)
 .text          0x00000000c0011b4c     0x12be core/virtmgr.32
                0x00000000c0011b4c                Virt::setPageState(unsigned long, Virt::VirtPageState)
                0x00000000c0011b81                Virt::getPageState(unsigned long)
                0x00000000c0011ba5                Virt::allocateKernelVirtualPages(int)
                0x00000000c0011cb6                Virt::freeSwapfilePage(unsigned long)
                0x00000000c0011cd4                Virt::swapIDToSector(unsigned long)
                0x00000000c0011ce6                Virt::allocateSwapfilePage()
                0x00000000c0011d64                Virt::virtualMemorySetup()
                0x00000000c0011de3                Virt::swappingSetup()
                0x00000000c0011e40                Virt::getAKernelVAS()
                0x00000000c0011e46                Virt::setupPageSwapping(int)
                0x00000000c0011f76                VAS::VAS()
                0x00000000c0011f76                VAS::VAS()
                0x00000000c0011fa6                VAS::VAS(VAS*)
                0x00000000c0011fa6                VAS::VAS(VAS*)
                0x00000000c0011fca                VAS::getForeignPageTableEntry(bool, unsigned long)
                0x00000000c0011ff6                VAS::getPageTableEntry(unsigned long)
                0x00000000c0012015                Virt::freeKernelVirtualPages(unsigned long)
                0x00000000c0012138                VAS::freeAllocatedPages(unsigned long)
                0x00000000c001215c                VAS::virtualToPhysical(unsigned long)
                0x00000000c0012174                VAS::reflagRange(unsigned long, int, int, int)
                0x00000000c00121b4                VAS::setToWriteCombining(unsigned long, int)
                0x00000000c00121e6                VAS::mapOtherVASIn(bool, VAS*)
                0x00000000c0012210                VAS::~VAS()
                0x00000000c0012210                VAS::~VAS()
                0x00000000c001237c                VAS::mapPage(unsigned long, unsigned long, int)
                0x00000000c001247c                VAS::allocatePages(int, int)
                0x00000000c0012654                VAS::setCPUSpecific(unsigned long)
                0x00000000c0012670                VAS::mapRange(unsigned long, unsigned long, int, int)
                0x00000000c0012736                VAS::mapForeignPage(bool, VAS*, unsigned long, unsigned long, int)
                0x00000000c0012824                VAS::VAS(bool)
                0x00000000c0012824                VAS::VAS(bool)
                0x00000000c0012a80                VAS::evict(unsigned long)
                0x00000000c0012b3e                VAS::scanForEviction(int, int)
                0x00000000c0012bfe                VAS::tryLoadBackOffDisk(unsigned long)
                0x00000000c0012d4e                mapVASFirstTime
 .text          0x00000000c0012e0a       0x95 coreobjs/c++.32
                0x00000000c0012e0a                __cxa_atexit
                0x00000000c0012e0d                __cxa_finalize
                0x00000000c0012e0e                __stack_chk_fail
                0x00000000c0012e7a                __cxa_pure_virtual
                0x00000000c0012e8b                operator new[](unsigned long)
                0x00000000c0012e90                operator delete(void*, unsigned long)
                0x00000000c0012e95                operator delete[](void*)
                0x00000000c0012e9a                operator delete[](void*, unsigned long)
 .text          0x00000000c0012e9f      0x1ef dbg/kconsole.32
                0x00000000c0012e9f                Dbg::stringifyxWithBase(unsigned int, char*, int)
                0x00000000c0012f00                Dbg::logc(char)
                0x00000000c0012f17                Dbg::logs(char*)
                0x00000000c0012f34                Dbg::logWriteInt(unsigned int)
                0x00000000c0012f51                Dbg::logWriteIntBase(unsigned int, int)
                0x00000000c0012f70                Dbg::kprintf(char const*, ...)
 .text          0x00000000c001308e      0xb7c fs/vfs.32
                0x00000000c001308e                File::read(unsigned long long, void*, int*)
                0x00000000c00130e6                File::write(unsigned long long, void*, int*)
                0x00000000c001313e                Directory::read(unsigned long long, void*, int*)
                0x00000000c0013196                Directory::write(unsigned long long, void*, int*)
                0x00000000c00131c4                File::isAtty()
                0x00000000c00131c8                Directory::isAtty()
                0x00000000c00131cc                Filesystem::getlabel(LogicalDisk*, int, char*, unsigned int*)
                0x00000000c00131d2                Filesystem::setlabel(LogicalDisk*, int, char*)
                0x00000000c00131d8                File::~File()
                0x00000000c00131d8                File::~File()
                0x00000000c00131fc                File::~File()
                0x00000000c0013226                Directory::~Directory()
                0x00000000c0013226                Directory::~Directory()
                0x00000000c001324a                Directory::~Directory()
                0x00000000c0013274                Filesystem::Filesystem()
                0x00000000c0013274                Filesystem::Filesystem()
                0x00000000c0013298                Filesystem::~Filesystem()
                0x00000000c0013298                Filesystem::~Filesystem()
                0x00000000c00132a6                Filesystem::~Filesystem()
                0x00000000c00132ca                Fs::getcwd(Process*, char*, int)
                0x00000000c00132f4                Fs::initVFS()
                0x00000000c001331e                Fs::standardiseFiles(char*, char const*, char const*)
                0x00000000c00134c8                File::File(char const*, Process*)
                0x00000000c00134c8                File::File(char const*, Process*)
                0x00000000c001352c                File::open(FileOpenMode)
                0x00000000c001358a                File::close()
                0x00000000c00135ea                File::seek(unsigned long long)
                0x00000000c0013640                File::tell(unsigned long long*)
                0x00000000c0013690                File::rewind()
                0x00000000c00136a4                File::unlink()
                0x00000000c00136f0                File::rename(char const*)
                0x00000000c001373e                File::chfatattr(unsigned char, unsigned char)
                0x00000000c001379a                File::exists()
                0x00000000c00137d8                File::stat(unsigned long long*, bool*)
                0x00000000c0013839                Fs::setcwd(Process*, char*)
                0x00000000c0013974                Directory::Directory(char const*, Process*)
                0x00000000c0013974                Directory::Directory(char const*, Process*)
                0x00000000c00139d8                Directory::open()
                0x00000000c0013a34                Directory::close()
                0x00000000c0013a94                Directory::unlink()
                0x00000000c0013ae0                Directory::rename(char const*)
                0x00000000c0013b2e                Directory::exists()
                0x00000000c0013b6c                Directory::read(dirent*)
                0x00000000c0013bb8                Directory::create()
                0x00000000c0013c04                Filesystem::chfatattr(char const*, unsigned char, unsigned char)
 .text          0x00000000c0013c0a       0x84 hal/bus.32
                0x00000000c0013c0a                Bus::Bus(char const*)
                0x00000000c0013c0a                Bus::Bus(char const*)
                0x00000000c0013c40                Bus::~Bus()
                0x00000000c0013c40                Bus::~Bus()
                0x00000000c0013c64                Bus::~Bus()
 .text          0x00000000c0013c8e      0x14e hal/buzzer.32
                0x00000000c0013c8e                Buzzer::Buzzer(char const*)
                0x00000000c0013c8e                Buzzer::Buzzer(char const*)
                0x00000000c0013cd2                Buzzer::~Buzzer()
                0x00000000c0013cd2                Buzzer::~Buzzer()
                0x00000000c0013cf6                Buzzer::~Buzzer()
                0x00000000c0013d20                Buzzer::stop()
                0x00000000c0013d33                beepThread(void*)
                0x00000000c0013d6e                Buzzer::beep(int, int, bool)
 .text          0x00000000c0013ddc      0x467 hal/clock.32
                0x00000000c0013ddc                User::loadClockSettings(int)
                0x00000000c0013e2e                Clock::Clock(char const*)
                0x00000000c0013e2e                Clock::Clock(char const*)
                0x00000000c0013e64                Clock::~Clock()
                0x00000000c0013e64                Clock::~Clock()
                0x00000000c0013e88                Clock::~Clock()
                0x00000000c0013eb2                Clock::timeInSecondsLocal()
                0x00000000c0013efa                Clock::setTimeInSecondsLocal(unsigned long long)
                0x00000000c0013f53                datetimeToSeconds(datetime_t)
                0x00000000c001407a                Clock::setTimeInDatetimeLocal(datetime_t)
                0x00000000c00140da                secondsToDatetime(unsigned long long)
                0x00000000c001421e                Clock::timeInDatetimeLocal()
 *fill*         0x00000000c0014243        0x1 
 .text          0x00000000c0014244      0x4de hal/device.32
                0x00000000c0014244                Device::hibernate()
                0x00000000c0014246                Device::wake()
                0x00000000c0014248                Device::detect()
                0x00000000c001424a                Device::disableLegacy()
                0x00000000c001424c                Device::powerSaving(PowerSavingLevel)
                0x00000000c001424e                DriverlessDevice::close(int, int, void*)
                0x00000000c0014252                DriverlessDevice::detect()
                0x00000000c0014254                DriverlessDevice::open(int, int, void*)
                0x00000000c0014268                Device::~Device()
                0x00000000c0014268                Device::~Device()
                0x00000000c0014276                Device::~Device()
                0x00000000c001429e                Device::findAndLoadDriver()
                0x00000000c00142a0                Device::preOpenPCI(PCIDeviceInfo)
                0x00000000c00142c6                Device::preOpenACPI(void*, char*, char*)
                0x00000000c001431a                Device::addIRQHandler(int, void (*)(regs*, void*), bool, void*)
                0x00000000c0014358                Device::removeIRQHandler(int, void (*)(regs*, void*), bool)
                0x00000000c0014396                Device::addChild(Device*)
                0x00000000c00143da                Device::removeAllChildren()
                0x00000000c0014420                Device::hibernateAll()
                0x00000000c0014450                Device::wakeAll()
                0x00000000c0014480                Device::detectAll()
                0x00000000c00144b0                Device::disableLegacyAll()
                0x00000000c00144e0                Device::loadDriversForAll()
                0x00000000c001450c                Device::closeAll()
                0x00000000c0014542                Device::powerSavingAll(PowerSavingLevel)
                0x00000000c0014578                Device::setName(char const*)
                0x00000000c0014586                Device::Device(char const*)
                0x00000000c0014586                Device::Device(char const*)
                0x00000000c0014682                Device::getName()
                0x00000000c001468c                DriverlessDevice::DriverlessDevice(char const*)
                0x00000000c001468c                DriverlessDevice::DriverlessDevice(char const*)
                0x00000000c00146b4                Device::addToLinkedList(LinkedList<Device>&, DeviceType)
                0x00000000c00146f8                getDevicesOfType(DeviceType)
 .text          0x00000000c0014722       0x84 hal/diskctrl.32
                0x00000000c0014722                HardDiskController::HardDiskController(char const*)
                0x00000000c0014722                HardDiskController::HardDiskController(char const*)
                0x00000000c0014758                HardDiskController::~HardDiskController()
                0x00000000c0014758                HardDiskController::~HardDiskController()
                0x00000000c001477c                HardDiskController::~HardDiskController()
 .text          0x00000000c00147a6       0xf2 hal/diskphys.32
                0x00000000c00147a6                PhysicalDisk::eject()
                0x00000000c00147ba                PhysicalDisk::PhysicalDisk(char const*, int)
                0x00000000c00147ba                PhysicalDisk::PhysicalDisk(char const*, int)
                0x00000000c0014822                PhysicalDisk::startCache()
                0x00000000c001484a                PhysicalDisk::~PhysicalDisk()
                0x00000000c001484a                PhysicalDisk::~PhysicalDisk()
                0x00000000c001486e                PhysicalDisk::~PhysicalDisk()
 .text          0x00000000c0014898      0x13b hal/fpu.32
                0x00000000c0014898                FPU::FPU(char const*)
                0x00000000c0014898                FPU::FPU(char const*)
                0x00000000c00148ce                FPU::~FPU()
                0x00000000c00148ce                FPU::~FPU()
                0x00000000c00148f2                FPU::~FPU()
                0x00000000c001491c                setupFPU()
 *fill*         0x00000000c00149d3        0x1 
 .text          0x00000000c00149d4     0x13a7 hal/intctrl.32
                0x00000000c00149d4                InterruptController::uninstallISRHandler(int, void (*)(regs*, void*))
                0x00000000c0014a0c                InterruptController::installISRHandler(int, void (*)(regs*, void*), void*)
                0x00000000c0014a5e                doubleFault(regs*, void*)
                0x00000000c0014a78                InterruptController::installIRQHandler(int, void (*)(regs*, void*), bool, void*)
                0x00000000c0014b14                InterruptController::clearAllHandlers(int, bool)
                0x00000000c0014bbc                InterruptController::uninstallIRQHandler(int, void (*)(regs*, void*), bool)
                0x00000000c0014c43                nmiHandler(regs*, void*)
                0x00000000c0014c51                int_handler
                0x00000000c0014cf2                InterruptController::InterruptController(char const*)
                0x00000000c0014cf2                InterruptController::InterruptController(char const*)
                0x00000000c0014d98                InterruptController::~InterruptController()
                0x00000000c0014d98                InterruptController::~InterruptController()
                0x00000000c0014dbc                InterruptController::~InterruptController()
                0x00000000c0014de6                displayDebugInfo(regs*)
                0x00000000c0015275                x87EmulHandler(regs*, void*)
                0x00000000c00152a4                gpFault(regs*, void*)
                0x00000000c00152dd                pgFault(regs*, void*)
                0x00000000c0015319                otherISRHandler(regs*, void*)
                0x00000000c0015338                opcodeFault(regs*, void*)
                0x00000000c001593e                displayProgramFault(char const*)
                0x00000000c0015966                setupInterruptController()
                0x00000000c0015d2e                InterruptController::convertLegacyIRQNumber(int)
 *fill*         0x00000000c0015d7b        0x1 
 .text          0x00000000c0015d7c      0x6c8 hal/keybrd.32
                0x00000000c0015d7c                startGUI(void*)
                0x00000000c0015dd8                startGUIVESA(void*)
                0x00000000c0015e34                sendKeyToTerminal(unsigned char)
                0x00000000c0015ea0                sendKeyboardToken(KeyboardToken)
                0x00000000c00162dd                clearInternalKeybuffer(VgaText*)
                0x00000000c0016312                readKeyboard(VgaText*, char*, unsigned long)
                0x00000000c00163ba                Keyboard::Keyboard(char const*)
                0x00000000c00163ba                Keyboard::Keyboard(char const*)
                0x00000000c00163f6                Keyboard::~Keyboard()
                0x00000000c00163f6                Keyboard::~Keyboard()
                0x00000000c001641a                Keyboard::~Keyboard()
 .text          0x00000000c0016444      0x414 hal/logidisk.32
                0x00000000c0016444                LogicalDisk::close(int, int, void*)
                0x00000000c0016448                LogicalDisk::~LogicalDisk()
                0x00000000c0016448                LogicalDisk::~LogicalDisk()
                0x00000000c001646c                LogicalDisk::~LogicalDisk()
                0x00000000c0016496                LogicalDisk::open(int, int, void*)
                0x00000000c00164aa                LogicalDisk::absoluteToRelative(unsigned long long)
                0x00000000c00164e2                LogicalDisk::relativeToAbsolute(unsigned long long)
                0x00000000c0016528                LogicalDisk::LogicalDisk(char const*, PhysicalDisk*, unsigned long long, unsigned long long)
                0x00000000c0016528                LogicalDisk::LogicalDisk(char const*, PhysicalDisk*, unsigned long long, unsigned long long)
                0x00000000c00165de                LogicalDisk::assignDriveLetter()
                0x00000000c0016694                LogicalDisk::mount()
                0x00000000c0016706                LogicalDisk::unmount()
                0x00000000c0016716                LogicalDisk::eject()
                0x00000000c001672a                LogicalDisk::unassignDriveLetter()
                0x00000000c0016780                LogicalDisk::read(unsigned long long, int, void*)
                0x00000000c00167ec                LogicalDisk::write(unsigned long long, int, void*)
 .text          0x00000000c0016858       0x84 hal/mouse.32
                0x00000000c0016858                Mouse::Mouse(char const*)
                0x00000000c0016858                Mouse::Mouse(char const*)
                0x00000000c001688e                Mouse::~Mouse()
                0x00000000c001688e                Mouse::~Mouse()
                0x00000000c00168b2                Mouse::~Mouse()
 .text          0x00000000c00168dc      0x34d hal/partition.32
                0x00000000c00168dc                makePartition(PhysicalDisk*, unsigned long long, unsigned long long)
                0x00000000c0016998                createPartitionsForDisk(PhysicalDisk*)
 *fill*         0x00000000c0016c29        0x1 
 .text          0x00000000c0016c2a       0x84 hal/serial.32
                0x00000000c0016c2a                Serial::Serial(char const*)
                0x00000000c0016c2a                Serial::Serial(char const*)
                0x00000000c0016c60                Serial::~Serial()
                0x00000000c0016c60                Serial::~Serial()
                0x00000000c0016c84                Serial::~Serial()
 .text          0x00000000c0016cae      0x2b8 hal/timer.32
                0x00000000c0016cae                Timer::Timer(char const*)
                0x00000000c0016cae                Timer::Timer(char const*)
                0x00000000c0016ce4                Timer::~Timer()
                0x00000000c0016ce4                Timer::~Timer()
                0x00000000c0016d08                Timer::~Timer()
                0x00000000c0016d32                Timer::read()
                0x00000000c0016d3d                timerHandler(unsigned long long)
                0x00000000c0016e74                setupTimer(int)
 .text          0x00000000c0016f66      0x425 hal/vcache.32
                0x00000000c0016f66                VCache::VCache(PhysicalDisk*)
                0x00000000c0016f66                VCache::VCache(PhysicalDisk*)
                0x00000000c00170ce                VCache::invalidateReadBuffer()
                0x00000000c00170de                VCache::writeWriteBuffer()
                0x00000000c001711a                VCache::~VCache()
                0x00000000c001711a                VCache::~VCache()
                0x00000000c001716e                VCache::~VCache()
                0x00000000c0017196                VCache::write(unsigned long long, int, void*)
                0x00000000c001728c                VCache::read(unsigned long long, int, void*)
 *fill*         0x00000000c001738b        0x1 
 .text          0x00000000c001738c      0x4cd hal/video.32
                0x00000000c001738c                Video::putrect(int, int, int, int, unsigned int)
                0x00000000c00173d8                Video::bitblit(int, int, int, int, int, int, int, unsigned int*)
                0x00000000c0017448                Video::blit(unsigned int*, int, int, int, int)
                0x00000000c00174c6                Video::clearScreen(unsigned int)
                0x00000000c00174fa                Video::putpixel(int, int, unsigned int)
                0x00000000c0017508                Video::Video(char const*)
                0x00000000c0017508                Video::Video(char const*)
                0x00000000c001753e                Video::~Video()
                0x00000000c001753e                Video::~Video()
                0x00000000c0017562                Video::~Video()
                0x00000000c001758c                Video::isMonochrome()
                0x00000000c0017598                Video::getWidth()
                0x00000000c00175a4                Video::getHeight()
                0x00000000c00175b0                Video::drawCursor(int, int, unsigned char*, int)
                0x00000000c001766c                Video::tgaParse(unsigned char*, int, int*, int*)
                0x00000000c00177ee                Video::putTGA(int, int, unsigned char*, int)
 *fill*         0x00000000c0017859        0x1 
 .text          0x00000000c001785a      0xf64 hw/acpi.32
                0x00000000c001785a                ACPI::close(int, int, void*)
                0x00000000c001790f                findRSDP()
                0x00000000c0017999                loadACPITables(unsigned char*)
                0x00000000c0017bc0                findRSDT(unsigned char*)
                0x00000000c0017cde                findDataTable(unsigned char*, char*)
                0x00000000c0017d7a                scanMADT()
                0x00000000c0018200                ACPI::ACPI()
                0x00000000c0018200                ACPI::ACPI()
                0x00000000c001826a                ACPI::getPCIIRQAssignment(unsigned char, unsigned short, unsigned char)
                0x00000000c001834c                ACPI::registerPCIIRQAssignment(void*, unsigned short, unsigned char, unsigned char)
                0x00000000c0018412                ACPI::setScreenBrightnessLevel(void*, int)
                0x00000000c0018418                ACPI::writeSimpleBootFlag(SimpleBootFlagTable*)
                0x00000000c0018460                ACPI::open(int, int, void*)
                0x00000000c00187a6                ACPI::sleep()
 .text          0x00000000c00187be     0x1715 hw/cpu.32
                0x00000000c00187be                CPU::close(int, int, void*)
                0x00000000c00187c2                CPU::lookupAMDName(unsigned char, unsigned char)
                0x00000000c0018956                CPU::lookupIntelName(unsigned char, unsigned char)
                0x00000000c0018c04                CPU::AMD_K6_write_msr(unsigned int, unsigned int, unsigned int, CPU::REGS*)
                0x00000000c0018c20                CPU::AMD_K6_read_msr(unsigned int, CPU::REGS*)
                0x00000000c0018c38                CPU::AMD_K6_writeback(int, int, int)
                0x00000000c0018cac                CPU::cpuid(int, unsigned long*, unsigned long*, unsigned long*, unsigned long*)
                0x00000000c0018d30                CPU::cpuidCheckEDX(unsigned int)
                0x00000000c0018d5e                CPU::cpuidCheckECX(unsigned int)
                0x00000000c0018d8c                CPU::cpuidCheckExtendedEBX(unsigned int)
                0x00000000c0018dba                CPU::cpuidCheckExtendedECX(unsigned int)
                0x00000000c0018de8                CPU::CPU()
                0x00000000c0018de8                CPU::CPU()
                0x00000000c0018e76                CPU::displayFeatures()
                0x00000000c00190f2                CPU::detectFeatures()
                0x00000000c0019ae2                CPU::setupSMEP()
                0x00000000c0019aee                CPU::setupUMIP()
                0x00000000c0019af8                CPU::setupTSC()
                0x00000000c0019b02                CPU::setupLargePages()
                0x00000000c0019b0c                CPU::setupPAT()
                0x00000000c0019b48                CPU::setupMTRR()
                0x00000000c0019b4a                CPU::setupGlobalPages()
                0x00000000c0019b54                CPU::allowUsermodeDataAccess()
                0x00000000c0019b66                CPU::prohibitUsermodeDataAccess()
                0x00000000c0019b78                CPU::setupSMAP()
                0x00000000c0019b86                CPU::setupFeatures()
                0x00000000c0019c06                CPU::open(int, int, void*)
                0x00000000c0019cd8                CPU::decodeAddress(regs*, int*, bool*, unsigned char*)
 .text          0x00000000c0019ed3        0x0 hw/ports.32
 .text          0x00000000c0019ed3      0x16a hw/smp.32
                0x00000000c0019ed3                Krnl::smpEntry()
                0x00000000c0019ed5                Krnl::startCPU(int)
                0x00000000c001a01e                Krnl::startCPUs()
 *fill*         0x00000000c001a03d        0x1 
 .text          0x00000000c001a03e      0x5d3 krnl/env.32
                0x00000000c001a03e                EnvVarContainer::getEnv(char const*)
                0x00000000c001a07c                EnvVarContainer::setEnv(char const*, char const*)
                0x00000000c001a148                EnvVarContainer::deleteEnv(char const*)
                0x00000000c001a14a                EnvVarContainer::loadFrom(char const*, char const*)
                0x00000000c001a340                EnvVarContainer::__loadSystem()
                0x00000000c001a35a                EnvVarContainer::__loadUser()
                0x00000000c001a35c                EnvVarContainer::EnvVarContainer(Process*)
                0x00000000c001a35c                EnvVarContainer::EnvVarContainer(Process*)
                0x00000000c001a37e                EnvVarContainer::~EnvVarContainer()
                0x00000000c001a37e                EnvVarContainer::~EnvVarContainer()
                0x00000000c001a3ae                Krnl::getEnv(Process*, char const*)
                0x00000000c001a413                Krnl::setEnvSystem(char const*, char const*)
                0x00000000c001a42d                Krnl::setEnvUser(char const*, char const*)
                0x00000000c001a44c                Krnl::setEnvProcess(Process*, char const*, char const*)
                0x00000000c001a45f                Krnl::deleteEnvSystem(char const*)
                0x00000000c001a460                Krnl::deleteEnvUser(char const*)
                0x00000000c001a461                Krnl::deleteEnvProcess(Process*, char const*)
                0x00000000c001a462                Krnl::newProcessEnv(Process*)
                0x00000000c001a484                Krnl::copyProcessEnv(Process*, Process*)
                0x00000000c001a4d8                Krnl::loadSystemEnv()
                0x00000000c001a506                Krnl::loadUserEnv()
                0x00000000c001a52c                Krnl::flushEnv()
                0x00000000c001a52d                Krnl::getProcessTotalEnvCount(Process*)
                0x00000000c001a54d                Krnl::getProcessEnvPair(Process*, int)
 .text          0x00000000c001a611      0x396 krnl/panic.32
                0x00000000c001a611                Krnl::panic(char const*)
 .text          0x00000000c001a9a7      0x3b6 net/ethernet.32
                0x00000000c001a9a7                Net::switchEndian16(unsigned short)
                0x00000000c001a9c8                Net::switchEndian32(unsigned int)
                0x00000000c001a9f7                Net::crc32Calc(unsigned char*, int)
                0x00000000c001aa88                Net::wrapEthernetFrame(Net::UnwrappedEthernetFrame, unsigned char*)
                0x00000000c001abc4                Net::unwrapEthernetFrame(unsigned char*, int)
 .text          0x00000000c001ad5d      0x513 reg/registry.32
                0x00000000c001ad5d                Reg::findLineFromLoadedData(char*, char*, char*)
                0x00000000c001aeb5                Reg::getLineFromRegistry(char*, char*, char*, char*)
                0x00000000c001b00a                Reg::getLine(char*, char*, char*)
                0x00000000c001b041                Reg::readInt(char*, char*, int*)
                0x00000000c001b12c                Reg::readString(char*, char*, char*, int)
                0x00000000c001b1ad                Reg::readBool(char*, char*, bool*)
                0x00000000c001b1d2                Reg::readBoolWithDefault(char*, char*, bool)
                0x00000000c001b1fe                Reg::readIntWithDefault(char*, char*, int)
                0x00000000c001b22a                Reg::readStringWithDefault(char*, char*, char*, int, char*)
 .text          0x00000000c001b270       0x36 sys/sc_eject.32
                0x00000000c001b270                Sys::eject(regs*)
 .text          0x00000000c001b2a6       0x18 sys/sc_exit.32
                0x00000000c001b2a6                Sys::exit(regs*)
 .text          0x00000000c001b2be       0x1f sys/sc_getcwd.32
                0x00000000c001b2be                Sys::getCwd(regs*)
 .text          0x00000000c001b2dd        0xc sys/sc_getpid.32
                0x00000000c001b2dd                Sys::getPID(regs*)
 .text          0x00000000c001b2e9       0x17 sys/sc_getramdata.32
                0x00000000c001b2e9                Sys::getRAMData(regs*)
 .text          0x00000000c001b300       0xa8 sys/sc_loaddll.32
                0x00000000c001b300                Sys::loadDLL(regs*)
 .text          0x00000000c001b3a8       0x68 sys/sc_read.32
                0x00000000c001b3a8                Sys::read(regs*)
 .text          0x00000000c001b410       0x55 sys/sc_sbrk.32
                0x00000000c001b410                Sys::sbrk(regs*)
 .text          0x00000000c001b465       0x1c sys/sc_setcwd.32
                0x00000000c001b465                Sys::setCwd(regs*)
 .text          0x00000000c001b481      0x128 sys/sc_settime.32
                0x00000000c001b481                Sys::setTime(regs*)
 .text          0x00000000c001b5a9       0x4a sys/sc_timezone.32
                0x00000000c001b5a9                Sys::timezone(regs*)
 .text          0x00000000c001b5f3       0x68 sys/sc_write.32
                0x00000000c001b5f3                Sys::write(regs*)
 .text          0x00000000c001b65b       0x62 sys/sc_wsbe.32
                0x00000000c001b65b                Sys::wsbe(regs*)
 .text          0x00000000c001b6bd       0x3b sys/sc_yield.32
                0x00000000c001b6bd                Sys::yield(regs*)
 .text          0x00000000c001b6f8     0x10e5 sys/syscalls.32
                0x00000000c001b6f8                sysCallSeekDir(regs*)
                0x00000000c001b6fd                sysCallTellDir(regs*)
                0x00000000c001b702                sysCallVerify(regs*)
                0x00000000c001b70c                sysFormatDisk(regs*)
                0x00000000c001b776                sysSetDiskVolumeLabel(regs*)
                0x00000000c001b7bc                sysGetDiskVolumeLabel(regs*)
                0x00000000c001b80d                sysShutdown(regs*)
                0x00000000c001b86b                sysCallRealpath(regs*)
                0x00000000c001b8ae                sysCallGetArgc(regs*)
                0x00000000c001b8dc                sysCallReadDir(regs*)
                0x00000000c001b96a                sysCallIsATTY(regs*)
                0x00000000c001b9c4                sysCallSeek(regs*)
                0x00000000c001ba2d                sysCallTell(regs*)
                0x00000000c001baaa                sysCallSize(regs*)
                0x00000000c001bb2d                sysCallSizeFromFilename(regs*)
                0x00000000c001bbed                sysCallClose(regs*)
                0x00000000c001bc75                sysCallOpenDir(regs*)
                0x00000000c001bcea                sysCallCloseDir(regs*)
                0x00000000c001bd50                sysCallMakeDir(regs*)
                0x00000000c001bdc0                sysCallWait(regs*)
                0x00000000c001bdda                sysCallNotImpl(regs*)
                0x00000000c001bdf5                sysPanic(regs*)
                0x00000000c001be1b                sysCallRmdir(regs*)
                0x00000000c001be7f                sysCallUnlink(regs*)
                0x00000000c001bee3                sysCallGetArgv(regs*)
                0x00000000c001bf2f                sysCallTTYName(regs*)
                0x00000000c001bfb2                sysCallUSleep(regs*)
                0x00000000c001bfd9                sysCallSpawn(regs*)
                0x00000000c001c031                sysCallGetEnv(regs*)
                0x00000000c001c169                sysAppSettings(regs*)
                0x00000000c001c288                sysSetFatAttrib(regs*)
                0x00000000c001c2fa                sysPipe(regs*)
                0x00000000c001c33f                sysGetUnixTime(regs*)
                0x00000000c001c353                string_ends_with(char const*, char const*)
                0x00000000c001c39b                sysCallOpen(regs*)
                0x00000000c001c5b0                Sys::loadSyscalls()
                0x00000000c001c79b                Sys::systemCall(regs*, void*)
 .text          0x00000000c001c7dd     0x11d4 thr/elf.32
                0x00000000c001c7dd                Thr::allocateMemoryForTask(Process*, File*, unsigned long, unsigned long, unsigned long)
                0x00000000c001ca6f                Thr::loadProgramIntoMemory(Process*, char const*)
                0x00000000c001cc85                Thr::runtimeReferenceHelper()
                0x00000000c001cc98                Thr::getAddressOfKernelSymbol(char const*)
                0x00000000c001cce7                Thr::loadKernelSymbolTable(char const*)
                0x00000000c001cfa5                Thr::loadDriverIntoMemory(char const*, unsigned long, bool)
                0x00000000c001d6c1                Thr::getDriverBaseFromAddress(unsigned long)
                0x00000000c001d6f3                Thr::getDriverNameFromAddress(unsigned long)
                0x00000000c001d72a                Thr::getDriverOffsetFromAddress(unsigned long)
                0x00000000c001d744                Thr::loadDLL(char const*, bool)
                0x00000000c001d978                Thr::executeDLL(unsigned long, void*)
 *fill*         0x00000000c001d9b1        0x1 
 .text          0x00000000c001d9b2     0x1056 thr/prcssthr.32
                0x00000000c001d9b2                changeTSS
                0x00000000c001d9e2                Process::addArgs(char**)
                0x00000000c001da3c                Process::Process(char const*, Process*, char**)
                0x00000000c001da3c                Process::Process(char const*, Process*, char**)
                0x00000000c001dc20                Process::Process(bool, char const*, Process*, char**)
                0x00000000c001dc20                Process::Process(bool, char const*, Process*, char**)
                0x00000000c001ddcf                disableIRQs()
                0x00000000c001ddd7                getIRQNestingLevel()
                0x00000000c001dddd                enableIRQs()
                0x00000000c001ddec                lockScheduler()
                0x00000000c001ddee                unlockScheduler()
                0x00000000c001ddf0                userModeEntryPoint(void*)
                0x00000000c001de13                lockStuff()
                0x00000000c001de1f                taskStartupFunction
                0x00000000c001de28                updateTimeUsed()
                0x00000000c001de8d                switchToThread(ThreadControlBlock*)
                0x00000000c001dede                Semaphore::Semaphore(int)
                0x00000000c001dede                Semaphore::Semaphore(int)
                0x00000000c001df0c                Mutex::Mutex()
                0x00000000c001df0c                Mutex::Mutex()
                0x00000000c001df1e                Process::createThread(void (*)(void*), void*, int)
                0x00000000c001e002                Process::createUserThread()
                0x00000000c001e01e                setupMultitasking(void (*)())
                0x00000000c001e128                schedule()
                0x00000000c001e1ad                unlockStuff()
                0x00000000c001e1e2                Semaphore::tryAcquire()
                0x00000000c001e210                Semaphore::assertLocked(char const*)
                0x00000000c001e240                blockTaskWithSchedulerLockAlreadyHeld(TaskState)
                0x00000000c001e282                blockTask(TaskState)
                0x00000000c001e2a3                waitTask(int, int*, int)
                0x00000000c001e2e5                nanoSleepUntil(unsigned long long)
                0x00000000c001e33c                nanoSleep(unsigned long long)
                0x00000000c001e351                sleep(unsigned long long)
                0x00000000c001e36e                Semaphore::acquire()
                0x00000000c001e3d6                taskReturned
                0x00000000c001e404                unblockTask(ThreadControlBlock*)
                0x00000000c001e4b3                cleanupTerminatedTask(ThreadControlBlock*)
                0x00000000c001e77c                cleanerTaskFunction(void*)
                0x00000000c001e82f                terminateTask(int)
                0x00000000c001e90f                Thr::terminateFromIRQ(int)
                0x00000000c001e91c                Semaphore::release()
 .text          0x00000000c001ea08      0xc26 vm86/vm8086.32
                0x00000000c001ea08                Vm::inbv(unsigned short)
                0x00000000c001ea1b                Vm::outbv(unsigned short, unsigned char)
                0x00000000c001ea6e                Vm::realToLinear(unsigned short, unsigned short)
                0x00000000c001ea7e                Vm::getSegment(unsigned int)
                0x00000000c001ea86                Vm::getOffset(unsigned int)
                0x00000000c001ea8b                Vm::mainloop2()
                0x00000000c001eac6                Vm::mainVm8086Loop(void*)
                0x00000000c001ead3                Vm::mainloop3(unsigned long)
                0x00000000c001eafd                Vm::initialise8086()
                0x00000000c001eb40                Vm::finish8086()
                0x00000000c001eb85                Vm::getOutput8086(unsigned char*)
                0x00000000c001ebaf                Vm::start8086(char const*, unsigned short, unsigned short, unsigned short, unsigned short)
                0x00000000c001ecff                Vm::doISR(regs*, int, unsigned char*, unsigned short, unsigned short)
                0x00000000c001ed89                Vm::readByteFromReal(unsigned short, unsigned short)
                0x00000000c001ed9a                Vm::readWordFromReal(unsigned short, unsigned short)
                0x00000000c001edac                Vm::readDwordFromReal(unsigned short, unsigned short)
                0x00000000c001edbd                Vm::writeByteFromReal(unsigned short, unsigned short, unsigned char)
                0x00000000c001edd2                Vm::writeWordFromReal(unsigned short, unsigned short, unsigned short)
                0x00000000c001ede8                Vm::writeDwordFromReal(unsigned short, unsigned short, unsigned int)
                0x00000000c001edfd                Vm::faultHandler(regs*)
 .text          0x00000000c001f62e      0xefd vm86/x87em.32
                0x00000000c001f62e                Vm::fpuInternalTo32(unsigned long long)
                0x00000000c001f689                Vm::fpuInternalTo64(unsigned long long)
                0x00000000c001f692                Vm::fpu32ToInternal(unsigned int)
                0x00000000c001f6d7                Vm::fpu64ToInternal(unsigned long long)
                0x00000000c001f6e0                Vm::fpuFloatToLong(unsigned long long)
                0x00000000c001f73b                Vm::fpuULongToFloat(unsigned long long)
                0x00000000c001f771                Vm::fpuLongToFloat(long long)
                0x00000000c001f7c7                Vm::fpuGet0()
                0x00000000c001f7cc                Vm::fpuGet1()
                0x00000000c001f7d4                Vm::fpuGetPi()
                0x00000000c001f7dc                Vm::fpuGetLog2E()
                0x00000000c001f7f4                Vm::fpuGetLogE2()
                0x00000000c001f80c                Vm::fpuGetLog210()
                0x00000000c001f824                Vm::fpuGetLog102()
                0x00000000c001f83c                Vm::fpuIsSecondLarger(unsigned long long, unsigned long long)
                0x00000000c001f850                Vm::fpuAreEqual(unsigned long long, unsigned long long)
                0x00000000c001f866                Vm::fpuUnorderedCompare(unsigned long long, unsigned long long)
                0x00000000c001f8b9                Vm::fpuAdd(unsigned long long, unsigned long long)
                0x00000000c001f8ca                Vm::fpuAbs(unsigned long long)
                0x00000000c001f8d3                Vm::fpuChs(unsigned long long)
                0x00000000c001f8e3                Vm::fpuSub(unsigned long long, unsigned long long)
                0x00000000c001f8f2                Vm::fpuMultiply(unsigned long long, unsigned long long)
                0x00000000c001f911                Vm::fpuDivide(unsigned long long, unsigned long long)
                0x00000000c001f92d                Vm::fpuSquare(unsigned long long)
                0x00000000c001f943                Vm::fpuGetReg(int)
                0x00000000c001f986                Vm::fpuSetReg(int, unsigned long long)
                0x00000000c001f9d1                Vm::fpuPush(unsigned long long)
                0x00000000c001fa2e                Vm::fpuPop()
                0x00000000c001fa80                Vm::x87Handler(regs*)
 *fill*         0x00000000c002052b        0x1 
 .text          0x00000000c002052c     0x10ed fs/fat/vfslink.32
                0x00000000c002052c                FAT::getName()
                0x00000000c0020532                FAT::tell(void*, unsigned long long*)
                0x00000000c0020566                FAT::stat(void*, unsigned long long*)
                0x00000000c002059a                FAT::~FAT()
                0x00000000c002059a                FAT::~FAT()
                0x00000000c00205be                FAT::~FAT()
                0x00000000c00205e6                FAT::getlabel(LogicalDisk*, int, char*, unsigned int*)
                0x00000000c0020684                FAT::setlabel(LogicalDisk*, int, char*)
                0x00000000c002073e                FAT::format(LogicalDisk*, int, char const*, int)
                0x00000000c0020922                FAT::tryMount(LogicalDisk*, int)
                0x00000000c0020b28                FAT::readDir(void*, unsigned long, void*, int*)
                0x00000000c0020c2e                FAT::read(void*, unsigned long, void*, int*)
                0x00000000c0020c88                FAT::write(void*, unsigned long, void*, int*)
                0x00000000c0020ce2                FAT::close(void*)
                0x00000000c0020d2e                FAT::closeDir(void*)
                0x00000000c0020d7a                FAT::seek(void*, unsigned long long)
                0x00000000c0020dce                fatWrapperReadDisk
                0x00000000c0020e15                fatWrapperWriteDisk
                0x00000000c0020e5c                fatWrapperIoctl
                0x00000000c0020f60                FAT::FAT()
                0x00000000c0020f60                FAT::FAT()
                0x00000000c0020fb2                FAT::fixFilepath(char*)
                0x00000000c0020fea                FAT::open(char const*, void**, FileOpenMode)
                0x00000000c0021112                FAT::openDir(char const*, void**)
                0x00000000c00211b8                FAT::stat(char const*, unsigned long long*, bool*)
                0x00000000c00212a2                FAT::unlink(char const*)
                0x00000000c002131c                FAT::chfatattr(char const*, unsigned char, unsigned char)
                0x00000000c0021470                FAT::rename(char const*, char const*)
                0x00000000c0021534                FAT::mkdir(char const*)
                0x00000000c00215ae                FAT::exists(char const*)
 *fill*         0x00000000c0021619        0x1 
 .text          0x00000000c002161a      0xbc1 fs/iso9660/vfslink.32
                0x00000000c002161a                ISO9660::format(LogicalDisk*, int, char const*, int)
                0x00000000c0021620                ISO9660::seek(void*, unsigned long long)
                0x00000000c0021650                ISO9660::tell(void*, unsigned long long*)
                0x00000000c0021674                ISO9660::getName()
                0x00000000c002167a                ISO9660::stat(void*, unsigned long long*)
                0x00000000c002169e                ISO9660::chfatattr(char const*, unsigned char, unsigned char)
                0x00000000c00216a4                ISO9660::unlink(char const*)
                0x00000000c00216aa                ISO9660::write(void*, unsigned long, void*, int*)
                0x00000000c00216b0                ISO9660::rename(char const*, char const*)
                0x00000000c00216b6                ISO9660::mkdir(char const*)
                0x00000000c00216bc                ISO9660::close(void*)
                0x00000000c00216de                ISO9660::closeDir(void*)
                0x00000000c0021700                ISO9660::~ISO9660()
                0x00000000c0021700                ISO9660::~ISO9660()
                0x00000000c0021724                ISO9660::~ISO9660()
                0x00000000c002174b                __memmem(unsigned char*, int, unsigned char*, int)
                0x00000000c002178d                readSectorFromCDROM(unsigned int, unsigned char*, char)
                0x00000000c00217f4                ISO9660::tryMount(LogicalDisk*, int)
                0x00000000c0021844                ISO9660::read(void*, unsigned long, void*, int*)
                0x00000000c0021a44                ISO9660::readDir(void*, unsigned long, void*, int*)
                0x00000000c0021cd1                readRoot(unsigned int*, unsigned int*, char)
                0x00000000c0021d26                readRecursively(char*, unsigned int, unsigned int, unsigned int*, unsigned int*, char, int*)
                0x00000000c0021ef9                getFileData(char*, unsigned int*, unsigned int*, char, int*)
                0x00000000c0021f88                ISO9660::open(char const*, void**, FileOpenMode)
                0x00000000c0022048                ISO9660::exists(char const*)
                0x00000000c002206c                ISO9660::stat(char const*, unsigned long long*, bool*)
                0x00000000c0022100                ISO9660::openDir(char const*, void**)
                0x00000000c00221b8                ISO9660::ISO9660()
                0x00000000c00221b8                ISO9660::ISO9660()
 *fill*         0x00000000c00221db        0x1 
 .text          0x00000000c00221dc      0x326 hal/sound/sndchannel.32
                0x00000000c00221dc                SoundChannel::~SoundChannel()
                0x00000000c00221dc                SoundChannel::~SoundChannel()
                0x00000000c00221f8                SoundChannel::setSpeed(float)
                0x00000000c0022204                SoundChannel::getSpeed()
                0x00000000c002220c                SoundChannel::setVolume(int)
                0x00000000c0022228                SoundChannel::getVolume()
                0x00000000c0022230                SoundChannel::pause()
                0x00000000c002223a                SoundChannel::SoundChannel(int, int, int, int)
                0x00000000c002223a                SoundChannel::SoundChannel(int, int, int, int)
                0x00000000c0022390                SoundChannel::play()
                0x00000000c002239a                SoundChannel::paused()
                0x00000000c00223a2                SoundChannel::getSampleRate()
                0x00000000c00223aa                SoundChannel::getBits()
                0x00000000c00223b2                SoundChannel::getBufferUsed()
                0x00000000c00223ba                SoundChannel::getBufferSize()
                0x00000000c00223c2                SoundChannel::unbuffer(float*, int, int)
                0x00000000c0022462                SoundChannel::buffer8(unsigned char*, int)
 .text          0x00000000c0022502      0x3d5 hal/sound/sndhw.32
                0x00000000c0022502                SoundDevice::SoundDevice(char const*)
                0x00000000c0022502                SoundDevice::SoundDevice(char const*)
                0x00000000c002256e                SoundDevice::~SoundDevice()
                0x00000000c002256e                SoundDevice::~SoundDevice()
                0x00000000c00225e8                SoundDevice::~SoundDevice()
                0x00000000c0022612                SoundDevice::getFreeChannelNum()
                0x00000000c002262c                SoundDevice::addChannel(SoundChannel*)
                0x00000000c002269c                SoundDevice::removeChannel(int)
                0x00000000c00226ce                SoundDevice::floatTo8(float*, unsigned char*, int)
                0x00000000c00227b6                SoundDevice::getAudio(int, float*, float*)
 .text          0x00000000c00228d7        0x0 hw/bus/isa.32
 *fill*         0x00000000c00228d7        0x1 
 .text          0x00000000c00228d8      0x6c3 hw/bus/pci.32
                0x00000000c00228d8                PCI::open(int, int, void*)
                0x00000000c00228ec                PCI::close(int, int, void*)
                0x00000000c00228f0                PCI::PCI()
                0x00000000c00228f0                PCI::PCI()
                0x00000000c0022970                PCI::pciReadWord(unsigned char, unsigned char, unsigned char, unsigned char)
                0x00000000c00229b8                PCI::getVendorID(unsigned char, unsigned char, unsigned char)
                0x00000000c00229da                PCI::getHeaderType(unsigned char, unsigned char, unsigned char)
                0x00000000c00229fe                PCI::getClassCode(unsigned char, unsigned char, unsigned char)
                0x00000000c0022a42                PCI::getProgIF(unsigned char, unsigned char, unsigned char)
                0x00000000c0022a66                PCI::getRevisionID(unsigned char, unsigned char, unsigned char)
                0x00000000c0022a88                PCI::getInterruptNumber(unsigned char, unsigned char, unsigned char)
                0x00000000c0022aaa                PCI::getSecondaryBus(unsigned char, unsigned char, unsigned char)
                0x00000000c0022ace                PCI::getBARAddress(unsigned char, unsigned char, unsigned char, unsigned char)
                0x00000000c0022b2e                PCI::pciWriteWord(unsigned char, unsigned char, unsigned char, unsigned char, unsigned short)
                0x00000000c0022b9a                PCI::checkBus(unsigned char)
                0x00000000c0022bbe                PCI::foundDevice(PCIDeviceInfo)
                0x00000000c0022d30                PCI::getDeviceData(unsigned char, unsigned char, unsigned char)
                0x00000000c0022edc                PCI::checkDevice(unsigned char, unsigned char)
                0x00000000c0022f48                PCI::detect()
 *fill*         0x00000000c0022f9b        0x1 
 .text          0x00000000c0022f9c      0xc70 hw/diskctrl/ide.32
                0x00000000c0022f9c                IDE::close(int, int, void*)
                0x00000000c0022fa0                IDE::IDE()
                0x00000000c0022fa0                IDE::IDE()
                0x00000000c0022fd4                IDE::prepareInterrupt(unsigned char)
                0x00000000c0022fe6                selectDrive(unsigned char, unsigned char)
                0x00000000c0022fe8                IDE::getBase(unsigned char)
                0x00000000c0022ffa                IDE::write(unsigned char, unsigned char, unsigned char)
                0x00000000c00230ba                IDE::read(unsigned char, unsigned char)
                0x00000000c0023168                IDE::waitInterrupt(unsigned char)
                0x00000000c00231ce                ideChannel0IRQHandler(regs*, void*)
                0x00000000c00231ea                ideChannel1IRQHandler(regs*, void*)
                0x00000000c0023206                IDE::enableIRQs(unsigned char, bool)
                0x00000000c002324c                IDE::open(int, int, void*)
                0x00000000c002365c                IDE::readBuffer(unsigned char, unsigned char, unsigned int, unsigned int)
                0x00000000c0023728                IDE::detect()
                0x00000000c0023a10                IDE::printError(unsigned char, unsigned char, unsigned char)
                0x00000000c0023ba6                IDE::polling(unsigned char, unsigned int)
 .text          0x00000000c0023c0c      0x390 hw/diskctrl/satabus.32
                0x00000000c0023c0c                SATABus::close(int, int, void*)
                0x00000000c0023c10                SATABus::detect()
                0x00000000c0023c12                SATABus::SATABus()
                0x00000000c0023c12                SATABus::SATABus()
                0x00000000c0023cbe                SATABus::findCmdslot(SATABus::tagHBA_PORT volatile*)
                0x00000000c0023d06                SATABus::checkType(SATABus::tagHBA_PORT volatile*)
                0x00000000c0023d4e                SATABus::startCmd(SATABus::tagHBA_PORT volatile*)
                0x00000000c0023d6e                SATABus::stopCmd(SATABus::tagHBA_PORT volatile*)
                0x00000000c0023d98                SATABus::portRebase(SATABus::tagHBA_PORT volatile*, int)
                0x00000000c0023e9e                SATABus::probePort(SATABus::tagHBA_MEM volatile*)
                0x00000000c0023f7c                SATABus::open(int, int, void*)
 .text          0x00000000c0023f9c      0x63c hw/diskphys/ata.32
                0x00000000c0023f9c                ATA::close(int, int, void*)
                0x00000000c0023fc0                ATA::powerSaving(PowerSavingLevel)
                0x00000000c0023fc2                ATA::ATA()
                0x00000000c0023fc2                ATA::ATA()
                0x00000000c0023ff0                ATA::flush(bool)
                0x00000000c002403a                ATA::readyForCommand()
                0x00000000c002408a                ATA::access(unsigned long long, int, void*, bool)
                0x00000000c0024412                ATA::read(unsigned long long, int, void*)
                0x00000000c002447a                ATA::write(unsigned long long, int, void*)
                0x00000000c00244e2                ATA::detectCHS()
                0x00000000c002450c                ATA::open(int, int, void*)
 .text          0x00000000c00245d8      0x5bd hw/diskphys/atapi.32
                0x00000000c00245d8                ATAPI::write(unsigned long long, int, void*)
                0x00000000c00245de                ATAPI::close(int, int, void*)
                0x00000000c0024602                ATAPI::ATAPI()
                0x00000000c0024602                ATAPI::ATAPI()
                0x00000000c0024630                ATAPI::readyForCommand()
                0x00000000c0024680                ATAPI::sendPacket(unsigned char*, int, bool, unsigned short*, int)
                0x00000000c0024940                ATAPI::diskRemoved()
                0x00000000c002495c                ATAPI::eject()
                0x00000000c00249a4                ATAPI::diskInserted()
                0x00000000c00249d2                ATAPI::detectMedia()
                0x00000000c0024a8e                ATAPI::open(int, int, void*)
                0x00000000c0024b16                ATAPI::read(unsigned long long, int, void*)
 *fill*         0x00000000c0024b95        0x1 
 .text          0x00000000c0024b96      0x455 hw/diskphys/sata.32
                0x00000000c0024b96                SATA::close(int, int, void*)
                0x00000000c0024bba                SATA::powerSaving(PowerSavingLevel)
                0x00000000c0024bbc                SATA::open(int, int, void*)
                0x00000000c0024c6a                SATA::SATA()
                0x00000000c0024c6a                SATA::SATA()
                0x00000000c0024c98                SATA::access(unsigned long long, int, void*, bool)
                0x00000000c0024efe                SATA::read(unsigned long long, int, void*)
                0x00000000c0024f66                SATA::write(unsigned long long, int, void*)
 *fill*         0x00000000c0024feb        0x1 
 .text          0x00000000c0024fec      0x500 hw/diskphys/satapi.32
                0x00000000c0024fec                SATAPI::write(unsigned long long, int, void*)
                0x00000000c0024ff2                SATAPI::close(int, int, void*)
                0x00000000c0025016                SATAPI::SATAPI()
                0x00000000c0025016                SATAPI::SATAPI()
                0x00000000c0025044                SATAPI::diskRemoved()
                0x00000000c0025060                SATAPI::diskInserted()
                0x00000000c002508e                SATAPI::sendPacket(unsigned char*, int, unsigned long long, unsigned short*, int)
                0x00000000c0025292                SATAPI::eject()
                0x00000000c00252da                SATAPI::detectMedia()
                0x00000000c002539c                SATAPI::open(int, int, void*)
                0x00000000c002544a                SATAPI::read(unsigned long long, int, void*)
 .text          0x00000000c00254ec       0x8e hw/fpu/avx.32
                0x00000000c00254ec                AVX::open(int, int, void*)
                0x00000000c00254fe                AVX::close(int, int, void*)
                0x00000000c0025510                AVX::available()
                0x00000000c0025522                AVX::save(void*)
                0x00000000c002553a                AVX::load(void*)
                0x00000000c0025552                AVX::AVX()
                0x00000000c0025552                AVX::AVX()
 .text          0x00000000c002557a       0x90 hw/fpu/mmx.32
                0x00000000c002557a                MMX::available()
                0x00000000c002558e                MMX::open(int, int, void*)
                0x00000000c00255a0                MMX::close(int, int, void*)
                0x00000000c00255b2                MMX::save(void*)
                0x00000000c00255ca                MMX::load(void*)
                0x00000000c00255e2                MMX::MMX()
                0x00000000c00255e2                MMX::MMX()
 .text          0x00000000c002560a       0x96 hw/fpu/sse.32
                0x00000000c002560a                SSE::open(int, int, void*)
                0x00000000c002561c                SSE::close(int, int, void*)
                0x00000000c002562e                SSE::available()
                0x00000000c0025648                SSE::save(void*)
                0x00000000c0025660                SSE::load(void*)
                0x00000000c0025678                SSE::SSE()
                0x00000000c0025678                SSE::SSE()
 .text          0x00000000c00256a0       0x8e hw/fpu/x87.32
                0x00000000c00256a0                x87::open(int, int, void*)
                0x00000000c00256b2                x87::close(int, int, void*)
                0x00000000c00256c4                x87::available()
                0x00000000c00256d6                x87::save(void*)
                0x00000000c00256ee                x87::load(void*)
                0x00000000c0025706                x87::x87()
                0x00000000c0025706                x87::x87()
 .text          0x00000000c002572e      0x71e hw/intctrl/apic.32
                0x00000000c002572e                APIC::disable()
                0x00000000c0025730                APIC::close(int, int, void*)
                0x00000000c0025752                IOAPIC::close(int, int, void*)
                0x00000000c0025758                APIC::io_wait()
                0x00000000c002575e                APIC::getBase()
                0x00000000c00257a0                APIC::eoi(unsigned char)
                0x00000000c00257ce                APIC::open(int, int, void*)
                0x00000000c002591c                IOAPIC::IOAPIC()
                0x00000000c002591c                IOAPIC::IOAPIC()
                0x00000000c0025944                APIC::APIC()
                0x00000000c0025944                APIC::APIC()
                0x00000000c0025a20                IOAPIC::handlesGSIWithNumber(unsigned int)
                0x00000000c0025a52                IOAPIC::read(int)
                0x00000000c0025a7a                IOAPIC::open(int, int, void*)
                0x00000000c0025b70                IOAPIC::write(int, int)
                0x00000000c0025b9c                IOAPIC::redirect(unsigned char, unsigned long long, unsigned char, bool, bool)
                0x00000000c0025c96                APIC::installIRQHandler(int, void (*)(regs*, void*), bool, void*)
 .text          0x00000000c0025e4c      0x3d3 hw/intctrl/pic.32
                0x00000000c0025e4c                PIC::disable()
                0x00000000c0025e7a                PIC::close(int, int, void*)
                0x00000000c0025e9c                PIC::PIC()
                0x00000000c0025e9c                PIC::PIC()
                0x00000000c0025f72                PIC::ioWait()
                0x00000000c0025f78                PIC::getIRQReg(int)
                0x00000000c0025fe2                PIC::eoi(unsigned char)
                0x00000000c0026074                PIC::remap()
                0x00000000c00261e0                PIC::open(int, int, void*)
 *fill*         0x00000000c002621f        0x1 
 .text          0x00000000c0026220      0x25e hw/timer/apictimer.32
                0x00000000c0026220                APICTimer::close(int, int, void*)
                0x00000000c0026226                apicTimerHandler(regs*, void*)
                0x00000000c0026254                APICTimer::write(int)
                0x00000000c0026358                APICTimer::open(int, int, void*)
                0x00000000c0026456                APICTimer::APICTimer()
                0x00000000c0026456                APICTimer::APICTimer()
 .text          0x00000000c002647e      0x1a7 hw/timer/pit.32
                0x00000000c002647e                PIT::write(int)
                0x00000000c00264fc                pitHandler(regs*, void*)
                0x00000000c0026528                PIT::open(int, int, void*)
                0x00000000c0026576                PIT::close(int, int, void*)
                0x00000000c00265a6                PIT::PIT()
                0x00000000c00265a6                PIT::PIT()
 *fill*         0x00000000c0026625        0xb 
 .text          0x00000000c0026630       0x1e hw/fpu/x86/avx.32
                0x00000000c0026630                avxDetect
                0x00000000c0026636                avxSave
                0x00000000c0026637                avxLoad
                0x00000000c0026638                avxInit
                0x00000000c0026639                avxClose
                0x00000000c002663a                wouldSheSayYes
 *fill*         0x00000000c002664e        0x2 
 .text          0x00000000c0026650       0x35 hw/fpu/x86/sse.32
                0x00000000c0026650                absolutelyNoChanceInHell
                0x00000000c0026650                sseDetect
                0x00000000c0026668                sseSave
                0x00000000c002666e                sseLoad
                0x00000000c0026674                sseInit
                0x00000000c0026684                sseClose
 *fill*         0x00000000c0026685        0xb 
 .text          0x00000000c0026690       0x47 hw/fpu/x86/x87.32
                0x00000000c0026696                x87Detect
                0x00000000c00266b1                x87Save
                0x00000000c00266b7                x87Load
                0x00000000c00266bc                x87Init
                0x00000000c00266d6                x87Close
 *fill*         0x00000000c00266d7        0x1 
 .text          0x00000000c00266d8       0x25 /cygdrive/d/Users/Alex/Desktop/Toolchain/Output/bin/../lib/gcc/i386-banana/8.1.0/crtend.o
 .text          0x00000000c00266fd        0x0 crtn.32
 *fill*         0x00000000c00266fd        0x3 
 .text          0x00000000c0026700      0x14b /cygdrive/d/Users/Alex/Desktop/Toolchain/Output/bin/../lib/gcc/i386-banana/8.1.0/libkgcc.a(_divdi3.o)
                0x00000000c0026700                __divdi3
 *fill*         0x00000000c002684b        0x1 
 .text          0x00000000c002684c      0x17e /cygdrive/d/Users/Alex/Desktop/Toolchain/Output/bin/../lib/gcc/i386-banana/8.1.0/libkgcc.a(_moddi3.o)
                0x00000000c002684c                __moddi3
 *fill*         0x00000000c00269ca        0x2 
 .text          0x00000000c00269cc       0xff /cygdrive/d/Users/Alex/Desktop/Toolchain/Output/bin/../lib/gcc/i386-banana/8.1.0/libkgcc.a(_udivdi3.o)
                0x00000000c00269cc                __udivdi3
 *fill*         0x00000000c0026acb        0x1 
 .text          0x00000000c0026acc      0x11a /cygdrive/d/Users/Alex/Desktop/Toolchain/Output/bin/../lib/gcc/i386-banana/8.1.0/libkgcc.a(_umoddi3.o)
                0x00000000c0026acc                __umoddi3
 .text          0x00000000c0026be6      0x96d D:/Users/Alex/Desktop/Banana/kernel/libsoftfp.a(sfieeelib.o)
                0x00000000c0026be6                __addsf3
                0x00000000c0026ee8                __subsf3
                0x00000000c0026efc                __negsf2
                0x00000000c0026f09                __mulsf3
                0x00000000c00270cc                __divsf3
                0x00000000c00272f7                __floatsisf
                0x00000000c002736b                __floatunsisf
                0x00000000c00273ad                __fixsfsi
                0x00000000c002740f                __fixunssfsi
                0x00000000c0027440                __cmpsf2
                0x00000000c00274d5                __eqsf2