Archive member included to satisfy reference by file (symbol)

/cygdrive/d/Users/Alex/Desktop/Toolchain/Output/bin/../lib/gcc/i386-banana/8.1.0/libgcc.a(_divdi3.o)
                              fs/fat/ff.32 (__divdi3)
/cygdrive/d/Users/Alex/Desktop/Toolchain/Output/bin/../lib/gcc/i386-banana/8.1.0/libgcc.a(_moddi3.o)
                              thr/elf.32 (__moddi3)
/cygdrive/d/Users/Alex/Desktop/Toolchain/Output/bin/../lib/gcc/i386-banana/8.1.0/libgcc.a(_udivdi3.o)
                              fs/fat/ff.32 (__udivdi3)
/cygdrive/d/Users/Alex/Desktop/Toolchain/Output/bin/../lib/gcc/i386-banana/8.1.0/libgcc.a(_umoddi3.o)
                              core/pipe.32 (__umoddi3)
D:/Users/Alex/Desktop/Banana/kernel/libk/libm32.a(s_fabs.c.o)
                              hal/libresample/samplerate.32 (fabs)
D:/Users/Alex/Desktop/Banana/kernel/libk/libm32.a(s_lrint.S.o)
                              hal/libresample/samplerate.32 (lrint)
D:/Users/Alex/Desktop/Banana/kernel/libk/libm32.a(s_lrintf.S.o)
                              hal/sound/sndhw.32 (lrintf)

Discarded input sections

 .comment       0x0000000000000000       0x12 /cygdrive/d/Users/Alex/Desktop/Toolchain/Output/bin/../lib/gcc/i386-banana/8.1.0/crtbegin.o
 .comment       0x0000000000000000       0x12 acpica/utclib.32
 .comment       0x0000000000000000       0x12 core/malloc.32
 .comment       0x0000000000000000       0x12 libk/string.32
 .comment       0x0000000000000000       0x12 fs/fat/diskio.32
 .comment       0x0000000000000000       0x12 fs/fat/ff.32
 .comment       0x0000000000000000       0x12 fs/fat/ffsystem.32
 .comment       0x0000000000000000       0x12 fs/fat/ffunicode.32
 .comment       0x0000000000000000       0x12 hal/libresample/samplerate.32
 .comment       0x0000000000000000       0x12 hal/libresample/src_linear.32
 .comment       0x0000000000000000       0x12 hal/libresample/src_sinc.32
 .comment       0x0000000000000000       0x12 hal/libresample/src_zoh.32
 .group         0x0000000000000000       0x14 core/computer.32
 .group         0x0000000000000000        0xc core/computer.32
 .comment       0x0000000000000000       0x12 core/computer.32
 .comment       0x0000000000000000       0x12 core/gdt.32
 .group         0x0000000000000000        0xc core/idle.32
 .comment       0x0000000000000000       0x12 core/idle.32
 .comment       0x0000000000000000       0x12 core/idt.32
 .group         0x0000000000000000        0x8 core/kheap.32
 .group         0x0000000000000000        0x8 core/kheap.32
 .comment       0x0000000000000000       0x12 core/kheap.32
 .comment       0x0000000000000000       0x12 core/main.32
 .comment       0x0000000000000000       0x12 core/physmgr.32
 .group         0x0000000000000000        0xc core/pipe.32
 .comment       0x0000000000000000       0x12 core/pipe.32
 .group         0x0000000000000000        0xc core/terminal.32
 .comment       0x0000000000000000       0x12 core/terminal.32
 .group         0x0000000000000000        0x8 core/tss.32
 .text._ZN3CPU7readCR3Ev
                0x0000000000000000       0x12 core/tss.32
 .comment       0x0000000000000000       0x12 core/tss.32
 .group         0x0000000000000000        0x8 core/unixfile.32
 .group         0x0000000000000000        0xc core/unixfile.32
 .group         0x0000000000000000        0xc core/unixfile.32
 .group         0x0000000000000000        0x8 core/unixfile.32
 .group         0x0000000000000000        0xc core/unixfile.32
 .group         0x0000000000000000        0x8 core/unixfile.32
 .group         0x0000000000000000        0xc core/unixfile.32
 .group         0x0000000000000000        0xc core/unixfile.32
 .comment       0x0000000000000000       0x12 core/unixfile.32
 .group         0x0000000000000000        0x8 core/virtmgr.32
 .group         0x0000000000000000        0x8 core/virtmgr.32
 .text._ZN3CPU7readCR3Ev
                0x0000000000000000       0x12 core/virtmgr.32
 .text._ZN3CPU8writeCR3Em
                0x0000000000000000        0x9 core/virtmgr.32
 .comment       0x0000000000000000       0x12 core/virtmgr.32
 .comment       0x0000000000000000       0x12 coreobjs/c++.32
 .comment       0x0000000000000000       0x12 dbg/kconsole.32
 .group         0x0000000000000000        0xc fs/vfs.32
 .group         0x0000000000000000        0xc fs/vfs.32
 .group         0x0000000000000000        0xc fs/vfs.32
 .comment       0x0000000000000000       0x12 fs/vfs.32
 .group         0x0000000000000000        0xc hal/bus.32
 .comment       0x0000000000000000       0x12 hal/bus.32
 .group         0x0000000000000000        0xc hal/buzzer.32
 .comment       0x0000000000000000       0x12 hal/buzzer.32
 .group         0x0000000000000000        0xc hal/clock.32
 .comment       0x0000000000000000       0x12 hal/clock.32
 .group         0x0000000000000000       0x14 hal/device.32
 .group         0x0000000000000000        0xc hal/device.32
 .group         0x0000000000000000        0xc hal/device.32
[...]
Memory Configuration

Name             Origin             Length             Attributes
*default*        0x0000000000000000 0xffffffffffffffff

Linker script and memory map

LOAD D:/Users/Alex/Desktop/Banana/kernel/boot.32
LOAD crti.32
LOAD /cygdrive/d/Users/Alex/Desktop/Toolchain/Output/bin/../lib/gcc/i386-banana/8.1.0/crtbegin.o
LOAD D:/Users/Alex/Desktop/Banana/kernel/morenasm.32
LOAD acpica/utclib.32
LOAD core/malloc.32
LOAD libk/string.32
LOAD fs/fat/diskio.32
LOAD fs/fat/ff.32
LOAD fs/fat/ffsystem.32
LOAD fs/fat/ffunicode.32
LOAD hal/libresample/samplerate.32
LOAD hal/libresample/src_linear.32
LOAD hal/libresample/src_sinc.32
LOAD hal/libresample/src_zoh.32
LOAD core/computer.32
LOAD core/gdt.32
LOAD core/idle.32
LOAD core/idt.32
LOAD core/kheap.32
LOAD core/main.32
LOAD core/physmgr.32
LOAD core/pipe.32
LOAD core/terminal.32
LOAD core/tss.32
LOAD core/unixfile.32
LOAD core/virtmgr.32
LOAD coreobjs/c++.32
LOAD dbg/kconsole.32
LOAD fs/vfs.32
LOAD hal/bus.32
LOAD hal/buzzer.32
LOAD hal/clock.32
LOAD hal/device.32
LOAD hal/diskctrl.32
LOAD hal/diskphys.32
LOAD hal/fpu.32
LOAD hal/intctrl.32
LOAD hal/keybrd.32
LOAD hal/logidisk.32
LOAD hal/mouse.32
LOAD hal/partition.32
LOAD hal/timer.32
LOAD hal/vcache.32
LOAD hal/video.32
LOAD hw/acpi.32
LOAD hw/cpu.32
LOAD hw/ports.32
LOAD krnl/panic.32
LOAD reg/registry.32
LOAD sys/sc_exit.32
LOAD sys/sc_loaddll.32
LOAD sys/sc_read.32
LOAD sys/sc_sbrk.32
LOAD sys/sc_write.32
LOAD sys/sc_yield.32
LOAD sys/syscalls.32
LOAD thr/elf.32
LOAD thr/prcssthr.32
LOAD vm86/vm8086.32
LOAD fs/fat/vfslink.32
LOAD fs/iso9660/vfslink.32
LOAD hal/sound/sndchannel.32
LOAD hal/sound/sndhw.32
LOAD hw/bus/isa.32
LOAD hw/bus/pci.32
LOAD hw/diskctrl/ide.32
LOAD hw/diskphys/ata.32
LOAD hw/diskphys/atapi.32
LOAD hw/fpu/avx.32
LOAD hw/fpu/mmx.32
LOAD hw/fpu/sse.32
LOAD hw/fpu/x87.32
LOAD hw/intctrl/apic.32
LOAD hw/intctrl/pic.32
LOAD hw/timer/apictimer.32
LOAD hw/timer/pit.32
LOAD hw/fpu/x86/avx.32
LOAD hw/fpu/x86/sse.32
LOAD hw/fpu/x86/x87.32
LOAD /cygdrive/d/Users/Alex/Desktop/Toolchain/Output/bin/../lib/gcc/i386-banana/8.1.0/crtend.o
LOAD crtn.32
LOAD /cygdrive/d/Users/Alex/Desktop/Toolchain/Output/bin/../lib/gcc/i386-banana/8.1.0/libgcc.a
LOAD D:/Users/Alex/Desktop/Banana/kernel/libk/libm32.a
                0x00000000c0000000                . = 0xc0000000

.text           0x00000000c0000000    0x1e5b8
 *(.text)
 .text          0x00000000c0000000       0x41 D:/Users/Alex/Desktop/Banana/kernel/boot.32
                0x00000000c0000020                callGlobalConstructors
 .text          0x00000000c0000041        0x0 crti.32
 *fill*         0x00000000c0000041        0x3 
 .text          0x00000000c0000044      0x101 /cygdrive/d/Users/Alex/Desktop/Toolchain/Output/bin/../lib/gcc/i386-banana/8.1.0/crtbegin.o
 *fill*         0x00000000c0000145        0xb 
 .text          0x00000000c0000150      0x41f D:/Users/Alex/Desktop/Banana/kernel/morenasm.32
                0x00000000c0000150                doTPAUSE
                0x00000000c000015a                hasLegacyFPU
                0x00000000c000017f                is486
                0x00000000c00001b5                goToVM86
                0x00000000c00001e6                goToUsermode
                0x00000000c0000211                switchToThreadASMFirstTime
                0x00000000c000021f                switchToThreadASM
                0x00000000c00002bf                detectCPUID
                0x00000000c00002d5                asmQuickAcquireLock
                0x00000000c00002f3                asmQuickReleaseLock
                0x00000000c00002ff                asmAcquireLock
                0x00000000c0000320                asmReleaseLock
                0x00000000c0000333                loadGDT
                0x00000000c0000353                isr0
                0x00000000c0000363                isr1
                0x00000000c000036d                isr2
                0x00000000c0000377                isr3
                0x00000000c0000381                isr4
                0x00000000c000038b                isr5
                0x00000000c0000395                isr6
                0x00000000c000039f                isr7
                0x00000000c00003a9                isr8
                0x00000000c00003b1                isr9
                0x00000000c00003bb                isr10
                0x00000000c00003c3                isr11
                0x00000000c00003cb                isr12
                0x00000000c00003d3                isr13
                0x00000000c00003db                isr14
                0x00000000c00003e3                isr15
                0x00000000c00003ed                isr16
                0x00000000c00003f7                isr17
                0x00000000c0000401                isr18
                0x00000000c000040b                isr96
                0x00000000c0000415                irq0
                0x00000000c000041f                irq1
                0x00000000c0000429                irq2
                0x00000000c0000433                irq3
                0x00000000c000043d                irq4
                0x00000000c0000447                irq5
                0x00000000c0000451                irq6
                0x00000000c000045b                irq7
                0x00000000c0000465                irq8
                0x00000000c000046f                irq9
                0x00000000c0000479                irq10
                0x00000000c0000483                irq11
                0x00000000c000048d                irq12
                0x00000000c0000497                irq13
                0x00000000c00004a1                irq14
                0x00000000c00004ab                irq15
                0x00000000c00004b5                irq16
                0x00000000c00004bf                irq17
                0x00000000c00004c9                irq18
                0x00000000c00004d3                irq19
                0x00000000c00004dd                irq20
                0x00000000c00004e7                irq21
                0x00000000c00004f1                irq22
                0x00000000c00004fb                irq23
                0x00000000c0000505                int_common_stub
                0x00000000c0000535                syscall_common_stub
 .text          0x00000000c000056f      0x40f acpica/utclib.32
                0x00000000c000056f                memcmp
                0x00000000c000059a                memmove
                0x00000000c00005d2                memcpy
                0x00000000c0000608                memset
                0x00000000c0000625                strlen
                0x00000000c0000635                strpbrk
                0x00000000c0000658                strtok
                0x00000000c00006a7                strcpy
                0x00000000c00006c7                strncpy
                0x00000000c00006f8                strcmp
                0x00000000c0000719                strchr
                0x00000000c000072f                strncmp
                0x00000000c000075e                strcat
                0x00000000c0000785                strncat
                0x00000000c00007bf                strstr
                0x00000000c00007fc                toupper
                0x00000000c0000810                tolower
                0x00000000c0000824                simple_strtoul
 .text          0x00000000c000097e      0xfbf core/malloc.32
                0x00000000c0000ae9                dlfree
                0x00000000c0000e44                dlmalloc
                0x00000000c0001381                dlrealloc
                0x00000000c0001536                dlmemalign
                0x00000000c0001659                dlcalloc
                0x00000000c00016f3                dlcfree
                0x00000000c00016f8                dlindependent_calloc
                0x00000000c000171d                dlindependent_comalloc
                0x00000000c0001734                dlvalloc
                0x00000000c000175f                dlpvalloc
                0x00000000c0001795                dlmalloc_trim
                0x00000000c00017a2                dlmalloc_usable_size
                0x00000000c00017d3                dlmallinfo
                0x00000000c00018a2                dlmalloc_stats
                0x00000000c00018b3                dlmallopt
 .text          0x00000000c000193d        0x0 libk/string.32
 .text          0x00000000c000193d       0x51 fs/fat/diskio.32
                0x00000000c000193d                disk_status
                0x00000000c0001940                disk_initialize
                0x00000000c0001943                disk_read
                0x00000000c0001959                disk_write
                0x00000000c000196f                disk_ioctl
 .text          0x00000000c000198e     0x6833 fs/fat/ff.32
                0x00000000c0004c5c                f_mount
                0x00000000c0004cbe                f_open
                0x00000000c00050fa                f_read
                0x00000000c000537a                f_write
                0x00000000c0005634                f_sync
                0x00000000c0005810                f_close
                0x00000000c000583f                f_lseek
                0x00000000c0005cf6                f_opendir
                0x00000000c0005df8                f_closedir
                0x00000000c0005e1a                f_readdir
                0x00000000c0005eb5                f_stat
                0x00000000c0005f44                f_getfree
                0x00000000c000610f                f_truncate
                0x00000000c0006207                f_unlink
                0x00000000c000638a                f_mkdir
                0x00000000c00065b6                f_rename
                0x00000000c00068a9                f_chmod
                0x00000000c0006987                f_utime
                0x00000000c0006a65                f_getlabel
                0x00000000c0006c53                f_setlabel
                0x00000000c0006ec0                f_forward
                0x00000000c000709e                f_mkfs
 .text          0x00000000c00081c1       0x2d fs/fat/ffsystem.32
                0x00000000c00081c1                ff_memalloc
                0x00000000c00081d7                ff_memfree
 .text          0x00000000c00081ee      0x253 fs/fat/ffunicode.32
                0x00000000c00081ee                ff_uni2oem
                0x00000000c000827e                ff_oem2uni
                0x00000000c00082ea                ff_wtoupper
 .text          0x00000000c0008441      0x70e hal/libresample/samplerate.32
                0x00000000c00084c9                src_delete
                0x00000000c0008505                src_process
                0x00000000c000862d                src_callback_read
                0x00000000c000878e                src_set_ratio
                0x00000000c00087e5                src_get_channels
                0x00000000c0008807                src_reset
                0x00000000c000884b                src_new
                0x00000000c00088d9                src_callback_new
                0x00000000c000893b                src_get_name
                0x00000000c0008972                src_get_description
                0x00000000c00089a9                src_get_version
                0x00000000c00089af                src_is_valid_ratio
                0x00000000c00089c9                src_error
                0x00000000c00089d7                src_strerror
                0x00000000c00089ea                src_simple
                0x00000000c0008a3d                src_short_to_float_array
                0x00000000c0008a63                src_float_to_short_array
                0x00000000c0008ac7                src_int_to_float_array
                0x00000000c0008aed                src_float_to_int_array
 .text          0x00000000c0008b4f      0x3fd hal/libresample/src_linear.32
                0x00000000c0008ea7                linear_get_name
                0x00000000c0008eb6                linear_get_description
                0x00000000c0008ec5                linear_set_converter
 .text          0x00000000c0008f4c     0x1a3f hal/libresample/src_sinc.32
                0x00000000c000a8a2                sinc_get_name
                0x00000000c000a8b5                sinc_get_description
                0x00000000c000a8c8                sinc_set_converter
 .text          0x00000000c000a98b      0x3d3 hal/libresample/src_zoh.32
                0x00000000c000acb9                zoh_get_name
                0x00000000c000acc8                zoh_get_description
                0x00000000c000acd7                zoh_set_converter
 .text          0x00000000c000ad5e      0x68f core/computer.32
                0x00000000c000ad5e                Computer::close(int, int, void*)
                0x00000000c000ada2                Computer::Computer()
                0x00000000c000ada2                Computer::Computer()
                0x00000000c000aefe                Computer::setBootMessage(char const*)
                0x00000000c000af00                Computer::start()
                0x00000000c000afdc                firstTask()
                0x00000000c000afea                Computer::detectFeatures()
                0x00000000c000b1c4                Computer::displayFeatures()
                0x00000000c000b1c6                Computer::rdmsr(unsigned int)
                0x00000000c000b1f2                Computer::wrmsr(unsigned int, unsigned long long)
                0x00000000c000b22a                Computer::nmiEnabled()
                0x00000000c000b236                Computer::readCMOS(unsigned char)
                0x00000000c000b250                Computer::enableNMI(bool)
                0x00000000c000b268                Computer::open(int, int, void*)
                0x00000000c000b330                Computer::disableNMI()
                0x00000000c000b33e                Computer::writeCMOS(unsigned char, unsigned char)
                0x00000000c000b35c                Computer::handleNMI()
                0x00000000c000b3c2                Computer::setDiskActivityLight(int, bool)
 *fill*         0x00000000c000b3ed        0x1 
 .text          0x00000000c000b3ee      0x1b7 core/gdt.32
                0x00000000c000b3ee                GDTEntry::setBase(unsigned int)
                0x00000000c000b40a                GDTEntry::setLimit(unsigned int)
                0x00000000c000b428                GDT::GDT()
                0x00000000c000b428                GDT::GDT()
                0x00000000c000b43e                GDT::addEntry(GDTEntry)
                0x00000000c000b47a                GDT::getNumberOfEntries()
                0x00000000c000b482                GDT::flush()
                0x00000000c000b4a4                GDT::setup()
 .text          0x00000000c000b5a5       0x61 core/idle.32
                0x00000000c000b5a5                idleFunction(void*)
 .text          0x00000000c000b606      0x45f core/idt.32
                0x00000000c000b606                IDTEntry::IDTEntry(bool)
                0x00000000c000b606                IDTEntry::IDTEntry(bool)
                0x00000000c000b674                IDTEntry::setOffset(unsigned int)
                0x00000000c000b688                IDT::IDT()
                0x00000000c000b688                IDT::IDT()
                0x00000000c000b68a                IDT::getPointerToInvalidOpcodeEntryForF00F()
                0x00000000c000b692                IDT::addEntry(IDTEntry, int)
                0x00000000c000b6ac                IDT::addEntry(int, void (*)(), bool)
                0x00000000c000b6e4                IDT::flush()
                0x00000000c000b6fe                IDT::setup()
 .text          0x00000000c000ba65      0x20d core/kheap.32
                0x00000000c000ba65                sbrk
                0x00000000c000bb7d                mmap
                0x00000000c000bb93                munmap
                0x00000000c000bba9                liballoc_lock()
                0x00000000c000bbba                liballoc_unlock()
                0x00000000c000bbcb                liballoc_alloc(int)
                0x00000000c000bbe6                liballoc_free(void*, int)
                0x00000000c000bc04                realloc
                0x00000000c000bc18                malloc
                0x00000000c000bc28                free
                0x00000000c000bc38                rfree
                0x00000000c000bc48                calloc
 .text          0x00000000c000bc72      0x38d core/main.32
                0x00000000c000bc72                hwTextMode_loadInData(VgaText*)
                0x00000000c000bcb7                hwTextMode_loadInTitle(VgaText*, char*)
                0x00000000c000bcf9                hwTextMode_showCursor(VgaText*, bool)
                0x00000000c000bd4d                hwTextMode_update(VgaText*)
                0x00000000c000bd4e                hwTextMode_updateCursor(VgaText*)
                0x00000000c000bd96                hwTextMode_disableBlink(VgaText*, bool)
                0x00000000c000bdd2                hwTextMode_scrollScreen(VgaText*)
                0x00000000c000be58                hwTextMode_writeCharacter(VgaText*, char, VgaColour, VgaColour, int, int)
                0x00000000c000beb6                setupTextMode()
                0x00000000c000bf07                kernel_main
 .text          0x00000000c000bfff      0x46c core/physmgr.32
                0x00000000c000bfff                Phys::allocateDMA(unsigned long)
                0x00000000c000c0a2                Phys::freeDMA(unsigned long, unsigned long)
                0x00000000c000c0ea                Phys::setPageState(unsigned long, bool)
                0x00000000c000c11c                Phys::getPageState(unsigned long)
                0x00000000c000c138                Phys::freePage(unsigned long)
                0x00000000c000c1c2                Phys::allocatePage()
                0x00000000c000c27e                Phys::allowSegmentToBeUsed(unsigned long, unsigned long)
                0x00000000c000c2b6                Phys::physicalMemorySetup(unsigned int)
 *fill*         0x00000000c000c46b        0x1 
 .text          0x00000000c000c46c      0x273 core/pipe.32
                0x00000000c000c46c                Pipe::isAtty()
                0x00000000c000c470                Pipe::~Pipe()
                0x00000000c000c470                Pipe::~Pipe()
                0x00000000c000c494                Pipe::~Pipe()
                0x00000000c000c4bc                Pipe::read(unsigned long long, void*, int*)
                0x00000000c000c5b0                Pipe::write(unsigned long long, void*, int*)
                0x00000000c000c678                Pipe::Pipe(int)
                0x00000000c000c678                Pipe::Pipe(int)
 *fill*         0x00000000c000c6df        0x1 
 .text          0x00000000c000c6e0      0xf65 core/terminal.32
                0x00000000c000c6e0                VgaText::isAtty()
                0x00000000c000c6e4                VgaText::~VgaText()
                0x00000000c000c6e4                VgaText::~VgaText()
                0x00000000c000c708                VgaText::~VgaText()
                0x00000000c000c732                VgaText::read(unsigned long long, void*, int*)
                0x00000000c000c752                setTerminalScrollLock(bool)
                0x00000000c000c753                addToTerminalCycle(VgaText*)
                0x00000000c000c780                installVgaTextImplementation()
                0x00000000c000c795                scrollTerminalScrollLock(int)
                0x00000000c000c796                VgaText::load()
                0x00000000c000c7ea                VgaText::updateCursor()
                0x00000000c000c804                VgaText::showCursor(bool)
                0x00000000c000c814                VgaText::disableBlink(bool)
                0x00000000c000c84e                VgaText::doANSI_SGR(int)
                0x00000000c000c8da                VgaText::setDefaultBgColour(VgaColour)
                0x00000000c000c8f0                VgaText::setDefaultFgColour(VgaColour)
                0x00000000c000c906                VgaText::setDefaultColours(VgaColour, VgaColour)
                0x00000000c000c926                VgaText::combineColours(unsigned char, unsigned char)
                0x00000000c000c938                VgaText::scrollScreen()
                0x00000000c000c9cc                VgaText::combineCharAndColour(char, unsigned char)
                0x00000000c000c9de                VgaText::writeCharacter(char, VgaColour, VgaColour, int, int)
                0x00000000c000ca3e                VgaText::getCursorX()
                0x00000000c000ca4a                VgaText::getCursorY()
                0x00000000c000ca56                VgaText::setCursor(int, int)
                0x00000000c000ca74                VgaText::setCursorX(int)
                0x00000000c000ca90                VgaText::setCursorY(int)
                0x00000000c000caac                VgaText::incrementCursor(bool)
                0x00000000c000cb14                VgaText::updateRAMUsageDisplay(int)
                0x00000000c000cb6e                VgaText::updateDiskUsage()
                0x00000000c000ccd4                VgaText::updateTitle()
                0x00000000c000cd1a                VgaText::setTitleTextColour(VgaColour)
                0x00000000c000cd2a                VgaText::setTitleColour(VgaColour)
                0x00000000c000cd3a                VgaText::setTitle(char*)
                0x00000000c000cd60                VgaText::decrementCursor(bool)
                0x00000000c000cd88                VgaText::putchar(char, VgaColour, VgaColour)
                0x00000000c000ce84                VgaText::isShowingCursor()
                0x00000000c000ce90                VgaText::isBlinkDisabled()
                0x00000000c000ce9e                VgaText::setCursorHeight(int)
                0x00000000c000cebc                VgaText::getCursorHeight()
                0x00000000c000cec7                setActiveTerminal(VgaText*)
                0x00000000c000cf79                doTerminalCycle()
                0x00000000c000cf96                VgaText::doUpdate()
                0x00000000c000cfa8                VgaText::puts(char const*, VgaColour, VgaColour)
                0x00000000c000d168                VgaText::clearScreen()
                0x00000000c000d1cc                VgaText::putchar(char)
                0x00000000c000d2e6                VgaText::puts(char const*)
                0x00000000c000d30c                VgaText::putx(unsigned int)
                0x00000000c000d352                VgaText::VgaText(char const*)
                0x00000000c000d352                VgaText::VgaText(char const*)
                0x00000000c000d4e4                VgaText::receiveKey(unsigned char)
                0x00000000c000d5cc                VgaText::write(unsigned long long, void*, int*)
                0x00000000c000d620                newTerminal(char*)
 *fill*         0x00000000c000d645        0x1 
 .text          0x00000000c000d646      0x18f core/tss.32
                0x00000000c000d646                TSS::TSS()
                0x00000000c000d646                TSS::TSS()
                0x00000000c000d654                TSS::setESP(unsigned long)
                0x00000000c000d666                TSS::flush()
                0x00000000c000d686                TSS::setup(unsigned long, unsigned long)
 *fill*         0x00000000c000d7d5        0x1 
 .text          0x00000000c000d7d6      0x32f core/unixfile.32
                0x00000000c000d7d6                ReservedFilename::isAtty()
                0x00000000c000d7ec                ReservedFilename::read(unsigned long long, void*, int*)
                0x00000000c000d87e                ReservedFilename::write(unsigned long long, void*, int*)
                0x00000000c000d914                UnixFile::getFileDescriptor()
                0x00000000c000d91c                UnixFile::UnixFile(int)
                0x00000000c000d91c                UnixFile::UnixFile(int)
                0x00000000c000d958                ReservedFilename::ReservedFilename(int)
                0x00000000c000d958                ReservedFilename::ReservedFilename(int)
                0x00000000c000d980                UnixFile::~UnixFile()
                0x00000000c000d980                UnixFile::~UnixFile()
                0x00000000c000da06                UnixFile::~UnixFile()
                0x00000000c000da2e                ReservedFilename::~ReservedFilename()
                0x00000000c000da2e                ReservedFilename::~ReservedFilename()
                0x00000000c000da52                ReservedFilename::~ReservedFilename()
                0x00000000c000da79                getFromFileDescriptor(int)
 *fill*         0x00000000c000db05        0x1 
 .text          0x00000000c000db06     0x1175 core/virtmgr.32
                0x00000000c000db06                Virt::setPageState(unsigned long, Virt::VirtPageState)
                0x00000000c000db3b                Virt::getPageState(unsigned long)
                0x00000000c000db5f                Virt::allocateKernelVirtualPages(int)
                0x00000000c000dc70                Virt::virtualMemorySetup()
                0x00000000c000dcef                Virt::getAKernelVAS()
                0x00000000c000dcf5                Virt::setupPageSwapping(int)
                0x00000000c000de1a                VAS::VAS()
                0x00000000c000de1a                VAS::VAS()
                0x00000000c000de4a                VAS::getForeignPageTableEntry(bool, unsigned long)
                0x00000000c000de76                VAS::getPageTableEntry(unsigned long)
                0x00000000c000de95                Virt::freeKernelVirtualPages(unsigned long)
                0x00000000c000dfb8                VAS::freeAllocatedPages(unsigned long)
                0x00000000c000dfdc                VAS::virtualToPhysical(unsigned long)
                0x00000000c000dff4                VAS::mapOtherVASIn(bool, VAS*)
                0x00000000c000e02a                VAS::~VAS()
                0x00000000c000e02a                VAS::~VAS()
                0x00000000c000e196                VAS::mapPage(unsigned long, unsigned long, int)
                0x00000000c000e296                VAS::allocatePages(int, int)
                0x00000000c000e466                VAS::setCPUSpecific(unsigned long)
                0x00000000c000e482                VAS::mapRange(unsigned long, unsigned long, int, int)
                0x00000000c000e54c                VAS::VAS(VAS*)
                0x00000000c000e54c                VAS::VAS(VAS*)
                0x00000000c000e896                VAS::mapForeignPage(bool, VAS*, unsigned long, unsigned long, int)
                0x00000000c000e984                VAS::VAS(bool)
                0x00000000c000e984                VAS::VAS(bool)
                0x00000000c000ebb4                mapVASFirstTime
 .text          0x00000000c000ec7b       0x93 coreobjs/c++.32
                0x00000000c000ec7b                __cxa_atexit
                0x00000000c000ec7e                __cxa_finalize
                0x00000000c000ec7f                __stack_chk_fail
                0x00000000c000ecdf                __cxa_pure_virtual
                0x00000000c000ecf0                operator new(unsigned long)
                0x00000000c000ecf5                operator new[](unsigned long)
                0x00000000c000ecfa                operator delete(void*)
                0x00000000c000ecff                operator delete(void*, unsigned long)
                0x00000000c000ed04                operator delete[](void*)
                0x00000000c000ed09                operator delete[](void*, unsigned long)
 .text          0x00000000c000ed0e      0x1ef dbg/kconsole.32
                0x00000000c000ed0e                Dbg::stringifyxWithBase(unsigned int, char*, int)
                0x00000000c000ed6f                Dbg::logc(char)
                0x00000000c000ed86                Dbg::logs(char*)
                0x00000000c000eda3                Dbg::logWriteInt(unsigned int)
                0x00000000c000edc0                Dbg::logWriteIntBase(unsigned int, int)
                0x00000000c000eddf                Dbg::kprintf(char const*, ...)
 *fill*         0x00000000c000eefd        0x1 
 .text          0x00000000c000eefe      0xb68 fs/vfs.32
                0x00000000c000eefe                File::read(unsigned long long, void*, int*)
                0x00000000c000ef56                File::write(unsigned long long, void*, int*)
                0x00000000c000efae                Directory::read(unsigned long long, void*, int*)
                0x00000000c000f006                Directory::write(unsigned long long, void*, int*)
                0x00000000c000f034                File::isAtty()
                0x00000000c000f038                Directory::isAtty()
                0x00000000c000f03c                Filesystem::getlabel(LogicalDisk*, int, char*, unsigned int*)
                0x00000000c000f042                Filesystem::setlabel(LogicalDisk*, int, char*)
                0x00000000c000f048                File::~File()
                0x00000000c000f048                File::~File()
                0x00000000c000f06c                File::~File()
                0x00000000c000f096                Directory::~Directory()
                0x00000000c000f096                Directory::~Directory()
                0x00000000c000f0ba                Directory::~Directory()
                0x00000000c000f0e4                Filesystem::Filesystem()
                0x00000000c000f0e4                Filesystem::Filesystem()
                0x00000000c000f108                Filesystem::~Filesystem()
                0x00000000c000f108                Filesystem::~Filesystem()
                0x00000000c000f116                Filesystem::~Filesystem()
                0x00000000c000f13a                initVFS()
                0x00000000c000f164                standardiseFiles(char*, char const*, char const*)
                0x00000000c000f30e                File::File(char const*, Process*)
                0x00000000c000f30e                File::File(char const*, Process*)
                0x00000000c000f372                File::open(FileOpenMode)
                0x00000000c000f3d0                File::close()
                0x00000000c000f430                File::seek(unsigned long long)
                0x00000000c000f486                File::tell(unsigned long long*)
                0x00000000c000f4d6                File::rewind()
                0x00000000c000f4ea                File::unlink()
                0x00000000c000f536                File::rename(char const*)
                0x00000000c000f584                File::chfatattr(unsigned char, unsigned char)
                0x00000000c000f5e0                File::exists()
                0x00000000c000f61e                File::stat(unsigned long long*, bool*)
                0x00000000c000f67f                getcwd(Process*, char*, int)
                0x00000000c000f6a9                setcwd(Process*, char*)
                0x00000000c000f7d0                Directory::Directory(char const*, Process*)
                0x00000000c000f7d0                Directory::Directory(char const*, Process*)
                0x00000000c000f834                Directory::open()
                0x00000000c000f890                Directory::close()
                0x00000000c000f8f0                Directory::unlink()
                0x00000000c000f93c                Directory::rename(char const*)
                0x00000000c000f98a                Directory::exists()
                0x00000000c000f9c8                Directory::read(dirent*)
                0x00000000c000fa14                Directory::create()
                0x00000000c000fa60                Filesystem::chfatattr(char const*, unsigned char, unsigned char)
 .text          0x00000000c000fa66       0x84 hal/bus.32
                0x00000000c000fa66                Bus::Bus(char const*)
                0x00000000c000fa66                Bus::Bus(char const*)
                0x00000000c000fa9c                Bus::~Bus()
                0x00000000c000fa9c                Bus::~Bus()
                0x00000000c000fac0                Bus::~Bus()
 .text          0x00000000c000faea      0x14e hal/buzzer.32
                0x00000000c000faea                Buzzer::Buzzer(char const*)
                0x00000000c000faea                Buzzer::Buzzer(char const*)
                0x00000000c000fb2e                Buzzer::~Buzzer()
                0x00000000c000fb2e                Buzzer::~Buzzer()
                0x00000000c000fb52                Buzzer::~Buzzer()
                0x00000000c000fb7c                Buzzer::stop()
                0x00000000c000fb8f                beepThread(void*)
                0x00000000c000fbca                Buzzer::beep(int, int, bool)
 .text          0x00000000c000fc38      0x42f hal/clock.32
                0x00000000c000fc38                loadClockSettings()
                0x00000000c000fc52                Clock::Clock(char const*)
                0x00000000c000fc52                Clock::Clock(char const*)
                0x00000000c000fc88                Clock::~Clock()
                0x00000000c000fc88                Clock::~Clock()
                0x00000000c000fcac                Clock::~Clock()
                0x00000000c000fcd6                Clock::timeInSecondsLocal()
                0x00000000c000fd1e                Clock::setTimeInSecondsLocal(unsigned long long)
                0x00000000c000fd77                datetimeToSeconds(datetime_t)
                0x00000000c000fe9e                Clock::setTimeInDatetimeLocal(datetime_t)
                0x00000000c000fefe                secondsToDatetime(unsigned long long)
                0x00000000c0010042                Clock::timeInDatetimeLocal()
 *fill*         0x00000000c0010067        0x1 
 .text          0x00000000c0010068      0x504 hal/device.32
                0x00000000c0010068                Device::hibernate()
                0x00000000c001006a                Device::wake()
                0x00000000c001006c                Device::detect()
                0x00000000c001006e                Device::disableLegacy()
                0x00000000c0010070                Device::powerSaving(PowerSavingLevel)
                0x00000000c0010072                DriverlessDevice::close(int, int, void*)
                0x00000000c0010076                DriverlessDevice::detect()
                0x00000000c0010078                DriverlessDevice::open(int, int, void*)
                0x00000000c001008c                Device::~Device()
                0x00000000c001008c                Device::~Device()
                0x00000000c001009a                Device::~Device()
                0x00000000c00100c2                Device::findAndLoadDriver()
                0x00000000c00100c4                Device::preOpenPCI(PCIDeviceInfo)
                0x00000000c00100ea                Device::preOpenACPI(void*, char*, char*)
                0x00000000c001013e                Device::addIRQHandler(int, void (*)(regs*, void*), bool, void*)
                0x00000000c001019c                Device::removeIRQHandler(int, void (*)(regs*, void*), bool)
                0x00000000c00101ea                Device::addChild(Device*)
                0x00000000c001022e                Device::removeAllChildren()
                0x00000000c0010274                Device::hibernateAll()
                0x00000000c00102a4                Device::wakeAll()
                0x00000000c00102d4                Device::detectAll()
                0x00000000c0010304                Device::disableLegacyAll()
                0x00000000c0010334                Device::loadDriversForAll()
                0x00000000c0010360                Device::closeAll()
                0x00000000c0010396                Device::powerSavingAll(PowerSavingLevel)
                0x00000000c00103cc                Device::setName(char const*)
                0x00000000c00103da                Device::Device(char const*)
                0x00000000c00103da                Device::Device(char const*)
                0x00000000c00104cc                Device::getName()
                0x00000000c00104d6                DriverlessDevice::DriverlessDevice(char const*)
                0x00000000c00104d6                DriverlessDevice::DriverlessDevice(char const*)
                0x00000000c00104fe                Device::addToLinkedList(LinkedList<Device>&, DeviceType)
                0x00000000c0010542                getDevicesOfType(DeviceType)
 .text          0x00000000c001056c       0x84 hal/diskctrl.32
                0x00000000c001056c                HardDiskController::HardDiskController(char const*)
                0x00000000c001056c                HardDiskController::HardDiskController(char const*)
                0x00000000c00105a2                HardDiskController::~HardDiskController()
                0x00000000c00105a2                HardDiskController::~HardDiskController()
                0x00000000c00105c6                HardDiskController::~HardDiskController()
 .text          0x00000000c00105f0       0xde hal/diskphys.32
                0x00000000c00105f0                PhysicalDisk::PhysicalDisk(char const*, int)
                0x00000000c00105f0                PhysicalDisk::PhysicalDisk(char const*, int)
                0x00000000c0010658                PhysicalDisk::startCache()
                0x00000000c0010680                PhysicalDisk::~PhysicalDisk()
                0x00000000c0010680                PhysicalDisk::~PhysicalDisk()
                0x00000000c00106a4                PhysicalDisk::~PhysicalDisk()
 .text          0x00000000c00106ce      0x128 hal/fpu.32
                0x00000000c00106ce                FPU::FPU(char const*)
                0x00000000c00106ce                FPU::FPU(char const*)
                0x00000000c0010704                FPU::~FPU()
                0x00000000c0010704                FPU::~FPU()
                0x00000000c0010728                FPU::~FPU()
                0x00000000c0010752                setupFPU()
 .text          0x00000000c00107f6      0xb89 hal/intctrl.32
                0x00000000c00107f6                InterruptController::uninstallISRHandler(int, void (*)(regs*, void*))
                0x00000000c001082e                InterruptController::installISRHandler(int, void (*)(regs*, void*), void*)
                0x00000000c0010880                doubleFault(regs*, void*)
                0x00000000c001088e                InterruptController::installIRQHandler(int, void (*)(regs*, void*), bool, void*)
                0x00000000c001092a                InterruptController::clearAllHandlers(int, bool)
                0x00000000c00109d2                InterruptController::uninstallIRQHandler(int, void (*)(regs*, void*), bool)
                0x00000000c0010a59                nmiHandler(regs*, void*)
                0x00000000c0010a67                int_handler
                0x00000000c0010b02                InterruptController::InterruptController(char const*)
                0x00000000c0010b02                InterruptController::InterruptController(char const*)
                0x00000000c0010ba8                InterruptController::~InterruptController()
                0x00000000c0010ba8                InterruptController::~InterruptController()
                0x00000000c0010bcc                InterruptController::~InterruptController()
                0x00000000c0010bf6                displayDebugInfo(regs*)
                0x00000000c0010fd8                gpFault(regs*, void*)
                0x00000000c0011011                pgFault(regs*, void*)
                0x00000000c0011028                otherISRHandler(regs*, void*)
                0x00000000c0011047                opcodeFault(regs*, void*)
                0x00000000c00110b1                displayProgramFault(char const*)
                0x00000000c00110da                InterruptController::convertLegacyIRQNumber(int)
                0x00000000c0011124                setupInterruptController()
 *fill*         0x00000000c001137f        0x1 
 .text          0x00000000c0011380      0x608 hal/keybrd.32
                0x00000000c0011380                startGUI(void*)
                0x00000000c00113f2                sendKeyToTerminal(unsigned char)
                0x00000000c001145e                sendKeyboardToken(KeyboardToken)
                0x00000000c0011839                clearInternalKeybuffer(VgaText*)
                0x00000000c001186e                readKeyboard(VgaText*, char*, unsigned long)
                0x00000000c00118fe                Keyboard::Keyboard(char const*)
                0x00000000c00118fe                Keyboard::Keyboard(char const*)
                0x00000000c001193a                Keyboard::~Keyboard()
                0x00000000c001193a                Keyboard::~Keyboard()
                0x00000000c001195e                Keyboard::~Keyboard()
 .text          0x00000000c0011988      0x400 hal/logidisk.32
                0x00000000c0011988                LogicalDisk::close(int, int, void*)
                0x00000000c001198c                LogicalDisk::~LogicalDisk()
                0x00000000c001198c                LogicalDisk::~LogicalDisk()
                0x00000000c00119b0                LogicalDisk::~LogicalDisk()
                0x00000000c00119da                LogicalDisk::open(int, int, void*)
                0x00000000c00119ee                LogicalDisk::absoluteToRelative(unsigned long long)
                0x00000000c0011a26                LogicalDisk::relativeToAbsolute(unsigned long long)
                0x00000000c0011a6c                LogicalDisk::LogicalDisk(char const*, PhysicalDisk*, unsigned long long, unsigned long long)
                0x00000000c0011a6c                LogicalDisk::LogicalDisk(char const*, PhysicalDisk*, unsigned long long, unsigned long long)
                0x00000000c0011b22                LogicalDisk::assignDriveLetter()
                0x00000000c0011bd8                LogicalDisk::mount()
                0x00000000c0011c4a                LogicalDisk::unmount()
                0x00000000c0011c5a                LogicalDisk::unassignDriveLetter()
                0x00000000c0011cb0                LogicalDisk::read(unsigned long long, int, void*)
                0x00000000c0011d1c                LogicalDisk::write(unsigned long long, int, void*)
 .text          0x00000000c0011d88       0x84 hal/mouse.32
                0x00000000c0011d88                Mouse::Mouse(char const*)
                0x00000000c0011d88                Mouse::Mouse(char const*)
                0x00000000c0011dbe                Mouse::~Mouse()
                0x00000000c0011dbe                Mouse::~Mouse()
                0x00000000c0011de2                Mouse::~Mouse()
 .text          0x00000000c0011e0c      0x339 hal/partition.32
                0x00000000c0011e0c                makePartition(PhysicalDisk*, unsigned long long, unsigned long long)
                0x00000000c0011eb4                createPartitionsForDisk(PhysicalDisk*)
 *fill*         0x00000000c0012145        0x1 
 .text          0x00000000c0012146      0x2e7 hal/timer.32
                0x00000000c0012146                Timer::Timer(char const*)
                0x00000000c0012146                Timer::Timer(char const*)
                0x00000000c001217c                Timer::~Timer()
                0x00000000c001217c                Timer::~Timer()
                0x00000000c00121a0                Timer::~Timer()
                0x00000000c00121ca                Timer::read()
                0x00000000c00121d5                timerHandler(unsigned long long)
                0x00000000c001230c                setupTimer(int)
 *fill*         0x00000000c001242d        0x1 
 .text          0x00000000c001242e      0x2d1 hal/vcache.32
                0x00000000c001242e                VCache::VCache(PhysicalDisk*)
                0x00000000c001242e                VCache::VCache(PhysicalDisk*)
                0x00000000c001251e                VCache::writeWriteBuffer()
                0x00000000c001255a                VCache::~VCache()
                0x00000000c001255a                VCache::~VCache()
                0x00000000c001259a                VCache::~VCache()
                0x00000000c00125c2                VCache::write(unsigned long long, int, void*)
                0x00000000c00126a6                VCache::read(unsigned long long, int, void*)
 *fill*         0x00000000c00126ff        0x1 
 .text          0x00000000c0012700      0x26d hal/video.32
                0x00000000c0012700                Video::putrect(int, int, int, int, unsigned int)
                0x00000000c001274a                Video::blit(unsigned int*, int, int, int, int)
                0x00000000c00127c8                Video::clearScreen(unsigned int)
                0x00000000c00127fc                Video::putpixel(int, int, unsigned int)
                0x00000000c001280a                Video::Video(char const*)
                0x00000000c001280a                Video::Video(char const*)
                0x00000000c0012840                Video::~Video()
                0x00000000c0012840                Video::~Video()
                0x00000000c0012864                Video::~Video()
                0x00000000c001288e                Video::isMonochrome()
                0x00000000c001289a                Video::getWidth()
                0x00000000c00128a6                Video::getHeight()
                0x00000000c00128b2                Video::drawCursor(int, int, unsigned char*, int)
 *fill*         0x00000000c001296d        0x1 
 .text          0x00000000c001296e      0xd28 hw/acpi.32
                0x00000000c001296e                ACPI::close(int, int, void*)
                0x00000000c0012a23                findRSDP()
                0x00000000c0012aad                loadACPITables(unsigned char*)
                0x00000000c0012cd4                findRSDT(unsigned char*)
                0x00000000c0012df2                findDataTable(unsigned char*, char*)
                0x00000000c0012e8e                scanMADT()
                0x00000000c0013222                ACPI::ACPI()
                0x00000000c0013222                ACPI::ACPI()
                0x00000000c0013282                ACPI::getPCIIRQAssignment(unsigned char, unsigned short, unsigned char)
                0x00000000c0013364                ACPI::registerPCIIRQAssignment(void*, unsigned short, unsigned char, unsigned char)
                0x00000000c001346a                ACPI::setScreenBrightnessLevel(void*, int)
                0x00000000c0013470                ACPI::writeSimpleBootFlag(SimpleBootFlagTable*)
                0x00000000c00134b8                ACPI::open(int, int, void*)
                0x00000000c001367e                ACPI::sleep()
 .text          0x00000000c0013696     0x132c hw/cpu.32
                0x00000000c0013696                CPU::close(int, int, void*)
                0x00000000c0013699                lookupAMDCPUName(unsigned char, unsigned char)
                0x00000000c001382d                lookupIntelCPUName(unsigned char, unsigned char)
                0x00000000c0013adb                AMD_K6_write_msr(unsigned int, unsigned int, unsigned int, REGS*)
                0x00000000c0013af7                AMD_K6_read_msr(unsigned int, REGS*)
                0x00000000c0013b0f                AMD_K6_writeback(int, int, int)
                0x00000000c0013b82                cpuid(int, unsigned long*, unsigned long*, unsigned long*, unsigned long*)
                0x00000000c0013c05                cpuidCheckEDX(unsigned int)
                0x00000000c0013c32                cpuidCheckECX(unsigned int)
                0x00000000c0013c5f                cpuidCheckExtendedEBX(unsigned int)
                0x00000000c0013c8c                cpuidCheckExtendedECX(unsigned int)
                0x00000000c0013cb9                getCPUNumber()
                0x00000000c0013cbc                thisCPU()
                0x00000000c0013cd0                CPU::CPU()
                0x00000000c0013cd0                CPU::CPU()
                0x00000000c0013d5e                CPU::displayFeatures()
                0x00000000c0013d60                CPU::detectFeatures()
                0x00000000c0014752                CPU::setupSMEP()
                0x00000000c001476c                CPU::setupUMIP()
                0x00000000c0014784                CPU::setupTSC()
                0x00000000c001479c                CPU::setupLargePages()
                0x00000000c00147b4                CPU::setupPAT()
                0x00000000c00147f0                CPU::setupMTRR()
                0x00000000c00147f2                CPU::setupGlobalPages()
                0x00000000c0014808                CPU::allowUsermodeDataAccess()
                0x00000000c001481a                CPU::prohibitUsermodeDataAccess()
                0x00000000c001482c                CPU::setupSMAP()
                0x00000000c0014852                CPU::setupFeatures()
                0x00000000c00148f4                CPU::open(int, int, void*)
 .text          0x00000000c00149c2        0x0 hw/ports.32
 .text          0x00000000c00149c2      0x32c krnl/panic.32
                0x00000000c00149c2                Krnl::panic(char const*)
 .text          0x00000000c0014cee      0x503 reg/registry.32
                0x00000000c0014cee                Reg::findLineFromLoadedData(char*, char*, char*)
                0x00000000c0014e46                Reg::getLineFromRegistry(char*, char*, char*, char*)
                0x00000000c0014fa5                Reg::getLine(char*, char*, char*)
                0x00000000c0014fdc                Reg::readInt(char*, char*, int*)
                0x00000000c00150c7                Reg::readString(char*, char*, char*, int)
                0x00000000c0015148                Reg::readBool(char*, char*, bool*)
                0x00000000c001516d                Reg::readBoolWithDefault(char*, char*, bool)
                0x00000000c0015199                Reg::readIntWithDefault(char*, char*, int)
                0x00000000c00151c5                Reg::readStringWithDefault(char*, char*, char*, int, char*)
 .text          0x00000000c00151f1       0x18 sys/sc_exit.32
                0x00000000c00151f1                Sys::exit(regs*)
 .text          0x00000000c0015209       0x95 sys/sc_loaddll.32
                0x00000000c0015209                Sys::loadDLL(regs*)
 .text          0x00000000c001529e       0x68 sys/sc_read.32
                0x00000000c001529e                Sys::read(regs*)
 .text          0x00000000c0015306       0x55 sys/sc_sbrk.32
                0x00000000c0015306                Sys::sbrk(regs*)
 .text          0x00000000c001535b       0x68 sys/sc_write.32
                0x00000000c001535b                Sys::write(regs*)
 .text          0x00000000c00153c3       0x1a sys/sc_yield.32
                0x00000000c00153c3                Sys::yield(regs*)
 .text          0x00000000c00153dd      0xdaa sys/syscalls.32
                0x00000000c00153dd                sysCallGetPID(regs*)
                0x00000000c00153e9                sysCallSeekDir(regs*)
                0x00000000c00153ee                sysCallTellDir(regs*)
                0x00000000c00153f3                sysCallVerify(regs*)
                0x00000000c00153fd                sysCallGetArgc(regs*)
                0x00000000c001540d                sysFormatDisk(regs*)
                0x00000000c0015477                sysSetDiskVolumeLabel(regs*)
                0x00000000c00154bd                sysGetDiskVolumeLabel(regs*)
                0x00000000c001550e                sysShutdown(regs*)
                0x00000000c001556c                sysCallGetCwd(regs*)
                0x00000000c001558b                sysCallSetCwd(regs*)
                0x00000000c00155a7                sysCallRealpath(regs*)
                0x00000000c00155ea                sysCallOpen(regs*)
                0x00000000c00156da                sysCallReadDir(regs*)
                0x00000000c0015749                sysCallIsATTY(regs*)
                0x00000000c001579c                sysCallSeek(regs*)
                0x00000000c00157ed                sysCallTell(regs*)
                0x00000000c0015839                sysCallSizeFromFilename(regs*)
                0x00000000c00158b2                sysCallSize(regs*)
                0x00000000c0015904                sysCallClose(regs*)
                0x00000000c0015952                sysCallOpenDir(regs*)
                0x00000000c00159bf                sysCallMakeDir(regs*)
                0x00000000c0015a18                sysCallCloseDir(regs*)
                0x00000000c0015a66                sysCallWait(regs*)
                0x00000000c0015a80                sysCallFork(regs*)
                0x00000000c0015a9c                sysCallExecve(regs*)
                0x00000000c0015af1                sysCallRmdir(regs*)
                0x00000000c0015b43                sysCallUnlink(regs*)
                0x00000000c0015b95                sysCallGetArgv(regs*)
                0x00000000c0015be1                sysCallTTYName(regs*)
                0x00000000c0015c5d                sysCallGetEnv(regs*)
                0x00000000c0015caf                sysCallUSleep(regs*)
                0x00000000c0015cd6                sysCallSpawn(regs*)
                0x00000000c0015d46                sysAppSettings(regs*)
                0x00000000c0015e65                sysSetFatAttrib(regs*)
                0x00000000c0015ec5                sysPanic(regs*)
                0x00000000c0015eeb                sysPipe(regs*)
                0x00000000c0015f30                sysGetUnixTime(regs*)
                0x00000000c0015f44                string_ends_with(char const*, char const*)
                0x00000000c0015f8c                setupSystemCalls()
                0x00000000c0016145                systemCall(regs*, void*)
 .text          0x00000000c0016187     0x1134 thr/elf.32
                0x00000000c0016187                Thr::allocateMemoryForTask(Process*, File*, unsigned long, unsigned long, unsigned long)
                0x00000000c0016404                Thr::loadProgramIntoMemory(Process*, char const*)
                0x00000000c001661a                Thr::runtimeReferenceHelper()
                0x00000000c001662d                Thr::getAddressOfKernelSymbol(char const*)
                0x00000000c001667c                Thr::loadKernelSymbolTable(char const*)
                0x00000000c001693d                Thr::loadDriverIntoMemory(char const*, unsigned long, bool)
                0x00000000c00170bb                Thr::getDriverBaseFromAddress(unsigned long)
                0x00000000c00170ed                Thr::getDriverNameFromAddress(unsigned long)
                0x00000000c0017124                Thr::getDriverOffsetFromAddress(unsigned long)
                0x00000000c001713e                Thr::loadDLL(char const*, bool)
                0x00000000c0017291                Thr::executeDLL(unsigned long, void*)
 *fill*         0x00000000c00172bb        0x1 
 .text          0x00000000c00172bc     0x12c8 thr/prcssthr.32
                0x00000000c00172bc                changeTSS
                0x00000000c00172ea                Process::addArgs(char**)
                0x00000000c0017344                Process::Process(char const*, Process*, char**)
                0x00000000c0017344                Process::Process(char const*, Process*, char**)
                0x00000000c00174fc                Process::Process(bool, char const*, Process*, char**)
                0x00000000c00174fc                Process::Process(bool, char const*, Process*, char**)
                0x00000000c001767f                disableIRQs()
                0x00000000c0017687                getIRQNestingLevel()
                0x00000000c001768d                enableIRQs()
                0x00000000c001769c                lockScheduler()
                0x00000000c001769e                unlockScheduler()
                0x00000000c00176a0                userModeEntryPoint(void*)
                0x00000000c00176c3                lockStuff()
                0x00000000c00176cf                taskStartupFunction
                0x00000000c00176d8                updateTimeUsed()
                0x00000000c0017736                switchToThread(ThreadControlBlock*)
                0x00000000c0017786                Semaphore::Semaphore(int)
                0x00000000c0017786                Semaphore::Semaphore(int)
                0x00000000c00177b4                Mutex::Mutex()
                0x00000000c00177b4                Mutex::Mutex()
                0x00000000c00177c6                Process::createThread(void (*)(void*), void*, int)
                0x00000000c00178aa                Process::createUserThread()
                0x00000000c00178c6                setupMultitasking(void (*)())
                0x00000000c00179d0                schedule()
                0x00000000c0017a55                unlockStuff()
                0x00000000c0017a8a                forkProcess(regs*)
                0x00000000c0017bf8                Semaphore::tryAcquire()
                0x00000000c0017c26                Semaphore::assertLocked(char const*)
                0x00000000c0017c59                blockTaskWithSchedulerLockAlreadyHeld(TaskState)
                0x00000000c0017c9b                blockTask(TaskState)
                0x00000000c0017cbc                waitTask(int, int*, int)
                0x00000000c0017cfe                nanoSleepUntil(unsigned long long)
                0x00000000c0017d55                nanoSleep(unsigned long long)
                0x00000000c0017d6a                sleep(unsigned long long)
                0x00000000c0017d88                Semaphore::acquire()
                0x00000000c0017df0                execveProcess(char const*, char* const*, char* const*)
                0x00000000c0017e7e                taskReturned
                0x00000000c0017eac                unblockTask(ThreadControlBlock*)
                0x00000000c0017f5b                cleanupTerminatedTask(ThreadControlBlock*)
                0x00000000c0018311                cleanerTaskFunction(void*)
                0x00000000c00183c4                terminateTask(int)
                0x00000000c0018498                Semaphore::release()
 .text          0x00000000c0018584      0x8de vm86/vm8086.32
                0x00000000c0018584                Vm::vm8086EntryPoint(void*)
                0x00000000c00185af                Vm::inbv(unsigned short)
                0x00000000c00185b5                Vm::outbv(unsigned short, unsigned char)
                0x00000000c00185bf                Vm::realToLinear(unsigned short, unsigned short)
                0x00000000c00185cf                Vm::getSegment(unsigned int)
                0x00000000c00185d7                Vm::getOffset(unsigned int)
                0x00000000c00185dc                Vm::loadFileAsThread(Process*, char const*, unsigned short, unsigned short, unsigned short, unsigned short)
                0x00000000c001870b                Vm::doISR(regs*, int, unsigned char*, unsigned short, unsigned short)
                0x00000000c0018795                Vm::readByteFromReal(unsigned short, unsigned short)
                0x00000000c00187a6                Vm::readWordFromReal(unsigned short, unsigned short)
                0x00000000c00187b8                Vm::readDwordFromReal(unsigned short, unsigned short)
                0x00000000c00187c9                Vm::writeByteFromReal(unsigned short, unsigned short, unsigned char)
                0x00000000c00187de                Vm::writeWordFromReal(unsigned short, unsigned short, unsigned short)
                0x00000000c00187f4                Vm::writeDwordFromReal(unsigned short, unsigned short, unsigned int)
                0x00000000c0018809                Vm::faultHandler(regs*)
 .text          0x00000000c0018e62     0x10ed fs/fat/vfslink.32
                0x00000000c0018e62                FAT::getName()
                0x00000000c0018e68                FAT::tell(void*, unsigned long long*)
                0x00000000c0018e9c                FAT::stat(void*, unsigned long long*)
                0x00000000c0018ed0                FAT::~FAT()
                0x00000000c0018ed0                FAT::~FAT()
                0x00000000c0018ef4                FAT::~FAT()
                0x00000000c0018f1c                FAT::getlabel(LogicalDisk*, int, char*, unsigned int*)
                0x00000000c0018fba                FAT::setlabel(LogicalDisk*, int, char*)
                0x00000000c0019074                FAT::format(LogicalDisk*, int, char const*, int)
                0x00000000c0019258                FAT::tryMount(LogicalDisk*, int)
                0x00000000c001945e                FAT::readDir(void*, unsigned long, void*, int*)
                0x00000000c0019564                FAT::read(void*, unsigned long, void*, int*)
                0x00000000c00195be                FAT::write(void*, unsigned long, void*, int*)
                0x00000000c0019618                FAT::close(void*)
                0x00000000c0019664                FAT::closeDir(void*)
                0x00000000c00196b0                FAT::seek(void*, unsigned long long)
                0x00000000c0019704                fatWrapperReadDisk
                0x00000000c001974b                fatWrapperWriteDisk
                0x00000000c0019792                fatWrapperIoctl
                0x00000000c0019896                FAT::FAT()
                0x00000000c0019896                FAT::FAT()
                0x00000000c00198e8                FAT::fixFilepath(char*)
                0x00000000c0019920                FAT::open(char const*, void**, FileOpenMode)
                0x00000000c0019a48                FAT::openDir(char const*, void**)
                0x00000000c0019aee                FAT::stat(char const*, unsigned long long*, bool*)
                0x00000000c0019bd8                FAT::unlink(char const*)
                0x00000000c0019c52                FAT::chfatattr(char const*, unsigned char, unsigned char)
                0x00000000c0019da6                FAT::rename(char const*, char const*)
                0x00000000c0019e6a                FAT::mkdir(char const*)
                0x00000000c0019ee4                FAT::exists(char const*)
 *fill*         0x00000000c0019f4f        0x1 
 .text          0x00000000c0019f50      0xbdf fs/iso9660/vfslink.32
                0x00000000c0019f50                ISO9660::format(LogicalDisk*, int, char const*, int)
                0x00000000c0019f56                ISO9660::seek(void*, unsigned long long)
                0x00000000c0019f86                ISO9660::tell(void*, unsigned long long*)
                0x00000000c0019faa                ISO9660::getName()
                0x00000000c0019fb0                ISO9660::stat(void*, unsigned long long*)
                0x00000000c0019fd4                ISO9660::chfatattr(char const*, unsigned char, unsigned char)
                0x00000000c0019fda                ISO9660::unlink(char const*)
                0x00000000c0019fe0                ISO9660::write(void*, unsigned long, void*, int*)
                0x00000000c0019fe6                ISO9660::rename(char const*, char const*)
                0x00000000c0019fec                ISO9660::mkdir(char const*)
                0x00000000c0019ff2                ISO9660::close(void*)
                0x00000000c001a014                ISO9660::closeDir(void*)
                0x00000000c001a036                ISO9660::~ISO9660()
                0x00000000c001a036                ISO9660::~ISO9660()
                0x00000000c001a05a                ISO9660::~ISO9660()
                0x00000000c001a081                __memmem(unsigned char*, int, unsigned char*, int)
                0x00000000c001a0c3                readSectorFromCDROM(unsigned int, unsigned char*, char)
                0x00000000c001a12a                ISO9660::tryMount(LogicalDisk*, int)
                0x00000000c001a17a                ISO9660::read(void*, unsigned long, void*, int*)
                0x00000000c001a3be                ISO9660::readDir(void*, unsigned long, void*, int*)
                0x00000000c001a64b                readRoot(unsigned int*, unsigned int*, char)
                0x00000000c001a6a0                readRecursively(char*, unsigned int, unsigned int, unsigned int*, unsigned int*, char, int*)
                0x00000000c001a873                getFileData(char*, unsigned int*, unsigned int*, char, int*)
                0x00000000c001a902                ISO9660::open(char const*, void**, FileOpenMode)
                0x00000000c001a99c                ISO9660::exists(char const*)
                0x00000000c001a9c0                ISO9660::stat(char const*, unsigned long long*, bool*)
                0x00000000c001aa54                ISO9660::openDir(char const*, void**)
                0x00000000c001ab0c                ISO9660::ISO9660()
                0x00000000c001ab0c                ISO9660::ISO9660()
 *fill*         0x00000000c001ab2f        0x1 
 .text          0x00000000c001ab30      0x244 hal/sound/sndchannel.32
                0x00000000c001ab30                SoundChannel::~SoundChannel()
                0x00000000c001ab30                SoundChannel::~SoundChannel()
                0x00000000c001ab4c                SoundChannel::setSpeed(float)
                0x00000000c001ab58                SoundChannel::getSpeed()
                0x00000000c001ab60                SoundChannel::setVolume(int)
                0x00000000c001ab7c                SoundChannel::getVolume()
                0x00000000c001ab84                SoundChannel::pause()
                0x00000000c001ab8e                SoundChannel::SoundChannel(int, int, int, int)
                0x00000000c001ab8e                SoundChannel::SoundChannel(int, int, int, int)
                0x00000000c001ac84                SoundChannel::play()
                0x00000000c001ac8e                SoundChannel::paused()
                0x00000000c001ac96                SoundChannel::getSampleRate()
                0x00000000c001ac9e                SoundChannel::getBits()
                0x00000000c001aca6                SoundChannel::getBufferUsed()
                0x00000000c001acae                SoundChannel::getBufferSize()
                0x00000000c001acb6                SoundChannel::unbuffer(float*, int, int)
                0x00000000c001ad28                SoundChannel::buffer8(unsigned char*, int)
 .text          0x00000000c001ad74      0x317 hal/sound/sndhw.32
                0x00000000c001ad74                SoundDevice::SoundDevice(char const*)
                0x00000000c001ad74                SoundDevice::SoundDevice(char const*)
                0x00000000c001ade0                SoundDevice::~SoundDevice()
                0x00000000c001ade0                SoundDevice::~SoundDevice()
                0x00000000c001ae5a                SoundDevice::~SoundDevice()
                0x00000000c001ae84                SoundDevice::getFreeChannelNum()
                0x00000000c001ae9e                SoundDevice::addChannel(SoundChannel*)
                0x00000000c001af0e                SoundDevice::removeChannel(int)
                0x00000000c001af40                SoundDevice::floatTo8(float*, unsigned char*, int)
                0x00000000c001afac                SoundDevice::getAudio(int, float*, float*)
 .text          0x00000000c001b08b        0x0 hw/bus/isa.32
 *fill*         0x00000000c001b08b        0x1 
 .text          0x00000000c001b08c      0x6e5 hw/bus/pci.32
                0x00000000c001b08c                PCI::open(int, int, void*)
                0x00000000c001b0a0                PCI::close(int, int, void*)
                0x00000000c001b0a4                PCI::PCI()
                0x00000000c001b0a4                PCI::PCI()
                0x00000000c001b124                PCI::pciReadWord(unsigned char, unsigned char, unsigned char, unsigned char)
                0x00000000c001b16c                PCI::getVendorID(unsigned char, unsigned char, unsigned char)
                0x00000000c001b18e                PCI::getHeaderType(unsigned char, unsigned char, unsigned char)
                0x00000000c001b1b2                PCI::getClassCode(unsigned char, unsigned char, unsigned char)
                0x00000000c001b1f6                PCI::getProgIF(unsigned char, unsigned char, unsigned char)
                0x00000000c001b21a                PCI::getRevisionID(unsigned char, unsigned char, unsigned char)
                0x00000000c001b23c                PCI::getInterruptNumber(unsigned char, unsigned char, unsigned char)
                0x00000000c001b25e                PCI::getSecondaryBus(unsigned char, unsigned char, unsigned char)
                0x00000000c001b282                PCI::getBARAddress(unsigned char, unsigned char, unsigned char, unsigned char)
                0x00000000c001b2e2                PCI::pciWriteWord(unsigned char, unsigned char, unsigned char, unsigned char, unsigned short)
                0x00000000c001b34e                PCI::checkBus(unsigned char)
                0x00000000c001b372                PCI::foundDevice(PCIDeviceInfo)
                0x00000000c001b4e2                PCI::getDeviceData(unsigned char, unsigned char, unsigned char)
                0x00000000c001b6b2                PCI::checkDevice(unsigned char, unsigned char)
                0x00000000c001b71e                PCI::detect()
 *fill*         0x00000000c001b771        0x1 
 .text          0x00000000c001b772      0xc70 hw/diskctrl/ide.32
                0x00000000c001b772                IDE::close(int, int, void*)
                0x00000000c001b776                IDE::IDE()
                0x00000000c001b776                IDE::IDE()
                0x00000000c001b7aa                IDE::prepareInterrupt(unsigned char)
                0x00000000c001b7bc                selectDrive(unsigned char, unsigned char)
                0x00000000c001b7be                IDE::getBase(unsigned char)
                0x00000000c001b7d0                IDE::write(unsigned char, unsigned char, unsigned char)
                0x00000000c001b890                IDE::read(unsigned char, unsigned char)
                0x00000000c001b93e                IDE::waitInterrupt(unsigned char)
                0x00000000c001b9a4                ideChannel0IRQHandler(regs*, void*)
                0x00000000c001b9c0                ideChannel1IRQHandler(regs*, void*)
                0x00000000c001b9dc                IDE::enableIRQs(unsigned char, bool)
                0x00000000c001ba22                IDE::open(int, int, void*)
                0x00000000c001be32                IDE::readBuffer(unsigned char, unsigned char, unsigned int, unsigned int)
                0x00000000c001befe                IDE::detect()
                0x00000000c001c1e6                IDE::printError(unsigned char, unsigned char, unsigned char)
                0x00000000c001c37c                IDE::polling(unsigned char, unsigned int)
 .text          0x00000000c001c3e2      0x62b hw/diskphys/ata.32
                0x00000000c001c3e2                ATA::close(int, int, void*)
                0x00000000c001c406                ATA::powerSaving(PowerSavingLevel)
                0x00000000c001c408                ATA::ATA()
                0x00000000c001c408                ATA::ATA()
                0x00000000c001c436                ATA::flush(bool)
                0x00000000c001c480                ATA::readyForCommand()
                0x00000000c001c4d0                ATA::access(unsigned long long, int, void*, bool)
                0x00000000c001c84e                ATA::read(unsigned long long, int, void*)
                0x00000000c001c8b6                ATA::write(unsigned long long, int, void*)
                0x00000000c001c91e                ATA::detectCHS()
                0x00000000c001c948                ATA::open(int, int, void*)
 *fill*         0x00000000c001ca0d        0x1 
 .text          0x00000000c001ca0e      0x5b3 hw/diskphys/atapi.32
                0x00000000c001ca0e                ATAPI::write(unsigned long long, int, void*)
                0x00000000c001ca14                ATAPI::close(int, int, void*)
                0x00000000c001ca38                ATAPI::ATAPI()
                0x00000000c001ca38                ATAPI::ATAPI()
                0x00000000c001ca66                ATAPI::readyForCommand()
                0x00000000c001cab6                ATAPI::sendPacket(unsigned char*, int, bool, unsigned short*, int)
                0x00000000c001cd76                ATAPI::diskRemoved()
                0x00000000c001cd92                ATAPI::eject()
                0x00000000c001cdd8                ATAPI::diskInserted()
                0x00000000c001ce06                ATAPI::detectMedia()
                0x00000000c001cec2                ATAPI::open(int, int, void*)
                0x00000000c001cf42                ATAPI::read(unsigned long long, int, void*)
 *fill*         0x00000000c001cfc1        0x1 
 .text          0x00000000c001cfc2       0x8e hw/fpu/avx.32
                0x00000000c001cfc2                AVX::open(int, int, void*)
                0x00000000c001cfd4                AVX::close(int, int, void*)
                0x00000000c001cfe6                AVX::available()
                0x00000000c001cff8                AVX::save(void*)
                0x00000000c001d010                AVX::load(void*)
                0x00000000c001d028                AVX::AVX()
                0x00000000c001d028                AVX::AVX()
 .text          0x00000000c001d050       0x90 hw/fpu/mmx.32
                0x00000000c001d050                MMX::available()
                0x00000000c001d064                MMX::open(int, int, void*)
                0x00000000c001d076                MMX::close(int, int, void*)
                0x00000000c001d088                MMX::save(void*)
                0x00000000c001d0a0                MMX::load(void*)
                0x00000000c001d0b8                MMX::MMX()
                0x00000000c001d0b8                MMX::MMX()
 .text          0x00000000c001d0e0       0x96 hw/fpu/sse.32
                0x00000000c001d0e0                SSE::open(int, int, void*)
                0x00000000c001d0f2                SSE::close(int, int, void*)
                0x00000000c001d104                SSE::available()
                0x00000000c001d11e                SSE::save(void*)
                0x00000000c001d136                SSE::load(void*)
                0x00000000c001d14e                SSE::SSE()
                0x00000000c001d14e                SSE::SSE()
 .text          0x00000000c001d176       0x8e hw/fpu/x87.32
                0x00000000c001d176                x87::open(int, int, void*)
                0x00000000c001d188                x87::close(int, int, void*)
                0x00000000c001d19a                x87::available()
                0x00000000c001d1ac                x87::save(void*)
                0x00000000c001d1c4                x87::load(void*)
                0x00000000c001d1dc                x87::x87()
                0x00000000c001d1dc                x87::x87()
 .text          0x00000000c001d204      0x5f3 hw/intctrl/apic.32
                0x00000000c001d204                APIC::disable()
                0x00000000c001d206                APIC::close(int, int, void*)
                0x00000000c001d228                IOAPIC::close(int, int, void*)
                0x00000000c001d22e                APIC::io_wait()
                0x00000000c001d234                APIC::getBase()
                0x00000000c001d276                APIC::eoi(unsigned char)
                0x00000000c001d2a4                APIC::open(int, int, void*)
                0x00000000c001d35e                IOAPIC::IOAPIC()
                0x00000000c001d35e                IOAPIC::IOAPIC()
                0x00000000c001d386                APIC::APIC()
                0x00000000c001d386                APIC::APIC()
                0x00000000c001d456                IOAPIC::handlesGSIWithNumber(unsigned int)
                0x00000000c001d488                IOAPIC::read(int)
                0x00000000c001d4b0                IOAPIC::open(int, int, void*)
                0x00000000c001d5a6                IOAPIC::write(int, int)
                0x00000000c001d5d2                IOAPIC::redirect(unsigned char, unsigned long long, unsigned char)
                0x00000000c001d68c                APIC::installIRQHandler(int, void (*)(regs*, void*), bool, void*)
 *fill*         0x00000000c001d7f7        0x1 
 .text          0x00000000c001d7f8      0x3d3 hw/intctrl/pic.32
                0x00000000c001d7f8                PIC::disable()
                0x00000000c001d826                PIC::close(int, int, void*)
                0x00000000c001d848                PIC::PIC()
                0x00000000c001d848                PIC::PIC()
                0x00000000c001d91e                PIC::ioWait()
                0x00000000c001d924                PIC::getIRQReg(int)
                0x00000000c001d98e                PIC::eoi(unsigned char)
                0x00000000c001da20                PIC::remap()
                0x00000000c001db8c                PIC::open(int, int, void*)
 *fill*         0x00000000c001dbcb        0x1 
 .text          0x00000000c001dbcc      0x252 hw/timer/apictimer.32
                0x00000000c001dbcc                APICTimer::close(int, int, void*)
                0x00000000c001dbd2                apicTimerHandler(regs*, void*)
                0x00000000c001dc00                APICTimer::write(int)
                0x00000000c001dcfe                APICTimer::open(int, int, void*)
                0x00000000c001ddf6                APICTimer::APICTimer()
                0x00000000c001ddf6                APICTimer::APICTimer()
 .text          0x00000000c001de1e      0x1a7 hw/timer/pit.32
                0x00000000c001de1e                PIT::write(int)
                0x00000000c001de9c                pitHandler(regs*, void*)
                0x00000000c001dec8                PIT::open(int, int, void*)
                0x00000000c001df16                PIT::close(int, int, void*)
                0x00000000c001df46                PIT::PIT()
                0x00000000c001df46                PIT::PIT()
 *fill*         0x00000000c001dfc5        0xb 
 .text          0x00000000c001dfd0        0xa hw/fpu/x86/avx.32
                0x00000000c001dfd0                avxDetect
                0x00000000c001dfd6                avxSave
                0x00000000c001dfd7                avxLoad
                0x00000000c001dfd8                avxInit
                0x00000000c001dfd9                avxClose
 *fill*         0x00000000c001dfda        0x6 
 .text          0x00000000c001dfe0       0x38 hw/fpu/x86/sse.32
                0x00000000c001dfe0                sseDetect
                0x00000000c001dffb                sseSave
                0x00000000c001e001                sseLoad
                0x00000000c001e007                sseInit
                0x00000000c001e017                sseClose
 *fill*         0x00000000c001e018        0x8 
 .text          0x00000000c001e020       0x47 hw/fpu/x86/x87.32
                0x00000000c001e026                x87Detect
                0x00000000c001e041                x87Save
                0x00000000c001e047                x87Load
                0x00000000c001e04c                x87Init
                0x00000000c001e066                x87Close
 *fill*         0x00000000c001e067        0x1 
 .text          0x00000000c001e068       0x25 /cygdrive/d/Users/Alex/Desktop/Toolchain/Output/bin/../lib/gcc/i386-banana/8.1.0/crtend.o
 .text          0x00000000c001e08d        0x0 crtn.32
 *fill*         0x00000000c001e08d        0x3 
 .text          0x00000000c001e090      0x14b /cygdrive/d/Users/Alex/Desktop/Toolchain/Output/bin/../lib/gcc/i386-banana/8.1.0/libgcc.a(_divdi3.o)
                0x00000000c001e090                __divdi3
 *fill*         0x00000000c001e1db        0x1 
 .text          0x00000000c001e1dc      0x17e /cygdrive/d/Users/Alex/Desktop/Toolchain/Output/bin/../lib/gcc/i386-banana/8.1.0/libgcc.a(_moddi3.o)
                0x00000000c001e1dc                __moddi3
 *fill*         0x00000000c001e35a        0x2 
 .text          0x00000000c001e35c       0xff /cygdrive/d/Users/Alex/Desktop/Toolchain/Output/bin/../lib/gcc/i386-banana/8.1.0/libgcc.a(_udivdi3.o)
                0x00000000c001e35c                __udivdi3
 *fill*         0x00000000c001e45b        0x1 
 .text          0x00000000c001e45c      0x11a /cygdrive/d/Users/Alex/Desktop/Toolchain/Output/bin/../lib/gcc/i386-banana/8.1.0/libgcc.a(_umoddi3.o)
                0x00000000c001e45c                __umoddi3
 *fill*         0x00000000c001e576        0xa 
 .text          0x00000000c001e580       0x1e D:/Users/Alex/Desktop/Banana/kernel/libk/libm32.a(s_fabs.c.o)
                0x00000000c001e580                fabs
 *fill*         0x00000000c001e59e        0x2 
 .text          0x00000000c001e5a0        0xc D:/Users/Alex/Desktop/Banana/kernel/libk/libm32.a(s_lrint.S.o)
                0x00000000c001e5a0                lrint
 .text          0x00000000c001e5ac        0xc D:/Users/Alex/Desktop/Banana/kernel/libk/libm32.a(s_lrintf.S.o)
                0x00000000c001e5ac                lrintf
 *(.gnu.linkonce.t*)

.iplt           0x00000000c001e5b8        0x0
 .iplt          0x00000000c001e5b8        0x0 D:/Users/Alex/Desktop/Banana/kernel/boot.32

.init           0x00000000c001e5b8        0xf
 .init          0x00000000c001e5b8        0x3 crti.32
                0x00000000c001e5b8                _init
 .init          0x00000000c001e5bb        0x5 /cygdrive/d/Users/Alex/Desktop/Toolchain/Output/bin/../lib/gcc/i386-banana/8.1.0/crtbegin.o
 .init          0x00000000c001e5c0        0x5 /cygdrive/d/Users/Alex/Desktop/Toolchain/Output/bin/../lib/gcc/i386-banana/8.1.0/crtend.o
 .init          0x00000000c001e5c5        0x2 crtn.32

.fini           0x00000000c001e5c7        0xa
 .fini          0x00000000c001e5c7        0x3 crti.32
                0x00000000c001e5c7                _fini
 .fini          0x00000000c001e5ca        0x5 /cygdrive/d/Users/Alex/Desktop/Toolchain/Output/bin/../lib/gcc/i386-banana/8.1.0/crtbegin.o
 .fini          0x00000000c001e5cf        0x2 crtn.32

.text._ZN8ComputerD2Ev
                0x00000000c001e5d2       0x23
 .text._ZN8ComputerD2Ev
                0x00000000c001e5d2       0x23 core/computer.32
                0x00000000c001e5d2                Computer::~Computer()
                0x00000000c001e5d2                Computer::~Computer()

.text._ZN8ComputerD0Ev
                0x00000000c001e5f6       0x2a
 .text._ZN8ComputerD0Ev
                0x00000000c001e5f6       0x2a core/computer.32
                0x00000000c001e5f6                Computer::~Computer()

.text._Z10idleCommonv
                0x00000000c001e620       0x15
 .text._Z10idleCommonv
                0x00000000c001e620       0x15 core/idle.32
                0x00000000c001e620                idleCommon()

.text._ZN3CPU7readCR3Ev
                0x00000000c001e635       0x12
 .text._ZN3CPU7readCR3Ev
                0x00000000c001e635       0x12 core/kheap.32
                0x00000000c001e635                CPU::readCR3()

.text._ZN3CPU8writeCR3Em
                0x00000000c001e647        0x9
 .text._ZN3CPU8writeCR3Em
                0x00000000c001e647        0x9 core/kheap.32
                0x00000000c001e647                CPU::writeCR3(unsigned long)

.text._ZN10LinkedListI8UnixFileED2Ev
                0x00000000c001e650        0x2
 .text._ZN10LinkedListI8UnixFileED2Ev
                0x00000000c001e650        0x2 core/unixfile.32
                0x00000000c001e650                LinkedList<UnixFile>::~LinkedList()
                0x00000000c001e650                LinkedList<UnixFile>::~LinkedList()

.text._ZN10LinkedListI8UnixFileEC2Ev
                0x00000000c001e652       0x58
 .text._ZN10LinkedListI8UnixFileEC2Ev
                0x00000000c001e652       0x58 core/unixfile.32
                0x00000000c001e652                LinkedList<UnixFile>::LinkedList()
                0x00000000c001e652                LinkedList<UnixFile>::LinkedList()

.text._ZN10LinkedListI8UnixFileE10addElementEPS0_
                0x00000000c001e6aa       0xd3
 .text._ZN10LinkedListI8UnixFileE10addElementEPS0_
                0x00000000c001e6aa       0xd3 core/unixfile.32
                0x00000000c001e6aa                LinkedList<UnixFile>::addElement(UnixFile*)

.text._ZN10LinkedListI8UnixFileE15getFirstElementEv
                0x00000000c001e77e        0x7
 .text._ZN10LinkedListI8UnixFileE15getFirstElementEv
                0x00000000c001e77e        0x7 core/unixfile.32
                0x00000000c001e77e                LinkedList<UnixFile>::getFirstElement()

.text._ZN10LinkedListI8UnixFileE11removeFirstEv
                0x00000000c001e786       0xa1
 .text._ZN10LinkedListI8UnixFileE11removeFirstEv
                0x00000000c001e786       0xa1 core/unixfile.32
                0x00000000c001e786                LinkedList<UnixFile>::removeFirst()

.text._ZN10LinkedListI8UnixFileE7getNextEPS0_
                0x00000000c001e828        0x8
 .text._ZN10LinkedListI8UnixFileE7getNextEPS0_
                0x00000000c001e828        0x8 core/unixfile.32
                0x00000000c001e828                LinkedList<UnixFile>::getNext(UnixFile*)

.text._ZN16DriverlessDeviceD2Ev
                0x00000000c001e830       0x1a
 .text._ZN16DriverlessDeviceD2Ev
                0x00000000c001e830       0x1a hal/device.32
                0x00000000c001e830                DriverlessDevice::~DriverlessDevice()
                0x00000000c001e830                DriverlessDevice::~DriverlessDevice()

.text._ZN16DriverlessDeviceD0Ev
                0x00000000c001e84a       0x2a
 .text._ZN16DriverlessDeviceD0Ev
                0x00000000c001e84a       0x2a hal/device.32
                0x00000000c001e84a                DriverlessDevice::~DriverlessDevice()

.text._ZN10LinkedListI6DeviceE10addElementEPS0_
                0x00000000c001e874       0xdc
 .text._ZN10LinkedListI6DeviceE10addElementEPS0_
                0x00000000c001e874       0xdc hal/device.32
                0x00000000c001e874                LinkedList<Device>::addElement(Device*)

.text._ZN10LinkedListI6DeviceEC2Ev
                0x00000000c001e950       0x58
 .text._ZN10LinkedListI6DeviceEC2Ev
                0x00000000c001e950       0x58 hal/device.32
                0x00000000c001e950                LinkedList<Device>::LinkedList()
                0x00000000c001e950                LinkedList<Device>::LinkedList()

.text._ZN3CPU7readDR0Ev
                0x00000000c001e9a8       0x12
 .text._ZN3CPU7readDR0Ev
                0x00000000c001e9a8       0x12 hal/intctrl.32
                0x00000000c001e9a8                CPU::readDR0()

.text._ZN3CPU7readDR1Ev
                0x00000000c001e9ba       0x12
 .text._ZN3CPU7readDR1Ev
                0x00000000c001e9ba       0x12 hal/intctrl.32
                0x00000000c001e9ba                CPU::readDR1()

.text._ZN3CPU7readDR2Ev
                0x00000000c001e9cc       0x12
 .text._ZN3CPU7readDR2Ev
                0x00000000c001e9cc       0x12 hal/intctrl.32
                0x00000000c001e9cc                CPU::readDR2()

.text._ZN3CPU7readDR3Ev
                0x00000000c001e9de       0x12
 .text._ZN3CPU7readDR3Ev
                0x00000000c001e9de       0x12 hal/intctrl.32
                0x00000000c001e9de                CPU::readDR3()

.text._ZN3CPU7readDR6Ev
                0x00000000c001e9f0       0x12
 .text._ZN3CPU7readDR6Ev
                0x00000000c001e9f0       0x12 hal/intctrl.32
                0x00000000c001e9f0                CPU::readDR6()

.text._ZN3CPU7readDR7Ev
                0x00000000c001ea02       0x12
 .text._ZN3CPU7readDR7Ev
                0x00000000c001ea02       0x12 hal/intctrl.32
                0x00000000c001ea02                CPU::readDR7()

.text._ZN10LinkedListIV18ThreadControlBlockE15getFirstElementEv
                0x00000000c001ea14        0x7
 .text._ZN10LinkedListIV18ThreadControlBlockE15getFirstElementEv
                0x00000000c001ea14        0x7 hal/timer.32
                0x00000000c001ea14                LinkedList<ThreadControlBlock volatile>::getFirstElement()

.text._ZN10LinkedListIV18ThreadControlBlockE7isEmptyEv
                0x00000000c001ea1c       0x1c
 .text._ZN10LinkedListIV18ThreadControlBlockE7isEmptyEv
                0x00000000c001ea1c       0x1c hal/timer.32
                0x00000000c001ea1c                LinkedList<ThreadControlBlock volatile>::isEmpty()

.text._ZN10LinkedListIV18ThreadControlBlockE11removeFirstEv
                0x00000000c001ea38       0xae
 .text._ZN10LinkedListIV18ThreadControlBlockE11removeFirstEv
                0x00000000c001ea38       0xae hal/timer.32
                0x00000000c001ea38                LinkedList<ThreadControlBlock volatile>::removeFirst()

.text._ZN10LinkedListIV18ThreadControlBlockE10addElementEPS1_
                0x00000000c001eae6       0xd3
 .text._ZN10LinkedListIV18ThreadControlBlockE10addElementEPS1_
                0x00000000c001eae6       0xd3 hal/timer.32
                0x00000000c001eae6                LinkedList<ThreadControlBlock volatile>::addElement(ThreadControlBlock volatile*)

.text._ZN4ACPID2Ev
                0x00000000c001ebba       0x23
 .text._ZN4ACPID2Ev
                0x00000000c001ebba       0x23 hw/acpi.32
                0x00000000c001ebba                ACPI::~ACPI()
                0x00000000c001ebba                ACPI::~ACPI()

.text._ZN4ACPID0Ev
                0x00000000c001ebde       0x2a
 .text._ZN4ACPID0Ev
                0x00000000c001ebde       0x2a hw/acpi.32
                0x00000000c001ebde                ACPI::~ACPI()

.text._ZN3CPUD2Ev
                0x00000000c001ec08       0x23
 .text._ZN3CPUD2Ev
                0x00000000c001ec08       0x23 hw/cpu.32
                0x00000000c001ec08                CPU::~CPU()
                0x00000000c001ec08                CPU::~CPU()

.text._ZN3CPUD0Ev
                0x00000000c001ec2c       0x2a
 .text._ZN3CPUD0Ev
                0x00000000c001ec2c       0x2a hw/cpu.32
                0x00000000c001ec2c                CPU::~CPU()

.text._ZN3CPU7readCR0Ev
                0x00000000c001ec56       0x12
 .text._ZN3CPU7readCR0Ev
                0x00000000c001ec56       0x12 hw/cpu.32
                0x00000000c001ec56                CPU::readCR0()

.text._ZN3CPU7readCR4Ev
                0x00000000c001ec68       0x12
 .text._ZN3CPU7readCR4Ev
                0x00000000c001ec68       0x12 hw/cpu.32
                0x00000000c001ec68                CPU::readCR4()

.text._ZN3CPU8writeDR7Em
                0x00000000c001ec7a        0x9
 .text._ZN3CPU8writeDR7Em
                0x00000000c001ec7a        0x9 hw/cpu.32
                0x00000000c001ec7a                CPU::writeDR7(unsigned long)

.text._ZN3CPU8writeCR4Em
                0x00000000c001ec83        0x9
 .text._ZN3CPU8writeCR4Em
                0x00000000c001ec83        0x9 hw/cpu.32
                0x00000000c001ec83                CPU::writeCR4(unsigned long)

.text._ZN3CPU7readCR2Ev
                0x00000000c001ec8c       0x12
 .text._ZN3CPU7readCR2Ev
                0x00000000c001ec8c       0x12 krnl/panic.32
                0x00000000c001ec8c                CPU::readCR2()

.text._ZN10LinkedListIV18ThreadControlBlockED2Ev
                0x00000000c001ec9e        0x2
 .text._ZN10LinkedListIV18ThreadControlBlockED2Ev
                0x00000000c001ec9e        0x2 thr/prcssthr.32
                0x00000000c001ec9e                LinkedList<ThreadControlBlock volatile>::~LinkedList()
                0x00000000c001ec9e                LinkedList<ThreadControlBlock volatile>::~LinkedList()

.text._ZN18ThreadControlBlockC2Ev
                0x00000000c001eca0       0x3e
 .text._ZN18ThreadControlBlockC2Ev
                0x00000000c001eca0       0x3e thr/prcssthr.32
                0x00000000c001eca0                ThreadControlBlock::ThreadControlBlock()
                0x00000000c001eca0                ThreadControlBlock::ThreadControlBlock()

.text._ZN10LinkedListIV18ThreadControlBlockEC2Ev
                0x00000000c001ecde       0x58
 .text._ZN10LinkedListIV18ThreadControlBlockEC2Ev
                0x00000000c001ecde       0x58 thr/prcssthr.32
                0x00000000c001ecde                LinkedList<ThreadControlBlock volatile>::LinkedList()
                0x00000000c001ecde                LinkedList<ThreadControlBlock volatile>::LinkedList()

.text._ZN10LinkedListIV18ThreadControlBlockE7getNextEPS1_
                0x00000000c001ed36        0x8
 .text._ZN10LinkedListIV18ThreadControlBlockE7getNextEPS1_
                0x00000000c001ed36        0x8 thr/prcssthr.32
                0x00000000c001ed36                LinkedList<ThreadControlBlock volatile>::getNext(ThreadControlBlock volatile*)

.text._ZN3PCID2Ev
                0x00000000c001ed3e       0x23
 .text._ZN3PCID2Ev
                0x00000000c001ed3e       0x23 hw/bus/pci.32
                0x00000000c001ed3e                PCI::~PCI()
                0x00000000c001ed3e                PCI::~PCI()

.text._ZN3PCID0Ev
                0x00000000c001ed62       0x2a
 .text._ZN3PCID0Ev
                0x00000000c001ed62       0x2a hw/bus/pci.32
                0x00000000c001ed62                PCI::~PCI()

.text._ZN3IDED2Ev
                0x00000000c001ed8c       0x23
 .text._ZN3IDED2Ev
                0x00000000c001ed8c       0x23 hw/diskctrl/ide.32
                0x00000000c001ed8c                IDE::~IDE()
                0x00000000c001ed8c                IDE::~IDE()

.text._ZN3IDED0Ev