Archive member included to satisfy reference by file (symbol)

/cygdrive/d/Users/Alex/Desktop/Toolchain/Output/bin/../lib/gcc/i386-banana/8.1.0/libkgcc.a(_divdi3.o)
                              fs/fat/ff.32 (__divdi3)
/cygdrive/d/Users/Alex/Desktop/Toolchain/Output/bin/../lib/gcc/i386-banana/8.1.0/libkgcc.a(_moddi3.o)
                              compat/resolve.32 (__moddi3)
/cygdrive/d/Users/Alex/Desktop/Toolchain/Output/bin/../lib/gcc/i386-banana/8.1.0/libkgcc.a(_udivdi3.o)
                              fs/fat/ff.32 (__udivdi3)
/cygdrive/d/Users/Alex/Desktop/Toolchain/Output/bin/../lib/gcc/i386-banana/8.1.0/libkgcc.a(_umoddi3.o)
                              compat/resolve.32 (__umoddi3)
D:/Users/Alex/Desktop/Banana/kernel/libsoftfp.a(sfieeelib.o)
                              hal/sound/sndhw.32 (__addsf3)
D:/Users/Alex/Desktop/Banana/kernel/libsoftfp.a(dfieeelib.o)
                              hal/libresample/src_linear.32 (__adddf3)
D:/Users/Alex/Desktop/Banana/kernel/libsoftfp.a(sfdfcvt.o)
                              hal/libresample/samplerate.32 (__truncdfsf2)
D:/Users/Alex/Desktop/Banana/kernel/libk/libm32.a(s_fabs.c.o)
                              hal/libresample/samplerate.32 (fabs)
D:/Users/Alex/Desktop/Banana/kernel/libk/libm32.a(s_lrint.S.o)
                              hal/libresample/samplerate.32 (lrint)
D:/Users/Alex/Desktop/Banana/kernel/libk/libm32.a(s_lrintf.S.o)
                              hal/sound/sndhw.32 (lrintf)

Discarded input sections

 .comment       0x0000000000000000       0x12 /cygdrive/d/Users/Alex/Desktop/Toolchain/Output/bin/../lib/gcc/i386-banana/8.1.0/crtbegin.o
 .comment       0x0000000000000000       0x12 acpica/utclib.32
 .comment       0x0000000000000000       0x12 core/malloc.32
 .comment       0x0000000000000000       0x12 libk/string.32
 .comment       0x0000000000000000       0x12 fs/fat/diskio.32
 .comment       0x0000000000000000       0x12 fs/fat/ff.32
 .comment       0x0000000000000000       0x12 fs/fat/ffsystem.32
 .comment       0x0000000000000000       0x12 fs/fat/ffunicode.32
 .comment       0x0000000000000000       0x12 hal/libresample/samplerate.32
 .comment       0x0000000000000000       0x12 hal/libresample/src_linear.32
 .comment       0x0000000000000000       0x12 hal/libresample/src_sinc.32
 .comment       0x0000000000000000       0x12 hal/libresample/src_zoh.32
 .comment       0x0000000000000000       0x12 compat/inlines.32
 .comment       0x0000000000000000       0x12 compat/resolve.32
 .group         0x0000000000000000       0x14 core/computer.32
 .group         0x0000000000000000        0xc core/computer.32
 .comment       0x0000000000000000       0x12 core/computer.32
 .comment       0x0000000000000000       0x12 core/gdt.32
 .group         0x0000000000000000        0xc core/idle.32
 .comment       0x0000000000000000       0x12 core/idle.32
 .comment       0x0000000000000000       0x12 core/idt.32
 .comment       0x0000000000000000       0x12 core/kheap.32
 .comment       0x0000000000000000       0x12 core/main.32
 .comment       0x0000000000000000       0x12 core/physmgr.32
 .group         0x0000000000000000        0xc core/pipe.32
 .comment       0x0000000000000000       0x12 core/pipe.32
 .group         0x0000000000000000        0xc core/terminal.32
 .comment       0x0000000000000000       0x12 core/terminal.32
 .comment       0x0000000000000000       0x12 core/tss.32
 .group         0x0000000000000000        0x8 core/unixfile.32
 .group         0x0000000000000000        0xc core/unixfile.32
 .group         0x0000000000000000        0xc core/unixfile.32
 .group         0x0000000000000000        0x8 core/unixfile.32
 .group         0x0000000000000000        0xc core/unixfile.32
 .group         0x0000000000000000        0x8 core/unixfile.32
 .group         0x0000000000000000        0xc core/unixfile.32
 .group         0x0000000000000000        0xc core/unixfile.32
 .comment       0x0000000000000000       0x12 core/unixfile.32
 .comment       0x0000000000000000       0x12 core/virtmgr.32
 .comment       0x0000000000000000       0x12 coreobjs/c++.32
 .comment       0x0000000000000000       0x12 dbg/kconsole.32
 .group         0x0000000000000000        0xc fs/vfs.32
 .group         0x0000000000000000        0xc fs/vfs.32
 .group         0x0000000000000000        0xc fs/vfs.32
 .comment       0x0000000000000000       0x12 fs/vfs.32
 .group         0x0000000000000000        0xc hal/bus.32
 .comment       0x0000000000000000       0x12 hal/bus.32
 .group         0x0000000000000000        0xc hal/buzzer.32
 .comment       0x0000000000000000       0x12 hal/buzzer.32
 .group         0x0000000000000000        0xc hal/clock.32
 .comment       0x0000000000000000       0x12 hal/clock.32
 .group         0x0000000000000000       0x14 hal/device.32
 .group         0x0000000000000000        0xc hal/device.32
 .group         0x0000000000000000        0xc hal/device.32
 .group         0x0000000000000000        0xc hal/device.32
[...]
Memory Configuration

Name             Origin             Length             Attributes
*default*        0x0000000000000000 0xffffffffffffffff

Linker script and memory map

LOAD D:/Users/Alex/Desktop/Banana/kernel/boot.32
LOAD crti.32
LOAD /cygdrive/d/Users/Alex/Desktop/Toolchain/Output/bin/../lib/gcc/i386-banana/8.1.0/crtbegin.o
LOAD D:/Users/Alex/Desktop/Banana/kernel/morenasm.32
LOAD acpica/utclib.32
LOAD core/malloc.32
LOAD libk/string.32
LOAD fs/fat/diskio.32
LOAD fs/fat/ff.32
LOAD fs/fat/ffsystem.32
LOAD fs/fat/ffunicode.32
LOAD hal/libresample/samplerate.32
LOAD hal/libresample/src_linear.32
LOAD hal/libresample/src_sinc.32
LOAD hal/libresample/src_zoh.32
LOAD compat/inlines.32
LOAD compat/resolve.32
LOAD core/computer.32
LOAD core/gdt.32
LOAD core/idle.32
LOAD core/idt.32
LOAD core/kheap.32
LOAD core/main.32
LOAD core/physmgr.32
LOAD core/pipe.32
LOAD core/terminal.32
LOAD core/tss.32
LOAD core/unixfile.32
LOAD core/virtmgr.32
LOAD coreobjs/c++.32
LOAD dbg/kconsole.32
LOAD fs/vfs.32
LOAD hal/bus.32
LOAD hal/buzzer.32
LOAD hal/clock.32
LOAD hal/device.32
LOAD hal/diskctrl.32
LOAD hal/diskphys.32
LOAD hal/fpu.32
LOAD hal/intctrl.32
LOAD hal/keybrd.32
LOAD hal/logidisk.32
LOAD hal/mouse.32
LOAD hal/partition.32
LOAD hal/serial.32
LOAD hal/timer.32
LOAD hal/vcache.32
LOAD hal/video.32
LOAD hw/acpi.32
LOAD hw/cpu.32
LOAD hw/ports.32
LOAD hw/smp.32
LOAD krnl/env.32
LOAD krnl/panic.32
LOAD net/ethernet.32
LOAD reg/registry.32
LOAD sys/sc_eject.32
LOAD sys/sc_exit.32
LOAD sys/sc_getcwd.32
LOAD sys/sc_getpid.32
LOAD sys/sc_getramdata.32
LOAD sys/sc_loaddll.32
LOAD sys/sc_read.32
LOAD sys/sc_sbrk.32
LOAD sys/sc_setcwd.32
LOAD sys/sc_settime.32
LOAD sys/sc_timezone.32
LOAD sys/sc_write.32
LOAD sys/sc_wsbe.32
LOAD sys/sc_yield.32
LOAD sys/syscalls.32
LOAD thr/elf.32
LOAD thr/prcssthr.32
LOAD vm86/vm8086.32
LOAD vm86/x87em.32
LOAD fs/fat/vfslink.32
LOAD fs/iso9660/vfslink.32
LOAD hal/sound/sndchannel.32
LOAD hal/sound/sndhw.32
LOAD hw/bus/isa.32
LOAD hw/bus/pci.32
LOAD hw/diskctrl/ide.32
LOAD hw/diskctrl/satabus.32
LOAD hw/diskphys/ata.32
LOAD hw/diskphys/atapi.32
LOAD hw/diskphys/sata.32
LOAD hw/diskphys/satapi.32
LOAD hw/fpu/avx.32
LOAD hw/fpu/mmx.32
LOAD hw/fpu/sse.32
LOAD hw/fpu/x87.32
LOAD hw/intctrl/apic.32
LOAD hw/intctrl/pic.32
LOAD hw/timer/apictimer.32
LOAD hw/timer/pit.32
LOAD hw/fpu/x86/avx.32
LOAD hw/fpu/x86/sse.32
LOAD hw/fpu/x86/x87.32
LOAD /cygdrive/d/Users/Alex/Desktop/Toolchain/Output/bin/../lib/gcc/i386-banana/8.1.0/crtend.o
LOAD crtn.32
LOAD /cygdrive/d/Users/Alex/Desktop/Toolchain/Output/bin/../lib/gcc/i386-banana/8.1.0/libkgcc.a
LOAD D:/Users/Alex/Desktop/Banana/kernel/libsoftfp.a
LOAD D:/Users/Alex/Desktop/Banana/kernel/libk/libm32.a
                0x00000000c0000000                . = 0xc0000000

.text           0x00000000c0000000    0x28648
 *(.text)
 .text          0x00000000c0000000       0x41 D:/Users/Alex/Desktop/Banana/kernel/boot.32
                0x00000000c0000020                callGlobalConstructors
 .text          0x00000000c0000041        0x0 crti.32
 *fill*         0x00000000c0000041        0x3 
 .text          0x00000000c0000044      0x101 /cygdrive/d/Users/Alex/Desktop/Toolchain/Output/bin/../lib/gcc/i386-banana/8.1.0/crtbegin.o
 *fill*         0x00000000c0000145        0xb 
 .text          0x00000000c0000150      0x4ed D:/Users/Alex/Desktop/Banana/kernel/morenasm.32
                0x00000000c0000150                manualPCIProbe
                0x00000000c000019b                prepareTramp
                0x00000000c00001b4                voodooXADD
                0x00000000c000027f                doTPAUSE
                0x00000000c0000289                hasLegacyFPU
                0x00000000c00002ae                is486
                0x00000000c00002e4                detectCPUID
                0x00000000c00002fa                goToVM86
                0x00000000c000032a                goToUsermode
                0x00000000c0000354                switchToThreadASMFirstTime
                0x00000000c0000362                switchToThreadASM
                0x00000000c00003ea                asmQuickAcquireLock
                0x00000000c0000408                asmQuickReleaseLock
                0x00000000c0000414                asmAcquireLock
                0x00000000c0000435                asmReleaseLock
                0x00000000c0000448                loadGDT
                0x00000000c0000468                isr0
                0x00000000c0000478                isr1
                0x00000000c0000482                isr2
                0x00000000c000048c                isr3
                0x00000000c0000496                isr4
                0x00000000c00004a0                isr5
                0x00000000c00004aa                isr6
                0x00000000c00004b4                isr7
                0x00000000c00004be                isr8
                0x00000000c00004c6                isr9
                0x00000000c00004d0                isr10
                0x00000000c00004d8                isr11
                0x00000000c00004e0                isr12
                0x00000000c00004e8                isr13
                0x00000000c00004f0                isr14
                0x00000000c00004f8                isr15
                0x00000000c0000502                isr16
                0x00000000c000050c                isr17
                0x00000000c0000516                isr18
                0x00000000c0000520                irq3
                0x00000000c000052a                irq4
                0x00000000c0000534                irq5
                0x00000000c000053e                irq6
                0x00000000c0000548                irq7
                0x00000000c0000552                irq8
                0x00000000c000055c                irq9
                0x00000000c0000566                irq10
                0x00000000c0000570                irq11
                0x00000000c000057a                irq12
                0x00000000c0000584                irq13
                0x00000000c000058e                irq14
                0x00000000c0000598                irq15
                0x00000000c00005a2                irq1
                0x00000000c00005a9                irq2
                0x00000000c00005b0                isr96
                0x00000000c00005b7                irq0
                0x00000000c00005bc                int_common_stub
                0x00000000c00005bc                syscall_common_stub
                0x00000000c00005ed                irq16
                0x00000000c00005f7                irq17
                0x00000000c0000601                irq18
                0x00000000c000060b                irq19
                0x00000000c0000615                irq20
                0x00000000c000061f                irq21
                0x00000000c0000629                irq22
                0x00000000c0000633                irq23
 *fill*         0x00000000c000063d        0x3 
 .text          0x00000000c0000640      0x611 acpica/utclib.32
                0x00000000c0000640                memcmp
                0x00000000c000067c                memmove
                0x00000000c0000744                memcpy
                0x00000000c0000778                memset
                0x00000000c0000794                strlen
                0x00000000c00007ac                strpbrk
                0x00000000c00007e8                strtok
                0x00000000c0000834                strcpy
                0x00000000c0000858                strncpy
                0x00000000c00008c0                strcmp
                0x00000000c0000900                strchr
                0x00000000c0000924                strncmp
                0x00000000c0000974                strcat
                0x00000000c00009a4                strncat
                0x00000000c00009e0                strstr
                0x00000000c0000a28                toupper
                0x00000000c0000a3c                tolower
                0x00000000c0000a50                simple_strtoul
 .text          0x00000000c0000c51      0xfbf core/malloc.32
                0x00000000c0000dbc                dlfree
                0x00000000c0001117                dlmalloc
                0x00000000c0001654                dlrealloc
                0x00000000c0001809                dlmemalign
                0x00000000c000192c                dlcalloc
                0x00000000c00019c6                dlcfree
                0x00000000c00019cb                dlindependent_calloc
                0x00000000c00019f0                dlindependent_comalloc
                0x00000000c0001a07                dlvalloc
                0x00000000c0001a32                dlpvalloc
                0x00000000c0001a68                dlmalloc_trim
                0x00000000c0001a75                dlmalloc_usable_size
                0x00000000c0001aa6                dlmallinfo
                0x00000000c0001b75                dlmalloc_stats
                0x00000000c0001b86                dlmallopt
 .text          0x00000000c0001c10        0x0 libk/string.32
 .text          0x00000000c0001c10       0x51 fs/fat/diskio.32
                0x00000000c0001c10                disk_status
                0x00000000c0001c13                disk_initialize
                0x00000000c0001c16                disk_read
                0x00000000c0001c2c                disk_write
                0x00000000c0001c42                disk_ioctl
 .text          0x00000000c0001c61     0x6833 fs/fat/ff.32
                0x00000000c0004f2f                f_mount
                0x00000000c0004f91                f_open
                0x00000000c00053cd                f_read
                0x00000000c000564d                f_write
                0x00000000c0005907                f_sync
                0x00000000c0005ae3                f_close
                0x00000000c0005b12                f_lseek
                0x00000000c0005fc9                f_opendir
                0x00000000c00060cb                f_closedir
                0x00000000c00060ed                f_readdir
                0x00000000c0006188                f_stat
                0x00000000c0006217                f_getfree
                0x00000000c00063e2                f_truncate
                0x00000000c00064da                f_unlink
                0x00000000c000665d                f_mkdir
                0x00000000c0006889                f_rename
                0x00000000c0006b7c                f_chmod
                0x00000000c0006c5a                f_utime
                0x00000000c0006d38                f_getlabel
                0x00000000c0006f26                f_setlabel
                0x00000000c0007193                f_forward
                0x00000000c0007371                f_mkfs
 .text          0x00000000c0008494       0x2d fs/fat/ffsystem.32
                0x00000000c0008494                ff_memalloc
                0x00000000c00084aa                ff_memfree
 .text          0x00000000c00084c1      0x253 fs/fat/ffunicode.32
                0x00000000c00084c1                ff_uni2oem
                0x00000000c0008551                ff_oem2uni
                0x00000000c00085bd                ff_wtoupper
 .text          0x00000000c0008714      0x8fb hal/libresample/samplerate.32
                0x00000000c0008758                src_delete
                0x00000000c0008794                src_process
                0x00000000c000894a                src_callback_read
                0x00000000c0008ac7                src_set_ratio
                0x00000000c0008b31                src_get_channels
                0x00000000c0008b53                src_reset
                0x00000000c0008b9f                src_new
                0x00000000c0008c2d                src_callback_new
                0x00000000c0008c8f                src_get_name
                0x00000000c0008cc6                src_get_description
                0x00000000c0008cfd                src_get_version
                0x00000000c0008d03                src_is_valid_ratio
                0x00000000c0008d57                src_error
                0x00000000c0008d65                src_strerror
                0x00000000c0008d78                src_simple
                0x00000000c0008dcb                src_short_to_float_array
                0x00000000c0008e30                src_float_to_short_array
                0x00000000c0008eef                src_int_to_float_array
                0x00000000c0008f52                src_float_to_int_array
 .text          0x00000000c000900f      0x8cb hal/libresample/src_linear.32
                0x00000000c0009835                linear_get_name
                0x00000000c0009844                linear_get_description
                0x00000000c0009853                linear_set_converter
 .text          0x00000000c00098da     0x447c hal/libresample/src_sinc.32
                0x00000000c000dc6d                sinc_get_name
                0x00000000c000dc80                sinc_get_description
                0x00000000c000dc93                sinc_set_converter
 .text          0x00000000c000dd56      0x77c hal/libresample/src_zoh.32
                0x00000000c000e42d                zoh_get_name
                0x00000000c000e43c                zoh_get_description
                0x00000000c000e44b                zoh_set_converter
 .text          0x00000000c000e4d2       0x23 compat/inlines.32
                0x00000000c000e4d2                CPU::current()
                0x00000000c000e4df                operator new(unsigned long)
 .text          0x00000000c000e4f5      0x111 compat/resolve.32
                0x00000000c000e4f5                Krnl::resolveCompatibilitySymbol(char*)
 .text          0x00000000c000e606      0xa17 core/computer.32
                0x00000000c000e606                Computer::close(int, int, void*)
                0x00000000c000e64a                Krnl::firstTask()
                0x00000000c000e73a                Computer::Computer()
                0x00000000c000e73a                Computer::Computer()
                0x00000000c000e896                Computer::setBootMessage(char const*)
                0x00000000c000e898                Computer::detectFeatures()
                0x00000000c000eaa2                Computer::displayFeatures()
                0x00000000c000ede8                Computer::rdmsr(unsigned int)
                0x00000000c000ee14                Computer::wrmsr(unsigned int, unsigned long long)
                0x00000000c000ee4c                Computer::nmiEnabled()
                0x00000000c000ee58                Computer::readCMOS(unsigned char)
                0x00000000c000ee72                Computer::enableNMI(bool)
                0x00000000c000ee8a                Computer::open(int, int, void*)
                0x00000000c000ef60                Computer::disableNMI()
                0x00000000c000ef6e                Computer::writeCMOS(unsigned char, unsigned char)
                0x00000000c000ef8c                Computer::handleNMI()
                0x00000000c000eff2                Computer::setDiskActivityLight(int, bool)
 *fill*         0x00000000c000f01d        0x1 
 .text          0x00000000c000f01e      0x1b7 core/gdt.32
                0x00000000c000f01e                GDTEntry::setBase(unsigned int)
                0x00000000c000f03a                GDTEntry::setLimit(unsigned int)
                0x00000000c000f058                GDT::GDT()
                0x00000000c000f058                GDT::GDT()
                0x00000000c000f06e                GDT::addEntry(GDTEntry)
                0x00000000c000f0aa                GDT::getNumberOfEntries()
                0x00000000c000f0b2                GDT::flush()
                0x00000000c000f0d4                GDT::setup()
 .text          0x00000000c000f1d5       0x62 core/idle.32
                0x00000000c000f1d5                idleFunction(void*)
 *fill*         0x00000000c000f237        0x1 
 .text          0x00000000c000f238      0x45f core/idt.32
                0x00000000c000f238                IDTEntry::IDTEntry(bool)
                0x00000000c000f238                IDTEntry::IDTEntry(bool)
                0x00000000c000f2a6                IDTEntry::setOffset(unsigned int)
                0x00000000c000f2ba                IDT::IDT()
                0x00000000c000f2ba                IDT::IDT()
                0x00000000c000f2bc                IDT::getPointerToInvalidOpcodeEntryForF00F()
                0x00000000c000f2c4                IDT::addEntry(IDTEntry, int)
                0x00000000c000f2de                IDT::addEntry(int, void (*)(), bool)
                0x00000000c000f316                IDT::flush()
                0x00000000c000f330                IDT::setup()
 .text          0x00000000c000f697      0x203 core/kheap.32
                0x00000000c000f697                sbrk
                0x00000000c000f7a5                mmap
                0x00000000c000f7bb                munmap
                0x00000000c000f7d1                liballoc_lock()
                0x00000000c000f7e2                liballoc_unlock()
                0x00000000c000f7f3                liballoc_alloc(int)
                0x00000000c000f80e                liballoc_free(void*, int)
                0x00000000c000f82c                realloc
                0x00000000c000f840                malloc
                0x00000000c000f850                free
                0x00000000c000f860                rfree
                0x00000000c000f870                calloc
 .text          0x00000000c000f89a      0x485 core/main.32
                0x00000000c000f89a                hwTextMode_loadInData(VgaText*)
                0x00000000c000f8e5                hwTextMode_loadInTitle(VgaText*, char*)
                0x00000000c000f963                hwTextMode_showCursor(VgaText*, bool)
                0x00000000c000f9c1                hwTextMode_update(VgaText*)
                0x00000000c000f9c2                hwTextMode_updateCursor(VgaText*)
                0x00000000c000fa13                hwTextMode_disableBlink(VgaText*, bool)
                0x00000000c000fa59                hwTextMode_scrollScreen(VgaText*)
                0x00000000c000fb06                hwTextMode_writeCharacter(VgaText*, char, VgaColour, VgaColour, int, int)
                0x00000000c000fb88                setupTextMode()
                0x00000000c000fbf8                kernel_main
 .text          0x00000000c000fd1f      0x5c8 core/physmgr.32
                0x00000000c000fd1f                Phys::allocateDMA(unsigned long)
                0x00000000c000fdc2                Phys::freeDMA(unsigned long, unsigned long)
                0x00000000c000fe0a                Phys::setPageState(unsigned long, bool)
                0x00000000c000fe3c                Phys::getPageState(unsigned long)
                0x00000000c000fe58                Phys::freePage(unsigned long)
                0x00000000c000fee2                Phys::allocatePage()
                0x00000000c0010025                Phys::allocateContiguousPages(int)
                0x00000000c001007f                Phys::allowSegmentToBeUsed(unsigned long, unsigned long)
                0x00000000c00100b7                Phys::physicalMemorySetup(unsigned int)
 *fill*         0x00000000c00102e7        0x1 
 .text          0x00000000c00102e8      0x273 core/pipe.32
                0x00000000c00102e8                Pipe::isAtty()
                0x00000000c00102ec                Pipe::~Pipe()
                0x00000000c00102ec                Pipe::~Pipe()
                0x00000000c0010310                Pipe::~Pipe()
                0x00000000c0010338                Pipe::read(unsigned long long, void*, int*)
                0x00000000c001042c                Pipe::write(unsigned long long, void*, int*)
                0x00000000c00104f4                Pipe::Pipe(int)
                0x00000000c00104f4                Pipe::Pipe(int)
 *fill*         0x00000000c001055b        0x1 
 .text          0x00000000c001055c      0xf73 core/terminal.32
                0x00000000c001055c                VgaText::isAtty()
                0x00000000c0010560                VgaText::~VgaText()
                0x00000000c0010560                VgaText::~VgaText()
                0x00000000c0010584                VgaText::~VgaText()
                0x00000000c00105ae                VgaText::read(unsigned long long, void*, int*)
                0x00000000c00105ce                setTerminalScrollLock(bool)
                0x00000000c00105cf                addToTerminalCycle(VgaText*)
                0x00000000c00105fc                installVgaTextImplementation()
                0x00000000c0010611                scrollTerminalScrollLock(int)
                0x00000000c0010612                VgaText::load()
                0x00000000c0010666                VgaText::updateCursor()
                0x00000000c0010680                VgaText::showCursor(bool)
                0x00000000c0010690                VgaText::disableBlink(bool)
                0x00000000c00106ca                VgaText::doANSI_SGR(int)
                0x00000000c0010756                VgaText::setDefaultBgColour(VgaColour)
                0x00000000c001076c                VgaText::setDefaultFgColour(VgaColour)
                0x00000000c0010782                VgaText::setDefaultColours(VgaColour, VgaColour)
                0x00000000c00107a2                VgaText::combineColours(unsigned char, unsigned char)
                0x00000000c00107b4                VgaText::scrollScreen()
                0x00000000c0010848                VgaText::combineCharAndColour(char, unsigned char)
                0x00000000c001085a                VgaText::writeCharacter(char, VgaColour, VgaColour, int, int)
                0x00000000c00108ba                VgaText::getCursorX()
                0x00000000c00108c6                VgaText::getCursorY()
                0x00000000c00108d2                VgaText::setCursor(int, int)
                0x00000000c00108f0                VgaText::setCursorX(int)
                0x00000000c001090c                VgaText::setCursorY(int)
                0x00000000c0010928                VgaText::incrementCursor(bool)
                0x00000000c0010990                VgaText::updateRAMUsageDisplay(int)
                0x00000000c00109f4                VgaText::updateDiskUsage()
                0x00000000c0010b5e                VgaText::updateTitle()
                0x00000000c0010ba4                VgaText::setTitleTextColour(VgaColour)
                0x00000000c0010bb4                VgaText::setTitleColour(VgaColour)
                0x00000000c0010bc4                VgaText::setTitle(char*)
                0x00000000c0010bea                VgaText::decrementCursor(bool)
                0x00000000c0010c12                VgaText::putchar(char, VgaColour, VgaColour)
                0x00000000c0010d0e                VgaText::isShowingCursor()
                0x00000000c0010d1a                VgaText::isBlinkDisabled()
                0x00000000c0010d28                VgaText::setCursorHeight(int)
                0x00000000c0010d46                VgaText::getCursorHeight()
                0x00000000c0010d51                setActiveTerminal(VgaText*)
                0x00000000c0010e03                doTerminalCycle()
                0x00000000c0010e20                VgaText::doUpdate()
                0x00000000c0010e32                VgaText::puts(char const*, VgaColour, VgaColour)
                0x00000000c0010ff2                VgaText::clearScreen()
                0x00000000c0011056                VgaText::putchar(char)
                0x00000000c0011170                VgaText::puts(char const*)
                0x00000000c0011196                VgaText::putx(unsigned int)
                0x00000000c00111dc                VgaText::VgaText(char const*)
                0x00000000c00111dc                VgaText::VgaText(char const*)
                0x00000000c001136e                VgaText::receiveKey(unsigned char)
                0x00000000c0011456                VgaText::write(unsigned long long, void*, int*)
                0x00000000c00114aa                newTerminal(char*)
 *fill*         0x00000000c00114cf        0x1 
 .text          0x00000000c00114d0      0x1b3 core/tss.32
                0x00000000c00114d0                TSS::TSS()
                0x00000000c00114d0                TSS::TSS()
                0x00000000c00114de                TSS::setESP(unsigned long)
                0x00000000c00114f0                TSS::flush()
                0x00000000c0011510                TSS::setup(unsigned long, unsigned long)
 *fill*         0x00000000c0011683        0x1 
 .text          0x00000000c0011684      0x4c2 core/unixfile.32
                0x00000000c0011684                ReservedFilename::read(unsigned long long, void*, int*)
                0x00000000c00116da                ReservedFilename::isAtty()
                0x00000000c00116f6                ReservedFilename::write(unsigned long long, void*, int*)
                0x00000000c0011754                UnixFile::getFileDescriptor()
                0x00000000c001175c                UnixFile::UnixFile(int)
                0x00000000c001175c                UnixFile::UnixFile(int)
                0x00000000c001190c                ReservedFilename::ReservedFilename(int)
                0x00000000c001190c                ReservedFilename::ReservedFilename(int)
                0x00000000c001193e                UnixFile::~UnixFile()
                0x00000000c001193e                UnixFile::~UnixFile()
                0x00000000c00119d6                UnixFile::~UnixFile()
                0x00000000c00119fe                ReservedFilename::~ReservedFilename()
                0x00000000c00119fe                ReservedFilename::~ReservedFilename()
                0x00000000c0011a22                ReservedFilename::~ReservedFilename()
                0x00000000c0011a49                getFromFileDescriptor(int)
 .text          0x00000000c0011b46     0x12a2 core/virtmgr.32
                0x00000000c0011b46                Virt::setPageState(unsigned long, Virt::VirtPageState)
                0x00000000c0011b7b                Virt::getPageState(unsigned long)
                0x00000000c0011b9f                Virt::allocateKernelVirtualPages(int)
                0x00000000c0011cb0                Virt::freeSwapfilePage(unsigned long)
                0x00000000c0011cce                Virt::swapIDToSector(unsigned long)
                0x00000000c0011ce0                Virt::allocateSwapfilePage()
                0x00000000c0011d5e                Virt::virtualMemorySetup()
                0x00000000c0011ddd                Virt::swappingSetup()
                0x00000000c0011e3a                Virt::getAKernelVAS()
                0x00000000c0011e40                Virt::setupPageSwapping(int)
                0x00000000c0011f70                VAS::VAS()
                0x00000000c0011f70                VAS::VAS()
                0x00000000c0011fa0                VAS::VAS(VAS*)
                0x00000000c0011fa0                VAS::VAS(VAS*)
                0x00000000c0011fc4                VAS::getForeignPageTableEntry(bool, unsigned long)
                0x00000000c0011ff0                VAS::getPageTableEntry(unsigned long)
                0x00000000c001200f                Virt::freeKernelVirtualPages(unsigned long)
                0x00000000c0012132                VAS::freeAllocatedPages(unsigned long)
                0x00000000c0012156                VAS::virtualToPhysical(unsigned long)
                0x00000000c001216e                VAS::reflagRange(unsigned long, int, int, int)
                0x00000000c00121ae                VAS::setToWriteCombining(unsigned long, int)
                0x00000000c00121e0                VAS::mapOtherVASIn(bool, VAS*)
                0x00000000c001220a                VAS::~VAS()
                0x00000000c001220a                VAS::~VAS()
                0x00000000c0012376                VAS::mapPage(unsigned long, unsigned long, int)
                0x00000000c0012476                VAS::allocatePages(int, int)
                0x00000000c001264e                VAS::setCPUSpecific(unsigned long)
                0x00000000c001266a                VAS::mapRange(unsigned long, unsigned long, int, int)
                0x00000000c0012730                VAS::mapForeignPage(bool, VAS*, unsigned long, unsigned long, int)
                0x00000000c001281e                VAS::VAS(bool)
                0x00000000c001281e                VAS::VAS(bool)
                0x00000000c0012a7a                VAS::evict(unsigned long)
                0x00000000c0012b32                VAS::scanForEviction(int, int)
                0x00000000c0012bf8                VAS::tryLoadBackOffDisk(unsigned long)
                0x00000000c0012d2c                mapVASFirstTime
 .text          0x00000000c0012de8       0x95 coreobjs/c++.32
                0x00000000c0012de8                __cxa_atexit
                0x00000000c0012deb                __cxa_finalize
                0x00000000c0012dec                __stack_chk_fail
                0x00000000c0012e58                __cxa_pure_virtual
                0x00000000c0012e69                operator new[](unsigned long)
                0x00000000c0012e6e                operator delete(void*, unsigned long)
                0x00000000c0012e73                operator delete[](void*)
                0x00000000c0012e78                operator delete[](void*, unsigned long)
 .text          0x00000000c0012e7d      0x1ef dbg/kconsole.32
                0x00000000c0012e7d                Dbg::stringifyxWithBase(unsigned int, char*, int)
                0x00000000c0012ede                Dbg::logc(char)
                0x00000000c0012ef5                Dbg::logs(char*)
                0x00000000c0012f12                Dbg::logWriteInt(unsigned int)
                0x00000000c0012f2f                Dbg::logWriteIntBase(unsigned int, int)
                0x00000000c0012f4e                Dbg::kprintf(char const*, ...)
 .text          0x00000000c001306c      0xb7c fs/vfs.32
                0x00000000c001306c                File::read(unsigned long long, void*, int*)
                0x00000000c00130c4                File::write(unsigned long long, void*, int*)
                0x00000000c001311c                Directory::read(unsigned long long, void*, int*)
                0x00000000c0013174                Directory::write(unsigned long long, void*, int*)
                0x00000000c00131a2                File::isAtty()
                0x00000000c00131a6                Directory::isAtty()
                0x00000000c00131aa                Filesystem::getlabel(LogicalDisk*, int, char*, unsigned int*)
                0x00000000c00131b0                Filesystem::setlabel(LogicalDisk*, int, char*)
                0x00000000c00131b6                File::~File()
                0x00000000c00131b6                File::~File()
                0x00000000c00131da                File::~File()
                0x00000000c0013204                Directory::~Directory()
                0x00000000c0013204                Directory::~Directory()
                0x00000000c0013228                Directory::~Directory()
                0x00000000c0013252                Filesystem::Filesystem()
                0x00000000c0013252                Filesystem::Filesystem()
                0x00000000c0013276                Filesystem::~Filesystem()
                0x00000000c0013276                Filesystem::~Filesystem()
                0x00000000c0013284                Filesystem::~Filesystem()
                0x00000000c00132a8                Fs::getcwd(Process*, char*, int)
                0x00000000c00132d2                Fs::initVFS()
                0x00000000c00132fc                Fs::standardiseFiles(char*, char const*, char const*)
                0x00000000c00134a6                File::File(char const*, Process*)
                0x00000000c00134a6                File::File(char const*, Process*)
                0x00000000c001350a                File::open(FileOpenMode)
                0x00000000c0013568                File::close()
                0x00000000c00135c8                File::seek(unsigned long long)
                0x00000000c001361e                File::tell(unsigned long long*)
                0x00000000c001366e                File::rewind()
                0x00000000c0013682                File::unlink()
                0x00000000c00136ce                File::rename(char const*)
                0x00000000c001371c                File::chfatattr(unsigned char, unsigned char)
                0x00000000c0013778                File::exists()
                0x00000000c00137b6                File::stat(unsigned long long*, bool*)
                0x00000000c0013817                Fs::setcwd(Process*, char*)
                0x00000000c0013952                Directory::Directory(char const*, Process*)
                0x00000000c0013952                Directory::Directory(char const*, Process*)
                0x00000000c00139b6                Directory::open()
                0x00000000c0013a12                Directory::close()
                0x00000000c0013a72                Directory::unlink()
                0x00000000c0013abe                Directory::rename(char const*)
                0x00000000c0013b0c                Directory::exists()
                0x00000000c0013b4a                Directory::read(dirent*)
                0x00000000c0013b96                Directory::create()
                0x00000000c0013be2                Filesystem::chfatattr(char const*, unsigned char, unsigned char)
 .text          0x00000000c0013be8       0x84 hal/bus.32
                0x00000000c0013be8                Bus::Bus(char const*)
                0x00000000c0013be8                Bus::Bus(char const*)
                0x00000000c0013c1e                Bus::~Bus()
                0x00000000c0013c1e                Bus::~Bus()
                0x00000000c0013c42                Bus::~Bus()
 .text          0x00000000c0013c6c      0x14e hal/buzzer.32
                0x00000000c0013c6c                Buzzer::Buzzer(char const*)
                0x00000000c0013c6c                Buzzer::Buzzer(char const*)
                0x00000000c0013cb0                Buzzer::~Buzzer()
                0x00000000c0013cb0                Buzzer::~Buzzer()
                0x00000000c0013cd4                Buzzer::~Buzzer()
                0x00000000c0013cfe                Buzzer::stop()
                0x00000000c0013d11                beepThread(void*)
                0x00000000c0013d4c                Buzzer::beep(int, int, bool)
 .text          0x00000000c0013dba      0x467 hal/clock.32
                0x00000000c0013dba                User::loadClockSettings(int)
                0x00000000c0013e0c                Clock::Clock(char const*)
                0x00000000c0013e0c                Clock::Clock(char const*)
                0x00000000c0013e42                Clock::~Clock()
                0x00000000c0013e42                Clock::~Clock()
                0x00000000c0013e66                Clock::~Clock()
                0x00000000c0013e90                Clock::timeInSecondsLocal()
                0x00000000c0013ed8                Clock::setTimeInSecondsLocal(unsigned long long)
                0x00000000c0013f31                datetimeToSeconds(datetime_t)
                0x00000000c0014058                Clock::setTimeInDatetimeLocal(datetime_t)
                0x00000000c00140b8                secondsToDatetime(unsigned long long)
                0x00000000c00141fc                Clock::timeInDatetimeLocal()
 *fill*         0x00000000c0014221        0x1 
 .text          0x00000000c0014222      0x4de hal/device.32
                0x00000000c0014222                Device::hibernate()
                0x00000000c0014224                Device::wake()
                0x00000000c0014226                Device::detect()
                0x00000000c0014228                Device::disableLegacy()
                0x00000000c001422a                Device::powerSaving(PowerSavingLevel)
                0x00000000c001422c                DriverlessDevice::close(int, int, void*)
                0x00000000c0014230                DriverlessDevice::detect()
                0x00000000c0014232                DriverlessDevice::open(int, int, void*)
                0x00000000c0014246                Device::~Device()
                0x00000000c0014246                Device::~Device()
                0x00000000c0014254                Device::~Device()
                0x00000000c001427c                Device::findAndLoadDriver()
                0x00000000c001427e                Device::preOpenPCI(PCIDeviceInfo)
                0x00000000c00142a4                Device::preOpenACPI(void*, char*, char*)
                0x00000000c00142f8                Device::addIRQHandler(int, void (*)(regs*, void*), bool, void*)
                0x00000000c0014336                Device::removeIRQHandler(int, void (*)(regs*, void*), bool)
                0x00000000c0014374                Device::addChild(Device*)
                0x00000000c00143b8                Device::removeAllChildren()
                0x00000000c00143fe                Device::hibernateAll()
                0x00000000c001442e                Device::wakeAll()
                0x00000000c001445e                Device::detectAll()
                0x00000000c001448e                Device::disableLegacyAll()
                0x00000000c00144be                Device::loadDriversForAll()
                0x00000000c00144ea                Device::closeAll()
                0x00000000c0014520                Device::powerSavingAll(PowerSavingLevel)
                0x00000000c0014556                Device::setName(char const*)
                0x00000000c0014564                Device::Device(char const*)
                0x00000000c0014564                Device::Device(char const*)
                0x00000000c0014660                Device::getName()
                0x00000000c001466a                DriverlessDevice::DriverlessDevice(char const*)
                0x00000000c001466a                DriverlessDevice::DriverlessDevice(char const*)
                0x00000000c0014692                Device::addToLinkedList(LinkedList<Device>&, DeviceType)
                0x00000000c00146d6                getDevicesOfType(DeviceType)
 .text          0x00000000c0014700       0x84 hal/diskctrl.32
                0x00000000c0014700                HardDiskController::HardDiskController(char const*)
                0x00000000c0014700                HardDiskController::HardDiskController(char const*)
                0x00000000c0014736                HardDiskController::~HardDiskController()
                0x00000000c0014736                HardDiskController::~HardDiskController()
                0x00000000c001475a                HardDiskController::~HardDiskController()
 .text          0x00000000c0014784       0xf2 hal/diskphys.32
                0x00000000c0014784                PhysicalDisk::eject()
                0x00000000c0014798                PhysicalDisk::PhysicalDisk(char const*, int)
                0x00000000c0014798                PhysicalDisk::PhysicalDisk(char const*, int)
                0x00000000c0014800                PhysicalDisk::startCache()
                0x00000000c0014828                PhysicalDisk::~PhysicalDisk()
                0x00000000c0014828                PhysicalDisk::~PhysicalDisk()
                0x00000000c001484c                PhysicalDisk::~PhysicalDisk()
 .text          0x00000000c0014876      0x13b hal/fpu.32
                0x00000000c0014876                FPU::FPU(char const*)
                0x00000000c0014876                FPU::FPU(char const*)
                0x00000000c00148ac                FPU::~FPU()
                0x00000000c00148ac                FPU::~FPU()
                0x00000000c00148d0                FPU::~FPU()
                0x00000000c00148fa                setupFPU()
 *fill*         0x00000000c00149b1        0x1 
 .text          0x00000000c00149b2     0x13a7 hal/intctrl.32
                0x00000000c00149b2                InterruptController::uninstallISRHandler(int, void (*)(regs*, void*))
                0x00000000c00149ea                InterruptController::installISRHandler(int, void (*)(regs*, void*), void*)
                0x00000000c0014a3c                doubleFault(regs*, void*)
                0x00000000c0014a56                InterruptController::installIRQHandler(int, void (*)(regs*, void*), bool, void*)
                0x00000000c0014af2                InterruptController::clearAllHandlers(int, bool)
                0x00000000c0014b9a                InterruptController::uninstallIRQHandler(int, void (*)(regs*, void*), bool)
                0x00000000c0014c21                nmiHandler(regs*, void*)
                0x00000000c0014c2f                int_handler
                0x00000000c0014cd0                InterruptController::InterruptController(char const*)
                0x00000000c0014cd0                InterruptController::InterruptController(char const*)
                0x00000000c0014d76                InterruptController::~InterruptController()
                0x00000000c0014d76                InterruptController::~InterruptController()
                0x00000000c0014d9a                InterruptController::~InterruptController()
                0x00000000c0014dc4                displayDebugInfo(regs*)
                0x00000000c0015253                x87EmulHandler(regs*, void*)
                0x00000000c0015282                gpFault(regs*, void*)
                0x00000000c00152bb                pgFault(regs*, void*)
                0x00000000c00152f7                otherISRHandler(regs*, void*)
                0x00000000c0015316                opcodeFault(regs*, void*)
                0x00000000c001591c                displayProgramFault(char const*)
                0x00000000c0015944                setupInterruptController()
                0x00000000c0015d0c                InterruptController::convertLegacyIRQNumber(int)
 *fill*         0x00000000c0015d59        0x1 
 .text          0x00000000c0015d5a      0x6c8 hal/keybrd.32
                0x00000000c0015d5a                startGUI(void*)
                0x00000000c0015db6                startGUIVESA(void*)
                0x00000000c0015e12                sendKeyToTerminal(unsigned char)
                0x00000000c0015e7e                sendKeyboardToken(KeyboardToken)
                0x00000000c00162bb                clearInternalKeybuffer(VgaText*)
                0x00000000c00162f0                readKeyboard(VgaText*, char*, unsigned long)
                0x00000000c0016398                Keyboard::Keyboard(char const*)
                0x00000000c0016398                Keyboard::Keyboard(char const*)
                0x00000000c00163d4                Keyboard::~Keyboard()
                0x00000000c00163d4                Keyboard::~Keyboard()
                0x00000000c00163f8                Keyboard::~Keyboard()
 .text          0x00000000c0016422      0x414 hal/logidisk.32
                0x00000000c0016422                LogicalDisk::close(int, int, void*)
                0x00000000c0016426                LogicalDisk::~LogicalDisk()
                0x00000000c0016426                LogicalDisk::~LogicalDisk()
                0x00000000c001644a                LogicalDisk::~LogicalDisk()
                0x00000000c0016474                LogicalDisk::open(int, int, void*)
                0x00000000c0016488                LogicalDisk::absoluteToRelative(unsigned long long)
                0x00000000c00164c0                LogicalDisk::relativeToAbsolute(unsigned long long)
                0x00000000c0016506                LogicalDisk::LogicalDisk(char const*, PhysicalDisk*, unsigned long long, unsigned long long)
                0x00000000c0016506                LogicalDisk::LogicalDisk(char const*, PhysicalDisk*, unsigned long long, unsigned long long)
                0x00000000c00165bc                LogicalDisk::assignDriveLetter()
                0x00000000c0016672                LogicalDisk::mount()
                0x00000000c00166e4                LogicalDisk::unmount()
                0x00000000c00166f4                LogicalDisk::eject()
                0x00000000c0016708                LogicalDisk::unassignDriveLetter()
                0x00000000c001675e                LogicalDisk::read(unsigned long long, int, void*)
                0x00000000c00167ca                LogicalDisk::write(unsigned long long, int, void*)
 .text          0x00000000c0016836       0x84 hal/mouse.32
                0x00000000c0016836                Mouse::Mouse(char const*)
                0x00000000c0016836                Mouse::Mouse(char const*)
                0x00000000c001686c                Mouse::~Mouse()
                0x00000000c001686c                Mouse::~Mouse()
                0x00000000c0016890                Mouse::~Mouse()
 .text          0x00000000c00168ba      0x34d hal/partition.32
                0x00000000c00168ba                makePartition(PhysicalDisk*, unsigned long long, unsigned long long)
                0x00000000c0016976                createPartitionsForDisk(PhysicalDisk*)
 *fill*         0x00000000c0016c07        0x1 
 .text          0x00000000c0016c08       0x84 hal/serial.32
                0x00000000c0016c08                Serial::Serial(char const*)
                0x00000000c0016c08                Serial::Serial(char const*)
                0x00000000c0016c3e                Serial::~Serial()
                0x00000000c0016c3e                Serial::~Serial()
                0x00000000c0016c62                Serial::~Serial()
 .text          0x00000000c0016c8c      0x2b8 hal/timer.32
                0x00000000c0016c8c                Timer::Timer(char const*)
                0x00000000c0016c8c                Timer::Timer(char const*)
                0x00000000c0016cc2                Timer::~Timer()
                0x00000000c0016cc2                Timer::~Timer()
                0x00000000c0016ce6                Timer::~Timer()
                0x00000000c0016d10                Timer::read()
                0x00000000c0016d1b                timerHandler(unsigned long long)
                0x00000000c0016e52                setupTimer(int)
 .text          0x00000000c0016f44      0x425 hal/vcache.32
                0x00000000c0016f44                VCache::VCache(PhysicalDisk*)
                0x00000000c0016f44                VCache::VCache(PhysicalDisk*)
                0x00000000c00170ac                VCache::invalidateReadBuffer()
                0x00000000c00170bc                VCache::writeWriteBuffer()
                0x00000000c00170f8                VCache::~VCache()
                0x00000000c00170f8                VCache::~VCache()
                0x00000000c001714c                VCache::~VCache()
                0x00000000c0017174                VCache::write(unsigned long long, int, void*)
                0x00000000c001726a                VCache::read(unsigned long long, int, void*)
 *fill*         0x00000000c0017369        0x1 
 .text          0x00000000c001736a      0x4cd hal/video.32
                0x00000000c001736a                Video::putrect(int, int, int, int, unsigned int)
                0x00000000c00173b6                Video::bitblit(int, int, int, int, int, int, int, unsigned int*)
                0x00000000c0017426                Video::blit(unsigned int*, int, int, int, int)
                0x00000000c00174a4                Video::clearScreen(unsigned int)
                0x00000000c00174d8                Video::putpixel(int, int, unsigned int)
                0x00000000c00174e6                Video::Video(char const*)
                0x00000000c00174e6                Video::Video(char const*)
                0x00000000c001751c                Video::~Video()
                0x00000000c001751c                Video::~Video()
                0x00000000c0017540                Video::~Video()
                0x00000000c001756a                Video::isMonochrome()
                0x00000000c0017576                Video::getWidth()
                0x00000000c0017582                Video::getHeight()
                0x00000000c001758e                Video::drawCursor(int, int, unsigned char*, int)
                0x00000000c001764a                Video::tgaParse(unsigned char*, int, int*, int*)
                0x00000000c00177cc                Video::putTGA(int, int, unsigned char*, int)
 *fill*         0x00000000c0017837        0x1 
 .text          0x00000000c0017838      0xf64 hw/acpi.32
                0x00000000c0017838                ACPI::close(int, int, void*)
                0x00000000c00178ed                findRSDP()
                0x00000000c0017977                loadACPITables(unsigned char*)
                0x00000000c0017b9e                findRSDT(unsigned char*)
                0x00000000c0017cbc                findDataTable(unsigned char*, char*)
                0x00000000c0017d58                scanMADT()
                0x00000000c00181de                ACPI::ACPI()
                0x00000000c00181de                ACPI::ACPI()
                0x00000000c0018248                ACPI::getPCIIRQAssignment(unsigned char, unsigned short, unsigned char)
                0x00000000c001832a                ACPI::registerPCIIRQAssignment(void*, unsigned short, unsigned char, unsigned char)
                0x00000000c00183f0                ACPI::setScreenBrightnessLevel(void*, int)
                0x00000000c00183f6                ACPI::writeSimpleBootFlag(SimpleBootFlagTable*)
                0x00000000c001843e                ACPI::open(int, int, void*)
                0x00000000c0018784                ACPI::sleep()
 .text          0x00000000c001879c     0x1715 hw/cpu.32
                0x00000000c001879c                CPU::close(int, int, void*)
                0x00000000c00187a0                CPU::lookupAMDName(unsigned char, unsigned char)
                0x00000000c0018934                CPU::lookupIntelName(unsigned char, unsigned char)
                0x00000000c0018be2                CPU::AMD_K6_write_msr(unsigned int, unsigned int, unsigned int, CPU::REGS*)
                0x00000000c0018bfe                CPU::AMD_K6_read_msr(unsigned int, CPU::REGS*)
                0x00000000c0018c16                CPU::AMD_K6_writeback(int, int, int)
                0x00000000c0018c8a                CPU::cpuid(int, unsigned long*, unsigned long*, unsigned long*, unsigned long*)
                0x00000000c0018d0e                CPU::cpuidCheckEDX(unsigned int)
                0x00000000c0018d3c                CPU::cpuidCheckECX(unsigned int)
                0x00000000c0018d6a                CPU::cpuidCheckExtendedEBX(unsigned int)
                0x00000000c0018d98                CPU::cpuidCheckExtendedECX(unsigned int)
                0x00000000c0018dc6                CPU::CPU()
                0x00000000c0018dc6                CPU::CPU()
                0x00000000c0018e54                CPU::displayFeatures()
                0x00000000c00190d0                CPU::detectFeatures()
                0x00000000c0019ac0                CPU::setupSMEP()
                0x00000000c0019acc                CPU::setupUMIP()
                0x00000000c0019ad6                CPU::setupTSC()
                0x00000000c0019ae0                CPU::setupLargePages()
                0x00000000c0019aea                CPU::setupPAT()
                0x00000000c0019b26                CPU::setupMTRR()
                0x00000000c0019b28                CPU::setupGlobalPages()
                0x00000000c0019b32                CPU::allowUsermodeDataAccess()
                0x00000000c0019b44                CPU::prohibitUsermodeDataAccess()
                0x00000000c0019b56                CPU::setupSMAP()
                0x00000000c0019b64                CPU::setupFeatures()
                0x00000000c0019be4                CPU::open(int, int, void*)
                0x00000000c0019cb6                CPU::decodeAddress(regs*, int*, bool*, unsigned char*)
 .text          0x00000000c0019eb1        0x0 hw/ports.32
 .text          0x00000000c0019eb1      0x16a hw/smp.32
                0x00000000c0019eb1                Krnl::smpEntry()
                0x00000000c0019eb3                Krnl::startCPU(int)
                0x00000000c0019ffc                Krnl::startCPUs()
 *fill*         0x00000000c001a01b        0x1 
 .text          0x00000000c001a01c      0x5d3 krnl/env.32
                0x00000000c001a01c                EnvVarContainer::getEnv(char const*)
                0x00000000c001a05a                EnvVarContainer::setEnv(char const*, char const*)
                0x00000000c001a126                EnvVarContainer::deleteEnv(char const*)
                0x00000000c001a128                EnvVarContainer::loadFrom(char const*, char const*)
                0x00000000c001a31e                EnvVarContainer::__loadSystem()
                0x00000000c001a338                EnvVarContainer::__loadUser()
                0x00000000c001a33a                EnvVarContainer::EnvVarContainer(Process*)
                0x00000000c001a33a                EnvVarContainer::EnvVarContainer(Process*)
                0x00000000c001a35c                EnvVarContainer::~EnvVarContainer()
                0x00000000c001a35c                EnvVarContainer::~EnvVarContainer()
                0x00000000c001a38c                Krnl::getEnv(Process*, char const*)
                0x00000000c001a3f1                Krnl::setEnvSystem(char const*, char const*)
                0x00000000c001a40b                Krnl::setEnvUser(char const*, char const*)
                0x00000000c001a42a                Krnl::setEnvProcess(Process*, char const*, char const*)
                0x00000000c001a43d                Krnl::deleteEnvSystem(char const*)
                0x00000000c001a43e                Krnl::deleteEnvUser(char const*)
                0x00000000c001a43f                Krnl::deleteEnvProcess(Process*, char const*)
                0x00000000c001a440                Krnl::newProcessEnv(Process*)
                0x00000000c001a462                Krnl::copyProcessEnv(Process*, Process*)
                0x00000000c001a4b6                Krnl::loadSystemEnv()
                0x00000000c001a4e4                Krnl::loadUserEnv()
                0x00000000c001a50a                Krnl::flushEnv()
                0x00000000c001a50b                Krnl::getProcessTotalEnvCount(Process*)
                0x00000000c001a52b                Krnl::getProcessEnvPair(Process*, int)
 .text          0x00000000c001a5ef      0x396 krnl/panic.32
                0x00000000c001a5ef                Krnl::panic(char const*)
 .text          0x00000000c001a985      0x3b6 net/ethernet.32
                0x00000000c001a985                Net::switchEndian16(unsigned short)
                0x00000000c001a9a6                Net::switchEndian32(unsigned int)
                0x00000000c001a9d5                Net::crc32Calc(unsigned char*, int)
                0x00000000c001aa66                Net::wrapEthernetFrame(Net::UnwrappedEthernetFrame, unsigned char*)
                0x00000000c001aba2                Net::unwrapEthernetFrame(unsigned char*, int)
 .text          0x00000000c001ad3b      0x513 reg/registry.32
                0x00000000c001ad3b                Reg::findLineFromLoadedData(char*, char*, char*)
                0x00000000c001ae93                Reg::getLineFromRegistry(char*, char*, char*, char*)
                0x00000000c001afe8                Reg::getLine(char*, char*, char*)
                0x00000000c001b01f                Reg::readInt(char*, char*, int*)
                0x00000000c001b10a                Reg::readString(char*, char*, char*, int)
                0x00000000c001b18b                Reg::readBool(char*, char*, bool*)
                0x00000000c001b1b0                Reg::readBoolWithDefault(char*, char*, bool)
                0x00000000c001b1dc                Reg::readIntWithDefault(char*, char*, int)
                0x00000000c001b208                Reg::readStringWithDefault(char*, char*, char*, int, char*)
 .text          0x00000000c001b24e       0x36 sys/sc_eject.32
                0x00000000c001b24e                Sys::eject(regs*)
 .text          0x00000000c001b284       0x18 sys/sc_exit.32
                0x00000000c001b284                Sys::exit(regs*)
 .text          0x00000000c001b29c       0x1f sys/sc_getcwd.32
                0x00000000c001b29c                Sys::getCwd(regs*)
 .text          0x00000000c001b2bb        0xc sys/sc_getpid.32
                0x00000000c001b2bb                Sys::getPID(regs*)
 .text          0x00000000c001b2c7       0x17 sys/sc_getramdata.32
                0x00000000c001b2c7                Sys::getRAMData(regs*)
 .text          0x00000000c001b2de       0xa8 sys/sc_loaddll.32
                0x00000000c001b2de                Sys::loadDLL(regs*)
 .text          0x00000000c001b386       0x68 sys/sc_read.32
                0x00000000c001b386                Sys::read(regs*)
 .text          0x00000000c001b3ee       0x55 sys/sc_sbrk.32
                0x00000000c001b3ee                Sys::sbrk(regs*)
 .text          0x00000000c001b443       0x1c sys/sc_setcwd.32
                0x00000000c001b443                Sys::setCwd(regs*)
 .text          0x00000000c001b45f      0x128 sys/sc_settime.32
                0x00000000c001b45f                Sys::setTime(regs*)
 .text          0x00000000c001b587       0x4a sys/sc_timezone.32
                0x00000000c001b587                Sys::timezone(regs*)
 .text          0x00000000c001b5d1       0x68 sys/sc_write.32
                0x00000000c001b5d1                Sys::write(regs*)
 .text          0x00000000c001b639       0x62 sys/sc_wsbe.32
                0x00000000c001b639                Sys::wsbe(regs*)
 .text          0x00000000c001b69b       0x3b sys/sc_yield.32
                0x00000000c001b69b                Sys::yield(regs*)
 .text          0x00000000c001b6d6     0x10e5 sys/syscalls.32
                0x00000000c001b6d6                sysCallSeekDir(regs*)
                0x00000000c001b6db                sysCallTellDir(regs*)
                0x00000000c001b6e0                sysCallVerify(regs*)
                0x00000000c001b6ea                sysFormatDisk(regs*)
                0x00000000c001b754                sysSetDiskVolumeLabel(regs*)
                0x00000000c001b79a                sysGetDiskVolumeLabel(regs*)
                0x00000000c001b7eb                sysShutdown(regs*)
                0x00000000c001b849                sysCallRealpath(regs*)
                0x00000000c001b88c                sysCallGetArgc(regs*)
                0x00000000c001b8ba                sysCallReadDir(regs*)
                0x00000000c001b948                sysCallIsATTY(regs*)
                0x00000000c001b9a2                sysCallSeek(regs*)
                0x00000000c001ba0b                sysCallTell(regs*)
                0x00000000c001ba88                sysCallSize(regs*)
                0x00000000c001bb0b                sysCallSizeFromFilename(regs*)
                0x00000000c001bbcb                sysCallClose(regs*)
                0x00000000c001bc53                sysCallOpenDir(regs*)
                0x00000000c001bcc8                sysCallCloseDir(regs*)
                0x00000000c001bd2e                sysCallMakeDir(regs*)
                0x00000000c001bd9e                sysCallWait(regs*)
                0x00000000c001bdb8                sysCallNotImpl(regs*)
                0x00000000c001bdd3                sysPanic(regs*)
                0x00000000c001bdf9                sysCallRmdir(regs*)
                0x00000000c001be5d                sysCallUnlink(regs*)
                0x00000000c001bec1                sysCallGetArgv(regs*)
                0x00000000c001bf0d                sysCallTTYName(regs*)
                0x00000000c001bf90                sysCallUSleep(regs*)
                0x00000000c001bfb7                sysCallSpawn(regs*)
                0x00000000c001c00f                sysCallGetEnv(regs*)
                0x00000000c001c147                sysAppSettings(regs*)
                0x00000000c001c266                sysSetFatAttrib(regs*)
                0x00000000c001c2d8                sysPipe(regs*)
                0x00000000c001c31d                sysGetUnixTime(regs*)
                0x00000000c001c331                string_ends_with(char const*, char const*)
                0x00000000c001c379                sysCallOpen(regs*)
                0x00000000c001c58e                Sys::loadSyscalls()
                0x00000000c001c779                Sys::systemCall(regs*, void*)
 .text          0x00000000c001c7bb     0x11d4 thr/elf.32
                0x00000000c001c7bb                Thr::allocateMemoryForTask(Process*, File*, unsigned long, unsigned long, unsigned long)
                0x00000000c001ca4d                Thr::loadProgramIntoMemory(Process*, char const*)
                0x00000000c001cc63                Thr::runtimeReferenceHelper()
                0x00000000c001cc76                Thr::getAddressOfKernelSymbol(char const*)
                0x00000000c001ccc5                Thr::loadKernelSymbolTable(char const*)
                0x00000000c001cf83                Thr::loadDriverIntoMemory(char const*, unsigned long, bool)
                0x00000000c001d69f                Thr::getDriverBaseFromAddress(unsigned long)
                0x00000000c001d6d1                Thr::getDriverNameFromAddress(unsigned long)
                0x00000000c001d708                Thr::getDriverOffsetFromAddress(unsigned long)
                0x00000000c001d722                Thr::loadDLL(char const*, bool)
                0x00000000c001d956                Thr::executeDLL(unsigned long, void*)
 *fill*         0x00000000c001d98f        0x1 
 .text          0x00000000c001d990     0x1056 thr/prcssthr.32
                0x00000000c001d990                changeTSS
                0x00000000c001d9c0                Process::addArgs(char**)
                0x00000000c001da1a                Process::Process(char const*, Process*, char**)
                0x00000000c001da1a                Process::Process(char const*, Process*, char**)
                0x00000000c001dbfe                Process::Process(bool, char const*, Process*, char**)
                0x00000000c001dbfe                Process::Process(bool, char const*, Process*, char**)
                0x00000000c001ddad                disableIRQs()
                0x00000000c001ddb5                getIRQNestingLevel()
                0x00000000c001ddbb                enableIRQs()
                0x00000000c001ddca                lockScheduler()
                0x00000000c001ddcc                unlockScheduler()
                0x00000000c001ddce                userModeEntryPoint(void*)
                0x00000000c001ddf1                lockStuff()
                0x00000000c001ddfd                taskStartupFunction
                0x00000000c001de06                updateTimeUsed()
                0x00000000c001de6b                switchToThread(ThreadControlBlock*)
                0x00000000c001debc                Semaphore::Semaphore(int)
                0x00000000c001debc                Semaphore::Semaphore(int)
                0x00000000c001deea                Mutex::Mutex()
                0x00000000c001deea                Mutex::Mutex()
                0x00000000c001defc                Process::createThread(void (*)(void*), void*, int)
                0x00000000c001dfe0                Process::createUserThread()
                0x00000000c001dffc                setupMultitasking(void (*)())
                0x00000000c001e106                schedule()
                0x00000000c001e18b                unlockStuff()
                0x00000000c001e1c0                Semaphore::tryAcquire()
                0x00000000c001e1ee                Semaphore::assertLocked(char const*)
                0x00000000c001e21e                blockTaskWithSchedulerLockAlreadyHeld(TaskState)
                0x00000000c001e260                blockTask(TaskState)
                0x00000000c001e281                waitTask(int, int*, int)
                0x00000000c001e2c3                nanoSleepUntil(unsigned long long)
                0x00000000c001e31a                nanoSleep(unsigned long long)
                0x00000000c001e32f                sleep(unsigned long long)
                0x00000000c001e34c                Semaphore::acquire()
                0x00000000c001e3b4                taskReturned
                0x00000000c001e3e2                unblockTask(ThreadControlBlock*)
                0x00000000c001e491                cleanupTerminatedTask(ThreadControlBlock*)
                0x00000000c001e75a                cleanerTaskFunction(void*)
                0x00000000c001e80d                terminateTask(int)
                0x00000000c001e8ed                Thr::terminateFromIRQ(int)
                0x00000000c001e8fa                Semaphore::release()
 .text          0x00000000c001e9e6      0xc26 vm86/vm8086.32
                0x00000000c001e9e6                Vm::inbv(unsigned short)
                0x00000000c001e9f9                Vm::outbv(unsigned short, unsigned char)
                0x00000000c001ea4c                Vm::realToLinear(unsigned short, unsigned short)
                0x00000000c001ea5c                Vm::getSegment(unsigned int)
                0x00000000c001ea64                Vm::getOffset(unsigned int)
                0x00000000c001ea69                Vm::mainloop2()
                0x00000000c001eaa4                Vm::mainVm8086Loop(void*)
                0x00000000c001eab1                Vm::mainloop3(unsigned long)
                0x00000000c001eadb                Vm::initialise8086()
                0x00000000c001eb1e                Vm::finish8086()
                0x00000000c001eb63                Vm::getOutput8086(unsigned char*)
                0x00000000c001eb8d                Vm::start8086(char const*, unsigned short, unsigned short, unsigned short, unsigned short)
                0x00000000c001ecdd                Vm::doISR(regs*, int, unsigned char*, unsigned short, unsigned short)
                0x00000000c001ed67                Vm::readByteFromReal(unsigned short, unsigned short)
                0x00000000c001ed78                Vm::readWordFromReal(unsigned short, unsigned short)
                0x00000000c001ed8a                Vm::readDwordFromReal(unsigned short, unsigned short)
                0x00000000c001ed9b                Vm::writeByteFromReal(unsigned short, unsigned short, unsigned char)
                0x00000000c001edb0                Vm::writeWordFromReal(unsigned short, unsigned short, unsigned short)
                0x00000000c001edc6                Vm::writeDwordFromReal(unsigned short, unsigned short, unsigned int)
                0x00000000c001eddb                Vm::faultHandler(regs*)
 .text          0x00000000c001f60c      0xefd vm86/x87em.32
                0x00000000c001f60c                Vm::fpuInternalTo32(unsigned long long)
                0x00000000c001f667                Vm::fpuInternalTo64(unsigned long long)
                0x00000000c001f670                Vm::fpu32ToInternal(unsigned int)
                0x00000000c001f6b5                Vm::fpu64ToInternal(unsigned long long)
                0x00000000c001f6be                Vm::fpuFloatToLong(unsigned long long)
                0x00000000c001f719                Vm::fpuULongToFloat(unsigned long long)
                0x00000000c001f74f                Vm::fpuLongToFloat(long long)
                0x00000000c001f7a5                Vm::fpuGet0()
                0x00000000c001f7aa                Vm::fpuGet1()
                0x00000000c001f7b2                Vm::fpuGetPi()
                0x00000000c001f7ba                Vm::fpuGetLog2E()
                0x00000000c001f7d2                Vm::fpuGetLogE2()
                0x00000000c001f7ea                Vm::fpuGetLog210()
                0x00000000c001f802                Vm::fpuGetLog102()
                0x00000000c001f81a                Vm::fpuIsSecondLarger(unsigned long long, unsigned long long)
                0x00000000c001f82e                Vm::fpuAreEqual(unsigned long long, unsigned long long)
                0x00000000c001f844                Vm::fpuUnorderedCompare(unsigned long long, unsigned long long)
                0x00000000c001f897                Vm::fpuAdd(unsigned long long, unsigned long long)
                0x00000000c001f8a8                Vm::fpuAbs(unsigned long long)
                0x00000000c001f8b1                Vm::fpuChs(unsigned long long)
                0x00000000c001f8c1                Vm::fpuSub(unsigned long long, unsigned long long)
                0x00000000c001f8d0                Vm::fpuMultiply(unsigned long long, unsigned long long)
                0x00000000c001f8ef                Vm::fpuDivide(unsigned long long, unsigned long long)
                0x00000000c001f90b                Vm::fpuSquare(unsigned long long)
                0x00000000c001f921                Vm::fpuGetReg(int)
                0x00000000c001f964                Vm::fpuSetReg(int, unsigned long long)
                0x00000000c001f9af                Vm::fpuPush(unsigned long long)
                0x00000000c001fa0c                Vm::fpuPop()
                0x00000000c001fa5e                Vm::x87Handler(regs*)
 *fill*         0x00000000c0020509        0x1 
 .text          0x00000000c002050a     0x10ed fs/fat/vfslink.32
                0x00000000c002050a                FAT::getName()
                0x00000000c0020510                FAT::tell(void*, unsigned long long*)
                0x00000000c0020544                FAT::stat(void*, unsigned long long*)
                0x00000000c0020578                FAT::~FAT()
                0x00000000c0020578                FAT::~FAT()
                0x00000000c002059c                FAT::~FAT()
                0x00000000c00205c4                FAT::getlabel(LogicalDisk*, int, char*, unsigned int*)
                0x00000000c0020662                FAT::setlabel(LogicalDisk*, int, char*)
                0x00000000c002071c                FAT::format(LogicalDisk*, int, char const*, int)
                0x00000000c0020900                FAT::tryMount(LogicalDisk*, int)
                0x00000000c0020b06                FAT::readDir(void*, unsigned long, void*, int*)
                0x00000000c0020c0c                FAT::read(void*, unsigned long, void*, int*)
                0x00000000c0020c66                FAT::write(void*, unsigned long, void*, int*)
                0x00000000c0020cc0                FAT::close(void*)
                0x00000000c0020d0c                FAT::closeDir(void*)
                0x00000000c0020d58                FAT::seek(void*, unsigned long long)
                0x00000000c0020dac                fatWrapperReadDisk
                0x00000000c0020df3                fatWrapperWriteDisk
                0x00000000c0020e3a                fatWrapperIoctl
                0x00000000c0020f3e                FAT::FAT()
                0x00000000c0020f3e                FAT::FAT()
                0x00000000c0020f90                FAT::fixFilepath(char*)
                0x00000000c0020fc8                FAT::open(char const*, void**, FileOpenMode)
                0x00000000c00210f0                FAT::openDir(char const*, void**)
                0x00000000c0021196                FAT::stat(char const*, unsigned long long*, bool*)
                0x00000000c0021280                FAT::unlink(char const*)
                0x00000000c00212fa                FAT::chfatattr(char const*, unsigned char, unsigned char)
                0x00000000c002144e                FAT::rename(char const*, char const*)
                0x00000000c0021512                FAT::mkdir(char const*)
                0x00000000c002158c                FAT::exists(char const*)
 *fill*         0x00000000c00215f7        0x1 
 .text          0x00000000c00215f8      0xbc1 fs/iso9660/vfslink.32
                0x00000000c00215f8                ISO9660::format(LogicalDisk*, int, char const*, int)
                0x00000000c00215fe                ISO9660::seek(void*, unsigned long long)
                0x00000000c002162e                ISO9660::tell(void*, unsigned long long*)
                0x00000000c0021652                ISO9660::getName()
                0x00000000c0021658                ISO9660::stat(void*, unsigned long long*)
                0x00000000c002167c                ISO9660::chfatattr(char const*, unsigned char, unsigned char)
                0x00000000c0021682                ISO9660::unlink(char const*)
                0x00000000c0021688                ISO9660::write(void*, unsigned long, void*, int*)
                0x00000000c002168e                ISO9660::rename(char const*, char const*)
                0x00000000c0021694                ISO9660::mkdir(char const*)
                0x00000000c002169a                ISO9660::close(void*)
                0x00000000c00216bc                ISO9660::closeDir(void*)
                0x00000000c00216de                ISO9660::~ISO9660()
                0x00000000c00216de                ISO9660::~ISO9660()
                0x00000000c0021702                ISO9660::~ISO9660()
                0x00000000c0021729                __memmem(unsigned char*, int, unsigned char*, int)
                0x00000000c002176b                readSectorFromCDROM(unsigned int, unsigned char*, char)
                0x00000000c00217d2                ISO9660::tryMount(LogicalDisk*, int)
                0x00000000c0021822                ISO9660::read(void*, unsigned long, void*, int*)
                0x00000000c0021a22                ISO9660::readDir(void*, unsigned long, void*, int*)
                0x00000000c0021caf                readRoot(unsigned int*, unsigned int*, char)
                0x00000000c0021d04                readRecursively(char*, unsigned int, unsigned int, unsigned int*, unsigned int*, char, int*)
                0x00000000c0021ed7                getFileData(char*, unsigned int*, unsigned int*, char, int*)
                0x00000000c0021f66                ISO9660::open(char const*, void**, FileOpenMode)
                0x00000000c0022026                ISO9660::exists(char const*)
                0x00000000c002204a                ISO9660::stat(char const*, unsigned long long*, bool*)
                0x00000000c00220de                ISO9660::openDir(char const*, void**)
                0x00000000c0022196                ISO9660::ISO9660()
                0x00000000c0022196                ISO9660::ISO9660()
 *fill*         0x00000000c00221b9        0x1 
 .text          0x00000000c00221ba      0x326 hal/sound/sndchannel.32
                0x00000000c00221ba                SoundChannel::~SoundChannel()
                0x00000000c00221ba                SoundChannel::~SoundChannel()
                0x00000000c00221d6                SoundChannel::setSpeed(float)
                0x00000000c00221e2                SoundChannel::getSpeed()
                0x00000000c00221ea                SoundChannel::setVolume(int)
                0x00000000c0022206                SoundChannel::getVolume()
                0x00000000c002220e                SoundChannel::pause()
                0x00000000c0022218                SoundChannel::SoundChannel(int, int, int, int)
                0x00000000c0022218                SoundChannel::SoundChannel(int, int, int, int)
                0x00000000c002236e                SoundChannel::play()
                0x00000000c0022378                SoundChannel::paused()
                0x00000000c0022380                SoundChannel::getSampleRate()
                0x00000000c0022388                SoundChannel::getBits()
                0x00000000c0022390                SoundChannel::getBufferUsed()
                0x00000000c0022398                SoundChannel::getBufferSize()
                0x00000000c00223a0                SoundChannel::unbuffer(float*, int, int)
                0x00000000c0022440                SoundChannel::buffer8(unsigned char*, int)
 .text          0x00000000c00224e0      0x3d5 hal/sound/sndhw.32
                0x00000000c00224e0                SoundDevice::SoundDevice(char const*)
                0x00000000c00224e0                SoundDevice::SoundDevice(char const*)
                0x00000000c002254c                SoundDevice::~SoundDevice()
                0x00000000c002254c                SoundDevice::~SoundDevice()
                0x00000000c00225c6                SoundDevice::~SoundDevice()
                0x00000000c00225f0                SoundDevice::getFreeChannelNum()
                0x00000000c002260a                SoundDevice::addChannel(SoundChannel*)
                0x00000000c002267a                SoundDevice::removeChannel(int)
                0x00000000c00226ac                SoundDevice::floatTo8(float*, unsigned char*, int)
                0x00000000c0022794                SoundDevice::getAudio(int, float*, float*)
 .text          0x00000000c00228b5        0x0 hw/bus/isa.32
 *fill*         0x00000000c00228b5        0x1 
 .text          0x00000000c00228b6      0x6c3 hw/bus/pci.32
                0x00000000c00228b6                PCI::open(int, int, void*)
                0x00000000c00228ca                PCI::close(int, int, void*)
                0x00000000c00228ce                PCI::PCI()
                0x00000000c00228ce                PCI::PCI()
                0x00000000c002294e                PCI::pciReadWord(unsigned char, unsigned char, unsigned char, unsigned char)
                0x00000000c0022996                PCI::getVendorID(unsigned char, unsigned char, unsigned char)
                0x00000000c00229b8                PCI::getHeaderType(unsigned char, unsigned char, unsigned char)
                0x00000000c00229dc                PCI::getClassCode(unsigned char, unsigned char, unsigned char)
                0x00000000c0022a20                PCI::getProgIF(unsigned char, unsigned char, unsigned char)
                0x00000000c0022a44                PCI::getRevisionID(unsigned char, unsigned char, unsigned char)
                0x00000000c0022a66                PCI::getInterruptNumber(unsigned char, unsigned char, unsigned char)
                0x00000000c0022a88                PCI::getSecondaryBus(unsigned char, unsigned char, unsigned char)
                0x00000000c0022aac                PCI::getBARAddress(unsigned char, unsigned char, unsigned char, unsigned char)
                0x00000000c0022b0c                PCI::pciWriteWord(unsigned char, unsigned char, unsigned char, unsigned char, unsigned short)
                0x00000000c0022b78                PCI::checkBus(unsigned char)
                0x00000000c0022b9c                PCI::foundDevice(PCIDeviceInfo)
                0x00000000c0022d0e                PCI::getDeviceData(unsigned char, unsigned char, unsigned char)
                0x00000000c0022eba                PCI::checkDevice(unsigned char, unsigned char)
                0x00000000c0022f26                PCI::detect()
 *fill*         0x00000000c0022f79        0x1 
 .text          0x00000000c0022f7a      0xc70 hw/diskctrl/ide.32
                0x00000000c0022f7a                IDE::close(int, int, void*)
                0x00000000c0022f7e                IDE::IDE()
                0x00000000c0022f7e                IDE::IDE()
                0x00000000c0022fb2                IDE::prepareInterrupt(unsigned char)
                0x00000000c0022fc4                selectDrive(unsigned char, unsigned char)
                0x00000000c0022fc6                IDE::getBase(unsigned char)
                0x00000000c0022fd8                IDE::write(unsigned char, unsigned char, unsigned char)
                0x00000000c0023098                IDE::read(unsigned char, unsigned char)
                0x00000000c0023146                IDE::waitInterrupt(unsigned char)
                0x00000000c00231ac                ideChannel0IRQHandler(regs*, void*)
                0x00000000c00231c8                ideChannel1IRQHandler(regs*, void*)
                0x00000000c00231e4                IDE::enableIRQs(unsigned char, bool)
                0x00000000c002322a                IDE::open(int, int, void*)
                0x00000000c002363a                IDE::readBuffer(unsigned char, unsigned char, unsigned int, unsigned int)
                0x00000000c0023706                IDE::detect()
                0x00000000c00239ee                IDE::printError(unsigned char, unsigned char, unsigned char)
                0x00000000c0023b84                IDE::polling(unsigned char, unsigned int)
 .text          0x00000000c0023bea      0x390 hw/diskctrl/satabus.32
                0x00000000c0023bea                SATABus::close(int, int, void*)
                0x00000000c0023bee                SATABus::detect()
                0x00000000c0023bf0                SATABus::SATABus()
                0x00000000c0023bf0                SATABus::SATABus()
                0x00000000c0023c9c                SATABus::findCmdslot(SATABus::tagHBA_PORT volatile*)
                0x00000000c0023ce4                SATABus::checkType(SATABus::tagHBA_PORT volatile*)
                0x00000000c0023d2c                SATABus::startCmd(SATABus::tagHBA_PORT volatile*)
                0x00000000c0023d4c                SATABus::stopCmd(SATABus::tagHBA_PORT volatile*)
                0x00000000c0023d76                SATABus::portRebase(SATABus::tagHBA_PORT volatile*, int)
                0x00000000c0023e7c                SATABus::probePort(SATABus::tagHBA_MEM volatile*)
                0x00000000c0023f5a                SATABus::open(int, int, void*)
 .text          0x00000000c0023f7a      0x63c hw/diskphys/ata.32
                0x00000000c0023f7a                ATA::close(int, int, void*)
                0x00000000c0023f9e                ATA::powerSaving(PowerSavingLevel)
                0x00000000c0023fa0                ATA::ATA()
                0x00000000c0023fa0                ATA::ATA()
                0x00000000c0023fce                ATA::flush(bool)
                0x00000000c0024018                ATA::readyForCommand()
                0x00000000c0024068                ATA::access(unsigned long long, int, void*, bool)
                0x00000000c00243f0                ATA::read(unsigned long long, int, void*)
                0x00000000c0024458                ATA::write(unsigned long long, int, void*)
                0x00000000c00244c0                ATA::detectCHS()
                0x00000000c00244ea                ATA::open(int, int, void*)
 .text          0x00000000c00245b6      0x5bd hw/diskphys/atapi.32
                0x00000000c00245b6                ATAPI::write(unsigned long long, int, void*)
                0x00000000c00245bc                ATAPI::close(int, int, void*)
                0x00000000c00245e0                ATAPI::ATAPI()
                0x00000000c00245e0                ATAPI::ATAPI()
                0x00000000c002460e                ATAPI::readyForCommand()
                0x00000000c002465e                ATAPI::sendPacket(unsigned char*, int, bool, unsigned short*, int)
                0x00000000c002491e                ATAPI::diskRemoved()
                0x00000000c002493a                ATAPI::eject()
                0x00000000c0024982                ATAPI::diskInserted()
                0x00000000c00249b0                ATAPI::detectMedia()
                0x00000000c0024a6c                ATAPI::open(int, int, void*)
                0x00000000c0024af4                ATAPI::read(unsigned long long, int, void*)
 *fill*         0x00000000c0024b73        0x1 
 .text          0x00000000c0024b74      0x455 hw/diskphys/sata.32
                0x00000000c0024b74                SATA::close(int, int, void*)
                0x00000000c0024b98                SATA::powerSaving(PowerSavingLevel)
                0x00000000c0024b9a                SATA::open(int, int, void*)
                0x00000000c0024c48                SATA::SATA()
                0x00000000c0024c48                SATA::SATA()
                0x00000000c0024c76                SATA::access(unsigned long long, int, void*, bool)
                0x00000000c0024edc                SATA::read(unsigned long long, int, void*)
                0x00000000c0024f44                SATA::write(unsigned long long, int, void*)
 *fill*         0x00000000c0024fc9        0x1 
 .text          0x00000000c0024fca      0x500 hw/diskphys/satapi.32
                0x00000000c0024fca                SATAPI::write(unsigned long long, int, void*)
                0x00000000c0024fd0                SATAPI::close(int, int, void*)
                0x00000000c0024ff4                SATAPI::SATAPI()
                0x00000000c0024ff4                SATAPI::SATAPI()
                0x00000000c0025022                SATAPI::diskRemoved()
                0x00000000c002503e                SATAPI::diskInserted()
                0x00000000c002506c                SATAPI::sendPacket(unsigned char*, int, unsigned long long, unsigned short*, int)
                0x00000000c0025270                SATAPI::eject()
                0x00000000c00252b8                SATAPI::detectMedia()
                0x00000000c002537a                SATAPI::open(int, int, void*)
                0x00000000c0025428                SATAPI::read(unsigned long long, int, void*)
 .text          0x00000000c00254ca       0x8e hw/fpu/avx.32
                0x00000000c00254ca                AVX::open(int, int, void*)
                0x00000000c00254dc                AVX::close(int, int, void*)
                0x00000000c00254ee                AVX::available()
                0x00000000c0025500                AVX::save(void*)
                0x00000000c0025518                AVX::load(void*)
                0x00000000c0025530                AVX::AVX()
                0x00000000c0025530                AVX::AVX()
 .text          0x00000000c0025558       0x90 hw/fpu/mmx.32
                0x00000000c0025558                MMX::available()
                0x00000000c002556c                MMX::open(int, int, void*)
                0x00000000c002557e                MMX::close(int, int, void*)
                0x00000000c0025590                MMX::save(void*)
                0x00000000c00255a8                MMX::load(void*)
                0x00000000c00255c0                MMX::MMX()
                0x00000000c00255c0                MMX::MMX()
 .text          0x00000000c00255e8       0x96 hw/fpu/sse.32
                0x00000000c00255e8                SSE::open(int, int, void*)
                0x00000000c00255fa                SSE::close(int, int, void*)
                0x00000000c002560c                SSE::available()
                0x00000000c0025626                SSE::save(void*)
                0x00000000c002563e                SSE::load(void*)
                0x00000000c0025656                SSE::SSE()
                0x00000000c0025656                SSE::SSE()
 .text          0x00000000c002567e       0x8e hw/fpu/x87.32
                0x00000000c002567e                x87::open(int, int, void*)
                0x00000000c0025690                x87::close(int, int, void*)
                0x00000000c00256a2                x87::available()
                0x00000000c00256b4                x87::save(void*)
                0x00000000c00256cc                x87::load(void*)
                0x00000000c00256e4                x87::x87()
                0x00000000c00256e4                x87::x87()
 .text          0x00000000c002570c      0x71e hw/intctrl/apic.32
                0x00000000c002570c                APIC::disable()
                0x00000000c002570e                APIC::close(int, int, void*)
                0x00000000c0025730                IOAPIC::close(int, int, void*)
                0x00000000c0025736                APIC::io_wait()
                0x00000000c002573c                APIC::getBase()
                0x00000000c002577e                APIC::eoi(unsigned char)
                0x00000000c00257ac                APIC::open(int, int, void*)
                0x00000000c00258fa                IOAPIC::IOAPIC()
                0x00000000c00258fa                IOAPIC::IOAPIC()
                0x00000000c0025922                APIC::APIC()
                0x00000000c0025922                APIC::APIC()
                0x00000000c00259fe                IOAPIC::handlesGSIWithNumber(unsigned int)
                0x00000000c0025a30                IOAPIC::read(int)
                0x00000000c0025a58                IOAPIC::open(int, int, void*)
                0x00000000c0025b4e                IOAPIC::write(int, int)
                0x00000000c0025b7a                IOAPIC::redirect(unsigned char, unsigned long long, unsigned char, bool, bool)
                0x00000000c0025c74                APIC::installIRQHandler(int, void (*)(regs*, void*), bool, void*)
 .text          0x00000000c0025e2a      0x3d3 hw/intctrl/pic.32
                0x00000000c0025e2a                PIC::disable()
                0x00000000c0025e58                PIC::close(int, int, void*)
                0x00000000c0025e7a                PIC::PIC()
                0x00000000c0025e7a                PIC::PIC()
                0x00000000c0025f50                PIC::ioWait()
                0x00000000c0025f56                PIC::getIRQReg(int)
                0x00000000c0025fc0                PIC::eoi(unsigned char)
                0x00000000c0026052                PIC::remap()
                0x00000000c00261be                PIC::open(int, int, void*)
 *fill*         0x00000000c00261fd        0x1 
 .text          0x00000000c00261fe      0x25e hw/timer/apictimer.32
                0x00000000c00261fe                APICTimer::close(int, int, void*)
                0x00000000c0026204                apicTimerHandler(regs*, void*)
                0x00000000c0026232                APICTimer::write(int)
                0x00000000c0026336                APICTimer::open(int, int, void*)
                0x00000000c0026434                APICTimer::APICTimer()
                0x00000000c0026434                APICTimer::APICTimer()
 .text          0x00000000c002645c      0x1a7 hw/timer/pit.32
                0x00000000c002645c                PIT::write(int)
                0x00000000c00264da                pitHandler(regs*, void*)
                0x00000000c0026506                PIT::open(int, int, void*)
                0x00000000c0026554                PIT::close(int, int, void*)
                0x00000000c0026584                PIT::PIT()
                0x00000000c0026584                PIT::PIT()
 *fill*         0x00000000c0026603        0xd 
 .text          0x00000000c0026610       0x1e hw/fpu/x86/avx.32
                0x00000000c0026610                avxDetect
                0x00000000c0026616                avxSave
                0x00000000c0026617                avxLoad
                0x00000000c0026618                avxInit
                0x00000000c0026619                avxClose
                0x00000000c002661a                wouldSheSayYes
 *fill*         0x00000000c002662e        0x2 
 .text          0x00000000c0026630       0x35 hw/fpu/x86/sse.32
                0x00000000c0026630                absolutelyNoChanceInHell
                0x00000000c0026630                sseDetect
                0x00000000c0026648                sseSave
                0x00000000c002664e                sseLoad
                0x00000000c0026654                sseInit
                0x00000000c0026664                sseClose
 *fill*         0x00000000c0026665        0xb 
 .text          0x00000000c0026670       0x47 hw/fpu/x86/x87.32
                0x00000000c0026676                x87Detect
                0x00000000c0026691                x87Save
                0x00000000c0026697                x87Load
                0x00000000c002669c                x87Init
                0x00000000c00266b6                x87Close
 *fill*         0x00000000c00266b7        0x1 
 .text          0x00000000c00266b8       0x25 /cygdrive/d/Users/Alex/Desktop/Toolchain/Output/bin/../lib/gcc/i386-banana/8.1.0/crtend.o
 .text          0x00000000c00266dd        0x0 crtn.32
 *fill*         0x00000000c00266dd        0x3 
 .text          0x00000000c00266e0      0x14b /cygdrive/d/Users/Alex/Desktop/Toolchain/Output/bin/../lib/gcc/i386-banana/8.1.0/libkgcc.a(_divdi3.o)
                0x00000000c00266e0                __divdi3
 *fill*         0x00000000c002682b        0x1 
 .text          0x00000000c002682c      0x17e /cygdrive/d/Users/Alex/Desktop/Toolchain/Output/bin/../lib/gcc/i386-banana/8.1.0/libkgcc.a(_moddi3.o)
                0x00000000c002682c                __moddi3
 *fill*         0x00000000c00269aa        0x2 
 .text          0x00000000c00269ac       0xff /cygdrive/d/Users/Alex/Desktop/Toolchain/Output/bin/../lib/gcc/i386-banana/8.1.0/libkgcc.a(_udivdi3.o)
                0x00000000c00269ac                __udivdi3
 *fill*         0x00000000c0026aab        0x1 
 .text          0x00000000c0026aac      0x11a /cygdrive/d/Users/Alex/Desktop/Toolchain/Output/bin/../lib/gcc/i386-banana/8.1.0/libkgcc.a(_umoddi3.o)
                0x00000000c0026aac                __umoddi3
 .text          0x00000000c0026bc6      0x96d D:/Users/Alex/Desktop/Banana/kernel/libsoftfp.a(sfieeelib.o)
                0x00000000c0026bc6                __addsf3
                0x00000000c0026ec8                __subsf3
                0x00000000c0026edc                __negsf2
                0x00000000c0026ee9                __mulsf3
                0x00000000c00270ac                __divsf3
                0x00000000c00272d7                __floatsisf
                0x00000000c002734b                __floatunsisf
                0x00000000c002738d                __fixsfsi
                0x00000000c00273ef                __fixunssfsi
                0x00000000c0027420                __cmpsf2
                0x00000000c00274b5                __eqsf2