Archive member included to satisfy reference by file (symbol)

/cygdrive/d/Users/Alex/Desktop/Toolchain/Output/bin/../lib/gcc/i386-banana/8.1.0/libgcc.a(_divdi3.o)
                              fs/fat/ff.32 (__divdi3)
/cygdrive/d/Users/Alex/Desktop/Toolchain/Output/bin/../lib/gcc/i386-banana/8.1.0/libgcc.a(_moddi3.o)
                              core/elf.32 (__moddi3)
/cygdrive/d/Users/Alex/Desktop/Toolchain/Output/bin/../lib/gcc/i386-banana/8.1.0/libgcc.a(_divmoddi4.o)
                              acpica/osl.32 (__divmoddi4)
/cygdrive/d/Users/Alex/Desktop/Toolchain/Output/bin/../lib/gcc/i386-banana/8.1.0/libgcc.a(_udivdi3.o)
                              acpica/utmath.32 (__udivdi3)
/cygdrive/d/Users/Alex/Desktop/Toolchain/Output/bin/../lib/gcc/i386-banana/8.1.0/libgcc.a(_umoddi3.o)
                              acpica/utmath.32 (__umoddi3)
D:/Users/Alex/Desktop/Banana/kernel/libk/libm32.a(s_fabs.c.o)
                              hal/libresample/samplerate.32 (fabs)
D:/Users/Alex/Desktop/Banana/kernel/libk/libm32.a(s_lrint.S.o)
                              hal/libresample/samplerate.32 (lrint)
D:/Users/Alex/Desktop/Banana/kernel/libk/libm32.a(s_lrintf.S.o)
                              hal/sound/sndhw.32 (lrintf)

Allocating common symbols
Common symbol       size              file

AcpiGbl_StateCache  0x4               acpica/utglobal.32
AcpiGbl_OwnerIdMask
                    0x200             acpica/utglobal.32
AcpiGbl_StepToNextCall
                    0x1               acpica/utglobal.32
AcpiGbl_RootTableList
                    0x10              acpica/utglobal.32
AcpiGbl_FadtGpeDevice
                    0x4               acpica/utglobal.32
AcpiGbl_GpeXruptListHead
                    0x4               acpica/utglobal.32
AcpiGbl_GlobalLockHandle
                    0x2               acpica/utglobal.32
AcpiGbl_RootNodeStruct
                    0x1c              acpica/utglobal.32
AcpiGbl_FACS        0x4               acpica/utglobal.32
AcpiGbl_AllGpesInitialized
                    0x1               acpica/utglobal.32
AcpiGbl_GlobalLockMutex
                    0x4               acpica/utglobal.32
AcpiGbl_IntegerByteWidth
                    0x1               acpica/utglobal.32
AcpiGbl_Pm1EnableRegisterSave
                    0x2               acpica/utglobal.32
AcpiGbl_NsLookupCount
                    0x4               acpica/utglobal.32
AcpiCurrentGpeCount
                    0x4               acpica/utglobal.32
AcpiGbl_IntegerBitWidth
                    0x1               acpica/utglobal.32
AcpiGbl_NamespaceCache
                    0x4               acpica/utglobal.32
AcpiGbl_TableHandler
                    0x4               acpica/utglobal.32
AcpiGbl_HardwareLock
                    0x4               acpica/utglobal.32
AcpiGbl_FixedEventHandlers
                    0x28              acpica/utglobal.32
AcpiSciCount        0x4               acpica/utglobal.32
AcpiGbl_DSDT        0x4               acpica/utglobal.32
AcpiGbl_GlobalNotify
                    0x10              acpica/utglobal.32
AcpiGbl_GlobalLockSemaphore
                    0x4               acpica/utglobal.32
AcpiGbl_SystemAwakeAndRunning
                    0x1               acpica/utglobal.32
AcpiGbl_InterfaceHandler
                    0x4               acpica/utglobal.32
AcpiGbl_EventsInitialized
                    0x1               acpica/utglobal.32
AcpiGbl_SupportedInterfaces
                    0x4               acpica/utglobal.32
AcpiGbl_GpeLock     0x4               acpica/utglobal.32
AcpiGbl_SleepTypeB  0x1               acpica/utglobal.32
AcpiGbl_InitHandler
                    0x4               acpica/utglobal.32
AcpiGbl_GlobalLockAcquired
                    0x1               acpica/utglobal.32
AcpiGbl_XPm1bEnable
                    0xc               acpica/utglobal.32
AcpiGbl_OriginalDsdtHeader
                    0x24              acpica/utglobal.32
AcpiGbl_ReferenceCountLock
                    0x4               acpica/utglobal.32
AcpiGpeCount        0x4               acpica/utglobal.32
AcpiGbl_TableHandlerContext
                    0x4               acpica/utglobal.32
AcpiGbl_XPm1aStatus
                    0xc               acpica/utglobal.32
AcpiGbl_OriginalMode
                    0x4               acpica/utglobal.32
AcpiGbl_CmSingleStep
                    0x1               acpica/utglobal.32
AcpiGbl_GlobalEventHandlerContext
                    0x4               acpica/utglobal.32
AcpiGbl_PsFindCount
                    0x4               acpica/utglobal.32
AcpiFixedEventCount
                    0x14              acpica/utglobal.32
AcpiGbl_AcpiHardwarePresent
                    0x1               acpica/utglobal.32
AcpiGbl_MutexInfo   0x60              acpica/utglobal.32
AcpiGbl_RootNode    0x4               acpica/utglobal.32
AcpiGbl_AddressRangeList
                    0x8               acpica/utglobal.32
AcpiGbl_FADT        0x114             acpica/utglobal.32
AcpiGbl_IntegerNybbleWidth
[...]
Memory Configuration

Name             Origin             Length             Attributes
*default*        0x0000000000000000 0xffffffffffffffff

Linker script and memory map

LOAD D:/Users/Alex/Desktop/Banana/kernel/boot.32
LOAD crti.32
LOAD /cygdrive/d/Users/Alex/Desktop/Toolchain/Output/bin/../lib/gcc/i386-banana/8.1.0/crtbegin.o
LOAD D:/Users/Alex/Desktop/Banana/kernel/morenasm.32
LOAD acpica/dsargs.32
LOAD acpica/dscontrol.32
LOAD acpica/dsdebug.32
LOAD acpica/dsfield.32
LOAD acpica/dsinit.32
LOAD acpica/dsmethod.32
LOAD acpica/dsmthdat.32
LOAD acpica/dsobject.32
LOAD acpica/dsopcode.32
LOAD acpica/dspkginit.32
LOAD acpica/dsutils.32
LOAD acpica/dswexec.32
LOAD acpica/dswload.32
LOAD acpica/dswload2.32
LOAD acpica/dswscope.32
LOAD acpica/dswstate.32
LOAD acpica/evevent.32
LOAD acpica/evglock.32
LOAD acpica/evgpe.32
LOAD acpica/evgpeblk.32
LOAD acpica/evgpeinit.32
LOAD acpica/evgpeutil.32
LOAD acpica/evhandler.32
LOAD acpica/evmisc.32
LOAD acpica/evregion.32
LOAD acpica/evrgnini.32
LOAD acpica/evsci.32
LOAD acpica/evxface.32
LOAD acpica/evxfevnt.32
LOAD acpica/evxfgpe.32
LOAD acpica/evxfregn.32
LOAD acpica/exconcat.32
LOAD acpica/exconfig.32
LOAD acpica/exconvrt.32
LOAD acpica/excreate.32
LOAD acpica/exdebug.32
LOAD acpica/exdump.32
LOAD acpica/exfield.32
LOAD acpica/exfldio.32
LOAD acpica/exmisc.32
LOAD acpica/exmutex.32
LOAD acpica/exnames.32
LOAD acpica/exoparg1.32
LOAD acpica/exoparg2.32
LOAD acpica/exoparg3.32
LOAD acpica/exoparg6.32
LOAD acpica/exprep.32
LOAD acpica/exregion.32
LOAD acpica/exresnte.32
LOAD acpica/exresolv.32
LOAD acpica/exresop.32
LOAD acpica/exserial.32
LOAD acpica/exstore.32
LOAD acpica/exstoren.32
LOAD acpica/exstorob.32
LOAD acpica/exsystem.32
LOAD acpica/extrace.32
LOAD acpica/exutils.32
LOAD acpica/hwacpi.32
LOAD acpica/hwesleep.32
LOAD acpica/hwgpe.32
LOAD acpica/hwpci.32
LOAD acpica/hwregs.32
LOAD acpica/hwsleep.32
LOAD acpica/hwtimer.32
LOAD acpica/hwvalid.32
LOAD acpica/hwxface.32
LOAD acpica/hwxfsleep.32
LOAD acpica/nsaccess.32
LOAD acpica/nsalloc.32
LOAD acpica/nsarguments.32
LOAD acpica/nsconvert.32
LOAD acpica/nsdump.32
LOAD acpica/nsdumpdv.32
LOAD acpica/nseval.32
LOAD acpica/nsinit.32
LOAD acpica/nsload.32
LOAD acpica/nsnames.32
LOAD acpica/nsobject.32
LOAD acpica/nsparse.32
LOAD acpica/nspredef.32
LOAD acpica/nsprepkg.32
LOAD acpica/nsrepair.32
LOAD acpica/nsrepair2.32
LOAD acpica/nssearch.32
LOAD acpica/nsutils.32
LOAD acpica/nswalk.32
LOAD acpica/nsxfeval.32
LOAD acpica/nsxfname.32
LOAD acpica/nsxfobj.32
LOAD acpica/psargs.32
LOAD acpica/psloop.32
LOAD acpica/psobject.32
LOAD acpica/psopcode.32
LOAD acpica/psopinfo.32
LOAD acpica/psparse.32
LOAD acpica/psscope.32
LOAD acpica/pstree.32
LOAD acpica/psutils.32
LOAD acpica/pswalk.32
LOAD acpica/psxface.32
LOAD acpica/rsaddr.32
LOAD acpica/rscalc.32
LOAD acpica/rscreate.32
LOAD acpica/rsdump.32
LOAD acpica/rsdumpinfo.32
LOAD acpica/rsinfo.32
LOAD acpica/rsio.32
LOAD acpica/rsirq.32
LOAD acpica/rslist.32
LOAD acpica/rsmemory.32
LOAD acpica/rsmisc.32
LOAD acpica/rsserial.32
LOAD acpica/rsutils.32
LOAD acpica/rsxface.32
LOAD acpica/tbdata.32
LOAD acpica/tbfadt.32
LOAD acpica/tbfind.32
LOAD acpica/tbinstal.32
LOAD acpica/tbprint.32
LOAD acpica/tbutils.32
LOAD acpica/tbxface.32
LOAD acpica/tbxfload.32
LOAD acpica/tbxfroot.32
LOAD acpica/utaddress.32
LOAD acpica/utalloc.32
LOAD acpica/utascii.32
LOAD acpica/utbuffer.32
LOAD acpica/utcache.32
LOAD acpica/utclib.32
LOAD acpica/utcopy.32
LOAD acpica/utdebug.32
LOAD acpica/utdecode.32
LOAD acpica/utdelete.32
LOAD acpica/uterror.32
LOAD acpica/uteval.32
LOAD acpica/utexcep.32
LOAD acpica/utglobal.32
LOAD acpica/uthex.32
LOAD acpica/utids.32
LOAD acpica/utinit.32
LOAD acpica/utlock.32
LOAD acpica/utmath.32
LOAD acpica/utmisc.32
LOAD acpica/utmutex.32
LOAD acpica/utnonansi.32
LOAD acpica/utobject.32
LOAD acpica/utosi.32
LOAD acpica/utownerid.32
LOAD acpica/utpredef.32
LOAD acpica/utprint.32
LOAD acpica/utresdecode.32
LOAD acpica/utresrc.32
LOAD acpica/utstate.32
LOAD acpica/utstring.32
LOAD acpica/utstrsuppt.32
LOAD acpica/utstrtoul64.32
LOAD acpica/uttrack.32
LOAD acpica/utuuid.32
LOAD acpica/utxface.32
LOAD acpica/utxferror.32
LOAD acpica/utxfinit.32
LOAD acpica/utxfmutex.32
LOAD core/malloc.32
LOAD libk/string.32
LOAD fs/fat/diskio.32
LOAD fs/fat/ff.32
LOAD fs/fat/ffsystem.32
LOAD fs/fat/ffunicode.32
LOAD hal/libresample/samplerate.32
LOAD hal/libresample/src_linear.32
LOAD hal/libresample/src_sinc.32
LOAD hal/libresample/src_zoh.32
LOAD acpica/osl.32
LOAD core/computer.32
LOAD core/elf.32
LOAD core/gdt.32
LOAD core/idle.32
LOAD core/idt.32
LOAD core/kconsole.32
LOAD core/kheap.32
LOAD core/main.32
LOAD core/physmgr.32
LOAD core/pipe.32
LOAD core/prcssthr.32
LOAD core/syscalls.32
LOAD core/terminal.32
LOAD core/tss.32
LOAD core/unixfile.32
LOAD core/virtmgr.32
LOAD coreobjs/c++.32
LOAD debugger/debug.32
LOAD fs/vfs.32
LOAD hal/bus.32
LOAD hal/buzzer.32
LOAD hal/clock.32
LOAD hal/device.32
LOAD hal/diskctrl.32
LOAD hal/diskphys.32
LOAD hal/fpu.32
LOAD hal/intctrl.32
LOAD hal/keybrd.32
LOAD hal/logidisk.32
LOAD hal/partition.32
LOAD hal/timer.32
LOAD hal/vcache.32
LOAD hw/acpi.32
LOAD hw/cpu.32
LOAD hw/ports.32
LOAD registry/registry.32
LOAD syscalls/sc_exit.32
LOAD syscalls/sc_sbrk.32
LOAD syscalls/sc_yield.32
LOAD vm86/vm8086.32
LOAD fs/fat/vfslink.32
LOAD fs/iso9660/vfslink.32
LOAD hal/sound/sndchannel.32
LOAD hal/sound/sndhw.32
LOAD hw/audio/sb16.32
LOAD hw/bus/isa.32
LOAD hw/bus/pci.32
LOAD hw/bus/ps2.32
LOAD hw/bus/ps2port.32
LOAD hw/buzzer/pcspk.32
LOAD hw/clock/rtc.32
LOAD hw/diskctrl/ide.32
LOAD hw/diskphys/ata.32
LOAD hw/diskphys/atapi.32
LOAD hw/dma/isadma.32
LOAD hw/fpu/avx.32
LOAD hw/fpu/mmx.32
LOAD hw/fpu/sse.32
LOAD hw/fpu/x87.32
LOAD hw/intctrl/apic.32
LOAD hw/intctrl/pic.32
LOAD hw/keybrd/ps2key.32
LOAD hw/timer/apictimer.32
LOAD hw/timer/pit.32
LOAD hw/fpu/x86/avx.32
LOAD hw/fpu/x86/sse.32
LOAD hw/fpu/x86/x87.32
LOAD /cygdrive/d/Users/Alex/Desktop/Toolchain/Output/bin/../lib/gcc/i386-banana/8.1.0/crtend.o
LOAD crtn.32
LOAD /cygdrive/d/Users/Alex/Desktop/Toolchain/Output/bin/../lib/gcc/i386-banana/8.1.0/libgcc.a
LOAD D:/Users/Alex/Desktop/Banana/kernel/libk/libm32.a
                0x00000000c0000000                . = 0xc0000000

.text           0x00000000c0000000    0x417e8
 *(.text)
 .text          0x00000000c0000000       0x39 D:/Users/Alex/Desktop/Banana/kernel/boot.32
                0x00000000c000001e                callGlobalConstructors
 .text          0x00000000c0000039        0x0 crti.32
 *fill*         0x00000000c0000039        0x3 
 .text          0x00000000c000003c      0x101 /cygdrive/d/Users/Alex/Desktop/Toolchain/Output/bin/../lib/gcc/i386-banana/8.1.0/crtbegin.o
 *fill*         0x00000000c000013d        0x3 
 .text          0x00000000c0000140      0x443 D:/Users/Alex/Desktop/Banana/kernel/morenasm.32
                0x00000000c0000140                doTPAUSE
                0x00000000c000014a                hasLegacyFPU
                0x00000000c000016f                is486
                0x00000000c00001d2                goToVM86
                0x00000000c0000203                goToUsermode
                0x00000000c000022e                switchToThreadASMFirstTime
                0x00000000c000023c                switchToThreadASM
                0x00000000c00002d4                detectCPUID
                0x00000000c00002ea                asmQuickAcquireLock
                0x00000000c0000308                asmQuickReleaseLock
                0x00000000c0000314                asmAcquireLock
                0x00000000c0000335                asmReleaseLock
                0x00000000c0000348                loadGDT
                0x00000000c0000368                isr0
                0x00000000c0000378                isr1
                0x00000000c0000382                isr2
                0x00000000c000038c                isr3
                0x00000000c0000396                isr4
                0x00000000c00003a0                isr5
                0x00000000c00003aa                isr6
                0x00000000c00003b4                isr7
                0x00000000c00003be                isr8
                0x00000000c00003c6                isr9
                0x00000000c00003d0                isr10
                0x00000000c00003d8                isr11
                0x00000000c00003e0                isr12
                0x00000000c00003e8                isr13
                0x00000000c00003f0                isr14
                0x00000000c00003f8                isr15
                0x00000000c0000402                isr16
                0x00000000c000040c                isr17
                0x00000000c0000416                isr18
                0x00000000c0000420                isr96
                0x00000000c000042a                irq0
                0x00000000c0000434                irq1
                0x00000000c000043e                irq2
                0x00000000c0000448                irq3
                0x00000000c0000452                irq4
                0x00000000c000045c                irq5
                0x00000000c0000466                irq6
                0x00000000c0000470                irq7
                0x00000000c000047a                irq8
                0x00000000c0000484                irq9
                0x00000000c000048e                irq10
                0x00000000c0000498                irq11
                0x00000000c00004a2                irq12
                0x00000000c00004ac                irq13
                0x00000000c00004b6                irq14
                0x00000000c00004c0                irq15
                0x00000000c00004ca                irq16
                0x00000000c00004d4                irq17
                0x00000000c00004de                irq18
                0x00000000c00004e8                irq19
                0x00000000c00004f2                irq20
                0x00000000c00004fc                irq21
                0x00000000c0000506                irq22
                0x00000000c0000510                irq23
                0x00000000c000051a                int_common_stub
                0x00000000c000054a                syscall_common_stub
 .text          0x00000000c0000583      0x2b7 acpica/dsargs.32
                0x00000000c00006cb                AcpiDsGetBufferFieldArguments
                0x00000000c0000704                AcpiDsGetBankFieldArguments
                0x00000000c000073d                AcpiDsGetBufferArguments
                0x00000000c000078a                AcpiDsGetPackageArguments
                0x00000000c00007d7                AcpiDsGetRegionArguments
 .text          0x00000000c000083a      0x2fd acpica/dscontrol.32
                0x00000000c000083a                AcpiDsExecBeginControlOp
                0x00000000c00008f5                AcpiDsExecEndControlOp
 .text          0x00000000c0000b37        0x1 acpica/dsdebug.32
                0x00000000c0000b37                AcpiDsDumpMethodStack
 .text          0x00000000c0000b38      0x784 acpica/dsfield.32
                0x00000000c0000d79                AcpiDsCreateBufferField
                0x00000000c0000ee2                AcpiDsCreateField
                0x00000000c0000fae                AcpiDsInitFieldObjects
                0x00000000c0001100                AcpiDsCreateBankField
                0x00000000c00011e9                AcpiDsCreateIndexField
 .text          0x00000000c00012bc      0x157 acpica/dsinit.32
                0x00000000c0001389                AcpiDsInitializeObjects
 .text          0x00000000c0001413      0x710 acpica/dsmethod.32
                0x00000000c0001440                AcpiDsAutoSerializeMethod
                0x00000000c000150e                AcpiDsMethodError
                0x00000000c00015c9                AcpiDsBeginMethodExecution
                0x00000000c00017ee                AcpiDsRestartControlMethod
                0x00000000c0001867                AcpiDsTerminateControlMethod
                0x00000000c00019a4                AcpiDsCallControlMethod
 .text          0x00000000c0001b23      0x44f acpica/dsmthdat.32
                0x00000000c0001b23                AcpiDsMethodDataInit
                0x00000000c0001b88                AcpiDsMethodDataDeleteAll
                0x00000000c0001bde                AcpiDsMethodDataGetNode
                0x00000000c0001ca7                AcpiDsMethodDataInitArgs
                0x00000000c0001d0d                AcpiDsMethodDataGetValue
                0x00000000c0001e0a                AcpiDsStoreObjectToLocal
 .text          0x00000000c0001f72      0x559 acpica/dsobject.32
                0x00000000c0001f72                AcpiDsBuildInternalBufferObj
                0x00000000c0002070                AcpiDsInitObjectFromOp
                0x00000000c0002327                AcpiDsBuildInternalObject
                0x00000000c0002462                AcpiDsCreateNode
 .text          0x00000000c00024cb      0x794 acpica/dsopcode.32
                0x00000000c0002767                AcpiDsInitializeRegion
                0x00000000c000277f                AcpiDsEvalBufferFieldOperands
                0x00000000c0002862                AcpiDsEvalRegionOperands
                0x00000000c000295f                AcpiDsEvalTableRegionOperands
                0x00000000c0002aa8                AcpiDsEvalDataObjectOperands
                0x00000000c0002bbb                AcpiDsEvalBankFieldOperands
 .text          0x00000000c0002c5f      0x45b acpica/dspkginit.32
                0x00000000c0002c5f                AcpiDsInitPackageElement
                0x00000000c0002de5                AcpiDsBuildInternalPackageObj
 .text          0x00000000c00030ba      0x6a6 acpica/dsutils.32
                0x00000000c00030ba                AcpiDsClearImplicitReturn
                0x00000000c00030f0                AcpiDsDoImplicitReturn
                0x00000000c000314e                AcpiDsIsResultUsed
                0x00000000c000326b                AcpiDsDeleteResultIfNotUsed
                0x00000000c00032d7                AcpiDsResolveOperands
                0x00000000c000330f                AcpiDsClearOperands
                0x00000000c000334c                AcpiDsCreateOperand
                0x00000000c00035a4                AcpiDsCreateOperands
                0x00000000c000366e                AcpiDsEvaluateNamePath
 .text          0x00000000c0003760      0x7a6 acpica/dswexec.32
                0x00000000c0003760                AcpiDsGetPredicateValue
                0x00000000c00038f4                AcpiDsExecBeginOp
                0x00000000c0003a37                AcpiDsExecEndOp
 .text          0x00000000c0003f06      0x4e3 acpica/dswload.32
                0x00000000c0003f06                AcpiDsLoad1BeginOp
                0x00000000c0004180                AcpiDsLoad1EndOp
                0x00000000c0004353                AcpiDsInitCallbacks
 .text          0x00000000c00043e9      0x6c6 acpica/dswload2.32
                0x00000000c00043e9                AcpiDsLoad2BeginOp
                0x00000000c000474f                AcpiDsLoad2EndOp
 .text          0x00000000c0004aaf       0xfe acpica/dswscope.32
                0x00000000c0004aaf                AcpiDsScopeStackClear
                0x00000000c0004ae4                AcpiDsScopeStackPush
                0x00000000c0004b75                AcpiDsScopeStackPop
 .text          0x00000000c0004bad      0x612 acpica/dswstate.32
                0x00000000c0004bad                AcpiDsResultPop
                0x00000000c0004cd1                AcpiDsResultPush
                0x00000000c0004e1f                AcpiDsObjStackPush
                0x00000000c0004e75                AcpiDsObjStackPop
                0x00000000c0004ee5                AcpiDsObjStackPopAndDelete
                0x00000000c0004f2e                AcpiDsGetCurrentWalkState
                0x00000000c0004f3d                AcpiDsPushWalkState
                0x00000000c0004f4e                AcpiDsPopWalkState
                0x00000000c0004f5f                AcpiDsCreateWalkState
                0x00000000c0004fca                AcpiDsInitAmlWalk
                0x00000000c00050d8                AcpiDsDeleteWalkState
 .text          0x00000000c00051bf      0x206 acpica/evevent.32
                0x00000000c00051bf                AcpiEvInitializeEvents
                0x00000000c0005266                AcpiEvInstallXruptHandlers
                0x00000000c00052d8                AcpiEvFixedEventDetect
 .text          0x00000000c00053c5      0x1d8 acpica/evglock.32
                0x00000000c0005431                AcpiEvInitGlobalLockHandler
                0x00000000c00054a1                AcpiEvRemoveGlobalLockHandler
                0x00000000c00054cf                AcpiEvAcquireGlobalLock
                0x00000000c0005550                AcpiEvReleaseGlobalLock
 .text          0x00000000c000559d      0x6d6 acpica/evgpe.32
                0x00000000c000559d                AcpiEvUpdateGpeEnableMask
                0x00000000c00055e0                AcpiEvEnableGpe
                0x00000000c00055f2                AcpiEvMaskGpe
                0x00000000c0005682                AcpiEvAddGpeReference
                0x00000000c00056e2                AcpiEvRemoveGpeReference
                0x00000000c000572e                AcpiEvLowGetGpeInfo
                0x00000000c000575f                AcpiEvGetGpeEventInfo
                0x00000000c00057e6                AcpiEvFinishGpe
                0x00000000c000590a                AcpiEvGpeDispatch
                0x00000000c0005a35                AcpiEvDetectGpe
                0x00000000c0005b56                AcpiEvGpeDetect
 .text          0x00000000c0005c73      0x53f acpica/evgpeblk.32
                0x00000000c0005c73                AcpiEvDeleteGpeBlock
                0x00000000c0005d47                AcpiEvCreateGpeBlock
                0x00000000c00060bf                AcpiEvInitializeGpeBlock
 .text          0x00000000c00061b2      0x2f1 acpica/evgpeinit.32
                0x00000000c00061b2                AcpiEvMatchGpeMethod
                0x00000000c000629a                AcpiEvGpeInitialize
                0x00000000c00063e8                AcpiEvUpdateGpes
 .text          0x00000000c00064a3      0x2d5 acpica/evgpeutil.32
                0x00000000c00064a3                AcpiEvWalkGpeList
                0x00000000c000651d                AcpiEvGetGpeDevice
                0x00000000c000654e                AcpiEvGetGpeXruptBlock
                0x00000000c0006639                AcpiEvDeleteGpeXrupt
                0x00000000c00066c3                AcpiEvDeleteGpeHandlers
 .text          0x00000000c0006778      0x3a8 acpica/evhandler.32
                0x00000000c0006824                AcpiEvHasDefaultHandler
                0x00000000c0006862                AcpiEvFindRegionHandler
                0x00000000c0006883                AcpiEvInstallSpaceHandler
                0x00000000c0006ac1                AcpiEvInstallRegionHandlers
 .text          0x00000000c0006b20      0x25f acpica/evmisc.32
                0x00000000c0006b72                AcpiEvIsNotifyObject
                0x00000000c0006b8e                AcpiEvQueueNotifyRequest
                0x00000000c0006c68                AcpiEvTerminate
 .text          0x00000000c0006d7f      0x812 acpica/evregion.32
                0x00000000c0007049                AcpiEvInitializeOpRegions
                0x00000000c00070b6                AcpiEvAddressSpaceDispatch
                0x00000000c0007342                AcpiEvDetachRegion
                0x00000000c000751b                AcpiEvAttachRegion
                0x00000000c0007552                AcpiEvExecuteRegMethod
                0x00000000c0007572                AcpiEvExecuteRegMethods
 .text          0x00000000c0007591      0x3be acpica/evrgnini.32
                0x00000000c0007591                AcpiEvSystemMemoryRegionSetup
                0x00000000c000760a                AcpiEvIoSpaceRegionSetup
                0x00000000c0007620                AcpiEvIsPciRootBridge
                0x00000000c00076d3                AcpiEvPciConfigRegionSetup
                0x00000000c0007894                AcpiEvPciBarRegionSetup
                0x00000000c0007897                AcpiEvCmosRegionSetup
                0x00000000c000789a                AcpiEvDefaultRegionSetup
                0x00000000c00078b0                AcpiEvInitializeRegion
 .text          0x00000000c000794f      0x133 acpica/evsci.32
                0x00000000c00079d6                AcpiEvSciDispatch
                0x00000000c00079e7                AcpiEvGpeXruptHandler
                0x00000000c00079ec                AcpiEvInstallSciHandler
                0x00000000c0007a0b                AcpiEvRemoveAllSciHandlers
 .text          0x00000000c0007a82      0xa7f acpica/evxface.32
                0x00000000c0007bcb                AcpiInstallNotifyHandler
                0x00000000c0007db4                AcpiRemoveNotifyHandler
                0x00000000c0007f32                AcpiInstallExceptionHandler
                0x00000000c0007f73                AcpiInstallSciHandler
                0x00000000c0008056                AcpiRemoveSciHandler
                0x00000000c000810a                AcpiInstallGlobalEventHandler
                0x00000000c0008162                AcpiInstallFixedEventHandler
                0x00000000c0008219                AcpiRemoveFixedEventHandler
                0x00000000c00082a0                AcpiInstallGpeHandler
                0x00000000c000830d                AcpiInstallGpeRawHandler
                0x00000000c000837a                AcpiRemoveGpeHandler
                0x00000000c0008484                AcpiAcquireGlobalLock
                0x00000000c00084da                AcpiReleaseGlobalLock
 .text          0x00000000c0008501      0x2b0 acpica/evxfevnt.32
                0x00000000c0008501                AcpiEnable
                0x00000000c0008564                AcpiDisable
                0x00000000c00085b8                AcpiEnableEvent
                0x00000000c000864c                AcpiDisableEvent
                0x00000000c00086e1                AcpiClearEvent
                0x00000000c0008720                AcpiGetEventStatus
 .text          0x00000000c00087b1      0x82c acpica/evxfgpe.32
                0x00000000c00087b1                AcpiUpdateAllGpes
                0x00000000c000882a                AcpiEnableGpe
                0x00000000c000888f                AcpiDisableGpe
                0x00000000c00088e5                AcpiSetGpe
                0x00000000c000896b                AcpiMaskGpe
                0x00000000c00089cb                AcpiMarkGpeForWake
                0x00000000c0008a17                AcpiSetupGpeForWake
                0x00000000c0008b5a                AcpiSetGpeWakeMask
                0x00000000c0008c08                AcpiClearGpe
                0x00000000c0008c5e                AcpiGetGpeStatus
                0x00000000c0008cb8                AcpiDispatchGpe
                0x00000000c0008cce                AcpiFinishGpe
                0x00000000c0008d24                AcpiDisableAllGpes
                0x00000000c0008d55                AcpiEnableAllRuntimeGpes
                0x00000000c0008d86                AcpiEnableAllWakeupGpes
                0x00000000c0008db7                AcpiInstallGpeBlock
                0x00000000c0008edf                AcpiRemoveGpeBlock
                0x00000000c0008f74                AcpiGetGpeDevice
 .text          0x00000000c0008fdd      0x17b acpica/evxfregn.32
                0x00000000c0008fdd                AcpiInstallAddressSpaceHandler
                0x00000000c0009063                AcpiRemoveAddressSpaceHandler
 .text          0x00000000c0009158      0x3d2 acpica/exconcat.32
                0x00000000c00091c3                AcpiExDoConcatenate
                0x00000000c0009466                AcpiExConcatTemplate
 .text          0x00000000c000952a      0x457 acpica/exconfig.32
                0x00000000c00095b4                AcpiExUnloadTable
                0x00000000c0009632                AcpiExLoadTableOp
                0x00000000c00097c5                AcpiExLoadOp
 .text          0x00000000c0009981      0x557 acpica/exconvrt.32
                0x00000000c0009ab8                AcpiExConvertToInteger
                0x00000000c0009bb2                AcpiExConvertToBuffer
                0x00000000c0009c4b                AcpiExConvertToString
                0x00000000c0009dff                AcpiExConvertToTargetType
 .text          0x00000000c0009ed8      0x3b4 acpica/excreate.32
                0x00000000c0009ed8                AcpiExCreateAlias
                0x00000000c0009f16                AcpiExCreateEvent
                0x00000000c0009f81                AcpiExCreateMutex
                0x00000000c0009ffe                AcpiExCreateRegion
                0x00000000c000a104                AcpiExCreateProcessor
                0x00000000c000a185                AcpiExCreatePowerResource
                0x00000000c000a1f6                AcpiExCreateMethod
 .text          0x00000000c000a28c      0x399 acpica/exdebug.32
                0x00000000c000a28c                AcpiExDoDebugObject
 .text          0x00000000c000a625        0x0 acpica/exdump.32
 .text          0x00000000c000a625      0x34e acpica/exfield.32
                0x00000000c000a625                AcpiExGetProtocolBufferLength
                0x00000000c000a667                AcpiExReadDataFromField
                0x00000000c000a82a                AcpiExWriteDataToField
 .text          0x00000000c000a973      0xabd acpica/exfldio.32
                0x00000000c000a973                AcpiExAccessRegion
                0x00000000c000ab80                AcpiExInsertIntoField
                0x00000000c000b077                AcpiExWriteWithUpdateRule
                0x00000000c000b17c                AcpiExExtractFromField
 .text          0x00000000c000b430      0x453 acpica/exmisc.32
                0x00000000c000b430                AcpiExGetObjectReference
                0x00000000c000b4de                AcpiExDoMathOp
                0x00000000c000b665                AcpiExDoLogicalNumericOp
                0x00000000c000b6d6                AcpiExDoLogicalOp
 .text          0x00000000c000b883      0x40d acpica/exmutex.32
                0x00000000c000b8f3                AcpiExUnlinkMutex
                0x00000000c000b929                AcpiExAcquireMutexObject
                0x00000000c000b9a4                AcpiExAcquireMutex
                0x00000000c000ba96                AcpiExReleaseMutexObject
                0x00000000c000babb                AcpiExReleaseMutex
                0x00000000c000bc25                AcpiExReleaseAllMutexes
 .text          0x00000000c000bc90      0x32c acpica/exnames.32
                0x00000000c000bde4                AcpiExGetNameString
 .text          0x00000000c000bfbc      0xd2c acpica/exoparg1.32
                0x00000000c000bfbc                AcpiExOpcode_0A_0T_1R
                0x00000000c000c03f                AcpiExOpcode_1A_0T_0R
                0x00000000c000c100                AcpiExOpcode_1A_1T_0R
                0x00000000c000c14b                AcpiExOpcode_1A_1T_1R
                0x00000000c000c7b1                AcpiExOpcode_1A_0T_1R
 .text          0x00000000c000cce8      0x72e acpica/exoparg2.32
                0x00000000c000cce8                AcpiExOpcode_2A_0T_0R
                0x00000000c000cd74                AcpiExOpcode_2A_2T_1R
                0x00000000c000ceba                AcpiExOpcode_2A_1T_1R
                0x00000000c000d2c4                AcpiExOpcode_2A_0T_1R
 .text          0x00000000c000d416      0x238 acpica/exoparg3.32
                0x00000000c000d416                AcpiExOpcode_3A_0T_0R
                0x00000000c000d4c4                AcpiExOpcode_3A_1T_1R
 .text          0x00000000c000d64e      0x2a4 acpica/exoparg6.32
                0x00000000c000d6fd                AcpiExOpcode_6A_0T_1R
 .text          0x00000000c000d8f2      0x31c acpica/exprep.32
                0x00000000c000d8f2                AcpiExPrepCommonFieldObject
                0x00000000c000d985                AcpiExPrepFieldValue
 .text          0x00000000c000dc0e      0x36f acpica/exregion.32
                0x00000000c000dc0e                AcpiExSystemMemorySpaceHandler
                0x00000000c000de5e                AcpiExSystemIoSpaceHandler
                0x00000000c000debb                AcpiExPciConfigSpaceHandler
                0x00000000c000df28                AcpiExCmosSpaceHandler
                0x00000000c000df2b                AcpiExPciBarSpaceHandler
                0x00000000c000df2e                AcpiExDataTableSpaceHandler
 .text          0x00000000c000df7d      0x264 acpica/exresnte.32
                0x00000000c000df7d                AcpiExResolveNodeToValue
 .text          0x00000000c000e1e1      0x494 acpica/exresolv.32
                0x00000000c000e1e1                AcpiExResolveToValue
                0x00000000c000e40f                AcpiExResolveMultiple
 .text          0x00000000c000e675      0x608 acpica/exresop.32
                0x00000000c000e6d1                AcpiExResolveOperands
 .text          0x00000000c000ec7d      0x2ee acpica/exserial.32
                0x00000000c000ec7d                AcpiExReadGpio
                0x00000000c000ecb7                AcpiExWriteGpio
                0x00000000c000ed0a                AcpiExReadSerialBus
                0x00000000c000ee23                AcpiExWriteSerialBus
 .text          0x00000000c000ef6b      0x405 acpica/exstore.32
                0x00000000c000efaf                AcpiExStoreObjectToNode
                0x00000000c000f123                AcpiExStore
 .text          0x00000000c000f370      0x1e8 acpica/exstoren.32
                0x00000000c000f370                AcpiExResolveObject
                0x00000000c000f42c                AcpiExStoreObjectToObject
 .text          0x00000000c000f558      0x11f acpica/exstorob.32
                0x00000000c000f558                AcpiExStoreBufferToBuffer
                0x00000000c000f5e5                AcpiExStoreStringToString
 .text          0x00000000c000f677      0x19c acpica/exsystem.32
                0x00000000c000f677                AcpiExSystemWaitSemaphore
                0x00000000c000f6c2                AcpiExSystemWaitMutex
                0x00000000c000f70d                AcpiExSystemDoStall
                0x00000000c000f74c                AcpiExSystemDoSleep
                0x00000000c000f78e                AcpiExSystemSignalEvent
                0x00000000c000f7b1                AcpiExSystemWaitEvent
                0x00000000c000f7d4                AcpiExSystemResetEvent
 .text          0x00000000c000f813      0x1b1 acpica/extrace.32
                0x00000000c000f883                AcpiExTracePoint
                0x00000000c000f884                AcpiExStartTraceMethod
                0x00000000c000f930                AcpiExStopTraceMethod
                0x00000000c000f9b6                AcpiExStartTraceOpcode
                0x00000000c000f9bd                AcpiExStopTraceOpcode
 .text          0x00000000c000f9c4      0x35f acpica/exutils.32
                0x00000000c000f9c4                AcpiExEnterInterpreter
                0x00000000c000fa1a                AcpiExExitInterpreter
                0x00000000c000fa70                AcpiExTruncateFor32bitTable
                0x00000000c000fa9d                AcpiExAcquireGlobalLock
                0x00000000c000fae1                AcpiExReleaseGlobalLock
                0x00000000c000fb1c                AcpiExEisaIdToString
                0x00000000c000fbc9                AcpiExIntegerToString
                0x00000000c000fc87                AcpiExPciClsToString
                0x00000000c000fd16                AcpiIsValidSpaceId
 .text          0x00000000c000fd23      0x168 acpica/hwacpi.32
                0x00000000c000fd50                AcpiHwSetMode
                0x00000000c000fe6e                AcpiHwGetMode
 .text          0x00000000c000fe8b      0x1d2 acpica/hwesleep.32
                0x00000000c000fe8b                AcpiHwExecuteSleepMethod
                0x00000000c000fef7                AcpiHwExtendedSleep
                0x00000000c000ffbf                AcpiHwExtendedWakePrep
                0x00000000c0010002                AcpiHwExtendedWake
 .text          0x00000000c001005d      0x300 acpica/hwgpe.32
                0x00000000c001005d                AcpiHwDisableGpeBlock
                0x00000000c001009c                AcpiHwEnableRuntimeGpeBlock
                0x00000000c0010131                AcpiHwGetGpeRegisterBit
                0x00000000c0010147                AcpiHwLowSetGpe
                0x00000000c001020b                AcpiHwClearGpe
                0x00000000c0010240                AcpiHwGetGpeStatus
                0x00000000c00102e9                AcpiHwClearGpeBlock
                0x00000000c0010324                AcpiHwDisableAllGpes
                0x00000000c0010337                AcpiHwEnableAllRuntimeGpes
                0x00000000c001034a                AcpiHwEnableAllWakeupGpes
 .text          0x00000000c001035d      0x20b acpica/hwpci.32
                0x00000000c001035d                AcpiHwDerivePciId
 .text          0x00000000c0010568      0x8be acpica/hwregs.32
                0x00000000c00106b6                AcpiHwValidateRegister
                0x00000000c0010793                AcpiHwRead
                0x00000000c00109d2                AcpiHwWrite
                0x00000000c0010b68                AcpiHwGetBitRegisterInfo
                0x00000000c0010b9b                AcpiHwWritePm1Control
                0x00000000c0010bdf                AcpiHwRegisterRead
                0x00000000c0010cbe                AcpiHwRegisterWrite
                0x00000000c0010dd3                AcpiHwClearAcpiStatus
 .text          0x00000000c0010e26      0x2a5 acpica/hwsleep.32
                0x00000000c0010e26                AcpiHwLegacySleep
                0x00000000c0010f9a                AcpiHwLegacyWakePrep
                0x00000000c0011038                AcpiHwLegacyWake
 .text          0x00000000c00110cb      0x120 acpica/hwtimer.32
                0x00000000c00110cb                AcpiGetTimerResolution
                0x00000000c00110f4                AcpiGetTimer
                0x00000000c001113f                AcpiGetTimerDuration
 .text          0x00000000c00111eb      0x269 acpica/hwvalid.32
                0x00000000c00112f0                AcpiHwReadPort
                0x00000000c00113a0                AcpiHwWritePort
 .text          0x00000000c0011454      0x32e acpica/hwxface.32
                0x00000000c0011454                AcpiReset
                0x00000000c00114b6                AcpiRead
                0x00000000c00114bb                AcpiWrite
                0x00000000c00114c0                AcpiReadBitRegister
                0x00000000c001150e                AcpiWriteBitRegister
                0x00000000c00115d9                AcpiGetSleepTypeData
 .text          0x00000000c0011782      0x1fa acpica/hwxfsleep.32
                0x00000000c00117b3                AcpiSetFirmwareWakingVector
                0x00000000c00117f2                AcpiEnterSleepStateS4bios
                0x00000000c0011876                AcpiEnterSleepStatePrep
                0x00000000c0011910                AcpiEnterSleepState
                0x00000000c001195e                AcpiLeaveSleepStatePrep
                0x00000000c001196d                AcpiLeaveSleepState
 .text          0x00000000c001197c      0x713 acpica/nsaccess.32
                0x00000000c001197c                AcpiNsRootInitialize
                0x00000000c0011c13                AcpiNsLookup
 .text          0x00000000c001208f      0x33e acpica/nsalloc.32
                0x00000000c001208f                AcpiNsCreateNode
                0x00000000c00120b3                AcpiNsDeleteNode
                0x00000000c001211d                AcpiNsRemoveNode
                0x00000000c001214f                AcpiNsInstallNode
                0x00000000c00121ae                AcpiNsDeleteChildren
                0x00000000c0012205                AcpiNsDeleteNamespaceSubtree
                0x00000000c0012289                AcpiNsDeleteNamespaceByOwner
 .text          0x00000000c00123cd      0x2c8 acpica/nsarguments.32
                0x00000000c00123cd                AcpiNsCheckArgumentTypes
                0x00000000c0012480                AcpiNsCheckAcpiCompliance
                0x00000000c001256f                AcpiNsCheckArgumentCount
 .text          0x00000000c0012695      0x444 acpica/nsconvert.32
                0x00000000c0012695                AcpiNsConvertToInteger
                0x00000000c001276d                AcpiNsConvertToString
                0x00000000c001281f                AcpiNsConvertToBuffer
                0x00000000c0012925                AcpiNsConvertToUnicode
                0x00000000c001299e                AcpiNsConvertToResource
                0x00000000c0012a0a                AcpiNsConvertToReference
 .text          0x00000000c0012ad9        0x0 acpica/nsdump.32
 .text          0x00000000c0012ad9        0x0 acpica/nsdumpdv.32
 .text          0x00000000c0012ad9      0x284 acpica/nseval.32
                0x00000000c0012ad9                AcpiNsEvaluate
 .text          0x00000000c0012d5d      0x480 acpica/nsinit.32
                0x00000000c0012e64                AcpiNsInitializeObjects
                0x00000000c0012eb4                AcpiNsInitializeDevices
                0x00000000c0013055                AcpiNsInitOnePackage
 .text          0x00000000c00131dd       0x9b acpica/nsload.32
                0x00000000c00131dd                AcpiNsLoadTable
 .text          0x00000000c0013278      0x4ec acpica/nsnames.32
                0x00000000c0013278                AcpiNsHandleToName
                0x00000000c00132cf                AcpiNsBuildNormalizedPath
                0x00000000c00133bf                AcpiNsGetPathnameLength
                0x00000000c0013401                AcpiNsHandleToPathname
                0x00000000c001346e                AcpiNsGetNormalizedPathname
                0x00000000c00134d8                AcpiNsGetExternalPathname
                0x00000000c00134ea                AcpiNsBuildPrefixedPathname
 .text          0x00000000c0013764      0x316 acpica/nsobject.32
                0x00000000c0013764                AcpiNsDetachObject
                0x00000000c00137ec                AcpiNsAttachObject
                0x00000000c001390f                AcpiNsGetAttachedObject
                0x00000000c0013953                AcpiNsGetSecondaryObject
                0x00000000c0013970                AcpiNsAttachData
                0x00000000c0013a00                AcpiNsDetachData
                0x00000000c0013a4f                AcpiNsGetAttachedData
 .text          0x00000000c0013a7a      0x287 acpica/nsparse.32
                0x00000000c0013a7a                AcpiNsExecuteTable
                0x00000000c0013bac                AcpiNsOneCompleteParse
                0x00000000c0013cfc                AcpiNsParseTable
 .text          0x00000000c0013d01      0x297 acpica/nspredef.32
                0x00000000c0013d01                AcpiNsCheckObjectType
                0x00000000c0013ee3                AcpiNsCheckReturnValue
 .text          0x00000000c0013f98      0x632 acpica/nsprepkg.32
                0x00000000c001424a                AcpiNsCheckPackage
 .text          0x00000000c00145ca      0x387 acpica/nsrepair.32
                0x00000000c0014636                AcpiNsSimpleRepair
                0x00000000c00148b2                AcpiNsRepairNullElement
                0x00000000c00148cb                AcpiNsRemoveNullElements
                0x00000000c001491a                AcpiNsWrapWithPackage
 .text          0x00000000c0014951      0x6e8 acpica/nsrepair2.32
                0x00000000c0014fe9                AcpiNsComplexRepairs
 .text          0x00000000c0015039      0x20e acpica/nssearch.32
                0x00000000c0015039                AcpiNsSearchOneScope
                0x00000000c0015086                AcpiNsSearchAndEnter
 .text          0x00000000c0015247      0x5e0 acpica/nsutils.32
                0x00000000c0015247                AcpiNsPrintNodePathname
                0x00000000c00152bf                AcpiNsGetType
                0x00000000c00152ee                AcpiNsLocal
                0x00000000c0015330                AcpiNsGetInternalNameLength
                0x00000000c00153df                AcpiNsBuildInternalName
                0x00000000c001551a                AcpiNsInternalizeName
                0x00000000c0015537                AcpiNsExternalizeName
                0x00000000c00156bb                AcpiNsValidateHandle
                0x00000000c00156d6                AcpiNsTerminate
                0x00000000c0015718                AcpiNsOpensScope
                0x00000000c001574d                AcpiNsGetNodeUnlocked
                0x00000000c00157e4                AcpiNsGetNode
 .text          0x00000000c0015827      0x249 acpica/nswalk.32
                0x00000000c0015827                AcpiNsGetNextNode
                0x00000000c001583b                AcpiNsGetNextNodeTyped
                0x00000000c0015874                AcpiNsWalkNamespace
 .text          0x00000000c0015a70      0x76d acpica/nsxfeval.32
                0x00000000c0015bdf                AcpiEvaluateObject
                0x00000000c0015e2b                AcpiEvaluateObjectTyped
                0x00000000c0015f5b                AcpiWalkNamespace
                0x00000000c0016020                AcpiGetDevices
                0x00000000c001608d                AcpiAttachData
                0x00000000c0016102                AcpiDetachData
                0x00000000c0016168                AcpiGetData
 .text          0x00000000c00161dd      0x6b6 acpica/nsxfname.32
                0x00000000c00161dd                AcpiGetHandle
                0x00000000c001626e                AcpiGetName
                0x00000000c00162fc                AcpiGetObjectInfo
                0x00000000c00166e4                AcpiInstallMethod
 .text          0x00000000c0016893      0x182 acpica/nsxfobj.32
                0x00000000c0016893                AcpiGetType
                0x00000000c0016905                AcpiGetParent
                0x00000000c0016973                AcpiGetNextObject
 .text          0x00000000c0016a15      0x873 acpica/psargs.32
                0x00000000c0016a15                AcpiPsGetNextPackageEnd
                0x00000000c0016a57                AcpiPsGetNextNamestring
                0x00000000c0016aa0                AcpiPsGetNextNamepath
                0x00000000c0016c81                AcpiPsGetNextSimpleArg
                0x00000000c0016d76                AcpiPsGetNextArg
 .text          0x00000000c0017288      0x5bc acpica/psloop.32
                0x00000000c0017288                AcpiPsParseLoop
 .text          0x00000000c0017844      0x736 acpica/psobject.32
                0x00000000c0017844                AcpiPsBuildNamedOp
                0x00000000c00179b0                AcpiPsCreateOp
                0x00000000c0017bec                AcpiPsCompleteOp
                0x00000000c0017e57                AcpiPsCompleteFinalOp
 .text          0x00000000c0017f7a        0x0 acpica/psopcode.32
 .text          0x00000000c0017f7a       0x60 acpica/psopinfo.32
                0x00000000c0017f7a                AcpiPsGetOpcodeInfo
                0x00000000c0017fbf                AcpiPsGetOpcodeName
                0x00000000c0017fc5                AcpiPsGetArgumentCount
 .text          0x00000000c0017fda      0x662 acpica/psparse.32
                0x00000000c0017fda                AcpiPsGetOpcodeSize
                0x00000000c0017fe8                AcpiPsPeekOpcode
                0x00000000c0018000                AcpiPsCompleteThisOp
                0x00000000c0018193                AcpiPsNextParseState
                0x00000000c0018289                AcpiPsParseAml
 .text          0x00000000c001863c      0x167 acpica/psscope.32
                0x00000000c001863c                AcpiPsGetParentScope
                0x00000000c0018647                AcpiPsHasCompletedScope
                0x00000000c0018662                AcpiPsInitScope
                0x00000000c00186a0                AcpiPsPushScope
                0x00000000c0018702                AcpiPsPopScope
                0x00000000c001876f                AcpiPsCleanupScope
 .text          0x00000000c00187a3      0x12a acpica/pstree.32
                0x00000000c00187a3                AcpiPsGetArg
                0x00000000c00187e4                AcpiPsAppendArg
                0x00000000c0018859                AcpiPsGetDepthNext
 .text          0x00000000c00188cd      0x12c acpica/psutils.32
                0x00000000c00188cd                AcpiPsInitOp
                0x00000000c00188de                AcpiPsAllocOp
                0x00000000c0018967                AcpiPsCreateScopeOp
                0x00000000c0018987                AcpiPsFreeOp
                0x00000000c00189be                AcpiPsIsLeadingChar
                0x00000000c00189d6                AcpiPsGetName
                0x00000000c00189e7                AcpiPsSetName
 .text          0x00000000c00189f9       0x60 acpica/pswalk.32
                0x00000000c00189f9                AcpiPsDeleteParseTree
 .text          0x00000000c0018a59      0x34a acpica/psxface.32
                0x00000000c0018a8e                AcpiDebugTrace
                0x00000000c0018ada                AcpiPsExecuteMethod
                0x00000000c0018c9e                AcpiPsExecuteTable
 .text          0x00000000c0018da3       0xb1 acpica/rsaddr.32
                0x00000000c0018da3                AcpiRsGetAddressCommon
                0x00000000c0018dff                AcpiRsSetAddressCommon
 .text          0x00000000c0018e54      0x49c acpica/rscalc.32
                0x00000000c0018e54                AcpiRsGetAmlLength
                0x00000000c0019004                AcpiRsGetListLength
                0x00000000c001922d                AcpiRsGetPciRoutingTableLength
 .text          0x00000000c00192f0      0x415 acpica/rscreate.32
                0x00000000c00192f0                AcpiBufferToResource
                0x00000000c0019382                AcpiRsCreateResourceList
                0x00000000c00193ed                AcpiRsCreatePciRoutingTable
                0x00000000c00196ac                AcpiRsCreateAmlResources
 .text          0x00000000c0019705        0x0 acpica/rsdump.32
 .text          0x00000000c0019705        0x0 acpica/rsdumpinfo.32
 .text          0x00000000c0019705        0x0 acpica/rsinfo.32
 .text          0x00000000c0019705        0x0 acpica/rsio.32
 .text          0x00000000c0019705        0x0 acpica/rsirq.32
 .text          0x00000000c0019705      0x1f5 acpica/rslist.32
                0x00000000c0019705                AcpiRsConvertAmlToResources
                0x00000000c00197d2                AcpiRsConvertResourcesToAml
 .text          0x00000000c00198fa        0x0 acpica/rsmemory.32
 .text          0x00000000c00198fa      0x749 acpica/rsmisc.32
                0x00000000c00198fa                AcpiRsConvertAmlToResource
                0x00000000c0019d19                AcpiRsConvertResourceToAml
 .text          0x00000000c001a043        0x0 acpica/rsserial.32
 .text          0x00000000c001a043      0x48a acpica/rsutils.32
                0x00000000c001a043                AcpiRsDecodeBitmask
                0x00000000c001a071                AcpiRsEncodeBitmask
                0x00000000c001a0a0                AcpiRsMoveData
                0x00000000c001a11d                AcpiRsSetResourceLength
                0x00000000c001a151                AcpiRsSetResourceHeader
                0x00000000c001a18b                AcpiRsGetResourceSource
                0x00000000c001a24c                AcpiRsSetResourceSource
                0x00000000c001a287                AcpiRsGetPrtMethodData
                0x00000000c001a2cf                AcpiRsGetCrsMethodData
                0x00000000c001a317                AcpiRsGetPrsMethodData
                0x00000000c001a35f                AcpiRsGetAeiMethodData
                0x00000000c001a3a7                AcpiRsGetMethodData
                0x00000000c001a3ee                AcpiRsSetSrsMethodData
 .text          0x00000000c001a4cd      0x46b acpica/rsxface.32
                0x00000000c001a598                AcpiGetIrqRoutingTable
                0x00000000c001a5c7                AcpiGetCurrentResources
                0x00000000c001a5f6                AcpiGetPossibleResources
                0x00000000c001a625                AcpiSetCurrentResources
                0x00000000c001a66d                AcpiGetEventResources
                0x00000000c001a69c                AcpiResourceToAddress64
                0x00000000c001a7e5                AcpiWalkResourceBuffer
                0x00000000c001a85f                AcpiWalkResources
                0x00000000c001a8e8                AcpiGetVendorResource
 .text          0x00000000c001a938      0x9ba acpica/tbdata.32
                0x00000000c001a938                AcpiTbInitTableDescriptor
                0x00000000c001a981                AcpiTbAcquireTable
                0x00000000c001a9dc                AcpiTbReleaseTable
                0x00000000c001a9ed                AcpiTbAcquireTempTable
                0x00000000c001aaa1                AcpiTbValidateTable
                0x00000000c001aada                AcpiTbInvalidateTable
                0x00000000c001ab0e                AcpiTbReleaseTempTable
                0x00000000c001ab10                AcpiTbValidateTempTable
                0x00000000c001ab5b                AcpiTbVerifyTempTable
                0x00000000c001ad74                AcpiTbResizeRootTableList
                0x00000000c001ae9c                AcpiTbGetNextTableDescriptor
                0x00000000c001aef1                AcpiTbTerminate
                0x00000000c001af71                AcpiTbDeleteNamespaceByOwner
                0x00000000c001aff9                AcpiTbAllocateOwnerId
                0x00000000c001b04b                AcpiTbReleaseOwnerId
                0x00000000c001b09d                AcpiTbGetOwnerId
                0x00000000c001b0eb                AcpiTbIsTableLoaded
                0x00000000c001b133                AcpiTbSetTableLoadedFlag
                0x00000000c001b189                AcpiTbLoadTable
                0x00000000c001b207                AcpiTbInstallAndLoadTable
                0x00000000c001b254                AcpiTbUnloadTable
                0x00000000c001b2d1                AcpiTbNotifyTable
 .text          0x00000000c001b2f2      0x56c acpica/tbfadt.32
                0x00000000c001b2f2                AcpiTbCreateLocalFadt
                0x00000000c001b78e                AcpiTbParseFadt
 .text          0x00000000c001b85e      0x1aa acpica/tbfind.32
                0x00000000c001b85e                AcpiTbFindTable
 .text          0x00000000c001ba08      0x32f acpica/tbinstal.32
                0x00000000c001ba40                AcpiTbOverrideTable
                0x00000000c001bb47                AcpiTbInstallTableWithOverride
                0x00000000c001bbe1                AcpiTbInstallStandardTable
                0x00000000c001bd26                AcpiTbUninstallTable
 .text          0x00000000c001bd37      0x200 acpica/tbprint.32
                0x00000000c001bd37                AcpiTbPrintTableHeader
                0x00000000c001bebb                AcpiTbVerifyChecksum
                0x00000000c001bf1d                AcpiTbChecksum
 .text          0x00000000c001bf37      0x40e acpica/tbutils.32
                0x00000000c001bf37                AcpiTbInitializeFacs
                0x00000000c001bfba                AcpiTbCheckDsdtHeader
                0x00000000c001c02a                AcpiTbCopyDsdt
                0x00000000c001c0c3                AcpiTbParseRootTable
                0x00000000c001c2a5                AcpiTbGetTable
                0x00000000c001c2ff                AcpiTbPutTable
 .text          0x00000000c001c345      0x42d acpica/tbxface.32
                0x00000000c001c345                AcpiAllocateRootTable
                0x00000000c001c35a                AcpiInitializeTables
                0x00000000c001c3da                AcpiReallocateRootTable
                0x00000000c001c4d3                AcpiGetTableHeader
                0x00000000c001c57f                AcpiGetTable
                0x00000000c001c5fe                AcpiPutTable
                0x00000000c001c667                AcpiGetTableByIndex
                0x00000000c001c6d1                AcpiInstallTableHandler
                0x00000000c001c729                AcpiRemoveTableHandler
 .text          0x00000000c001c772      0x3c1 acpica/tbxfload.32
                0x00000000c001c772                AcpiTbLoadNamespace
                0x00000000c001c988                AcpiLoadTables
                0x00000000c001c9f2                AcpiInstallTable
                0x00000000c001ca15                AcpiLoadTable
                0x00000000c001ca6d                AcpiUnloadParentTable
                0x00000000c001cb21                AcpiUnloadTable
 .text          0x00000000c001cb33      0x2b0 acpica/tbxfroot.32
                0x00000000c001cb33                AcpiTbGetRsdpLength
                0x00000000c001cb68                AcpiTbValidateRsdp
                0x00000000c001cbc3                AcpiFindRootPointer
                0x00000000c001cdb1                AcpiTbScanMemoryForRsdp
 .text          0x00000000c001cde3      0x249 acpica/utaddress.32
                0x00000000c001cde3                AcpiUtAddAddressRange
                0x00000000c001ce4f                AcpiUtRemoveAddressRange
                0x00000000c001cea6                AcpiUtCheckAddressRange
                0x00000000c001cfd5                AcpiUtDeleteAddressLists
 .text          0x00000000c001d02c      0x1af acpica/utalloc.32
                0x00000000c001d02c                AcpiOsAllocateZeroed
                0x00000000c001d057                AcpiUtCreateCaches
                0x00000000c001d0dc                AcpiUtDeleteCaches
                0x00000000c001d152                AcpiUtValidateBuffer
                0x00000000c001d177                AcpiUtInitializeBuffer
 .text          0x00000000c001d1db       0xad acpica/utascii.32
                0x00000000c001d1db                AcpiUtValidNameseg
                0x00000000c001d215                AcpiUtValidNameChar
                0x00000000c001d240                AcpiUtCheckAndRepairAscii
 .text          0x00000000c001d288      0x244 acpica/utbuffer.32
                0x00000000c001d288                AcpiUtDumpBuffer
                0x00000000c001d4a9                AcpiUtDebugDumpBuffer
 .text          0x00000000c001d4cc      0x1ed acpica/utcache.32
                0x00000000c001d4cc                AcpiOsCreateCache
                0x00000000c001d539                AcpiOsPurgeCache
                0x00000000c001d593                AcpiOsDeleteCache
                0x00000000c001d5c1                AcpiOsReleaseObject
                0x00000000c001d63e                AcpiOsAcquireObject
 .text          0x00000000c001d6b9      0x5a0 acpica/utclib.32
                0x00000000c001d6b9                memcmp
                0x00000000c001d6f3                memmove
                0x00000000c001d731                memcpy
                0x00000000c001d768                memset
                0x00000000c001d786                strlen
                0x00000000c001d79a                strpbrk
                0x00000000c001d7d7                strtok
                0x00000000c001d8a0                strcpy
                0x00000000c001d8c0                strncpy
                0x00000000c001d909                strcmp
                0x00000000c001d943                strchr
                0x00000000c001d964                strncmp
                0x00000000c001d9ad                strcat
                0x00000000c001d9d6                strncat
                0x00000000c001da0b                strstr
                0x00000000c001da66                simple_strtoul
                0x00000000c001dc31                toupper
                0x00000000c001dc45                tolower
 .text          0x00000000c001dc59      0x690 acpica/utcopy.32
                0x00000000c001dfc3                AcpiUtCopyIobjectToEobject
                0x00000000c001e042                AcpiUtCopyEobjectToIobject
                0x00000000c001e206                AcpiUtCopyIobjectToIobject
 .text          0x00000000c001e2e9        0x0 acpica/utdebug.32
 .text          0x00000000c001e2e9      0x169 acpica/utdecode.32
                0x00000000c001e2e9                AcpiUtGetRegionName
                0x00000000c001e320                AcpiUtGetEventName
                0x00000000c001e337                AcpiUtGetTypeName
                0x00000000c001e34e                AcpiUtGetObjectTypeName
                0x00000000c001e384                AcpiUtGetNodeName
                0x00000000c001e3d2                AcpiUtGetDescriptorName
                0x00000000c001e3f6                AcpiUtGetReferenceName
                0x00000000c001e432                AcpiUtGetMutexName
                0x00000000c001e449                AcpiUtValidObjectType
 .text          0x00000000c001e452      0x575 acpica/utdelete.32
                0x00000000c001e452                AcpiUtUpdateObjectReference
                0x00000000c001e61d                AcpiUtDeleteInternalObjectList
                0x00000000c001e98b                AcpiUtAddReference
                0x00000000c001e9b3                AcpiUtRemoveReference
 .text          0x00000000c001e9c7      0x25e acpica/uterror.32
                0x00000000c001e9c7                AcpiUtPredefinedWarning
                0x00000000c001ea10                AcpiUtPredefinedInfo
                0x00000000c001ea59                AcpiUtPredefinedBiosError
                0x00000000c001eaa2                AcpiUtPrefixedNamespaceError
                0x00000000c001eb9a                AcpiUtMethodError
 .text          0x00000000c001ec25      0x2ad acpica/uteval.32
                0x00000000c001ec25                AcpiUtEvaluateObject
                0x00000000c001eda9                AcpiUtEvaluateNumericObject
                0x00000000c001edf6                AcpiUtExecute_STA
                0x00000000c001ee4d                AcpiUtExecutePowerMethods
 .text          0x00000000c001eed2       0xb8 acpica/utexcep.32
                0x00000000c001eed2                AcpiUtValidateException
                0x00000000c001ef53                AcpiFormatException
 .text          0x00000000c001ef8a        0x0 acpica/utglobal.32
 .text          0x00000000c001ef8a       0xad acpica/uthex.32
                0x00000000c001ef8a                AcpiUtHexToAsciiChar
                0x00000000c001efb4                AcpiUtAsciiToHexByte
                0x00000000c001f01d                AcpiUtAsciiCharToHex
 .text          0x00000000c001f037      0x39a acpica/utids.32
                0x00000000c001f037                AcpiUtExecute_HID
                0x00000000c001f0e8                AcpiUtExecute_UID
                0x00000000c001f199                AcpiUtExecute_CID
                0x00000000c001f2f9                AcpiUtExecute_CLS
 .text          0x00000000c001f3d1      0x2ba acpica/utinit.32
                0x00000000c001f3d1                AcpiUtInitGlobals
                0x00000000c001f5e3                AcpiUtSubsystemShutdown
 .text          0x00000000c001f68b      0x138 acpica/utlock.32
                0x00000000c001f68b                AcpiUtCreateRwLock
                0x00000000c001f6c1                AcpiUtDeleteRwLock
                0x00000000c001f6f2                AcpiUtAcquireReadLock
                0x00000000c001f747                AcpiUtReleaseReadLock
                0x00000000c001f796                AcpiUtAcquireWriteLock
                0x00000000c001f7af                AcpiUtReleaseWriteLock
 .text          0x00000000c001f7c3      0x19c acpica/utmath.32
                0x00000000c001f7c3                AcpiUtShortMultiply
                0x00000000c001f7ea                AcpiUtShortShiftLeft
                0x00000000c001f81e                AcpiUtShortShiftRight
                0x00000000c001f852                AcpiUtShortDivide
                0x00000000c001f8ce                AcpiUtDivide
 .text          0x00000000c001f95f      0x1cb acpica/utmisc.32
                0x00000000c001f95f                AcpiUtIsPciRootBridge
                0x00000000c001f998                AcpiUtDwordByteSwap
                0x00000000c001f9a4                AcpiUtSetIntegerWidth
                0x00000000c001f9d7                AcpiUtCreateUpdateStateAndPush
                0x00000000c001fa1b                AcpiUtWalkPackageTree
 .text          0x00000000c001fb2a      0x228 acpica/utmutex.32
                0x00000000c001fb2a                AcpiUtMutexInitialize
                0x00000000c001fbd6                AcpiUtMutexTerminate
                0x00000000c001fc4e                AcpiUtAcquireMutex
                0x00000000c001fcd7                AcpiUtReleaseMutex
 .text          0x00000000c001fd52       0x95 acpica/utnonansi.32
                0x00000000c001fd52                AcpiUtStrlwr
                0x00000000c001fd80                AcpiUtStrupr
                0x00000000c001fdae                AcpiUtStricmp
 .text          0x00000000c001fde7      0x441 acpica/utobject.32
                0x00000000c001ff36                AcpiUtValidInternalObject
                0x00000000c001ff49                AcpiUtAllocateObjectDescDbg
                0x00000000c001ff86                AcpiUtCreatePackageObject
                0x00000000c001ffe6                AcpiUtCreateIntegerObject
                0x00000000c002001f                AcpiUtCreateBufferObject
                0x00000000c0020096                AcpiUtCreateStringObject
                0x00000000c0020106                AcpiUtDeleteObjectDesc
                0x00000000c0020151                AcpiUtCreateInternalObjectDbg
                0x00000000c00201c9                AcpiUtGetObjectSize
 .text          0x00000000c0020228      0x376 acpica/utosi.32
                0x00000000c0020228                AcpiUtInitializeInterfaces
                0x00000000c002027d                AcpiUtInterfaceTerminate
                0x00000000c0020307                AcpiUtInstallInterface
                0x00000000c002037a                AcpiUtRemoveInterface
                0x00000000c00203f8                AcpiUtUpdateInterfaces
                0x00000000c002044a                AcpiUtGetInterface
                0x00000000c002047c                AcpiUtOsiImplementation
 .text          0x00000000c002059e      0x1a8 acpica/utownerid.32
                0x00000000c002059e                AcpiUtAllocateOwnerId
                0x00000000c00206aa                AcpiUtReleaseOwnerId
 .text          0x00000000c0020746       0xce acpica/utpredef.32
                0x00000000c0020746                AcpiUtGetNextPredefinedMethod
                0x00000000c002075e                AcpiUtMatchPredefinedMethod
                0x00000000c00207b3                AcpiUtGetExpectedReturnTypes
 .text          0x00000000c0020814      0x970 acpica/utprint.32
                0x00000000c0020b12                AcpiUtScanNumber
                0x00000000c0020b88                AcpiUtPrintNumber
                0x00000000c0020c26                vsnprintf
                0x00000000c002114c                snprintf
                0x00000000c0021169                sprintf
 .text          0x00000000c0021184        0x0 acpica/utresdecode.32
 .text          0x00000000c0021184      0x2dd acpica/utresrc.32
                0x00000000c0021184                AcpiUtValidateResource
                0x00000000c00212cc                AcpiUtWalkAmlResources
                0x00000000c00213de                AcpiUtGetResourceType
                0x00000000c00213ec                AcpiUtGetResourceLength
                0x00000000c00213ff                AcpiUtGetResourceHeaderLength
                0x00000000c002140d                AcpiUtGetDescriptorLength
                0x00000000c002142d                AcpiUtGetResourceEndTag
 .text          0x00000000c0021461      0x13e acpica/utstate.32
                0x00000000c0021461                AcpiUtPushGenericState
                0x00000000c0021470                AcpiUtPopGenericState
                0x00000000c002147f                AcpiUtCreateGenericState
                0x00000000c002149c                AcpiUtCreateThreadState
                0x00000000c00214f4                AcpiUtCreateUpdateState
                0x00000000c0021522                AcpiUtCreatePkgState
                0x00000000c002155b                AcpiUtCreateControlState
                0x00000000c002157e                AcpiUtDeleteGenericState
 .text          0x00000000c002159f      0x1f8 acpica/utstring.32
                0x00000000c002159f                AcpiUtPrintString
                0x00000000c0021727                AcpiUtRepairName
 .text          0x00000000c0021797      0x2e4 acpica/utstrsuppt.32
                0x00000000c0021864                AcpiUtConvertOctalString
                0x00000000c00218d2                AcpiUtConvertDecimalString
                0x00000000c0021957                AcpiUtConvertHexString
                0x00000000c00219dc                AcpiUtRemoveLeadingZeros
                0x00000000c00219f4                AcpiUtRemoveWhitespace
                0x00000000c0021a1f                AcpiUtRemoveHexPrefix
                0x00000000c0021a4b                AcpiUtDetectHexPrefix
                0x00000000c0021a67                AcpiUtDetectOctalPrefix
 .text          0x00000000c0021a7b      0x215 acpica/utstrtoul64.32
                0x00000000c0021a7b                AcpiUtStrtoul64
                0x00000000c0021b87                AcpiUtImplicitStrtoul64
                0x00000000c0021bf0                AcpiUtExplicitStrtoul64
 .text          0x00000000c0021c90        0x0 acpica/uttrack.32
 .text          0x00000000c0021c90        0x0 acpica/utuuid.32
 .text          0x00000000c0021c90      0x45f acpica/utxface.32
                0x00000000c0021c90                AcpiTerminate
                0x00000000c0021ca5                AcpiSubsystemStatus
                0x00000000c0021cb3                AcpiGetSystemInfo
                0x00000000c0021d29                AcpiGetStatistics
                0x00000000c0021d6e                AcpiInstallInitializationHandler
                0x00000000c0021d94                AcpiPurgeCachedObjects
                0x00000000c0021dcc                AcpiInstallInterface
                0x00000000c0021e58                AcpiRemoveInterface
                0x00000000c0021eb9                AcpiInstallInterfaceHandler
                0x00000000c0021f13                AcpiUpdateInterfaces
                0x00000000c0021f61                AcpiCheckAddressRange
                0x00000000c0021fbb                AcpiDecodePldBuffer
 .text          0x00000000c00220ef      0x1d1 acpica/utxferror.32
                0x00000000c00220ef                AcpiError
                0x00000000c0022127                AcpiException
                0x00000000c0022189                AcpiWarning
                0x00000000c00221c1                AcpiInfo
                0x00000000c00221ee                AcpiBiosError
                0x00000000c0022226                AcpiBiosException
                0x00000000c0022288                AcpiBiosWarning
 .text          0x00000000c00222c0      0x1b6 acpica/utxfinit.32
                0x00000000c00222c0                AcpiInitializeSubsystem
                0x00000000c00223a9                AcpiEnableSubsystem
                0x00000000c0022449                AcpiInitializeObjects
 .text          0x00000000c0022476       0xe2 acpica/utxfmutex.32
                0x00000000c00224ea                AcpiAcquireMutex
                0x00000000c0022522                AcpiReleaseMutex
 .text          0x00000000c0022558      0xf4f core/malloc.32
                0x00000000c00226c9                dlfree
                0x00000000c00227b9                dlmalloc
                0x00000000c0022f06                dlrealloc
                0x00000000c00230bb                dlmemalign
                0x00000000c00231de                dlcalloc
                0x00000000c0023278                dlcfree
                0x00000000c002327d                dlindependent_calloc
                0x00000000c00232a2                dlindependent_comalloc
                0x00000000c00232b9                dlvalloc
                0x00000000c00232df                dlpvalloc
                0x00000000c0023310                dlmalloc_trim
                0x00000000c0023318                dlmalloc_usable_size
                0x00000000c0023349                dlmallinfo
                0x00000000c0023411                dlmalloc_stats
                0x00000000c0023422                dlmallopt
 .text          0x00000000c00234a7        0x0 libk/string.32
 .text          0x00000000c00234a7       0x51 fs/fat/diskio.32
                0x00000000c00234a7                disk_status
                0x00000000c00234aa                disk_initialize
                0x00000000c00234ad                disk_read
                0x00000000c00234c3                disk_write
                0x00000000c00234d9                disk_ioctl
 .text          0x00000000c00234f8     0x66ce fs/fat/ff.32
                0x00000000c002619e                f_mount
                0x00000000c0026200                f_open
                0x00000000c0026656                f_read
                0x00000000c00268a8                f_write
                0x00000000c0026b37                f_sync
                0x00000000c0026d3c                f_close
                0x00000000c0026d6b                f_lseek
                0x00000000c0027249                f_opendir
                0x00000000c002734b                f_closedir
                0x00000000c002736d                f_readdir
                0x00000000c0027408                f_stat
                0x00000000c0027497                f_getfree
                0x00000000c0027652                f_truncate
                0x00000000c002774a                f_unlink
                0x00000000c00278cd                f_mkdir
                0x00000000c0027adb                f_rename
                0x00000000c0027db7                f_chmod
                0x00000000c0027e95                f_utime
                0x00000000c0027f73                f_getlabel
                0x00000000c0028112                f_setlabel
                0x00000000c0028362                f_forward
                0x00000000c0028539                f_mkfs
 .text          0x00000000c0029bc6        0xa fs/fat/ffsystem.32
                0x00000000c0029bc6                ff_memalloc
                0x00000000c0029bcb                ff_memfree
 .text          0x00000000c0029bd0      0x147 fs/fat/ffunicode.32
                0x00000000c0029bd0                ff_uni2oem
                0x00000000c0029c1a                ff_oem2uni
                0x00000000c0029c47                ff_wtoupper
 .text          0x00000000c0029d17      0x71d hal/libresample/samplerate.32
                0x00000000c0029d17                src_delete
                0x00000000c0029d53                src_process
                0x00000000c0029e9c                src_callback_read
                0x00000000c002a025                src_set_ratio
                0x00000000c002a085                src_get_channels
                0x00000000c002a0a7                src_reset
                0x00000000c002a0eb                src_new
                0x00000000c002a1b0                src_callback_new
                0x00000000c002a212                src_get_name
                0x00000000c002a249                src_get_description
                0x00000000c002a280                src_get_version
                0x00000000c002a286                src_is_valid_ratio
                0x00000000c002a2ae                src_error
                0x00000000c002a2bc                src_strerror
                0x00000000c002a2cf                src_simple
                0x00000000c002a322                src_short_to_float_array
                0x00000000c002a348                src_float_to_short_array
                0x00000000c002a3ac                src_int_to_float_array
                0x00000000c002a3d2                src_float_to_int_array
 .text          0x00000000c002a434      0x3c9 hal/libresample/src_linear.32
                0x00000000c002a758                linear_get_name
                0x00000000c002a767                linear_get_description
                0x00000000c002a776                linear_set_converter
 *fill*         0x00000000c002a7fd        0x3 
 .text          0x00000000c002a800     0x1a94 hal/libresample/src_sinc.32
                0x00000000c002c0a4                sinc_get_name
                0x00000000c002c0b7                sinc_get_description
                0x00000000c002c0ca                sinc_set_converter
 .text          0x00000000c002c294      0x397 hal/libresample/src_zoh.32
                0x00000000c002c586                zoh_get_name
                0x00000000c002c595                zoh_get_description
                0x00000000c002c5a4                zoh_set_converter
 .text          0x00000000c002c62b      0xa5c acpica/osl.32
                0x00000000c002c62b                Subhandler
                0x00000000c002c638                isalnum
                0x00000000c002c65e                isalpha
                0x00000000c002c672                isblank
                0x00000000c002c68a                iscntrl
                0x00000000c002c6a2                isdigit
                0x00000000c002c6b3                islower
                0x00000000c002c6c4                ispunct
                0x00000000c002c6fd                isgraph
                0x00000000c002c72c                isprint
                0x00000000c002c74a                isspace
                0x00000000c002c76b                isupper
                0x00000000c002c77c                isxdigit
                0x00000000c002c79e                AcpiOsInitialize
                0x00000000c002c7a1                AcpiOsTerminate
                0x00000000c002c7a4                AcpiOsGetRootPointer
                0x00000000c002c7cd                AcpiOsPredefinedOverride
                0x00000000c002c7ec                AcpiOsTableOverride
                0x00000000c002c7f9                AcpiOsPhysicalTableOverride
                0x00000000c002c80d                AcpiOsReadPort
                0x00000000c002c84f                AcpiOsWritePort
                0x00000000c002c87d                AcpiOsGetTimer
                0x00000000c002c899                AcpiOsWaitEventsComplete
                0x00000000c002c8aa                AcpiOsReadPciConfiguration
                0x00000000c002c91b                AcpiOsWritePciConfiguration
                0x00000000c002c996                AcpiOsSignal
                0x00000000c002c9c5                AcpiOsReadMemory
                0x00000000c002ca49                AcpiOsEnterSleep
                0x00000000c002ca4c                AcpiOsWriteMemory
                0x00000000c002caad                AcpiOsMapMemory
                0x00000000c002cb69                AcpiOsUnmapMemory
                0x00000000c002cb6a                AcpiOsGetPhysicalAddress
                0x00000000c002cb92                AcpiOsAllocate
                0x00000000c002cb97                AcpiOsFree
                0x00000000c002cb9c                AcpiOsReadable
                0x00000000c002cbaf                AcpiOsWritable
                0x00000000c002cbc2                AcpiOsGetThreadId
                0x00000000c002cbca                AcpiOsExecute
                0x00000000c002cbdd                AcpiOsSleep
                0x00000000c002cbfd                AcpiOsStall
                0x00000000c002cc4a                AcpiOsCreateSemaphore
                0x00000000c002cc77                AcpiOsDeleteSemaphore
                0x00000000c002cc8b                AcpiOsWaitSemaphore
                0x00000000c002cd15                AcpiOsSignalSemaphore
                0x00000000c002cd3b                AcpiOsCreateLock
                0x00000000c002cd57                AcpiOsDeleteLock
                0x00000000c002cd58                AcpiOsAcquireLock
                0x00000000c002cd5d                AcpiOsReleaseLock
                0x00000000c002cd62                AcpiOsInstallInterruptHandler
                0x00000000c002cda2                AcpiOsRemoveInterruptHandler
                0x00000000c002cdb5                __i__int_str
                0x00000000c002d014                __i_displayCharacter
                0x00000000c002d033                __i_displayString
                0x00000000c002d082                __i_internal_printf
                0x00000000c002d085                AcpiOsVprintf
                0x00000000c002d086                AcpiOsPrintf
 *fill*         0x00000000c002d087        0x1 
 .text          0x00000000c002d088      0x67b core/computer.32
                0x00000000c002d088                Computer::close(int, int, void*)
                0x00000000c002d0cc                Computer::Computer()
                0x00000000c002d0cc                Computer::Computer()
                0x00000000c002d15c                Computer::setBootMessage(char const*)
                0x00000000c002d160                Computer::start()
                0x00000000c002d2cc                firstTask()
                0x00000000c002d2dc                Computer::detectFeatures()
                0x00000000c002d4bc                Computer::open(int, int, void*)
                0x00000000c002d584                Computer::displayFeatures()
                0x00000000c002d588                Computer::rdmsr(unsigned int)
                0x00000000c002d5b8                Computer::wrmsr(unsigned int, unsigned long long)
                0x00000000c002d5f4                Computer::nmiEnabled()
                0x00000000c002d600                Computer::enableNMI(bool)
                0x00000000c002d620                Computer::disableNMI()
                0x00000000c002d634                Computer::readCMOS(unsigned char)
                0x00000000c002d650                Computer::writeCMOS(unsigned char, unsigned char)
                0x00000000c002d670                Computer::handleNMI()
                0x00000000c002d6d8                Computer::setDiskActivityLight(int, bool)
 .text          0x00000000c002d703      0xe6e core/elf.32
                0x00000000c002d703                allocateMemoryForTask(Process*, File*, unsigned long, unsigned long, unsigned long)
                0x00000000c002d98d                loadProgramIntoMemory(Process*, char const*)
                0x00000000c002dbb2                runtimeReferenceHelper()
                0x00000000c002dbc5                getAddressOfKernelSymbol(char const*)
                0x00000000c002dc14                loadKernelSymbolTable(char const*)
                0x00000000c002ded8                loadDriverIntoMemory(char const*, unsigned long)
                0x00000000c002e49a                loadDLL(char const*)
                0x00000000c002e563                executeDLL(unsigned long, void*)
 *fill*         0x00000000c002e571        0x3 
 .text          0x00000000c002e574       0xea core/gdt.32
                0x00000000c002e574                GDTEntry::setBase(unsigned int)
                0x00000000c002e590                GDTEntry::setLimit(unsigned int)
                0x00000000c002e5b0                GDT::GDT()
                0x00000000c002e5b0                GDT::GDT()
                0x00000000c002e5bc                GDT::addEntry(GDTEntry)
                0x00000000c002e5de                GDT::getNumberOfEntries()
                0x00000000c002e5e6                GDT::flush()
                0x00000000c002e608                GDT::setup()
 .text          0x00000000c002e65e       0x75 core/idle.32
                0x00000000c002e65e                idleFunction(void*)
 *fill*         0x00000000c002e6d3        0x1 
 .text          0x00000000c002e6d4      0x3a5 core/idt.32
                0x00000000c002e6d4                IDTEntry::IDTEntry(bool)
                0x00000000c002e6d4                IDTEntry::IDTEntry(bool)
                0x00000000c002e700                IDTEntry::setOffset(unsigned int)
                0x00000000c002e714                IDT::IDT()
                0x00000000c002e714                IDT::IDT()
                0x00000000c002e716                IDT::getPointerToInvalidOpcodeEntryForF00F()
                0x00000000c002e71e                IDT::addEntry(IDTEntry, int)
                0x00000000c002e738                IDT::addEntry(int, void (*)(), bool)
                0x00000000c002e77a                IDT::flush()
                0x00000000c002e794                IDT::setup()
 *fill*         0x00000000c002ea79        0x3 
 .text          0x00000000c002ea7c      0x6a8 core/kconsole.32
                0x00000000c002ea7c                stringifyxWithBase(unsigned int, char*, int)
                0x00000000c002eae4                logc(char)
                0x00000000c002eb00                logs(char*)
                0x00000000c002eb34                logWriteInt(unsigned int)
                0x00000000c002ebcc                logWriteIntBase(unsigned int, int)
                0x00000000c002ec60                kprintf(char const*, ...)
                0x00000000c002edd8                panic(char const*)
 .text          0x00000000c002f124      0x1e4 core/kheap.32
                0x00000000c002f124                sbrk
                0x00000000c002f213                mmap
                0x00000000c002f229                munmap
                0x00000000c002f23f                liballoc_lock()
                0x00000000c002f250                liballoc_unlock()
                0x00000000c002f261                liballoc_alloc(int)
                0x00000000c002f27c                liballoc_free(void*, int)
                0x00000000c002f29a                realloc
                0x00000000c002f2ae                malloc
                0x00000000c002f2be                free
                0x00000000c002f2ce                rfree
                0x00000000c002f2de                calloc
 .text          0x00000000c002f308      0x3ef core/main.32
                0x00000000c002f308                hwTextMode_loadInData(VgaText*)
                0x00000000c002f354                hwTextMode_loadInTitle(VgaText*, char*)
                0x00000000c002f398                hwTextMode_update(VgaText*)
                0x00000000c002f39c                hwTextMode_updateCursor(VgaText*)
                0x00000000c002f3e4                hwTextMode_scrollScreen(VgaText*)
                0x00000000c002f46c                hwTextMode_writeCharacter(VgaText*, char, VgaColour, VgaColour, int, int)
                0x00000000c002f4cc                hwTextMode_showCursor(VgaText*, bool)
                0x00000000c002f524                hwTextMode_disableBlink(VgaText*, bool)
                0x00000000c002f560                setupTextMode()
                0x00000000c002f5b4                kernel_main
 *fill*         0x00000000c002f6f7        0x1 
 .text          0x00000000c002f6f8      0x534 core/physmgr.32
                0x00000000c002f6f8                PhysMem::allocateDMA(unsigned long)
                0x00000000c002f7a4                PhysMem::freeDMA(unsigned long, unsigned long)
                0x00000000c002f7f0                PhysMem::setPageState(unsigned long, bool)
                0x00000000c002f824                PhysMem::getPageState(unsigned long)
                0x00000000c002f840                PhysMem::freePage(unsigned long)
                0x00000000c002f8f4                PhysMem::allocatePage()
                0x00000000c002f9d8                PhysMem::allowSegmentToBeUsed(unsigned long, unsigned long)
                0x00000000c002fa24                PhysMem::physicalMemorySetup(unsigned int)
 .text          0x00000000c002fc2c      0x235 core/pipe.32
                0x00000000c002fc2c                Pipe::isAtty()
                0x00000000c002fc30                Pipe::~Pipe()
                0x00000000c002fc30                Pipe::~Pipe()
                0x00000000c002fc40                Pipe::~Pipe()
                0x00000000c002fc64                Pipe::read(unsigned long long, void*, int*)
                0x00000000c002fd58                Pipe::write(unsigned long long, void*, int*)
                0x00000000c002fe20                Pipe::Pipe(int)
                0x00000000c002fe20                Pipe::Pipe(int)
 *fill*         0x00000000c002fe61        0x1 
 .text          0x00000000c002fe62     0x16ac core/prcssthr.32
                0x00000000c002fe62                userModeEntryPoint(void*)
                0x00000000c002fe88                changeTSS
                0x00000000c002feb6                Process::createThread(void (*)(void*), void*, int)
                0x00000000c0030016                Process::createUserThread()
                0x00000000c0030032                Process::addArgs(char**)
                0x00000000c003008c                Process::Process(char const*, Process*, char**)
                0x00000000c003008c                Process::Process(char const*, Process*, char**)
                0x00000000c00301de                Process::Process(bool, char const*, Process*, char**)
                0x00000000c00301de                Process::Process(bool, char const*, Process*, char**)
                0x00000000c0030318                setupMultitasking(void (*)())
                0x00000000c00304b9                disableIRQs()
                0x00000000c00304c1                getIRQNestingLevel()
                0x00000000c00304c7                enableIRQs()
                0x00000000c00304d6                lockScheduler()
                0x00000000c00304d8                unlockScheduler()
                0x00000000c00304e7                lockStuff()
                0x00000000c00304f5                taskStartupFunction
                0x00000000c00304fe                updateTimeUsed()
                0x00000000c0030592                switchToThread(ThreadControlBlock*)
                0x00000000c00305ad                schedule()
                0x00000000c003079a                unlockStuff()
                0x00000000c00307d6                forkProcess(regs*)
                0x00000000c00309d7                blockTaskWithSchedulerLockAlreadyHeld(TaskState)
                0x00000000c0030a25                blockTask(TaskState)
                0x00000000c0030a52                waitTask(int, int*, int)
                0x00000000c0030b63                execveProcess(char const*, char* const*, char* const*)
                0x00000000c0030c0f                unblockTask(ThreadControlBlock*)
                0x00000000c0030cfa                cleanupTerminatedTask(ThreadControlBlock*)
                0x00000000c00310b3                cleanerTaskFunction(void*)
                0x00000000c00311d9                terminateTask(int)
                0x00000000c00312e4                nanoSleepUntil(unsigned long long)
                0x00000000c0031302                nanoSleep(unsigned long long)
                0x00000000c003132e                sleep(unsigned long long)
                0x00000000c0031365                taskReturned
                0x00000000c00313ac                Semaphore::Semaphore(int)
                0x00000000c00313ac                Semaphore::Semaphore(int)
                0x00000000c00313cc                Semaphore::tryAcquire()
                0x00000000c0031402                Semaphore::assertLocked(char const*)
                0x00000000c003143e                Semaphore::acquire()
                0x00000000c00314ae                Semaphore::release()
                0x00000000c00314ee                Mutex::Mutex()
                0x00000000c00314ee                Mutex::Mutex()
 *fill*         0x00000000c003150e        0x2 
 .text          0x00000000c0031510      0xe76 core/syscalls.32
                0x00000000c0031510                sysCallGetPID(regs*)
                0x00000000c003151c                sysCallSeekDir(regs*)
                0x00000000c0031524                sysCallVerify(regs*)
                0x00000000c0031530                sysCallGetArgc(regs*)
                0x00000000c0031540                sysFormatDisk(regs*)
                0x00000000c00315ac                sysSetDiskVolumeLabel(regs*)
                0x00000000c00315f4                sysGetDiskVolumeLabel(regs*)
                0x00000000c0031648                sysCallWrite(regs*)
                0x00000000c00316b8                sysCallRead(regs*)
                0x00000000c0031728                sysCallReadDir(regs*)
                0x00000000c0031798                sysCallIsATTY(regs*)
                0x00000000c00317f0                sysCallGetCwd(regs*)
                0x00000000c0031810                sysCallSetCwd(regs*)
                0x00000000c003182c                sysCallRealpath(regs*)
                0x00000000c0031870                sysCallSeek(regs*)
                0x00000000c00318c4                sysCallTell(regs*)
                0x00000000c0031914                sysCallSizeFromFilename(regs*)
                0x00000000c0031990                sysCallSize(regs*)
                0x00000000c00319e4                sysCallClose(regs*)
                0x00000000c0031a34                sysCallMakeDir(regs*)
                0x00000000c0031a90                sysCallCloseDir(regs*)
                0x00000000c0031ae0                sysCallWait(regs*)
                0x00000000c0031afc                sysCallFork(regs*)
                0x00000000c0031b18                sysCallExecve(regs*)
                0x00000000c0031b70                sysCallRmdir(regs*)
                0x00000000c0031bc4                sysCallUnlink(regs*)
                0x00000000c0031bc8                sysCallGetArgv(regs*)
                0x00000000c0031c18                sysCallUSleep(regs*)
                0x00000000c0031c40                sysAppSettings(regs*)
                0x00000000c0031d64                sysSetFatAttrib(regs*)
                0x00000000c0031dc4                sysPanic(regs*)
                0x00000000c0031dec                sysPipe(regs*)
                0x00000000c0031e34                sysGetUnixTime(regs*)
                0x00000000c0031e48                sysShutdown(regs*)
                0x00000000c0031e94                sysCallOpen(regs*)
                0x00000000c0031f88                sysCallOpenDir(regs*)
                0x00000000c0031ff8                sysCallTTYName(regs*)
                0x00000000c0032078                sysCallGetEnv(regs*)
                0x00000000c00320d0                sysCallSpawn(regs*)
                0x00000000c0032144                sysCallTellDir(regs*)
                0x00000000c003214c                string_ends_with(char const*, char const*)
                0x00000000c0032195                setupSystemCalls()
                0x00000000c0032344                systemCall(regs*, void*)
 *fill*         0x00000000c0032386        0x2 
 .text          0x00000000c0032388      0xe4b core/terminal.32
                0x00000000c0032388                VgaText::isAtty()
                0x00000000c003238c                VgaText::~VgaText()
                0x00000000c003238c                VgaText::~VgaText()
                0x00000000c003239c                VgaText::~VgaText()
                0x00000000c00323c2                VgaText::read(unsigned long long, void*, int*)
                0x00000000c00323e2                setTerminalScrollLock(bool)
                0x00000000c00323e3                addToTerminalCycle(VgaText*)
                0x00000000c0032410                installVgaTextImplementation()
                0x00000000c0032425                scrollTerminalScrollLock(int)
                0x00000000c0032426                VgaText::load()
                0x00000000c003247a                VgaText::writeCharacter(char, VgaColour, VgaColour, int, int)
                0x00000000c00324ce                VgaText::updateCursor()
                0x00000000c00324e8                VgaText::scrollScreen()
                0x00000000c003257a                VgaText::showCursor(bool)
                0x00000000c003258a                VgaText::disableBlink(bool)
                0x00000000c00325c4                setActiveTerminal(VgaText*)
                0x00000000c0032659                doTerminalCycle()
                0x00000000c0032676                VgaText::doANSI_SGR(int)
                0x00000000c0032702                VgaText::setDefaultBgColour(VgaColour)
                0x00000000c0032718                VgaText::setDefaultFgColour(VgaColour)
                0x00000000c003272e                VgaText::setDefaultColours(VgaColour, VgaColour)
                0x00000000c0032754                VgaText::combineColours(unsigned char, unsigned char)
                0x00000000c0032766                VgaText::combineCharAndColour(char, unsigned char)
                0x00000000c0032778                VgaText::getCursorX()
                0x00000000c0032784                VgaText::getCursorY()
                0x00000000c0032790                VgaText::setCursor(int, int)
                0x00000000c00327ae                VgaText::setCursorX(int)
                0x00000000c00327c2                VgaText::setCursorY(int)
                0x00000000c00327d6                VgaText::incrementCursor(bool)
                0x00000000c003283e                VgaText::updateRAMUsageDisplay(int)