Archive member included to satisfy reference by file (symbol)

/cygdrive/d/Users/Alex/Desktop/Toolchain/Output/bin/../lib/gcc/i386-banana/8.1.0/libkgcc.a(_divdi3.o)
                              fs/fat/ff.32 (__divdi3)
/cygdrive/d/Users/Alex/Desktop/Toolchain/Output/bin/../lib/gcc/i386-banana/8.1.0/libkgcc.a(_moddi3.o)
                              compat/resolve.32 (__moddi3)
/cygdrive/d/Users/Alex/Desktop/Toolchain/Output/bin/../lib/gcc/i386-banana/8.1.0/libkgcc.a(_udivdi3.o)
                              fs/fat/ff.32 (__udivdi3)
/cygdrive/d/Users/Alex/Desktop/Toolchain/Output/bin/../lib/gcc/i386-banana/8.1.0/libkgcc.a(_umoddi3.o)
                              compat/resolve.32 (__umoddi3)
D:/Users/Alex/Desktop/Banana/kernel/libsoftfp.a(sfieeelib.o)
                              hal/sound/sndhw.32 (__addsf3)
D:/Users/Alex/Desktop/Banana/kernel/libsoftfp.a(dfieeelib.o)
                              hal/libresample/src_linear.32 (__adddf3)
D:/Users/Alex/Desktop/Banana/kernel/libsoftfp.a(sfdfcvt.o)
                              hal/libresample/samplerate.32 (__truncdfsf2)
D:/Users/Alex/Desktop/Banana/kernel/libk/libm32.a(s_fabs.c.o)
                              hal/libresample/samplerate.32 (fabs)
D:/Users/Alex/Desktop/Banana/kernel/libk/libm32.a(s_lrint.S.o)
                              hal/libresample/samplerate.32 (lrint)
D:/Users/Alex/Desktop/Banana/kernel/libk/libm32.a(s_lrintf.S.o)
                              hal/sound/sndhw.32 (lrintf)

Discarded input sections

 .comment       0x0000000000000000       0x12 /cygdrive/d/Users/Alex/Desktop/Toolchain/Output/bin/../lib/gcc/i386-banana/8.1.0/crtbegin.o
 .comment       0x0000000000000000       0x12 acpica/utclib.32
 .comment       0x0000000000000000       0x12 core/malloc.32
 .comment       0x0000000000000000       0x12 libk/string.32
 .comment       0x0000000000000000       0x12 fs/fat/diskio.32
 .comment       0x0000000000000000       0x12 fs/fat/ff.32
 .comment       0x0000000000000000       0x12 fs/fat/ffsystem.32
 .comment       0x0000000000000000       0x12 fs/fat/ffunicode.32
 .comment       0x0000000000000000       0x12 hal/libresample/samplerate.32
 .comment       0x0000000000000000       0x12 hal/libresample/src_linear.32
 .comment       0x0000000000000000       0x12 hal/libresample/src_sinc.32
 .comment       0x0000000000000000       0x12 hal/libresample/src_zoh.32
 .comment       0x0000000000000000       0x12 compat/inlines.32
 .comment       0x0000000000000000       0x12 compat/resolve.32
 .group         0x0000000000000000       0x14 core/computer.32
 .group         0x0000000000000000        0xc core/computer.32
 .comment       0x0000000000000000       0x12 core/computer.32
 .comment       0x0000000000000000       0x12 core/gdt.32
 .group         0x0000000000000000        0xc core/idle.32
 .comment       0x0000000000000000       0x12 core/idle.32
 .comment       0x0000000000000000       0x12 core/idt.32
 .comment       0x0000000000000000       0x12 core/kheap.32
 .comment       0x0000000000000000       0x12 core/main.32
 .comment       0x0000000000000000       0x12 core/physmgr.32
 .group         0x0000000000000000        0xc core/pipe.32
 .comment       0x0000000000000000       0x12 core/pipe.32
 .group         0x0000000000000000        0xc core/terminal.32
 .comment       0x0000000000000000       0x12 core/terminal.32
 .comment       0x0000000000000000       0x12 core/tss.32
 .group         0x0000000000000000        0x8 core/unixfile.32
 .group         0x0000000000000000        0xc core/unixfile.32
 .group         0x0000000000000000        0xc core/unixfile.32
 .group         0x0000000000000000        0x8 core/unixfile.32
 .group         0x0000000000000000        0xc core/unixfile.32
 .group         0x0000000000000000        0x8 core/unixfile.32
 .group         0x0000000000000000        0xc core/unixfile.32
 .group         0x0000000000000000        0xc core/unixfile.32
 .comment       0x0000000000000000       0x12 core/unixfile.32
 .comment       0x0000000000000000       0x12 core/virtmgr.32
 .comment       0x0000000000000000       0x12 coreobjs/c++.32
 .comment       0x0000000000000000       0x12 dbg/kconsole.32
 .group         0x0000000000000000        0xc fs/vfs.32
 .group         0x0000000000000000        0xc fs/vfs.32
 .group         0x0000000000000000        0xc fs/vfs.32
 .comment       0x0000000000000000       0x12 fs/vfs.32
 .group         0x0000000000000000        0xc hal/bus.32
 .comment       0x0000000000000000       0x12 hal/bus.32
 .group         0x0000000000000000        0xc hal/buzzer.32
 .comment       0x0000000000000000       0x12 hal/buzzer.32
 .group         0x0000000000000000        0xc hal/clock.32
 .comment       0x0000000000000000       0x12 hal/clock.32
 .group         0x0000000000000000       0x14 hal/device.32
 .group         0x0000000000000000        0xc hal/device.32
 .group         0x0000000000000000        0xc hal/device.32
 .group         0x0000000000000000        0xc hal/device.32
[...]
Memory Configuration

Name             Origin             Length             Attributes
*default*        0x0000000000000000 0xffffffffffffffff

Linker script and memory map

LOAD D:/Users/Alex/Desktop/Banana/kernel/boot.32
LOAD crti.32
LOAD /cygdrive/d/Users/Alex/Desktop/Toolchain/Output/bin/../lib/gcc/i386-banana/8.1.0/crtbegin.o
LOAD D:/Users/Alex/Desktop/Banana/kernel/morenasm.32
LOAD acpica/utclib.32
LOAD core/malloc.32
LOAD libk/string.32
LOAD fs/fat/diskio.32
LOAD fs/fat/ff.32
LOAD fs/fat/ffsystem.32
LOAD fs/fat/ffunicode.32
LOAD hal/libresample/samplerate.32
LOAD hal/libresample/src_linear.32
LOAD hal/libresample/src_sinc.32
LOAD hal/libresample/src_zoh.32
LOAD compat/inlines.32
LOAD compat/resolve.32
LOAD core/computer.32
LOAD core/gdt.32
LOAD core/idle.32
LOAD core/idt.32
LOAD core/kheap.32
LOAD core/main.32
LOAD core/physmgr.32
LOAD core/pipe.32
LOAD core/terminal.32
LOAD core/tss.32
LOAD core/unixfile.32
LOAD core/virtmgr.32
LOAD coreobjs/c++.32
LOAD dbg/kconsole.32
LOAD fs/vfs.32
LOAD hal/bus.32
LOAD hal/buzzer.32
LOAD hal/clock.32
LOAD hal/device.32
LOAD hal/diskctrl.32
LOAD hal/diskphys.32
LOAD hal/fpu.32
LOAD hal/intctrl.32
LOAD hal/keybrd.32
LOAD hal/logidisk.32
LOAD hal/mouse.32
LOAD hal/partition.32
LOAD hal/serial.32
LOAD hal/timer.32
LOAD hal/vcache.32
LOAD hal/video.32
LOAD hw/acpi.32
LOAD hw/cpu.32
LOAD hw/ports.32
LOAD hw/smp.32
LOAD krnl/env.32
LOAD krnl/panic.32
LOAD net/ethernet.32
LOAD reg/registry.32
LOAD sys/sc_eject.32
LOAD sys/sc_exit.32
LOAD sys/sc_getcwd.32
LOAD sys/sc_getpid.32
LOAD sys/sc_getramdata.32
LOAD sys/sc_loaddll.32
LOAD sys/sc_read.32
LOAD sys/sc_sbrk.32
LOAD sys/sc_setcwd.32
LOAD sys/sc_settime.32
LOAD sys/sc_timezone.32
LOAD sys/sc_write.32
LOAD sys/sc_wsbe.32
LOAD sys/sc_yield.32
LOAD sys/syscalls.32
LOAD thr/elf.32
LOAD thr/prcssthr.32
LOAD vm86/vm8086.32
LOAD vm86/x87em.32
LOAD fs/fat/vfslink.32
LOAD fs/iso9660/vfslink.32
LOAD hal/sound/sndchannel.32
LOAD hal/sound/sndhw.32
LOAD hw/bus/isa.32
LOAD hw/bus/pci.32
LOAD hw/diskctrl/ide.32
LOAD hw/diskctrl/satabus.32
LOAD hw/diskphys/ata.32
LOAD hw/diskphys/atapi.32
LOAD hw/diskphys/sata.32
LOAD hw/diskphys/satapi.32
LOAD hw/fpu/avx.32
LOAD hw/fpu/mmx.32
LOAD hw/fpu/sse.32
LOAD hw/fpu/x87.32
LOAD hw/intctrl/apic.32
LOAD hw/intctrl/pic.32
LOAD hw/timer/apictimer.32
LOAD hw/timer/pit.32
LOAD hw/fpu/x86/avx.32
LOAD hw/fpu/x86/sse.32
LOAD hw/fpu/x86/x87.32
LOAD /cygdrive/d/Users/Alex/Desktop/Toolchain/Output/bin/../lib/gcc/i386-banana/8.1.0/crtend.o
LOAD crtn.32
LOAD /cygdrive/d/Users/Alex/Desktop/Toolchain/Output/bin/../lib/gcc/i386-banana/8.1.0/libkgcc.a
LOAD D:/Users/Alex/Desktop/Banana/kernel/libsoftfp.a
LOAD D:/Users/Alex/Desktop/Banana/kernel/libk/libm32.a
                0x00000000c0000000                . = 0xc0000000

.text           0x00000000c0000000    0x28708
 *(.text)
 .text          0x00000000c0000000       0x41 D:/Users/Alex/Desktop/Banana/kernel/boot.32
                0x00000000c0000020                callGlobalConstructors
 .text          0x00000000c0000041        0x0 crti.32
 *fill*         0x00000000c0000041        0x3 
 .text          0x00000000c0000044      0x101 /cygdrive/d/Users/Alex/Desktop/Toolchain/Output/bin/../lib/gcc/i386-banana/8.1.0/crtbegin.o
 *fill*         0x00000000c0000145        0xb 
 .text          0x00000000c0000150      0x4ed D:/Users/Alex/Desktop/Banana/kernel/morenasm.32
                0x00000000c0000150                manualPCIProbe
                0x00000000c000019b                prepareTramp
                0x00000000c00001b4                voodooXADD
                0x00000000c000027f                doTPAUSE
                0x00000000c0000289                hasLegacyFPU
                0x00000000c00002ae                is486
                0x00000000c00002e4                detectCPUID
                0x00000000c00002fa                goToVM86
                0x00000000c000032a                goToUsermode
                0x00000000c0000354                switchToThreadASMFirstTime
                0x00000000c0000362                switchToThreadASM
                0x00000000c00003ea                asmQuickAcquireLock
                0x00000000c0000408                asmQuickReleaseLock
                0x00000000c0000414                asmAcquireLock
                0x00000000c0000435                asmReleaseLock
                0x00000000c0000448                loadGDT
                0x00000000c0000468                isr0
                0x00000000c0000478                isr1
                0x00000000c0000482                isr2
                0x00000000c000048c                isr3
                0x00000000c0000496                isr4
                0x00000000c00004a0                isr5
                0x00000000c00004aa                isr6
                0x00000000c00004b4                isr7
                0x00000000c00004be                isr8
                0x00000000c00004c6                isr9
                0x00000000c00004d0                isr10
                0x00000000c00004d8                isr11
                0x00000000c00004e0                isr12
                0x00000000c00004e8                isr13
                0x00000000c00004f0                isr14
                0x00000000c00004f8                isr15
                0x00000000c0000502                isr16
                0x00000000c000050c                isr17
                0x00000000c0000516                isr18
                0x00000000c0000520                irq3
                0x00000000c000052a                irq4
                0x00000000c0000534                irq5
                0x00000000c000053e                irq6
                0x00000000c0000548                irq7
                0x00000000c0000552                irq8
                0x00000000c000055c                irq9
                0x00000000c0000566                irq10
                0x00000000c0000570                irq11
                0x00000000c000057a                irq12
                0x00000000c0000584                irq13
                0x00000000c000058e                irq14
                0x00000000c0000598                irq15
                0x00000000c00005a2                irq1
                0x00000000c00005a9                irq2
                0x00000000c00005b0                isr96
                0x00000000c00005b7                irq0
                0x00000000c00005bc                int_common_stub
                0x00000000c00005bc                syscall_common_stub
                0x00000000c00005ed                irq16
                0x00000000c00005f7                irq17
                0x00000000c0000601                irq18
                0x00000000c000060b                irq19
                0x00000000c0000615                irq20
                0x00000000c000061f                irq21
                0x00000000c0000629                irq22
                0x00000000c0000633                irq23
 *fill*         0x00000000c000063d        0x3 
 .text          0x00000000c0000640      0x611 acpica/utclib.32
                0x00000000c0000640                memcmp
                0x00000000c000067c                memmove
                0x00000000c0000744                memcpy
                0x00000000c0000778                memset
                0x00000000c0000794                strlen
                0x00000000c00007ac                strpbrk
                0x00000000c00007e8                strtok
                0x00000000c0000834                strcpy
                0x00000000c0000858                strncpy
                0x00000000c00008c0                strcmp
                0x00000000c0000900                strchr
                0x00000000c0000924                strncmp
                0x00000000c0000974                strcat
                0x00000000c00009a4                strncat
                0x00000000c00009e0                strstr
                0x00000000c0000a28                toupper
                0x00000000c0000a3c                tolower
                0x00000000c0000a50                simple_strtoul
 .text          0x00000000c0000c51      0xfbf core/malloc.32
                0x00000000c0000dbc                dlfree
                0x00000000c0001117                dlmalloc
                0x00000000c0001654                dlrealloc
                0x00000000c0001809                dlmemalign
                0x00000000c000192c                dlcalloc
                0x00000000c00019c6                dlcfree
                0x00000000c00019cb                dlindependent_calloc
                0x00000000c00019f0                dlindependent_comalloc
                0x00000000c0001a07                dlvalloc
                0x00000000c0001a32                dlpvalloc
                0x00000000c0001a68                dlmalloc_trim
                0x00000000c0001a75                dlmalloc_usable_size
                0x00000000c0001aa6                dlmallinfo
                0x00000000c0001b75                dlmalloc_stats
                0x00000000c0001b86                dlmallopt
 .text          0x00000000c0001c10        0x0 libk/string.32
 .text          0x00000000c0001c10       0x51 fs/fat/diskio.32
                0x00000000c0001c10                disk_status
                0x00000000c0001c13                disk_initialize
                0x00000000c0001c16                disk_read
                0x00000000c0001c2c                disk_write
                0x00000000c0001c42                disk_ioctl
 .text          0x00000000c0001c61     0x6833 fs/fat/ff.32
                0x00000000c0004f2f                f_mount
                0x00000000c0004f91                f_open
                0x00000000c00053cd                f_read
                0x00000000c000564d                f_write
                0x00000000c0005907                f_sync
                0x00000000c0005ae3                f_close
                0x00000000c0005b12                f_lseek
                0x00000000c0005fc9                f_opendir
                0x00000000c00060cb                f_closedir
                0x00000000c00060ed                f_readdir
                0x00000000c0006188                f_stat
                0x00000000c0006217                f_getfree
                0x00000000c00063e2                f_truncate
                0x00000000c00064da                f_unlink
                0x00000000c000665d                f_mkdir
                0x00000000c0006889                f_rename
                0x00000000c0006b7c                f_chmod
                0x00000000c0006c5a                f_utime
                0x00000000c0006d38                f_getlabel
                0x00000000c0006f26                f_setlabel
                0x00000000c0007193                f_forward
                0x00000000c0007371                f_mkfs
 .text          0x00000000c0008494       0x2d fs/fat/ffsystem.32
                0x00000000c0008494                ff_memalloc
                0x00000000c00084aa                ff_memfree
 .text          0x00000000c00084c1      0x253 fs/fat/ffunicode.32
                0x00000000c00084c1                ff_uni2oem
                0x00000000c0008551                ff_oem2uni
                0x00000000c00085bd                ff_wtoupper
 .text          0x00000000c0008714      0x8fb hal/libresample/samplerate.32
                0x00000000c0008758                src_delete
                0x00000000c0008794                src_process
                0x00000000c000894a                src_callback_read
                0x00000000c0008ac7                src_set_ratio
                0x00000000c0008b31                src_get_channels
                0x00000000c0008b53                src_reset
                0x00000000c0008b9f                src_new
                0x00000000c0008c2d                src_callback_new
                0x00000000c0008c8f                src_get_name
                0x00000000c0008cc6                src_get_description
                0x00000000c0008cfd                src_get_version
                0x00000000c0008d03                src_is_valid_ratio
                0x00000000c0008d57                src_error
                0x00000000c0008d65                src_strerror
                0x00000000c0008d78                src_simple
                0x00000000c0008dcb                src_short_to_float_array
                0x00000000c0008e30                src_float_to_short_array
                0x00000000c0008eef                src_int_to_float_array
                0x00000000c0008f52                src_float_to_int_array
 .text          0x00000000c000900f      0x8cb hal/libresample/src_linear.32
                0x00000000c0009835                linear_get_name
                0x00000000c0009844                linear_get_description
                0x00000000c0009853                linear_set_converter
 .text          0x00000000c00098da     0x447c hal/libresample/src_sinc.32
                0x00000000c000dc6d                sinc_get_name
                0x00000000c000dc80                sinc_get_description
                0x00000000c000dc93                sinc_set_converter
 .text          0x00000000c000dd56      0x77c hal/libresample/src_zoh.32
                0x00000000c000e42d                zoh_get_name
                0x00000000c000e43c                zoh_get_description
                0x00000000c000e44b                zoh_set_converter
 .text          0x00000000c000e4d2       0x23 compat/inlines.32
                0x00000000c000e4d2                CPU::current()
                0x00000000c000e4df                operator new(unsigned long)
 .text          0x00000000c000e4f5      0x111 compat/resolve.32
                0x00000000c000e4f5                Krnl::resolveCompatibilitySymbol(char*)
 .text          0x00000000c000e606      0xa17 core/computer.32
                0x00000000c000e606                Computer::close(int, int, void*)
                0x00000000c000e64a                Krnl::firstTask()
                0x00000000c000e73a                Computer::Computer()
                0x00000000c000e73a                Computer::Computer()
                0x00000000c000e896                Computer::setBootMessage(char const*)
                0x00000000c000e898                Computer::detectFeatures()
                0x00000000c000eaa2                Computer::displayFeatures()
                0x00000000c000ede8                Computer::rdmsr(unsigned int)
                0x00000000c000ee14                Computer::wrmsr(unsigned int, unsigned long long)
                0x00000000c000ee4c                Computer::nmiEnabled()
                0x00000000c000ee58                Computer::readCMOS(unsigned char)
                0x00000000c000ee72                Computer::enableNMI(bool)
                0x00000000c000ee8a                Computer::open(int, int, void*)
                0x00000000c000ef60                Computer::disableNMI()
                0x00000000c000ef6e                Computer::writeCMOS(unsigned char, unsigned char)
                0x00000000c000ef8c                Computer::handleNMI()
                0x00000000c000eff2                Computer::setDiskActivityLight(int, bool)
 *fill*         0x00000000c000f01d        0x1 
 .text          0x00000000c000f01e      0x1b7 core/gdt.32
                0x00000000c000f01e                GDTEntry::setBase(unsigned int)
                0x00000000c000f03a                GDTEntry::setLimit(unsigned int)
                0x00000000c000f058                GDT::GDT()
                0x00000000c000f058                GDT::GDT()
                0x00000000c000f06e                GDT::addEntry(GDTEntry)
                0x00000000c000f0aa                GDT::getNumberOfEntries()
                0x00000000c000f0b2                GDT::flush()
                0x00000000c000f0d4                GDT::setup()
 .text          0x00000000c000f1d5       0x62 core/idle.32
                0x00000000c000f1d5                idleFunction(void*)
 *fill*         0x00000000c000f237        0x1 
 .text          0x00000000c000f238      0x45f core/idt.32
                0x00000000c000f238                IDTEntry::IDTEntry(bool)
                0x00000000c000f238                IDTEntry::IDTEntry(bool)
                0x00000000c000f2a6                IDTEntry::setOffset(unsigned int)
                0x00000000c000f2ba                IDT::IDT()
                0x00000000c000f2ba                IDT::IDT()
                0x00000000c000f2bc                IDT::getPointerToInvalidOpcodeEntryForF00F()
                0x00000000c000f2c4                IDT::addEntry(IDTEntry, int)
                0x00000000c000f2de                IDT::addEntry(int, void (*)(), bool)
                0x00000000c000f316                IDT::flush()
                0x00000000c000f330                IDT::setup()
 .text          0x00000000c000f697      0x206 core/kheap.32
                0x00000000c000f697                sbrk
                0x00000000c000f7a5                mmap
                0x00000000c000f7bb                munmap
                0x00000000c000f7d1                liballoc_lock()
                0x00000000c000f7e2                liballoc_unlock()
                0x00000000c000f7f3                liballoc_alloc(int)
                0x00000000c000f811                liballoc_free(void*, int)
                0x00000000c000f82f                realloc
                0x00000000c000f843                malloc
                0x00000000c000f853                free
                0x00000000c000f863                rfree
                0x00000000c000f873                calloc
 .text          0x00000000c000f89d      0x485 core/main.32
                0x00000000c000f89d                hwTextMode_loadInData(VgaText*)
                0x00000000c000f8e8                hwTextMode_loadInTitle(VgaText*, char*)
                0x00000000c000f966                hwTextMode_showCursor(VgaText*, bool)
                0x00000000c000f9c4                hwTextMode_update(VgaText*)
                0x00000000c000f9c5                hwTextMode_updateCursor(VgaText*)
                0x00000000c000fa16                hwTextMode_disableBlink(VgaText*, bool)
                0x00000000c000fa5c                hwTextMode_scrollScreen(VgaText*)
                0x00000000c000fb09                hwTextMode_writeCharacter(VgaText*, char, VgaColour, VgaColour, int, int)
                0x00000000c000fb8b                setupTextMode()
                0x00000000c000fbfb                kernel_main
 .text          0x00000000c000fd22      0x5a6 core/physmgr.32
                0x00000000c000fd22                Phys::allocateDMA(unsigned long)
                0x00000000c000fdc5                Phys::freeDMA(unsigned long, unsigned long)
                0x00000000c000fe0d                Phys::setPageState(unsigned long, bool)
                0x00000000c000fe3f                Phys::getPageState(unsigned long)
                0x00000000c000fe5b                Phys::freePage(unsigned long)
                0x00000000c000fee5                Phys::allocatePage()
                0x00000000c0010006                Phys::allocateContiguousPages(int)
                0x00000000c0010060                Phys::allowSegmentToBeUsed(unsigned long, unsigned long)
                0x00000000c0010098                Phys::physicalMemorySetup(unsigned int)
 .text          0x00000000c00102c8      0x273 core/pipe.32
                0x00000000c00102c8                Pipe::isAtty()
                0x00000000c00102cc                Pipe::~Pipe()
                0x00000000c00102cc                Pipe::~Pipe()
                0x00000000c00102f0                Pipe::~Pipe()
                0x00000000c0010318                Pipe::read(unsigned long long, void*, int*)
                0x00000000c001040c                Pipe::write(unsigned long long, void*, int*)
                0x00000000c00104d4                Pipe::Pipe(int)
                0x00000000c00104d4                Pipe::Pipe(int)
 *fill*         0x00000000c001053b        0x1 
 .text          0x00000000c001053c      0xf73 core/terminal.32
                0x00000000c001053c                VgaText::isAtty()
                0x00000000c0010540                VgaText::~VgaText()
                0x00000000c0010540                VgaText::~VgaText()
                0x00000000c0010564                VgaText::~VgaText()
                0x00000000c001058e                VgaText::read(unsigned long long, void*, int*)
                0x00000000c00105ae                setTerminalScrollLock(bool)
                0x00000000c00105af                addToTerminalCycle(VgaText*)
                0x00000000c00105dc                installVgaTextImplementation()
                0x00000000c00105f1                scrollTerminalScrollLock(int)
                0x00000000c00105f2                VgaText::load()
                0x00000000c0010646                VgaText::updateCursor()
                0x00000000c0010660                VgaText::showCursor(bool)
                0x00000000c0010670                VgaText::disableBlink(bool)
                0x00000000c00106aa                VgaText::doANSI_SGR(int)
                0x00000000c0010736                VgaText::setDefaultBgColour(VgaColour)
                0x00000000c001074c                VgaText::setDefaultFgColour(VgaColour)
                0x00000000c0010762                VgaText::setDefaultColours(VgaColour, VgaColour)
                0x00000000c0010782                VgaText::combineColours(unsigned char, unsigned char)
                0x00000000c0010794                VgaText::scrollScreen()
                0x00000000c0010828                VgaText::combineCharAndColour(char, unsigned char)
                0x00000000c001083a                VgaText::writeCharacter(char, VgaColour, VgaColour, int, int)
                0x00000000c001089a                VgaText::getCursorX()
                0x00000000c00108a6                VgaText::getCursorY()
                0x00000000c00108b2                VgaText::setCursor(int, int)
                0x00000000c00108d0                VgaText::setCursorX(int)
                0x00000000c00108ec                VgaText::setCursorY(int)
                0x00000000c0010908                VgaText::incrementCursor(bool)
                0x00000000c0010970                VgaText::updateRAMUsageDisplay(int)
                0x00000000c00109d4                VgaText::updateDiskUsage()
                0x00000000c0010b3e                VgaText::updateTitle()
                0x00000000c0010b84                VgaText::setTitleTextColour(VgaColour)
                0x00000000c0010b94                VgaText::setTitleColour(VgaColour)
                0x00000000c0010ba4                VgaText::setTitle(char*)
                0x00000000c0010bca                VgaText::decrementCursor(bool)
                0x00000000c0010bf2                VgaText::putchar(char, VgaColour, VgaColour)
                0x00000000c0010cee                VgaText::isShowingCursor()
                0x00000000c0010cfa                VgaText::isBlinkDisabled()
                0x00000000c0010d08                VgaText::setCursorHeight(int)
                0x00000000c0010d26                VgaText::getCursorHeight()
                0x00000000c0010d31                setActiveTerminal(VgaText*)
                0x00000000c0010de3                doTerminalCycle()
                0x00000000c0010e00                VgaText::doUpdate()
                0x00000000c0010e12                VgaText::puts(char const*, VgaColour, VgaColour)
                0x00000000c0010fd2                VgaText::clearScreen()
                0x00000000c0011036                VgaText::putchar(char)
                0x00000000c0011150                VgaText::puts(char const*)
                0x00000000c0011176                VgaText::putx(unsigned int)
                0x00000000c00111bc                VgaText::VgaText(char const*)
                0x00000000c00111bc                VgaText::VgaText(char const*)
                0x00000000c001134e                VgaText::receiveKey(unsigned char)
                0x00000000c0011436                VgaText::write(unsigned long long, void*, int*)
                0x00000000c001148a                newTerminal(char*)
 *fill*         0x00000000c00114af        0x1 
 .text          0x00000000c00114b0      0x1b3 core/tss.32
                0x00000000c00114b0                TSS::TSS()
                0x00000000c00114b0                TSS::TSS()
                0x00000000c00114be                TSS::setESP(unsigned long)
                0x00000000c00114d0                TSS::flush()
                0x00000000c00114f0                TSS::setup(unsigned long, unsigned long)
 *fill*         0x00000000c0011663        0x1 
 .text          0x00000000c0011664      0x4c2 core/unixfile.32
                0x00000000c0011664                ReservedFilename::read(unsigned long long, void*, int*)
                0x00000000c00116ba                ReservedFilename::isAtty()
                0x00000000c00116d6                ReservedFilename::write(unsigned long long, void*, int*)
                0x00000000c0011734                UnixFile::getFileDescriptor()
                0x00000000c001173c                UnixFile::UnixFile(int)
                0x00000000c001173c                UnixFile::UnixFile(int)
                0x00000000c00118ec                ReservedFilename::ReservedFilename(int)
                0x00000000c00118ec                ReservedFilename::ReservedFilename(int)
                0x00000000c001191e                UnixFile::~UnixFile()
                0x00000000c001191e                UnixFile::~UnixFile()
                0x00000000c00119b6                UnixFile::~UnixFile()
                0x00000000c00119de                ReservedFilename::~ReservedFilename()
                0x00000000c00119de                ReservedFilename::~ReservedFilename()
                0x00000000c0011a02                ReservedFilename::~ReservedFilename()
                0x00000000c0011a29                getFromFileDescriptor(int)
 .text          0x00000000c0011b26     0x134a core/virtmgr.32
                0x00000000c0011b26                Virt::setPageState(unsigned long, Virt::VirtPageState)
                0x00000000c0011b5b                Virt::getPageState(unsigned long)
                0x00000000c0011b7f                Virt::allocateKernelVirtualPages(int)
                0x00000000c0011c90                Virt::freeSwapfilePage(unsigned long)
                0x00000000c0011cae                Virt::swapIDToSector(unsigned long)
                0x00000000c0011cc0                Virt::allocateSwapfilePage()
                0x00000000c0011d3e                Virt::virtualMemorySetup()
                0x00000000c0011dbd                Virt::swappingSetup()
                0x00000000c0011e1a                Virt::getAKernelVAS()
                0x00000000c0011e20                Virt::setupPageSwapping(int)
                0x00000000c0011f50                VAS::VAS()
                0x00000000c0011f50                VAS::VAS()
                0x00000000c0011f8c                VAS::VAS(VAS*)
                0x00000000c0011f8c                VAS::VAS(VAS*)
                0x00000000c0011fba                VAS::getForeignPageTableEntry(bool, unsigned long)
                0x00000000c0011fe6                VAS::getPageTableEntry(unsigned long)
                0x00000000c0012005                Virt::freeKernelVirtualPages(unsigned long)
                0x00000000c0012128                VAS::freeAllocatedPages(unsigned long)
                0x00000000c001214c                VAS::virtualToPhysical(unsigned long)
                0x00000000c0012164                VAS::reflagRange(unsigned long, int, int, int)
                0x00000000c00121a4                VAS::setToWriteCombining(unsigned long, int)
                0x00000000c00121d6                VAS::mapOtherVASIn(bool, VAS*)
                0x00000000c0012200                VAS::~VAS()
                0x00000000c0012200                VAS::~VAS()
                0x00000000c001236c                VAS::mapPage(unsigned long, unsigned long, int)
                0x00000000c001246c                VAS::allocatePages(int, int)
                0x00000000c0012644                VAS::setCPUSpecific(unsigned long)
                0x00000000c0012660                VAS::mapRange(unsigned long, unsigned long, int, int)
                0x00000000c0012726                VAS::mapForeignPage(bool, VAS*, unsigned long, unsigned long, int)
                0x00000000c0012814                VAS::VAS(bool)
                0x00000000c0012814                VAS::VAS(bool)
                0x00000000c0012a7a                VAS::evict(unsigned long)
                0x00000000c0012b16                VAS::tryLoadBackOffDisk(unsigned long)
                0x00000000c0012cbe                VAS::scanForEviction()
                0x00000000c0012db4                mapVASFirstTime
 .text          0x00000000c0012e70       0x95 coreobjs/c++.32
                0x00000000c0012e70                __cxa_atexit
                0x00000000c0012e73                __cxa_finalize
                0x00000000c0012e74                __stack_chk_fail
                0x00000000c0012ee0                __cxa_pure_virtual
                0x00000000c0012ef1                operator new[](unsigned long)
                0x00000000c0012ef6                operator delete(void*, unsigned long)
                0x00000000c0012efb                operator delete[](void*)
                0x00000000c0012f00                operator delete[](void*, unsigned long)
 .text          0x00000000c0012f05      0x1ef dbg/kconsole.32
                0x00000000c0012f05                Dbg::stringifyxWithBase(unsigned int, char*, int)
                0x00000000c0012f66                Dbg::logc(char)
                0x00000000c0012f7d                Dbg::logs(char*)
                0x00000000c0012f9a                Dbg::logWriteInt(unsigned int)
                0x00000000c0012fb7                Dbg::logWriteIntBase(unsigned int, int)
                0x00000000c0012fd6                Dbg::kprintf(char const*, ...)
 .text          0x00000000c00130f4      0xb7c fs/vfs.32
                0x00000000c00130f4                File::read(unsigned long long, void*, int*)
                0x00000000c001314c                File::write(unsigned long long, void*, int*)
                0x00000000c00131a4                Directory::read(unsigned long long, void*, int*)
                0x00000000c00131fc                Directory::write(unsigned long long, void*, int*)
                0x00000000c001322a                File::isAtty()
                0x00000000c001322e                Directory::isAtty()
                0x00000000c0013232                Filesystem::getlabel(LogicalDisk*, int, char*, unsigned int*)
                0x00000000c0013238                Filesystem::setlabel(LogicalDisk*, int, char*)
                0x00000000c001323e                File::~File()
                0x00000000c001323e                File::~File()
                0x00000000c0013262                File::~File()
                0x00000000c001328c                Directory::~Directory()
                0x00000000c001328c                Directory::~Directory()
                0x00000000c00132b0                Directory::~Directory()
                0x00000000c00132da                Filesystem::Filesystem()
                0x00000000c00132da                Filesystem::Filesystem()
                0x00000000c00132fe                Filesystem::~Filesystem()
                0x00000000c00132fe                Filesystem::~Filesystem()
                0x00000000c001330c                Filesystem::~Filesystem()
                0x00000000c0013330                Fs::getcwd(Process*, char*, int)
                0x00000000c001335a                Fs::initVFS()
                0x00000000c0013384                Fs::standardiseFiles(char*, char const*, char const*)
                0x00000000c001352e                File::File(char const*, Process*)
                0x00000000c001352e                File::File(char const*, Process*)
                0x00000000c0013592                File::open(FileOpenMode)
                0x00000000c00135f0                File::close()
                0x00000000c0013650                File::seek(unsigned long long)
                0x00000000c00136a6                File::tell(unsigned long long*)
                0x00000000c00136f6                File::rewind()
                0x00000000c001370a                File::unlink()
                0x00000000c0013756                File::rename(char const*)
                0x00000000c00137a4                File::chfatattr(unsigned char, unsigned char)
                0x00000000c0013800                File::exists()
                0x00000000c001383e                File::stat(unsigned long long*, bool*)
                0x00000000c001389f                Fs::setcwd(Process*, char*)
                0x00000000c00139da                Directory::Directory(char const*, Process*)
                0x00000000c00139da                Directory::Directory(char const*, Process*)
                0x00000000c0013a3e                Directory::open()
                0x00000000c0013a9a                Directory::close()
                0x00000000c0013afa                Directory::unlink()
                0x00000000c0013b46                Directory::rename(char const*)
                0x00000000c0013b94                Directory::exists()
                0x00000000c0013bd2                Directory::read(dirent*)
                0x00000000c0013c1e                Directory::create()
                0x00000000c0013c6a                Filesystem::chfatattr(char const*, unsigned char, unsigned char)
 .text          0x00000000c0013c70       0x84 hal/bus.32
                0x00000000c0013c70                Bus::Bus(char const*)
                0x00000000c0013c70                Bus::Bus(char const*)
                0x00000000c0013ca6                Bus::~Bus()
                0x00000000c0013ca6                Bus::~Bus()
                0x00000000c0013cca                Bus::~Bus()
 .text          0x00000000c0013cf4      0x14e hal/buzzer.32
                0x00000000c0013cf4                Buzzer::Buzzer(char const*)
                0x00000000c0013cf4                Buzzer::Buzzer(char const*)
                0x00000000c0013d38                Buzzer::~Buzzer()
                0x00000000c0013d38                Buzzer::~Buzzer()
                0x00000000c0013d5c                Buzzer::~Buzzer()
                0x00000000c0013d86                Buzzer::stop()
                0x00000000c0013d99                beepThread(void*)
                0x00000000c0013dd4                Buzzer::beep(int, int, bool)
 .text          0x00000000c0013e42      0x467 hal/clock.32
                0x00000000c0013e42                User::loadClockSettings(int)
                0x00000000c0013e94                Clock::Clock(char const*)
                0x00000000c0013e94                Clock::Clock(char const*)
                0x00000000c0013eca                Clock::~Clock()
                0x00000000c0013eca                Clock::~Clock()
                0x00000000c0013eee                Clock::~Clock()
                0x00000000c0013f18                Clock::timeInSecondsLocal()
                0x00000000c0013f60                Clock::setTimeInSecondsLocal(unsigned long long)
                0x00000000c0013fb9                datetimeToSeconds(datetime_t)
                0x00000000c00140e0                Clock::setTimeInDatetimeLocal(datetime_t)
                0x00000000c0014140                secondsToDatetime(unsigned long long)
                0x00000000c0014284                Clock::timeInDatetimeLocal()
 *fill*         0x00000000c00142a9        0x1 
 .text          0x00000000c00142aa      0x4de hal/device.32
                0x00000000c00142aa                Device::hibernate()
                0x00000000c00142ac                Device::wake()
                0x00000000c00142ae                Device::detect()
                0x00000000c00142b0                Device::disableLegacy()
                0x00000000c00142b2                Device::powerSaving(PowerSavingLevel)
                0x00000000c00142b4                DriverlessDevice::close(int, int, void*)
                0x00000000c00142b8                DriverlessDevice::detect()
                0x00000000c00142ba                DriverlessDevice::open(int, int, void*)
                0x00000000c00142ce                Device::~Device()
                0x00000000c00142ce                Device::~Device()
                0x00000000c00142dc                Device::~Device()
                0x00000000c0014304                Device::findAndLoadDriver()
                0x00000000c0014306                Device::preOpenPCI(PCIDeviceInfo)
                0x00000000c001432c                Device::preOpenACPI(void*, char*, char*)
                0x00000000c0014380                Device::addIRQHandler(int, void (*)(regs*, void*), bool, void*)
                0x00000000c00143be                Device::removeIRQHandler(int, void (*)(regs*, void*), bool)
                0x00000000c00143fc                Device::addChild(Device*)
                0x00000000c0014440                Device::removeAllChildren()
                0x00000000c0014486                Device::hibernateAll()
                0x00000000c00144b6                Device::wakeAll()
                0x00000000c00144e6                Device::detectAll()
                0x00000000c0014516                Device::disableLegacyAll()
                0x00000000c0014546                Device::loadDriversForAll()
                0x00000000c0014572                Device::closeAll()
                0x00000000c00145a8                Device::powerSavingAll(PowerSavingLevel)
                0x00000000c00145de                Device::setName(char const*)
                0x00000000c00145ec                Device::Device(char const*)
                0x00000000c00145ec                Device::Device(char const*)
                0x00000000c00146e8                Device::getName()
                0x00000000c00146f2                DriverlessDevice::DriverlessDevice(char const*)
                0x00000000c00146f2                DriverlessDevice::DriverlessDevice(char const*)
                0x00000000c001471a                Device::addToLinkedList(LinkedList<Device>&, DeviceType)
                0x00000000c001475e                getDevicesOfType(DeviceType)
 .text          0x00000000c0014788       0x84 hal/diskctrl.32
                0x00000000c0014788                HardDiskController::HardDiskController(char const*)
                0x00000000c0014788                HardDiskController::HardDiskController(char const*)
                0x00000000c00147be                HardDiskController::~HardDiskController()
                0x00000000c00147be                HardDiskController::~HardDiskController()
                0x00000000c00147e2                HardDiskController::~HardDiskController()
 .text          0x00000000c001480c       0xf2 hal/diskphys.32
                0x00000000c001480c                PhysicalDisk::eject()
                0x00000000c0014820                PhysicalDisk::PhysicalDisk(char const*, int)
                0x00000000c0014820                PhysicalDisk::PhysicalDisk(char const*, int)
                0x00000000c0014888                PhysicalDisk::startCache()
                0x00000000c00148b0                PhysicalDisk::~PhysicalDisk()
                0x00000000c00148b0                PhysicalDisk::~PhysicalDisk()
                0x00000000c00148d4                PhysicalDisk::~PhysicalDisk()
 .text          0x00000000c00148fe      0x13b hal/fpu.32
                0x00000000c00148fe                FPU::FPU(char const*)
                0x00000000c00148fe                FPU::FPU(char const*)
                0x00000000c0014934                FPU::~FPU()
                0x00000000c0014934                FPU::~FPU()
                0x00000000c0014958                FPU::~FPU()
                0x00000000c0014982                setupFPU()
 *fill*         0x00000000c0014a39        0x1 
 .text          0x00000000c0014a3a     0x13c3 hal/intctrl.32
                0x00000000c0014a3a                InterruptController::uninstallISRHandler(int, void (*)(regs*, void*))
                0x00000000c0014a72                InterruptController::installISRHandler(int, void (*)(regs*, void*), void*)
                0x00000000c0014ac4                doubleFault(regs*, void*)
                0x00000000c0014ade                InterruptController::installIRQHandler(int, void (*)(regs*, void*), bool, void*)
                0x00000000c0014b7a                InterruptController::clearAllHandlers(int, bool)
                0x00000000c0014c22                InterruptController::uninstallIRQHandler(int, void (*)(regs*, void*), bool)
                0x00000000c0014ca9                nmiHandler(regs*, void*)
                0x00000000c0014cb7                int_handler
                0x00000000c0014d58                InterruptController::InterruptController(char const*)
                0x00000000c0014d58                InterruptController::InterruptController(char const*)
                0x00000000c0014dfe                InterruptController::~InterruptController()
                0x00000000c0014dfe                InterruptController::~InterruptController()
                0x00000000c0014e22                InterruptController::~InterruptController()
                0x00000000c0014e4c                displayDebugInfo(regs*)
                0x00000000c00152db                x87EmulHandler(regs*, void*)
                0x00000000c001530a                gpFault(regs*, void*)
                0x00000000c0015343                pgFault(regs*, void*)
                0x00000000c001539b                otherISRHandler(regs*, void*)
                0x00000000c00153ba                opcodeFault(regs*, void*)
                0x00000000c00159c0                displayProgramFault(char const*)
                0x00000000c00159e8                setupInterruptController()
                0x00000000c0015db0                InterruptController::convertLegacyIRQNumber(int)
 *fill*         0x00000000c0015dfd        0x1 
 .text          0x00000000c0015dfe      0x6c8 hal/keybrd.32
                0x00000000c0015dfe                startGUI(void*)
                0x00000000c0015e5a                startGUIVESA(void*)
                0x00000000c0015eb6                sendKeyToTerminal(unsigned char)
                0x00000000c0015f22                sendKeyboardToken(KeyboardToken)
                0x00000000c001635f                clearInternalKeybuffer(VgaText*)
                0x00000000c0016394                readKeyboard(VgaText*, char*, unsigned long)
                0x00000000c001643c                Keyboard::Keyboard(char const*)
                0x00000000c001643c                Keyboard::Keyboard(char const*)
                0x00000000c0016478                Keyboard::~Keyboard()
                0x00000000c0016478                Keyboard::~Keyboard()
                0x00000000c001649c                Keyboard::~Keyboard()
 .text          0x00000000c00164c6      0x414 hal/logidisk.32
                0x00000000c00164c6                LogicalDisk::close(int, int, void*)
                0x00000000c00164ca                LogicalDisk::~LogicalDisk()
                0x00000000c00164ca                LogicalDisk::~LogicalDisk()
                0x00000000c00164ee                LogicalDisk::~LogicalDisk()
                0x00000000c0016518                LogicalDisk::open(int, int, void*)
                0x00000000c001652c                LogicalDisk::absoluteToRelative(unsigned long long)
                0x00000000c0016564                LogicalDisk::relativeToAbsolute(unsigned long long)
                0x00000000c00165aa                LogicalDisk::LogicalDisk(char const*, PhysicalDisk*, unsigned long long, unsigned long long)
                0x00000000c00165aa                LogicalDisk::LogicalDisk(char const*, PhysicalDisk*, unsigned long long, unsigned long long)
                0x00000000c0016660                LogicalDisk::assignDriveLetter()
                0x00000000c0016716                LogicalDisk::mount()
                0x00000000c0016788                LogicalDisk::unmount()
                0x00000000c0016798                LogicalDisk::eject()
                0x00000000c00167ac                LogicalDisk::unassignDriveLetter()
                0x00000000c0016802                LogicalDisk::read(unsigned long long, int, void*)
                0x00000000c001686e                LogicalDisk::write(unsigned long long, int, void*)
 .text          0x00000000c00168da       0x84 hal/mouse.32
                0x00000000c00168da                Mouse::Mouse(char const*)
                0x00000000c00168da                Mouse::Mouse(char const*)
                0x00000000c0016910                Mouse::~Mouse()
                0x00000000c0016910                Mouse::~Mouse()
                0x00000000c0016934                Mouse::~Mouse()
 .text          0x00000000c001695e      0x34d hal/partition.32
                0x00000000c001695e                makePartition(PhysicalDisk*, unsigned long long, unsigned long long)
                0x00000000c0016a1a                createPartitionsForDisk(PhysicalDisk*)
 *fill*         0x00000000c0016cab        0x1 
 .text          0x00000000c0016cac       0x84 hal/serial.32
                0x00000000c0016cac                Serial::Serial(char const*)
                0x00000000c0016cac                Serial::Serial(char const*)
                0x00000000c0016ce2                Serial::~Serial()
                0x00000000c0016ce2                Serial::~Serial()
                0x00000000c0016d06                Serial::~Serial()
 .text          0x00000000c0016d30      0x2b8 hal/timer.32
                0x00000000c0016d30                Timer::Timer(char const*)
                0x00000000c0016d30                Timer::Timer(char const*)
                0x00000000c0016d66                Timer::~Timer()
                0x00000000c0016d66                Timer::~Timer()
                0x00000000c0016d8a                Timer::~Timer()
                0x00000000c0016db4                Timer::read()
                0x00000000c0016dbf                timerHandler(unsigned long long)
                0x00000000c0016ef6                setupTimer(int)
 .text          0x00000000c0016fe8      0x425 hal/vcache.32
                0x00000000c0016fe8                VCache::VCache(PhysicalDisk*)
                0x00000000c0016fe8                VCache::VCache(PhysicalDisk*)
                0x00000000c0017150                VCache::invalidateReadBuffer()
                0x00000000c0017160                VCache::writeWriteBuffer()
                0x00000000c001719c                VCache::~VCache()
                0x00000000c001719c                VCache::~VCache()
                0x00000000c00171f0                VCache::~VCache()
                0x00000000c0017218                VCache::write(unsigned long long, int, void*)
                0x00000000c001730e                VCache::read(unsigned long long, int, void*)
 *fill*         0x00000000c001740d        0x1 
 .text          0x00000000c001740e      0x4cd hal/video.32
                0x00000000c001740e                Video::putrect(int, int, int, int, unsigned int)
                0x00000000c001745a                Video::bitblit(int, int, int, int, int, int, int, unsigned int*)
                0x00000000c00174ca                Video::blit(unsigned int*, int, int, int, int)
                0x00000000c0017548                Video::clearScreen(unsigned int)
                0x00000000c001757c                Video::putpixel(int, int, unsigned int)
                0x00000000c001758a                Video::Video(char const*)
                0x00000000c001758a                Video::Video(char const*)
                0x00000000c00175c0                Video::~Video()
                0x00000000c00175c0                Video::~Video()
                0x00000000c00175e4                Video::~Video()
                0x00000000c001760e                Video::isMonochrome()
                0x00000000c001761a                Video::getWidth()
                0x00000000c0017626                Video::getHeight()
                0x00000000c0017632                Video::drawCursor(int, int, unsigned char*, int)
                0x00000000c00176ee                Video::tgaParse(unsigned char*, int, int*, int*)
                0x00000000c0017870                Video::putTGA(int, int, unsigned char*, int)
 *fill*         0x00000000c00178db        0x1 
 .text          0x00000000c00178dc      0xf64 hw/acpi.32
                0x00000000c00178dc                ACPI::close(int, int, void*)
                0x00000000c0017991                findRSDP()
                0x00000000c0017a1b                loadACPITables(unsigned char*)
                0x00000000c0017c42                findRSDT(unsigned char*)
                0x00000000c0017d60                findDataTable(unsigned char*, char*)
                0x00000000c0017dfc                scanMADT()
                0x00000000c0018282                ACPI::ACPI()
                0x00000000c0018282                ACPI::ACPI()
                0x00000000c00182ec                ACPI::getPCIIRQAssignment(unsigned char, unsigned short, unsigned char)
                0x00000000c00183ce                ACPI::registerPCIIRQAssignment(void*, unsigned short, unsigned char, unsigned char)
                0x00000000c0018494                ACPI::setScreenBrightnessLevel(void*, int)
                0x00000000c001849a                ACPI::writeSimpleBootFlag(SimpleBootFlagTable*)
                0x00000000c00184e2                ACPI::open(int, int, void*)
                0x00000000c0018828                ACPI::sleep()
 .text          0x00000000c0018840     0x1715 hw/cpu.32
                0x00000000c0018840                CPU::close(int, int, void*)
                0x00000000c0018844                CPU::lookupAMDName(unsigned char, unsigned char)
                0x00000000c00189d8                CPU::lookupIntelName(unsigned char, unsigned char)
                0x00000000c0018c86                CPU::AMD_K6_write_msr(unsigned int, unsigned int, unsigned int, CPU::REGS*)
                0x00000000c0018ca2                CPU::AMD_K6_read_msr(unsigned int, CPU::REGS*)
                0x00000000c0018cba                CPU::AMD_K6_writeback(int, int, int)
                0x00000000c0018d2e                CPU::cpuid(int, unsigned long*, unsigned long*, unsigned long*, unsigned long*)
                0x00000000c0018db2                CPU::cpuidCheckEDX(unsigned int)
                0x00000000c0018de0                CPU::cpuidCheckECX(unsigned int)
                0x00000000c0018e0e                CPU::cpuidCheckExtendedEBX(unsigned int)
                0x00000000c0018e3c                CPU::cpuidCheckExtendedECX(unsigned int)
                0x00000000c0018e6a                CPU::CPU()
                0x00000000c0018e6a                CPU::CPU()
                0x00000000c0018ef8                CPU::displayFeatures()
                0x00000000c0019174                CPU::detectFeatures()
                0x00000000c0019b64                CPU::setupSMEP()
                0x00000000c0019b70                CPU::setupUMIP()
                0x00000000c0019b7a                CPU::setupTSC()
                0x00000000c0019b84                CPU::setupLargePages()
                0x00000000c0019b8e                CPU::setupPAT()
                0x00000000c0019bca                CPU::setupMTRR()
                0x00000000c0019bcc                CPU::setupGlobalPages()
                0x00000000c0019bd6                CPU::allowUsermodeDataAccess()
                0x00000000c0019be8                CPU::prohibitUsermodeDataAccess()
                0x00000000c0019bfa                CPU::setupSMAP()
                0x00000000c0019c08                CPU::setupFeatures()
                0x00000000c0019c88                CPU::open(int, int, void*)
                0x00000000c0019d5a                CPU::decodeAddress(regs*, int*, bool*, unsigned char*)
 .text          0x00000000c0019f55        0x0 hw/ports.32
 .text          0x00000000c0019f55      0x16a hw/smp.32
                0x00000000c0019f55                Krnl::smpEntry()
                0x00000000c0019f57                Krnl::startCPU(int)
                0x00000000c001a0a0                Krnl::startCPUs()
 *fill*         0x00000000c001a0bf        0x1 
 .text          0x00000000c001a0c0      0x5d3 krnl/env.32
                0x00000000c001a0c0                EnvVarContainer::getEnv(char const*)
                0x00000000c001a0fe                EnvVarContainer::setEnv(char const*, char const*)
                0x00000000c001a1ca                EnvVarContainer::deleteEnv(char const*)
                0x00000000c001a1cc                EnvVarContainer::loadFrom(char const*, char const*)
                0x00000000c001a3c2                EnvVarContainer::__loadSystem()
                0x00000000c001a3dc                EnvVarContainer::__loadUser()
                0x00000000c001a3de                EnvVarContainer::EnvVarContainer(Process*)
                0x00000000c001a3de                EnvVarContainer::EnvVarContainer(Process*)
                0x00000000c001a400                EnvVarContainer::~EnvVarContainer()
                0x00000000c001a400                EnvVarContainer::~EnvVarContainer()
                0x00000000c001a430                Krnl::getEnv(Process*, char const*)
                0x00000000c001a495                Krnl::setEnvSystem(char const*, char const*)
                0x00000000c001a4af                Krnl::setEnvUser(char const*, char const*)
                0x00000000c001a4ce                Krnl::setEnvProcess(Process*, char const*, char const*)
                0x00000000c001a4e1                Krnl::deleteEnvSystem(char const*)
                0x00000000c001a4e2                Krnl::deleteEnvUser(char const*)
                0x00000000c001a4e3                Krnl::deleteEnvProcess(Process*, char const*)
                0x00000000c001a4e4                Krnl::newProcessEnv(Process*)
                0x00000000c001a506                Krnl::copyProcessEnv(Process*, Process*)
                0x00000000c001a55a                Krnl::loadSystemEnv()
                0x00000000c001a588                Krnl::loadUserEnv()
                0x00000000c001a5ae                Krnl::flushEnv()
                0x00000000c001a5af                Krnl::getProcessTotalEnvCount(Process*)
                0x00000000c001a5cf                Krnl::getProcessEnvPair(Process*, int)
 .text          0x00000000c001a693      0x396 krnl/panic.32
                0x00000000c001a693                Krnl::panic(char const*)
 .text          0x00000000c001aa29      0x3b6 net/ethernet.32
                0x00000000c001aa29                Net::switchEndian16(unsigned short)
                0x00000000c001aa4a                Net::switchEndian32(unsigned int)
                0x00000000c001aa79                Net::crc32Calc(unsigned char*, int)
                0x00000000c001ab0a                Net::wrapEthernetFrame(Net::UnwrappedEthernetFrame, unsigned char*)
                0x00000000c001ac46                Net::unwrapEthernetFrame(unsigned char*, int)
 .text          0x00000000c001addf      0x513 reg/registry.32
                0x00000000c001addf                Reg::findLineFromLoadedData(char*, char*, char*)
                0x00000000c001af37                Reg::getLineFromRegistry(char*, char*, char*, char*)
                0x00000000c001b08c                Reg::getLine(char*, char*, char*)
                0x00000000c001b0c3                Reg::readInt(char*, char*, int*)
                0x00000000c001b1ae                Reg::readString(char*, char*, char*, int)
                0x00000000c001b22f                Reg::readBool(char*, char*, bool*)
                0x00000000c001b254                Reg::readBoolWithDefault(char*, char*, bool)
                0x00000000c001b280                Reg::readIntWithDefault(char*, char*, int)
                0x00000000c001b2ac                Reg::readStringWithDefault(char*, char*, char*, int, char*)
 .text          0x00000000c001b2f2       0x36 sys/sc_eject.32
                0x00000000c001b2f2                Sys::eject(regs*)
 .text          0x00000000c001b328       0x18 sys/sc_exit.32
                0x00000000c001b328                Sys::exit(regs*)
 .text          0x00000000c001b340       0x1f sys/sc_getcwd.32
                0x00000000c001b340                Sys::getCwd(regs*)
 .text          0x00000000c001b35f        0xc sys/sc_getpid.32
                0x00000000c001b35f                Sys::getPID(regs*)
 .text          0x00000000c001b36b       0x17 sys/sc_getramdata.32
                0x00000000c001b36b                Sys::getRAMData(regs*)
 .text          0x00000000c001b382       0xa8 sys/sc_loaddll.32
                0x00000000c001b382                Sys::loadDLL(regs*)
 .text          0x00000000c001b42a       0x68 sys/sc_read.32
                0x00000000c001b42a                Sys::read(regs*)
 .text          0x00000000c001b492       0x55 sys/sc_sbrk.32
                0x00000000c001b492                Sys::sbrk(regs*)
 .text          0x00000000c001b4e7       0x1c sys/sc_setcwd.32
                0x00000000c001b4e7                Sys::setCwd(regs*)
 .text          0x00000000c001b503      0x128 sys/sc_settime.32
                0x00000000c001b503                Sys::setTime(regs*)
 .text          0x00000000c001b62b       0x4a sys/sc_timezone.32
                0x00000000c001b62b                Sys::timezone(regs*)
 .text          0x00000000c001b675       0x68 sys/sc_write.32
                0x00000000c001b675                Sys::write(regs*)
 .text          0x00000000c001b6dd       0x62 sys/sc_wsbe.32
                0x00000000c001b6dd                Sys::wsbe(regs*)
 .text          0x00000000c001b73f       0x3b sys/sc_yield.32
                0x00000000c001b73f                Sys::yield(regs*)
 .text          0x00000000c001b77a     0x10e5 sys/syscalls.32
                0x00000000c001b77a                sysCallSeekDir(regs*)
                0x00000000c001b77f                sysCallTellDir(regs*)
                0x00000000c001b784                sysCallVerify(regs*)
                0x00000000c001b78e                sysFormatDisk(regs*)
                0x00000000c001b7f8                sysSetDiskVolumeLabel(regs*)
                0x00000000c001b83e                sysGetDiskVolumeLabel(regs*)
                0x00000000c001b88f                sysShutdown(regs*)
                0x00000000c001b8ed                sysCallRealpath(regs*)
                0x00000000c001b930                sysCallGetArgc(regs*)
                0x00000000c001b95e                sysCallReadDir(regs*)
                0x00000000c001b9ec                sysCallIsATTY(regs*)
                0x00000000c001ba46                sysCallSeek(regs*)
                0x00000000c001baaf                sysCallTell(regs*)
                0x00000000c001bb2c                sysCallSize(regs*)
                0x00000000c001bbaf                sysCallSizeFromFilename(regs*)
                0x00000000c001bc6f                sysCallClose(regs*)
                0x00000000c001bcf7                sysCallOpenDir(regs*)
                0x00000000c001bd6c                sysCallCloseDir(regs*)
                0x00000000c001bdd2                sysCallMakeDir(regs*)
                0x00000000c001be42                sysCallWait(regs*)
                0x00000000c001be5c                sysCallNotImpl(regs*)
                0x00000000c001be77                sysPanic(regs*)
                0x00000000c001be9d                sysCallRmdir(regs*)
                0x00000000c001bf01                sysCallUnlink(regs*)
                0x00000000c001bf65                sysCallGetArgv(regs*)
                0x00000000c001bfb1                sysCallTTYName(regs*)
                0x00000000c001c034                sysCallUSleep(regs*)
                0x00000000c001c05b                sysCallSpawn(regs*)
                0x00000000c001c0b3                sysCallGetEnv(regs*)
                0x00000000c001c1eb                sysAppSettings(regs*)
                0x00000000c001c30a                sysSetFatAttrib(regs*)
                0x00000000c001c37c                sysPipe(regs*)
                0x00000000c001c3c1                sysGetUnixTime(regs*)
                0x00000000c001c3d5                string_ends_with(char const*, char const*)
                0x00000000c001c41d                sysCallOpen(regs*)
                0x00000000c001c632                Sys::loadSyscalls()
                0x00000000c001c81d                Sys::systemCall(regs*, void*)
 .text          0x00000000c001c85f     0x11ef thr/elf.32
                0x00000000c001c85f                Thr::allocateMemoryForTask(Process*, File*, unsigned long, unsigned long, unsigned long)
                0x00000000c001caf1                Thr::loadProgramIntoMemory(Process*, char const*)
                0x00000000c001cd07                Thr::runtimeReferenceHelper()
                0x00000000c001cd1a                Thr::getAddressOfKernelSymbol(char const*)
                0x00000000c001cd69                Thr::loadKernelSymbolTable(char const*)
                0x00000000c001d027                Thr::loadDriverIntoMemory(char const*, unsigned long, bool)
                0x00000000c001d743                Thr::getDriverBaseFromAddress(unsigned long)
                0x00000000c001d775                Thr::getDriverNameFromAddress(unsigned long)
                0x00000000c001d7ac                Thr::getDriverOffsetFromAddress(unsigned long)
                0x00000000c001d7c6                Thr::loadDLL(char const*, bool)
                0x00000000c001da15                Thr::executeDLL(unsigned long, void*)
 .text          0x00000000c001da4e     0x1056 thr/prcssthr.32
                0x00000000c001da4e                changeTSS
                0x00000000c001da7e                Process::addArgs(char**)
                0x00000000c001dad8                Process::Process(char const*, Process*, char**)
                0x00000000c001dad8                Process::Process(char const*, Process*, char**)
                0x00000000c001dcbc                Process::Process(bool, char const*, Process*, char**)
                0x00000000c001dcbc                Process::Process(bool, char const*, Process*, char**)
                0x00000000c001de6b                disableIRQs()
                0x00000000c001de73                getIRQNestingLevel()
                0x00000000c001de79                enableIRQs()
                0x00000000c001de88                lockScheduler()
                0x00000000c001de8a                unlockScheduler()
                0x00000000c001de8c                userModeEntryPoint(void*)
                0x00000000c001deaf                lockStuff()
                0x00000000c001debb                taskStartupFunction
                0x00000000c001dec4                updateTimeUsed()
                0x00000000c001df29                switchToThread(ThreadControlBlock*)
                0x00000000c001df7a                Semaphore::Semaphore(int)
                0x00000000c001df7a                Semaphore::Semaphore(int)
                0x00000000c001dfa8                Mutex::Mutex()
                0x00000000c001dfa8                Mutex::Mutex()
                0x00000000c001dfba                Process::createThread(void (*)(void*), void*, int)
                0x00000000c001e09e                Process::createUserThread()
                0x00000000c001e0ba                setupMultitasking(void (*)())
                0x00000000c001e1c4                schedule()
                0x00000000c001e249                unlockStuff()
                0x00000000c001e27e                Semaphore::tryAcquire()
                0x00000000c001e2ac                Semaphore::assertLocked(char const*)
                0x00000000c001e2dc                blockTaskWithSchedulerLockAlreadyHeld(TaskState)
                0x00000000c001e31e                blockTask(TaskState)
                0x00000000c001e33f                waitTask(int, int*, int)
                0x00000000c001e381                nanoSleepUntil(unsigned long long)
                0x00000000c001e3d8                nanoSleep(unsigned long long)
                0x00000000c001e3ed                sleep(unsigned long long)
                0x00000000c001e40a                Semaphore::acquire()
                0x00000000c001e472                taskReturned
                0x00000000c001e4a0                unblockTask(ThreadControlBlock*)
                0x00000000c001e54f                cleanupTerminatedTask(ThreadControlBlock*)
                0x00000000c001e818                cleanerTaskFunction(void*)
                0x00000000c001e8cb                terminateTask(int)
                0x00000000c001e9ab                Thr::terminateFromIRQ(int)
                0x00000000c001e9b8                Semaphore::release()
 .text          0x00000000c001eaa4      0xc26 vm86/vm8086.32
                0x00000000c001eaa4                Vm::inbv(unsigned short)
                0x00000000c001eab7                Vm::outbv(unsigned short, unsigned char)
                0x00000000c001eb0a                Vm::realToLinear(unsigned short, unsigned short)
                0x00000000c001eb1a                Vm::getSegment(unsigned int)
                0x00000000c001eb22                Vm::getOffset(unsigned int)
                0x00000000c001eb27                Vm::mainloop2()
                0x00000000c001eb62                Vm::mainVm8086Loop(void*)
                0x00000000c001eb6f                Vm::mainloop3(unsigned long)
                0x00000000c001eb99                Vm::initialise8086()
                0x00000000c001ebdc                Vm::finish8086()
                0x00000000c001ec21                Vm::getOutput8086(unsigned char*)
                0x00000000c001ec4b                Vm::start8086(char const*, unsigned short, unsigned short, unsigned short, unsigned short)
                0x00000000c001ed9b                Vm::doISR(regs*, int, unsigned char*, unsigned short, unsigned short)
                0x00000000c001ee25                Vm::readByteFromReal(unsigned short, unsigned short)
                0x00000000c001ee36                Vm::readWordFromReal(unsigned short, unsigned short)
                0x00000000c001ee48                Vm::readDwordFromReal(unsigned short, unsigned short)
                0x00000000c001ee59                Vm::writeByteFromReal(unsigned short, unsigned short, unsigned char)
                0x00000000c001ee6e                Vm::writeWordFromReal(unsigned short, unsigned short, unsigned short)
                0x00000000c001ee84                Vm::writeDwordFromReal(unsigned short, unsigned short, unsigned int)
                0x00000000c001ee99                Vm::faultHandler(regs*)
 .text          0x00000000c001f6ca      0xefd vm86/x87em.32
                0x00000000c001f6ca                Vm::fpuInternalTo32(unsigned long long)
                0x00000000c001f725                Vm::fpuInternalTo64(unsigned long long)
                0x00000000c001f72e                Vm::fpu32ToInternal(unsigned int)
                0x00000000c001f773                Vm::fpu64ToInternal(unsigned long long)
                0x00000000c001f77c                Vm::fpuFloatToLong(unsigned long long)
                0x00000000c001f7d7                Vm::fpuULongToFloat(unsigned long long)
                0x00000000c001f80d                Vm::fpuLongToFloat(long long)
                0x00000000c001f863                Vm::fpuGet0()
                0x00000000c001f868                Vm::fpuGet1()
                0x00000000c001f870                Vm::fpuGetPi()
                0x00000000c001f878                Vm::fpuGetLog2E()
                0x00000000c001f890                Vm::fpuGetLogE2()
                0x00000000c001f8a8                Vm::fpuGetLog210()
                0x00000000c001f8c0                Vm::fpuGetLog102()
                0x00000000c001f8d8                Vm::fpuIsSecondLarger(unsigned long long, unsigned long long)
                0x00000000c001f8ec                Vm::fpuAreEqual(unsigned long long, unsigned long long)
                0x00000000c001f902                Vm::fpuUnorderedCompare(unsigned long long, unsigned long long)
                0x00000000c001f955                Vm::fpuAdd(unsigned long long, unsigned long long)
                0x00000000c001f966                Vm::fpuAbs(unsigned long long)
                0x00000000c001f96f                Vm::fpuChs(unsigned long long)
                0x00000000c001f97f                Vm::fpuSub(unsigned long long, unsigned long long)
                0x00000000c001f98e                Vm::fpuMultiply(unsigned long long, unsigned long long)
                0x00000000c001f9ad                Vm::fpuDivide(unsigned long long, unsigned long long)
                0x00000000c001f9c9                Vm::fpuSquare(unsigned long long)
                0x00000000c001f9df                Vm::fpuGetReg(int)
                0x00000000c001fa22                Vm::fpuSetReg(int, unsigned long long)
                0x00000000c001fa6d                Vm::fpuPush(unsigned long long)
                0x00000000c001faca                Vm::fpuPop()
                0x00000000c001fb1c                Vm::x87Handler(regs*)
 *fill*         0x00000000c00205c7        0x1 
 .text          0x00000000c00205c8     0x10ed fs/fat/vfslink.32
                0x00000000c00205c8                FAT::getName()
                0x00000000c00205ce                FAT::tell(void*, unsigned long long*)
                0x00000000c0020602                FAT::stat(void*, unsigned long long*)
                0x00000000c0020636                FAT::~FAT()
                0x00000000c0020636                FAT::~FAT()
                0x00000000c002065a                FAT::~FAT()
                0x00000000c0020682                FAT::getlabel(LogicalDisk*, int, char*, unsigned int*)
                0x00000000c0020720                FAT::setlabel(LogicalDisk*, int, char*)
                0x00000000c00207da                FAT::format(LogicalDisk*, int, char const*, int)
                0x00000000c00209be                FAT::tryMount(LogicalDisk*, int)
                0x00000000c0020bc4                FAT::readDir(void*, unsigned long, void*, int*)
                0x00000000c0020cca                FAT::read(void*, unsigned long, void*, int*)
                0x00000000c0020d24                FAT::write(void*, unsigned long, void*, int*)
                0x00000000c0020d7e                FAT::close(void*)
                0x00000000c0020dca                FAT::closeDir(void*)
                0x00000000c0020e16                FAT::seek(void*, unsigned long long)
                0x00000000c0020e6a                fatWrapperReadDisk
                0x00000000c0020eb1                fatWrapperWriteDisk
                0x00000000c0020ef8                fatWrapperIoctl
                0x00000000c0020ffc                FAT::FAT()
                0x00000000c0020ffc                FAT::FAT()
                0x00000000c002104e                FAT::fixFilepath(char*)
                0x00000000c0021086                FAT::open(char const*, void**, FileOpenMode)
                0x00000000c00211ae                FAT::openDir(char const*, void**)
                0x00000000c0021254                FAT::stat(char const*, unsigned long long*, bool*)
                0x00000000c002133e                FAT::unlink(char const*)
                0x00000000c00213b8                FAT::chfatattr(char const*, unsigned char, unsigned char)
                0x00000000c002150c                FAT::rename(char const*, char const*)
                0x00000000c00215d0                FAT::mkdir(char const*)
                0x00000000c002164a                FAT::exists(char const*)
 *fill*         0x00000000c00216b5        0x1 
 .text          0x00000000c00216b6      0xbc1 fs/iso9660/vfslink.32
                0x00000000c00216b6                ISO9660::format(LogicalDisk*, int, char const*, int)
                0x00000000c00216bc                ISO9660::seek(void*, unsigned long long)
                0x00000000c00216ec                ISO9660::tell(void*, unsigned long long*)
                0x00000000c0021710                ISO9660::getName()
                0x00000000c0021716                ISO9660::stat(void*, unsigned long long*)
                0x00000000c002173a                ISO9660::chfatattr(char const*, unsigned char, unsigned char)
                0x00000000c0021740                ISO9660::unlink(char const*)
                0x00000000c0021746                ISO9660::write(void*, unsigned long, void*, int*)
                0x00000000c002174c                ISO9660::rename(char const*, char const*)
                0x00000000c0021752                ISO9660::mkdir(char const*)
                0x00000000c0021758                ISO9660::close(void*)
                0x00000000c002177a                ISO9660::closeDir(void*)
                0x00000000c002179c                ISO9660::~ISO9660()
                0x00000000c002179c                ISO9660::~ISO9660()
                0x00000000c00217c0                ISO9660::~ISO9660()
                0x00000000c00217e7                __memmem(unsigned char*, int, unsigned char*, int)
                0x00000000c0021829                readSectorFromCDROM(unsigned int, unsigned char*, char)
                0x00000000c0021890                ISO9660::tryMount(LogicalDisk*, int)
                0x00000000c00218e0                ISO9660::read(void*, unsigned long, void*, int*)
                0x00000000c0021ae0                ISO9660::readDir(void*, unsigned long, void*, int*)
                0x00000000c0021d6d                readRoot(unsigned int*, unsigned int*, char)
                0x00000000c0021dc2                readRecursively(char*, unsigned int, unsigned int, unsigned int*, unsigned int*, char, int*)
                0x00000000c0021f95                getFileData(char*, unsigned int*, unsigned int*, char, int*)
                0x00000000c0022024                ISO9660::open(char const*, void**, FileOpenMode)
                0x00000000c00220e4                ISO9660::exists(char const*)
                0x00000000c0022108                ISO9660::stat(char const*, unsigned long long*, bool*)
                0x00000000c002219c                ISO9660::openDir(char const*, void**)
                0x00000000c0022254                ISO9660::ISO9660()
                0x00000000c0022254                ISO9660::ISO9660()
 *fill*         0x00000000c0022277        0x1 
 .text          0x00000000c0022278      0x326 hal/sound/sndchannel.32
                0x00000000c0022278                SoundChannel::~SoundChannel()
                0x00000000c0022278                SoundChannel::~SoundChannel()
                0x00000000c0022294                SoundChannel::setSpeed(float)
                0x00000000c00222a0                SoundChannel::getSpeed()
                0x00000000c00222a8                SoundChannel::setVolume(int)
                0x00000000c00222c4                SoundChannel::getVolume()
                0x00000000c00222cc                SoundChannel::pause()
                0x00000000c00222d6                SoundChannel::SoundChannel(int, int, int, int)
                0x00000000c00222d6                SoundChannel::SoundChannel(int, int, int, int)
                0x00000000c002242c                SoundChannel::play()
                0x00000000c0022436                SoundChannel::paused()
                0x00000000c002243e                SoundChannel::getSampleRate()
                0x00000000c0022446                SoundChannel::getBits()
                0x00000000c002244e                SoundChannel::getBufferUsed()
                0x00000000c0022456                SoundChannel::getBufferSize()
                0x00000000c002245e                SoundChannel::unbuffer(float*, int, int)
                0x00000000c00224fe                SoundChannel::buffer8(unsigned char*, int)
 .text          0x00000000c002259e      0x3d5 hal/sound/sndhw.32
                0x00000000c002259e                SoundDevice::SoundDevice(char const*)
                0x00000000c002259e                SoundDevice::SoundDevice(char const*)
                0x00000000c002260a                SoundDevice::~SoundDevice()
                0x00000000c002260a                SoundDevice::~SoundDevice()
                0x00000000c0022684                SoundDevice::~SoundDevice()
                0x00000000c00226ae                SoundDevice::getFreeChannelNum()
                0x00000000c00226c8                SoundDevice::addChannel(SoundChannel*)
                0x00000000c0022738                SoundDevice::removeChannel(int)
                0x00000000c002276a                SoundDevice::floatTo8(float*, unsigned char*, int)
                0x00000000c0022852                SoundDevice::getAudio(int, float*, float*)
 .text          0x00000000c0022973        0x0 hw/bus/isa.32
 *fill*         0x00000000c0022973        0x1 
 .text          0x00000000c0022974      0x6c3 hw/bus/pci.32
                0x00000000c0022974                PCI::open(int, int, void*)
                0x00000000c0022988                PCI::close(int, int, void*)
                0x00000000c002298c                PCI::PCI()
                0x00000000c002298c                PCI::PCI()
                0x00000000c0022a0c                PCI::pciReadWord(unsigned char, unsigned char, unsigned char, unsigned char)
                0x00000000c0022a54                PCI::getVendorID(unsigned char, unsigned char, unsigned char)
                0x00000000c0022a76                PCI::getHeaderType(unsigned char, unsigned char, unsigned char)
                0x00000000c0022a9a                PCI::getClassCode(unsigned char, unsigned char, unsigned char)
                0x00000000c0022ade                PCI::getProgIF(unsigned char, unsigned char, unsigned char)
                0x00000000c0022b02                PCI::getRevisionID(unsigned char, unsigned char, unsigned char)
                0x00000000c0022b24                PCI::getInterruptNumber(unsigned char, unsigned char, unsigned char)
                0x00000000c0022b46                PCI::getSecondaryBus(unsigned char, unsigned char, unsigned char)
                0x00000000c0022b6a                PCI::getBARAddress(unsigned char, unsigned char, unsigned char, unsigned char)
                0x00000000c0022bca                PCI::pciWriteWord(unsigned char, unsigned char, unsigned char, unsigned char, unsigned short)
                0x00000000c0022c36                PCI::checkBus(unsigned char)
                0x00000000c0022c5a                PCI::foundDevice(PCIDeviceInfo)
                0x00000000c0022dcc                PCI::getDeviceData(unsigned char, unsigned char, unsigned char)
                0x00000000c0022f78                PCI::checkDevice(unsigned char, unsigned char)
                0x00000000c0022fe4                PCI::detect()
 *fill*         0x00000000c0023037        0x1 
 .text          0x00000000c0023038      0xc70 hw/diskctrl/ide.32
                0x00000000c0023038                IDE::close(int, int, void*)
                0x00000000c002303c                IDE::IDE()
                0x00000000c002303c                IDE::IDE()
                0x00000000c0023070                IDE::prepareInterrupt(unsigned char)
                0x00000000c0023082                selectDrive(unsigned char, unsigned char)
                0x00000000c0023084                IDE::getBase(unsigned char)
                0x00000000c0023096                IDE::write(unsigned char, unsigned char, unsigned char)
                0x00000000c0023156                IDE::read(unsigned char, unsigned char)
                0x00000000c0023204                IDE::waitInterrupt(unsigned char)
                0x00000000c002326a                ideChannel0IRQHandler(regs*, void*)
                0x00000000c0023286                ideChannel1IRQHandler(regs*, void*)
                0x00000000c00232a2                IDE::enableIRQs(unsigned char, bool)
                0x00000000c00232e8                IDE::open(int, int, void*)
                0x00000000c00236f8                IDE::readBuffer(unsigned char, unsigned char, unsigned int, unsigned int)
                0x00000000c00237c4                IDE::detect()
                0x00000000c0023aac                IDE::printError(unsigned char, unsigned char, unsigned char)
                0x00000000c0023c42                IDE::polling(unsigned char, unsigned int)
 .text          0x00000000c0023ca8      0x390 hw/diskctrl/satabus.32
                0x00000000c0023ca8                SATABus::close(int, int, void*)
                0x00000000c0023cac                SATABus::detect()
                0x00000000c0023cae                SATABus::SATABus()
                0x00000000c0023cae                SATABus::SATABus()
                0x00000000c0023d5a                SATABus::findCmdslot(SATABus::tagHBA_PORT volatile*)
                0x00000000c0023da2                SATABus::checkType(SATABus::tagHBA_PORT volatile*)
                0x00000000c0023dea                SATABus::startCmd(SATABus::tagHBA_PORT volatile*)
                0x00000000c0023e0a                SATABus::stopCmd(SATABus::tagHBA_PORT volatile*)
                0x00000000c0023e34                SATABus::portRebase(SATABus::tagHBA_PORT volatile*, int)
                0x00000000c0023f3a                SATABus::probePort(SATABus::tagHBA_MEM volatile*)
                0x00000000c0024018                SATABus::open(int, int, void*)
 .text          0x00000000c0024038      0x63c hw/diskphys/ata.32
                0x00000000c0024038                ATA::close(int, int, void*)
                0x00000000c002405c                ATA::powerSaving(PowerSavingLevel)
                0x00000000c002405e                ATA::ATA()
                0x00000000c002405e                ATA::ATA()
                0x00000000c002408c                ATA::flush(bool)
                0x00000000c00240d6                ATA::readyForCommand()
                0x00000000c0024126                ATA::access(unsigned long long, int, void*, bool)
                0x00000000c00244ae                ATA::read(unsigned long long, int, void*)
                0x00000000c0024516                ATA::write(unsigned long long, int, void*)
                0x00000000c002457e                ATA::detectCHS()
                0x00000000c00245a8                ATA::open(int, int, void*)
 .text          0x00000000c0024674      0x5bd hw/diskphys/atapi.32
                0x00000000c0024674                ATAPI::write(unsigned long long, int, void*)
                0x00000000c002467a                ATAPI::close(int, int, void*)
                0x00000000c002469e                ATAPI::ATAPI()
                0x00000000c002469e                ATAPI::ATAPI()
                0x00000000c00246cc                ATAPI::readyForCommand()
                0x00000000c002471c                ATAPI::sendPacket(unsigned char*, int, bool, unsigned short*, int)
                0x00000000c00249dc                ATAPI::diskRemoved()
                0x00000000c00249f8                ATAPI::eject()
                0x00000000c0024a40                ATAPI::diskInserted()
                0x00000000c0024a6e                ATAPI::detectMedia()
                0x00000000c0024b2a                ATAPI::open(int, int, void*)
                0x00000000c0024bb2                ATAPI::read(unsigned long long, int, void*)
 *fill*         0x00000000c0024c31        0x1 
 .text          0x00000000c0024c32      0x455 hw/diskphys/sata.32
                0x00000000c0024c32                SATA::close(int, int, void*)
                0x00000000c0024c56                SATA::powerSaving(PowerSavingLevel)
                0x00000000c0024c58                SATA::open(int, int, void*)
                0x00000000c0024d06                SATA::SATA()
                0x00000000c0024d06                SATA::SATA()
                0x00000000c0024d34                SATA::access(unsigned long long, int, void*, bool)
                0x00000000c0024f9a                SATA::read(unsigned long long, int, void*)
                0x00000000c0025002                SATA::write(unsigned long long, int, void*)
 *fill*         0x00000000c0025087        0x1 
 .text          0x00000000c0025088      0x500 hw/diskphys/satapi.32
                0x00000000c0025088                SATAPI::write(unsigned long long, int, void*)
                0x00000000c002508e                SATAPI::close(int, int, void*)
                0x00000000c00250b2                SATAPI::SATAPI()
                0x00000000c00250b2                SATAPI::SATAPI()
                0x00000000c00250e0                SATAPI::diskRemoved()
                0x00000000c00250fc                SATAPI::diskInserted()
                0x00000000c002512a                SATAPI::sendPacket(unsigned char*, int, unsigned long long, unsigned short*, int)
                0x00000000c002532e                SATAPI::eject()
                0x00000000c0025376                SATAPI::detectMedia()
                0x00000000c0025438                SATAPI::open(int, int, void*)
                0x00000000c00254e6                SATAPI::read(unsigned long long, int, void*)
 .text          0x00000000c0025588       0x8e hw/fpu/avx.32
                0x00000000c0025588                AVX::open(int, int, void*)
                0x00000000c002559a                AVX::close(int, int, void*)
                0x00000000c00255ac                AVX::available()
                0x00000000c00255be                AVX::save(void*)
                0x00000000c00255d6                AVX::load(void*)
                0x00000000c00255ee                AVX::AVX()
                0x00000000c00255ee                AVX::AVX()
 .text          0x00000000c0025616       0x90 hw/fpu/mmx.32
                0x00000000c0025616                MMX::available()
                0x00000000c002562a                MMX::open(int, int, void*)
                0x00000000c002563c                MMX::close(int, int, void*)
                0x00000000c002564e                MMX::save(void*)
                0x00000000c0025666                MMX::load(void*)
                0x00000000c002567e                MMX::MMX()
                0x00000000c002567e                MMX::MMX()
 .text          0x00000000c00256a6       0x96 hw/fpu/sse.32
                0x00000000c00256a6                SSE::open(int, int, void*)
                0x00000000c00256b8                SSE::close(int, int, void*)
                0x00000000c00256ca                SSE::available()
                0x00000000c00256e4                SSE::save(void*)
                0x00000000c00256fc                SSE::load(void*)
                0x00000000c0025714                SSE::SSE()
                0x00000000c0025714                SSE::SSE()
 .text          0x00000000c002573c       0x8e hw/fpu/x87.32
                0x00000000c002573c                x87::open(int, int, void*)
                0x00000000c002574e                x87::close(int, int, void*)
                0x00000000c0025760                x87::available()
                0x00000000c0025772                x87::save(void*)
                0x00000000c002578a                x87::load(void*)
                0x00000000c00257a2                x87::x87()
                0x00000000c00257a2                x87::x87()
 .text          0x00000000c00257ca      0x71e hw/intctrl/apic.32
                0x00000000c00257ca                APIC::disable()
                0x00000000c00257cc                APIC::close(int, int, void*)
                0x00000000c00257ee                IOAPIC::close(int, int, void*)
                0x00000000c00257f4                APIC::io_wait()
                0x00000000c00257fa                APIC::getBase()
                0x00000000c002583c                APIC::eoi(unsigned char)
                0x00000000c002586a                APIC::open(int, int, void*)
                0x00000000c00259b8                IOAPIC::IOAPIC()
                0x00000000c00259b8                IOAPIC::IOAPIC()
                0x00000000c00259e0                APIC::APIC()
                0x00000000c00259e0                APIC::APIC()
                0x00000000c0025abc                IOAPIC::handlesGSIWithNumber(unsigned int)
                0x00000000c0025aee                IOAPIC::read(int)
                0x00000000c0025b16                IOAPIC::open(int, int, void*)
                0x00000000c0025c0c                IOAPIC::write(int, int)
                0x00000000c0025c38                IOAPIC::redirect(unsigned char, unsigned long long, unsigned char, bool, bool)
                0x00000000c0025d32                APIC::installIRQHandler(int, void (*)(regs*, void*), bool, void*)
 .text          0x00000000c0025ee8      0x3d3 hw/intctrl/pic.32
                0x00000000c0025ee8                PIC::disable()
                0x00000000c0025f16                PIC::close(int, int, void*)
                0x00000000c0025f38                PIC::PIC()
                0x00000000c0025f38                PIC::PIC()
                0x00000000c002600e                PIC::ioWait()
                0x00000000c0026014                PIC::getIRQReg(int)
                0x00000000c002607e                PIC::eoi(unsigned char)
                0x00000000c0026110                PIC::remap()
                0x00000000c002627c                PIC::open(int, int, void*)
 *fill*         0x00000000c00262bb        0x1 
 .text          0x00000000c00262bc      0x25e hw/timer/apictimer.32
                0x00000000c00262bc                APICTimer::close(int, int, void*)
                0x00000000c00262c2                apicTimerHandler(regs*, void*)
                0x00000000c00262f0                APICTimer::write(int)
                0x00000000c00263f4                APICTimer::open(int, int, void*)
                0x00000000c00264f2                APICTimer::APICTimer()
                0x00000000c00264f2                APICTimer::APICTimer()
 .text          0x00000000c002651a      0x1a7 hw/timer/pit.32
                0x00000000c002651a                PIT::write(int)
                0x00000000c0026598                pitHandler(regs*, void*)
                0x00000000c00265c4                PIT::open(int, int, void*)
                0x00000000c0026612                PIT::close(int, int, void*)
                0x00000000c0026642                PIT::PIT()
                0x00000000c0026642                PIT::PIT()
 *fill*         0x00000000c00266c1        0xf 
 .text          0x00000000c00266d0       0x1e hw/fpu/x86/avx.32
                0x00000000c00266d0                avxDetect
                0x00000000c00266d6                avxSave
                0x00000000c00266d7                avxLoad
                0x00000000c00266d8                avxInit
                0x00000000c00266d9                avxClose
                0x00000000c00266da                wouldSheSayYes
 *fill*         0x00000000c00266ee        0x2 
 .text          0x00000000c00266f0       0x35 hw/fpu/x86/sse.32
                0x00000000c00266f0                absolutelyNoChanceInHell
                0x00000000c00266f0                sseDetect
                0x00000000c0026708                sseSave
                0x00000000c002670e                sseLoad
                0x00000000c0026714                sseInit
                0x00000000c0026724                sseClose
 *fill*         0x00000000c0026725        0xb 
 .text          0x00000000c0026730       0x47 hw/fpu/x86/x87.32
                0x00000000c0026736                x87Detect
                0x00000000c0026751                x87Save
                0x00000000c0026757                x87Load
                0x00000000c002675c                x87Init
                0x00000000c0026776                x87Close
 *fill*         0x00000000c0026777        0x1 
 .text          0x00000000c0026778       0x25 /cygdrive/d/Users/Alex/Desktop/Toolchain/Output/bin/../lib/gcc/i386-banana/8.1.0/crtend.o
 .text          0x00000000c002679d        0x0 crtn.32
 *fill*         0x00000000c002679d        0x3 
 .text          0x00000000c00267a0      0x14b /cygdrive/d/Users/Alex/Desktop/Toolchain/Output/bin/../lib/gcc/i386-banana/8.1.0/libkgcc.a(_divdi3.o)
                0x00000000c00267a0                __divdi3
 *fill*         0x00000000c00268eb        0x1 
 .text          0x00000000c00268ec      0x17e /cygdrive/d/Users/Alex/Desktop/Toolchain/Output/bin/../lib/gcc/i386-banana/8.1.0/libkgcc.a(_moddi3.o)
                0x00000000c00268ec                __moddi3
 *fill*         0x00000000c0026a6a        0x2 
 .text          0x00000000c0026a6c       0xff /cygdrive/d/Users/Alex/Desktop/Toolchain/Output/bin/../lib/gcc/i386-banana/8.1.0/libkgcc.a(_udivdi3.o)
                0x00000000c0026a6c                __udivdi3
 *fill*         0x00000000c0026b6b        0x1 
 .text          0x00000000c0026b6c      0x11a /cygdrive/d/Users/Alex/Desktop/Toolchain/Output/bin/../lib/gcc/i386-banana/8.1.0/libkgcc.a(_umoddi3.o)
                0x00000000c0026b6c                __umoddi3
 .text          0x00000000c0026c86      0x96d D:/Users/Alex/Desktop/Banana/kernel/libsoftfp.a(sfieeelib.o)
                0x00000000c0026c86                __addsf3
                0x00000000c0026f88                __subsf3
                0x00000000c0026f9c                __negsf2
                0x00000000c0026fa9                __mulsf3
                0x00000000c002716c                __divsf3
                0x00000000c0027397                __floatsisf
                0x00000000c002740b                __floatunsisf
                0x00000000c002744d                __fixsfsi
                0x00000000c00274af                __fixunssfsi
                0x00000000c00274e0                __cmpsf2
                0x00000000c0027575                __eqsf2
                0x00000000c00275b0                __nesf2