Archive member included to satisfy reference by file (symbol)

/cygdrive/d/Users/Alex/Desktop/Toolchain/Output/bin/../lib/gcc/i386-banana/8.1.0/libkgcc.a(_divdi3.o)
                              fs/fat/ff.32 (__divdi3)
/cygdrive/d/Users/Alex/Desktop/Toolchain/Output/bin/../lib/gcc/i386-banana/8.1.0/libkgcc.a(_moddi3.o)
                              compat/resolve.32 (__moddi3)
/cygdrive/d/Users/Alex/Desktop/Toolchain/Output/bin/../lib/gcc/i386-banana/8.1.0/libkgcc.a(_udivdi3.o)
                              fs/fat/ff.32 (__udivdi3)
/cygdrive/d/Users/Alex/Desktop/Toolchain/Output/bin/../lib/gcc/i386-banana/8.1.0/libkgcc.a(_umoddi3.o)
                              compat/resolve.32 (__umoddi3)
D:/Users/Alex/Desktop/Banana/kernel/libsoftfp.a(sfieeelib.o)
                              hal/sound/sndhw.32 (__addsf3)
D:/Users/Alex/Desktop/Banana/kernel/libsoftfp.a(dfieeelib.o)
                              hal/libresample/src_linear.32 (__adddf3)
D:/Users/Alex/Desktop/Banana/kernel/libsoftfp.a(sfdfcvt.o)
                              hal/libresample/samplerate.32 (__truncdfsf2)
D:/Users/Alex/Desktop/Banana/kernel/libk/libm32.a(s_fabs.c.o)
                              hal/libresample/samplerate.32 (fabs)
D:/Users/Alex/Desktop/Banana/kernel/libk/libm32.a(s_lrint.S.o)
                              hal/libresample/samplerate.32 (lrint)
D:/Users/Alex/Desktop/Banana/kernel/libk/libm32.a(s_lrintf.S.o)
                              hal/sound/sndhw.32 (lrintf)

Discarded input sections

 .comment       0x0000000000000000       0x12 /cygdrive/d/Users/Alex/Desktop/Toolchain/Output/bin/../lib/gcc/i386-banana/8.1.0/crtbegin.o
 .comment       0x0000000000000000       0x12 acpica/utclib.32
 .comment       0x0000000000000000       0x12 core/malloc.32
 .comment       0x0000000000000000       0x12 libk/string.32
 .comment       0x0000000000000000       0x12 fs/fat/diskio.32
 .comment       0x0000000000000000       0x12 fs/fat/ff.32
 .comment       0x0000000000000000       0x12 fs/fat/ffsystem.32
 .comment       0x0000000000000000       0x12 fs/fat/ffunicode.32
 .comment       0x0000000000000000       0x12 hal/libresample/samplerate.32
 .comment       0x0000000000000000       0x12 hal/libresample/src_linear.32
 .comment       0x0000000000000000       0x12 hal/libresample/src_sinc.32
 .comment       0x0000000000000000       0x12 hal/libresample/src_zoh.32
 .comment       0x0000000000000000       0x12 compat/inlines.32
 .comment       0x0000000000000000       0x12 compat/resolve.32
 .group         0x0000000000000000       0x14 core/computer.32
 .group         0x0000000000000000        0xc core/computer.32
 .comment       0x0000000000000000       0x12 core/computer.32
 .comment       0x0000000000000000       0x12 core/gdt.32
 .group         0x0000000000000000        0xc core/idle.32
 .comment       0x0000000000000000       0x12 core/idle.32
 .comment       0x0000000000000000       0x12 core/idt.32
 .comment       0x0000000000000000       0x12 core/kheap.32
 .comment       0x0000000000000000       0x12 core/main.32
 .comment       0x0000000000000000       0x12 core/physmgr.32
 .group         0x0000000000000000        0xc core/pipe.32
 .comment       0x0000000000000000       0x12 core/pipe.32
 .group         0x0000000000000000        0xc core/terminal.32
 .comment       0x0000000000000000       0x12 core/terminal.32
 .comment       0x0000000000000000       0x12 core/tss.32
 .group         0x0000000000000000        0x8 core/unixfile.32
 .group         0x0000000000000000        0xc core/unixfile.32
 .group         0x0000000000000000        0xc core/unixfile.32
 .group         0x0000000000000000        0x8 core/unixfile.32
 .group         0x0000000000000000        0xc core/unixfile.32
 .group         0x0000000000000000        0x8 core/unixfile.32
 .group         0x0000000000000000        0xc core/unixfile.32
 .group         0x0000000000000000        0xc core/unixfile.32
 .comment       0x0000000000000000       0x12 core/unixfile.32
 .comment       0x0000000000000000       0x12 core/virtmgr.32
 .comment       0x0000000000000000       0x12 coreobjs/c++.32
 .comment       0x0000000000000000       0x12 dbg/kconsole.32
 .group         0x0000000000000000        0xc fs/vfs.32
 .group         0x0000000000000000        0xc fs/vfs.32
 .group         0x0000000000000000        0xc fs/vfs.32
 .comment       0x0000000000000000       0x12 fs/vfs.32
 .group         0x0000000000000000        0xc hal/bus.32
 .comment       0x0000000000000000       0x12 hal/bus.32
 .group         0x0000000000000000        0xc hal/buzzer.32
 .comment       0x0000000000000000       0x12 hal/buzzer.32
 .group         0x0000000000000000        0xc hal/clock.32
 .comment       0x0000000000000000       0x12 hal/clock.32
 .group         0x0000000000000000       0x14 hal/device.32
 .group         0x0000000000000000        0xc hal/device.32
 .group         0x0000000000000000        0xc hal/device.32
 .group         0x0000000000000000        0xc hal/device.32
[...]
Memory Configuration

Name             Origin             Length             Attributes
*default*        0x0000000000000000 0xffffffffffffffff

Linker script and memory map

LOAD D:/Users/Alex/Desktop/Banana/kernel/boot.32
LOAD crti.32
LOAD /cygdrive/d/Users/Alex/Desktop/Toolchain/Output/bin/../lib/gcc/i386-banana/8.1.0/crtbegin.o
LOAD D:/Users/Alex/Desktop/Banana/kernel/morenasm.32
LOAD acpica/utclib.32
LOAD core/malloc.32
LOAD libk/string.32
LOAD fs/fat/diskio.32
LOAD fs/fat/ff.32
LOAD fs/fat/ffsystem.32
LOAD fs/fat/ffunicode.32
LOAD hal/libresample/samplerate.32
LOAD hal/libresample/src_linear.32
LOAD hal/libresample/src_sinc.32
LOAD hal/libresample/src_zoh.32
LOAD compat/inlines.32
LOAD compat/resolve.32
LOAD core/computer.32
LOAD core/gdt.32
LOAD core/idle.32
LOAD core/idt.32
LOAD core/kheap.32
LOAD core/main.32
LOAD core/physmgr.32
LOAD core/pipe.32
LOAD core/terminal.32
LOAD core/tss.32
LOAD core/unixfile.32
LOAD core/virtmgr.32
LOAD coreobjs/c++.32
LOAD dbg/kconsole.32
LOAD fs/vfs.32
LOAD hal/bus.32
LOAD hal/buzzer.32
LOAD hal/clock.32
LOAD hal/device.32
LOAD hal/diskctrl.32
LOAD hal/diskphys.32
LOAD hal/fpu.32
LOAD hal/intctrl.32
LOAD hal/keybrd.32
LOAD hal/logidisk.32
LOAD hal/mouse.32
LOAD hal/partition.32
LOAD hal/serial.32
LOAD hal/timer.32
LOAD hal/vcache.32
LOAD hal/video.32
LOAD hw/acpi.32
LOAD hw/cpu.32
LOAD hw/ports.32
LOAD hw/smp.32
LOAD krnl/env.32
LOAD krnl/panic.32
LOAD net/ethernet.32
LOAD reg/registry.32
LOAD sys/sc_eject.32
LOAD sys/sc_exit.32
LOAD sys/sc_getcwd.32
LOAD sys/sc_getpid.32
LOAD sys/sc_getramdata.32
LOAD sys/sc_getvgaptr.32
LOAD sys/sc_loaddll.32
LOAD sys/sc_read.32
LOAD sys/sc_sbrk.32
LOAD sys/sc_setcwd.32
LOAD sys/sc_settime.32
LOAD sys/sc_timezone.32
LOAD sys/sc_write.32
LOAD sys/sc_wsbe.32
LOAD sys/sc_yield.32
LOAD sys/syscalls.32
LOAD thr/elf.32
LOAD thr/prcssthr.32
LOAD vm86/vm8086.32
LOAD vm86/x87em.32
LOAD fs/fat/vfslink.32
LOAD fs/iso9660/vfslink.32
LOAD hal/sound/sndchannel.32
LOAD hal/sound/sndhw.32
LOAD hw/bus/isa.32
LOAD hw/bus/pci.32
LOAD hw/diskctrl/ide.32
LOAD hw/diskctrl/satabus.32
LOAD hw/diskphys/ata.32
LOAD hw/diskphys/atapi.32
LOAD hw/diskphys/sata.32
LOAD hw/diskphys/satapi.32
LOAD hw/fpu/avx.32
LOAD hw/fpu/mmx.32
LOAD hw/fpu/sse.32
LOAD hw/fpu/x87.32
LOAD hw/intctrl/apic.32
LOAD hw/intctrl/pic.32
LOAD hw/timer/apictimer.32
LOAD hw/timer/pit.32
LOAD hw/fpu/x86/avx.32
LOAD hw/fpu/x86/sse.32
LOAD hw/fpu/x86/x87.32
LOAD /cygdrive/d/Users/Alex/Desktop/Toolchain/Output/bin/../lib/gcc/i386-banana/8.1.0/crtend.o
LOAD crtn.32
LOAD /cygdrive/d/Users/Alex/Desktop/Toolchain/Output/bin/../lib/gcc/i386-banana/8.1.0/libkgcc.a
LOAD D:/Users/Alex/Desktop/Banana/kernel/libsoftfp.a
LOAD D:/Users/Alex/Desktop/Banana/kernel/libk/libm32.a
                0x00000000c0000000                . = 0xc0000000

.text           0x00000000c0000000    0x29018
 *(.text)
 .text          0x00000000c0000000       0x41 D:/Users/Alex/Desktop/Banana/kernel/boot.32
                0x00000000c0000020                callGlobalConstructors
 .text          0x00000000c0000041        0x0 crti.32
 *fill*         0x00000000c0000041        0x3 
 .text          0x00000000c0000044      0x101 /cygdrive/d/Users/Alex/Desktop/Toolchain/Output/bin/../lib/gcc/i386-banana/8.1.0/crtbegin.o
 *fill*         0x00000000c0000145        0xb 
 .text          0x00000000c0000150      0x518 D:/Users/Alex/Desktop/Banana/kernel/morenasm.32
                0x00000000c0000150                manualPCIProbe
                0x00000000c000019b                prepareTramp
                0x00000000c00001b4                voodooXADD
                0x00000000c000027f                doTPAUSE
                0x00000000c0000289                hasLegacyFPU
                0x00000000c00002ae                is486
                0x00000000c00002e4                detectCPUID
                0x00000000c00002fa                goToVM86
                0x00000000c000032a                goToUsermode
                0x00000000c0000354                switchToThreadASMFirstTime
                0x00000000c0000362                switchToThreadASM
                0x00000000c00003f2                asmQuickAcquireLock
                0x00000000c0000410                asmQuickReleaseLock
                0x00000000c000041c                asmAcquireLock
                0x00000000c000043d                asmReleaseLock
                0x00000000c0000450                loadGDT
                0x00000000c0000470                isr0
                0x00000000c0000480                isr1
                0x00000000c000048a                isr2
                0x00000000c0000494                isr3
                0x00000000c000049e                isr4
                0x00000000c00004a8                isr5
                0x00000000c00004b2                isr6
                0x00000000c00004bc                isr7
                0x00000000c00004c6                isr8
                0x00000000c00004ce                isr9
                0x00000000c00004d8                isr10
                0x00000000c00004e0                isr11
                0x00000000c00004e8                isr12
                0x00000000c00004f0                isr13
                0x00000000c00004f8                isr14
                0x00000000c0000500                isr15
                0x00000000c000050a                isr16
                0x00000000c0000514                isr17
                0x00000000c000051e                isr18
                0x00000000c0000528                irq3
                0x00000000c0000532                irq4
                0x00000000c000053c                irq5
                0x00000000c0000546                irq6
                0x00000000c0000550                irq7
                0x00000000c000055a                irq8
                0x00000000c0000564                irq9
                0x00000000c000056e                irq10
                0x00000000c0000578                irq11
                0x00000000c0000582                irq12
                0x00000000c000058c                irq13
                0x00000000c0000596                irq14
                0x00000000c00005a0                irq15
                0x00000000c00005aa                irq1
                0x00000000c00005b1                irq2
                0x00000000c00005b8                isr96
                0x00000000c00005bf                irq0
                0x00000000c00005c4                int_common_stub
                0x00000000c00005c4                syscall_common_stub
                0x00000000c00005f6                irq16
                0x00000000c0000600                irq17
                0x00000000c000060a                irq18
                0x00000000c0000614                irq19
                0x00000000c000061e                irq20
                0x00000000c0000628                irq21
                0x00000000c0000632                irq22
                0x00000000c000063c                irq23
                0x00000000c0000646                hexStrToInt
                0x00000000c0000663                memcpy
 .text          0x00000000c0000668      0x5dd acpica/utclib.32
                0x00000000c0000668                memcmp
                0x00000000c00006a4                memmove
                0x00000000c000076c                memset
                0x00000000c0000788                strlen
                0x00000000c00007a0                strpbrk
                0x00000000c00007dc                strtok
                0x00000000c0000828                strcpy
                0x00000000c000084c                strncpy
                0x00000000c00008b4                strcmp
                0x00000000c00008f4                strchr
                0x00000000c0000918                strncmp
                0x00000000c0000968                strcat
                0x00000000c0000998                strncat
                0x00000000c00009d4                strstr
                0x00000000c0000a1c                toupper
                0x00000000c0000a30                tolower
                0x00000000c0000a44                simple_strtoul
 .text          0x00000000c0000c45      0xfad core/malloc.32
                0x00000000c0000db0                dlfree
                0x00000000c000110b                dlmalloc
                0x00000000c0001648                dlrealloc
                0x00000000c00017eb                dlmemalign
                0x00000000c000190e                dlcalloc
                0x00000000c00019a8                dlcfree
                0x00000000c00019ad                dlindependent_calloc
                0x00000000c00019d2                dlindependent_comalloc
                0x00000000c00019e9                dlvalloc
                0x00000000c0001a14                dlpvalloc
                0x00000000c0001a4a                dlmalloc_trim
                0x00000000c0001a57                dlmalloc_usable_size
                0x00000000c0001a88                dlmallinfo
                0x00000000c0001b57                dlmalloc_stats
                0x00000000c0001b68                dlmallopt
 .text          0x00000000c0001bf2        0x0 libk/string.32
 .text          0x00000000c0001bf2       0x51 fs/fat/diskio.32
                0x00000000c0001bf2                disk_status
                0x00000000c0001bf5                disk_initialize
                0x00000000c0001bf8                disk_read
                0x00000000c0001c0e                disk_write
                0x00000000c0001c24                disk_ioctl
 .text          0x00000000c0001c43     0x6833 fs/fat/ff.32
                0x00000000c0004f11                f_mount
                0x00000000c0004f73                f_open
                0x00000000c00053af                f_read
                0x00000000c000562f                f_write
                0x00000000c00058e9                f_sync
                0x00000000c0005ac5                f_close
                0x00000000c0005af4                f_lseek
                0x00000000c0005fab                f_opendir
                0x00000000c00060ad                f_closedir
                0x00000000c00060cf                f_readdir
                0x00000000c000616a                f_stat
                0x00000000c00061f9                f_getfree
                0x00000000c00063c4                f_truncate
                0x00000000c00064bc                f_unlink
                0x00000000c000663f                f_mkdir
                0x00000000c000686b                f_rename
                0x00000000c0006b5e                f_chmod
                0x00000000c0006c3c                f_utime
                0x00000000c0006d1a                f_getlabel
                0x00000000c0006f08                f_setlabel
                0x00000000c0007175                f_forward
                0x00000000c0007353                f_mkfs
 .text          0x00000000c0008476       0x2d fs/fat/ffsystem.32
                0x00000000c0008476                ff_memalloc
                0x00000000c000848c                ff_memfree
 .text          0x00000000c00084a3      0x253 fs/fat/ffunicode.32
                0x00000000c00084a3                ff_uni2oem
                0x00000000c0008533                ff_oem2uni
                0x00000000c000859f                ff_wtoupper
 .text          0x00000000c00086f6      0x8fb hal/libresample/samplerate.32
                0x00000000c000873a                src_delete
                0x00000000c0008776                src_process
                0x00000000c000892c                src_callback_read
                0x00000000c0008aa9                src_set_ratio
                0x00000000c0008b13                src_get_channels
                0x00000000c0008b35                src_reset
                0x00000000c0008b81                src_new
                0x00000000c0008c0f                src_callback_new
                0x00000000c0008c71                src_get_name
                0x00000000c0008ca8                src_get_description
                0x00000000c0008cdf                src_get_version
                0x00000000c0008ce5                src_is_valid_ratio
                0x00000000c0008d39                src_error
                0x00000000c0008d47                src_strerror
                0x00000000c0008d5a                src_simple
                0x00000000c0008dad                src_short_to_float_array
                0x00000000c0008e12                src_float_to_short_array
                0x00000000c0008ed1                src_int_to_float_array
                0x00000000c0008f34                src_float_to_int_array
 .text          0x00000000c0008ff1      0x8cb hal/libresample/src_linear.32
                0x00000000c0009817                linear_get_name
                0x00000000c0009826                linear_get_description
                0x00000000c0009835                linear_set_converter
 .text          0x00000000c00098bc     0x447c hal/libresample/src_sinc.32
                0x00000000c000dc4f                sinc_get_name
                0x00000000c000dc62                sinc_get_description
                0x00000000c000dc75                sinc_set_converter
 .text          0x00000000c000dd38      0x77c hal/libresample/src_zoh.32
                0x00000000c000e40f                zoh_get_name
                0x00000000c000e41e                zoh_get_description
                0x00000000c000e42d                zoh_set_converter
 .text          0x00000000c000e4b4       0xa7 compat/inlines.32
                0x00000000c000e4b4                CPU::current()
                0x00000000c000e4c0                operator new(unsigned long)
                0x00000000c000e4c5                operator delete(void*)
                0x00000000c000e4ca                disableIRQs()
                0x00000000c000e4d2                enableIRQs()
                0x00000000c000e4e1                lockScheduler()
                0x00000000c000e4e9                unlockScheduler()
                0x00000000c000e4f8                lockStuff()
                0x00000000c000e506                unlockStuff()
                0x00000000c000e540                Virt::getAKernelVAS()
                0x00000000c000e546                __not_memcpy
 .text          0x00000000c000e55b      0x111 compat/resolve.32
                0x00000000c000e55b                Krnl::resolveCompatibilitySymbol(char*)
 .text          0x00000000c000e66c      0xa49 core/computer.32
                0x00000000c000e66c                Computer::close(int, int, void*)
                0x00000000c000e6b0                Krnl::firstTask()
                0x00000000c000e7a0                Computer::Computer()
                0x00000000c000e7a0                Computer::Computer()
                0x00000000c000e8fc                Computer::setBootMessage(char const*)
                0x00000000c000e8fe                Computer::detectFeatures()
                0x00000000c000eb08                Computer::displayFeatures()
                0x00000000c000ee80                Computer::rdmsr(unsigned int)
                0x00000000c000eeac                Computer::wrmsr(unsigned int, unsigned long long)
                0x00000000c000eee4                Computer::nmiEnabled()
                0x00000000c000eef0                Computer::readCMOS(unsigned char)
                0x00000000c000ef0a                Computer::enableNMI(bool)
                0x00000000c000ef22                Computer::open(int, int, void*)
                0x00000000c000eff8                Computer::disableNMI()
                0x00000000c000f006                Computer::writeCMOS(unsigned char, unsigned char)
                0x00000000c000f024                Computer::handleNMI()
                0x00000000c000f08a                Computer::setDiskActivityLight(int, bool)
 *fill*         0x00000000c000f0b5        0x1 
 .text          0x00000000c000f0b6      0x1b7 core/gdt.32
                0x00000000c000f0b6                GDTEntry::setBase(unsigned int)
                0x00000000c000f0d2                GDTEntry::setLimit(unsigned int)
                0x00000000c000f0f0                GDT::GDT()
                0x00000000c000f0f0                GDT::GDT()
                0x00000000c000f106                GDT::addEntry(GDTEntry)
                0x00000000c000f142                GDT::getNumberOfEntries()
                0x00000000c000f14a                GDT::flush()
                0x00000000c000f16c                GDT::setup()
 .text          0x00000000c000f26d       0x6b core/idle.32
                0x00000000c000f26d                idleFunction(void*)
 .text          0x00000000c000f2d8      0x45e core/idt.32
                0x00000000c000f2d8                IDTEntry::IDTEntry(bool)
                0x00000000c000f2d8                IDTEntry::IDTEntry(bool)
                0x00000000c000f346                IDTEntry::setOffset(unsigned int)
                0x00000000c000f35a                IDT::IDT()
                0x00000000c000f35a                IDT::IDT()
                0x00000000c000f35c                IDT::getPointerToInvalidOpcodeEntryForF00F()
                0x00000000c000f364                IDT::addEntry(IDTEntry, int)
                0x00000000c000f37e                IDT::addEntry(int, void (*)(), bool)
                0x00000000c000f3b6                IDT::flush()
                0x00000000c000f3d0                IDT::setup()
 .text          0x00000000c000f736      0x1fe core/kheap.32
                0x00000000c000f736                sbrk
                0x00000000c000f843                mmap
                0x00000000c000f859                munmap
                0x00000000c000f86f                liballoc_lock()
                0x00000000c000f87c                liballoc_unlock()
                0x00000000c000f890                liballoc_alloc(int)
                0x00000000c000f8ab                liballoc_free(void*, int)
                0x00000000c000f8c6                realloc
                0x00000000c000f8da                malloc
                0x00000000c000f8ea                free
                0x00000000c000f8fa                rfree
                0x00000000c000f90a                calloc
 .text          0x00000000c000f934      0x44f core/main.32
                0x00000000c000f934                hwTextMode_loadInData(VgaText*)
                0x00000000c000f979                hwTextMode_loadInTitle(VgaText*, char*)
                0x00000000c000f9e5                hwTextMode_showCursor(VgaText*, bool)
                0x00000000c000fa40                hwTextMode_update(VgaText*)
                0x00000000c000fa41                hwTextMode_updateCursor(VgaText*)
                0x00000000c000fa89                hwTextMode_disableBlink(VgaText*, bool)
                0x00000000c000facf                hwTextMode_scrollScreen(VgaText*)
                0x00000000c000fb70                hwTextMode_writeCharacter(VgaText*, char, VgaColour, VgaColour, int, int)
                0x00000000c000fbef                setupTextMode()
                0x00000000c000fc5f                kernel_main
 .text          0x00000000c000fd83      0x56c core/physmgr.32
                0x00000000c000fd83                Phys::allocateDMA(unsigned long)
                0x00000000c000fe26                Phys::freeDMA(unsigned long, unsigned long)
                0x00000000c000fe6e                Phys::setPageState(unsigned long, bool)
                0x00000000c000fea0                Phys::getPageState(unsigned long)
                0x00000000c000febc                Phys::freePage(unsigned long)
                0x00000000c000ff46                Phys::allocatePage()
                0x00000000c001002b                Phys::allocateContiguousPages(int)
                0x00000000c0010087                Phys::allowSegmentToBeUsed(unsigned long, unsigned long)
                0x00000000c00100bf                Phys::physicalMemorySetup(unsigned int)
 *fill*         0x00000000c00102ef        0x1 
 .text          0x00000000c00102f0      0x273 core/pipe.32
                0x00000000c00102f0                Pipe::isAtty()
                0x00000000c00102f4                Pipe::~Pipe()
                0x00000000c00102f4                Pipe::~Pipe()
                0x00000000c0010318                Pipe::~Pipe()
                0x00000000c0010340                Pipe::read(unsigned long long, void*, int*)
                0x00000000c001043c                Pipe::write(unsigned long long, void*, int*)
                0x00000000c00104fc                Pipe::Pipe(int)
                0x00000000c00104fc                Pipe::Pipe(int)
 *fill*         0x00000000c0010563        0x1 
 .text          0x00000000c0010564      0xe4b core/terminal.32
                0x00000000c0010564                VgaText::isAtty()
                0x00000000c0010568                VgaText::~VgaText()
                0x00000000c0010568                VgaText::~VgaText()
                0x00000000c001058c                VgaText::~VgaText()
                0x00000000c00105b6                VgaText::read(unsigned long long, void*, int*)
                0x00000000c00105d6                setTerminalScrollLock(bool)
                0x00000000c00105d7                addToTerminalCycle(VgaText*)
                0x00000000c00105f8                installVgaTextImplementation()
                0x00000000c001060d                scrollTerminalScrollLock(int)
                0x00000000c001060e                VgaText::load()
                0x00000000c001065c                VgaText::updateCursor()
                0x00000000c0010672                VgaText::showCursor(bool)
                0x00000000c001067e                VgaText::disableBlink(bool)
                0x00000000c00106b2                VgaText::doANSI_SGR(int)
                0x00000000c0010726                VgaText::setDefaultBgColour(VgaColour)
                0x00000000c0010736                VgaText::setDefaultFgColour(VgaColour)
                0x00000000c0010746                VgaText::setDefaultColours(VgaColour, VgaColour)
                0x00000000c0010766                VgaText::combineColours(unsigned char, unsigned char)
                0x00000000c0010778                VgaText::scrollScreen()
                0x00000000c001080c                VgaText::combineCharAndColour(char, unsigned char)
                0x00000000c001081e                VgaText::writeCharacter(char, VgaColour, VgaColour, int, int)
                0x00000000c001087a                VgaText::getCursorX()
                0x00000000c0010882                VgaText::getCursorY()
                0x00000000c001088a                VgaText::setCursor(int, int)
                0x00000000c00108a2                VgaText::setCursorX(int)
                0x00000000c00108ba                VgaText::setCursorY(int)
                0x00000000c00108d2                VgaText::incrementCursor(bool)
                0x00000000c0010926                VgaText::updateRAMUsageDisplay(int)
                0x00000000c001098a                VgaText::updateDiskUsage()
                0x00000000c0010af4                VgaText::updateTitle()
                0x00000000c0010b38                VgaText::setTitleTextColour(VgaColour)
                0x00000000c0010b46                VgaText::setTitleColour(VgaColour)
                0x00000000c0010b54                VgaText::setTitle(char*)
                0x00000000c0010b7a                VgaText::decrementCursor(bool)
                0x00000000c0010b9c                VgaText::putchar(char, VgaColour, VgaColour)
                0x00000000c0010c74                VgaText::isShowingCursor()
                0x00000000c0010c7c                VgaText::isBlinkDisabled()
                0x00000000c0010c88                VgaText::setCursorHeight(int)
                0x00000000c0010ca0                VgaText::getCursorHeight()
                0x00000000c0010ca8                setActiveTerminal(VgaText*)
                0x00000000c0010d4e                doTerminalCycle()
                0x00000000c0010d68                VgaText::doUpdate()
                0x00000000c0010d76                VgaText::puts(char const*, VgaColour, VgaColour)
                0x00000000c0010eee                VgaText::clearScreen()
                0x00000000c0010f48                VgaText::putchar(char)
                0x00000000c0011034                VgaText::puts(char const*)
                0x00000000c001105a                VgaText::putx(unsigned int)
                0x00000000c00110a0                VgaText::VgaText(char const*)
                0x00000000c00110a0                VgaText::VgaText(char const*)
                0x00000000c001124e                VgaText::receiveKey(unsigned char)
                0x00000000c0011336                VgaText::write(unsigned long long, void*, int*)
                0x00000000c001138a                newTerminal(char*)
 *fill*         0x00000000c00113af        0x1 
 .text          0x00000000c00113b0      0x1b3 core/tss.32
                0x00000000c00113b0                TSS::TSS()
                0x00000000c00113b0                TSS::TSS()
                0x00000000c00113be                TSS::setESP(unsigned long)
                0x00000000c00113d0                TSS::flush()
                0x00000000c00113f0                TSS::setup(unsigned long, unsigned long)
 *fill*         0x00000000c0011563        0x1 
 .text          0x00000000c0011564      0x4c2 core/unixfile.32
                0x00000000c0011564                ReservedFilename::read(unsigned long long, void*, int*)
                0x00000000c00115ba                ReservedFilename::isAtty()
                0x00000000c00115d6                ReservedFilename::write(unsigned long long, void*, int*)
                0x00000000c0011634                UnixFile::getFileDescriptor()
                0x00000000c001163c                UnixFile::UnixFile(int)
                0x00000000c001163c                UnixFile::UnixFile(int)
                0x00000000c00117ec                ReservedFilename::ReservedFilename(int)
                0x00000000c00117ec                ReservedFilename::ReservedFilename(int)
                0x00000000c001181e                UnixFile::~UnixFile()
                0x00000000c001181e                UnixFile::~UnixFile()
                0x00000000c00118b6                UnixFile::~UnixFile()
                0x00000000c00118de                ReservedFilename::~ReservedFilename()
                0x00000000c00118de                ReservedFilename::~ReservedFilename()
                0x00000000c0011902                ReservedFilename::~ReservedFilename()
                0x00000000c0011929                getFromFileDescriptor(int)
 .text          0x00000000c0011a26     0x12f9 core/virtmgr.32
                0x00000000c0011a26                Virt::setPageState(unsigned long, Virt::VirtPageState)
                0x00000000c0011a5b                Virt::getPageState(unsigned long)
                0x00000000c0011a7f                Virt::allocateKernelVirtualPages(int)
                0x00000000c0011b90                Virt::freeSwapfilePage(unsigned long)
                0x00000000c0011bae                Virt::swapIDToSector(unsigned long)
                0x00000000c0011bc0                Virt::allocateSwapfilePage()
                0x00000000c0011c3e                Virt::virtualMemorySetup()
                0x00000000c0011cbd                Virt::swappingSetup()
                0x00000000c0011cbe                Virt::setupPageSwapping(int)
                0x00000000c0011e8a                VAS::VAS()
                0x00000000c0011e8a                VAS::VAS()
                0x00000000c0011ec6                VAS::VAS(VAS*)
                0x00000000c0011ec6                VAS::VAS(VAS*)
                0x00000000c0011ef4                VAS::getForeignPageTableEntry(bool, unsigned long)
                0x00000000c0011f20                VAS::getPageTableEntry(unsigned long)
                0x00000000c0011f3f                Virt::freeKernelVirtualPages(unsigned long)
                0x00000000c0012062                VAS::freeAllocatedPages(unsigned long)
                0x00000000c0012086                VAS::virtualToPhysical(unsigned long)
                0x00000000c001209e                VAS::reflagRange(unsigned long, int, int, int)
                0x00000000c00120de                VAS::setToWriteCombining(unsigned long, int)
                0x00000000c0012110                VAS::mapOtherVASIn(bool, VAS*)
                0x00000000c001213a                VAS::~VAS()
                0x00000000c001213a                VAS::~VAS()
                0x00000000c00122b6                VAS::mapPage(unsigned long, unsigned long, int)
                0x00000000c00123b8                VAS::allocatePages(int, int)
                0x00000000c0012590                VAS::setCPUSpecific(unsigned long)
                0x00000000c00125ac                VAS::mapRange(unsigned long, unsigned long, int, int)
                0x00000000c0012672                VAS::mapForeignPage(bool, VAS*, unsigned long, unsigned long, int)
                0x00000000c0012760                VAS::VAS(bool)
                0x00000000c0012760                VAS::VAS(bool)
                0x00000000c00129e0                VAS::evict(unsigned long)
                0x00000000c0012aa2                VAS::tryLoadBackOffDisk(unsigned long)
                0x00000000c0012bb2                VAS::scanForEviction()
                0x00000000c0012c63                mapVASFirstTime
 .text          0x00000000c0012d1f       0x95 coreobjs/c++.32
                0x00000000c0012d1f                __cxa_atexit
                0x00000000c0012d22                __cxa_finalize
                0x00000000c0012d23                __stack_chk_fail
                0x00000000c0012d8f                __cxa_pure_virtual
                0x00000000c0012da0                operator new[](unsigned long)
                0x00000000c0012da5                operator delete(void*, unsigned long)
                0x00000000c0012daa                operator delete[](void*)
                0x00000000c0012daf                operator delete[](void*, unsigned long)
 .text          0x00000000c0012db4      0x1ef dbg/kconsole.32
                0x00000000c0012db4                Dbg::stringifyxWithBase(unsigned int, char*, int)
                0x00000000c0012e15                Dbg::logc(char)
                0x00000000c0012e2c                Dbg::logs(char*)
                0x00000000c0012e49                Dbg::logWriteInt(unsigned int)
                0x00000000c0012e66                Dbg::logWriteIntBase(unsigned int, int)
                0x00000000c0012e85                Dbg::kprintf(char const*, ...)
 *fill*         0x00000000c0012fa3        0x1 
 .text          0x00000000c0012fa4      0xb82 fs/vfs.32
                0x00000000c0012fa4                File::read(unsigned long long, void*, int*)
                0x00000000c0012ffc                File::write(unsigned long long, void*, int*)
                0x00000000c0013054                Directory::read(unsigned long long, void*, int*)
                0x00000000c00130ac                Directory::write(unsigned long long, void*, int*)
                0x00000000c00130da                File::isAtty()
                0x00000000c00130de                Directory::isAtty()
                0x00000000c00130e2                Filesystem::getlabel(LogicalDisk*, int, char*, unsigned int*)
                0x00000000c00130e8                Filesystem::setlabel(LogicalDisk*, int, char*)
                0x00000000c00130ee                Filesystem::getFileFirstSector(char const*)
                0x00000000c00130f4                File::~File()
                0x00000000c00130f4                File::~File()
                0x00000000c0013118                File::~File()
                0x00000000c0013142                Directory::~Directory()
                0x00000000c0013142                Directory::~Directory()
                0x00000000c0013166                Directory::~Directory()
                0x00000000c0013190                Filesystem::Filesystem()
                0x00000000c0013190                Filesystem::Filesystem()
                0x00000000c00131b4                Filesystem::~Filesystem()
                0x00000000c00131b4                Filesystem::~Filesystem()
                0x00000000c00131c2                Filesystem::~Filesystem()
                0x00000000c00131e6                Fs::getcwd(Process*, char*, int)
                0x00000000c0013210                Fs::initVFS()
                0x00000000c001323a                Fs::standardiseFiles(char*, char const*, char const*)
                0x00000000c00133e4                File::File(char const*, Process*)
                0x00000000c00133e4                File::File(char const*, Process*)
                0x00000000c0013448                File::open(FileOpenMode)
                0x00000000c00134a6                File::close()
                0x00000000c0013506                File::seek(unsigned long long)
                0x00000000c001355c                File::tell(unsigned long long*)
                0x00000000c00135ac                File::rewind()
                0x00000000c00135c0                File::unlink()
                0x00000000c001360c                File::rename(char const*)
                0x00000000c001365a                File::chfatattr(unsigned char, unsigned char)
                0x00000000c00136b6                File::exists()
                0x00000000c00136f4                File::stat(unsigned long long*, bool*)
                0x00000000c0013755                Fs::setcwd(Process*, char*)
                0x00000000c0013890                Directory::Directory(char const*, Process*)
                0x00000000c0013890                Directory::Directory(char const*, Process*)
                0x00000000c00138f4                Directory::open()
                0x00000000c0013950                Directory::close()
                0x00000000c00139b0                Directory::unlink()
                0x00000000c00139fc                Directory::rename(char const*)
                0x00000000c0013a4a                Directory::exists()
                0x00000000c0013a88                Directory::read(dirent*)
                0x00000000c0013ad4                Directory::create()
                0x00000000c0013b20                Filesystem::chfatattr(char const*, unsigned char, unsigned char)
 .text          0x00000000c0013b26       0x84 hal/bus.32
                0x00000000c0013b26                Bus::Bus(char const*)
                0x00000000c0013b26                Bus::Bus(char const*)
                0x00000000c0013b5c                Bus::~Bus()
                0x00000000c0013b5c                Bus::~Bus()
                0x00000000c0013b80                Bus::~Bus()
 .text          0x00000000c0013baa      0x156 hal/buzzer.32
                0x00000000c0013baa                Buzzer::Buzzer(char const*)
                0x00000000c0013baa                Buzzer::Buzzer(char const*)
                0x00000000c0013bee                Buzzer::~Buzzer()
                0x00000000c0013bee                Buzzer::~Buzzer()
                0x00000000c0013c12                Buzzer::~Buzzer()
                0x00000000c0013c3c                Buzzer::stop()
                0x00000000c0013c4f                beepThread(void*)
                0x00000000c0013c92                Buzzer::beep(int, int, bool)
 .text          0x00000000c0013d00      0x467 hal/clock.32
                0x00000000c0013d00                User::loadClockSettings(int)
                0x00000000c0013d52                Clock::Clock(char const*)
                0x00000000c0013d52                Clock::Clock(char const*)
                0x00000000c0013d88                Clock::~Clock()
                0x00000000c0013d88                Clock::~Clock()
                0x00000000c0013dac                Clock::~Clock()
                0x00000000c0013dd6                Clock::timeInSecondsLocal()
                0x00000000c0013e1e                Clock::setTimeInSecondsLocal(unsigned long long)
                0x00000000c0013e77                datetimeToSeconds(datetime_t)
                0x00000000c0013f9e                Clock::setTimeInDatetimeLocal(datetime_t)
                0x00000000c0013ffe                secondsToDatetime(unsigned long long)
                0x00000000c0014142                Clock::timeInDatetimeLocal()
 *fill*         0x00000000c0014167        0x1 
 .text          0x00000000c0014168      0x4d8 hal/device.32
                0x00000000c0014168                Device::hibernate()
                0x00000000c001416a                Device::wake()
                0x00000000c001416c                Device::detect()
                0x00000000c001416e                Device::disableLegacy()
                0x00000000c0014170                Device::powerSaving(PowerSavingLevel)
                0x00000000c0014172                DriverlessDevice::close(int, int, void*)
                0x00000000c0014176                DriverlessDevice::detect()
                0x00000000c0014178                DriverlessDevice::open(int, int, void*)
                0x00000000c001418c                Device::~Device()
                0x00000000c001418c                Device::~Device()
                0x00000000c001419a                Device::~Device()
                0x00000000c00141c2                Device::findAndLoadDriver()
                0x00000000c00141c4                Device::preOpenPCI(PCIDeviceInfo)
                0x00000000c00141ea                Device::preOpenACPI(void*, char*, char*)
                0x00000000c001422a                Device::addIRQHandler(int, void (*)(regs*, void*), bool, void*)
                0x00000000c0014268                Device::removeIRQHandler(int, void (*)(regs*, void*), bool)
                0x00000000c00142a6                Device::addChild(Device*)
                0x00000000c00142ea                Device::removeAllChildren()
                0x00000000c0014330                Device::hibernateAll()
                0x00000000c0014360                Device::wakeAll()
                0x00000000c0014390                Device::detectAll()
                0x00000000c00143c0                Device::disableLegacyAll()
                0x00000000c00143f0                Device::loadDriversForAll()
                0x00000000c001441c                Device::closeAll()
                0x00000000c0014452                Device::powerSavingAll(PowerSavingLevel)
                0x00000000c0014488                Device::setName(char const*)
                0x00000000c0014496                Device::Device(char const*)
                0x00000000c0014496                Device::Device(char const*)
                0x00000000c0014592                Device::getName()
                0x00000000c001459c                DriverlessDevice::DriverlessDevice(char const*)
                0x00000000c001459c                DriverlessDevice::DriverlessDevice(char const*)
                0x00000000c00145d2                Device::addToLinkedList(LinkedList<Device>&, DeviceType)
                0x00000000c0014616                getDevicesOfType(DeviceType)
 .text          0x00000000c0014640       0x84 hal/diskctrl.32
                0x00000000c0014640                HardDiskController::HardDiskController(char const*)
                0x00000000c0014640                HardDiskController::HardDiskController(char const*)
                0x00000000c0014676                HardDiskController::~HardDiskController()
                0x00000000c0014676                HardDiskController::~HardDiskController()
                0x00000000c001469a                HardDiskController::~HardDiskController()
 .text          0x00000000c00146c4       0xf2 hal/diskphys.32
                0x00000000c00146c4                PhysicalDisk::eject()
                0x00000000c00146d8                PhysicalDisk::PhysicalDisk(char const*, int)
                0x00000000c00146d8                PhysicalDisk::PhysicalDisk(char const*, int)
                0x00000000c0014740                PhysicalDisk::startCache()
                0x00000000c0014768                PhysicalDisk::~PhysicalDisk()
                0x00000000c0014768                PhysicalDisk::~PhysicalDisk()
                0x00000000c001478c                PhysicalDisk::~PhysicalDisk()
 .text          0x00000000c00147b6      0x13b hal/fpu.32
                0x00000000c00147b6                FPU::FPU(char const*)
                0x00000000c00147b6                FPU::FPU(char const*)
                0x00000000c00147ec                FPU::~FPU()
                0x00000000c00147ec                FPU::~FPU()
                0x00000000c0014810                FPU::~FPU()
                0x00000000c001483a                setupFPU()
 *fill*         0x00000000c00148f1        0x1 
 .text          0x00000000c00148f2     0x1439 hal/intctrl.32
                0x00000000c00148f2                InterruptController::uninstallISRHandler(int, void (*)(regs*, void*))
                0x00000000c001492a                InterruptController::installISRHandler(int, void (*)(regs*, void*), void*)
                0x00000000c001497c                doubleFault(regs*, void*)
                0x00000000c0014996                InterruptController::installIRQHandler(int, void (*)(regs*, void*), bool, void*)
                0x00000000c0014a32                InterruptController::clearAllHandlers(int, bool)
                0x00000000c0014ada                InterruptController::uninstallIRQHandler(int, void (*)(regs*, void*), bool)
                0x00000000c0014b61                nmiHandler(regs*, void*)
                0x00000000c0014b6f                int_handler
                0x00000000c0014c10                InterruptController::InterruptController(char const*)
                0x00000000c0014c10                InterruptController::InterruptController(char const*)
                0x00000000c0014cb6                InterruptController::~InterruptController()
                0x00000000c0014cb6                InterruptController::~InterruptController()
                0x00000000c0014cda                InterruptController::~InterruptController()
                0x00000000c0014d04                displayDebugInfo(regs*)
                0x00000000c0015193                x87EmulHandler(regs*, void*)
                0x00000000c0015206                gpFault(regs*, void*)
                0x00000000c001523f                pgFault(regs*, void*)
                0x00000000c001527b                otherISRHandler(regs*, void*)
                0x00000000c001529a                opcodeFault(regs*, void*)
                0x00000000c00158b7                displayProgramFault(char const*)
                0x00000000c00158df                setupInterruptController()
                0x00000000c0015cde                InterruptController::convertLegacyIRQNumber(int)
 *fill*         0x00000000c0015d2b        0x1 
 .text          0x00000000c0015d2c      0x794 hal/keybrd.32
                0x00000000c0015d2c                startGUI(void*)
                0x00000000c0015d98                startGUIVESA(void*)
                0x00000000c0015e04                sendKeyToTerminal(unsigned char)
                0x00000000c0015ec2                sendKeyboardToken(KeyboardToken)
                0x00000000c00162ff                clearInternalKeybuffer(VgaText*)
                0x00000000c0016334                readKeyboard(VgaText*, char*, unsigned long)
                0x00000000c0016436                Keyboard::Keyboard(char const*)
                0x00000000c0016436                Keyboard::Keyboard(char const*)
                0x00000000c0016472                Keyboard::~Keyboard()
                0x00000000c0016472                Keyboard::~Keyboard()
                0x00000000c0016496                Keyboard::~Keyboard()
 .text          0x00000000c00164c0      0x414 hal/logidisk.32
                0x00000000c00164c0                LogicalDisk::close(int, int, void*)
                0x00000000c00164c4                LogicalDisk::~LogicalDisk()
                0x00000000c00164c4                LogicalDisk::~LogicalDisk()
                0x00000000c00164e8                LogicalDisk::~LogicalDisk()
                0x00000000c0016512                LogicalDisk::open(int, int, void*)
                0x00000000c0016526                LogicalDisk::absoluteToRelative(unsigned long long)
                0x00000000c001655e                LogicalDisk::relativeToAbsolute(unsigned long long)
                0x00000000c00165a4                LogicalDisk::LogicalDisk(char const*, PhysicalDisk*, unsigned long long, unsigned long long)
                0x00000000c00165a4                LogicalDisk::LogicalDisk(char const*, PhysicalDisk*, unsigned long long, unsigned long long)
                0x00000000c001665a                LogicalDisk::assignDriveLetter()
                0x00000000c0016710                LogicalDisk::mount()
                0x00000000c0016782                LogicalDisk::unmount()
                0x00000000c0016792                LogicalDisk::eject()
                0x00000000c00167a6                LogicalDisk::unassignDriveLetter()
                0x00000000c00167fc                LogicalDisk::read(unsigned long long, int, void*)
                0x00000000c0016868                LogicalDisk::write(unsigned long long, int, void*)
 .text          0x00000000c00168d4       0x84 hal/mouse.32
                0x00000000c00168d4                Mouse::Mouse(char const*)
                0x00000000c00168d4                Mouse::Mouse(char const*)
                0x00000000c001690a                Mouse::~Mouse()
                0x00000000c001690a                Mouse::~Mouse()
                0x00000000c001692e                Mouse::~Mouse()
 .text          0x00000000c0016958      0x359 hal/partition.32
                0x00000000c0016958                makePartition(PhysicalDisk*, unsigned long long, unsigned long long)
                0x00000000c0016a20                createPartitionsForDisk(PhysicalDisk*)
 *fill*         0x00000000c0016cb1        0x1 
 .text          0x00000000c0016cb2       0x84 hal/serial.32
                0x00000000c0016cb2                Serial::Serial(char const*)
                0x00000000c0016cb2                Serial::Serial(char const*)
                0x00000000c0016ce8                Serial::~Serial()
                0x00000000c0016ce8                Serial::~Serial()
                0x00000000c0016d0c                Serial::~Serial()
 .text          0x00000000c0016d36      0x2f3 hal/timer.32
                0x00000000c0016d36                Timer::Timer(char const*)
                0x00000000c0016d36                Timer::Timer(char const*)
                0x00000000c0016d6c                Timer::~Timer()
                0x00000000c0016d6c                Timer::~Timer()
                0x00000000c0016d90                Timer::~Timer()
                0x00000000c0016dba                Timer::read()
                0x00000000c0016dc5                timerHandler(unsigned long long)
                0x00000000c0016f37                setupTimer(int)
 *fill*         0x00000000c0017029        0x1 
 .text          0x00000000c001702a      0x409 hal/vcache.32
                0x00000000c001702a                VCache::VCache(PhysicalDisk*)
                0x00000000c001702a                VCache::VCache(PhysicalDisk*)
                0x00000000c0017192                VCache::invalidateReadBuffer()
                0x00000000c00171a2                VCache::writeWriteBuffer()
                0x00000000c00171de                VCache::~VCache()
                0x00000000c00171de                VCache::~VCache()
                0x00000000c0017232                VCache::~VCache()
                0x00000000c001725a                VCache::write(unsigned long long, int, void*)
                0x00000000c0017344                VCache::read(unsigned long long, int, void*)
 *fill*         0x00000000c0017433        0x1 
 .text          0x00000000c0017434      0x4cd hal/video.32
                0x00000000c0017434                Video::putrect(int, int, int, int, unsigned int)
                0x00000000c0017480                Video::bitblit(int, int, int, int, int, int, int, unsigned int*)
                0x00000000c00174f0                Video::blit(unsigned int*, int, int, int, int)
                0x00000000c001756e                Video::clearScreen(unsigned int)
                0x00000000c00175a2                Video::putpixel(int, int, unsigned int)
                0x00000000c00175b0                Video::Video(char const*)
                0x00000000c00175b0                Video::Video(char const*)
                0x00000000c00175e6                Video::~Video()
                0x00000000c00175e6                Video::~Video()
                0x00000000c001760a                Video::~Video()
                0x00000000c0017634                Video::isMonochrome()
                0x00000000c0017640                Video::getWidth()
                0x00000000c001764c                Video::getHeight()
                0x00000000c0017658                Video::drawCursor(int, int, unsigned char*, int)
                0x00000000c0017714                Video::tgaParse(unsigned char*, int, int*, int*)
                0x00000000c0017896                Video::putTGA(int, int, unsigned char*, int)
 *fill*         0x00000000c0017901        0x1 
 .text          0x00000000c0017902     0x111b hw/acpi.32
                0x00000000c0017902                ACPI::close(int, int, void*)
                0x00000000c00179b7                findRSDP()
                0x00000000c0017a51                loadACPITables(unsigned char*)
                0x00000000c0017ca8                findRSDT(unsigned char*)
                0x00000000c0017df2                findDataTable(unsigned char*, char*)
                0x00000000c0017e8e                scanMADT()
                0x00000000c0018314                ACPI::ACPI()
                0x00000000c0018314                ACPI::ACPI()
                0x00000000c001837e                ACPI::getPCIIRQAssignment(unsigned char, unsigned short, unsigned char)
                0x00000000c0018460                ACPI::registerPCIIRQAssignment(void*, unsigned short, unsigned char, unsigned char)
                0x00000000c0018526                ACPI::setScreenBrightnessLevel(void*, int)
                0x00000000c001852c                ACPI::writeSimpleBootFlag(SimpleBootFlagTable*)
                0x00000000c0018574                ACPI::sleep()
                0x00000000c001858c                ACPI::open(int, int, void*)
 *fill*         0x00000000c0018a1d        0x1 
 .text          0x00000000c0018a1e     0x1717 hw/cpu.32
                0x00000000c0018a1e                CPU::close(int, int, void*)
                0x00000000c0018a22                CPU::lookupAMDName(unsigned char, unsigned char)
                0x00000000c0018bb6                CPU::lookupIntelName(unsigned char, unsigned char)
                0x00000000c0018e64                CPU::AMD_K6_write_msr(unsigned int, unsigned int, unsigned int, CPU::REGS*)
                0x00000000c0018e80                CPU::AMD_K6_read_msr(unsigned int, CPU::REGS*)
                0x00000000c0018e98                CPU::AMD_K6_writeback(int, int, int)
                0x00000000c0018f0c                CPU::cpuid(int, unsigned long*, unsigned long*, unsigned long*, unsigned long*)
                0x00000000c0018f90                CPU::cpuidCheckEDX(unsigned int)
                0x00000000c0018fbe                CPU::cpuidCheckECX(unsigned int)
                0x00000000c0018fec                CPU::cpuidCheckExtendedEBX(unsigned int)
                0x00000000c001901a                CPU::cpuidCheckExtendedECX(unsigned int)
                0x00000000c0019048                CPU::CPU()
                0x00000000c0019048                CPU::CPU()
                0x00000000c00190d6                CPU::displayFeatures()
                0x00000000c0019352                CPU::detectFeatures()
                0x00000000c0019d44                CPU::setupSMEP()
                0x00000000c0019d50                CPU::setupUMIP()
                0x00000000c0019d5a                CPU::setupTSC()
                0x00000000c0019d64                CPU::setupLargePages()
                0x00000000c0019d6e                CPU::setupPAT()
                0x00000000c0019daa                CPU::setupMTRR()
                0x00000000c0019dac                CPU::setupGlobalPages()
                0x00000000c0019db6                CPU::allowUsermodeDataAccess()
                0x00000000c0019dc8                CPU::prohibitUsermodeDataAccess()
                0x00000000c0019dda                CPU::setupSMAP()
                0x00000000c0019de8                CPU::setupFeatures()
                0x00000000c0019e68                CPU::open(int, int, void*)
                0x00000000c0019f3a                CPU::decodeAddress(regs*, int*, bool*, unsigned char*)
 .text          0x00000000c001a135        0x0 hw/ports.32
 .text          0x00000000c001a135      0x16a hw/smp.32
                0x00000000c001a135                Krnl::smpEntry()
                0x00000000c001a137                Krnl::startCPU(int)
                0x00000000c001a280                Krnl::startCPUs()
 *fill*         0x00000000c001a29f        0x1 
 .text          0x00000000c001a2a0      0x5cd krnl/env.32
                0x00000000c001a2a0                EnvVarContainer::getEnv(char const*)
                0x00000000c001a2de                EnvVarContainer::setEnv(char const*, char const*)
                0x00000000c001a3a0                EnvVarContainer::deleteEnv(char const*)
                0x00000000c001a3a2                EnvVarContainer::loadFrom(char const*, char const*)
                0x00000000c001a5a4                EnvVarContainer::__loadSystem()
                0x00000000c001a5be                EnvVarContainer::__loadUser()
                0x00000000c001a5c0                EnvVarContainer::EnvVarContainer(Process*)
                0x00000000c001a5c0                EnvVarContainer::EnvVarContainer(Process*)
                0x00000000c001a5e2                EnvVarContainer::~EnvVarContainer()
                0x00000000c001a5e2                EnvVarContainer::~EnvVarContainer()
                0x00000000c001a612                Krnl::getEnv(Process*, char const*)
                0x00000000c001a677                Krnl::setEnvSystem(char const*, char const*)
                0x00000000c001a691                Krnl::setEnvUser(char const*, char const*)
                0x00000000c001a6b0                Krnl::setEnvProcess(Process*, char const*, char const*)
                0x00000000c001a6c3                Krnl::deleteEnvSystem(char const*)
                0x00000000c001a6c4                Krnl::deleteEnvUser(char const*)
                0x00000000c001a6c5                Krnl::deleteEnvProcess(Process*, char const*)
                0x00000000c001a6c6                Krnl::newProcessEnv(Process*)
                0x00000000c001a6e8                Krnl::copyProcessEnv(Process*, Process*)
                0x00000000c001a734                Krnl::loadSystemEnv()
                0x00000000c001a762                Krnl::loadUserEnv()
                0x00000000c001a788                Krnl::flushEnv()
                0x00000000c001a789                Krnl::getProcessTotalEnvCount(Process*)
                0x00000000c001a7a9                Krnl::getProcessEnvPair(Process*, int)
 .text          0x00000000c001a86d      0x396 krnl/panic.32
                0x00000000c001a86d                Krnl::panic(char const*)
 .text          0x00000000c001ac03      0x57f net/ethernet.32
                0x00000000c001ac03                Net::switchEndian16(unsigned short)
                0x00000000c001ac24                Net::switchEndian32(unsigned int)
                0x00000000c001ac53                Net::crc32Calc(unsigned char*, int)
                0x00000000c001ace4                Net::wrapEthernetFrame(Net::UnwrappedEthernetFrame, unsigned char*)
                0x00000000c001aef7                Net::unwrapEthernetFrame(unsigned char*, int)
 .text          0x00000000c001b182      0x50e reg/registry.32
                0x00000000c001b182                Reg::findLineFromLoadedData(char*, char*, char*)
                0x00000000c001b2da                Reg::getLineFromRegistry(char*, char*, char*, char*)
                0x00000000c001b42f                Reg::getLine(char*, char*, char*)
                0x00000000c001b466                Reg::readInt(char*, char*, int*)
                0x00000000c001b551                Reg::readString(char*, char*, char*, int)
                0x00000000c001b5d2                Reg::readBool(char*, char*, bool*)
                0x00000000c001b5f7                Reg::readBoolWithDefault(char*, char*, bool)
                0x00000000c001b623                Reg::readIntWithDefault(char*, char*, int)
                0x00000000c001b64f                Reg::readStringWithDefault(char*, char*, char*, int, char*)
 .text          0x00000000c001b690       0x36 sys/sc_eject.32
                0x00000000c001b690                Sys::eject(regs*)
 .text          0x00000000c001b6c6       0x18 sys/sc_exit.32
                0x00000000c001b6c6                Sys::exit(regs*)
 .text          0x00000000c001b6de       0x1f sys/sc_getcwd.32
                0x00000000c001b6de                Sys::getCwd(regs*)
 .text          0x00000000c001b6fd        0xc sys/sc_getpid.32
                0x00000000c001b6fd                Sys::getPID(regs*)
 .text          0x00000000c001b709       0x17 sys/sc_getramdata.32
                0x00000000c001b709                Sys::getRAMData(regs*)
 .text          0x00000000c001b720       0x84 sys/sc_getvgaptr.32
                0x00000000c001b720                Sys::getVGAPtr(regs*)
 .text          0x00000000c001b7a4       0xa8 sys/sc_loaddll.32
                0x00000000c001b7a4                Sys::loadDLL(regs*)
 .text          0x00000000c001b84c       0x68 sys/sc_read.32
                0x00000000c001b84c                Sys::read(regs*)
 .text          0x00000000c001b8b4       0x55 sys/sc_sbrk.32
                0x00000000c001b8b4                Sys::sbrk(regs*)
 .text          0x00000000c001b909       0x1c sys/sc_setcwd.32
                0x00000000c001b909                Sys::setCwd(regs*)
 .text          0x00000000c001b925      0x128 sys/sc_settime.32
                0x00000000c001b925                Sys::setTime(regs*)
 .text          0x00000000c001ba4d       0x4a sys/sc_timezone.32
                0x00000000c001ba4d                Sys::timezone(regs*)
 .text          0x00000000c001ba97       0x68 sys/sc_write.32
                0x00000000c001ba97                Sys::write(regs*)
 .text          0x00000000c001baff       0x62 sys/sc_wsbe.32
                0x00000000c001baff                Sys::wsbe(regs*)
 .text          0x00000000c001bb61       0x46 sys/sc_yield.32
                0x00000000c001bb61                Sys::yield(regs*)
 .text          0x00000000c001bba7     0x1101 sys/syscalls.32
                0x00000000c001bba7                sysCallSeekDir(regs*)
                0x00000000c001bbac                sysCallTellDir(regs*)
                0x00000000c001bbb1                sysCallVerify(regs*)
                0x00000000c001bbbb                sysFormatDisk(regs*)
                0x00000000c001bc25                sysSetDiskVolumeLabel(regs*)
                0x00000000c001bc6b                sysGetDiskVolumeLabel(regs*)
                0x00000000c001bcbc                sysShutdown(regs*)
                0x00000000c001bd1a                sysCallRealpath(regs*)
                0x00000000c001bd5d                sysCallGetArgc(regs*)
                0x00000000c001bd8b                sysCallReadDir(regs*)
                0x00000000c001be19                sysCallIsATTY(regs*)
                0x00000000c001be73                sysCallSeek(regs*)
                0x00000000c001bedc                sysCallTell(regs*)
                0x00000000c001bf59                sysCallSize(regs*)
                0x00000000c001bfdc                sysCallSizeFromFilename(regs*)
                0x00000000c001c09c                sysCallClose(regs*)
                0x00000000c001c124                sysCallOpenDir(regs*)
                0x00000000c001c199                sysCallCloseDir(regs*)
                0x00000000c001c1ff                sysCallMakeDir(regs*)
                0x00000000c001c26f                sysCallWait(regs*)
                0x00000000c001c289                sysCallNotImpl(regs*)
                0x00000000c001c2a4                sysPanic(regs*)
                0x00000000c001c2ca                sysCallRmdir(regs*)
                0x00000000c001c32e                sysCallUnlink(regs*)
                0x00000000c001c392                sysCallGetArgv(regs*)
                0x00000000c001c3de                sysCallTTYName(regs*)
                0x00000000c001c461                sysCallUSleep(regs*)
                0x00000000c001c488                sysCallSpawn(regs*)
                0x00000000c001c4fd                sysCallGetEnv(regs*)
                0x00000000c001c635                sysAppSettings(regs*)
                0x00000000c001c749                sysSetFatAttrib(regs*)
                0x00000000c001c7bb                sysPipe(regs*)
                0x00000000c001c800                sysGetUnixTime(regs*)
                0x00000000c001c814                string_ends_with(char const*, char const*)
                0x00000000c001c85c                sysCallOpen(regs*)
                0x00000000c001ca71                Sys::loadSyscalls()
                0x00000000c001cc66                Sys::systemCall(regs*, void*)
 .text          0x00000000c001cca8     0x11fd thr/elf.32
                0x00000000c001cca8                Thr::allocateMemoryForTask(Process*, File*, unsigned long, unsigned long, unsigned long)
                0x00000000c001cf52                Thr::loadProgramIntoMemory(Process*, char const*)
                0x00000000c001d168                Thr::runtimeReferenceHelper()
                0x00000000c001d17b                Thr::getAddressOfKernelSymbol(char const*)
                0x00000000c001d1ca                Thr::loadKernelSymbolTable(char const*)
                0x00000000c001d488                Thr::loadDriverIntoMemory(char const*, unsigned long, bool)
                0x00000000c001dbbe                Thr::getDriverBaseFromAddress(unsigned long)
                0x00000000c001dbf0                Thr::getDriverNameFromAddress(unsigned long)
                0x00000000c001dc27                Thr::getDriverOffsetFromAddress(unsigned long)
                0x00000000c001dc41                Thr::loadDLL(char const*, bool)
                0x00000000c001de6c                Thr::executeDLL(unsigned long, void*)
 *fill*         0x00000000c001dea5        0x1 
 .text          0x00000000c001dea6     0x1315 thr/prcssthr.32
                0x00000000c001dea6                userModeEntryPoint(void*)
                0x00000000c001decc                changeTSS
                0x00000000c001defc                switchToThread(ThreadControlBlock*)
                0x00000000c001dfa6                Process::addArgs(char**)
                0x00000000c001e000                Process::Process(char const*, Process*, char**)
                0x00000000c001e000                Process::Process(char const*, Process*, char**)
                0x00000000c001e1e4                Process::Process(bool, char const*, Process*, char**)
                0x00000000c001e1e4                Process::Process(bool, char const*, Process*, char**)
                0x00000000c001e393                taskStartupFunction
                0x00000000c001e39c                Semaphore::Semaphore(int)
                0x00000000c001e39c                Semaphore::Semaphore(int)
                0x00000000c001e3ca                Mutex::Mutex()
                0x00000000c001e3ca                Mutex::Mutex()
                0x00000000c001e3dc                Process::createThread(void (*)(void*), void*, int)
                0x00000000c001e4e2                Process::createUserThread()
                0x00000000c001e4fe                setupMultitasking(void (*)())
                0x00000000c001e620                schedule()
                0x00000000c001e6a6                Semaphore::tryAcquire()
                0x00000000c001e762                Semaphore::assertLocked(char const*)
                0x00000000c001e7d1                blockTaskWithSchedulerLockAlreadyHeld(TaskState)
                0x00000000c001e81f                blockTask(TaskState)
                0x00000000c001e84c                waitTask(int, int*, int)
                0x00000000c001e88e                nanoSleepUntil(unsigned long long)
                0x00000000c001e923                nanoSleep(unsigned long long)
                0x00000000c001e93b                sleep(unsigned long long)
                0x00000000c001e958                Semaphore::acquire()
                0x00000000c001e9fa                taskReturned
                0x00000000c001ea35                Thr::processFromPID(int)
                0x00000000c001eae4                unblockTask(ThreadControlBlock*)
                0x00000000c001eb91                cleanupTerminatedTask(ThreadControlBlock*)
                0x00000000c001ee5a                cleanerTaskFunction(void*)
                0x00000000c001ef53                terminateTask(int)
                0x00000000c001f085                Thr::terminateFromIRQ(int)
                0x00000000c001f092                Semaphore::release()
 .text          0x00000000c001f1bb      0xc53 vm86/vm8086.32
                0x00000000c001f1bb                Vm::inbv(unsigned short)
                0x00000000c001f1ce                Vm::outbv(unsigned short, unsigned char)
                0x00000000c001f221                Vm::realToLinear(unsigned short, unsigned short)
                0x00000000c001f231                Vm::getSegment(unsigned int)
                0x00000000c001f239                Vm::getOffset(unsigned int)
                0x00000000c001f23e                Vm::mainloop2()
                0x00000000c001f278                Vm::mainVm8086Loop(void*)
                0x00000000c001f288                Vm::mainloop3(unsigned long)
                0x00000000c001f2ae                Vm::initialise8086()
                0x00000000c001f2f1                Vm::finish8086()
                0x00000000c001f352                Vm::getOutput8086(unsigned char*)
                0x00000000c001f377                Vm::start8086(char const*, unsigned short, unsigned short, unsigned short, unsigned short)
                0x00000000c001f4df                Vm::doISR(regs*, int, unsigned char*, unsigned short, unsigned short)
                0x00000000c001f569                Vm::readByteFromReal(unsigned short, unsigned short)
                0x00000000c001f57a                Vm::readWordFromReal(unsigned short, unsigned short)
                0x00000000c001f58c                Vm::readDwordFromReal(unsigned short, unsigned short)
                0x00000000c001f59d                Vm::writeByteFromReal(unsigned short, unsigned short, unsigned char)
                0x00000000c001f5b2                Vm::writeWordFromReal(unsigned short, unsigned short, unsigned short)
                0x00000000c001f5c8                Vm::writeDwordFromReal(unsigned short, unsigned short, unsigned int)
                0x00000000c001f5dd                Vm::faultHandler(regs*)
 .text          0x00000000c001fe0e      0xefd vm86/x87em.32
                0x00000000c001fe0e                Vm::fpuInternalTo32(unsigned long long)
                0x00000000c001fe69                Vm::fpuInternalTo64(unsigned long long)
                0x00000000c001fe72                Vm::fpu32ToInternal(unsigned int)
                0x00000000c001feb7                Vm::fpu64ToInternal(unsigned long long)
                0x00000000c001fec0                Vm::fpuFloatToLong(unsigned long long)
                0x00000000c001ff1b                Vm::fpuULongToFloat(unsigned long long)
                0x00000000c001ff51                Vm::fpuLongToFloat(long long)
                0x00000000c001ffa7                Vm::fpuGet0()
                0x00000000c001ffac                Vm::fpuGet1()
                0x00000000c001ffb4                Vm::fpuGetPi()
                0x00000000c001ffbc                Vm::fpuGetLog2E()
                0x00000000c001ffd4                Vm::fpuGetLogE2()
                0x00000000c001ffec                Vm::fpuGetLog210()
                0x00000000c0020004                Vm::fpuGetLog102()
                0x00000000c002001c                Vm::fpuIsSecondLarger(unsigned long long, unsigned long long)
                0x00000000c0020030                Vm::fpuAreEqual(unsigned long long, unsigned long long)
                0x00000000c0020046                Vm::fpuUnorderedCompare(unsigned long long, unsigned long long)
                0x00000000c0020099                Vm::fpuAdd(unsigned long long, unsigned long long)
                0x00000000c00200aa                Vm::fpuAbs(unsigned long long)
                0x00000000c00200b3                Vm::fpuChs(unsigned long long)
                0x00000000c00200c3                Vm::fpuSub(unsigned long long, unsigned long long)
                0x00000000c00200d2                Vm::fpuMultiply(unsigned long long, unsigned long long)
                0x00000000c00200f1                Vm::fpuDivide(unsigned long long, unsigned long long)
                0x00000000c002010d                Vm::fpuSquare(unsigned long long)
                0x00000000c0020123                Vm::fpuGetReg(int)
                0x00000000c0020166                Vm::fpuSetReg(int, unsigned long long)
                0x00000000c00201b1                Vm::fpuPush(unsigned long long)
                0x00000000c002020e                Vm::fpuPop()
                0x00000000c0020260                Vm::x87Handler(regs*)
 *fill*         0x00000000c0020d0b        0x1 
 .text          0x00000000c0020d0c     0x1203 fs/fat/vfslink.32
                0x00000000c0020d0c                FAT::getName()
                0x00000000c0020d12                FAT::tell(void*, unsigned long long*)
                0x00000000c0020d46                FAT::stat(void*, unsigned long long*)
                0x00000000c0020d7a                FAT::~FAT()
                0x00000000c0020d7a                FAT::~FAT()
                0x00000000c0020d9e                FAT::~FAT()
                0x00000000c0020dc6                FAT::getlabel(LogicalDisk*, int, char*, unsigned int*)
                0x00000000c0020e64                FAT::setlabel(LogicalDisk*, int, char*)
                0x00000000c0020f1e                FAT::format(LogicalDisk*, int, char const*, int)
                0x00000000c0021102                FAT::tryMount(LogicalDisk*, int)
                0x00000000c0021308                FAT::getFileFirstSector(char const*)
                0x00000000c00213ca                FAT::readDir(void*, unsigned long, void*, int*)
                0x00000000c0021524                FAT::read(void*, unsigned long, void*, int*)
                0x00000000c002157e                FAT::write(void*, unsigned long, void*, int*)
                0x00000000c00215d8                FAT::close(void*)
                0x00000000c0021624                FAT::closeDir(void*)
                0x00000000c0021670                FAT::seek(void*, unsigned long long)
                0x00000000c00216c4                fatWrapperReadDisk
                0x00000000c002170b                fatWrapperWriteDisk
                0x00000000c0021752                fatWrapperIoctl
                0x00000000c0021856                FAT::FAT()
                0x00000000c0021856                FAT::FAT()
                0x00000000c00218a8                FAT::fixFilepath(char*)
                0x00000000c00218e0                FAT::open(char const*, void**, FileOpenMode)
                0x00000000c0021a08                FAT::openDir(char const*, void**)
                0x00000000c0021aae                FAT::stat(char const*, unsigned long long*, bool*)
                0x00000000c0021b98                FAT::unlink(char const*)
                0x00000000c0021c12                FAT::chfatattr(char const*, unsigned char, unsigned char)
                0x00000000c0021d66                FAT::rename(char const*, char const*)
                0x00000000c0021e2a                FAT::mkdir(char const*)
                0x00000000c0021ea4                FAT::exists(char const*)
 *fill*         0x00000000c0021f0f        0x1 
 .text          0x00000000c0021f10      0xba5 fs/iso9660/vfslink.32
                0x00000000c0021f10                ISO9660::format(LogicalDisk*, int, char const*, int)
                0x00000000c0021f16                ISO9660::seek(void*, unsigned long long)
                0x00000000c0021f46                ISO9660::tell(void*, unsigned long long*)
                0x00000000c0021f6a                ISO9660::getName()
                0x00000000c0021f70                ISO9660::stat(void*, unsigned long long*)
                0x00000000c0021f94                ISO9660::chfatattr(char const*, unsigned char, unsigned char)
                0x00000000c0021f9a                ISO9660::unlink(char const*)
                0x00000000c0021fa0                ISO9660::write(void*, unsigned long, void*, int*)
                0x00000000c0021fa6                ISO9660::rename(char const*, char const*)
                0x00000000c0021fac                ISO9660::mkdir(char const*)
                0x00000000c0021fb2                ISO9660::close(void*)
                0x00000000c0021fd4                ISO9660::closeDir(void*)
                0x00000000c0021ff6                ISO9660::~ISO9660()
                0x00000000c0021ff6                ISO9660::~ISO9660()
                0x00000000c002201a                ISO9660::~ISO9660()
                0x00000000c0022041                __memmem(unsigned char*, int, unsigned char*, int)
                0x00000000c0022083                readSectorFromCDROM(unsigned int, unsigned char*, char)
                0x00000000c00220de                ISO9660::tryMount(LogicalDisk*, int)
                0x00000000c002212e                ISO9660::read(void*, unsigned long, void*, int*)
                0x00000000c0022332                ISO9660::readDir(void*, unsigned long, void*, int*)
                0x00000000c00225ac                readRoot(unsigned int*, unsigned int*, char)
                0x00000000c0022600                readRecursively(char*, unsigned int, unsigned int, unsigned int*, unsigned int*, char, int*)
                0x00000000c00227d3                getFileData(char*, unsigned int*, unsigned int*, char, int*)
                0x00000000c0022862                ISO9660::open(char const*, void**, FileOpenMode)
                0x00000000c0022922                ISO9660::exists(char const*)
                0x00000000c0022946                ISO9660::stat(char const*, unsigned long long*, bool*)
                0x00000000c00229da                ISO9660::openDir(char const*, void**)
                0x00000000c0022a92                ISO9660::ISO9660()
                0x00000000c0022a92                ISO9660::ISO9660()
 *fill*         0x00000000c0022ab5        0x1 
 .text          0x00000000c0022ab6      0x326 hal/sound/sndchannel.32
                0x00000000c0022ab6                SoundChannel::~SoundChannel()
                0x00000000c0022ab6                SoundChannel::~SoundChannel()
                0x00000000c0022ad2                SoundChannel::setSpeed(float)
                0x00000000c0022ade                SoundChannel::getSpeed()
                0x00000000c0022ae6                SoundChannel::setVolume(int)
                0x00000000c0022b02                SoundChannel::getVolume()
                0x00000000c0022b0a                SoundChannel::pause()
                0x00000000c0022b14                SoundChannel::SoundChannel(int, int, int, int)
                0x00000000c0022b14                SoundChannel::SoundChannel(int, int, int, int)
                0x00000000c0022c6a                SoundChannel::play()
                0x00000000c0022c74                SoundChannel::paused()
                0x00000000c0022c7c                SoundChannel::getSampleRate()
                0x00000000c0022c84                SoundChannel::getBits()
                0x00000000c0022c8c                SoundChannel::getBufferUsed()
                0x00000000c0022c94                SoundChannel::getBufferSize()
                0x00000000c0022c9c                SoundChannel::unbuffer(float*, int, int)
                0x00000000c0022d3c                SoundChannel::buffer8(unsigned char*, int)
 .text          0x00000000c0022ddc      0x3d5 hal/sound/sndhw.32
                0x00000000c0022ddc                SoundDevice::SoundDevice(char const*)
                0x00000000c0022ddc                SoundDevice::SoundDevice(char const*)
                0x00000000c0022e48                SoundDevice::~SoundDevice()
                0x00000000c0022e48                SoundDevice::~SoundDevice()
                0x00000000c0022ec2                SoundDevice::~SoundDevice()
                0x00000000c0022eec                SoundDevice::getFreeChannelNum()
                0x00000000c0022f06                SoundDevice::addChannel(SoundChannel*)
                0x00000000c0022f76                SoundDevice::removeChannel(int)
                0x00000000c0022fa8                SoundDevice::floatTo8(float*, unsigned char*, int)
                0x00000000c0023090                SoundDevice::getAudio(int, float*, float*)
 .text          0x00000000c00231b1        0x0 hw/bus/isa.32
 *fill*         0x00000000c00231b1        0x1 
 .text          0x00000000c00231b2      0x795 hw/bus/pci.32
                0x00000000c00231b2                PCI::open(int, int, void*)
                0x00000000c00231c6                PCI::close(int, int, void*)
                0x00000000c00231ca                PCI::PCI()
                0x00000000c00231ca                PCI::PCI()
                0x00000000c002324a                PCI::readBAR8(unsigned int, int)
                0x00000000c0023266                PCI::readBAR16(unsigned int, int)
                0x00000000c0023284                PCI::readBAR32(unsigned int, int)
                0x00000000c00232a0                PCI::writeBAR8(unsigned int, unsigned char, int)
                0x00000000c00232c0                PCI::writeBAR16(unsigned int, unsigned short, int)
                0x00000000c00232e2                PCI::writeBAR32(unsigned int, unsigned int, int)
                0x00000000c0023302                PCI::pciReadWord(unsigned char, unsigned char, unsigned char, unsigned char)
                0x00000000c002334a                PCI::getVendorID(unsigned char, unsigned char, unsigned char)
                0x00000000c002336c                PCI::getHeaderType(unsigned char, unsigned char, unsigned char)
                0x00000000c0023390                PCI::getClassCode(unsigned char, unsigned char, unsigned char)
                0x00000000c00233d4                PCI::getProgIF(unsigned char, unsigned char, unsigned char)
                0x00000000c00233f8                PCI::getRevisionID(unsigned char, unsigned char, unsigned char)
                0x00000000c002341a                PCI::getInterruptNumber(unsigned char, unsigned char, unsigned char)
                0x00000000c002343c                PCI::getSecondaryBus(unsigned char, unsigned char, unsigned char)
                0x00000000c0023460                PCI::getBARAddress(unsigned char, unsigned char, unsigned char, unsigned char)
                0x00000000c00234c0                PCI::pciWriteWord(unsigned char, unsigned char, unsigned char, unsigned char, unsigned short)
                0x00000000c002352c                PCI::pciDetailsToFilepath(PCIDeviceInfo)
                0x00000000c0023530                PCI::checkBus(unsigned char)
                0x00000000c0023554                PCI::foundDevice(PCIDeviceInfo)
                0x00000000c00236dc                PCI::getDeviceData(unsigned char, unsigned char, unsigned char)
                0x00000000c0023888                PCI::checkDevice(unsigned char, unsigned char)
                0x00000000c00238f4                PCI::detect()
 *fill*         0x00000000c0023947        0x1 
 .text          0x00000000c0023948      0xc70 hw/diskctrl/ide.32
                0x00000000c0023948                IDE::close(int, int, void*)
                0x00000000c002394c                IDE::IDE()
                0x00000000c002394c                IDE::IDE()
                0x00000000c0023980                IDE::prepareInterrupt(unsigned char)
                0x00000000c0023992                selectDrive(unsigned char, unsigned char)
                0x00000000c0023994                IDE::getBase(unsigned char)
                0x00000000c00239a6                IDE::write(unsigned char, unsigned char, unsigned char)
                0x00000000c0023a66                IDE::read(unsigned char, unsigned char)
                0x00000000c0023b14                IDE::waitInterrupt(unsigned char)
                0x00000000c0023b7a                ideChannel0IRQHandler(regs*, void*)
                0x00000000c0023b96                ideChannel1IRQHandler(regs*, void*)
                0x00000000c0023bb2                IDE::enableIRQs(unsigned char, bool)
                0x00000000c0023bf8                IDE::open(int, int, void*)
                0x00000000c0024008                IDE::readBuffer(unsigned char, unsigned char, unsigned int, unsigned int)
                0x00000000c00240d4                IDE::detect()
                0x00000000c00243bc                IDE::printError(unsigned char, unsigned char, unsigned char)
                0x00000000c0024552                IDE::polling(unsigned char, unsigned int)
 .text          0x00000000c00245b8      0x390 hw/diskctrl/satabus.32
                0x00000000c00245b8                SATABus::close(int, int, void*)
                0x00000000c00245bc                SATABus::detect()
                0x00000000c00245be                SATABus::SATABus()
                0x00000000c00245be                SATABus::SATABus()
                0x00000000c002466a                SATABus::findCmdslot(SATABus::tagHBA_PORT volatile*)
                0x00000000c00246b2                SATABus::checkType(SATABus::tagHBA_PORT volatile*)
                0x00000000c00246fa                SATABus::startCmd(SATABus::tagHBA_PORT volatile*)
                0x00000000c002471a                SATABus::stopCmd(SATABus::tagHBA_PORT volatile*)
                0x00000000c0024744                SATABus::portRebase(SATABus::tagHBA_PORT volatile*, int)
                0x00000000c002484a                SATABus::probePort(SATABus::tagHBA_MEM volatile*)
                0x00000000c0024928                SATABus::open(int, int, void*)
 .text          0x00000000c0024948      0x63c hw/diskphys/ata.32
                0x00000000c0024948                ATA::close(int, int, void*)
                0x00000000c002496c                ATA::powerSaving(PowerSavingLevel)
                0x00000000c002496e                ATA::ATA()
                0x00000000c002496e                ATA::ATA()
                0x00000000c002499c                ATA::flush(bool)
                0x00000000c00249e6                ATA::readyForCommand()
                0x00000000c0024a36                ATA::access(unsigned long long, int, void*, bool)
                0x00000000c0024dbe                ATA::read(unsigned long long, int, void*)
                0x00000000c0024e26                ATA::write(unsigned long long, int, void*)
                0x00000000c0024e8e                ATA::detectCHS()
                0x00000000c0024eb8                ATA::open(int, int, void*)
 .text          0x00000000c0024f84      0x5bd hw/diskphys/atapi.32
                0x00000000c0024f84                ATAPI::write(unsigned long long, int, void*)
                0x00000000c0024f8a                ATAPI::close(int, int, void*)
                0x00000000c0024fae                ATAPI::ATAPI()
                0x00000000c0024fae                ATAPI::ATAPI()
                0x00000000c0024fdc                ATAPI::readyForCommand()
                0x00000000c002502c                ATAPI::sendPacket(unsigned char*, int, bool, unsigned short*, int)
                0x00000000c00252ec                ATAPI::diskRemoved()
                0x00000000c0025308                ATAPI::eject()
                0x00000000c0025350                ATAPI::diskInserted()
                0x00000000c002537e                ATAPI::detectMedia()
                0x00000000c002543a                ATAPI::open(int, int, void*)
                0x00000000c00254c2                ATAPI::read(unsigned long long, int, void*)
 *fill*         0x00000000c0025541        0x1 
 .text          0x00000000c0025542      0x451 hw/diskphys/sata.32
                0x00000000c0025542                SATA::close(int, int, void*)
                0x00000000c0025566                SATA::powerSaving(PowerSavingLevel)
                0x00000000c0025568                SATA::open(int, int, void*)
                0x00000000c0025612                SATA::SATA()
                0x00000000c0025612                SATA::SATA()
                0x00000000c0025640                SATA::access(unsigned long long, int, void*, bool)
                0x00000000c00258a6                SATA::read(unsigned long long, int, void*)
                0x00000000c002590e                SATA::write(unsigned long long, int, void*)
 *fill*         0x00000000c0025993        0x1 
 .text          0x00000000c0025994      0x4fe hw/diskphys/satapi.32
                0x00000000c0025994                SATAPI::write(unsigned long long, int, void*)
                0x00000000c002599a                SATAPI::close(int, int, void*)
                0x00000000c00259be                SATAPI::SATAPI()
                0x00000000c00259be                SATAPI::SATAPI()
                0x00000000c00259ec                SATAPI::diskRemoved()
                0x00000000c0025a08                SATAPI::diskInserted()
                0x00000000c0025a36                SATAPI::sendPacket(unsigned char*, int, unsigned long long, unsigned short*, int)
                0x00000000c0025c3e                SATAPI::eject()
                0x00000000c0025c86                SATAPI::detectMedia()
                0x00000000c0025d48                SATAPI::open(int, int, void*)
                0x00000000c0025df0                SATAPI::read(unsigned long long, int, void*)
 .text          0x00000000c0025e92       0x8e hw/fpu/avx.32
                0x00000000c0025e92                AVX::open(int, int, void*)
                0x00000000c0025ea4                AVX::close(int, int, void*)
                0x00000000c0025eb6                AVX::available()
                0x00000000c0025ec8                AVX::save(void*)
                0x00000000c0025ee0                AVX::load(void*)
                0x00000000c0025ef8                AVX::AVX()
                0x00000000c0025ef8                AVX::AVX()
 .text          0x00000000c0025f20       0x90 hw/fpu/mmx.32
                0x00000000c0025f20                MMX::available()
                0x00000000c0025f34                MMX::open(int, int, void*)
                0x00000000c0025f46                MMX::close(int, int, void*)
                0x00000000c0025f58                MMX::save(void*)
                0x00000000c0025f70                MMX::load(void*)
                0x00000000c0025f88                MMX::MMX()
                0x00000000c0025f88                MMX::MMX()
 .text          0x00000000c0025fb0       0x96 hw/fpu/sse.32
                0x00000000c0025fb0                SSE::open(int, int, void*)
                0x00000000c0025fc2                SSE::close(int, int, void*)
                0x00000000c0025fd4                SSE::available()
                0x00000000c0025fee                SSE::save(void*)
                0x00000000c0026006                SSE::load(void*)
                0x00000000c002601e                SSE::SSE()
                0x00000000c002601e                SSE::SSE()
 .text          0x00000000c0026046       0x8e hw/fpu/x87.32
                0x00000000c0026046                x87::open(int, int, void*)
                0x00000000c0026058                x87::close(int, int, void*)
                0x00000000c002606a                x87::available()
                0x00000000c002607c                x87::save(void*)
                0x00000000c0026094                x87::load(void*)
                0x00000000c00260ac                x87::x87()
                0x00000000c00260ac                x87::x87()
 .text          0x00000000c00260d4      0x71e hw/intctrl/apic.32
                0x00000000c00260d4                APIC::disable()
                0x00000000c00260d6                APIC::close(int, int, void*)
                0x00000000c00260f8                IOAPIC::close(int, int, void*)
                0x00000000c00260fe                APIC::io_wait()
                0x00000000c0026104                APIC::getBase()
                0x00000000c0026146                APIC::eoi(unsigned char)
                0x00000000c0026174                APIC::open(int, int, void*)
                0x00000000c00262c2                IOAPIC::IOAPIC()
                0x00000000c00262c2                IOAPIC::IOAPIC()
                0x00000000c00262ea                APIC::APIC()
                0x00000000c00262ea                APIC::APIC()
                0x00000000c00263c6                IOAPIC::handlesGSIWithNumber(unsigned int)
                0x00000000c00263f8                IOAPIC::read(int)
                0x00000000c0026420                IOAPIC::open(int, int, void*)
                0x00000000c0026516                IOAPIC::write(int, int)
                0x00000000c0026542                IOAPIC::redirect(unsigned char, unsigned long long, unsigned char, bool, bool)
                0x00000000c002663c                APIC::installIRQHandler(int, void (*)(regs*, void*), bool, void*)
 .text          0x00000000c00267f2      0x3d3 hw/intctrl/pic.32
                0x00000000c00267f2                PIC::disable()
                0x00000000c0026820                PIC::close(int, int, void*)
                0x00000000c0026842                PIC::PIC()
                0x00000000c0026842                PIC::PIC()
                0x00000000c0026918                PIC::ioWait()
                0x00000000c002691e                PIC::getIRQReg(int)
                0x00000000c0026988                PIC::eoi(unsigned char)
                0x00000000c0026a1a                PIC::remap()
                0x00000000c0026b86                PIC::open(int, int, void*)
 *fill*         0x00000000c0026bc5        0x1 
 .text          0x00000000c0026bc6      0x25e hw/timer/apictimer.32
                0x00000000c0026bc6                APICTimer::close(int, int, void*)
                0x00000000c0026bcc                apicTimerHandler(regs*, void*)
                0x00000000c0026bfa                APICTimer::write(int)
                0x00000000c0026cfe                APICTimer::open(int, int, void*)
                0x00000000c0026dfc                APICTimer::APICTimer()
                0x00000000c0026dfc                APICTimer::APICTimer()
 .text          0x00000000c0026e24      0x1a7 hw/timer/pit.32
                0x00000000c0026e24                PIT::write(int)
                0x00000000c0026ea2                pitHandler(regs*, void*)
                0x00000000c0026ece                PIT::open(int, int, void*)
                0x00000000c0026f1c                PIT::close(int, int, void*)
                0x00000000c0026f4c                PIT::PIT()
                0x00000000c0026f4c                PIT::PIT()
 *fill*         0x00000000c0026fcb        0x5 
 .text          0x00000000c0026fd0       0x1e hw/fpu/x86/avx.32
                0x00000000c0026fd0                avxDetect
                0x00000000c0026fd6                avxSave
                0x00000000c0026fd7                avxLoad
                0x00000000c0026fd8                avxInit
                0x00000000c0026fd9                avxClose
                0x00000000c0026fda                wouldSheSayYes
 *fill*         0x00000000c0026fee        0x2 
 .text          0x00000000c0026ff0       0x35 hw/fpu/x86/sse.32
                0x00000000c0026ff0                absolutelyNoChanceInHell
                0x00000000c0026ff0                sseDetect
                0x00000000c0027008                sseSave
                0x00000000c002700e                sseLoad
                0x00000000c0027014                sseInit
                0x00000000c0027024                sseClose
 *fill*         0x00000000c0027025        0xb 
 .text          0x00000000c0027030       0x4d hw/fpu/x86/x87.32
                0x00000000c0027036                x87Detect
                0x00000000c0027051                x87Save
                0x00000000c002705a                x87Load
                0x00000000c0027062                x87Init
                0x00000000c002707c                x87Close
 *fill*         0x00000000c002707d        0x3 
 .text          0x00000000c0027080       0x25 /cygdrive/d/Users/Alex/Desktop/Toolchain/Output/bin/../lib/gcc/i386-banana/8.1.0/crtend.o
 .text          0x00000000c00270a5        0x0 crtn.32
 *fill*         0x00000000c00270a5        0x3 
 .text          0x00000000c00270a8      0x14b /cygdrive/d/Users/Alex/Desktop/Toolchain/Output/bin/../lib/gcc/i386-banana/8.1.0/libkgcc.a(_divdi3.o)
                0x00000000c00270a8                __divdi3
 *fill*         0x00000000c00271f3        0x1 
 .text          0x00000000c00271f4      0x17e /cygdrive/d/Users/Alex/Desktop/Toolchain/Output/bin/../lib/gcc/i386-banana/8.1.0/libkgcc.a(_moddi3.o)
                0x00000000c00271f4                __moddi3
 *fill*         0x00000000c0027372        0x2 