Archive member included to satisfy reference by file (symbol)

/cygdrive/d/Users/Alex/Desktop/Toolchain/Output/bin/../lib/gcc/i386-banana/8.1.0/libkgcc.a(_divdi3.o)
                              krnl/resolve.32 (__divdi3)
/cygdrive/d/Users/Alex/Desktop/Toolchain/Output/bin/../lib/gcc/i386-banana/8.1.0/libkgcc.a(_moddi3.o)
                              krnl/resolve.32 (__moddi3)
/cygdrive/d/Users/Alex/Desktop/Toolchain/Output/bin/../lib/gcc/i386-banana/8.1.0/libkgcc.a(_udivdi3.o)
                              hal/clock.32 (__udivdi3)
/cygdrive/d/Users/Alex/Desktop/Toolchain/Output/bin/../lib/gcc/i386-banana/8.1.0/libkgcc.a(_umoddi3.o)
                              core/pipe.32 (__umoddi3)

Allocating common symbols
Common symbol       size              file

dcache              0x40              fs/iso9660/iso9660.32
cdDriveLetter       0x1               fs/iso9660/iso9660.32
icache              0x40              fs/iso9660/iso9660.32

Discarded input sections

 .comment       0x0000000000000000       0x12 /cygdrive/d/Users/Alex/Desktop/Toolchain/Output/bin/../lib/gcc/i386-banana/8.1.0/crtbegin.o
 .comment       0x0000000000000000       0x12 acpica/utclib.32
 .comment       0x0000000000000000       0x12 core/malloc.32
 .comment       0x0000000000000000       0x12 libk/ctype.32
 .comment       0x0000000000000000       0x12 libk/string.32
 .comment       0x0000000000000000       0x12 fs/fat/diskio.32
 .comment       0x0000000000000000       0x12 fs/fat/ff.32
 .comment       0x0000000000000000       0x12 fs/fat/ffsystem.32
 .comment       0x0000000000000000       0x12 fs/fat/ffunicode.32
 .comment       0x0000000000000000       0x12 fs/iso9660/iso9660.32
 .group         0x0000000000000000       0x14 core/computer.32
 .group         0x0000000000000000        0xc core/computer.32
 .comment       0x0000000000000000       0x12 core/computer.32
 .comment       0x0000000000000000       0x12 core/gdt.32
 .group         0x0000000000000000        0xc core/idle.32
 .comment       0x0000000000000000       0x12 core/idle.32
 .comment       0x0000000000000000       0x12 core/idt.32
 .comment       0x0000000000000000       0x12 core/kheap.32
 .comment       0x0000000000000000       0x12 core/main.32
 .comment       0x0000000000000000       0x12 core/physmgr.32
 .group         0x0000000000000000        0xc core/pipe.32
 .comment       0x0000000000000000       0x12 core/pipe.32
 .group         0x0000000000000000        0xc core/terminal.32
 .comment       0x0000000000000000       0x12 core/terminal.32
 .comment       0x0000000000000000       0x12 core/tss.32
 .group         0x0000000000000000        0x8 core/unixfile.32
 .group         0x0000000000000000        0x8 core/unixfile.32
 .group         0x0000000000000000        0xc core/unixfile.32
 .group         0x0000000000000000        0x8 core/unixfile.32
 .group         0x0000000000000000        0xc core/unixfile.32
 .group         0x0000000000000000        0x8 core/unixfile.32
 .group         0x0000000000000000        0xc core/unixfile.32
 .group         0x0000000000000000        0xc core/unixfile.32
 .comment       0x0000000000000000       0x12 core/unixfile.32
 .comment       0x0000000000000000       0x12 core/virtmgr.32
 .comment       0x0000000000000000       0x12 coreobjs/c++.32
 .comment       0x0000000000000000       0x12 dbg/kconsole.32
 .group         0x0000000000000000        0xc fs/vfs.32
 .group         0x0000000000000000        0xc fs/vfs.32
 .group         0x0000000000000000        0xc fs/vfs.32
 .comment       0x0000000000000000       0x12 fs/vfs.32
 .group         0x0000000000000000        0xc hal/bus.32
 .comment       0x0000000000000000       0x12 hal/bus.32
 .comment       0x0000000000000000       0x12 hal/buzzer.32
 .group         0x0000000000000000        0xc hal/clock.32
 .comment       0x0000000000000000       0x12 hal/clock.32
 .group         0x0000000000000000       0x14 hal/device.32
 .group         0x0000000000000000        0xc hal/device.32
 .group         0x0000000000000000        0x8 hal/device.32
 .group         0x0000000000000000        0xc hal/device.32
 .group         0x0000000000000000        0xc hal/device.32
 .comment       0x0000000000000000       0x12 hal/device.32
 .group         0x0000000000000000        0xc hal/diskctrl.32
 .comment       0x0000000000000000       0x12 hal/diskctrl.32
 .group         0x0000000000000000        0xc hal/diskphys.32
 .comment       0x0000000000000000       0x12 hal/diskphys.32
 .comment       0x0000000000000000       0x12 hal/fpu.32
 .comment       0x0000000000000000       0x12 hal/intctrl.32
 .group         0x0000000000000000        0xc hal/keybrd.32
 .comment       0x0000000000000000       0x12 hal/keybrd.32
 .group         0x0000000000000000        0xc hal/logidisk.32
 .comment       0x0000000000000000       0x12 hal/logidisk.32
 .group         0x0000000000000000        0xc hal/mouse.32
 .comment       0x0000000000000000       0x12 hal/mouse.32
[...]
Memory Configuration

Name             Origin             Length             Attributes
*default*        0x0000000000000000 0xffffffffffffffff

Linker script and memory map

LOAD D:/Users/Alex/Desktop/Banana/kernel/boot.32
LOAD crti.32
LOAD /cygdrive/d/Users/Alex/Desktop/Toolchain/Output/bin/../lib/gcc/i386-banana/8.1.0/crtbegin.o
LOAD D:/Users/Alex/Desktop/Banana/kernel/morenasm.32
LOAD acpica/utclib.32
LOAD core/malloc.32
LOAD libk/ctype.32
LOAD libk/string.32
LOAD fs/fat/diskio.32
LOAD fs/fat/ff.32
LOAD fs/fat/ffsystem.32
LOAD fs/fat/ffunicode.32
LOAD fs/iso9660/iso9660.32
LOAD core/computer.32
LOAD core/gdt.32
LOAD core/idle.32
LOAD core/idt.32
LOAD core/kheap.32
LOAD core/main.32
LOAD core/physmgr.32
LOAD core/pipe.32
LOAD core/terminal.32
LOAD core/tss.32
LOAD core/unixfile.32
LOAD core/virtmgr.32
LOAD coreobjs/c++.32
LOAD dbg/kconsole.32
LOAD fs/vfs.32
LOAD hal/bus.32
LOAD hal/buzzer.32
LOAD hal/clock.32
LOAD hal/device.32
LOAD hal/diskctrl.32
LOAD hal/diskphys.32
LOAD hal/fpu.32
LOAD hal/intctrl.32
LOAD hal/keybrd.32
LOAD hal/logidisk.32
LOAD hal/mouse.32
LOAD hal/partition.32
LOAD hal/serial.32
LOAD hal/timer.32
LOAD hal/vcache.32
LOAD hal/video.32
LOAD hw/acpi.32
LOAD hw/cpu.32
LOAD krnl/bootmsg.32
LOAD krnl/env.32
LOAD krnl/inlines.32
LOAD krnl/panic.32
LOAD krnl/powctrl.32
LOAD krnl/resolve.32
LOAD krnl/signal.32
LOAD krnl/syscalls.32
LOAD reg/registry.32
LOAD sys/eject.32
LOAD sys/exit.32
LOAD sys/getcwd.32
LOAD sys/getpid.32
LOAD sys/getramdata.32
LOAD sys/getvgaptr.32
LOAD sys/loaddll.32
LOAD sys/read.32
LOAD sys/registersignal.32
LOAD sys/sbrk.32
LOAD sys/setcwd.32
LOAD sys/settime.32
LOAD sys/timezone.32
LOAD sys/write.32
LOAD sys/wsbe.32
LOAD sys/yield.32
LOAD thr/elf.32
LOAD thr/prcssthr.32
LOAD vm86/vm8086.32
LOAD arch/i386/hal.32
LOAD arch/i386/pic.32
LOAD arch/i386/rtc.32
LOAD arch/i386/vga.32
LOAD fs/fat/vfslink.32
LOAD fs/iso9660/helper.32
LOAD fs/iso9660/vfslink.32
LOAD hal/sound/sndcard.32
LOAD hal/sound/sndport.32
LOAD hw/bus/isa.32
LOAD hw/bus/pci.32
LOAD hw/diskctrl/ide.32
LOAD hw/diskctrl/satabus.32
LOAD hw/diskphys/ata.32
LOAD hw/diskphys/atapi.32
LOAD hw/diskphys/sata.32
LOAD hw/diskphys/satapi.32
LOAD hw/intctrl/apic.32
LOAD hw/timer/apictimer.32
LOAD hw/timer/pit.32
LOAD arch/i386/avx.32
LOAD arch/i386/interrupt.32
LOAD arch/i386/rdrand.32
LOAD arch/i386/sse.32
LOAD arch/i386/x87.32
LOAD /cygdrive/d/Users/Alex/Desktop/Toolchain/Output/bin/../lib/gcc/i386-banana/8.1.0/crtend.o
LOAD crtn.32
LOAD /cygdrive/d/Users/Alex/Desktop/Toolchain/Output/bin/../lib/gcc/i386-banana/8.1.0/libkgcc.a
LOAD D:/Users/Alex/Desktop/Banana/kernel/libsoftfp.a
LOAD D:/Users/Alex/Desktop/Banana/kernel/libk/libm32.a
                0x00000000c0000000                . = 0xc0000000

.text           0x00000000c0000000    0x1c2da
 *(.text)
 .text          0x00000000c0000000       0x20 D:/Users/Alex/Desktop/Banana/kernel/boot.32
 .text          0x00000000c0000020        0x0 crti.32
 .text          0x00000000c0000020      0x101 /cygdrive/d/Users/Alex/Desktop/Toolchain/Output/bin/../lib/gcc/i386-banana/8.1.0/crtbegin.o
 *fill*         0x00000000c0000121        0xf 
 .text          0x00000000c0000130      0x265 D:/Users/Alex/Desktop/Banana/kernel/morenasm.32
                0x00000000c0000130                manualPCIProbe
                0x00000000c000017b                prepareTramp
                0x00000000c0000194                doTPAUSE
                0x00000000c000019e                hasLegacyFPU
                0x00000000c00001c3                is486
                0x00000000c00001f9                detectCPUID
                0x00000000c000020f                goToVM86
                0x00000000c000023f                goToUsermode
                0x00000000c0000269                switchToThreadASMFirstTime
                0x00000000c0000277                switchToThreadASM
                0x00000000c0000312                asmQuickAcquireLock
                0x00000000c0000330                asmQuickReleaseLock
                0x00000000c000033c                asmAcquireLock
                0x00000000c000035d                asmReleaseLock
                0x00000000c0000370                loadGDT
                0x00000000c0000390                memcpy
 *fill*         0x00000000c0000395        0xb 
 .text          0x00000000c00003a0      0x79e acpica/utclib.32
                0x00000000c00003a0                memcmp
                0x00000000c00003f0                memmove
                0x00000000c00004e0                memset
                0x00000000c0000550                strlen
                0x00000000c0000580                strpbrk
                0x00000000c00005c0                strtok
                0x00000000c0000610                strcpy
                0x00000000c0000640                strncpy
                0x00000000c00006f0                strcmp
                0x00000000c0000740                strchr
                0x00000000c0000770                strncmp
                0x00000000c00007d0                strcat
                0x00000000c0000800                strncat
                0x00000000c0000860                strstr
                0x00000000c00008c0                toupper
                0x00000000c00008e0                tolower
                0x00000000c0000900                simple_strtoul
 .text          0x00000000c0000b3e      0xfad core/malloc.32
                0x00000000c0000ca9                dlfree
                0x00000000c0001004                dlmalloc
                0x00000000c0001541                dlrealloc
                0x00000000c00016e4                dlmemalign
                0x00000000c0001807                dlcalloc
                0x00000000c00018a1                dlcfree
                0x00000000c00018a6                dlindependent_calloc
                0x00000000c00018cb                dlindependent_comalloc
                0x00000000c00018e2                dlvalloc
                0x00000000c000190d                dlpvalloc
                0x00000000c0001943                dlmalloc_trim
                0x00000000c0001950                dlmalloc_usable_size
                0x00000000c0001981                dlmallinfo
                0x00000000c0001a50                dlmalloc_stats
                0x00000000c0001a61                dlmallopt
 *fill*         0x00000000c0001aeb        0x1 
 .text          0x00000000c0001aec      0x1f2 libk/ctype.32
                0x00000000c0001aec                isblank
                0x00000000c0001b0c                iscntrl
                0x00000000c0001b2c                isdigit
                0x00000000c0001b48                islower
                0x00000000c0001b64                isspace
                0x00000000c0001b8c                isupper
                0x00000000c0001ba8                isalpha
                0x00000000c0001bd8                isalnum
                0x00000000c0001c08                ispunct
                0x00000000c0001c48                isgraph
                0x00000000c0001c78                isprint
                0x00000000c0001ca0                isxdigit
 .text          0x00000000c0001cde        0x0 libk/string.32
 .text          0x00000000c0001cde       0x51 fs/fat/diskio.32
                0x00000000c0001cde                disk_status
                0x00000000c0001ce1                disk_initialize
                0x00000000c0001ce4                disk_read
                0x00000000c0001cfa                disk_write
                0x00000000c0001d10                disk_ioctl
 .text          0x00000000c0001d2f     0x3d4b fs/fat/ff.32
                0x00000000c0003acb                f_mount
                0x00000000c0003b2d                f_open
                0x00000000c0003df8                f_read
                0x00000000c0003ff7                f_write
                0x00000000c000422b                f_sync
                0x00000000c00042e0                f_close
                0x00000000c000430f                f_lseek
                0x00000000c00044b6                f_opendir
                0x00000000c0004581                f_closedir
                0x00000000c00045a3                f_readdir
                0x00000000c0004635                f_stat
                0x00000000c00046b4                f_getfree
                0x00000000c00047b6                f_truncate
                0x00000000c000489a                f_unlink
                0x00000000c00049bc                f_mkdir
                0x00000000c0004b57                f_rename
                0x00000000c0004d0d                f_chmod
                0x00000000c0004db6                f_utime
                0x00000000c0004e64                f_getlabel
                0x00000000c0004fb5                f_setlabel
                0x00000000c0005145                f_expand
                0x00000000c00052a5                f_mkfs
 *fill*         0x00000000c0005a7a        0x2 
 .text          0x00000000c0005a7c       0x2f fs/fat/ffsystem.32
                0x00000000c0005a7c                ff_memalloc
                0x00000000c0005a94                ff_memfree
 *fill*         0x00000000c0005aab        0x1 
 .text          0x00000000c0005aac      0x2a8 fs/fat/ffunicode.32
                0x00000000c0005aac                ff_uni2oem
                0x00000000c0005b4c                ff_oem2uni
                0x00000000c0005bc4                ff_wtoupper
 .text          0x00000000c0005d54      0xc76 fs/iso9660/iso9660.32
                0x00000000c0005f73                isoReadDiscSector
                0x00000000c000600e                strnicmp
                0x00000000c00062c1                stricmp
                0x00000000c000630d                iso_open
                0x00000000c0006397                iso_close
                0x00000000c00063b5                iso_read
                0x00000000c00064cb                iso_seek
                0x00000000c000654f                iso_tell
                0x00000000c0006580                iso_total
                0x00000000c00065ab                fn_postprocess
                0x00000000c00065d1                iso_readdir
                0x00000000c00067c2                iso_reset
                0x00000000c00067cf                init_percd
                0x00000000c00068c9                iso_ioctl
                0x00000000c00068d1                fs_iso9660_init
                0x00000000c000695a                fs_iso9660_shutdown
 .text          0x00000000c00069ca      0x685 core/computer.32
                0x00000000c00069ca                Computer::close(int, int, void*)
                0x00000000c0006a0f                Krnl::firstTask()
                0x00000000c0006b42                Computer::Computer()
                0x00000000c0006b42                Computer::Computer()
                0x00000000c0006bf4                Computer::setBootMessage(char const*)
                0x00000000c0006bf6                Computer::detectFeatures()
                0x00000000c0006e00                Computer::displayFeatures()
                0x00000000c0006e02                Computer::rdmsr(unsigned int)
                0x00000000c0006e2e                Computer::wrmsr(unsigned int, unsigned long long)
                0x00000000c0006e66                Computer::shutdown()
                0x00000000c0006e7e                Computer::restart()
                0x00000000c0006e96                Computer::sleep()
                0x00000000c0006eaa                Computer::nmiEnabled()
                0x00000000c0006eb6                Computer::readCMOS(unsigned char)
                0x00000000c0006ed0                Computer::enableNMI(bool)
                0x00000000c0006ee8                Computer::open(int, int, void*)
                0x00000000c0006fbc                Computer::disableNMI()
                0x00000000c0006fcc                Computer::writeCMOS(unsigned char, unsigned char)
                0x00000000c0006fea                Computer::handleNMI()
 *fill*         0x00000000c000704f        0x1 
 .text          0x00000000c0007050      0x1cf core/gdt.32
                0x00000000c0007050                GDTEntry::setBase(unsigned int)
                0x00000000c000706c                GDTEntry::setLimit(unsigned int)
                0x00000000c000708a                GDT::GDT()
                0x00000000c000708a                GDT::GDT()
                0x00000000c00070a0                GDT::addEntry(GDTEntry)
                0x00000000c00070c2                GDT::getNumberOfEntries()
                0x00000000c00070ca                GDT::flush()
                0x00000000c00070ec                GDT::setup()
 .text          0x00000000c000721f       0x1d core/idle.32
                0x00000000c000721f                idleFunction(void*)
 .text          0x00000000c000723c      0x464 core/idt.32
                0x00000000c000723c                IDTEntry::IDTEntry(bool)
                0x00000000c000723c                IDTEntry::IDTEntry(bool)
                0x00000000c00072ae                IDTEntry::setOffset(unsigned int)
                0x00000000c00072c4                IDT::IDT()
                0x00000000c00072c4                IDT::IDT()
                0x00000000c00072c6                IDT::getPointerToInvalidOpcodeEntryForF00F()
                0x00000000c00072ce                IDT::addEntry(IDTEntry, int)
                0x00000000c00072e8                IDT::addEntry(int, void (*)(), bool)
                0x00000000c0007320                IDT::flush()
                0x00000000c000733a                IDT::setup()
 .text          0x00000000c00076a0      0x183 core/kheap.32
                0x00000000c00076a0                sbrk
                0x00000000c0007735                mmap
                0x00000000c000774b                munmap
                0x00000000c0007761                liballoc_lock()
                0x00000000c000776e                liballoc_unlock()
                0x00000000c0007782                liballoc_alloc(int)
                0x00000000c000779a                liballoc_free(void*, int)
                0x00000000c00077b5                realloc
                0x00000000c00077c9                malloc
                0x00000000c00077d9                free
                0x00000000c00077e9                rfree
                0x00000000c00077f9                calloc
 .text          0x00000000c0007823       0xc3 core/main.32
                0x00000000c0007823                KeEntryPoint
 .text          0x00000000c00078e6      0x5dc core/physmgr.32
                0x00000000c00078e6                Phys::allocateDMA(unsigned long)
                0x00000000c00079bd                Phys::freeDMA(unsigned long, unsigned long)
                0x00000000c00079f0                Phys::setPageState(unsigned long, bool)
                0x00000000c0007a22                Phys::getPageState(unsigned long)
                0x00000000c0007a43                Phys::freePage(unsigned long)
                0x00000000c0007aa5                Phys::allocatePage()
                0x00000000c0007b63                Phys::allocateContiguousPages(int)
                0x00000000c0007bbf                Phys::allowSegmentToBeUsed(unsigned long, unsigned long)
                0x00000000c0007bf7                Phys::physicalMemorySetup(unsigned int)
 .text          0x00000000c0007ec2      0x273 core/pipe.32
                0x00000000c0007ec2                Pipe::isAtty()
                0x00000000c0007ec6                Pipe::~Pipe()
                0x00000000c0007ec6                Pipe::~Pipe()
                0x00000000c0007eea                Pipe::~Pipe()
                0x00000000c0007f12                Pipe::write(unsigned long long, void*, int*)
                0x00000000c0007fd2                Pipe::read(unsigned long long, void*, int*)
                0x00000000c00080ce                Pipe::Pipe(int)
                0x00000000c00080ce                Pipe::Pipe(int)
 *fill*         0x00000000c0008135        0x1 
 .text          0x00000000c0008136      0xaa0 core/terminal.32
                0x00000000c0008136                VgaText::isAtty()
                0x00000000c000813a                VgaText::~VgaText()
                0x00000000c000813a                VgaText::~VgaText()
                0x00000000c000815e                VgaText::~VgaText()
                0x00000000c0008188                VgaText::read(unsigned long long, void*, int*)
                0x00000000c00081a8                setTerminalScrollLock(bool)
                0x00000000c00081a9                doTerminalCycle()
                0x00000000c00081aa                addToTerminalCycle(VgaText*)
                0x00000000c00081ab                scrollTerminalScrollLock(int)
                0x00000000c00081ac                VgaText::updateTitle()
                0x00000000c00081ae                VgaText::load()
                0x00000000c00081b0                VgaText::updateCursor()
                0x00000000c00081c6                VgaText::doANSI_SGR(int)
                0x00000000c000823a                VgaText::setDefaultBgColour(VgaColour)
                0x00000000c000824a                VgaText::setDefaultFgColour(VgaColour)
                0x00000000c000825a                VgaText::setDefaultColours(VgaColour, VgaColour)
                0x00000000c000827a                VgaText::setTitleTextColour(VgaColour)
                0x00000000c0008286                VgaText::setTitleColour(VgaColour)
                0x00000000c0008292                VgaText::setTitle(char*)
                0x00000000c0008294                VgaText::combineColours(unsigned char, unsigned char)
                0x00000000c00082a6                VgaText::scrollScreen()
                0x00000000c000833e                VgaText::combineCharAndColour(char, unsigned char)
                0x00000000c0008350                VgaText::writeCharacter(char, VgaColour, VgaColour, int, int)
                0x00000000c00083e0                VgaText::getCursorX()
                0x00000000c00083e8                VgaText::getCursorY()
                0x00000000c00083f0                VgaText::setCursor(int, int)
                0x00000000c0008407                setActiveTerminal(VgaText*)
                0x00000000c0008452                VgaText::clearScreen()
                0x00000000c00084a0                VgaText::setCursorX(int)
                0x00000000c00084b8                VgaText::setCursorY(int)
                0x00000000c00084d0                VgaText::incrementCursor(bool)
                0x00000000c0008524                VgaText::decrementCursor(bool)
                0x00000000c0008546                VgaText::putchar(char, VgaColour, VgaColour)
                0x00000000c0008614                VgaText::putchar(char)
                0x00000000c0008700                VgaText::putx(unsigned int)
                0x00000000c0008746                VgaText::puts(char const*)
                0x00000000c000876c                VgaText::write(unsigned long long, void*, int*)
                0x00000000c00087b8                VgaText::puts(char const*, VgaColour, VgaColour)
                0x00000000c000890a                VgaText::VgaText(char const*)
                0x00000000c000890a                VgaText::VgaText(char const*)
                0x00000000c0008a56                VgaText::receiveKey(unsigned char)
                0x00000000c0008bb0                VgaText::doUpdate()
                0x00000000c0008bb1                newTerminal(char*)
 *fill*         0x00000000c0008bd6        0x2 
 .text          0x00000000c0008bd8      0x1a1 core/tss.32
                0x00000000c0008bd8                TSS::TSS()
                0x00000000c0008bd8                TSS::TSS()
                0x00000000c0008be8                TSS::setESP(unsigned long)
                0x00000000c0008bfc                TSS::flush()
                0x00000000c0008c1c                TSS::setup(unsigned long, unsigned long)
 *fill*         0x00000000c0008d79        0x1 
 .text          0x00000000c0008d7a      0x4c2 core/unixfile.32
                0x00000000c0008d7a                ReservedFilename::read(unsigned long long, void*, int*)
                0x00000000c0008dd0                ReservedFilename::isAtty()
                0x00000000c0008dec                ReservedFilename::write(unsigned long long, void*, int*)
                0x00000000c0008e4a                UnixFile::getFileDescriptor()
                0x00000000c0008e52                UnixFile::UnixFile(int)
                0x00000000c0008e52                UnixFile::UnixFile(int)
                0x00000000c0009002                ReservedFilename::ReservedFilename(int)
                0x00000000c0009002                ReservedFilename::ReservedFilename(int)
                0x00000000c0009034                UnixFile::~UnixFile()
                0x00000000c0009034                UnixFile::~UnixFile()
                0x00000000c00090cc                UnixFile::~UnixFile()
                0x00000000c00090f4                ReservedFilename::~ReservedFilename()
                0x00000000c00090f4                ReservedFilename::~ReservedFilename()
                0x00000000c0009118                ReservedFilename::~ReservedFilename()
                0x00000000c000913f                getFromFileDescriptor(int)
 .text          0x00000000c000923c     0x1166 core/virtmgr.32
                0x00000000c000923c                Virt::setPageState(unsigned long, Virt::VirtPageState)
                0x00000000c0009271                Virt::getPageState(unsigned long)
                0x00000000c0009295                Virt::allocateKernelVirtualPages(int)
                0x00000000c00093a6                Virt::freeSwapfilePage(unsigned long)
                0x00000000c00093c4                Virt::swapIDToSector(unsigned long)
                0x00000000c00093d6                Virt::allocateSwapfilePage()
                0x00000000c0009454                Virt::virtualMemorySetup()
                0x00000000c000949f                Virt::setupPageSwapping(int)
                0x00000000c0009510                VAS::VAS()
                0x00000000c0009510                VAS::VAS()
                0x00000000c000954c                VAS::VAS(VAS*)
                0x00000000c000954c                VAS::VAS(VAS*)
                0x00000000c000957a                VAS::getForeignPageTableEntry(bool, unsigned long)
                0x00000000c00095a6                VAS::getPageTableEntry(unsigned long)
                0x00000000c00095c5                Virt::freeKernelVirtualPages(unsigned long)
                0x00000000c00096ea                VAS::freeAllocatedPages(unsigned long)
                0x00000000c000970e                VAS::virtualToPhysical(unsigned long)
                0x00000000c0009728                VAS::reflagRange(unsigned long, int, int, int)
                0x00000000c0009768                VAS::setToWriteCombining(unsigned long, int)
                0x00000000c000979c                VAS::mapOtherVASIn(bool, VAS*)
                0x00000000c00097c6                VAS::~VAS()
                0x00000000c00097c6                VAS::~VAS()
                0x00000000c000992a                VAS::mapPage(unsigned long, unsigned long, int)
                0x00000000c0009a2e                VAS::allocatePages(int, int)
                0x00000000c0009c06                VAS::setCPUSpecific(unsigned long)
                0x00000000c0009c24                VAS::mapRange(unsigned long, unsigned long, int, int)
                0x00000000c0009cea                VAS::mapForeignPage(bool, VAS*, unsigned long, unsigned long, int)
                0x00000000c0009dd8                VAS::VAS(bool)
                0x00000000c0009dd8                VAS::VAS(bool)
                0x00000000c000a058                VAS::evict(unsigned long)
                0x00000000c000a11a                VAS::tryLoadBackOffDisk(unsigned long)
                0x00000000c000a208                VAS::scanForEviction()
                0x00000000c000a2e8                mapVASFirstTime
 .text          0x00000000c000a3a2       0x5f coreobjs/c++.32
                0x00000000c000a3a2                __cxa_atexit
                0x00000000c000a3a5                __cxa_finalize
                0x00000000c000a3a6                __stack_chk_fail
                0x00000000c000a3dc                __cxa_pure_virtual
                0x00000000c000a3ed                operator new[](unsigned long)
                0x00000000c000a3f2                operator delete(void*, unsigned long)
                0x00000000c000a3f7                operator delete[](void*)
                0x00000000c000a3fc                operator delete[](void*, unsigned long)
 .text          0x00000000c000a401      0x21c dbg/kconsole.32
                0x00000000c000a401                Dbg::stringifyxWithBase(unsigned int, char*, int)
                0x00000000c000a46c                Dbg::logc(char)
                0x00000000c000a48c                Dbg::logs(char*)
                0x00000000c000a4a9                Dbg::logWriteInt(unsigned int)
                0x00000000c000a4c7                Dbg::logWriteIntBase(unsigned int, int)
                0x00000000c000a4e8                Dbg::kprintf(char const*, ...)
 *fill*         0x00000000c000a61d        0x1 
 .text          0x00000000c000a61e      0xc5c fs/vfs.32
                0x00000000c000a61e                File::read(unsigned long long, void*, int*)
                0x00000000c000a676                File::write(unsigned long long, void*, int*)
                0x00000000c000a6ce                Directory::read(unsigned long long, void*, int*)
                0x00000000c000a726                Directory::write(unsigned long long, void*, int*)
                0x00000000c000a754                File::isAtty()
                0x00000000c000a758                Directory::isAtty()
                0x00000000c000a75c                Filesystem::getlabel(LogicalDisk*, int, char*, unsigned int*)
                0x00000000c000a762                Filesystem::setlabel(LogicalDisk*, int, char*)
                0x00000000c000a768                Filesystem::allocateSwapfile(char const*, int)
                0x00000000c000a76e                File::~File()
                0x00000000c000a76e                File::~File()
                0x00000000c000a792                File::~File()
                0x00000000c000a7bc                Directory::~Directory()
                0x00000000c000a7bc                Directory::~Directory()
                0x00000000c000a7e0                Directory::~Directory()
                0x00000000c000a80a                Filesystem::Filesystem()
                0x00000000c000a80a                Filesystem::Filesystem()
                0x00000000c000a82e                Filesystem::~Filesystem()
                0x00000000c000a82e                Filesystem::~Filesystem()
                0x00000000c000a83c                Filesystem::~Filesystem()
                0x00000000c000a860                Fs::getcwd(Process*, char*, int)
                0x00000000c000a88a                Fs::initVFS()
                0x00000000c000a8b4                Fs::standardiseFiles(char*, char const*, char const*)
                0x00000000c000aa5e                File::File(char const*, Process*)
                0x00000000c000aa5e                File::File(char const*, Process*)
                0x00000000c000ab1e                File::open(FileOpenMode)
                0x00000000c000ab7c                File::close()
                0x00000000c000abdc                File::seek(unsigned long long)
                0x00000000c000ac32                File::tell(unsigned long long*)
                0x00000000c000ac82                File::rewind()
                0x00000000c000ac96                File::unlink()
                0x00000000c000ace2                File::rename(char const*)
                0x00000000c000ad30                File::chfatattr(unsigned char, unsigned char)
                0x00000000c000ad8c                File::exists()
                0x00000000c000adca                File::stat(unsigned long long*, bool*)
                0x00000000c000ae2b                Fs::setcwd(Process*, char*)
                0x00000000c000af88                Directory::Directory(char const*, Process*)
                0x00000000c000af88                Directory::Directory(char const*, Process*)
                0x00000000c000b048                Directory::open()
                0x00000000c000b0a4                Directory::close()
                0x00000000c000b104                Directory::unlink()
                0x00000000c000b150                Directory::rename(char const*)
                0x00000000c000b19e                Directory::exists()
                0x00000000c000b1dc                Directory::read(dirent*)
                0x00000000c000b228                Directory::create()
                0x00000000c000b274                Filesystem::chfatattr(char const*, unsigned char, unsigned char)
 *fill*         0x00000000c000b27a        0x2 
 .text          0x00000000c000b27c       0x86 hal/bus.32
                0x00000000c000b27c                Bus::Bus(char const*)
                0x00000000c000b27c                Bus::Bus(char const*)
                0x00000000c000b2b4                Bus::~Bus()
                0x00000000c000b2b4                Bus::~Bus()
                0x00000000c000b2d8                Bus::~Bus()
 .text          0x00000000c000b302       0x96 hal/buzzer.32
                0x00000000c000b302                beepThread(void*)
                0x00000000c000b33f                Krnl::beep(int, int, bool)
 .text          0x00000000c000b398      0x46d hal/clock.32
                0x00000000c000b398                User::loadClockSettings(int)
                0x00000000c000b3ea                Clock::Clock(char const*)
                0x00000000c000b3ea                Clock::Clock(char const*)
                0x00000000c000b420                Clock::~Clock()
                0x00000000c000b420                Clock::~Clock()
                0x00000000c000b444                Clock::~Clock()
                0x00000000c000b46e                Clock::timeInSecondsLocal()
                0x00000000c000b4b6                Clock::setTimeInSecondsLocal(unsigned long long)
                0x00000000c000b50f                datetimeToSeconds(datetime_t)
                0x00000000c000b63c                Clock::setTimeInDatetimeLocal(datetime_t)
                0x00000000c000b69c                secondsToDatetime(unsigned long long)
                0x00000000c000b7e0                Clock::timeInDatetimeLocal()
 *fill*         0x00000000c000b805        0x1 
 .text          0x00000000c000b806      0x464 hal/device.32
                0x00000000c000b806                Device::hibernate()
                0x00000000c000b808                Device::wake()
                0x00000000c000b80a                Device::detect()
                0x00000000c000b80c                Device::disableLegacy()
                0x00000000c000b80e                Device::powerSaving(PowerSavingLevel)
                0x00000000c000b810                DriverlessDevice::close(int, int, void*)
                0x00000000c000b814                DriverlessDevice::detect()
                0x00000000c000b816                DriverlessDevice::open(int, int, void*)
                0x00000000c000b82a                Device::~Device()
                0x00000000c000b82a                Device::~Device()
                0x00000000c000b838                Device::~Device()
                0x00000000c000b860                Device::findAndLoadDriver()
                0x00000000c000b86e                Device::preOpenPCI(PCIDeviceInfo)
                0x00000000c000b894                Device::preOpenACPI(void*, char*, char*)
                0x00000000c000b8d4                Device::addIRQHandler(int, void (*)(regs*, void*), bool, void*)
                0x00000000c000b8fe                Device::getParent()
                0x00000000c000b90a                Device::removeIRQHandler(int, void (*)(regs*, void*), bool)
                0x00000000c000b928                Device::addChild(Device*)
                0x00000000c000b96c                Device::removeAllChildren()
                0x00000000c000b9b2                Device::hibernateAll()
                0x00000000c000b9e2                Device::wakeAll()
                0x00000000c000ba12                Device::detectAll()
                0x00000000c000ba42                Device::disableLegacyAll()
                0x00000000c000ba44                Device::loadDriversForAll()
                0x00000000c000ba46                Device::closeAll()
                0x00000000c000ba7c                Device::powerSavingAll(PowerSavingLevel)
                0x00000000c000bab2                Device::setName(char const*)
                0x00000000c000bac0                Device::Device(char const*)
                0x00000000c000bac0                Device::Device(char const*)
                0x00000000c000bbbc                Device::getName()
                0x00000000c000bbc6                DriverlessDevice::DriverlessDevice(char const*)
                0x00000000c000bbc6                DriverlessDevice::DriverlessDevice(char const*)
                0x00000000c000bbfc                Device::addToLinkedList(LinkedList<Device>&, DeviceType)
                0x00000000c000bc40                getDevicesOfType(DeviceType)
 *fill*         0x00000000c000bc6a        0x2 
 .text          0x00000000c000bc6c       0x86 hal/diskctrl.32
                0x00000000c000bc6c                HardDiskController::HardDiskController(char const*)
                0x00000000c000bc6c                HardDiskController::HardDiskController(char const*)
                0x00000000c000bca4                HardDiskController::~HardDiskController()
                0x00000000c000bca4                HardDiskController::~HardDiskController()
                0x00000000c000bcc8                HardDiskController::~HardDiskController()
 .text          0x00000000c000bcf2       0xe2 hal/diskphys.32
                0x00000000c000bcf2                PhysicalDisk::eject()
                0x00000000c000bcf6                PhysicalDisk::PhysicalDisk(char const*, int)
                0x00000000c000bcf6                PhysicalDisk::PhysicalDisk(char const*, int)
                0x00000000c000bd5e                PhysicalDisk::startCache()
                0x00000000c000bd86                PhysicalDisk::~PhysicalDisk()
                0x00000000c000bd86                PhysicalDisk::~PhysicalDisk()
                0x00000000c000bdaa                PhysicalDisk::~PhysicalDisk()
 .text          0x00000000c000bdd4        0x0 hal/fpu.32
 .text          0x00000000c000bdd4      0x35d hal/intctrl.32
                0x00000000c000bdd4                int_handler
                0x00000000c000be5c                installISRHandler(int, void (*)(regs*, void*), void*)
                0x00000000c000bea4                installIRQHandler(int, void (*)(regs*, void*), bool, void*)
                0x00000000c000bfdc                uninstallISRHandler(int, void (*)(regs*, void*))
                0x00000000c000c010                uninstallIRQHandler(int, void (*)(regs*, void*), bool)
                0x00000000c000c08f                setupINTS()
                0x00000000c000c0ec                convertLegacyIRQNumber(int)
 *fill*         0x00000000c000c131        0x1 
 .text          0x00000000c000c132      0x7cc hal/keybrd.32
                0x00000000c000c132                startGUI(void*)
                0x00000000c000c19e                startGUIVESA(void*)
                0x00000000c000c20a                sendKeyToTerminal(unsigned char)
                0x00000000c000c2d3                sendKeyboardToken(KeyboardToken)
                0x00000000c000c713                clearInternalKeybuffer(VgaText*)
                0x00000000c000c748                readKeyboard(VgaText*, char*, unsigned long)
                0x00000000c000c874                Keyboard::Keyboard(char const*)
                0x00000000c000c874                Keyboard::Keyboard(char const*)
                0x00000000c000c8b0                Keyboard::~Keyboard()
                0x00000000c000c8b0                Keyboard::~Keyboard()
                0x00000000c000c8d4                Keyboard::~Keyboard()
 .text          0x00000000c000c8fe      0x3ea hal/logidisk.32
                0x00000000c000c8fe                LogicalDisk::close(int, int, void*)
                0x00000000c000c902                LogicalDisk::~LogicalDisk()
                0x00000000c000c902                LogicalDisk::~LogicalDisk()
                0x00000000c000c926                LogicalDisk::~LogicalDisk()
                0x00000000c000c950                LogicalDisk::open(int, int, void*)
                0x00000000c000c964                LogicalDisk::absoluteToRelative(unsigned long long)
                0x00000000c000c99c                LogicalDisk::relativeToAbsolute(unsigned long long)
                0x00000000c000c9e2                LogicalDisk::LogicalDisk(char const*, PhysicalDisk*, unsigned long long, unsigned long long)
                0x00000000c000c9e2                LogicalDisk::LogicalDisk(char const*, PhysicalDisk*, unsigned long long, unsigned long long)
                0x00000000c000ca98                LogicalDisk::assignDriveLetter()
                0x00000000c000cb4e                LogicalDisk::mount()
                0x00000000c000cb96                LogicalDisk::unmount()
                0x00000000c000cba6                LogicalDisk::eject()
                0x00000000c000cbba                LogicalDisk::unassignDriveLetter()
                0x00000000c000cc10                LogicalDisk::read(unsigned long long, int, void*)
                0x00000000c000cc7c                LogicalDisk::write(unsigned long long, int, void*)
 .text          0x00000000c000cce8       0x86 hal/mouse.32
                0x00000000c000cce8                Mouse::Mouse(char const*)
                0x00000000c000cce8                Mouse::Mouse(char const*)
                0x00000000c000cd20                Mouse::~Mouse()
                0x00000000c000cd20                Mouse::~Mouse()
                0x00000000c000cd44                Mouse::~Mouse()
 .text          0x00000000c000cd6e      0x339 hal/partition.32
                0x00000000c000cd6e                makePartition(PhysicalDisk*, unsigned long long, unsigned long long)
                0x00000000c000ce16                createPartitionsForDisk(PhysicalDisk*)
 *fill*         0x00000000c000d0a7        0x1 
 .text          0x00000000c000d0a8       0x86 hal/serial.32
                0x00000000c000d0a8                Serial::Serial(char const*)
                0x00000000c000d0a8                Serial::Serial(char const*)
                0x00000000c000d0e0                Serial::~Serial()
                0x00000000c000d0e0                Serial::~Serial()
                0x00000000c000d104                Serial::~Serial()
 *fill*         0x00000000c000d12e        0x2 
 .text          0x00000000c000d130      0x234 hal/timer.32
                0x00000000c000d130                Timer::Timer(char const*)
                0x00000000c000d130                Timer::Timer(char const*)
                0x00000000c000d168                Timer::~Timer()
                0x00000000c000d168                Timer::~Timer()
                0x00000000c000d18c                Timer::~Timer()
                0x00000000c000d1b6                Timer::read()
                0x00000000c000d1c1                setupTimer(int)
                0x00000000c000d1fc                timerHandler(unsigned int)
 .text          0x00000000c000d364      0x3ce hal/vcache.32
                0x00000000c000d364                VCache::VCache(PhysicalDisk*)
                0x00000000c000d364                VCache::VCache(PhysicalDisk*)
                0x00000000c000d4cc                VCache::invalidateReadBuffer()
                0x00000000c000d4dc                VCache::writeWriteBuffer()
                0x00000000c000d528                VCache::~VCache()
                0x00000000c000d528                VCache::~VCache()
                0x00000000c000d57c                VCache::~VCache()
                0x00000000c000d5a4                VCache::write(unsigned long long, int, void*)
                0x00000000c000d6ba                VCache::read(unsigned long long, int, void*)
 .text          0x00000000c000d732      0x4b3 hal/video.32
                0x00000000c000d732                Video::putrect(int, int, int, int, unsigned int)
                0x00000000c000d77e                Video::bitblit(int, int, int, int, int, int, int, unsigned int*)
                0x00000000c000d7ee                Video::blit(unsigned int*, int, int, int, int)
                0x00000000c000d86c                Video::clearScreen(unsigned int)
                0x00000000c000d8a0                Video::putpixel(int, int, unsigned int)
                0x00000000c000d8ae                Video::Video(char const*)
                0x00000000c000d8ae                Video::Video(char const*)
                0x00000000c000d8e4                Video::~Video()
                0x00000000c000d8e4                Video::~Video()
                0x00000000c000d908                Video::~Video()
                0x00000000c000d932                Video::isMonochrome()
                0x00000000c000d93e                Video::getWidth()
                0x00000000c000d94a                Video::getHeight()
                0x00000000c000d956                Video::drawCursor(int, int, unsigned char*, int)
                0x00000000c000da12                Video::tgaParse(unsigned char*, int, int*, int*)
                0x00000000c000db7a                Video::putTGA(int, int, unsigned char*, int)
 *fill*         0x00000000c000dbe5        0x3 
 .text          0x00000000c000dbe8     0x1307 hw/acpi.32
                0x00000000c000dbe8                ACPI::close(int, int, void*)
                0x00000000c000dca0                findRSDP()
                0x00000000c000dd30                loadACPITables(unsigned char*)
                0x00000000c000df94                findRSDT(unsigned char*)
                0x00000000c000e0e4                findDataTable(unsigned char*, char*)
                0x00000000c000e15c                scanMADT()
                0x00000000c000e630                ACPI::ACPI()
                0x00000000c000e630                ACPI::ACPI()
                0x00000000c000e684                ACPI::getPCIIRQAssignment(unsigned char, unsigned short, unsigned char)
                0x00000000c000e76c                ACPI::registerPCIIRQAssignment(void*, unsigned short, unsigned char, unsigned char)
                0x00000000c000e834                ACPI::setScreenBrightnessLevel(void*, int)
                0x00000000c000e83c                ACPI::detectPCI()
                0x00000000c000ea44                ACPI::writeSimpleBootFlag(SimpleBootFlagTable*)
                0x00000000c000ea98                ACPI::sleep()
                0x00000000c000eab4                ACPI::open(int, int, void*)
 *fill*         0x00000000c000eeef        0x1 
 .text          0x00000000c000eef0      0xb95 hw/cpu.32
                0x00000000c000eef0                CPU::close(int, int, void*)
                0x00000000c000eef4                CPU::AMD_K6_write_msr(unsigned int, unsigned int, unsigned int, CPU::REGS*)
                0x00000000c000ef10                CPU::AMD_K6_read_msr(unsigned int, CPU::REGS*)
                0x00000000c000ef28                CPU::AMD_K6_writeback(int, int, int)
                0x00000000c000ef9c                CPU::cpuid(int, unsigned long*, unsigned long*, unsigned long*, unsigned long*)
                0x00000000c000f020                CPU::cpuidCheckEDX(unsigned int)
                0x00000000c000f04e                CPU::cpuidCheckECX(unsigned int)
                0x00000000c000f07c                CPU::cpuidCheckExtendedEBX(unsigned int)
                0x00000000c000f0aa                CPU::cpuidCheckExtendedECX(unsigned int)
                0x00000000c000f0d8                CPU::CPU()
                0x00000000c000f0d8                CPU::CPU()
                0x00000000c000f166                CPU::displayFeatures()
                0x00000000c000f168                CPU::detectFeatures()
                0x00000000c000f82c                CPU::setupSMEP()
                0x00000000c000f838                CPU::setupUMIP()
                0x00000000c000f842                CPU::setupTSC()
                0x00000000c000f84c                CPU::setupLargePages()
                0x00000000c000f856                CPU::setupPAT()
                0x00000000c000f892                CPU::setupMTRR()
                0x00000000c000f894                CPU::setupGlobalPages()
                0x00000000c000f89e                CPU::allowUsermodeDataAccess()
                0x00000000c000f8b0                CPU::prohibitUsermodeDataAccess()
                0x00000000c000f8c2                CPU::setupSMAP()
                0x00000000c000f8d0                CPU::setupFeatures()
                0x00000000c000f99c                CPU::open(int, int, void*)
 .text          0x00000000c000fa85       0xd1 krnl/bootmsg.32
                0x00000000c000fa85                KeDisplaySplashScreen()
                0x00000000c000faf3                KeSetBootMessage(char const*)
 .text          0x00000000c000fb56      0x581 krnl/env.32
                0x00000000c000fb56                EnvVarContainer::getEnv(char const*)
                0x00000000c000fb94                EnvVarContainer::setEnv(char const*, char const*)
                0x00000000c000fc56                EnvVarContainer::deleteEnv(char const*)
                0x00000000c000fc58                EnvVarContainer::loadFrom(char const*, char const*)
                0x00000000c000fe3e                EnvVarContainer::__loadSystem()
                0x00000000c000fe58                EnvVarContainer::__loadUser()
                0x00000000c000fe5a                EnvVarContainer::EnvVarContainer(Process*)
                0x00000000c000fe5a                EnvVarContainer::EnvVarContainer(Process*)
                0x00000000c000fe7c                EnvVarContainer::~EnvVarContainer()
                0x00000000c000fe7c                EnvVarContainer::~EnvVarContainer()
                0x00000000c000feac                Krnl::getEnv(Process*, char const*)
                0x00000000c000ff11                Krnl::setEnvSystem(char const*, char const*)
                0x00000000c000ff2b                Krnl::setEnvUser(char const*, char const*)
                0x00000000c000ff4a                Krnl::setEnvProcess(Process*, char const*, char const*)
                0x00000000c000ff5d                Krnl::deleteEnvSystem(char const*)
                0x00000000c000ff5e                Krnl::deleteEnvUser(char const*)
                0x00000000c000ff5f                Krnl::deleteEnvProcess(Process*, char const*)
                0x00000000c000ff60                Krnl::newProcessEnv(Process*)
                0x00000000c000ff82                Krnl::copyProcessEnv(Process*, Process*)
                0x00000000c000ffce                Krnl::loadSystemEnv()
                0x00000000c000fffc                Krnl::loadUserEnv()
                0x00000000c0010022                Krnl::flushEnv()
                0x00000000c0010023                Krnl::getProcessTotalEnvCount(Process*)
                0x00000000c0010043                Krnl::getProcessEnvPair(Process*, int)
 .text          0x00000000c00100d7       0x94 krnl/inlines.32
                0x00000000c00100d7                CPU::current()
                0x00000000c00100e3                operator new(unsigned long)
                0x00000000c00100e8                operator delete(void*)
                0x00000000c00100ed                disableIRQs()
                0x00000000c00100ef                enableIRQs()
                0x00000000c00100f1                lockScheduler()
                0x00000000c00100f9                unlockScheduler()
                0x00000000c0010108                lockStuff()
                0x00000000c0010116                unlockStuff()
                0x00000000c0010150                Virt::getAKernelVAS()
                0x00000000c0010156                __not_memcpy
 .text          0x00000000c001016b        0xc krnl/panic.32
                0x00000000c001016b                KePanic(char const*)
 .text          0x00000000c0010177      0x142 krnl/powctrl.32
                0x00000000c0010177                Krnl::powerThread(void*)
                0x00000000c00101a5                Krnl::changePowerSettings(Krnl::PowerSettings)
                0x00000000c00101bb                Krnl::userIOReceived()
                0x00000000c00101c6                Krnl::handlePowerButton()
                0x00000000c00101fb                Krnl::handleSleepButton()
                0x00000000c0010230                Krnl::setupPowerManager()
 *fill*         0x00000000c00102b9        0x3 
 .text          0x00000000c00102bc      0x190 krnl/resolve.32
                0x00000000c00102bc                KeResolveCompatibilitySymbol(char*)
 .text          0x00000000c001044c      0x320 krnl/signal.32
                0x00000000c001044c                KiDefaultSignalHandlerAbort(int)
                0x00000000c0010459                KiSigKill(int)
                0x00000000c0010466                KiDefaultSignalHandlerTerminate(int)
                0x00000000c0010473                KiDefaultSignalHandlerIgnore(int)
                0x00000000c0010474                KiDefaultSignalHandlerPause(int)
                0x00000000c0010481                KiDefaultSignalHandlerResume(int)
                0x00000000c001048e                KeDeinitSignals(SigHandlerBlock*)
                0x00000000c0010493                KeInitSignals()
                0x00000000c00104de                KeRegisterSignalHandler(SigHandlerBlock*, int, void (*)(int), unsigned int, int)
                0x00000000c0010514                KeRaiseSignal(SigHandlerBlock*, int)
                0x00000000c0010591                KeCheckSignal(SigHandlerBlock*)
                0x00000000c0010717                KiCheckSignalZ
                0x00000000c0010731                KeCompleteSignal(SigHandlerBlock*, int)
 .text          0x00000000c001076c      0xcfe krnl/syscalls.32
                0x00000000c001076c                SysSeekDir(regs*)
                0x00000000c0010771                SysTellDir(regs*)
                0x00000000c0010776                SysVerify(regs*)
                0x00000000c0010780                SysGetArgc(regs*)
                0x00000000c0010790                SysTTYName(regs*)
                0x00000000c0010798                SysFormatDisk(regs*)
                0x00000000c0010805                SysSetDiskVolumeLabel(regs*)
                0x00000000c001084f                SysGetDiskVolumeLabel(regs*)
                0x00000000c00108a4                SysShutdown(regs*)
                0x00000000c0010902                SysRealpath(regs*)
                0x00000000c0010945                SysReadDir(regs*)
                0x00000000c00109c5                SysIsATTY(regs*)
                0x00000000c0010a21                SysSeek(regs*)
                0x00000000c0010a7a                SysTell(regs*)
                0x00000000c0010ae9                SysSize(regs*)
                0x00000000c0010b5e                SysSizeFromFilename(regs*)
                0x00000000c0010c11                SysClose(regs*)
                0x00000000c0010c71                SysOpenDir(regs*)
                0x00000000c0010d82                SysCloseDir(regs*)
                0x00000000c0010dd6                SysMakeDir(regs*)
                0x00000000c0010e48                SysWait(regs*)
                0x00000000c0010e65                SysNotImpl(regs*)
                0x00000000c0010e80                SysPanic(regs*)
                0x00000000c0010e9b                SysRmdir(regs*)
                0x00000000c0010f02                SysUnlink(regs*)
                0x00000000c0010f69                SysGetArgv(regs*)
                0x00000000c0010fb6                SysUSleep(regs*)
                0x00000000c0010fdf                SysSpawn(regs*)
                0x00000000c0011048                SysGetEnv(regs*)
                0x00000000c00110f7                SysSetFatAttrib(regs*)
                0x00000000c001116e                SysPipe(regs*)
                0x00000000c00111b3                SysGetUnixTime(regs*)
                0x00000000c00111c7                string_ends_with(char const*, char const*)
                0x00000000c0011211                SysOpen(regs*)
                0x00000000c0011418                KeSystemCall(regs*, void*)
 .text          0x00000000c001146a      0x50e reg/registry.32
                0x00000000c001146a                Reg::findLineFromLoadedData(char*, char*, char*)
                0x00000000c00115c2                Reg::getLineFromRegistry(char*, char*, char*, char*)
                0x00000000c0011717                Reg::getLine(char*, char*, char*)
                0x00000000c001174e                Reg::readInt(char*, char*, int*)
                0x00000000c0011839                Reg::readString(char*, char*, char*, int)
                0x00000000c00118ba                Reg::readBool(char*, char*, bool*)
                0x00000000c00118df                Reg::readBoolWithDefault(char*, char*, bool)
                0x00000000c001190b                Reg::readIntWithDefault(char*, char*, int)
                0x00000000c0011937                Reg::readStringWithDefault(char*, char*, char*, int, char*)
 .text          0x00000000c0011978       0x36 sys/eject.32
                0x00000000c0011978                SysEject(regs*)
 .text          0x00000000c00119ae       0x18 sys/exit.32
                0x00000000c00119ae                SysExit(regs*)
 .text          0x00000000c00119c6       0x1f sys/getcwd.32
                0x00000000c00119c6                SysGetCwd(regs*)
 .text          0x00000000c00119e5        0xc sys/getpid.32
                0x00000000c00119e5                SysGetPID(regs*)
 .text          0x00000000c00119f1       0x1a sys/getramdata.32
                0x00000000c00119f1                SysGetRAMData(regs*)
 .text          0x00000000c0011a0b       0x82 sys/getvgaptr.32
                0x00000000c0011a0b                SysGetVGAPtr(regs*)
 .text          0x00000000c0011a8d       0xa8 sys/loaddll.32
                0x00000000c0011a8d                SysLoadDLL(regs*)
 .text          0x00000000c0011b35       0x68 sys/read.32
                0x00000000c0011b35                SysRead(regs*)
 .text          0x00000000c0011b9d       0x29 sys/registersignal.32
                0x00000000c0011b9d                SysRegisterSignal(regs*)
 .text          0x00000000c0011bc6       0x67 sys/sbrk.32
                0x00000000c0011bc6                SysSbrk(regs*)
 .text          0x00000000c0011c2d       0x1c sys/setcwd.32
                0x00000000c0011c2d                SysSetCwd(regs*)
 .text          0x00000000c0011c49       0x95 sys/settime.32
                0x00000000c0011c49                SysSetTime(regs*)
 .text          0x00000000c0011cde       0x4a sys/timezone.32
                0x00000000c0011cde                SysTimezone(regs*)
 .text          0x00000000c0011d28       0x68 sys/write.32
                0x00000000c0011d28                SysWrite(regs*)
 .text          0x00000000c0011d90       0x62 sys/wsbe.32
                0x00000000c0011d90                SysWsbe(regs*)
 .text          0x00000000c0011df2       0x25 sys/yield.32
                0x00000000c0011df2                SysYield(regs*)
 .text          0x00000000c0011e17     0x11e5 thr/elf.32
                0x00000000c0011e17                Thr::allocateMemoryForTask(Process*, File*, unsigned long, unsigned long, unsigned long)
                0x00000000c00120a3                Thr::loadProgramIntoMemory(Process*, char const*)
                0x00000000c00122b9                Thr::runtimeReferenceHelper()
                0x00000000c00122cc                Thr::getAddressOfKernelSymbol(char const*)
                0x00000000c001231b                Thr::loadKernelSymbolTable(char const*)
                0x00000000c00125d9                Thr::loadDriverIntoMemory(char const*, unsigned long, bool)
                0x00000000c0012d0f                Thr::getDriverBaseFromAddress(unsigned long)
                0x00000000c0012d41                Thr::getDriverNameFromAddress(unsigned long)
                0x00000000c0012d78                Thr::getDriverOffsetFromAddress(unsigned long)
                0x00000000c0012d92                Thr::loadDLL(char const*, bool)
                0x00000000c0012fc3                Thr::executeDLL(unsigned long, void*)
 .text          0x00000000c0012ffc     0x12fd thr/prcssthr.32
                0x00000000c0012ffc                userModeEntryPoint(void*)
                0x00000000c0013024                changeTSS
                0x00000000c0013054                switchToThread(ThreadControlBlock*)
                0x00000000c0013108                Process::addArgs(char**)
                0x00000000c0013168                Process::Process(char const*, Process*, char**)
                0x00000000c0013168                Process::Process(char const*, Process*, char**)
                0x00000000c0013374                Process::Process(bool, char const*, Process*, char**)
                0x00000000c0013374                Process::Process(bool, char const*, Process*, char**)
                0x00000000c001354c                taskStartupFunction
                0x00000000c0013558                Semaphore::Semaphore(int)
                0x00000000c0013558                Semaphore::Semaphore(int)
                0x00000000c0013588                Mutex::Mutex()
                0x00000000c0013588                Mutex::Mutex()
                0x00000000c001359c                Process::createThread(void (*)(void*), void*, int)
                0x00000000c0013694                Process::createUserThread()
                0x00000000c00136b4                setupMultitasking(void (*)())
                0x00000000c00137bc                schedule()
                0x00000000c001384c                Semaphore::tryAcquire()
                0x00000000c0013918                Semaphore::assertLocked(char const*)
                0x00000000c0013990                blockTaskWithSchedulerLockAlreadyHeld(TaskState)
                0x00000000c00139b8                blockTask(TaskState)
                0x00000000c00139e8                waitTask(int, int*, int)
                0x00000000c0013a2c                milliTenthSleepUntil(unsigned int)
                0x00000000c0013abc                milliTenthSleep(unsigned int)
                0x00000000c0013acc                sleep(unsigned int)
                0x00000000c0013ae8                Semaphore::acquire()
                0x00000000c0013ba4                taskReturned
                0x00000000c0013be0                Thr::processFromPID(int)
                0x00000000c0013c80                unblockTask(ThreadControlBlock*)
                0x00000000c0013d24                cleanupTerminatedTask(ThreadControlBlock*)
                0x00000000c0013ff0                cleanerTaskFunction(void*)
                0x00000000c00140e0                terminateTask(int)
                0x00000000c00141ac                Thr::terminateFromIRQ(int)
                0x00000000c00141bc                Semaphore::release()
 .text          0x00000000c00142f9      0xb93 vm86/vm8086.32
                0x00000000c00142f9                Vm::inbv(unsigned short)
                0x00000000c001430c                Vm::outbv(unsigned short, unsigned char)
                0x00000000c0014342                Vm::realToLinear(unsigned short, unsigned short)
                0x00000000c0014352                Vm::getSegment(unsigned int)
                0x00000000c001435a                Vm::getOffset(unsigned int)
                0x00000000c001435f                Vm::mainloop2()
                0x00000000c0014399                Vm::mainVm8086Loop(void*)
                0x00000000c00143a9                Vm::mainloop3(unsigned long)
                0x00000000c00143cf                Vm::initialise8086()
                0x00000000c0014412                Vm::finish8086()
                0x00000000c0014473                Vm::getOutput8086(unsigned char*)
                0x00000000c0014498                Vm::start8086FromBuffer(unsigned char*, int, unsigned short, unsigned short, unsigned short, unsigned short)
                0x00000000c0014551                Vm::start8086(char const*, unsigned short, unsigned short, unsigned short, unsigned short)
                0x00000000c00146b9                Vm::doISR(regs*, int, unsigned char*, unsigned short, unsigned short)
                0x00000000c0014743                Vm::readByteFromReal(unsigned short, unsigned short)
                0x00000000c0014754                Vm::readWordFromReal(unsigned short, unsigned short)
                0x00000000c0014766                Vm::readDwordFromReal(unsigned short, unsigned short)
                0x00000000c0014777                Vm::writeByteFromReal(unsigned short, unsigned short, unsigned char)
                0x00000000c001478c                Vm::writeWordFromReal(unsigned short, unsigned short, unsigned short)
                0x00000000c00147a2                Vm::writeDwordFromReal(unsigned short, unsigned short, unsigned int)
                0x00000000c00147b7                Vm::faultHandler(regs*)
 .text          0x00000000c0014e8c      0xa53 arch/i386/hal.32
                0x00000000c0014e8c                noCopro(unsigned long)
                0x00000000c0014e8d                nmiHandler(regs*, void*)
                0x00000000c0014ea6                doubleFault(regs*, void*)
                0x00000000c0014ebf                displayDebugInfo(regs*)
                0x00000000c00151e0                HalSystemIdle()
                0x00000000c0015256                displayProgramFault(char const*)
                0x00000000c00152a2                gpFault(regs*, void*)
                0x00000000c0015307                pgFault(regs*, void*)
                0x00000000c001538d                otherISRHandler(regs*, void*)
                0x00000000c00153c1                opcodeFault(regs*, void*)
                0x00000000c0015441                i386SaveCoprocessor(void*)
                0x00000000c0015455                i386LoadCoprocessor(void*)
                0x00000000c0015469                x87EmulHandler(regs*, void*)
                0x00000000c0015506                HalInitialiseCoprocessor()
                0x00000000c00155b4                HalPanic(char const*)
                0x00000000c00156ad                HalQueryPerformanceCounter()
                0x00000000c00156c8                HalInitialise()
                0x00000000c001586e                HalMakeBeep(int)
                0x00000000c00158a8                HalGetRand()
                0x00000000c00158ab                HalEndOfInterrupt(int)
                0x00000000c00158dc                HalRestart()
                0x00000000c00158dd                HalShutdown()
                0x00000000c00158de                HalSleep()
 *fill*         0x00000000c00158df        0x1 
 .text          0x00000000c00158e0      0x2f4 arch/i386/pic.32
                0x00000000c00158e0                picIoWait()
                0x00000000c00158e8                picDisable()
                0x00000000c001591c                picGetIRQReg(int)
                0x00000000c00159a0                picOpen()
                0x00000000c0015b30                picEOI(int)
 .text          0x00000000c0015bd4      0x64d arch/i386/rtc.32
                0x00000000c0015bd4                RTC::open(int, int, void*)
                0x00000000c0015bd8                RTC::close(int, int, void*)
                0x00000000c0015bdc                RTC::timeInSecondsUTC()
                0x00000000c0015bee                RTC::timeInDatetimeUTC()
                0x00000000c0015c14                RTC::setTimeInSecondsUTC(unsigned long long)
                0x00000000c0015c52                RTC::~RTC()
                0x00000000c0015c52                RTC::~RTC()
                0x00000000c0015c76                RTC::~RTC()
                0x00000000c0015ca0                RTC::get_update_in_progress_flag()
                0x00000000c0015cb8                RTC::completeRTCRefresh()
                0x00000000c0015f70                RTC::setTimeInDatetimeUTC(datetime_t)
                0x00000000c0016123                rtcIRQHandler(regs*, void*)
                0x00000000c0016168                RTC::RTC()
                0x00000000c0016168                RTC::RTC()
 *fill*         0x00000000c0016221        0x3 
 .text          0x00000000c0016224      0x203 arch/i386/vga.32
                0x00000000c0016224                HalConsoleScroll(int, int)
                0x00000000c001632c                HalConsoleWriteCharacter(char, int, int, int, int)
                0x00000000c0016398                HalConsoleCursorUpdate(int, int)
 *fill*         0x00000000c0016427        0x1 
 .text          0x00000000c0016428     0x13e7 fs/fat/vfslink.32
                0x00000000c0016428                FAT::getName()
                0x00000000c0016430                FAT::tell(void*, unsigned long long*)
                0x00000000c001646c                FAT::stat(void*, unsigned long long*)
                0x00000000c00164a8                FAT::~FAT()
                0x00000000c00164a8                FAT::~FAT()
                0x00000000c00164cc                FAT::~FAT()
                0x00000000c00164f4                FAT::getlabel(LogicalDisk*, int, char*, unsigned int*)
                0x00000000c0016598                FAT::setlabel(LogicalDisk*, int, char*)
                0x00000000c001665c                FAT::format(LogicalDisk*, int, char const*, int)
                0x00000000c0016830                FAT::tryMount(LogicalDisk*, int)
                0x00000000c0016a48                FAT::allocateSwapfile(char const*, int)
                0x00000000c0016c08                FAT::readDir(void*, unsigned long, void*, int*)
                0x00000000c0016d74                FAT::read(void*, unsigned long, void*, int*)
                0x00000000c0016dd4                FAT::write(void*, unsigned long, void*, int*)
                0x00000000c0016e34                FAT::close(void*)
                0x00000000c0016e88                FAT::closeDir(void*)
                0x00000000c0016edc                FAT::seek(void*, unsigned long long)
                0x00000000c0016f34                fatWrapperReadDisk
                0x00000000c0016f78                fatWrapperWriteDisk
                0x00000000c0016fbc                fatWrapperIoctl
                0x00000000c00170d8                FAT::FAT()
                0x00000000c00170d8                FAT::FAT()
                0x00000000c001712c                FAT::fixFilepath(char*)
                0x00000000c0017168                FAT::open(char const*, void**, FileOpenMode)
                0x00000000c00172a0                FAT::openDir(char const*, void**)
                0x00000000c0017350                FAT::stat(char const*, unsigned long long*, bool*)
                0x00000000c0017448                FAT::unlink(char const*)
                0x00000000c00174c8                FAT::chfatattr(char const*, unsigned char, unsigned char)
                0x00000000c0017654                FAT::rename(char const*, char const*)
                0x00000000c0017720                FAT::mkdir(char const*)
                0x00000000c00177a0                FAT::exists(char const*)
 *fill*         0x00000000c001780f        0x1 
 .text          0x00000000c0017810       0xc6 fs/iso9660/helper.32
                0x00000000c0017810                isoReadDiscSectorHelper
                0x00000000c001786c                iso_kprintf
                0x00000000c001788c                iso_kprintfd
 .text          0x00000000c00178d6      0x586 fs/iso9660/vfslink.32
                0x00000000c00178d6                ISO9660::format(LogicalDisk*, int, char const*, int)
                0x00000000c00178dc                ISO9660::getName()
                0x00000000c00178e2                ISO9660::closeDir(void*)
                0x00000000c00178ec                ISO9660::chfatattr(char const*, unsigned char, unsigned char)
                0x00000000c00178f2                ISO9660::unlink(char const*)
                0x00000000c00178f8                ISO9660::write(void*, unsigned long, void*, int*)
                0x00000000c00178fe                ISO9660::rename(char const*, char const*)
                0x00000000c0017904                ISO9660::mkdir(char const*)
                0x00000000c001790a                ISO9660::~ISO9660()
                0x00000000c001790a                ISO9660::~ISO9660()
                0x00000000c001792e                ISO9660::~ISO9660()
                0x00000000c0017956                ISO9660::exists(char const*)
                0x00000000c001796a                ISO9660::open(char const*, void**, FileOpenMode)
                0x00000000c0017a0a                ISO9660::openDir(char const*, void**)
                0x00000000c0017a9a                ISO9660::read(void*, unsigned long, void*, int*)
                0x00000000c0017ada                ISO9660::seek(void*, unsigned long long)
                0x00000000c0017b12                ISO9660::tell(void*, unsigned long long*)
                0x00000000c0017b48                ISO9660::stat(void*, unsigned long long*)
                0x00000000c0017b82                ISO9660::stat(char const*, unsigned long long*, bool*)
                0x00000000c0017c54                ISO9660::close(void*)
                0x00000000c0017c7a                ISO9660::readDir(void*, unsigned long, void*, int*)
                0x00000000c0017d47                readSectorFromCDROM(unsigned int, unsigned char*, char)
                0x00000000c0017dc2                ISO9660::tryMount(LogicalDisk*, int)
                0x00000000c0017e34                ISO9660::ISO9660()
                0x00000000c0017e34                ISO9660::ISO9660()
 .text          0x00000000c0017e5c      0x26c hal/sound/sndcard.32
                0x00000000c0017e5c                SoundCard::beginPlayback()
                0x00000000c0017e6a                SoundCard::stopPlayback()
                0x00000000c0017e78                SoundCard::SoundCard(char const*)
                0x00000000c0017e78                SoundCard::SoundCard(char const*)
                0x00000000c0017f16                SoundCard::~SoundCard()
                0x00000000c0017f16                SoundCard::~SoundCard()
                0x00000000c0017f3a                SoundCard::~SoundCard()
                0x00000000c0017f64                SoundCard::configureRates(int, int, int)
                0x00000000c0017f94                SoundCard::getSamples16(int, short*)
                0x00000000c0017ff0                SoundCard::getSamples32(int, int*)
                0x00000000c0018076                SoundCard::addChannel(SoundPort*)
                0x00000000c00180b4                SoundCard::removeChannel(int)
 .text          0x00000000c00180c8      0x377 hal/sound/sndport.32
                0x00000000c00180c8                SoundPort::SoundPort(int, int, int, int)
                0x00000000c00180c8                SoundPort::SoundPort(int, int, int, int)
                0x00000000c0018154                SoundPort::~SoundPort()
                0x00000000c0018154                SoundPort::~SoundPort()
                0x00000000c0018188                SoundPort::unpause()
                0x00000000c0018194                SoundPort::pause()
                0x00000000c00181a0                SoundPort::getBufferUsed()
                0x00000000c00181a8                SoundPort::getBufferSize()
                0x00000000c00181b0                SoundPort::buffer16(short*, int)
                0x00000000c001823c                SoundPort::buffer32(int*, int)
                0x00000000c00182c4                SoundPort::unbufferAndAdd16(int, short*, SoundCard*)
                0x00000000c0018388                SoundPort::unbufferAndAdd32(int, int*, SoundCard*)
 .text          0x00000000c001843f        0x0 hw/bus/isa.32
 *fill*         0x00000000c001843f        0x1 
 .text          0x00000000c0018440      0xb49 hw/bus/pci.32
                0x00000000c0018440                PCI::open(int, int, void*)
                0x00000000c001845e                PCI::close(int, int, void*)
                0x00000000c0018462                PCI::PCI()
                0x00000000c0018462                PCI::PCI()
                0x00000000c00184fc                PCI::readBAR8(unsigned int, int)
                0x00000000c0018518                PCI::readBAR16(unsigned int, int)
                0x00000000c0018536                PCI::readBAR32(unsigned int, int)
                0x00000000c0018552                PCI::writeBAR8(unsigned int, unsigned char, int)
                0x00000000c0018572                PCI::writeBAR16(unsigned int, unsigned short, int)
                0x00000000c0018594                PCI::writeBAR32(unsigned int, unsigned int, int)
                0x00000000c00185b4                PCI::legacyMechanism(unsigned char, unsigned char, unsigned char, unsigned char)
                0x00000000c0018622                PCI::pciReadWord(unsigned char, unsigned char, unsigned char, unsigned char)
                0x00000000c00186ca                PCI::getVendorID(unsigned char, unsigned char, unsigned char)
                0x00000000c00186ee                PCI::getHeaderType(unsigned char, unsigned char, unsigned char)
                0x00000000c0018716                PCI::getClassCode(unsigned char, unsigned char, unsigned char)
                0x00000000c0018760                PCI::getProgIF(unsigned char, unsigned char, unsigned char)
                0x00000000c0018788                PCI::getRevisionID(unsigned char, unsigned char, unsigned char)
                0x00000000c00187ac                PCI::getInterruptNumber(unsigned char, unsigned char, unsigned char)
                0x00000000c00187d0                PCI::getSecondaryBus(unsigned char, unsigned char, unsigned char)
                0x00000000c00187f8                PCI::getBARAddress(unsigned char, unsigned char, unsigned char, unsigned char)
                0x00000000c001885c                PCI::pciWriteWord(unsigned char, unsigned char, unsigned char, unsigned char, unsigned short)
                0x00000000c0018944                PCI::pciDetailsToFilepath(PCIDeviceInfo, char*)
                0x00000000c0018bbe                PCI::checkBus(unsigned char)
                0x00000000c0018be4                PCI::foundDevice(PCIDeviceInfo)
                0x00000000c0018d56                PCI::getDeviceData(unsigned char, unsigned char, unsigned char)
                0x00000000c0018eca                PCI::checkDevice(unsigned char, unsigned char)
                0x00000000c0018f36                PCI::detect()
 *fill*         0x00000000c0018f89        0x1 
 .text          0x00000000c0018f8a      0xb5a hw/diskctrl/ide.32
                0x00000000c0018f8a                IDE::close(int, int, void*)
                0x00000000c0018f8e                IDE::IDE()
                0x00000000c0018f8e                IDE::IDE()
                0x00000000c0018fc2                IDE::prepareInterrupt(unsigned char)
                0x00000000c0018fd4                selectDrive(unsigned char, unsigned char)
                0x00000000c0018fd6                IDE::getBase(unsigned char)
                0x00000000c0018fe8                IDE::write(unsigned char, unsigned char, unsigned char)
                0x00000000c00190a8                IDE::read(unsigned char, unsigned char)
                0x00000000c0019156                IDE::waitInterrupt(unsigned char)
                0x00000000c00191be                ideChannel0IRQHandler(regs*, void*)
                0x00000000c00191da                ideChannel1IRQHandler(regs*, void*)
                0x00000000c00191f6                IDE::enableIRQs(unsigned char, bool)
                0x00000000c001923c                IDE::open(int, int, void*)
                0x00000000c001964a                IDE::readBuffer(unsigned char, unsigned char, unsigned int, unsigned int)
                0x00000000c0019716                IDE::detect()
                0x00000000c00199d6                IDE::printError(unsigned char, unsigned char, unsigned char)
                0x00000000c0019a86                IDE::polling(unsigned char, unsigned int)
 .text          0x00000000c0019ae4      0x32a hw/diskctrl/satabus.32
                0x00000000c0019ae4                SATABus::close(int, int, void*)
                0x00000000c0019ae8                SATABus::detect()
                0x00000000c0019aea                SATABus::SATABus()
                0x00000000c0019aea                SATABus::SATABus()
                0x00000000c0019b70                SATABus::findCmdslot(SATABus::tagHBA_PORT volatile*)
                0x00000000c0019ba2                SATABus::checkType(SATABus::tagHBA_PORT volatile*)
                0x00000000c0019bea                SATABus::startCmd(SATABus::tagHBA_PORT volatile*)
                0x00000000c0019c0a                SATABus::stopCmd(SATABus::tagHBA_PORT volatile*)
                0x00000000c0019c34                SATABus::portRebase(SATABus::tagHBA_PORT volatile*, int)
                0x00000000c0019d44                SATABus::probePort(SATABus::tagHBA_MEM volatile*)
                0x00000000c0019dee                SATABus::open(int, int, void*)
 .text          0x00000000c0019e0e      0x5f4 hw/diskphys/ata.32
                0x00000000c0019e0e                ATA::close(int, int, void*)
                0x00000000c0019e32                ATA::powerSaving(PowerSavingLevel)
                0x00000000c0019e34                ATA::ATA()
                0x00000000c0019e34                ATA::ATA()
                0x00000000c0019e62                ATA::flush(bool)
                0x00000000c0019eac                ATA::readyForCommand()
                0x00000000c0019ef8                ATA::access(unsigned long long, int, void*, bool)
                0x00000000c001a274                ATA::read(unsigned long long, int, void*)
                0x00000000c001a2c0                ATA::write(unsigned long long, int, void*)
                0x00000000c001a30c                ATA::detectCHS()
                0x00000000c001a336                ATA::open(int, int, void*)
 .text          0x00000000c001a402      0x60e hw/diskphys/atapi.32
                0x00000000c001a402                ATAPI::write(unsigned long long, int, void*)
                0x00000000c001a408                ATAPI::close(int, int, void*)
                0x00000000c001a42c                ATAPI::ATAPI()
                0x00000000c001a42c                ATAPI::ATAPI()
                0x00000000c001a45a                ATAPI::readyForCommand()
                0x00000000c001a4ac                ATAPI::sendPacket(unsigned char*, int, bool, unsigned short*, int)
                0x00000000c001a76c                ATAPI::diskRemoved()
                0x00000000c001a7a6                ATAPI::eject()
                0x00000000c001a7ee                ATAPI::diskInserted()
                0x00000000c001a7fa                ATAPI::detectMedia()
                0x00000000c001a8b6                ATAPI::open(int, int, void*)
                0x00000000c001a996                ATAPI::read(unsigned long long, int, void*)
 .text          0x00000000c001aa10      0x402 hw/diskphys/sata.32
                0x00000000c001aa10                SATA::close(int, int, void*)
                0x00000000c001aa34                SATA::powerSaving(PowerSavingLevel)
                0x00000000c001aa36                SATA::open(int, int, void*)
                0x00000000c001aae0                SATA::SATA()
                0x00000000c001aae0                SATA::SATA()
                0x00000000c001ab0e                SATA::access(unsigned long long, int, void*, bool)
                0x00000000c001ad5a                SATA::read(unsigned long long, int, void*)
                0x00000000c001ada6                SATA::write(unsigned long long, int, void*)
 .text          0x00000000c001ae12      0x5af hw/diskphys/satapi.32
                0x00000000c001ae12                SATAPI::write(unsigned long long, int, void*)
                0x00000000c001ae18                SATAPI::close(int, int, void*)
                0x00000000c001ae3c                SATAPI::SATAPI()
                0x00000000c001ae3c                SATAPI::SATAPI()
                0x00000000c001ae6a                SATAPI::diskRemoved()
                0x00000000c001ae6c                SATAPI::diskInserted()
                0x00000000c001ae88                SATAPI::sendPacket(unsigned char*, int, unsigned long long, unsigned short*, int)
                0x00000000c001b168                SATAPI::eject()
                0x00000000c001b1a4                SATAPI::detectMedia()
                0x00000000c001b1ca                SATAPI::open(int, int, void*)
                0x00000000c001b2ca                SATAPI::read(unsigned long long, int, void*)
 *fill*         0x00000000c001b3c1        0x1 
 .text          0x00000000c001b3c2      0x455 hw/intctrl/apic.32
                0x00000000c001b3c2                IOAPIC::close(int, int, void*)
                0x00000000c001b3c8                apicGetBase()
                0x00000000c001b40a                IOAPIC::IOAPIC()
                0x00000000c001b40a                IOAPIC::IOAPIC()
                0x00000000c001b432                apicOpen()
                0x00000000c001b598                IOAPIC::handlesGSIWithNumber(unsigned int)
                0x00000000c001b5ca                IOAPIC::read(int)
                0x00000000c001b5f2                IOAPIC::open(int, int, void*)
                0x00000000c001b6e6                IOAPIC::write(int, int)
                0x00000000c001b712                IOAPIC::redirect(unsigned char, unsigned long long, unsigned char, bool, bool)
 *fill*         0x00000000c001b817        0x1 
 .text          0x00000000c001b818       0xf0 hw/timer/apictimer.32
                0x00000000c001b818                APICTimer::close(int, int, void*)
                0x00000000c001b820                apicTimerHandler(regs*, void*)
                0x00000000c001b848                APICTimer::open(int, int, void*)
                0x00000000c001b8b8                APICTimer::write(int)
                0x00000000c001b8e0                APICTimer::APICTimer()
                0x00000000c001b8e0                APICTimer::APICTimer()
 .text          0x00000000c001b908      0x1aa hw/timer/pit.32
                0x00000000c001b908                PIT::write(int)
                0x00000000c001b98c                pitHandler(regs*, void*)
                0x00000000c001b9b0                PIT::open(int, int, void*)
                0x00000000c001ba00                PIT::close(int, int, void*)
                0x00000000c001ba30                PIT::PIT()
                0x00000000c001ba30                PIT::PIT()
 *fill*         0x00000000c001bab2        0xe 
 .text          0x00000000c001bac0       0x83 arch/i386/avx.32
                0x00000000c001bac0                avxDetect
                0x00000000c001baea                avxSave
                0x00000000c001bafb                avxLoad
                0x00000000c001bb0c                avxInit
                0x00000000c001bb2e                avxClose
                0x00000000c001bb2f                wouldSheSayYes
 *fill*         0x00000000c001bb43        0xd 
 .text          0x00000000c001bb50      0x1d6 arch/i386/interrupt.32
                0x00000000c001bb50                isr0
                0x00000000c001bb60                isr1
                0x00000000c001bb6a                isr2
                0x00000000c001bb74                isr3
                0x00000000c001bb7e                isr4
                0x00000000c001bb88                isr5
                0x00000000c001bb92                isr6
                0x00000000c001bb9c                isr7
                0x00000000c001bba6                isr8
                0x00000000c001bbae                isr9
                0x00000000c001bbb8                isr10
                0x00000000c001bbc0                isr11
                0x00000000c001bbc8                isr12
                0x00000000c001bbd0                isr13
                0x00000000c001bbd8                isr14
                0x00000000c001bbe0                isr15
                0x00000000c001bbea                isr16
                0x00000000c001bbf4                isr17
                0x00000000c001bbfe                isr18
                0x00000000c001bc08                irq3
                0x00000000c001bc12                irq4
                0x00000000c001bc1c                irq5
                0x00000000c001bc26                irq6
                0x00000000c001bc30                irq7
                0x00000000c001bc3a                irq8
                0x00000000c001bc44                irq9
                0x00000000c001bc4e                irq10
                0x00000000c001bc58                irq11
                0x00000000c001bc62                irq12
                0x00000000c001bc6c                irq13
                0x00000000c001bc76                irq14
                0x00000000c001bc80                irq15
                0x00000000c001bc8a                irq1
                0x00000000c001bc91                irq2
                0x00000000c001bc98                isr96
                0x00000000c001bc9f                irq0
                0x00000000c001bca4                int_common_stub
                0x00000000c001bca4                syscall_common_stub
                0x00000000c001bcd6                irq16
                0x00000000c001bce0                irq17
                0x00000000c001bcea                irq18
                0x00000000c001bcf4                irq19
                0x00000000c001bcfe                irq20
                0x00000000c001bd08                irq21
                0x00000000c001bd12                irq22
                0x00000000c001bd1c                irq23
 *fill*         0x00000000c001bd26        0xa 
 .text          0x00000000c001bd30       0x10 arch/i386/rdrand.32
                0x00000000c001bd30                i386GetRDRAND
 .text          0x00000000c001bd40       0x39 arch/i386/sse.32
                0x00000000c001bd40                absolutelyNoChanceInHell
                0x00000000c001bd40                sseDetect
                0x00000000c001bd58                sseSave
                0x00000000c001bd60                sseLoad
                0x00000000c001bd68                sseInit
                0x00000000c001bd78                sseClose
 *fill*         0x00000000c001bd79        0x7 
 .text          0x00000000c001bd80       0x49 arch/i386/x87.32
                0x00000000c001bd86                x87Detect
                0x00000000c001bda1                x87Save
                0x00000000c001bda8                x87Load
                0x00000000c001bdaf                x87Init
                0x00000000c001bdc8                x87Close
 *fill*         0x00000000c001bdc9        0x3 
 .text          0x00000000c001bdcc       0x25 /cygdrive/d/Users/Alex/Desktop/Toolchain/Output/bin/../lib/gcc/i386-banana/8.1.0/crtend.o
 .text          0x00000000c001bdf1        0x0 crtn.32
 *fill*         0x00000000c001bdf1        0x3 
 .text          0x00000000c001bdf4      0x14b /cygdrive/d/Users/Alex/Desktop/Toolchain/Output/bin/../lib/gcc/i386-banana/8.1.0/libkgcc.a(_divdi3.o)
                0x00000000c001bdf4                __divdi3
 *fill*         0x00000000c001bf3f        0x1 
 .text          0x00000000c001bf40      0x17e /cygdrive/d/Users/Alex/Desktop/Toolchain/Output/bin/../lib/gcc/i386-banana/8.1.0/libkgcc.a(_moddi3.o)
                0x00000000c001bf40                __moddi3
 *fill*         0x00000000c001c0be        0x2 
 .text          0x00000000c001c0c0       0xff /cygdrive/d/Users/Alex/Desktop/Toolchain/Output/bin/../lib/gcc/i386-banana/8.1.0/libkgcc.a(_udivdi3.o)
                0x00000000c001c0c0                __udivdi3
 *fill*         0x00000000c001c1bf        0x1 
 .text          0x00000000c001c1c0      0x11a /cygdrive/d/Users/Alex/Desktop/Toolchain/Output/bin/../lib/gcc/i386-banana/8.1.0/libkgcc.a(_umoddi3.o)
                0x00000000c001c1c0                __umoddi3
 *(.gnu.linkonce.t*)

.iplt           0x00000000c001c2e0        0x0
 .iplt          0x00000000c001c2e0        0x0 D:/Users/Alex/Desktop/Banana/kernel/boot.32

.init           0x00000000c001c2da        0xf
 .init          0x00000000c001c2da        0x3 crti.32
                0x00000000c001c2da                _init
 .init          0x00000000c001c2dd        0x5 /cygdrive/d/Users/Alex/Desktop/Toolchain/Output/bin/../lib/gcc/i386-banana/8.1.0/crtbegin.o
 .init          0x00000000c001c2e2        0x5 /cygdrive/d/Users/Alex/Desktop/Toolchain/Output/bin/../lib/gcc/i386-banana/8.1.0/crtend.o
 .init          0x00000000c001c2e7        0x2 crtn.32

.fini           0x00000000c001c2e9        0xa
 .fini          0x00000000c001c2e9        0x3 crti.32
                0x00000000c001c2e9                _fini
 .fini          0x00000000c001c2ec        0x5 /cygdrive/d/Users/Alex/Desktop/Toolchain/Output/bin/../lib/gcc/i386-banana/8.1.0/crtbegin.o
 .fini          0x00000000c001c2f1        0x2 crtn.32

.text._ZN8ComputerD2Ev
                0x00000000c001c2f4       0x23
 .text._ZN8ComputerD2Ev
                0x00000000c001c2f4       0x23 core/computer.32
                0x00000000c001c2f4                Computer::~Computer()
                0x00000000c001c2f4                Computer::~Computer()

.text._ZN8ComputerD0Ev
                0x00000000c001c318       0x2a
 .text._ZN8ComputerD0Ev
                0x00000000c001c318       0x2a core/computer.32
                0x00000000c001c318                Computer::~Computer()

.text._Z10idleCommonv
                0x00000000c001c342       0x21
 .text._Z10idleCommonv
                0x00000000c001c342       0x21 core/idle.32
                0x00000000c001c342                idleCommon()

.text._ZN10LinkedListI8UnixFileED2Ev
                0x00000000c001c364        0x2
 .text._ZN10LinkedListI8UnixFileED2Ev
                0x00000000c001c364        0x2 core/unixfile.32
                0x00000000c001c364                LinkedList<UnixFile>::~LinkedList()
                0x00000000c001c364                LinkedList<UnixFile>::~LinkedList()

.text._ZN10LinkedListI8UnixFileEC2Ev
                0x00000000c001c366       0x42
 .text._ZN10LinkedListI8UnixFileEC2Ev
                0x00000000c001c366       0x42 core/unixfile.32
                0x00000000c001c366                LinkedList<UnixFile>::LinkedList()
                0x00000000c001c366                LinkedList<UnixFile>::LinkedList()

.text._ZN10LinkedListI8UnixFileE10addElementEPS0_
                0x00000000c001c3a8       0xd3
 .text._ZN10LinkedListI8UnixFileE10addElementEPS0_
                0x00000000c001c3a8       0xd3 core/unixfile.32
                0x00000000c001c3a8                LinkedList<UnixFile>::addElement(UnixFile*)

.text._ZN10LinkedListI8UnixFileE15getFirstElementEv
                0x00000000c001c47c        0x7
 .text._ZN10LinkedListI8UnixFileE15getFirstElementEv
                0x00000000c001c47c        0x7 core/unixfile.32
                0x00000000c001c47c                LinkedList<UnixFile>::getFirstElement()

.text._ZN10LinkedListI8UnixFileE11removeFirstEv
                0x00000000c001c484       0xa1
 .text._ZN10LinkedListI8UnixFileE11removeFirstEv
                0x00000000c001c484       0xa1 core/unixfile.32
                0x00000000c001c484                LinkedList<UnixFile>::removeFirst()

.text._ZN10LinkedListI8UnixFileE7getNextEPS0_
                0x00000000c001c526        0x8
 .text._ZN10LinkedListI8UnixFileE7getNextEPS0_
                0x00000000c001c526        0x8 core/unixfile.32
                0x00000000c001c526                LinkedList<UnixFile>::getNext(UnixFile*)

.text._ZN16DriverlessDeviceD2Ev
                0x00000000c001c52e       0x1a
 .text._ZN16DriverlessDeviceD2Ev
                0x00000000c001c52e       0x1a hal/device.32
                0x00000000c001c52e                DriverlessDevice::~DriverlessDevice()
                0x00000000c001c52e                DriverlessDevice::~DriverlessDevice()

.text._ZN16DriverlessDeviceD0Ev
                0x00000000c001c548       0x2a
 .text._ZN16DriverlessDeviceD0Ev
                0x00000000c001c548       0x2a hal/device.32
                0x00000000c001c548                DriverlessDevice::~DriverlessDevice()

.text._ZN10LinkedListI6DeviceE10addElementEPS0_
                0x00000000c001c572       0xdc
 .text._ZN10LinkedListI6DeviceE10addElementEPS0_
                0x00000000c001c572       0xdc hal/device.32
                0x00000000c001c572                LinkedList<Device>::addElement(Device*)

.text._ZN10LinkedListI6DeviceEC2Ev
                0x00000000c001c64e       0x42
 .text._ZN10LinkedListI6DeviceEC2Ev
                0x00000000c001c64e       0x42 hal/device.32
                0x00000000c001c64e                LinkedList<Device>::LinkedList()
                0x00000000c001c64e                LinkedList<Device>::LinkedList()

.text._ZN10LinkedListIV18ThreadControlBlockE7isEmptyEv
                0x00000000c001c690       0x1c
 .text._ZN10LinkedListIV18ThreadControlBlockE7isEmptyEv
                0x00000000c001c690       0x1c hal/timer.32
                0x00000000c001c690                LinkedList<ThreadControlBlock volatile>::isEmpty()

.text._ZN10LinkedListIV18ThreadControlBlockE15getFirstElementEv
                0x00000000c001c6ac        0x7
 .text._ZN10LinkedListIV18ThreadControlBlockE15getFirstElementEv