Archive member included to satisfy reference by file (symbol)

/cygdrive/d/Users/Alex/Desktop/Toolchain/Output/bin/../lib/gcc/i386-banana/8.1.0/libkgcc.a(_divdi3.o)
                              fs/fat/ff.32 (__divdi3)
/cygdrive/d/Users/Alex/Desktop/Toolchain/Output/bin/../lib/gcc/i386-banana/8.1.0/libkgcc.a(_moddi3.o)
                              compat/resolve.32 (__moddi3)
/cygdrive/d/Users/Alex/Desktop/Toolchain/Output/bin/../lib/gcc/i386-banana/8.1.0/libkgcc.a(_udivdi3.o)
                              fs/fat/ff.32 (__udivdi3)
/cygdrive/d/Users/Alex/Desktop/Toolchain/Output/bin/../lib/gcc/i386-banana/8.1.0/libkgcc.a(_umoddi3.o)
                              compat/resolve.32 (__umoddi3)
D:/Users/Alex/Desktop/Banana/kernel/libsoftfp.a(sfieeelib.o)
                              hal/sound/sndhw.32 (__addsf3)
D:/Users/Alex/Desktop/Banana/kernel/libsoftfp.a(dfieeelib.o)
                              hal/libresample/src_linear.32 (__adddf3)
D:/Users/Alex/Desktop/Banana/kernel/libsoftfp.a(sfdfcvt.o)
                              hal/libresample/samplerate.32 (__truncdfsf2)
D:/Users/Alex/Desktop/Banana/kernel/libk/libm32.a(s_fabs.c.o)
                              hal/libresample/samplerate.32 (fabs)
D:/Users/Alex/Desktop/Banana/kernel/libk/libm32.a(s_lrint.S.o)
                              hal/libresample/samplerate.32 (lrint)
D:/Users/Alex/Desktop/Banana/kernel/libk/libm32.a(s_lrintf.S.o)
                              hal/sound/sndhw.32 (lrintf)

Discarded input sections

 .comment       0x0000000000000000       0x12 /cygdrive/d/Users/Alex/Desktop/Toolchain/Output/bin/../lib/gcc/i386-banana/8.1.0/crtbegin.o
 .comment       0x0000000000000000       0x12 acpica/utclib.32
 .comment       0x0000000000000000       0x12 core/malloc.32
 .comment       0x0000000000000000       0x12 libk/string.32
 .comment       0x0000000000000000       0x12 fs/fat/diskio.32
 .comment       0x0000000000000000       0x12 fs/fat/ff.32
 .comment       0x0000000000000000       0x12 fs/fat/ffsystem.32
 .comment       0x0000000000000000       0x12 fs/fat/ffunicode.32
 .comment       0x0000000000000000       0x12 hal/libresample/samplerate.32
 .comment       0x0000000000000000       0x12 hal/libresample/src_linear.32
 .comment       0x0000000000000000       0x12 hal/libresample/src_sinc.32
 .comment       0x0000000000000000       0x12 hal/libresample/src_zoh.32
 .comment       0x0000000000000000       0x12 compat/inlines.32
 .comment       0x0000000000000000       0x12 compat/resolve.32
 .group         0x0000000000000000       0x14 core/computer.32
 .group         0x0000000000000000        0xc core/computer.32
 .comment       0x0000000000000000       0x12 core/computer.32
 .comment       0x0000000000000000       0x12 core/gdt.32
 .group         0x0000000000000000        0xc core/idle.32
 .comment       0x0000000000000000       0x12 core/idle.32
 .comment       0x0000000000000000       0x12 core/idt.32
 .comment       0x0000000000000000       0x12 core/kheap.32
 .comment       0x0000000000000000       0x12 core/main.32
 .comment       0x0000000000000000       0x12 core/physmgr.32
 .group         0x0000000000000000        0xc core/pipe.32
 .comment       0x0000000000000000       0x12 core/pipe.32
 .group         0x0000000000000000        0xc core/terminal.32
 .comment       0x0000000000000000       0x12 core/terminal.32
 .comment       0x0000000000000000       0x12 core/tss.32
 .group         0x0000000000000000        0x8 core/unixfile.32
 .group         0x0000000000000000        0xc core/unixfile.32
 .group         0x0000000000000000        0xc core/unixfile.32
 .group         0x0000000000000000        0x8 core/unixfile.32
 .group         0x0000000000000000        0xc core/unixfile.32
 .group         0x0000000000000000        0x8 core/unixfile.32
 .group         0x0000000000000000        0xc core/unixfile.32
 .group         0x0000000000000000        0xc core/unixfile.32
 .comment       0x0000000000000000       0x12 core/unixfile.32
 .comment       0x0000000000000000       0x12 core/virtmgr.32
 .comment       0x0000000000000000       0x12 coreobjs/c++.32
 .comment       0x0000000000000000       0x12 dbg/kconsole.32
 .group         0x0000000000000000        0xc fs/vfs.32
 .group         0x0000000000000000        0xc fs/vfs.32
 .group         0x0000000000000000        0xc fs/vfs.32
 .comment       0x0000000000000000       0x12 fs/vfs.32
 .group         0x0000000000000000        0xc hal/bus.32
 .comment       0x0000000000000000       0x12 hal/bus.32
 .group         0x0000000000000000        0xc hal/buzzer.32
 .comment       0x0000000000000000       0x12 hal/buzzer.32
 .group         0x0000000000000000        0xc hal/clock.32
 .comment       0x0000000000000000       0x12 hal/clock.32
 .group         0x0000000000000000       0x14 hal/device.32
 .group         0x0000000000000000        0xc hal/device.32
 .group         0x0000000000000000        0xc hal/device.32
 .group         0x0000000000000000        0xc hal/device.32
[...]
Memory Configuration

Name             Origin             Length             Attributes
*default*        0x0000000000000000 0xffffffffffffffff

Linker script and memory map

LOAD D:/Users/Alex/Desktop/Banana/kernel/boot.32
LOAD crti.32
LOAD /cygdrive/d/Users/Alex/Desktop/Toolchain/Output/bin/../lib/gcc/i386-banana/8.1.0/crtbegin.o
LOAD D:/Users/Alex/Desktop/Banana/kernel/morenasm.32
LOAD acpica/utclib.32
LOAD core/malloc.32
LOAD libk/string.32
LOAD fs/fat/diskio.32
LOAD fs/fat/ff.32
LOAD fs/fat/ffsystem.32
LOAD fs/fat/ffunicode.32
LOAD hal/libresample/samplerate.32
LOAD hal/libresample/src_linear.32
LOAD hal/libresample/src_sinc.32
LOAD hal/libresample/src_zoh.32
LOAD compat/inlines.32
LOAD compat/resolve.32
LOAD core/computer.32
LOAD core/gdt.32
LOAD core/idle.32
LOAD core/idt.32
LOAD core/kheap.32
LOAD core/main.32
LOAD core/physmgr.32
LOAD core/pipe.32
LOAD core/terminal.32
LOAD core/tss.32
LOAD core/unixfile.32
LOAD core/virtmgr.32
LOAD coreobjs/c++.32
LOAD dbg/kconsole.32
LOAD fs/vfs.32
LOAD hal/bus.32
LOAD hal/buzzer.32
LOAD hal/clock.32
LOAD hal/device.32
LOAD hal/diskctrl.32
LOAD hal/diskphys.32
LOAD hal/fpu.32
LOAD hal/intctrl.32
LOAD hal/keybrd.32
LOAD hal/logidisk.32
LOAD hal/mouse.32
LOAD hal/partition.32
LOAD hal/serial.32
LOAD hal/timer.32
LOAD hal/vcache.32
LOAD hal/video.32
LOAD hw/acpi.32
LOAD hw/cpu.32
LOAD hw/ports.32
LOAD hw/smp.32
LOAD krnl/env.32
LOAD krnl/panic.32
LOAD net/ethernet.32
LOAD reg/registry.32
LOAD sys/sc_eject.32
LOAD sys/sc_exit.32
LOAD sys/sc_getcwd.32
LOAD sys/sc_getpid.32
LOAD sys/sc_getramdata.32
LOAD sys/sc_loaddll.32
LOAD sys/sc_read.32
LOAD sys/sc_sbrk.32
LOAD sys/sc_setcwd.32
LOAD sys/sc_settime.32
LOAD sys/sc_timezone.32
LOAD sys/sc_write.32
LOAD sys/sc_wsbe.32
LOAD sys/sc_yield.32
LOAD sys/syscalls.32
LOAD thr/elf.32
LOAD thr/prcssthr.32
LOAD vm86/vm8086.32
LOAD vm86/x87em.32
LOAD fs/fat/vfslink.32
LOAD fs/iso9660/vfslink.32
LOAD hal/sound/sndchannel.32
LOAD hal/sound/sndhw.32
LOAD hw/bus/isa.32
LOAD hw/bus/pci.32
LOAD hw/diskctrl/ide.32
LOAD hw/diskctrl/satabus.32
LOAD hw/diskphys/ata.32
LOAD hw/diskphys/atapi.32
LOAD hw/diskphys/sata.32
LOAD hw/diskphys/satapi.32
LOAD hw/fpu/avx.32
LOAD hw/fpu/mmx.32
LOAD hw/fpu/sse.32
LOAD hw/fpu/x87.32
LOAD hw/intctrl/apic.32
LOAD hw/intctrl/pic.32
LOAD hw/timer/apictimer.32
LOAD hw/timer/pit.32
LOAD hw/fpu/x86/avx.32
LOAD hw/fpu/x86/sse.32
LOAD hw/fpu/x86/x87.32
LOAD /cygdrive/d/Users/Alex/Desktop/Toolchain/Output/bin/../lib/gcc/i386-banana/8.1.0/crtend.o
LOAD crtn.32
LOAD /cygdrive/d/Users/Alex/Desktop/Toolchain/Output/bin/../lib/gcc/i386-banana/8.1.0/libkgcc.a
LOAD D:/Users/Alex/Desktop/Banana/kernel/libsoftfp.a
LOAD D:/Users/Alex/Desktop/Banana/kernel/libk/libm32.a
                0x00000000c0000000                . = 0xc0000000

.text           0x00000000c0000000    0x286d8
 *(.text)
 .text          0x00000000c0000000       0x41 D:/Users/Alex/Desktop/Banana/kernel/boot.32
                0x00000000c0000020                callGlobalConstructors
 .text          0x00000000c0000041        0x0 crti.32
 *fill*         0x00000000c0000041        0x3 
 .text          0x00000000c0000044      0x101 /cygdrive/d/Users/Alex/Desktop/Toolchain/Output/bin/../lib/gcc/i386-banana/8.1.0/crtbegin.o
 *fill*         0x00000000c0000145        0xb 
 .text          0x00000000c0000150      0x4ed D:/Users/Alex/Desktop/Banana/kernel/morenasm.32
                0x00000000c0000150                manualPCIProbe
                0x00000000c000019b                prepareTramp
                0x00000000c00001b4                voodooXADD
                0x00000000c000027f                doTPAUSE
                0x00000000c0000289                hasLegacyFPU
                0x00000000c00002ae                is486
                0x00000000c00002e4                detectCPUID
                0x00000000c00002fa                goToVM86
                0x00000000c000032a                goToUsermode
                0x00000000c0000354                switchToThreadASMFirstTime
                0x00000000c0000362                switchToThreadASM
                0x00000000c00003ea                asmQuickAcquireLock
                0x00000000c0000408                asmQuickReleaseLock
                0x00000000c0000414                asmAcquireLock
                0x00000000c0000435                asmReleaseLock
                0x00000000c0000448                loadGDT
                0x00000000c0000468                isr0
                0x00000000c0000478                isr1
                0x00000000c0000482                isr2
                0x00000000c000048c                isr3
                0x00000000c0000496                isr4
                0x00000000c00004a0                isr5
                0x00000000c00004aa                isr6
                0x00000000c00004b4                isr7
                0x00000000c00004be                isr8
                0x00000000c00004c6                isr9
                0x00000000c00004d0                isr10
                0x00000000c00004d8                isr11
                0x00000000c00004e0                isr12
                0x00000000c00004e8                isr13
                0x00000000c00004f0                isr14
                0x00000000c00004f8                isr15
                0x00000000c0000502                isr16
                0x00000000c000050c                isr17
                0x00000000c0000516                isr18
                0x00000000c0000520                irq3
                0x00000000c000052a                irq4
                0x00000000c0000534                irq5
                0x00000000c000053e                irq6
                0x00000000c0000548                irq7
                0x00000000c0000552                irq8
                0x00000000c000055c                irq9
                0x00000000c0000566                irq10
                0x00000000c0000570                irq11
                0x00000000c000057a                irq12
                0x00000000c0000584                irq13
                0x00000000c000058e                irq14
                0x00000000c0000598                irq15
                0x00000000c00005a2                irq1
                0x00000000c00005a9                irq2
                0x00000000c00005b0                isr96
                0x00000000c00005b7                irq0
                0x00000000c00005bc                int_common_stub
                0x00000000c00005bc                syscall_common_stub
                0x00000000c00005ed                irq16
                0x00000000c00005f7                irq17
                0x00000000c0000601                irq18
                0x00000000c000060b                irq19
                0x00000000c0000615                irq20
                0x00000000c000061f                irq21
                0x00000000c0000629                irq22
                0x00000000c0000633                irq23
 *fill*         0x00000000c000063d        0x3 
 .text          0x00000000c0000640      0x611 acpica/utclib.32
                0x00000000c0000640                memcmp
                0x00000000c000067c                memmove
                0x00000000c0000744                memcpy
                0x00000000c0000778                memset
                0x00000000c0000794                strlen
                0x00000000c00007ac                strpbrk
                0x00000000c00007e8                strtok
                0x00000000c0000834                strcpy
                0x00000000c0000858                strncpy
                0x00000000c00008c0                strcmp
                0x00000000c0000900                strchr
                0x00000000c0000924                strncmp
                0x00000000c0000974                strcat
                0x00000000c00009a4                strncat
                0x00000000c00009e0                strstr
                0x00000000c0000a28                toupper
                0x00000000c0000a3c                tolower
                0x00000000c0000a50                simple_strtoul
 .text          0x00000000c0000c51      0xfbf core/malloc.32
                0x00000000c0000dbc                dlfree
                0x00000000c0001117                dlmalloc
                0x00000000c0001654                dlrealloc
                0x00000000c0001809                dlmemalign
                0x00000000c000192c                dlcalloc
                0x00000000c00019c6                dlcfree
                0x00000000c00019cb                dlindependent_calloc
                0x00000000c00019f0                dlindependent_comalloc
                0x00000000c0001a07                dlvalloc
                0x00000000c0001a32                dlpvalloc
                0x00000000c0001a68                dlmalloc_trim
                0x00000000c0001a75                dlmalloc_usable_size
                0x00000000c0001aa6                dlmallinfo
                0x00000000c0001b75                dlmalloc_stats
                0x00000000c0001b86                dlmallopt
 .text          0x00000000c0001c10        0x0 libk/string.32
 .text          0x00000000c0001c10       0x51 fs/fat/diskio.32
                0x00000000c0001c10                disk_status
                0x00000000c0001c13                disk_initialize
                0x00000000c0001c16                disk_read
                0x00000000c0001c2c                disk_write
                0x00000000c0001c42                disk_ioctl
 .text          0x00000000c0001c61     0x6833 fs/fat/ff.32
                0x00000000c0004f2f                f_mount
                0x00000000c0004f91                f_open
                0x00000000c00053cd                f_read
                0x00000000c000564d                f_write
                0x00000000c0005907                f_sync
                0x00000000c0005ae3                f_close
                0x00000000c0005b12                f_lseek
                0x00000000c0005fc9                f_opendir
                0x00000000c00060cb                f_closedir
                0x00000000c00060ed                f_readdir
                0x00000000c0006188                f_stat
                0x00000000c0006217                f_getfree
                0x00000000c00063e2                f_truncate
                0x00000000c00064da                f_unlink
                0x00000000c000665d                f_mkdir
                0x00000000c0006889                f_rename
                0x00000000c0006b7c                f_chmod
                0x00000000c0006c5a                f_utime
                0x00000000c0006d38                f_getlabel
                0x00000000c0006f26                f_setlabel
                0x00000000c0007193                f_forward
                0x00000000c0007371                f_mkfs
 .text          0x00000000c0008494       0x2d fs/fat/ffsystem.32
                0x00000000c0008494                ff_memalloc
                0x00000000c00084aa                ff_memfree
 .text          0x00000000c00084c1      0x253 fs/fat/ffunicode.32
                0x00000000c00084c1                ff_uni2oem
                0x00000000c0008551                ff_oem2uni
                0x00000000c00085bd                ff_wtoupper
 .text          0x00000000c0008714      0x8fb hal/libresample/samplerate.32
                0x00000000c0008758                src_delete
                0x00000000c0008794                src_process
                0x00000000c000894a                src_callback_read
                0x00000000c0008ac7                src_set_ratio
                0x00000000c0008b31                src_get_channels
                0x00000000c0008b53                src_reset
                0x00000000c0008b9f                src_new
                0x00000000c0008c2d                src_callback_new
                0x00000000c0008c8f                src_get_name
                0x00000000c0008cc6                src_get_description
                0x00000000c0008cfd                src_get_version
                0x00000000c0008d03                src_is_valid_ratio
                0x00000000c0008d57                src_error
                0x00000000c0008d65                src_strerror
                0x00000000c0008d78                src_simple
                0x00000000c0008dcb                src_short_to_float_array
                0x00000000c0008e30                src_float_to_short_array
                0x00000000c0008eef                src_int_to_float_array
                0x00000000c0008f52                src_float_to_int_array
 .text          0x00000000c000900f      0x8cb hal/libresample/src_linear.32
                0x00000000c0009835                linear_get_name
                0x00000000c0009844                linear_get_description
                0x00000000c0009853                linear_set_converter
 .text          0x00000000c00098da     0x447c hal/libresample/src_sinc.32
                0x00000000c000dc6d                sinc_get_name
                0x00000000c000dc80                sinc_get_description
                0x00000000c000dc93                sinc_set_converter
 .text          0x00000000c000dd56      0x77c hal/libresample/src_zoh.32
                0x00000000c000e42d                zoh_get_name
                0x00000000c000e43c                zoh_get_description
                0x00000000c000e44b                zoh_set_converter
 .text          0x00000000c000e4d2       0x23 compat/inlines.32
                0x00000000c000e4d2                CPU::current()
                0x00000000c000e4df                operator new(unsigned long)
 .text          0x00000000c000e4f5      0x111 compat/resolve.32
                0x00000000c000e4f5                Krnl::resolveCompatibilitySymbol(char*)
 .text          0x00000000c000e606      0xa17 core/computer.32
                0x00000000c000e606                Computer::close(int, int, void*)
                0x00000000c000e64a                Krnl::firstTask()
                0x00000000c000e73a                Computer::Computer()
                0x00000000c000e73a                Computer::Computer()
                0x00000000c000e896                Computer::setBootMessage(char const*)
                0x00000000c000e898                Computer::detectFeatures()
                0x00000000c000eaa2                Computer::displayFeatures()
                0x00000000c000ede8                Computer::rdmsr(unsigned int)
                0x00000000c000ee14                Computer::wrmsr(unsigned int, unsigned long long)
                0x00000000c000ee4c                Computer::nmiEnabled()
                0x00000000c000ee58                Computer::readCMOS(unsigned char)
                0x00000000c000ee72                Computer::enableNMI(bool)
                0x00000000c000ee8a                Computer::open(int, int, void*)
                0x00000000c000ef60                Computer::disableNMI()
                0x00000000c000ef6e                Computer::writeCMOS(unsigned char, unsigned char)
                0x00000000c000ef8c                Computer::handleNMI()
                0x00000000c000eff2                Computer::setDiskActivityLight(int, bool)
 *fill*         0x00000000c000f01d        0x1 
 .text          0x00000000c000f01e      0x1b7 core/gdt.32
                0x00000000c000f01e                GDTEntry::setBase(unsigned int)
                0x00000000c000f03a                GDTEntry::setLimit(unsigned int)
                0x00000000c000f058                GDT::GDT()
                0x00000000c000f058                GDT::GDT()
                0x00000000c000f06e                GDT::addEntry(GDTEntry)
                0x00000000c000f0aa                GDT::getNumberOfEntries()
                0x00000000c000f0b2                GDT::flush()
                0x00000000c000f0d4                GDT::setup()
 .text          0x00000000c000f1d5       0x62 core/idle.32
                0x00000000c000f1d5                idleFunction(void*)
 *fill*         0x00000000c000f237        0x1 
 .text          0x00000000c000f238      0x45f core/idt.32
                0x00000000c000f238                IDTEntry::IDTEntry(bool)
                0x00000000c000f238                IDTEntry::IDTEntry(bool)
                0x00000000c000f2a6                IDTEntry::setOffset(unsigned int)
                0x00000000c000f2ba                IDT::IDT()
                0x00000000c000f2ba                IDT::IDT()
                0x00000000c000f2bc                IDT::getPointerToInvalidOpcodeEntryForF00F()
                0x00000000c000f2c4                IDT::addEntry(IDTEntry, int)
                0x00000000c000f2de                IDT::addEntry(int, void (*)(), bool)
                0x00000000c000f316                IDT::flush()
                0x00000000c000f330                IDT::setup()
 .text          0x00000000c000f697      0x206 core/kheap.32
                0x00000000c000f697                sbrk
                0x00000000c000f7a5                mmap
                0x00000000c000f7bb                munmap
                0x00000000c000f7d1                liballoc_lock()
                0x00000000c000f7e2                liballoc_unlock()
                0x00000000c000f7f3                liballoc_alloc(int)
                0x00000000c000f811                liballoc_free(void*, int)
                0x00000000c000f82f                realloc
                0x00000000c000f843                malloc
                0x00000000c000f853                free
                0x00000000c000f863                rfree
                0x00000000c000f873                calloc
 .text          0x00000000c000f89d      0x485 core/main.32
                0x00000000c000f89d                hwTextMode_loadInData(VgaText*)
                0x00000000c000f8e8                hwTextMode_loadInTitle(VgaText*, char*)
                0x00000000c000f966                hwTextMode_showCursor(VgaText*, bool)
                0x00000000c000f9c4                hwTextMode_update(VgaText*)
                0x00000000c000f9c5                hwTextMode_updateCursor(VgaText*)
                0x00000000c000fa16                hwTextMode_disableBlink(VgaText*, bool)
                0x00000000c000fa5c                hwTextMode_scrollScreen(VgaText*)
                0x00000000c000fb09                hwTextMode_writeCharacter(VgaText*, char, VgaColour, VgaColour, int, int)
                0x00000000c000fb8b                setupTextMode()
                0x00000000c000fbfb                kernel_main
 .text          0x00000000c000fd22      0x5a6 core/physmgr.32
                0x00000000c000fd22                Phys::allocateDMA(unsigned long)
                0x00000000c000fdc5                Phys::freeDMA(unsigned long, unsigned long)
                0x00000000c000fe0d                Phys::setPageState(unsigned long, bool)
                0x00000000c000fe3f                Phys::getPageState(unsigned long)
                0x00000000c000fe5b                Phys::freePage(unsigned long)
                0x00000000c000fee5                Phys::allocatePage()
                0x00000000c0010006                Phys::allocateContiguousPages(int)
                0x00000000c0010060                Phys::allowSegmentToBeUsed(unsigned long, unsigned long)
                0x00000000c0010098                Phys::physicalMemorySetup(unsigned int)
 .text          0x00000000c00102c8      0x273 core/pipe.32
                0x00000000c00102c8                Pipe::isAtty()
                0x00000000c00102cc                Pipe::~Pipe()
                0x00000000c00102cc                Pipe::~Pipe()
                0x00000000c00102f0                Pipe::~Pipe()
                0x00000000c0010318                Pipe::read(unsigned long long, void*, int*)
                0x00000000c001040c                Pipe::write(unsigned long long, void*, int*)
                0x00000000c00104d4                Pipe::Pipe(int)
                0x00000000c00104d4                Pipe::Pipe(int)
 *fill*         0x00000000c001053b        0x1 
 .text          0x00000000c001053c      0xf73 core/terminal.32
                0x00000000c001053c                VgaText::isAtty()
                0x00000000c0010540                VgaText::~VgaText()
                0x00000000c0010540                VgaText::~VgaText()
                0x00000000c0010564                VgaText::~VgaText()
                0x00000000c001058e                VgaText::read(unsigned long long, void*, int*)
                0x00000000c00105ae                setTerminalScrollLock(bool)
                0x00000000c00105af                addToTerminalCycle(VgaText*)
                0x00000000c00105dc                installVgaTextImplementation()
                0x00000000c00105f1                scrollTerminalScrollLock(int)
                0x00000000c00105f2                VgaText::load()
                0x00000000c0010646                VgaText::updateCursor()
                0x00000000c0010660                VgaText::showCursor(bool)
                0x00000000c0010670                VgaText::disableBlink(bool)
                0x00000000c00106aa                VgaText::doANSI_SGR(int)
                0x00000000c0010736                VgaText::setDefaultBgColour(VgaColour)
                0x00000000c001074c                VgaText::setDefaultFgColour(VgaColour)
                0x00000000c0010762                VgaText::setDefaultColours(VgaColour, VgaColour)
                0x00000000c0010782                VgaText::combineColours(unsigned char, unsigned char)
                0x00000000c0010794                VgaText::scrollScreen()
                0x00000000c0010828                VgaText::combineCharAndColour(char, unsigned char)
                0x00000000c001083a                VgaText::writeCharacter(char, VgaColour, VgaColour, int, int)
                0x00000000c001089a                VgaText::getCursorX()
                0x00000000c00108a6                VgaText::getCursorY()
                0x00000000c00108b2                VgaText::setCursor(int, int)
                0x00000000c00108d0                VgaText::setCursorX(int)
                0x00000000c00108ec                VgaText::setCursorY(int)
                0x00000000c0010908                VgaText::incrementCursor(bool)
                0x00000000c0010970                VgaText::updateRAMUsageDisplay(int)
                0x00000000c00109d4                VgaText::updateDiskUsage()
                0x00000000c0010b3e                VgaText::updateTitle()
                0x00000000c0010b84                VgaText::setTitleTextColour(VgaColour)
                0x00000000c0010b94                VgaText::setTitleColour(VgaColour)
                0x00000000c0010ba4                VgaText::setTitle(char*)
                0x00000000c0010bca                VgaText::decrementCursor(bool)
                0x00000000c0010bf2                VgaText::putchar(char, VgaColour, VgaColour)
                0x00000000c0010cee                VgaText::isShowingCursor()
                0x00000000c0010cfa                VgaText::isBlinkDisabled()
                0x00000000c0010d08                VgaText::setCursorHeight(int)
                0x00000000c0010d26                VgaText::getCursorHeight()
                0x00000000c0010d31                setActiveTerminal(VgaText*)
                0x00000000c0010de3                doTerminalCycle()
                0x00000000c0010e00                VgaText::doUpdate()
                0x00000000c0010e12                VgaText::puts(char const*, VgaColour, VgaColour)
                0x00000000c0010fd2                VgaText::clearScreen()
                0x00000000c0011036                VgaText::putchar(char)
                0x00000000c0011150                VgaText::puts(char const*)
                0x00000000c0011176                VgaText::putx(unsigned int)
                0x00000000c00111bc                VgaText::VgaText(char const*)
                0x00000000c00111bc                VgaText::VgaText(char const*)
                0x00000000c001134e                VgaText::receiveKey(unsigned char)
                0x00000000c0011436                VgaText::write(unsigned long long, void*, int*)
                0x00000000c001148a                newTerminal(char*)
 *fill*         0x00000000c00114af        0x1 
 .text          0x00000000c00114b0      0x1b3 core/tss.32
                0x00000000c00114b0                TSS::TSS()
                0x00000000c00114b0                TSS::TSS()
                0x00000000c00114be                TSS::setESP(unsigned long)
                0x00000000c00114d0                TSS::flush()
                0x00000000c00114f0                TSS::setup(unsigned long, unsigned long)
 *fill*         0x00000000c0011663        0x1 
 .text          0x00000000c0011664      0x4c2 core/unixfile.32
                0x00000000c0011664                ReservedFilename::read(unsigned long long, void*, int*)
                0x00000000c00116ba                ReservedFilename::isAtty()
                0x00000000c00116d6                ReservedFilename::write(unsigned long long, void*, int*)
                0x00000000c0011734                UnixFile::getFileDescriptor()
                0x00000000c001173c                UnixFile::UnixFile(int)
                0x00000000c001173c                UnixFile::UnixFile(int)
                0x00000000c00118ec                ReservedFilename::ReservedFilename(int)
                0x00000000c00118ec                ReservedFilename::ReservedFilename(int)
                0x00000000c001191e                UnixFile::~UnixFile()
                0x00000000c001191e                UnixFile::~UnixFile()
                0x00000000c00119b6                UnixFile::~UnixFile()
                0x00000000c00119de                ReservedFilename::~ReservedFilename()
                0x00000000c00119de                ReservedFilename::~ReservedFilename()
                0x00000000c0011a02                ReservedFilename::~ReservedFilename()
                0x00000000c0011a29                getFromFileDescriptor(int)
 .text          0x00000000c0011b26     0x132b core/virtmgr.32
                0x00000000c0011b26                Virt::setPageState(unsigned long, Virt::VirtPageState)
                0x00000000c0011b5b                Virt::getPageState(unsigned long)
                0x00000000c0011b7f                Virt::allocateKernelVirtualPages(int)
                0x00000000c0011c90                Virt::freeSwapfilePage(unsigned long)
                0x00000000c0011cae                Virt::swapIDToSector(unsigned long)
                0x00000000c0011cc0                Virt::allocateSwapfilePage()
                0x00000000c0011d3e                Virt::virtualMemorySetup()
                0x00000000c0011dbd                Virt::swappingSetup()
                0x00000000c0011e1a                Virt::getAKernelVAS()
                0x00000000c0011e20                Virt::setupPageSwapping(int)
                0x00000000c0011f50                VAS::VAS()
                0x00000000c0011f50                VAS::VAS()
                0x00000000c0011f8c                VAS::VAS(VAS*)
                0x00000000c0011f8c                VAS::VAS(VAS*)
                0x00000000c0011fba                VAS::getForeignPageTableEntry(bool, unsigned long)
                0x00000000c0011fe6                VAS::getPageTableEntry(unsigned long)
                0x00000000c0012005                Virt::freeKernelVirtualPages(unsigned long)
                0x00000000c0012128                VAS::freeAllocatedPages(unsigned long)
                0x00000000c001214c                VAS::virtualToPhysical(unsigned long)
                0x00000000c0012164                VAS::reflagRange(unsigned long, int, int, int)
                0x00000000c00121a4                VAS::setToWriteCombining(unsigned long, int)
                0x00000000c00121d6                VAS::mapOtherVASIn(bool, VAS*)
                0x00000000c0012200                VAS::~VAS()
                0x00000000c0012200                VAS::~VAS()
                0x00000000c001236c                VAS::mapPage(unsigned long, unsigned long, int)
                0x00000000c001246c                VAS::allocatePages(int, int)
                0x00000000c0012644                VAS::setCPUSpecific(unsigned long)
                0x00000000c0012660                VAS::mapRange(unsigned long, unsigned long, int, int)
                0x00000000c0012726                VAS::mapForeignPage(bool, VAS*, unsigned long, unsigned long, int)
                0x00000000c0012814                VAS::VAS(bool)
                0x00000000c0012814                VAS::VAS(bool)
                0x00000000c0012a7a                VAS::evict(unsigned long)
                0x00000000c0012b16                VAS::tryLoadBackOffDisk(unsigned long)
                0x00000000c0012cbe                VAS::scanForEviction()
                0x00000000c0012d95                mapVASFirstTime
 .text          0x00000000c0012e51       0x95 coreobjs/c++.32
                0x00000000c0012e51                __cxa_atexit
                0x00000000c0012e54                __cxa_finalize
                0x00000000c0012e55                __stack_chk_fail
                0x00000000c0012ec1                __cxa_pure_virtual
                0x00000000c0012ed2                operator new[](unsigned long)
                0x00000000c0012ed7                operator delete(void*, unsigned long)
                0x00000000c0012edc                operator delete[](void*)
                0x00000000c0012ee1                operator delete[](void*, unsigned long)
 .text          0x00000000c0012ee6      0x1ef dbg/kconsole.32
                0x00000000c0012ee6                Dbg::stringifyxWithBase(unsigned int, char*, int)
                0x00000000c0012f47                Dbg::logc(char)
                0x00000000c0012f5e                Dbg::logs(char*)
                0x00000000c0012f7b                Dbg::logWriteInt(unsigned int)
                0x00000000c0012f98                Dbg::logWriteIntBase(unsigned int, int)
                0x00000000c0012fb7                Dbg::kprintf(char const*, ...)
 *fill*         0x00000000c00130d5        0x1 
 .text          0x00000000c00130d6      0xb7c fs/vfs.32
                0x00000000c00130d6                File::read(unsigned long long, void*, int*)
                0x00000000c001312e                File::write(unsigned long long, void*, int*)
                0x00000000c0013186                Directory::read(unsigned long long, void*, int*)
                0x00000000c00131de                Directory::write(unsigned long long, void*, int*)
                0x00000000c001320c                File::isAtty()
                0x00000000c0013210                Directory::isAtty()
                0x00000000c0013214                Filesystem::getlabel(LogicalDisk*, int, char*, unsigned int*)
                0x00000000c001321a                Filesystem::setlabel(LogicalDisk*, int, char*)
                0x00000000c0013220                File::~File()
                0x00000000c0013220                File::~File()
                0x00000000c0013244                File::~File()
                0x00000000c001326e                Directory::~Directory()
                0x00000000c001326e                Directory::~Directory()
                0x00000000c0013292                Directory::~Directory()
                0x00000000c00132bc                Filesystem::Filesystem()
                0x00000000c00132bc                Filesystem::Filesystem()
                0x00000000c00132e0                Filesystem::~Filesystem()
                0x00000000c00132e0                Filesystem::~Filesystem()
                0x00000000c00132ee                Filesystem::~Filesystem()
                0x00000000c0013312                Fs::getcwd(Process*, char*, int)
                0x00000000c001333c                Fs::initVFS()
                0x00000000c0013366                Fs::standardiseFiles(char*, char const*, char const*)
                0x00000000c0013510                File::File(char const*, Process*)
                0x00000000c0013510                File::File(char const*, Process*)
                0x00000000c0013574                File::open(FileOpenMode)
                0x00000000c00135d2                File::close()
                0x00000000c0013632                File::seek(unsigned long long)
                0x00000000c0013688                File::tell(unsigned long long*)
                0x00000000c00136d8                File::rewind()
                0x00000000c00136ec                File::unlink()
                0x00000000c0013738                File::rename(char const*)
                0x00000000c0013786                File::chfatattr(unsigned char, unsigned char)
                0x00000000c00137e2                File::exists()
                0x00000000c0013820                File::stat(unsigned long long*, bool*)
                0x00000000c0013881                Fs::setcwd(Process*, char*)
                0x00000000c00139bc                Directory::Directory(char const*, Process*)
                0x00000000c00139bc                Directory::Directory(char const*, Process*)
                0x00000000c0013a20                Directory::open()
                0x00000000c0013a7c                Directory::close()
                0x00000000c0013adc                Directory::unlink()
                0x00000000c0013b28                Directory::rename(char const*)
                0x00000000c0013b76                Directory::exists()
                0x00000000c0013bb4                Directory::read(dirent*)
                0x00000000c0013c00                Directory::create()
                0x00000000c0013c4c                Filesystem::chfatattr(char const*, unsigned char, unsigned char)
 .text          0x00000000c0013c52       0x84 hal/bus.32
                0x00000000c0013c52                Bus::Bus(char const*)
                0x00000000c0013c52                Bus::Bus(char const*)
                0x00000000c0013c88                Bus::~Bus()
                0x00000000c0013c88                Bus::~Bus()
                0x00000000c0013cac                Bus::~Bus()
 .text          0x00000000c0013cd6      0x14e hal/buzzer.32
                0x00000000c0013cd6                Buzzer::Buzzer(char const*)
                0x00000000c0013cd6                Buzzer::Buzzer(char const*)
                0x00000000c0013d1a                Buzzer::~Buzzer()
                0x00000000c0013d1a                Buzzer::~Buzzer()
                0x00000000c0013d3e                Buzzer::~Buzzer()
                0x00000000c0013d68                Buzzer::stop()
                0x00000000c0013d7b                beepThread(void*)
                0x00000000c0013db6                Buzzer::beep(int, int, bool)
 .text          0x00000000c0013e24      0x467 hal/clock.32
                0x00000000c0013e24                User::loadClockSettings(int)
                0x00000000c0013e76                Clock::Clock(char const*)
                0x00000000c0013e76                Clock::Clock(char const*)
                0x00000000c0013eac                Clock::~Clock()
                0x00000000c0013eac                Clock::~Clock()
                0x00000000c0013ed0                Clock::~Clock()
                0x00000000c0013efa                Clock::timeInSecondsLocal()
                0x00000000c0013f42                Clock::setTimeInSecondsLocal(unsigned long long)
                0x00000000c0013f9b                datetimeToSeconds(datetime_t)
                0x00000000c00140c2                Clock::setTimeInDatetimeLocal(datetime_t)
                0x00000000c0014122                secondsToDatetime(unsigned long long)
                0x00000000c0014266                Clock::timeInDatetimeLocal()
 *fill*         0x00000000c001428b        0x1 
 .text          0x00000000c001428c      0x4de hal/device.32
                0x00000000c001428c                Device::hibernate()
                0x00000000c001428e                Device::wake()
                0x00000000c0014290                Device::detect()
                0x00000000c0014292                Device::disableLegacy()
                0x00000000c0014294                Device::powerSaving(PowerSavingLevel)
                0x00000000c0014296                DriverlessDevice::close(int, int, void*)
                0x00000000c001429a                DriverlessDevice::detect()
                0x00000000c001429c                DriverlessDevice::open(int, int, void*)
                0x00000000c00142b0                Device::~Device()
                0x00000000c00142b0                Device::~Device()
                0x00000000c00142be                Device::~Device()
                0x00000000c00142e6                Device::findAndLoadDriver()
                0x00000000c00142e8                Device::preOpenPCI(PCIDeviceInfo)
                0x00000000c001430e                Device::preOpenACPI(void*, char*, char*)
                0x00000000c0014362                Device::addIRQHandler(int, void (*)(regs*, void*), bool, void*)
                0x00000000c00143a0                Device::removeIRQHandler(int, void (*)(regs*, void*), bool)
                0x00000000c00143de                Device::addChild(Device*)
                0x00000000c0014422                Device::removeAllChildren()
                0x00000000c0014468                Device::hibernateAll()
                0x00000000c0014498                Device::wakeAll()
                0x00000000c00144c8                Device::detectAll()
                0x00000000c00144f8                Device::disableLegacyAll()
                0x00000000c0014528                Device::loadDriversForAll()
                0x00000000c0014554                Device::closeAll()
                0x00000000c001458a                Device::powerSavingAll(PowerSavingLevel)
                0x00000000c00145c0                Device::setName(char const*)
                0x00000000c00145ce                Device::Device(char const*)
                0x00000000c00145ce                Device::Device(char const*)
                0x00000000c00146ca                Device::getName()
                0x00000000c00146d4                DriverlessDevice::DriverlessDevice(char const*)
                0x00000000c00146d4                DriverlessDevice::DriverlessDevice(char const*)
                0x00000000c00146fc                Device::addToLinkedList(LinkedList<Device>&, DeviceType)
                0x00000000c0014740                getDevicesOfType(DeviceType)
 .text          0x00000000c001476a       0x84 hal/diskctrl.32
                0x00000000c001476a                HardDiskController::HardDiskController(char const*)
                0x00000000c001476a                HardDiskController::HardDiskController(char const*)
                0x00000000c00147a0                HardDiskController::~HardDiskController()
                0x00000000c00147a0                HardDiskController::~HardDiskController()
                0x00000000c00147c4                HardDiskController::~HardDiskController()
 .text          0x00000000c00147ee       0xf2 hal/diskphys.32
                0x00000000c00147ee                PhysicalDisk::eject()
                0x00000000c0014802                PhysicalDisk::PhysicalDisk(char const*, int)
                0x00000000c0014802                PhysicalDisk::PhysicalDisk(char const*, int)
                0x00000000c001486a                PhysicalDisk::startCache()
                0x00000000c0014892                PhysicalDisk::~PhysicalDisk()
                0x00000000c0014892                PhysicalDisk::~PhysicalDisk()
                0x00000000c00148b6                PhysicalDisk::~PhysicalDisk()
 .text          0x00000000c00148e0      0x13b hal/fpu.32
                0x00000000c00148e0                FPU::FPU(char const*)
                0x00000000c00148e0                FPU::FPU(char const*)
                0x00000000c0014916                FPU::~FPU()
                0x00000000c0014916                FPU::~FPU()
                0x00000000c001493a                FPU::~FPU()
                0x00000000c0014964                setupFPU()
 *fill*         0x00000000c0014a1b        0x1 
 .text          0x00000000c0014a1c     0x13b3 hal/intctrl.32
                0x00000000c0014a1c                InterruptController::uninstallISRHandler(int, void (*)(regs*, void*))
                0x00000000c0014a54                InterruptController::installISRHandler(int, void (*)(regs*, void*), void*)
                0x00000000c0014aa6                doubleFault(regs*, void*)
                0x00000000c0014ac0                InterruptController::installIRQHandler(int, void (*)(regs*, void*), bool, void*)
                0x00000000c0014b5c                InterruptController::clearAllHandlers(int, bool)
                0x00000000c0014c04                InterruptController::uninstallIRQHandler(int, void (*)(regs*, void*), bool)
                0x00000000c0014c8b                nmiHandler(regs*, void*)
                0x00000000c0014c99                int_handler
                0x00000000c0014d3a                InterruptController::InterruptController(char const*)
                0x00000000c0014d3a                InterruptController::InterruptController(char const*)
                0x00000000c0014de0                InterruptController::~InterruptController()
                0x00000000c0014de0                InterruptController::~InterruptController()
                0x00000000c0014e04                InterruptController::~InterruptController()
                0x00000000c0014e2e                displayDebugInfo(regs*)
                0x00000000c00152bd                x87EmulHandler(regs*, void*)
                0x00000000c00152ec                gpFault(regs*, void*)
                0x00000000c0015325                pgFault(regs*, void*)
                0x00000000c001536d                otherISRHandler(regs*, void*)
                0x00000000c001538c                opcodeFault(regs*, void*)
                0x00000000c0015992                displayProgramFault(char const*)
                0x00000000c00159ba                setupInterruptController()
                0x00000000c0015d82                InterruptController::convertLegacyIRQNumber(int)
 *fill*         0x00000000c0015dcf        0x1 
 .text          0x00000000c0015dd0      0x6c8 hal/keybrd.32
                0x00000000c0015dd0                startGUI(void*)
                0x00000000c0015e2c                startGUIVESA(void*)
                0x00000000c0015e88                sendKeyToTerminal(unsigned char)
                0x00000000c0015ef4                sendKeyboardToken(KeyboardToken)
                0x00000000c0016331                clearInternalKeybuffer(VgaText*)
                0x00000000c0016366                readKeyboard(VgaText*, char*, unsigned long)
                0x00000000c001640e                Keyboard::Keyboard(char const*)
                0x00000000c001640e                Keyboard::Keyboard(char const*)
                0x00000000c001644a                Keyboard::~Keyboard()
                0x00000000c001644a                Keyboard::~Keyboard()
                0x00000000c001646e                Keyboard::~Keyboard()
 .text          0x00000000c0016498      0x414 hal/logidisk.32
                0x00000000c0016498                LogicalDisk::close(int, int, void*)
                0x00000000c001649c                LogicalDisk::~LogicalDisk()
                0x00000000c001649c                LogicalDisk::~LogicalDisk()
                0x00000000c00164c0                LogicalDisk::~LogicalDisk()
                0x00000000c00164ea                LogicalDisk::open(int, int, void*)
                0x00000000c00164fe                LogicalDisk::absoluteToRelative(unsigned long long)
                0x00000000c0016536                LogicalDisk::relativeToAbsolute(unsigned long long)
                0x00000000c001657c                LogicalDisk::LogicalDisk(char const*, PhysicalDisk*, unsigned long long, unsigned long long)
                0x00000000c001657c                LogicalDisk::LogicalDisk(char const*, PhysicalDisk*, unsigned long long, unsigned long long)
                0x00000000c0016632                LogicalDisk::assignDriveLetter()
                0x00000000c00166e8                LogicalDisk::mount()
                0x00000000c001675a                LogicalDisk::unmount()
                0x00000000c001676a                LogicalDisk::eject()
                0x00000000c001677e                LogicalDisk::unassignDriveLetter()
                0x00000000c00167d4                LogicalDisk::read(unsigned long long, int, void*)
                0x00000000c0016840                LogicalDisk::write(unsigned long long, int, void*)
 .text          0x00000000c00168ac       0x84 hal/mouse.32
                0x00000000c00168ac                Mouse::Mouse(char const*)
                0x00000000c00168ac                Mouse::Mouse(char const*)
                0x00000000c00168e2                Mouse::~Mouse()
                0x00000000c00168e2                Mouse::~Mouse()
                0x00000000c0016906                Mouse::~Mouse()
 .text          0x00000000c0016930      0x34d hal/partition.32
                0x00000000c0016930                makePartition(PhysicalDisk*, unsigned long long, unsigned long long)
                0x00000000c00169ec                createPartitionsForDisk(PhysicalDisk*)
 *fill*         0x00000000c0016c7d        0x1 
 .text          0x00000000c0016c7e       0x84 hal/serial.32
                0x00000000c0016c7e                Serial::Serial(char const*)
                0x00000000c0016c7e                Serial::Serial(char const*)
                0x00000000c0016cb4                Serial::~Serial()
                0x00000000c0016cb4                Serial::~Serial()
                0x00000000c0016cd8                Serial::~Serial()
 .text          0x00000000c0016d02      0x2b8 hal/timer.32
                0x00000000c0016d02                Timer::Timer(char const*)
                0x00000000c0016d02                Timer::Timer(char const*)
                0x00000000c0016d38                Timer::~Timer()
                0x00000000c0016d38                Timer::~Timer()
                0x00000000c0016d5c                Timer::~Timer()
                0x00000000c0016d86                Timer::read()
                0x00000000c0016d91                timerHandler(unsigned long long)
                0x00000000c0016ec8                setupTimer(int)
 .text          0x00000000c0016fba      0x425 hal/vcache.32
                0x00000000c0016fba                VCache::VCache(PhysicalDisk*)
                0x00000000c0016fba                VCache::VCache(PhysicalDisk*)
                0x00000000c0017122                VCache::invalidateReadBuffer()
                0x00000000c0017132                VCache::writeWriteBuffer()
                0x00000000c001716e                VCache::~VCache()
                0x00000000c001716e                VCache::~VCache()
                0x00000000c00171c2                VCache::~VCache()
                0x00000000c00171ea                VCache::write(unsigned long long, int, void*)
                0x00000000c00172e0                VCache::read(unsigned long long, int, void*)
 *fill*         0x00000000c00173df        0x1 
 .text          0x00000000c00173e0      0x4cd hal/video.32
                0x00000000c00173e0                Video::putrect(int, int, int, int, unsigned int)
                0x00000000c001742c                Video::bitblit(int, int, int, int, int, int, int, unsigned int*)
                0x00000000c001749c                Video::blit(unsigned int*, int, int, int, int)
                0x00000000c001751a                Video::clearScreen(unsigned int)
                0x00000000c001754e                Video::putpixel(int, int, unsigned int)
                0x00000000c001755c                Video::Video(char const*)
                0x00000000c001755c                Video::Video(char const*)
                0x00000000c0017592                Video::~Video()
                0x00000000c0017592                Video::~Video()
                0x00000000c00175b6                Video::~Video()
                0x00000000c00175e0                Video::isMonochrome()
                0x00000000c00175ec                Video::getWidth()
                0x00000000c00175f8                Video::getHeight()
                0x00000000c0017604                Video::drawCursor(int, int, unsigned char*, int)
                0x00000000c00176c0                Video::tgaParse(unsigned char*, int, int*, int*)
                0x00000000c0017842                Video::putTGA(int, int, unsigned char*, int)
 *fill*         0x00000000c00178ad        0x1 
 .text          0x00000000c00178ae      0xf64 hw/acpi.32
                0x00000000c00178ae                ACPI::close(int, int, void*)
                0x00000000c0017963                findRSDP()
                0x00000000c00179ed                loadACPITables(unsigned char*)
                0x00000000c0017c14                findRSDT(unsigned char*)
                0x00000000c0017d32                findDataTable(unsigned char*, char*)
                0x00000000c0017dce                scanMADT()
                0x00000000c0018254                ACPI::ACPI()
                0x00000000c0018254                ACPI::ACPI()
                0x00000000c00182be                ACPI::getPCIIRQAssignment(unsigned char, unsigned short, unsigned char)
                0x00000000c00183a0                ACPI::registerPCIIRQAssignment(void*, unsigned short, unsigned char, unsigned char)
                0x00000000c0018466                ACPI::setScreenBrightnessLevel(void*, int)
                0x00000000c001846c                ACPI::writeSimpleBootFlag(SimpleBootFlagTable*)
                0x00000000c00184b4                ACPI::open(int, int, void*)
                0x00000000c00187fa                ACPI::sleep()
 .text          0x00000000c0018812     0x1715 hw/cpu.32
                0x00000000c0018812                CPU::close(int, int, void*)
                0x00000000c0018816                CPU::lookupAMDName(unsigned char, unsigned char)
                0x00000000c00189aa                CPU::lookupIntelName(unsigned char, unsigned char)
                0x00000000c0018c58                CPU::AMD_K6_write_msr(unsigned int, unsigned int, unsigned int, CPU::REGS*)
                0x00000000c0018c74                CPU::AMD_K6_read_msr(unsigned int, CPU::REGS*)
                0x00000000c0018c8c                CPU::AMD_K6_writeback(int, int, int)
                0x00000000c0018d00                CPU::cpuid(int, unsigned long*, unsigned long*, unsigned long*, unsigned long*)
                0x00000000c0018d84                CPU::cpuidCheckEDX(unsigned int)
                0x00000000c0018db2                CPU::cpuidCheckECX(unsigned int)
                0x00000000c0018de0                CPU::cpuidCheckExtendedEBX(unsigned int)
                0x00000000c0018e0e                CPU::cpuidCheckExtendedECX(unsigned int)
                0x00000000c0018e3c                CPU::CPU()
                0x00000000c0018e3c                CPU::CPU()
                0x00000000c0018eca                CPU::displayFeatures()
                0x00000000c0019146                CPU::detectFeatures()
                0x00000000c0019b36                CPU::setupSMEP()
                0x00000000c0019b42                CPU::setupUMIP()
                0x00000000c0019b4c                CPU::setupTSC()
                0x00000000c0019b56                CPU::setupLargePages()
                0x00000000c0019b60                CPU::setupPAT()
                0x00000000c0019b9c                CPU::setupMTRR()
                0x00000000c0019b9e                CPU::setupGlobalPages()
                0x00000000c0019ba8                CPU::allowUsermodeDataAccess()
                0x00000000c0019bba                CPU::prohibitUsermodeDataAccess()
                0x00000000c0019bcc                CPU::setupSMAP()
                0x00000000c0019bda                CPU::setupFeatures()
                0x00000000c0019c5a                CPU::open(int, int, void*)
                0x00000000c0019d2c                CPU::decodeAddress(regs*, int*, bool*, unsigned char*)
 .text          0x00000000c0019f27        0x0 hw/ports.32
 .text          0x00000000c0019f27      0x16a hw/smp.32
                0x00000000c0019f27                Krnl::smpEntry()
                0x00000000c0019f29                Krnl::startCPU(int)
                0x00000000c001a072                Krnl::startCPUs()
 *fill*         0x00000000c001a091        0x1 
 .text          0x00000000c001a092      0x5d3 krnl/env.32
                0x00000000c001a092                EnvVarContainer::getEnv(char const*)
                0x00000000c001a0d0                EnvVarContainer::setEnv(char const*, char const*)
                0x00000000c001a19c                EnvVarContainer::deleteEnv(char const*)
                0x00000000c001a19e                EnvVarContainer::loadFrom(char const*, char const*)
                0x00000000c001a394                EnvVarContainer::__loadSystem()
                0x00000000c001a3ae                EnvVarContainer::__loadUser()
                0x00000000c001a3b0                EnvVarContainer::EnvVarContainer(Process*)
                0x00000000c001a3b0                EnvVarContainer::EnvVarContainer(Process*)
                0x00000000c001a3d2                EnvVarContainer::~EnvVarContainer()
                0x00000000c001a3d2                EnvVarContainer::~EnvVarContainer()
                0x00000000c001a402                Krnl::getEnv(Process*, char const*)
                0x00000000c001a467                Krnl::setEnvSystem(char const*, char const*)
                0x00000000c001a481                Krnl::setEnvUser(char const*, char const*)
                0x00000000c001a4a0                Krnl::setEnvProcess(Process*, char const*, char const*)
                0x00000000c001a4b3                Krnl::deleteEnvSystem(char const*)
                0x00000000c001a4b4                Krnl::deleteEnvUser(char const*)
                0x00000000c001a4b5                Krnl::deleteEnvProcess(Process*, char const*)
                0x00000000c001a4b6                Krnl::newProcessEnv(Process*)
                0x00000000c001a4d8                Krnl::copyProcessEnv(Process*, Process*)
                0x00000000c001a52c                Krnl::loadSystemEnv()
                0x00000000c001a55a                Krnl::loadUserEnv()
                0x00000000c001a580                Krnl::flushEnv()
                0x00000000c001a581                Krnl::getProcessTotalEnvCount(Process*)
                0x00000000c001a5a1                Krnl::getProcessEnvPair(Process*, int)
 .text          0x00000000c001a665      0x396 krnl/panic.32
                0x00000000c001a665                Krnl::panic(char const*)
 .text          0x00000000c001a9fb      0x3b6 net/ethernet.32
                0x00000000c001a9fb                Net::switchEndian16(unsigned short)
                0x00000000c001aa1c                Net::switchEndian32(unsigned int)
                0x00000000c001aa4b                Net::crc32Calc(unsigned char*, int)
                0x00000000c001aadc                Net::wrapEthernetFrame(Net::UnwrappedEthernetFrame, unsigned char*)
                0x00000000c001ac18                Net::unwrapEthernetFrame(unsigned char*, int)
 .text          0x00000000c001adb1      0x513 reg/registry.32
                0x00000000c001adb1                Reg::findLineFromLoadedData(char*, char*, char*)
                0x00000000c001af09                Reg::getLineFromRegistry(char*, char*, char*, char*)
                0x00000000c001b05e                Reg::getLine(char*, char*, char*)
                0x00000000c001b095                Reg::readInt(char*, char*, int*)
                0x00000000c001b180                Reg::readString(char*, char*, char*, int)
                0x00000000c001b201                Reg::readBool(char*, char*, bool*)
                0x00000000c001b226                Reg::readBoolWithDefault(char*, char*, bool)
                0x00000000c001b252                Reg::readIntWithDefault(char*, char*, int)
                0x00000000c001b27e                Reg::readStringWithDefault(char*, char*, char*, int, char*)
 .text          0x00000000c001b2c4       0x36 sys/sc_eject.32
                0x00000000c001b2c4                Sys::eject(regs*)
 .text          0x00000000c001b2fa       0x18 sys/sc_exit.32
                0x00000000c001b2fa                Sys::exit(regs*)
 .text          0x00000000c001b312       0x1f sys/sc_getcwd.32
                0x00000000c001b312                Sys::getCwd(regs*)
 .text          0x00000000c001b331        0xc sys/sc_getpid.32
                0x00000000c001b331                Sys::getPID(regs*)
 .text          0x00000000c001b33d       0x17 sys/sc_getramdata.32
                0x00000000c001b33d                Sys::getRAMData(regs*)
 .text          0x00000000c001b354       0xa8 sys/sc_loaddll.32
                0x00000000c001b354                Sys::loadDLL(regs*)
 .text          0x00000000c001b3fc       0x68 sys/sc_read.32
                0x00000000c001b3fc                Sys::read(regs*)
 .text          0x00000000c001b464       0x55 sys/sc_sbrk.32
                0x00000000c001b464                Sys::sbrk(regs*)
 .text          0x00000000c001b4b9       0x1c sys/sc_setcwd.32
                0x00000000c001b4b9                Sys::setCwd(regs*)
 .text          0x00000000c001b4d5      0x128 sys/sc_settime.32
                0x00000000c001b4d5                Sys::setTime(regs*)
 .text          0x00000000c001b5fd       0x4a sys/sc_timezone.32
                0x00000000c001b5fd                Sys::timezone(regs*)
 .text          0x00000000c001b647       0x68 sys/sc_write.32
                0x00000000c001b647                Sys::write(regs*)
 .text          0x00000000c001b6af       0x62 sys/sc_wsbe.32
                0x00000000c001b6af                Sys::wsbe(regs*)
 .text          0x00000000c001b711       0x3b sys/sc_yield.32
                0x00000000c001b711                Sys::yield(regs*)
 .text          0x00000000c001b74c     0x10e5 sys/syscalls.32
                0x00000000c001b74c                sysCallSeekDir(regs*)
                0x00000000c001b751                sysCallTellDir(regs*)
                0x00000000c001b756                sysCallVerify(regs*)
                0x00000000c001b760                sysFormatDisk(regs*)
                0x00000000c001b7ca                sysSetDiskVolumeLabel(regs*)
                0x00000000c001b810                sysGetDiskVolumeLabel(regs*)
                0x00000000c001b861                sysShutdown(regs*)
                0x00000000c001b8bf                sysCallRealpath(regs*)
                0x00000000c001b902                sysCallGetArgc(regs*)
                0x00000000c001b930                sysCallReadDir(regs*)
                0x00000000c001b9be                sysCallIsATTY(regs*)
                0x00000000c001ba18                sysCallSeek(regs*)
                0x00000000c001ba81                sysCallTell(regs*)
                0x00000000c001bafe                sysCallSize(regs*)
                0x00000000c001bb81                sysCallSizeFromFilename(regs*)
                0x00000000c001bc41                sysCallClose(regs*)
                0x00000000c001bcc9                sysCallOpenDir(regs*)
                0x00000000c001bd3e                sysCallCloseDir(regs*)
                0x00000000c001bda4                sysCallMakeDir(regs*)
                0x00000000c001be14                sysCallWait(regs*)
                0x00000000c001be2e                sysCallNotImpl(regs*)
                0x00000000c001be49                sysPanic(regs*)
                0x00000000c001be6f                sysCallRmdir(regs*)
                0x00000000c001bed3                sysCallUnlink(regs*)
                0x00000000c001bf37                sysCallGetArgv(regs*)
                0x00000000c001bf83                sysCallTTYName(regs*)
                0x00000000c001c006                sysCallUSleep(regs*)
                0x00000000c001c02d                sysCallSpawn(regs*)
                0x00000000c001c085                sysCallGetEnv(regs*)
                0x00000000c001c1bd                sysAppSettings(regs*)
                0x00000000c001c2dc                sysSetFatAttrib(regs*)
                0x00000000c001c34e                sysPipe(regs*)
                0x00000000c001c393                sysGetUnixTime(regs*)
                0x00000000c001c3a7                string_ends_with(char const*, char const*)
                0x00000000c001c3ef                sysCallOpen(regs*)
                0x00000000c001c604                Sys::loadSyscalls()
                0x00000000c001c7ef                Sys::systemCall(regs*, void*)
 .text          0x00000000c001c831     0x11ef thr/elf.32
                0x00000000c001c831                Thr::allocateMemoryForTask(Process*, File*, unsigned long, unsigned long, unsigned long)
                0x00000000c001cac3                Thr::loadProgramIntoMemory(Process*, char const*)
                0x00000000c001ccd9                Thr::runtimeReferenceHelper()
                0x00000000c001ccec                Thr::getAddressOfKernelSymbol(char const*)
                0x00000000c001cd3b                Thr::loadKernelSymbolTable(char const*)
                0x00000000c001cff9                Thr::loadDriverIntoMemory(char const*, unsigned long, bool)
                0x00000000c001d715                Thr::getDriverBaseFromAddress(unsigned long)
                0x00000000c001d747                Thr::getDriverNameFromAddress(unsigned long)
                0x00000000c001d77e                Thr::getDriverOffsetFromAddress(unsigned long)
                0x00000000c001d798                Thr::loadDLL(char const*, bool)
                0x00000000c001d9e7                Thr::executeDLL(unsigned long, void*)
 .text          0x00000000c001da20     0x1056 thr/prcssthr.32
                0x00000000c001da20                changeTSS
                0x00000000c001da50                Process::addArgs(char**)
                0x00000000c001daaa                Process::Process(char const*, Process*, char**)
                0x00000000c001daaa                Process::Process(char const*, Process*, char**)
                0x00000000c001dc8e                Process::Process(bool, char const*, Process*, char**)
                0x00000000c001dc8e                Process::Process(bool, char const*, Process*, char**)
                0x00000000c001de3d                disableIRQs()
                0x00000000c001de45                getIRQNestingLevel()
                0x00000000c001de4b                enableIRQs()
                0x00000000c001de5a                lockScheduler()
                0x00000000c001de5c                unlockScheduler()
                0x00000000c001de5e                userModeEntryPoint(void*)
                0x00000000c001de81                lockStuff()
                0x00000000c001de8d                taskStartupFunction
                0x00000000c001de96                updateTimeUsed()
                0x00000000c001defb                switchToThread(ThreadControlBlock*)
                0x00000000c001df4c                Semaphore::Semaphore(int)
                0x00000000c001df4c                Semaphore::Semaphore(int)
                0x00000000c001df7a                Mutex::Mutex()
                0x00000000c001df7a                Mutex::Mutex()
                0x00000000c001df8c                Process::createThread(void (*)(void*), void*, int)
                0x00000000c001e070                Process::createUserThread()
                0x00000000c001e08c                setupMultitasking(void (*)())
                0x00000000c001e196                schedule()
                0x00000000c001e21b                unlockStuff()
                0x00000000c001e250                Semaphore::tryAcquire()
                0x00000000c001e27e                Semaphore::assertLocked(char const*)
                0x00000000c001e2ae                blockTaskWithSchedulerLockAlreadyHeld(TaskState)
                0x00000000c001e2f0                blockTask(TaskState)
                0x00000000c001e311                waitTask(int, int*, int)
                0x00000000c001e353                nanoSleepUntil(unsigned long long)
                0x00000000c001e3aa                nanoSleep(unsigned long long)
                0x00000000c001e3bf                sleep(unsigned long long)
                0x00000000c001e3dc                Semaphore::acquire()
                0x00000000c001e444                taskReturned
                0x00000000c001e472                unblockTask(ThreadControlBlock*)
                0x00000000c001e521                cleanupTerminatedTask(ThreadControlBlock*)
                0x00000000c001e7ea                cleanerTaskFunction(void*)
                0x00000000c001e89d                terminateTask(int)
                0x00000000c001e97d                Thr::terminateFromIRQ(int)
                0x00000000c001e98a                Semaphore::release()
 .text          0x00000000c001ea76      0xc26 vm86/vm8086.32
                0x00000000c001ea76                Vm::inbv(unsigned short)
                0x00000000c001ea89                Vm::outbv(unsigned short, unsigned char)
                0x00000000c001eadc                Vm::realToLinear(unsigned short, unsigned short)
                0x00000000c001eaec                Vm::getSegment(unsigned int)
                0x00000000c001eaf4                Vm::getOffset(unsigned int)
                0x00000000c001eaf9                Vm::mainloop2()
                0x00000000c001eb34                Vm::mainVm8086Loop(void*)
                0x00000000c001eb41                Vm::mainloop3(unsigned long)
                0x00000000c001eb6b                Vm::initialise8086()
                0x00000000c001ebae                Vm::finish8086()
                0x00000000c001ebf3                Vm::getOutput8086(unsigned char*)
                0x00000000c001ec1d                Vm::start8086(char const*, unsigned short, unsigned short, unsigned short, unsigned short)
                0x00000000c001ed6d                Vm::doISR(regs*, int, unsigned char*, unsigned short, unsigned short)
                0x00000000c001edf7                Vm::readByteFromReal(unsigned short, unsigned short)
                0x00000000c001ee08                Vm::readWordFromReal(unsigned short, unsigned short)
                0x00000000c001ee1a                Vm::readDwordFromReal(unsigned short, unsigned short)
                0x00000000c001ee2b                Vm::writeByteFromReal(unsigned short, unsigned short, unsigned char)
                0x00000000c001ee40                Vm::writeWordFromReal(unsigned short, unsigned short, unsigned short)
                0x00000000c001ee56                Vm::writeDwordFromReal(unsigned short, unsigned short, unsigned int)
                0x00000000c001ee6b                Vm::faultHandler(regs*)
 .text          0x00000000c001f69c      0xefd vm86/x87em.32
                0x00000000c001f69c                Vm::fpuInternalTo32(unsigned long long)
                0x00000000c001f6f7                Vm::fpuInternalTo64(unsigned long long)
                0x00000000c001f700                Vm::fpu32ToInternal(unsigned int)
                0x00000000c001f745                Vm::fpu64ToInternal(unsigned long long)
                0x00000000c001f74e                Vm::fpuFloatToLong(unsigned long long)
                0x00000000c001f7a9                Vm::fpuULongToFloat(unsigned long long)
                0x00000000c001f7df                Vm::fpuLongToFloat(long long)
                0x00000000c001f835                Vm::fpuGet0()
                0x00000000c001f83a                Vm::fpuGet1()
                0x00000000c001f842                Vm::fpuGetPi()
                0x00000000c001f84a                Vm::fpuGetLog2E()
                0x00000000c001f862                Vm::fpuGetLogE2()
                0x00000000c001f87a                Vm::fpuGetLog210()
                0x00000000c001f892                Vm::fpuGetLog102()
                0x00000000c001f8aa                Vm::fpuIsSecondLarger(unsigned long long, unsigned long long)
                0x00000000c001f8be                Vm::fpuAreEqual(unsigned long long, unsigned long long)
                0x00000000c001f8d4                Vm::fpuUnorderedCompare(unsigned long long, unsigned long long)
                0x00000000c001f927                Vm::fpuAdd(unsigned long long, unsigned long long)
                0x00000000c001f938                Vm::fpuAbs(unsigned long long)
                0x00000000c001f941                Vm::fpuChs(unsigned long long)
                0x00000000c001f951                Vm::fpuSub(unsigned long long, unsigned long long)
                0x00000000c001f960                Vm::fpuMultiply(unsigned long long, unsigned long long)
                0x00000000c001f97f                Vm::fpuDivide(unsigned long long, unsigned long long)
                0x00000000c001f99b                Vm::fpuSquare(unsigned long long)
                0x00000000c001f9b1                Vm::fpuGetReg(int)
                0x00000000c001f9f4                Vm::fpuSetReg(int, unsigned long long)
                0x00000000c001fa3f                Vm::fpuPush(unsigned long long)
                0x00000000c001fa9c                Vm::fpuPop()
                0x00000000c001faee                Vm::x87Handler(regs*)
 *fill*         0x00000000c0020599        0x1 
 .text          0x00000000c002059a     0x10ed fs/fat/vfslink.32
                0x00000000c002059a                FAT::getName()
                0x00000000c00205a0                FAT::tell(void*, unsigned long long*)
                0x00000000c00205d4                FAT::stat(void*, unsigned long long*)
                0x00000000c0020608                FAT::~FAT()
                0x00000000c0020608                FAT::~FAT()
                0x00000000c002062c                FAT::~FAT()
                0x00000000c0020654                FAT::getlabel(LogicalDisk*, int, char*, unsigned int*)
                0x00000000c00206f2                FAT::setlabel(LogicalDisk*, int, char*)
                0x00000000c00207ac                FAT::format(LogicalDisk*, int, char const*, int)
                0x00000000c0020990                FAT::tryMount(LogicalDisk*, int)
                0x00000000c0020b96                FAT::readDir(void*, unsigned long, void*, int*)
                0x00000000c0020c9c                FAT::read(void*, unsigned long, void*, int*)
                0x00000000c0020cf6                FAT::write(void*, unsigned long, void*, int*)
                0x00000000c0020d50                FAT::close(void*)
                0x00000000c0020d9c                FAT::closeDir(void*)
                0x00000000c0020de8                FAT::seek(void*, unsigned long long)
                0x00000000c0020e3c                fatWrapperReadDisk
                0x00000000c0020e83                fatWrapperWriteDisk
                0x00000000c0020eca                fatWrapperIoctl
                0x00000000c0020fce                FAT::FAT()
                0x00000000c0020fce                FAT::FAT()
                0x00000000c0021020                FAT::fixFilepath(char*)
                0x00000000c0021058                FAT::open(char const*, void**, FileOpenMode)
                0x00000000c0021180                FAT::openDir(char const*, void**)
                0x00000000c0021226                FAT::stat(char const*, unsigned long long*, bool*)
                0x00000000c0021310                FAT::unlink(char const*)
                0x00000000c002138a                FAT::chfatattr(char const*, unsigned char, unsigned char)
                0x00000000c00214de                FAT::rename(char const*, char const*)
                0x00000000c00215a2                FAT::mkdir(char const*)
                0x00000000c002161c                FAT::exists(char const*)
 *fill*         0x00000000c0021687        0x1 
 .text          0x00000000c0021688      0xbc1 fs/iso9660/vfslink.32
                0x00000000c0021688                ISO9660::format(LogicalDisk*, int, char const*, int)
                0x00000000c002168e                ISO9660::seek(void*, unsigned long long)
                0x00000000c00216be                ISO9660::tell(void*, unsigned long long*)
                0x00000000c00216e2                ISO9660::getName()
                0x00000000c00216e8                ISO9660::stat(void*, unsigned long long*)
                0x00000000c002170c                ISO9660::chfatattr(char const*, unsigned char, unsigned char)
                0x00000000c0021712                ISO9660::unlink(char const*)
                0x00000000c0021718                ISO9660::write(void*, unsigned long, void*, int*)
                0x00000000c002171e                ISO9660::rename(char const*, char const*)
                0x00000000c0021724                ISO9660::mkdir(char const*)
                0x00000000c002172a                ISO9660::close(void*)
                0x00000000c002174c                ISO9660::closeDir(void*)
                0x00000000c002176e                ISO9660::~ISO9660()
                0x00000000c002176e                ISO9660::~ISO9660()
                0x00000000c0021792                ISO9660::~ISO9660()
                0x00000000c00217b9                __memmem(unsigned char*, int, unsigned char*, int)
                0x00000000c00217fb                readSectorFromCDROM(unsigned int, unsigned char*, char)
                0x00000000c0021862                ISO9660::tryMount(LogicalDisk*, int)
                0x00000000c00218b2                ISO9660::read(void*, unsigned long, void*, int*)
                0x00000000c0021ab2                ISO9660::readDir(void*, unsigned long, void*, int*)
                0x00000000c0021d3f                readRoot(unsigned int*, unsigned int*, char)
                0x00000000c0021d94                readRecursively(char*, unsigned int, unsigned int, unsigned int*, unsigned int*, char, int*)
                0x00000000c0021f67                getFileData(char*, unsigned int*, unsigned int*, char, int*)
                0x00000000c0021ff6                ISO9660::open(char const*, void**, FileOpenMode)
                0x00000000c00220b6                ISO9660::exists(char const*)
                0x00000000c00220da                ISO9660::stat(char const*, unsigned long long*, bool*)
                0x00000000c002216e                ISO9660::openDir(char const*, void**)
                0x00000000c0022226                ISO9660::ISO9660()
                0x00000000c0022226                ISO9660::ISO9660()
 *fill*         0x00000000c0022249        0x1 
 .text          0x00000000c002224a      0x326 hal/sound/sndchannel.32
                0x00000000c002224a                SoundChannel::~SoundChannel()
                0x00000000c002224a                SoundChannel::~SoundChannel()
                0x00000000c0022266                SoundChannel::setSpeed(float)
                0x00000000c0022272                SoundChannel::getSpeed()
                0x00000000c002227a                SoundChannel::setVolume(int)
                0x00000000c0022296                SoundChannel::getVolume()
                0x00000000c002229e                SoundChannel::pause()
                0x00000000c00222a8                SoundChannel::SoundChannel(int, int, int, int)
                0x00000000c00222a8                SoundChannel::SoundChannel(int, int, int, int)
                0x00000000c00223fe                SoundChannel::play()
                0x00000000c0022408                SoundChannel::paused()
                0x00000000c0022410                SoundChannel::getSampleRate()
                0x00000000c0022418                SoundChannel::getBits()
                0x00000000c0022420                SoundChannel::getBufferUsed()
                0x00000000c0022428                SoundChannel::getBufferSize()
                0x00000000c0022430                SoundChannel::unbuffer(float*, int, int)
                0x00000000c00224d0                SoundChannel::buffer8(unsigned char*, int)
 .text          0x00000000c0022570      0x3d5 hal/sound/sndhw.32
                0x00000000c0022570                SoundDevice::SoundDevice(char const*)
                0x00000000c0022570                SoundDevice::SoundDevice(char const*)
                0x00000000c00225dc                SoundDevice::~SoundDevice()
                0x00000000c00225dc                SoundDevice::~SoundDevice()
                0x00000000c0022656                SoundDevice::~SoundDevice()
                0x00000000c0022680                SoundDevice::getFreeChannelNum()
                0x00000000c002269a                SoundDevice::addChannel(SoundChannel*)
                0x00000000c002270a                SoundDevice::removeChannel(int)
                0x00000000c002273c                SoundDevice::floatTo8(float*, unsigned char*, int)
                0x00000000c0022824                SoundDevice::getAudio(int, float*, float*)
 .text          0x00000000c0022945        0x0 hw/bus/isa.32
 *fill*         0x00000000c0022945        0x1 
 .text          0x00000000c0022946      0x6c3 hw/bus/pci.32
                0x00000000c0022946                PCI::open(int, int, void*)
                0x00000000c002295a                PCI::close(int, int, void*)
                0x00000000c002295e                PCI::PCI()
                0x00000000c002295e                PCI::PCI()
                0x00000000c00229de                PCI::pciReadWord(unsigned char, unsigned char, unsigned char, unsigned char)
                0x00000000c0022a26                PCI::getVendorID(unsigned char, unsigned char, unsigned char)
                0x00000000c0022a48                PCI::getHeaderType(unsigned char, unsigned char, unsigned char)
                0x00000000c0022a6c                PCI::getClassCode(unsigned char, unsigned char, unsigned char)
                0x00000000c0022ab0                PCI::getProgIF(unsigned char, unsigned char, unsigned char)
                0x00000000c0022ad4                PCI::getRevisionID(unsigned char, unsigned char, unsigned char)
                0x00000000c0022af6                PCI::getInterruptNumber(unsigned char, unsigned char, unsigned char)
                0x00000000c0022b18                PCI::getSecondaryBus(unsigned char, unsigned char, unsigned char)
                0x00000000c0022b3c                PCI::getBARAddress(unsigned char, unsigned char, unsigned char, unsigned char)
                0x00000000c0022b9c                PCI::pciWriteWord(unsigned char, unsigned char, unsigned char, unsigned char, unsigned short)
                0x00000000c0022c08                PCI::checkBus(unsigned char)
                0x00000000c0022c2c                PCI::foundDevice(PCIDeviceInfo)
                0x00000000c0022d9e                PCI::getDeviceData(unsigned char, unsigned char, unsigned char)
                0x00000000c0022f4a                PCI::checkDevice(unsigned char, unsigned char)
                0x00000000c0022fb6                PCI::detect()
 *fill*         0x00000000c0023009        0x1 
 .text          0x00000000c002300a      0xc70 hw/diskctrl/ide.32
                0x00000000c002300a                IDE::close(int, int, void*)
                0x00000000c002300e                IDE::IDE()
                0x00000000c002300e                IDE::IDE()
                0x00000000c0023042                IDE::prepareInterrupt(unsigned char)
                0x00000000c0023054                selectDrive(unsigned char, unsigned char)
                0x00000000c0023056                IDE::getBase(unsigned char)
                0x00000000c0023068                IDE::write(unsigned char, unsigned char, unsigned char)
                0x00000000c0023128                IDE::read(unsigned char, unsigned char)
                0x00000000c00231d6                IDE::waitInterrupt(unsigned char)
                0x00000000c002323c                ideChannel0IRQHandler(regs*, void*)
                0x00000000c0023258                ideChannel1IRQHandler(regs*, void*)
                0x00000000c0023274                IDE::enableIRQs(unsigned char, bool)
                0x00000000c00232ba                IDE::open(int, int, void*)
                0x00000000c00236ca                IDE::readBuffer(unsigned char, unsigned char, unsigned int, unsigned int)
                0x00000000c0023796                IDE::detect()
                0x00000000c0023a7e                IDE::printError(unsigned char, unsigned char, unsigned char)
                0x00000000c0023c14                IDE::polling(unsigned char, unsigned int)
 .text          0x00000000c0023c7a      0x390 hw/diskctrl/satabus.32
                0x00000000c0023c7a                SATABus::close(int, int, void*)
                0x00000000c0023c7e                SATABus::detect()
                0x00000000c0023c80                SATABus::SATABus()
                0x00000000c0023c80                SATABus::SATABus()
                0x00000000c0023d2c                SATABus::findCmdslot(SATABus::tagHBA_PORT volatile*)
                0x00000000c0023d74                SATABus::checkType(SATABus::tagHBA_PORT volatile*)
                0x00000000c0023dbc                SATABus::startCmd(SATABus::tagHBA_PORT volatile*)
                0x00000000c0023ddc                SATABus::stopCmd(SATABus::tagHBA_PORT volatile*)
                0x00000000c0023e06                SATABus::portRebase(SATABus::tagHBA_PORT volatile*, int)
                0x00000000c0023f0c                SATABus::probePort(SATABus::tagHBA_MEM volatile*)
                0x00000000c0023fea                SATABus::open(int, int, void*)
 .text          0x00000000c002400a      0x63c hw/diskphys/ata.32
                0x00000000c002400a                ATA::close(int, int, void*)
                0x00000000c002402e                ATA::powerSaving(PowerSavingLevel)
                0x00000000c0024030                ATA::ATA()
                0x00000000c0024030                ATA::ATA()
                0x00000000c002405e                ATA::flush(bool)
                0x00000000c00240a8                ATA::readyForCommand()
                0x00000000c00240f8                ATA::access(unsigned long long, int, void*, bool)
                0x00000000c0024480                ATA::read(unsigned long long, int, void*)
                0x00000000c00244e8                ATA::write(unsigned long long, int, void*)
                0x00000000c0024550                ATA::detectCHS()
                0x00000000c002457a                ATA::open(int, int, void*)
 .text          0x00000000c0024646      0x5bd hw/diskphys/atapi.32
                0x00000000c0024646                ATAPI::write(unsigned long long, int, void*)
                0x00000000c002464c                ATAPI::close(int, int, void*)
                0x00000000c0024670                ATAPI::ATAPI()
                0x00000000c0024670                ATAPI::ATAPI()
                0x00000000c002469e                ATAPI::readyForCommand()
                0x00000000c00246ee                ATAPI::sendPacket(unsigned char*, int, bool, unsigned short*, int)
                0x00000000c00249ae                ATAPI::diskRemoved()
                0x00000000c00249ca                ATAPI::eject()
                0x00000000c0024a12                ATAPI::diskInserted()
                0x00000000c0024a40                ATAPI::detectMedia()
                0x00000000c0024afc                ATAPI::open(int, int, void*)
                0x00000000c0024b84                ATAPI::read(unsigned long long, int, void*)
 *fill*         0x00000000c0024c03        0x1 
 .text          0x00000000c0024c04      0x455 hw/diskphys/sata.32
                0x00000000c0024c04                SATA::close(int, int, void*)
                0x00000000c0024c28                SATA::powerSaving(PowerSavingLevel)
                0x00000000c0024c2a                SATA::open(int, int, void*)
                0x00000000c0024cd8                SATA::SATA()
                0x00000000c0024cd8                SATA::SATA()
                0x00000000c0024d06                SATA::access(unsigned long long, int, void*, bool)
                0x00000000c0024f6c                SATA::read(unsigned long long, int, void*)
                0x00000000c0024fd4                SATA::write(unsigned long long, int, void*)
 *fill*         0x00000000c0025059        0x1 
 .text          0x00000000c002505a      0x500 hw/diskphys/satapi.32
                0x00000000c002505a                SATAPI::write(unsigned long long, int, void*)
                0x00000000c0025060                SATAPI::close(int, int, void*)
                0x00000000c0025084                SATAPI::SATAPI()
                0x00000000c0025084                SATAPI::SATAPI()
                0x00000000c00250b2                SATAPI::diskRemoved()
                0x00000000c00250ce                SATAPI::diskInserted()
                0x00000000c00250fc                SATAPI::sendPacket(unsigned char*, int, unsigned long long, unsigned short*, int)
                0x00000000c0025300                SATAPI::eject()
                0x00000000c0025348                SATAPI::detectMedia()
                0x00000000c002540a                SATAPI::open(int, int, void*)
                0x00000000c00254b8                SATAPI::read(unsigned long long, int, void*)
 .text          0x00000000c002555a       0x8e hw/fpu/avx.32
                0x00000000c002555a                AVX::open(int, int, void*)
                0x00000000c002556c                AVX::close(int, int, void*)
                0x00000000c002557e                AVX::available()
                0x00000000c0025590                AVX::save(void*)
                0x00000000c00255a8                AVX::load(void*)
                0x00000000c00255c0                AVX::AVX()
                0x00000000c00255c0                AVX::AVX()
 .text          0x00000000c00255e8       0x90 hw/fpu/mmx.32
                0x00000000c00255e8                MMX::available()
                0x00000000c00255fc                MMX::open(int, int, void*)
                0x00000000c002560e                MMX::close(int, int, void*)
                0x00000000c0025620                MMX::save(void*)
                0x00000000c0025638                MMX::load(void*)
                0x00000000c0025650                MMX::MMX()
                0x00000000c0025650                MMX::MMX()
 .text          0x00000000c0025678       0x96 hw/fpu/sse.32
                0x00000000c0025678                SSE::open(int, int, void*)
                0x00000000c002568a                SSE::close(int, int, void*)
                0x00000000c002569c                SSE::available()
                0x00000000c00256b6                SSE::save(void*)
                0x00000000c00256ce                SSE::load(void*)
                0x00000000c00256e6                SSE::SSE()
                0x00000000c00256e6                SSE::SSE()
 .text          0x00000000c002570e       0x8e hw/fpu/x87.32
                0x00000000c002570e                x87::open(int, int, void*)
                0x00000000c0025720                x87::close(int, int, void*)
                0x00000000c0025732                x87::available()
                0x00000000c0025744                x87::save(void*)
                0x00000000c002575c                x87::load(void*)
                0x00000000c0025774                x87::x87()
                0x00000000c0025774                x87::x87()
 .text          0x00000000c002579c      0x71e hw/intctrl/apic.32
                0x00000000c002579c                APIC::disable()
                0x00000000c002579e                APIC::close(int, int, void*)
                0x00000000c00257c0                IOAPIC::close(int, int, void*)
                0x00000000c00257c6                APIC::io_wait()
                0x00000000c00257cc                APIC::getBase()
                0x00000000c002580e                APIC::eoi(unsigned char)
                0x00000000c002583c                APIC::open(int, int, void*)
                0x00000000c002598a                IOAPIC::IOAPIC()
                0x00000000c002598a                IOAPIC::IOAPIC()
                0x00000000c00259b2                APIC::APIC()
                0x00000000c00259b2                APIC::APIC()
                0x00000000c0025a8e                IOAPIC::handlesGSIWithNumber(unsigned int)
                0x00000000c0025ac0                IOAPIC::read(int)
                0x00000000c0025ae8                IOAPIC::open(int, int, void*)
                0x00000000c0025bde                IOAPIC::write(int, int)
                0x00000000c0025c0a                IOAPIC::redirect(unsigned char, unsigned long long, unsigned char, bool, bool)
                0x00000000c0025d04                APIC::installIRQHandler(int, void (*)(regs*, void*), bool, void*)
 .text          0x00000000c0025eba      0x3d3 hw/intctrl/pic.32
                0x00000000c0025eba                PIC::disable()
                0x00000000c0025ee8                PIC::close(int, int, void*)
                0x00000000c0025f0a                PIC::PIC()
                0x00000000c0025f0a                PIC::PIC()
                0x00000000c0025fe0                PIC::ioWait()
                0x00000000c0025fe6                PIC::getIRQReg(int)
                0x00000000c0026050                PIC::eoi(unsigned char)
                0x00000000c00260e2                PIC::remap()
                0x00000000c002624e                PIC::open(int, int, void*)
 *fill*         0x00000000c002628d        0x1 
 .text          0x00000000c002628e      0x25e hw/timer/apictimer.32
                0x00000000c002628e                APICTimer::close(int, int, void*)
                0x00000000c0026294                apicTimerHandler(regs*, void*)
                0x00000000c00262c2                APICTimer::write(int)
                0x00000000c00263c6                APICTimer::open(int, int, void*)
                0x00000000c00264c4                APICTimer::APICTimer()
                0x00000000c00264c4                APICTimer::APICTimer()
 .text          0x00000000c00264ec      0x1a7 hw/timer/pit.32
                0x00000000c00264ec                PIT::write(int)
                0x00000000c002656a                pitHandler(regs*, void*)
                0x00000000c0026596                PIT::open(int, int, void*)
                0x00000000c00265e4                PIT::close(int, int, void*)
                0x00000000c0026614                PIT::PIT()
                0x00000000c0026614                PIT::PIT()
 *fill*         0x00000000c0026693        0xd 
 .text          0x00000000c00266a0       0x1e hw/fpu/x86/avx.32
                0x00000000c00266a0                avxDetect
                0x00000000c00266a6                avxSave
                0x00000000c00266a7                avxLoad
                0x00000000c00266a8                avxInit
                0x00000000c00266a9                avxClose
                0x00000000c00266aa                wouldSheSayYes
 *fill*         0x00000000c00266be        0x2 
 .text          0x00000000c00266c0       0x35 hw/fpu/x86/sse.32
                0x00000000c00266c0                absolutelyNoChanceInHell
                0x00000000c00266c0                sseDetect
                0x00000000c00266d8                sseSave
                0x00000000c00266de                sseLoad
                0x00000000c00266e4                sseInit
                0x00000000c00266f4                sseClose
 *fill*         0x00000000c00266f5        0xb 
 .text          0x00000000c0026700       0x47 hw/fpu/x86/x87.32
                0x00000000c0026706                x87Detect
                0x00000000c0026721                x87Save
                0x00000000c0026727                x87Load
                0x00000000c002672c                x87Init
                0x00000000c0026746                x87Close
 *fill*         0x00000000c0026747        0x1 
 .text          0x00000000c0026748       0x25 /cygdrive/d/Users/Alex/Desktop/Toolchain/Output/bin/../lib/gcc/i386-banana/8.1.0/crtend.o
 .text          0x00000000c002676d        0x0 crtn.32
 *fill*         0x00000000c002676d        0x3 
 .text          0x00000000c0026770      0x14b /cygdrive/d/Users/Alex/Desktop/Toolchain/Output/bin/../lib/gcc/i386-banana/8.1.0/libkgcc.a(_divdi3.o)
                0x00000000c0026770                __divdi3
 *fill*         0x00000000c00268bb        0x1 
 .text          0x00000000c00268bc      0x17e /cygdrive/d/Users/Alex/Desktop/Toolchain/Output/bin/../lib/gcc/i386-banana/8.1.0/libkgcc.a(_moddi3.o)
                0x00000000c00268bc                __moddi3
 *fill*         0x00000000c0026a3a        0x2 
 .text          0x00000000c0026a3c       0xff /cygdrive/d/Users/Alex/Desktop/Toolchain/Output/bin/../lib/gcc/i386-banana/8.1.0/libkgcc.a(_udivdi3.o)
                0x00000000c0026a3c                __udivdi3
 *fill*         0x00000000c0026b3b        0x1 
 .text          0x00000000c0026b3c      0x11a /cygdrive/d/Users/Alex/Desktop/Toolchain/Output/bin/../lib/gcc/i386-banana/8.1.0/libkgcc.a(_umoddi3.o)
                0x00000000c0026b3c                __umoddi3
 .text          0x00000000c0026c56      0x96d D:/Users/Alex/Desktop/Banana/kernel/libsoftfp.a(sfieeelib.o)
                0x00000000c0026c56                __addsf3
                0x00000000c0026f58                __subsf3
                0x00000000c0026f6c                __negsf2
                0x00000000c0026f79                __mulsf3
                0x00000000c002713c                __divsf3
                0x00000000c0027367                __floatsisf
                0x00000000c00273db                __floatunsisf
                0x00000000c002741d                __fixsfsi
                0x00000000c002747f                __fixunssfsi
                0x00000000c00274b0                __cmpsf2
                0x00000000c0027545                __eqsf2
                0x00000000c0027580                __nesf2