Archive member included to satisfy reference by file (symbol)

/cygdrive/d/Users/Alex/Desktop/Toolchain/Output/bin/../lib/gcc/i386-banana/8.1.0/libkgcc.a(_divdi3.o)
                              fs/fat/ff.32 (__divdi3)
/cygdrive/d/Users/Alex/Desktop/Toolchain/Output/bin/../lib/gcc/i386-banana/8.1.0/libkgcc.a(_moddi3.o)
                              compat/resolve.32 (__moddi3)
/cygdrive/d/Users/Alex/Desktop/Toolchain/Output/bin/../lib/gcc/i386-banana/8.1.0/libkgcc.a(_udivdi3.o)
                              fs/fat/ff.32 (__udivdi3)
/cygdrive/d/Users/Alex/Desktop/Toolchain/Output/bin/../lib/gcc/i386-banana/8.1.0/libkgcc.a(_umoddi3.o)
                              compat/resolve.32 (__umoddi3)
D:/Users/Alex/Desktop/Banana/kernel/libsoftfp.a(sfieeelib.o)
                              hal/sound/sndhw.32 (__addsf3)
D:/Users/Alex/Desktop/Banana/kernel/libsoftfp.a(dfieeelib.o)
                              hal/libresample/src_linear.32 (__adddf3)
D:/Users/Alex/Desktop/Banana/kernel/libsoftfp.a(sfdfcvt.o)
                              hal/libresample/samplerate.32 (__truncdfsf2)
D:/Users/Alex/Desktop/Banana/kernel/libk/libm32.a(s_fabs.c.o)
                              hal/libresample/samplerate.32 (fabs)
D:/Users/Alex/Desktop/Banana/kernel/libk/libm32.a(s_lrint.S.o)
                              hal/libresample/samplerate.32 (lrint)
D:/Users/Alex/Desktop/Banana/kernel/libk/libm32.a(s_lrintf.S.o)
                              hal/sound/sndhw.32 (lrintf)

Discarded input sections

 .comment       0x0000000000000000       0x12 /cygdrive/d/Users/Alex/Desktop/Toolchain/Output/bin/../lib/gcc/i386-banana/8.1.0/crtbegin.o
 .comment       0x0000000000000000       0x12 acpica/utclib.32
 .comment       0x0000000000000000       0x12 core/malloc.32
 .comment       0x0000000000000000       0x12 libk/string.32
 .comment       0x0000000000000000       0x12 fs/fat/diskio.32
 .comment       0x0000000000000000       0x12 fs/fat/ff.32
 .comment       0x0000000000000000       0x12 fs/fat/ffsystem.32
 .comment       0x0000000000000000       0x12 fs/fat/ffunicode.32
 .comment       0x0000000000000000       0x12 hal/libresample/samplerate.32
 .comment       0x0000000000000000       0x12 hal/libresample/src_linear.32
 .comment       0x0000000000000000       0x12 hal/libresample/src_sinc.32
 .comment       0x0000000000000000       0x12 hal/libresample/src_zoh.32
 .comment       0x0000000000000000       0x12 compat/inlines.32
 .comment       0x0000000000000000       0x12 compat/resolve.32
 .group         0x0000000000000000       0x14 core/computer.32
 .group         0x0000000000000000        0xc core/computer.32
 .comment       0x0000000000000000       0x12 core/computer.32
 .comment       0x0000000000000000       0x12 core/gdt.32
 .group         0x0000000000000000        0xc core/idle.32
 .comment       0x0000000000000000       0x12 core/idle.32
 .comment       0x0000000000000000       0x12 core/idt.32
 .comment       0x0000000000000000       0x12 core/kheap.32
 .comment       0x0000000000000000       0x12 core/main.32
 .comment       0x0000000000000000       0x12 core/physmgr.32
 .group         0x0000000000000000        0xc core/pipe.32
 .comment       0x0000000000000000       0x12 core/pipe.32
 .group         0x0000000000000000        0xc core/terminal.32
 .comment       0x0000000000000000       0x12 core/terminal.32
 .comment       0x0000000000000000       0x12 core/tss.32
 .group         0x0000000000000000        0x8 core/unixfile.32
 .group         0x0000000000000000        0xc core/unixfile.32
 .group         0x0000000000000000        0xc core/unixfile.32
 .group         0x0000000000000000        0x8 core/unixfile.32
 .group         0x0000000000000000        0xc core/unixfile.32
 .group         0x0000000000000000        0x8 core/unixfile.32
 .group         0x0000000000000000        0xc core/unixfile.32
 .group         0x0000000000000000        0xc core/unixfile.32
 .comment       0x0000000000000000       0x12 core/unixfile.32
 .comment       0x0000000000000000       0x12 core/virtmgr.32
 .comment       0x0000000000000000       0x12 coreobjs/c++.32
 .comment       0x0000000000000000       0x12 dbg/kconsole.32
 .group         0x0000000000000000        0xc fs/vfs.32
 .group         0x0000000000000000        0xc fs/vfs.32
 .group         0x0000000000000000        0xc fs/vfs.32
 .comment       0x0000000000000000       0x12 fs/vfs.32
 .group         0x0000000000000000        0xc hal/bus.32
 .comment       0x0000000000000000       0x12 hal/bus.32
 .group         0x0000000000000000        0xc hal/buzzer.32
 .comment       0x0000000000000000       0x12 hal/buzzer.32
 .group         0x0000000000000000        0xc hal/clock.32
 .comment       0x0000000000000000       0x12 hal/clock.32
 .group         0x0000000000000000       0x14 hal/device.32
 .group         0x0000000000000000        0xc hal/device.32
 .group         0x0000000000000000        0xc hal/device.32
 .group         0x0000000000000000        0xc hal/device.32
[...]
Memory Configuration

Name             Origin             Length             Attributes
*default*        0x0000000000000000 0xffffffffffffffff

Linker script and memory map

LOAD D:/Users/Alex/Desktop/Banana/kernel/boot.32
LOAD crti.32
LOAD /cygdrive/d/Users/Alex/Desktop/Toolchain/Output/bin/../lib/gcc/i386-banana/8.1.0/crtbegin.o
LOAD D:/Users/Alex/Desktop/Banana/kernel/morenasm.32
LOAD acpica/utclib.32
LOAD core/malloc.32
LOAD libk/string.32
LOAD fs/fat/diskio.32
LOAD fs/fat/ff.32
LOAD fs/fat/ffsystem.32
LOAD fs/fat/ffunicode.32
LOAD hal/libresample/samplerate.32
LOAD hal/libresample/src_linear.32
LOAD hal/libresample/src_sinc.32
LOAD hal/libresample/src_zoh.32
LOAD compat/inlines.32
LOAD compat/resolve.32
LOAD core/computer.32
LOAD core/gdt.32
LOAD core/idle.32
LOAD core/idt.32
LOAD core/kheap.32
LOAD core/main.32
LOAD core/physmgr.32
LOAD core/pipe.32
LOAD core/terminal.32
LOAD core/tss.32
LOAD core/unixfile.32
LOAD core/virtmgr.32
LOAD coreobjs/c++.32
LOAD dbg/kconsole.32
LOAD fs/vfs.32
LOAD hal/bus.32
LOAD hal/buzzer.32
LOAD hal/clock.32
LOAD hal/device.32
LOAD hal/diskctrl.32
LOAD hal/diskphys.32
LOAD hal/fpu.32
LOAD hal/intctrl.32
LOAD hal/keybrd.32
LOAD hal/logidisk.32
LOAD hal/mouse.32
LOAD hal/partition.32
LOAD hal/serial.32
LOAD hal/timer.32
LOAD hal/vcache.32
LOAD hal/video.32
LOAD hw/acpi.32
LOAD hw/cpu.32
LOAD hw/ports.32
LOAD hw/smp.32
LOAD krnl/env.32
LOAD krnl/panic.32
LOAD net/ethernet.32
LOAD reg/registry.32
LOAD sys/sc_eject.32
LOAD sys/sc_exit.32
LOAD sys/sc_getcwd.32
LOAD sys/sc_getpid.32
LOAD sys/sc_getramdata.32
LOAD sys/sc_getvgaptr.32
LOAD sys/sc_loaddll.32
LOAD sys/sc_read.32
LOAD sys/sc_sbrk.32
LOAD sys/sc_setcwd.32
LOAD sys/sc_settime.32
LOAD sys/sc_timezone.32
LOAD sys/sc_write.32
LOAD sys/sc_wsbe.32
LOAD sys/sc_yield.32
LOAD sys/syscalls.32
LOAD thr/elf.32
LOAD thr/prcssthr.32
LOAD vm86/vm8086.32
LOAD vm86/x87em.32
LOAD fs/fat/vfslink.32
LOAD fs/iso9660/vfslink.32
LOAD hal/sound/sndchannel.32
LOAD hal/sound/sndhw.32
LOAD hw/bus/isa.32
LOAD hw/bus/pci.32
LOAD hw/diskctrl/ide.32
LOAD hw/diskctrl/satabus.32
LOAD hw/diskphys/ata.32
LOAD hw/diskphys/atapi.32
LOAD hw/diskphys/sata.32
LOAD hw/diskphys/satapi.32
LOAD hw/fpu/avx.32
LOAD hw/fpu/mmx.32
LOAD hw/fpu/sse.32
LOAD hw/fpu/x87.32
LOAD hw/intctrl/apic.32
LOAD hw/intctrl/pic.32
LOAD hw/timer/apictimer.32
LOAD hw/timer/pit.32
LOAD hw/fpu/x86/avx.32
LOAD hw/fpu/x86/sse.32
LOAD hw/fpu/x86/x87.32
LOAD /cygdrive/d/Users/Alex/Desktop/Toolchain/Output/bin/../lib/gcc/i386-banana/8.1.0/crtend.o
LOAD crtn.32
LOAD /cygdrive/d/Users/Alex/Desktop/Toolchain/Output/bin/../lib/gcc/i386-banana/8.1.0/libkgcc.a
LOAD D:/Users/Alex/Desktop/Banana/kernel/libsoftfp.a
LOAD D:/Users/Alex/Desktop/Banana/kernel/libk/libm32.a
                0x00000000c0000000                . = 0xc0000000

.text           0x00000000c0000000    0x292b8
 *(.text)
 .text          0x00000000c0000000       0x41 D:/Users/Alex/Desktop/Banana/kernel/boot.32
                0x00000000c0000020                callGlobalConstructors
 .text          0x00000000c0000041        0x0 crti.32
 *fill*         0x00000000c0000041        0x3 
 .text          0x00000000c0000044      0x101 /cygdrive/d/Users/Alex/Desktop/Toolchain/Output/bin/../lib/gcc/i386-banana/8.1.0/crtbegin.o
 *fill*         0x00000000c0000145        0xb 
 .text          0x00000000c0000150      0x523 D:/Users/Alex/Desktop/Banana/kernel/morenasm.32
                0x00000000c0000150                manualPCIProbe
                0x00000000c000019b                prepareTramp
                0x00000000c00001b4                voodooXADD
                0x00000000c000027f                doTPAUSE
                0x00000000c0000289                hasLegacyFPU
                0x00000000c00002ae                is486
                0x00000000c00002e4                detectCPUID
                0x00000000c00002fa                goToVM86
                0x00000000c000032a                goToUsermode
                0x00000000c0000354                switchToThreadASMFirstTime
                0x00000000c0000362                switchToThreadASM
                0x00000000c00003f2                asmQuickAcquireLock
                0x00000000c0000410                asmQuickReleaseLock
                0x00000000c000041c                asmAcquireLock
                0x00000000c000043d                asmReleaseLock
                0x00000000c0000450                loadGDT
                0x00000000c0000470                isr0
                0x00000000c0000480                isr1
                0x00000000c000048a                isr2
                0x00000000c0000494                isr3
                0x00000000c000049e                isr4
                0x00000000c00004a8                isr5
                0x00000000c00004b2                isr6
                0x00000000c00004bc                isr7
                0x00000000c00004c6                isr8
                0x00000000c00004ce                isr9
                0x00000000c00004d8                isr10
                0x00000000c00004e0                isr11
                0x00000000c00004e8                isr12
                0x00000000c00004f0                isr13
                0x00000000c00004f8                isr14
                0x00000000c0000500                isr15
                0x00000000c000050a                isr16
                0x00000000c0000514                isr17
                0x00000000c000051e                isr18
                0x00000000c0000528                irq3
                0x00000000c0000532                irq4
                0x00000000c000053c                irq5
                0x00000000c0000546                irq6
                0x00000000c0000550                irq7
                0x00000000c000055a                irq8
                0x00000000c0000564                irq9
                0x00000000c000056e                irq10
                0x00000000c0000578                irq11
                0x00000000c0000582                irq12
                0x00000000c000058c                irq13
                0x00000000c0000596                irq14
                0x00000000c00005a0                irq15
                0x00000000c00005aa                irq1
                0x00000000c00005b1                irq2
                0x00000000c00005b8                isr96
                0x00000000c00005bf                irq0
                0x00000000c00005c4                int_common_stub
                0x00000000c00005c4                syscall_common_stub
                0x00000000c00005f6                irq16
                0x00000000c0000600                irq17
                0x00000000c000060a                irq18
                0x00000000c0000614                irq19
                0x00000000c000061e                irq20
                0x00000000c0000628                irq21
                0x00000000c0000632                irq22
                0x00000000c000063c                irq23
                0x00000000c0000651                hexStrToInt
                0x00000000c000066e                memcpy
 *fill*         0x00000000c0000673        0x1 
 .text          0x00000000c0000674      0x5dd acpica/utclib.32
                0x00000000c0000674                memcmp
                0x00000000c00006b0                memmove
                0x00000000c0000778                memset
                0x00000000c0000794                strlen
                0x00000000c00007ac                strpbrk
                0x00000000c00007e8                strtok
                0x00000000c0000834                strcpy
                0x00000000c0000858                strncpy
                0x00000000c00008c0                strcmp
                0x00000000c0000900                strchr
                0x00000000c0000924                strncmp
                0x00000000c0000974                strcat
                0x00000000c00009a4                strncat
                0x00000000c00009e0                strstr
                0x00000000c0000a28                toupper
                0x00000000c0000a3c                tolower
                0x00000000c0000a50                simple_strtoul
 .text          0x00000000c0000c51      0xfad core/malloc.32
                0x00000000c0000dbc                dlfree
                0x00000000c0001117                dlmalloc
                0x00000000c0001654                dlrealloc
                0x00000000c00017f7                dlmemalign
                0x00000000c000191a                dlcalloc
                0x00000000c00019b4                dlcfree
                0x00000000c00019b9                dlindependent_calloc
                0x00000000c00019de                dlindependent_comalloc
                0x00000000c00019f5                dlvalloc
                0x00000000c0001a20                dlpvalloc
                0x00000000c0001a56                dlmalloc_trim
                0x00000000c0001a63                dlmalloc_usable_size
                0x00000000c0001a94                dlmallinfo
                0x00000000c0001b63                dlmalloc_stats
                0x00000000c0001b74                dlmallopt
 .text          0x00000000c0001bfe        0x0 libk/string.32
 .text          0x00000000c0001bfe       0x51 fs/fat/diskio.32
                0x00000000c0001bfe                disk_status
                0x00000000c0001c01                disk_initialize
                0x00000000c0001c04                disk_read
                0x00000000c0001c1a                disk_write
                0x00000000c0001c30                disk_ioctl
 .text          0x00000000c0001c4f     0x6833 fs/fat/ff.32
                0x00000000c0004f1d                f_mount
                0x00000000c0004f7f                f_open
                0x00000000c00053bb                f_read
                0x00000000c000563b                f_write
                0x00000000c00058f5                f_sync
                0x00000000c0005ad1                f_close
                0x00000000c0005b00                f_lseek
                0x00000000c0005fb7                f_opendir
                0x00000000c00060b9                f_closedir
                0x00000000c00060db                f_readdir
                0x00000000c0006176                f_stat
                0x00000000c0006205                f_getfree
                0x00000000c00063d0                f_truncate
                0x00000000c00064c8                f_unlink
                0x00000000c000664b                f_mkdir
                0x00000000c0006877                f_rename
                0x00000000c0006b6a                f_chmod
                0x00000000c0006c48                f_utime
                0x00000000c0006d26                f_getlabel
                0x00000000c0006f14                f_setlabel
                0x00000000c0007181                f_forward
                0x00000000c000735f                f_mkfs
 .text          0x00000000c0008482       0x2d fs/fat/ffsystem.32
                0x00000000c0008482                ff_memalloc
                0x00000000c0008498                ff_memfree
 .text          0x00000000c00084af      0x253 fs/fat/ffunicode.32
                0x00000000c00084af                ff_uni2oem
                0x00000000c000853f                ff_oem2uni
                0x00000000c00085ab                ff_wtoupper
 .text          0x00000000c0008702      0x8fb hal/libresample/samplerate.32
                0x00000000c0008746                src_delete
                0x00000000c0008782                src_process
                0x00000000c0008938                src_callback_read
                0x00000000c0008ab5                src_set_ratio
                0x00000000c0008b1f                src_get_channels
                0x00000000c0008b41                src_reset
                0x00000000c0008b8d                src_new
                0x00000000c0008c1b                src_callback_new
                0x00000000c0008c7d                src_get_name
                0x00000000c0008cb4                src_get_description
                0x00000000c0008ceb                src_get_version
                0x00000000c0008cf1                src_is_valid_ratio
                0x00000000c0008d45                src_error
                0x00000000c0008d53                src_strerror
                0x00000000c0008d66                src_simple
                0x00000000c0008db9                src_short_to_float_array
                0x00000000c0008e1e                src_float_to_short_array
                0x00000000c0008edd                src_int_to_float_array
                0x00000000c0008f40                src_float_to_int_array
 .text          0x00000000c0008ffd      0x8cb hal/libresample/src_linear.32
                0x00000000c0009823                linear_get_name
                0x00000000c0009832                linear_get_description
                0x00000000c0009841                linear_set_converter
 .text          0x00000000c00098c8     0x447c hal/libresample/src_sinc.32
                0x00000000c000dc5b                sinc_get_name
                0x00000000c000dc6e                sinc_get_description
                0x00000000c000dc81                sinc_set_converter
 .text          0x00000000c000dd44      0x77c hal/libresample/src_zoh.32
                0x00000000c000e41b                zoh_get_name
                0x00000000c000e42a                zoh_get_description
                0x00000000c000e439                zoh_set_converter
 .text          0x00000000c000e4c0       0xa7 compat/inlines.32
                0x00000000c000e4c0                CPU::current()
                0x00000000c000e4cc                operator new(unsigned long)
                0x00000000c000e4d1                operator delete(void*)
                0x00000000c000e4d6                disableIRQs()
                0x00000000c000e4de                enableIRQs()
                0x00000000c000e4ed                lockScheduler()
                0x00000000c000e4f5                unlockScheduler()
                0x00000000c000e504                lockStuff()
                0x00000000c000e512                unlockStuff()
                0x00000000c000e54c                Virt::getAKernelVAS()
                0x00000000c000e552                __not_memcpy
 .text          0x00000000c000e567      0x111 compat/resolve.32
                0x00000000c000e567                Krnl::resolveCompatibilitySymbol(char*)
 .text          0x00000000c000e678      0xa17 core/computer.32
                0x00000000c000e678                Computer::close(int, int, void*)
                0x00000000c000e6bc                Krnl::firstTask()
                0x00000000c000e7ac                Computer::Computer()
                0x00000000c000e7ac                Computer::Computer()
                0x00000000c000e908                Computer::setBootMessage(char const*)
                0x00000000c000e90a                Computer::detectFeatures()
                0x00000000c000eb14                Computer::displayFeatures()
                0x00000000c000ee5a                Computer::rdmsr(unsigned int)
                0x00000000c000ee86                Computer::wrmsr(unsigned int, unsigned long long)
                0x00000000c000eebe                Computer::nmiEnabled()
                0x00000000c000eeca                Computer::readCMOS(unsigned char)
                0x00000000c000eee4                Computer::enableNMI(bool)
                0x00000000c000eefc                Computer::open(int, int, void*)
                0x00000000c000efd2                Computer::disableNMI()
                0x00000000c000efe0                Computer::writeCMOS(unsigned char, unsigned char)
                0x00000000c000effe                Computer::handleNMI()
                0x00000000c000f064                Computer::setDiskActivityLight(int, bool)
 *fill*         0x00000000c000f08f        0x1 
 .text          0x00000000c000f090      0x1b7 core/gdt.32
                0x00000000c000f090                GDTEntry::setBase(unsigned int)
                0x00000000c000f0ac                GDTEntry::setLimit(unsigned int)
                0x00000000c000f0ca                GDT::GDT()
                0x00000000c000f0ca                GDT::GDT()
                0x00000000c000f0e0                GDT::addEntry(GDTEntry)
                0x00000000c000f11c                GDT::getNumberOfEntries()
                0x00000000c000f124                GDT::flush()
                0x00000000c000f146                GDT::setup()
 .text          0x00000000c000f247       0x6b core/idle.32
                0x00000000c000f247                idleFunction(void*)
 .text          0x00000000c000f2b2      0x45e core/idt.32
                0x00000000c000f2b2                IDTEntry::IDTEntry(bool)
                0x00000000c000f2b2                IDTEntry::IDTEntry(bool)
                0x00000000c000f320                IDTEntry::setOffset(unsigned int)
                0x00000000c000f334                IDT::IDT()
                0x00000000c000f334                IDT::IDT()
                0x00000000c000f336                IDT::getPointerToInvalidOpcodeEntryForF00F()
                0x00000000c000f33e                IDT::addEntry(IDTEntry, int)
                0x00000000c000f358                IDT::addEntry(int, void (*)(), bool)
                0x00000000c000f390                IDT::flush()
                0x00000000c000f3aa                IDT::setup()
 .text          0x00000000c000f710      0x1fe core/kheap.32
                0x00000000c000f710                sbrk
                0x00000000c000f81d                mmap
                0x00000000c000f833                munmap
                0x00000000c000f849                liballoc_lock()
                0x00000000c000f856                liballoc_unlock()
                0x00000000c000f86a                liballoc_alloc(int)
                0x00000000c000f885                liballoc_free(void*, int)
                0x00000000c000f8a0                realloc
                0x00000000c000f8b4                malloc
                0x00000000c000f8c4                free
                0x00000000c000f8d4                rfree
                0x00000000c000f8e4                calloc
 .text          0x00000000c000f90e      0x44f core/main.32
                0x00000000c000f90e                hwTextMode_loadInData(VgaText*)
                0x00000000c000f953                hwTextMode_loadInTitle(VgaText*, char*)
                0x00000000c000f9bf                hwTextMode_showCursor(VgaText*, bool)
                0x00000000c000fa1a                hwTextMode_update(VgaText*)
                0x00000000c000fa1b                hwTextMode_updateCursor(VgaText*)
                0x00000000c000fa63                hwTextMode_disableBlink(VgaText*, bool)
                0x00000000c000faa9                hwTextMode_scrollScreen(VgaText*)
                0x00000000c000fb4a                hwTextMode_writeCharacter(VgaText*, char, VgaColour, VgaColour, int, int)
                0x00000000c000fbc9                setupTextMode()
                0x00000000c000fc39                kernel_main
 .text          0x00000000c000fd5d      0x56c core/physmgr.32
                0x00000000c000fd5d                Phys::allocateDMA(unsigned long)
                0x00000000c000fe00                Phys::freeDMA(unsigned long, unsigned long)
                0x00000000c000fe48                Phys::setPageState(unsigned long, bool)
                0x00000000c000fe7a                Phys::getPageState(unsigned long)
                0x00000000c000fe96                Phys::freePage(unsigned long)
                0x00000000c000ff20                Phys::allocatePage()
                0x00000000c0010005                Phys::allocateContiguousPages(int)
                0x00000000c0010061                Phys::allowSegmentToBeUsed(unsigned long, unsigned long)
                0x00000000c0010099                Phys::physicalMemorySetup(unsigned int)
 *fill*         0x00000000c00102c9        0x1 
 .text          0x00000000c00102ca      0x273 core/pipe.32
                0x00000000c00102ca                Pipe::isAtty()
                0x00000000c00102ce                Pipe::~Pipe()
                0x00000000c00102ce                Pipe::~Pipe()
                0x00000000c00102f2                Pipe::~Pipe()
                0x00000000c001031a                Pipe::read(unsigned long long, void*, int*)
                0x00000000c0010416                Pipe::write(unsigned long long, void*, int*)
                0x00000000c00104d6                Pipe::Pipe(int)
                0x00000000c00104d6                Pipe::Pipe(int)
 *fill*         0x00000000c001053d        0x1 
 .text          0x00000000c001053e      0xe4b core/terminal.32
                0x00000000c001053e                VgaText::isAtty()
                0x00000000c0010542                VgaText::~VgaText()
                0x00000000c0010542                VgaText::~VgaText()
                0x00000000c0010566                VgaText::~VgaText()
                0x00000000c0010590                VgaText::read(unsigned long long, void*, int*)
                0x00000000c00105b0                setTerminalScrollLock(bool)
                0x00000000c00105b1                addToTerminalCycle(VgaText*)
                0x00000000c00105d2                installVgaTextImplementation()
                0x00000000c00105e7                scrollTerminalScrollLock(int)
                0x00000000c00105e8                VgaText::load()
                0x00000000c0010636                VgaText::updateCursor()
                0x00000000c001064c                VgaText::showCursor(bool)
                0x00000000c0010658                VgaText::disableBlink(bool)
                0x00000000c001068c                VgaText::doANSI_SGR(int)
                0x00000000c0010700                VgaText::setDefaultBgColour(VgaColour)
                0x00000000c0010710                VgaText::setDefaultFgColour(VgaColour)
                0x00000000c0010720                VgaText::setDefaultColours(VgaColour, VgaColour)
                0x00000000c0010740                VgaText::combineColours(unsigned char, unsigned char)
                0x00000000c0010752                VgaText::scrollScreen()
                0x00000000c00107e6                VgaText::combineCharAndColour(char, unsigned char)
                0x00000000c00107f8                VgaText::writeCharacter(char, VgaColour, VgaColour, int, int)
                0x00000000c0010854                VgaText::getCursorX()
                0x00000000c001085c                VgaText::getCursorY()
                0x00000000c0010864                VgaText::setCursor(int, int)
                0x00000000c001087c                VgaText::setCursorX(int)
                0x00000000c0010894                VgaText::setCursorY(int)
                0x00000000c00108ac                VgaText::incrementCursor(bool)
                0x00000000c0010900                VgaText::updateRAMUsageDisplay(int)
                0x00000000c0010964                VgaText::updateDiskUsage()
                0x00000000c0010ace                VgaText::updateTitle()
                0x00000000c0010b12                VgaText::setTitleTextColour(VgaColour)
                0x00000000c0010b20                VgaText::setTitleColour(VgaColour)
                0x00000000c0010b2e                VgaText::setTitle(char*)
                0x00000000c0010b54                VgaText::decrementCursor(bool)
                0x00000000c0010b76                VgaText::putchar(char, VgaColour, VgaColour)
                0x00000000c0010c4e                VgaText::isShowingCursor()
                0x00000000c0010c56                VgaText::isBlinkDisabled()
                0x00000000c0010c62                VgaText::setCursorHeight(int)
                0x00000000c0010c7a                VgaText::getCursorHeight()
                0x00000000c0010c82                setActiveTerminal(VgaText*)
                0x00000000c0010d28                doTerminalCycle()
                0x00000000c0010d42                VgaText::doUpdate()
                0x00000000c0010d50                VgaText::puts(char const*, VgaColour, VgaColour)
                0x00000000c0010ec8                VgaText::clearScreen()
                0x00000000c0010f22                VgaText::putchar(char)
                0x00000000c001100e                VgaText::puts(char const*)
                0x00000000c0011034                VgaText::putx(unsigned int)
                0x00000000c001107a                VgaText::VgaText(char const*)
                0x00000000c001107a                VgaText::VgaText(char const*)
                0x00000000c0011228                VgaText::receiveKey(unsigned char)
                0x00000000c0011310                VgaText::write(unsigned long long, void*, int*)
                0x00000000c0011364                newTerminal(char*)
 *fill*         0x00000000c0011389        0x1 
 .text          0x00000000c001138a      0x1b3 core/tss.32
                0x00000000c001138a                TSS::TSS()
                0x00000000c001138a                TSS::TSS()
                0x00000000c0011398                TSS::setESP(unsigned long)
                0x00000000c00113aa                TSS::flush()
                0x00000000c00113ca                TSS::setup(unsigned long, unsigned long)
 *fill*         0x00000000c001153d        0x1 
 .text          0x00000000c001153e      0x4c2 core/unixfile.32
                0x00000000c001153e                ReservedFilename::read(unsigned long long, void*, int*)
                0x00000000c0011594                ReservedFilename::isAtty()
                0x00000000c00115b0                ReservedFilename::write(unsigned long long, void*, int*)
                0x00000000c001160e                UnixFile::getFileDescriptor()
                0x00000000c0011616                UnixFile::UnixFile(int)
                0x00000000c0011616                UnixFile::UnixFile(int)
                0x00000000c00117c6                ReservedFilename::ReservedFilename(int)
                0x00000000c00117c6                ReservedFilename::ReservedFilename(int)
                0x00000000c00117f8                UnixFile::~UnixFile()
                0x00000000c00117f8                UnixFile::~UnixFile()
                0x00000000c0011890                UnixFile::~UnixFile()
                0x00000000c00118b8                ReservedFilename::~ReservedFilename()
                0x00000000c00118b8                ReservedFilename::~ReservedFilename()
                0x00000000c00118dc                ReservedFilename::~ReservedFilename()
                0x00000000c0011903                getFromFileDescriptor(int)
 .text          0x00000000c0011a00     0x12f9 core/virtmgr.32
                0x00000000c0011a00                Virt::setPageState(unsigned long, Virt::VirtPageState)
                0x00000000c0011a35                Virt::getPageState(unsigned long)
                0x00000000c0011a59                Virt::allocateKernelVirtualPages(int)
                0x00000000c0011b6a                Virt::freeSwapfilePage(unsigned long)
                0x00000000c0011b88                Virt::swapIDToSector(unsigned long)
                0x00000000c0011b9a                Virt::allocateSwapfilePage()
                0x00000000c0011c18                Virt::virtualMemorySetup()
                0x00000000c0011c97                Virt::swappingSetup()
                0x00000000c0011c98                Virt::setupPageSwapping(int)
                0x00000000c0011e64                VAS::VAS()
                0x00000000c0011e64                VAS::VAS()
                0x00000000c0011ea0                VAS::VAS(VAS*)
                0x00000000c0011ea0                VAS::VAS(VAS*)
                0x00000000c0011ece                VAS::getForeignPageTableEntry(bool, unsigned long)
                0x00000000c0011efa                VAS::getPageTableEntry(unsigned long)
                0x00000000c0011f19                Virt::freeKernelVirtualPages(unsigned long)
                0x00000000c001203c                VAS::freeAllocatedPages(unsigned long)
                0x00000000c0012060                VAS::virtualToPhysical(unsigned long)
                0x00000000c0012078                VAS::reflagRange(unsigned long, int, int, int)
                0x00000000c00120b8                VAS::setToWriteCombining(unsigned long, int)
                0x00000000c00120ea                VAS::mapOtherVASIn(bool, VAS*)
                0x00000000c0012114                VAS::~VAS()
                0x00000000c0012114                VAS::~VAS()
                0x00000000c0012290                VAS::mapPage(unsigned long, unsigned long, int)
                0x00000000c0012392                VAS::allocatePages(int, int)
                0x00000000c001256a                VAS::setCPUSpecific(unsigned long)
                0x00000000c0012586                VAS::mapRange(unsigned long, unsigned long, int, int)
                0x00000000c001264c                VAS::mapForeignPage(bool, VAS*, unsigned long, unsigned long, int)
                0x00000000c001273a                VAS::VAS(bool)
                0x00000000c001273a                VAS::VAS(bool)
                0x00000000c00129ba                VAS::evict(unsigned long)
                0x00000000c0012a7c                VAS::tryLoadBackOffDisk(unsigned long)
                0x00000000c0012b8c                VAS::scanForEviction()
                0x00000000c0012c3d                mapVASFirstTime
 .text          0x00000000c0012cf9       0x95 coreobjs/c++.32
                0x00000000c0012cf9                __cxa_atexit
                0x00000000c0012cfc                __cxa_finalize
                0x00000000c0012cfd                __stack_chk_fail
                0x00000000c0012d69                __cxa_pure_virtual
                0x00000000c0012d7a                operator new[](unsigned long)
                0x00000000c0012d7f                operator delete(void*, unsigned long)
                0x00000000c0012d84                operator delete[](void*)
                0x00000000c0012d89                operator delete[](void*, unsigned long)
 .text          0x00000000c0012d8e      0x1ef dbg/kconsole.32
                0x00000000c0012d8e                Dbg::stringifyxWithBase(unsigned int, char*, int)
                0x00000000c0012def                Dbg::logc(char)
                0x00000000c0012e06                Dbg::logs(char*)
                0x00000000c0012e23                Dbg::logWriteInt(unsigned int)
                0x00000000c0012e40                Dbg::logWriteIntBase(unsigned int, int)
                0x00000000c0012e5f                Dbg::kprintf(char const*, ...)
 *fill*         0x00000000c0012f7d        0x1 
 .text          0x00000000c0012f7e      0xb82 fs/vfs.32
                0x00000000c0012f7e                File::read(unsigned long long, void*, int*)
                0x00000000c0012fd6                File::write(unsigned long long, void*, int*)
                0x00000000c001302e                Directory::read(unsigned long long, void*, int*)
                0x00000000c0013086                Directory::write(unsigned long long, void*, int*)
                0x00000000c00130b4                File::isAtty()
                0x00000000c00130b8                Directory::isAtty()
                0x00000000c00130bc                Filesystem::getlabel(LogicalDisk*, int, char*, unsigned int*)
                0x00000000c00130c2                Filesystem::setlabel(LogicalDisk*, int, char*)
                0x00000000c00130c8                Filesystem::getFileFirstSector(char const*)
                0x00000000c00130ce                File::~File()
                0x00000000c00130ce                File::~File()
                0x00000000c00130f2                File::~File()
                0x00000000c001311c                Directory::~Directory()
                0x00000000c001311c                Directory::~Directory()
                0x00000000c0013140                Directory::~Directory()
                0x00000000c001316a                Filesystem::Filesystem()
                0x00000000c001316a                Filesystem::Filesystem()
                0x00000000c001318e                Filesystem::~Filesystem()
                0x00000000c001318e                Filesystem::~Filesystem()
                0x00000000c001319c                Filesystem::~Filesystem()
                0x00000000c00131c0                Fs::getcwd(Process*, char*, int)
                0x00000000c00131ea                Fs::initVFS()
                0x00000000c0013214                Fs::standardiseFiles(char*, char const*, char const*)
                0x00000000c00133be                File::File(char const*, Process*)
                0x00000000c00133be                File::File(char const*, Process*)
                0x00000000c0013422                File::open(FileOpenMode)
                0x00000000c0013480                File::close()
                0x00000000c00134e0                File::seek(unsigned long long)
                0x00000000c0013536                File::tell(unsigned long long*)
                0x00000000c0013586                File::rewind()
                0x00000000c001359a                File::unlink()
                0x00000000c00135e6                File::rename(char const*)
                0x00000000c0013634                File::chfatattr(unsigned char, unsigned char)
                0x00000000c0013690                File::exists()
                0x00000000c00136ce                File::stat(unsigned long long*, bool*)
                0x00000000c001372f                Fs::setcwd(Process*, char*)
                0x00000000c001386a                Directory::Directory(char const*, Process*)
                0x00000000c001386a                Directory::Directory(char const*, Process*)
                0x00000000c00138ce                Directory::open()
                0x00000000c001392a                Directory::close()
                0x00000000c001398a                Directory::unlink()
                0x00000000c00139d6                Directory::rename(char const*)
                0x00000000c0013a24                Directory::exists()
                0x00000000c0013a62                Directory::read(dirent*)
                0x00000000c0013aae                Directory::create()
                0x00000000c0013afa                Filesystem::chfatattr(char const*, unsigned char, unsigned char)
 .text          0x00000000c0013b00       0x84 hal/bus.32
                0x00000000c0013b00                Bus::Bus(char const*)
                0x00000000c0013b00                Bus::Bus(char const*)
                0x00000000c0013b36                Bus::~Bus()
                0x00000000c0013b36                Bus::~Bus()
                0x00000000c0013b5a                Bus::~Bus()
 .text          0x00000000c0013b84      0x156 hal/buzzer.32
                0x00000000c0013b84                Buzzer::Buzzer(char const*)
                0x00000000c0013b84                Buzzer::Buzzer(char const*)
                0x00000000c0013bc8                Buzzer::~Buzzer()
                0x00000000c0013bc8                Buzzer::~Buzzer()
                0x00000000c0013bec                Buzzer::~Buzzer()
                0x00000000c0013c16                Buzzer::stop()
                0x00000000c0013c29                beepThread(void*)
                0x00000000c0013c6c                Buzzer::beep(int, int, bool)
 .text          0x00000000c0013cda      0x467 hal/clock.32
                0x00000000c0013cda                User::loadClockSettings(int)
                0x00000000c0013d2c                Clock::Clock(char const*)
                0x00000000c0013d2c                Clock::Clock(char const*)
                0x00000000c0013d62                Clock::~Clock()
                0x00000000c0013d62                Clock::~Clock()
                0x00000000c0013d86                Clock::~Clock()
                0x00000000c0013db0                Clock::timeInSecondsLocal()
                0x00000000c0013df8                Clock::setTimeInSecondsLocal(unsigned long long)
                0x00000000c0013e51                datetimeToSeconds(datetime_t)
                0x00000000c0013f78                Clock::setTimeInDatetimeLocal(datetime_t)
                0x00000000c0013fd8                secondsToDatetime(unsigned long long)
                0x00000000c001411c                Clock::timeInDatetimeLocal()
 *fill*         0x00000000c0014141        0x1 
 .text          0x00000000c0014142      0x4d8 hal/device.32
                0x00000000c0014142                Device::hibernate()
                0x00000000c0014144                Device::wake()
                0x00000000c0014146                Device::detect()
                0x00000000c0014148                Device::disableLegacy()
                0x00000000c001414a                Device::powerSaving(PowerSavingLevel)
                0x00000000c001414c                DriverlessDevice::close(int, int, void*)
                0x00000000c0014150                DriverlessDevice::detect()
                0x00000000c0014152                DriverlessDevice::open(int, int, void*)
                0x00000000c0014166                Device::~Device()
                0x00000000c0014166                Device::~Device()
                0x00000000c0014174                Device::~Device()
                0x00000000c001419c                Device::findAndLoadDriver()
                0x00000000c001419e                Device::preOpenPCI(PCIDeviceInfo)
                0x00000000c00141c4                Device::preOpenACPI(void*, char*, char*)
                0x00000000c0014204                Device::addIRQHandler(int, void (*)(regs*, void*), bool, void*)
                0x00000000c0014242                Device::removeIRQHandler(int, void (*)(regs*, void*), bool)
                0x00000000c0014280                Device::addChild(Device*)
                0x00000000c00142c4                Device::removeAllChildren()
                0x00000000c001430a                Device::hibernateAll()
                0x00000000c001433a                Device::wakeAll()
                0x00000000c001436a                Device::detectAll()
                0x00000000c001439a                Device::disableLegacyAll()
                0x00000000c00143ca                Device::loadDriversForAll()
                0x00000000c00143f6                Device::closeAll()
                0x00000000c001442c                Device::powerSavingAll(PowerSavingLevel)
                0x00000000c0014462                Device::setName(char const*)
                0x00000000c0014470                Device::Device(char const*)
                0x00000000c0014470                Device::Device(char const*)
                0x00000000c001456c                Device::getName()
                0x00000000c0014576                DriverlessDevice::DriverlessDevice(char const*)
                0x00000000c0014576                DriverlessDevice::DriverlessDevice(char const*)
                0x00000000c00145ac                Device::addToLinkedList(LinkedList<Device>&, DeviceType)
                0x00000000c00145f0                getDevicesOfType(DeviceType)
 .text          0x00000000c001461a       0x84 hal/diskctrl.32
                0x00000000c001461a                HardDiskController::HardDiskController(char const*)
                0x00000000c001461a                HardDiskController::HardDiskController(char const*)
                0x00000000c0014650                HardDiskController::~HardDiskController()
                0x00000000c0014650                HardDiskController::~HardDiskController()
                0x00000000c0014674                HardDiskController::~HardDiskController()
 .text          0x00000000c001469e       0xf2 hal/diskphys.32
                0x00000000c001469e                PhysicalDisk::eject()
                0x00000000c00146b2                PhysicalDisk::PhysicalDisk(char const*, int)
                0x00000000c00146b2                PhysicalDisk::PhysicalDisk(char const*, int)
                0x00000000c001471a                PhysicalDisk::startCache()
                0x00000000c0014742                PhysicalDisk::~PhysicalDisk()
                0x00000000c0014742                PhysicalDisk::~PhysicalDisk()
                0x00000000c0014766                PhysicalDisk::~PhysicalDisk()
 .text          0x00000000c0014790      0x13b hal/fpu.32
                0x00000000c0014790                FPU::FPU(char const*)
                0x00000000c0014790                FPU::FPU(char const*)
                0x00000000c00147c6                FPU::~FPU()
                0x00000000c00147c6                FPU::~FPU()
                0x00000000c00147ea                FPU::~FPU()
                0x00000000c0014814                setupFPU()
 *fill*         0x00000000c00148cb        0x1 
 .text          0x00000000c00148cc     0x1439 hal/intctrl.32
                0x00000000c00148cc                InterruptController::uninstallISRHandler(int, void (*)(regs*, void*))
                0x00000000c0014904                InterruptController::installISRHandler(int, void (*)(regs*, void*), void*)
                0x00000000c0014956                doubleFault(regs*, void*)
                0x00000000c0014970                InterruptController::installIRQHandler(int, void (*)(regs*, void*), bool, void*)
                0x00000000c0014a0c                InterruptController::clearAllHandlers(int, bool)
                0x00000000c0014ab4                InterruptController::uninstallIRQHandler(int, void (*)(regs*, void*), bool)
                0x00000000c0014b3b                nmiHandler(regs*, void*)
                0x00000000c0014b49                int_handler
                0x00000000c0014bea                InterruptController::InterruptController(char const*)
                0x00000000c0014bea                InterruptController::InterruptController(char const*)
                0x00000000c0014c90                InterruptController::~InterruptController()
                0x00000000c0014c90                InterruptController::~InterruptController()
                0x00000000c0014cb4                InterruptController::~InterruptController()
                0x00000000c0014cde                displayDebugInfo(regs*)
                0x00000000c001516d                x87EmulHandler(regs*, void*)
                0x00000000c00151e0                gpFault(regs*, void*)
                0x00000000c0015219                pgFault(regs*, void*)
                0x00000000c0015255                otherISRHandler(regs*, void*)
                0x00000000c0015274                opcodeFault(regs*, void*)
                0x00000000c0015891                displayProgramFault(char const*)
                0x00000000c00158b9                setupInterruptController()
                0x00000000c0015cb8                InterruptController::convertLegacyIRQNumber(int)
 *fill*         0x00000000c0015d05        0x1 
 .text          0x00000000c0015d06      0x794 hal/keybrd.32
                0x00000000c0015d06                startGUI(void*)
                0x00000000c0015d72                startGUIVESA(void*)
                0x00000000c0015dde                sendKeyToTerminal(unsigned char)
                0x00000000c0015e9c                sendKeyboardToken(KeyboardToken)
                0x00000000c00162d9                clearInternalKeybuffer(VgaText*)
                0x00000000c001630e                readKeyboard(VgaText*, char*, unsigned long)
                0x00000000c0016410                Keyboard::Keyboard(char const*)
                0x00000000c0016410                Keyboard::Keyboard(char const*)
                0x00000000c001644c                Keyboard::~Keyboard()
                0x00000000c001644c                Keyboard::~Keyboard()
                0x00000000c0016470                Keyboard::~Keyboard()
 .text          0x00000000c001649a      0x414 hal/logidisk.32
                0x00000000c001649a                LogicalDisk::close(int, int, void*)
                0x00000000c001649e                LogicalDisk::~LogicalDisk()
                0x00000000c001649e                LogicalDisk::~LogicalDisk()
                0x00000000c00164c2                LogicalDisk::~LogicalDisk()
                0x00000000c00164ec                LogicalDisk::open(int, int, void*)
                0x00000000c0016500                LogicalDisk::absoluteToRelative(unsigned long long)
                0x00000000c0016538                LogicalDisk::relativeToAbsolute(unsigned long long)
                0x00000000c001657e                LogicalDisk::LogicalDisk(char const*, PhysicalDisk*, unsigned long long, unsigned long long)
                0x00000000c001657e                LogicalDisk::LogicalDisk(char const*, PhysicalDisk*, unsigned long long, unsigned long long)
                0x00000000c0016634                LogicalDisk::assignDriveLetter()
                0x00000000c00166ea                LogicalDisk::mount()
                0x00000000c001675c                LogicalDisk::unmount()
                0x00000000c001676c                LogicalDisk::eject()
                0x00000000c0016780                LogicalDisk::unassignDriveLetter()
                0x00000000c00167d6                LogicalDisk::read(unsigned long long, int, void*)
                0x00000000c0016842                LogicalDisk::write(unsigned long long, int, void*)
 .text          0x00000000c00168ae       0x84 hal/mouse.32
                0x00000000c00168ae                Mouse::Mouse(char const*)
                0x00000000c00168ae                Mouse::Mouse(char const*)
                0x00000000c00168e4                Mouse::~Mouse()
                0x00000000c00168e4                Mouse::~Mouse()
                0x00000000c0016908                Mouse::~Mouse()
 .text          0x00000000c0016932      0x359 hal/partition.32
                0x00000000c0016932                makePartition(PhysicalDisk*, unsigned long long, unsigned long long)
                0x00000000c00169fa                createPartitionsForDisk(PhysicalDisk*)
 *fill*         0x00000000c0016c8b        0x1 
 .text          0x00000000c0016c8c       0x84 hal/serial.32
                0x00000000c0016c8c                Serial::Serial(char const*)
                0x00000000c0016c8c                Serial::Serial(char const*)
                0x00000000c0016cc2                Serial::~Serial()
                0x00000000c0016cc2                Serial::~Serial()
                0x00000000c0016ce6                Serial::~Serial()
 .text          0x00000000c0016d10      0x2f3 hal/timer.32
                0x00000000c0016d10                Timer::Timer(char const*)
                0x00000000c0016d10                Timer::Timer(char const*)
                0x00000000c0016d46                Timer::~Timer()
                0x00000000c0016d46                Timer::~Timer()
                0x00000000c0016d6a                Timer::~Timer()
                0x00000000c0016d94                Timer::read()
                0x00000000c0016d9f                timerHandler(unsigned long long)
                0x00000000c0016f11                setupTimer(int)
 *fill*         0x00000000c0017003        0x1 
 .text          0x00000000c0017004      0x409 hal/vcache.32
                0x00000000c0017004                VCache::VCache(PhysicalDisk*)
                0x00000000c0017004                VCache::VCache(PhysicalDisk*)
                0x00000000c001716c                VCache::invalidateReadBuffer()
                0x00000000c001717c                VCache::writeWriteBuffer()
                0x00000000c00171b8                VCache::~VCache()
                0x00000000c00171b8                VCache::~VCache()
                0x00000000c001720c                VCache::~VCache()
                0x00000000c0017234                VCache::write(unsigned long long, int, void*)
                0x00000000c001731e                VCache::read(unsigned long long, int, void*)
 *fill*         0x00000000c001740d        0x1 
 .text          0x00000000c001740e      0x4cd hal/video.32
                0x00000000c001740e                Video::putrect(int, int, int, int, unsigned int)
                0x00000000c001745a                Video::bitblit(int, int, int, int, int, int, int, unsigned int*)
                0x00000000c00174ca                Video::blit(unsigned int*, int, int, int, int)
                0x00000000c0017548                Video::clearScreen(unsigned int)
                0x00000000c001757c                Video::putpixel(int, int, unsigned int)
                0x00000000c001758a                Video::Video(char const*)
                0x00000000c001758a                Video::Video(char const*)
                0x00000000c00175c0                Video::~Video()
                0x00000000c00175c0                Video::~Video()
                0x00000000c00175e4                Video::~Video()
                0x00000000c001760e                Video::isMonochrome()
                0x00000000c001761a                Video::getWidth()
                0x00000000c0017626                Video::getHeight()
                0x00000000c0017632                Video::drawCursor(int, int, unsigned char*, int)
                0x00000000c00176ee                Video::tgaParse(unsigned char*, int, int*, int*)
                0x00000000c0017870                Video::putTGA(int, int, unsigned char*, int)
 *fill*         0x00000000c00178db        0x1 
 .text          0x00000000c00178dc     0x11ce hw/acpi.32
                0x00000000c00178dc                ACPI::close(int, int, void*)
                0x00000000c0017991                findRSDP()
                0x00000000c0017a2b                loadACPITables(unsigned char*)
                0x00000000c0017c82                findRSDT(unsigned char*)
                0x00000000c0017dcc                findDataTable(unsigned char*, char*)
                0x00000000c0017e68                scanMADT()
                0x00000000c00182ee                ACPI::ACPI()
                0x00000000c00182ee                ACPI::ACPI()
                0x00000000c0018358                ACPI::getPCIIRQAssignment(unsigned char, unsigned short, unsigned char)
                0x00000000c001843a                ACPI::registerPCIIRQAssignment(void*, unsigned short, unsigned char, unsigned char)
                0x00000000c0018500                ACPI::setScreenBrightnessLevel(void*, int)
                0x00000000c0018506                ACPI::writeSimpleBootFlag(SimpleBootFlagTable*)
                0x00000000c001854e                ACPI::sleep()
                0x00000000c0018566                ACPI::open(int, int, void*)
 .text          0x00000000c0018aaa     0x1717 hw/cpu.32
                0x00000000c0018aaa                CPU::close(int, int, void*)
                0x00000000c0018aae                CPU::lookupAMDName(unsigned char, unsigned char)
                0x00000000c0018c42                CPU::lookupIntelName(unsigned char, unsigned char)
                0x00000000c0018ef0                CPU::AMD_K6_write_msr(unsigned int, unsigned int, unsigned int, CPU::REGS*)
                0x00000000c0018f0c                CPU::AMD_K6_read_msr(unsigned int, CPU::REGS*)
                0x00000000c0018f24                CPU::AMD_K6_writeback(int, int, int)
                0x00000000c0018f98                CPU::cpuid(int, unsigned long*, unsigned long*, unsigned long*, unsigned long*)
                0x00000000c001901c                CPU::cpuidCheckEDX(unsigned int)
                0x00000000c001904a                CPU::cpuidCheckECX(unsigned int)
                0x00000000c0019078                CPU::cpuidCheckExtendedEBX(unsigned int)
                0x00000000c00190a6                CPU::cpuidCheckExtendedECX(unsigned int)
                0x00000000c00190d4                CPU::CPU()
                0x00000000c00190d4                CPU::CPU()
                0x00000000c0019162                CPU::displayFeatures()
                0x00000000c00193de                CPU::detectFeatures()
                0x00000000c0019dd0                CPU::setupSMEP()
                0x00000000c0019ddc                CPU::setupUMIP()
                0x00000000c0019de6                CPU::setupTSC()
                0x00000000c0019df0                CPU::setupLargePages()
                0x00000000c0019dfa                CPU::setupPAT()
                0x00000000c0019e36                CPU::setupMTRR()
                0x00000000c0019e38                CPU::setupGlobalPages()
                0x00000000c0019e42                CPU::allowUsermodeDataAccess()
                0x00000000c0019e54                CPU::prohibitUsermodeDataAccess()
                0x00000000c0019e66                CPU::setupSMAP()
                0x00000000c0019e74                CPU::setupFeatures()
                0x00000000c0019ef4                CPU::open(int, int, void*)
                0x00000000c0019fc6                CPU::decodeAddress(regs*, int*, bool*, unsigned char*)
 .text          0x00000000c001a1c1        0x0 hw/ports.32
 .text          0x00000000c001a1c1      0x16a hw/smp.32
                0x00000000c001a1c1                Krnl::smpEntry()
                0x00000000c001a1c3                Krnl::startCPU(int)
                0x00000000c001a30c                Krnl::startCPUs()
 *fill*         0x00000000c001a32b        0x1 
 .text          0x00000000c001a32c      0x5cd krnl/env.32
                0x00000000c001a32c                EnvVarContainer::getEnv(char const*)
                0x00000000c001a36a                EnvVarContainer::setEnv(char const*, char const*)
                0x00000000c001a42c                EnvVarContainer::deleteEnv(char const*)
                0x00000000c001a42e                EnvVarContainer::loadFrom(char const*, char const*)
                0x00000000c001a630                EnvVarContainer::__loadSystem()
                0x00000000c001a64a                EnvVarContainer::__loadUser()
                0x00000000c001a64c                EnvVarContainer::EnvVarContainer(Process*)
                0x00000000c001a64c                EnvVarContainer::EnvVarContainer(Process*)
                0x00000000c001a66e                EnvVarContainer::~EnvVarContainer()
                0x00000000c001a66e                EnvVarContainer::~EnvVarContainer()
                0x00000000c001a69e                Krnl::getEnv(Process*, char const*)
                0x00000000c001a703                Krnl::setEnvSystem(char const*, char const*)
                0x00000000c001a71d                Krnl::setEnvUser(char const*, char const*)
                0x00000000c001a73c                Krnl::setEnvProcess(Process*, char const*, char const*)
                0x00000000c001a74f                Krnl::deleteEnvSystem(char const*)
                0x00000000c001a750                Krnl::deleteEnvUser(char const*)
                0x00000000c001a751                Krnl::deleteEnvProcess(Process*, char const*)
                0x00000000c001a752                Krnl::newProcessEnv(Process*)
                0x00000000c001a774                Krnl::copyProcessEnv(Process*, Process*)
                0x00000000c001a7c0                Krnl::loadSystemEnv()
                0x00000000c001a7ee                Krnl::loadUserEnv()
                0x00000000c001a814                Krnl::flushEnv()
                0x00000000c001a815                Krnl::getProcessTotalEnvCount(Process*)
                0x00000000c001a835                Krnl::getProcessEnvPair(Process*, int)
 .text          0x00000000c001a8f9      0x396 krnl/panic.32
                0x00000000c001a8f9                Krnl::panic(char const*)
 .text          0x00000000c001ac8f      0x57f net/ethernet.32
                0x00000000c001ac8f                Net::switchEndian16(unsigned short)
                0x00000000c001acb0                Net::switchEndian32(unsigned int)
                0x00000000c001acdf                Net::crc32Calc(unsigned char*, int)
                0x00000000c001ad70                Net::wrapEthernetFrame(Net::UnwrappedEthernetFrame, unsigned char*)
                0x00000000c001af83                Net::unwrapEthernetFrame(unsigned char*, int)
 .text          0x00000000c001b20e      0x50e reg/registry.32
                0x00000000c001b20e                Reg::findLineFromLoadedData(char*, char*, char*)
                0x00000000c001b366                Reg::getLineFromRegistry(char*, char*, char*, char*)
                0x00000000c001b4bb                Reg::getLine(char*, char*, char*)
                0x00000000c001b4f2                Reg::readInt(char*, char*, int*)
                0x00000000c001b5dd                Reg::readString(char*, char*, char*, int)
                0x00000000c001b65e                Reg::readBool(char*, char*, bool*)
                0x00000000c001b683                Reg::readBoolWithDefault(char*, char*, bool)
                0x00000000c001b6af                Reg::readIntWithDefault(char*, char*, int)
                0x00000000c001b6db                Reg::readStringWithDefault(char*, char*, char*, int, char*)
 .text          0x00000000c001b71c       0x36 sys/sc_eject.32
                0x00000000c001b71c                Sys::eject(regs*)
 .text          0x00000000c001b752       0x18 sys/sc_exit.32
                0x00000000c001b752                Sys::exit(regs*)
 .text          0x00000000c001b76a       0x1f sys/sc_getcwd.32
                0x00000000c001b76a                Sys::getCwd(regs*)
 .text          0x00000000c001b789        0xc sys/sc_getpid.32
                0x00000000c001b789                Sys::getPID(regs*)
 .text          0x00000000c001b795       0x17 sys/sc_getramdata.32
                0x00000000c001b795                Sys::getRAMData(regs*)
 .text          0x00000000c001b7ac       0x84 sys/sc_getvgaptr.32
                0x00000000c001b7ac                Sys::getVGAPtr(regs*)
 .text          0x00000000c001b830       0xa8 sys/sc_loaddll.32
                0x00000000c001b830                Sys::loadDLL(regs*)
 .text          0x00000000c001b8d8       0x68 sys/sc_read.32
                0x00000000c001b8d8                Sys::read(regs*)
 .text          0x00000000c001b940       0x55 sys/sc_sbrk.32
                0x00000000c001b940                Sys::sbrk(regs*)
 .text          0x00000000c001b995       0x1c sys/sc_setcwd.32
                0x00000000c001b995                Sys::setCwd(regs*)
 .text          0x00000000c001b9b1      0x128 sys/sc_settime.32
                0x00000000c001b9b1                Sys::setTime(regs*)
 .text          0x00000000c001bad9       0x4a sys/sc_timezone.32
                0x00000000c001bad9                Sys::timezone(regs*)
 .text          0x00000000c001bb23       0x68 sys/sc_write.32
                0x00000000c001bb23                Sys::write(regs*)
 .text          0x00000000c001bb8b       0x62 sys/sc_wsbe.32
                0x00000000c001bb8b                Sys::wsbe(regs*)
 .text          0x00000000c001bbed       0x46 sys/sc_yield.32
                0x00000000c001bbed                Sys::yield(regs*)
 .text          0x00000000c001bc33     0x1101 sys/syscalls.32
                0x00000000c001bc33                sysCallSeekDir(regs*)
                0x00000000c001bc38                sysCallTellDir(regs*)
                0x00000000c001bc3d                sysCallVerify(regs*)
                0x00000000c001bc47                sysFormatDisk(regs*)
                0x00000000c001bcb1                sysSetDiskVolumeLabel(regs*)
                0x00000000c001bcf7                sysGetDiskVolumeLabel(regs*)
                0x00000000c001bd48                sysShutdown(regs*)
                0x00000000c001bda6                sysCallRealpath(regs*)
                0x00000000c001bde9                sysCallGetArgc(regs*)
                0x00000000c001be17                sysCallReadDir(regs*)
                0x00000000c001bea5                sysCallIsATTY(regs*)
                0x00000000c001beff                sysCallSeek(regs*)
                0x00000000c001bf68                sysCallTell(regs*)
                0x00000000c001bfe5                sysCallSize(regs*)
                0x00000000c001c068                sysCallSizeFromFilename(regs*)
                0x00000000c001c128                sysCallClose(regs*)
                0x00000000c001c1b0                sysCallOpenDir(regs*)
                0x00000000c001c225                sysCallCloseDir(regs*)
                0x00000000c001c28b                sysCallMakeDir(regs*)
                0x00000000c001c2fb                sysCallWait(regs*)
                0x00000000c001c315                sysCallNotImpl(regs*)
                0x00000000c001c330                sysPanic(regs*)
                0x00000000c001c356                sysCallRmdir(regs*)
                0x00000000c001c3ba                sysCallUnlink(regs*)
                0x00000000c001c41e                sysCallGetArgv(regs*)
                0x00000000c001c46a                sysCallTTYName(regs*)
                0x00000000c001c4ed                sysCallUSleep(regs*)
                0x00000000c001c514                sysCallSpawn(regs*)
                0x00000000c001c589                sysCallGetEnv(regs*)
                0x00000000c001c6c1                sysAppSettings(regs*)
                0x00000000c001c7d5                sysSetFatAttrib(regs*)
                0x00000000c001c847                sysPipe(regs*)
                0x00000000c001c88c                sysGetUnixTime(regs*)
                0x00000000c001c8a0                string_ends_with(char const*, char const*)
                0x00000000c001c8e8                sysCallOpen(regs*)
                0x00000000c001cafd                Sys::loadSyscalls()
                0x00000000c001ccf2                Sys::systemCall(regs*, void*)
 .text          0x00000000c001cd34     0x11fd thr/elf.32
                0x00000000c001cd34                Thr::allocateMemoryForTask(Process*, File*, unsigned long, unsigned long, unsigned long)
                0x00000000c001cfde                Thr::loadProgramIntoMemory(Process*, char const*)
                0x00000000c001d1f4                Thr::runtimeReferenceHelper()
                0x00000000c001d207                Thr::getAddressOfKernelSymbol(char const*)
                0x00000000c001d256                Thr::loadKernelSymbolTable(char const*)
                0x00000000c001d514                Thr::loadDriverIntoMemory(char const*, unsigned long, bool)
                0x00000000c001dc4a                Thr::getDriverBaseFromAddress(unsigned long)
                0x00000000c001dc7c                Thr::getDriverNameFromAddress(unsigned long)
                0x00000000c001dcb3                Thr::getDriverOffsetFromAddress(unsigned long)
                0x00000000c001dccd                Thr::loadDLL(char const*, bool)
                0x00000000c001def8                Thr::executeDLL(unsigned long, void*)
 *fill*         0x00000000c001df31        0x1 
 .text          0x00000000c001df32     0x1315 thr/prcssthr.32
                0x00000000c001df32                userModeEntryPoint(void*)
                0x00000000c001df58                changeTSS
                0x00000000c001df88                switchToThread(ThreadControlBlock*)
                0x00000000c001e032                Process::addArgs(char**)
                0x00000000c001e08c                Process::Process(char const*, Process*, char**)
                0x00000000c001e08c                Process::Process(char const*, Process*, char**)
                0x00000000c001e270                Process::Process(bool, char const*, Process*, char**)
                0x00000000c001e270                Process::Process(bool, char const*, Process*, char**)
                0x00000000c001e41f                taskStartupFunction
                0x00000000c001e428                Semaphore::Semaphore(int)
                0x00000000c001e428                Semaphore::Semaphore(int)
                0x00000000c001e456                Mutex::Mutex()
                0x00000000c001e456                Mutex::Mutex()
                0x00000000c001e468                Process::createThread(void (*)(void*), void*, int)
                0x00000000c001e56e                Process::createUserThread()
                0x00000000c001e58a                setupMultitasking(void (*)())
                0x00000000c001e6ac                schedule()
                0x00000000c001e732                Semaphore::tryAcquire()
                0x00000000c001e7ee                Semaphore::assertLocked(char const*)
                0x00000000c001e85d                blockTaskWithSchedulerLockAlreadyHeld(TaskState)
                0x00000000c001e8ab                blockTask(TaskState)
                0x00000000c001e8d8                waitTask(int, int*, int)
                0x00000000c001e91a                nanoSleepUntil(unsigned long long)
                0x00000000c001e9af                nanoSleep(unsigned long long)
                0x00000000c001e9c7                sleep(unsigned long long)
                0x00000000c001e9e4                Semaphore::acquire()
                0x00000000c001ea86                taskReturned
                0x00000000c001eac1                Thr::processFromPID(int)
                0x00000000c001eb70                unblockTask(ThreadControlBlock*)
                0x00000000c001ec1d                cleanupTerminatedTask(ThreadControlBlock*)
                0x00000000c001eee6                cleanerTaskFunction(void*)
                0x00000000c001efdf                terminateTask(int)
                0x00000000c001f111                Thr::terminateFromIRQ(int)
                0x00000000c001f11e                Semaphore::release()
 .text          0x00000000c001f247      0xc53 vm86/vm8086.32
                0x00000000c001f247                Vm::inbv(unsigned short)
                0x00000000c001f25a                Vm::outbv(unsigned short, unsigned char)
                0x00000000c001f2ad                Vm::realToLinear(unsigned short, unsigned short)
                0x00000000c001f2bd                Vm::getSegment(unsigned int)
                0x00000000c001f2c5                Vm::getOffset(unsigned int)
                0x00000000c001f2ca                Vm::mainloop2()
                0x00000000c001f304                Vm::mainVm8086Loop(void*)
                0x00000000c001f314                Vm::mainloop3(unsigned long)
                0x00000000c001f33a                Vm::initialise8086()
                0x00000000c001f37d                Vm::finish8086()
                0x00000000c001f3de                Vm::getOutput8086(unsigned char*)
                0x00000000c001f403                Vm::start8086(char const*, unsigned short, unsigned short, unsigned short, unsigned short)
                0x00000000c001f56b                Vm::doISR(regs*, int, unsigned char*, unsigned short, unsigned short)
                0x00000000c001f5f5                Vm::readByteFromReal(unsigned short, unsigned short)
                0x00000000c001f606                Vm::readWordFromReal(unsigned short, unsigned short)
                0x00000000c001f618                Vm::readDwordFromReal(unsigned short, unsigned short)
                0x00000000c001f629                Vm::writeByteFromReal(unsigned short, unsigned short, unsigned char)
                0x00000000c001f63e                Vm::writeWordFromReal(unsigned short, unsigned short, unsigned short)
                0x00000000c001f654                Vm::writeDwordFromReal(unsigned short, unsigned short, unsigned int)
                0x00000000c001f669                Vm::faultHandler(regs*)
 .text          0x00000000c001fe9a      0xefd vm86/x87em.32
                0x00000000c001fe9a                Vm::fpuInternalTo32(unsigned long long)
                0x00000000c001fef5                Vm::fpuInternalTo64(unsigned long long)
                0x00000000c001fefe                Vm::fpu32ToInternal(unsigned int)
                0x00000000c001ff43                Vm::fpu64ToInternal(unsigned long long)
                0x00000000c001ff4c                Vm::fpuFloatToLong(unsigned long long)
                0x00000000c001ffa7                Vm::fpuULongToFloat(unsigned long long)
                0x00000000c001ffdd                Vm::fpuLongToFloat(long long)
                0x00000000c0020033                Vm::fpuGet0()
                0x00000000c0020038                Vm::fpuGet1()
                0x00000000c0020040                Vm::fpuGetPi()
                0x00000000c0020048                Vm::fpuGetLog2E()
                0x00000000c0020060                Vm::fpuGetLogE2()
                0x00000000c0020078                Vm::fpuGetLog210()
                0x00000000c0020090                Vm::fpuGetLog102()
                0x00000000c00200a8                Vm::fpuIsSecondLarger(unsigned long long, unsigned long long)
                0x00000000c00200bc                Vm::fpuAreEqual(unsigned long long, unsigned long long)
                0x00000000c00200d2                Vm::fpuUnorderedCompare(unsigned long long, unsigned long long)
                0x00000000c0020125                Vm::fpuAdd(unsigned long long, unsigned long long)
                0x00000000c0020136                Vm::fpuAbs(unsigned long long)
                0x00000000c002013f                Vm::fpuChs(unsigned long long)
                0x00000000c002014f                Vm::fpuSub(unsigned long long, unsigned long long)
                0x00000000c002015e                Vm::fpuMultiply(unsigned long long, unsigned long long)
                0x00000000c002017d                Vm::fpuDivide(unsigned long long, unsigned long long)
                0x00000000c0020199                Vm::fpuSquare(unsigned long long)
                0x00000000c00201af                Vm::fpuGetReg(int)
                0x00000000c00201f2                Vm::fpuSetReg(int, unsigned long long)
                0x00000000c002023d                Vm::fpuPush(unsigned long long)
                0x00000000c002029a                Vm::fpuPop()
                0x00000000c00202ec                Vm::x87Handler(regs*)
 *fill*         0x00000000c0020d97        0x1 
 .text          0x00000000c0020d98     0x1203 fs/fat/vfslink.32
                0x00000000c0020d98                FAT::getName()
                0x00000000c0020d9e                FAT::tell(void*, unsigned long long*)
                0x00000000c0020dd2                FAT::stat(void*, unsigned long long*)
                0x00000000c0020e06                FAT::~FAT()
                0x00000000c0020e06                FAT::~FAT()
                0x00000000c0020e2a                FAT::~FAT()
                0x00000000c0020e52                FAT::getlabel(LogicalDisk*, int, char*, unsigned int*)
                0x00000000c0020ef0                FAT::setlabel(LogicalDisk*, int, char*)
                0x00000000c0020faa                FAT::format(LogicalDisk*, int, char const*, int)
                0x00000000c002118e                FAT::tryMount(LogicalDisk*, int)
                0x00000000c0021394                FAT::getFileFirstSector(char const*)
                0x00000000c0021456                FAT::readDir(void*, unsigned long, void*, int*)
                0x00000000c00215b0                FAT::read(void*, unsigned long, void*, int*)
                0x00000000c002160a                FAT::write(void*, unsigned long, void*, int*)
                0x00000000c0021664                FAT::close(void*)
                0x00000000c00216b0                FAT::closeDir(void*)
                0x00000000c00216fc                FAT::seek(void*, unsigned long long)
                0x00000000c0021750                fatWrapperReadDisk
                0x00000000c0021797                fatWrapperWriteDisk
                0x00000000c00217de                fatWrapperIoctl
                0x00000000c00218e2                FAT::FAT()
                0x00000000c00218e2                FAT::FAT()
                0x00000000c0021934                FAT::fixFilepath(char*)
                0x00000000c002196c                FAT::open(char const*, void**, FileOpenMode)
                0x00000000c0021a94                FAT::openDir(char const*, void**)
                0x00000000c0021b3a                FAT::stat(char const*, unsigned long long*, bool*)
                0x00000000c0021c24                FAT::unlink(char const*)
                0x00000000c0021c9e                FAT::chfatattr(char const*, unsigned char, unsigned char)
                0x00000000c0021df2                FAT::rename(char const*, char const*)
                0x00000000c0021eb6                FAT::mkdir(char const*)
                0x00000000c0021f30                FAT::exists(char const*)
 *fill*         0x00000000c0021f9b        0x1 
 .text          0x00000000c0021f9c      0xba5 fs/iso9660/vfslink.32
                0x00000000c0021f9c                ISO9660::format(LogicalDisk*, int, char const*, int)
                0x00000000c0021fa2                ISO9660::seek(void*, unsigned long long)
                0x00000000c0021fd2                ISO9660::tell(void*, unsigned long long*)
                0x00000000c0021ff6                ISO9660::getName()
                0x00000000c0021ffc                ISO9660::stat(void*, unsigned long long*)
                0x00000000c0022020                ISO9660::chfatattr(char const*, unsigned char, unsigned char)
                0x00000000c0022026                ISO9660::unlink(char const*)
                0x00000000c002202c                ISO9660::write(void*, unsigned long, void*, int*)
                0x00000000c0022032                ISO9660::rename(char const*, char const*)
                0x00000000c0022038                ISO9660::mkdir(char const*)
                0x00000000c002203e                ISO9660::close(void*)
                0x00000000c0022060                ISO9660::closeDir(void*)
                0x00000000c0022082                ISO9660::~ISO9660()
                0x00000000c0022082                ISO9660::~ISO9660()
                0x00000000c00220a6                ISO9660::~ISO9660()
                0x00000000c00220cd                __memmem(unsigned char*, int, unsigned char*, int)
                0x00000000c002210f                readSectorFromCDROM(unsigned int, unsigned char*, char)
                0x00000000c002216a                ISO9660::tryMount(LogicalDisk*, int)
                0x00000000c00221ba                ISO9660::read(void*, unsigned long, void*, int*)
                0x00000000c00223be                ISO9660::readDir(void*, unsigned long, void*, int*)
                0x00000000c0022638                readRoot(unsigned int*, unsigned int*, char)
                0x00000000c002268c                readRecursively(char*, unsigned int, unsigned int, unsigned int*, unsigned int*, char, int*)
                0x00000000c002285f                getFileData(char*, unsigned int*, unsigned int*, char, int*)
                0x00000000c00228ee                ISO9660::open(char const*, void**, FileOpenMode)
                0x00000000c00229ae                ISO9660::exists(char const*)
                0x00000000c00229d2                ISO9660::stat(char const*, unsigned long long*, bool*)
                0x00000000c0022a66                ISO9660::openDir(char const*, void**)
                0x00000000c0022b1e                ISO9660::ISO9660()
                0x00000000c0022b1e                ISO9660::ISO9660()
 *fill*         0x00000000c0022b41        0x1 
 .text          0x00000000c0022b42      0x326 hal/sound/sndchannel.32
                0x00000000c0022b42                SoundChannel::~SoundChannel()
                0x00000000c0022b42                SoundChannel::~SoundChannel()
                0x00000000c0022b5e                SoundChannel::setSpeed(float)
                0x00000000c0022b6a                SoundChannel::getSpeed()
                0x00000000c0022b72                SoundChannel::setVolume(int)
                0x00000000c0022b8e                SoundChannel::getVolume()
                0x00000000c0022b96                SoundChannel::pause()
                0x00000000c0022ba0                SoundChannel::SoundChannel(int, int, int, int)
                0x00000000c0022ba0                SoundChannel::SoundChannel(int, int, int, int)
                0x00000000c0022cf6                SoundChannel::play()
                0x00000000c0022d00                SoundChannel::paused()
                0x00000000c0022d08                SoundChannel::getSampleRate()
                0x00000000c0022d10                SoundChannel::getBits()
                0x00000000c0022d18                SoundChannel::getBufferUsed()
                0x00000000c0022d20                SoundChannel::getBufferSize()
                0x00000000c0022d28                SoundChannel::unbuffer(float*, int, int)
                0x00000000c0022dc8                SoundChannel::buffer8(unsigned char*, int)
 .text          0x00000000c0022e68      0x3d5 hal/sound/sndhw.32
                0x00000000c0022e68                SoundDevice::SoundDevice(char const*)
                0x00000000c0022e68                SoundDevice::SoundDevice(char const*)
                0x00000000c0022ed4                SoundDevice::~SoundDevice()
                0x00000000c0022ed4                SoundDevice::~SoundDevice()
                0x00000000c0022f4e                SoundDevice::~SoundDevice()
                0x00000000c0022f78                SoundDevice::getFreeChannelNum()
                0x00000000c0022f92                SoundDevice::addChannel(SoundChannel*)
                0x00000000c0023002                SoundDevice::removeChannel(int)
                0x00000000c0023034                SoundDevice::floatTo8(float*, unsigned char*, int)
                0x00000000c002311c                SoundDevice::getAudio(int, float*, float*)
 .text          0x00000000c002323d        0x0 hw/bus/isa.32
 *fill*         0x00000000c002323d        0x1 
 .text          0x00000000c002323e      0x9a9 hw/bus/pci.32
                0x00000000c002323e                PCI::open(int, int, void*)
                0x00000000c0023252                PCI::close(int, int, void*)
                0x00000000c0023256                PCI::PCI()
                0x00000000c0023256                PCI::PCI()
                0x00000000c00232d6                PCI::readBAR8(unsigned int, int)
                0x00000000c00232f2                PCI::readBAR16(unsigned int, int)
                0x00000000c0023310                PCI::readBAR32(unsigned int, int)
                0x00000000c002332c                PCI::writeBAR8(unsigned int, unsigned char, int)
                0x00000000c002334c                PCI::writeBAR16(unsigned int, unsigned short, int)
                0x00000000c002336e                PCI::writeBAR32(unsigned int, unsigned int, int)
                0x00000000c002338e                PCI::pciReadWord(unsigned char, unsigned char, unsigned char, unsigned char)
                0x00000000c00233d6                PCI::getVendorID(unsigned char, unsigned char, unsigned char)
                0x00000000c00233f8                PCI::getHeaderType(unsigned char, unsigned char, unsigned char)
                0x00000000c002341c                PCI::getClassCode(unsigned char, unsigned char, unsigned char)
                0x00000000c0023460                PCI::getProgIF(unsigned char, unsigned char, unsigned char)
                0x00000000c0023484                PCI::getRevisionID(unsigned char, unsigned char, unsigned char)
                0x00000000c00234a6                PCI::getInterruptNumber(unsigned char, unsigned char, unsigned char)
                0x00000000c00234c8                PCI::getSecondaryBus(unsigned char, unsigned char, unsigned char)
                0x00000000c00234ec                PCI::getBARAddress(unsigned char, unsigned char, unsigned char, unsigned char)
                0x00000000c002354c                PCI::pciWriteWord(unsigned char, unsigned char, unsigned char, unsigned char, unsigned short)
                0x00000000c00235b8                PCI::pciDetailsToFilepath(PCIDeviceInfo, char*)
                0x00000000c00237d0                PCI::checkBus(unsigned char)
                0x00000000c00237f4                PCI::foundDevice(PCIDeviceInfo)
                0x00000000c002397c                PCI::getDeviceData(unsigned char, unsigned char, unsigned char)
                0x00000000c0023b28                PCI::checkDevice(unsigned char, unsigned char)
                0x00000000c0023b94                PCI::detect()
 *fill*         0x00000000c0023be7        0x1 
 .text          0x00000000c0023be8      0xc70 hw/diskctrl/ide.32
                0x00000000c0023be8                IDE::close(int, int, void*)
                0x00000000c0023bec                IDE::IDE()
                0x00000000c0023bec                IDE::IDE()
                0x00000000c0023c20                IDE::prepareInterrupt(unsigned char)
                0x00000000c0023c32                selectDrive(unsigned char, unsigned char)
                0x00000000c0023c34                IDE::getBase(unsigned char)
                0x00000000c0023c46                IDE::write(unsigned char, unsigned char, unsigned char)
                0x00000000c0023d06                IDE::read(unsigned char, unsigned char)
                0x00000000c0023db4                IDE::waitInterrupt(unsigned char)
                0x00000000c0023e1a                ideChannel0IRQHandler(regs*, void*)
                0x00000000c0023e36                ideChannel1IRQHandler(regs*, void*)
                0x00000000c0023e52                IDE::enableIRQs(unsigned char, bool)
                0x00000000c0023e98                IDE::open(int, int, void*)
                0x00000000c00242a8                IDE::readBuffer(unsigned char, unsigned char, unsigned int, unsigned int)
                0x00000000c0024374                IDE::detect()
                0x00000000c002465c                IDE::printError(unsigned char, unsigned char, unsigned char)
                0x00000000c00247f2                IDE::polling(unsigned char, unsigned int)
 .text          0x00000000c0024858      0x390 hw/diskctrl/satabus.32
                0x00000000c0024858                SATABus::close(int, int, void*)
                0x00000000c002485c                SATABus::detect()
                0x00000000c002485e                SATABus::SATABus()
                0x00000000c002485e                SATABus::SATABus()
                0x00000000c002490a                SATABus::findCmdslot(SATABus::tagHBA_PORT volatile*)
                0x00000000c0024952                SATABus::checkType(SATABus::tagHBA_PORT volatile*)
                0x00000000c002499a                SATABus::startCmd(SATABus::tagHBA_PORT volatile*)
                0x00000000c00249ba                SATABus::stopCmd(SATABus::tagHBA_PORT volatile*)
                0x00000000c00249e4                SATABus::portRebase(SATABus::tagHBA_PORT volatile*, int)
                0x00000000c0024aea                SATABus::probePort(SATABus::tagHBA_MEM volatile*)
                0x00000000c0024bc8                SATABus::open(int, int, void*)
 .text          0x00000000c0024be8      0x63c hw/diskphys/ata.32
                0x00000000c0024be8                ATA::close(int, int, void*)
                0x00000000c0024c0c                ATA::powerSaving(PowerSavingLevel)
                0x00000000c0024c0e                ATA::ATA()
                0x00000000c0024c0e                ATA::ATA()
                0x00000000c0024c3c                ATA::flush(bool)
                0x00000000c0024c86                ATA::readyForCommand()
                0x00000000c0024cd6                ATA::access(unsigned long long, int, void*, bool)
                0x00000000c002505e                ATA::read(unsigned long long, int, void*)
                0x00000000c00250c6                ATA::write(unsigned long long, int, void*)
                0x00000000c002512e                ATA::detectCHS()
                0x00000000c0025158                ATA::open(int, int, void*)
 .text          0x00000000c0025224      0x5bd hw/diskphys/atapi.32
                0x00000000c0025224                ATAPI::write(unsigned long long, int, void*)
                0x00000000c002522a                ATAPI::close(int, int, void*)
                0x00000000c002524e                ATAPI::ATAPI()
                0x00000000c002524e                ATAPI::ATAPI()
                0x00000000c002527c                ATAPI::readyForCommand()
                0x00000000c00252cc                ATAPI::sendPacket(unsigned char*, int, bool, unsigned short*, int)
                0x00000000c002558c                ATAPI::diskRemoved()
                0x00000000c00255a8                ATAPI::eject()
                0x00000000c00255f0                ATAPI::diskInserted()
                0x00000000c002561e                ATAPI::detectMedia()
                0x00000000c00256da                ATAPI::open(int, int, void*)
                0x00000000c0025762                ATAPI::read(unsigned long long, int, void*)
 *fill*         0x00000000c00257e1        0x1 
 .text          0x00000000c00257e2      0x451 hw/diskphys/sata.32
                0x00000000c00257e2                SATA::close(int, int, void*)
                0x00000000c0025806                SATA::powerSaving(PowerSavingLevel)
                0x00000000c0025808                SATA::open(int, int, void*)
                0x00000000c00258b2                SATA::SATA()
                0x00000000c00258b2                SATA::SATA()
                0x00000000c00258e0                SATA::access(unsigned long long, int, void*, bool)
                0x00000000c0025b46                SATA::read(unsigned long long, int, void*)
                0x00000000c0025bae                SATA::write(unsigned long long, int, void*)
 *fill*         0x00000000c0025c33        0x1 
 .text          0x00000000c0025c34      0x4fe hw/diskphys/satapi.32
                0x00000000c0025c34                SATAPI::write(unsigned long long, int, void*)
                0x00000000c0025c3a                SATAPI::close(int, int, void*)
                0x00000000c0025c5e                SATAPI::SATAPI()
                0x00000000c0025c5e                SATAPI::SATAPI()
                0x00000000c0025c8c                SATAPI::diskRemoved()
                0x00000000c0025ca8                SATAPI::diskInserted()
                0x00000000c0025cd6                SATAPI::sendPacket(unsigned char*, int, unsigned long long, unsigned short*, int)
                0x00000000c0025ede                SATAPI::eject()
                0x00000000c0025f26                SATAPI::detectMedia()
                0x00000000c0025fe8                SATAPI::open(int, int, void*)
                0x00000000c0026090                SATAPI::read(unsigned long long, int, void*)
 .text          0x00000000c0026132       0x8e hw/fpu/avx.32
                0x00000000c0026132                AVX::open(int, int, void*)
                0x00000000c0026144                AVX::close(int, int, void*)
                0x00000000c0026156                AVX::available()
                0x00000000c0026168                AVX::save(void*)
                0x00000000c0026180                AVX::load(void*)
                0x00000000c0026198                AVX::AVX()
                0x00000000c0026198                AVX::AVX()
 .text          0x00000000c00261c0       0x90 hw/fpu/mmx.32
                0x00000000c00261c0                MMX::available()
                0x00000000c00261d4                MMX::open(int, int, void*)
                0x00000000c00261e6                MMX::close(int, int, void*)
                0x00000000c00261f8                MMX::save(void*)
                0x00000000c0026210                MMX::load(void*)
                0x00000000c0026228                MMX::MMX()
                0x00000000c0026228                MMX::MMX()
 .text          0x00000000c0026250       0x96 hw/fpu/sse.32
                0x00000000c0026250                SSE::open(int, int, void*)
                0x00000000c0026262                SSE::close(int, int, void*)
                0x00000000c0026274                SSE::available()
                0x00000000c002628e                SSE::save(void*)
                0x00000000c00262a6                SSE::load(void*)
                0x00000000c00262be                SSE::SSE()
                0x00000000c00262be                SSE::SSE()
 .text          0x00000000c00262e6       0x8e hw/fpu/x87.32
                0x00000000c00262e6                x87::open(int, int, void*)
                0x00000000c00262f8                x87::close(int, int, void*)
                0x00000000c002630a                x87::available()
                0x00000000c002631c                x87::save(void*)
                0x00000000c0026334                x87::load(void*)
                0x00000000c002634c                x87::x87()
                0x00000000c002634c                x87::x87()
 .text          0x00000000c0026374      0x71e hw/intctrl/apic.32
                0x00000000c0026374                APIC::disable()
                0x00000000c0026376                APIC::close(int, int, void*)
                0x00000000c0026398                IOAPIC::close(int, int, void*)
                0x00000000c002639e                APIC::io_wait()
                0x00000000c00263a4                APIC::getBase()
                0x00000000c00263e6                APIC::eoi(unsigned char)
                0x00000000c0026414                APIC::open(int, int, void*)
                0x00000000c0026562                IOAPIC::IOAPIC()
                0x00000000c0026562                IOAPIC::IOAPIC()
                0x00000000c002658a                APIC::APIC()
                0x00000000c002658a                APIC::APIC()
                0x00000000c0026666                IOAPIC::handlesGSIWithNumber(unsigned int)
                0x00000000c0026698                IOAPIC::read(int)
                0x00000000c00266c0                IOAPIC::open(int, int, void*)
                0x00000000c00267b6                IOAPIC::write(int, int)
                0x00000000c00267e2                IOAPIC::redirect(unsigned char, unsigned long long, unsigned char, bool, bool)
                0x00000000c00268dc                APIC::installIRQHandler(int, void (*)(regs*, void*), bool, void*)
 .text          0x00000000c0026a92      0x3d3 hw/intctrl/pic.32
                0x00000000c0026a92                PIC::disable()
                0x00000000c0026ac0                PIC::close(int, int, void*)
                0x00000000c0026ae2                PIC::PIC()
                0x00000000c0026ae2                PIC::PIC()
                0x00000000c0026bb8                PIC::ioWait()
                0x00000000c0026bbe                PIC::getIRQReg(int)
                0x00000000c0026c28                PIC::eoi(unsigned char)
                0x00000000c0026cba                PIC::remap()
                0x00000000c0026e26                PIC::open(int, int, void*)
 *fill*         0x00000000c0026e65        0x1 
 .text          0x00000000c0026e66      0x25e hw/timer/apictimer.32
                0x00000000c0026e66                APICTimer::close(int, int, void*)
                0x00000000c0026e6c                apicTimerHandler(regs*, void*)
                0x00000000c0026e9a                APICTimer::write(int)
                0x00000000c0026f9e                APICTimer::open(int, int, void*)
                0x00000000c002709c                APICTimer::APICTimer()
                0x00000000c002709c                APICTimer::APICTimer()
 .text          0x00000000c00270c4      0x1a7 hw/timer/pit.32
                0x00000000c00270c4                PIT::write(int)
                0x00000000c0027142                pitHandler(regs*, void*)
                0x00000000c002716e                PIT::open(int, int, void*)
                0x00000000c00271bc                PIT::close(int, int, void*)
                0x00000000c00271ec                PIT::PIT()
                0x00000000c00271ec                PIT::PIT()
 *fill*         0x00000000c002726b        0x5 
 .text          0x00000000c0027270       0x1e hw/fpu/x86/avx.32
                0x00000000c0027270                avxDetect
                0x00000000c0027276                avxSave
                0x00000000c0027277                avxLoad
                0x00000000c0027278                avxInit
                0x00000000c0027279                avxClose
                0x00000000c002727a                wouldSheSayYes
 *fill*         0x00000000c002728e        0x2 
 .text          0x00000000c0027290       0x35 hw/fpu/x86/sse.32
                0x00000000c0027290                absolutelyNoChanceInHell
                0x00000000c0027290                sseDetect
                0x00000000c00272a8                sseSave
                0x00000000c00272ae                sseLoad
                0x00000000c00272b4                sseInit
                0x00000000c00272c4                sseClose
 *fill*         0x00000000c00272c5        0xb 
 .text          0x00000000c00272d0       0x4d hw/fpu/x86/x87.32
                0x00000000c00272d6                x87Detect
                0x00000000c00272f1                x87Save
                0x00000000c00272fa                x87Load
                0x00000000c0027302                x87Init
                0x00000000c002731c                x87Close
 *fill*         0x00000000c002731d        0x3 
 .text          0x00000000c0027320       0x25 /cygdrive/d/Users/Alex/Desktop/Toolchain/Output/bin/../lib/gcc/i386-banana/8.1.0/crtend.o
 .text          0x00000000c0027345        0x0 crtn.32
 *fill*         0x00000000c0027345        0x3 
 .text          0x00000000c0027348      0x14b /cygdrive/d/Users/Alex/Desktop/Toolchain/Output/bin/../lib/gcc/i386-banana/8.1.0/libkgcc.a(_divdi3.o)
                0x00000000c0027348                __divdi3
 *fill*         0x00000000c0027493        0x1 
 .text          0x00000000c0027494      0x17e /cygdrive/d/Users/Alex/Desktop/Toolchain/Output/bin/../lib/gcc/i386-banana/8.1.0/libkgcc.a(_moddi3.o)
                0x00000000c0027494                __moddi3
 *fill*         0x00000000c0027612        0x2 