Archive member included to satisfy reference by file (symbol)

/cygdrive/d/Users/Alex/Desktop/Toolchain/Output/bin/../lib/gcc/i386-banana/8.1.0/libgcc.a(_divdi3.o)
                              fs/fat/ff.32 (__divdi3)
/cygdrive/d/Users/Alex/Desktop/Toolchain/Output/bin/../lib/gcc/i386-banana/8.1.0/libgcc.a(_moddi3.o)
                              acpica/osl.32 (__moddi3)
/cygdrive/d/Users/Alex/Desktop/Toolchain/Output/bin/../lib/gcc/i386-banana/8.1.0/libgcc.a(_udivdi3.o)
                              acpica/utmath.32 (__udivdi3)
/cygdrive/d/Users/Alex/Desktop/Toolchain/Output/bin/../lib/gcc/i386-banana/8.1.0/libgcc.a(_umoddi3.o)
                              acpica/utmath.32 (__umoddi3)
D:/Users/Alex/Desktop/Banana/kernel/libk/libm32.a(s_fabs.c.o)
                              hal/libresample/samplerate.32 (fabs)
D:/Users/Alex/Desktop/Banana/kernel/libk/libm32.a(s_lrint.S.o)
                              hal/libresample/samplerate.32 (lrint)
D:/Users/Alex/Desktop/Banana/kernel/libk/libm32.a(s_lrintf.S.o)
                              hal/sound/sndhw.32 (lrintf)

Allocating common symbols
Common symbol       size              file

AcpiGbl_StateCache  0x4               acpica/utglobal.32
AcpiGbl_OwnerIdMask
                    0x200             acpica/utglobal.32
AcpiGbl_StepToNextCall
                    0x1               acpica/utglobal.32
AcpiGbl_RootTableList
                    0x10              acpica/utglobal.32
AcpiGbl_FadtGpeDevice
                    0x4               acpica/utglobal.32
AcpiGbl_GpeXruptListHead
                    0x4               acpica/utglobal.32
AcpiGbl_GlobalLockHandle
                    0x2               acpica/utglobal.32
AcpiGbl_RootNodeStruct
                    0x1c              acpica/utglobal.32
AcpiGbl_FACS        0x4               acpica/utglobal.32
AcpiGbl_AllGpesInitialized
                    0x1               acpica/utglobal.32
AcpiGbl_GlobalLockMutex
                    0x4               acpica/utglobal.32
AcpiGbl_IntegerByteWidth
                    0x1               acpica/utglobal.32
AcpiGbl_Pm1EnableRegisterSave
                    0x2               acpica/utglobal.32
AcpiGbl_NsLookupCount
                    0x4               acpica/utglobal.32
AcpiCurrentGpeCount
                    0x4               acpica/utglobal.32
AcpiGbl_IntegerBitWidth
                    0x1               acpica/utglobal.32
AcpiGbl_NamespaceCache
                    0x4               acpica/utglobal.32
AcpiGbl_TableHandler
                    0x4               acpica/utglobal.32
AcpiGbl_HardwareLock
                    0x4               acpica/utglobal.32
AcpiGbl_FixedEventHandlers
                    0x28              acpica/utglobal.32
AcpiSciCount        0x4               acpica/utglobal.32
AcpiGbl_DSDT        0x4               acpica/utglobal.32
AcpiGbl_GlobalNotify
                    0x10              acpica/utglobal.32
AcpiGbl_GlobalLockSemaphore
                    0x4               acpica/utglobal.32
AcpiGbl_SystemAwakeAndRunning
                    0x1               acpica/utglobal.32
AcpiGbl_InterfaceHandler
                    0x4               acpica/utglobal.32
AcpiGbl_EventsInitialized
                    0x1               acpica/utglobal.32
AcpiGbl_SupportedInterfaces
                    0x4               acpica/utglobal.32
AcpiGbl_GpeLock     0x4               acpica/utglobal.32
AcpiGbl_SleepTypeB  0x1               acpica/utglobal.32
AcpiGbl_InitHandler
                    0x4               acpica/utglobal.32
AcpiGbl_GlobalLockAcquired
                    0x1               acpica/utglobal.32
AcpiGbl_XPm1bEnable
                    0xc               acpica/utglobal.32
AcpiGbl_OriginalDsdtHeader
                    0x24              acpica/utglobal.32
AcpiGbl_ReferenceCountLock
                    0x4               acpica/utglobal.32
AcpiGpeCount        0x4               acpica/utglobal.32
AcpiGbl_TableHandlerContext
                    0x4               acpica/utglobal.32
AcpiGbl_XPm1aStatus
                    0xc               acpica/utglobal.32
AcpiGbl_OriginalMode
                    0x4               acpica/utglobal.32
AcpiGbl_CmSingleStep
                    0x1               acpica/utglobal.32
AcpiGbl_GlobalEventHandlerContext
                    0x4               acpica/utglobal.32
AcpiGbl_PsFindCount
                    0x4               acpica/utglobal.32
AcpiFixedEventCount
                    0x14              acpica/utglobal.32
AcpiGbl_AcpiHardwarePresent
                    0x1               acpica/utglobal.32
AcpiGbl_MutexInfo   0x60              acpica/utglobal.32
AcpiGbl_RootNode    0x4               acpica/utglobal.32
AcpiGbl_AddressRangeList
                    0x8               acpica/utglobal.32
AcpiGbl_FADT        0x114             acpica/utglobal.32
AcpiGbl_IntegerNybbleWidth
                    0x1               acpica/utglobal.32
AcpiGbl_XPm1aEnable
                    0xc               acpica/utglobal.32
AcpiGbl_OperandCache
[...]
Memory Configuration

Name             Origin             Length             Attributes
*default*        0x0000000000000000 0xffffffffffffffff

Linker script and memory map

LOAD D:/Users/Alex/Desktop/Banana/kernel/boot.32
LOAD crti.32
LOAD /cygdrive/d/Users/Alex/Desktop/Toolchain/Output/bin/../lib/gcc/i386-banana/8.1.0/crtbegin.o
LOAD D:/Users/Alex/Desktop/Banana/kernel/morenasm.32
LOAD acpica/dsargs.32
LOAD acpica/dscontrol.32
LOAD acpica/dsdebug.32
LOAD acpica/dsfield.32
LOAD acpica/dsinit.32
LOAD acpica/dsmethod.32
LOAD acpica/dsmthdat.32
LOAD acpica/dsobject.32
LOAD acpica/dsopcode.32
LOAD acpica/dspkginit.32
LOAD acpica/dsutils.32
LOAD acpica/dswexec.32
LOAD acpica/dswload.32
LOAD acpica/dswload2.32
LOAD acpica/dswscope.32
LOAD acpica/dswstate.32
LOAD acpica/evevent.32
LOAD acpica/evglock.32
LOAD acpica/evgpe.32
LOAD acpica/evgpeblk.32
LOAD acpica/evgpeinit.32
LOAD acpica/evgpeutil.32
LOAD acpica/evhandler.32
LOAD acpica/evmisc.32
LOAD acpica/evregion.32
LOAD acpica/evrgnini.32
LOAD acpica/evsci.32
LOAD acpica/evxface.32
LOAD acpica/evxfevnt.32
LOAD acpica/evxfgpe.32
LOAD acpica/evxfregn.32
LOAD acpica/exconcat.32
LOAD acpica/exconfig.32
LOAD acpica/exconvrt.32
LOAD acpica/excreate.32
LOAD acpica/exdebug.32
LOAD acpica/exdump.32
LOAD acpica/exfield.32
LOAD acpica/exfldio.32
LOAD acpica/exmisc.32
LOAD acpica/exmutex.32
LOAD acpica/exnames.32
LOAD acpica/exoparg1.32
LOAD acpica/exoparg2.32
LOAD acpica/exoparg3.32
LOAD acpica/exoparg6.32
LOAD acpica/exprep.32
LOAD acpica/exregion.32
LOAD acpica/exresnte.32
LOAD acpica/exresolv.32
LOAD acpica/exresop.32
LOAD acpica/exserial.32
LOAD acpica/exstore.32
LOAD acpica/exstoren.32
LOAD acpica/exstorob.32
LOAD acpica/exsystem.32
LOAD acpica/extrace.32
LOAD acpica/exutils.32
LOAD acpica/hwacpi.32
LOAD acpica/hwesleep.32
LOAD acpica/hwgpe.32
LOAD acpica/hwpci.32
LOAD acpica/hwregs.32
LOAD acpica/hwsleep.32
LOAD acpica/hwtimer.32
LOAD acpica/hwvalid.32
LOAD acpica/hwxface.32
LOAD acpica/hwxfsleep.32
LOAD acpica/nsaccess.32
LOAD acpica/nsalloc.32
LOAD acpica/nsarguments.32
LOAD acpica/nsconvert.32
LOAD acpica/nsdump.32
LOAD acpica/nsdumpdv.32
LOAD acpica/nseval.32
LOAD acpica/nsinit.32
LOAD acpica/nsload.32
LOAD acpica/nsnames.32
LOAD acpica/nsobject.32
LOAD acpica/nsparse.32
LOAD acpica/nspredef.32
LOAD acpica/nsprepkg.32
LOAD acpica/nsrepair.32
LOAD acpica/nsrepair2.32
LOAD acpica/nssearch.32
LOAD acpica/nsutils.32
LOAD acpica/nswalk.32
LOAD acpica/nsxfeval.32
LOAD acpica/nsxfname.32
LOAD acpica/nsxfobj.32
LOAD acpica/psargs.32
LOAD acpica/psloop.32
LOAD acpica/psobject.32
LOAD acpica/psopcode.32
LOAD acpica/psopinfo.32
LOAD acpica/psparse.32
LOAD acpica/psscope.32
LOAD acpica/pstree.32
LOAD acpica/psutils.32
LOAD acpica/pswalk.32
LOAD acpica/psxface.32
LOAD acpica/rsaddr.32
LOAD acpica/rscalc.32
LOAD acpica/rscreate.32
LOAD acpica/rsdump.32
LOAD acpica/rsdumpinfo.32
LOAD acpica/rsinfo.32
LOAD acpica/rsio.32
LOAD acpica/rsirq.32
LOAD acpica/rslist.32
LOAD acpica/rsmemory.32
LOAD acpica/rsmisc.32
LOAD acpica/rsserial.32
LOAD acpica/rsutils.32
LOAD acpica/rsxface.32
LOAD acpica/tbdata.32
LOAD acpica/tbfadt.32
LOAD acpica/tbfind.32
LOAD acpica/tbinstal.32
LOAD acpica/tbprint.32
LOAD acpica/tbutils.32
LOAD acpica/tbxface.32
LOAD acpica/tbxfload.32
LOAD acpica/tbxfroot.32
LOAD acpica/utaddress.32
LOAD acpica/utalloc.32
LOAD acpica/utascii.32
LOAD acpica/utbuffer.32
LOAD acpica/utcache.32
LOAD acpica/utclib.32
LOAD acpica/utcopy.32
LOAD acpica/utdebug.32
LOAD acpica/utdecode.32
LOAD acpica/utdelete.32
LOAD acpica/uterror.32
LOAD acpica/uteval.32
LOAD acpica/utexcep.32
LOAD acpica/utglobal.32
LOAD acpica/uthex.32
LOAD acpica/utids.32
LOAD acpica/utinit.32
LOAD acpica/utlock.32
LOAD acpica/utmath.32
LOAD acpica/utmisc.32
LOAD acpica/utmutex.32
LOAD acpica/utnonansi.32
LOAD acpica/utobject.32
LOAD acpica/utosi.32
LOAD acpica/utownerid.32
LOAD acpica/utpredef.32
LOAD acpica/utprint.32
LOAD acpica/utresdecode.32
LOAD acpica/utresrc.32
LOAD acpica/utstate.32
LOAD acpica/utstring.32
LOAD acpica/utstrsuppt.32
LOAD acpica/utstrtoul64.32
LOAD acpica/uttrack.32
LOAD acpica/utuuid.32
LOAD acpica/utxface.32
LOAD acpica/utxferror.32
LOAD acpica/utxfinit.32
LOAD acpica/utxfmutex.32
LOAD core/malloc.32
LOAD libk/string.32
LOAD fs/fat/diskio.32
LOAD fs/fat/ff.32
LOAD fs/fat/ffsystem.32
LOAD fs/fat/ffunicode.32
LOAD hal/libresample/samplerate.32
LOAD hal/libresample/src_linear.32
LOAD hal/libresample/src_sinc.32
LOAD hal/libresample/src_zoh.32
LOAD acpica/osl.32
LOAD core/computer.32
LOAD core/elf.32
LOAD core/gdt.32
LOAD core/idle.32
LOAD core/idt.32
LOAD core/kconsole.32
LOAD core/kheap.32
LOAD core/main.32
LOAD core/physmgr.32
LOAD core/pipe.32
LOAD core/prcssthr.32
LOAD core/syscalls.32
LOAD core/terminal.32
LOAD core/tss.32
LOAD core/unixfile.32
LOAD core/virtmgr.32
LOAD coreobjs/c++.32
LOAD debugger/debug.32
LOAD fs/vfs.32
LOAD hal/bus.32
LOAD hal/buzzer.32
LOAD hal/clock.32
LOAD hal/device.32
LOAD hal/diskctrl.32
LOAD hal/diskphys.32
LOAD hal/fpu.32
LOAD hal/intctrl.32
LOAD hal/keybrd.32
LOAD hal/logidisk.32
LOAD hal/partition.32
LOAD hal/timer.32
LOAD hal/vcache.32
LOAD hw/acpi.32
LOAD hw/cpu.32
LOAD hw/ports.32
LOAD registry/registry.32
LOAD syscalls/sc_exit.32
LOAD syscalls/sc_sbrk.32
LOAD syscalls/sc_yield.32
LOAD vm86/vm8086.32
LOAD fs/fat/vfslink.32
LOAD fs/iso9660/vfslink.32
LOAD hal/sound/sndchannel.32
LOAD hal/sound/sndhw.32
LOAD hw/audio/sb16.32
LOAD hw/bus/isa.32
LOAD hw/bus/pci.32
LOAD hw/bus/ps2.32
LOAD hw/bus/ps2port.32
LOAD hw/buzzer/pcspk.32
LOAD hw/clock/rtc.32
LOAD hw/diskctrl/ide.32
LOAD hw/diskphys/ata.32
LOAD hw/diskphys/atapi.32
LOAD hw/dma/isadma.32
LOAD hw/fpu/avx.32
LOAD hw/fpu/mmx.32
LOAD hw/fpu/sse.32
LOAD hw/fpu/x87.32
LOAD hw/intctrl/apic.32
LOAD hw/intctrl/pic.32
LOAD hw/keybrd/ps2key.32
LOAD hw/timer/apictimer.32
LOAD hw/timer/pit.32
LOAD hw/fpu/x86/avx.32
LOAD hw/fpu/x86/sse.32
LOAD hw/fpu/x86/x87.32
LOAD /cygdrive/d/Users/Alex/Desktop/Toolchain/Output/bin/../lib/gcc/i386-banana/8.1.0/crtend.o
LOAD crtn.32
LOAD /cygdrive/d/Users/Alex/Desktop/Toolchain/Output/bin/../lib/gcc/i386-banana/8.1.0/libgcc.a
LOAD D:/Users/Alex/Desktop/Banana/kernel/libk/libm32.a
                0x00000000c0000000                . = 0xc0000000

.text           0x00000000c0000000    0x50c38
 *(.text)
 .text          0x00000000c0000000       0x3b D:/Users/Alex/Desktop/Banana/kernel/boot.32
                0x00000000c0000020                callGlobalConstructors
 .text          0x00000000c000003b        0x0 crti.32
 *fill*         0x00000000c000003b        0x1 
 .text          0x00000000c000003c      0x101 /cygdrive/d/Users/Alex/Desktop/Toolchain/Output/bin/../lib/gcc/i386-banana/8.1.0/crtbegin.o
 *fill*         0x00000000c000013d        0x3 
 .text          0x00000000c0000140      0x44b D:/Users/Alex/Desktop/Banana/kernel/morenasm.32
                0x00000000c0000140                doTPAUSE
                0x00000000c000014a                hasLegacyFPU
                0x00000000c000016f                is486
                0x00000000c00001d2                goToVM86
                0x00000000c0000203                goToUsermode
                0x00000000c000022e                switchToThreadASMFirstTime
                0x00000000c000023c                switchToThreadASM
                0x00000000c00002dc                detectCPUID
                0x00000000c00002f2                asmQuickAcquireLock
                0x00000000c0000310                asmQuickReleaseLock
                0x00000000c000031c                asmAcquireLock
                0x00000000c000033d                asmReleaseLock
                0x00000000c0000350                loadGDT
                0x00000000c0000370                isr0
                0x00000000c0000380                isr1
                0x00000000c000038a                isr2
                0x00000000c0000394                isr3
                0x00000000c000039e                isr4
                0x00000000c00003a8                isr5
                0x00000000c00003b2                isr6
                0x00000000c00003bc                isr7
                0x00000000c00003c6                isr8
                0x00000000c00003ce                isr9
                0x00000000c00003d8                isr10
                0x00000000c00003e0                isr11
                0x00000000c00003e8                isr12
                0x00000000c00003f0                isr13
                0x00000000c00003f8                isr14
                0x00000000c0000400                isr15
                0x00000000c000040a                isr16
                0x00000000c0000414                isr17
                0x00000000c000041e                isr18
                0x00000000c0000428                isr96
                0x00000000c0000432                irq0
                0x00000000c000043c                irq1
                0x00000000c0000446                irq2
                0x00000000c0000450                irq3
                0x00000000c000045a                irq4
                0x00000000c0000464                irq5
                0x00000000c000046e                irq6
                0x00000000c0000478                irq7
                0x00000000c0000482                irq8
                0x00000000c000048c                irq9
                0x00000000c0000496                irq10
                0x00000000c00004a0                irq11
                0x00000000c00004aa                irq12
                0x00000000c00004b4                irq13
                0x00000000c00004be                irq14
                0x00000000c00004c8                irq15
                0x00000000c00004d2                irq16
                0x00000000c00004dc                irq17
                0x00000000c00004e6                irq18
                0x00000000c00004f0                irq19
                0x00000000c00004fa                irq20
                0x00000000c0000504                irq21
                0x00000000c000050e                irq22
                0x00000000c0000518                irq23
                0x00000000c0000522                int_common_stub
                0x00000000c0000552                syscall_common_stub
 .text          0x00000000c000058b      0x3da acpica/dsargs.32
                0x00000000c000071a                AcpiDsGetBufferFieldArguments
                0x00000000c0000779                AcpiDsGetBankFieldArguments
                0x00000000c00007d8                AcpiDsGetBufferArguments
                0x00000000c0000849                AcpiDsGetPackageArguments
                0x00000000c00008ba                AcpiDsGetRegionArguments
 .text          0x00000000c0000965      0x47a acpica/dscontrol.32
                0x00000000c0000967                AcpiDsExecBeginControlOp
                0x00000000c0000a97                AcpiDsExecEndControlOp
 .text          0x00000000c0000ddf        0x2 acpica/dsdebug.32
                0x00000000c0000ddf                AcpiDsDumpMethodStack
 .text          0x00000000c0000de1      0x9f6 acpica/dsfield.32
                0x00000000c0000de1                AcpiDsCreateBufferField
                0x00000000c00012d7                AcpiDsCreateField
                0x00000000c00013e1                AcpiDsInitFieldObjects
                0x00000000c0001582                AcpiDsCreateBankField
                0x00000000c00016b6                AcpiDsCreateIndexField
 .text          0x00000000c00017d7      0x22d acpica/dsinit.32
                0x00000000c0001952                AcpiDsInitializeObjects
 .text          0x00000000c0001a04      0x9d7 acpica/dsmethod.32
                0x00000000c0001a53                AcpiDsAutoSerializeMethod
                0x00000000c0001b5c                AcpiDsMethodError
                0x00000000c0001cb8                AcpiDsBeginMethodExecution
                0x00000000c0001f5b                AcpiDsRestartControlMethod
                0x00000000c0001ffa                AcpiDsTerminateControlMethod
                0x00000000c00021de                AcpiDsCallControlMethod
 .text          0x00000000c00023db      0x743 acpica/dsmthdat.32
                0x00000000c00023db                AcpiDsMethodDataInit
                0x00000000c00025c4                AcpiDsMethodDataDeleteAll
                0x00000000c0002691                AcpiDsMethodDataGetNode
                0x00000000c00027cc                AcpiDsMethodDataInitArgs
                0x00000000c0002843                AcpiDsMethodDataGetValue
                0x00000000c00029d2                AcpiDsStoreObjectToLocal
 .text          0x00000000c0002b1e      0x736 acpica/dsobject.32
                0x00000000c0002b1e                AcpiDsBuildInternalBufferObj
                0x00000000c0002c87                AcpiDsInitObjectFromOp
                0x00000000c000301c                AcpiDsBuildInternalObject
                0x00000000c00031be                AcpiDsCreateNode
 .text          0x00000000c0003254      0xa93 acpica/dsopcode.32
                0x00000000c0003254                AcpiDsInitializeRegion
                0x00000000c0003567                AcpiDsEvalBufferFieldOperands
                0x00000000c00036d8                AcpiDsEvalRegionOperands
                0x00000000c000387d                AcpiDsEvalTableRegionOperands
                0x00000000c0003a37                AcpiDsEvalDataObjectOperands
                0x00000000c0003beb                AcpiDsEvalBankFieldOperands
 .text          0x00000000c0003ce7      0x597 acpica/dspkginit.32
                0x00000000c0003eb9                AcpiDsInitPackageElement
                0x00000000c0003f25                AcpiDsBuildInternalPackageObj
 .text          0x00000000c000427e      0x956 acpica/dsutils.32
                0x00000000c0004280                AcpiDsClearImplicitReturn
                0x00000000c00042c3                AcpiDsDoImplicitReturn
                0x00000000c0004333                AcpiDsIsResultUsed
                0x00000000c00044c5                AcpiDsDeleteResultIfNotUsed
                0x00000000c000453d                AcpiDsResolveOperands
                0x00000000c0004599                AcpiDsClearOperands
                0x00000000c00045ed                AcpiDsCreateOperand
                0x00000000c0004958                AcpiDsCreateOperands
                0x00000000c0004a48                AcpiDsEvaluateNamePath
 .text          0x00000000c0004bd4      0xa84 acpica/dswexec.32
                0x00000000c0004bdc                AcpiDsGetPredicateValue
                0x00000000c0004df8                AcpiDsExecBeginOp
                0x00000000c0004ff5                AcpiDsExecEndOp
 .text          0x00000000c0005658      0x6f7 acpica/dswload.32
                0x00000000c0005658                AcpiDsLoad1BeginOp
                0x00000000c00059c1                AcpiDsLoad1EndOp
                0x00000000c0005c7f                AcpiDsInitCallbacks
 .text          0x00000000c0005d4f      0x901 acpica/dswload2.32
                0x00000000c0005d4f                AcpiDsLoad2BeginOp
                0x00000000c00061be                AcpiDsLoad2EndOp
 .text          0x00000000c0006650      0x161 acpica/dswscope.32
                0x00000000c0006650                AcpiDsScopeStackClear
                0x00000000c0006690                AcpiDsScopeStackPush
                0x00000000c0006757                AcpiDsScopeStackPop
 .text          0x00000000c00067b1      0x8f5 acpica/dswstate.32
                0x00000000c0006841                AcpiDsResultPush
                0x00000000c0006a14                AcpiDsResultPop
                0x00000000c0006b46                AcpiDsObjStackPush
                0x00000000c0006bc5                AcpiDsObjStackPop
                0x00000000c0006c47                AcpiDsObjStackPopAndDelete
                0x00000000c0006cc6                AcpiDsGetCurrentWalkState
                0x00000000c0006cde                AcpiDsPushWalkState
                0x00000000c0006cf8                AcpiDsPopWalkState
                0x00000000c0006d1d                AcpiDsCreateWalkState
                0x00000000c0006db2                AcpiDsInitAmlWalk
                0x00000000c0006f7e                AcpiDsDeleteWalkState
 .text          0x00000000c00070a6      0x307 acpica/evevent.32
                0x00000000c00070a6                AcpiEvInstallXruptHandlers
                0x00000000c00071a4                AcpiEvInitializeEvents
                0x00000000c00072c5                AcpiEvFixedEventDetect
 .text          0x00000000c00073ad      0x2d8 acpica/evglock.32
                0x00000000c000742e                AcpiEvInitGlobalLockHandler
                0x00000000c00074ba                AcpiEvRemoveGlobalLockHandler
                0x00000000c00074f2                AcpiEvAcquireGlobalLock
                0x00000000c0007600                AcpiEvReleaseGlobalLock
 .text          0x00000000c0007685      0x960 acpica/evgpe.32
                0x00000000c0007685                AcpiEvUpdateGpeEnableMask
                0x00000000c00076f3                AcpiEvEnableGpe
                0x00000000c0007711                AcpiEvMaskGpe
                0x00000000c00077e3                AcpiEvAddGpeReference
                0x00000000c0007876                AcpiEvRemoveGpeReference
                0x00000000c00078f1                AcpiEvLowGetGpeInfo
                0x00000000c0007952                AcpiEvGetGpeEventInfo
                0x00000000c00079da                AcpiEvFinishGpe
                0x00000000c0007b99                AcpiEvGpeDispatch
                0x00000000c0007d0b                AcpiEvDetectGpe
                0x00000000c0007e98                AcpiEvGpeDetect
 .text          0x00000000c0007fe5      0x726 acpica/evgpeblk.32
                0x00000000c00080af                AcpiEvDeleteGpeBlock
                0x00000000c000842b                AcpiEvCreateGpeBlock
                0x00000000c00085a0                AcpiEvInitializeGpeBlock
 .text          0x00000000c000870b      0x48d acpica/evgpeinit.32
                0x00000000c000870b                AcpiEvMatchGpeMethod
                0x00000000c00088a2                AcpiEvGpeInitialize
                0x00000000c0008aa4                AcpiEvUpdateGpes
 .text          0x00000000c0008b98      0x407 acpica/evgpeutil.32
                0x00000000c0008b98                AcpiEvWalkGpeList
                0x00000000c0008c37                AcpiEvGetGpeDevice
                0x00000000c0008c98                AcpiEvGetGpeXruptBlock
                0x00000000c0008dc7                AcpiEvDeleteGpeXrupt
                0x00000000c0008e91                AcpiEvDeleteGpeHandlers
 .text          0x00000000c0008f9f      0x4a5 acpica/evhandler.32
                0x00000000c0008f9f                AcpiEvHasDefaultHandler
                0x00000000c0008fff                AcpiEvFindRegionHandler
                0x00000000c0009135                AcpiEvInstallSpaceHandler
                0x00000000c00093ba                AcpiEvInstallRegionHandlers
 .text          0x00000000c0009444      0x32c acpica/evmisc.32
                0x00000000c00094eb                AcpiEvIsNotifyObject
                0x00000000c0009511                AcpiEvQueueNotifyRequest
                0x00000000c0009621                AcpiEvTerminate
 .text          0x00000000c0009770      0x9c7 acpica/evregion.32
                0x00000000c0009770                AcpiEvAddressSpaceDispatch
                0x00000000c0009a71                AcpiEvAttachRegion
                0x00000000c0009ac1                AcpiEvExecuteRegMethod
                0x00000000c0009ca8                AcpiEvDetachRegion
                0x00000000c000a042                AcpiEvExecuteRegMethods
                0x00000000c000a0ae                AcpiEvInitializeOpRegions
 .text          0x00000000c000a137      0x535 acpica/evrgnini.32
                0x00000000c000a137                AcpiEvSystemMemoryRegionSetup
                0x00000000c000a1e4                AcpiEvIoSpaceRegionSetup
                0x00000000c000a207                AcpiEvIsPciRootBridge
                0x00000000c000a2d2                AcpiEvPciConfigRegionSetup
                0x00000000c000a533                AcpiEvPciBarRegionSetup
                0x00000000c000a539                AcpiEvCmosRegionSetup
                0x00000000c000a53f                AcpiEvDefaultRegionSetup
                0x00000000c000a562                AcpiEvInitializeRegion
 .text          0x00000000c000a66c      0x1a4 acpica/evsci.32
                0x00000000c000a66c                AcpiEvSciDispatch
                0x00000000c000a728                AcpiEvGpeXruptHandler
                0x00000000c000a751                AcpiEvInstallSciHandler
                0x00000000c000a787                AcpiEvRemoveAllSciHandlers
 .text          0x00000000c000a810      0xcf1 acpica/evxface.32
                0x00000000c000a810                AcpiInstallNotifyHandler
                0x00000000c000aa6b                AcpiRemoveNotifyHandler
                0x00000000c000ac8f                AcpiInstallExceptionHandler
                0x00000000c000acdc                AcpiInstallSciHandler
                0x00000000c000adca                AcpiRemoveSciHandler
                0x00000000c000aeaf                AcpiInstallGlobalEventHandler
                0x00000000c000af11                AcpiInstallFixedEventHandler
                0x00000000c000afec                AcpiRemoveFixedEventHandler
                0x00000000c000b284                AcpiInstallGpeHandler
                0x00000000c000b2ae                AcpiInstallGpeRawHandler
                0x00000000c000b2d8                AcpiRemoveGpeHandler
                0x00000000c000b468                AcpiAcquireGlobalLock
                0x00000000c000b4c7                AcpiReleaseGlobalLock
 .text          0x00000000c000b501      0x38d acpica/evxfevnt.32
                0x00000000c000b501                AcpiEnable
                0x00000000c000b573                AcpiDisable
                0x00000000c000b5d4                AcpiEnableEvent
                0x00000000c000b6a2                AcpiDisableEvent
                0x00000000c000b76f                AcpiClearEvent
                0x00000000c000b7c4                AcpiGetEventStatus
 .text          0x00000000c000b88e      0xa22 acpica/evxfgpe.32
                0x00000000c000b88e                AcpiUpdateAllGpes
                0x00000000c000b919                AcpiEnableGpe
                0x00000000c000b999                AcpiDisableGpe
                0x00000000c000b9fe                AcpiSetGpe
                0x00000000c000baa9                AcpiMaskGpe
                0x00000000c000bb1b                AcpiMarkGpeForWake
                0x00000000c000bb87                AcpiSetupGpeForWake
                0x00000000c000bd0d                AcpiSetGpeWakeMask
                0x00000000c000be17                AcpiClearGpe
                0x00000000c000be85                AcpiGetGpeStatus
                0x00000000c000bef6                AcpiDispatchGpe
                0x00000000c000bf11                AcpiFinishGpe
                0x00000000c000bf78                AcpiDisableAllGpes
                0x00000000c000bfb3                AcpiEnableAllRuntimeGpes
                0x00000000c000bfee                AcpiEnableAllWakeupGpes
                0x00000000c000c029                AcpiInstallGpeBlock
                0x00000000c000c179                AcpiRemoveGpeBlock
                0x00000000c000c242                AcpiGetGpeDevice
 .text          0x00000000c000c2b0      0x1f7 acpica/evxfregn.32
                0x00000000c000c2b0                AcpiInstallAddressSpaceHandler
                0x00000000c000c356                AcpiRemoveAddressSpaceHandler
 .text          0x00000000c000c4a7      0x4fd acpica/exconcat.32
                0x00000000c000c544                AcpiExDoConcatenate
                0x00000000c000c8a2                AcpiExConcatTemplate
 .text          0x00000000c000c9a4      0x62b acpica/exconfig.32
                0x00000000c000ca67                AcpiExUnloadTable
                0x00000000c000cb1e                AcpiExLoadTableOp
                0x00000000c000cd3f                AcpiExLoadOp
 .text          0x00000000c000cfcf      0x74e acpica/exconvrt.32
                0x00000000c000cfcf                AcpiExConvertToInteger
                0x00000000c000d12e                AcpiExConvertToBuffer
                0x00000000c000d38c                AcpiExConvertToString
                0x00000000c000d5d6                AcpiExConvertToTargetType
 .text          0x00000000c000d71d      0x52a acpica/excreate.32
                0x00000000c000d71d                AcpiExCreateAlias
                0x00000000c000d79f                AcpiExCreateEvent
                0x00000000c000d822                AcpiExCreateMutex
                0x00000000c000d8cf                AcpiExCreateRegion
                0x00000000c000da2f                AcpiExCreateProcessor
                0x00000000c000dad8                AcpiExCreatePowerResource
                0x00000000c000db6c                AcpiExCreateMethod
 .text          0x00000000c000dc47      0x557 acpica/exdebug.32
                0x00000000c000dc47                AcpiExDoDebugObject
 .text          0x00000000c000e19e        0x0 acpica/exdump.32
 .text          0x00000000c000e19e      0x4d5 acpica/exfield.32
                0x00000000c000e19e                AcpiExGetProtocolBufferLength
                0x00000000c000e1f2                AcpiExReadDataFromField
                0x00000000c000e419                AcpiExWriteDataToField
 .text          0x00000000c000e673      0xed6 acpica/exfldio.32
                0x00000000c000e8b6                AcpiExAccessRegion
                0x00000000c000ea48                AcpiExInsertIntoField
                0x00000000c000f01f                AcpiExWriteWithUpdateRule
                0x00000000c000f211                AcpiExExtractFromField
 .text          0x00000000c000f549      0x664 acpica/exmisc.32
                0x00000000c000f549                AcpiExGetObjectReference
                0x00000000c000f644                AcpiExDoMathOp
                0x00000000c000f815                AcpiExDoLogicalNumericOp
                0x00000000c000f919                AcpiExDoLogicalOp
 .text          0x00000000c000fbad      0x5d0 acpica/exmutex.32
                0x00000000c000fbad                AcpiExUnlinkMutex
                0x00000000c000fc53                AcpiExAcquireMutexObject
                0x00000000c000fd28                AcpiExAcquireMutex
                0x00000000c000fe6f                AcpiExReleaseMutexObject
                0x00000000c000ff0e                AcpiExReleaseMutex
                0x00000000c00100eb                AcpiExReleaseAllMutexes
 .text          0x00000000c001017d      0x457 acpica/exnames.32
                0x00000000c0010355                AcpiExGetNameString
 .text          0x00000000c00105d4     0x1142 acpica/exoparg1.32
                0x00000000c00105d4                AcpiExOpcode_0A_0T_1R
                0x00000000c001068a                AcpiExOpcode_1A_0T_0R
                0x00000000c001078c                AcpiExOpcode_1A_1T_0R
                0x00000000c0010806                AcpiExOpcode_1A_1T_1R
                0x00000000c0010fd6                AcpiExOpcode_1A_0T_1R
 .text          0x00000000c0011716      0x8df acpica/exoparg2.32
                0x00000000c0011716                AcpiExOpcode_2A_0T_0R
                0x00000000c00117e7                AcpiExOpcode_2A_2T_1R
                0x00000000c0011967                AcpiExOpcode_2A_1T_1R
                0x00000000c0011e14                AcpiExOpcode_2A_0T_1R
 .text          0x00000000c0011ff5      0x33c acpica/exoparg3.32
                0x00000000c0011ff5                AcpiExOpcode_3A_0T_0R
                0x00000000c00120f4                AcpiExOpcode_3A_1T_1R
 .text          0x00000000c0012331      0x36c acpica/exoparg6.32
                0x00000000c001243e                AcpiExOpcode_6A_0T_1R
 .text          0x00000000c001269d      0x53f acpica/exprep.32
                0x00000000c0012757                AcpiExPrepCommonFieldObject
                0x00000000c00127ef                AcpiExPrepFieldValue
 .text          0x00000000c0012bdc      0x4b7 acpica/exregion.32
                0x00000000c0012bdc                AcpiExSystemMemorySpaceHandler
                0x00000000c0012ee1                AcpiExSystemIoSpaceHandler
                0x00000000c0012f5e                AcpiExPciConfigSpaceHandler
                0x00000000c0012fef                AcpiExCmosSpaceHandler
                0x00000000c001300d                AcpiExPciBarSpaceHandler
                0x00000000c001302b                AcpiExDataTableSpaceHandler
 .text          0x00000000c0013093      0x360 acpica/exresnte.32
                0x00000000c0013093                AcpiExResolveNodeToValue
 .text          0x00000000c00133f3      0x61b acpica/exresolv.32
                0x00000000c0013634                AcpiExResolveToValue
                0x00000000c00136f4                AcpiExResolveMultiple
 .text          0x00000000c0013a0e      0x7cc acpica/exresop.32
                0x00000000c0013a9b                AcpiExResolveOperands
 .text          0x00000000c00141da      0x3a2 acpica/exserial.32
                0x00000000c00141da                AcpiExReadGpio
                0x00000000c0014224                AcpiExWriteGpio
                0x00000000c0014288                AcpiExReadSerialBus
                0x00000000c00143e0                AcpiExWriteSerialBus
 .text          0x00000000c001457c      0x588 acpica/exstore.32
                0x00000000c0014793                AcpiExStoreObjectToNode
                0x00000000c0014982                AcpiExStore
 .text          0x00000000c0014b04      0x296 acpica/exstoren.32
                0x00000000c0014b04                AcpiExResolveObject
                0x00000000c0014c22                AcpiExStoreObjectToObject
 .text          0x00000000c0014d9a      0x202 acpica/exstorob.32
                0x00000000c0014d9a                AcpiExStoreBufferToBuffer
                0x00000000c0014e91                AcpiExStoreStringToString
 .text          0x00000000c0014f9c      0x206 acpica/exsystem.32
                0x00000000c0014f9c                AcpiExSystemWaitSemaphore
                0x00000000c0014ff6                AcpiExSystemWaitMutex
                0x00000000c0015050                AcpiExSystemDoStall
                0x00000000c001509c                AcpiExSystemDoSleep
                0x00000000c00150f0                AcpiExSystemSignalEvent
                0x00000000c001511f                AcpiExSystemWaitEvent
                0x00000000c0015159                AcpiExSystemResetEvent
 .text          0x00000000c00151a2      0x1ec acpica/extrace.32
                0x00000000c001520d                AcpiExTracePoint
                0x00000000c001521c                AcpiExStartTraceMethod
                0x00000000c00152d3                AcpiExStopTraceMethod
                0x00000000c001535e                AcpiExStartTraceOpcode
                0x00000000c0015376                AcpiExStopTraceOpcode
 .text          0x00000000c001538e      0x525 acpica/exutils.32
                0x00000000c001538e                AcpiExEnterInterpreter
                0x00000000c00153f8                AcpiExExitInterpreter
                0x00000000c0015462                AcpiExTruncateFor32bitTable
                0x00000000c00154c8                AcpiExAcquireGlobalLock
                0x00000000c001551f                AcpiExReleaseGlobalLock
                0x00000000c00155f7                AcpiExEisaIdToString
                0x00000000c0015718                AcpiExIntegerToString
                0x00000000c0015791                AcpiExPciClsToString
                0x00000000c0015886                AcpiIsValidSpaceId
 .text          0x00000000c00158b3      0x1ae acpica/hwacpi.32
                0x00000000c00158b3                AcpiHwGetMode
                0x00000000c001590f                AcpiHwSetMode
 .text          0x00000000c0015a61      0x2a5 acpica/hwesleep.32
                0x00000000c0015a61                AcpiHwExecuteSleepMethod
                0x00000000c0015ad9                AcpiHwExtendedSleep
                0x00000000c0015c28                AcpiHwExtendedWakePrep
                0x00000000c0015c93                AcpiHwExtendedWake
 .text          0x00000000c0015d06      0x55c acpica/hwgpe.32
                0x00000000c0015d06                AcpiHwGetGpeRegisterBit
                0x00000000c0015d30                AcpiHwLowSetGpe
                0x00000000c0015e67                AcpiHwClearGpe
                0x00000000c0015eb5                AcpiHwGetGpeStatus
                0x00000000c0016058                AcpiHwDisableGpeBlock
                0x00000000c00160b4                AcpiHwEnableRuntimeGpeBlock
                0x00000000c00161a1                AcpiHwClearGpeBlock
                0x00000000c0016202                AcpiHwDisableAllGpes
                0x00000000c0016222                AcpiHwEnableAllRuntimeGpes
                0x00000000c0016242                AcpiHwEnableAllWakeupGpes
 .text          0x00000000c0016262      0x338 acpica/hwpci.32
                0x00000000c0016540                AcpiHwDerivePciId
 .text          0x00000000c001659a      0xbfa acpica/hwregs.32
                0x00000000c00167b7                AcpiHwValidateRegister
                0x00000000c00168f8                AcpiHwRead
                0x00000000c0016aee                AcpiHwWrite
                0x00000000c0016c9e                AcpiHwGetBitRegisterInfo
                0x00000000c0016cd8                AcpiHwWritePm1Control
                0x00000000c0016df0                AcpiHwRegisterRead
                0x00000000c0016f9f                AcpiHwRegisterWrite
                0x00000000c0017127                AcpiHwClearAcpiStatus
 .text          0x00000000c0017194      0x417 acpica/hwsleep.32
                0x00000000c0017194                AcpiHwLegacySleep
                0x00000000c00173ef                AcpiHwLegacyWakePrep
                0x00000000c00174e6                AcpiHwLegacyWake
 .text          0x00000000c00175ab      0x1a6 acpica/hwtimer.32
                0x00000000c00175ab                AcpiGetTimerResolution
                0x00000000c00175e0                AcpiGetTimer
                0x00000000c001764f                AcpiGetTimerDuration
 .text          0x00000000c0017751      0x331 acpica/hwvalid.32
                0x00000000c00178ba                AcpiHwReadPort
                0x00000000c00179ac                AcpiHwWritePort
 .text          0x00000000c0017a82      0x47c acpica/hwxface.32
                0x00000000c0017a82                AcpiReset
                0x00000000c0017b1a                AcpiRead
                0x00000000c0017b39                AcpiWrite
                0x00000000c0017b67                AcpiReadBitRegister
                0x00000000c0017be1                AcpiWriteBitRegister
                0x00000000c0017d01                AcpiGetSleepTypeData
 .text          0x00000000c0017efe      0x3c1 acpica/hwxfsleep.32
                0x00000000c0017f70                AcpiSetFirmwareWakingVector
                0x00000000c0017fc5                AcpiEnterSleepStateS4bios
                0x00000000c001810d                AcpiEnterSleepStatePrep
                0x00000000c00181fc                AcpiEnterSleepState
                0x00000000c001826b                AcpiLeaveSleepStatePrep
                0x00000000c0018295                AcpiLeaveSleepState
 .text          0x00000000c00182bf      0x7cd acpica/nsaccess.32
                0x00000000c00182bf                AcpiNsRootInitialize
                0x00000000c0018636                AcpiNsLookup
 .text          0x00000000c0018a8c      0x44a acpica/nsalloc.32
                0x00000000c0018a8c                AcpiNsCreateNode
                0x00000000c0018ac8                AcpiNsDeleteNode
                0x00000000c0018b64                AcpiNsRemoveNode
                0x00000000c0018bcd                AcpiNsInstallNode
                0x00000000c0018c81                AcpiNsDeleteChildren
                0x00000000c0018cf5                AcpiNsDeleteNamespaceSubtree
                0x00000000c0018dab                AcpiNsDeleteNamespaceByOwner
 .text          0x00000000c0018ed6      0x3ca acpica/nsarguments.32
                0x00000000c0018ed6                AcpiNsCheckArgumentTypes
                0x00000000c0018fde                AcpiNsCheckAcpiCompliance
                0x00000000c0019131                AcpiNsCheckArgumentCount
 .text          0x00000000c00192a0      0x5e2 acpica/nsconvert.32
                0x00000000c00192a0                AcpiNsConvertToInteger
                0x00000000c00193b7                AcpiNsConvertToString
                0x00000000c00194ba                AcpiNsConvertToBuffer
                0x00000000c0019613                AcpiNsConvertToUnicode
                0x00000000c00196d7                AcpiNsConvertToResource
                0x00000000c001978b                AcpiNsConvertToReference
 .text          0x00000000c0019882        0x0 acpica/nsdump.32
 .text          0x00000000c0019882        0x0 acpica/nsdumpdv.32
 .text          0x00000000c0019882      0x38e acpica/nseval.32
                0x00000000c0019882                AcpiNsEvaluate
 .text          0x00000000c0019c10      0x6b7 acpica/nsinit.32
                0x00000000c0019e29                AcpiNsInitializeObjects
                0x00000000c0019e8a                AcpiNsInitializeDevices
                0x00000000c001a054                AcpiNsInitOnePackage
 .text          0x00000000c001a2c7       0xdb acpica/nsload.32
                0x00000000c001a2c7                AcpiNsLoadTable
 .text          0x00000000c001a3a2      0x592 acpica/nsnames.32
                0x00000000c001a3a2                AcpiNsHandleToName
                0x00000000c001a415                AcpiNsBuildNormalizedPath
                0x00000000c001a56e                AcpiNsGetPathnameLength
                0x00000000c001a5c5                AcpiNsHandleToPathname
                0x00000000c001a653                AcpiNsGetNormalizedPathname
                0x00000000c001a6d6                AcpiNsGetExternalPathname
                0x00000000c001a7ea                AcpiNsBuildPrefixedPathname
 .text          0x00000000c001a934      0x45a acpica/nsobject.32
                0x00000000c001a934                AcpiNsDetachObject
                0x00000000c001aa20                AcpiNsAttachObject
                0x00000000c001ab8e                AcpiNsGetAttachedObject
                0x00000000c001abf6                AcpiNsGetSecondaryObject
                0x00000000c001ac2c                AcpiNsAttachData
                0x00000000c001acca                AcpiNsDetachData
                0x00000000c001ad42                AcpiNsGetAttachedData
 .text          0x00000000c001ad8e      0x359 acpica/nsparse.32
                0x00000000c001ad8e                AcpiNsExecuteTable
                0x00000000c001af38                AcpiNsOneCompleteParse
                0x00000000c001b0c8                AcpiNsParseTable
 .text          0x00000000c001b0e7      0x3b5 acpica/nspredef.32
                0x00000000c001b1b4                AcpiNsCheckObjectType
                0x00000000c001b385                AcpiNsCheckReturnValue
 .text          0x00000000c001b49c      0x9d3 acpica/nsprepkg.32
                0x00000000c001b9e4                AcpiNsCheckPackage
 .text          0x00000000c001be6f      0x47e acpica/nsrepair.32
                0x00000000c001bed3                AcpiNsRepairNullElement
                0x00000000c001bf8c                AcpiNsRemoveNullElements
                0x00000000c001c020                AcpiNsWrapWithPackage
                0x00000000c001c06e                AcpiNsSimpleRepair
 .text          0x00000000c001c2ed      0x9f8 acpica/nsrepair2.32
                0x00000000c001c6cd                AcpiNsComplexRepairs
 .text          0x00000000c001cce5      0x27a acpica/nssearch.32
                0x00000000c001cce5                AcpiNsSearchOneScope
                0x00000000c001cdad                AcpiNsSearchAndEnter
 .text          0x00000000c001cf5f      0x819 acpica/nsutils.32
                0x00000000c001cf5f                AcpiNsPrintNodePathname
                0x00000000c001cfdf                AcpiNsGetType
                0x00000000c001d017                AcpiNsLocal
                0x00000000c001d065                AcpiNsGetInternalNameLength
                0x00000000c001d13e                AcpiNsBuildInternalName
                0x00000000c001d2e5                AcpiNsInternalizeName
                0x00000000c001d378                AcpiNsExternalizeName
                0x00000000c001d5bc                AcpiNsValidateHandle
                0x00000000c001d5e8                AcpiNsTerminate
                0x00000000c001d639                AcpiNsOpensScope
                0x00000000c001d678                AcpiNsGetNodeUnlocked
                0x00000000c001d72e                AcpiNsGetNode
 .text          0x00000000c001d778      0x264 acpica/nswalk.32
                0x00000000c001d778                AcpiNsGetNextNode
                0x00000000c001d791                AcpiNsGetNextNodeTyped
                0x00000000c001d7e6                AcpiNsWalkNamespace
 .text          0x00000000c001d9dc      0x94e acpica/nsxfeval.32
                0x00000000c001dc48                AcpiEvaluateObject
                0x00000000c001df01                AcpiEvaluateObjectTyped
                0x00000000c001e079                AcpiWalkNamespace
                0x00000000c001e137                AcpiGetDevices
                0x00000000c001e1aa                AcpiAttachData
                0x00000000c001e22d                AcpiDetachData
                0x00000000c001e2a7                AcpiGetData
 .text          0x00000000c001e32a      0x7f2 acpica/nsxfname.32
                0x00000000c001e32a                AcpiGetHandle
                0x00000000c001e3e1                AcpiGetName
                0x00000000c001e4c1                AcpiGetObjectInfo
                0x00000000c001e8d8                AcpiInstallMethod
 .text          0x00000000c001eb1c      0x1f1 acpica/nsxfobj.32
                0x00000000c001eb1c                AcpiGetType
                0x00000000c001ebae                AcpiGetParent
                0x00000000c001ec3c                AcpiGetNextObject
 .text          0x00000000c001ed0d      0xb9c acpica/psargs.32
                0x00000000c001ed88                AcpiPsGetNextPackageEnd
                0x00000000c001edaf                AcpiPsGetNextNamestring
                0x00000000c001ee35                AcpiPsGetNextNamepath
                0x00000000c001f077                AcpiPsGetNextSimpleArg
                0x00000000c001f589                AcpiPsGetNextArg
 .text          0x00000000c001f8a9      0x8ef acpica/psloop.32
                0x00000000c001facc                AcpiPsParseLoop
 .text          0x00000000c0020198      0xb0d acpica/psobject.32
                0x00000000c00202dd                AcpiPsBuildNamedOp
                0x00000000c002049f                AcpiPsCreateOp
                0x00000000c00206fe                AcpiPsCompleteOp
                0x00000000c0020b16                AcpiPsCompleteFinalOp
 .text          0x00000000c0020ca5        0x0 acpica/psopcode.32
 .text          0x00000000c0020ca5       0x97 acpica/psopinfo.32
                0x00000000c0020ca5                AcpiPsGetOpcodeInfo
                0x00000000c0020d0f                AcpiPsGetOpcodeName
                0x00000000c0020d23                AcpiPsGetArgumentCount
 .text          0x00000000c0020d3c      0x936 acpica/psparse.32
                0x00000000c0020d3c                AcpiPsGetOpcodeSize
                0x00000000c0020d56                AcpiPsPeekOpcode
                0x00000000c0020d98                AcpiPsCompleteThisOp
                0x00000000c00210ae                AcpiPsNextParseState
                0x00000000c0021206                AcpiPsParseAml
 .text          0x00000000c0021672      0x1f4 acpica/psscope.32
                0x00000000c0021672                AcpiPsGetParentScope
                0x00000000c0021680                AcpiPsHasCompletedScope
                0x00000000c00216b4                AcpiPsInitScope
                0x00000000c002171a                AcpiPsPushScope
                0x00000000c002179d                AcpiPsPopScope
                0x00000000c0021825                AcpiPsCleanupScope
 .text          0x00000000c0021866      0x218 acpica/pstree.32
                0x00000000c0021866                AcpiPsGetArg
                0x00000000c00218de                AcpiPsAppendArg
                0x00000000c00219b4                AcpiPsGetDepthNext
 .text          0x00000000c0021a7e      0x1cc acpica/psutils.32
                0x00000000c0021a7e                AcpiPsInitOp
                0x00000000c0021a9f                AcpiPsAllocOp
                0x00000000c0021b69                AcpiPsCreateScopeOp
                0x00000000c0021b9e                AcpiPsFreeOp
                0x00000000c0021be1                AcpiPsIsLeadingChar
                0x00000000c0021c07                AcpiPsGetName
                0x00000000c0021c29                AcpiPsSetName
 .text          0x00000000c0021c4a       0x99 acpica/pswalk.32
                0x00000000c0021c4a                AcpiPsDeleteParseTree
 .text          0x00000000c0021ce3      0x4a2 acpica/psxface.32
                0x00000000c0021ce3                AcpiDebugTrace
                0x00000000c0021d3d                AcpiPsExecuteTable
                0x00000000c0021f18                AcpiPsExecuteMethod
 .text          0x00000000c0022185       0xf7 acpica/rsaddr.32
                0x00000000c0022185                AcpiRsGetAddressCommon
                0x00000000c002220d                AcpiRsSetAddressCommon
 .text          0x00000000c002227c      0x7f5 acpica/rscalc.32
                0x00000000c00222f2                AcpiRsGetAmlLength
                0x00000000c00225ac                AcpiRsGetListLength
                0x00000000c0022948                AcpiRsGetPciRoutingTableLength
 .text          0x00000000c0022a71      0x567 acpica/rscreate.32
                0x00000000c0022a71                AcpiBufferToResource
                0x00000000c0022b2c                AcpiRsCreateResourceList
                0x00000000c0022bc8                AcpiRsCreatePciRoutingTable
                0x00000000c0022f4f                AcpiRsCreateAmlResources
 .text          0x00000000c0022fd8        0x0 acpica/rsdump.32
 .text          0x00000000c0022fd8        0x0 acpica/rsdumpinfo.32
 .text          0x00000000c0022fd8        0x0 acpica/rsinfo.32
 .text          0x00000000c0022fd8        0x0 acpica/rsio.32
 .text          0x00000000c0022fd8        0x0 acpica/rsirq.32
 .text          0x00000000c0022fd8      0x2a0 acpica/rslist.32
                0x00000000c0022fd8                AcpiRsConvertAmlToResources
                0x00000000c00230ec                AcpiRsConvertResourcesToAml
 .text          0x00000000c0023278        0x0 acpica/rsmemory.32
 .text          0x00000000c0023278      0xd8c acpica/rsmisc.32
                0x00000000c0023278                AcpiRsConvertAmlToResource
                0x00000000c0023a03                AcpiRsConvertResourceToAml
 .text          0x00000000c0024004        0x0 acpica/rsserial.32
 .text          0x00000000c0024004      0x61c acpica/rsutils.32
                0x00000000c0024004                AcpiRsDecodeBitmask
                0x00000000c0024052                AcpiRsEncodeBitmask
                0x00000000c00240a3                AcpiRsMoveData
                0x00000000c002417b                AcpiRsSetResourceLength
                0x00000000c00241d3                AcpiRsSetResourceHeader
                0x00000000c002424a                AcpiRsGetResourceSource
                0x00000000c0024323                AcpiRsSetResourceSource
                0x00000000c0024388                AcpiRsGetPrtMethodData
                0x00000000c00243db                AcpiRsGetCrsMethodData
                0x00000000c002442e                AcpiRsGetPrsMethodData
                0x00000000c0024481                AcpiRsGetAeiMethodData
                0x00000000c00244d4                AcpiRsGetMethodData
                0x00000000c0024525                AcpiRsSetSrsMethodData
 .text          0x00000000c0024620      0x698 acpica/rsxface.32
                0x00000000c002475f                AcpiGetIrqRoutingTable
                0x00000000c00247a2                AcpiGetCurrentResources
                0x00000000c00247e5                AcpiGetPossibleResources
                0x00000000c0024828                AcpiSetCurrentResources
                0x00000000c002488b                AcpiGetEventResources
                0x00000000c00248ce                AcpiResourceToAddress64
                0x00000000c0024aef                AcpiWalkResourceBuffer
                0x00000000c0024bad                AcpiWalkResources
                0x00000000c0024c62                AcpiGetVendorResource
 .text          0x00000000c0024cb8      0xd8f acpica/tbdata.32
                0x00000000c0024cb8                AcpiTbInitTableDescriptor
                0x00000000c0024d17                AcpiTbAcquireTable
                0x00000000c0024d9f                AcpiTbReleaseTable
                0x00000000c0024e7b                AcpiTbAcquireTempTable
                0x00000000c0024f42                AcpiTbValidateTable
                0x00000000c0024f92                AcpiTbInvalidateTable
                0x00000000c0024fd5                AcpiTbReleaseTempTable
                0x00000000c0024fec                AcpiTbValidateTempTable
                0x00000000c00250d1                AcpiTbVerifyTempTable
                0x00000000c0025297                AcpiTbResizeRootTableList
                0x00000000c0025449                AcpiTbGetNextTableDescriptor
                0x00000000c00254c6                AcpiTbTerminate
                0x00000000c0025566                AcpiTbDeleteNamespaceByOwner
                0x00000000c002561f                AcpiTbAllocateOwnerId
                0x00000000c0025687                AcpiTbReleaseOwnerId
                0x00000000c00256f3                AcpiTbGetOwnerId
                0x00000000c0025759                AcpiTbIsTableLoaded
                0x00000000c00257bd                AcpiTbSetTableLoadedFlag
                0x00000000c0025889                AcpiTbNotifyTable
                0x00000000c00258b5                AcpiTbLoadTable
                0x00000000c002593e                AcpiTbInstallAndLoadTable
                0x00000000c00259b3                AcpiTbUnloadTable
 .text          0x00000000c0025a47      0x8f3 acpica/tbfadt.32
                0x00000000c0026169                AcpiTbCreateLocalFadt
                0x00000000c002620c                AcpiTbParseFadt
 .text          0x00000000c002633a      0x27a acpica/tbfind.32
                0x00000000c002633a                AcpiTbFindTable
 .text          0x00000000c00265b4      0x47b acpica/tbinstal.32
                0x00000000c00265b4                AcpiTbUninstallTable
                0x00000000c0026621                AcpiTbOverrideTable
                0x00000000c00267a7                AcpiTbInstallTableWithOverride
                0x00000000c0026887                AcpiTbInstallStandardTable
 .text          0x00000000c0026a2f      0x2ae acpica/tbprint.32
                0x00000000c0026ad3                AcpiTbPrintTableHeader
                0x00000000c0026c2b                AcpiTbChecksum
                0x00000000c0026c5d                AcpiTbVerifyChecksum
 .text          0x00000000c0026cdd      0x609 acpica/tbutils.32
                0x00000000c0026cdd                AcpiTbInitializeFacs
                0x00000000c0026d81                AcpiTbCheckDsdtHeader
                0x00000000c0026e0b                AcpiTbCopyDsdt
                0x00000000c0026f70                AcpiTbParseRootTable
                0x00000000c0027202                AcpiTbGetTable
                0x00000000c0027281                AcpiTbPutTable
 .text          0x00000000c00272e6      0x62b acpica/tbxface.32
                0x00000000c00272e6                AcpiAllocateRootTable
                0x00000000c0027302                AcpiInitializeTables
                0x00000000c00273cc                AcpiReallocateRootTable
                0x00000000c0027516                AcpiGetTableHeader
                0x00000000c0027696                AcpiGetTable
                0x00000000c0027757                AcpiPutTable
                0x00000000c00277d9                AcpiGetTableByIndex
                0x00000000c0027859                AcpiInstallTableHandler
                0x00000000c00278bb                AcpiRemoveTableHandler
 .text          0x00000000c0027911      0x519 acpica/tbxfload.32
                0x00000000c0027911                AcpiTbLoadNamespace
                0x00000000c0027bb3                AcpiLoadTables
                0x00000000c0027c38                AcpiInstallTable
                0x00000000c0027c88                AcpiLoadTable
                0x00000000c0027ce9                AcpiUnloadParentTable
                0x00000000c0027e01                AcpiUnloadTable
 .text          0x00000000c0027e2a      0x2e0 acpica/tbxfroot.32
                0x00000000c0027e2a                AcpiTbGetRsdpLength
                0x00000000c0027e6a                AcpiTbValidateRsdp
                0x00000000c0027ed8                AcpiTbScanMemoryForRsdp
                0x00000000c0027f20                AcpiFindRootPointer
 .text          0x00000000c002810a      0x31c acpica/utaddress.32
                0x00000000c002810a                AcpiUtAddAddressRange
                0x00000000c00281b4                AcpiUtRemoveAddressRange
                0x00000000c002823b                AcpiUtCheckAddressRange
                0x00000000c00283cc                AcpiUtDeleteAddressLists
 .text          0x00000000c0028426      0x28d acpica/utalloc.32
                0x00000000c0028426                AcpiOsAllocateZeroed
                0x00000000c002845b                AcpiUtCreateCaches
                0x00000000c002851f                AcpiUtDeleteCaches
                0x00000000c00285b3                AcpiUtValidateBuffer
                0x00000000c00285ff                AcpiUtInitializeBuffer
 .text          0x00000000c00286b3       0xeb acpica/utascii.32
                0x00000000c00286b3                AcpiUtValidNameChar
                0x00000000c00286f5                AcpiUtValidNameseg
                0x00000000c0028735                AcpiUtCheckAndRepairAscii
 .text          0x00000000c002879e      0x2b9 acpica/utbuffer.32
                0x00000000c002879e                AcpiUtDumpBuffer
                0x00000000c0028a1f                AcpiUtDebugDumpBuffer
 .text          0x00000000c0028a57      0x2d4 acpica/utcache.32
                0x00000000c0028a57                AcpiOsCreateCache
                0x00000000c0028adf                AcpiOsPurgeCache
                0x00000000c0028b5f                AcpiOsDeleteCache
                0x00000000c0028b96                AcpiOsReleaseObject
                0x00000000c0028c49                AcpiOsAcquireObject
 .text          0x00000000c0028d2b      0x6ff acpica/utclib.32
                0x00000000c0028d2b                memcmp
                0x00000000c0028d83                memmove
                0x00000000c0028df0                memcpy
                0x00000000c0028e67                memset
                0x00000000c0028e90                strlen
                0x00000000c0028eb3                strpbrk
                0x00000000c0028ef5                strtok
                0x00000000c0028f83                strcpy
                0x00000000c0028fb5                strncpy
                0x00000000c0029009                strcmp
                0x00000000c002904b                strchr
                0x00000000c0029074                strncmp
                0x00000000c00290d0                strcat
                0x00000000c0029111                strncat
                0x00000000c002916d                strstr
                0x00000000c00291c0                toupper
                0x00000000c00291e6                tolower
                0x00000000c002920c                simple_strtoul
 .text          0x00000000c002942a      0xaf8 acpica/utcopy.32
                0x00000000c0029787                AcpiUtCopyIobjectToEobject
                0x00000000c00299b9                AcpiUtCopyEobjectToIobject
                0x00000000c0029e87                AcpiUtCopyIobjectToIobject
 .text          0x00000000c0029f22        0x0 acpica/utdebug.32
 .text          0x00000000c0029f22      0x1db acpica/utdecode.32
                0x00000000c0029f22                AcpiUtGetRegionName
                0x00000000c0029f70                AcpiUtGetEventName
                0x00000000c0029f8c                AcpiUtGetTypeName
                0x00000000c0029fa8                AcpiUtGetObjectTypeName
                0x00000000c0029fed                AcpiUtGetNodeName
                0x00000000c002a048                AcpiUtGetDescriptorName
                0x00000000c002a07b                AcpiUtGetReferenceName
                0x00000000c002a0d0                AcpiUtGetMutexName
                0x00000000c002a0ec                AcpiUtValidObjectType
 .text          0x00000000c002a0fd      0x83c acpica/utdelete.32
                0x00000000c002a0fd                AcpiUtRemoveReference
                0x00000000c002a634                AcpiUtUpdateObjectReference
                0x00000000c002a8cb                AcpiUtAddReference
                0x00000000c002a8fc                AcpiUtDeleteInternalObjectList
 .text          0x00000000c002a939      0x28c acpica/uterror.32
                0x00000000c002a939                AcpiUtPredefinedWarning
                0x00000000c002a999                AcpiUtPredefinedInfo
                0x00000000c002a9f9                AcpiUtPredefinedBiosError
                0x00000000c002aa59                AcpiUtPrefixedNamespaceError
                0x00000000c002ab2a                AcpiUtMethodError
 .text          0x00000000c002abc5      0x323 acpica/uteval.32
                0x00000000c002abc5                AcpiUtEvaluateObject
                0x00000000c002ada0                AcpiUtEvaluateNumericObject
                0x00000000c002aded                AcpiUtExecute_STA
                0x00000000c002ae51                AcpiUtExecutePowerMethods
 .text          0x00000000c002aee8      0x124 acpica/utexcep.32
                0x00000000c002aee8                AcpiUtValidateException
                0x00000000c002afca                AcpiFormatException
 .text          0x00000000c002b00c        0x0 acpica/utglobal.32
 .text          0x00000000c002b00c       0xea acpica/uthex.32
                0x00000000c002b00c                AcpiUtHexToAsciiChar
                0x00000000c002b058                AcpiUtAsciiCharToHex
                0x00000000c002b07f                AcpiUtAsciiToHexByte
 .text          0x00000000c002b0f6      0x4eb acpica/utids.32
                0x00000000c002b0f6                AcpiUtExecute_HID
                0x00000000c002b1d6                AcpiUtExecute_UID
                0x00000000c002b2b6                AcpiUtExecute_CID
                0x00000000c002b4af                AcpiUtExecute_CLS
 .text          0x00000000c002b5e1      0x344 acpica/utinit.32
                0x00000000c002b669                AcpiUtInitGlobals
                0x00000000c002b8c8                AcpiUtSubsystemShutdown
 .text          0x00000000c002b925      0x1c7 acpica/utlock.32
                0x00000000c002b925                AcpiUtCreateRwLock
                0x00000000c002b974                AcpiUtDeleteRwLock
                0x00000000c002b9bd                AcpiUtAcquireReadLock
                0x00000000c002ba38                AcpiUtReleaseReadLock
                0x00000000c002baaa                AcpiUtAcquireWriteLock
                0x00000000c002bad0                AcpiUtReleaseWriteLock
 .text          0x00000000c002baec      0x210 acpica/utmath.32
                0x00000000c002baec                AcpiUtShortMultiply
                0x00000000c002bb37                AcpiUtShortShiftLeft
                0x00000000c002bb80                AcpiUtShortShiftRight
                0x00000000c002bbc9                AcpiUtShortDivide
                0x00000000c002bc5a                AcpiUtDivide
 .text          0x00000000c002bcfc      0x2ca acpica/utmisc.32
                0x00000000c002bcfc                AcpiUtIsPciRootBridge
                0x00000000c002bd38                AcpiUtDwordByteSwap
                0x00000000c002bd61                AcpiUtSetIntegerWidth
                0x00000000c002bda2                AcpiUtCreateUpdateStateAndPush
                0x00000000c002bdf7                AcpiUtWalkPackageTree
 .text          0x00000000c002bfc6      0x371 acpica/utmutex.32
                0x00000000c002c031                AcpiUtMutexInitialize
                0x00000000c002c153                AcpiUtMutexTerminate
                0x00000000c002c1d0                AcpiUtAcquireMutex
                0x00000000c002c28b                AcpiUtReleaseMutex
 .text          0x00000000c002c337       0xd0 acpica/utnonansi.32
                0x00000000c002c337                AcpiUtStrlwr
                0x00000000c002c377                AcpiUtStrupr
                0x00000000c002c3b7                AcpiUtStricmp
 .text          0x00000000c002c407      0x5ff acpica/utobject.32
                0x00000000c002c407                AcpiUtValidInternalObject
                0x00000000c002c42b                AcpiUtAllocateObjectDescDbg
                0x00000000c002c474                AcpiUtDeleteObjectDesc
                0x00000000c002c4c9                AcpiUtCreateInternalObjectDbg
                0x00000000c002c56b                AcpiUtCreatePackageObject
                0x00000000c002c5df                AcpiUtCreateIntegerObject
                0x00000000c002c62b                AcpiUtCreateBufferObject
                0x00000000c002c6d2                AcpiUtCreateStringObject
                0x00000000c002c9bd                AcpiUtGetObjectSize
 .text          0x00000000c002ca06      0x4f3 acpica/utosi.32
                0x00000000c002ca06                AcpiUtInitializeInterfaces
                0x00000000c002ca90                AcpiUtInterfaceTerminate
                0x00000000c002cb61                AcpiUtInstallInterface
                0x00000000c002cbfa                AcpiUtRemoveInterface
                0x00000000c002ccd0                AcpiUtUpdateInterfaces
                0x00000000c002cd61                AcpiUtGetInterface
                0x00000000c002cda4                AcpiUtOsiImplementation
 .text          0x00000000c002cef9      0x246 acpica/utownerid.32
                0x00000000c002cef9                AcpiUtAllocateOwnerId
                0x00000000c002d05d                AcpiUtReleaseOwnerId
 .text          0x00000000c002d13f       0xfd acpica/utpredef.32
                0x00000000c002d13f                AcpiUtGetNextPredefinedMethod
                0x00000000c002d169                AcpiUtMatchPredefinedMethod
                0x00000000c002d1bc                AcpiUtGetExpectedReturnTypes
 .text          0x00000000c002d23c      0x9ed acpica/utprint.32
                0x00000000c002d366                AcpiUtScanNumber
                0x00000000c002d3e9                AcpiUtPrintNumber
                0x00000000c002d6bf                vsnprintf
                0x00000000c002dbd8                snprintf
                0x00000000c002dc01                sprintf
 .text          0x00000000c002dc29        0x0 acpica/utresdecode.32
 .text          0x00000000c002dc29      0x3ad acpica/utresrc.32
                0x00000000c002dc29                AcpiUtGetResourceType
                0x00000000c002dc46                AcpiUtGetResourceLength
                0x00000000c002dc79                AcpiUtValidateResource
                0x00000000c002de0c                AcpiUtGetResourceHeaderLength
                0x00000000c002de20                AcpiUtGetDescriptorLength
                0x00000000c002de4d                AcpiUtWalkAmlResources
                0x00000000c002df8c                AcpiUtGetResourceEndTag
 .text          0x00000000c002dfd6      0x1ce acpica/utstate.32
                0x00000000c002dfd6                AcpiUtPushGenericState
                0x00000000c002dfee                AcpiUtPopGenericState
                0x00000000c002e011                AcpiUtCreateGenericState
                0x00000000c002e03d                AcpiUtCreateThreadState
                0x00000000c002e0c3                AcpiUtCreateUpdateState
                0x00000000c002e104                AcpiUtCreatePkgState
                0x00000000c002e150                AcpiUtCreateControlState
                0x00000000c002e180                AcpiUtDeleteGenericState
 .text          0x00000000c002e1a4      0x264 acpica/utstring.32
                0x00000000c002e1a4                AcpiUtPrintString
                0x00000000c002e36d                AcpiUtRepairName
 .text          0x00000000c002e408      0x425 acpica/utstrsuppt.32
                0x00000000c002e408                AcpiUtRemoveLeadingZeros
                0x00000000c002e42e                AcpiUtRemoveWhitespace
                0x00000000c002e463                AcpiUtRemoveHexPrefix
                0x00000000c002e4a0                AcpiUtDetectHexPrefix
                0x00000000c002e4ce                AcpiUtDetectOctalPrefix
                0x00000000c002e6b3                AcpiUtConvertOctalString
                0x00000000c002e72d                AcpiUtConvertDecimalString
                0x00000000c002e7b0                AcpiUtConvertHexString
 .text          0x00000000c002e82d      0x238 acpica/utstrtoul64.32
                0x00000000c002e82d                AcpiUtStrtoul64
                0x00000000c002e93f                AcpiUtImplicitStrtoul64
                0x00000000c002e9bb                AcpiUtExplicitStrtoul64
 .text          0x00000000c002ea65        0x0 acpica/uttrack.32
 .text          0x00000000c002ea65        0x0 acpica/utuuid.32
 .text          0x00000000c002ea65      0x641 acpica/utxface.32
                0x00000000c002ea65                AcpiTerminate
                0x00000000c002ea82                AcpiSubsystemStatus
                0x00000000c002ea9a                AcpiGetSystemInfo
                0x00000000c002eb50                AcpiGetStatistics
                0x00000000c002eba6                AcpiInstallInitializationHandler
                0x00000000c002ebd5                AcpiPurgeCachedObjects
                0x00000000c002ec26                AcpiInstallInterface
                0x00000000c002ece7                AcpiRemoveInterface
                0x00000000c002ed5b                AcpiInstallInterfaceHandler
                0x00000000c002edbf                AcpiUpdateInterfaces
                0x00000000c002ee1c                AcpiCheckAddressRange
                0x00000000c002ee8c                AcpiDecodePldBuffer
 .text          0x00000000c002f0a6      0x245 acpica/utxferror.32
                0x00000000c002f0a6                AcpiError
                0x00000000c002f0ef                AcpiException
                0x00000000c002f15f                AcpiWarning
                0x00000000c002f1a8                AcpiInfo
                0x00000000c002f1e9                AcpiBiosError
                0x00000000c002f232                AcpiBiosException
                0x00000000c002f2a2                AcpiBiosWarning
 .text          0x00000000c002f2eb      0x218 acpica/utxfinit.32
                0x00000000c002f2eb                AcpiInitializeSubsystem
                0x00000000c002f3e9                AcpiEnableSubsystem
                0x00000000c002f4b4                AcpiInitializeObjects
 .text          0x00000000c002f503      0x129 acpica/utxfmutex.32
                0x00000000c002f597                AcpiAcquireMutex
                0x00000000c002f5e8                AcpiReleaseMutex
 .text          0x00000000c002f62c      0xfbf core/malloc.32
                0x00000000c002f797                dlfree
                0x00000000c002faf2                dlmalloc
                0x00000000c003002f                dlrealloc
                0x00000000c00301e4                dlmemalign
                0x00000000c0030307                dlcalloc
                0x00000000c00303a1                dlcfree
                0x00000000c00303a6                dlindependent_calloc
                0x00000000c00303cb                dlindependent_comalloc
                0x00000000c00303e2                dlvalloc
                0x00000000c003040d                dlpvalloc
                0x00000000c0030443                dlmalloc_trim
                0x00000000c0030450                dlmalloc_usable_size
                0x00000000c0030481                dlmallinfo
                0x00000000c0030550                dlmalloc_stats
                0x00000000c0030561                dlmallopt
 .text          0x00000000c00305eb        0x0 libk/string.32
 .text          0x00000000c00305eb       0x51 fs/fat/diskio.32
                0x00000000c00305eb                disk_status
                0x00000000c00305ee                disk_initialize
                0x00000000c00305f1                disk_read
                0x00000000c0030607                disk_write
                0x00000000c003061d                disk_ioctl
 .text          0x00000000c003063c     0x6833 fs/fat/ff.32
                0x00000000c003390a                f_mount
                0x00000000c003396c                f_open
                0x00000000c0033da8                f_read
                0x00000000c0034028                f_write
                0x00000000c00342e2                f_sync
                0x00000000c00344be                f_close
                0x00000000c00344ed                f_lseek
                0x00000000c00349a4                f_opendir
                0x00000000c0034aa6                f_closedir
                0x00000000c0034ac8                f_readdir
                0x00000000c0034b63                f_stat
                0x00000000c0034bf2                f_getfree
                0x00000000c0034dbd                f_truncate
                0x00000000c0034eb5                f_unlink
                0x00000000c0035038                f_mkdir
                0x00000000c0035264                f_rename
                0x00000000c0035557                f_chmod
                0x00000000c0035635                f_utime
                0x00000000c0035713                f_getlabel
                0x00000000c0035901                f_setlabel
                0x00000000c0035b6e                f_forward
                0x00000000c0035d4c                f_mkfs
 .text          0x00000000c0036e6f       0x2d fs/fat/ffsystem.32
                0x00000000c0036e6f                ff_memalloc
                0x00000000c0036e85                ff_memfree
 .text          0x00000000c0036e9c      0x253 fs/fat/ffunicode.32
                0x00000000c0036e9c                ff_uni2oem
                0x00000000c0036f2c                ff_oem2uni
                0x00000000c0036f98                ff_wtoupper
 .text          0x00000000c00370ef      0x70e hal/libresample/samplerate.32
                0x00000000c0037177                src_delete
                0x00000000c00371b3                src_process
                0x00000000c00372db                src_callback_read
                0x00000000c003743c                src_set_ratio
                0x00000000c0037493                src_get_channels
                0x00000000c00374b5                src_reset
                0x00000000c00374f9                src_new
                0x00000000c0037587                src_callback_new
                0x00000000c00375e9                src_get_name
                0x00000000c0037620                src_get_description
                0x00000000c0037657                src_get_version
                0x00000000c003765d                src_is_valid_ratio
                0x00000000c0037677                src_error
                0x00000000c0037685                src_strerror
                0x00000000c0037698                src_simple
                0x00000000c00376eb                src_short_to_float_array
                0x00000000c0037711                src_float_to_short_array
                0x00000000c0037775                src_int_to_float_array
                0x00000000c003779b                src_float_to_int_array
 .text          0x00000000c00377fd      0x3fd hal/libresample/src_linear.32
                0x00000000c0037b55                linear_get_name
                0x00000000c0037b64                linear_get_description
                0x00000000c0037b73                linear_set_converter
 .text          0x00000000c0037bfa     0x1b46 hal/libresample/src_sinc.32
                0x00000000c0039550                sinc_get_name
                0x00000000c0039563                sinc_get_description
                0x00000000c0039576                sinc_set_converter
 .text          0x00000000c0039740      0x3d3 hal/libresample/src_zoh.32
                0x00000000c0039a6e                zoh_get_name
                0x00000000c0039a7d                zoh_get_description
                0x00000000c0039a8c                zoh_set_converter
 .text          0x00000000c0039b13     0x10e0 acpica/osl.32
                0x00000000c0039b13                Subhandler
                0x00000000c0039b4f                isblank
                0x00000000c0039b67                iscntrl
                0x00000000c0039b7f                isdigit
                0x00000000c0039b97                islower
                0x00000000c0039baf                isspace
                0x00000000c0039bd0                isupper
                0x00000000c0039be8                isalpha
                0x00000000c0039c12                isalnum
                0x00000000c0039c3c                ispunct
                0x00000000c0039c76                isgraph
                0x00000000c0039ca0                isprint
                0x00000000c0039cc1                isxdigit
                0x00000000c0039cf7                AcpiOsInitialize
                0x00000000c0039cfd                AcpiOsTerminate
                0x00000000c0039d03                AcpiOsGetRootPointer
                0x00000000c0039d32                AcpiOsPredefinedOverride
                0x00000000c0039d56                AcpiOsTableOverride
                0x00000000c0039d66                AcpiOsPhysicalTableOverride
                0x00000000c0039d7d                AcpiOsReadPort
                0x00000000c0039e25                AcpiOsWritePort
                0x00000000c0039ec1                AcpiOsGetTimer
                0x00000000c0039ee1                AcpiOsWaitEventsComplete
                0x00000000c0039ef9                AcpiOsReadPciConfiguration
                0x00000000c0039fcd                AcpiOsWritePciConfiguration
                0x00000000c003a0c2                AcpiOsSignal
                0x00000000c003a0f8                AcpiOsReadMemory
                0x00000000c003a1c4                AcpiOsEnterSleep
                0x00000000c003a1d7                AcpiOsWriteMemory
                0x00000000c003a28b                AcpiOsMapMemory
                0x00000000c003a3c4                AcpiOsUnmapMemory
                0x00000000c003a3c6                AcpiOsGetPhysicalAddress
                0x00000000c003a3f6                AcpiOsAllocate
                0x00000000c003a414                AcpiOsFree
                0x00000000c003a42b                AcpiOsReadable
                0x00000000c003a444                AcpiOsWritable
                0x00000000c003a45d                AcpiOsGetThreadId
                0x00000000c003a468                AcpiOsExecute
                0x00000000c003a484                AcpiOsSleep
                0x00000000c003a4ca                AcpiOsStall
                0x00000000c003a524                AcpiOsCreateSemaphore
                0x00000000c003a56b                AcpiOsDeleteSemaphore
                0x00000000c003a588                AcpiOsWaitSemaphore
                0x00000000c003a65c                AcpiOsSignalSemaphore
                0x00000000c003a685                AcpiOsCreateLock
                0x00000000c003a6b2                AcpiOsDeleteLock
                0x00000000c003a6b4                AcpiOsAcquireLock
                0x00000000c003a6ca                AcpiOsReleaseLock
                0x00000000c003a6e5                AcpiOsInstallInterruptHandler
                0x00000000c003a744                AcpiOsRemoveInterruptHandler
                0x00000000c003a760                __i__int_str
                0x00000000c003ab1d                __i_displayCharacter
                0x00000000c003ab7c                __i_displayString
                0x00000000c003abca                __i_internal_printf
                0x00000000c003abd0                AcpiOsVprintf
                0x00000000c003abd2                AcpiOsPrintf
 *fill*         0x00000000c003abf3        0x1 
 .text          0x00000000c003abf4      0x68d core/computer.32
                0x00000000c003abf4                Computer::close(int, int, void*)
                0x00000000c003ac38                Computer::Computer()
                0x00000000c003ac38                Computer::Computer()
                0x00000000c003ad94                Computer::setBootMessage(char const*)
                0x00000000c003ad96                Computer::start()
                0x00000000c003ae70                firstTask()
                0x00000000c003ae7e                Computer::detectFeatures()
                0x00000000c003b058                Computer::displayFeatures()
                0x00000000c003b05a                Computer::rdmsr(unsigned int)
                0x00000000c003b086                Computer::wrmsr(unsigned int, unsigned long long)
                0x00000000c003b0be                Computer::nmiEnabled()
                0x00000000c003b0ca                Computer::readCMOS(unsigned char)
                0x00000000c003b0e4                Computer::enableNMI(bool)
                0x00000000c003b0fc                Computer::open(int, int, void*)
                0x00000000c003b1c4                Computer::disableNMI()
                0x00000000c003b1d2                Computer::writeCMOS(unsigned char, unsigned char)
                0x00000000c003b1f0                Computer::handleNMI()
                0x00000000c003b256                Computer::setDiskActivityLight(int, bool)
 .text          0x00000000c003b281      0xe65 core/elf.32
                0x00000000c003b281                allocateMemoryForTask(Process*, File*, unsigned long, unsigned long, unsigned long)
                0x00000000c003b4fe                loadProgramIntoMemory(Process*, char const*)
                0x00000000c003b722                runtimeReferenceHelper()
                0x00000000c003b735                getAddressOfKernelSymbol(char const*)
                0x00000000c003b784                loadKernelSymbolTable(char const*)
                0x00000000c003ba4c                loadDriverIntoMemory(char const*, unsigned long)
                0x00000000c003c00f                loadDLL(char const*)
                0x00000000c003c0d8                executeDLL(unsigned long, void*)
 .text          0x00000000c003c0e6      0x1b7 core/gdt.32
                0x00000000c003c0e6                GDTEntry::setBase(unsigned int)
                0x00000000c003c102                GDTEntry::setLimit(unsigned int)
                0x00000000c003c120                GDT::GDT()
                0x00000000c003c120                GDT::GDT()
                0x00000000c003c136                GDT::addEntry(GDTEntry)
                0x00000000c003c172                GDT::getNumberOfEntries()
                0x00000000c003c17a                GDT::flush()
                0x00000000c003c19c                GDT::setup()
 .text          0x00000000c003c29d       0x61 core/idle.32
                0x00000000c003c29d                idleFunction(void*)
 .text          0x00000000c003c2fe      0x45f core/idt.32
                0x00000000c003c2fe                IDTEntry::IDTEntry(bool)
                0x00000000c003c2fe                IDTEntry::IDTEntry(bool)
                0x00000000c003c36c                IDTEntry::setOffset(unsigned int)
                0x00000000c003c380                IDT::IDT()
                0x00000000c003c380                IDT::IDT()
                0x00000000c003c382                IDT::getPointerToInvalidOpcodeEntryForF00F()
                0x00000000c003c38a                IDT::addEntry(IDTEntry, int)
                0x00000000c003c3a4                IDT::addEntry(int, void (*)(), bool)
                0x00000000c003c3dc                IDT::flush()
                0x00000000c003c3f6                IDT::setup()
 .text          0x00000000c003c75d      0x519 core/kconsole.32
                0x00000000c003c75d                stringifyxWithBase(unsigned int, char*, int)
                0x00000000c003c7be                logc(char)
                0x00000000c003c7d5                logs(char*)
                0x00000000c003c7f2                logWriteInt(unsigned int)
                0x00000000c003c80f                logWriteIntBase(unsigned int, int)
                0x00000000c003c82e                kprintf(char const*, ...)
                0x00000000c003c94c                panic(char const*)
 .text          0x00000000c003cc76      0x20d core/kheap.32
                0x00000000c003cc76                sbrk
                0x00000000c003cd8e                mmap
                0x00000000c003cda4                munmap
                0x00000000c003cdba                liballoc_lock()
                0x00000000c003cdcb                liballoc_unlock()
                0x00000000c003cddc                liballoc_alloc(int)
                0x00000000c003cdf7                liballoc_free(void*, int)
                0x00000000c003ce15                realloc
                0x00000000c003ce29                malloc
                0x00000000c003ce39                free
                0x00000000c003ce49                rfree
                0x00000000c003ce59                calloc
 .text          0x00000000c003ce83      0x38d core/main.32
                0x00000000c003ce83                hwTextMode_loadInData(VgaText*)
                0x00000000c003cec8                hwTextMode_loadInTitle(VgaText*, char*)
                0x00000000c003cf0a                hwTextMode_showCursor(VgaText*, bool)
                0x00000000c003cf5e                hwTextMode_update(VgaText*)
                0x00000000c003cf5f                hwTextMode_updateCursor(VgaText*)
                0x00000000c003cfa7                hwTextMode_disableBlink(VgaText*, bool)
                0x00000000c003cfe3                hwTextMode_scrollScreen(VgaText*)
                0x00000000c003d069                hwTextMode_writeCharacter(VgaText*, char, VgaColour, VgaColour, int, int)
                0x00000000c003d0c7                setupTextMode()
                0x00000000c003d118                kernel_main
 .text          0x00000000c003d210      0x46c core/physmgr.32
                0x00000000c003d210                PhysMem::allocateDMA(unsigned long)
                0x00000000c003d2b3                PhysMem::freeDMA(unsigned long, unsigned long)
                0x00000000c003d2fb                PhysMem::setPageState(unsigned long, bool)
                0x00000000c003d32d                PhysMem::getPageState(unsigned long)
                0x00000000c003d349                PhysMem::freePage(unsigned long)
                0x00000000c003d3d3                PhysMem::allocatePage()
                0x00000000c003d48f                PhysMem::allowSegmentToBeUsed(unsigned long, unsigned long)
                0x00000000c003d4c7                PhysMem::physicalMemorySetup(unsigned int)
 .text          0x00000000c003d67c      0x273 core/pipe.32
                0x00000000c003d67c                Pipe::isAtty()
                0x00000000c003d680                Pipe::~Pipe()
                0x00000000c003d680                Pipe::~Pipe()
                0x00000000c003d6a4                Pipe::~Pipe()
                0x00000000c003d6cc                Pipe::read(unsigned long long, void*, int*)
                0x00000000c003d7c0                Pipe::write(unsigned long long, void*, int*)
                0x00000000c003d888                Pipe::Pipe(int)
                0x00000000c003d888                Pipe::Pipe(int)
 *fill*         0x00000000c003d8ef        0x1 
 .text          0x00000000c003d8f0     0x114c core/prcssthr.32
                0x00000000c003d8f0                changeTSS
                0x00000000c003d91e                Process::addArgs(char**)
                0x00000000c003d978                Process::Process(char const*, Process*, char**)
                0x00000000c003d978                Process::Process(char const*, Process*, char**)
                0x00000000c003db30                Process::Process(bool, char const*, Process*, char**)
                0x00000000c003db30                Process::Process(bool, char const*, Process*, char**)
                0x00000000c003dcb3                disableIRQs()
                0x00000000c003dcbb                getIRQNestingLevel()
                0x00000000c003dcc1                enableIRQs()
                0x00000000c003dcd0                lockScheduler()
                0x00000000c003dcd2                unlockScheduler()
                0x00000000c003dcd4                userModeEntryPoint(void*)
                0x00000000c003dcf7                lockStuff()
                0x00000000c003dd03                taskStartupFunction
                0x00000000c003dd0c                updateTimeUsed()
                0x00000000c003dd6a                switchToThread(ThreadControlBlock*)
                0x00000000c003ddba                Semaphore::Semaphore(int)
                0x00000000c003ddba                Semaphore::Semaphore(int)
                0x00000000c003dde8                Mutex::Mutex()
                0x00000000c003dde8                Mutex::Mutex()
                0x00000000c003ddfa                Process::createThread(void (*)(void*), void*, int)
                0x00000000c003dede                Process::createUserThread()
                0x00000000c003defa                setupMultitasking(void (*)())
                0x00000000c003e004                schedule()
                0x00000000c003e089                unlockStuff()
                0x00000000c003e0be                forkProcess(regs*)
                0x00000000c003e22c                Semaphore::tryAcquire()
                0x00000000c003e25a                Semaphore::assertLocked(char const*)
                0x00000000c003e28d                blockTaskWithSchedulerLockAlreadyHeld(TaskState)
                0x00000000c003e2cf                blockTask(TaskState)
                0x00000000c003e2f0                waitTask(int, int*, int)
                0x00000000c003e332                nanoSleepUntil(unsigned long long)
                0x00000000c003e389                nanoSleep(unsigned long long)
                0x00000000c003e39e                sleep(unsigned long long)
                0x00000000c003e3bc                Semaphore::acquire()
                0x00000000c003e424                execveProcess(char const*, char* const*, char* const*)
                0x00000000c003e4b2                taskReturned
                0x00000000c003e4ec                unblockTask(ThreadControlBlock*)
                0x00000000c003e59b                cleanupTerminatedTask(ThreadControlBlock*)
                0x00000000c003e838                cleanerTaskFunction(void*)
                0x00000000c003e8c8                terminateTask(int)
                0x00000000c003e950                Semaphore::release()
 .text          0x00000000c003ea3c      0xe66 core/syscalls.32
                0x00000000c003ea3c                sysCallGetPID(regs*)
                0x00000000c003ea48                sysCallSeekDir(regs*)
                0x00000000c003ea4d                sysCallTellDir(regs*)
                0x00000000c003ea52                sysCallVerify(regs*)
                0x00000000c003ea5c                sysCallGetArgc(regs*)
                0x00000000c003ea6c                sysFormatDisk(regs*)
                0x00000000c003ead6                sysSetDiskVolumeLabel(regs*)
                0x00000000c003eb1c                sysGetDiskVolumeLabel(regs*)
                0x00000000c003eb6d                sysShutdown(regs*)
                0x00000000c003ebb5                sysCallWrite(regs*)
                0x00000000c003ec23                sysCallRead(regs*)
                0x00000000c003ec91                sysCallReadDir(regs*)
                0x00000000c003ed00                sysCallIsATTY(regs*)
                0x00000000c003ed53                sysCallGetCwd(regs*)
                0x00000000c003ed72                sysCallSetCwd(regs*)
                0x00000000c003ed8e                sysCallRealpath(regs*)
                0x00000000c003edd1                sysCallOpen(regs*)
                0x00000000c003eec1                sysCallSeek(regs*)
                0x00000000c003ef12                sysCallTell(regs*)
                0x00000000c003ef5e                sysCallSizeFromFilename(regs*)
                0x00000000c003efd7                sysCallSize(regs*)
                0x00000000c003f029                sysCallClose(regs*)
                0x00000000c003f077                sysCallOpenDir(regs*)
                0x00000000c003f0e4                sysCallMakeDir(regs*)
                0x00000000c003f13d                sysCallCloseDir(regs*)
                0x00000000c003f18b                sysCallWait(regs*)
                0x00000000c003f1a5                sysCallFork(regs*)
                0x00000000c003f1c1                sysCallExecve(regs*)
                0x00000000c003f216                sysCallRmdir(regs*)
                0x00000000c003f268                sysCallUnlink(regs*)
                0x00000000c003f2ba                sysCallGetArgv(regs*)
                0x00000000c003f306                sysCallTTYName(regs*)
                0x00000000c003f382                sysCallGetEnv(regs*)
                0x00000000c003f3d4                sysCallUSleep(regs*)
                0x00000000c003f3fb                sysCallSpawn(regs*)
                0x00000000c003f46b                sysAppSettings(regs*)
                0x00000000c003f58a                sysSetFatAttrib(regs*)
                0x00000000c003f5ea                sysPanic(regs*)
                0x00000000c003f610                sysPipe(regs*)
                0x00000000c003f655                sysGetUnixTime(regs*)
                0x00000000c003f669                string_ends_with(char const*, char const*)
                0x00000000c003f6b1                setupSystemCalls()
                0x00000000c003f860                systemCall(regs*, void*)
 .text          0x00000000c003f8a2      0xf65 core/terminal.32
                0x00000000c003f8a2                VgaText::isAtty()
                0x00000000c003f8a6                VgaText::~VgaText()
                0x00000000c003f8a6                VgaText::~VgaText()
                0x00000000c003f8ca                VgaText::~VgaText()
                0x00000000c003f8f4                VgaText::read(unsigned long long, void*, int*)
                0x00000000c003f914                setTerminalScrollLock(bool)
                0x00000000c003f915                addToTerminalCycle(VgaText*)
                0x00000000c003f942                installVgaTextImplementation()
                0x00000000c003f957                scrollTerminalScrollLock(int)
                0x00000000c003f958                VgaText::load()
                0x00000000c003f9ac                VgaText::updateCursor()
                0x00000000c003f9c6                VgaText::showCursor(bool)
                0x00000000c003f9d6                VgaText::disableBlink(bool)
                0x00000000c003fa10                VgaText::doANSI_SGR(int)
                0x00000000c003fa9c                VgaText::setDefaultBgColour(VgaColour)
                0x00000000c003fab2                VgaText::setDefaultFgColour(VgaColour)
                0x00000000c003fac8                VgaText::setDefaultColours(VgaColour, VgaColour)
                0x00000000c003fae8                VgaText::combineColours(unsigned char, unsigned char)
                0x00000000c003fafa                VgaText::scrollScreen()
                0x00000000c003fb8e                VgaText::combineCharAndColour(char, unsigned char)
                0x00000000c003fba0                VgaText::writeCharacter(char, VgaColour, VgaColour, int, int)
                0x00000000c003fc00                VgaText::getCursorX()
                0x00000000c003fc0c                VgaText::getCursorY()
                0x00000000c003fc18                VgaText::setCursor(int, int)
                0x00000000c003fc36                VgaText::setCursorX(int)
                0x00000000c003fc52                VgaText::setCursorY(int)
                0x00000000c003fc6e                VgaText::incrementCursor(bool)
                0x00000000c003fcd6                VgaText::updateRAMUsageDisplay(int)
                0x00000000c003fd30                VgaText::updateDiskUsage()
                0x00000000c003fe96                VgaText::updateTitle()
                0x00000000c003fedc                VgaText::setTitleTextColour(VgaColour)
                0x00000000c003feec                VgaText::setTitleColour(VgaColour)
                0x00000000c003fefc                VgaText::setTitle(char*)
                0x00000000c003ff22                VgaText::decrementCursor(bool)